Labgrid Console Logfile for main
Logfile started at 2024-12-14 22:21:20.322327
=== Log starts here ===
ding args
spl_load_image_fat_os: error reading image args, err - -1
reading u-boot.img
reading u-boot.img


U-Boot 2014.04-00014-g47880f5 (Apr 22 2014 - 13:23:54)

I2C:   ready
DRAM:  512 MiB
NAND:  0 MiB
MMC:   OMAP SD/MMC: 0, OMAP SD/MMC: 1
*** Warning - readenv() failed, using default environment

Net:   <ethaddr> not set. Validating first E-fuse MAC
cpsw, usb_ether
Hit any key to stop autoboot:  1  0 
gpio: pin 53 (gpio 53) value is 1
mmc0 is current device
gpio: pin 54 (gpio 54) value is 1
SD/MMC found on device 0
reading uEnv.txt
584 bytes read in 3 ms (189.5 KiB/s)
gpio: pin 55 (gpio 55) value is 1
Loaded environment from uEnv.txt
Importing environment from mmc ...
Checking if uenvcmd is set ...
gpio: pin 56 (gpio 56) value is 1
Running uenvcmd ...
cpsw Waiting for PHY auto negotiation to complete. done
link up on port 0, speed 100, full duplex
Using cpsw device
TFTP from server 192.168.255.126; our IP address is 192.168.255.1
Filename 'zImage'.
Load address: 0x81000000
Loading: *#################################################################
	 #################################################################
	 #################################################################
	 #################################################################
	 #################################################################
	 ############################
	 2.4 MiB/s
done
Bytes transferred = 5170864 (4ee6b0 hex)
link up on port 0, speed 100, full duplex
Using cpsw device
TFTP from server 192.168.255.126; our IP address is 192.168.255.1
Filename 'am335x-boneblack.dtb'.
Load address: 0x82000000
Loading: *#######
	 2.2 MiB/s
done
Bytes transferred = 97630 (17d5e hex)
Kernel image @ 0x81000000 [ 0x000000 - 0x4ee6b0 ]
## Flattened Device Tree blob at 82000000
   Booting using the fdt blob at 0x82000000
   Using Device Tree in place at 82000000, end 8201ad5d

Starting kernel ...

[    0.000000] Booting Linux on physical CPU 0x0
[    0.000000] Linux version 6.1.120 (user01@drvtest01) (arm-linux-gnueabihf-gcc (Linaro GCC 6.4-2017.11) 6.4.1 20171012, GNU ld (Linaro_Binutils-2017.11) 2.27.0.20161229) #11 SMP Sat Dec 14 22:11:15 EET 2024
[    0.000000] CPU: ARMv7 Processor [413fc082] revision 2 (ARMv7), cr=10c5387d
[    0.000000] CPU: PIPT / VIPT nonaliasing data cache, VIPT aliasing instruction cache
[    0.000000] OF: fdt: Machine model: TI AM335x BeagleBone Black
[    0.000000] earlycon: omap8250 at MMIO 0x44e09000 (options '')
[    0.000000] printk: bootconsole [omap8250] enabled
[    0.000000] Memory policy: Data cache writeback
[    0.000000] cma: Reserved 16 MiB at 0x9ec00000
[    0.000000] Zone ranges:
[    0.000000]   Normal   [mem 0x0000000080000000-0x000000009fdfffff]
[    0.000000]   HighMem  empty
[    0.000000] Movable zone start for each node
[    0.000000] Early memory node ranges
[    0.000000]   node   0: [mem 0x0000000080000000-0x000000009fdfffff]
[    0.000000] Initmem setup node 0 [mem 0x0000000080000000-0x000000009fdfffff]
[    0.000000] CPU: All CPU(s) started in SVC mode.
[    0.000000] AM335X ES2.1 (sgx neon)
[    0.000000] percpu: Embedded 16 pages/cpu s34196 r8192 d23148 u65536
[    0.000000] pcpu-alloc: s34196 r8192 d23148 u65536 alloc=16*4096
[    0.000000] pcpu-alloc: [0] 0 
[    0.000000] Built 1 zonelists, mobility grouping on.  Total pages: 129412
[    0.000000] Kernel command line: console=ttyO0,115200n8 debug earlycon root=/dev/nfs rw nfsroot=192.168.255.126:/home/user01/nfs,nfsvers=3 ip=192.168.255.1:192.168.255.126::255.255.255.0:bbb1:eth0 nfsrootdebug
[    0.000000] Unknown kernel command line parameters "nfsrootdebug", will be passed to user space.
[    0.000000] Dentry cache hash table entries: 65536 (order: 6, 262144 bytes, linear)
[    0.000000] Inode-cache hash table entries: 32768 (order: 5, 131072 bytes, linear)
[    0.000000] mem auto-init: stack:off, heap alloc:off, heap free:off
[    0.000000] Memory: 484644K/522240K available (10240K kernel code, 1143K rwdata, 2604K rodata, 1024K init, 287K bss, 21212K reserved, 16384K cma-reserved, 0K highmem)
[    0.000000] SLUB: HWalign=64, Order=0-3, MinObjects=0, CPUs=1, Nodes=1
[    0.000000] trace event string verifier disabled
[    0.000000] rcu: Hierarchical RCU implementation.
[    0.000000] rcu: 	RCU event tracing is enabled.
[    0.000000] rcu: 	RCU restricting CPUs from NR_CPUS=2 to nr_cpu_ids=1.
[    0.000000] rcu: RCU calculated value of scheduler-enlistment delay is 10 jiffies.
[    0.000000] rcu: Adjusting geometry for rcu_fanout_leaf=16, nr_cpu_ids=1
[    0.000000] NR_IRQS: 16, nr_irqs: 16, preallocated irqs: 16
[    0.000000] IRQ: Found an INTC at 0x(ptrval) (revision 5.0) with 128 interrupts
[    0.000000] rcu: srcu_init: Setting srcu_struct sizes based on contention.
[    0.000000] TI gptimer clocksource: always-on /ocp/interconnect@44c00000/segment@200000/target-module@31000
[    0.000002] sched_clock: 32 bits at 24MHz, resolution 41ns, wraps every 89478484971ns
[    0.008071] clocksource: dmtimer: mask: 0xffffffff max_cycles: 0xffffffff, max_idle_ns: 79635851949 ns
[    0.018069] TI gptimer clockevent: 24000000 Hz at /ocp/interconnect@48000000/segment@0/target-module@40000
[    0.029579] Console: colour dummy device 80x30
[    0.034197] WARNING: Your 'console=ttyO0' has been replaced by 'ttyS0'
[    0.041008] This ensures that you still see kernel messages. Please
[    0.047456] update your kernel commandline.
[    0.051811] Calibrating delay loop... 996.14 BogoMIPS (lpj=4980736)
[    0.094547] CPU: Testing write buffer coherency: ok
[    0.099663] CPU0: Spectre v2: using BPIALL workaround
[    0.104864] pid_max: default: 32768 minimum: 301
[    0.109754] LSM: Security Framework initializing
[    0.114683] Mount-cache hash table entries: 1024 (order: 0, 4096 bytes, linear)
[    0.122249] Mountpoint-cache hash table entries: 1024 (order: 0, 4096 bytes, linear)
[    0.131778] CPU0: thread -1, cpu 0, socket -1, mpidr 0
[    0.138481] Setting up static identity map for 0x80100000 - 0x80100078
[    0.145462] rcu: Hierarchical SRCU implementation.
[    0.150438] rcu: 	Max phase no-delay instances is 1000.
[    0.157173] smp: Bringing up secondary CPUs ...
[    0.161932] smp: Brought up 1 node, 1 CPU
[    0.166062] SMP: Total of 1 processors activated (996.14 BogoMIPS).
[    0.172532] CPU: All CPU(s) started in SVC mode.
[    0.178292] devtmpfs: initialized
[    0.197149] VFP support v0.3: implementor 41 architecture 3 part 30 variant c rev 3
[    0.205481] clocksource: jiffies: mask: 0xffffffff max_cycles: 0xffffffff, max_idle_ns: 19112604462750000 ns
[    0.215675] futex hash table entries: 256 (order: 2, 16384 bytes, linear)
[    0.223957] pinctrl core: initialized pinctrl subsystem
[    0.231578] NET: Registered PF_NETLINK/PF_ROUTE protocol family
[    0.239807] DMA: preallocated 256 KiB pool for atomic coherent allocations
[    0.247482] audit: initializing netlink subsys (disabled)
[    0.254371] thermal_sys: Registered thermal governor 'fair_share'
[    0.254393] thermal_sys: Registered thermal governor 'step_wise'
[    0.260749] thermal_sys: Registered thermal governor 'user_space'
[    0.267024] audit: type=2000 audit(0.220:1): state=initialized audit_enabled=0 res=1
[    0.281378] cpuidle: using governor menu
[    0.302017] /ocp/interconnect@44c00000/segment@200000/target-module@b000/i2c@0/tda19988@70: Fixed dependency cycle(s) with /ocp/interconnect@48000000/segment@300000/target-module@e000/lcdc@0
[    0.320660] /ocp/interconnect@48000000/segment@300000/target-module@e000/lcdc@0: Fixed dependency cycle(s) with /ocp/interconnect@44c00000/segment@200000/target-module@b000/i2c@0/tda19988@70
[    0.340229] No ATAGs?
[    0.342587] hw-breakpoint: debug architecture 0x4 unsupported.
[    0.357947] kprobes: kprobe jump-optimization is enabled. All kprobes are optimized if possible.
[    0.381058] reg-fixed-voltage fixedregulator0: GPIO lookup for consumer (null)
[    0.388662] reg-fixed-voltage fixedregulator0: using device tree for GPIO lookup
[    0.396292] of_get_named_gpiod_flags: can't parse 'gpios' property of node '/fixedregulator0[0]'
[    0.405393] of_get_named_gpiod_flags: can't parse 'gpio' property of node '/fixedregulator0[0]'
[    0.414383] reg-fixed-voltage fixedregulator0: using lookup tables for GPIO lookup
[    0.422194] reg-fixed-voltage fixedregulator0: No GPIO consumer (null) found
[    0.430702] iommu: Default domain type: Translated 
[    0.435734] iommu: DMA domain TLB invalidation policy: strict mode 
[    0.443736] SCSI subsystem initialized
[    0.524659] libata version 3.00 loaded.
[    0.529025] pps_core: LinuxPPS API ver. 1 registered
[    0.534140] pps_core: Software ver. 5.3.6 - Copyright 2005-2007 Rodolfo Giometti <giometti@linux.it>
[    0.543603] PTP clock support registered
[    0.580633] vgaarb: loaded
[    0.583807] clocksource: Switched to clocksource dmtimer
[    0.589980] VFS: Disk quotas dquot_6.6.0
[    0.594174] VFS: Dquot-cache hash table entries: 1024 (order 0, 4096 bytes)
[    0.658554] NET: Registered PF_INET protocol family
[    0.664031] IP idents hash table entries: 8192 (order: 4, 65536 bytes, linear)
[    0.672833] tcp_listen_portaddr_hash hash table entries: 512 (order: 0, 4096 bytes, linear)
[    0.681531] Table-perturb hash table entries: 65536 (order: 6, 262144 bytes, linear)
[    0.689542] TCP established hash table entries: 4096 (order: 2, 16384 bytes, linear)
[    0.697575] TCP bind hash table entries: 4096 (order: 4, 65536 bytes, linear)
[    0.705032] TCP: Hash tables configured (established 4096 bind 4096)
[    0.711689] UDP hash table entries: 256 (order: 1, 8192 bytes, linear)
[    0.718459] UDP-Lite hash table entries: 256 (order: 1, 8192 bytes, linear)
[    0.725854] NET: Registered PF_UNIX/PF_LOCAL protocol family
[    0.787741] RPC: Registered named UNIX socket transport module.
[    0.793924] RPC: Registered udp transport module.
[    0.798765] RPC: Registered tcp transport module.
[    0.803600] RPC: Registered tcp NFSv4.1 backchannel transport module.
[    0.810259] PCI: CLS 0 bytes, default 64
[    0.815906] Initialise system trusted keyrings
[    0.860063] workingset: timestamp_bits=14 max_order=17 bucket_order=3
[    0.898477] NFS: Registering the id_resolver key type
[    0.903868] Key type id_resolver registered
[    0.908176] Key type id_legacy registered
[    0.912360] jffs2: version 2.2. (NAND) (SUMMARY)  Â© 2001-2006 Red Hat, Inc.
[    0.946545] Key type asymmetric registered
[    0.950782] Asymmetric key parser 'x509' registered
[    0.956021] io scheduler mq-deadline registered
[    0.960690] io scheduler kyber registered
[    0.965096] io scheduler bfq registered
[    1.000031] Serial: 8250/16550 driver, 6 ports, IRQ sharing enabled
[    1.047665] brd: module loaded
[    1.078594] loop: module loaded
[    1.082738] mtdoops: mtd device (mtddev=name/number) must be supplied
[    1.090921] mdio_bus fixed-0: GPIO lookup for consumer reset
[    1.096842] mdio_bus fixed-0: using lookup tables for GPIO lookup
[    1.103118] mdio_bus fixed-0: No GPIO consumer reset found
[    1.109951] i2c_dev: i2c /dev entries driver
[    1.115355] cpuidle: enable-method property 'ti,am3352' found operations
[    1.122701] sdhci: Secure Digital Host Controller Interface driver
[    1.129157] sdhci: Copyright(c) Pierre Ossman
[    1.133873] sdhci-pltfm: SDHCI platform and OF driver helper
[    1.197200] ledtrig-cpu: registered to indicate activity on CPUs
[    1.204265] Initializing XFRM netlink socket
[    1.209251] NET: Registered PF_INET6 protocol family
[    1.238392] Segment Routing with IPv6
[    1.242251] In-situ OAM (IOAM) with IPv6
[    1.246464] sit: IPv6, IPv4 and MPLS over IPv4 tunneling driver
[    1.253464] NET: Registered PF_PACKET protocol family
[    1.258768] NET: Registered PF_KEY protocol family
[    1.263834] Key type dns_resolver registered
[    1.268403] ThumbEE CPU extension supported.
[    1.272835] Registering SWP/SWPB emulation handler
[    1.278306] omap_voltage_late_init: Voltage driver support not added
[    1.285261] SmartReflex Class3 initialized
[    1.345308] Loading compiled-in X.509 certificates
[    1.425500] /ocp/interconnect@44c00000/segment@200000/target-module@b000/i2c@0/tda19988@70: Fixed dependency cycle(s) with /ocp/interconnect@48000000/segment@300000/target-module@e000/lcdc@0
[    1.449203] /ocp/interconnect@44c00000/segment@200000/target-module@b000/i2c@0/tda19988@70: Fixed dependency cycle(s) with /ocp/interconnect@48000000/segment@300000/target-module@e000/lcdc@0
[    1.474603] /ocp/interconnect@44c00000/segment@200000/target-module@b000/i2c@0/tda19988@70: Fixed dependency cycle(s) with /ocp/interconnect@48000000/segment@300000/target-module@e000/lcdc@0
[    1.493006] /ocp/interconnect@44c00000/segment@200000/target-module@b000/i2c@0/tda19988@70: Fixed dependency cycle(s) with /ocp/interconnect@48000000/segment@300000/target-module@e000/lcdc@0
[    1.513638] /ocp/interconnect@44c00000/segment@200000/target-module@10000/scm@0/pinmux@800: Fixed dependency cycle(s) with /ocp/interconnect@44c00000/segment@200000/target-module@10000/scm@0/pinmux@800/pinmux_clkout2_pin
[    1.534491] pinctrl-single 44e10800.pinmux: 142 pins, size 568
[    1.545485] ti-sysc: probe of 44e31000.target-module failed with error -16
[    1.706695] /ocp/interconnect@48000000/segment@300000/target-module@e000/lcdc@0: Fixed dependency cycle(s) with /ocp/interconnect@44c00000/segment@200000/target-module@b000/i2c@0/tda19988@70
[    1.731518] ti-sysc: probe of 48040000.target-module failed with error -16
[    1.749209] gpio gpiochip0: (gpio-0-31): created GPIO range 0->7 ==> 44e10800.pinmux PIN 0->7
[    1.758150] gpio gpiochip0: (gpio-0-31): created GPIO range 8->11 ==> 44e10800.pinmux PIN 90->93
[    1.767260] gpio gpiochip0: (gpio-0-31): created GPIO range 12->27 ==> 44e10800.pinmux PIN 12->27
[    1.776427] gpio gpiochip0: (gpio-0-31): created GPIO range 28->31 ==> 44e10800.pinmux PIN 30->33
[    1.785641] gpio gpiochip0: (gpio-0-31): not an immutable chip, please consider fixing it!
[    1.795638] gpio gpiochip0: (gpio-0-31): added GPIO chardev (254:0)
[    1.802237] gpio gpiochip0: registered GPIOs 0 to 31 on gpio-0-31
[    1.808653] OMAP GPIO hardware version 0.1
[    1.824789] i2c i2c-2: GPIO lookup for consumer scl
[    1.829849] i2c i2c-2: using device tree for GPIO lookup
[    1.835407] of_get_named_gpiod_flags: can't parse 'scl-gpios' property of node '/ocp/interconnect@48000000/segment@100000/target-module@9c000/i2c@0[0]'
[    1.849438] of_get_named_gpiod_flags: can't parse 'scl-gpio' property of node '/ocp/interconnect@48000000/segment@100000/target-module@9c000/i2c@0[0]'
[    1.863364] i2c i2c-2: using lookup tables for GPIO lookup
[    1.869034] i2c i2c-2: No GPIO consumer scl found
[    1.873926] i2c i2c-2: GPIO lookup for consumer sda
[    1.878946] i2c i2c-2: using device tree for GPIO lookup
[    1.884439] of_get_named_gpiod_flags: can't parse 'sda-gpios' property of node '/ocp/interconnect@48000000/segment@100000/target-module@9c000/i2c@0[0]'
[    1.898454] of_get_named_gpiod_flags: can't parse 'sda-gpio' property of node '/ocp/interconnect@48000000/segment@100000/target-module@9c000/i2c@0[0]'
[    1.912371] i2c i2c-2: using lookup tables for GPIO lookup
[    1.918061] i2c i2c-2: No GPIO consumer sda found
[    1.923582] omap_i2c 4819c000.i2c: bus 2 rev0.11 at 100 kHz
[    1.934599] gpio gpiochip1: (gpio-32-63): created GPIO range 0->17 ==> 44e10800.pinmux PIN 34->51
[    1.943848] gpio gpiochip1: (gpio-32-63): created GPIO range 18->21 ==> 44e10800.pinmux PIN 77->80
[    1.953080] gpio gpiochip1: (gpio-32-63): created GPIO range 22->31 ==> 44e10800.pinmux PIN 56->65
[    1.962384] gpio gpiochip1: (gpio-32-63): not an immutable chip, please consider fixing it!
[    1.971636] gpio gpiochip1: (gpio-32-63): added GPIO chardev (254:1)
[    1.978385] gpio gpiochip1: registered GPIOs 32 to 63 on gpio-32-63
[    1.986982] gpio gpiochip2: (gpio-64-95): created GPIO range 0->4 ==> 44e10800.pinmux PIN 66->70
[    1.996158] gpio gpiochip2: (gpio-64-95): created GPIO range 5->6 ==> 44e10800.pinmux PIN 98->99
[    2.005236] gpio gpiochip2: (gpio-64-95): created GPIO range 7->8 ==> 44e10800.pinmux PIN 75->76
[    2.014310] gpio gpiochip2: (gpio-64-95): created GPIO range 13->13 ==> 44e10800.pinmux PIN 141->141
[    2.023718] gpio gpiochip2: (gpio-64-95): created GPIO range 14->21 ==> 44e10800.pinmux PIN 100->107
[    2.033197] gpio gpiochip2: (gpio-64-95): not an immutable chip, please consider fixing it!
[    2.042255] gpio gpiochip2: (gpio-64-95): added GPIO chardev (254:2)
[    2.048963] gpio gpiochip2: registered GPIOs 64 to 95 on gpio-64-95
[    2.061390] /ocp/interconnect@48000000/segment@300000/target-module@e000/lcdc@0: Fixed dependency cycle(s) with /ocp/interconnect@44c00000/segment@200000/target-module@b000/i2c@0/tda19988@70
[    2.081623] /ocp/interconnect@48000000/segment@300000/target-module@e000/lcdc@0: Fixed dependency cycle(s) with /ocp/interconnect@44c00000/segment@200000/target-module@b000/i2c@0/tda19988@70
[    2.099941] /ocp/interconnect@44c00000/segment@200000/target-module@b000/i2c@0/tda19988@70: Fixed dependency cycle(s) with /ocp/interconnect@48000000/segment@300000/target-module@e000/lcdc@0
[    2.117618] /ocp/interconnect@48000000/segment@300000/target-module@e000/lcdc@0: Fixed dependency cycle(s) with /ocp/interconnect@44c00000/segment@200000/target-module@b000/i2c@0/tda19988@70
[    2.143487] mdio_bus 4a101000.mdio: GPIO lookup for consumer reset
[    2.150018] mdio_bus 4a101000.mdio: using device tree for GPIO lookup
[    2.156692] of_get_named_gpiod_flags: can't parse 'reset-gpios' property of node '/ocp/interconnect@4a000000/segment@0/target-module@100000/switch@0/mdio@1000[0]'
[    2.171706] of_get_named_gpiod_flags: can't parse 'reset-gpio' property of node '/ocp/interconnect@4a000000/segment@0/target-module@100000/switch@0/mdio@1000[0]'
[    2.186622] mdio_bus 4a101000.mdio: using lookup tables for GPIO lookup
[    2.193432] mdio_bus 4a101000.mdio: No GPIO consumer reset found
[    2.200690] sdhci-omap 481d8000.mmc: GPIO lookup for consumer wp
[    2.207011] sdhci-omap 481d8000.mmc: using device tree for GPIO lookup
[    2.213747] of_get_named_gpiod_flags: can't parse 'wp-gpios' property of node '/ocp/interconnect@48000000/segment@100000/target-module@d8000/mmc@0[0]'
[    2.227745] of_get_named_gpiod_flags: can't parse 'wp-gpio' property of node '/ocp/interconnect@48000000/segment@100000/target-module@d8000/mmc@0[0]'
[    2.241581] sdhci-omap 481d8000.mmc: using lookup tables for GPIO lookup
[    2.248500] sdhci-omap 481d8000.mmc: No GPIO consumer wp found
[    2.254712] sdhci-omap 481d80 00.mmc: supply pbias not found, using dummy regulator
[    2. 264506] sdhci-omap 481d8000.mmc: supply vqmmc not found, using  dummy regulator
[    2.299059] davinci_mdio 4a101000.mdio: d avinci mdio revision 1.6, bus freq 1000000
[    2.308551] mdi o_bus 4a
[    6.454565] cpsw-switch 4a100000.switch eth0: Link is Up - 100Mbps/Full - flow control off
[    6.462946] IPv6: ADDRCONF(NETDEV_CHANGE): eth0: link becomes ready
[    6.513842] IP-Config: Complete:
[    6.517109]      device=eth0, hwaddr=6c:ec:eb:68:de:78, ipaddr=192.168.255.1, mask=255.255.255.0, gw=255.255.255.255
[    6.527739]      host=bbb1, domain=, nis-domain=(none)
[    6.532905]      bootserver=192.168.255.126, rootserver=192.168.255.126, rootpath=
[    6.533349] clk: Disabling unused clocks
[    6.545230] KTAP version 1
[    6.547955] 1..0
[    6.572253] VFS: Mounted root (nfs filesystem) on device 0:16.
[    6.579409] devtmpfs: mounted
[    6.584129] Freeing unused kernel image (initmem) memory: 1024K
[    6.590670] Run /sbin/init as init process
[    6.594865]   with arguments:
[    6.597852]     /sbin/init
[    6.600570]     nfsrootdebug
[    6.603463]   with environment:
[    6.606686]     HOME=/
[    6.609060]     TERM=linux
[    7.357844] systemd[1]: System time before build time, advancing clock.
[    8.863814] random: crng init done
[    8.873256] systemd[1]: Mounting cgroup to /sys/fs/cgroup/blkio of type cgroup with options blkio.
[    8.904326] systemd[1]: Mounting cgroup to /sys/fs/cgroup/memory of type cgroup with options memory.
[    8.934406] systemd[1]: Mounting cgroup to /sys/fs/cgroup/cpu,cpuacct of type cgroup with options cpu,cpuacct.
[    8.945302] systemd[1]: Mounting cgroup to /sys/fs/cgroup/freezer of type cgroup with options freezer.
[    8.955334] systemd[1]: Mounting cgroup to /sys/fs/cgroup/net_cls of type cgroup with options net_cls.
[    8.965364] systemd[1]: Mounting cgroup to /sys/fs/cgroup/perf_event of type cgroup with options perf_event.
[    8.975847] systemd[1]: Mounting cgroup to /sys/fs/cgroup/cpuset of type cgroup with options cpuset.
[    8.985716] systemd[1]: Mounting cgroup to /sys/fs/cgroup/devices of type cgroup with options devices.
[    8.995671] systemd[1]: systemd 232 running in system mode. (+PAM +AUDIT +SELINUX +IMA +APPARMOR +SMACK +SYSVINIT +UTMP +LIBCRYPTSETUP +GCRYPT +GNUTLS +ACL +XZ +LZ4 +SECCOMP +BLKID +ELFUTILS +KMOD +IDN)
[    9.014117] systemd[1]: No virtualization found in DMI

Welcome to [1mDebian GNU/Linux 9 (stretch)[0m!

[    9.432678] systemd-fstab-generator[85]: Parsing /etc/fstab
[    9.543935] systemd-getty-generator[87]: Automatically adding serial getty for /dev/ttyS0.
[    9.554927] systemd-gpt-auto-generator[82]: Neither root nor /usr file system are on a (single) block device.
[    9.591895] systemd-sysv-generator[90]: Native unit for sudo.service already exists, skipping.
[    9.602888] systemd-sysv-generator[90]: Native unit for apache-htcacheclean.service already exists, skipping.
[    9.618009] systemd-sysv-generator[90]: Native unit for kmod.service already exists, skipping.
[    9.628905] systemd-sysv-generator[90]: Native unit for dbus.service already exists, skipping.
[    9.640445] systemd-sysv-generator[90]: Cannot find unit hostapd.service.
[    9.649461] systemd-sysv-generator[90]: Cannot find unit loadcpufreq.service.
[    9.658802] systemd-sysv-generator[90]: Native unit for ofono.service already exists, skipping.
[    9.669703] systemd-sysv-generator[90]: Native unit for avahi-daemon.service already exists, skipping.
[    9.681187] systemd-sysv-generator[90]: Native unit for cron.service already exists, skipping.
[    9.692795] systemd-sysv-generator[90]: Native unit for hwclock.service already exists, skipping.
[    9.767046] printk: systemd-sysv-ge: 61 output lines suppressed due to ratelimiting
[[0;32m  OK  [0m] Started Dispatch Password Requests to Console Directory Watch.
[[0;32m  OK  [0m] Set up automount Arbitrary Executabâ€¦rmats File System Automount Point.
[[0;32m  OK  [0m] Started Forward Password Requests to Wall Directory Watch.
[[0;32m  OK  [0m] Reached target Encrypted Volumes.
[[0;32m  OK  [0m] Reached target Swap.
[[0;32m  OK  [0m] Reached target Paths.
[[0;32m  OK  [0m] Listening on Journal Socket (/dev/log).
[[0;32m  OK  [0m] Created slice User and Session Slice.
[[0;32m  OK  [0m] Listening on Syslog Socket.
[[0;32m  OK  [0m] Listening on udev Kernel Socket.
[[0;32m  OK  [0m] Listening on Journal Audit Socket.
[[0;32m  OK  [0m] Listening on udev Control Socket.
[[0;32m  OK  [0m] Created slice System Slice.
[[0;32m  OK  [0m] Reached target Slices.
         Mounting POSIX Message Queue File System...[   10.717994] systemd[91]: dev-mqueue.mount: Executing: /bin/mount mqueue /dev/mqueue -t mqueue

[[0;32m  OK  [0m] Listening on /dev/initctl Compatibility Named Pipe.
         Mounting Debug File System...
[   10.845733] systemd[92]: sys-kernel-debug.mount: Executing: /bin/mount debugfs /sys/kernel/debug -t debugfs
[[0;32m  OK  [0m] Listening on Journal Socket.
         Starting Create list of required stâ€¦ce nodes for the current kernel...
         Starting Load Kernel Modules...
         Starting Remount Root and Kernel File Systems...
[[0;32m  OK  [0m] Reached target Remote File Systems.
 [[0;32m  OK  [0m] Created slice system-serial\x2dgetty.slice .
         Starting Journal Service...
[[0;32m  OK  [0m] C reated slice system-getty.slice.
[[0;32m  OK  [0m] Mounted  POSIX Message Queue File System.
[[0;32m  OK  [0m] Mounted  Debug Fi
[[0;32m  OK  [0m] Started udev Kernel Device Manager.
[[0;32m  OK  [0m] Started Flush Journal to Persistent Storage.
         Starting Create Volatile Files and Directories...
[   14.744114] systemd[1]: Accepted new private connection.
[   14.774190] systemd[1]: Got message type=method_call sender=n/a destination=org.freedesktop.systemd1 object=/org/freedesktop/systemd1/unit/upstart_2eservice interface=org.freedesktop.DBus.Properties member=GetAll cookie=1 reply_cookie=0 error=n/a
[   14.864122] systemd[1]: upstart.service: Failed to load configuration: No such file or directory
[   14.924145] systemd[1]: Sent message type=method_return sender=n/a destination=n/a object=n/a interface=n/a member=n/a cookie=1 reply_cookie=1 error=n/a
[   14.994101] systemd[1]: upstart.service: Collecting.
[   15.014176] systemd[1]: upstart.service: Failed to send unit change signal for upstart.service: Connection reset by peer
[   15.094082] systemd[1]: Received SIGCHLD from PID 115 (udevadm).
[   15.114178] systemd[1]: Child 115 (udevadm) died (code=exited, status=0/SUCCESS)
[   15.154225] systemd[1]: systemd-udev-trigger.service: Child 115 belongs to systemd-udev-trigger.service
[   15.224164] systemd[1]: systemd-udev-trigger.service: Changed start -> exited
[[0;32m  OK  [0m] Started udev Coldplug all Devices.
[[0;32m  OK  [0m] Started Raise network interfaces.
[[0;32m  OK  [0m] Started Create Volatile Files and Directories.
[   18.111170] systemd-journald[99]: Successfully sent stream file descriptor to service manager.
         Starting Network Time Synchronization...
[   18.227379] systemd-journald[99]: Successfully sent stream file descriptor to service manager.
         Starting Update UTMP about System Boot/Shutdown...
[   18.542844] systemd-journald[99]: /run/log/journal/c2029cc3b8b4efd6445bffc4386d43a0/system.journal: Journal header limits reached or header out-of-date, rotating.
[   18.559519] systemd-journald[99]: Rotating...
[   18.577714] systemd-journald[99]: Reserving 5582 entries in hash table.
[   18.591938] systemd-journald[99]: Vacuuming...
[   18.615097] systemd-journald[99]: Vacuuming done, freed 0B of archived journals from /run/log/journal/c2029cc3b8b4efd6445bffc4386d43a0.
[   18.632267] systemd-journald[99]: /run/log/journal/c2029cc3b8b4efd6445bffc4386d43a0/system.journal: Journal header limits reached or header out-of-date, rotating.
[   18.647602] systemd-journald[99]: Rotating...
[   18.656968] systemd-journald[99]: Reserving 5582 entries in hash table.
[[0;32m  OK  [0m] Started Update UTMP about System Boot/Shutdown.
[[0;32m  OK  [0m] Started Network Time Synchronization.
[[0;32m  OK  [0m] Reached target System Time Synchronized.
[[0;32m  OK  [0m] Reached target System Initialization.
[[0;32m  OK  [0m] Started Daily apt download activities.
[[0;32m  OK  [0m] Listening on Avahi mDNS/DNS-SD Stack Activation Socket.
[[0;32m  OK  [0m] Started Daily Cleanup of Temporary Directories.
[   19.705553] of_get_named_gpiod_flags: parsed 'gpios' property of node '/leds/led2[0]' - status (0)
[   19.714854] gpio gpiochip0: Persistence not supported for GPIO 21
[   19.720986] gpio-21 (?): no flags found for gpios
[   19.726043] of_get_named_gpiod_flags: parsed 'gpios' property of node '/leds/led3[0]' - status (0)
[   19.735141] gpio gpiochip0: Persistence not supported for GPIO 22
[   19.741267] gpio-22 (?): no flags found for gpios
[[0;32m  OK  [0m] Started Daily apt upgrade and clean activities.
[   19.811169] of_get_named_gpiod_flags: parsed 'gpios' property of node '/leds/led4[0]' - status (0)
[   19.820449] gpio gpiochip0: Persistence not supported for GPIO 23
[   19.826645] gpio-23 (?): no flags found for gpios
[   19.852190] of_get_named_gpiod_flags: parsed 'gpios' property of node '/leds/led5[0]' - status (0)
[   19.861474] gpio gpiochip0: Persistence not supported for GPIO 24
[   19.867647] gpio-24 (?): no flags found for gpios
[[0;32m  OK  [0m] Reached target Timers.
 [   19.934053] systemd[1]: dbus.socket: Job dbus.socket/start  finished, result=done
[[0;32m  OK  [0m] Listening on D-Bus  System Message Bus Socket.
[   20.014224] systemd[1]: sockets .target: Job sockets.target/start finished, result=done
[[0; 32m  OK 
[[0;32m  OK  [0m] Started Regular background program processing daemon.
         Starting Telephony service...
         Starting LSB: Load kernel modules needed to enable cpufreq scaling...
         Starting Avahi mDNS/DNS-SD Stack...
[[0;32m  OK  [0m] Started D-Bus System Message Bus.
[[0;32m  OK  [0m] Started DUN service.
[[0;32m  OK  [0m] Started Avahi mDNS/DNS-SD Stack.
[   23.088702] Bluetooth: Core ver 2.22
[   23.092519] NET: Registered PF_BLUETOOTH protocol family
[   23.098077] Bluetooth: HCI device and connection manager initialized
[   23.104535] Bluetooth: HCI socket layer initialized
[   23.109446] Bluetooth: L2CAP socket layer initialized
[   23.114586] Bluetooth: SCO socket layer initialized
[[0;32m  OK  [0m] Started Telephony service.
         Starting Connection service...
         Starting System Logging Service...
[[0;32m  OK  [0m] Started Cape Manager Service.
[[0;32m  OK  [0m] Found device /dev/ttyS0.
[   24.416887] at24 2-0054: supply vcc not found, using dummy regulator
[   24.470320] at24 2-0055: supply vcc not found, using dummy regulator
[[0;32m  OK  [0m] Started System Logging Service.
[   24.550793] at24 2-0056: supply vcc not found, using dummy regulator
[   24.621266] at24 2-0057: supply vcc not found, using dummy regulator
[   24.683597] at24 0-0050: GPIO lookup for consumer wp
[   24.688808] at24 0-0050: using device tree for GPIO lookup
[   24.694405] of_get_named_gpiod_flags: can't parse 'wp-gpios' property of node '/ocp/interconnect@44c00000/segment@200000/target-module@b000/i2c@0/baseboard_eeprom@50[0]'
[   24.709693] of_get_named_gpiod_flags: can't parse 'wp-gpio' property of node '/ocp/interconnect@44c00000/segment@200000/target-module@b000/i2c@0/baseboard_eeprom@50[0]'
[   24.724875] at24 0-0050: using lookup tables for GPIO lookup
[   24.730566] at24 0-0050: No GPIO consumer wp found
[   24.735654] at24 0-0050: 32768 byte 24c256 EEPROM, writable, 1 bytes/write
[   24.904898] using random self ethernet address
[   24.909411] using random host ethernet address
[   24.964176] systemd[1]: Sent message type=method_return sender=n/a destination=n/a object=n/a interface=n/a member=n/a cookie=1 reply_cookie=1 error=n/a
[   25.104651] systemd[1]: Received SIGCHLD from PID 189 (udhcpd).
[   25.145387] systemd[1]: Child 189 (udhcpd) died (code=exited, status=0/SUCCESS)
[   25.188424] systemd[1]: udhcpd.service: Child 189 belongs to udhcpd.service
[   25.274438] systemd[1]: udhcpd.service: Control process exited, code=exited status=0
[   25.364655] systemd[1]: udhcpd.service: Got final SIGCHLD for state start.
[   25.424308] systemd[1]: udhcpd.service: Changed start -> exited
[   25.517929] systemd[1]: udhcpd.service: Job udhcpd.service/start finished, result=done
[[0;32m  OK  [0m] Started LSB: Start busybox udhcpd at boot ti[   25.607906] using random self ethernet address
me.
[   25.615117] using random host ethernet address
[   25.634401] systemd[1]: Sent message type=signal sender=n/a destination=n/a object=/org/freedesktop/systemd1 interface=org.freedesktop.systemd1.Manager member=JobRemoved cookie=1 reply_cookie=0 error=n/a
[   25.810492] systemd[1]: Failed to send job remove signal for 80: Connection reset by peer
[   26.056139] userial_init: registered 8 ttyGS* devices
[   26.157392] tda998x 0-0070: found TDA19988
[   26.312597] rndis_register: configNr = 0
[[0;32m  OK  [0m] Started Connection service.
[[0;32m  OK  [0m] Started Login Service.
[[0;32m  OK  [0m] Reached target Network.
          Starting Permit User Sessions...
[   26.947598] syst emd-journald[99]: Successfully sent stream file descriptor to  service manager.
[   27.113305] systemd-journald[99]: Success fully sent stream file descriptor to service manager.
          Starti
[   31.554776] omap_rtc 44e3e000.rtc: registered as rtc0
[   31.559947] omap_rtc 44e3e000.rtc: setting system clock to 2000-01-01T00:00:00 UTC (946684800)
[   31.568797] omap_rtc 44e3e000.rtc: GPIO lookup for consumer wp
[   31.574726] omap_rtc 44e3e000.rtc: using device tree for GPIO lookup
[   31.581135] of_get_named_gpiod_flags: can't parse 'wp-gpios' property of node '/ocp/interconnect@44c00000/segment@200000/target-module@3e000/rtc@0[0]'
[   31.594758] of_get_named_gpiod_flags: can't parse 'wp-gpio' property of node '/ocp/interconnect@44c00000/segment@200000/target-module@3e000/rtc@0[0]'
[   31.608275] omap_rtc 44e3e000.rtc: using lookup tables for GPIO lookup
[   31.614886] omap_rtc 44e3e000.rtc: No GPIO consumer wp found
[   31.622062] wkup_m3_ipc 44e11324.wkup_m3_ipc: IPC Request for A8->M3 Channel failed! -517
[   31.636307] systemd-journald[99]: Time jumped backwards, rotating.
[   31.642581] systemd-journald[99]: Rotating...
[   31.652108] systemd-journald[99]: Reserving 5582 entries in hash table.
[   31.670165] systemd-journald[99]: Vacuuming...
[   31.804330] wkup_m3_ipc 44e11324.wkup_m3_ipc: IPC Request for A8->M3 Channel failed! -517
[   31.882277] am335x-phy-driver 47401300.usb-phy: GPIO lookup for consumer reset
[   31.889803] am335x-phy-driver 47401300.usb-phy: using device tree for GPIO lookup
[   31.897448] of_get_named_gpiod_flags: can't parse 'reset-gpios' property of node '/ocp/target-module@47400000/usb-phy@1300[0]'
[   31.908976] of_get_named_gpiod_flags: can't parse 'reset-gpio' property of node '/ocp/target-module@47400000/usb-phy@1300[0]'
[   31.920386] am335x-phy-driver 47401300.usb-phy: using lookup tables for GPIO lookup
[   31.928127] am335x-phy-driver 47401300.usb-phy: No GPIO consumer reset found
[   31.935265] am335x-phy-driver 47401300.usb-phy: GPIO lookup for consumer vbus-detect
[   31.943047] am335x-phy-driver 47401300.usb-phy: using device tree for GPIO lookup
[   31.950603] of_get_named_gpiod_flags: can't parse 'vbus-detect-gpios' property of node '/ocp/target-module@47400000/usb-phy@1300[0]'
[   31.962651] of_get_named_gpiod_flags: can't parse 'vbus-detect-gpio' property of node '/ocp/target-module@47400000/usb-phy@1300[0]'
[   31.974583] am335x-phy-driver 47401300.usb-phy: using lookup tables for GPIO lookup
[   31.982277] am335x-phy-driver 47401300.usb-phy: No GPIO consumer vbus-detect found
[   31.990035] am335x-phy-driver 47401300.usb-phy: supply vcc not found, using dummy regulator
[   31.998871] am335x-phy-driver 47401300.usb-phy: dummy supplies not allowed for exclusive requests
[   32.029121] am335x-phy-driver 47401b00.usb-phy: GPIO lookup for consumer reset
[   32.036606] am335x-phy-driver 47401b00.usb-phy: using device tree for GPIO lookup
[   32.044235] of_get_named_gpiod_flags: can't parse 'reset-gpios' property of node '/ocp/target-module@47400000/usb-phy@1b00[0]'
[   32.055757] of_get_named_gpiod_flags: can't parse 'reset-gpio' property of node '/ocp/target-module@47400000/usb-phy@1b00[0]'
[   32.067193] am335x-phy-driver 47401b00.usb-phy: using lookup tables for GPIO lookup
[   32.075056] am335x-phy-driver 47401b00.usb-phy: No GPIO consumer reset found
[   32.082148] am335x-phy-driver 47401b00.usb-phy: GPIO lookup for consumer vbus-detect
[   32.089967] am335x-phy-driver 47401b00.usb-phy: using device tree for GPIO lookup
[   32.097522] of_get_named_gpiod_flags: can't parse 'vbus-detect-gpios' property of node '/ocp/target-module@47400000/usb-phy@1b00[0]'
[   32.109556] of_get_named_gpiod_flags: can't parse 'vbus-detect-gpio' property of node '/ocp/target-module@47400000/usb-phy@1b00[0]'
[   32.121495] am335x-phy-driver 47401b00.usb-phy: using lookup tables for GPIO lookup
[   32.129211] am335x-phy-driver 47401b00.usb-phy: No GPIO consumer vbus-detect found
[   32.136972] am335x-phy-driver 47401b00.usb-phy: supply vcc not found, using dummy regulator
[   32.145762] am335x-phy-driver 47401b00.usb-phy: dummy supplies not allowed for exclusive requests
[   32.155842] wkup_m3_ipc 44e11324.wkup_m3_ipc: IPC Request for A8->M3 Channel failed! -517
[   32.192183] wkup_m3_ipc 44e11324.wkup_m3_ipc: IPC Request for A8->M3 Channel failed! -517
 [   32.416082] usbcore: registered new interface driver usbfs 
[   32.421729] usbcore: registered new interface driver hub
 [   32.427379] usbcore: registered new device driver usb
[    32.593678] wkup_m3_ipc 44e11324.wkup_m3_ipc: IPC Request for A 8->M3 Ch
[   46.944111] systemd[1]: dev-ttyGS0.device: Changed dead -> plugged
[   46.964096] systemd[1]: sys-devices-virtual-tty-ttyGS0.device: Changed dead -> plugged
[   46.994240] systemd[1]: Sent message type=signal sender=n/a destination=n/a object=/org/freedesktop/systemd1 interface=org.freedesktop.systemd1.Manager member=UnitNew cookie=188 reply_cookie=0 error=n/a
[   47.041111] PM: Cannot get wkup_m3_ipc handle
[   47.047104] asoc-simple-card sound: GPIO lookup for consumer simple-audio-card,hp-det
[   47.055150] asoc-simple-card sound: using device tree for GPIO lookup
[   47.061648] of_get_named_gpiod_flags: can't parse 'simple-audio-card,hp-det-gpios' property of node '/sound[0]'
[   47.071860] of_get_named_gpiod_flags: can't parse 'simple-audio-card,hp-det-gpio' property of node '/sound[0]'
[   47.081957] asoc-simple-card sound: using lookup tables for GPIO lookup
[   47.088629] asoc-simple-card sound: No GPIO consumer simple-audio-card,hp-det found
[   47.096352] asoc-simple-card sound: GPIO lookup for consumer simple-audio-card,mic-det
[   47.104337] asoc-simple-card sound: using device tree for GPIO lookup
[   47.110818] of_get_named_gpiod_flags: can't parse 'simple-audio-card,mic-det-gpios' property of node '/sound[0]'
[   47.121106] of_get_named_gpiod_flags: can't parse 'simple-audio-card,mic-det-gpio' property of node '/sound[0]'
[   47.131283] asoc-simple-card sound: using lookup tables for GPIO lookup
[   47.137952] asoc-simple-card sound: No GPIO consumer simple-audio-card,mic-det found
[   47.153103] PM: Cannot get wkup_m3_ipc handle
[   47.164679] systemd[1]: Sent message type=signal sender=n/a destination=n/a object=/org/freedesktop/systemd1 interface=org.freedesktop.systemd1.Manager member=UnitNew cookie=189 reply_cookie=0 error=n/a
[   49.384140] systemd[1]: systemd-timesyncd.service: Got notification message from PID 176 (STATUS=Idle.)
[   49.434108] systemd[1]: systemd-timesyncd.service: Got notification message from PID 176 (STATUS=Idle.)
[   49.474122] systemd[1]: systemd-timesyncd.service: Got notification message from PID 176 (STATUS=Idle.)
[   49.544113] systemd[1]: systemd-timesyncd.service: Got notification message from PID 176 (STATUS=Idle.)
[   49.584111] systemd[1]: systemd-timesyncd.service: Got notification message from PID 176 (STATUS=Idle.)
[   49.624182] systemd[1]: systemd-timesyncd.service: Got notification message from PID 176 (STATUS=Idle.)
[   50.010274] systemd-journald[99]: Data hash table of /run/log/journal/c2029cc3b8b4efd6445bffc4386d43a0/system.journal has a fill level at 75.0 (4187 of 5582 items, 3215360 file size, 767 bytes per hash table item), suggesting rotation.
[   50.034855] systemd-journald[99]: /run/log/journal/c2029cc3b8b4efd6445bffc4386d43a0/system.journal: Journal header limits reached or header out-of-date, rotating.
[   50.051956] systemd-journald[99]: Rotating...
[   50.068340] systemd-journald[99]: Reserving 5582 entries in hash table.
[   50.079863] systemd-journald[99]: Vacuuming...
[   50.086170] systemd-journald[99]: Vacuuming done, freed 0B of archived journals from /run/log/journal/c2029cc3b8b4efd6445bffc4386d43a0.
Labgrid Console Logfile for main
Logfile started at 2024-12-14 22:22:46.839977
=== Log starts here ===
reading args
spl_load_image_fat_os: error reading image args, err - -1
reading u-boot.img
reading u-boot.img


U-Boot 2014.04-00014-g47880f5 (Apr 22 2014 - 13:23:54)

I2C:   ready
DRAM:  512 MiB
NAND:  0 MiB
MMC:   OMAP SD/MMC: 0, OMAP SD/MMC: 1
*** Warning - readenv() failed, using default environment

Net:   <ethaddr> not set. Validating first E-fuse MAC
cpsw, usb_ether
Hit any key to stop autoboot:  1  0 
gpio: pin 53 (gpio 53) value is 1
mmc0 is current device
gpio: pin 54 (gpio 54) value is 1
SD/MMC found on device 0
reading uEnv.txt
584 bytes read in 4 ms (142.6 KiB/s)
gpio: pin 55 (gpio 55) value is 1
Loaded environment from uEnv.txt
Importing environment from mmc ...
Checking if uenvcmd is set ...
gpio: pin 56 (gpio 56) value is 1
Running uenvcmd ...
cpsw Waiting for PHY auto negotiation to complete. done
link up on port 0, speed 100, full duplex
Using cpsw device
TFTP from server 192.168.255.126; our IP address is 192.168.255.1
Filename 'zImage'.
Load address: 0x81000000
Loading: *T #################################################################
	 #################################################################
	 #################################################################
	 #################################################################
	 #################################################################
	 ############################
	 716.8 KiB/s
done
Bytes transferred = 5170864 (4ee6b0 hex)
link up on port 0, speed 100, full duplex
Using cpsw device
TFTP from server 192.168.255.126; our IP address is 192.168.255.1
Filename 'am335x-boneblack.dtb'.
Load address: 0x82000000
Loading: *#######
	 2.2 MiB/s
done
Bytes transferred = 97630 (17d5e hex)
Kernel image @ 0x81000000 [ 0x000000 - 0x4ee6b0 ]
## Flattened Device Tree blob at 82000000
   Booting using the fdt blob at 0x82000000
   Using Device Tree in place at 82000000, end 8201ad5d

Starting kernel ...

[    0.000000] Booting Linux on physical CPU 0x0
[    0.000000] Linux version 6.1.120 (user01@drvtest01) (arm-linux-gnueabihf-gcc (Linaro GCC 6.4-2017.11) 6.4.1 20171012, GNU ld (Linaro_Binutils-2017.11) 2.27.0.20161229) #11 SMP Sat Dec 14 22:11:15 EET 2024
[    0.000000] CPU: ARMv7 Processor [413fc082] revision 2 (ARMv7), cr=10c5387d
[    0.000000] CPU: PIPT / VIPT nonaliasing data cache, VIPT aliasing instruction cache
[    0.000000] OF: fdt: Machine model: TI AM335x BeagleBone Black
[    0.000000] earlycon: omap8250 at MMIO 0x44e09000 (options '')
[    0.000000] printk: bootconsole [omap8250] enabled
[    0.000000] Memory policy: Data cache writeback
[    0.000000] cma: Reserved 16 MiB at 0x9ec00000
[    0.000000] Zone ranges:
[    0.000000]   Normal   [mem 0x0000000080000000-0x000000009fdfffff]
[    0.000000]   HighMem  empty
[    0.000000] Movable zone start for each node
[    0.000000] Early memory node ranges
[    0.000000]   node   0: [mem 0x0000000080000000-0x000000009fdfffff]
[    0.000000] Initmem setup node 0 [mem 0x0000000080000000-0x000000009fdfffff]
[    0.000000] CPU: All CPU(s) started in SVC mode.
[    0.000000] AM335X ES2.1 (sgx neon)
[    0.000000] percpu: Embedded 16 pages/cpu s34196 r8192 d23148 u65536
[    0.000000] pcpu-alloc: s34196 r8192 d23148 u65536 alloc=16*4096
[    0.000000] pcpu-alloc: [0] 0 
[    0.000000] Built 1 zonelists, mobility grouping on.  Total pages: 129412
[    0.000000] Kernel command line: console=ttyO0,115200n8 debug earlycon root=/dev/nfs rw nfsroot=192.168.255.126:/home/user01/nfs,nfsvers=3 ip=192.168.255.1:192.168.255.126::255.255.255.0:bbb1:eth0 nfsrootdebug
[    0.000000] Unknown kernel command line parameters "nfsrootdebug", will be passed to user space.
[    0.000000] Dentry cache hash table entries: 65536 (order: 6, 262144 bytes, linear)
[    0.000000] Inode-cache hash table entries: 32768 (order: 5, 131072 bytes, linear)
[    0.000000] mem auto-init: stack:off, heap alloc:off, heap free:off
[    0.000000] Memory: 484644K/522240K available (10240K kernel code, 1143K rwdata, 2604K rodata, 1024K init, 287K bss, 21212K reserved, 16384K cma-reserved, 0K highmem)
[    0.000000] SLUB: HWalign=64, Order=0-3, MinObjects=0, CPUs=1, Nodes=1
[    0.000000] trace event string verifier disabled
[    0.000000] rcu: Hierarchical RCU implementation.
[    0.000000] rcu: 	RCU event tracing is enabled.
[    0.000000] rcu: 	RCU restricting CPUs from NR_CPUS=2 to nr_cpu_ids=1.
[    0.000000] rcu: RCU calculated value of scheduler-enlistment delay is 10 jiffies.
[    0.000000] rcu: Adjusting geometry for rcu_fanout_leaf=16, nr_cpu_ids=1
[    0.000000] NR_IRQS: 16, nr_irqs: 16, preallocated irqs: 16
[    0.000000] IRQ: Found an INTC at 0x(ptrval) (revision 5.0) with 128 interrupts
[    0.000000] rcu: srcu_init: Setting srcu_struct sizes based on contention.
[    0.000000] TI gptimer clocksource: always-on /ocp/interconnect@44c00000/segment@200000/target-module@31000
[    0.000002] sched_clock: 32 bits at 24MHz, resolution 41ns, wraps every 89478484971ns
[    0.008072] clocksource: dmtimer: mask: 0xffffffff max_cycles: 0xffffffff, max_idle_ns: 79635851949 ns
[    0.018065] TI gptimer clockevent: 24000000 Hz at /ocp/interconnect@48000000/segment@0/target-module@40000
[    0.029579] Console: colour dummy device 80x30
[    0.034198] WARNING: Your 'console=ttyO0' has been replaced by 'ttyS0'
[    0.041011] This ensures that you still see kernel messages. Please
[    0.047459] update your kernel commandline.
[    0.051814] Calibrating delay loop... 996.14 BogoMIPS (lpj=4980736)
[    0.094546] CPU: Testing write buffer coherency: ok
[    0.099661] CPU0: Spectre v2: using BPIALL workaround
[    0.104862] pid_max: default: 32768 minimum: 301
[    0.109753] LSM: Security Framework initializing
[    0.114675] Mount-cache hash table entries: 1024 (order: 0, 4096 bytes, linear)
[    0.122244] Mountpoint-cache hash table entries: 1024 (order: 0, 4096 bytes, linear)
[    0.131764] CPU0: thread -1, cpu 0, socket -1, mpidr 0
[    0.138485] Setting up static identity map for 0x80100000 - 0x80100078
[    0.145467] rcu: Hierarchical SRCU implementation.
[    0.150447] rcu: 	Max phase no-delay instances is 1000.
[    0.157190] smp: Bringing up secondary CPUs ...
[    0.161949] smp: Brought up 1 node, 1 CPU
[    0.166079] SMP: Total of 1 processors activated (996.14 BogoMIPS).
[    0.172550] CPU: All CPU(s) started in SVC mode.
[    0.178317] devtmpfs: initialized
[    0.197171] VFP support v0.3: implementor 41 architecture 3 part 30 variant c rev 3
[    0.205512] clocksource: jiffies: mask: 0xffffffff max_cycles: 0xffffffff, max_idle_ns: 19112604462750000 ns
[    0.215705] futex hash table entries: 256 (order: 2, 16384 bytes, linear)
[    0.224059] pinctrl core: initialized pinctrl subsystem
[    0.231684] NET: Registered PF_NETLINK/PF_ROUTE protocol family
[    0.239898] DMA: preallocated 256 KiB pool for atomic coherent allocations
[    0.247573] audit: initializing netlink subsys (disabled)
[    0.254461] thermal_sys: Registered thermal governor 'fair_share'
[    0.254482] thermal_sys: Registered thermal governor 'step_wise'
[    0.260839] thermal_sys: Registered thermal governor 'user_space'
[    0.267111] audit: type=2000 audit(0.220:1): state=initialized audit_enabled=0 res=1
[    0.281461] cpuidle: using governor menu
[    0.302114] /ocp/interconnect@44c00000/segment@200000/target-module@b000/i2c@0/tda19988@70: Fixed dependency cycle(s) with /ocp/interconnect@48000000/segment@300000/target-module@e000/lcdc@0
[    0.320754] /ocp/interconnect@48000000/segment@300000/target-module@e000/lcdc@0: Fixed dependency cycle(s) with /ocp/interconnect@44c00000/segment@200000/target-module@b000/i2c@0/tda19988@70
[    0.340321] No ATAGs?
[    0.342679] hw-breakpoint: debug architecture 0x4 unsupported.
[    0.358011] kprobes: kprobe jump-optimization is enabled. All kprobes are optimized if possible.
[    0.381119] reg-fixed-voltage fixedregulator0: GPIO lookup for consumer (null)
[    0.388724] reg-fixed-voltage fixedregulator0: using device tree for GPIO lookup
[    0.396355] of_get_named_gpiod_flags: can't parse 'gpios' property of node '/fixedregulator0[0]'
[    0.405455] of_get_named_gpiod_flags: can't parse 'gpio' property of node '/fixedregulator0[0]'
[    0.414445] reg-fixed-voltage fixedregulator0: using lookup tables for GPIO lookup
[    0.422255] reg-fixed-voltage fixedregulator0: No GPIO consumer (null) found
[    0.430758] iommu: Default domain type: Translated 
[    0.435789] iommu: DMA domain TLB invalidation policy: strict mode 
[    0.443783] SCSI subsystem initialized
[    0.524706] libata version 3.00 loaded.
[    0.529079] pps_core: LinuxPPS API ver. 1 registered
[    0.534194] pps_core: Software ver. 5.3.6 - Copyright 2005-2007 Rodolfo Giometti <giometti@linux.it>
[    0.543655] PTP clock support registered
[    0.580683] vgaarb: loaded
[    0.583856] clocksource: Switched to clocksource dmtimer
[    0.590038] VFS: Disk quotas dquot_6.6.0
[    0.594232] VFS: Dquot-cache hash table entries: 1024 (order 0, 4096 bytes)
[    0.658604] NET: Registered PF_INET protocol family
[    0.664076] IP idents hash table entries: 8192 (order: 4, 65536 bytes, linear)
[    0.672894] tcp_listen_portaddr_hash hash table entries: 512 (order: 0, 4096 bytes, linear)
[    0.681586] Table-perturb hash table entries: 65536 (order: 6, 262144 bytes, linear)
[    0.689597] TCP established hash table entries: 4096 (order: 2, 16384 bytes, linear)
[    0.697629] TCP bind hash table entries: 4096 (order: 4, 65536 bytes, linear)
[    0.705086] TCP: Hash tables configured (established 4096 bind 4096)
[    0.711742] UDP hash table entries: 256 (order: 1, 8192 bytes, linear)
[    0.718513] UDP-Lite hash table entries: 256 (order: 1, 8192 bytes, linear)
[    0.725902] NET: Registered PF_UNIX/PF_LOCAL protocol family
[    0.787810] RPC: Registered named UNIX socket transport module.
[    0.793998] RPC: Registered udp transport module.
[    0.798839] RPC: Registered tcp transport module.
[    0.803675] RPC: Registered tcp NFSv4.1 backchannel transport module.
[    0.810335] PCI: CLS 0 bytes, default 64
[    0.815961] Initialise system trusted keyrings
[    0.860125] workingset: timestamp_bits=14 max_order=17 bucket_order=3
[    0.898540] NFS: Registering the id_resolver key type
[    0.903934] Key type id_resolver registered
[    0.908243] Key type id_legacy registered
[    0.912419] jffs2: version 2.2. (NAND) (SUMMARY)  Â© 2001-2006 Red Hat, Inc.
[    0.946621] Key type asymmetric registered
[    0.950855] Asymmetric key parser 'x509' registered
[    0.956095] io scheduler mq-deadline registered
[    0.960763] io scheduler kyber registered
[    0.965172] io scheduler bfq registered
[    1.000108] Serial: 8250/16550 driver, 6 ports, IRQ sharing enabled
[    1.047811] brd: module loaded
[    1.078734] loop: module loaded
[    1.082883] mtdoops: mtd device (mtddev=name/number) must be supplied
[    1.091049] mdio_bus fixed-0: GPIO lookup for consumer reset
[    1.096971] mdio_bus fixed-0: using lookup tables for GPIO lookup
[    1.103245] mdio_bus fixed-0: No GPIO consumer reset found
[    1.110093] i2c_dev: i2c /dev entries driver
[    1.115515] cpuidle: enable-method property 'ti,am3352' found operations
[    1.122866] sdhci: Secure Digital Host Controller Interface driver
[    1.129320] sdhci: Copyright(c) Pierre Ossman
[    1.134026] sdhci-pltfm: SDHCI platform and OF driver helper
[    1.197347] ledtrig-cpu: registered to indicate activity on CPUs
[    1.204403] Initializing XFRM netlink socket
[    1.209387] NET: Registered PF_INET6 protocol family
[    1.238503] Segment Routing with IPv6
[    1.242366] In-situ OAM (IOAM) with IPv6
[    1.246572] sit: IPv6, IPv4 and MPLS over IPv4 tunneling driver
[    1.253571] NET: Registered PF_PACKET protocol family
[    1.258873] NET: Registered PF_KEY protocol family
[    1.263975] Key type dns_resolver registered
[    1.268543] ThumbEE CPU extension supported.
[    1.272974] Registering SWP/SWPB emulation handler
[    1.278446] omap_voltage_late_init: Voltage driver support not added
[    1.285403] SmartReflex Class3 initialized
[    1.345428] Loading compiled-in X.509 certificates
[    1.416403] /ocp/interconnect@44c00000/segment@200000/target-module@b000/i2c@0/tda19988@70: Fixed dependency cycle(s) with /ocp/interconnect@48000000/segment@300000/target-module@e000/lcdc@0
[    1.440086] /ocp/interconnect@44c00000/segment@200000/target-module@b000/i2c@0/tda19988@70: Fixed dependency cycle(s) with /ocp/interconnect@48000000/segment@300000/target-module@e000/lcdc@0
[    1.465496] /ocp/interconnect@44c00000/segment@200000/target-module@b000/i2c@0/tda19988@70: Fixed dependency cycle(s) with /ocp/interconnect@48000000/segment@300000/target-module@e000/lcdc@0
[    1.483972] /ocp/interconnect@44c00000/segment@200000/target-module@b000/i2c@0/tda19988@70: Fixed dependency cycle(s) with /ocp/interconnect@48000000/segment@300000/target-module@e000/lcdc@0
[    1.504697] /ocp/interconnect@44c00000/segment@200000/target-module@10000/scm@0/pinmux@800: Fixed dependency cycle(s) with /ocp/interconnect@44c00000/segment@200000/target-module@10000/scm@0/pinmux@800/pinmux_clkout2_pin
[    1.525520] pinctrl-single 44e10800.pinmux: 142 pins, size 568
[    1.536494] ti-sysc: probe of 44e31000.target-module failed with error -16
[    1.706992] /ocp/interconnect@48000000/segment@300000/target-module@e000/lcdc@0: Fixed dependency cycle(s) with /ocp/interconnect@44c00000/segment@200000/target-module@b000/i2c@0/tda19988@70
[    1.731775] ti-sysc: probe of 48040000.target-module failed with error -16
[    1.749499] gpio gpiochip0: (gpio-0-31): created GPIO range 0->7 ==> 44e10800.pinmux PIN 0->7
[    1.758438] gpio gpiochip0: (gpio-0-31): created GPIO range 8->11 ==> 44e10800.pinmux PIN 90->93
[    1.767545] gpio gpiochip0: (gpio-0-31): created GPIO range 12->27 ==> 44e10800.pinmux PIN 12->27
[    1.776713] gpio gpiochip0: (gpio-0-31): created GPIO range 28->31 ==> 44e10800.pinmux PIN 30->33
[    1.785932] gpio gpiochip0: (gpio-0-31): not an immutable chip, please consider fixing it!
[    1.795929] gpio gpiochip0: (gpio-0-31): added GPIO chardev (254:0)
[    1.802532] gpio gpiochip0: registered GPIOs 0 to 31 on gpio-0-31
[    1.808952] OMAP GPIO hardware version 0.1
[    1.825082] i2c i2c-2: GPIO lookup for consumer scl
[    1.830139] i2c i2c-2: using device tree for GPIO lookup
[    1.835696] of_get_named_gpiod_flags: can't parse 'scl-gpios' property of node '/ocp/interconnect@48000000/segment@100000/target-module@9c000/i2c@0[0]'
[    1.849730] of_get_named_gpiod_flags: can't parse 'scl-gpio' property of node '/ocp/interconnect@48000000/segment@100000/target-module@9c000/i2c@0[0]'
[    1.863657] i2c i2c-2: using lookup tables for GPIO lookup
[    1.869324] i2c i2c-2: No GPIO consumer scl found
[    1.874213] i2c i2c-2: GPIO lookup for consumer sda
[    1.879233] i2c i2c-2: using device tree for GPIO lookup
[    1.884727] of_get_named_gpiod_flags: can't parse 'sda-gpios' property of node '/ocp/interconnect@48000000/segment@100000/target-module@9c000/i2c@0[0]'
[    1.898739] of_get_named_gpiod_flags: can't parse 'sda-gpio' property of node '/ocp/interconnect@48000000/segment@100000/target-module@9c000/i2c@0[0]'
[    1.912655] i2c i2c-2: using lookup tables for GPIO lookup
[    1.918341] i2c i2c-2: No GPIO consumer sda found
[    1.923952] omap_i2c 4819c000.i2c: bus 2 rev0.11 at 100 kHz
[    1.934802] gpio gpiochip1: (gpio-32-63): created GPIO range 0->17 ==> 44e10800.pinmux PIN 34->51
[    1.944051] gpio gpiochip1: (gpio-32-63): created GPIO range 18->21 ==> 44e10800.pinmux PIN 77->80
[    1.953281] gpio gpiochip1: (gpio-32-63): created GPIO range 22->31 ==> 44e10800.pinmux PIN 56->65
[    1.962585] gpio gpiochip1: (gpio-32-63): not an immutable chip, please consider fixing it!
[    1.971833] gpio gpiochip1: (gpio-32-63): added GPIO chardev (254:1)
[    1.978588] gpio gpiochip1: registered GPIOs 32 to 63 on gpio-32-63
[    1.987183] gpio gpiochip2: (gpio-64-95): created GPIO range 0->4 ==> 44e10800.pinmux PIN 66->70
[    1.996360] gpio gpiochip2: (gpio-64-95): created GPIO range 5->6 ==> 44e10800.pinmux PIN 98->99
[    2.005437] gpio gpiochip2: (gpio-64-95): created GPIO range 7->8 ==> 44e10800.p inmux PIN 75->76
[    2.014509] gpio gpiochip2: (gpio-64-95):  created GPIO range 13->13 ==> 44e10800.pinmux PIN 141->141
[     2.023937] gpio gpiochip2: (gpio-64-95): created GPIO range  14->21 ==> 44e10800.pinmux PIN 100->107
[    2.033396] gpio gpiochip
[    2.639530] l3-aon-clkctrl:0000:0: failed to disable
[    2.645268] gpio gpiochip3: (gpio-96-127): added GPIO chardev (254:3)
[    2.652025] gpio gpiochip3: registered GPIOs 96 to 127 on gpio-96-127
[    2.660296] omap8250 44e09000.serial: GPIO lookup for consumer rs485-term
[    2.667435] omap8250 44e09000.serial: using device tree for GPIO lookup
[    2.674293] of_get_named_gpiod_flags: can't parse 'rs485-term-gpios' property of node '/ocp/interconnect@44c00000/segment@200000/target-module@9000/serial@0[0]'
[    2.689123] of_get_named_gpiod_flags: can't parse 'rs485-term-gpio' property of node '/ocp/interconnect@44c00000/segment@200000/target-module@9000/serial@0[0]'
[    2.703855] omap8250 44e09000.serial: using lookup tables for GPIO lookup
[    2.710843] omap8250 44e09000.serial: No GPIO consumer rs485-term found
[    2.717715] 44e09000.serial: ttyS0 at MMIO 0x44e09000 (irq = 34, base_baud = 3000000) is a 8250
[    2.726778] printk: console [ttyS0] enabled
[    2.726778] printk: console [ttyS0] enabled
[    2.735313] printk: bootconsole [omap8250] disabled
[    2.735313] printk: bootconsole [omap8250] disabled
[    2.747653] i2c i2c-0: GPIO lookup for consumer scl
[    2.752593] i2c i2c-0: using device tree for GPIO lookup
[    2.758105] of_get_named_gpiod_flags: can't parse 'scl-gpios' property of node '/ocp/interconnect@44c00000/segment@200000/target-module@b000/i2c@0[0]'
[    2.771736] of_get_named_gpiod_flags: can't parse 'scl-gpio' property of node '/ocp/interconnect@44c00000/segment@200000/target-module@b000/i2c@0[0]'
[    2.785250] i2c i2c-0: using lookup tables for GPIO lookup
[    2.790766] i2c i2c-0: No GPIO consumer scl found
[    2.795528] i2c i2c-0: GPIO lookup for consumer sda
[    2.800431] i2c i2c-0: using device tree for GPIO lookup
[    2.805796] of_get_named_gpiod_flags: can't parse 'sda-gpios' property of node '/ocp/interconnect@44c00000/segment@200000/target-module@b000/i2c@0[0]'
[    2.819388] of_get_named_gpiod_flags: can't parse 'sda-gpio' property of node '/ocp/interconnect@44c00000/segment@200000/target-module@b000/i2c@0[0]'
[    2.832898] i2c i2c-0: using lookup tables for GPIO lookup
[    2.838433] i2c i2c-0: No GPIO consumer sda found
[    2.874764] tps65217-pmic: Failed to locate of_node [id: -1]
[    2.890900] tps65217-bl: Failed to locate of_node [id: -1]
[    2.899641] tps65217 0-0024: TPS65217 ID 0xe version 1.2
[    2.905674] /ocp/interconnect@48000000/segment@300000/target-module@e000/lcdc@0: Fixed dependency cycle(s) with /ocp/interconnect@44c00000/segment@200000/target-module@b000/i2c@0/tda19988@70
[    2.922983] /ocp/interconnect@44c00000/segment@200000/target-module@b000/i2c@0/tda19988@70: Fixed dependency cycle(s) with /ocp/interconnect@48000000/segment@300000/target-module@e000/lcdc@0
[    2.940341] omap_i2c 44e0b000.i2c: bus 0 rev0.11 at 400 kHz
[    2.947794] sdhci-omap 48060000.mmc: GPIO lookup for consumer cd
[    2.953955] sdhci-omap 48060000.mmc: using device tree for GPIO lookup
[    2.960552] of_get_named_gpiod_flags: parsed 'cd-gpios' property of node '/ocp/interconnect@48000000/segment@0/target-module@60000/mmc@0[0]' - status (0)
[    2.974494] gpio gpiochip3: Persistence not supported for GPIO 6
[    2.980546] omap_gpio 44e07000.gpio: Could not set line 6 debounce to 200000 microseconds (-22)
[    2.989370] sdhci-omap 48060000.mmc: Got CD GPIO
[    2.994046] sdhci-omap 48060000.mmc: GPIO lookup for consumer wp
[    3.000085] sdhci-omap 48060000.mmc: using device tree for GPIO lookup
[    3.006674] of_get_named_gpiod_flags: can't parse 'wp-gpios' property of node '/ocp/interconnect@48000000/segment@0/target-module@60000/mmc@0[0]'
[    3.019831] of_get_named_gpiod_flags: can't parse 'wp-gpio' property of node '/ocp/interconnect@48000000/segment@0/target-module@60000/mmc@0[ 0]'
[    3.032897] sdhci-omap 48060000.mmc: using lookup tabl es for GPIO lookup
[    3.039653] sdhci-omap 48060000.mmc: No  GPIO consumer wp found
[    3.045718] sdhci-omap 48060000.mm c: supply pbias not found, using dummy regulator
[    3.05452 5] sdhci
[    6.534592] cpsw-switch 4a100000.switch eth0: Link is Up - 100Mbps/Full - flow control off
[    6.542976] IPv6: ADDRCONF(NETDEV_CHANGE): eth0: link becomes ready
[    6.573915] IP-Config: Complete:
[    6.577178]      device=eth0, hwaddr=6c:ec:eb:68:de:78, ipaddr=192.168.255.1, mask=255.255.255.0, gw=255.255.255.255
[    6.587796]      host=bbb1, domain=, nis-domain=(none)
[    6.592960]      bootserver=192.168.255.126, rootserver=192.168.255.126, rootpath=
[    6.593386] clk: Disabling unused clocks
[    6.605264] KTAP version 1
[    6.607991] 1..0
[    6.632353] VFS: Mounted root (nfs filesystem) on device 0:16.
[    6.639406] devtmpfs: mounted
[    6.644159] Freeing unused kernel image (initmem) memory: 1024K
[    6.650698] Run /sbin/init as init process
[    6.654911]   with arguments:
[    6.657898]     /sbin/init
[    6.660616]     nfsrootdebug
[    6.663509]   with environment:
[    6.666696]     HOME=/
[    6.669067]     TERM=linux
[    7.422260] systemd[1]: System time before build time, advancing clock.
[    8.903862] random: crng init done
[    8.913280] systemd[1]: Mounting cgroup to /sys/fs/cgroup/memory of type cgroup with options memory.
[    8.944576] systemd[1]: Mounting cgroup to /sys/fs/cgroup/devices of type cgroup with options devices.
[    8.954694] systemd[1]: Mounting cgroup to /sys/fs/cgroup/perf_event of type cgroup with options perf_event.
[    8.965192] systemd[1]: Mounting cgroup to /sys/fs/cgroup/blkio of type cgroup with options blkio.
[    9.004264] systemd[1]: Mounting cgroup to /sys/fs/cgroup/cpuset of type cgroup with options cpuset.
[    9.014249] systemd[1]: Mounting cgroup to /sys/fs/cgroup/cpu,cpuacct of type cgroup with options cpu,cpuacct.
[    9.025064] systemd[1]: Mounting cgroup to /sys/fs/cgroup/freezer of type cgroup with options freezer.
[    9.035066] systemd[1]: Mounting cgroup to /sys/fs/cgroup/net_cls of type cgroup with options net_cls.
[    9.045054] systemd[1]: systemd 232 running in system mode. (+PAM +AUDIT +SELINUX +IMA +APPARMOR +SMACK +SYSVINIT +UTMP +LIBCRYPTSETUP +GCRYPT +GNUTLS +ACL +XZ +LZ4 +SECCOMP +BLKID +ELFUTILS +KMOD +IDN)
[    9.063505] systemd[1]: No virtualization found in DMI

Welcome to [1mDebian GNU/Linux 9 (stretch)[0m!

[    9.492870] systemd-fstab-generator[85]: Parsing /etc/fstab
[    9.584445] systemd-gpt-auto-generator[82]: Neither root nor /usr file system are on a (single) block device.
[    9.596619] systemd-getty-generator[87]: Automatically adding serial getty for /dev/ttyS0.
[    9.638795] systemd-sysv-generator[90]: Native unit for sudo.service already exists, skipping.
[    9.649852] systemd-sysv-generator[90]: Native unit for apache-htcacheclean.service already exists, skipping.
[    9.665241] systemd-sysv-generator[90]: Native unit for kmod.service already exists, skipping.
[    9.676132] systemd-sysv-generator[90]: Native unit for dbus.service already exists, skipping.
[    9.687640] systemd-sysv-generator[90]: Cannot find unit hostapd.service.
[    9. 696696] systemd-sysv-generator[90]: Cannot find unit loadcpufreq.service.
[    9.706047] systemd-sysv-generator[90]: Native unit for ofono.service already exists, skipping.
[    9.717027] systemd-sysv-generator[90]: Native unit for avahi-daemon.service a[0m] Listening on udev Control Socket.
[[0;32m  OK  [0m] Started Forward Password Requests to Wall Directory Watch.
[[0;32m  OK  [0m] Set up automount Arbitrary Executabâ€¦rmats File System Automount Point.
[[0;32m  OK  [0m] Started Dispatch Password Requests to Console Directory Watch.
[[0;32m  OK  [0m] Listening on Journal Socket (/dev/log).
[[0;32m  OK  [0m] Reached target Paths.
[[0;32m  OK  [0m] Listening on Journal Socket.
[[0;32m  OK  [0m] Reached target Encrypted Volumes.
[[0;32m  OK  [0m] Reached target Remote File Systems.
[[0;32m  OK  [0m] Listening on Journal Audit Socket.
[[0;32m  OK  [0m] Listening on /dev/initctl Compatibility Named Pipe.
[[0;32m  OK  [0m] Reached target Swap.
[[0;32m  OK  [0m] Listening on udev Kernel Socket.
[[0;32m  OK  [0m] Listening on Syslog Socket.
[[0;32m  OK  [0m] Created slice System Slice.
         Mounting POSIX Message Queue File System...
[[0;32m  OK  [0m] Created slice system-serial\x2dgetty.slice.
[[0;32m  OK  [0m] Created slice system-getty.slice.
         Starting Create list of required stâ€¦ce nodes for the current kernel...
         Starting Remount Root and Kernel File Systems...
         Mounting Debug File System...
[[0;32m  OK  [0m] Created slice User and Session Slice.
[[0;32m  OK  [0m] Reached target Slices.
         Starting Journal Service...
         Starting Load Kernel Modules...
[[0;32m  OK  [0m] Mounted POSIX Message Queue File System.
[[0;32m  OK  [0m] Mounted Debug File System.
[[0;32m  OK  [0m] Started Create list of required staâ€¦vice nodes for the current kernel.
[[0;32m  OK  [0m] Started Remount Root and Kernel File Systems.
         Starting udev Coldplug all Devices...[   11.389658] systemd-journald[98]: Fixed min_use=1.0M max_use=24.5M max_size=3.0M min_size=512.0K keep_free=36.7M n_max_files=100

         Starting Load/Save Random Seed...
         Starting Create Static Device Nodes in /dev...
[   11.493683] systemd-journald[98]: Reserving 5582 entries in hash table.
[[0;32m  OK  [0m] Started Load Kernel Modules.
[   11.560159] systemd-journald[98]: Vacuuming...
         Starting Apply Kernel Variables...
[   11.600503] systemd-journald[98]: Vacuuming done, freed 0B of archived journals from /run/log/journal/c2029cc3b8b4efd6445bffc4386d43a0.
         Mounting Configuration File System...
[   11.706313] systemd-journald[98]: Flushing /dev/kmsg...
[[0;32m  OK  [0m] Started Load/Save Random Seed.
[[0;32m  OK  [0m] Mounted Configuration File System.
[[0;32m  OK  [0m] Started Apply Kernel Variables.
[[0;32m  OK  [0m] Started Create Static Device Nodes in /dev.
[[0;32m  OK  [0m] Reached target Local File Systems (Pre).
[[0;32m  OK  [0m] Reached target Local File Systems.
         Starting Raise network interfaces...
         Starting udev Kernel Device Manager...
[   12.902997] systemd-journald[98]: systemd-journald running as pid 98
[[0;32m  OK  [0m] Started Journal Service.[   13.004276] systemd-journald[98]: Sent READY=1 notification.

[   13.044845] systemd-journald[98]: Sent WATCHDOG=1 notification.
         Starting Flush Journal to Persistent Storage...
 [   13.125564] systemd-journald[98]: Successfully sent stream  file descriptor to service manager.
[   13.184768] systemd-jo urnald[98]: Successfully sent stream file descriptor to servic e manager.
[[0;32m  OK  [0m] Started udev Kernel Device Man ager.
[
[[0;32m  OK  [0m] Started Create Volatile Files and Directories.
[   18.095580] systemd-journald[98]: Successfully sent stream file descriptor to service manager.
         Starting Network Time Synchronization...
[   18.225522] systemd-journald[98]: Successfully sent stream file descriptor to service manager.
         Starting Update UTMP about System Boot/Shutdown...
[   18.512121] systemd-journald[98]: /run/log/journal/c2029cc3b8b4efd6445bffc4386d43a0/system.journal: Journal header limits reached or header out-of-date, rotating.
[   18.528788] systemd-journald[98]: Rotating...
[   18.552283] systemd-journald[98]: Reserving 5582 entries in hash table.
[   18.567165] systemd-journald[98]: Vacuuming...
[   18.586105] systemd-journald[98]: Vacuuming done, freed 0B of archived journals from /run/log/journal/c2029cc3b8b4efd6445bffc4386d43a0.
[   18.605589] systemd-journald[98]: /run/log/journal/c2029cc3b8b4efd6445bffc4386d43a0/system.journal: Journal header limits reached or header out-of-date, rotating.
[   18.620646] systemd-journald[98]: Rotating...
[   18.630129] systemd-journald[98]: Reserving 5582 entries in hash table.
[[0;32m  OK  [0m] Started Update UTMP about System Boot/Shutdown.
[[0;32m  OK  [0m] Started Network Time Synchronization.
[[0;32m  OK  [0m] Reached target System Time Synchronized.
[[0;32m  OK  [0m] Reached target System Initialization.
[[0;32m  OK  [0m] Started Daily Cleanup of Temporary Directories.
[[0;32m  OK  [0m] Started Daily apt download activities.
[[0;32m  OK  [0m] Started Daily apt upgrade and clean activities.
[[0;32m  OK  [0m] Reached target Timers.
[   19.724236] of_get_named_gpiod_flags: parsed 'gpios' property of node '/leds/led2[0]' - status (0)
[   19.733332] gpio gpiochip0: Persistence not supported for GPIO 21
[   19.739535] gpio-21 (?): no flags found for gpios
[   19.744564] of_get_named_gpiod_flags: parsed 'gpios' property of node '/leds/led3[0]' - status (0)
[   19.753605] gpio gpiochip0: Persistence not supported for GPIO 22
[   19.759786] gpio-22 (?): no flags found for gpios
[[0;32m  OK  [0m] Listening on D-Bus System Message Bus Socket.
[   19.837621] of_get_named_gpiod_flags: parsed 'gpios' property of node '/leds/led4[0]' - status (0)
[   19.846929] gpio gpiochip0: Persistence not supported for GPIO 23
[   19.853059] gpio-23 (?): no flags found for gpios
[[0;32m  OK  [0m] Listening on Avahi mDNS/DNS-SD Stack Activation Socket.
[   19.890592] of_get_named_gpiod_flags: parsed 'gpios' property of node '/leds/led5[0]' - status (0)
[   19.899886] gpio gpiochip0: Persistence not supported for GPIO 24
[   19.906058] gpio-24 (?): no flags found for gpios
[[0;32m  OK  [0m] Reached target Sockets.
[   19.994422] systemd[1]: basic.target: Job basic.target/start finished, result=done
[[0;32m  OK  [0m] Reached target Basic System.
[   20.084150] systemd[1]: dbus.service: Forked /usr/bin/dbus-daemon as 183
[   20.124699] systemd[1]: dbus.service: Changed dead -> running
[   20.152471] systemd[1]: dbus.service: Job dbus.service/start finished, result=done
[[0;32m  OK  [0m] Started D-Bus System Message Bus.
[   20.254217] systemd[1]: dbus.socket: Changed listening -> running
[   20.274198] systemd[1]: Successfully connected to system bus.
[   20.574100] systemd[1]: Sent message type=method_call sender=n/a destination=org.freedesktop.DBus object=/org/freedesktop/DBus interface=org.freedesktop.DBus member=Hello cookie=1 reply_cookie=0 error=n/a
[   20.654110] systemd[1]: Got message type=method_return sender=org.freedesktop.DBus destination=:1.0 object=n/a interface=n/a member=n/a cookie=3 reply_cookie=2 error=n/a
[   20.684646] remoteproc remoteproc0: wkup_m3 is available
 [   20.754149] systemd[1]: Got message type=method_return send er=org.freedesktop.DBus destination=:1.0 object=n/a interface= n/a member=n/a cookie=4 reply_cookie=3 error=n/a
[   20.80422 4] systemd[1]: Sent message type=method_call sender=n/a destin ation=or
         Starting LSB: Advanced IEEE 802.11 management daemon...
[   27.248540] systemd-journald[98]: Successfully sent stream file descriptor to service manager.
         Starting Permit User Sessions...
[   27.421404] systemd-journald[98]: Successfully sent stream file descriptor to service manager.
         Starting The Apache HTTP Server...
[   27.532396] systemd-journald[98]: Successfully sent stream file descriptor to service manager.
         Starting OpenBSD Secure Shell server...
[   27.739586] systemd-journald[98]: Successfully sent stream file descriptor to service manager.
[[0;32m  OK  [0m] Started LSB: Load kernel modules needed to enable cpufreq scaling.
[[0;32m  OK  [0m] Started LSB: Advanced IEEE 802.11 management daemon.
[   28.648787] using random self ethernet address
[   28.653304] using random host ethernet address
[[0;32m  OK  [0m] Started Permit User Sessions.
[   29.002827] tps6521x_pwrbutton tps65217-pwrbutton: DMA mask not set
[   29.053291] using random self ethernet address
[   29.058036] using random host ethernet address
[   29.085201] input: tps65217_pwrbutton as /devices/platform/ocp/44c00000.interconnect/44c00000.interconnect:segment@200000/44e0b000.target-module/44e0b000.i2c/i2c-0/0-0024/tps65217-pwrbutton/input/input0
[[0;32m  OK  [0m] Started Login Service.
[   29.447704] userial_init: registered 8 ttyGS* devices
[   29.548713] systemd-journald[98]: Successfully sent stream file descriptor to service manager.
[   29.686862] rndis_register: configNr = 0
[   30.054170] systemd[1]: Sent message type=method_call sender=n/a destination=org.freedesktop.DBus object=/org/freedesktop/DBus interface=org.freedesktop.DBus member=AddMatch cookie=55 reply_cookie=0 error=n/a
[   30.194196] systemd[1]: Got message type=method_return sender=org.freedesktop.DBus destination=:1.0 object=n/a interface=n/a member=n/a cookie=21 reply_cookie=55 error=n/a
[   30.307142] wkup_m3_ipc 44e11324.wkup_m3_ipc: IPC Request for A8->M3 Channel failed! -517
[   30.364218] systemd[1]: var.mount: Failed to load configuration: No such file or directory
[   30.444298] systemd[1]: var-tmp.mount: Failed to load configuration: No such file or directory
[   30.480618] systemd[1]: systemd-hostnamed.service: Trying to enqueue job systemd-hostnamed.service/start/replace
[   30.574203] systemd[1]: systemd-hostnamed.service: Installed new job systemd-hostnamed.service/start as 131
[   30.634239] systemd[1]: systemd-hostnamed.service: Enqueued job systemd-hostnamed.service/start as 131
[   30.694920] systemd[1]: var.mount: Collecting.
[   30.734250] systemd[1]: var-tmp.mount: Collecting.
[   30.764272] systemd[1]: Sent message type=signal sender=n/a destination=n/a object=/org/freedesktop/systemd1 interface=org.freedesktop.systemd1.Manager member=UnitNew cookie=56 reply_cookie=0 error=n/a
[[0;32m  OK  [0m] Started OpenBSD Secure Shell server.
[   31.219422] systemd-journald[98]: Successfully sent stream file descriptor to service manager.
         Starting Hostname Service...
[   31.358482] systemd-journald[98]: Successfully sent stream file descriptor to service manager.
         Starting WPA supplicant...
[[0;32m  OK  [0m] Started Serial Getty on ttyS0.
[[0;32m  OK  [0m] Started Getty on tty1.
[[0;32m  OK  [0m] Reached target Login Prompts.
         Starting LSB: set CPUFreq kernel parameters...
[   31.967565] systemd-journald[98]: Successfully sent stream file descriptor to service manager.
[   32.165945] omap_wdt: OMAP Watchdog Timer Rev 0x01: initial timeout 60 sec
[   32.174805] wkup_m3_ipc 44e11324.wkup_m3_ipc: IPC Request for A8->M3 Channel failed! -517
[   32.302167] omap_rtc 44e3e000.rtc: registered as rtc0
[   32.307561] omap_rtc 44e3e000.rtc: setting system clock to 2000-01-01T00:00:00 UTC (946684800)
[   32.316341] omap_rtc 44e3e000.rtc: GPIO lookup for consumer wp
[   32.322210] omap_rtc 44e3e000.rtc: using device tree for GPIO lookup
[   32.328646] of_get_named_gpiod_flags: can't parse 'wp-gpios' property of node '/ocp/interconnect@44c00000/segment@200000/target-module@3e000/rtc@0[0]'
[   32.342268] of_get_named_gpiod_flags: can't parse 'wp-gpio' property of node '/ocp/interconnect@44c00000/segment@200000/target-module@3e000/rtc@0[0]'
[   32.355810] omap_rtc 44e3e000.rtc: using lookup tables for GPIO lookup
[   32.362373] omap_rtc 44e3e000.rtc: No GPIO consumer wp found
[   32.369608] wkup_m3_ipc 44e11324.wkup_m3_ipc: IPC Request for A8->M3 Channel failed! -517
[   32.382996] systemd-journald[98]: Time jumped backwards, rotating.
[   32.402584] systemd-jour nald[98]: Rotating...
[   32.411979] systemd-journald[98]: Re serving 5582 entries in hash table.
[   32.420903] systemd-jo urnald[98]: Vacuuming...
[   32.426860] systemd-journald[98]:  Vacuuming done, freed 0B of archived journals from /run/log/j ournal/c
[   40.310449] omap-sham 53100000.sham: hw accel on OMAP rev 4.3
[   40.328812] omap-sham 53100000.sham: will run requests pump with realtime priority
[   40.453298] omap-aes 53500000.aes: OMAP AES hw accel rev: 3.2
[   40.470784] omap-aes 53500000.aes: will run requests pump with realtime priority
[   40.622603] PM: Cannot get wkup_m3_ipc handle
[   41.959719] systemd[1]: dev-ram0.device: Changed dead -> plugged
[   42.014230] systemd[1]: Sent message type=signal sender=n/a destination=n/a object=/org/freedesktop/systemd1 interface=org.freedesktop.systemd1.Manager member=UnitNew cookie=149 reply_cookie=0 error=n/a
[   42.294269] systemd[1]: dev-ram11.device: Changed dead -> plugged
[   42.334328] systemd[1]: Sent message type=signal sender=n/a destination=n/a object=/org/freedesktop/systemd1 interface=org.freedesktop.systemd1.Manager member=UnitNew cookie=155 reply_cookie=0 error=n/a
[   43.884822] systemd[1]: sys-subsystem-net-devices-sit0.device: Changed dead -> plugged
[   43.904216] systemd[1]: sys-devices-virtual-net-sit0.device: Changed dead -> plugged
[   43.944270] systemd[1]: Sent message type=signal sender=n/a destination=n/a object=/org/freedesktop/systemd1 interface=org.freedesktop.systemd1.Manager member=UnitNew cookie=180 reply_cookie=0 error=n/a
[   47.064025] PM: Cannot get wkup_m3_ipc handle
[   47.069801] asoc-simple-card sound: GPIO lookup for consumer simple-audio-card,hp-det
[   47.077845] asoc-simple-card sound: using device tree for GPIO lookup
[   47.084393] of_get_named_gpiod_flags: can't parse 'simple-audio-card,hp-det-gpios' property of node '/sound[0]'
[   47.094601] of_get_named_gpiod_flags: can't parse 'simple-audio-card,hp-det-gpio' property of node '/sound[0]'
[   47.104698] asoc-simple-card sound: using lookup tables for GPIO lookup
[   47.111348] asoc-simple-card sound: No GPIO consumer simple-audio-card,hp-det found
[   47.119070] asoc-simple-card sound: GPIO lookup for consumer simple-audio-card,mic-det
[   47.127065] asoc-simple-card sound: using device tree for GPIO lookup
[   47.133548] of_get_named_gpiod_flags: can't parse 'simple-audio-card,mic-det-gpios' property of node '/sound[0]'
[   47.143837] of_get_named_gpiod_flags: can't parse 'simple-audio-card,mic-det-gpio' property of node '/sound[0]'
[   47.154009] asoc-simple-card sound: using lookup tables for GPIO lookup
[   47.160657] asoc-simple-card sound: No GPIO consumer simple-audio-card,mic-det found
[   47.187932] PM: Cannot get wkup_m3_ipc handle
[   48.254192] systemd[1]: dev-ttyGS0.device: Changed dead -> plugged
[   48.274238] systemd[1]: sys-devices-virtual-tty-ttyGS0.device: Changed dead -> plugged
[   48.324994] systemd[1]: Sent message type=signal sender=n/a destination=n/a object=/org/freedesktop/systemd1 interface=org.freedesktop.systemd1.Manager member=UnitNew cookie=183 reply_cookie=0 error=n/a
[   49.344223] systemd[1]: systemd-timesyncd.service: Got notification message from PID 177 (STATUS=Idle.)
[   49.384121] systemd[1]: systemd-timesyncd.service: Got noLabgrid Console Logfile for main
Logfile started at 2024-12-14 22:24:11.645716
=== Log starts here ===
reading args
spl_load_image_fat_os: error reading image args, err - -1
reading u-boot.img
reading u-boot.img


U-Boot 2014.04-00014-g47880f5 (Apr 22 2014 - 13:23:54)

I2C:   ready
DRAM:  512 MiB
NAND:  0 MiB
MMC:   OMAP SD/MMC: 0, OMAP SD/MMC: 1
*** Warning - readenv() failed, using default environment

Net:   <ethaddr> not set. Validating first E-fuse MAC
cpsw, usb_ether
Hit any key to stop autoboot:  1  0 
gpio: pin 53 (gpio 53) value is 1
mmc0 is current device
gpio: pin 54 (gpio 54) value is 1
SD/MMC found on device 0
reading uEnv.txt
584 bytes read in 3 ms (189.5 KiB/s)
gpio: pin 55 (gpio 55) value is 1
Loaded environment from uEnv.txt
Importing environment from mmc ...
Checking if uenvcmd is set ...
gpio: pin 56 (gpio 56) value is 1
Running uenvcmd ...
cpsw Waiting for PHY auto negotiation to complete. done
link up on port 0, speed 100, full duplex
Using cpsw device
TFTP from server 192.168.255.126; our IP address is 192.168.255.1
Filename 'zImage'.
Load address: 0x81000000
Loading: *T #################################################################
	 #################################################################
	 #################################################################
	 #################################################################
	 #################################################################
	 ############################
	 715.8 KiB/s
done
Bytes transferred = 5170864 (4ee6b0 hex)
link up on port 0, speed 100, full duplex
Using cpsw device
TFTP from server 192.168.255.126; our IP address is 192.168.255.1
Filename 'am335x-boneblack.dtb'.
Load address: 0x82000000
Loading: *#######
	 2.2 MiB/s
done
Bytes transferred = 97630 (17d5e hex)
Kernel image @ 0x81000000 [ 0x000000 - 0x4ee6b0 ]
## Flattened Device Tree blob at 82000000
   Booting using the fdt blob at 0x82000000
   Using Device Tree in place at 82000000, end 8201ad5d

Starting kernel ...

[    0.000000] Booting Linux on physical CPU 0x0
[    0.000000] Linux version 6.1.120 (user01@drvtest01) (arm-linux-gnueabihf-gcc (Linaro GCC 6.4-2017.11) 6.4.1 20171012, GNU ld (Linaro_Binutils-2017.11) 2.27.0.20161229) #11 SMP Sat Dec 14 22:11:15 EET 2024
[    0.000000] CPU: ARMv7 Processor [413fc082] revision 2 (ARMv7), cr=10c5387d
[    0.000000] CPU: PIPT / VIPT nonaliasing data cache, VIPT aliasing instruction cache
[    0.000000] OF: fdt: Machine model: TI AM335x BeagleBone Black
[    0.000000] earlycon: omap8250 at MMIO 0x44e09000 (options '')
[    0.000000] printk: bootconsole [omap8250] enabled
[    0.000000] Memory policy: Data cache writeback
[    0.000000] cma: Reserved 16 MiB at 0x9ec00000
[    0.000000] Zone ranges:
[    0.000000]   Normal   [mem 0x0000000080000000-0x000000009fdfffff]
[    0.000000]   HighMem  empty
[    0.000000] Movable zone start for each node
[    0.000000] Early memory node ranges
[    0.000000]   node   0: [mem 0x0000000080000000-0x000000009fdfffff]
[    0.000000] Initmem setup node 0 [mem 0x0000000080000000-0x000000009fdfffff]
[    0.000000] CPU: All CPU(s) started in SVC mode.
[    0.000000] AM335X ES2.1 (sgx neon)
[    0.000000] percpu: Embedded 16 pages/cpu s34196 r8192 d23148 u65536
[    0.000000] pcpu-alloc: s34196 r8192 d23148 u65536 alloc=16*4096
[    0.000000] pcpu-alloc: [0] 0 
[    0.000000] Built 1 zonelists, mobility grouping on.  Total pages: 129412
[    0.000000] Kernel command line: console=ttyO0,115200n8 debug earlycon root=/dev/nfs rw nfsroot=192.168.255.126:/home/user01/nfs,nfsvers=3 ip=192.168.255.1:192.168.255.126::255.255.255.0:bbb1:eth0 nfsrootdebug
[    0.000000] Unknown kernel command line parameters "nfsrootdebug", will be passed to user space.
[    0.000000] Dentry cache hash table entries: 65536 (order: 6, 262144 bytes, linear)
[    0.000000] Inode-cache hash table entries: 32768 (order: 5, 131072 bytes, linear)
[    0.000000] mem auto-init: stack:off, heap alloc:off, heap free:off
[    0.000000] Memory: 484644K/522240K available (10240K kernel code, 1143K rwdata, 2604K rodata, 1024K init, 287K bss, 21212K reserved, 16384K cma-reserved, 0K highmem)
[    0.000000] SLUB: HWalign=64, Order=0-3, MinObjects=0, CPUs=1, Nodes=1
[    0.000000] trace event string verifier disabled
[    0.000000] rcu: Hierarchical RCU implementation.
[    0.000000] rcu: 	RCU event tracing is enabled.
[    0.000000] rcu: 	RCU restricting CPUs from NR_CPUS=2 to nr_cpu_ids=1.
[    0.000000] rcu: RCU calculated value of scheduler-enlistment delay is 10 jiffies.
[    0.000000] rcu: Adjusting geometry for rcu_fanout_leaf=16, nr_cpu_ids=1
[    0.000000] NR_IRQS: 16, nr_irqs: 16, preallocated irqs: 16
[    0.000000] IRQ: Found an INTC at 0x(ptrval) (revision 5.0) with 128 interrupts
[    0.000000] rcu: srcu_init: Setting srcu_struct sizes based on contention.
[    0.000000] TI gptimer clocksource: always-on /ocp/interconnect@44c00000/segment@200000/target-module@31000
[    0.000003] sched_clock: 32 bits at 24MHz, resolution 41ns, wraps every 89478484971ns
[    0.008071] clocksource: dmtimer: mask: 0xffffffff max_cycles: 0xffffffff, max_idle_ns: 79635851949 ns
[    0.018062] TI gptimer clockevent: 24000000 Hz at /ocp/interconnect@48000000/segment@0/target-module@40000
[    0.029576] Console: colour dummy device 80x30
[    0.034198] WARNING: Your 'console=ttyO0' has been replaced by 'ttyS0'
[    0.041005] This ensures that you still see kernel messages. Please
[    0.047453] update your kernel commandline.
[    0.051810] Calibrating delay loop... 996.14 BogoMIPS (lpj=4980736)
[    0.094541] CPU: Testing write buffer coherency: ok
[    0.099656] CPU0: Spectre v2: using BPIALL workaround
[    0.104856] pid_max: default: 32768 minimum: 301
[    0.109747] LSM: Security Framework initializing
[    0.114669] Mount-cache hash table entries: 1024 (order: 0, 4096 bytes, linear)
[    0.122233] Mountpoint-cache hash table entries: 1024 (order: 0, 4096 bytes, linear)
[    0.131756] CPU0: thread -1, cpu 0, socket -1, mpidr 0
[    0.138460] Setting up static identity map for 0x80100000 - 0x80100078
[    0.145444] rcu: Hierarchical SRCU implementation.
[    0.150422] rcu: 	Max phase no-delay instances is 1000.
[    0.157156] smp: Bringing up secondary CPUs ...
[    0.161912] smp: Brought up 1 node, 1 CPU
[    0.166043] SMP: Total of 1 processors activated (996.14 BogoMIPS).
[    0.172513] CPU: All CPU(s) started in SVC mode.
[    0.178284] devtmpfs: initialized
[    0.197132] VFP support v0.3: implementor 41 architecture 3 part 30 variant c rev 3
[    0.205469] clocksource: jiffies: mask: 0xffffffff max_cycles: 0xffffffff, max_idle_ns: 19112604462750000 ns
[    0.215662] futex hash table entries: 256 (order: 2, 16384 bytes, linear)
[    0.223975] pinctrl core: initialized pinctrl subsystem
[    0.231599] NET: Registered PF_NETLINK/PF_ROUTE protocol family
[    0.239821] DMA: preallocated 256 KiB pool for atomic coherent allocations
[    0.247496] audit: initializing netlink subsys (disabled)
[    0.254405] thermal_sys: Registered thermal governor 'fair_share'
[    0.254427] thermal_sys: Registered thermal governor 'step_wise'
[    0.260786] thermal_sys: Registered thermal governor 'user_space'
[    0.267057] audit: type=2000 audit(0.220:1): state=initialized audit_enabled=0 res=1
[    0.281411] cpuidle: using governor menu
[    0.302064] /ocp/interconnect@44c00000/segment@200000/target-module@b000/i2c@0/tda19988@70: Fixed dependency cycle(s) with /ocp/interconnect@48000000/segment@300000/target-module@e000/lcdc@0
[    0.320700] /ocp/interconnect@48000000/segment@300000/target-module@e000/lcdc@0: Fixed dependency cycle(s) with /ocp/interconnect@44c00000/segment@200000/target-module@b000/i2c@0/tda19988@70
[    0.340268] No ATAGs?
[    0.342627] hw-breakpoint: debug architecture 0x4 unsupported.
[    0.357945] kprobes: kprobe jump-optimization is enabled. All kprobes are optimized if possible.
[    0.381100] reg-fixed-voltage fixedregulator0: GPIO lookup for consumer (null)
[    0.388706] reg-fixed-voltage fixedregulator0: using device tree for GPIO lookup
[    0.396338] of_get_named_gpiod_flags: can't parse 'gpios' property of node '/fixedregulator0[0]'
[    0.405435] of_get_named_gpiod_flags: can't parse 'gpio' property of node '/fixedregulator0[0]'
[    0.414423] reg-fixed-voltage fixedregulator0: using lookup tables for GPIO lookup
[    0.422232] reg-fixed-voltage fixedregulator0: No GPIO consumer (null) found
[    0.430742] iommu: Default domain type: Translated 
[    0.435772] iommu: DMA domain TLB invalidation policy: strict mode 
[    0.443771] SCSI subsystem initialized
[    0.524684] libata version 3.00 loaded.
[    0.529052] pps_core: LinuxPPS API ver. 1 registered
[    0.534169] pps_core: Software ver. 5.3.6 - Copyright 2005-2007 Rodolfo Giometti <giometti@linux.it>
[    0.543634] PTP clock support registered
[    0.580673] vgaarb: loaded
[    0.583857] clocksource: Switched to clocksource dmtimer
[    0.590044] VFS: Disk quotas dquot_6.6.0
[    0.594241] VFS: Dquot-cache hash table entries: 1024 (order 0, 4096 bytes)
[    0.646427] NET: Registered PF_INET protocol family
[    0.651807] IP idents hash table entries: 8192 (order: 4, 65536 bytes, linear)
[    0.660714] tcp_listen_portaddr_hash hash table entries: 512 (order: 0, 4096 bytes, linear)
[    0.669406] Table-perturb hash table entries: 65536 (order: 6, 262144 bytes, linear)
[    0.677420] TCP established hash table entries: 4096 (order: 2, 16384 bytes, linear)
[    0.685453] TCP bind hash table entries: 4096 (order: 4, 65536 bytes, linear)
[    0.692888] TCP: Hash tables configured (established 4096 bind 4096)
[    0.699564] UDP hash table entries: 256 (order: 1, 8192 bytes, linear)
[    0.706336] UDP-Lite hash table entries: 256 (order: 1, 8192 bytes, linear)
[    0.713698] NET: Registered PF_UNIX/PF_LOCAL protocol family
[    0.787884] RPC: Registered named UNIX socket transport module.
[    0.794065] RPC: Registered udp transport module.
[    0.798906] RPC: Registered tcp transport module.
[    0.803743] RPC: Registered tcp NFSv4.1 backchannel transport module.
[    0.810405] PCI: CLS 0 bytes, default 64
[    0.816041] Initialise system trusted keyrings
[    0.860204] workingset: timestamp_bits=14 max_order=17 bucket_order=3
[    0.898620] NFS: Registering the id_resolver key type
[    0.904015] Key type id_resolver registered
[    0.908322] Key type id_legacy registered
[    0.912502] jffs2: version 2.2. (NAND) (SUMMARY)  Â© 2001-2006 Red Hat, Inc.
[    0.946707] Key type asymmetric registered
[    0.950944] Asymmetric key parser 'x509' registered
[    0.956186] io scheduler mq-deadline registered
[    0.960855] io scheduler kyber registered
[    0.965263] io scheduler bfq registered
[    1.000212] Serial: 8250/16550 driver, 6 ports, IRQ sharing enabled
[    1.055694] brd: module loaded
[    1.078798] loop: module loaded
[    1.082954] mtdoops: mtd device (mtddev=name/number) must be supplied
[    1.091126] mdio_bus fixed-0: GPIO lookup for consumer reset
[    1.097077] mdio_bus fixed-0: using lookup tables for GPIO lookup
[    1.103354] mdio_bus fixed-0: No GPIO consumer reset found
[    1.110164] i2c_dev: i2c /dev entries driver
[    1.115583] cpuidle: enable-method property 'ti,am3352' found operations
[    1.122927] sdhci: Secure Digital Host Controller Interface driver
[    1.129375] sdhci: Copyright(c) Pierre Ossman
[    1.134071] sdhci-pltfm: SDHCI platform and OF driver helper
[    1.204710] ledtrig-cpu: registered to indicate activity on CPUs
[    1.211724] Initializing XFRM netlink socket
[    1.216788] NET: Registered PF_INET6 protocol family
[    1.249651] Segment Routing with IPv6
[    1.253508] In-situ OAM (IOAM) with IPv6
[    1.257715] sit: IPv6, IPv4 and MPLS over IPv4 tunneling driver
[    1.264769] NET: Registered PF_PACKET protocol family
[    1.270000] NET: Registered PF_KEY protocol family
[    1.275115] Key type dns_resolver registered
[    1.279684] ThumbEE CPU extension supported.
[    1.284158] Registering SWP/SWPB emulation handler
[    1.289593] omap_voltage_late_init: Voltage driver support not added
[    1.296547] SmartReflex Class3 initialized
[    1.355464] Loading compiled-in X.509 certificates
[    1.425586] /ocp/interconnect@44c00000/segment@200000/target-module@b000/i2c@0/tda19988@70: Fixed dependency cycle(s) with /ocp/interconnect@48000000/segment@300000/target-module@e000/lcdc@0
[    1.449290] /ocp/interconnect@44c00000/segment@200000/target-module@b000/i2c@0/tda19988@70: Fixed dependency cycle(s) with /ocp/interconnect@48000000/segment@300000/target-module@e000/lcdc@0
[    1.474708] /ocp/interconnect@44c00000/segment@200000/target-module@b000/i2c@0/tda19988@70: Fixed dependency cycle(s) with /ocp/interconnect@48000000/segment@300000/target-module@e000/lcdc@0
[    1.493100] /ocp/interconnect@44c00000/segment@200000/target-module@b000/i2c@0/tda19988@70: Fixed dependency cycle(s) with /ocp/interconnect@48000000/segment@300000/target-module@e000/lcdc@0
[    1.513756] /ocp/interconnect@44c00000/segment@200000/target-module@10000/scm@0/pinmux@800: Fixed dependency cycle(s) with /ocp/interconnect@44c00000/segment@200000/target-module@10000/scm@0/pinmux@800/pinmux_clkout2_pin
[    1.534681] pinctrl-single 44e10800.pinmux: 142 pins, size 568
[    1.545670] ti-sysc: probe of 44e31000.target-module failed with error -16
[    1.706856] /ocp/interconnect@48000000/segment@300000/target-module@e000/lcdc@0: Fixed dependency cycle(s) with /ocp/interconnect@44c00000/segment@200000/target-module@b000/i2c@0/tda19988@70
[    1.731652] ti-sysc: probe of 48040000.target-module failed with error -16
[    1.749362] gpio gpiochip0: (gpio-0-31): created GPIO range 0->7 ==> 44e10800.pinmux PIN 0->7
[    1.758332] gpio gpiochip0: (gpio-0-31): created GPIO range 8->11 ==> 44e10800.pinmux PIN 90->93
[    1.767420] gpio gpiochip0: (gpio-0-31): created GPIO range 12->27 ==> 44e10800.pinmux PIN 12->27
[    1.776584] gpio gpiochip0: (gpio-0-31): created GPIO range 28->31 ==> 44e10800.pinmux PIN 30->33
[    1.785799] gpio gpiochip0: (gpio-0-31): not an immutable chip, please consider fixing it!
[    1.795798] gpio gpiochip0: (gpio-0-31): added GPIO chardev (254:0)
[    1.802398] gpio gpiochip0: registered GPIOs 0 to 31 on gpio-0-31
[    1.808816] OMAP GPIO hardware version 0.1
[    1.824900] i2c i2c-2: GPIO lookup for consumer scl
[    1.829959] i2c i2c-2: using device tree for GPIO lookup
[    1.835515] of_get_named_gpiod_flags: can't parse 'scl-gpios' property of node '/ocp/interconnect@48000000/segment@100000/target-module@9c000/i2c@0[0]'
[    1.849544] of_get_named_gpiod_flags: can't parse 'scl-gpio' property of node '/ocp/interconnect@48000000/segment@100000/target-module@9c000/i2c@0[0]'
[    1.863469] i2c i2c-2: using lookup tables for GPIO lookup
[    1.869156] i2c i2c-2: No GPIO consumer scl found
[    1.874033] i2c i2c-2: GPIO lookup for consumer sda
[    1.879052] i2c i2c-2: using device tree for GPIO lookup
[    1.884543] of_get_named_gpiod_flags: can't parse 'sda-gpios' property of node '/ocp/interconnect@48000000/segment@100000/target-module@9c000/i2c@0[0]'
[    1.898554] of_get_named_gpiod_flags: can't parse 'sda-gpio' property of node '/ocp/interconnect@48000000/segment@100000/target-module@9c000/i2c@0[0]'
[    1.912472] i2c i2c-2: using lookup tables for GPIO lookup
[    1.918159] i2c i2c-2: No GPIO consumer sda found
[    1.923685] omap_i2c 4819c000.i2c: bus 2 rev0.11 at 100 kHz
[    1.934685] gpio gpiochip1: (gpio-32-63): created GPIO range 0->17 ==> 44e10800.pinmux PIN 34->51
[    1.943936] gpio gpiochip1: (gpio-32-63): created GPIO range 18->21 ==> 44e10800.pinmux PIN 77->80
[    1.953167] gpio gpiochip1: (gpio-32-63): created GPIO range 22->31 ==> 44e10800.pinmux PIN 56->65
[    1.962474] gpio gpiochip1: (gpio-32-63): not an immutable chip, please consider fixing it!
[    1.971720] gpio gpiochip1: (gpio-32-63): added GPIO chardev (254:1)
[    1.978496] gpio gpiochip1: registered GPIOs 32 to 63 on gpio-32-63
[    1.987062] gpio gpiochip2: (gpio-64-95): created GPIO range 0->4 ==> 44e10800.pinmux PIN 66->70
[    1.996234] gpio gpiochip2: (gpio-64-95): created GPIO range 5->6 ==> 44e10800.pinmux PIN 98->99
[    2.005313] gpio gpiochip2: (gpio-64-95): created GPIO range 7->8 ==> 44e10800.pinmux PIN 75->76
 [    2.014385] gpio gpiochip2: (gpio-64-95): created GPIO rang e 13->13 ==> 44e10800.pinmux PIN 141->141
[    2.023793] gpio gpiochip2: (gpio-64-95): created GPIO range 14->21 ==> 44e10800.pinmux PIN 100->107
[    2.033274] gpio gpiochip2: (gpio-64-95): n(gpio-96-127): created GPIO range 30->31 ==> 44e10800.pinmux PIN 28->29
[    2.625333] gpio gpiochip3: (gpio-96-127): not an immutable chip, please consider fixing it!
[    2.639263] l3-aon-clkctrl:0000:0: failed to disable
[    2.645022] gpio gpiochip3: (gpio-96-127): added GPIO chardev (254:3)
[    2.651782] gpio gpiochip3: registered GPIOs 96 to 127 on gpio-96-127
[    2.660044] omap8250 44e09000.serial: GPIO lookup for consumer rs485-term
[    2.667185] omap8250 44e09000.serial: using device tree for GPIO lookup
[    2.674043] of_get_named_gpiod_flags: can't parse 'rs485-term-gpios' property of node '/ocp/interconnect@44c00000/segment@200000/target-module@9000/serial@0[0]'
[    2.688877] of_get_named_gpiod_flags: can't parse 'rs485-term-gpio' property of node '/ocp/interconnect@44c00000/segment@200000/target-module@9000/serial@0[0]'
[    2.703607] omap8250 44e09000.serial: using lookup tables for GPIO lookup
[    2.710615] omap8250 44e09000.serial: No GPIO consumer rs485-term found
[    2.717487] 44e09000.serial: ttyS0 at MMIO 0x44e09000 (irq = 34, base_baud = 3000000) is a 8250
[    2.726549] printk: console [ttyS0] enabled
[    2.726549] printk: console [ttyS0] enabled
[    2.735086] printk: bootconsole [omap8250] disabled
[    2.735086] printk: bootconsole [omap8250] disabled
[    2.747412] i2c i2c-0: GPIO lookup for consumer scl
[    2.752351] i2c i2c-0: using device tree for GPIO lookup
[    2.757865] of_get_named_gpiod_flags: can't parse 'scl-gpios' property of node '/ocp/interconnect@44c00000/segment@200000/target-module@b000/i2c@0[0]'
[    2.771495] of_get_named_gpiod_flags: can't parse 'scl-gpio' property of node '/ocp/interconnect@44c00000/segment@200000/target-module@b000/i2c@0[0]'
[    2.785009] i2c i2c-0: using lookup tables for GPIO lookup
[    2.790524] i2c i2c-0: No GPIO consumer scl found
[    2.795286] i2c i2c-0: GPIO lookup for consumer sda
[    2.800187] i2c i2c-0: using device tree for GPIO lookup
[    2.805553] of_get_named_gpiod_flags: can't parse 'sda-gpios' property of node '/ocp/interconnect@44c00000/segment@200000/target-module@b000/i2c@0[0]'
[    2.819145] of_get_named_gpiod_flags: can't parse 'sda-gpio' property of node '/ocp/interconnect@44c00000/segment@200000/target-module@b000/i2c@0[0]'
[    2.832651] i2c i2c-0: using lookup tables for GPIO lookup
[    2.838186] i2c i2c-0: No GPIO consumer sda found
[    2.864764] tps65217-pmic: Failed to locate of_node [id: -1]
[    2.880890] tps65217-bl: Failed to locate of_node [id: -1]
[    2.889620] tps65217 0-0024: TPS65217 ID 0xe version 1.2
[    2.895657] /ocp/interconnect@48000000/segment@300000/target-module@e000/lcdc@0: Fixed dependency cycle(s) with /ocp/interconnect@44c00000/segment@200000/target-module@b000/i2c@0/tda19988@70
[    2.912959] /ocp/interconnect@44c00000/segment@200000/target-module@b000/i2c@0/tda19988@70: Fixed dependency cycle(s) with /ocp/interconnect@48000000/segment@300000 /target-module@e000/lcdc@0
[    2.930314] omap_i2c 44e0b000.i 2c: bus 0 rev0.11 at 400 kHz
[    2.937759] sdhci-omap 480600 00.mmc: GPIO lookup for consumer cd
[    2.943919] sdhci-omap  48060000.mmc: using device tree for GPIO lookup
