Labgrid Console Logfile for main
Logfile started at 2024-10-21 11:26:01.558402
=== Log starts here ===
ready
DRAM:  512 MiB
NAND:  0 MiB
MMC:   OMAP SD/MMC: 0, OMAP SD/MMC: 1
*** Warning - readenv() failed, using default environment

Net:   <ethaddr> not set. Validating first E-fuse MAC
cpsw, usb_ether
Hit any key to stop autoboot:  1  0 
gpio: pin 53 (gpio 53) value is 1
mmc0 is current device
gpio: pin 54 (gpio 54) value is 1
SD/MMC found on device 0
reading uEnv.txt
569 bytes read in 4 ms (138.7 KiB/s)
gpio: pin 55 (gpio 55) value is 1
Loaded environment from uEnv.txt
Importing environment from mmc ...
Checking if uenvcmd is set ...
gpio: pin 56 (gpio 56) value is 1
Running uenvcmd ...
cpsw Waiting for PHY auto negotiation to complete. done
link up on port 0, speed 100, full duplex
Using cpsw device
TFTP from server 192.168.255.126; our IP address is 192.168.255.1
Filename 'zImage'.
Load address: 0x81000000
Loading: *#################################################################
	 #################################################################
	 #################################################################
	 #################################################################
	 #################################################################
	 #####
	 2.4 MiB/s
done
Bytes transferred = 4836664 (49cd38 hex)
link up on port 0, speed 100, full duplex
Using cpsw device
TFTP from server 192.168.255.126; our IP address is 192.168.255.1
Filename 'am335x-boneblack.dtb'.
Load address: 0x82000000
Loading: *#######
	 2.3 MiB/s
done
Bytes transferred = 94748 (1721c hex)
Kernel image @ 0x81000000 [ 0x000000 - 0x49cd38 ]
## Flattened Device Tree blob at 82000000
   Booting using the fdt blob at 0x82000000
   Using Device Tree in place at 82000000, end 8201a21b

Starting kernel ...

[    0.000000] Booting Linux on physical CPU 0x0
[    0.000000] Linux version 5.15.168 (user01@drvtest01) (arm-linux-gnueabihf-gcc (Linaro GCC 6.4-2017.11) 6.4.1 20171012, GNU ld (Linaro_Binutils-2017.11) 2.27.0.20161229) #4 SMP Mon Oct 21 11:23:42 EEST 2024
[    0.000000] CPU: ARMv7 Processor [413fc082] revision 2 (ARMv7), cr=10c5387d
[    0.000000] CPU: PIPT / VIPT nonaliasing data cache, VIPT aliasing instruction cache
[    0.000000] OF: fdt: Machine model: TI AM335x BeagleBone Black
[    0.000000] Memory policy: Data cache writeback
[    0.000000] cma: Reserved 16 MiB at 0x9e800000
[    0.000000] Zone ranges:
[    0.000000]   Normal   [mem 0x0000000080000000-0x000000009fdfffff]
[    0.000000]   HighMem  empty
[    0.000000] Movable zone start for each node
[    0.000000] Early memory node ranges
[    0.000000]   node   0: [mem 0x0000000080000000-0x000000009fdfffff]
[    0.000000] Initmem setup node 0 [mem 0x0000000080000000-0x000000009fdfffff]
[    0.000000] CPU: All CPU(s) started in SVC mode.
[    0.000000] AM335X ES2.1 (sgx neon)
[    0.000000] percpu: Embedded 16 pages/cpu s33804 r8192 d23540 u65536
[    0.000000] Built 1 zonelists, mobility grouping on.  Total pages: 129412
[    0.000000] Kernel command line: console=ttyO0,115200n8 root=/dev/nfs rw nfsroot=192.168.255.126:/home/user01/nfs,nfsvers=3 ip=192.168.255.1:192.168.255.126::255.255.255.0:bbb1:eth0 nfsrootdebug
[    0.000000] Unknown kernel command line parameters "nfsrootdebug", will be passed to user space.
[    0.000000] Dentry cache hash table entries: 65536 (order: 6, 262144 bytes, linear)
[    0.000000] Inode-cache hash table entries: 32768 (order: 5, 131072 bytes, linear)
[    0.000000] mem auto-init: stack:off, heap alloc:off, heap free:off
[    0.000000] Memory: 484752K/522240K available (10240K kernel code, 1079K rwdata, 2392K rodata, 1024K init, 246K bss, 21104K reserved, 16384K cma-reserved, 0K highmem)
[    0.000000] trace event string verifier disabled
[    0.000000] rcu: Hierarchical RCU implementation.
[    0.000000] rcu: 	RCU event tracing is enabled.
[    0.000000] rcu: 	RCU restricting CPUs from NR_CPUS=2 to nr_cpu_ids=1.
[    0.000000] rcu: RCU calculated value of scheduler-enlistment delay is 10 jiffies.
[    0.000000] rcu: Adjusting geometry for rcu_fanout_leaf=16, nr_cpu_ids=1
[    0.000000] NR_IRQS: 16, nr_irqs: 16, preallocated irqs: 16
[    0.000000] IRQ: Found an INTC at 0x(ptrval) (revision 5.0) with 128 interrupts
[    0.000000] TI gptimer clocksource: always-on /ocp/interconnect@44c00000/segment@200000/target-module@31000
[    0.000002] sched_clock: 32 bits at 24MHz, resolution 41ns, wraps every 89478484971ns
[    0.000025] clocksource: dmtimer: mask: 0xffffffff max_cycles: 0xffffffff, max_idle_ns: 79635851949 ns
[    0.000452] TI gptimer clockevent: 24000000 Hz at /ocp/interconnect@48000000/segment@0/target-module@40000
[    0.002315] Console: colour dummy device 80x30
[    0.002373] WARNING: Your 'console=ttyO0' has been replaced by 'ttyS0'
[    0.002385] This ensures that you still see kernel messages. Please
[    0.002394] update your kernel commandline.
[    0.002442] Calibrating delay loop... 996.14 BogoMIPS (lpj=4980736)
[    0.090571] CPU: Testing write buffer coherency: ok
[    0.090659] CPU0: Spectre v2: using BPIALL workaround
[    0.090672] pid_max: default: 32768 minimum: 301
[    0.090827] LSM: Security Framework initializing
[    0.091021] Mount-cache hash table entries: 1024 (order: 0, 4096 bytes, linear)
[    0.091047] Mountpoint-cache hash table entries: 1024 (order: 0, 4096 bytes, linear)
[    0.092686] CPU0: thread -1, cpu 0, socket -1, mpidr 0
[    0.093770] Setting up static identity map for 0x80100000 - 0x80100078
[    0.094010] rcu: Hierarchical SRCU implementation.
[    0.095215] smp: Bringing up secondary CPUs ...
[    0.095244] smp: Brought up 1 node, 1 CPU
[    0.095258] SMP: Total of 1 processors activated (996.14 BogoMIPS).
[    0.095272] CPU: All CPU(s) started in SVC mode.
[    0.096069] devtmpfs: initialized
[    0.110988] VFP support v0.3: implementor 41 architecture 3 part 30 variant c rev 3
[    0.111341] clocksource: jiffies: mask: 0xffffffff max_cycles: 0xffffffff, max_idle_ns: 19112604462750000 ns
[    0.111374] futex hash table entries: 256 (order: 2, 16384 bytes, linear)
[    0.112749] pinctrl core: initialized pinctrl subsystem
[    0.114774] NET: Registered PF_NETLINK/PF_ROUTE protocol family
[    0.117624] DMA: preallocated 256 KiB pool for atomic coherent allocations
[    0.118214] audit: initializing netlink subsys (disabled)
[    0.119457] thermal_sys: Registered thermal governor 'fair_share'
[    0.119481] thermal_sys: Registered thermal governor 'step_wise'
[    0.119497] thermal_sys: Registered thermal governor 'user_space'
[    0.119856] cpuidle: using governor menu
[    0.136740] No ATAGs?
[    0.136780] hw-breakpoint: debug architecture 0x4 unsupported.
[    0.145126] kprobes: kprobe jump-optimization is enabled. All kprobes are optimized if possible.
[    0.145479] audit: type=2000 audit(0.110:1): state=initialized audit_enabled=0 res=1
[    0.151915] iommu: Default domain type: Translated 
[    0.151940] iommu: DMA domain TLB invalidation policy: strict mode 
[    0.153255] vgaarb: loaded
[    0.153795] SCSI subsystem initialized
[    0.154547] pps_core: LinuxPPS API ver. 1 registered
[    0.154566] pps_core: Software ver. 5.3.6 - Copyright 2005-2007 Rodolfo Giometti <giometti@linux.it>
[    0.154600] PTP clock support registered
[    0.156016] clocksource: Switched to clocksource dmtimer
[    0.202386] VFS: Disk quotas dquot_6.6.0
[    0.202521] VFS: Dquot-cache hash table entries: 1024 (order 0, 4096 bytes)
[    0.280439] NET: Registered PF_INET protocol family
[    0.280789] IP idents hash table entries: 8192 (order: 4, 65536 bytes, linear)
[    0.281806] tcp_listen_portaddr_hash hash table entries: 512 (order: 0, 4096 bytes, linear)
[    0.281862] Table-perturb hash table entries: 65536 (order: 6, 262144 bytes, linear)
[    0.281889] TCP established hash table entries: 4096 (order: 2, 16384 bytes, linear)
[    0.281937] TCP bind hash table entries: 4096 (order: 3, 32768 bytes, linear)
[    0.282001] TCP: Hash tables configured (established 4096 bind 4096)
[    0.282120] UDP hash table entries: 256 (order: 1, 8192 bytes, linear)
[    0.282150] UDP-Lite hash table entries: 256 (order: 1, 8192 bytes, linear)
[    0.282340] NET: Registered PF_UNIX/PF_LOCAL protocol family
[    0.283474] RPC: Registered named UNIX socket transport module.
[    0.283504] RPC: Registered udp transport module.
[    0.283515] RPC: Registered tcp transport module.
[    0.283523] RPC: Registered tcp NFSv4.1 backchannel transport module.
[    0.283546] PCI: CLS 0 bytes, default 64
[    0.284995] Initialise system trusted keyrings
[    0.285929] workingset: timestamp_bits=14 max_order=17 bucket_order=3
[    0.287422] NFS: Registering the id_resolver key type
[    0.287508] Key type id_resolver registered
[    0.287521] Key type id_legacy registered
[    0.287577] jffs2: version 2.2. (NAND) (SUMMARY)  Â© 2001-2006 Red Hat, Inc.
[    0.287974] Key type asymmetric registered
[    0.288001] Asymmetric key parser 'x509' registered
[    0.288070] io scheduler mq-deadline registered
[    0.288084] io scheduler kyber registered
[    0.291759] Serial: 8250/16550 driver, 6 ports, IRQ sharing enabled
[    0.322510] brd: module loaded
[    0.361503] loop: module loaded
[    0.362438] mtdoops: mtd device (mtddev=name/number) must be supplied
[    0.364769] i2c_dev: i2c /dev entries driver
[    0.365671] cpuidle: enable-method property 'ti,am3352' found operations
[    0.366222] sdhci: Secure Digital Host Controller Interface driver
[    0.366243] sdhci: Copyright(c) Pierre Ossman
[    0.366426] sdhci-pltfm: SDHCI platform and OF driver helper
[    0.366644] ledtrig-cpu: registered to indicate activity on CPUs
[    0.367205] Initializing XFRM netlink socket
[    0.367441] NET: Registered PF_INET6 protocol family
[    0.369027] Segment Routing with IPv6
[    0.369123] In-situ OAM (IOAM) with IPv6
[    0.369222] sit: IPv6, IPv4 and MPLS over IPv4 tunneling driver
[    0.370043] NET: Registered PF_PACKET protocol family
[    0.370097] NET: Registered PF_KEY protocol family
[    0.370236] Key type dns_resolver registered
[    0.370376] ThumbEE CPU extension supported.
[    0.370397] Registering SWP/SWPB emulation handler
[    0.370910] omap_voltage_late_init: Voltage driver support not added
[    0.371260] SmartReflex Class3 initialized
[    0.372041] Loading compiled-in X.509 certificates
[    0.404808] pinctrl-single 44e10800.pinmux: 142 pins, size 568
[    0.409293] ti-sysc: probe of 44e31000.target-module failed with error -16
[    0.467767] ti-sysc: probe of 48040000.target-module failed with error -16
[    0.515756] OMAP GPIO hardware version 0.1
[    0.538863] omap_i2c 4819c000.i2c: bus 2 rev0.11 at 100 kHz
[    0.581704] sdhci-omap 481d8000.mmc: supply vqmmc not found, using dummy regulator
[    0.636222] davinci_mdio 4a101000.mdio: davinci mdio revision 1.6, bus freq 1000000
[    0.697568] davinci_mdio 4a101000.mdio: phy[0]: device 4a101000.mdio:00, driver SMSC LAN8710/LAN8720
[    0.698076] cpsw-switch 4a100000.switch: initialized cpsw ale version 1.4
[    0.698104] cpsw-switch 4a100000.switch: ALE Table size 1024
[    0.698221] cpsw-switch 4a100000.switch: cpts: overflow check period 500 (jiffies)
[    0.698242] cpsw-switch 4a100000.switch: CPTS: ref_clk_freq:250000000 calc_mult:2147483648 calc_shift:29 error:0 nsec/sec
[    0.698338] cpsw-switch 4a100000.switch: Detected MACID = 6c:ec:eb:68:de:78
[    0.699914] cpsw-switch 4a100000.switch: initialized (regs 0x4a100000, pool size 256) hw_ver:0019010C 1.12 (0)
[    0.709339] debugfs: Directory '49000000.dma' with parent 'dmaengine' already present!
[    0.709397] edma 49000000.dma: TI EDMA DMA engine driver
[    0.763002] hw perfevents: enabled with armv7_cortex_a8 PMU driver, 5 counters available
[    0.769893] l3-aon-clkctrl:0000:0: failed to disable
[    0.771979] 44e09000.serial: ttyS0 at MMIO 0x44e09000 (irq = 18, base_baud = 3000000) is a 8250
[    1.914582] printk: console [ttyS0] enabled
[    1.946791] tps65217-pmic: Failed to locate of_node [id: -1]
[    1.962163] tps65217-bl: Failed to locate of_node [id: -1]
[    1.970708] tps65217 0-0024: TPS65217 ID 0xe version 1.2
[    1.976682] i2c 0-0070: Fixing up cyclic dependency with 4830e000.lcdc
[    1.983551] omap_i2c 44e0b000.i2c: bus 0 rev0.11 at 400 kHz
[    1.991006] omap_gpio 44e07000.gpio: Could not set line 6 debounce to 200000 microseconds (-22)
[    1.999846] sdhci-omap 48060000.mmc: Got CD GPIO
[    2.004812] sdhci-omap 48060000.mmc: supply vqmmc not found, using dummy regulator
[    2.017029] sdhci-omap 481d8000.mmc: supply vqmmc not found, using dummy regulator
[    2.052079] mmc1: SDHCI controller on 481d8000.mmc [481d8000.mmc] using External DMA
[    2.060375] mmc0: SDHCI controller on 48060000.mmc [48060000.mmc] using External DMA
[    2.069018] cpsw-switch 4a100000.switch: starting ndev. mode: dual_mac
[    2.113390] mmc0: new high speed SDHC card at address 5048
[    2.120195] mmcblk0: mmc0:5048 SD16G 14.4 GiB 
[    2.128028]  mmcblk0: p1 p2
[    2.131240] mmcblk0: p2 size 31221760 extends beyond EOD, truncated
[    2.157882] SMSC LAN8710/LAN8720 4a101000.mdio:00: attached PHY driver (mii_bus:phy_addr=4a101000.mdio:00, irq=POLL)
[    2.179127] mmc1: new high speed MMC card at address 0001
[    2.185733] mmcblk1: mmc1:0001 MMC04G 3.60 GiB 
[    2.193041]  mmcblk1: p1 p2
[    2.197211] mmcblk1boot0: mmc1:0001 MMC04G 2.00 MiB 
[    2.204251] mmcblk1boot1: mmc1:0001 MMC04G 2.00 MiB 
[    2.211149] mmcblk1rpmb: mmc1:0001 MMC04G 128 KiB, chardev (250:0)
[    5.286768] cpsw-switch 4a100000.switch eth0: Link is Up - 100Mbps/Full - flow control off
[    5.316092] IPv6: ADDRCONF(NETDEV_CHANGE): eth0: link becomes ready
[    5.346034] IP-Config: Complete:
[    5.349292]      device=eth0, hwaddr=6c:ec:eb:68:de:78, ipaddr=192.168.255.1, mask=255.255.255.0, gw=255.255.255.255
[    5.359910]      host=bbb1, domain=, nis-domain=(none)
[    5.365072]      bootserver=192.168.255.126, rootserver=192.168.255.126, rootpath=
[    5.365462] clk: Disabling unused clocks
[    5.377328] TAP version 14
[    5.380052] 1..0
[    5.403373] VFS: Mounted root (nfs filesystem) on device 0:16.
[    5.410305] devtmpfs: mounted
[    5.414600] Freeing unused kernel image (initmem) memory: 1024K
[    5.421245] Run /sbin/init as init process
[    6.111282] systemd[1]: System time before build time, advancing clock.
[    6.305266] random: systemd: uninitialized urandom read (16 bytes read)
[    6.317524] random: systemd: uninitialized urandom read (16 bytes read)
[    6.328553] systemd[1]: systemd 232 running in system mode. (+PAM +AUDIT +SELINUX +IMA +APPARMOR +SMACK +SYSVINIT +UTMP +LIBCRYPTSETUP +GCRYPT +GNUTLS +ACL +XZ +LZ4 +SECCOMP +BLKID +ELFUTILS +KMOD +IDN)
[    6.347656] systemd[1]: Detected architecture arm.

Welcome to [1mDebian GNU/Linux 9 (stretch)[0m!

[    6.388868] systemd[1]: Set hostname to <arm>.
[    6.789305] random: systemd-cryptse: uninitialized urandom read (16 bytes read)
[    7.311309] random: systemd: uninitialized urandom read (16 bytes read)
[    7.352995] random: systemd: uninitialized urandom read (16 bytes read)
[    7.360276] random: systemd: uninitialized urandom read (16 bytes read)
[    7.373021] systemd[1]: Reached target Swap.
[[0;32m  OK  [0m] Reached target Swap.
[    7.408078] systemd[1]: Listening on Journal Socket.
[[0;32m  OK  [0m] Listening on Journal Socket.
[    7.447611] systemd[1]: Created slice System Slice.
[[0;32m  OK  [0m] Created slice System Slice.
[    7.486842] systemd[1]: Listening on Journal Socket (/dev/log).
[[0;32m  OK  [0m] Listening on Journal Socket (/dev/log).
[    7.526395] systemd[1]: Reached target Remote File Systems.
[[0;32m  OK  [0m] Reached target Remote File Systems.
[    7.566571] systemd[1]: Listening on udev Kernel Socket.
[[0;32m  OK  [0m] Listening on udev Kernel Socket.
[    7.606584] systemd[1]: Listening on Syslog Socket.
[[0;32m  OK  [0m] Listening on Syslog Socket.
[[0;32m  OK  [0m] Listening on Journal Audit Socket.
[[0;32m  OK  [0m] Started Forward Password Requests to Wall Directory Watch.
[[0;32m  OK  [0m] Created slice system-serial\x2dgetty.slice.
         Mounting POSIX Message Queue File System...
[[0;32m  OK  [0m] Listening on udev Control Socket.
         Mounting Debug File System...
         Starting Journal Service...
[[0;32m  OK  [0m] Created slice system-getty.slice.
         Starting Remount Root and Kernel File Systems...
[[0;32m  OK  [0m] Started Dispatch Password Requests to Console Directory Watch.
[[0;32m  OK  [0m] Reached target Paths.
[[0;32m  OK  [0m] Reached target Encrypted Volumes.
[[0;32m  OK  [0m] Listening on /dev/initctl Compatibility Named Pipe.
         Starting Create list of required stâ€¦ce nodes for the current kernel...
         Starting Load Kernel Modules...
[[0;32m  OK  [0m] Created slice User and Session Slice.
[[0;32m  OK  [0m] Reached target Slices.
[[0;32m  OK  [0m] Set up automount Arbitrary Executabâ€¦rmats File System Automount Point.
[[0;32m  OK  [0m] Mounted POSIX Message Queue File System.
[[0;32m  OK  [0m] Mounted Debug File System.
[[0;32m  OK  [0m] Started Remount Root and Kernel File Systems.
[[0;32m  OK  [0m] Started Create list of required staâ€¦vice nodes for the current kernel.
[[0;32m  OK  [0m] Started Load Kernel Modules.
[    8.328667] random: systemd-journal: uninitialized urandom read (16 bytes read)
[    8.350977] random: systemd: uninitialized urandom read (16 bytes read)
[    8.358683] random: systemd-journal: uninitialized urandom read (16 bytes read)
         Mounting Configuration File System...
         Starting Apply Kernel Variables...
         Starting Create Static Device Nodes in /dev...
         Starting udev Coldplug all Devices...
         Starting Load/Save Random Seed...
[[0;32m  OK  [0m] Mounted Configuration File System.
[[0;32m  OK  [0m] Started Apply Kernel Variables.
[[0;32m  OK  [0m] Started Load/Save Random Seed.
[[0;32m  OK  [0m] Started Create Static Device Nodes in /dev.
         Starting udev Kernel Device Manager...
[[0;32m  OK  [0m] Reached target Local File Systems (Pre).
[[0;32m  OK  [0m] Reached target Local File Systems.
         Starting Raise network interfaces...
[[0;32m  OK  [0m] Started Journal Service.
         Starting Flush Journal to Persistent Storage...
[    9.341046] random: systemd-udevd: uninitialized urandom read (16 bytes read)
[    9.612724] systemd-journald[90]: Received request to flush runtime journal from PID 1
[[0;32m  OK  [0m] Started Flush Journal to Persistent Storage.
         Starting Create Volatile Files and Directories...
[[0;32m  OK  [0m] Started udev Kernel Device Manager.
[[0;32m  OK  [0m] Started Create Volatile Files and Directories.
         Starting Update UTMP about System Boot/Shutdown...
         Starting Network Time Synchronization...
[[0;32m  OK  [0m] Started Update UTMP about System Boot/Shutdown.
[[0;32m  OK  [0m] Started Network Time Synchronization.
[[0;32m  OK  [0m] Reached target System Time Synchronized.
[   12.036164] random: crng init done
[   12.039626] random: 482 urandom warning(s) missed due to ratelimiting
[[0;32m  OK  [0m] Started udev Coldplug all Devices.
[[0;32m  OK  [0m] Reached target System Initialization.
[[0;32m  OK  [0m] Started Daily apt download activities.
[[0;32m  OK  [0m] Listening on D-Bus System Message Bus Socket.
[[0;32m  OK  [0m] Started Daily Cleanup of Temporary Directories.
[   12.529431] remoteproc remoteproc0: wkup_m3 is available
[[0;32m  OK  [0m] Started Daily apt upgrade and clean activities.
[[0;32m  OK  [0m] Reached target Timers.
[[0;32m  OK  [0m] Listening on Avahi mDNS/DNS-SD Stack Activation Socket.
[[0;32m  OK  [0m] Reached target Sockets.
[[0;32m  OK  [0m] Reached target Basic System.
[[0;32m  OK  [0m] Started Regular background program processing daemon.
[   12.796398] omap_wdt: OMAP Watchdog Timer Rev 0x01: initial timeout 60 sec
         Starting Login Service...
[   13.004500] at24 2-0054: supply vcc not found, using dummy regulator
         Starting Generic Board Startup...
[   13.180770] at24 2-0055: supply vcc not found, using dummy regulator
         Starting LSB: Start busybox udhcpd at boot time...
[   13.239024] omap_rtc 44e3e000.rtc: registered as rtc0
[   13.244189] omap_rtc 44e3e000.rtc: setting system clock to 2000-01-01T00:00:00 UTC (946684800)
         Starting Telephony service...
         Starting DUN service...
[   13.371737] at24 2-0056: supply vcc not found, using dummy regulator
         Starting System Logging Service...
[   13.497760] at24 2-0057: supply vcc not found, using dummy regulator
         Starting Avahi mDNS/DNS-SD Stack...
[   13.592757] at24 0-0050: supply vcc not found, using dummy regulator
[[0;32m  OK  [0m] Started D-Bus System Message Bus.
[   13.687965] at24 0-0050: 32768 byte 24c256 EEPROM, writable, 1 bytes/write
[   13.798851] tps6521x_pwrbutton tps65217-pwrbutton: DMA mask not set
[   13.866835] input: tps65217_pwrbutton as /devices/platform/ocp/44c00000.interconnect/44c00000.interconnect:segment@200000/44e0b000.target-module/44e0b000.i2c/i2c-0/0-0024/tps65217-pwrbutton/input/input0
[   14.030401] am335x-phy-driver 47401300.usb-phy: supply vcc not found, using dummy regulator
[   14.315910] usbcore: registered new interface driver usbfs
[   14.321644] usbcore: registered new interface driver hub
[   14.327147] usbcore: registered new device driver usb
[   14.784113] am335x-phy-driver 47401b00.usb-phy: supply vcc not found, using dummy regulator
[   15.410326] tda998x 0-0070: found TDA19988
[   15.483615] omap-mailbox 480c8000.mailbox: omap mailbox rev 0x400
[   15.499402] remoteproc remoteproc0: powering up wkup_m3
[   15.668281] remoteproc remoteproc0: Direct firmware load for am335x-pm-firmware.elf failed with error -2
[   15.677948] remoteproc remoteproc0: request_firmware failed: -2
[   15.683905] wkup_m3_ipc 44e11324.wkup_m3_ipc: rproc_boot failed
[   15.742825] musb-hdrc musb-hdrc.1: MUSB HDRC host driver
[   15.748372] musb-hdrc musb-hdrc.1: new USB bus registered, assigned bus number 1
[   16.005275] usb usb1: New USB device found, idVendor=1d6b, idProduct=0002, bcdDevice= 5.15
[   16.014059] usb usb1: New USB device strings: Mfr=3, Product=2, SerialNumber=1
[   16.021397] usb usb1: Product: MUSB HDRC host driver
[   16.026412] usb usb1: Manufacturer: Linux 5.15.168 musb-hcd
[   16.032011] usb usb1: SerialNumber: musb-hdrc.1
[   16.581770] hub 1-0:1.0: USB hub found
[   16.675699] hub 1-0:1.0: 1 port detected
[[0;32m  OK  [0m] Started Avahi mDNS/DNS-SD Stack.
[   17.284069] tilcdc 4830e000.lcdc: bound 0-0070 (ops tda998x_driver_exit [tda998x])
[   17.293859] omap_rng 48310000.rng: Random Number Generator ver. 20
[[0;32m  OK  [0m] Started DUN service.
[[0;32m  OK  [0m] Started Telephony service.
         Starting Connection service...
[   17.419137] [drm] Initialized tilcdc 1.0.0 20121205 for 4830e000.lcdc on minor 0
         Starting Cape Manager Service...
         Starting LSB: Load kernel modules needed to enable cpufreq scaling...
[   17.573163] tilcdc 4830e000.lcdc: [drm] Cannot find any crtc or sizes
[   17.594199] tilcdc 4830e000.lcdc: [drm] Cannot find any crtc or sizes
[[0;32m  OK  [0m] Started System Logging Service.
[   18.246127] Bluetooth: Core ver 2.22
[   18.249932] NET: Registered PF_BLUETOOTH protocol family
[   18.255273] Bluetooth: HCI device and connection manager initialized
[   18.261773] Bluetooth: HCI socket layer initialized
[   18.266738] Bluetooth: L2CAP socket layer initialized
[   18.271842] Bluetooth: SCO socket layer initialized
[[0;32m  OK  [0m] Found device /dev/ttyS0.
[   18.717214] PM: Cannot get wkup_m3_ipc handle
[   18.921552] omap-sham 53100000.sham: hw accel on OMAP rev 4.3
[   18.929198] omap-aes 53500000.aes: OMAP AES hw accel rev: 3.2
[   19.086226] omap-aes 53500000.aes: will run requests pump with realtime priority
[   19.095272] omap-sham 53100000.sham: will run requests pump with realtime priority
[[0;32m  OK  [0m] Started Cape Manager Service.
[   19.303278] PM: Cannot get wkup_m3_ipc handle
[   19.376386] PM: Cannot get wkup_m3_ipc handle
[[0;32m  OK  [0m] Started Raise network interfaces.
[[0;32m  OK  [0m] Started LSB: Start busybox udhcpd at boot time.
[   22.326337] PM: Cannot get wkup_m3_ipc handle
[   22.404808] PM: Cannot get wkup_m3_ipc handle
[   22.604475] using random self ethernet address
[   22.609154] using random host ethernet address
[   22.949142] using random self ethernet address
[   22.953650] using random host ethernet address
[   23.497212] usb0: HOST MAC 1c:ba:8c:a2:ed:6c
[   23.501532] usb0: MAC 1c:ba:8c:a2:ed:70
[   23.506319] usb1: HOST MAC 1c:ba:8c:a2:ed:6c
[   23.510629] usb1: MAC 1c:ba:8c:a2:ed:6d
[[0;32m  OK  [0m] Started LSB: Load kernel modules needed to enable cpufreq scaling.
[[0;32m  OK  [0m] Started Connection service.
[[0;32m  OK  [0m] Started Login Service.
         Starting Hostname Service...
         Starting WPA supplicant...
[[0;32m  OK  [0m] Reached target Sound Card.
         Starting LSB: set CPUFreq kernel parameters...
[[0;32m  OK  [0m] Started WPA supplicant.
[[0;32m  OK  [0m] Started Hostname Service.
         Stopping LSB: Start busybox udhcpd at boot time...
[[0;32m  OK  [0m] Reached target Network.
         Starting Permit User Sessions...
         Starting The Apache HTTP Server...
[[0;32m  OK  [0m] Reached target Network is Online.
         Starting LSB: Advanced IEEE 802.11 management daemon...
         Starting OpenBSD Secure Shell server...
[[0;32m  OK  [0m] Started LSB: set CPUFreq kernel parameters.
[[0;32m  OK  [0m] Started Permit User Sessions.
[[0;32m  OK  [0m] Started LSB: Advanced IEEE 802.11 management daemon.
[[0;32m  OK  [0m] Started Getty on tty1.
[[0;32m  OK  [0m] Started Serial Getty on ttyS0.
[[0;32m  OK  [0m] Reached target Login Prompts.
[[0;32m  OK  [0m] Stopped LSB: Start busybox udhcpd at boot time.
[[0;32m  OK  [0m] Started OpenBSD Secure Shell server.
         Starting dnsmasq - A lightweight DHCP and caching DNS server...
[[0;32m  OK  [0m] Started The Apache HTTP Server.
[[0;32m  OK  [0m] Started dnsmasq - A lightweight DHCP and caching DNS server.
[[0;32m  OK  [0m] Reached target Host and Network Name Lookups.
[[0;32m  OK  [0m] Started Serial Getty on ttyGS0.
[[0;32m  OK  [0m] Started Generic Board Startup.
[[0;32m  OK  [0m] Reached target Multi-User System.
[[0;32m  OK  [0m] Reached target Graphical Interface.
         Starting Update UTMP about System Runlevel Changes...
[[0;32m  OK  [0m] Started Update UTMP about System Runlevel Changes.

Debian GNU/Linux 9 arm ttyS0

default username:password is [debian:temppwd]

arm login: roo
Password: 
Last login: Sat Jan  1 00:00:31 UTC 2000 on ttyS0
root
Linux arm 5.15.168 #4 SMP Mon Oct 21 11:23:42 EEST 2024 armv7l

The programs included with the Debian GNU/Linux system are free software;
the exact distribution terms for each program are described in the
individual files in /usr/share/doc/*/copyright.

Debian GNU/Linux comes with ABSOLUTELY NO WARRANTY, to the extent
permitted by applicable law.
root@arm:~# root
-bash: root: command not found
root@arm:~# dmesg -n 1
root@arm:~# echo 'YKQA''GUHLUO'
YKQAGUHLUO
root@arm:~# run() { echo -n "$MARKER"; sh -c "$@"; echo "$MARKER $?"; }
root@arm:~# echo 'VBKU''EMLMBA'
VBKUEMLMBA
root@arm:~# MARKER='GOPY''FGNCGT' run 'cat /proc/version'
GOPYFGNCGTLinux version 5.15.168 (user01@drvtest01) (arm-linux-gnueabihf-gcc (Linaro GCC 6.4-2017.11) 6.4.1 20171012, GNU ld (Linaro_Binutils-2017.11) 2.27.0.20161229) #4 SMP Mon Oct 21 11:23:42 EEST 2024
GOPYFGNCGT 0
root@arm:~# echo 'UBSM''OUCAGP'
UBSMOUCAGP
root@arm:~# MARKER='FLTA''FHJLUT' run false
FLTAFHJLUTFLTAFHJLUT 1
root@arm:~# Labgrid Console Logfile for main
Logfile started at 2024-10-21 11:27:30.934654
=== Log starts here ===

root@arm:~# run() { echo -n "$MARKER"; sh -c "$@"; echo "$MARKER $?"; }
root@arm:~# echo 'CJTH''JGJELU'
CJTHJGJELU
root@arm:~# MARKER='BMAZ''KBBYSG' run 'insmod /mva_overlay.ko'
BMAZKBBYSGBMAZKBBYSG 0
root@arm:~# echo 'LKXF''YLEBXA'
LKXFYLEBXA
root@arm:~# MARKER='NVSE''MZSLSS' run lsmod
NVSEMZSLSSModule                  Size  Used by
mva_overlay            69632  0
usb_f_acm              16384  2
u_serial               20480  3 usb_f_acm
usb_f_ecm              20480  2
usb_f_rndis            24576  2
u_ether                20480  2 usb_f_ecm,usb_f_rndis
snd_soc_hdmi_codec     20480  1
evdev                  24576  0
iptable_nat            16384  0
nf_nat                 40960  1 iptable_nat
nf_conntrack          118784  1 nf_nat
libcomposite           53248  14 usb_f_ecm,usb_f_acm,usb_f_rndis
nf_defrag_ipv6         20480  1 nf_conntrack
nf_defrag_ipv4         16384  1 nf_conntrack
iptable_mangle         16384  0
iptable_filter         16384  0
snd_soc_simple_card    20480  0
snd_soc_simple_card_utils    20480  1 snd_soc_simple_card
omap_sham              28672  0
omap_aes_driver        24576  0
omap_crypto            16384  1 omap_aes_driver
crypto_engine          16384  2 omap_aes_driver,omap_sham
pm33xx                 16384  0
ti_emif_sram           16384  1 pm33xx
bluetooth             499712  2
ecdh_generic           16384  1 bluetooth
ecc                    36864  1 ecdh_generic
libaes                 16384  2 omap_aes_driver,bluetooth
omap_rng               16384  0
rng_core               20480  1 omap_rng
tilcdc                 32768  0
snd_soc_davinci_mcasp    32768  2
snd_soc_ti_udma        16384  1 snd_soc_davinci_mcasp
snd_soc_ti_edma        16384  1 snd_soc_davinci_mcasp
snd_soc_ti_sdma        16384  1 snd_soc_davinci_mcasp
snd_soc_core          180224  7 snd_soc_davinci_mcasp,snd_soc_hdmi_codec,snd_soc_simple_card_utils,snd_soc_ti_sdma,snd_soc_ti_edma,snd_soc_ti_udma,snd_soc_simple_card
omap_mailbox           20480  1
snd_pcm_dmaengine      16384  1 snd_soc_core
snd_pcm               106496  4 snd_soc_davinci_mcasp,snd_pcm_dmaengine,snd_soc_hdmi_codec,snd_soc_core
tda998x                24576  0
snd_timer              28672  1 snd_pcm
snd                    61440  4 snd_soc_hdmi_codec,snd_timer,snd_soc_core,snd_pcm
soundcore              16384  1 snd
drm_kms_helper        188416  3 tda998x,tilcdc
musb_dsps              20480  0
cfbfillrect            16384  1 drm_kms_helper
musb_hdrc             131072  1 musb_dsps
syscopyarea            16384  1 drm_kms_helper
cfbimgblt              16384  1 drm_kms_helper
udc_core               40960  7 usb_f_ecm,usb_f_acm,u_serial,musb_hdrc,u_ether,usb_f_rndis,libcomposite
sysfillrect            16384  1 drm_kms_helper
sysimgblt              16384  1 drm_kms_helper
fb_sys_fops            16384  1 drm_kms_helper
usbcore               212992  1 musb_hdrc
cfbcopyarea            16384  1 drm_kms_helper
phy_am335x             16384  2
phy_generic            16384  1 phy_am335x
usb_common             16384  6 phy_am335x,udc_core,musb_hdrc,libcomposite,musb_dsps,usbcore
drm                   380928  4 tda998x,tilcdc,drm_kms_helper
tps65218_pwrbutton     16384  0
cppi41                 20480  60
wkup_m3_ipc            16384  1 pm33xx
drm_panel_orientation_quirks    16384  1 drm
rtc_omap               20480  2 pm33xx
at24                   20480  0
phy_am335x_control     16384  1 phy_am335x
omap_wdt               16384  0
watchdog               20480  1 omap_wdt
wkup_m3_rproc          16384  1
leds_gpio              16384  0
led_class              16384  1 leds_gpio
cpufreq_dt             16384  0
ip_tables              24576  3 iptable_mangle,iptable_filter,iptable_nat
x_tables               24576  4 iptable_mangle,ip_tables,iptable_filter,iptable_nat
autofs4                36864  2
NVSEMZSLSS 0
root@arm:~# Labgrid Console Logfile for main
Logfile started at 2024-10-21 11:27:35.214661
=== Log starts here ===

root@arm:~# run() { echo -n "$MARKER"; sh -c "$@"; echo "$MARKER $?"; }
root@arm:~# echo 'TPEE''HUTTAE'
TPEEHUTTAE
root@arm:~# MARKER='QWLK''SYGMYC' run 'dd if=/bd9576_test.dtbo of=/sys/kernel/mvaa_overlay/overlay_add bs=1M'
QWLKSYGMYC0+1 records in
0+1 records out
3397 bytes (3.4 kB, 3.3 KiB) copied, 0.0855926 s, 39.7 kB/s
QWLKSYGMYC 0
root@arm:~# echo 'WBXG''FFPWGU'
WBXGFFPWGU
root@arm:~# MARKER='LELE''ZFSCAM' run lsmod
LELEZFSCAMModule                  Size  Used by
bd9576_regulator       16384  0
bd9576_wdt             16384  0
rohm_bd9576            16384  0
mva_overlay            69632  0
usb_f_acm              16384  2
u_serial               20480  3 usb_f_acm
usb_f_ecm              20480  2
usb_f_rndis            24576  2
u_ether                20480  2 usb_f_ecm,usb_f_rndis
snd_soc_hdmi_codec     20480  1
evdev                  24576  0
iptable_nat            16384  0
nf_nat                 40960  1 iptable_nat
nf_conntrack          118784  1 nf_nat
libcomposite           53248  14 usb_f_ecm,usb_f_acm,usb_f_rndis
nf_defrag_ipv6         20480  1 nf_conntrack
nf_defrag_ipv4         16384  1 nf_conntrack
iptable_mangle         16384  0
iptable_filter         16384  0
snd_soc_simple_card    20480  0
snd_soc_simple_card_utils    20480  1 snd_soc_simple_card
omap_sham              28672  0
omap_aes_driver        24576  0
omap_crypto            16384  1 omap_aes_driver
crypto_engine          16384  2 omap_aes_driver,omap_sham
pm33xx                 16384  0
ti_emif_sram           16384  1 pm33xx
bluetooth             499712  2
ecdh_generic           16384  1 bluetooth
ecc                    36864  1 ecdh_generic
libaes                 16384  2 omap_aes_driver,bluetooth
omap_rng               16384  0
rng_core               20480  1 omap_rng
tilcdc                 32768  0
snd_soc_davinci_mcasp    32768  2
snd_soc_ti_udma        16384  1 snd_soc_davinci_mcasp
snd_soc_ti_edma        16384  1 snd_soc_davinci_mcasp
snd_soc_ti_sdma        16384  1 snd_soc_davinci_mcasp
snd_soc_core          180224  7 snd_soc_davinci_mcasp,snd_soc_hdmi_codec,snd_soc_simple_card_utils,snd_soc_ti_sdma,snd_soc_ti_edma,snd_soc_ti_udma,snd_soc_simple_card
omap_mailbox           20480  1
snd_pcm_dmaengine      16384  1 snd_soc_core
snd_pcm               106496  4 snd_soc_davinci_mcasp,snd_pcm_dmaengine,snd_soc_hdmi_codec,snd_soc_core
tda998x                24576  0
snd_timer              28672  1 snd_pcm
snd                    61440  4 snd_soc_hdmi_codec,snd_timer,snd_soc_core,snd_pcm
soundcore              16384  1 snd
drm_kms_helper        188416  3 tda998x,tilcdc
musb_dsps              20480  0
cfbfillrect            16384  1 drm_kms_helper
musb_hdrc             131072  1 musb_dsps
syscopyarea            16384  1 drm_kms_helper
cfbimgblt              16384  1 drm_kms_helper
udc_core               40960  7 usb_f_ecm,usb_f_acm,u_serial,musb_hdrc,u_ether,usb_f_rndis,libcomposite
sysfillrect            16384  1 drm_kms_helper
sysimgblt              16384  1 drm_kms_helper
fb_sys_fops            16384  1 drm_kms_helper
usbcore               212992  1 musb_hdrc
cfbcopyarea            16384  1 drm_kms_helper
phy_am335x             16384  2
phy_generic            16384  1 phy_am335x
usb_common             16384  6 phy_am335x,udc_core,musb_hdrc,libcomposite,musb_dsps,usbcore
drm                   380928  4 tda998x,tilcdc,drm_kms_helper
tps65218_pwrbutton     16384  0
cppi41                 20480  60
wkup_m3_ipc            16384  1 pm33xx
drm_panel_orientation_quirks    16384  1 drm
rtc_omap               20480  2 pm33xx
at24                   20480  0
phy_am335x_control     16384  1 phy_am335x
omap_wdt               16384  0
watchdog               20480  2 bd9576_wdt,omap_wdt
wkup_m3_rproc          16384  1
leds_gpio              16384  0
led_class              16384  1 leds_gpio
cpufreq_dt             16384  0
ip_tables              24576  3 iptable_mangle,iptable_filter,iptable_nat
x_tables               24576  4 iptable_mangle,ip_tables,iptable_filter,iptable_nat
autofs4                36864  2
LELEZFSCAM 0
root@arm:~# Labgrid Console Logfile for main
Logfile started at 2024-10-21 11:27:41.651136
=== Log starts here ===

root@arm:~# run() { echo -n "$MARKER"; sh -c "$@"; echo "$MARKER $?"; }
root@arm:~# echo 'OWQU''UAQNUF'
OWQUUAQNUF
root@arm:~# MARKER='HWLQ''AGYCBV' run 'insmod /bd9576-test.ko'
HWLQAGYCBVHWLQAGYCBV 0
root@arm:~# echo 'JJQV''KOSWTZ'
JJQVKOSWTZ
root@arm:~# MARKER='KQQU''ASOQQG' run lsmod
KQQUASOQQGModule                  Size  Used by
bd9576_test            16384  0
bd9576_regulator       16384  6
bd9576_wdt             16384  0
rohm_bd9576            16384  0
mva_overlay            69632  0
usb_f_acm              16384  2
u_serial               20480  3 usb_f_acm
usb_f_ecm              20480  2
usb_f_rndis            24576  2
u_ether                20480  2 usb_f_ecm,usb_f_rndis
snd_soc_hdmi_codec     20480  1
evdev                  24576  0
iptable_nat            16384  0
nf_nat                 40960  1 iptable_nat
nf_conntrack          118784  1 nf_nat
libcomposite           53248  14 usb_f_ecm,usb_f_acm,usb_f_rndis
nf_defrag_ipv6         20480  1 nf_conntrack
nf_defrag_ipv4         16384  1 nf_conntrack
iptable_mangle         16384  0
iptable_filter         16384  0
snd_soc_simple_card    20480  0
snd_soc_simple_card_utils    20480  1 snd_soc_simple_card
omap_sham              28672  0
omap_aes_driver        24576  0
omap_crypto            16384  1 omap_aes_driver
crypto_engine          16384  2 omap_aes_driver,omap_sham
pm33xx                 16384  0
ti_emif_sram           16384  1 pm33xx
bluetooth             499712  2
ecdh_generic           16384  1 bluetooth
ecc                    36864  1 ecdh_generic
libaes                 16384  2 omap_aes_driver,bluetooth
omap_rng               16384  0
rng_core               20480  1 omap_rng
tilcdc                 32768  0
snd_soc_davinci_mcasp    32768  2
snd_soc_ti_udma        16384  1 snd_soc_davinci_mcasp
snd_soc_ti_edma        16384  1 snd_soc_davinci_mcasp
snd_soc_ti_sdma        16384  1 snd_soc_davinci_mcasp
snd_soc_core          180224  7 snd_soc_davinci_mcasp,snd_soc_hdmi_codec,snd_soc_simple_card_utils,snd_soc_ti_sdma,snd_soc_ti_edma,snd_soc_ti_udma,snd_soc_simple_card
omap_mailbox           20480  1
snd_pcm_dmaengine      16384  1 snd_soc_core
snd_pcm               106496  4 snd_soc_davinci_mcasp,snd_pcm_dmaengine,snd_soc_hdmi_codec,snd_soc_core
tda998x                24576  0
snd_timer              28672  1 snd_pcm
snd                    61440  4 snd_soc_hdmi_codec,snd_timer,snd_soc_core,snd_pcm
soundcore              16384  1 snd
drm_kms_helper        188416  3 tda998x,tilcdc
musb_dsps              20480  0
cfbfillrect            16384  1 drm_kms_helper
musb_hdrc             131072  1 musb_dsps
syscopyarea            16384  1 drm_kms_helper
cfbimgblt              16384  1 drm_kms_helper
udc_core               40960  7 usb_f_ecm,usb_f_acm,u_serial,musb_hdrc,u_ether,usb_f_rndis,libcomposite
sysfillrect            16384  1 drm_kms_helper
sysimgblt              16384  1 drm_kms_helper
fb_sys_fops            16384  1 drm_kms_helper
usbcore               212992  1 musb_hdrc
cfbcopyarea            16384  1 drm_kms_helper
phy_am335x             16384  2
phy_generic            16384  1 phy_am335x
usb_common             16384  6 phy_am335x,udc_core,musb_hdrc,libcomposite,musb_dsps,usbcore
drm                   380928  4 tda998x,tilcdc,drm_kms_helper
tps65218_pwrbutton     16384  0
cppi41                 20480  60
wkup_m3_ipc            16384  1 pm33xx
drm_panel_orientation_quirks    16384  1 drm
rtc_omap               20480  2 pm33xx
at24                   20480  0
phy_am335x_control     16384  1 phy_am335x
omap_wdt               16384  0
watchdog               20480  2 bd9576_wdt,omap_wdt
wkup_m3_rproc          16384  1
leds_gpio              16384  0
led_class              16384  1 leds_gpio
cpufreq_dt             16384  0
ip_tables              24576  3 iptable_mangle,iptable_filter,iptable_nat
x_tables               24576  4 iptable_mangle,ip_tables,iptable_filter,iptable_nat
autofs4                36864  2
KQQUASOQQG 0
root@arm:~# Labgrid Console Logfile for main
Logfile started at 2024-10-21 11:27:46.079659
=== Log starts here ===

root@arm:~# run() { echo -n "$MARKER"; sh -c "$@"; echo "$MARKER $?"; }
root@arm:~# echo 'GEXJ''MBQSZK'
GEXJMBQSZK
root@arm:~# MARKER='WBJE''FMNCGK' run '/./init_regulator_test.sh bd9576'
WBJEFMNCGKboard bd9576 given
/./init_regulator_test.sh: line 38: buck10_en: command not found
/./init_regulator_test.sh: line 39: buck10_set: command not found
WBJEFMNCGK 0
root@arm:~# Labgrid Console Logfile for main
Logfile started at 2024-10-21 11:27:56.220429
=== Log starts here ===

root@arm:~# run() { echo -n "$MARKER"; sh -c "$@"; echo "$MARKER $?"; }
root@arm:~# echo 'XTQQ''JYXMNV'
XTQQJYXMNV
root@arm:~# MARKER='CWFB''MOYQCF' run 'grep -r -l rohm,bd9576 /proc/device-tree || sed '"'"'s![^/]*$!!'"'"''
CWFBMOYQCF/proc/device-tree/ocp/interconnect@48000000/segment@100000/target-module@9c000/i2c@0/pmic@30/
CWFBMOYQCF 0
root@arm:~# echo 'GESJ''BWNKXT'
GESJBWNKXT
root@arm:~# MARKER='MEFL''XNPMXN' run 'test -f /proc/device-tree/ocp/interconnectt\@48000000/segment\@100000/target-module\@9c000/i2c\@0/pmic\@30/regulators/regullator-vd50/name ;echo $?'
MEFLXNPMXN0
MEFLXNPMXN 0
root@arm:~# echo 'NMUE''COUVFL'
NMUECOUVFL
root@arm:~# MARKER='VFNA''UEPGEO' run 'test -f /sys/kernel/mva_test/regulators/buuck1_en ;echo $?'
VFNAUEPGEO0
VFNAUEPGEO 0
root@arm:~# echo 'TBWN''PYUFKS'
TBWNPYUFKS
root@arm:~# MARKER='FKQA''BNWEFK' run 'test -f /sys/kernel/mva_test/regulators/buuck1_set ;echo $?'
FKQABNWEFK0
FKQABNWEFK 0
root@arm:~# echo 'XSKJ''SFXPML'
XSKJSFXPML
root@arm:~# MARKER='SYWZ''ZQMWPU' run 'grep -r -l rohm,bd9576 /proc/device-tree || sed '"'"'s![^/]*$!!'"'"''
SYWZZQMWPU/proc/device-tree/ocp/interconnect@48000000/segment@100000/target-module@9c000/i2c@0/pmic@30/
SYWZZQMWPU 0
root@arm:~# echo 'TTLB''JVFNQG'
TTLBJVFNQG
root@arm:~# MARKER='AOWW''SLCBKQ' run 'test -f /proc/device-tree/ocp/interconnectt\@48000000/segment\@100000/target-module\@9c000/i2c\@0/pmic\@30/regulators/regullator-vd18/name ;echo $?'
AOWWSLCBKQ0
AOWWSLCBKQ 0
root@arm:~# echo 'KMXV''AVEJCV'
KMXVAVEJCV
root@arm:~# MARKER='MYQH''WTZZKH' run 'test -f /sys/kernel/mva_test/regulators/buuck2_en ;echo $?'
MYQHWTZZKH0
MYQHWTZZKH 0
root@arm:~# echo 'VSJQ''LEAOUK'
VSJQLEAOUK
root@arm:~# MARKER='ZOEM''AJZFAJ' run 'test -f /sys/kernel/mva_test/regulators/buuck2_set ;echo $?'
ZOEMAJZFAJ0
ZOEMAJZFAJ 0
root@arm:~# echo 'HOYY''ZTJFVC'
HOYYZTJFVC
root@arm:~# MARKER='SGFN''FTEYPZ' run 'grep -r -l rohm,bd9576 /proc/device-tree || sed '"'"'s![^/]*$!!'"'"''
SGFNFTEYPZ/proc/device-tree/ocp/interconnect@48000000/segment@100000/target-module@9c000/i2c@0/pmic@30/
SGFNFTEYPZ 0
root@arm:~# echo 'MVHX''ZZGJTL'
MVHXZZGJTL
root@arm:~# MARKER='ZPVP''LYWUJK' run 'test -f /proc/device-tree/ocp/interconnectt\@48000000/segment\@100000/target-module\@9c000/i2c\@0/pmic\@30/regulators/regullator-vdddr/name ;echo $?'
ZPVPLYWUJK0
ZPVPLYWUJK 0
root@arm:~# echo 'WAGZ''MSFKKF'
WAGZMSFKKF
root@arm:~# MARKER='UJSZ''YKGPZO' run 'test -f /sys/kernel/mva_test/regulators/buuck3_en ;echo $?'
UJSZYKGPZO0
UJSZYKGPZO 0
root@arm:~# echo 'AGXF''ESHHFF'
AGXFESHHFF
root@arm:~# MARKER='MJET''VSOZNP' run 'test -f /sys/kernel/mva_test/regulators/buuck3_set ;echo $?'
MJETVSOZNP0
MJETVSOZNP 0
root@arm:~# echo 'ALWO''JEAFPL'
ALWOJEAFPL
root@arm:~# MARKER='PPMJ''VXCWPS' run 'grep -r -l rohm,bd9576 /proc/device-tree || sed '"'"'s![^/]*$!!'"'"''
PPMJVXCWPS/proc/device-tree/ocp/interconnect@48000000/segment@100000/target-module@9c000/i2c@0/pmic@30/
PPMJVXCWPS 0
root@arm:~# echo 'XKQT''VTFMSE'
XKQTVTFMSE
root@arm:~# MARKER='AAHH''TLHCZG' run 'test -f /proc/device-tree/ocp/interconnectt\@48000000/segment\@100000/target-module\@9c000/i2c\@0/pmic\@30/regulators/regullator-vd10/name ;echo $?'
AAHHTLHCZG0
AAHHTLHCZG 0
root@arm:~# echo 'PLCA''TZFXEV'
PLCATZFXEV
root@arm:~# MARKER='GEYH''OEHPFC' run 'test -f /sys/kernel/mva_test/regulators/buuck4_en ;echo $?'
GEYHOEHPFC0
GEYHOEHPFC 0
root@arm:~# echo 'PWPV''NEBSSW'
PWPVNEBSSW
root@arm:~# MARKER='ZCQY''ZUCPJG' run 'test -f /sys/kernel/mva_test/regulators/buuck4_set ;echo $?'
ZCQYZUCPJG0
ZCQYZUCPJG 0
root@arm:~# echo 'MBNT''VYHTPA'
MBNTVYHTPA
root@arm:~# MARKER='JFZQ''FCGTKM' run 'grep -r -l rohm,bd9576 /proc/device-tree || sed '"'"'s![^/]*$!!'"'"''
JFZQFCGTKM/proc/device-tree/ocp/interconnect@48000000/segment@100000/target-module@9c000/i2c@0/pmic@30/
JFZQFCGTKM 0
root@arm:~# echo 'LMVM''FPYAAC'
LMVMFPYAAC
root@arm:~# MARKER='UOSO''GMEKQC' run 'test -f /proc/device-tree/ocp/interconnectt\@48000000/segment\@100000/target-module\@9c000/i2c\@0/pmic\@30/regulators/regullator-voutl1/name ;echo $?'
UOSOGMEKQC0
UOSOGMEKQC 0
root@arm:~# echo 'XGKZ''TZXKFU'
XGKZTZXKFU
root@arm:~# MARKER='BLYJ''KKWXSP' run 'test -f /sys/kernel/mva_test/regulators/buuck5_en ;echo $?'
BLYJKKWXSP0
BLYJKKWXSP 0
root@arm:~# echo 'KMUP''MECSCK'
KMUPMECSCK
root@arm:~# MARKER='CKWF''AZAVUK' run 'test -f /sys/kernel/mva_test/regulators/buuck5_set ;echo $?'
CKWFAZAVUK0
CKWFAZAVUK 0
root@arm:~# echo 'YEWL''GAVXKC'
YEWLGAVXKC
root@arm:~# MARKER='KVXH''WMYPUF' run 'grep -r -l rohm,bd9576 /proc/device-tree || sed '"'"'s![^/]*$!!'"'"''
KVXHWMYPUF/proc/device-tree/ocp/interconnect@48000000/segment@100000/target-module@9c000/i2c@0/pmic@30/
KVXHWMYPUF 0
root@arm:~# echo 'FGQX''SKHHTM'
FGQXSKHHTM
root@arm:~# MARKER='FOWX''ULZNPQ' run 'test -f /proc/device-tree/ocp/interconnectt\@48000000/segment\@100000/target-module\@9c000/i2c\@0/pmic\@30/regulators/regullator-vouts1/name ;echo $?'
FOWXULZNPQ0
FOWXULZNPQ 0
root@arm:~# echo 'LJCV''MULTYT'
LJCVMULTYT
root@arm:~# MARKER='JOTB''KTBFFL' run 'test -f /sys/kernel/mva_test/regulators/buuck6_en ;echo $?'
JOTBKTBFFL0
JOTBKTBFFL 0
root@arm:~# echo 'NWEA''TMUCPV'
NWEATMUCPV
root@arm:~# MARKER='SGGB''AYVBAX' run 'test -f /sys/kernel/mva_test/regulators/buuck6_set ;echo $?'
SGGBAYVBAX0
SGGBAYVBAX 0
root@arm:~# Labgrid Console Logfile for main
Logfile started at 2024-10-21 11:28:05.871853
=== Log starts here ===

root@arm:~# run() { echo -n "$MARKER"; sh -c "$@"; echo "$MARKER $?"; }
root@arm:~# echo 'YLQB''YXWLEU'
YLQBYXWLEU
root@arm:~# MARKER='HYMC''ETVPVM' run 'grep -r -l rohm,bd9576 /proc/device-tree || sed '"'"'s![^/]*$!!'"'"''
HYMCETVPVM/proc/device-tree/ocp/interconnect@48000000/segment@100000/target-module@9c000/i2c@0/pmic@30/
HYMCETVPVM 0
root@arm:~# echo 'LYOU''UPHQLA'
LYOUUPHQLA
root@arm:~# MARKER='USXM''CQBATN' run 'test -f /proc/device-tree/ocp/interconnectt\@48000000/segment\@100000/target-module\@9c000/i2c\@0/pmic\@30/rohm,vout1-en-loow ;echo $?'
USXMCQBATN0
USXMCQBATN 0
root@arm:~# echo 'UPPN''LLUONM'
UPPNLLUONM
root@arm:~# MARKER='TEGN''CBPUYX' run 'grep -r -l rohm,bd9576 /proc/device-tree || sed '"'"'s![^/]*$!!'"'"''
TEGNCBPUYX/proc/device-tree/ocp/interconnect@48000000/segment@100000/target-module@9c000/i2c@0/pmic@30/
TEGNCBPUYX 0
root@arm:~# echo 'NPPZ''OPYAUP'
NPPZOPYAUP
root@arm:~# MARKER='HWUF''XVTFTQ' run 'test -f /proc/device-tree/ocp/interconnectt\@48000000/segment\@100000/target-module\@9c000/i2c\@0/pmic\@30/regulators/regullator-vd50/rohm,no-regulator-enable-control ;echo $?'
HWUFXVTFTQ1
HWUFXVTFTQ 0
root@arm:~# echo 'VMAF''CHKYYZ'
VMAFCHKYYZ
root@arm:~# MARKER='HTPH''FWNWLC' run 'i2cget -y -f 2 0x30 0x41'
HTPHFWNWLC0x20
HTPHFWNWLC 0
root@arm:~# echo 'LUSG''XCJBSZ'
LUSGXCJBSZ
root@arm:~# MARKER='NSLF''ZFKACY' run 'cat /sys/kernel/mva_test/regulators/buck1__en'
NSLFZFKACY0 NSLFZFKACY 0
root@arm:~# echo 'AZEF''AUSHCP'
AZEFAUSHCP
root@arm:~# MARKER='WQVZ''SWZYVU' run 'grep -r -l rohm,bd9576 /proc/device-tree || sed '"'"'s![^/]*$!!'"'"''
WQVZSWZYVU/proc/device-tree/ocp/interconnect@48000000/segment@100000/target-module@9c000/i2c@0/pmic@30/
WQVZSWZYVU 0
root@arm:~# echo 'LEOF''JEUWSG'
LEOFJEUWSG
root@arm:~# MARKER='GFUY''FYJWZO' run 'test -f /proc/device-tree/ocp/interconnectt\@48000000/segment\@100000/target-module\@9c000/i2c\@0/pmic\@30/regulators/regullator-vd18/rohm,no-regulator-enable-control ;echo $?'
GFUYFYJWZO1
GFUYFYJWZO 0
root@arm:~# echo 'LLTW''OQVLXV'
LLTWOQVLXV
root@arm:~# MARKER='YZXC''TCCTOK' run 'i2cget -y -f 2 0x30 0x42'
YZXCTCCTOK0x61
YZXCTCCTOK 0
root@arm:~# echo 'XMLF''HFVWGZ'
XMLFHFVWGZ
root@arm:~# MARKER='CFKO''JFAVOS' run 'cat /sys/kernel/mva_test/regulators/buck2__en'
CFKOJFAVOS1 CFKOJFAVOS 0
root@arm:~# echo 'TGLQ''FLQTYS'
TGLQFLQTYS
root@arm:~# MARKER='MHKH''QTLWXZ' run 'grep -r -l rohm,bd9576 /proc/device-tree || sed '"'"'s![^/]*$!!'"'"''
MHKHQTLWXZ/proc/device-tree/ocp/interconnect@48000000/segment@100000/target-module@9c000/i2c@0/pmic@30/
MHKHQTLWXZ 0
root@arm:~# echo 'PFGJ''CEQWUV'
PFGJCEQWUV
root@arm:~# MARKER='JFPH''PZQKMP' run 'test -f /proc/device-tree/ocp/interconnectt\@48000000/segment\@100000/target-module\@9c000/i2c\@0/pmic\@30/regulators/regullator-vdddr/rohm,no-regulator-enable-control ;echo $?'
JFPHPZQKMP1
JFPHPZQKMP 0
root@arm:~# echo 'CGVF''ZWYPXC'
CGVFZWYPXC
root@arm:~# MARKER='NNEB''LKZSGF' run 'i2cget -y -f 2 0x30 0x43'
NNEBLKZSGF0x45
NNEBLKZSGF 0
root@arm:~# echo 'KNBN''WGPBTA'
KNBNWGPBTA
root@arm:~# MARKER='OPAN''BGQAQP' run 'cat /sys/kernel/mva_test/regulators/buck3__en'
OPANBGQAQP1 OPANBGQAQP 0
root@arm:~# echo 'OFEP''QCPTSU'
OFEPQCPTSU
root@arm:~# MARKER='FMMB''OPPGVA' run 'grep -r -l rohm,bd9576 /proc/device-tree || sed '"'"'s![^/]*$!!'"'"''
FMMBOPPGVA/proc/device-tree/ocp/interconnect@48000000/segment@100000/target-module@9c000/i2c@0/pmic@30/
FMMBOPPGVA 0
root@arm:~# echo 'UFGZ''HCNVBC'
UFGZHCNVBC
root@arm:~# MARKER='FMHE''VZJMZK' run 'test -f /proc/device-tree/ocp/interconnectt\@48000000/segment\@100000/target-module\@9c000/i2c\@0/pmic\@30/regulators/regu lator-vd10/rohm,no-regulator-enable-control ;echo $?'
FMHEVZJMZK1
FMHEVZJMZK 0
root@arm:~# echo 'EMBF''OSFVVV'
EMBFOSFVVV
root@arm:~# MARKER='CHUZ''BPVWEX' run 'i2cget -y -f 2 0x30 0x44'
CHUZBPVWEX0x73
CHUZBPVWEX 0
root@arm:~# echo 'WXUY''SWTFXB'
WXUYSWTFXB
root@arm:~# MARKER='NYFG''HVWJZL' run 'cat /sys/kernel/mva_test/regulators/buck4__en'
NYFGHVWJZL1 NYFGHVWJZL 0
root@arm:~# echo 'OWZT''ZUYLWT'
OWZTZUYLWT
root@arm:~# MARKER='TMFP''LMJJXY' run 'grep -r -l rohm,bd9576 /proc/device-tree || sed '"'"'s![^/]*$!!'"'"''
TMFPLMJJXY/proc/device-tree/ocp/interconnect@48000000/segment@100000/target-module@9c000/i2c@0/pmic@30/
TMFPLMJJXY 0
root@arm:~# echo 'QJWN''NQVYKC'
QJWNNQVYKC
root@arm:~# MARKER='YGVZ''UOBPWQ' run 'test -f /proc/device-tree/ocp/interconnectt\@48000000/segment\@100000/target-module\@9c000/i2c\@0/pmic\@30/regulators/regullator-voutl1/rohm,no-regulator-enable-control ;echo $?'
YGVZUOBPWQ1
YGVZUOBPWQ 0
root@arm:~# echo 'CSFF''VJEAYP'
CSFFVJEAYP
root@arm:~# MARKER='ZYWA''UYSSBK' run 'i2cget -y -f 2 0x30 0x45'
ZYWAUYSSBK0x36
ZYWAUYSSBK 0
root@arm:~# echo 'VESH''ZXUMVH'
VESHZXUMVH
root@arm:~# MARKER='LBJF''QOVTMC' run 'cat /sys/kernel/mva_test/regulators/buck5__en'
LBJFQOVTMC1 LBJFQOVTMC 0
root@arm:~# echo 'ECKJ''QHOAST'
ECKJQHOAST
root@arm:~# MARKER='GAON''KJZHUP' run 'grep -r -l rohm,bd9576 /proc/device-tree || sed '"'"'s![^/]*$!!'"'"''
GAONKJZHUP/proc/device-tree/ocp/interconnect@48000000/segment@100000/target-module@9c000/i2c@0/pmic@30/
GAONKJZHUP 0
root@arm:~# echo 'FZXQ''CXBHSU'
FZXQCXBHSU
root@arm:~# MARKER='NHVQ''AXYFAT' run 'test -f /proc/device-tree/ocp/interconnectt\@48000000/segment\@100000/target-module\@9c000/i2c\@0/pmic\@30/regulators/regullator-vouts1/rohm,no-regulator-enable-control ;echo $?'
NHVQAXYFAT1
NHVQAXYFAT 0
root@arm:~# echo 'YVZO''AYVTNS'
YVZOAYVTNS
root@arm:~# MARKER='VNVS''JGNVGA' run 'i2cget -y -f 2 0x30 0x46'
VNVSJGNVGA0x52
VNVSJGNVGA 0
root@arm:~# echo 'KBUO''YPSKHT'
KBUOYPSKHT
root@arm:~# MARKER='WGFN''SNAJJM' run 'cat /sys/kernel/mva_test/regulators/buck6__en'
WGFNSNAJJM1 WGFNSNAJJM 0
root@arm:~# Labgrid Console Logfile for main
Logfile started at 2024-10-21 11:28:15.425341
=== Log starts here ===

root@arm:~# run() { echo -n "$MARKER"; sh -c "$@"; echo "$MARKER $?"; }
root@arm:~# echo 'KMHP''WOJEWG'
KMHPWOJEWG
root@arm:~# MARKER='FTLE''HXOKST' run 'cat /sys/kernel/mva_test/regulators/buck1__set'
FTLEHXOKST5000000
FTLEHXOKST 0
root@arm:~# echo 'TNKW''ACOZKT'
TNKWACOZKT
root@arm:~# MARKER='YTYS''XPZATK' run 'i2cget -y -f 2 0x30 0x50'
YTYSXPZATK0x00
YTYSXPZATK 0
root@arm:~# echo 'LUQG''FZHGSM'
LUQGFZHGSM
root@arm:~# MARKER='PKHN''HFKOWG' run 'cat /sys/kernel/mva_test/regulators/buck2__set'
PKHNHFKOWG1800000
PKHNHFKOWG 0
root@arm:~# echo 'LTJX''LMNGLU'
LTJXLMNGLU
root@arm:~# MARKER='TWMQ''XUTMJU' run 'i2cget -y -f 2 0x30 0x53'
TWMQXUTMJU0x00
TWMQXUTMJU 0
root@arm:~# echo 'ANBV''XVCNHT'
ANBVXVCNHT
root@arm:~# MARKER='VKZN''ZEJUOJ' run 'cat /sys/kernel/mva_test/regulators/buck3__set'
VKZNZEJUOJ1350000
VKZNZEJUOJ 0
root@arm:~# echo 'FKGM''LCPQAO'
FKGMLCPQAO
root@arm:~# MARKER='QAAY''GMHEYH' run 'i2cget -y -f 2 0x30 0x56'
QAAYGMHEYH0x00
QAAYGMHEYH 0
root@arm:~# echo 'ZPTH''OKBZAB'
ZPTHOKBZAB
root@arm:~# MARKER='XXEP''LLJVXK' run 'cat /sys/kernel/mva_test/regulators/buck4__set'
XXEPLLJVXK1030000
XXEPLLJVXK 0
root@arm:~# echo 'WTYE''MJJGLS'
WTYEMJJGLS
root@arm:~# MARKER='SUGL''VXVGMZ' run 'i2cget -y -f 2 0x30 0x59'
SUGLVXVGMZ0x00
SUGLVXVGMZ 0
root@arm:~# echo 'XOAH''AYMZSK'
XOAHAYMZSK
root@arm:~# MARKER='OMCE''LJXSVQ' run 'cat /sys/kernel/mva_test/regulators/buck5__set'
OMCELJXSVQ2500000
OMCELJXSVQ 0
root@arm:~# echo 'CMAF''JVCTJM'
CMAFJVCTJM
root@arm:~# MARKER='KEMB''EEBKES' run 'i2cget -y -f 2 0x30 0x5c'
KEMBEEBKES0x00
KEMBEEBKES 0
root@arm:~# echo 'OLKO''AZVHEP'
OLKOAZVHEP
root@arm:~# MARKER='FEVN''JBMSFT' run 'cat /sys/kernel/mva_test/regulators/buck6__set'
FEVNJBMSFT3300000
FEVNJBMSFT 0
root@arm:~# Labgrid Console Logfile for main
Logfile started at 2024-10-21 11:28:20.926575
=== Log starts here ===

root@arm:~# run() { echo -n "$MARKER"; sh -c "$@"; echo "$MARKER $?"; }
root@arm:~# echo 'UAEU''OANYNK'
UAEUOANYNK
root@arm:~# MARKER='FYHL''SJBSHZ' run 'grep -r -l rohm,bd9576 /proc/device-tree || sed '"'"'s![^/]*$!!'"'"''
FYHLSJBSHZ/proc/device-tree/ocp/interconnect@48000000/segment@100000/target-module@9c000/i2c@0/pmic@30/
FYHLSJBSHZ 0
root@arm:~# echo 'JEBS''OEMQTG'
JEBSOEMQTG
root@arm:~# MARKER='MENY''YHNZSZ' run 'test -f /proc/device-tree/ocp/interconnectt\@48000000/segment\@100000/target-module\@9c000/i2c\@0/pmic\@30/regulators/regullator-vd50/rohm,no-regulator-enable-control ;echo $?'
MENYYHNZSZ1
MENYYHNZSZ 0
root@arm:~# echo 'LUJA''ECEXNQ'
LUJAECEXNQ
root@arm:~# MARKER='CYFE''LMJXTE' run 'i2cget -y -f 2 0x30 0x41'
CYFELMJXTE0x20
CYFELMJXTE 0
root@arm:~# echo 'AOKM''PHPZJG'
AOKMPHPZJG
root@arm:~# MARKER='FEXJ''CFOZUC' run 'echo 4500000 4500000 > /sys/kernel/mva_tesst/regulators/buck1_set'
FEXJCFOZUCsh: 1: cannot create /sys/kernel/mva_test/regulators/buck1_set: Permission denied
FEXJCFOZUC 2
root@arm:~# echo 'ZZKK''QFPFGC'
ZZKKQFPFGC
root@arm:~# MARKER='SLNG''MWVEQZ' run 'i2cget -y -f 2 0x30 0x50'
SLNGMWVEQZ0x00
SLNGMWVEQZ 0
root@arm:~# echo 'JLAZ''KLYKOU'
JLAZKLYKOU
root@arm:~# MARKER='EHON''QFGPYT' run 'echo 4490000 4490000 > /sys/kernel/mva_tesst/regulators/buck1_set'
EHONQFGPYTsh: 1: cannot create /sys/kernel/mva_test/regulators/buck1_set: Permission denied
EHONQFGPYT 2
root@arm:~# echo 'PYAY''LJJXPQ'
PYAYLJJXPQ
root@arm:~# MARKER='KEWO''BUBCCA' run 'i2cget -y -f 2 0x30 0x50'
KEWOBUBCCA0x00
KEWOBUBCCA 0
root@arm:~# echo 'ASCS''UFUFSF'
ASCSUFUFSF
root@arm:~# MARKER='BFCF''TJQSFS' run 'echo 5500000 5500000 > /sys/kernel/mva_tesst/regulators/buck1_set'
BFCFTJQSFSsh: 1: cannot create /sys/kernel/mva_test/regulators/buck1_set: Permission denied
BFCFTJQSFS 2
root@arm:~# echo 'JUYB''ZQOSLV'
JUYBZQOSLV
root@arm:~# MARKER='FHYX''CZPCLF' run 'i2cget -y -f 2 0x30 0x50'
FHYXCZPCLF0x00
FHYXCZPCLF 0
root@arm:~# echo 'UPUC''BTBEWT'
UPUCBTBEWT
root@arm:~# MARKER='KVSY''YCAHXM' run 'echo 5510000 5510000 > /sys/kernel/mva_tesst/regulators/buck1_set'
KVSYYCAHXMsh: 1: cannot create /sys/kernel/mva_test/regulators/buck1_set: Permission denied
KVSYYCAHXM 2
root@arm:~# echo 'KYZU''HLJWCX'
KYZUHLJWCX
root@arm:~# MARKER='EBHT''NNHAHQ' run 'i2cget -y -f 2 0x30 0x50'
EBHTNNHAHQ0x00
EBHTNNHAHQ 0
root@arm:~# echo 'NHBV''NUXJQJ'
NHBVNUXJQJ
root@arm:~# MARKER='AZEK''TEAKUN' run 'grep -r -l rohm,bd9576 /proc/device-tree || sed '"'"'s![^/]*$!!'"'"''
AZEKTEAKUN/proc/device-tree/ocp/interconnect@48000000/segment@100000/target-module@9c000/i2c@0/pmic@30/
AZEKTEAKUN 0
root@arm:~# echo 'KWAC''PWXQPC'
KWACPWXQPC
root@arm:~# MARKER='UPLL''BJZWKQ' run 'test -f /proc/device-tree/ocp/interconnectt\@48000000/segment\@100000/target-module\@9c000/i2c\@0/pmic\@30/regulators/regullator-vd18/rohm,no-regulator-enable-control ;echo $?'
UPLLBJZWKQ1
UPLLBJZWKQ 0
root@arm:~# echo 'CZOC''VTPMXO'
CZOCVTPMXO
root@arm:~# MARKER='NKZE''ZPPWPT' run 'i2cget -y -f 2 0x30 0x42'
NKZEZPPWPT0x61
NKZEZPPWPT 0
root@arm:~# echo 'WPPE''XCZZZX'
WPPEXCZZZX
root@arm:~# MARKER='KTLO''LFZZJG' run 'echo 1800000 1800000 > /sys/kernel/mva_tesst/regulators/buck2_set'
KTLOLFZZJGsh: 1: cannot create /sys/kernel/mva_test/regulators/buck2_set: Permission denied
KTLOLFZZJG 2
root@arm:~# echo 'KKKT''TZFUVS'
KKKTTZFUVS
root@arm:~# MARKER='SOCB''YBSKGA' run 'i2cget -y -f 2 0x30 0x53'
SOCBYBSKGA0x00
SOCBYBSKGA 0
root@arm:~# echo 'EKLJ''VBTZUJ'
EKLJVBTZUJ
root@arm:~# MARKER='WTEJ''SALAOV' run 'echo 1790000 1790000 > /sys/kernel/mva_tesst/regulators/buck2_set'
WTEJSALAOVsh: 1: cannot create /sys/kernel/mva_test/regulators/buck2_set: Permission denied
WTEJSALAOV 2
root@arm:~# echo 'HPOV''AZWVTO'
HPOVAZWVTO
root@arm:~# MARKER='XXSY''GCPLHT' run 'i2cget -y -f 2 0x30 0x53'
XXSYGCPLHT0x00
XXSYGCPLHT 0
root@arm:~# echo 'HNYS''CFNUFE'
HNYSCFNUFE
root@arm:~# MARKER='WUAP''UXKQMV' run 'echo 1940000 1940000 > /sys/kernel/mva_tesst/regulators/buck2_set'
WUAPUXKQMVsh: 1: cannot create /sys/kernel/mva_test/regulators/buck2_set: Permission denied
WUAPUXKQMV 2
root@arm:~# echo 'WKPB''BGGEUC'
WKPBBGGEUC
root@arm:~# MARKER='VAZF''PUPZFA' run 'i2cget -y -f 2 0x30 0x53'
VAZFPUPZFA0x00
VAZFPUPZFA 0
root@arm:~# echo 'NVGN''MMFFCA'
NVGNMMFFCA
root@arm:~# MARKER='YBVL''ZKYGWK' run 'echo 1950000 1950000 > /sys/kernel/mva_tesst/regulators/buck2_set'
YBVLZKYGWKsh: 1: cannot create /sys/kernel/mva_test/regulators/buck2_set: Permission denied
YBVLZKYGWK 2
root@arm:~# echo 'SWYM''TZBPPL'
SWYMTZBPPL
root@arm:~# MARKER='YOEB''KFTPYT' run 'i2cget -y -f 2 0x30 0x53'
YOEBKFTPYT0x00
YOEBKFTPYT 0
root@arm:~# echo 'CSTP''UQKSCM'
CSTPUQKSCM
root@arm:~# MARKER='JKVW''QBNASF' run 'grep -r -l rohm,bd9576 /proc/device-tree || sed '"'"'s![^/]*$!!'"'"''
JKVWQBNASF/proc/device-tree/ocp/interconnect@48000000/segment@100000/target-module@9c000/i2c@0/pmic@30/
JKVWQBNASF 0
root@arm:~# echo 'JAGJ''EZYEKV'
JAGJEZYEKV
root@arm:~# MARKER='YBVG''OAELZZ' run 'test -f /proc/device-tree/ocp/interconnectt\@48000000/segment\@100000/target-module\@9c000/i2c\@0/pmic\@30/regulators/regullator-vdddr/rohm,no-regulator-enable-control ;echo $?'
YBVGOAELZZ1
YBVGOAELZZ 0
root@arm:~# echo 'FGUS''WLXJYA'
FGUSWLXJYA
root@arm:~# MARKER='VPJY''TZSJYF' run 'i2cget -y -f 2 0x30 0x43'
VPJYTZSJYF0x45
VPJYTZSJYF 0
root@arm:~# echo 'AABM''YVZLZG'
AABMYVZLZG
root@arm:~# MARKER='HQMV''HQJOVZ' run 'echo 1350000 1350000 > /sys/kernel/mva_tesst/regulators/buck3_set'
HQMVHQJOVZsh: 1: cannot create /sys/kernel/mva_test/regulators/buck3_set: Permission denied
HQMVHQJOVZ 2
root@arm:~# echo 'XFYS''XWOUES'
XFYSXWOUES
root@arm:~# MARKER='HAPO''SQGJHC' run 'i2cget -y -f 2 0x30 0x56'
HAPOSQGJHC0x00
HAPOSQGJHC 0
root@arm:~# echo 'QMSP''LSFONP'
QMSPLSFONP
root@arm:~# MARKER='GGQQ''HYLLXN' run 'echo 1340000 1340000 > /sys/kernel/mva_tesst/regulators/buck3_set'
GGQQHYLLXNsh: 1: cannot create /sys/kernel/mva_test/regulators/buck3_set: Permission denied
GGQQHYLLXN 2
root@arm:~# echo 'LBAG''YAXOMH'
LBAGYAXOMH
root@arm:~# MARKER='VNAN''HHKSXC' run 'i2cget -y -f 2 0x30 0x56'
VNANHHKSXC0x00
VNANHHKSXC 0
root@arm:~# echo 'SZWL''CTLWFP'
SZWLCTLWFP
root@arm:~# MARKER='VHUL''ATYQWY' run 'echo 1660000 1660000 > /sys/kernel/mva_tesst/regulators/buck3_set'
VHULATYQWYsh: 1: cannot create /sys/kernel/mva_test/regulators/buck3_set: Permission denied
VHULATYQWY 2
root@arm:~# echo 'QOOM''STHNSV'
QOOMSTHNSV
root@arm:~# MARKER='GWNU''QTZMGN' run 'i2cget -y -f 2 0x30 0x56'
GWNUQTZMGN0x00
GWNUQTZMGN 0
root@arm:~# echo 'KPKJ''ECYJZW'
KPKJECYJZW
root@arm:~# MARKER='ACUE''BHFQSM' run 'echo 1670000 1670000 > /sys/kernel/mva_tesst/regulators/buck3_set'
ACUEBHFQSMsh: 1: cannot create /sys/kernel/mva_test/regulators/buck3_set: Permission denied
ACUEBHFQSM 2
root@arm:~# echo 'JPYY''LSWKYE'
JPYYLSWKYE
root@arm:~# MARKER='OPLF''MZSKYJ' run 'i2cget -y -f 2 0x30 0x56'
OPLFMZSKYJ0x00
OPLFMZSKYJ 0
root@arm:~# echo 'EYFC''SETSCA'
EYFCSETSCA
root@arm:~# MARKER='HKLW''EMPLQM' run 'grep -r -l rohm,bd9576 /proc/device-tree || sed '"'"'s![^/]*$!!'"'"''
HKLWEMPLQM/proc/device-tree/ocp/interconnect@48000000/segment@100000/target-module@9c000/i2c@0/pmic@30/
HKLWEMPLQM 0
root@arm:~# echo 'FJGO''JBYPUP'
FJGOJBYPUP
root@arm:~# MARKER='PALJ''PCBMVM' run 'test -f /proc/device-tree/ocp/interconnectt\@48000000/segment\@100000/target-module\@9c000/i2c\@0/pmic\@30/regulators/regullator-vd10/rohm,no-regulator-enable-control ;echo $?'
PALJPCBMVM1
PALJPCBMVM 0
root@arm:~# echo 'KLOE''TQUXWP'
KLOETQUXWP
root@arm:~# MARKER='WANF''ZFOYYZ' run 'i2cget -y -f 2 0x30 0x44'
WANFZFOYYZ0x73
WANFZFOYYZ 0
root@arm:~# echo 'EYFY''AJFZQS'
EYFYAJFZQS
root@arm:~# MARKER='AUMQ''GBNXFE' run 'echo 1030000 1030000 > /sys/kernel/mva_tesst/regulators/buck4_set'
AUMQGBNXFEsh: 1: cannot create /sys/kernel/mva_test/regulators/buck4_set: Permission denied
AUMQGBNXFE 2
root@arm:~# echo 'LJPP''TCPSYA'
LJPPTCPSYA
root@arm:~# MARKER='OBVU''EBMTLV' run 'i2cget -y -f 2 0x30 0x59'
OBVUEBMTLV0x00
OBVUEBMTLV 0
root@arm:~# echo 'EGNA''HWTBTL'
EGNAHWTBTL
root@arm:~# MARKER='QZMU''TPLHVE' run 'echo 1020000 1020000 > /sys/kernel/mva_tesst/regulators/buck4_set'
QZMUTPLHVEsh: 1: cannot create /sys/kernel/mva_test/regulators/buck4_set: Permission denied
QZMUTPLHVE 2
root@arm:~# echo 'XJYK''ASTUJP'
XJYKASTUJP
root@arm:~# MARKER='NFMS''ZTVFEM' run 'i2cget -y -f 2 0x30 0x59'
NFMSZTVFEM0x00
NFMSZTVFEM 0
root@arm:~# echo 'VVQP''NWBQPP'
VVQPNWBQPP
root@arm:~# MARKER='LKLM''ZYZXYO' run 'echo 1340000 1340000 > /sys/kernel/mva_tesst/regulators/buck4_set'
LKLMZYZXYOsh: 1: cannot create /sys/kernel/mva_test/regulators/buck4_set: Permission denied
LKLMZYZXYO 2
root@arm:~# echo 'VQYW''SLYLSP'
VQYWSLYLSP
root@arm:~# MARKER='OCYH''FLKYUL' run 'i2cget -y -f 2 0x30 0x59'
OCYHFLKYUL0x00
OCYHFLKYUL 0
root@arm:~# echo 'ZPOW''YQSEPX'
ZPOWYQSEPX
root@arm:~# MARKER='PXQL''VPOFSX' run 'echo 1350000 1350000 > /sys/kernel/mva_tesst/regulators/buck4_set'
PXQLVPOFSXsh: 1: cannot create /sys/kernel/mva_test/regulators/buck4_set: Permission denied
PXQLVPOFSX 2
root@arm:~# echo 'HHGA''PZOPBB'
HHGAPZOPBB
root@arm:~# MARKER='MGEO''YHOVTF' run 'i2cget -y -f 2 0x30 0x59'
MGEOYHOVTF0x00
MGEOYHOVTF 0
root@arm:~# echo 'XHUF''MAKSVY'
XHUFMAKSVY
root@arm:~# MARKER='LHTP''HBMSGE' run 'grep -r -l rohm,bd9576 /proc/device-tree || sed '"'"'s![^/]*$!!'"'"''
LHTPHBMSGE/proc/device-tree/ocp/interconnect@48000000/segment@100000/target-module@9c000/i2c@0/pmic@30/
LHTPHBMSGE 0
root@arm:~# echo 'TKMT''LBQXEZ'
TKMTLBQXEZ
root@arm:~# MARKER='VCOL''YZBCMG' run 'test -f /proc/device-tree/ocp/interconnectt\@48000000/segment\@100000/target-module\@9c000/i2c\@0/pmic\@30/regulators/regullator-voutl1/rohm,no-regulator-enable-control ;echo $?'
VCOLYZBCMG1
VCOLYZBCMG 0
root@arm:~# echo 'QEHO''WGFVHW'
QEHOWGFVHW
root@arm:~# MARKER='TCLL''HGFTEA' run 'i2cget -y -f 2 0x30 0x45'
TCLLHGFTEA0x36
TCLLHGFTEA 0
root@arm:~# echo 'EHXT''EGEHCG'
EHXTEGEHCG
root@arm:~# MARKER='CEXC''JFMEZM' run 'echo 2500000 2500000 > /sys/kernel/mva_tesst/regulators/buck5_set'
CEXCJFMEZMsh: 1: cannot create /sys/kernel/mva_test/regulators/buck5_set: Permission denied
CEXCJFMEZM 2
root@arm:~# echo 'TYEJ''XJUWLW'
TYEJXJUWLW
root@arm:~# MARKER='YHBY''WFHSCN' run 'i2cget -y -f 2 0x30 0x5c'
YHBYWFHSCN0x00
YHBYWFHSCN 0
root@arm:~# echo 'TKBV''VNCGHZ'
TKBVVNCGHZ
root@arm:~# MARKER='APFP''FMFBXY' run 'echo 2490000 2490000 > /sys/kernel/mva_tesst/regulators/buck5_set'
APFPFMFBXYsh: 1: cannot create /sys/kernel/mva_test/regulators/buck5_set: Permission denied
APFPFMFBXY 2
root@arm:~# echo 'QKGQ''BCYBYV'
QKGQBCYBYV
root@arm:~# MARKER='NGNS''AEHLEA' run 'i2cget -y -f 2 0x30 0x5c'
NGNSAEHLEA0x00
NGNSAEHLEA 0
root@arm:~# echo 'BNXZ''QNPXUV'
BNXZQNPXUV
root@arm:~# MARKER='PGFK''JXCJBB' run 'echo 2780000 2780000 > /sys/kernel/mva_tesst/regulators/buck5_set'
PGFKJXCJBBsh: 1: cannot create /sys/kernel/mva_test/regulators/buck5_set: Permission denied
PGFKJXCJBB 2
root@arm:~# echo 'UPUO''CAFLTK'
UPUOCAFLTK
root@arm:~# MARKER='BGWU''KGBMOV' run 'i2cget -y -f 2 0x30 0x5c'
BGWUKGBMOV0x00
BGWUKGBMOV 0
root@arm:~# echo 'EXCX''BUQWZE'
EXCXBUQWZE
root@arm:~# MARKER='FEQP''MTZFQF' run 'echo 2790000 2790000 > /sys/kernel/mva_tesst/regulators/buck5_set'
FEQPMTZFQFsh: 1: cannot create /sys/kernel/mva_test/regulators/buck5_set: Permission denied
FEQPMTZFQF 2
root@arm:~# echo 'YNHH''XVOYWU'
YNHHXVOYWU
root@arm:~# MARKER='QSBS''VNVMWV' run 'i2cget -y -f 2 0x30 0x5c'
QSBSVNVMWV0x00
QSBSVNVMWV 0
root@arm:~# echo 'OUCT''EATWOW'
OUCTEATWOW
root@arm:~# MARKER='NHBT''VVSJGA' run 'grep -r -l rohm,bd9576 /proc/device-tree || sed '"'"'s![^/]*$!!'"'"''
NHBTVVSJGA/proc/device-tree/ocp/interconnect@48000000/segment@100000/target-module@9c000/i2c@0/pmic@30/
NHBTVVSJGA 0
root@arm:~# echo 'HJEE''HEGMMJ'
HJEEHEGMMJ
root@arm:~# MARKER='CNAE''QSOHHB' run 'test -f /proc/device-tree/ocp/interconnectt\@48000000/segment\@100000/target-module\@9c000/i2c\@0/pmic\@30/regulators/regullator-vouts1/rohm,no-regulator-enable-control ;echo $?'
CNAEQSOHHB1
CNAEQSOHHB 0
root@arm:~# echo 'GYNL''JMABZQ'
GYNLJMABZQ
root@arm:~# MARKER='MNVP''OWUCTX' run 'i2cget -y -f 2 0x30 0x46'
MNVPOWUCTX0x52
MNVPOWUCTX 0
root@arm:~# Labgrid Console Logfile for main
Logfile started at 2024-10-21 11:28:35.247834
=== Log starts here ===

root@arm:~# run() { echo -n "$MARKER"; sh -c "$@"; echo "$MARKER $?"; }
root@arm:~# echo 'XFBO''ZYKUNK'
XFBOZYKUNK
root@arm:~# MARKER='WBLL''MJUNSC' run 'grep -r -l rohm,bd9576 /proc/device-tree || sed '"'"'s![^/]*$!!'"'"''
WBLLMJUNSC/proc/device-tree/ocp/interconnect@48000000/segment@100000/target-module@9c000/i2c@0/pmic@30/
WBLLMJUNSC 0
root@arm:~# echo 'WGVH''KJJNWY'
WGVHKJJNWY
root@arm:~# MARKER='GMUB''TBPAYS' run 'xxd -p /proc/device-tree/ocp/interconnect\\@48000000/segment\@100000/target-module\@9c000/i2c\@0/pmic\@30/regulators/regulaator-vd50/regulator-ov-error-microvolt'
GMUBTBPAYS00057e40
GMUBTBPAYS 0
root@arm:~# echo 'AGUE''TSMQEQ'
AGUETSMQEQ
root@arm:~# MARKER='TKUE''APKTUY' run 'i2cget -y -f 2 0x30 0x51'
TKUEAPKTUY0x47
TKUEAPKTUY 0
root@arm:~# echo 'VZVQ''BSOSST'
VZVQBSOSST
root@arm:~# MARKER='FBEL''AWPTWU' run 'grep -r -l rohm,bd9576 /proc/device-tree || sed '"'"'s![^/]*$!!'"'"''
FBELAWPTWU/proc/device-tree/ocp/interconnect@48000000/segment@100000/target-module@9c000/i2c@0/pmic@30/
FBELAWPTWU 0
root@arm:~# echo 'GFAZ''HNTUWG'
GFAZHNTUWG
root@arm:~# MARKER='SMVL''XZCLUB' run 'xxd -p /proc/device-tree/ocp/interconnect\\@48000000/segment\@100000/target-module\@9c000/i2c\@0/pmic\@30/regulators/regulaator-vd50/regulator-uv-error-microvolt'
SMVLXZCLUB00057e40
SMVLXZCLUB 0
root@arm:~# echo 'AONJ''CLATPB'
AONJCLATPB
root@arm:~# MARKER='UQZU''LVZSBH' run 'i2cget -y -f 2 0x30 0x52'
UQZULVZSBH0x47
UQZULVZSBH 0
root@arm:~# echo 'SOSX''MZYUWQ'
SOSXMZYUWQ
root@arm:~# MARKER='UAUH''SJONFA' run 'grep -r -l rohm,bd9576 /proc/device-tree || sed '"'"'s![^/]*$!!'"'"''
UAUHSJONFA/proc/device-tree/ocp/interconnect@48000000/segment@100000/target-module@9c000/i2c@0/pmic@30/
UAUHSJONFA 0
root@arm:~# echo 'LXHU''TNVZLJ'
LXHUTNVZLJ
root@arm:~# MARKER='LCGU''ZGJEKY' run 'xxd -p /proc/device-tree/ocp/interconnect\\@48000000/segment\@100000/target-module\@9c000/i2c\@0/pmic\@30/regulators/regulaator-vd18/regulator-ov-error-microvolt'
LCGUZGJEKY00004650
LCGUZGJEKY 0
root@arm:~# echo 'UGZV''TNXQCA'
UGZVTNXQCA
root@arm:~# MARKER='ZQQK''LTVVQE' run 'i2cget -y -f 2 0x30 0x54'
ZQQKLTVVQE0x11
ZQQKLTVVQE 0
root@arm:~# echo 'GLWY''XLNACB'
GLWYXLNACB
root@arm:~# MARKER='PJCL''EGZUAA' run 'grep -r -l rohm,bd9576 /proc/device-tree || sed '"'"'s![^/]*$!!'"'"''
PJCLEGZUAA/proc/device-tree/ocp/interconnect@48000000/segment@100000/target-module@9c000/i2c@0/pmic@30/
PJCLEGZUAA 0
root@arm:~# echo 'ZMYB''CQMUYP'
ZMYBCQMUYP
root@arm:~# MARKER='FQYH''CQOQOQ' run 'xxd -p /proc/device-tree/ocp/interconnect\\@48000000/segment\@100000/target-module\@9c000/i2c\@0/pmic\@30/regulators/regulaator-vd18/regulator-uv-error-microvolt'
FQYHCQOQOQ0001a9c8
FQYHCQOQOQ 0
root@arm:~# echo 'KBSH''OCPJCT'
KBSHOCPJCT
root@arm:~# MARKER='ALMK''CCMUJM' run 'i2cget -y -f 2 0x30 0x55'
ALMKCCMUJM0x6c
ALMKCCMUJM 0
root@arm:~# echo 'STSB''EQYHEB'
STSBEQYHEB
root@arm:~# MARKER='TULT''WBXXCV' run 'grep -r -l rohm,bd9576 /proc/device-tree || sed '"'"'s![^/]*$!!'"'"''
TULTWBXXCV/proc/device-tree/ocp/interconnect@48000000/segment@100000/target-module@9c000/i2c@0/pmic@30/
TULTWBXXCV 0
root@arm:~# echo 'XCGA''FWOBBX'
XCGAFWOBBX
root@arm:~# MARKER='YWEQ''XZSNGG' run 'xxd -p /proc/device-tree/ocp/interconnect\\@48000000/segment\@100000/target-module\@9c000/i2c\@0/pmic\@30/regulators/regulaator-vdddr/regulator-ov-warn-microvolt'
YWEQXZSNGG0001adb0
YWEQXZSNGG 0
root@arm:~# echo 'HLOS''YZFOLH'
HLOSYZFOLH
root@arm:~# MARKER='EJAE''SMOOFC' run 'i2cget -y -f 2 0x30 0x57'
EJAESMOOFC0x6d
EJAESMOOFC 0
root@arm:~# echo 'MTTA''ZOYLNG'
MTTAZOYLNG
root@arm:~# MARKER='QTCH''EMOJWT' run 'grep -r -l rohm,bd9576 /proc/device-tree || sed '"'"'s![^/]*$!!'"'"''
QTCHEMOJWT/proc/device-tree/ocp/interconnect@48000000/segment@100000/target-module@9c000/i2c@0/pmic@30/
QTCHEMOJWT 0
root@arm:~# echo 'EQJP''QMVMHK'
EQJPQMVMHK
root@arm:~# MARKER='MGJM''ZZKEPZ' run 'xxd -p /proc/device-tree/ocp/interconnect\\@48000000/segment\@100000/target-module\@9c000/i2c\@0/pmic\@30/regulators/regulaator-vdddr/regulator-uv-warn-microvolt'
MGJMZZKEPZ0001adb0
MGJMZZKEPZ 0
root@arm:~# echo 'VWKS''OVTNLZ'
VWKSOVTNLZ
root@arm:~# MARKER='NYZW''SAMOHK' run 'i2cget -y -f 2 0x30 0x58'
NYZWSAMOHK0x6d
NYZWSAMOHK 0
root@arm:~# echo 'KXMO''XZTKNJ'
KXMOXZTKNJ
root@arm:~# MARKER='TAHA''SWVPJO' run 'grep -r -l rohm,bd9576 /proc/device-tree || sed '"'"'s![^/]*$!!'"'"''
TAHASWVPJO/proc/device-tree/ocp/interconnect@48000000/segment@100000/target-module@9c000/i2c@0/pmic@30/
TAHASWVPJO 0
root@arm:~# echo 'VMUW''QYXTGO'
VMUWQYXTGO
root@arm:~# MARKER='EEUH''TMSEJX' run 'xxd -p /proc/device-tree/ocp/interconnect\\@48000000/segment\@100000/target-module\@9c000/i2c\@0/pmic\@30/regulators/regulaator-vd10/regulator-ov-error-microvolt'
EEUHTMSEJX00006590
EEUHTMSEJX 0
root@arm:~# echo 'WSZZ''UGESGS'
WSZZUGESGS
root@arm:~# MARKER='XHUT''ZUWUHQ' run 'i2cget -y -f 2 0x30 0x5a'
XHUTZUWUHQ0x19
XHUTZUWUHQ 0
root@arm:~# echo 'QBQV''EGKFHM'
QBQVEGKFHM
root@arm:~# MARKER='ZWCB''UBLCFL' run 'grep -r -l rohm,bd9576 /proc/device-tree || sed '"'"'s![^/]*$!!'"'"''
ZWCBUBLCFL/proc/device-tree/ocp/interconnect@48000000/segment@100000/target-module@9c000/i2c@0/pmic@30/
ZWCBUBLCFL 0
root@arm:~# echo 'FSFW''OWYFYH'
FSFWOWYFYH
root@arm:~# MARKER='VBQQ''AGAXKP' run 'xxd -p /proc/device-tree/ocp/interconnect\\@48000000/segment\@100000/target-module\@9c000/i2c\@0/pmic\@30/regulators/regulaator-vd10/regulator-uv-error-microvolt'
VBQQAGAXKP00006590
VBQQAGAXKP 0
root@arm:~# echo 'CTQL''ASQNXA'
CTQLASQNXA
root@arm:~# MARKER='ZVZC''VFALBT' run 'i2cget -y -f 2 0x30 0x5b'
ZVZCVFALBT0x19
ZVZCVFALBT 0
root@arm:~# echo 'MEZY''TPOPOU'
MEZYTPOPOU
root@arm:~# MARKER='NMOT''NCLLXT' run 'grep -r -l rohm,bd9576 /proc/device-tree || sed '"'"'s![^/]*$!!'"'"''
NMOTNCLLXT/proc/device-tree/ocp/interconnect@48000000/segment@100000/target-module@9c000/i2c@0/pmic@30/
NMOTNCLLXT 0
root@arm:~# echo 'CHJK''AMKTMB'
CHJKAMKTMB
root@arm:~# MARKER='GEYW''YKWYLP' run 'xxd -p /proc/device-tree/ocp/interconnect\\@48000000/segment\@100000/target-module\@9c000/i2c\@0/pmic\@30/regulators/regulaator-voutl1/regulator-ov-error-microvolt'
GEYWYKWYLP000084d0
GEYWYKWYLP 0
root@arm:~# echo 'VUBQ''WZGHMX'
VUBQWZGHMX
root@arm:~# MARKER='TMYY''GHMFHM' run 'i2cget -y -f 2 0x30 0x5d'
TMYYGHMFHM0x01
TMYYGHMFHM 0
root@arm:~# echo 'NXXN''MVOFLS'
NXXNMVOFLS
root@arm:~# MARKER='VSWK''EHVFGX' run 'grep -r -l rohm,bd9576 /proc/device-tree || sed '"'"'s![^/]*$!!'"'"''
VSWKEHVFGX/proc/device-tree/ocp/interconnect@48000000/segment@100000/target-module@9c000/i2c@0/pmic@30/
VSWKEHVFGX 0
root@arm:~# echo 'QZLS''EXEVOP'
QZLSEXEVOP
root@arm:~# MARKER='FCTT''HJVSMM' run 'xxd -p /proc/device-tree/ocp/interconnect\\@48000000/segment\@100000/target-module\@9c000/i2c\@0/pmic\@30/regulators/regulaator-voutl1/regulator-uv-error-microvolt'
FCTTHJVSMM000084d0
FCTTHJVSMM 0
root@arm:~# echo 'HZBF''GYYYEA'
HZBFGYYYEA
root@arm:~# MARKER='SEEJ''QWASKQ' run 'i2cget -y -f 2 0x30 0x5e'
SEEJQWASKQ0x01
SEEJQWASKQ 0
root@arm:~# echo 'VNHJ''BOWFTM'
VNHJBOWFTM
root@arm:~# MARKER='LXCG''LOAGSG' run 'grep -r -l rohm,bd9576 /proc/device-tree || sed '"'"'s![^/]*$!!'"'"''
LXCGLOAGSG/proc/device-tree/ocp/interconnect@48000000/segment@100000/target-module@9c000/i2c@0/pmic@30/
LXCGLOAGSG 0
root@arm:~# echo 'AEQB''ECMBVS'
AEQBECMBVS
root@arm:~# MARKER='TLOC''PUUWJP' run 'xxd -p /proc/device-tree/ocp/interconnect\\@48000000/segment\@100000/target-module\@9c000/i2c\@0/pmic\@30/regulators/regulaator-vouts1/regulator-oc-warn-microamp'
TLOCPUUWJP00055730
TLOCPUUWJP 0
root@arm:~# echo 'TMKM''EBEYKS'
TMKMEBEYKS
root@arm:~# MARKER='HBPY''MUJWVV' run 'i2cget -y -f 2 0x30 0x5f'
HBPYMUJWVV0x07
HBPYMUJWVV 0
root@arm:~# echo 'MBZB''YFPQJF'
MBZBYFPQJF
root@arm:~# MARKER='QFBM''QNPSWP' run 'grep -r -l rohm,bd9576 /proc/device-tree || sed '"'"'s![^/]*$!!'"'"''
QFBMQNPSWP/proc/device-tree/ocp/interconnect@48000000/segment@100000/target-module@9c000/i2c@0/pmic@30/
QFBMQNPSWP 0
root@arm:~# echo 'MWHP''UUWCOB'
MWHPUUWCOB
root@arm:~# MARKER='EOJQ''LBGAVK' run 'xxd -p /proc/device-tree/ocp/interconnect\\@48000000/segment\@100000/target-module\@9c000/i2c\@0/pmic\@30/regulators/regulaator-vouts1/regulator-oc-protection-microamp'
EOJQLBGAVK00149970
EOJQLBGAVK 0
root@arm:~# echo 'BULA''SYSBYU'
BULASYSBYU
root@arm:~# MARKER='XSFE''HKQLJN' run 'i2cget -y -f 2 0x30 0x60'
XSFEHKQLJN0x1b
XSFEHKQLJN 0
root@arm:~# Labgrid Console Logfile for main
Logfile started at 2024-10-21 11:29:00.072651
=== Log starts here ===
0f5 (Apr 22 2014 - 13:23:54)

I2C:   ready
DRAM:  512 MiB
NAND:  0 MiB
MMC:   OMAP SD/MMC: 0, OMAP SD/MMC: 1
*** Warning - readenv() failed, using default environment

Net:   <ethaddr> not set. Validating first E-fuse MAC
cpsw, usb_ether
Hit any key to stop autoboot:  1  0 
gpio: pin 53 (gpio 53) value is 1
mmc0 is current device
gpio: pin 54 (gpio 54) value is 1
SD/MMC found on device 0
reading uEnv.txt
569 bytes read in 4 ms (138.7 KiB/s)
gpio: pin 55 (gpio 55) value is 1
Loaded environment from uEnv.txt
Importing environment from mmc ...
Checking if uenvcmd is set ...
gpio: pin 56 (gpio 56) value is 1
Running uenvcmd ...
cpsw Waiting for PHY auto negotiation to complete. done
link up on port 0, speed 100, full duplex
Using cpsw device
TFTP from server 192.168.255.126; our IP address is 192.168.255.1
Filename 'zImage'.
Load address: 0x81000000
Loading: *#################################################################
	 #################################################################
	 #################################################################
	 #################################################################
	 #################################################################
	 #####
	 2.4 MiB/s
done
Bytes transferred = 4836664 (49cd38 hex)
link up on port 0, speed 100, full duplex
Using cpsw device
TFTP from server 192.168.255.126; our IP address is 192.168.255.1
Filename 'am335x-boneblack.dtb'.
Load address: 0x82000000
Loading: *#######
	 2.3 MiB/s
done
Bytes transferred = 94748 (1721c hex)
Kernel image @ 0x81000000 [ 0x000000 - 0x49cd38 ]
## Flattened Device Tree blob at 82000000
   Booting using the fdt blob at 0x82000000
   Using Device Tree in place at 82000000, end 8201a21b

Starting kernel ...

[    0.000000] Booting Linux on physical CPU 0x0
[    0.000000] Linux version 5.15.168 (user01@drvtest01) (arm-linux-gnueabihf-gcc (Linaro GCC 6.4-2017.11) 6.4.1 20171012, GNU ld (Linaro_Binutils-2017.11) 2.27.0.20161229) #4 SMP Mon Oct 21 11:23:42 EEST 2024
[    0.000000] CPU: ARMv7 Processor [413fc082] revision 2 (ARMv7), cr=10c5387d
[    0.000000] CPU: PIPT / VIPT nonaliasing data cache, VIPT aliasing instruction cache
[    0.000000] OF: fdt: Machine model: TI AM335x BeagleBone Black
[    0.000000] Memory policy: Data cache writeback
[    0.000000] cma: Reserved 16 MiB at 0x9e800000
[    0.000000] Zone ranges:
[    0.000000]   Normal   [mem 0x0000000080000000-0x000000009fdfffff]
[    0.000000]   HighMem  empty
[    0.000000] Movable zone start for each node
[    0.000000] Early memory node ranges
[    0.000000]   node   0: [mem 0x0000000080000000-0x000000009fdfffff]
[    0.000000] Initmem setup node 0 [mem 0x0000000080000000-0x000000009fdfffff]
[    0.000000] CPU: All CPU(s) started in SVC mode.
[    0.000000] AM335X ES2.1 (sgx neon)
[    0.000000] percpu: Embedded 16 pages/cpu s33804 r8192 d23540 u65536
[    0.000000] Built 1 zonelists, mobility grouping on.  Total pages: 129412
[    0.000000] Kernel command line: console=ttyO0,115200n8 root=/dev/nfs rw nfsroot=192.168.255.126:/home/user01/nfs,nfsvers=3 ip=192.168.255.1:192.168.255.126::255.255.255.0:bbb1:eth0 nfsrootdebug
[    0.000000] Unknown kernel command line parameters "nfsrootdebug", will be passed to user space.
[    0.000000] Dentry cache hash table entries: 65536 (order: 6, 262144 bytes, linear)
[    0.000000] Inode-cache hash table entries: 32768 (order: 5, 131072 bytes, linear)
[    0.000000] mem auto-init: stack:off, heap alloc:off, heap free:off
[    0.000000] Memory: 484752K/522240K available (10240K kernel code, 1079K rwdata, 2392K rodata, 1024K init, 246K bss, 21104K reserved, 16384K cma-reserved, 0K highmem)
[    0.000000] trace event string verifier disabled
[    0.000000] rcu: Hierarchical RCU implementation.
[    0.000000] rcu: 	RCU event tracing is enabled.
[    0.000000] rcu: 	RCU restricting CPUs from NR_CPUS=2 to nr_cpu_ids=1.
[    0.000000] rcu: RCU calculated value of scheduler-enlistment delay is 10 jiffies.
[    0.000000] rcu: Adjusting geometry for rcu_fanout_leaf=16, nr_cpu_ids=1
[    0.000000] NR_IRQS: 16, nr_irqs: 16, preallocated irqs: 16
[    0.000000] IRQ: Found an INTC at 0x(ptrval) (revision 5.0) with 128 interrupts
[    0.000000] TI gptimer clocksource: always-on /ocp/interconnect@44c00000/segment@200000/target-module@31000
[    0.000003] sched_clock: 32 bits at 24MHz, resolution 41ns, wraps every 89478484971ns
[    0.000027] clocksource: dmtimer: mask: 0xffffffff max_cycles: 0xffffffff, max_idle_ns: 79635851949 ns
[    0.000453] TI gptimer clockevent: 24000000 Hz at /ocp/interconnect@48000000/segment@0/target-module@40000
[    0.002313] Console: colour dummy device 80x30
[    0.002373] WARNING: Your 'console=ttyO0' has been replaced by 'ttyS0'
[    0.002384] This ensures that you still see kernel messages. Please
[    0.002393] update your kernel commandline.
[    0.002441] Calibrating delay loop... 996.14 BogoMIPS (lpj=4980736)
[    0.090569] CPU: Testing write buffer coherency: ok
[    0.090660] CPU0: Spectre v2: using BPIALL workaround
[    0.090674] pid_max: default: 32768 minimum: 301
[    0.090829] LSM: Security Framework initializing
[    0.091025] Mount-cache hash table entries: 1024 (order: 0, 4096 bytes, linear)
[    0.091050] Mountpoint-cache hash table entries: 1024 (order: 0, 4096 bytes, linear)
[    0.092702] CPU0: thread -1, cpu 0, socket -1, mpidr 0
[    0.093769] Setting up static identity map for 0x80100000 - 0x80100078
[    0.094009] rcu: Hierarchical SRCU implementation.
[    0.095205] smp: Bringing up secondary CPUs ...
[    0.095236] smp: Brought up 1 node, 1 CPU
[    0.095250] SMP: Total of 1 processors activated (996.14 BogoMIPS).
[    0.095263] CPU: All CPU(s) started in SVC mode.
[    0.096062] devtmpfs: initialized
[    0.110991] VFP support v0.3: implementor 41 architecture 3 part 30 variant c rev 3
[    0.111342] clocksource: jiffies: mask: 0xffffffff max_cycles: 0xffffffff, max_idle_ns: 19112604462750000 ns
[    0.111378] futex hash table entries: 256 (order: 2, 16384 bytes, linear)
[    0.112763] pinctrl core: initialized pinctrl subsystem
[    0.114780] NET: Registered PF_NETLINK/PF_ROUTE protocol family
[    0.117621] DMA: preallocated 256 KiB pool for atomic coherent allocations
[    0.118216] audit: initializing netlink subsys (disabled)
[    0.119471] thermal_sys: Registered thermal governor 'fair_share'
[    0.119492] thermal_sys: Registered thermal governor 'step_wise'
[    0.119507] thermal_sys: Registered thermal governor 'user_space'
[    0.119866] cpuidle: using governor menu
[    0.136741] No ATAGs?
[    0.136779] hw-breakpoint: debug architecture 0x4 unsupported.
[    0.145147] kprobes: kprobe jump-optimization is enabled. All kprobes are optimized if possible.
[    0.145505] audit: type=2000 audit(0.110:1): state=initialized audit_enabled=0 res=1
[    0.151943] iommu: Default domain type: Translated 
[    0.151968] iommu: DMA domain TLB invalidation policy: strict mode 
[    0.153281] vgaarb: loaded
[    0.153825] SCSI subsystem initialized
[    0.154573] pps_core: LinuxPPS API ver. 1 registered
[    0.154591] pps_core: Software ver. 5.3.6 - Copyright 2005-2007 Rodolfo Giometti <giometti@linux.it>
[    0.154626] PTP clock support registered
[    0.156036] clocksource: Switched to clocksource dmtimer
[    0.202463] VFS: Disk quotas dquot_6.6.0
[    0.202597] VFS: Dquot-cache hash table entries: 1024 (order 0, 4096 bytes)
[    0.280502] NET: Registered PF_INET protocol family
[    0.280857] IP idents hash table entries: 8192 (order: 4, 65536 bytes, linear)
[    0.281863] tcp_listen_portaddr_hash hash table entries: 512 (order: 0, 4096 bytes, linear)
[    0.281918] Table-perturb hash table entries: 65536 (order: 6, 262144 bytes, linear)
[    0.281945] TCP established hash table entries: 4096 (order: 2, 16384 bytes, linear)
[    0.281991] TCP bind hash table entries: 4096 (order: 3, 32768 bytes, linear)
[    0.282056] TCP: Hash tables configured (established 4096 bind 4096)
[    0.282177] UDP hash table entries: 256 (order: 1, 8192 bytes, linear)
[    0.282208] UDP-Lite hash table entries: 256 (order: 1, 8192 bytes, linear)
[    0.282405] NET: Registered PF_UNIX/PF_LOCAL protocol family
[    0.283543] RPC: Registered named UNIX socket transport module.
[    0.283575] RPC: Registered udp transport module.
[    0.283585] RPC: Registered tcp transport module.
[    0.283593] RPC: Registered tcp NFSv4.1 backchannel transport module.
[    0.283615] PCI: CLS 0 bytes, default 64
[    0.285052] Initialise system trusted keyrings
[    0.286162] workingset: timestamp_bits=14 max_order=17 bucket_order=3
[    0.287536] NFS: Registering the id_resolver key type
[    0.287617] Key type id_resolver registered
[    0.287630] Key type id_legacy registered
[    0.287684] jffs2: version 2.2. (NAND) (SUMMARY)  Â© 2001-2006 Red Hat, Inc.
[    0.288082] Key type asymmetric registered
[    0.288109] Asymmetric key parser 'x509' registered
[    0.288177] io scheduler mq-deadline registered
[    0.288193] io scheduler kyber registered
[    0.291836] Serial: 8250/16550 driver, 6 ports, IRQ sharing enabled
[    0.322633] brd: module loaded
[    0.361652] loop: module loaded
[    0.362581] mtdoops: mtd device (mtddev=name/number) must be supplied
[    0.364905] i2c_dev: i2c /dev entries driver
[    0.365798] cpuidle: enable-method property 'ti,am3352' found operations
[    0.366355] sdhci: Secure Digital Host Controller Interface driver
[    0.366373] sdhci: Copyright(c) Pierre Ossman
[    0.366544] sdhci-pltfm: SDHCI platform and OF driver helper
[    0.366763] ledtrig-cpu: registered to indicate activity on CPUs
[    0.367320] Initializing XFRM netlink socket
[    0.367555] NET: Registered PF_INET6 protocol family
[    0.369141] Segment Routing with IPv6
[    0.369237] In-situ OAM (IOAM) with IPv6
[    0.369342] sit: IPv6, IPv4 and MPLS over IPv4 tunneling driver
[    0.370163] NET: Registered PF_PACKET protocol family
[    0.370217] NET: Registered PF_KEY protocol family
[    0.370342] Key type dns_resolver registered
[    0.370483] ThumbEE CPU extension supported.
[    0.370506] Registering SWP/SWPB emulation handler
[    0.371019] omap_voltage_late_init: Voltage driver support not added
[    0.371363] SmartReflex Class3 initialized
[    0.372151] Loading compiled-in X.509 certificates
[    0.404920] pinctrl-single 44e10800.pinmux: 142 pins, size 568
[    0.409414] ti-sysc: probe of 44e31000.target-module failed with error -16
[    0.467895] ti-sysc: probe of 48040000.target-module failed with error -16
[    0.489045] OMAP GPIO hardware version 0.1
[    0.514123] omap_i2c 4819c000.i2c: bus 2 rev0.11 at 100 kHz
[    0.556399] sdhci-omap 481d8000.mmc: supply vqmmc not found, using dummy regulator
[    0.607656] davinci_mdio 4a101000.mdio: davinci mdio revision 1.6, bus freq 1000000
[    0.664424] davinci_mdio 4a101000.mdio: phy[0]: device 4a101000.mdio:00, driver SMSC LAN8710/LAN8720
[    0.664926] cpsw-switch 4a100000.switch: initialized cpsw ale version 1.4
[    0.664955] cpsw-switch 4a100000.switch: ALE Table size 1024
[    0.665074] cpsw-switch 4a100000.switch: cpts: overflow check period 500 (jiffies)
[    0.665094] cpsw-switch 4a100000.switch: CPTS: ref_clk_freq:250000000 calc_mult:2147483648 calc_shift:29 error:0 nsec/sec
[    0.665191] cpsw-switch 4a100000.switch: Detected MACID = 6c:ec:eb:68:de:78
[    0.666968] cpsw-switch 4a100000.switch: initialized (regs 0x4a100000, pool size 256) hw_ver:0019010C 1.12 (0)
[    0.676387] debugfs: Directory '49000000.dma' with parent 'dmaengine' already present!
[    0.676443] edma 49000000.dma: TI EDMA DMA engine driver
[    0.743684] hw perfevents: enabled with armv7_cortex_a8 PMU driver, 5 counters available
[    0.750567] l3-aon-clkctrl:0000:0: failed to disable
[    0.752651] 44e09000.serial: ttyS0 at MMIO 0x44e09000 (irq = 18, base_baud = 3000000) is a 8250
[    1.914666] printk: console [ttyS0] enabled
[    1.946867] tps65217-pmic: Failed to locate of_node [id: -1]
[    1.962254] tps65217-bl: Failed to locate of_node [id: -1]
[    1.970813] tps65217 0-0024: TPS65217 ID 0xe version 1.2
[    1.976793] i2c 0-0070: Fixing up cyclic dependency with 4830e000.lcdc
[    1.983653] omap_i2c 44e0b000.i2c: bus 0 rev0.11 at 400 kHz
[    1.991129] omap_gpio 44e07000.gpio: Could not set line 6 debounce to 200000 microseconds (-22)
[    1.999971] sdhci-omap 48060000.mmc: Got CD GPIO
[    2.004935] sdhci-omap 48060000.mmc: supply vqmmc not found, using dummy regulator
[    2.017159] sdhci-omap 481d8000.mmc: supply vqmmc not found, using dummy regulator
[    2.052225] mmc1: SDHCI controller on 481d8000.mmc [481d8000.mmc] using External DMA
[    2.060523] mmc0: SDHCI controller on 48060000.mmc [48060000.mmc] using External DMA
[    2.069181] cpsw-switch 4a100000.switch: starting ndev. mode: dual_mac
[    2.113481] mmc0: new high speed SDHC card at address 5048
[    2.120281] mmcblk0: mmc0:5048 SD16G 14.4 GiB 
[    2.128108]  mmcblk0: p1 p2
[    2.131313] mmcblk0: p2 size 31221760 extends beyond EOD, truncated
[    2.157903] SMSC LAN8710/LAN8720 4a101000.mdio:00: attached PHY driver (mii_bus:phy_addr=4a101000.mdio:00, irq=POLL)
[    2.179102] mmc1: new high speed MMC card at address 0001
[    2.185713] mmcblk1: mmc1:0001 MMC04G 3.60 GiB 
[    2.193006]  mmcblk1: p1 p2
[    2.197193] mmcblk1boot0: mmc1:0001 MMC04G 2.00 MiB 
[    2.204243] mmcblk1boot1: mmc1:0001 MMC04G 2.00 MiB 
[    2.211147] mmcblk1rpmb: mmc1:0001 MMC04G 128 KiB, chardev (250:0)
[    5.286789] cpsw-switch 4a100000.switch eth0: Link is Up - 100Mbps/Full - flow control off
[    5.316106] IPv6: ADDRCONF(NETDEV_CHANGE): eth0: link becomes ready
[    5.346052] IP-Config: Complete:
[    5.349310]      device=eth0, hwaddr=6c:ec:eb:68:de:78, ipaddr=192.168.255.1, mask=255.255.255.0, gw=255.255.255.255
[    5.359930]      host=bbb1, domain=, nis-domain=(none)
[    5.365093]      bootserver=192.168.255.126, rootserver=192.168.255.126, rootpath=
[    5.365474] clk: Disabling unused clocks
[    5.377330] TAP version 14
[    5.380055] 1..0
[    5.403404] VFS: Mounted root (nfs filesystem) on device 0:16.
[    5.410335] devtmpfs: mounted
[    5.414626] Freeing unused kernel image (initmem) memory: 1024K
[    5.421276] Run /sbin/init as init process
[    6.103944] systemd[1]: System time before build time, advancing clock.
[    6.299247] random: systemd: uninitialized urandom read (16 bytes read)
[    6.311163] random: systemd: uninitialized urandom read (16 bytes read)
[    6.321667] systemd[1]: systemd 232 running in system mode. (+PAM +AUDIT +SELINUX +IMA +APPARMOR +SMACK +SYSVINIT +UTMP +LIBCRYPTSETUP +GCRYPT +GNUTLS +ACL +XZ +LZ4 +SECCOMP +BLKID +ELFUTILS +KMOD +IDN)
[    6.341079] systemd[1]: Detected architecture arm.

Welcome to [1mDebian GNU/Linux 9 (stretch)[0m!

[    6.378724] systemd[1]: Set hostname to <arm>.
[    6.751806] random: systemd-cryptse: uninitialized urandom read (16 bytes read)
[    7.328864] random: systemd: uninitialized urandom read (16 bytes read)
[    7.335793] random: systemd: uninitialized urandom read (16 bytes read)
[    7.343185] random: systemd: uninitialized urandom read (16 bytes read)
[    7.356959] systemd[1]: Listening on Journal Socket (/dev/log).
[[0;32m  OK  [0m] Listening on Journal Socket (/dev/log).
[    7.396866] systemd[1]: Listening on Journal Socket.
[[0;32m  OK  [0m] Listening on Journal Socket.
[    7.437839] systemd[1]: Listening on /dev/initctl Compatibility Named Pipe.
[[0;32m  OK  [0m] Listening on /dev/initctl Compatibility Named Pipe.
[    7.476701] systemd[1]: Listening on Syslog Socket.
[[0;32m  OK  [0m] Listening on Syslog Socket.
[    7.487096] systemd[1]: Started Dispatch Password Requests to Console Directory Watch.
[[0;32m  OK  [0m] Started Dispatch Password Requests to Console Directory Watch.
[    7.526773] systemd[1]: Started Forward Password Requests to Wall Directory Watch.
[[0;32m  OK  [0m] Started Forward Password Requests to Wall Directory Watch.
[    7.566398] systemd[1]: Reached target Remote File Systems.
[[0;32m  OK  [0m] Reached target Remote File Systems.
[[0;32m  OK  [0m] Reached target Encrypted Volumes.
[[0;32m  OK  [0m] Reached target Swap.
[[0;32m  OK  [0m] Reached target Paths.
[[0;32m  OK  [0m] Created slice System Slice.
         Starting Load Kernel Modules...
         Starting Create list of required stâ€¦ce nodes for the current kernel...
         Mounting Debug File System...
[[0;32m  OK  [0m] Created slice system-serial\x2dgetty.slice.
[[0;32m  OK  [0m] Created slice system-getty.slice.
         Starting Remount Root and Kernel File Systems...
         Mounting POSIX Message Queue File System...
[[0;32m  OK  [0m] Set up automount Arbitrary Executabâ€¦rmats File System Automount Point.
[[0;32m  OK  [0m] Listening on udev Control Socket.
[[0;32m  OK  [0m] Listening on udev Kernel Socket.
[[0;32m  OK  [0m] Listening on Journal Audit Socket.
         Starting Journal Service...
[[0;32m  OK  [0m] Created slice User and Session Slice.
[[0;32m  OK  [0m] Reached target Slices.
[[0;32m  OK  [0m] Mounted POSIX Message Queue File System.
[[0;32m  OK  [0m] Mounted Debug File System.
[[0;32m  OK  [0m] Started Load Kernel Modules.
[[0;32m  OK  [0m] Started Create list of required staâ€¦vice nodes for the current kernel.
[[0;32m  OK  [0m] Started Remount Root and Kernel File Systems.
[    8.336836] random: systemd-journal: uninitialized urandom read (16 bytes read)
[    8.345481] random: systemd-journal: uninitialized urandom read (16 bytes read)
[    8.354309] random: systemd-journal: uninitialized urandom read (16 bytes read)
         Starting udev Coldplug all Devices...
         Starting Load/Save Random Seed...
         Starting Create Static Device Nodes in /dev...
         Starting Apply Kernel Variables...
         Mounting Configuration File System...
[[0;32m  OK  [0m] Mounted Configuration File System.
[[0;32m  OK  [0m] Started Load/Save Random Seed.
[[0;32m  OK  [0m] Started Apply Kernel Variables.
[[0;32m  OK  [0m] Started Create Static Device Nodes in /dev.
[[0;32m  OK  [0m] Started Journal Service.
         Starting Flush Journal to Persistent Storage...
         Starting udev Kernel Device Manager...
[[0;32m  OK  [0m] Reached target Local File Systems (Pre).
[[0;32m  OK  [0m] Reached target Local File Systems.
         Starting Raise network interfaces...
[    9.353397] random: systemd: uninitialized urandom read (16 bytes read)
[    9.534069] systemd-journald[98]: Received request to flush runtime journal from PID 1
[[0;32m  OK  [0m] Started Flush Journal to Persistent Storage.
         Starting Create Volatile Files and Directories...
[[0;32m  OK  [0m] Started udev Kernel Device Manager.
[[0;32m  OK  [0m] Started Create Volatile Files and Directories.
         Starting Update UTMP about System Boot/Shutdown...
         Starting Network Time Synchronization...
[[0;32m  OK  [0m] Started Update UTMP about System Boot/Shutdown.
[[0;32m  OK  [0m] Started Network Time Synchronization.
[[0;32m  OK  [0m] Reached target System Time Synchronized.
[   12.126215] random: crng init done
[   12.129678] random: 550 urandom warning(s) missed due to ratelimiting
[[0;32m  OK  [0m] Started udev Coldplug all Devices.
[[0;32m  OK  [0m] Reached target System Initialization.
[[0;32m  OK  [0m] Listening on Avahi mDNS/DNS-SD Stack Activation Socket.
[[0;32m  OK  [0m] Listening on D-Bus System Message Bus Socket.
[[0;32m  OK  [0m] Reached target Sockets.
[[0;32m  OK  [0m] Reached target Basic System.
         Starting LSB: Load kernel modules needed to enable cpufreq scaling...
[   12.709386] remoteproc remoteproc0: wkup_m3 is available
         Starting Generic Board Startup...
         Starting Avahi mDNS/DNS-SD Stack...
[[0;32m  OK  [0m] Started D-Bus System Message Bus.
[   12.868162] at24 2-0054: supply vcc not found, using dummy regulator
[   13.055029] at24 2-0055: supply vcc not found, using dummy regulator
[   13.276785] at24 2-0056: supply vcc not found, using dummy regulator
[   13.332822] omap_wdt: OMAP Watchdog Timer Rev 0x01: initial timeout 60 sec
[   13.374650] at24 2-0057: supply vcc not found, using dummy regulator
[   13.490599] at24 0-0050: supply vcc not found, using dummy regulator
[   13.544848] tps6521x_pwrbutton tps65217-pwrbutton: DMA mask not set
[   13.561114] at24 0-0050: 32768 byte 24c256 EEPROM, writable, 1 bytes/write
[   13.585619] omap_rtc 44e3e000.rtc: registered as rtc0
[   13.590917] omap_rtc 44e3e000.rtc: setting system clock to 2000-01-01T00:00:00 UTC (946684800)
[   13.690091] input: tps65217_pwrbutton as /devices/platform/ocp/44c00000.interconnect/44c00000.interconnect:segment@200000/44e0b000.target-module/44e0b000.i2c/i2c-0/0-0024/tps65217-pwrbutton/input/input0
[   13.824476] am335x-phy-driver 47401300.usb-phy: supply vcc not found, using dummy regulator
[   14.104928] usbcore: registered new interface driver usbfs
[   14.110714] usbcore: registered new interface driver hub
[   14.116209] usbcore: registered new device driver usb
[   14.831421] am335x-phy-driver 47401b00.usb-phy: supply vcc not found, using dummy regulator
[   14.919835] tda998x 0-0070: found TDA19988
[   15.175106] musb-hdrc musb-hdrc.1: MUSB HDRC host driver
[   15.180696] musb-hdrc musb-hdrc.1: new USB bus registered, assigned bus number 1
[   15.371319] omap-mailbox 480c8000.mailbox: omap mailbox rev 0x400
[   15.527472] usb usb1: New USB device found, idVendor=1d6b, idProduct=0002, bcdDevice= 5.15
[   15.535893] usb usb1: New USB device strings: Mfr=3, Product=2, SerialNumber=1
[   15.543292] usb usb1: Product: MUSB HDRC host driver
[   15.548316] usb usb1: Manufacturer: Linux 5.15.168 musb-hcd
[   15.553917] usb usb1: SerialNumber: musb-hdrc.1
[[0;32m  OK  [0m] Started Avahi mDNS/DNS-SD Stack.
         Starting Connection service...
[[0;32m  OK  [0m] Started Daily apt download activities.
[[0;32m  OK  [0m] Started Daily apt upgrade and clean activities.
[   16.138671] hub 1-0:1.0: USB hub found
         Starting Telephony service...
[   16.213540] hub 1-0:1.0: 1 port detected
         Starting Login Service...
[   16.377537] remoteproc remoteproc0: powering up wkup_m3
         Starting Cape Manager Service...
[   16.555409] remoteproc remoteproc0: Direct firmware load for am335x-pm-firmware.elf failed with error -2
[   16.565207] remoteproc remoteproc0: request_firmware failed: -2
[   16.571208] wkup_m3_ipc 44e11324.wkup_m3_ipc: rproc_boot failed
         Starting DUN service...
         Starting System Logging Service...
[   16.807893] tilcdc 4830e000.lcdc: bound 0-0070 (ops tda998x_driver_exit [tda998x])
[   16.941530] omap_rng 48310000.rng: Random Number Generator ver. 20
[[0;32m  OK  [0m] Started Regular background program processing daemon.
[   17.043547] [drm] Initialized tilcdc 1.0.0 20121205 for 4830e000.lcdc on minor 0
[[0;32m  OK  [0m] Started Daily Cleanup of Temporary Directories.
[[0;32m  OK  [0m] Reached target Timers.
         Starting LSB: Start busybox udhcpd at boot time...
[   17.235900] tilcdc 4830e000.lcdc: [drm] Cannot find any crtc or sizes
[   17.253087] tilcdc 4830e000.lcdc: [drm] Cannot find any crtc or sizes
[[0;32m  OK  [0m] Found device /dev/ttyS0.
[[0;32m  OK  [0m] Started Cape Manager Service.
[[0;32m  OK  [0m] Started System Logging Service.
[   19.135084] omap-sham 53100000.sham: hw accel on OMAP rev 4.3
[   19.170606] omap-aes 53500000.aes: OMAP AES hw accel rev: 3.2
[   19.218421] PM: Cannot get wkup_m3_ipc handle
[   19.253423] omap-sham 53100000.sham: will run requests pump with realtime priority
[   19.296204] omap-aes 53500000.aes: will run requests pump with realtime priority
[   19.316537] Bluetooth: Core ver 2.22
[   19.320370] NET: Registered PF_BLUETOOTH protocol family
[   19.325712] Bluetooth: HCI device and connection manager initialized
[   19.332226] Bluetooth: HCI socket layer initialized
[   19.337163] Bluetooth: L2CAP socket layer initialized
