Labgrid Console Logfile for main
Logfile started at 2025-11-24 17:05:49.084057
=== Log starts here ===
reading args
spl_load_image_fat_os: error reading image args, err - -1
reading u-boot.img
reading u-boot.img


U-Boot 2014.04-00014-g47880f5 (Apr 22 2014 - 13:23:54)

I2C:   ready
DRAM:  512 MiB
NAND:  0 MiB
MMC:   OMAP SD/MMC: 0, OMAP SD/MMC: 1
*** Warning - readenv() failed, using default environment

Net:   <ethaddr> not set. Validating first E-fuse MAC
cpsw, usb_ether
Hit any key to stop autoboot:  1  0 
gpio: pin 53 (gpio 53) value is 1
mmc0 is current device
gpio: pin 54 (gpio 54) value is 1
SD/MMC found on device 0
reading uEnv.txt
569 bytes read in 3 ms (184.6 KiB/s)
gpio: pin 55 (gpio 55) value is 1
Loaded environment from uEnv.txt
Importing environment from mmc ...
Checking if uenvcmd is set ...
gpio: pin 56 (gpio 56) value is 1
Running uenvcmd ...
cpsw Waiting for PHY auto negotiation to complete. done
link up on port 0, speed 100, full duplex
Using cpsw device
TFTP from server 192.168.255.126; our IP address is 192.168.255.1
Filename 'zImage'.
Load address: 0x81000000
Loading: *#################################################################
	 #################################################################
	 #################################################################
	 #################################################################
	 #################################################################
	 #################################################################
	 2.4 MiB/s
done
Bytes transferred = 5720856 (574b18 hex)
link up on port 0, speed 100, full duplex
Using cpsw device
TFTP from server 192.168.255.126; our IP address is 192.168.255.1
Filename 'am335x-boneblack.dtb'.
Load address: 0x82000000
Loading: *#######
	 2.4 MiB/s
done
Bytes transferred = 98077 (17f1d hex)
Kernel image @ 0x81000000 [ 0x000000 - 0x574b18 ]
## Flattened Device Tree blob at 82000000
   Booting using the fdt blob at 0x82000000
   Using Device Tree in place at 82000000, end 8201af1c

Starting kernel ...

[    0.000000] Booting Linux on physical CPU 0x0
[    0.000000] Linux version 6.18.0-rc6-next-20251124 (user01@drvtest01) (arm-none-eabi-gcc (Arm GNU Toolchain 14.2.Rel1 (Build arm-14.52)) 14.2.1 20241119, GNU ld (Arm GNU Toolchain 14.2.Rel1 (Build arm-14.52)) 2.43.1.20241119) #1 SMP Mon Nov 24 17:04:23 EET 2025
[    0.000000] CPU: ARMv7 Processor [413fc082] revision 2 (ARMv7), cr=10c5387d
[    0.000000] CPU: PIPT / VIPT nonaliasing data cache, VIPT aliasing instruction cache
[    0.000000] OF: fdt: Machine model: TI AM335x BeagleBone Black
[    0.000000] Memory policy: Data cache writeback
[    0.000000] cma: Reserved 16 MiB at 0x9e800000
[    0.000000] Zone ranges:
[    0.000000]   Normal   [mem 0x0000000080000000-0x000000009fdfffff]
[    0.000000]   HighMem  empty
[    0.000000] Movable zone start for each node
[    0.000000] Early memory node ranges
[    0.000000]   node   0: [mem 0x0000000080000000-0x000000009fdfffff]
[    0.000000] Initmem setup node 0 [mem 0x0000000080000000-0x000000009fdfffff]
[    0.000000] On node 0, zone Normal: 512 pages in unavailable ranges
[    0.000000] OF: reserved mem: Reserved memory: No reserved-memory node in the DT
[    0.000000] CPU: All CPU(s) started in SVC mode.
[    0.000000] AM335X ES2.1 (sgx neon)
[    0.000000] percpu: Embedded 17 pages/cpu s40204 r8192 d21236 u69632
[    0.000000] Kernel command line: console=ttyO0,115200n8 root=/dev/nfs rw nfsroot=192.168.255.126:/home/user01/nfs,nfsvers=3 ip=192.168.255.1:192.168.255.126::255.255.255.0:bbb1:eth0 nfsrootdebug
[    0.000000] Unknown kernel command line parameters "nfsrootdebug", will be passed to user space.
[    0.000000] printk: log buffer data + meta data: 65536 + 204800 = 270336 bytes
[    0.000000] Dentry cache hash table entries: 65536 (order: 6, 262144 bytes, linear)
[    0.000000] Inode-cache hash table entries: 32768 (order: 5, 131072 bytes, linear)
[    0.000000] Built 1 zonelists, mobility grouping on.  Total pages: 130560
[    0.000000] mem auto-init: stack:off, heap alloc:off, heap free:off
[    0.000000] SLUB: HWalign=16, Order=0-3, MinObjects=0, CPUs=1, Nodes=1
[    0.000000] rcu: Hierarchical RCU implementation.
[    0.000000] rcu: 	RCU event tracing is enabled.
[    0.000000] rcu: 	RCU restricting CPUs from NR_CPUS=2 to nr_cpu_ids=1.
[    0.000000] 	Tracing variant of Tasks RCU enabled.
[    0.000000] rcu: RCU calculated value of scheduler-enlistment delay is 10 jiffies.
[    0.000000] rcu: Adjusting geometry for rcu_fanout_leaf=16, nr_cpu_ids=1
[    0.000000] RCU Tasks Trace: Setting shift to 0 and lim to 1 rcu_task_cb_adjust=1 rcu_task_cpu_ids=1.
[    0.000000] NR_IRQS: 16, nr_irqs: 16, preallocated irqs: 16
[    0.000000] IRQ: Found an INTC at 0x(ptrval) (revision 5.0) with 128 interrupts
[    0.000000] rcu: srcu_init: Setting srcu_struct sizes based on contention.
[    0.000000] TI gptimer clocksource: always-on /ocp/interconnect@44c00000/segment@200000/target-module@31000
[    0.000002] sched_clock: 32 bits at 24MHz, resolution 41ns, wraps every 89478484971ns
[    0.000025] clocksource: dmtimer: mask: 0xffffffff max_cycles: 0xffffffff, max_idle_ns: 79635851949 ns
[    0.000557] TI gptimer clockevent: 24000000 Hz at /ocp/interconnect@48000000/segment@0/target-module@40000
[    0.002126] Console: colour dummy device 80x30
[    0.002191] WARNING: Your 'console=ttyO0' has been replaced by 'ttyS0'
[    0.002199] This ensures that you still see kernel messages. Please
[    0.002203] update your kernel commandline.
[    0.002245] Calibrating delay loop... 996.14 BogoMIPS (lpj=4980736)
[    0.090672] CPU: Testing write buffer coherency: ok
[    0.090757] CPU0: Spectre v2: using BPIALL workaround
[    0.090766] pid_max: default: 32768 minimum: 301
[    0.091077] Mount-cache hash table entries: 1024 (order: 0, 4096 bytes, linear)
[    0.091099] Mountpoint-cache hash table entries: 1024 (order: 0, 4096 bytes, linear)
[    0.092687] CPU0: thread -1, cpu 0, socket -1, mpidr 0
[    0.092744] cacheinfo: Unable to detect cache hierarchy for CPU 0
[    0.094760] Setting up static identity map for 0x80100000 - 0x80100078
[    0.095090] rcu: Hierarchical SRCU implementation.
[    0.095099] rcu: 	Max phase no-delay instances is 1000.
[    0.095588] Timer migration: 1 hierarchy levels; 8 children per group; 1 crossnode level
[    0.096908] smp: Bringing up secondary CPUs ...
[    0.096962] smp: Brought up 1 node, 1 CPU
[    0.096975] SMP: Total of 1 processors activated (996.14 BogoMIPS).
[    0.096986] CPU: All CPU(s) started in SVC mode.
[    0.097234] Memory: 479964K/522240K available (12288K kernel code, 1231K rwdata, 2956K rodata, 1024K init, 255K bss, 24364K reserved, 16384K cma-reserved, 0K highmem)
[    0.098105] devtmpfs: initialized
[    0.115268] VFP support v0.3: implementor 41 architecture 3 part 30 variant c rev 3
[    0.115946] clocksource: jiffies: mask: 0xffffffff max_cycles: 0xffffffff, max_idle_ns: 19112604462750000 ns
[    0.116003] posixtimers hash table entries: 2048 (order: 2, 16384 bytes, linear)
[    0.116056] futex hash table entries: 1024 (65536 bytes on 1 NUMA nodes, total 64 KiB, linear).
[    0.119242] NET: Registered PF_NETLINK/PF_ROUTE protocol family
[    0.122473] DMA: preallocated 256 KiB pool for atomic coherent allocations
[    0.123463] audit: initializing netlink subsys (disabled)
[    0.124839] thermal_sys: Registered thermal governor 'fair_share'
[    0.124855] thermal_sys: Registered thermal governor 'step_wise'
[    0.124864] thermal_sys: Registered thermal governor 'user_space'
[    0.124978] audit: type=2000 audit(0.120:1): state=initialized audit_enabled=0 res=1
[    0.125049] cpuidle: using governor menu
[    0.142693] /ocp/interconnect@44c00000/segment@200000/target-module@b000/i2c@0/tda19988@70: Fixed dependency cycle(s) with /ocp/interconnect@48000000/segment@300000/target-module@e000/lcdc@0
[    0.143773] /ocp/interconnect@48000000/segment@300000/target-module@e000/lcdc@0: Fixed dependency cycle(s) with /ocp/interconnect@44c00000/segment@200000/target-module@b000/i2c@0/tda19988@70
[    0.145931] No ATAGs?
[    0.145968] hw-breakpoint: debug architecture 0x4 unsupported.
[    0.148674] kprobes: kprobe jump-optimization is enabled. All kprobes are optimized if possible.
[    0.153767] iommu: Default domain type: Translated
[    0.153791] iommu: DMA domain TLB invalidation policy: strict mode
[    0.161633] SCSI subsystem initialized
[    0.162499] pps_core: LinuxPPS API ver. 1 registered
[    0.162508] pps_core: Software ver. 5.3.6 - Copyright 2005-2007 Rodolfo Giometti <giometti@linux.it>
[    0.162532] PTP clock support registered
[    0.171110] vgaarb: loaded
[    0.171549] clocksource: Switched to clocksource dmtimer
[    0.172176] VFS: Disk quotas dquot_6.6.0
[    0.172238] VFS: Dquot-cache hash table entries: 1024 (order 0, 4096 bytes)
[    0.195081] NET: Registered PF_INET protocol family
[    0.195415] IP idents hash table entries: 8192 (order: 4, 65536 bytes, linear)
[    0.196835] tcp_listen_portaddr_hash hash table entries: 512 (order: 0, 4096 bytes, linear)
[    0.196872] Table-perturb hash table entries: 65536 (order: 6, 262144 bytes, linear)
[    0.196890] TCP established hash table entries: 4096 (order: 2, 16384 bytes, linear)
[    0.196936] TCP bind hash table entries: 4096 (order: 4, 65536 bytes, linear)
[    0.197036] TCP: Hash tables configured (established 4096 bind 4096)
[    0.197159] UDP hash table entries: 256 (order: 2, 14336 bytes, linear)
[    0.197192] UDP-Lite hash table entries: 256 (order: 2, 14336 bytes, linear)
[    0.197409] NET: Registered PF_UNIX/PF_LOCAL protocol family
[    0.202315] RPC: Registered named UNIX socket transport module.
[    0.202335] RPC: Registered udp transport module.
[    0.202341] RPC: Registered tcp transport module.
[    0.202346] RPC: Registered tcp-with-tls transport module.
[    0.202351] RPC: Registered tcp NFSv4.1 backchannel transport module.
[    0.202377] PCI: CLS 0 bytes, default 64
[    0.203847] Initialise system trusted keyrings
[    0.212079] workingset: timestamp_bits=14 max_order=17 bucket_order=3
[    0.213542] NFS: Registering the id_resolver key type
[    0.213601] Key type id_resolver registered
[    0.213609] Key type id_legacy registered
[    0.213719] jffs2: version 2.2. (NAND) (SUMMARY)  Â© 2001-2006 Red Hat, Inc.
[    0.214266] Key type asymmetric registered
[    0.214283] Asymmetric key parser 'x509' registered
[    0.214360] io scheduler mq-deadline registered
[    0.214371] io scheduler kyber registered
[    0.214456] io scheduler bfq registered
[    0.216276] target-module@4b000000:target-module@140000:pmu@0:fck: device ID is greater than 24
[    0.221744] ledtrig-cpu: registered to indicate activity on CPUs
[    0.225443] Serial: 8250/16550 driver, 6 ports, IRQ sharing enabled
[    0.266702] brd: module loaded
[    0.287660] loop: module loaded
[    0.288586] mtdoops: mtd device (mtddev=name/number) must be supplied
[    0.291760] i2c_dev: i2c /dev entries driver
[    0.292797] cpuidle: enable-method property 'ti,am3352' found operations
[    0.293249] sdhci: Secure Digital Host Controller Interface driver
[    0.293256] sdhci: Copyright(c) Pierre Ossman
[    0.293442] sdhci-pltfm: SDHCI platform and OF driver helper
[    0.294562] hw perfevents: unable to set irq affinity (irq=17, cpu=0)
[    0.294575] hw perfevents: unable to request IRQ17 for ARM PMU counters
[    0.294601] armv7-pmu target-module@4b000000:target-module@140000:pmu@0: probe with driver armv7-pmu failed with error -22
[    0.295095] Initializing XFRM netlink socket
[    0.295259] NET: Registered PF_INET6 protocol family
[    0.303320] Segment Routing with IPv6
[    0.303409] In-situ OAM (IOAM) with IPv6
[    0.303507] sit: IPv6, IPv4 and MPLS over IPv4 tunneling driver
[    0.304527] NET: Registered PF_PACKET protocol family
[    0.304548] PFKEY is deprecated and scheduled to be removed in 2027, please contact the netdev mailing list
[    0.304574] NET: Registered PF_KEY protocol family
[    0.304701] Key type dns_resolver registered
[    0.304945] ThumbEE CPU extension supported.
[    0.304967] Registering SWP/SWPB emulation handler
[    0.305491] omap_voltage_late_init: Voltage driver support not added
[    0.306159] SmartReflex Class3 initialized
[    0.343640] Loading compiled-in X.509 certificates
[    0.372107] /ocp/interconnect@44c00000/segment@200000/target-module@b000/i2c@0/tda19988@70: Fixed dependency cycle(s) with /ocp/interconnect@48000000/segment@300000/target-module@e000/lcdc@0
[    0.378515] /ocp/interconnect@44c00000/segment@200000/target-module@b000/i2c@0/tda19988@70: Fixed dependency cycle(s) with /ocp/interconnect@48000000/segment@300000/target-module@e000/lcdc@0
[    0.410930] /ocp/interconnect@44c00000/segment@200000/target-module@b000/i2c@0/tda19988@70: Fixed dependency cycle(s) with /ocp/interconnect@48000000/segment@300000/target-module@e000/lcdc@0
[    0.412129] /ocp/interconnect@44c00000/segment@200000/target-module@b000/i2c@0/tda19988@70: Fixed dependency cycle(s) with /ocp/interconnect@48000000/segment@300000/target-module@e000/lcdc@0
[    0.415737] /ocp/interconnect@44c00000/segment@200000/target-module@10000/scm@0/pinmux@800: Fixed dependency cycle(s) with /ocp/interconnect@44c00000/segment@200000/target-module@10000/scm@0/pinmux@800/clkout2-pins
[    0.416369] pinctrl-sing le 44e10800.pinmux: 142 pins, size 568
[    0.447143] /ocp/interconnect@48000000/segment@300000/target-module@e000/lcdc@0: Fixed dependency cycle(s) with /ocp/interconnect@44c00000/segment@200000/target-module@b000/i2c@0/tda19988@70
[    0.502494] OMAP GPIO hardware version 0.1
[    0.529752] omap_i2c 4819c000.i2c: bus 2 rev0.11 at 100 kHz
[    0.579694] 48000000.interconnect:segment@200000:target-module@0:mpu@0:fck: device ID is greater than 24
[    0.580621] /ocp/interconnect@48000000/segment@30000 0/target-module@e000/lcdc@0: Fixed dependency cycle(s) with /ocp/interconnect@44c00000/segment@200000/target-module@b000/i2c@0/tda19988@70
[    0.583778] /ocp/interconnect@48000000/segment@300000/target-module@e000/lcdc@0: Fixed dependency cycle(s) with /ocp/interconnect@44c00000/segment@200000/target-module@b000/i2c@0/tda19988@70
[    0.584494] /ocp/interconnect@44c00000/segment@200000/target-module@b000/i2c@0/tda19988@70: Fixed dependency cycle(s) with /ocp/interconnect@48000000/segment@300000/target-module@e000/lcdc@0
[    0.584670] /ocp/interconnect@48000000/segment@300000/target-module@e000/lcdc@0: Fixed dependency cycle(s) with /ocp/interconnect@44c00000/segment@200000/target-module@b000/i2c@0/tda19988@70
[    0.592511] sdhci-omap 481d8000.mmc: supply pbias not found, using dummy regulator
[    0.593601] sdhci-omap 481d8000.mmc: supply vqmmc not found, using dummy regulator
[    0.643881] davinci_mdio 4a101000.mdio: davinci mdio revision 1.6, bus freq 1000000
[    0.794114] davinci_mdio 4a101000.mdio: phy[0]: device 4a101000.mdio:00, driver SMSC LAN8710/LAN8720
[    0.794883] cpsw-switch 4a100000.switch: initialized cpsw ale version 1.4
[    0.794907] cpsw-switch 4a100000.switch: ALE Table size 1024, Policers 0
[    0.795084] cpsw-switch 4a100000.switch: cpts: overflow check period 500 (jiffies)
[    0.795102] cpsw-switch 4a100000.switch: CPTS: ref_clk_freq:250000000 calc_mult:2147483648 calc_shift:29 error:0 nsec/sec
[    0.795213] cpsw-switch 4a100000.switch: Detected MACID = 6c:ec:eb:68:de:78tor
[    2.593371] sdhci-omap 481d8000.mmc: supply pbias not found, using dummy regulator
[    2.601805] sdhci-omap 481d8000.mmc: supply vqmmc not found, using dummy regulator
[    2.639063] mmc1: SDHCI controller on 481d8000.mmc [481d8000.mmc] using External DMA
[    2.648128] mmc0: SDHCI controller on 48060000.mmc [48060000.mmc] using External DMA
[    2.656973] cpsw-switch 4a100000.switch: starting ndev. mode: dual_mac
[    2.721909] mmc1: new high speed MMC card at address 0001
[    2.728782] mmcblk1: mmc1:0001 MMC04G 3.60 GiB
[    2.736642]  mmcblk1: p1 p2
[    2.741008] mmcblk1boot0: mmc1:0001 MMC04G 2.00 MiB
[    2.747515] SMSC LAN8710/LAN8720 4a101000.mdio:00: attached PHY driver (mii_bus:phy_addr=4a101000.mdio:00, irq=POLL)
[    2.766378] mmcblk1boot1: mmc1:0001 MMC04G 2.00 MiB
[    2.775217] mmcblk1rpmb: mmc1:0001 MMC04G 128 KiB, chardev (249:0)
[    2.825061] mmc0: new high speed SDHC card at address aaaa
[    2.831997] mmcblk0: mmc0:aaaa SE32G 29.7 GiB
[    2.840993]  mmcblk0: p1 p2
[    5.922299] cpsw-switch 4a100000.switch eth0: Link is Up - 100Mbps/Full - flow control off
[    5.961781] IP-Config: Complete:
[    5.965059]      device=eth0, hwaddr=6c:ec:eb:68:de:78, ipaddr=192.168.255.1, mask=255.255.255.0, gw=255.255.255.255
[    5.975726]      host=bbb1, domain=, nis-domain=(none)
[    5.980894]      bootserver=192.168.255.126, rootserver=192.168.255.126, rootpath=
[    5.981317] clk: Disabling unused clocks
[    5.993153] PM: genpd: Disabling unused power domains
[    5.998322] KTAP version 1
[    6.001048] 1..0
[    6.003612] check access for rdinit=/init failed: -2, ignoring
[    6.050753] VFS: Mounted root (nfs filesystem) on device 0:17.
[    6.057899] devtmpfs: mounted
[    6.062551] Freeing unused kernel image (initmem) memory: 1024K
[    6.069314] Run /sbin/init as init process
[    6.777066] systemd[1]: System time before build time, advancing clock.
[    8.321532] random: crng init done
[    8.334268] systemd[1]: systemd 232 running in system mode. (+PAM +AUDIT +SELINUX +IMA +APPARMOR +SMACK +SYSVINIT +UTMP +LIBCRYPTSETUP +GCRYPT +GNUTLS +ACL +XZ +LZ4 +SECCOMP +BLKID +ELFUTILS +KMOD +IDN)
[    8.353377] systemd[1]: Detected architecture arm.

Welcome to [1mDebian GNU/Linux 9 (stretch)[0m!

[    8.384555] systemd[1]: Set hostname to <arm>.
[    9.496316] systemd[1]: Reached target Remote File Systems.
[[0;32m  OK  [0m] Reached target Remote File Systems.
[    9.521978] systemd[1]: Reached target Swap.
[[0;32m  OK  [0m] Reached target Swap.
[    9.545711] systemd[1]: Listening on /dev/initctl Compatibility Named Pipe.
[[0;32m  OK  [0m] Listening on /dev/initctl Compatibility Named Pipe.
[    9.573354] systemd[1]: Set up automount Arbitrary Executable File Formats File System Automount Point.
[[0;32m  OK  [0m] Set up automount Arbitrary Executabâ€¦rmats File System Automount Point.
[    9.603048] systemd[1]: Created slice User and Session Slice.
[[0;32m  OK  [0m] Created slice User and Session Slice.
[    9.633602] systemd[1]: Listening on udev Control Socket.
[[0;32m  OK  [0m] Listening on udev Control Socket.
[    9.662889] systemd[1]: Created slice System Slice.
[[0;32m  OK  [0m] Created slice System Slice.
[[0;32m  OK  [0m] Created slice system-serial\x2dgetty.slice.
         Mounting Debug File System...
[[0;32m  OK  [0m] Created slice system-getty.slice.
[[0;32m  OK  [0m] Started Forward Password Requests to Wall Directory Watch.
[[0;32m  OK  [0m] Listening on Journal Audit Socket.
         Mounting POSIX Message Queue File System...
[[0;32m  OK  [0m] Listening on Journal Socket (/dev/log).
[[0;32m  OK  [0m] Listening on Syslog Socket.
[[0;32m  OK  [0m] Started Dispatch Password Requests to Console Directory Watch.
[[0;32m  OK  [0m] Reached target Paths.
[[0;32m  OK  [0m] Listening on udev Kernel Socket.
[[0;32m  OK  [0m] Listening on Journal Socket.
         Starting Create list of required stâ€¦ce nodes for the current kernel...
         Starting Journal Service...
         Starting Load Kernel Modules...
[[0;32m  OK  [0m] Reached target Slices.
         Starting Remount Root and Kernel File Systems...
[[0;32m  OK  [0m] Reached target Encrypted Volumes.
[[0;32m  OK  [0m] Mounted POSIX Message Queue File System.
[[0;32m  OK  [0m] Mounted Debug File System.
[[0;32m  OK  [0m] Started Create list of required staâ€¦vice nodes for the current kernel.
[[0;32m  OK  [0m] Started Load Kernel Modules.
[[0;32m  OK  [0m] Started Remount Root and Kernel File Systems.
         Starting Load/Save Random Seed...
         Starting udev Coldplug all Devices...
         Starting Apply Kernel Variables...
         Mounting Configuration File System...
         Starting Create Static Device Nodes in /dev...
[[0;32m  OK  [0m] Started Load/Save Random Seed.
[[0;32m  OK  [0m] Mounted Configuration File System.
[[0;32m  OK  [0m] Started Apply Kernel Variables.
[[0;32m  OK  [0m] Started Journal Service.
         Starting Flush Journal to Persistent Storage...
[[0;32m  OK  [0m] Started Create Static Device Nodes in /dev.
         Starting udev Kernel Device Manager...
[[0;32m  OK  [0m] Reached target Local File Systems (Pre).
[[0;32m  OK  [0m] Reached target Local File Systems.
         Starting Raise network interfaces...
[   11.717257] systemd-journald[109]: Received request to flush runtime journal from PID 1
[[0;32m  OK  [0m] Started Flush Journal to Persistent Storage.
         Starting Create Volatile Files and Directories...
[[0;32m  OK  [0m] Started udev Kernel Device Manager.
[   12.647377] omap_prm 44e00d00.prm: sync_state() pending due to 44d00000.cpu
[[0;32m  OK  [0m] Started Create Volatile Files and Directories.
         Starting Update UTMP about System Boot/Shutdown...
         Starting Network Time Synchronization...
[[0;32m  OK  [0m] Started Update UTMP about System Boot/Shutdown.
[[0;32m  OK  [0m] Started udev Coldplug all Devices.
[[0;32m  OK  [0m] Started Network Time Synchronization.
[[0;32m  OK  [0m] Reached target System Time Synchronized.
[[0;32m  OK  [0m] Reached target System Initialization.
[[0;32m  OK  [0m] Started Daily Cleanup of Temporary Directories.
[[0;32m  OK  [0m] Listening on D-Bus System Message Bus Socket.
[[0;32m  OK  [0m] Listening on Avahi mDNS/DNS-SD Stack Activation Socket.
[[0;32m  OK  [0m] Reached target Sockets.
[[0;32m  OK  [0m] Reached target Basic System.
[[0;32m  OK  [0m] Started D-Bus System Message Bus.
[   15.395262] remoteproc remoteproc0: wkup_m3 is available
[   15.725652] am335x-phy-driver 47401300.usb-phy: dummy supplies not allowed for exclusive requests (id=vbus)
[   15.797962] at24 2-0054: supply vcc not found, using dummy regulator
[   15.815807] usbcore: registered new interface driver usbfs
[   15.821462] usbcore: registered new interface driver hub
[   15.827094] usbcore: registered new device driver usb
[   15.893872] am335x-phy-driver 47401b00.usb-phy: dummy supplies not allowed for exclusive requests (id=vbus)
[   15.947008] at24 2-0055: supply vcc not found, using dummy regulator
[   16.046565] at24 2-0056: supply vcc not found, using dummy regulator
[   16.166861] at24 2-0057: supply vcc not found, using dummy regulator
[   16.278931] at24 0-0050: 4096 byte 24c32 EEPROM, writable, 1 bytes/write
[   16.415743] input: tps65217_pwrbutton as /devices/platform/ocp/44c00000.interconnect/44c00000.interconnect:segment@200000/44e0b000.target-module/44e0b000.i2c/i2c-0/0-0024/tps65217-pwrbutton/input/input0
[   16.478292] musb-hdrc musb-hdrc.1: MUSB HDRC host driver
[   16.483938] musb-hdrc musb-hdrc.1: new USB bus registered, assigned bus number 1
[   16.707795] usb usb1: New USB device found, idVendor=1d6b, idProduct=0002, bcdDevice= 6.18
[   16.716358] usb usb1: New USB device strings: Mfr=3, Product=2, SerialNumber=1
[   16.723707] usb usb1: Product: MUSB HDRC host driver
[   16.728702] usb usb1: Manufacturer: Linux 6.18.0-rc6-next-20251124 musb-hcd
[   16.735735] usb usb1: SerialNumber: musb-hdrc.1
[   17.086543] hub 1-0:1.0: USB hub found
[   17.102015] hub 1-0:1.0: 1 port detected
[   17.472478] omap_rtc 44e3e000.rtc: registered as rtc0
[   17.477677] omap_rtc 44e3e000.rtc: setting system clock to 2000-01-01T00:00:00 UTC (946684800)
[   17.495854] omap_wdt: OMAP Watchdog Timer Rev 0x01: initial timeout 60 sec
[   18.373899] omap-mailbox 480c8000.mailbox: omap mailbox rev 0x400
[   18.392200] tda998x 0-0070: found TDA19988
[   18.453612] remoteproc remoteproc0: powering up wkup_m3
[   18.565121] remoteproc remoteproc0: Direct firmware load for am335x-pm-firmware.elf failed with error -2
[   18.575041] remoteproc remoteproc0: request_firmware failed: -2
[   18.581010] wkup_m3_ipc 44e11324.wkup_m3_ipc: rproc_boot failed
         Starting Connection service...
         Starting LSB: Start busybox udhcpd at boot time...
         Starting System Logging Service...
         Starting Login Service...
         Starting Generic Board Startup...
[[0;32m  OK  [0m] Started Regular background program processing daemon.
         Starting LSB: Load kernel modules needed to enable cpufreq scaling...
         Starting Telephony service...
         Starting Avahi mDNS/DNS-SD Stack...
[[0;32m  OK  [0m] Started Daily apt download activities.
[[0;32m  OK  [0m] Started Daily apt upgrade and clean activities.
[[0;32m  OK  [0m] Reached target Timers.
         Starting DUN service...
         Starting Cape Manager Service...
[   21.618871] omap_rng 48310000.rng: Random Number Generator ver. 20
[   21.975606] tilcdc 4830e000.lcdc: bound 0-0070 (ops tda998x_driver_exit [tda998x])
[[0;32m  OK  [0m] Found device /dev/ttyS0.
[   22.130955] [drm] Initialized tilcdc 1.0.0 for 4830e000.lcdc on minor 0
[   22.263261] tilcdc 4830e000.lcdc: [drm] Cannot find any crtc or sizes
[   22.278092] tilcdc 4830e000.lcdc: [drm] Cannot find any crtc or sizes
[[0;32m  OK  [0m] Started System Logging Service.
[   23.153820] PM: Cannot get wkup_m3_ipc handle
[   23.410534] omap-sham 53100000.sham: hw accel on OMAP rev 4.3
[[0;32m  OK  [0m] Started Cape Manager Service.
[   23.538449] omap-sham 53100000.sham: will run requests pump with realtime priority
[   23.548729] PM: Cannot get wkup_m3_ipc handle
[   23.749665] omap-aes 53500000.aes: OMAP AES hw accel rev: 3.2
[   23.857729] omap-aes 53500000.aes: will run requests pump with realtime priority
[   23.867609] PM: Cannot get wkup_m3_ipc handle
[   24.360801] ------------[ cut here ]------------
[   24.365634] WARNING: net/8021q/vlan_core.c:236 at vlan_for_each+0x114/0x134, CPU#0: avahi-daemon/319
[   24.374961] RTNL: assertion failed at net/8021q/vlan_core.c (236)
[   24.381090] Modules linked in: ecdh_generic omap_aes_driver snd_soc_simple_card ecc omap_crypto snd_soc_simple_card_utils omap_sham libaes crypto_engine pm33xx ti_emif_sram tilcdc omap_rng drm_dma_helper rng_core drm_client_lib snd_soc_davinci_mcasp snd_soc_ti_udma snd_soc_ti_edma snd_soc_ti_sdma snd_soc_core snd_pcm_dmaengine snd_pcm snd_timer omap_mailbox snd soundcore tda998x cec drm_kms_helper omap_wdt rtc_omap drm watchdog wkup_m3_ipc drm_panel_orientation_quirks musb_dsps tps65218_pwrbutton musb_hdrc udc_core at24 phy_am335x usbcore phy_am335x_control wkup_m3_rproc phy_generic cppi41 usb_common leds_gpio led_class cpufreq_dt autofs4
[   24.438300] CPU: 0 UID: 107 PID: 319 Comm: avahi-daemon Not tainted 6.18.0-rc6-next-20251124 #1 NONE 
[   24.438320] Hardware name: Generic AM33XX (Flattened Device Tree)
[   24.438329] Call trace: 
[   24.438346]  unwind_backtrace from show_stack+0x10/0x14
[   24.438384]  show_stack from dump_stack_lvl+0x50/0x64
[   24.438409]  dump_stack_lvl from __warn+0x88/0x148
[   24.438426]  __warn from warn_slowpath_fmt+0x19c/0x1b0
[   24.438439]  warn_slowpath_fmt from vlan_for_each+0x114/0x134
[   24.438456]  vlan_for_each from cpsw_add_mc_addr+0x40/0xa4
[   24.438490]  cpsw_add_mc_addr from __hw_addr_ref_sync_dev+0x108/0x140
[   24.438517]  __hw_addr_ref_sync_dev from __dev_mc_add+0x7c/0x80
[   24.438535]  __dev_mc_add from igmp6_group_added+0xc8/0xe0
[   24.438557]  igmp6_group_added from __ipv6_dev_mc_inc+0x218/0x364
[   24.438570]  __ipv6_dev_mc_inc from __ipv6_sock_mc_join+0x11c/0x1c0
[   24.438585]  __ipv6_sock_mc_join from do_ipv6_setsockopt+0x1214/0x1310
[   24.438610]  do_ipv6_setsockopt from ipv6_setsockopt+0x60/0xcc
[   24.438628]  ipv6_setsockopt from udpv6_setsockopt+0x2c/0x6c
[   24.438649]  udpv6_setsockopt from sock_common_setsockopt+0x30/0x40
[   24.438675]  sock_common_setsockopt from do_sock_setsockopt+0x50/0x9c
[   24.438693]  do_sock_setsockopt from __sys_setsockopt+0x70/0xbc
[   24.438707]  __sys_setsockopt from ret_fast_syscall+0x0/0x58
[   24.438721] Exception stack(0xe0175fa8 to 0xe0175ff0)
[   24.438736] 5fa0:                   00000014 b6facce8 0000000d 00000029 00000014 bed399ec
[   24.438747] 5fc0: 00000014 b6facce8 00000014 00000126 0000000d b6f55ff4 0045e988 00446558
[   24.438756] 5fe0: b6f6b088 bed399d8 b6f48309 b6e1f41a
[   24.438764] ---[ end trace 0000000000000000 ]---
[   25.502342] Bluetooth: Core ver 2.22
[   25.506215] NET: Registered PF_BLUETOOTH protocol family
[   25.511718] Bluetooth: HCI device and connection manager initialized
[   25.518136] Bluetooth: HCI socket layer initialized
[   25.523162] Bluetooth: L2CAP socket layer initialized
[   25.528280] Bluetooth: SCO socket layer initialized
[   27.359270] gpio-537 (nxp,calib): gpiod_direction_output_nonotify: tried to set a GPIO tied to an IRQ as output
[   27.427666] PM: Cannot get wkup_m3_ipc handle
[   27.508943] PM: Cannot get wkup_m3_ipc handle
[   27.674144] tda9950 0-0034: TDA9950 CEC interface, hardware version 3.3
[   27.789084] PM: Cannot get wkup_m3_ipc handle
[[0;32m  OK  [0m] Started LSB: Start busybox udhcpd at boot time.
[[0;32m  OK  [0m] Started Raise network interfaces.
[[0;32m  OK  [0m] Started LSB: Load kernel modules needed to enable cpufreq scaling.
[   30.616438] configfs-gadget.g_multi gadget.0: HOST MAC 1c:ba:8c:a2:ed:6c
[   30.623440] configfs-gadget.g_multi gadget.0: MAC 1c:ba:8c:a2:ed:70
[   30.630819] configfs-gadget.g_multi gadget.0: HOST MAC 1c:ba:8c:a2:ed:6c
[   30.637720] configfs-gadget.g_multi gadget.0: MAC 1c:ba:8c:a2:ed:6d
[   30.656679] PM: Cannot get wkup_m3_ipc handle
[[0;32m  OK  [0m] Started Telephony service.
[[0;32m  OK  [0m] Started DUN service.
[[0;32m  OK  [0m] Started Connection service.
[[0;32m  OK  [0m] Started Avahi mDNS/DNS-SD Stack.
[[0;32m  OK  [0m] Started Login Service.
         Starting Hostname Service...
         Starting WPA supplicant...
[[0;32m  OK  [0m] Reached target Sound Card.
         Starting LSB: set CPUFreq kernel parameters...
[[0;32m  OK  [0m] Started WPA supplicant.
[[0;32m  OK  [0m] Reached target Network.
         Starting The Apache HTTP Server...
[[0;32m  OK  [0m] Reached target Network is Online.
         Starting LSB: Advanced IEEE 802.11 management daemon...
         Starting Permit User Sessions...
         Starting OpenBSD Secure Shell server...
[[0;32m  OK  [0m] Started LSB: set CPUFreq kernel parameters.
[[0;32m  OK  [0m] Started LSB: Advanced IEEE 802.11 management daemon.
[[0;32m  OK  [0m] Started Hostname Service.
[[0;32m  OK  [0m] Started Permit User Sessions.
[[0;32m  OK  [0m] Started Getty on tty1.
[[0;32m  OK  [0m] Started Serial Getty on ttyS0.
[[0;32m  OK  [0m] Reached target Login Prompts.
         Stopping LSB: Start busybox udhcpd at boot time...
[[0;32m  OK  [0m] Started OpenBSD Secure Shell server.
[[0;32m  OK  [0m] Stopped LSB: Start busybox udhcpd at boot time.
[[0;32m  OK  [0m] Started The Apache HTTP Server.
         Starting dnsmasq - A lightweight DHCP and caching DNS server...
[[0;32m  OK  [0m] Started dnsmasq - A lightweight DHCP and caching DNS server.
[[0;32m  OK  [0m] Reached target Host and Network Name Lookups.
[[0;32m  OK  [0m] Started Serial Getty on ttyGS0.
[[0;32m  OK  [0m] Started Generic Board Startup.
[[0;32m  OK  [0m] Reached target Multi-User System.
[[0;32m  OK  [0m] Reached target Graphical Interface.
         Starting Update UTMP about System Runlevel Changes...
[[0;32m  OK  [0m] Started Update UTMP about System Runlevel Changes.

Debian GNU/Linux 9 arm ttyS0

default username:password is [debian:temppwd]

arm login: root
Password: 
Last login: Sat Jan  1 00:00:35 UTC 2000 on ttyS0
root
Linux arm 6.18.0-rc6-next-20251124 #1 SMP Mon Nov 24 17:04:23 EET 2025 armv7l

The programs included with the Debian GNU/Linux system are free software;
the exact distribution terms for each program are described in the
individual files in /usr/share/doc/*/copyright.

Debian GNU/Linux comes with ABSOLUTELY NO WARRANTY, to the extent
permitted by applicable law.
root@arm:~# root
-bash: root: command not found
root@arm:~# dmesg -n 1
root@arm:~# echo 'BMPJ''SGSNWN'
BMPJSGSNWN
root@arm:~# run() { echo -n "$MARKER"; sh -c "$@"; echo "$MARKER $?"; }
root@arm:~# echo 'MOJM''BUAQGS'
MOJMBUAQGS
root@arm:~# MARKER='XHYE''FWSCCB' run 'cat /proc/version'
XHYEFWSCCBLinux version 6.18.0-rc6-next-20251124 (user01@drvtest01) (arm-none-eabi-gcc (Arm GNU Toolchain 14.2.Rel1 (Build arm-14.52)) 14.2.1 20241119, GNU ld (Arm GNU Toolchain 14.2.Rel1 (Build arm-14.52)) 2.43.1.20241119) #1 SMP Mon Nov 24 17:04:23 EET 2025
XHYEFWSCCB 0
root@arm:~# echo 'QOAB''JLWAYH'
QOABJLWAYH
root@arm:~# MARKER='KCBP''YTMQLY' run false
KCBPYTMQLYKCBPYTMQLY 1
root@arm:~# Labgrid Console Logfile for main
Logfile started at 2025-11-24 17:06:47.596771
=== Log starts here ===

root@arm:~# run() { echo -n "$MARKER"; sh -c "$@"; echo "$MARKER $?"; }
root@arm:~# echo 'FPJC''QEYCEZ'
FPJCQEYCEZ
root@arm:~# MARKER='VJKZ''HAHAUS' run 'ls /iio_generic_buffer; echo $?'
VJKZHAHAUS/iio_generic_buffer
0
VJKZHAHAUS 0
root@arm:~# Labgrid Console Logfile for main
Logfile started at 2025-11-24 17:06:50.955718
=== Log starts here ===

root@arm:~# run() { echo -n "$MARKER"; sh -c "$@"; echo "$MARKER $?"; }
root@arm:~# echo 'FWKY''ZYTNPB'
FWKYZYTNPB
root@arm:~# MARKER='CJXS''ZWNJMV' run dmesg
CJXSZWNJMV[    0.000000] Booting Linux on physical CPU 0x0
[    0.000000] Linux version 6.18.0-rc6-next-20251124 (user01@drvtest01) (arm-none-eabi-gcc (Arm GNU Toolchain 14.2.Rel1 (Build arm-14.52)) 14.2.1 20241119, GNU ld (Arm GNU Toolchain 14.2.Rel1 (Build arm-14.52)) 2.43.1.20241119) #1 SMP Mon Nov 24 17:04:23 EET 2025
[    0.000000] CPU: ARMv7 Processor [413fc082] revision 2 (ARMv7), cr=10c5387d
[    0.000000] CPU: PIPT / VIPT nonaliasing data cache, VIPT aliasing instruction cache
[    0.000000] OF: fdt: Machine model: TI AM335x BeagleBone Black
[    0.000000] Memory policy: Data cache writeback
[    0.000000] cma: Reserved 16 MiB at 0x9e800000
[    0.000000] Zone ranges:
[    0.000000]   Normal   [mem 0x0000000080000000-0x000000009fdfffff]
[    0.000000]   HighMem  empty
[    0.000000] Movable zone start for each node
[    0.000000] Early memory node ranges
[    0.000000]   node   0: [mem 0x0000000080000000-0x000000009fdfffff]
[    0.000000] Initmem setup node 0 [mem 0x0000000080000000-0x000000009fdfffff]
[    0.000000] On node 0, zone Normal: 512 pages in unavailable ranges
[    0.000000] OF: reserved mem: Reserved memory: No reserved-memory node in the DT
[    0.000000] CPU: All CPU(s) started in SVC mode.
[    0.000000] AM335X ES2.1 (sgx neon)
[    0.000000] percpu: Embedded 17 pages/cpu s40204 r8192 d21236 u69632
[    0.000000] pcpu-alloc: s40204 r8192 d21236 u69632 alloc=17*4096
[    0.000000] pcpu-alloc: [0] 0 
[    0.000000] Kernel command line: console=ttyO0,115200n8 root=/dev/nfs rw nfsroot=192.168.255.126:/home/user01/nfs,nfsvers=3 ip=192.168.255.1:192.168.255.126::255.255.255.0:bbb1:eth0 nfsrootdebug
[    0.000000] Unknown kernel command line parameters "nfsrootdebug", will be passed to user space.
[    0.000000] printk: log buffer data + meta data: 65536 + 204800 = 270336 bytes
[    0.000000] Dentry cache hash table entries: 65536 (order: 6, 262144 bytes, linear)
[    0.000000] Inode-cache hash table entries: 32768 (order: 5, 131072 bytes, linear)
[    0.000000] Built 1 zonelists, mobility grouping on.  Total pages: 130560
[    0.000000] mem auto-init: stack:off, heap alloc:off, heap free:off
[    0.000000] SLUB: HWalign=16, Order=0-3, MinObjects=0, CPUs=1, Nodes=1
[    0.000000] rcu: Hierarchical RCU implementation.
[    0.000000] rcu: 	RCU event tracing is enabled.
[    0.000000] rcu: 	RCU restricting CPUs from NR_CPUS=2 to nr_cpu_ids=1.
[    0.000000] 	Tracing variant of Tasks RCU enabled.
[    0.000000] rcu: RCU calculated value of scheduler-enlistment delay is 10 jiffies.
[    0.000000] rcu: Adjusting geometry for rcu_fanout_leaf=16, nr_cpu_ids=1
[    0.000000] RCU Tasks Trace: Setting shift to 0 and lim to 1 rcu_task_cb_adjust=1 rcu_task_cpu_ids=1.
[    0.000000] NR_IRQS: 16, nr_irqs: 16, preallocated irqs: 16
[    0.000000] IRQ: Found an INTC at 0x(ptrval) (revision 5.0) with 128 interrupts
[    0.000000] rcu: srcu_init: Setting srcu_struct sizes based on contention.
[    0.000000] TI gptimer clocksource: always-on /ocp/interconnect@44c00000/segment@200000/target-module@31000
[    0.000002] sched_clock: 32 bits at 24MHz, resolution 41ns, wraps every 89478484971ns
[    0.000025] clocksource: dmtimer: mask: 0xffffffff max_cycles: 0xffffffff, max_idle_ns: 79635851949 ns
[    0.000557] TI gptimer clockevent: 24000000 Hz at /ocp/interconnect@48000000/segment@0/target-module@40000
[    0.002126] Console: colour dummy device 80x30
[    0.002191] WARNING: Your 'console=ttyO0' has been replaced by 'ttyS0'
[    0.002199] This ensures that you still see kernel messages. Please
[    0.002203] update your kernel commandline.
[    0.002245] Calibrating delay loop... 996.14 BogoMIPS (lpj=4980736)
[    0.090672] CPU: Testing write buffer coherency: ok
[    0.090757] CPU0: Spectre v2: using BPIALL workaround
[    0.090766] pid_max: default: 32768 minimum: 301
[    0.091077] Mount-cache hash table entries: 1024 (order: 0, 4096 bytes, linear)
[    0.091099] Mountpoint-cache hash table entries: 1024 (order: 0, 4096 bytes, linear)
[    0.092687] CPU0: thread -1, cpu 0, socket -1, mpidr 0
[    0.092744] cacheinfo: Unable to detect cache hierarchy for CPU 0
[    0.094760] Setting up static identity map for 0x80100000 - 0x80100078
[    0.095090] rcu: Hierarchical SRCU implementation.
[    0.095099] rcu: 	Max phase no-delay instances is 1000.
[    0.095588] Timer migration: 1 hierarchy levels; 8 children per group; 1 crossnode level
[    0.096908] smp: Bringing up secondary CPUs ...
[    0.096962] smp: Brought up 1 node, 1 CPU
[    0.096975] SMP: Total of 1 processors activated (996.14 BogoMIPS).
[    0.096986] CPU: All CPU(s) started in SVC mode.
[    0.097234] Memory: 479964K/522240K available (12288K kernel code, 1231K rwdata, 2956K rodata, 1024K init, 255K bss, 24364K reserved, 16384K cma-reserved, 0K highmem)
[    0.098105] devtmpfs: initialized
[    0.115268] VFP support v0.3: implementor 41 architecture 3 part 30 variant c rev 3
[    0.115946] clocksource: jiffies: mask: 0xffffffff max_cycles: 0xffffffff, max_idle_ns: 19112604462750000 ns
[    0.116003] posixtimers hash table entries: 2048 (order: 2, 16384 bytes, linear)
[    0.116056] futex hash table entries: 1024 (65536 bytes on 1 NUMA nodes, total 64 KiB, linear).
[    0.119242] NET: Registered PF_NETLINK/PF_ROUTE protocol family
[    0.122473] DMA: preallocated 256 KiB pool for atomic coherent allocations
[    0.123463] audit: initializing netlink subsys (disabled)
[    0.124839] thermal_sys: Registered thermal governor 'fair_share'
[    0.124855] thermal_sys: Registered thermal governor 'step_wise'
[    0.124864] thermal_sys: Registered thermal governor 'user_space'
[    0.124978] audit: type=2000 audit(0.120:1): state=initialized audit_enabled=0 res=1
[    0.125049] cpuidle: using governor menu
[    0.142693] /ocp/interconnect@44c00000/segment@200000/target-module@b000/i2c@0/tda19988@70: Fixed dependency cycle(s) with /ocp/interconnect@48000000/segment@300000/target-module@e000/lcdc@0
[    0.143773] /ocp/interconnect@48000000/segment@300000/target-module@e000/lcdc@0: Fixed dependency cycle(s) with /ocp/interconnect@44c00000/segment@200000/target-module@b000/i2c@0/tda19988@70
[    0.145931] No ATAGs?
[    0.145968] hw-breakpoint: debug architecture 0x4 unsupported.
[    0.148674] kprobes: kprobe jump-optimization is enabled. All kprobes are optimized if possible.
[    0.153767] iommu: Default domain type: Translated
[    0.153791] iommu: DMA domain TLB invalidation policy: strict mode
[    0.155361] reg-fixed-voltage fixedregulator0: using DT '/fixedregulator0' for '(default)' GPIO lookup
[    0.155416] of_get_named_gpiod_flags: can't parse 'gpios' property of node '/fixedregulator0[0]'
[    0.155445] of_get_named_gpiod_flags: can't parse 'gpio' property of node '/fixedregulator0[0]'
[    0.155463] reg-fixed-voltage fixedregulator0: using lookup tables for GPIO lookup
[    0.155472] reg-fixed-voltage fixedregulator0: No GPIO consumer (default) found
[    0.161633] SCSI subsystem initialized
[    0.162118] libata version 3.00 loaded.
[    0.162499] pps_core: LinuxPPS API ver. 1 registered
[    0.162508] pps_core: Software ver. 5.3.6 - Copyright 2005-2007 Rodolfo Giometti <giometti@linux.it>
[    0.162532] PTP clock support registered
[    0.171110] vgaarb: loaded
[    0.171549] clocksource: Switched to clocksource dmtimer
[    0.172176] VFS: Disk quotas dquot_6.6.0
[    0.172238] VFS: Dquot-cache hash table entries: 1024 (order 0, 4096 bytes)
[    0.195081] NET: Registered PF_INET protocol family
[    0.195415] IP idents hash table entries: 8192 (order: 4, 65536 bytes, linear)
[    0.196835] tcp_listen_portaddr_hash hash table entries: 512 (order: 0, 4096 bytes, linear)
[    0.196872] Table-perturb hash table entries: 65536 (order: 6, 262144 bytes, linear)
[    0.196890] TCP established hash table entries: 4096 (order: 2, 16384 bytes, linear)
[    0.196936] TCP bind hash table entries: 4096 (order: 4, 65536 bytes, linear)
[    0.197036] TCP: Hash tables configured (established 4096 bind 4096)
[    0.197159] UDP hash table entries: 256 (order: 2, 14336 bytes, linear)
[    0.197192] UDP-Lite hash table entries: 256 (order: 2, 14336 bytes, linear)
[    0.197409] NET: Registered PF_UNIX/PF_LOCAL protocol family
[    0.202315] RPC: Registered named UNIX socket transport module.
[    0.202335] RPC: Registered udp transport module.
[    0.202341] RPC: Registered tcp transport module.
[    0.202346] RPC: Registered tcp-with-tls transport module.
[    0.202351] RPC: Registered tcp NFSv4.1 backchannel transport module.
[    0.202377] PCI: CLS 0 bytes, default 64
[    0.203847] Initialise system trusted keyrings
[    0.212079] workingset: timestamp_bits=14 max_order=17 bucket_order=3
[    0.213542] NFS: Registering the id_resolver key type
[    0.213601] Key type id_resolver registered
[    0.213609] Key type id_legacy registered
[    0.213719] jffs2: version 2.2. (NAND) (SUMMARY)  Â© 2001-2006 Red Hat, Inc.
[    0.214266] Key type asymmetric registered
[    0.214283] Asymmetric key parser 'x509' registered
[    0.214360] io scheduler mq-deadline registered
[    0.214371] io scheduler kyber registered
[    0.214456] io scheduler bfq registered
[    0.216276] target-module@4b000000:target-module@140000:pmu@0:fck: device ID is greater than 24
[    0.221744] ledtrig-cpu: registered to indicate activity on CPUs
[    0.225443] Serial: 8250/16550 driver, 6 ports, IRQ sharing enabled
[    0.266702] brd: module loaded
[    0.287660] loop: module loaded
[    0.288586] mtdoops: mtd device (mtddev=name/number) must be supplied
[    0.290151] mdio_bus fixed-0: using lookup tables for GPIO lookup
[    0.290174] mdio_bus fixed-0: No GPIO consumer reset found
[    0.291760] i2c_dev: i2c /dev entries driver
[    0.292797] cpuidle: enable-method property 'ti,am3352' found operations
[    0.293249] sdhci: Secure Digital Host Controller Interface driver
[    0.293256] sdhci: Copyright(c) Pierre Ossman
[    0.293442] sdhci-pltfm: SDHCI platform and OF driver helper
[    0.294562] hw perfevents: unable to set irq affinity (irq=17, cpu=0)
[    0.294575] hw perfevents: unable to request IRQ17 for ARM PMU counters
[    0.294601] armv7-pmu target-module@4b000000:target-module@140000:pmu@0: probe with driver armv7-pmu failed with error -22
[    0.295095] Initializing XFRM netlink socket
[    0.295259] NET: Registered PF_INET6 protocol family
[    0.303320] Segment Routing with IPv6
[    0.303409] In-situ OAM (IOAM) with IPv6
[    0.303507] sit: IPv6, IPv4 and MPLS over IPv4 tunneling driver
[    0.304527] NET: Registered PF_PACKET protocol family
[    0.304548] PFKEY is deprecated and scheduled to be removed in 2027, please contact the netdev mailing list
[    0.304574] NET: Registered PF_KEY protocol family
[    0.304701] Key type dns_resolver registered
[    0.304945] ThumbEE CPU extension supported.
[    0.304967] Registering SWP/SWPB emulation handler
[    0.305491] omap_voltage_late_init: Voltage driver support not added
[    0.306159] SmartReflex Class3 initialized
[    0.343640] Loading compiled-in X.509 certificates
[    0.372107] /ocp/interconnect@44c00000/segment@200000/target-module@b000/i2c@0/tda19988@70: Fixed dependency cycle(s) with /ocp/interconnect@48000000/segment@300000/target-module@e000/lcdc@0
[    0.378515] /ocp/interconnect@44c00000/segment@200000/target-module@b000/i2c@0/tda19988@70: Fixed dependency cycle(s) with /ocp/interconnect@48000000/segment@300000/target-module@e000/lcdc@0
[    0.384255] gpiochip_find_base_unlocked: found new base at 512
[    0.410930] /ocp/interconnect@44c00000/segment@200000/target-module@b000/i2c@0/tda19988@70: Fixed dependency cycle(s) with /ocp/interconnect@48000000/segment@300000/target-module@e000/lcdc@0
[    0.412129] /ocp/interconnect@44c00000/segment@200000/target-module@b000/i2c@0/tda19988@70: Fixed dependency cycle(s) with /ocp/interconnect@48000000/segment@300000/target-module@e000/lcdc@0
[    0.415737] /ocp/interconnect@44c00000/segment@200000/target-module@10000/scm@0/pinmux@800: Fixed dependency cycle(s) with /ocp/interconnect@44c00000/segment@200000/target-module@10000/scm@0/pinmux@800/clkout2-pins
[    0.416369] pinctrl-single 44e10800.pinmux: 142 pins, size 568
[    0.447143] /ocp/interconnect@48000000/segment@300000/target-module@e000/lcdc@0: Fixed dependency cycle(s) with /ocp/interconnect@44c00000/segment@200000/target-module@b000/i2c@0/tda19988@70
[    0.467054] gpiochip_find_base_unlocked: found new base at 512
[    0.467159] gpio gpiochip0: (gpio-0-31): created GPIO range 0->7 ==> 44e10800.pinmux PIN 0->7
[    0.467180] gpio gpiochip0: (gpio-0-31): created GPIO range 8->11 ==> 44e10800.pinmux PIN 90->93
[    0.467197] gpio gpiochip0: (gpio-0-31): created GPIO range 12->27 ==> 44e10800.pinmux PIN 12->27
[    0.467213] gpio gpiochip0: (gpio-0-31): created GPIO range 28->31 ==> 44e10800.pinmux PIN 30->33
[    0.502174] gpio gpiochip0: (gpio-0-31): added GPIO chardev (254:0)
[    0.502406] gpio gpiochip0: registered GPIOs 512 to 543 on gpio-0-31
[    0.502494] OMAP GPIO hardware version 0.1
[    0.528724] i2c i2c-2: using DT '/ocp/interconnect@48000000/segment@100000/target-module@9c000/i2c@0' for 'scl' GPIO lookup
[    0.528799] of_get_named_gpiod_flags: can't parse 'scl-gpios' property of node '/ocp/interconnect@48000000/segment@100000/target-module@9c000/i2c@0[0]'
[    0.528841] of_get_named_gpiod_flags: can't parse 'scl-gpio' property of node '/ocp/interconnect@48000000/segment@100000/target-module@9c000/i2c@0[0]'
[    0.528877] i2c i2c-2: using lookup tables for GPIO lookup
[    0.528888] i2c i2c-2: No GPIO consumer scl found
[    0.528910] i2c i2c-2: using DT '/ocp/interconnect@48000000/segment@100000/target-module@9c000/i2c@0' for 'sda' GPIO lookup
[    0.528946] of_get_named_gpiod_flags: can't parse 'sda-gpios' property of node '/ocp/interconnect@48000000/segment@100000/target-module@9c000/i2c@0[0]'
[    0.528982] of_get_named_gpiod_flags: can't parse 'sda-gpio' property of node '/ocp/interconnect@48000000/segment@100000/target-module@9c000/i2c@0[0]'
[    0.529013] i2c i2c-2: using lookup tables for GPIO lookup
[    0.529022] i2c i2c-2: No GPIO consumer sda found
[    0.529752] omap_i2c 4819c000.i2c: bus 2 rev0.11 at 100 kHz
[    0.535692] gpiochip_find_base_unlocked: found new base at 544
[    0.535799] gpio gpiochip1: (gpio-32-63): created GPIO range 0->17 ==> 44e10800.pinmux PIN 34->51
[    0.535819] gpio gpiochip1: (gpio-32-63): created GPIO range 18->21 ==> 44e10800.pinmux PIN 77->80
[    0.535836] gpio gpiochip1: (gpio-32-63): created GPIO range 22->31 ==> 44e10800.pinmux PIN 56->65
[    0.549117] gpio gpiochip1: (gpio-32-63): added GPIO chardev (254:1)
[    0.549345] gpio gpiochip1: registered GPIOs 544 to 575 on gpio-32-63
[    0.551840] gpiochip_find_base_unlocked: found new base at 576
[    0.551945] gpio gpiochip2: (gpio-64-95): created GPIO range 0->4 ==> 44e10800.pinmux PIN 66->70
[    0.551967] gpio gpiochip2: (gpio-64-95): created GPIO range 5->6 ==> 44e10800.pinmux PIN 98->99
[    0.551984] gpio gpiochip2: (gpio-64-95): created GPIO range 7->8 ==> 44e10800.pinmux PIN 75->76
[    0.552000] gpio gpiochip2: (gpio-64-95): created GPIO range 13->13 ==> 44e10800.pinmux PIN 141->141
[    0.552017] gpio gpiochip2: (gpio-64-95): created GPIO range 14->21 ==> 44e10800.pinmux PIN 100->107
[    0.573745] gpio gpiochip2: (gpio-64-95): added GPIO chardev (254:2)
[    0.573979] gpio gpiochip2: registered GPIOs 576 to 607 on gpio-64-95
[    0.579694] 48000000.interconnect:segment@200000:target-module@0:mpu@0:fck: device ID is greater than 24
[    0.580621] /ocp/interconnect@48000000/segment@300000/target-module@e000/lcdc@0: Fixed dependency cycle(s) with /ocp/interconnect@44c00000/segment@200000/target-module@b000/i2c@0/tda19988@70
[    0.583778] /ocp/interconnect@48000000/segment@300000/target-module@e000/lcdc@0: Fixed dependency cycle(s) with /ocp/interconnect@44c00000/segment@200000/target-module@b000/i2c@0/tda19988@70
[    0.584494] /ocp/interconnect@44c00000/segment@200000/target-module@b000/i2c@0/tda19988@70: Fixed dependency cycle(s) with /ocp/interconnect@48000000/segment@300000/target-module@e000/lcdc@0
[    0.584670] /ocp/interconnect@48000000/segment@300000/target-module@e000/lcdc@0: Fixed dependency cycle(s) with /ocp/interconnect@44c00000/segment@200000/target-module@b000/i2c@0/tda19988@70
[    0.592153] sdhci-omap 481d8000.mmc: using DT '/ocp/interconnect@48000000/segment@100000/target-module@d8000/mmc@0' for 'wp' GPIO lookup
[    0.592226] of_get_named_gpiod_flags: can't parse 'wp-gpios' property of node '/ocp/interconnect@48000000/segment@100000/target-module@d8000/mmc@0[0]'
[    0.592269] of_get_named_gpiod_flags: can't parse 'wp-gpio' property of node '/ocp/interconnect@48000000/segment@100000/target-module@d8000/mmc@0[0]'
[    0.592306] sdhci-omap 481d8000.mmc: using lookup tables for GPIO lookup
[    0.592315] sdhci-omap 481d8000.mmc: No GPIO consumer wp found
[    0.592511] sdhci-omap 481d8000.mmc: supply pbias not found, using dummy regulator
[    0.593601] sdhci-omap 481d8000.mmc: supply vqmmc not found, using dummy regulator
[    0.600055] mdio_bus 4a101000.mdio: using DT '/ocp/interconnect@4a000000/segment@0/target-module@100000/switch@0/mdio@1000' for 'reset' GPIO lookup
[    0.600128] of_get_named_gpiod_flags: can't parse 'reset-gpios' property of node '/ocp/interconnect@4a000000/segment@0/target-module@100000/switch@0/mdio@1000[0]'
[    0.600173] of_get_named_gpiod_flags: can't parse 'reset-gpio' property of node '/ocp/interconnect@4a000000/segment@0/target-module@100000/switch@0/mdio@1000[0]'
[    0.600219] mdio_bus 4a101000.mdio: using lookup tables for GPIO lookup
[    0.600229] mdio_bus 4a101000.mdio: No GPIO consumer reset found
[    0.643881] davinci_mdio 4a101000.mdio: davinci mdio revision 1.6, bus freq 1000000
[    0.666081] mdio_bus 4a101000.mdio:00: using DT '/ocp/interconnect@4a000000/segment@0/target-module@100000/switch@0/mdio@1000/ethernet-phy@0' for 'reset' GPIO lookup
[    0.666181] of_get_named_gpiod_flags: parsed 'reset-gpios' property of node '/ocp/interconnect@4a000000/segment@0/target-module@100000/switch@0/mdio@1000/ethernet-phy@0[0]' - status (0)
[    0.666337] gpio gpiochip0: Persistence not supported for GPIO 8
[    0.794114] davinci_mdio 4a101000.mdio: phy[0]: device 4a101000.mdio:00, driver SMSC LAN8710/LAN8720
[    0.794883] cpsw-switch 4a100000.switch: initialized cpsw ale version 1.4
[    0.794907] cpsw-switch 4a100000.switch: ALE Table size 1024, Policers 0
[    0.795084] cpsw-switch 4a100000.switch: cpts: overflow check period 500 (jiffies)
[    0.795102] cpsw-switch 4a100000.switch: CPTS: ref_clk_freq:250000000 calc_mult:2147483648 calc_shift:29 error:0 nsec/sec
[    0.795213] cpsw-switch 4a100000.switch: Detected MACID = 6c:ec:eb:68:de:78
[    0.797116] cpsw-switch 4a100000.switch: initialized (regs 0x4a100000, pool size 256) hw_ver:0019010C 1.12 (0)
[    0.810149] debugfs: '49000000.dma' already exists in 'dmaengine'
[    0.810195] edma 49000000.dma: TI EDMA DMA engine driver
[    0.848278] ti-sysc 44e31000.target-module: Failed to create device link (0x180) with supplier ocp for /ocp/interconnect@44c00000/segment@200000/target-module@31000/timer@0
[    0.848341] ti-sysc 48040000.target-module: Failed to create device link (0x180) with supplier ocp for /ocp/interconnect@48000000/segment@0/target-module@40000/timer@0
[    0.849281] gpio-clk clk_mcasp0: using DT '/clk_mcasp0' for 'enable' GPIO lookup
[    0.849347] of_get_named_gpiod_flags: parsed 'enable-gpios' property of node '/clk_mcasp0[0]' - status (0)
[    0.849391] gpio gpiochip0: Persistence not supported for GPIO 27
[    0.850144] gpiochip_find_base_unlocked: found new base at 608
[    0.850252] gpio gpiochip3: (gpio-96-127): created GPIO range 0->7 ==> 44e10800.pinmux PIN 82->89
[    0.850272] gpio gpiochip3: (gpio-96-127): created GPIO range 8->11 ==> 44e10800.pinmux PIN 52->55
[    0.850288] gpio gpiochip3: (gpio-96-127): created GPIO range 12->15 ==> 44e10800.pinmux PIN 94->97
[    0.850304] gpio gpiochip3: (gpio-96-127): created GPIO range 16->17 ==> 44e10800.pinmux PIN 71->72
[    0.850320] gpio gpiochip3: (gpio-96-127): created GPIO range 18->18 ==> 44e10800.pinmux PIN 135->135
[    0.850336] gpio gpiochip3: (gpio-96-127): created GPIO range 19->20 ==> 44e10800.pinmux PIN 108->109
[    0.850353] gpio gpiochip3: (gpio-96-127): created GPIO range 21->21 ==> 44e10800.pinmux PIN 73->73
[    0.850370] gpio gpiochip3: (gpio-96-127): created GPIO range 22->23 ==> 44e10800.pinmux PIN 8->9
[    0.850387] gpio gpiochip3: (gpio-96-127): created GPIO range 26->27 ==> 44e10800.pinmux PIN 10->11
[    0.850404] gpio gpiochip3: (gpio-96-127): created GPIO range 28->28 ==> 44e10800.pinmux PIN 74->74
[    0.850422] gpio gpiochip3: (gpio-96-127): created GPIO range 29->29 ==> 44e10800.pinmux PIN 81->81
[    0.850440] gpio gpiochip3: (gpio-96-127): created GPIO range 30->31 ==> 44e10800.pinmux PIN 28->29
[    0.852469] gpio gpiochip3: (gpio-96-127): added GPIO chardev (254:3)
[    0.852718] gpio gpiochip3: registered GPIOs 608 to 639 on gpio-96-127
[    0.854669] omap8250 44e09000.serial: using DT '/ocp/interconnect@44c00000/segment@200000/target-module@9000/serial@0' for 'rs485-term' GPIO lookup
[    0.854742] of_get_named_gpiod_flags: can't parse 'rs485-term-gpios' property of node '/ocp/interconnect@44c00000/segment@200000/target-module@9000/serial@0[0]'
[    0.854785] of_get_named_gpiod_flags: can't parse 'rs485-term-gpio' property of node '/ocp/interconnect@44c00000/segment@200000/target-module@9000/serial@0[0]'
[    0.854822] omap8250 44e09000.serial: using lookup tables for GPIO lookup
[    0.854831] omap8250 44e09000.serial: No GPIO consumer rs485-term found
[    0.854841] omap8250 44e09000.serial: using DT '/ocp/interconnect@44c00000/segment@200000/target-module@9000/serial@0' for 'rs485-rx-during-tx' GPIO lookup
[    0.854877] of_get_named_gpiod_flags: can't parse 'rs485-rx-during-tx-gpios' property of node '/ocp/interconnect@44c00000/segment@200000/target-module@9000/serial@0[0]'
[    0.854913] of_get_named_gpiod_flags: can't parse 'rs485-rx-during-tx-gpio' property of node '/ocp/interconnect@44c00000/segment@200000/target-module@9000/serial@0[0]'
[    0.854944] omap8250 44e09000.serial: using lookup tables for GPIO lookup
[    0.854952] omap8250 44e09000.serial: No GPIO consumer rs485-rx-during-tx found
[    0.855408] 44e09000.serial: ttyS0 at MMIO 0x44e09000 (irq = 34, base_baud = 3000000) is a 8250
[    0.855527] printk: legacy console [ttyS0] enabled
[    2.462672] i2c i2c-0: using DT '/ocp/interconnect@44c00000/segment@200000/target-module@b000/i2c@0' for 'scl' GPIO lookup
[    2.462761] of_get_named_gpiod_flags: can't parse 'scl-gpios' property of node '/ocp/interconnect@44c00000/segment@200000/target-module@b000/i2c@0[0]'
[    2.462807] of_get_named_gpiod_flags: can't parse 'scl-gpio' property of node '/ocp/interconnect@44c00000/segment@200000/target-module@b000/i2c@0[0]'
[    2.462848] i2c i2c-0: using lookup tables for GPIO lookup
[    2.462862] i2c i2c-0: No GPIO consumer scl found
[    2.462886] i2c i2c-0: using DT '/ocp/interconnect@44c00000/segment@200000/target-module@b000/i2c@0' for 'sda' GPIO lookup
[    2.462926] of_get_named_gpiod_flags: can't parse 'sda-gpios' property of node '/ocp/interconnect@44c00000/segment@200000/target-module@b000/i2c@0[0]'
[    2.462966] of_get_named_gpiod_flags: can't parse 'sda-gpio' property of node '/ocp/interconnect@44c00000/segment@200000/target-module@b000/i2c@0[0]'
[    2.463000] i2c i2c-0: using lookup tables for GPIO lookup
[    2.463012] i2c i2c-0: No GPIO consumer sda found
[    2.482479] tps65217-pmic: Failed to locate of_node [id: -1]
[    2.488539] tps65217-bl: Failed to locate of_node [id: -1]
[    2.495997] platform tps65217-charger: DMA mask not set
[    2.503060] platform tps65217-pwrbutton: DMA mask not set
[    2.510862] tps65217 0-0024: TPS65217 ID 0xe version 1.2
[    2.516971] /ocp/interconnect@48000000/segment@300000/target-module@e000/lcdc@0: Fixed dependency cycle(s) with /ocp/interconnect@44c00000/segment@200000/target-module@b000/i2c@0/tda19988@70
[    2.534395] /ocp/interconnect@44c00000/segment@200000/target-module@b000/i2c@0/tda19988@70: Fixed dependency cycle(s) with /ocp/interconnect@48000000/segment@300000/target-module@e000/lcdc@0
[    2.551766] omap_i2c 44e0b000.i2c: bus 0 rev0.11 at 400 kHz
[    2.559636] sdhci-omap 48060000.mmc: using DT '/ocp/interconnect@48000000/segment@0/target-module@60000/mmc@0' for 'cd' GPIO lookup
[    2.559749] of_get_named_gpiod_flags: parsed 'cd-gpios' property of node '/ocp/interconnect@48000000/segment@0/target-module@60000/mmc@0[0]' - status (0)
[    2.559816] gpio gpiochip3: Persistence not supported for GPIO 6
[    2.559844] omap_gpio 44e07000.gpio: Could not set line 6 debounce to 200000 microseconds (-22)
[    2.568731] sdhci-omap 48060000.mmc: Got CD GPIO
[    2.573413] sdhci-omap 48060000.mmc: using DT '/ocp/interconnect@48000000/segment@0/target-module@60000/mmc@0' for 'wp' GPIO lookup
[    2.573460] of_get_named_gpiod_flags: can't parse 'wp-gpios' property of node '/ocp/interconnect@48000000/segment@0/target-module@60000/mmc@0[0]'
[    2.573503] of_get_named_gpiod_flags: can't parse 'wp-gpio' property of node '/ocp/interconnect@48000000/segment@0/target-module@60000/mmc@0[0]'
[    2.573542] sdhci-omap 48060000.mmc: using lookup tables for GPIO lookup
[    2.573555] sdhci-omap 48060000.mmc: No GPIO consumer wp found
[    2.573771] sdhci-omap 48060000.mmc: supply pbias not found, using dummy regulator
[    2.582686] sdhci-omap 481d8000.mmc: using DT '/ocp/interconnect@48000000/segment@100000/target-module@d8000/mmc@0' for 'wp' GPIO lookup
[    2.582766] of_get_named_gpiod_flags: can't parse 'wp-gpios' property of node '/ocp/interconnect@48000000/segment@100000/target-module@d8000/mmc@0[0]'
[    2.582815] of_get_named_gpiod_flags: can't parse 'wp-gpio' property of node '/ocp/interconnect@48000000/segment@100000/target-module@d8000/mmc@0[0]'
[    2.582854] sdhci-omap 481d8000.mmc: using lookup tables for GPIO lookup
[    2.582867] sdhci-omap 481d8000.mmc: No GPIO consumer wp found
[    2.584177] sdhci-omap 48060000.mmc: supply vqmmc not found, using dummy regulator
[    2.593371] sdhci-omap 481d8000.mmc: supply pbias not found, using dummy regulator
[    2.601805] sdhci-omap 481d8000.mmc: supply vqmmc not found, using dummy regulator
[    2.639063] mmc1: SDHCI controller on 481d8000.mmc [481d8000.mmc] using External DMA
[    2.648128] mmc0: SDHCI controller on 48060000.mmc [48060000.mmc] using External DMA
[    2.656973] cpsw-switch 4a100000.switch: starting ndev. mode: dual_mac
[    2.721909] mmc1: new high speed MMC card at address 0001
[    2.728782] mmcblk1: mmc1:0001 MMC04G 3.60 GiB
[    2.736642]  mmcblk1: p1 p2
[    2.741008] mmcblk1boot0: mmc1:0001 MMC04G 2.00 MiB
[    2.747515] SMSC LAN8710/LAN8720 4a101000.mdio:00: attached PHY driver (mii_bus:phy_addr=4a101000.mdio:00, irq=POLL)
[    2.766378] mmcblk1boot1: mmc1:0001 MMC04G 2.00 MiB
[    2.775217] mmcblk1rpmb: mmc1:0001 MMC04G 128 KiB, chardev (249:0)
[    2.825061] mmc0: new high speed SDHC card at address aaaa
[    2.831997] mmcblk0: mmc0:aaaa SE32G 29.7 GiB
[    2.840993]  mmcblk0: p1 p2
[    5.922299] cpsw-switch 4a100000.switch eth0: Link is Up - 100Mbps/Full - flow control off
[    5.961781] IP-Config: Complete:
[    5.965059]      device=eth0, hwaddr=6c:ec:eb:68:de:78, ipaddr=192.168.255.1, mask=255.255.255.0, gw=255.255.255.255
[    5.975726]      host=bbb1, domain=, nis-domain=(none)
[    5.980894]      bootserver=192.168.255.126, rootserver=192.168.255.126, rootpath=
[    5.981317] clk: Disabling unused clocks
[    5.993153] PM: genpd: Disabling unused power domains
[    5.998322] KTAP version 1
[    6.001048] 1..0
[    6.003612] check access for rdinit=/init failed: -2, ignoring
[    6.050753] VFS: Mounted root (nfs filesystem) on device 0:17.
[    6.057899] devtmpfs: mounted
[    6.062551] Freeing unused kernel image (initmem) memory: 1024K
[    6.069314] Run /sbin/init as init process
[    6.073501]   with arguments:
[    6.073517]     /sbin/init
[    6.073526]     nfsrootdebug
[    6.073536]   with environment:
[    6.073544]     HOME=/
[    6.073553]     TERM=linux
[    6.777066] systemd[1]: System time before build time, advancing clock.
[    8.321532] random: crng init done
[    8.334268] systemd[1]: systemd 232 running in system mode. (+PAM +AUDIT +SELINUX +IMA +APPARMOR +SMACK +SYSVINIT +UTMP +LIBCRYPTSETUP +GCRYPT +GNUTLS +ACL +XZ +LZ4 +SECCOMP +BLKID +ELFUTILS +KMOD +IDN)
[    8.353377] systemd[1]: Detected architecture arm.
[    8.384555] systemd[1]: Set hostname to <arm>.
[    9.496316] systemd[1]: Reached target Remote File Systems.
[    9.521978] systemd[1]: Reached target Swap.
[    9.545711] systemd[1]: Listening on /dev/initctl Compatibility Named Pipe.
[    9.573354] systemd[1]: Set up automount Arbitrary Executable File Formats File System Automount Point.
[    9.603048] systemd[1]: Created slice User and Session Slice.
[    9.633602] systemd[1]: Listening on udev Control Socket.
[    9.662889] systemd[1]: Created slice System Slice.
[   11.717257] systemd-journald[109]: Received request to flush runtime journal from PID 1
[   12.647377] omap_prm 44e00d00.prm: sync_state() pending due to 44d00000.cpu
[   14.763777] leds-gpio leds: using DT '/leds/led2' for '(default)' GPIO lookup
[   14.763884] of_get_named_gpiod_flags: parsed 'gpios' property of node '/leds/led2[0]' - status (0)
[   14.763942] gpio gpiochip0: Persistence not supported for GPIO 21
[   14.763957] gpio-533 (?): no flags found for GPIO (default)
[   14.802813] leds-gpio leds: using DT '/leds/led3' for '(default)' GPIO lookup
[   14.802923] of_get_named_gpiod_flags: parsed 'gpios' property of node '/leds/led3[0]' - status (0)
[   14.802980] gpio gpiochip0: Persistence not supported for GPIO 22
[   14.802995] gpio-534 (?): no flags found for GPIO (default)
[   14.840360] leds-gpio leds: using DT '/leds/led4' for '(default)' GPIO lookup
[   14.840462] of_get_named_gpiod_flags: parsed 'gpios' property of node '/leds/led4[0]' - status (0)
[   14.840516] gpio gpiochip0: Persistence not supported for GPIO 23
[   14.840532] gpio-535 (?): no flags found for GPIO (default)
[   14.852021] leds-gpio leds: using DT '/leds/led5' for '(default)' GPIO lookup
[   14.852119] of_get_named_gpiod_flags: parsed 'gpios' property of node '/leds/led5[0]' - status (0)
[   14.852171] gpio gpiochip0: Persistence not supported for GPIO 24
[   14.852187] gpio-536 (?): no flags found for GPIO (default)
[   15.395262] remoteproc remoteproc0: wkup_m3 is available
[   15.725187] am335x-phy-driver 47401300.usb-phy: using DT '/ocp/target-module@47400000/usb-phy@1300' for 'reset' GPIO lookup
[   15.725285] of_get_named_gpiod_flags: can't parse 'reset-gpios' property of node '/ocp/target-module@47400000/usb-phy@1300[0]'
[   15.725330] of_get_named_gpiod_flags: can't parse 'reset-gpio' property of node '/ocp/target-module@47400000/usb-phy@1300[0]'
[   15.725369] am335x-phy-driver 47401300.usb-phy: using lookup tables for GPIO lookup
[   15.725384] am335x-phy-driver 47401300.usb-phy: No GPIO consumer reset found
[   15.725399] am335x-phy-driver 47401300.usb-phy: using DT '/ocp/target-module@47400000/usb-phy@1300' for 'vbus-detect' GPIO lookup
[   15.725431] of_get_named_gpiod_flags: can't parse 'vbus-detect-gpios' property of node '/ocp/target-module@47400000/usb-phy@1300[0]'
[   15.725464] of_get_named_gpiod_flags: can't parse 'vbus-detect-gpio' property of node '/ocp/target-module@47400000/usb-phy@1300[0]'
[   15.725489] am335x-phy-driver 47401300.usb-phy: using lookup tables for GPIO lookup
[   15.725501] am335x-phy-driver 47401300.usb-phy: No GPIO consumer vbus-detect found
[   15.725652] am335x-phy-driver 47401300.usb-phy: dummy supplies not allowed for exclusive requests (id=vbus)
[   15.797962] at24 2-0054: supply vcc not found, using dummy regulator
[   15.815807] usbcore: registered new interface driver usbfs
[   15.821462] usbcore: registered new interface driver hub
[   15.827094] usbcore: registered new device driver usb
[   15.893413] am335x-phy-driver 47401b00.usb-phy: using DT '/ocp/target-module@47400000/usb-phy@1b00' for 'reset' GPIO lookup
[   15.893508] of_get_named_gpiod_flags: can't parse 'reset-gpios' property of node '/ocp/target-module@47400000/usb-phy@1b00[0]'
[   15.893552] of_get_named_gpiod_flags: can't parse 'reset-gpio' property of node '/ocp/target-module@47400000/usb-phy@1b00[0]'
[   15.893590] am335x-phy-driver 47401b00.usb-phy: using lookup tables for GPIO lookup
[   15.893605] am335x-phy-driver 47401b00.usb-phy: No GPIO consumer reset found
[   15.893621] am335x-phy-driver 47401b00.usb-phy: using DT '/ocp/target-module@47400000/usb-phy@1b00' for 'vbus-detect' GPIO lookup
[   15.893651] of_get_named_gpiod_flags: can't parse 'vbus-detect-gpios' property of node '/ocp/target-module@47400000/usb-phy@1b00[0]'
[   15.893682] of_get_named_gpiod_flags: can't parse 'vbus-detect-gpio' property of node '/ocp/target-module@47400000/usb-phy@1b00[0]'
[   15.893707] am335x-phy-driver 47401b00.usb-phy: using lookup tables for GPIO lookup
[   15.893719] am335x-phy-driver 47401b00.usb-phy: No GPIO consumer vbus-detect found
[   15.893872] am335x-phy-driver 47401b00.usb-phy: dummy supplies not allowed for exclusive requests (id=vbus)
[   15.947008] at24 2-0055: supply vcc not found, using dummy regulator
[   16.046565] at24 2-0056: supply vcc not found, using dummy regulator
[   16.166861] at24 2-0057: supply vcc not found, using dummy regulator
[   16.278334] at24 0-0050: using DT '/ocp/interconnect@44c00000/segment@200000/target-module@b000/i2c@0/eeprom@50' for 'wp' GPIO lookup
[   16.278459] of_get_named_gpiod_flags: can't parse 'wp-gpios' property of node '/ocp/interconnect@44c00000/segment@200000/target-module@b000/i2c@0/eeprom@50[0]'
[   16.278518] of_get_named_gpiod_flags: can't parse 'wp-gpio' property of node '/ocp/interconnect@44c00000/segment@200000/target-module@b000/i2c@0/eeprom@50[0]'
[   16.278565] at24 0-0050: using lookup tables for GPIO lookup
[   16.278578] at24 0-0050: No GPIO consumer wp found
[   16.278931] at24 0-0050: 4096 byte 24c32 EEPROM, writable, 1 bytes/write
[   16.415743] input: tps65217_pwrbutton as /devices/platform/ocp/44c00000.interconnect/44c00000.interconnect:segment@200000/44e0b000.target-module/44e0b000.i2c/i2c-0/0-0024/tps65217-pwrbutton/input/input0
[   16.478292] musb-hdrc musb-hdrc.1: MUSB HDRC host driver
[   16.483938] musb-hdrc musb-hdrc.1: new USB bus registered, assigned bus number 1
[   16.707795] usb usb1: New USB device found, idVendor=1d6b, idProduct=0002, bcdDevice= 6.18
[   16.716358] usb usb1: New USB device strings: Mfr=3, Product=2, SerialNumber=1
[   16.723707] usb usb1: Product: MUSB HDRC host driver
[   16.728702] usb usb1: Manufacturer: Linux 6.18.0-rc6-next-20251124 musb-hcd
[   16.735735] usb usb1: SerialNumber: musb-hdrc.1
[   17.086543] hub 1-0:1.0: USB hub found
[   17.102015] hub 1-0:1.0: 1 port detected
[   17.472478] omap_rtc 44e3e000.rtc: registered as rtc0
[   17.477677] omap_rtc 44e3e000.rtc: setting system clock to 2000-01-01T00:00:00 UTC (946684800)
[   17.486588] omap_rtc 44e3e000.rtc: using DT '/ocp/interconnect@44c00000/segment@200000/target-module@3e000/rtc@0' for 'wp' GPIO lookup
[   17.486663] of_get_named_gpiod_flags: can't parse 'wp-gpios' property of node '/ocp/interconnect@44c00000/segment@200000/target-module@3e000/rtc@0[0]'
[   17.486713] of_get_named_gpiod_flags: can't parse 'wp-gpio' property of node '/ocp/interconnect@44c00000/segment@200000/target-module@3e000/rtc@0[0]'
[   17.486753] omap_rtc 44e3e000.rtc: using lookup tables for GPIO lookup
[   17.486767] omap_rtc 44e3e000.rtc: No GPIO consumer wp found
[   17.495854] omap_wdt: OMAP Watchdog Timer Rev 0x01: initial timeout 60 sec
[   18.373899] omap-mailbox 480c8000.mailbox: omap mailbox rev 0x400
[   18.392200] tda998x 0-0070: found TDA19988
[   18.453612] remoteproc remoteproc0: powering up wkup_m3
[   18.565121] remoteproc remoteproc0: Direct firmware load for am335x-pm-firmware.elf failed with error -2
[   18.575041] remoteproc remoteproc0: request_firmware failed: -2
[   18.581010] wkup_m3_ipc 44e11324.wkup_m3_ipc: rproc_boot failed
[   21.618871] omap_rng 48310000.rng: Random Number Generator ver. 20
[   21.975606] tilcdc 4830e000.lcdc: bound 0-0070 (ops tda998x_driver_exit [tda998x])
[   22.130955] [drm] Initialized tilcdc 1.0.0 for 4830e000.lcdc on minor 0
[   22.263261] tilcdc 4830e000.lcdc: [drm] Cannot find any crtc or sizes
[   22.278092] tilcdc 4830e000.lcdc: [drm] Cannot find any crtc or sizes
[   23.153820] PM: Cannot get wkup_m3_ipc handle
[   23.410534] omap-sham 53100000.sham: hw accel on OMAP rev 4.3
[   23.538449] omap-sham 53100000.sham: will run requests pump with realtime priority
[   23.548729] PM: Cannot get wkup_m3_ipc handle
[   23.749665] omap-aes 53500000.aes: OMAP AES hw accel rev: 3.2
[   23.857729] omap-aes 53500000.aes: will run requests pump with realtime priority
[   23.867609] PM: Cannot get wkup_m3_ipc handle
[   24.360801] ------------[ cut here ]------------
[   24.365634] WARNING: net/8021q/vlan_core.c:236 at vlan_for_each+0x114/0x134, CPU#0: avahi-daemon/319
[   24.374961] RTNL: assertion failed at net/8021q/vlan_core.c (236)
[   24.381090] Modules linked in: ecdh_generic omap_aes_driver snd_soc_simple_card ecc omap_crypto snd_soc_simple_card_utils omap_sham libaes crypto_engine pm33xx ti_emif_sram tilcdc omap_rng drm_dma_helper rng_core drm_client_lib snd_soc_davinci_mcasp snd_soc_ti_udma snd_soc_ti_edma snd_soc_ti_sdma snd_soc_core snd_pcm_dmaengine snd_pcm snd_timer omap_mailbox snd soundcore tda998x cec drm_kms_helper omap_wdt rtc_omap drm watchdog wkup_m3_ipc drm_panel_orientation_quirks musb_dsps tps65218_pwrbutton musb_hdrc udc_core at24 phy_am335x usbcore phy_am335x_control wkup_m3_rproc phy_generic cppi41 usb_common leds_gpio led_class cpufreq_dt autofs4
[   24.438300] CPU: 0 UID: 107 PID: 319 Comm: avahi-daemon Not tainted 6.18.0-rc6-next-20251124 #1 NONE 
[   24.438320] Hardware name: Generic AM33XX (Flattened Device Tree)
[   24.438329] Call trace: 
[   24.438346]  unwind_backtrace from show_stack+0x10/0x14
[   24.438384]  show_stack from dump_stack_lvl+0x50/0x64
[   24.438409]  dump_stack_lvl from __warn+0x88/0x148
[   24.438426]  __warn from warn_slowpath_fmt+0x19c/0x1b0
[   24.438439]  warn_slowpath_fmt from vlan_for_each+0x114/0x134
[   24.438456]  vlan_for_each from cpsw_add_mc_addr+0x40/0xa4
[   24.438490]  cpsw_add_mc_addr from __hw_addr_ref_sync_dev+0x108/0x140
[   24.438517]  __hw_addr_ref_sync_dev from __dev_mc_add+0x7c/0x80
[   24.438535]  __dev_mc_add from igmp6_group_added+0xc8/0xe0
[   24.438557]  igmp6_group_added from __ipv6_dev_mc_inc+0x218/0x364
[   24.438570]  __ipv6_dev_mc_inc from __ipv6_sock_mc_join+0x11c/0x1c0
[   24.438585]  __ipv6_sock_mc_join from do_ipv6_setsockopt+0x1214/0x1310
[   24.438610]  do_ipv6_setsockopt from ipv6_setsockopt+0x60/0xcc
[   24.438628]  ipv6_setsockopt from udpv6_setsockopt+0x2c/0x6c
[   24.438649]  udpv6_setsockopt from sock_common_setsockopt+0x30/0x40
[   24.438675]  sock_common_setsockopt from do_sock_setsockopt+0x50/0x9c
[   24.438693]  do_sock_setsockopt from __sys_setsockopt+0x70/0xbc
[   24.438707]  __sys_setsockopt from ret_fast_syscall+0x0/0x58
[   24.438721] Exception stack(0xe0175fa8 to 0xe0175ff0)
[   24.438736] 5fa0:                   00000014 b6facce8 0000000d 00000029 00000014 bed399ec
[   24.438747] 5fc0: 00000014 b6facce8 00000014 00000126 0000000d b6f55ff4 0045e988 00446558
[   24.438756] 5fe0: b6f6b088 bed399d8 b6f48309 b6e1f41a
[   24.438764] ---[ end trace 0000000000000000 ]---
[   25.502342] Bluetooth: Core ver 2.22
[   25.506215] NET: Registered PF_BLUETOOTH protocol family
[   25.511718] Bluetooth: HCI device and connection manager initialized
[   25.518136] Bluetooth: HCI socket layer initialized
[   25.523162] Bluetooth: L2CAP socket layer initialized
[   25.528280] Bluetooth: SCO socket layer initialized
[   27.334741] tda998x 0-0070: using DT '/ocp/interconnect@44c00000/segment@200000/target-module@b000/i2c@0/tda19988@70' for 'nxp,calib' GPIO lookup
[   27.334882] of_get_named_gpiod_flags: parsed 'nxp,calib-gpios' property of node '/ocp/interconnect@44c00000/segment@200000/target-module@b000/i2c@0/tda19988@70[0]' - status (0)
[   27.334989] gpio gpiochip0: Persistence not supported for GPIO 25
[   27.335005] gpio-537 (nxp,calib): no flags found for GPIO nxp,calib
[   27.359270] gpio-537 (nxp,calib): gpiod_direction_output_nonotify: tried to set a GPIO tied to an IRQ as output
[   27.427666] PM: Cannot get wkup_m3_ipc handle
[   27.433659] asoc-simple-card sound: using DT '/sound' for 'simple-audio-card,hp-det' GPIO lookup
[   27.433734] of_get_named_gpiod_flags: can't parse 'simple-audio-card,hp-det-gpios' property of node '/sound[0]'
[   27.433769] of_get_named_gpiod_flags: can't parse 'simple-audio-card,hp-det-gpio' property of node '/sound[0]'
[   27.433796] asoc-simple-card sound: using lookup tables for GPIO lookup
[   27.433810] asoc-simple-card sound: No GPIO consumer simple-audio-card,hp-det found
[   27.433825] asoc-simple-card sound: using DT '/sound' for 'simple-audio-card,mic-det' GPIO lookup
[   27.433850] of_get_named_gpiod_flags: can't parse 'simple-audio-card,mic-det-gpios' property of node '/sound[0]'
[   27.433875] of_get_named_gpiod_flags: can't parse 'simple-audio-card,mic-det-gpio' property of node '/sound[0]'
[   27.433895] asoc-simple-card sound: using lookup tables for GPIO lookup
[   27.433907] asoc-simple-card sound: No GPIO consumer simple-audio-card,mic-det found
[   27.508943] PM: Cannot get wkup_m3_ipc handle
[   27.674144] tda9950 0-0034: TDA9950 CEC interface, hardware version 3.3
[   27.789084] PM: Cannot get wkup_m3_ipc handle
[   30.399953] userial_init: registered 8 ttyGS* devices
[   30.564656] rndis_register: configNr = 0
[   30.615162] udc musb-hdrc.0: binding gadget driver [g_multi]
[   30.615269] configfs-gadget.g_multi gadget.0: adding 'rndis'/0cebf614 to config 'c'/3c197993
[   30.616438] configfs-gadget.g_multi gadget.0: HOST MAC 1c:ba:8c:a2:ed:6c
[   30.623440] configfs-gadget.g_multi gadget.0: MAC 1c:ba:8c:a2:ed:70
[   30.629814] rndis_set_param_medium: 0 0
[   30.629836] configfs-gadget.g_multi gadget.0: RNDIS: IN/ep1in OUT/ep1out NOTIFY/ep2in
[   30.629854] configfs-gadget.g_multi gadget.0: adding 'cdc_ethernet'/420f06bf to config 'c'/3c197993
[   30.630819] configfs-gadget.g_multi gadget.0: HOST MAC 1c:ba:8c:a2:ed:6c
[   30.637720] configfs-gadget.g_multi gadget.0: MAC 1c:ba:8c:a2:ed:6d
[   30.644122] configfs-gadget.g_multi gadget.0: CDC Ethernet: IN/ep3in OUT/ep2out NOTIFY/ep4in
[   30.644145] configfs-gadget.g_multi gadget.0: adding 'acm'/57534863 to config 'c'/3c197993
[   30.644196] configfs-gadget.g_multi gadget.0: acm ttyGS0: IN/ep5in OUT/ep3out NOTIFY/ep6in
[   30.656679] PM: Cannot get wkup_m3_ipc handle
[   32.544366] configfs-gadget.g_multi gadget.0: eth_open
[   36.517987] gs_open: ttyGS0 (52154eb8,a135cd00)
[   36.518147] gs_close: ttyGS0 (52154eb8,a135cd00) ...
[   36.518168] gs_close: ttyGS0 (52154eb8,a135cd00) done!
[   36.536643] gs_open: ttyGS0 (a2e6db76,489ed049)
[   36.536784] gs_close: ttyGS0 (a2e6db76,489ed049) ...
[   36.536807] gs_close: ttyGS0 (a2e6db76,489ed049) done!
[   36.692721] gs_open: ttyGS0 (bf1fee34,60630530)
[   36.692969] gs_close: ttyGS0 (bf1fee34,60630530) ...
[   36.692999] gs_close: ttyGS0 (bf1fee34,60630530) done!
[   36.693221] gs_open: ttyGS0 (52154eb8,60630530)
CJXSZWNJMV 0
root@arm:~# echo 'MABZ''KZAKQZ'
MABZKZAKQZ
root@arm:~# MARKER='FLXE''HGPAWM' run 'modprobe test_linear_ranges'
FLXEHGPAWMFLXEHGPAWM 0
root@arm:~# echo 'CGCY''MBMLFJ'
CGCYMBMLFJ
root@arm:~# MARKER='EHXK''AVEFEF' run dmesg
EHXKAVEFEF[    0.000000] Booting Linux on physical CPU 0x0
[    0.000000] Linux version 6.18.0-rc6-next-20251124 (user01@drvtest01) (arm-none-eabi-gcc (Arm GNU Toolchain 14.2.Rel1 (Build arm-14.52)) 14.2.1 20241119, GNU ld (Arm GNU Toolchain 14.2.Rel1 (Build arm-14.52)) 2.43.1.20241119) #1 SMP Mon Nov 24 17:04:23 EET 2025
[    0.000000] CPU: ARMv7 Processor [413fc082] revision 2 (ARMv7), cr=10c5387d
[    0.000000] CPU: PIPT / VIPT nonaliasing data cache, VIPT aliasing instruction cache
[    0.000000] OF: fdt: Machine model: TI AM335x BeagleBone Black
[    0.000000] Memory policy: Data cache writeback
[    0.000000] cma: Reserved 16 MiB at 0x9e800000
[    0.000000] Zone ranges:
[    0.000000]   Normal   [mem 0x0000000080000000-0x000000009fdfffff]
[    0.000000]   HighMem  empty
[    0.000000] Movable zone start for each node
[    0.000000] Early memory node ranges
[    0.000000]   node   0: [mem 0x0000000080000000-0x000000009fdfffff]
[    0.000000] Initmem setup node 0 [mem 0x0000000080000000-0x000000009fdfffff]
[    0.000000] On node 0, zone Normal: 512 pages in unavailable ranges
[    0.000000] OF: reserved mem: Reserved memory: No reserved-memory node in the DT
[    0.000000] CPU: All CPU(s) started in SVC mode.
[    0.000000] AM335X ES2.1 (sgx neon)
[    0.000000] percpu: Embedded 17 pages/cpu s40204 r8192 d21236 u69632
[    0.000000] pcpu-alloc: s40204 r8192 d21236 u69632 alloc=17*4096
[    0.000000] pcpu-alloc: [0] 0 
[    0.000000] Kernel command line: console=ttyO0,115200n8 root=/dev/nfs rw nfsroot=192.168.255.126:/home/user01/nfs,nfsvers=3 ip=192.168.255.1:192.168.255.126::255.255.255.0:bbb1:eth0 nfsrootdebug
[    0.000000] Unknown kernel command line parameters "nfsrootdebug", will be passed to user space.
[    0.000000] printk: log buffer data + meta data: 65536 + 204800 = 270336 bytes
[    0.000000] Dentry cache hash table entries: 65536 (order: 6, 262144 bytes, linear)
[    0.000000] Inode-cache hash table entries: 32768 (order: 5, 131072 bytes, linear)
[    0.000000] Built 1 zonelists, mobility grouping on.  Total pages: 130560
[    0.000000] mem auto-init: stack:off, heap alloc:off, heap free:off
[    0.000000] SLUB: HWalign=16, Order=0-3, MinObjects=0, CPUs=1, Nodes=1
[    0.000000] rcu: Hierarchical RCU implementation.
[    0.000000] rcu: 	RCU event tracing is enabled.
[    0.000000] rcu: 	RCU restricting CPUs from NR_CPUS=2 to nr_cpu_ids=1.
[    0.000000] 	Tracing variant of Tasks RCU enabled.
[    0.000000] rcu: RCU calculated value of scheduler-enlistment delay is 10 jiffies.
[    0.000000] rcu: Adjusting geometry for rcu_fanout_leaf=16, nr_cpu_ids=1
[    0.000000] RCU Tasks Trace: Setting shift to 0 and lim to 1 rcu_task_cb_adjust=1 rcu_task_cpu_ids=1.
[    0.000000] NR_IRQS: 16, nr_irqs: 16, preallocated irqs: 16
[    0.000000] IRQ: Found an INTC at 0x(ptrval) (revision 5.0) with 128 interrupts
[    0.000000] rcu: srcu_init: Setting srcu_struct sizes based on contention.
[    0.000000] TI gptimer clocksource: always-on /ocp/interconnect@44c00000/segment@200000/target-module@31000
[    0.000002] sched_clock: 32 bits at 24MHz, resolution 41ns, wraps every 89478484971ns
[    0.000025] clocksource: dmtimer: mask: 0xffffffff max_cycles: 0xffffffff, max_idle_ns: 79635851949 ns
[    0.000557] TI gptimer clockevent: 24000000 Hz at /ocp/interconnect@48000000/segment@0/target-module@40000
[    0.002126] Console: colour dummy device 80x30
[    0.002191] WARNING: Your 'console=ttyO0' has been replaced by 'ttyS0'
[    0.002199] This ensures that you still see kernel messages. Please
[    0.002203] update your kernel commandline.
[    0.002245] Calibrating delay loop... 996.14 BogoMIPS (lpj=4980736)
[    0.090672] CPU: Testing write buffer coherency: ok
[    0.090757] CPU0: Spectre v2: using BPIALL workaround
[    0.090766] pid_max: default: 32768 minimum: 301
[    0.091077] Mount-cache hash table entries: 1024 (order: 0, 4096 bytes, linear)
[    0.091099] Mountpoint-cache hash table entries: 1024 (order: 0, 4096 bytes, linear)
[    0.092687] CPU0: thread -1, cpu 0, socket -1, mpidr 0
[    0.092744] cacheinfo: Unable to detect cache hierarchy for CPU 0
[    0.094760] Setting up static identity map for 0x80100000 - 0x80100078
[    0.095090] rcu: Hierarchical SRCU implementation.
[    0.095099] rcu: 	Max phase no-delay instances is 1000.
[    0.095588] Timer migration: 1 hierarchy levels; 8 children per group; 1 crossnode level
[    0.096908] smp: Bringing up secondary CPUs ...
[    0.096962] smp: Brought up 1 node, 1 CPU
[    0.096975] SMP: Total of 1 processors activated (996.14 BogoMIPS).
[    0.096986] CPU: All CPU(s) started in SVC mode.
[    0.097234] Memory: 479964K/522240K available (12288K kernel code, 1231K rwdata, 2956K rodata, 1024K init, 255K bss, 24364K reserved, 16384K cma-reserved, 0K highmem)
[    0.098105] devtmpfs: initialized
[    0.115268] VFP support v0.3: implementor 41 architecture 3 part 30 variant c rev 3
[    0.115946] clocksource: jiffies: mask: 0xffffffff max_cycles: 0xffffffff, max_idle_ns: 19112604462750000 ns
[    0.116003] posixtimers hash table entries: 2048 (order: 2, 16384 bytes, linear)
[    0.116056] futex hash table entries: 1024 (65536 bytes on 1 NUMA nodes, total 64 KiB, linear).
[    0.119242] NET: Registered PF_NETLINK/PF_ROUTE protocol family
[    0.122473] DMA: preallocated 256 KiB pool for atomic coherent allocations
[    0.123463] audit: initializing netlink subsys (disabled)
[    0.124839] thermal_sys: Registered thermal governor 'fair_share'
[    0.124855] thermal_sys: Registered thermal governor 'step_wise'
[    0.124864] thermal_sys: Registered thermal governor 'user_space'
[    0.124978] audit: type=2000 audit(0.120:1): state=initialized audit_enabled=0 res=1
[    0.125049] cpuidle: using governor menu
[    0.142693] /ocp/interconnect@44c00000/segment@200000/target-module@b000/i2c@0/tda19988@70: Fixed dependency cycle(s) with /ocp/interconnect@48000000/segment@300000/target-module@e000/lcdc@0
[    0.143773] /ocp/interconnect@48000000/segment@300000/target-module@e000/lcdc@0: Fixed dependency cycle(s) with /ocp/interconnect@44c00000/segment@200000/target-module@b000/i2c@0/tda19988@70
[    0.145931] No ATAGs?
[    0.145968] hw-breakpoint: debug architecture 0x4 unsupported.
[    0.148674] kprobes: kprobe jump-optimization is enabled. All kprobes are optimized if possible.
[    0.153767] iommu: Default domain type: Translated
[    0.153791] iommu: DMA domain TLB invalidation policy: strict mode
[    0.155361] reg-fixed-voltage fixedregulator0: using DT '/fixedregulator0' for '(default)' GPIO lookup
[    0.155416] of_get_named_gpiod_flags: can't parse 'gpios' property of node '/fixedregulator0[0]'
[    0.155445] of_get_named_gpiod_flags: can't parse 'gpio' property of node '/fixedregulator0[0]'
[    0.155463] reg-fixed-voltage fixedregulator0: using lookup tables for GPIO lookup
[    0.155472] reg-fixed-voltage fixedregulator0: No GPIO consumer (default) found
[    0.161633] SCSI subsystem initialized
[    0.162118] libata version 3.00 loaded.
[    0.162499] pps_core: LinuxPPS API ver. 1 registered
[    0.162508] pps_core: Software ver. 5.3.6 - Copyright 2005-2007 Rodolfo Giometti <giometti@linux.it>
[    0.162532] PTP clock support registered
[    0.171110] vgaarb: loaded
[    0.171549] clocksource: Switched to clocksource dmtimer
[    0.172176] VFS: Disk quotas dquot_6.6.0
[    0.172238] VFS: Dquot-cache hash table entries: 1024 (order 0, 4096 bytes)
[    0.195081] NET: Registered PF_INET protocol family
[    0.195415] IP idents hash table entries: 8192 (order: 4, 65536 bytes, linear)
[    0.196835] tcp_listen_portaddr_hash hash table entries: 512 (order: 0, 4096 bytes, linear)
[    0.196872] Table-perturb hash table entries: 65536 (order: 6, 262144 bytes, linear)
[    0.196890] TCP established hash table entries: 4096 (order: 2, 16384 bytes, linear)
[    0.196936] TCP bind hash table entries: 4096 (order: 4, 65536 bytes, linear)
[    0.197036] TCP: Hash tables configured (established 4096 bind 4096)
[    0.197159] UDP hash table entries: 256 (order: 2, 14336 bytes, linear)
[    0.197192] UDP-Lite hash table entries: 256 (order: 2, 14336 bytes, linear)
[    0.197409] NET: Registered PF_UNIX/PF_LOCAL protocol family
[    0.202315] RPC: Registered named UNIX socket transport module.
[    0.202335] RPC: Registered udp transport module.
[    0.202341] RPC: Registered tcp transport module.
[    0.202346] RPC: Registered tcp-with-tls transport module.
[    0.202351] RPC: Registered tcp NFSv4.1 backchannel transport module.
[    0.202377] PCI: CLS 0 bytes, default 64
[    0.203847] Initialise system trusted keyrings
[    0.212079] workingset: timestamp_bits=14 max_order=17 bucket_order=3
[    0.213542] NFS: Registering the id_resolver key type
[    0.213601] Key type id_resolver registered
[    0.213609] Key type id_legacy registered
[    0.213719] jffs2: version 2.2. (NAND) (SUMMARY)  Â© 2001-2006 Red Hat, Inc.
[    0.214266] Key type asymmetric registered
[    0.214283] Asymmetric key parser 'x509' registered
[    0.214360] io scheduler mq-deadline registered
[    0.214371] io scheduler kyber registered
[    0.214456] io scheduler bfq registered
[    0.216276] target-module@4b000000:target-module@140000:pmu@0:fck: device ID is greater than 24
[    0.221744] ledtrig-cpu: registered to indicate activity on CPUs
[    0.225443] Serial: 8250/16550 driver, 6 ports, IRQ sharing enabled
[    0.266702] brd: module loaded
[    0.287660] loop: module loaded
[    0.288586] mtdoops: mtd device (mtddev=name/number) must be supplied
[    0.290151] mdio_bus fixed-0: using lookup tables for GPIO lookup
[    0.290174] mdio_bus fixed-0: No GPIO consumer reset found
[    0.291760] i2c_dev: i2c /dev entries driver
[    0.292797] cpuidle: enable-method property 'ti,am3352' found operations
[    0.293249] sdhci: Secure Digital Host Controller Interface driver
[    0.293256] sdhci: Copyright(c) Pierre Ossman
[    0.293442] sdhci-pltfm: SDHCI platform and OF driver helper
[    0.294562] hw perfevents: unable to set irq affinity (irq=17, cpu=0)
[    0.294575] hw perfevents: unable to request IRQ17 for ARM PMU counters
[    0.294601] armv7-pmu target-module@4b000000:target-module@140000:pmu@0: probe with driver armv7-pmu failed with error -22
[    0.295095] Initializing XFRM netlink socket
[    0.295259] NET: Registered PF_INET6 protocol family
[    0.303320] Segment Routing with IPv6
[    0.303409] In-situ OAM (IOAM) with IPv6
[    0.303507] sit: IPv6, IPv4 and MPLS over IPv4 tunneling driver
[    0.304527] NET: Registered PF_PACKET protocol family
[    0.304548] PFKEY is deprecated and scheduled to be removed in 2027, please contact the netdev mailing list
[    0.304574] NET: Registered PF_KEY protocol family
[    0.304701] Key type dns_resolver registered
[    0.304945] ThumbEE CPU extension supported.
[    0.304967] Registering SWP/SWPB emulation handler
[    0.305491] omap_voltage_late_init: Voltage driver support not added
[    0.306159] SmartReflex Class3 initialized
[    0.343640] Loading compiled-in X.509 certificates
[    0.372107] /ocp/interconnect@44c00000/segment@200000/target-module@b000/i2c@0/tda19988@70: Fixed dependency cycle(s) with /ocp/interconnect@48000000/segment@300000/target-module@e000/lcdc@0
[    0.378515] /ocp/interconnect@44c00000/segment@200000/target-module@b000/i2c@0/tda19988@70: Fixed dependency cycle(s) with /ocp/interconnect@48000000/segment@300000/target-module@e000/lcdc@0
[    0.384255] gpiochip_find_base_unlocked: found new base at 512
[    0.410930] /ocp/interconnect@44c00000/segment@200000/target-module@b000/i2c@0/tda19988@70: Fixed dependency cycle(s) with /ocp/interconnect@48000000/segment@300000/target-module@e000/lcdc@0
[    0.412129] /ocp/interconnect@44c00000/segment@200000/target-module@b000/i2c@0/tda19988@70: Fixed dependency cycle(s) with /ocp/interconnect@48000000/segment@300000/target-module@e000/lcdc@0
[    0.415737] /ocp/interconnect@44c00000/segment@200000/target-module@10000/scm@0/pinmux@800: Fixed dependency cycle(s) with /ocp/interconnect@44c00000/segment@200000/target-module@10000/scm@0/pinmux@800/clkout2-pins
[    0.416369] pinctrl-single 44e10800.pinmux: 142 pins, size 568
[    0.447143] /ocp/interconnect@48000000/segment@300000/target-module@e000/lcdc@0: Fixed dependency cycle(s) with /ocp/interconnect@44c00000/segment@200000/target-module@b000/i2c@0/tda19988@70
[    0.467054] gpiochip_find_base_unlocked: found new base at 512
[    0.467159] gpio gpiochip0: (gpio-0-31): created GPIO range 0->7 ==> 44e10800.pinmux PIN 0->7
[    0.467180] gpio gpiochip0: (gpio-0-31): created GPIO range 8->11 ==> 44e10800.pinmux PIN 90->93
[    0.467197] gpio gpiochip0: (gpio-0-31): created GPIO range 12->27 ==> 44e10800.pinmux PIN 12->27
[    0.467213] gpio gpiochip0: (gpio-0-31): created GPIO range 28->31 ==> 44e10800.pinmux PIN 30->33
[    0.502174] gpio gpiochip0: (gpio-0-31): added GPIO chardev (254:0)
[    0.502406] gpio gpiochip0: registered GPIOs 512 to 543 on gpio-0-31
[    0.502494] OMAP GPIO hardware version 0.1
[    0.528724] i2c i2c-2: using DT '/ocp/interconnect@48000000/segment@100000/target-module@9c000/i2c@0' for 'scl' GPIO lookup
[    0.528799] of_get_named_gpiod_flags: can't parse 'scl-gpios' property of node '/ocp/interconnect@48000000/segment@100000/target-module@9c000/i2c@0[0]'
[    0.528841] of_get_named_gpiod_flags: can't parse 'scl-gpio' property of node '/ocp/interconnect@48000000/segment@100000/target-module@9c000/i2c@0[0]'
[    0.528877] i2c i2c-2: using lookup tables for GPIO lookup
[    0.528888] i2c i2c-2: No GPIO consumer scl found
[    0.528910] i2c i2c-2: using DT '/ocp/interconnect@48000000/segment@100000/target-module@9c000/i2c@0' for 'sda' GPIO lookup
[    0.528946] of_get_named_gpiod_flags: can't parse 'sda-gpios' property of node '/ocp/interconnect@48000000/segment@100000/target-module@9c000/i2c@0[0]'
[    0.528982] of_get_named_gpiod_flags: can't parse 'sda-gpio' property of node '/ocp/interconnect@48000000/segment@100000/target-module@9c000/i2c@0[0]'
[    0.529013] i2c i2c-2: using lookup tables for GPIO lookup
[    0.529022] i2c i2c-2: No GPIO consumer sda found
[    0.529752] omap_i2c 4819c000.i2c: bus 2 rev0.11 at 100 kHz
[    0.535692] gpiochip_find_base_unlocked: found new base at 544
[    0.535799] gpio gpiochip1: (gpio-32-63): created GPIO range 0->17 ==> 44e10800.pinmux PIN 34->51
[    0.535819] gpio gpiochip1: (gpio-32-63): created GPIO range 18->21 ==> 44e10800.pinmux PIN 77->80
[    0.535836] gpio gpiochip1: (gpio-32-63): created GPIO range 22->31 ==> 44e10800.pinmux PIN 56->65
[    0.549117] gpio gpiochip1: (gpio-32-63): added GPIO chardev (254:1)
[    0.549345] gpio gpiochip1: registered GPIOs 544 to 575 on gpio-32-63
[    0.551840] gpiochip_find_base_unlocked: found new base at 576
[    0.551945] gpio gpiochip2: (gpio-64-95): created GPIO range 0->4 ==> 44e10800.pinmux PIN 66->70
[    0.551967] gpio gpiochip2: (gpio-64-95): created GPIO range 5->6 ==> 44e10800.pinmux PIN 98->99
[    0.551984] gpio gpiochip2: (gpio-64-95): created GPIO range 7->8 ==> 44e10800.pinmux PIN 75->76
[    0.552000] gpio gpiochip2: (gpio-64-95): created GPIO range 13->13 ==> 44e10800.pinmux PIN 141->141
[    0.552017] gpio gpiochip2: (gpio-64-95): created GPIO range 14->21 ==> 44e10800.pinmux PIN 100->107
[    0.573745] gpio gpiochip2: (gpio-64-95): added GPIO chardev (254:2)
[    0.573979] gpio gpiochip2: registered GPIOs 576 to 607 on gpio-64-95
[    0.579694] 48000000.interconnect:segment@200000:target-module@0:mpu@0:fck: device ID is greater than 24
[    0.580621] /ocp/interconnect@48000000/segment@300000/target-module@e000/lcdc@0: Fixed dependency cycle(s) with /ocp/interconnect@44c00000/segment@200000/target-module@b000/i2c@0/tda19988@70
[    0.583778] /ocp/interconnect@48000000/segment@300000/target-module@e000/lcdc@0: Fixed dependency cycle(s) with /ocp/interconnect@44c00000/segment@200000/target-module@b000/i2c@0/tda19988@70
[    0.584494] /ocp/interconnect@44c00000/segment@200000/target-module@b000/i2c@0/tda19988@70: Fixed dependency cycle(s) with /ocp/interconnect@48000000/segment@300000/target-module@e000/lcdc@0
[    0.584670] /ocp/interconnect@48000000/segment@300000/target-module@e000/lcdc@0: Fixed dependency cycle(s) with /ocp/interconnect@44c00000/segment@200000/target-module@b000/i2c@0/tda19988@70
[    0.592153] sdhci-omap 481d8000.mmc: using DT '/ocp/interconnect@48000000/segment@100000/target-module@d8000/mmc@0' for 'wp' GPIO lookup
[    0.592226] of_get_named_gpiod_flags: can't parse 'wp-gpios' property of node '/ocp/interconnect@48000000/segment@100000/target-module@d8000/mmc@0[0]'
[    0.592269] of_get_named_gpiod_flags: can't parse 'wp-gpio' property of node '/ocp/interconnect@48000000/segment@100000/target-module@d8000/mmc@0[0]'
[    0.592306] sdhci-omap 481d8000.mmc: using lookup tables for GPIO lookup
[    0.592315] sdhci-omap 481d8000.mmc: No GPIO consumer wp found
[    0.592511] sdhci-omap 481d8000.mmc: supply pbias not found, using dummy regulator
[    0.593601] sdhci-omap 481d8000.mmc: supply vqmmc not found, using dummy regulator
[    0.600055] mdio_bus 4a101000.mdio: using DT '/ocp/interconnect@4a000000/segment@0/target-module@100000/switch@0/mdio@1000' for 'reset' GPIO lookup
[    0.600128] of_get_named_gpiod_flags: can't parse 'reset-gpios' property of node '/ocp/interconnect@4a000000/segment@0/target-module@100000/switch@0/mdio@1000[0]'
[    0.600173] of_get_named_gpiod_flags: can't parse 'reset-gpio' property of node '/ocp/interconnect@4a000000/segment@0/target-module@100000/switch@0/mdio@1000[0]'
[    0.600219] mdio_bus 4a101000.mdio: using lookup tables for GPIO lookup
[    0.600229] mdio_bus 4a101000.mdio: No GPIO consumer reset found
[    0.643881] davinci_mdio 4a101000.mdio: davinci mdio revision 1.6, bus freq 1000000
[    0.666081] mdio_bus 4a101000.mdio:00: using DT '/ocp/interconnect@4a000000/segment@0/target-module@100000/switch@0/mdio@1000/ethernet-phy@0' for 'reset' GPIO lookup
[    0.666181] of_get_named_gpiod_flags: parsed 'reset-gpios' property of node '/ocp/interconnect@4a000000/segment@0/target-module@100000/switch@0/mdio@1000/ethernet-phy@0[0]' - status (0)
[    0.666337] gpio gpiochip0: Persistence not supported for GPIO 8
[    0.794114] davinci_mdio 4a101000.mdio: phy[0]: device 4a101000.mdio:00, driver SMSC LAN8710/LAN8720
[    0.794883] cpsw-switch 4a100000.switch: initialized cpsw ale version 1.4
[    0.794907] cpsw-switch 4a100000.switch: ALE Table size 1024, Policers 0
[    0.795084] cpsw-switch 4a100000.switch: cpts: overflow check period 500 (jiffies)
[    0.795102] cpsw-switch 4a100000.switch: CPTS: ref_clk_freq:250000000 calc_mult:2147483648 calc_shift:29 error:0 nsec/sec
[    0.795213] cpsw-switch 4a100000.switch: Detected MACID = 6c:ec:eb:68:de:78
[    0.797116] cpsw-switch 4a100000.switch: initialized (regs 0x4a100000, pool size 256) hw_ver:0019010C 1.12 (0)
[    0.810149] debugfs: '49000000.dma' already exists in 'dmaengine'
[    0.810195] edma 49000000.dma: TI EDMA DMA engine driver
[    0.848278] ti-sysc 44e31000.target-module: Failed to create device link (0x180) with supplier ocp for /ocp/interconnect@44c00000/segment@200000/target-module@31000/timer@0
[    0.848341] ti-sysc 48040000.target-module: Failed to create device link (0x180) with supplier ocp for /ocp/interconnect@48000000/segment@0/target-module@40000/timer@0
[    0.849281] gpio-clk clk_mcasp0: using DT '/clk_mcasp0' for 'enable' GPIO lookup
[    0.849347] of_get_named_gpiod_flags: parsed 'enable-gpios' property of node '/clk_mcasp0[0]' - status (0)
[    0.849391] gpio gpiochip0: Persistence not supported for GPIO 27
[    0.850144] gpiochip_find_base_unlocked: found new base at 608
[    0.850252] gpio gpiochip3: (gpio-96-127): created GPIO range 0->7 ==> 44e10800.pinmux PIN 82->89
[    0.850272] gpio gpiochip3: (gpio-96-127): created GPIO range 8->11 ==> 44e10800.pinmux PIN 52->55
[    0.850288] gpio gpiochip3: (gpio-96-127): created GPIO range 12->15 ==> 44e10800.pinmux PIN 94->97
[    0.850304] gpio gpiochip3: (gpio-96-127): created GPIO range 16->17 ==> 44e10800.pinmux PIN 71->72
[    0.850320] gpio gpiochip3: (gpio-96-127): created GPIO range 18->18 ==> 44e10800.pinmux PIN 135->135
[    0.850336] gpio gpiochip3: (gpio-96-127): created GPIO range 19->20 ==> 44e10800.pinmux PIN 108->109
[    0.850353] gpio gpiochip3: (gpio-96-127): created GPIO range 21->21 ==> 44e10800.pinmux PIN 73->73
[    0.850370] gpio gpiochip3: (gpio-96-127): created GPIO range 22->23 ==> 44e10800.pinmux PIN 8->9
[    0.850387] gpio gpiochip3: (gpio-96-127): created GPIO range 26->27 ==> 44e10800.pinmux PIN 10->11
[    0.850404] gpio gpiochip3: (gpio-96-127): created GPIO range 28->28 ==> 44e10800.pinmux PIN 74->74
[    0.850422] gpio gpiochip3: (gpio-96-127): created GPIO range 29->29 ==> 44e10800.pinmux PIN 81->81
[    0.850440] gpio gpiochip3: (gpio-96-127): created GPIO range 30->31 ==> 44e10800.pinmux PIN 28->29
[    0.852469] gpio gpiochip3: (gpio-96-127): added GPIO chardev (254:3)
[    0.852718] gpio gpiochip3: registered GPIOs 608 to 639 on gpio-96-127
[    0.854669] omap8250 44e09000.serial: using DT '/ocp/interconnect@44c00000/segment@200000/target-module@9000/serial@0' for 'rs485-term' GPIO lookup
[    0.854742] of_get_named_gpiod_flags: can't parse 'rs485-term-gpios' property of node '/ocp/interconnect@44c00000/segment@200000/target-module@9000/serial@0[0]'
