Labgrid Console Logfile for main
Logfile started at 2025-01-16 08:51:01.512468
=== Log starts here ===
reading args
spl_load_image_fat_os: error reading image args, err - -1
reading u-boot.img
reading u-boot.img


U-Boot 2014.04-00014-g47880f5 (Apr 22 2014 - 13:23:54)

I2C:   ready
DRAM:  512 MiB
NAND:  0 MiB
MMC:   OMAP SD/MMC: 0, OMAP SD/MMC: 1
*** Warning - readenv() failed, using default environment

Net:   <ethaddr> not set. Validating first E-fuse MAC
cpsw, usb_ether
Hit any key to stop autoboot:  1  0 
gpio: pin 53 (gpio 53) value is 1
mmc0 is current device
gpio: pin 54 (gpio 54) value is 1
SD/MMC found on device 0
reading uEnv.txt
569 bytes read in 3 ms (184.6 KiB/s)
gpio: pin 55 (gpio 55) value is 1
Loaded environment from uEnv.txt
Importing environment from mmc ...
Checking if uenvcmd is set ...
gpio: pin 56 (gpio 56) value is 1
Running uenvcmd ...
cpsw Waiting for PHY auto negotiation to complete. done
link up on port 0, speed 100, full duplex
Using cpsw device
TFTP from server 192.168.255.126; our IP address is 192.168.255.1
Filename 'zImage'.
Load address: 0x81000000
Loading: *#################################################################
	 #################################################################
	 #################################################################
	 #################################################################
	 #################################################################
	 ######################################################
	 2.4 MiB/s
done
Bytes transferred = 5560648 (54d948 hex)
link up on port 0, speed 100, full duplex
Using cpsw device
TFTP from server 192.168.255.126; our IP address is 192.168.255.1
Filename 'am335x-boneblack.dtb'.
Load address: 0x82000000
Loading: *#######
	 1.5 MiB/s
done
Bytes transferred = 98244 (17fc4 hex)
Kernel image @ 0x81000000 [ 0x000000 - 0x54d948 ]
## Flattened Device Tree blob at 82000000
   Booting using the fdt blob at 0x82000000
   Using Device Tree in place at 82000000, end 8201afc3

Starting kernel ...

[    0.000000] Booting Linux on physical CPU 0x0
[    0.000000] Linux version 6.13.0-rc7-next-20250116 (user01@drvtest01) (arm-none-eabi-gcc (Arm GNU Toolchain 14.2.Rel1 (Build arm-14.52)) 14.2.1 20241119, GNU ld (Arm GNU Toolchain 14.2.Rel1 (Build arm-14.52)) 2.43.1.20241119) #1 SMP Thu Jan 16 08:49:42 EET 2025
[    0.000000] CPU: ARMv7 Processor [413fc082] revision 2 (ARMv7), cr=10c5387d
[    0.000000] CPU: PIPT / VIPT nonaliasing data cache, VIPT aliasing instruction cache
[    0.000000] OF: fdt: Machine model: TI AM335x BeagleBone Black
[    0.000000] Memory policy: Data cache writeback
[    0.000000] cma: Reserved 16 MiB at 0x9e800000 on node -1
[    0.000000] Zone ranges:
[    0.000000]   Normal   [mem 0x0000000080000000-0x000000009fdfffff]
[    0.000000]   HighMem  empty
[    0.000000] Movable zone start for each node
[    0.000000] Early memory node ranges
[    0.000000]   node   0: [mem 0x0000000080000000-0x000000009fdfffff]
[    0.000000] Initmem setup node 0 [mem 0x0000000080000000-0x000000009fdfffff]
[    0.000000] OF: reserved mem: Reserved memory: No reserved-memory node in the DT
[    0.000000] CPU: All CPU(s) started in SVC mode.
[    0.000000] AM335X ES2.1 (sgx neon)
[    0.000000] percpu: Embedded 17 pages/cpu s39628 r8192 d21812 u69632
[    0.000000] Kernel command line: console=ttyO0,115200n8 root=/dev/nfs rw nfsroot=192.168.255.126:/home/user01/nfs,nfsvers=3 ip=192.168.255.1:192.168.255.126::255.255.255.0:bbb1:eth0 nfsrootdebug
[    0.000000] Unknown kernel command line parameters "nfsrootdebug", will be passed to user space.
[    0.000000] printk: log buffer data + meta data: 65536 + 204800 = 270336 bytes
[    0.000000] Dentry cache hash table entries: 65536 (order: 6, 262144 bytes, linear)
[    0.000000] Inode-cache hash table entries: 32768 (order: 5, 131072 bytes, linear)
[    0.000000] Built 1 zonelists, mobility grouping on.  Total pages: 130560
[    0.000000] mem auto-init: stack:off, heap alloc:off, heap free:off
[    0.000000] ------------[ cut here ]------------
[    0.000000] WARNING: CPU: 0 PID: 0 at arch/arm/kernel/cacheinfo.c:43 cache_line_size+0x84/0x98
[    0.000000] Modules linked in:
[    0.000000] CPU: 0 UID: 0 PID: 0 Comm: swapper Not tainted 6.13.0-rc7-next-20250116 #1
[    0.000000] Hardware name: Generic AM33XX (Flattened Device Tree)
[    0.000000] Call trace: 
[    0.000000]  unwind_backtrace from show_stack+0x10/0x14
[    0.000000]  show_stack from dump_stack_lvl+0x50/0x64
[    0.000000]  dump_stack_lvl from __warn+0x74/0x12c
[    0.000000]  __warn from warn_slowpath_fmt+0x118/0x1b0
[    0.000000]  warn_slowpath_fmt from cache_line_size+0x84/0x98
[    0.000000]  cache_line_size from create_boot_cache+0x70/0xf8
[    0.000000]  create_boot_cache from kmem_cache_init+0x64/0x134
[    0.000000]  kmem_cache_init from mm_core_init+0xb4/0xec
[    0.000000]  mm_core_init from start_kernel+0x3b4/0x67c
[    0.000000]  start_kernel from 0x0
[    0.000000] ---[ end trace 0000000000000000 ]---
[    0.000000] SLUB: HWalign=64, Order=0-3, MinObjects=0, CPUs=1, Nodes=1
[    0.000000] rcu: Hierarchical RCU implementation.
[    0.000000] rcu: 	RCU event tracing is enabled.
[    0.000000] rcu: 	RCU restricting CPUs from NR_CPUS=2 to nr_cpu_ids=1.
[    0.000000] 	Tracing variant of Tasks RCU enabled.
[    0.000000] rcu: RCU calculated value of scheduler-enlistment delay is 10 jiffies.
[    0.000000] rcu: Adjusting geometry for rcu_fanout_leaf=16, nr_cpu_ids=1
[    0.000000] RCU Tasks Trace: Setting shift to 0 and lim to 1 rcu_task_cb_adjust=1 rcu_task_cpu_ids=1.
[    0.000000] NR_IRQS: 16, nr_irqs: 16, preallocated irqs: 16
[    0.000000] IRQ: Found an INTC at 0x(ptrval) (revision 5.0) with 128 interrupts
[    0.000000] rcu: srcu_init: Setting srcu_struct sizes based on contention.
[    0.000000] TI gptimer clocksource: always-on /ocp/interconnect@44c00000/segment@200000/target-module@31000
[    0.000003] sched_clock: 32 bits at 24MHz, resolution 41ns, wraps every 89478484971ns
[    0.000025] clocksource: dmtimer: mask: 0xffffffff max_cycles: 0xffffffff, max_idle_ns: 79635851949 ns
[    0.000504] TI gptimer clockevent: 24000000 Hz at /ocp/interconnect@48000000/segment@0/target-module@40000
[    0.002113] Console: colour dummy device 80x30
[    0.002188] WARNING: Your 'console=ttyO0' has been replaced by 'ttyS0'
[    0.002198] This ensures that you still see kernel messages. Please
[    0.002203] update your kernel commandline.
[    0.002242] Calibrating delay loop... 996.14 BogoMIPS (lpj=4980736)
[    0.090550] CPU: Testing write buffer coherency: ok
[    0.090655] CPU0: Spectre v2: using BPIALL workaround
[    0.090666] pid_max: default: 32768 minimum: 301
[    0.090793] LSM: initializing lsm=capability
[    0.090958] Mount-cache hash table entries: 1024 (order: 0, 4096 bytes, linear)
[    0.090977] Mountpoint-cache hash table entries: 1024 (order: 0, 4096 bytes, linear)
[    0.092580] CPU0: thread -1, cpu 0, socket -1, mpidr 0
[    0.150921] Setting up static identity map for 0x80100000 - 0x80100078
[    0.160714] rcu: Hierarchical SRCU implementation.
[    0.160726] rcu: 	Max phase no-delay instances is 1000.
[    0.180744] smp: Bringing up secondary CPUs ...
[    0.180798] smp: Brought up 1 node, 1 CPU
[    0.180813] SMP: Total of 1 processors activated (996.14 BogoMIPS).
[    0.180825] CPU: All CPU(s) started in SVC mode.
[    0.180998] Memory: 480808K/522240K available (11264K kernel code, 1214K rwdata, 2908K rodata, 1024K init, 291K bss, 23384K reserved, 16384K cma-reserved, 0K highmem)
[    0.181833] devtmpfs: initialized
[    0.198220] VFP support v0.3: implementor 41 architecture 3 part 30 variant c rev 3
[    0.198563] clocksource: jiffies: mask: 0xffffffff max_cycles: 0xffffffff, max_idle_ns: 19112604462750000 ns
[    0.198600] futex hash table entries: 256 (order: 2, 16384 bytes, linear)
[    0.199921] pinctrl core: initialized pinctrl subsystem
[    0.202861] NET: Registered PF_NETLINK/PF_ROUTE protocol family
[    0.205633] DMA: preallocated 256 KiB pool for atomic coherent allocations
[    0.206529] audit: initializing netlink subsys (disabled)
[    0.207879] thermal_sys: Registered thermal governor 'fair_share'
[    0.207897] thermal_sys: Registered thermal governor 'step_wise'
[    0.207907] thermal_sys: Registered thermal governor 'user_space'
[    0.208048] audit: type=2000 audit(0.200:1): state=initialized audit_enabled=0 res=1
[    0.208083] cpuidle: using governor menu
[    0.226082] /ocp/interconnect@44c00000/segment@200000/target-module@b000/i2c@0/tda19988@70: Fixed dependency cycle(s) with /ocp/interconnect@48000000/segment@300000/target-module@e000/lcdc@0
[    0.227212] /ocp/interconnect@48000000/segment@300000/target-module@e000/lcdc@0: Fixed dependency cycle(s) with /ocp/interconnect@44c00000/segment@200000/target-module@b000/i2c@0/tda19988@70
[    0.229381] No ATAGs?
[    0.229426] hw-breakpoint: debug architecture 0x4 unsupported.
[    0.232249] kprobes: kprobe jump-optimization is enabled. All kprobes are optimized if possible.
[    0.243844] iommu: Default domain type: Translated
[    0.243867] iommu: DMA domain TLB invalidation policy: strict mode
[    0.251635] SCSI subsystem initialized
[    0.252463] pps_core: LinuxPPS API ver. 1 registered
[    0.252473] pps_core: Software ver. 5.3.6 - Copyright 2005-2007 Rodolfo Giometti <giometti@linux.it>
[    0.252496] PTP clock support registered
[    0.260887] vgaarb: loaded
[    0.261241] clocksource: Switched to clocksource dmtimer
[    0.261901] VFS: Disk quotas dquot_6.6.0
[    0.261944] VFS: Dquot-cache hash table entries: 1024 (order 0, 4096 bytes)
[    0.285483] NET: Registered PF_INET protocol family
[    0.285827] IP idents hash table entries: 8192 (order: 4, 65536 bytes, linear)
[    0.287230] tcp_listen_portaddr_hash hash table entries: 512 (order: 0, 4096 bytes, linear)
[    0.287266] Table-perturb hash table entries: 65536 (order: 6, 262144 bytes, linear)
[    0.287284] TCP established hash table entries: 4096 (order: 2, 16384 bytes, linear)
[    0.287329] TCP bind hash table entries: 4096 (order: 4, 65536 bytes, linear)
[    0.287428] TCP: Hash tables configured (established 4096 bind 4096)
[    0.287546] UDP hash table entries: 256 (order: 1, 14336 bytes, linear)
[    0.287582] UDP-Lite hash table entries: 256 (order: 1, 14336 bytes, linear)
[    0.287763] NET: Registered PF_UNIX/PF_LOCAL protocol family
[    0.288990] RPC: Registered named UNIX socket transport module.
[    0.289011] RPC: Registered udp transport module.
[    0.289016] RPC: Registered tcp transport module.
[    0.289021] RPC: Registered tcp-with-tls transport module.
[    0.289026] RPC: Registered tcp NFSv4.1 backchannel transport module.
[    0.289050] PCI: CLS 0 bytes, default 64
[    0.290428] Initialise system trusted keyrings
[    0.301756] workingset: timestamp_bits=14 max_order=17 bucket_order=3
[    0.303057] NFS: Registering the id_resolver key type
[    0.303132] Key type id_resolver registered
[    0.303140] Key type id_legacy registered
[    0.303184] jffs2: version 2.2. (NAND) (SUMMARY)  Â© 2001-2006 Red Hat, Inc.
[    0.303581] Key type asymmetric registered
[    0.303595] Asymmetric key parser 'x509' registered
[    0.303660] io scheduler mq-deadline registered
[    0.303670] io scheduler kyber registered
[    0.303735] io scheduler bfq registered
[    0.305293] ledtrig-cpu: registered to indicate activity on CPUs
[    0.307979] Serial: 8250/16550 driver, 6 ports, IRQ sharing enabled
[    0.356370] brd: module loaded
[    0.374962] loop: module loaded
[    0.375862] mtdoops: mtd device (mtddev=name/number) must be supplied
[    0.378882] i2c_dev: i2c /dev entries driver
[    0.379816] cpuidle: enable-method property 'ti,am3352' found operations
[    0.380254] sdhci: Secure Digital Host Controller Interface driver
[    0.380262] sdhci: Copyright(c) Pierre Ossman
[    0.380441] sdhci-pltfm: SDHCI platform and OF driver helper
[    0.381574] Initializing XFRM netlink socket
[    0.381730] NET: Registered PF_INET6 protocol family
[    0.396978] Segment Routing with IPv6
[    0.397065] In-situ OAM (IOAM) with IPv6
[    0.397162] sit: IPv6, IPv4 and MPLS over IPv4 tunneling driver
[    0.398098] NET: Registered PF_PACKET protocol family
[    0.398133] NET: Registered PF_KEY protocol family
[    0.398262] Key type dns_resolver registered
[    0.398489] ThumbEE CPU extension supported.
[    0.398511] Registering SWP/SWPB emulation handler
[    0.399052] omap_voltage_late_init: Voltage driver support not added
[    0.399415] SmartReflex Class3 initialized
[    0.415860] Loading compiled-in X.509 certificates
[    0.459676] OF: /ocp: Read of boolean property 'clocks' with a value.
[    0.462987] /ocp/interconnect@44c00000/segment@200000/target-module@b000/i2c@0/tda19988@70: Fixed dependency cycle(s) with /ocp/interconnect@48000000/segment@300000/target-module@e000/lcdc@0
[    0.463962] OF: /ocp/interconnect@44c00000: Read of boolean property 'clocks' with a value.
[    0.469297] /ocp/interconnect@44c00000/segment@200000/target-module@b000/i2c@0/tda19988@70: Fixed dependency cycle(s) with /ocp/interconnect@48000000/segment@300000/target-module@e000/lcdc@0
[    0.496356] /ocp/interconnect@44c00000/segment@200000/target-module@b000/i2c@0/tda19988@70: Fixed dependency cycle(s) with /ocp/interconnect@48000000/segment@300000/target-module@e000/lcdc@0
[    0.497190] /ocp/interconnect@44c00000/segment@200000/target-module@b000/i2c@0/tda19988@70: Fixed dependency cycle(s) with /ocp/interconnect@48000000/segment@300000/target-module@e000/lcdc@0
[    0.500520] /ocp/interconnect@44c00000/segment@200000/target-module@10000/scm@0/pinmux@800: Fixed dependency cycle(s) with /ocp/interconnect@44c00000/segment@200000/target-module@10000/scm@0/pinmux@800/clkout2-pins
[    0.501099] pinctrl-single 44e10800.pinmux: 142 pins, size 568
[    0.506363] ti-sysc 44e31000.target-module: probe with driver ti-sysc failed with error -16
[    0.545455] /ocp/interconnect@48000000/segment@300000/target-module@e000/lcdc@0: Fixed dependency cycle(s) with /ocp/interconnect@44c00000/segment@200000/target-module@b000/i2c@0/tda19988@70
[    0.545775] OF: /ocp/interconnect@48000000: Read of boolean property 'clocks' with a value.
[    0.553391] ti-sysc 48040000.target-module: probe with driver ti-sysc failed with error -16
[    0.598285] OMAP GPIO hardware version 0.1
[    0.624591] omap_i2c 4819c000.i2c: bus 2 rev0.11 at 100 kHz
[    0.656222] 48000000.interconnect:segment@200000:target-module@0:mpu@0:fck: device ID is greater than 24
[    0.657108] /ocp/interconnect@48000000/segment@300000/target-module@e000/lcdc@0: Fixed dependency cycle(s) with /ocp/interconnect@44c00000/segment@200000/target-module@b000/i2c@0/tda19988@70
[    0.659801] /ocp/interconnect@48000000/segment@300000/target-module@e000/lcdc@0: Fixed dependency cycle(s) with /ocp/interconnect@44c00000/segment@200000/target-module@b000/i2c@0/tda19988@70
[    0.660484] /ocp/interconnect@44c00000/segment@200000/target-module@b000/i2c@0/tda19988@70: Fixed dependency cycle(s) with /ocp/interconnect@48000000/segment@300000/target-module@e000/lcdc@0
[    0.660634] /ocp/interconnect@48000000/segment@300000/target-module@e000/lcdc@0: Fixed dependency cycle(s) with /ocp/interconnect@44c00000/segment@200000/target-module@b000/i2c@0/tda19988@70
[    0.664952] OF: /ocp/interconnect@4a000000: Read of boolean property 'clocks' with a value.
[    0.671801] sdhci-omap 481d8000.mmc: supply pbias not found, using dummy regulator
[    0.672512] sdhci-omap 481d8000.mmc: supply vqmmc not found, using dummy regulator
[    0.728040] davinci_mdio 4a101000.mdio: davinci mdio revision 1.6, bus freq 1000000
[    0.883754] davinci_mdio 4a101000.mdio: phy[0]: device 4a101000.mdio:00, driver SMSC LAN8710/LAN8720
[    0.884524] cpsw-switch 4a100000.switch: initialized cpsw ale version 1.4
[    0.884546] cpsw-switch 4a100000.switch: ALE Table size 1024, Policers 0
[    0.884809] cpsw-switch 4a100000.switch: cpts: overflow check period 500 (jiffies)
[    0.884827] cpsw-switch 4a100000.switch: CPTS: ref_clk_freq:250000000 calc_mult:2147483648 calc_shift:29 error:0 nsec/sec
[    0.884940] cpsw-switch 4a100000.switch: Detected MACID = 6c:ec:eb:68:de:78
[    0.886691] cpsw-switch 4a100000.switch: initialized (regs 0x4a100000, pool size 256) hw_ver:0019010C 1.12 (0)
[    0.897514] debugfs: Directory '49000000.dma' with parent 'dmaengine' already present!
[    0.897556] edma 49000000.dma: TI EDMA DMA engine driver
[    0.927637] target-module@4b000000:target-module@140000:pmu@0:fck: device ID is greater than 24
[    0.943409] hw perfevents: enabled with armv7_cortex_a8 PMU driver, 5 (8000000f) counters available
[    0.950895] l3-aon- clkctrl:0000:0: failed to disable
[    0.971961] 44e09000.ser ial: ttyS0 at MMIO 0x44e09000 (irq = 34, base_baud = 3000000)  is a 8250
[    0.972054] printk: console [ttyS0] enabled
[     2.512228] tps65217-pmic: Failed to locate of_node [id: -1]
[    2.5
[    2.720377] mmc0: new high speed SDHC card at address 5048
[    2.727420] mmcblk0: mmc0:5048 SD16G 14.4 GiB
[    2.730983]  mmcblk0: p1 p2
[    2.739036] mmcblk0: p2 size 31221760 extends beyond EOD, truncated
[    2.740661] SMSC LAN8710/LAN8720 4a101000.mdio:00: attached PHY driver (mii_bus:phy_addr=4a101000.mdio:00, irq=POLL)
[    2.769967] mmc1: new high speed MMC card at address 0001
[    2.771458] mmcblk1: mmc1:0001 MMC04G 3.60 GiB
[    2.784199]  mmcblk1: p1 p2
[    2.785566] mmcblk1boot0: mmc1:0001 MMC04G 2.00 MiB
[    2.787603] mmcblk1boot1: mmc1:0001 MMC04G 2.00 MiB
[    2.789477] mmcblk1rpmb: mmc1:0001 MMC04G 128 KiB, chardev (250:0)
[    5.922031] cpsw-switch 4a100000.switch eth0: Link is Up - 100Mbps/Full - flow control off
[    5.961334] IP-Config: Complete:
[    5.961359]      device=eth0, hwaddr=6c:ec:eb:68:de:78, ipaddr=192.168.255.1, mask=255.255.255.0, gw=255.255.255.255
[    5.961383]      host=bbb1, domain=, nis-domain=(none)
[    5.961390]      bootserver=192.168.255.126, rootserver=192.168.255.126, rootpath=
[    5.961800] clk: Disabling unused clocks
[    5.962005] PM: genpd: Disabling unused power domains
[    5.962046] KTAP version 1
[    5.962051] 1..0
[    6.023742] VFS: Mounted root (nfs filesystem) on device 0:17.
[    6.024678] devtmpfs: mounted
[    6.026134] Freeing unused kernel image (initmem) memory: 1024K
[    6.026801] Run /sbin/init as init process
[    6.732281] systemd[1]: System time before build time, advancing clock.
[    8.221262] random: crng init done

Welcome to [1mDebian GNU/Linux 9 (stretch)[0m!

[    8.251698] systemd[1]: systemd 232 running in system mode. (+PAM +AUDIT +SELINUX +IMA +APPARMOR +SMACK +SYSVINIT +UTMP +LIBCRYPTSETUP +GCRYPT +GNUTLS +ACL +XZ +LZ4 +SECCOMP +BLKID +ELFUTILS +KMOD +IDN)
[    8.252433] systemd[1]: Detected architecture arm.
[    8.289071] systemd[1]: Set hostname to <arm>.
[    9.360482] systemd[1]: Listening on Journal Socket.
[[0;32m  OK  [0m] Listening on Journal Socket.
[[0;32m  OK  [0m] Reached target Swap.
[    9.381699] systemd[1]: Reached target Swap.
[[0;32m  OK  [0m] Listening on Journal Socket (/dev/log).
[    9.402207] systemd[1]: Listening on Journal Socket (/dev/log).
[[0;32m  OK  [0m] Listening on /dev/initctl Compatibility Named Pipe.
[    9.423288] systemd[1]: Listening on /dev/initctl Compatibility Named Pipe.
[[0;32m  OK  [0m] Created slice System Slice.
[    9.443019] systemd[1]: Created slice System Slice.
         Mounting Debug File System...
[    9.491846] systemd[1]: Mounting Debug File System...
         Starting Remount Root and Kernel File Systems...
[    9.513432] systemd[1]: Starting Remount Root and Kernel File Systems...
         Starting Create list of required stâ€¦ce nodes for the current kernel...
[[0;32m  OK  [0m] Reached target Remote File Systems.
[[0;32m  OK  [0m] Listening on Journal Audit Socket.
[[0;32m  OK  [0m] Created slice system-getty.slice.
[[0;32m  OK  [0m] Started Forward Password Requests to Wall Directory Watch.
[[0;32m  OK  [0m] Listening on Syslog Socket.
[[0;32m  OK  [0m] Listening on udev Kernel Socket.
         Mounting POSIX Message Queue File System...
[[0;32m  OK  [0m] Listening on udev Control Socket.
         Starting Journal Service...
[[0;32m  OK  [0m] Created slice system-serial\x2dgetty.slice.
[[0;32m  OK  [0m] Set up automount Arbitrary Executabâ€¦rmats File System Automount Point.
[[0;32m  OK  [0m] Created slice User and Session Slice.
[[0;32m  OK  [0m] Reached target Slices.
[[0;32m  OK  [0m] Started Dispatch Password Requests to Console Directory Watch.
[[0;32m  OK  [0m] Reached target Paths.
[[0;32m  OK  [0m] Reached target Encrypted Volumes.
         Starting Load Kernel Modules...
[[0;32m  OK  [0m] Mounted POSIX Message Queue File System.
[[0;32m  OK  [0m] Mounted Debug File System.
[[0;32m  OK  [0m] Started Remount Root and Kernel File Systems.
[[0;32m  OK  [0m] Started Create list of required staâ€¦vice nodes for the current kernel.
         Starting Create Static Device Nodes in /dev...
         Starting Load/Save Random Seed...
         Starting udev Coldplug all Devices...
[[0;32m  OK  [0m] Started Load Kernel Modules.
         Mounting Configuration File System...
         Starting Apply Kernel Variables...
[[0;32m  OK  [0m] Started Load/Save Random Seed.
[[0;32m  OK  [0m] Mounted Configuration File System.
[[0;32m  OK  [0m] Started Apply Kernel Variables.
[[0;32m  OK  [0m] Started Create Static Device Nodes in /dev.
[[0;32m  OK  [0m] Reached target Local File Systems (Pre).
[[0;32m  OK  [0m] Reached target Local File Systems.
         Starting Raise network interfaces...
         Starting udev Kernel Device Manager...
[[0;32m  OK  [0m] Started Journal Service.
         Starting Flush Journal to Persistent Storage...
[   11.551191] systemd-journald[86]: Received request to flush runtime journal from PID 1
[[0;32m  OK  [0m] Started Flush Journal to Persistent Storage.
         Starting Create Volatile Files and Directories...
[[0;32m  OK  [0m] Started udev Kernel Device Manager.
[[0;32m  OK  [0m] Started Create Volatile Files and Directories.
         Starting Network Time Synchronization...
         Starting Update UTMP about System Boot/Shutdown...
[[0;32m  OK  [0m] Started Update UTMP about System Boot/Shutdown.
[[0;32m  OK  [0m] Started udev Coldplug all Devices.
[[0;32m  OK  [0m] Started Network Time Synchronization.
[[0;32m  OK  [0m] Reached target System Time Synchronized.
[[0;32m  OK  [0m] Reached target System Initialization.
[[0;32m  OK  [0m] Started Daily Cleanup of Temporary Directories.
[   14.883447] remoteproc remoteproc0: wkup_m3 is available
[[0;32m  OK  [0m] Listening on Avahi mDNS/DNS-SD Stack Activation Socket.
[[0;32m  OK  [0m] Listening on D-Bus System Message Bus Socket.
[[0;32m  OK  [0m] Reached target Sockets.
[[0;32m  OK  [0m] Reached target Basic System.
         Starting LSB: Load kernel modules needed to enable cpufreq scaling...
[   15.308530] at24 2-0054: supply vcc not found, using dummy regulator
         Starting System Logging Service...
[   15.341969] tps6521x_pwrbutton tps65217-pwrbutton: DMA mask not set
[   15.360649] wkup_m3_ipc 44e11324.wkup_m3_ipc: IPC Request for A8->M3 Channel failed! -517
[   15.370818] omap_rtc 44e3e000.rtc: registered as rtc0
[   15.370897] omap_rtc 44e3e000.rtc: setting system clock to 2000-01-01T00:00:00 UTC (946684800)
[   15.386683] wkup_m3_ipc 44e11324.wkup_m3_ipc: IPC Request for A8->M3 Channel failed! -517
[   15.410672] at24 2-0055: supply vcc not found, using dummy regulator
[   15.463181] at24 2-0056: supply vcc not found, using dummy regulator
[   15.466468] input: tps65217_pwrbutton as /devices/platform/ocp/44c00000.interconnect/44c00000.interconnect:segment@200000/44e0b000.target-module/44e0b000.i2c/i2c-0/0-0024/tps65217-pwrbutton/input/input0
[   15.500884] wkup_m3_ipc 44e11324.wkup_m3_ipc: IPC Request for A8->M3 Channel failed! -517
[   15.518731] at24 2-0057: supply vcc not found, using dummy regulator
         Starting Cape Manager Service...
[   15.622496] at24 0-0050: 32768 byte 24c256 EEPROM, writable, 1 bytes/write
[   15.628197] wkup_m3_ipc 44e11324.wkup_m3_ipc: IPC Request for A8->M3 Channel failed! -517
[   15.643033] omap_wdt: OMAP Watchdog Timer Rev 0x01: initial timeout 60 sec
[   15.654213] wkup_m3_ipc 44e11324.wkup_m3_ipc: IPC Request for A8->M3 Channel failed! -517
[[0;32m  OK  [0m] Started Regular background program processing daemon.
[   16.280010] am335x-phy-driver 47401300.usb-phy: dummy supplies not allowed for exclusive requests (id=vbus)
         Starting DUN service...
[   16.306084] am335x-phy-driver 47401b00.usb-phy: dummy supplies not allowed for exclusive requests (id=vbus)
[   16.307252] wkup_m3_ipc 44e11324.wkup_m3_ipc: IPC Request for A8->M3 Channel failed! -517
[   16.332120] wkup_m3_ipc 44e11324.wkup_m3_ipc: IPC Request for A8->M3 Channel failed! -517
         Starting Generic Board Startup...
         Starting Avahi mDNS/DNS-SD Stack...[   16.668591] usbcore: registered new interface driver usbfs

[   16.668816] usbcore: registered new interface driver hub
[   16.668975] usbcore: registered new device driver usb
[[0;32m  OK  [0m] Started Daily apt download activities.
[[0;32m  OK  [0m] Started Daily apt upgrade and clean activities.
[[0;32m  OK  [0m] Reached target Timers.
[[0;32m  OK  [0m] Started D-Bus System Message Bus.
[   17.179084] omap-mailbox 480c8000.mailbox: omap mailbox rev 0x400
[   17.245603] remoteproc remoteproc0: powering up wkup_m3
[   17.514206] remoteproc remoteproc0: Direct firmware load for am335x-pm-firmware.elf failed with error -2
[   17.514269] remoteproc remoteproc0: request_firmware failed: -2
[   17.514284] wkup_m3_ipc 44e11324.wkup_m3_ipc: rproc_boot failed
[   17.709131] musb-hdrc musb-hdrc.1: MUSB HDRC host driver
[   17.709195] musb-hdrc musb-hdrc.1: new USB bus registered, assigned bus number 1
[   17.758557] tda998x 0-0070: found TDA19988
[   17.839135] usb usb1: New USB device found, idVendor=1d6b, idProduct=0002, bcdDevice= 6.13
[   17.839182] usb usb1: New USB device strings: Mfr=3, Product=2, SerialNumber=1
[   17.839195] usb usb1: Product: MUSB HDRC host driver
[   17.839204] usb usb1: Manufacturer: Linux 6.13.0-rc7-next-20250116 musb-hcd
[   17.839290] usb usb1: SerialNumber: musb-hdrc.1
[   17.914156] hub 1-0:1.0: USB hub found
[   17.918701] hub 1-0:1.0: 1 port detected
[   20.157276] omap_rng 48310000.rng: Random Number Generator ver. 20
[   20.221955] tilcdc 4830e000.lcdc: bound 0-0070 (ops tda998x_audio_codec_init [tda998x])
[   20.256736] [drm] Initialized tilcdc 1.0.0 for 4830e000.lcdc on minor 0
[   20.284493] tilcdc 4830e000.lcdc: [drm] Cannot find any crtc or sizes
[   20.352909] tilcdc 4830e000.lcdc: [drm] Cannot find any crtc or sizes
[   21.222928] PM: Cannot get wkup_m3_ipc handle
[   21.265210] omap-sham 53100000.sham: hw accel on OMAP rev 4.3
[[0;32m  OK  [0m] Started Avahi mDNS/DNS-SD Stack.
[   21.308426] omap-sham 53100000.sham: will run requests pump with realtime priority
[   21.309621] PM: Cannot get wkup_m3_ipc handle
[[0;32m  OK  [0m] Started DUN service.
         Starting Connection service...
         Starting Login Service...
[   21.649110] omap-aes 53500000.aes: OMAP AES hw accel rev: 3.2
         Starting Telephony service...
[   21.712060] omap-aes 53500000.aes: will run requests pump with realtime priority
[   21.716506] PM: Cannot get wkup_m3_ipc handle
         Starting LSB: Start busybox udhcpd at boot time...
[[0;32m  OK  [0m] Started System Logging Service.
[[0;32m  OK  [0m] Started Cape Manager Service.
[[0;32m  OK  [0m] Found device /dev/ttyS0.
[   24.577660] Bluetooth: Core ver 2.22
[   24.577873] NET: Registered PF_BLUETOOTH protocol family
[   24.577885] Bluetooth: HCI device and connection manager initialized
[   24.577913] Bluetooth: HCI socket layer initialized
[   24.577927] Bluetooth: L2CAP socket layer initialized
[   24.577962] Bluetooth: SCO socket layer initialized
[   25.455003] PM: Cannot get wkup_m3_ipc handle
[   25.455825] OF: /sound: Read of boolean property 'simple-audio-card,bitclock-master' with a value.
[   25.456032] OF: /sound: Read of boolean property 'simple-audio-card,frame-master' with a value.
[   25.538137] PM: Cannot get wkup_m3_ipc handle
[[0;32m  OK  [0m] Started Raise network interfaces.
[[0;32m  OK  [0m] Started LSB: Start busybox udhcpd at boot time.
[[0;32m  OK  [0m] Started LSB: Load kernel modules needed to enable cpufreq scaling.
[   28.280643] configfs-gadget.g_multi gadget.0: HOST MAC 1c:ba:8c:a2:ed:6c
[   28.280671] configfs-gadget.g_multi gadget.0: MAC 1c:ba:8c:a2:ed:70
[   28.281945] configfs-gadget.g_multi gadget.0: HOST MAC 1c:ba:8c:a2:ed:6c
[   28.281975] configfs-gadget.g_multi gadget.0: MAC 1c:ba:8c:a2:ed:6d
[   28.314194] PM: Cannot get wkup_m3_ipc handle
[[0;32m  OK  [0m] Started Telephony service.
[[0;32m  OK  [0m] Started Connection service.
[[0;32m  OK  [0m] Started Login Service.
[[0;32m  OK  [0m] Reached target Sound Card.
         Starting LSB: set CPUFreq kernel parameters...
[[0;32m  OK  [0m] Reached target Network.
         Starting Permit User Sessions...
         Starting The Apache HTTP Server...
         Starting OpenBSD Secure Shell server...
[[0;32m  OK  [0m] Reached target Network is Online.
         Starting LSB: Advanced IEEE 802.11 management daemon...
[[0;32m  OK  [0m] Started Permit User Sessions.
[[0;32m  OK  [0m] Started LSB: Advanced IEEE 802.11 management daemon.
         Starting Hostname Service...
         Starting WPA supplicant...
[[0;32m  OK  [0m] Started Getty on tty1.
[[0;32m  OK  [0m] Started Serial Getty on ttyS0.
[[0;32m  OK  [0m] Reached target Login Prompts.
[[0;32m  OK  [0m] Started LSB: set CPUFreq kernel parameters.
[[0;32m  OK  [0m] Started WPA supplicant.
         Stopping LSB: Start busybox udhcpd at boot time...
[[0;32m  OK  [0m] Started Hostname Service.
[[0;32m  OK  [0m] Started OpenBSD Secure Shell server.
[[0;32m  OK  [0m] Stopped LSB: Start busybox udhcpd at boot time.
         Starting dnsmasq - A lightweight DHCP and caching DNS server...
[[0;32m  OK  [0m] Started The Apache HTTP Server.
[[0;32m  OK  [0m] Started dnsmasq - A lightweight DHCP and caching DNS server.
[[0;32m  OK  [0m] Reached target Host and Network Name Lookups.
[[0;32m  OK  [0m] Started Serial Getty on ttyGS0.
[[0;32m  OK  [0m] Started Generic Board Startup.
[[0;32m  OK  [0m] Reached target Multi-User System.
[[0;32m  OK  [0m] Reached target Graphical Interface.
         Starting Update UTMP about System Runlevel Changes...
[[0;32m  OK  [0m] Started Update UTMP about System Runlevel Changes.

Debian GNU/Linux 9 arm ttyS0

default username:password is [debian:temppwd]

arm login: root
Password: 
Last login: Sat Jan  1 00:00:33 UTC 2000 on ttyS0
root
Linux arm 6.13.0-rc7-next-20250116 #1 SMP Thu Jan 16 08:49:42 EET 2025 armv7l

The programs included with the Debian GNU/Linux system are free software;
the exact distribution terms for each program are described in the
individual files in /usr/share/doc/*/copyright.

Debian GNU/Linux comes with ABSOLUTELY NO WARRANTY, to the extent
permitted by applicable law.
root@arm:~# root
-bash: root: command not found
root@arm:~# dmesg -n 1
root@arm:~# echo 'TYCG''WMNJML'
TYCGWMNJML
root@arm:~# run() { echo -n "$MARKER"; sh -c "$@"; echo "$MARKER $?"; }
root@arm:~# echo 'ACWM''TZLLXN'
ACWMTZLLXN
root@arm:~# MARKER='UWVX''WEGAUE' run 'cat /proc/version'
UWVXWEGAUELinux version 6.13.0-rc7-next-20250116 (user01@drvtest01) (arm-none-eabi-gcc (Arm GNU Toolchain 14.2.Rel1 (Build arm-14.52)) 14.2.1 20241119, GNU ld (Arm GNU Toolchain 14.2.Rel1 (Build arm-14.52)) 2.43.1.20241119) #1 SMP Thu Jan 16 08:49:42 EET 2025
UWVXWEGAUE 0
root@arm:~# echo 'QZBN''XQPELF'
QZBNXQPELF
root@arm:~# MARKER='EKYK''HWZFTW' run false
EKYKHWZFTWEKYKHWZFTW 1
root@arm:~# Labgrid Console Logfile for main
Logfile started at 2025-01-16 08:52:09.265330
=== Log starts here ===

root@arm:~# run() { echo -n "$MARKER"; sh -c "$@"; echo "$MARKER $?"; }
root@arm:~# echo 'KZXU''NQJNKT'
KZXUNQJNKT
root@arm:~# MARKER='NXWU''SQWCNB' run 'ls /iio_generic_buffer; echo $?'
NXWUSQWCNB/iio_generic_buffer
0
NXWUSQWCNB 0
root@arm:~# Labgrid Console Logfile for main
Logfile started at 2025-01-16 08:52:12.703352
=== Log starts here ===

root@arm:~# run() { echo -n "$MARKER"; sh -c "$@"; echo "$MARKER $?"; }
root@arm:~# echo 'HUVF''MCUSGZ'
HUVFMCUSGZ
root@arm:~# MARKER='JLKY''MSXJJJ' run dmesg
JLKYMSXJJJ[    0.000000] Booting Linux on physical CPU 0x0
[    0.000000] Linux version 6.13.0-rc7-next-20250116 (user01@drvtest01) (arm-none-eabi-gcc (Arm GNU Toolchain 14.2.Rel1 (Build arm-14.52)) 14.2.1 20241119, GNU ld (Arm GNU Toolchain 14.2.Rel1 (Build arm-14.52)) 2.43.1.20241119) #1 SMP Thu Jan 16 08:49:42 EET 2025
[    0.000000] CPU: ARMv7 Processor [413fc082] revision 2 (ARMv7), cr=10c5387d
[    0.000000] CPU: PIPT / VIPT nonaliasing data cache, VIPT aliasing instruction cache
[    0.000000] OF: fdt: Machine model: TI AM335x BeagleBone Black
[    0.000000] Memory policy: Data cache writeback
[    0.000000] cma: Reserved 16 MiB at 0x9e800000 on node -1
[    0.000000] Zone ranges:
[    0.000000]   Normal   [mem 0x0000000080000000-0x000000009fdfffff]
[    0.000000]   HighMem  empty
[    0.000000] Movable zone start for each node
[    0.000000] Early memory node ranges
[    0.000000]   node   0: [mem 0x0000000080000000-0x000000009fdfffff]
[    0.000000] Initmem setup node 0 [mem 0x0000000080000000-0x000000009fdfffff]
[    0.000000] OF: reserved mem: Reserved memory: No reserved-memory node in the DT
[    0.000000] CPU: All CPU(s) started in SVC mode.
[    0.000000] AM335X ES2.1 (sgx neon)
[    0.000000] percpu: Embedded 17 pages/cpu s39628 r8192 d21812 u69632
[    0.000000] pcpu-alloc: s39628 r8192 d21812 u69632 alloc=17*4096
[    0.000000] pcpu-alloc: [0] 0 
[    0.000000] Kernel command line: console=ttyO0,115200n8 root=/dev/nfs rw nfsroot=192.168.255.126:/home/user01/nfs,nfsvers=3 ip=192.168.255.1:192.168.255.126::255.255.255.0:bbb1:eth0 nfsrootdebug
[    0.000000] Unknown kernel command line parameters "nfsrootdebug", will be passed to user space.
[    0.000000] printk: log buffer data + meta data: 65536 + 204800 = 270336 bytes
[    0.000000] Dentry cache hash table entries: 65536 (order: 6, 262144 bytes, linear)
[    0.000000] Inode-cache hash table entries: 32768 (order: 5, 131072 bytes, linear)
[    0.000000] Built 1 zonelists, mobility grouping on.  Total pages: 130560
[    0.000000] mem auto-init: stack:off, heap alloc:off, heap free:off
[    0.000000] ------------[ cut here ]------------
[    0.000000] WARNING: CPU: 0 PID: 0 at arch/arm/kernel/cacheinfo.c:43 cache_line_size+0x84/0x98
[    0.000000] Modules linked in:
[    0.000000] CPU: 0 UID: 0 PID: 0 Comm: swapper Not tainted 6.13.0-rc7-next-20250116 #1
[    0.000000] Hardware name: Generic AM33XX (Flattened Device Tree)
[    0.000000] Call trace: 
[    0.000000]  unwind_backtrace from show_stack+0x10/0x14
[    0.000000]  show_stack from dump_stack_lvl+0x50/0x64
[    0.000000]  dump_stack_lvl from __warn+0x74/0x12c
[    0.000000]  __warn from warn_slowpath_fmt+0x118/0x1b0
[    0.000000]  warn_slowpath_fmt from cache_line_size+0x84/0x98
[    0.000000]  cache_line_size from create_boot_cache+0x70/0xf8
[    0.000000]  create_boot_cache from kmem_cache_init+0x64/0x134
[    0.000000]  kmem_cache_init from mm_core_init+0xb4/0xec
[    0.000000]  mm_core_init from start_kernel+0x3b4/0x67c
[    0.000000]  start_kernel from 0x0
[    0.000000] ---[ end trace 0000000000000000 ]---
[    0.000000] SLUB: HWalign=64, Order=0-3, MinObjects=0, CPUs=1, Nodes=1
[    0.000000] rcu: Hierarchical RCU implementation.
[    0.000000] rcu: 	RCU event tracing is enabled.
[    0.000000] rcu: 	RCU restricting CPUs from NR_CPUS=2 to nr_cpu_ids=1.
[    0.000000] 	Tracing variant of Tasks RCU enabled.
[    0.000000] rcu: RCU calculated value of scheduler-enlistment delay is 10 jiffies.
[    0.000000] rcu: Adjusting geometry for rcu_fanout_leaf=16, nr_cpu_ids=1
[    0.000000] RCU Tasks Trace: Setting shift to 0 and lim to 1 rcu_task_cb_adjust=1 rcu_task_cpu_ids=1.
[    0.000000] NR_IRQS: 16, nr_irqs: 16, preallocated irqs: 16
[    0.000000] IRQ: Found an INTC at 0x(ptrval) (revision 5.0) with 128 interrupts
[    0.000000] rcu: srcu_init: Setting srcu_struct sizes based on contention.
[    0.000000] TI gptimer clocksource: always-on /ocp/interconnect@44c00000/segment@200000/target-module@31000
[    0.000003] sched_clock: 32 bits at 24MHz, resolution 41ns, wraps every 89478484971ns
[    0.000025] clocksource: dmtimer: mask: 0xffffffff max_cycles: 0xffffffff, max_idle_ns: 79635851949 ns
[    0.000504] TI gptimer clockevent: 24000000 Hz at /ocp/interconnect@48000000/segment@0/target-module@40000
[    0.002113] Console: colour dummy device 80x30
[    0.002188] WARNING: Your 'console=ttyO0' has been replaced by 'ttyS0'
[    0.002198] This ensures that you still see kernel messages. Please
[    0.002203] update your kernel commandline.
[    0.002242] Calibrating delay loop... 996.14 BogoMIPS (lpj=4980736)
[    0.090550] CPU: Testing write buffer coherency: ok
[    0.090655] CPU0: Spectre v2: using BPIALL workaround
[    0.090666] pid_max: default: 32768 minimum: 301
[    0.090793] LSM: initializing lsm=capability
[    0.090958] Mount-cache hash table entries: 1024 (order: 0, 4096 bytes, linear)
[    0.090977] Mountpoint-cache hash table entries: 1024 (order: 0, 4096 bytes, linear)
[    0.092580] CPU0: thread -1, cpu 0, socket -1, mpidr 0
[    0.150921] Setting up static identity map for 0x80100000 - 0x80100078
[    0.160714] rcu: Hierarchical SRCU implementation.
[    0.160726] rcu: 	Max phase no-delay instances is 1000.
[    0.180744] smp: Bringing up secondary CPUs ...
[    0.180798] smp: Brought up 1 node, 1 CPU
[    0.180813] SMP: Total of 1 processors activated (996.14 BogoMIPS).
[    0.180825] CPU: All CPU(s) started in SVC mode.
[    0.180998] Memory: 480808K/522240K available (11264K kernel code, 1214K rwdata, 2908K rodata, 1024K init, 291K bss, 23384K reserved, 16384K cma-reserved, 0K highmem)
[    0.181833] devtmpfs: initialized
[    0.198220] VFP support v0.3: implementor 41 architecture 3 part 30 variant c rev 3
[    0.198563] clocksource: jiffies: mask: 0xffffffff max_cycles: 0xffffffff, max_idle_ns: 19112604462750000 ns
[    0.198600] futex hash table entries: 256 (order: 2, 16384 bytes, linear)
[    0.199921] pinctrl core: initialized pinctrl subsystem
[    0.202861] NET: Registered PF_NETLINK/PF_ROUTE protocol family
[    0.205633] DMA: preallocated 256 KiB pool for atomic coherent allocations
[    0.206529] audit: initializing netlink subsys (disabled)
[    0.207879] thermal_sys: Registered thermal governor 'fair_share'
[    0.207897] thermal_sys: Registered thermal governor 'step_wise'
[    0.207907] thermal_sys: Registered thermal governor 'user_space'
[    0.208048] audit: type=2000 audit(0.200:1): state=initialized audit_enabled=0 res=1
[    0.208083] cpuidle: using governor menu
[    0.226082] /ocp/interconnect@44c00000/segment@200000/target-module@b000/i2c@0/tda19988@70: Fixed dependency cycle(s) with /ocp/interconnect@48000000/segment@300000/target-module@e000/lcdc@0
[    0.227212] /ocp/interconnect@48000000/segment@300000/target-module@e000/lcdc@0: Fixed dependency cycle(s) with /ocp/interconnect@44c00000/segment@200000/target-module@b000/i2c@0/tda19988@70
[    0.229381] No ATAGs?
[    0.229426] hw-breakpoint: debug architecture 0x4 unsupported.
[    0.232249] kprobes: kprobe jump-optimization is enabled. All kprobes are optimized if possible.
[    0.243844] iommu: Default domain type: Translated
[    0.243867] iommu: DMA domain TLB invalidation policy: strict mode
[    0.245439] reg-fixed-voltage fixedregulator0: using DT '/fixedregulator0' for '(default)' GPIO lookup
[    0.245494] of_get_named_gpiod_flags: can't parse 'gpios' property of node '/fixedregulator0[0]'
[    0.245523] of_get_named_gpiod_flags: can't parse 'gpio' property of node '/fixedregulator0[0]'
[    0.245541] reg-fixed-voltage fixedregulator0: using lookup tables for GPIO lookup
[    0.245551] reg-fixed-voltage fixedregulator0: No GPIO consumer (default) found
[    0.251635] SCSI subsystem initialized
[    0.252110] libata version 3.00 loaded.
[    0.252463] pps_core: LinuxPPS API ver. 1 registered
[    0.252473] pps_core: Software ver. 5.3.6 - Copyright 2005-2007 Rodolfo Giometti <giometti@linux.it>
[    0.252496] PTP clock support registered
[    0.260887] vgaarb: loaded
[    0.261241] clocksource: Switched to clocksource dmtimer
[    0.261901] VFS: Disk quotas dquot_6.6.0
[    0.261944] VFS: Dquot-cache hash table entries: 1024 (order 0, 4096 bytes)
[    0.285483] NET: Registered PF_INET protocol family
[    0.285827] IP idents hash table entries: 8192 (order: 4, 65536 bytes, linear)
[    0.287230] tcp_listen_portaddr_hash hash table entries: 512 (order: 0, 4096 bytes, linear)
[    0.287266] Table-perturb hash table entries: 65536 (order: 6, 262144 bytes, linear)
[    0.287284] TCP established hash table entries: 4096 (order: 2, 16384 bytes, linear)
[    0.287329] TCP bind hash table entries: 4096 (order: 4, 65536 bytes, linear)
[    0.287428] TCP: Hash tables configured (established 4096 bind 4096)
[    0.287546] UDP hash table entries: 256 (order: 1, 14336 bytes, linear)
[    0.287582] UDP-Lite hash table entries: 256 (order: 1, 14336 bytes, linear)
[    0.287763] NET: Registered PF_UNIX/PF_LOCAL protocol family
[    0.288990] RPC: Registered named UNIX socket transport module.
[    0.289011] RPC: Registered udp transport module.
[    0.289016] RPC: Registered tcp transport module.
[    0.289021] RPC: Registered tcp-with-tls transport module.
[    0.289026] RPC: Registered tcp NFSv4.1 backchannel transport module.
[    0.289050] PCI: CLS 0 bytes, default 64
[    0.290428] Initialise system trusted keyrings
[    0.301756] workingset: timestamp_bits=14 max_order=17 bucket_order=3
[    0.303057] NFS: Registering the id_resolver key type
[    0.303132] Key type id_resolver registered
[    0.303140] Key type id_legacy registered
[    0.303184] jffs2: version 2.2. (NAND) (SUMMARY)  Â© 2001-2006 Red Hat, Inc.
[    0.303581] Key type asymmetric registered
[    0.303595] Asymmetric key parser 'x509' registered
[    0.303660] io scheduler mq-deadline registered
[    0.303670] io scheduler kyber registered
[    0.303735] io scheduler bfq registered
[    0.305293] ledtrig-cpu: registered to indicate activity on CPUs
[    0.307979] Serial: 8250/16550 driver, 6 ports, IRQ sharing enabled
[    0.356370] brd: module loaded
[    0.374962] loop: module loaded
[    0.375862] mtdoops: mtd device (mtddev=name/number) must be supplied
[    0.377535] mdio_bus fixed-0: using lookup tables for GPIO lookup
[    0.377558] mdio_bus fixed-0: No GPIO consumer reset found
[    0.378882] i2c_dev: i2c /dev entries driver
[    0.379816] cpuidle: enable-method property 'ti,am3352' found operations
[    0.380254] sdhci: Secure Digital Host Controller Interface driver
[    0.380262] sdhci: Copyright(c) Pierre Ossman
[    0.380441] sdhci-pltfm: SDHCI platform and OF driver helper
[    0.381574] Initializing XFRM netlink socket
[    0.381730] NET: Registered PF_INET6 protocol family
[    0.396978] Segment Routing with IPv6
[    0.397065] In-situ OAM (IOAM) with IPv6
[    0.397162] sit: IPv6, IPv4 and MPLS over IPv4 tunneling driver
[    0.398098] NET: Registered PF_PACKET protocol family
[    0.398133] NET: Registered PF_KEY protocol family
[    0.398262] Key type dns_resolver registered
[    0.398489] ThumbEE CPU extension supported.
[    0.398511] Registering SWP/SWPB emulation handler
[    0.399052] omap_voltage_late_init: Voltage driver support not added
[    0.399415] SmartReflex Class3 initialized
[    0.415860] Loading compiled-in X.509 certificates
[    0.459676] OF: /ocp: Read of boolean property 'clocks' with a value.
[    0.462987] /ocp/interconnect@44c00000/segment@200000/target-module@b000/i2c@0/tda19988@70: Fixed dependency cycle(s) with /ocp/interconnect@48000000/segment@300000/target-module@e000/lcdc@0
[    0.463962] OF: /ocp/interconnect@44c00000: Read of boolean property 'clocks' with a value.
[    0.469297] /ocp/interconnect@44c00000/segment@200000/target-module@b000/i2c@0/tda19988@70: Fixed dependency cycle(s) with /ocp/interconnect@48000000/segment@300000/target-module@e000/lcdc@0
[    0.474958] gpiochip_find_base_unlocked: found new base at 512
[    0.496356] /ocp/interconnect@44c00000/segment@200000/target-module@b000/i2c@0/tda19988@70: Fixed dependency cycle(s) with /ocp/interconnect@48000000/segment@300000/target-module@e000/lcdc@0
[    0.497190] /ocp/interconnect@44c00000/segment@200000/target-module@b000/i2c@0/tda19988@70: Fixed dependency cycle(s) with /ocp/interconnect@48000000/segment@300000/target-module@e000/lcdc@0
[    0.500520] /ocp/interconnect@44c00000/segment@200000/target-module@10000/scm@0/pinmux@800: Fixed dependency cycle(s) with /ocp/interconnect@44c00000/segment@200000/target-module@10000/scm@0/pinmux@800/clkout2-pins
[    0.501099] pinctrl-single 44e10800.pinmux: 142 pins, size 568
[    0.506363] ti-sysc 44e31000.target-module: probe with driver ti-sysc failed with error -16
[    0.545455] /ocp/interconnect@48000000/segment@300000/target-module@e000/lcdc@0: Fixed dependency cycle(s) with /ocp/interconnect@44c00000/segment@200000/target-module@b000/i2c@0/tda19988@70
[    0.545775] OF: /ocp/interconnect@48000000: Read of boolean property 'clocks' with a value.
[    0.553391] ti-sysc 48040000.target-module: probe with driver ti-sysc failed with error -16
[    0.564444] gpiochip_find_base_unlocked: found new base at 512
[    0.564543] gpio gpiochip0: (gpio-0-31): created GPIO range 0->7 ==> 44e10800.pinmux PIN 0->7
[    0.564561] gpio gpiochip0: (gpio-0-31): created GPIO range 8->11 ==> 44e10800.pinmux PIN 90->93
[    0.564577] gpio gpiochip0: (gpio-0-31): created GPIO range 12->27 ==> 44e10800.pinmux PIN 12->27
[    0.564592] gpio gpiochip0: (gpio-0-31): created GPIO range 28->31 ==> 44e10800.pinmux PIN 30->33
[    0.598049] gpio gpiochip0: (gpio-0-31): added GPIO chardev (254:0)
[    0.598200] gpio gpiochip0: registered GPIOs 512 to 543 on gpio-0-31
[    0.598285] OMAP GPIO hardware version 0.1
[    0.623490] i2c i2c-2: using DT '/ocp/interconnect@48000000/segment@100000/target-module@9c000/i2c@0' for 'scl' GPIO lookup
[    0.623563] of_get_named_gpiod_flags: can't parse 'scl-gpios' property of node '/ocp/interconnect@48000000/segment@100000/target-module@9c000/i2c@0[0]'
[    0.623605] of_get_named_gpiod_flags: can't parse 'scl-gpio' property of node '/ocp/interconnect@48000000/segment@100000/target-module@9c000/i2c@0[0]'
[    0.623641] i2c i2c-2: using lookup tables for GPIO lookup
[    0.623650] i2c i2c-2: No GPIO consumer scl found
[    0.623671] i2c i2c-2: using DT '/ocp/interconnect@48000000/segment@100000/target-module@9c000/i2c@0' for 'sda' GPIO lookup
[    0.623706] of_get_named_gpiod_flags: can't parse 'sda-gpios' property of node '/ocp/interconnect@48000000/segment@100000/target-module@9c000/i2c@0[0]'
[    0.623742] of_get_named_gpiod_flags: can't parse 'sda-gpio' property of node '/ocp/interconnect@48000000/segment@100000/target-module@9c000/i2c@0[0]'
[    0.623773] i2c i2c-2: using lookup tables for GPIO lookup
[    0.623781] i2c i2c-2: No GPIO consumer sda found
[    0.624591] omap_i2c 4819c000.i2c: bus 2 rev0.11 at 100 kHz
[    0.629856] gpiochip_find_base_unlocked: found new base at 544
[    0.629953] gpio gpiochip1: (gpio-32-63): created GPIO range 0->17 ==> 44e10800.pinmux PIN 34->51
[    0.629972] gpio gpiochip1: (gpio-32-63): created GPIO range 18->21 ==> 44e10800.pinmux PIN 77->80
[    0.629988] gpio gpiochip1: (gpio-32-63): created GPIO range 22->31 ==> 44e10800.pinmux PIN 56->65
[    0.646222] gpio gpiochip1: (gpio-32-63): added GPIO chardev (254:1)
[    0.646382] gpio gpiochip1: registered GPIOs 544 to 575 on gpio-32-63
[    0.648635] gpiochip_find_base_unlocked: found new base at 576
[    0.648731] gpio gpiochip2: (gpio-64-95): created GPIO range 0->4 ==> 44e10800.pinmux PIN 66->70
[    0.648751] gpio gpiochip2: (gpio-64-95): created GPIO range 5->6 ==> 44e10800.pinmux PIN 98->99
[    0.648766] gpio gpiochip2: (gpio-64-95): created GPIO range 7->8 ==> 44e10800.pinmux PIN 75->76
[    0.648781] gpio gpiochip2: (gpio-64-95): created GPIO range 13->13 ==> 44e10800.pinmux PIN 141->141
[    0.648797] gpio gpiochip2: (gpio-64-95): created GPIO range 14->21 ==> 44e10800.pinmux PIN 100->107
[    0.650397] gpio gpiochip2: (gpio-64-95): added GPIO chardev (254:2)
[    0.650562] gpio gpiochip2: registered GPIOs 576 to 607 on gpio-64-95
[    0.656222] 48000000.interconnect:segment@200000:target-module@0:mpu@0:fck: device ID is greater than 24
[    0.657108] /ocp/interconnect@48000000/segment@300000/target-module@e000/lcdc@0: Fixed dependency cycle(s) with /ocp/interconnect@44c00000/segment@200000/target-module@b000/i2c@0/tda19988@70
[    0.659801] /ocp/interconnect@48000000/segment@300000/target-module@e000/lcdc@0: Fixed dependency cycle(s) with /ocp/interconnect@44c00000/segment@200000/target-module@b000/i2c@0/tda19988@70
[    0.660484] /ocp/interconnect@44c00000/segment@200000/target-module@b000/i2c@0/tda19988@70: Fixed dependency cycle(s) with /ocp/interconnect@48000000/segment@300000/target-module@e000/lcdc@0
[    0.660634] /ocp/interconnect@48000000/segment@300000/target-module@e000/lcdc@0: Fixed dependency cycle(s) with /ocp/interconnect@44c00000/segment@200000/target-module@b000/i2c@0/tda19988@70
[    0.664952] OF: /ocp/interconnect@4a000000: Read of boolean property 'clocks' with a value.
[    0.670136] mdio_bus 4a101000.mdio: using DT '/ocp/interconnect@4a000000/segment@0/target-module@100000/switch@0/mdio@1000' for 'reset' GPIO lookup
[    0.670208] of_get_named_gpiod_flags: can't parse 'reset-gpios' property of node '/ocp/interconnect@4a000000/segment@0/target-module@100000/switch@0/mdio@1000[0]'
[    0.670254] of_get_named_gpiod_flags: can't parse 'reset-gpio' property of node '/ocp/interconnect@4a000000/segment@0/target-module@100000/switch@0/mdio@1000[0]'
[    0.670300] mdio_bus 4a101000.mdio: using lookup tables for GPIO lookup
[    0.670309] mdio_bus 4a101000.mdio: No GPIO consumer reset found
[    0.671458] sdhci-omap 481d8000.mmc: using DT '/ocp/interconnect@48000000/segment@100000/target-module@d8000/mmc@0' for 'wp' GPIO lookup
[    0.671519] of_get_named_gpiod_flags: can't parse 'wp-gpios' property of node '/ocp/interconnect@48000000/segment@100000/target-module@d8000/mmc@0[0]'
[    0.671562] of_get_named_gpiod_flags: can't parse 'wp-gpio' property of node '/ocp/interconnect@48000000/segment@100000/target-module@d8000/mmc@0[0]'
[    0.671596] sdhci-omap 481d8000.mmc: using lookup tables for GPIO lookup
[    0.671605] sdhci-omap 481d8000.mmc: No GPIO consumer wp found
[    0.671801] sdhci-omap 481d8000.mmc: supply pbias not found, using dummy regulator
[    0.672512] sdhci-omap 481d8000.mmc: supply vqmmc not found, using dummy regulator
[    0.728040] davinci_mdio 4a101000.mdio: davinci mdio revision 1.6, bus freq 1000000
[    0.749838] mdio_bus 4a101000.mdio:00: using DT '/ocp/interconnect@4a000000/segment@0/target-module@100000/switch@0/mdio@1000/ethernet-phy@0' for 'reset' GPIO lookup
[    0.749937] of_get_named_gpiod_flags: parsed 'reset-gpios' property of node '/ocp/interconnect@4a000000/segment@0/target-module@100000/switch@0/mdio@1000/ethernet-phy@0[0]' - status (0)
[    0.750097] gpio gpiochip0: Persistence not supported for GPIO 8
[    0.883754] davinci_mdio 4a101000.mdio: phy[0]: device 4a101000.mdio:00, driver SMSC LAN8710/LAN8720
[    0.884524] cpsw-switch 4a100000.switch: initialized cpsw ale version 1.4
[    0.884546] cpsw-switch 4a100000.switch: ALE Table size 1024, Policers 0
[    0.884809] cpsw-switch 4a100000.switch: cpts: overflow check period 500 (jiffies)
[    0.884827] cpsw-switch 4a100000.switch: CPTS: ref_clk_freq:250000000 calc_mult:2147483648 calc_shift:29 error:0 nsec/sec
[    0.884940] cpsw-switch 4a100000.switch: Detected MACID = 6c:ec:eb:68:de:78
[    0.886691] cpsw-switch 4a100000.switch: initialized (regs 0x4a100000, pool size 256) hw_ver:0019010C 1.12 (0)
[    0.897514] debugfs: Directory '49000000.dma' with parent 'dmaengine' already present!
[    0.897556] edma 49000000.dma: TI EDMA DMA engine driver
[    0.927637] target-module@4b000000:target-module@140000:pmu@0:fck: device ID is greater than 24
[    0.943409] hw perfevents: enabled with armv7_cortex_a8 PMU driver, 5 (8000000f) counters available
[    0.944324] gpio-clk clk_mcasp0: using DT '/clk_mcasp0' for 'enable' GPIO lookup
[    0.944397] of_get_named_gpiod_flags: parsed 'enable-gpios' property of node '/clk_mcasp0[0]' - status (0)
[    0.944442] gpio gpiochip0: Persistence not supported for GPIO 27
[    0.945269] gpiochip_find_base_unlocked: found new base at 608
[    0.945374] gpio gpiochip3: (gpio-96-127): created GPIO range 0->7 ==> 44e10800.pinmux PIN 82->89
[    0.945394] gpio gpiochip3: (gpio-96-127): created GPIO range 8->11 ==> 44e10800.pinmux PIN 52->55
[    0.945410] gpio gpiochip3: (gpio-96-127): created GPIO range 12->15 ==> 44e10800.pinmux PIN 94->97
[    0.945427] gpio gpiochip3: (gpio-96-127): created GPIO range 16->17 ==> 44e10800.pinmux PIN 71->72
[    0.945443] gpio gpiochip3: (gpio-96-127): created GPIO range 18->18 ==> 44e10800.pinmux PIN 135->135
[    0.945459] gpio gpiochip3: (gpio-96-127): created GPIO range 19->20 ==> 44e10800.pinmux PIN 108->109
[    0.945475] gpio gpiochip3: (gpio-96-127): created GPIO range 21->21 ==> 44e10800.pinmux PIN 73->73
[    0.945493] gpio gpiochip3: (gpio-96-127): created GPIO range 22->23 ==> 44e10800.pinmux PIN 8->9
[    0.945510] gpio gpiochip3: (gpio-96-127): created GPIO range 26->27 ==> 44e10800.pinmux PIN 10->11
[    0.945527] gpio gpiochip3: (gpio-96-127): created GPIO range 28->28 ==> 44e10800.pinmux PIN 74->74
[    0.945545] gpio gpiochip3: (gpio-96-127): created GPIO range 29->29 ==> 44e10800.pinmux PIN 81->81
[    0.945564] gpio gpiochip3: (gpio-96-127): created GPIO range 30->31 ==> 44e10800.pinmux PIN 28->29
[    0.950895] l3-aon-clkctrl:0000:0: failed to disable
[    0.969177] gpio gpiochip3: (gpio-96-127): added GPIO chardev (254:3)
[    0.969328] gpio gpiochip3: registered GPIOs 608 to 639 on gpio-96-127
[    0.971111] omap8250 44e09000.serial: using DT '/ocp/interconnect@44c00000/segment@200000/target-module@9000/serial@0' for 'rs485-term' GPIO lookup
[    0.971182] of_get_named_gpiod_flags: can't parse 'rs485-term-gpios' property of node '/ocp/interconnect@44c00000/segment@200000/target-module@9000/serial@0[0]'
[    0.971404] of_get_named_gpiod_flags: can't parse 'rs485-term-gpio' property of node '/ocp/interconnect@44c00000/segment@200000/target-module@9000/serial@0[0]'
[    0.971451] omap8250 44e09000.serial: using lookup tables for GPIO lookup
[    0.971461] omap8250 44e09000.serial: No GPIO consumer rs485-term found
[    0.971471] omap8250 44e09000.serial: using DT '/ocp/interconnect@44c00000/segment@200000/target-module@9000/serial@0' for 'rs485-rx-during-tx' GPIO lookup
[    0.971508] of_get_named_gpiod_flags: can't parse 'rs485-rx-during-tx-gpios' property of node '/ocp/interconnect@44c00000/segment@200000/target-module@9000/serial@0[0]'
[    0.971544] of_get_named_gpiod_flags: can't parse 'rs485-rx-during-tx-gpio' property of node '/ocp/interconnect@44c00000/segment@200000/target-module@9000/serial@0[0]'
[    0.971575] omap8250 44e09000.serial: using lookup tables for GPIO lookup
[    0.971583] omap8250 44e09000.serial: No GPIO consumer rs485-rx-during-tx found
[    0.971961] 44e09000.serial: ttyS0 at MMIO 0x44e09000 (irq = 34, base_baud = 3000000) is a 8250
[    0.972054] printk: console [ttyS0] enabled
[    2.495050] i2c i2c-0: using DT '/ocp/interconnect@44c00000/segment@200000/target-module@b000/i2c@0' for 'scl' GPIO lookup
[    2.495127] of_get_named_gpiod_flags: can't parse 'scl-gpios' property of node '/ocp/interconnect@44c00000/segment@200000/target-module@b000/i2c@0[0]'
[    2.495169] of_get_named_gpiod_flags: can't parse 'scl-gpio' property of node '/ocp/interconnect@44c00000/segment@200000/target-module@b000/i2c@0[0]'
[    2.495205] i2c i2c-0: using lookup tables for GPIO lookup
[    2.495214] i2c i2c-0: No GPIO consumer scl found
[    2.495237] i2c i2c-0: using DT '/ocp/interconnect@44c00000/segment@200000/target-module@b000/i2c@0' for 'sda' GPIO lookup
[    2.495272] of_get_named_gpiod_flags: can't parse 'sda-gpios' property of node '/ocp/interconnect@44c00000/segment@200000/target-module@b000/i2c@0[0]'
[    2.495308] of_get_named_gpiod_flags: can't parse 'sda-gpio' property of node '/ocp/interconnect@44c00000/segment@200000/target-module@b000/i2c@0[0]'
[    2.495338] i2c i2c-0: using lookup tables for GPIO lookup
[    2.495346] i2c i2c-0: No GPIO consumer sda found
[    2.512228] tps65217-pmic: Failed to locate of_node [id: -1]
[    2.512586] tps65217-bl: Failed to locate of_node [id: -1]
[    2.518123] tps65217 0-0024: TPS65217 ID 0xe version 1.2
[    2.518831] /ocp/interconnect@48000000/segment@300000/target-module@e000/lcdc@0: Fixed dependency cycle(s) with /ocp/interconnect@44c00000/segment@200000/target-module@b000/i2c@0/tda19988@70
[    2.519077] /ocp/interconnect@44c00000/segment@200000/target-module@b000/i2c@0/tda19988@70: Fixed dependency cycle(s) with /ocp/interconnect@48000000/segment@300000/target-module@e000/lcdc@0
[    2.519370] omap_i2c 44e0b000.i2c: bus 0 rev0.11 at 400 kHz
[    2.521527] sdhci-omap 48060000.mmc: using DT '/ocp/interconnect@48000000/segment@0/target-module@60000/mmc@0' for 'cd' GPIO lookup
[    2.521634] of_get_named_gpiod_flags: parsed 'cd-gpios' property of node '/ocp/interconnect@48000000/segment@0/target-module@60000/mmc@0[0]' - status (0)
[    2.521699] gpio gpiochip3: Persistence not supported for GPIO 6
[    2.521720] omap_gpio 44e07000.gpio: Could not set line 6 debounce to 200000 microseconds (-22)
[    2.521733] sdhci-omap 48060000.mmc: Got CD GPIO
[    2.521744] sdhci-omap 48060000.mmc: using DT '/ocp/interconnect@48000000/segment@0/target-module@60000/mmc@0' for 'wp' GPIO lookup
[    2.521784] of_get_named_gpiod_flags: can't parse 'wp-gpios' property of node '/ocp/interconnect@48000000/segment@0/target-module@60000/mmc@0[0]'
[    2.521823] of_get_named_gpiod_flags: can't parse 'wp-gpio' property of node '/ocp/interconnect@48000000/segment@0/target-module@60000/mmc@0[0]'
[    2.521857] sdhci-omap 48060000.mmc: using lookup tables for GPIO lookup
[    2.521867] sdhci-omap 48060000.mmc: No GPIO consumer wp found
[    2.522074] sdhci-omap 48060000.mmc: supply pbias not found, using dummy regulator
[    2.523148] sdhci-omap 481d8000.mmc: using DT '/ocp/interconnect@48000000/segment@100000/target-module@d8000/mmc@0' for 'wp' GPIO lookup
[    2.523213] of_get_named_gpiod_flags: can't parse 'wp-gpios' property of node '/ocp/interconnect@48000000/segment@100000/target-module@d8000/mmc@0[0]'
[    2.523256] of_get_named_gpiod_flags: can't parse 'wp-gpio' property of node '/ocp/interconnect@48000000/segment@100000/target-module@d8000/mmc@0[0]'
[    2.523289] sdhci-omap 481d8000.mmc: using lookup tables for GPIO lookup
[    2.523299] sdhci-omap 481d8000.mmc: No GPIO consumer wp found
[    2.523812] sdhci-omap 48060000.mmc: supply vqmmc not found, using dummy regulator
[    2.524998] sdhci-omap 481d8000.mmc: supply pbias not found, using dummy regulator
[    2.525416] sdhci-omap 481d8000.mmc: supply vqmmc not found, using dummy regulator
[    2.654529] mmc1: SDHCI controller on 481d8000.mmc [481d8000.mmc] using External DMA
[    2.655067] mmc0: SDHCI controller on 48060000.mmc [48060000.mmc] using External DMA
[    2.656001] cpsw-switch 4a100000.switch: starting ndev. mode: dual_mac
[    2.720377] mmc0: new high speed SDHC card at address 5048
[    2.727420] mmcblk0: mmc0:5048 SD16G 14.4 GiB
[    2.730983]  mmcblk0: p1 p2
[    2.739036] mmcblk0: p2 size 31221760 extends beyond EOD, truncated
[    2.740661] SMSC LAN8710/LAN8720 4a101000.mdio:00: attached PHY driver (mii_bus:phy_addr=4a101000.mdio:00, irq=POLL)
[    2.769967] mmc1: new high speed MMC card at address 0001
[    2.771458] mmcblk1: mmc1:0001 MMC04G 3.60 GiB
[    2.784199]  mmcblk1: p1 p2
[    2.785566] mmcblk1boot0: mmc1:0001 MMC04G 2.00 MiB
[    2.787603] mmcblk1boot1: mmc1:0001 MMC04G 2.00 MiB
[    2.789477] mmcblk1rpmb: mmc1:0001 MMC04G 128 KiB, chardev (250:0)
[    5.922031] cpsw-switch 4a100000.switch eth0: Link is Up - 100Mbps/Full - flow control off
[    5.961334] IP-Config: Complete:
[    5.961359]      device=eth0, hwaddr=6c:ec:eb:68:de:78, ipaddr=192.168.255.1, mask=255.255.255.0, gw=255.255.255.255
[    5.961383]      host=bbb1, domain=, nis-domain=(none)
[    5.961390]      bootserver=192.168.255.126, rootserver=192.168.255.126, rootpath=
[    5.961800] clk: Disabling unused clocks
[    5.962005] PM: genpd: Disabling unused power domains
[    5.962046] KTAP version 1
[    5.962051] 1..0
[    6.023742] VFS: Mounted root (nfs filesystem) on device 0:17.
[    6.024678] devtmpfs: mounted
[    6.026134] Freeing unused kernel image (initmem) memory: 1024K
[    6.026801] Run /sbin/init as init process
[    6.026814]   with arguments:
[    6.026822]     /sbin/init
[    6.026829]     nfsrootdebug
[    6.026835]   with environment:
[    6.026840]     HOME=/
[    6.026846]     TERM=linux
[    6.732281] systemd[1]: System time before build time, advancing clock.
[    8.221262] random: crng init done
[    8.251698] systemd[1]: systemd 232 running in system mode. (+PAM +AUDIT +SELINUX +IMA +APPARMOR +SMACK +SYSVINIT +UTMP +LIBCRYPTSETUP +GCRYPT +GNUTLS +ACL +XZ +LZ4 +SECCOMP +BLKID +ELFUTILS +KMOD +IDN)
[    8.252433] systemd[1]: Detected architecture arm.
[    8.289071] systemd[1]: Set hostname to <arm>.
[    9.360482] systemd[1]: Listening on Journal Socket.
[    9.381699] systemd[1]: Reached target Swap.
[    9.402207] systemd[1]: Listening on Journal Socket (/dev/log).
[    9.423288] systemd[1]: Listening on /dev/initctl Compatibility Named Pipe.
[    9.443019] systemd[1]: Created slice System Slice.
[    9.491846] systemd[1]: Mounting Debug File System...
[    9.513432] systemd[1]: Starting Remount Root and Kernel File Systems...
[   11.551191] systemd-journald[86]: Received request to flush runtime journal from PID 1
[   14.360945] leds-gpio leds: using DT '/leds/led2' for '(default)' GPIO lookup
[   14.361041] of_get_named_gpiod_flags: parsed 'gpios' property of node '/leds/led2[0]' - status (0)
[   14.361094] gpio gpiochip0: Persistence not supported for GPIO 21
[   14.361107] gpio-533 (?): no flags found for GPIO (default)
[   14.397836] leds-gpio leds: using DT '/leds/led3' for '(default)' GPIO lookup
[   14.397939] of_get_named_gpiod_flags: parsed 'gpios' property of node '/leds/led3[0]' - status (0)
[   14.397992] gpio gpiochip0: Persistence not supported for GPIO 22
[   14.398004] gpio-534 (?): no flags found for GPIO (default)
[   14.432554] leds-gpio leds: using DT '/leds/led4' for '(default)' GPIO lookup
[   14.432652] of_get_named_gpiod_flags: parsed 'gpios' property of node '/leds/led4[0]' - status (0)
[   14.432705] gpio gpiochip0: Persistence not supported for GPIO 23
[   14.432716] gpio-535 (?): no flags found for GPIO (default)
[   14.471860] leds-gpio leds: using DT '/leds/led5' for '(default)' GPIO lookup
[   14.471955] of_get_named_gpiod_flags: parsed 'gpios' property of node '/leds/led5[0]' - status (0)
[   14.472002] gpio gpiochip0: Persistence not supported for GPIO 24
[   14.472014] gpio-536 (?): no flags found for GPIO (default)
[   14.883447] remoteproc remoteproc0: wkup_m3 is available
[   15.308530] at24 2-0054: supply vcc not found, using dummy regulator
[   15.341969] tps6521x_pwrbutton tps65217-pwrbutton: DMA mask not set
[   15.360649] wkup_m3_ipc 44e11324.wkup_m3_ipc: IPC Request for A8->M3 Channel failed! -517
[   15.370818] omap_rtc 44e3e000.rtc: registered as rtc0
[   15.370897] omap_rtc 44e3e000.rtc: setting system clock to 2000-01-01T00:00:00 UTC (946684800)
[   15.370939] omap_rtc 44e3e000.rtc: using DT '/ocp/interconnect@44c00000/segment@200000/target-module@3e000/rtc@0' for 'wp' GPIO lookup
[   15.371002] of_get_named_gpiod_flags: can't parse 'wp-gpios' property of node '/ocp/interconnect@44c00000/segment@200000/target-module@3e000/rtc@0[0]'
[   15.371048] of_get_named_gpiod_flags: can't parse 'wp-gpio' property of node '/ocp/interconnect@44c00000/segment@200000/target-module@3e000/rtc@0[0]'
[   15.371084] omap_rtc 44e3e000.rtc: using lookup tables for GPIO lookup
[   15.371094] omap_rtc 44e3e000.rtc: No GPIO consumer wp found
[   15.386683] wkup_m3_ipc 44e11324.wkup_m3_ipc: IPC Request for A8->M3 Channel failed! -517
[   15.410672] at24 2-0055: supply vcc not found, using dummy regulator
[   15.463181] at24 2-0056: supply vcc not found, using dummy regulator
[   15.466468] input: tps65217_pwrbutton as /devices/platform/ocp/44c00000.interconnect/44c00000.interconnect:segment@200000/44e0b000.target-module/44e0b000.i2c/i2c-0/0-0024/tps65217-pwrbutton/input/input0
[   15.500884] wkup_m3_ipc 44e11324.wkup_m3_ipc: IPC Request for A8->M3 Channel failed! -517
[   15.518731] at24 2-0057: supply vcc not found, using dummy regulator
[   15.621961] at24 0-0050: using DT '/ocp/interconnect@44c00000/segment@200000/target-module@b000/i2c@0/eeprom@50' for 'wp' GPIO lookup
[   15.622066] of_get_named_gpiod_flags: can't parse 'wp-gpios' property of node '/ocp/interconnect@44c00000/segment@200000/target-module@b000/i2c@0/eeprom@50[0]'
[   15.622122] of_get_named_gpiod_flags: can't parse 'wp-gpio' property of node '/ocp/interconnect@44c00000/segment@200000/target-module@b000/i2c@0/eeprom@50[0]'
[   15.622164] at24 0-0050: using lookup tables for GPIO lookup
[   15.622175] at24 0-0050: No GPIO consumer wp found
[   15.622496] at24 0-0050: 32768 byte 24c256 EEPROM, writable, 1 bytes/write
[   15.628197] wkup_m3_ipc 44e11324.wkup_m3_ipc: IPC Request for A8->M3 Channel failed! -517
[   15.643033] omap_wdt: OMAP Watchdog Timer Rev 0x01: initial timeout 60 sec
[   15.654213] wkup_m3_ipc 44e11324.wkup_m3_ipc: IPC Request for A8->M3 Channel failed! -517
[   16.279604] am335x-phy-driver 47401300.usb-phy: using DT '/ocp/target-module@47400000/usb-phy@1300' for 'reset' GPIO lookup
[   16.279687] of_get_named_gpiod_flags: can't parse 'reset-gpios' property of node '/ocp/target-module@47400000/usb-phy@1300[0]'
[   16.279727] of_get_named_gpiod_flags: can't parse 'reset-gpio' property of node '/ocp/target-module@47400000/usb-phy@1300[0]'
[   16.279761] am335x-phy-driver 47401300.usb-phy: using lookup tables for GPIO lookup
[   16.279772] am335x-phy-driver 47401300.usb-phy: No GPIO consumer reset found
[   16.279782] am335x-phy-driver 47401300.usb-phy: using DT '/ocp/target-module@47400000/usb-phy@1300' for 'vbus-detect' GPIO lookup
[   16.279809] of_get_named_gpiod_flags: can't parse 'vbus-detect-gpios' property of node '/ocp/target-module@47400000/usb-phy@1300[0]'
[   16.279836] of_get_named_gpiod_flags: can't parse 'vbus-detect-gpio' property of node '/ocp/target-module@47400000/usb-phy@1300[0]'
[   16.279858] am335x-phy-driver 47401300.usb-phy: using lookup tables for GPIO lookup
[   16.279867] am335x-phy-driver 47401300.usb-phy: No GPIO consumer vbus-detect found
[   16.280010] am335x-phy-driver 47401300.usb-phy: dummy supplies not allowed for exclusive requests (id=vbus)
[   16.305681] am335x-phy-driver 47401b00.usb-phy: using DT '/ocp/target-module@47400000/usb-phy@1b00' for 'reset' GPIO lookup
[   16.305758] of_get_named_gpiod_flags: can't parse 'reset-gpios' property of node '/ocp/target-module@47400000/usb-phy@1b00[0]'
[   16.305800] of_get_named_gpiod_flags: can't parse 'reset-gpio' property of node '/ocp/target-module@47400000/usb-phy@1b00[0]'
[   16.305835] am335x-phy-driver 47401b00.usb-phy: using lookup tables for GPIO lookup
[   16.305846] am335x-phy-driver 47401b00.usb-phy: No GPIO consumer reset found
[   16.305856] am335x-phy-driver 47401b00.usb-phy: using DT '/ocp/target-module@47400000/usb-phy@1b00' for 'vbus-detect' GPIO lookup
[   16.305882] of_get_named_gpiod_flags: can't parse 'vbus-detect-gpios' property of node '/ocp/target-module@47400000/usb-phy@1b00[0]'
[   16.305910] of_get_named_gpiod_flags: can't parse 'vbus-detect-gpio' property of node '/ocp/target-module@47400000/usb-phy@1b00[0]'
[   16.305932] am335x-phy-driver 47401b00.usb-phy: using lookup tables for GPIO lookup
[   16.305940] am335x-phy-driver 47401b00.usb-phy: No GPIO consumer vbus-detect found
[   16.306084] am335x-phy-driver 47401b00.usb-phy: dummy supplies not allowed for exclusive requests (id=vbus)
[   16.307252] wkup_m3_ipc 44e11324.wkup_m3_ipc: IPC Request for A8->M3 Channel failed! -517
[   16.332120] wkup_m3_ipc 44e11324.wkup_m3_ipc: IPC Request for A8->M3 Channel failed! -517
[   16.668591] usbcore: registered new interface driver usbfs
[   16.668816] usbcore: registered new interface driver hub
[   16.668975] usbcore: registered new device driver usb
[   17.179084] omap-mailbox 480c8000.mailbox: omap mailbox rev 0x400
[   17.245603] remoteproc remoteproc0: powering up wkup_m3
[   17.514206] remoteproc remoteproc0: Direct firmware load for am335x-pm-firmware.elf failed with error -2
[   17.514269] remoteproc remoteproc0: request_firmware failed: -2
[   17.514284] wkup_m3_ipc 44e11324.wkup_m3_ipc: rproc_boot failed
[   17.709131] musb-hdrc musb-hdrc.1: MUSB HDRC host driver
[   17.709195] musb-hdrc musb-hdrc.1: new USB bus registered, assigned bus number 1
[   17.758557] tda998x 0-0070: found TDA19988
[   17.839135] usb usb1: New USB device found, idVendor=1d6b, idProduct=0002, bcdDevice= 6.13
[   17.839182] usb usb1: New USB device strings: Mfr=3, Product=2, SerialNumber=1
[   17.839195] usb usb1: Product: MUSB HDRC host driver
[   17.839204] usb usb1: Manufacturer: Linux 6.13.0-rc7-next-20250116 musb-hcd
[   17.839290] usb usb1: SerialNumber: musb-hdrc.1
[   17.914156] hub 1-0:1.0: USB hub found
[   17.918701] hub 1-0:1.0: 1 port detected
[   20.157276] omap_rng 48310000.rng: Random Number Generator ver. 20
[   20.221955] tilcdc 4830e000.lcdc: bound 0-0070 (ops tda998x_audio_codec_init [tda998x])
[   20.256736] [drm] Initialized tilcdc 1.0.0 for 4830e000.lcdc on minor 0
[   20.284493] tilcdc 4830e000.lcdc: [drm] Cannot find any crtc or sizes
[   20.352909] tilcdc 4830e000.lcdc: [drm] Cannot find any crtc or sizes
[   21.222928] PM: Cannot get wkup_m3_ipc handle
[   21.265210] omap-sham 53100000.sham: hw accel on OMAP rev 4.3
[   21.308426] omap-sham 53100000.sham: will run requests pump with realtime priority
[   21.309621] PM: Cannot get wkup_m3_ipc handle
[   21.649110] omap-aes 53500000.aes: OMAP AES hw accel rev: 3.2
[   21.712060] omap-aes 53500000.aes: will run requests pump with realtime priority
[   21.716506] PM: Cannot get wkup_m3_ipc handle
[   24.577660] Bluetooth: Core ver 2.22
[   24.577873] NET: Registered PF_BLUETOOTH protocol family
[   24.577885] Bluetooth: HCI device and connection manager initialized
[   24.577913] Bluetooth: HCI socket layer initialized
[   24.577927] Bluetooth: L2CAP socket layer initialized
[   24.577962] Bluetooth: SCO socket layer initialized
[   25.455003] PM: Cannot get wkup_m3_ipc handle
[   25.455825] OF: /sound: Read of boolean property 'simple-audio-card,bitclock-master' with a value.
[   25.456032] OF: /sound: Read of boolean property 'simple-audio-card,frame-master' with a value.
[   25.456421] asoc-simple-card sound: using DT '/sound' for 'simple-audio-card,hp-det' GPIO lookup
[   25.456475] of_get_named_gpiod_flags: can't parse 'simple-audio-card,hp-det-gpios' property of node '/sound[0]'
[   25.456505] of_get_named_gpiod_flags: can't parse 'simple-audio-card,hp-det-gpio' property of node '/sound[0]'
[   25.456525] asoc-simple-card sound: using lookup tables for GPIO lookup
[   25.456535] asoc-simple-card sound: No GPIO consumer simple-audio-card,hp-det found
[   25.456547] asoc-simple-card sound: using DT '/sound' for 'simple-audio-card,mic-det' GPIO lookup
[   25.456568] of_get_named_gpiod_flags: can't parse 'simple-audio-card,mic-det-gpios' property of node '/sound[0]'
[   25.456590] of_get_named_gpiod_flags: can't parse 'simple-audio-card,mic-det-gpio' property of node '/sound[0]'
[   25.456605] asoc-simple-card sound: using lookup tables for GPIO lookup
[   25.456614] asoc-simple-card sound: No GPIO consumer simple-audio-card,mic-det found
[   25.538137] PM: Cannot get wkup_m3_ipc handle
[   27.948178] userial_init: registered 8 ttyGS* devices
[   28.212249] rndis_register: configNr = 0
[   28.279420] udc musb-hdrc.0: binding gadget driver [g_multi]
[   28.279519] configfs-gadget.g_multi gadget.0: adding 'rndis'/96b93590 to config 'c'/730a9e9d
[   28.280643] configfs-gadget.g_multi gadget.0: HOST MAC 1c:ba:8c:a2:ed:6c
[   28.280671] configfs-gadget.g_multi gadget.0: MAC 1c:ba:8c:a2:ed:70
[   28.280738] rndis_set_param_medium: 0 0
[   28.280754] configfs-gadget.g_multi gadget.0: RNDIS: IN/ep1in OUT/ep1out NOTIFY/ep2in
[   28.280766] configfs-gadget.g_multi gadget.0: adding 'cdc_ethernet'/aeeb475b to config 'c'/730a9e9d
[   28.281945] configfs-gadget.g_multi gadget.0: HOST MAC 1c:ba:8c:a2:ed:6c
[   28.281975] configfs-gadget.g_multi gadget.0: MAC 1c:ba:8c:a2:ed:6d
[   28.282012] configfs-gadget.g_multi gadget.0: CDC Ethernet: IN/ep3in OUT/ep2out NOTIFY/ep4in
[   28.282027] configfs-gadget.g_multi gadget.0: adding 'acm'/a3955a41 to config 'c'/730a9e9d
[   28.282060] configfs-gadget.g_multi gadget.0: acm ttyGS0: IN/ep5in OUT/ep3out NOTIFY/ep6in
[   28.314194] PM: Cannot get wkup_m3_ipc handle
[   29.368129] configfs-gadget.g_multi gadget.0: eth_open
[   30.476972] configfs-gadget.g_multi gadget.0: stop stats: rx/tx 0/0, errs 0/0
[   34.759890] gs_open: ttyGS0 (ae8bb37c,998f67bb)
[   34.760020] gs_close: ttyGS0 (ae8bb37c,998f67bb) ...
[   34.760038] gs_close: ttyGS0 (ae8bb37c,998f67bb) done!
[   34.760315] gs_open: ttyGS0 (ae8bb37c,998f67bb)
[   34.760388] gs_close: ttyGS0 (ae8bb37c,998f67bb) ...
[   34.760402] gs_close: ttyGS0 (ae8bb37c,998f67bb) done!
[   34.944664] gs_open: ttyGS0 (ae8bb37c,d2fc1f36)
[   34.944886] gs_close: ttyGS0 (ae8bb37c,d2fc1f36) ...
[   34.944911] gs_close: ttyGS0 (ae8bb37c,d2fc1f36) done!
[   34.945396] gs_open: ttyGS0 (ae8bb37c,d2fc1f36)
JLKYMSXJJJ 0
root@arm:~# echo 'WKFK''TAJASE'
WKFKTAJASE
root@arm:~# MARKER='TUVQ''ZAGWTH' run 'modprobe test_linear_ranges'
TUVQZAGWTHTUVQZAGWTH 0
root@arm:~# echo 'YXZZ''OLZCFK'
YXZZOLZCFK
root@arm:~# MARKER='KLOY''ZHBALZ' run dmesg
KLOYZHBALZ[    0.000000] Booting Linux on physical CPU 0x0
[    0.000000] Linux version 6.13.0-rc7-next-20250116 (user01@drvtest01) (arm-none-eabi-gcc (Arm GNU Toolchain 14.2.Rel1 (Build arm-14.52)) 14.2.1 20241119, GNU ld (Arm GNU Toolchain 14.2.Rel1 (Build arm-14.52)) 2.43.1.20241119) #1 SMP Thu Jan 16 08:49:42 EET 2025
[    0.000000] CPU: ARMv7 Processor [413fc082] revision 2 (ARMv7), cr=10c5387d
[    0.000000] CPU: PIPT / VIPT nonaliasing data cache, VIPT aliasing instruction cache
[    0.000000] OF: fdt: Machine model: TI AM335x BeagleBone Black
[    0.000000] Memory policy: Data cache writeback
[    0.000000] cma: Reserved 16 MiB at 0x9e800000 on node -1
[    0.000000] Zone ranges:
[    0.000000]   Normal   [mem 0x0000000080000000-0x000000009fdfffff]
[    0.000000]   HighMem  empty
[    0.000000] Movable zone start for each node
[    0.000000] Early memory node ranges
[    0.000000]   node   0: [mem 0x0000000080000000-0x000000009fdfffff]
[    0.000000] Initmem setup node 0 [mem 0x0000000080000000-0x000000009fdfffff]
[    0.000000] OF: reserved mem: Reserved memory: No reserved-memory node in the DT
[    0.000000] CPU: All CPU(s) started in SVC mode.
[    0.000000] AM335X ES2.1 (sgx neon)
[    0.000000] percpu: Embedded 17 pages/cpu s39628 r8192 d21812 u69632
[    0.000000] pcpu-alloc: s39628 r8192 d21812 u69632 alloc=17*4096
[    0.000000] pcpu-alloc: [0] 0 
[    0.000000] Kernel command line: console=ttyO0,115200n8 root=/dev/nfs rw nfsroot=192.168.255.126:/home/user01/nfs,nfsvers=3 ip=192.168.255.1:192.168.255.126::255.255.255.0:bbb1:eth0 nfsrootdebug
[    0.000000] Unknown kernel command line parameters "nfsrootdebug", will be passed to user space.
[    0.000000] printk: log buffer data + meta data: 65536 + 204800 = 270336 bytes
[    0.000000] Dentry cache hash table entries: 65536 (order: 6, 262144 bytes, linear)
[    0.000000] Inode-cache hash table entries: 32768 (order: 5, 131072 bytes, linear)
[    0.000000] Built 1 zonelists, mobility grouping on.  Total pages: 130560
[    0.000000] mem auto-init: stack:off, heap alloc:off, heap free:off
[    0.000000] ------------[ cut here ]------------
[    0.000000] WARNING: CPU: 0 PID: 0 at arch/arm/kernel/cacheinfo.c:43 cache_line_size+0x84/0x98
[    0.000000] Modules linked in:
[    0.000000] CPU: 0 UID: 0 PID: 0 Comm: swapper Not tainted 6.13.0-rc7-next-20250116 #1
[    0.000000] Hardware name: Generic AM33XX (Flattened Device Tree)
[    0.000000] Call trace: 
[    0.000000]  unwind_backtrace from show_stack+0x10/0x14
[    0.000000]  show_stack from dump_stack_lvl+0x50/0x64
[    0.000000]  dump_stack_lvl from __warn+0x74/0x12c
[    0.000000]  __warn from warn_slowpath_fmt+0x118/0x1b0
[    0.000000]  warn_slowpath_fmt from cache_line_size+0x84/0x98
[    0.000000]  cache_line_size from create_boot_cache+0x70/0xf8
[    0.000000]  create_boot_cache from kmem_cache_init+0x64/0x134
[    0.000000]  kmem_cache_init from mm_core_init+0xb4/0xec
[    0.000000]  mm_core_init from start_kernel+0x3b4/0x67c
[    0.000000]  start_kernel from 0x0
[    0.000000] ---[ end trace 0000000000000000 ]---
[    0.000000] SLUB: HWalign=64, Order=0-3, MinObjects=0, CPUs=1, Nodes=1
[    0.000000] rcu: Hierarchical RCU implementation.
[    0.000000] rcu: 	RCU event tracing is enabled.
[    0.000000] rcu: 	RCU restricting CPUs from NR_CPUS=2 to nr_cpu_ids=1.
[    0.000000] 	Tracing variant of Tasks RCU enabled.
[    0.000000] rcu: RCU calculated value of scheduler-enlistment delay is 10 jiffies.
[    0.000000] rcu: Adjusting geometry for rcu_fanout_leaf=16, nr_cpu_ids=1
[    0.000000] RCU Tasks Trace: Setting shift to 0 and lim to 1 rcu_task_cb_adjust=1 rcu_task_cpu_ids=1.
[    0.000000] NR_IRQS: 16, nr_irqs: 16, preallocated irqs: 16
[    0.000000] IRQ: Found an INTC at 0x(ptrval) (revision 5.0) with 128 interrupts
[    0.000000] rcu: srcu_init: Setting srcu_struct sizes based on contention.
[    0.000000] TI gptimer clocksource: always-on /ocp/interconnect@44c00000/segment@200000/target-module@31000
[    0.000003] sched_clock: 32 bits at 24MHz, resolution 41ns, wraps every 89478484971ns
[    0.000025] clocksource: dmtimer: mask: 0xffffffff max_cycles: 0xffffffff, max_idle_ns: 79635851949 ns
[    0.000504] TI gptimer clockevent: 24000000 Hz at /ocp/interconnect@48000000/segment@0/target-module@40000
[    0.002113] Console: colour dummy device 80x30
[    0.002188] WARNING: Your 'console=ttyO0' has been replaced by 'ttyS0'
[    0.002198] This ensures that you still see kernel messages. Please
[    0.002203] update your kernel commandline.
[    0.002242] Calibrating delay loop... 996.14 BogoMIPS (lpj=4980736)
[    0.090550] CPU: Testing write buffer coherency: ok
[    0.090655] CPU0: Spectre v2: using BPIALL workaround
[    0.090666] pid_max: default: 32768 minimum: 301
[    0.090793] LSM: initializing lsm=capability
[    0.090958] Mount-cache hash table entries: 1024 (order: 0, 4096 bytes, linear)
[    0.090977] Mountpoint-cache hash table entries: 1024 (order: 0, 4096 bytes, linear)
[    0.092580] CPU0: thread -1, cpu 0, socket -1, mpidr 0
[    0.150921] Setting up static identity map for 0x80100000 - 0x80100078
[    0.160714] rcu: Hierarchical SRCU implementation.
[    0.160726] rcu: 	Max phase no-delay instances is 1000.
[    0.180744] smp: Bringing up secondary CPUs ...
[    0.180798] smp: Brought up 1 node, 1 CPU
[    0.180813] SMP: Total of 1 processors activated (996.14 BogoMIPS).
[    0.180825] CPU: All CPU(s) started in SVC mode.
[    0.180998] Memory: 480808K/522240K available (11264K kernel code, 1214K rwdata, 2908K rodata, 1024K init, 291K bss, 23384K reserved, 16384K cma-reserved, 0K highmem)
[    0.181833] devtmpfs: initialized
[    0.198220] VFP support v0.3: implementor 41 architecture 3 part 30 variant c rev 3
[    0.198563] clocksource: jiffies: mask: 0xffffffff max_cycles: 0xffffffff, max_idle_ns: 19112604462750000 ns
[    0.198600] futex hash table entries: 256 (order: 2, 16384 bytes, linear)
[    0.199921] pinctrl core: initialized pinctrl subsystem
[    0.202861] NET: Registered PF_NETLINK/PF_ROUTE protocol family
[    0.205633] DMA: preallocated 256 KiB pool for atomic coherent allocations
[    0.206529] audit: initializing netlink subsys (disabled)
[    0.207879] thermal_sys: Registered thermal governor 'fair_share'
[    0.207897] thermal_sys: Registered thermal governor 'step_wise'
[    0.207907] thermal_sys: Registered thermal governor 'user_space'
[    0.208048] audit: type=2000 audit(0.200:1): state=initialized audit_enabled=0 res=1
[    0.208083] cpuidle: using governor menu
[    0.226082] /ocp/interconnect@44c00000/segment@200000/target-module@b000/i2c@0/tda19988@70: Fixed dependency cycle(s) with /ocp/interconnect@48000000/segment@300000/target-module@e000/lcdc@0
[    0.227212] /ocp/interconnect@48000000/segment@300000/target-module@e000/lcdc@0: Fixed dependency cycle(s) with /ocp/interconnect@44c00000/segment@200000/target-module@b000/i2c@0/tda19988@70
[    0.229381] No ATAGs?
[    0.229426] hw-breakpoint: debug architecture 0x4 unsupported.
[    0.232249] kprobes: kprobe jump-optimization is enabled. All kprobes are optimized if possible.
[    0.243844] iommu: Default domain type: Translated
[    0.243867] iommu: DMA domain TLB invalidation policy: strict mode
[    0.245439] reg-fixed-voltage fixedregulator0: using DT '/fixedregulator0' for '(default)' GPIO lookup
[    0.245494] of_get_named_gpiod_flags: can't parse 'gpios' property of node '/fixedregulator0[0]'
[    0.245523] of_get_named_gpiod_flags: can't parse 'gpio' property of node '/fixedregulator0[0]'
[    0.245541] reg-fixed-voltage fixedregulator0: using lookup tables for GPIO lookup
[    0.245551] reg-fixed-voltage fixedregulator0: No GPIO consumer (default) found
[    0.251635] SCSI subsystem initialized
[    0.252110] libata version 3.00 loaded.
[    0.252463] pps_core: LinuxPPS API ver. 1 registered
[    0.252473] pps_core: Software ver. 5.3.6 - Copyright 2005-2007 Rodolfo Giometti <giometti@linux.it>
[    0.252496] PTP clock support registered
[    0.260887] vgaarb: loaded
[    0.261241] clocksource: Switched to clocksource dmtimer
[    0.261901] VFS: Disk quotas dquot_6.6.0
[    0.261944] VFS: Dquot-cache hash table entries: 1024 (order 0, 4096 bytes)
[    0.285483] NET: Registered PF_INET protocol family
[    0.285827] IP idents hash table entries: 8192 (order: 4, 65536 bytes, linear)
[    0.287230] tcp_listen_portaddr_hash hash table entries: 512 (order: 0, 4096 bytes, linear)
[    0.287266] Table-perturb hash table entries: 65536 (order: 6, 262144 bytes, linear)
[    0.287284] TCP established hash table entries: 4096 (order: 2, 16384 bytes, linear)
[    0.287329] TCP bind hash table entries: 4096 (order: 4, 65536 bytes, linear)
[    0.287428] TCP: Hash tables configured (established 4096 bind 4096)
[    0.287546] UDP hash table entries: 256 (order: 1, 14336 bytes, linear)
[    0.287582] UDP-Lite hash table entries: 256 (order: 1, 14336 bytes, linear)
[    0.287763] NET: Registered PF_UNIX/PF_LOCAL protocol family
[    0.288990] RPC: Registered named UNIX socket transport module.
[    0.289011] RPC: Registered udp transport module.
[    0.289016] RPC: Registered tcp transport module.
[    0.289021] RPC: Registered tcp-with-tls transport module.
[    0.289026] RPC: Registered tcp NFSv4.1 backchannel transport module.
[    0.289050] PCI: CLS 0 bytes, default 64
[    0.290428] Initialise system trusted keyrings
[    0.301756] workingset: timestamp_bits=14 max_order=17 bucket_order=3
[    0.303057] NFS: Registering the id_resolver key type
[    0.303132] Key type id_resolver registered
[    0.303140] Key type id_legacy registered
[    0.303184] jffs2: version 2.2. (NAND) (SUMMARY)  Â© 2001-2006 Red Hat, Inc.
[    0.303581] Key type asymmetric registered
[    0.303595] Asymmetric key parser 'x509' registered
[    0.303660] io scheduler mq-deadline registered
[    0.303670] io scheduler kyber registered
[    0.303735] io scheduler bfq registered
[    0.305293] ledtrig-cpu: registered to indicate activity on CPUs
[    0.307979] Serial: 8250/16550 driver, 6 ports, IRQ sharing enabled
[    0.356370] brd: module loaded
[    0.374962] loop: module loaded
[    0.375862] mtdoops: mtd device (mtddev=name/number) must be supplied
[    0.377535] mdio_bus fixed-0: using lookup tables for GPIO lookup
[    0.377558] mdio_bus fixed-0: No GPIO consumer reset found
[    0.378882] i2c_dev: i2c /dev entries driver
[    0.379816] cpuidle: enable-method property 'ti,am3352' found operations
[    0.380254] sdhci: Secure Digital Host Controller Interface driver
[    0.380262] sdhci: Copyright(c) Pierre Ossman
[    0.380441] sdhci-pltfm: SDHCI platform and OF driver helper
[    0.381574] Initializing XFRM netlink socket
[    0.381730] NET: Registered PF_INET6 protocol family
[    0.396978] Segment Routing with IPv6
[    0.397065] In-situ OAM (IOAM) with IPv6
[    0.397162] sit: IPv6, IPv4 and MPLS over IPv4 tunneling driver
[    0.398098] NET: Registered PF_PACKET protocol family
[    0.398133] NET: Registered PF_KEY protocol family
[    0.398262] Key type dns_resolver registered
[    0.398489] ThumbEE CPU extension supported.
[    0.398511] Registering SWP/SWPB emulation handler
[    0.399052] omap_voltage_late_init: Voltage driver support not added
[    0.399415] SmartReflex Class3 initialized
[    0.415860] Loading compiled-in X.509 certificates
[    0.459676] OF: /ocp: Read of boolean property 'clocks' with a value.
[    0.462987] /ocp/interconnect@44c00000/segment@200000/target-module@b000/i2c@0/tda19988@70: Fixed dependency cycle(s) with /ocp/interconnect@48000000/segment@300000/target-module@e000/lcdc@0
[    0.463962] OF: /ocp/interconnect@44c00000: Read of boolean property 'clocks' with a value.
[    0.469297] /ocp/interconnect@44c00000/segment@200000/target-module@b000/i2c@0/tda19988@70: Fixed dependency cycle(s) with /ocp/interconnect@48000000/segment@300000/target-module@e000/lcdc@0
[    0.474958] gpiochip_find_base_unlocked: found new base at 512
[    0.496356] /ocp/interconnect@44c00000/segment@200000/target-module@b000/i2c@0/tda19988@70: Fixed dependency cycle(s) with /ocp/interconnect@48000000/segment@300000/target-module@e000/lcdc@0
[    0.497190] /ocp/interconnect@44c00000/segment@200000/target-module@b000/i2c@0/tda19988@70: Fixed dependency cycle(s) with /ocp/interconnect@48000000/segment@300000/target-module@e000/lcdc@0
[    0.500520] /ocp/interconnect@44c00000/segment@200000/target-module@10000/scm@0/pinmux@800: Fixed dependency cycle(s) with /ocp/interconnect@44c00000/segment@200000/target-module@10000/scm@0/pinmux@800/clkout2-pins
[    0.501099] pinctrl-single 44e10800.pinmux: 142 pins, size 568
[    0.506363] ti-sysc 44e31000.target-module: probe with driver ti-sysc failed with error -16
[    0.545455] /ocp/interconnect@48000000/segment@300000/target-module@e000/lcdc@0: Fixed dependency cycle(s) with /ocp/interconnect@44c00000/segment@200000/target-module@b000/i2c@0/tda19988@70
[    0.545775] OF: /ocp/interconnect@48000000: Read of boolean property 'clocks' with a value.
[    0.553391] ti-sysc 48040000.target-module: probe with driver ti-sysc failed with error -16
[    0.564444] gpiochip_find_base_unlocked: found new base at 512
[    0.564543] gpio gpiochip0: (gpio-0-31): created GPIO range 0->7 ==> 44e10800.pinmux PIN 0->7
[    0.564561] gpio gpiochip0: (gpio-0-31): created GPIO range 8->11 ==> 44e10800.pinmux PIN 90->93
[    0.564577] gpio gpiochip0: (gpio-0-31): created GPIO range 12->27 ==> 44e10800.pinmux PIN 12->27
[    0.564592] gpio gpiochip0: (gpio-0-31): created GPIO range 28->31 ==> 44e10800.pinmux PIN 30->33
[    0.598049] gpio gpiochip0: (gpio-0-31): added GPIO chardev (254:0)
[    0.598200] gpio gpiochip0: registered GPIOs 512 to 543 on gpio-0-31
[    0.598285] OMAP GPIO hardware version 0.1
[    0.623490] i2c i2c-2: using DT '/ocp/interconnect@48000000/segment@100000/target-module@9c000/i2c@0' for 'scl' GPIO lookup
[    0.623563] of_get_named_gpiod_flags: can't parse 'scl-gpios' property of node '/ocp/interconnect@48000000/segment@100000/target-module@9c000/i2c@0[0]'
[    0.623605] of_get_named_gpiod_flags: can't parse 'scl-gpio' property of node '/ocp/interconnect@48000000/segment@100000/target-module@9c000/i2c@0[0]'
[    0.623641] i2c i2c-2: using lookup tables for GPIO lookup
[    0.623650] i2c i2c-2: No GPIO consumer scl found
[    0.623671] i2c i2c-2: using DT '/ocp/interconnect@48000000/segment@100000/target-module@9c000/i2c@0' for 'sda' GPIO lookup
[    0.623706] of_get_named_gpiod_flags: can't parse 'sda-gpios' property of node '/ocp/interconnect@48000000/segment@100000/target-module@9c000/i2c@0[0]'
[    0.623742] of_get_named_gpiod_flags: can't parse 'sda-gpio' property of node '/ocp/interconnect@48000000/segment@100000/target-module@9c000/i2c@0[0]'
[    0.623773] i2c i2c-2: using lookup tables for GPIO lookup
[    0.623781] i2c i2c-2: No GPIO consumer sda found
[    0.624591] omap_i2c 4819c000.i2c: bus 2 rev0.11 at 100 kHz
[    0.629856] gpiochip_find_base_unlocked: found new base at 544
[    0.629953] gpio gpiochip1: (gpio-32-63): created GPIO range 0->17 ==> 44e10800.pinmux PIN 34->51
[    0.629972] gpio gpiochip1: (gpio-32-63): created GPIO range 18->21 ==> 44e10800.pinmux PIN 77->80
[    0.629988] gpio gpiochip1: (gpio-32-63): created GPIO range 22->31 ==> 44e10800.pinmux PIN 56->65
[    0.646222] gpio gpiochip1: (gpio-32-63): added GPIO chardev (254:1)
[    0.646382] gpio gpiochip1: registered GPIOs 544 to 575 on gpio-32-63
[    0.648635] gpiochip_find_base_unlocked: found new base at 576
[    0.648731] gpio gpiochip2: (gpio-64-95): created GPIO range 0->4 ==> 44e10800.pinmux PIN 66->70
[    0.648751] gpio gpiochip2: (gpio-64-95): created GPIO range 5->6 ==> 44e10800.pinmux PIN 98->99
[    0.648766] gpio gpiochip2: (gpio-64-95): created GPIO range 7->8 ==> 44e10800.pinmux PIN 75->76
[    0.648781] gpio gpiochip2: (gpio-64-95): created GPIO range 13->13 ==> 44e10800.pinmux PIN 141->141
[    0.648797] gpio gpiochip2: (gpio-64-95): created GPIO range 14->21 ==> 44e10800.pinmux PIN 100->107
[    0.650397] gpio gpiochip2: (gpio-64-95): added GPIO chardev (254:2)
[    0.650562] gpio gpiochip2: registered GPIOs 576 to 607 on gpio-64-95
[    0.656222] 48000000.interconnect:segment@200000:target-module@0:mpu@0:fck: device ID is greater than 24
[    0.657108] /ocp/interconnect@48000000/segment@300000/target-module@e000/lcdc@0: Fixed dependency cycle(s) with /ocp/interconnect@44c00000/segment@200000/target-module@b000/i2c@0/tda19988@70
[    0.659801] /ocp/interconnect@48000000/segment@300000/target-module@e000/lcdc@0: Fixed dependency cycle(s) with /ocp/interconnect@44c00000/segment@200000/target-module@b000/i2c@0/tda19988@70
[    0.660484] /ocp/interconnect@44c00000/segment@200000/target-module@b000/i2c@0/tda19988@70: Fixed dependency cycle(s) with /ocp/interconnect@48000000/segment@300000/target-module@e000/lcdc@0
[    0.660634] /ocp/interconnect@48000000/segment@300000/target-module@e000/lcdc@0: Fixed dependency cycle(s) with /ocp/interconnect@44c00000/segment@200000/target-module@b000/i2c@0/tda19988@70
[    0.664952] OF: /ocp/interconnect@4a000000: Read of boolean property 'clocks' with a value.
[    0.670136] mdio_bus 4a101000.mdio: using DT '/ocp/interconnect@4a000000/segment@0/target-module@100000/switch@0/mdio@1000' for 'reset' GPIO lookup
[    0.670208] of_get_named_gpiod_flags: can't parse 'reset-gpios' property of node '/ocp/interconnect@4a000000/segment@0/target-module@100000/switch@0/mdio@1000[0]'
[    0.670254] of_get_named_gpiod_flags: can't parse 'reset-gpio' property of node '/ocp/interconnect@4a000000/segment@0/target-module@100000/switch@0/mdio@1000[0]'
[    0.670300] mdio_bus 4a101000.mdio: using lookup tables for GPIO lookup
[    0.670309] mdio_bus 4a101000.mdio: No GPIO consumer reset found
[    0.671458] sdhci-omap 481d8000.mmc: using DT '/ocp/interconnect@48000000/segment@100000/target-module@d8000/mmc@0' for 'wp' GPIO lookup
[    0.671519] of_get_named_gpiod_flags: can't parse 'wp-gpios' property of node '/ocp/interconnect@48000000/segment@100000/target-module@d8000/mmc@0[0]'
[    0.671562] of_get_named_gpiod_flags: can't parse 'wp-gpio' property of node '/ocp/interconnect@48000000/segment@100000/target-module@d8000/mmc@0[0]'
[    0.671596] sdhci-omap 481d8000.mmc: using lookup tables for GPIO lookup
[    0.671605] sdhci-omap 481d8000.mmc: No GPIO consumer wp found
[    0.671801] sdhci-omap 481d8000.mmc: supply pbias not found, using dummy regulator
[    0.672512] sdhci-omap 481d8000.mmc: supply vqmmc not found, using dummy regulator
[    0.728040] davinci_mdio 4a101000.mdio: davinci mdio revision 1.6, bus freq 1000000
[    0.749838] mdio_bus 4a101000.mdio:00: using DT '/ocp/interconnect@4a000000/segment@0/target-module@100000/switch@0/mdio@1000/ethernet-phy@0' for 'reset' GPIO lookup
[    0.749937] of_get_named_gpiod_flags: parsed 'reset-gpios' property of node '/ocp/interconnect@4a000000/segment@0/target-module@100000/switch@0/mdio@1000/ethernet-phy@0[0]' - status (0)
[    0.750097] gpio gpiochip0: Persistence not supported for GPIO 8
[    0.883754] davinci_mdio 4a101000.mdio: phy[0]: device 4a101000.mdio:00, driver SMSC LAN8710/LAN8720
[    0.884524] cpsw-switch 4a100000.switch: initialized cpsw ale version 1.4
[    0.884546] cpsw-switch 4a100000.switch: ALE Table size 1024, Policers 0
[    0.884809] cpsw-switch 4a100000.switch: cpts: overflow check period 500 (jiffies)
[    0.884827] cpsw-switch 4a100000.switch: CPTS: ref_clk_freq:250000000 calc_mult:2147483648 calc_shift:29 error:0 nsec/sec
[    0.884940] cpsw-switch 4a100000.switch: Detected MACID = 6c:ec:eb:68:de:78
[    0.886691] cpsw-switch 4a100000.switch: initialized (regs 0x4a100000, pool size 256) hw_ver:0019010C 1.12 (0)
[    0.897514] debugfs: Directory '49000000.dma' with parent 'dmaengine' already present!
[    0.897556] edma 49000000.dma: TI EDMA DMA engine driver
[    0.927637] target-module@4b000000:target-module@140000:pmu@0:fck: device ID is greater than 24
[    0.943409] hw perfevents: enabled with armv7_cortex_a8 PMU driver, 5 (8000000f) counters available
[    0.944324] gpio-clk clk_mcasp0: using DT '/clk_mcasp0' for 'enable' GPIO lookup
[    0.944397] of_get_named_gpiod_flags: parsed 'enable-gpios' property of node '/clk_mcasp0[0]' - status (0)
[    0.944442] gpio gpiochip0: Persistence not supported for GPIO 27
[    0.945269] gpiochip_find_base_unlocked: found new base at 608
[    0.945374] gpio gpiochip3: (gpio-96-127): created GPIO range 0->7 ==> 44e10800.pinmux PIN 82->89
[    0.945394] gpio gpiochip3: (gpio-96-127): created GPIO range 8->11 ==> 44e10800.pinmux PIN 52->55
[    0.945410] gpio gpiochip3: (gpio-96-127): created GPIO range 12->15 ==> 44e10800.pinmux PIN 94->97
[    0.945427] gpio gpiochip3: (gpio-96-127): created GPIO range 16->17 ==> 44e10800.pinmux PIN 71->72
[    0.945443] gpio gpiochip3: (gpio-96-127): created GPIO range 18->18 ==> 44e10800.pinmux PIN 135->135
[    0.945459] gpio gpiochip3: (gpio-96-127): created GPIO range 19->20 ==> 44e10800.pinmux PIN 108->109
[    0.945475] gpio gpiochip3: (gpio-96-127): created GPIO range 21->21 ==> 44e10800.pinmux PIN 73->73
[    0.945493] gpio gpiochip3: (gpio-96-127): created GPIO range 22->23 ==> 44e10800.pinmux PIN 8->9
[    0.945510] gpio gpiochip3: (gpio-96-127): created GPIO range 26->27 ==> 44e10800.pinmux PIN 10->11
[    0.945527] gpio gpiochip3: (gpio-96-127): created GPIO range 28->28 ==> 44e10800.pinmux PIN 74->74
[    0.945545] gpio gpiochip3: (gpio-96-127): created GPIO range 29->29 ==> 44e10800.pinmux PIN 81->81
[    0.945564] gpio gpiochip3: (gpio-96-127): created GPIO range 30->31 ==> 44e10800.pinmux PIN 28->29
[    0.950895] l3-aon-clkctrl:0000:0: failed to disable
[    0.969177] gpio gpiochip3: (gpio-96-127): added GPIO chardev (254:3)
[    0.969328] gpio gpiochip3: registered GPIOs 608 to 639 on gpio-96-127
[    0.971111] omap8250 44e09000.serial: using DT '/ocp/interconnect@44c00000/segment@200000/target-module@9000/serial@0' for 'rs485-term' GPIO lookup
[    0.971182] of_get_named_gpiod_flags: can't parse 'rs485-term-gpios' property of node '/ocp/interconnect@44c00000/segment@200000/target-module@9000/serial@0[0]'
[    0.971404] of_get_named_gpiod_flags: can't parse 'rs485-term-gpio' property of node '/ocp/interconnect@44c00000/segment@200000/target-module@9000/serial@0[0]'
[    0.971451] omap8250 44e09000.serial: using lookup tables for GPIO lookup
[    0.971461] omap8250 44e09000.serial: No GPIO consumer rs485-term found
[    0.971471] omap8250 44e09000.serial: using DT '/ocp/interconnect@44c00000/segment@200000/target-module@9000/serial@0' for 'rs485-rx-during-tx' GPIO lookup
[    0.971508] of_get_named_gpiod_flags: can't parse 'rs485-rx-during-tx-gpios' property of node '/ocp/interconnect@44c00000/segment@200000/target-module@9000/serial@0[0]'
[    0.971544] of_get_named_gpiod_flags: can't parse 'rs485-rx-during-tx-gpio' property of node '/ocp/interconnect@44c00000/segment@200000/target-module@9000/serial@0[0]'
[    0.971575] omap8250 44e09000.serial: using lookup tables for GPIO lookup
[    0.971583] omap8250 44e09000.serial: No GPIO consumer rs485-rx-during-tx found
[    0.971961] 44e09000.serial: ttyS0 at MMIO 0x44e09000 (irq = 34, base_baud = 3000000) is a 8250
[    0.972054] printk: console [ttyS0] enabled
[    2.495050] i2c i2c-0: using DT '/ocp/interconnect@44c00000/segment@200000/target-module@b000/i2c@0' for 'scl' GPIO lookup
[    2.495127] of_get_named_gpiod_flags: can't parse 'scl-gpios' property of node '/ocp/interconnect@44c00000/segment@200000/target-module@b000/i2c@0[0]'
[    2.495169] of_get_named_gpiod_flags: can't parse 'scl-gpio' property of node '/ocp/interconnect@44c00000/segment@200000/target-module@b000/i2c@0[0]'
[    2.495205] i2c i2c-0: using lookup tables for GPIO lookup
[    2.495214] i2c i2c-0: No GPIO consumer scl found
[    2.495237] i2c i2c-0: using DT '/ocp/interconnect@44c00000/segment@200000/target-module@b000/i2c@0' for 'sda' GPIO lookup
[    2.495272] of_get_named_gpiod_flags: can't parse 'sda-gpios' property of node '/ocp/interconnect@44c00000/segment@200000/target-module@b000/i2c@0[0]'
