Labgrid Console Logfile for main
Logfile started at 2025-11-14 08:22:46.227421
=== Log starts here ===
reading args
spl_load_image_fat_os: error reading image args, err - -1
reading u-boot.img
reading u-boot.img


U-Boot 2014.04-00014-g47880f5 (Apr 22 2014 - 13:23:54)

I2C:   ready
DRAM:  512 MiB
NAND:  0 MiB
MMC:   OMAP SD/MMC: 0, OMAP SD/MMC: 1
*** Warning - readenv() failed, using default environment

Net:   <ethaddr> not set. Validating first E-fuse MAC
cpsw, usb_ether
Hit any key to stop autoboot:  1  0 
gpio: pin 53 (gpio 53) value is 1
mmc0 is current device
gpio: pin 54 (gpio 54) value is 1
SD/MMC found on device 0
reading uEnv.txt
569 bytes read in 4 ms (138.7 KiB/s)
gpio: pin 55 (gpio 55) value is 1
Loaded environment from uEnv.txt
Importing environment from mmc ...
Checking if uenvcmd is set ...
gpio: pin 56 (gpio 56) value is 1
Running uenvcmd ...
cpsw Waiting for PHY auto negotiation to complete. done
link up on port 0, speed 100, full duplex
Using cpsw device
TFTP from server 192.168.255.126; our IP address is 192.168.255.1
Filename 'zImage'.
Load address: 0x81000000
Loading: *#################################################################
	 #################################################################
	 #################################################################
	 #################################################################
	 #################################################################
	 #################################################################
	 2.4 MiB/s
done
Bytes transferred = 5718960 (5743b0 hex)
link up on port 0, speed 100, full duplex
Using cpsw device
TFTP from server 192.168.255.126; our IP address is 192.168.255.1
Filename 'am335x-boneblack.dtb'.
Load address: 0x82000000
Loading: *#######
	 2.4 MiB/s
done
Bytes transferred = 98077 (17f1d hex)
Kernel image @ 0x81000000 [ 0x000000 - 0x5743b0 ]
## Flattened Device Tree blob at 82000000
   Booting using the fdt blob at 0x82000000
   Using Device Tree in place at 82000000, end 8201af1c

Starting kernel ...

[    0.000000] Booting Linux on physical CPU 0x0
[    0.000000] Linux version 6.18.0-rc5-next-20251114 (user01@drvtest01) (arm-none-eabi-gcc (Arm GNU Toolchain 14.2.Rel1 (Build arm-14.52)) 14.2.1 20241119, GNU ld (Arm GNU Toolchain 14.2.Rel1 (Build arm-14.52)) 2.43.1.20241119) #1 SMP Fri Nov 14 08:21:03 EET 2025
[    0.000000] CPU: ARMv7 Processor [413fc082] revision 2 (ARMv7), cr=10c5387d
[    0.000000] CPU: PIPT / VIPT nonaliasing data cache, VIPT aliasing instruction cache
[    0.000000] OF: fdt: Machine model: TI AM335x BeagleBone Black
[    0.000000] Memory policy: Data cache writeback
[    0.000000] cma: Reserved 16 MiB at 0x9e800000
[    0.000000] Zone ranges:
[    0.000000]   Normal   [mem 0x0000000080000000-0x000000009fdfffff]
[    0.000000]   HighMem  empty
[    0.000000] Movable zone start for each node
[    0.000000] Early memory node ranges
[    0.000000]   node   0: [mem 0x0000000080000000-0x000000009fdfffff]
[    0.000000] Initmem setup node 0 [mem 0x0000000080000000-0x000000009fdfffff]
[    0.000000] On node 0, zone Normal: 512 pages in unavailable ranges
[    0.000000] OF: reserved mem: Reserved memory: No reserved-memory node in the DT
[    0.000000] CPU: All CPU(s) started in SVC mode.
[    0.000000] AM335X ES2.1 (sgx neon)
[    0.000000] percpu: Embedded 17 pages/cpu s39948 r8192 d21492 u69632
[    0.000000] Kernel command line: console=ttyO0,115200n8 root=/dev/nfs rw nfsroot=192.168.255.126:/home/user01/nfs,nfsvers=3 ip=192.168.255.1:192.168.255.126::255.255.255.0:bbb1:eth0 nfsrootdebug
[    0.000000] Unknown kernel command line parameters "nfsrootdebug", will be passed to user space.
[    0.000000] printk: log buffer data + meta data: 65536 + 204800 = 270336 bytes
[    0.000000] Dentry cache hash table entries: 65536 (order: 6, 262144 bytes, linear)
[    0.000000] Inode-cache hash table entries: 32768 (order: 5, 131072 bytes, linear)
[    0.000000] Built 1 zonelists, mobility grouping on.  Total pages: 130560
[    0.000000] mem auto-init: stack:off, heap alloc:off, heap free:off
[    0.000000] SLUB: HWalign=16, Order=0-3, MinObjects=0, CPUs=1, Nodes=1
[    0.000000] rcu: Hierarchical RCU implementation.
[    0.000000] rcu: 	RCU event tracing is enabled.
[    0.000000] rcu: 	RCU restricting CPUs from NR_CPUS=2 to nr_cpu_ids=1.
[    0.000000] 	Tracing variant of Tasks RCU enabled.
[    0.000000] rcu: RCU calculated value of scheduler-enlistment delay is 10 jiffies.
[    0.000000] rcu: Adjusting geometry for rcu_fanout_leaf=16, nr_cpu_ids=1
[    0.000000] RCU Tasks Trace: Setting shift to 0 and lim to 1 rcu_task_cb_adjust=1 rcu_task_cpu_ids=1.
[    0.000000] NR_IRQS: 16, nr_irqs: 16, preallocated irqs: 16
[    0.000000] IRQ: Found an INTC at 0x(ptrval) (revision 5.0) with 128 interrupts
[    0.000000] rcu: srcu_init: Setting srcu_struct sizes based on contention.
[    0.000000] TI gptimer clocksource: always-on /ocp/interconnect@44c00000/segment@200000/target-module@31000
[    0.000002] sched_clock: 32 bits at 24MHz, resolution 41ns, wraps every 89478484971ns
[    0.000026] clocksource: dmtimer: mask: 0xffffffff max_cycles: 0xffffffff, max_idle_ns: 79635851949 ns
[    0.000497] TI gptimer clockevent: 24000000 Hz at /ocp/interconnect@48000000/segment@0/target-module@40000
[    0.002065] Console: colour dummy device 80x30
[    0.002131] WARNING: Your 'console=ttyO0' has been replaced by 'ttyS0'
[    0.002140] This ensures that you still see kernel messages. Please
[    0.002144] update your kernel commandline.
[    0.002185] Calibrating delay loop... 996.14 BogoMIPS (lpj=4980736)
[    0.090615] CPU: Testing write buffer coherency: ok
[    0.090699] CPU0: Spectre v2: using BPIALL workaround
[    0.090709] pid_max: default: 32768 minimum: 301
[    0.091026] Mount-cache hash table entries: 1024 (order: 0, 4096 bytes, linear)
[    0.091047] Mountpoint-cache hash table entries: 1024 (order: 0, 4096 bytes, linear)
[    0.092624] CPU0: thread -1, cpu 0, socket -1, mpidr 0
[    0.092679] cacheinfo: Unable to detect cache hierarchy for CPU 0
[    0.094734] Setting up static identity map for 0x80100000 - 0x80100078
[    0.095050] rcu: Hierarchical SRCU implementation.
[    0.095059] rcu: 	Max phase no-delay instances is 1000.
[    0.096794] smp: Bringing up secondary CPUs ...
[    0.096853] smp: Brought up 1 node, 1 CPU
[    0.096864] SMP: Total of 1 processors activated (996.14 BogoMIPS).
[    0.096876] CPU: All CPU(s) started in SVC mode.
[    0.097077] Memory: 479964K/522240K available (12288K kernel code, 1231K rwdata, 2956K rodata, 1024K init, 255K bss, 24364K reserved, 16384K cma-reserved, 0K highmem)
[    0.097886] devtmpfs: initialized
[    0.115824] VFP support v0.3: implementor 41 architecture 3 part 30 variant c rev 3
[    0.116493] clocksource: jiffies: mask: 0xffffffff max_cycles: 0xffffffff, max_idle_ns: 19112604462750000 ns
[    0.116548] posixtimers hash table entries: 512 (order: 0, 4096 bytes, linear)
[    0.116572] futex hash table entries: 256 (16384 bytes on 1 NUMA nodes, total 16 KiB, linear).
[    0.119783] NET: Registered PF_NETLINK/PF_ROUTE protocol family
[    0.122929] DMA: preallocated 256 KiB pool for atomic coherent allocations
[    0.123921] audit: initializing netlink subsys (disabled)
[    0.125295] thermal_sys: Registered thermal governor 'fair_share'
[    0.125312] thermal_sys: Registered thermal governor 'step_wise'
[    0.125322] thermal_sys: Registered thermal governor 'user_space'
[    0.125435] audit: type=2000 audit(0.120:1): state=initialized audit_enabled=0 res=1
[    0.125504] cpuidle: using governor menu
[    0.143683] /ocp/interconnect@44c00000/segment@200000/target-module@b000/i2c@0/tda19988@70: Fixed dependency cycle(s) with /ocp/interconnect@48000000/segment@300000/target-module@e000/lcdc@0
[    0.144768] /ocp/interconnect@48000000/segment@300000/target-module@e000/lcdc@0: Fixed dependency cycle(s) with /ocp/interconnect@44c00000/segment@200000/target-module@b000/i2c@0/tda19988@70
[    0.146947] No ATAGs?
[    0.146984] hw-breakpoint: debug architecture 0x4 unsupported.
[    0.149633] kprobes: kprobe jump-optimization is enabled. All kprobes are optimized if possible.
[    0.164382] iommu: Default domain type: Translated
[    0.164405] iommu: DMA domain TLB invalidation policy: strict mode
[    0.171626] SCSI subsystem initialized
[    0.172486] pps_core: LinuxPPS API ver. 1 registered
[    0.172498] pps_core: Software ver. 5.3.6 - Copyright 2005-2007 Rodolfo Giometti <giometti@linux.it>
[    0.172523] PTP clock support registered
[    0.174539] vgaarb: loaded
[    0.181011] clocksource: Switched to clocksource dmtimer
[    0.181659] VFS: Disk quotas dquot_6.6.0
[    0.181723] VFS: Dquot-cache hash table entries: 1024 (order 0, 4096 bytes)
[    0.209312] NET: Registered PF_INET protocol family
[    0.209642] IP idents hash table entries: 8192 (order: 4, 65536 bytes, linear)
[    0.211068] tcp_listen_portaddr_hash hash table entries: 512 (order: 0, 4096 bytes, linear)
[    0.211104] Table-perturb hash table entries: 65536 (order: 6, 262144 bytes, linear)
[    0.211123] TCP established hash table entries: 4096 (order: 2, 16384 bytes, linear)
[    0.211168] TCP bind hash table entries: 4096 (order: 4, 65536 bytes, linear)
[    0.211269] TCP: Hash tables configured (established 4096 bind 4096)
[    0.211391] UDP hash table entries: 256 (order: 2, 14336 bytes, linear)
[    0.211423] UDP-Lite hash table entries: 256 (order: 2, 14336 bytes, linear)
[    0.211632] NET: Registered PF_UNIX/PF_LOCAL protocol family
[    0.212923] RPC: Registered named UNIX socket transport module.
[    0.212944] RPC: Registered udp transport module.
[    0.212950] RPC: Registered tcp transport module.
[    0.212954] RPC: Registered tcp-with-tls transport module.
[    0.212959] RPC: Registered tcp NFSv4.1 backchannel transport module.
[    0.212984] PCI: CLS 0 bytes, default 64
[    0.214445] Initialise system trusted keyrings
[    0.225269] workingset: timestamp_bits=14 max_order=17 bucket_order=3
[    0.226648] NFS: Registering the id_resolver key type
[    0.226727] Key type id_resolver registered
[    0.226734] Key type id_legacy registered
[    0.226850] jffs2: version 2.2. (NAND) (SUMMARY)  Â© 2001-2006 Red Hat, Inc.
[    0.227317] Key type asymmetric registered
[    0.227333] Asymmetric key parser 'x509' registered
[    0.227407] io scheduler mq-deadline registered
[    0.227418] io scheduler kyber registered
[    0.227494] io scheduler bfq registered
[    0.229395] target-module@4b000000:target-module@140000:pmu@0:fck: device ID is greater than 24
[    0.230578] ledtrig-cpu: registered to indicate activity on CPUs
[    0.235921] Serial: 8250/16550 driver, 6 ports, IRQ sharing enabled
[    0.286683] brd: module loaded
[    0.307050] loop: module loaded
[    0.307997] mtdoops: mtd device (mtddev=name/number) must be supplied
[    0.311032] i2c_dev: i2c /dev entries driver
[    0.312070] cpuidle: enable-method property 'ti,am3352' found operations
[    0.312518] sdhci: Secure Digital Host Controller Interface driver
[    0.312527] sdhci: Copyright(c) Pierre Ossman
[    0.312715] sdhci-pltfm: SDHCI platform and OF driver helper
[    0.314247] hw perfevents: enabled with armv7_cortex_a8 PMU driver, 5 (8000000f) counters available
[    0.314777] Initializing XFRM netlink socket
[    0.315139] NET: Registered PF_INET6 protocol family
[    0.317199] Segment Routing with IPv6
[    0.317283] In-situ OAM (IOAM) with IPv6
[    0.317382] sit: IPv6, IPv4 and MPLS over IPv4 tunneling driver
[    0.318358] NET: Registered PF_PACKET protocol family
[    0.318378] PFKEY is deprecated and scheduled to be removed in 2027, please contact the netdev mailing list
[    0.318393] NET: Registered PF_KEY protocol family
[    0.318528] Key type dns_resolver registered
[    0.318755] ThumbEE CPU extension supported.
[    0.318775] Registering SWP/SWPB emulation handler
[    0.319295] omap_voltage_late_init: Voltage driver support not added
[    0.319957] SmartReflex Class3 initialized
[    0.351049] Loading compiled-in X.509 certificates
[    0.396529] /ocp/interconnect@44c00000/segment@200000/target-module@b000/i2c@0/tda19988@70: Fixed dependency cycle(s) with /ocp/interconnect@48000000/segment@300000/target-module@e000/lcdc@0
[    0.402948] /ocp/interconnect@44c00000/segment@200000/target-module@b000/i2c@0/tda19988@70: Fixed dependency cycle(s) with /ocp/interconnect@48000000/segment@300000/target-module@e000/lcdc@0
[    0.430502] /ocp/interconnect@44c00000/segment@200000/target-module@b000/i2c@0/tda19988@70: Fixed dependency cycle(s) with /ocp/interconnect@48000000/segment@300000/target-module@e000/lcdc@0
[    0.431423] /ocp/interconnect@44c00000/segment@200000/target-module@b000/i2c@0/tda19988@70: Fixed dependency cycle(s) with /ocp/interconnect@48000000/segment@300000/target-module@e000/lcdc@0
[    0.435223] /ocp/interconnect@44c00000/segment@200000/target-module@10000/scm@0/pinmux@800: Fixed dependency cycle(s) with /ocp/interconnect@44c00000/segment@200000/target-module@10000/scm@0/pinmux@800/clkout2-pins
[    0.435851] pinctrl-single 44e10800.pinmux: 142 pins, size 568
[    0.480997] /ocp/interconnect@48000000/segment@300000/target-module@e000/lcdc@0: Fixed dependency cycle(s) with /ocp/interconnect@44c00000/segment@200000/target-module@b000/i2c@0/tda19988@70
[    0.517034] OMAP GPIO hardware version 0.1
[    0.564832] omap_i2c 4819c000.i2c: bus 2 rev0.11 at 100 kHz
[    0.581154] 48000000.interconnect:segment@200000:target-module@0:mpu@0:fck: device ID is greater than 24
[    0.582066] /ocp/interconnect@48000000/segment@300000/target-module@e000/lcdc@0: Fixed dependency cycle(s) with /ocp/interconnect@44c00000/segment@200000/target-module@b000/i2c@0/tda19988@70
[    0.585150] /ocp/interconnect@48000000/segment@300000/target-module@e000/lcdc@0: Fixed dependency cycle(s) with /ocp/interconnect@44c00000/segment@200000/target-module@b000/i2c@0/tda19988@70
[    0.585962] /ocp/interconnect@44c00000/segment@200000/target-module@b000/i2c@0/tda19988@70: Fixed dependency cycle(s) with /ocp/interconnect@48000000/segment@300000/target-module@e000/lcdc@0
[    0.586143] /ocp/interconnect@48000000/segment@300000/target-module@e000/lcdc@0: Fixed dependency cycle(s) with /ocp/interconnect@44c00000/segment@200000/target-module@b000/i2c@0/tda19988@70
[    0.593812] sdhci-omap 481d8000.mmc: supply pbias not found, using dummy regulator
[    0.594277] sdhci-omap 481d8000.mmc: supply vqmmc not found, using dummy regulator
[    0.684136] davinci_mdio 4a101000.mdio: davinci mdio revision 1.6, bus freq 1000000
[    0.834414] davinci_mdio 4a101000.mdio: phy[0]: device 4a101000.mdio:00, driver SMSC LAN8710/LAN8720
[    0.835306] cpsw-switch 4a100000.switch: initialized cpsw ale version 1.4
[    0.835330] cpsw-switch 4a100000.switch: ALE Table size 1024, Policers 0
[    0.835568] cpsw-switch 4a100000.switch: cpts: overflow check period 500 (jiffies)
[    0.835585] cpsw-switch 4a100000.switch: CPTS: ref_clk_freq:250000000 calc_mult:2147483648 calc_shift:29 error:0 nsec/sec
[    0.835681] cpsw-switch 4a100000.switch: Detected MACID = 6c:ec:eb:68:de:78
[    0.837564] cpsw-switch 4a100000.switch: initialized (regs 0x4a100000, pool size 256) hw_ver:0019010C 1.12 (0)
[    0.849869] debugfs: '49000000.dma' already exists in 'dmaengine'
[    0.849914] edma 49000000.dma: TI EDMA DMA engine driver
[    0.889866] ti-sysc 44e31000.target-module: Failed to create device link (0x180) with supplier ocp for /ocp/interconnect@44c00000/segment@200000/target-module@31000/timer@0
[    0.889927] ti-sysc 48040000.target-module: Failed to create device link (0x180) with supplier ocp for /ocp/interconnect@48000000/segment@0/target-module@40000/timer@0
[    0.909767] 44e09000.serial: ttyS0 at MMIO 0x44e09000 (irq = 34, base_baud = 3000000) is a 8250
[    0.909888] printk: legacy console [ttyS0] enabled
[    2.455885] tps65217-pmic: Failed to locate of_node [id: -1]
[    2.461946] tps65217-bl: Failed to locate of_node [id: -1]
[    2.469440] platform tps65217-charger: DMA mask not set
[    2.476494] platform tps65217-pwrbutton: DMA mask not set
[    2.484293] tps65217 0-0024: TPS65217 ID 0xe version 1.2
[    2.490371] /ocp/interconnect@48000000/segment@300000/target-module@e000/lcdc@0: Fixed dependency cycle(s) with /ocp/interconnect@44c00000/segment@200000/target-module@b000/i2c@0/tda19988@70
[    2.507802] /ocp/interconnect@44c00000/segment@200000/target-module@b000/i2c@0/tda19988@70: Fixed dependency cycle(s) with /ocp/interconnect@48000000/segment@300000/target-module@e000/lcdc@0
[    2.525170] omap_i2c 44e0b000.i2c: bus 0 rev0.11 at 400 kHz
[    2.533191] omap_gpio 44e07000.gpio: Could not set line 6 debounce to 200000 microseconds (-22)
[    2.542078] sdhci-omap 48060000.mmc: Got CD GPIO
[    2.547160] sdhci-omap 48060000.mmc: supply pbias not found, using dummy regulator
[    2.557465] sdhci-omap 48060000.mmc: supply vqmmc not found, using dummy regulator
[    2.566684] sdhci-omap 481d8000.mmc: supply pbias not found, using dummy regulator
[    2.574669] sdhci-omap 481d8000.mmc: supply vqmmc not found, using dummy regulator
[    2.611873] mmc1: SDHCI controller on 481d8000.mmc [481d8000.mmc] using External DMA
[    2.620304] mmc0: SDHCI controller on 48060000.mmc [48060000.mmc] using External DMA
[    2.629139] cpsw-switch 4a100000.switch: starting ndev. mode: dual_mac
[    2.695228] mmc1: new high speed MMC card at address 0001
[    2.702077] mmcblk1: mmc1:0001 MMC04G 3.60 GiB
[    2.709916]  mmcblk1: p1 p2
[    2.713663] SMSC LAN8710/LAN8720 4a101000.mdio:00: attached PHY driver (mii_bus:phy_addr=4a101000.mdio:00, irq=POLL)
[    2.726239] mmcblk1boot0: mmc1:0001 MMC04G 2.00 MiB
[    2.740147] mmcblk1boot1: mmc1:0001 MMC04G 2.00 MiB
[    2.749080] mmcblk1rpmb: mmc1:0001 MMC04G 128 KiB, chardev (249:0)
[    2.798427] mmc0: new high speed SDHC card at address aaaa
[    2.805363] mmcblk0: mmc0:aaaa SE32G 29.7 GiB
[    2.814424]  mmcblk0: p1 p2
[    5.845657] cpsw-switch 4a100000.switch eth0: Link is Up - 100Mbps/Full - flow control off
[    5.874905] IP-Config: Complete:
[    5.878174]      device=eth0, hwaddr=6c:ec:eb:68:de:78, ipaddr=192.168.255.1, mask=255.255.255.0, gw=255.255.255.255
[    5.888812]      host=bbb1, domain=, nis-domain=(none)
[    5.893981]      bootserver=192.168.255.126, rootserver=192.168.255.126, rootpath=
[    5.894410] clk: Disabling unused clocks
[    5.906271] PM: genpd: Disabling unused power domains
[    5.911438] KTAP version 1
[    5.914164] 1..0
[    5.916957] check access for rdinit=/init failed: -2, ignoring
[    5.952615] VFS: Mounted root (nfs filesystem) on device 0:17.
[    5.959657] devtmpfs: mounted
[    5.964138] Freeing unused kernel image (initmem) memory: 1024K
[    5.971116] Run /sbin/init as init process
[    6.642637] systemd[1]: System time before build time, advancing clock.
[    8.154914] random: crng init done
[    8.187570] systemd[1]: systemd 232 running in system mode. (+PAM +AUDIT +SELINUX +IMA +APPARMOR +SMACK +SYSVINIT +UTMP +LIBCRYPTSETUP +GCRYPT +GNUTLS +ACL +XZ +LZ4 +SECCOMP +BLKID +ELFUTILS +KMOD +IDN)
[    8.206692] systemd[1]: Detected architecture arm.

Welcome to [1mDebian GNU/Linux 9 (stretch)[0m!

[    8.238352] systemd[1]: Set hostname to <arm>.
[    9.392791] systemd[1]: systemd-journald.socket: SO_PASSSEC failed: Operation not supported
[    9.401771] systemd[1]: systemd-journald.socket: SO_PASSSEC failed: Operation not supported
[    9.410524] systemd[1]: Listening on Journal Socket.
[[0;32m  OK  [0m] Listening on Journal Socket.
[    9.436233] systemd[1]: Listening on Journal Audit Socket.
[[0;32m  OK  [0m] Listening on Journal Audit Socket.
[    9.465556] systemd[1]: Listening on udev Kernel Socket.
[[0;32m  OK  [0m] Listening on udev Kernel Socket.
[    9.495798] systemd[1]: Started Forward Password Requests to Wall Directory Watch.
[[0;32m  OK  [0m] Started Forward Password Requests to Wall Directory Watch.
[    9.526908] systemd[1]: Listening on udev Control Socket.
[[0;32m  OK  [0m] Listening on udev Control Socket.
[[0;32m  OK  [0m] Listening on Journal Socket (/dev/log).
[[0;32m  OK  [0m] Set up automount Arbitrary Executabâ€¦rmats File System Automount Point.
[[0;32m  OK  [0m] Listening on Syslog Socket.
[[0;32m  OK  [0m] Listening on /dev/initctl Compatibility Named Pipe.
[[0;32m  OK  [0m] Created slice System Slice.
[[0;32m  OK  [0m] Created slice system-getty.slice.
         Mounting Debug File System...
         Starting Remount Root and Kernel File Systems...
         Starting Create list of required stâ€¦ce nodes for the current kernel...
[[0;32m  OK  [0m] Reached target Remote File Systems.
         Mounting POSIX Message Queue File System...
         Starting Load Kernel Modules...
[[0;32m  OK  [0m] Created slice system-serial\x2dgetty.slice.
[[0;32m  OK  [0m] Created slice User and Session Slice.
[[0;32m  OK  [0m] Reached target Slices.
[[0;32m  OK  [0m] Reached target Swap.
         Starting Journal Service...
[[0;32m  OK  [0m] Started Dispatch Password Requests to Console Directory Watch.
[[0;32m  OK  [0m] Reached target Encrypted Volumes.
[[0;32m  OK  [0m] Reached target Paths.
[[0;32m  OK  [0m] Mounted POSIX Message Queue File System.
[[0;32m  OK  [0m] Mounted Debug File System.
[[0;32m  OK  [0m] Started Remount Root and Kernel File Systems.
[[0;32m  OK  [0m] Started Create list of required staâ€¦vice nodes for the current kernel.
         Starting Create Static Device Nodes in /dev...
         Starting udev Coldplug all Devices...
         Starting Load/Save Random Seed...
[[0;32m  OK  [0m] Started Load Kernel Modules.
         Mounting Configuration File System...
         Starting Apply Kernel Variables...
[[0;32m  OK  [0m] Mounted Configuration File System.
[[0;32m  OK  [0m] Started Load/Save Random Seed.
[[0;32m  OK  [0m] Started Apply Kernel Variables.
[[0;32m  OK  [0m] Started Create Static Device Nodes in /dev.
         Starting udev Kernel Device Manager...
[[0;32m  OK  [0m] Reached target Local File Systems (Pre).
[[0;32m  OK  [0m] Reached target Local File Systems.
         Starting Raise network interfaces...
[[0;32m  OK  [0m] Started Journal Service.
         Starting Flush Journal to Persistent Storage...
[   11.812284] systemd-journald[91]: Received request to flush runtime journal from PID 1
[[0;32m  OK  [0m] Started Flush Journal to Persistent Storage.
         Starting Create Volatile Files and Directories...
[[0;32m  OK  [0m] Started udev Kernel Device Manager.
[   12.645379] omap_prm 44e00d00.prm: sync_state() pending due to 44d00000.cpu
[[0;32m  OK  [0m] Started Create Volatile Files and Directories.
         Starting Update UTMP about System Boot/Shutdown...
         Starting Network Time Synchronization...
[[0;32m  OK  [0m] Started Update UTMP about System Boot/Shutdown.
[[0;32m  OK  [0m] Started udev Coldplug all Devices.
[   14.849933] remoteproc remoteproc0: wkup_m3 is available
[   15.144740] omap_rtc 44e3e000.rtc: registered as rtc0
[   15.150125] omap_rtc 44e3e000.rtc: setting system clock to 2000-01-01T00:00:00 UTC (946684800)
[   15.253516] at24 2-0054: supply vcc not found, using dummy regulator
[   15.324231] omap_wdt: OMAP Watchdog Timer Rev 0x01: initial timeout 60 sec
[   15.403322] at24 2-0055: supply vcc not found, using dummy regulator
[   15.523752] at24 2-0056: supply vcc not found, using dummy regulator
[[0;32m  OK  [0m] Found device /dev/ttyS0.
[[0;32m  OK  [0m] Started Network Time Synchronization.
[   15.657783] at24 2-0057: supply vcc not found, using dummy regulator
[   15.772164] at24 0-0050: 4096 byte 24c32 EEPROM, writable, 1 bytes/write
[   15.812189] input: tps65217_pwrbutton as /devices/platform/ocp/44c00000.interconnect/44c00000.interconnect:segment@200000/44e0b000.target-module/44e0b000.i2c/i2c-0/0-0024/tps65217-pwrbutton/input/input0
[[0;32m  OK  [0m] Reached target System Time Synchronized.
[[0;32m  OK  [0m] Reached target System Initialization.
[[0;32m  OK  [0m] Listening on Avahi mDNS/DNS-SD Stack Activation Socket.
[[0;32m  OK  [0m] Listening on D-Bus System Message Bus Socket.
[[0;32m  OK  [0m] Reached target Sockets.
[[0;32m  OK  [0m] Started Daily Cleanup of Temporary Directories.
[[0;32m  OK  [0m] Reached target Basic System.
[   16.318150] am335x-phy-driver 47401300.usb-phy: dummy supplies not allowed for exclusive requests (id=vbus)
         Starting LSB: Start busybox udhcpd at boot time...
[   16.475387] am335x-phy-driver 47401b00.usb-phy: dummy supplies not allowed for exclusive requests (id=vbus)
         Starting Cape Manager Service...
         Starting Generic Board Startup...
         Starting LSB: Load kernel modules needed to enable cpufreq scaling...
         Starting Avahi mDNS/DNS-SD Stack...
[   17.106763] usbcore: registered new interface driver usbfs
[   17.112411] usbcore: registered new interface driver hub
[   17.118119] usbcore: registered new device driver usb
[[0;32m  OK  [0m] Started D-Bus System Message Bus.
[   17.889901] musb-hdrc musb-hdrc.1: MUSB HDRC host driver
[   17.895547] musb-hdrc musb-hdrc.1: new USB bus registered, assigned bus number 1
[   18.012141] omap-mailbox 480c8000.mailbox: omap mailbox rev 0x400
[   18.029519] tda998x 0-0070: found TDA19988
[   18.091088] remoteproc remoteproc0: powering up wkup_m3
[   18.210006] usb usb1: New USB device found, idVendor=1d6b, idProduct=0002, bcdDevice= 6.18
[   18.218606] usb usb1: New USB device strings: Mfr=3, Product=2, SerialNumber=1
[   18.225945] usb usb1: Product: MUSB HDRC host driver
[   18.230942] usb usb1: Manufacturer: Linux 6.18.0-rc5-next-20251114 musb-hcd
[   18.237986] usb usb1: SerialNumber: musb-hdrc.1
[   18.371231] remoteproc remoteproc0: Direct firmware load for am335x-pm-firmware.elf failed with error -2
[   18.381036] remoteproc remoteproc0: request_firmware failed: -2
[   18.387066] wkup_m3_ipc 44e11324.wkup_m3_ipc: rproc_boot failed
[   18.705866] hub 1-0:1.0: USB hub found
[   18.731675] hub 1-0:1.0: 1 port detected
[   20.996908] tilcdc 4830e000.lcdc: bound 0-0070 (ops tda998x_driver_exit [tda998x])
[   21.036934] omap_rng 48310000.rng: Random Number Generator ver. 20
[   21.095119] [drm] Initialized tilcdc 1.0.0 for 4830e000.lcdc on minor 0
[   21.185531] tilcdc 4830e000.lcdc: [drm] Cannot find any crtc or sizes
[   21.205090] tilcdc 4830e000.lcdc: [drm] Cannot find any crtc or sizes
[[0;32m  OK  [0m] Started Avahi mDNS/DNS-SD Stack.
[   21.350337] ------------[ cut here ]------------
[   21.355176] WARNING: net/8021q/vlan_core.c:236 at vlan_for_each+0x114/0x134, CPU#0: avahi-daemon/197
[   21.364389] RTNL: assertion failed at net/8021q/vlan_core.c (236)
[   21.370591] Modules linked in: omap_rng tilcdc rng_core drm_dma_helper drm_client_lib snd_soc_davinci_mcasp snd_soc_ti_udma snd_soc_ti_edma snd_soc_ti_sdma snd_soc_core snd_pcm_dmaengine snd_pcm snd_timer snd omap_mailbox soundcore musb_dsps tda998x musb_hdrc cec udc_core drm_kms_helper usbcore drm phy_am335x phy_generic usb_common wkup_m3_ipc cppi41 phy_am335x_control tps65218_pwrbutton drm_panel_orientation_quirks omap_wdt at24 watchdog rtc_omap wkup_m3_rproc leds_gpio led_class cpufreq_dt autofs4
[   21.415332] CPU: 0 UID: 107 PID: 197 Comm: avahi-daemon Not tainted 6.18.0-rc5-next-20251114 #1 NONE 
[   21.415351] Hardware name: Generic AM33XX (Flattened Device Tree)
[   21.415360] Call trace: 
[   21.415377]  unwind_backtrace from show_stack+0x10/0x14
[   21.415414]  show_stack from dump_stack_lvl+0x50/0x64
[   21.415439]  dump_stack_lvl from __warn+0x88/0x148
[   21.415456]  __warn from warn_slowpath_fmt+0x19c/0x1b0
[   21.415468]  warn_slowpath_fmt from vlan_for_each+0x114/0x134
[   21.415485]  vlan_for_each from cpsw_add_mc_addr+0x40/0xa4
[   21.415514]  cpsw_add_mc_addr from __hw_addr_ref_sync_dev+0x108/0x140
[   21.415539]  __hw_addr_ref_sync_dev from __dev_mc_add+0x7c/0x80
[   21.415555]  __dev_mc_add from igmp6_group_added+0xc8/0xe0
[   21.415573]  igmp6_group_added from __ipv6_dev_mc_inc+0x218/0x364
[   21.415586]  __ipv6_dev_mc_inc from __ipv6_sock_mc_join+0x11c/0x1c0
[   21.415598]  __ipv6_sock_mc_join from do_ipv6_setsockopt+0x1214/0x1310
[   21.415620]  do_ipv6_setsockopt from ipv6_setsockopt+0x60/0xcc
[   21.415636]  ipv6_setsockopt from udpv6_setsockopt+0x2c/0x6c
[   21.415655]  udpv6_setsockopt from sock_common_setsockopt+0x30/0x40
[   21.415679]  sock_common_setsockopt from do_sock_setsockopt+0x50/0x9c
[   21.415711]  do_sock_setsockopt from __sys_setsockopt+0x70/0xbc
[   21.415729]  __sys_setsockopt from ret_fast_syscall+0x0/0x58
[   21.415744] Exception stack(0xe0149fa8 to 0xe0149ff0)
[   21.415758] 9fa0:                   00000014 b6f2cce8 0000000d 00000029 00000014 beb999ec
[   21.415770] 9fc0: 00000014 b6f2cce8 00000014 00000126 0000000d b6ed5ff4 0050e988 004f6558
[   21.415778] 9fe0: b6eeb088 beb999d8 b6ec8309 b6d9f41a
[   21.415786] ---[ end trace 0000000000000000 ]---
         Starting Connection service...
[[0;32m  OK  [0m] Started Daily apt download activities.
[[0;32m  OK  [0m] Started Daily apt upgrade and clean activities.
[[0;32m  OK  [0m] Reached target Timers.
         Starting Login Service...
         Starting Telephony service...
         Starting DUN service...
[[0;32m  OK  [0m] Started Regular background program processing daemon.
         Starting System Logging Service...
[[0;32m  OK  [0m] Started Cape Manager Service.
[   22.874490] omap-sham 53100000.sham: hw accel on OMAP rev 4.3
[   22.961276] PM: Cannot get wkup_m3_ipc handle
[   23.015280] omap-sham 53100000.sham: will run requests pump with realtime priority
[   23.033198] PM: Cannot get wkup_m3_ipc handle
[   23.493834] omap-aes 53500000.aes: OMAP AES hw accel rev: 3.2
[   23.582986] omap-aes 53500000.aes: will run requests pump with realtime priority
[   23.592010] PM: Cannot get wkup_m3_ipc handle
[[0;32m  OK  [0m] Started System Logging Service.
[   25.406798] Bluetooth: Core ver 2.22
[   25.410628] NET: Registered PF_BLUETOOTH protocol family
[   25.416198] Bluetooth: HCI device and connection manager initialized
[   25.422617] Bluetooth: HCI socket layer initialized
[   25.427580] Bluetooth: L2CAP socket layer initialized
[   25.432697] Bluetooth: SCO socket layer initialized
[   26.890125] gpio-537 (nxp,calib): gpiod_direction_output_nonotify: tried to set a GPIO tied to an IRQ as output
[   27.148381] PM: Cannot get wkup_m3_ipc handle
[   27.224257] tda9950 0-0034: TDA9950 CEC interface, hardware version 3.3
[   27.331081] PM: Cannot get wkup_m3_ipc handle
[[0;32m  OK  [0m] Started LSB: Start busybox udhcpd at boot time.
[   27.406889] PM: Cannot get wkup_m3_ipc handle
[[0;32m  OK  [0m] Started Raise network interfaces.
[   29.124459] configfs-gadget.g_multi gadget.0: HOST MAC 1c:ba:8c:a2:ed:6c
[   29.131508] configfs-gadget.g_multi gadget.0: MAC 1c:ba:8c:a2:ed:70
[   29.138924] configfs-gadget.g_multi gadget.0: HOST MAC 1c:ba:8c:a2:ed:6c
[   29.145778] configfs-gadget.g_multi gadget.0: MAC 1c:ba:8c:a2:ed:6d
[   29.165491] PM: Cannot get wkup_m3_ipc handle
[[0;32m  OK  [0m] Started LSB: Load kernel modules needed to enable cpufreq scaling.
[[0;32m  OK  [0m] Started DUN service.
[[0;32m  OK  [0m] Started Telephony service.
[[0;32m  OK  [0m] Started Connection service.
[[0;32m  OK  [0m] Started Login Service.
         Starting Hostname Service...
         Starting WPA supplicant...
[[0;32m  OK  [0m] Reached target Sound Card.
         Starting LSB: set CPUFreq kernel parameters...
[[0;32m  OK  [0m] Started WPA supplicant.
[[0;32m  OK  [0m] Started Hostname Service.
[[0;32m  OK  [0m] Reached target Network.
         Starting The Apache HTTP Server...
         Starting Permit User Sessions...
         Starting OpenBSD Secure Shell server...
[[0;32m  OK  [0m] Reached target Network is Online.
         Starting LSB: Advanced IEEE 802.11 management daemon...
[[0;32m  OK  [0m] Started LSB: set CPUFreq kernel parameters.
[[0;32m  OK  [0m] Started Permit User Sessions.
[[0;32m  OK  [0m] Started LSB: Advanced IEEE 802.11 management daemon.
[[0;32m  OK  [0m] Started Getty on tty1.
[[0;32m  OK  [0m] Started Serial Getty on ttyS0.
[[0;32m  OK  [0m] Reached target Login Prompts.
         Stopping LSB: Start busybox udhcpd at boot time...
[[0;32m  OK  [0m] Stopped LSB: Start busybox udhcpd at boot time.
[[0;32m  OK  [0m] Started OpenBSD Secure Shell server.
         Starting dnsmasq - A lightweight DHCP and caching DNS server...
[[0;32m  OK  [0m] Started The Apache HTTP Server.
[[0;32m  OK  [0m] Started dnsmasq - A lightweight DHCP and caching DNS server.
[[0;32m  OK  [0m] Reached target Host and Network Name Lookups.
[[0;32m  OK  [0m] Started Serial Getty on ttyGS0.
[[0;32m  OK  [0m] Started Generic Board Startup.
[[0;32m  OK  [0m] Reached target Multi-User System.
[[0;32m  OK  [0m] Reached target Graphical Interface.
         Starting Update UTMP about System Runlevel Changes...
[[0;32m  OK  [0m] Started Update UTMP about System Runlevel Changes.

Debian GNU/Linux 9 arm ttyS0

default username:password is [debian:temppwd]

arm login: root
Password: 
Last login: Sat Jan  1 00:00:34 UTC 2000 on ttyS0
root
Linux arm 6.18.0-rc5-next-20251114 #1 SMP Fri Nov 14 08:21:03 EET 2025 armv7l

The programs included with the Debian GNU/Linux system are free software;
the exact distribution terms for each program are described in the
individual files in /usr/share/doc/*/copyright.

Debian GNU/Linux comes with ABSOLUTELY NO WARRANTY, to the extent
permitted by applicable law.
root@arm:~# root
-bash: root: command not found
root@arm:~# dmesg -n 1
root@arm:~# echo 'YQYP''SAHBTV'
YQYPSAHBTV
root@arm:~# run() { echo -n "$MARKER"; sh -c "$@"; echo "$MARKER $?"; }
root@arm:~# echo 'CHTF''SXJQZS'
CHTFSXJQZS
root@arm:~# MARKER='SGJM''VUNJNZ' run 'cat /proc/version'
SGJMVUNJNZLinux version 6.18.0-rc5-next-20251114 (user01@drvtest01) (arm-none-eabi-gcc (Arm GNU Toolchain 14.2.Rel1 (Build arm-14.52)) 14.2.1 20241119, GNU ld (Arm GNU Toolchain 14.2.Rel1 (Build arm-14.52)) 2.43.1.20241119) #1 SMP Fri Nov 14 08:21:03 EET 2025
SGJMVUNJNZ 0
root@arm:~# echo 'XHCY''BYTNBB'
XHCYBYTNBB
root@arm:~# MARKER='MEYX''ECASJP' run false
MEYXECASJPMEYXECASJP 1
root@arm:~# Labgrid Console Logfile for main
Logfile started at 2025-11-14 08:23:56.446247
=== Log starts here ===

root@arm:~# run() { echo -n "$MARKER"; sh -c "$@"; echo "$MARKER $?"; }
root@arm:~# echo 'SBSK''JSHJTB'
SBSKJSHJTB
root@arm:~# MARKER='BUFE''YPOCZT' run 'ls /iio_generic_buffer; echo $?'
BUFEYPOCZT/iio_generic_buffer
0
BUFEYPOCZT 0
root@arm:~# Labgrid Console Logfile for main
Logfile started at 2025-11-14 08:23:59.830637
=== Log starts here ===

root@arm:~# run() { echo -n "$MARKER"; sh -c "$@"; echo "$MARKER $?"; }
root@arm:~# echo 'PSKW''YMPVLY'
PSKWYMPVLY
root@arm:~# MARKER='SEHK''ANMGTZ' run dmesg
SEHKANMGTZ[    0.000000] Booting Linux on physical CPU 0x0
[    0.000000] Linux version 6.18.0-rc5-next-20251114 (user01@drvtest01) (arm-none-eabi-gcc (Arm GNU Toolchain 14.2.Rel1 (Build arm-14.52)) 14.2.1 20241119, GNU ld (Arm GNU Toolchain 14.2.Rel1 (Build arm-14.52)) 2.43.1.20241119) #1 SMP Fri Nov 14 08:21:03 EET 2025
[    0.000000] CPU: ARMv7 Processor [413fc082] revision 2 (ARMv7), cr=10c5387d
[    0.000000] CPU: PIPT / VIPT nonaliasing data cache, VIPT aliasing instruction cache
[    0.000000] OF: fdt: Machine model: TI AM335x BeagleBone Black
[    0.000000] Memory policy: Data cache writeback
[    0.000000] cma: Reserved 16 MiB at 0x9e800000
[    0.000000] Zone ranges:
[    0.000000]   Normal   [mem 0x0000000080000000-0x000000009fdfffff]
[    0.000000]   HighMem  empty
[    0.000000] Movable zone start for each node
[    0.000000] Early memory node ranges
[    0.000000]   node   0: [mem 0x0000000080000000-0x000000009fdfffff]
[    0.000000] Initmem setup node 0 [mem 0x0000000080000000-0x000000009fdfffff]
[    0.000000] On node 0, zone Normal: 512 pages in unavailable ranges
[    0.000000] OF: reserved mem: Reserved memory: No reserved-memory node in the DT
[    0.000000] CPU: All CPU(s) started in SVC mode.
[    0.000000] AM335X ES2.1 (sgx neon)
[    0.000000] percpu: Embedded 17 pages/cpu s39948 r8192 d21492 u69632
[    0.000000] pcpu-alloc: s39948 r8192 d21492 u69632 alloc=17*4096
[    0.000000] pcpu-alloc: [0] 0 
[    0.000000] Kernel command line: console=ttyO0,115200n8 root=/dev/nfs rw nfsroot=192.168.255.126:/home/user01/nfs,nfsvers=3 ip=192.168.255.1:192.168.255.126::255.255.255.0:bbb1:eth0 nfsrootdebug
[    0.000000] Unknown kernel command line parameters "nfsrootdebug", will be passed to user space.
[    0.000000] printk: log buffer data + meta data: 65536 + 204800 = 270336 bytes
[    0.000000] Dentry cache hash table entries: 65536 (order: 6, 262144 bytes, linear)
[    0.000000] Inode-cache hash table entries: 32768 (order: 5, 131072 bytes, linear)
[    0.000000] Built 1 zonelists, mobility grouping on.  Total pages: 130560
[    0.000000] mem auto-init: stack:off, heap alloc:off, heap free:off
[    0.000000] SLUB: HWalign=16, Order=0-3, MinObjects=0, CPUs=1, Nodes=1
[    0.000000] rcu: Hierarchical RCU implementation.
[    0.000000] rcu: 	RCU event tracing is enabled.
[    0.000000] rcu: 	RCU restricting CPUs from NR_CPUS=2 to nr_cpu_ids=1.
[    0.000000] 	Tracing variant of Tasks RCU enabled.
[    0.000000] rcu: RCU calculated value of scheduler-enlistment delay is 10 jiffies.
[    0.000000] rcu: Adjusting geometry for rcu_fanout_leaf=16, nr_cpu_ids=1
[    0.000000] RCU Tasks Trace: Setting shift to 0 and lim to 1 rcu_task_cb_adjust=1 rcu_task_cpu_ids=1.
[    0.000000] NR_IRQS: 16, nr_irqs: 16, preallocated irqs: 16
[    0.000000] IRQ: Found an INTC at 0x(ptrval) (revision 5.0) with 128 interrupts
[    0.000000] rcu: srcu_init: Setting srcu_struct sizes based on contention.
[    0.000000] TI gptimer clocksource: always-on /ocp/interconnect@44c00000/segment@200000/target-module@31000
[    0.000002] sched_clock: 32 bits at 24MHz, resolution 41ns, wraps every 89478484971ns
[    0.000026] clocksource: dmtimer: mask: 0xffffffff max_cycles: 0xffffffff, max_idle_ns: 79635851949 ns
[    0.000497] TI gptimer clockevent: 24000000 Hz at /ocp/interconnect@48000000/segment@0/target-module@40000
[    0.002065] Console: colour dummy device 80x30
[    0.002131] WARNING: Your 'console=ttyO0' has been replaced by 'ttyS0'
[    0.002140] This ensures that you still see kernel messages. Please
[    0.002144] update your kernel commandline.
[    0.002185] Calibrating delay loop... 996.14 BogoMIPS (lpj=4980736)
[    0.090615] CPU: Testing write buffer coherency: ok
[    0.090699] CPU0: Spectre v2: using BPIALL workaround
[    0.090709] pid_max: default: 32768 minimum: 301
[    0.091026] Mount-cache hash table entries: 1024 (order: 0, 4096 bytes, linear)
[    0.091047] Mountpoint-cache hash table entries: 1024 (order: 0, 4096 bytes, linear)
[    0.092624] CPU0: thread -1, cpu 0, socket -1, mpidr 0
[    0.092679] cacheinfo: Unable to detect cache hierarchy for CPU 0
[    0.094734] Setting up static identity map for 0x80100000 - 0x80100078
[    0.095050] rcu: Hierarchical SRCU implementation.
[    0.095059] rcu: 	Max phase no-delay instances is 1000.
[    0.096794] smp: Bringing up secondary CPUs ...
[    0.096853] smp: Brought up 1 node, 1 CPU
[    0.096864] SMP: Total of 1 processors activated (996.14 BogoMIPS).
[    0.096876] CPU: All CPU(s) started in SVC mode.
[    0.097077] Memory: 479964K/522240K available (12288K kernel code, 1231K rwdata, 2956K rodata, 1024K init, 255K bss, 24364K reserved, 16384K cma-reserved, 0K highmem)
[    0.097886] devtmpfs: initialized
[    0.115824] VFP support v0.3: implementor 41 architecture 3 part 30 variant c rev 3
[    0.116493] clocksource: jiffies: mask: 0xffffffff max_cycles: 0xffffffff, max_idle_ns: 19112604462750000 ns
[    0.116548] posixtimers hash table entries: 512 (order: 0, 4096 bytes, linear)
[    0.116572] futex hash table entries: 256 (16384 bytes on 1 NUMA nodes, total 16 KiB, linear).
[    0.119783] NET: Registered PF_NETLINK/PF_ROUTE protocol family
[    0.122929] DMA: preallocated 256 KiB pool for atomic coherent allocations
[    0.123921] audit: initializing netlink subsys (disabled)
[    0.125295] thermal_sys: Registered thermal governor 'fair_share'
[    0.125312] thermal_sys: Registered thermal governor 'step_wise'
[    0.125322] thermal_sys: Registered thermal governor 'user_space'
[    0.125435] audit: type=2000 audit(0.120:1): state=initialized audit_enabled=0 res=1
[    0.125504] cpuidle: using governor menu
[    0.143683] /ocp/interconnect@44c00000/segment@200000/target-module@b000/i2c@0/tda19988@70: Fixed dependency cycle(s) with /ocp/interconnect@48000000/segment@300000/target-module@e000/lcdc@0
[    0.144768] /ocp/interconnect@48000000/segment@300000/target-module@e000/lcdc@0: Fixed dependency cycle(s) with /ocp/interconnect@44c00000/segment@200000/target-module@b000/i2c@0/tda19988@70
[    0.146947] No ATAGs?
[    0.146984] hw-breakpoint: debug architecture 0x4 unsupported.
[    0.149633] kprobes: kprobe jump-optimization is enabled. All kprobes are optimized if possible.
[    0.164382] iommu: Default domain type: Translated
[    0.164405] iommu: DMA domain TLB invalidation policy: strict mode
[    0.165975] reg-fixed-voltage fixedregulator0: using DT '/fixedregulator0' for '(default)' GPIO lookup
[    0.166027] of_get_named_gpiod_flags: can't parse 'gpios' property of node '/fixedregulator0[0]'
[    0.166056] of_get_named_gpiod_flags: can't parse 'gpio' property of node '/fixedregulator0[0]'
[    0.166074] reg-fixed-voltage fixedregulator0: using lookup tables for GPIO lookup
[    0.166085] reg-fixed-voltage fixedregulator0: No GPIO consumer (default) found
[    0.171626] SCSI subsystem initialized
[    0.172103] libata version 3.00 loaded.
[    0.172486] pps_core: LinuxPPS API ver. 1 registered
[    0.172498] pps_core: Software ver. 5.3.6 - Copyright 2005-2007 Rodolfo Giometti <giometti@linux.it>
[    0.172523] PTP clock support registered
[    0.174539] vgaarb: loaded
[    0.181011] clocksource: Switched to clocksource dmtimer
[    0.181659] VFS: Disk quotas dquot_6.6.0
[    0.181723] VFS: Dquot-cache hash table entries: 1024 (order 0, 4096 bytes)
[    0.209312] NET: Registered PF_INET protocol family
[    0.209642] IP idents hash table entries: 8192 (order: 4, 65536 bytes, linear)
[    0.211068] tcp_listen_portaddr_hash hash table entries: 512 (order: 0, 4096 bytes, linear)
[    0.211104] Table-perturb hash table entries: 65536 (order: 6, 262144 bytes, linear)
[    0.211123] TCP established hash table entries: 4096 (order: 2, 16384 bytes, linear)
[    0.211168] TCP bind hash table entries: 4096 (order: 4, 65536 bytes, linear)
[    0.211269] TCP: Hash tables configured (established 4096 bind 4096)
[    0.211391] UDP hash table entries: 256 (order: 2, 14336 bytes, linear)
[    0.211423] UDP-Lite hash table entries: 256 (order: 2, 14336 bytes, linear)
[    0.211632] NET: Registered PF_UNIX/PF_LOCAL protocol family
[    0.212923] RPC: Registered named UNIX socket transport module.
[    0.212944] RPC: Registered udp transport module.
[    0.212950] RPC: Registered tcp transport module.
[    0.212954] RPC: Registered tcp-with-tls transport module.
[    0.212959] RPC: Registered tcp NFSv4.1 backchannel transport module.
[    0.212984] PCI: CLS 0 bytes, default 64
[    0.214445] Initialise system trusted keyrings
[    0.225269] workingset: timestamp_bits=14 max_order=17 bucket_order=3
[    0.226648] NFS: Registering the id_resolver key type
[    0.226727] Key type id_resolver registered
[    0.226734] Key type id_legacy registered
[    0.226850] jffs2: version 2.2. (NAND) (SUMMARY)  Â© 2001-2006 Red Hat, Inc.
[    0.227317] Key type asymmetric registered
[    0.227333] Asymmetric key parser 'x509' registered
[    0.227407] io scheduler mq-deadline registered
[    0.227418] io scheduler kyber registered
[    0.227494] io scheduler bfq registered
[    0.229395] target-module@4b000000:target-module@140000:pmu@0:fck: device ID is greater than 24
[    0.230578] ledtrig-cpu: registered to indicate activity on CPUs
[    0.235921] Serial: 8250/16550 driver, 6 ports, IRQ sharing enabled
[    0.286683] brd: module loaded
[    0.307050] loop: module loaded
[    0.307997] mtdoops: mtd device (mtddev=name/number) must be supplied
[    0.309582] mdio_bus fixed-0: using lookup tables for GPIO lookup
[    0.309607] mdio_bus fixed-0: No GPIO consumer reset found
[    0.311032] i2c_dev: i2c /dev entries driver
[    0.312070] cpuidle: enable-method property 'ti,am3352' found operations
[    0.312518] sdhci: Secure Digital Host Controller Interface driver
[    0.312527] sdhci: Copyright(c) Pierre Ossman
[    0.312715] sdhci-pltfm: SDHCI platform and OF driver helper
[    0.314247] hw perfevents: enabled with armv7_cortex_a8 PMU driver, 5 (8000000f) counters available
[    0.314777] Initializing XFRM netlink socket
[    0.315139] NET: Registered PF_INET6 protocol family
[    0.317199] Segment Routing with IPv6
[    0.317283] In-situ OAM (IOAM) with IPv6
[    0.317382] sit: IPv6, IPv4 and MPLS over IPv4 tunneling driver
[    0.318358] NET: Registered PF_PACKET protocol family
[    0.318378] PFKEY is deprecated and scheduled to be removed in 2027, please contact the netdev mailing list
[    0.318393] NET: Registered PF_KEY protocol family
[    0.318528] Key type dns_resolver registered
[    0.318755] ThumbEE CPU extension supported.
[    0.318775] Registering SWP/SWPB emulation handler
[    0.319295] omap_voltage_late_init: Voltage driver support not added
[    0.319957] SmartReflex Class3 initialized
[    0.351049] Loading compiled-in X.509 certificates
[    0.396529] /ocp/interconnect@44c00000/segment@200000/target-module@b000/i2c@0/tda19988@70: Fixed dependency cycle(s) with /ocp/interconnect@48000000/segment@300000/target-module@e000/lcdc@0
[    0.402948] /ocp/interconnect@44c00000/segment@200000/target-module@b000/i2c@0/tda19988@70: Fixed dependency cycle(s) with /ocp/interconnect@48000000/segment@300000/target-module@e000/lcdc@0
[    0.408692] gpiochip_find_base_unlocked: found new base at 512
[    0.430502] /ocp/interconnect@44c00000/segment@200000/target-module@b000/i2c@0/tda19988@70: Fixed dependency cycle(s) with /ocp/interconnect@48000000/segment@300000/target-module@e000/lcdc@0
[    0.431423] /ocp/interconnect@44c00000/segment@200000/target-module@b000/i2c@0/tda19988@70: Fixed dependency cycle(s) with /ocp/interconnect@48000000/segment@300000/target-module@e000/lcdc@0
[    0.435223] /ocp/interconnect@44c00000/segment@200000/target-module@10000/scm@0/pinmux@800: Fixed dependency cycle(s) with /ocp/interconnect@44c00000/segment@200000/target-module@10000/scm@0/pinmux@800/clkout2-pins
[    0.435851] pinctrl-single 44e10800.pinmux: 142 pins, size 568
[    0.480997] /ocp/interconnect@48000000/segment@300000/target-module@e000/lcdc@0: Fixed dependency cycle(s) with /ocp/interconnect@44c00000/segment@200000/target-module@b000/i2c@0/tda19988@70
[    0.501194] gpiochip_find_base_unlocked: found new base at 512
[    0.501296] gpio gpiochip0: (gpio-0-31): created GPIO range 0->7 ==> 44e10800.pinmux PIN 0->7
[    0.501316] gpio gpiochip0: (gpio-0-31): created GPIO range 8->11 ==> 44e10800.pinmux PIN 90->93
[    0.501332] gpio gpiochip0: (gpio-0-31): created GPIO range 12->27 ==> 44e10800.pinmux PIN 12->27
[    0.501348] gpio gpiochip0: (gpio-0-31): created GPIO range 28->31 ==> 44e10800.pinmux PIN 30->33
[    0.516715] gpio gpiochip0: (gpio-0-31): added GPIO chardev (254:0)
[    0.516949] gpio gpiochip0: registered GPIOs 512 to 543 on gpio-0-31
[    0.517034] OMAP GPIO hardware version 0.1
[    0.563806] i2c i2c-2: using DT '/ocp/interconnect@48000000/segment@100000/target-module@9c000/i2c@0' for 'scl' GPIO lookup
[    0.563877] of_get_named_gpiod_flags: can't parse 'scl-gpios' property of node '/ocp/interconnect@48000000/segment@100000/target-module@9c000/i2c@0[0]'
[    0.563918] of_get_named_gpiod_flags: can't parse 'scl-gpio' property of node '/ocp/interconnect@48000000/segment@100000/target-module@9c000/i2c@0[0]'
[    0.563954] i2c i2c-2: using lookup tables for GPIO lookup
[    0.563964] i2c i2c-2: No GPIO consumer scl found
[    0.563987] i2c i2c-2: using DT '/ocp/interconnect@48000000/segment@100000/target-module@9c000/i2c@0' for 'sda' GPIO lookup
[    0.564022] of_get_named_gpiod_flags: can't parse 'sda-gpios' property of node '/ocp/interconnect@48000000/segment@100000/target-module@9c000/i2c@0[0]'
[    0.564059] of_get_named_gpiod_flags: can't parse 'sda-gpio' property of node '/ocp/interconnect@48000000/segment@100000/target-module@9c000/i2c@0[0]'
[    0.564090] i2c i2c-2: using lookup tables for GPIO lookup
[    0.564098] i2c i2c-2: No GPIO consumer sda found
[    0.564832] omap_i2c 4819c000.i2c: bus 2 rev0.11 at 100 kHz
[    0.570698] gpiochip_find_base_unlocked: found new base at 544
[    0.570809] gpio gpiochip1: (gpio-32-63): created GPIO range 0->17 ==> 44e10800.pinmux PIN 34->51
[    0.570828] gpio gpiochip1: (gpio-32-63): created GPIO range 18->21 ==> 44e10800.pinmux PIN 77->80
[    0.570844] gpio gpiochip1: (gpio-32-63): created GPIO range 22->31 ==> 44e10800.pinmux PIN 56->65
[    0.571702] gpio gpiochip1: (gpio-32-63): added GPIO chardev (254:1)
[    0.571933] gpio gpiochip1: registered GPIOs 544 to 575 on gpio-32-63
[    0.574195] gpiochip_find_base_unlocked: found new base at 576
[    0.574281] gpio gpiochip2: (gpio-64-95): created GPIO range 0->4 ==> 44e10800.pinmux PIN 66->70
[    0.574300] gpio gpiochip2: (gpio-64-95): created GPIO range 5->6 ==> 44e10800.pinmux PIN 98->99
[    0.574316] gpio gpiochip2: (gpio-64-95): created GPIO range 7->8 ==> 44e10800.pinmux PIN 75->76
[    0.574332] gpio gpiochip2: (gpio-64-95): created GPIO range 13->13 ==> 44e10800.pinmux PIN 141->141
[    0.574348] gpio gpiochip2: (gpio-64-95): created GPIO range 14->21 ==> 44e10800.pinmux PIN 100->107
[    0.575182] gpio gpiochip2: (gpio-64-95): added GPIO chardev (254:2)
[    0.575425] gpio gpiochip2: registered GPIOs 576 to 607 on gpio-64-95
[    0.581154] 48000000.interconnect:segment@200000:target-module@0:mpu@0:fck: device ID is greater than 24
[    0.582066] /ocp/interconnect@48000000/segment@300000/target-module@e000/lcdc@0: Fixed dependency cycle(s) with /ocp/interconnect@44c00000/segment@200000/target-module@b000/i2c@0/tda19988@70
[    0.585150] /ocp/interconnect@48000000/segment@300000/target-module@e000/lcdc@0: Fixed dependency cycle(s) with /ocp/interconnect@44c00000/segment@200000/target-module@b000/i2c@0/tda19988@70
[    0.585962] /ocp/interconnect@44c00000/segment@200000/target-module@b000/i2c@0/tda19988@70: Fixed dependency cycle(s) with /ocp/interconnect@48000000/segment@300000/target-module@e000/lcdc@0
[    0.586143] /ocp/interconnect@48000000/segment@300000/target-module@e000/lcdc@0: Fixed dependency cycle(s) with /ocp/interconnect@44c00000/segment@200000/target-module@b000/i2c@0/tda19988@70
[    0.593450] sdhci-omap 481d8000.mmc: using DT '/ocp/interconnect@48000000/segment@100000/target-module@d8000/mmc@0' for 'wp' GPIO lookup
[    0.593523] of_get_named_gpiod_flags: can't parse 'wp-gpios' property of node '/ocp/interconnect@48000000/segment@100000/target-module@d8000/mmc@0[0]'
[    0.593568] of_get_named_gpiod_flags: can't parse 'wp-gpio' property of node '/ocp/interconnect@48000000/segment@100000/target-module@d8000/mmc@0[0]'
[    0.593604] sdhci-omap 481d8000.mmc: using lookup tables for GPIO lookup
[    0.593615] sdhci-omap 481d8000.mmc: No GPIO consumer wp found
[    0.593812] sdhci-omap 481d8000.mmc: supply pbias not found, using dummy regulator
[    0.594277] sdhci-omap 481d8000.mmc: supply vqmmc not found, using dummy regulator
[    0.630811] mdio_bus 4a101000.mdio: using DT '/ocp/interconnect@4a000000/segment@0/target-module@100000/switch@0/mdio@1000' for 'reset' GPIO lookup
[    0.630891] of_get_named_gpiod_flags: can't parse 'reset-gpios' property of node '/ocp/interconnect@4a000000/segment@0/target-module@100000/switch@0/mdio@1000[0]'
[    0.630940] of_get_named_gpiod_flags: can't parse 'reset-gpio' property of node '/ocp/interconnect@4a000000/segment@0/target-module@100000/switch@0/mdio@1000[0]'
[    0.630988] mdio_bus 4a101000.mdio: using lookup tables for GPIO lookup
[    0.630999] mdio_bus 4a101000.mdio: No GPIO consumer reset found
[    0.684136] davinci_mdio 4a101000.mdio: davinci mdio revision 1.6, bus freq 1000000
[    0.706053] mdio_bus 4a101000.mdio:00: using DT '/ocp/interconnect@4a000000/segment@0/target-module@100000/switch@0/mdio@1000/ethernet-phy@0' for 'reset' GPIO lookup
[    0.706151] of_get_named_gpiod_flags: parsed 'reset-gpios' property of node '/ocp/interconnect@4a000000/segment@0/target-module@100000/switch@0/mdio@1000/ethernet-phy@0[0]' - status (0)
[    0.706307] gpio gpiochip0: Persistence not supported for GPIO 8
[    0.834414] davinci_mdio 4a101000.mdio: phy[0]: device 4a101000.mdio:00, driver SMSC LAN8710/LAN8720
[    0.835306] cpsw-switch 4a100000.switch: initialized cpsw ale version 1.4
[    0.835330] cpsw-switch 4a100000.switch: ALE Table size 1024, Policers 0
[    0.835568] cpsw-switch 4a100000.switch: cpts: overflow check period 500 (jiffies)
[    0.835585] cpsw-switch 4a100000.switch: CPTS: ref_clk_freq:250000000 calc_mult:2147483648 calc_shift:29 error:0 nsec/sec
[    0.835681] cpsw-switch 4a100000.switch: Detected MACID = 6c:ec:eb:68:de:78
[    0.837564] cpsw-switch 4a100000.switch: initialized (regs 0x4a100000, pool size 256) hw_ver:0019010C 1.12 (0)
[    0.849869] debugfs: '49000000.dma' already exists in 'dmaengine'
[    0.849914] edma 49000000.dma: TI EDMA DMA engine driver
[    0.889866] ti-sysc 44e31000.target-module: Failed to create device link (0x180) with supplier ocp for /ocp/interconnect@44c00000/segment@200000/target-module@31000/timer@0
[    0.889927] ti-sysc 48040000.target-module: Failed to create device link (0x180) with supplier ocp for /ocp/interconnect@48000000/segment@0/target-module@40000/timer@0
[    0.890862] gpio-clk clk_mcasp0: using DT '/clk_mcasp0' for 'enable' GPIO lookup
[    0.890937] of_get_named_gpiod_flags: parsed 'enable-gpios' property of node '/clk_mcasp0[0]' - status (0)
[    0.890983] gpio gpiochip0: Persistence not supported for GPIO 27
[    0.891764] gpiochip_find_base_unlocked: found new base at 608
[    0.891876] gpio gpiochip3: (gpio-96-127): created GPIO range 0->7 ==> 44e10800.pinmux PIN 82->89
[    0.891905] gpio gpiochip3: (gpio-96-127): created GPIO range 8->11 ==> 44e10800.pinmux PIN 52->55
[    0.891923] gpio gpiochip3: (gpio-96-127): created GPIO range 12->15 ==> 44e10800.pinmux PIN 94->97
[    0.891939] gpio gpiochip3: (gpio-96-127): created GPIO range 16->17 ==> 44e10800.pinmux PIN 71->72
[    0.891954] gpio gpiochip3: (gpio-96-127): created GPIO range 18->18 ==> 44e10800.pinmux PIN 135->135
[    0.891971] gpio gpiochip3: (gpio-96-127): created GPIO range 19->20 ==> 44e10800.pinmux PIN 108->109
[    0.891988] gpio gpiochip3: (gpio-96-127): created GPIO range 21->21 ==> 44e10800.pinmux PIN 73->73
[    0.892005] gpio gpiochip3: (gpio-96-127): created GPIO range 22->23 ==> 44e10800.pinmux PIN 8->9
[    0.892022] gpio gpiochip3: (gpio-96-127): created GPIO range 26->27 ==> 44e10800.pinmux PIN 10->11
[    0.892039] gpio gpiochip3: (gpio-96-127): created GPIO range 28->28 ==> 44e10800.pinmux PIN 74->74
[    0.892057] gpio gpiochip3: (gpio-96-127): created GPIO range 29->29 ==> 44e10800.pinmux PIN 81->81
[    0.892076] gpio gpiochip3: (gpio-96-127): created GPIO range 30->31 ==> 44e10800.pinmux PIN 28->29
[    0.893094] gpio gpiochip3: (gpio-96-127): added GPIO chardev (254:3)
[    0.893316] gpio gpiochip3: registered GPIOs 608 to 639 on gpio-96-127
[    0.909008] omap8250 44e09000.serial: using DT '/ocp/interconnect@44c00000/segment@200000/target-module@9000/serial@0' for 'rs485-term' GPIO lookup
[    0.909082] of_get_named_gpiod_flags: can't parse 'rs485-term-gpios' property of node '/ocp/interconnect@44c00000/segment@200000/target-module@9000/serial@0[0]'
[    0.909127] of_get_named_gpiod_flags: can't parse 'rs485-term-gpio' property of node '/ocp/interconnect@44c00000/segment@200000/target-module@9000/serial@0[0]'
[    0.909164] omap8250 44e09000.serial: using lookup tables for GPIO lookup
[    0.909175] omap8250 44e09000.serial: No GPIO consumer rs485-term found
[    0.909185] omap8250 44e09000.serial: using DT '/ocp/interconnect@44c00000/segment@200000/target-module@9000/serial@0' for 'rs485-rx-during-tx' GPIO lookup
[    0.909221] of_get_named_gpiod_flags: can't parse 'rs485-rx-during-tx-gpios' property of node '/ocp/interconnect@44c00000/segment@200000/target-module@9000/serial@0[0]'
[    0.909259] of_get_named_gpiod_flags: can't parse 'rs485-rx-during-tx-gpio' property of node '/ocp/interconnect@44c00000/segment@200000/target-module@9000/serial@0[0]'
[    0.909291] omap8250 44e09000.serial: using lookup tables for GPIO lookup
[    0.909299] omap8250 44e09000.serial: No GPIO consumer rs485-rx-during-tx found
[    0.909767] 44e09000.serial: ttyS0 at MMIO 0x44e09000 (irq = 34, base_baud = 3000000) is a 8250
[    0.909888] printk: legacy console [ttyS0] enabled
[    2.440562] i2c i2c-0: using DT '/ocp/interconnect@44c00000/segment@200000/target-module@b000/i2c@0' for 'scl' GPIO lookup
[    2.440651] of_get_named_gpiod_flags: can't parse 'scl-gpios' property of node '/ocp/interconnect@44c00000/segment@200000/target-module@b000/i2c@0[0]'
[    2.440697] of_get_named_gpiod_flags: can't parse 'scl-gpio' property of node '/ocp/interconnect@44c00000/segment@200000/target-module@b000/i2c@0[0]'
[    2.440737] i2c i2c-0: using lookup tables for GPIO lookup
[    2.440751] i2c i2c-0: No GPIO consumer scl found
[    2.440777] i2c i2c-0: using DT '/ocp/interconnect@44c00000/segment@200000/target-module@b000/i2c@0' for 'sda' GPIO lookup
[    2.440815] of_get_named_gpiod_flags: can't parse 'sda-gpios' property of node '/ocp/interconnect@44c00000/segment@200000/target-module@b000/i2c@0[0]'
[    2.440857] of_get_named_gpiod_flags: can't parse 'sda-gpio' property of node '/ocp/interconnect@44c00000/segment@200000/target-module@b000/i2c@0[0]'
[    2.440892] i2c i2c-0: using lookup tables for GPIO lookup
[    2.440902] i2c i2c-0: No GPIO consumer sda found
[    2.455885] tps65217-pmic: Failed to locate of_node [id: -1]
[    2.461946] tps65217-bl: Failed to locate of_node [id: -1]
[    2.469440] platform tps65217-charger: DMA mask not set
[    2.476494] platform tps65217-pwrbutton: DMA mask not set
[    2.484293] tps65217 0-0024: TPS65217 ID 0xe version 1.2
[    2.490371] /ocp/interconnect@48000000/segment@300000/target-module@e000/lcdc@0: Fixed dependency cycle(s) with /ocp/interconnect@44c00000/segment@200000/target-module@b000/i2c@0/tda19988@70
[    2.507802] /ocp/interconnect@44c00000/segment@200000/target-module@b000/i2c@0/tda19988@70: Fixed dependency cycle(s) with /ocp/interconnect@48000000/segment@300000/target-module@e000/lcdc@0
[    2.525170] omap_i2c 44e0b000.i2c: bus 0 rev0.11 at 400 kHz
[    2.532981] sdhci-omap 48060000.mmc: using DT '/ocp/interconnect@48000000/segment@0/target-module@60000/mmc@0' for 'cd' GPIO lookup
[    2.533099] of_get_named_gpiod_flags: parsed 'cd-gpios' property of node '/ocp/interconnect@48000000/segment@0/target-module@60000/mmc@0[0]' - status (0)
[    2.533164] gpio gpiochip3: Persistence not supported for GPIO 6
[    2.533191] omap_gpio 44e07000.gpio: Could not set line 6 debounce to 200000 microseconds (-22)
[    2.542078] sdhci-omap 48060000.mmc: Got CD GPIO
[    2.546776] sdhci-omap 48060000.mmc: using DT '/ocp/interconnect@48000000/segment@0/target-module@60000/mmc@0' for 'wp' GPIO lookup
[    2.546839] of_get_named_gpiod_flags: can't parse 'wp-gpios' property of node '/ocp/interconnect@48000000/segment@0/target-module@60000/mmc@0[0]'
[    2.546887] of_get_named_gpiod_flags: can't parse 'wp-gpio' property of node '/ocp/interconnect@48000000/segment@0/target-module@60000/mmc@0[0]'
[    2.546928] sdhci-omap 48060000.mmc: using lookup tables for GPIO lookup
[    2.546941] sdhci-omap 48060000.mmc: No GPIO consumer wp found
[    2.547160] sdhci-omap 48060000.mmc: supply pbias not found, using dummy regulator
[    2.556060] sdhci-omap 481d8000.mmc: using DT '/ocp/interconnect@48000000/segment@100000/target-module@d8000/mmc@0' for 'wp' GPIO lookup
[    2.556138] of_get_named_gpiod_flags: can't parse 'wp-gpios' property of node '/ocp/interconnect@48000000/segment@100000/target-module@d8000/mmc@0[0]'
[    2.556187] of_get_named_gpiod_flags: can't parse 'wp-gpio' property of node '/ocp/interconnect@48000000/segment@100000/target-module@d8000/mmc@0[0]'
[    2.556227] sdhci-omap 481d8000.mmc: using lookup tables for GPIO lookup
[    2.556241] sdhci-omap 481d8000.mmc: No GPIO consumer wp found
[    2.557465] sdhci-omap 48060000.mmc: supply vqmmc not found, using dummy regulator
[    2.566684] sdhci-omap 481d8000.mmc: supply pbias not found, using dummy regulator
[    2.574669] sdhci-omap 481d8000.mmc: supply vqmmc not found, using dummy regulator
[    2.611873] mmc1: SDHCI controller on 481d8000.mmc [481d8000.mmc] using External DMA
[    2.620304] mmc0: SDHCI controller on 48060000.mmc [48060000.mmc] using External DMA
[    2.629139] cpsw-switch 4a100000.switch: starting ndev. mode: dual_mac
[    2.695228] mmc1: new high speed MMC card at address 0001
[    2.702077] mmcblk1: mmc1:0001 MMC04G 3.60 GiB
[    2.709916]  mmcblk1: p1 p2
[    2.713663] SMSC LAN8710/LAN8720 4a101000.mdio:00: attached PHY driver (mii_bus:phy_addr=4a101000.mdio:00, irq=POLL)
[    2.726239] mmcblk1boot0: mmc1:0001 MMC04G 2.00 MiB
[    2.740147] mmcblk1boot1: mmc1:0001 MMC04G 2.00 MiB
[    2.749080] mmcblk1rpmb: mmc1:0001 MMC04G 128 KiB, chardev (249:0)
[    2.798427] mmc0: new high speed SDHC card at address aaaa
[    2.805363] mmcblk0: mmc0:aaaa SE32G 29.7 GiB
[    2.814424]  mmcblk0: p1 p2
[    5.845657] cpsw-switch 4a100000.switch eth0: Link is Up - 100Mbps/Full - flow control off
[    5.874905] IP-Config: Complete:
[    5.878174]      device=eth0, hwaddr=6c:ec:eb:68:de:78, ipaddr=192.168.255.1, mask=255.255.255.0, gw=255.255.255.255
[    5.888812]      host=bbb1, domain=, nis-domain=(none)
[    5.893981]      bootserver=192.168.255.126, rootserver=192.168.255.126, rootpath=
[    5.894410] clk: Disabling unused clocks
[    5.906271] PM: genpd: Disabling unused power domains
[    5.911438] KTAP version 1
[    5.914164] 1..0
[    5.916957] check access for rdinit=/init failed: -2, ignoring
[    5.952615] VFS: Mounted root (nfs filesystem) on device 0:17.
[    5.959657] devtmpfs: mounted
[    5.964138] Freeing unused kernel image (initmem) memory: 1024K
[    5.971116] Run /sbin/init as init process
[    5.975333]   with arguments:
[    5.975348]     /sbin/init
[    5.975357]     nfsrootdebug
[    5.975367]   with environment:
[    5.975375]     HOME=/
[    5.975384]     TERM=linux
[    6.642637] systemd[1]: System time before build time, advancing clock.
[    8.154914] random: crng init done
[    8.187570] systemd[1]: systemd 232 running in system mode. (+PAM +AUDIT +SELINUX +IMA +APPARMOR +SMACK +SYSVINIT +UTMP +LIBCRYPTSETUP +GCRYPT +GNUTLS +ACL +XZ +LZ4 +SECCOMP +BLKID +ELFUTILS +KMOD +IDN)
[    8.206692] systemd[1]: Detected architecture arm.
[    8.238352] systemd[1]: Set hostname to <arm>.
[    9.392791] systemd[1]: systemd-journald.socket: SO_PASSSEC failed: Operation not supported
[    9.401771] systemd[1]: systemd-journald.socket: SO_PASSSEC failed: Operation not supported
[    9.410524] systemd[1]: Listening on Journal Socket.
[    9.436233] systemd[1]: Listening on Journal Audit Socket.
[    9.465556] systemd[1]: Listening on udev Kernel Socket.
[    9.495798] systemd[1]: Started Forward Password Requests to Wall Directory Watch.
[    9.526908] systemd[1]: Listening on udev Control Socket.
[   11.812284] systemd-journald[91]: Received request to flush runtime journal from PID 1
[   12.645379] omap_prm 44e00d00.prm: sync_state() pending due to 44d00000.cpu
[   14.529260] leds-gpio leds: using DT '/leds/led2' for '(default)' GPIO lookup
[   14.529376] of_get_named_gpiod_flags: parsed 'gpios' property of node '/leds/led2[0]' - status (0)
[   14.529434] gpio gpiochip0: Persistence not supported for GPIO 21
[   14.529449] gpio-533 (?): no flags found for GPIO (default)
[   14.626817] leds-gpio leds: using DT '/leds/led3' for '(default)' GPIO lookup
[   14.627137] of_get_named_gpiod_flags: parsed 'gpios' property of node '/leds/led3[0]' - status (0)
[   14.627208] gpio gpiochip0: Persistence not supported for GPIO 22
[   14.627223] gpio-534 (?): no flags found for GPIO (default)
[   14.649484] leds-gpio leds: using DT '/leds/led4' for '(default)' GPIO lookup
[   14.649586] of_get_named_gpiod_flags: parsed 'gpios' property of node '/leds/led4[0]' - status (0)
[   14.649641] gpio gpiochip0: Persistence not supported for GPIO 23
[   14.649656] gpio-535 (?): no flags found for GPIO (default)
[   14.666565] leds-gpio leds: using DT '/leds/led5' for '(default)' GPIO lookup
[   14.666668] of_get_named_gpiod_flags: parsed 'gpios' property of node '/leds/led5[0]' - status (0)
[   14.666722] gpio gpiochip0: Persistence not supported for GPIO 24
[   14.666737] gpio-536 (?): no flags found for GPIO (default)
[   14.849933] remoteproc remoteproc0: wkup_m3 is available
[   15.144740] omap_rtc 44e3e000.rtc: registered as rtc0
[   15.150125] omap_rtc 44e3e000.rtc: setting system clock to 2000-01-01T00:00:00 UTC (946684800)
[   15.158885] omap_rtc 44e3e000.rtc: using DT '/ocp/interconnect@44c00000/segment@200000/target-module@3e000/rtc@0' for 'wp' GPIO lookup
[   15.158957] of_get_named_gpiod_flags: can't parse 'wp-gpios' property of node '/ocp/interconnect@44c00000/segment@200000/target-module@3e000/rtc@0[0]'
[   15.159006] of_get_named_gpiod_flags: can't parse 'wp-gpio' property of node '/ocp/interconnect@44c00000/segment@200000/target-module@3e000/rtc@0[0]'
[   15.159047] omap_rtc 44e3e000.rtc: using lookup tables for GPIO lookup
[   15.159061] omap_rtc 44e3e000.rtc: No GPIO consumer wp found
[   15.253516] at24 2-0054: supply vcc not found, using dummy regulator
[   15.324231] omap_wdt: OMAP Watchdog Timer Rev 0x01: initial timeout 60 sec
[   15.403322] at24 2-0055: supply vcc not found, using dummy regulator
[   15.523752] at24 2-0056: supply vcc not found, using dummy regulator
[   15.657783] at24 2-0057: supply vcc not found, using dummy regulator
[   15.771160] at24 0-0050: using DT '/ocp/interconnect@44c00000/segment@200000/target-module@b000/i2c@0/eeprom@50' for 'wp' GPIO lookup
[   15.771386] of_get_named_gpiod_flags: can't parse 'wp-gpios' property of node '/ocp/interconnect@44c00000/segment@200000/target-module@b000/i2c@0/eeprom@50[0]'
[   15.771507] of_get_named_gpiod_flags: can't parse 'wp-gpio' property of node '/ocp/interconnect@44c00000/segment@200000/target-module@b000/i2c@0/eeprom@50[0]'
[   15.771605] at24 0-0050: using lookup tables for GPIO lookup
[   15.771622] at24 0-0050: No GPIO consumer wp found
[   15.772164] at24 0-0050: 4096 byte 24c32 EEPROM, writable, 1 bytes/write
[   15.812189] input: tps65217_pwrbutton as /devices/platform/ocp/44c00000.interconnect/44c00000.interconnect:segment@200000/44e0b000.target-module/44e0b000.i2c/i2c-0/0-0024/tps65217-pwrbutton/input/input0
[   16.317670] am335x-phy-driver 47401300.usb-phy: using DT '/ocp/target-module@47400000/usb-phy@1300' for 'reset' GPIO lookup
[   16.317781] of_get_named_gpiod_flags: can't parse 'reset-gpios' property of node '/ocp/target-module@47400000/usb-phy@1300[0]'
[   16.317827] of_get_named_gpiod_flags: can't parse 'reset-gpio' property of node '/ocp/target-module@47400000/usb-phy@1300[0]'
[   16.317866] am335x-phy-driver 47401300.usb-phy: using lookup tables for GPIO lookup
[   16.317881] am335x-phy-driver 47401300.usb-phy: No GPIO consumer reset found
[   16.317896] am335x-phy-driver 47401300.usb-phy: using DT '/ocp/target-module@47400000/usb-phy@1300' for 'vbus-detect' GPIO lookup
[   16.317927] of_get_named_gpiod_flags: can't parse 'vbus-detect-gpios' property of node '/ocp/target-module@47400000/usb-phy@1300[0]'
[   16.317960] of_get_named_gpiod_flags: can't parse 'vbus-detect-gpio' property of node '/ocp/target-module@47400000/usb-phy@1300[0]'
[   16.317987] am335x-phy-driver 47401300.usb-phy: using lookup tables for GPIO lookup
[   16.317999] am335x-phy-driver 47401300.usb-phy: No GPIO consumer vbus-detect found
[   16.318150] am335x-phy-driver 47401300.usb-phy: dummy supplies not allowed for exclusive requests (id=vbus)
[   16.474650] am335x-phy-driver 47401b00.usb-phy: using DT '/ocp/target-module@47400000/usb-phy@1b00' for 'reset' GPIO lookup
[   16.474745] of_get_named_gpiod_flags: can't parse 'reset-gpios' property of node '/ocp/target-module@47400000/usb-phy@1b00[0]'
[   16.474788] of_get_named_gpiod_flags: can't parse 'reset-gpio' property of node '/ocp/target-module@47400000/usb-phy@1b00[0]'
[   16.474827] am335x-phy-driver 47401b00.usb-phy: using lookup tables for GPIO lookup
[   16.474842] am335x-phy-driver 47401b00.usb-phy: No GPIO consumer reset found
[   16.475100] am335x-phy-driver 47401b00.usb-phy: using DT '/ocp/target-module@47400000/usb-phy@1b00' for 'vbus-detect' GPIO lookup
[   16.475155] of_get_named_gpiod_flags: can't parse 'vbus-detect-gpios' property of node '/ocp/target-module@47400000/usb-phy@1b00[0]'
[   16.475192] of_get_named_gpiod_flags: can't parse 'vbus-detect-gpio' property of node '/ocp/target-module@47400000/usb-phy@1b00[0]'
[   16.475220] am335x-phy-driver 47401b00.usb-phy: using lookup tables for GPIO lookup
[   16.475232] am335x-phy-driver 47401b00.usb-phy: No GPIO consumer vbus-detect found
[   16.475387] am335x-phy-driver 47401b00.usb-phy: dummy supplies not allowed for exclusive requests (id=vbus)
[   17.106763] usbcore: registered new interface driver usbfs
[   17.112411] usbcore: registered new interface driver hub
[   17.118119] usbcore: registered new device driver usb
[   17.889901] musb-hdrc musb-hdrc.1: MUSB HDRC host driver
[   17.895547] musb-hdrc musb-hdrc.1: new USB bus registered, assigned bus number 1
[   18.012141] omap-mailbox 480c8000.mailbox: omap mailbox rev 0x400
[   18.029519] tda998x 0-0070: found TDA19988
[   18.091088] remoteproc remoteproc0: powering up wkup_m3
[   18.210006] usb usb1: New USB device found, idVendor=1d6b, idProduct=0002, bcdDevice= 6.18
[   18.218606] usb usb1: New USB device strings: Mfr=3, Product=2, SerialNumber=1
[   18.225945] usb usb1: Product: MUSB HDRC host driver
[   18.230942] usb usb1: Manufacturer: Linux 6.18.0-rc5-next-20251114 musb-hcd
[   18.237986] usb usb1: SerialNumber: musb-hdrc.1
[   18.371231] remoteproc remoteproc0: Direct firmware load for am335x-pm-firmware.elf failed with error -2
[   18.381036] remoteproc remoteproc0: request_firmware failed: -2
[   18.387066] wkup_m3_ipc 44e11324.wkup_m3_ipc: rproc_boot failed
[   18.705866] hub 1-0:1.0: USB hub found
[   18.731675] hub 1-0:1.0: 1 port detected
[   20.996908] tilcdc 4830e000.lcdc: bound 0-0070 (ops tda998x_driver_exit [tda998x])
[   21.036934] omap_rng 48310000.rng: Random Number Generator ver. 20
[   21.095119] [drm] Initialized tilcdc 1.0.0 for 4830e000.lcdc on minor 0
[   21.185531] tilcdc 4830e000.lcdc: [drm] Cannot find any crtc or sizes
[   21.205090] tilcdc 4830e000.lcdc: [drm] Cannot find any crtc or sizes
[   21.350337] ------------[ cut here ]------------
[   21.355176] WARNING: net/8021q/vlan_core.c:236 at vlan_for_each+0x114/0x134, CPU#0: avahi-daemon/197
[   21.364389] RTNL: assertion failed at net/8021q/vlan_core.c (236)
[   21.370591] Modules linked in: omap_rng tilcdc rng_core drm_dma_helper drm_client_lib snd_soc_davinci_mcasp snd_soc_ti_udma snd_soc_ti_edma snd_soc_ti_sdma snd_soc_core snd_pcm_dmaengine snd_pcm snd_timer snd omap_mailbox soundcore musb_dsps tda998x musb_hdrc cec udc_core drm_kms_helper usbcore drm phy_am335x phy_generic usb_common wkup_m3_ipc cppi41 phy_am335x_control tps65218_pwrbutton drm_panel_orientation_quirks omap_wdt at24 watchdog rtc_omap wkup_m3_rproc leds_gpio led_class cpufreq_dt autofs4
[   21.415332] CPU: 0 UID: 107 PID: 197 Comm: avahi-daemon Not tainted 6.18.0-rc5-next-20251114 #1 NONE 
[   21.415351] Hardware name: Generic AM33XX (Flattened Device Tree)
[   21.415360] Call trace: 
[   21.415377]  unwind_backtrace from show_stack+0x10/0x14
[   21.415414]  show_stack from dump_stack_lvl+0x50/0x64
[   21.415439]  dump_stack_lvl from __warn+0x88/0x148
[   21.415456]  __warn from warn_slowpath_fmt+0x19c/0x1b0
[   21.415468]  warn_slowpath_fmt from vlan_for_each+0x114/0x134
[   21.415485]  vlan_for_each from cpsw_add_mc_addr+0x40/0xa4
[   21.415514]  cpsw_add_mc_addr from __hw_addr_ref_sync_dev+0x108/0x140
[   21.415539]  __hw_addr_ref_sync_dev from __dev_mc_add+0x7c/0x80
[   21.415555]  __dev_mc_add from igmp6_group_added+0xc8/0xe0
[   21.415573]  igmp6_group_added from __ipv6_dev_mc_inc+0x218/0x364
[   21.415586]  __ipv6_dev_mc_inc from __ipv6_sock_mc_join+0x11c/0x1c0
[   21.415598]  __ipv6_sock_mc_join from do_ipv6_setsockopt+0x1214/0x1310
[   21.415620]  do_ipv6_setsockopt from ipv6_setsockopt+0x60/0xcc
[   21.415636]  ipv6_setsockopt from udpv6_setsockopt+0x2c/0x6c
[   21.415655]  udpv6_setsockopt from sock_common_setsockopt+0x30/0x40
[   21.415679]  sock_common_setsockopt from do_sock_setsockopt+0x50/0x9c
[   21.415711]  do_sock_setsockopt from __sys_setsockopt+0x70/0xbc
[   21.415729]  __sys_setsockopt from ret_fast_syscall+0x0/0x58
[   21.415744] Exception stack(0xe0149fa8 to 0xe0149ff0)
[   21.415758] 9fa0:                   00000014 b6f2cce8 0000000d 00000029 00000014 beb999ec
[   21.415770] 9fc0: 00000014 b6f2cce8 00000014 00000126 0000000d b6ed5ff4 0050e988 004f6558
[   21.415778] 9fe0: b6eeb088 beb999d8 b6ec8309 b6d9f41a
[   21.415786] ---[ end trace 0000000000000000 ]---
[   22.874490] omap-sham 53100000.sham: hw accel on OMAP rev 4.3
[   22.961276] PM: Cannot get wkup_m3_ipc handle
[   23.015280] omap-sham 53100000.sham: will run requests pump with realtime priority
[   23.033198] PM: Cannot get wkup_m3_ipc handle
[   23.493834] omap-aes 53500000.aes: OMAP AES hw accel rev: 3.2
[   23.582986] omap-aes 53500000.aes: will run requests pump with realtime priority
[   23.592010] PM: Cannot get wkup_m3_ipc handle
[   25.406798] Bluetooth: Core ver 2.22
[   25.410628] NET: Registered PF_BLUETOOTH protocol family
[   25.416198] Bluetooth: HCI device and connection manager initialized
[   25.422617] Bluetooth: HCI socket layer initialized
[   25.427580] Bluetooth: L2CAP socket layer initialized
[   25.432697] Bluetooth: SCO socket layer initialized
[   26.885875] tda998x 0-0070: using DT '/ocp/interconnect@44c00000/segment@200000/target-module@b000/i2c@0/tda19988@70' for 'nxp,calib' GPIO lookup
[   26.886017] of_get_named_gpiod_flags: parsed 'nxp,calib-gpios' property of node '/ocp/interconnect@44c00000/segment@200000/target-module@b000/i2c@0/tda19988@70[0]' - status (0)
[   26.886242] gpio gpiochip0: Persistence not supported for GPIO 25
[   26.886260] gpio-537 (nxp,calib): no flags found for GPIO nxp,calib
[   26.890125] gpio-537 (nxp,calib): gpiod_direction_output_nonotify: tried to set a GPIO tied to an IRQ as output
[   27.148381] PM: Cannot get wkup_m3_ipc handle
[   27.154180] asoc-simple-card sound: using DT '/sound' for 'simple-audio-card,hp-det' GPIO lookup
[   27.154260] of_get_named_gpiod_flags: can't parse 'simple-audio-card,hp-det-gpios' property of node '/sound[0]'
[   27.154299] of_get_named_gpiod_flags: can't parse 'simple-audio-card,hp-det-gpio' property of node '/sound[0]'
[   27.154325] asoc-simple-card sound: using lookup tables for GPIO lookup
[   27.154339] asoc-simple-card sound: No GPIO consumer simple-audio-card,hp-det found
[   27.154355] asoc-simple-card sound: using DT '/sound' for 'simple-audio-card,mic-det' GPIO lookup
[   27.154381] of_get_named_gpiod_flags: can't parse 'simple-audio-card,mic-det-gpios' property of node '/sound[0]'
[   27.154409] of_get_named_gpiod_flags: can't parse 'simple-audio-card,mic-det-gpio' property of node '/sound[0]'
[   27.154429] asoc-simple-card sound: using lookup tables for GPIO lookup
[   27.154440] asoc-simple-card sound: No GPIO consumer simple-audio-card,mic-det found
[   27.224257] tda9950 0-0034: TDA9950 CEC interface, hardware version 3.3
[   27.331081] PM: Cannot get wkup_m3_ipc handle
[   27.406889] PM: Cannot get wkup_m3_ipc handle
[   28.725390] userial_init: registered 8 ttyGS* devices
[   29.020146] rndis_register: configNr = 0
[   29.123176] udc musb-hdrc.0: binding gadget driver [g_multi]
[   29.123280] configfs-gadget.g_multi gadget.0: adding 'rndis'/015d3bf5 to config 'c'/d1715867
[   29.124459] configfs-gadget.g_multi gadget.0: HOST MAC 1c:ba:8c:a2:ed:6c
[   29.131508] configfs-gadget.g_multi gadget.0: MAC 1c:ba:8c:a2:ed:70
[   29.137952] rndis_set_param_medium: 0 0
[   29.137976] configfs-gadget.g_multi gadget.0: RNDIS: IN/ep1in OUT/ep1out NOTIFY/ep2in
[   29.137994] configfs-gadget.g_multi gadget.0: adding 'cdc_ethernet'/ea15ca4b to config 'c'/d1715867
[   29.138924] configfs-gadget.g_multi gadget.0: HOST MAC 1c:ba:8c:a2:ed:6c
[   29.145778] configfs-gadget.g_multi gadget.0: MAC 1c:ba:8c:a2:ed:6d
[   29.152111] configfs-gadget.g_multi gadget.0: CDC Ethernet: IN/ep3in OUT/ep2out NOTIFY/ep4in
[   29.152130] configfs-gadget.g_multi gadget.0: adding 'acm'/6fb8eb7d to config 'c'/d1715867
[   29.152167] configfs-gadget.g_multi gadget.0: acm ttyGS0: IN/ep5in OUT/ep3out NOTIFY/ep6in
[   29.165491] PM: Cannot get wkup_m3_ipc handle
[   30.433497] configfs-gadget.g_multi gadget.0: eth_open
[   30.486995] configfs-gadget.g_multi gadget.0: stop stats: rx/tx 0/0, errs 0/0
[   35.449275] gs_open: ttyGS0 (61bf4e04,d9592663)
[   35.449427] gs_close: ttyGS0 (61bf4e04,d9592663) ...
[   35.449449] gs_close: ttyGS0 (61bf4e04,d9592663) done!
[   35.464563] gs_open: ttyGS0 (30601f4b,6a83a3b2)
[   35.464684] gs_close: ttyGS0 (30601f4b,6a83a3b2) ...
[   35.464704] gs_close: ttyGS0 (30601f4b,6a83a3b2) done!
[   35.638290] gs_open: ttyGS0 (61bf4e04,2ad631d1)
[   35.638755] gs_close: ttyGS0 (61bf4e04,2ad631d1) ...
[   35.638792] gs_close: ttyGS0 (61bf4e04,2ad631d1) done!
[   35.639616] gs_open: ttyGS0 (61bf4e04,2ad631d1)
SEHKANMGTZ 0
root@arm:~# echo 'TYPE''ZHBGBK'
TYPEZHBGBK
root@arm:~# MARKER='TYWL''UAHSBS' run 'modprobe test_linear_ranges'
TYWLUAHSBSTYWLUAHSBS 0
root@arm:~# echo 'AJYA''OTUJSB'
AJYAOTUJSB
root@arm:~# MARKER='JFFQ''PWNCMV' run dmesg
JFFQPWNCMV[    0.000000] Booting Linux on physical CPU 0x0
[    0.000000] Linux version 6.18.0-rc5-next-20251114 (user01@drvtest01) (arm-none-eabi-gcc (Arm GNU Toolchain 14.2.Rel1 (Build arm-14.52)) 14.2.1 20241119, GNU ld (Arm GNU Toolchain 14.2.Rel1 (Build arm-14.52)) 2.43.1.20241119) #1 SMP Fri Nov 14 08:21:03 EET 2025
[    0.000000] CPU: ARMv7 Processor [413fc082] revision 2 (ARMv7), cr=10c5387d
[    0.000000] CPU: PIPT / VIPT nonaliasing data cache, VIPT aliasing instruction cache
[    0.000000] OF: fdt: Machine model: TI AM335x BeagleBone Black
[    0.000000] Memory policy: Data cache writeback
[    0.000000] cma: Reserved 16 MiB at 0x9e800000
[    0.000000] Zone ranges:
[    0.000000]   Normal   [mem 0x0000000080000000-0x000000009fdfffff]
[    0.000000]   HighMem  empty
[    0.000000] Movable zone start for each node
[    0.000000] Early memory node ranges
[    0.000000]   node   0: [mem 0x0000000080000000-0x000000009fdfffff]
[    0.000000] Initmem setup node 0 [mem 0x0000000080000000-0x000000009fdfffff]
[    0.000000] On node 0, zone Normal: 512 pages in unavailable ranges
[    0.000000] OF: reserved mem: Reserved memory: No reserved-memory node in the DT
[    0.000000] CPU: All CPU(s) started in SVC mode.
[    0.000000] AM335X ES2.1 (sgx neon)
[    0.000000] percpu: Embedded 17 pages/cpu s39948 r8192 d21492 u69632
[    0.000000] pcpu-alloc: s39948 r8192 d21492 u69632 alloc=17*4096
[    0.000000] pcpu-alloc: [0] 0 
[    0.000000] Kernel command line: console=ttyO0,115200n8 root=/dev/nfs rw nfsroot=192.168.255.126:/home/user01/nfs,nfsvers=3 ip=192.168.255.1:192.168.255.126::255.255.255.0:bbb1:eth0 nfsrootdebug
[    0.000000] Unknown kernel command line parameters "nfsrootdebug", will be passed to user space.
[    0.000000] printk: log buffer data + meta data: 65536 + 204800 = 270336 bytes
[    0.000000] Dentry cache hash table entries: 65536 (order: 6, 262144 bytes, linear)
[    0.000000] Inode-cache hash table entries: 32768 (order: 5, 131072 bytes, linear)
[    0.000000] Built 1 zonelists, mobility grouping on.  Total pages: 130560
[    0.000000] mem auto-init: stack:off, heap alloc:off, heap free:off
[    0.000000] SLUB: HWalign=16, Order=0-3, MinObjects=0, CPUs=1, Nodes=1
[    0.000000] rcu: Hierarchical RCU implementation.
[    0.000000] rcu: 	RCU event tracing is enabled.
[    0.000000] rcu: 	RCU restricting CPUs from NR_CPUS=2 to nr_cpu_ids=1.
[    0.000000] 	Tracing variant of Tasks RCU enabled.
[    0.000000] rcu: RCU calculated value of scheduler-enlistment delay is 10 jiffies.
[    0.000000] rcu: Adjusting geometry for rcu_fanout_leaf=16, nr_cpu_ids=1
[    0.000000] RCU Tasks Trace: Setting shift to 0 and lim to 1 rcu_task_cb_adjust=1 rcu_task_cpu_ids=1.
[    0.000000] NR_IRQS: 16, nr_irqs: 16, preallocated irqs: 16
[    0.000000] IRQ: Found an INTC at 0x(ptrval) (revision 5.0) with 128 interrupts
[    0.000000] rcu: srcu_init: Setting srcu_struct sizes based on contention.
[    0.000000] TI gptimer clocksource: always-on /ocp/interconnect@44c00000/segment@200000/target-module@31000
[    0.000002] sched_clock: 32 bits at 24MHz, resolution 41ns, wraps every 89478484971ns
[    0.000026] clocksource: dmtimer: mask: 0xffffffff max_cycles: 0xffffffff, max_idle_ns: 79635851949 ns
[    0.000497] TI gptimer clockevent: 24000000 Hz at /ocp/interconnect@48000000/segment@0/target-module@40000
[    0.002065] Console: colour dummy device 80x30
[    0.002131] WARNING: Your 'console=ttyO0' has been replaced by 'ttyS0'
[    0.002140] This ensures that you still see kernel messages. Please
[    0.002144] update your kernel commandline.
[    0.002185] Calibrating delay loop... 996.14 BogoMIPS (lpj=4980736)
[    0.090615] CPU: Testing write buffer coherency: ok
[    0.090699] CPU0: Spectre v2: using BPIALL workaround
[    0.090709] pid_max: default: 32768 minimum: 301
[    0.091026] Mount-cache hash table entries: 1024 (order: 0, 4096 bytes, linear)
[    0.091047] Mountpoint-cache hash table entries: 1024 (order: 0, 4096 bytes, linear)
[    0.092624] CPU0: thread -1, cpu 0, socket -1, mpidr 0
[    0.092679] cacheinfo: Unable to detect cache hierarchy for CPU 0
[    0.094734] Setting up static identity map for 0x80100000 - 0x80100078
[    0.095050] rcu: Hierarchical SRCU implementation.
[    0.095059] rcu: 	Max phase no-delay instances is 1000.
[    0.096794] smp: Bringing up secondary CPUs ...
[    0.096853] smp: Brought up 1 node, 1 CPU
[    0.096864] SMP: Total of 1 processors activated (996.14 BogoMIPS).
[    0.096876] CPU: All CPU(s) started in SVC mode.
[    0.097077] Memory: 479964K/522240K available (12288K kernel code, 1231K rwdata, 2956K rodata, 1024K init, 255K bss, 24364K reserved, 16384K cma-reserved, 0K highmem)
[    0.097886] devtmpfs: initialized
[    0.115824] VFP support v0.3: implementor 41 architecture 3 part 30 variant c rev 3
[    0.116493] clocksource: jiffies: mask: 0xffffffff max_cycles: 0xffffffff, max_idle_ns: 19112604462750000 ns
[    0.116548] posixtimers hash table entries: 512 (order: 0, 4096 bytes, linear)
[    0.116572] futex hash table entries: 256 (16384 bytes on 1 NUMA nodes, total 16 KiB, linear).
[    0.119783] NET: Registered PF_NETLINK/PF_ROUTE protocol family
[    0.122929] DMA: preallocated 256 KiB pool for atomic coherent allocations
[    0.123921] audit: initializing netlink subsys (disabled)
[    0.125295] thermal_sys: Registered thermal governor 'fair_share'
[    0.125312] thermal_sys: Registered thermal governor 'step_wise'
[    0.125322] thermal_sys: Registered thermal governor 'user_space'
[    0.125435] audit: type=2000 audit(0.120:1): state=initialized audit_enabled=0 res=1
[    0.125504] cpuidle: using governor menu
[    0.143683] /ocp/interconnect@44c00000/segment@200000/target-module@b000/i2c@0/tda19988@70: Fixed dependency cycle(s) with /ocp/interconnect@48000000/segment@300000/target-module@e000/lcdc@0
[    0.144768] /ocp/interconnect@48000000/segment@300000/target-module@e000/lcdc@0: Fixed dependency cycle(s) with /ocp/interconnect@44c00000/segment@200000/target-module@b000/i2c@0/tda19988@70
[    0.146947] No ATAGs?
[    0.146984] hw-breakpoint: debug architecture 0x4 unsupported.
[    0.149633] kprobes: kprobe jump-optimization is enabled. All kprobes are optimized if possible.
[    0.164382] iommu: Default domain type: Translated
[    0.164405] iommu: DMA domain TLB invalidation policy: strict mode
[    0.165975] reg-fixed-voltage fixedregulator0: using DT '/fixedregulator0' for '(default)' GPIO lookup
[    0.166027] of_get_named_gpiod_flags: can't parse 'gpios' property of node '/fixedregulator0[0]'
[    0.166056] of_get_named_gpiod_flags: can't parse 'gpio' property of node '/fixedregulator0[0]'
[    0.166074] reg-fixed-voltage fixedregulator0: using lookup tables for GPIO lookup
[    0.166085] reg-fixed-voltage fixedregulator0: No GPIO consumer (default) found
[    0.171626] SCSI subsystem initialized
[    0.172103] libata version 3.00 loaded.
[    0.172486] pps_core: LinuxPPS API ver. 1 registered
[    0.172498] pps_core: Software ver. 5.3.6 - Copyright 2005-2007 Rodolfo Giometti <giometti@linux.it>
[    0.172523] PTP clock support registered
[    0.174539] vgaarb: loaded
[    0.181011] clocksource: Switched to clocksource dmtimer
[    0.181659] VFS: Disk quotas dquot_6.6.0
[    0.181723] VFS: Dquot-cache hash table entries: 1024 (order 0, 4096 bytes)
[    0.209312] NET: Registered PF_INET protocol family
[    0.209642] IP idents hash table entries: 8192 (order: 4, 65536 bytes, linear)
[    0.211068] tcp_listen_portaddr_hash hash table entries: 512 (order: 0, 4096 bytes, linear)
[    0.211104] Table-perturb hash table entries: 65536 (order: 6, 262144 bytes, linear)
[    0.211123] TCP established hash table entries: 4096 (order: 2, 16384 bytes, linear)
[    0.211168] TCP bind hash table entries: 4096 (order: 4, 65536 bytes, linear)
[    0.211269] TCP: Hash tables configured (established 4096 bind 4096)
[    0.211391] UDP hash table entries: 256 (order: 2, 14336 bytes, linear)
[    0.211423] UDP-Lite hash table entries: 256 (order: 2, 14336 bytes, linear)
[    0.211632] NET: Registered PF_UNIX/PF_LOCAL protocol family
[    0.212923] RPC: Registered named UNIX socket transport module.
[    0.212944] RPC: Registered udp transport module.
[    0.212950] RPC: Registered tcp transport module.
[    0.212954] RPC: Registered tcp-with-tls transport module.
[    0.212959] RPC: Registered tcp NFSv4.1 backchannel transport module.
[    0.212984] PCI: CLS 0 bytes, default 64
[    0.214445] Initialise system trusted keyrings
[    0.225269] workingset: timestamp_bits=14 max_order=17 bucket_order=3
[    0.226648] NFS: Registering the id_resolver key type
[    0.226727] Key type id_resolver registered
[    0.226734] Key type id_legacy registered
[    0.226850] jffs2: version 2.2. (NAND) (SUMMARY)  Â© 2001-2006 Red Hat, Inc.
[    0.227317] Key type asymmetric registered
[    0.227333] Asymmetric key parser 'x509' registered
[    0.227407] io scheduler mq-deadline registered
[    0.227418] io scheduler kyber registered
[    0.227494] io scheduler bfq registered
[    0.229395] target-module@4b000000:target-module@140000:pmu@0:fck: device ID is greater than 24
[    0.230578] ledtrig-cpu: registered to indicate activity on CPUs
[    0.235921] Serial: 8250/16550 driver, 6 ports, IRQ sharing enabled
[    0.286683] brd: module loaded
[    0.307050] loop: module loaded
[    0.307997] mtdoops: mtd device (mtddev=name/number) must be supplied
[    0.309582] mdio_bus fixed-0: using lookup tables for GPIO lookup
[    0.309607] mdio_bus fixed-0: No GPIO consumer reset found
[    0.311032] i2c_dev: i2c /dev entries driver
[    0.312070] cpuidle: enable-method property 'ti,am3352' found operations
[    0.312518] sdhci: Secure Digital Host Controller Interface driver
[    0.312527] sdhci: Copyright(c) Pierre Ossman
[    0.312715] sdhci-pltfm: SDHCI platform and OF driver helper
[    0.314247] hw perfevents: enabled with armv7_cortex_a8 PMU driver, 5 (8000000f) counters available
[    0.314777] Initializing XFRM netlink socket
[    0.315139] NET: Registered PF_INET6 protocol family
[    0.317199] Segment Routing with IPv6
[    0.317283] In-situ OAM (IOAM) with IPv6
[    0.317382] sit: IPv6, IPv4 and MPLS over IPv4 tunneling driver
[    0.318358] NET: Registered PF_PACKET protocol family
[    0.318378] PFKEY is deprecated and scheduled to be removed in 2027, please contact the netdev mailing list
[    0.318393] NET: Registered PF_KEY protocol family
[    0.318528] Key type dns_resolver registered
[    0.318755] ThumbEE CPU extension supported.
[    0.318775] Registering SWP/SWPB emulation handler
[    0.319295] omap_voltage_late_init: Voltage driver support not added
[    0.319957] SmartReflex Class3 initialized
[    0.351049] Loading compiled-in X.509 certificates
[    0.396529] /ocp/interconnect@44c00000/segment@200000/target-module@b000/i2c@0/tda19988@70: Fixed dependency cycle(s) with /ocp/interconnect@48000000/segment@300000/target-module@e000/lcdc@0
[    0.402948] /ocp/interconnect@44c00000/segment@200000/target-module@b000/i2c@0/tda19988@70: Fixed dependency cycle(s) with /ocp/interconnect@48000000/segment@300000/target-module@e000/lcdc@0
[    0.408692] gpiochip_find_base_unlocked: found new base at 512
[    0.430502] /ocp/interconnect@44c00000/segment@200000/target-module@b000/i2c@0/tda19988@70: Fixed dependency cycle(s) with /ocp/interconnect@48000000/segment@300000/target-module@e000/lcdc@0
[    0.431423] /ocp/interconnect@44c00000/segment@200000/target-module@b000/i2c@0/tda19988@70: Fixed dependency cycle(s) with /ocp/interconnect@48000000/segment@300000/target-module@e000/lcdc@0
[    0.435223] /ocp/interconnect@44c00000/segment@200000/target-module@10000/scm@0/pinmux@800: Fixed dependency cycle(s) with /ocp/interconnect@44c00000/segment@200000/target-module@10000/scm@0/pinmux@800/clkout2-pins
[    0.435851] pinctrl-single 44e10800.pinmux: 142 pins, size 568
[    0.480997] /ocp/interconnect@48000000/segment@300000/target-module@e000/lcdc@0: Fixed dependency cycle(s) with /ocp/interconnect@44c00000/segment@200000/target-module@b000/i2c@0/tda19988@70
[    0.501194] gpiochip_find_base_unlocked: found new base at 512
[    0.501296] gpio gpiochip0: (gpio-0-31): created GPIO range 0->7 ==> 44e10800.pinmux PIN 0->7
[    0.501316] gpio gpiochip0: (gpio-0-31): created GPIO range 8->11 ==> 44e10800.pinmux PIN 90->93
[    0.501332] gpio gpiochip0: (gpio-0-31): created GPIO range 12->27 ==> 44e10800.pinmux PIN 12->27
[    0.501348] gpio gpiochip0: (gpio-0-31): created GPIO range 28->31 ==> 44e10800.pinmux PIN 30->33
[    0.516715] gpio gpiochip0: (gpio-0-31): added GPIO chardev (254:0)
[    0.516949] gpio gpiochip0: registered GPIOs 512 to 543 on gpio-0-31
[    0.517034] OMAP GPIO hardware version 0.1
[    0.563806] i2c i2c-2: using DT '/ocp/interconnect@48000000/segment@100000/target-module@9c000/i2c@0' for 'scl' GPIO lookup
[    0.563877] of_get_named_gpiod_flags: can't parse 'scl-gpios' property of node '/ocp/interconnect@48000000/segment@100000/target-module@9c000/i2c@0[0]'
[    0.563918] of_get_named_gpiod_flags: can't parse 'scl-gpio' property of node '/ocp/interconnect@48000000/segment@100000/target-module@9c000/i2c@0[0]'
[    0.563954] i2c i2c-2: using lookup tables for GPIO lookup
[    0.563964] i2c i2c-2: No GPIO consumer scl found
[    0.563987] i2c i2c-2: using DT '/ocp/interconnect@48000000/segment@100000/target-module@9c000/i2c@0' for 'sda' GPIO lookup
[    0.564022] of_get_named_gpiod_flags: can't parse 'sda-gpios' property of node '/ocp/interconnect@48000000/segment@100000/target-module@9c000/i2c@0[0]'
[    0.564059] of_get_named_gpiod_flags: can't parse 'sda-gpio' property of node '/ocp/interconnect@48000000/segment@100000/target-module@9c000/i2c@0[0]'
[    0.564090] i2c i2c-2: using lookup tables for GPIO lookup
[    0.564098] i2c i2c-2: No GPIO consumer sda found
[    0.564832] omap_i2c 4819c000.i2c: bus 2 rev0.11 at 100 kHz
[    0.570698] gpiochip_find_base_unlocked: found new base at 544
[    0.570809] gpio gpiochip1: (gpio-32-63): created GPIO range 0->17 ==> 44e10800.pinmux PIN 34->51
[    0.570828] gpio gpiochip1: (gpio-32-63): created GPIO range 18->21 ==> 44e10800.pinmux PIN 77->80
[    0.570844] gpio gpiochip1: (gpio-32-63): created GPIO range 22->31 ==> 44e10800.pinmux PIN 56->65
[    0.571702] gpio gpiochip1: (gpio-32-63): added GPIO chardev (254:1)
[    0.571933] gpio gpiochip1: registered GPIOs 544 to 575 on gpio-32-63
[    0.574195] gpiochip_find_base_unlocked: found new base at 576
[    0.574281] gpio gpiochip2: (gpio-64-95): created GPIO range 0->4 ==> 44e10800.pinmux PIN 66->70
[    0.574300] gpio gpiochip2: (gpio-64-95): created GPIO range 5->6 ==> 44e10800.pinmux PIN 98->99
[    0.574316] gpio gpiochip2: (gpio-64-95): created GPIO range 7->8 ==> 44e10800.pinmux PIN 75->76
[    0.574332] gpio gpiochip2: (gpio-64-95): created GPIO range 13->13 ==> 44e10800.pinmux PIN 141->141
[    0.574348] gpio gpiochip2: (gpio-64-95): created GPIO range 14->21 ==> 44e10800.pinmux PIN 100->107
[    0.575182] gpio gpiochip2: (gpio-64-95): added GPIO chardev (254:2)
[    0.575425] gpio gpiochip2: registered GPIOs 576 to 607 on gpio-64-95
[    0.581154] 48000000.interconnect:segment@200000:target-module@0:mpu@0:fck: device ID is greater than 24
[    0.582066] /ocp/interconnect@48000000/segment@300000/target-module@e000/lcdc@0: Fixed dependency cycle(s) with /ocp/interconnect@44c00000/segment@200000/target-module@b000/i2c@0/tda19988@70
[    0.585150] /ocp/interconnect@48000000/segment@300000/target-module@e000/lcdc@0: Fixed dependency cycle(s) with /ocp/interconnect@44c00000/segment@200000/target-module@b000/i2c@0/tda19988@70
[    0.585962] /ocp/interconnect@44c00000/segment@200000/target-module@b000/i2c@0/tda19988@70: Fixed dependency cycle(s) with /ocp/interconnect@48000000/segment@300000/target-module@e000/lcdc@0
[    0.586143] /ocp/interconnect@48000000/segment@300000/target-module@e000/lcdc@0: Fixed dependency cycle(s) with /ocp/interconnect@44c00000/segment@200000/target-module@b000/i2c@0/tda19988@70
[    0.593450] sdhci-omap 481d8000.mmc: using DT '/ocp/interconnect@48000000/segment@100000/target-module@d8000/mmc@0' for 'wp' GPIO lookup
[    0.593523] of_get_named_gpiod_flags: can't parse 'wp-gpios' property of node '/ocp/interconnect@48000000/segment@100000/target-module@d8000/mmc@0[0]'
[    0.593568] of_get_named_gpiod_flags: can't parse 'wp-gpio' property of node '/ocp/interconnect@48000000/segment@100000/target-module@d8000/mmc@0[0]'
[    0.593604] sdhci-omap 481d8000.mmc: using lookup tables for GPIO lookup
[    0.593615] sdhci-omap 481d8000.mmc: No GPIO consumer wp found
[    0.593812] sdhci-omap 481d8000.mmc: supply pbias not found, using dummy regulator
[    0.594277] sdhci-omap 481d8000.mmc: supply vqmmc not found, using dummy regulator
[    0.630811] mdio_bus 4a101000.mdio: using DT '/ocp/interconnect@4a000000/segment@0/target-module@100000/switch@0/mdio@1000' for 'reset' GPIO lookup
[    0.630891] of_get_named_gpiod_flags: can't parse 'reset-gpios' property of node '/ocp/interconnect@4a000000/segment@0/target-module@100000/switch@0/mdio@1000[0]'
[    0.630940] of_get_named_gpiod_flags: can't parse 'reset-gpio' property of node '/ocp/interconnect@4a000000/segment@0/target-module@100000/switch@0/mdio@1000[0]'
[    0.630988] mdio_bus 4a101000.mdio: using lookup tables for GPIO lookup
[    0.630999] mdio_bus 4a101000.mdio: No GPIO consumer reset found
[    0.684136] davinci_mdio 4a101000.mdio: davinci mdio revision 1.6, bus freq 1000000
[    0.706053] mdio_bus 4a101000.mdio:00: using DT '/ocp/interconnect@4a000000/segment@0/target-module@100000/switch@0/mdio@1000/ethernet-phy@0' for 'reset' GPIO lookup
[    0.706151] of_get_named_gpiod_flags: parsed 'reset-gpios' property of node '/ocp/interconnect@4a000000/segment@0/target-module@100000/switch@0/mdio@1000/ethernet-phy@0[0]' - status (0)
[    0.706307] gpio gpiochip0: Persistence not supported for GPIO 8
[    0.834414] davinci_mdio 4a101000.mdio: phy[0]: device 4a101000.mdio:00, driver SMSC LAN8710/LAN8720
[    0.835306] cpsw-switch 4a100000.switch: initialized cpsw ale version 1.4
[    0.835330] cpsw-switch 4a100000.switch: ALE Table size 1024, Policers 0
[    0.835568] cpsw-switch 4a100000.switch: cpts: overflow check period 500 (jiffies)
[    0.835585] cpsw-switch 4a100000.switch: CPTS: ref_clk_freq:250000000 calc_mult:2147483648 calc_shift:29 error:0 nsec/sec
[    0.835681] cpsw-switch 4a100000.switch: Detected MACID = 6c:ec:eb:68:de:78
[    0.837564] cpsw-switch 4a100000.switch: initialized (regs 0x4a100000, pool size 256) hw_ver:0019010C 1.12 (0)
[    0.849869] debugfs: '49000000.dma' already exists in 'dmaengine'
[    0.849914] edma 49000000.dma: TI EDMA DMA engine driver
[    0.889866] ti-sysc 44e31000.target-module: Failed to create device link (0x180) with supplier ocp for /ocp/interconnect@44c00000/segment@200000/target-module@31000/timer@0
[    0.889927] ti-sysc 48040000.target-module: Failed to create device link (0x180) with supplier ocp for /ocp/interconnect@48000000/segment@0/target-module@40000/timer@0
[    0.890862] gpio-clk clk_mcasp0: using DT '/clk_mcasp0' for 'enable' GPIO lookup
[    0.890937] of_get_named_gpiod_flags: parsed 'enable-gpios' property of node '/clk_mcasp0[0]' - status (0)
[    0.890983] gpio gpiochip0: Persistence not supported for GPIO 27
[    0.891764] gpiochip_find_base_unlocked: found new base at 608
[    0.891876] gpio gpiochip3: (gpio-96-127): created GPIO range 0->7 ==> 44e10800.pinmux PIN 82->89
[    0.891905] gpio gpiochip3: (gpio-96-127): created GPIO range 8->11 ==> 44e10800.pinmux PIN 52->55
[    0.891923] gpio gpiochip3: (gpio-96-127): created GPIO range 12->15 ==> 44e10800.pinmux PIN 94->97
[    0.891939] gpio gpiochip3: (gpio-96-127): created GPIO range 16->17 ==> 44e10800.pinmux PIN 71->72
[    0.891954] gpio gpiochip3: (gpio-96-127): created GPIO range 18->18 ==> 44e10800.pinmux PIN 135->135
[    0.891971] gpio gpiochip3: (gpio-96-127): created GPIO range 19->20 ==> 44e10800.pinmux PIN 108->109
[    0.891988] gpio gpiochip3: (gpio-96-127): created GPIO range 21->21 ==> 44e10800.pinmux PIN 73->73
[    0.892005] gpio gpiochip3: (gpio-96-127): created GPIO range 22->23 ==> 44e10800.pinmux PIN 8->9
[    0.892022] gpio gpiochip3: (gpio-96-127): created GPIO range 26->27 ==> 44e10800.pinmux PIN 10->11
