Labgrid Console Logfile for main
Logfile started at 2025-01-14 08:31:52.461522
=== Log starts here ===
reading args
spl_load_image_fat_os: error reading image args, err - -1
reading u-boot.img
reading u-boot.img


U-Boot 2014.04-00014-g47880f5 (Apr 22 2014 - 13:23:54)

I2C:   ready
DRAM:  512 MiB
NAND:  0 MiB
MMC:   OMAP SD/MMC: 0, OMAP SD/MMC: 1
*** Warning - readenv() failed, using default environment

Net:   <ethaddr> not set. Validating first E-fuse MAC
cpsw, usb_ether
Hit any key to stop autoboot:  1  0 
gpio: pin 53 (gpio 53) value is 1
mmc0 is current device
gpio: pin 54 (gpio 54) value is 1
SD/MMC found on device 0
reading uEnv.txt
569 bytes read in 3 ms (184.6 KiB/s)
gpio: pin 55 (gpio 55) value is 1
Loaded environment from uEnv.txt
Importing environment from mmc ...
Checking if uenvcmd is set ...
gpio: pin 56 (gpio 56) value is 1
Running uenvcmd ...
cpsw Waiting for PHY auto negotiation to complete. done
link up on port 0, speed 100, full duplex
Using cpsw device
TFTP from server 192.168.255.126; our IP address is 192.168.255.1
Filename 'zImage'.
Load address: 0x81000000
Loading: *#################################################################
	 #################################################################
	 #################################################################
	 #################################################################
	 #################################################################
	 #####################################################
	 2.4 MiB/s
done
Bytes transferred = 5548928 (54ab80 hex)
link up on port 0, speed 100, full duplex
Using cpsw device
TFTP from server 192.168.255.126; our IP address is 192.168.255.1
Filename 'am335x-boneblack.dtb'.
Load address: 0x82000000
Loading: *#######
	 1.4 MiB/s
done
Bytes transferred = 98244 (17fc4 hex)
Kernel image @ 0x81000000 [ 0x000000 - 0x54ab80 ]
## Flattened Device Tree blob at 82000000
   Booting using the fdt blob at 0x82000000
   Using Device Tree in place at 82000000, end 8201afc3

Starting kernel ...

[    0.000000] Booting Linux on physical CPU 0x0
[    0.000000] Linux version 6.13.0-rc7-next-20250114 (user01@drvtest01) (arm-linux-gnueabihf-gcc (Linaro GCC 6.4-2017.11) 6.4.1 20171012, GNU ld (Linaro_Binutils-2017.11) 2.27.0.20161229) #9 SMP Tue Jan 14 08:31:05 EET 2025
[    0.000000] CPU: ARMv7 Processor [413fc082] revision 2 (ARMv7), cr=10c5387d
[    0.000000] CPU: PIPT / VIPT nonaliasing data cache, VIPT aliasing instruction cache
[    0.000000] OF: fdt: Machine model: TI AM335x BeagleBone Black
[    0.000000] Memory policy: Data cache writeback
[    0.000000] cma: Reserved 16 MiB at 0x9e800000 on node -1
[    0.000000] Zone ranges:
[    0.000000]   Normal   [mem 0x0000000080000000-0x000000009fdfffff]
[    0.000000]   HighMem  empty
[    0.000000] Movable zone start for each node
[    0.000000] Early memory node ranges
[    0.000000]   node   0: [mem 0x0000000080000000-0x000000009fdfffff]
[    0.000000] Initmem setup node 0 [mem 0x0000000080000000-0x000000009fdfffff]
[    0.000000] OF: reserved mem: Reserved memory: No reserved-memory node in the DT
[    0.000000] CPU: All CPU(s) started in SVC mode.
[    0.000000] AM335X ES2.1 (sgx neon)
[    0.000000] percpu: Embedded 17 pages/cpu s39628 r8192 d21812 u69632
[    0.000000] Kernel command line: console=ttyO0,115200n8 root=/dev/nfs rw nfsroot=192.168.255.126:/home/user01/nfs,nfsvers=3 ip=192.168.255.1:192.168.255.126::255.255.255.0:bbb1:eth0 nfsrootdebug
[    0.000000] Unknown kernel command line parameters "nfsrootdebug", will be passed to user space.
[    0.000000] printk: log buffer data + meta data: 65536 + 204800 = 270336 bytes
[    0.000000] Dentry cache hash table entries: 65536 (order: 6, 262144 bytes, linear)
[    0.000000] Inode-cache hash table entries: 32768 (order: 5, 131072 bytes, linear)
[    0.000000] Built 1 zonelists, mobility grouping on.  Total pages: 130560
[    0.000000] mem auto-init: stack:off, heap alloc:off, heap free:off
[    0.000000] SLUB: HWalign=64, Order=0-3, MinObjects=0, CPUs=1, Nodes=1
[    0.000000] rcu: Hierarchical RCU implementation.
[    0.000000] rcu: 	RCU event tracing is enabled.
[    0.000000] rcu: 	RCU restricting CPUs from NR_CPUS=2 to nr_cpu_ids=1.
[    0.000000] 	Tracing variant of Tasks RCU enabled.
[    0.000000] rcu: RCU calculated value of scheduler-enlistment delay is 10 jiffies.
[    0.000000] rcu: Adjusting geometry for rcu_fanout_leaf=16, nr_cpu_ids=1
[    0.000000] RCU Tasks Trace: Setting shift to 0 and lim to 1 rcu_task_cb_adjust=1 rcu_task_cpu_ids=1.
[    0.000000] NR_IRQS: 16, nr_irqs: 16, preallocated irqs: 16
[    0.000000] IRQ: Found an INTC at 0x(ptrval) (revision 5.0) with 128 interrupts
[    0.000000] rcu: srcu_init: Setting srcu_struct sizes based on contention.
[    0.000000] TI gptimer clocksource: always-on /ocp/interconnect@44c00000/segment@200000/target-module@31000
[    0.000002] sched_clock: 32 bits at 24MHz, resolution 41ns, wraps every 89478484971ns
[    0.000024] clocksource: dmtimer: mask: 0xffffffff max_cycles: 0xffffffff, max_idle_ns: 79635851949 ns
[    0.000516] TI gptimer clockevent: 24000000 Hz at /ocp/interconnect@48000000/segment@0/target-module@40000
[    0.002201] Console: colour dummy device 80x30
[    0.002279] WARNING: Your 'console=ttyO0' has been replaced by 'ttyS0'
[    0.002288] This ensures that you still see kernel messages. Please
[    0.002293] update your kernel commandline.
[    0.002335] Calibrating delay loop... 996.14 BogoMIPS (lpj=4980736)
[    0.090563] CPU: Testing write buffer coherency: ok
[    0.090671] CPU0: Spectre v2: using BPIALL workaround
[    0.090682] pid_max: default: 32768 minimum: 301
[    0.090799] LSM: initializing lsm=capability
[    0.090974] Mount-cache hash table entries: 1024 (order: 0, 4096 bytes, linear)
[    0.090994] Mountpoint-cache hash table entries: 1024 (order: 0, 4096 bytes, linear)
[    0.092647] CPU0: thread -1, cpu 0, socket -1, mpidr 0
[    0.150934] Setting up static identity map for 0x80100000 - 0x80100078
[    0.160724] rcu: Hierarchical SRCU implementation.
[    0.160735] rcu: 	Max phase no-delay instances is 1000.
[    0.180760] smp: Bringing up secondary CPUs ...
[    0.180816] smp: Brought up 1 node, 1 CPU
[    0.180831] SMP: Total of 1 processors activated (996.14 BogoMIPS).
[    0.180842] CPU: All CPU(s) started in SVC mode.
[    0.181012] Memory: 480804K/522240K available (11264K kernel code, 1214K rwdata, 2908K rodata, 1024K init, 296K bss, 23388K reserved, 16384K cma-reserved, 0K highmem)
[    0.181893] devtmpfs: initialized
[    0.199110] VFP support v0.3: implementor 41 architecture 3 part 30 variant c rev 3
[    0.199453] clocksource: jiffies: mask: 0xffffffff max_cycles: 0xffffffff, max_idle_ns: 19112604462750000 ns
[    0.199490] futex hash table entries: 256 (order: 2, 16384 bytes, linear)
[    0.200992] pinctrl core: initialized pinctrl subsystem
[    0.203832] NET: Registered PF_NETLINK/PF_ROUTE protocol family
[    0.206632] DMA: preallocated 256 KiB pool for atomic coherent allocations
[    0.207538] audit: initializing netlink subsys (disabled)
[    0.208970] thermal_sys: Registered thermal governor 'fair_share'
[    0.208987] thermal_sys: Registered thermal governor 'step_wise'
[    0.208996] thermal_sys: Registered thermal governor 'user_space'
[    0.209146] audit: type=2000 audit(0.200:1): state=initialized audit_enabled=0 res=1
[    0.209182] cpuidle: using governor menu
[    0.227730] /ocp/interconnect@44c00000/segment@200000/target-module@b000/i2c@0/tda19988@70: Fixed dependency cycle(s) with /ocp/interconnect@48000000/segment@300000/target-module@e000/lcdc@0
[    0.228900] /ocp/interconnect@48000000/segment@300000/target-module@e000/lcdc@0: Fixed dependency cycle(s) with /ocp/interconnect@44c00000/segment@200000/target-module@b000/i2c@0/tda19988@70
[    0.231284] No ATAGs?
[    0.231305] hw-breakpoint: debug architecture 0x4 unsupported.
[    0.234149] kprobes: kprobe jump-optimization is enabled. All kprobes are optimized if possible.
[    0.244185] iommu: Default domain type: Translated
[    0.244209] iommu: DMA domain TLB invalidation policy: strict mode
[    0.252528] SCSI subsystem initialized
[    0.253387] pps_core: LinuxPPS API ver. 1 registered
[    0.253398] pps_core: Software ver. 5.3.6 - Copyright 2005-2007 Rodolfo Giometti <giometti@linux.it>
[    0.253423] PTP clock support registered
[    0.261064] vgaarb: loaded
[    0.261485] clocksource: Switched to clocksource dmtimer
[    0.262148] VFS: Disk quotas dquot_6.6.0
[    0.262192] VFS: Dquot-cache hash table entries: 1024 (order 0, 4096 bytes)
[    0.286576] NET: Registered PF_INET protocol family
[    0.286932] IP idents hash table entries: 8192 (order: 4, 65536 bytes, linear)
[    0.288350] tcp_listen_portaddr_hash hash table entries: 512 (order: 0, 4096 bytes, linear)
[    0.288388] Table-perturb hash table entries: 65536 (order: 6, 262144 bytes, linear)
[    0.288406] TCP established hash table entries: 4096 (order: 2, 16384 bytes, linear)
[    0.288449] TCP bind hash table entries: 4096 (order: 4, 65536 bytes, linear)
[    0.288549] TCP: Hash tables configured (established 4096 bind 4096)
[    0.288666] UDP hash table entries: 256 (order: 1, 14336 bytes, linear)
[    0.288703] UDP-Lite hash table entries: 256 (order: 1, 14336 bytes, linear)
[    0.288878] NET: Registered PF_UNIX/PF_LOCAL protocol family
[    0.292258] RPC: Registered named UNIX socket transport module.
[    0.292282] RPC: Registered udp transport module.
[    0.292287] RPC: Registered tcp transport module.
[    0.292292] RPC: Registered tcp-with-tls transport module.
[    0.292298] RPC: Registered tcp NFSv4.1 backchannel transport module.
[    0.292323] PCI: CLS 0 bytes, default 64
[    0.293790] Initialise system trusted keyrings
[    0.301782] workingset: timestamp_bits=14 max_order=17 bucket_order=3
[    0.303123] NFS: Registering the id_resolver key type
[    0.303210] Key type id_resolver registered
[    0.303218] Key type id_legacy registered
[    0.303268] jffs2: version 2.2. (NAND) (SUMMARY)  Â© 2001-2006 Red Hat, Inc.
[    0.303681] Key type asymmetric registered
[    0.303698] Asymmetric key parser 'x509' registered
[    0.303765] io scheduler mq-deadline registered
[    0.303776] io scheduler kyber registered
[    0.303845] io scheduler bfq registered
[    0.305460] ledtrig-cpu: registered to indicate activity on CPUs
[    0.312007] Serial: 8250/16550 driver, 6 ports, IRQ sharing enabled
[    0.349499] brd: module loaded
[    0.376452] loop: module loaded
[    0.377387] mtdoops: mtd device (mtddev=name/number) must be supplied
[    0.392571] i2c_dev: i2c /dev entries driver
[    0.393541] cpuidle: enable-method property 'ti,am3352' found operations
[    0.393990] sdhci: Secure Digital Host Controller Interface driver
[    0.394000] sdhci: Copyright(c) Pierre Ossman
[    0.394174] sdhci-pltfm: SDHCI platform and OF driver helper
[    0.395203] Initializing XFRM netlink socket
[    0.395351] NET: Registered PF_INET6 protocol family
[    0.397389] Segment Routing with IPv6
[    0.397479] In-situ OAM (IOAM) with IPv6
[    0.397574] sit: IPv6, IPv4 and MPLS over IPv4 tunneling driver
[    0.398541] NET: Registered PF_PACKET protocol family
[    0.398575] NET: Registered PF_KEY protocol family
[    0.398721] Key type dns_resolver registered
[    0.398993] ThumbEE CPU extension supported.
[    0.399014] Registering SWP/SWPB emulation handler
[    0.399558] omap_voltage_late_init: Voltage driver support not added
[    0.399924] SmartReflex Class3 initialized
[    0.433489] Loading compiled-in X.509 certificates
[    0.478988] OF: /ocp: Read of boolean property 'clocks' with a value.
[    0.482350] /ocp/interconnect@44c00000/segment@200000/target-module@b000/i2c@0/tda19988@70: Fixed dependency cycle(s) with /ocp/interconnect@48000000/segment@300000/target-module@e000/lcdc@0
[    0.483346] OF: /ocp/interconnect@44c00000: Read of boolean property 'clocks' with a value.
[    0.488807] /ocp/interconnect@44c00000/segment@200000/target-module@b000/i2c@0/tda19988@70: Fixed dependency cycle(s) with /ocp/interconnect@48000000/segment@300000/target-module@e000/lcdc@0
[    0.518742] /ocp/interconnect@44c00000/segment@200000/target-module@b000/i2c@0/tda19988@70: Fixed dependency cycle(s) with /ocp/interconnect@48000000/segment@300000/target-module@e000/lcdc@0
[    0.519634] /ocp/interconnect@44c00000/segment@200000/target-module@b000/i2c@0/tda19988@70: Fixed dependency cycle(s) with /ocp/interconnect@48000000/segment@300000/target-module@e000/lcdc@0
[    0.523461] /ocp/interconnect@44c00000/segment@200000/target-module@10000/scm@0/pinmux@800: Fixed dependency cycle(s) with /ocp/interconnect@44c00000/segment@200000/target-module@10000/scm@0/pinmux@800/clkout2-pins
[    0.524074] pinctrl-single 44e10800.pinmux: 142 pins, size 568
[    0.529450] ti-sysc 44e31000.target-module: probe with driver ti-sysc failed with error -16
[    0.561378] /ocp/interconnect@48000000/segment@300000/target-module@e000/lcdc@0: Fixed dependency cycle(s) with /ocp/interconnect@44c00000/segment@200000/target-module@b000/i2c@0/tda19988@70
[    0.561903] OF: /ocp/interconnect@48000000: Read of boolean property 'clocks' with a value.
[    0.569631] ti-sysc 48040000.target-module: probe with driver ti-sysc failed with error -16
[    0.608740] OMAP GPIO hardware version 0.1
[    0.637018] omap_i2c 4819c000.i2c: bus 2 rev0.11 at 100 kHz
[    0.663235] 48000000.interconnect:segment@200000:target-module@0:mpu@0:fck: device ID is greater than 24
[    0.664157] /ocp/interconnect@48000000/segment@300000/target-module@e000/lcdc@0: Fixed dependency cycle(s) with /ocp/interconnect@44c00000/segment@200000/target-module@b000/i2c@0/tda19988@70
[    0.666981] /ocp/interconnect@48000000/segment@300000/target-module@e000/lcdc@0: Fixed dependency cycle(s) with /ocp/interconnect@44c00000/segment@200000/target-module@b000/i2c@0/tda19988@70
[    0.667678] /ocp/interconnect@44c00000/segment@200000/target-module@b000/i2c@0/tda19988@70: Fixed dependency cycle(s) with /ocp/interconnect@48000000/segment@300000/target-module@e000/lcdc@0
[    0.667832] /ocp/interconnect@48000000/segment@300000/target-module@e000/lcdc@0: Fixed dependency cycle(s) with /ocp/interconnect@44c00000/segment@200000/target-module@b000/i2c@ 0/tda19988@70
[    0.672238] OF: /ocp/interconnect@4a000000:  Read of boolean property 'clocks' with a value.
[    0.679394 ] sdhci-omap 481d8000.mmc: supply pbias not found, using dummy  regulator
[    0.679895] sdhci-omap 481d8000.mmc: supply vqmmc not f
[    2.664407] mmc1: SDHCI controller on 481d8000.mmc [481d8000.mmc] using External DMA
[    2.665673] mmc0: SDHCI controller on 48060000.mmc [48060000.mmc] using External DMA
[    2.666686] cpsw-switch 4a100000.switch: starting ndev. mode: dual_mac
[    2.730623] mmc0: new high speed SDHC card at address 5048
[    2.737729] mmcblk0: mmc0:5048 SD16G 14.4 GiB
[    2.741298]  mmcblk0: p1 p2
[    2.749345] mmcblk0: p2 size 31221760 extends beyond EOD, truncated
[    2.750973] SMSC LAN8710/LAN8720 4a101000.mdio:00: attached PHY driver (mii_bus:phy_addr=4a101000.mdio:00, irq=POLL)
[    2.780273] mmc1: new high speed MMC card at address 0001
[    2.787411] mmcblk1: mmc1:0001 MMC04G 3.60 GiB
[    2.790267]  mmcblk1: p1 p2
[    2.799221] mmcblk1boot0: mmc1:0001 MMC04G 2.00 MiB
[    2.801370] mmcblk1boot1: mmc1:0001 MMC04G 2.00 MiB
[    2.813814] mmcblk1rpmb: mmc1:0001 MMC04G 128 KiB, chardev (250:0)
[    5.922256] cpsw-switch 4a100000.switch eth0: Link is Up - 100Mbps/Full - flow control off
[    5.951742] IP-Config: Complete:
[    5.951761]      device=eth0, hwaddr=6c:ec:eb:68:de:78, ipaddr=192.168.255.1, mask=255.255.255.0, gw=255.255.255.255
[    5.951785]      host=bbb1, domain=, nis-domain=(none)
[    5.951793]      bootserver=192.168.255.126, rootserver=192.168.255.126, rootpath=
[    5.952221] clk: Disabling unused clocks
[    5.952431] PM: genpd: Disabling unused power domains
[    5.952472] KTAP version 1
[    5.952478] 1..0
[    6.016923] VFS: Mounted root (nfs filesystem) on device 0:17.
[    6.017890] devtmpfs: mounted
[    6.019611] Freeing unused kernel image (initmem) memory: 1024K
[    6.020272] Run /sbin/init as init process
[    6.753546] systemd[1]: System time before build time, advancing clock.
[    8.281508] random: crng init done
[    8.324383] systemd[1]: systemd 232 running in system mode. (+PAM +AUDIT +SELINUX +IMA +APPARMOR +SMACK +SYSVINIT +UTMP +LIBCRYPTSETUP +GCRYPT +GNUTLS +ACL +XZ +LZ4 +SECCOMP +BLKID +ELFUTILS +KMOD +IDN)
[    8.325125] systemd[1]: Detected architecture arm.

Welcome to [1mDebian GNU/Linux 9 (stretch)[0m!

[    8.376041] systemd[1]: Set hostname to <arm>.
[[0;32m  OK  [0m] Set up automount Arbitrary Executabâ€¦rmats File System Automount Point.
[    9.534624] systemd[1]: Set up automount Arbitrary Executable File Formats File System Automount Point.
[[0;32m  OK  [0m] Created slice System Slice.
[    9.555022] systemd[1]: Created slice System Slice.
[[0;32m  OK  [0m] Listening on Journal Socket (/dev/log).
[    9.573863] systemd[1]: Listening on Journal Socket (/dev/log).
         Mounting POSIX Message Queue File System...
[    9.622083] systemd[1]: Mounting POSIX Message Queue File System...
         Mounting Debug File System...
[    9.652622] systemd[1]: Mounting Debug File System...
[[0;32m  OK  [0m] Started Dispatch Password Requests to Console Directory Watch.
[    9.673256] systemd[1]: Started Dispatch Password Requests to Console Directory Watch.
[[0;32m  OK  [0m] Started Forward Password Requests to Wall Directory Watch.
[    9.693043] systemd[1]: Started Forward Password Requests to Wall Directory Watch.
[[0;32m  OK  [0m] Created slice User and Session Slice.
[[0;32m  OK  [0m] Reached target Slices.
[[0;32m  OK  [0m] Reached target Encrypted Volumes.
[[0;32m  OK  [0m] Reached target Paths.
[[0;32m  OK  [0m] Listening on Journal Socket.
         Starting Create list of required stâ€¦ce nodes for the current kernel...
         Starting Load Kernel Modules...
         Starting Remount Root and Kernel File Systems...
[[0;32m  OK  [0m] Reached target Swap.
[[0;32m  OK  [0m] Listening on udev Kernel Socket.
[[0;32m  OK  [0m] Reached target Remote File Systems.
[[0;32m  OK  [0m] Listening on /dev/initctl Compatibility Named Pipe.
[[0;32m  OK  [0m] Listening on Syslog Socket.
[[0;32m  OK  [0m] Created slice system-getty.slice.
[[0;32m  OK  [0m] Listening on udev Control Socket.
[[0;32m  OK  [0m] Created slice system-serial\x2dgetty.slice.
[[0;32m  OK  [0m] Listening on Journal Audit Socket.
         Starting Journal Service...
[[0;32m  OK  [0m] Mounted POSIX Message Queue File System.
[[0;32m  OK  [0m] Mounted Debug File System.
[[0;32m  OK  [0m] Started Create list of required staâ€¦vice nodes for the current kernel.
[[0;32m  OK  [0m] Started Load Kernel Modules.
[[0;32m  OK  [0m] Started Remount Root and Kernel File Systems.
         Starting udev Coldplug all Devices...
         Starting Load/Save Random Seed...
         Mounting Configuration File System...
         Starting Apply Kernel Variables...
         Starting Create Static Device Nodes in /dev...
[[0;32m  OK  [0m] Mounted Configuration File System.
[[0;32m  OK  [0m] Started Load/Save Random Seed.
[[0;32m  OK  [0m] Started Apply Kernel Variables.
[[0;32m  OK  [0m] Started Journal Service.
         Starting Flush Journal to Persistent Storage...
[[0;32m  OK  [0m] Started Create Static Device Nodes in /dev.
         Starting udev Kernel Device Manager...
[[0;32m  OK  [0m] Reached target Local File Systems (Pre).
[[0;32m  OK  [0m] Reached target Local File Systems.
         Starting Raise network interfaces...
[   11.595181] systemd-journald[97]: Received request to flush runtime journal from PID 1
[[0;32m  OK  [0m] Started Flush Journal to Persistent Storage.
         Starting Create Volatile Files and Directories...
[[0;32m  OK  [0m] Started udev Kernel Device Manager.
[[0;32m  OK  [0m] Started Create Volatile Files and Directories.
         Starting Update UTMP about System Boot/Shutdown...
         Starting Network Time Synchronization...
[[0;32m  OK  [0m] Started Update UTMP about System Boot/Shutdown.
[[0;32m  OK  [0m] Started udev Coldplug all Devices.
[   14.803945] remoteproc remoteproc0: wkup_m3 is available
[   15.028926] omap_wdt: OMAP Watchdog Timer Rev 0x01: initial timeout 60 sec
[   15.289861] am335x-phy-driver 47401300.usb-phy: dummy supplies not allowed for exclusive requests (id=vbus)
[[0;32m  OK  [0m] Found device /dev/ttyS0.
[   15.435744] usbcore: registered new interface driver usbfs
[   15.435975] usbcore: registered new interface driver hub
[   15.436183] usbcore: registered new device driver usb
[   15.449123] at24 2-0054: supply vcc not found, using dummy regulator
[[0;32m  OK  [0m] Started Network Time Synchronization.
[   15.494198] am335x-phy-driver 47401b00.usb-phy: dummy supplies not allowed for exclusive requests (id=vbus)
[[0;32m  OK  [0m] Reached target System Time Synchronized.[   15.524915] tps6521x_pwrbutton tps65217-pwrbutton: DMA mask not set

[   15.547411] at24 2-0055: supply vcc not found, using dummy regulator
[[0;32m  OK  [0m] Reached target System Initialization.
[   15.580650] at24 2-0056: supply vcc not found, using dummy regulator
[   15.581726] input: tps65217_pwrbutton as /devices/platform/ocp/44c00000.interconnect/44c00000.interconnect:segment@200000/44e0b000.target-module/44e0b000.i2c/i2c-0/0-0024/tps65217-pwrbutton/input/input0
[   15.620168] at24 2-0057: supply vcc not found, using dummy regulator
[   15.680038] at24 0-0050: 32768 byte 24c256 EEPROM, writable, 1 bytes/write
[[0;32m  OK  [0m] Started Daily apt download activities.
[[0;32m  OK  [0m] Started Daily apt upgrade and clean activities.
[[0;32m  OK  [0m] Listening on Avahi mDNS/DNS-SD Stack Activation Socket.
[   15.990515] omap_rtc 44e3e000.rtc: registered as rtc0
[   15.990609] omap_rtc 44e3e000.rtc: setting system clock to 2000-01-01T00:00:00 UTC (946684800)
[[0;32m  OK  [0m] Listening on D-Bus System Message Bus Socket.
[[0;32m  OK  [0m] Reached target Sockets.
[[0;32m  OK  [0m] Reached target Basic System.
[   16.101788] wkup_m3_ipc 44e11324.wkup_m3_ipc: IPC Request for A8->M3 Channel failed! -517
[   16.382866] wkup_m3_ipc 44e11324.wkup_m3_ipc: IPC Request for A8->M3 Channel failed! -517
[[0;32m  OK  [0m] Started Regular background program processing daemon.
[   16.478065] musb-hdrc musb-hdrc.1: MUSB HDRC host driver
[   16.478132] musb-hdrc musb-hdrc.1: new USB bus registered, assigned bus number 1
[   16.482292] wkup_m3_ipc 44e11324.wkup_m3_ipc: IPC Request for A8->M3 Channel failed! -517
[   16.603974] usb usb1: New USB device found, idVendor=1d6b, idProduct=0002, bcdDevice= 6.13
[   16.604021] usb usb1: New USB device strings: Mfr=3, Product=2, SerialNumber=1
[   16.604033] usb usb1: Product: MUSB HDRC host driver
[   16.604042] usb usb1: Manufacturer: Linux 6.13.0-rc7-next-20250114 musb-hcd
         Starting System Logging Service...[   16.604051] usb usb1: SerialNumber: musb-hdrc.1

[   16.614752] hub 1-0:1.0: USB hub found
[   16.616916] hub 1-0:1.0: 1 port detected
[   16.695066] wkup_m3_ipc 44e11324.wkup_m3_ipc: IPC Request for A8->M3 Channel failed! -517
         Starting Generic Board Startup...
         Starting LSB: Start busybox udhcpd at boot time...
         Starting Cape Manager Service...
[   17.408280] omap-mailbox 480c8000.mailbox: omap mailbox rev 0x400
         Starting DUN service...
[[0;32m  OK  [0m] Started Daily Cleanup of Temporary Directories.
[[0;32m  OK  [0m] Reached target Timers.[   17.482125] remoteproc remoteproc0: powering up wkup_m3

[   17.584611] remoteproc remoteproc0: Direct firmware load for am335x-pm-firmware.elf failed with error -2
[   17.584838] remoteproc remoteproc0: request_firmware failed: -2
[   17.584857] wkup_m3_ipc 44e11324.wkup_m3_ipc: rproc_boot failed
[[0;32m  OK  [0m] Started D-Bus System Message Bus.
[   17.993226] tda998x 0-0070: found TDA19988
[   20.174491] omap_rng 48310000.rng: Random Number Generator ver. 20
[   20.251266] tilcdc 4830e000.lcdc: bound 0-0070 (ops tda998x_driver_exit [tda998x])
[   20.274794] [drm] Initialized tilcdc 1.0.0 for 4830e000.lcdc on minor 0
[   20.276313] tilcdc 4830e000.lcdc: [drm] Cannot find any crtc or sizes
[   20.278046] tilcdc 4830e000.lcdc: [drm] Cannot find any crtc or sizes
[   20.940277] omap-sham 53100000.sham: hw accel on OMAP rev 4.3
[   20.943534] PM: Cannot get wkup_m3_ipc handle
[   20.992404] omap-sham 53100000.sham: will run requests pump with realtime priority
[   20.994737] PM: Cannot get wkup_m3_ipc handle
[   21.117920] omap-aes 53500000.aes: OMAP AES hw accel rev: 3.2
[   21.172849] omap-aes 53500000.aes: will run requests pump with realtime priority
[   21.180776] PM: Cannot get wkup_m3_ipc handle
[[0;32m  OK  [0m] Started DUN service.
         Starting Connection service...
         Starting LSB: Load kernel modules needed to enable cpufreq scaling...
         Starting Telephony service...
         Starting Login Service...
         Starting Avahi mDNS/DNS-SD Stack...
[[0;32m  OK  [0m] Started System Logging Service.
[[0;32m  OK  [0m] Started Cape Manager Service.
[   24.770640] Bluetooth: Core ver 2.22
[   24.770871] NET: Registered PF_BLUETOOTH protocol family
[   24.770882] Bluetooth: HCI device and connection manager initialized
[   24.770912] Bluetooth: HCI socket layer initialized
[   24.770926] Bluetooth: L2CAP socket layer initialized
[   24.770959] Bluetooth: SCO socket layer initialized
[   25.034386] PM: Cannot get wkup_m3_ipc handle
[   25.035222] OF: /sound: Read of boolean property 'simple-audio-card,bitclock-master' with a value.
[   25.035434] OF: /sound: Read of boolean property 'simple-audio-card,frame-master' with a value.
[   25.119068] PM: Cannot get wkup_m3_ipc handle
[[0;32m  OK  [0m] Started LSB: Start busybox udhcpd at boot time.
[   28.195887] configfs-gadget.g_multi gadget.0: HOST MAC 1c:ba:8c:a2:ed:6c
[   28.195916] configfs-gadget.g_multi gadget.0: MAC 1c:ba:8c:a2:ed:70
[   28.196847] configfs-gadget.g_multi gadget.0: HOST MAC 1c:ba:8c:a2:ed:6c
[   28.196868] configfs-gadget.g_multi gadget.0: MAC 1c:ba:8c:a2:ed:6d
[   28.197975] PM: Cannot get wkup_m3_ipc handle
[[0;32m  OK  [0m] Started LSB: Load kernel modules needed to enable cpufreq scaling.
[[0;32m  OK  [0m] Started Raise network interfaces.
[[0;32m  OK  [0m] Started Telephony service.
[[0;32m  OK  [0m] Started Connection service.
[[0;32m  OK  [0m] Started Avahi mDNS/DNS-SD Stack.
[[0;32m  OK  [0m] Started Login Service.
[[0;32m  OK  [0m] Reached target Sound Card.
[[0;32m  OK  [0m] Reached target Network.
[[0;32m  OK  [0m] Reached target Network is Online.
         Starting LSB: Advanced IEEE 802.11 management daemon...
         Starting Permit User Sessions...
         Starting OpenBSD Secure Shell server...
         Starting The Apache HTTP Server...
         Starting LSB: set CPUFreq kernel parameters...
[[0;32m  OK  [0m] Started LSB: Advanced IEEE 802.11 management daemon.
[[0;32m  OK  [0m] Started Permit User Sessions.
         Starting Hostname Service...
         Starting WPA supplicant...
[[0;32m  OK  [0m] Started Getty on tty1.
[[0;32m  OK  [0m] Started Serial Getty on ttyS0.
[[0;32m  OK  [0m] Reached target Login Prompts.
[[0;32m  OK  [0m] Started LSB: set CPUFreq kernel parameters.
[[0;32m  OK  [0m] Started WPA supplicant.
[[0;32m  OK  [0m] Started Hostname Service.
         Stopping LSB: Start busybox udhcpd at boot time...
[[0;32m  OK  [0m] Started OpenBSD Secure Shell server.
[[0;32m  OK  [0m] Stopped LSB: Start busybox udhcpd at boot time.
         Starting dnsmasq - A lightweight DHCP and caching DNS server...
[[0;32m  OK  [0m] Started The Apache HTTP Server.
[[0;32m  OK  [0m] Started dnsmasq - A lightweight DHCP and caching DNS server.
[[0;32m  OK  [0m] Reached target Host and Network Name Lookups.
[[0;32m  OK  [0m] Started Serial Getty on ttyGS0.
[[0;32m  OK  [0m] Started Generic Board Startup.
[[0;32m  OK  [0m] Reached target Multi-User System.
[[0;32m  OK  [0m] Reached target Graphical Interface.
         Starting Update UTMP about System Runlevel Changes...
[[0;32m  OK  [0m] Started Update UTMP about System Runlevel Changes.

Debian GNU/Linux 9 arm ttyS0

default username:password is [debian:temppwd]

arm login: root
Password: 
Last login: Sat Jan  1 00:00:30 UTC 2000 on ttyS0
root
Linux arm 6.13.0-rc7-next-20250114 #9 SMP Tue Jan 14 08:31:05 EET 2025 armv7l

The programs included with the Debian GNU/Linux system are free software;
the exact distribution terms for each program are described in the
individual files in /usr/share/doc/*/copyright.

Debian GNU/Linux comes with ABSOLUTELY NO WARRANTY, to the extent
permitted by applicable law.
root@arm:~# root
-bash: root: command not found
root@arm:~# dmesg -n 1
root@arm:~# echo 'JFHX''CUFLHA'
JFHXCUFLHA
root@arm:~# run() { echo -n "$MARKER"; sh -c "$@"; echo "$MARKER $?"; }
root@arm:~# echo 'QQSZ''CBTTMW'
QQSZCBTTMW
root@arm:~# MARKER='KNJH''TAWBBC' run 'cat /proc/version'
KNJHTAWBBCLinux version 6.13.0-rc7-next-20250114 (user01@drvtest01) (arm-linux-gnueabihf-gcc (Linaro GCC 6.4-2017.11) 6.4.1 20171012, GNU ld (Linaro_Binutils-2017.11) 2.27.0.20161229) #9 SMP Tue Jan 14 08:31:05 EET 2025
KNJHTAWBBC 0
root@arm:~# echo 'GJCX''KJKLHE'
GJCXKJKLHE
root@arm:~# MARKER='NNZM''XNLFJA' run false
NNZMXNLFJANNZMXNLFJA 1
root@arm:~# Labgrid Console Logfile for main
Logfile started at 2025-01-14 08:32:51.554665
=== Log starts here ===

root@arm:~# run() { echo -n "$MARKER"; sh -c "$@"; echo "$MARKER $?"; }
root@arm:~# echo 'HTLW''XBCFCQ'
HTLWXBCFCQ
root@arm:~# MARKER='HFXK''ZTAZTM' run 'ls /iio_generic_buffer; echo $?'
HFXKZTAZTM/iio_generic_buffer
0
HFXKZTAZTM 0
root@arm:~# Labgrid Console Logfile for main
Logfile started at 2025-01-14 08:32:54.897245
=== Log starts here ===

root@arm:~# run() { echo -n "$MARKER"; sh -c "$@"; echo "$MARKER $?"; }
root@arm:~# echo 'YASZ''HJMSGW'
YASZHJMSGW
root@arm:~# MARKER='BOOZ''AXBQSP' run dmesg
BOOZAXBQSP[    0.000000] Booting Linux on physical CPU 0x0
[    0.000000] Linux version 6.13.0-rc7-next-20250114 (user01@drvtest01) (arm-linux-gnueabihf-gcc (Linaro GCC 6.4-2017.11) 6.4.1 20171012, GNU ld (Linaro_Binutils-2017.11) 2.27.0.20161229) #9 SMP Tue Jan 14 08:31:05 EET 2025
[    0.000000] CPU: ARMv7 Processor [413fc082] revision 2 (ARMv7), cr=10c5387d
[    0.000000] CPU: PIPT / VIPT nonaliasing data cache, VIPT aliasing instruction cache
[    0.000000] OF: fdt: Machine model: TI AM335x BeagleBone Black
[    0.000000] Memory policy: Data cache writeback
[    0.000000] cma: Reserved 16 MiB at 0x9e800000 on node -1
[    0.000000] Zone ranges:
[    0.000000]   Normal   [mem 0x0000000080000000-0x000000009fdfffff]
[    0.000000]   HighMem  empty
[    0.000000] Movable zone start for each node
[    0.000000] Early memory node ranges
[    0.000000]   node   0: [mem 0x0000000080000000-0x000000009fdfffff]
[    0.000000] Initmem setup node 0 [mem 0x0000000080000000-0x000000009fdfffff]
[    0.000000] OF: reserved mem: Reserved memory: No reserved-memory node in the DT
[    0.000000] CPU: All CPU(s) started in SVC mode.
[    0.000000] AM335X ES2.1 (sgx neon)
[    0.000000] percpu: Embedded 17 pages/cpu s39628 r8192 d21812 u69632
[    0.000000] pcpu-alloc: s39628 r8192 d21812 u69632 alloc=17*4096
[    0.000000] pcpu-alloc: [0] 0 
[    0.000000] Kernel command line: console=ttyO0,115200n8 root=/dev/nfs rw nfsroot=192.168.255.126:/home/user01/nfs,nfsvers=3 ip=192.168.255.1:192.168.255.126::255.255.255.0:bbb1:eth0 nfsrootdebug
[    0.000000] Unknown kernel command line parameters "nfsrootdebug", will be passed to user space.
[    0.000000] printk: log buffer data + meta data: 65536 + 204800 = 270336 bytes
[    0.000000] Dentry cache hash table entries: 65536 (order: 6, 262144 bytes, linear)
[    0.000000] Inode-cache hash table entries: 32768 (order: 5, 131072 bytes, linear)
[    0.000000] Built 1 zonelists, mobility grouping on.  Total pages: 130560
[    0.000000] mem auto-init: stack:off, heap alloc:off, heap free:off
[    0.000000] SLUB: HWalign=64, Order=0-3, MinObjects=0, CPUs=1, Nodes=1
[    0.000000] rcu: Hierarchical RCU implementation.
[    0.000000] rcu: 	RCU event tracing is enabled.
[    0.000000] rcu: 	RCU restricting CPUs from NR_CPUS=2 to nr_cpu_ids=1.
[    0.000000] 	Tracing variant of Tasks RCU enabled.
[    0.000000] rcu: RCU calculated value of scheduler-enlistment delay is 10 jiffies.
[    0.000000] rcu: Adjusting geometry for rcu_fanout_leaf=16, nr_cpu_ids=1
[    0.000000] RCU Tasks Trace: Setting shift to 0 and lim to 1 rcu_task_cb_adjust=1 rcu_task_cpu_ids=1.
[    0.000000] NR_IRQS: 16, nr_irqs: 16, preallocated irqs: 16
[    0.000000] IRQ: Found an INTC at 0x(ptrval) (revision 5.0) with 128 interrupts
[    0.000000] rcu: srcu_init: Setting srcu_struct sizes based on contention.
[    0.000000] TI gptimer clocksource: always-on /ocp/interconnect@44c00000/segment@200000/target-module@31000
[    0.000002] sched_clock: 32 bits at 24MHz, resolution 41ns, wraps every 89478484971ns
[    0.000024] clocksource: dmtimer: mask: 0xffffffff max_cycles: 0xffffffff, max_idle_ns: 79635851949 ns
[    0.000516] TI gptimer clockevent: 24000000 Hz at /ocp/interconnect@48000000/segment@0/target-module@40000
[    0.002201] Console: colour dummy device 80x30
[    0.002279] WARNING: Your 'console=ttyO0' has been replaced by 'ttyS0'
[    0.002288] This ensures that you still see kernel messages. Please
[    0.002293] update your kernel commandline.
[    0.002335] Calibrating delay loop... 996.14 BogoMIPS (lpj=4980736)
[    0.090563] CPU: Testing write buffer coherency: ok
[    0.090671] CPU0: Spectre v2: using BPIALL workaround
[    0.090682] pid_max: default: 32768 minimum: 301
[    0.090799] LSM: initializing lsm=capability
[    0.090974] Mount-cache hash table entries: 1024 (order: 0, 4096 bytes, linear)
[    0.090994] Mountpoint-cache hash table entries: 1024 (order: 0, 4096 bytes, linear)
[    0.092647] CPU0: thread -1, cpu 0, socket -1, mpidr 0
[    0.150934] Setting up static identity map for 0x80100000 - 0x80100078
[    0.160724] rcu: Hierarchical SRCU implementation.
[    0.160735] rcu: 	Max phase no-delay instances is 1000.
[    0.180760] smp: Bringing up secondary CPUs ...
[    0.180816] smp: Brought up 1 node, 1 CPU
[    0.180831] SMP: Total of 1 processors activated (996.14 BogoMIPS).
[    0.180842] CPU: All CPU(s) started in SVC mode.
[    0.181012] Memory: 480804K/522240K available (11264K kernel code, 1214K rwdata, 2908K rodata, 1024K init, 296K bss, 23388K reserved, 16384K cma-reserved, 0K highmem)
[    0.181893] devtmpfs: initialized
[    0.199110] VFP support v0.3: implementor 41 architecture 3 part 30 variant c rev 3
[    0.199453] clocksource: jiffies: mask: 0xffffffff max_cycles: 0xffffffff, max_idle_ns: 19112604462750000 ns
[    0.199490] futex hash table entries: 256 (order: 2, 16384 bytes, linear)
[    0.200992] pinctrl core: initialized pinctrl subsystem
[    0.203832] NET: Registered PF_NETLINK/PF_ROUTE protocol family
[    0.206632] DMA: preallocated 256 KiB pool for atomic coherent allocations
[    0.207538] audit: initializing netlink subsys (disabled)
[    0.208970] thermal_sys: Registered thermal governor 'fair_share'
[    0.208987] thermal_sys: Registered thermal governor 'step_wise'
[    0.208996] thermal_sys: Registered thermal governor 'user_space'
[    0.209146] audit: type=2000 audit(0.200:1): state=initialized audit_enabled=0 res=1
[    0.209182] cpuidle: using governor menu
[    0.227730] /ocp/interconnect@44c00000/segment@200000/target-module@b000/i2c@0/tda19988@70: Fixed dependency cycle(s) with /ocp/interconnect@48000000/segment@300000/target-module@e000/lcdc@0
[    0.228900] /ocp/interconnect@48000000/segment@300000/target-module@e000/lcdc@0: Fixed dependency cycle(s) with /ocp/interconnect@44c00000/segment@200000/target-module@b000/i2c@0/tda19988@70
[    0.231284] No ATAGs?
[    0.231305] hw-breakpoint: debug architecture 0x4 unsupported.
[    0.234149] kprobes: kprobe jump-optimization is enabled. All kprobes are optimized if possible.
[    0.244185] iommu: Default domain type: Translated
[    0.244209] iommu: DMA domain TLB invalidation policy: strict mode
[    0.251371] reg-fixed-voltage fixedregulator0: using DT '/fixedregulator0' for '(default)' GPIO lookup
[    0.251427] of_get_named_gpiod_flags: can't parse 'gpios' property of node '/fixedregulator0[0]'
[    0.251457] of_get_named_gpiod_flags: can't parse 'gpio' property of node '/fixedregulator0[0]'
[    0.251476] reg-fixed-voltage fixedregulator0: using lookup tables for GPIO lookup
[    0.251487] reg-fixed-voltage fixedregulator0: No GPIO consumer (default) found
[    0.252528] SCSI subsystem initialized
[    0.253018] libata version 3.00 loaded.
[    0.253387] pps_core: LinuxPPS API ver. 1 registered
[    0.253398] pps_core: Software ver. 5.3.6 - Copyright 2005-2007 Rodolfo Giometti <giometti@linux.it>
[    0.253423] PTP clock support registered
[    0.261064] vgaarb: loaded
[    0.261485] clocksource: Switched to clocksource dmtimer
[    0.262148] VFS: Disk quotas dquot_6.6.0
[    0.262192] VFS: Dquot-cache hash table entries: 1024 (order 0, 4096 bytes)
[    0.286576] NET: Registered PF_INET protocol family
[    0.286932] IP idents hash table entries: 8192 (order: 4, 65536 bytes, linear)
[    0.288350] tcp_listen_portaddr_hash hash table entries: 512 (order: 0, 4096 bytes, linear)
[    0.288388] Table-perturb hash table entries: 65536 (order: 6, 262144 bytes, linear)
[    0.288406] TCP established hash table entries: 4096 (order: 2, 16384 bytes, linear)
[    0.288449] TCP bind hash table entries: 4096 (order: 4, 65536 bytes, linear)
[    0.288549] TCP: Hash tables configured (established 4096 bind 4096)
[    0.288666] UDP hash table entries: 256 (order: 1, 14336 bytes, linear)
[    0.288703] UDP-Lite hash table entries: 256 (order: 1, 14336 bytes, linear)
[    0.288878] NET: Registered PF_UNIX/PF_LOCAL protocol family
[    0.292258] RPC: Registered named UNIX socket transport module.
[    0.292282] RPC: Registered udp transport module.
[    0.292287] RPC: Registered tcp transport module.
[    0.292292] RPC: Registered tcp-with-tls transport module.
[    0.292298] RPC: Registered tcp NFSv4.1 backchannel transport module.
[    0.292323] PCI: CLS 0 bytes, default 64
[    0.293790] Initialise system trusted keyrings
[    0.301782] workingset: timestamp_bits=14 max_order=17 bucket_order=3
[    0.303123] NFS: Registering the id_resolver key type
[    0.303210] Key type id_resolver registered
[    0.303218] Key type id_legacy registered
[    0.303268] jffs2: version 2.2. (NAND) (SUMMARY)  Â© 2001-2006 Red Hat, Inc.
[    0.303681] Key type asymmetric registered
[    0.303698] Asymmetric key parser 'x509' registered
[    0.303765] io scheduler mq-deadline registered
[    0.303776] io scheduler kyber registered
[    0.303845] io scheduler bfq registered
[    0.305460] ledtrig-cpu: registered to indicate activity on CPUs
[    0.312007] Serial: 8250/16550 driver, 6 ports, IRQ sharing enabled
[    0.349499] brd: module loaded
[    0.376452] loop: module loaded
[    0.377387] mtdoops: mtd device (mtddev=name/number) must be supplied
[    0.391005] mdio_bus fixed-0: using lookup tables for GPIO lookup
[    0.391032] mdio_bus fixed-0: No GPIO consumer reset found
[    0.392571] i2c_dev: i2c /dev entries driver
[    0.393541] cpuidle: enable-method property 'ti,am3352' found operations
[    0.393990] sdhci: Secure Digital Host Controller Interface driver
[    0.394000] sdhci: Copyright(c) Pierre Ossman
[    0.394174] sdhci-pltfm: SDHCI platform and OF driver helper
[    0.395203] Initializing XFRM netlink socket
[    0.395351] NET: Registered PF_INET6 protocol family
[    0.397389] Segment Routing with IPv6
[    0.397479] In-situ OAM (IOAM) with IPv6
[    0.397574] sit: IPv6, IPv4 and MPLS over IPv4 tunneling driver
[    0.398541] NET: Registered PF_PACKET protocol family
[    0.398575] NET: Registered PF_KEY protocol family
[    0.398721] Key type dns_resolver registered
[    0.398993] ThumbEE CPU extension supported.
[    0.399014] Registering SWP/SWPB emulation handler
[    0.399558] omap_voltage_late_init: Voltage driver support not added
[    0.399924] SmartReflex Class3 initialized
[    0.433489] Loading compiled-in X.509 certificates
[    0.478988] OF: /ocp: Read of boolean property 'clocks' with a value.
[    0.482350] /ocp/interconnect@44c00000/segment@200000/target-module@b000/i2c@0/tda19988@70: Fixed dependency cycle(s) with /ocp/interconnect@48000000/segment@300000/target-module@e000/lcdc@0
[    0.483346] OF: /ocp/interconnect@44c00000: Read of boolean property 'clocks' with a value.
[    0.488807] /ocp/interconnect@44c00000/segment@200000/target-module@b000/i2c@0/tda19988@70: Fixed dependency cycle(s) with /ocp/interconnect@48000000/segment@300000/target-module@e000/lcdc@0
[    0.494588] gpiochip_find_base_unlocked: found new base at 512
[    0.518742] /ocp/interconnect@44c00000/segment@200000/target-module@b000/i2c@0/tda19988@70: Fixed dependency cycle(s) with /ocp/interconnect@48000000/segment@300000/target-module@e000/lcdc@0
[    0.519634] /ocp/interconnect@44c00000/segment@200000/target-module@b000/i2c@0/tda19988@70: Fixed dependency cycle(s) with /ocp/interconnect@48000000/segment@300000/target-module@e000/lcdc@0
[    0.523461] /ocp/interconnect@44c00000/segment@200000/target-module@10000/scm@0/pinmux@800: Fixed dependency cycle(s) with /ocp/interconnect@44c00000/segment@200000/target-module@10000/scm@0/pinmux@800/clkout2-pins
[    0.524074] pinctrl-single 44e10800.pinmux: 142 pins, size 568
[    0.529450] ti-sysc 44e31000.target-module: probe with driver ti-sysc failed with error -16
[    0.561378] /ocp/interconnect@48000000/segment@300000/target-module@e000/lcdc@0: Fixed dependency cycle(s) with /ocp/interconnect@44c00000/segment@200000/target-module@b000/i2c@0/tda19988@70
[    0.561903] OF: /ocp/interconnect@48000000: Read of boolean property 'clocks' with a value.
[    0.569631] ti-sysc 48040000.target-module: probe with driver ti-sysc failed with error -16
[    0.581115] gpiochip_find_base_unlocked: found new base at 512
[    0.581215] gpio gpiochip0: (gpio-0-31): created GPIO range 0->7 ==> 44e10800.pinmux PIN 0->7
[    0.581235] gpio gpiochip0: (gpio-0-31): created GPIO range 8->11 ==> 44e10800.pinmux PIN 90->93
[    0.581251] gpio gpiochip0: (gpio-0-31): created GPIO range 12->27 ==> 44e10800.pinmux PIN 12->27
[    0.581267] gpio gpiochip0: (gpio-0-31): created GPIO range 28->31 ==> 44e10800.pinmux PIN 30->33
[    0.608490] gpio gpiochip0: (gpio-0-31): added GPIO chardev (254:0)
[    0.608649] gpio gpiochip0: registered GPIOs 512 to 543 on gpio-0-31
[    0.608740] OMAP GPIO hardware version 0.1
[    0.635996] i2c i2c-2: using DT '/ocp/interconnect@48000000/segment@100000/target-module@9c000/i2c@0' for 'scl' GPIO lookup
[    0.636071] of_get_named_gpiod_flags: can't parse 'scl-gpios' property of node '/ocp/interconnect@48000000/segment@100000/target-module@9c000/i2c@0[0]'
[    0.636113] of_get_named_gpiod_flags: can't parse 'scl-gpio' property of node '/ocp/interconnect@48000000/segment@100000/target-module@9c000/i2c@0[0]'
[    0.636151] i2c i2c-2: using lookup tables for GPIO lookup
[    0.636161] i2c i2c-2: No GPIO consumer scl found
[    0.636184] i2c i2c-2: using DT '/ocp/interconnect@48000000/segment@100000/target-module@9c000/i2c@0' for 'sda' GPIO lookup
[    0.636221] of_get_named_gpiod_flags: can't parse 'sda-gpios' property of node '/ocp/interconnect@48000000/segment@100000/target-module@9c000/i2c@0[0]'
[    0.636259] of_get_named_gpiod_flags: can't parse 'sda-gpio' property of node '/ocp/interconnect@48000000/segment@100000/target-module@9c000/i2c@0[0]'
[    0.636292] i2c i2c-2: using lookup tables for GPIO lookup
[    0.636300] i2c i2c-2: No GPIO consumer sda found
[    0.637018] omap_i2c 4819c000.i2c: bus 2 rev0.11 at 100 kHz
[    0.642846] gpiochip_find_base_unlocked: found new base at 544
[    0.642952] gpio gpiochip1: (gpio-32-63): created GPIO range 0->17 ==> 44e10800.pinmux PIN 34->51
[    0.642973] gpio gpiochip1: (gpio-32-63): created GPIO range 18->21 ==> 44e10800.pinmux PIN 77->80
[    0.642989] gpio gpiochip1: (gpio-32-63): created GPIO range 22->31 ==> 44e10800.pinmux PIN 56->65
[    0.654042] gpio gpiochip1: (gpio-32-63): added GPIO chardev (254:1)
[    0.654193] gpio gpiochip1: registered GPIOs 544 to 575 on gpio-32-63
[    0.656474] gpiochip_find_base_unlocked: found new base at 576
[    0.656566] gpio gpiochip2: (gpio-64-95): created GPIO range 0->4 ==> 44e10800.pinmux PIN 66->70
[    0.656594] gpio gpiochip2: (gpio-64-95): created GPIO range 5->6 ==> 44e10800.pinmux PIN 98->99
[    0.656611] gpio gpiochip2: (gpio-64-95): created GPIO range 7->8 ==> 44e10800.pinmux PIN 75->76
[    0.656627] gpio gpiochip2: (gpio-64-95): created GPIO range 13->13 ==> 44e10800.pinmux PIN 141->141
[    0.656644] gpio gpiochip2: (gpio-64-95): created GPIO range 14->21 ==> 44e10800.pinmux PIN 100->107
[    0.657303] gpio gpiochip2: (gpio-64-95): added GPIO chardev (254:2)
[    0.657437] gpio gpiochip2: registered GPIOs 576 to 607 on gpio-64-95
[    0.663235] 48000000.interconnect:segment@200000:target-module@0:mpu@0:fck: device ID is greater than 24
[    0.664157] /ocp/interconnect@48000000/segment@300000/target-module@e000/lcdc@0: Fixed dependency cycle(s) with /ocp/interconnect@44c00000/segment@200000/target-module@b000/i2c@0/tda19988@70
[    0.666981] /ocp/interconnect@48000000/segment@300000/target-module@e000/lcdc@0: Fixed dependency cycle(s) with /ocp/interconnect@44c00000/segment@200000/target-module@b000/i2c@0/tda19988@70
[    0.667678] /ocp/interconnect@44c00000/segment@200000/target-module@b000/i2c@0/tda19988@70: Fixed dependency cycle(s) with /ocp/interconnect@48000000/segment@300000/target-module@e000/lcdc@0
[    0.667832] /ocp/interconnect@48000000/segment@300000/target-module@e000/lcdc@0: Fixed dependency cycle(s) with /ocp/interconnect@44c00000/segment@200000/target-module@b000/i2c@0/tda19988@70
[    0.672238] OF: /ocp/interconnect@4a000000: Read of boolean property 'clocks' with a value.
[    0.677622] mdio_bus 4a101000.mdio: using DT '/ocp/interconnect@4a000000/segment@0/target-module@100000/switch@0/mdio@1000' for 'reset' GPIO lookup
[    0.677701] of_get_named_gpiod_flags: can't parse 'reset-gpios' property of node '/ocp/interconnect@4a000000/segment@0/target-module@100000/switch@0/mdio@1000[0]'
[    0.677752] of_get_named_gpiod_flags: can't parse 'reset-gpio' property of node '/ocp/interconnect@4a000000/segment@0/target-module@100000/switch@0/mdio@1000[0]'
[    0.677801] mdio_bus 4a101000.mdio: using lookup tables for GPIO lookup
[    0.677812] mdio_bus 4a101000.mdio: No GPIO consumer reset found
[    0.679044] sdhci-omap 481d8000.mmc: using DT '/ocp/interconnect@48000000/segment@100000/target-module@d8000/mmc@0' for 'wp' GPIO lookup
[    0.679108] of_get_named_gpiod_flags: can't parse 'wp-gpios' property of node '/ocp/interconnect@48000000/segment@100000/target-module@d8000/mmc@0[0]'
[    0.679152] of_get_named_gpiod_flags: can't parse 'wp-gpio' property of node '/ocp/interconnect@48000000/segment@100000/target-module@d8000/mmc@0[0]'
[    0.679189] sdhci-omap 481d8000.mmc: using lookup tables for GPIO lookup
[    0.679198] sdhci-omap 481d8000.mmc: No GPIO consumer wp found
[    0.679394] sdhci-omap 481d8000.mmc: supply pbias not found, using dummy regulator
[    0.679895] sdhci-omap 481d8000.mmc: supply vqmmc not found, using dummy regulator
[    0.724726] davinci_mdio 4a101000.mdio: davinci mdio revision 1.6, bus freq 1000000
[    0.758584] mdio_bus 4a101000.mdio:00: using DT '/ocp/interconnect@4a000000/segment@0/target-module@100000/switch@0/mdio@1000/ethernet-phy@0' for 'reset' GPIO lookup
[    0.758690] of_get_named_gpiod_flags: parsed 'reset-gpios' property of node '/ocp/interconnect@4a000000/segment@0/target-module@100000/switch@0/mdio@1000/ethernet-phy@0[0]' - status (0)
[    0.758857] gpio gpiochip0: Persistence not supported for GPIO 8
[    0.889012] davinci_mdio 4a101000.mdio: phy[0]: device 4a101000.mdio:00, driver SMSC LAN8710/LAN8720
[    0.889800] cpsw-switch 4a100000.switch: initialized cpsw ale version 1.4
[    0.889824] cpsw-switch 4a100000.switch: ALE Table size 1024, Policers 0
[    0.889975] cpsw-switch 4a100000.switch: cpts: overflow check period 500 (jiffies)
[    0.889992] cpsw-switch 4a100000.switch: CPTS: ref_clk_freq:250000000 calc_mult:2147483648 calc_shift:29 error:0 nsec/sec
[    0.890100] cpsw-switch 4a100000.switch: Detected MACID = 6c:ec:eb:68:de:78
[    0.892115] cpsw-switch 4a100000.switch: initialized (regs 0x4a100000, pool size 256) hw_ver:0019010C 1.12 (0)
[    0.903149] debugfs: Directory '49000000.dma' with parent 'dmaengine' already present!
[    0.903191] edma 49000000.dma: TI EDMA DMA engine driver
[    0.955878] target-module@4b000000:target-module@140000:pmu@0:fck: device ID is greater than 24
[    0.982734] hw perfevents: enabled with armv7_cortex_a8 PMU driver, 5 (8000000f) counters available
[    0.983655] gpio-clk clk_mcasp0: using DT '/clk_mcasp0' for 'enable' GPIO lookup
[    0.983722] of_get_named_gpiod_flags: parsed 'enable-gpios' property of node '/clk_mcasp0[0]' - status (0)
[    0.983767] gpio gpiochip0: Persistence not supported for GPIO 27
[    0.984580] gpiochip_find_base_unlocked: found new base at 608
[    0.984690] gpio gpiochip3: (gpio-96-127): created GPIO range 0->7 ==> 44e10800.pinmux PIN 82->89
[    0.984710] gpio gpiochip3: (gpio-96-127): created GPIO range 8->11 ==> 44e10800.pinmux PIN 52->55
[    0.984726] gpio gpiochip3: (gpio-96-127): created GPIO range 12->15 ==> 44e10800.pinmux PIN 94->97
[    0.984743] gpio gpiochip3: (gpio-96-127): created GPIO range 16->17 ==> 44e10800.pinmux PIN 71->72
[    0.984760] gpio gpiochip3: (gpio-96-127): created GPIO range 18->18 ==> 44e10800.pinmux PIN 135->135
[    0.984776] gpio gpiochip3: (gpio-96-127): created GPIO range 19->20 ==> 44e10800.pinmux PIN 108->109
[    0.984794] gpio gpiochip3: (gpio-96-127): created GPIO range 21->21 ==> 44e10800.pinmux PIN 73->73
[    0.984811] gpio gpiochip3: (gpio-96-127): created GPIO range 22->23 ==> 44e10800.pinmux PIN 8->9
[    0.984829] gpio gpiochip3: (gpio-96-127): created GPIO range 26->27 ==> 44e10800.pinmux PIN 10->11
[    0.984847] gpio gpiochip3: (gpio-96-127): created GPIO range 28->28 ==> 44e10800.pinmux PIN 74->74
[    0.984866] gpio gpiochip3: (gpio-96-127): created GPIO range 29->29 ==> 44e10800.pinmux PIN 81->81
[    0.984885] gpio gpiochip3: (gpio-96-127): created GPIO range 30->31 ==> 44e10800.pinmux PIN 28->29
[    0.990602] l3-aon-clkctrl:0000:0: failed to disable
[    0.991188] gpio gpiochip3: (gpio-96-127): added GPIO chardev (254:3)
[    0.991334] gpio gpiochip3: registered GPIOs 608 to 639 on gpio-96-127
[    0.994176] omap8250 44e09000.serial: using DT '/ocp/interconnect@44c00000/segment@200000/target-module@9000/serial@0' for 'rs485-term' GPIO lookup
[    0.994252] of_get_named_gpiod_flags: can't parse 'rs485-term-gpios' property of node '/ocp/interconnect@44c00000/segment@200000/target-module@9000/serial@0[0]'
[    0.994297] of_get_named_gpiod_flags: can't parse 'rs485-term-gpio' property of node '/ocp/interconnect@44c00000/segment@200000/target-module@9000/serial@0[0]'
[    0.994335] omap8250 44e09000.serial: using lookup tables for GPIO lookup
[    0.994346] omap8250 44e09000.serial: No GPIO consumer rs485-term found
[    0.994356] omap8250 44e09000.serial: using DT '/ocp/interconnect@44c00000/segment@200000/target-module@9000/serial@0' for 'rs485-rx-during-tx' GPIO lookup
[    0.994393] of_get_named_gpiod_flags: can't parse 'rs485-rx-during-tx-gpios' property of node '/ocp/interconnect@44c00000/segment@200000/target-module@9000/serial@0[0]'
[    0.994432] of_get_named_gpiod_flags: can't parse 'rs485-rx-during-tx-gpio' property of node '/ocp/interconnect@44c00000/segment@200000/target-module@9000/serial@0[0]'
[    0.994465] omap8250 44e09000.serial: using lookup tables for GPIO lookup
[    0.994473] omap8250 44e09000.serial: No GPIO consumer rs485-rx-during-tx found
[    0.994859] 44e09000.serial: ttyS0 at MMIO 0x44e09000 (irq = 34, base_baud = 3000000) is a 8250
[    0.994954] printk: console [ttyS0] enabled
[    2.501780] i2c i2c-0: using DT '/ocp/interconnect@44c00000/segment@200000/target-module@b000/i2c@0' for 'scl' GPIO lookup
[    2.501861] of_get_named_gpiod_flags: can't parse 'scl-gpios' property of node '/ocp/interconnect@44c00000/segment@200000/target-module@b000/i2c@0[0]'
[    2.501907] of_get_named_gpiod_flags: can't parse 'scl-gpio' property of node '/ocp/interconnect@44c00000/segment@200000/target-module@b000/i2c@0[0]'
[    2.501945] i2c i2c-0: using lookup tables for GPIO lookup
[    2.501956] i2c i2c-0: No GPIO consumer scl found
[    2.501979] i2c i2c-0: using DT '/ocp/interconnect@44c00000/segment@200000/target-module@b000/i2c@0' for 'sda' GPIO lookup
[    2.502016] of_get_named_gpiod_flags: can't parse 'sda-gpios' property of node '/ocp/interconnect@44c00000/segment@200000/target-module@b000/i2c@0[0]'
[    2.502055] of_get_named_gpiod_flags: can't parse 'sda-gpio' property of node '/ocp/interconnect@44c00000/segment@200000/target-module@b000/i2c@0[0]'
[    2.502089] i2c i2c-0: using lookup tables for GPIO lookup
[    2.502097] i2c i2c-0: No GPIO consumer sda found
[    2.522469] tps65217-pmic: Failed to locate of_node [id: -1]
[    2.522829] tps65217-bl: Failed to locate of_node [id: -1]
[    2.528565] tps65217 0-0024: TPS65217 ID 0xe version 1.2
[    2.529207] /ocp/interconnect@48000000/segment@300000/target-module@e000/lcdc@0: Fixed dependency cycle(s) with /ocp/interconnect@44c00000/segment@200000/target-module@b000/i2c@0/tda19988@70
[    2.529433] /ocp/interconnect@44c00000/segment@200000/target-module@b000/i2c@0/tda19988@70: Fixed dependency cycle(s) with /ocp/interconnect@48000000/segment@300000/target-module@e000/lcdc@0
[    2.529714] omap_i2c 44e0b000.i2c: bus 0 rev0.11 at 400 kHz
[    2.531878] sdhci-omap 48060000.mmc: using DT '/ocp/interconnect@48000000/segment@0/target-module@60000/mmc@0' for 'cd' GPIO lookup
[    2.531982] of_get_named_gpiod_flags: parsed 'cd-gpios' property of node '/ocp/interconnect@48000000/segment@0/target-module@60000/mmc@0[0]' - status (0)
[    2.532046] gpio gpiochip3: Persistence not supported for GPIO 6
[    2.532067] omap_gpio 44e07000.gpio: Could not set line 6 debounce to 200000 microseconds (-22)
[    2.532083] sdhci-omap 48060000.mmc: Got CD GPIO
[    2.532093] sdhci-omap 48060000.mmc: using DT '/ocp/interconnect@48000000/segment@0/target-module@60000/mmc@0' for 'wp' GPIO lookup
[    2.532133] of_get_named_gpiod_flags: can't parse 'wp-gpios' property of node '/ocp/interconnect@48000000/segment@0/target-module@60000/mmc@0[0]'
[    2.532172] of_get_named_gpiod_flags: can't parse 'wp-gpio' property of node '/ocp/interconnect@48000000/segment@0/target-module@60000/mmc@0[0]'
[    2.532208] sdhci-omap 48060000.mmc: using lookup tables for GPIO lookup
[    2.532219] sdhci-omap 48060000.mmc: No GPIO consumer wp found
[    2.532419] sdhci-omap 48060000.mmc: supply pbias not found, using dummy regulator
[    2.533488] sdhci-omap 481d8000.mmc: using DT '/ocp/interconnect@48000000/segment@100000/target-module@d8000/mmc@0' for 'wp' GPIO lookup
[    2.533551] of_get_named_gpiod_flags: can't parse 'wp-gpios' property of node '/ocp/interconnect@48000000/segment@100000/target-module@d8000/mmc@0[0]'
[    2.533595] of_get_named_gpiod_flags: can't parse 'wp-gpio' property of node '/ocp/interconnect@48000000/segment@100000/target-module@d8000/mmc@0[0]'
[    2.533631] sdhci-omap 481d8000.mmc: using lookup tables for GPIO lookup
[    2.533641] sdhci-omap 481d8000.mmc: No GPIO consumer wp found
[    2.534143] sdhci-omap 48060000.mmc: supply vqmmc not found, using dummy regulator
[    2.535356] sdhci-omap 481d8000.mmc: supply pbias not found, using dummy regulator
[    2.535787] sdhci-omap 481d8000.mmc: supply vqmmc not found, using dummy regulator
[    2.664407] mmc1: SDHCI controller on 481d8000.mmc [481d8000.mmc] using External DMA
[    2.665673] mmc0: SDHCI controller on 48060000.mmc [48060000.mmc] using External DMA
[    2.666686] cpsw-switch 4a100000.switch: starting ndev. mode: dual_mac
[    2.730623] mmc0: new high speed SDHC card at address 5048
[    2.737729] mmcblk0: mmc0:5048 SD16G 14.4 GiB
[    2.741298]  mmcblk0: p1 p2
[    2.749345] mmcblk0: p2 size 31221760 extends beyond EOD, truncated
[    2.750973] SMSC LAN8710/LAN8720 4a101000.mdio:00: attached PHY driver (mii_bus:phy_addr=4a101000.mdio:00, irq=POLL)
[    2.780273] mmc1: new high speed MMC card at address 0001
[    2.787411] mmcblk1: mmc1:0001 MMC04G 3.60 GiB
[    2.790267]  mmcblk1: p1 p2
[    2.799221] mmcblk1boot0: mmc1:0001 MMC04G 2.00 MiB
[    2.801370] mmcblk1boot1: mmc1:0001 MMC04G 2.00 MiB
[    2.813814] mmcblk1rpmb: mmc1:0001 MMC04G 128 KiB, chardev (250:0)
[    5.922256] cpsw-switch 4a100000.switch eth0: Link is Up - 100Mbps/Full - flow control off
[    5.951742] IP-Config: Complete:
[    5.951761]      device=eth0, hwaddr=6c:ec:eb:68:de:78, ipaddr=192.168.255.1, mask=255.255.255.0, gw=255.255.255.255
[    5.951785]      host=bbb1, domain=, nis-domain=(none)
[    5.951793]      bootserver=192.168.255.126, rootserver=192.168.255.126, rootpath=
[    5.952221] clk: Disabling unused clocks
[    5.952431] PM: genpd: Disabling unused power domains
[    5.952472] KTAP version 1
[    5.952478] 1..0
[    6.016923] VFS: Mounted root (nfs filesystem) on device 0:17.
[    6.017890] devtmpfs: mounted
[    6.019611] Freeing unused kernel image (initmem) memory: 1024K
[    6.020272] Run /sbin/init as init process
[    6.020286]   with arguments:
[    6.020295]     /sbin/init
[    6.020302]     nfsrootdebug
[    6.020308]   with environment:
[    6.020313]     HOME=/
[    6.020319]     TERM=linux
[    6.753546] systemd[1]: System time before build time, advancing clock.
[    8.281508] random: crng init done
[    8.324383] systemd[1]: systemd 232 running in system mode. (+PAM +AUDIT +SELINUX +IMA +APPARMOR +SMACK +SYSVINIT +UTMP +LIBCRYPTSETUP +GCRYPT +GNUTLS +ACL +XZ +LZ4 +SECCOMP +BLKID +ELFUTILS +KMOD +IDN)
[    8.325125] systemd[1]: Detected architecture arm.
[    8.376041] systemd[1]: Set hostname to <arm>.
[    9.534624] systemd[1]: Set up automount Arbitrary Executable File Formats File System Automount Point.
[    9.555022] systemd[1]: Created slice System Slice.
[    9.573863] systemd[1]: Listening on Journal Socket (/dev/log).
[    9.622083] systemd[1]: Mounting POSIX Message Queue File System...
[    9.652622] systemd[1]: Mounting Debug File System...
[    9.673256] systemd[1]: Started Dispatch Password Requests to Console Directory Watch.
[    9.693043] systemd[1]: Started Forward Password Requests to Wall Directory Watch.
[   11.595181] systemd-journald[97]: Received request to flush runtime journal from PID 1
[   14.394312] leds-gpio leds: using DT '/leds/led2' for '(default)' GPIO lookup
[   14.394407] of_get_named_gpiod_flags: parsed 'gpios' property of node '/leds/led2[0]' - status (0)
[   14.394459] gpio gpiochip0: Persistence not supported for GPIO 21
[   14.394471] gpio-533 (?): no flags found for GPIO (default)
[   14.482025] leds-gpio leds: using DT '/leds/led3' for '(default)' GPIO lookup
[   14.482125] of_get_named_gpiod_flags: parsed 'gpios' property of node '/leds/led3[0]' - status (0)
[   14.482176] gpio gpiochip0: Persistence not supported for GPIO 22
[   14.482188] gpio-534 (?): no flags found for GPIO (default)
[   14.511994] leds-gpio leds: using DT '/leds/led4' for '(default)' GPIO lookup
[   14.512082] of_get_named_gpiod_flags: parsed 'gpios' property of node '/leds/led4[0]' - status (0)
[   14.512129] gpio gpiochip0: Persistence not supported for GPIO 23
[   14.512141] gpio-535 (?): no flags found for GPIO (default)
[   14.544011] leds-gpio leds: using DT '/leds/led5' for '(default)' GPIO lookup
[   14.544104] of_get_named_gpiod_flags: parsed 'gpios' property of node '/leds/led5[0]' - status (0)
[   14.544154] gpio gpiochip0: Persistence not supported for GPIO 24
[   14.544166] gpio-536 (?): no flags found for GPIO (default)
[   14.803945] remoteproc remoteproc0: wkup_m3 is available
[   15.028926] omap_wdt: OMAP Watchdog Timer Rev 0x01: initial timeout 60 sec
[   15.289436] am335x-phy-driver 47401300.usb-phy: using DT '/ocp/target-module@47400000/usb-phy@1300' for 'reset' GPIO lookup
[   15.289521] of_get_named_gpiod_flags: can't parse 'reset-gpios' property of node '/ocp/target-module@47400000/usb-phy@1300[0]'
[   15.289564] of_get_named_gpiod_flags: can't parse 'reset-gpio' property of node '/ocp/target-module@47400000/usb-phy@1300[0]'
[   15.289600] am335x-phy-driver 47401300.usb-phy: using lookup tables for GPIO lookup
[   15.289611] am335x-phy-driver 47401300.usb-phy: No GPIO consumer reset found
[   15.289623] am335x-phy-driver 47401300.usb-phy: using DT '/ocp/target-module@47400000/usb-phy@1300' for 'vbus-detect' GPIO lookup
[   15.289651] of_get_named_gpiod_flags: can't parse 'vbus-detect-gpios' property of node '/ocp/target-module@47400000/usb-phy@1300[0]'
[   15.289681] of_get_named_gpiod_flags: can't parse 'vbus-detect-gpio' property of node '/ocp/target-module@47400000/usb-phy@1300[0]'
[   15.289705] am335x-phy-driver 47401300.usb-phy: using lookup tables for GPIO lookup
[   15.289715] am335x-phy-driver 47401300.usb-phy: No GPIO consumer vbus-detect found
[   15.289861] am335x-phy-driver 47401300.usb-phy: dummy supplies not allowed for exclusive requests (id=vbus)
[   15.435744] usbcore: registered new interface driver usbfs
[   15.435975] usbcore: registered new interface driver hub
[   15.436183] usbcore: registered new device driver usb
[   15.449123] at24 2-0054: supply vcc not found, using dummy regulator
[   15.493778] am335x-phy-driver 47401b00.usb-phy: using DT '/ocp/target-module@47400000/usb-phy@1b00' for 'reset' GPIO lookup
[   15.493861] of_get_named_gpiod_flags: can't parse 'reset-gpios' property of node '/ocp/target-module@47400000/usb-phy@1b00[0]'
[   15.493902] of_get_named_gpiod_flags: can't parse 'reset-gpio' property of node '/ocp/target-module@47400000/usb-phy@1b00[0]'
[   15.493938] am335x-phy-driver 47401b00.usb-phy: using lookup tables for GPIO lookup
[   15.493949] am335x-phy-driver 47401b00.usb-phy: No GPIO consumer reset found
[   15.493960] am335x-phy-driver 47401b00.usb-phy: using DT '/ocp/target-module@47400000/usb-phy@1b00' for 'vbus-detect' GPIO lookup
[   15.493989] of_get_named_gpiod_flags: can't parse 'vbus-detect-gpios' property of node '/ocp/target-module@47400000/usb-phy@1b00[0]'
[   15.494018] of_get_named_gpiod_flags: can't parse 'vbus-detect-gpio' property of node '/ocp/target-module@47400000/usb-phy@1b00[0]'
[   15.494042] am335x-phy-driver 47401b00.usb-phy: using lookup tables for GPIO lookup
[   15.494051] am335x-phy-driver 47401b00.usb-phy: No GPIO consumer vbus-detect found
[   15.494198] am335x-phy-driver 47401b00.usb-phy: dummy supplies not allowed for exclusive requests (id=vbus)
[   15.524915] tps6521x_pwrbutton tps65217-pwrbutton: DMA mask not set
[   15.547411] at24 2-0055: supply vcc not found, using dummy regulator
[   15.580650] at24 2-0056: supply vcc not found, using dummy regulator
[   15.581726] input: tps65217_pwrbutton as /devices/platform/ocp/44c00000.interconnect/44c00000.interconnect:segment@200000/44e0b000.target-module/44e0b000.i2c/i2c-0/0-0024/tps65217-pwrbutton/input/input0
[   15.620168] at24 2-0057: supply vcc not found, using dummy regulator
[   15.679556] at24 0-0050: using DT '/ocp/interconnect@44c00000/segment@200000/target-module@b000/i2c@0/eeprom@50' for 'wp' GPIO lookup
[   15.679657] of_get_named_gpiod_flags: can't parse 'wp-gpios' property of node '/ocp/interconnect@44c00000/segment@200000/target-module@b000/i2c@0/eeprom@50[0]'
[   15.679712] of_get_named_gpiod_flags: can't parse 'wp-gpio' property of node '/ocp/interconnect@44c00000/segment@200000/target-module@b000/i2c@0/eeprom@50[0]'
[   15.679756] at24 0-0050: using lookup tables for GPIO lookup
[   15.679767] at24 0-0050: No GPIO consumer wp found
[   15.680038] at24 0-0050: 32768 byte 24c256 EEPROM, writable, 1 bytes/write
[   15.990515] omap_rtc 44e3e000.rtc: registered as rtc0
[   15.990609] omap_rtc 44e3e000.rtc: setting system clock to 2000-01-01T00:00:00 UTC (946684800)
[   15.990647] omap_rtc 44e3e000.rtc: using DT '/ocp/interconnect@44c00000/segment@200000/target-module@3e000/rtc@0' for 'wp' GPIO lookup
[   15.990711] of_get_named_gpiod_flags: can't parse 'wp-gpios' property of node '/ocp/interconnect@44c00000/segment@200000/target-module@3e000/rtc@0[0]'
[   15.990758] of_get_named_gpiod_flags: can't parse 'wp-gpio' property of node '/ocp/interconnect@44c00000/segment@200000/target-module@3e000/rtc@0[0]'
[   15.990797] omap_rtc 44e3e000.rtc: using lookup tables for GPIO lookup
[   15.990808] omap_rtc 44e3e000.rtc: No GPIO consumer wp found
[   16.101788] wkup_m3_ipc 44e11324.wkup_m3_ipc: IPC Request for A8->M3 Channel failed! -517
[   16.382866] wkup_m3_ipc 44e11324.wkup_m3_ipc: IPC Request for A8->M3 Channel failed! -517
[   16.478065] musb-hdrc musb-hdrc.1: MUSB HDRC host driver
[   16.478132] musb-hdrc musb-hdrc.1: new USB bus registered, assigned bus number 1
[   16.482292] wkup_m3_ipc 44e11324.wkup_m3_ipc: IPC Request for A8->M3 Channel failed! -517
[   16.603974] usb usb1: New USB device found, idVendor=1d6b, idProduct=0002, bcdDevice= 6.13
[   16.604021] usb usb1: New USB device strings: Mfr=3, Product=2, SerialNumber=1
[   16.604033] usb usb1: Product: MUSB HDRC host driver
[   16.604042] usb usb1: Manufacturer: Linux 6.13.0-rc7-next-20250114 musb-hcd
[   16.604051] usb usb1: SerialNumber: musb-hdrc.1
[   16.614752] hub 1-0:1.0: USB hub found
[   16.616916] hub 1-0:1.0: 1 port detected
[   16.695066] wkup_m3_ipc 44e11324.wkup_m3_ipc: IPC Request for A8->M3 Channel failed! -517
[   17.408280] omap-mailbox 480c8000.mailbox: omap mailbox rev 0x400
[   17.482125] remoteproc remoteproc0: powering up wkup_m3
[   17.584611] remoteproc remoteproc0: Direct firmware load for am335x-pm-firmware.elf failed with error -2
[   17.584838] remoteproc remoteproc0: request_firmware failed: -2
[   17.584857] wkup_m3_ipc 44e11324.wkup_m3_ipc: rproc_boot failed
[   17.993226] tda998x 0-0070: found TDA19988
[   20.174491] omap_rng 48310000.rng: Random Number Generator ver. 20
[   20.251266] tilcdc 4830e000.lcdc: bound 0-0070 (ops tda998x_driver_exit [tda998x])
[   20.274794] [drm] Initialized tilcdc 1.0.0 for 4830e000.lcdc on minor 0
[   20.276313] tilcdc 4830e000.lcdc: [drm] Cannot find any crtc or sizes
[   20.278046] tilcdc 4830e000.lcdc: [drm] Cannot find any crtc or sizes
[   20.940277] omap-sham 53100000.sham: hw accel on OMAP rev 4.3
[   20.943534] PM: Cannot get wkup_m3_ipc handle
[   20.992404] omap-sham 53100000.sham: will run requests pump with realtime priority
[   20.994737] PM: Cannot get wkup_m3_ipc handle
[   21.117920] omap-aes 53500000.aes: OMAP AES hw accel rev: 3.2
[   21.172849] omap-aes 53500000.aes: will run requests pump with realtime priority
[   21.180776] PM: Cannot get wkup_m3_ipc handle
[   24.770640] Bluetooth: Core ver 2.22
[   24.770871] NET: Registered PF_BLUETOOTH protocol family
[   24.770882] Bluetooth: HCI device and connection manager initialized
[   24.770912] Bluetooth: HCI socket layer initialized
[   24.770926] Bluetooth: L2CAP socket layer initialized
[   24.770959] Bluetooth: SCO socket layer initialized
[   25.034386] PM: Cannot get wkup_m3_ipc handle
[   25.035222] OF: /sound: Read of boolean property 'simple-audio-card,bitclock-master' with a value.
[   25.035434] OF: /sound: Read of boolean property 'simple-audio-card,frame-master' with a value.
[   25.035825] asoc-simple-card sound: using DT '/sound' for 'simple-audio-card,hp-det' GPIO lookup
[   25.035872] of_get_named_gpiod_flags: can't parse 'simple-audio-card,hp-det-gpios' property of node '/sound[0]'
[   25.035902] of_get_named_gpiod_flags: can't parse 'simple-audio-card,hp-det-gpio' property of node '/sound[0]'
[   25.035925] asoc-simple-card sound: using lookup tables for GPIO lookup
[   25.035935] asoc-simple-card sound: No GPIO consumer simple-audio-card,hp-det found
[   25.035947] asoc-simple-card sound: using DT '/sound' for 'simple-audio-card,mic-det' GPIO lookup
[   25.035968] of_get_named_gpiod_flags: can't parse 'simple-audio-card,mic-det-gpios' property of node '/sound[0]'
[   25.035992] of_get_named_gpiod_flags: can't parse 'simple-audio-card,mic-det-gpio' property of node '/sound[0]'
[   25.036008] asoc-simple-card sound: using lookup tables for GPIO lookup
[   25.036018] asoc-simple-card sound: No GPIO consumer simple-audio-card,mic-det found
[   25.119068] PM: Cannot get wkup_m3_ipc handle
[   27.807218] userial_init: registered 8 ttyGS* devices
[   28.067349] rndis_register: configNr = 0
[   28.194603] udc musb-hdrc.0: binding gadget driver [g_multi]
[   28.194694] configfs-gadget.g_multi gadget.0: adding 'rndis'/c40098a4 to config 'c'/1bcdb840
[   28.195887] configfs-gadget.g_multi gadget.0: HOST MAC 1c:ba:8c:a2:ed:6c
[   28.195916] configfs-gadget.g_multi gadget.0: MAC 1c:ba:8c:a2:ed:70
[   28.195984] rndis_set_param_medium: 0 0
[   28.196001] configfs-gadget.g_multi gadget.0: RNDIS: IN/ep1in OUT/ep1out NOTIFY/ep2in
[   28.196016] configfs-gadget.g_multi gadget.0: adding 'cdc_ethernet'/406869a0 to config 'c'/1bcdb840
[   28.196847] configfs-gadget.g_multi gadget.0: HOST MAC 1c:ba:8c:a2:ed:6c
[   28.196868] configfs-gadget.g_multi gadget.0: MAC 1c:ba:8c:a2:ed:6d
[   28.196915] configfs-gadget.g_multi gadget.0: CDC Ethernet: IN/ep3in OUT/ep2out NOTIFY/ep4in
[   28.196929] configfs-gadget.g_multi gadget.0: adding 'acm'/6d4e5e40 to config 'c'/1bcdb840
[   28.196961] configfs-gadget.g_multi gadget.0: acm ttyGS0: IN/ep5in OUT/ep3out NOTIFY/ep6in
[   28.197975] PM: Cannot get wkup_m3_ipc handle
[   29.456278] configfs-gadget.g_multi gadget.0: eth_open
[   30.728389] configfs-gadget.g_multi gadget.0: stop stats: rx/tx 0/0, errs 0/0
[   34.985551] gs_open: ttyGS0 (e04ed380,35eb8c2a)
[   34.985698] gs_close: ttyGS0 (e04ed380,35eb8c2a) ...
[   34.985718] gs_close: ttyGS0 (e04ed380,35eb8c2a) done!
[   35.004877] gs_open: ttyGS0 (e04ed380,57ffb949)
[   35.004985] gs_close: ttyGS0 (e04ed380,57ffb949) ...
[   35.005002] gs_close: ttyGS0 (e04ed380,57ffb949) done!
[   35.182878] gs_open: ttyGS0 (1681c02b,70d67751)
[   35.183115] gs_close: ttyGS0 (1681c02b,70d67751) ...
[   35.183139] gs_close: ttyGS0 (1681c02b,70d67751) done!
[   35.186620] gs_open: ttyGS0 (1681c02b,a43d83d2)
BOOZAXBQSP 0
root@arm:~# echo 'ESGW''OKSWYH'
ESGWOKSWYH
root@arm:~# MARKER='QUZU''QOEVUK' run 'modprobe test_linear_ranges'
QUZUQOEVUKQUZUQOEVUK 0
root@arm:~# echo 'UOQC''MFZYHJ'
UOQCMFZYHJ
root@arm:~# MARKER='WYLA''JTFABK' run dmesg
WYLAJTFABK[    0.000000] Booting Linux on physical CPU 0x0
[    0.000000] Linux version 6.13.0-rc7-next-20250114 (user01@drvtest01) (arm-linux-gnueabihf-gcc (Linaro GCC 6.4-2017.11) 6.4.1 20171012, GNU ld (Linaro_Binutils-2017.11) 2.27.0.20161229) #9 SMP Tue Jan 14 08:31:05 EET 2025
[    0.000000] CPU: ARMv7 Processor [413fc082] revision 2 (ARMv7), cr=10c5387d
[    0.000000] CPU: PIPT / VIPT nonaliasing data cache, VIPT aliasing instruction cache
[    0.000000] OF: fdt: Machine model: TI AM335x BeagleBone Black
[    0.000000] Memory policy: Data cache writeback
[    0.000000] cma: Reserved 16 MiB at 0x9e800000 on node -1
[    0.000000] Zone ranges:
[    0.000000]   Normal   [mem 0x0000000080000000-0x000000009fdfffff]
[    0.000000]   HighMem  empty
[    0.000000] Movable zone start for each node
[    0.000000] Early memory node ranges
[    0.000000]   node   0: [mem 0x0000000080000000-0x000000009fdfffff]
[    0.000000] Initmem setup node 0 [mem 0x0000000080000000-0x000000009fdfffff]
[    0.000000] OF: reserved mem: Reserved memory: No reserved-memory node in the DT
[    0.000000] CPU: All CPU(s) started in SVC mode.
[    0.000000] AM335X ES2.1 (sgx neon)
[    0.000000] percpu: Embedded 17 pages/cpu s39628 r8192 d21812 u69632
[    0.000000] pcpu-alloc: s39628 r8192 d21812 u69632 alloc=17*4096
[    0.000000] pcpu-alloc: [0] 0 
[    0.000000] Kernel command line: console=ttyO0,115200n8 root=/dev/nfs rw nfsroot=192.168.255.126:/home/user01/nfs,nfsvers=3 ip=192.168.255.1:192.168.255.126::255.255.255.0:bbb1:eth0 nfsrootdebug
[    0.000000] Unknown kernel command line parameters "nfsrootdebug", will be passed to user space.
[    0.000000] printk: log buffer data + meta data: 65536 + 204800 = 270336 bytes
[    0.000000] Dentry cache hash table entries: 65536 (order: 6, 262144 bytes, linear)
[    0.000000] Inode-cache hash table entries: 32768 (order: 5, 131072 bytes, linear)
[    0.000000] Built 1 zonelists, mobility grouping on.  Total pages: 130560
[    0.000000] mem auto-init: stack:off, heap alloc:off, heap free:off
[    0.000000] SLUB: HWalign=64, Order=0-3, MinObjects=0, CPUs=1, Nodes=1
[    0.000000] rcu: Hierarchical RCU implementation.
[    0.000000] rcu: 	RCU event tracing is enabled.
[    0.000000] rcu: 	RCU restricting CPUs from NR_CPUS=2 to nr_cpu_ids=1.
[    0.000000] 	Tracing variant of Tasks RCU enabled.
[    0.000000] rcu: RCU calculated value of scheduler-enlistment delay is 10 jiffies.
[    0.000000] rcu: Adjusting geometry for rcu_fanout_leaf=16, nr_cpu_ids=1
[    0.000000] RCU Tasks Trace: Setting shift to 0 and lim to 1 rcu_task_cb_adjust=1 rcu_task_cpu_ids=1.
[    0.000000] NR_IRQS: 16, nr_irqs: 16, preallocated irqs: 16
[    0.000000] IRQ: Found an INTC at 0x(ptrval) (revision 5.0) with 128 interrupts
[    0.000000] rcu: srcu_init: Setting srcu_struct sizes based on contention.
[    0.000000] TI gptimer clocksource: always-on /ocp/interconnect@44c00000/segment@200000/target-module@31000
[    0.000002] sched_clock: 32 bits at 24MHz, resolution 41ns, wraps every 89478484971ns
[    0.000024] clocksource: dmtimer: mask: 0xffffffff max_cycles: 0xffffffff, max_idle_ns: 79635851949 ns
[    0.000516] TI gptimer clockevent: 24000000 Hz at /ocp/interconnect@48000000/segment@0/target-module@40000
[    0.002201] Console: colour dummy device 80x30
[    0.002279] WARNING: Your 'console=ttyO0' has been replaced by 'ttyS0'
[    0.002288] This ensures that you still see kernel messages. Please
[    0.002293] update your kernel commandline.
[    0.002335] Calibrating delay loop... 996.14 BogoMIPS (lpj=4980736)
[    0.090563] CPU: Testing write buffer coherency: ok
[    0.090671] CPU0: Spectre v2: using BPIALL workaround
[    0.090682] pid_max: default: 32768 minimum: 301
[    0.090799] LSM: initializing lsm=capability
[    0.090974] Mount-cache hash table entries: 1024 (order: 0, 4096 bytes, linear)
[    0.090994] Mountpoint-cache hash table entries: 1024 (order: 0, 4096 bytes, linear)
[    0.092647] CPU0: thread -1, cpu 0, socket -1, mpidr 0
[    0.150934] Setting up static identity map for 0x80100000 - 0x80100078
[    0.160724] rcu: Hierarchical SRCU implementation.
[    0.160735] rcu: 	Max phase no-delay instances is 1000.
[    0.180760] smp: Bringing up secondary CPUs ...
[    0.180816] smp: Brought up 1 node, 1 CPU
[    0.180831] SMP: Total of 1 processors activated (996.14 BogoMIPS).
[    0.180842] CPU: All CPU(s) started in SVC mode.
[    0.181012] Memory: 480804K/522240K available (11264K kernel code, 1214K rwdata, 2908K rodata, 1024K init, 296K bss, 23388K reserved, 16384K cma-reserved, 0K highmem)
[    0.181893] devtmpfs: initialized
[    0.199110] VFP support v0.3: implementor 41 architecture 3 part 30 variant c rev 3
[    0.199453] clocksource: jiffies: mask: 0xffffffff max_cycles: 0xffffffff, max_idle_ns: 19112604462750000 ns
[    0.199490] futex hash table entries: 256 (order: 2, 16384 bytes, linear)
[    0.200992] pinctrl core: initialized pinctrl subsystem
[    0.203832] NET: Registered PF_NETLINK/PF_ROUTE protocol family
[    0.206632] DMA: preallocated 256 KiB pool for atomic coherent allocations
[    0.207538] audit: initializing netlink subsys (disabled)
[    0.208970] thermal_sys: Registered thermal governor 'fair_share'
[    0.208987] thermal_sys: Registered thermal governor 'step_wise'
[    0.208996] thermal_sys: Registered thermal governor 'user_space'
[    0.209146] audit: type=2000 audit(0.200:1): state=initialized audit_enabled=0 res=1
[    0.209182] cpuidle: using governor menu
[    0.227730] /ocp/interconnect@44c00000/segment@200000/target-module@b000/i2c@0/tda19988@70: Fixed dependency cycle(s) with /ocp/interconnect@48000000/segment@300000/target-module@e000/lcdc@0
[    0.228900] /ocp/interconnect@48000000/segment@300000/target-module@e000/lcdc@0: Fixed dependency cycle(s) with /ocp/interconnect@44c00000/segment@200000/target-module@b000/i2c@0/tda19988@70
[    0.231284] No ATAGs?
[    0.231305] hw-breakpoint: debug architecture 0x4 unsupported.
[    0.234149] kprobes: kprobe jump-optimization is enabled. All kprobes are optimized if possible.
[    0.244185] iommu: Default domain type: Translated
[    0.244209] iommu: DMA domain TLB invalidation policy: strict mode
[    0.251371] reg-fixed-voltage fixedregulator0: using DT '/fixedregulator0' for '(default)' GPIO lookup
[    0.251427] of_get_named_gpiod_flags: can't parse 'gpios' property of node '/fixedregulator0[0]'
[    0.251457] of_get_named_gpiod_flags: can't parse 'gpio' property of node '/fixedregulator0[0]'
[    0.251476] reg-fixed-voltage fixedregulator0: using lookup tables for GPIO lookup
[    0.251487] reg-fixed-voltage fixedregulator0: No GPIO consumer (default) found
[    0.252528] SCSI subsystem initialized
[    0.253018] libata version 3.00 loaded.
[    0.253387] pps_core: LinuxPPS API ver. 1 registered
[    0.253398] pps_core: Software ver. 5.3.6 - Copyright 2005-2007 Rodolfo Giometti <giometti@linux.it>
[    0.253423] PTP clock support registered
[    0.261064] vgaarb: loaded
[    0.261485] clocksource: Switched to clocksource dmtimer
[    0.262148] VFS: Disk quotas dquot_6.6.0
[    0.262192] VFS: Dquot-cache hash table entries: 1024 (order 0, 4096 bytes)
[    0.286576] NET: Registered PF_INET protocol family
[    0.286932] IP idents hash table entries: 8192 (order: 4, 65536 bytes, linear)
[    0.288350] tcp_listen_portaddr_hash hash table entries: 512 (order: 0, 4096 bytes, linear)
[    0.288388] Table-perturb hash table entries: 65536 (order: 6, 262144 bytes, linear)
[    0.288406] TCP established hash table entries: 4096 (order: 2, 16384 bytes, linear)
[    0.288449] TCP bind hash table entries: 4096 (order: 4, 65536 bytes, linear)
[    0.288549] TCP: Hash tables configured (established 4096 bind 4096)
[    0.288666] UDP hash table entries: 256 (order: 1, 14336 bytes, linear)
[    0.288703] UDP-Lite hash table entries: 256 (order: 1, 14336 bytes, linear)
[    0.288878] NET: Registered PF_UNIX/PF_LOCAL protocol family
[    0.292258] RPC: Registered named UNIX socket transport module.
[    0.292282] RPC: Registered udp transport module.
[    0.292287] RPC: Registered tcp transport module.
[    0.292292] RPC: Registered tcp-with-tls transport module.
[    0.292298] RPC: Registered tcp NFSv4.1 backchannel transport module.
[    0.292323] PCI: CLS 0 bytes, default 64
[    0.293790] Initialise system trusted keyrings
[    0.301782] workingset: timestamp_bits=14 max_order=17 bucket_order=3
[    0.303123] NFS: Registering the id_resolver key type
[    0.303210] Key type id_resolver registered
[    0.303218] Key type id_legacy registered
[    0.303268] jffs2: version 2.2. (NAND) (SUMMARY)  Â© 2001-2006 Red Hat, Inc.
[    0.303681] Key type asymmetric registered
[    0.303698] Asymmetric key parser 'x509' registered
[    0.303765] io scheduler mq-deadline registered
[    0.303776] io scheduler kyber registered
[    0.303845] io scheduler bfq registered
[    0.305460] ledtrig-cpu: registered to indicate activity on CPUs
[    0.312007] Serial: 8250/16550 driver, 6 ports, IRQ sharing enabled
[    0.349499] brd: module loaded
[    0.376452] loop: module loaded
[    0.377387] mtdoops: mtd device (mtddev=name/number) must be supplied
[    0.391005] mdio_bus fixed-0: using lookup tables for GPIO lookup
[    0.391032] mdio_bus fixed-0: No GPIO consumer reset found
[    0.392571] i2c_dev: i2c /dev entries driver
[    0.393541] cpuidle: enable-method property 'ti,am3352' found operations
[    0.393990] sdhci: Secure Digital Host Controller Interface driver
[    0.394000] sdhci: Copyright(c) Pierre Ossman
[    0.394174] sdhci-pltfm: SDHCI platform and OF driver helper
[    0.395203] Initializing XFRM netlink socket
[    0.395351] NET: Registered PF_INET6 protocol family
[    0.397389] Segment Routing with IPv6
[    0.397479] In-situ OAM (IOAM) with IPv6
[    0.397574] sit: IPv6, IPv4 and MPLS over IPv4 tunneling driver
[    0.398541] NET: Registered PF_PACKET protocol family
[    0.398575] NET: Registered PF_KEY protocol family
[    0.398721] Key type dns_resolver registered
[    0.398993] ThumbEE CPU extension supported.
[    0.399014] Registering SWP/SWPB emulation handler
[    0.399558] omap_voltage_late_init: Voltage driver support not added
[    0.399924] SmartReflex Class3 initialized
[    0.433489] Loading compiled-in X.509 certificates
[    0.478988] OF: /ocp: Read of boolean property 'clocks' with a value.
[    0.482350] /ocp/interconnect@44c00000/segment@200000/target-module@b000/i2c@0/tda19988@70: Fixed dependency cycle(s) with /ocp/interconnect@48000000/segment@300000/target-module@e000/lcdc@0
[    0.483346] OF: /ocp/interconnect@44c00000: Read of boolean property 'clocks' with a value.
[    0.488807] /ocp/interconnect@44c00000/segment@200000/target-module@b000/i2c@0/tda19988@70: Fixed dependency cycle(s) with /ocp/interconnect@48000000/segment@300000/target-module@e000/lcdc@0
[    0.494588] gpiochip_find_base_unlocked: found new base at 512
[    0.518742] /ocp/interconnect@44c00000/segment@200000/target-module@b000/i2c@0/tda19988@70: Fixed dependency cycle(s) with /ocp/interconnect@48000000/segment@300000/target-module@e000/lcdc@0
[    0.519634] /ocp/interconnect@44c00000/segment@200000/target-module@b000/i2c@0/tda19988@70: Fixed dependency cycle(s) with /ocp/interconnect@48000000/segment@300000/target-module@e000/lcdc@0
[    0.523461] /ocp/interconnect@44c00000/segment@200000/target-module@10000/scm@0/pinmux@800: Fixed dependency cycle(s) with /ocp/interconnect@44c00000/segment@200000/target-module@10000/scm@0/pinmux@800/clkout2-pins
[    0.524074] pinctrl-single 44e10800.pinmux: 142 pins, size 568
[    0.529450] ti-sysc 44e31000.target-module: probe with driver ti-sysc failed with error -16
[    0.561378] /ocp/interconnect@48000000/segment@300000/target-module@e000/lcdc@0: Fixed dependency cycle(s) with /ocp/interconnect@44c00000/segment@200000/target-module@b000/i2c@0/tda19988@70
[    0.561903] OF: /ocp/interconnect@48000000: Read of boolean property 'clocks' with a value.
[    0.569631] ti-sysc 48040000.target-module: probe with driver ti-sysc failed with error -16
[    0.581115] gpiochip_find_base_unlocked: found new base at 512
[    0.581215] gpio gpiochip0: (gpio-0-31): created GPIO range 0->7 ==> 44e10800.pinmux PIN 0->7
[    0.581235] gpio gpiochip0: (gpio-0-31): created GPIO range 8->11 ==> 44e10800.pinmux PIN 90->93
[    0.581251] gpio gpiochip0: (gpio-0-31): created GPIO range 12->27 ==> 44e10800.pinmux PIN 12->27
[    0.581267] gpio gpiochip0: (gpio-0-31): created GPIO range 28->31 ==> 44e10800.pinmux PIN 30->33
[    0.608490] gpio gpiochip0: (gpio-0-31): added GPIO chardev (254:0)
[    0.608649] gpio gpiochip0: registered GPIOs 512 to 543 on gpio-0-31
[    0.608740] OMAP GPIO hardware version 0.1
[    0.635996] i2c i2c-2: using DT '/ocp/interconnect@48000000/segment@100000/target-module@9c000/i2c@0' for 'scl' GPIO lookup
[    0.636071] of_get_named_gpiod_flags: can't parse 'scl-gpios' property of node '/ocp/interconnect@48000000/segment@100000/target-module@9c000/i2c@0[0]'
[    0.636113] of_get_named_gpiod_flags: can't parse 'scl-gpio' property of node '/ocp/interconnect@48000000/segment@100000/target-module@9c000/i2c@0[0]'
[    0.636151] i2c i2c-2: using lookup tables for GPIO lookup
[    0.636161] i2c i2c-2: No GPIO consumer scl found
[    0.636184] i2c i2c-2: using DT '/ocp/interconnect@48000000/segment@100000/target-module@9c000/i2c@0' for 'sda' GPIO lookup
[    0.636221] of_get_named_gpiod_flags: can't parse 'sda-gpios' property of node '/ocp/interconnect@48000000/segment@100000/target-module@9c000/i2c@0[0]'
[    0.636259] of_get_named_gpiod_flags: can't parse 'sda-gpio' property of node '/ocp/interconnect@48000000/segment@100000/target-module@9c000/i2c@0[0]'
[    0.636292] i2c i2c-2: using lookup tables for GPIO lookup
[    0.636300] i2c i2c-2: No GPIO consumer sda found
[    0.637018] omap_i2c 4819c000.i2c: bus 2 rev0.11 at 100 kHz
[    0.642846] gpiochip_find_base_unlocked: found new base at 544
[    0.642952] gpio gpiochip1: (gpio-32-63): created GPIO range 0->17 ==> 44e10800.pinmux PIN 34->51
[    0.642973] gpio gpiochip1: (gpio-32-63): created GPIO range 18->21 ==> 44e10800.pinmux PIN 77->80
[    0.642989] gpio gpiochip1: (gpio-32-63): created GPIO range 22->31 ==> 44e10800.pinmux PIN 56->65
[    0.654042] gpio gpiochip1: (gpio-32-63): added GPIO chardev (254:1)
[    0.654193] gpio gpiochip1: registered GPIOs 544 to 575 on gpio-32-63
[    0.656474] gpiochip_find_base_unlocked: found new base at 576
[    0.656566] gpio gpiochip2: (gpio-64-95): created GPIO range 0->4 ==> 44e10800.pinmux PIN 66->70
[    0.656594] gpio gpiochip2: (gpio-64-95): created GPIO range 5->6 ==> 44e10800.pinmux PIN 98->99
[    0.656611] gpio gpiochip2: (gpio-64-95): created GPIO range 7->8 ==> 44e10800.pinmux PIN 75->76
[    0.656627] gpio gpiochip2: (gpio-64-95): created GPIO range 13->13 ==> 44e10800.pinmux PIN 141->141
[    0.656644] gpio gpiochip2: (gpio-64-95): created GPIO range 14->21 ==> 44e10800.pinmux PIN 100->107
[    0.657303] gpio gpiochip2: (gpio-64-95): added GPIO chardev (254:2)
[    0.657437] gpio gpiochip2: registered GPIOs 576 to 607 on gpio-64-95
[    0.663235] 48000000.interconnect:segment@200000:target-module@0:mpu@0:fck: device ID is greater than 24
[    0.664157] /ocp/interconnect@48000000/segment@300000/target-module@e000/lcdc@0: Fixed dependency cycle(s) with /ocp/interconnect@44c00000/segment@200000/target-module@b000/i2c@0/tda19988@70
[    0.666981] /ocp/interconnect@48000000/segment@300000/target-module@e000/lcdc@0: Fixed dependency cycle(s) with /ocp/interconnect@44c00000/segment@200000/target-module@b000/i2c@0/tda19988@70
[    0.667678] /ocp/interconnect@44c00000/segment@200000/target-module@b000/i2c@0/tda19988@70: Fixed dependency cycle(s) with /ocp/interconnect@48000000/segment@300000/target-module@e000/lcdc@0
[    0.667832] /ocp/interconnect@48000000/segment@300000/target-module@e000/lcdc@0: Fixed dependency cycle(s) with /ocp/interconnect@44c00000/segment@200000/target-module@b000/i2c@0/tda19988@70
[    0.672238] OF: /ocp/interconnect@4a000000: Read of boolean property 'clocks' with a value.
[    0.677622] mdio_bus 4a101000.mdio: using DT '/ocp/interconnect@4a000000/segment@0/target-module@100000/switch@0/mdio@1000' for 'reset' GPIO lookup
[    0.677701] of_get_named_gpiod_flags: can't parse 'reset-gpios' property of node '/ocp/interconnect@4a000000/segment@0/target-module@100000/switch@0/mdio@1000[0]'
[    0.677752] of_get_named_gpiod_flags: can't parse 'reset-gpio' property of node '/ocp/interconnect@4a000000/segment@0/target-module@100000/switch@0/mdio@1000[0]'
[    0.677801] mdio_bus 4a101000.mdio: using lookup tables for GPIO lookup
[    0.677812] mdio_bus 4a101000.mdio: No GPIO consumer reset found
[    0.679044] sdhci-omap 481d8000.mmc: using DT '/ocp/interconnect@48000000/segment@100000/target-module@d8000/mmc@0' for 'wp' GPIO lookup
[    0.679108] of_get_named_gpiod_flags: can't parse 'wp-gpios' property of node '/ocp/interconnect@48000000/segment@100000/target-module@d8000/mmc@0[0]'
[    0.679152] of_get_named_gpiod_flags: can't parse 'wp-gpio' property of node '/ocp/interconnect@48000000/segment@100000/target-module@d8000/mmc@0[0]'
[    0.679189] sdhci-omap 481d8000.mmc: using lookup tables for GPIO lookup
[    0.679198] sdhci-omap 481d8000.mmc: No GPIO consumer wp found
[    0.679394] sdhci-omap 481d8000.mmc: supply pbias not found, using dummy regulator
[    0.679895] sdhci-omap 481d8000.mmc: supply vqmmc not found, using dummy regulator
[    0.724726] davinci_mdio 4a101000.mdio: davinci mdio revision 1.6, bus freq 1000000
[    0.758584] mdio_bus 4a101000.mdio:00: using DT '/ocp/interconnect@4a000000/segment@0/target-module@100000/switch@0/mdio@1000/ethernet-phy@0' for 'reset' GPIO lookup
[    0.758690] of_get_named_gpiod_flags: parsed 'reset-gpios' property of node '/ocp/interconnect@4a000000/segment@0/target-module@100000/switch@0/mdio@1000/ethernet-phy@0[0]' - status (0)
[    0.758857] gpio gpiochip0: Persistence not supported for GPIO 8
[    0.889012] davinci_mdio 4a101000.mdio: phy[0]: device 4a101000.mdio:00, driver SMSC LAN8710/LAN8720
[    0.889800] cpsw-switch 4a100000.switch: initialized cpsw ale version 1.4
[    0.889824] cpsw-switch 4a100000.switch: ALE Table size 1024, Policers 0
[    0.889975] cpsw-switch 4a100000.switch: cpts: overflow check period 500 (jiffies)
[    0.889992] cpsw-switch 4a100000.switch: CPTS: ref_clk_freq:250000000 calc_mult:2147483648 calc_shift:29 error:0 nsec/sec
[    0.890100] cpsw-switch 4a100000.switch: Detected MACID = 6c:ec:eb:68:de:78
[    0.892115] cpsw-switch 4a100000.switch: initialized (regs 0x4a100000, pool size 256) hw_ver:0019010C 1.12 (0)
[    0.903149] debugfs: Directory '49000000.dma' with parent 'dmaengine' already present!
[    0.903191] edma 49000000.dma: TI EDMA DMA engine driver
[    0.955878] target-module@4b000000:target-module@140000:pmu@0:fck: device ID is greater than 24
[    0.982734] hw perfevents: enabled with armv7_cortex_a8 PMU driver, 5 (8000000f) counters available
[    0.983655] gpio-clk clk_mcasp0: using DT '/clk_mcasp0' for 'enable' GPIO lookup
[    0.983722] of_get_named_gpiod_flags: parsed 'enable-gpios' property of node '/clk_mcasp0[0]' - status (0)
[    0.983767] gpio gpiochip0: Persistence not supported for GPIO 27
[    0.984580] gpiochip_find_base_unlocked: found new base at 608
[    0.984690] gpio gpiochip3: (gpio-96-127): created GPIO range 0->7 ==> 44e10800.pinmux PIN 82->89
[    0.984710] gpio gpiochip3: (gpio-96-127): created GPIO range 8->11 ==> 44e10800.pinmux PIN 52->55
[    0.984726] gpio gpiochip3: (gpio-96-127): created GPIO range 12->15 ==> 44e10800.pinmux PIN 94->97
[    0.984743] gpio gpiochip3: (gpio-96-127): created GPIO range 16->17 ==> 44e10800.pinmux PIN 71->72
[    0.984760] gpio gpiochip3: (gpio-96-127): created GPIO range 18->18 ==> 44e10800.pinmux PIN 135->135
[    0.984776] gpio gpiochip3: (gpio-96-127): created GPIO range 19->20 ==> 44e10800.pinmux PIN 108->109
[    0.984794] gpio gpiochip3: (gpio-96-127): created GPIO range 21->21 ==> 44e10800.pinmux PIN 73->73
[    0.984811] gpio gpiochip3: (gpio-96-127): created GPIO range 22->23 ==> 44e10800.pinmux PIN 8->9
[    0.984829] gpio gpiochip3: (gpio-96-127): created GPIO range 26->27 ==> 44e10800.pinmux PIN 10->11
[    0.984847] gpio gpiochip3: (gpio-96-127): created GPIO range 28->28 ==> 44e10800.pinmux PIN 74->74
[    0.984866] gpio gpiochip3: (gpio-96-127): created GPIO range 29->29 ==> 44e10800.pinmux PIN 81->81
[    0.984885] gpio gpiochip3: (gpio-96-127): created GPIO range 30->31 ==> 44e10800.pinmux PIN 28->29
[    0.990602] l3-aon-clkctrl:0000:0: failed to disable
[    0.991188] gpio gpiochip3: (gpio-96-127): added GPIO chardev (254:3)
[    0.991334] gpio gpiochip3: registered GPIOs 608 to 639 on gpio-96-127
[    0.994176] omap8250 44e09000.serial: using DT '/ocp/interconnect@44c00000/segment@200000/target-module@9000/serial@0' for 'rs485-term' GPIO lookup
[    0.994252] of_get_named_gpiod_flags: can't parse 'rs485-term-gpios' property of node '/ocp/interconnect@44c00000/segment@200000/target-module@9000/serial@0[0]'
[    0.994297] of_get_named_gpiod_flags: can't parse 'rs485-term-gpio' property of node '/ocp/interconnect@44c00000/segment@200000/target-module@9000/serial@0[0]'
[    0.994335] omap8250 44e09000.serial: using lookup tables for GPIO lookup
[    0.994346] omap8250 44e09000.serial: No GPIO consumer rs485-term found
[    0.994356] omap8250 44e09000.serial: using DT '/ocp/interconnect@44c00000/segment@200000/target-module@9000/serial@0' for 'rs485-rx-during-tx' GPIO lookup
[    0.994393] of_get_named_gpiod_flags: can't parse 'rs485-rx-during-tx-gpios' property of node '/ocp/interconnect@44c00000/segment@200000/target-module@9000/serial@0[0]'
[    0.994432] of_get_named_gpiod_flags: can't parse 'rs485-rx-during-tx-gpio' property of node '/ocp/interconnect@44c00000/segment@200000/target-module@9000/serial@0[0]'
[    0.994465] omap8250 44e09000.serial: using lookup tables for GPIO lookup
[    0.994473] omap8250 44e09000.serial: No GPIO consumer rs485-rx-during-tx found
[    0.994859] 44e09000.serial: ttyS0 at MMIO 0x44e09000 (irq = 34, base_baud = 3000000) is a 8250
[    0.994954] printk: console [ttyS0] enabled
[    2.501780] i2c i2c-0: using DT '/ocp/interconnect@44c00000/segment@200000/target-module@b000/i2c@0' for 'scl' GPIO lookup
[    2.501861] of_get_named_gpiod_flags: can't parse 'scl-gpios' property of node '/ocp/interconnect@44c00000/segment@200000/target-module@b000/i2c@0[0]'
[    2.501907] of_get_named_gpiod_flags: can't parse 'scl-gpio' property of node '/ocp/interconnect@44c00000/segment@200000/target-module@b000/i2c@0[0]'
[    2.501945] i2c i2c-0: using lookup tables for GPIO lookup
[    2.501956] i2c i2c-0: No GPIO consumer scl found
[    2.501979] i2c i2c-0: using DT '/ocp/interconnect@44c00000/segment@200000/target-module@b000/i2c@0' for 'sda' GPIO lookup
[    2.502016] of_get_named_gpiod_flags: can't parse 'sda-gpios' property of node '/ocp/interconnect@44c00000/segment@200000/target-module@b000/i2c@0[0]'
[    2.502055] of_get_named_gpiod_flags: can't parse 'sda-gpio' property of node '/ocp/interconnect@44c00000/segment@200000/target-module@b000/i2c@0[0]'
[    2.502089] i2c i2c-0: using lookup tables for GPIO lookup
[    2.502097] i2c i2c-0: No GPIO consumer sda found
[    2.522469] tps65217-pmic: Failed to locate of_node [id: -1]
[    2.522829] tps65217-bl: Failed to locate of_node [id: -1]
[    2.528565] tps65217 0-0024: TPS65217 ID 0xe version 1.2
[    2.529207] /ocp/interconnect@48000000/segment@300000/target-module@e000/lcdc@0: Fixed dependency cycle(s) with /ocp/interconnect@44c00000/segment@200000/target-module@b000/i2c@0/tda19988@70
[    2.529433] /ocp/interconnect@44c00000/segment@200000/target-module@b000/i2c@0/tda19988@70: Fixed dependency cycle(s) with /ocp/interconnect@48000000/segment@300000/target-module@e000/lcdc@0
[    2.529714] omap_i2c 44e0b000.i2c: bus 0 rev0.11 at 400 kHz
[    2.531878] sdhci-omap 48060000.mmc: using DT '/ocp/interconnect@48000000/segment@0/target-module@60000/mmc@0' for 'cd' GPIO lookup
[    2.531982] of_get_named_gpiod_flags: parsed 'cd-gpios' property of node '/ocp/interconnect@48000000/segment@0/target-module@60000/mmc@0[0]' - status (0)
[    2.532046] gpio gpiochip3: Persistence not supported for GPIO 6
[    2.532067] omap_gpio 44e07000.gpio: Could not set line 6 debounce to 200000 microseconds (-22)
[    2.532083] sdhci-omap 48060000.mmc: Got CD GPIO
[    2.532093] sdhci-omap 48060000.mmc: using DT '/ocp/interconnect@48000000/segment@0/target-module@60000/mmc@0' for 'wp' GPIO lookup
[    2.532133] of_get_named_gpiod_flags: can't parse 'wp-gpios' property of node '/ocp/interconnect@48000000/segment@0/target-module@60000/mmc@0[0]'
[    2.532172] of_get_named_gpiod_flags: can't parse 'wp-gpio' property of node '/ocp/interconnect@48000000/segment@0/target-module@60000/mmc@0[0]'
[    2.532208] sdhci-omap 48060000.mmc: using lookup tables for GPIO lookup
[    2.532219] sdhci-omap 48060000.mmc: No GPIO consumer wp found
[    2.532419] sdhci-omap 48060000.mmc: supply pbias not found, using dummy regulator
[    2.533488] sdhci-omap 481d8000.mmc: using DT '/ocp/interconnect@48000000/segment@100000/target-module@d8000/mmc@0' for 'wp' GPIO lookup
[    2.533551] of_get_named_gpiod_flags: can't parse 'wp-gpios' property of node '/ocp/interconnect@48000000/segment@100000/target-module@d8000/mmc@0[0]'
[    2.533595] of_get_named_gpiod_flags: can't parse 'wp-gpio' property of node '/ocp/interconnect@48000000/segment@100000/target-module@d8000/mmc@0[0]'
[    2.533631] sdhci-omap 481d8000.mmc: using lookup tables for GPIO lookup
[    2.533641] sdhci-omap 481d8000.mmc: No GPIO consumer wp found
[    2.534143] sdhci-omap 48060000.mmc: supply vqmmc not found, using dummy regulator
[    2.535356] sdhci-omap 481d8000.mmc: supply pbias not found, using dummy regulator
[    2.535787] sdhci-omap 481d8000.mmc: supply vqmmc not found, using dummy regulator
[    2.664407] mmc1: SDHCI controller on 481d8000.mmc [481d8000.mmc] using External DMA
[    2.665673] mmc0: SDHCI controller on 48060000.mmc [48060000.mmc] using External DMA
[    2.666686] cpsw-switch 4a100000.switch: starting ndev. mode: dual_mac
[    2.730623] mmc0: new high speed SDHC card at address 5048
[    2.737729] mmcblk0: mmc0:5048 SD16G 14.4 GiB
[    2.741298]  mmcblk0: p1 p2
[    2.749345] mmcblk0: p2 size 31221760 extends beyond EOD, truncated
[    2.750973] SMSC LAN8710/LAN8720 4a101000.mdio:00: attached PHY driver (mii_bus:phy_addr=4a101000.mdio:00, irq=POLL)
[    2.780273] mmc1: new high speed MMC card at address 0001
[    2.787411] mmcblk1: mmc1:0001 MMC04G 3.60 GiB
[    2.790267]  mmcblk1: p1 p2
[    2.799221] mmcblk1boot0: mmc1:0001 MMC04G 2.00 MiB
[    2.801370] mmcblk1boot1: mmc1:0001 MMC04G 2.00 MiB
[    2.813814] mmcblk1rpmb: mmc1:0001 MMC04G 128 KiB, chardev (250:0)
[    5.922256] cpsw-switch 4a100000.switch eth0: Link is Up - 100Mbps/Full - flow control off
[    5.951742] IP-Config: Complete:
[    5.951761]      device=eth0, hwaddr=6c:ec:eb:68:de:78, ipaddr=192.168.255.1, mask=255.255.255.0, gw=255.255.255.255
[    5.951785]      host=bbb1, domain=, nis-domain=(none)
[    5.951793]      bootserver=192.168.255.126, rootserver=192.168.255.126, rootpath=
[    5.952221] clk: Disabling unused clocks
[    5.952431] PM: genpd: Disabling unused power domains
[    5.952472] KTAP version 1
[    5.952478] 1..0
[    6.016923] VFS: Mounted root (nfs filesystem) on device 0:17.
[    6.017890] devtmpfs: mounted
[    6.019611] Freeing unused kernel image (initmem) memory: 1024K
[    6.020272] Run /sbin/init as init process
[    6.020286]   with arguments:
[    6.020295]     /sbin/init
[    6.020302]     nfsrootdebug
[    6.020308]   with environment:
[    6.020313]     HOME=/
