Labgrid Console Logfile for main
Logfile started at 2024-10-28 01:31:06.309275
=== Log starts here ===
reading args
spl_load_image_fat_os: error reading image args, err - -1
reading u-boot.img
reading u-boot.img


U-Boot 2014.04-00014-g47880f5 (Apr 22 2014 - 13:23:54)

I2C:   ready
DRAM:  512 MiB
NAND:  0 MiB
MMC:   OMAP SD/MMC: 0, OMAP SD/MMC: 1
*** Warning - readenv() failed, using default environment

Net:   <ethaddr> not set. Validating first E-fuse MAC
cpsw, usb_ether
Hit any key to stop autoboot:  1  0 
gpio: pin 53 (gpio 53) value is 1
mmc0 is current device
gpio: pin 54 (gpio 54) value is 1
SD/MMC found on device 0
reading uEnv.txt
569 bytes read in 3 ms (184.6 KiB/s)
gpio: pin 55 (gpio 55) value is 1
Loaded environment from uEnv.txt
Importing environment from mmc ...
Checking if uenvcmd is set ...
gpio: pin 56 (gpio 56) value is 1
Running uenvcmd ...
cpsw Waiting for PHY auto negotiation to complete. done
link up on port 0, speed 100, full duplex
Using cpsw device
TFTP from server 192.168.255.126; our IP address is 192.168.255.1
Filename 'zImage'.
Load address: 0x81000000
Loading: *T #################################################################
	 #################################################################
	 #################################################################
	 #################################################################
	 #################################################################
	 #################################################
	 749 KiB/s
done
Bytes transferred = 5489560 (53c398 hex)
link up on port 0, speed 100, full duplex
Using cpsw device
TFTP from server 192.168.255.126; our IP address is 192.168.255.1
Filename 'am335x-boneblack.dtb'.
Load address: 0x82000000
Loading: *#######
	 2.2 MiB/s
done
Bytes transferred = 98336 (18020 hex)
Kernel image @ 0x81000000 [ 0x000000 - 0x53c398 ]
## Flattened Device Tree blob at 82000000
   Booting using the fdt blob at 0x82000000
   Using Device Tree in place at 82000000, end 8201b01f

Starting kernel ...

[    0.000000] Booting Linux on physical CPU 0x0
[    0.000000] Linux version 6.12.0-rc5 (user01@drvtest01) (arm-linux-gnueabihf-gcc (Linaro GCC 6.4-2017.11) 6.4.1 20171012, GNU ld (Linaro_Binutils-2017.11) 2.27.0.20161229) #75 SMP Mon Oct 28 01:28:46 EET 2024
[    0.000000] CPU: ARMv7 Processor [413fc082] revision 2 (ARMv7), cr=10c5387d
[    0.000000] CPU: PIPT / VIPT nonaliasing data cache, VIPT aliasing instruction cache
[    0.000000] OF: fdt: Machine model: TI AM335x BeagleBone Black
[    0.000000] Memory policy: Data cache writeback
[    0.000000] cma: Reserved 16 MiB at 0x9e800000 on node -1
[    0.000000] Zone ranges:
[    0.000000]   Normal   [mem 0x0000000080000000-0x000000009fdfffff]
[    0.000000]   HighMem  empty
[    0.000000] Movable zone start for each node
[    0.000000] Early memory node ranges
[    0.000000]   node   0: [mem 0x0000000080000000-0x000000009fdfffff]
[    0.000000] Initmem setup node 0 [mem 0x0000000080000000-0x000000009fdfffff]
[    0.000000] CPU: All CPU(s) started in SVC mode.
[    0.000000] AM335X ES2.1 (sgx neon)
[    0.000000] percpu: Embedded 17 pages/cpu s40204 r8192 d21236 u69632
[    0.000000] Kernel command line: console=ttyO0,115200n8 root=/dev/nfs rw nfsroot=192.168.255.126:/home/user01/nfs,nfsvers=3 ip=192.168.255.1:192.168.255.126::255.255.255.0:bbb1:eth0 nfsrootdebug
[    0.000000] Unknown kernel command line parameters "nfsrootdebug", will be passed to user space.
[    0.000000] Dentry cache hash table entries: 65536 (order: 6, 262144 bytes, linear)
[    0.000000] Inode-cache hash table entries: 32768 (order: 5, 131072 bytes, linear)
[    0.000000] Built 1 zonelists, mobility grouping on.  Total pages: 130560
[    0.000000] mem auto-init: stack:off, heap alloc:off, heap free:off
[    0.000000] SLUB: HWalign=64, Order=0-3, MinObjects=0, CPUs=1, Nodes=1
[    0.000000] trace event string verifier disabled
[    0.000000] rcu: Hierarchical RCU implementation.
[    0.000000] rcu: 	RCU event tracing is enabled.
[    0.000000] rcu: 	RCU restricting CPUs from NR_CPUS=2 to nr_cpu_ids=1.
[    0.000000] rcu: RCU calculated value of scheduler-enlistment delay is 10 jiffies.
[    0.000000] rcu: Adjusting geometry for rcu_fanout_leaf=16, nr_cpu_ids=1
[    0.000000] NR_IRQS: 16, nr_irqs: 16, preallocated irqs: 16
[    0.000000] IRQ: Found an INTC at 0x(ptrval) (revision 5.0) with 128 interrupts
[    0.000000] rcu: srcu_init: Setting srcu_struct sizes based on contention.
[    0.000000] TI gptimer clocksource: always-on /ocp/interconnect@44c00000/segment@200000/target-module@31000
[    0.000003] sched_clock: 32 bits at 24MHz, resolution 41ns, wraps every 89478484971ns
[    0.000027] clocksource: dmtimer: mask: 0xffffffff max_cycles: 0xffffffff, max_idle_ns: 79635851949 ns
[    0.000501] TI gptimer clockevent: 24000000 Hz at /ocp/interconnect@48000000/segment@0/target-module@40000
[    0.002159] Console: colour dummy device 80x30
[    0.002224] WARNING: Your 'console=ttyO0' has been replaced by 'ttyS0'
[    0.002234] This ensures that you still see kernel messages. Please
[    0.002239] update your kernel commandline.
[    0.002280] Calibrating delay loop... 996.14 BogoMIPS (lpj=4980736)
[    0.090550] CPU: Testing write buffer coherency: ok
[    0.090666] CPU0: Spectre v2: using BPIALL workaround
[    0.090677] pid_max: default: 32768 minimum: 301
[    0.090805] LSM: initializing lsm=capability
[    0.090975] Mount-cache hash table entries: 1024 (order: 0, 4096 bytes, linear)
[    0.090996] Mountpoint-cache hash table entries: 1024 (order: 0, 4096 bytes, linear)
[    0.092629] CPU0: thread -1, cpu 0, socket -1, mpidr 0
[    0.160726] Setting up static identity map for 0x80100000 - 0x80100078
[    0.170698] rcu: Hierarchical SRCU implementation.
[    0.170710] rcu: 	Max phase no-delay instances is 1000.
[    0.190763] smp: Bringing up secondary CPUs ...
[    0.190822] smp: Brought up 1 node, 1 CPU
[    0.190836] SMP: Total of 1 processors activated (996.14 BogoMIPS).
[    0.190848] CPU: All CPU(s) started in SVC mode.
[    0.191039] Memory: 480864K/522240K available (11264K kernel code, 1211K rwdata, 2876K rodata, 1024K init, 299K bss, 23364K reserved, 16384K cma-reserved, 0K highmem)
[    0.191895] devtmpfs: initialized
[    0.209124] VFP support v0.3: implementor 41 architecture 3 part 30 variant c rev 3
[    0.209474] clocksource: jiffies: mask: 0xffffffff max_cycles: 0xffffffff, max_idle_ns: 19112604462750000 ns
[    0.209507] futex hash table entries: 256 (order: 2, 16384 bytes, linear)
[    0.211036] pinctrl core: initialized pinctrl subsystem
[    0.213840] NET: Registered PF_NETLINK/PF_ROUTE protocol family
[    0.216634] DMA: preallocated 256 KiB pool for atomic coherent allocations
[    0.217528] audit: initializing netlink subsys (disabled)
[    0.218927] thermal_sys: Registered thermal governor 'fair_share'
[    0.218941] thermal_sys: Registered thermal governor 'step_wise'
[    0.218952] thermal_sys: Registered thermal governor 'user_space'
[    0.219101] audit: type=2000 audit(0.210:1): state=initialized audit_enabled=0 res=1
[    0.219140] cpuidle: using governor menu
[    0.238174] No ATAGs?
[    0.238200] hw-breakpoint: debug architecture 0x4 unsupported.
[    0.241037] kprobes: kprobe jump-optimization is enabled. All kprobes are optimized if possible.
[    0.254045] iommu: Default domain type: Translated
[    0.254068] iommu: DMA domain TLB invalidation policy: strict mode
[    0.261614] SCSI subsystem initialized
[    0.262486] pps_core: LinuxPPS API ver. 1 registered
[    0.262494] pps_core: Software ver. 5.3.6 - Copyright 2005-2007 Rodolfo Giometti <giometti@linux.it>
[    0.262519] PTP clock support registered
[    0.270900] vgaarb: loaded
[    0.271310] clocksource: Switched to clocksource dmtimer
[    0.271975] VFS: Disk quotas dquot_6.6.0
[    0.272021] VFS: Dquot-cache hash table entries: 1024 (order 0, 4096 bytes)
[    0.296631] NET: Registered PF_INET protocol family
[    0.296983] IP idents hash table entries: 8192 (order: 4, 65536 bytes, linear)
[    0.298384] tcp_listen_portaddr_hash hash table entries: 512 (order: 0, 4096 bytes, linear)
[    0.298423] Table-perturb hash table entries: 65536 (order: 6, 262144 bytes, linear)
[    0.298440] TCP established hash table entries: 4096 (order: 2, 16384 bytes, linear)
[    0.298484] TCP bind hash table entries: 4096 (order: 4, 65536 bytes, linear)
[    0.298585] TCP: Hash tables configured (established 4096 bind 4096)
[    0.298706] UDP hash table entries: 256 (order: 1, 8192 bytes, linear)
[    0.298733] UDP-Lite hash table entries: 256 (order: 1, 8192 bytes, linear)
[    0.298919] NET: Registered PF_UNIX/PF_LOCAL protocol family
[    0.311997] RPC: Registered named UNIX socket transport module.
[    0.312017] RPC: Registered udp transport module.
[    0.312023] RPC: Registered tcp transport module.
[    0.312029] RPC: Registered tcp-with-tls transport module.
[    0.312034] RPC: Registered tcp NFSv4.1 backchannel transport module.
[    0.312059] PCI: CLS 0 bytes, default 64
[    0.313531] Initialise system trusted keyrings
[    0.314130] workingset: timestamp_bits=14 max_order=17 bucket_order=3
[    0.315558] NFS: Registering the id_resolver key type
[    0.315624] Key type id_resolver registered
[    0.315632] Key type id_legacy registered
[    0.315681] jffs2: version 2.2. (NAND) (SUMMARY)  Â© 2001-2006 Red Hat, Inc.
[    0.316078] Key type asymmetric registered
[    0.316094] Asymmetric key parser 'x509' registered
[    0.316158] io scheduler mq-deadline registered
[    0.316168] io scheduler kyber registered
[    0.316242] io scheduler bfq registered
[    0.318294] ledtrig-cpu: registered to indicate activity on CPUs
[    0.331687] Serial: 8250/16550 driver, 6 ports, IRQ sharing enabled
[    0.361244] brd: module loaded
[    0.390288] loop: module loaded
[    0.391226] mtdoops: mtd device (mtddev=name/number) must be supplied
[    0.394508] i2c_dev: i2c /dev entries driver
[    0.395519] cpuidle: enable-method property 'ti,am3352' found operations
[    0.395954] sdhci: Secure Digital Host Controller Interface driver
[    0.395963] sdhci: Copyright(c) Pierre Ossman
[    0.396140] sdhci-pltfm: SDHCI platform and OF driver helper
[    0.397176] Initializing XFRM netlink socket
[    0.397307] NET: Registered PF_INET6 protocol family
[    0.399280] Segment Routing with IPv6
[    0.399372] In-situ OAM (IOAM) with IPv6
[    0.399468] sit: IPv6, IPv4 and MPLS over IPv4 tunneling driver
[    0.400412] NET: Registered PF_PACKET protocol family
[    0.400447] NET: Registered PF_KEY protocol family
[    0.400591] Key type dns_resolver registered
[    0.400862] ThumbEE CPU extension supported.
[    0.400882] Registering SWP/SWPB emulation handler
[    0.401593] omap_voltage_late_init: Voltage driver support not added
[    0.401985] SmartReflex Class3 initialized
[    0.434805] Loading compiled-in X.509 certificates
[    0.508770] platform 44e10800.pinmux: Fixed dependency cycle(s) with /ocp/interconnect@44c00000/segment@200000/target-module@10000/scm@0/pinmux@800/clkout2-pins
[    0.509335] pinctrl-single 44e10800.pinmux: 142 pins, size 568
[    0.514868] ti-sysc 44e31000.target-module: probe with driver ti-sysc failed with error -16
[    0.537612] ti-sysc 48040000.target-module: probe with driver ti-sysc failed with error -16
[    0.587474] OMAP GPIO hardware version 0.1
[    0.615748] omap_i2c 4819c000.i2c: bus 2 rev0.11 at 100 kHz
[    0.644848] 48000000.interconnect:segment@200000:target-module@0:mpu@0:fck: device ID is greater than 24
[    0.649029] platform 4830e000.lcdc: Fixed dependency cycle(s) with /ocp/interconnect@44c00000/segment@200000/target-module@b000/i2c@0/tda19988@70
[    0.660007] sdhci-omap 481d8000.mmc: supply pbias not found, using dummy regulator
[    0.660509] sdhci-omap 481d8000.mmc: supply vqmmc not found, using dummy regulator
[    0.715407] davinci_mdio 4a101000.mdio: davinci mdio revision 1.6, bus freq 1000000
[    0.835662] davinci_mdio 4a101000.mdio: phy[0]: device 4a101000.mdio:00, driver SMSC LAN8710/LAN8720
[    0.836437] cpsw-switch 4a100000.switch: initialized cpsw ale version 1.4
[    0.836456] cpsw-switch 4a100000.switch: ALE Table size 1024, Policers 0
[    0.836775] cpsw-switch 4a100000.switch: cpts: overflow check period 500 (jiffies)
[    0.836797] cpsw-switch 4a100000.switch: CPTS: ref_clk_freq:250000000 calc_mult:2147483648 calc_shift:29 error:0 nsec/sec
[    0.836906] cpsw-switch 4a100000.switch: Detected MACID = 6c:ec:eb:68:de:78
[    0.838722] cpsw-switch 4a100000.switch: initialized (regs 0x4a100000, pool size 256) hw_ver:0019010C 1.12 (0)
[    0.849812] debugfs: Directory '49000000.dma' with parent 'dmaengine' already present!
[    0.849855] edma 49000000.dma: TI EDMA DMA engine driver
[    0.898894] target-module@4b000000:target-module@140000:pmu@0:fck: device ID is greater than 24
[    0.917833] hw perfevents: enabled with armv7_cortex_a8 PMU driver, 5 (8000000f) counters available
[    0.925490] l3-aon-clkctrl:0000:0: failed to disable
[    0.941806] 44e09000.serial: ttyS0 at MMIO 0x44e09000 (irq = 34, base_baud = 3000000) is a 8250
[    0.941896] printk: legacy console [ttyS0] enabled
[    2.262332] tps65217-pmic: Failed to locate of_node [id: -1]
[    2.268413] tps65217-bl: Failed to locate of_node [id: -1]
[    2.279853] tps65217 0-0024: TPS65217 ID 0xe version 1.2
[    2.285992] platform 4830e000.lcdc: Fixed dependency cycle(s) with /ocp/interconnect@44c00000/segment@200000/target-module@b000/i2c@0/tda19988@70
[    2.299429] i2c 0-0070: Fixed dependency cycle(s) with /ocp/interconnect@48000000/segment@300000/target-module@e000/lcdc@0
[    2.310844] omap_i2c 44e0b000.i2c: bus 0 rev0.11 at 400 kHz
[    2.318710] omap_gpio 44e07000.gpio: Could not set line 6 debounce to 200000 microseconds (-22)
[    2.327598] sdhci-omap 48060000.mmc: Got CD GPIO
[    2.332645] sdhci-omap 48060000.mmc: supply pbias not found, using dummy regulator
[    2.343011] sdhci-omap 48060000.mmc: supply vqmmc not found, using dummy regulator
[    2.352014] sdhci-omap 481d8000.mmc: supply pbias not found, using dummy regulator
[    2.359999] sdhci-omap 481d8000.mmc: supply vqmmc not found, using dummy regulator
[    2.399145] mmc1: SDHCI controller on 481d8000.mmc [481d8000.mmc] using External DMA
[    2.408360] mmc0: SDHCI controller on 48060000.mmc [48060000.mmc] using External DMA
[    2.417177] cpsw-switch 4a100000.switch: starting ndev. mode: dual_mac
[    2.460596] mmc0: new high speed SDHC card at address 5048
[    2.467724] mmcblk0: mmc0:5048 SD16G 14.4 GiB
[    2.475847]  mmcblk0: p1 p2
[    2.479227] mmcblk0: p2 size 31221760 extends beyond EOD, truncated
[    2.492547] SMSC LAN8710/LAN8720 4a101000.mdio:00: attached PHY driver (mii_bus:phy_addr=4a101000.mdio:00, irq=POLL)
[    2.505256] mmc1: new high speed MMC card at address 0001
[    2.516315] mmcblk1: mmc1:0001 MMC04G 3.60 GiB
[    2.523702]  mmcblk1: p1 p2
[    2.527924] mmcblk1boot0: mmc1:0001 MMC04G 2.00 MiB
[    2.535267] mmcblk1boot1: mmc1:0001 MMC04G 2.00 MiB
[    2.542598] mmcblk1rpmb: mmc1:0001 MMC04G 128 KiB, chardev (250:0)
[    5.682076] cpsw-switch 4a100000.switch eth0: Link is Up - 100Mbps/Full - flow control off
[    5.711331] IP-Config: Complete:
[    5.714602]      device=eth0, hwaddr=6c:ec:eb:68:de:78, ipaddr=192.168.255.1, mask=255.255.255.0, gw=255.255.255.255
[    5.725243]      host=bbb1, domain=, nis-domain=(none)
[    5.730411]      bootserver=192.168.255.126, rootserver=192.168.255.126, rootpath=
[    5.730833] clk: Disabling unused clocks
[    5.742706] PM: genpd: Disabling unused power domains
[    5.747826] KTAP version 1
[    5.750547] 1..0
[    5.776224] VFS: Mounted root (nfs filesystem) on device 0:17.
[    5.783352] devtmpfs: mounted
[    5.788017] Freeing unused kernel image (initmem) memory: 1024K
[    5.794938] Run /sbin/init as init process
[    6.482310] systemd[1]: System time before build time, advancing clock.
[    7.941330] random: crng init done
[    7.983505] systemd[1]: systemd 232 running in system mode. (+PAM +AUDIT +SELINUX +IMA +APPARMOR +SMACK +SYSVINIT +UTMP +LIBCRYPTSETUP +GCRYPT +GNUTLS +ACL +XZ +LZ4 +SECCOMP +BLKID +ELFUTILS +KMOD +IDN)
[    8.002517] systemd[1]: Detected architecture arm.

Welcome to [1mDebian GNU/Linux 9 (stretch)[0m!

[    8.034474] systemd[1]: Set hostname to <arm>.
[    9.145814] systemd[1]: Created slice User and Session Slice.
[[0;32m  OK  [0m] Created slice User and Session Slice.
[    9.173317] systemd[1]: Listening on Journal Socket (/dev/log).
[[0;32m  OK  [0m] Listening on Journal Socket (/dev/log).
[    9.203313] systemd[1]: Listening on /dev/initctl Compatibility Named Pipe.
[[0;32m  OK  [0m] Listening on /dev/initctl Compatibility Named Pipe.
[    9.231720] systemd[1]: Reached target Swap.
[[0;32m  OK  [0m] Reached target Swap.
[    9.252336] systemd[1]: Listening on Journal Socket.
[[0;32m  OK  [0m] Listening on Journal Socket.
[    9.282370] systemd[1]: Listening on Journal Audit Socket.
[[0;32m  OK  [0m] Listening on Journal Audit Socket.
[    9.312223] systemd[1]: Started Forward Password Requests to Wall Directory Watch.
[[0;32m  OK  [0m] Started Forward Password Requests to Wall Directory Watch.
[[0;32m  OK  [0m] Created slice System Slice.
         Starting Load Kernel Modules...
         Mounting POSIX Message Queue File System...
         Mounting Debug File System...
         Starting Create list of required stâ€¦ce nodes for the current kernel...
[[0;32m  OK  [0m] Started Dispatch Password Requests to Console Directory Watch.
[[0;32m  OK  [0m] Reached target Slices.
[[0;32m  OK  [0m] Set up automount Arbitrary Executabâ€¦rmats File System Automount Point.
[[0;32m  OK  [0m] Listening on Syslog Socket.
         Starting Journal Service...
[[0;32m  OK  [0m] Created slice system-serial\x2dgetty.slice.
         Starting Remount Root and Kernel File Systems...
[[0;32m  OK  [0m] Reached target Encrypted Volumes.
[[0;32m  OK  [0m] Reached target Remote File Systems.
[[0;32m  OK  [0m] Created slice system-getty.slice.
[[0;32m  OK  [0m] Reached target Paths.
[[0;32m  OK  [0m] Listening on udev Kernel Socket.
[[0;32m  OK  [0m] Listening on udev Control Socket.
[[0;32m  OK  [0m] Mounted POSIX Message Queue File System.
[[0;32m  OK  [0m] Mounted Debug File System.
[[0;32m  OK  [0m] Started Load Kernel Modules.
[[0;32m  OK  [0m] Started Create list of required staâ€¦vice nodes for the current kernel.
         Starting Create Static Device Nodes in /dev...
         Mounting Configuration File System...
         Starting Apply Kernel Variables...
[[0;32m  OK  [0m] Started Remount Root and Kernel File Systems.
         Starting Load/Save Random Seed...
         Starting udev Coldplug all Devices...
[[0;32m  OK  [0m] Mounted Configuration File System.
[[0;32m  OK  [0m] Started Apply Kernel Variables.
[[0;32m  OK  [0m] Started Load/Save Random Seed.
[[0;32m  OK  [0m] Started Create Static Device Nodes in /dev.
         Starting udev Kernel Device Manager...
[[0;32m  OK  [0m] Reached target Local File Systems (Pre).
[[0;32m  OK  [0m] Reached target Local File Systems.
         Starting Raise network interfaces...
[[0;32m  OK  [0m] Started Journal Service.
         Starting Flush Journal to Persistent Storage...
[   11.502593] systemd-journald[82]: Received request to flush runtime journal from PID 1
[[0;32m  OK  [0m] Started Flush Journal to Persistent Storage.
         Starting Create Volatile Files and Directories...
[[0;32m  OK  [0m] Started udev Kernel Device Manager.
[[0;32m  OK  [0m] Started Create Volatile Files and Directories.
         Starting Network Time Synchronization...
         Starting Update UTMP about System Boot/Shutdown...
[[0;32m  OK  [0m] Started Update UTMP about System Boot/Shutdown.
[[0;32m  OK  [0m] Started udev Coldplug all Devices.
[   14.413381] remoteproc remoteproc0: wkup_m3 is available
[   14.770843] omap_rtc 44e3e000.rtc: registered as rtc0
[   14.776280] omap_rtc 44e3e000.rtc: setting system clock to 2000-01-01T00:00:00 UTC (946684800)
[   14.885494] omap_wdt: OMAP Watchdog Timer Rev 0x01: initial timeout 60 sec
[   15.259859] tps6521x_pwrbutton tps65217-pwrbutton: DMA mask not set
[   15.290257] at24 2-0054: supply vcc not found, using dummy regulator
[   15.315249] usbcore: registered new interface driver usbfs
[   15.320891] usbcore: registered new interface driver hub
[   15.326547] usbcore: registered new device driver usb
[   15.356907] am335x-phy-driver 47401300.usb-phy: dummy supplies not allowed for exclusive requests (id=vbus)
[   15.373226] input: tps65217_pwrbutton as /devices/platform/ocp/44c00000.interconnect/44c00000.interconnect:segment@200000/44e0b000.target-module/44e0b000.i2c/i2c-0/0-0024/tps65217-pwrbutton/input/input0
[   15.443089] at24 2-0055: supply vcc not found, using dummy regulator
[[0;32m  OK  [0m] Found device /dev/ttyS0.
[   15.543506] am335x-phy-driver 47401b00.usb-phy: dummy supplies not allowed for exclusive requests (id=vbus)
[   15.557329] at24 2-0056: supply vcc not found, using dummy regulator
[   15.658902] at24 2-0057: supply vcc not found, using dummy regulator
[[0;32m  OK  [0m] Started Network Time Synchronization.[   15.785497] wkup_m3_ipc 44e11324.wkup_m3_ipc: IPC Request for A8->M3 Channel failed! -517

[   15.803904] at24 0-0050: 32768 byte 24c256 EEPROM, writable, 1 bytes/write
[   15.812382] wkup_m3_ipc 44e11324.wkup_m3_ipc: IPC Request for A8->M3 Channel failed! -517
[   15.906804] wkup_m3_ipc 44e11324.wkup_m3_ipc: IPC Request for A8->M3 Channel failed! -517
[[0;32m  OK  [0m] Reached target System Time Synchronized.
[[0;32m  OK  [0m] Reached target System Initialization.
[[0;32m  OK  [0m] Listening on Avahi mDNS/DNS-SD Stack Activation Socket.
[   16.275631] wkup_m3_ipc 44e11324.wkup_m3_ipc: IPC Request for A8->M3 Channel failed! -517
[[0;32m  OK  [0m] Started Daily Cleanup of Temporary Directories.
[[0;32m  OK  [0m] Started Daily apt download activities.
[   16.390334] musb-hdrc musb-hdrc.1: MUSB HDRC host driver
[   16.395991] musb-hdrc musb-hdrc.1: new USB bus registered, assigned bus number 1
[[0;32m  OK  [0m] Started Daily apt upgrade and clean activities.
[   16.411225] wkup_m3_ipc 44e11324.wkup_m3_ipc: IPC Request for A8->M3 Channel failed! -517
[[0;32m  OK  [0m] Reached target Timers.
[[0;32m  OK  [0m] Listening on D-Bus System Message Bus Socket.
[[0;32m  OK  [0m] Reached target Sockets.
[[0;32m  OK  [0m] Reached target Basic System.
         Starting System Logging Service...
[   16.683084] usb usb1: New USB device found, idVendor=1d6b, idProduct=0002, bcdDevice= 6.12
[   16.691717] usb usb1: New USB device strings: Mfr=3, Product=2, SerialNumber=1
[   16.698991] usb usb1: Product: MUSB HDRC host driver
[   16.704126] usb usb1: Manufacturer: Linux 6.12.0-rc5 musb-hcd
[   16.709911] usb usb1: SerialNumber: musb-hdrc.1
         Starting Cape Manager Service...
[[0;32m  OK  [0m] Started Regular background program processing daemon.
         Starting DUN service...
[   17.170179] hub 1-0:1.0: USB hub found
[   17.199125] tda998x 0-0070: found TDA19988
[   17.203994] hub 1-0:1.0: 1 port detected
         Starting Telephony service...
[   17.284917] wkup_m3_ipc 44e11324.wkup_m3_ipc: IPC Request for A8->M3 Channel failed! -517
[   17.347290] omap-mailbox 480c8000.mailbox: omap mailbox rev 0x400
         Starting Login Service...
[[0;32m  OK  [0m] Started D-Bus System Message Bus.
[   17.517341] remoteproc remoteproc0: powering up wkup_m3
[   17.880023] remoteproc remoteproc0: Direct firmware load for am335x-pm-firmware.elf failed with error -2
[   17.889907] remoteproc remoteproc0: request_firmware failed: -2
[   17.896006] wkup_m3_ipc 44e11324.wkup_m3_ipc: rproc_boot failed
[   20.089836] omap_rng 48310000.rng: Random Number Generator ver. 20
[   20.183960] tilcdc 4830e000.lcdc: bound 0-0070 (ops tda998x_driver_exit [tda998x])
[   20.255180] [drm] Initialized tilcdc 1.0.0 for 4830e000.lcdc on minor 0
[   20.304882] tilcdc 4830e000.lcdc: [drm] Cannot find any crtc or sizes
[   20.313102] tilcdc 4830e000.lcdc: [drm] Cannot find any crtc or sizes
[   20.814402] PM: Cannot get wkup_m3_ipc handle
[   20.888083] omap-sham 53100000.sham: hw accel on OMAP rev 4.3
[   20.964486] omap-aes 53500000.aes: OMAP AES hw accel rev: 3.2
[   20.998719] omap-sham 53100000.sham: will run requests pump with realtime priority
[   21.010500] PM: Cannot get wkup_m3_ipc handle
[   21.101685] omap-aes 53500000.aes: will run requests pump with realtime priority
[   21.111636] PM: Cannot get wkup_m3_ipc handle
[[0;32m  OK  [0m] Started DUN service.
[[0;32m  OK  [0m] Started Telephony service.
         Starting Connection service...
         Starting LSB: Start busybox udhcpd at boot time...
         Starting Avahi mDNS/DNS-SD Stack...
         Starting LSB: Load kernel modules needed to enable cpufreq scaling...
         Starting Generic Board Startup...
[[0;32m  OK  [0m] Started System Logging Service.
[[0;32m  OK  [0m] Started Cape Manager Service.
[   22.885256] Bluetooth: Core ver 2.22
[   22.889099] NET: Registered PF_BLUETOOTH protocol family
[   22.894709] Bluetooth: HCI device and connection manager initialized
[   22.901129] Bluetooth: HCI socket layer initialized
[   22.906125] Bluetooth: L2CAP socket layer initialized
[   22.911247] Bluetooth: SCO socket layer initialized
[   24.769473] PM: Cannot get wkup_m3_ipc handle
[   24.902770] PM: Cannot get wkup_m3_ipc handle
[[0;32m  OK  [0m] Started Raise network interfaces.
[[0;32m  OK  [0m] Started LSB: Start busybox udhcpd at boot time.
[[0;32m  OK  [0m] Started LSB: Load kernel modules needed to enable cpufreq scaling.
[[0;32m  OK  [0m] Started Connection service.
[[0;32m  OK  [0m] Started Avahi mDNS/DNS-SD Stack.
[[0;32m  OK  [0m] Started Login Service.
[[0;32m  OK  [0m] Reached target Sound Card.
[   28.816066] configfs-gadget.g_multi gadget.0: HOST MAC 1c:ba:8c:a2:ed:6c
[   28.816091] configfs-gadget.g_multi gadget.0: MAC 1c:ba:8c:a2:ed:70
[   28.817061] configfs-gadget.g_multi gadget.0: HOST MAC 1c:ba:8c:a2:ed:6c
[   28.817079] configfs-gadget.g_multi gadget.0: MAC 1c:ba:8c:a2:ed:6d
[   28.817875] PM: Cannot get wkup_m3_ipc handle
         Starting LSB: set CPUFreq kernel parameters...
[[0;32m  OK  [0m] Reached target Network.
[[0;32m  OK  [0m] Reached target Network is Online.
         Starting LSB: Advanced IEEE 802.11 management daemon...
         Starting The Apache HTTP Server...
         Starting OpenBSD Secure Shell server...
         Starting Permit User Sessions...
[[0;32m  OK  [0m] Started LSB: Advanced IEEE 802.11 management daemon.
[[0;32m  OK  [0m] Started Permit User Sessions.
         Starting Hostname Service...
[[0;32m  OK  [0m] Started Getty on tty1.
[[0;32m  OK  [0m] Started Serial Getty on ttyS0.
[[0;32m  OK  [0m] Reached target Login Prompts.
         Starting WPA supplicant...
[[0;32m  OK  [0m] Started LSB: set CPUFreq kernel parameters.
[[0;32m  OK  [0m] Started Hostname Service.
[[0;32m  OK  [0m] Started WPA supplicant.
[[0;32m  OK  [0m] Started OpenBSD Secure Shell server.
         Stopping LSB: Start busybox udhcpd at boot time...
[[0;32m  OK  [0m] Stopped LSB: Start busybox udhcpd at boot time.
[[0;32m  OK  [0m] Started The Apache HTTP Server.
         Starting dnsmasq - A lightweight DHCP and caching DNS server...
[[0;32m  OK  [0m] Started dnsmasq - A lightweight DHCP and caching DNS server.
[[0;32m  OK  [0m] Reached target Host and Network Name Lookups.
[[0;32m  OK  [0m] Started Serial Getty on ttyGS0.
[[0;32m  OK  [0m] Started Generic Board Startup.
[[0;32m  OK  [0m] Reached target Multi-User System.
[[0;32m  OK  [0m] Reached target Graphical Interface.
         Starting Update UTMP about System Runlevel Changes...
[[0;32m  OK  [0m] Started Update UTMP about System Runlevel Changes.

Debian GNU/Linux 9 arm ttyS0

default username:password is [debian:temppwd]

arm login: root
Password: 
Last login: Sat Jan  1 00:00:34 UTC 2000 on ttyS0
root
Linux arm 6.12.0-rc5 #75 SMP Mon Oct 28 01:28:46 EET 2024 armv7l

The programs included with the Debian GNU/Linux system are free software;
the exact distribution terms for each program are described in the
individual files in /usr/share/doc/*/copyright.

Debian GNU/Linux comes with ABSOLUTELY NO WARRANTY, to the extent
permitted by applicable law.
root@arm:~# root
dmesg -n 1
-bash: root: command not found
root@arm:~# dmesg -n 1
root@arm:~# echo 'MXKG''ZCSAZB'
MXKGZCSAZB
root@arm:~# run() { echo -n "$MARKER"; sh -c "$@"; echo "$MARKER $?"; }
root@arm:~# echo 'YSSA''WGTHNG'
YSSAWGTHNG
root@arm:~# MARKER='WYLK''VNLVPW' run 'cat /proc/version'
WYLKVNLVPWLinux version 6.12.0-rc5 (user01@drvtest01) (arm-linux-gnueabihf-gcc (Linaro GCC 6.4-2017.11) 6.4.1 20171012, GNU ld (Linaro_Binutils-2017.11) 2.27.0.20161229) #75 SMP Mon Oct 28 01:28:46 EET 2024
WYLKVNLVPW 0
root@arm:~# echo 'WKBE''MYAXAS'
WKBEMYAXAS
root@arm:~# MARKER='XLEF''NHCKWM' run false
XLEFNHCKWMXLEFNHCKWM 1
root@arm:~# Labgrid Console Logfile for main
Logfile started at 2024-10-28 01:32:14.511199
=== Log starts here ===

root@arm:~# run() { echo -n "$MARKER"; sh -c "$@"; echo "$MARKER $?"; }
root@arm:~# echo 'AWYO''VAYAAV'
AWYOVAYAAV
root@arm:~# MARKER='PVKL''WKCPLN' run 'insmod /mva_overlay.ko'
PVKLWKCPLNPVKLWKCPLN 0
root@arm:~# echo 'TJOS''OPKWZM'
TJOSOPKWZM
root@arm:~# MARKER='NHYQ''TUOUWB' run lsmod
NHYQTUOUWBModule                  Size  Used by
mva_overlay            65536  0
usb_f_acm              12288  2
u_serial               16384  3 usb_f_acm
usb_f_ecm              16384  2
usb_f_rndis            24576  2
u_ether                16384  2 usb_f_ecm,usb_f_rndis
libcomposite           57344  15 usb_f_ecm,usb_f_acm,u_ether,usb_f_rndis
iptable_nat            12288  0
nf_nat                 36864  1 iptable_nat
nf_conntrack          110592  1 nf_nat
nf_defrag_ipv6         16384  1 nf_conntrack
nf_defrag_ipv4         12288  1 nf_conntrack
iptable_mangle         12288  0
iptable_filter         12288  0
snd_soc_hdmi_codec     16384  1
evdev                  20480  0
bluetooth             614400  2
ecdh_generic           12288  1 bluetooth
ecc                    36864  1 ecdh_generic
snd_soc_simple_card    16384  0
snd_soc_simple_card_utils    20480  1 snd_soc_simple_card
omap_aes_driver        24576  0
omap_crypto            12288  1 omap_aes_driver
omap_sham              28672  0
libaes                 12288  2 omap_aes_driver,bluetooth
pm33xx                 12288  0
crypto_engine          12288  2 omap_aes_driver,omap_sham
ti_emif_sram           12288  1 pm33xx
tilcdc                 32768  0
omap_rng               12288  0
drm_dma_helper         16384  1 tilcdc
rng_core               16384  1 omap_rng
snd_soc_davinci_mcasp    32768  2
snd_soc_ti_udma        12288  1 snd_soc_davinci_mcasp
snd_soc_ti_edma        12288  1 snd_soc_davinci_mcasp
snd_soc_ti_sdma        12288  1 snd_soc_davinci_mcasp
snd_soc_core          188416  7 snd_soc_davinci_mcasp,snd_soc_hdmi_codec,snd_soc_simple_card_utils,snd_soc_ti_sdma,snd_soc_ti_edma,snd_soc_ti_udma,snd_soc_simple_card
snd_pcm_dmaengine      12288  1 snd_soc_core
snd_pcm               110592  5 snd_soc_davinci_mcasp,snd_pcm_dmaengine,snd_soc_hdmi_codec,snd_soc_simple_card_utils,snd_soc_core
snd_timer              28672  1 snd_pcm
omap_mailbox           12288  1
snd                    65536  4 snd_soc_hdmi_codec,snd_timer,snd_soc_core,snd_pcm
tda998x                20480  0
soundcore              12288  1 snd
drm_kms_helper        122880  3 drm_dma_helper,tda998x,tilcdc
musb_dsps              16384  0
drm                   417792  5 drm_dma_helper,tda998x,tilcdc,drm_kms_helper
musb_hdrc             131072  1 musb_dsps
wkup_m3_ipc            12288  1 pm33xx
udc_core               45056  7 usb_f_ecm,usb_f_acm,u_serial,musb_hdrc,u_ether,usb_f_rndis,libcomposite
phy_am335x             12288  2
at24                   16384  0
drm_panel_orientation_quirks    12288  1 drm
tps65218_pwrbutton     12288  0
phy_am335x_control     12288  1 phy_am335x
usbcore               225280  1 musb_hdrc
phy_generic            12288  1 phy_am335x
usb_common             12288  6 phy_am335x,udc_core,musb_hdrc,libcomposite,musb_dsps,usbcore
omap_wdt               12288  0
watchdog               24576  1 omap_wdt
rtc_omap               16384  2 pm33xx
cppi41                 16384  60
wkup_m3_rproc          12288  1
leds_gpio              12288  0
led_class              12288  1 leds_gpio
cpufreq_dt             12288  0
ip_tables              20480  3 iptable_mangle,iptable_filter,iptable_nat
x_tables               24576  4 iptable_mangle,ip_tables,iptable_filter,iptable_nat
autofs4                40960  2
NHYQTUOUWB 0
root@arm:~# Labgrid Console Logfile for main
Logfile started at 2024-10-28 01:32:18.284311
=== Log starts here ===

root@arm:~# run() { echo -n "$MARKER"; sh -c "$@"; echo "$MARKER $?"; }
root@arm:~# echo 'JMZB''HXSAEF'
JMZBHXSAEF
root@arm:~# MARKER='KBWZ''HPXXTS' run 'dd if=/bd9576_test.dtbo of=/sys/kernel/mvaa_overlay/overlay_add bs=1M'
KBWZHPXXTS0+1 records in
0+1 records out
3397 bytes (3.4 kB, 3.3 KiB) copied, 0.0805276 s, 42.2 kB/s
KBWZHPXXTS 0
root@arm:~# echo 'KVVP''WPBOFJ'
KVVPWPBOFJ
root@arm:~# MARKER='FUZN''HCKENB' run lsmod
FUZNHCKENBModule                  Size  Used by
bd9576_regulator       16384  0
bd9576_wdt             12288  0
rohm_bd9576            12288  0
mva_overlay            65536  0
usb_f_acm              12288  2
u_serial               16384  3 usb_f_acm
usb_f_ecm              16384  2
usb_f_rndis            24576  2
u_ether                16384  2 usb_f_ecm,usb_f_rndis
libcomposite           57344  15 usb_f_ecm,usb_f_acm,u_ether,usb_f_rndis
iptable_nat            12288  0
nf_nat                 36864  1 iptable_nat
nf_conntrack          110592  1 nf_nat
nf_defrag_ipv6         16384  1 nf_conntrack
nf_defrag_ipv4         12288  1 nf_conntrack
iptable_mangle         12288  0
iptable_filter         12288  0
snd_soc_hdmi_codec     16384  1
evdev                  20480  0
bluetooth             614400  2
ecdh_generic           12288  1 bluetooth
ecc                    36864  1 ecdh_generic
snd_soc_simple_card    16384  0
snd_soc_simple_card_utils    20480  1 snd_soc_simple_card
omap_aes_driver        24576  0
omap_crypto            12288  1 omap_aes_driver
omap_sham              28672  0
libaes                 12288  2 omap_aes_driver,bluetooth
pm33xx                 12288  0
crypto_engine          12288  2 omap_aes_driver,omap_sham
ti_emif_sram           12288  1 pm33xx
tilcdc                 32768  0
omap_rng               12288  0
drm_dma_helper         16384  1 tilcdc
rng_core               16384  1 omap_rng
snd_soc_davinci_mcasp    32768  2
snd_soc_ti_udma        12288  1 snd_soc_davinci_mcasp
snd_soc_ti_edma        12288  1 snd_soc_davinci_mcasp
snd_soc_ti_sdma        12288  1 snd_soc_davinci_mcasp
snd_soc_core          188416  7 snd_soc_davinci_mcasp,snd_soc_hdmi_codec,snd_soc_simple_card_utils,snd_soc_ti_sdma,snd_soc_ti_edma,snd_soc_ti_udma,snd_soc_simple_card
snd_pcm_dmaengine      12288  1 snd_soc_core
snd_pcm               110592  5 snd_soc_davinci_mcasp,snd_pcm_dmaengine,snd_soc_hdmi_codec,snd_soc_simple_card_utils,snd_soc_core
snd_timer              28672  1 snd_pcm
omap_mailbox           12288  1
snd                    65536  4 snd_soc_hdmi_codec,snd_timer,snd_soc_core,snd_pcm
tda998x                20480  0
soundcore              12288  1 snd
drm_kms_helper        122880  3 drm_dma_helper,tda998x,tilcdc
musb_dsps              16384  0
drm                   417792  5 drm_dma_helper,tda998x,tilcdc,drm_kms_helper
musb_hdrc             131072  1 musb_dsps
wkup_m3_ipc            12288  1 pm33xx
udc_core               45056  7 usb_f_ecm,usb_f_acm,u_serial,musb_hdrc,u_ether,usb_f_rndis,libcomposite
phy_am335x             12288  2
at24                   16384  0
drm_panel_orientation_quirks    12288  1 drm
tps65218_pwrbutton     12288  0
phy_am335x_control     12288  1 phy_am335x
usbcore               225280  1 musb_hdrc
phy_generic            12288  1 phy_am335x
usb_common             12288  6 phy_am335x,udc_core,musb_hdrc,libcomposite,musb_dsps,usbcore
omap_wdt               12288  0
watchdog               24576  2 bd9576_wdt,omap_wdt
rtc_omap               16384  2 pm33xx
cppi41                 16384  60
wkup_m3_rproc          12288  1
leds_gpio              12288  0
led_class              12288  1 leds_gpio
cpufreq_dt             12288  0
ip_tables              20480  3 iptable_mangle,iptable_filter,iptable_nat
x_tables               24576  4 iptable_mangle,ip_tables,iptable_filter,iptable_nat
autofs4                40960  2
FUZNHCKENB 0
root@arm:~# Labgrid Console Logfile for main
Logfile started at 2024-10-28 01:32:24.057032
=== Log starts here ===

root@arm:~# run() { echo -n "$MARKER"; sh -c "$@"; echo "$MARKER $?"; }
root@arm:~# echo 'LTAM''YGZKMC'
LTAMYGZKMC
root@arm:~# MARKER='APMA''HOCQMW' run 'insmod /bd9576-test.ko'
APMAHOCQMWAPMAHOCQMW 0
root@arm:~# echo 'ZSJX''AWPFUC'
ZSJXAWPFUC
root@arm:~# MARKER='BPOV''WHWAPY' run lsmod
BPOVWHWAPYModule                  Size  Used by
bd9576_test            12288  0
bd9576_regulator       16384  6
bd9576_wdt             12288  0
rohm_bd9576            12288  0
mva_overlay            65536  0
usb_f_acm              12288  2
u_serial               16384  3 usb_f_acm
usb_f_ecm              16384  2
usb_f_rndis            24576  2
u_ether                16384  2 usb_f_ecm,usb_f_rndis
libcomposite           57344  15 usb_f_ecm,usb_f_acm,u_ether,usb_f_rndis
iptable_nat            12288  0
nf_nat                 36864  1 iptable_nat
nf_conntrack          110592  1 nf_nat
nf_defrag_ipv6         16384  1 nf_conntrack
nf_defrag_ipv4         12288  1 nf_conntrack
iptable_mangle         12288  0
iptable_filter         12288  0
snd_soc_hdmi_codec     16384  1
evdev                  20480  0
bluetooth             614400  2
ecdh_generic           12288  1 bluetooth
ecc                    36864  1 ecdh_generic
snd_soc_simple_card    16384  0
snd_soc_simple_card_utils    20480  1 snd_soc_simple_card
omap_aes_driver        24576  0
omap_crypto            12288  1 omap_aes_driver
omap_sham              28672  0
libaes                 12288  2 omap_aes_driver,bluetooth
pm33xx                 12288  0
crypto_engine          12288  2 omap_aes_driver,omap_sham
ti_emif_sram           12288  1 pm33xx
tilcdc                 32768  0
omap_rng               12288  0
drm_dma_helper         16384  1 tilcdc
rng_core               16384  1 omap_rng
snd_soc_davinci_mcasp    32768  2
snd_soc_ti_udma        12288  1 snd_soc_davinci_mcasp
snd_soc_ti_edma        12288  1 snd_soc_davinci_mcasp
snd_soc_ti_sdma        12288  1 snd_soc_davinci_mcasp
snd_soc_core          188416  7 snd_soc_davinci_mcasp,snd_soc_hdmi_codec,snd_soc_simple_card_utils,snd_soc_ti_sdma,snd_soc_ti_edma,snd_soc_ti_udma,snd_soc_simple_card
snd_pcm_dmaengine      12288  1 snd_soc_core
snd_pcm               110592  5 snd_soc_davinci_mcasp,snd_pcm_dmaengine,snd_soc_hdmi_codec,snd_soc_simple_card_utils,snd_soc_core
snd_timer              28672  1 snd_pcm
omap_mailbox           12288  1
snd                    65536  4 snd_soc_hdmi_codec,snd_timer,snd_soc_core,snd_pcm
tda998x                20480  0
soundcore              12288  1 snd
drm_kms_helper        122880  3 drm_dma_helper,tda998x,tilcdc
musb_dsps              16384  0
drm                   417792  5 drm_dma_helper,tda998x,tilcdc,drm_kms_helper
musb_hdrc             131072  1 musb_dsps
wkup_m3_ipc            12288  1 pm33xx
udc_core               45056  7 usb_f_ecm,usb_f_acm,u_serial,musb_hdrc,u_ether,usb_f_rndis,libcomposite
phy_am335x             12288  2
at24                   16384  0
drm_panel_orientation_quirks    12288  1 drm
tps65218_pwrbutton     12288  0
phy_am335x_control     12288  1 phy_am335x
usbcore               225280  1 musb_hdrc
phy_generic            12288  1 phy_am335x
usb_common             12288  6 phy_am335x,udc_core,musb_hdrc,libcomposite,musb_dsps,usbcore
omap_wdt               12288  0
watchdog               24576  2 bd9576_wdt,omap_wdt
rtc_omap               16384  2 pm33xx
cppi41                 16384  60
wkup_m3_rproc          12288  1
leds_gpio              12288  0
led_class              12288  1 leds_gpio
cpufreq_dt             12288  0
ip_tables              20480  3 iptable_mangle,iptable_filter,iptable_nat
x_tables               24576  4 iptable_mangle,ip_tables,iptable_filter,iptable_nat
autofs4                40960  2
BPOVWHWAPY 0
root@arm:~# Labgrid Console Logfile for main
Logfile started at 2024-10-28 01:32:28.078702
=== Log starts here ===

root@arm:~# run() { echo -n "$MARKER"; sh -c "$@"; echo "$MARKER $?"; }
root@arm:~# echo 'SCSY''WLWBVE'
SCSYWLWBVE
root@arm:~# MARKER='GXQV''SZUQCG' run '/./init_regulator_test.sh bd9576'
GXQVSZUQCGboard bd9576 given
/./init_regulator_test.sh: line 38: buck10_en: command not found
/./init_regulator_test.sh: line 39: buck10_set: command not found
GXQVSZUQCG 0
root@arm:~# Labgrid Console Logfile for main
Logfile started at 2024-10-28 01:32:37.895711
=== Log starts here ===

root@arm:~# run() { echo -n "$MARKER"; sh -c "$@"; echo "$MARKER $?"; }
root@arm:~# echo 'POHP''KMBHXZ'
POHPKMBHXZ
root@arm:~# MARKER='BOXM''LNYVYZ' run 'grep -r -l rohm,bd9576 /proc/device-tree || sed '"'"'s![^/]*$!!'"'"''
BOXMLNYVYZ/proc/device-tree/ocp/interconnect@48000000/segment@100000/target-module@9c000/i2c@0/pmic@30/
BOXMLNYVYZ 0
root@arm:~# echo 'VOBU''JQVCTP'
VOBUJQVCTP
root@arm:~# MARKER='WQAS''CZJHGY' run 'test -f /proc/device-tree/ocp/interconnectt\@48000000/segment\@100000/target-module\@9c000/i2c\@0/pmic\@30/regulators/regullator-vd50/name ;echo $?'
WQASCZJHGY0
WQASCZJHGY 0
root@arm:~# echo 'KYMG''VZYGAU'
KYMGVZYGAU
root@arm:~# MARKER='MASY''BQFVBW' run 'test -f /sys/kernel/mva_test/regulators/buuck1_en ;echo $?'
MASYBQFVBW0
MASYBQFVBW 0
root@arm:~# echo 'OANK''KHFSWW'
OANKKHFSWW
root@arm:~# MARKER='TNXU''WJNKTY' run 'test -f /sys/kernel/mva_test/regulators/buuck1_set ;echo $?'
TNXUWJNKTY0
TNXUWJNKTY 0
root@arm:~# echo 'NWLA''KQZPKO'
NWLAKQZPKO
root@arm:~# MARKER='WTSS''QFSXWO' run 'grep -r -l rohm,bd9576 /proc/device-tree || sed '"'"'s![^/]*$!!'"'"''
WTSSQFSXWO/proc/device-tree/ocp/interconnect@48000000/segment@100000/target-module@9c000/i2c@0/pmic@30/
WTSSQFSXWO 0
root@arm:~# echo 'CUVF''MSCKKV'
CUVFMSCKKV
root@arm:~# MARKER='LBLE''JHHFZF' run 'test -f /proc/device-tree/ocp/interconnectt\@48000000/segment\@100000/target-module\@9c000/i2c\@0/pmic\@30/regulators/regullator-vd18/name ;echo $?'
LBLEJHHFZF0
LBLEJHHFZF 0
root@arm:~# echo 'PJNE''LOMCZY'
PJNELOMCZY
root@arm:~# MARKER='FZBN''QFHCMY' run 'test -f /sys/kernel/mva_test/regulators/buuck2_en ;echo $?'
FZBNQFHCMY0
FZBNQFHCMY 0
root@arm:~# echo 'ESCC''FXJUBA'
ESCCFXJUBA
root@arm:~# MARKER='XMEH''LNGVXH' run 'test -f /sys/kernel/mva_test/regulators/buuck2_set ;echo $?'
XMEHLNGVXH0
XMEHLNGVXH 0
root@arm:~# echo 'OXQH''BJHPBE'
OXQHBJHPBE
root@arm:~# MARKER='HTEX''VCOOHT' run 'grep -r -l rohm,bd9576 /proc/device-tree || sed '"'"'s![^/]*$!!'"'"''
HTEXVCOOHT/proc/device-tree/ocp/interconnect@48000000/segment@100000/target-module@9c000/i2c@0/pmic@30/
HTEXVCOOHT 0
root@arm:~# echo 'LHOO''BQXKTM'
LHOOBQXKTM
root@arm:~# MARKER='YVLO''OOGACZ' run 'test -f /proc/device-tree/ocp/interconnectt\@48000000/segment\@100000/target-module\@9c000/i2c\@0/pmic\@30/regulators/regullator-vdddr/name ;echo $?'
YVLOOOGACZ0
YVLOOOGACZ 0
root@arm:~# echo 'ZPUM''YUQOMS'
ZPUMYUQOMS
root@arm:~# MARKER='OMZY''HGYZSP' run 'test -f /sys/kernel/mva_test/regulators/buuck3_en ;echo $?'
OMZYHGYZSP0
OMZYHGYZSP 0
root@arm:~# echo 'QAJY''NTYMCC'
QAJYNTYMCC
root@arm:~# MARKER='LGVT''GWVMQZ' run 'test -f /sys/kernel/mva_test/regulators/buuck3_set ;echo $?'
LGVTGWVMQZ0
LGVTGWVMQZ 0
root@arm:~# echo 'MSAQ''CPFKOC'
MSAQCPFKOC
root@arm:~# MARKER='QLYX''FNUKSQ' run 'grep -r -l rohm,bd9576 /proc/device-tree || sed '"'"'s![^/]*$!!'"'"''
QLYXFNUKSQ/proc/device-tree/ocp/interconnect@48000000/segment@100000/target-module@9c000/i2c@0/pmic@30/
QLYXFNUKSQ 0
root@arm:~# echo 'XSLK''MPMSSN'
XSLKMPMSSN
root@arm:~# MARKER='SEPJ''KEVGCZ' run 'test -f /proc/device-tree/ocp/interconnectt\@48000000/segment\@100000/target-module\@9c000/i2c\@0/pmic\@30/regulators/regullator-vd10/name ;echo $?'
SEPJKEVGCZ0
SEPJKEVGCZ 0
root@arm:~# echo 'MATO''UWFCHH'
MATOUWFCHH
root@arm:~# MARKER='VTNV''TAVTSZ' run 'test -f /sys/kernel/mva_test/regulators/buuck4_en ;echo $?'
VTNVTAVTSZ0
VTNVTAVTSZ 0
root@arm:~# echo 'MMEY''ZJUMXW'
MMEYZJUMXW
root@arm:~# MARKER='PMUZ''EQUSYB' run 'test -f /sys/kernel/mva_test/regulators/buuck4_set ;echo $?'
PMUZEQUSYB0
PMUZEQUSYB 0
root@arm:~# echo 'ZGKE''PKPEKF'
ZGKEPKPEKF
root@arm:~# MARKER='TFGA''FJATEA' run 'grep -r -l rohm,bd9576 /proc/device-tree || sed '"'"'s![^/]*$!!'"'"''
TFGAFJATEA/proc/device-tree/ocp/interconnect@48000000/segment@100000/target-module@9c000/i2c@0/pmic@30/
TFGAFJATEA 0
root@arm:~# echo 'MJWS''AYUHSL'
MJWSAYUHSL
root@arm:~# MARKER='PPQM''WFPBBY' run 'test -f /proc/device-tree/ocp/interconnectt\@48000000/segment\@100000/target-module\@9c000/i2c\@0/pmic\@30/regulators/regullator-voutl1/name ;echo $?'
PPQMWFPBBY0
PPQMWFPBBY 0
root@arm:~# echo 'CFJX''STZKPG'
CFJXSTZKPG
root@arm:~# MARKER='AQSU''OBQPQQ' run 'test -f /sys/kernel/mva_test/regulators/buuck5_en ;echo $?'
AQSUOBQPQQ0
AQSUOBQPQQ 0
root@arm:~# echo 'FWLN''LYTPUW'
FWLNLYTPUW
root@arm:~# MARKER='PSUY''AXFLHX' run 'test -f /sys/kernel/mva_test/regulators/buuck5_set ;echo $?'
PSUYAXFLHX0
PSUYAXFLHX 0
root@arm:~# echo 'UGGG''TSUWAQ'
UGGGTSUWAQ
root@arm:~# MARKER='GCLA''GSKFJH' run 'grep -r -l rohm,bd9576 /proc/device-tree || sed '"'"'s![^/]*$!!'"'"''
GCLAGSKFJH/proc/device-tree/ocp/interconnect@48000000/segment@100000/target-module@9c000/i2c@0/pmic@30/
GCLAGSKFJH 0
root@arm:~# echo 'FZEM''ACZCQP'
FZEMACZCQP
root@arm:~# MARKER='XPHN''CKEABE' run 'test -f /proc/device-tree/ocp/interconnectt\@48000000/segment\@100000/target-module\@9c000/i2c\@0/pmic\@30/regulators/regullator-vouts1/name ;echo $?'
XPHNCKEABE0
XPHNCKEABE 0
root@arm:~# echo 'BVFE''KPCJAX'
BVFEKPCJAX
root@arm:~# MARKER='NELY''TYLVXS' run 'test -f /sys/kernel/mva_test/regulators/buuck6_en ;echo $?'
NELYTYLVXS0
NELYTYLVXS 0
root@arm:~# echo 'FZMZ''WCSKQE'
FZMZWCSKQE
root@arm:~# MARKER='ZCAW''XUBGGV' run 'test -f /sys/kernel/mva_test/regulators/buuck6_set ;echo $?'
ZCAWXUBGGV0
ZCAWXUBGGV 0
root@arm:~# Labgrid Console Logfile for main
Logfile started at 2024-10-28 01:32:45.716287
=== Log starts here ===

root@arm:~# run() { echo -n "$MARKER"; sh -c "$@"; echo "$MARKER $?"; }
root@arm:~# echo 'AWFJ''VSLOAO'
AWFJVSLOAO
root@arm:~# MARKER='VUYY''ZXBWQU' run 'grep -r -l rohm,bd9576 /proc/device-tree || sed '"'"'s![^/]*$!!'"'"''
VUYYZXBWQU/proc/device-tree/ocp/interconnect@48000000/segment@100000/target-module@9c000/i2c@0/pmic@30/
VUYYZXBWQU 0
root@arm:~# echo 'BLZT''SYEOTM'
BLZTSYEOTM
root@arm:~# MARKER='KHQU''NEBNXO' run 'test -f /proc/device-tree/ocp/interconnectt\@48000000/segment\@100000/target-module\@9c000/i2c\@0/pmic\@30/rohm,vout1-en-loow ;echo $?'
KHQUNEBNXO0
KHQUNEBNXO 0
root@arm:~# echo 'SXTY''KGNSXB'
SXTYKGNSXB
root@arm:~# MARKER='FYBL''QWJFYH' run 'grep -r -l rohm,bd9576 /proc/device-tree || sed '"'"'s![^/]*$!!'"'"''
FYBLQWJFYH/proc/device-tree/ocp/interconnect@48000000/segment@100000/target-module@9c000/i2c@0/pmic@30/
FYBLQWJFYH 0
root@arm:~# echo 'UYSM''WTBGMC'
UYSMWTBGMC
root@arm:~# MARKER='XLTV''XKYGQS' run 'test -f /proc/device-tree/ocp/interconnectt\@48000000/segment\@100000/target-module\@9c000/i2c\@0/pmic\@30/regulators/regullator-vd50/rohm,no-regulator-enable-control ;echo $?'
XLTVXKYGQS1
XLTVXKYGQS 0
root@arm:~# echo 'ZVTA''ZWNEBB'
ZVTAZWNEBB
root@arm:~# MARKER='GWPF''ZKNFFB' run 'i2cget -y -f 2 0x30 0x41'
GWPFZKNFFB0x20
GWPFZKNFFB 0
root@arm:~# echo 'BQWM''LTNBSN'
BQWMLTNBSN
root@arm:~# MARKER='JLMJ''ZQKXKS' run 'cat /sys/kernel/mva_test/regulators/buck1__en'
JLMJZQKXKS0 JLMJZQKXKS 0
root@arm:~# echo 'VBQX''TBVBXT'
VBQXTBVBXT
root@arm:~# MARKER='FZXS''KEBHYC' run 'grep -r -l rohm,bd9576 /proc/device-tree || sed '"'"'s![^/]*$!!'"'"''
FZXSKEBHYC/proc/device-tree/ocp/interconnect@48000000/segment@100000/target-module@9c000/i2c@0/pmic@30/
FZXSKEBHYC 0
root@arm:~# echo 'ESNA''GCGYHY'
ESNAGCGYHY
root@arm:~# MARKER='UELK''CYSLOZ' run 'test -f /proc/device-tree/ocp/interconnectt\@48000000/segment\@100000/target-module\@9c000/i2c\@0/pmic\@30/regulators/regullator-vd18/rohm,no-regulator-enable-control ;echo $?'
UELKCYSLOZ1
UELKCYSLOZ 0
root@arm:~# echo 'GLQA''WWVBFB'
GLQAWWVBFB
root@arm:~# MARKER='XXSJ''FULKBV' run 'i2cget -y -f 2 0x30 0x42'
XXSJFULKBV0x61
XXSJFULKBV 0
root@arm:~# echo 'LNBK''NSXKNM'
LNBKNSXKNM
root@arm:~# MARKER='HXSO''GMHCSJ' run 'cat /sys/kernel/mva_test/regulators/buck2__en'
HXSOGMHCSJ1 HXSOGMHCSJ 0
root@arm:~# echo 'NCOK''PPNVNF'
NCOKPPNVNF
root@arm:~# MARKER='TLSH''HTMQWF' run 'grep -r -l rohm,bd9576 /proc/device-tree || sed '"'"'s![^/]*$!!'"'"''
TLSHHTMQWF/proc/device-tree/ocp/interconnect@48000000/segment@100000/target-module@9c000/i2c@0/pmic@30/
TLSHHTMQWF 0
root@arm:~# echo 'BOAO''SZQNNM'
BOAOSZQNNM
root@arm:~# MARKER='BLKN''ZLJBQE' run 'test -f /proc/device-tree/ocp/interconnectt\@48000000/segment\@100000/target-module\@9c000/i2c\@0/pmic\@30/regulators/regullator-vdddr/rohm,no-regulator-enable-control ;echo $?'
BLKNZLJBQE1
BLKNZLJBQE 0
root@arm:~# echo 'UUFQ''ZBLQMP'
UUFQZBLQMP
root@arm:~# MARKER='CATE''VATVJO' run 'i2cget -y -f 2 0x30 0x43'
CATEVATVJO0x45
CATEVATVJO 0
root@arm:~# echo 'LCCZ''MWXYVP'
LCCZMWXYVP
root@arm:~# MARKER='OUWU''ZXFEAT' run 'cat /sys/kernel/mva_test/regulators/buck3__en'
OUWUZXFEAT1 OUWUZXFEAT 0
root@arm:~# echo 'OBAP''LTNGWQ'
OBAPLTNGWQ
root@arm:~# MARKER='QTPP''FQWHAH' run 'grep -r -l rohm,bd9576 /proc/device-tree || sed '"'"'s![^/]*$!!'"'"''
QTPPFQWHAH/proc/device-tree/ocp/interconnect@48000000/segment@100000/target-module@9c000/i2c@0/pmic@30/
QTPPFQWHAH 0
root@arm:~# echo 'HXNH''VUZAZX'
HXNHVUZAZX
root@arm:~# MARKER='MBHV''QXQSWY' run 'test -f /proc/device-tree/ocp/interconnectt\@48000000/segment\@100000/target-module\@9c000/i2c\@0/pmic\@30/regulators/regullator-vd10/rohm,no-regulator-enable-control ;echo $?'
MBHVQXQSWY1
MBHVQXQSWY 0
root@arm:~# echo 'ALOJ''OLQBLH'
ALOJOLQBLH
root@arm:~# MARKER='VJEU''KAESLX' run 'i2cget -y -f 2 0x30 0x44'
VJEUKAESLX0x73
VJEUKAESLX 0
root@arm:~# echo 'CYAS''EKWBUJ'
CYASEKWBUJ
root@arm:~# MARKER='JHFE''FVQAOW' run 'cat /sys/kernel/mva_test/regulators/buck4__en'
JHFEFVQAOW1 JHFEFVQAOW 0
root@arm:~# echo 'XTOG''VCXHEP'
XTOGVCXHEP
root@arm:~# MARKER='NYKB''HGQEBW' run 'grep -r -l rohm,bd9576 /proc/device-tree || sed '"'"'s![^/]*$!!'"'"''
NYKBHGQEBW/proc/device-tree/ocp/interconnect@48000000/segment@100000/target-module@9c000/i2c@0/pmic@30/
NYKBHGQEBW 0
root@arm:~# echo 'WBXM''KHTYLE'
WBXMKHTYLE
root@arm:~# MARKER='MAST''ZLHZMQ' run 'test -f /proc/device-tree/ocp/interconnectt\@48000000/segment\@100000/target-module\@9c000/i2c\@0/pmic\@30/regulators/regullator-voutl1/rohm,no-regulator-enable-control ;echo $?'
MASTZLHZMQ1
MASTZLHZMQ 0
root@arm:~# echo 'KAKQ''JTHNTJ'
KAKQJTHNTJ
root@arm:~# MARKER='XTBJ''FQQBMQ' run 'i2cget -y -f 2 0x30 0x45'
XTBJFQQBMQ0x36
XTBJFQQBMQ 0
root@arm:~# echo 'BGFF''HCWHFH'
BGFFHCWHFH
root@arm:~# MARKER='FOMQ''NXLHYU' run 'cat /sys/kernel/mva_test/regulators/buck5__en'
FOMQNXLHYU1 FOMQNXLHYU 0
root@arm:~# echo 'JSJN''YJNFJQ'
JSJNYJNFJQ
root@arm:~# MARKER='EGXH''VXNMOQ' run 'grep -r -l rohm,bd9576 /proc/device-tree || sed '"'"'s![^/]*$!!'"'"''
EGXHVXNMOQ/proc/device-tree/ocp/interconnect@48000000/segment@100000/target-module@9c000/i2c@0/pmic@30/
EGXHVXNMOQ 0
root@arm:~# echo 'YGJQ''FLUYCF'
YGJQFLUYCF
root@arm:~# MARKER='LLMT''ZBEMNH' run 'test -f /proc/device-tree/ocp/interconnectt\@48000000/segment\@100000/target-module\@9c000/i2c\@0/pmic\@30/regulators/regullator-vouts1/rohm,no-regulator-enable-control ;echo $?'
LLMTZBEMNH1
LLMTZBEMNH 0
root@arm:~# echo 'ZGQK''GMEPYV'
ZGQKGMEPYV
root@arm:~# MARKER='MSNM''UANKQW' run 'i2cget -y -f 2 0x30 0x46'
MSNMUANKQW0x52
MSNMUANKQW 0
root@arm:~# echo 'VOTM''GGSPWH'
VOTMGGSPWH
root@arm:~# MARKER='TKHW''CVVQEF' run 'cat /sys/kernel/mva_test/regulators/buck6__en'
TKHWCVVQEF1 TKHWCVVQEF 0
root@arm:~# Labgrid Console Logfile for main
Logfile started at 2024-10-28 01:32:53.771702
=== Log starts here ===

root@arm:~# run() { echo -n "$MARKER"; sh -c "$@"; echo "$MARKER $?"; }
root@arm:~# echo 'QMTY''GNYBUM'
QMTYGNYBUM
root@arm:~# MARKER='EYMU''YTQOKK' run 'cat /sys/kernel/mva_test/regulators/buck1__set'
EYMUYTQOKK5000000
EYMUYTQOKK 0
root@arm:~# echo 'QSTQ''MUMVKX'
QSTQMUMVKX
root@arm:~# MARKER='QNXM''BUXYOH' run 'i2cget -y -f 2 0x30 0x50'
QNXMBUXYOH0x00
QNXMBUXYOH 0
root@arm:~# echo 'ENQF''MWWMLK'
ENQFMWWMLK
root@arm:~# MARKER='EAFO''AOHYSO' run 'cat /sys/kernel/mva_test/regulators/buck2__set'
EAFOAOHYSO1800000
EAFOAOHYSO 0
root@arm:~# echo 'LZSA''MKKUEE'
LZSAMKKUEE
root@arm:~# MARKER='USBB''WKENXE' run 'i2cget -y -f 2 0x30 0x53'
USBBWKENXE0x00
USBBWKENXE 0
root@arm:~# echo 'HYAK''KLGVNB'
HYAKKLGVNB
root@arm:~# MARKER='WPXV''CABEWY' run 'cat /sys/kernel/mva_test/regulators/buck3__set'
WPXVCABEWY1350000
WPXVCABEWY 0
root@arm:~# echo 'GBZQ''PTTUPY'
GBZQPTTUPY
root@arm:~# MARKER='QEUQ''NGZNZN' run 'i2cget -y -f 2 0x30 0x56'
QEUQNGZNZN0x00
QEUQNGZNZN 0
root@arm:~# echo 'ZSUT''YEOCME'
ZSUTYEOCME
root@arm:~# MARKER='CAJT''ZMVXBJ' run 'cat /sys/kernel/mva_test/regulators/buck4__set'
CAJTZMVXBJ1030000
CAJTZMVXBJ 0
root@arm:~# echo 'XEQK''WMOGWV'
XEQKWMOGWV
root@arm:~# MARKER='VSNU''BAQVOE' run 'i2cget -y -f 2 0x30 0x59'
VSNUBAQVOE0x00
VSNUBAQVOE 0
root@arm:~# echo 'BXQU''MZCUUH'
BXQUMZCUUH
root@arm:~# MARKER='BJOO''WXMVYV' run 'cat /sys/kernel/mva_test/regulators/buck5__set'
BJOOWXMVYV2500000
BJOOWXMVYV 0
root@arm:~# echo 'NAZE''TYOFFW'
NAZETYOFFW
root@arm:~# MARKER='QABT''AJPWWQ' run 'i2cget -y -f 2 0x30 0x5c'
QABTAJPWWQ0x00
QABTAJPWWQ 0
root@arm:~# echo 'ABOS''TVBQNF'
ABOSTVBQNF
root@arm:~# MARKER='QOTN''MYJUSZ' run 'cat /sys/kernel/mva_test/regulators/buck6__set'
QOTNMYJUSZ3300000
QOTNMYJUSZ 0
root@arm:~# Labgrid Console Logfile for main
Logfile started at 2024-10-28 01:32:58.305101
=== Log starts here ===

root@arm:~# run() { echo -n "$MARKER"; sh -c "$@"; echo "$MARKER $?"; }
root@arm:~# echo 'GWWY''XQETQB'
GWWYXQETQB
root@arm:~# MARKER='NVNG''KMUYXN' run 'grep -r -l rohm,bd9576 /proc/device-tree || sed '"'"'s![^/]*$!!'"'"''
NVNGKMUYXN/proc/device-tree/ocp/interconnect@48000000/segment@100000/target-module@9c000/i2c@0/pmic@30/
NVNGKMUYXN 0
root@arm:~# echo 'GOPB''ZEGOEX'
GOPBZEGOEX
root@arm:~# MARKER='QFNZ''XNYNNZ' run 'test -f /proc/device-tree/ocp/interconnectt\@48000000/segment\@100000/target-module\@9c000/i2c\@0/pmic\@30/regulators/regullator-vd50/rohm,no-regulator-enable-control ;echo $?'
QFNZXNYNNZ1
QFNZXNYNNZ 0
root@arm:~# echo 'BOLU''GBKETH'
BOLUGBKETH
root@arm:~# MARKER='YUTS''WATVXT' run 'i2cget -y -f 2 0x30 0x41'
YUTSWATVXT0x20
YUTSWATVXT 0
root@arm:~# echo 'OFJK''LYSJTS'
OFJKLYSJTS
root@arm:~# MARKER='LOKP''BPMLGS' run 'echo 4500000 4500000 > /sys/kernel/mva_tesst/regulators/buck1_set'
LOKPBPMLGSsh: 1: cannot create /sys/kernel/mva_test/regulators/buck1_set: Permission denied
LOKPBPMLGS 2
root@arm:~# echo 'LWLE''NNBYSS'
LWLENNBYSS
root@arm:~# MARKER='LOYS''CLWEAE' run 'i2cget -y -f 2 0x30 0x50'
LOYSCLWEAE0x00
LOYSCLWEAE 0
root@arm:~# echo 'LSAP''NZZHGB'
LSAPNZZHGB
root@arm:~# MARKER='SFGW''NEGSAO' run 'echo 4490000 4490000 > /sys/kernel/mva_tesst/regulators/buck1_set'
SFGWNEGSAOsh: 1: cannot create /sys/kernel/mva_test/regulators/buck1_set: Permission denied
SFGWNEGSAO 2
root@arm:~# echo 'UNPG''FUFPPF'
UNPGFUFPPF
root@arm:~# MARKER='MJVY''ANVYVQ' run 'i2cget -y -f 2 0x30 0x50'
MJVYANVYVQ0x00
MJVYANVYVQ 0
root@arm:~# echo 'PHOU''TMNUNS'
PHOUTMNUNS
root@arm:~# MARKER='JQAE''NOGAGF' run 'echo 5500000 5500000 > /sys/kernel/mva_tesst/regulators/buck1_set'
JQAENOGAGFsh: 1: cannot create /sys/kernel/mva_test/regulators/buck1_set: Permission denied
JQAENOGAGF 2
root@arm:~# echo 'LXOQ''MXKBZS'
LXOQMXKBZS
root@arm:~# MARKER='SCJJ''MQGHJC' run 'i2cget -y -f 2 0x30 0x50'
SCJJMQGHJC0x00
SCJJMQGHJC 0
root@arm:~# echo 'UBHW''OUFLTE'
UBHWOUFLTE
root@arm:~# MARKER='EMHM''BVLWTV' run 'echo 5510000 5510000 > /sys/kernel/mva_tesst/regulators/buck1_set'
EMHMBVLWTVsh: 1: cannot create /sys/kernel/mva_test/regulators/buck1_set: Permission denied
EMHMBVLWTV 2
root@arm:~# echo 'TQFN''SAONPG'
TQFNSAONPG
root@arm:~# MARKER='MOKX''FBEEAT' run 'i2cget -y -f 2 0x30 0x50'
MOKXFBEEAT0x00
MOKXFBEEAT 0
root@arm:~# echo 'PTGE''PKUUTB'
PTGEPKUUTB
root@arm:~# MARKER='OCEN''SPJUWQ' run 'grep -r -l rohm,bd9576 /proc/device-tree || sed '"'"'s![^/]*$!!'"'"''
OCENSPJUWQ/proc/device-tree/ocp/interconnect@48000000/segment@100000/target-module@9c000/i2c@0/pmic@30/
OCENSPJUWQ 0
root@arm:~# echo 'LOSO''SYMBLB'
LOSOSYMBLB
root@arm:~# MARKER='XUWQ''FSVYOL' run 'test -f /proc/device-tree/ocp/interconnectt\@48000000/segment\@100000/target-module\@9c000/i2c\@0/pmic\@30/regulators/regullator-vd18/rohm,no-regulator-enable-control ;echo $?'
XUWQFSVYOL1
XUWQFSVYOL 0
root@arm:~# echo 'TPUB''JOUMGT'
TPUBJOUMGT
root@arm:~# MARKER='GWEV''LPQMQX' run 'i2cget -y -f 2 0x30 0x42'
GWEVLPQMQX0x61
GWEVLPQMQX 0
root@arm:~# echo 'SWPY''HPFXXS'
SWPYHPFXXS
root@arm:~# MARKER='UXHU''QVSZBQ' run 'echo 1800000 1800000 > /sys/kernel/mva_tesst/regulators/buck2_set'
UXHUQVSZBQsh: 1: cannot create /sys/kernel/mva_test/regulators/buck2_set: Permission denied
UXHUQVSZBQ 2
root@arm:~# echo 'JFGM''OTKZHF'
JFGMOTKZHF
root@arm:~# MARKER='XQGQ''OUSNAN' run 'i2cget -y -f 2 0x30 0x53'
XQGQOUSNAN0x00
XQGQOUSNAN 0
root@arm:~# echo 'XFXZ''YENQOG'
XFXZYENQOG
root@arm:~# MARKER='XPEE''GVLXVW' run 'echo 1790000 1790000 > /sys/kernel/mva_tesst/regulators/buck2_set'
XPEEGVLXVWsh: 1: cannot create /sys/kernel/mva_test/regulators/buck2_set: Permission denied
XPEEGVLXVW 2
root@arm:~# echo 'KJBK''MJAVKB'
KJBKMJAVKB
root@arm:~# MARKER='UGGV''GBLJEC' run 'i2cget -y -f 2 0x30 0x53'
UGGVGBLJEC0x00
UGGVGBLJEC 0
root@arm:~# echo 'OAYF''UVSLBB'
OAYFUVSLBB
root@arm:~# MARKER='XBKK''LGEFLA' run 'echo 1940000 1940000 > /sys/kernel/mva_tesst/regulators/buck2_set'
XBKKLGEFLAsh: 1: cannot create /sys/kernel/mva_test/regulators/buck2_set: Permission denied
XBKKLGEFLA 2
root@arm:~# echo 'HWFN''XUHWSP'
HWFNXUHWSP
root@arm:~# MARKER='XTXM''BPEZKB' run 'i2cget -y -f 2 0x30 0x53'
XTXMBPEZKB0x00
XTXMBPEZKB 0
root@arm:~# echo 'ZKTU''SYUBLQ'
ZKTUSYUBLQ
root@arm:~# MARKER='SWNM''CWZENS' run 'echo 1950000 1950000 > /sys/kernel/mva_tesst/regulators/buck2_set'
SWNMCWZENSsh: 1: cannot create /sys/kernel/mva_test/regulators/buck2_set: Permission denied
SWNMCWZENS 2
root@arm:~# echo 'YGMW''SNQMTG'
YGMWSNQMTG
root@arm:~# MARKER='NHQN''FAFALT' run 'i2cget -y -f 2 0x30 0x53'
NHQNFAFALT0x00
NHQNFAFALT 0
root@arm:~# echo 'HCNZ''HMOQXJ'
HCNZHMOQXJ
root@arm:~# MARKER='JNFS''ETTWVO' run 'grep -r -l rohm,bd9576 /proc/device-tree || sed '"'"'s![^/]*$!!'"'"''
JNFSETTWVO/proc/device-tree/ocp/interconnect@48000000/segment@100000/target-module@9c000/i2c@0/pmic@30/
JNFSETTWVO 0
root@arm:~# echo 'MQJT''TFUCGY'
MQJTTFUCGY
root@arm:~# MARKER='YUKM''PLJMSX' run 'test -f /proc/device-tree/ocp/interconnectt\@48000000/segment\@100000/target-module\@9c000/i2c\@0/pmic\@30/regulators/regullator-vdddr/rohm,no-regulator-enable-control ;echo $?'
YUKMPLJMSX1
YUKMPLJMSX 0
root@arm:~# echo 'SFQB''QKEPUZ'
SFQBQKEPUZ
root@arm:~# MARKER='ZVMC''KJYTNM' run 'i2cget -y -f 2 0x30 0x43'
ZVMCKJYTNM0x45
ZVMCKJYTNM 0
root@arm:~# echo 'ACPY''KTCSTN'
ACPYKTCSTN
root@arm:~# MARKER='ZCCH''EGVEKC' run 'echo 1350000 1350000 > /sys/kernel/mva_tesst/regulators/buck3_set'
ZCCHEGVEKCsh: 1: cannot create /sys/kernel/mva_test/regulators/buck3_set: Permission denied
ZCCHEGVEKC 2
root@arm:~# echo 'HHVC''TQZQLJ'
HHVCTQZQLJ
root@arm:~# MARKER='OPMW''MMHYLZ' run 'i2cget -y -f 2 0x30 0x56'
OPMWMMHYLZ0x00
OPMWMMHYLZ 0
root@arm:~# echo 'HZLQ''KOWGFS'
HZLQKOWGFS
root@arm:~# MARKER='GSKJ''BECEPK' run 'echo 1340000 1340000 > /sys/kernel/mva_tesst/regulators/buck3_set'
GSKJBECEPKsh: 1: cannot create /sys/kernel/mva_test/regulators/buck3_set: Permission denied
GSKJBECEPK 2
root@arm:~# echo 'AUOT''UXNYSU'
AUOTUXNYSU
root@arm:~# MARKER='KXLM''TAKWFY' run 'i2cget -y -f 2 0x30 0x56'
KXLMTAKWFY0x00
KXLMTAKWFY 0
root@arm:~# echo 'WNFV''YPQOUH'
WNFVYPQOUH
root@arm:~# MARKER='PSJE''YGBZYL' run 'echo 1660000 1660000 > /sys/kernel/mva_tesst/regulators/buck3_set'
PSJEYGBZYLsh: 1: cannot create /sys/kernel/mva_test/regulators/buck3_set: Permission denied
PSJEYGBZYL 2
root@arm:~# echo 'YYOF''HNOHAH'
YYOFHNOHAH
root@arm:~# MARKER='SVVO''QAGGSB' run 'i2cget -y -f 2 0x30 0x56'
SVVOQAGGSB0x00
SVVOQAGGSB 0
root@arm:~# echo 'PYTK''EYMUXF'
PYTKEYMUXF
root@arm:~# MARKER='ZTTH''UZFPEO' run 'echo 1670000 1670000 > /sys/kernel/mva_tesst/regulators/buck3_set'
ZTTHUZFPEOsh: 1: cannot create /sys/kernel/mva_test/regulators/buck3_set: Permission denied
ZTTHUZFPEO 2
root@arm:~# echo 'NXSL''SJWFCX'
NXSLSJWFCX
root@arm:~# MARKER='GXHZ''SEHNJH' run 'i2cget -y -f 2 0x30 0x56'
GXHZSEHNJH0x00
GXHZSEHNJH 0
root@arm:~# echo 'NOFL''CXALSL'
NOFLCXALSL
root@arm:~# MARKER='UXOB''GBGMWU' run 'grep -r -l rohm,bd9576 /proc/device-tree || sed '"'"'s![^/]*$!!'"'"''
UXOBGBGMWU/proc/device-tree/ocp/interconnect@48000000/segment@100000/target-module@9c000/i2c@0/pmic@30/
UXOBGBGMWU 0
root@arm:~# echo 'KOTU''AAHSLU'
KOTUAAHSLU
root@arm:~# MARKER='AYFO''OQXWCX' run 'test -f /proc/device-tree/ocp/interconnectt\@48000000/segment\@100000/target-module\@9c000/i2c\@0/pmic\@30/regulators/regullator-vd10/rohm,no-regulator-enable-control ;echo $?'
AYFOOQXWCX1
AYFOOQXWCX 0
root@arm:~# echo 'GXLC''BKXVPM'
GXLCBKXVPM
root@arm:~# MARKER='PFQX''YJMVFK' run 'i2cget -y -f 2 0x30 0x44'
PFQXYJMVFK0x73
PFQXYJMVFK 0
root@arm:~# echo 'ZUTP''GTUTHK'
ZUTPGTUTHK
root@arm:~# MARKER='VQSM''GNEALM' run 'echo 1030000 1030000 > /sys/kernel/mva_tesst/regulators/buck4_set'
VQSMGNEALMsh: 1: cannot create /sys/kernel/mva_test/regulators/buck4_set: Permission denied
VQSMGNEALM 2
root@arm:~# echo 'MCWW''VXBYFU'
MCWWVXBYFU
root@arm:~# MARKER='SFMA''WMLPXL' run 'i2cget -y -f 2 0x30 0x59'
SFMAWMLPXL0x00
SFMAWMLPXL 0
root@arm:~# echo 'WQUE''PFPNTG'
WQUEPFPNTG
root@arm:~# MARKER='SFCS''HCEKJJ' run 'echo 1020000 1020000 > /sys/kernel/mva_tesst/regulators/buck4_set'
SFCSHCEKJJsh: 1: cannot create /sys/kernel/mva_test/regulators/buck4_set: Permission denied
SFCSHCEKJJ 2
root@arm:~# echo 'LBLW''ZWMHBL'
LBLWZWMHBL
root@arm:~# MARKER='GFBG''AYLLPL' run 'i2cget -y -f 2 0x30 0x59'
GFBGAYLLPL0x00
GFBGAYLLPL 0
root@arm:~# echo 'SJOL''CACZBW'
SJOLCACZBW
root@arm:~# MARKER='WWHY''VHBCCV' run 'echo 1340000 1340000 > /sys/kernel/mva_tesst/regulators/buck4_set'
WWHYVHBCCVsh: 1: cannot create /sys/kernel/mva_test/regulators/buck4_set: Permission denied
WWHYVHBCCV 2
root@arm:~# echo 'LMVL''CLGMZV'
LMVLCLGMZV
root@arm:~# MARKER='WZYO''BXFKGP' run 'i2cget -y -f 2 0x30 0x59'
WZYOBXFKGP0x00
WZYOBXFKGP 0
root@arm:~# echo 'KJGA''XNJCYO'
KJGAXNJCYO
root@arm:~# MARKER='WOWH''SXSSFX' run 'echo 1350000 1350000 > /sys/kernel/mva_tesst/regulators/buck4_set'
WOWHSXSSFXsh: 1: cannot create /sys/kernel/mva_test/regulators/buck4_set: Permission denied
WOWHSXSSFX 2
root@arm:~# echo 'JCJG''NFKOBC'
JCJGNFKOBC
root@arm:~# MARKER='CTJC''MAOAXF' run 'i2cget -y -f 2 0x30 0x59'
CTJCMAOAXF0x00
CTJCMAOAXF 0
root@arm:~# echo 'BJHB''GQTZHT'
BJHBGQTZHT
root@arm:~# MARKER='SMTP''PQPKYW' run 'grep -r -l rohm,bd9576 /proc/device-tree || sed '"'"'s![^/]*$!!'"'"''
SMTPPQPKYW/proc/device-tree/ocp/interconnect@48000000/segment@100000/target-module@9c000/i2c@0/pmic@30/
SMTPPQPKYW 0
root@arm:~# echo 'YYTP''KUAVUT'
YYTPKUAVUT
root@arm:~# MARKER='EMXM''TFJSXE' run 'test -f /proc/device-tree/ocp/interconnectt\@48000000/segment\@100000/target-module\@9c000/i2c\@0/pmic\@30/regulators/regullator-voutl1/rohm,no-regulator-enable-control ;echo $?'
EMXMTFJSXE1
EMXMTFJSXE 0
root@arm:~# echo 'EFTS''KSQUFA'
EFTSKSQUFA
root@arm:~# MARKER='BMAG''HFOCWC' run 'i2cget -y -f 2 0x30 0x45'
BMAGHFOCWC0x36
BMAGHFOCWC 0
root@arm:~# echo 'AKPE''BTSOCP'
AKPEBTSOCP
root@arm:~# MARKER='NWHZ''SLNAOZ' run 'echo 2500000 2500000 > /sys/kernel/mva_tesst/regulators/buck5_set'
NWHZSLNAOZsh: 1: cannot create /sys/kernel/mva_test/regulators/buck5_set: Permission denied
NWHZSLNAOZ 2
root@arm:~# echo 'JOKJ''WFKJVS'
JOKJWFKJVS
root@arm:~# MARKER='KXWE''KLBUTP' run 'i2cget -y -f 2 0x30 0x5c'
KXWEKLBUTP0x00
KXWEKLBUTP 0
root@arm:~# echo 'OQSH''VGGMPE'
OQSHVGGMPE
root@arm:~# MARKER='WFNQ''XXTSCJ' run 'echo 2490000 2490000 > /sys/kernel/mva_tesst/regulators/buck5_set'
WFNQXXTSCJsh: 1: cannot create /sys/kernel/mva_test/regulators/buck5_set: Permission denied
WFNQXXTSCJ 2
root@arm:~# echo 'JAUB''JXHHYS'
JAUBJXHHYS
root@arm:~# MARKER='BXET''YLAACP' run 'i2cget -y -f 2 0x30 0x5c'
BXETYLAACP0x00
BXETYLAACP 0
root@arm:~# echo 'YZXM''EYWEBF'
YZXMEYWEBF
root@arm:~# MARKER='NUXT''FGKPLV' run 'echo 2780000 2780000 > /sys/kernel/mva_tesst/regulators/buck5_set'
NUXTFGKPLVsh: 1: cannot create /sys/kernel/mva_test/regulators/buck5_set: Permission denied
NUXTFGKPLV 2
root@arm:~# echo 'TTQF''KPSJUP'
TTQFKPSJUP
root@arm:~# MARKER='QPXQ''QHTEXT' run 'i2cget -y -f 2 0x30 0x5c'
QPXQQHTEXT0x00
QPXQQHTEXT 0
root@arm:~# echo 'YWUE''YPSTPK'
YWUEYPSTPK
root@arm:~# MARKER='AMEF''ZYOATJ' run 'echo 2790000 2790000 > /sys/kernel/mva_tesst/regulators/buck5_set'
AMEFZYOATJsh: 1: cannot create /sys/kernel/mva_test/regulators/buck5_set: Permission denied
AMEFZYOATJ 2
root@arm:~# echo 'KCAF''XBFLKZ'
KCAFXBFLKZ
root@arm:~# MARKER='ZMHS''TTLHHQ' run 'i2cget -y -f 2 0x30 0x5c'
ZMHSTTLHHQ0x00
ZMHSTTLHHQ 0
root@arm:~# echo 'XEAL''YVESCK'
XEALYVESCK
root@arm:~# MARKER='XMOV''YOZMYJ' run 'grep -r -l rohm,bd9576 /proc/device-tree || sed '"'"'s![^/]*$!!'"'"''
XMOVYOZMYJ/proc/device-tree/ocp/interconnect@48000000/segment@100000/target-module@9c000/i2c@0/pmic@30/
XMOVYOZMYJ 0
root@arm:~# echo 'MGGY''NQCVLY'
MGGYNQCVLY
root@arm:~# MARKER='XCPB''YQUSMN' run 'test -f /proc/device-tree/ocp/interconnectt\@48000000/segment\@100000/target-module\@9c000/i2c\@0/pmic\@30/regulators/regullator-vouts1/rohm,no-regulator-enable-control ;echo $?'
XCPBYQUSMN1
XCPBYQUSMN 0
root@arm:~# echo 'COJJ''PABQHL'
COJJPABQHL
root@arm:~# MARKER='OBOH''UXFFLK' run 'i2cget -y -f 2 0x30 0x46'
OBOHUXFFLK0x52
OBOHUXFFLK 0
root@arm:~# Labgrid Console Logfile for main
Logfile started at 2024-10-28 01:33:10.360680
=== Log starts here ===

root@arm:~# run() { echo -n "$MARKER"; sh -c "$@"; echo "$MARKER $?"; }
root@arm:~# echo 'HLWA''PBKOKG'
HLWAPBKOKG
root@arm:~# MARKER='JXVF''FHPBGS' run 'grep -r -l rohm,bd9576 /proc/device-tree || sed '"'"'s![^/]*$!!'"'"''
JXVFFHPBGS/proc/device-tree/ocp/interconnect@48000000/segment@100000/target-module@9c000/i2c@0/pmic@30/
JXVFFHPBGS 0
root@arm:~# echo 'OGBU''UASKEP'
OGBUUASKEP
root@arm:~# MARKER='SNTO''ANNKQV' run 'xxd -p /proc/device-tree/ocp/interconnect\\@48000000/segment\@100000/target-module\@9c000/i2c\@0/pmic\@30/regulators/regulaator-vd50/regulator-ov-error-microvolt'
SNTOANNKQV00057e40
SNTOANNKQV 0
root@arm:~# echo 'GAQS''QZZJHX'
GAQSQZZJHX
root@arm:~# MARKER='YSGL''JKKWBW' run 'i2cget -y -f 2 0x30 0x51'
YSGLJKKWBW0x47
YSGLJKKWBW 0
root@arm:~# echo 'WTQY''FQVAMG'
WTQYFQVAMG
root@arm:~# MARKER='YUKS''JFNEZZ' run 'grep -r -l rohm,bd9576 /proc/device-tree || sed '"'"'s![^/]*$!!'"'"''
YUKSJFNEZZ/proc/device-tree/ocp/interconnect@48000000/segment@100000/target-module@9c000/i2c@0/pmic@30/
YUKSJFNEZZ 0
root@arm:~# echo 'PVCX''AJQAKO'
PVCXAJQAKO
root@arm:~# MARKER='UUHQ''JTBCBG' run 'xxd -p /proc/device-tree/ocp/interconnect\\@48000000/segment\@100000/target-module\@9c000/i2c\@0/pmic\@30/regulators/regulaator-vd50/regulator-uv-error-microvolt'
UUHQJTBCBG00057e40
UUHQJTBCBG 0
root@arm:~# echo 'TAXO''VYCUUV'
TAXOVYCUUV
root@arm:~# MARKER='VZFC''AJBTLO' run 'i2cget -y -f 2 0x30 0x52'
VZFCAJBTLO0x47
VZFCAJBTLO 0
root@arm:~# echo 'UNJC''YYUAXN'
UNJCYYUAXN
root@arm:~# MARKER='FTTY''FWLEVP' run 'grep -r -l rohm,bd9576 /proc/device-tree || sed '"'"'s![^/]*$!!'"'"''
FTTYFWLEVP/proc/device-tree/ocp/interconnect@48000000/segment@100000/target-module@9c000/i2c@0/pmic@30/
FTTYFWLEVP 0
root@arm:~# echo 'KZXF''FGJLMS'
KZXFFGJLMS
root@arm:~# MARKER='WTTL''BWGVYK' run 'xxd -p /proc/device-tree/ocp/interconnect\\@48000000/segment\@100000/target-module\@9c000/i2c\@0/pmic\@30/regulators/regulaator-vd18/regulator-ov-error-microvolt'
WTTLBWGVYK00004650
WTTLBWGVYK 0
root@arm:~# echo 'UMUQ''TOZQOC'
UMUQTOZQOC
root@arm:~# MARKER='FMJV''UJNVQX' run 'i2cget -y -f 2 0x30 0x54'
FMJVUJNVQX0x11
FMJVUJNVQX 0
root@arm:~# echo 'ZCTH''VFJFHX'
ZCTHVFJFHX
root@arm:~# MARKER='EXOO''ZWJLLC' run 'grep -r -l rohm,bd9576 /proc/device-tree || sed '"'"'s![^/]*$!!'"'"''
EXOOZWJLLC/proc/device-tree/ocp/interconnect@48000000/segment@100000/target-module@9c000/i2c@0/pmic@30/
EXOOZWJLLC 0
root@arm:~# echo 'OXCC''XPHUTL'
OXCCXPHUTL
root@arm:~# MARKER='BFTO''PQXEUF' run 'xxd -p /proc/device-tree/ocp/interconnect\\@48000000/segment\@100000/target-module\@9c000/i2c\@0/pmic\@30/regulators/regulaator-vd18/regulator-uv-error-microvolt'
BFTOPQXEUF0001a9c8
BFTOPQXEUF 0
root@arm:~# echo 'BUWL''NAMLWG'
BUWLNAMLWG
root@arm:~# MARKER='WFSA''LSMNPQ' run 'i2cget -y -f 2 0x30 0x55'
WFSALSMNPQ0x6c
WFSALSMNPQ 0
root@arm:~# echo 'OWBL''PTPBXU'
OWBLPTPBXU
root@arm:~# MARKER='QKAL''FANSPG' run 'grep -r -l rohm,bd9576 /proc/device-tree || sed '"'"'s![^/]*$!!'"'"''
QKALFANSPG/proc/device-tree/ocp/interconnect@48000000/segment@100000/target-module@9c000/i2c@0/pmic@30/
QKALFANSPG 0
root@arm:~# echo 'SFLP''UYQNPG'
SFLPUYQNPG
root@arm:~# MARKER='ABKM''UBBKKF' run 'xxd -p /proc/device-tree/ocp/interconnect \@48000000/segment\@100000/target-module\@9c000/i2c\@0/pmic\@30/regulators/regulaator-vdddr/regulator-ov-warn-microvolt'
ABKMUBBKKF0001adb0
ABKMUBBKKF 0
root@arm:~# echo 'XNWV''UNBZKU'
XNWVUNBZKU
root@arm:~# MARKER='VBZK''YGSMVQ' run 'i2cget -y -f 2 0x30 0x57'
VBZKYGSMVQ0x6d
VBZKYGSMVQ 0
root@arm:~# echo 'BUUY''HYFUCB'
BUUYHYFUCB
root@arm:~# MARKER='NHGP''TLGYPH' run 'grep -r -l rohm,bd9576 /proc/device-tree || sed '"'"'s![^/]*$!!'"'"''
NHGPTLGYPH/proc/device-tree/ocp/interconnect@48000000/segment@100000/target-module@9c000/i2c@0/pmic@30/
NHGPTLGYPH 0
root@arm:~# echo 'VXFY''BQOLFT'
VXFYBQOLFT
root@arm:~# MARKER='LZMJ''VOJZMN' run 'xxd -p /proc/device-tree/ocp/interconnect\\@48000000/segment\@100000/target-module\@9c000/i2c\@0/pmic\@30/regulators/regulaator-vdddr/regulator-uv-warn-microvolt'
LZMJVOJZMN0001adb0
LZMJVOJZMN 0
root@arm:~# echo 'ZONW''GQUGBT'
ZONWGQUGBT
root@arm:~# MARKER='HWTV''UHGPAL' run 'i2cget -y -f 2 0x30 0x58'
HWTVUHGPAL0x6d
HWTVUHGPAL 0
root@arm:~# echo 'FULM''QASNYY'
FULMQASNYY
root@arm:~# MARKER='MLCT''WSYTQV' run 'grep -r -l rohm,bd9576 /proc/device-tree || sed '"'"'s![^/]*$!!'"'"''
MLCTWSYTQV/proc/device-tree/ocp/interconnect@48000000/segment@100000/target-module@9c000/i2c@0/pmic@30/
MLCTWSYTQV 0
root@arm:~# echo 'MLQG''YOOSYK'
MLQGYOOSYK
root@arm:~# MARKER='CWJJ''UCUXSJ' run 'xxd -p /proc/device-tree/ocp/interconnect\\@48000000/segment\@100000/target-module\@9c000/i2c\@0/pmic\@30/regulators/regul ator-vd10/regulator-ov-error-microvolt'
CWJJUCUXSJ00006590
CWJJUCUXSJ 0
root@arm:~# echo 'XLAE''CWKYBJ'
XLAECWKYBJ
root@arm:~# MARKER='OKOT''OVCYQU' run 'i2cget -y -f 2 0x30 0x5a'
OKOTOVCYQU0x19
OKOTOVCYQU 0
root@arm:~# echo 'QWEC''BVEOKA'
QWECBVEOKA
root@arm:~# MARKER='FLEW''TKVMNG' run 'grep -r -l rohm,bd9576 /proc/device-tree || sed '"'"'s![^/]*$!!'"'"''
FLEWTKVMNG/proc/device-tree/ocp/interconnect@48000000/segment@100000/target-module@9c000/i2c@0/pmic@30/
FLEWTKVMNG 0
root@arm:~# echo 'YBUY''BTLGCA'
YBUYBTLGCA
root@arm:~# MARKER='SCFF''CKAAGY' run 'xxd -p /proc/device-tree/ocp/interconnect\\@48000000/segment\@100000/target-module\@9c000/i2c\@0/pmic\@30/regulators/regulaator-vd10/regulator-uv-error-microvolt'
SCFFCKAAGY00006590
SCFFCKAAGY 0
root@arm:~# echo 'OVNV''FMBMAM'
OVNVFMBMAM
root@arm:~# MARKER='MHLU''FPPOEM' run 'i2cget -y -f 2 0x30 0x5b'
MHLUFPPOEM0x19
MHLUFPPOEM 0
root@arm:~# echo 'WSYU''EJMHXA'
WSYUEJMHXA
root@arm:~# MARKER='HCHK''WNVAGV' run 'grep -r -l rohm,bd9576 /proc/device-tree || sed '"'"'s![^/]*$!!'"'"''
HCHKWNVAGV/proc/device-tree/ocp/interconnect@48000000/segment@100000/target-module@9c000/i2c@0/pmic@30/
HCHKWNVAGV 0
root@arm:~# echo 'KSCX''AJJWJN'
KSCXAJJWJN
root@arm:~# MARKER='HUEJ''MOKNKB' run 'xxd -p /proc/device-tree/ocp/interconnect\\@48000000/segment\@100000/target-module\@9c000/i2c\@0/pmic\@30/regulators/regulaator-voutl1/regulator-ov-error-microvolt'
HUEJMOKNKB000084d0
HUEJMOKNKB 0
root@arm:~# echo 'HNSM''BUEPNM'
HNSMBUEPNM
root@arm:~# MARKER='QLHY''ULWOOZ' run 'i2cget -y -f 2 0x30 0x5d'
QLHYULWOOZ0x01
QLHYULWOOZ 0
root@arm:~# echo 'YAAW''JBBQJZ'
YAAWJBBQJZ
root@arm:~# MARKER='GFXK''WPZPMM' run 'grep -r -l rohm,bd9576 /proc/device-tree || sed '"'"'s![^/]*$!!'"'"''
GFXKWPZPMM/proc/device-tree/ocp/interconnect@48000000/segment@100000/target-module@9c000/i2c@0/pmic@30/
GFXKWPZPMM 0
root@arm:~# echo 'CVLH''KZJSSW'
CVLHKZJSSW
root@arm:~# MARKER='JUCS''NXGFNC' run 'xxd -p /proc/device-tree/ocp/interconnect\\@48000000/segment\@100000/target-module\@9c000/i2c\@0/pmic\@30/regulators/regulaator-voutl1/regulator-uv-error-microvolt'
JUCSNXGFNC000084d0
JUCSNXGFNC 0
root@arm:~# echo 'NLOM''JCLWPU'
NLOMJCLWPU
root@arm:~# MARKER='KOVZ''CALUSZ' run 'i2cget -y -f 2 0x30 0x5e'
KOVZCALUSZ0x01
KOVZCALUSZ 0
root@arm:~# echo 'BGZO''FABGZH'
BGZOFABGZH
root@arm:~# MARKER='UUUH''GABKFG' run 'grep -r -l rohm,bd9576 /proc/device-tree || sed '"'"'s![^/]*$!!'"'"''
UUUHGABKFG/proc/device-tree/ocp/interconnect@48000000/segment@100000/target-module@9c000/i2c@0/pmic@30/
UUUHGABKFG 0
root@arm:~# echo 'ENEU''UXGJSX'
ENEUUXGJSX
root@arm:~# MARKER='YPWB''ZTJPBB' run 'xxd -p /proc/device-tree/ocp/interconnect\\@48000000/segment\@100000/target-module\@9c000/i2c\@0/pmic\@30/regulators/regulaator-vouts1/regulator-oc-warn-microamp'
YPWBZTJPBB00055730
YPWBZTJPBB 0
root@arm:~# echo 'SBXO''JYQWSF'
SBXOJYQWSF
root@arm:~# MARKER='QGVO''UZFLGP' run 'i2cget -y -f 2 0x30 0x5f'
QGVOUZFLGP0x07
QGVOUZFLGP 0
root@arm:~# echo 'XPPH''OXNJGE'
XPPHOXNJGE
root@arm:~# MARKER='TEKN''QAQSFS' run 'grep -r -l rohm,bd9576 /proc/device-tree || sed '"'"'s![^/]*$!!'"'"''
TEKNQAQSFS/proc/device-tree/ocp/interconnect@48000000/segment@100000/target-module@9c000/i2c@0/pmic@30/
TEKNQAQSFS 0
root@arm:~# echo 'HBJQ''UQBOLT'
HBJQUQBOLT
root@arm:~# MARKER='WFPA''BWSCEG' run 'xxd -p /proc/device-tree/ocp/interconnect\\@48000000/segment\@100000/target-module\@9c000/i2c\@0/pmic\@30/regulators/regulaator-vouts1/regulator-oc-protection-microamp'
WFPABWSCEG00149970
WFPABWSCEG 0
root@arm:~# echo 'BJAH''QLOEXY'
BJAHQLOEXY
root@arm:~# MARKER='QOYG''WPGLGG' run 'i2cget -y -f 2 0x30 0x60'
QOYGWPGLGG0x1b
QOYGWPGLGG 0
root@arm:~# Labgrid Console Logfile for main
Logfile started at 2024-10-28 01:33:30.889539
=== Log starts here ===
reading args
spl_load_image_fat_os: error reading image args, err - -1
reading u-boot.img
reading u-boot.img


U-Boot 2014.04-00014-g47880f5 (Apr 22 2014 - 13:23:54)

I2C:   ready
DRAM:  512 MiB
NAND:  0 MiB
MMC:   OMAP SD/MMC: 0, OMAP SD/MMC: 1
*** Warning - readenv() failed, using default environment

Net:   <ethaddr> not set. Validating first E-fuse MAC
cpsw, usb_ether
Hit any key to stop autoboot:  1  0 
gpio: pin 53 (gpio 53) value is 1
mmc0 is current device
gpio: pin 54 (gpio 54) value is 1
SD/MMC found on device 0
reading uEnv.txt
569 bytes read in 3 ms (184.6 KiB/s)
gpio: pin 55 (gpio 55) value is 1
Loaded environment from uEnv.txt
Importing environment from mmc ...
Checking if uenvcmd is set ...
gpio: pin 56 (gpio 56) value is 1
Running uenvcmd ...
cpsw Waiting for PHY auto negotiation to complete. done
link up on port 0, speed 100, full duplex
Using cpsw device
TFTP from server 192.168.255.126; our IP address is 192.168.255.1
Filename 'zImage'.
Load address: 0x81000000
Loading: *#################################################################
	 #################################################################
	 #################################################################
	 #################################################################
	 #################################################################
	 #################################################
	 2.4 MiB/s
done
Bytes transferred = 5489560 (53c398 hex)
link up on port 0, speed 100, full duplex
Using cpsw device
TFTP from server 192.168.255.126; our IP address is 192.168.255.1
Filename 'am335x-boneblack.dtb'.
Load address: 0x82000000
Loading: *#######
	 2.2 MiB/s
done
Bytes transferred = 98336 (18020 hex)
Kernel image @ 0x81000000 [ 0x000000 - 0x53c398 ]
## Flattened Device Tree blob at 82000000
   Booting using the fdt blob at 0x82000000
   Using Device Tree in place at 82000000, end 8201b01f

Starting kernel ...

[    0.000000] Booting Linux on physical CPU 0x0
[    0.000000] Linux version 6.12.0-rc5 (user01@drvtest01) (arm-linux-gnueabihf-gcc (Linaro GCC 6.4-2017.11) 6.4.1 20171012, GNU ld (Linaro_Binutils-2017.11) 2.27.0.20161229) #75 SMP Mon Oct 28 01:28:46 EET 2024
[    0.000000] CPU: ARMv7 Processor [413fc082] revision 2 (ARMv7), cr=10c5387d
[    0.000000] CPU: PIPT / VIPT nonaliasing data cache, VIPT aliasing instruction cache
[    0.000000] OF: fdt: Machine model: TI AM335x BeagleBone Black
[    0.000000] Memory policy: Data cache writeback
[    0.000000] cma: Reserved 16 MiB at 0x9e800000 on node -1
[    0.000000] Zone ranges:
[    0.000000]   Normal   [mem 0x0000000080000000-0x000000009fdfffff]
[    0.000000]   HighMem  empty
[    0.000000] Movable zone start for each node
[    0.000000] Early memory node ranges
[    0.000000]   node   0: [mem 0x0000000080000000-0x000000009fdfffff]
[    0.000000] Initmem setup node 0 [mem 0x0000000080000000-0x000000009fdfffff]
[    0.000000] CPU: All CPU(s) started in SVC mode.
[    0.000000] AM335X ES2.1 (sgx neon)
[    0.000000] percpu: Embedded 17 pages/cpu s40204 r8192 d21236 u69632
[    0.000000] Kernel command line: console=ttyO0,115200n8 root=/dev/nfs rw nfsroot=192.168.255.126:/home/user01/nfs,nfsvers=3 ip=192.168.255.1:192.168.255.126::255.255.255.0:bbb1:eth0 nfsrootdebug
[    0.000000] Unknown kernel command line parameters "nfsrootdebug", will be passed to user space.
[    0.000000] Dentry cache hash table entries: 65536 (order: 6, 262144 bytes, linear)
[    0.000000] Inode-cache hash table entries: 32768 (order: 5, 131072 bytes, linear)
[    0.000000] Built 1 zonelists, mobility grouping on.  Total pages: 130560
[    0.000000] mem auto-init: stack:off, heap alloc:off, heap free:off
[    0.000000] SLUB: HWalign=64, Order=0-3, MinObjects=0, CPUs=1, Nodes=1
[    0.000000] trace event string verifier disabled
[    0.000000] rcu: Hierarchical RCU implementation.
[    0.000000] rcu: 	RCU event tracing is enabled.
[    0.000000] rcu: 	RCU restricting CPUs from NR_CPUS=2 to nr_cpu_ids=1.
[    0.000000] rcu: RCU calculated value of scheduler-enlistment delay is 10 jiffies.
[    0.000000] rcu: Adjusting geometry for rcu_fanout_leaf=16, nr_cpu_ids=1
[    0.000000] NR_IRQS: 16, nr_irqs: 16, preallocated irqs: 16
[    0.000000] IRQ: Found an INTC at 0x(ptrval) (revision 5.0) with 128 interrupts
[    0.000000] rcu: srcu_init: Setting srcu_struct sizes based on contention.
[    0.000000] TI gptimer clocksource: always-on /ocp/interconnect@44c00000/segment@200000/target-module@31000
[    0.000003] sched_clock: 32 bits at 24MHz, resolution 41ns, wraps every 89478484971ns
[    0.000028] clocksource: dmtimer: mask: 0xffffffff max_cycles: 0xffffffff, max_idle_ns: 79635851949 ns
[    0.000504] TI gptimer clockevent: 24000000 Hz at /ocp/interconnect@48000000/segment@0/target-module@40000
[    0.002159] Console: colour dummy device 80x30
[    0.002228] WARNING: Your 'console=ttyO0' has been replaced by 'ttyS0'
[    0.002237] This ensures that you still see kernel messages. Please
[    0.002242] update your kernel commandline.
[    0.002285] Calibrating delay loop... 996.14 BogoMIPS (lpj=4980736)
[    0.090553] CPU: Testing write buffer coherency: ok
[    0.090672] CPU0: Spectre v2: using BPIALL workaround
[    0.090683] pid_max: default: 32768 minimum: 301
[    0.090809] LSM: initializing lsm=capability
[    0.090978] Mount-cache hash table entries: 1024 (order: 0, 4096 bytes, linear)
[    0.090999] Mountpoint-cache hash table entries: 1024 (order: 0, 4096 bytes, linear)
[    0.092635] CPU0: thread -1, cpu 0, socket -1, mpidr 0
[    0.150727] Setting up static identity map for 0x80100000 - 0x80100078
[    0.160712] rcu: Hierarchical SRCU implementation.
[    0.160724] rcu: 	Max phase no-delay instances is 1000.
[    0.180759] smp: Bringing up secondary CPUs ...
[    0.180815] smp: Brought up 1 node, 1 CPU
[    0.180830] SMP: Total of 1 processors activated (996.14 BogoMIPS).
[    0.180843] CPU: All CPU(s) started in SVC mode.
[    0.181033] Memory: 480864K/522240K available (11264K kernel code, 1211K rwdata, 2876K rodata, 1024K init, 299K bss, 23364K reserved, 16384K cma-reserved, 0K highmem)
[    0.181897] devtmpfs: initialized
[    0.199102] VFP support v0.3: implementor 41 architecture 3 part 30 variant c rev 3
[    0.199450] clocksource: jiffies: mask: 0xffffffff max_cycles: 0xffffffff, max_idle_ns: 19112604462750000 ns
[    0.199481] futex hash table entries: 256 (order: 2, 16384 bytes, linear)
[    0.201027] pinctrl core: initialized pinctrl subsystem
[    0.203842] NET: Registered PF_NETLINK/PF_ROUTE protocol family
[    0.206638] DMA: preallocated 256 KiB pool for atomic coherent allocations
[    0.207523] audit: initializing netlink subsys (disabled)
[    0.208925] thermal_sys: Registered thermal governor 'fair_share'
[    0.208939] thermal_sys: Registered thermal governor 'step_wise'
[    0.208949] thermal_sys: Registered thermal governor 'user_space'
[    0.209099] audit: type=2000 audit(0.200:1): state=initialized audit_enabled=0 res=1
[    0.209136] cpuidle: using governor menu
[    0.228162] No ATAGs?
[    0.228188] hw-breakpoint: debug architecture 0x4 unsupported.
[    0.231037] kprobes: kprobe jump-optimization is enabled. All kprobes are optimized if possible.
[    0.244048] iommu: Default domain type: Translated
[    0.244071] iommu: DMA domain TLB invalidation policy: strict mode
[    0.251643] SCSI subsystem initialized
[    0.252502] pps_core: LinuxPPS API ver. 1 registered
[    0.252512] pps_core: Software ver. 5.3.6 - Copyright 2005-2007 Rodolfo Giometti <giometti@linux.it>
[    0.252536] PTP clock support registered
[    0.260914] vgaarb: loaded
[    0.261326] clocksource: Switched to clocksource dmtimer
[    0.261993] VFS: Disk quotas dquot_6.6.0
[    0.262040] VFS: Dquot-cache hash table entries: 1024 (order 0, 4096 bytes)
[    0.286789] NET: Registered PF_INET protocol family
[    0.287147] IP idents hash table entries: 8192 (order: 4, 65536 bytes, linear)
[    0.288554] tcp_listen_portaddr_hash hash table entries: 512 (order: 0, 4096 bytes, linear)
[    0.288593] Table-perturb hash table entries: 65536 (order: 6, 262144 bytes, linear)
[    0.288610] TCP established hash table entries: 4096 (order: 2, 16384 bytes, linear)
[    0.288655] TCP bind hash table entries: 4096 (order: 4, 65536 bytes, linear)
[    0.288757] TCP: Hash tables configured (established 4096 bind 4096)
[    0.288877] UDP hash table entries: 256 (order: 1, 8192 bytes, linear)
[    0.288904] UDP-Lite hash table entries: 256 (order: 1, 8192 bytes, linear)
[    0.289093] NET: Registered PF_UNIX/PF_LOCAL protocol family
[    0.290411] RPC: Registered named UNIX socket transport module.
[    0.290432] RPC: Registered udp transport module.
[    0.290437] RPC: Registered tcp transport module.
[    0.290443] RPC: Registered tcp-with-tls transport module.
[    0.290449] RPC: Registered tcp NFSv4.1 backchannel transport module.
[    0.290474] PCI: CLS 0 bytes, default 64
[    0.292103] Initialise system trusted keyrings
[    0.302504] workingset: timestamp_bits=14 max_order=17 bucket_order=3
[    0.303841] NFS: Registering the id_resolver key type
[    0.303943] Key type id_resolver registered
[    0.303951] Key type id_legacy registered
[    0.303999] jffs2: version 2.2. (NAND) (SUMMARY)  Â© 2001-2006 Red Hat, Inc.
[    0.304414] Key type asymmetric registered
[    0.304429] Asymmetric key parser 'x509' registered
[    0.304496] io scheduler mq-deadline registered
[    0.304508] io scheduler kyber registered
[    0.304580] io scheduler bfq registered
[    0.306227] ledtrig-cpu: registered to indicate activity on CPUs
[    0.312194] Serial: 8250/16550 driver, 6 ports, IRQ sharing enabled
[    0.354908] brd: module loaded
[    0.381226] loop: module loaded
[    0.382259] mtdoops: mtd device (mtddev=name/number) must be supplied
[    0.385384] i2c_dev: i2c /dev entries driver
[    0.386383] cpuidle: enable-method property 'ti,am3352' found operations
[    0.386822] sdhci: Secure Digital Host Controller Interface driver
[    0.386831] sdhci: Copyright(c) Pierre Ossman
[    0.387005] sdhci-pltfm: SDHCI platform and OF driver helper
[    0.388032] Initializing XFRM netlink socket
[    0.388161] NET: Registered PF_INET6 protocol family
[    0.398245] Segment Routing with IPv6
[    0.398338] In-situ OAM (IOAM) with IPv6
[    0.398435] sit: IPv6, IPv4 and MPLS over IPv4 tunneling driver
[    0.399376] NET: Registered PF_PACKET protocol family
[    0.399410] NET: Registered PF_KEY protocol family
[    0.399530] Key type dns_resolver registered
[    0.399807] ThumbEE CPU extension supported.
[    0.399826] Registering SWP/SWPB emulation handler
[    0.400356] omap_voltage_late_init: Voltage driver support not added
[    0.400731] SmartReflex Class3 initialized
[    0.443889] Loading compiled-in X.509 certificates
[    0.499307] platform 44e10800.pinmux: Fixed dependency cycle(s) with /ocp/interconnect@44c00000/segment@200000/target-module@10000/scm@0/pinmux@800/clkout2-pins
[    0.499862] pinctrl-single 44e10800.pinmux: 142 pins, size 568
[    0.505323] ti-sysc 44e31000.target-module: probe with driver ti-sysc failed with error -16
[    0.528138] ti-sysc 48040000.target-module: probe with driver ti-sysc failed with error -16
[    0.577938] OMAP GPIO hardware version 0.1
[    0.606671] omap_i2c 4819c000.i2c: bus 2 rev0.11 at 100 kHz
[    0.635766] 48000000.interconnect:segment@200000:target-module@0:mpu@0:fck: device ID is greater than 24
[    0.639945] platform 4830e000.lcdc: Fixed dependency cycle(s) with /ocp/interconnect@44c00000/segment@200000/target-module@b000/i2c@0/tda19988@70
[    0.651145] sdhci-omap 481d8000.mmc: supply pbias not found, using dummy regulator
[    0.651819] sdhci-omap 481d8000.mmc: supply vqmmc not found, using dummy regulator
[    0.706530] davinci_mdio 4a101000.mdio: davinci mdio revision 1.6, bus freq 1000000
[    0.826830] davinci_mdio 4a101000.mdio: phy[0]: device 4a101000.mdio:00, driver SMSC LAN8710/LAN8720
[    0.827611] cpsw-switch 4a100000.switch: initialized cpsw ale version 1.4
[    0.827632] cpsw-switch 4a100000.switch: ALE Table size 1024, Policers 0
[    0.827962] cpsw-switch 4a100000.switch: cpts: overflow check period 500 (jiffies)
[    0.827983] cpsw-switch 4a100000.switch: CPTS: ref_clk_freq:250000000 calc_mult:2147483648 calc_shift:29 error:0 nsec/sec
[    0.828094] cpsw-switch 4a100000.switch: Detected MACID = 6c:ec:eb:68:de:78
[    0.829906] cpsw-switch 4a100000.switch: initialized (regs 0x4a100000, pool size 256) hw_ver:0019010C 1.12 (0)
[    0.840990] debugfs: Directory '49000000.dma' with parent 'dmaengine' already present!
[    0.841032] edma 49000000.dma: TI EDMA DMA engine driver
[    0.872873] target-module@4b000000:target-module@140000:pmu@0:fck: device ID is greater than 24
[    0.892165] hw perfevents: enabled with armv7_cortex_a8 PMU driver, 5 (8000000f) counters available
[    0.899812] l3-aon-clkctrl:0000:0: failed to disable
[    0.902950] 44e09000.serial: ttyS0 at MMIO 0x44e09000 (irq = 34, base_baud = 3000000) is a 8250
[    0.903038] printk: legacy console [ttyS0] enabled
[    2.262340] tps65217-pmic: Failed to locate of_node [id: -1]
[    2.268418] tps65217-bl: Failed to locate of_node [id: -1]
[    2.279849] tps65217 0-0024: TPS65217 ID 0xe version 1.2
[    2.285995] platform 4830e000.lcdc: Fixed dependency cycle(s) with /ocp/interconnect@44c00000/segment@200000/target-module@b000/i2c@0/tda19988@70
[    2.299408] i2c 0-0070: Fixed dependency cycle(s) with /ocp/interconnect@48000000/segment@300000/target-module@e000/lcdc@0
[    2.310812] omap_i2c 44e0b000.i2c: bus 0 rev0.11 at 400 kHz
[    2.318678] omap_gpio 44e07000.gpio: Could not set line 6 debounce to 200000 microseconds (-22)
[    2.327559] sdhci-omap 48060000.mmc: Got CD GPIO
[    2.332624] sdhci-omap 48060000.mmc: supply pbias not found, using dummy regulator
[    2.343000] sdhci-omap 48060000.mmc: supply vqmmc not found, using dummy regulator
[    2.352010] sdhci-omap 481d8000.mmc: supply pbias not found, using dummy regulator
[    2.359986] sdhci-omap 481d8000.mmc: supply vqmmc not found, using dummy regulator
[    2.398551] mmc1: SDHCI controller on 481d8000.mmc [481d8000.mmc] using External DMA
[    2.407768] mmc0: SDHCI controller on 48060000.mmc [48060000.mmc] using External DMA
[    2.416583] cpsw-switch 4a100000.switch: starting ndev. mode: dual_mac
[    2.460631] mmc0: new high speed SDHC card at address 5048
[    2.467750] mmcblk0: mmc0:5048 SD16G 14.4 GiB
[    2.475843]  mmcblk0: p1 p2
[    2.479205] mmcblk0: p2 size 31221760 extends beyond EOD, truncated
[    2.492609] SMSC LAN8710/LAN8720 4a101000.mdio:00: attached PHY driver (mii_bus:phy_addr=4a101000.mdio:00, irq=POLL)
[    2.505216] mmc1: new high speed MMC card at address 0001
[    2.512248] mmcblk1: mmc1:0001 MMC04G 3.60 GiB
[    2.523769]  mmcblk1: p1 p2
[    2.528042] mmcblk1boot0: mmc1:0001 MMC04G 2.00 MiB
[    2.535315] mmcblk1boot1: mmc1:0001 MMC04G 2.00 MiB
[    2.542671] mmcblk1rpmb: mmc1:0001 MMC04G 128 KiB, chardev (250:0)
[    5.682119] cpsw-switch 4a100000.switch eth0: Link is Up - 100Mbps/Full - flow control off
[    5.721562] IP-Config: Complete:
[    5.724843]      device=eth0, hwaddr=6c:ec:eb:68:de:78, ipaddr=192.168.255.1, mask=255.255.255.0, gw=255.255.255.255
[    5.735519]      host=bbb1, domain=, nis-domain=(none)
[    5.740688]      bootserver=192.168.255.126, rootserver=192.168.255.126, rootpath=
[    5.741119] clk: Disabling unused clocks
[    5.752961] PM: genpd: Disabling unused power domains
[    5.758082] KTAP version 1
[    5.760803] 1..0
[    5.785289] VFS: Mounted root (nfs filesystem) on device 0:17.
[    5.792408] devtmpfs: mounted
[    5.797076] Freeing unused kernel image (initmem) memory: 1024K
[    5.804008] Run /sbin/init as init process
[    6.502497] systemd[1]: System time before build time, advancing clock.
[    7.971346] random: crng init done
[    8.012147] systemd[1]: systemd 232 running in system mode. (+PAM +AUDIT +SELINUX +IMA +APPARMOR +SMACK +SYSVINIT +UTMP +LIBCRYPTSETUP +GCRYPT +GNUTLS +ACL +XZ +LZ4 +SECCOMP +BLKID +ELFUTILS +KMOD +IDN)
[    8.031128] systemd[1]: Detected architecture arm.

Welcome to [1mDebian GNU/Linux 9 (stretch)[0m!

[    8.064487] systemd[1]: Set hostname to <arm>.
[    9.164970] systemd[1]: Reached target Remote File Systems.
[[0;32m  OK  [0m] Reached target Remote File Systems.
[    9.193368] systemd[1]: Listening on Journal Socket (/dev/log).
[[0;32m  OK  [0m] Listening on Journal Socket (/dev/log).
[    9.221746] systemd[1]: Reached target Swap.
[[0;32m  OK  [0m] Reached target Swap.
[    9.242338] systemd[1]: Listening on Journal Socket.
[[0;32m  OK  [0m] Listening on Journal Socket.
[    9.272021] systemd[1]: Listening on Syslog Socket.
[[0;32m  OK  [0m] Listening on Syslog Socket.
[    9.302902] systemd[1]: Created slice User and Session Slice.
[[0;32m  OK  [0m] Created slice User and Session Slice.
[    9.333204] systemd[1]: Set up automount Arbitrary Executable File Formats File System Automount Point.
[[0;32m  OK  [0m] Set up automount Arbitrary Executabâ€¦rmats File System Automount Point.
[[0;32m  OK  [0m] Listening on /dev/initctl Compatibility Named Pipe.
[[0;32m  OK  [0m] Listening on udev Control Socket.
[[0;32m  OK  [0m] Created slice System Slice.
[[0;32m  OK  [0m] Created slice system-getty.slice.
         Starting Remount Root and Kernel File Systems...
         Mounting Debug File System...
         Starting Create list of required stâ€¦ce nodes for the current kernel...
[[0;32m  OK  [0m] Reached target Slices.
[[0;32m  OK  [0m] Listening on Journal Audit Socket.
         Starting Journal Service...
[[0;32m  OK  [0m] Started Dispatch Password Requests to Console Directory Watch.
[[0;32m  OK  [0m] Started Forward Password Requests to Wall Directory Watch.
[[0;32m  OK  [0m] Reached target Encrypted Volumes.
[[0;32m  OK  [0m] Reached target Paths.
         Starting Load Kernel Modules...
[[0;32m  OK  [0m] Created slice system-serial\x2dgetty.slice.
         Mounting POSIX Message Queue File System...
[[0;32m  OK  [0m] Listening on udev Kernel Socket.
[[0;32m  OK  [0m] Mounted Debug File System.
[[0;32m  OK  [0m] Started Remount Root and Kernel File Systems.
[[0;32m  OK  [0m] Started Create list of required staâ€¦vice nodes for the current kernel.
         Starting Create Static Device Nodes in /dev...
         Starting udev Coldplug all Devices...
         Starting Load/Save Random Seed...
[[0;32m  OK  [0m] Mounted POSIX Message Queue File System.
[[0;32m  OK  [0m] Started Load Kernel Modules.
         Starting Apply Kernel Variables...
         Mounting Configuration File System...
[[0;32m  OK  [0m] Mounted Configuration File System.
[[0;32m  OK  [0m] Started Load/Save Random Seed.
[[0;32m  OK  [0m] Started Apply Kernel Variables.
[[0;32m  OK  [0m] Started Create Static Device Nodes in /dev.
         Starting udev Kernel Device Manager...
[[0;32m  OK  [0m] Reached target Local File Systems (Pre).
[[0;32m  OK  [0m] Reached target Local File Systems.
         Starting Raise network interfaces...
[[0;32m  OK  [0m] Started Journal Service.
         Starting Flush Journal to Persistent Storage...
[   11.609327] systemd-journald[81]: Received request to flush runtime journal from PID 1
[[0;32m  OK  [0m] Started Flush Journal to Persistent Storage.
         Starting Create Volatile Files and Directories...
[[0;32m  OK  [0m] Started udev Kernel Device Manager.
[[0;32m  OK  [0m] Started Create Volatile Files and Directories.
         Starting Network Time Synchronization...
         Starting Update UTMP about System Boot/Shutdown...
[[0;32m  OK  [0m] Started Update UTMP about System Boot/Shutdown.
[[0;32m  OK  [0m] Started udev Coldplug all Devices.
[[0;32m  OK  [0m] Started Network Time Synchronization.
[[0;32m  OK  [0m] Reached target System Initialization.
[   14.779477] remoteproc remoteproc0: wkup_m3 is available
[   14.793785] omap_rtc 44e3e000.rtc: registered as rtc0
[   14.798998] omap_rtc 44e3e000.rtc: setting system clock to 2000-01-01T00:00:00 UTC (946684800)
[[0;32m  OK  [0m] Listening on D-Bus System Message Bus Socket.
[[0;32m  OK  [0m] Started Daily Cleanup of Temporary Directories.
[[0;32m  OK  [0m] Listening on Avahi mDNS/DNS-SD Stack Activation Socket.
[[0;32m  OK  [0m] Reached target Sockets.[   15.015962] at24 2-0054: supply vcc not found, using dummy regulator

[[0;32m  OK  [0m] Reached target Basic System.
[   15.101612] omap_wdt: OMAP Watchdog Timer Rev 0x01: initial timeout 60 sec
[   15.177343] at24 2-0055: supply vcc not found, using dummy regulator
[[0;32m  OK  [0m] Started D-Bus System Message Bus.
[   15.314145] at24 2-0056: supply vcc not found, using dummy regulator
[   15.349745] am335x-phy-driver 47401300.usb-phy: dummy supplies not allowed for exclusive requests (id=vbus)
[   15.446976] at24 2-0057: supply vcc not found, using dummy regulator
[   15.540129] am335x-phy-driver 47401b00.usb-phy: dummy supplies not allowed for exclusive requests (id=vbus)
[   15.612876] tps6521x_pwrbutton tps65217-pwrbutton: DMA mask not set
[   15.626513] at24 0-0050: 32768 byte 24c256 EEPROM, writable, 1 bytes/write
[   15.748786] input: tps65217_pwrbutton as /devices/platform/ocp/44c00000.interconnect/44c00000.interconnect:segment@200000/44e0b000.target-module/44e0b000.i2c/i2c-0/0-0024/tps65217-pwrbutton/input/input0
[   16.097363] wkup_m3_ipc 44e11324.wkup_m3_ipc: IPC Request for A8->M3 Channel failed! -517
[   16.413344] usbcore: registered new interface driver usbfs
[   16.418982] usbcore: registered new interface driver hub
[   16.424598] usbcore: registered new device driver usb
[   17.040034] wkup_m3_ipc 44e11324.wkup_m3_ipc: IPC Request for A8->M3 Channel failed! -517
[   17.108933] omap-mailbox 480c8000.mailbox: omap mailbox rev 0x400
[   17.152716] musb-hdrc musb-hdrc.1: MUSB HDRC host driver
[   17.158225] musb-hdrc musb-hdrc.1: new USB bus registered, assigned bus number 1
[   17.207218] tda998x 0-0070: found TDA19988
[   17.253402] remoteproc remoteproc0: powering up wkup_m3
[   17.392515] usb usb1: New USB device found, idVendor=1d6b, idProduct=0002, bcdDevice= 6.12
[   17.400880] usb usb1: New USB device strings: Mfr=3, Product=2, SerialNumber=1
[   17.408213] usb usb1: Product: MUSB HDRC host driver
[   17.413249] usb usb1: Manufacturer: Linux 6.12.0-rc5 musb-hcd
[   17.419028] usb usb1: SerialNumber: musb-hdrc.1
[   17.427934] remoteproc remoteproc0: Direct firmware load for am335x-pm-firmware.elf failed with error -2
[   17.437859] remoteproc remoteproc0: request_firmware failed: -2
[   17.443939] wkup_m3_ipc 44e11324.wkup_m3_ipc: rproc_boot failed
[   17.748513] hub 1-0:1.0: USB hub found
[   17.797171] hub 1-0:1.0: 1 port detected
[   18.926435] omap_rng 48310000.rng: Random Number Generator ver. 20
[   19.047747] tilcdc 4830e000.lcdc: bound 0-0070 (ops tda998x_driver_exit [tda998x])
[   19.159753] [drm] Initialized tilcdc 1.0.0 for 4830e000.lcdc on minor 0
         Starting Connection service...
[   19.254619] tilcdc 4830e000.lcdc: [drm] Cannot find any crtc or sizes
[   19.269306] tilcdc 4830e000.lcdc: [drm] Cannot find any crtc or sizes
[[0;32m  OK  [0m] Started Regular background program processing daemon.
         Starting Cape Manager Service...
         Starting System Logging Service...
