Labgrid Console Logfile for main
Logfile started at 2025-07-17 22:30:23.274518
=== Log starts here ===
reading args
spl_load_image_fat_os: error reading image args, err - -1
reading u-boot.img
reading u-boot.img


U-Boot 2014.04-00014-g47880f5 (Apr 22 2014 - 13:23:54)

I2C:   ready
DRAM:  512 MiB
NAND:  0 MiB
MMC:   OMAP SD/MMC: 0, OMAP SD/MMC: 1
*** Warning - readenv() failed, using default environment

Net:   <ethaddr> not set. Validating first E-fuse MAC
cpsw, usb_ether
Hit any key to stop autoboot:  1  0 
gpio: pin 53 (gpio 53) value is 1
mmc0 is current device
gpio: pin 54 (gpio 54) value is 1
SD/MMC found on device 0
reading uEnv.txt
569 bytes read in 4 ms (138.7 KiB/s)
gpio: pin 55 (gpio 55) value is 1
Loaded environment from uEnv.txt
Importing environment from mmc ...
Checking if uenvcmd is set ...
gpio: pin 56 (gpio 56) value is 1
Running uenvcmd ...
cpsw Waiting for PHY auto negotiation to complete. done
link up on port 0, speed 100, full duplex
Using cpsw device
TFTP from server 192.168.255.126; our IP address is 192.168.255.1
Filename 'zImage'.
Load address: 0x81000000
Loading: *#################################################################
	 #################################################################
	 #################################################################
	 #################################################################
	 #################################################################
	 ########################################
	 2.4 MiB/s
done
Bytes transferred = 5348928 (519e40 hex)
link up on port 0, speed 100, full duplex
Using cpsw device
TFTP from server 192.168.255.126; our IP address is 192.168.255.1
Filename 'am335x-boneblack.dtb'.
Load address: 0x82000000
Loading: *#######
	 2.3 MiB/s
done
Bytes transferred = 97772 (17dec hex)
Kernel image @ 0x81000000 [ 0x000000 - 0x519e40 ]
## Flattened Device Tree blob at 82000000
   Booting using the fdt blob at 0x82000000
   Using Device Tree in place at 82000000, end 8201adeb

Starting kernel ...

[    0.000000] Booting Linux on physical CPU 0x0
[    0.000000] Linux version 6.6.99 (user01@drvtest01) (arm-none-eabi-gcc (Arm GNU Toolchain 14.2.Rel1 (Build arm-14.52)) 14.2.1 20241119, GNU ld (Arm GNU Toolchain 14.2.Rel1 (Build arm-14.52)) 2.43.1.20241119) #1 SMP Thu Jul 17 22:27:16 EEST 2025
[    0.000000] CPU: ARMv7 Processor [413fc082] revision 2 (ARMv7), cr=10c5387d
[    0.000000] CPU: PIPT / VIPT nonaliasing data cache, VIPT aliasing instruction cache
[    0.000000] OF: fdt: Machine model: TI AM335x BeagleBone Black
[    0.000000] Memory policy: Data cache writeback
[    0.000000] cma: Reserved 16 MiB at 0x9e800000 on node -1
[    0.000000] Zone ranges:
[    0.000000]   Normal   [mem 0x0000000080000000-0x000000009fdfffff]
[    0.000000]   HighMem  empty
[    0.000000] Movable zone start for each node
[    0.000000] Early memory node ranges
[    0.000000]   node   0: [mem 0x0000000080000000-0x000000009fdfffff]
[    0.000000] Initmem setup node 0 [mem 0x0000000080000000-0x000000009fdfffff]
[    0.000000] CPU: All CPU(s) started in SVC mode.
[    0.000000] AM335X ES2.1 (sgx neon)
[    0.000000] percpu: Embedded 16 pages/cpu s36116 r8192 d21228 u65536
[    0.000000] Kernel command line: console=ttyO0,115200n8 root=/dev/nfs rw nfsroot=192.168.255.126:/home/user01/nfs,nfsvers=3 ip=192.168.255.1:192.168.255.126::255.255.255.0:bbb1:eth0 nfsrootdebug
[    0.000000] Unknown kernel command line parameters "nfsrootdebug", will be passed to user space.
[    0.000000] Dentry cache hash table entries: 65536 (order: 6, 262144 bytes, linear)
[    0.000000] Inode-cache hash table entries: 32768 (order: 5, 131072 bytes, linear)
[    0.000000] Built 1 zonelists, mobility grouping on.  Total pages: 129412
[    0.000000] mem auto-init: stack:off, heap alloc:off, heap free:off
[    0.000000] Memory: 483604K/522240K available (11264K kernel code, 1165K rwdata, 2700K rodata, 1024K init, 282K bss, 22252K reserved, 16384K cma-reserved, 0K highmem)
[    0.000000] SLUB: HWalign=64, Order=0-3, MinObjects=0, CPUs=1, Nodes=1
[    0.000000] rcu: Hierarchical RCU implementation.
[    0.000000] rcu: 	RCU event tracing is enabled.
[    0.000000] rcu: 	RCU restricting CPUs from NR_CPUS=2 to nr_cpu_ids=1.
[    0.000000] rcu: RCU calculated value of scheduler-enlistment delay is 10 jiffies.
[    0.000000] rcu: Adjusting geometry for rcu_fanout_leaf=16, nr_cpu_ids=1
[    0.000000] NR_IRQS: 16, nr_irqs: 16, preallocated irqs: 16
[    0.000000] IRQ: Found an INTC at 0x(ptrval) (revision 5.0) with 128 interrupts
[    0.000000] rcu: srcu_init: Setting srcu_struct sizes based on contention.
[    0.000000] TI gptimer clocksource: always-on /ocp/interconnect@44c00000/segment@200000/target-module@31000
[    0.000003] sched_clock: 32 bits at 24MHz, resolution 41ns, wraps every 89478484971ns
[    0.000027] clocksource: dmtimer: mask: 0xffffffff max_cycles: 0xffffffff, max_idle_ns: 79635851949 ns
[    0.000511] TI gptimer clockevent: 24000000 Hz at /ocp/interconnect@48000000/segment@0/target-module@40000
[    0.002094] Console: colour dummy device 80x30
[    0.002143] WARNING: Your 'console=ttyO0' has been replaced by 'ttyS0'
[    0.002150] This ensures that you still see kernel messages. Please
[    0.002155] update your kernel commandline.
[    0.002195] Calibrating delay loop... 996.14 BogoMIPS (lpj=4980736)
[    0.090561] CPU: Testing write buffer coherency: ok
[    0.090657] CPU0: Spectre v2: using BPIALL workaround
[    0.090667] pid_max: default: 32768 minimum: 301
[    0.090782] LSM: initializing lsm=capability,integrity
[    0.090946] Mount-cache hash table entries: 1024 (order: 0, 4096 bytes, linear)
[    0.090968] Mountpoint-cache hash table entries: 1024 (order: 0, 4096 bytes, linear)
[    0.092424] CPU0: thread -1, cpu 0, socket -1, mpidr 0
[    0.094007] Setting up static identity map for 0x80100000 - 0x80100078
[    0.094295] rcu: Hierarchical SRCU implementation.
[    0.094305] rcu: 	Max phase no-delay instances is 1000.
[    0.095667] smp: Bringing up secondary CPUs ...
[    0.095726] smp: Brought up 1 node, 1 CPU
[    0.095741] SMP: Total of 1 processors activated (996.14 BogoMIPS).
[    0.095752] CPU: All CPU(s) started in SVC mode.
[    0.096632] devtmpfs: initialized
[    0.113250] VFP support v0.3: implementor 41 architecture 3 part 30 variant c rev 3
[    0.113596] clocksource: jiffies: mask: 0xffffffff max_cycles: 0xffffffff, max_idle_ns: 19112604462750000 ns
[    0.113631] futex hash table entries: 256 (order: 2, 16384 bytes, linear)
[    0.114954] pinctrl core: initialized pinctrl subsystem
[    0.117090] NET: Registered PF_NETLINK/PF_ROUTE protocol family
[    0.119602] DMA: preallocated 256 KiB pool for atomic coherent allocations
[    0.120218] audit: initializing netlink subsys (disabled)
[    0.121751] thermal_sys: Registered thermal governor 'fair_share'
[    0.121772] thermal_sys: Registered thermal governor 'step_wise'
[    0.121778] thermal_sys: Registered thermal governor 'user_space'
[    0.121914] cpuidle: using governor menu
[    0.138189] /ocp/interconnect@44c00000/segment@200000/target-module@b000/i2c@0/tda19988@70: Fixed dependency cycle(s) with /ocp/interconnect@48000000/segment@300000/target-module@e000/lcdc@0
[    0.139247] /ocp/interconnect@48000000/segment@300000/target-module@e000/lcdc@0: Fixed dependency cycle(s) with /ocp/interconnect@44c00000/segment@200000/target-module@b000/i2c@0/tda19988@70
[    0.141473] No ATAGs?
[    0.141492] hw-breakpoint: debug architecture 0x4 unsupported.
[    0.144275] audit: type=2000 audit(0.120:1): state=initialized audit_enabled=0 res=1
[    0.144579] kprobes: kprobe jump-optimization is enabled. All kprobes are optimized if possible.
[    0.163250] iommu: Default domain type: Translated
[    0.163270] iommu: DMA domain TLB invalidation policy: strict mode
[    0.164709] SCSI subsystem initialized
[    0.166528] pps_core: LinuxPPS API ver. 1 registered
[    0.166538] pps_core: Software ver. 5.3.6 - Copyright 2005-2007 Rodolfo Giometti <giometti@linux.it>
[    0.166562] PTP clock support registered
[    0.170895] vgaarb: loaded
[    0.171224] clocksource: Switched to clocksource dmtimer
[    0.171845] VFS: Disk quotas dquot_6.6.0
[    0.171905] VFS: Dquot-cache hash table entries: 1024 (order 0, 4096 bytes)
[    0.202724] NET: Registered PF_INET protocol family
[    0.203066] IP idents hash table entries: 8192 (order: 4, 65536 bytes, linear)
[    0.204405] tcp_listen_portaddr_hash hash table entries: 512 (order: 0, 4096 bytes, linear)
[    0.204443] Table-perturb hash table entries: 65536 (order: 6, 262144 bytes, linear)
[    0.204461] TCP established hash table entries: 4096 (order: 2, 16384 bytes, linear)
[    0.204505] TCP bind hash table entries: 4096 (order: 4, 65536 bytes, linear)
[    0.204606] TCP: Hash tables configured (established 4096 bind 4096)
[    0.204733] UDP hash table entries: 256 (order: 1, 8192 bytes, linear)
[    0.204761] UDP-Lite hash table entries: 256 (order: 1, 8192 bytes, linear)
[    0.204930] NET: Registered PF_UNIX/PF_LOCAL protocol family
[    0.206116] RPC: Registered named UNIX socket transport module.
[    0.206136] RPC: Registered udp transport module.
[    0.206142] RPC: Registered tcp transport module.
[    0.206147] RPC: Registered tcp-with-tls transport module.
[    0.206152] RPC: Registered tcp NFSv4.1 backchannel transport module.
[    0.206177] PCI: CLS 0 bytes, default 64
[    0.207728] Initialise system trusted keyrings
[    0.221511] workingset: timestamp_bits=14 max_order=17 bucket_order=3
[    0.222744] NFS: Registering the id_resolver key type
[    0.222811] Key type id_resolver registered
[    0.222818] Key type id_legacy registered
[    0.222871] jffs2: version 2.2. (NAND) (SUMMARY)  Â© 2001-2006 Red Hat, Inc.
[    0.223258] Key type asymmetric registered
[    0.223275] Asymmetric key parser 'x509' registered
[    0.223348] io scheduler mq-deadline registered
[    0.223358] io scheduler kyber registered
[    0.223423] io scheduler bfq registered
[    0.231738] hw perfevents: enabled with armv7_cortex_a8 PMU driver, 5 counters available
[    0.240063] l3-aon-clkctrl:0000:0: failed to disable
[    0.241572] Serial: 8250/16550 driver, 6 ports, IRQ sharing enabled
[    0.304787] brd: module loaded
[    0.312970] loop: module loaded
[    0.313897] mtdoops: mtd device (mtddev=name/number) must be supplied
[    0.316619] i2c_dev: i2c /dev entries driver
[    0.317590] cpuidle: enable-method property 'ti,am3352' found operations
[    0.318034] sdhci: Secure Digital Host Controller Interface driver
[    0.318043] sdhci: Copyright(c) Pierre Ossman
[    0.318228] sdhci-pltfm: SDHCI platform and OF driver helper
[    0.333857] ledtrig-cpu: registered to indicate activity on CPUs
[    0.334706] Initializing XFRM netlink socket
[    0.334831] NET: Registered PF_INET6 protocol family
[    0.348261] Segment Routing with IPv6
[    0.348335] In-situ OAM (IOAM) with IPv6
[    0.348445] sit: IPv6, IPv4 and MPLS over IPv4 tunneling driver
[    0.349410] NET: Registered PF_PACKET protocol family
[    0.349438] NET: Registered PF_KEY protocol family
[    0.349588] Key type dns_resolver registered
[    0.349812] ThumbEE CPU extension supported.
[    0.349831] Registering SWP/SWPB emulation handler
[    0.350341] omap_voltage_late_init: Voltage driver support not added
[    0.350980] SmartReflex Class3 initialized
[    0.375792] Loading compiled-in X.509 certificates
[    0.416577] /ocp/interconnect@44c00000/segment@200000/target-module@b000/i2c@0/tda19988@70: Fixed dependency cycle(s) with /ocp/interconnect@48000000/segment@300000/target-module@e000/lcdc@0
[    0.422972] /ocp/interconnect@44c00000/segment@200000/target-module@b000/i2c@0/tda19988@70: Fixed dependency cycle(s) with /ocp/interconnect@48000000/segment@300000/target-module@e000/lcdc@0
[    0.430806] /ocp/interconnect@44c00000/segment@200000/target-module@b000/i2c@0/tda19988@70: Fixed dependency cycle(s) with /ocp/interconnect@48000000/segment@300000/target-module@e000/lcdc@0
[    0.431876] /ocp/interconnect@44c00000/segment@200000/target-module@b000/i2c@0/tda19988@70: Fixed dependency cycle(s) with /ocp/interconnect@48000000/segment@300000/target-module@e000/lcdc@0
[    0.435201] /ocp/interconnect@44c00000/segment@200000/target-module@10000/scm@0/pinmux@800: Fixed dependency cycle(s) with /ocp/interconnect@44c00000/segment@200000/target-module@10000/scm@0/pinmux@800/clkout2-pins
[    0.435797] pinctrl-single 44e10800.pinmux: 142 pins, size 568
[    0.440770] ti-sysc: probe of 44e31000.target-module failed with error -16
[    0.467742] /ocp/interconnect@48000000/segment@300000/target-module@e000/lcdc@0: Fixed dependency cycle(s) with /ocp/interconnect@44c00000/segment@200000/target-module@b000/i2c@0/tda19988@70
[    0.475659] ti-sysc: probe of 48040000.target-module failed with error -16
[    0.512710] OMAP GPIO hardware version 0.1
[    0.548250] omap_i2c 4819c000.i2c: bus 2 rev0.11 at 100 kHz
[    0.576877] /ocp/interconnect@48000000/segment@300000/target-module@e000/lcdc@0: Fixed dependency cycle(s) with /ocp/interconnect@44c00000/segment@200000/target-module@b000/i2c@0/tda19988@70
[    0.579522] /ocp/interconnect@48000000/segment@300000/target-module@e000/lcdc@0: Fixed dependency cycle(s) with /ocp/interconnect@44c00000/segment@200000/target-module@b000/i2c@0/tda19988@70
[    0.580189] /ocp/interconnect@44c00000/segment@200000/target-module@b000/i2c@0/tda19988@70: Fixed dependency cycle(s) with /ocp/interconnect@48000000/segment@300000/target-module@e000/lcdc@0
[    0.580360] /ocp/interconnect@48000000/segment@300000/target-module@e000/lcdc@0: Fixed dependency cycle(s) wi th /ocp/interconnect@44c00000/segment@200000/target-module@b000/i2c@0/tda19988@70
[    0.591609] sdhci-omap 481d8000.mmc: supply pbias not found, using dummy regulator
[    0.592122] sdhci-omap 481d8000.mmc: supply vqmmc not found, using dummy regulator
[    0.670097] davinci_mdio 4a101000.mdio: davinci mdio revision 1.6, bus freq 1000000
[    0.862193] davinci_mdio 4a101000.mdio: phy[0]: device 4a101000.mdio:00, driver SMSC LAN8710/LAN8720
[    0.862831] cpsw-switch 4a100000.switch: initialized cpsw  ale version 1.4
[    0.862853] cpsw-switch 4a100000.switch: ALE Table size 1024
[    0.862989] cpsw-switch 4a100000.switch: cpts: overflow check period 500 (jiffies)
[    0.863006] cpsw-switch 4a100000.switch: CPTS: ref_clk_freq:250000000 calc_mult:2147483648 calc_shift:29 error:0 nsec/sec
[    0.863107] cpsw-switch 4a100000.switch: Detected MACID = 6c:ec:eb:68:de:78
[    0.864923] cpsw-switch 4a100000.switch: initialized (regs 0x4a100000, pool size 256) hw_ver:0019010C 1.12 (0)
[    0.875596] debugfs: Directory '49000000.dma' with parent 'dmaengine' already present!
[    0.875639] edma 49000000.dma: TI EDMA DMA engine driver
[    0.932604] 44e09000.serial: ttyS0 at MMIO 0x44e09000 (irq = 34, base_baud = 3000000) is a 8250
[    0.932689] printk: console [ttyS0] enabled
[    2.162170] tps65217-pmic: Failed to locate of_node [id: -1]
[    2.168207] tps65217-bl: Failed to locate of_node [id: -1]
[    2.179179] tps65217 0-0024: TPS65217 ID 0xe version 1.2
[    2.185332] /ocp/interconnect@48000000/segment@300000/target-module@e000/lcdc@0: Fixed dependency cycle(s) with /ocp/interconnect@44c00000/segment@200000/target-module@b000/i2c@0/tda19988@70
[    2.202667] /ocp/interconnect@44c00000/segment@200000/target-module@b000/i2c@0/tda19988@70: Fixed dependency cycle(s) with /ocp/interconnect@48000000/segment@300000/target-module@e000/lcdc@0
[    2.220004] omap_i2c 44e0b000.i2c: bus 0 rev0.11 at 400 kHz
[    2.227961] omap_gpio 44e07000.gpio: Could not set line 6 debounce to 200000 microseconds (-22)
[   
[    5.601955] cpsw-switch 4a100000.switch eth0: Link is Up - 100Mbps/Full - flow control off
[    5.641237] IP-Config: Complete:
[    5.644503]      device=eth0, hwaddr=6c:ec:eb:68:de:78, ipaddr=192.168.255.1, mask=255.255.255.0, gw=255.255.255.255
[    5.655115]      host=bbb1, domain=, nis-domain=(none)
[    5.660279]      bootserver=192.168.255.126, rootserver=192.168.255.126, rootpath=
[    5.660680] clk: Disabling unused clocks
[    5.672561] KTAP version 1
[    5.675287] 1..0
[    5.698608] VFS: Mounted root (nfs filesystem) on device 0:16.
[    5.705623] devtmpfs: mounted
[    5.710238] Freeing unused kernel image (initmem) memory: 1024K
[    5.717007] Run /sbin/init as init process
[    6.401990] systemd[1]: System time before build time, advancing clock.
[    7.881243] random: crng init done
[    7.952518] systemd[1]: systemd 232 running in system mode. (+PAM +AUDIT +SELINUX +IMA +APPARMOR +SMACK +SYSVINIT +UTMP +LIBCRYPTSETUP +GCRYPT +GNUTLS +ACL +XZ +LZ4 +SECCOMP +BLKID +ELFUTILS +KMOD +IDN)
[    7.971574] systemd[1]: Detected architecture arm.

Welcome to [1mDebian GNU/Linux 9 (stretch)[0m!

[    8.014090] systemd[1]: Set hostname to <arm>.
[    9.068548] systemd[1]: Listening on udev Control Socket.
[[0;32m  OK  [0m] Listening on udev Control Socket.
[    9.102309] systemd[1]: Listening on Journal Audit Socket.
[[0;32m  OK  [0m] Listening on Journal Audit Socket.
[    9.143222] systemd[1]: Listening on Journal Socket.
[[0;32m  OK  [0m] Listening on Journal Socket.
[    9.183101] systemd[1]: Listening on /dev/initctl Compatibility Named Pipe.
[[0;32m  OK  [0m] Listening on /dev/initctl Compatibility Named Pipe.
[    9.221856] systemd[1]: Listening on Syslog Socket.
[[0;32m  OK  [0m] Listening on Syslog Socket.
[    9.262746] systemd[1]: Created slice User and Session Slice.
[[0;32m  OK  [0m] Created slice User and Session Slice.
[    9.302123] systemd[1]: Started Dispatch Password Requests to Console Directory Watch.
[[0;32m  OK  [0m] Started Dispatch Password Requests to Console Directory Watch.
[[0;32m  OK  [0m] Set up automount Arbitrary Executabâ€¦rmats File System Automount Point.
[[0;32m  OK  [0m] Listening on udev Kernel Socket.
[[0;32m  OK  [0m] Listening on Journal Socket (/dev/log).
[[0;32m  OK  [0m] Reached target Remote File Systems.
[[0;32m  OK  [0m] Created slice System Slice.
         Mounting Debug File System...
         Mounting POSIX Message Queue File System...
[[0;32m  OK  [0m] Created slice system-serial\x2dgetty.slice.
         Starting Remount Root and Kernel File Systems...
         Starting Create list of required stâ€¦ce nodes for the current kernel...
         Starting Journal Service...
[[0;32m  OK  [0m] Created slice system-getty.slice.
         Starting Load Kernel Modules...
[[0;32m  OK  [0m] Started Forward Password Requests to Wall Directory Watch.
[[0;32m  OK  [0m] Reached target Paths.
[[0;32m  OK  [0m] Reached target Encrypted Volumes.
[[0;32m  OK  [0m] Reached target Swap.
[[0;32m  OK  [0m] Reached target Slices.
[[0;32m  OK  [0m] Mounted POSIX Message Queue File System.
[[0;32m  OK  [0m] Mounted Debug File System.
[[0;32m  OK  [0m] Started Remount Root and Kernel File Systems.
[[0;32m  OK  [0m] Started Create list of required staâ€¦vice nodes for the current kernel.
         Starting Create Static Device Nodes in /dev...
         Starting udev Coldplug all Devices...
         Starting Load/Save Random Seed...
[[0;32m  OK  [0m] Started Load Kernel Modules.
         Mounting Configuration File System...
         Starting Apply Kernel Variables...
[[0;32m  OK  [0m] Mounted Configuration File System.
[[0;32m  OK  [0m] Started Load/Save Random Seed.
[[0;32m  OK  [0m] Started Apply Kernel Variables.
[[0;32m  OK  [0m] Started Create Static Device Nodes in /dev.
[[0;32m  OK  [0m] Started Journal Service.
         Starting Flush Journal to Persistent Storage...
         Starting udev Kernel Device Manager...
[[0;32m  OK  [0m] Reached target Local File Systems (Pre).
[[0;32m  OK  [0m] Reached target Local File Systems.
         Starting Raise network interfaces...
[   11.478470] systemd-journald[83]: Received request to flush runtime journal from PID 1
[[0;32m  OK  [0m] Started Flush Journal to Persistent Storage.
         Starting Create Volatile Files and Directories...
[[0;32m  OK  [0m] Started udev Kernel Device Manager.
[[0;32m  OK  [0m] Started Create Volatile Files and Directories.
         Starting Update UTMP about System Boot/Shutdown...
         Starting Network Time Synchronization...
[[0;32m  OK  [0m] Started Update UTMP about System Boot/Shutdown.
[[0;32m  OK  [0m] Started udev Coldplug all Devices.
[[0;32m  OK  [0m] Started Network Time Synchronization.
[[0;32m  OK  [0m] Reached target System Time Synchronized.
[[0;32m  OK  [0m] Reached target System Initialization.
[[0;32m  OK  [0m] Started Daily apt download activities.
[[0;32m  OK  [0m] Started Daily apt upgrade and clean activities.
[[0;32m  OK  [0m] Listening on Avahi mDNS/DNS-SD Stack Activation Socket.
[[0;32m  OK  [0m] Started Daily Cleanup of Temporary Directories.
[[0;32m  OK  [0m] Reached target Timers.
[[0;32m  OK  [0m] Listening on D-Bus System Message Bus Socket.
[[0;32m  OK  [0m] Reached target Sockets.
[[0;32m  OK  [0m] Reached target Basic System.
         Starting Login Service...
[   14.853606] remoteproc remoteproc0: wkup_m3 is available
         Starting System Logging Service...
         Starting DUN service...
         Starting Generic Board Startup...
[   15.237905] omap_wdt: OMAP Watchdog Timer Rev 0x01: initial timeout 60 sec
[[0;32m  OK  [0m] Started Regular background program processing daemon.
[   15.556823] at24 2-0054: supply vcc not found, using dummy regulator
[   15.585261] am335x-phy-driver 47401300.usb-phy: dummy supplies not allowed for exclusive requests
         Starting Telephony service...
[   15.760017] at24 2-0055: supply vcc not found, using dummy regulator
[   15.788334] usbcore: registered new interface driver usbfs
[   15.794115] usbcore: registered new interface driver hub
[   15.799568] usbcore: registered new device driver usb
[   15.859023] at24 2-0056: supply vcc not found, using dummy regulator
[   15.945124] tps6521x_pwrbutton tps65217-pwrbutton: DMA mask not set
[   15.953329] at24 2-0057: supply vcc not found, using dummy regulator
         Starting LSB: Load kernel modules needed to enable cpufreq scaling...
[   16.035118] am335x-phy-driver 47401b00.usb-phy: dummy supplies not allowed for exclusive requests
[   16.083835] input: tps65217_pwrbutton as /devices/platform/ocp/44c00000.interconnect/44c00000.interconnect:segment@200000/44e0b000.target-module/44e0b000.i2c/i2c-0/0-0024/tps65217-pwrbutton/input/input0
[   16.120595] at24 0-0050: 32768 byte 24c256 EEPROM, writable, 1 bytes/write
         Starting LSB: Start busybox udhcpd at boot time...
         Starting Avahi mDNS/DNS-SD Stack...
[   16.330430] wkup_m3_ipc 44e11324.wkup_m3_ipc: IPC Request for A8->M3 Channel failed! -517
[   16.418618] omap_rtc 44e3e000.rtc: registered as rtc0
[   16.423973] omap_rtc 44e3e000.rtc: setting system clock to 2000-01-01T00:00:00 UTC (946684800)
[   16.435206] wkup_m3_ipc 44e11324.wkup_m3_ipc: IPC Request for A8->M3 Channel failed! -517
[[0;32m  OK  [0m] Started D-Bus System Message Bus.
[   16.862367] wkup_m3_ipc 44e11324.wkup_m3_ipc: IPC Request for A8->M3 Channel failed! -517
[   16.991541] musb-hdrc musb-hdrc.1: MUSB HDRC host driver
[   16.996958] musb-hdrc musb-hdrc.1: new USB bus registered, assigned bus number 1
[   17.022067] wkup_m3_ipc 44e11324.wkup_m3_ipc: IPC Request for A8->M3 Channel failed! -517
[   17.168402] usb usb1: New USB device found, idVendor=1d6b, idProduct=0002, bcdDevice= 6.06
[   17.176860] usb usb1: New USB device strings: Mfr=3, Product=2, SerialNumber=1
[   17.184180] usb usb1: Product: MUSB HDRC host driver
[   17.189365] usb usb1: Manufacturer: Linux 6.6.99 musb-hcd
[   17.194841] usb usb1: SerialNumber: musb-hdrc.1
[   17.390865] hub 1-0:1.0: USB hub found
[   17.440364] hub 1-0:1.0: 1 port detected
[   17.540786] wkup_m3_ipc 44e11324.wkup_m3_ipc: IPC Request for A8->M3 Channel failed! -517
[   17.643632] wkup_m3_ipc 44e11324.wkup_m3_ipc: IPC Request for A8->M3 Channel failed! -517
[   17.859121] tda998x 0-0070: found TDA19988
[   17.940708] wkup_m3_ipc 44e11324.wkup_m3_ipc: IPC Request for A8->M3 Channel failed! -517
[   18.207514] omap-mailbox 480c8000.mailbox: omap mailbox rev 0x400
[   18.245378] remoteproc remoteproc0: powering up wkup_m3
[   18.443608] remoteproc remoteproc0: Direct firmware load for am335x-pm-firmware.elf failed with error -2
[   18.453411] remoteproc remoteproc0: request_firmware failed: -2
[   18.459372] wkup_m3_ipc 44e11324.wkup_m3_ipc: rproc_boot failed
[   20.529230] tilcdc 4830e000.lcdc: bound 0-0070 (ops 0xbf0750fc)
[   20.579651] omap_rng 48310000.rng: Random Number Generator ver. 20
[   20.656917] [drm] Initialized tilcdc 1.0.0 20121205 for 4830e000.lcdc on minor 0
[[0;32m  OK  [0m] Started Avahi mDNS/DNS-SD Stack.
[   20.749373] tilcdc 4830e000.lcdc: [drm] Cannot find any crtc or sizes
[   20.757868] tilcdc 4830e000.lcdc: [drm] Cannot find any crtc or sizes
[[0;32m  OK  [0m] Started Telephony service.
[[0;32m  OK  [0m] Started DUN service.
         Starting Connection service...
         Starting Cape Manager Service...
[[0;32m  OK  [0m] Started System Logging Service.
[   21.627422] PM: Cannot get wkup_m3_ipc handle
[[0;32m  OK  [0m] Found device /dev/ttyS0.
[   22.071521] omap-sham 53100000.sham: hw accel on OMAP rev 4.3
[   22.235654] omap-aes 53500000.aes: OMAP AES hw accel rev: 3.2
[   22.250373] omap-sham 53100000.sham: will run requests pump with realtime priority
[   22.259171] PM: Cannot get wkup_m3_ipc handle
[   22.402805] omap-aes 53500000.aes: will run requests pump with realtime priority
[   22.415689] PM: Cannot get wkup_m3_ipc handle
[   22.649173] Bluetooth: Core ver 2.22
[   22.653184] NET: Registered PF_BLUETOOTH protocol family
[   22.658532] Bluetooth: HCI device and connection manager initialized
[   22.665046] Bluetooth: HCI socket layer initialized
[   22.669960] Bluetooth: L2CAP socket layer initialized
[   22.675116] Bluetooth: SCO socket layer initialized
[[0;32m  OK  [0m] Started Cape Manager Service.
[   25.623213] PM: Cannot get wkup_m3_ipc handle
[   25.770676] PM: Cannot get wkup_m3_ipc handle
[[0;32m  OK  [0m] Started LSB: Start busybox udhcpd at boot time.
[[0;32m  OK  [0m] Started LSB: Load kernel modules needed to enable cpufreq scaling.
[[0;32m  OK  [0m] Started Raise network interfaces.
[   28.050362] configfs-gadget.g_multi gadget.0: HOST MAC 1c:ba:8c:a2:ed:6c
[   28.057361] configfs-gadget.g_multi gadget.0: MAC 1c:ba:8c:a2:ed:70
[   28.064723] configfs-gadget.g_multi gadget.0: HOST MAC 1c:ba:8c:a2:ed:6c
[   28.071570] configfs-gadget.g_multi gadget.0: MAC 1c:ba:8c:a2:ed:6d
[   28.080123] PM: Cannot get wkup_m3_ipc handle
[[0;32m  OK  [0m] Started Connection service.
[[0;32m  OK  [0m] Reached target Sound Card.
[[0;32m  OK  [0m] Reached target Network.
         Starting The Apache HTTP Server...
         Starting OpenBSD Secure Shell server...
         Starting Permit User Sessions...
[[0;32m  OK  [0m] Reached target Network is Online.
         Starting LSB: Advanced IEEE 802.11 management daemon...
         Starting LSB: set CPUFreq kernel parameters...
[[0;32m  OK  [0m] Started LSB: Advanced IEEE 802.11 management daemon.
[[0;32m  OK  [0m] Started Login Service.
[[0;32m  OK  [0m] Started Permit User Sessions.
         Starting Hostname Service...
         Starting WPA supplicant...
[[0;32m  OK  [0m] Started Serial Getty on ttyS0.
[[0;32m  OK  [0m] Started Getty on tty1.
[[0;32m  OK  [0m] Reached target Login Prompts.
[[0;32m  OK  [0m] Started LSB: set CPUFreq kernel parameters.
[[0;32m  OK  [0m] Started WPA supplicant.
[[0;32m  OK  [0m] Started Hostname Service.
[[0;32m  OK  [0m] Started OpenBSD Secure Shell server.
         Stopping LSB: Start busybox udhcpd at boot time...
[[0;32m  OK  [0m] Stopped LSB: Start busybox udhcpd at boot time.
[[0;32m  OK  [0m] Started The Apache HTTP Server.
         Starting dnsmasq - A lightweight DHCP and caching DNS server...
[[0;32m  OK  [0m] Started dnsmasq - A lightweight DHCP and caching DNS server.
[[0;32m  OK  [0m] Reached target Host and Network Name Lookups.
[[0;32m  OK  [0m] Started Serial Getty on ttyGS0.
[[0;32m  OK  [0m] Started Generic Board Startup.
[[0;32m  OK  [0m] Reached target Multi-User System.
[[0;32m  OK  [0m] Reached target Graphical Interface.
         Starting Update UTMP about System Runlevel Changes...
[[0;32m  OK  [0m] Started Update UTMP about System Runlevel Changes.

Debian GNU/Linux 9 arm ttyS0

default username:password is [debian:temppwd]

arm login: root
Password: 
Last login: Sat Jan  1 00:00:33 UTC 2000 on ttyS0
root
Linux arm 6.6.99 #1 SMP Thu Jul 17 22:27:16 EEST 2025 armv7l

The programs included with the Debian GNU/Linux system are free software;
the exact distribution terms for each program are described in the
individual files in /usr/share/doc/*/copyright.

Debian GNU/Linux comes with ABSOLUTELY NO WARRANTY, to the extent
permitted by applicable law.
root@arm:~# root
-bash: root: command not found
dmesg -n 1
root@arm:~# dmesg -n 1
root@arm:~# echo 'GKWZ''EKEMYU'
GKWZEKEMYU
root@arm:~# run() { echo -n "$MARKER"; sh -c "$@"; echo "$MARKER $?"; }
root@arm:~# echo 'BQYL''MBOWLM'
BQYLMBOWLM
root@arm:~# MARKER='TGFJ''UPHFXL' run 'cat /proc/version'
TGFJUPHFXLLinux version 6.6.99 (user01@drvtest01) (arm-none-eabi-gcc (Arm GNU Toolchain 14.2.Rel1 (Build arm-14.52)) 14.2.1 20241119, GNU ld (Arm GNU Toolchain 14.2.Rel1 (Build arm-14.52)) 2.43.1.20241119) #1 SMP Thu Jul 17 22:27:16 EEST 2025
TGFJUPHFXL 0
root@arm:~# echo 'JEOO''ZNGCSA'
JEOOZNGCSA
root@arm:~# MARKER='XMSA''MTMFLH' run false
XMSAMTMFLHXMSAMTMFLH 1
root@arm:~# Labgrid Console Logfile for main
Logfile started at 2025-07-17 22:31:21.127544
=== Log starts here ===

root@arm:~# run() { echo -n "$MARKER"; sh -c "$@"; echo "$MARKER $?"; }
root@arm:~# echo 'XNFP''CYZVLZ'
XNFPCYZVLZ
root@arm:~# MARKER='JOGF''VTEOMA' run 'ls /iio_generic_buffer; echo $?'
JOGFVTEOMA/iio_generic_buffer
0
JOGFVTEOMA 0
root@arm:~# Labgrid Console Logfile for main
Logfile started at 2025-07-17 22:31:24.535353
=== Log starts here ===

root@arm:~# run() { echo -n "$MARKER"; sh -c "$@"; echo "$MARKER $?"; }
root@arm:~# echo 'GVFH''WELKNO'
GVFHWELKNO
root@arm:~# MARKER='NCGL''HQKAHT' run dmesg
NCGLHQKAHT[    0.000000] Booting Linux on physical CPU 0x0
[    0.000000] Linux version 6.6.99 (user01@drvtest01) (arm-none-eabi-gcc (Arm GNU Toolchain 14.2.Rel1 (Build arm-14.52)) 14.2.1 20241119, GNU ld (Arm GNU Toolchain 14.2.Rel1 (Build arm-14.52)) 2.43.1.20241119) #1 SMP Thu Jul 17 22:27:16 EEST 2025
[    0.000000] CPU: ARMv7 Processor [413fc082] revision 2 (ARMv7), cr=10c5387d
[    0.000000] CPU: PIPT / VIPT nonaliasing data cache, VIPT aliasing instruction cache
[    0.000000] OF: fdt: Machine model: TI AM335x BeagleBone Black
[    0.000000] Memory policy: Data cache writeback
[    0.000000] cma: Reserved 16 MiB at 0x9e800000 on node -1
[    0.000000] Zone ranges:
[    0.000000]   Normal   [mem 0x0000000080000000-0x000000009fdfffff]
[    0.000000]   HighMem  empty
[    0.000000] Movable zone start for each node
[    0.000000] Early memory node ranges
[    0.000000]   node   0: [mem 0x0000000080000000-0x000000009fdfffff]
[    0.000000] Initmem setup node 0 [mem 0x0000000080000000-0x000000009fdfffff]
[    0.000000] CPU: All CPU(s) started in SVC mode.
[    0.000000] AM335X ES2.1 (sgx neon)
[    0.000000] percpu: Embedded 16 pages/cpu s36116 r8192 d21228 u65536
[    0.000000] pcpu-alloc: s36116 r8192 d21228 u65536 alloc=16*4096
[    0.000000] pcpu-alloc: [0] 0 
[    0.000000] Kernel command line: console=ttyO0,115200n8 root=/dev/nfs rw nfsroot=192.168.255.126:/home/user01/nfs,nfsvers=3 ip=192.168.255.1:192.168.255.126::255.255.255.0:bbb1:eth0 nfsrootdebug
[    0.000000] Unknown kernel command line parameters "nfsrootdebug", will be passed to user space.
[    0.000000] Dentry cache hash table entries: 65536 (order: 6, 262144 bytes, linear)
[    0.000000] Inode-cache hash table entries: 32768 (order: 5, 131072 bytes, linear)
[    0.000000] Built 1 zonelists, mobility grouping on.  Total pages: 129412
[    0.000000] mem auto-init: stack:off, heap alloc:off, heap free:off
[    0.000000] Memory: 483604K/522240K available (11264K kernel code, 1165K rwdata, 2700K rodata, 1024K init, 282K bss, 22252K reserved, 16384K cma-reserved, 0K highmem)
[    0.000000] SLUB: HWalign=64, Order=0-3, MinObjects=0, CPUs=1, Nodes=1
[    0.000000] rcu: Hierarchical RCU implementation.
[    0.000000] rcu: 	RCU event tracing is enabled.
[    0.000000] rcu: 	RCU restricting CPUs from NR_CPUS=2 to nr_cpu_ids=1.
[    0.000000] rcu: RCU calculated value of scheduler-enlistment delay is 10 jiffies.
[    0.000000] rcu: Adjusting geometry for rcu_fanout_leaf=16, nr_cpu_ids=1
[    0.000000] NR_IRQS: 16, nr_irqs: 16, preallocated irqs: 16
[    0.000000] IRQ: Found an INTC at 0x(ptrval) (revision 5.0) with 128 interrupts
[    0.000000] rcu: srcu_init: Setting srcu_struct sizes based on contention.
[    0.000000] TI gptimer clocksource: always-on /ocp/interconnect@44c00000/segment@200000/target-module@31000
[    0.000003] sched_clock: 32 bits at 24MHz, resolution 41ns, wraps every 89478484971ns
[    0.000027] clocksource: dmtimer: mask: 0xffffffff max_cycles: 0xffffffff, max_idle_ns: 79635851949 ns
[    0.000511] TI gptimer clockevent: 24000000 Hz at /ocp/interconnect@48000000/segment@0/target-module@40000
[    0.002094] Console: colour dummy device 80x30
[    0.002143] WARNING: Your 'console=ttyO0' has been replaced by 'ttyS0'
[    0.002150] This ensures that you still see kernel messages. Please
[    0.002155] update your kernel commandline.
[    0.002195] Calibrating delay loop... 996.14 BogoMIPS (lpj=4980736)
[    0.090561] CPU: Testing write buffer coherency: ok
[    0.090657] CPU0: Spectre v2: using BPIALL workaround
[    0.090667] pid_max: default: 32768 minimum: 301
[    0.090782] LSM: initializing lsm=capability,integrity
[    0.090946] Mount-cache hash table entries: 1024 (order: 0, 4096 bytes, linear)
[    0.090968] Mountpoint-cache hash table entries: 1024 (order: 0, 4096 bytes, linear)
[    0.092424] CPU0: thread -1, cpu 0, socket -1, mpidr 0
[    0.094007] Setting up static identity map for 0x80100000 - 0x80100078
[    0.094295] rcu: Hierarchical SRCU implementation.
[    0.094305] rcu: 	Max phase no-delay instances is 1000.
[    0.095667] smp: Bringing up secondary CPUs ...
[    0.095726] smp: Brought up 1 node, 1 CPU
[    0.095741] SMP: Total of 1 processors activated (996.14 BogoMIPS).
[    0.095752] CPU: All CPU(s) started in SVC mode.
[    0.096632] devtmpfs: initialized
[    0.113250] VFP support v0.3: implementor 41 architecture 3 part 30 variant c rev 3
[    0.113596] clocksource: jiffies: mask: 0xffffffff max_cycles: 0xffffffff, max_idle_ns: 19112604462750000 ns
[    0.113631] futex hash table entries: 256 (order: 2, 16384 bytes, linear)
[    0.114954] pinctrl core: initialized pinctrl subsystem
[    0.117090] NET: Registered PF_NETLINK/PF_ROUTE protocol family
[    0.119602] DMA: preallocated 256 KiB pool for atomic coherent allocations
[    0.120218] audit: initializing netlink subsys (disabled)
[    0.121751] thermal_sys: Registered thermal governor 'fair_share'
[    0.121772] thermal_sys: Registered thermal governor 'step_wise'
[    0.121778] thermal_sys: Registered thermal governor 'user_space'
[    0.121914] cpuidle: using governor menu
[    0.138189] /ocp/interconnect@44c00000/segment@200000/target-module@b000/i2c@0/tda19988@70: Fixed dependency cycle(s) with /ocp/interconnect@48000000/segment@300000/target-module@e000/lcdc@0
[    0.139247] /ocp/interconnect@48000000/segment@300000/target-module@e000/lcdc@0: Fixed dependency cycle(s) with /ocp/interconnect@44c00000/segment@200000/target-module@b000/i2c@0/tda19988@70
[    0.141473] No ATAGs?
[    0.141492] hw-breakpoint: debug architecture 0x4 unsupported.
[    0.144275] audit: type=2000 audit(0.120:1): state=initialized audit_enabled=0 res=1
[    0.144579] kprobes: kprobe jump-optimization is enabled. All kprobes are optimized if possible.
[    0.163250] iommu: Default domain type: Translated
[    0.163270] iommu: DMA domain TLB invalidation policy: strict mode
[    0.164709] SCSI subsystem initialized
[    0.165535] reg-fixed-voltage fixedregulator0: using DT '/fixedregulator0' for '(null)' GPIO lookup
[    0.165588] of_get_named_gpiod_flags: can't parse 'gpios' property of node '/fixedregulator0[0]'
[    0.165617] of_get_named_gpiod_flags: can't parse 'gpio' property of node '/fixedregulator0[0]'
[    0.165634] reg-fixed-voltage fixedregulator0: using lookup tables for GPIO lookup
[    0.165644] reg-fixed-voltage fixedregulator0: No GPIO consumer (null) found
[    0.166181] libata version 3.00 loaded.
[    0.166528] pps_core: LinuxPPS API ver. 1 registered
[    0.166538] pps_core: Software ver. 5.3.6 - Copyright 2005-2007 Rodolfo Giometti <giometti@linux.it>
[    0.166562] PTP clock support registered
[    0.170895] vgaarb: loaded
[    0.171224] clocksource: Switched to clocksource dmtimer
[    0.171845] VFS: Disk quotas dquot_6.6.0
[    0.171905] VFS: Dquot-cache hash table entries: 1024 (order 0, 4096 bytes)
[    0.202724] NET: Registered PF_INET protocol family
[    0.203066] IP idents hash table entries: 8192 (order: 4, 65536 bytes, linear)
[    0.204405] tcp_listen_portaddr_hash hash table entries: 512 (order: 0, 4096 bytes, linear)
[    0.204443] Table-perturb hash table entries: 65536 (order: 6, 262144 bytes, linear)
[    0.204461] TCP established hash table entries: 4096 (order: 2, 16384 bytes, linear)
[    0.204505] TCP bind hash table entries: 4096 (order: 4, 65536 bytes, linear)
[    0.204606] TCP: Hash tables configured (established 4096 bind 4096)
[    0.204733] UDP hash table entries: 256 (order: 1, 8192 bytes, linear)
[    0.204761] UDP-Lite hash table entries: 256 (order: 1, 8192 bytes, linear)
[    0.204930] NET: Registered PF_UNIX/PF_LOCAL protocol family
[    0.206116] RPC: Registered named UNIX socket transport module.
[    0.206136] RPC: Registered udp transport module.
[    0.206142] RPC: Registered tcp transport module.
[    0.206147] RPC: Registered tcp-with-tls transport module.
[    0.206152] RPC: Registered tcp NFSv4.1 backchannel transport module.
[    0.206177] PCI: CLS 0 bytes, default 64
[    0.207728] Initialise system trusted keyrings
[    0.221511] workingset: timestamp_bits=14 max_order=17 bucket_order=3
[    0.222744] NFS: Registering the id_resolver key type
[    0.222811] Key type id_resolver registered
[    0.222818] Key type id_legacy registered
[    0.222871] jffs2: version 2.2. (NAND) (SUMMARY)  Â© 2001-2006 Red Hat, Inc.
[    0.223258] Key type asymmetric registered
[    0.223275] Asymmetric key parser 'x509' registered
[    0.223348] io scheduler mq-deadline registered
[    0.223358] io scheduler kyber registered
[    0.223423] io scheduler bfq registered
[    0.231738] hw perfevents: enabled with armv7_cortex_a8 PMU driver, 5 counters available
[    0.240063] l3-aon-clkctrl:0000:0: failed to disable
[    0.241572] Serial: 8250/16550 driver, 6 ports, IRQ sharing enabled
[    0.304787] brd: module loaded
[    0.312970] loop: module loaded
[    0.313897] mtdoops: mtd device (mtddev=name/number) must be supplied
[    0.315386] mdio_bus fixed-0: using lookup tables for GPIO lookup
[    0.315410] mdio_bus fixed-0: No GPIO consumer reset found
[    0.316619] i2c_dev: i2c /dev entries driver
[    0.317590] cpuidle: enable-method property 'ti,am3352' found operations
[    0.318034] sdhci: Secure Digital Host Controller Interface driver
[    0.318043] sdhci: Copyright(c) Pierre Ossman
[    0.318228] sdhci-pltfm: SDHCI platform and OF driver helper
[    0.333857] ledtrig-cpu: registered to indicate activity on CPUs
[    0.334706] Initializing XFRM netlink socket
[    0.334831] NET: Registered PF_INET6 protocol family
[    0.348261] Segment Routing with IPv6
[    0.348335] In-situ OAM (IOAM) with IPv6
[    0.348445] sit: IPv6, IPv4 and MPLS over IPv4 tunneling driver
[    0.349410] NET: Registered PF_PACKET protocol family
[    0.349438] NET: Registered PF_KEY protocol family
[    0.349588] Key type dns_resolver registered
[    0.349812] ThumbEE CPU extension supported.
[    0.349831] Registering SWP/SWPB emulation handler
[    0.350341] omap_voltage_late_init: Voltage driver support not added
[    0.350980] SmartReflex Class3 initialized
[    0.375792] Loading compiled-in X.509 certificates
[    0.416577] /ocp/interconnect@44c00000/segment@200000/target-module@b000/i2c@0/tda19988@70: Fixed dependency cycle(s) with /ocp/interconnect@48000000/segment@300000/target-module@e000/lcdc@0
[    0.422972] /ocp/interconnect@44c00000/segment@200000/target-module@b000/i2c@0/tda19988@70: Fixed dependency cycle(s) with /ocp/interconnect@48000000/segment@300000/target-module@e000/lcdc@0
[    0.428333] gpiochip_find_base: found new base at 512
[    0.430806] /ocp/interconnect@44c00000/segment@200000/target-module@b000/i2c@0/tda19988@70: Fixed dependency cycle(s) with /ocp/interconnect@48000000/segment@300000/target-module@e000/lcdc@0
[    0.431876] /ocp/interconnect@44c00000/segment@200000/target-module@b000/i2c@0/tda19988@70: Fixed dependency cycle(s) with /ocp/interconnect@48000000/segment@300000/target-module@e000/lcdc@0
[    0.435201] /ocp/interconnect@44c00000/segment@200000/target-module@10000/scm@0/pinmux@800: Fixed dependency cycle(s) with /ocp/interconnect@44c00000/segment@200000/target-module@10000/scm@0/pinmux@800/clkout2-pins
[    0.435797] pinctrl-single 44e10800.pinmux: 142 pins, size 568
[    0.440770] ti-sysc: probe of 44e31000.target-module failed with error -16
[    0.467742] /ocp/interconnect@48000000/segment@300000/target-module@e000/lcdc@0: Fixed dependency cycle(s) with /ocp/interconnect@44c00000/segment@200000/target-module@b000/i2c@0/tda19988@70
[    0.475659] ti-sysc: probe of 48040000.target-module failed with error -16
[    0.486629] gpiochip_find_base: found new base at 512
[    0.486697] gpio gpiochip0: (gpio-0-31): created GPIO range 0->7 ==> 44e10800.pinmux PIN 0->7
[    0.486717] gpio gpiochip0: (gpio-0-31): created GPIO range 8->11 ==> 44e10800.pinmux PIN 90->93
[    0.486733] gpio gpiochip0: (gpio-0-31): created GPIO range 12->27 ==> 44e10800.pinmux PIN 12->27
[    0.486748] gpio gpiochip0: (gpio-0-31): created GPIO range 28->31 ==> 44e10800.pinmux PIN 30->33
[    0.512466] gpio gpiochip0: (gpio-0-31): added GPIO chardev (254:0)
[    0.512628] gpio gpiochip0: registered GPIOs 512 to 543 on gpio-0-31
[    0.512710] OMAP GPIO hardware version 0.1
[    0.547257] i2c i2c-2: using DT '/ocp/interconnect@48000000/segment@100000/target-module@9c000/i2c@0' for 'scl' GPIO lookup
[    0.547331] of_get_named_gpiod_flags: can't parse 'scl-gpios' property of node '/ocp/interconnect@48000000/segment@100000/target-module@9c000/i2c@0[0]'
[    0.547375] of_get_named_gpiod_flags: can't parse 'scl-gpio' property of node '/ocp/interconnect@48000000/segment@100000/target-module@9c000/i2c@0[0]'
[    0.547411] i2c i2c-2: using lookup tables for GPIO lookup
[    0.547420] i2c i2c-2: No GPIO consumer scl found
[    0.547441] i2c i2c-2: using DT '/ocp/interconnect@48000000/segment@100000/target-module@9c000/i2c@0' for 'sda' GPIO lookup
[    0.547476] of_get_named_gpiod_flags: can't parse 'sda-gpios' property of node '/ocp/interconnect@48000000/segment@100000/target-module@9c000/i2c@0[0]'
[    0.547514] of_get_named_gpiod_flags: can't parse 'sda-gpio' property of node '/ocp/interconnect@48000000/segment@100000/target-module@9c000/i2c@0[0]'
[    0.547544] i2c i2c-2: using lookup tables for GPIO lookup
[    0.547552] i2c i2c-2: No GPIO consumer sda found
[    0.548250] omap_i2c 4819c000.i2c: bus 2 rev0.11 at 100 kHz
[    0.553851] gpiochip_find_base: found new base at 544
[    0.553915] gpio gpiochip1: (gpio-32-63): created GPIO range 0->17 ==> 44e10800.pinmux PIN 34->51
[    0.553934] gpio gpiochip1: (gpio-32-63): created GPIO range 18->21 ==> 44e10800.pinmux PIN 77->80
[    0.553949] gpio gpiochip1: (gpio-32-63): created GPIO range 22->31 ==> 44e10800.pinmux PIN 56->65
[    0.567389] gpio gpiochip1: (gpio-32-63): added GPIO chardev (254:1)
[    0.567536] gpio gpiochip1: registered GPIOs 544 to 575 on gpio-32-63
[    0.569676] gpiochip_find_base: found new base at 576
[    0.569734] gpio gpiochip2: (gpio-64-95): created GPIO range 0->4 ==> 44e10800.pinmux PIN 66->70
[    0.569752] gpio gpiochip2: (gpio-64-95): created GPIO range 5->6 ==> 44e10800.pinmux PIN 98->99
[    0.569768] gpio gpiochip2: (gpio-64-95): created GPIO range 7->8 ==> 44e10800.pinmux PIN 75->76
[    0.569783] gpio gpiochip2: (gpio-64-95): created GPIO range 13->13 ==> 44e10800.pinmux PIN 141->141
[    0.569798] gpio gpiochip2: (gpio-64-95): created GPIO range 14->21 ==> 44e10800.pinmux PIN 100->107
[    0.570363] gpio gpiochip2: (gpio-64-95): added GPIO chardev (254:2)
[    0.570487] gpio gpiochip2: registered GPIOs 576 to 607 on gpio-64-95
[    0.576877] /ocp/interconnect@48000000/segment@300000/target-module@e000/lcdc@0: Fixed dependency cycle(s) with /ocp/interconnect@44c00000/segment@200000/target-module@b000/i2c@0/tda19988@70
[    0.579522] /ocp/interconnect@48000000/segment@300000/target-module@e000/lcdc@0: Fixed dependency cycle(s) with /ocp/interconnect@44c00000/segment@200000/target-module@b000/i2c@0/tda19988@70
[    0.580189] /ocp/interconnect@44c00000/segment@200000/target-module@b000/i2c@0/tda19988@70: Fixed dependency cycle(s) with /ocp/interconnect@48000000/segment@300000/target-module@e000/lcdc@0
[    0.580360] /ocp/interconnect@48000000/segment@300000/target-module@e000/lcdc@0: Fixed dependency cycle(s) with /ocp/interconnect@44c00000/segment@200000/target-module@b000/i2c@0/tda19988@70
[    0.589769] mdio_bus 4a101000.mdio: using DT '/ocp/interconnect@4a000000/segment@0/target-module@100000/switch@0/mdio@1000' for 'reset' GPIO lookup
[    0.589843] of_get_named_gpiod_flags: can't parse 'reset-gpios' property of node '/ocp/interconnect@4a000000/segment@0/target-module@100000/switch@0/mdio@1000[0]'
[    0.589891] of_get_named_gpiod_flags: can't parse 'reset-gpio' property of node '/ocp/interconnect@4a000000/segment@0/target-module@100000/switch@0/mdio@1000[0]'
[    0.589939] mdio_bus 4a101000.mdio: using lookup tables for GPIO lookup
[    0.589948] mdio_bus 4a101000.mdio: No GPIO consumer reset found
[    0.591100] sdhci-omap 481d8000.mmc: using DT '/ocp/interconnect@48000000/segment@100000/target-module@d8000/mmc@0' for 'wp' GPIO lookup
[    0.591166] of_get_named_gpiod_flags: can't parse 'wp-gpios' property of node '/ocp/interconnect@48000000/segment@100000/target-module@d8000/mmc@0[0]'
[    0.591363] of_get_named_gpiod_flags: can't parse 'wp-gpio' property of node '/ocp/interconnect@48000000/segment@100000/target-module@d8000/mmc@0[0]'
[    0.591406] sdhci-omap 481d8000.mmc: using lookup tables for GPIO lookup
[    0.591416] sdhci-omap 481d8000.mmc: No GPIO consumer wp found
[    0.591609] sdhci-omap 481d8000.mmc: supply pbias not found, using dummy regulator
[    0.592122] sdhci-omap 481d8000.mmc: supply vqmmc not found, using dummy regulator
[    0.670097] davinci_mdio 4a101000.mdio: davinci mdio revision 1.6, bus freq 1000000
[    0.684079] mdio_bus 4a101000.mdio:00: using DT '/ocp/interconnect@4a000000/segment@0/target-module@100000/switch@0/mdio@1000/ethernet-phy@0' for 'reset' GPIO lookup
[    0.684182] of_get_named_gpiod_flags: parsed 'reset-gpios' property of node '/ocp/interconnect@4a000000/segment@0/target-module@100000/switch@0/mdio@1000/ethernet-phy@0[0]' - status (0)
[    0.684342] gpio gpiochip0: Persistence not supported for GPIO 8
[    0.862193] davinci_mdio 4a101000.mdio: phy[0]: device 4a101000.mdio:00, driver SMSC LAN8710/LAN8720
[    0.862831] cpsw-switch 4a100000.switch: initialized cpsw ale version 1.4
[    0.862853] cpsw-switch 4a100000.switch: ALE Table size 1024
[    0.862989] cpsw-switch 4a100000.switch: cpts: overflow check period 500 (jiffies)
[    0.863006] cpsw-switch 4a100000.switch: CPTS: ref_clk_freq:250000000 calc_mult:2147483648 calc_shift:29 error:0 nsec/sec
[    0.863107] cpsw-switch 4a100000.switch: Detected MACID = 6c:ec:eb:68:de:78
[    0.864923] cpsw-switch 4a100000.switch: initialized (regs 0x4a100000, pool size 256) hw_ver:0019010C 1.12 (0)
[    0.875596] debugfs: Directory '49000000.dma' with parent 'dmaengine' already present!
[    0.875639] edma 49000000.dma: TI EDMA DMA engine driver
[    0.909994] gpio-clk clk_mcasp0: using DT '/clk_mcasp0' for 'enable' GPIO lookup
[    0.910075] of_get_named_gpiod_flags: parsed 'enable-gpios' property of node '/clk_mcasp0[0]' - status (0)
[    0.910117] gpio gpiochip0: Persistence not supported for GPIO 27
[    0.910968] gpiochip_find_base: found new base at 608
[    0.911028] gpio gpiochip3: (gpio-96-127): created GPIO range 0->7 ==> 44e10800.pinmux PIN 82->89
[    0.911047] gpio gpiochip3: (gpio-96-127): created GPIO range 8->11 ==> 44e10800.pinmux PIN 52->55
[    0.911063] gpio gpiochip3: (gpio-96-127): created GPIO range 12->15 ==> 44e10800.pinmux PIN 94->97
[    0.911079] gpio gpiochip3: (gpio-96-127): created GPIO range 16->17 ==> 44e10800.pinmux PIN 71->72
[    0.911094] gpio gpiochip3: (gpio-96-127): created GPIO range 18->18 ==> 44e10800.pinmux PIN 135->135
[    0.911110] gpio gpiochip3: (gpio-96-127): created GPIO range 19->20 ==> 44e10800.pinmux PIN 108->109
[    0.911127] gpio gpiochip3: (gpio-96-127): created GPIO range 21->21 ==> 44e10800.pinmux PIN 73->73
[    0.911144] gpio gpiochip3: (gpio-96-127): created GPIO range 22->23 ==> 44e10800.pinmux PIN 8->9
[    0.911161] gpio gpiochip3: (gpio-96-127): created GPIO range 26->27 ==> 44e10800.pinmux PIN 10->11
[    0.911179] gpio gpiochip3: (gpio-96-127): created GPIO range 28->28 ==> 44e10800.pinmux PIN 74->74
[    0.911396] gpio gpiochip3: (gpio-96-127): created GPIO range 29->29 ==> 44e10800.pinmux PIN 81->81
[    0.911421] gpio gpiochip3: (gpio-96-127): created GPIO range 30->31 ==> 44e10800.pinmux PIN 28->29
[    0.922044] gpio gpiochip3: (gpio-96-127): added GPIO chardev (254:3)
[    0.922194] gpio gpiochip3: registered GPIOs 608 to 639 on gpio-96-127
[    0.931941] omap8250 44e09000.serial: using DT '/ocp/interconnect@44c00000/segment@200000/target-module@9000/serial@0' for 'rs485-term' GPIO lookup
[    0.932021] of_get_named_gpiod_flags: can't parse 'rs485-term-gpios' property of node '/ocp/interconnect@44c00000/segment@200000/target-module@9000/serial@0[0]'
[    0.932068] of_get_named_gpiod_flags: can't parse 'rs485-term-gpio' property of node '/ocp/interconnect@44c00000/segment@200000/target-module@9000/serial@0[0]'
[    0.932104] omap8250 44e09000.serial: using lookup tables for GPIO lookup
[    0.932114] omap8250 44e09000.serial: No GPIO consumer rs485-term found
[    0.932123] omap8250 44e09000.serial: using DT '/ocp/interconnect@44c00000/segment@200000/target-module@9000/serial@0' for 'rs485-rx-during-tx' GPIO lookup
[    0.932160] of_get_named_gpiod_flags: can't parse 'rs485-rx-during-tx-gpios' property of node '/ocp/interconnect@44c00000/segment@200000/target-module@9000/serial@0[0]'
[    0.932197] of_get_named_gpiod_flags: can't parse 'rs485-rx-during-tx-gpio' property of node '/ocp/interconnect@44c00000/segment@200000/target-module@9000/serial@0[0]'
[    0.932228] omap8250 44e09000.serial: using lookup tables for GPIO lookup
[    0.932236] omap8250 44e09000.serial: No GPIO consumer rs485-rx-during-tx found
[    0.932604] 44e09000.serial: ttyS0 at MMIO 0x44e09000 (irq = 34, base_baud = 3000000) is a 8250
[    0.932689] printk: console [ttyS0] enabled
[    2.134988] i2c i2c-0: using DT '/ocp/interconnect@44c00000/segment@200000/target-module@b000/i2c@0' for 'scl' GPIO lookup
[    2.135087] of_get_named_gpiod_flags: can't parse 'scl-gpios' property of node '/ocp/interconnect@44c00000/segment@200000/target-module@b000/i2c@0[0]'
[    2.135133] of_get_named_gpiod_flags: can't parse 'scl-gpio' property of node '/ocp/interconnect@44c00000/segment@200000/target-module@b000/i2c@0[0]'
[    2.135171] i2c i2c-0: using lookup tables for GPIO lookup
[    2.135183] i2c i2c-0: No GPIO consumer scl found
[    2.135206] i2c i2c-0: using DT '/ocp/interconnect@44c00000/segment@200000/target-module@b000/i2c@0' for 'sda' GPIO lookup
[    2.135244] of_get_named_gpiod_flags: can't parse 'sda-gpios' property of node '/ocp/interconnect@44c00000/segment@200000/target-module@b000/i2c@0[0]'
[    2.135283] of_get_named_gpiod_flags: can't parse 'sda-gpio' property of node '/ocp/interconnect@44c00000/segment@200000/target-module@b000/i2c@0[0]'
[    2.135316] i2c i2c-0: using lookup tables for GPIO lookup
[    2.135326] i2c i2c-0: No GPIO consumer sda found
[    2.162170] tps65217-pmic: Failed to locate of_node [id: -1]
[    2.168207] tps65217-bl: Failed to locate of_node [id: -1]
[    2.179179] tps65217 0-0024: TPS65217 ID 0xe version 1.2
[    2.185332] /ocp/interconnect@48000000/segment@300000/target-module@e000/lcdc@0: Fixed dependency cycle(s) with /ocp/interconnect@44c00000/segment@200000/target-module@b000/i2c@0/tda19988@70
[    2.202667] /ocp/interconnect@44c00000/segment@200000/target-module@b000/i2c@0/tda19988@70: Fixed dependency cycle(s) with /ocp/interconnect@48000000/segment@300000/target-module@e000/lcdc@0
[    2.220004] omap_i2c 44e0b000.i2c: bus 0 rev0.11 at 400 kHz
[    2.227710] sdhci-omap 48060000.mmc: using DT '/ocp/interconnect@48000000/segment@0/target-module@60000/mmc@0' for 'cd' GPIO lookup
[    2.227813] of_get_named_gpiod_flags: parsed 'cd-gpios' property of node '/ocp/interconnect@48000000/segment@0/target-module@60000/mmc@0[0]' - status (0)
[    2.227935] gpio gpiochip3: Persistence not supported for GPIO 6
[    2.227961] omap_gpio 44e07000.gpio: Could not set line 6 debounce to 200000 microseconds (-22)
[    2.236828] sdhci-omap 48060000.mmc: Got CD GPIO
[    2.241499] sdhci-omap 48060000.mmc: using DT '/ocp/interconnect@48000000/segment@0/target-module@60000/mmc@0' for 'wp' GPIO lookup
[    2.241549] of_get_named_gpiod_flags: can't parse 'wp-gpios' property of node '/ocp/interconnect@48000000/segment@0/target-module@60000/mmc@0[0]'
[    2.241592] of_get_named_gpiod_flags: can't parse 'wp-gpio' property of node '/ocp/interconnect@48000000/segment@0/target-module@60000/mmc@0[0]'
[    2.241629] sdhci-omap 48060000.mmc: using lookup tables for GPIO lookup
[    2.241641] sdhci-omap 48060000.mmc: No GPIO consumer wp found
[    2.241833] sdhci-omap 48060000.mmc: supply pbias not found, using dummy regulator
[    2.250823] sdhci-omap 481d8000.mmc: using DT '/ocp/interconnect@48000000/segment@100000/target-module@d8000/mmc@0' for 'wp' GPIO lookup
[    2.250901] of_get_named_gpiod_flags: can't parse 'wp-gpios' property of node '/ocp/interconnect@48000000/segment@100000/target-module@d8000/mmc@0[0]'
[    2.250950] of_get_named_gpiod_flags: can't parse 'wp-gpio' property of node '/ocp/interconnect@48000000/segment@100000/target-module@d8000/mmc@0[0]'
[    2.250988] sdhci-omap 481d8000.mmc: using lookup tables for GPIO lookup
[    2.251000] sdhci-omap 481d8000.mmc: No GPIO consumer wp found
[    2.252046] sdhci-omap 48060000.mmc: supply vqmmc not found, using dummy regulator
[    2.260715] sdhci-omap 481d8000.mmc: supply pbias not found, using dummy regulator
[    2.269674] sdhci-omap 481d8000.mmc: supply vqmmc not found, using dummy regulator
[    2.308787] mmc1: SDHCI controller on 481d8000.mmc [481d8000.mmc] using External DMA
[    2.317931] mmc0: SDHCI controller on 48060000.mmc [48060000.mmc] using External DMA
[    2.326495] cpsw-switch 4a100000.switch: starting ndev. mode: dual_mac
[    2.370339] mmc0: new high speed SDHC card at address 5048
[    2.377288] mmcblk0: mmc0:5048 SD16G 14.4 GiB
[    2.385088]  mmcblk0: p1 p2
[    2.388334] mmcblk0: p2 size 31221760 extends beyond EOD, truncated
[    2.402845] mmc1: new high speed MMC card at address 0001
[    2.409538] mmcblk1: mmc1:0001 MMC04G 3.60 GiB
[    2.416699]  mmcblk1: p1 p2
[    2.420876] mmcblk1boot0: mmc1:0001 MMC04G 2.00 MiB
[    2.427961] mmcblk1boot1: mmc1:0001 MMC04G 2.00 MiB
[    2.434831] mmcblk1rpmb: mmc1:0001 MMC04G 128 KiB, chardev (250:0)
[    2.482405] SMSC LAN8710/LAN8720 4a101000.mdio:00: attached PHY driver (mii_bus:phy_addr=4a101000.mdio:00, irq=POLL)
[    5.601955] cpsw-switch 4a100000.switch eth0: Link is Up - 100Mbps/Full - flow control off
[    5.641237] IP-Config: Complete:
[    5.644503]      device=eth0, hwaddr=6c:ec:eb:68:de:78, ipaddr=192.168.255.1, mask=255.255.255.0, gw=255.255.255.255
[    5.655115]      host=bbb1, domain=, nis-domain=(none)
[    5.660279]      bootserver=192.168.255.126, rootserver=192.168.255.126, rootpath=
[    5.660680] clk: Disabling unused clocks
[    5.672561] KTAP version 1
[    5.675287] 1..0
[    5.698608] VFS: Mounted root (nfs filesystem) on device 0:16.
[    5.705623] devtmpfs: mounted
[    5.710238] Freeing unused kernel image (initmem) memory: 1024K
[    5.717007] Run /sbin/init as init process
[    5.721135]   with arguments:
[    5.721146]     /sbin/init
[    5.721153]     nfsrootdebug
[    5.721161]   with environment:
[    5.721167]     HOME=/
[    5.721175]     TERM=linux
[    6.401990] systemd[1]: System time before build time, advancing clock.
[    7.881243] random: crng init done
[    7.952518] systemd[1]: systemd 232 running in system mode. (+PAM +AUDIT +SELINUX +IMA +APPARMOR +SMACK +SYSVINIT +UTMP +LIBCRYPTSETUP +GCRYPT +GNUTLS +ACL +XZ +LZ4 +SECCOMP +BLKID +ELFUTILS +KMOD +IDN)
[    7.971574] systemd[1]: Detected architecture arm.
[    8.014090] systemd[1]: Set hostname to <arm>.
[    9.068548] systemd[1]: Listening on udev Control Socket.
[    9.102309] systemd[1]: Listening on Journal Audit Socket.
[    9.143222] systemd[1]: Listening on Journal Socket.
[    9.183101] systemd[1]: Listening on /dev/initctl Compatibility Named Pipe.
[    9.221856] systemd[1]: Listening on Syslog Socket.
[    9.262746] systemd[1]: Created slice User and Session Slice.
[    9.302123] systemd[1]: Started Dispatch Password Requests to Console Directory Watch.
[   11.478470] systemd-journald[83]: Received request to flush runtime journal from PID 1
[   14.354149] leds-gpio leds: using DT '/leds/led2' for '(null)' GPIO lookup
[   14.354251] of_get_named_gpiod_flags: parsed 'gpios' property of node '/leds/led2[0]' - status (0)
[   14.354304] gpio gpiochip0: Persistence not supported for GPIO 21
[   14.354317] gpio-533 (?): no flags found for (null)
[   14.354622] leds-gpio leds: using DT '/leds/led3' for '(null)' GPIO lookup
[   14.354676] of_get_named_gpiod_flags: parsed 'gpios' property of node '/leds/led3[0]' - status (0)
[   14.354711] gpio gpiochip0: Persistence not supported for GPIO 22
[   14.354722] gpio-534 (?): no flags found for (null)
[   14.423298] leds-gpio leds: using DT '/leds/led4' for '(null)' GPIO lookup
[   14.423397] of_get_named_gpiod_flags: parsed 'gpios' property of node '/leds/led4[0]' - status (0)
[   14.423447] gpio gpiochip0: Persistence not supported for GPIO 23
[   14.423459] gpio-535 (?): no flags found for (null)
[   14.452437] leds-gpio leds: using DT '/leds/led5' for '(null)' GPIO lookup
[   14.452713] of_get_named_gpiod_flags: parsed 'gpios' property of node '/leds/led5[0]' - status (0)
[   14.452768] gpio gpiochip0: Persistence not supported for GPIO 24
[   14.452779] gpio-536 (?): no flags found for (null)
[   14.853606] remoteproc remoteproc0: wkup_m3 is available
[   15.237905] omap_wdt: OMAP Watchdog Timer Rev 0x01: initial timeout 60 sec
[   15.556823] at24 2-0054: supply vcc not found, using dummy regulator
[   15.584825] am335x-phy-driver 47401300.usb-phy: using DT '/ocp/target-module@47400000/usb-phy@1300' for 'reset' GPIO lookup
[   15.584919] of_get_named_gpiod_flags: can't parse 'reset-gpios' property of node '/ocp/target-module@47400000/usb-phy@1300[0]'
[   15.584963] of_get_named_gpiod_flags: can't parse 'reset-gpio' property of node '/ocp/target-module@47400000/usb-phy@1300[0]'
[   15.584998] am335x-phy-driver 47401300.usb-phy: using lookup tables for GPIO lookup
[   15.585011] am335x-phy-driver 47401300.usb-phy: No GPIO consumer reset found
[   15.585022] am335x-phy-driver 47401300.usb-phy: using DT '/ocp/target-module@47400000/usb-phy@1300' for 'vbus-detect' GPIO lookup
[   15.585052] of_get_named_gpiod_flags: can't parse 'vbus-detect-gpios' property of node '/ocp/target-module@47400000/usb-phy@1300[0]'
[   15.585083] of_get_named_gpiod_flags: can't parse 'vbus-detect-gpio' property of node '/ocp/target-module@47400000/usb-phy@1300[0]'
[   15.585107] am335x-phy-driver 47401300.usb-phy: using lookup tables for GPIO lookup
[   15.585117] am335x-phy-driver 47401300.usb-phy: No GPIO consumer vbus-detect found
[   15.585261] am335x-phy-driver 47401300.usb-phy: dummy supplies not allowed for exclusive requests
[   15.760017] at24 2-0055: supply vcc not found, using dummy regulator
[   15.788334] usbcore: registered new interface driver usbfs
[   15.794115] usbcore: registered new interface driver hub
[   15.799568] usbcore: registered new device driver usb
[   15.859023] at24 2-0056: supply vcc not found, using dummy regulator
[   15.945124] tps6521x_pwrbutton tps65217-pwrbutton: DMA mask not set
[   15.953329] at24 2-0057: supply vcc not found, using dummy regulator
[   16.034688] am335x-phy-driver 47401b00.usb-phy: using DT '/ocp/target-module@47400000/usb-phy@1b00' for 'reset' GPIO lookup
[   16.034777] of_get_named_gpiod_flags: can't parse 'reset-gpios' property of node '/ocp/target-module@47400000/usb-phy@1b00[0]'
[   16.034819] of_get_named_gpiod_flags: can't parse 'reset-gpio' property of node '/ocp/target-module@47400000/usb-phy@1b00[0]'
[   16.034855] am335x-phy-driver 47401b00.usb-phy: using lookup tables for GPIO lookup
[   16.034869] am335x-phy-driver 47401b00.usb-phy: No GPIO consumer reset found
[   16.034880] am335x-phy-driver 47401b00.usb-phy: using DT '/ocp/target-module@47400000/usb-phy@1b00' for 'vbus-detect' GPIO lookup
[   16.034910] of_get_named_gpiod_flags: can't parse 'vbus-detect-gpios' property of node '/ocp/target-module@47400000/usb-phy@1b00[0]'
[   16.034939] of_get_named_gpiod_flags: can't parse 'vbus-detect-gpio' property of node '/ocp/target-module@47400000/usb-phy@1b00[0]'
[   16.034964] am335x-phy-driver 47401b00.usb-phy: using lookup tables for GPIO lookup
[   16.034974] am335x-phy-driver 47401b00.usb-phy: No GPIO consumer vbus-detect found
[   16.035118] am335x-phy-driver 47401b00.usb-phy: dummy supplies not allowed for exclusive requests
[   16.083835] input: tps65217_pwrbutton as /devices/platform/ocp/44c00000.interconnect/44c00000.interconnect:segment@200000/44e0b000.target-module/44e0b000.i2c/i2c-0/0-0024/tps65217-pwrbutton/input/input0
[   16.119726] at24 0-0050: using DT '/ocp/interconnect@44c00000/segment@200000/target-module@b000/i2c@0/baseboard_eeprom@50' for 'wp' GPIO lookup
[   16.119887] of_get_named_gpiod_flags: can't parse 'wp-gpios' property of node '/ocp/interconnect@44c00000/segment@200000/target-module@b000/i2c@0/baseboard_eeprom@50[0]'
[   16.120011] of_get_named_gpiod_flags: can't parse 'wp-gpio' property of node '/ocp/interconnect@44c00000/segment@200000/target-module@b000/i2c@0/baseboard_eeprom@50[0]'
[   16.120103] at24 0-0050: using lookup tables for GPIO lookup
[   16.120117] at24 0-0050: No GPIO consumer wp found
[   16.120595] at24 0-0050: 32768 byte 24c256 EEPROM, writable, 1 bytes/write
[   16.330430] wkup_m3_ipc 44e11324.wkup_m3_ipc: IPC Request for A8->M3 Channel failed! -517
[   16.418618] omap_rtc 44e3e000.rtc: registered as rtc0
[   16.423973] omap_rtc 44e3e000.rtc: setting system clock to 2000-01-01T00:00:00 UTC (946684800)
[   16.432707] omap_rtc 44e3e000.rtc: using DT '/ocp/interconnect@44c00000/segment@200000/target-module@3e000/rtc@0' for 'wp' GPIO lookup
[   16.432783] of_get_named_gpiod_flags: can't parse 'wp-gpios' property of node '/ocp/interconnect@44c00000/segment@200000/target-module@3e000/rtc@0[0]'
[   16.432833] of_get_named_gpiod_flags: can't parse 'wp-gpio' property of node '/ocp/interconnect@44c00000/segment@200000/target-module@3e000/rtc@0[0]'
[   16.432871] omap_rtc 44e3e000.rtc: using lookup tables for GPIO lookup
[   16.432884] omap_rtc 44e3e000.rtc: No GPIO consumer wp found
[   16.435206] wkup_m3_ipc 44e11324.wkup_m3_ipc: IPC Request for A8->M3 Channel failed! -517
[   16.862367] wkup_m3_ipc 44e11324.wkup_m3_ipc: IPC Request for A8->M3 Channel failed! -517
[   16.991541] musb-hdrc musb-hdrc.1: MUSB HDRC host driver
[   16.996958] musb-hdrc musb-hdrc.1: new USB bus registered, assigned bus number 1
[   17.022067] wkup_m3_ipc 44e11324.wkup_m3_ipc: IPC Request for A8->M3 Channel failed! -517
[   17.168402] usb usb1: New USB device found, idVendor=1d6b, idProduct=0002, bcdDevice= 6.06
[   17.176860] usb usb1: New USB device strings: Mfr=3, Product=2, SerialNumber=1
[   17.184180] usb usb1: Product: MUSB HDRC host driver
[   17.189365] usb usb1: Manufacturer: Linux 6.6.99 musb-hcd
[   17.194841] usb usb1: SerialNumber: musb-hdrc.1
[   17.390865] hub 1-0:1.0: USB hub found
[   17.440364] hub 1-0:1.0: 1 port detected
[   17.540786] wkup_m3_ipc 44e11324.wkup_m3_ipc: IPC Request for A8->M3 Channel failed! -517
[   17.643632] wkup_m3_ipc 44e11324.wkup_m3_ipc: IPC Request for A8->M3 Channel failed! -517
[   17.859121] tda998x 0-0070: found TDA19988
[   17.940708] wkup_m3_ipc 44e11324.wkup_m3_ipc: IPC Request for A8->M3 Channel failed! -517
[   18.207514] omap-mailbox 480c8000.mailbox: omap mailbox rev 0x400
[   18.245378] remoteproc remoteproc0: powering up wkup_m3
[   18.443608] remoteproc remoteproc0: Direct firmware load for am335x-pm-firmware.elf failed with error -2
[   18.453411] remoteproc remoteproc0: request_firmware failed: -2
[   18.459372] wkup_m3_ipc 44e11324.wkup_m3_ipc: rproc_boot failed
[   20.529230] tilcdc 4830e000.lcdc: bound 0-0070 (ops 0xbf0750fc)
[   20.579651] omap_rng 48310000.rng: Random Number Generator ver. 20
[   20.656917] [drm] Initialized tilcdc 1.0.0 20121205 for 4830e000.lcdc on minor 0
[   20.749373] tilcdc 4830e000.lcdc: [drm] Cannot find any crtc or sizes
[   20.757868] tilcdc 4830e000.lcdc: [drm] Cannot find any crtc or sizes
[   21.627422] PM: Cannot get wkup_m3_ipc handle
[   22.071521] omap-sham 53100000.sham: hw accel on OMAP rev 4.3
[   22.235654] omap-aes 53500000.aes: OMAP AES hw accel rev: 3.2
[   22.250373] omap-sham 53100000.sham: will run requests pump with realtime priority
[   22.259171] PM: Cannot get wkup_m3_ipc handle
[   22.402805] omap-aes 53500000.aes: will run requests pump with realtime priority
[   22.415689] PM: Cannot get wkup_m3_ipc handle
[   22.649173] Bluetooth: Core ver 2.22
[   22.653184] NET: Registered PF_BLUETOOTH protocol family
[   22.658532] Bluetooth: HCI device and connection manager initialized
[   22.665046] Bluetooth: HCI socket layer initialized
[   22.669960] Bluetooth: L2CAP socket layer initialized
[   22.675116] Bluetooth: SCO socket layer initialized
[   25.623213] PM: Cannot get wkup_m3_ipc handle
[   25.628991] asoc-simple-card sound: using DT '/sound' for 'simple-audio-card,hp-det' GPIO lookup
[   25.629061] of_get_named_gpiod_flags: can't parse 'simple-audio-card,hp-det-gpios' property of node '/sound[0]'
[   25.629096] of_get_named_gpiod_flags: can't parse 'simple-audio-card,hp-det-gpio' property of node '/sound[0]'
[   25.629120] asoc-simple-card sound: using lookup tables for GPIO lookup
[   25.629132] asoc-simple-card sound: No GPIO consumer simple-audio-card,hp-det found
[   25.629145] asoc-simple-card sound: using DT '/sound' for 'simple-audio-card,mic-det' GPIO lookup
[   25.629167] of_get_named_gpiod_flags: can't parse 'simple-audio-card,mic-det-gpios' property of node '/sound[0]'
[   25.629191] of_get_named_gpiod_flags: can't parse 'simple-audio-card,mic-det-gpio' property of node '/sound[0]'
[   25.629209] asoc-simple-card sound: using lookup tables for GPIO lookup
[   25.629219] asoc-simple-card sound: No GPIO consumer simple-audio-card,mic-det found
[   25.770676] PM: Cannot get wkup_m3_ipc handle
[   27.665302] userial_init: registered 8 ttyGS* devices
[   27.943714] rndis_register: configNr = 0
[   28.049120] udc musb-hdrc.0: binding gadget driver [g_multi]
[   28.049212] configfs-gadget.g_multi gadget.0: adding 'rndis'/c1f128bb to config 'c'/b67f61a7
[   28.050362] configfs-gadget.g_multi gadget.0: HOST MAC 1c:ba:8c:a2:ed:6c
[   28.057361] configfs-gadget.g_multi gadget.0: MAC 1c:ba:8c:a2:ed:70
[   28.063777] rndis_set_param_medium: 0 0
[   28.063798] configfs-gadget.g_multi gadget.0: RNDIS: IN/ep1in OUT/ep1out NOTIFY/ep2in
[   28.063813] configfs-gadget.g_multi gadget.0: adding 'cdc_ethernet'/a7ae76bb to config 'c'/b67f61a7
[   28.064723] configfs-gadget.g_multi gadget.0: HOST MAC 1c:ba:8c:a2:ed:6c
[   28.071570] configfs-gadget.g_multi gadget.0: MAC 1c:ba:8c:a2:ed:6d
[   28.077914] configfs-gadget.g_multi gadget.0: CDC Ethernet: IN/ep3in OUT/ep2out NOTIFY/ep4in
[   28.077931] configfs-gadget.g_multi gadget.0: adding 'acm'/c368e8f6 to config 'c'/b67f61a7
[   28.077963] configfs-gadget.g_multi gadget.0: acm ttyGS0: IN/ep5in OUT/ep3out NOTIFY/ep6in
[   28.080123] PM: Cannot get wkup_m3_ipc handle
[   29.245100] configfs-gadget.g_multi gadget.0: eth_open
[   29.858906] configfs-gadget.g_multi gadget.0: stop stats: rx/tx 0/0, errs 0/0
[   34.593971] gs_open: ttyGS0 (7d4cea8a,77905a9c)
[   34.594117] gs_close: ttyGS0 (7d4cea8a,77905a9c) ...
[   34.594138] gs_close: ttyGS0 (7d4cea8a,77905a9c) done!
[   34.594295] gs_open: ttyGS0 (c16852ed,fd279035)
[   34.594366] gs_close: ttyGS0 (c16852ed,fd279035) ...
[   34.594383] gs_close: ttyGS0 (c16852ed,fd279035) done!
[   34.751446] gs_open: ttyGS0 (504ff042,264da1e7)
[   34.757077] gs_close: ttyGS0 (504ff042,264da1e7) ...
[   34.757145] gs_close: ttyGS0 (504ff042,264da1e7) done!
[   34.757471] gs_open: ttyGS0 (dd70ca5e,722d5bef)
NCGLHQKAHT 0
root@arm:~# echo 'KNXA''TETYTG'
KNXATETYTG
root@arm:~# MARKER='CHOB''QFEWKG' run 'modprobe test_linear_ranges'
CHOBQFEWKGCHOBQFEWKG 0
root@arm:~# echo 'HYQC''QNXCLS'
HYQCQNXCLS
root@arm:~# MARKER='JZNT''SGJVFT' run dmesg
JZNTSGJVFT[    0.000000] Booting Linux on physical CPU 0x0
[    0.000000] Linux version 6.6.99 (user01@drvtest01) (arm-none-eabi-gcc (Arm GNU Toolchain 14.2.Rel1 (Build arm-14.52)) 14.2.1 20241119, GNU ld (Arm GNU Toolchain 14.2.Rel1 (Build arm-14.52)) 2.43.1.20241119) #1 SMP Thu Jul 17 22:27:16 EEST 2025
[    0.000000] CPU: ARMv7 Processor [413fc082] revision 2 (ARMv7), cr=10c5387d
[    0.000000] CPU: PIPT / VIPT nonaliasing data cache, VIPT aliasing instruction cache
[    0.000000] OF: fdt: Machine model: TI AM335x BeagleBone Black
[    0.000000] Memory policy: Data cache writeback
[    0.000000] cma: Reserved 16 MiB at 0x9e800000 on node -1
[    0.000000] Zone ranges:
[    0.000000]   Normal   [mem 0x0000000080000000-0x000000009fdfffff]
[    0.000000]   HighMem  empty
[    0.000000] Movable zone start for each node
[    0.000000] Early memory node ranges
[    0.000000]   node   0: [mem 0x0000000080000000-0x000000009fdfffff]
[    0.000000] Initmem setup node 0 [mem 0x0000000080000000-0x000000009fdfffff]
[    0.000000] CPU: All CPU(s) started in SVC mode.
[    0.000000] AM335X ES2.1 (sgx neon)
[    0.000000] percpu: Embedded 16 pages/cpu s36116 r8192 d21228 u65536
[    0.000000] pcpu-alloc: s36116 r8192 d21228 u65536 alloc=16*4096
[    0.000000] pcpu-alloc: [0] 0 
[    0.000000] Kernel command line: console=ttyO0,115200n8 root=/dev/nfs rw nfsroot=192.168.255.126:/home/user01/nfs,nfsvers=3 ip=192.168.255.1:192.168.255.126::255.255.255.0:bbb1:eth0 nfsrootdebug
[    0.000000] Unknown kernel command line parameters "nfsrootdebug", will be passed to user space.
[    0.000000] Dentry cache hash table entries: 65536 (order: 6, 262144 bytes, linear)
[    0.000000] Inode-cache hash table entries: 32768 (order: 5, 131072 bytes, linear)
[    0.000000] Built 1 zonelists, mobility grouping on.  Total pages: 129412
[    0.000000] mem auto-init: stack:off, heap alloc:off, heap free:off
[    0.000000] Memory: 483604K/522240K available (11264K kernel code, 1165K rwdata, 2700K rodata, 1024K init, 282K bss, 22252K reserved, 16384K cma-reserved, 0K highmem)
[    0.000000] SLUB: HWalign=64, Order=0-3, MinObjects=0, CPUs=1, Nodes=1
[    0.000000] rcu: Hierarchical RCU implementation.
[    0.000000] rcu: 	RCU event tracing is enabled.
[    0.000000] rcu: 	RCU restricting CPUs from NR_CPUS=2 to nr_cpu_ids=1.
[    0.000000] rcu: RCU calculated value of scheduler-enlistment delay is 10 jiffies.
[    0.000000] rcu: Adjusting geometry for rcu_fanout_leaf=16, nr_cpu_ids=1
[    0.000000] NR_IRQS: 16, nr_irqs: 16, preallocated irqs: 16
[    0.000000] IRQ: Found an INTC at 0x(ptrval) (revision 5.0) with 128 interrupts
[    0.000000] rcu: srcu_init: Setting srcu_struct sizes based on contention.
[    0.000000] TI gptimer clocksource: always-on /ocp/interconnect@44c00000/segment@200000/target-module@31000
[    0.000003] sched_clock: 32 bits at 24MHz, resolution 41ns, wraps every 89478484971ns
[    0.000027] clocksource: dmtimer: mask: 0xffffffff max_cycles: 0xffffffff, max_idle_ns: 79635851949 ns
[    0.000511] TI gptimer clockevent: 24000000 Hz at /ocp/interconnect@48000000/segment@0/target-module@40000
[    0.002094] Console: colour dummy device 80x30
[    0.002143] WARNING: Your 'console=ttyO0' has been replaced by 'ttyS0'
[    0.002150] This ensures that you still see kernel messages. Please
[    0.002155] update your kernel commandline.
[    0.002195] Calibrating delay loop... 996.14 BogoMIPS (lpj=4980736)
[    0.090561] CPU: Testing write buffer coherency: ok
[    0.090657] CPU0: Spectre v2: using BPIALL workaround
[    0.090667] pid_max: default: 32768 minimum: 301
[    0.090782] LSM: initializing lsm=capability,integrity
[    0.090946] Mount-cache hash table entries: 1024 (order: 0, 4096 bytes, linear)
[    0.090968] Mountpoint-cache hash table entries: 1024 (order: 0, 4096 bytes, linear)
[    0.092424] CPU0: thread -1, cpu 0, socket -1, mpidr 0
[    0.094007] Setting up static identity map for 0x80100000 - 0x80100078
[    0.094295] rcu: Hierarchical SRCU implementation.
[    0.094305] rcu: 	Max phase no-delay instances is 1000.
[    0.095667] smp: Bringing up secondary CPUs ...
[    0.095726] smp: Brought up 1 node, 1 CPU
[    0.095741] SMP: Total of 1 processors activated (996.14 BogoMIPS).
[    0.095752] CPU: All CPU(s) started in SVC mode.
[    0.096632] devtmpfs: initialized
[    0.113250] VFP support v0.3: implementor 41 architecture 3 part 30 variant c rev 3
[    0.113596] clocksource: jiffies: mask: 0xffffffff max_cycles: 0xffffffff, max_idle_ns: 19112604462750000 ns
[    0.113631] futex hash table entries: 256 (order: 2, 16384 bytes, linear)
[    0.114954] pinctrl core: initialized pinctrl subsystem
[    0.117090] NET: Registered PF_NETLINK/PF_ROUTE protocol family
[    0.119602] DMA: preallocated 256 KiB pool for atomic coherent allocations
[    0.120218] audit: initializing netlink subsys (disabled)
[    0.121751] thermal_sys: Registered thermal governor 'fair_share'
[    0.121772] thermal_sys: Registered thermal governor 'step_wise'
[    0.121778] thermal_sys: Registered thermal governor 'user_space'
[    0.121914] cpuidle: using governor menu
[    0.138189] /ocp/interconnect@44c00000/segment@200000/target-module@b000/i2c@0/tda19988@70: Fixed dependency cycle(s) with /ocp/interconnect@48000000/segment@300000/target-module@e000/lcdc@0
[    0.139247] /ocp/interconnect@48000000/segment@300000/target-module@e000/lcdc@0: Fixed dependency cycle(s) with /ocp/interconnect@44c00000/segment@200000/target-module@b000/i2c@0/tda19988@70
[    0.141473] No ATAGs?
[    0.141492] hw-breakpoint: debug architecture 0x4 unsupported.
[    0.144275] audit: type=2000 audit(0.120:1): state=initialized audit_enabled=0 res=1
[    0.144579] kprobes: kprobe jump-optimization is enabled. All kprobes are optimized if possible.
[    0.163250] iommu: Default domain type: Translated
[    0.163270] iommu: DMA domain TLB invalidation policy: strict mode
[    0.164709] SCSI subsystem initialized
[    0.165535] reg-fixed-voltage fixedregulator0: using DT '/fixedregulator0' for '(null)' GPIO lookup
[    0.165588] of_get_named_gpiod_flags: can't parse 'gpios' property of node '/fixedregulator0[0]'
[    0.165617] of_get_named_gpiod_flags: can't parse 'gpio' property of node '/fixedregulator0[0]'
[    0.165634] reg-fixed-voltage fixedregulator0: using lookup tables for GPIO lookup
[    0.165644] reg-fixed-voltage fixedregulator0: No GPIO consumer (null) found
[    0.166181] libata version 3.00 loaded.
[    0.166528] pps_core: LinuxPPS API ver. 1 registered
[    0.166538] pps_core: Software ver. 5.3.6 - Copyright 2005-2007 Rodolfo Giometti <giometti@linux.it>
[    0.166562] PTP clock support registered
[    0.170895] vgaarb: loaded
[    0.171224] clocksource: Switched to clocksource dmtimer
[    0.171845] VFS: Disk quotas dquot_6.6.0
[    0.171905] VFS: Dquot-cache hash table entries: 1024 (order 0, 4096 bytes)
[    0.202724] NET: Registered PF_INET protocol family
[    0.203066] IP idents hash table entries: 8192 (order: 4, 65536 bytes, linear)
[    0.204405] tcp_listen_portaddr_hash hash table entries: 512 (order: 0, 4096 bytes, linear)
[    0.204443] Table-perturb hash table entries: 65536 (order: 6, 262144 bytes, linear)
[    0.204461] TCP established hash table entries: 4096 (order: 2, 16384 bytes, linear)
[    0.204505] TCP bind hash table entries: 4096 (order: 4, 65536 bytes, linear)
[    0.204606] TCP: Hash tables configured (established 4096 bind 4096)
[    0.204733] UDP hash table entries: 256 (order: 1, 8192 bytes, linear)
[    0.204761] UDP-Lite hash table entries: 256 (order: 1, 8192 bytes, linear)
[    0.204930] NET: Registered PF_UNIX/PF_LOCAL protocol family
[    0.206116] RPC: Registered named UNIX socket transport module.
[    0.206136] RPC: Registered udp transport module.
[    0.206142] RPC: Registered tcp transport module.
[    0.206147] RPC: Registered tcp-with-tls transport module.
[    0.206152] RPC: Registered tcp NFSv4.1 backchannel transport module.
[    0.206177] PCI: CLS 0 bytes, default 64
[    0.207728] Initialise system trusted keyrings
[    0.221511] workingset: timestamp_bits=14 max_order=17 bucket_order=3
[    0.222744] NFS: Registering the id_resolver key type
[    0.222811] Key type id_resolver registered
[    0.222818] Key type id_legacy registered
[    0.222871] jffs2: version 2.2. (NAND) (SUMMARY)  Â© 2001-2006 Red Hat, Inc.
[    0.223258] Key type asymmetric registered
[    0.223275] Asymmetric key parser 'x509' registered
[    0.223348] io scheduler mq-deadline registered
[    0.223358] io scheduler kyber registered
[    0.223423] io scheduler bfq registered
[    0.231738] hw perfevents: enabled with armv7_cortex_a8 PMU driver, 5 counters available
[    0.240063] l3-aon-clkctrl:0000:0: failed to disable
[    0.241572] Serial: 8250/16550 driver, 6 ports, IRQ sharing enabled
[    0.304787] brd: module loaded
[    0.312970] loop: module loaded
[    0.313897] mtdoops: mtd device (mtddev=name/number) must be supplied
[    0.315386] mdio_bus fixed-0: using lookup tables for GPIO lookup
[    0.315410] mdio_bus fixed-0: No GPIO consumer reset found
[    0.316619] i2c_dev: i2c /dev entries driver
[    0.317590] cpuidle: enable-method property 'ti,am3352' found operations
[    0.318034] sdhci: Secure Digital Host Controller Interface driver
[    0.318043] sdhci: Copyright(c) Pierre Ossman
[    0.318228] sdhci-pltfm: SDHCI platform and OF driver helper
[    0.333857] ledtrig-cpu: registered to indicate activity on CPUs
[    0.334706] Initializing XFRM netlink socket
[    0.334831] NET: Registered PF_INET6 protocol family
[    0.348261] Segment Routing with IPv6
[    0.348335] In-situ OAM (IOAM) with IPv6
[    0.348445] sit: IPv6, IPv4 and MPLS over IPv4 tunneling driver
[    0.349410] NET: Registered PF_PACKET protocol family
[    0.349438] NET: Registered PF_KEY protocol family
[    0.349588] Key type dns_resolver registered
[    0.349812] ThumbEE CPU extension supported.
[    0.349831] Registering SWP/SWPB emulation handler
[    0.350341] omap_voltage_late_init: Voltage driver support not added
[    0.350980] SmartReflex Class3 initialized
[    0.375792] Loading compiled-in X.509 certificates
[    0.416577] /ocp/interconnect@44c00000/segment@200000/target-module@b000/i2c@0/tda19988@70: Fixed dependency cycle(s) with /ocp/interconnect@48000000/segment@300000/target-module@e000/lcdc@0
[    0.422972] /ocp/interconnect@44c00000/segment@200000/target-module@b000/i2c@0/tda19988@70: Fixed dependency cycle(s) with /ocp/interconnect@48000000/segment@300000/target-module@e000/lcdc@0
[    0.428333] gpiochip_find_base: found new base at 512
[    0.430806] /ocp/interconnect@44c00000/segment@200000/target-module@b000/i2c@0/tda19988@70: Fixed dependency cycle(s) with /ocp/interconnect@48000000/segment@300000/target-module@e000/lcdc@0
[    0.431876] /ocp/interconnect@44c00000/segment@200000/target-module@b000/i2c@0/tda19988@70: Fixed dependency cycle(s) with /ocp/interconnect@48000000/segment@300000/target-module@e000/lcdc@0
[    0.435201] /ocp/interconnect@44c00000/segment@200000/target-module@10000/scm@0/pinmux@800: Fixed dependency cycle(s) with /ocp/interconnect@44c00000/segment@200000/target-module@10000/scm@0/pinmux@800/clkout2-pins
[    0.435797] pinctrl-single 44e10800.pinmux: 142 pins, size 568
[    0.440770] ti-sysc: probe of 44e31000.target-module failed with error -16
[    0.467742] /ocp/interconnect@48000000/segment@300000/target-module@e000/lcdc@0: Fixed dependency cycle(s) with /ocp/interconnect@44c00000/segment@200000/target-module@b000/i2c@0/tda19988@70
[    0.475659] ti-sysc: probe of 48040000.target-module failed with error -16
[    0.486629] gpiochip_find_base: found new base at 512
[    0.486697] gpio gpiochip0: (gpio-0-31): created GPIO range 0->7 ==> 44e10800.pinmux PIN 0->7
[    0.486717] gpio gpiochip0: (gpio-0-31): created GPIO range 8->11 ==> 44e10800.pinmux PIN 90->93
[    0.486733] gpio gpiochip0: (gpio-0-31): created GPIO range 12->27 ==> 44e10800.pinmux PIN 12->27
[    0.486748] gpio gpiochip0: (gpio-0-31): created GPIO range 28->31 ==> 44e10800.pinmux PIN 30->33
[    0.512466] gpio gpiochip0: (gpio-0-31): added GPIO chardev (254:0)
[    0.512628] gpio gpiochip0: registered GPIOs 512 to 543 on gpio-0-31
[    0.512710] OMAP GPIO hardware version 0.1
[    0.547257] i2c i2c-2: using DT '/ocp/interconnect@48000000/segment@100000/target-module@9c000/i2c@0' for 'scl' GPIO lookup
[    0.547331] of_get_named_gpiod_flags: can't parse 'scl-gpios' property of node '/ocp/interconnect@48000000/segment@100000/target-module@9c000/i2c@0[0]'
[    0.547375] of_get_named_gpiod_flags: can't parse 'scl-gpio' property of node '/ocp/interconnect@48000000/segment@100000/target-module@9c000/i2c@0[0]'
[    0.547411] i2c i2c-2: using lookup tables for GPIO lookup
[    0.547420] i2c i2c-2: No GPIO consumer scl found
[    0.547441] i2c i2c-2: using DT '/ocp/interconnect@48000000/segment@100000/target-module@9c000/i2c@0' for 'sda' GPIO lookup
[    0.547476] of_get_named_gpiod_flags: can't parse 'sda-gpios' property of node '/ocp/interconnect@48000000/segment@100000/target-module@9c000/i2c@0[0]'
[    0.547514] of_get_named_gpiod_flags: can't parse 'sda-gpio' property of node '/ocp/interconnect@48000000/segment@100000/target-module@9c000/i2c@0[0]'
[    0.547544] i2c i2c-2: using lookup tables for GPIO lookup
[    0.547552] i2c i2c-2: No GPIO consumer sda found
[    0.548250] omap_i2c 4819c000.i2c: bus 2 rev0.11 at 100 kHz
[    0.553851] gpiochip_find_base: found new base at 544
[    0.553915] gpio gpiochip1: (gpio-32-63): created GPIO range 0->17 ==> 44e10800.pinmux PIN 34->51
[    0.553934] gpio gpiochip1: (gpio-32-63): created GPIO range 18->21 ==> 44e10800.pinmux PIN 77->80
[    0.553949] gpio gpiochip1: (gpio-32-63): created GPIO range 22->31 ==> 44e10800.pinmux PIN 56->65
[    0.567389] gpio gpiochip1: (gpio-32-63): added GPIO chardev (254:1)
[    0.567536] gpio gpiochip1: registered GPIOs 544 to 575 on gpio-32-63
[    0.569676] gpiochip_find_base: found new base at 576
[    0.569734] gpio gpiochip2: (gpio-64-95): created GPIO range 0->4 ==> 44e10800.pinmux PIN 66->70
[    0.569752] gpio gpiochip2: (gpio-64-95): created GPIO range 5->6 ==> 44e10800.pinmux PIN 98->99
[    0.569768] gpio gpiochip2: (gpio-64-95): created GPIO range 7->8 ==> 44e10800.pinmux PIN 75->76
[    0.569783] gpio gpiochip2: (gpio-64-95): created GPIO range 13->13 ==> 44e10800.pinmux PIN 141->141
[    0.569798] gpio gpiochip2: (gpio-64-95): created GPIO range 14->21 ==> 44e10800.pinmux PIN 100->107
[    0.570363] gpio gpiochip2: (gpio-64-95): added GPIO chardev (254:2)
[    0.570487] gpio gpiochip2: registered GPIOs 576 to 607 on gpio-64-95
[    0.576877] /ocp/interconnect@48000000/segment@300000/target-module@e000/lcdc@0: Fixed dependency cycle(s) with /ocp/interconnect@44c00000/segment@200000/target-module@b000/i2c@0/tda19988@70
[    0.579522] /ocp/interconnect@48000000/segment@300000/target-module@e000/lcdc@0: Fixed dependency cycle(s) with /ocp/interconnect@44c00000/segment@200000/target-module@b000/i2c@0/tda19988@70
[    0.580189] /ocp/interconnect@44c00000/segment@200000/target-module@b000/i2c@0/tda19988@70: Fixed dependency cycle(s) with /ocp/interconnect@48000000/segment@300000/target-module@e000/lcdc@0
[    0.580360] /ocp/interconnect@48000000/segment@300000/target-module@e000/lcdc@0: Fixed dependency cycle(s) with /ocp/interconnect@44c00000/segment@200000/target-module@b000/i2c@0/tda19988@70
[    0.589769] mdio_bus 4a101000.mdio: using DT '/ocp/interconnect@4a000000/segment@0/target-module@100000/switch@0/mdio@1000' for 'reset' GPIO lookup
[    0.589843] of_get_named_gpiod_flags: can't parse 'reset-gpios' property of node '/ocp/interconnect@4a000000/segment@0/target-module@100000/switch@0/mdio@1000[0]'
[    0.589891] of_get_named_gpiod_flags: can't parse 'reset-gpio' property of node '/ocp/interconnect@4a000000/segment@0/target-module@100000/switch@0/mdio@1000[0]'
[    0.589939] mdio_bus 4a101000.mdio: using lookup tables for GPIO lookup
[    0.589948] mdio_bus 4a101000.mdio: No GPIO consumer reset found
[    0.591100] sdhci-omap 481d8000.mmc: using DT '/ocp/interconnect@48000000/segment@100000/target-module@d8000/mmc@0' for 'wp' GPIO lookup
[    0.591166] of_get_named_gpiod_flags: can't parse 'wp-gpios' property of node '/ocp/interconnect@48000000/segment@100000/target-module@d8000/mmc@0[0]'
[    0.591363] of_get_named_gpiod_flags: can't parse 'wp-gpio' property of node '/ocp/interconnect@48000000/segment@100000/target-module@d8000/mmc@0[0]'
[    0.591406] sdhci-omap 481d8000.mmc: using lookup tables for GPIO lookup
[    0.591416] sdhci-omap 481d8000.mmc: No GPIO consumer wp found
[    0.591609] sdhci-omap 481d8000.mmc: supply pbias not found, using dummy regulator
[    0.592122] sdhci-omap 481d8000.mmc: supply vqmmc not found, using dummy regulator
[    0.670097] davinci_mdio 4a101000.mdio: davinci mdio revision 1.6, bus freq 1000000
[    0.684079] mdio_bus 4a101000.mdio:00: using DT '/ocp/interconnect@4a000000/segment@0/target-module@100000/switch@0/mdio@1000/ethernet-phy@0' for 'reset' GPIO lookup
[    0.684182] of_get_named_gpiod_flags: parsed 'reset-gpios' property of node '/ocp/interconnect@4a000000/segment@0/target-module@100000/switch@0/mdio@1000/ethernet-phy@0[0]' - status (0)
[    0.684342] gpio gpiochip0: Persistence not supported for GPIO 8
[    0.862193] davinci_mdio 4a101000.mdio: phy[0]: device 4a101000.mdio:00, driver SMSC LAN8710/LAN8720
[    0.862831] cpsw-switch 4a100000.switch: initialized cpsw ale version 1.4
[    0.862853] cpsw-switch 4a100000.switch: ALE Table size 1024
[    0.862989] cpsw-switch 4a100000.switch: cpts: overflow check period 500 (jiffies)
[    0.863006] cpsw-switch 4a100000.switch: CPTS: ref_clk_freq:250000000 calc_mult:2147483648 calc_shift:29 error:0 nsec/sec
[    0.863107] cpsw-switch 4a100000.switch: Detected MACID = 6c:ec:eb:68:de:78
[    0.864923] cpsw-switch 4a100000.switch: initialized (regs 0x4a100000, pool size 256) hw_ver:0019010C 1.12 (0)
[    0.875596] debugfs: Directory '49000000.dma' with parent 'dmaengine' already present!
[    0.875639] edma 49000000.dma: TI EDMA DMA engine driver
[    0.909994] gpio-clk clk_mcasp0: using DT '/clk_mcasp0' for 'enable' GPIO lookup
[    0.910075] of_get_named_gpiod_flags: parsed 'enable-gpios' property of node '/clk_mcasp0[0]' - status (0)
[    0.910117] gpio gpiochip0: Persistence not supported for GPIO 27
[    0.910968] gpiochip_find_base: found new base at 608
[    0.911028] gpio gpiochip3: (gpio-96-127): created GPIO range 0->7 ==> 44e10800.pinmux PIN 82->89
[    0.911047] gpio gpiochip3: (gpio-96-127): created GPIO range 8->11 ==> 44e10800.pinmux PIN 52->55
[    0.911063] gpio gpiochip3: (gpio-96-127): created GPIO range 12->15 ==> 44e10800.pinmux PIN 94->97
[    0.911079] gpio gpiochip3: (gpio-96-127): created GPIO range 16->17 ==> 44e10800.pinmux PIN 71->72
[    0.911094] gpio gpiochip3: (gpio-96-127): created GPIO range 18->18 ==> 44e10800.pinmux PIN 135->135
[    0.911110] gpio gpiochip3: (gpio-96-127): created GPIO range 19->20 ==> 44e10800.pinmux PIN 108->109
[    0.911127] gpio gpiochip3: (gpio-96-127): created GPIO range 21->21 ==> 44e10800.pinmux PIN 73->73
[    0.911144] gpio gpiochip3: (gpio-96-127): created GPIO range 22->23 ==> 44e10800.pinmux PIN 8->9
[    0.911161] gpio gpiochip3: (gpio-96-127): created GPIO range 26->27 ==> 44e10800.pinmux PIN 10->11
[    0.911179] gpio gpiochip3: (gpio-96-127): created GPIO range 28->28 ==> 44e10800.pinmux PIN 74->74
[    0.911396] gpio gpiochip3: (gpio-96-127): created GPIO range 29->29 ==> 44e10800.pinmux PIN 81->81
[    0.911421] gpio gpiochip3: (gpio-96-127): created GPIO range 30->31 ==> 44e10800.pinmux PIN 28->29
[    0.922044] gpio gpiochip3: (gpio-96-127): added GPIO chardev (254:3)
[    0.922194] gpio gpiochip3: registered GPIOs 608 to 639 on gpio-96-127
[    0.931941] omap8250 44e09000.serial: using DT '/ocp/interconnect@44c00000/segment@200000/target-module@9000/serial@0' for 'rs485-term' GPIO lookup
[    0.932021] of_get_named_gpiod_flags: can't parse 'rs485-term-gpios' property of node '/ocp/interconnect@44c00000/segment@200000/target-module@9000/serial@0[0]'
[    0.932068] of_get_named_gpiod_flags: can't parse 'rs485-term-gpio' property of node '/ocp/interconnect@44c00000/segment@200000/target-module@9000/serial@0[0]'
[    0.932104] omap8250 44e09000.serial: using lookup tables for GPIO lookup
[    0.932114] omap8250 44e09000.serial: No GPIO consumer rs485-term found
[    0.932123] omap8250 44e09000.serial: using DT '/ocp/interconnect@44c00000/segment@200000/target-module@9000/serial@0' for 'rs485-rx-during-tx' GPIO lookup
[    0.932160] of_get_named_gpiod_flags: can't parse 'rs485-rx-during-tx-gpios' property of node '/ocp/interconnect@44c00000/segment@200000/target-module@9000/serial@0[0]'
[    0.932197] of_get_named_gpiod_flags: can't parse 'rs485-rx-during-tx-gpio' property of node '/ocp/interconnect@44c00000/segment@200000/target-module@9000/serial@0[0]'
[    0.932228] omap8250 44e09000.serial: using lookup tables for GPIO lookup
[    0.932236] omap8250 44e09000.serial: No GPIO consumer rs485-rx-during-tx found
[    0.932604] 44e09000.serial: ttyS0 at MMIO 0x44e09000 (irq = 34, base_baud = 3000000) is a 8250
[    0.932689] printk: console [ttyS0] enabled
[    2.134988] i2c i2c-0: using DT '/ocp/interconnect@44c00000/segment@200000/target-module@b000/i2c@0' for 'scl' GPIO lookup
[    2.135087] of_get_named_gpiod_flags: can't parse 'scl-gpios' property of node '/ocp/interconnect@44c00000/segment@200000/target-module@b000/i2c@0[0]'
[    2.135133] of_get_named_gpiod_flags: can't parse 'scl-gpio' property of node '/ocp/interconnect@44c00000/segment@200000/target-module@b000/i2c@0[0]'
[    2.135171] i2c i2c-0: using lookup tables for GPIO lookup
[    2.135183] i2c i2c-0: No GPIO consumer scl found
[    2.135206] i2c i2c-0: using DT '/ocp/interconnect@44c00000/segment@200000/target-module@b000/i2c@0' for 'sda' GPIO lookup
[    2.135244] of_get_named_gpiod_flags: can't parse 'sda-gpios' property of node '/ocp/interconnect@44c00000/segment@200000/target-module@b000/i2c@0[0]'
[    2.135283] of_get_named_gpiod_flags: can't parse 'sda-gpio' property of node '/ocp/interconnect@44c00000/segment@200000/target-module@b000/i2c@0[0]'
[    2.135316] i2c i2c-0: using lookup tables for GPIO lookup
[    2.135326] i2c i2c-0: No GPIO consumer sda found
[    2.162170] tps65217-pmic: Failed to locate of_node [id: -1]
[    2.168207] tps65217-bl: Failed to locate of_node [id: -1]
[    2.179179] tps65217 0-0024: TPS65217 ID 0xe version 1.2
[    2.185332] /ocp/interconnect@48000000/segment@300000/target-module@e000/lcdc@0: Fixed dependency cycle(s) with /ocp/interconnect@44c00000/segment@200000/target-module@b000/i2c@0/tda19988@70
[    2.202667] /ocp/interconnect@44c00000/segment@200000/target-module@b000/i2c@0/tda19988@70: Fixed dependency cycle(s) with /ocp/interconnect@48000000/segment@300000/target-module@e000/lcdc@0
[    2.220004] omap_i2c 44e0b000.i2c: bus 0 rev0.11 at 400 kHz
[    2.227710] sdhci-omap 48060000.mmc: using DT '/ocp/interconnect@48000000/segment@0/target-module@60000/mmc@0' for 'cd' GPIO lookup
[    2.227813] of_get_named_gpiod_flags: parsed 'cd-gpios' property of node '/ocp/interconnect@48000000/segment@0/target-module@60000/mmc@0[0]' - status (0)
[    2.227935] gpio gpiochip3: Persistence not supported for GPIO 6
[    2.227961] omap_gpio 44e07000.gpio: Could not set line 6 debounce to 200000 microseconds (-22)
[    2.236828] sdhci-omap 48060000.mmc: Got CD GPIO
[    2.241499] sdhci-omap 48060000.mmc: using DT '/ocp/interconnect@48000000/segment@0/target-module@60000/mmc@0' for 'wp' GPIO lookup
[    2.241549] of_get_named_gpiod_flags: can't parse 'wp-gpios' property of node '/ocp/interconnect@48000000/segment@0/target-module@60000/mmc@0[0]'
[    2.241592] of_get_named_gpiod_flags: can't parse 'wp-gpio' property of node '/ocp/interconnect@48000000/segment@0/target-module@60000/mmc@0[0]'
[    2.241629] sdhci-omap 48060000.mmc: using lookup tables for GPIO lookup
[    2.241641] sdhci-omap 48060000.mmc: No GPIO consumer wp found
[    2.241833] sdhci-omap 48060000.mmc: supply pbias not found, using dummy regulator
[    2.250823] sdhci-omap 481d8000.mmc: using DT '/ocp/interconnect@48000000/segment@100000/target-module@d8000/mmc@0' for 'wp' GPIO lookup
[    2.250901] of_get_named_gpiod_flags: can't parse 'wp-gpios' property of node '/ocp/interconnect@48000000/segment@100000/target-module@d8000/mmc@0[0]'
[    2.250950] of_get_named_gpiod_flags: can't parse 'wp-gpio' property of node '/ocp/interconnect@48000000/segment@100000/target-module@d8000/mmc@0[0]'
[    2.250988] sdhci-omap 481d8000.mmc: using lookup tables for GPIO lookup
[    2.251000] sdhci-omap 481d8000.mmc: No GPIO consumer wp found
[    2.252046] sdhci-omap 48060000.mmc: supply vqmmc not found, using dummy regulator
[    2.260715] sdhci-omap 481d8000.mmc: supply pbias not found, using dummy regulator
[    2.269674] sdhci-omap 481d8000.mmc: supply vqmmc not found, using dummy regulator
[    2.308787] mmc1: SDHCI controller on 481d8000.mmc [481d8000.mmc] using External DMA
[    2.317931] mmc0: SDHCI controller on 48060000.mmc [48060000.mmc] using External DMA
[    2.326495] cpsw-switch 4a100000.switch: starting ndev. mode: dual_mac
[    2.370339] mmc0: new high speed SDHC card at address 5048
[    2.377288] mmcblk0: mmc0:5048 SD16G 14.4 GiB
[    2.385088]  mmcblk0: p1 p2
[    2.388334] mmcblk0: p2 size 31221760 extends beyond EOD, truncated
[    2.402845] mmc1: new high speed MMC card at address 0001
[    2.409538] mmcblk1: mmc1:0001 MMC04G 3.60 GiB
[    2.416699]  mmcblk1: p1 p2
[    2.420876] mmcblk1boot0: mmc1:0001 MMC04G 2.00 MiB
[    2.427961] mmcblk1boot1: mmc1:0001 MMC04G 2.00 MiB
[    2.434831] mmcblk1rpmb: mmc1:0001 MMC04G 128 KiB, chardev (250:0)
[    2.482405] SMSC LAN8710/LAN8720 4a101000.mdio:00: attached PHY driver (mii_bus:phy_addr=4a101000.mdio:00, irq=POLL)
[    5.601955] cpsw-switch 4a100000.switch eth0: Link is Up - 100Mbps/Full - flow control off
[    5.641237] IP-Config: Complete:
[    5.644503]      device=eth0, hwaddr=6c:ec:eb:68:de:78, ipaddr=192.168.255.1, mask=255.255.255.0, gw=255.255.255.255
[    5.655115]      host=bbb1, domain=, nis-domain=(none)
[    5.660279]      bootserver=192.168.255.126, rootserver=192.168.255.126, rootpath=
[    5.660680] clk: Disabling unused clocks
[    5.672561] KTAP version 1
[    5.675287] 1..0
[    5.698608] VFS: Mounted root (nfs filesystem) on device 0:16.
[    5.705623] devtmpfs: mounted
[    5.710238] Freeing unused kernel image (initmem) memory: 1024K
[    5.717007] Run /sbin/init as init process
[    5.721135]   with arguments:
[    5.721146]     /sbin/init
[    5.721153]     nfsrootdebug
[    5.721161]   with environment:
[    5.721167]     HOME=/
[    5.721175]     TERM=linux
[    6.401990] systemd[1]: System time before build time, advancing clock.
[    7.881243] random: crng init done
[    7.952518] systemd[1]: systemd 232 running in system mode. (+PAM +AUDIT +SELINUX +IMA +APPARMOR +SMACK +SYSVINIT +UTMP +LIBCRYPTSETUP +GCRYPT +GNUTLS +ACL +XZ +LZ4 +SECCOMP +BLKID +ELFUTILS +KMOD +IDN)
[    7.971574] systemd[1]: Detected architecture arm.
[    8.014090] systemd[1]: Set hostname to <arm>.
[    9.068548] systemd[1]: Listening on udev Control Socket.
[    9.102309] systemd[1]: Listening on Journal Audit Socket.
[    9.143222] systemd[1]: Listening on Journal Socket.
[    9.183101] systemd[1]: Listening on /dev/initctl Compatibility Named Pipe.
[    9.221856] systemd[1]: Listening on Syslog Socket.
[    9.262746] systemd[1]: Created slice User and Session Slice.
[    9.302123] systemd[1]: Started Dispatch Password Requests to Console Directory Watch.
[   11.478470] systemd-journald[83]: Received request to flush runtime journal from PID 1
[   14.354149] leds-gpio leds: using DT '/leds/led2' for '(null)' GPIO lookup
[   14.354251] of_get_named_gpiod_flags: parsed 'gpios' property of node '/leds/led2[0]' - status (0)
[   14.354304] gpio gpiochip0: Persistence not supported for GPIO 21
[   14.354317] gpio-533 (?): no flags found for (null)
[   14.354622] leds-gpio leds: using DT '/leds/led3' for '(null)' GPIO lookup
[   14.354676] of_get_named_gpiod_flags: parsed 'gpios' property of node '/leds/led3[0]' - status (0)
[   14.354711] gpio gpiochip0: Persistence not supported for GPIO 22
[   14.354722] gpio-534 (?): no flags found for (null)
[   14.423298] leds-gpio leds: using DT '/leds/led4' for '(null)' GPIO lookup
[   14.423397] of_get_named_gpiod_flags: parsed 'gpios' property of node '/leds/led4[0]' - status (0)
[   14.423447] gpio gpiochip0: Persistence not supported for GPIO 23
[   14.423459] gpio-535 (?): no flags found for (null)
