Labgrid Console Logfile for main
Logfile started at 2024-11-28 04:56:11.509698
=== Log starts here ===

U-Boot SPL 2014.04-00014-g47880f5 (Apr 22 2014 - 13:23:54)
reading args
spl_load_image_fat_os: error reading image args, err - -1
reading u-boot.img
reading u-boot.img


U-Boot 2014.04-00014-g47880f5 (Apr 22 2014 - 13:23:54)

I2C:   ready
DRAM:  512 MiB
NAND:  0 MiB
MMC:   OMAP SD/MMC: 0, OMAP SD/MMC: 1
*** Warning - readenv() failed, using default environment

Net:   <ethaddr> not set. Validating first E-fuse MAC
cpsw, usb_ether
Hit any key to stop autoboot:  1  0 
gpio: pin 53 (gpio 53) value is 1
mmc0 is current device
gpio: pin 54 (gpio 54) value is 1
SD/MMC found on device 0
reading uEnv.txt
569 bytes read in 4 ms (138.7 KiB/s)
gpio: pin 55 (gpio 55) value is 1
Loaded environment from uEnv.txt
Importing environment from mmc ...
Checking if uenvcmd is set ...
gpio: pin 56 (gpio 56) value is 1
Running uenvcmd ...
cpsw Waiting for PHY auto negotiation to complete. done
link up on port 0, speed 100, full duplex
Using cpsw device
TFTP from server 192.168.255.126; our IP address is 192.168.255.1
Filename 'zImage'.
Load address: 0x81000000
Loading: *#################################################################
	 #################################################################
	 #################################################################
	 #################################################################
	 #################################################################
	 #####################################################
	 2.4 MiB/s
done
Bytes transferred = 5541120 (548d00 hex)
link up on port 0, speed 100, full duplex
Using cpsw device
TFTP from server 192.168.255.126; our IP address is 192.168.255.1
Filename 'am335x-boneblack.dtb'.
Load address: 0x82000000
Loading: *#######
	 1.4 MiB/s
done
Bytes transferred = 98244 (17fc4 hex)
Kernel image @ 0x81000000 [ 0x000000 - 0x548d00 ]
## Flattened Device Tree blob at 82000000
   Booting using the fdt blob at 0x82000000
   Using Device Tree in place at 82000000, end 8201afc3

Starting kernel ...

[    0.000000] Booting Linux on physical CPU 0x0
[    0.000000] Linux version 6.12.0-next-20241128 (user01@drvtest01) (arm-linux-gnueabihf-gcc (Linaro GCC 6.4-2017.11) 6.4.1 20171012, GNU ld (Linaro_Binutils-2017.11) 2.27.0.20161229) #147 SMP Thu Nov 28 04:55:41 EET 2024
[    0.000000] CPU: ARMv7 Processor [413fc082] revision 2 (ARMv7), cr=10c5387d
[    0.000000] CPU: PIPT / VIPT nonaliasing data cache, VIPT aliasing instruction cache
[    0.000000] OF: fdt: Machine model: TI AM335x BeagleBone Black
[    0.000000] Memory policy: Data cache writeback
[    0.000000] cma: Reserved 16 MiB at 0x9e800000 on node -1
[    0.000000] Zone ranges:
[    0.000000]   Normal   [mem 0x0000000080000000-0x000000009fdfffff]
[    0.000000]   HighMem  empty
[    0.000000] Movable zone start for each node
[    0.000000] Early memory node ranges
[    0.000000]   node   0: [mem 0x0000000080000000-0x000000009fdfffff]
[    0.000000] Initmem setup node 0 [mem 0x0000000080000000-0x000000009fdfffff]
[    0.000000] OF: reserved mem: Reserved memory: No reserved-memory node in the DT
[    0.000000] CPU: All CPU(s) started in SVC mode.
[    0.000000] AM335X ES2.1 (sgx neon)
[    0.000000] percpu: Embedded 17 pages/cpu s39564 r8192 d21876 u69632
[    0.000000] Kernel command line: console=ttyO0,115200n8 root=/dev/nfs rw nfsroot=192.168.255.126:/home/user01/nfs,nfsvers=3 ip=192.168.255.1:192.168.255.126::255.255.255.0:bbb1:eth0 nfsrootdebug
[    0.000000] Unknown kernel command line parameters "nfsrootdebug", will be passed to user space.
[    0.000000] printk: log buffer data + meta data: 65536 + 204800 = 270336 bytes
[    0.000000] Dentry cache hash table entries: 65536 (order: 6, 262144 bytes, linear)
[    0.000000] Inode-cache hash table entries: 32768 (order: 5, 131072 bytes, linear)
[    0.000000] Built 1 zonelists, mobility grouping on.  Total pages: 130560
[    0.000000] mem auto-init: stack:off, heap alloc:off, heap free:off
[    0.000000] SLUB: HWalign=64, Order=0-3, MinObjects=0, CPUs=1, Nodes=1
[    0.000000] trace event string verifier disabled
[    0.000000] rcu: Hierarchical RCU implementation.
[    0.000000] rcu: 	RCU event tracing is enabled.
[    0.000000] rcu: 	RCU restricting CPUs from NR_CPUS=2 to nr_cpu_ids=1.
[    0.000000] 	Tracing variant of Tasks RCU enabled.
[    0.000000] rcu: RCU calculated value of scheduler-enlistment delay is 10 jiffies.
[    0.000000] rcu: Adjusting geometry for rcu_fanout_leaf=16, nr_cpu_ids=1
[    0.000000] RCU Tasks Trace: Setting shift to 0 and lim to 1 rcu_task_cb_adjust=1 rcu_task_cpu_ids=1.
[    0.000000] NR_IRQS: 16, nr_irqs: 16, preallocated irqs: 16
[    0.000000] IRQ: Found an INTC at 0x(ptrval) (revision 5.0) with 128 interrupts
[    0.000000] rcu: srcu_init: Setting srcu_struct sizes based on contention.
[    0.000000] TI gptimer clocksource: always-on /ocp/interconnect@44c00000/segment@200000/target-module@31000
[    0.000002] sched_clock: 32 bits at 24MHz, resolution 41ns, wraps every 89478484971ns
[    0.000028] clocksource: dmtimer: mask: 0xffffffff max_cycles: 0xffffffff, max_idle_ns: 79635851949 ns
[    0.000504] TI gptimer clockevent: 24000000 Hz at /ocp/interconnect@48000000/segment@0/target-module@40000
[    0.002165] Console: colour dummy device 80x30
[    0.002230] WARNING: Your 'console=ttyO0' has been replaced by 'ttyS0'
[    0.002238] This ensures that you still see kernel messages. Please
[    0.002243] update your kernel commandline.
[    0.002285] Calibrating delay loop... 996.14 BogoMIPS (lpj=4980736)
[    0.090554] CPU: Testing write buffer coherency: ok
[    0.090669] CPU0: Spectre v2: using BPIALL workaround
[    0.090682] pid_max: default: 32768 minimum: 301
[    0.090805] LSM: initializing lsm=capability
[    0.090978] Mount-cache hash table entries: 1024 (order: 0, 4096 bytes, linear)
[    0.090999] Mountpoint-cache hash table entries: 1024 (order: 0, 4096 bytes, linear)
[    0.092647] CPU0: thread -1, cpu 0, socket -1, mpidr 0
[    0.160950] Setting up static identity map for 0x80100000 - 0x80100078
[    0.170719] rcu: Hierarchical SRCU implementation.
[    0.170729] rcu: 	Max phase no-delay instances is 1000.
[    0.190773] smp: Bringing up secondary CPUs ...
[    0.190830] smp: Brought up 1 node, 1 CPU
[    0.190847] SMP: Total of 1 processors activated (996.14 BogoMIPS).
[    0.190858] CPU: All CPU(s) started in SVC mode.
[    0.191052] Memory: 480840K/522240K available (11264K kernel code, 1213K rwdata, 2896K rodata, 1024K init, 297K bss, 23388K reserved, 16384K cma-reserved, 0K highmem)
[    0.191908] devtmpfs: initialized
[    0.209144] VFP support v0.3: implementor 41 architecture 3 part 30 variant c rev 3
[    0.209505] clocksource: jiffies: mask: 0xffffffff max_cycles: 0xffffffff, max_idle_ns: 19112604462750000 ns
[    0.209539] futex hash table entries: 256 (order: 2, 16384 bytes, linear)
[    0.211079] pinctrl core: initialized pinctrl subsystem
[    0.213906] NET: Registered PF_NETLINK/PF_ROUTE protocol family
[    0.216741] DMA: preallocated 256 KiB pool for atomic coherent allocations
[    0.217654] audit: initializing netlink subsys (disabled)
[    0.219104] thermal_sys: Registered thermal governor 'fair_share'
[    0.219121] thermal_sys: Registered thermal governor 'step_wise'
[    0.219131] thermal_sys: Registered thermal governor 'user_space'
[    0.219291] audit: type=2000 audit(0.210:1): state=initialized audit_enabled=0 res=1
[    0.219335] cpuidle: using governor menu
[    0.237957] /ocp/interconnect@44c00000/segment@200000/target-module@b000/i2c@0/tda19988@70: Fixed dependency cycle(s) with /ocp/interconnect@48000000/segment@300000/target-module@e000/lcdc@0
[    0.239153] /ocp/interconnect@48000000/segment@300000/target-module@e000/lcdc@0: Fixed dependency cycle(s) with /ocp/interconnect@44c00000/segment@200000/target-module@b000/i2c@0/tda19988@70
[    0.241593] No ATAGs?
[    0.241616] hw-breakpoint: debug architecture 0x4 unsupported.
[    0.244422] kprobes: kprobe jump-optimization is enabled. All kprobes are optimized if possible.
[    0.254463] iommu: Default domain type: Translated
[    0.254487] iommu: DMA domain TLB invalidation policy: strict mode
[    0.262749] SCSI subsystem initialized
[    0.263627] pps_core: LinuxPPS API ver. 1 registered
[    0.263638] pps_core: Software ver. 5.3.6 - Copyright 2005-2007 Rodolfo Giometti <giometti@linux.it>
[    0.263664] PTP clock support registered
[    0.271201] vgaarb: loaded
[    0.271624] clocksource: Switched to clocksource dmtimer
[    0.272279] VFS: Disk quotas dquot_6.6.0
[    0.272326] VFS: Dquot-cache hash table entries: 1024 (order 0, 4096 bytes)
[    0.297130] NET: Registered PF_INET protocol family
[    0.297497] IP idents hash table entries: 8192 (order: 4, 65536 bytes, linear)
[    0.298907] tcp_listen_portaddr_hash hash table entries: 512 (order: 0, 4096 bytes, linear)
[    0.298946] Table-perturb hash table entries: 65536 (order: 6, 262144 bytes, linear)
[    0.298963] TCP established hash table entries: 4096 (order: 2, 16384 bytes, linear)
[    0.299006] TCP bind hash table entries: 4096 (order: 4, 65536 bytes, linear)
[    0.299106] TCP: Hash tables configured (established 4096 bind 4096)
[    0.299223] UDP hash table entries: 256 (order: 1, 14336 bytes, linear)
[    0.299258] UDP-Lite hash table entries: 256 (order: 1, 14336 bytes, linear)
[    0.299444] NET: Registered PF_UNIX/PF_LOCAL protocol family
[    0.312860] RPC: Registered named UNIX socket transport module.
[    0.312886] RPC: Registered udp transport module.
[    0.312892] RPC: Registered tcp transport module.
[    0.312898] RPC: Registered tcp-with-tls transport module.
[    0.312903] RPC: Registered tcp NFSv4.1 backchannel transport module.
[    0.312927] PCI: CLS 0 bytes, default 64
[    0.314423] Initialise system trusted keyrings
[    0.315628] workingset: timestamp_bits=14 max_order=17 bucket_order=3
[    0.316929] NFS: Registering the id_resolver key type
[    0.317003] Key type id_resolver registered
[    0.317011] Key type id_legacy registered
[    0.317060] jffs2: version 2.2. (NAND) (SUMMARY)  Â© 2001-2006 Red Hat, Inc.
[    0.317463] Key type asymmetric registered
[    0.317478] Asymmetric key parser 'x509' registered
[    0.317542] io scheduler mq-deadline registered
[    0.317554] io scheduler kyber registered
[    0.317622] io scheduler bfq registered
[    0.319268] ledtrig-cpu: registered to indicate activity on CPUs
[    0.332200] Serial: 8250/16550 driver, 6 ports, IRQ sharing enabled
[    0.377099] brd: module loaded
[    0.397923] loop: module loaded
[    0.398853] mtdoops: mtd device (mtddev=name/number) must be supplied
[    0.402201] i2c_dev: i2c /dev entries driver
[    0.403193] cpuidle: enable-method property 'ti,am3352' found operations
[    0.403649] sdhci: Secure Digital Host Controller Interface driver
[    0.403659] sdhci: Copyright(c) Pierre Ossman
[    0.403835] sdhci-pltfm: SDHCI platform and OF driver helper
[    0.404859] Initializing XFRM netlink socket
[    0.405008] NET: Registered PF_INET6 protocol family
[    0.415042] Segment Routing with IPv6
[    0.415134] In-situ OAM (IOAM) with IPv6
[    0.415234] sit: IPv6, IPv4 and MPLS over IPv4 tunneling driver
[    0.416209] NET: Registered PF_PACKET protocol family
[    0.416247] NET: Registered PF_KEY protocol family
[    0.416373] Key type dns_resolver registered
[    0.416648] ThumbEE CPU extension supported.
[    0.416669] Registering SWP/SWPB emulation handler
[    0.417213] omap_voltage_late_init: Voltage driver support not added
[    0.417560] SmartReflex Class3 initialized
[    0.444100] Loading compiled-in X.509 certificates
[    0.492792] /ocp/interconnect@44c00000/segment@200000/target-module@b000/i2c@0/tda19988@70: Fixed dependency cycle(s) with /ocp/interconnect@48000000/segment@300000/target-module@e000/lcdc@0
[    0.499265] /ocp/interconnect@44c00000/segment@200000/target-module@b000/i2c@0/tda19988@70: Fixed dependency cycle(s) with /ocp/interconnect@48000000/segment@300000/target-module@e000/lcdc@0
[    0.529146] /ocp/interconnect@44c00000/segment@200000/target-module@b000/i2c@0/tda19988@70: Fixed dependency cycle(s) with /ocp/interconnect@48000000/segment@300000/target-module@e000/lcdc@0
[    0.530013] /ocp/interconnect@44c00000/segment@200000/target-module@b000/i2c@0/tda19988@70: Fixed dependency cycle(s) with /ocp/interconnect@48000000/segment@300000/target-module@e000/lcdc@0
[    0.533798] /ocp/interconnect@44c00000/segment@200000/target-module@10000/scm@0/pinmux@800: Fixed dependency cycle(s) with /ocp/interconnect@44c00000/segment@200000/target-module@10000/scm@0/pinmux@800/clkout2-pins
[    0.534392] pinctrl-single 44e10800.pinmux: 142 pins, size 568
[    0.539541] ti-sysc 44e31000.target-module: probe with driver ti-sysc failed with error -16
[    0.560632] /ocp/interconnect@48000000/segment@300000/target-module@e000/lcdc@0: Fixed dependency cycle(s) with /ocp/interconnect@44c00000/segment@200000/target-module@b000/i2c@0/tda19988@70
[    0.568887] ti-sysc 48040000.target-module: probe with driver ti-sysc failed with error -16
[    0.605218] OMAP GPIO hardware version 0.1
[    0.646971] omap_i2c 4819c000.i2c: bus 2 rev0.11 at 100 kHz
[    0.673063] 48000000.interconnect:segment@200000:target-module@0:mpu@0:fck: device ID is greater than 24
[    0.673977] /ocp/interconnect@48000000/segment@300000/target-module@e000/lcdc@0: Fixed dependency cycle(s) with /ocp/interconnect@44c00000/segment@200000/target-module@b000/i2c@0/tda19988@70
[    0.676780] /ocp/interconnect@48000000/segment@300000/target-module@e000/lcdc@0: Fixed dependency cycle(s) with /ocp/interconnect@44c00000/segment@200000/target-module@b000/i2c@0/tda19988@70
[    0.677496] /ocp/interconnect@44c00000/segment@200000/target-module@b000/i2c@0/tda19988@70: Fixed dependency cycle(s) with /ocp/interconnect@48000000/segment@300000/target-module@e000/lcdc@0
[    0.677661] /ocp/interconnect@48000000/segment@300000/target-module@e000/lcdc@0: Fixed dependency cycle(s) with /ocp/interconnect@44c00000/segment@200000/target-module@b000/i2c@0/tda19988@70
[    0.689186] sdhci-omap 481d8000.mmc: supply pbias not found, using dummy regulator
[    0.689694] sdhci-omap 481d8000.mmc: supply vqmmc not found, using dummy regulator
[    0.734425] davinci_mdio 4a101000.mdio: davinci mdio revision 1.6, bus freq 1000000
[    0.911300] davinci_mdio 4a101000.mdio: phy[0]: device 4a101000.mdio:00, driver SMSC LAN8710/LAN8720
[    0.912186] cpsw-switch 4a100000.switch: initialized cpsw ale version 1.4
[    0.912213] cpsw-switch 4a100000.switch: ALE Table size 1024, Policers 0
[    0.922073] cpsw-switch 4a100000.switch: cpts: overflow check period 500 (jiffies)
[    0.922096] cpsw-switch 4a100000.switch: CPTS: ref_clk_freq:250000000 calc_mult:2147483648 calc_shift:29 error:0 nsec/sec
[    0.922213] cpsw-switch 4a100000.switch: Detected MACID = 6c:ec:eb:68:de:78
[    0.924033] cpsw-switch 4a100000.switch: initialized (regs 0x4a100000, pool size 256) hw_ver:0019010C 1.12 (0)
[    0.935118] debugfs: Directory '49000000.dma' with parent 'dmaengine' already present!
[    0.935158] edma 49000000.dma: TI EDMA DMA engine driver
[    0.977381] target-module@4b000000:target-module@140000:pmu@0:fck: device ID is greater than 24
[    1.018533 ] hw perfevents: enabled with armv7_cortex_a8 PMU driver, 5 (8000000f) counters available
[    1.026247] l3-aon-clkctrl:0000:0: failed to disable
[    1.029186] 44e09000.serial: ttyS0 at MMIO 0x44e09000 (irq = 34, base_baud = 3000000) is a 8250
[    1.02.502653] tps65217-pmic: Failed to locate of_node [id: -1]
[    2.508720] tps65217-bl: Failed to locate of_node [id: -1]
[    2.520231] tps65217 0-0024: TPS65217 ID 0xe version 1.2
[    2.526399] /ocp/interconnect@48000000/segment@300000/target-module@e000/lcdc@0: Fixed dependency cycle(s) with /ocp/interconnect@44c00000/segment@200000/target-module@b000/i2c@0/tda19988@70
[    2.543786] /ocp/interconnect@44c00000/segment@200000/target-module@b000/i2c@0/tda19988@70: Fixed dependency cycle(s) with /ocp/interconnect@48000000/segment@300000/target-module@e000/lcdc@0
[    2.561165] omap_i2c 44e0b000.i2c: bus 0 rev0.11 at 400 kHz
[    2.569216] omap_gpio 44e07000.gpio: Could not set line 6 debounce to 200000 microseconds (-22)
[    2.578101] sdhci-omap 48060000.mmc: Got CD GPIO
[    2.583148] sdhci-omap 48060000.mmc: supply pbias not found, using dummy regulator
[    2.593667] sdhci-omap 48060000.mmc: supply vqmmc not found, using dummy regulator
[    2.602528] sdhci-omap 481d8000.mmc: supply pbias not found, using dummy regulator
[    2.610515] sdhci-omap 481d8000.mmc: supply vqmmc not found, using dummy regulator
[    2.645919] mmc0: SDHCI controller on 48060000.mmc [48060000.mmc] using External DMA
[    2.654261] mmc1: SDHCI controller on 481d8000.mmc [481d8000.mmc] using External DMA
[    2.663128] cpsw-switch 4a100000.switch: starting ndev. mode: dual_mac
[    2.714645] mmc0: new high speed SDHC card at address 5048
[    2.721824] mmcblk0: mmc0:5048 SD16G 14.4 GiB
[    2.729922]  mmcblk0: p1 p2
[    2.733425] mmcblk0: p2 size 31221760 extends beyond EOD, truncated
[    2.742882] SMSC LAN8710/LAN8720 4a101000.mdio:00: attached PHY driver (mii_bus:phy_addr=4a101000.mdio:00, irq=POLL)
[    2.763143] mmc1: new high speed MMC card at address 0001
[    2.769961] mmcblk1: mmc1:0001 MMC04G 3.60 GiB
[    2.777539]  mmcblk1: p1 p2
[    2.782064] mmcblk1boot0: mmc1:0001 MMC04G 2.00 MiB
[    2.789109] mmcblk1boot1: mmc1:0001 MMC04G 2.00 MiB
[    2.796506] mmcblk1rpmb: mmc1:0001 MMC04G 128 KiB, chardev (250:0)
[    5.922400] cpsw-switch 4a100000.switch eth0: Link is Up - 100Mbps/Full - flow control off
[    5.951640] IP-Config: Complete:
[    5.954915]      device=eth0, hwaddr=6c:ec:eb:68:de:78, ipaddr=192.168.255.1, mask=255.255.255.0, gw=255.255.255.255
[    5.965563]      host=bbb1, domain=, nis-domain=(none)
[    5.970733]      bootserver=192.168.255.126, rootserver=192.168.255.126, rootpath=
[    5.971160] clk: Disabling unused clocks
[    5.983027] PM: genpd: Disabling unused power domains
[    5.988147] KTAP version 1
[    5.990868] 1..0
[    6.016765] VFS: Mounted root (nfs filesystem) on device 0:17.
[    6.023908] devtmpfs: mounted
[    6.028575] Freeing unused kernel image (initmem) memory: 1024K
[    6.035452] Run /sbin/init as init process
[    6.760944] systemd[1]: System time before build time, advancing clock.
[    8.221650] random: crng init done
[    8.264309] systemd[1]: systemd 232 running in system mode. (+PAM +AUDIT +SELINUX +IMA +APPARMOR +SMACK +SYSVINIT +UTMP +LIBCRYPTSETUP +GCRYPT +GNUTLS +ACL +XZ +LZ4 +SECCOMP +BLKID +ELFUTILS +KMOD +IDN)
[    8.283359] systemd[1]: Detected architecture arm.

Welcome to [1mDebian GNU/Linux 9 (stretch)[0m!

[    8.314891] systemd[1]: Set hostname to <arm>.
[    9.439098] systemd[1]: Listening on /dev/initctl Compatibility Named Pipe.
[[0;32m  OK  [0m] Listening on /dev/initctl Compatibility Named Pipe.
[    9.473637] systemd[1]: Listening on udev Control Socket.
[[0;32m  OK  [0m] Listening on udev Control Socket.
[    9.503292] systemd[1]: Created slice System Slice.
[[0;32m  OK  [0m] Created slice System Slice.
[    9.562238] systemd[1]: Mounting Debug File System...
         Mounting Debug File System...
[    9.573823] systemd[1]: Created slice system-getty.slice.
[[0;32m  OK  [0m] Created slice system-getty.slice.
[    9.587190] systemd[1]: Set up automount Arbitrary Executable File Formats File System Automount Point.
[[0;32m  OK  [0m] Set up automount Arbitrary Executabâ€¦rmats File System Automount Point.
[    9.624312] systemd[1]: Reached target Remote File Systems.
[[0;32m  OK  [0m] Reached target Remote File Systems.
[[0;32m  OK  [0m] Started Forward Password Requests to Wall Directory Watch.
         Mounting POSIX Message Queue File System...
[[0;32m  OK  [0m] Started Dispatch Password Requests to Console Directory Watch.
[[0;32m  OK  [0m] Reached target Paths.
[[0;32m  OK  [0m] Reached target Swap.
[[0;32m  OK  [0m] Listening on Journal Socket.
         Starting Load Kernel Modules...
[[0;32m  OK  [0m] Created slice system-serial\x2dgetty.slice.
         Starting Remount Root and Kernel File Systems...
         Starting Create list of required stâ€¦ce nodes for the current kernel...
[[0;32m  OK  [0m] Listening on udev Kernel Socket.
[[0;32m  OK  [0m] Listening on Syslog Socket.
[[0;32m  OK  [0m] Listening on Journal Socket (/dev/log).
[[0;32m  OK  [0m] Listening on Journal Audit Socket.
         Starting Journal Service...
[[0;32m  OK  [0m] Created slice User and Session Slice.
[[0;32m  OK  [0m] Reached target Slices.
[[0;32m  OK  [0m] Reached target Encrypted Volumes.
[[0;32m  OK  [0m] Mounted POSIX Message Queue File System.
[[0;32m  OK  [0m] Mounted Debug File System.
[[0;32m  OK  [0m] Started Load Kernel Modules.
[[0;32m  OK  [0m] Started Remount Root and Kernel File Systems.
[[0;32m  OK  [0m] Started Create list of required staâ€¦vice nodes for the current kernel.
         Starting Create Static Device Nodes in /dev...
         Starting udev Coldplug all Devices...
         Starting Load/Save Random Seed...
         Mounting Configuration File System...
         Starting Apply Kernel Variables...
[[0;32m  OK  [0m] Mounted Configuration File System.
[[0;32m  OK  [0m] Started Load/Save Random Seed.
[[0;32m  OK  [0m] Started Apply Kernel Variables.
[[0;32m  OK  [0m] Started Create Static Device Nodes in /dev.
[[0;32m  OK  [0m] Reached target Local File Systems (Pre).
[[0;32m  OK  [0m] Reached target Local File Systems.
         Starting Raise network interfaces...
         Starting udev Kernel Device Manager...
[[0;32m  OK  [0m] Started Journal Service.
         Starting Flush Journal to Persistent Storage...
[   11.765942] systemd-journald[86]: Received request to flush runtime journal from PID 1
[[0;32m  OK  [0m] Started Flush Journal to Persistent Storage.
         Starting Create Volatile Files and Directories...
[[0;32m  OK  [0m] Started udev Kernel Device Manager.
[[0;32m  OK  [0m] Started Create Volatile Files and Directories.
         Starting Update UTMP about System Boot/Shutdown...
         Starting Network Time Synchronization...
[[0;32m  OK  [0m] Started Update UTMP about System Boot/Shutdown.
[[0;32m  OK  [0m] Started udev Coldplug all Devices.
[   14.733544] remoteproc remoteproc0: wkup_m3 is available
[   14.984633] at24 2-0054: supply vcc not found, using dummy regulator
[   15.114661] at24 2-0055: supply vcc not found, using dummy regulator
[   15.203710] at24 2-0056: supply vcc not found, using dummy regulator
[   15.304314] at24 2-0057: supply vcc not found, using dummy regulator
[[0;32m  OK  [0m] Found device /dev/ttyS0.
[   15.406560] tps6521x_pwrbutton tps65217-pwrbutton: DMA mask not set
[   15.417791] at24 0-0050: 32768 byte 24c256 EEPROM, writable, 1 bytes/write
[   15.518187] wkup_m3_ipc 44e11324.wkup_m3_ipc: IPC Request for A8->M3 Channel failed! -517
[   15.539828] input: tps65217_pwrbutton as /devices/platform/ocp/44c00000.interconnect/44c00000.interconnect:segment@200000/44e0b000.target-module/44e0b000.i2c/i2c-0/0-0024/tps65217-pwrbutton/input/input0
[   15.575783] wkup_m3_ipc 44e11324.wkup_m3_ipc: IPC Request for A8->M3 Channel failed! -517
[   15.632664] omap_rtc 44e3e000.rtc: registered as rtc0
[   15.637872] omap_rtc 44e3e000.rtc: setting system clock to 2000-01-01T00:00:00 UTC (946684800)
[   15.757700] wkup_m3_ipc 44e11324.wkup_m3_ipc: IPC Request for A8->M3 Channel failed! -517
[   15.782855] omap_wdt: OMAP Watchdog Timer Rev 0x01: initial timeout 60 sec
[   15.873545] wkup_m3_ipc 44e11324.wkup_m3_ipc: IPC Request for A8->M3 Channel failed! -517
[   15.955237] am335x-phy-driver 47401300.usb-phy: dummy supplies not allowed for exclusive requests (id=vbus)
[   16.111783] am335x-phy-driver 47401b00.usb-phy: dummy supplies not allowed for exclusive requests (id=vbus)
[   16.122789] wkup_m3_ipc 44e11324.wkup_m3_ipc: IPC Request for A8->M3 Channel failed! -517
[[0;32m  OK  [0m] Started Network Time Synchronization.
[[0;32m  OK  [0m] Reached target System Initialization.
[   16.392981] wkup_m3_ipc 44e11324.wkup_m3_ipc: IPC Request for A8->M3 Channel failed! -517
[   16.462377] usbcore: registered new interface driver usbfs
[   16.468056] usbcore: registered new interface driver hub
[   16.473620] usbcore: registered new device driver usb
[[0;32m  OK  [0m] Started Daily Cleanup of Temporary Directories.
[[0;32m  OK  [0m] Listening on Avahi mDNS/DNS-SD Stack Activation Socket.
[[0;32m  OK  [0m] Listening on D-Bus System Message Bus Socket.
[[0;32m  OK  [0m] Reached target Sockets.
[[0;32m  OK  [0m] Reached target Basic System.
[   16.804272] tda998x 0-0070: found TDA19988
         Starting LSB: Start busybox udhcpd at boot time...
[   16.916606] wkup_m3_ipc 44e11324.wkup_m3_ipc: IPC Request for A8->M3 Channel failed! -517
         Starting System Logging Service...
[   17.107164] wkup_m3_ipc 44e11324.wkup_m3_ipc: IPC Request for A8->M3 Channel failed! -517
         Starting Telephony service...
[   17.145559] musb-hdrc musb-hdrc.1: MUSB HDRC host driver
[   17.150981] musb-hdrc musb-hdrc.1: new USB bus registered, assigned bus number 1
         Starting Avahi mDNS/DNS-SD Stack...
[   17.270786] wkup_m3_ipc 44e11324.wkup_m3_ipc: IPC Request for A8->M3 Channel failed! -517
[   17.431929] usb usb1: New USB device found, idVendor=1d6b, idProduct=0002, bcdDevice= 6.12
[   17.440323] usb usb1: New USB device strings: Mfr=3, Product=2, SerialNumber=1
[   17.447708] usb usb1: Product: MUSB HDRC host driver
[   17.452756] usb usb1: Manufacturer: Linux 6.12.0-next-20241128 musb-hcd
[   17.459408] usb usb1: SerialNumber: musb-hdrc.1
         Starting LSB: Load kernel modules needed to enable cpufreq scaling...
[   17.561382] omap-mailbox 480c8000.mailbox: omap mailbox rev 0x400
[   17.669554] remoteproc remoteproc0: powering up wkup_m3
         Starting DUN service...
[[0;32m  OK  [0m] Started Regular background program processing daemon.
[   17.931231] remoteproc remoteproc0: Direct firmware load for am335x-pm-firmware.elf failed with error -2
[   17.941105] remoteproc remoteproc0: request_firmware failed: -2
[   17.947178] wkup_m3_ipc 44e11324.wkup_m3_ipc: rproc_boot failed
 [   18.004030] hub 1-0:1.0: USB hub found
[[0;32m  OK  [0m]  Started D-Bus System Message Bus.[   18.036506] hub 1-0:1.0:  1 port detected

[   20.096291] tilcdc 4830e000.lcdc: bound  0-0070 (ops tda998x_driver_exit [tda998x])
[   20.236182] [dr m] Initi
[   21.123793] PM: Cannot get wkup_m3_ipc handle
[   21.220965] omap-sham 53100000.sham: hw accel on OMAP rev 4.3
[   21.325211] omap-sham 53100000.sham: will run requests pump with realtime priority
[   21.338964] PM: Cannot get wkup_m3_ipc handle
[   21.438257] omap-aes 53500000.aes: OMAP AES hw accel rev: 3.2
[   21.548322] omap-aes 53500000.aes: will run requests pump with realtime priority
[   21.559935] PM: Cannot get wkup_m3_ipc handle
[[0;32m  OK  [0m] Started DUN service.
[[0;32m  OK  [0m] Started Telephony service.
[[0;32m  OK  [0m] Started Avahi mDNS/DNS-SD Stack.
         Starting Connection service...
         Starting Generic Board Startup...
         Starting Cape Manager Service...
         Starting Login Service...
[[0;32m  OK  [0m] Reached target System Time Synchronized.
[[0;32m  OK  [0m] Started Daily apt download activities.
[[0;32m  OK  [0m] Started Daily apt upgrade and clean activities.
[[0;32m  OK  [0m] Reached target Timers.
[[0;32m  OK  [0m] Started System Logging Service.
[   23.294790] Bluetooth: Core ver 2.22
[   23.298628] NET: Registered PF_BLUETOOTH protocol family
[   23.304227] Bluetooth: HCI device and connection manager initialized
[   23.310647] Bluetooth: HCI socket layer initialized
[   23.315663] Bluetooth: L2CAP socket layer initialized
[   23.320789] Bluetooth: SCO socket layer initialized
[[0;32m  OK  [0m] Started Cape Manager Service.
[   24.844705] PM: Cannot get wkup_m3_ipc handle
[   24.964484] PM: Cannot get wkup_m3_ipc handle
[[0;32m  OK  [0m] Started LSB: Start busybox udhcpd at boot time.
[[0;32m  OK  [0m] Started Raise network interfaces.
[[0;32m  OK  [0m] Started LSB: Load kernel modules needed to enable cpufreq scaling.
[[0;32m  OK  [0m] Started Connection service.
[[0;32m  OK  [0m] Started Login Service.
[[0;32m  OK  [0m] Reached target Sound Card.
[   29.210054] configfs-gadget.g_multi gadget.0: HOST MAC 1c:ba:8c:a2:ed:6c
[   29.217058] configfs-gadget.g_multi gadget.0: MAC 1c:ba:8c:a2:ed:70
[   29.224443] configfs-gadget.g_multi gadget.0: HOST MAC 1c:ba:8c:a2:ed:6c
[   29.231210] configfs-gadget.g_multi gadget.0: MAC 1c:ba:8c:a2:ed:6d
[   29.238508] PM: Cannot get wkup_m3_ipc handle
         Starting LSB: set CPUFreq kernel parameters...
[[0;32m  OK  [0m] Reached target Network.
         Starting Permit User Sessions...
         Starting OpenBSD Secure Shell server...
         Starting The Apache HTTP Server...
[[0;32m  OK  [0m] Reached target Network is Online.
         Starting LSB: Advanced IEEE 802.11 management daemon...
[[0;32m  OK  [0m] Started Permit User Sessions.
[[0;32m  OK  [0m] Started LSB: Advanced IEEE 802.11 management daemon.
[[0;32m  OK  [0m] Started Getty on tty1.
[[0;32m  OK  [0m] Started Serial Getty on ttyS0.
[[0;32m  OK  [0m] Reached target Login Prompts.
         Starting Hostname Service...
         Starting WPA supplicant...
[[0;32m  OK  [0m] Started LSB: set CPUFreq kernel parameters.
[[0;32m  OK  [0m] Started Hostname Service.
[[0;32m  OK  [0m] Started WPA supplicant.
[[0;32m  OK  [0m] Started OpenBSD Secure Shell server.
         Stopping LSB: Start busybox udhcpd at boot time...
[[0;32m  OK  [0m] Started The Apache HTTP Server.
[[0;32m  OK  [0m] Stopped LSB: Start busybox udhcpd at boot time.
         Starting dnsmasq - A lightweight DHCP and caching DNS server...
[[0;32m  OK  [0m] Started dnsmasq - A lightweight DHCP and caching DNS server.
[[0;32m  OK  [0m] Reached target Host and Network Name Lookups.
[[0;32m  OK  [0m] Started Serial Getty on ttyGS0.
[[0;32m  OK  [0m] Started Generic Board Startup.
[[0;32m  OK  [0m] Reached target Multi-User System.
[[0;32m  OK  [0m] Reached target Graphical Interface.
         Starting Update UTMP about System Runlevel Changes...

Debian GNU/Linux 9 arm ttyS0

default username:password is [debian:temppwd]

arm login: root
Password: 
Last login: Sat Jan  1 00:00:32 UTC 2000 on ttyS0
root
Linux arm 6.12.0-next-20241128 #147 SMP Thu Nov 28 04:55:41 EET 2024 armv7l

The programs included with the Debian GNU/Linux system are free software;
the exact distribution terms for each program are described in the
individual files in /usr/share/doc/*/copyright.

Debian GNU/Linux comes with ABSOLUTELY NO WARRANTY, to the extent
permitted by applicable law.
root@arm:~# root
dmesg -n 1
-bash: root: command not found
root@arm:~# dmesg -n 1
echo 'WVGU''NOMPAM'
root@arm:~# echo 'WVGU''NOMPAM'
WVGUNOMPAM
root@arm:~# run() { echo -n "$MARKER"; sh -c "$@"; echo "$MARKER $?"; }
root@arm:~# echo 'JZMA''EWXKON'
JZMAEWXKON
root@arm:~# MARKER='CWUU''PMHQWX' run 'cat /proc/version'
CWUUPMHQWXLinux version 6.12.0-next-20241128 (user01@drvtest01) (arm-linux-gnueabihf-gcc (Linaro GCC 6.4-2017.11) 6.4.1 20171012, GNU ld (Linaro_Binutils-2017.11) 2.27.0.20161229) #147 SMP Thu Nov 28 04:55:41 EET 2024
CWUUPMHQWX 0
root@arm:~# echo 'JXQT''KQHYLP'
JXQTKQHYLP
root@arm:~# MARKER='PPJW''YAHTKG' run false
PPJWYAHTKGPPJWYAHTKG 1
root@arm:~# Labgrid Console Logfile for main
Logfile started at 2024-11-28 04:57:12.237461
=== Log starts here ===

root@arm:~# run() { echo -n "$MARKER"; sh -c "$@"; echo "$MARKER $?"; }
root@arm:~# echo 'WUYC''UFKBJX'
WUYCUFKBJX
root@arm:~# MARKER='FWMB''HJPUZA' run dmesg
FWMBHJPUZA[    0.000000] Booting Linux on physical CPU 0x0
[    0.000000] Linux version 6.12.0-next-20241128 (user01@drvtest01) (arm-linux-gnueabihf-gcc (Linaro GCC 6.4-2017.11) 6.4.1 20171012, GNU ld (Linaro_Binutils-2017.11) 2.27.0.20161229) #147 SMP Thu Nov 28 04:55:41 EET 2024
[    0.000000] CPU: ARMv7 Processor [413fc082] revision 2 (ARMv7), cr=10c5387d
[    0.000000] CPU: PIPT / VIPT nonaliasing data cache, VIPT aliasing instruction cache
[    0.000000] OF: fdt: Machine model: TI AM335x BeagleBone Black
[    0.000000] Memory policy: Data cache writeback
[    0.000000] cma: Reserved 16 MiB at 0x9e800000 on node -1
[    0.000000] Zone ranges:
[    0.000000]   Normal   [mem 0x0000000080000000-0x000000009fdfffff]
[    0.000000]   HighMem  empty
[    0.000000] Movable zone start for each node
[    0.000000] Early memory node ranges
[    0.000000]   node   0: [mem 0x0000000080000000-0x000000009fdfffff]
[    0.000000] Initmem setup node 0 [mem 0x0000000080000000-0x000000009fdfffff]
[    0.000000] OF: reserved mem: Reserved memory: No reserved-memory node in the DT
[    0.000000] CPU: All CPU(s) started in SVC mode.
[    0.000000] AM335X ES2.1 (sgx neon)
[    0.000000] percpu: Embedded 17 pages/cpu s39564 r8192 d21876 u69632
[    0.000000] pcpu-alloc: s39564 r8192 d21876 u69632 alloc=17*4096
[    0.000000] pcpu-alloc: [0] 0 
[    0.000000] Kernel command line: console=ttyO0,115200n8 root=/dev/nfs rw nfsroot=192.168.255.126:/home/user01/nfs,nfsvers=3 ip=192.168.255.1:192.168.255.126::255.255.255.0:bbb1:eth0 nfsrootdebug
[    0.000000] Unknown kernel command line parameters "nfsrootdebug", will be passed to user space.
[    0.000000] printk: log buffer data + meta data: 65536 + 204800 = 270336 bytes
[    0.000000] Dentry cache hash table entries: 65536 (order: 6, 262144 bytes, linear)
[    0.000000] Inode-cache hash table entries: 32768 (order: 5, 131072 bytes, linear)
[    0.000000] Built 1 zonelists, mobility grouping on.  Total pages: 130560
[    0.000000] mem auto-init: stack:off, heap alloc:off, heap free:off
[    0.000000] SLUB: HWalign=64, Order=0-3, MinObjects=0, CPUs=1, Nodes=1
[    0.000000] trace event string verifier disabled
[    0.000000] rcu: Hierarchical RCU implementation.
[    0.000000] rcu: 	RCU event tracing is enabled.
[    0.000000] rcu: 	RCU restricting CPUs from NR_CPUS=2 to nr_cpu_ids=1.
[    0.000000] 	Tracing variant of Tasks RCU enabled.
[    0.000000] rcu: RCU calculated value of scheduler-enlistment delay is 10 jiffies.
[    0.000000] rcu: Adjusting geometry for rcu_fanout_leaf=16, nr_cpu_ids=1
[    0.000000] RCU Tasks Trace: Setting shift to 0 and lim to 1 rcu_task_cb_adjust=1 rcu_task_cpu_ids=1.
[    0.000000] NR_IRQS: 16, nr_irqs: 16, preallocated irqs: 16
[    0.000000] IRQ: Found an INTC at 0x(ptrval) (revision 5.0) with 128 interrupts
[    0.000000] rcu: srcu_init: Setting srcu_struct sizes based on contention.
[    0.000000] TI gptimer clocksource: always-on /ocp/interconnect@44c00000/segment@200000/target-module@31000
[    0.000002] sched_clock: 32 bits at 24MHz, resolution 41ns, wraps every 89478484971ns
[    0.000028] clocksource: dmtimer: mask: 0xffffffff max_cycles: 0xffffffff, max_idle_ns: 79635851949 ns
[    0.000504] TI gptimer clockevent: 24000000 Hz at /ocp/interconnect@48000000/segment@0/target-module@40000
[    0.002165] Console: colour dummy device 80x30
[    0.002230] WARNING: Your 'console=ttyO0' has been replaced by 'ttyS0'
[    0.002238] This ensures that you still see kernel messages. Please
[    0.002243] update your kernel commandline.
[    0.002285] Calibrating delay loop... 996.14 BogoMIPS (lpj=4980736)
[    0.090554] CPU: Testing write buffer coherency: ok
[    0.090669] CPU0: Spectre v2: using BPIALL workaround
[    0.090682] pid_max: default: 32768 minimum: 301
[    0.090805] LSM: initializing lsm=capability
[    0.090978] Mount-cache hash table entries: 1024 (order: 0, 4096 bytes, linear)
[    0.090999] Mountpoint-cache hash table entries: 1024 (order: 0, 4096 bytes, linear)
[    0.092647] CPU0: thread -1, cpu 0, socket -1, mpidr 0
[    0.160950] Setting up static identity map for 0x80100000 - 0x80100078
[    0.170719] rcu: Hierarchical SRCU implementation.
[    0.170729] rcu: 	Max phase no-delay instances is 1000.
[    0.190773] smp: Bringing up secondary CPUs ...
[    0.190830] smp: Brought up 1 node, 1 CPU
[    0.190847] SMP: Total of 1 processors activated (996.14 BogoMIPS).
[    0.190858] CPU: All CPU(s) started in SVC mode.
[    0.191052] Memory: 480840K/522240K available (11264K kernel code, 1213K rwdata, 2896K rodata, 1024K init, 297K bss, 23388K reserved, 16384K cma-reserved, 0K highmem)
[    0.191908] devtmpfs: initialized
[    0.209144] VFP support v0.3: implementor 41 architecture 3 part 30 variant c rev 3
[    0.209505] clocksource: jiffies: mask: 0xffffffff max_cycles: 0xffffffff, max_idle_ns: 19112604462750000 ns
[    0.209539] futex hash table entries: 256 (order: 2, 16384 bytes, linear)
[    0.211079] pinctrl core: initialized pinctrl subsystem
[    0.213906] NET: Registered PF_NETLINK/PF_ROUTE protocol family
[    0.216741] DMA: preallocated 256 KiB pool for atomic coherent allocations
[    0.217654] audit: initializing netlink subsys (disabled)
[    0.219104] thermal_sys: Registered thermal governor 'fair_share'
[    0.219121] thermal_sys: Registered thermal governor 'step_wise'
[    0.219131] thermal_sys: Registered thermal governor 'user_space'
[    0.219291] audit: type=2000 audit(0.210:1): state=initialized audit_enabled=0 res=1
[    0.219335] cpuidle: using governor menu
[    0.237957] /ocp/interconnect@44c00000/segment@200000/target-module@b000/i2c@0/tda19988@70: Fixed dependency cycle(s) with /ocp/interconnect@48000000/segment@300000/target-module@e000/lcdc@0
[    0.239153] /ocp/interconnect@48000000/segment@300000/target-module@e000/lcdc@0: Fixed dependency cycle(s) with /ocp/interconnect@44c00000/segment@200000/target-module@b000/i2c@0/tda19988@70
[    0.241593] No ATAGs?
[    0.241616] hw-breakpoint: debug architecture 0x4 unsupported.
[    0.244422] kprobes: kprobe jump-optimization is enabled. All kprobes are optimized if possible.
[    0.254463] iommu: Default domain type: Translated
[    0.254487] iommu: DMA domain TLB invalidation policy: strict mode
[    0.261575] reg-fixed-voltage fixedregulator0: using DT '/fixedregulator0' for '(default)' GPIO lookup
[    0.261634] of_get_named_gpiod_flags: can't parse 'gpios' property of node '/fixedregulator0[0]'
[    0.261665] of_get_named_gpiod_flags: can't parse 'gpio' property of node '/fixedregulator0[0]'
[    0.261683] reg-fixed-voltage fixedregulator0: using lookup tables for GPIO lookup
[    0.261694] reg-fixed-voltage fixedregulator0: No GPIO consumer (default) found
[    0.262749] SCSI subsystem initialized
[    0.263260] libata version 3.00 loaded.
[    0.263627] pps_core: LinuxPPS API ver. 1 registered
[    0.263638] pps_core: Software ver. 5.3.6 - Copyright 2005-2007 Rodolfo Giometti <giometti@linux.it>
[    0.263664] PTP clock support registered
[    0.271201] vgaarb: loaded
[    0.271624] clocksource: Switched to clocksource dmtimer
[    0.272279] VFS: Disk quotas dquot_6.6.0
[    0.272326] VFS: Dquot-cache hash table entries: 1024 (order 0, 4096 bytes)
[    0.297130] NET: Registered PF_INET protocol family
[    0.297497] IP idents hash table entries: 8192 (order: 4, 65536 bytes, linear)
[    0.298907] tcp_listen_portaddr_hash hash table entries: 512 (order: 0, 4096 bytes, linear)
[    0.298946] Table-perturb hash table entries: 65536 (order: 6, 262144 bytes, linear)
[    0.298963] TCP established hash table entries: 4096 (order: 2, 16384 bytes, linear)
[    0.299006] TCP bind hash table entries: 4096 (order: 4, 65536 bytes, linear)
[    0.299106] TCP: Hash tables configured (established 4096 bind 4096)
[    0.299223] UDP hash table entries: 256 (order: 1, 14336 bytes, linear)
[    0.299258] UDP-Lite hash table entries: 256 (order: 1, 14336 bytes, linear)
[    0.299444] NET: Registered PF_UNIX/PF_LOCAL protocol family
[    0.312860] RPC: Registered named UNIX socket transport module.
[    0.312886] RPC: Registered udp transport module.
[    0.312892] RPC: Registered tcp transport module.
[    0.312898] RPC: Registered tcp-with-tls transport module.
[    0.312903] RPC: Registered tcp NFSv4.1 backchannel transport module.
[    0.312927] PCI: CLS 0 bytes, default 64
[    0.314423] Initialise system trusted keyrings
[    0.315628] workingset: timestamp_bits=14 max_order=17 bucket_order=3
[    0.316929] NFS: Registering the id_resolver key type
[    0.317003] Key type id_resolver registered
[    0.317011] Key type id_legacy registered
[    0.317060] jffs2: version 2.2. (NAND) (SUMMARY)  Â© 2001-2006 Red Hat, Inc.
[    0.317463] Key type asymmetric registered
[    0.317478] Asymmetric key parser 'x509' registered
[    0.317542] io scheduler mq-deadline registered
[    0.317554] io scheduler kyber registered
[    0.317622] io scheduler bfq registered
[    0.319268] ledtrig-cpu: registered to indicate activity on CPUs
[    0.332200] Serial: 8250/16550 driver, 6 ports, IRQ sharing enabled
[    0.377099] brd: module loaded
[    0.397923] loop: module loaded
[    0.398853] mtdoops: mtd device (mtddev=name/number) must be supplied
[    0.400592] mdio_bus fixed-0: using lookup tables for GPIO lookup
[    0.400618] mdio_bus fixed-0: No GPIO consumer reset found
[    0.402201] i2c_dev: i2c /dev entries driver
[    0.403193] cpuidle: enable-method property 'ti,am3352' found operations
[    0.403649] sdhci: Secure Digital Host Controller Interface driver
[    0.403659] sdhci: Copyright(c) Pierre Ossman
[    0.403835] sdhci-pltfm: SDHCI platform and OF driver helper
[    0.404859] Initializing XFRM netlink socket
[    0.405008] NET: Registered PF_INET6 protocol family
[    0.415042] Segment Routing with IPv6
[    0.415134] In-situ OAM (IOAM) with IPv6
[    0.415234] sit: IPv6, IPv4 and MPLS over IPv4 tunneling driver
[    0.416209] NET: Registered PF_PACKET protocol family
[    0.416247] NET: Registered PF_KEY protocol family
[    0.416373] Key type dns_resolver registered
[    0.416648] ThumbEE CPU extension supported.
[    0.416669] Registering SWP/SWPB emulation handler
[    0.417213] omap_voltage_late_init: Voltage driver support not added
[    0.417560] SmartReflex Class3 initialized
[    0.444100] Loading compiled-in X.509 certificates
[    0.492792] /ocp/interconnect@44c00000/segment@200000/target-module@b000/i2c@0/tda19988@70: Fixed dependency cycle(s) with /ocp/interconnect@48000000/segment@300000/target-module@e000/lcdc@0
[    0.499265] /ocp/interconnect@44c00000/segment@200000/target-module@b000/i2c@0/tda19988@70: Fixed dependency cycle(s) with /ocp/interconnect@48000000/segment@300000/target-module@e000/lcdc@0
[    0.505044] gpiochip_find_base_unlocked: found new base at 512
[    0.529146] /ocp/interconnect@44c00000/segment@200000/target-module@b000/i2c@0/tda19988@70: Fixed dependency cycle(s) with /ocp/interconnect@48000000/segment@300000/target-module@e000/lcdc@0
[    0.530013] /ocp/interconnect@44c00000/segment@200000/target-module@b000/i2c@0/tda19988@70: Fixed dependency cycle(s) with /ocp/interconnect@48000000/segment@300000/target-module@e000/lcdc@0
[    0.533798] /ocp/interconnect@44c00000/segment@200000/target-module@10000/scm@0/pinmux@800: Fixed dependency cycle(s) with /ocp/interconnect@44c00000/segment@200000/target-module@10000/scm@0/pinmux@800/clkout2-pins
[    0.534392] pinctrl-single 44e10800.pinmux: 142 pins, size 568
[    0.539541] ti-sysc 44e31000.target-module: probe with driver ti-sysc failed with error -16
[    0.560632] /ocp/interconnect@48000000/segment@300000/target-module@e000/lcdc@0: Fixed dependency cycle(s) with /ocp/interconnect@44c00000/segment@200000/target-module@b000/i2c@0/tda19988@70
[    0.568887] ti-sysc 48040000.target-module: probe with driver ti-sysc failed with error -16
[    0.580234] gpiochip_find_base_unlocked: found new base at 512
[    0.580337] gpio gpiochip0: (gpio-0-31): created GPIO range 0->7 ==> 44e10800.pinmux PIN 0->7
[    0.580357] gpio gpiochip0: (gpio-0-31): created GPIO range 8->11 ==> 44e10800.pinmux PIN 90->93
[    0.580373] gpio gpiochip0: (gpio-0-31): created GPIO range 12->27 ==> 44e10800.pinmux PIN 12->27
[    0.580389] gpio gpiochip0: (gpio-0-31): created GPIO range 28->31 ==> 44e10800.pinmux PIN 30->33
[    0.604977] gpio gpiochip0: (gpio-0-31): added GPIO chardev (254:0)
[    0.605130] gpio gpiochip0: registered GPIOs 512 to 543 on gpio-0-31
[    0.605218] OMAP GPIO hardware version 0.1
[    0.645912] i2c i2c-2: using DT '/ocp/interconnect@48000000/segment@100000/target-module@9c000/i2c@0' for 'scl' GPIO lookup
[    0.645987] of_get_named_gpiod_flags: can't parse 'scl-gpios' property of node '/ocp/interconnect@48000000/segment@100000/target-module@9c000/i2c@0[0]'
[    0.646032] of_get_named_gpiod_flags: can't parse 'scl-gpio' property of node '/ocp/interconnect@48000000/segment@100000/target-module@9c000/i2c@0[0]'
[    0.646069] i2c i2c-2: using lookup tables for GPIO lookup
[    0.646079] i2c i2c-2: No GPIO consumer scl found
[    0.646100] i2c i2c-2: using DT '/ocp/interconnect@48000000/segment@100000/target-module@9c000/i2c@0' for 'sda' GPIO lookup
[    0.646137] of_get_named_gpiod_flags: can't parse 'sda-gpios' property of node '/ocp/interconnect@48000000/segment@100000/target-module@9c000/i2c@0[0]'
[    0.646177] of_get_named_gpiod_flags: can't parse 'sda-gpio' property of node '/ocp/interconnect@48000000/segment@100000/target-module@9c000/i2c@0[0]'
[    0.646210] i2c i2c-2: using lookup tables for GPIO lookup
[    0.646218] i2c i2c-2: No GPIO consumer sda found
[    0.646971] omap_i2c 4819c000.i2c: bus 2 rev0.11 at 100 kHz
[    0.652781] gpiochip_find_base_unlocked: found new base at 544
[    0.652887] gpio gpiochip1: (gpio-32-63): created GPIO range 0->17 ==> 44e10800.pinmux PIN 34->51
[    0.652907] gpio gpiochip1: (gpio-32-63): created GPIO range 18->21 ==> 44e10800.pinmux PIN 77->80
[    0.652923] gpio gpiochip1: (gpio-32-63): created GPIO range 22->31 ==> 44e10800.pinmux PIN 56->65
[    0.653844] gpio gpiochip1: (gpio-32-63): added GPIO chardev (254:1)
[    0.653993] gpio gpiochip1: registered GPIOs 544 to 575 on gpio-32-63
[    0.656197] gpiochip_find_base_unlocked: found new base at 576
[    0.656292] gpio gpiochip2: (gpio-64-95): created GPIO range 0->4 ==> 44e10800.pinmux PIN 66->70
[    0.656312] gpio gpiochip2: (gpio-64-95): created GPIO range 5->6 ==> 44e10800.pinmux PIN 98->99
[    0.656328] gpio gpiochip2: (gpio-64-95): created GPIO range 7->8 ==> 44e10800.pinmux PIN 75->76
[    0.656343] gpio gpiochip2: (gpio-64-95): created GPIO range 13->13 ==> 44e10800.pinmux PIN 141->141
[    0.656360] gpio gpiochip2: (gpio-64-95): created GPIO range 14->21 ==> 44e10800.pinmux PIN 100->107
[    0.667049] gpio gpiochip2: (gpio-64-95): added GPIO chardev (254:2)
[    0.667194] gpio gpiochip2: registered GPIOs 576 to 607 on gpio-64-95
[    0.673063] 48000000.interconnect:segment@200000:target-module@0:mpu@0:fck: device ID is greater than 24
[    0.673977] /ocp/interconnect@48000000/segment@300000/target-module@e000/lcdc@0: Fixed dependency cycle(s) with /ocp/interconnect@44c00000/segment@200000/target-module@b000/i2c@0/tda19988@70
[    0.676780] /ocp/interconnect@48000000/segment@300000/target-module@e000/lcdc@0: Fixed dependency cycle(s) with /ocp/interconnect@44c00000/segment@200000/target-module@b000/i2c@0/tda19988@70
[    0.677496] /ocp/interconnect@44c00000/segment@200000/target-module@b000/i2c@0/tda19988@70: Fixed dependency cycle(s) with /ocp/interconnect@48000000/segment@300000/target-module@e000/lcdc@0
[    0.677661] /ocp/interconnect@48000000/segment@300000/target-module@e000/lcdc@0: Fixed dependency cycle(s) with /ocp/interconnect@44c00000/segment@200000/target-module@b000/i2c@0/tda19988@70
[    0.687430] mdio_bus 4a101000.mdio: using DT '/ocp/interconnect@4a000000/segment@0/target-module@100000/switch@0/mdio@1000' for 'reset' GPIO lookup
[    0.687507] of_get_named_gpiod_flags: can't parse 'reset-gpios' property of node '/ocp/interconnect@4a000000/segment@0/target-module@100000/switch@0/mdio@1000[0]'
[    0.687558] of_get_named_gpiod_flags: can't parse 'reset-gpio' property of node '/ocp/interconnect@4a000000/segment@0/target-module@100000/switch@0/mdio@1000[0]'
[    0.687607] mdio_bus 4a101000.mdio: using lookup tables for GPIO lookup
[    0.687619] mdio_bus 4a101000.mdio: No GPIO consumer reset found
[    0.688810] sdhci-omap 481d8000.mmc: using DT '/ocp/interconnect@48000000/segment@100000/target-module@d8000/mmc@0' for 'wp' GPIO lookup
[    0.688896] of_get_named_gpiod_flags: can't parse 'wp-gpios' property of node '/ocp/interconnect@48000000/segment@100000/target-module@d8000/mmc@0[0]'
[    0.688943] of_get_named_gpiod_flags: can't parse 'wp-gpio' property of node '/ocp/interconnect@48000000/segment@100000/target-module@d8000/mmc@0[0]'
[    0.688980] sdhci-omap 481d8000.mmc: using lookup tables for GPIO lookup
[    0.688990] sdhci-omap 481d8000.mmc: No GPIO consumer wp found
[    0.689186] sdhci-omap 481d8000.mmc: supply pbias not found, using dummy regulator
[    0.689694] sdhci-omap 481d8000.mmc: supply vqmmc not found, using dummy regulator
[    0.734425] davinci_mdio 4a101000.mdio: davinci mdio revision 1.6, bus freq 1000000
[    0.768323] mdio_bus 4a101000.mdio:00: using DT '/ocp/interconnect@4a000000/segment@0/target-module@100000/switch@0/mdio@1000/ethernet-phy@0' for 'reset' GPIO lookup
[    0.768430] of_get_named_gpiod_flags: parsed 'reset-gpios' property of node '/ocp/interconnect@4a000000/segment@0/target-module@100000/switch@0/mdio@1000/ethernet-phy@0[0]' - status (0)
[    0.768599] gpio gpiochip0: Persistence not supported for GPIO 8
[    0.911300] davinci_mdio 4a101000.mdio: phy[0]: device 4a101000.mdio:00, driver SMSC LAN8710/LAN8720
[    0.912186] cpsw-switch 4a100000.switch: initialized cpsw ale version 1.4
[    0.912213] cpsw-switch 4a100000.switch: ALE Table size 1024, Policers 0
[    0.922073] cpsw-switch 4a100000.switch: cpts: overflow check period 500 (jiffies)
[    0.922096] cpsw-switch 4a100000.switch: CPTS: ref_clk_freq:250000000 calc_mult:2147483648 calc_shift:29 error:0 nsec/sec
[    0.922213] cpsw-switch 4a100000.switch: Detected MACID = 6c:ec:eb:68:de:78
[    0.924033] cpsw-switch 4a100000.switch: initialized (regs 0x4a100000, pool size 256) hw_ver:0019010C 1.12 (0)
[    0.935118] debugfs: Directory '49000000.dma' with parent 'dmaengine' already present!
[    0.935158] edma 49000000.dma: TI EDMA DMA engine driver
[    0.977381] target-module@4b000000:target-module@140000:pmu@0:fck: device ID is greater than 24
[    1.018533] hw perfevents: enabled with armv7_cortex_a8 PMU driver, 5 (8000000f) counters available
[    1.019445] gpio-clk clk_mcasp0: using DT '/clk_mcasp0' for 'enable' GPIO lookup
[    1.019514] of_get_named_gpiod_flags: parsed 'enable-gpios' property of node '/clk_mcasp0[0]' - status (0)
[    1.019559] gpio gpiochip0: Persistence not supported for GPIO 27
[    1.020356] gpiochip_find_base_unlocked: found new base at 608
[    1.020463] gpio gpiochip3: (gpio-96-127): created GPIO range 0->7 ==> 44e10800.pinmux PIN 82->89
[    1.020483] gpio gpiochip3: (gpio-96-127): created GPIO range 8->11 ==> 44e10800.pinmux PIN 52->55
[    1.020499] gpio gpiochip3: (gpio-96-127): created GPIO range 12->15 ==> 44e10800.pinmux PIN 94->97
[    1.020515] gpio gpiochip3: (gpio-96-127): created GPIO range 16->17 ==> 44e10800.pinmux PIN 71->72
[    1.020531] gpio gpiochip3: (gpio-96-127): created GPIO range 18->18 ==> 44e10800.pinmux PIN 135->135
[    1.020548] gpio gpiochip3: (gpio-96-127): created GPIO range 19->20 ==> 44e10800.pinmux PIN 108->109
[    1.020565] gpio gpiochip3: (gpio-96-127): created GPIO range 21->21 ==> 44e10800.pinmux PIN 73->73
[    1.020582] gpio gpiochip3: (gpio-96-127): created GPIO range 22->23 ==> 44e10800.pinmux PIN 8->9
[    1.020600] gpio gpiochip3: (gpio-96-127): created GPIO range 26->27 ==> 44e10800.pinmux PIN 10->11
[    1.020617] gpio gpiochip3: (gpio-96-127): created GPIO range 28->28 ==> 44e10800.pinmux PIN 74->74
[    1.020636] gpio gpiochip3: (gpio-96-127): created GPIO range 29->29 ==> 44e10800.pinmux PIN 81->81
[    1.020663] gpio gpiochip3: (gpio-96-127): created GPIO range 30->31 ==> 44e10800.pinmux PIN 28->29
[    1.026247] l3-aon-clkctrl:0000:0: failed to disable
[    1.026565] gpio gpiochip3: (gpio-96-127): added GPIO chardev (254:3)
[    1.026735] gpio gpiochip3: registered GPIOs 608 to 639 on gpio-96-127
[    1.028510] omap8250 44e09000.serial: using DT '/ocp/interconnect@44c00000/segment@200000/target-module@9000/serial@0' for 'rs485-term' GPIO lookup
[    1.028579] of_get_named_gpiod_flags: can't parse 'rs485-term-gpios' property of node '/ocp/interconnect@44c00000/segment@200000/target-module@9000/serial@0[0]'
[    1.028624] of_get_named_gpiod_flags: can't parse 'rs485-term-gpio' property of node '/ocp/interconnect@44c00000/segment@200000/target-module@9000/serial@0[0]'
[    1.028664] omap8250 44e09000.serial: using lookup tables for GPIO lookup
[    1.028674] omap8250 44e09000.serial: No GPIO consumer rs485-term found
[    1.028685] omap8250 44e09000.serial: using DT '/ocp/interconnect@44c00000/segment@200000/target-module@9000/serial@0' for 'rs485-rx-during-tx' GPIO lookup
[    1.028722] of_get_named_gpiod_flags: can't parse 'rs485-rx-during-tx-gpios' property of node '/ocp/interconnect@44c00000/segment@200000/target-module@9000/serial@0[0]'
[    1.028761] of_get_named_gpiod_flags: can't parse 'rs485-rx-during-tx-gpio' property of node '/ocp/interconnect@44c00000/segment@200000/target-module@9000/serial@0[0]'
[    1.028795] omap8250 44e09000.serial: using lookup tables for GPIO lookup
[    1.028804] omap8250 44e09000.serial: No GPIO consumer rs485-rx-during-tx found
[    1.029186] 44e09000.serial: ttyS0 at MMIO 0x44e09000 (irq = 34, base_baud = 3000000) is a 8250
[    1.029277] printk: legacy console [ttyS0] enabled
[    2.483387] i2c i2c-0: using DT '/ocp/interconnect@44c00000/segment@200000/target-module@b000/i2c@0' for 'scl' GPIO lookup
[    2.483480] of_get_named_gpiod_flags: can't parse 'scl-gpios' property of node '/ocp/interconnect@44c00000/segment@200000/target-module@b000/i2c@0[0]'
[    2.483529] of_get_named_gpiod_flags: can't parse 'scl-gpio' property of node '/ocp/interconnect@44c00000/segment@200000/target-module@b000/i2c@0[0]'
[    2.483571] i2c i2c-0: using lookup tables for GPIO lookup
[    2.483585] i2c i2c-0: No GPIO consumer scl found
[    2.483610] i2c i2c-0: using DT '/ocp/interconnect@44c00000/segment@200000/target-module@b000/i2c@0' for 'sda' GPIO lookup
[    2.483651] of_get_named_gpiod_flags: can't parse 'sda-gpios' property of node '/ocp/interconnect@44c00000/segment@200000/target-module@b000/i2c@0[0]'
[    2.483694] of_get_named_gpiod_flags: can't parse 'sda-gpio' property of node '/ocp/interconnect@44c00000/segment@200000/target-module@b000/i2c@0[0]'
[    2.483732] i2c i2c-0: using lookup tables for GPIO lookup
[    2.483743] i2c i2c-0: No GPIO consumer sda found
[    2.502653] tps65217-pmic: Failed to locate of_node [id: -1]
[    2.508720] tps65217-bl: Failed to locate of_node [id: -1]
[    2.520231] tps65217 0-0024: TPS65217 ID 0xe version 1.2
[    2.526399] /ocp/interconnect@48000000/segment@300000/target-module@e000/lcdc@0: Fixed dependency cycle(s) with /ocp/interconnect@44c00000/segment@200000/target-module@b000/i2c@0/tda19988@70
[    2.543786] /ocp/interconnect@44c00000/segment@200000/target-module@b000/i2c@0/tda19988@70: Fixed dependency cycle(s) with /ocp/interconnect@48000000/segment@300000/target-module@e000/lcdc@0
[    2.561165] omap_i2c 44e0b000.i2c: bus 0 rev0.11 at 400 kHz
[    2.569012] sdhci-omap 48060000.mmc: using DT '/ocp/interconnect@48000000/segment@0/target-module@60000/mmc@0' for 'cd' GPIO lookup
[    2.569123] of_get_named_gpiod_flags: parsed 'cd-gpios' property of node '/ocp/interconnect@48000000/segment@0/target-module@60000/mmc@0[0]' - status (0)
[    2.569191] gpio gpiochip3: Persistence not supported for GPIO 6
[    2.569216] omap_gpio 44e07000.gpio: Could not set line 6 debounce to 200000 microseconds (-22)
[    2.578101] sdhci-omap 48060000.mmc: Got CD GPIO
[    2.582785] sdhci-omap 48060000.mmc: using DT '/ocp/interconnect@48000000/segment@0/target-module@60000/mmc@0' for 'wp' GPIO lookup
[    2.582836] of_get_named_gpiod_flags: can't parse 'wp-gpios' property of node '/ocp/interconnect@48000000/segment@0/target-module@60000/mmc@0[0]'
[    2.582882] of_get_named_gpiod_flags: can't parse 'wp-gpio' property of node '/ocp/interconnect@48000000/segment@0/target-module@60000/mmc@0[0]'
[    2.582922] sdhci-omap 48060000.mmc: using lookup tables for GPIO lookup
[    2.582937] sdhci-omap 48060000.mmc: No GPIO consumer wp found
[    2.583148] sdhci-omap 48060000.mmc: supply pbias not found, using dummy regulator
[    2.591944] sdhci-omap 481d8000.mmc: using DT '/ocp/interconnect@48000000/segment@100000/target-module@d8000/mmc@0' for 'wp' GPIO lookup
[    2.592044] of_get_named_gpiod_flags: can't parse 'wp-gpios' property of node '/ocp/interconnect@48000000/segment@100000/target-module@d8000/mmc@0[0]'
[    2.592096] of_get_named_gpiod_flags: can't parse 'wp-gpio' property of node '/ocp/interconnect@48000000/segment@100000/target-module@d8000/mmc@0[0]'
[    2.592139] sdhci-omap 481d8000.mmc: using lookup tables for GPIO lookup
[    2.592153] sdhci-omap 481d8000.mmc: No GPIO consumer wp found
[    2.593667] sdhci-omap 48060000.mmc: supply vqmmc not found, using dummy regulator
[    2.602528] sdhci-omap 481d8000.mmc: supply pbias not found, using dummy regulator
[    2.610515] sdhci-omap 481d8000.mmc: supply vqmmc not found, using dummy regulator
[    2.645919] mmc0: SDHCI controller on 48060000.mmc [48060000.mmc] using External DMA
[    2.654261] mmc1: SDHCI controller on 481d8000.mmc [481d8000.mmc] using External DMA
[    2.663128] cpsw-switch 4a100000.switch: starting ndev. mode: dual_mac
[    2.714645] mmc0: new high speed SDHC card at address 5048
[    2.721824] mmcblk0: mmc0:5048 SD16G 14.4 GiB
[    2.729922]  mmcblk0: p1 p2
[    2.733425] mmcblk0: p2 size 31221760 extends beyond EOD, truncated
[    2.742882] SMSC LAN8710/LAN8720 4a101000.mdio:00: attached PHY driver (mii_bus:phy_addr=4a101000.mdio:00, irq=POLL)
[    2.763143] mmc1: new high speed MMC card at address 0001
[    2.769961] mmcblk1: mmc1:0001 MMC04G 3.60 GiB
[    2.777539]  mmcblk1: p1 p2
[    2.782064] mmcblk1boot0: mmc1:0001 MMC04G 2.00 MiB
[    2.789109] mmcblk1boot1: mmc1:0001 MMC04G 2.00 MiB
[    2.796506] mmcblk1rpmb: mmc1:0001 MMC04G 128 KiB, chardev (250:0)
[    5.922400] cpsw-switch 4a100000.switch eth0: Link is Up - 100Mbps/Full - flow control off
[    5.951640] IP-Config: Complete:
[    5.954915]      device=eth0, hwaddr=6c:ec:eb:68:de:78, ipaddr=192.168.255.1, mask=255.255.255.0, gw=255.255.255.255
[    5.965563]      host=bbb1, domain=, nis-domain=(none)
[    5.970733]      bootserver=192.168.255.126, rootserver=192.168.255.126, rootpath=
[    5.971160] clk: Disabling unused clocks
[    5.983027] PM: genpd: Disabling unused power domains
[    5.988147] KTAP version 1
[    5.990868] 1..0
[    6.016765] VFS: Mounted root (nfs filesystem) on device 0:17.
[    6.023908] devtmpfs: mounted
[    6.028575] Freeing unused kernel image (initmem) memory: 1024K
[    6.035452] Run /sbin/init as init process
[    6.039588]   with arguments:
[    6.039601]     /sbin/init
[    6.039611]     nfsrootdebug
[    6.039620]   with environment:
[    6.039629]     HOME=/
[    6.039638]     TERM=linux
[    6.760944] systemd[1]: System time before build time, advancing clock.
[    8.221650] random: crng init done
[    8.264309] systemd[1]: systemd 232 running in system mode. (+PAM +AUDIT +SELINUX +IMA +APPARMOR +SMACK +SYSVINIT +UTMP +LIBCRYPTSETUP +GCRYPT +GNUTLS +ACL +XZ +LZ4 +SECCOMP +BLKID +ELFUTILS +KMOD +IDN)
[    8.283359] systemd[1]: Detected architecture arm.
[    8.314891] systemd[1]: Set hostname to <arm>.
[    9.439098] systemd[1]: Listening on /dev/initctl Compatibility Named Pipe.
[    9.473637] systemd[1]: Listening on udev Control Socket.
[    9.503292] systemd[1]: Created slice System Slice.
[    9.562238] systemd[1]: Mounting Debug File System...
[    9.573823] systemd[1]: Created slice system-getty.slice.
[    9.587190] systemd[1]: Set up automount Arbitrary Executable File Formats File System Automount Point.
[    9.624312] systemd[1]: Reached target Remote File Systems.
[   11.765942] systemd-journald[86]: Received request to flush runtime journal from PID 1
[   14.362612] leds-gpio leds: using DT '/leds/led2' for '(default)' GPIO lookup
[   14.362719] of_get_named_gpiod_flags: parsed 'gpios' property of node '/leds/led2[0]' - status (0)
[   14.362776] gpio gpiochip0: Persistence not supported for GPIO 21
[   14.362792] gpio-533 (?): no flags found for GPIO (default)
[   14.452090] leds-gpio leds: using DT '/leds/led3' for '(default)' GPIO lookup
[   14.452204] of_get_named_gpiod_flags: parsed 'gpios' property of node '/leds/led3[0]' - status (0)
[   14.452262] gpio gpiochip0: Persistence not supported for GPIO 22
[   14.452277] gpio-534 (?): no flags found for GPIO (default)
[   14.472166] leds-gpio leds: using DT '/leds/led4' for '(default)' GPIO lookup
[   14.472266] of_get_named_gpiod_flags: parsed 'gpios' property of node '/leds/led4[0]' - status (0)
[   14.472318] gpio gpiochip0: Persistence not supported for GPIO 23
[   14.472332] gpio-535 (?): no flags found for GPIO (default)
[   14.515534] leds-gpio leds: using DT '/leds/led5' for '(default)' GPIO lookup
[   14.515637] of_get_named_gpiod_flags: parsed 'gpios' property of node '/leds/led5[0]' - status (0)
[   14.515690] gpio gpiochip0: Persistence not supported for GPIO 24
[   14.515706] gpio-536 (?): no flags found for GPIO (default)
[   14.733544] remoteproc remoteproc0: wkup_m3 is available
[   14.984633] at24 2-0054: supply vcc not found, using dummy regulator
[   15.114661] at24 2-0055: supply vcc not found, using dummy regulator
[   15.203710] at24 2-0056: supply vcc not found, using dummy regulator
[   15.304314] at24 2-0057: supply vcc not found, using dummy regulator
[   15.406560] tps6521x_pwrbutton tps65217-pwrbutton: DMA mask not set
[   15.417107] at24 0-0050: using DT '/ocp/interconnect@44c00000/segment@200000/target-module@b000/i2c@0/eeprom@50' for 'wp' GPIO lookup
[   15.417223] of_get_named_gpiod_flags: can't parse 'wp-gpios' property of node '/ocp/interconnect@44c00000/segment@200000/target-module@b000/i2c@0/eeprom@50[0]'
[   15.417381] of_get_named_gpiod_flags: can't parse 'wp-gpio' property of node '/ocp/interconnect@44c00000/segment@200000/target-module@b000/i2c@0/eeprom@50[0]'
[   15.417441] at24 0-0050: using lookup tables for GPIO lookup
[   15.417457] at24 0-0050: No GPIO consumer wp found
[   15.417791] at24 0-0050: 32768 byte 24c256 EEPROM, writable, 1 bytes/write
[   15.518187] wkup_m3_ipc 44e11324.wkup_m3_ipc: IPC Request for A8->M3 Channel failed! -517
[   15.539828] input: tps65217_pwrbutton as /devices/platform/ocp/44c00000.interconnect/44c00000.interconnect:segment@200000/44e0b000.target-module/44e0b000.i2c/i2c-0/0-0024/tps65217-pwrbutton/input/input0
[   15.575783] wkup_m3_ipc 44e11324.wkup_m3_ipc: IPC Request for A8->M3 Channel failed! -517
[   15.632664] omap_rtc 44e3e000.rtc: registered as rtc0
[   15.637872] omap_rtc 44e3e000.rtc: setting system clock to 2000-01-01T00:00:00 UTC (946684800)
[   15.646702] omap_rtc 44e3e000.rtc: using DT '/ocp/interconnect@44c00000/segment@200000/target-module@3e000/rtc@0' for 'wp' GPIO lookup
[   15.646780] of_get_named_gpiod_flags: can't parse 'wp-gpios' property of node '/ocp/interconnect@44c00000/segment@200000/target-module@3e000/rtc@0[0]'
[   15.646833] of_get_named_gpiod_flags: can't parse 'wp-gpio' property of node '/ocp/interconnect@44c00000/segment@200000/target-module@3e000/rtc@0[0]'
[   15.646876] omap_rtc 44e3e000.rtc: using lookup tables for GPIO lookup
[   15.646890] omap_rtc 44e3e000.rtc: No GPIO consumer wp found
[   15.757700] wkup_m3_ipc 44e11324.wkup_m3_ipc: IPC Request for A8->M3 Channel failed! -517
[   15.782855] omap_wdt: OMAP Watchdog Timer Rev 0x01: initial timeout 60 sec
[   15.873545] wkup_m3_ipc 44e11324.wkup_m3_ipc: IPC Request for A8->M3 Channel failed! -517
[   15.954763] am335x-phy-driver 47401300.usb-phy: using DT '/ocp/target-module@47400000/usb-phy@1300' for 'reset' GPIO lookup
[   15.954864] of_get_named_gpiod_flags: can't parse 'reset-gpios' property of node '/ocp/target-module@47400000/usb-phy@1300[0]'
[   15.954911] of_get_named_gpiod_flags: can't parse 'reset-gpio' property of node '/ocp/target-module@47400000/usb-phy@1300[0]'
[   15.954949] am335x-phy-driver 47401300.usb-phy: using lookup tables for GPIO lookup
[   15.954965] am335x-phy-driver 47401300.usb-phy: No GPIO consumer reset found
[   15.954980] am335x-phy-driver 47401300.usb-phy: using DT '/ocp/target-module@47400000/usb-phy@1300' for 'vbus-detect' GPIO lookup
[   15.955012] of_get_named_gpiod_flags: can't parse 'vbus-detect-gpios' property of node '/ocp/target-module@47400000/usb-phy@1300[0]'
[   15.955045] of_get_named_gpiod_flags: can't parse 'vbus-detect-gpio' property of node '/ocp/target-module@47400000/usb-phy@1300[0]'
[   15.955074] am335x-phy-driver 47401300.usb-phy: using lookup tables for GPIO lookup
[   15.955086] am335x-phy-driver 47401300.usb-phy: No GPIO consumer vbus-detect found
[   15.955237] am335x-phy-driver 47401300.usb-phy: dummy supplies not allowed for exclusive requests (id=vbus)
[   16.111147] am335x-phy-driver 47401b00.usb-phy: using DT '/ocp/target-module@47400000/usb-phy@1b00' for 'reset' GPIO lookup
[   16.111244] of_get_named_gpiod_flags: can't parse 'reset-gpios' property of node '/ocp/target-module@47400000/usb-phy@1b00[0]'
[   16.111289] of_get_named_gpiod_flags: can't parse 'reset-gpio' property of node '/ocp/target-module@47400000/usb-phy@1b00[0]'
[   16.111328] am335x-phy-driver 47401b00.usb-phy: using lookup tables for GPIO lookup
[   16.111343] am335x-phy-driver 47401b00.usb-phy: No GPIO consumer reset found
[   16.111358] am335x-phy-driver 47401b00.usb-phy: using DT '/ocp/target-module@47400000/usb-phy@1b00' for 'vbus-detect' GPIO lookup
[   16.111390] of_get_named_gpiod_flags: can't parse 'vbus-detect-gpios' property of node '/ocp/target-module@47400000/usb-phy@1b00[0]'
[   16.111423] of_get_named_gpiod_flags: can't parse 'vbus-detect-gpio' property of node '/ocp/target-module@47400000/usb-phy@1b00[0]'
[   16.111452] am335x-phy-driver 47401b00.usb-phy: using lookup tables for GPIO lookup
[   16.111465] am335x-phy-driver 47401b00.usb-phy: No GPIO consumer vbus-detect found
[   16.111783] am335x-phy-driver 47401b00.usb-phy: dummy supplies not allowed for exclusive requests (id=vbus)
[   16.122789] wkup_m3_ipc 44e11324.wkup_m3_ipc: IPC Request for A8->M3 Channel failed! -517
[   16.392981] wkup_m3_ipc 44e11324.wkup_m3_ipc: IPC Request for A8->M3 Channel failed! -517
[   16.462377] usbcore: registered new interface driver usbfs
[   16.468056] usbcore: registered new interface driver hub
[   16.473620] usbcore: registered new device driver usb
[   16.804272] tda998x 0-0070: found TDA19988
[   16.916606] wkup_m3_ipc 44e11324.wkup_m3_ipc: IPC Request for A8->M3 Channel failed! -517
[   17.107164] wkup_m3_ipc 44e11324.wkup_m3_ipc: IPC Request for A8->M3 Channel failed! -517
[   17.145559] musb-hdrc musb-hdrc.1: MUSB HDRC host driver
[   17.150981] musb-hdrc musb-hdrc.1: new USB bus registered, assigned bus number 1
[   17.270786] wkup_m3_ipc 44e11324.wkup_m3_ipc: IPC Request for A8->M3 Channel failed! -517
[   17.431929] usb usb1: New USB device found, idVendor=1d6b, idProduct=0002, bcdDevice= 6.12
[   17.440323] usb usb1: New USB device strings: Mfr=3, Product=2, SerialNumber=1
[   17.447708] usb usb1: Product: MUSB HDRC host driver
[   17.452756] usb usb1: Manufacturer: Linux 6.12.0-next-20241128 musb-hcd
[   17.459408] usb usb1: SerialNumber: musb-hdrc.1
[   17.561382] omap-mailbox 480c8000.mailbox: omap mailbox rev 0x400
[   17.669554] remoteproc remoteproc0: powering up wkup_m3
[   17.931231] remoteproc remoteproc0: Direct firmware load for am335x-pm-firmware.elf failed with error -2
[   17.941105] remoteproc remoteproc0: request_firmware failed: -2
[   17.947178] wkup_m3_ipc 44e11324.wkup_m3_ipc: rproc_boot failed
[   18.004030] hub 1-0:1.0: USB hub found
[   18.036506] hub 1-0:1.0: 1 port detected
[   20.096291] tilcdc 4830e000.lcdc: bound 0-0070 (ops tda998x_driver_exit [tda998x])
[   20.236182] [drm] Initialized tilcdc 1.0.0 for 4830e000.lcdc on minor 0
[   20.332076] omap_rng 48310000.rng: Random Number Generator ver. 20
[   20.358533] tilcdc 4830e000.lcdc: [drm] Cannot find any crtc or sizes
[   20.489129] tilcdc 4830e000.lcdc: [drm] Cannot find any crtc or sizes
[   21.123793] PM: Cannot get wkup_m3_ipc handle
[   21.220965] omap-sham 53100000.sham: hw accel on OMAP rev 4.3
[   21.325211] omap-sham 53100000.sham: will run requests pump with realtime priority
[   21.338964] PM: Cannot get wkup_m3_ipc handle
[   21.438257] omap-aes 53500000.aes: OMAP AES hw accel rev: 3.2
[   21.548322] omap-aes 53500000.aes: will run requests pump with realtime priority
[   21.559935] PM: Cannot get wkup_m3_ipc handle
[   23.294790] Bluetooth: Core ver 2.22
[   23.298628] NET: Registered PF_BLUETOOTH protocol family
[   23.304227] Bluetooth: HCI device and connection manager initialized
[   23.310647] Bluetooth: HCI socket layer initialized
[   23.315663] Bluetooth: L2CAP socket layer initialized
[   23.320789] Bluetooth: SCO socket layer initialized
[   24.844705] PM: Cannot get wkup_m3_ipc handle
[   24.850501] asoc-simple-card sound: using DT '/sound' for 'simple-audio-card,hp-det' GPIO lookup
[   24.850576] of_get_named_gpiod_flags: can't parse 'simple-audio-card,hp-det-gpios' property of node '/sound[0]'
[   24.850612] of_get_named_gpiod_flags: can't parse 'simple-audio-card,hp-det-gpio' property of node '/sound[0]'
[   24.850636] asoc-simple-card sound: using lookup tables for GPIO lookup
[   24.850651] asoc-simple-card sound: No GPIO consumer simple-audio-card,hp-det found
[   24.850666] asoc-simple-card sound: using DT '/sound' for 'simple-audio-card,mic-det' GPIO lookup
[   24.850691] of_get_named_gpiod_flags: can't parse 'simple-audio-card,mic-det-gpios' property of node '/sound[0]'
[   24.850718] of_get_named_gpiod_flags: can't parse 'simple-audio-card,mic-det-gpio' property of node '/sound[0]'
[   24.850739] asoc-simple-card sound: using lookup tables for GPIO lookup
[   24.850751] asoc-simple-card sound: No GPIO consumer simple-audio-card,mic-det found
[   24.964484] PM: Cannot get wkup_m3_ipc handle
[   28.815711] userial_init: registered 8 ttyGS* devices
[   29.019838] rndis_register: configNr = 0
[   29.208818] udc musb-hdrc.0: binding gadget driver [g_multi]
[   29.208915] configfs-gadget.g_multi gadget.0: adding 'rndis'/f39e7829 to config 'c'/13ab924a
[   29.210054] configfs-gadget.g_multi gadget.0: HOST MAC 1c:ba:8c:a2:ed:6c
[   29.217058] configfs-gadget.g_multi gadget.0: MAC 1c:ba:8c:a2:ed:70
[   29.223470] rndis_set_param_medium: 0 0
[   29.223494] configfs-gadget.g_multi gadget.0: RNDIS: IN/ep1in OUT/ep1out NOTIFY/ep2in
[   29.223513] configfs-gadget.g_multi gadget.0: adding 'cdc_ethernet'/866dd5f9 to config 'c'/13ab924a
[   29.224443] configfs-gadget.g_multi gadget.0: HOST MAC 1c:ba:8c:a2:ed:6c
[   29.231210] configfs-gadget.g_multi gadget.0: MAC 1c:ba:8c:a2:ed:6d
[   29.237705] configfs-gadget.g_multi gadget.0: CDC Ethernet: IN/ep3in OUT/ep2out NOTIFY/ep4in
[   29.237729] configfs-gadget.g_multi gadget.0: adding 'acm'/233cdade to config 'c'/13ab924a
[   29.237766] configfs-gadget.g_multi gadget.0: acm ttyGS0: IN/ep5in OUT/ep3out NOTIFY/ep6in
[   29.238508] PM: Cannot get wkup_m3_ipc handle
[   31.618559] configfs-gadget.g_multi gadget.0: eth_open
[   35.061411] gs_open: ttyGS0 (efcb0c9d,ee364560)
[   35.061547] gs_close: ttyGS0 (efcb0c9d,ee364560) ...
[   35.061570] gs_close: ttyGS0 (efcb0c9d,ee364560) done!
[   35.070328] gs_open: ttyGS0 (efcb0c9d,e441ab50)
[   35.070791] gs_close: ttyGS0 (efcb0c9d,e441ab50) ...
[   35.070827] gs_close: ttyGS0 (efcb0c9d,e441ab50) done!
[   35.237374] gs_open: ttyGS0 (2606b125,4ff7e790)
[   35.237613] gs_close: ttyGS0 (2606b125,4ff7e790) ...
[   35.237639] gs_close: ttyGS0 (2606b125,4ff7e790) done!
[   35.238911] gs_open: ttyGS0 (e01bf169,e5f6d719)
FWMBHJPUZA 0
root@arm:~# echo 'LTMK''PPSQQJ'
LTMKPPSQQJ
root@arm:~# MARKER='MKUN''MGJYOO' run 'modprobe test_linear_ranges'
MKUNMGJYOOMKUNMGJYOO 0
root@arm:~# echo 'GKCW''VXYGOK'
GKCWVXYGOK
root@arm:~# MARKER='LUNO''YVUHHG' run dmesg
LUNOYVUHHG[    0.000000] Booting Linux on physical CPU 0x0
[    0.000000] Linux version 6.12.0-next-20241128 (user01@drvtest01) (arm-linux-gnueabihf-gcc (Linaro GCC 6.4-2017.11) 6.4.1 20171012, GNU ld (Linaro_Binutils-2017.11) 2.27.0.20161229) #147 SMP Thu Nov 28 04:55:41 EET 2024
[    0.000000] CPU: ARMv7 Processor [413fc082] revision 2 (ARMv7), cr=10c5387d
[    0.000000] CPU: PIPT / VIPT nonaliasing data cache, VIPT aliasing instruction cache
[    0.000000] OF: fdt: Machine model: TI AM335x BeagleBone Black
[    0.000000] Memory policy: Data cache writeback
[    0.000000] cma: Reserved 16 MiB at 0x9e800000 on node -1
[    0.000000] Zone ranges:
[    0.000000]   Normal   [mem 0x0000000080000000-0x000000009fdfffff]
[    0.000000]   HighMem  empty
[    0.000000] Movable zone start for each node
[    0.000000] Early memory node ranges
[    0.000000]   node   0: [mem 0x0000000080000000-0x000000009fdfffff]
[    0.000000] Initmem setup node 0 [mem 0x0000000080000000-0x000000009fdfffff]
[    0.000000] OF: reserved mem: Reserved memory: No reserved-memory node in the DT
[    0.000000] CPU: All CPU(s) started in SVC mode.
[    0.000000] AM335X ES2.1 (sgx neon)
[    0.000000] percpu: Embedded 17 pages/cpu s39564 r8192 d21876 u69632
[    0.000000] pcpu-alloc: s39564 r8192 d21876 u69632 alloc=17*4096
[    0.000000] pcpu-alloc: [0] 0 
[    0.000000] Kernel command line: console=ttyO0,115200n8 root=/dev/nfs rw nfsroot=192.168.255.126:/home/user01/nfs,nfsvers=3 ip=192.168.255.1:192.168.255.126::255.255.255.0:bbb1:eth0 nfsrootdebug
[    0.000000] Unknown kernel command line parameters "nfsrootdebug", will be passed to user space.
[    0.000000] printk: log buffer data + meta data: 65536 + 204800 = 270336 bytes
[    0.000000] Dentry cache hash table entries: 65536 (order: 6, 262144 bytes, linear)
[    0.000000] Inode-cache hash table entries: 32768 (order: 5, 131072 bytes, linear)
[    0.000000] Built 1 zonelists, mobility grouping on.  Total pages: 130560
[    0.000000] mem auto-init: stack:off, heap alloc:off, heap free:off
[    0.000000] SLUB: HWalign=64, Order=0-3, MinObjects=0, CPUs=1, Nodes=1
[    0.000000] trace event string verifier disabled
[    0.000000] rcu: Hierarchical RCU implementation.
[    0.000000] rcu: 	RCU event tracing is enabled.
[    0.000000] rcu: 	RCU restricting CPUs from NR_CPUS=2 to nr_cpu_ids=1.
[    0.000000] 	Tracing variant of Tasks RCU enabled.
[    0.000000] rcu: RCU calculated value of scheduler-enlistment delay is 10 jiffies.
[    0.000000] rcu: Adjusting geometry for rcu_fanout_leaf=16, nr_cpu_ids=1
[    0.000000] RCU Tasks Trace: Setting shift to 0 and lim to 1 rcu_task_cb_adjust=1 rcu_task_cpu_ids=1.
[    0.000000] NR_IRQS: 16, nr_irqs: 16, preallocated irqs: 16
[    0.000000] IRQ: Found an INTC at 0x(ptrval) (revision 5.0) with 128 interrupts
[    0.000000] rcu: srcu_init: Setting srcu_struct sizes based on contention.
[    0.000000] TI gptimer clocksource: always-on /ocp/interconnect@44c00000/segment@200000/target-module@31000
[    0.000002] sched_clock: 32 bits at 24MHz, resolution 41ns, wraps every 89478484971ns
[    0.000028] clocksource: dmtimer: mask: 0xffffffff max_cycles: 0xffffffff, max_idle_ns: 79635851949 ns
[    0.000504] TI gptimer clockevent: 24000000 Hz at /ocp/interconnect@48000000/segment@0/target-module@40000
[    0.002165] Console: colour dummy device 80x30
[    0.002230] WARNING: Your 'console=ttyO0' has been replaced by 'ttyS0'
[    0.002238] This ensures that you still see kernel messages. Please
[    0.002243] update your kernel commandline.
[    0.002285] Calibrating delay loop... 996.14 BogoMIPS (lpj=4980736)
[    0.090554] CPU: Testing write buffer coherency: ok
[    0.090669] CPU0: Spectre v2: using BPIALL workaround
[    0.090682] pid_max: default: 32768 minimum: 301
[    0.090805] LSM: initializing lsm=capability
[    0.090978] Mount-cache hash table entries: 1024 (order: 0, 4096 bytes, linear)
[    0.090999] Mountpoint-cache hash table entries: 1024 (order: 0, 4096 bytes, linear)
[    0.092647] CPU0: thread -1, cpu 0, socket -1, mpidr 0
[    0.160950] Setting up static identity map for 0x80100000 - 0x80100078
[    0.170719] rcu: Hierarchical SRCU implementation.
[    0.170729] rcu: 	Max phase no-delay instances is 1000.
[    0.190773] smp: Bringing up secondary CPUs ...
[    0.190830] smp: Brought up 1 node, 1 CPU
[    0.190847] SMP: Total of 1 processors activated (996.14 BogoMIPS).
[    0.190858] CPU: All CPU(s) started in SVC mode.
[    0.191052] Memory: 480840K/522240K available (11264K kernel code, 1213K rwdata, 2896K rodata, 1024K init, 297K bss, 23388K reserved, 16384K cma-reserved, 0K highmem)
[    0.191908] devtmpfs: initialized
[    0.209144] VFP support v0.3: implementor 41 architecture 3 part 30 variant c rev 3
[    0.209505] clocksource: jiffies: mask: 0xffffffff max_cycles: 0xffffffff, max_idle_ns: 19112604462750000 ns
[    0.209539] futex hash table entries: 256 (order: 2, 16384 bytes, linear)
[    0.211079] pinctrl core: initialized pinctrl subsystem
[    0.213906] NET: Registered PF_NETLINK/PF_ROUTE protocol family
[    0.216741] DMA: preallocated 256 KiB pool for atomic coherent allocations
[    0.217654] audit: initializing netlink subsys (disabled)
[    0.219104] thermal_sys: Registered thermal governor 'fair_share'
[    0.219121] thermal_sys: Registered thermal governor 'step_wise'
[    0.219131] thermal_sys: Registered thermal governor 'user_space'
[    0.219291] audit: type=2000 audit(0.210:1): state=initialized audit_enabled=0 res=1
[    0.219335] cpuidle: using governor menu
[    0.237957] /ocp/interconnect@44c00000/segment@200000/target-module@b000/i2c@0/tda19988@70: Fixed dependency cycle(s) with /ocp/interconnect@48000000/segment@300000/target-module@e000/lcdc@0
[    0.239153] /ocp/interconnect@48000000/segment@300000/target-module@e000/lcdc@0: Fixed dependency cycle(s) with /ocp/interconnect@44c00000/segment@200000/target-module@b000/i2c@0/tda19988@70
[    0.241593] No ATAGs?
[    0.241616] hw-breakpoint: debug architecture 0x4 unsupported.
[    0.244422] kprobes: kprobe jump-optimization is enabled. All kprobes are optimized if possible.
[    0.254463] iommu: Default domain type: Translated
[    0.254487] iommu: DMA domain TLB invalidation policy: strict mode
[    0.261575] reg-fixed-voltage fixedregulator0: using DT '/fixedregulator0' for '(default)' GPIO lookup
[    0.261634] of_get_named_gpiod_flags: can't parse 'gpios' property of node '/fixedregulator0[0]'
[    0.261665] of_get_named_gpiod_flags: can't parse 'gpio' property of node '/fixedregulator0[0]'
[    0.261683] reg-fixed-voltage fixedregulator0: using lookup tables for GPIO lookup
[    0.261694] reg-fixed-voltage fixedregulator0: No GPIO consumer (default) found
[    0.262749] SCSI subsystem initialized
[    0.263260] libata version 3.00 loaded.
[    0.263627] pps_core: LinuxPPS API ver. 1 registered
[    0.263638] pps_core: Software ver. 5.3.6 - Copyright 2005-2007 Rodolfo Giometti <giometti@linux.it>
[    0.263664] PTP clock support registered
[    0.271201] vgaarb: loaded
[    0.271624] clocksource: Switched to clocksource dmtimer
[    0.272279] VFS: Disk quotas dquot_6.6.0
[    0.272326] VFS: Dquot-cache hash table entries: 1024 (order 0, 4096 bytes)
[    0.297130] NET: Registered PF_INET protocol family
[    0.297497] IP idents hash table entries: 8192 (order: 4, 65536 bytes, linear)
[    0.298907] tcp_listen_portaddr_hash hash table entries: 512 (order: 0, 4096 bytes, linear)
[    0.298946] Table-perturb hash table entries: 65536 (order: 6, 262144 bytes, linear)
[    0.298963] TCP established hash table entries: 4096 (order: 2, 16384 bytes, linear)
[    0.299006] TCP bind hash table entries: 4096 (order: 4, 65536 bytes, linear)
[    0.299106] TCP: Hash tables configured (established 4096 bind 4096)
[    0.299223] UDP hash table entries: 256 (order: 1, 14336 bytes, linear)
[    0.299258] UDP-Lite hash table entries: 256 (order: 1, 14336 bytes, linear)
[    0.299444] NET: Registered PF_UNIX/PF_LOCAL protocol family
[    0.312860] RPC: Registered named UNIX socket transport module.
[    0.312886] RPC: Registered udp transport module.
[    0.312892] RPC: Registered tcp transport module.
[    0.312898] RPC: Registered tcp-with-tls transport module.
[    0.312903] RPC: Registered tcp NFSv4.1 backchannel transport module.
[    0.312927] PCI: CLS 0 bytes, default 64
[    0.314423] Initialise system trusted keyrings
[    0.315628] workingset: timestamp_bits=14 max_order=17 bucket_order=3
[    0.316929] NFS: Registering the id_resolver key type
[    0.317003] Key type id_resolver registered
[    0.317011] Key type id_legacy registered
[    0.317060] jffs2: version 2.2. (NAND) (SUMMARY)  Â© 2001-2006 Red Hat, Inc.
[    0.317463] Key type asymmetric registered
[    0.317478] Asymmetric key parser 'x509' registered
[    0.317542] io scheduler mq-deadline registered
[    0.317554] io scheduler kyber registered
[    0.317622] io scheduler bfq registered
[    0.319268] ledtrig-cpu: registered to indicate activity on CPUs
[    0.332200] Serial: 8250/16550 driver, 6 ports, IRQ sharing enabled
[    0.377099] brd: module loaded
[    0.397923] loop: module loaded
[    0.398853] mtdoops: mtd device (mtddev=name/number) must be supplied
[    0.400592] mdio_bus fixed-0: using lookup tables for GPIO lookup
[    0.400618] mdio_bus fixed-0: No GPIO consumer reset found
[    0.402201] i2c_dev: i2c /dev entries driver
[    0.403193] cpuidle: enable-method property 'ti,am3352' found operations
[    0.403649] sdhci: Secure Digital Host Controller Interface driver
[    0.403659] sdhci: Copyright(c) Pierre Ossman
[    0.403835] sdhci-pltfm: SDHCI platform and OF driver helper
[    0.404859] Initializing XFRM netlink socket
[    0.405008] NET: Registered PF_INET6 protocol family
[    0.415042] Segment Routing with IPv6
[    0.415134] In-situ OAM (IOAM) with IPv6
[    0.415234] sit: IPv6, IPv4 and MPLS over IPv4 tunneling driver
[    0.416209] NET: Registered PF_PACKET protocol family
[    0.416247] NET: Registered PF_KEY protocol family
[    0.416373] Key type dns_resolver registered
[    0.416648] ThumbEE CPU extension supported.
[    0.416669] Registering SWP/SWPB emulation handler
[    0.417213] omap_voltage_late_init: Voltage driver support not added
[    0.417560] SmartReflex Class3 initialized
[    0.444100] Loading compiled-in X.509 certificates
[    0.492792] /ocp/interconnect@44c00000/segment@200000/target-module@b000/i2c@0/tda19988@70: Fixed dependency cycle(s) with /ocp/interconnect@48000000/segment@300000/target-module@e000/lcdc@0
[    0.499265] /ocp/interconnect@44c00000/segment@200000/target-module@b000/i2c@0/tda19988@70: Fixed dependency cycle(s) with /ocp/interconnect@48000000/segment@300000/target-module@e000/lcdc@0
[    0.505044] gpiochip_find_base_unlocked: found new base at 512
[    0.529146] /ocp/interconnect@44c00000/segment@200000/target-module@b000/i2c@0/tda19988@70: Fixed dependency cycle(s) with /ocp/interconnect@48000000/segment@300000/target-module@e000/lcdc@0
[    0.530013] /ocp/interconnect@44c00000/segment@200000/target-module@b000/i2c@0/tda19988@70: Fixed dependency cycle(s) with /ocp/interconnect@48000000/segment@300000/target-module@e000/lcdc@0
[    0.533798] /ocp/interconnect@44c00000/segment@200000/target-module@10000/scm@0/pinmux@800: Fixed dependency cycle(s) with /ocp/interconnect@44c00000/segment@200000/target-module@10000/scm@0/pinmux@800/clkout2-pins
[    0.534392] pinctrl-single 44e10800.pinmux: 142 pins, size 568
[    0.539541] ti-sysc 44e31000.target-module: probe with driver ti-sysc failed with error -16
[    0.560632] /ocp/interconnect@48000000/segment@300000/target-module@e000/lcdc@0: Fixed dependency cycle(s) with /ocp/interconnect@44c00000/segment@200000/target-module@b000/i2c@0/tda19988@70
[    0.568887] ti-sysc 48040000.target-module: probe with driver ti-sysc failed with error -16
[    0.580234] gpiochip_find_base_unlocked: found new base at 512
[    0.580337] gpio gpiochip0: (gpio-0-31): created GPIO range 0->7 ==> 44e10800.pinmux PIN 0->7
[    0.580357] gpio gpiochip0: (gpio-0-31): created GPIO range 8->11 ==> 44e10800.pinmux PIN 90->93
[    0.580373] gpio gpiochip0: (gpio-0-31): created GPIO range 12->27 ==> 44e10800.pinmux PIN 12->27
[    0.580389] gpio gpiochip0: (gpio-0-31): created GPIO range 28->31 ==> 44e10800.pinmux PIN 30->33
[    0.604977] gpio gpiochip0: (gpio-0-31): added GPIO chardev (254:0)
[    0.605130] gpio gpiochip0: registered GPIOs 512 to 543 on gpio-0-31
[    0.605218] OMAP GPIO hardware version 0.1
[    0.645912] i2c i2c-2: using DT '/ocp/interconnect@48000000/segment@100000/target-module@9c000/i2c@0' for 'scl' GPIO lookup
[    0.645987] of_get_named_gpiod_flags: can't parse 'scl-gpios' property of node '/ocp/interconnect@48000000/segment@100000/target-module@9c000/i2c@0[0]'
[    0.646032] of_get_named_gpiod_flags: can't parse 'scl-gpio' property of node '/ocp/interconnect@48000000/segment@100000/target-module@9c000/i2c@0[0]'
[    0.646069] i2c i2c-2: using lookup tables for GPIO lookup
[    0.646079] i2c i2c-2: No GPIO consumer scl found
[    0.646100] i2c i2c-2: using DT '/ocp/interconnect@48000000/segment@100000/target-module@9c000/i2c@0' for 'sda' GPIO lookup
[    0.646137] of_get_named_gpiod_flags: can't parse 'sda-gpios' property of node '/ocp/interconnect@48000000/segment@100000/target-module@9c000/i2c@0[0]'
[    0.646177] of_get_named_gpiod_flags: can't parse 'sda-gpio' property of node '/ocp/interconnect@48000000/segment@100000/target-module@9c000/i2c@0[0]'
[    0.646210] i2c i2c-2: using lookup tables for GPIO lookup
[    0.646218] i2c i2c-2: No GPIO consumer sda found
[    0.646971] omap_i2c 4819c000.i2c: bus 2 rev0.11 at 100 kHz
[    0.652781] gpiochip_find_base_unlocked: found new base at 544
[    0.652887] gpio gpiochip1: (gpio-32-63): created GPIO range 0->17 ==> 44e10800.pinmux PIN 34->51
[    0.652907] gpio gpiochip1: (gpio-32-63): created GPIO range 18->21 ==> 44e10800.pinmux PIN 77->80
[    0.652923] gpio gpiochip1: (gpio-32-63): created GPIO range 22->31 ==> 44e10800.pinmux PIN 56->65
[    0.653844] gpio gpiochip1: (gpio-32-63): added GPIO chardev (254:1)
[    0.653993] gpio gpiochip1: registered GPIOs 544 to 575 on gpio-32-63
[    0.656197] gpiochip_find_base_unlocked: found new base at 576
[    0.656292] gpio gpiochip2: (gpio-64-95): created GPIO range 0->4 ==> 44e10800.pinmux PIN 66->70
[    0.656312] gpio gpiochip2: (gpio-64-95): created GPIO range 5->6 ==> 44e10800.pinmux PIN 98->99
[    0.656328] gpio gpiochip2: (gpio-64-95): created GPIO range 7->8 ==> 44e10800.pinmux PIN 75->76
[    0.656343] gpio gpiochip2: (gpio-64-95): created GPIO range 13->13 ==> 44e10800.pinmux PIN 141->141
[    0.656360] gpio gpiochip2: (gpio-64-95): created GPIO range 14->21 ==> 44e10800.pinmux PIN 100->107
[    0.667049] gpio gpiochip2: (gpio-64-95): added GPIO chardev (254:2)
[    0.667194] gpio gpiochip2: registered GPIOs 576 to 607 on gpio-64-95
[    0.673063] 48000000.interconnect:segment@200000:target-module@0:mpu@0:fck: device ID is greater than 24
[    0.673977] /ocp/interconnect@48000000/segment@300000/target-module@e000/lcdc@0: Fixed dependency cycle(s) with /ocp/interconnect@44c00000/segment@200000/target-module@b000/i2c@0/tda19988@70
[    0.676780] /ocp/interconnect@48000000/segment@300000/target-module@e000/lcdc@0: Fixed dependency cycle(s) with /ocp/interconnect@44c00000/segment@200000/target-module@b000/i2c@0/tda19988@70
[    0.677496] /ocp/interconnect@44c00000/segment@200000/target-module@b000/i2c@0/tda19988@70: Fixed dependency cycle(s) with /ocp/interconnect@48000000/segment@300000/target-module@e000/lcdc@0
[    0.677661] /ocp/interconnect@48000000/segment@300000/target-module@e000/lcdc@0: Fixed dependency cycle(s) with /ocp/interconnect@44c00000/segment@200000/target-module@b000/i2c@0/tda19988@70
[    0.687430] mdio_bus 4a101000.mdio: using DT '/ocp/interconnect@4a000000/segment@0/target-module@100000/switch@0/mdio@1000' for 'reset' GPIO lookup
[    0.687507] of_get_named_gpiod_flags: can't parse 'reset-gpios' property of node '/ocp/interconnect@4a000000/segment@0/target-module@100000/switch@0/mdio@1000[0]'
[    0.687558] of_get_named_gpiod_flags: can't parse 'reset-gpio' property of node '/ocp/interconnect@4a000000/segment@0/target-module@100000/switch@0/mdio@1000[0]'
[    0.687607] mdio_bus 4a101000.mdio: using lookup tables for GPIO lookup
[    0.687619] mdio_bus 4a101000.mdio: No GPIO consumer reset found
[    0.688810] sdhci-omap 481d8000.mmc: using DT '/ocp/interconnect@48000000/segment@100000/target-module@d8000/mmc@0' for 'wp' GPIO lookup
[    0.688896] of_get_named_gpiod_flags: can't parse 'wp-gpios' property of node '/ocp/interconnect@48000000/segment@100000/target-module@d8000/mmc@0[0]'
[    0.688943] of_get_named_gpiod_flags: can't parse 'wp-gpio' property of node '/ocp/interconnect@48000000/segment@100000/target-module@d8000/mmc@0[0]'
[    0.688980] sdhci-omap 481d8000.mmc: using lookup tables for GPIO lookup
[    0.688990] sdhci-omap 481d8000.mmc: No GPIO consumer wp found
[    0.689186] sdhci-omap 481d8000.mmc: supply pbias not found, using dummy regulator
[    0.689694] sdhci-omap 481d8000.mmc: supply vqmmc not found, using dummy regulator
[    0.734425] davinci_mdio 4a101000.mdio: davinci mdio revision 1.6, bus freq 1000000
[    0.768323] mdio_bus 4a101000.mdio:00: using DT '/ocp/interconnect@4a000000/segment@0/target-module@100000/switch@0/mdio@1000/ethernet-phy@0' for 'reset' GPIO lookup
[    0.768430] of_get_named_gpiod_flags: parsed 'reset-gpios' property of node '/ocp/interconnect@4a000000/segment@0/target-module@100000/switch@0/mdio@1000/ethernet-phy@0[0]' - status (0)
[    0.768599] gpio gpiochip0: Persistence not supported for GPIO 8
[    0.911300] davinci_mdio 4a101000.mdio: phy[0]: device 4a101000.mdio:00, driver SMSC LAN8710/LAN8720
[    0.912186] cpsw-switch 4a100000.switch: initialized cpsw ale version 1.4
[    0.912213] cpsw-switch 4a100000.switch: ALE Table size 1024, Policers 0
[    0.922073] cpsw-switch 4a100000.switch: cpts: overflow check period 500 (jiffies)
[    0.922096] cpsw-switch 4a100000.switch: CPTS: ref_clk_freq:250000000 calc_mult:2147483648 calc_shift:29 error:0 nsec/sec
[    0.922213] cpsw-switch 4a100000.switch: Detected MACID = 6c:ec:eb:68:de:78
[    0.924033] cpsw-switch 4a100000.switch: initialized (regs 0x4a100000, pool size 256) hw_ver:0019010C 1.12 (0)
[    0.935118] debugfs: Directory '49000000.dma' with parent 'dmaengine' already present!
[    0.935158] edma 49000000.dma: TI EDMA DMA engine driver
[    0.977381] target-module@4b000000:target-module@140000:pmu@0:fck: device ID is greater than 24
[    1.018533] hw perfevents: enabled with armv7_cortex_a8 PMU driver, 5 (8000000f) counters available
[    1.019445] gpio-clk clk_mcasp0: using DT '/clk_mcasp0' for 'enable' GPIO lookup
[    1.019514] of_get_named_gpiod_flags: parsed 'enable-gpios' property of node '/clk_mcasp0[0]' - status (0)
[    1.019559] gpio gpiochip0: Persistence not supported for GPIO 27
[    1.020356] gpiochip_find_base_unlocked: found new base at 608
[    1.020463] gpio gpiochip3: (gpio-96-127): created GPIO range 0->7 ==> 44e10800.pinmux PIN 82->89
[    1.020483] gpio gpiochip3: (gpio-96-127): created GPIO range 8->11 ==> 44e10800.pinmux PIN 52->55
[    1.020499] gpio gpiochip3: (gpio-96-127): created GPIO range 12->15 ==> 44e10800.pinmux PIN 94->97
[    1.020515] gpio gpiochip3: (gpio-96-127): created GPIO range 16->17 ==> 44e10800.pinmux PIN 71->72
[    1.020531] gpio gpiochip3: (gpio-96-127): created GPIO range 18->18 ==> 44e10800.pinmux PIN 135->135
[    1.020548] gpio gpiochip3: (gpio-96-127): created GPIO range 19->20 ==> 44e10800.pinmux PIN 108->109
[    1.020565] gpio gpiochip3: (gpio-96-127): created GPIO range 21->21 ==> 44e10800.pinmux PIN 73->73
[    1.020582] gpio gpiochip3: (gpio-96-127): created GPIO range 22->23 ==> 44e10800.pinmux PIN 8->9
[    1.020600] gpio gpiochip3: (gpio-96-127): created GPIO range 26->27 ==> 44e10800.pinmux PIN 10->11
[    1.020617] gpio gpiochip3: (gpio-96-127): created GPIO range 28->28 ==> 44e10800.pinmux PIN 74->74
[    1.020636] gpio gpiochip3: (gpio-96-127): created GPIO range 29->29 ==> 44e10800.pinmux PIN 81->81
[    1.020663] gpio gpiochip3: (gpio-96-127): created GPIO range 30->31 ==> 44e10800.pinmux PIN 28->29
[    1.026247] l3-aon-clkctrl:0000:0: failed to disable
[    1.026565] gpio gpiochip3: (gpio-96-127): added GPIO chardev (254:3)
[    1.026735] gpio gpiochip3: registered GPIOs 608 to 639 on gpio-96-127
[    1.028510] omap8250 44e09000.serial: using DT '/ocp/interconnect@44c00000/segment@200000/target-module@9000/serial@0' for 'rs485-term' GPIO lookup
[    1.028579] of_get_named_gpiod_flags: can't parse 'rs485-term-gpios' property of node '/ocp/interconnect@44c00000/segment@200000/target-module@9000/serial@0[0]'
[    1.028624] of_get_named_gpiod_flags: can't parse 'rs485-term-gpio' property of node '/ocp/interconnect@44c00000/segment@200000/target-module@9000/serial@0[0]'
[    1.028664] omap8250 44e09000.serial: using lookup tables for GPIO lookup
[    1.028674] omap8250 44e09000.serial: No GPIO consumer rs485-term found
[    1.028685] omap8250 44e09000.serial: using DT '/ocp/interconnect@44c00000/segment@200000/target-module@9000/serial@0' for 'rs485-rx-during-tx' GPIO lookup
[    1.028722] of_get_named_gpiod_flags: can't parse 'rs485-rx-during-tx-gpios' property of node '/ocp/interconnect@44c00000/segment@200000/target-module@9000/serial@0[0]'
[    1.028761] of_get_named_gpiod_flags: can't parse 'rs485-rx-during-tx-gpio' property of node '/ocp/interconnect@44c00000/segment@200000/target-module@9000/serial@0[0]'
[    1.028795] omap8250 44e09000.serial: using lookup tables for GPIO lookup
[    1.028804] omap8250 44e09000.serial: No GPIO consumer rs485-rx-during-tx found
[    1.029186] 44e09000.serial: ttyS0 at MMIO 0x44e09000 (irq = 34, base_baud = 3000000) is a 8250
[    1.029277] printk: legacy console [ttyS0] enabled
[    2.483387] i2c i2c-0: using DT '/ocp/interconnect@44c00000/segment@200000/target-module@b000/i2c@0' for 'scl' GPIO lookup
[    2.483480] of_get_named_gpiod_flags: can't parse 'scl-gpios' property of node '/ocp/interconnect@44c00000/segment@200000/target-module@b000/i2c@0[0]'
[    2.483529] of_get_named_gpiod_flags: can't parse 'scl-gpio' property of node '/ocp/interconnect@44c00000/segment@200000/target-module@b000/i2c@0[0]'
[    2.483571] i2c i2c-0: using lookup tables for GPIO lookup
[    2.483585] i2c i2c-0: No GPIO consumer scl found
[    2.483610] i2c i2c-0: using DT '/ocp/interconnect@44c00000/segment@200000/target-module@b000/i2c@0' for 'sda' GPIO lookup
[    2.483651] of_get_named_gpiod_flags: can't parse 'sda-gpios' property of node '/ocp/interconnect@44c00000/segment@200000/target-module@b000/i2c@0[0]'
[    2.483694] of_get_named_gpiod_flags: can't parse 'sda-gpio' property of node '/ocp/interconnect@44c00000/segment@200000/target-module@b000/i2c@0[0]'
[    2.483732] i2c i2c-0: using lookup tables for GPIO lookup
[    2.483743] i2c i2c-0: No GPIO consumer sda found
[    2.502653] tps65217-pmic: Failed to locate of_node [id: -1]
[    2.508720] tps65217-bl: Failed to locate of_node [id: -1]
[    2.520231] tps65217 0-0024: TPS65217 ID 0xe version 1.2
[    2.526399] /ocp/interconnect@48000000/segment@300000/target-module@e000/lcdc@0: Fixed dependency cycle(s) with /ocp/interconnect@44c00000/segment@200000/target-module@b000/i2c@0/tda19988@70
[    2.543786] /ocp/interconnect@44c00000/segment@200000/target-module@b000/i2c@0/tda19988@70: Fixed dependency cycle(s) with /ocp/interconnect@48000000/segment@300000/target-module@e000/lcdc@0
[    2.561165] omap_i2c 44e0b000.i2c: bus 0 rev0.11 at 400 kHz
[    2.569012] sdhci-omap 48060000.mmc: using DT '/ocp/interconnect@48000000/segment@0/target-module@60000/mmc@0' for 'cd' GPIO lookup
[    2.569123] of_get_named_gpiod_flags: parsed 'cd-gpios' property of node '/ocp/interconnect@48000000/segment@0/target-module@60000/mmc@0[0]' - status (0)
[    2.569191] gpio gpiochip3: Persistence not supported for GPIO 6
[    2.569216] omap_gpio 44e07000.gpio: Could not set line 6 debounce to 200000 microseconds (-22)
[    2.578101] sdhci-omap 48060000.mmc: Got CD GPIO
[    2.582785] sdhci-omap 48060000.mmc: using DT '/ocp/interconnect@48000000/segment@0/target-module@60000/mmc@0' for 'wp' GPIO lookup
[    2.582836] of_get_named_gpiod_flags: can't parse 'wp-gpios' property of node '/ocp/interconnect@48000000/segment@0/target-module@60000/mmc@0[0]'
[    2.582882] of_get_named_gpiod_flags: can't parse 'wp-gpio' property of node '/ocp/interconnect@48000000/segment@0/target-module@60000/mmc@0[0]'
[    2.582922] sdhci-omap 48060000.mmc: using lookup tables for GPIO lookup
[    2.582937] sdhci-omap 48060000.mmc: No GPIO consumer wp found
[    2.583148] sdhci-omap 48060000.mmc: supply pbias not found, using dummy regulator
[    2.591944] sdhci-omap 481d8000.mmc: using DT '/ocp/interconnect@48000000/segment@100000/target-module@d8000/mmc@0' for 'wp' GPIO lookup
[    2.592044] of_get_named_gpiod_flags: can't parse 'wp-gpios' property of node '/ocp/interconnect@48000000/segment@100000/target-module@d8000/mmc@0[0]'
[    2.592096] of_get_named_gpiod_flags: can't parse 'wp-gpio' property of node '/ocp/interconnect@48000000/segment@100000/target-module@d8000/mmc@0[0]'
[    2.592139] sdhci-omap 481d8000.mmc: using lookup tables for GPIO lookup
[    2.592153] sdhci-omap 481d8000.mmc: No GPIO consumer wp found
[    2.593667] sdhci-omap 48060000.mmc: supply vqmmc not found, using dummy regulator
[    2.602528] sdhci-omap 481d8000.mmc: supply pbias not found, using dummy regulator
[    2.610515] sdhci-omap 481d8000.mmc: supply vqmmc not found, using dummy regulator
[    2.645919] mmc0: SDHCI controller on 48060000.mmc [48060000.mmc] using External DMA
[    2.654261] mmc1: SDHCI controller on 481d8000.mmc [481d8000.mmc] using External DMA
[    2.663128] cpsw-switch 4a100000.switch: starting ndev. mode: dual_mac
[    2.714645] mmc0: new high speed SDHC card at address 5048
[    2.721824] mmcblk0: mmc0:5048 SD16G 14.4 GiB
[    2.729922]  mmcblk0: p1 p2
[    2.733425] mmcblk0: p2 size 31221760 extends beyond EOD, truncated
[    2.742882] SMSC LAN8710/LAN8720 4a101000.mdio:00: attached PHY driver (mii_bus:phy_addr=4a101000.mdio:00, irq=POLL)
