Labgrid Console Logfile for main
Logfile started at 2024-11-01 04:51:44.397213
=== Log starts here ===
reading args
spl_load_image_fat_os: error reading image args, err - -1
reading u-boot.img
reading u-boot.img


U-Boot 2014.04-00014-g47880f5 (Apr 22 2014 - 13:23:54)

I2C:   ready
DRAM:  512 MiB
NAND:  0 MiB
MMC:   OMAP SD/MMC: 0, OMAP SD/MMC: 1
*** Warning - readenv() failed, using default environment

Net:   <ethaddr> not set. Validating first E-fuse MAC
cpsw, usb_ether
Hit any key to stop autoboot:  1  0 
gpio: pin 53 (gpio 53) value is 1
mmc0 is current device
gpio: pin 54 (gpio 54) value is 1
SD/MMC found on device 0
reading uEnv.txt
569 bytes read in 4 ms (138.7 KiB/s)
gpio: pin 55 (gpio 55) value is 1
Loaded environment from uEnv.txt
Importing environment from mmc ...
Checking if uenvcmd is set ...
gpio: pin 56 (gpio 56) value is 1
Running uenvcmd ...
cpsw Waiting for PHY auto negotiation to complete. done
link up on port 0, speed 100, full duplex
Using cpsw device
TFTP from server 192.168.255.126; our IP address is 192.168.255.1
Filename 'zImage'.
Load address: 0x81000000
Loading: *#################################################################
	 #################################################################
	 #################################################################
	 #################################################################
	 #################################################################
	 ###############################################
	 2.4 MiB/s
done
Bytes transferred = 5450944 (532cc0 hex)
link up on port 0, speed 100, full duplex
Using cpsw device
TFTP from server 192.168.255.126; our IP address is 192.168.255.1
Filename 'am335x-boneblack.dtb'.
Load address: 0x82000000
Loading: *#######
	 2.2 MiB/s
done
Bytes transferred = 97996 (17ecc hex)
Kernel image @ 0x81000000 [ 0x000000 - 0x532cc0 ]
## Flattened Device Tree blob at 82000000
   Booting using the fdt blob at 0x82000000
   Using Device Tree in place at 82000000, end 8201aecb

Starting kernel ...

[    0.000000] Booting Linux on physical CPU 0x0
[    0.000000] Linux version 6.11.6 (user01@drvtest01) (arm-linux-gnueabihf-gcc (Linaro GCC 6.4-2017.11) 6.4.1 20171012, GNU ld (Linaro_Binutils-2017.11) 2.27.0.20161229) #5 SMP Fri Nov  1 04:49:19 EET 2024
[    0.000000] CPU: ARMv7 Processor [413fc082] revision 2 (ARMv7), cr=10c5387d
[    0.000000] CPU: PIPT / VIPT nonaliasing data cache, VIPT aliasing instruction cache
[    0.000000] OF: fdt: Machine model: TI AM335x BeagleBone Black
[    0.000000] Memory policy: Data cache writeback
[    0.000000] cma: Reserved 16 MiB at 0x9e800000 on node -1
[    0.000000] Zone ranges:
[    0.000000]   Normal   [mem 0x0000000080000000-0x000000009fdfffff]
[    0.000000]   HighMem  empty
[    0.000000] Movable zone start for each node
[    0.000000] Early memory node ranges
[    0.000000]   node   0: [mem 0x0000000080000000-0x000000009fdfffff]
[    0.000000] Initmem setup node 0 [mem 0x0000000080000000-0x000000009fdfffff]
[    0.000000] CPU: All CPU(s) started in SVC mode.
[    0.000000] AM335X ES2.1 (sgx neon)
[    0.000000] percpu: Embedded 17 pages/cpu s39628 r8192 d21812 u69632
[    0.000000] Kernel command line: console=ttyO0,115200n8 root=/dev/nfs rw nfsroot=192.168.255.126:/home/user01/nfs,nfsvers=3 ip=192.168.255.1:192.168.255.126::255.255.255.0:bbb1:eth0 nfsrootdebug
[    0.000000] Unknown kernel command line parameters "nfsrootdebug", will be passed to user space.
[    0.000000] Dentry cache hash table entries: 65536 (order: 6, 262144 bytes, linear)
[    0.000000] Inode-cache hash table entries: 32768 (order: 5, 131072 bytes, linear)
[    0.000000] Built 1 zonelists, mobility grouping on.  Total pages: 130560
[    0.000000] mem auto-init: stack:off, heap alloc:off, heap free:off
[    0.000000] SLUB: HWalign=64, Order=0-3, MinObjects=0, CPUs=1, Nodes=1
[    0.000000] trace event string verifier disabled
[    0.000000] rcu: Hierarchical RCU implementation.
[    0.000000] rcu: 	RCU event tracing is enabled.
[    0.000000] rcu: 	RCU restricting CPUs from NR_CPUS=2 to nr_cpu_ids=1.
[    0.000000] rcu: RCU calculated value of scheduler-enlistment delay is 10 jiffies.
[    0.000000] rcu: Adjusting geometry for rcu_fanout_leaf=16, nr_cpu_ids=1
[    0.000000] NR_IRQS: 16, nr_irqs: 16, preallocated irqs: 16
[    0.000000] IRQ: Found an INTC at 0x(ptrval) (revision 5.0) with 128 interrupts
[    0.000000] rcu: srcu_init: Setting srcu_struct sizes based on contention.
[    0.000000] TI gptimer clocksource: always-on /ocp/interconnect@44c00000/segment@200000/target-module@31000
[    0.000002] sched_clock: 32 bits at 24MHz, resolution 41ns, wraps every 89478484971ns
[    0.000028] clocksource: dmtimer: mask: 0xffffffff max_cycles: 0xffffffff, max_idle_ns: 79635851949 ns
[    0.000509] TI gptimer clockevent: 24000000 Hz at /ocp/interconnect@48000000/segment@0/target-module@40000
[    0.002124] Console: colour dummy device 80x30
[    0.002193] WARNING: Your 'console=ttyO0' has been replaced by 'ttyS0'
[    0.002202] This ensures that you still see kernel messages. Please
[    0.002208] update your kernel commandline.
[    0.002252] Calibrating delay loop... 996.14 BogoMIPS (lpj=4980736)
[    0.090566] CPU: Testing write buffer coherency: ok
[    0.090684] CPU0: Spectre v2: using BPIALL workaround
[    0.090698] pid_max: default: 32768 minimum: 301
[    0.090826] LSM: initializing lsm=capability
[    0.090996] Mount-cache hash table entries: 1024 (order: 0, 4096 bytes, linear)
[    0.091018] Mountpoint-cache hash table entries: 1024 (order: 0, 4096 bytes, linear)
[    0.092561] CPU0: thread -1, cpu 0, socket -1, mpidr 0
[    0.094279] Setting up static identity map for 0x80100000 - 0x80100078
[    0.094589] rcu: Hierarchical SRCU implementation.
[    0.094603] rcu: 	Max phase no-delay instances is 1000.
[    0.096287] smp: Bringing up secondary CPUs ...
[    0.096346] smp: Brought up 1 node, 1 CPU
[    0.096363] SMP: Total of 1 processors activated (996.14 BogoMIPS).
[    0.096375] CPU: All CPU(s) started in SVC mode.
[    0.096573] Memory: 480876K/522240K available (11264K kernel code, 1197K rwdata, 2856K rodata, 1024K init, 297K bss, 23344K reserved, 16384K cma-reserved, 0K highmem)
[    0.097381] devtmpfs: initialized
[    0.113941] VFP support v0.3: implementor 41 architecture 3 part 30 variant c rev 3
[    0.114307] clocksource: jiffies: mask: 0xffffffff max_cycles: 0xffffffff, max_idle_ns: 19112604462750000 ns
[    0.114346] futex hash table entries: 256 (order: 2, 16384 bytes, linear)
[    0.115635] pinctrl core: initialized pinctrl subsystem
[    0.118390] NET: Registered PF_NETLINK/PF_ROUTE protocol family
[    0.121372] DMA: preallocated 256 KiB pool for atomic coherent allocations
[    0.122349] audit: initializing netlink subsys (disabled)
[    0.123737] thermal_sys: Registered thermal governor 'fair_share'
[    0.123757] thermal_sys: Registered thermal governor 'step_wise'
[    0.123769] thermal_sys: Registered thermal governor 'user_space'
[    0.123882] audit: type=2000 audit(0.120:1): state=initialized audit_enabled=0 res=1
[    0.123957] cpuidle: using governor menu
[    0.142763] No ATAGs?
[    0.142796] hw-breakpoint: debug architecture 0x4 unsupported.
[    0.145689] kprobes: kprobe jump-optimization is enabled. All kprobes are optimized if possible.
[    0.164008] iommu: Default domain type: Translated
[    0.164035] iommu: DMA domain TLB invalidation policy: strict mode
[    0.171384] SCSI subsystem initialized
[    0.181379] pps_core: LinuxPPS API ver. 1 registered
[    0.181391] pps_core: Software ver. 5.3.6 - Copyright 2005-2007 Rodolfo Giometti <giometti@linux.it>
[    0.181417] PTP clock support registered
[    0.183393] vgaarb: loaded
[    0.183791] clocksource: Switched to clocksource dmtimer
[    0.184393] VFS: Disk quotas dquot_6.6.0
[    0.184443] VFS: Dquot-cache hash table entries: 1024 (order 0, 4096 bytes)
[    0.210747] NET: Registered PF_INET protocol family
[    0.211105] IP idents hash table entries: 8192 (order: 4, 65536 bytes, linear)
[    0.212497] tcp_listen_portaddr_hash hash table entries: 512 (order: 0, 4096 bytes, linear)
[    0.212536] Table-perturb hash table entries: 65536 (order: 6, 262144 bytes, linear)
[    0.212554] TCP established hash table entries: 4096 (order: 2, 16384 bytes, linear)
[    0.212600] TCP bind hash table entries: 4096 (order: 4, 65536 bytes, linear)
[    0.212700] TCP: Hash tables configured (established 4096 bind 4096)
[    0.212823] UDP hash table entries: 256 (order: 1, 8192 bytes, linear)
[    0.212856] UDP-Lite hash table entries: 256 (order: 1, 8192 bytes, linear)
[    0.213030] NET: Registered PF_UNIX/PF_LOCAL protocol family
[    0.224193] RPC: Registered named UNIX socket transport module.
[    0.224224] RPC: Registered udp transport module.
[    0.224231] RPC: Registered tcp transport module.
[    0.224237] RPC: Registered tcp-with-tls transport module.
[    0.224244] RPC: Registered tcp NFSv4.1 backchannel transport module.
[    0.224270] PCI: CLS 0 bytes, default 64
[    0.225734] Initialise system trusted keyrings
[    0.226425] workingset: timestamp_bits=14 max_order=17 bucket_order=3
[    0.228107] NFS: Registering the id_resolver key type
[    0.228214] Key type id_resolver registered
[    0.228225] Key type id_legacy registered
[    0.228280] jffs2: version 2.2. (NAND) (SUMMARY)  Â© 2001-2006 Red Hat, Inc.
[    0.228694] Key type asymmetric registered
[    0.228712] Asymmetric key parser 'x509' registered
[    0.228782] io scheduler mq-deadline registered
[    0.228796] io scheduler kyber registered
[    0.228869] io scheduler bfq registered
[    0.244177] Serial: 8250/16550 driver, 6 ports, IRQ sharing enabled
[    0.282860] brd: module loaded
[    0.299547] loop: module loaded
[    0.300481] mtdoops: mtd device (mtddev=name/number) must be supplied
[    0.303602] i2c_dev: i2c /dev entries driver
[    0.304759] cpuidle: enable-method property 'ti,am3352' found operations
[    0.305215] sdhci: Secure Digital Host Controller Interface driver
[    0.305227] sdhci: Copyright(c) Pierre Ossman
[    0.305403] sdhci-pltfm: SDHCI platform and OF driver helper
[    0.321494] ledtrig-cpu: registered to indicate activity on CPUs
[    0.322482] Initializing XFRM netlink socket
[    0.322613] NET: Registered PF_INET6 protocol family
[    0.324614] Segment Routing with IPv6
[    0.324710] In-situ OAM (IOAM) with IPv6
[    0.324811] sit: IPv6, IPv4 and MPLS over IPv4 tunneling driver
[    0.325771] NET: Registered PF_PACKET protocol family
[    0.325815] NET: Registered PF_KEY protocol family
[    0.325945] Key type dns_resolver registered
[    0.326219] ThumbEE CPU extension supported.
[    0.326245] Registering SWP/SWPB emulation handler
[    0.326767] omap_voltage_late_init: Voltage driver support not added
[    0.327114] SmartReflex Class3 initialized
[    0.353568] Loading compiled-in X.509 certificates
[    0.433125] platform 44e10800.pinmux: Fixed dependency cycle(s) with /ocp/interconnect@44c00000/segment@200000/target-module@10000/scm@0/pinmux@800/clkout2-pins
[    0.433683] pinctrl-single 44e10800.pinmux: 142 pins, size 568
[    0.438986] ti-sysc 44e31000.target-module: probe with driver ti-sysc failed with error -16
[    0.501512] ti-sysc 48040000.target-module: probe with driver ti-sysc failed with error -16
[    0.525186] OMAP GPIO hardware version 0.1
[    0.557255] omap_i2c 4819c000.i2c: bus 2 rev0.11 at 100 kHz
[    0.583929] 48000000.interconnect:segment@200000:target-module@0:mpu@0:fck: device ID is greater than 24
[    0.588131] platform 4830e000.lcdc: Fixed dependency cycle(s) with /ocp/interconnect@44c00000/segment@200000/target-module@b000/i2c@0/tda19988@70
[    0.600223] sdhci-omap 481d8000.mmc: supply pbias not found, using dummy regulator
[    0.600702] sdhci-omap 481d8000.mmc: supply vqmmc not found, using dummy regulator
[    0.676343] davinci_mdio 4a101000.mdio: davinci mdio revision 1.6, bus freq 1000000
[    0.793605] davinci_mdio 4a101000.mdio: phy[0]: device 4a101000.mdio:00, driver SMSC LAN8710/LAN8720
[    0.794345] cpsw-switch 4a100000.switch: initialized cpsw ale version 1.4
[    0.794371] cpsw-switch 4a100000.switch: ALE Table size 1024
[    0.804324] cpsw-switch 4a100000.switch: cpts: overflow check period 500 (jiffies)
[    0.804354] cpsw-switch 4a100000.switch: CPTS: ref_clk_freq:250000000 calc_mult:2147483648 calc_shift:29 error:0 nsec/sec
[    0.804463] cpsw-switch 4a100000.switch: Detected MACID = 6c:ec:eb:68:de:78
[    0.806315] cpsw-switch 4a100000.switch: initialized (regs 0x4a100000, pool size 256) hw_ver:0019010C 1.12 (0)
[    0.817420] debugfs: Directory '49000000.dma' with parent 'dmaengine' already present!
[    0.817468] edma 49000000.dma: TI EDMA DMA engine driver
[    0.858487] target-module@4b000000:target-module@140000:pmu@0:fck: device ID is greater than 24
[    0.900190] hw perfevents: enabled with armv7_cortex_a8 PMU driver, 5 counters available
[    0.906657] 44e09000.serial: ttyS0 at MMIO 0x44e09000 (irq = 34, base_baud = 3000000) is a 8250
[    0.906744] printk: legacy console [ttyS0] enabled
[    1.903084] l3-aon-clkctrl:0000:0: failed to disable
[    1.992034] tps65217-pmic: Failed to locate of_node [id: -1]
[    1.998156] tps65217-bl: Failed to locate of_node [id: -1]
[    2.068627] tps65217 0-0024: TPS65217 ID 0xe version 1.2
[    2.074700] platform 4830e000.lcdc: Fixed dependency cycle(s) with /ocp/interconnect@44c00000/segment@200000/target-module@b000/i2c@0/tda19988@70
[    2.088144] i2c 0-0070: Fixed dependency cycle(s) with /ocp/interconnect@48000000/segment@300000/target-module@e000/lcdc@0
[    2.099548] omap_i2c 44e0b000.i2c: bus 0 rev0.11 at 400 kHz
[    2.170717] omap_gpio 44e07000.gpio: Could not set line 6 debounce to 200000 microseconds (-22)
[    2.179639] sdhci-omap 48060000.mmc: Got CD GPIO
[    2.184713] sdhci-omap 48060000.mmc: supply pbias not found, using dummy regulator
[    2.204446] sdhci-omap 48060000.mmc: supply vqmmc not found, using dummy regulator
[    2.213297] sdhci-omap 481d8000.mmc: supply pbias not found, using dummy regulator
[    2.221793] sdhci-omap 481d8000.mmc: supply vqmmc not found, using dummy regulator
[    2.280133] mmc1: SDHCI controller on 481d8000.mmc [481d8000.mmc] using External DMA
[    2.289409] mmc0: SDHCI controller on 48060000.mmc [48060000.mmc] using External DMA
[    2.298253] cpsw-switch 4a100000.switch: starting ndev. mode: dual_mac
[    2.342912] mmc0: new high speed SDHC card at address 5048
[    2.350115] mmcblk0: mmc0:5048 SD16G 14.4 GiB
[    2.358142]  mmcblk0: p1 p2
[    2.361520] mmcblk0: p2 size 31221760 extends beyond EOD, truncated
[    2.375989] mmc1: new high speed MMC card at address 0001
[    2.382727] mmcblk1: mmc1:0001 MMC04G 3.60 GiB
[    2.390392]  mmcblk1: p1 p2
[    2.393721] SMSC LAN8710/LAN8720 4a101000.mdio:00: attached PHY driver (mii_bus:phy_addr=4a101000.mdio:00, irq=POLL)
[    2.405506] mmcblk1boot0: mmc1:0001 MMC04G 2.00 MiB
[    2.418363] mmcblk1boot1: mmc1:0001 MMC04G 2.00 MiB
[    2.425819] mmcblk1rpmb: mmc1:0001 MMC04G 128 KiB, chardev (250:0)
[    5.524538] cpsw-switch 4a100000.switch eth0: Link is Up - 100Mbps/Full - flow control off
[    5.563803] IP-Config: Complete:
[    5.567073]      device=eth0, hwaddr=6c:ec:eb:68:de:78, ipaddr=192.168.255.1, mask=255.255.255.0, gw=255.255.255.255
[    5.577694]      host=bbb1, domain=, nis-domain=(none)
[    5.582861]      bootserver=192.168.255.126, rootserver=192.168.255.126, rootpath=
[    5.583279] clk: Disabling unused clocks
[    5.595154] PM: genpd: Disabling unused power domains
[    5.600271] KTAP version 1
[    5.602992] 1..0
[    5.627737] VFS: Mounted root (nfs filesystem) on device 0:17.
[    5.634720] devtmpfs: mounted
[    5.639373] Freeing unused kernel image (initmem) memory: 1024K
[    5.646333] Run /sbin/init as init process
[    6.338346] systemd[1]: System time before build time, advancing clock.
[    7.803808] random: crng init done
[    7.875349] systemd[1]: systemd 232 running in system mode. (+PAM +AUDIT +SELINUX +IMA +APPARMOR +SMACK +SYSVINIT +UTMP +LIBCRYPTSETUP +GCRYPT +GNUTLS +ACL +XZ +LZ4 +SECCOMP +BLKID +ELFUTILS +KMOD +IDN)
[    7.894373] systemd[1]: Detected architecture arm.

Welcome to [1mDebian GNU/Linux 9 (stretch)[0m!

[    7.936729] systemd[1]: Set hostname to <arm>.
[    9.025134] systemd[1]: Reached target Swap.
[[0;32m  OK  [0m] Reached target Swap.
[    9.054163] systemd[1]: Reached target Remote File Systems.
[[0;32m  OK  [0m] Reached target Remote File Systems.
[    9.094790] systemd[1]: Listening on Journal Audit Socket.
[[0;32m  OK  [0m] Listening on Journal Audit Socket.
[    9.135761] systemd[1]: Listening on udev Control Socket.
[[0;32m  OK  [0m] Listening on udev Control Socket.
[    9.175360] systemd[1]: Created slice User and Session Slice.
[[0;32m  OK  [0m] Created slice User and Session Slice.
[    9.214670] systemd[1]: Started Dispatch Password Requests to Console Directory Watch.
[[0;32m  OK  [0m] Started Dispatch Password Requests to Console Directory Watch.
[    9.255784] systemd[1]: Listening on Journal Socket (/dev/log).
[[0;32m  OK  [0m] Listening on Journal Socket (/dev/log).
[[0;32m  OK  [0m] Listening on Syslog Socket.
[[0;32m  OK  [0m] Set up automount Arbitrary Executabâ€¦rmats File System Automount Point.
[[0;32m  OK  [0m] Created slice System Slice.
[[0;32m  OK  [0m] Reached target Slices.
         Mounting Debug File System...
[[0;32m  OK  [0m] Started Forward Password Requests to Wall Directory Watch.
[[0;32m  OK  [0m] Reached target Paths.
[[0;32m  OK  [0m] Reached target Encrypted Volumes.
[[0;32m  OK  [0m] Listening on Journal Socket.
         Starting Load Kernel Modules...
         Starting Remount Root and Kernel File Systems...
         Starting Journal Service...
[[0;32m  OK  [0m] Listening on /dev/initctl Compatibility Named Pipe.
         Mounting POSIX Message Queue File System...
[[0;32m  OK  [0m] Created slice system-getty.slice.
[[0;32m  OK  [0m] Created slice system-serial\x2dgetty.slice.
[[0;32m  OK  [0m] Listening on udev Kernel Socket.
         Starting Create list of required stâ€¦ce nodes for the current kernel...
[[0;32m  OK  [0m] Mounted POSIX Message Queue File System.
[[0;32m  OK  [0m] Mounted Debug File System.
[[0;32m  OK  [0m] Started Load Kernel Modules.
[[0;32m  OK  [0m] Started Remount Root and Kernel File Systems.
[[0;32m  OK  [0m] Started Create list of required staâ€¦vice nodes for the current kernel.
         Starting Create Static Device Nodes in /dev...
         Starting udev Coldplug all Devices...
         Starting Load/Save Random Seed...
         Mounting Configuration File System...
         Starting Apply Kernel Variables...
[[0;32m  OK  [0m] Mounted Configuration File System.
[[0;32m  OK  [0m] Started Load/Save Random Seed.
[[0;32m  OK  [0m] Started Apply Kernel Variables.
[[0;32m  OK  [0m] Started Journal Service.
[[0;32m  OK  [0m] Started Create Static Device Nodes in /dev.
[[0;32m  OK  [0m] Reached target Local File Systems (Pre).
[[0;32m  OK  [0m] Reached target Local File Systems.
         Starting Raise network interfaces...
         Starting udev Kernel Device Manager...
         Starting Flush Journal to Persistent Storage...
[   11.526921] systemd-journald[87]: Received request to flush runtime journal from PID 1
[[0;32m  OK  [0m] Started Flush Journal to Persistent Storage.
         Starting Create Volatile Files and Directories...
[[0;32m  OK  [0m] Started udev Kernel Device Manager.
[[0;32m  OK  [0m] Started Create Volatile Files and Directories.
         Starting Network Time Synchronization...
         Starting Update UTMP about System Boot/Shutdown...
[[0;32m  OK  [0m] Started Update UTMP about System Boot/Shutdown.
[[0;32m  OK  [0m] Started udev Coldplug all Devices.
[[0;32m  OK  [0m] Started Network Time Synchronization.
[[0;32m  OK  [0m] Reached target System Time Synchronized.
[[0;32m  OK  [0m] Reached target System Initialization.
[[0;32m  OK  [0m] Listening on D-Bus System Message Bus Socket.
[[0;32m  OK  [0m] Listening on Avahi mDNS/DNS-SD Stack Activation Socket.
[[0;32m  OK  [0m] Reached target Sockets.
[[0;32m  OK  [0m] Started Daily apt download activities.
[   14.705350] remoteproc remoteproc0: wkup_m3 is available
[[0;32m  OK  [0m] Started Daily apt upgrade and clean activities.
[[0;32m  OK  [0m] Reached target Basic System.
         Starting Avahi mDNS/DNS-SD Stack...
[   15.033404] omap_wdt: OMAP Watchdog Timer Rev 0x01: initial timeout 60 sec
[[0;32m  OK  [0m] Started Regular background program processin[   15.093455] am335x-phy-driver 47401300.usb-phy: dummy supplies not allowed for exclusive requests (id=vbus)
g daemon.
[   15.220799] omap_rtc 44e3e000.rtc: registered as rtc0
[   15.226224] omap_rtc 44e3e000.rtc: setting system clock to 2000-01-01T00:00:00 UTC (946684800)
         Starting Generic Board Startup...
[   15.368737] at24 2-0054: supply vcc not found, using dummy regulator
         Starting LSB: Load kernel modules needed to enable cpufreq scaling...
[   15.529003] at24 2-0055: supply vcc not found, using dummy regulator
         Starting DUN service...
[[0;32m  OK  [0m] Started Daily Cleanup of Temporary Directories.
[[0;32m  OK  [0m] Reached target Timers.
[   15.634701] at24 2-0056: supply vcc not found, using dummy regulator
[   15.664002] am335x-phy-driver 47401b00.usb-phy: dummy supplies not allowed for exclusive requests (id=vbus)
[   15.780524] at24 2-0057: supply vcc not found, using dummy regulator
         Starting System Logging Service...
[   15.894269] wkup_m3_ipc 44e11324.wkup_m3_ipc: IPC Request for A8->M3 Channel failed! -517
[   15.905168] tps6521x_pwrbutton tps65217-pwrbutton: DMA mask not set
[   15.926053] at24 0-0050: 32768 byte 24c256 EEPROM, writable, 1 bytes/write
[   15.936315] wkup_m3_ipc 44e11324.wkup_m3_ipc: IPC Request for A8->M3 Channel failed! -517
[   16.084471] input: tps65217_pwrbutton as /devices/platform/ocp/44c00000.interconnect/44c00000.interconnect:segment@200000/44e0b000.target-module/44e0b000.i2c/i2c-0/0-0024/tps65217-pwrbutton/input/input0
[   16.126881] wkup_m3_ipc 44e11324.wkup_m3_ipc: IPC Request for A8->M3 Channel failed! -517
[[0;32m  OK  [0m] Started D-Bus System Message Bus.
[   16.248876] wkup_m3_ipc 44e11324.wkup_m3_ipc: IPC Request for A8->M3 Channel failed! -517
[   16.695729] usbcore: registered new interface driver usbfs
[   16.701366] usbcore: registered new interface driver hub
[   16.707044] usbcore: registered new device driver usb
[   17.349543] wkup_m3_ipc 44e11324.wkup_m3_ipc: IPC Request for A8->M3 Channel failed! -517
[   17.483720] musb-hdrc musb-hdrc.1: MUSB HDRC host driver
[   17.489377] musb-hdrc musb-hdrc.1: new USB bus registered, assigned bus number 1
[   17.509239] wkup_m3_ipc 44e11324.wkup_m3_ipc: IPC Request for A8->M3 Channel failed! -517
[   17.618168] tda998x 0-0070: found TDA19988
[   17.661072] usb usb1: New USB device found, idVendor=1d6b, idProduct=0002, bcdDevice= 6.11
[   17.669888] usb usb1: New USB device strings: Mfr=3, Product=2, SerialNumber=1
[   17.677294] usb usb1: Product: MUSB HDRC host driver
[   17.682292] usb usb1: Manufacturer: Linux 6.11.6 musb-hcd
[   17.687882] usb usb1: SerialNumber: musb-hdrc.1
[   17.738143] omap-mailbox 480c8000.mailbox: omap mailbox rev 0x400
[   17.829275] remoteproc remoteproc0: powering up wkup_m3
[   17.864637] hub 1-0:1.0: USB hub found
[   17.934433] hub 1-0:1.0: 1 port detected
[   18.078648] remoteproc remoteproc0: Direct firmware load for am335x-pm-firmware.elf failed with error -2
[   18.088436] remoteproc remoteproc0: request_firmware failed: -2
[   18.094460] wkup_m3_ipc 44e11324.wkup_m3_ipc: rproc_boot failed
[   19.878959] omap_rng 48310000.rng: Random Number Generator ver. 20
[   19.901806] tilcdc 4830e000.lcdc: bound 0-0070 (ops 0xbf07f030)
[   20.019583] [drm] Initialized tilcdc 1.0.0 for 4830e000.lcdc on minor 0
[   20.122899] tilcdc 4830e000.lcdc: [drm] Cannot find any crtc or sizes
[   20.138900] tilcdc 4830e000.lcdc: [drm] Cannot find any crtc or sizes
[[0;32m  OK  [0m] Started Avahi mDNS/DNS-SD Stack.
[[0;32m  OK  [0m] Started DUN service.
         Starting Connection service...
         Starting Cape Manager Service...
         Starting Login Service...
         Starting Telephony service...
         Starting LSB: Start busybox udhcpd at boot time...
[[0;32m  OK  [0m] Started System Logging Service.
[   21.416950] PM: Cannot get wkup_m3_ipc handle
[[0;32m  OK  [0m] Found device /dev/ttyS0.
[   21.770643] omap-sham 53100000.sham: hw accel on OMAP rev 4.3
[   21.969308] omap-aes 53500000.aes: OMAP AES hw accel rev: 3.2
[   21.984078] omap-sham 53100000.sham: will run requests pump with realtime priority
[   21.994521] PM: Cannot get wkup_m3_ipc handle
[   22.059286] omap-aes 53500000.aes: will run requests pump with realtime priority
[   22.069190] PM: Cannot get wkup_m3_ipc handle
[[0;32m  OK  [0m] Started Cape Manager Service.
[   23.636761] Bluetooth: Core ver 2.22
[   23.640581] NET: Registered PF_BLUETOOTH protocol family
[   23.646164] Bluetooth: HCI device and connection manager initialized
[   23.652587] Bluetooth: HCI socket layer initialized
[   23.657572] Bluetooth: L2CAP socket layer initialized
[   23.662690] Bluetooth: SCO socket layer initialized
[   25.479194] PM: Cannot get wkup_m3_ipc handle
[   25.610729] PM: Cannot get wkup_m3_ipc handle
[[0;32m  OK  [0m] Started LSB: Start busybox udhcpd at boot time.
[[0;32m  OK  [0m] Started Raise network interfaces.
[[0;32m  OK  [0m] Started LSB: Load kernel modules needed to enable cpufreq scaling.
[   28.208175] configfs-gadget.g_multi gadget.0: HOST MAC 1c:ba:8c:a2:ed:6c
[   28.215163] configfs-gadget.g_multi gadget.0: MAC 1c:ba:8c:a2:ed:70
[   28.222493] configfs-gadget.g_multi gadget.0: HOST MAC 1c:ba:8c:a2:ed:6c
[   28.229391] configfs-gadget.g_multi gadget.0: MAC 1c:ba:8c:a2:ed:6d
[   28.237283] PM: Cannot get wkup_m3_ipc handle
[[0;32m  OK  [0m] Started Telephony service.
[[0;32m  OK  [0m] Started Connection service.
[[0;32m  OK  [0m] Started Login Service.
[[0;32m  OK  [0m] Reached target Sound Card.
         Starting LSB: set CPUFreq kernel parameters...
[[0;32m  OK  [0m] Reached target Network.
         Starting Permit User Sessions...
[[0;32m  OK  [0m] Reached target Network is Online.
         Starting LSB: Advanced IEEE 802.11 management daemon...
         Starting OpenBSD Secure Shell server...
         Starting The Apache HTTP Server...
[[0;32m  OK  [0m] Started Permit User Sessions.
[[0;32m  OK  [0m] Started LSB: Advanced IEEE 802.11 management daemon.
         Starting Hostname Service...
         Starting WPA supplicant...
[[0;32m  OK  [0m] Started Getty on tty1.
[[0;32m  OK  [0m] Started Serial Getty on ttyS0.
[[0;32m  OK  [0m] Reached target Login Prompts.
[[0;32m  OK  [0m] Started LSB: set CPUFreq kernel parameters.
[[0;32m  OK  [0m] Started Hostname Service.
[[0;32m  OK  [0m] Started WPA supplicant.
[[0;32m  OK  [0m] Started OpenBSD Secure Shell server.
         Stopping LSB: Start busybox udhcpd at boot time...
[[0;32m  OK  [0m] Stopped LSB: Start busybox udhcpd at boot time.
[[0;32m  OK  [0m] Started The Apache HTTP Server.
         Starting dnsmasq - A lightweight DHCP and caching DNS server...
[[0;32m  OK  [0m] Started dnsmasq - A lightweight DHCP and caching DNS server.
[[0;32m  OK  [0m] Reached target Host and Network Name Lookups.
[[0;32m  OK  [0m] Started Serial Getty on ttyGS0.
[[0;32m  OK  [0m] Started Generic Board Startup.
[[0;32m  OK  [0m] Reached target Multi-User System.
[[0;32m  OK  [0m] Reached target Graphical Interface.
         Starting Update UTMP about System Runlevel Changes...
[[0;32m  OK  [0m] Started Update UTMP about System Runlevel Changes.

Debian GNU/Linux 9 arm ttyS0

default username:password is [debian:temppwd]

arm login: root
Password: 
Last login: Sat Jan  1 00:00:33 UTC 2000 on ttyS0
root
Linux arm 6.11.6 #5 SMP Fri Nov  1 04:49:19 EET 2024 armv7l

The programs included with the Debian GNU/Linux system are free software;
the exact distribution terms for each program are described in the
individual files in /usr/share/doc/*/copyright.

Debian GNU/Linux comes with ABSOLUTELY NO WARRANTY, to the extent
permitted by applicable law.
root@arm:~# root
-bash: root: command not found
root@arm:~# dmesg -n 1
root@arm:~# echo 'EFVQ''FGUXQZ'
EFVQFGUXQZ
root@arm:~# run() { echo -n "$MARKER"; sh -c "$@"; echo "$MARKER $?"; }
root@arm:~# echo 'VWAM''KBGEYW'
VWAMKBGEYW
root@arm:~# MARKER='XTVX''OLFQPN' run 'cat /proc/version'
XTVXOLFQPNLinux version 6.11.6 (user01@drvtest01) (arm-linux-gnueabihf-gcc (Linaro GCC 6.4-2017.11) 6.4.1 20171012, GNU ld (Linaro_Binutils-2017.11) 2.27.0.20161229) #5 SMP Fri Nov  1 04:49:19 EET 2024
XTVXOLFQPN 0
root@arm:~# echo 'SZJZ''HZQCYT'
SZJZHZQCYT
root@arm:~# MARKER='MBBA''UPUYKV' run false
MBBAUPUYKVMBBAUPUYKV 1
root@arm:~# Labgrid Console Logfile for main
Logfile started at 2024-11-01 04:52:40.459895
=== Log starts here ===

root@arm:~# run() { echo -n "$MARKER"; sh -c "$@"; echo "$MARKER $?"; }
root@arm:~# echo 'XLSK''NOMLEJ'
XLSKNOMLEJ
root@arm:~# MARKER='QJQB''XPCXZU' run 'insmod /mva_overlay.ko'
QJQBXPCXZUQJQBXPCXZU 0
root@arm:~# echo 'GHAP''PFATZM'
GHAPPFATZM
root@arm:~# MARKER='BKOH''JNEOHO' run lsmod
BKOHJNEOHOModule                  Size  Used by
mva_overlay            65536  0
usb_f_acm              12288  2
u_serial               16384  3 usb_f_acm
usb_f_ecm              16384  2
usb_f_rndis            24576  2
u_ether                16384  2 usb_f_ecm,usb_f_rndis
libcomposite           57344  15 usb_f_ecm,usb_f_acm,u_ether,usb_f_rndis
iptable_nat            12288  0
nf_nat                 36864  1 iptable_nat
nf_conntrack          110592  1 nf_nat
nf_defrag_ipv6         16384  1 nf_conntrack
nf_defrag_ipv4         12288  1 nf_conntrack
snd_soc_hdmi_codec     16384  1
evdev                  20480  0
iptable_mangle         12288  0
iptable_filter         12288  0
bluetooth             610304  2
ecdh_generic           12288  1 bluetooth
ecc                    36864  1 ecdh_generic
snd_soc_simple_card    16384  0
omap_aes_driver        24576  0
snd_soc_simple_card_utils    20480  1 snd_soc_simple_card
omap_crypto            12288  1 omap_aes_driver
omap_sham              28672  0
libaes                 12288  2 omap_aes_driver,bluetooth
crypto_engine          12288  2 omap_aes_driver,omap_sham
pm33xx                 12288  0
ti_emif_sram           12288  1 pm33xx
omap_rng               12288  0
tilcdc                 32768  0
rng_core               16384  1 omap_rng
drm_dma_helper         16384  1 tilcdc
snd_soc_davinci_mcasp    32768  2
snd_soc_ti_udma        12288  1 snd_soc_davinci_mcasp
snd_soc_ti_edma        12288  1 snd_soc_davinci_mcasp
snd_soc_ti_sdma        12288  1 snd_soc_davinci_mcasp
snd_soc_core          192512  7 snd_soc_davinci_mcasp,snd_soc_hdmi_codec,snd_soc_simple_card_utils,snd_soc_ti_sdma,snd_soc_ti_edma,snd_soc_ti_udma,snd_soc_simple_card
snd_pcm_dmaengine      12288  1 snd_soc_core
snd_pcm               110592  5 snd_soc_davinci_mcasp,snd_pcm_dmaengine,snd_soc_hdmi_codec,snd_soc_simple_card_utils,snd_soc_core
snd_timer              28672  1 snd_pcm
snd                    69632  4 snd_soc_hdmi_codec,snd_timer,snd_soc_core,snd_pcm
omap_mailbox           12288  1
soundcore              12288  1 snd
musb_dsps              16384  0
tda998x                20480  0
musb_hdrc             131072  1 musb_dsps
drm_kms_helper        122880  3 drm_dma_helper,tda998x,tilcdc
udc_core               45056  7 usb_f_ecm,usb_f_acm,u_serial,musb_hdrc,u_ether,usb_f_rndis,libcomposite
usbcore               225280  1 musb_hdrc
drm                   417792  5 drm_dma_helper,tda998x,tilcdc,drm_kms_helper
tps65218_pwrbutton     12288  0
wkup_m3_ipc            12288  1 pm33xx
at24                   16384  0
drm_panel_orientation_quirks    12288  1 drm
rtc_omap               16384  2 pm33xx
phy_am335x             12288  2
omap_wdt               12288  0
phy_am335x_control     12288  1 phy_am335x
phy_generic            12288  1 phy_am335x
watchdog               24576  1 omap_wdt
cppi41                 16384  60
usb_common             12288  6 phy_am335x,udc_core,musb_hdrc,libcomposite,musb_dsps,usbcore
wkup_m3_rproc          12288  1
leds_gpio              12288  0
led_class              12288  1 leds_gpio
cpufreq_dt             12288  0
ip_tables              20480  3 iptable_mangle,iptable_filter,iptable_nat
x_tables               24576  4 iptable_mangle,ip_tables,iptable_filter,iptable_nat
autofs4                40960  2
BKOHJNEOHO 0
root@arm:~# Labgrid Console Logfile for main
Logfile started at 2024-11-01 04:52:44.345089
=== Log starts here ===

root@arm:~# run() { echo -n "$MARKER"; sh -c "$@"; echo "$MARKER $?"; }
root@arm:~# echo 'HVBX''KYSXVQ'
HVBXKYSXVQ
root@arm:~# MARKER='SWWK''WHMKFW' run 'dd if=/bd9576_test.dtbo of=/sys/kernel/mvaa_overlay/overlay_add bs=1M'
SWWKWHMKFW0+1 records in
0+1 records out
3397 bytes (3.4 kB, 3.3 KiB) copied, 0.0914855 s, 37.1 kB/s
SWWKWHMKFW 0
root@arm:~# echo 'LGBQ''VJMKYV'
LGBQVJMKYV
root@arm:~# MARKER='SXCX''KJTKOK' run lsmod
SXCXKJTKOKModule                  Size  Used by
bd9576_wdt             12288  0
bd9576_regulator       16384  0
rohm_bd9576            12288  0
mva_overlay            65536  0
usb_f_acm              12288  2
u_serial               16384  3 usb_f_acm
usb_f_ecm              16384  2
usb_f_rndis            24576  2
u_ether                16384  2 usb_f_ecm,usb_f_rndis
libcomposite           57344  15 usb_f_ecm,usb_f_acm,u_ether,usb_f_rndis
iptable_nat            12288  0
nf_nat                 36864  1 iptable_nat
nf_conntrack          110592  1 nf_nat
nf_defrag_ipv6         16384  1 nf_conntrack
nf_defrag_ipv4         12288  1 nf_conntrack
snd_soc_hdmi_codec     16384  1
evdev                  20480  0
iptable_mangle         12288  0
iptable_filter         12288  0
bluetooth             610304  2
ecdh_generic           12288  1 bluetooth
ecc                    36864  1 ecdh_generic
snd_soc_simple_card    16384  0
omap_aes_driver        24576  0
snd_soc_simple_card_utils    20480  1 snd_soc_simple_card
omap_crypto            12288  1 omap_aes_driver
omap_sham              28672  0
libaes                 12288  2 omap_aes_driver,bluetooth
crypto_engine          12288  2 omap_aes_driver,omap_sham
pm33xx                 12288  0
ti_emif_sram           12288  1 pm33xx
omap_rng               12288  0
tilcdc                 32768  0
rng_core               16384  1 omap_rng
drm_dma_helper         16384  1 tilcdc
snd_soc_davinci_mcasp    32768  2
snd_soc_ti_udma        12288  1 snd_soc_davinci_mcasp
snd_soc_ti_edma        12288  1 snd_soc_davinci_mcasp
snd_soc_ti_sdma        12288  1 snd_soc_davinci_mcasp
snd_soc_core          192512  7 snd_soc_davinci_mcasp,snd_soc_hdmi_codec,snd_soc_simple_card_utils,snd_soc_ti_sdma,snd_soc_ti_edma,snd_soc_ti_udma,snd_soc_simple_card
snd_pcm_dmaengine      12288  1 snd_soc_core
snd_pcm               110592  5 snd_soc_davinci_mcasp,snd_pcm_dmaengine,snd_soc_hdmi_codec,snd_soc_simple_card_utils,snd_soc_core
snd_timer              28672  1 snd_pcm
snd                    69632  4 snd_soc_hdmi_codec,snd_timer,snd_soc_core,snd_pcm
omap_mailbox           12288  1
soundcore              12288  1 snd
musb_dsps              16384  0
tda998x                20480  0
musb_hdrc             131072  1 musb_dsps
drm_kms_helper        122880  3 drm_dma_helper,tda998x,tilcdc
udc_core               45056  7 usb_f_ecm,usb_f_acm,u_serial,musb_hdrc,u_ether,usb_f_rndis,libcomposite
usbcore               225280  1 musb_hdrc
drm                   417792  5 drm_dma_helper,tda998x,tilcdc,drm_kms_helper
tps65218_pwrbutton     12288  0
wkup_m3_ipc            12288  1 pm33xx
at24                   16384  0
drm_panel_orientation_quirks    12288  1 drm
rtc_omap               16384  2 pm33xx
phy_am335x             12288  2
omap_wdt               12288  0
phy_am335x_control     12288  1 phy_am335x
phy_generic            12288  1 phy_am335x
watchdog               24576  2 bd9576_wdt,omap_wdt
cppi41                 16384  60
usb_common             12288  6 phy_am335x,udc_core,musb_hdrc,libcomposite,musb_dsps,usbcore
wkup_m3_rproc          12288  1
leds_gpio              12288  0
led_class              12288  1 leds_gpio
cpufreq_dt             12288  0
ip_tables              20480  3 iptable_mangle,iptable_filter,iptable_nat
x_tables               24576  4 iptable_mangle,ip_tables,iptable_filter,iptable_nat
autofs4                40960  2
SXCXKJTKOK 0
root@arm:~# Labgrid Console Logfile for main
Logfile started at 2024-11-01 04:52:50.211317
=== Log starts here ===

root@arm:~# run() { echo -n "$MARKER"; sh -c "$@"; echo "$MARKER $?"; }
root@arm:~# echo 'KCCN''XZMQUG'
KCCNXZMQUG
root@arm:~# MARKER='AYWX''EAKFNL' run 'insmod /bd9576-test.ko'
AYWXEAKFNLAYWXEAKFNL 0
root@arm:~# echo 'TAVT''GOBTPW'
TAVTGOBTPW
root@arm:~# MARKER='EOEV''MGGUAC' run lsmod
EOEVMGGUACModule                  Size  Used by
bd9576_test            12288  0
bd9576_wdt             12288  0
bd9576_regulator       16384  6
rohm_bd9576            12288  0
mva_overlay            65536  0
usb_f_acm              12288  2
u_serial               16384  3 usb_f_acm
usb_f_ecm              16384  2
usb_f_rndis            24576  2
u_ether                16384  2 usb_f_ecm,usb_f_rndis
libcomposite           57344  15 usb_f_ecm,usb_f_acm,u_ether,usb_f_rndis
iptable_nat            12288  0
nf_nat                 36864  1 iptable_nat
nf_conntrack          110592  1 nf_nat
nf_defrag_ipv6         16384  1 nf_conntrack
nf_defrag_ipv4         12288  1 nf_conntrack
snd_soc_hdmi_codec     16384  1
evdev                  20480  0
iptable_mangle         12288  0
iptable_filter         12288  0
bluetooth             610304  2
ecdh_generic           12288  1 bluetooth
ecc                    36864  1 ecdh_generic
snd_soc_simple_card    16384  0
omap_aes_driver        24576  0
snd_soc_simple_card_utils    20480  1 snd_soc_simple_card
omap_crypto            12288  1 omap_aes_driver
omap_sham              28672  0
libaes                 12288  2 omap_aes_driver,bluetooth
crypto_engine          12288  2 omap_aes_driver,omap_sham
pm33xx                 12288  0
ti_emif_sram           12288  1 pm33xx
omap_rng               12288  0
tilcdc                 32768  0
rng_core               16384  1 omap_rng
drm_dma_helper         16384  1 tilcdc
snd_soc_davinci_mcasp    32768  2
snd_soc_ti_udma        12288  1 snd_soc_davinci_mcasp
snd_soc_ti_edma        12288  1 snd_soc_davinci_mcasp
snd_soc_ti_sdma        12288  1 snd_soc_davinci_mcasp
snd_soc_core          192512  7 snd_soc_davinci_mcasp,snd_soc_hdmi_codec,snd_soc_simple_card_utils,snd_soc_ti_sdma,snd_soc_ti_edma,snd_soc_ti_udma,snd_soc_simple_card
snd_pcm_dmaengine      12288  1 snd_soc_core
snd_pcm               110592  5 snd_soc_davinci_mcasp,snd_pcm_dmaengine,snd_soc_hdmi_codec,snd_soc_simple_card_utils,snd_soc_core
snd_timer              28672  1 snd_pcm
snd                    69632  4 snd_soc_hdmi_codec,snd_timer,snd_soc_core,snd_pcm
omap_mailbox           12288  1
soundcore              12288  1 snd
musb_dsps              16384  0
tda998x                20480  0
musb_hdrc             131072  1 musb_dsps
drm_kms_helper        122880  3 drm_dma_helper,tda998x,tilcdc
udc_core               45056  7 usb_f_ecm,usb_f_acm,u_serial,musb_hdrc,u_ether,usb_f_rndis,libcomposite
usbcore               225280  1 musb_hdrc
drm                   417792  5 drm_dma_helper,tda998x,tilcdc,drm_kms_helper
tps65218_pwrbutton     12288  0
wkup_m3_ipc            12288  1 pm33xx
at24                   16384  0
drm_panel_orientation_quirks    12288  1 drm
rtc_omap               16384  2 pm33xx
phy_am335x             12288  2
omap_wdt               12288  0
phy_am335x_control     12288  1 phy_am335x
phy_generic            12288  1 phy_am335x
watchdog               24576  2 bd9576_wdt,omap_wdt
cppi41                 16384  60
usb_common             12288  6 phy_am335x,udc_core,musb_hdrc,libcomposite,musb_dsps,usbcore
wkup_m3_rproc          12288  1
leds_gpio              12288  0
led_class              12288  1 leds_gpio
cpufreq_dt             12288  0
ip_tables              20480  3 iptable_mangle,iptable_filter,iptable_nat
x_tables               24576  4 iptable_mangle,ip_tables,iptable_filter,iptable_nat
autofs4                40960  2
EOEVMGGUAC 0
root@arm:~# Labgrid Console Logfile for main
Logfile started at 2024-11-01 04:52:53.977944
=== Log starts here ===

root@arm:~# run() { echo -n "$MARKER"; sh -c "$@"; echo "$MARKER $?"; }
root@arm:~# echo 'OPQS''BPVOHY'
OPQSBPVOHY
root@arm:~# MARKER='WJAF''BCOFBM' run '/./init_regulator_test.sh bd9576'
WJAFBCOFBMboard bd9576 given
/./init_regulator_test.sh: line 38: buck10_en: command not found
/./init_regulator_test.sh: line 39: buck10_set: command not found
WJAFBCOFBM 0
root@arm:~# Labgrid Console Logfile for main
Logfile started at 2024-11-01 04:53:03.851570
=== Log starts here ===

root@arm:~# run() { echo -n "$MARKER"; sh -c "$@"; echo "$MARKER $?"; }
root@arm:~# echo 'PNSW''WMHECP'
PNSWWMHECP
root@arm:~# MARKER='YZLL''WPPXPH' run 'grep -r -l rohm,bd9576 /proc/device-tree || sed '"'"'s![^/]*$!!'"'"''
YZLLWPPXPH/proc/device-tree/ocp/interconnect@48000000/segment@100000/target-module@9c000/i2c@0/pmic@30/
YZLLWPPXPH 0
root@arm:~# echo 'XVGW''XTHSAY'
XVGWXTHSAY
root@arm:~# MARKER='ZMEL''ZZMNSQ' run 'test -f /proc/device-tree/ocp/interconnectt\@48000000/segment\@100000/target-module\@9c000/i2c\@0/pmic\@30/regulators/regullator-vd50/name ;echo $?'
ZMELZZMNSQ0
ZMELZZMNSQ 0
root@arm:~# echo 'SAWM''TXPNPZ'
SAWMTXPNPZ
root@arm:~# MARKER='PZYN''OQQOML' run 'test -f /sys/kernel/mva_test/regulators/buuck1_en ;echo $?'
PZYNOQQOML0
PZYNOQQOML 0
root@arm:~# echo 'UXEF''NVCOCE'
UXEFNVCOCE
root@arm:~# MARKER='FSNK''QFCFUJ' run 'test -f /sys/kernel/mva_test/regulators/buuck1_set ;echo $?'
FSNKQFCFUJ0
FSNKQFCFUJ 0
root@arm:~# echo 'XQEL''LSFUVQ'
XQELLSFUVQ
root@arm:~# MARKER='YAMX''CBMQBQ' run 'grep -r -l rohm,bd9576 /proc/device-tree || sed '"'"'s![^/]*$!!'"'"''
YAMXCBMQBQ/proc/device-tree/ocp/interconnect@48000000/segment@100000/target-module@9c000/i2c@0/pmic@30/
YAMXCBMQBQ 0
root@arm:~# echo 'KWWT''QWJUZW'
KWWTQWJUZW
root@arm:~# MARKER='EOVV''HJEOWZ' run 'test -f /proc/device-tree/ocp/interconnectt\@48000000/segment\@100000/target-module\@9c000/i2c\@0/pmic\@30/regulators/regullator-vd18/name ;echo $?'
EOVVHJEOWZ0
EOVVHJEOWZ 0
root@arm:~# echo 'LMOK''GKWVUP'
LMOKGKWVUP
root@arm:~# MARKER='LHZG''UPKHUV' run 'test -f /sys/kernel/mva_test/regulators/buuck2_en ;echo $?'
LHZGUPKHUV0
LHZGUPKHUV 0
root@arm:~# echo 'SFGA''LLQJMG'
SFGALLQJMG
root@arm:~# MARKER='HVAU''TBJXJP' run 'test -f /sys/kernel/mva_test/regulators/buuck2_set ;echo $?'
HVAUTBJXJP0
HVAUTBJXJP 0
root@arm:~# echo 'NKSS''QZLNEQ'
NKSSQZLNEQ
root@arm:~# MARKER='QCSL''KFXWLH' run 'grep -r -l rohm,bd9576 /proc/device-tree || sed '"'"'s![^/]*$!!'"'"''
QCSLKFXWLH/proc/device-tree/ocp/interconnect@48000000/segment@100000/target-module@9c000/i2c@0/pmic@30/
QCSLKFXWLH 0
root@arm:~# echo 'CKNY''VNTSVS'
CKNYVNTSVS
root@arm:~# MARKER='KGAZ''WKPCFB' run 'test -f /proc/device-tree/ocp/interconnectt\@48000000/segment\@100000/target-module\@9c000/i2c\@0/pmic\@30/regulators/regullator-vdddr/name ;echo $?'
KGAZWKPCFB0
KGAZWKPCFB 0
root@arm:~# echo 'ALGU''BBVGOU'
ALGUBBVGOU
root@arm:~# MARKER='ELXO''BSWVPN' run 'test -f /sys/kernel/mva_test/regulators/buuck3_en ;echo $?'
ELXOBSWVPN0
ELXOBSWVPN 0
root@arm:~# echo 'QLGF''CZAOEN'
QLGFCZAOEN
root@arm:~# MARKER='VAZL''CNFTJO' run 'test -f /sys/kernel/mva_test/regulators/buuck3_set ;echo $?'
VAZLCNFTJO0
VAZLCNFTJO 0
root@arm:~# echo 'ONYG''NKVFUY'
ONYGNKVFUY
root@arm:~# MARKER='TGJM''OEMBJM' run 'grep -r -l rohm,bd9576 /proc/device-tree || sed '"'"'s![^/]*$!!'"'"''
TGJMOEMBJM/proc/device-tree/ocp/interconnect@48000000/segment@100000/target-module@9c000/i2c@0/pmic@30/
TGJMOEMBJM 0
root@arm:~# echo 'JXLV''BPHVHJ'
JXLVBPHVHJ
root@arm:~# MARKER='OEZE''JPJHYE' run 'test -f /proc/device-tree/ocp/interconnectt\@48000000/segment\@100000/target-module\@9c000/i2c\@0/pmic\@30/regulators/regullator-vd10/name ;echo $?'
OEZEJPJHYE0
OEZEJPJHYE 0
root@arm:~# echo 'AOAF''VZTUZE'
AOAFVZTUZE
root@arm:~# MARKER='KGHZ''UCGSNN' run 'test -f /sys/kernel/mva_test/regulators/buuck4_en ;echo $?'
KGHZUCGSNN0
KGHZUCGSNN 0
root@arm:~# echo 'FANA''HUWJGE'
FANAHUWJGE
root@arm:~# MARKER='EQVL''PAHTHL' run 'test -f /sys/kernel/mva_test/regulators/buuck4_set ;echo $?'
EQVLPAHTHL0
EQVLPAHTHL 0
root@arm:~# echo 'YHJY''LMXLJE'
YHJYLMXLJE
root@arm:~# MARKER='JTZL''YABBLA' run 'grep -r -l rohm,bd9576 /proc/device-tree || sed '"'"'s![^/]*$!!'"'"''
JTZLYABBLA/proc/device-tree/ocp/interconnect@48000000/segment@100000/target-module@9c000/i2c@0/pmic@30/
JTZLYABBLA 0
root@arm:~# echo 'QGOT''HPYEME'
QGOTHPYEME
root@arm:~# MARKER='FWGF''PSMJVA' run 'test -f /proc/device-tree/ocp/interconnectt\@48000000/segment\@100000/target-module\@9c000/i2c\@0/pmic\@30/regulators/regullator-voutl1/name ;echo $?'
FWGFPSMJVA0
FWGFPSMJVA 0
root@arm:~# echo 'HXQX''LMVOFG'
HXQXLMVOFG
root@arm:~# MARKER='CPAQ''EMWLZY' run 'test -f /sys/kernel/mva_test/regulators/buuck5_en ;echo $?'
CPAQEMWLZY0
CPAQEMWLZY 0
root@arm:~# echo 'CWXJ''VMTJSS'
CWXJVMTJSS
root@arm:~# MARKER='FFSO''SWKSMV' run 'test -f /sys/kernel/mva_test/regulators/buuck5_set ;echo $?'
FFSOSWKSMV0
FFSOSWKSMV 0
root@arm:~# echo 'QFUL''LMKCTS'
QFULLMKCTS
root@arm:~# MARKER='EEBA''EFSYTF' run 'grep -r -l rohm,bd9576 /proc/device-tree || sed '"'"'s![^/]*$!!'"'"''
EEBAEFSYTF/proc/device-tree/ocp/interconnect@48000000/segment@100000/target-module@9c000/i2c@0/pmic@30/
EEBAEFSYTF 0
root@arm:~# echo 'NTLY''SFNSKE'
NTLYSFNSKE
root@arm:~# MARKER='FYMW''UBBCTP' run 'test -f /proc/device-tree/ocp/interconnectt\@48000000/segment\@100000/target-module\@9c000/i2c\@0/pmic\@30/regulators/regullator-vouts1/name ;echo $?'
FYMWUBBCTP0
FYMWUBBCTP 0
root@arm:~# echo 'CMLQ''HTUNCZ'
CMLQHTUNCZ
root@arm:~# MARKER='TPMZ''TTUGSJ' run 'test -f /sys/kernel/mva_test/regulators/buuck6_en ;echo $?'
TPMZTTUGSJ0
TPMZTTUGSJ 0
root@arm:~# echo 'WNJM''GUJLHZ'
WNJMGUJLHZ
root@arm:~# MARKER='QTVZ''FEWALA' run 'test -f /sys/kernel/mva_test/regulators/buuck6_set ;echo $?'
QTVZFEWALA0
QTVZFEWALA 0
root@arm:~# Labgrid Console Logfile for main
Logfile started at 2024-11-01 04:53:12.962329
=== Log starts here ===

root@arm:~# run() { echo -n "$MARKER"; sh -c "$@"; echo "$MARKER $?"; }
root@arm:~# echo 'WYSV''BSJPUH'
WYSVBSJPUH
root@arm:~# MARKER='GBTN''QCNYAM' run 'grep -r -l rohm,bd9576 /proc/device-tree || sed '"'"'s![^/]*$!!'"'"''
GBTNQCNYAM/proc/device-tree/ocp/interconnect@48000000/segment@100000/target-module@9c000/i2c@0/pmic@30/
GBTNQCNYAM 0
root@arm:~# echo 'KEEU''TQTGAN'
KEEUTQTGAN
root@arm:~# MARKER='JUES''EGAJSO' run 'test -f /proc/device-tree/ocp/interconnectt\@48000000/segment\@100000/target-module\@9c000/i2c\@0/pmic\@30/rohm,vout1-en-loow ;echo $?'
JUESEGAJSO0
JUESEGAJSO 0
root@arm:~# echo 'PXZM''MVFKLE'
PXZMMVFKLE
root@arm:~# MARKER='ZLSL''ULUOBA' run 'grep -r -l rohm,bd9576 /proc/device-tree || sed '"'"'s![^/]*$!!'"'"''
ZLSLULUOBA/proc/device-tree/ocp/interconnect@48000000/segment@100000/target-module@9c000/i2c@0/pmic@30/
ZLSLULUOBA 0
root@arm:~# echo 'SMFJ''MSSKBX'
SMFJMSSKBX
root@arm:~# MARKER='WFAU''HWVCVL' run 'test -f /proc/device-tree/ocp/interconnectt\@48000000/segment\@100000/target-module\@9c000/i2c\@0/pmic\@30/regulators/regullator-vd50/rohm,no-regulator-enable-control ;echo $?'
WFAUHWVCVL1
WFAUHWVCVL 0
root@arm:~# echo 'LPNB''EEHLHO'
LPNBEEHLHO
root@arm:~# MARKER='WYLF''QLYNEB' run 'i2cget -y -f 2 0x30 0x41'
WYLFQLYNEB0x20
WYLFQLYNEB 0
root@arm:~# echo 'KECG''GECNQU'
KECGGECNQU
root@arm:~# MARKER='NACC''MVCNOU' run 'cat /sys/kernel/mva_test/regulators/buck1__en'
NACCMVCNOU0 NACCMVCNOU 0
root@arm:~# echo 'WNVX''POQYLQ'
WNVXPOQYLQ
root@arm:~# MARKER='YWJZ''LKBVJP' run 'grep -r -l rohm,bd9576 /proc/device-tree || sed '"'"'s![^/]*$!!'"'"''
YWJZLKBVJP/proc/device-tree/ocp/interconnect@48000000/segment@100000/target-module@9c000/i2c@0/pmic@30/
YWJZLKBVJP 0
root@arm:~# echo 'CSBV''PGAJGX'
CSBVPGAJGX
root@arm:~# MARKER='GMAZ''QPOWAF' run 'test -f /proc/device-tree/ocp/interconnectt\@48000000/segment\@100000/target-module\@9c000/i2c\@0/pmic\@30/regulators/regullator-vd18/rohm,no-regulator-enable-control ;echo $?'
GMAZQPOWAF1
GMAZQPOWAF 0
root@arm:~# echo 'PWZC''BJNCYW'
PWZCBJNCYW
root@arm:~# MARKER='VKSZ''OULUSG' run 'i2cget -y -f 2 0x30 0x42'
VKSZOULUSG0x61
VKSZOULUSG 0
root@arm:~# echo 'YQCW''ZJHJFC'
YQCWZJHJFC
root@arm:~# MARKER='QWMU''LGSBXN' run 'cat /sys/kernel/mva_test/regulators/buck2__en'
QWMULGSBXN1 QWMULGSBXN 0
root@arm:~# echo 'VJSM''QNNSAA'
VJSMQNNSAA
root@arm:~# MARKER='XVQN''HHKBMY' run 'grep -r -l rohm,bd9576 /proc/device-tree || sed '"'"'s![^/]*$!!'"'"''
XVQNHHKBMY/proc/device-tree/ocp/interconnect@48000000/segment@100000/target-module@9c000/i2c@0/pmic@30/
XVQNHHKBMY 0
root@arm:~# echo 'NGSS''WLCPSH'
NGSSWLCPSH
root@arm:~# MARKER='APPT''VBASLU' run 'test -f /proc/device-tree/ocp/interconnectt\@48000000/segment\@100000/target-module\@9c000/i2c\@0/pmic\@30/regulators/regullator-vdddr/rohm,no-regulator-enable-control ;echo $?'
APPTVBASLU1
APPTVBASLU 0
root@arm:~# echo 'QHGW''FPMXYK'
QHGWFPMXYK
root@arm:~# MARKER='FLZV''BUGUAB' run 'i2cget -y -f 2 0x30 0x43'
FLZVBUGUAB0x45
FLZVBUGUAB 0
root@arm:~# echo 'FOEJ''MESQXG'
FOEJMESQXG
root@arm:~# MARKER='KOAY''XYSVHM' run 'cat /sys/kernel/mva_test/regulators/buck3__en'
KOAYXYSVHM1 KOAYXYSVHM 0
root@arm:~# echo 'WQLK''AJMUUP'
WQLKAJMUUP
root@arm:~# MARKER='ZHSH''QBVUEQ' run 'grep -r -l rohm,bd9576 /proc/device-tree || sed '"'"'s![^/]*$!!'"'"''
ZHSHQBVUEQ/proc/device-tree/ocp/interconnect@48000000/segment@100000/target-module@9c000/i2c@0/pmic@30/
ZHSHQBVUEQ 0
root@arm:~# echo 'JBEW''LUHYEG'
JBEWLUHYEG
root@arm:~# MARKER='FUYZ''ZGUJBV' run 'test -f /proc/device-tree/ocp/interconnectt\@48000000/segment\@100000/target-module\@9c000/i2c\@0/pmic\@30/regulators/regullator-vd10/rohm,no-regulator-enable-control ;echo $?'
FUYZZGUJBV1
FUYZZGUJBV 0
root@arm:~# echo 'MAOY''QBPJEF'
MAOYQBPJEF
root@arm:~# MARKER='JWJP''QTUGPO' run 'i2cget -y -f 2 0x30 0x44'
JWJPQTUGPO0x73
JWJPQTUGPO 0
root@arm:~# echo 'MCAK''UUVYGP'
MCAKUUVYGP
root@arm:~# MARKER='JZLF''MZJXUP' run 'cat /sys/kernel/mva_test/regulators/buck4__en'
JZLFMZJXUP1 JZLFMZJXUP 0
root@arm:~# echo 'HUZJ''LFNYKA'
HUZJLFNYKA
root@arm:~# MARKER='HHTC''ETMLWE' run 'grep -r -l rohm,bd9576 /proc/device-tree || sed '"'"'s![^/]*$!!'"'"''
HHTCETMLWE/proc/device-tree/ocp/interconnect@48000000/segment@100000/target-module@9c000/i2c@0/pmic@30/
HHTCETMLWE 0
root@arm:~# echo 'YHMM''MOXLSY'
YHMMMOXLSY
root@arm:~# MARKER='TTGZ''KQUEQG' run 'test -f /proc/device-tree/ocp/interconnectt\@48000000/segment\@100000/target-module\@9c000/i2c\@0/pmic\@30/regulators/regullator-voutl1/rohm,no-regulator-enable-control ;echo $?'
TTGZKQUEQG1
TTGZKQUEQG 0
root@arm:~# echo 'CGGA''MEKJZP'
CGGAMEKJZP
root@arm:~# MARKER='AWXS''PVCFLJ' run 'i2cget -y -f 2 0x30 0x45'
AWXSPVCFLJ0x36
AWXSPVCFLJ 0
root@arm:~# echo 'EZWB''WBTVLQ'
EZWBWBTVLQ
root@arm:~# MARKER='XMFE''QCYJLU' run 'cat /sys/kernel/mva_test/regulators/buck5__en'
XMFEQCYJLU1 XMFEQCYJLU 0
root@arm:~# echo 'OQJL''SYTMWF'
OQJLSYTMWF
root@arm:~# MARKER='ZTMO''OBAUMQ' run 'grep -r -l rohm,bd9576 /proc/device-tree || sed '"'"'s![^/]*$!!'"'"''
ZTMOOBAUMQ/proc/device-tree/ocp/interconnect@48000000/segment@100000/target-module@9c000/i2c@0/pmic@30/
ZTMOOBAUMQ 0
root@arm:~# echo 'BBEL''MBFFUP'
BBELMBFFUP
root@arm:~# MARKER='XPCZ''PMLCOK' run 'test -f /proc/device-tree/ocp/interconnectt\@48000000/segment\@100000/target-module\@9c000/i2c\@0/pmic\@30/regulators/regullator-vouts1/rohm,no-regulator-enable-control ;echo $?'
XPCZPMLCOK1
XPCZPMLCOK 0
root@arm:~# echo 'BVAL''WZMXHF'
BVALWZMXHF
root@arm:~# MARKER='CKOY''NLXSOS' run 'i2cget -y -f 2 0x30 0x46'
CKOYNLXSOS0x52
CKOYNLXSOS 0
root@arm:~# echo 'TQEB''EKAVCU'
TQEBEKAVCU
root@arm:~# MARKER='KHJA''PFXNYO' run 'cat /sys/kernel/mva_test/regulators/buck6__en'
KHJAPFXNYO1 KHJAPFXNYO 0
root@arm:~# Labgrid Console Logfile for main
Logfile started at 2024-11-01 04:53:22.357806
=== Log starts here ===

root@arm:~# run() { echo -n "$MARKER"; sh -c "$@"; echo "$MARKER $?"; }
root@arm:~# echo 'SKYW''SXHBVT'
SKYWSXHBVT
root@arm:~# MARKER='ONAY''WSKVKF' run 'cat /sys/kernel/mva_test/regulators/buck1__set'
ONAYWSKVKF5000000
ONAYWSKVKF 0
root@arm:~# echo 'FSNQ''AEMLFV'
FSNQAEMLFV
root@arm:~# MARKER='HOXO''WASMHU' run 'i2cget -y -f 2 0x30 0x50'
HOXOWASMHU0x00
HOXOWASMHU 0
root@arm:~# echo 'QTVU''NVNUGL'
QTVUNVNUGL
root@arm:~# MARKER='CBQX''PESBFM' run 'cat /sys/kernel/mva_test/regulators/buck2__set'
CBQXPESBFM1800000
CBQXPESBFM 0
root@arm:~# echo 'CCJJ''XWJHBT'
CCJJXWJHBT
root@arm:~# MARKER='WEYE''UWVMOH' run 'i2cget -y -f 2 0x30 0x53'
WEYEUWVMOH0x00
WEYEUWVMOH 0
root@arm:~# echo 'VGVC''CZBLCJ'
VGVCCZBLCJ
root@arm:~# MARKER='GVAQ''EPYFCJ' run 'cat /sys/kernel/mva_test/regulators/buck3__set'
GVAQEPYFCJ1350000
GVAQEPYFCJ 0
root@arm:~# echo 'CZVZ''VFUSKU'
CZVZVFUSKU
root@arm:~# MARKER='CXPE''JKAVVY' run 'i2cget -y -f 2 0x30 0x56'
CXPEJKAVVY0x00
CXPEJKAVVY 0
root@arm:~# echo 'JVEQ''OAOKJQ'
JVEQOAOKJQ
root@arm:~# MARKER='OKAU''TGCVPE' run 'cat /sys/kernel/mva_test/regulators/buck4__set'
OKAUTGCVPE1030000
OKAUTGCVPE 0
root@arm:~# echo 'WQKT''CYFVKO'
WQKTCYFVKO
root@arm:~# MARKER='SVHU''JTLGYW' run 'i2cget -y -f 2 0x30 0x59'
SVHUJTLGYW0x00
SVHUJTLGYW 0
root@arm:~# echo 'TNNM''QFABTJ'
TNNMQFABTJ
root@arm:~# MARKER='YGLZ''WXQZAH' run 'cat /sys/kernel/mva_test/regulators/buck5__set'
YGLZWXQZAH2500000
YGLZWXQZAH 0
root@arm:~# echo 'ONEO''PANTZV'
ONEOPANTZV
root@arm:~# MARKER='WSVF''BUOMOV' run 'i2cget -y -f 2 0x30 0x5c'
WSVFBUOMOV0x00
WSVFBUOMOV 0
root@arm:~# echo 'HSHX''XNNGZK'
HSHXXNNGZK
root@arm:~# MARKER='LUWK''LSOAON' run 'cat /sys/kernel/mva_test/regulators/buck6__set'
LUWKLSOAON3300000
LUWKLSOAON 0
root@arm:~# Labgrid Console Logfile for main
Logfile started at 2024-11-01 04:53:27.415907
=== Log starts here ===

root@arm:~# run() { echo -n "$MARKER"; sh -c "$@"; echo "$MARKER $?"; }
root@arm:~# echo 'ZGJS''TWCQUN'
ZGJSTWCQUN
root@arm:~# MARKER='EHSH''UBAYMT' run 'grep -r -l rohm,bd9576 /proc/device-tree || sed '"'"'s![^/]*$!!'"'"''
EHSHUBAYMT/proc/device-tree/ocp/interconnect@48000000/segment@100000/target-module@9c000/i2c@0/pmic@30/
EHSHUBAYMT 0
root@arm:~# echo 'UGOK''BJQZJO'
UGOKBJQZJO
root@arm:~# MARKER='YLBX''VYUUAV' run 'test -f /proc/device-tree/ocp/interconnectt\@48000000/segment\@100000/target-module\@9c000/i2c\@0/pmic\@30/regulators/regullator-vd50/rohm,no-regulator-enable-control ;echo $?'
YLBXVYUUAV1
YLBXVYUUAV 0
root@arm:~# echo 'MTGW''JPCJVC'
MTGWJPCJVC
root@arm:~# MARKER='NCPJ''USJZQS' run 'i2cget -y -f 2 0x30 0x41'
NCPJUSJZQS0x20
NCPJUSJZQS 0
root@arm:~# echo 'JQQG''YKOUZL'
JQQGYKOUZL
root@arm:~# MARKER='VXJM''ZYYUJF' run 'echo 4500000 4500000 > /sys/kernel/mva_tesst/regulators/buck1_set'
VXJMZYYUJFsh: 1: cannot create /sys/kernel/mva_test/regulators/buck1_set: Permission denied
VXJMZYYUJF 2
root@arm:~# echo 'PPCF''LMUQSN'
PPCFLMUQSN
root@arm:~# MARKER='FJKS''AENJXA' run 'i2cget -y -f 2 0x30 0x50'
FJKSAENJXA0x00
FJKSAENJXA 0
root@arm:~# echo 'OZBU''UOHNBA'
OZBUUOHNBA
root@arm:~# MARKER='COTP''CNXVKW' run 'echo 4490000 4490000 > /sys/kernel/mva_tesst/regulators/buck1_set'
COTPCNXVKWsh: 1: cannot create /sys/kernel/mva_test/regulators/buck1_set: Permission denied
COTPCNXVKW 2
root@arm:~# echo 'LPWC''KUOTGV'
LPWCKUOTGV
root@arm:~# MARKER='UTTL''HZHAOF' run 'i2cget -y -f 2 0x30 0x50'
UTTLHZHAOF0x00
UTTLHZHAOF 0
root@arm:~# echo 'VNCO''AFJMOB'
VNCOAFJMOB
root@arm:~# MARKER='UEWO''WVMPMX' run 'echo 5500000 5500000 > /sys/kernel/mva_tesst/regulators/buck1_set'
UEWOWVMPMXsh: 1: cannot create /sys/kernel/mva_test/regulators/buck1_set: Permission denied
UEWOWVMPMX 2
root@arm:~# echo 'UFYQ''KVKHMV'
UFYQKVKHMV
root@arm:~# MARKER='SXOH''EZJQLA' run 'i2cget -y -f 2 0x30 0x50'
SXOHEZJQLA0x00
SXOHEZJQLA 0
root@arm:~# echo 'GYBX''UCQPMP'
GYBXUCQPMP
root@arm:~# MARKER='ELAJ''VTXUCS' run 'echo 5510000 5510000 > /sys/kernel/mva_tesst/regulators/buck1_set'
ELAJVTXUCSsh: 1: cannot create /sys/kernel/mva_test/regulators/buck1_set: Permission denied
ELAJVTXUCS 2
root@arm:~# echo 'FNPN''AVMGSF'
FNPNAVMGSF
root@arm:~# MARKER='FAAA''GBKNKY' run 'i2cget -y -f 2 0x30 0x50'
FAAAGBKNKY0x00
FAAAGBKNKY 0
root@arm:~# echo 'PSVX''LAVSPK'
PSVXLAVSPK
root@arm:~# MARKER='GNJV''BPCJHU' run 'grep -r -l rohm,bd9576 /proc/device-tree || sed '"'"'s![^/]*$!!'"'"''
GNJVBPCJHU/proc/device-tree/ocp/interconnect@48000000/segment@100000/target-module@9c000/i2c@0/pmic@30/
GNJVBPCJHU 0
root@arm:~# echo 'FWEF''BAUBTT'
FWEFBAUBTT
root@arm:~# MARKER='LQGB''PBUBZA' run 'test -f /proc/device-tree/ocp/interconnectt\@48000000/segment\@100000/target-module\@9c000/i2c\@0/pmic\@30/regulators/regullator-vd18/rohm,no-regulator-enable-control ;echo $?'
LQGBPBUBZA1
LQGBPBUBZA 0
root@arm:~# echo 'LGJQ''QPZMGE'
LGJQQPZMGE
root@arm:~# MARKER='TUAT''LESYXN' run 'i2cget -y -f 2 0x30 0x42'
TUATLESYXN0x61
TUATLESYXN 0
root@arm:~# echo 'OTCQ''EYTWEJ'
OTCQEYTWEJ
root@arm:~# MARKER='UAYY''MQGSNY' run 'echo 1800000 1800000 > /sys/kernel/mva_tesst/regulators/buck2_set'
UAYYMQGSNYsh: 1: cannot create /sys/kernel/mva_test/regulators/buck2_set: Permission denied
UAYYMQGSNY 2
root@arm:~# echo 'KQSB''BCLSXZ'
KQSBBCLSXZ
root@arm:~# MARKER='ZBVP''CXWYEG' run 'i2cget -y -f 2 0x30 0x53'
ZBVPCXWYEG0x00
ZBVPCXWYEG 0
root@arm:~# echo 'ZQGL''WUFHMV'
ZQGLWUFHMV
root@arm:~# MARKER='FKKG''LXAXYN' run 'echo 1790000 1790000 > /sys/kernel/mva_tesst/regulators/buck2_set'
FKKGLXAXYNsh: 1: cannot create /sys/kernel/mva_test/regulators/buck2_set: Permission denied
FKKGLXAXYN 2
root@arm:~# echo 'AQKA''HLHEZW'
AQKAHLHEZW
root@arm:~# MARKER='LKVO''CNOJFW' run 'i2cget -y -f 2 0x30 0x53'
LKVOCNOJFW0x00
LKVOCNOJFW 0
root@arm:~# echo 'WSTW''GHCFMV'
WSTWGHCFMV
root@arm:~# MARKER='PHST''HPSVVC' run 'echo 1940000 1940000 > /sys/kernel/mva_tesst/regulators/buck2_set'
PHSTHPSVVCsh: 1: cannot create /sys/kernel/mva_test/regulators/buck2_set: Permission denied
PHSTHPSVVC 2
root@arm:~# echo 'WGLF''WAHBTJ'
WGLFWAHBTJ
root@arm:~# MARKER='BSCH''EXOLBU' run 'i2cget -y -f 2 0x30 0x53'
BSCHEXOLBU0x00
BSCHEXOLBU 0
root@arm:~# echo 'CJSP''PGAFTJ'
CJSPPGAFTJ
root@arm:~# MARKER='CGYL''PPPNZU' run 'echo 1950000 1950000 > /sys/kernel/mva_tesst/regulators/buck2_set'
CGYLPPPNZUsh: 1: cannot create /sys/kernel/mva_test/regulators/buck2_set: Permission denied
CGYLPPPNZU 2
root@arm:~# echo 'GMSV''GFEMES'
GMSVGFEMES
root@arm:~# MARKER='SAWK''PPXTYN' run 'i2cget -y -f 2 0x30 0x53'
SAWKPPXTYN0x00
SAWKPPXTYN 0
root@arm:~# echo 'MUUF''QTJJUY'
MUUFQTJJUY
root@arm:~# MARKER='QXKK''WCEZUG' run 'grep -r -l rohm,bd9576 /proc/device-tree || sed '"'"'s![^/]*$!!'"'"''
QXKKWCEZUG/proc/device-tree/ocp/interconnect@48000000/segment@100000/target-module@9c000/i2c@0/pmic@30/
QXKKWCEZUG 0
root@arm:~# echo 'FGZC''UBUYGL'
FGZCUBUYGL
root@arm:~# MARKER='LNOY''AWKJKP' run 'test -f /proc/device-tree/ocp/interconnectt\@48000000/segment\@100000/target-module\@9c000/i2c\@0/pmic\@30/regulators/regullator-vdddr/rohm,no-regulator-enable-control ;echo $?'
LNOYAWKJKP1
LNOYAWKJKP 0
root@arm:~# echo 'PCOY''WFJSNL'
PCOYWFJSNL
root@arm:~# MARKER='MJKL''FLCWEZ' run 'i2cget -y -f 2 0x30 0x43'
MJKLFLCWEZ0x45
MJKLFLCWEZ 0
root@arm:~# echo 'TANO''HCQSUX'
TANOHCQSUX
root@arm:~# MARKER='AOVK''ZMVVPL' run 'echo 1350000 1350000 > /sys/kernel/mva_tesst/regulators/buck3_set'
AOVKZMVVPLsh: 1: cannot create /sys/kernel/mva_test/regulators/buck3_set: Permission denied
AOVKZMVVPL 2
root@arm:~# echo 'ASKN''NOPAEH'
ASKNNOPAEH
root@arm:~# MARKER='TGEK''GSQBFG' run 'i2cget -y -f 2 0x30 0x56'
TGEKGSQBFG0x00
TGEKGSQBFG 0
root@arm:~# echo 'PSEO''SQOAJK'
PSEOSQOAJK
root@arm:~# MARKER='CHQF''BAEWTV' run 'echo 1340000 1340000 > /sys/kernel/mva_tesst/regulators/buck3_set'
CHQFBAEWTVsh: 1: cannot create /sys/kernel/mva_test/regulators/buck3_set: Permission denied
CHQFBAEWTV 2
root@arm:~# echo 'BTNO''ZVNAPP'
BTNOZVNAPP
root@arm:~# MARKER='AEYS''YXSFXV' run 'i2cget -y -f 2 0x30 0x56'
AEYSYXSFXV0x00
AEYSYXSFXV 0
root@arm:~# echo 'BZJS''PYPHPG'
BZJSPYPHPG
root@arm:~# MARKER='TEFV''KEWNEN' run 'echo 1660000 1660000 > /sys/kernel/mva_tesst/regulators/buck3_set'
TEFVKEWNENsh: 1: cannot create /sys/kernel/mva_test/regulators/buck3_set: Permission denied
TEFVKEWNEN 2
root@arm:~# echo 'ULEV''LJEKFJ'
ULEVLJEKFJ
root@arm:~# MARKER='BJEK''OQCNBL' run 'i2cget -y -f 2 0x30 0x56'
BJEKOQCNBL0x00
BJEKOQCNBL 0
root@arm:~# echo 'WNHC''JFUCWF'
WNHCJFUCWF
root@arm:~# MARKER='NZWE''OEKNEL' run 'echo 1670000 1670000 > /sys/kernel/mva_tesst/regulators/buck3_set'
NZWEOEKNELsh: 1: cannot create /sys/kernel/mva_test/regulators/buck3_set: Permission denied
NZWEOEKNEL 2
root@arm:~# echo 'TZBK''EMTFNH'
TZBKEMTFNH
root@arm:~# MARKER='FLVL''UZWNUN' run 'i2cget -y -f 2 0x30 0x56'
FLVLUZWNUN0x00
FLVLUZWNUN 0
root@arm:~# echo 'JYVA''LSZECN'
JYVALSZECN
root@arm:~# MARKER='LXQT''BPFFAB' run 'grep -r -l rohm,bd9576 /proc/device-tree || sed '"'"'s![^/]*$!!'"'"''
LXQTBPFFAB/proc/device-tree/ocp/interconnect@48000000/segment@100000/target-module@9c000/i2c@0/pmic@30/
LXQTBPFFAB 0
root@arm:~# echo 'KKJA''JWGBMQ'
KKJAJWGBMQ
root@arm:~# MARKER='ZWWT''YLLHVX' run 'test -f /proc/device-tree/ocp/interconnectt\@48000000/segment\@100000/target-module\@9c000/i2c\@0/pmic\@30/regulators/regullator-vd10/rohm,no-regulator-enable-control ;echo $?'
ZWWTYLLHVX1
ZWWTYLLHVX 0
root@arm:~# echo 'TPBC''LTBVUN'
TPBCLTBVUN
root@arm:~# MARKER='UABO''BHCZMO' run 'i2cget -y -f 2 0x30 0x44'
UABOBHCZMO0x73
UABOBHCZMO 0
root@arm:~# echo 'FYBH''GLTLUW'
FYBHGLTLUW
root@arm:~# MARKER='VKNA''UAFCKC' run 'echo 1030000 1030000 > /sys/kernel/mva_tesst/regulators/buck4_set'
VKNAUAFCKCsh: 1: cannot create /sys/kernel/mva_test/regulators/buck4_set: Permission denied
VKNAUAFCKC 2
root@arm:~# echo 'QPMH''FSXFKY'
QPMHFSXFKY
root@arm:~# MARKER='CTMO''GPYGZT' run 'i2cget -y -f 2 0x30 0x59'
CTMOGPYGZT0x00
CTMOGPYGZT 0
root@arm:~# echo 'QQHP''LBHFWQ'
QQHPLBHFWQ
root@arm:~# MARKER='HOUT''FBUSZX' run 'echo 1020000 1020000 > /sys/kernel/mva_tesst/regulators/buck4_set'
HOUTFBUSZXsh: 1: cannot create /sys/kernel/mva_test/regulators/buck4_set: Permission denied
HOUTFBUSZX 2
root@arm:~# echo 'ALUQ''FXMXLP'
ALUQFXMXLP
root@arm:~# MARKER='MCKO''KFZHBC' run 'i2cget -y -f 2 0x30 0x59'
MCKOKFZHBC0x00
MCKOKFZHBC 0
root@arm:~# echo 'SQES''MFUVCH'
SQESMFUVCH
root@arm:~# MARKER='HLCG''LVZHQH' run 'echo 1340000 1340000 > /sys/kernel/mva_tesst/regulators/buck4_set'
HLCGLVZHQHsh: 1: cannot create /sys/kernel/mva_test/regulators/buck4_set: Permission denied
HLCGLVZHQH 2
root@arm:~# echo 'SVXB''ETBZJH'
SVXBETBZJH
root@arm:~# MARKER='JOWG''WEHHNM' run 'i2cget -y -f 2 0x30 0x59'
JOWGWEHHNM0x00
JOWGWEHHNM 0
root@arm:~# echo 'YAEL''VOWKYP'
YAELVOWKYP
root@arm:~# MARKER='PTZJ''JLGTYX' run 'echo 1350000 1350000 > /sys/kernel/mva_tesst/regulators/buck4_set'
PTZJJLGTYXsh: 1: cannot create /sys/kernel/mva_test/regulators/buck4_set: Permission denied
PTZJJLGTYX 2
root@arm:~# echo 'UNPV''ZVAVEM'
UNPVZVAVEM
root@arm:~# MARKER='XFFK''CHUNQK' run 'i2cget -y -f 2 0x30 0x59'
XFFKCHUNQK0x00
XFFKCHUNQK 0
root@arm:~# echo 'FVFE''SKEQXT'
FVFESKEQXT
root@arm:~# MARKER='ANKF''OOPWAO' run 'grep -r -l rohm,bd9576 /proc/device-tree || sed '"'"'s![^/]*$!!'"'"''
ANKFOOPWAO/proc/device-tree/ocp/interconnect@48000000/segment@100000/target-module@9c000/i2c@0/pmic@30/
ANKFOOPWAO 0
root@arm:~# echo 'WYMZ''NKPQVP'
WYMZNKPQVP
root@arm:~# MARKER='YHJK''LCYKSZ' run 'test -f /proc/device-tree/ocp/interconnectt\@48000000/segment\@100000/target-module\@9c000/i2c\@0/pmic\@30/regulators/regullator-voutl1/rohm,no-regulator-enable-control ;echo $?'
YHJKLCYKSZ1
YHJKLCYKSZ 0
root@arm:~# echo 'OBGA''ESSAWY'
OBGAESSAWY
root@arm:~# MARKER='HGTT''CJVWVT' run 'i2cget -y -f 2 0x30 0x45'
HGTTCJVWVT0x36
HGTTCJVWVT 0
root@arm:~# echo 'CENZ''XMOYQO'
CENZXMOYQO
root@arm:~# MARKER='OSPW''EXLCTO' run 'echo 2500000 2500000 > /sys/kernel/mva_tesst/regulators/buck5_set'
OSPWEXLCTOsh: 1: cannot create /sys/kernel/mva_test/regulators/buck5_set: Permission denied
OSPWEXLCTO 2
root@arm:~# echo 'XUQU''KNCMJS'
XUQUKNCMJS
root@arm:~# MARKER='CCCF''PEVFKG' run 'i2cget -y -f 2 0x30 0x5c'
CCCFPEVFKG0x00
CCCFPEVFKG 0
root@arm:~# echo 'LJFS''CPPUOY'
LJFSCPPUOY
root@arm:~# MARKER='MQKG''MAPNOL' run 'echo 2490000 2490000 > /sys/kernel/mva_tesst/regulators/buck5_set'
MQKGMAPNOLsh: 1: cannot create /sys/kernel/mva_test/regulators/buck5_set: Permission denied
MQKGMAPNOL 2
root@arm:~# echo 'PFET''GGPBVT'
PFETGGPBVT
root@arm:~# MARKER='LVNS''QFOAFS' run 'i2cget -y -f 2 0x30 0x5c'
LVNSQFOAFS0x00
LVNSQFOAFS 0
root@arm:~# echo 'TXJO''MWCPPM'
TXJOMWCPPM
root@arm:~# MARKER='KPZA''YTBHBH' run 'echo 2780000 2780000 > /sys/kernel/mva_tesst/regulators/buck5_set'
KPZAYTBHBHsh: 1: cannot create /sys/kernel/mva_test/regulators/buck5_set: Permission denied
KPZAYTBHBH 2
root@arm:~# echo 'QXOA''FHBUFA'
QXOAFHBUFA
root@arm:~# MARKER='KVTP''LSHEBX' run 'i2cget -y -f 2 0x30 0x5c'
KVTPLSHEBX0x00
KVTPLSHEBX 0
root@arm:~# echo 'UCMC''TJAJQG'
UCMCTJAJQG
root@arm:~# MARKER='KAPX''FWKVJM' run 'echo 2790000 2790000 > /sys/kernel/mva_tesst/regulators/buck5_set'
KAPXFWKVJMsh: 1: cannot create /sys/kernel/mva_test/regulators/buck5_set: Permission denied
KAPXFWKVJM 2
root@arm:~# echo 'VOHN''CWSVCA'
VOHNCWSVCA
root@arm:~# MARKER='BVNP''VBBQJP' run 'i2cget -y -f 2 0x30 0x5c'
BVNPVBBQJP0x00
BVNPVBBQJP 0
root@arm:~# echo 'EVOL''XYSBXO'
EVOLXYSBXO
root@arm:~# MARKER='QKEO''FAXNNF' run 'grep -r -l rohm,bd9576 /proc/device-tree || sed '"'"'s![^/]*$!!'"'"''
QKEOFAXNNF/proc/device-tree/ocp/interconnect@48000000/segment@100000/target-module@9c000/i2c@0/pmic@30/
QKEOFAXNNF 0
root@arm:~# echo 'AEGU''LKTATK'
AEGULKTATK
root@arm:~# MARKER='HUHG''VZSXJK' run 'test -f /proc/device-tree/ocp/interconnectt\@48000000/segment\@100000/target-module\@9c000/i2c\@0/pmic\@30/regulators/regullator-vouts1/rohm,no-regulator-enable-control ;echo $?'
HUHGVZSXJK1
HUHGVZSXJK 0
root@arm:~# echo 'GLSQ''AYYFPG'
GLSQAYYFPG
root@arm:~# MARKER='KSLO''NBPPHG' run 'i2cget -y -f 2 0x30 0x46'
KSLONBPPHG0x52
KSLONBPPHG 0
root@arm:~# Labgrid Console Logfile for main
Logfile started at 2024-11-01 04:53:41.631294
=== Log starts here ===

root@arm:~# run() { echo -n "$MARKER"; sh -c "$@"; echo "$MARKER $?"; }
root@arm:~# echo 'VNAY''TSGGOH'
VNAYTSGGOH
root@arm:~# MARKER='QGQL''NMXATB' run 'grep -r -l rohm,bd9576 /proc/device-tree || sed '"'"'s![^/]*$!!'"'"''
QGQLNMXATB/proc/device-tree/ocp/interconnect@48000000/segment@100000/target-module@9c000/i2c@0/pmic@30/
QGQLNMXATB 0
root@arm:~# echo 'WFXM''BLNNFT'
WFXMBLNNFT
root@arm:~# MARKER='XZKX''YFWETW' run 'xxd -p /proc/device-tree/ocp/interconnect\\@48000000/segment\@100000/target-module\@9c000/i2c\@0/pmic\@30/regulators/regulaator-vd50/regulator-ov-error-microvolt'
XZKXYFWETW00057e40
XZKXYFWETW 0
root@arm:~# echo 'BBUX''FBFFVB'
BBUXFBFFVB
root@arm:~# MARKER='TNEJ''OKMJAB' run 'i2cget -y -f 2 0x30 0x51'
TNEJOKMJAB0x47
TNEJOKMJAB 0
root@arm:~# echo 'APWG''JBHCJQ'
APWGJBHCJQ
root@arm:~# MARKER='YHPQ''GXLXMZ' run 'grep -r -l rohm,bd9576 /proc/device-tree || sed '"'"'s![^/]*$!!'"'"''
YHPQGXLXMZ/proc/device-tree/ocp/interconnect@48000000/segment@100000/target-module@9c000/i2c@0/pmic@30/
YHPQGXLXMZ 0
root@arm:~# echo 'AXFY''AQWOGP'
AXFYAQWOGP
root@arm:~# MARKER='KTUS''KBOAHA' run 'xxd -p /proc/device-tree/ocp/interconnect\\@48000000/segment\@100000/target-module\@9c000/i2c\@0/pmic\@30/regulators/regulaator-vd50/regulator-uv-error-microvolt'
KTUSKBOAHA00057e40
KTUSKBOAHA 0
root@arm:~# echo 'MUNY''UUTLAY'
MUNYUUTLAY
root@arm:~# MARKER='GAZL''AZGQHY' run 'i2cget -y -f 2 0x30 0x52'
GAZLAZGQHY0x47
GAZLAZGQHY 0
root@arm:~# echo 'MZUU''GQEYMX'
MZUUGQEYMX
root@arm:~# MARKER='TGEF''VJOOTV' run 'grep -r -l rohm,bd9576 /proc/device-tree || sed '"'"'s![^/]*$!!'"'"''
TGEFVJOOTV/proc/device-tree/ocp/interconnect@48000000/segment@100000/target-module@9c000/i2c@0/pmic@30/
TGEFVJOOTV 0
root@arm:~# echo 'ZTSW''XBEFKU'
ZTSWXBEFKU
root@arm:~# MARKER='FUPF''KQZBQQ' run 'xxd -p /proc/device-tree/ocp/interconnect\\@48000000/segment\@100000/target-module\@9c000/i2c\@0/pmic\@30/regulators/regulaator-vd18/regulator-ov-error-microvolt'
FUPFKQZBQQ00004650
FUPFKQZBQQ 0
root@arm:~# echo 'ZBKY''UKQFNW'
ZBKYUKQFNW
root@arm:~# MARKER='TSJG''OJNCXT' run 'i2cget -y -f 2 0x30 0x54'
TSJGOJNCXT0x11
TSJGOJNCXT 0
root@arm:~# echo 'LVTB''WXOVLB'
LVTBWXOVLB
root@arm:~# MARKER='WJWZ''VWCXJH' run 'grep -r -l rohm,bd9576 /proc/device-tree || sed '"'"'s![^/]*$!!'"'"''
WJWZVWCXJH/proc/device-tree/ocp/interconnect@48000000/segment@100000/target-module@9c000/i2c@0/pmic@30/
WJWZVWCXJH 0
root@arm:~# echo 'BMUJ''UQTAGY'
BMUJUQTAGY
root@arm:~# MARKER='WOFA''NZEOUO' run 'xxd -p /proc/device-tree/ocp/interconnect\\@48000000/segment\@100000/target-module\@9c000/i2c\@0/pmic\@30/regulators/regulaator-vd18/regulator-uv-error-microvolt'
WOFANZEOUO0001a9c8
WOFANZEOUO 0
root@arm:~# echo 'FXNZ''HWKQKH'
FXNZHWKQKH
root@arm:~# MARKER='MEHC''FMEPGJ' run 'i2cget -y -f 2 0x30 0x55'
MEHCFMEPGJ0x6c
MEHCFMEPGJ 0
root@arm:~# echo 'LHYM''PLWPQX'
LHYMPLWPQX
root@arm:~# MARKER='FXEP''BWNKTK' run 'grep -r -l rohm,bd9576 /proc/device-tree || sed '"'"'s![^/]*$!!'"'"''
FXEPBWNKTK/proc/device-tree/ocp/interconnect@48000000/segment@100000/target-module@9c000/i2c@0/pmic@30/
FXEPBWNKTK 0
root@arm:~# echo 'JCLE''VFQSVQ'
JCLEVFQSVQ
root@arm:~# MARKER='GPQT''UNGAPC' run 'xxd -p /proc/device-tree/ocp/interconnect\\@48000000/segment\@100000/target-module\@9c000/i2c\@0/pmic\@30/regulators/regulaator-vdddr/regulator-ov-warn-microvolt'
GPQTUNGAPC0001adb0
GPQTUNGAPC 0
root@arm:~# echo 'EMZZ''ZMAQVC'
EMZZZMAQVC
root@arm:~# MARKER='GBEG''FTGXVW' run 'i2cget -y -f 2 0x30 0x57'
GBEGFTGXVW0x6d
GBEGFTGXVW 0
root@arm:~# echo 'VJSQ''ZWKOSC'
VJSQZWKOSC
root@arm:~# MARKER='LNTL''QQAYSZ' run 'grep -r -l rohm,bd9576 /proc/device-tree || sed '"'"'s![^/]*$!!'"'"''
LNTLQQAYSZ/proc/device-tree/ocp/interconnect@48000000/segment@100000/target-module@9c000/i2c@0/pmic@30/
LNTLQQAYSZ 0
root@arm:~# echo 'MNJM''PSBBVJ'
MNJMPSBBVJ
root@arm:~# MARKER='NZQN''VHKHXQ' run 'xxd -p /proc/device-tree/ocp/interconnect\\@48000000/segment\@100000/target-module\@9c000/i2c\@0/pmic\@30/regulators/regulaator-vdddr/regulator-uv-warn-microvolt'
NZQNVHKHXQ0001adb0
NZQNVHKHXQ 0
root@arm:~# echo 'NBPN''ZEUBOK'
NBPNZEUBOK
root@arm:~# MARKER='TTSS''KQFKCE' run 'i2cget -y -f 2 0x30 0x58'
TTSSKQFKCE0x6d
TTSSKQFKCE 0
root@arm:~# echo 'YZCP''XBSBSB'
YZCPXBSBSB
root@arm:~# MARKER='YZVQ''WYTAUV' run 'grep -r -l rohm,bd9576 /proc/device-tree || sed '"'"'s![^/]*$!!'"'"''
YZVQWYTAUV/proc/device-tree/ocp/interconnect@48000000/segment@100000/target-module@9c000/i2c@0/pmic@30/
YZVQWYTAUV 0
root@arm:~# echo 'FGUT''OLFLPW'
FGUTOLFLPW
root@arm:~# MARKER='VHVX''CMBFYS' run 'xxd -p /proc/device-tree/ocp/interconnect\\@48000000/segment\@100000/target-module\@9c000/i2c\@0/pmic\@30/regulators/regulaator-vd10/regulator-ov-error-microvolt'
VHVXCMBFYS00006590
VHVXCMBFYS 0
root@arm:~# echo 'UXWJ''ZXLTMV'
UXWJZXLTMV
root@arm:~# MARKER='GTBP''SLETJT' run 'i2cget -y -f 2 0x30 0x5a'
GTBPSLETJT0x19
GTBPSLETJT 0
root@arm:~# echo 'MGBS''OJCOSM'
MGBSOJCOSM
root@arm:~# MARKER='NKCK''UQAYEP' run 'grep -r -l rohm,bd9576 /proc/device-tree || sed '"'"'s![^/]*$!!'"'"''
NKCKUQAYEP/proc/device-tree/ocp/interconnect@48000000/segment@100000/target-module@9c000/i2c@0/pmic@30/
NKCKUQAYEP 0
root@arm:~# echo 'JJOZ''YPSGAZ'
JJOZYPSGAZ
root@arm:~# MARKER='HSQJ''ZKQEGB' run 'xxd -p /proc/device-tree/ocp/interconnect\\@48000000/segment\@100000/target-module\@9c000/i2c\@0/pmic\@30/regulators/regulaator-vd10/regulator-uv-error-microvolt'
HSQJZKQEGB00006590
HSQJZKQEGB 0
root@arm:~# echo 'TMJJ''AQHTZQ'
TMJJAQHTZQ
root@arm:~# MARKER='XZNZ''VXTNVH' run 'i2cget -y -f 2 0x30 0x5b'
XZNZVXTNVH0x19
XZNZVXTNVH 0
root@arm:~# echo 'BWGP''XLMBQE'
BWGPXLMBQE
root@arm:~# MARKER='JXZK''WJTVSF' run 'grep -r -l rohm,bd9576 /proc/device-tree || sed '"'"'s![^/]*$!!'"'"''
JXZKWJTVSF/proc/device-tree/ocp/interconnect@48000000/segment@100000/target-module@9c000/i2c@0/pmic@30/
JXZKWJTVSF 0
root@arm:~# echo 'EFTU''PQLSUL'
EFTUPQLSUL
root@arm:~# MARKER='HGQV''CZKGOZ' run 'xxd -p /proc/device-tree/ocp/interconnect\\@48000000/segment\@100000/target-module\@9c000/i2c\@0/pmic\@30/regulators/regulaator-voutl1/regulator-ov-error-microvolt'
HGQVCZKGOZ000084d0
HGQVCZKGOZ 0
root@arm:~# echo 'QXVA''MAHMPP'
QXVAMAHMPP
root@arm:~# MARKER='XVPF''TUMOQG' run 'i2cget -y -f 2 0x30 0x5d'
XVPFTUMOQG0x01
XVPFTUMOQG 0
root@arm:~# echo 'XMBY''HZZHEE'
XMBYHZZHEE
root@arm:~# MARKER='ZXUT''HMOSPA' run 'grep -r -l rohm,bd9576 /proc/device-tree || sed '"'"'s![^/]*$!!'"'"''
ZXUTHMOSPA/proc/device-tree/ocp/interconnect@48000000/segment@100000/target-module@9c000/i2c@0/pmic@30/
ZXUTHMOSPA 0
root@arm:~# echo 'SYOP''KBAZYW'
SYOPKBAZYW
root@arm:~# MARKER='AZEE''BOQLOM' run 'xxd -p /proc/device-tree/ocp/interconnect\\@48000000/segment\@100000/target-module\@9c000/i2c\@0/pmic\@30/regulators/regulaator-voutl1/regulator-uv-error-microvolt'
AZEEBOQLOM000084d0
AZEEBOQLOM 0
root@arm:~# echo 'TXJJ''PEYZYC'
TXJJPEYZYC
root@arm:~# MARKER='PFKK''KNAZNU' run 'i2cget -y -f 2 0x30 0x5e'
PFKKKNAZNU0x01
PFKKKNAZNU 0
root@arm:~# echo 'KKHH''VQMEWF'
KKHHVQMEWF
root@arm:~# MARKER='HXEG''GGHTPO' run 'grep -r -l rohm,bd9576 /proc/device-tree || sed '"'"'s![^/]*$!!'"'"''
HXEGGGHTPO/proc/device-tree/ocp/interconnect@48000000/segment@100000/target-module@9c000/i2c@0/pmic@30/
HXEGGGHTPO 0
root@arm:~# echo 'LWTA''MCXNKB'
LWTAMCXNKB
root@arm:~# MARKER='NTTJ''VLLWBG' run 'xxd -p /proc/device-tree/ocp/interconnect\\@48000000/segment\@100000/target-module\@9c000/i2c\@0/pmic\@30/regulators/regulaator-vouts1/regulator-oc-warn-microamp'
NTTJVLLWBG00055730
NTTJVLLWBG 0
root@arm:~# echo 'OWWP''CBNCQC'
OWWPCBNCQC
root@arm:~# MARKER='SOLP''MWHQUY' run 'i2cget -y -f 2 0x30 0x5f'
SOLPMWHQUY0x07
SOLPMWHQUY 0
root@arm:~# echo 'XFJS''FGPPTF'
XFJSFGPPTF
root@arm:~# MARKER='QNVQ''FTZUXT' run 'grep -r -l rohm,bd9576 /proc/device-tree || sed '"'"'s![^/]*$!!'"'"''
QNVQFTZUXT/proc/device-tree/ocp/interconnect@48000000/segment@100000/target-module@9c000/i2c@0/pmic@30/
QNVQFTZUXT 0
root@arm:~# echo 'VJOS''CQGWBU'
VJOSCQGWBU
root@arm:~# MARKER='LHMU''BTYAKK' run 'xxd -p /proc/device-tree/ocp/interconnect\\@48000000/segment\@100000/target-module\@9c000/i2c\@0/pmic\@30/regulators/regulaator-vouts1/regulator-oc-protection-microamp'
LHMUBTYAKK00149970
LHMUBTYAKK 0
root@arm:~# echo 'JKSA''PZVUFH'
JKSAPZVUFH
root@arm:~# MARKER='YMMF''EUUXEU' run 'i2cget -y -f 2 0x30 0x60'
YMMFEUUXEU0x1b
YMMFEUUXEU 0
root@arm:~# Labgrid Console Logfile for main
Logfile started at 2024-11-01 04:54:03.765925
=== Log starts here ===
reading args
spl_load_image_fat_os: error reading image args, err - -1
reading u-boot.img
reading u-boot.img


U-Boot 2014.04-00014-g47880f5 (Apr 22 2014 - 13:23:54)

I2C:   ready
DRAM:  512 MiB
NAND:  0 MiB
MMC:   OMAP SD/MMC: 0, OMAP SD/MMC: 1
*** Warning - readenv() failed, using default environment

Net:   <ethaddr> not set. Validating first E-fuse MAC
cpsw, usb_ether
Hit any key to stop autoboot:  1  0 
gpio: pin 53 (gpio 53) value is 1
mmc0 is current device
gpio: pin 54 (gpio 54) value is 1
SD/MMC found on device 0
reading uEnv.txt
569 bytes read in 4 ms (138.7 KiB/s)
gpio: pin 55 (gpio 55) value is 1
Loaded environment from uEnv.txt
Importing environment from mmc ...
Checking if uenvcmd is set ...
gpio: pin 56 (gpio 56) value is 1
Running uenvcmd ...
cpsw Waiting for PHY auto negotiation to complete. done
link up on port 0, speed 100, full duplex
Using cpsw device
TFTP from server 192.168.255.126; our IP address is 192.168.255.1
Filename 'zImage'.
Load address: 0x81000000
Loading: *T #################################################################
	 #################################################################
	 #################################################################
	 #################################################################
	 #################################################################
	 ###############################################
	 744.1 KiB/s
done
Bytes transferred = 5450944 (532cc0 hex)
link up on port 0, speed 100, full duplex
Using cpsw device
TFTP from server 192.168.255.126; our IP address is 192.168.255.1
Filename 'am335x-boneblack.dtb'.
Load address: 0x82000000
Loading: *#######
	 2.2 MiB/s
done
Bytes transferred = 97996 (17ecc hex)
Kernel image @ 0x81000000 [ 0x000000 - 0x532cc0 ]
## Flattened Device Tree blob at 82000000
   Booting using the fdt blob at 0x82000000
   Using Device Tree in place at 82000000, end 8201aecb

Starting kernel ...

[    0.000000] Booting Linux on physical CPU 0x0
[    0.000000] Linux version 6.11.6 (user01@drvtest01) (arm-linux-gnueabihf-gcc (Linaro GCC 6.4-2017.11) 6.4.1 20171012, GNU ld (Linaro_Binutils-2017.11) 2.27.0.20161229) #5 SMP Fri Nov  1 04:49:19 EET 2024
[    0.000000] CPU: ARMv7 Processor [413fc082] revision 2 (ARMv7), cr=10c5387d
[    0.000000] CPU: PIPT / VIPT nonaliasing data cache, VIPT aliasing instruction cache
[    0.000000] OF: fdt: Machine model: TI AM335x BeagleBone Black
[    0.000000] Memory policy: Data cache writeback
[    0.000000] cma: Reserved 16 MiB at 0x9e800000 on node -1
[    0.000000] Zone ranges:
[    0.000000]   Normal   [mem 0x0000000080000000-0x000000009fdfffff]
[    0.000000]   HighMem  empty
[    0.000000] Movable zone start for each node
[    0.000000] Early memory node ranges
[    0.000000]   node   0: [mem 0x0000000080000000-0x000000009fdfffff]
[    0.000000] Initmem setup node 0 [mem 0x0000000080000000-0x000000009fdfffff]
[    0.000000] CPU: All CPU(s) started in SVC mode.
[    0.000000] AM335X ES2.1 (sgx neon)
[    0.000000] percpu: Embedded 17 pages/cpu s39628 r8192 d21812 u69632
[    0.000000] Kernel command line: console=ttyO0,115200n8 root=/dev/nfs rw nfsroot=192.168.255.126:/home/user01/nfs,nfsvers=3 ip=192.168.255.1:192.168.255.126::255.255.255.0:bbb1:eth0 nfsrootdebug
[    0.000000] Unknown kernel command line parameters "nfsrootdebug", will be passed to user space.
[    0.000000] Dentry cache hash table entries: 65536 (order: 6, 262144 bytes, linear)
[    0.000000] Inode-cache hash table entries: 32768 (order: 5, 131072 bytes, linear)
[    0.000000] Built 1 zonelists, mobility grouping on.  Total pages: 130560
[    0.000000] mem auto-init: stack:off, heap alloc:off, heap free:off
[    0.000000] SLUB: HWalign=64, Order=0-3, MinObjects=0, CPUs=1, Nodes=1
[    0.000000] trace event string verifier disabled
[    0.000000] rcu: Hierarchical RCU implementation.
[    0.000000] rcu: 	RCU event tracing is enabled.
[    0.000000] rcu: 	RCU restricting CPUs from NR_CPUS=2 to nr_cpu_ids=1.
[    0.000000] rcu: RCU calculated value of scheduler-enlistment delay is 10 jiffies.
[    0.000000] rcu: Adjusting geometry for rcu_fanout_leaf=16, nr_cpu_ids=1
[    0.000000] NR_IRQS: 16, nr_irqs: 16, preallocated irqs: 16
[    0.000000] IRQ: Found an INTC at 0x(ptrval) (revision 5.0) with 128 interrupts
[    0.000000] rcu: srcu_init: Setting srcu_struct sizes based on contention.
[    0.000000] TI gptimer clocksource: always-on /ocp/interconnect@44c00000/segment@200000/target-module@31000
[    0.000003] sched_clock: 32 bits at 24MHz, resolution 41ns, wraps every 89478484971ns
[    0.000027] clocksource: dmtimer: mask: 0xffffffff max_cycles: 0xffffffff, max_idle_ns: 79635851949 ns
[    0.000502] TI gptimer clockevent: 24000000 Hz at /ocp/interconnect@48000000/segment@0/target-module@40000
[    0.002127] Console: colour dummy device 80x30
[    0.002198] WARNING: Your 'console=ttyO0' has been replaced by 'ttyS0'
[    0.002207] This ensures that you still see kernel messages. Please
[    0.002214] update your kernel commandline.
[    0.002260] Calibrating delay loop... 996.14 BogoMIPS (lpj=4980736)
[    0.090559] CPU: Testing write buffer coherency: ok
[    0.090665] CPU0: Spectre v2: using BPIALL workaround
[    0.090679] pid_max: default: 32768 minimum: 301
[    0.090807] LSM: initializing lsm=capability
[    0.090974] Mount-cache hash table entries: 1024 (order: 0, 4096 bytes, linear)
[    0.090997] Mountpoint-cache hash table entries: 1024 (order: 0, 4096 bytes, linear)
[    0.092533] CPU0: thread -1, cpu 0, socket -1, mpidr 0
[    0.094283] Setting up static identity map for 0x80100000 - 0x80100078
[    0.094597] rcu: Hierarchical SRCU implementation.
[    0.094610] rcu: 	Max phase no-delay instances is 1000.
[    0.096278] smp: Bringing up secondary CPUs ...
[    0.096339] smp: Brought up 1 node, 1 CPU
[    0.096355] SMP: Total of 1 processors activated (996.14 BogoMIPS).
[    0.096368] CPU: All CPU(s) started in SVC mode.
[    0.096559] Memory: 480876K/522240K available (11264K kernel code, 1197K rwdata, 2856K rodata, 1024K init, 297K bss, 23344K reserved, 16384K cma-reserved, 0K highmem)
[    0.097354] devtmpfs: initialized
[    0.113923] VFP support v0.3: implementor 41 architecture 3 part 30 variant c rev 3
[    0.114283] clocksource: jiffies: mask: 0xffffffff max_cycles: 0xffffffff, max_idle_ns: 19112604462750000 ns
[    0.114321] futex hash table entries: 256 (order: 2, 16384 bytes, linear)
[    0.115571] pinctrl core: initialized pinctrl subsystem
[    0.118321] NET: Registered PF_NETLINK/PF_ROUTE protocol family
[    0.121314] DMA: preallocated 256 KiB pool for atomic coherent allocations
[    0.122299] audit: initializing netlink subsys (disabled)
[    0.123675] thermal_sys: Registered thermal governor 'fair_share'
[    0.123697] thermal_sys: Registered thermal governor 'step_wise'
[    0.123707] thermal_sys: Registered thermal governor 'user_space'
[    0.123822] audit: type=2000 audit(0.120:1): state=initialized audit_enabled=0 res=1
[    0.123900] cpuidle: using governor menu
[    0.142702] No ATAGs?
[    0.142734] hw-breakpoint: debug architecture 0x4 unsupported.
[    0.145598] kprobes: kprobe jump-optimization is enabled. All kprobes are optimized if possible.
[    0.163904] iommu: Default domain type: Translated
[    0.163931] iommu: DMA domain TLB invalidation policy: strict mode
[    0.171490] SCSI subsystem initialized
[    0.181269] pps_core: LinuxPPS API ver. 1 registered
[    0.181283] pps_core: Software ver. 5.3.6 - Copyright 2005-2007 Rodolfo Giometti <giometti@linux.it>
[    0.181310] PTP clock support registered
[    0.183277] vgaarb: loaded
[    0.183673] clocksource: Switched to clocksource dmtimer
[    0.184267] VFS: Disk quotas dquot_6.6.0
[    0.184315] VFS: Dquot-cache hash table entries: 1024 (order 0, 4096 bytes)
[    0.210645] NET: Registered PF_INET protocol family
[    0.211004] IP idents hash table entries: 8192 (order: 4, 65536 bytes, linear)
[    0.212408] tcp_listen_portaddr_hash hash table entries: 512 (order: 0, 4096 bytes, linear)
[    0.212451] Table-perturb hash table entries: 65536 (order: 6, 262144 bytes, linear)
[    0.212469] TCP established hash table entries: 4096 (order: 2, 16384 bytes, linear)
[    0.212514] TCP bind hash table entries: 4096 (order: 4, 65536 bytes, linear)
[    0.212616] TCP: Hash tables configured (established 4096 bind 4096)
[    0.212736] UDP hash table entries: 256 (order: 1, 8192 bytes, linear)
[    0.212767] UDP-Lite hash table entries: 256 (order: 1, 8192 bytes, linear)
[    0.212944] NET: Registered PF_UNIX/PF_LOCAL protocol family
[    0.224087] RPC: Registered named UNIX socket transport module.
[    0.224117] RPC: Registered udp transport module.
[    0.224123] RPC: Registered tcp transport module.
[    0.224130] RPC: Registered tcp-with-tls transport module.
[    0.224136] RPC: Registered tcp NFSv4.1 backchannel transport module.
[    0.224164] PCI: CLS 0 bytes, default 64
[    0.225624] Initialise system trusted keyrings
[    0.226320] workingset: timestamp_bits=14 max_order=17 bucket_order=3
[    0.227964] NFS: Registering the id_resolver key type
[    0.228052] Key type id_resolver registered
[    0.228062] Key type id_legacy registered
[    0.228116] jffs2: version 2.2. (NAND) (SUMMARY)  Â© 2001-2006 Red Hat, Inc.
[    0.228529] Key type asymmetric registered
[    0.228546] Asymmetric key parser 'x509' registered
[    0.228615] io scheduler mq-deadline registered
[    0.228629] io scheduler kyber registered
[    0.228699] io scheduler bfq registered
[    0.244349] Serial: 8250/16550 driver, 6 ports, IRQ sharing enabled
[    0.307312] brd: module loaded
[    0.318572] loop: module loaded
[    0.319497] mtdoops: mtd device (mtddev=name/number) must be supplied
[    0.336846] i2c_dev: i2c /dev entries driver
[    0.337813] cpuidle: enable-method property 'ti,am3352' found operations
[    0.338265] sdhci: Secure Digital Host Controller Interface driver
[    0.338277] sdhci: Copyright(c) Pierre Ossman
[    0.338451] sdhci-pltfm: SDHCI platform and OF driver helper
[    0.338753] ledtrig-cpu: registered to indicate activity on CPUs
[    0.339689] Initializing XFRM netlink socket
[    0.339815] NET: Registered PF_INET6 protocol family
[    0.341674] Segment Routing with IPv6
[    0.341770] In-situ OAM (IOAM) with IPv6
[    0.341871] sit: IPv6, IPv4 and MPLS over IPv4 tunneling driver
[    0.342829] NET: Registered PF_PACKET protocol family
[    0.342875] NET: Registered PF_KEY protocol family
[    0.342998] Key type dns_resolver registered
[    0.343277] ThumbEE CPU extension supported.
[    0.343304] Registering SWP/SWPB emulation handler
[    0.344024] omap_voltage_late_init: Voltage driver support not added
[    0.344387] SmartReflex Class3 initialized
[    0.365073] Loading compiled-in X.509 certificates
[    0.454434] platform 44e10800.pinmux: Fixed dependency cycle(s) with /ocp/interconnect@44c00000/segment@200000/target-module@10000/scm@0/pinmux@800/clkout2-pins
[    0.455032] pinctrl-single 44e10800.pinmux: 142 pins, size 568
[    0.460048] ti-sysc 44e31000.target-module: probe with driver ti-sysc failed with error -16
[    0.501406] ti-sysc 48040000.target-module: probe with driver ti-sysc failed with error -16
[    0.525275] OMAP GPIO hardware version 0.1
[    0.556498] omap_i2c 4819c000.i2c: bus 2 rev0.11 at 100 kHz
[    0.596143] 48000000.interconnect:segment@200000:target-module@0:mpu@0:fck: device ID is greater than 24
[    0.600237] platform 4830e000.lcdc: Fixed dependency cycle(s) with /ocp/interconnect@44c00000/segment@200000/target-module@b000/i2c@0/tda19988@70
[    0.611061] sdhci-omap 481d8000.mmc: supply pbias not found, using dummy regulator
[    0.611531] sdhci-omap 481d8000.mmc: supply vqmmc not found, using dummy regulator
[    0.688672] davinci_mdio 4a101000.mdio: davinci mdio revision 1.6, bus freq 1000000
[    0.803355] davinci_mdio 4a101000.mdio: phy[0]: device 4a101000.mdio:00, driver SMSC LAN8710/LAN8720
[    0.804081] cpsw-switch 4a100000.switch: initialized cpsw ale version 1.4
[    0.804108] cpsw-switch 4a100000.switch: ALE Table size 1024
[    0.804448] cpsw-switch 4a100000.switch: cpts: overflow check period 500 (jiffies)
[    0.804475] cpsw-switch 4a100000.switch: CPTS: ref_clk_freq:250000000 calc_mult:2147483648 calc_shift:29 error:0 nsec/sec
[    0.804583] cpsw-switch 4a100000.switch: Detected MACID = 6c:ec:eb:68:de:78
[    0.806417] cpsw-switch 4a100000.switch: initialized (regs 0x4a100000, pool size 256) hw_ver:0019010C 1.12 (0)
[    0.817441] debugfs: Directory '49000000.dma' with parent 'dmaengine' already present!
[    0.817489] edma 49000000.dma: TI EDMA DMA engine driver
[    0.858278] target-module@4b000000:target-module@140000:pmu@0:fck: device ID is greater than 24
[    0.892718] hw perfevents: enabled with armv7_cortex_a8 PMU driver, 5 counters available
[    0.899211] 44e09000.serial: ttyS0 at MMIO 0x44e09000 (irq = 34, base_baud = 3000000) is a 8250
[    0.899299] printk: legacy console [ttyS0] enabled
[    1.887299] l3-aon-clkctrl:0000:0: failed to disable
[    1.975814] tps65217-pmic: Failed to locate of_node [id: -1]
[    1.981878] tps65217-bl: Failed to locate of_node [id: -1]
[    2.061235] tps65217 0-0024: TPS65217 ID 0xe version 1.2
[    2.067320] platform 4830e000.lcdc: Fixed dependency cycle(s) with /ocp/interconnect@44c00000/segment@200000/target-module@b000/i2c@0/tda19988@70
[    2.080771] i2c 0-0070: Fixed dependency cycle(s) with /ocp/interconnect@48000000/segment@300000/target-module@e000/lcdc@0
[    2.092175] omap_i2c 44e0b000.i2c: bus 0 rev0.11 at 400 kHz
[    2.135858] omap_gpio 44e07000.gpio: Could not set line 6 debounce to 200000 microseconds (-22)
[    2.144764] sdhci-omap 48060000.mmc: Got CD GPIO
[    2.149782] sdhci-omap 48060000.mmc: supply pbias not found, using dummy regulator
[    2.185255] sdhci-omap 48060000.mmc: supply vqmmc not found, using dummy regulator
[    2.194442] sdhci-omap 481d8000.mmc: supply pbias not found, using dummy regulator
[    2.202944] sdhci-omap 481d8000.mmc: supply vqmmc not found, using dummy regulator
[    2.266487] mmc1: SDHCI controller on 481d8000.mmc [481d8000.mmc] using External DMA
[    2.275112] mmc0: SDHCI controller on 48060000.mmc [48060000.mmc] using External DMA
[    2.284063] cpsw-switch 4a100000.switch: starting ndev. mode: dual_mac
[    2.334853] mmc0: new high speed SDHC card at address 5048
[    2.341855] mmcblk0: mmc0:5048 SD16G 14.4 GiB
[    2.349825]  mmcblk0: p1 p2
[    2.353191] mmcblk0: p2 size 31221760 extends beyond EOD, truncated
[    2.367627] mmc1: new high speed MMC card at address 0001
[    2.374862] mmcblk1: mmc1:0001 MMC04G 3.60 GiB
[    2.381725] SMSC LAN8710/LAN8720 4a101000.mdio:00: attached PHY driver (mii_bus:phy_addr=4a101000.mdio:00, irq=POLL)
[    2.392652]  mmcblk1: p1 p2
[    2.396912] mmcblk1boot0: mmc1:0001 MMC04G 2.00 MiB
[    2.404055] mmcblk1boot1: mmc1:0001 MMC04G 2.00 MiB
[    2.412144] mmcblk1rpmb: mmc1:0001 MMC04G 128 KiB, chardev (250:0)
[    5.524416] cpsw-switch 4a100000.switch eth0: Link is Up - 100Mbps/Full - flow control off
[    5.563686] IP-Config: Complete:
[    5.566958]      device=eth0, hwaddr=6c:ec:eb:68:de:78, ipaddr=192.168.255.1, mask=255.255.255.0, gw=255.255.255.255
[    5.577578]      host=bbb1, domain=, nis-domain=(none)
[    5.582745]      bootserver=192.168.255.126, rootserver=192.168.255.126, rootpath=
[    5.583153] clk: Disabling unused clocks
[    5.595022] PM: genpd: Disabling unused power domains
[    5.600140] KTAP version 1
[    5.602860] 1..0
[    5.627894] VFS: Mounted root (nfs filesystem) on device 0:17.
[    5.635000] devtmpfs: mounted
[    5.639656] Freeing unused kernel image (initmem) memory: 1024K
[    5.646603] Run /sbin/init as init process
[    6.335137] systemd[1]: System time before build time, advancing clock.
[    7.803689] random: crng init done
[    7.874545] systemd[1]: systemd 232 running in system mode. (+PAM +AUDIT +SELINUX +IMA +APPARMOR +SMACK +SYSVINIT +UTMP +LIBCRYPTSETUP +GCRYPT +GNUTLS +ACL +XZ +LZ4 +SECCOMP +BLKID +ELFUTILS +KMOD +IDN)
[    7.893521] systemd[1]: Detected architecture arm.

Welcome to [1mDebian GNU/Linux 9 (stretch)[0m!

[    7.936678] systemd[1]: Set hostname to <arm>.
[    9.020915] systemd[1]: Listening on Journal Socket.
[[0;32m  OK  [0m] Listening on Journal Socket.
[    9.055429] systemd[1]: Set up automount Arbitrary Executable File Formats File System Automount Point.
[[0;32m  OK  [0m] Set up automount Arbitrary Executabâ€¦rmats File System Automount Point.
[    9.094419] systemd[1]: Listening on Syslog Socket.
[[0;32m  OK  [0m] Listening on Syslog Socket.
[    9.135581] systemd[1]: Listening on /dev/initctl Compatibility Named Pipe.
[[0;32m  OK  [0m] Listening on /dev/initctl Compatibility Named Pipe.
[    9.174008] systemd[1]: Reached target Remote File Systems.
[[0;32m  OK  [0m] Reached target Remote File Systems.
[    9.214386] systemd[1]: Listening on Journal Socket (/dev/log).
[[0;32m  OK  [0m] Listening on Journal Socket (/dev/log).
[    9.254568] systemd[1]: Started Dispatch Password Requests to Console Directory Watch.
[[0;32m  OK  [0m] Started Dispatch Password Requests to Console Directory Watch.
[[0;32m  OK  [0m] Listening on Journal Audit Socket.
[[0;32m  OK  [0m] Reached target Swap.
[[0;32m  OK  [0m] Created slice System Slice.
         Mounting Debug File System...
         Starting Remount Root and Kernel File Systems...
[[0;32m  OK  [0m] Created slice system-serial\x2dgetty.slice.
[[0;32m  OK  [0m] Created slice system-getty.slice.
         Starting Create list of required stâ€¦ce nodes for the current kernel...
         Starting Journal Service...
         Mounting POSIX Message Queue File System...
[[0;32m  OK  [0m] Listening on udev Control Socket.
[[0;32m  OK  [0m] Listening on udev Kernel Socket.
[[0;32m  OK  [0m] Created slice User and Session Slice.
[[0;32m  OK  [0m] Reached target Slices.
[[0;32m  OK  [0m] Started Forward Password Requests to Wall Directory Watch.
[[0;32m  OK  [0m] Reached target Encrypted Volumes.
[[0;32m  OK  [0m] Reached target Paths.
         Starting Load Kernel Modules...
[[0;32m  OK  [0m] Mounted POSIX Message Queue File System.
[[0;32m  OK  [0m] Mounted Debug File System.
[[0;32m  OK  [0m] Started Remount Root and Kernel File Systems.
[[0;32m  OK  [0m] Started Create list of required staâ€¦vice nodes for the current kernel.
         Starting Create Static Device Nodes in /dev...
         Starting Load/Save Random Seed...
         Starting udev Coldplug all Devices...
[[0;32m  OK  [0m] Started Load Kernel Modules.
         Mounting Configuration File System...
         Starting Apply Kernel Variables...
[[0;32m  OK  [0m] Started Load/Save Random Seed.
[[0;32m  OK  [0m] Mounted Configuration File System.
[[0;32m  OK  [0m] Started Apply Kernel Variables.
[[0;32m  OK  [0m] Started Create Static Device Nodes in /dev.
[[0;32m  OK  [0m] Reached target Local File Systems (Pre).
[[0;32m  OK  [0m] Reached target Local File Systems.
         Starting Raise network interfaces...
         Starting udev Kernel Device Manager...
[[0;32m  OK  [0m] Started Journal Service.
         Starting Flush Journal to Persistent Storage...
[   11.644704] systemd-journald[89]: Received request to flush runtime journal from PID 1
[[0;32m  OK  [0m] Started Flush Journal to Persistent Storage.
         Starting Create Volatile Files and Directories...
[[0;32m  OK  [0m] Started udev Kernel Device Manager.
[[0;32m  OK  [0m] Started Create Volatile Files and Directories.
         Starting Update UTMP about System Boot/Shutdown...
         Starting Network Time Synchronization...
[[0;32m  OK  [0m] Started Update UTMP about System Boot/Shutdown.
[[0;32m  OK  [0m] Started udev Coldplug all Devices.
[   14.515968] remoteproc remoteproc0: wkup_m3 is available
[   14.833962] omap_rtc 44e3e000.rtc: registered as rtc0
[   14.839156] omap_rtc 44e3e000.rtc: setting system clock to 2000-01-01T00:00:00 UTC (946684800)
[   15.108971] omap_wdt: OMAP Watchdog Timer Rev 0x01: initial timeout 60 sec
[   15.197614] am335x-phy-driver 47401300.usb-phy: dummy supplies not allowed for exclusive requests (id=vbus)
[   15.290461] usbcore: registered new interface driver usbfs
[   15.296343] usbcore: registered new interface driver hub
[   15.301792] usbcore: registered new device driver usb
[[0;32m  OK  [0m] Found device /dev/ttyS0.
[[0;32m  OK  [0m] Started Network Time Synchronization.
[[0;32m  OK  [0m] Reached target System Initialization.
[   15.395323] am335x-phy-driver 47401b00.usb-phy: dummy supplies not allowed for exclusive requests (id=vbus)
[[0;32m  OK  [0m] Listening on Avahi mDNS/DNS-SD Stack Activation Socket.
[   15.479617] tps6521x_pwrbutton tps65217-pwrbutton: DMA mask not set
[[0;32m  OK  [0m] Listening on D-Bus System Message Bus Socket.
[[0;32m  OK  [0m] Reached target Sockets.
[[0;32m  OK  [0m] Started Daily Cleanup of Temporary Directories.
[[0;32m  OK  [0m] Reached target Basic System.
[   15.620183] at24 2-0054: supply vcc not found, using dummy regulator
[   15.659946] input: tps65217_pwrbutton as /devices/platform/ocp/44c00000.interconnect/44c00000.interconnect:segment@200000/44e0b000.target-module/44e0b000.i2c/i2c-0/0-0024/tps65217-pwrbutton/input/input0
         Starting Generic Board Startup...
[   15.827674] at24 2-0055: supply vcc not found, using dummy regulator
[   15.952518] at24 2-0056: supply vcc not found, using dummy regulator
         Starting System Logging Service...
[   16.065561] at24 2-0057: supply vcc not found, using dummy regulator
         Starting Avahi mDNS/DNS-SD Stack...
[   16.180265] wkup_m3_ipc 44e11324.wkup_m3_ipc: IPC Request for A8->M3 Channel failed! -517
         Starting Cape Manager Service...
[   16.246472] wkup_m3_ipc 44e11324.wkup_m3_ipc: IPC Request for A8->M3 Channel failed! -517
[   16.255620] at24 0-0050: 32768 byte 24c256 EEPROM, writable, 1 bytes/write
         Starting Login Service...
[   16.411152] wkup_m3_ipc 44e11324.wkup_m3_ipc: IPC Request for A8->M3 Channel failed! -517
[   16.429450] musb-hdrc musb-hdrc.1: MUSB HDRC host driver
[   16.434998] musb-hdrc musb-hdrc.1: new USB bus registered, assigned bus number 1
[   16.583054] wkup_m3_ipc 44e11324.wkup_m3_ipc: IPC Request for A8->M3 Channel failed! -517
         Starting Telephony service...
[   16.634175] usb usb1: New USB device found, idVendor=1d6b, idProduct=0002, bcdDevice= 6.11
[   16.642533] usb usb1: New USB device strings: Mfr=3, Product=2, SerialNumber=1
[   16.649873] usb usb1: Product: MUSB HDRC host driver
[   16.654897] usb usb1: Manufacturer: Linux 6.11.6 musb-hcd
[   16.660325] usb usb1: SerialNumber: musb-hdrc.1
         Starting LSB: Start busybox udhcpd at boot time...
         Starting LSB: Load kernel modules needed to enable cpufreq scaling...
[   16.868484] hub 1-0:1.0: USB hub found
[   16.893955] hub 1-0:1.0: 1 port detected
[   16.995316] wkup_m3_ipc 44e11324.wkup_m3_ipc: IPC Request for A8->M3 Channel failed! -517
[[0;32m  OK  [0m] Started D-Bus System Message Bus.
[   17.128337] wkup_m3_ipc 44e11324.wkup_m3_ipc: IPC Request for A8->M3 Channel failed! -517
[   17.674647] tda998x 0-0070: found TDA19988
[   17.805737] wkup_m3_ipc 44e11324.wkup_m3_ipc: IPC Request for A8->M3 Channel failed! -517
[   18.006557] omap-mailbox 480c8000.mailbox: omap mailbox rev 0x400
[   18.179437] remoteproc remoteproc0: powering up wkup_m3
