Labgrid Console Logfile for main
Logfile started at 2024-12-20 07:53:06.141711
=== Log starts here ===
reading args
spl_load_image_fat_os: error reading image args, err - -1
reading u-boot.img
reading u-boot.img


U-Boot 2014.04-00014-g47880f5 (Apr 22 2014 - 13:23:54)

I2C:   ready
DRAM:  512 MiB
NAND:  0 MiB
MMC:   OMAP SD/MMC: 0, OMAP SD/MMC: 1
*** Warning - readenv() failed, using default environment

Net:   <ethaddr> not set. Validating first E-fuse MAC
cpsw, usb_ether
Hit any key to stop autoboot:  1  0 
gpio: pin 53 (gpio 53) value is 1
mmc0 is current device
gpio: pin 54 (gpio 54) value is 1
SD/MMC found on device 0
reading uEnv.txt
569 bytes read in 3 ms (184.6 KiB/s)
gpio: pin 55 (gpio 55) value is 1
Loaded environment from uEnv.txt
Importing environment from mmc ...
Checking if uenvcmd is set ...
gpio: pin 56 (gpio 56) value is 1
Running uenvcmd ...
cpsw Waiting for PHY auto negotiation to complete. done
link up on port 0, speed 100, full duplex
Using cpsw device
TFTP from server 192.168.255.126; our IP address is 192.168.255.1
Filename 'zImage'.
Load address: 0x81000000
Loading: *T #################################################################
	 #################################################################
	 #################################################################
	 #################################################################
	 #################################################################
	 ######################################################
	 752.9 KiB/s
done
Bytes transferred = 5549688 (54ae78 hex)
link up on port 0, speed 100, full duplex
Using cpsw device
TFTP from server 192.168.255.126; our IP address is 192.168.255.1
Filename 'am335x-boneblack.dtb'.
Load address: 0x82000000
Loading: *#######
	 1.7 MiB/s
done
Bytes transferred = 98244 (17fc4 hex)
Kernel image @ 0x81000000 [ 0x000000 - 0x54ae78 ]
## Flattened Device Tree blob at 82000000
   Booting using the fdt blob at 0x82000000
   Using Device Tree in place at 82000000, end 8201afc3

Starting kernel ...

[    0.000000] Booting Linux on physical CPU 0x0
[    0.000000] Linux version 6.13.0-rc3-next-20241220 (user01@drvtest01) (arm-linux-gnueabihf-gcc (Linaro GCC 6.4-2017.11) 6.4.1 20171012, GNU ld (Linaro_Binutils-2017.11) 2.27.0.20161229) #2 SMP Fri Dec 20 07:52:12 EET 2024
[    0.000000] CPU: ARMv7 Processor [413fc082] revision 2 (ARMv7), cr=10c5387d
[    0.000000] CPU: PIPT / VIPT nonaliasing data cache, VIPT aliasing instruction cache
[    0.000000] OF: fdt: Machine model: TI AM335x BeagleBone Black
[    0.000000] Memory policy: Data cache writeback
[    0.000000] cma: Reserved 16 MiB at 0x9e800000 on node -1
[    0.000000] Zone ranges:
[    0.000000]   Normal   [mem 0x0000000080000000-0x000000009fdfffff]
[    0.000000]   HighMem  empty
[    0.000000] Movable zone start for each node
[    0.000000] Early memory node ranges
[    0.000000]   node   0: [mem 0x0000000080000000-0x000000009fdfffff]
[    0.000000] Initmem setup node 0 [mem 0x0000000080000000-0x000000009fdfffff]
[    0.000000] OF: reserved mem: Reserved memory: No reserved-memory node in the DT
[    0.000000] CPU: All CPU(s) started in SVC mode.
[    0.000000] AM335X ES2.1 (sgx neon)
[    0.000000] percpu: Embedded 17 pages/cpu s39628 r8192 d21812 u69632
[    0.000000] Kernel command line: console=ttyO0,115200n8 root=/dev/nfs rw nfsroot=192.168.255.126:/home/user01/nfs,nfsvers=3 ip=192.168.255.1:192.168.255.126::255.255.255.0:bbb1:eth0 nfsrootdebug
[    0.000000] Unknown kernel command line parameters "nfsrootdebug", will be passed to user space.
[    0.000000] printk: log buffer data + meta data: 65536 + 204800 = 270336 bytes
[    0.000000] Dentry cache hash table entries: 65536 (order: 6, 262144 bytes, linear)
[    0.000000] Inode-cache hash table entries: 32768 (order: 5, 131072 bytes, linear)
[    0.000000] Built 1 zonelists, mobility grouping on.  Total pages: 130560
[    0.000000] mem auto-init: stack:off, heap alloc:off, heap free:off
[    0.000000] SLUB: HWalign=64, Order=0-3, MinObjects=0, CPUs=1, Nodes=1
[    0.000000] rcu: Hierarchical RCU implementation.
[    0.000000] rcu: 	RCU event tracing is enabled.
[    0.000000] rcu: 	RCU restricting CPUs from NR_CPUS=2 to nr_cpu_ids=1.
[    0.000000] 	Tracing variant of Tasks RCU enabled.
[    0.000000] rcu: RCU calculated value of scheduler-enlistment delay is 10 jiffies.
[    0.000000] rcu: Adjusting geometry for rcu_fanout_leaf=16, nr_cpu_ids=1
[    0.000000] RCU Tasks Trace: Setting shift to 0 and lim to 1 rcu_task_cb_adjust=1 rcu_task_cpu_ids=1.
[    0.000000] NR_IRQS: 16, nr_irqs: 16, preallocated irqs: 16
[    0.000000] IRQ: Found an INTC at 0x(ptrval) (revision 5.0) with 128 interrupts
[    0.000000] rcu: srcu_init: Setting srcu_struct sizes based on contention.
[    0.000000] TI gptimer clocksource: always-on /ocp/interconnect@44c00000/segment@200000/target-module@31000
[    0.000002] sched_clock: 32 bits at 24MHz, resolution 41ns, wraps every 89478484971ns
[    0.000029] clocksource: dmtimer: mask: 0xffffffff max_cycles: 0xffffffff, max_idle_ns: 79635851949 ns
[    0.000511] TI gptimer clockevent: 24000000 Hz at /ocp/interconnect@48000000/segment@0/target-module@40000
[    0.002173] Console: colour dummy device 80x30
[    0.002239] WARNING: Your 'console=ttyO0' has been replaced by 'ttyS0'
[    0.002248] This ensures that you still see kernel messages. Please
[    0.002253] update your kernel commandline.
[    0.002295] Calibrating delay loop... 996.14 BogoMIPS (lpj=4980736)
[    0.090627] CPU: Testing write buffer coherency: ok
[    0.090712] CPU0: Spectre v2: using BPIALL workaround
[    0.090723] pid_max: default: 32768 minimum: 301
[    0.090850] LSM: initializing lsm=capability
[    0.091023] Mount-cache hash table entries: 1024 (order: 0, 4096 bytes, linear)
[    0.091047] Mountpoint-cache hash table entries: 1024 (order: 0, 4096 bytes, linear)
[    0.092704] CPU0: thread -1, cpu 0, socket -1, mpidr 0
[    0.160917] Setting up static identity map for 0x80100000 - 0x80100078
[    0.170716] rcu: Hierarchical SRCU implementation.
[    0.170726] rcu: 	Max phase no-delay instances is 1000.
[    0.190755] smp: Bringing up secondary CPUs ...
[    0.190816] smp: Brought up 1 node, 1 CPU
[    0.190830] SMP: Total of 1 processors activated (996.14 BogoMIPS).
[    0.190842] CPU: All CPU(s) started in SVC mode.
[    0.191019] Memory: 480836K/522240K available (11264K kernel code, 1215K rwdata, 2904K rodata, 1024K init, 295K bss, 23388K reserved, 16384K cma-reserved, 0K highmem)
[    0.191901] devtmpfs: initialized
[    0.208867] VFP support v0.3: implementor 41 architecture 3 part 30 variant c rev 3
[    0.209219] clocksource: jiffies: mask: 0xffffffff max_cycles: 0xffffffff, max_idle_ns: 19112604462750000 ns
[    0.209254] futex hash table entries: 256 (order: 2, 16384 bytes, linear)
[    0.210541] pinctrl core: initialized pinctrl subsystem
[    0.213577] NET: Registered PF_NETLINK/PF_ROUTE protocol family
[    0.216384] DMA: preallocated 256 KiB pool for atomic coherent allocations
[    0.217300] audit: initializing netlink subsys (disabled)
[    0.218733] thermal_sys: Registered thermal governor 'fair_share'
[    0.218750] thermal_sys: Registered thermal governor 'step_wise'
[    0.218760] thermal_sys: Registered thermal governor 'user_space'
[    0.218913] audit: type=2000 audit(0.210:1): state=initialized audit_enabled=0 res=1
[    0.218954] cpuidle: using governor menu
[    0.237261] /ocp/interconnect@44c00000/segment@200000/target-module@b000/i2c@0/tda19988@70: Fixed dependency cycle(s) with /ocp/interconnect@48000000/segment@300000/target-module@e000/lcdc@0
[    0.238433] /ocp/interconnect@48000000/segment@300000/target-module@e000/lcdc@0: Fixed dependency cycle(s) with /ocp/interconnect@44c00000/segment@200000/target-module@b000/i2c@0/tda19988@70
[    0.240755] No ATAGs?
[    0.240775] hw-breakpoint: debug architecture 0x4 unsupported.
[    0.243604] kprobes: kprobe jump-optimization is enabled. All kprobes are optimized if possible.
[    0.254209] iommu: Default domain type: Translated
[    0.254233] iommu: DMA domain TLB invalidation policy: strict mode
[    0.261895] SCSI subsystem initialized
[    0.262769] pps_core: LinuxPPS API ver. 1 registered
[    0.262782] pps_core: Software ver. 5.3.6 - Copyright 2005-2007 Rodolfo Giometti <giometti@linux.it>
[    0.262806] PTP clock support registered
[    0.271197] vgaarb: loaded
[    0.271616] clocksource: Switched to clocksource dmtimer
[    0.272268] VFS: Disk quotas dquot_6.6.0
[    0.272311] VFS: Dquot-cache hash table entries: 1024 (order 0, 4096 bytes)
[    0.296670] NET: Registered PF_INET protocol family
[    0.297023] IP idents hash table entries: 8192 (order: 4, 65536 bytes, linear)
[    0.298453] tcp_listen_portaddr_hash hash table entries: 512 (order: 0, 4096 bytes, linear)
[    0.298493] Table-perturb hash table entries: 65536 (order: 6, 262144 bytes, linear)
[    0.298509] TCP established hash table entries: 4096 (order: 2, 16384 bytes, linear)
[    0.298553] TCP bind hash table entries: 4096 (order: 4, 65536 bytes, linear)
[    0.298653] TCP: Hash tables configured (established 4096 bind 4096)
[    0.298770] UDP hash table entries: 256 (order: 1, 14336 bytes, linear)
[    0.298807] UDP-Lite hash table entries: 256 (order: 1, 14336 bytes, linear)
[    0.298985] NET: Registered PF_UNIX/PF_LOCAL protocol family
[    0.300260] RPC: Registered named UNIX socket transport module.
[    0.300283] RPC: Registered udp transport module.
[    0.300289] RPC: Registered tcp transport module.
[    0.300294] RPC: Registered tcp-with-tls transport module.
[    0.300299] RPC: Registered tcp NFSv4.1 backchannel transport module.
[    0.300323] PCI: CLS 0 bytes, default 64
[    0.301921] Initialise system trusted keyrings
[    0.312252] workingset: timestamp_bits=14 max_order=17 bucket_order=3
[    0.313594] NFS: Registering the id_resolver key type
[    0.313679] Key type id_resolver registered
[    0.313687] Key type id_legacy registered
[    0.313737] jffs2: version 2.2. (NAND) (SUMMARY)  Â© 2001-2006 Red Hat, Inc.
[    0.314155] Key type asymmetric registered
[    0.314173] Asymmetric key parser 'x509' registered
[    0.314236] io scheduler mq-deadline registered
[    0.314248] io scheduler kyber registered
[    0.314317] io scheduler bfq registered
[    0.315929] ledtrig-cpu: registered to indicate activity on CPUs
[    0.322132] Serial: 8250/16550 driver, 6 ports, IRQ sharing enabled
[    0.375919] brd: module loaded
[    0.396270] loop: module loaded
[    0.397213] mtdoops: mtd device (mtddev=name/number) must be supplied
[    0.400305] i2c_dev: i2c /dev entries driver
[    0.401263] cpuidle: enable-method property 'ti,am3352' found operations
[    0.401893] sdhci: Secure Digital Host Controller Interface driver
[    0.401906] sdhci: Copyright(c) Pierre Ossman
[    0.402098] sdhci-pltfm: SDHCI platform and OF driver helper
[    0.403136] Initializing XFRM netlink socket
[    0.403285] NET: Registered PF_INET6 protocol family
[    0.413264] Segment Routing with IPv6
[    0.413356] In-situ OAM (IOAM) with IPv6
[    0.413455] sit: IPv6, IPv4 and MPLS over IPv4 tunneling driver
[    0.414429] NET: Registered PF_PACKET protocol family
[    0.414466] NET: Registered PF_KEY protocol family
[    0.414610] Key type dns_resolver registered
[    0.414886] ThumbEE CPU extension supported.
[    0.414906] Registering SWP/SWPB emulation handler
[    0.415449] omap_voltage_late_init: Voltage driver support not added
[    0.415818] SmartReflex Class3 initialized
[    0.433649] Loading compiled-in X.509 certificates
[    0.476819] /ocp/interconnect@44c00000/segment@200000/target-module@b000/i2c@0/tda19988@70: Fixed dependency cycle(s) with /ocp/interconnect@48000000/segment@300000/target-module@e000/lcdc@0
[    0.483394] /ocp/interconnect@44c00000/segment@200000/target-module@b000/i2c@0/tda19988@70: Fixed dependency cycle(s) with /ocp/interconnect@48000000/segment@300000/target-module@e000/lcdc@0
[    0.507357] /ocp/interconnect@44c00000/segment@200000/target-module@b000/i2c@0/tda19988@70: Fixed dependency cycle(s) with /ocp/interconnect@48000000/segment@300000/target-module@e000/lcdc@0
[    0.508237] /ocp/interconnect@44c00000/segment@200000/target-module@b000/i2c@0/tda19988@70: Fixed dependency cycle(s) with /ocp/interconnect@48000000/segment@300000/target-module@e000/lcdc@0
[    0.511894] /ocp/interconnect@44c00000/segment@200000/target-module@10000/scm@0/pinmux@800: Fixed dependency cycle(s) with /ocp/interconnect@44c00000/segment@200000/target-module@10000/scm@0/pinmux@800/clkout2-pins
[    0.512628] pinctrl-single 44e10800.pinmux: 142 pins, size 568
[    0.517832] ti-sysc 44e31000.target-module: probe with driver ti-sysc failed with error -16
[    0.569031] /ocp/interconnect@48000000/segment@300000/target-module@e000/lcdc@0: Fixed dependency cycle(s) with /ocp/interconnect@44c00000/segment@200000/target-module@b000/i2c@0/tda19988@70
[    0.577157] ti-sysc 48040000.target-module: probe with driver ti-sysc failed with error -16
[    0.615938] OMAP GPIO hardware version 0.1
[    0.643928] omap_i2c 4819c000.i2c: bus 2 rev0.11 at 100 kHz
[    0.669540] 48000000.interconnect:segment@200000:target-module@0:mpu@0:fck: device ID is greater than 24
[    0.670414] /ocp/interconnect@48000000/segment@300000/target-module@e000/lcdc@0: Fixed dependency cycle(s) with /ocp/interconnect@44c00000/segment@200000/target-module@b000/i2c@0/tda19988@70
[    0.673525] /ocp/interconnect@48000000/segment@300000/target-module@e000/lcdc@0: Fixed dependency cycle(s) with /ocp/interconnect@44c00000/segment@200000/target-module@b000/i2c@0/tda19988@70
[    0.674236] /ocp/interconnect@44c00000/segment@200000/target-module@b000/i2c@0/tda19988@70: Fixed dependency cycle(s) with /ocp/interconnect@48000000/segment@300000/target-module@e000/lcdc@0
[    0.674396] /ocp/interconnect@48000000/segment@300000/target-module@e000/lcdc@0: Fixed dependency cycle(s) with /ocp/interconnect@44c00000/segment@200000/target-module@b000/i2c@0/tda19988@70
[    0.685817] sdhci-omap 481d8000.mmc: supply pbias not found, using dummy regulator
[    0.686334] sdhci-omap 481d8000.mmc: supply vqmmc not found, using dummy regulator
[    0.739373] davinci_mdio 4a101000.mdio: davinci mdio revision 1.6, bus freq 1000000
[    0.886879] davinci_mdio 4a101000.mdio: phy[0]: device 4a101000.mdio:00, driver SMSC LAN8710/LAN8720
[    0.887660] cpsw-switch 4a100000.switch: initialized cpsw ale version 1.4
[    0.887683] cpsw-switch 4a100000.switch: ALE Table size 1024, Policers 0
[    0.888014] cpsw-switch 4a100000.switch: cpts: overflow check period 500 (jiffies)
[    0.888035] cpsw-switch 4a100000.switch: CPTS: ref_clk_freq:250000000 calc_mult:2147483648 calc_shift:29 error:0 nsec/sec
[    0.888150] cpsw-switch 4a100000.switch: Detected MACID = 6c:ec:eb:68:de:78
[    0.889968] cpsw-switch 4a100000.switch: initialized (regs 0x4a100000, pool size 256) hw_ver:0019010C 1.12 (0)
[    0.900977] debugfs: Directory '49000000.dma' with parent 'dmaengine' already present!
[    0.901019] edma 49000000.dma: TI EDMA DMA engine driver
[    0.941564] target-module@4b000000:target-module@140000:pmu@0:fck: device ID is greater than 24
[    0.955801] hw perfevents: enabled with armv7_cortex_a8 PMU driver, 5 (8000000f) counters available
[    0.963573] l3-aon-clkctrl:0000:0: failed to disable
[    0.976166] 44e09000.serial: ttyS0 at MMIO 0x44e09000 (irq = 34, base_baud = 3000000) is a 8250
[    0.976253] printk: legacy console [ttyS0] enabled
[    2.492618] tps65217-pmic: Failed to locate of_node [id: -1]
[    2.498698] tps65217-bl: Failed to locate of_node [id: -1]
[    2.510097] tps65217 0-0024: TPS65217 ID 0xe version 1.2
[    2.516252] /ocp/interconnect@48000000/segment@300000/target-module@e000/lcdc@0: Fixed dependency cycle(s) with /ocp/interconnect@44c00000/segment@200000/target-module@b000/i2c@0/tda19988@70
[    2.533633] /ocp/interconnect@44c00000/segment@200000/target-module@b000/i2c@0/tda19988@70: Fixed dependency cycle(s) with /ocp/interconnect@48000000/segment@300000/target-module@e000/lcdc@0
[    2.551000] omap_i2c 44e0b000.i2c: bus 0 rev0.11 at 400 kHz
[    2.559041] omap_gpio 44e07000.gpio: Could not set line 6 debounce to 200000 microseconds (-22)
[    2.567930] sdhci-omap 48060000.mmc: Got CD GPIO
[    2.572976] sdhci-omap 48060000.mmc: supply pbias not found, using dummy regulator
[    2.583292] sdhci-omap 48060000.mmc: supply vqmmc not found, using dummy regulator
[    2.592311] sdhci-omap 481d8000.mmc: supply pbias not found, using dummy regulator
[    2.600301] sdhci-omap 481d8000.mmc: supply vqmmc not found, using dummy regulator
 [    2.639737] mmc1: SDHCI controller on 481d8000.mmc [481d800 0.mmc] using External DMA
[    2.648266] mmc0: SDHCI controll er on 48060000.mmc [48060000.mmc] using External DMA
[    2.6 57194] cpsw-switch 4a100000.switch: starting ndev. mode: dual_ mac
[  
[    5.922403] cpsw-switch 4a100000.switch eth0: Link is Up - 100Mbps/Full - flow control off
[    5.961859] IP-Config: Complete:
[    5.965142]      device=eth0, hwaddr=6c:ec:eb:68:de:78, ipaddr=192.168.255.1, mask=255.255.255.0, gw=255.255.255.255
[    5.975808]      host=bbb1, domain=, nis-domain=(none)
[    5.980978]      bootserver=192.168.255.126, rootserver=192.168.255.126, rootpath=
[    5.981414] clk: Disabling unused clocks
[    5.993260] PM: genpd: Disabling unused power domains
[    5.998381] KTAP version 1
[    6.001104] 1..0
[    6.026820] VFS: Mounted root (nfs filesystem) on device 0:17.
[    6.033973] devtmpfs: mounted
[    6.038647] Freeing unused kernel image (initmem) memory: 1024K
[    6.045629] Run /sbin/init as init process
[    6.753465] systemd[1]: System time before build time, advancing clock.
[    8.241641] random: crng init done
[    8.282039] systemd[1]: systemd 232 running in system mode. (+PAM +AUDIT +SELINUX +IMA +APPARMOR +SMACK +SYSVINIT +UTMP +LIBCRYPTSETUP +GCRYPT +GNUTLS +ACL +XZ +LZ4 +SECCOMP +BLKID +ELFUTILS +KMOD +IDN)
[    8.301021] systemd[1]: Detected architecture arm.

Welcome to [1mDebian GNU/Linux 9 (stretch)[0m!

[    8.334833] systemd[1]: Set hostname to <arm>.
[    9.461299] systemd[1]: Listening on udev Kernel Socket.
[[0;32m  OK  [0m] Listening on udev Kernel Socket.
[    9.483713] systemd[1]: Listening on Journal Socket (/dev/log).
[[0;32m  OK  [0m] Listening on Journal Socket (/dev/log).
[    9.512688] systemd[1]: Listening on Journal Audit Socket.
[[0;32m  OK  [0m] Listening on Journal Audit Socket.
[    9.543341] systemd[1]: Created slice System Slice.
[[0;32m  OK  [0m] Created slice System Slice.
[    9.602227] systemd[1]: Mounting Debug File System...
         Mounting Debug File System...
[    9.613708] systemd[1]: Started Dispatch Password Requests to Console Directory Watch.
[[0;32m  OK  [0m] Started Dispatch Password Requests to Console Directory Watch.
[    9.642893] systemd[1]: Started Forward Password Requests to Wall Directory Watch.
[[0;32m  OK  [0m] Started Forward Password Requests to Wall Directory Watch.
[[0;32m  OK  [0m] Listening on /dev/initctl Compatibility Named Pipe.
[[0;32m  OK  [0m] Created slice User and Session Slice.
[[0;32m  OK  [0m] Listening on Syslog Socket.
[[0;32m  OK  [0m] Created slice system-getty.slice.
         Mounting POSIX Message Queue File System...
[[0;32m  OK  [0m] Reached target Encrypted Volumes.
[[0;32m  OK  [0m] Listening on Journal Socket.
         Starting Remount Root and Kernel File Systems...
[[0;32m  OK  [0m] Reached target Remote File Systems.
         Starting Create list of required stâ€¦ce nodes for the current kernel...
[[0;32m  OK  [0m] Reached target Slices.
[[0;32m  OK  [0m] Created slice system-serial\x2dgetty.slice.
[[0;32m  OK  [0m] Reached target Paths.
         Starting Journal Service...
[[0;32m  OK  [0m] Listening on udev Control Socket.
[[0;32m  OK  [0m] Set up automount Arbitrary Executabâ€¦rmats File System Automount Point.
[[0;32m  OK  [0m] Reached target Swap.
         Starting Load Kernel Modules...
[[0;32m  OK  [0m] Mounted POSIX Message Queue File System.
[[0;32m  OK  [0m] Mounted Debug File System.
[[0;32m  OK  [0m] Started Remount Root and Kernel File Systems.
[[0;32m  OK  [0m] Started Create list of required staâ€¦vice nodes for the current kernel.
         Starting Create Static Device Nodes in /dev...
         Starting Load/Save Random Seed...
         Starting udev Coldplug all Devices...
[[0;32m  OK  [0m] Started Load Kernel Modules.
         Starting Apply Kernel Variables...
         Mounting Configuration File System...
[[0;32m  OK  [0m] Started Load/Save Random Seed.
[[0;32m  OK  [0m] Mounted Configuration File System.
[[0;32m  OK  [0m] Started Apply Kernel Variables.
[[0;32m  OK  [0m] Started Create Static Device Nodes in /dev.
         Starting udev Kernel Device Manager...
[[0;32m  OK  [0m] Reached target Local File Systems (Pre).
[[0;32m  OK  [0m] Reached target Local File Systems.
         Starting Raise network interfaces...
[[0;32m  OK  [0m] Started Journal Service.
         Starting Flush Journal to Persistent Storage...
[   11.839102] systemd-journald[90]: Received request to flush runtime journal from PID 1
[[0;32m  OK  [0m] Started Flush Journal to Persistent Storage.
         Starting Create Volatile Files and Directories...
[[0;32m  OK  [0m] Started udev Kernel Device Manager.
[[0;32m  OK  [0m] Started Create Volatile Files and Directories.
         Starting Update UTMP about System Boot/Shutdown...
         Starting Network Time Synchronization...
[[0;32m  OK  [0m] Started Update UTMP about System Boot/Shutdown.
[[0;32m  OK  [0m] Started udev Coldplug all Devices.
[   14.896060] remoteproc remoteproc0: wkup_m3 is available
[   15.248226] am335x-phy-driver 47401300.usb-phy: dummy supplies not allowed for exclusive requests (id=vbus)
[   15.306773] at24 2-0054: supply vcc not found, using dummy regulator
[   15.461317] am335x-phy-driver 47401b00.usb-phy: dummy supplies not allowed for exclusive requests (id=vbus)
[   15.478259] at24 2-0055: supply vcc not found, using dummy regulator
[   15.577692] at24 2-0056: supply vcc not found, using dummy regulator
[   15.684606] at24 2-0057: supply vcc not found, using dummy regulator
[   15.790950] tps6521x_pwrbutton tps65217-pwrbutton: DMA mask not set
[   15.862472] omap_rtc 44e3e000.rtc: registered as rtc0
[   15.867682] omap_rtc 44e3e000.rtc: setting system clock to 2000-01-01T00:00:00 UTC (946684800)
[   15.879754] wkup_m3_ipc 44e11324.wkup_m3_ipc: IPC Request for A8->M3 Channel failed! -517
[   15.908696] input: tps65217_pwrbutton as /devices/platform/ocp/44c00000.interconnect/44c00000.interconnect:segment@200000/44e0b000.target-module/44e0b000.i2c/i2c-0/0-0024/tps65217-pwrbutton/input/input0
[   15.928263] wkup_m3_ipc 44e11324.wkup_m3_ipc: IPC Request for A8->M3 Channel failed! -517
[   15.963323] at24 0-0050: 32768 byte 24c256 EEPROM, writable, 1 bytes/write
[   16.024075] wkup_m3_ipc 44e11324.wkup_m3_ipc: IPC Request for A8->M3 Channel failed! -517
[[0;32m  OK  [0m] Found device /dev/ttyS0.
[[0;32m  OK  [0m] Started Network Time Synchronization.
[[0;32m  OK  [0m] Reached target System Time Synchronized.
[   16.243968] omap_wdt: OMAP Watchdog Timer Rev 0x01: initial timeout 60 sec
[   16.252640] wkup_m3_ipc 44e11324.wkup_m3_ipc: IPC Request for A8->M3 Channel failed! -517
[[0;32m  OK  [0m] Reached target System Initialization.
[[0;32m  OK  [0m] Listening on D-Bus System Message Bus Socket.
[   16.595698] usbcore: registered new interface driver usbfs
[   16.601907] usbcore: registered new interface driver hub
[   16.607614] usbcore: registered new device driver usb
[[0;32m  OK  [0m] Started Daily apt download activities.
[[0;32m  OK  [0m] Started Daily apt upgrade and clean activities.
[[0;32m  OK  [0m] Listening on Avahi mDNS/DNS-SD Stack Activation Socket.
[[0;32m  OK  [0m] Reached target Sockets.
[[0;32m  OK  [0m] Reached target Basic System.
         Starting System Logging Service...
[   17.074503] tda998x 0-0070: found TDA19988
         Starting Telephony service...
[   17.225927] wkup_m3_ipc 44e11324.wkup_m3_ipc: IPC Request for A8->M3 Channel failed! -517
         Starting Avahi mDNS/DNS-SD Stack...
[   17.352160] wkup_m3_ipc 44e11324.wkup_m3_ipc: IPC Request for A8->M3 Channel failed! -517
[   17.365744] musb-hdrc musb-hdrc.1: MUSB HDRC host driver
[   17.371159] musb-hdrc musb-hdrc.1: new USB bus registered, assigned bus number 1
[   17.379560] wkup_m3_ipc 44e11324.wkup_m3_ipc: IPC Request for A8->M3 Channel failed! -517
         Starting DUN service...
[   17.594165] omap-mailbox 480c8000.mailbox: omap mailbox rev 0x400
[[0;32m  OK  [0m] Started Regular background program processing daemon.
[   17.660268] usb usb1: New USB device found, idVendor=1d6b, idProduct=0002, bcdDevice= 6.13
[   17.668738] usb usb1: New USB device strings: Mfr=3, Product=2, SerialNumber=1
[   17.676051] usb usb1: Product: MUSB HDRC host driver
[   17.681046] usb usb1: Manufacturer: Linux 6.13.0-rc3-next-20241220 musb-hcd
[   17.688089] usb usb1: SerialNumber: musb-hdrc.1
[   17.732058] remoteproc remoteproc0: powering up wkup_m3
         Starting LSB: Start busybox udhcpd at boot time...
         Starting Generic Board Startup...
 [   17.966908] remoteproc remoteproc0: Direct firmware load fo r am335x-pm-firmware.elf failed with error -2
[   17.976689]  remoteproc remoteproc0: request_firmware failed: -2
[   17.98 2725] wkup_m3_ipc 44e11324.wkup_m3_ipc: rproc_boot failed
          St
[   18.320679] hub 1-0:1.0: 1 port detected
[   20.728253] omap_rng 48310000.rng: Random Number Generator ver. 20
[   20.762031] tilcdc 4830e000.lcdc: bound 0-0070 (ops tda998x_driver_exit [tda998x])
[   20.824713] [drm] Initialized tilcdc 1.0.0 for 4830e000.lcdc on minor 0
[   20.897235] tilcdc 4830e000.lcdc: [drm] Cannot find any crtc or sizes
[   20.927773] tilcdc 4830e000.lcdc: [drm] Cannot find any crtc or sizes
[   21.608612] omap-sham 53100000.sham: hw accel on OMAP rev 4.3
[   21.624895] PM: Cannot get wkup_m3_ipc handle
[   21.759933] omap-sham 53100000.sham: will run requests pump with realtime priority
[   21.772204] PM: Cannot get wkup_m3_ipc handle
[   21.889572] omap-aes 53500000.aes: OMAP AES hw accel rev: 3.2
[   22.007736] omap-aes 53500000.aes: will run requests pump with realtime priority
[   22.044868] PM: Cannot get wkup_m3_ipc handle
[[0;32m  OK  [0m] Started Avahi mDNS/DNS-SD Stack.
[[0;32m  OK  [0m] Started Telephony service.
[[0;32m  OK  [0m] Started DUN service.
         Starting Connection service...
[[0;32m  OK  [0m] Started Daily Cleanup of Temporary Directories.
[[0;32m  OK  [0m] Reached target Timers.
         Starting LSB: Load kernel modules needed to enable cpufreq scaling...
         Starting Login Service...
[[0;32m  OK  [0m] Started System Logging Service.
[[0;32m  OK  [0m] Started Cape Manager Service.
[   23.975331] Bluetooth: Core ver 2.22
[   23.979143] NET: Registered PF_BLUETOOTH protocol family
[   23.984709] Bluetooth: HCI device and connection manager initialized
[   23.991131] Bluetooth: HCI socket layer initialized
[   23.996256] Bluetooth: L2CAP socket layer initialized
[   24.001383] Bluetooth: SCO socket layer initialized
[   25.487833] PM: Cannot get wkup_m3_ipc handle
[   25.626587] PM: Cannot get wkup_m3_ipc handle
[[0;32m  OK  [0m] Started Raise network interfaces.
[[0;32m  OK  [0m] Started LSB: Start busybox udhcpd at boot time.
[   28.545072] configfs-gadget.g_multi gadget.0: HOST MAC 1c:ba:8c:a2:ed:6c
[   28.552093] configfs-gadget.g_multi gadget.0: MAC 1c:ba:8c:a2:ed:70
[   28.559503] configfs-gadget.g_multi gadget.0: HOST MAC 1c:ba:8c:a2:ed:6c
[   28.566417] configfs-gadget.g_multi gadget.0: MAC 1c:ba:8c:a2:ed:6d
[   28.579211] PM: Cannot get wkup_m3_ipc handle
[[0;32m  OK  [0m] Started LSB: Load kernel modules needed to enable cpufreq scaling.
[[0;32m  OK  [0m] Started Connection service.
[[0;32m  OK  [0m] Started Login Service.
[[0;32m  OK  [0m] Reached target Sound Card.
         Starting LSB: set CPUFreq kernel parameters...
[[0;32m  OK  [0m] Reached target Network.
         Starting The Apache HTTP Server...
         Starting Permit User Sessions...
         Starting OpenBSD Secure Shell server...
[[0;32m  OK  [0m] Reached target Network is Online.
         Starting LSB: Advanced IEEE 802.11 management daemon...
[[0;32m  OK  [0m] Started Permit User Sessions.
[[0;32m  OK  [0m] Started LSB: Advanced IEEE 802.11 management daemon.
[[0;32m  OK  [0m] Started Getty on tty1.
[[0;32m  OK  [0m] Started Serial Getty on ttyS0.
[[0;32m  OK  [0m] Reached target Login Prompts.
[[0;32m  OK  [0m] Started LSB: set CPUFreq kernel parameters.
         Starting Hostname Service...
         Starting WPA supplicant...
[[0;32m  OK  [0m] Started Hostname Service.
[[0;32m  OK  [0m] Started WPA supplicant.
[[0;32m  OK  [0m] Started OpenBSD Secure Shell server.
         Stopping LSB: Start busybox udhcpd at boot time...
[[0;32m  OK  [0m] Stopped LSB: Start busybox udhcpd at boot time.
[[0;32m  OK  [0m] Started The Apache HTTP Server.
         Starting dnsmasq - A lightweight DHCP and caching DNS server...
[[0;32m  OK  [0m] Started dnsmasq - A lightweight DHCP and caching DNS server.
[[0;32m  OK  [0m] Reached target Host and Network Name Lookups.
[[0;32m  OK  [0m] Started Serial Getty on ttyGS0.
[[0;32m  OK  [0m] Started Generic Board Startup.
[[0;32m  OK  [0m] Reached target Multi-User System.
[[0;32m  OK  [0m] Reached target Graphical Interface.
         Starting Update UTMP about System Runlevel Changes...
[[0;32m  OK  [0m] Started Update UTMP about System Runlevel Changes.

Debian GNU/Linux 9 arm ttyS0

default username:password is [debian:temppwd]

arm login: root
Password: 
Last login: Sat Jan  1 00:00:28 UTC 2000 on ttyS0
root
Linux arm 6.13.0-rc3-next-20241220 #2 SMP Fri Dec 20 07:52:12 EET 2024 armv7l

The programs included with the Debian GNU/Linux system are free software;
the exact distribution terms for each program are described in the
individual files in /usr/share/doc/*/copyright.

Debian GNU/Linux comes with ABSOLUTELY NO WARRANTY, to the extent
permitted by applicable law.
root@arm:~# root
-bash: root: command not found
root@arm:~# dmesg -n 1
echo 'NGJB''XZQSVK'
root@arm:~# echo 'NGJB''XZQSVK'
NGJBXZQSVK
root@arm:~# run() { echo -n "$MARKER"; sh -c "$@"; echo "$MARKER $?"; }
root@arm:~# echo 'CLHS''WUCQAS'
CLHSWUCQAS
root@arm:~# MARKER='ZLVO''NOCLEP' run 'cat /proc/version'
ZLVONOCLEPLinux version 6.13.0-rc3-next-20241220 (user01@drvtest01) (arm-linux-gnueabihf-gcc (Linaro GCC 6.4-2017.11) 6.4.1 20171012, GNU ld (Linaro_Binutils-2017.11) 2.27.0.20161229) #2 SMP Fri Dec 20 07:52:12 EET 2024
ZLVONOCLEP 0
root@arm:~# echo 'MVHU''NEVPPS'
MVHUNEVPPS
root@arm:~# MARKER='MEFN''NVYJGZ' run false
MEFNNVYJGZMEFNNVYJGZ 1
root@arm:~# Labgrid Console Logfile for main
Logfile started at 2024-12-20 07:54:07.871767
=== Log starts here ===

root@arm:~# run() { echo -n "$MARKER"; sh -c "$@"; echo "$MARKER $?"; }
root@arm:~# echo 'OGNQ''MUKYKN'
OGNQMUKYKN
root@arm:~# MARKER='LPTH''VQCVEP' run 'ls /iio_generic_buffer; echo $?'
LPTHVQCVEP/iio_generic_buffer
0
LPTHVQCVEP 0
root@arm:~# Labgrid Console Logfile for main
Logfile started at 2024-12-20 07:54:11.195560
=== Log starts here ===

root@arm:~# run() { echo -n "$MARKER"; sh -c "$@"; echo "$MARKER $?"; }
root@arm:~# echo 'CAHN''LCQCWE'
CAHNLCQCWE
root@arm:~# MARKER='QQFC''ZSZQPV' run dmesg
QQFCZSZQPV[    0.000000] Booting Linux on physical CPU 0x0
[    0.000000] Linux version 6.13.0-rc3-next-20241220 (user01@drvtest01) (arm-linux-gnueabihf-gcc (Linaro GCC 6.4-2017.11) 6.4.1 20171012, GNU ld (Linaro_Binutils-2017.11) 2.27.0.20161229) #2 SMP Fri Dec 20 07:52:12 EET 2024
[    0.000000] CPU: ARMv7 Processor [413fc082] revision 2 (ARMv7), cr=10c5387d
[    0.000000] CPU: PIPT / VIPT nonaliasing data cache, VIPT aliasing instruction cache
[    0.000000] OF: fdt: Machine model: TI AM335x BeagleBone Black
[    0.000000] Memory policy: Data cache writeback
[    0.000000] cma: Reserved 16 MiB at 0x9e800000 on node -1
[    0.000000] Zone ranges:
[    0.000000]   Normal   [mem 0x0000000080000000-0x000000009fdfffff]
[    0.000000]   HighMem  empty
[    0.000000] Movable zone start for each node
[    0.000000] Early memory node ranges
[    0.000000]   node   0: [mem 0x0000000080000000-0x000000009fdfffff]
[    0.000000] Initmem setup node 0 [mem 0x0000000080000000-0x000000009fdfffff]
[    0.000000] OF: reserved mem: Reserved memory: No reserved-memory node in the DT
[    0.000000] CPU: All CPU(s) started in SVC mode.
[    0.000000] AM335X ES2.1 (sgx neon)
[    0.000000] percpu: Embedded 17 pages/cpu s39628 r8192 d21812 u69632
[    0.000000] pcpu-alloc: s39628 r8192 d21812 u69632 alloc=17*4096
[    0.000000] pcpu-alloc: [0] 0 
[    0.000000] Kernel command line: console=ttyO0,115200n8 root=/dev/nfs rw nfsroot=192.168.255.126:/home/user01/nfs,nfsvers=3 ip=192.168.255.1:192.168.255.126::255.255.255.0:bbb1:eth0 nfsrootdebug
[    0.000000] Unknown kernel command line parameters "nfsrootdebug", will be passed to user space.
[    0.000000] printk: log buffer data + meta data: 65536 + 204800 = 270336 bytes
[    0.000000] Dentry cache hash table entries: 65536 (order: 6, 262144 bytes, linear)
[    0.000000] Inode-cache hash table entries: 32768 (order: 5, 131072 bytes, linear)
[    0.000000] Built 1 zonelists, mobility grouping on.  Total pages: 130560
[    0.000000] mem auto-init: stack:off, heap alloc:off, heap free:off
[    0.000000] SLUB: HWalign=64, Order=0-3, MinObjects=0, CPUs=1, Nodes=1
[    0.000000] rcu: Hierarchical RCU implementation.
[    0.000000] rcu: 	RCU event tracing is enabled.
[    0.000000] rcu: 	RCU restricting CPUs from NR_CPUS=2 to nr_cpu_ids=1.
[    0.000000] 	Tracing variant of Tasks RCU enabled.
[    0.000000] rcu: RCU calculated value of scheduler-enlistment delay is 10 jiffies.
[    0.000000] rcu: Adjusting geometry for rcu_fanout_leaf=16, nr_cpu_ids=1
[    0.000000] RCU Tasks Trace: Setting shift to 0 and lim to 1 rcu_task_cb_adjust=1 rcu_task_cpu_ids=1.
[    0.000000] NR_IRQS: 16, nr_irqs: 16, preallocated irqs: 16
[    0.000000] IRQ: Found an INTC at 0x(ptrval) (revision 5.0) with 128 interrupts
[    0.000000] rcu: srcu_init: Setting srcu_struct sizes based on contention.
[    0.000000] TI gptimer clocksource: always-on /ocp/interconnect@44c00000/segment@200000/target-module@31000
[    0.000002] sched_clock: 32 bits at 24MHz, resolution 41ns, wraps every 89478484971ns
[    0.000029] clocksource: dmtimer: mask: 0xffffffff max_cycles: 0xffffffff, max_idle_ns: 79635851949 ns
[    0.000511] TI gptimer clockevent: 24000000 Hz at /ocp/interconnect@48000000/segment@0/target-module@40000
[    0.002173] Console: colour dummy device 80x30
[    0.002239] WARNING: Your 'console=ttyO0' has been replaced by 'ttyS0'
[    0.002248] This ensures that you still see kernel messages. Please
[    0.002253] update your kernel commandline.
[    0.002295] Calibrating delay loop... 996.14 BogoMIPS (lpj=4980736)
[    0.090627] CPU: Testing write buffer coherency: ok
[    0.090712] CPU0: Spectre v2: using BPIALL workaround
[    0.090723] pid_max: default: 32768 minimum: 301
[    0.090850] LSM: initializing lsm=capability
[    0.091023] Mount-cache hash table entries: 1024 (order: 0, 4096 bytes, linear)
[    0.091047] Mountpoint-cache hash table entries: 1024 (order: 0, 4096 bytes, linear)
[    0.092704] CPU0: thread -1, cpu 0, socket -1, mpidr 0
[    0.160917] Setting up static identity map for 0x80100000 - 0x80100078
[    0.170716] rcu: Hierarchical SRCU implementation.
[    0.170726] rcu: 	Max phase no-delay instances is 1000.
[    0.190755] smp: Bringing up secondary CPUs ...
[    0.190816] smp: Brought up 1 node, 1 CPU
[    0.190830] SMP: Total of 1 processors activated (996.14 BogoMIPS).
[    0.190842] CPU: All CPU(s) started in SVC mode.
[    0.191019] Memory: 480836K/522240K available (11264K kernel code, 1215K rwdata, 2904K rodata, 1024K init, 295K bss, 23388K reserved, 16384K cma-reserved, 0K highmem)
[    0.191901] devtmpfs: initialized
[    0.208867] VFP support v0.3: implementor 41 architecture 3 part 30 variant c rev 3
[    0.209219] clocksource: jiffies: mask: 0xffffffff max_cycles: 0xffffffff, max_idle_ns: 19112604462750000 ns
[    0.209254] futex hash table entries: 256 (order: 2, 16384 bytes, linear)
[    0.210541] pinctrl core: initialized pinctrl subsystem
[    0.213577] NET: Registered PF_NETLINK/PF_ROUTE protocol family
[    0.216384] DMA: preallocated 256 KiB pool for atomic coherent allocations
[    0.217300] audit: initializing netlink subsys (disabled)
[    0.218733] thermal_sys: Registered thermal governor 'fair_share'
[    0.218750] thermal_sys: Registered thermal governor 'step_wise'
[    0.218760] thermal_sys: Registered thermal governor 'user_space'
[    0.218913] audit: type=2000 audit(0.210:1): state=initialized audit_enabled=0 res=1
[    0.218954] cpuidle: using governor menu
[    0.237261] /ocp/interconnect@44c00000/segment@200000/target-module@b000/i2c@0/tda19988@70: Fixed dependency cycle(s) with /ocp/interconnect@48000000/segment@300000/target-module@e000/lcdc@0
[    0.238433] /ocp/interconnect@48000000/segment@300000/target-module@e000/lcdc@0: Fixed dependency cycle(s) with /ocp/interconnect@44c00000/segment@200000/target-module@b000/i2c@0/tda19988@70
[    0.240755] No ATAGs?
[    0.240775] hw-breakpoint: debug architecture 0x4 unsupported.
[    0.243604] kprobes: kprobe jump-optimization is enabled. All kprobes are optimized if possible.
[    0.254209] iommu: Default domain type: Translated
[    0.254233] iommu: DMA domain TLB invalidation policy: strict mode
[    0.255907] reg-fixed-voltage fixedregulator0: using DT '/fixedregulator0' for '(default)' GPIO lookup
[    0.255964] of_get_named_gpiod_flags: can't parse 'gpios' property of node '/fixedregulator0[0]'
[    0.255993] of_get_named_gpiod_flags: can't parse 'gpio' property of node '/fixedregulator0[0]'
[    0.256011] reg-fixed-voltage fixedregulator0: using lookup tables for GPIO lookup
[    0.256022] reg-fixed-voltage fixedregulator0: No GPIO consumer (default) found
[    0.261895] SCSI subsystem initialized
[    0.262402] libata version 3.00 loaded.
[    0.262769] pps_core: LinuxPPS API ver. 1 registered
[    0.262782] pps_core: Software ver. 5.3.6 - Copyright 2005-2007 Rodolfo Giometti <giometti@linux.it>
[    0.262806] PTP clock support registered
[    0.271197] vgaarb: loaded
[    0.271616] clocksource: Switched to clocksource dmtimer
[    0.272268] VFS: Disk quotas dquot_6.6.0
[    0.272311] VFS: Dquot-cache hash table entries: 1024 (order 0, 4096 bytes)
[    0.296670] NET: Registered PF_INET protocol family
[    0.297023] IP idents hash table entries: 8192 (order: 4, 65536 bytes, linear)
[    0.298453] tcp_listen_portaddr_hash hash table entries: 512 (order: 0, 4096 bytes, linear)
[    0.298493] Table-perturb hash table entries: 65536 (order: 6, 262144 bytes, linear)
[    0.298509] TCP established hash table entries: 4096 (order: 2, 16384 bytes, linear)
[    0.298553] TCP bind hash table entries: 4096 (order: 4, 65536 bytes, linear)
[    0.298653] TCP: Hash tables configured (established 4096 bind 4096)
[    0.298770] UDP hash table entries: 256 (order: 1, 14336 bytes, linear)
[    0.298807] UDP-Lite hash table entries: 256 (order: 1, 14336 bytes, linear)
[    0.298985] NET: Registered PF_UNIX/PF_LOCAL protocol family
[    0.300260] RPC: Registered named UNIX socket transport module.
[    0.300283] RPC: Registered udp transport module.
[    0.300289] RPC: Registered tcp transport module.
[    0.300294] RPC: Registered tcp-with-tls transport module.
[    0.300299] RPC: Registered tcp NFSv4.1 backchannel transport module.
[    0.300323] PCI: CLS 0 bytes, default 64
[    0.301921] Initialise system trusted keyrings
[    0.312252] workingset: timestamp_bits=14 max_order=17 bucket_order=3
[    0.313594] NFS: Registering the id_resolver key type
[    0.313679] Key type id_resolver registered
[    0.313687] Key type id_legacy registered
[    0.313737] jffs2: version 2.2. (NAND) (SUMMARY)  Â© 2001-2006 Red Hat, Inc.
[    0.314155] Key type asymmetric registered
[    0.314173] Asymmetric key parser 'x509' registered
[    0.314236] io scheduler mq-deadline registered
[    0.314248] io scheduler kyber registered
[    0.314317] io scheduler bfq registered
[    0.315929] ledtrig-cpu: registered to indicate activity on CPUs
[    0.322132] Serial: 8250/16550 driver, 6 ports, IRQ sharing enabled
[    0.375919] brd: module loaded
[    0.396270] loop: module loaded
[    0.397213] mtdoops: mtd device (mtddev=name/number) must be supplied
[    0.398927] mdio_bus fixed-0: using lookup tables for GPIO lookup
[    0.398952] mdio_bus fixed-0: No GPIO consumer reset found
[    0.400305] i2c_dev: i2c /dev entries driver
[    0.401263] cpuidle: enable-method property 'ti,am3352' found operations
[    0.401893] sdhci: Secure Digital Host Controller Interface driver
[    0.401906] sdhci: Copyright(c) Pierre Ossman
[    0.402098] sdhci-pltfm: SDHCI platform and OF driver helper
[    0.403136] Initializing XFRM netlink socket
[    0.403285] NET: Registered PF_INET6 protocol family
[    0.413264] Segment Routing with IPv6
[    0.413356] In-situ OAM (IOAM) with IPv6
[    0.413455] sit: IPv6, IPv4 and MPLS over IPv4 tunneling driver
[    0.414429] NET: Registered PF_PACKET protocol family
[    0.414466] NET: Registered PF_KEY protocol family
[    0.414610] Key type dns_resolver registered
[    0.414886] ThumbEE CPU extension supported.
[    0.414906] Registering SWP/SWPB emulation handler
[    0.415449] omap_voltage_late_init: Voltage driver support not added
[    0.415818] SmartReflex Class3 initialized
[    0.433649] Loading compiled-in X.509 certificates
[    0.476819] /ocp/interconnect@44c00000/segment@200000/target-module@b000/i2c@0/tda19988@70: Fixed dependency cycle(s) with /ocp/interconnect@48000000/segment@300000/target-module@e000/lcdc@0
[    0.483394] /ocp/interconnect@44c00000/segment@200000/target-module@b000/i2c@0/tda19988@70: Fixed dependency cycle(s) with /ocp/interconnect@48000000/segment@300000/target-module@e000/lcdc@0
[    0.488973] gpiochip_find_base_unlocked: found new base at 512
[    0.507357] /ocp/interconnect@44c00000/segment@200000/target-module@b000/i2c@0/tda19988@70: Fixed dependency cycle(s) with /ocp/interconnect@48000000/segment@300000/target-module@e000/lcdc@0
[    0.508237] /ocp/interconnect@44c00000/segment@200000/target-module@b000/i2c@0/tda19988@70: Fixed dependency cycle(s) with /ocp/interconnect@48000000/segment@300000/target-module@e000/lcdc@0
[    0.511894] /ocp/interconnect@44c00000/segment@200000/target-module@10000/scm@0/pinmux@800: Fixed dependency cycle(s) with /ocp/interconnect@44c00000/segment@200000/target-module@10000/scm@0/pinmux@800/clkout2-pins
[    0.512628] pinctrl-single 44e10800.pinmux: 142 pins, size 568
[    0.517832] ti-sysc 44e31000.target-module: probe with driver ti-sysc failed with error -16
[    0.569031] /ocp/interconnect@48000000/segment@300000/target-module@e000/lcdc@0: Fixed dependency cycle(s) with /ocp/interconnect@44c00000/segment@200000/target-module@b000/i2c@0/tda19988@70
[    0.577157] ti-sysc 48040000.target-module: probe with driver ti-sysc failed with error -16
[    0.588381] gpiochip_find_base_unlocked: found new base at 512
[    0.588486] gpio gpiochip0: (gpio-0-31): created GPIO range 0->7 ==> 44e10800.pinmux PIN 0->7
[    0.588506] gpio gpiochip0: (gpio-0-31): created GPIO range 8->11 ==> 44e10800.pinmux PIN 90->93
[    0.588521] gpio gpiochip0: (gpio-0-31): created GPIO range 12->27 ==> 44e10800.pinmux PIN 12->27
[    0.588537] gpio gpiochip0: (gpio-0-31): created GPIO range 28->31 ==> 44e10800.pinmux PIN 30->33
[    0.615707] gpio gpiochip0: (gpio-0-31): added GPIO chardev (254:0)
[    0.615852] gpio gpiochip0: registered GPIOs 512 to 543 on gpio-0-31
[    0.615938] OMAP GPIO hardware version 0.1
[    0.642893] i2c i2c-2: using DT '/ocp/interconnect@48000000/segment@100000/target-module@9c000/i2c@0' for 'scl' GPIO lookup
[    0.642969] of_get_named_gpiod_flags: can't parse 'scl-gpios' property of node '/ocp/interconnect@48000000/segment@100000/target-module@9c000/i2c@0[0]'
[    0.643014] of_get_named_gpiod_flags: can't parse 'scl-gpio' property of node '/ocp/interconnect@48000000/segment@100000/target-module@9c000/i2c@0[0]'
[    0.643051] i2c i2c-2: using lookup tables for GPIO lookup
[    0.643061] i2c i2c-2: No GPIO consumer scl found
[    0.643084] i2c i2c-2: using DT '/ocp/interconnect@48000000/segment@100000/target-module@9c000/i2c@0' for 'sda' GPIO lookup
[    0.643121] of_get_named_gpiod_flags: can't parse 'sda-gpios' property of node '/ocp/interconnect@48000000/segment@100000/target-module@9c000/i2c@0[0]'
[    0.643159] of_get_named_gpiod_flags: can't parse 'sda-gpio' property of node '/ocp/interconnect@48000000/segment@100000/target-module@9c000/i2c@0[0]'
[    0.643192] i2c i2c-2: using lookup tables for GPIO lookup
[    0.643199] i2c i2c-2: No GPIO consumer sda found
[    0.643928] omap_i2c 4819c000.i2c: bus 2 rev0.11 at 100 kHz
[    0.649362] gpiochip_find_base_unlocked: found new base at 544
[    0.649464] gpio gpiochip1: (gpio-32-63): created GPIO range 0->17 ==> 44e10800.pinmux PIN 34->51
[    0.649484] gpio gpiochip1: (gpio-32-63): created GPIO range 18->21 ==> 44e10800.pinmux PIN 77->80
[    0.649499] gpio gpiochip1: (gpio-32-63): created GPIO range 22->31 ==> 44e10800.pinmux PIN 56->65
[    0.660346] gpio gpiochip1: (gpio-32-63): added GPIO chardev (254:1)
[    0.660516] gpio gpiochip1: registered GPIOs 544 to 575 on gpio-32-63
[    0.662938] gpiochip_find_base_unlocked: found new base at 576
[    0.663037] gpio gpiochip2: (gpio-64-95): created GPIO range 0->4 ==> 44e10800.pinmux PIN 66->70
[    0.663056] gpio gpiochip2: (gpio-64-95): created GPIO range 5->6 ==> 44e10800.pinmux PIN 98->99
[    0.663071] gpio gpiochip2: (gpio-64-95): created GPIO range 7->8 ==> 44e10800.pinmux PIN 75->76
[    0.663086] gpio gpiochip2: (gpio-64-95): created GPIO range 13->13 ==> 44e10800.pinmux PIN 141->141
[    0.663103] gpio gpiochip2: (gpio-64-95): created GPIO range 14->21 ==> 44e10800.pinmux PIN 100->107
[    0.663921] gpio gpiochip2: (gpio-64-95): added GPIO chardev (254:2)
[    0.664061] gpio gpiochip2: registered GPIOs 576 to 607 on gpio-64-95
[    0.669540] 48000000.interconnect:segment@200000:target-module@0:mpu@0:fck: device ID is greater than 24
[    0.670414] /ocp/interconnect@48000000/segment@300000/target-module@e000/lcdc@0: Fixed dependency cycle(s) with /ocp/interconnect@44c00000/segment@200000/target-module@b000/i2c@0/tda19988@70
[    0.673525] /ocp/interconnect@48000000/segment@300000/target-module@e000/lcdc@0: Fixed dependency cycle(s) with /ocp/interconnect@44c00000/segment@200000/target-module@b000/i2c@0/tda19988@70
[    0.674236] /ocp/interconnect@44c00000/segment@200000/target-module@b000/i2c@0/tda19988@70: Fixed dependency cycle(s) with /ocp/interconnect@48000000/segment@300000/target-module@e000/lcdc@0
[    0.674396] /ocp/interconnect@48000000/segment@300000/target-module@e000/lcdc@0: Fixed dependency cycle(s) with /ocp/interconnect@44c00000/segment@200000/target-module@b000/i2c@0/tda19988@70
[    0.684013] mdio_bus 4a101000.mdio: using DT '/ocp/interconnect@4a000000/segment@0/target-module@100000/switch@0/mdio@1000' for 'reset' GPIO lookup
[    0.684091] of_get_named_gpiod_flags: can't parse 'reset-gpios' property of node '/ocp/interconnect@4a000000/segment@0/target-module@100000/switch@0/mdio@1000[0]'
[    0.684141] of_get_named_gpiod_flags: can't parse 'reset-gpio' property of node '/ocp/interconnect@4a000000/segment@0/target-module@100000/switch@0/mdio@1000[0]'
[    0.684191] mdio_bus 4a101000.mdio: using lookup tables for GPIO lookup
[    0.684201] mdio_bus 4a101000.mdio: No GPIO consumer reset found
[    0.685469] sdhci-omap 481d8000.mmc: using DT '/ocp/interconnect@48000000/segment@100000/target-module@d8000/mmc@0' for 'wp' GPIO lookup
[    0.685534] of_get_named_gpiod_flags: can't parse 'wp-gpios' property of node '/ocp/interconnect@48000000/segment@100000/target-module@d8000/mmc@0[0]'
[    0.685577] of_get_named_gpiod_flags: can't parse 'wp-gpio' property of node '/ocp/interconnect@48000000/segment@100000/target-module@d8000/mmc@0[0]'
[    0.685613] sdhci-omap 481d8000.mmc: using lookup tables for GPIO lookup
[    0.685623] sdhci-omap 481d8000.mmc: No GPIO consumer wp found
[    0.685817] sdhci-omap 481d8000.mmc: supply pbias not found, using dummy regulator
[    0.686334] sdhci-omap 481d8000.mmc: supply vqmmc not found, using dummy regulator
[    0.739373] davinci_mdio 4a101000.mdio: davinci mdio revision 1.6, bus freq 1000000
[    0.756693] mdio_bus 4a101000.mdio:00: using DT '/ocp/interconnect@4a000000/segment@0/target-module@100000/switch@0/mdio@1000/ethernet-phy@0' for 'reset' GPIO lookup
[    0.756796] of_get_named_gpiod_flags: parsed 'reset-gpios' property of node '/ocp/interconnect@4a000000/segment@0/target-module@100000/switch@0/mdio@1000/ethernet-phy@0[0]' - status (0)
[    0.756960] gpio gpiochip0: Persistence not supported for GPIO 8
[    0.886879] davinci_mdio 4a101000.mdio: phy[0]: device 4a101000.mdio:00, driver SMSC LAN8710/LAN8720
[    0.887660] cpsw-switch 4a100000.switch: initialized cpsw ale version 1.4
[    0.887683] cpsw-switch 4a100000.switch: ALE Table size 1024, Policers 0
[    0.888014] cpsw-switch 4a100000.switch: cpts: overflow check period 500 (jiffies)
[    0.888035] cpsw-switch 4a100000.switch: CPTS: ref_clk_freq:250000000 calc_mult:2147483648 calc_shift:29 error:0 nsec/sec
[    0.888150] cpsw-switch 4a100000.switch: Detected MACID = 6c:ec:eb:68:de:78
[    0.889968] cpsw-switch 4a100000.switch: initialized (regs 0x4a100000, pool size 256) hw_ver:0019010C 1.12 (0)
[    0.900977] debugfs: Directory '49000000.dma' with parent 'dmaengine' already present!
[    0.901019] edma 49000000.dma: TI EDMA DMA engine driver
[    0.941564] target-module@4b000000:target-module@140000:pmu@0:fck: device ID is greater than 24
[    0.955801] hw perfevents: enabled with armv7_cortex_a8 PMU driver, 5 (8000000f) counters available
[    0.956753] gpio-clk clk_mcasp0: using DT '/clk_mcasp0' for 'enable' GPIO lookup
[    0.956823] of_get_named_gpiod_flags: parsed 'enable-gpios' property of node '/clk_mcasp0[0]' - status (0)
[    0.956867] gpio gpiochip0: Persistence not supported for GPIO 27
[    0.957679] gpiochip_find_base_unlocked: found new base at 608
[    0.957789] gpio gpiochip3: (gpio-96-127): created GPIO range 0->7 ==> 44e10800.pinmux PIN 82->89
[    0.957809] gpio gpiochip3: (gpio-96-127): created GPIO range 8->11 ==> 44e10800.pinmux PIN 52->55
[    0.957825] gpio gpiochip3: (gpio-96-127): created GPIO range 12->15 ==> 44e10800.pinmux PIN 94->97
[    0.957840] gpio gpiochip3: (gpio-96-127): created GPIO range 16->17 ==> 44e10800.pinmux PIN 71->72
[    0.957856] gpio gpiochip3: (gpio-96-127): created GPIO range 18->18 ==> 44e10800.pinmux PIN 135->135
[    0.957872] gpio gpiochip3: (gpio-96-127): created GPIO range 19->20 ==> 44e10800.pinmux PIN 108->109
[    0.957888] gpio gpiochip3: (gpio-96-127): created GPIO range 21->21 ==> 44e10800.pinmux PIN 73->73
[    0.957910] gpio gpiochip3: (gpio-96-127): created GPIO range 22->23 ==> 44e10800.pinmux PIN 8->9
[    0.957932] gpio gpiochip3: (gpio-96-127): created GPIO range 26->27 ==> 44e10800.pinmux PIN 10->11
[    0.957950] gpio gpiochip3: (gpio-96-127): created GPIO range 28->28 ==> 44e10800.pinmux PIN 74->74
[    0.957967] gpio gpiochip3: (gpio-96-127): created GPIO range 29->29 ==> 44e10800.pinmux PIN 81->81
[    0.957986] gpio gpiochip3: (gpio-96-127): created GPIO range 30->31 ==> 44e10800.pinmux PIN 28->29
[    0.963573] l3-aon-clkctrl:0000:0: failed to disable
[    0.963944] gpio gpiochip3: (gpio-96-127): added GPIO chardev (254:3)
[    0.964092] gpio gpiochip3: registered GPIOs 608 to 639 on gpio-96-127
[    0.975493] omap8250 44e09000.serial: using DT '/ocp/interconnect@44c00000/segment@200000/target-module@9000/serial@0' for 'rs485-term' GPIO lookup
[    0.975571] of_get_named_gpiod_flags: can't parse 'rs485-term-gpios' property of node '/ocp/interconnect@44c00000/segment@200000/target-module@9000/serial@0[0]'
[    0.975617] of_get_named_gpiod_flags: can't parse 'rs485-term-gpio' property of node '/ocp/interconnect@44c00000/segment@200000/target-module@9000/serial@0[0]'
[    0.975655] omap8250 44e09000.serial: using lookup tables for GPIO lookup
[    0.975665] omap8250 44e09000.serial: No GPIO consumer rs485-term found
[    0.975675] omap8250 44e09000.serial: using DT '/ocp/interconnect@44c00000/segment@200000/target-module@9000/serial@0' for 'rs485-rx-during-tx' GPIO lookup
[    0.975712] of_get_named_gpiod_flags: can't parse 'rs485-rx-during-tx-gpios' property of node '/ocp/interconnect@44c00000/segment@200000/target-module@9000/serial@0[0]'
[    0.975750] of_get_named_gpiod_flags: can't parse 'rs485-rx-during-tx-gpio' property of node '/ocp/interconnect@44c00000/segment@200000/target-module@9000/serial@0[0]'
[    0.975783] omap8250 44e09000.serial: using lookup tables for GPIO lookup
[    0.975791] omap8250 44e09000.serial: No GPIO consumer rs485-rx-during-tx found
[    0.976166] 44e09000.serial: ttyS0 at MMIO 0x44e09000 (irq = 34, base_baud = 3000000) is a 8250
[    0.976253] printk: legacy console [ttyS0] enabled
[    2.476029] i2c i2c-0: using DT '/ocp/interconnect@44c00000/segment@200000/target-module@b000/i2c@0' for 'scl' GPIO lookup
[    2.476121] of_get_named_gpiod_flags: can't parse 'scl-gpios' property of node '/ocp/interconnect@44c00000/segment@200000/target-module@b000/i2c@0[0]'
[    2.476172] of_get_named_gpiod_flags: can't parse 'scl-gpio' property of node '/ocp/interconnect@44c00000/segment@200000/target-module@b000/i2c@0[0]'
[    2.476213] i2c i2c-0: using lookup tables for GPIO lookup
[    2.476227] i2c i2c-0: No GPIO consumer scl found
[    2.476254] i2c i2c-0: using DT '/ocp/interconnect@44c00000/segment@200000/target-module@b000/i2c@0' for 'sda' GPIO lookup
[    2.476295] of_get_named_gpiod_flags: can't parse 'sda-gpios' property of node '/ocp/interconnect@44c00000/segment@200000/target-module@b000/i2c@0[0]'
[    2.476338] of_get_named_gpiod_flags: can't parse 'sda-gpio' property of node '/ocp/interconnect@44c00000/segment@200000/target-module@b000/i2c@0[0]'
[    2.476375] i2c i2c-0: using lookup tables for GPIO lookup
[    2.476387] i2c i2c-0: No GPIO consumer sda found
[    2.492618] tps65217-pmic: Failed to locate of_node [id: -1]
[    2.498698] tps65217-bl: Failed to locate of_node [id: -1]
[    2.510097] tps65217 0-0024: TPS65217 ID 0xe version 1.2
[    2.516252] /ocp/interconnect@48000000/segment@300000/target-module@e000/lcdc@0: Fixed dependency cycle(s) with /ocp/interconnect@44c00000/segment@200000/target-module@b000/i2c@0/tda19988@70
[    2.533633] /ocp/interconnect@44c00000/segment@200000/target-module@b000/i2c@0/tda19988@70: Fixed dependency cycle(s) with /ocp/interconnect@48000000/segment@300000/target-module@e000/lcdc@0
[    2.551000] omap_i2c 44e0b000.i2c: bus 0 rev0.11 at 400 kHz
[    2.558828] sdhci-omap 48060000.mmc: using DT '/ocp/interconnect@48000000/segment@0/target-module@60000/mmc@0' for 'cd' GPIO lookup
[    2.558948] of_get_named_gpiod_flags: parsed 'cd-gpios' property of node '/ocp/interconnect@48000000/segment@0/target-module@60000/mmc@0[0]' - status (0)
[    2.559015] gpio gpiochip3: Persistence not supported for GPIO 6
[    2.559041] omap_gpio 44e07000.gpio: Could not set line 6 debounce to 200000 microseconds (-22)
[    2.567930] sdhci-omap 48060000.mmc: Got CD GPIO
[    2.572614] sdhci-omap 48060000.mmc: using DT '/ocp/interconnect@48000000/segment@0/target-module@60000/mmc@0' for 'wp' GPIO lookup
[    2.572664] of_get_named_gpiod_flags: can't parse 'wp-gpios' property of node '/ocp/interconnect@48000000/segment@0/target-module@60000/mmc@0[0]'
[    2.572709] of_get_named_gpiod_flags: can't parse 'wp-gpio' property of node '/ocp/interconnect@48000000/segment@0/target-module@60000/mmc@0[0]'
[    2.572750] sdhci-omap 48060000.mmc: using lookup tables for GPIO lookup
[    2.572764] sdhci-omap 48060000.mmc: No GPIO consumer wp found
[    2.572976] sdhci-omap 48060000.mmc: supply pbias not found, using dummy regulator
[    2.581763] sdhci-omap 481d8000.mmc: using DT '/ocp/interconnect@48000000/segment@100000/target-module@d8000/mmc@0' for 'wp' GPIO lookup
[    2.581844] of_get_named_gpiod_flags: can't parse 'wp-gpios' property of node '/ocp/interconnect@48000000/segment@100000/target-module@d8000/mmc@0[0]'
[    2.581895] of_get_named_gpiod_flags: can't parse 'wp-gpio' property of node '/ocp/interconnect@48000000/segment@100000/target-module@d8000/mmc@0[0]'
[    2.581936] sdhci-omap 481d8000.mmc: using lookup tables for GPIO lookup
[    2.581949] sdhci-omap 481d8000.mmc: No GPIO consumer wp found
[    2.583292] sdhci-omap 48060000.mmc: supply vqmmc not found, using dummy regulator
[    2.592311] sdhci-omap 481d8000.mmc: supply pbias not found, using dummy regulator
[    2.600301] sdhci-omap 481d8000.mmc: supply vqmmc not found, using dummy regulator
[    2.639737] mmc1: SDHCI controller on 481d8000.mmc [481d8000.mmc] using External DMA
[    2.648266] mmc0: SDHCI controller on 48060000.mmc [48060000.mmc] using External DMA
[    2.657194] cpsw-switch 4a100000.switch: starting ndev. mode: dual_mac
[    2.700804] mmc0: new high speed SDHC card at address 5048
[    2.708102] mmcblk0: mmc0:5048 SD16G 14.4 GiB
[    2.716276]  mmcblk0: p1 p2
[    2.719690] mmcblk0: p2 size 31221760 extends beyond EOD, truncated
[    2.732932] SMSC LAN8710/LAN8720 4a101000.mdio:00: attached PHY driver (mii_bus:phy_addr=4a101000.mdio:00, irq=POLL)
[    2.745514] mmc1: new high speed MMC card at address 0001
[    2.752467] mmcblk1: mmc1:0001 MMC04G 3.60 GiB
[    2.764068]  mmcblk1: p1 p2
[    2.768352] mmcblk1boot0: mmc1:0001 MMC04G 2.00 MiB
[    2.775703] mmcblk1boot1: mmc1:0001 MMC04G 2.00 MiB
[    2.783123] mmcblk1rpmb: mmc1:0001 MMC04G 128 KiB, chardev (250:0)
[    5.922403] cpsw-switch 4a100000.switch eth0: Link is Up - 100Mbps/Full - flow control off
[    5.961859] IP-Config: Complete:
[    5.965142]      device=eth0, hwaddr=6c:ec:eb:68:de:78, ipaddr=192.168.255.1, mask=255.255.255.0, gw=255.255.255.255
[    5.975808]      host=bbb1, domain=, nis-domain=(none)
[    5.980978]      bootserver=192.168.255.126, rootserver=192.168.255.126, rootpath=
[    5.981414] clk: Disabling unused clocks
[    5.993260] PM: genpd: Disabling unused power domains
[    5.998381] KTAP version 1
[    6.001104] 1..0
[    6.026820] VFS: Mounted root (nfs filesystem) on device 0:17.
[    6.033973] devtmpfs: mounted
[    6.038647] Freeing unused kernel image (initmem) memory: 1024K
[    6.045629] Run /sbin/init as init process
[    6.049769]   with arguments:
[    6.049783]     /sbin/init
[    6.049793]     nfsrootdebug
[    6.049803]   with environment:
[    6.049812]     HOME=/
[    6.049821]     TERM=linux
[    6.753465] systemd[1]: System time before build time, advancing clock.
[    8.241641] random: crng init done
[    8.282039] systemd[1]: systemd 232 running in system mode. (+PAM +AUDIT +SELINUX +IMA +APPARMOR +SMACK +SYSVINIT +UTMP +LIBCRYPTSETUP +GCRYPT +GNUTLS +ACL +XZ +LZ4 +SECCOMP +BLKID +ELFUTILS +KMOD +IDN)
[    8.301021] systemd[1]: Detected architecture arm.
[    8.334833] systemd[1]: Set hostname to <arm>.
[    9.461299] systemd[1]: Listening on udev Kernel Socket.
[    9.483713] systemd[1]: Listening on Journal Socket (/dev/log).
[    9.512688] systemd[1]: Listening on Journal Audit Socket.
[    9.543341] systemd[1]: Created slice System Slice.
[    9.602227] systemd[1]: Mounting Debug File System...
[    9.613708] systemd[1]: Started Dispatch Password Requests to Console Directory Watch.
[    9.642893] systemd[1]: Started Forward Password Requests to Wall Directory Watch.
[   11.839102] systemd-journald[90]: Received request to flush runtime journal from PID 1
[   14.525839] leds-gpio leds: using DT '/leds/led2' for '(default)' GPIO lookup
[   14.525950] of_get_named_gpiod_flags: parsed 'gpios' property of node '/leds/led2[0]' - status (0)
[   14.526010] gpio gpiochip0: Persistence not supported for GPIO 21
[   14.526026] gpio-533 (?): no flags found for GPIO (default)
[   14.580557] leds-gpio leds: using DT '/leds/led3' for '(default)' GPIO lookup
[   14.580823] of_get_named_gpiod_flags: parsed 'gpios' property of node '/leds/led3[0]' - status (0)
[   14.580895] gpio gpiochip0: Persistence not supported for GPIO 22
[   14.580912] gpio-534 (?): no flags found for GPIO (default)
[   14.662154] leds-gpio leds: using DT '/leds/led4' for '(default)' GPIO lookup
[   14.662262] of_get_named_gpiod_flags: parsed 'gpios' property of node '/leds/led4[0]' - status (0)
[   14.662315] gpio gpiochip0: Persistence not supported for GPIO 23
[   14.662331] gpio-535 (?): no flags found for GPIO (default)
[   14.683860] leds-gpio leds: using DT '/leds/led5' for '(default)' GPIO lookup
[   14.683968] of_get_named_gpiod_flags: parsed 'gpios' property of node '/leds/led5[0]' - status (0)
[   14.684023] gpio gpiochip0: Persistence not supported for GPIO 24
[   14.684040] gpio-536 (?): no flags found for GPIO (default)
[   14.896060] remoteproc remoteproc0: wkup_m3 is available
[   15.247745] am335x-phy-driver 47401300.usb-phy: using DT '/ocp/target-module@47400000/usb-phy@1300' for 'reset' GPIO lookup
[   15.247845] of_get_named_gpiod_flags: can't parse 'reset-gpios' property of node '/ocp/target-module@47400000/usb-phy@1300[0]'
[   15.247893] of_get_named_gpiod_flags: can't parse 'reset-gpio' property of node '/ocp/target-module@47400000/usb-phy@1300[0]'
[   15.247934] am335x-phy-driver 47401300.usb-phy: using lookup tables for GPIO lookup
[   15.247950] am335x-phy-driver 47401300.usb-phy: No GPIO consumer reset found
[   15.247966] am335x-phy-driver 47401300.usb-phy: using DT '/ocp/target-module@47400000/usb-phy@1300' for 'vbus-detect' GPIO lookup
[   15.248000] of_get_named_gpiod_flags: can't parse 'vbus-detect-gpios' property of node '/ocp/target-module@47400000/usb-phy@1300[0]'
[   15.248034] of_get_named_gpiod_flags: can't parse 'vbus-detect-gpio' property of node '/ocp/target-module@47400000/usb-phy@1300[0]'
[   15.248061] am335x-phy-driver 47401300.usb-phy: using lookup tables for GPIO lookup
[   15.248074] am335x-phy-driver 47401300.usb-phy: No GPIO consumer vbus-detect found
[   15.248226] am335x-phy-driver 47401300.usb-phy: dummy supplies not allowed for exclusive requests (id=vbus)
[   15.306773] at24 2-0054: supply vcc not found, using dummy regulator
[   15.460843] am335x-phy-driver 47401b00.usb-phy: using DT '/ocp/target-module@47400000/usb-phy@1b00' for 'reset' GPIO lookup
[   15.460941] of_get_named_gpiod_flags: can't parse 'reset-gpios' property of node '/ocp/target-module@47400000/usb-phy@1b00[0]'
[   15.460989] of_get_named_gpiod_flags: can't parse 'reset-gpio' property of node '/ocp/target-module@47400000/usb-phy@1b00[0]'
[   15.461028] am335x-phy-driver 47401b00.usb-phy: using lookup tables for GPIO lookup
[   15.461044] am335x-phy-driver 47401b00.usb-phy: No GPIO consumer reset found
[   15.461059] am335x-phy-driver 47401b00.usb-phy: using DT '/ocp/target-module@47400000/usb-phy@1b00' for 'vbus-detect' GPIO lookup
[   15.461092] of_get_named_gpiod_flags: can't parse 'vbus-detect-gpios' property of node '/ocp/target-module@47400000/usb-phy@1b00[0]'
[   15.461126] of_get_named_gpiod_flags: can't parse 'vbus-detect-gpio' property of node '/ocp/target-module@47400000/usb-phy@1b00[0]'
[   15.461154] am335x-phy-driver 47401b00.usb-phy: using lookup tables for GPIO lookup
[   15.461166] am335x-phy-driver 47401b00.usb-phy: No GPIO consumer vbus-detect found
[   15.461317] am335x-phy-driver 47401b00.usb-phy: dummy supplies not allowed for exclusive requests (id=vbus)
[   15.478259] at24 2-0055: supply vcc not found, using dummy regulator
[   15.577692] at24 2-0056: supply vcc not found, using dummy regulator
[   15.684606] at24 2-0057: supply vcc not found, using dummy regulator
[   15.790950] tps6521x_pwrbutton tps65217-pwrbutton: DMA mask not set
[   15.862472] omap_rtc 44e3e000.rtc: registered as rtc0
[   15.867682] omap_rtc 44e3e000.rtc: setting system clock to 2000-01-01T00:00:00 UTC (946684800)
[   15.876512] omap_rtc 44e3e000.rtc: using DT '/ocp/interconnect@44c00000/segment@200000/target-module@3e000/rtc@0' for 'wp' GPIO lookup
[   15.876590] of_get_named_gpiod_flags: can't parse 'wp-gpios' property of node '/ocp/interconnect@44c00000/segment@200000/target-module@3e000/rtc@0[0]'
[   15.876642] of_get_named_gpiod_flags: can't parse 'wp-gpio' property of node '/ocp/interconnect@44c00000/segment@200000/target-module@3e000/rtc@0[0]'
[   15.876684] omap_rtc 44e3e000.rtc: using lookup tables for GPIO lookup
[   15.876699] omap_rtc 44e3e000.rtc: No GPIO consumer wp found
[   15.879754] wkup_m3_ipc 44e11324.wkup_m3_ipc: IPC Request for A8->M3 Channel failed! -517
[   15.908696] input: tps65217_pwrbutton as /devices/platform/ocp/44c00000.interconnect/44c00000.interconnect:segment@200000/44e0b000.target-module/44e0b000.i2c/i2c-0/0-0024/tps65217-pwrbutton/input/input0
[   15.928263] wkup_m3_ipc 44e11324.wkup_m3_ipc: IPC Request for A8->M3 Channel failed! -517
[   15.962794] at24 0-0050: using DT '/ocp/interconnect@44c00000/segment@200000/target-module@b000/i2c@0/eeprom@50' for 'wp' GPIO lookup
[   15.962909] of_get_named_gpiod_flags: can't parse 'wp-gpios' property of node '/ocp/interconnect@44c00000/segment@200000/target-module@b000/i2c@0/eeprom@50[0]'
[   15.962969] of_get_named_gpiod_flags: can't parse 'wp-gpio' property of node '/ocp/interconnect@44c00000/segment@200000/target-module@b000/i2c@0/eeprom@50[0]'
[   15.963017] at24 0-0050: using lookup tables for GPIO lookup
[   15.963031] at24 0-0050: No GPIO consumer wp found
[   15.963323] at24 0-0050: 32768 byte 24c256 EEPROM, writable, 1 bytes/write
[   16.024075] wkup_m3_ipc 44e11324.wkup_m3_ipc: IPC Request for A8->M3 Channel failed! -517
[   16.243968] omap_wdt: OMAP Watchdog Timer Rev 0x01: initial timeout 60 sec
[   16.252640] wkup_m3_ipc 44e11324.wkup_m3_ipc: IPC Request for A8->M3 Channel failed! -517
[   16.595698] usbcore: registered new interface driver usbfs
[   16.601907] usbcore: registered new interface driver hub
[   16.607614] usbcore: registered new device driver usb
[   17.074503] tda998x 0-0070: found TDA19988
[   17.225927] wkup_m3_ipc 44e11324.wkup_m3_ipc: IPC Request for A8->M3 Channel failed! -517
[   17.352160] wkup_m3_ipc 44e11324.wkup_m3_ipc: IPC Request for A8->M3 Channel failed! -517
[   17.365744] musb-hdrc musb-hdrc.1: MUSB HDRC host driver
[   17.371159] musb-hdrc musb-hdrc.1: new USB bus registered, assigned bus number 1
[   17.379560] wkup_m3_ipc 44e11324.wkup_m3_ipc: IPC Request for A8->M3 Channel failed! -517
[   17.594165] omap-mailbox 480c8000.mailbox: omap mailbox rev 0x400
[   17.660268] usb usb1: New USB device found, idVendor=1d6b, idProduct=0002, bcdDevice= 6.13
[   17.668738] usb usb1: New USB device strings: Mfr=3, Product=2, SerialNumber=1
[   17.676051] usb usb1: Product: MUSB HDRC host driver
[   17.681046] usb usb1: Manufacturer: Linux 6.13.0-rc3-next-20241220 musb-hcd
[   17.688089] usb usb1: SerialNumber: musb-hdrc.1
[   17.732058] remoteproc remoteproc0: powering up wkup_m3
[   17.966908] remoteproc remoteproc0: Direct firmware load for am335x-pm-firmware.elf failed with error -2
[   17.976689] remoteproc remoteproc0: request_firmware failed: -2
[   17.982725] wkup_m3_ipc 44e11324.wkup_m3_ipc: rproc_boot failed
[   18.208546] hub 1-0:1.0: USB hub found
[   18.320679] hub 1-0:1.0: 1 port detected
[   20.728253] omap_rng 48310000.rng: Random Number Generator ver. 20
[   20.762031] tilcdc 4830e000.lcdc: bound 0-0070 (ops tda998x_driver_exit [tda998x])
[   20.824713] [drm] Initialized tilcdc 1.0.0 for 4830e000.lcdc on minor 0
[   20.897235] tilcdc 4830e000.lcdc: [drm] Cannot find any crtc or sizes
[   20.927773] tilcdc 4830e000.lcdc: [drm] Cannot find any crtc or sizes
[   21.608612] omap-sham 53100000.sham: hw accel on OMAP rev 4.3
[   21.624895] PM: Cannot get wkup_m3_ipc handle
[   21.759933] omap-sham 53100000.sham: will run requests pump with realtime priority
[   21.772204] PM: Cannot get wkup_m3_ipc handle
[   21.889572] omap-aes 53500000.aes: OMAP AES hw accel rev: 3.2
[   22.007736] omap-aes 53500000.aes: will run requests pump with realtime priority
[   22.044868] PM: Cannot get wkup_m3_ipc handle
[   23.975331] Bluetooth: Core ver 2.22
[   23.979143] NET: Registered PF_BLUETOOTH protocol family
[   23.984709] Bluetooth: HCI device and connection manager initialized
[   23.991131] Bluetooth: HCI socket layer initialized
[   23.996256] Bluetooth: L2CAP socket layer initialized
[   24.001383] Bluetooth: SCO socket layer initialized
[   25.487833] PM: Cannot get wkup_m3_ipc handle
[   25.493863] asoc-simple-card sound: using DT '/sound' for 'simple-audio-card,hp-det' GPIO lookup
[   25.493940] of_get_named_gpiod_flags: can't parse 'simple-audio-card,hp-det-gpios' property of node '/sound[0]'
[   25.493976] of_get_named_gpiod_flags: can't parse 'simple-audio-card,hp-det-gpio' property of node '/sound[0]'
[   25.494001] asoc-simple-card sound: using lookup tables for GPIO lookup
[   25.494015] asoc-simple-card sound: No GPIO consumer simple-audio-card,hp-det found
[   25.494031] asoc-simple-card sound: using DT '/sound' for 'simple-audio-card,mic-det' GPIO lookup
[   25.494056] of_get_named_gpiod_flags: can't parse 'simple-audio-card,mic-det-gpios' property of node '/sound[0]'
[   25.494082] of_get_named_gpiod_flags: can't parse 'simple-audio-card,mic-det-gpio' property of node '/sound[0]'
[   25.494103] asoc-simple-card sound: using lookup tables for GPIO lookup
[   25.494115] asoc-simple-card sound: No GPIO consumer simple-audio-card,mic-det found
[   25.626587] PM: Cannot get wkup_m3_ipc handle
[   28.185392] userial_init: registered 8 ttyGS* devices
[   28.449730] rndis_register: configNr = 0
[   28.543831] udc musb-hdrc.0: binding gadget driver [g_multi]
[   28.543929] configfs-gadget.g_multi gadget.0: adding 'rndis'/26f9f99d to config 'c'/c9f726ea
[   28.545072] configfs-gadget.g_multi gadget.0: HOST MAC 1c:ba:8c:a2:ed:6c
[   28.552093] configfs-gadget.g_multi gadget.0: MAC 1c:ba:8c:a2:ed:70
[   28.558466] rndis_set_param_medium: 0 0
[   28.558488] configfs-gadget.g_multi gadget.0: RNDIS: IN/ep1in OUT/ep1out NOTIFY/ep2in
[   28.558507] configfs-gadget.g_multi gadget.0: adding 'cdc_ethernet'/0a5c81ce to config 'c'/c9f726ea
[   28.559503] configfs-gadget.g_multi gadget.0: HOST MAC 1c:ba:8c:a2:ed:6c
[   28.566417] configfs-gadget.g_multi gadget.0: MAC 1c:ba:8c:a2:ed:6d
[   28.572804] configfs-gadget.g_multi gadget.0: CDC Ethernet: IN/ep3in OUT/ep2out NOTIFY/ep4in
[   28.572826] configfs-gadget.g_multi gadget.0: adding 'acm'/dc5fa0b1 to config 'c'/c9f726ea
[   28.572871] configfs-gadget.g_multi gadget.0: acm ttyGS0: IN/ep5in OUT/ep3out NOTIFY/ep6in
[   28.579211] PM: Cannot get wkup_m3_ipc handle
[   29.809323] configfs-gadget.g_multi gadget.0: eth_open
[   31.348140] configfs-gadget.g_multi gadget.0: stop stats: rx/tx 0/0, errs 0/0
[   35.258542] gs_open: ttyGS0 (60f78993,e52dbe58)
[   35.258709] gs_close: ttyGS0 (60f78993,e52dbe58) ...
[   35.258734] gs_close: ttyGS0 (60f78993,e52dbe58) done!
[   35.273329] gs_open: ttyGS0 (3e43f9fd,b7dfdb95)
[   35.273453] gs_close: ttyGS0 (3e43f9fd,b7dfdb95) ...
[   35.273477] gs_close: ttyGS0 (3e43f9fd,b7dfdb95) done!
[   35.424683] gs_open: ttyGS0 (3e43f9fd,458e92d5)
[   35.424934] gs_close: ttyGS0 (3e43f9fd,458e92d5) ...
[   35.424964] gs_close: ttyGS0 (3e43f9fd,458e92d5) done!
[   35.434317] gs_open: ttyGS0 (3e43f9fd,b7dfdb95)
QQFCZSZQPV 0
root@arm:~# echo 'GMYH''ATGMFG'
GMYHATGMFG
root@arm:~# MARKER='WUGW''UOVMUA' run 'modprobe test_linear_ranges'
WUGWUOVMUAWUGWUOVMUA 0
root@arm:~# echo 'FPFL''TUUXEF'
FPFLTUUXEF
root@arm:~# MARKER='AVGB''BHPHAK' run dmesg
AVGBBHPHAK[    0.000000] Booting Linux on physical CPU 0x0
[    0.000000] Linux version 6.13.0-rc3-next-20241220 (user01@drvtest01) (arm-linux-gnueabihf-gcc (Linaro GCC 6.4-2017.11) 6.4.1 20171012, GNU ld (Linaro_Binutils-2017.11) 2.27.0.20161229) #2 SMP Fri Dec 20 07:52:12 EET 2024
[    0.000000] CPU: ARMv7 Processor [413fc082] revision 2 (ARMv7), cr=10c5387d
[    0.000000] CPU: PIPT / VIPT nonaliasing data cache, VIPT aliasing instruction cache
[    0.000000] OF: fdt: Machine model: TI AM335x BeagleBone Black
[    0.000000] Memory policy: Data cache writeback
[    0.000000] cma: Reserved 16 MiB at 0x9e800000 on node -1
[    0.000000] Zone ranges:
[    0.000000]   Normal   [mem 0x0000000080000000-0x000000009fdfffff]
[    0.000000]   HighMem  empty
[    0.000000] Movable zone start for each node
[    0.000000] Early memory node ranges
[    0.000000]   node   0: [mem 0x0000000080000000-0x000000009fdfffff]
[    0.000000] Initmem setup node 0 [mem 0x0000000080000000-0x000000009fdfffff]
[    0.000000] OF: reserved mem: Reserved memory: No reserved-memory node in the DT
[    0.000000] CPU: All CPU(s) started in SVC mode.
[    0.000000] AM335X ES2.1 (sgx neon)
[    0.000000] percpu: Embedded 17 pages/cpu s39628 r8192 d21812 u69632
[    0.000000] pcpu-alloc: s39628 r8192 d21812 u69632 alloc=17*4096
[    0.000000] pcpu-alloc: [0] 0 
[    0.000000] Kernel command line: console=ttyO0,115200n8 root=/dev/nfs rw nfsroot=192.168.255.126:/home/user01/nfs,nfsvers=3 ip=192.168.255.1:192.168.255.126::255.255.255.0:bbb1:eth0 nfsrootdebug
[    0.000000] Unknown kernel command line parameters "nfsrootdebug", will be passed to user space.
[    0.000000] printk: log buffer data + meta data: 65536 + 204800 = 270336 bytes
[    0.000000] Dentry cache hash table entries: 65536 (order: 6, 262144 bytes, linear)
[    0.000000] Inode-cache hash table entries: 32768 (order: 5, 131072 bytes, linear)
[    0.000000] Built 1 zonelists, mobility grouping on.  Total pages: 130560
[    0.000000] mem auto-init: stack:off, heap alloc:off, heap free:off
[    0.000000] SLUB: HWalign=64, Order=0-3, MinObjects=0, CPUs=1, Nodes=1
[    0.000000] rcu: Hierarchical RCU implementation.
[    0.000000] rcu: 	RCU event tracing is enabled.
[    0.000000] rcu: 	RCU restricting CPUs from NR_CPUS=2 to nr_cpu_ids=1.
[    0.000000] 	Tracing variant of Tasks RCU enabled.
[    0.000000] rcu: RCU calculated value of scheduler-enlistment delay is 10 jiffies.
[    0.000000] rcu: Adjusting geometry for rcu_fanout_leaf=16, nr_cpu_ids=1
[    0.000000] RCU Tasks Trace: Setting shift to 0 and lim to 1 rcu_task_cb_adjust=1 rcu_task_cpu_ids=1.
[    0.000000] NR_IRQS: 16, nr_irqs: 16, preallocated irqs: 16
[    0.000000] IRQ: Found an INTC at 0x(ptrval) (revision 5.0) with 128 interrupts
[    0.000000] rcu: srcu_init: Setting srcu_struct sizes based on contention.
[    0.000000] TI gptimer clocksource: always-on /ocp/interconnect@44c00000/segment@200000/target-module@31000
[    0.000002] sched_clock: 32 bits at 24MHz, resolution 41ns, wraps every 89478484971ns
[    0.000029] clocksource: dmtimer: mask: 0xffffffff max_cycles: 0xffffffff, max_idle_ns: 79635851949 ns
[    0.000511] TI gptimer clockevent: 24000000 Hz at /ocp/interconnect@48000000/segment@0/target-module@40000
[    0.002173] Console: colour dummy device 80x30
[    0.002239] WARNING: Your 'console=ttyO0' has been replaced by 'ttyS0'
[    0.002248] This ensures that you still see kernel messages. Please
[    0.002253] update your kernel commandline.
[    0.002295] Calibrating delay loop... 996.14 BogoMIPS (lpj=4980736)
[    0.090627] CPU: Testing write buffer coherency: ok
[    0.090712] CPU0: Spectre v2: using BPIALL workaround
[    0.090723] pid_max: default: 32768 minimum: 301
[    0.090850] LSM: initializing lsm=capability
[    0.091023] Mount-cache hash table entries: 1024 (order: 0, 4096 bytes, linear)
[    0.091047] Mountpoint-cache hash table entries: 1024 (order: 0, 4096 bytes, linear)
[    0.092704] CPU0: thread -1, cpu 0, socket -1, mpidr 0
[    0.160917] Setting up static identity map for 0x80100000 - 0x80100078
[    0.170716] rcu: Hierarchical SRCU implementation.
[    0.170726] rcu: 	Max phase no-delay instances is 1000.
[    0.190755] smp: Bringing up secondary CPUs ...
[    0.190816] smp: Brought up 1 node, 1 CPU
[    0.190830] SMP: Total of 1 processors activated (996.14 BogoMIPS).
[    0.190842] CPU: All CPU(s) started in SVC mode.
[    0.191019] Memory: 480836K/522240K available (11264K kernel code, 1215K rwdata, 2904K rodata, 1024K init, 295K bss, 23388K reserved, 16384K cma-reserved, 0K highmem)
[    0.191901] devtmpfs: initialized
[    0.208867] VFP support v0.3: implementor 41 architecture 3 part 30 variant c rev 3
[    0.209219] clocksource: jiffies: mask: 0xffffffff max_cycles: 0xffffffff, max_idle_ns: 19112604462750000 ns
[    0.209254] futex hash table entries: 256 (order: 2, 16384 bytes, linear)
[    0.210541] pinctrl core: initialized pinctrl subsystem
[    0.213577] NET: Registered PF_NETLINK/PF_ROUTE protocol family
[    0.216384] DMA: preallocated 256 KiB pool for atomic coherent allocations
[    0.217300] audit: initializing netlink subsys (disabled)
[    0.218733] thermal_sys: Registered thermal governor 'fair_share'
[    0.218750] thermal_sys: Registered thermal governor 'step_wise'
[    0.218760] thermal_sys: Registered thermal governor 'user_space'
[    0.218913] audit: type=2000 audit(0.210:1): state=initialized audit_enabled=0 res=1
[    0.218954] cpuidle: using governor menu
[    0.237261] /ocp/interconnect@44c00000/segment@200000/target-module@b000/i2c@0/tda19988@70: Fixed dependency cycle(s) with /ocp/interconnect@48000000/segment@300000/target-module@e000/lcdc@0
[    0.238433] /ocp/interconnect@48000000/segment@300000/target-module@e000/lcdc@0: Fixed dependency cycle(s) with /ocp/interconnect@44c00000/segment@200000/target-module@b000/i2c@0/tda19988@70
[    0.240755] No ATAGs?
[    0.240775] hw-breakpoint: debug architecture 0x4 unsupported.
[    0.243604] kprobes: kprobe jump-optimization is enabled. All kprobes are optimized if possible.
[    0.254209] iommu: Default domain type: Translated
[    0.254233] iommu: DMA domain TLB invalidation policy: strict mode
[    0.255907] reg-fixed-voltage fixedregulator0: using DT '/fixedregulator0' for '(default)' GPIO lookup
[    0.255964] of_get_named_gpiod_flags: can't parse 'gpios' property of node '/fixedregulator0[0]'
[    0.255993] of_get_named_gpiod_flags: can't parse 'gpio' property of node '/fixedregulator0[0]'
[    0.256011] reg-fixed-voltage fixedregulator0: using lookup tables for GPIO lookup
[    0.256022] reg-fixed-voltage fixedregulator0: No GPIO consumer (default) found
[    0.261895] SCSI subsystem initialized
[    0.262402] libata version 3.00 loaded.
[    0.262769] pps_core: LinuxPPS API ver. 1 registered
[    0.262782] pps_core: Software ver. 5.3.6 - Copyright 2005-2007 Rodolfo Giometti <giometti@linux.it>
[    0.262806] PTP clock support registered
[    0.271197] vgaarb: loaded
[    0.271616] clocksource: Switched to clocksource dmtimer
[    0.272268] VFS: Disk quotas dquot_6.6.0
[    0.272311] VFS: Dquot-cache hash table entries: 1024 (order 0, 4096 bytes)
[    0.296670] NET: Registered PF_INET protocol family
[    0.297023] IP idents hash table entries: 8192 (order: 4, 65536 bytes, linear)
[    0.298453] tcp_listen_portaddr_hash hash table entries: 512 (order: 0, 4096 bytes, linear)
[    0.298493] Table-perturb hash table entries: 65536 (order: 6, 262144 bytes, linear)
[    0.298509] TCP established hash table entries: 4096 (order: 2, 16384 bytes, linear)
[    0.298553] TCP bind hash table entries: 4096 (order: 4, 65536 bytes, linear)
[    0.298653] TCP: Hash tables configured (established 4096 bind 4096)
[    0.298770] UDP hash table entries: 256 (order: 1, 14336 bytes, linear)
[    0.298807] UDP-Lite hash table entries: 256 (order: 1, 14336 bytes, linear)
[    0.298985] NET: Registered PF_UNIX/PF_LOCAL protocol family
[    0.300260] RPC: Registered named UNIX socket transport module.
[    0.300283] RPC: Registered udp transport module.
[    0.300289] RPC: Registered tcp transport module.
[    0.300294] RPC: Registered tcp-with-tls transport module.
[    0.300299] RPC: Registered tcp NFSv4.1 backchannel transport module.
[    0.300323] PCI: CLS 0 bytes, default 64
[    0.301921] Initialise system trusted keyrings
[    0.312252] workingset: timestamp_bits=14 max_order=17 bucket_order=3
[    0.313594] NFS: Registering the id_resolver key type
[    0.313679] Key type id_resolver registered
[    0.313687] Key type id_legacy registered
[    0.313737] jffs2: version 2.2. (NAND) (SUMMARY)  Â© 2001-2006 Red Hat, Inc.
[    0.314155] Key type asymmetric registered
[    0.314173] Asymmetric key parser 'x509' registered
[    0.314236] io scheduler mq-deadline registered
[    0.314248] io scheduler kyber registered
[    0.314317] io scheduler bfq registered
[    0.315929] ledtrig-cpu: registered to indicate activity on CPUs
[    0.322132] Serial: 8250/16550 driver, 6 ports, IRQ sharing enabled
[    0.375919] brd: module loaded
[    0.396270] loop: module loaded
[    0.397213] mtdoops: mtd device (mtddev=name/number) must be supplied
[    0.398927] mdio_bus fixed-0: using lookup tables for GPIO lookup
[    0.398952] mdio_bus fixed-0: No GPIO consumer reset found
[    0.400305] i2c_dev: i2c /dev entries driver
[    0.401263] cpuidle: enable-method property 'ti,am3352' found operations
[    0.401893] sdhci: Secure Digital Host Controller Interface driver
[    0.401906] sdhci: Copyright(c) Pierre Ossman
[    0.402098] sdhci-pltfm: SDHCI platform and OF driver helper
[    0.403136] Initializing XFRM netlink socket
[    0.403285] NET: Registered PF_INET6 protocol family
[    0.413264] Segment Routing with IPv6
[    0.413356] In-situ OAM (IOAM) with IPv6
[    0.413455] sit: IPv6, IPv4 and MPLS over IPv4 tunneling driver
[    0.414429] NET: Registered PF_PACKET protocol family
[    0.414466] NET: Registered PF_KEY protocol family
[    0.414610] Key type dns_resolver registered
[    0.414886] ThumbEE CPU extension supported.
[    0.414906] Registering SWP/SWPB emulation handler
[    0.415449] omap_voltage_late_init: Voltage driver support not added
[    0.415818] SmartReflex Class3 initialized
[    0.433649] Loading compiled-in X.509 certificates
[    0.476819] /ocp/interconnect@44c00000/segment@200000/target-module@b000/i2c@0/tda19988@70: Fixed dependency cycle(s) with /ocp/interconnect@48000000/segment@300000/target-module@e000/lcdc@0
[    0.483394] /ocp/interconnect@44c00000/segment@200000/target-module@b000/i2c@0/tda19988@70: Fixed dependency cycle(s) with /ocp/interconnect@48000000/segment@300000/target-module@e000/lcdc@0
[    0.488973] gpiochip_find_base_unlocked: found new base at 512
[    0.507357] /ocp/interconnect@44c00000/segment@200000/target-module@b000/i2c@0/tda19988@70: Fixed dependency cycle(s) with /ocp/interconnect@48000000/segment@300000/target-module@e000/lcdc@0
[    0.508237] /ocp/interconnect@44c00000/segment@200000/target-module@b000/i2c@0/tda19988@70: Fixed dependency cycle(s) with /ocp/interconnect@48000000/segment@300000/target-module@e000/lcdc@0
[    0.511894] /ocp/interconnect@44c00000/segment@200000/target-module@10000/scm@0/pinmux@800: Fixed dependency cycle(s) with /ocp/interconnect@44c00000/segment@200000/target-module@10000/scm@0/pinmux@800/clkout2-pins
[    0.512628] pinctrl-single 44e10800.pinmux: 142 pins, size 568
[    0.517832] ti-sysc 44e31000.target-module: probe with driver ti-sysc failed with error -16
[    0.569031] /ocp/interconnect@48000000/segment@300000/target-module@e000/lcdc@0: Fixed dependency cycle(s) with /ocp/interconnect@44c00000/segment@200000/target-module@b000/i2c@0/tda19988@70
[    0.577157] ti-sysc 48040000.target-module: probe with driver ti-sysc failed with error -16
[    0.588381] gpiochip_find_base_unlocked: found new base at 512
[    0.588486] gpio gpiochip0: (gpio-0-31): created GPIO range 0->7 ==> 44e10800.pinmux PIN 0->7
[    0.588506] gpio gpiochip0: (gpio-0-31): created GPIO range 8->11 ==> 44e10800.pinmux PIN 90->93
[    0.588521] gpio gpiochip0: (gpio-0-31): created GPIO range 12->27 ==> 44e10800.pinmux PIN 12->27
[    0.588537] gpio gpiochip0: (gpio-0-31): created GPIO range 28->31 ==> 44e10800.pinmux PIN 30->33
[    0.615707] gpio gpiochip0: (gpio-0-31): added GPIO chardev (254:0)
[    0.615852] gpio gpiochip0: registered GPIOs 512 to 543 on gpio-0-31
[    0.615938] OMAP GPIO hardware version 0.1
[    0.642893] i2c i2c-2: using DT '/ocp/interconnect@48000000/segment@100000/target-module@9c000/i2c@0' for 'scl' GPIO lookup
[    0.642969] of_get_named_gpiod_flags: can't parse 'scl-gpios' property of node '/ocp/interconnect@48000000/segment@100000/target-module@9c000/i2c@0[0]'
[    0.643014] of_get_named_gpiod_flags: can't parse 'scl-gpio' property of node '/ocp/interconnect@48000000/segment@100000/target-module@9c000/i2c@0[0]'
[    0.643051] i2c i2c-2: using lookup tables for GPIO lookup
[    0.643061] i2c i2c-2: No GPIO consumer scl found
[    0.643084] i2c i2c-2: using DT '/ocp/interconnect@48000000/segment@100000/target-module@9c000/i2c@0' for 'sda' GPIO lookup
[    0.643121] of_get_named_gpiod_flags: can't parse 'sda-gpios' property of node '/ocp/interconnect@48000000/segment@100000/target-module@9c000/i2c@0[0]'
[    0.643159] of_get_named_gpiod_flags: can't parse 'sda-gpio' property of node '/ocp/interconnect@48000000/segment@100000/target-module@9c000/i2c@0[0]'
[    0.643192] i2c i2c-2: using lookup tables for GPIO lookup
[    0.643199] i2c i2c-2: No GPIO consumer sda found
[    0.643928] omap_i2c 4819c000.i2c: bus 2 rev0.11 at 100 kHz
[    0.649362] gpiochip_find_base_unlocked: found new base at 544
[    0.649464] gpio gpiochip1: (gpio-32-63): created GPIO range 0->17 ==> 44e10800.pinmux PIN 34->51
[    0.649484] gpio gpiochip1: (gpio-32-63): created GPIO range 18->21 ==> 44e10800.pinmux PIN 77->80
[    0.649499] gpio gpiochip1: (gpio-32-63): created GPIO range 22->31 ==> 44e10800.pinmux PIN 56->65
[    0.660346] gpio gpiochip1: (gpio-32-63): added GPIO chardev (254:1)
[    0.660516] gpio gpiochip1: registered GPIOs 544 to 575 on gpio-32-63
[    0.662938] gpiochip_find_base_unlocked: found new base at 576
[    0.663037] gpio gpiochip2: (gpio-64-95): created GPIO range 0->4 ==> 44e10800.pinmux PIN 66->70
[    0.663056] gpio gpiochip2: (gpio-64-95): created GPIO range 5->6 ==> 44e10800.pinmux PIN 98->99
[    0.663071] gpio gpiochip2: (gpio-64-95): created GPIO range 7->8 ==> 44e10800.pinmux PIN 75->76
[    0.663086] gpio gpiochip2: (gpio-64-95): created GPIO range 13->13 ==> 44e10800.pinmux PIN 141->141
[    0.663103] gpio gpiochip2: (gpio-64-95): created GPIO range 14->21 ==> 44e10800.pinmux PIN 100->107
[    0.663921] gpio gpiochip2: (gpio-64-95): added GPIO chardev (254:2)
[    0.664061] gpio gpiochip2: registered GPIOs 576 to 607 on gpio-64-95
[    0.669540] 48000000.interconnect:segment@200000:target-module@0:mpu@0:fck: device ID is greater than 24
[    0.670414] /ocp/interconnect@48000000/segment@300000/target-module@e000/lcdc@0: Fixed dependency cycle(s) with /ocp/interconnect@44c00000/segment@200000/target-module@b000/i2c@0/tda19988@70
[    0.673525] /ocp/interconnect@48000000/segment@300000/target-module@e000/lcdc@0: Fixed dependency cycle(s) with /ocp/interconnect@44c00000/segment@200000/target-module@b000/i2c@0/tda19988@70
[    0.674236] /ocp/interconnect@44c00000/segment@200000/target-module@b000/i2c@0/tda19988@70: Fixed dependency cycle(s) with /ocp/interconnect@48000000/segment@300000/target-module@e000/lcdc@0
[    0.674396] /ocp/interconnect@48000000/segment@300000/target-module@e000/lcdc@0: Fixed dependency cycle(s) with /ocp/interconnect@44c00000/segment@200000/target-module@b000/i2c@0/tda19988@70
[    0.684013] mdio_bus 4a101000.mdio: using DT '/ocp/interconnect@4a000000/segment@0/target-module@100000/switch@0/mdio@1000' for 'reset' GPIO lookup
[    0.684091] of_get_named_gpiod_flags: can't parse 'reset-gpios' property of node '/ocp/interconnect@4a000000/segment@0/target-module@100000/switch@0/mdio@1000[0]'
[    0.684141] of_get_named_gpiod_flags: can't parse 'reset-gpio' property of node '/ocp/interconnect@4a000000/segment@0/target-module@100000/switch@0/mdio@1000[0]'
[    0.684191] mdio_bus 4a101000.mdio: using lookup tables for GPIO lookup
[    0.684201] mdio_bus 4a101000.mdio: No GPIO consumer reset found
[    0.685469] sdhci-omap 481d8000.mmc: using DT '/ocp/interconnect@48000000/segment@100000/target-module@d8000/mmc@0' for 'wp' GPIO lookup
[    0.685534] of_get_named_gpiod_flags: can't parse 'wp-gpios' property of node '/ocp/interconnect@48000000/segment@100000/target-module@d8000/mmc@0[0]'
[    0.685577] of_get_named_gpiod_flags: can't parse 'wp-gpio' property of node '/ocp/interconnect@48000000/segment@100000/target-module@d8000/mmc@0[0]'
[    0.685613] sdhci-omap 481d8000.mmc: using lookup tables for GPIO lookup
[    0.685623] sdhci-omap 481d8000.mmc: No GPIO consumer wp found
[    0.685817] sdhci-omap 481d8000.mmc: supply pbias not found, using dummy regulator
[    0.686334] sdhci-omap 481d8000.mmc: supply vqmmc not found, using dummy regulator
[    0.739373] davinci_mdio 4a101000.mdio: davinci mdio revision 1.6, bus freq 1000000
[    0.756693] mdio_bus 4a101000.mdio:00: using DT '/ocp/interconnect@4a000000/segment@0/target-module@100000/switch@0/mdio@1000/ethernet-phy@0' for 'reset' GPIO lookup
[    0.756796] of_get_named_gpiod_flags: parsed 'reset-gpios' property of node '/ocp/interconnect@4a000000/segment@0/target-module@100000/switch@0/mdio@1000/ethernet-phy@0[0]' - status (0)
[    0.756960] gpio gpiochip0: Persistence not supported for GPIO 8
[    0.886879] davinci_mdio 4a101000.mdio: phy[0]: device 4a101000.mdio:00, driver SMSC LAN8710/LAN8720
[    0.887660] cpsw-switch 4a100000.switch: initialized cpsw ale version 1.4
[    0.887683] cpsw-switch 4a100000.switch: ALE Table size 1024, Policers 0
[    0.888014] cpsw-switch 4a100000.switch: cpts: overflow check period 500 (jiffies)
[    0.888035] cpsw-switch 4a100000.switch: CPTS: ref_clk_freq:250000000 calc_mult:2147483648 calc_shift:29 error:0 nsec/sec
[    0.888150] cpsw-switch 4a100000.switch: Detected MACID = 6c:ec:eb:68:de:78
[    0.889968] cpsw-switch 4a100000.switch: initialized (regs 0x4a100000, pool size 256) hw_ver:0019010C 1.12 (0)
[    0.900977] debugfs: Directory '49000000.dma' with parent 'dmaengine' already present!
[    0.901019] edma 49000000.dma: TI EDMA DMA engine driver
[    0.941564] target-module@4b000000:target-module@140000:pmu@0:fck: device ID is greater than 24
[    0.955801] hw perfevents: enabled with armv7_cortex_a8 PMU driver, 5 (8000000f) counters available
[    0.956753] gpio-clk clk_mcasp0: using DT '/clk_mcasp0' for 'enable' GPIO lookup
[    0.956823] of_get_named_gpiod_flags: parsed 'enable-gpios' property of node '/clk_mcasp0[0]' - status (0)
[    0.956867] gpio gpiochip0: Persistence not supported for GPIO 27
[    0.957679] gpiochip_find_base_unlocked: found new base at 608
[    0.957789] gpio gpiochip3: (gpio-96-127): created GPIO range 0->7 ==> 44e10800.pinmux PIN 82->89
[    0.957809] gpio gpiochip3: (gpio-96-127): created GPIO range 8->11 ==> 44e10800.pinmux PIN 52->55
[    0.957825] gpio gpiochip3: (gpio-96-127): created GPIO range 12->15 ==> 44e10800.pinmux PIN 94->97
[    0.957840] gpio gpiochip3: (gpio-96-127): created GPIO range 16->17 ==> 44e10800.pinmux PIN 71->72
[    0.957856] gpio gpiochip3: (gpio-96-127): created GPIO range 18->18 ==> 44e10800.pinmux PIN 135->135
[    0.957872] gpio gpiochip3: (gpio-96-127): created GPIO range 19->20 ==> 44e10800.pinmux PIN 108->109
[    0.957888] gpio gpiochip3: (gpio-96-127): created GPIO range 21->21 ==> 44e10800.pinmux PIN 73->73
[    0.957910] gpio gpiochip3: (gpio-96-127): created GPIO range 22->23 ==> 44e10800.pinmux PIN 8->9
[    0.957932] gpio gpiochip3: (gpio-96-127): created GPIO range 26->27 ==> 44e10800.pinmux PIN 10->11
[    0.957950] gpio gpiochip3: (gpio-96-127): created GPIO range 28->28 ==> 44e10800.pinmux PIN 74->74
[    0.957967] gpio gpiochip3: (gpio-96-127): created GPIO range 29->29 ==> 44e10800.pinmux PIN 81->81
[    0.957986] gpio gpiochip3: (gpio-96-127): created GPIO range 30->31 ==> 44e10800.pinmux PIN 28->29
[    0.963573] l3-aon-clkctrl:0000:0: failed to disable
[    0.963944] gpio gpiochip3: (gpio-96-127): added GPIO chardev (254:3)
[    0.964092] gpio gpiochip3: registered GPIOs 608 to 639 on gpio-96-127
[    0.975493] omap8250 44e09000.serial: using DT '/ocp/interconnect@44c00000/segment@200000/target-module@9000/serial@0' for 'rs485-term' GPIO lookup
[    0.975571] of_get_named_gpiod_flags: can't parse 'rs485-term-gpios' property of node '/ocp/interconnect@44c00000/segment@200000/target-module@9000/serial@0[0]'
[    0.975617] of_get_named_gpiod_flags: can't parse 'rs485-term-gpio' property of node '/ocp/interconnect@44c00000/segment@200000/target-module@9000/serial@0[0]'
[    0.975655] omap8250 44e09000.serial: using lookup tables for GPIO lookup
[    0.975665] omap8250 44e09000.serial: No GPIO consumer rs485-term found
[    0.975675] omap8250 44e09000.serial: using DT '/ocp/interconnect@44c00000/segment@200000/target-module@9000/serial@0' for 'rs485-rx-during-tx' GPIO lookup
[    0.975712] of_get_named_gpiod_flags: can't parse 'rs485-rx-during-tx-gpios' property of node '/ocp/interconnect@44c00000/segment@200000/target-module@9000/serial@0[0]'
[    0.975750] of_get_named_gpiod_flags: can't parse 'rs485-rx-during-tx-gpio' property of node '/ocp/interconnect@44c00000/segment@200000/target-module@9000/serial@0[0]'
[    0.975783] omap8250 44e09000.serial: using lookup tables for GPIO lookup
[    0.975791] omap8250 44e09000.serial: No GPIO consumer rs485-rx-during-tx found
[    0.976166] 44e09000.serial: ttyS0 at MMIO 0x44e09000 (irq = 34, base_baud = 3000000) is a 8250
[    0.976253] printk: legacy console [ttyS0] enabled
[    2.476029] i2c i2c-0: using DT '/ocp/interconnect@44c00000/segment@200000/target-module@b000/i2c@0' for 'scl' GPIO lookup
[    2.476121] of_get_named_gpiod_flags: can't parse 'scl-gpios' property of node '/ocp/interconnect@44c00000/segment@200000/target-module@b000/i2c@0[0]'
[    2.476172] of_get_named_gpiod_flags: can't parse 'scl-gpio' property of node '/ocp/interconnect@44c00000/segment@200000/target-module@b000/i2c@0[0]'
[    2.476213] i2c i2c-0: using lookup tables for GPIO lookup
[    2.476227] i2c i2c-0: No GPIO consumer scl found
[    2.476254] i2c i2c-0: using DT '/ocp/interconnect@44c00000/segment@200000/target-module@b000/i2c@0' for 'sda' GPIO lookup
[    2.476295] of_get_named_gpiod_flags: can't parse 'sda-gpios' property of node '/ocp/interconnect@44c00000/segment@200000/target-module@b000/i2c@0[0]'
[    2.476338] of_get_named_gpiod_flags: can't parse 'sda-gpio' property of node '/ocp/interconnect@44c00000/segment@200000/target-module@b000/i2c@0[0]'
[    2.476375] i2c i2c-0: using lookup tables for GPIO lookup
[    2.476387] i2c i2c-0: No GPIO consumer sda found
[    2.492618] tps65217-pmic: Failed to locate of_node [id: -1]
[    2.498698] tps65217-bl: Failed to locate of_node [id: -1]
[    2.510097] tps65217 0-0024: TPS65217 ID 0xe version 1.2
[    2.516252] /ocp/interconnect@48000000/segment@300000/target-module@e000/lcdc@0: Fixed dependency cycle(s) with /ocp/interconnect@44c00000/segment@200000/target-module@b000/i2c@0/tda19988@70
[    2.533633] /ocp/interconnect@44c00000/segment@200000/target-module@b000/i2c@0/tda19988@70: Fixed dependency cycle(s) with /ocp/interconnect@48000000/segment@300000/target-module@e000/lcdc@0
[    2.551000] omap_i2c 44e0b000.i2c: bus 0 rev0.11 at 400 kHz
[    2.558828] sdhci-omap 48060000.mmc: using DT '/ocp/interconnect@48000000/segment@0/target-module@60000/mmc@0' for 'cd' GPIO lookup
[    2.558948] of_get_named_gpiod_flags: parsed 'cd-gpios' property of node '/ocp/interconnect@48000000/segment@0/target-module@60000/mmc@0[0]' - status (0)
[    2.559015] gpio gpiochip3: Persistence not supported for GPIO 6
[    2.559041] omap_gpio 44e07000.gpio: Could not set line 6 debounce to 200000 microseconds (-22)
[    2.567930] sdhci-omap 48060000.mmc: Got CD GPIO
[    2.572614] sdhci-omap 48060000.mmc: using DT '/ocp/interconnect@48000000/segment@0/target-module@60000/mmc@0' for 'wp' GPIO lookup
[    2.572664] of_get_named_gpiod_flags: can't parse 'wp-gpios' property of node '/ocp/interconnect@48000000/segment@0/target-module@60000/mmc@0[0]'
[    2.572709] of_get_named_gpiod_flags: can't parse 'wp-gpio' property of node '/ocp/interconnect@48000000/segment@0/target-module@60000/mmc@0[0]'
[    2.572750] sdhci-omap 48060000.mmc: using lookup tables for GPIO lookup
[    2.572764] sdhci-omap 48060000.mmc: No GPIO consumer wp found
[    2.572976] sdhci-omap 48060000.mmc: supply pbias not found, using dummy regulator
[    2.581763] sdhci-omap 481d8000.mmc: using DT '/ocp/interconnect@48000000/segment@100000/target-module@d8000/mmc@0' for 'wp' GPIO lookup
[    2.581844] of_get_named_gpiod_flags: can't parse 'wp-gpios' property of node '/ocp/interconnect@48000000/segment@100000/target-module@d8000/mmc@0[0]'
[    2.581895] of_get_named_gpiod_flags: can't parse 'wp-gpio' property of node '/ocp/interconnect@48000000/segment@100000/target-module@d8000/mmc@0[0]'
[    2.581936] sdhci-omap 481d8000.mmc: using lookup tables for GPIO lookup
[    2.581949] sdhci-omap 481d8000.mmc: No GPIO consumer wp found
[    2.583292] sdhci-omap 48060000.mmc: supply vqmmc not found, using dummy regulator
[    2.592311] sdhci-omap 481d8000.mmc: supply pbias not found, using dummy regulator
[    2.600301] sdhci-omap 481d8000.mmc: supply vqmmc not found, using dummy regulator
[    2.639737] mmc1: SDHCI controller on 481d8000.mmc [481d8000.mmc] using External DMA
[    2.648266] mmc0: SDHCI controller on 48060000.mmc [48060000.mmc] using External DMA
[    2.657194] cpsw-switch 4a100000.switch: starting ndev. mode: dual_mac
[    2.700804] mmc0: new high speed SDHC card at address 5048
[    2.708102] mmcblk0: mmc0:5048 SD16G 14.4 GiB
[    2.716276]  mmcblk0: p1 p2
[    2.719690] mmcblk0: p2 size 31221760 extends beyond EOD, truncated
[    2.732932] SMSC LAN8710/LAN8720 4a101000.mdio:00: attached PHY driver (mii_bus:phy_addr=4a101000.mdio:00, irq=POLL)
[    2.745514] mmc1: new high speed MMC card at address 0001
[    2.752467] mmcblk1: mmc1:0001 MMC04G 3.60 GiB
[    2.764068]  mmcblk1: p1 p2
[    2.768352] mmcblk1boot0: mmc1:0001 MMC04G 2.00 MiB
[    2.775703] mmcblk1boot1: mmc1:0001 MMC04G 2.00 MiB
[    2.783123] mmcblk1rpmb: mmc1:0001 MMC04G 128 KiB, chardev (250:0)
[    5.922403] cpsw-switch 4a100000.switch eth0: Link is Up - 100Mbps/Full - flow control off
[    5.961859] IP-Config: Complete:
