Labgrid Console Logfile for main
Logfile started at 2025-09-04 19:23:58.363237
=== Log starts here ===
reading args
spl_load_image_fat_os: error reading image args, err - -1
reading u-boot.img
reading u-boot.img


U-Boot 2014.04-00014-g47880f5 (Apr 22 2014 - 13:23:54)

I2C:   ready
DRAM:  512 MiB
NAND:  0 MiB
MMC:   OMAP SD/MMC: 0, OMAP SD/MMC: 1
*** Warning - readenv() failed, using default environment

Net:   <ethaddr> not set. Validating first E-fuse MAC
cpsw, usb_ether
Hit any key to stop autoboot:  1  0 
gpio: pin 53 (gpio 53) value is 1
mmc0 is current device
gpio: pin 54 (gpio 54) value is 1
SD/MMC found on device 0
reading uEnv.txt
569 bytes read in 4 ms (138.7 KiB/s)
gpio: pin 55 (gpio 55) value is 1
Loaded environment from uEnv.txt
Importing environment from mmc ...
Checking if uenvcmd is set ...
gpio: pin 56 (gpio 56) value is 1
Running uenvcmd ...
cpsw Waiting for PHY auto negotiation to complete. done
link up on port 0, speed 100, full duplex
Using cpsw device
TFTP from server 192.168.255.126; our IP address is 192.168.255.1
Filename 'zImage'.
Load address: 0x81000000
Loading: *#################################################################
	 #################################################################
	 #################################################################
	 #################################################################
	 #################################################################
	 ###########################################################
	 2.4 MiB/s
done
Bytes transferred = 5623240 (55cdc8 hex)
link up on port 0, speed 100, full duplex
Using cpsw device
TFTP from server 192.168.255.126; our IP address is 192.168.255.1
Filename 'am335x-boneblack.dtb'.
Load address: 0x82000000
Loading: *#######
	 2.3 MiB/s
done
Bytes transferred = 98244 (17fc4 hex)
Kernel image @ 0x81000000 [ 0x000000 - 0x55cdc8 ]
## Flattened Device Tree blob at 82000000
   Booting using the fdt blob at 0x82000000
   Using Device Tree in place at 82000000, end 8201afc3

Starting kernel ...

[    0.000000] Booting Linux on physical CPU 0x0
[    0.000000] Linux version 6.16.5-90809-g2bd84652053c (user01@drvtest01) (arm-none-eabi-gcc (Arm GNU Toolchain 14.2.Rel1 (Build arm-14.52)) 14.2.1 20241119, GNU ld (Arm GNU Toolchain 14.2.Rel1 (Build arm-14.52)) 2.43.1.20241119) #1 SMP Thu Sep  4 19:22:10 EEST 2025
[    0.000000] CPU: ARMv7 Processor [413fc082] revision 2 (ARMv7), cr=10c5387d
[    0.000000] CPU: PIPT / VIPT nonaliasing data cache, VIPT aliasing instruction cache
[    0.000000] OF: fdt: Machine model: TI AM335x BeagleBone Black
[    0.000000] Memory policy: Data cache writeback
[    0.000000] cma: Reserved 16 MiB at 0x9e800000
[    0.000000] Zone ranges:
[    0.000000]   Normal   [mem 0x0000000080000000-0x000000009fdfffff]
[    0.000000]   HighMem  empty
[    0.000000] Movable zone start for each node
[    0.000000] Early memory node ranges
[    0.000000]   node   0: [mem 0x0000000080000000-0x000000009fdfffff]
[    0.000000] Initmem setup node 0 [mem 0x0000000080000000-0x000000009fdfffff]
[    0.000000] On node 0, zone Normal: 512 pages in unavailable ranges
[    0.000000] OF: reserved mem: Reserved memory: No reserved-memory node in the DT
[    0.000000] CPU: All CPU(s) started in SVC mode.
[    0.000000] AM335X ES2.1 (sgx neon)
[    0.000000] percpu: Embedded 17 pages/cpu s39820 r8192 d21620 u69632
[    0.000000] Kernel command line: console=ttyO0,115200n8 root=/dev/nfs rw nfsroot=192.168.255.126:/home/user01/nfs,nfsvers=3 ip=192.168.255.1:192.168.255.126::255.255.255.0:bbb1:eth0 nfsrootdebug
[    0.000000] Unknown kernel command line parameters "nfsrootdebug", will be passed to user space.
[    0.000000] printk: log buffer data + meta data: 65536 + 204800 = 270336 bytes
[    0.000000] Dentry cache hash table entries: 65536 (order: 6, 262144 bytes, linear)
[    0.000000] Inode-cache hash table entries: 32768 (order: 5, 131072 bytes, linear)
[    0.000000] Built 1 zonelists, mobility grouping on.  Total pages: 130560
[    0.000000] mem auto-init: stack:off, heap alloc:off, heap free:off
[    0.000000] SLUB: HWalign=16, Order=0-3, MinObjects=0, CPUs=1, Nodes=1
[    0.000000] rcu: Hierarchical RCU implementation.
[    0.000000] rcu: 	RCU event tracing is enabled.
[    0.000000] rcu: 	RCU restricting CPUs from NR_CPUS=2 to nr_cpu_ids=1.
[    0.000000] 	Tracing variant of Tasks RCU enabled.
[    0.000000] rcu: RCU calculated value of scheduler-enlistment delay is 10 jiffies.
[    0.000000] rcu: Adjusting geometry for rcu_fanout_leaf=16, nr_cpu_ids=1
[    0.000000] RCU Tasks Trace: Setting shift to 0 and lim to 1 rcu_task_cb_adjust=1 rcu_task_cpu_ids=1.
[    0.000000] NR_IRQS: 16, nr_irqs: 16, preallocated irqs: 16
[    0.000000] IRQ: Found an INTC at 0x(ptrval) (revision 5.0) with 128 interrupts
[    0.000000] rcu: srcu_init: Setting srcu_struct sizes based on contention.
[    0.000000] TI gptimer clocksource: always-on /ocp/interconnect@44c00000/segment@200000/target-module@31000
[    0.000003] sched_clock: 32 bits at 24MHz, resolution 41ns, wraps every 89478484971ns
[    0.000026] clocksource: dmtimer: mask: 0xffffffff max_cycles: 0xffffffff, max_idle_ns: 79635851949 ns
[    0.000511] TI gptimer clockevent: 24000000 Hz at /ocp/interconnect@48000000/segment@0/target-module@40000
[    0.002136] Console: colour dummy device 80x30
[    0.002199] WARNING: Your 'console=ttyO0' has been replaced by 'ttyS0'
[    0.002206] This ensures that you still see kernel messages. Please
[    0.002210] update your kernel commandline.
[    0.002254] Calibrating delay loop... 996.14 BogoMIPS (lpj=4980736)
[    0.090556] CPU: Testing write buffer coherency: ok
[    0.090670] CPU0: Spectre v2: using BPIALL workaround
[    0.090681] pid_max: default: 32768 minimum: 301
[    0.090836] LSM: initializing lsm=capability
[    0.091014] Mount-cache hash table entries: 1024 (order: 0, 4096 bytes, linear)
[    0.091034] Mountpoint-cache hash table entries: 1024 (order: 0, 4096 bytes, linear)
[    0.092655] CPU0: thread -1, cpu 0, socket -1, mpidr 0
[    0.092712] cacheinfo: Unable to detect cache hierarchy for CPU 0
[    0.094748] Setting up static identity map for 0x80100000 - 0x80100078
[    0.095065] rcu: Hierarchical SRCU implementation.
[    0.095075] rcu: 	Max phase no-delay instances is 1000.
[    0.096795] smp: Bringing up secondary CPUs ...
[    0.096847] smp: Brought up 1 node, 1 CPU
[    0.096860] SMP: Total of 1 processors activated (996.14 BogoMIPS).
[    0.096871] CPU: All CPU(s) started in SVC mode.
[    0.097060] Memory: 480820K/522240K available (11264K kernel code, 1221K rwdata, 2924K rodata, 1024K init, 287K bss, 23388K reserved, 16384K cma-reserved, 0K highmem)
[    0.097888] devtmpfs: initialized
[    0.115250] VFP support v0.3: implementor 41 architecture 3 part 30 variant c rev 3
[    0.115876] clocksource: jiffies: mask: 0xffffffff max_cycles: 0xffffffff, max_idle_ns: 19112604462750000 ns
[    0.115932] posixtimers hash table entries: 512 (order: 0, 4096 bytes, linear)
[    0.115958] futex hash table entries: 256 (16384 bytes on 1 NUMA nodes, total 16 KiB, linear).
[    0.117091] pinctrl core: initialized pinctrl subsystem
[    0.119132] NET: Registered PF_NETLINK/PF_ROUTE protocol family
[    0.122238] DMA: preallocated 256 KiB pool for atomic coherent allocations
[    0.123182] audit: initializing netlink subsys (disabled)
[    0.124566] thermal_sys: Registered thermal governor 'fair_share'
[    0.124581] thermal_sys: Registered thermal governor 'step_wise'
[    0.124591] thermal_sys: Registered thermal governor 'user_space'
[    0.124704] audit: type=2000 audit(0.120:1): state=initialized audit_enabled=0 res=1
[    0.124779] cpuidle: using governor menu
[    0.142699] /ocp/interconnect@44c00000/segment@200000/target-module@b000/i2c@0/tda19988@70: Fixed dependency cycle(s) with /ocp/interconnect@48000000/segment@300000/target-module@e000/lcdc@0
[    0.143814] /ocp/interconnect@48000000/segment@300000/target-module@e000/lcdc@0: Fixed dependency cycle(s) with /ocp/interconnect@44c00000/segment@200000/target-module@b000/i2c@0/tda19988@70
[    0.146003] No ATAGs?
[    0.146046] hw-breakpoint: debug architecture 0x4 unsupported.
[    0.148765] kprobes: kprobe jump-optimization is enabled. All kprobes are optimized if possible.
[    0.154121] iommu: Default domain type: Translated
[    0.154142] iommu: DMA domain TLB invalidation policy: strict mode
[    0.161680] SCSI subsystem initialized
[    0.162560] pps_core: LinuxPPS API ver. 1 registered
[    0.162573] pps_core: Software ver. 5.3.6 - Copyright 2005-2007 Rodolfo Giometti <giometti@linux.it>
[    0.162595] PTP clock support registered
[    0.171476] vgaarb: loaded
[    0.171856] clocksource: Switched to clocksource dmtimer
[    0.172533] VFS: Disk quotas dquot_6.6.0
[    0.172587] VFS: Dquot-cache hash table entries: 1024 (order 0, 4096 bytes)
[    0.197239] NET: Registered PF_INET protocol family
[    0.197580] IP idents hash table entries: 8192 (order: 4, 65536 bytes, linear)
[    0.199013] tcp_listen_portaddr_hash hash table entries: 512 (order: 0, 4096 bytes, linear)
[    0.199052] Table-perturb hash table entries: 65536 (order: 6, 262144 bytes, linear)
[    0.199072] TCP established hash table entries: 4096 (order: 2, 16384 bytes, linear)
[    0.199117] TCP bind hash table entries: 4096 (order: 4, 65536 bytes, linear)
[    0.199216] TCP: Hash tables configured (established 4096 bind 4096)
[    0.199339] UDP hash table entries: 256 (order: 1, 14336 bytes, linear)
[    0.199373] UDP-Lite hash table entries: 256 (order: 1, 14336 bytes, linear)
[    0.199558] NET: Registered PF_UNIX/PF_LOCAL protocol family
[    0.200861] RPC: Registered named UNIX socket transport module.
[    0.200882] RPC: Registered udp transport module.
[    0.200887] RPC: Registered tcp transport module.
[    0.200891] RPC: Registered tcp-with-tls transport module.
[    0.200897] RPC: Registered tcp NFSv4.1 backchannel transport module.
[    0.200920] PCI: CLS 0 bytes, default 64
[    0.202451] Initialise system trusted keyrings
[    0.212782] workingset: timestamp_bits=14 max_order=17 bucket_order=3
[    0.214142] NFS: Registering the id_resolver key type
[    0.214240] Key type id_resolver registered
[    0.214247] Key type id_legacy registered
[    0.214359] jffs2: version 2.2. (NAND) (SUMMARY)  Â© 2001-2006 Red Hat, Inc.
[    0.214822] Key type asymmetric registered
[    0.214839] Asymmetric key parser 'x509' registered
[    0.214909] io scheduler mq-deadline registered
[    0.214919] io scheduler kyber registered
[    0.214990] io scheduler bfq registered
[    0.216871] target-module@4b000000:target-module@140000:pmu@0:fck: device ID is greater than 24
[    0.223062] l3-aon-clkctrl:0000:0: failed to disable
[    0.232103] ledtrig-cpu: registered to indicate activity on CPUs
[    0.234937] Serial: 8250/16550 driver, 6 ports, IRQ sharing enabled
[    0.276351] brd: module loaded
[    0.301189] loop: module loaded
[    0.302315] mtdoops: mtd device (mtddev=name/number) must be supplied
[    0.305425] i2c_dev: i2c /dev entries driver
[    0.306414] cpuidle: enable-method property 'ti,am3352' found operations
[    0.306869] sdhci: Secure Digital Host Controller Interface driver
[    0.306878] sdhci: Copyright(c) Pierre Ossman
[    0.307052] sdhci-pltfm: SDHCI platform and OF driver helper
[    0.308518] hw perfevents: enabled with armv7_cortex_a8 PMU driver, 5 (8000000f) counters available
[    0.309036] Initializing XFRM netlink socket
[    0.309214] NET: Registered PF_INET6 protocol family
[    0.314868] l3-aon-clkctrl:0000:0: failed to disable
[    0.336652] Segment Routing with IPv6
[    0.336741] In-situ OAM (IOAM) with IPv6
[    0.336839] sit: IPv6, IPv4 and MPLS over IPv4 tunneling driver
[    0.337797] NET: Registered PF_PACKET protocol family
[    0.337824] NET: Registered PF_KEY protocol family
[    0.337940] Key type dns_resolver registered
[    0.338164] ThumbEE CPU extension supported.
[    0.338185] Registering SWP/SWPB emulation handler
[    0.338724] omap_voltage_late_init: Voltage driver support not added
[    0.339414] SmartReflex Class3 initialized
[    0.364276] Loading compiled-in X.509 certificates
[    0.406447] /ocp/interconnect@44c00000/segment@200000/target-module@b000/i2c@0/tda19988@70: Fixed dependency cycle(s) with /ocp/interconnect@48000000/segment@300000/target-module@e000/lcdc@0
[    0.412983] /ocp/interconnect@44c00000/segment@200000/target-module@b000/i2c@0/tda19988@70: Fixed dependency cycle(s) with /ocp/interconnect@48000000/segment@300000/target-module@e000/lcdc@0
[    0.443093] /ocp/interconnect@44c00000/segment@200000/target-module@b000/i2c@0/tda19988@70: Fixed dependency cycle(s) with /ocp/interconnect@48000000/segment@300000/target-module@e000/lcdc@0
[    0.444005] /ocp/interconnect@44c00000/segment@200000/target-module@b000/i2c@0/tda19988@70: Fixed dependency cycle(s) with /ocp/interconnect@48000000/segment@300000/target-module@e000/lcdc@0
[    0.447481] /ocp/interconnect@44c00000/segment@200000/target-module@10000/scm@0/pinmux@800: Fixed dependency cycle(s) with /ocp/interconnect@44c00000/segment@200000/target-module@10000/scm@0/pinmux@800/clkout2-pins
[    0.448080] pinctrl-single 44e10800.pinmux: 142 pins, size 568
[    0.453543] ti-sysc 44e31000.target-module: probe with driver ti-sysc failed with error -16
[    0.479898] /ocp/interconnect@48000000/segment@300000/target-module@e000/lcdc@0: Fixed dependency cycle(s) with /ocp/interconnect@44c00000/segment@200000/target-module@b000/i2c@0/tda19988@70
[    0.488205] ti-sysc 48040000.target-module: probe with driver ti-sysc failed with error -16
[    0.546036] OMAP GPIO hardware version 0.1
[    0.564840] omap_i2c 4819c000.i2c: bus 2 rev0.11 at 100 kHz
[    0.601110] 48000000.interconnect:segment@200000:target-module@0:mpu@0:fck: device ID is greater than 24
[    0.602269] /ocp/interconnect@48000000/segment@300000/target-module@e000/lcdc@0: Fixed dependency cycle(s) with /ocp/interconnect@44c00000/segment@200000/target-module@b000/i2c@0/tda19988@70
[    0.605170] /ocp/interconnect@48000000/segment@300000/target-module@e000/lcdc@0: Fixed dependency cycle(s) with /ocp/interconnect@44c00000/segment@200000/target-module@b000/i2c@0/tda19988@70
[    0.605886] /ocp/interconnect@44c00000/segment@200000/target-module@b000/i2c@0/tda19988@70: Fixed dependency cycle(s) with /ocp/interconnect@48000000/segment@300000/target-module@e000/lcdc@0
[    0.606057] /ocp/interconnect@48000000/segment@300000/target-module@e000/lcdc@0: Fixed dependency cycle(s) with /ocp/interconnect@44c00000/segment@200000/target-module@b000/i2c@0/tda19988@70
[    0.617908] sdhci-omap 481d8000.mmc: supply pbias not found, using dummy regulator
[    0.618387] sdhci-omap 481d8000.mmc: supply vqmmc not found, using dummy regulator
[    0.664390] davinci_mdio 4a101000.mdio: davinci mdio revision 1.6, bus freq 1000000
[    0.828704] davinci_mdio 4a101000.mdio: phy[0]: device 4a101000.mdio:00, driver SMSC LAN8710/LAN8720
[    0.829481] cpsw-switch 4a100000.switch: initialized cpsw ale version 1.4
[    0.829505] cpsw-switch 4a100000.switch: ALE Table size 1024, Policers 0
[    0.829663] cpsw-switch 4a100000.switch: cpts: overflow check period 500 (jiffies)
[    0.829679] cpsw-switch 4a100000.switch: CPTS: ref_clk_freq:250000000 calc_mult:2147483648 calc_shift:29 error:0 nsec/sec
[    0.829792] cpsw-switch 4a100000.switch: Detected MACID = 6c:ec:eb:68:de:78
[    0.831659] cpsw-switch 4a100000.switch: initialized (regs 0x4a100000, pool size 256) hw_ver:0019010C 1.12 (0)
[    0.842738] debugfs: Directory '49000000.dma' with parent 'dmaengine' already present!
[    0.842779] edma 49000000.dma: TI EDMA DMA engine driver
[    0.927102] 44e09000.serial: ttyS0 at MMIO 0x44e09000 (irq = 34, base_baud = 3000000) is a 8250
[    0.927192] printk: legacy console [ttyS0] enabled
[    2.392853] tps65217-pmic: Failed to locate of_node [id: -1]
[    2.398918] tps65217-bl: Failed to locate of_node [id: -1]
[    2.404981] platform tps65217-charger: DMA mask not set
[    2.411030] platform tps65217-pwrbutton: DMA mask not set
[    2.418405] tps65217 0-0024: TPS65217 ID 0xe version 1.2
[    2.424555] /ocp/interconnect@48000000/segment@300000/target-module@e000/lcdc@0: Fixed dependency cycle(s) with /ocp/interconnect@44c00000/segment@200000/target-module@b000/i2c@0/tda19988@70
[    2.441974] /ocp/interconnect@44c00000/segment@200000/target-module@b000/i2c@0/tda19988@70: Fixed dependency cycle(s) with /ocp/interconnect@48000000/segment@300000/target-module@e000/lcdc@0
[    2.459316] omap_i2c 44e0b000.i2c: bus 0 rev0.11 at 400 kHz
[    2.467165] omap_gpio 44e07000.gpio: Could not set line 6 debounce to 200000 microseconds (-22)
[    2.476099] sdhci-omap 48060000.mmc: Got CD GPIO
[    2.481109] sdhci-omap 48060000.mmc: supply pbias not found, using dummy regulator
[    2.491053] sdhci-omap 48060000.mmc: supply vqmmc not found, using dummy regulator
[    2.500411] sdhci-omap 481d8000.mmc: supply pbias not found, using dummy regulator
[    2.510215] sdhci-omap 481d8000.mmc: supply vqmmc not found, using dummy regulator
[    2.546008] mmc0: SDHCI controller on 48060000.mmc [48060000.mmc] using External DMA
[    2.554316] mmc1: SDHCI controller on 481d8000.mmc [481d8000.mmc] using External DMA
[    2.563076] cpsw-switch 4a100000.switch: starting ndev. mode: dual_mac
[    2.632267] mmc1: new high speed MMC card at address 0001
[    2.639099] mmcblk1: mmc1:0001 MMC04G 3.60 GiB
[    2.647049]  mmcblk1: p1 p2
[    2.650840] SMSC LAN8710/LAN8720 4a101000.mdio:00: attached PHY driver (mii_bus:phy_addr=4a101000.mdio:00, irq=POLL)
[    2.663481] mmcblk1boot0: mmc1:0001 MMC04G 2.00 MiB
[    2.677445] mmcblk1boot1: mmc1:0001 MMC04G 2.00 MiB
[    2.686419] mmcblk1rpmb: mmc1:0001 MMC04G 128 KiB, chardev (250:0)
[    2.735038] mmc0: new high speed SDHC card at address aaaa
[    2.741928] mmcblk0: mmc0:aaaa SE32G 29.7 GiB
[    2.751013]  mmcblk0: p1 p2
[    7.922630] cpsw-switch 4a100000.switch eth0: Link is Up - 100Mbps/Full - flow control off
[    7.951879] IP-Config: Complete:
[    7.955153]      device=eth0, hwaddr=6c:ec:eb:68:de:78, ipaddr=192.168.255.1, mask=255.255.255.0, gw=255.255.255.255
[    7.965793]      host=bbb1, domain=, nis-domain=(none)
[    7.970961]      bootserver=192.168.255.126, rootserver=192.168.255.126, rootpath=
[    7.971370] clk: Disabling unused clocks
[    7.983234] PM: genpd: Disabling unused power domains
[    7.988353] KTAP version 1
[    7.991075] 1..0
[    8.015757] VFS: Mounted root (nfs filesystem) on device 0:17.
[    8.022684] devtmpfs: mounted
[    8.027159] Freeing unused kernel image (initmem) memory: 1024K
[    8.033890] Run /sbin/init as init process
[    8.727661] systemd[1]: System time before build time, advancing clock.
[   10.171878] random: crng init done
[   10.184334] systemd[1]: systemd 232 running in system mode. (+PAM +AUDIT +SELINUX +IMA +APPARMOR +SMACK +SYSVINIT +UTMP +LIBCRYPTSETUP +GCRYPT +GNUTLS +ACL +XZ +LZ4 +SECCOMP +BLKID +ELFUTILS +KMOD +IDN)
[   10.203426] systemd[1]: Detected architecture arm.

Welcome to [1mDebian GNU/Linux 9 (stretch)[0m!

[   10.234932] systemd[1]: Set hostname to <arm>.
[   11.325463] systemd[1]: Listening on /dev/initctl Compatibility Named Pipe.
[[0;32m  OK  [0m] Listening on /dev/initctl Compatibility Named Pipe.
[   11.352262] systemd[1]: Reached target Remote File Systems.
[[0;32m  OK  [0m] Reached target Remote File Systems.
[   11.383670] systemd[1]: systemd-journald.socket: SO_PASSSEC failed: Operation not supported
[   11.392637] systemd[1]: systemd-journald.socket: SO_PASSSEC failed: Operation not supported
[   11.401216] systemd[1]: Listening on Journal Socket.
[[0;32m  OK  [0m] Listening on Journal Socket.
[   11.423666] systemd[1]: Set up automount Arbitrary Executable File Formats File System Automount Point.
[[0;32m  OK  [0m] Set up automount Arbitrary Executabâ€¦rmats File System Automount Point.
[   11.452548] systemd[1]: syslog.socket: SO_PASSSEC failed: Operation not supported
[[0;32m  OK  [0m] Listening on Syslog Socket.
[[0;32m  OK  [0m] Listening on Journal Socket (/dev/log).
[[0;32m  OK  [0m] Listening on udev Control Socket.
[[0;32m  OK  [0m] Reached target Swap.
[[0;32m  OK  [0m] Listening on Journal Audit Socket.
[[0;32m  OK  [0m] Created slice User and Session Slice.
[[0;32m  OK  [0m] Created slice System Slice.
         Starting Journal Service...
[[0;32m  OK  [0m] Created slice system-getty.slice.
         Starting Create list of required stâ€¦ce nodes for the current kernel...
         Starting Load Kernel Modules...
[[0;32m  OK  [0m] Reached target Slices.
         Mounting Debug File System...
[[0;32m  OK  [0m] Created slice system-serial\x2dgetty.slice.
         Mounting POSIX Message Queue File System...
         Starting Remount Root and Kernel File Systems...
[[0;32m  OK  [0m] Started Forward Password Requests to Wall Directory Watch.
[[0;32m  OK  [0m] Started Dispatch Password Requests to Console Directory Watch.
[[0;32m  OK  [0m] Reached target Paths.
[[0;32m  OK  [0m] Listening on udev Kernel Socket.
[[0;32m  OK  [0m] Reached target Encrypted Volumes.
[[0;32m  OK  [0m] Started Create list of required staâ€¦vice nodes for the current kernel.
[[0;32m  OK  [0m] Mounted Debug File System.
[[0;32m  OK  [0m] Started Load Kernel Modules.
[[0;32m  OK  [0m] Mounted POSIX Message Queue File System.
         Mounting Configuration File System...
         Starting Apply Kernel Variables...
         Starting Create Static Device Nodes in /dev...
[[0;32m  OK  [0m] Started Remount Root and Kernel File Systems.
         Starting Load/Save Random Seed...
         Starting udev Coldplug all Devices...
[[0;32m  OK  [0m] Mounted Configuration File System.
[[0;32m  OK  [0m] Started Apply Kernel Variables.
[[0;32m  OK  [0m] Started Journal Service.
[[0;32m  OK  [0m] Started Load/Save Random Seed.
         Starting Flush Journal to Persistent Storage...
[[0;32m  OK  [0m] Started Create Static Device Nodes in /dev.
         Starting udev Kernel Device Manager...
[[0;32m  OK  [0m] Reached target Local File Systems (Pre).
[[0;32m  OK  [0m] Reached target Local File Systems.
         Starting Raise network interfaces...
[   13.462486] systemd-journald[80]: Received request to flush runtime journal from PID 1
[[0;32m  OK  [0m] Started Flush Journal to Persistent Storage.
         Starting Create Volatile Files and Directories...
[[0;32m  OK  [0m] Started udev Kernel Device Manager.
[[0;32m  OK  [0m] Started Create Volatile Files and Directories.
         Starting Network Time Synchronization...
         Starting Update UTMP about System Boot/Shutdown...
[[0;32m  OK  [0m] Started Update UTMP about System Boot/Shutdown.
[[0;32m  OK  [0m] Started Network Time Synchronization.
[[0;32m  OK  [0m] Reached target System Time Synchronized.
[[0;32m  OK  [0m] Started udev Coldplug all Devices.
[[0;32m  OK  [0m] Reached target System Initialization.
[[0;32m  OK  [0m] Started Daily apt download activities.
[[0;32m  OK  [0m] Listening on Avahi mDNS/DNS-SD Stack Activation Socket.
[[0;32m  OK  [0m] Started Daily apt upgrade and clean activities.
[[0;32m  OK  [0m] Listening on D-Bus System Message Bus Socket.
[[0;32m  OK  [0m] Reached target Sockets.
[[0;32m  OK  [0m] Reached target Basic System.
         Starting LSB: Load kernel modules needed to enable cpufreq scaling...
[   17.009528] remoteproc remoteproc0: wkup_m3 is available
[   17.150161] omap_rtc 44e3e000.rtc: registered as rtc0
[   17.155546] omap_rtc 44e3e000.rtc: setting system clock to 2000-01-01T00:00:00 UTC (946684800)
         Starting Login Service...
[[0;32m  OK  [0m] Started D-Bus System Message Bus.
[   17.464668] omap_wdt: OMAP Watchdog Timer Rev 0x01: initial timeout 60 sec
[   17.541224] at24 2-0054: supply vcc not found, using dummy regulator
[   17.596498] am335x-phy-driver 47401300.usb-phy: dummy supplies not allowed for exclusive requests (id=vbus)
[   17.691997] at24 2-0055: supply vcc not found, using dummy regulator
[   17.808721] at24 2-0056: supply vcc not found, using dummy regulator
[   17.845846] am335x-phy-driver 47401b00.usb-phy: dummy supplies not allowed for exclusive requests (id=vbus)
[   17.932101] at24 2-0057: supply vcc not found, using dummy regulator
[   18.002834] input: tps65217_pwrbutton as /devices/platform/ocp/44c00000.interconnect/44c00000.interconnect:segment@200000/44e0b000.target-module/44e0b000.i2c/i2c-0/0-0024/tps65217-pwrbutton/input/input0
[   18.078093] at24 0-0050: 32768 byte 24c256 EEPROM, writable, 1 bytes/write
[   18.899177] usbcore: registered new interface driver usbfs
[   18.905026] usbcore: registered new interface driver hub
[   18.910471] usbcore: registered new device driver usb
[   19.547582] omap-mailbox 480c8000.mailbox: omap mailbox rev 0x400
[   19.647744] remoteproc remoteproc0: powering up wkup_m3
[   19.784251] musb-hdrc musb-hdrc.1: MUSB HDRC host driver
[   19.789674] musb-hdrc musb-hdrc.1: new USB bus registered, assigned bus number 1
[   19.847315] remoteproc remoteproc0: Direct firmware load for am335x-pm-firmware.elf failed with error -2
[   19.857275] remoteproc remoteproc0: request_firmware failed: -2
[   19.863311] wkup_m3_ipc 44e11324.wkup_m3_ipc: rproc_boot failed
[   20.022675] usb usb1: New USB device found, idVendor=1d6b, idProduct=0002, bcdDevice= 6.16
[   20.031168] usb usb1: New USB device strings: Mfr=3, Product=2, SerialNumber=1
[   20.038579] usb usb1: Product: MUSB HDRC host driver
[   20.043625] usb usb1: Manufacturer: Linux 6.16.5-90809-g2bd84652053c musb-hcd
[   20.050800] usb usb1: SerialNumber: musb-hdrc.1
[   20.196624] tda998x 0-0070: found TDA19988
[   20.385870] hub 1-0:1.0: USB hub found
[   20.427296] hub 1-0:1.0: 1 port detected
         Starting Connection service...
[   21.593423] omap_rng 48310000.rng: Random Number Generator ver. 20
[   21.613383] tilcdc 4830e000.lcdc: bound 0-0070 (ops 0xbf0ae0f8)
         Starting System Logging Service...
[   21.718581] [drm] Initialized tilcdc 1.0.0 for 4830e000.lcdc on minor 0
[   21.800329] tilcdc 4830e000.lcdc: [drm] Cannot find any crtc or sizes
[   21.808548] tilcdc 4830e000.lcdc: [drm] Cannot find any crtc or sizes
[[0;32m  OK  [0m] Started Regular background program processing daemon.
         Starting Telephony service...
         Starting Avahi mDNS/DNS-SD Stack...
         Starting Generic Board Startup...
         Starting Cape Manager Service...
         Starting LSB: Start busybox udhcpd at boot time...
         Starting DUN service...
[[0;32m  OK  [0m] Started Daily Cleanup of Temporary Directories.
[[0;32m  OK  [0m] Reached target Timers.
[   23.347880] omap-sham 53100000.sham: hw accel on OMAP rev 4.3
[   23.457800] omap-sham 53100000.sham: will run requests pump with realtime priority
[   23.485092] PM: Cannot get wkup_m3_ipc handle
[   23.732966] omap-aes 53500000.aes: OMAP AES hw accel rev: 3.2
[   23.869808] omap-aes 53500000.aes: will run requests pump with realtime priority
[   23.884576] PM: Cannot get wkup_m3_ipc handle
[[0;32m  OK  [0m] Found device /dev/ttyS0.
[[0;32m  OK  [0m] Started System Logging Service.
[[0;32m  OK  [0m] Started Cape Manager Service.
[   25.709703] Bluetooth: Core ver 2.22
[   25.713735] NET: Registered PF_BLUETOOTH protocol family
[   25.719089] Bluetooth: HCI device and connection manager initialized
[   25.725736] Bluetooth: HCI socket layer initialized
[   25.730658] Bluetooth: L2CAP socket layer initialized
[   25.735860] Bluetooth: SCO socket layer initialized
[   27.370757] gpio-537 (nxp,calib): gpiod_direction_output_nonotify: tried to set a GPIO tied to an IRQ as output
[   27.569109] PM: Cannot get wkup_m3_ipc handle
[   27.655111] tda9950 0-0034: TDA9950 CEC interface, hardware version 3.3
[   27.704174] PM: Cannot get wkup_m3_ipc handle
[   27.783460] PM: Cannot get wkup_m3_ipc handle
[[0;32m  OK  [0m] Started LSB: Start busybox udhcpd at boot time.
[[0;32m  OK  [0m] Started LSB: Load kernel modules needed to enable cpufreq scaling.
[[0;32m  OK  [0m] Started Raise network interfaces.
[   31.260017] configfs-gadget.g_multi gadget.0: HOST MAC 1c:ba:8c:a2:ed:6c
[   31.267233] configfs-gadget.g_multi gadget.0: MAC 1c:ba:8c:a2:ed:70
[   31.274750] configfs-gadget.g_multi gadget.0: HOST MAC 1c:ba:8c:a2:ed:6c
[   31.281516] configfs-gadget.g_multi gadget.0: MAC 1c:ba:8c:a2:ed:6d
[   31.289394] PM: Cannot get wkup_m3_ipc handle
[[0;32m  OK  [0m] Started Telephony service.
[[0;32m  OK  [0m] Started DUN service.
[[0;32m  OK  [0m] Started Connection service.
[[0;32m  OK  [0m] Started Avahi mDNS/DNS-SD Stack.
[[0;32m  OK  [0m] Started Login Service.
[[0;32m  OK  [0m] Reached target Sound Card.
[[0;32m  OK  [0m] Reached target Network.
         Starting Permit User Sessions...
         Starting OpenBSD Secure Shell server...
         Starting The Apache HTTP Server...
[[0;32m  OK  [0m] Reached target Network is Online.
         Starting LSB: Advanced IEEE 802.11 management daemon...
         Starting LSB: set CPUFreq kernel parameters...
[[0;32m  OK  [0m] Started Permit User Sessions.
[[0;32m  OK  [0m] Started LSB: Advanced IEEE 802.11 management daemon.
         Starting Hostname Service...
         Starting WPA supplicant...
[[0;32m  OK  [0m] Started Serial Getty on ttyS0.
[[0;32m  OK  [0m] Started Getty on tty1.
[[0;32m  OK  [0m] Reached target Login Prompts.
[[0;32m  OK  [0m] Started LSB: set CPUFreq kernel parameters.
[[0;32m  OK  [0m] Started WPA supplicant.
[[0;32m  OK  [0m] Started Hostname Service.
[[0;32m  OK  [0m] Started OpenBSD Secure Shell server.
         Stopping LSB: Start busybox udhcpd at boot time...
[[0;32m  OK  [0m] Stopped LSB: Start busybox udhcpd at boot time.
[[0;32m  OK  [0m] Started The Apache HTTP Server.
         Starting dnsmasq - A lightweight DHCP and caching DNS server...
[[0;32m  OK  [0m] Started dnsmasq - A lightweight DHCP and caching DNS server.
[[0;32m  OK  [0m] Reached target Host and Network Name Lookups.
[[0;32m  OK  [0m] Started Serial Getty on ttyGS0.
[[0;32m  OK  [0m] Started Generic Board Startup.
[[0;32m  OK  [0m] Reached target Multi-User System.
[[0;32m  OK  [0m] Reached target Graphical Interface.
         Starting Update UTMP about System Runlevel Changes...
[[0;32m  OK  [0m] Started Update UTMP about System Runlevel Changes.

Debian GNU/Linux 9 arm ttyS0

default username:password is [debian:temppwd]

arm login: root
Password: 
Last login: Sat Jan  1 00:00:38 UTC 2000 on ttyS0
root
Linux arm 6.16.5-90809-g2bd84652053c #1 SMP Thu Sep  4 19:22:10 EEST 2025 armv7l

The programs included with the Debian GNU/Linux system are free software;
the exact distribution terms for each program are described in the
individual files in /usr/share/doc/*/copyright.

Debian GNU/Linux comes with ABSOLUTELY NO WARRANTY, to the extent
permitted by applicable law.
root@arm:~# root
dmesg -n 1
-bash: root: command not found
root@arm:~# dmesg -n 1
root@arm:~# echo 'VZKO''AXHYBV'
VZKOAXHYBV
root@arm:~# run() { echo -n "$MARKER"; sh -c "$@"; echo "$MARKER $?"; }
root@arm:~# echo 'AYKQ''TEAMFM'
AYKQTEAMFM
root@arm:~# MARKER='AZHK''HHPGEY' run 'cat /proc/version'
AZHKHHPGEYLinux version 6.16.5-90809-g2bd84652053c (user01@drvtest01) (arm-none-eabi-gcc (Arm GNU Toolchain 14.2.Rel1 (Build arm-14.52)) 14.2.1 20241119, GNU ld (Arm GNU Toolchain 14.2.Rel1 (Build arm-14.52)) 2.43.1.20241119) #1 SMP Thu Sep  4 19:22:10 EEST 2025
AZHKHHPGEY 0
root@arm:~# echo 'GMFC''TZKBKN'
GMFCTZKBKN
root@arm:~# MARKER='OOEF''USYWWM' run false
OOEFUSYWWMOOEFUSYWWM 1
root@arm:~# Labgrid Console Logfile for main
Logfile started at 2025-09-04 19:25:02.963315
=== Log starts here ===

root@arm:~# run() { echo -n "$MARKER"; sh -c "$@"; echo "$MARKER $?"; }
root@arm:~# echo 'ABNH''KBHKGM'
ABNHKBHKGM
root@arm:~# MARKER='GHOP''FTTVYP' run 'ls /iio_generic_buffer; echo $?'
GHOPFTTVYP/iio_generic_buffer
0
GHOPFTTVYP 0
root@arm:~# Labgrid Console Logfile for main
Logfile started at 2025-09-04 19:25:06.312639
=== Log starts here ===

root@arm:~# run() { echo -n "$MARKER"; sh -c "$@"; echo "$MARKER $?"; }
root@arm:~# echo 'NNZT''YAPAJP'
NNZTYAPAJP
root@arm:~# MARKER='HKQS''WMNNUL' run dmesg
HKQSWMNNUL[    0.000000] Booting Linux on physical CPU 0x0
[    0.000000] Linux version 6.16.5-90809-g2bd84652053c (user01@drvtest01) (arm-none-eabi-gcc (Arm GNU Toolchain 14.2.Rel1 (Build arm-14.52)) 14.2.1 20241119, GNU ld (Arm GNU Toolchain 14.2.Rel1 (Build arm-14.52)) 2.43.1.20241119) #1 SMP Thu Sep  4 19:22:10 EEST 2025
[    0.000000] CPU: ARMv7 Processor [413fc082] revision 2 (ARMv7), cr=10c5387d
[    0.000000] CPU: PIPT / VIPT nonaliasing data cache, VIPT aliasing instruction cache
[    0.000000] OF: fdt: Machine model: TI AM335x BeagleBone Black
[    0.000000] Memory policy: Data cache writeback
[    0.000000] cma: Reserved 16 MiB at 0x9e800000
[    0.000000] Zone ranges:
[    0.000000]   Normal   [mem 0x0000000080000000-0x000000009fdfffff]
[    0.000000]   HighMem  empty
[    0.000000] Movable zone start for each node
[    0.000000] Early memory node ranges
[    0.000000]   node   0: [mem 0x0000000080000000-0x000000009fdfffff]
[    0.000000] Initmem setup node 0 [mem 0x0000000080000000-0x000000009fdfffff]
[    0.000000] On node 0, zone Normal: 512 pages in unavailable ranges
[    0.000000] OF: reserved mem: Reserved memory: No reserved-memory node in the DT
[    0.000000] CPU: All CPU(s) started in SVC mode.
[    0.000000] AM335X ES2.1 (sgx neon)
[    0.000000] percpu: Embedded 17 pages/cpu s39820 r8192 d21620 u69632
[    0.000000] pcpu-alloc: s39820 r8192 d21620 u69632 alloc=17*4096
[    0.000000] pcpu-alloc: [0] 0 
[    0.000000] Kernel command line: console=ttyO0,115200n8 root=/dev/nfs rw nfsroot=192.168.255.126:/home/user01/nfs,nfsvers=3 ip=192.168.255.1:192.168.255.126::255.255.255.0:bbb1:eth0 nfsrootdebug
[    0.000000] Unknown kernel command line parameters "nfsrootdebug", will be passed to user space.
[    0.000000] printk: log buffer data + meta data: 65536 + 204800 = 270336 bytes
[    0.000000] Dentry cache hash table entries: 65536 (order: 6, 262144 bytes, linear)
[    0.000000] Inode-cache hash table entries: 32768 (order: 5, 131072 bytes, linear)
[    0.000000] Built 1 zonelists, mobility grouping on.  Total pages: 130560
[    0.000000] mem auto-init: stack:off, heap alloc:off, heap free:off
[    0.000000] SLUB: HWalign=16, Order=0-3, MinObjects=0, CPUs=1, Nodes=1
[    0.000000] rcu: Hierarchical RCU implementation.
[    0.000000] rcu: 	RCU event tracing is enabled.
[    0.000000] rcu: 	RCU restricting CPUs from NR_CPUS=2 to nr_cpu_ids=1.
[    0.000000] 	Tracing variant of Tasks RCU enabled.
[    0.000000] rcu: RCU calculated value of scheduler-enlistment delay is 10 jiffies.
[    0.000000] rcu: Adjusting geometry for rcu_fanout_leaf=16, nr_cpu_ids=1
[    0.000000] RCU Tasks Trace: Setting shift to 0 and lim to 1 rcu_task_cb_adjust=1 rcu_task_cpu_ids=1.
[    0.000000] NR_IRQS: 16, nr_irqs: 16, preallocated irqs: 16
[    0.000000] IRQ: Found an INTC at 0x(ptrval) (revision 5.0) with 128 interrupts
[    0.000000] rcu: srcu_init: Setting srcu_struct sizes based on contention.
[    0.000000] TI gptimer clocksource: always-on /ocp/interconnect@44c00000/segment@200000/target-module@31000
[    0.000003] sched_clock: 32 bits at 24MHz, resolution 41ns, wraps every 89478484971ns
[    0.000026] clocksource: dmtimer: mask: 0xffffffff max_cycles: 0xffffffff, max_idle_ns: 79635851949 ns
[    0.000511] TI gptimer clockevent: 24000000 Hz at /ocp/interconnect@48000000/segment@0/target-module@40000
[    0.002136] Console: colour dummy device 80x30
[    0.002199] WARNING: Your 'console=ttyO0' has been replaced by 'ttyS0'
[    0.002206] This ensures that you still see kernel messages. Please
[    0.002210] update your kernel commandline.
[    0.002254] Calibrating delay loop... 996.14 BogoMIPS (lpj=4980736)
[    0.090556] CPU: Testing write buffer coherency: ok
[    0.090670] CPU0: Spectre v2: using BPIALL workaround
[    0.090681] pid_max: default: 32768 minimum: 301
[    0.090836] LSM: initializing lsm=capability
[    0.091014] Mount-cache hash table entries: 1024 (order: 0, 4096 bytes, linear)
[    0.091034] Mountpoint-cache hash table entries: 1024 (order: 0, 4096 bytes, linear)
[    0.092655] CPU0: thread -1, cpu 0, socket -1, mpidr 0
[    0.092712] cacheinfo: Unable to detect cache hierarchy for CPU 0
[    0.094748] Setting up static identity map for 0x80100000 - 0x80100078
[    0.095065] rcu: Hierarchical SRCU implementation.
[    0.095075] rcu: 	Max phase no-delay instances is 1000.
[    0.096795] smp: Bringing up secondary CPUs ...
[    0.096847] smp: Brought up 1 node, 1 CPU
[    0.096860] SMP: Total of 1 processors activated (996.14 BogoMIPS).
[    0.096871] CPU: All CPU(s) started in SVC mode.
[    0.097060] Memory: 480820K/522240K available (11264K kernel code, 1221K rwdata, 2924K rodata, 1024K init, 287K bss, 23388K reserved, 16384K cma-reserved, 0K highmem)
[    0.097888] devtmpfs: initialized
[    0.115250] VFP support v0.3: implementor 41 architecture 3 part 30 variant c rev 3
[    0.115876] clocksource: jiffies: mask: 0xffffffff max_cycles: 0xffffffff, max_idle_ns: 19112604462750000 ns
[    0.115932] posixtimers hash table entries: 512 (order: 0, 4096 bytes, linear)
[    0.115958] futex hash table entries: 256 (16384 bytes on 1 NUMA nodes, total 16 KiB, linear).
[    0.117091] pinctrl core: initialized pinctrl subsystem
[    0.119132] NET: Registered PF_NETLINK/PF_ROUTE protocol family
[    0.122238] DMA: preallocated 256 KiB pool for atomic coherent allocations
[    0.123182] audit: initializing netlink subsys (disabled)
[    0.124566] thermal_sys: Registered thermal governor 'fair_share'
[    0.124581] thermal_sys: Registered thermal governor 'step_wise'
[    0.124591] thermal_sys: Registered thermal governor 'user_space'
[    0.124704] audit: type=2000 audit(0.120:1): state=initialized audit_enabled=0 res=1
[    0.124779] cpuidle: using governor menu
[    0.142699] /ocp/interconnect@44c00000/segment@200000/target-module@b000/i2c@0/tda19988@70: Fixed dependency cycle(s) with /ocp/interconnect@48000000/segment@300000/target-module@e000/lcdc@0
[    0.143814] /ocp/interconnect@48000000/segment@300000/target-module@e000/lcdc@0: Fixed dependency cycle(s) with /ocp/interconnect@44c00000/segment@200000/target-module@b000/i2c@0/tda19988@70
[    0.146003] No ATAGs?
[    0.146046] hw-breakpoint: debug architecture 0x4 unsupported.
[    0.148765] kprobes: kprobe jump-optimization is enabled. All kprobes are optimized if possible.
[    0.154121] iommu: Default domain type: Translated
[    0.154142] iommu: DMA domain TLB invalidation policy: strict mode
[    0.155703] reg-fixed-voltage fixedregulator0: using DT '/fixedregulator0' for '(default)' GPIO lookup
[    0.155757] of_get_named_gpiod_flags: can't parse 'gpios' property of node '/fixedregulator0[0]'
[    0.155786] of_get_named_gpiod_flags: can't parse 'gpio' property of node '/fixedregulator0[0]'
[    0.155803] reg-fixed-voltage fixedregulator0: using lookup tables for GPIO lookup
[    0.155813] reg-fixed-voltage fixedregulator0: No GPIO consumer (default) found
[    0.161680] SCSI subsystem initialized
[    0.162183] libata version 3.00 loaded.
[    0.162560] pps_core: LinuxPPS API ver. 1 registered
[    0.162573] pps_core: Software ver. 5.3.6 - Copyright 2005-2007 Rodolfo Giometti <giometti@linux.it>
[    0.162595] PTP clock support registered
[    0.171476] vgaarb: loaded
[    0.171856] clocksource: Switched to clocksource dmtimer
[    0.172533] VFS: Disk quotas dquot_6.6.0
[    0.172587] VFS: Dquot-cache hash table entries: 1024 (order 0, 4096 bytes)
[    0.197239] NET: Registered PF_INET protocol family
[    0.197580] IP idents hash table entries: 8192 (order: 4, 65536 bytes, linear)
[    0.199013] tcp_listen_portaddr_hash hash table entries: 512 (order: 0, 4096 bytes, linear)
[    0.199052] Table-perturb hash table entries: 65536 (order: 6, 262144 bytes, linear)
[    0.199072] TCP established hash table entries: 4096 (order: 2, 16384 bytes, linear)
[    0.199117] TCP bind hash table entries: 4096 (order: 4, 65536 bytes, linear)
[    0.199216] TCP: Hash tables configured (established 4096 bind 4096)
[    0.199339] UDP hash table entries: 256 (order: 1, 14336 bytes, linear)
[    0.199373] UDP-Lite hash table entries: 256 (order: 1, 14336 bytes, linear)
[    0.199558] NET: Registered PF_UNIX/PF_LOCAL protocol family
[    0.200861] RPC: Registered named UNIX socket transport module.
[    0.200882] RPC: Registered udp transport module.
[    0.200887] RPC: Registered tcp transport module.
[    0.200891] RPC: Registered tcp-with-tls transport module.
[    0.200897] RPC: Registered tcp NFSv4.1 backchannel transport module.
[    0.200920] PCI: CLS 0 bytes, default 64
[    0.202451] Initialise system trusted keyrings
[    0.212782] workingset: timestamp_bits=14 max_order=17 bucket_order=3
[    0.214142] NFS: Registering the id_resolver key type
[    0.214240] Key type id_resolver registered
[    0.214247] Key type id_legacy registered
[    0.214359] jffs2: version 2.2. (NAND) (SUMMARY)  Â© 2001-2006 Red Hat, Inc.
[    0.214822] Key type asymmetric registered
[    0.214839] Asymmetric key parser 'x509' registered
[    0.214909] io scheduler mq-deadline registered
[    0.214919] io scheduler kyber registered
[    0.214990] io scheduler bfq registered
[    0.216871] target-module@4b000000:target-module@140000:pmu@0:fck: device ID is greater than 24
[    0.223062] l3-aon-clkctrl:0000:0: failed to disable
[    0.232103] ledtrig-cpu: registered to indicate activity on CPUs
[    0.234937] Serial: 8250/16550 driver, 6 ports, IRQ sharing enabled
[    0.276351] brd: module loaded
[    0.301189] loop: module loaded
[    0.302315] mtdoops: mtd device (mtddev=name/number) must be supplied
[    0.304042] mdio_bus fixed-0: using lookup tables for GPIO lookup
[    0.304067] mdio_bus fixed-0: No GPIO consumer reset found
[    0.305425] i2c_dev: i2c /dev entries driver
[    0.306414] cpuidle: enable-method property 'ti,am3352' found operations
[    0.306869] sdhci: Secure Digital Host Controller Interface driver
[    0.306878] sdhci: Copyright(c) Pierre Ossman
[    0.307052] sdhci-pltfm: SDHCI platform and OF driver helper
[    0.308518] hw perfevents: enabled with armv7_cortex_a8 PMU driver, 5 (8000000f) counters available
[    0.309036] Initializing XFRM netlink socket
[    0.309214] NET: Registered PF_INET6 protocol family
[    0.314868] l3-aon-clkctrl:0000:0: failed to disable
[    0.336652] Segment Routing with IPv6
[    0.336741] In-situ OAM (IOAM) with IPv6
[    0.336839] sit: IPv6, IPv4 and MPLS over IPv4 tunneling driver
[    0.337797] NET: Registered PF_PACKET protocol family
[    0.337824] NET: Registered PF_KEY protocol family
[    0.337940] Key type dns_resolver registered
[    0.338164] ThumbEE CPU extension supported.
[    0.338185] Registering SWP/SWPB emulation handler
[    0.338724] omap_voltage_late_init: Voltage driver support not added
[    0.339414] SmartReflex Class3 initialized
[    0.364276] Loading compiled-in X.509 certificates
[    0.406447] /ocp/interconnect@44c00000/segment@200000/target-module@b000/i2c@0/tda19988@70: Fixed dependency cycle(s) with /ocp/interconnect@48000000/segment@300000/target-module@e000/lcdc@0
[    0.412983] /ocp/interconnect@44c00000/segment@200000/target-module@b000/i2c@0/tda19988@70: Fixed dependency cycle(s) with /ocp/interconnect@48000000/segment@300000/target-module@e000/lcdc@0
[    0.418538] gpiochip_find_base_unlocked: found new base at 512
[    0.443093] /ocp/interconnect@44c00000/segment@200000/target-module@b000/i2c@0/tda19988@70: Fixed dependency cycle(s) with /ocp/interconnect@48000000/segment@300000/target-module@e000/lcdc@0
[    0.444005] /ocp/interconnect@44c00000/segment@200000/target-module@b000/i2c@0/tda19988@70: Fixed dependency cycle(s) with /ocp/interconnect@48000000/segment@300000/target-module@e000/lcdc@0
[    0.447481] /ocp/interconnect@44c00000/segment@200000/target-module@10000/scm@0/pinmux@800: Fixed dependency cycle(s) with /ocp/interconnect@44c00000/segment@200000/target-module@10000/scm@0/pinmux@800/clkout2-pins
[    0.448080] pinctrl-single 44e10800.pinmux: 142 pins, size 568
[    0.453543] ti-sysc 44e31000.target-module: probe with driver ti-sysc failed with error -16
[    0.479898] /ocp/interconnect@48000000/segment@300000/target-module@e000/lcdc@0: Fixed dependency cycle(s) with /ocp/interconnect@44c00000/segment@200000/target-module@b000/i2c@0/tda19988@70
[    0.488205] ti-sysc 48040000.target-module: probe with driver ti-sysc failed with error -16
[    0.499710] gpiochip_find_base_unlocked: found new base at 512
[    0.499812] gpio gpiochip0: (gpio-0-31): created GPIO range 0->7 ==> 44e10800.pinmux PIN 0->7
[    0.499831] gpio gpiochip0: (gpio-0-31): created GPIO range 8->11 ==> 44e10800.pinmux PIN 90->93
[    0.499847] gpio gpiochip0: (gpio-0-31): created GPIO range 12->27 ==> 44e10800.pinmux PIN 12->27
[    0.499862] gpio gpiochip0: (gpio-0-31): created GPIO range 28->31 ==> 44e10800.pinmux PIN 30->33
[    0.545803] gpio gpiochip0: (gpio-0-31): added GPIO chardev (254:0)
[    0.545950] gpio gpiochip0: registered GPIOs 512 to 543 on gpio-0-31
[    0.546036] OMAP GPIO hardware version 0.1
[    0.563833] i2c i2c-2: using DT '/ocp/interconnect@48000000/segment@100000/target-module@9c000/i2c@0' for 'scl' GPIO lookup
[    0.563906] of_get_named_gpiod_flags: can't parse 'scl-gpios' property of node '/ocp/interconnect@48000000/segment@100000/target-module@9c000/i2c@0[0]'
[    0.563948] of_get_named_gpiod_flags: can't parse 'scl-gpio' property of node '/ocp/interconnect@48000000/segment@100000/target-module@9c000/i2c@0[0]'
[    0.563983] i2c i2c-2: using lookup tables for GPIO lookup
[    0.563993] i2c i2c-2: No GPIO consumer scl found
[    0.564014] i2c i2c-2: using DT '/ocp/interconnect@48000000/segment@100000/target-module@9c000/i2c@0' for 'sda' GPIO lookup
[    0.564048] of_get_named_gpiod_flags: can't parse 'sda-gpios' property of node '/ocp/interconnect@48000000/segment@100000/target-module@9c000/i2c@0[0]'
[    0.564084] of_get_named_gpiod_flags: can't parse 'sda-gpio' property of node '/ocp/interconnect@48000000/segment@100000/target-module@9c000/i2c@0[0]'
[    0.564116] i2c i2c-2: using lookup tables for GPIO lookup
[    0.564124] i2c i2c-2: No GPIO consumer sda found
[    0.564840] omap_i2c 4819c000.i2c: bus 2 rev0.11 at 100 kHz
[    0.570440] gpiochip_find_base_unlocked: found new base at 544
[    0.570542] gpio gpiochip1: (gpio-32-63): created GPIO range 0->17 ==> 44e10800.pinmux PIN 34->51
[    0.570562] gpio gpiochip1: (gpio-32-63): created GPIO range 18->21 ==> 44e10800.pinmux PIN 77->80
[    0.570578] gpio gpiochip1: (gpio-32-63): created GPIO range 22->31 ==> 44e10800.pinmux PIN 56->65
[    0.592044] gpio gpiochip1: (gpio-32-63): added GPIO chardev (254:1)
[    0.592197] gpio gpiochip1: registered GPIOs 544 to 575 on gpio-32-63
[    0.594495] gpiochip_find_base_unlocked: found new base at 576
[    0.594598] gpio gpiochip2: (gpio-64-95): created GPIO range 0->4 ==> 44e10800.pinmux PIN 66->70
[    0.594619] gpio gpiochip2: (gpio-64-95): created GPIO range 5->6 ==> 44e10800.pinmux PIN 98->99
[    0.594634] gpio gpiochip2: (gpio-64-95): created GPIO range 7->8 ==> 44e10800.pinmux PIN 75->76
[    0.594649] gpio gpiochip2: (gpio-64-95): created GPIO range 13->13 ==> 44e10800.pinmux PIN 141->141
[    0.594665] gpio gpiochip2: (gpio-64-95): created GPIO range 14->21 ==> 44e10800.pinmux PIN 100->107
[    0.595324] gpio gpiochip2: (gpio-64-95): added GPIO chardev (254:2)
[    0.595464] gpio gpiochip2: registered GPIOs 576 to 607 on gpio-64-95
[    0.601110] 48000000.interconnect:segment@200000:target-module@0:mpu@0:fck: device ID is greater than 24
[    0.602269] /ocp/interconnect@48000000/segment@300000/target-module@e000/lcdc@0: Fixed dependency cycle(s) with /ocp/interconnect@44c00000/segment@200000/target-module@b000/i2c@0/tda19988@70
[    0.605170] /ocp/interconnect@48000000/segment@300000/target-module@e000/lcdc@0: Fixed dependency cycle(s) with /ocp/interconnect@44c00000/segment@200000/target-module@b000/i2c@0/tda19988@70
[    0.605886] /ocp/interconnect@44c00000/segment@200000/target-module@b000/i2c@0/tda19988@70: Fixed dependency cycle(s) with /ocp/interconnect@48000000/segment@300000/target-module@e000/lcdc@0
[    0.606057] /ocp/interconnect@48000000/segment@300000/target-module@e000/lcdc@0: Fixed dependency cycle(s) with /ocp/interconnect@44c00000/segment@200000/target-module@b000/i2c@0/tda19988@70
[    0.615801] mdio_bus 4a101000.mdio: using DT '/ocp/interconnect@4a000000/segment@0/target-module@100000/switch@0/mdio@1000' for 'reset' GPIO lookup
[    0.615883] of_get_named_gpiod_flags: can't parse 'reset-gpios' property of node '/ocp/interconnect@4a000000/segment@0/target-module@100000/switch@0/mdio@1000[0]'
[    0.615930] of_get_named_gpiod_flags: can't parse 'reset-gpio' property of node '/ocp/interconnect@4a000000/segment@0/target-module@100000/switch@0/mdio@1000[0]'
[    0.615975] mdio_bus 4a101000.mdio: using lookup tables for GPIO lookup
[    0.615984] mdio_bus 4a101000.mdio: No GPIO consumer reset found
[    0.617555] sdhci-omap 481d8000.mmc: using DT '/ocp/interconnect@48000000/segment@100000/target-module@d8000/mmc@0' for 'wp' GPIO lookup
[    0.617621] of_get_named_gpiod_flags: can't parse 'wp-gpios' property of node '/ocp/interconnect@48000000/segment@100000/target-module@d8000/mmc@0[0]'
[    0.617664] of_get_named_gpiod_flags: can't parse 'wp-gpio' property of node '/ocp/interconnect@48000000/segment@100000/target-module@d8000/mmc@0[0]'
[    0.617698] sdhci-omap 481d8000.mmc: using lookup tables for GPIO lookup
[    0.617707] sdhci-omap 481d8000.mmc: No GPIO consumer wp found
[    0.617908] sdhci-omap 481d8000.mmc: supply pbias not found, using dummy regulator
[    0.618387] sdhci-omap 481d8000.mmc: supply vqmmc not found, using dummy regulator
[    0.664390] davinci_mdio 4a101000.mdio: davinci mdio revision 1.6, bus freq 1000000
[    0.686002] mdio_bus 4a101000.mdio:00: using DT '/ocp/interconnect@4a000000/segment@0/target-module@100000/switch@0/mdio@1000/ethernet-phy@0' for 'reset' GPIO lookup
[    0.686103] of_get_named_gpiod_flags: parsed 'reset-gpios' property of node '/ocp/interconnect@4a000000/segment@0/target-module@100000/switch@0/mdio@1000/ethernet-phy@0[0]' - status (0)
[    0.686266] gpio gpiochip0: Persistence not supported for GPIO 8
[    0.828704] davinci_mdio 4a101000.mdio: phy[0]: device 4a101000.mdio:00, driver SMSC LAN8710/LAN8720
[    0.829481] cpsw-switch 4a100000.switch: initialized cpsw ale version 1.4
[    0.829505] cpsw-switch 4a100000.switch: ALE Table size 1024, Policers 0
[    0.829663] cpsw-switch 4a100000.switch: cpts: overflow check period 500 (jiffies)
[    0.829679] cpsw-switch 4a100000.switch: CPTS: ref_clk_freq:250000000 calc_mult:2147483648 calc_shift:29 error:0 nsec/sec
[    0.829792] cpsw-switch 4a100000.switch: Detected MACID = 6c:ec:eb:68:de:78
[    0.831659] cpsw-switch 4a100000.switch: initialized (regs 0x4a100000, pool size 256) hw_ver:0019010C 1.12 (0)
[    0.842738] debugfs: Directory '49000000.dma' with parent 'dmaengine' already present!
[    0.842779] edma 49000000.dma: TI EDMA DMA engine driver
[    0.883276] gpio-clk clk_mcasp0: using DT '/clk_mcasp0' for 'enable' GPIO lookup
[    0.883356] of_get_named_gpiod_flags: parsed 'enable-gpios' property of node '/clk_mcasp0[0]' - status (0)
[    0.883403] gpio gpiochip0: Persistence not supported for GPIO 27
[    0.884291] gpiochip_find_base_unlocked: found new base at 608
[    0.884405] gpio gpiochip3: (gpio-96-127): created GPIO range 0->7 ==> 44e10800.pinmux PIN 82->89
[    0.884424] gpio gpiochip3: (gpio-96-127): created GPIO range 8->11 ==> 44e10800.pinmux PIN 52->55
[    0.884442] gpio gpiochip3: (gpio-96-127): created GPIO range 12->15 ==> 44e10800.pinmux PIN 94->97
[    0.884461] gpio gpiochip3: (gpio-96-127): created GPIO range 16->17 ==> 44e10800.pinmux PIN 71->72
[    0.884478] gpio gpiochip3: (gpio-96-127): created GPIO range 18->18 ==> 44e10800.pinmux PIN 135->135
[    0.884494] gpio gpiochip3: (gpio-96-127): created GPIO range 19->20 ==> 44e10800.pinmux PIN 108->109
[    0.884510] gpio gpiochip3: (gpio-96-127): created GPIO range 21->21 ==> 44e10800.pinmux PIN 73->73
[    0.884527] gpio gpiochip3: (gpio-96-127): created GPIO range 22->23 ==> 44e10800.pinmux PIN 8->9
[    0.884544] gpio gpiochip3: (gpio-96-127): created GPIO range 26->27 ==> 44e10800.pinmux PIN 10->11
[    0.884562] gpio gpiochip3: (gpio-96-127): created GPIO range 28->28 ==> 44e10800.pinmux PIN 74->74
[    0.884580] gpio gpiochip3: (gpio-96-127): created GPIO range 29->29 ==> 44e10800.pinmux PIN 81->81
[    0.884598] gpio gpiochip3: (gpio-96-127): created GPIO range 30->31 ==> 44e10800.pinmux PIN 28->29
[    0.907213] gpio gpiochip3: (gpio-96-127): added GPIO chardev (254:3)
[    0.907382] gpio gpiochip3: registered GPIOs 608 to 639 on gpio-96-127
[    0.926362] omap8250 44e09000.serial: using DT '/ocp/interconnect@44c00000/segment@200000/target-module@9000/serial@0' for 'rs485-term' GPIO lookup
[    0.926442] of_get_named_gpiod_flags: can't parse 'rs485-term-gpios' property of node '/ocp/interconnect@44c00000/segment@200000/target-module@9000/serial@0[0]'
[    0.926487] of_get_named_gpiod_flags: can't parse 'rs485-term-gpio' property of node '/ocp/interconnect@44c00000/segment@200000/target-module@9000/serial@0[0]'
[    0.926523] omap8250 44e09000.serial: using lookup tables for GPIO lookup
[    0.926533] omap8250 44e09000.serial: No GPIO consumer rs485-term found
[    0.926543] omap8250 44e09000.serial: using DT '/ocp/interconnect@44c00000/segment@200000/target-module@9000/serial@0' for 'rs485-rx-during-tx' GPIO lookup
[    0.926578] of_get_named_gpiod_flags: can't parse 'rs485-rx-during-tx-gpios' property of node '/ocp/interconnect@44c00000/segment@200000/target-module@9000/serial@0[0]'
[    0.926614] of_get_named_gpiod_flags: can't parse 'rs485-rx-during-tx-gpio' property of node '/ocp/interconnect@44c00000/segment@200000/target-module@9000/serial@0[0]'
[    0.926646] omap8250 44e09000.serial: using lookup tables for GPIO lookup
[    0.926654] omap8250 44e09000.serial: No GPIO consumer rs485-rx-during-tx found
[    0.927102] 44e09000.serial: ttyS0 at MMIO 0x44e09000 (irq = 34, base_baud = 3000000) is a 8250
[    0.927192] printk: legacy console [ttyS0] enabled
[    2.378191] i2c i2c-0: using DT '/ocp/interconnect@44c00000/segment@200000/target-module@b000/i2c@0' for 'scl' GPIO lookup
[    2.378279] of_get_named_gpiod_flags: can't parse 'scl-gpios' property of node '/ocp/interconnect@44c00000/segment@200000/target-module@b000/i2c@0[0]'
[    2.378327] of_get_named_gpiod_flags: can't parse 'scl-gpio' property of node '/ocp/interconnect@44c00000/segment@200000/target-module@b000/i2c@0[0]'
[    2.378366] i2c i2c-0: using lookup tables for GPIO lookup
[    2.378380] i2c i2c-0: No GPIO consumer scl found
[    2.378404] i2c i2c-0: using DT '/ocp/interconnect@44c00000/segment@200000/target-module@b000/i2c@0' for 'sda' GPIO lookup
[    2.378443] of_get_named_gpiod_flags: can't parse 'sda-gpios' property of node '/ocp/interconnect@44c00000/segment@200000/target-module@b000/i2c@0[0]'
[    2.378484] of_get_named_gpiod_flags: can't parse 'sda-gpio' property of node '/ocp/interconnect@44c00000/segment@200000/target-module@b000/i2c@0[0]'
[    2.378518] i2c i2c-0: using lookup tables for GPIO lookup
[    2.378529] i2c i2c-0: No GPIO consumer sda found
[    2.392853] tps65217-pmic: Failed to locate of_node [id: -1]
[    2.398918] tps65217-bl: Failed to locate of_node [id: -1]
[    2.404981] platform tps65217-charger: DMA mask not set
[    2.411030] platform tps65217-pwrbutton: DMA mask not set
[    2.418405] tps65217 0-0024: TPS65217 ID 0xe version 1.2
[    2.424555] /ocp/interconnect@48000000/segment@300000/target-module@e000/lcdc@0: Fixed dependency cycle(s) with /ocp/interconnect@44c00000/segment@200000/target-module@b000/i2c@0/tda19988@70
[    2.441974] /ocp/interconnect@44c00000/segment@200000/target-module@b000/i2c@0/tda19988@70: Fixed dependency cycle(s) with /ocp/interconnect@48000000/segment@300000/target-module@e000/lcdc@0
[    2.459316] omap_i2c 44e0b000.i2c: bus 0 rev0.11 at 400 kHz
[    2.466957] sdhci-omap 48060000.mmc: using DT '/ocp/interconnect@48000000/segment@0/target-module@60000/mmc@0' for 'cd' GPIO lookup
[    2.467068] of_get_named_gpiod_flags: parsed 'cd-gpios' property of node '/ocp/interconnect@48000000/segment@0/target-module@60000/mmc@0[0]' - status (0)
[    2.467139] gpio gpiochip3: Persistence not supported for GPIO 6
[    2.467165] omap_gpio 44e07000.gpio: Could not set line 6 debounce to 200000 microseconds (-22)
[    2.476099] sdhci-omap 48060000.mmc: Got CD GPIO
[    2.480755] sdhci-omap 48060000.mmc: using DT '/ocp/interconnect@48000000/segment@0/target-module@60000/mmc@0' for 'wp' GPIO lookup
[    2.480806] of_get_named_gpiod_flags: can't parse 'wp-gpios' property of node '/ocp/interconnect@48000000/segment@0/target-module@60000/mmc@0[0]'
[    2.480849] of_get_named_gpiod_flags: can't parse 'wp-gpio' property of node '/ocp/interconnect@48000000/segment@0/target-module@60000/mmc@0[0]'
[    2.480889] sdhci-omap 48060000.mmc: using lookup tables for GPIO lookup
[    2.480902] sdhci-omap 48060000.mmc: No GPIO consumer wp found
[    2.481109] sdhci-omap 48060000.mmc: supply pbias not found, using dummy regulator
[    2.489909] sdhci-omap 481d8000.mmc: using DT '/ocp/interconnect@48000000/segment@100000/target-module@d8000/mmc@0' for 'wp' GPIO lookup
[    2.489987] of_get_named_gpiod_flags: can't parse 'wp-gpios' property of node '/ocp/interconnect@48000000/segment@100000/target-module@d8000/mmc@0[0]'
[    2.490036] of_get_named_gpiod_flags: can't parse 'wp-gpio' property of node '/ocp/interconnect@48000000/segment@100000/target-module@d8000/mmc@0[0]'
[    2.490074] sdhci-omap 481d8000.mmc: using lookup tables for GPIO lookup
[    2.490087] sdhci-omap 481d8000.mmc: No GPIO consumer wp found
[    2.491053] sdhci-omap 48060000.mmc: supply vqmmc not found, using dummy regulator
[    2.500411] sdhci-omap 481d8000.mmc: supply pbias not found, using dummy regulator
[    2.510215] sdhci-omap 481d8000.mmc: supply vqmmc not found, using dummy regulator
[    2.546008] mmc0: SDHCI controller on 48060000.mmc [48060000.mmc] using External DMA
[    2.554316] mmc1: SDHCI controller on 481d8000.mmc [481d8000.mmc] using External DMA
[    2.563076] cpsw-switch 4a100000.switch: starting ndev. mode: dual_mac
[    2.632267] mmc1: new high speed MMC card at address 0001
[    2.639099] mmcblk1: mmc1:0001 MMC04G 3.60 GiB
[    2.647049]  mmcblk1: p1 p2
[    2.650840] SMSC LAN8710/LAN8720 4a101000.mdio:00: attached PHY driver (mii_bus:phy_addr=4a101000.mdio:00, irq=POLL)
[    2.663481] mmcblk1boot0: mmc1:0001 MMC04G 2.00 MiB
[    2.677445] mmcblk1boot1: mmc1:0001 MMC04G 2.00 MiB
[    2.686419] mmcblk1rpmb: mmc1:0001 MMC04G 128 KiB, chardev (250:0)
[    2.735038] mmc0: new high speed SDHC card at address aaaa
[    2.741928] mmcblk0: mmc0:aaaa SE32G 29.7 GiB
[    2.751013]  mmcblk0: p1 p2
[    7.922630] cpsw-switch 4a100000.switch eth0: Link is Up - 100Mbps/Full - flow control off
[    7.951879] IP-Config: Complete:
[    7.955153]      device=eth0, hwaddr=6c:ec:eb:68:de:78, ipaddr=192.168.255.1, mask=255.255.255.0, gw=255.255.255.255
[    7.965793]      host=bbb1, domain=, nis-domain=(none)
[    7.970961]      bootserver=192.168.255.126, rootserver=192.168.255.126, rootpath=
[    7.971370] clk: Disabling unused clocks
[    7.983234] PM: genpd: Disabling unused power domains
[    7.988353] KTAP version 1
[    7.991075] 1..0
[    8.015757] VFS: Mounted root (nfs filesystem) on device 0:17.
[    8.022684] devtmpfs: mounted
[    8.027159] Freeing unused kernel image (initmem) memory: 1024K
[    8.033890] Run /sbin/init as init process
[    8.038020]   with arguments:
[    8.038033]     /sbin/init
[    8.038042]     nfsrootdebug
[    8.038051]   with environment:
[    8.038060]     HOME=/
[    8.038069]     TERM=linux
[    8.727661] systemd[1]: System time before build time, advancing clock.
[   10.171878] random: crng init done
[   10.184334] systemd[1]: systemd 232 running in system mode. (+PAM +AUDIT +SELINUX +IMA +APPARMOR +SMACK +SYSVINIT +UTMP +LIBCRYPTSETUP +GCRYPT +GNUTLS +ACL +XZ +LZ4 +SECCOMP +BLKID +ELFUTILS +KMOD +IDN)
[   10.203426] systemd[1]: Detected architecture arm.
[   10.234932] systemd[1]: Set hostname to <arm>.
[   11.325463] systemd[1]: Listening on /dev/initctl Compatibility Named Pipe.
[   11.352262] systemd[1]: Reached target Remote File Systems.
[   11.383670] systemd[1]: systemd-journald.socket: SO_PASSSEC failed: Operation not supported
[   11.392637] systemd[1]: systemd-journald.socket: SO_PASSSEC failed: Operation not supported
[   11.401216] systemd[1]: Listening on Journal Socket.
[   11.423666] systemd[1]: Set up automount Arbitrary Executable File Formats File System Automount Point.
[   11.452548] systemd[1]: syslog.socket: SO_PASSSEC failed: Operation not supported
[   13.462486] systemd-journald[80]: Received request to flush runtime journal from PID 1
[   16.644211] leds-gpio leds: using DT '/leds/led2' for '(default)' GPIO lookup
[   16.644322] of_get_named_gpiod_flags: parsed 'gpios' property of node '/leds/led2[0]' - status (0)
[   16.644383] gpio gpiochip0: Persistence not supported for GPIO 21
[   16.644398] gpio-533 (?): no flags found for GPIO (default)
[   16.719574] leds-gpio leds: using DT '/leds/led3' for '(default)' GPIO lookup
[   16.719684] of_get_named_gpiod_flags: parsed 'gpios' property of node '/leds/led3[0]' - status (0)
[   16.719741] gpio gpiochip0: Persistence not supported for GPIO 22
[   16.719756] gpio-534 (?): no flags found for GPIO (default)
[   16.738715] leds-gpio leds: using DT '/leds/led4' for '(default)' GPIO lookup
[   16.738821] of_get_named_gpiod_flags: parsed 'gpios' property of node '/leds/led4[0]' - status (0)
[   16.738874] gpio gpiochip0: Persistence not supported for GPIO 23
[   16.738889] gpio-535 (?): no flags found for GPIO (default)
[   16.796504] leds-gpio leds: using DT '/leds/led5' for '(default)' GPIO lookup
[   16.796608] of_get_named_gpiod_flags: parsed 'gpios' property of node '/leds/led5[0]' - status (0)
[   16.796663] gpio gpiochip0: Persistence not supported for GPIO 24
[   16.796678] gpio-536 (?): no flags found for GPIO (default)
[   17.009528] remoteproc remoteproc0: wkup_m3 is available
[   17.150161] omap_rtc 44e3e000.rtc: registered as rtc0
[   17.155546] omap_rtc 44e3e000.rtc: setting system clock to 2000-01-01T00:00:00 UTC (946684800)
[   17.164321] omap_rtc 44e3e000.rtc: using DT '/ocp/interconnect@44c00000/segment@200000/target-module@3e000/rtc@0' for 'wp' GPIO lookup
[   17.164393] of_get_named_gpiod_flags: can't parse 'wp-gpios' property of node '/ocp/interconnect@44c00000/segment@200000/target-module@3e000/rtc@0[0]'
[   17.164444] of_get_named_gpiod_flags: can't parse 'wp-gpio' property of node '/ocp/interconnect@44c00000/segment@200000/target-module@3e000/rtc@0[0]'
[   17.164484] omap_rtc 44e3e000.rtc: using lookup tables for GPIO lookup
[   17.164498] omap_rtc 44e3e000.rtc: No GPIO consumer wp found
[   17.464668] omap_wdt: OMAP Watchdog Timer Rev 0x01: initial timeout 60 sec
[   17.541224] at24 2-0054: supply vcc not found, using dummy regulator
[   17.596045] am335x-phy-driver 47401300.usb-phy: using DT '/ocp/target-module@47400000/usb-phy@1300' for 'reset' GPIO lookup
[   17.596138] of_get_named_gpiod_flags: can't parse 'reset-gpios' property of node '/ocp/target-module@47400000/usb-phy@1300[0]'
[   17.596182] of_get_named_gpiod_flags: can't parse 'reset-gpio' property of node '/ocp/target-module@47400000/usb-phy@1300[0]'
[   17.596220] am335x-phy-driver 47401300.usb-phy: using lookup tables for GPIO lookup
[   17.596235] am335x-phy-driver 47401300.usb-phy: No GPIO consumer reset found
[   17.596249] am335x-phy-driver 47401300.usb-phy: using DT '/ocp/target-module@47400000/usb-phy@1300' for 'vbus-detect' GPIO lookup
[   17.596281] of_get_named_gpiod_flags: can't parse 'vbus-detect-gpios' property of node '/ocp/target-module@47400000/usb-phy@1300[0]'
[   17.596313] of_get_named_gpiod_flags: can't parse 'vbus-detect-gpio' property of node '/ocp/target-module@47400000/usb-phy@1300[0]'
[   17.596339] am335x-phy-driver 47401300.usb-phy: using lookup tables for GPIO lookup
[   17.596350] am335x-phy-driver 47401300.usb-phy: No GPIO consumer vbus-detect found
[   17.596498] am335x-phy-driver 47401300.usb-phy: dummy supplies not allowed for exclusive requests (id=vbus)
[   17.691997] at24 2-0055: supply vcc not found, using dummy regulator
[   17.808721] at24 2-0056: supply vcc not found, using dummy regulator
[   17.845391] am335x-phy-driver 47401b00.usb-phy: using DT '/ocp/target-module@47400000/usb-phy@1b00' for 'reset' GPIO lookup
[   17.845486] of_get_named_gpiod_flags: can't parse 'reset-gpios' property of node '/ocp/target-module@47400000/usb-phy@1b00[0]'
[   17.845530] of_get_named_gpiod_flags: can't parse 'reset-gpio' property of node '/ocp/target-module@47400000/usb-phy@1b00[0]'
[   17.845567] am335x-phy-driver 47401b00.usb-phy: using lookup tables for GPIO lookup
[   17.845581] am335x-phy-driver 47401b00.usb-phy: No GPIO consumer reset found
[   17.845595] am335x-phy-driver 47401b00.usb-phy: using DT '/ocp/target-module@47400000/usb-phy@1b00' for 'vbus-detect' GPIO lookup
[   17.845626] of_get_named_gpiod_flags: can't parse 'vbus-detect-gpios' property of node '/ocp/target-module@47400000/usb-phy@1b00[0]'
[   17.845659] of_get_named_gpiod_flags: can't parse 'vbus-detect-gpio' property of node '/ocp/target-module@47400000/usb-phy@1b00[0]'
[   17.845685] am335x-phy-driver 47401b00.usb-phy: using lookup tables for GPIO lookup
[   17.845697] am335x-phy-driver 47401b00.usb-phy: No GPIO consumer vbus-detect found
[   17.845846] am335x-phy-driver 47401b00.usb-phy: dummy supplies not allowed for exclusive requests (id=vbus)
[   17.932101] at24 2-0057: supply vcc not found, using dummy regulator
[   18.002834] input: tps65217_pwrbutton as /devices/platform/ocp/44c00000.interconnect/44c00000.interconnect:segment@200000/44e0b000.target-module/44e0b000.i2c/i2c-0/0-0024/tps65217-pwrbutton/input/input0
[   18.077037] at24 0-0050: using DT '/ocp/interconnect@44c00000/segment@200000/target-module@b000/i2c@0/eeprom@50' for 'wp' GPIO lookup
[   18.077266] of_get_named_gpiod_flags: can't parse 'wp-gpios' property of node '/ocp/interconnect@44c00000/segment@200000/target-module@b000/i2c@0/eeprom@50[0]'
[   18.077381] of_get_named_gpiod_flags: can't parse 'wp-gpio' property of node '/ocp/interconnect@44c00000/segment@200000/target-module@b000/i2c@0/eeprom@50[0]'
[   18.077476] at24 0-0050: using lookup tables for GPIO lookup
[   18.077493] at24 0-0050: No GPIO consumer wp found
[   18.078093] at24 0-0050: 32768 byte 24c256 EEPROM, writable, 1 bytes/write
[   18.899177] usbcore: registered new interface driver usbfs
[   18.905026] usbcore: registered new interface driver hub
[   18.910471] usbcore: registered new device driver usb
[   19.547582] omap-mailbox 480c8000.mailbox: omap mailbox rev 0x400
[   19.647744] remoteproc remoteproc0: powering up wkup_m3
[   19.784251] musb-hdrc musb-hdrc.1: MUSB HDRC host driver
[   19.789674] musb-hdrc musb-hdrc.1: new USB bus registered, assigned bus number 1
[   19.847315] remoteproc remoteproc0: Direct firmware load for am335x-pm-firmware.elf failed with error -2
[   19.857275] remoteproc remoteproc0: request_firmware failed: -2
[   19.863311] wkup_m3_ipc 44e11324.wkup_m3_ipc: rproc_boot failed
[   20.022675] usb usb1: New USB device found, idVendor=1d6b, idProduct=0002, bcdDevice= 6.16
[   20.031168] usb usb1: New USB device strings: Mfr=3, Product=2, SerialNumber=1
[   20.038579] usb usb1: Product: MUSB HDRC host driver
[   20.043625] usb usb1: Manufacturer: Linux 6.16.5-90809-g2bd84652053c musb-hcd
[   20.050800] usb usb1: SerialNumber: musb-hdrc.1
[   20.196624] tda998x 0-0070: found TDA19988
[   20.385870] hub 1-0:1.0: USB hub found
[   20.427296] hub 1-0:1.0: 1 port detected
[   21.593423] omap_rng 48310000.rng: Random Number Generator ver. 20
[   21.613383] tilcdc 4830e000.lcdc: bound 0-0070 (ops 0xbf0ae0f8)
[   21.718581] [drm] Initialized tilcdc 1.0.0 for 4830e000.lcdc on minor 0
[   21.800329] tilcdc 4830e000.lcdc: [drm] Cannot find any crtc or sizes
[   21.808548] tilcdc 4830e000.lcdc: [drm] Cannot find any crtc or sizes
[   23.347880] omap-sham 53100000.sham: hw accel on OMAP rev 4.3
[   23.457800] omap-sham 53100000.sham: will run requests pump with realtime priority
[   23.485092] PM: Cannot get wkup_m3_ipc handle
[   23.732966] omap-aes 53500000.aes: OMAP AES hw accel rev: 3.2
[   23.869808] omap-aes 53500000.aes: will run requests pump with realtime priority
[   23.884576] PM: Cannot get wkup_m3_ipc handle
[   25.709703] Bluetooth: Core ver 2.22
[   25.713735] NET: Registered PF_BLUETOOTH protocol family
[   25.719089] Bluetooth: HCI device and connection manager initialized
[   25.725736] Bluetooth: HCI socket layer initialized
[   25.730658] Bluetooth: L2CAP socket layer initialized
[   25.735860] Bluetooth: SCO socket layer initialized
[   27.368729] tda998x 0-0070: using DT '/ocp/interconnect@44c00000/segment@200000/target-module@b000/i2c@0/tda19988@70' for 'nxp,calib' GPIO lookup
[   27.368874] of_get_named_gpiod_flags: parsed 'nxp,calib-gpios' property of node '/ocp/interconnect@44c00000/segment@200000/target-module@b000/i2c@0/tda19988@70[0]' - status (0)
[   27.368963] gpio gpiochip0: Persistence not supported for GPIO 25
[   27.368979] gpio-537 (nxp,calib): no flags found for GPIO nxp,calib
[   27.370757] gpio-537 (nxp,calib): gpiod_direction_output_nonotify: tried to set a GPIO tied to an IRQ as output
[   27.569109] PM: Cannot get wkup_m3_ipc handle
[   27.575106] asoc-simple-card sound: using DT '/sound' for 'simple-audio-card,hp-det' GPIO lookup
[   27.575184] of_get_named_gpiod_flags: can't parse 'simple-audio-card,hp-det-gpios' property of node '/sound[0]'
[   27.575220] of_get_named_gpiod_flags: can't parse 'simple-audio-card,hp-det-gpio' property of node '/sound[0]'
[   27.575245] asoc-simple-card sound: using lookup tables for GPIO lookup
[   27.575258] asoc-simple-card sound: No GPIO consumer simple-audio-card,hp-det found
[   27.575272] asoc-simple-card sound: using DT '/sound' for 'simple-audio-card,mic-det' GPIO lookup
[   27.575296] of_get_named_gpiod_flags: can't parse 'simple-audio-card,mic-det-gpios' property of node '/sound[0]'
[   27.575322] of_get_named_gpiod_flags: can't parse 'simple-audio-card,mic-det-gpio' property of node '/sound[0]'
[   27.575342] asoc-simple-card sound: using lookup tables for GPIO lookup
[   27.575353] asoc-simple-card sound: No GPIO consumer simple-audio-card,mic-det found
[   27.655111] tda9950 0-0034: TDA9950 CEC interface, hardware version 3.3
[   27.704174] PM: Cannot get wkup_m3_ipc handle
[   27.783460] PM: Cannot get wkup_m3_ipc handle
[   31.006429] userial_init: registered 8 ttyGS* devices
[   31.194325] rndis_register: configNr = 0
[   31.258777] udc musb-hdrc.0: binding gadget driver [g_multi]
[   31.258873] configfs-gadget.g_multi gadget.0: adding 'rndis'/f798de29 to config 'c'/16ed126a
[   31.260017] configfs-gadget.g_multi gadget.0: HOST MAC 1c:ba:8c:a2:ed:6c
[   31.267233] configfs-gadget.g_multi gadget.0: MAC 1c:ba:8c:a2:ed:70
[   31.273732] rndis_set_param_medium: 0 0
[   31.273754] configfs-gadget.g_multi gadget.0: RNDIS: IN/ep1in OUT/ep1out NOTIFY/ep2in
[   31.273773] configfs-gadget.g_multi gadget.0: adding 'cdc_ethernet'/e15786c9 to config 'c'/16ed126a
[   31.274750] configfs-gadget.g_multi gadget.0: HOST MAC 1c:ba:8c:a2:ed:6c
[   31.281516] configfs-gadget.g_multi gadget.0: MAC 1c:ba:8c:a2:ed:6d
[   31.287946] configfs-gadget.g_multi gadget.0: CDC Ethernet: IN/ep3in OUT/ep2out NOTIFY/ep4in
[   31.287965] configfs-gadget.g_multi gadget.0: adding 'acm'/2e37a617 to config 'c'/16ed126a
[   31.288001] configfs-gadget.g_multi gadget.0: acm ttyGS0: IN/ep5in OUT/ep3out NOTIFY/ep6in
[   31.289394] PM: Cannot get wkup_m3_ipc handle
[   33.423285] configfs-gadget.g_multi gadget.0: eth_open
[   37.325868] gs_open: ttyGS0 (33cb25a1,c1b221ce)
[   37.326026] gs_close: ttyGS0 (33cb25a1,c1b221ce) ...
[   37.326052] gs_close: ttyGS0 (33cb25a1,c1b221ce) done!
[   37.340712] gs_open: ttyGS0 (33cb25a1,c1b221ce)
[   37.340839] gs_close: ttyGS0 (33cb25a1,c1b221ce) ...
[   37.340862] gs_close: ttyGS0 (33cb25a1,c1b221ce) done!
[   37.524335] gs_open: ttyGS0 (0d8d8fde,2d406895)
[   37.524573] gs_close: ttyGS0 (0d8d8fde,2d406895) ...
[   37.524602] gs_close: ttyGS0 (0d8d8fde,2d406895) done!
[   37.537430] gs_open: ttyGS0 (0d8d8fde,c1b221ce)
HKQSWMNNUL 0
root@arm:~# echo 'PXHU''ZCKZZE'
PXHUZCKZZE
root@arm:~# MARKER='FJAZ''HJTNKS' run 'modprobe test_linear_ranges'
FJAZHJTNKSFJAZHJTNKS 0
root@arm:~# echo 'FSEB''NYOOBO'
FSEBNYOOBO
root@arm:~# MARKER='KVOE''SJBFPB' run dmesg
KVOESJBFPB[    0.000000] Booting Linux on physical CPU 0x0
[    0.000000] Linux version 6.16.5-90809-g2bd84652053c (user01@drvtest01) (arm-none-eabi-gcc (Arm GNU Toolchain 14.2.Rel1 (Build arm-14.52)) 14.2.1 20241119, GNU ld (Arm GNU Toolchain 14.2.Rel1 (Build arm-14.52)) 2.43.1.20241119) #1 SMP Thu Sep  4 19:22:10 EEST 2025
[    0.000000] CPU: ARMv7 Processor [413fc082] revision 2 (ARMv7), cr=10c5387d
[    0.000000] CPU: PIPT / VIPT nonaliasing data cache, VIPT aliasing instruction cache
[    0.000000] OF: fdt: Machine model: TI AM335x BeagleBone Black
[    0.000000] Memory policy: Data cache writeback
[    0.000000] cma: Reserved 16 MiB at 0x9e800000
[    0.000000] Zone ranges:
[    0.000000]   Normal   [mem 0x0000000080000000-0x000000009fdfffff]
[    0.000000]   HighMem  empty
[    0.000000] Movable zone start for each node
[    0.000000] Early memory node ranges
[    0.000000]   node   0: [mem 0x0000000080000000-0x000000009fdfffff]
[    0.000000] Initmem setup node 0 [mem 0x0000000080000000-0x000000009fdfffff]
[    0.000000] On node 0, zone Normal: 512 pages in unavailable ranges
[    0.000000] OF: reserved mem: Reserved memory: No reserved-memory node in the DT
[    0.000000] CPU: All CPU(s) started in SVC mode.
[    0.000000] AM335X ES2.1 (sgx neon)
[    0.000000] percpu: Embedded 17 pages/cpu s39820 r8192 d21620 u69632
[    0.000000] pcpu-alloc: s39820 r8192 d21620 u69632 alloc=17*4096
[    0.000000] pcpu-alloc: [0] 0 
[    0.000000] Kernel command line: console=ttyO0,115200n8 root=/dev/nfs rw nfsroot=192.168.255.126:/home/user01/nfs,nfsvers=3 ip=192.168.255.1:192.168.255.126::255.255.255.0:bbb1:eth0 nfsrootdebug
[    0.000000] Unknown kernel command line parameters "nfsrootdebug", will be passed to user space.
[    0.000000] printk: log buffer data + meta data: 65536 + 204800 = 270336 bytes
[    0.000000] Dentry cache hash table entries: 65536 (order: 6, 262144 bytes, linear)
[    0.000000] Inode-cache hash table entries: 32768 (order: 5, 131072 bytes, linear)
[    0.000000] Built 1 zonelists, mobility grouping on.  Total pages: 130560
[    0.000000] mem auto-init: stack:off, heap alloc:off, heap free:off
[    0.000000] SLUB: HWalign=16, Order=0-3, MinObjects=0, CPUs=1, Nodes=1
[    0.000000] rcu: Hierarchical RCU implementation.
[    0.000000] rcu: 	RCU event tracing is enabled.
[    0.000000] rcu: 	RCU restricting CPUs from NR_CPUS=2 to nr_cpu_ids=1.
[    0.000000] 	Tracing variant of Tasks RCU enabled.
[    0.000000] rcu: RCU calculated value of scheduler-enlistment delay is 10 jiffies.
[    0.000000] rcu: Adjusting geometry for rcu_fanout_leaf=16, nr_cpu_ids=1
[    0.000000] RCU Tasks Trace: Setting shift to 0 and lim to 1 rcu_task_cb_adjust=1 rcu_task_cpu_ids=1.
[    0.000000] NR_IRQS: 16, nr_irqs: 16, preallocated irqs: 16
[    0.000000] IRQ: Found an INTC at 0x(ptrval) (revision 5.0) with 128 interrupts
[    0.000000] rcu: srcu_init: Setting srcu_struct sizes based on contention.
[    0.000000] TI gptimer clocksource: always-on /ocp/interconnect@44c00000/segment@200000/target-module@31000
[    0.000003] sched_clock: 32 bits at 24MHz, resolution 41ns, wraps every 89478484971ns
[    0.000026] clocksource: dmtimer: mask: 0xffffffff max_cycles: 0xffffffff, max_idle_ns: 79635851949 ns
[    0.000511] TI gptimer clockevent: 24000000 Hz at /ocp/interconnect@48000000/segment@0/target-module@40000
[    0.002136] Console: colour dummy device 80x30
[    0.002199] WARNING: Your 'console=ttyO0' has been replaced by 'ttyS0'
[    0.002206] This ensures that you still see kernel messages. Please
[    0.002210] update your kernel commandline.
[    0.002254] Calibrating delay loop... 996.14 BogoMIPS (lpj=4980736)
[    0.090556] CPU: Testing write buffer coherency: ok
[    0.090670] CPU0: Spectre v2: using BPIALL workaround
[    0.090681] pid_max: default: 32768 minimum: 301
[    0.090836] LSM: initializing lsm=capability
[    0.091014] Mount-cache hash table entries: 1024 (order: 0, 4096 bytes, linear)
[    0.091034] Mountpoint-cache hash table entries: 1024 (order: 0, 4096 bytes, linear)
[    0.092655] CPU0: thread -1, cpu 0, socket -1, mpidr 0
[    0.092712] cacheinfo: Unable to detect cache hierarchy for CPU 0
[    0.094748] Setting up static identity map for 0x80100000 - 0x80100078
[    0.095065] rcu: Hierarchical SRCU implementation.
[    0.095075] rcu: 	Max phase no-delay instances is 1000.
[    0.096795] smp: Bringing up secondary CPUs ...
[    0.096847] smp: Brought up 1 node, 1 CPU
[    0.096860] SMP: Total of 1 processors activated (996.14 BogoMIPS).
[    0.096871] CPU: All CPU(s) started in SVC mode.
[    0.097060] Memory: 480820K/522240K available (11264K kernel code, 1221K rwdata, 2924K rodata, 1024K init, 287K bss, 23388K reserved, 16384K cma-reserved, 0K highmem)
[    0.097888] devtmpfs: initialized
[    0.115250] VFP support v0.3: implementor 41 architecture 3 part 30 variant c rev 3
[    0.115876] clocksource: jiffies: mask: 0xffffffff max_cycles: 0xffffffff, max_idle_ns: 19112604462750000 ns
[    0.115932] posixtimers hash table entries: 512 (order: 0, 4096 bytes, linear)
[    0.115958] futex hash table entries: 256 (16384 bytes on 1 NUMA nodes, total 16 KiB, linear).
[    0.117091] pinctrl core: initialized pinctrl subsystem
[    0.119132] NET: Registered PF_NETLINK/PF_ROUTE protocol family
[    0.122238] DMA: preallocated 256 KiB pool for atomic coherent allocations
[    0.123182] audit: initializing netlink subsys (disabled)
[    0.124566] thermal_sys: Registered thermal governor 'fair_share'
[    0.124581] thermal_sys: Registered thermal governor 'step_wise'
[    0.124591] thermal_sys: Registered thermal governor 'user_space'
[    0.124704] audit: type=2000 audit(0.120:1): state=initialized audit_enabled=0 res=1
[    0.124779] cpuidle: using governor menu
[    0.142699] /ocp/interconnect@44c00000/segment@200000/target-module@b000/i2c@0/tda19988@70: Fixed dependency cycle(s) with /ocp/interconnect@48000000/segment@300000/target-module@e000/lcdc@0
[    0.143814] /ocp/interconnect@48000000/segment@300000/target-module@e000/lcdc@0: Fixed dependency cycle(s) with /ocp/interconnect@44c00000/segment@200000/target-module@b000/i2c@0/tda19988@70
[    0.146003] No ATAGs?
[    0.146046] hw-breakpoint: debug architecture 0x4 unsupported.
[    0.148765] kprobes: kprobe jump-optimization is enabled. All kprobes are optimized if possible.
[    0.154121] iommu: Default domain type: Translated
[    0.154142] iommu: DMA domain TLB invalidation policy: strict mode
[    0.155703] reg-fixed-voltage fixedregulator0: using DT '/fixedregulator0' for '(default)' GPIO lookup
[    0.155757] of_get_named_gpiod_flags: can't parse 'gpios' property of node '/fixedregulator0[0]'
[    0.155786] of_get_named_gpiod_flags: can't parse 'gpio' property of node '/fixedregulator0[0]'
[    0.155803] reg-fixed-voltage fixedregulator0: using lookup tables for GPIO lookup
[    0.155813] reg-fixed-voltage fixedregulator0: No GPIO consumer (default) found
[    0.161680] SCSI subsystem initialized
[    0.162183] libata version 3.00 loaded.
[    0.162560] pps_core: LinuxPPS API ver. 1 registered
[    0.162573] pps_core: Software ver. 5.3.6 - Copyright 2005-2007 Rodolfo Giometti <giometti@linux.it>
[    0.162595] PTP clock support registered
[    0.171476] vgaarb: loaded
[    0.171856] clocksource: Switched to clocksource dmtimer
[    0.172533] VFS: Disk quotas dquot_6.6.0
[    0.172587] VFS: Dquot-cache hash table entries: 1024 (order 0, 4096 bytes)
[    0.197239] NET: Registered PF_INET protocol family
[    0.197580] IP idents hash table entries: 8192 (order: 4, 65536 bytes, linear)
[    0.199013] tcp_listen_portaddr_hash hash table entries: 512 (order: 0, 4096 bytes, linear)
[    0.199052] Table-perturb hash table entries: 65536 (order: 6, 262144 bytes, linear)
[    0.199072] TCP established hash table entries: 4096 (order: 2, 16384 bytes, linear)
[    0.199117] TCP bind hash table entries: 4096 (order: 4, 65536 bytes, linear)
[    0.199216] TCP: Hash tables configured (established 4096 bind 4096)
[    0.199339] UDP hash table entries: 256 (order: 1, 14336 bytes, linear)
[    0.199373] UDP-Lite hash table entries: 256 (order: 1, 14336 bytes, linear)
[    0.199558] NET: Registered PF_UNIX/PF_LOCAL protocol family
[    0.200861] RPC: Registered named UNIX socket transport module.
[    0.200882] RPC: Registered udp transport module.
[    0.200887] RPC: Registered tcp transport module.
[    0.200891] RPC: Registered tcp-with-tls transport module.
[    0.200897] RPC: Registered tcp NFSv4.1 backchannel transport module.
[    0.200920] PCI: CLS 0 bytes, default 64
[    0.202451] Initialise system trusted keyrings
[    0.212782] workingset: timestamp_bits=14 max_order=17 bucket_order=3
[    0.214142] NFS: Registering the id_resolver key type
[    0.214240] Key type id_resolver registered
[    0.214247] Key type id_legacy registered
[    0.214359] jffs2: version 2.2. (NAND) (SUMMARY)  Â© 2001-2006 Red Hat, Inc.
[    0.214822] Key type asymmetric registered
[    0.214839] Asymmetric key parser 'x509' registered
[    0.214909] io scheduler mq-deadline registered
[    0.214919] io scheduler kyber registered
[    0.214990] io scheduler bfq registered
[    0.216871] target-module@4b000000:target-module@140000:pmu@0:fck: device ID is greater than 24
[    0.223062] l3-aon-clkctrl:0000:0: failed to disable
[    0.232103] ledtrig-cpu: registered to indicate activity on CPUs
[    0.234937] Serial: 8250/16550 driver, 6 ports, IRQ sharing enabled
[    0.276351] brd: module loaded
[    0.301189] loop: module loaded
[    0.302315] mtdoops: mtd device (mtddev=name/number) must be supplied
[    0.304042] mdio_bus fixed-0: using lookup tables for GPIO lookup
[    0.304067] mdio_bus fixed-0: No GPIO consumer reset found
[    0.305425] i2c_dev: i2c /dev entries driver
[    0.306414] cpuidle: enable-method property 'ti,am3352' found operations
[    0.306869] sdhci: Secure Digital Host Controller Interface driver
[    0.306878] sdhci: Copyright(c) Pierre Ossman
[    0.307052] sdhci-pltfm: SDHCI platform and OF driver helper
[    0.308518] hw perfevents: enabled with armv7_cortex_a8 PMU driver, 5 (8000000f) counters available
[    0.309036] Initializing XFRM netlink socket
[    0.309214] NET: Registered PF_INET6 protocol family
[    0.314868] l3-aon-clkctrl:0000:0: failed to disable
[    0.336652] Segment Routing with IPv6
[    0.336741] In-situ OAM (IOAM) with IPv6
[    0.336839] sit: IPv6, IPv4 and MPLS over IPv4 tunneling driver
[    0.337797] NET: Registered PF_PACKET protocol family
[    0.337824] NET: Registered PF_KEY protocol family
[    0.337940] Key type dns_resolver registered
[    0.338164] ThumbEE CPU extension supported.
[    0.338185] Registering SWP/SWPB emulation handler
[    0.338724] omap_voltage_late_init: Voltage driver support not added
[    0.339414] SmartReflex Class3 initialized
[    0.364276] Loading compiled-in X.509 certificates
[    0.406447] /ocp/interconnect@44c00000/segment@200000/target-module@b000/i2c@0/tda19988@70: Fixed dependency cycle(s) with /ocp/interconnect@48000000/segment@300000/target-module@e000/lcdc@0
[    0.412983] /ocp/interconnect@44c00000/segment@200000/target-module@b000/i2c@0/tda19988@70: Fixed dependency cycle(s) with /ocp/interconnect@48000000/segment@300000/target-module@e000/lcdc@0
[    0.418538] gpiochip_find_base_unlocked: found new base at 512
[    0.443093] /ocp/interconnect@44c00000/segment@200000/target-module@b000/i2c@0/tda19988@70: Fixed dependency cycle(s) with /ocp/interconnect@48000000/segment@300000/target-module@e000/lcdc@0
[    0.444005] /ocp/interconnect@44c00000/segment@200000/target-module@b000/i2c@0/tda19988@70: Fixed dependency cycle(s) with /ocp/interconnect@48000000/segment@300000/target-module@e000/lcdc@0
[    0.447481] /ocp/interconnect@44c00000/segment@200000/target-module@10000/scm@0/pinmux@800: Fixed dependency cycle(s) with /ocp/interconnect@44c00000/segment@200000/target-module@10000/scm@0/pinmux@800/clkout2-pins
[    0.448080] pinctrl-single 44e10800.pinmux: 142 pins, size 568
[    0.453543] ti-sysc 44e31000.target-module: probe with driver ti-sysc failed with error -16
[    0.479898] /ocp/interconnect@48000000/segment@300000/target-module@e000/lcdc@0: Fixed dependency cycle(s) with /ocp/interconnect@44c00000/segment@200000/target-module@b000/i2c@0/tda19988@70
[    0.488205] ti-sysc 48040000.target-module: probe with driver ti-sysc failed with error -16
[    0.499710] gpiochip_find_base_unlocked: found new base at 512
[    0.499812] gpio gpiochip0: (gpio-0-31): created GPIO range 0->7 ==> 44e10800.pinmux PIN 0->7
[    0.499831] gpio gpiochip0: (gpio-0-31): created GPIO range 8->11 ==> 44e10800.pinmux PIN 90->93
[    0.499847] gpio gpiochip0: (gpio-0-31): created GPIO range 12->27 ==> 44e10800.pinmux PIN 12->27
[    0.499862] gpio gpiochip0: (gpio-0-31): created GPIO range 28->31 ==> 44e10800.pinmux PIN 30->33
[    0.545803] gpio gpiochip0: (gpio-0-31): added GPIO chardev (254:0)
[    0.545950] gpio gpiochip0: registered GPIOs 512 to 543 on gpio-0-31
[    0.546036] OMAP GPIO hardware version 0.1
[    0.563833] i2c i2c-2: using DT '/ocp/interconnect@48000000/segment@100000/target-module@9c000/i2c@0' for 'scl' GPIO lookup
[    0.563906] of_get_named_gpiod_flags: can't parse 'scl-gpios' property of node '/ocp/interconnect@48000000/segment@100000/target-module@9c000/i2c@0[0]'
[    0.563948] of_get_named_gpiod_flags: can't parse 'scl-gpio' property of node '/ocp/interconnect@48000000/segment@100000/target-module@9c000/i2c@0[0]'
[    0.563983] i2c i2c-2: using lookup tables for GPIO lookup
[    0.563993] i2c i2c-2: No GPIO consumer scl found
[    0.564014] i2c i2c-2: using DT '/ocp/interconnect@48000000/segment@100000/target-module@9c000/i2c@0' for 'sda' GPIO lookup
[    0.564048] of_get_named_gpiod_flags: can't parse 'sda-gpios' property of node '/ocp/interconnect@48000000/segment@100000/target-module@9c000/i2c@0[0]'
[    0.564084] of_get_named_gpiod_flags: can't parse 'sda-gpio' property of node '/ocp/interconnect@48000000/segment@100000/target-module@9c000/i2c@0[0]'
[    0.564116] i2c i2c-2: using lookup tables for GPIO lookup
[    0.564124] i2c i2c-2: No GPIO consumer sda found
[    0.564840] omap_i2c 4819c000.i2c: bus 2 rev0.11 at 100 kHz
[    0.570440] gpiochip_find_base_unlocked: found new base at 544
[    0.570542] gpio gpiochip1: (gpio-32-63): created GPIO range 0->17 ==> 44e10800.pinmux PIN 34->51
[    0.570562] gpio gpiochip1: (gpio-32-63): created GPIO range 18->21 ==> 44e10800.pinmux PIN 77->80
[    0.570578] gpio gpiochip1: (gpio-32-63): created GPIO range 22->31 ==> 44e10800.pinmux PIN 56->65
[    0.592044] gpio gpiochip1: (gpio-32-63): added GPIO chardev (254:1)
[    0.592197] gpio gpiochip1: registered GPIOs 544 to 575 on gpio-32-63
[    0.594495] gpiochip_find_base_unlocked: found new base at 576
[    0.594598] gpio gpiochip2: (gpio-64-95): created GPIO range 0->4 ==> 44e10800.pinmux PIN 66->70
[    0.594619] gpio gpiochip2: (gpio-64-95): created GPIO range 5->6 ==> 44e10800.pinmux PIN 98->99
[    0.594634] gpio gpiochip2: (gpio-64-95): created GPIO range 7->8 ==> 44e10800.pinmux PIN 75->76
[    0.594649] gpio gpiochip2: (gpio-64-95): created GPIO range 13->13 ==> 44e10800.pinmux PIN 141->141
[    0.594665] gpio gpiochip2: (gpio-64-95): created GPIO range 14->21 ==> 44e10800.pinmux PIN 100->107
[    0.595324] gpio gpiochip2: (gpio-64-95): added GPIO chardev (254:2)
[    0.595464] gpio gpiochip2: registered GPIOs 576 to 607 on gpio-64-95
[    0.601110] 48000000.interconnect:segment@200000:target-module@0:mpu@0:fck: device ID is greater than 24
[    0.602269] /ocp/interconnect@48000000/segment@300000/target-module@e000/lcdc@0: Fixed dependency cycle(s) with /ocp/interconnect@44c00000/segment@200000/target-module@b000/i2c@0/tda19988@70
[    0.605170] /ocp/interconnect@48000000/segment@300000/target-module@e000/lcdc@0: Fixed dependency cycle(s) with /ocp/interconnect@44c00000/segment@200000/target-module@b000/i2c@0/tda19988@70
[    0.605886] /ocp/interconnect@44c00000/segment@200000/target-module@b000/i2c@0/tda19988@70: Fixed dependency cycle(s) with /ocp/interconnect@48000000/segment@300000/target-module@e000/lcdc@0
[    0.606057] /ocp/interconnect@48000000/segment@300000/target-module@e000/lcdc@0: Fixed dependency cycle(s) with /ocp/interconnect@44c00000/segment@200000/target-module@b000/i2c@0/tda19988@70
[    0.615801] mdio_bus 4a101000.mdio: using DT '/ocp/interconnect@4a000000/segment@0/target-module@100000/switch@0/mdio@1000' for 'reset' GPIO lookup
[    0.615883] of_get_named_gpiod_flags: can't parse 'reset-gpios' property of node '/ocp/interconnect@4a000000/segment@0/target-module@100000/switch@0/mdio@1000[0]'
[    0.615930] of_get_named_gpiod_flags: can't parse 'reset-gpio' property of node '/ocp/interconnect@4a000000/segment@0/target-module@100000/switch@0/mdio@1000[0]'
[    0.615975] mdio_bus 4a101000.mdio: using lookup tables for GPIO lookup
[    0.615984] mdio_bus 4a101000.mdio: No GPIO consumer reset found
[    0.617555] sdhci-omap 481d8000.mmc: using DT '/ocp/interconnect@48000000/segment@100000/target-module@d8000/mmc@0' for 'wp' GPIO lookup
[    0.617621] of_get_named_gpiod_flags: can't parse 'wp-gpios' property of node '/ocp/interconnect@48000000/segment@100000/target-module@d8000/mmc@0[0]'
[    0.617664] of_get_named_gpiod_flags: can't parse 'wp-gpio' property of node '/ocp/interconnect@48000000/segment@100000/target-module@d8000/mmc@0[0]'
[    0.617698] sdhci-omap 481d8000.mmc: using lookup tables for GPIO lookup
[    0.617707] sdhci-omap 481d8000.mmc: No GPIO consumer wp found
[    0.617908] sdhci-omap 481d8000.mmc: supply pbias not found, using dummy regulator
[    0.618387] sdhci-omap 481d8000.mmc: supply vqmmc not found, using dummy regulator
[    0.664390] davinci_mdio 4a101000.mdio: davinci mdio revision 1.6, bus freq 1000000
[    0.686002] mdio_bus 4a101000.mdio:00: using DT '/ocp/interconnect@4a000000/segment@0/target-module@100000/switch@0/mdio@1000/ethernet-phy@0' for 'reset' GPIO lookup
[    0.686103] of_get_named_gpiod_flags: parsed 'reset-gpios' property of node '/ocp/interconnect@4a000000/segment@0/target-module@100000/switch@0/mdio@1000/ethernet-phy@0[0]' - status (0)
[    0.686266] gpio gpiochip0: Persistence not supported for GPIO 8
[    0.828704] davinci_mdio 4a101000.mdio: phy[0]: device 4a101000.mdio:00, driver SMSC LAN8710/LAN8720
[    0.829481] cpsw-switch 4a100000.switch: initialized cpsw ale version 1.4
[    0.829505] cpsw-switch 4a100000.switch: ALE Table size 1024, Policers 0
[    0.829663] cpsw-switch 4a100000.switch: cpts: overflow check period 500 (jiffies)
[    0.829679] cpsw-switch 4a100000.switch: CPTS: ref_clk_freq:250000000 calc_mult:2147483648 calc_shift:29 error:0 nsec/sec
[    0.829792] cpsw-switch 4a100000.switch: Detected MACID = 6c:ec:eb:68:de:78
[    0.831659] cpsw-switch 4a100000.switch: initialized (regs 0x4a100000, pool size 256) hw_ver:0019010C 1.12 (0)
[    0.842738] debugfs: Directory '49000000.dma' with parent 'dmaengine' already present!
[    0.842779] edma 49000000.dma: TI EDMA DMA engine driver
[    0.883276] gpio-clk clk_mcasp0: using DT '/clk_mcasp0' for 'enable' GPIO lookup
[    0.883356] of_get_named_gpiod_flags: parsed 'enable-gpios' property of node '/clk_mcasp0[0]' - status (0)
[    0.883403] gpio gpiochip0: Persistence not supported for GPIO 27
[    0.884291] gpiochip_find_base_unlocked: found new base at 608
[    0.884405] gpio gpiochip3: (gpio-96-127): created GPIO range 0->7 ==> 44e10800.pinmux PIN 82->89
[    0.884424] gpio gpiochip3: (gpio-96-127): created GPIO range 8->11 ==> 44e10800.pinmux PIN 52->55
[    0.884442] gpio gpiochip3: (gpio-96-127): created GPIO range 12->15 ==> 44e10800.pinmux PIN 94->97
[    0.884461] gpio gpiochip3: (gpio-96-127): created GPIO range 16->17 ==> 44e10800.pinmux PIN 71->72
[    0.884478] gpio gpiochip3: (gpio-96-127): created GPIO range 18->18 ==> 44e10800.pinmux PIN 135->135
[    0.884494] gpio gpiochip3: (gpio-96-127): created GPIO range 19->20 ==> 44e10800.pinmux PIN 108->109
[    0.884510] gpio gpiochip3: (gpio-96-127): created GPIO range 21->21 ==> 44e10800.pinmux PIN 73->73
[    0.884527] gpio gpiochip3: (gpio-96-127): created GPIO range 22->23 ==> 44e10800.pinmux PIN 8->9
[    0.884544] gpio gpiochip3: (gpio-96-127): created GPIO range 26->27 ==> 44e10800.pinmux PIN 10->11
[    0.884562] gpio gpiochip3: (gpio-96-127): created GPIO range 28->28 ==> 44e10800.pinmux PIN 74->74
[    0.884580] gpio gpiochip3: (gpio-96-127): created GPIO range 29->29 ==> 44e10800.pinmux PIN 81->81
[    0.884598] gpio gpiochip3: (gpio-96-127): created GPIO range 30->31 ==> 44e10800.pinmux PIN 28->29
[    0.907213] gpio gpiochip3: (gpio-96-127): added GPIO chardev (254:3)
[    0.907382] gpio gpiochip3: registered GPIOs 608 to 639 on gpio-96-127
[    0.926362] omap8250 44e09000.serial: using DT '/ocp/interconnect@44c00000/segment@200000/target-module@9000/serial@0' for 'rs485-term' GPIO lookup
[    0.926442] of_get_named_gpiod_flags: can't parse 'rs485-term-gpios' property of node '/ocp/interconnect@44c00000/segment@200000/target-module@9000/serial@0[0]'
[    0.926487] of_get_named_gpiod_flags: can't parse 'rs485-term-gpio' property of node '/ocp/interconnect@44c00000/segment@200000/target-module@9000/serial@0[0]'
[    0.926523] omap8250 44e09000.serial: using lookup tables for GPIO lookup
[    0.926533] omap8250 44e09000.serial: No GPIO consumer rs485-term found
[    0.926543] omap8250 44e09000.serial: using DT '/ocp/interconnect@44c00000/segment@200000/target-module@9000/serial@0' for 'rs485-rx-during-tx' GPIO lookup
[    0.926578] of_get_named_gpiod_flags: can't parse 'rs485-rx-during-tx-gpios' property of node '/ocp/interconnect@44c00000/segment@200000/target-module@9000/serial@0[0]'
[    0.926614] of_get_named_gpiod_flags: can't parse 'rs485-rx-during-tx-gpio' property of node '/ocp/interconnect@44c00000/segment@200000/target-module@9000/serial@0[0]'
[    0.926646] omap8250 44e09000.serial: using lookup tables for GPIO lookup
[    0.926654] omap8250 44e09000.serial: No GPIO consumer rs485-rx-during-tx found
[    0.927102] 44e09000.serial: ttyS0 at MMIO 0x44e09000 (irq = 34, base_baud = 3000000) is a 8250
[    0.927192] printk: legacy console [ttyS0] enabled
[    2.378191] i2c i2c-0: using DT '/ocp/interconnect@44c00000/segment@200000/target-module@b000/i2c@0' for 'scl' GPIO lookup
[    2.378279] of_get_named_gpiod_flags: can't parse 'scl-gpios' property of node '/ocp/interconnect@44c00000/segment@200000/target-module@b000/i2c@0[0]'
[    2.378327] of_get_named_gpiod_flags: can't parse 'scl-gpio' property of node '/ocp/interconnect@44c00000/segment@200000/target-module@b000/i2c@0[0]'
[    2.378366] i2c i2c-0: using lookup tables for GPIO lookup
[    2.378380] i2c i2c-0: No GPIO consumer scl found
[    2.378404] i2c i2c-0: using DT '/ocp/interconnect@44c00000/segment@200000/target-module@b000/i2c@0' for 'sda' GPIO lookup
[    2.378443] of_get_named_gpiod_flags: can't parse 'sda-gpios' property of node '/ocp/interconnect@44c00000/segment@200000/target-module@b000/i2c@0[0]'
[    2.378484] of_get_named_gpiod_flags: can't parse 'sda-gpio' property of node '/ocp/interconnect@44c00000/segment@200000/target-module@b000/i2c@0[0]'
[    2.378518] i2c i2c-0: using lookup tables for GPIO lookup
[    2.378529] i2c i2c-0: No GPIO consumer sda found
[    2.392853] tps65217-pmic: Failed to locate of_node [id: -1]
[    2.398918] tps65217-bl: Failed to locate of_node [id: -1]
[    2.404981] platform tps65217-charger: DMA mask not set
[    2.411030] platform tps65217-pwrbutton: DMA mask not set
[    2.418405] tps65217 0-0024: TPS65217 ID 0xe version 1.2
[    2.424555] /ocp/interconnect@48000000/segment@300000/target-module@e000/lcdc@0: Fixed dependency cycle(s) with /ocp/interconnect@44c00000/segment@200000/target-module@b000/i2c@0/tda19988@70
[    2.441974] /ocp/interconnect@44c00000/segment@200000/target-module@b000/i2c@0/tda19988@70: Fixed dependency cycle(s) with /ocp/interconnect@48000000/segment@300000/target-module@e000/lcdc@0
[    2.459316] omap_i2c 44e0b000.i2c: bus 0 rev0.11 at 400 kHz
[    2.466957] sdhci-omap 48060000.mmc: using DT '/ocp/interconnect@48000000/segment@0/target-module@60000/mmc@0' for 'cd' GPIO lookup
[    2.467068] of_get_named_gpiod_flags: parsed 'cd-gpios' property of node '/ocp/interconnect@48000000/segment@0/target-module@60000/mmc@0[0]' - status (0)
[    2.467139] gpio gpiochip3: Persistence not supported for GPIO 6
[    2.467165] omap_gpio 44e07000.gpio: Could not set line 6 debounce to 200000 microseconds (-22)
[    2.476099] sdhci-omap 48060000.mmc: Got CD GPIO
[    2.480755] sdhci-omap 48060000.mmc: using DT '/ocp/interconnect@48000000/segment@0/target-module@60000/mmc@0' for 'wp' GPIO lookup
[    2.480806] of_get_named_gpiod_flags: can't parse 'wp-gpios' property of node '/ocp/interconnect@48000000/segment@0/target-module@60000/mmc@0[0]'
[    2.480849] of_get_named_gpiod_flags: can't parse 'wp-gpio' property of node '/ocp/interconnect@48000000/segment@0/target-module@60000/mmc@0[0]'
[    2.480889] sdhci-omap 48060000.mmc: using lookup tables for GPIO lookup
[    2.480902] sdhci-omap 48060000.mmc: No GPIO consumer wp found
[    2.481109] sdhci-omap 48060000.mmc: supply pbias not found, using dummy regulator
[    2.489909] sdhci-omap 481d8000.mmc: using DT '/ocp/interconnect@48000000/segment@100000/target-module@d8000/mmc@0' for 'wp' GPIO lookup
[    2.489987] of_get_named_gpiod_flags: can't parse 'wp-gpios' property of node '/ocp/interconnect@48000000/segment@100000/target-module@d8000/mmc@0[0]'
[    2.490036] of_get_named_gpiod_flags: can't parse 'wp-gpio' property of node '/ocp/interconnect@48000000/segment@100000/target-module@d8000/mmc@0[0]'
