Labgrid Console Logfile for main
Logfile started at 2025-09-26 19:15:38.030481
=== Log starts here ===
reading args
spl_load_image_fat_os: error reading image args, err - -1
reading u-boot.img
reading u-boot.img


U-Boot 2014.04-00014-g47880f5 (Apr 22 2014 - 13:23:54)

I2C:   ready
DRAM:  512 MiB
NAND:  0 MiB
MMC:   OMAP SD/MMC: 0, OMAP SD/MMC: 1
*** Warning - readenv() failed, using default environment

Net:   <ethaddr> not set. Validating first E-fuse MAC
cpsw, usb_ether
Hit any key to stop autoboot:  1  0 
gpio: pin 53 (gpio 53) value is 1
mmc0 is current device
gpio: pin 54 (gpio 54) value is 1
SD/MMC found on device 0
reading uEnv.txt
569 bytes read in 3 ms (184.6 KiB/s)
gpio: pin 55 (gpio 55) value is 1
Loaded environment from uEnv.txt
Importing environment from mmc ...
Checking if uenvcmd is set ...
gpio: pin 56 (gpio 56) value is 1
Running uenvcmd ...
cpsw Waiting for PHY auto negotiation to complete. done
link up on port 0, speed 100, full duplex
Using cpsw device
TFTP from server 192.168.255.126; our IP address is 192.168.255.1
Filename 'zImage'.
Load address: 0x81000000
Loading: *#################################################################
	 #################################################################
	 #################################################################
	 #################################################################
	 #################################################################
	 ###############################################################
	 2.4 MiB/s
done
Bytes transferred = 5688112 (56cb30 hex)
link up on port 0, speed 100, full duplex
Using cpsw device
TFTP from server 192.168.255.126; our IP address is 192.168.255.1
Filename 'am335x-boneblack.dtb'.
Load address: 0x82000000
Loading: *#######
	 1.6 MiB/s
done
Bytes transferred = 98148 (17f64 hex)
Kernel image @ 0x81000000 [ 0x000000 - 0x56cb30 ]
## Flattened Device Tree blob at 82000000
   Booting using the fdt blob at 0x82000000
   Using Device Tree in place at 82000000, end 8201af63

Starting kernel ...

[    0.000000] Booting Linux on physical CPU 0x0
[    0.000000] Linux version 6.17.0-rc7-next-20250926 (user01@drvtest01) (arm-none-eabi-gcc (Arm GNU Toolchain 14.2.Rel1 (Build arm-14.52)) 14.2.1 20241119, GNU ld (Arm GNU Toolchain 14.2.Rel1 (Build arm-14.52)) 2.43.1.20241119) #1 SMP Fri Sep 26 19:13:46 EEST 2025
[    0.000000] CPU: ARMv7 Processor [413fc082] revision 2 (ARMv7), cr=10c5387d
[    0.000000] CPU: PIPT / VIPT nonaliasing data cache, VIPT aliasing instruction cache
[    0.000000] OF: fdt: Machine model: TI AM335x BeagleBone Black
[    0.000000] Memory policy: Data cache writeback
[    0.000000] cma: Reserved 16 MiB at 0x9e800000
[    0.000000] Zone ranges:
[    0.000000]   Normal   [mem 0x0000000080000000-0x000000009fdfffff]
[    0.000000]   HighMem  empty
[    0.000000] Movable zone start for each node
[    0.000000] Early memory node ranges
[    0.000000]   node   0: [mem 0x0000000080000000-0x000000009fdfffff]
[    0.000000] Initmem setup node 0 [mem 0x0000000080000000-0x000000009fdfffff]
[    0.000000] On node 0, zone Normal: 512 pages in unavailable ranges
[    0.000000] OF: reserved mem: Reserved memory: No reserved-memory node in the DT
[    0.000000] CPU: All CPU(s) started in SVC mode.
[    0.000000] AM335X ES2.1 (sgx neon)
[    0.000000] percpu: Embedded 17 pages/cpu s39884 r8192 d21556 u69632
[    0.000000] Kernel command line: console=ttyO0,115200n8 root=/dev/nfs rw nfsroot=192.168.255.126:/home/user01/nfs,nfsvers=3 ip=192.168.255.1:192.168.255.126::255.255.255.0:bbb1:eth0 nfsrootdebug
[    0.000000] Unknown kernel command line parameters "nfsrootdebug", will be passed to user space.
[    0.000000] printk: log buffer data + meta data: 65536 + 204800 = 270336 bytes
[    0.000000] Dentry cache hash table entries: 65536 (order: 6, 262144 bytes, linear)
[    0.000000] Inode-cache hash table entries: 32768 (order: 5, 131072 bytes, linear)
[    0.000000] Built 1 zonelists, mobility grouping on.  Total pages: 130560
[    0.000000] mem auto-init: stack:off, heap alloc:off, heap free:off
[    0.000000] SLUB: HWalign=16, Order=0-3, MinObjects=0, CPUs=1, Nodes=1
[    0.000000] rcu: Hierarchical RCU implementation.
[    0.000000] rcu: 	RCU event tracing is enabled.
[    0.000000] rcu: 	RCU restricting CPUs from NR_CPUS=2 to nr_cpu_ids=1.
[    0.000000] 	Tracing variant of Tasks RCU enabled.
[    0.000000] rcu: RCU calculated value of scheduler-enlistment delay is 10 jiffies.
[    0.000000] rcu: Adjusting geometry for rcu_fanout_leaf=16, nr_cpu_ids=1
[    0.000000] RCU Tasks Trace: Setting shift to 0 and lim to 1 rcu_task_cb_adjust=1 rcu_task_cpu_ids=1.
[    0.000000] NR_IRQS: 16, nr_irqs: 16, preallocated irqs: 16
[    0.000000] IRQ: Found an INTC at 0x(ptrval) (revision 5.0) with 128 interrupts
[    0.000000] rcu: srcu_init: Setting srcu_struct sizes based on contention.
[    0.000000] TI gptimer clocksource: always-on /ocp/interconnect@44c00000/segment@200000/target-module@31000
[    0.000002] sched_clock: 32 bits at 24MHz, resolution 41ns, wraps every 89478484971ns
[    0.000028] clocksource: dmtimer: mask: 0xffffffff max_cycles: 0xffffffff, max_idle_ns: 79635851949 ns
[    0.000498] TI gptimer clockevent: 24000000 Hz at /ocp/interconnect@48000000/segment@0/target-module@40000
[    0.002065] Console: colour dummy device 80x30
[    0.002129] WARNING: Your 'console=ttyO0' has been replaced by 'ttyS0'
[    0.002137] This ensures that you still see kernel messages. Please
[    0.002142] update your kernel commandline.
[    0.002184] Calibrating delay loop... 996.14 BogoMIPS (lpj=4980736)
[    0.090608] CPU: Testing write buffer coherency: ok
[    0.090694] CPU0: Spectre v2: using BPIALL workaround
[    0.090703] pid_max: default: 32768 minimum: 301
[    0.090879] LSM: initializing lsm=capability
[    0.091050] Mount-cache hash table entries: 1024 (order: 0, 4096 bytes, linear)
[    0.091069] Mountpoint-cache hash table entries: 1024 (order: 0, 4096 bytes, linear)
[    0.092660] CPU0: thread -1, cpu 0, socket -1, mpidr 0
[    0.092716] cacheinfo: Unable to detect cache hierarchy for CPU 0
[    0.094738] Setting up static identity map for 0x80100000 - 0x80100078
[    0.095042] rcu: Hierarchical SRCU implementation.
[    0.095053] rcu: 	Max phase no-delay instances is 1000.
[    0.096743] smp: Bringing up secondary CPUs ...
[    0.096794] smp: Brought up 1 node, 1 CPU
[    0.096807] SMP: Total of 1 processors activated (996.14 BogoMIPS).
[    0.096818] CPU: All CPU(s) started in SVC mode.
[    0.097014] Memory: 480868K/522240K available (11264K kernel code, 1226K rwdata, 2948K rodata, 1024K init, 256K bss, 23336K reserved, 16384K cma-reserved, 0K highmem)
[    0.097818] devtmpfs: initialized
[    0.115435] VFP support v0.3: implementor 41 architecture 3 part 30 variant c rev 3
[    0.116084] clocksource: jiffies: mask: 0xffffffff max_cycles: 0xffffffff, max_idle_ns: 19112604462750000 ns
[    0.116141] posixtimers hash table entries: 512 (order: 0, 4096 bytes, linear)
[    0.116169] futex hash table entries: 256 (16384 bytes on 1 NUMA nodes, total 16 KiB, linear).
[    0.117309] pinctrl core: initialized pinctrl subsystem
[    0.119407] NET: Registered PF_NETLINK/PF_ROUTE protocol family
[    0.122485] DMA: preallocated 256 KiB pool for atomic coherent allocations
[    0.123091] audit: initializing netlink subsys (disabled)
[    0.124428] thermal_sys: Registered thermal governor 'fair_share'
[    0.124442] thermal_sys: Registered thermal governor 'step_wise'
[    0.124452] thermal_sys: Registered thermal governor 'user_space'
[    0.124558] audit: type=2000 audit(0.120:1): state=initialized audit_enabled=0 res=1
[    0.124628] cpuidle: using governor menu
[    0.142666] /ocp/interconnect@44c00000/segment@200000/target-module@b000/i2c@0/tda19988@70: Fixed dependency cycle(s) with /ocp/interconnect@48000000/segment@300000/target-module@e000/lcdc@0
[    0.143766] /ocp/interconnect@48000000/segment@300000/target-module@e000/lcdc@0: Fixed dependency cycle(s) with /ocp/interconnect@44c00000/segment@200000/target-module@b000/i2c@0/tda19988@70
[    0.145970] No ATAGs?
[    0.146007] hw-breakpoint: debug architecture 0x4 unsupported.
[    0.149121] kprobes: kprobe jump-optimization is enabled. All kprobes are optimized if possible.
[    0.153816] iommu: Default domain type: Translated
[    0.153838] iommu: DMA domain TLB invalidation policy: strict mode
[    0.161686] SCSI subsystem initialized
[    0.162564] pps_core: LinuxPPS API ver. 1 registered
[    0.162576] pps_core: Software ver. 5.3.6 - Copyright 2005-2007 Rodolfo Giometti <giometti@linux.it>
[    0.162599] PTP clock support registered
[    0.170834] vgaarb: loaded
[    0.171212] clocksource: Switched to clocksource dmtimer
[    0.171886] VFS: Disk quotas dquot_6.6.0
[    0.171948] VFS: Dquot-cache hash table entries: 1024 (order 0, 4096 bytes)
[    0.195596] NET: Registered PF_INET protocol family
[    0.195931] IP idents hash table entries: 8192 (order: 4, 65536 bytes, linear)
[    0.197346] tcp_listen_portaddr_hash hash table entries: 512 (order: 0, 4096 bytes, linear)
[    0.197380] Table-perturb hash table entries: 65536 (order: 6, 262144 bytes, linear)
[    0.197397] TCP established hash table entries: 4096 (order: 2, 16384 bytes, linear)
[    0.197443] TCP bind hash table entries: 4096 (order: 4, 65536 bytes, linear)
[    0.197543] TCP: Hash tables configured (established 4096 bind 4096)
[    0.197664] UDP hash table entries: 256 (order: 1, 14336 bytes, linear)
[    0.197698] UDP-Lite hash table entries: 256 (order: 1, 14336 bytes, linear)
[    0.197916] NET: Registered PF_UNIX/PF_LOCAL protocol family
[    0.202001] RPC: Registered named UNIX socket transport module.
[    0.202025] RPC: Registered udp transport module.
[    0.202030] RPC: Registered tcp transport module.
[    0.202035] RPC: Registered tcp-with-tls transport module.
[    0.202039] RPC: Registered tcp NFSv4.1 backchannel transport module.
[    0.202067] PCI: CLS 0 bytes, default 64
[    0.203486] Initialise system trusted keyrings
[    0.211502] workingset: timestamp_bits=14 max_order=17 bucket_order=3
[    0.212980] NFS: Registering the id_resolver key type
[    0.213051] Key type id_resolver registered
[    0.213058] Key type id_legacy registered
[    0.213173] jffs2: version 2.2. (NAND) (SUMMARY)  Â© 2001-2006 Red Hat, Inc.
[    0.213639] Key type asymmetric registered
[    0.213655] Asymmetric key parser 'x509' registered
[    0.213731] io scheduler mq-deadline registered
[    0.213741] io scheduler kyber registered
[    0.213825] io scheduler bfq registered
[    0.215697] target-module@4b000000:target-module@140000:pmu@0:fck: device ID is greater than 24
[    0.221573] ledtrig-cpu: registered to indicate activity on CPUs
[    0.232012] Serial: 8250/16550 driver, 6 ports, IRQ sharing enabled
[    0.279323] brd: module loaded
[    0.288321] loop: module loaded
[    0.289250] mtdoops: mtd device (mtddev=name/number) must be supplied
[    0.292407] i2c_dev: i2c /dev entries driver
[    0.293425] cpuidle: enable-method property 'ti,am3352' found operations
[    0.293882] sdhci: Secure Digital Host Controller Interface driver
[    0.293893] sdhci: Copyright(c) Pierre Ossman
[    0.294077] sdhci-pltf m: SDHCI platform and OF driver helper
[    0.301582] hw perfevents: enabled with armv7_cortex_a8 PMU driver, 5 (8000000f) counters available
[    0.302140] Initializing XFRM netlink socket
[    0.302317] NET: Registered PF_INET6 protocol family
[    0.304298] Segment Routing with IPv6
[    0.304379] In-situ OAM (IOAM) with IPv6
[    0.304475] sit: IPv6, IPv4 and MPLS over IPv4 tunneling driver
[    0.305454] NET: Registered PF_PACKET protocol family
[    0.305484] NET: Registered PF_KEY protocol  family
[    0.305610] Key type dns_resolver registered
[    0.305844] ThumbEE CPU extension supported.
[    0.305865] Registering SWP/SWPB emulation handler
[    0.306398] omap_voltage_late_init: Voltage driver support not added
[    0.307065] SmartReflex Class3 initialized
[    0.344282] Loading compiled-in X.509 certificates
[    0.375133] /ocp/interconnect@44c00000/segment@200000/target-module@b000/i2c@0/tda19988@70: Fixed dependency cycle(s) with /ocp/interconnect@48000000/segment@300000/target-module@e000/lcdc@0
[    0.381731] /ocp/interconnect@44c00000/segment@200000/target-module@b000/i2c@0/tda19988@70: Fixed dependency cycle(s) with /ocp/interconnect@48000000/segment@300000/target-module@e000/lcdc@0
[    0.413805] /ocp/interconnect@44c00000/segment@200000/target-module@b000/i2c@0/tda19988@70: Fixed dependency cycle(s) with /ocp/interconnect@48000000/segment@300000/target-module@e000/lcdc@0
[    0.414693] /ocp/interconnect@44c00000/segment@200000/target-module@b000/i2c@0/tda19988@70: Fixed dependency cycle(s) with /ocp/interconnect@48000000/segment@300000/target-module@e000/lcdc@0
[    0.418229] /ocp/interconnect@44c00000/segment@200000/target-module@10000/scm@0/pinmux@800: Fixed dependency cycle(s) with /ocp/interconnect@44c00000/segment@200000/target-module@10000/scm@0/pinmux@800/clkout2-pins
[    0.418812] pinctrl-single 44e10800.pinmux: 142 pins, size 568
[    0.424507] ti-sysc 44e31000.target-module: probe with driver ti-sysc failed with error -16
[    0.470913] /ocp/interconnect@4800000/interconnect@48000000/segment@300000/target-module@e000/lcdc@0
[    0.584451] /ocp/interconnect@48000000/segment@300000/target-module@e000/lcdc@0: Fixed dependency cycle(s) with /ocp/interconnect@44c00000/segment@200000/target-module@b000/i2c@0/tda19988@70
[    0.592192] sdhci-omap 481d8000.mmc: supply pbias not found, using dummy regulator
[    0.592683] sdhci-omap 481d8000.mmc: supply vqmmc not found, using dummy regulator
[    0.656938] davinci_mdio 4a101000.mdio: davinci mdio revision 1.6, bus freq 1000000
[    0.821471] davinci_mdio 4a101000.mdio: phy[0]: device 4a101000.mdio:00, driver SMSC LAN8710/LAN8720
[    0.822253] cpsw-switch 4a100000.switch: initialized cpsw ale version 1.4
[    0.822275] cpsw-switch 4a100000.switch: ALE Table size 1024, Policers 0
[    0.822433] cpsw-switch 4a100000.switch: cpts: overflow check period 500 (jiffies)
[    0.822448] cpsw-switch 4a100000.switch: CPTS: ref_clk_freq:250000000 calc_mult:2147483648 calc_shift:29 error:0 nsec/sec
[    0.822552] cpsw-switch 4a100000.switch: Detected MACID = 6c:ec:eb:68:de:78
[    0.824426] cpsw-switch 4a100000.switch: initialized (regs 0x4a100000, pool size 256) hw_ver:0019010C 1.12 (0)
[    0.835670] debugfs: '49000000.dma' already exists in 'dmaengine'
[    0.835712] edma 49000000.dma: TI EDMA DMA engine driver
[    0.883635] 44e09000.serial: ttyS0 at MMIO 0x44e09000 (irq = 34, base_baud = 3000000) is a 8250
[    0.883726] printk: legacy console [ttyS0] enabled
[    2.442185] tps65217-pmic: Failed to locate of_node [id: -1]
[    2.448251] tps65217-bl: Failed to locate of_node [id: -1]
[    2.454291] platform tps65217-charger: DMA mask not set
[    2.460320] platform tps65217-pwrbutton: DMA mask not set
[    2.467602] tps65217 0-0024: TPS65217 ID 0xe version 1.2
[    2.473726] /ocp/interconnect@48000000/segment@300000/target-module@e000/lcdc@0: Fixed dependency cycle(s) with /ocp/interconnect@44c00000/segment@200000/target-module@b000/i2c@0/tda19988@70
[    2.491134] /ocp/interconnect@44c00000/segment@200000/target-module@b000/i2c@0/tda19988@70: Fixed dependency cycle(s) with /ocp/interconnect@48000000/segment@300000/target-module@e000/lcdc@0
[    2.508543] omap_i2c 44e0b000.i2c: bus 0 rev0.11 at 400 kHz
[    2.516527] omap_gpio 44e07000.gpio: Could not set line 6 debounce to 200000 microseconds (-22)
[    2.525405] sdhci-omap 48060000.mmc: Got CD GPIO
[    2.530409] sdhci-omap 48060000.mmc: supply pbias not found, using dummy regulator
[    2.540399] sdhci-omap 48060000.mmc: supply vqmmc not found, using dummy regulator
[    2.549447] sdhci-omap 481d8000.mmc: supply pbias not found, using dummy regulator
[    2.559718] sdhci-omap 481d8000.mmc: supply vqmmc not found, using dummy regulator
[    2.594940] mmc0: SDHCI controller on 48060000.mmc [48060000.mmc] using External DMA
[    2.603181] mmc1: SDHCI controller on 481d8000.mmc [481d8000.mmc] using External DMA
[    2.612023] cpsw-switch 4a100000.switch: starting ndev. mode: dual_mac
[    2.681452] mmc1: new high speed MMC card at address 0001
[    2.688277] mmcblk1: mmc1:0001 MMC04G 3.60 GiB
[    2.696235]  mmcblk1: p1 p2
[    2.700561] mmcblk1boot0: mmc1:0001 MMC04G 2.00 MiB
[    2.707129] SMSC LAN8710/LAN8720 4a101000.mdio:00: attached PHY driver (mii_bus:phy_addr=4a101000.mdio:00, irq=POLL)
[    2.725753] mmcblk1boot1: mmc1:0001 MMC04G 2.00 MiB
[    2.734621] mmcblk1rpmb: mmc1:0001 MMC04G 128 KiB, chardev (249:0)
[    2.784305] mmc0: new high speed SDHC card at address aaaa
[    2.791124] mmcblk0: mmc0:aaaa SE32G 29.7 GiB
[    2.800295]  mmcblk0: p1 p2
[    5.841991] cpsw-switch 4a100000.switch eth0: Link is Up - 100Mbps/Full - flow control off
[    5.881454] IP-Config: Complete:
[    5.884733]      device=eth0, hwaddr=6c:ec:eb:68:de:78, ipaddr=192.168.255.1, mask=255.255.255.0, gw=255.255.255.255
[    5.895408]      host=bbb1, domain=, nis-domain=(none)
[    5.900576]      bootserver=192.168.255.126, rootserver=192.168.255.126, rootpath=
[    5.901016] clk: Disabling unused clocks
[    5.912866] PM: genpd: Disabling unused power domains
[    5.918016] KTAP version 1
[    5.920739] 1..0
[    5.923233] check access for rdinit=/init failed: -2, ignoring
[    5.950493] VFS: Mounted root (nfs filesystem) on device 0:17.
[    5.957562] devtmpfs: mounted
[    5.962221] Freeing unused kernel image (initmem) memory: 1024K
[    5.969026] Run /sbin/init as init process
[    6.636273] systemd[1]: System time before build time, advancing clock.
[    8.161233] random: crng init done
[    8.174030] systemd[1]: systemd 232 running in system mode. (+PAM +AUDIT +SELINUX +IMA +APPARMOR +SMACK +SYSVINIT +UTMP +LIBCRYPTSETUP +GCRYPT +GNUTLS +ACL +XZ +LZ4 +SECCOMP +BLKID +ELFUTILS +KMOD +IDN)
[    8.193123] systemd[1]: Detected architecture arm.

Welcome to [1mDebian GNU/Linux 9 (stretch)[0m!

[    8.224228] systemd[1]: Set hostname to <arm>.
[    9.308321] systemd[1]: Listening on Journal Audit Socket.
[[0;32m  OK  [0m] Listening on Journal Audit Socket.
[    9.331886] systemd[1]: Listening on udev Kernel Socket.
[[0;32m  OK  [0m] Listening on udev Kernel Socket.
[    9.362986] systemd[1]: systemd-journald.socket: SO_PASSSEC failed: Operation not supported
[    9.371881] systemd[1]: systemd-journald.socket: SO_PASSSEC failed: Operation not supported
[    9.380465] systemd[1]: Listening on Journal Socket.
[[0;32m  OK  [0m] Listening on Journal Socket.
[    9.402757] systemd[1]: Created slice System Slice.
[[0;32m  OK  [0m] Created slice System Slice.
[    9.432731] systemd[1]: Created slice system-getty.slice.
[[0;32m  OK  [0m] Created slice system-getty.slice.
         Mounting Debug File System...
         Mounting POSIX Message Queue File System...
         Starting Remount Root and Kernel File Systems...
[[0;32m  OK  [0m] Set up automount Arbitrary Executabâ€¦rmats File System Automount Point.
         Starting Load Kernel Modules...
[[0;32m  OK  [0m] Listening on /dev/initctl Compatibility Named Pipe.
[[0;32m  OK  [0m] Reached target Swap.
[[0;32m  OK  [0m] Listening on udev Control Socket.
[[0;32m  OK  [0m] Started Forward Password Requests to Wall Directory Watch.
         Starting Create list of required stâ€¦ce nodes for the current kernel...
[[0;32m  OK  [0m] Created slice system-serial\x2dgetty.slice.
[[0;32m  OK  [0m] Started Dispatch Password Requests to Console Directory Watch.
[[0;32m  OK  [0m] Reached target Paths.
[[0;32m  OK  [0m] Reached target Encrypted Volumes.
[[0;32m  OK  [0m] Listening on Syslog Socket.
[[0;32m  OK  [0m] Created slice User and Session Slice.
[[0;32m  OK  [0m] Reached target Slices.
[[0;32m  OK  [0m] Reached target Remote File Systems.
[[0;32m  OK  [0m] Listening on Journal Socket (/dev/log).
         Starting Journal Service...
[[0;32m  OK  [0m] Mounted POSIX Message Queue File System.
[[0;32m  OK  [0m] Mounted Debug File System.
[[0;32m  OK  [0m] Started Remount Root and Kernel File Systems.
[[0;32m  OK  [0m] Started Load Kernel Modules.
[[0;32m  OK  [0m] Started Create list of required staâ€¦vice nodes for the current kernel.
         Starting Create Static Device Nodes in /dev...
         Starting Apply Kernel Variables...
         Mounting Configuration File System...
         Starting Load/Save Random Seed...
         Starting udev Coldplug all Devices...
[[0;32m  OK  [0m] Mounted Configuration File System.
[[0;32m  OK  [0m] Started Apply Kernel Variables.
[[0;32m  OK  [0m] Started Load/Save Random Seed.
[[0;32m  OK  [0m] Started Create Static Device Nodes in /dev.
         Starting udev Kernel Device Manager...
[[0;32m  OK  [0m] Reached target Local File Systems (Pre).
[[0;32m  OK  [0m] Reached target Local File Systems.
         Starting Raise network interfaces...
[[0;32m  OK  [0m] Started Journal Service.
         Starting Flush Journal to Persistent Storage...
[   11.488462] systemd-journald[92]: Received request to flush runtime journal from PID 1
[[0;32m  OK  [0m] Started Flush Journal to Persistent Storage.
         Starting Create Volatile Files and Directories...
[[0;32m  OK  [0m] Started udev Kernel Device Manager.
[   12.644115] omap_prm 44e00d00.prm: sync_state() pending due to 44d00000.cpu
[[0;32m  OK  [0m] Started Create Volatile Files and Directories.
         Starting Update UTMP about System Boot/Shutdown...
         Starting Network Time Synchronization...
[[0;32m  OK  [0m] Started Update UTMP about System Boot/Shutdown.
[[0;32m  OK  [0m] Started Network Time Synchronization.
[[0;32m  OK  [0m] Started udev Coldplug all Devices.
[[0;32m  OK  [0m] Reached target System Initialization.
[[0;32m  OK  [0m] Started Daily Cleanup of Temporary Directories.
[[0;32m  OK  [0m] Listening on D-Bus System Message Bus Socket.
[[0;32m  OK  [0m] Listening on Avahi mDNS/DNS-SD Stack Activation Socket.
[[0;32m  OK  [0m] Reached target Sockets.
[[0;32m  OK  [0m] Reached target Basic System.
[   14.983142] remoteproc remoteproc0: wkup_m3 is available
         Starting System Logging Service...
[   15.167890] am335x-phy-driver 47401300.usb-phy: dummy supplies not allowed for exclusive requests (id=vbus)
         Starting Login Service...
[   15.266722] at24 2-0054: supply vcc not found, using dummy regulator
[   15.327436] omap_wdt: OMAP Watchdog Timer Rev 0x01: initial timeout 60 sec
         Starting LSB: Load kernel modules needed to enable cpufreq scaling...
[   15.413669] am335x-phy-driver 47401b00.usb-phy: dummy supplies not allowed for exclusive requests (id=vbus)
[   15.464929] at24 2-0055: supply vcc not found, using dummy regulator
[[0;32m  OK  [0m] Started Regular background program processing daemon.
[   15.593314] at24 2-0056: supply vcc not found, using dummy regulator
         Starting Generic Board Startup...
[   15.723133] at24 2-0057: supply vcc not found, using dummy regulator
         Starting DUN service...
         Starting Cape Manager Service...
[   15.944051] at24 0-0050: 32768 byte 24c256 EEPROM, writable, 1 bytes/write
         Starting LSB: Start busybox udhcpd at boot time...
[[0;32m  OK  [0m] Started D-Bus System Message Bus.
[   16.375999] input: tps65217_pwrbutton as /devices/platform/ocp/44c00000.interconnect/44c00000.interconnect:segment@200000/44e0b000.target-module/44e0b000.i2c/i2c-0/0-0024/tps65217-pwrbutton/input/input0
[   16.601748] omap_rtc 44e3e000.rtc: registered as rtc0
[   16.606942] omap_rtc 44e3e000.rtc: setting system clock to 2000-01-01T00:00:00 UTC (946684800)
[   17.300983] usbcore: registered new interface driver usbfs
[   17.306889] usbcore: registered new interface driver hub
[   17.312478] usbcore: registered new device driver usb
[   18.278462] omap-mailbox 480c8000.mailbox: omap mailbox rev 0x400
[   18.330576] musb-hdrc musb-hdrc.1: MUSB HDRC host driver
[   18.336151] musb-hdrc musb-hdrc.1: new USB bus registered, assigned bus number 1
[   18.388690] remoteproc remoteproc0: powering up wkup_m3
[   18.420854] tda998x 0-0070: found TDA19988
[   18.555443] remoteproc remoteproc0: Direct firmware load for am335x-pm-firmware.elf failed with error -2
[   18.565335] remoteproc remoteproc0: request_firmware failed: -2
[   18.571394] wkup_m3_ipc 44e11324.wkup_m3_ipc: rproc_boot failed
[   18.660946] usb usb1: New USB device found, idVendor=1d6b, idProduct=0002, bcdDevice= 6.17
[   18.669471] usb usb1: New USB device strings: Mfr=3, Product=2, SerialNumber=1
[   18.676823] usb usb1: Product: MUSB HDRC host driver
[   18.681860] usb usb1: Manufacturer: Linux 6.17.0-rc7-next-20250926 musb-hcd
[   18.688859] usb usb1: SerialNumber: musb-hdrc.1
[   19.126566] hub 1-0:1.0: USB hub found
[   19.178210] hub 1-0:1.0: 1 port detected
[   21.105834] tilcdc 4830e000.lcdc: bound 0-0070 (ops 0xbf19e0f8)
[   21.149969] omap_rng 48310000.rng: Random Number Generator ver. 20
[[0;32m  OK  [0m] Started DUN service.
[   21.198340] [drm] Initialized tilcdc 1.0.0 for 4830e000.lcdc on minor 0
[   21.294868] tilcdc 4830e000.lcdc: [drm] Cannot find any crtc or sizes
         Starting Connection service...
[   21.334693] tilcdc 4830e000.lcdc: [drm] Cannot find any crtc or sizes
         Starting Telephony service...
         Starting Avahi mDNS/DNS-SD Stack...
[[0;32m  OK  [0m] Reached target System Time Synchronized.
[[0;32m  OK  [0m] Started Daily apt download activities.
[[0;32m  OK  [0m] Started Daily apt upgrade and clean activities.
[[0;32m  OK  [0m] Reached target Timers.
[[0;32m  OK  [0m] Started System Logging Service.
[[0;32m  OK  [0m] Started Cape Manager Service.
[   22.497295] omap-sham 53100000.sham: hw accel on OMAP rev 4.3
[[0;32m  OK  [0m] Found device /dev/ttyS0.
[   22.602925] PM: Cannot get wkup_m3_ipc handle
[   22.643114] omap-sham 53100000.sham: will run requests pump with realtime priority
[   22.681948] PM: Cannot get wkup_m3_ipc handle
[   22.930826] omap-aes 53500000.aes: OMAP AES hw accel rev: 3.2
[   23.045103] omap-aes 53500000.aes: will run requests pump with realtime priority
[   23.056141] PM: Cannot get wkup_m3_ipc handle
[   24.787175] ------------[ cut here ]------------
[   24.792023] WARNING: net/8021q/vlan_core.c:236 at vlan_for_each+0x114/0x134, CPU#0: avahi-daemon/328
[   24.801319] RTNL: assertion failed at net/8021q/vlan_core.c (236)
[   24.807448] Modules linked in: bluetooth(+) ecdh_generic ecc snd_soc_simple_card omap_aes_driver snd_soc_simple_card_utils omap_crypto pm33xx libaes ti_emif_sram omap_sham crypto_engine omap_rng rng_core tilcdc drm_dma_helper drm_client_lib snd_soc_davinci_mcasp snd_soc_ti_udma snd_soc_ti_edma snd_soc_ti_sdma snd_soc_core snd_pcm_dmaengine snd_pcm snd_timer snd omap_mailbox musb_dsps tda998x soundcore musb_hdrc cec udc_core drm_kms_helper usbcore drm wkup_m3_ipc rtc_omap tps65218_pwrbutton drm_panel_orientation_quirks omap_wdt at24 phy_am335x watchdog phy_am335x_control phy_generic wkup_m3_rproc usb_common cppi41 leds_gpio cpufreq_dt led_class autofs4
[   24.865760] CPU: 0 UID: 107 PID: 328 Comm: avahi-daemon Not tainted 6.17.0-rc7-next-20250926 #1 NONE 
[   24.865778] Hardware name: Generic AM33XX (Flattened Device Tree)
[   24.865787] Call trace: 
[   24.865802]  unwind_backtrace from show_stack+0x10/0x14
[   24.865838]  show_stack from dump_stack_lvl+0x50/0x64
[   24.865863]  dump_stack_lvl from __warn+0x88/0x148
[   24.865881]  __warn from warn_slowpath_fmt+0x19c/0x1b0
[   24.865894]  warn_slowpath_fmt from vlan_for_each+0x114/0x134
[   24.865916]  vlan_for_each from cpsw_add_mc_addr+0x40/0xa4
[   24.865942]  cpsw_add_mc_addr from __hw_addr_ref_sync_dev+0x108/0x140
[   24.865972]  __hw_addr_ref_sync_dev from __dev_mc_add+0x7c/0x80
[   24.865994]  __dev_mc_add from igmp6_group_added+0xc8/0xe0
[   24.866022]  igmp6_group_added from __ipv6_dev_mc_inc+0x218/0x364
[   24.866041]  __ipv6_dev_mc_inc from __ipv6_sock_mc_join+0x11c/0x1c0
[   24.866059]  __ipv6_sock_mc_join from do_ipv6_setsockopt+0x1214/0x1310
[   24.866091]  do_ipv6_setsockopt from ipv6_setsockopt+0x60/0xcc
[   24.866112]  ipv6_setsockopt from udpv6_setsockopt+0x2c/0x6c
[   24.866129]  udpv6_setsockopt from sock_common_setsockopt+0x30/0x40
[   24.866158]  sock_common_setsockopt from do_sock_setsockopt+0x50/0x9c
[   24.866180]  do_sock_setsockopt from __sys_setsockopt+0x70/0xbc
[   24.866199]  __sys_setsockopt from ret_fast_syscall+0x0/0x58
[   24.866215] Exception stack(0xe02f1fa8 to 0xe02f1ff0)
[   24.866230] 1fa0:                   00000014 b6fa7ce8 0000000d 00000029 00000014 be84d9ec
[   24.866241] 1fc0: 00000014 b6fa7ce8 00000014 00000126 0000000d b6f50ff4 0050e988 004f6558
[   24.866250] 1fe0: b6f66088 be84d9d8 b6f43309 b6e1a41a
[   24.866257] ---[ end trace 0000000000000000 ]---
[   25.109122] Bluetooth: Core ver 2.22
[   25.113083] NET: Registered PF_BLUETOOTH protocol family
[   25.118434] Bluetooth: HCI device and connection manager initialized
[   25.124952] Bluetooth: HCI socket layer initialized
[   25.129866] Bluetooth: L2CAP socket layer initialized
[   25.135028] Bluetooth: SCO socket layer initialized
[   26.151804] gpio-537 (nxp,calib): gpiod_direction_output_nonotify: tried to set a GPIO tied to an IRQ as output
[   26.239729] PM: Cannot get wkup_m3_ipc handle
[   26.412376] tda9950 0-0034: TDA9950 CEC interface, hardware version 3.3
[   26.462369] PM: Cannot get wkup_m3_ipc handle
[   26.547352] PM: Cannot get wkup_m3_ipc handle
[[0;32m  OK  [0m] Started LSB: Start busybox udhcpd at boot time.
[[0;32m  OK  [0m] Started Raise network interfaces.
[[0;32m  OK  [0m] Started LSB: Load kernel modules needed to enable cpufreq scaling.
[   28.876206] configfs-gadget.g_multi gadget.0: HOST MAC 1c:ba:8c:a2:ed:6c
[   28.883227] configfs-gadget.g_multi gadget.0: MAC 1c:ba:8c:a2:ed:70
[   28.890558] configfs-gadget.g_multi gadget.0: HOST MAC 1c:ba:8c:a2:ed:6c
[   28.897425] configfs-gadget.g_multi gadget.0: MAC 1c:ba:8c:a2:ed:6d
[   28.910138] PM: Cannot get wkup_m3_ipc handle
[[0;32m  OK  [0m] Started Telephony service.
[[0;32m  OK  [0m] Started Connection service.
[[0;32m  OK  [0m] Started Avahi mDNS/DNS-SD Stack.
[[0;32m  OK  [0m] Started Login Service.
         Starting Hostname Service...
         Starting WPA supplicant...
[[0;32m  OK  [0m] Reached target Sound Card.
         Starting LSB: set CPUFreq kernel parameters...
[[0;32m  OK  [0m] Started WPA supplicant.
[[0;32m  OK  [0m] Started Hostname Service.
[[0;32m  OK  [0m] Reached target Network.
         Starting The Apache HTTP Server...
         Starting OpenBSD Secure Shell server...
         Starting Permit User Sessions...
[[0;32m  OK  [0m] Reached target Network is Online.
         Starting LSB: Advanced IEEE 802.11 management daemon...
[[0;32m  OK  [0m] Started LSB: set CPUFreq kernel parameters.
[[0;32m  OK  [0m] Started Permit User Sessions.
[[0;32m  OK  [0m] Started LSB: Advanced IEEE 802.11 management daemon.
         Stopping LSB: Start busybox udhcpd at boot time...
[[0;32m  OK  [0m] Started Getty on tty1.
[[0;32m  OK  [0m] Started Serial Getty on ttyS0.
[[0;32m  OK  [0m] Reached target Login Prompts.
[[0;32m  OK  [0m] Stopped LSB: Start busybox udhcpd at boot time.
[[0;32m  OK  [0m] Started OpenBSD Secure Shell server.
         Starting dnsmasq - A lightweight DHCP and caching DNS server...
[[0;32m  OK  [0m] Started The Apache HTTP Server.
[[0;32m  OK  [0m] Started dnsmasq - A lightweight DHCP and caching DNS server.
[[0;32m  OK  [0m] Reached target Host and Network Name Lookups.
[[0;32m  OK  [0m] Started Serial Getty on ttyGS0.
[[0;32m  OK  [0m] Started Generic Board Startup.
[[0;32m  OK  [0m] Reached target Multi-User System.
[[0;32m  OK  [0m] Reached target Graphical Interface.
         Starting Update UTMP about System Runlevel Changes...
[[0;32m  OK  [0m] Started Update UTMP about System Runlevel Changes.

Debian GNU/Linux 9 arm ttyS0

default username:password is [debian:temppwd]

arm login: root
Password: 
Last login: Sat Jan  1 00:00:42 UTC 2000 on ttyS0
root
Linux arm 6.17.0-rc7-next-20250926 #1 SMP Fri Sep 26 19:13:46 EEST 2025 armv7l

The programs included with the Debian GNU/Linux system are free software;
the exact distribution terms for each program are described in the
individual files in /usr/share/doc/*/copyright.

Debian GNU/Linux comes with ABSOLUTELY NO WARRANTY, to the extent
permitted by applicable law.
root@arm:~# root
-bash: root: command not found
root@arm:~# dmesg -n 1
root@arm:~# echo 'KMTT''NPEKWK'
KMTTNPEKWK
root@arm:~# run() { echo -n "$MARKER"; sh -c "$@"; echo "$MARKER $?"; }
root@arm:~# echo 'HXZG''QVMMVF'
HXZGQVMMVF
root@arm:~# MARKER='YAMB''VTFCSA' run 'cat /proc/version'
YAMBVTFCSALinux version 6.17.0-rc7-next-20250926 (user01@drvtest01) (arm-none-eabi-gcc (Arm GNU Toolchain 14.2.Rel1 (Build arm-14.52)) 14.2.1 20241119, GNU ld (Arm GNU Toolchain 14.2.Rel1 (Build arm-14.52)) 2.43.1.20241119) #1 SMP Fri Sep 26 19:13:46 EEST 2025
YAMBVTFCSA 0
root@arm:~# echo 'ZUKM''SJZBZX'
ZUKMSJZBZX
root@arm:~# MARKER='AOXH''WQBMNH' run false
AOXHWQBMNHAOXHWQBMNH 1
root@arm:~# Labgrid Console Logfile for main
Logfile started at 2025-09-26 19:16:45.766848
=== Log starts here ===

root@arm:~# run() { echo -n "$MARKER"; sh -c "$@"; echo "$MARKER $?"; }
root@arm:~# echo 'QBOP''JVTCGB'
QBOPJVTCGB
root@arm:~# MARKER='KPNE''GZUECX' run 'ls /iio_generic_buffer; echo $?'
KPNEGZUECX/iio_generic_buffer
0
KPNEGZUECX 0
root@arm:~# Labgrid Console Logfile for main
Logfile started at 2025-09-26 19:16:49.108263
=== Log starts here ===

root@arm:~# run() { echo -n "$MARKER"; sh -c "$@"; echo "$MARKER $?"; }
root@arm:~# echo 'YBPV''UVEWUH'
YBPVUVEWUH
root@arm:~# MARKER='PSMO''CGCUGL' run dmesg
PSMOCGCUGL[    0.000000] Booting Linux on physical CPU 0x0
[    0.000000] Linux version 6.17.0-rc7-next-20250926 (user01@drvtest01) (arm-none-eabi-gcc (Arm GNU Toolchain 14.2.Rel1 (Build arm-14.52)) 14.2.1 20241119, GNU ld (Arm GNU Toolchain 14.2.Rel1 (Build arm-14.52)) 2.43.1.20241119) #1 SMP Fri Sep 26 19:13:46 EEST 2025
[    0.000000] CPU: ARMv7 Processor [413fc082] revision 2 (ARMv7), cr=10c5387d
[    0.000000] CPU: PIPT / VIPT nonaliasing data cache, VIPT aliasing instruction cache
[    0.000000] OF: fdt: Machine model: TI AM335x BeagleBone Black
[    0.000000] Memory policy: Data cache writeback
[    0.000000] cma: Reserved 16 MiB at 0x9e800000
[    0.000000] Zone ranges:
[    0.000000]   Normal   [mem 0x0000000080000000-0x000000009fdfffff]
[    0.000000]   HighMem  empty
[    0.000000] Movable zone start for each node
[    0.000000] Early memory node ranges
[    0.000000]   node   0: [mem 0x0000000080000000-0x000000009fdfffff]
[    0.000000] Initmem setup node 0 [mem 0x0000000080000000-0x000000009fdfffff]
[    0.000000] On node 0, zone Normal: 512 pages in unavailable ranges
[    0.000000] OF: reserved mem: Reserved memory: No reserved-memory node in the DT
[    0.000000] CPU: All CPU(s) started in SVC mode.
[    0.000000] AM335X ES2.1 (sgx neon)
[    0.000000] percpu: Embedded 17 pages/cpu s39884 r8192 d21556 u69632
[    0.000000] pcpu-alloc: s39884 r8192 d21556 u69632 alloc=17*4096
[    0.000000] pcpu-alloc: [0] 0 
[    0.000000] Kernel command line: console=ttyO0,115200n8 root=/dev/nfs rw nfsroot=192.168.255.126:/home/user01/nfs,nfsvers=3 ip=192.168.255.1:192.168.255.126::255.255.255.0:bbb1:eth0 nfsrootdebug
[    0.000000] Unknown kernel command line parameters "nfsrootdebug", will be passed to user space.
[    0.000000] printk: log buffer data + meta data: 65536 + 204800 = 270336 bytes
[    0.000000] Dentry cache hash table entries: 65536 (order: 6, 262144 bytes, linear)
[    0.000000] Inode-cache hash table entries: 32768 (order: 5, 131072 bytes, linear)
[    0.000000] Built 1 zonelists, mobility grouping on.  Total pages: 130560
[    0.000000] mem auto-init: stack:off, heap alloc:off, heap free:off
[    0.000000] SLUB: HWalign=16, Order=0-3, MinObjects=0, CPUs=1, Nodes=1
[    0.000000] rcu: Hierarchical RCU implementation.
[    0.000000] rcu: 	RCU event tracing is enabled.
[    0.000000] rcu: 	RCU restricting CPUs from NR_CPUS=2 to nr_cpu_ids=1.
[    0.000000] 	Tracing variant of Tasks RCU enabled.
[    0.000000] rcu: RCU calculated value of scheduler-enlistment delay is 10 jiffies.
[    0.000000] rcu: Adjusting geometry for rcu_fanout_leaf=16, nr_cpu_ids=1
[    0.000000] RCU Tasks Trace: Setting shift to 0 and lim to 1 rcu_task_cb_adjust=1 rcu_task_cpu_ids=1.
[    0.000000] NR_IRQS: 16, nr_irqs: 16, preallocated irqs: 16
[    0.000000] IRQ: Found an INTC at 0x(ptrval) (revision 5.0) with 128 interrupts
[    0.000000] rcu: srcu_init: Setting srcu_struct sizes based on contention.
[    0.000000] TI gptimer clocksource: always-on /ocp/interconnect@44c00000/segment@200000/target-module@31000
[    0.000002] sched_clock: 32 bits at 24MHz, resolution 41ns, wraps every 89478484971ns
[    0.000028] clocksource: dmtimer: mask: 0xffffffff max_cycles: 0xffffffff, max_idle_ns: 79635851949 ns
[    0.000498] TI gptimer clockevent: 24000000 Hz at /ocp/interconnect@48000000/segment@0/target-module@40000
[    0.002065] Console: colour dummy device 80x30
[    0.002129] WARNING: Your 'console=ttyO0' has been replaced by 'ttyS0'
[    0.002137] This ensures that you still see kernel messages. Please
[    0.002142] update your kernel commandline.
[    0.002184] Calibrating delay loop... 996.14 BogoMIPS (lpj=4980736)
[    0.090608] CPU: Testing write buffer coherency: ok
[    0.090694] CPU0: Spectre v2: using BPIALL workaround
[    0.090703] pid_max: default: 32768 minimum: 301
[    0.090879] LSM: initializing lsm=capability
[    0.091050] Mount-cache hash table entries: 1024 (order: 0, 4096 bytes, linear)
[    0.091069] Mountpoint-cache hash table entries: 1024 (order: 0, 4096 bytes, linear)
[    0.092660] CPU0: thread -1, cpu 0, socket -1, mpidr 0
[    0.092716] cacheinfo: Unable to detect cache hierarchy for CPU 0
[    0.094738] Setting up static identity map for 0x80100000 - 0x80100078
[    0.095042] rcu: Hierarchical SRCU implementation.
[    0.095053] rcu: 	Max phase no-delay instances is 1000.
[    0.096743] smp: Bringing up secondary CPUs ...
[    0.096794] smp: Brought up 1 node, 1 CPU
[    0.096807] SMP: Total of 1 processors activated (996.14 BogoMIPS).
[    0.096818] CPU: All CPU(s) started in SVC mode.
[    0.097014] Memory: 480868K/522240K available (11264K kernel code, 1226K rwdata, 2948K rodata, 1024K init, 256K bss, 23336K reserved, 16384K cma-reserved, 0K highmem)
[    0.097818] devtmpfs: initialized
[    0.115435] VFP support v0.3: implementor 41 architecture 3 part 30 variant c rev 3
[    0.116084] clocksource: jiffies: mask: 0xffffffff max_cycles: 0xffffffff, max_idle_ns: 19112604462750000 ns
[    0.116141] posixtimers hash table entries: 512 (order: 0, 4096 bytes, linear)
[    0.116169] futex hash table entries: 256 (16384 bytes on 1 NUMA nodes, total 16 KiB, linear).
[    0.117309] pinctrl core: initialized pinctrl subsystem
[    0.119407] NET: Registered PF_NETLINK/PF_ROUTE protocol family
[    0.122485] DMA: preallocated 256 KiB pool for atomic coherent allocations
[    0.123091] audit: initializing netlink subsys (disabled)
[    0.124428] thermal_sys: Registered thermal governor 'fair_share'
[    0.124442] thermal_sys: Registered thermal governor 'step_wise'
[    0.124452] thermal_sys: Registered thermal governor 'user_space'
[    0.124558] audit: type=2000 audit(0.120:1): state=initialized audit_enabled=0 res=1
[    0.124628] cpuidle: using governor menu
[    0.142666] /ocp/interconnect@44c00000/segment@200000/target-module@b000/i2c@0/tda19988@70: Fixed dependency cycle(s) with /ocp/interconnect@48000000/segment@300000/target-module@e000/lcdc@0
[    0.143766] /ocp/interconnect@48000000/segment@300000/target-module@e000/lcdc@0: Fixed dependency cycle(s) with /ocp/interconnect@44c00000/segment@200000/target-module@b000/i2c@0/tda19988@70
[    0.145970] No ATAGs?
[    0.146007] hw-breakpoint: debug architecture 0x4 unsupported.
[    0.149121] kprobes: kprobe jump-optimization is enabled. All kprobes are optimized if possible.
[    0.153816] iommu: Default domain type: Translated
[    0.153838] iommu: DMA domain TLB invalidation policy: strict mode
[    0.155390] reg-fixed-voltage fixedregulator0: using DT '/fixedregulator0' for '(default)' GPIO lookup
[    0.155446] of_get_named_gpiod_flags: can't parse 'gpios' property of node '/fixedregulator0[0]'
[    0.155473] of_get_named_gpiod_flags: can't parse 'gpio' property of node '/fixedregulator0[0]'
[    0.155492] reg-fixed-voltage fixedregulator0: using lookup tables for GPIO lookup
[    0.155503] reg-fixed-voltage fixedregulator0: No GPIO consumer (default) found
[    0.161686] SCSI subsystem initialized
[    0.162172] libata version 3.00 loaded.
[    0.162564] pps_core: LinuxPPS API ver. 1 registered
[    0.162576] pps_core: Software ver. 5.3.6 - Copyright 2005-2007 Rodolfo Giometti <giometti@linux.it>
[    0.162599] PTP clock support registered
[    0.170834] vgaarb: loaded
[    0.171212] clocksource: Switched to clocksource dmtimer
[    0.171886] VFS: Disk quotas dquot_6.6.0
[    0.171948] VFS: Dquot-cache hash table entries: 1024 (order 0, 4096 bytes)
[    0.195596] NET: Registered PF_INET protocol family
[    0.195931] IP idents hash table entries: 8192 (order: 4, 65536 bytes, linear)
[    0.197346] tcp_listen_portaddr_hash hash table entries: 512 (order: 0, 4096 bytes, linear)
[    0.197380] Table-perturb hash table entries: 65536 (order: 6, 262144 bytes, linear)
[    0.197397] TCP established hash table entries: 4096 (order: 2, 16384 bytes, linear)
[    0.197443] TCP bind hash table entries: 4096 (order: 4, 65536 bytes, linear)
[    0.197543] TCP: Hash tables configured (established 4096 bind 4096)
[    0.197664] UDP hash table entries: 256 (order: 1, 14336 bytes, linear)
[    0.197698] UDP-Lite hash table entries: 256 (order: 1, 14336 bytes, linear)
[    0.197916] NET: Registered PF_UNIX/PF_LOCAL protocol family
[    0.202001] RPC: Registered named UNIX socket transport module.
[    0.202025] RPC: Registered udp transport module.
[    0.202030] RPC: Registered tcp transport module.
[    0.202035] RPC: Registered tcp-with-tls transport module.
[    0.202039] RPC: Registered tcp NFSv4.1 backchannel transport module.
[    0.202067] PCI: CLS 0 bytes, default 64
[    0.203486] Initialise system trusted keyrings
[    0.211502] workingset: timestamp_bits=14 max_order=17 bucket_order=3
[    0.212980] NFS: Registering the id_resolver key type
[    0.213051] Key type id_resolver registered
[    0.213058] Key type id_legacy registered
[    0.213173] jffs2: version 2.2. (NAND) (SUMMARY)  Â© 2001-2006 Red Hat, Inc.
[    0.213639] Key type asymmetric registered
[    0.213655] Asymmetric key parser 'x509' registered
[    0.213731] io scheduler mq-deadline registered
[    0.213741] io scheduler kyber registered
[    0.213825] io scheduler bfq registered
[    0.215697] target-module@4b000000:target-module@140000:pmu@0:fck: device ID is greater than 24
[    0.221573] ledtrig-cpu: registered to indicate activity on CPUs
[    0.232012] Serial: 8250/16550 driver, 6 ports, IRQ sharing enabled
[    0.279323] brd: module loaded
[    0.288321] loop: module loaded
[    0.289250] mtdoops: mtd device (mtddev=name/number) must be supplied
[    0.290799] mdio_bus fixed-0: using lookup tables for GPIO lookup
[    0.290824] mdio_bus fixed-0: No GPIO consumer reset found
[    0.292407] i2c_dev: i2c /dev entries driver
[    0.293425] cpuidle: enable-method property 'ti,am3352' found operations
[    0.293882] sdhci: Secure Digital Host Controller Interface driver
[    0.293893] sdhci: Copyright(c) Pierre Ossman
[    0.294077] sdhci-pltfm: SDHCI platform and OF driver helper
[    0.301582] hw perfevents: enabled with armv7_cortex_a8 PMU driver, 5 (8000000f) counters available
[    0.302140] Initializing XFRM netlink socket
[    0.302317] NET: Registered PF_INET6 protocol family
[    0.304298] Segment Routing with IPv6
[    0.304379] In-situ OAM (IOAM) with IPv6
[    0.304475] sit: IPv6, IPv4 and MPLS over IPv4 tunneling driver
[    0.305454] NET: Registered PF_PACKET protocol family
[    0.305484] NET: Registered PF_KEY protocol family
[    0.305610] Key type dns_resolver registered
[    0.305844] ThumbEE CPU extension supported.
[    0.305865] Registering SWP/SWPB emulation handler
[    0.306398] omap_voltage_late_init: Voltage driver support not added
[    0.307065] SmartReflex Class3 initialized
[    0.344282] Loading compiled-in X.509 certificates
[    0.375133] /ocp/interconnect@44c00000/segment@200000/target-module@b000/i2c@0/tda19988@70: Fixed dependency cycle(s) with /ocp/interconnect@48000000/segment@300000/target-module@e000/lcdc@0
[    0.381731] /ocp/interconnect@44c00000/segment@200000/target-module@b000/i2c@0/tda19988@70: Fixed dependency cycle(s) with /ocp/interconnect@48000000/segment@300000/target-module@e000/lcdc@0
[    0.387326] gpiochip_find_base_unlocked: found new base at 512
[    0.413805] /ocp/interconnect@44c00000/segment@200000/target-module@b000/i2c@0/tda19988@70: Fixed dependency cycle(s) with /ocp/interconnect@48000000/segment@300000/target-module@e000/lcdc@0
[    0.414693] /ocp/interconnect@44c00000/segment@200000/target-module@b000/i2c@0/tda19988@70: Fixed dependency cycle(s) with /ocp/interconnect@48000000/segment@300000/target-module@e000/lcdc@0
[    0.418229] /ocp/interconnect@44c00000/segment@200000/target-module@10000/scm@0/pinmux@800: Fixed dependency cycle(s) with /ocp/interconnect@44c00000/segment@200000/target-module@10000/scm@0/pinmux@800/clkout2-pins
[    0.418812] pinctrl-single 44e10800.pinmux: 142 pins, size 568
[    0.424507] ti-sysc 44e31000.target-module: probe with driver ti-sysc failed with error -16
[    0.470913] /ocp/interconnect@48000000/segment@300000/target-module@e000/lcdc@0: Fixed dependency cycle(s) with /ocp/interconnect@44c00000/segment@200000/target-module@b000/i2c@0/tda19988@70
[    0.479307] ti-sysc 48040000.target-module: probe with driver ti-sysc failed with error -16
[    0.490905] gpiochip_find_base_unlocked: found new base at 512
[    0.491004] gpio gpiochip0: (gpio-0-31): created GPIO range 0->7 ==> 44e10800.pinmux PIN 0->7
[    0.491024] gpio gpiochip0: (gpio-0-31): created GPIO range 8->11 ==> 44e10800.pinmux PIN 90->93
[    0.491041] gpio gpiochip0: (gpio-0-31): created GPIO range 12->27 ==> 44e10800.pinmux PIN 12->27
[    0.491057] gpio gpiochip0: (gpio-0-31): created GPIO range 28->31 ==> 44e10800.pinmux PIN 30->33
[    0.515531] gpio gpiochip0: (gpio-0-31): added GPIO chardev (254:0)
[    0.515780] gpio gpiochip0: registered GPIOs 512 to 543 on gpio-0-31
[    0.515866] OMAP GPIO hardware version 0.1
[    0.562400] i2c i2c-2: using DT '/ocp/interconnect@48000000/segment@100000/target-module@9c000/i2c@0' for 'scl' GPIO lookup
[    0.562472] of_get_named_gpiod_flags: can't parse 'scl-gpios' property of node '/ocp/interconnect@48000000/segment@100000/target-module@9c000/i2c@0[0]'
[    0.562514] of_get_named_gpiod_flags: can't parse 'scl-gpio' property of node '/ocp/interconnect@48000000/segment@100000/target-module@9c000/i2c@0[0]'
[    0.562552] i2c i2c-2: using lookup tables for GPIO lookup
[    0.562561] i2c i2c-2: No GPIO consumer scl found
[    0.562583] i2c i2c-2: using DT '/ocp/interconnect@48000000/segment@100000/target-module@9c000/i2c@0' for 'sda' GPIO lookup
[    0.562620] of_get_named_gpiod_flags: can't parse 'sda-gpios' property of node '/ocp/interconnect@48000000/segment@100000/target-module@9c000/i2c@0[0]'
[    0.562656] of_get_named_gpiod_flags: can't parse 'sda-gpio' property of node '/ocp/interconnect@48000000/segment@100000/target-module@9c000/i2c@0[0]'
[    0.562687] i2c i2c-2: using lookup tables for GPIO lookup
[    0.562694] i2c i2c-2: No GPIO consumer sda found
[    0.563431] omap_i2c 4819c000.i2c: bus 2 rev0.11 at 100 kHz
[    0.569019] gpiochip_find_base_unlocked: found new base at 544
[    0.569133] gpio gpiochip1: (gpio-32-63): created GPIO range 0->17 ==> 44e10800.pinmux PIN 34->51
[    0.569153] gpio gpiochip1: (gpio-32-63): created GPIO range 18->21 ==> 44e10800.pinmux PIN 77->80
[    0.569169] gpio gpiochip1: (gpio-32-63): created GPIO range 22->31 ==> 44e10800.pinmux PIN 56->65
[    0.569775] gpio gpiochip1: (gpio-32-63): added GPIO chardev (254:1)
[    0.569983] gpio gpiochip1: registered GPIOs 544 to 575 on gpio-32-63
[    0.572354] gpiochip_find_base_unlocked: found new base at 576
[    0.572448] gpio gpiochip2: (gpio-64-95): created GPIO range 0->4 ==> 44e10800.pinmux PIN 66->70
[    0.572467] gpio gpiochip2: (gpio-64-95): created GPIO range 5->6 ==> 44e10800.pinmux PIN 98->99
[    0.572482] gpio gpiochip2: (gpio-64-95): created GPIO range 7->8 ==> 44e10800.pinmux PIN 75->76
[    0.572497] gpio gpiochip2: (gpio-64-95): created GPIO range 13->13 ==> 44e10800.pinmux PIN 141->141
[    0.572514] gpio gpiochip2: (gpio-64-95): created GPIO range 14->21 ==> 44e10800.pinmux PIN 100->107
[    0.573473] gpio gpiochip2: (gpio-64-95): added GPIO chardev (254:2)
[    0.573687] gpio gpiochip2: registered GPIOs 576 to 607 on gpio-64-95
[    0.579405] 48000000.interconnect:segment@200000:target-module@0:mpu@0:fck: device ID is greater than 24
[    0.580294] /ocp/interconnect@48000000/segment@300000/target-module@e000/lcdc@0: Fixed dependency cycle(s) with /ocp/interconnect@44c00000/segment@200000/target-module@b000/i2c@0/tda19988@70
[    0.583528] /ocp/interconnect@48000000/segment@300000/target-module@e000/lcdc@0: Fixed dependency cycle(s) with /ocp/interconnect@44c00000/segment@200000/target-module@b000/i2c@0/tda19988@70
[    0.584272] /ocp/interconnect@44c00000/segment@200000/target-module@b000/i2c@0/tda19988@70: Fixed dependency cycle(s) with /ocp/interconnect@48000000/segment@300000/target-module@e000/lcdc@0
[    0.584451] /ocp/interconnect@48000000/segment@300000/target-module@e000/lcdc@0: Fixed dependency cycle(s) with /ocp/interconnect@44c00000/segment@200000/target-module@b000/i2c@0/tda19988@70
[    0.591836] sdhci-omap 481d8000.mmc: using DT '/ocp/interconnect@48000000/segment@100000/target-module@d8000/mmc@0' for 'wp' GPIO lookup
[    0.591904] of_get_named_gpiod_flags: can't parse 'wp-gpios' property of node '/ocp/interconnect@48000000/segment@100000/target-module@d8000/mmc@0[0]'
[    0.591948] of_get_named_gpiod_flags: can't parse 'wp-gpio' property of node '/ocp/interconnect@48000000/segment@100000/target-module@d8000/mmc@0[0]'
[    0.591985] sdhci-omap 481d8000.mmc: using lookup tables for GPIO lookup
[    0.591995] sdhci-omap 481d8000.mmc: No GPIO consumer wp found
[    0.592192] sdhci-omap 481d8000.mmc: supply pbias not found, using dummy regulator
[    0.592683] sdhci-omap 481d8000.mmc: supply vqmmc not found, using dummy regulator
[    0.605478] mdio_bus 4a101000.mdio: using DT '/ocp/interconnect@4a000000/segment@0/target-module@100000/switch@0/mdio@1000' for 'reset' GPIO lookup
[    0.605548] of_get_named_gpiod_flags: can't parse 'reset-gpios' property of node '/ocp/interconnect@4a000000/segment@0/target-module@100000/switch@0/mdio@1000[0]'
[    0.605594] of_get_named_gpiod_flags: can't parse 'reset-gpio' property of node '/ocp/interconnect@4a000000/segment@0/target-module@100000/switch@0/mdio@1000[0]'
[    0.605641] mdio_bus 4a101000.mdio: using lookup tables for GPIO lookup
[    0.605650] mdio_bus 4a101000.mdio: No GPIO consumer reset found
[    0.656938] davinci_mdio 4a101000.mdio: davinci mdio revision 1.6, bus freq 1000000
[    0.682047] mdio_bus 4a101000.mdio:00: using DT '/ocp/interconnect@4a000000/segment@0/target-module@100000/switch@0/mdio@1000/ethernet-phy@0' for 'reset' GPIO lookup
[    0.682144] of_get_named_gpiod_flags: parsed 'reset-gpios' property of node '/ocp/interconnect@4a000000/segment@0/target-module@100000/switch@0/mdio@1000/ethernet-phy@0[0]' - status (0)
[    0.682306] gpio gpiochip0: Persistence not supported for GPIO 8
[    0.821471] davinci_mdio 4a101000.mdio: phy[0]: device 4a101000.mdio:00, driver SMSC LAN8710/LAN8720
[    0.822253] cpsw-switch 4a100000.switch: initialized cpsw ale version 1.4
[    0.822275] cpsw-switch 4a100000.switch: ALE Table size 1024, Policers 0
[    0.822433] cpsw-switch 4a100000.switch: cpts: overflow check period 500 (jiffies)
[    0.822448] cpsw-switch 4a100000.switch: CPTS: ref_clk_freq:250000000 calc_mult:2147483648 calc_shift:29 error:0 nsec/sec
[    0.822552] cpsw-switch 4a100000.switch: Detected MACID = 6c:ec:eb:68:de:78
[    0.824426] cpsw-switch 4a100000.switch: initialized (regs 0x4a100000, pool size 256) hw_ver:0019010C 1.12 (0)
[    0.835670] debugfs: '49000000.dma' already exists in 'dmaengine'
[    0.835712] edma 49000000.dma: TI EDMA DMA engine driver
[    0.878393] gpio-clk clk_mcasp0: using DT '/clk_mcasp0' for 'enable' GPIO lookup
[    0.878474] of_get_named_gpiod_flags: parsed 'enable-gpios' property of node '/clk_mcasp0[0]' - status (0)
[    0.878519] gpio gpiochip0: Persistence not supported for GPIO 27
[    0.879286] gpiochip_find_base_unlocked: found new base at 608
[    0.879394] gpio gpiochip3: (gpio-96-127): created GPIO range 0->7 ==> 44e10800.pinmux PIN 82->89
[    0.879416] gpio gpiochip3: (gpio-96-127): created GPIO range 8->11 ==> 44e10800.pinmux PIN 52->55
[    0.879431] gpio gpiochip3: (gpio-96-127): created GPIO range 12->15 ==> 44e10800.pinmux PIN 94->97
[    0.879448] gpio gpiochip3: (gpio-96-127): created GPIO range 16->17 ==> 44e10800.pinmux PIN 71->72
[    0.879464] gpio gpiochip3: (gpio-96-127): created GPIO range 18->18 ==> 44e10800.pinmux PIN 135->135
[    0.879486] gpio gpiochip3: (gpio-96-127): created GPIO range 19->20 ==> 44e10800.pinmux PIN 108->109
[    0.879503] gpio gpiochip3: (gpio-96-127): created GPIO range 21->21 ==> 44e10800.pinmux PIN 73->73
[    0.879520] gpio gpiochip3: (gpio-96-127): created GPIO range 22->23 ==> 44e10800.pinmux PIN 8->9
[    0.879537] gpio gpiochip3: (gpio-96-127): created GPIO range 26->27 ==> 44e10800.pinmux PIN 10->11
[    0.879555] gpio gpiochip3: (gpio-96-127): created GPIO range 28->28 ==> 44e10800.pinmux PIN 74->74
[    0.879572] gpio gpiochip3: (gpio-96-127): created GPIO range 29->29 ==> 44e10800.pinmux PIN 81->81
[    0.879591] gpio gpiochip3: (gpio-96-127): created GPIO range 30->31 ==> 44e10800.pinmux PIN 28->29
[    0.880571] gpio gpiochip3: (gpio-96-127): added GPIO chardev (254:3)
[    0.880787] gpio gpiochip3: registered GPIOs 608 to 639 on gpio-96-127
[    0.882914] omap8250 44e09000.serial: using DT '/ocp/interconnect@44c00000/segment@200000/target-module@9000/serial@0' for 'rs485-term' GPIO lookup
[    0.882986] of_get_named_gpiod_flags: can't parse 'rs485-term-gpios' property of node '/ocp/interconnect@44c00000/segment@200000/target-module@9000/serial@0[0]'
[    0.883028] of_get_named_gpiod_flags: can't parse 'rs485-term-gpio' property of node '/ocp/interconnect@44c00000/segment@200000/target-module@9000/serial@0[0]'
[    0.883064] omap8250 44e09000.serial: using lookup tables for GPIO lookup
[    0.883075] omap8250 44e09000.serial: No GPIO consumer rs485-term found
[    0.883086] omap8250 44e09000.serial: using DT '/ocp/interconnect@44c00000/segment@200000/target-module@9000/serial@0' for 'rs485-rx-during-tx' GPIO lookup
[    0.883120] of_get_named_gpiod_flags: can't parse 'rs485-rx-during-tx-gpios' property of node '/ocp/interconnect@44c00000/segment@200000/target-module@9000/serial@0[0]'
[    0.883157] of_get_named_gpiod_flags: can't parse 'rs485-rx-during-tx-gpio' property of node '/ocp/interconnect@44c00000/segment@200000/target-module@9000/serial@0[0]'
[    0.883188] omap8250 44e09000.serial: using lookup tables for GPIO lookup
[    0.883195] omap8250 44e09000.serial: No GPIO consumer rs485-rx-during-tx found
[    0.883635] 44e09000.serial: ttyS0 at MMIO 0x44e09000 (irq = 34, base_baud = 3000000) is a 8250
[    0.883726] printk: legacy console [ttyS0] enabled
[    2.420884] i2c i2c-0: using DT '/ocp/interconnect@44c00000/segment@200000/target-module@b000/i2c@0' for 'scl' GPIO lookup
[    2.420974] of_get_named_gpiod_flags: can't parse 'scl-gpios' property of node '/ocp/interconnect@44c00000/segment@200000/target-module@b000/i2c@0[0]'
[    2.421021] of_get_named_gpiod_flags: can't parse 'scl-gpio' property of node '/ocp/interconnect@44c00000/segment@200000/target-module@b000/i2c@0[0]'
[    2.421062] i2c i2c-0: using lookup tables for GPIO lookup
[    2.421076] i2c i2c-0: No GPIO consumer scl found
[    2.421101] i2c i2c-0: using DT '/ocp/interconnect@44c00000/segment@200000/target-module@b000/i2c@0' for 'sda' GPIO lookup
[    2.421140] of_get_named_gpiod_flags: can't parse 'sda-gpios' property of node '/ocp/interconnect@44c00000/segment@200000/target-module@b000/i2c@0[0]'
[    2.421384] of_get_named_gpiod_flags: can't parse 'sda-gpio' property of node '/ocp/interconnect@44c00000/segment@200000/target-module@b000/i2c@0[0]'
[    2.421430] i2c i2c-0: using lookup tables for GPIO lookup
[    2.421443] i2c i2c-0: No GPIO consumer sda found
[    2.442185] tps65217-pmic: Failed to locate of_node [id: -1]
[    2.448251] tps65217-bl: Failed to locate of_node [id: -1]
[    2.454291] platform tps65217-charger: DMA mask not set
[    2.460320] platform tps65217-pwrbutton: DMA mask not set
[    2.467602] tps65217 0-0024: TPS65217 ID 0xe version 1.2
[    2.473726] /ocp/interconnect@48000000/segment@300000/target-module@e000/lcdc@0: Fixed dependency cycle(s) with /ocp/interconnect@44c00000/segment@200000/target-module@b000/i2c@0/tda19988@70
[    2.491134] /ocp/interconnect@44c00000/segment@200000/target-module@b000/i2c@0/tda19988@70: Fixed dependency cycle(s) with /ocp/interconnect@48000000/segment@300000/target-module@e000/lcdc@0
[    2.508543] omap_i2c 44e0b000.i2c: bus 0 rev0.11 at 400 kHz
[    2.516325] sdhci-omap 48060000.mmc: using DT '/ocp/interconnect@48000000/segment@0/target-module@60000/mmc@0' for 'cd' GPIO lookup
[    2.516434] of_get_named_gpiod_flags: parsed 'cd-gpios' property of node '/ocp/interconnect@48000000/segment@0/target-module@60000/mmc@0[0]' - status (0)
[    2.516501] gpio gpiochip3: Persistence not supported for GPIO 6
[    2.516527] omap_gpio 44e07000.gpio: Could not set line 6 debounce to 200000 microseconds (-22)
[    2.525405] sdhci-omap 48060000.mmc: Got CD GPIO
[    2.530056] sdhci-omap 48060000.mmc: using DT '/ocp/interconnect@48000000/segment@0/target-module@60000/mmc@0' for 'wp' GPIO lookup
[    2.530104] of_get_named_gpiod_flags: can't parse 'wp-gpios' property of node '/ocp/interconnect@48000000/segment@0/target-module@60000/mmc@0[0]'
[    2.530146] of_get_named_gpiod_flags: can't parse 'wp-gpio' property of node '/ocp/interconnect@48000000/segment@0/target-module@60000/mmc@0[0]'
[    2.530186] sdhci-omap 48060000.mmc: using lookup tables for GPIO lookup
[    2.530200] sdhci-omap 48060000.mmc: No GPIO consumer wp found
[    2.530409] sdhci-omap 48060000.mmc: supply pbias not found, using dummy regulator
[    2.539226] sdhci-omap 481d8000.mmc: using DT '/ocp/interconnect@48000000/segment@100000/target-module@d8000/mmc@0' for 'wp' GPIO lookup
[    2.539317] of_get_named_gpiod_flags: can't parse 'wp-gpios' property of node '/ocp/interconnect@48000000/segment@100000/target-module@d8000/mmc@0[0]'
[    2.539368] of_get_named_gpiod_flags: can't parse 'wp-gpio' property of node '/ocp/interconnect@48000000/segment@100000/target-module@d8000/mmc@0[0]'
[    2.539408] sdhci-omap 481d8000.mmc: using lookup tables for GPIO lookup
[    2.539421] sdhci-omap 481d8000.mmc: No GPIO consumer wp found
[    2.540399] sdhci-omap 48060000.mmc: supply vqmmc not found, using dummy regulator
[    2.549447] sdhci-omap 481d8000.mmc: supply pbias not found, using dummy regulator
[    2.559718] sdhci-omap 481d8000.mmc: supply vqmmc not found, using dummy regulator
[    2.594940] mmc0: SDHCI controller on 48060000.mmc [48060000.mmc] using External DMA
[    2.603181] mmc1: SDHCI controller on 481d8000.mmc [481d8000.mmc] using External DMA
[    2.612023] cpsw-switch 4a100000.switch: starting ndev. mode: dual_mac
[    2.681452] mmc1: new high speed MMC card at address 0001
[    2.688277] mmcblk1: mmc1:0001 MMC04G 3.60 GiB
[    2.696235]  mmcblk1: p1 p2
[    2.700561] mmcblk1boot0: mmc1:0001 MMC04G 2.00 MiB
[    2.707129] SMSC LAN8710/LAN8720 4a101000.mdio:00: attached PHY driver (mii_bus:phy_addr=4a101000.mdio:00, irq=POLL)
[    2.725753] mmcblk1boot1: mmc1:0001 MMC04G 2.00 MiB
[    2.734621] mmcblk1rpmb: mmc1:0001 MMC04G 128 KiB, chardev (249:0)
[    2.784305] mmc0: new high speed SDHC card at address aaaa
[    2.791124] mmcblk0: mmc0:aaaa SE32G 29.7 GiB
[    2.800295]  mmcblk0: p1 p2
[    5.841991] cpsw-switch 4a100000.switch eth0: Link is Up - 100Mbps/Full - flow control off
[    5.881454] IP-Config: Complete:
[    5.884733]      device=eth0, hwaddr=6c:ec:eb:68:de:78, ipaddr=192.168.255.1, mask=255.255.255.0, gw=255.255.255.255
[    5.895408]      host=bbb1, domain=, nis-domain=(none)
[    5.900576]      bootserver=192.168.255.126, rootserver=192.168.255.126, rootpath=
[    5.901016] clk: Disabling unused clocks
[    5.912866] PM: genpd: Disabling unused power domains
[    5.918016] KTAP version 1
[    5.920739] 1..0
[    5.923233] check access for rdinit=/init failed: -2, ignoring
[    5.950493] VFS: Mounted root (nfs filesystem) on device 0:17.
[    5.957562] devtmpfs: mounted
[    5.962221] Freeing unused kernel image (initmem) memory: 1024K
[    5.969026] Run /sbin/init as init process
[    5.973217]   with arguments:
[    5.973232]     /sbin/init
[    5.973242]     nfsrootdebug
[    5.973251]   with environment:
[    5.973259]     HOME=/
[    5.973268]     TERM=linux
[    6.636273] systemd[1]: System time before build time, advancing clock.
[    8.161233] random: crng init done
[    8.174030] systemd[1]: systemd 232 running in system mode. (+PAM +AUDIT +SELINUX +IMA +APPARMOR +SMACK +SYSVINIT +UTMP +LIBCRYPTSETUP +GCRYPT +GNUTLS +ACL +XZ +LZ4 +SECCOMP +BLKID +ELFUTILS +KMOD +IDN)
[    8.193123] systemd[1]: Detected architecture arm.
[    8.224228] systemd[1]: Set hostname to <arm>.
[    9.308321] systemd[1]: Listening on Journal Audit Socket.
[    9.331886] systemd[1]: Listening on udev Kernel Socket.
[    9.362986] systemd[1]: systemd-journald.socket: SO_PASSSEC failed: Operation not supported
[    9.371881] systemd[1]: systemd-journald.socket: SO_PASSSEC failed: Operation not supported
[    9.380465] systemd[1]: Listening on Journal Socket.
[    9.402757] systemd[1]: Created slice System Slice.
[    9.432731] systemd[1]: Created slice system-getty.slice.
[   11.488462] systemd-journald[92]: Received request to flush runtime journal from PID 1
[   12.644115] omap_prm 44e00d00.prm: sync_state() pending due to 44d00000.cpu
[   14.394576] leds-gpio leds: using DT '/leds/led2' for '(default)' GPIO lookup
[   14.394679] of_get_named_gpiod_flags: parsed 'gpios' property of node '/leds/led2[0]' - status (0)
[   14.394736] gpio gpiochip0: Persistence not supported for GPIO 21
[   14.394751] gpio-533 (?): no flags found for GPIO (default)
[   14.472231] leds-gpio leds: using DT '/leds/led3' for '(default)' GPIO lookup
[   14.472346] of_get_named_gpiod_flags: parsed 'gpios' property of node '/leds/led3[0]' - status (0)
[   14.472405] gpio gpiochip0: Persistence not supported for GPIO 22
[   14.472419] gpio-534 (?): no flags found for GPIO (default)
[   14.497409] leds-gpio leds: using DT '/leds/led4' for '(default)' GPIO lookup
[   14.497519] of_get_named_gpiod_flags: parsed 'gpios' property of node '/leds/led4[0]' - status (0)
[   14.497573] gpio gpiochip0: Persistence not supported for GPIO 23
[   14.497589] gpio-535 (?): no flags found for GPIO (default)
[   14.515021] leds-gpio leds: using DT '/leds/led5' for '(default)' GPIO lookup
[   14.515123] of_get_named_gpiod_flags: parsed 'gpios' property of node '/leds/led5[0]' - status (0)
[   14.515177] gpio gpiochip0: Persistence not supported for GPIO 24
[   14.515191] gpio-536 (?): no flags found for GPIO (default)
[   14.983142] remoteproc remoteproc0: wkup_m3 is available
[   15.167431] am335x-phy-driver 47401300.usb-phy: using DT '/ocp/target-module@47400000/usb-phy@1300' for 'reset' GPIO lookup
[   15.167524] of_get_named_gpiod_flags: can't parse 'reset-gpios' property of node '/ocp/target-module@47400000/usb-phy@1300[0]'
[   15.167568] of_get_named_gpiod_flags: can't parse 'reset-gpio' property of node '/ocp/target-module@47400000/usb-phy@1300[0]'
[   15.167609] am335x-phy-driver 47401300.usb-phy: using lookup tables for GPIO lookup
[   15.167624] am335x-phy-driver 47401300.usb-phy: No GPIO consumer reset found
[   15.167638] am335x-phy-driver 47401300.usb-phy: using DT '/ocp/target-module@47400000/usb-phy@1300' for 'vbus-detect' GPIO lookup
[   15.167669] of_get_named_gpiod_flags: can't parse 'vbus-detect-gpios' property of node '/ocp/target-module@47400000/usb-phy@1300[0]'
[   15.167701] of_get_named_gpiod_flags: can't parse 'vbus-detect-gpio' property of node '/ocp/target-module@47400000/usb-phy@1300[0]'
[   15.167727] am335x-phy-driver 47401300.usb-phy: using lookup tables for GPIO lookup
[   15.167739] am335x-phy-driver 47401300.usb-phy: No GPIO consumer vbus-detect found
[   15.167890] am335x-phy-driver 47401300.usb-phy: dummy supplies not allowed for exclusive requests (id=vbus)
[   15.266722] at24 2-0054: supply vcc not found, using dummy regulator
[   15.327436] omap_wdt: OMAP Watchdog Timer Rev 0x01: initial timeout 60 sec
[   15.413209] am335x-phy-driver 47401b00.usb-phy: using DT '/ocp/target-module@47400000/usb-phy@1b00' for 'reset' GPIO lookup
[   15.413305] of_get_named_gpiod_flags: can't parse 'reset-gpios' property of node '/ocp/target-module@47400000/usb-phy@1b00[0]'
[   15.413346] of_get_named_gpiod_flags: can't parse 'reset-gpio' property of node '/ocp/target-module@47400000/usb-phy@1b00[0]'
[   15.413387] am335x-phy-driver 47401b00.usb-phy: using lookup tables for GPIO lookup
[   15.413402] am335x-phy-driver 47401b00.usb-phy: No GPIO consumer reset found
[   15.413417] am335x-phy-driver 47401b00.usb-phy: using DT '/ocp/target-module@47400000/usb-phy@1b00' for 'vbus-detect' GPIO lookup
[   15.413448] of_get_named_gpiod_flags: can't parse 'vbus-detect-gpios' property of node '/ocp/target-module@47400000/usb-phy@1b00[0]'
[   15.413480] of_get_named_gpiod_flags: can't parse 'vbus-detect-gpio' property of node '/ocp/target-module@47400000/usb-phy@1b00[0]'
[   15.413507] am335x-phy-driver 47401b00.usb-phy: using lookup tables for GPIO lookup
[   15.413519] am335x-phy-driver 47401b00.usb-phy: No GPIO consumer vbus-detect found
[   15.413669] am335x-phy-driver 47401b00.usb-phy: dummy supplies not allowed for exclusive requests (id=vbus)
[   15.464929] at24 2-0055: supply vcc not found, using dummy regulator
[   15.593314] at24 2-0056: supply vcc not found, using dummy regulator
[   15.723133] at24 2-0057: supply vcc not found, using dummy regulator
[   15.943458] at24 0-0050: using DT '/ocp/interconnect@44c00000/segment@200000/target-module@b000/i2c@0/eeprom@50' for 'wp' GPIO lookup
[   15.943577] of_get_named_gpiod_flags: can't parse 'wp-gpios' property of node '/ocp/interconnect@44c00000/segment@200000/target-module@b000/i2c@0/eeprom@50[0]'
[   15.943637] of_get_named_gpiod_flags: can't parse 'wp-gpio' property of node '/ocp/interconnect@44c00000/segment@200000/target-module@b000/i2c@0/eeprom@50[0]'
[   15.943684] at24 0-0050: using lookup tables for GPIO lookup
[   15.943699] at24 0-0050: No GPIO consumer wp found
[   15.944051] at24 0-0050: 32768 byte 24c256 EEPROM, writable, 1 bytes/write
[   16.375999] input: tps65217_pwrbutton as /devices/platform/ocp/44c00000.interconnect/44c00000.interconnect:segment@200000/44e0b000.target-module/44e0b000.i2c/i2c-0/0-0024/tps65217-pwrbutton/input/input0
[   16.601748] omap_rtc 44e3e000.rtc: registered as rtc0
[   16.606942] omap_rtc 44e3e000.rtc: setting system clock to 2000-01-01T00:00:00 UTC (946684800)
[   16.615735] omap_rtc 44e3e000.rtc: using DT '/ocp/interconnect@44c00000/segment@200000/target-module@3e000/rtc@0' for 'wp' GPIO lookup
[   16.615808] of_get_named_gpiod_flags: can't parse 'wp-gpios' property of node '/ocp/interconnect@44c00000/segment@200000/target-module@3e000/rtc@0[0]'
[   16.615857] of_get_named_gpiod_flags: can't parse 'wp-gpio' property of node '/ocp/interconnect@44c00000/segment@200000/target-module@3e000/rtc@0[0]'
[   16.615899] omap_rtc 44e3e000.rtc: using lookup tables for GPIO lookup
[   16.615914] omap_rtc 44e3e000.rtc: No GPIO consumer wp found
[   17.300983] usbcore: registered new interface driver usbfs
[   17.306889] usbcore: registered new interface driver hub
[   17.312478] usbcore: registered new device driver usb
[   18.278462] omap-mailbox 480c8000.mailbox: omap mailbox rev 0x400
[   18.330576] musb-hdrc musb-hdrc.1: MUSB HDRC host driver
[   18.336151] musb-hdrc musb-hdrc.1: new USB bus registered, assigned bus number 1
[   18.388690] remoteproc remoteproc0: powering up wkup_m3
[   18.420854] tda998x 0-0070: found TDA19988
[   18.555443] remoteproc remoteproc0: Direct firmware load for am335x-pm-firmware.elf failed with error -2
[   18.565335] remoteproc remoteproc0: request_firmware failed: -2
[   18.571394] wkup_m3_ipc 44e11324.wkup_m3_ipc: rproc_boot failed
[   18.660946] usb usb1: New USB device found, idVendor=1d6b, idProduct=0002, bcdDevice= 6.17
[   18.669471] usb usb1: New USB device strings: Mfr=3, Product=2, SerialNumber=1
[   18.676823] usb usb1: Product: MUSB HDRC host driver
[   18.681860] usb usb1: Manufacturer: Linux 6.17.0-rc7-next-20250926 musb-hcd
[   18.688859] usb usb1: SerialNumber: musb-hdrc.1
[   19.126566] hub 1-0:1.0: USB hub found
[   19.178210] hub 1-0:1.0: 1 port detected
[   21.105834] tilcdc 4830e000.lcdc: bound 0-0070 (ops 0xbf19e0f8)
[   21.149969] omap_rng 48310000.rng: Random Number Generator ver. 20
[   21.198340] [drm] Initialized tilcdc 1.0.0 for 4830e000.lcdc on minor 0
[   21.294868] tilcdc 4830e000.lcdc: [drm] Cannot find any crtc or sizes
[   21.334693] tilcdc 4830e000.lcdc: [drm] Cannot find any crtc or sizes
[   22.497295] omap-sham 53100000.sham: hw accel on OMAP rev 4.3
[   22.602925] PM: Cannot get wkup_m3_ipc handle
[   22.643114] omap-sham 53100000.sham: will run requests pump with realtime priority
[   22.681948] PM: Cannot get wkup_m3_ipc handle
[   22.930826] omap-aes 53500000.aes: OMAP AES hw accel rev: 3.2
[   23.045103] omap-aes 53500000.aes: will run requests pump with realtime priority
[   23.056141] PM: Cannot get wkup_m3_ipc handle
[   24.787175] ------------[ cut here ]------------
[   24.792023] WARNING: net/8021q/vlan_core.c:236 at vlan_for_each+0x114/0x134, CPU#0: avahi-daemon/328
[   24.801319] RTNL: assertion failed at net/8021q/vlan_core.c (236)
[   24.807448] Modules linked in: bluetooth(+) ecdh_generic ecc snd_soc_simple_card omap_aes_driver snd_soc_simple_card_utils omap_crypto pm33xx libaes ti_emif_sram omap_sham crypto_engine omap_rng rng_core tilcdc drm_dma_helper drm_client_lib snd_soc_davinci_mcasp snd_soc_ti_udma snd_soc_ti_edma snd_soc_ti_sdma snd_soc_core snd_pcm_dmaengine snd_pcm snd_timer snd omap_mailbox musb_dsps tda998x soundcore musb_hdrc cec udc_core drm_kms_helper usbcore drm wkup_m3_ipc rtc_omap tps65218_pwrbutton drm_panel_orientation_quirks omap_wdt at24 phy_am335x watchdog phy_am335x_control phy_generic wkup_m3_rproc usb_common cppi41 leds_gpio cpufreq_dt led_class autofs4
[   24.865760] CPU: 0 UID: 107 PID: 328 Comm: avahi-daemon Not tainted 6.17.0-rc7-next-20250926 #1 NONE 
[   24.865778] Hardware name: Generic AM33XX (Flattened Device Tree)
[   24.865787] Call trace: 
[   24.865802]  unwind_backtrace from show_stack+0x10/0x14
[   24.865838]  show_stack from dump_stack_lvl+0x50/0x64
[   24.865863]  dump_stack_lvl from __warn+0x88/0x148
[   24.865881]  __warn from warn_slowpath_fmt+0x19c/0x1b0
[   24.865894]  warn_slowpath_fmt from vlan_for_each+0x114/0x134
[   24.865916]  vlan_for_each from cpsw_add_mc_addr+0x40/0xa4
[   24.865942]  cpsw_add_mc_addr from __hw_addr_ref_sync_dev+0x108/0x140
[   24.865972]  __hw_addr_ref_sync_dev from __dev_mc_add+0x7c/0x80
[   24.865994]  __dev_mc_add from igmp6_group_added+0xc8/0xe0
[   24.866022]  igmp6_group_added from __ipv6_dev_mc_inc+0x218/0x364
[   24.866041]  __ipv6_dev_mc_inc from __ipv6_sock_mc_join+0x11c/0x1c0
[   24.866059]  __ipv6_sock_mc_join from do_ipv6_setsockopt+0x1214/0x1310
[   24.866091]  do_ipv6_setsockopt from ipv6_setsockopt+0x60/0xcc
[   24.866112]  ipv6_setsockopt from udpv6_setsockopt+0x2c/0x6c
[   24.866129]  udpv6_setsockopt from sock_common_setsockopt+0x30/0x40
[   24.866158]  sock_common_setsockopt from do_sock_setsockopt+0x50/0x9c
[   24.866180]  do_sock_setsockopt from __sys_setsockopt+0x70/0xbc
[   24.866199]  __sys_setsockopt from ret_fast_syscall+0x0/0x58
[   24.866215] Exception stack(0xe02f1fa8 to 0xe02f1ff0)
[   24.866230] 1fa0:                   00000014 b6fa7ce8 0000000d 00000029 00000014 be84d9ec
[   24.866241] 1fc0: 00000014 b6fa7ce8 00000014 00000126 0000000d b6f50ff4 0050e988 004f6558
[   24.866250] 1fe0: b6f66088 be84d9d8 b6f43309 b6e1a41a
[   24.866257] ---[ end trace 0000000000000000 ]---
[   25.109122] Bluetooth: Core ver 2.22
[   25.113083] NET: Registered PF_BLUETOOTH protocol family
[   25.118434] Bluetooth: HCI device and connection manager initialized
[   25.124952] Bluetooth: HCI socket layer initialized
[   25.129866] Bluetooth: L2CAP socket layer initialized
[   25.135028] Bluetooth: SCO socket layer initialized
[   26.141549] tda998x 0-0070: using DT '/ocp/interconnect@44c00000/segment@200000/target-module@b000/i2c@0/tda19988@70' for 'nxp,calib' GPIO lookup
[   26.141689] of_get_named_gpiod_flags: parsed 'nxp,calib-gpios' property of node '/ocp/interconnect@44c00000/segment@200000/target-module@b000/i2c@0/tda19988@70[0]' - status (0)
[   26.141772] gpio gpiochip0: Persistence not supported for GPIO 25
[   26.141787] gpio-537 (nxp,calib): no flags found for GPIO nxp,calib
[   26.151804] gpio-537 (nxp,calib): gpiod_direction_output_nonotify: tried to set a GPIO tied to an IRQ as output
[   26.239729] PM: Cannot get wkup_m3_ipc handle
[   26.246910] asoc-simple-card sound: using DT '/sound' for 'simple-audio-card,hp-det' GPIO lookup
[   26.246986] of_get_named_gpiod_flags: can't parse 'simple-audio-card,hp-det-gpios' property of node '/sound[0]'
[   26.247024] of_get_named_gpiod_flags: can't parse 'simple-audio-card,hp-det-gpio' property of node '/sound[0]'
[   26.247049] asoc-simple-card sound: using lookup tables for GPIO lookup
[   26.247063] asoc-simple-card sound: No GPIO consumer simple-audio-card,hp-det found
[   26.247078] asoc-simple-card sound: using DT '/sound' for 'simple-audio-card,mic-det' GPIO lookup
[   26.247102] of_get_named_gpiod_flags: can't parse 'simple-audio-card,mic-det-gpios' property of node '/sound[0]'
[   26.247128] of_get_named_gpiod_flags: can't parse 'simple-audio-card,mic-det-gpio' property of node '/sound[0]'
[   26.247148] asoc-simple-card sound: using lookup tables for GPIO lookup
[   26.247160] asoc-simple-card sound: No GPIO consumer simple-audio-card,mic-det found
[   26.412376] tda9950 0-0034: TDA9950 CEC interface, hardware version 3.3
[   26.462369] PM: Cannot get wkup_m3_ipc handle
[   26.547352] PM: Cannot get wkup_m3_ipc handle
[   28.562754] userial_init: registered 8 ttyGS* devices
[   28.788672] rndis_register: configNr = 0
[   28.874942] udc musb-hdrc.0: binding gadget driver [g_multi]
[   28.875039] configfs-gadget.g_multi gadget.0: adding 'rndis'/33825f82 to config 'c'/495a5bcb
[   28.876206] configfs-gadget.g_multi gadget.0: HOST MAC 1c:ba:8c:a2:ed:6c
[   28.883227] configfs-gadget.g_multi gadget.0: MAC 1c:ba:8c:a2:ed:70
[   28.889599] rndis_set_param_medium: 0 0
[   28.889620] configfs-gadget.g_multi gadget.0: RNDIS: IN/ep1in OUT/ep1out NOTIFY/ep2in
[   28.889637] configfs-gadget.g_multi gadget.0: adding 'cdc_ethernet'/b7d61cb7 to config 'c'/495a5bcb
[   28.890558] configfs-gadget.g_multi gadget.0: HOST MAC 1c:ba:8c:a2:ed:6c
[   28.897425] configfs-gadget.g_multi gadget.0: MAC 1c:ba:8c:a2:ed:6d
[   28.903807] configfs-gadget.g_multi gadget.0: CDC Ethernet: IN/ep3in OUT/ep2out NOTIFY/ep4in
[   28.903825] configfs-gadget.g_multi gadget.0: adding 'acm'/f7dc81f1 to config 'c'/495a5bcb
[   28.903860] configfs-gadget.g_multi gadget.0: acm ttyGS0: IN/ep5in OUT/ep3out NOTIFY/ep6in
[   28.910138] PM: Cannot get wkup_m3_ipc handle
[   30.139684] configfs-gadget.g_multi gadget.0: eth_open
[   35.192107] gs_open: ttyGS0 (6712f880,0be43738)
[   35.192271] gs_close: ttyGS0 (6712f880,0be43738) ...
[   35.192293] gs_close: ttyGS0 (6712f880,0be43738) done!
[   35.192510] gs_open: ttyGS0 (02e8c3ec,0be43738)
[   35.192589] gs_close: ttyGS0 (02e8c3ec,0be43738) ...
[   35.192608] gs_close: ttyGS0 (02e8c3ec,0be43738) done!
[   35.363044] gs_open: ttyGS0 (609d9890,bb095bef)
[   35.363286] gs_close: ttyGS0 (609d9890,bb095bef) ...
[   35.363313] gs_close: ttyGS0 (609d9890,bb095bef) done!
[   35.372958] gs_open: ttyGS0 (609d9890,0be43738)
PSMOCGCUGL 0
root@arm:~# echo 'NBHQ''JNTKXL'
NBHQJNTKXL
root@arm:~# MARKER='SFXH''QYNWUF' run 'modprobe test_linear_ranges'
SFXHQYNWUFSFXHQYNWUF 0
root@arm:~# echo 'LGES''ZFKGOJ'
LGESZFKGOJ
root@arm:~# MARKER='KABA''UETABM' run dmesg
KABAUETABM[    0.000000] Booting Linux on physical CPU 0x0
[    0.000000] Linux version 6.17.0-rc7-next-20250926 (user01@drvtest01) (arm-none-eabi-gcc (Arm GNU Toolchain 14.2.Rel1 (Build arm-14.52)) 14.2.1 20241119, GNU ld (Arm GNU Toolchain 14.2.Rel1 (Build arm-14.52)) 2.43.1.20241119) #1 SMP Fri Sep 26 19:13:46 EEST 2025
[    0.000000] CPU: ARMv7 Processor [413fc082] revision 2 (ARMv7), cr=10c5387d
[    0.000000] CPU: PIPT / VIPT nonaliasing data cache, VIPT aliasing instruction cache
[    0.000000] OF: fdt: Machine model: TI AM335x BeagleBone Black
[    0.000000] Memory policy: Data cache writeback
[    0.000000] cma: Reserved 16 MiB at 0x9e800000
[    0.000000] Zone ranges:
[    0.000000]   Normal   [mem 0x0000000080000000-0x000000009fdfffff]
[    0.000000]   HighMem  empty
[    0.000000] Movable zone start for each node
[    0.000000] Early memory node ranges
[    0.000000]   node   0: [mem 0x0000000080000000-0x000000009fdfffff]
[    0.000000] Initmem setup node 0 [mem 0x0000000080000000-0x000000009fdfffff]
[    0.000000] On node 0, zone Normal: 512 pages in unavailable ranges
[    0.000000] OF: reserved mem: Reserved memory: No reserved-memory node in the DT
[    0.000000] CPU: All CPU(s) started in SVC mode.
[    0.000000] AM335X ES2.1 (sgx neon)
[    0.000000] percpu: Embedded 17 pages/cpu s39884 r8192 d21556 u69632
[    0.000000] pcpu-alloc: s39884 r8192 d21556 u69632 alloc=17*4096
[    0.000000] pcpu-alloc: [0] 0 
[    0.000000] Kernel command line: console=ttyO0,115200n8 root=/dev/nfs rw nfsroot=192.168.255.126:/home/user01/nfs,nfsvers=3 ip=192.168.255.1:192.168.255.126::255.255.255.0:bbb1:eth0 nfsrootdebug
[    0.000000] Unknown kernel command line parameters "nfsrootdebug", will be passed to user space.
[    0.000000] printk: log buffer data + meta data: 65536 + 204800 = 270336 bytes
[    0.000000] Dentry cache hash table entries: 65536 (order: 6, 262144 bytes, linear)
[    0.000000] Inode-cache hash table entries: 32768 (order: 5, 131072 bytes, linear)
[    0.000000] Built 1 zonelists, mobility grouping on.  Total pages: 130560
[    0.000000] mem auto-init: stack:off, heap alloc:off, heap free:off
[    0.000000] SLUB: HWalign=16, Order=0-3, MinObjects=0, CPUs=1, Nodes=1
[    0.000000] rcu: Hierarchical RCU implementation.
[    0.000000] rcu: 	RCU event tracing is enabled.
[    0.000000] rcu: 	RCU restricting CPUs from NR_CPUS=2 to nr_cpu_ids=1.
[    0.000000] 	Tracing variant of Tasks RCU enabled.
[    0.000000] rcu: RCU calculated value of scheduler-enlistment delay is 10 jiffies.
[    0.000000] rcu: Adjusting geometry for rcu_fanout_leaf=16, nr_cpu_ids=1
[    0.000000] RCU Tasks Trace: Setting shift to 0 and lim to 1 rcu_task_cb_adjust=1 rcu_task_cpu_ids=1.
[    0.000000] NR_IRQS: 16, nr_irqs: 16, preallocated irqs: 16
[    0.000000] IRQ: Found an INTC at 0x(ptrval) (revision 5.0) with 128 interrupts
[    0.000000] rcu: srcu_init: Setting srcu_struct sizes based on contention.
[    0.000000] TI gptimer clocksource: always-on /ocp/interconnect@44c00000/segment@200000/target-module@31000
[    0.000002] sched_clock: 32 bits at 24MHz, resolution 41ns, wraps every 89478484971ns
[    0.000028] clocksource: dmtimer: mask: 0xffffffff max_cycles: 0xffffffff, max_idle_ns: 79635851949 ns
[    0.000498] TI gptimer clockevent: 24000000 Hz at /ocp/interconnect@48000000/segment@0/target-module@40000
[    0.002065] Console: colour dummy device 80x30
[    0.002129] WARNING: Your 'console=ttyO0' has been replaced by 'ttyS0'
[    0.002137] This ensures that you still see kernel messages. Please
[    0.002142] update your kernel commandline.
[    0.002184] Calibrating delay loop... 996.14 BogoMIPS (lpj=4980736)
[    0.090608] CPU: Testing write buffer coherency: ok
[    0.090694] CPU0: Spectre v2: using BPIALL workaround
[    0.090703] pid_max: default: 32768 minimum: 301
[    0.090879] LSM: initializing lsm=capability
[    0.091050] Mount-cache hash table entries: 1024 (order: 0, 4096 bytes, linear)
[    0.091069] Mountpoint-cache hash table entries: 1024 (order: 0, 4096 bytes, linear)
[    0.092660] CPU0: thread -1, cpu 0, socket -1, mpidr 0
[    0.092716] cacheinfo: Unable to detect cache hierarchy for CPU 0
[    0.094738] Setting up static identity map for 0x80100000 - 0x80100078
[    0.095042] rcu: Hierarchical SRCU implementation.
[    0.095053] rcu: 	Max phase no-delay instances is 1000.
[    0.096743] smp: Bringing up secondary CPUs ...
[    0.096794] smp: Brought up 1 node, 1 CPU
[    0.096807] SMP: Total of 1 processors activated (996.14 BogoMIPS).
[    0.096818] CPU: All CPU(s) started in SVC mode.
[    0.097014] Memory: 480868K/522240K available (11264K kernel code, 1226K rwdata, 2948K rodata, 1024K init, 256K bss, 23336K reserved, 16384K cma-reserved, 0K highmem)
[    0.097818] devtmpfs: initialized
[    0.115435] VFP support v0.3: implementor 41 architecture 3 part 30 variant c rev 3
[    0.116084] clocksource: jiffies: mask: 0xffffffff max_cycles: 0xffffffff, max_idle_ns: 19112604462750000 ns
[    0.116141] posixtimers hash table entries: 512 (order: 0, 4096 bytes, linear)
[    0.116169] futex hash table entries: 256 (16384 bytes on 1 NUMA nodes, total 16 KiB, linear).
[    0.117309] pinctrl core: initialized pinctrl subsystem
[    0.119407] NET: Registered PF_NETLINK/PF_ROUTE protocol family
[    0.122485] DMA: preallocated 256 KiB pool for atomic coherent allocations
[    0.123091] audit: initializing netlink subsys (disabled)
[    0.124428] thermal_sys: Registered thermal governor 'fair_share'
[    0.124442] thermal_sys: Registered thermal governor 'step_wise'
[    0.124452] thermal_sys: Registered thermal governor 'user_space'
[    0.124558] audit: type=2000 audit(0.120:1): state=initialized audit_enabled=0 res=1
[    0.124628] cpuidle: using governor menu
[    0.142666] /ocp/interconnect@44c00000/segment@200000/target-module@b000/i2c@0/tda19988@70: Fixed dependency cycle(s) with /ocp/interconnect@48000000/segment@300000/target-module@e000/lcdc@0
[    0.143766] /ocp/interconnect@48000000/segment@300000/target-module@e000/lcdc@0: Fixed dependency cycle(s) with /ocp/interconnect@44c00000/segment@200000/target-module@b000/i2c@0/tda19988@70
[    0.145970] No ATAGs?
[    0.146007] hw-breakpoint: debug architecture 0x4 unsupported.
[    0.149121] kprobes: kprobe jump-optimization is enabled. All kprobes are optimized if possible.
[    0.153816] iommu: Default domain type: Translated
[    0.153838] iommu: DMA domain TLB invalidation policy: strict mode
[    0.155390] reg-fixed-voltage fixedregulator0: using DT '/fixedregulator0' for '(default)' GPIO lookup
[    0.155446] of_get_named_gpiod_flags: can't parse 'gpios' property of node '/fixedregulator0[0]'
[    0.155473] of_get_named_gpiod_flags: can't parse 'gpio' property of node '/fixedregulator0[0]'
[    0.155492] reg-fixed-voltage fixedregulator0: using lookup tables for GPIO lookup
[    0.155503] reg-fixed-voltage fixedregulator0: No GPIO consumer (default) found
[    0.161686] SCSI subsystem initialized
[    0.162172] libata version 3.00 loaded.
[    0.162564] pps_core: LinuxPPS API ver. 1 registered
[    0.162576] pps_core: Software ver. 5.3.6 - Copyright 2005-2007 Rodolfo Giometti <giometti@linux.it>
[    0.162599] PTP clock support registered
[    0.170834] vgaarb: loaded
[    0.171212] clocksource: Switched to clocksource dmtimer
[    0.171886] VFS: Disk quotas dquot_6.6.0
[    0.171948] VFS: Dquot-cache hash table entries: 1024 (order 0, 4096 bytes)
[    0.195596] NET: Registered PF_INET protocol family
[    0.195931] IP idents hash table entries: 8192 (order: 4, 65536 bytes, linear)
[    0.197346] tcp_listen_portaddr_hash hash table entries: 512 (order: 0, 4096 bytes, linear)
[    0.197380] Table-perturb hash table entries: 65536 (order: 6, 262144 bytes, linear)
[    0.197397] TCP established hash table entries: 4096 (order: 2, 16384 bytes, linear)
[    0.197443] TCP bind hash table entries: 4096 (order: 4, 65536 bytes, linear)
[    0.197543] TCP: Hash tables configured (established 4096 bind 4096)
[    0.197664] UDP hash table entries: 256 (order: 1, 14336 bytes, linear)
[    0.197698] UDP-Lite hash table entries: 256 (order: 1, 14336 bytes, linear)
[    0.197916] NET: Registered PF_UNIX/PF_LOCAL protocol family
[    0.202001] RPC: Registered named UNIX socket transport module.
[    0.202025] RPC: Registered udp transport module.
[    0.202030] RPC: Registered tcp transport module.
[    0.202035] RPC: Registered tcp-with-tls transport module.
[    0.202039] RPC: Registered tcp NFSv4.1 backchannel transport module.
[    0.202067] PCI: CLS 0 bytes, default 64
[    0.203486] Initialise system trusted keyrings
[    0.211502] workingset: timestamp_bits=14 max_order=17 bucket_order=3
[    0.212980] NFS: Registering the id_resolver key type
[    0.213051] Key type id_resolver registered
[    0.213058] Key type id_legacy registered
[    0.213173] jffs2: version 2.2. (NAND) (SUMMARY)  Â© 2001-2006 Red Hat, Inc.
[    0.213639] Key type asymmetric registered
[    0.213655] Asymmetric key parser 'x509' registered
[    0.213731] io scheduler mq-deadline registered
[    0.213741] io scheduler kyber registered
[    0.213825] io scheduler bfq registered
[    0.215697] target-module@4b000000:target-module@140000:pmu@0:fck: device ID is greater than 24
[    0.221573] ledtrig-cpu: registered to indicate activity on CPUs
[    0.232012] Serial: 8250/16550 driver, 6 ports, IRQ sharing enabled
[    0.279323] brd: module loaded
[    0.288321] loop: module loaded
[    0.289250] mtdoops: mtd device (mtddev=name/number) must be supplied
[    0.290799] mdio_bus fixed-0: using lookup tables for GPIO lookup
[    0.290824] mdio_bus fixed-0: No GPIO consumer reset found
[    0.292407] i2c_dev: i2c /dev entries driver
[    0.293425] cpuidle: enable-method property 'ti,am3352' found operations
[    0.293882] sdhci: Secure Digital Host Controller Interface driver
[    0.293893] sdhci: Copyright(c) Pierre Ossman
[    0.294077] sdhci-pltfm: SDHCI platform and OF driver helper
[    0.301582] hw perfevents: enabled with armv7_cortex_a8 PMU driver, 5 (8000000f) counters available
[    0.302140] Initializing XFRM netlink socket
[    0.302317] NET: Registered PF_INET6 protocol family
[    0.304298] Segment Routing with IPv6
[    0.304379] In-situ OAM (IOAM) with IPv6
[    0.304475] sit: IPv6, IPv4 and MPLS over IPv4 tunneling driver
[    0.305454] NET: Registered PF_PACKET protocol family
[    0.305484] NET: Registered PF_KEY protocol family
[    0.305610] Key type dns_resolver registered
[    0.305844] ThumbEE CPU extension supported.
[    0.305865] Registering SWP/SWPB emulation handler
[    0.306398] omap_voltage_late_init: Voltage driver support not added
[    0.307065] SmartReflex Class3 initialized
[    0.344282] Loading compiled-in X.509 certificates
[    0.375133] /ocp/interconnect@44c00000/segment@200000/target-module@b000/i2c@0/tda19988@70: Fixed dependency cycle(s) with /ocp/interconnect@48000000/segment@300000/target-module@e000/lcdc@0
[    0.381731] /ocp/interconnect@44c00000/segment@200000/target-module@b000/i2c@0/tda19988@70: Fixed dependency cycle(s) with /ocp/interconnect@48000000/segment@300000/target-module@e000/lcdc@0
[    0.387326] gpiochip_find_base_unlocked: found new base at 512
[    0.413805] /ocp/interconnect@44c00000/segment@200000/target-module@b000/i2c@0/tda19988@70: Fixed dependency cycle(s) with /ocp/interconnect@48000000/segment@300000/target-module@e000/lcdc@0
[    0.414693] /ocp/interconnect@44c00000/segment@200000/target-module@b000/i2c@0/tda19988@70: Fixed dependency cycle(s) with /ocp/interconnect@48000000/segment@300000/target-module@e000/lcdc@0
[    0.418229] /ocp/interconnect@44c00000/segment@200000/target-module@10000/scm@0/pinmux@800: Fixed dependency cycle(s) with /ocp/interconnect@44c00000/segment@200000/target-module@10000/scm@0/pinmux@800/clkout2-pins
[    0.418812] pinctrl-single 44e10800.pinmux: 142 pins, size 568
[    0.424507] ti-sysc 44e31000.target-module: probe with driver ti-sysc failed with error -16
[    0.470913] /ocp/interconnect@48000000/segment@300000/target-module@e000/lcdc@0: Fixed dependency cycle(s) with /ocp/interconnect@44c00000/segment@200000/target-module@b000/i2c@0/tda19988@70
[    0.479307] ti-sysc 48040000.target-module: probe with driver ti-sysc failed with error -16
[    0.490905] gpiochip_find_base_unlocked: found new base at 512
[    0.491004] gpio gpiochip0: (gpio-0-31): created GPIO range 0->7 ==> 44e10800.pinmux PIN 0->7
[    0.491024] gpio gpiochip0: (gpio-0-31): created GPIO range 8->11 ==> 44e10800.pinmux PIN 90->93
[    0.491041] gpio gpiochip0: (gpio-0-31): created GPIO range 12->27 ==> 44e10800.pinmux PIN 12->27
[    0.491057] gpio gpiochip0: (gpio-0-31): created GPIO range 28->31 ==> 44e10800.pinmux PIN 30->33
[    0.515531] gpio gpiochip0: (gpio-0-31): added GPIO chardev (254:0)
[    0.515780] gpio gpiochip0: registered GPIOs 512 to 543 on gpio-0-31
[    0.515866] OMAP GPIO hardware version 0.1
[    0.562400] i2c i2c-2: using DT '/ocp/interconnect@48000000/segment@100000/target-module@9c000/i2c@0' for 'scl' GPIO lookup
[    0.562472] of_get_named_gpiod_flags: can't parse 'scl-gpios' property of node '/ocp/interconnect@48000000/segment@100000/target-module@9c000/i2c@0[0]'
[    0.562514] of_get_named_gpiod_flags: can't parse 'scl-gpio' property of node '/ocp/interconnect@48000000/segment@100000/target-module@9c000/i2c@0[0]'
[    0.562552] i2c i2c-2: using lookup tables for GPIO lookup
[    0.562561] i2c i2c-2: No GPIO consumer scl found
[    0.562583] i2c i2c-2: using DT '/ocp/interconnect@48000000/segment@100000/target-module@9c000/i2c@0' for 'sda' GPIO lookup
[    0.562620] of_get_named_gpiod_flags: can't parse 'sda-gpios' property of node '/ocp/interconnect@48000000/segment@100000/target-module@9c000/i2c@0[0]'
[    0.562656] of_get_named_gpiod_flags: can't parse 'sda-gpio' property of node '/ocp/interconnect@48000000/segment@100000/target-module@9c000/i2c@0[0]'
[    0.562687] i2c i2c-2: using lookup tables for GPIO lookup
[    0.562694] i2c i2c-2: No GPIO consumer sda found
[    0.563431] omap_i2c 4819c000.i2c: bus 2 rev0.11 at 100 kHz
[    0.569019] gpiochip_find_base_unlocked: found new base at 544
[    0.569133] gpio gpiochip1: (gpio-32-63): created GPIO range 0->17 ==> 44e10800.pinmux PIN 34->51
[    0.569153] gpio gpiochip1: (gpio-32-63): created GPIO range 18->21 ==> 44e10800.pinmux PIN 77->80
[    0.569169] gpio gpiochip1: (gpio-32-63): created GPIO range 22->31 ==> 44e10800.pinmux PIN 56->65
[    0.569775] gpio gpiochip1: (gpio-32-63): added GPIO chardev (254:1)
[    0.569983] gpio gpiochip1: registered GPIOs 544 to 575 on gpio-32-63
[    0.572354] gpiochip_find_base_unlocked: found new base at 576
[    0.572448] gpio gpiochip2: (gpio-64-95): created GPIO range 0->4 ==> 44e10800.pinmux PIN 66->70
[    0.572467] gpio gpiochip2: (gpio-64-95): created GPIO range 5->6 ==> 44e10800.pinmux PIN 98->99
[    0.572482] gpio gpiochip2: (gpio-64-95): created GPIO range 7->8 ==> 44e10800.pinmux PIN 75->76
[    0.572497] gpio gpiochip2: (gpio-64-95): created GPIO range 13->13 ==> 44e10800.pinmux PIN 141->141
[    0.572514] gpio gpiochip2: (gpio-64-95): created GPIO range 14->21 ==> 44e10800.pinmux PIN 100->107
[    0.573473] gpio gpiochip2: (gpio-64-95): added GPIO chardev (254:2)
[    0.573687] gpio gpiochip2: registered GPIOs 576 to 607 on gpio-64-95
[    0.579405] 48000000.interconnect:segment@200000:target-module@0:mpu@0:fck: device ID is greater than 24
[    0.580294] /ocp/interconnect@48000000/segment@300000/target-module@e000/lcdc@0: Fixed dependency cycle(s) with /ocp/interconnect@44c00000/segment@200000/target-module@b000/i2c@0/tda19988@70
[    0.583528] /ocp/interconnect@48000000/segment@300000/target-module@e000/lcdc@0: Fixed dependency cycle(s) with /ocp/interconnect@44c00000/segment@200000/target-module@b000/i2c@0/tda19988@70
[    0.584272] /ocp/interconnect@44c00000/segment@200000/target-module@b000/i2c@0/tda19988@70: Fixed dependency cycle(s) with /ocp/interconnect@48000000/segment@300000/target-module@e000/lcdc@0
[    0.584451] /ocp/interconnect@48000000/segment@300000/target-module@e000/lcdc@0: Fixed dependency cycle(s) with /ocp/interconnect@44c00000/segment@200000/target-module@b000/i2c@0/tda19988@70
[    0.591836] sdhci-omap 481d8000.mmc: using DT '/ocp/interconnect@48000000/segment@100000/target-module@d8000/mmc@0' for 'wp' GPIO lookup
[    0.591904] of_get_named_gpiod_flags: can't parse 'wp-gpios' property of node '/ocp/interconnect@48000000/segment@100000/target-module@d8000/mmc@0[0]'
[    0.591948] of_get_named_gpiod_flags: can't parse 'wp-gpio' property of node '/ocp/interconnect@48000000/segment@100000/target-module@d8000/mmc@0[0]'
[    0.591985] sdhci-omap 481d8000.mmc: using lookup tables for GPIO lookup
[    0.591995] sdhci-omap 481d8000.mmc: No GPIO consumer wp found
[    0.592192] sdhci-omap 481d8000.mmc: supply pbias not found, using dummy regulator
[    0.592683] sdhci-omap 481d8000.mmc: supply vqmmc not found, using dummy regulator
[    0.605478] mdio_bus 4a101000.mdio: using DT '/ocp/interconnect@4a000000/segment@0/target-module@100000/switch@0/mdio@1000' for 'reset' GPIO lookup
[    0.605548] of_get_named_gpiod_flags: can't parse 'reset-gpios' property of node '/ocp/interconnect@4a000000/segment@0/target-module@100000/switch@0/mdio@1000[0]'
[    0.605594] of_get_named_gpiod_flags: can't parse 'reset-gpio' property of node '/ocp/interconnect@4a000000/segment@0/target-module@100000/switch@0/mdio@1000[0]'
[    0.605641] mdio_bus 4a101000.mdio: using lookup tables for GPIO lookup
[    0.605650] mdio_bus 4a101000.mdio: No GPIO consumer reset found
[    0.656938] davinci_mdio 4a101000.mdio: davinci mdio revision 1.6, bus freq 1000000
[    0.682047] mdio_bus 4a101000.mdio:00: using DT '/ocp/interconnect@4a000000/segment@0/target-module@100000/switch@0/mdio@1000/ethernet-phy@0' for 'reset' GPIO lookup
[    0.682144] of_get_named_gpiod_flags: parsed 'reset-gpios' property of node '/ocp/interconnect@4a000000/segment@0/target-module@100000/switch@0/mdio@1000/ethernet-phy@0[0]' - status (0)
[    0.682306] gpio gpiochip0: Persistence not supported for GPIO 8
[    0.821471] davinci_mdio 4a101000.mdio: phy[0]: device 4a101000.mdio:00, driver SMSC LAN8710/LAN8720
[    0.822253] cpsw-switch 4a100000.switch: initialized cpsw ale version 1.4
[    0.822275] cpsw-switch 4a100000.switch: ALE Table size 1024, Policers 0
[    0.822433] cpsw-switch 4a100000.switch: cpts: overflow check period 500 (jiffies)
[    0.822448] cpsw-switch 4a100000.switch: CPTS: ref_clk_freq:250000000 calc_mult:2147483648 calc_shift:29 error:0 nsec/sec
[    0.822552] cpsw-switch 4a100000.switch: Detected MACID = 6c:ec:eb:68:de:78
[    0.824426] cpsw-switch 4a100000.switch: initialized (regs 0x4a100000, pool size 256) hw_ver:0019010C 1.12 (0)
[    0.835670] debugfs: '49000000.dma' already exists in 'dmaengine'
[    0.835712] edma 49000000.dma: TI EDMA DMA engine driver
[    0.878393] gpio-clk clk_mcasp0: using DT '/clk_mcasp0' for 'enable' GPIO lookup
[    0.878474] of_get_named_gpiod_flags: parsed 'enable-gpios' property of node '/clk_mcasp0[0]' - status (0)
[    0.878519] gpio gpiochip0: Persistence not supported for GPIO 27
[    0.879286] gpiochip_find_base_unlocked: found new base at 608
[    0.879394] gpio gpiochip3: (gpio-96-127): created GPIO range 0->7 ==> 44e10800.pinmux PIN 82->89
[    0.879416] gpio gpiochip3: (gpio-96-127): created GPIO range 8->11 ==> 44e10800.pinmux PIN 52->55
[    0.879431] gpio gpiochip3: (gpio-96-127): created GPIO range 12->15 ==> 44e10800.pinmux PIN 94->97
[    0.879448] gpio gpiochip3: (gpio-96-127): created GPIO range 16->17 ==> 44e10800.pinmux PIN 71->72
[    0.879464] gpio gpiochip3: (gpio-96-127): created GPIO range 18->18 ==> 44e10800.pinmux PIN 135->135
[    0.879486] gpio gpiochip3: (gpio-96-127): created GPIO range 19->20 ==> 44e10800.pinmux PIN 108->109
[    0.879503] gpio gpiochip3: (gpio-96-127): created GPIO range 21->21 ==> 44e10800.pinmux PIN 73->73
[    0.879520] gpio gpiochip3: (gpio-96-127): created GPIO range 22->23 ==> 44e10800.pinmux PIN 8->9
[    0.879537] gpio gpiochip3: (gpio-96-127): created GPIO range 26->27 ==> 44e10800.pinmux PIN 10->11
[    0.879555] gpio gpiochip3: (gpio-96-127): created GPIO range 28->28 ==> 44e10800.pinmux PIN 74->74
[    0.879572] gpio gpiochip3: (gpio-96-127): created GPIO range 29->29 ==> 44e10800.pinmux PIN 81->81
[    0.879591] gpio gpiochip3: (gpio-96-127): created GPIO range 30->31 ==> 44e10800.pinmux PIN 28->29
[    0.880571] gpio gpiochip3: (gpio-96-127): added GPIO chardev (254:3)
[    0.880787] gpio gpiochip3: registered GPIOs 608 to 639 on gpio-96-127
[    0.882914] omap8250 44e09000.serial: using DT '/ocp/interconnect@44c00000/segment@200000/target-module@9000/serial@0' for 'rs485-term' GPIO lookup
[    0.882986] of_get_named_gpiod_flags: can't parse 'rs485-term-gpios' property of node '/ocp/interconnect@44c00000/segment@200000/target-module@9000/serial@0[0]'
[    0.883028] of_get_named_gpiod_flags: can't parse 'rs485-term-gpio' property of node '/ocp/interconnect@44c00000/segment@200000/target-module@9000/serial@0[0]'
[    0.883064] omap8250 44e09000.serial: using lookup tables for GPIO lookup
[    0.883075] omap8250 44e09000.serial: No GPIO consumer rs485-term found
[    0.883086] omap8250 44e09000.serial: using DT '/ocp/interconnect@44c00000/segment@200000/target-module@9000/serial@0' for 'rs485-rx-during-tx' GPIO lookup
