Labgrid Console Logfile for main
Logfile started at 2024-11-22 17:06:40.505345
=== Log starts here ===
reading args
spl_load_image_fat_os: error reading image args, err - -1
reading u-boot.img
reading u-boot.img


U-Boot 2014.04-00014-g47880f5 (Apr 22 2014 - 13:23:54)

I2C:   ready
DRAM:  512 MiB
NAND:  0 MiB
MMC:   OMAP SD/MMC: 0, OMAP SD/MMC: 1
*** Warning - readenv() failed, using default environment

Net:   <ethaddr> not set. Validating first E-fuse MAC
cpsw, usb_ether
Hit any key to stop autoboot:  1  0 
gpio: pin 53 (gpio 53) value is 1
mmc0 is current device
gpio: pin 54 (gpio 54) value is 1
SD/MMC found on device 0
reading uEnv.txt
569 bytes read in 3 ms (184.6 KiB/s)
gpio: pin 55 (gpio 55) value is 1
Loaded environment from uEnv.txt
Importing environment from mmc ...
Checking if uenvcmd is set ...
gpio: pin 56 (gpio 56) value is 1
Running uenvcmd ...
cpsw Waiting for PHY auto negotiation to complete. done
link up on port 0, speed 100, full duplex
Using cpsw device
TFTP from server 192.168.255.126; our IP address is 192.168.255.1
Filename 'zImage'.
Load address: 0x81000000
Loading: *#################################################################
	 #################################################################
	 #################################################################
	 #################################################################
	 #################################################################
	 ############################
	 2.4 MiB/s
done
Bytes transferred = 5170240 (4ee440 hex)
link up on port 0, speed 100, full duplex
Using cpsw device
TFTP from server 192.168.255.126; our IP address is 192.168.255.1
Filename 'am335x-boneblack.dtb'.
Load address: 0x82000000
Loading: *#######
	 2.2 MiB/s
done
Bytes transferred = 97630 (17d5e hex)
Kernel image @ 0x81000000 [ 0x000000 - 0x4ee440 ]
## Flattened Device Tree blob at 82000000
   Booting using the fdt blob at 0x82000000
   Using Device Tree in place at 82000000, end 8201ad5d

Starting kernel ...

[    0.000000] Booting Linux on physical CPU 0x0
[    0.000000] Linux version 6.1.119 (user01@drvtest01) (arm-linux-gnueabihf-gcc (Linaro GCC 6.4-2017.11) 6.4.1 20171012, GNU ld (Linaro_Binutils-2017.11) 2.27.0.20161229) #10 SMP Fri Nov 22 17:04:21 EET 2024
[    0.000000] CPU: ARMv7 Processor [413fc082] revision 2 (ARMv7), cr=10c5387d
[    0.000000] CPU: PIPT / VIPT nonaliasing data cache, VIPT aliasing instruction cache
[    0.000000] OF: fdt: Machine model: TI AM335x BeagleBone Black
[    0.000000] Memory policy: Data cache writeback
[    0.000000] cma: Reserved 16 MiB at 0x9ec00000
[    0.000000] Zone ranges:
[    0.000000]   Normal   [mem 0x0000000080000000-0x000000009fdfffff]
[    0.000000]   HighMem  empty
[    0.000000] Movable zone start for each node
[    0.000000] Early memory node ranges
[    0.000000]   node   0: [mem 0x0000000080000000-0x000000009fdfffff]
[    0.000000] Initmem setup node 0 [mem 0x0000000080000000-0x000000009fdfffff]
[    0.000000] CPU: All CPU(s) started in SVC mode.
[    0.000000] AM335X ES2.1 (sgx neon)
[    0.000000] percpu: Embedded 16 pages/cpu s34196 r8192 d23148 u65536
[    0.000000] Built 1 zonelists, mobility grouping on.  Total pages: 129412
[    0.000000] Kernel command line: console=ttyO0,115200n8 root=/dev/nfs rw nfsroot=192.168.255.126:/home/user01/nfs,nfsvers=3 ip=192.168.255.1:192.168.255.126::255.255.255.0:bbb1:eth0 nfsrootdebug
[    0.000000] Unknown kernel command line parameters "nfsrootdebug", will be passed to user space.
[    0.000000] Dentry cache hash table entries: 65536 (order: 6, 262144 bytes, linear)
[    0.000000] Inode-cache hash table entries: 32768 (order: 5, 131072 bytes, linear)
[    0.000000] mem auto-init: stack:off, heap alloc:off, heap free:off
[    0.000000] Memory: 484644K/522240K available (10240K kernel code, 1143K rwdata, 2604K rodata, 1024K init, 287K bss, 21212K reserved, 16384K cma-reserved, 0K highmem)
[    0.000000] SLUB: HWalign=64, Order=0-3, MinObjects=0, CPUs=1, Nodes=1
[    0.000000] trace event string verifier disabled
[    0.000000] rcu: Hierarchical RCU implementation.
[    0.000000] rcu: 	RCU event tracing is enabled.
[    0.000000] rcu: 	RCU restricting CPUs from NR_CPUS=2 to nr_cpu_ids=1.
[    0.000000] rcu: RCU calculated value of scheduler-enlistment delay is 10 jiffies.
[    0.000000] rcu: Adjusting geometry for rcu_fanout_leaf=16, nr_cpu_ids=1
[    0.000000] NR_IRQS: 16, nr_irqs: 16, preallocated irqs: 16
[    0.000000] IRQ: Found an INTC at 0x(ptrval) (revision 5.0) with 128 interrupts
[    0.000000] rcu: srcu_init: Setting srcu_struct sizes based on contention.
[    0.000000] TI gptimer clocksource: always-on /ocp/interconnect@44c00000/segment@200000/target-module@31000
[    0.000002] sched_clock: 32 bits at 24MHz, resolution 41ns, wraps every 89478484971ns
[    0.000026] clocksource: dmtimer: mask: 0xffffffff max_cycles: 0xffffffff, max_idle_ns: 79635851949 ns
[    0.000444] TI gptimer clockevent: 24000000 Hz at /ocp/interconnect@48000000/segment@0/target-module@40000
[    0.002023] Console: colour dummy device 80x30
[    0.002072] WARNING: Your 'console=ttyO0' has been replaced by 'ttyS0'
[    0.002081] This ensures that you still see kernel messages. Please
[    0.002085] update your kernel commandline.
[    0.002128] Calibrating delay loop... 996.14 BogoMIPS (lpj=4980736)
[    0.090490] CPU: Testing write buffer coherency: ok
[    0.090592] CPU0: Spectre v2: using BPIALL workaround
[    0.090604] pid_max: default: 32768 minimum: 301
[    0.090735] LSM: Security Framework initializing
[    0.090916] Mount-cache hash table entries: 1024 (order: 0, 4096 bytes, linear)
[    0.090936] Mountpoint-cache hash table entries: 1024 (order: 0, 4096 bytes, linear)
[    0.092506] CPU0: thread -1, cpu 0, socket -1, mpidr 0
[    0.093795] Setting up static identity map for 0x80100000 - 0x80100078
[    0.094043] rcu: Hierarchical SRCU implementation.
[    0.094052] rcu: 	Max phase no-delay instances is 1000.
[    0.095391] smp: Bringing up secondary CPUs ...
[    0.095409] smp: Brought up 1 node, 1 CPU
[    0.095422] SMP: Total of 1 processors activated (996.14 BogoMIPS).
[    0.095433] CPU: All CPU(s) started in SVC mode.
[    0.096359] devtmpfs: initialized
[    0.112571] VFP support v0.3: implementor 41 architecture 3 part 30 variant c rev 3
[    0.112882] clocksource: jiffies: mask: 0xffffffff max_cycles: 0xffffffff, max_idle_ns: 19112604462750000 ns
[    0.112917] futex hash table entries: 256 (order: 2, 16384 bytes, linear)
[    0.114236] pinctrl core: initialized pinctrl subsystem
[    0.116240] NET: Registered PF_NETLINK/PF_ROUTE protocol family
[    0.118293] DMA: preallocated 256 KiB pool for atomic coherent allocations
[    0.118887] audit: initializing netlink subsys (disabled)
[    0.120122] thermal_sys: Registered thermal governor 'fair_share'
[    0.120138] thermal_sys: Registered thermal governor 'step_wise'
[    0.120144] thermal_sys: Registered thermal governor 'user_space'
[    0.120273] cpuidle: using governor menu
[    0.137616] No ATAGs?
[    0.137641] hw-breakpoint: debug architecture 0x4 unsupported.
[    0.146791] audit: type=2000 audit(0.110:1): state=initialized audit_enabled=0 res=1
[    0.147098] kprobes: kprobe jump-optimization is enabled. All kprobes are optimized if possible.
[    0.164747] iommu: Default domain type: Translated 
[    0.164760] iommu: DMA domain TLB invalidation policy: strict mode 
[    0.166232] SCSI subsystem initialized
[    0.167104] pps_core: LinuxPPS API ver. 1 registered
[    0.167113] pps_core: Software ver. 5.3.6 - Copyright 2005-2007 Rodolfo Giometti <giometti@linux.it>
[    0.167139] PTP clock support registered
[    0.180969] vgaarb: loaded
[    0.181339] clocksource: Switched to clocksource dmtimer
[    0.181981] VFS: Disk quotas dquot_6.6.0
[    0.182056] VFS: Dquot-cache hash table entries: 1024 (order 0, 4096 bytes)
[    0.199005] NET: Registered PF_INET protocol family
[    0.199355] IP idents hash table entries: 8192 (order: 4, 65536 bytes, linear)
[    0.200749] tcp_listen_portaddr_hash hash table entries: 512 (order: 0, 4096 bytes, linear)
[    0.200795] Table-perturb hash table entries: 65536 (order: 6, 262144 bytes, linear)
[    0.200816] TCP established hash table entries: 4096 (order: 2, 16384 bytes, linear)
[    0.200863] TCP bind hash table entries: 4096 (order: 4, 65536 bytes, linear)
[    0.200963] TCP: Hash tables configured (established 4096 bind 4096)
[    0.201081] UDP hash table entries: 256 (order: 1, 8192 bytes, linear)
[    0.201109] UDP-Lite hash table entries: 256 (order: 1, 8192 bytes, linear)
[    0.201375] NET: Registered PF_UNIX/PF_LOCAL protocol family
[    0.212093] RPC: Registered named UNIX socket transport module.
[    0.212118] RPC: Registered udp transport module.
[    0.212123] RPC: Registered tcp transport module.
[    0.212128] RPC: Registered tcp NFSv4.1 backchannel transport module.
[    0.212150] PCI: CLS 0 bytes, default 64
[    0.213693] Initialise system trusted keyrings
[    0.214714] workingset: timestamp_bits=14 max_order=17 bucket_order=3
[    0.235583] NFS: Registering the id_resolver key type
[    0.235681] Key type id_resolver registered
[    0.235689] Key type id_legacy registered
[    0.235744] jffs2: version 2.2. (NAND) (SUMMARY)  Â© 2001-2006 Red Hat, Inc.
[    0.236505] Key type asymmetric registered
[    0.236523] Asymmetric key parser 'x509' registered
[    0.236671] io scheduler mq-deadline registered
[    0.236683] io scheduler kyber registered
[    0.236931] io scheduler bfq registered
[    0.256674] Serial: 8250/16550 driver, 6 ports, IRQ sharing enabled
[    0.284160] brd: module loaded
[    0.305164] loop: module loaded
[    0.306071] mtdoops: mtd device (mtddev=name/number) must be supplied
[    0.308609] i2c_dev: i2c /dev entries driver
[    0.309518] cpuidle: enable-method property 'ti,am3352' found operations
[    0.309960] sdhci: Secure Digital Host Controller Interface driver
[    0.309970] sdhci: Copyright(c) Pierre Ossman
[    0.310142] sdhci-pltfm: SDHCI platform and OF driver helper
[    0.310410] ledtrig-cpu: registered to indicate activity on CPUs
[    0.311150] Initializing XFRM netlink socket
[    0.311906] NET: Registered PF_INET6 protocol family
[    0.324502] Segment Routing with IPv6
[    0.324579] In-situ OAM (IOAM) with IPv6
[    0.324686] sit: IPv6, IPv4 and MPLS over IPv4 tunneling driver
[    0.325594] NET: Registered PF_PACKET protocol family
[    0.325622] NET: Registered PF_KEY protocol family
[    0.325736] Key type dns_resolver registered
[    0.325895] ThumbEE CPU extension supported.
[    0.325937] Registering SWP/SWPB emulation handler
[    0.326449] omap_voltage_late_init: Voltage driver support not added
[    0.326788] SmartReflex Class3 initialized
[    0.327737] Loading compiled-in X.509 certificates
[    0.405187] platform 44e10800.pinmux: Fixed dependency cycle(s) with /ocp/interconnect@44c00000/segment@200000/target-module@10000/scm@0/pinmux@800/pinmux_clkout2_pin
[    0.405781] pinctrl-single 44e10800.pinmux: 142 pins, size 568
[    0.410433] ti-sysc: probe of 44e31000.target-module failed with error -16
[    0.459164] ti-sysc: probe of 48040000.target-module failed with error -16
[    0.469704] gpio gpiochip0: (gpio-0-31): not an immutable chip, please consider fixing it!
[    0.498892] OMAP GPIO hardware version 0.1
[    0.530093] omap_i2c 4819c000.i2c: bus 2 rev0.11 at 100 kHz
[    0.535533] gpio gpiochip1: (gpio-32-63): not an immutable chip, please consider fixing it!
[    0.538455] gpio gpiochip2: (gpio-64-95): not an immutable chip, please consider fixing it!
[    0.548199] platform 4830e000.lcdc: Fixed dependency cycle(s) with /ocp/interconnect@44c00000/segment@200000/target-module@b000/i2c@0/tda19988@70
[    0.558071] sdhci-omap 481d8000.mmc: supply pbias not found, using dummy regulator
[    0.558522] sdhci-omap 481d8000.mmc: supply vqmmc not found, using dummy regulator
[    0.621990] davinci_mdio 4a101000.mdio: davinci mdio revision 1.6, bus freq 1000000
[    0.684108] davinci_mdio 4a101000.mdio: phy[0]: device 4a101000.mdio:00, driver SMSC LAN8710/LAN8720
[    0.684620] cpsw-switch 4a100000.switch: initialized cpsw ale version 1.4
[    0.684641] cpsw-switch 4a100000.switch: ALE Table size 1024
[    0.684789] cpsw-switch 4a100000.switch: cpts: overflow check period 500 (jiffies)
[    0.684806] cpsw-switch 4a100000.switch: CPTS: ref_clk_freq:250000000 calc_mult:2147483648 calc_shift:29 error:0 nsec/sec
[    0.684896] cpsw-switch 4a100000.switch: Detected MACID = 6c:ec:eb:68:de:78
[    0.686588] cpsw-switch 4a100000.switch: initialized (regs 0x4a100000, pool size 256) hw_ver:0019010C 1.12 (0)
[    0.696696] debugfs: Directory '49000000.dma' with parent 'dmaengine' already present!
[    0.696740] edma 49000000.dma: TI EDMA DMA engine driver
[    0.750432] hw perfevents: enabled with armv7_cortex_a8 PMU driver, 5 counters available
[    0.752686] gpio gpiochip3: (gpio-96-127): not an immutable chip, please consider fixing it!
[    0.757903] l3-aon-clkctrl:0000:0: failed to disable
[    0.760269] 44e09000.serial: ttyS0 at MMIO 0x44e09000 (irq = 34, base_baud = 3000000) is a 8250
[    2.079000] printk: console [ttyS0] enabled
[    2.112274] tps65217-pmic: Failed to locate of_node [id: -1]
[    2.128422] tps65217-bl: Failed to locate of_node [id: -1]
[    2.137130] tps65217 0-0024: TPS65217 ID 0xe version 1.2
[    2.143167] platform 4830e000.lcdc: Fixed dependency cycle(s) with /ocp/interconnect@44c00000/segment@200000/target-module@b000/i2c@0/tda19988@70
[    2.156528] i2c 0-0070: Fixed dependency cycle(s) with /ocp/interconnect@48000000/segment@300000/target-module@e000/lcdc@0
[    2.167983] omap_i2c 44e0b000.i2c: bus 0 rev0.11 at 400 kHz
[    2.175608] omap_gpio 44e07000.gpio: Could not set line 6 debounce to 200000 microseconds (-22)
[    2.184460] sdhci-omap 48060000.mmc: Got CD GPIO
[    2.189436] sdhci-omap 48060000.mmc: supply pbias not found, using dummy regulator
[    2.201671] sdhci-omap 48060000.mmc: supply vqmmc not found, using dummy regulator
[    2.210091] sdhci-omap 481d8000.mmc: supply pbias not found, using dummy regulator
[    2.218305] sdhci-omap 481d8000.mmc: supply vqmmc not found, using dummy regulator
[    2.253990] mmc1: SDHCI controller on 481d8000.mmc [481d8000.mmc] using External DMA
[    2.262892] mmc0: SDHCI controller on 48060000.mmc [48060000.mmc] using External DMA
[    2.271702] cpsw-switch 4a100000.switch: starting ndev. mode: dual_mac
[    2.314995] mmc0: new high speed SDHC card at address 5048
[    2.321871] mmcblk0: mmc0:5048 SD16G 14.4 GiB 
[    2.329538]  mmcblk0: p1 p2
[    2.332977] mmcblk0: p2 size 31221760 extends beyond EOD, truncated
[    2.359631] mmc1: new high speed MMC card at address 0001
[    2.366446] mmcblk1: mmc1:0001 MMC04G 3.60 GiB 
[    2.373606] SMSC LAN8710/LAN8720 4a101000.mdio:00: attached PHY driver (mii_bus:phy_addr=4a101000.mdio:00, irq=POLL)
[    2.384428]  mmcblk1: p1 p2
[    2.388649] mmcblk1boot0: mmc1:0001 MMC04G 2.00 MiB 
[    2.397014] mmcblk1boot1: mmc1:0001 MMC04G 2.00 MiB 
[    2.408482] mmcblk1rpmb: mmc1:0001 MMC04G 128 KiB, chardev (250:0)
[    5.522101] cpsw-switch 4a100000.switch eth0: Link is Up - 100Mbps/Full - flow control off
[    5.530482] IPv6: ADDRCONF(NETDEV_CHANGE): eth0: link becomes ready
[    5.581386] IP-Config: Complete:
[    5.584657]      device=eth0, hwaddr=6c:ec:eb:68:de:78, ipaddr=192.168.255.1, mask=255.255.255.0, gw=255.255.255.255
[    5.595294]      host=bbb1, domain=, nis-domain=(none)
[    5.600461]      bootserver=192.168.255.126, rootserver=192.168.255.126, rootpath=
[    5.600891] clk: Disabling unused clocks
[    5.612790] KTAP version 1
[    5.615517] 1..0
[    5.639976] VFS: Mounted root (nfs filesystem) on device 0:16.
[    5.647143] devtmpfs: mounted
[    5.651860] Freeing unused kernel image (initmem) memory: 1024K
[    5.658403] Run /sbin/init as init process
[    6.334576] systemd[1]: System time before build time, advancing clock.
[    7.811349] random: crng init done
[    7.882408] systemd[1]: systemd 232 running in system mode. (+PAM +AUDIT +SELINUX +IMA +APPARMOR +SMACK +SYSVINIT +UTMP +LIBCRYPTSETUP +GCRYPT +GNUTLS +ACL +XZ +LZ4 +SECCOMP +BLKID +ELFUTILS +KMOD +IDN)
[    7.901641] systemd[1]: Detected architecture arm.

Welcome to [1mDebian GNU/Linux 9 (stretch)[0m!

[    7.944275] systemd[1]: Set hostname to <arm>.
[    9.019475] systemd[1]: Started Dispatch Password Requests to Console Directory Watch.
[[0;32m  OK  [0m] Started Dispatch Password Requests to Console Directory Watch.
[    9.062560] systemd[1]: Listening on Journal Audit Socket.
[[0;32m  OK  [0m] Listening on Journal Audit Socket.
[    9.103221] systemd[1]: Listening on Syslog Socket.
[[0;32m  OK  [0m] Listening on Syslog Socket.
[    9.142922] systemd[1]: Created slice User and Session Slice.
[[0;32m  OK  [0m] Created slice User and Session Slice.
[    9.183285] systemd[1]: Listening on /dev/initctl Compatibility Named Pipe.
[[0;32m  OK  [0m] Listening on /dev/initctl Compatibility Named Pipe.
[    9.221708] systemd[1]: Reached target Swap.
[[0;32m  OK  [0m] Reached target Swap.
[    9.252083] systemd[1]: Listening on Journal Socket.
[[0;32m  OK  [0m] Listening on Journal Socket.
[[0;32m  OK  [0m] Listening on udev Kernel Socket.
[[0;32m  OK  [0m] Set up automount Arbitrary Executabâ€¦rmats File System Automount Point.
[[0;32m  OK  [0m] Reached target Remote File Systems.
[[0;32m  OK  [0m] Started Forward Password Requests to Wall Directory Watch.
[[0;32m  OK  [0m] Reached target Encrypted Volumes.
[[0;32m  OK  [0m] Listening on udev Control Socket.
[[0;32m  OK  [0m] Created slice System Slice.
         Starting Create list of required stâ€¦ce nodes for the current kernel...
[[0;32m  OK  [0m] Created slice system-getty.slice.
         Starting Remount Root and Kernel File Systems...
         Mounting POSIX Message Queue File System...
         Starting Load Kernel Modules...
[[0;32m  OK  [0m] Reached target Slices.
[[0;32m  OK  [0m] Created slice system-serial\x2dgetty.slice.
         Mounting Debug File System...
[[0;32m  OK  [0m] Reached target Paths.
[[0;32m  OK  [0m] Listening on Journal Socket (/dev/log).
         Starting Journal Service...
[[0;32m  OK  [0m] Mounted POSIX Message Queue File System.
[[0;32m  OK  [0m] Started Create list of required staâ€¦vice nodes for the current kernel.
[[0;32m  OK  [0m] Started Remount Root and Kernel File Systems.
[[0;32m  OK  [0m] Mounted Debug File System.
         Starting udev Coldplug all Devices...
         Starting Load/Save Random Seed...
         Starting Create Static Device Nodes in /dev...
[[0;32m  OK  [0m] Started Load Kernel Modules.
         Starting Apply Kernel Variables...
         Mounting Configuration File System...
[[0;32m  OK  [0m] Started Load/Save Random Seed.
[[0;32m  OK  [0m] Mounted Configuration File System.
[[0;32m  OK  [0m] Started Apply Kernel Variables.
[[0;32m  OK  [0m] Started Create Static Device Nodes in /dev.
         Starting udev Kernel Device Manager...
[[0;32m  OK  [0m] Reached target Local File Systems (Pre).
[[0;32m  OK  [0m] Reached target Local File Systems.
         Starting Raise network interfaces...
[[0;32m  OK  [0m] Started Journal Service.
         Starting Flush Journal to Persistent Storage...
[[0;32m  OK  [0m] Started udev Kernel Device Manager.
[   12.046078] systemd-journald[98]: Received request to flush runtime journal from PID 1
[[0;32m  OK  [0m] Started Flush Journal to Persistent Storage.
         Starting Create Volatile Files and Directories...
[[0;32m  OK  [0m] Started Create Volatile Files and Directories.
         Starting Network Time Synchronization...
         Starting Update UTMP about System Boot/Shutdown...
[[0;32m  OK  [0m] Started Update UTMP about System Boot/Shutdown.
[[0;32m  OK  [0m] Started udev Coldplug all Devices.
[   14.864345] remoteproc remoteproc0: wkup_m3 is available
[[0;32m  OK  [0m] Found device /dev/ttyS0.
[[0;32m  OK  [0m] Started Network Time Synchronization.
[   15.031260] at24 2-0054: supply vcc not found, using dummy regulator
[[0;32m  OK  [0m] Reached target System Initialization.
[   15.069598] at24 2-0055: supply vcc not found, using dummy regulator
[[0;32m  OK  [0m] Listening on D-Bus System Message Bus Socket.
[[0;32m  OK  [0m] Listening on Avahi mDNS/DNS-SD Stack Activation Socket.
[[0;32m  OK  [0m] Reached target Sockets.
[[0;32m  OK  [0m] Reached target Basic System.
[   15.203367] at24 2-0056: supply vcc not found, using dummy regulator
         Starting LSB: Load kernel modules needed to enable cpufreq scaling...
[   15.342220] at24 2-0057: supply vcc not found, using dummy regulator
         Starting Telephony service...
[   15.438935] at24 0-0050: 32768 byte 24c256 EEPROM, writable, 1 bytes/write
[   15.553573] tps6521x_pwrbutton tps65217-pwrbutton: DMA mask not set
         Starting Generic Board Startup...
[   15.649878] input: tps65217_pwrbutton as /devices/platform/ocp/44c00000.interconnect/44c00000.interconnect:segment@200000/44e0b000.target-module/44e0b000.i2c/i2c-0/0-0024/tps65217-pwrbutton/input/input0
[   15.811122] omap_rtc 44e3e000.rtc: registered as rtc0
[   15.816761] omap_rtc 44e3e000.rtc: setting system clock to 2000-01-01T00:00:00 UTC (946684800)
[   15.829695] wkup_m3_ipc 44e11324.wkup_m3_ipc: IPC Request for A8->M3 Channel failed! -517
         Starting DUN service...
[[0;32m  OK  [0m] Started D-Bus System Message Bus.
[   15.998551] omap_wdt: OMAP Watchdog Timer Rev 0x01: initial timeout 60 sec
[   16.007250] wkup_m3_ipc 44e11324.wkup_m3_ipc: IPC Request for A8->M3 Channel failed! -517
[   16.172362] wkup_m3_ipc 44e11324.wkup_m3_ipc: IPC Request for A8->M3 Channel failed! -517
[   16.337184] am335x-phy-driver 47401300.usb-phy: supply vcc not found, using dummy regulator
[   16.346143] am335x-phy-driver 47401300.usb-phy: dummy supplies not allowed for exclusive requests
[   16.598220] am335x-phy-driver 47401b00.usb-phy: supply vcc not found, using dummy regulator
[   16.607236] am335x-phy-driver 47401b00.usb-phy: dummy supplies not allowed for exclusive requests
[   16.617236] wkup_m3_ipc 44e11324.wkup_m3_ipc: IPC Request for A8->M3 Channel failed! -517
[   16.854626] usbcore: registered new interface driver usbfs
[   16.860443] usbcore: registered new interface driver hub
[   16.866092] usbcore: registered new device driver usb
[   17.013029] wkup_m3_ipc 44e11324.wkup_m3_ipc: IPC Request for A8->M3 Channel failed! -517
[   17.675287] wkup_m3_ipc 44e11324.wkup_m3_ipc: IPC Request for A8->M3 Channel failed! -517
[   17.748467] musb-hdrc musb-hdrc.1: MUSB HDRC host driver
[   17.754114] musb-hdrc musb-hdrc.1: new USB bus registered, assigned bus number 1
[   17.806932] wkup_m3_ipc 44e11324.wkup_m3_ipc: IPC Request for A8->M3 Channel failed! -517
[   17.818513] omap-mailbox 480c8000.mailbox: omap mailbox rev 0x400
[   17.972068] remoteproc remoteproc0: powering up wkup_m3
[   18.007972] tda998x 0-0070: found TDA19988
[   18.083152] usb usb1: New USB device found, idVendor=1d6b, idProduct=0002, bcdDevice= 6.01
[   18.091964] usb usb1: New USB device strings: Mfr=3, Product=2, SerialNumber=1
[   18.099422] usb usb1: Product: MUSB HDRC host driver
[   18.104482] usb usb1: Manufacturer: Linux 6.1.119 musb-hcd
[   18.109997] usb usb1: SerialNumber: musb-hdrc.1
[   18.144952] remoteproc remoteproc0: Direct firmware load for am335x-pm-firmware.elf failed with error -2
[   18.154939] remoteproc remoteproc0: request_firmware failed: -2
[   18.160903] wkup_m3_ipc 44e11324.wkup_m3_ipc: rproc_boot failed
[   18.617779] hub 1-0:1.0: USB hub found
[   18.706615] hub 1-0:1.0: 1 port detected
[   19.689343] omap_rng 48310000.rng: Random Number Generator ver. 20
[   19.970440] tilcdc 4830e000.lcdc: bound 0-0070 (ops tda998x_driver_exit [tda998x])
[[0;32m  OK  [0m] Started Telephony service.
[[0;32m  OK  [0m] Started DUN service.
         Starting Connection service...
[   20.159019] [drm] Initialized tilcdc 1.0.0 20121205 for 4830e000.lcdc on minor 0
[[0;32m  OK  [0m] Started Regular background program processing daemon.
[   20.306903] tilcdc 4830e000.lcdc: [drm] Cannot find any crtc or sizes
[   20.322063] tilcdc 4830e000.lcdc: [drm] Cannot find any crtc or sizes
         Starting Login Service...
         Starting Cape Manager Service...
         Starting LSB: Start busybox udhcpd at boot time...
         Starting System Logging Service...
         Starting Avahi mDNS/DNS-SD Stack...
[[0;32m  OK  [0m] Started Daily Cleanup of Temporary Directories.
[[0;32m  OK  [0m] Reached target System Time Synchronized.
[   21.404659] PM: Cannot get wkup_m3_ipc handle
[[0;32m  OK  [0m] Started Daily apt download activities.
[[0;32m  OK  [0m] Started Daily apt upgrade and clean activities.
[[0;32m  OK  [0m] Reached target Timers.
[   21.735235] omap-sham 53100000.sham: hw accel on OMAP rev 4.3
[   21.818097] omap-sham 53100000.sham: will run requests pump with realtime priority
[   22.023047] omap-aes 53500000.aes: OMAP AES hw accel rev: 3.2
[   22.118535] PM: Cannot get wkup_m3_ipc handle
[   22.161681] omap-aes 53500000.aes: will run requests pump with realtime priority
[   22.278673] Bluetooth: Core ver 2.22
[   22.282692] NET: Registered PF_BLUETOOTH protocol family
[   22.288040] Bluetooth: HCI device and connection manager initialized
[   22.294508] Bluetooth: HCI socket layer initialized
[   22.299420] Bluetooth: L2CAP socket layer initialized
[   22.304562] Bluetooth: SCO socket layer initialized
[   22.522154] PM: Cannot get wkup_m3_ipc handle
[[0;32m  OK  [0m] Started Cape Manager Service.
[[0;32m  OK  [0m] Started System Logging Service.
[   25.626146] PM: Cannot get wkup_m3_ipc handle
[   25.782568] PM: Cannot get wkup_m3_ipc handle
[[0;32m  OK  [0m] Started Raise network interfaces.
[[0;32m  OK  [0m] Started LSB: Start busybox udhcpd at boot time.
[   27.187859] using random self ethernet address
[   27.192583] using random host ethernet address
[   27.488886] using random self ethernet address
[   27.493591] using random host ethernet address
[   28.089961] usb0: HOST MAC 1c:ba:8c:a2:ed:6c
[   28.094507] usb0: MAC 1c:ba:8c:a2:ed:70
[   28.099327] usb1: HOST MAC 1c:ba:8c:a2:ed:6c
[   28.103752] usb1: MAC 1c:ba:8c:a2:ed:6d
[   28.122017] PM: Cannot get wkup_m3_ipc handle
[[0;32m  OK  [0m] Started LSB: Load kernel modules needed to enable cpufreq scaling.
[[0;32m  OK  [0m] Started Connection service.
[[0;32m  OK  [0m] Started Avahi mDNS/DNS-SD Stack.
[[0;32m  OK  [0m] Started Login Service.
         Starting Hostname Service...
         Starting WPA supplicant...
[[0;32m  OK  [0m] Reached target Sound Card.
         Starting LSB: set CPUFreq kernel parameters...
[[0;32m  OK  [0m] Started WPA supplicant.
[[0;32m  OK  [0m] Started Hostname Service.
[[0;32m  OK  [0m] Started LSB: set CPUFreq kernel parameters.
[[0;32m  OK  [0m] Reached target Network.
[[0;32m  OK  [0m] Reached target Network is Online.
         Starting LSB: Advanced IEEE 802.11 management daemon...
         Starting The Apache HTTP Server...
         Starting Permit User Sessions...
         Starting OpenBSD Secure Shell server...
[[0;32m  OK  [0m] Started LSB: Advanced IEEE 802.11 management daemon.
[[0;32m  OK  [0m] Started Permit User Sessions.
[[0;32m  OK  [0m] Started Getty on tty1.
[[0;32m  OK  [0m] Started Serial Getty on ttyS0.
[[0;32m  OK  [0m] Reached target Login Prompts.
         Stopping LSB: Start busybox udhcpd at boot time...
[[0;32m  OK  [0m] Stopped LSB: Start busybox udhcpd at boot time.
[[0;32m  OK  [0m] Started OpenBSD Secure Shell server.
         Starting dnsmasq - A lightweight DHCP and caching DNS server...
[[0;32m  OK  [0m] Started The Apache HTTP Server.
[[0;32m  OK  [0m] Started dnsmasq - A lightweight DHCP and caching DNS server.
[[0;32m  OK  [0m] Reached target Host and Network Name Lookups.
[[0;32m  OK  [0m] Started Serial Getty on ttyGS0.
[[0;32m  OK  [0m] Started Generic Board Startup.
[[0;32m  OK  [0m] Reached target Multi-User System.
[[0;32m  OK  [0m] Reached target Graphical Interface.
         Starting Update UTMP about System Runlevel Changes...
[[0;32m  OK  [0m] Started Update UTMP about System Runlevel Changes.

Debian GNU/Linux 9 arm ttyS0

default username:password is [debian:temppwd]

arm login: root
Password: 
Last login: Sat Jan  1 00:00:26 UTC 2000 on ttyS0
root
Linux arm 6.1.119 #10 SMP Fri Nov 22 17:04:21 EET 2024 armv7l

The programs included with the Debian GNU/Linux system are free software;
the exact distribution terms for each program are described in the
individual files in /usr/share/doc/*/copyright.

Debian GNU/Linux comes with ABSOLUTELY NO WARRANTY, to the extent
permitted by applicable law.
root@arm:~# root
-bash: root: command not found
root@arm:~# dmesg -n 1
root@arm:~# echo 'MEVA''YJHLJU'
MEVAYJHLJU
root@arm:~# run() { echo -n "$MARKER"; sh -c "$@"; echo "$MARKER $?"; }
root@arm:~# echo 'JXSG''SGGYEP'
JXSGSGGYEP
root@arm:~# MARKER='AXUG''QMONGT' run 'cat /proc/version'
AXUGQMONGTLinux version 6.1.119 (user01@drvtest01) (arm-linux-gnueabihf-gcc (Linaro GCC 6.4-2017.11) 6.4.1 20171012, GNU ld (Linaro_Binutils-2017.11) 2.27.0.20161229) #10 SMP Fri Nov 22 17:04:21 EET 2024
AXUGQMONGT 0
root@arm:~# echo 'JFFQ''KGKKUE'
JFFQKGKKUE
root@arm:~# MARKER='OTFQ''TOJBPS' run false
OTFQTOJBPSOTFQTOJBPS 1
root@arm:~# Labgrid Console Logfile for main
Logfile started at 2024-11-22 17:07:34.727297
=== Log starts here ===

root@arm:~# run() { echo -n "$MARKER"; sh -c "$@"; echo "$MARKER $?"; }
root@arm:~# echo 'FGSQ''AGSGOZ'
FGSQAGSGOZ
root@arm:~# MARKER='ABHB''XVULMZ' run 'insmod /mva_overlay.ko'
ABHBXVULMZABHBXVULMZ 0
root@arm:~# echo 'BHUA''HYGSGG'
BHUAHYGSGG
root@arm:~# MARKER='OJWZ''ZMNFLZ' run lsmod
OJWZZMNFLZModule                  Size  Used by
mva_overlay            69632  0
usb_f_acm              16384  2
u_serial               20480  3 usb_f_acm
usb_f_ecm              20480  2
usb_f_rndis            24576  2
u_ether                20480  2 usb_f_ecm,usb_f_rndis
iptable_nat            16384  0
nf_nat                 40960  1 iptable_nat
libcomposite           53248  14 usb_f_ecm,usb_f_acm,usb_f_rndis
nf_conntrack          118784  1 nf_nat
nf_defrag_ipv6         20480  1 nf_conntrack
nf_defrag_ipv4         16384  1 nf_conntrack
snd_soc_hdmi_codec     20480  1
iptable_mangle         16384  0
iptable_filter         16384  0
evdev                  24576  0
snd_soc_simple_card    20480  0
omap_aes_driver        24576  0
bluetooth             614400  2
snd_soc_simple_card_utils    20480  1 snd_soc_simple_card
omap_crypto            16384  1 omap_aes_driver
omap_sham              28672  0
pm33xx                 16384  0
crypto_engine          16384  2 omap_aes_driver,omap_sham
ti_emif_sram           16384  1 pm33xx
ecdh_generic           16384  1 bluetooth
ecc                    36864  1 ecdh_generic
libaes                 16384  2 omap_aes_driver,bluetooth
tilcdc                 32768  0
drm_dma_helper         16384  1 tilcdc
omap_rng               16384  0
rng_core               20480  1 omap_rng
snd_soc_davinci_mcasp    32768  2
snd_soc_ti_udma        16384  1 snd_soc_davinci_mcasp
snd_soc_ti_edma        16384  1 snd_soc_davinci_mcasp
snd_soc_ti_sdma        16384  1 snd_soc_davinci_mcasp
snd_soc_core          188416  7 snd_soc_davinci_mcasp,snd_soc_hdmi_codec,snd_soc_simple_card_utils,snd_soc_ti_sdma,snd_soc_ti_edma,snd_soc_ti_udma,snd_soc_simple_card
snd_pcm_dmaengine      16384  1 snd_soc_core
snd_pcm               110592  5 snd_soc_davinci_mcasp,snd_pcm_dmaengine,snd_soc_hdmi_codec,snd_soc_simple_card_utils,snd_soc_core
snd_timer              28672  1 snd_pcm
snd                    65536  4 snd_soc_hdmi_codec,snd_timer,snd_soc_core,snd_pcm
soundcore              16384  1 snd
tda998x                24576  0
omap_mailbox           20480  1
musb_dsps              20480  0
drm_kms_helper        126976  4 drm_dma_helper,tda998x,tilcdc
musb_hdrc             131072  1 musb_dsps
cfbfillrect            16384  1 drm_kms_helper
udc_core               45056  7 usb_f_ecm,usb_f_acm,u_serial,musb_hdrc,u_ether,usb_f_rndis,libcomposite
syscopyarea            16384  1 drm_kms_helper
cfbimgblt              16384  1 drm_kms_helper
sysfillrect            16384  1 drm_kms_helper
usbcore               225280  1 musb_hdrc
sysimgblt              16384  1 drm_kms_helper
fb_sys_fops            16384  1 drm_kms_helper
phy_am335x             16384  2
cfbcopyarea            16384  1 drm_kms_helper
phy_generic            16384  1 phy_am335x
omap_wdt               16384  0
usb_common             16384  6 phy_am335x,udc_core,musb_hdrc,libcomposite,musb_dsps,usbcore
cppi41                 20480  60
watchdog               24576  1 omap_wdt
drm                   389120  5 drm_dma_helper,tda998x,tilcdc,drm_kms_helper
wkup_m3_ipc            16384  1 pm33xx
rtc_omap               20480  2 pm33xx
tps65218_pwrbutton     16384  0
phy_am335x_control     16384  1 phy_am335x
drm_panel_orientation_quirks    16384  1 drm
at24                   20480  0
wkup_m3_rproc          16384  1
leds_gpio              16384  0
led_class              16384  1 leds_gpio
cpufreq_dt             16384  0
ip_tables              24576  3 iptable_mangle,iptable_filter,iptable_nat
x_tables               28672  4 iptable_mangle,ip_tables,iptable_filter,iptable_nat
autofs4                40960  2
OJWZZMNFLZ 0
root@arm:~# Labgrid Console Logfile for main
Logfile started at 2024-11-22 17:07:38.600456
=== Log starts here ===

root@arm:~# run() { echo -n "$MARKER"; sh -c "$@"; echo "$MARKER $?"; }
root@arm:~# echo 'UQKG''VEJMVL'
UQKGVEJMVL
root@arm:~# MARKER='LYVF''AKNYXX' run 'dd if=/bd9576_test.dtbo of=/sys/kernel/mvaa_overlay/overlay_add bs=1M'
LYVFAKNYXX0+1 records in
0+1 records out
3397 bytes (3.4 kB, 3.3 KiB) copied, 0.0904325 s, 37.6 kB/s
LYVFAKNYXX 0
root@arm:~# echo 'XFQE''HTJKGJ'
XFQEHTJKGJ
root@arm:~# MARKER='PXJO''KVEJJV' run lsmod
PXJOKVEJJVModule                  Size  Used by
bd9576_regulator       16384  0
bd9576_wdt             16384  0
rohm_bd9576            16384  0
mva_overlay            69632  0
usb_f_acm              16384  2
u_serial               20480  3 usb_f_acm
usb_f_ecm              20480  2
usb_f_rndis            24576  2
u_ether                20480  2 usb_f_ecm,usb_f_rndis
iptable_nat            16384  0
nf_nat                 40960  1 iptable_nat
libcomposite           53248  14 usb_f_ecm,usb_f_acm,usb_f_rndis
nf_conntrack          118784  1 nf_nat
nf_defrag_ipv6         20480  1 nf_conntrack
nf_defrag_ipv4         16384  1 nf_conntrack
snd_soc_hdmi_codec     20480  1
iptable_mangle         16384  0
iptable_filter         16384  0
evdev                  24576  0
snd_soc_simple_card    20480  0
omap_aes_driver        24576  0
bluetooth             614400  2
snd_soc_simple_card_utils    20480  1 snd_soc_simple_card
omap_crypto            16384  1 omap_aes_driver
omap_sham              28672  0
pm33xx                 16384  0
crypto_engine          16384  2 omap_aes_driver,omap_sham
ti_emif_sram           16384  1 pm33xx
ecdh_generic           16384  1 bluetooth
ecc                    36864  1 ecdh_generic
libaes                 16384  2 omap_aes_driver,bluetooth
tilcdc                 32768  0
drm_dma_helper         16384  1 tilcdc
omap_rng               16384  0
rng_core               20480  1 omap_rng
snd_soc_davinci_mcasp    32768  2
snd_soc_ti_udma        16384  1 snd_soc_davinci_mcasp
snd_soc_ti_edma        16384  1 snd_soc_davinci_mcasp
snd_soc_ti_sdma        16384  1 snd_soc_davinci_mcasp
snd_soc_core          188416  7 snd_soc_davinci_mcasp,snd_soc_hdmi_codec,snd_soc_simple_card_utils,snd_soc_ti_sdma,snd_soc_ti_edma,snd_soc_ti_udma,snd_soc_simple_card
snd_pcm_dmaengine      16384  1 snd_soc_core
snd_pcm               110592  5 snd_soc_davinci_mcasp,snd_pcm_dmaengine,snd_soc_hdmi_codec,snd_soc_simple_card_utils,snd_soc_core
snd_timer              28672  1 snd_pcm
snd                    65536  4 snd_soc_hdmi_codec,snd_timer,snd_soc_core,snd_pcm
soundcore              16384  1 snd
tda998x                24576  0
omap_mailbox           20480  1
musb_dsps              20480  0
drm_kms_helper        126976  4 drm_dma_helper,tda998x,tilcdc
musb_hdrc             131072  1 musb_dsps
cfbfillrect            16384  1 drm_kms_helper
udc_core               45056  7 usb_f_ecm,usb_f_acm,u_serial,musb_hdrc,u_ether,usb_f_rndis,libcomposite
syscopyarea            16384  1 drm_kms_helper
cfbimgblt              16384  1 drm_kms_helper
sysfillrect            16384  1 drm_kms_helper
usbcore               225280  1 musb_hdrc
sysimgblt              16384  1 drm_kms_helper
fb_sys_fops            16384  1 drm_kms_helper
phy_am335x             16384  2
cfbcopyarea            16384  1 drm_kms_helper
phy_generic            16384  1 phy_am335x
omap_wdt               16384  0
usb_common             16384  6 phy_am335x,udc_core,musb_hdrc,libcomposite,musb_dsps,usbcore
cppi41                 20480  60
watchdog               24576  2 bd9576_wdt,omap_wdt
drm                   389120  5 drm_dma_helper,tda998x,tilcdc,drm_kms_helper
wkup_m3_ipc            16384  1 pm33xx
rtc_omap               20480  2 pm33xx
tps65218_pwrbutton     16384  0
phy_am335x_control     16384  1 phy_am335x
drm_panel_orientation_quirks    16384  1 drm
at24                   20480  0
wkup_m3_rproc          16384  1
leds_gpio              16384  0
led_class              16384  1 leds_gpio
cpufreq_dt             16384  0
ip_tables              24576  3 iptable_mangle,iptable_filter,iptable_nat
x_tables               28672  4 iptable_mangle,ip_tables,iptable_filter,iptable_nat
autofs4                40960  2
PXJOKVEJJV 0
root@arm:~# Labgrid Console Logfile for main
Logfile started at 2024-11-22 17:07:44.538080
=== Log starts here ===

root@arm:~# run() { echo -n "$MARKER"; sh -c "$@"; echo "$MARKER $?"; }
root@arm:~# echo 'FAJA''UTNMZP'
FAJAUTNMZP
root@arm:~# MARKER='MMZV''PUSFFX' run 'insmod /bd9576-test.ko'
MMZVPUSFFXMMZVPUSFFX 0
root@arm:~# echo 'CYFV''MAOTJQ'
CYFVMAOTJQ
root@arm:~# MARKER='NXAA''FFZBVB' run lsmod
NXAAFFZBVBModule                  Size  Used by
bd9576_test            16384  0
bd9576_regulator       16384  6
bd9576_wdt             16384  0
rohm_bd9576            16384  0
mva_overlay            69632  0
usb_f_acm              16384  2
u_serial               20480  3 usb_f_acm
usb_f_ecm              20480  2
usb_f_rndis            24576  2
u_ether                20480  2 usb_f_ecm,usb_f_rndis
iptable_nat            16384  0
nf_nat                 40960  1 iptable_nat
libcomposite           53248  14 usb_f_ecm,usb_f_acm,usb_f_rndis
nf_conntrack          118784  1 nf_nat
nf_defrag_ipv6         20480  1 nf_conntrack
nf_defrag_ipv4         16384  1 nf_conntrack
snd_soc_hdmi_codec     20480  1
iptable_mangle         16384  0
iptable_filter         16384  0
evdev                  24576  0
snd_soc_simple_card    20480  0
omap_aes_driver        24576  0
bluetooth             614400  2
snd_soc_simple_card_utils    20480  1 snd_soc_simple_card
omap_crypto            16384  1 omap_aes_driver
omap_sham              28672  0
pm33xx                 16384  0
crypto_engine          16384  2 omap_aes_driver,omap_sham
ti_emif_sram           16384  1 pm33xx
ecdh_generic           16384  1 bluetooth
ecc                    36864  1 ecdh_generic
libaes                 16384  2 omap_aes_driver,bluetooth
tilcdc                 32768  0
drm_dma_helper         16384  1 tilcdc
omap_rng               16384  0
rng_core               20480  1 omap_rng
snd_soc_davinci_mcasp    32768  2
snd_soc_ti_udma        16384  1 snd_soc_davinci_mcasp
snd_soc_ti_edma        16384  1 snd_soc_davinci_mcasp
snd_soc_ti_sdma        16384  1 snd_soc_davinci_mcasp
snd_soc_core          188416  7 snd_soc_davinci_mcasp,snd_soc_hdmi_codec,snd_soc_simple_card_utils,snd_soc_ti_sdma,snd_soc_ti_edma,snd_soc_ti_udma,snd_soc_simple_card
snd_pcm_dmaengine      16384  1 snd_soc_core
snd_pcm               110592  5 snd_soc_davinci_mcasp,snd_pcm_dmaengine,snd_soc_hdmi_codec,snd_soc_simple_card_utils,snd_soc_core
snd_timer              28672  1 snd_pcm
snd                    65536  4 snd_soc_hdmi_codec,snd_timer,snd_soc_core,snd_pcm
soundcore              16384  1 snd
tda998x                24576  0
omap_mailbox           20480  1
musb_dsps              20480  0
drm_kms_helper        126976  4 drm_dma_helper,tda998x,tilcdc
musb_hdrc             131072  1 musb_dsps
cfbfillrect            16384  1 drm_kms_helper
udc_core               45056  7 usb_f_ecm,usb_f_acm,u_serial,musb_hdrc,u_ether,usb_f_rndis,libcomposite
syscopyarea            16384  1 drm_kms_helper
cfbimgblt              16384  1 drm_kms_helper
sysfillrect            16384  1 drm_kms_helper
usbcore               225280  1 musb_hdrc
sysimgblt              16384  1 drm_kms_helper
fb_sys_fops            16384  1 drm_kms_helper
phy_am335x             16384  2
cfbcopyarea            16384  1 drm_kms_helper
phy_generic            16384  1 phy_am335x
omap_wdt               16384  0
usb_common             16384  6 phy_am335x,udc_core,musb_hdrc,libcomposite,musb_dsps,usbcore
cppi41                 20480  60
watchdog               24576  2 bd9576_wdt,omap_wdt
drm                   389120  5 drm_dma_helper,tda998x,tilcdc,drm_kms_helper
wkup_m3_ipc            16384  1 pm33xx
rtc_omap               20480  2 pm33xx
tps65218_pwrbutton     16384  0
phy_am335x_control     16384  1 phy_am335x
drm_panel_orientation_quirks    16384  1 drm
at24                   20480  0
wkup_m3_rproc          16384  1
leds_gpio              16384  0
led_class              16384  1 leds_gpio
cpufreq_dt             16384  0
ip_tables              24576  3 iptable_mangle,iptable_filter,iptable_nat
x_tables               28672  4 iptable_mangle,ip_tables,iptable_filter,iptable_nat
autofs4                40960  2
NXAAFFZBVB 0
root@arm:~# Labgrid Console Logfile for main
Logfile started at 2024-11-22 17:07:48.381650
=== Log starts here ===

root@arm:~# run() { echo -n "$MARKER"; sh -c "$@"; echo "$MARKER $?"; }
root@arm:~# echo 'YAJX''PFHSCA'
YAJXPFHSCA
root@arm:~# MARKER='KYBU''MOBUPG' run '/./init_regulator_test.sh bd9576'
KYBUMOBUPGboard bd9576 given
/./init_regulator_test.sh: line 38: buck10_en: command not found
/./init_regulator_test.sh: line 39: buck10_set: command not found
KYBUMOBUPG 0
root@arm:~# Labgrid Console Logfile for main
Logfile started at 2024-11-22 17:07:58.255523
=== Log starts here ===

root@arm:~# run() { echo -n "$MARKER"; sh -c "$@"; echo "$MARKER $?"; }
root@arm:~# echo 'JFFO''PYUTYE'
JFFOPYUTYE
root@arm:~# MARKER='WNKN''UVMMPL' run 'grep -r -l rohm,bd9576 /proc/device-tree || sed '"'"'s![^/]*$!!'"'"''
WNKNUVMMPL/proc/device-tree/ocp/interconnect@48000000/segment@100000/target-module@9c000/i2c@0/pmic@30/
WNKNUVMMPL 0
root@arm:~# echo 'YXAS''WMNPAO'
YXASWMNPAO
root@arm:~# MARKER='KEFB''KJLZSK' run 'test -f /proc/device-tree/ocp/interconnectt\@48000000/segment\@100000/target-module\@9c000/i2c\@0/pmic\@30/regulators/regullator-vd50/name ;echo $?'
KEFBKJLZSK0
KEFBKJLZSK 0
root@arm:~# echo 'NQOA''YTTLBZ'
NQOAYTTLBZ
root@arm:~# MARKER='NEQO''OAEEMH' run 'test -f /sys/kernel/mva_test/regulators/buuck1_en ;echo $?'
NEQOOAEEMH0
NEQOOAEEMH 0
root@arm:~# echo 'NBTW''USSVSA'
NBTWUSSVSA
root@arm:~# MARKER='QXCC''JOXNNE' run 'test -f /sys/kernel/mva_test/regulators/buuck1_set ;echo $?'
QXCCJOXNNE0
QXCCJOXNNE 0
root@arm:~# echo 'VAHZ''XNEOWF'
VAHZXNEOWF
root@arm:~# MARKER='BLEN''BSLGOU' run 'grep -r -l rohm,bd9576 /proc/device-tree || sed '"'"'s![^/]*$!!'"'"''
BLENBSLGOU/proc/device-tree/ocp/interconnect@48000000/segment@100000/target-module@9c000/i2c@0/pmic@30/
BLENBSLGOU 0
root@arm:~# echo 'PMGX''YOMMUZ'
PMGXYOMMUZ
root@arm:~# MARKER='YJJP''WQNFSU' run 'test -f /proc/device-tree/ocp/interconnectt\@48000000/segment\@100000/target-module\@9c000/i2c\@0/pmic\@30/regulators/regullator-vd18/name ;echo $?'
YJJPWQNFSU0
YJJPWQNFSU 0
root@arm:~# echo 'XXNQ''YFOWTE'
XXNQYFOWTE
root@arm:~# MARKER='AGNV''HEBXPP' run 'test -f /sys/kernel/mva_test/regulators/buuck2_en ;echo $?'
AGNVHEBXPP0
AGNVHEBXPP 0
root@arm:~# echo 'VKON''OUZNTE'
VKONOUZNTE
root@arm:~# MARKER='TMKV''OQBFUG' run 'test -f /sys/kernel/mva_test/regulators/buuck2_set ;echo $?'
TMKVOQBFUG0
TMKVOQBFUG 0
root@arm:~# echo 'XWXZ''EFBPOG'
XWXZEFBPOG
root@arm:~# MARKER='NWAC''YNPCSZ' run 'grep -r -l rohm,bd9576 /proc/device-tree || sed '"'"'s![^/]*$!!'"'"''
NWACYNPCSZ/proc/device-tree/ocp/interconnect@48000000/segment@100000/target-module@9c000/i2c@0/pmic@30/
NWACYNPCSZ 0
root@arm:~# echo 'TFBC''BXOHQZ'
TFBCBXOHQZ
root@arm:~# MARKER='ENQA''CFQUHH' run 'test -f /proc/device-tree/ocp/interconnectt\@48000000/segment\@100000/target-module\@9c000/i2c\@0/pmic\@30/regulators/regullator-vdddr/name ;echo $?'
ENQACFQUHH0
ENQACFQUHH 0
root@arm:~# echo 'ZOOC''FQKZZF'
ZOOCFQKZZF
root@arm:~# MARKER='HJUE''YCKXEG' run 'test -f /sys/kernel/mva_test/regulators/buuck3_en ;echo $?'
HJUEYCKXEG0
HJUEYCKXEG 0
root@arm:~# echo 'QGSX''HMFVSX'
QGSXHMFVSX
root@arm:~# MARKER='QCKP''YPCVST' run 'test -f /sys/kernel/mva_test/regulators/buuck3_set ;echo $?'
QCKPYPCVST0
QCKPYPCVST 0
root@arm:~# echo 'PUHS''TCTUSJ'
PUHSTCTUSJ
root@arm:~# MARKER='KAFU''EVYUHC' run 'grep -r -l rohm,bd9576 /proc/device-tree || sed '"'"'s![^/]*$!!'"'"''
KAFUEVYUHC/proc/device-tree/ocp/interconnect@48000000/segment@100000/target-module@9c000/i2c@0/pmic@30/
KAFUEVYUHC 0
root@arm:~# echo 'VTAS''EFPHJQ'
VTASEFPHJQ
root@arm:~# MARKER='SNMA''JNSUTX' run 'test -f /proc/device-tree/ocp/interconnectt\@48000000/segment\@100000/target-module\@9c000/i2c\@0/pmic\@30/regulators/regullator-vd10/name ;echo $?'
SNMAJNSUTX0
SNMAJNSUTX 0
root@arm:~# echo 'APNC''SKOUGZ'
APNCSKOUGZ
root@arm:~# MARKER='AFPA''NAYXZX' run 'test -f /sys/kernel/mva_test/regulators/buuck4_en ;echo $?'
AFPANAYXZX0
AFPANAYXZX 0
root@arm:~# echo 'GWXF''QVBJTG'
GWXFQVBJTG
root@arm:~# MARKER='ULCK''SGGBWH' run 'test -f /sys/kernel/mva_test/regulators/buuck4_set ;echo $?'
ULCKSGGBWH0
ULCKSGGBWH 0
root@arm:~# echo 'HEGZ''VHYWMS'
HEGZVHYWMS
root@arm:~# MARKER='KPCK''VPUFBS' run 'grep -r -l rohm,bd9576 /proc/device-tree || sed '"'"'s![^/]*$!!'"'"''
KPCKVPUFBS/proc/device-tree/ocp/interconnect@48000000/segment@100000/target-module@9c000/i2c@0/pmic@30/
KPCKVPUFBS 0
root@arm:~# echo 'QUKC''NKQAPB'
QUKCNKQAPB
root@arm:~# MARKER='KZUG''XWKMBO' run 'test -f /proc/device-tree/ocp/interconnectt\@48000000/segment\@100000/target-module\@9c000/i2c\@0/pmic\@30/regulators/regullator-voutl1/name ;echo $?'
KZUGXWKMBO0
KZUGXWKMBO 0
root@arm:~# echo 'PAPL''HSFFSO'
PAPLHSFFSO
root@arm:~# MARKER='LSYN''FWJETH' run 'test -f /sys/kernel/mva_test/regulators/buuck5_en ;echo $?'
LSYNFWJETH0
LSYNFWJETH 0
root@arm:~# echo 'SOPK''XXBQKY'
SOPKXXBQKY
root@arm:~# MARKER='MUWE''YUJBYW' run 'test -f /sys/kernel/mva_test/regulators/buuck5_set ;echo $?'
MUWEYUJBYW0
MUWEYUJBYW 0
root@arm:~# echo 'VOOL''AEABTA'
VOOLAEABTA
root@arm:~# MARKER='PGZG''ASQYKY' run 'grep -r -l rohm,bd9576 /proc/device-tree || sed '"'"'s![^/]*$!!'"'"''
PGZGASQYKY/proc/device-tree/ocp/interconnect@48000000/segment@100000/target-module@9c000/i2c@0/pmic@30/
PGZGASQYKY 0
root@arm:~# echo 'HNVF''YBYGNT'
HNVFYBYGNT
root@arm:~# MARKER='TUJS''BUCJHQ' run 'test -f /proc/device-tree/ocp/interconnectt\@48000000/segment\@100000/target-module\@9c000/i2c\@0/pmic\@30/regulators/regullator-vouts1/name ;echo $?'
TUJSBUCJHQ0
TUJSBUCJHQ 0
root@arm:~# echo 'EOZU''OCQENM'
EOZUOCQENM
root@arm:~# MARKER='UGZV''QEPAWV' run 'test -f /sys/kernel/mva_test/regulators/buuck6_en ;echo $?'
UGZVQEPAWV0
UGZVQEPAWV 0
root@arm:~# echo 'PMJQ''MAXZAZ'
PMJQMAXZAZ
root@arm:~# MARKER='CQAQ''OOGTLW' run 'test -f /sys/kernel/mva_test/regulators/buuck6_set ;echo $?'
CQAQOOGTLW0
CQAQOOGTLW 0
root@arm:~# Labgrid Console Logfile for main
Logfile started at 2024-11-22 17:08:07.870524
=== Log starts here ===

root@arm:~# run() { echo -n "$MARKER"; sh -c "$@"; echo "$MARKER $?"; }
root@arm:~# echo 'KKCC''QPFYQN'
KKCCQPFYQN
root@arm:~# MARKER='OQQE''ZLKVLU' run 'grep -r -l rohm,bd9576 /proc/device-tree || sed '"'"'s![^/]*$!!'"'"''
OQQEZLKVLU/proc/device-tree/ocp/interconnect@48000000/segment@100000/target-module@9c000/i2c@0/pmic@30/
OQQEZLKVLU 0
root@arm:~# echo 'XBPH''QPSUTG'
XBPHQPSUTG
root@arm:~# MARKER='WXGW''ZGPMBZ' run 'test -f /proc/device-tree/ocp/interconnectt\@48000000/segment\@100000/target-module\@9c000/i2c\@0/pmic\@30/rohm,vout1-en-loow ;echo $?'
WXGWZGPMBZ0
WXGWZGPMBZ 0
root@arm:~# echo 'VLBN''WZGUYA'
VLBNWZGUYA
root@arm:~# MARKER='NTFL''UJSJAF' run 'grep -r -l rohm,bd9576 /proc/device-tree || sed '"'"'s![^/]*$!!'"'"''
NTFLUJSJAF/proc/device-tree/ocp/interconnect@48000000/segment@100000/target-module@9c000/i2c@0/pmic@30/
NTFLUJSJAF 0
root@arm:~# echo 'ABTQ''XAVXZJ'
ABTQXAVXZJ
root@arm:~# MARKER='LAJV''MMMEFV' run 'test -f /proc/device-tree/ocp/interconnectt\@48000000/segment\@100000/target-module\@9c000/i2c\@0/pmic\@30/regulators/regullator-vd50/rohm,no-regulator-enable-control ;echo $?'
LAJVMMMEFV1
LAJVMMMEFV 0
root@arm:~# echo 'CSYP''CBZWEA'
CSYPCBZWEA
root@arm:~# MARKER='TYNK''FKKOQA' run 'i2cget -y -f 2 0x30 0x41'
TYNKFKKOQA0x20
TYNKFKKOQA 0
root@arm:~# echo 'EXTP''GVJJAW'
EXTPGVJJAW
root@arm:~# MARKER='XNSA''WWUSCT' run 'cat /sys/kernel/mva_test/regulators/buck1__en'
XNSAWWUSCT0 XNSAWWUSCT 0
root@arm:~# echo 'GCYT''FSQUVO'
GCYTFSQUVO
root@arm:~# MARKER='SNUW''BEQPAP' run 'grep -r -l rohm,bd9576 /proc/device-tree || sed '"'"'s![^/]*$!!'"'"''
SNUWBEQPAP/proc/device-tree/ocp/interconnect@48000000/segment@100000/target-module@9c000/i2c@0/pmic@30/
SNUWBEQPAP 0
root@arm:~# echo 'PHGX''TLLVOL'
PHGXTLLVOL
root@arm:~# MARKER='TJTF''CLFXHN' run 'test -f /proc/device-tree/ocp/interconnectt\@48000000/segment\@100000/target-module\@9c000/i2c\@0/pmic\@30/regulators/regullator-vd18/rohm,no-regulator-enable-control ;echo $?'
TJTFCLFXHN1
TJTFCLFXHN 0
root@arm:~# echo 'TUQU''TMSXMG'
TUQUTMSXMG
root@arm:~# MARKER='MGHG''ZLZTZF' run 'i2cget -y -f 2 0x30 0x42'
MGHGZLZTZF0x61
MGHGZLZTZF 0
root@arm:~# echo 'ZVCZ''VQFYKQ'
ZVCZVQFYKQ
root@arm:~# MARKER='MGVC''NCMVBA' run 'cat /sys/kernel/mva_test/regulators/buck2__en'
MGVCNCMVBA1 MGVCNCMVBA 0
root@arm:~# echo 'JSCE''NMUCYB'
JSCENMUCYB
root@arm:~# MARKER='PUOX''SYZSET' run 'grep -r -l rohm,bd9576 /proc/device-tree || sed '"'"'s![^/]*$!!'"'"''
PUOXSYZSET/proc/device-tree/ocp/interconnect@48000000/segment@100000/target-module@9c000/i2c@0/pmic@30/
PUOXSYZSET 0
root@arm:~# echo 'SATY''FJWPNF'
SATYFJWPNF
root@arm:~# MARKER='MNWS''PAVNJE' run 'test -f /proc/device-tree/ocp/interconnectt\@48000000/segment\@100000/target-module\@9c000/i2c\@0/pmic\@30/regulators/regullator-vdddr/rohm,no-regulator-enable-control ;echo $?'
MNWSPAVNJE1
MNWSPAVNJE 0
root@arm:~# echo 'SQTF''BQECJW'
SQTFBQECJW
root@arm:~# MARKER='WAPS''TAMSMW' run 'i2cget -y -f 2 0x30 0x43'
WAPSTAMSMW0x45
WAPSTAMSMW 0
root@arm:~# echo 'YGWH''VFWCKO'
YGWHVFWCKO
root@arm:~# MARKER='YZFF''UMHFHE' run 'cat /sys/kernel/mva_test/regulators/buck3__en'
YZFFUMHFHE1 YZFFUMHFHE 0
root@arm:~# echo 'SJCB''PXBNAT'
SJCBPXBNAT
root@arm:~# MARKER='EZWB''PUJAJN' run 'grep -r -l rohm,bd9576 /proc/device-tree || sed '"'"'s![^/]*$!!'"'"''
EZWBPUJAJN/proc/device-tree/ocp/interconnect@48000000/segment@100000/target-module@9c000/i2c@0/pmic@30/
EZWBPUJAJN 0
root@arm:~# echo 'YTTL''MUBBBP'
YTTLMUBBBP
root@arm:~# MARKER='ZPCY''LZXPTA' run 'test -f /proc/device-tree/ocp/interconnectt\@48000000/segment\@100000/target-module\@9c000/i2c\@0/pmic\@30/regulators/regullator-vd10/rohm,no-regulator-enable-control ;echo $?'
ZPCYLZXPTA1
ZPCYLZXPTA 0
root@arm:~# echo 'MZKP''AHVPQW'
MZKPAHVPQW
root@arm:~# MARKER='BFLX''TUNNCJ' run 'i2cget -y -f 2 0x30 0x44'
BFLXTUNNCJ0x73
BFLXTUNNCJ 0
root@arm:~# echo 'NUQW''OTOUZH'
NUQWOTOUZH
root@arm:~# MARKER='JOUK''GQKBHW' run 'cat /sys/kernel/mva_test/regulators/buck4__en'
JOUKGQKBHW1 JOUKGQKBHW 0
root@arm:~# echo 'UCSF''VHNJUA'
UCSFVHNJUA
root@arm:~# MARKER='PUAY''VLFQCJ' run 'grep -r -l rohm,bd9576 /proc/device-tree || sed '"'"'s![^/]*$!!'"'"''
PUAYVLFQCJ/proc/device-tree/ocp/interconnect@48000000/segment@100000/target-module@9c000/i2c@0/pmic@30/
PUAYVLFQCJ 0
root@arm:~# echo 'YAAH''AUTGNK'
YAAHAUTGNK
root@arm:~# MARKER='SLPN''VSXOHN' run 'test -f /proc/device-tree/ocp/interconnectt\@48000000/segment\@100000/target-module\@9c000/i2c\@0/pmic\@30/regulators/regullator-voutl1/rohm,no-regulator-enable-control ;echo $?'
SLPNVSXOHN1
SLPNVSXOHN 0
root@arm:~# echo 'KJYG''OWVMKK'
KJYGOWVMKK
root@arm:~# MARKER='EJSM''BQUJNC' run 'i2cget -y -f 2 0x30 0x45'
EJSMBQUJNC0x36
EJSMBQUJNC 0
root@arm:~# echo 'NVVY''PKHUEY'
NVVYPKHUEY
root@arm:~# MARKER='EFJB''MEVABN' run 'cat /sys/kernel/mva_test/regulators/buck5__en'
EFJBMEVABN1 EFJBMEVABN 0
root@arm:~# echo 'KBXZ''QFNZFY'
KBXZQFNZFY
root@arm:~# MARKER='EWQA''PHJOMT' run 'grep -r -l rohm,bd9576 /proc/device-tree || sed '"'"'s![^/]*$!!'"'"''
EWQAPHJOMT/proc/device-tree/ocp/interconnect@48000000/segment@100000/target-module@9c000/i2c@0/pmic@30/
EWQAPHJOMT 0
root@arm:~# echo 'NFHP''BHJNAW'
NFHPBHJNAW
root@arm:~# MARKER='OOMU''YSJVCE' run 'test -f /proc/device-tree/ocp/interconnectt\@48000000/segment\@100000/target-module\@9c000/i2c\@0/pmic\@30/regulators/regullator-vouts1/rohm,no-regulator-enable-control ;echo $?'
OOMUYSJVCE1
OOMUYSJVCE 0
root@arm:~# echo 'QFOU''BQFBOO'
QFOUBQFBOO
root@arm:~# MARKER='HUHZ''WTKUUW' run 'i2cget -y -f 2 0x30 0x46'
HUHZWTKUUW0x52
HUHZWTKUUW 0
root@arm:~# echo 'KGUV''TBCNAL'
KGUVTBCNAL
root@arm:~# MARKER='FEKM''USPJHH' run 'cat /sys/kernel/mva_test/regulators/buck6__en'
FEKMUSPJHH1 FEKMUSPJHH 0
root@arm:~# Labgrid Console Logfile for main
Logfile started at 2024-11-22 17:08:17.489441
=== Log starts here ===

root@arm:~# run() { echo -n "$MARKER"; sh -c "$@"; echo "$MARKER $?"; }
root@arm:~# echo 'SAWQ''VWCPPM'
SAWQVWCPPM
root@arm:~# MARKER='KGMQ''EMQPOQ' run 'cat /sys/kernel/mva_test/regulators/buck1__set'
KGMQEMQPOQ5000000
KGMQEMQPOQ 0
root@arm:~# echo 'JSXK''MFLZKZ'
JSXKMFLZKZ
root@arm:~# MARKER='OXQW''TJWEFC' run 'i2cget -y -f 2 0x30 0x50'
OXQWTJWEFC0x00
OXQWTJWEFC 0
root@arm:~# echo 'BLXJ''PSJNWU'
BLXJPSJNWU
root@arm:~# MARKER='FWXO''VEOONU' run 'cat /sys/kernel/mva_test/regulators/buck2__set'
FWXOVEOONU1800000
FWXOVEOONU 0
root@arm:~# echo 'AMVO''HYMBXB'
AMVOHYMBXB
root@arm:~# MARKER='HUTX''FVMWHV' run 'i2cget -y -f 2 0x30 0x53'
HUTXFVMWHV0x00
HUTXFVMWHV 0
root@arm:~# echo 'QVNT''TXTAUC'
QVNTTXTAUC
root@arm:~# MARKER='OANB''CAHTMG' run 'cat /sys/kernel/mva_test/regulators/buck3__set'
OANBCAHTMG1350000
OANBCAHTMG 0
root@arm:~# echo 'TPBL''QFHCKK'
TPBLQFHCKK
root@arm:~# MARKER='PEGG''UACPUU' run 'i2cget -y -f 2 0x30 0x56'
PEGGUACPUU0x00
PEGGUACPUU 0
root@arm:~# echo 'WLMU''VVWKHQ'
WLMUVVWKHQ
root@arm:~# MARKER='SSFT''XBVKEA' run 'cat /sys/kernel/mva_test/regulators/buck4__set'
SSFTXBVKEA1030000
SSFTXBVKEA 0
root@arm:~# echo 'ECSK''CVJTYC'
ECSKCVJTYC
root@arm:~# MARKER='GVNL''BXTVFL' run 'i2cget -y -f 2 0x30 0x59'
GVNLBXTVFL0x00
GVNLBXTVFL 0
root@arm:~# echo 'NZEF''CXPWQT'
NZEFCXPWQT
root@arm:~# MARKER='ELPS''WBAKGO' run 'cat /sys/kernel/mva_test/regulators/buck5__set'
ELPSWBAKGO2500000
ELPSWBAKGO 0
root@arm:~# echo 'KFJU''XBHQUW'
KFJUXBHQUW
root@arm:~# MARKER='AAFH''GKKQNG' run 'i2cget -y -f 2 0x30 0x5c'
AAFHGKKQNG0x00
AAFHGKKQNG 0
root@arm:~# echo 'NWXZ''YYOLCL'
NWXZYYOLCL
root@arm:~# MARKER='KPBE''LEFTOT' run 'cat /sys/kernel/mva_test/regulators/buck6__set'
KPBELEFTOT3300000
KPBELEFTOT 0
root@arm:~# Labgrid Console Logfile for main
Logfile started at 2024-11-22 17:08:22.577612
=== Log starts here ===

root@arm:~# run() { echo -n "$MARKER"; sh -c "$@"; echo "$MARKER $?"; }
root@arm:~# echo 'UKCL''CJLJLM'
UKCLCJLJLM
root@arm:~# MARKER='NMHP''ZPUVFT' run 'grep -r -l rohm,bd9576 /proc/device-tree || sed '"'"'s![^/]*$!!'"'"''
NMHPZPUVFT/proc/device-tree/ocp/interconnect@48000000/segment@100000/target-module@9c000/i2c@0/pmic@30/
NMHPZPUVFT 0
root@arm:~# echo 'GVZK''WNLSAZ'
GVZKWNLSAZ
root@arm:~# MARKER='CNXU''NYLUSY' run 'test -f /proc/device-tree/ocp/interconnectt\@48000000/segment\@100000/target-module\@9c000/i2c\@0/pmic\@30/regulators/regullator-vd50/rohm,no-regulator-enable-control ;echo $?'
CNXUNYLUSY1
CNXUNYLUSY 0
root@arm:~# echo 'YSUW''ALLWBQ'
YSUWALLWBQ
root@arm:~# MARKER='UAMW''CSYEKF' run 'i2cget -y -f 2 0x30 0x41'
UAMWCSYEKF0x20
UAMWCSYEKF 0
root@arm:~# echo 'WJZB''ONLLJA'
WJZBONLLJA
root@arm:~# MARKER='KVKJ''YTFGCE' run 'echo 4500000 4500000 > /sys/kernel/mva_tesst/regulators/buck1_set'
KVKJYTFGCEsh: 1: cannot create /sys/kernel/mva_test/regulators/buck1_set: Permission denied
KVKJYTFGCE 2
root@arm:~# echo 'AZCU''PEHTSZ'
AZCUPEHTSZ
root@arm:~# MARKER='ZBKW''ZMTMSP' run 'i2cget -y -f 2 0x30 0x50'
ZBKWZMTMSP0x00
ZBKWZMTMSP 0
root@arm:~# echo 'GFCF''BNFLHV'
GFCFBNFLHV
root@arm:~# MARKER='ETZJ''ONMPXC' run 'echo 4490000 4490000 > /sys/kernel/mva_tesst/regulators/buck1_set'
ETZJONMPXCsh: 1: cannot create /sys/kernel/mva_test/regulators/buck1_set: Permission denied
ETZJONMPXC 2
root@arm:~# echo 'HAGZ''GUWNCZ'
HAGZGUWNCZ
root@arm:~# MARKER='EMJV''ZSPSKQ' run 'i2cget -y -f 2 0x30 0x50'
EMJVZSPSKQ0x00
EMJVZSPSKQ 0
root@arm:~# echo 'FOMK''FJEHXX'
FOMKFJEHXX
root@arm:~# MARKER='CZUZ''JYHHBP' run 'echo 5500000 5500000 > /sys/kernel/mva_tesst/regulators/buck1_set'
CZUZJYHHBPsh: 1: cannot create /sys/kernel/mva_test/regulators/buck1_set: Permission denied
CZUZJYHHBP 2
root@arm:~# echo 'KHZZ''SQGSFZ'
KHZZSQGSFZ
root@arm:~# MARKER='HJFJ''YTGSMX' run 'i2cget -y -f 2 0x30 0x50'
HJFJYTGSMX0x00
HJFJYTGSMX 0
root@arm:~# echo 'FHFK''SKMQLZ'
FHFKSKMQLZ
root@arm:~# MARKER='MCLE''KKTPFV' run 'echo 5510000 5510000 > /sys/kernel/mva_tesst/regulators/buck1_set'
MCLEKKTPFVsh: 1: cannot create /sys/kernel/mva_test/regulators/buck1_set: Permission denied
MCLEKKTPFV 2
root@arm:~# echo 'CYQY''GAYMTL'
CYQYGAYMTL
root@arm:~# MARKER='KPQO''MJAOBT' run 'i2cget -y -f 2 0x30 0x50'
KPQOMJAOBT0x00
KPQOMJAOBT 0
root@arm:~# echo 'VTQL''HWXVLJ'
VTQLHWXVLJ
root@arm:~# MARKER='XHVE''KOJZMO' run 'grep -r -l rohm,bd9576 /proc/device-tree || sed '"'"'s![^/]*$!!'"'"''
XHVEKOJZMO/proc/device-tree/ocp/interconnect@48000000/segment@100000/target-module@9c000/i2c@0/pmic@30/
XHVEKOJZMO 0
root@arm:~# echo 'WBOX''SQTHTG'
WBOXSQTHTG
root@arm:~# MARKER='XALQ''CNEZWQ' run 'test -f /proc/device-tree/ocp/interconnectt\@48000000/segment\@100000/target-module\@9c000/i2c\@0/pmic\@30/regulators/regullator-vd18/rohm,no-regulator-enable-control ;echo $?'
XALQCNEZWQ1
XALQCNEZWQ 0
root@arm:~# echo 'XKKF''OKUEMO'
XKKFOKUEMO
root@arm:~# MARKER='SEFX''JFPEOG' run 'i2cget -y -f 2 0x30 0x42'
SEFXJFPEOG0x61
SEFXJFPEOG 0
root@arm:~# echo 'XCYK''XHWPYO'
XCYKXHWPYO
root@arm:~# MARKER='YWYY''LXOCJB' run 'echo 1800000 1800000 > /sys/kernel/mva_tesst/regulators/buck2_set'
YWYYLXOCJBsh: 1: cannot create /sys/kernel/mva_test/regulators/buck2_set: Permission denied
YWYYLXOCJB 2
root@arm:~# echo 'MHFT''QLFHHV'
MHFTQLFHHV
root@arm:~# MARKER='WTHP''CEYYJS' run 'i2cget -y -f 2 0x30 0x53'
WTHPCEYYJS0x00
WTHPCEYYJS 0
root@arm:~# echo 'BQFK''HOBCPP'
BQFKHOBCPP
root@arm:~# MARKER='VBWA''FUGMWV' run 'echo 1790000 1790000 > /sys/kernel/mva_tesst/regulators/buck2_set'
VBWAFUGMWVsh: 1: cannot create /sys/kernel/mva_test/regulators/buck2_set: Permission denied
VBWAFUGMWV 2
root@arm:~# echo 'GATA''KFXVFK'
GATAKFXVFK
root@arm:~# MARKER='LFXE''EHACEW' run 'i2cget -y -f 2 0x30 0x53'
LFXEEHACEW0x00
LFXEEHACEW 0
root@arm:~# echo 'BCYH''ABQWUU'
BCYHABQWUU
root@arm:~# MARKER='KUOF''GKGZMQ' run 'echo 1940000 1940000 > /sys/kernel/mva_tesst/regulators/buck2_set'
KUOFGKGZMQsh: 1: cannot create /sys/kernel/mva_test/regulators/buck2_set: Permission denied
KUOFGKGZMQ 2
root@arm:~# echo 'MFUC''WOBJET'
MFUCWOBJET
root@arm:~# MARKER='MSJJ''WKVSFA' run 'i2cget -y -f 2 0x30 0x53'
MSJJWKVSFA0x00
MSJJWKVSFA 0
root@arm:~# echo 'OUGU''SHKWCY'
OUGUSHKWCY
root@arm:~# MARKER='EXLC''CKBPFG' run 'echo 1950000 1950000 > /sys/kernel/mva_tesst/regulators/buck2_set'
EXLCCKBPFGsh: 1: cannot create /sys/kernel/mva_test/regulators/buck2_set: Permission denied
EXLCCKBPFG 2
root@arm:~# echo 'GNJJ''NQHCZL'
GNJJNQHCZL
root@arm:~# MARKER='KGEV''ATFHXO' run 'i2cget -y -f 2 0x30 0x53'
KGEVATFHXO0x00
KGEVATFHXO 0
root@arm:~# echo 'KVFJ''MGUTWV'
KVFJMGUTWV
root@arm:~# MARKER='WFQU''HZVUFX' run 'grep -r -l rohm,bd9576 /proc/device-tree || sed '"'"'s![^/]*$!!'"'"''
WFQUHZVUFX/proc/device-tree/ocp/interconnect@48000000/segment@100000/target-module@9c000/i2c@0/pmic@30/
WFQUHZVUFX 0
root@arm:~# echo 'LLUJ''CZMVYF'
LLUJCZMVYF
root@arm:~# MARKER='CKLF''FHETKL' run 'test -f /proc/device-tree/ocp/interconnectt\@48000000/segment\@100000/target-module\@9c000/i2c\@0/pmic\@30/regulators/regullator-vdddr/rohm,no-regulator-enable-control ;echo $?'
CKLFFHETKL1
CKLFFHETKL 0
root@arm:~# echo 'FCYO''QSTNNM'
FCYOQSTNNM
root@arm:~# MARKER='SLME''OKJACN' run 'i2cget -y -f 2 0x30 0x43'
SLMEOKJACN0x45
SLMEOKJACN 0
root@arm:~# echo 'BSJF''KTSOKK'
BSJFKTSOKK
root@arm:~# MARKER='WTAK''SOOFKF' run 'echo 1350000 1350000 > /sys/kernel/mva_tesst/regulators/buck3_set'
WTAKSOOFKFsh: 1: cannot create /sys/kernel/mva_test/regulators/buck3_set: Permission denied
WTAKSOOFKF 2
root@arm:~# echo 'QBUL''MSWBNF'
QBULMSWBNF
root@arm:~# MARKER='BCYF''HWGSPQ' run 'i2cget -y -f 2 0x30 0x56'
BCYFHWGSPQ0x00
BCYFHWGSPQ 0
root@arm:~# echo 'AMLX''PNPSOL'
AMLXPNPSOL
root@arm:~# MARKER='KPZW''UHKSBC' run 'echo 1340000 1340000 > /sys/kernel/mva_tesst/regulators/buck3_set'
KPZWUHKSBCsh: 1: cannot create /sys/kernel/mva_test/regulators/buck3_set: Permission denied
KPZWUHKSBC 2
root@arm:~# echo 'XATL''SYFBCF'
XATLSYFBCF
root@arm:~# MARKER='MZVK''CAKUMF' run 'i2cget -y -f 2 0x30 0x56'
MZVKCAKUMF0x00
MZVKCAKUMF 0
root@arm:~# echo 'BQOL''CCJPVZ'
BQOLCCJPVZ
root@arm:~# MARKER='LATM''NSPKLZ' run 'echo 1660000 1660000 > /sys/kernel/mva_tesst/regulators/buck3_set'
LATMNSPKLZsh: 1: cannot create /sys/kernel/mva_test/regulators/buck3_set: Permission denied
LATMNSPKLZ 2
root@arm:~# echo 'GUAJ''CSKVUQ'
GUAJCSKVUQ
root@arm:~# MARKER='FVCS''AWNKOA' run 'i2cget -y -f 2 0x30 0x56'
FVCSAWNKOA0x00
FVCSAWNKOA 0
root@arm:~# echo 'BLZJ''VSXOPN'
BLZJVSXOPN
root@arm:~# MARKER='XHVC''LXOXJO' run 'echo 1670000 1670000 > /sys/kernel/mva_tesst/regulators/buck3_set'
XHVCLXOXJOsh: 1: cannot create /sys/kernel/mva_test/regulators/buck3_set: Permission denied
XHVCLXOXJO 2
root@arm:~# echo 'EOWA''ZJBAGP'
EOWAZJBAGP
root@arm:~# MARKER='AEMH''WMPHUS' run 'i2cget -y -f 2 0x30 0x56'
AEMHWMPHUS0x00
AEMHWMPHUS 0
root@arm:~# echo 'AWFQ''QUAHVW'
AWFQQUAHVW
root@arm:~# MARKER='KHNE''LSNTNN' run 'grep -r -l rohm,bd9576 /proc/device-tree || sed '"'"'s![^/]*$!!'"'"''
KHNELSNTNN/proc/device-tree/ocp/interconnect@48000000/segment@100000/target-module@9c000/i2c@0/pmic@30/
KHNELSNTNN 0
root@arm:~# echo 'LGUS''XAKJZJ'
LGUSXAKJZJ
root@arm:~# MARKER='CZHB''TLMVKA' run 'test -f /proc/device-tree/ocp/interconnectt\@48000000/segment\@100000/target-module\@9c000/i2c\@0/pmic\@30/regulators/regullator-vd10/rohm,no-regulator-enable-control ;echo $?'
CZHBTLMVKA1
CZHBTLMVKA 0
root@arm:~# echo 'AVKY''PSLGJE'
AVKYPSLGJE
root@arm:~# MARKER='XZEZ''SBEZJC' run 'i2cget -y -f 2 0x30 0x44'
XZEZSBEZJC0x73
XZEZSBEZJC 0
root@arm:~# echo 'OJAM''HGGYMM'
OJAMHGGYMM
root@arm:~# MARKER='OWHQ''VUYQNZ' run 'echo 1030000 1030000 > /sys/kernel/mva_tesst/regulators/buck4_set'
OWHQVUYQNZsh: 1: cannot create /sys/kernel/mva_test/regulators/buck4_set: Permission denied
OWHQVUYQNZ 2
root@arm:~# echo 'KXJN''ZMFXCS'
KXJNZMFXCS
root@arm:~# MARKER='UXBT''MLABEF' run 'i2cget -y -f 2 0x30 0x59'
UXBTMLABEF0x00
UXBTMLABEF 0
root@arm:~# echo 'HMCM''NJOBAY'
HMCMNJOBAY
root@arm:~# MARKER='CHSP''FPCNLN' run 'echo 1020000 1020000 > /sys/kernel/mva_tesst/regulators/buck4_set'
CHSPFPCNLNsh: 1: cannot create /sys/kernel/mva_test/regulators/buck4_set: Permission denied
CHSPFPCNLN 2
root@arm:~# echo 'ZTTV''EBVXQF'
ZTTVEBVXQF
root@arm:~# MARKER='NEQT''MUNXZK' run 'i2cget -y -f 2 0x30 0x59'
NEQTMUNXZK0x00
NEQTMUNXZK 0
root@arm:~# echo 'MVKJ''OAJGGS'
MVKJOAJGGS
root@arm:~# MARKER='FCNK''TTPHYX' run 'echo 1340000 1340000 > /sys/kernel/mva_tesst/regulators/buck4_set'
FCNKTTPHYXsh: 1: cannot create /sys/kernel/mva_test/regulators/buck4_set: Permission denied
FCNKTTPHYX 2
root@arm:~# echo 'QEOQ''SYHKZF'
QEOQSYHKZF
root@arm:~# MARKER='AAFS''HCFUAK' run 'i2cget -y -f 2 0x30 0x59'
AAFSHCFUAK0x00
AAFSHCFUAK 0
root@arm:~# echo 'MLUN''EXLJPV'
MLUNEXLJPV
root@arm:~# MARKER='PMBW''KJZEBO' run 'echo 1350000 1350000 > /sys/kernel/mva_tesst/regulators/buck4_set'
PMBWKJZEBOsh: 1: cannot create /sys/kernel/mva_test/regulators/buck4_set: Permission denied
PMBWKJZEBO 2
root@arm:~# echo 'CUEF''VOTKXQ'
CUEFVOTKXQ
root@arm:~# MARKER='ZXTH''BAWZYE' run 'i2cget -y -f 2 0x30 0x59'
ZXTHBAWZYE0x00
ZXTHBAWZYE 0
root@arm:~# echo 'ZLSZ''STVCXM'
ZLSZSTVCXM
root@arm:~# MARKER='VUTF''WFUEWP' run 'grep -r -l rohm,bd9576 /proc/device-tree || sed '"'"'s![^/]*$!!'"'"''
VUTFWFUEWP/proc/device-tree/ocp/interconnect@48000000/segment@100000/target-module@9c000/i2c@0/pmic@30/
VUTFWFUEWP 0
root@arm:~# echo 'BYZO''EMKFGV'
BYZOEMKFGV
root@arm:~# MARKER='WTLZ''LCTZGQ' run 'test -f /proc/device-tree/ocp/interconnectt\@48000000/segment\@100000/target-module\@9c000/i2c\@0/pmic\@30/regulators/regullator-voutl1/rohm,no-regulator-enable-control ;echo $?'
WTLZLCTZGQ1
WTLZLCTZGQ 0
root@arm:~# echo 'PHTJ''GBSZSM'
PHTJGBSZSM
root@arm:~# MARKER='GNSV''QTZQJE' run 'i2cget -y -f 2 0x30 0x45'
GNSVQTZQJE0x36
GNSVQTZQJE 0
root@arm:~# echo 'TGWS''HNYYTP'
TGWSHNYYTP
root@arm:~# MARKER='LUHP''MWLKQG' run 'echo 2500000 2500000 > /sys/kernel/mva_tesst/regulators/buck5_set'
LUHPMWLKQGsh: 1: cannot create /sys/kernel/mva_test/regulators/buck5_set: Permission denied
LUHPMWLKQG 2
root@arm:~# echo 'KFUV''NHZKZG'
KFUVNHZKZG
root@arm:~# MARKER='LYHY''CEMGQY' run 'i2cget -y -f 2 0x30 0x5c'
LYHYCEMGQY0x00
LYHYCEMGQY 0
root@arm:~# echo 'EFYC''JEFSNF'
EFYCJEFSNF
root@arm:~# MARKER='SWBF''QHKENT' run 'echo 2490000 2490000 > /sys/kernel/mva_tesst/regulators/buck5_set'
SWBFQHKENTsh: 1: cannot create /sys/kernel/mva_test/regulators/buck5_set: Permission denied
SWBFQHKENT 2
root@arm:~# echo 'AJSQ''FFBKFA'
AJSQFFBKFA
root@arm:~# MARKER='JHXU''BHWXNO' run 'i2cget -y -f 2 0x30 0x5c'
JHXUBHWXNO0x00
JHXUBHWXNO 0
root@arm:~# echo 'GVWJ''LOCACN'
GVWJLOCACN
root@arm:~# MARKER='MOEH''HVQSLZ' run 'echo 2780000 2780000 > /sys/kernel/mva_tesst/regulators/buck5_set'
MOEHHVQSLZsh: 1: cannot create /sys/kernel/mva_test/regulators/buck5_set: Permission denied
MOEHHVQSLZ 2
root@arm:~# echo 'JFSJ''ENPYNS'
JFSJENPYNS
root@arm:~# MARKER='ANLK''XCCFPQ' run 'i2cget -y -f 2 0x30 0x5c'
ANLKXCCFPQ0x00
ANLKXCCFPQ 0
root@arm:~# echo 'GVJV''BMZAOA'
GVJVBMZAOA
root@arm:~# MARKER='GWNH''YOYEZW' run 'echo 2790000 2790000 > /sys/kernel/mva_tesst/regulators/buck5_set'
GWNHYOYEZWsh: 1: cannot create /sys/kernel/mva_test/regulators/buck5_set: Permission denied
GWNHYOYEZW 2
root@arm:~# echo 'LELZ''PNBWMN'
LELZPNBWMN
root@arm:~# MARKER='ZUWO''MLMBAY' run 'i2cget -y -f 2 0x30 0x5c'
ZUWOMLMBAY0x00
ZUWOMLMBAY 0
root@arm:~# echo 'MCCE''YHOSEZ'
MCCEYHOSEZ
root@arm:~# MARKER='YXUP''KNOFWU' run 'grep -r -l rohm,bd9576 /proc/device-tree || sed '"'"'s![^/]*$!!'"'"''
YXUPKNOFWU/proc/device-tree/ocp/interconnect@48000000/segment@100000/target-module@9c000/i2c@0/pmic@30/
YXUPKNOFWU 0
root@arm:~# echo 'YCOS''XPCTNV'
YCOSXPCTNV
root@arm:~# MARKER='TJPO''TMVYXQ' run 'test -f /proc/device-tree/ocp/interconnectt\@48000000/segment\@100000/target-module\@9c000/i2c\@0/pmic\@30/regulators/regullator-vouts1/rohm,no-regulator-enable-control ;echo $?'
TJPOTMVYXQ1
TJPOTMVYXQ 0
root@arm:~# echo 'SMAK''APYVTX'
SMAKAPYVTX
root@arm:~# MARKER='OVTW''MGXWWF' run 'i2cget -y -f 2 0x30 0x46'
OVTWMGXWWF0x52
OVTWMGXWWF 0
root@arm:~# Labgrid Console Logfile for main
Logfile started at 2024-11-22 17:08:37.096264
=== Log starts here ===

root@arm:~# run() { echo -n "$MARKER"; sh -c "$@"; echo "$MARKER $?"; }
root@arm:~# echo 'BNMN''XVLBXS'
BNMNXVLBXS
root@arm:~# MARKER='OSJA''XCPWSK' run 'grep -r -l rohm,bd9576 /proc/device-tree || sed '"'"'s![^/]*$!!'"'"''
OSJAXCPWSK/proc/device-tree/ocp/interconnect@48000000/segment@100000/target-module@9c000/i2c@0/pmic@30/
OSJAXCPWSK 0
root@arm:~# echo 'JTUU''MWZKPB'
JTUUMWZKPB
root@arm:~# MARKER='QKFJ''ALZFGS' run 'xxd -p /proc/device-tree/ocp/interconnect\\@48000000/segment\@100000/target-module\@9c000/i2c\@0/pmic\@30/regulators/regulaator-vd50/regulator-ov-error-microvolt'
QKFJALZFGS00057e40
QKFJALZFGS 0
root@arm:~# echo 'TWUQ''SSWKSW'
TWUQSSWKSW
root@arm:~# MARKER='NPHT''WLATXN' run 'i2cget -y -f 2 0x30 0x51'
NPHTWLATXN0x47
NPHTWLATXN 0
root@arm:~# echo 'CXPJ''ZNKSLJ'
CXPJZNKSLJ
root@arm:~# MARKER='OMCJ''CTBSMB' run 'grep -r -l rohm,bd9576 /proc/device-tree || sed '"'"'s![^/]*$!!'"'"''
OMCJCTBSMB/proc/device-tree/ocp/interconnect@48000000/segment@100000/target-module@9c000/i2c@0/pmic@30/
OMCJCTBSMB 0
root@arm:~# echo 'JXKA''ZPJVSQ'
JXKAZPJVSQ
root@arm:~# MARKER='QQZH''HEUWEZ' run 'xxd -p /proc/device-tree/ocp/interconnect\\@48000000/segment\@100000/target-module\@9c000/i2c\@0/pmic\@30/regulators/regulaator-vd50/regulator-uv-error-microvolt'
QQZHHEUWEZ00057e40
QQZHHEUWEZ 0
root@arm:~# echo 'TKFM''EJVBUB'
TKFMEJVBUB
root@arm:~# MARKER='UBZS''YFTSZG' run 'i2cget -y -f 2 0x30 0x52'
UBZSYFTSZG0x47
UBZSYFTSZG 0
root@arm:~# echo 'NLBB''KNMMXM'
NLBBKNMMXM
root@arm:~# MARKER='SKFA''BASSYY' run 'grep -r -l rohm,bd9576 /proc/device-tree || sed '"'"'s![^/]*$!!'"'"''
SKFABASSYY/proc/device-tree/ocp/interconnect@48000000/segment@100000/target-module@9c000/i2c@0/pmic@30/
SKFABASSYY 0
root@arm:~# echo 'HLTW''AUJKPO'
HLTWAUJKPO
root@arm:~# MARKER='KTSH''VCWXCP' run 'xxd -p /proc/device-tree/ocp/interconnect\\@48000000/segment\@100000/target-module\@9c000/i2c\@0/pmic\@30/regulators/regulaator-vd18/regulator-ov-error-microvolt'
KTSHVCWXCP00004650
KTSHVCWXCP 0
root@arm:~# echo 'OVUO''PAWFGL'
OVUOPAWFGL
root@arm:~# MARKER='KVKG''EXLETA' run 'i2cget -y -f 2 0x30 0x54'
KVKGEXLETA0x11
KVKGEXLETA 0
root@arm:~# echo 'ZXKC''MZOVSY'
ZXKCMZOVSY
root@arm:~# MARKER='TSZP''VALVCE' run 'grep -r -l rohm,bd9576 /proc/device-tree || sed '"'"'s![^/]*$!!'"'"''
TSZPVALVCE/proc/device-tree/ocp/interconnect@48000000/segment@100000/target-module@9c000/i2c@0/pmic@30/
TSZPVALVCE 0
root@arm:~# echo 'OOAG''ZMZLLL'
OOAGZMZLLL
root@arm:~# MARKER='ALOK''MUQPSH' run 'xxd -p /proc/device-tree/ocp/interconnect\\@48000000/segment\@100000/target-module\@9c000/i2c\@0/pmic\@30/regulators/regulaator-vd18/regulator-uv-error-microvolt'
ALOKMUQPSH0001a9c8
ALOKMUQPSH 0
root@arm:~# echo 'LZTC''TLOTHG'
LZTCTLOTHG
root@arm:~# MARKER='OMPA''TXCQYW' run 'i2cget -y -f 2 0x30 0x55'
OMPATXCQYW0x6c
OMPATXCQYW 0
root@arm:~# echo 'PXFY''XMUWHN'
PXFYXMUWHN
root@arm:~# MARKER='BWMH''XJAEOU' run 'grep -r -l rohm,bd9576 /proc/device-tree || sed '"'"'s![^/]*$!!'"'"''
BWMHXJAEOU/proc/device-tree/ocp/interconnect@48000000/segment@100000/target-module@9c000/i2c@0/pmic@30/
BWMHXJAEOU 0
root@arm:~# echo 'QZYC''CXWLYK'
QZYCCXWLYK
root@arm:~# MARKER='MJLW''FYJAGV' run 'xxd -p /proc/device-tree/ocp/interconnect\\@48000000/segment\@100000/target-module\@9c000/i2c\@0/pmic\@30/regulators/regulaator-vdddr/regulator-ov-warn-microvolt'
MJLWFYJAGV0001adb0
MJLWFYJAGV 0
root@arm:~# echo 'ZEKQ''GSGTNS'
ZEKQGSGTNS
root@arm:~# MARKER='UHSX''WHHQPQ' run 'i2cget -y -f 2 0x30 0x57'
UHSXWHHQPQ0x6d
UHSXWHHQPQ 0
root@arm:~# echo 'FPOZ''UPZOZM'
FPOZUPZOZM
root@arm:~# MARKER='WBCU''PNSTXV' run 'grep -r -l rohm,bd9576 /proc/device-tree || sed '"'"'s![^/]*$!!'"'"''
WBCUPNSTXV/proc/device-tree/ocp/interconnect@48000000/segment@100000/target-module@9c000/i2c@0/pmic@30/
WBCUPNSTXV 0
root@arm:~# echo 'SUKY''TEWSBM'
SUKYTEWSBM
root@arm:~# MARKER='FEWC''UOCGAT' run 'xxd -p /proc/device-tree/ocp/interconnect\\@48000000/segment\@100000/target-module\@9c000/i2c\@0/pmic\@30/regulators/regulaator-vdddr/regulator-uv-warn-microvolt'
FEWCUOCGAT0001adb0
FEWCUOCGAT 0
root@arm:~# echo 'SGNT''ZSEMGN'
SGNTZSEMGN
root@arm:~# MARKER='CQEP''VKGJXH' run 'i2cget -y -f 2 0x30 0x58'
CQEPVKGJXH0x6d
CQEPVKGJXH 0
root@arm:~# echo 'ZMWX''BMNWYQ'
ZMWXBMNWYQ
root@arm:~# MARKER='OXSF''QXVZEO' run 'grep -r -l rohm,bd9576 /proc/device-tree || sed '"'"'s![^/]*$!!'"'"''
OXSFQXVZEO/proc/device-tree/ocp/interconnect@48000000/segment@100000/target-module@9c000/i2c@0/pmic@30/
OXSFQXVZEO 0
root@arm:~# echo 'LMVQ''BAHCSX'
LMVQBAHCSX
root@arm:~# MARKER='SZKN''CJEBKZ' run 'xxd -p /proc/device-tree/ocp/interconnect\\@48000000/segment\@100000/target-module\@9c000/i2c\@0/pmic\@30/regulators/regulaator-vd10/regulator-ov-error-microvolt'
SZKNCJEBKZ00006590
SZKNCJEBKZ 0
root@arm:~# echo 'HVWJ''EZJTEA'
HVWJEZJTEA
root@arm:~# MARKER='LXGO''KMJEGJ' run 'i2cget -y -f 2 0x30 0x5a'
LXGOKMJEGJ0x19
LXGOKMJEGJ 0
root@arm:~# echo 'YJCS''KXJBHZ'
YJCSKXJBHZ
root@arm:~# MARKER='BUJP''PSHOJV' run 'grep -r -l rohm,bd9576 /proc/device-tree || sed '"'"'s![^/]*$!!'"'"''
BUJPPSHOJV/proc/device-tree/ocp/interconnect@48000000/segment@100000/target-module@9c000/i2c@0/pmic@30/
BUJPPSHOJV 0
root@arm:~# echo 'MMSZ''UCVXHU'
MMSZUCVXHU
root@arm:~# MARKER='AFYW''OPKZUA' run 'xxd -p /proc/device-tree/ocp/interconnect\\@48000000/segment\@100000/target-module\@9c000/i2c\@0/pmic\@30/regulators/regulaator-vd10/regulator-uv-error-microvolt'
AFYWOPKZUA00006590
AFYWOPKZUA 0
root@arm:~# echo 'SNFT''WCANJO'
SNFTWCANJO
root@arm:~# MARKER='GMYZ''JNAJNY' run 'i2cget -y -f 2 0x30 0x5b'
GMYZJNAJNY0x19
GMYZJNAJNY 0
root@arm:~# echo 'WZAT''PMNECT'
WZATPMNECT
root@arm:~# MARKER='YUVQ''FKHGNW' run 'grep -r -l rohm,bd9576 /proc/device-tree || sed '"'"'s![^/]*$!!'"'"''
YUVQFKHGNW/proc/device-tree/ocp/interconnect@48000000/segment@100000/target-module@9c000/i2c@0/pmic@30/
YUVQFKHGNW 0
root@arm:~# echo 'MSCZ''VKJYAU'
MSCZVKJYAU
root@arm:~# MARKER='MWBF''KUPZGZ' run 'xxd -p /proc/device-tree/ocp/interconnect\\@48000000/segment\@100000/target-module\@9c000/i2c\@0/pmic\@30/regulators/regulaator-voutl1/regulator-ov-error-microvolt'
MWBFKUPZGZ000084d0
MWBFKUPZGZ 0
root@arm:~# echo 'BNAY''OEWHEK'
BNAYOEWHEK
root@arm:~# MARKER='OPPA''KKSFQN' run 'i2cget -y -f 2 0x30 0x5d'
OPPAKKSFQN0x01
OPPAKKSFQN 0
root@arm:~# echo 'EWCS''TJPNPN'
EWCSTJPNPN
root@arm:~# MARKER='USTB''BUTFZL' run 'grep -r -l rohm,bd9576 /proc/device-tree || sed '"'"'s![^/]*$!!'"'"''
USTBBUTFZL/proc/device-tree/ocp/interconnect@48000000/segment@100000/target-module@9c000/i2c@0/pmic@30/
USTBBUTFZL 0
root@arm:~# echo 'BLKJ''MXHGCX'
BLKJMXHGCX
root@arm:~# MARKER='LMEG''KFHAQP' run 'xxd -p /proc/device-tree/ocp/interconnect\\@48000000/segment\@100000/target-module\@9c000/i2c\@0/pmic\@30/regulators/regulaator-voutl1/regulator-uv-error-microvolt'
LMEGKFHAQP000084d0
LMEGKFHAQP 0
root@arm:~# echo 'BGKL''AEUOVX'
BGKLAEUOVX
root@arm:~# MARKER='QWAU''COQOCZ' run 'i2cget -y -f 2 0x30 0x5e'
QWAUCOQOCZ0x01
QWAUCOQOCZ 0
root@arm:~# echo 'UZEN''YFVQVV'
UZENYFVQVV
root@arm:~# MARKER='LHFF''EJZVYY' run 'grep -r -l rohm,bd9576 /proc/device-tree || sed '"'"'s![^/]*$!!'"'"''
LHFFEJZVYY/proc/device-tree/ocp/interconnect@48000000/segment@100000/target-module@9c000/i2c@0/pmic@30/
LHFFEJZVYY 0
root@arm:~# echo 'HUEO''ZGPOOL'
HUEOZGPOOL
root@arm:~# MARKER='WBJA''VOWVPP' run 'xxd -p /proc/device-tree/ocp/interconnect\\@48000000/segment\@100000/target-module\@9c000/i2c\@0/pmic\@30/regulators/regulaator-vouts1/regulator-oc-warn-microamp'
WBJAVOWVPP00055730
WBJAVOWVPP 0
root@arm:~# echo 'KTVX''OBXJXF'
KTVXOBXJXF
root@arm:~# MARKER='ZFEM''LSWHLM' run 'i2cget -y -f 2 0x30 0x5f'
ZFEMLSWHLM0x07
ZFEMLSWHLM 0
root@arm:~# echo 'FYEO''HFGFJO'
FYEOHFGFJO
root@arm:~# MARKER='TFMG''BFQWOB' run 'grep -r -l rohm,bd9576 /proc/device-tree || sed '"'"'s![^/]*$!!'"'"''
TFMGBFQWOB/proc/device-tree/ocp/interconnect@48000000/segment@100000/target-module@9c000/i2c@0/pmic@30/
TFMGBFQWOB 0
root@arm:~# echo 'FSXN''MXOWAL'
FSXNMXOWAL
root@arm:~# MARKER='YGKN''ZVGWVX' run 'xxd -p /proc/device-tree/ocp/interconnect\\@48000000/segment\@100000/target-module\@9c000/i2c\@0/pmic\@30/regulators/regulaator-vouts1/regulator-oc-protection-microamp'
YGKNZVGWVX00149970
YGKNZVGWVX 0
root@arm:~# echo 'EPQC''EAGJLO'
EPQCEAGJLO
root@arm:~# MARKER='POMN''WJTHMQ' run 'i2cget -y -f 2 0x30 0x60'
POMNWJTHMQ0x1b
POMNWJTHMQ 0
root@arm:~# Labgrid Console Logfile for main
Logfile started at 2024-11-22 17:09:00.920185
=== Log starts here ===
reading args
spl_load_image_fat_os: error reading image args, err - -1
reading u-boot.img
reading u-boot.img


U-Boot 2014.04-00014-g47880f5 (Apr 22 2014 - 13:23:54)

I2C:   ready
DRAM:  512 MiB
NAND:  0 MiB
MMC:   OMAP SD/MMC: 0, OMAP SD/MMC: 1
*** Warning - readenv() failed, using default environment

Net:   <ethaddr> not set. Validating first E-fuse MAC
cpsw, usb_ether
Hit any key to stop autoboot:  1  0 
gpio: pin 53 (gpio 53) value is 1
mmc0 is current device
gpio: pin 54 (gpio 54) value is 1
SD/MMC found on device 0
reading uEnv.txt
569 bytes read in 4 ms (138.7 KiB/s)
gpio: pin 55 (gpio 55) value is 1
Loaded environment from uEnv.txt
Importing environment from mmc ...
Checking if uenvcmd is set ...
gpio: pin 56 (gpio 56) value is 1
Running uenvcmd ...
cpsw Waiting for PHY auto negotiation to complete. done
link up on port 0, speed 100, full duplex
Using cpsw device
TFTP from server 192.168.255.126; our IP address is 192.168.255.1
Filename 'zImage'.
Load address: 0x81000000
Loading: *#################################################################
	 #################################################################
	 #################################################################
	 #################################################################
	 #################################################################
	 ############################
	 2.4 MiB/s
done
Bytes transferred = 5170240 (4ee440 hex)
link up on port 0, speed 100, full duplex
Using cpsw device
TFTP from server 192.168.255.126; our IP address is 192.168.255.1
Filename 'am335x-boneblack.dtb'.
Load address: 0x82000000
Loading: *#######
	 2.2 MiB/s
done
Bytes transferred = 97630 (17d5e hex)
Kernel image @ 0x81000000 [ 0x000000 - 0x4ee440 ]
## Flattened Device Tree blob at 82000000
   Booting using the fdt blob at 0x82000000
   Using Device Tree in place at 82000000, end 8201ad5d

Starting kernel ...

[    0.000000] Booting Linux on physical CPU 0x0
[    0.000000] Linux version 6.1.119 (user01@drvtest01) (arm-linux-gnueabihf-gcc (Linaro GCC 6.4-2017.11) 6.4.1 20171012, GNU ld (Linaro_Binutils-2017.11) 2.27.0.20161229) #10 SMP Fri Nov 22 17:04:21 EET 2024
[    0.000000] CPU: ARMv7 Processor [413fc082] revision 2 (ARMv7), cr=10c5387d
[    0.000000] CPU: PIPT / VIPT nonaliasing data cache, VIPT aliasing instruction cache
[    0.000000] OF: fdt: Machine model: TI AM335x BeagleBone Black
[    0.000000] Memory policy: Data cache writeback
[    0.000000] cma: Reserved 16 MiB at 0x9ec00000
[    0.000000] Zone ranges:
[    0.000000]   Normal   [mem 0x0000000080000000-0x000000009fdfffff]
[    0.000000]   HighMem  empty
[    0.000000] Movable zone start for each node
[    0.000000] Early memory node ranges
[    0.000000]   node   0: [mem 0x0000000080000000-0x000000009fdfffff]
[    0.000000] Initmem setup node 0 [mem 0x0000000080000000-0x000000009fdfffff]
[    0.000000] CPU: All CPU(s) started in SVC mode.
[    0.000000] AM335X ES2.1 (sgx neon)
[    0.000000] percpu: Embedded 16 pages/cpu s34196 r8192 d23148 u65536
[    0.000000] Built 1 zonelists, mobility grouping on.  Total pages: 129412
[    0.000000] Kernel command line: console=ttyO0,115200n8 root=/dev/nfs rw nfsroot=192.168.255.126:/home/user01/nfs,nfsvers=3 ip=192.168.255.1:192.168.255.126::255.255.255.0:bbb1:eth0 nfsrootdebug
[    0.000000] Unknown kernel command line parameters "nfsrootdebug", will be passed to user space.
[    0.000000] Dentry cache hash table entries: 65536 (order: 6, 262144 bytes, linear)
[    0.000000] Inode-cache hash table entries: 32768 (order: 5, 131072 bytes, linear)
[    0.000000] mem auto-init: stack:off, heap alloc:off, heap free:off
[    0.000000] Memory: 484644K/522240K available (10240K kernel code, 1143K rwdata, 2604K rodata, 1024K init, 287K bss, 21212K reserved, 16384K cma-reserved, 0K highmem)
[    0.000000] SLUB: HWalign=64, Order=0-3, MinObjects=0, CPUs=1, Nodes=1
[    0.000000] trace event string verifier disabled
[    0.000000] rcu: Hierarchical RCU implementation.
[    0.000000] rcu: 	RCU event tracing is enabled.
[    0.000000] rcu: 	RCU restricting CPUs from NR_CPUS=2 to nr_cpu_ids=1.
[    0.000000] rcu: RCU calculated value of scheduler-enlistment delay is 10 jiffies.
[    0.000000] rcu: Adjusting geometry for rcu_fanout_leaf=16, nr_cpu_ids=1
[    0.000000] NR_IRQS: 16, nr_irqs: 16, preallocated irqs: 16
[    0.000000] IRQ: Found an INTC at 0x(ptrval) (revision 5.0) with 128 interrupts
[    0.000000] rcu: srcu_init: Setting srcu_struct sizes based on contention.
[    0.000000] TI gptimer clocksource: always-on /ocp/interconnect@44c00000/segment@200000/target-module@31000
[    0.000002] sched_clock: 32 bits at 24MHz, resolution 41ns, wraps every 89478484971ns
[    0.000026] clocksource: dmtimer: mask: 0xffffffff max_cycles: 0xffffffff, max_idle_ns: 79635851949 ns
[    0.000446] TI gptimer clockevent: 24000000 Hz at /ocp/interconnect@48000000/segment@0/target-module@40000
[    0.002019] Console: colour dummy device 80x30
[    0.002070] WARNING: Your 'console=ttyO0' has been replaced by 'ttyS0'
[    0.002078] This ensures that you still see kernel messages. Please
[    0.002083] update your kernel commandline.
[    0.002126] Calibrating delay loop... 996.14 BogoMIPS (lpj=4980736)
[    0.090492] CPU: Testing write buffer coherency: ok
[    0.090590] CPU0: Spectre v2: using BPIALL workaround
[    0.090603] pid_max: default: 32768 minimum: 301
[    0.090738] LSM: Security Framework initializing
[    0.090918] Mount-cache hash table entries: 1024 (order: 0, 4096 bytes, linear)
[    0.090940] Mountpoint-cache hash table entries: 1024 (order: 0, 4096 bytes, linear)
[    0.092516] CPU0: thread -1, cpu 0, socket -1, mpidr 0
[    0.093826] Setting up static identity map for 0x80100000 - 0x80100078
[    0.094071] rcu: Hierarchical SRCU implementation.
[    0.094080] rcu: 	Max phase no-delay instances is 1000.
[    0.095425] smp: Bringing up secondary CPUs ...
[    0.095441] smp: Brought up 1 node, 1 CPU
[    0.095454] SMP: Total of 1 processors activated (996.14 BogoMIPS).
[    0.095466] CPU: All CPU(s) started in SVC mode.
[    0.096381] devtmpfs: initialized
[    0.112600] VFP support v0.3: implementor 41 architecture 3 part 30 variant c rev 3
[    0.112918] clocksource: jiffies: mask: 0xffffffff max_cycles: 0xffffffff, max_idle_ns: 19112604462750000 ns
[    0.112954] futex hash table entries: 256 (order: 2, 16384 bytes, linear)
[    0.114292] pinctrl core: initialized pinctrl subsystem
[    0.116304] NET: Registered PF_NETLINK/PF_ROUTE protocol family
[    0.118358] DMA: preallocated 256 KiB pool for atomic coherent allocations
[    0.118955] audit: initializing netlink subsys (disabled)
[    0.120209] thermal_sys: Registered thermal governor 'fair_share'
[    0.120227] thermal_sys: Registered thermal governor 'step_wise'
[    0.120233] thermal_sys: Registered thermal governor 'user_space'
[    0.120366] audit: type=2000 audit(0.110:1): state=initialized audit_enabled=0 res=1
[    0.120401] cpuidle: using governor menu
[    0.137722] No ATAGs?
[    0.137747] hw-breakpoint: debug architecture 0x4 unsupported.
[    0.147142] kprobes: kprobe jump-optimization is enabled. All kprobes are optimized if possible.
[    0.164816] iommu: Default domain type: Translated 
[    0.164830] iommu: DMA domain TLB invalidation policy: strict mode 
[    0.166303] SCSI subsystem initialized
[    0.167178] pps_core: LinuxPPS API ver. 1 registered
[    0.167188] pps_core: Software ver. 5.3.6 - Copyright 2005-2007 Rodolfo Giometti <giometti@linux.it>
[    0.167213] PTP clock support registered
[    0.180610] vgaarb: loaded
[    0.180982] clocksource: Switched to clocksource dmtimer
[    0.181619] VFS: Disk quotas dquot_6.6.0
[    0.181700] VFS: Dquot-cache hash table entries: 1024 (order 0, 4096 bytes)
[    0.199053] NET: Registered PF_INET protocol family
[    0.199398] IP idents hash table entries: 8192 (order: 4, 65536 bytes, linear)
[    0.200799] tcp_listen_portaddr_hash hash table entries: 512 (order: 0, 4096 bytes, linear)
[    0.200843] Table-perturb hash table entries: 65536 (order: 6, 262144 bytes, linear)
[    0.200863] TCP established hash table entries: 4096 (order: 2, 16384 bytes, linear)
[    0.200911] TCP bind hash table entries: 4096 (order: 4, 65536 bytes, linear)
[    0.201066] TCP: Hash tables configured (established 4096 bind 4096)
[    0.201192] UDP hash table entries: 256 (order: 1, 8192 bytes, linear)
[    0.201219] UDP-Lite hash table entries: 256 (order: 1, 8192 bytes, linear)
[    0.201419] NET: Registered PF_UNIX/PF_LOCAL protocol family
[    0.211743] RPC: Registered named UNIX socket transport module.
[    0.211768] RPC: Registered udp transport module.
[    0.211774] RPC: Registered tcp transport module.
[    0.211779] RPC: Registered tcp NFSv4.1 backchannel transport module.
[    0.211799] PCI: CLS 0 bytes, default 64
[    0.213344] Initialise system trusted keyrings
[    0.214364] workingset: timestamp_bits=14 max_order=17 bucket_order=3
[    0.235591] NFS: Registering the id_resolver key type
[    0.235674] Key type id_resolver registered
[    0.235681] Key type id_legacy registered
[    0.235739] jffs2: version 2.2. (NAND) (SUMMARY)  Â© 2001-2006 Red Hat, Inc.
[    0.236495] Key type asymmetric registered
[    0.236515] Asymmetric key parser 'x509' registered
[    0.236668] io scheduler mq-deadline registered
[    0.236681] io scheduler kyber registered
[    0.236925] io scheduler bfq registered
[    0.256655] Serial: 8250/16550 driver, 6 ports, IRQ sharing enabled
[    0.284118] brd: module loaded
[    0.305129] loop: module loaded
[    0.306033] mtdoops: mtd device (mtddev=name/number) must be supplied
[    0.308570] i2c_dev: i2c /dev entries driver
[    0.309492] cpuidle: enable-method property 'ti,am3352' found operations
[    0.309940] sdhci: Secure Digital Host Controller Interface driver
[    0.309950] sdhci: Copyright(c) Pierre Ossman
[    0.310124] sdhci-pltfm: SDHCI platform and OF driver helper
[    0.310397] ledtrig-cpu: registered to indicate activity on CPUs
[    0.311284] Initializing XFRM netlink socket
[    0.311887] NET: Registered PF_INET6 protocol family
[    0.324466] Segment Routing with IPv6
[    0.324544] In-situ OAM (IOAM) with IPv6
[    0.324648] sit: IPv6, IPv4 and MPLS over IPv4 tunneling driver
[    0.325548] NET: Registered PF_PACKET protocol family
[    0.325579] NET: Registered PF_KEY protocol family
[    0.325682] Key type dns_resolver registered
[    0.325839] ThumbEE CPU extension supported.
[    0.325883] Registering SWP/SWPB emulation handler
[    0.326395] omap_voltage_late_init: Voltage driver support not added
[    0.326734] SmartReflex Class3 initialized
[    0.327681] Loading compiled-in X.509 certificates
[    0.405164] platform 44e10800.pinmux: Fixed dependency cycle(s) with /ocp/interconnect@44c00000/segment@200000/target-module@10000/scm@0/pinmux@800/pinmux_clkout2_pin
[    0.405751] pinctrl-single 44e10800.pinmux: 142 pins, size 568
[    0.410407] ti-sysc: probe of 44e31000.target-module failed with error -16
[    0.459187] ti-sysc: probe of 48040000.target-module failed with error -16
[    0.469760] gpio gpiochip0: (gpio-0-31): not an immutable chip, please consider fixing it!
[    0.498958] OMAP GPIO hardware version 0.1
[    0.530093] omap_i2c 4819c000.i2c: bus 2 rev0.11 at 100 kHz
[    0.535520] gpio gpiochip1: (gpio-32-63): not an immutable chip, please consider fixing it!
[    0.538427] gpio gpiochip2: (gpio-64-95): not an immutable chip, please consider fixing it!
[    0.548182] platform 4830e000.lcdc: Fixed dependency cycle(s) with /ocp/interconnect@44c00000/segment@200000/target-module@b000/i2c@0/tda19988@70
[    0.558106] sdhci-omap 481d8000.mmc: supply pbias not found, using dummy regulator
[    0.558556] sdhci-omap 481d8000.mmc: supply vqmmc not found, using dummy regulator
[    0.622072] davinci_mdio 4a101000.mdio: davinci mdio revision 1.6, bus freq 1000000
[    0.684184] davinci_mdio 4a101000.mdio: phy[0]: device 4a101000.mdio:00, driver SMSC LAN8710/LAN8720
[    0.684697] cpsw-switch 4a100000.switch: initialized cpsw ale version 1.4
[    0.684719] cpsw-switch 4a100000.switch: ALE Table size 1024
[    0.684863] cpsw-switch 4a100000.switch: cpts: overflow check period 500 (jiffies)
[    0.684880] cpsw-switch 4a100000.switch: CPTS: ref_clk_freq:250000000 calc_mult:2147483648 calc_shift:29 error:0 nsec/sec
[    0.684969] cpsw-switch 4a100000.switch: Detected MACID = 6c:ec:eb:68:de:78
[    0.686675] cpsw-switch 4a100000.switch: initialized (regs 0x4a100000, pool size 256) hw_ver:0019010C 1.12 (0)
[    0.696791] debugfs: Directory '49000000.dma' with parent 'dmaengine' already present!
[    0.696835] edma 49000000.dma: TI EDMA DMA engine driver
[    0.750395] hw perfevents: enabled with armv7_cortex_a8 PMU driver, 5 counters available
[    0.752625] gpio gpiochip3: (gpio-96-127): not an immutable chip, please consider fixing it!
[    0.757841] l3-aon-clkctrl:0000:0: failed to disable
[    0.760208] 44e09000.serial: ttyS0 at MMIO 0x44e09000 (irq = 34, base_baud = 3000000) is a 8250
[    2.078996] printk: console [ttyS0] enabled
[    2.111904] tps65217-pmic: Failed to locate of_node [id: -1]
[    2.128101] tps65217-bl: Failed to locate of_node [id: -1]
[    2.136819] tps65217 0-0024: TPS65217 ID 0xe version 1.2
[    2.142855] platform 4830e000.lcdc: Fixed dependency cycle(s) with /ocp/interconnect@44c00000/segment@200000/target-module@b000/i2c@0/tda19988@70
[    2.156222] i2c 0-0070: Fixed dependency cycle(s) with /ocp/interconnect@48000000/segment@300000/target-module@e000/lcdc@0
[    2.167674] omap_i2c 44e0b000.i2c: bus 0 rev0.11 at 400 kHz
[    2.175314] omap_gpio 44e07000.gpio: Could not set line 6 debounce to 200000 microseconds (-22)
[    2.184168] sdhci-omap 48060000.mmc: Got CD GPIO
[    2.189142] sdhci-omap 48060000.mmc: supply pbias not found, using dummy regulator
[    2.201468] sdhci-omap 48060000.mmc: supply vqmmc not found, using dummy regulator
[    2.209804] sdhci-omap 481d8000.mmc: supply pbias not found, using dummy regulator
[    2.218027] sdhci-omap 481d8000.mmc: supply vqmmc not found, using dummy regulator
[    2.253817] mmc1: SDHCI controller on 481d8000.mmc [481d8000.mmc] using External DMA
[    2.262738] mmc0: SDHCI controller on 48060000.mmc [48060000.mmc] using External DMA
[    2.271505] cpsw-switch 4a100000.switch: starting ndev. mode: dual_mac
[    2.314784] mmc0: new high speed SDHC card at address 5048
[    2.321680] mmcblk0: mmc0:5048 SD16G 14.4 GiB 
[    2.329334]  mmcblk0: p1 p2
[    2.332778] mmcblk0: p2 size 31221760 extends beyond EOD, truncated
 [    2.359021] mmc1: new high speed MMC card at address 0001
 [    2.365819] mmcblk1: mmc1:0001 MMC04G 3.60 GiB 
[    2.372 994] SMSC LAN8710/LAN8720 4a101000.mdio:00: attached PHY drive r (mii_bus:phy_addr=4a101000.mdio:00, irq=POLL)
[    2.383812 ]  mmcbl
[    5.521741] cpsw-switch 4a100000.switch eth0: Link is Up - 100Mbps/Full - flow control off
[    5.530121] IPv6: ADDRCONF(NETDEV_CHANGE): eth0: link becomes ready
[    5.581013] IP-Config: Complete:
[    5.584282]      device=eth0, hwaddr=6c:ec:eb:68:de:78, ipaddr=192.168.255.1, mask=255.255.255.0, gw=255.255.255.255
[    5.594913]      host=bbb1, domain=, nis-domain=(none)
[    5.600078]      bootserver=192.168.255.126, rootserver=192.168.255.126, rootpath=
[    5.600518] clk: Disabling unused clocks
[    5.612410] KTAP version 1
[    5.615138] 1..0
[    5.638495] VFS: Mounted root (nfs filesystem) on device 0:16.
[    5.645612] devtmpfs: mounted
[    5.650211] Freeing unused kernel image (initmem) memory: 1024K
[    5.657060] Run /sbin/init as init process
[    6.333315] systemd[1]: System time before build time, advancing clock.
[    7.800991] random: crng init done
[    7.872562] systemd[1]: systemd 232 running in system mode. (+PAM +AUDIT +SELINUX +IMA +APPARMOR +SMACK +SYSVINIT +UTMP +LIBCRYPTSETUP +GCRYPT +GNUTLS +ACL +XZ +LZ4 +SECCOMP +BLKID +ELFUTILS +KMOD +IDN)
[    7.891775] systemd[1]: Detected architecture arm.

Welcome to [1mDebian GNU/Linux 9 (stretch)[0m!

[    7.933787] systemd[1]: Set hostname to <arm>.
[    8.989300] systemd[1]: Set up automount Arbitrary Executable File Formats File System Automount Point.
[[0;32m  OK  [0m] Set up automount Arbitrary Executabâ€¦rmats File System Automount Point.
[    9.033027] systemd[1]: Listening on Journal Socket.
[[0;32m  OK  [0m] Listening on Journal Socket.
[    9.072816] systemd[1]: Listening on /dev/initctl Compatibility Named Pipe.
[[0;32m  OK  [0m] Listening on /dev/initctl Compatibility Named Pipe.
[    9.111360] systemd[1]: Reached target Swap.
[[0;32m  OK  [0m] Reached target Swap.
[    9.142488] systemd[1]: Created slice User and Session Slice.
[[0;32m  OK  [0m] Created slice User and Session Slice.
[    9.182175] systemd[1]: Created slice System Slice.
[[0;32m  OK  [0m] Created slice System Slice.
[    9.252078] systemd[1]: Starting Create list of required static device nodes for the current kernel...
         Starting Create list of required stâ€¦ce nodes for the current kernel...
[[0;32m  OK  [0m] Created slice system-serial\x2dgetty.slice.
         Mounting POSIX Message Queue File System...
         Starting Load Kernel Modules...
         Starting Remount Root and Kernel File Systems...
         Mounting Debug File System...
[[0;32m  OK  [0m] Listening on Syslog Socket.
[[0;32m  OK  [0m] Reached target Remote File Systems.
[[0;32m  OK  [0m] Listening on Journal Socket (/dev/log).
[[0;32m  OK  [0m] Started Forward Password Requests to Wall Directory Watch.
[[0;32m  OK  [0m] Started Dispatch Password Requests to Console Directory Watch.
[[0;32m  OK  [0m] Reached target Encrypted Volumes.
[[0;32m  OK  [0m] Listening on udev Kernel Socket.
[[0;32m  OK  [0m] Listening on udev Control Socket.
[[0;32m  OK  [0m] Listening on Journal Audit Socket.
         Starting Journal Service...
[[0;32m  OK  [0m] Reached target Slices.
[[0;32m  OK  [0m] Created slice system-getty.slice.
[[0;32m  OK  [0m] Reached target Paths.
[[0;32m  OK  [0m] Mounted POSIX Message Queue File System.
[[0;32m  OK  [0m] Mounted Debug File System.
[[0;32m  OK  [0m] Started Create list of required staâ€¦vice nodes for the current kernel.
[[0;32m  OK  [0m] Started Load Kernel Modules.
[[0;32m  OK  [0m] Started Remount Root and Kernel File Systems.
         Starting Load/Save Random Seed...
         Starting udev Coldplug all Devices...
         Starting Apply Kernel Variables...
         Mounting Configuration File System...
         Starting Create Static Device Nodes in /dev...
[[0;32m  OK  [0m] Started Load/Save Random Seed.
[[0;32m  OK  [0m] Mounted Configuration File System.
[[0;32m  OK  [0m] Started Apply Kernel Variables.
[[0;32m  OK  [0m] Started Journal Service.
         Starting Flush Journal to Persistent Storage...
[[0;32m  OK  [0m] Started Create Static Device Nodes in /dev.
[[0;32m  OK  [0m] Reached target Local File Systems (Pre).
[[0;32m  OK  [0m] Reached target Local File Systems.
         Starting Raise network interfaces...
         Starting udev Kernel Device Manager...
[   11.257833] systemd-journald[102]: Received request to flush runtime journal from PID 1
[[0;32m  OK  [0m] Started Flush Journal to Persistent Storage.
         Starting Create Volatile Files and Directories...
[[0;32m  OK  [0m] Started udev Kernel Device Manager.
[[0;32m  OK  [0m] Started Create Volatile Files and Directories.
         Starting Update UTMP about System Boot/Shutdown...
         Starting Network Time Synchronization...
[[0;32m  OK  [0m] Started Update UTMP about System Boot/Shutdown.
[[0;32m  OK  [0m] Started Network Time Synchronization.
[[0;32m  OK  [0m] Reached target System Time Synchronized.
[[0;32m  OK  [0m] Started udev Coldplug all Devices.
[[0;32m  OK  [0m] Reached target System Initialization.
[[0;32m  OK  [0m] Listening on Avahi mDNS/DNS-SD Stack Activation Socket.
[[0;32m  OK  [0m] Listening on D-Bus System Message Bus Socket.
[[0;32m  OK  [0m] Reached target Sockets.
[[0;32m  OK  [0m] Reached target Basic System.
         Starting LSB: Start busybox udhcpd at boot time...
[   14.702681] remoteproc remoteproc0: wkup_m3 is available
         Starting Generic Board Startup...
         Starting LSB: Load kernel modules needed to enable cpufreq scaling...
         Starting System Logging Service...
[   15.089375] at24 2-0054: supply vcc not found, using dummy regulator
         Starting Telephony service...
         Starting DUN service...
[   15.306342] at24 2-0055: supply vcc not found, using dummy regulator
[[0;32m  OK  [0m] Started D-Bus System Message Bus.
[   15.460871] at24 2-0056: supply vcc not found, using dummy regulator
[   15.568020] at24 2-0057: supply vcc not found, using dummy regulator
[   15.682322] at24 0-0050: 32768 byte 24c256 EEPROM, writable, 1 bytes/write
[   15.825047] wkup_m3_ipc 44e11324.wkup_m3_ipc: IPC Request for A8->M3 Channel failed! -517
[   15.933215] tps6521x_pwrbutton tps65217-pwrbutton: DMA mask not set
[   15.946600] omap_rtc 44e3e000.rtc: registered as rtc0
[   15.951945] omap_rtc 44e3e000.rtc: setting system clock to 2000-01-01T00:00:00 UTC (946684800)
[   15.962347] wkup_m3_ipc 44e11324.wkup_m3_ipc: IPC Request for A8->M3 Channel failed! -517
[   16.030728] input: tps65217_pwrbutton as /devices/platform/ocp/44c00000.interconnect/44c00000.interconnect:segment@200000/44e0b000.target-module/44e0b000.i2c/i2c-0/0-0024/tps65217-pwrbutton/input/input0
[   16.071833] wkup_m3_ipc 44e11324.wkup_m3_ipc: IPC Request for A8->M3 Channel failed! -517
[   16.180712] wkup_m3_ipc 44e11324.wkup_m3_ipc: IPC Request for A8->M3 Channel failed! -517
[   16.344814] omap_wdt: OMAP Watchdog Timer Rev 0x01: initial timeout 60 sec
[   16.354775] wkup_m3_ipc 44e11324.wkup_m3_ipc: IPC Request for A8->M3 Channel failed! -517
[   16.578351] am335x-phy-driver 47401300.usb-phy: supply vcc not found, using dummy regulator
[   16.587399] am335x-phy-driver 47401300.usb-phy: dummy supplies not allowed for exclusive requests
