Labgrid Console Logfile for main
Logfile started at 2024-10-22 17:49:20.451675
=== Log starts here ===
reading args
spl_load_image_fat_os: error reading image args, err - -1
reading u-boot.img
reading u-boot.img


U-Boot 2014.04-00014-g47880f5 (Apr 22 2014 - 13:23:54)

I2C:   ready
DRAM:  512 MiB
NAND:  0 MiB
MMC:   OMAP SD/MMC: 0, OMAP SD/MMC: 1
*** Warning - readenv() failed, using default environment

Net:   <ethaddr> not set. Validating first E-fuse MAC
cpsw, usb_ether
Hit any key to stop autoboot:  1  0 
gpio: pin 53 (gpio 53) value is 1
mmc0 is current device
gpio: pin 54 (gpio 54) value is 1
SD/MMC found on device 0
reading uEnv.txt
569 bytes read in 4 ms (138.7 KiB/s)
gpio: pin 55 (gpio 55) value is 1
Loaded environment from uEnv.txt
Importing environment from mmc ...
Checking if uenvcmd is set ...
gpio: pin 56 (gpio 56) value is 1
Running uenvcmd ...
cpsw Waiting for PHY auto negotiation to complete. done
link up on port 0, speed 100, full duplex
Using cpsw device
TFTP from server 192.168.255.126; our IP address is 192.168.255.1
Filename 'zImage'.
Load address: 0x81000000
Loading: *#################################################################
	 #################################################################
	 #################################################################
	 #################################################################
	 #################################################################
	 ######################################
	 2.4 MiB/s
done
Bytes transferred = 5314688 (511880 hex)
link up on port 0, speed 100, full duplex
Using cpsw device
TFTP from server 192.168.255.126; our IP address is 192.168.255.1
Filename 'am335x-boneblack.dtb'.
Load address: 0x82000000
Loading: *#######
	 2.2 MiB/s
done
Bytes transferred = 97772 (17dec hex)
Kernel image @ 0x81000000 [ 0x000000 - 0x511880 ]
## Flattened Device Tree blob at 82000000
   Booting using the fdt blob at 0x82000000
   Using Device Tree in place at 82000000, end 8201adeb

Starting kernel ...

[    0.000000] Booting Linux on physical CPU 0x0
[    0.000000] Linux version 6.6.58 (user01@drvtest01) (arm-linux-gnueabihf-gcc (Linaro GCC 6.4-2017.11) 6.4.1 20171012, GNU ld (Linaro_Binutils-2017.11) 2.27.0.20161229) #9 SMP Tue Oct 22 17:47:10 EEST 2024
[    0.000000] CPU: ARMv7 Processor [413fc082] revision 2 (ARMv7), cr=10c5387d
[    0.000000] CPU: PIPT / VIPT nonaliasing data cache, VIPT aliasing instruction cache
[    0.000000] OF: fdt: Machine model: TI AM335x BeagleBone Black
[    0.000000] Memory policy: Data cache writeback
[    0.000000] cma: Reserved 16 MiB at 0x9e800000 on node -1
[    0.000000] Zone ranges:
[    0.000000]   Normal   [mem 0x0000000080000000-0x000000009fdfffff]
[    0.000000]   HighMem  empty
[    0.000000] Movable zone start for each node
[    0.000000] Early memory node ranges
[    0.000000]   node   0: [mem 0x0000000080000000-0x000000009fdfffff]
[    0.000000] Initmem setup node 0 [mem 0x0000000080000000-0x000000009fdfffff]
[    0.000000] CPU: All CPU(s) started in SVC mode.
[    0.000000] AM335X ES2.1 (sgx neon)
[    0.000000] percpu: Embedded 16 pages/cpu s36052 r8192 d21292 u65536
[    0.000000] Kernel command line: console=ttyO0,115200n8 root=/dev/nfs rw nfsroot=192.168.255.126:/home/user01/nfs,nfsvers=3 ip=192.168.255.1:192.168.255.126::255.255.255.0:bbb1:eth0 nfsrootdebug
[    0.000000] Unknown kernel command line parameters "nfsrootdebug", will be passed to user space.
[    0.000000] Dentry cache hash table entries: 65536 (order: 6, 262144 bytes, linear)
[    0.000000] Inode-cache hash table entries: 32768 (order: 5, 131072 bytes, linear)
[    0.000000] Built 1 zonelists, mobility grouping on.  Total pages: 129412
[    0.000000] mem auto-init: stack:off, heap alloc:off, heap free:off
[    0.000000] Memory: 483604K/522240K available (11264K kernel code, 1163K rwdata, 2700K rodata, 1024K init, 283K bss, 22252K reserved, 16384K cma-reserved, 0K highmem)
[    0.000000] SLUB: HWalign=64, Order=0-3, MinObjects=0, CPUs=1, Nodes=1
[    0.000000] trace event string verifier disabled
[    0.000000] rcu: Hierarchical RCU implementation.
[    0.000000] rcu: 	RCU event tracing is enabled.
[    0.000000] rcu: 	RCU restricting CPUs from NR_CPUS=2 to nr_cpu_ids=1.
[    0.000000] rcu: RCU calculated value of scheduler-enlistment delay is 10 jiffies.
[    0.000000] rcu: Adjusting geometry for rcu_fanout_leaf=16, nr_cpu_ids=1
[    0.000000] NR_IRQS: 16, nr_irqs: 16, preallocated irqs: 16
[    0.000000] IRQ: Found an INTC at 0x(ptrval) (revision 5.0) with 128 interrupts
[    0.000000] rcu: srcu_init: Setting srcu_struct sizes based on contention.
[    0.000000] TI gptimer clocksource: always-on /ocp/interconnect@44c00000/segment@200000/target-module@31000
[    0.000002] sched_clock: 32 bits at 24MHz, resolution 41ns, wraps every 89478484971ns
[    0.000026] clocksource: dmtimer: mask: 0xffffffff max_cycles: 0xffffffff, max_idle_ns: 79635851949 ns
[    0.000530] TI gptimer clockevent: 24000000 Hz at /ocp/interconnect@48000000/segment@0/target-module@40000
[    0.002133] Console: colour dummy device 80x30
[    0.002186] WARNING: Your 'console=ttyO0' has been replaced by 'ttyS0'
[    0.002195] This ensures that you still see kernel messages. Please
[    0.002200] update your kernel commandline.
[    0.002239] Calibrating delay loop... 996.14 BogoMIPS (lpj=4980736)
[    0.090580] CPU: Testing write buffer coherency: ok
[    0.090691] CPU0: Spectre v2: using BPIALL workaround
[    0.090702] pid_max: default: 32768 minimum: 301
[    0.090815] LSM: initializing lsm=capability,integrity
[    0.090990] Mount-cache hash table entries: 1024 (order: 0, 4096 bytes, linear)
[    0.091009] Mountpoint-cache hash table entries: 1024 (order: 0, 4096 bytes, linear)
[    0.092525] CPU0: thread -1, cpu 0, socket -1, mpidr 0
[    0.094189] Setting up static identity map for 0x80100000 - 0x80100078
[    0.094491] rcu: Hierarchical SRCU implementation.
[    0.094503] rcu: 	Max phase no-delay instances is 1000.
[    0.095908] smp: Bringing up secondary CPUs ...
[    0.095965] smp: Brought up 1 node, 1 CPU
[    0.095980] SMP: Total of 1 processors activated (996.14 BogoMIPS).
[    0.095992] CPU: All CPU(s) started in SVC mode.
[    0.096923] devtmpfs: initialized
[    0.113976] VFP support v0.3: implementor 41 architecture 3 part 30 variant c rev 3
[    0.114339] clocksource: jiffies: mask: 0xffffffff max_cycles: 0xffffffff, max_idle_ns: 19112604462750000 ns
[    0.114374] futex hash table entries: 256 (order: 2, 16384 bytes, linear)
[    0.115669] pinctrl core: initialized pinctrl subsystem
[    0.118416] NET: Registered PF_NETLINK/PF_ROUTE protocol family
[    0.121228] DMA: preallocated 256 KiB pool for atomic coherent allocations
[    0.121877] audit: initializing netlink subsys (disabled)
[    0.123200] thermal_sys: Registered thermal governor 'fair_share'
[    0.123220] thermal_sys: Registered thermal governor 'step_wise'
[    0.123227] thermal_sys: Registered thermal governor 'user_space'
[    0.123337] audit: type=2000 audit(0.120:1): state=initialized audit_enabled=0 res=1
[    0.123416] cpuidle: using governor menu
[    0.141175] No ATAGs?
[    0.141200] hw-breakpoint: debug architecture 0x4 unsupported.
[    0.144352] kprobes: kprobe jump-optimization is enabled. All kprobes are optimized if possible.
[    0.164131] iommu: Default domain type: Translated
[    0.164150] iommu: DMA domain TLB invalidation policy: strict mode
[    0.165614] SCSI subsystem initialized
[    0.171429] pps_core: LinuxPPS API ver. 1 registered
[    0.171441] pps_core: Software ver. 5.3.6 - Copyright 2005-2007 Rodolfo Giometti <giometti@linux.it>
[    0.171466] PTP clock support registered
[    0.180885] vgaarb: loaded
[    0.181261] clocksource: Switched to clocksource dmtimer
[    0.181884] VFS: Disk quotas dquot_6.6.0
[    0.181944] VFS: Dquot-cache hash table entries: 1024 (order 0, 4096 bytes)
[    0.205278] NET: Registered PF_INET protocol family
[    0.205625] IP idents hash table entries: 8192 (order: 4, 65536 bytes, linear)
[    0.206987] tcp_listen_portaddr_hash hash table entries: 512 (order: 0, 4096 bytes, linear)
[    0.207027] Table-perturb hash table entries: 65536 (order: 6, 262144 bytes, linear)
[    0.207043] TCP established hash table entries: 4096 (order: 2, 16384 bytes, linear)
[    0.207086] TCP bind hash table entries: 4096 (order: 4, 65536 bytes, linear)
[    0.207186] TCP: Hash tables configured (established 4096 bind 4096)
[    0.207316] UDP hash table entries: 256 (order: 1, 8192 bytes, linear)
[    0.207344] UDP-Lite hash table entries: 256 (order: 1, 8192 bytes, linear)
[    0.207520] NET: Registered PF_UNIX/PF_LOCAL protocol family
[    0.212189] RPC: Registered named UNIX socket transport module.
[    0.212210] RPC: Registered udp transport module.
[    0.212216] RPC: Registered tcp transport module.
[    0.212222] RPC: Registered tcp-with-tls transport module.
[    0.212228] RPC: Registered tcp NFSv4.1 backchannel transport module.
[    0.212254] PCI: CLS 0 bytes, default 64
[    0.213938] Initialise system trusted keyrings
[    0.221627] workingset: timestamp_bits=14 max_order=17 bucket_order=3
[    0.222886] NFS: Registering the id_resolver key type
[    0.222955] Key type id_resolver registered
[    0.222963] Key type id_legacy registered
[    0.223020] jffs2: version 2.2. (NAND) (SUMMARY)  Â© 2001-2006 Red Hat, Inc.
[    0.223493] Key type asymmetric registered
[    0.223512] Asymmetric key parser 'x509' registered
[    0.223581] io scheduler mq-deadline registered
[    0.223591] io scheduler kyber registered
[    0.223661] io scheduler bfq registered
[    0.242363] Serial: 8250/16550 driver, 6 ports, IRQ sharing enabled
[    0.292144] brd: module loaded
[    0.307922] loop: module loaded
[    0.308872] mtdoops: mtd device (mtddev=name/number) must be supplied
[    0.311928] i2c_dev: i2c /dev entries driver
[    0.312935] cpuidle: enable-method property 'ti,am3352' found operations
[    0.313405] sdhci: Secure Digital Host Controller Interface driver
[    0.313415] sdhci: Copyright(c) Pierre Ossman
[    0.313605] sdhci-pltfm: SDHCI platform and OF driver helper
[    0.329768] ledtrig-cpu: registered to indicate activity on CPUs
[    0.330596] Initializing XFRM netlink socket
[    0.330754] NET: Registered PF_INET6 protocol family
[    0.343468] Segment Routing with IPv6
[    0.343550] In-situ OAM (IOAM) with IPv6
[    0.343649] sit: IPv6, IPv4 and MPLS over IPv4 tunneling driver
[    0.344640] NET: Registered PF_PACKET protocol family
[    0.344674] NET: Registered PF_KEY protocol family
[    0.344805] Key type dns_resolver registered
[    0.345083] ThumbEE CPU extension supported.
[    0.345105] Registering SWP/SWPB emulation handler
[    0.345622] omap_voltage_late_init: Voltage driver support not added
[    0.345968] SmartReflex Class3 initialized
[    0.362240] Loading compiled-in X.509 certificates
[    0.419312] platform 44e10800.pinmux: Fixed dependency cycle(s) with /ocp/interconnect@44c00000/segment@200000/target-module@10000/scm@0/pinmux@800/clkout2-pins
[    0.419893] pinctrl-single 44e10800.pinmux: 142 pins, size 568
[    0.425224] ti-sysc: probe of 44e31000.target-module failed with error -16
[    0.485484] ti-sysc: probe of 48040000.target-module failed with error -16
[    0.522656] OMAP GPIO hardware version 0.1
[    0.567818] omap_i2c 4819c000.i2c: bus 2 rev0.11 at 100 kHz
[    0.603237] platform 4830e000.lcdc: Fixed dependency cycle(s) with /ocp/interconnect@44c00000/segment@200000/target-module@b000/i2c@0/tda19988@70
[    0.614402] sdhci-omap 481d8000.mmc: supply pbias not found, using dummy regulator
[    0.614882] sdhci-omap 481d8000.mmc: supply vqmmc not found, using dummy regulator
[    0.696749] davinci_mdio 4a101000.mdio: davinci mdio revision 1.6, bus freq 1000000
[    0.825653] davinci_mdio 4a101000.mdio: phy[0]: device 4a101000.mdio:00, driver SMSC LAN8710/LAN8720
[    0.826308] cpsw-switch 4a100000.switch: initialized cpsw ale version 1.4
[    0.826331] cpsw-switch 4a100000.switch: ALE Table size 1024
[    0.826475] cpsw-switch 4a100000.switch: cpts: overflow check period 500 (jiffies)
[    0.826492] cpsw-switch 4a100000.switch: CPTS: ref_clk_freq:250000000 calc_mult:2147483648 calc_shift:29 error:0 nsec/sec
[    0.826600] cpsw-switch 4a100000.switch: Detected MACID = 6c:ec:eb:68:de:78
[    0.828428] cpsw-switch 4a100000.switch: initialized (regs 0x4a100000, pool size 256) hw_ver:0019010C 1.12 (0)
[    0.839621] debugfs: Directory '49000000.dma' with parent 'dmaengine' already present!
[    0.839663] edma 49000000.dma: TI EDMA DMA engine driver
[    0.887200] hw perfevents: enabled with armv7_cortex_a8 PMU driver, 5 counters available
[    0.894723] l3-aon-clkctrl:0000:0: failed to disable
[    0.909226] 44e09000.serial: ttyS0 at MMIO 0x44e09000 (irq = 34, base_baud = 3000000) is a 8250
[    0.909309] printk: console [ttyS0] enabled
[    2.082171] tps65217-pmic: Failed to locate of_node [id: -1]
[    2.088225] tps65217-bl: Failed to locate of_node [id: -1]
[    2.099287] tps65217 0-0024: TPS65217 ID 0xe version 1.2
[    2.105430] platform 4830e000.lcdc: Fixed dependency cycle(s) with /ocp/interconnect@44c00000/segment@200000/target-module@b000/i2c@0/tda19988@70
[    2.118841] i2c 0-0070: Fixed dependency cycle(s) with /ocp/interconnect@48000000/segment@300000/target-module@e000/lcdc@0
[    2.130250] omap_i2c 44e0b000.i2c: bus 0 rev0.11 at 400 kHz
[    2.138485] omap_gpio 44e07000.gpio: Could not set line 6 debounce to 200000 microseconds (-22)
[    2.147388] sdhci-omap 48060000.mmc: Got CD GPIO
[    2.152420] sdhci-omap 48060000.mmc: supply pbias not found, using dummy regulator
[    2.163233] sdhci-omap 48060000.mmc: supply vqmmc not found, using dummy regulator
[    2.172007] sdhci-omap 481d8000.mmc: supply pbias not found, using dummy regulator
[    2.180027] sdhci-omap 481d8000.mmc: supply vqmmc not found, using dummy regulator
[    2.218765] mmc1: SDHCI controller on 481d8000.mmc [481d8000.mmc] using External DMA
[    2.227927] mmc0: SDHCI controller on 48060000.mmc [48060000.mmc] using External DMA
[    2.236521] cpsw-switch 4a100000.switch: starting ndev. mode: dual_mac
[    2.280402] mmc0: new high speed SDHC card at address 5048
[    2.287389] mmcblk0: mmc0:5048 SD16G 14.4 GiB
[    2.295280]  mmcblk0: p1 p2
[    2.298540] mmcblk0: p2 size 31221760 extends beyond EOD, truncated
[    2.313115] mmc1: new high speed MMC card at address 0001
[    2.319816] mmcblk1: mmc1:0001 MMC04G 3.60 GiB
[    2.326978]  mmcblk1: p1 p2
[    2.331222] mmcblk1boot0: mmc1:0001 MMC04G 2.00 MiB
[    2.338588] mmcblk1boot1: mmc1:0001 MMC04G 2.00 MiB
[    2.345606] mmcblk1rpmb: mmc1:0001 MMC04G 128 KiB, chardev (250:0)
[    2.352361] SMSC LAN8710/LAN8720 4a101000.mdio:00: attached PHY driver (mii_bus:phy_addr=4a101000.mdio:00, irq=POLL)
[    5.522010] cpsw-switch 4a100000.switch eth0: Link is Up - 100Mbps/Full - flow control off
[    5.571307] IP-Config: Complete:
[    5.574579]      device=eth0, hwaddr=6c:ec:eb:68:de:78, ipaddr=192.168.255.1, mask=255.255.255.0, gw=255.255.255.255
[    5.585196]      host=bbb1, domain=, nis-domain=(none)
[    5.590360]      bootserver=192.168.255.126, rootserver=192.168.255.126, rootpath=
[    5.590815] clk: Disabling unused clocks
[    5.602687] KTAP version 1
[    5.605417] 1..0
[    5.628960] VFS: Mounted root (nfs filesystem) on device 0:16.
[    5.635967] devtmpfs: mounted
[    5.640610] Freeing unused kernel image (initmem) memory: 1024K
[    5.647500] Run /sbin/init as init process
[    6.326317] systemd[1]: System time before build time, advancing clock.
[    7.791283] random: crng init done
[    7.862192] systemd[1]: systemd 232 running in system mode. (+PAM +AUDIT +SELINUX +IMA +APPARMOR +SMACK +SYSVINIT +UTMP +LIBCRYPTSETUP +GCRYPT +GNUTLS +ACL +XZ +LZ4 +SECCOMP +BLKID +ELFUTILS +KMOD +IDN)
[    7.881398] systemd[1]: Detected architecture arm.

Welcome to [1mDebian GNU/Linux 9 (stretch)[0m!

[    7.924164] systemd[1]: Set hostname to <arm>.
[    8.985016] systemd[1]: Listening on /dev/initctl Compatibility Named Pipe.
[[0;32m  OK  [0m] Listening on /dev/initctl Compatibility Named Pipe.
[    9.022196] systemd[1]: Started Dispatch Password Requests to Console Directory Watch.
[[0;32m  OK  [0m] Started Dispatch Password Requests to Console Directory Watch.
[    9.063180] systemd[1]: Listening on Journal Socket (/dev/log).
[[0;32m  OK  [0m] Listening on Journal Socket (/dev/log).
[    9.103180] systemd[1]: Listening on udev Control Socket.
[[0;32m  OK  [0m] Listening on udev Control Socket.
[    9.142795] systemd[1]: Created slice User and Session Slice.
[[0;32m  OK  [0m] Created slice User and Session Slice.
[    9.182069] systemd[1]: Started Forward Password Requests to Wall Directory Watch.
[[0;32m  OK  [0m] Started Forward Password Requests to Wall Directory Watch.
[    9.221569] systemd[1]: Reached target Encrypted Volumes.
[[0;32m  OK  [0m] Reached target Encrypted Volumes.
[[0;32m  OK  [0m] Created slice System Slice.
[[0;32m  OK  [0m] Reached target Slices.
[[0;32m  OK  [0m] Created slice system-getty.slice.
         Mounting Debug File System...
         Mounting POSIX Message Queue File System...
[[0;32m  OK  [0m] Reached target Paths.
[[0;32m  OK  [0m] Listening on Journal Socket.
         Starting Remount Root and Kernel File Systems...
[[0;32m  OK  [0m] Reached target Remote File Systems.
[[0;32m  OK  [0m] Created slice system-serial\x2dgetty.slice.
[[0;32m  OK  [0m] Reached target Swap.
[[0;32m  OK  [0m] Listening on Syslog Socket.
[[0;32m  OK  [0m] Listening on udev Kernel Socket.
[[0;32m  OK  [0m] Set up automount Arbitrary Executabâ€¦rmats File System Automount Point.
[[0;32m  OK  [0m] Listening on Journal Audit Socket.
         Starting Journal Service...
         Starting Load Kernel Modules...
         Starting Create list of required stâ€¦ce nodes for the current kernel...
[[0;32m  OK  [0m] Mounted POSIX Message Queue File System.
[[0;32m  OK  [0m] Mounted Debug File System.
[[0;32m  OK  [0m] Started Remount Root and Kernel File Systems.
[[0;32m  OK  [0m] Started Create list of required staâ€¦vice nodes for the current kernel.
         Starting Create Static Device Nodes in /dev...
         Starting Load/Save Random Seed...
         Starting udev Coldplug all Devices...
[[0;32m  OK  [0m] Started Load Kernel Modules.
         Mounting Configuration File System...
         Starting Apply Kernel Variables...
[[0;32m  OK  [0m] Started Load/Save Random Seed.
[[0;32m  OK  [0m] Mounted Configuration File System.
[[0;32m  OK  [0m] Started Apply Kernel Variables.
[[0;32m  OK  [0m] Started Create Static Device Nodes in /dev.
         Starting udev Kernel Device Manager...
[[0;32m  OK  [0m] Reached target Local File Systems (Pre).
[[0;32m  OK  [0m] Reached target Local File Systems.
         Starting Raise network interfaces...
[[0;32m  OK  [0m] Started Journal Service.
         Starting Flush Journal to Persistent Storage...
[   11.467984] systemd-journald[82]: Received request to flush runtime journal from PID 1
[[0;32m  OK  [0m] Started Flush Journal to Persistent Storage.
         Starting Create Volatile Files and Directories...
[[0;32m  OK  [0m] Started udev Kernel Device Manager.
[[0;32m  OK  [0m] Started Create Volatile Files and Directories.
         Starting Network Time Synchronization...
         Starting Update UTMP about System Boot/Shutdown...
[[0;32m  OK  [0m] Started Update UTMP about System Boot/Shutdown.
[[0;32m  OK  [0m] Started udev Coldplug all Devices.
[[0;32m  OK  [0m] Started Network Time Synchronization.
[[0;32m  OK  [0m] Reached target System Initialization.
[[0;32m  OK  [0m] Listening on Avahi mDNS/DNS-SD Stack Activation Socket.
[[0;32m  OK  [0m] Started Daily Cleanup of Temporary Directories.
[[0;32m  OK  [0m] Listening on D-Bus System Message Bus Socket.
[[0;32m  OK  [0m] Reached target Sockets.
[   14.844578] remoteproc remoteproc0: wkup_m3 is available
[[0;32m  OK  [0m] Reached target Basic System.
[   14.934173] omap_rtc 44e3e000.rtc: registered as rtc0
[   14.939348] omap_rtc 44e3e000.rtc: setting system clock to 2000-01-01T00:00:00 UTC (946684800)
[   14.965303] omap_wdt: OMAP Watchdog Timer Rev 0x01: initial timeout 60 sec
[[0;32m  OK  [0m] Started D-Bus System Message Bus.
[   15.006497] am335x-phy-driver 47401300.usb-phy: dummy supplies not allowed for exclusive requests
[   15.333646] at24 2-0054: supply vcc not found, using dummy regulator
[   15.445596] usbcore: registered new interface driver usbfs
[   15.451462] usbcore: registered new interface driver hub
[   15.456959] usbcore: registered new device driver usb
[   15.490566] at24 2-0055: supply vcc not found, using dummy regulator
[   15.585792] at24 2-0056: supply vcc not found, using dummy regulator
[   15.666614] am335x-phy-driver 47401b00.usb-phy: dummy supplies not allowed for exclusive requests
[   15.702223] at24 2-0057: supply vcc not found, using dummy regulator
[   15.817135] at24 0-0050: 32768 byte 24c256 EEPROM, writable, 1 bytes/write
[   15.835855] tps6521x_pwrbutton tps65217-pwrbutton: DMA mask not set
[   15.949663] input: tps65217_pwrbutton as /devices/platform/ocp/44c00000.interconnect/44c00000.interconnect:segment@200000/44e0b000.target-module/44e0b000.i2c/i2c-0/0-0024/tps65217-pwrbutton/input/input0
[   16.163433] wkup_m3_ipc 44e11324.wkup_m3_ipc: IPC Request for A8->M3 Channel failed! -517
[   16.291442] wkup_m3_ipc 44e11324.wkup_m3_ipc: IPC Request for A8->M3 Channel failed! -517
[   16.424551] musb-hdrc musb-hdrc.1: MUSB HDRC host driver
[   16.429966] musb-hdrc musb-hdrc.1: new USB bus registered, assigned bus number 1
[   16.444527] wkup_m3_ipc 44e11324.wkup_m3_ipc: IPC Request for A8->M3 Channel failed! -517
[   16.591682] usb usb1: New USB device found, idVendor=1d6b, idProduct=0002, bcdDevice= 6.06
[   16.600038] usb usb1: New USB device strings: Mfr=3, Product=2, SerialNumber=1
[   16.607383] usb usb1: Product: MUSB HDRC host driver
[   16.612424] usb usb1: Manufacturer: Linux 6.6.58 musb-hcd
[   16.617852] usb usb1: SerialNumber: musb-hdrc.1
[   16.765000] hub 1-0:1.0: USB hub found
[   16.800549] hub 1-0:1.0: 1 port detected
[   16.860256] wkup_m3_ipc 44e11324.wkup_m3_ipc: IPC Request for A8->M3 Channel failed! -517
[   16.894769] tda998x 0-0070: found TDA19988
[   16.961114] wkup_m3_ipc 44e11324.wkup_m3_ipc: IPC Request for A8->M3 Channel failed! -517
[   17.061923] wkup_m3_ipc 44e11324.wkup_m3_ipc: IPC Request for A8->M3 Channel failed! -517
[   17.301032] omap-mailbox 480c8000.mailbox: omap mailbox rev 0x400
[   17.359114] remoteproc remoteproc0: powering up wkup_m3
[   17.579542] remoteproc remoteproc0: Direct firmware load for am335x-pm-firmware.elf failed with error -2
[   17.590277] remoteproc remoteproc0: request_firmware failed: -2
[   17.596398] wkup_m3_ipc 44e11324.wkup_m3_ipc: rproc_boot failed
         Starting Connection service...
[   19.256934] omap_rng 48310000.rng: Random Number Generator ver. 20
         Starting LSB: Start busybox udhcpd at boot time...
         Starting DUN service...
         Starting Telephony service...
[   19.502030] tilcdc 4830e000.lcdc: bound 0-0070 (ops 0xbf079030)
[   19.585143] [drm] Initialized tilcdc 1.0.0 20121205 for 4830e000.lcdc on minor 0
         Starting Avahi mDNS/DNS-SD Stack...
[   19.706238] tilcdc 4830e000.lcdc: [drm] Cannot find any crtc or sizes
[   19.726847] tilcdc 4830e000.lcdc: [drm] Cannot find any crtc or sizes
         Starting LSB: Load kernel modules needed to enable cpufreq scaling...
         Starting System Logging Service...
         Starting Login Service...
         Starting Generic Board Startup...
         Starting Cape Manager Service...
[[0;32m  OK  [0m] Started Regular background program processing daemon.
[[0;32m  OK  [0m] Reached target System Time Synchronized.
[[0;32m  OK  [0m] Started Daily apt download activities.
[[0;32m  OK  [0m] Started Daily apt upgrade and clean activities.
[[0;32m  OK  [0m] Reached target Timers.
[   20.935202] PM: Cannot get wkup_m3_ipc handle
[   20.970319] omap-sham 53100000.sham: hw accel on OMAP rev 4.3
[   21.191050] omap-sham 53100000.sham: will run requests pump with realtime priority
[   21.216340] PM: Cannot get wkup_m3_ipc handle
[   21.396888] omap-aes 53500000.aes: OMAP AES hw accel rev: 3.2
[   21.550803] omap-aes 53500000.aes: will run requests pump with realtime priority
[   21.560293] PM: Cannot get wkup_m3_ipc handle
[[0;32m  OK  [0m] Found device /dev/ttyS0.
[   23.083040] Bluetooth: Core ver 2.22
[   23.086858] NET: Registered PF_BLUETOOTH protocol family
[   23.092382] Bluetooth: HCI device and connection manager initialized
[   23.098967] Bluetooth: HCI socket layer initialized
[   23.103945] Bluetooth: L2CAP socket layer initialized
[   23.109068] Bluetooth: SCO socket layer initialized
[[0;32m  OK  [0m] Started System Logging Service.
[[0;32m  OK  [0m] Started Cape Manager Service.
[   25.046978] PM: Cannot get wkup_m3_ipc handle
[   25.155486] PM: Cannot get wkup_m3_ipc handle
[[0;32m  OK  [0m] Started Raise network interfaces.
[[0;32m  OK  [0m] Started LSB: Start busybox udhcpd at boot time.
[[0;32m  OK  [0m] Started LSB: Load kernel modules needed to enable cpufreq scaling.
[[0;32m  OK  [0m] Started DUN service.
[   28.589731] configfs-gadget.g_multi gadget.0: HOST MAC 1c:ba:8c:a2:ed:6c
[   28.596745] configfs-gadget.g_multi gadget.0: MAC 1c:ba:8c:a2:ed:70
[   28.604106] configfs-gadget.g_multi gadget.0: HOST MAC 1c:ba:8c:a2:ed:6c
[   28.610864] configfs-gadget.g_multi gadget.0: MAC 1c:ba:8c:a2:ed:6d
[[0;32m  OK  [0m] Started Telephony service.
[   28.627570] PM: Cannot get wkup_m3_ipc handle
[[0;32m  OK  [0m] Started Connection service.
[[0;32m  OK  [0m] Started Avahi mDNS/DNS-SD Stack.
[[0;32m  OK  [0m] Reached target Sound Card.
         Starting LSB: set CPUFreq kernel parameters...
[[0;32m  OK  [0m] Reached target Network.
         Starting OpenBSD Secure Shell server...
         Starting The Apache HTTP Server...
         Starting Permit User Sessions...
[[0;32m  OK  [0m] Reached target Network is Online.
         Starting LSB: Advanced IEEE 802.11 management daemon...
[[0;32m  OK  [0m] Started Login Service.
[[0;32m  OK  [0m] Started LSB: Advanced IEEE 802.11 management daemon.
[[0;32m  OK  [0m] Started Permit User Sessions.
         Starting Hostname Service...
[[0;32m  OK  [0m] Started Serial Getty on ttyS0.
[[0;32m  OK  [0m] Started Getty on tty1.
[[0;32m  OK  [0m] Reached target Login Prompts.
         Starting WPA supplicant...
[[0;32m  OK  [0m] Started LSB: set CPUFreq kernel parameters.
[[0;32m  OK  [0m] Started WPA supplicant.
[[0;32m  OK  [0m] Started Hostname Service.
[[0;32m  OK  [0m] Started OpenBSD Secure Shell server.
         Stopping LSB: Start busybox udhcpd at boot time...
[[0;32m  OK  [0m] Started The Apache HTTP Server.
[[0;32m  OK  [0m] Stopped LSB: Start busybox udhcpd at boot time.
         Starting dnsmasq - A lightweight DHCP and caching DNS server...
[[0;32m  OK  [0m] Started dnsmasq - A lightweight DHCP and caching DNS server.
[[0;32m  OK  [0m] Reached target Host and Network Name Lookups.
[[0;32m  OK  [0m] Started Serial Getty on ttyGS0.
[[0;32m  OK  [0m] Started Generic Board Startup.
[[0;32m  OK  [0m] Reached target Multi-User System.
[[0;32m  OK  [0m] Reached target Graphical Interface.
         Starting Update UTMP about System Runlevel Changes...
[[0;32m  OK  [0m] Started Update UTMP about System Runlevel Changes.

Debian GNU/Linux 9 arm ttyS0

default username:password is [debian:temppwd]

arm login: root
Password: 
Last login: Sat Jan  1 00:00:28 UTC 2000 on ttyS0
root
Linux arm 6.6.58 #9 SMP Tue Oct 22 17:47:10 EEST 2024 armv7l

The programs included with the Debian GNU/Linux system are free software;
the exact distribution terms for each program are described in the
individual files in /usr/share/doc/*/copyright.

Debian GNU/Linux comes with ABSOLUTELY NO WARRANTY, to the extent
permitted by applicable law.
root@arm:~# root
-bash: root: command not found
root@arm:~# dmesg -n 1
root@arm:~# echo 'OTPA''SXVQUV'
OTPASXVQUV
root@arm:~# run() { echo -n "$MARKER"; sh -c "$@"; echo "$MARKER $?"; }
root@arm:~# echo 'UUGZ''LWYNOG'
UUGZLWYNOG
root@arm:~# MARKER='OHKQ''KMCHTS' run 'cat /proc/version'
OHKQKMCHTSLinux version 6.6.58 (user01@drvtest01) (arm-linux-gnueabihf-gcc (Linaro GCC 6.4-2017.11) 6.4.1 20171012, GNU ld (Linaro_Binutils-2017.11) 2.27.0.20161229) #9 SMP Tue Oct 22 17:47:10 EEST 2024
OHKQKMCHTS 0
root@arm:~# echo 'FJQX''HUEJHY'
FJQXHUEJHY
root@arm:~# MARKER='UWGC''LPWGAM' run false
UWGCLPWGAMUWGCLPWGAM 1
root@arm:~# Labgrid Console Logfile for main
Logfile started at 2024-10-22 17:50:15.055580
=== Log starts here ===

root@arm:~# run() { echo -n "$MARKER"; sh -c "$@"; echo "$MARKER $?"; }
root@arm:~# echo 'JSOM''WSEVYX'
JSOMWSEVYX
root@arm:~# MARKER='BKJO''SWHPTT' run 'insmod /mva_overlay.ko'
BKJOSWHPTTBKJOSWHPTT 0
root@arm:~# echo 'ATQK''QMHPWE'
ATQKQMHPWE
root@arm:~# MARKER='MAPL''XOJPHU' run lsmod
MAPLXOJPHUModule                  Size  Used by
mva_overlay            65536  0
usb_f_acm              12288  2
u_serial               16384  3 usb_f_acm
usb_f_ecm              16384  2
usb_f_rndis            24576  2
u_ether                16384  2 usb_f_ecm,usb_f_rndis
libcomposite           57344  15 usb_f_ecm,usb_f_acm,u_ether,usb_f_rndis
iptable_nat            12288  0
nf_nat                 36864  1 iptable_nat
nf_conntrack          110592  1 nf_nat
nf_defrag_ipv6         16384  1 nf_conntrack
nf_defrag_ipv4         12288  1 nf_conntrack
snd_soc_hdmi_codec     16384  1
evdev                  20480  0
iptable_mangle         12288  0
iptable_filter         12288  0
bluetooth             614400  2
ecdh_generic           12288  1 bluetooth
ecc                    32768  1 ecdh_generic
snd_soc_simple_card    16384  0
snd_soc_simple_card_utils    20480  1 snd_soc_simple_card
omap_aes_driver        24576  0
omap_crypto            12288  1 omap_aes_driver
libaes                 12288  2 omap_aes_driver,bluetooth
omap_sham              28672  0
pm33xx                 12288  0
crypto_engine          12288  2 omap_aes_driver,omap_sham
ti_emif_sram           12288  1 pm33xx
omap_rng               12288  0
tilcdc                 32768  0
rng_core               16384  1 omap_rng
drm_dma_helper         16384  2 tilcdc
snd_soc_davinci_mcasp    32768  2
snd_soc_ti_udma        12288  1 snd_soc_davinci_mcasp
snd_soc_ti_edma        12288  1 snd_soc_davinci_mcasp
snd_soc_ti_sdma        12288  1 snd_soc_davinci_mcasp
snd_soc_core          188416  7 snd_soc_davinci_mcasp,snd_soc_hdmi_codec,snd_soc_simple_card_utils,snd_soc_ti_sdma,snd_soc_ti_edma,snd_soc_ti_udma,snd_soc_simple_card
snd_pcm_dmaengine      12288  1 snd_soc_core
snd_pcm               106496  5 snd_soc_davinci_mcasp,snd_pcm_dmaengine,snd_soc_hdmi_codec,snd_soc_simple_card_utils,snd_soc_core
snd_timer              28672  1 snd_pcm
omap_mailbox           16384  1
snd                    69632  4 snd_soc_hdmi_codec,snd_timer,snd_soc_core,snd_pcm
soundcore              12288  1 snd
tda998x                20480  0
drm_kms_helper        122880  3 drm_dma_helper,tda998x,tilcdc
musb_dsps              16384  0
musb_hdrc             131072  1 musb_dsps
wkup_m3_ipc            12288  1 pm33xx
drm                   417792  5 drm_dma_helper,tda998x,tilcdc,drm_kms_helper
udc_core               45056  7 usb_f_ecm,usb_f_acm,u_serial,musb_hdrc,u_ether,usb_f_rndis,libcomposite
tps65218_pwrbutton     12288  0
drm_panel_orientation_quirks    12288  1 drm
at24                   16384  0
usbcore               221184  1 musb_hdrc
phy_am335x             12288  2
omap_wdt               12288  0
phy_am335x_control     12288  1 phy_am335x
rtc_omap               16384  2 pm33xx
wkup_m3_rproc          12288  1
phy_generic            12288  1 phy_am335x
watchdog               24576  1 omap_wdt
usb_common             12288  6 phy_am335x,udc_core,musb_hdrc,libcomposite,musb_dsps,usbcore
cppi41                 16384  60
leds_gpio              12288  0
cpufreq_dt             12288  0
led_class              12288  1 leds_gpio
ip_tables              20480  3 iptable_mangle,iptable_filter,iptable_nat
x_tables               24576  4 iptable_mangle,ip_tables,iptable_filter,iptable_nat
autofs4                40960  2
MAPLXOJPHU 0
root@arm:~# Labgrid Console Logfile for main
Logfile started at 2024-10-22 17:50:18.871613
=== Log starts here ===

root@arm:~# run() { echo -n "$MARKER"; sh -c "$@"; echo "$MARKER $?"; }
root@arm:~# echo 'VBMV''SCSOJX'
VBMVSCSOJX
root@arm:~# MARKER='VTTO''BMHWVB' run 'dd if=/bd9576_test.dtbo of=/sys/kernel/mvaa_overlay/overlay_add bs=1M'
VTTOBMHWVB0+1 records in
0+1 records out
3397 bytes (3.4 kB, 3.3 KiB) copied, 0.0903137 s, 37.6 kB/s
VTTOBMHWVB 0
root@arm:~# echo 'YSGZ''YPYSUT'
YSGZYPYSUT
root@arm:~# MARKER='CEMY''PWPTFO' run lsmod
CEMYPWPTFOModule                  Size  Used by
bd9576_regulator       16384  0
bd9576_wdt             12288  0
rohm_bd9576            12288  0
mva_overlay            65536  0
usb_f_acm              12288  2
u_serial               16384  3 usb_f_acm
usb_f_ecm              16384  2
usb_f_rndis            24576  2
u_ether                16384  2 usb_f_ecm,usb_f_rndis
libcomposite           57344  15 usb_f_ecm,usb_f_acm,u_ether,usb_f_rndis
iptable_nat            12288  0
nf_nat                 36864  1 iptable_nat
nf_conntrack          110592  1 nf_nat
nf_defrag_ipv6         16384  1 nf_conntrack
nf_defrag_ipv4         12288  1 nf_conntrack
snd_soc_hdmi_codec     16384  1
evdev                  20480  0
iptable_mangle         12288  0
iptable_filter         12288  0
bluetooth             614400  2
ecdh_generic           12288  1 bluetooth
ecc                    32768  1 ecdh_generic
snd_soc_simple_card    16384  0
snd_soc_simple_card_utils    20480  1 snd_soc_simple_card
omap_aes_driver        24576  0
omap_crypto            12288  1 omap_aes_driver
libaes                 12288  2 omap_aes_driver,bluetooth
omap_sham              28672  0
pm33xx                 12288  0
crypto_engine          12288  2 omap_aes_driver,omap_sham
ti_emif_sram           12288  1 pm33xx
omap_rng               12288  0
tilcdc                 32768  0
rng_core               16384  1 omap_rng
drm_dma_helper         16384  2 tilcdc
snd_soc_davinci_mcasp    32768  2
snd_soc_ti_udma        12288  1 snd_soc_davinci_mcasp
snd_soc_ti_edma        12288  1 snd_soc_davinci_mcasp
snd_soc_ti_sdma        12288  1 snd_soc_davinci_mcasp
snd_soc_core          188416  7 snd_soc_davinci_mcasp,snd_soc_hdmi_codec,snd_soc_simple_card_utils,snd_soc_ti_sdma,snd_soc_ti_edma,snd_soc_ti_udma,snd_soc_simple_card
snd_pcm_dmaengine      12288  1 snd_soc_core
snd_pcm               106496  5 snd_soc_davinci_mcasp,snd_pcm_dmaengine,snd_soc_hdmi_codec,snd_soc_simple_card_utils,snd_soc_core
snd_timer              28672  1 snd_pcm
omap_mailbox           16384  1
snd                    69632  4 snd_soc_hdmi_codec,snd_timer,snd_soc_core,snd_pcm
soundcore              12288  1 snd
tda998x                20480  0
drm_kms_helper        122880  3 drm_dma_helper,tda998x,tilcdc
musb_dsps              16384  0
musb_hdrc             131072  1 musb_dsps
wkup_m3_ipc            12288  1 pm33xx
drm                   417792  5 drm_dma_helper,tda998x,tilcdc,drm_kms_helper
udc_core               45056  7 usb_f_ecm,usb_f_acm,u_serial,musb_hdrc,u_ether,usb_f_rndis,libcomposite
tps65218_pwrbutton     12288  0
drm_panel_orientation_quirks    12288  1 drm
at24                   16384  0
usbcore               221184  1 musb_hdrc
phy_am335x             12288  2
omap_wdt               12288  0
phy_am335x_control     12288  1 phy_am335x
rtc_omap               16384  2 pm33xx
wkup_m3_rproc          12288  1
phy_generic            12288  1 phy_am335x
watchdog               24576  2 bd9576_wdt,omap_wdt
usb_common             12288  6 phy_am335x,udc_core,musb_hdrc,libcomposite,musb_dsps,usbcore
cppi41                 16384  60
leds_gpio              12288  0
cpufreq_dt             12288  0
led_class              12288  1 leds_gpio
ip_tables              20480  3 iptable_mangle,iptable_filter,iptable_nat
x_tables               24576  4 iptable_mangle,ip_tables,iptable_filter,iptable_nat
autofs4                40960  2
CEMYPWPTFO 0
root@arm:~# Labgrid Console Logfile for main
Logfile started at 2024-10-22 17:50:24.736689
=== Log starts here ===

root@arm:~# run() { echo -n "$MARKER"; sh -c "$@"; echo "$MARKER $?"; }
root@arm:~# echo 'NEWE''SUQVPV'
NEWESUQVPV
root@arm:~# MARKER='CBJH''XNVWJF' run 'insmod /bd9576-test.ko'
CBJHXNVWJFCBJHXNVWJF 0
root@arm:~# echo 'CKHX''KHQXVL'
CKHXKHQXVL
root@arm:~# MARKER='TOZO''SYHACX' run lsmod
TOZOSYHACXModule                  Size  Used by
bd9576_test            12288  0
bd9576_regulator       16384  6
bd9576_wdt             12288  0
rohm_bd9576            12288  0
mva_overlay            65536  0
usb_f_acm              12288  2
u_serial               16384  3 usb_f_acm
usb_f_ecm              16384  2
usb_f_rndis            24576  2
u_ether                16384  2 usb_f_ecm,usb_f_rndis
libcomposite           57344  15 usb_f_ecm,usb_f_acm,u_ether,usb_f_rndis
iptable_nat            12288  0
nf_nat                 36864  1 iptable_nat
nf_conntrack          110592  1 nf_nat
nf_defrag_ipv6         16384  1 nf_conntrack
nf_defrag_ipv4         12288  1 nf_conntrack
snd_soc_hdmi_codec     16384  1
evdev                  20480  0
iptable_mangle         12288  0
iptable_filter         12288  0
bluetooth             614400  2
ecdh_generic           12288  1 bluetooth
ecc                    32768  1 ecdh_generic
snd_soc_simple_card    16384  0
snd_soc_simple_card_utils    20480  1 snd_soc_simple_card
omap_aes_driver        24576  0
omap_crypto            12288  1 omap_aes_driver
libaes                 12288  2 omap_aes_driver,bluetooth
omap_sham              28672  0
pm33xx                 12288  0
crypto_engine          12288  2 omap_aes_driver,omap_sham
ti_emif_sram           12288  1 pm33xx
omap_rng               12288  0
tilcdc                 32768  0
rng_core               16384  1 omap_rng
drm_dma_helper         16384  2 tilcdc
snd_soc_davinci_mcasp    32768  2
snd_soc_ti_udma        12288  1 snd_soc_davinci_mcasp
snd_soc_ti_edma        12288  1 snd_soc_davinci_mcasp
snd_soc_ti_sdma        12288  1 snd_soc_davinci_mcasp
snd_soc_core          188416  7 snd_soc_davinci_mcasp,snd_soc_hdmi_codec,snd_soc_simple_card_utils,snd_soc_ti_sdma,snd_soc_ti_edma,snd_soc_ti_udma,snd_soc_simple_card
snd_pcm_dmaengine      12288  1 snd_soc_core
snd_pcm               106496  5 snd_soc_davinci_mcasp,snd_pcm_dmaengine,snd_soc_hdmi_codec,snd_soc_simple_card_utils,snd_soc_core
snd_timer              28672  1 snd_pcm
omap_mailbox           16384  1
snd                    69632  4 snd_soc_hdmi_codec,snd_timer,snd_soc_core,snd_pcm
soundcore              12288  1 snd
tda998x                20480  0
drm_kms_helper        122880  3 drm_dma_helper,tda998x,tilcdc
musb_dsps              16384  0
musb_hdrc             131072  1 musb_dsps
wkup_m3_ipc            12288  1 pm33xx
drm                   417792  5 drm_dma_helper,tda998x,tilcdc,drm_kms_helper
udc_core               45056  7 usb_f_ecm,usb_f_acm,u_serial,musb_hdrc,u_ether,usb_f_rndis,libcomposite
tps65218_pwrbutton     12288  0
drm_panel_orientation_quirks    12288  1 drm
at24                   16384  0
usbcore               221184  1 musb_hdrc
phy_am335x             12288  2
omap_wdt               12288  0
phy_am335x_control     12288  1 phy_am335x
rtc_omap               16384  2 pm33xx
wkup_m3_rproc          12288  1
phy_generic            12288  1 phy_am335x
watchdog               24576  2 bd9576_wdt,omap_wdt
usb_common             12288  6 phy_am335x,udc_core,musb_hdrc,libcomposite,musb_dsps,usbcore
cppi41                 16384  60
leds_gpio              12288  0
cpufreq_dt             12288  0
led_class              12288  1 leds_gpio
ip_tables              20480  3 iptable_mangle,iptable_filter,iptable_nat
x_tables               24576  4 iptable_mangle,ip_tables,iptable_filter,iptable_nat
autofs4                40960  2
TOZOSYHACX 0
root@arm:~# Labgrid Console Logfile for main
Logfile started at 2024-10-22 17:50:28.574559
=== Log starts here ===

root@arm:~# run() { echo -n "$MARKER"; sh -c "$@"; echo "$MARKER $?"; }
root@arm:~# echo 'UAKE''VESWNE'
UAKEVESWNE
root@arm:~# MARKER='VXJQ''FOONUU' run '/./init_regulator_test.sh bd9576'
VXJQFOONUUboard bd9576 given
/./init_regulator_test.sh: line 38: buck10_en: command not found
/./init_regulator_test.sh: line 39: buck10_set: command not found
VXJQFOONUU 0
root@arm:~# Labgrid Console Logfile for main
Logfile started at 2024-10-22 17:50:38.390682
=== Log starts here ===

root@arm:~# run() { echo -n "$MARKER"; sh -c "$@"; echo "$MARKER $?"; }
root@arm:~# echo 'UXQE''OBUWGU'
UXQEOBUWGU
root@arm:~# MARKER='CKHY''OULFXK' run 'grep -r -l rohm,bd9576 /proc/device-tree || sed '"'"'s![^/]*$!!'"'"''
CKHYOULFXK/proc/device-tree/ocp/interconnect@48000000/segment@100000/target-module@9c000/i2c@0/pmic@30/
CKHYOULFXK 0
root@arm:~# echo 'FMAJ''NWNCCE'
FMAJNWNCCE
root@arm:~# MARKER='NLNT''YJGKSU' run 'test -f /proc/device-tree/ocp/interconnectt\@48000000/segment\@100000/target-module\@9c000/i2c\@0/pmic\@30/regulators/regullator-vd50/name ;echo $?'
NLNTYJGKSU0
NLNTYJGKSU 0
root@arm:~# echo 'ZYYK''CWWXZU'
ZYYKCWWXZU
root@arm:~# MARKER='XBZH''TXOEWJ' run 'test -f /sys/kernel/mva_test/regulators/buuck1_en ;echo $?'
XBZHTXOEWJ0
XBZHTXOEWJ 0
root@arm:~# echo 'BZNH''KCUNEC'
BZNHKCUNEC
root@arm:~# MARKER='EPTE''CHZMYL' run 'test -f /sys/kernel/mva_test/regulators/buuck1_set ;echo $?'
EPTECHZMYL0
EPTECHZMYL 0
root@arm:~# echo 'WYVH''VNKZUG'
WYVHVNKZUG
root@arm:~# MARKER='SSFW''MPXYKP' run 'grep -r -l rohm,bd9576 /proc/device-tree || sed '"'"'s![^/]*$!!'"'"''
SSFWMPXYKP/proc/device-tree/ocp/interconnect@48000000/segment@100000/target-module@9c000/i2c@0/pmic@30/
SSFWMPXYKP 0
root@arm:~# echo 'MNPM''GVLBWA'
MNPMGVLBWA
root@arm:~# MARKER='EXYZ''PGCXFX' run 'test -f /proc/device-tree/ocp/interconnectt\@48000000/segment\@100000/target-module\@9c000/i2c\@0/pmic\@30/regulators/regullator-vd18/name ;echo $?'
EXYZPGCXFX0
EXYZPGCXFX 0
root@arm:~# echo 'ACGG''AMWHMG'
ACGGAMWHMG
root@arm:~# MARKER='LQEF''ASHVWQ' run 'test -f /sys/kernel/mva_test/regulators/buuck2_en ;echo $?'
LQEFASHVWQ0
LQEFASHVWQ 0
root@arm:~# echo 'KSUE''VGKCCY'
KSUEVGKCCY
root@arm:~# MARKER='CJOO''SPESGH' run 'test -f /sys/kernel/mva_test/regulators/buuck2_set ;echo $?'
CJOOSPESGH0
CJOOSPESGH 0
root@arm:~# echo 'JWGT''FCBYLO'
JWGTFCBYLO
root@arm:~# MARKER='ZGUO''FYAYXF' run 'grep -r -l rohm,bd9576 /proc/device-tree || sed '"'"'s![^/]*$!!'"'"''
ZGUOFYAYXF/proc/device-tree/ocp/interconnect@48000000/segment@100000/target-module@9c000/i2c@0/pmic@30/
ZGUOFYAYXF 0
root@arm:~# echo 'YZMJ''OMVFSB'
YZMJOMVFSB
root@arm:~# MARKER='BQUC''VNYMUL' run 'test -f /proc/device-tree/ocp/interconnectt\@48000000/segment\@100000/target-module\@9c000/i2c\@0/pmic\@30/regulators/regullator-vdddr/name ;echo $?'
BQUCVNYMUL0
BQUCVNYMUL 0
root@arm:~# echo 'HMYY''CBHGNH'
HMYYCBHGNH
root@arm:~# MARKER='NQPT''QPMFYG' run 'test -f /sys/kernel/mva_test/regulators/buuck3_en ;echo $?'
NQPTQPMFYG0
NQPTQPMFYG 0
root@arm:~# echo 'OKBL''FUPTMT'
OKBLFUPTMT
root@arm:~# MARKER='KJVY''FPHVZF' run 'test -f /sys/kernel/mva_test/regulators/buuck3_set ;echo $?'
KJVYFPHVZF0
KJVYFPHVZF 0
root@arm:~# echo 'FYZU''YHMQAS'
FYZUYHMQAS
root@arm:~# MARKER='TJCE''OTHOLF' run 'grep -r -l rohm,bd9576 /proc/device-tree || sed '"'"'s![^/]*$!!'"'"''
TJCEOTHOLF/proc/device-tree/ocp/interconnect@48000000/segment@100000/target-module@9c000/i2c@0/pmic@30/
TJCEOTHOLF 0
root@arm:~# echo 'WJVG''ZYYYBQ'
WJVGZYYYBQ
root@arm:~# MARKER='FSHN''YUCVQK' run 'test -f /proc/device-tree/ocp/interconnectt\@48000000/segment\@100000/target-module\@9c000/i2c\@0/pmic\@30/regulators/regullator-vd10/name ;echo $?'
FSHNYUCVQK0
FSHNYUCVQK 0
root@arm:~# echo 'MSFJ''YAVEHH'
MSFJYAVEHH
root@arm:~# MARKER='XLUF''LUQBFW' run 'test -f /sys/kernel/mva_test/regulators/buuck4_en ;echo $?'
XLUFLUQBFW0
XLUFLUQBFW 0
root@arm:~# echo 'EPPP''LTHLMJ'
EPPPLTHLMJ
root@arm:~# MARKER='HGSS''NKBFKB' run 'test -f /sys/kernel/mva_test/regulators/buuck4_set ;echo $?'
HGSSNKBFKB0
HGSSNKBFKB 0
root@arm:~# echo 'TXMY''QHGZGO'
TXMYQHGZGO
root@arm:~# MARKER='JWHX''TTWWLN' run 'grep -r -l rohm,bd9576 /proc/device-tree || sed '"'"'s![^/]*$!!'"'"''
JWHXTTWWLN/proc/device-tree/ocp/interconnect@48000000/segment@100000/target-module@9c000/i2c@0/pmic@30/
JWHXTTWWLN 0
root@arm:~# echo 'OBEJ''BATTFP'
OBEJBATTFP
root@arm:~# MARKER='ZCSH''JVCMQN' run 'test -f /proc/device-tree/ocp/interconnectt\@48000000/segment\@100000/target-module\@9c000/i2c\@0/pmic\@30/regulators/regullator-voutl1/name ;echo $?'
ZCSHJVCMQN0
ZCSHJVCMQN 0
root@arm:~# echo 'GMFH''JMXJJF'
GMFHJMXJJF
root@arm:~# MARKER='LQKP''QJWXAW' run 'test -f /sys/kernel/mva_test/regulators/buuck5_en ;echo $?'
LQKPQJWXAW0
LQKPQJWXAW 0
root@arm:~# echo 'AWUX''GNKNEM'
AWUXGNKNEM
root@arm:~# MARKER='XMQA''QFCNBZ' run 'test -f /sys/kernel/mva_test/regulators/buuck5_set ;echo $?'
XMQAQFCNBZ0
XMQAQFCNBZ 0
root@arm:~# echo 'UNWX''OKWVON'
UNWXOKWVON
root@arm:~# MARKER='KVOT''QCAWOQ' run 'grep -r -l rohm,bd9576 /proc/device-tree || sed '"'"'s![^/]*$!!'"'"''
KVOTQCAWOQ/proc/device-tree/ocp/interconnect@48000000/segment@100000/target-module@9c000/i2c@0/pmic@30/
KVOTQCAWOQ 0
root@arm:~# echo 'LSMB''CAMZXO'
LSMBCAMZXO
root@arm:~# MARKER='WHUG''ZTETNG' run 'test -f /proc/device-tree/ocp/interconnectt\@48000000/segment\@100000/target-module\@9c000/i2c\@0/pmic\@30/regulators/regu lator-vouts1/name ;echo $?'
WHUGZTETNG0
WHUGZTETNG 0
root@arm:~# echo 'HGXJ''FZWMNT'
HGXJFZWMNT
root@arm:~# MARKER='EXLG''GAVEBC' run 'test -f /sys/kernel/mva_test/regulators/buuck6_en ;echo $?'
EXLGGAVEBC0
EXLGGAVEBC 0
root@arm:~# echo 'NSYB''VVBWJH'
NSYBVVBWJH
root@arm:~# MARKER='HZUH''MPPZSU' run 'test -f /sys/kernel/mva_test/regulators/buuck6_set ;echo $?'
HZUHMPPZSU0
HZUHMPPZSU 0
root@arm:~# Labgrid Console Logfile for main
Logfile started at 2024-10-22 17:50:47.780577
=== Log starts here ===

root@arm:~# run() { echo -n "$MARKER"; sh -c "$@"; echo "$MARKER $?"; }
root@arm:~# echo 'BEEM''SZEHMM'
BEEMSZEHMM
root@arm:~# MARKER='CULG''OAPKVJ' run 'grep -r -l rohm,bd9576 /proc/device-tree || sed '"'"'s![^/]*$!!'"'"''
CULGOAPKVJ/proc/device-tree/ocp/interconnect@48000000/segment@100000/target-module@9c000/i2c@0/pmic@30/
CULGOAPKVJ 0
root@arm:~# echo 'MFBW''WBLGKG'
MFBWWBLGKG
root@arm:~# MARKER='AOFB''HQWNZB' run 'test -f /proc/device-tree/ocp/interconnectt\@48000000/segment\@100000/target-module\@9c000/i2c\@0/pmic\@30/rohm,vout1-en-loow ;echo $?'
AOFBHQWNZB0
AOFBHQWNZB 0
root@arm:~# echo 'ZPZZ''YNQEQF'
ZPZZYNQEQF
root@arm:~# MARKER='FQLL''WTSLFF' run 'grep -r -l rohm,bd9576 /proc/device-tree || sed '"'"'s![^/]*$!!'"'"''
FQLLWTSLFF/proc/device-tree/ocp/interconnect@48000000/segment@100000/target-module@9c000/i2c@0/pmic@30/
FQLLWTSLFF 0
root@arm:~# echo 'OXMO''ZFHCBA'
OXMOZFHCBA
root@arm:~# MARKER='VOPK''BSNQQC' run 'test -f /proc/device-tree/ocp/interconnectt\@48000000/segment\@100000/target-module\@9c000/i2c\@0/pmic\@30/regulators/regullator-vd50/rohm,no-regulator-enable-control ;echo $?'
VOPKBSNQQC1
VOPKBSNQQC 0
root@arm:~# echo 'OCLS''KEJCWQ'
OCLSKEJCWQ
root@arm:~# MARKER='VENW''UXAQPB' run 'i2cget -y -f 2 0x30 0x41'
VENWUXAQPB0x20
VENWUXAQPB 0
root@arm:~# echo 'FJWC''GKMWKK'
FJWCGKMWKK
root@arm:~# MARKER='MZQG''AOEUGE' run 'cat /sys/kernel/mva_test/regulators/buck1__en'
MZQGAOEUGE0 MZQGAOEUGE 0
root@arm:~# echo 'PATL''MGGLUK'
PATLMGGLUK
root@arm:~# MARKER='BSHC''HAALLT' run 'grep -r -l rohm,bd9576 /proc/device-tree || sed '"'"'s![^/]*$!!'"'"''
BSHCHAALLT/proc/device-tree/ocp/interconnect@48000000/segment@100000/target-module@9c000/i2c@0/pmic@30/
BSHCHAALLT 0
root@arm:~# echo 'BBLE''PTOXSZ'
BBLEPTOXSZ
root@arm:~# MARKER='WJUN''WTBWGU' run 'test -f /proc/device-tree/ocp/interconnectt\@48000000/segment\@100000/target-module\@9c000/i2c\@0/pmic\@30/regulators/regullator-vd18/rohm,no-regulator-enable-control ;echo $?'
WJUNWTBWGU1
WJUNWTBWGU 0
root@arm:~# echo 'ABEF''HVXKFP'
ABEFHVXKFP
root@arm:~# MARKER='PQUB''COZWMY' run 'i2cget -y -f 2 0x30 0x42'
PQUBCOZWMY0x61
PQUBCOZWMY 0
root@arm:~# echo 'SKKN''QCYWXB'
SKKNQCYWXB
root@arm:~# MARKER='TUUF''YAOUOV' run 'cat /sys/kernel/mva_test/regulators/buck2__en'
TUUFYAOUOV1 TUUFYAOUOV 0
root@arm:~# echo 'SBZY''GQYMQF'
SBZYGQYMQF
root@arm:~# MARKER='UVSO''UUPFLM' run 'grep -r -l rohm,bd9576 /proc/device-tree || sed '"'"'s![^/]*$!!'"'"''
UVSOUUPFLM/proc/device-tree/ocp/interconnect@48000000/segment@100000/target-module@9c000/i2c@0/pmic@30/
UVSOUUPFLM 0
root@arm:~# echo 'VMCF''SGMYCW'
VMCFSGMYCW
root@arm:~# MARKER='PTNX''YBAOQW' run 'test -f /proc/device-tree/ocp/interconnectt\@48000000/segment\@100000/target-module\@9c000/i2c\@0/pmic\@30/regulators/regullator-vdddr/rohm,no-regulator-enable-control ;echo $?'
PTNXYBAOQW1
PTNXYBAOQW 0
root@arm:~# echo 'YSSS''BKSGCQ'
YSSSBKSGCQ
root@arm:~# MARKER='XYVK''MEVBFC' run 'i2cget -y -f 2 0x30 0x43'
XYVKMEVBFC0x45
XYVKMEVBFC 0
root@arm:~# echo 'UVTZ''XYKSWK'
UVTZXYKSWK
root@arm:~# MARKER='SQOK''NOAAGC' run 'cat /sys/kernel/mva_test/regulators/buck3__en'
SQOKNOAAGC1 SQOKNOAAGC 0
root@arm:~# echo 'UWWG''EXLELX'
UWWGEXLELX
root@arm:~# MARKER='FCME''UVUTSX' run 'grep -r -l rohm,bd9576 /proc/device-tree || sed '"'"'s![^/]*$!!'"'"''
FCMEUVUTSX/proc/device-tree/ocp/interconnect@48000000/segment@100000/target-module@9c000/i2c@0/pmic@30/
FCMEUVUTSX 0
root@arm:~# echo 'VOLN''WKAHJF'
VOLNWKAHJF
root@arm:~# MARKER='MOLE''NJGLWF' run 'test -f /proc/device-tree/ocp/interconnectt\@48000000/segment\@100000/target-module\@9c000/i2c\@0/pmic\@30/regulators/regullator-vd10/rohm,no-regulator-enable-control ;echo $?'
MOLENJGLWF1
MOLENJGLWF 0
root@arm:~# echo 'FSFN''XMXYQU'
FSFNXMXYQU
root@arm:~# MARKER='EHOJ''MAZNEU' run 'i2cget -y -f 2 0x30 0x44'
EHOJMAZNEU0x73
EHOJMAZNEU 0
root@arm:~# echo 'FEBG''SCHCXS'
FEBGSCHCXS
root@arm:~# MARKER='LJCH''AWMNAG' run 'cat /sys/kernel/mva_test/regulators/buck4__en'
LJCHAWMNAG1 LJCHAWMNAG 0
root@arm:~# echo 'QUHW''BTJZXX'
QUHWBTJZXX
root@arm:~# MARKER='SHBQ''FPNQSC' run 'grep -r -l rohm,bd9576 /proc/device-tree || sed '"'"'s![^/]*$!!'"'"''
SHBQFPNQSC/proc/device-tree/ocp/interconnect@48000000/segment@100000/target-module@9c000/i2c@0/pmic@30/
SHBQFPNQSC 0
root@arm:~# echo 'TALJ''NYBEES'
TALJNYBEES
root@arm:~# MARKER='SSEN''MQBOQB' run 'test -f /proc/device-tree/ocp/interconnectt\@48000000/segment\@100000/target-module\@9c000/i2c\@0/pmic\@30/regulators/regullator-voutl1/rohm,no-regulator-enable-control ;echo $?'
SSENMQBOQB1
SSENMQBOQB 0
root@arm:~# echo 'XXWJ''UAJUWB'
XXWJUAJUWB
root@arm:~# MARKER='QSGV''XPECGJ' run 'i2cget -y -f 2 0x30 0x45'
QSGVXPECGJ0x36
QSGVXPECGJ 0
root@arm:~# echo 'AEFK''SALJNP'
AEFKSALJNP
root@arm:~# MARKER='KNKS''PGQTAU' run 'cat /sys/kernel/mva_test/regulators/buck5__en'
KNKSPGQTAU1 KNKSPGQTAU 0
root@arm:~# echo 'CGJF''YMCKGQ'
CGJFYMCKGQ
root@arm:~# MARKER='ABYK''BGHBBB' run 'grep -r -l rohm,bd9576 /proc/device-tree || sed '"'"'s![^/]*$!!'"'"''
ABYKBGHBBB/proc/device-tree/ocp/interconnect@48000000/segment@100000/target-module@9c000/i2c@0/pmic@30/
ABYKBGHBBB 0
root@arm:~# echo 'OOOU''LSEGXZ'
OOOULSEGXZ
root@arm:~# MARKER='ETHC''KQLCCB' run 'test -f /proc/device-tree/ocp/interconnectt\@48000000/segment\@100000/target-module\@9c000/i2c\@0/pmic\@30/regulators/regullator-vouts1/rohm,no-regulator-enable-control ;echo $?'
ETHCKQLCCB1
ETHCKQLCCB 0
root@arm:~# echo 'HYJU''HMHKOM'
HYJUHMHKOM
root@arm:~# MARKER='EZTB''ACWMJQ' run 'i2cget -y -f 2 0x30 0x46'
EZTBACWMJQ0x52
EZTBACWMJQ 0
root@arm:~# echo 'SWSK''NVKWYF'
SWSKNVKWYF
root@arm:~# MARKER='VCJK''GTWSPY' run 'cat /sys/kernel/mva_test/regulators/buck6__en'
VCJKGTWSPY1 VCJKGTWSPY 0
root@arm:~# Labgrid Console Logfile for main
Logfile started at 2024-10-22 17:50:57.378837
=== Log starts here ===

root@arm:~# run() { echo -n "$MARKER"; sh -c "$@"; echo "$MARKER $?"; }
root@arm:~# echo 'PQFY''JKTSOY'
PQFYJKTSOY
root@arm:~# MARKER='JYQF''ASJKQA' run 'cat /sys/kernel/mva_test/regulators/buck1__set'
JYQFASJKQA5000000
JYQFASJKQA 0
root@arm:~# echo 'EWVL''BHKSCU'
EWVLBHKSCU
root@arm:~# MARKER='TQUQ''FWOYQY' run 'i2cget -y -f 2 0x30 0x50'
TQUQFWOYQY0x00
TQUQFWOYQY 0
root@arm:~# echo 'XJKO''HNKPFL'
XJKOHNKPFL
root@arm:~# MARKER='PATK''NCVNXO' run 'cat /sys/kernel/mva_test/regulators/buck2__set'
PATKNCVNXO1800000
PATKNCVNXO 0
root@arm:~# echo 'MFVU''EMPONE'
MFVUEMPONE
root@arm:~# MARKER='OULS''CEWZTY' run 'i2cget -y -f 2 0x30 0x53'
OULSCEWZTY0x00
OULSCEWZTY 0
root@arm:~# echo 'AAUB''HWUOPU'
AAUBHWUOPU
root@arm:~# MARKER='FSXU''NMFGSB' run 'cat /sys/kernel/mva_test/regulators/buck3__set'
FSXUNMFGSB1350000
FSXUNMFGSB 0
root@arm:~# echo 'ZEVW''CMJTQL'
ZEVWCMJTQL
root@arm:~# MARKER='ESCM''CGUYEW' run 'i2cget -y -f 2 0x30 0x56'
ESCMCGUYEW0x00
ESCMCGUYEW 0
root@arm:~# echo 'BHBJ''FQYFNN'
BHBJFQYFNN
root@arm:~# MARKER='QSOF''OUXUME' run 'cat /sys/kernel/mva_test/regulators/buck4__set'
QSOFOUXUME1030000
QSOFOUXUME 0
root@arm:~# echo 'JYGS''UBKFKN'
JYGSUBKFKN
root@arm:~# MARKER='YWOG''KAQSVF' run 'i2cget -y -f 2 0x30 0x59'
YWOGKAQSVF0x00
YWOGKAQSVF 0
root@arm:~# echo 'QWTL''UNOWGN'
QWTLUNOWGN
root@arm:~# MARKER='GXEB''OSKJAP' run 'cat /sys/kernel/mva_test/regulators/buck5__set'
GXEBOSKJAP2500000
GXEBOSKJAP 0
root@arm:~# echo 'PPEN''PMBJNY'
PPENPMBJNY
root@arm:~# MARKER='GTYQ''TNSCFQ' run 'i2cget -y -f 2 0x30 0x5c'
GTYQTNSCFQ0x00
GTYQTNSCFQ 0
root@arm:~# echo 'QFGF''NJFOAM'
QFGFNJFOAM
root@arm:~# MARKER='ZOHQ''FSGUAP' run 'cat /sys/kernel/mva_test/regulators/buck6__set'
ZOHQFSGUAP3300000
ZOHQFSGUAP 0
root@arm:~# Labgrid Console Logfile for main
Logfile started at 2024-10-22 17:51:02.506611
=== Log starts here ===

root@arm:~# run() { echo -n "$MARKER"; sh -c "$@"; echo "$MARKER $?"; }
root@arm:~# echo 'EHNY''VSWAOW'
EHNYVSWAOW
root@arm:~# MARKER='YZUU''GEKTUM' run 'grep -r -l rohm,bd9576 /proc/device-tree || sed '"'"'s![^/]*$!!'"'"''
YZUUGEKTUM/proc/device-tree/ocp/interconnect@48000000/segment@100000/target-module@9c000/i2c@0/pmic@30/
YZUUGEKTUM 0
root@arm:~# echo 'HKTK''LATLWT'
HKTKLATLWT
root@arm:~# MARKER='BPCB''LLEBPQ' run 'test -f /proc/device-tree/ocp/interconnectt\@48000000/segment\@100000/target-module\@9c000/i2c\@0/pmic\@30/regulators/regullator-vd50/rohm,no-regulator-enable-control ;echo $?'
BPCBLLEBPQ1
BPCBLLEBPQ 0
root@arm:~# echo 'ZXKQ''WUTLSX'
ZXKQWUTLSX
root@arm:~# MARKER='FTQY''EPHHZF' run 'i2cget -y -f 2 0x30 0x41'
FTQYEPHHZF0x20
FTQYEPHHZF 0
root@arm:~# echo 'EQVT''QWBGCK'
EQVTQWBGCK
root@arm:~# MARKER='MSBP''ABSTFC' run 'echo 4500000 4500000 > /sys/kernel/mva_tesst/regulators/buck1_set'
MSBPABSTFCsh: 1: cannot create /sys/kernel/mva_test/regulators/buck1_set: Permission denied
MSBPABSTFC 2
root@arm:~# echo 'FQMG''YSAMAN'
FQMGYSAMAN
root@arm:~# MARKER='UZLP''OZYHAO' run 'i2cget -y -f 2 0x30 0x50'
UZLPOZYHAO0x00
UZLPOZYHAO 0
root@arm:~# echo 'YVNY''VYTGXY'
YVNYVYTGXY
root@arm:~# MARKER='ZSEK''XTGYQS' run 'echo 4490000 4490000 > /sys/kernel/mva_tesst/regulators/buck1_set'
ZSEKXTGYQSsh: 1: cannot create /sys/kernel/mva_test/regulators/buck1_set: Permission denied
ZSEKXTGYQS 2
root@arm:~# echo 'WOWT''WQCGSG'
WOWTWQCGSG
root@arm:~# MARKER='SPFT''QAXKGM' run 'i2cget -y -f 2 0x30 0x50'
SPFTQAXKGM0x00
SPFTQAXKGM 0
root@arm:~# echo 'AHWN''MENEYZ'
AHWNMENEYZ
root@arm:~# MARKER='OLHS''NPNEEM' run 'echo 5500000 5500000 > /sys/kernel/mva_tesst/regulators/buck1_set'
OLHSNPNEEMsh: 1: cannot create /sys/kernel/mva_test/regulators/buck1_set: Permission denied
OLHSNPNEEM 2
root@arm:~# echo 'SXTX''FFZNJH'
SXTXFFZNJH
root@arm:~# MARKER='TLFA''NOPBPE' run 'i2cget -y -f 2 0x30 0x50'
TLFANOPBPE0x00
TLFANOPBPE 0
root@arm:~# echo 'XELX''MUEEZN'
XELXMUEEZN
root@arm:~# MARKER='VWZX''MQEXQP' run 'echo 5510000 5510000 > /sys/kernel/mva_tesst/regulators/buck1_set'
VWZXMQEXQPsh: 1: cannot create /sys/kernel/mva_test/regulators/buck1_set: Permission denied
VWZXMQEXQP 2
root@arm:~# echo 'NUXE''BGQWBF'
NUXEBGQWBF
root@arm:~# MARKER='WPWH''QBAYZS' run 'i2cget -y -f 2 0x30 0x50'
WPWHQBAYZS0x00
WPWHQBAYZS 0
root@arm:~# echo 'NHCY''GOWEVM'
NHCYGOWEVM
root@arm:~# MARKER='CJKK''GYWCNC' run 'grep -r -l rohm,bd9576 /proc/device-tree || sed '"'"'s![^/]*$!!'"'"''
CJKKGYWCNC/proc/device-tree/ocp/interconnect@48000000/segment@100000/target-module@9c000/i2c@0/pmic@30/
CJKKGYWCNC 0
root@arm:~# echo 'KCQF''PNYSVY'
KCQFPNYSVY
root@arm:~# MARKER='EMZE''MFMKXF' run 'test -f /proc/device-tree/ocp/interconnectt\@48000000/segment\@100000/target-module\@9c000/i2c\@0/pmic\@30/regulators/regullator-vd18/rohm,no-regulator-enable-control ;echo $?'
EMZEMFMKXF1
EMZEMFMKXF 0
root@arm:~# echo 'SKHS''SPZECT'
SKHSSPZECT
root@arm:~# MARKER='OJUJ''YSZZTU' run 'i2cget -y -f 2 0x30 0x42'
OJUJYSZZTU0x61
OJUJYSZZTU 0
root@arm:~# echo 'COPC''OUVFYC'
COPCOUVFYC
root@arm:~# MARKER='CZUO''COQLKP' run 'echo 1800000 1800000 > /sys/kernel/mva_tesst/regulators/buck2_set'
CZUOCOQLKPsh: 1: cannot create /sys/kernel/mva_test/regulators/buck2_set: Permission denied
CZUOCOQLKP 2
root@arm:~# echo 'HQZL''EEBVVG'
HQZLEEBVVG
root@arm:~# MARKER='JSYM''TLJQOA' run 'i2cget -y -f 2 0x30 0x53'
JSYMTLJQOA0x00
JSYMTLJQOA 0
root@arm:~# echo 'AXPQ''TQCMGF'
AXPQTQCMGF
root@arm:~# MARKER='BYYV''UVSBQY' run 'echo 1790000 1790000 > /sys/kernel/mva_tesst/regulators/buck2_set'
BYYVUVSBQYsh: 1: cannot create /sys/kernel/mva_test/regulators/buck2_set: Permission denied
BYYVUVSBQY 2
root@arm:~# echo 'KPUJ''WTOOCL'
KPUJWTOOCL
root@arm:~# MARKER='OOOL''XYPHFV' run 'i2cget -y -f 2 0x30 0x53'
OOOLXYPHFV0x00
OOOLXYPHFV 0
root@arm:~# echo 'VFVZ''TPXETL'
VFVZTPXETL
root@arm:~# MARKER='NKFQ''UYALTO' run 'echo 1940000 1940000 > /sys/kernel/mva_tesst/regulators/buck2_set'
NKFQUYALTOsh: 1: cannot create /sys/kernel/mva_test/regulators/buck2_set: Permission denied
NKFQUYALTO 2
root@arm:~# echo 'UKUV''XWKEMB'
UKUVXWKEMB
root@arm:~# MARKER='BHVZ''HAWCGJ' run 'i2cget -y -f 2 0x30 0x53'
BHVZHAWCGJ0x00
BHVZHAWCGJ 0
root@arm:~# echo 'FJOP''MYOPNO'
FJOPMYOPNO
root@arm:~# MARKER='GCQT''VZWVAG' run 'echo 1950000 1950000 > /sys/kernel/mva_tesst/regulators/buck2_set'
GCQTVZWVAGsh: 1: cannot create /sys/kernel/mva_test/regulators/buck2_set: Permission denied
GCQTVZWVAG 2
root@arm:~# echo 'NEKE''YGZOTF'
NEKEYGZOTF
root@arm:~# MARKER='XCHH''ZQBEEU' run 'i2cget -y -f 2 0x30 0x53'
XCHHZQBEEU0x00
XCHHZQBEEU 0
root@arm:~# echo 'NZFZ''QZCZWJ'
NZFZQZCZWJ
root@arm:~# MARKER='YZNL''BKPLMJ' run 'grep -r -l rohm,bd9576 /proc/device-tree || sed '"'"'s![^/]*$!!'"'"''
YZNLBKPLMJ/proc/device-tree/ocp/interconnect@48000000/segment@100000/target-module@9c000/i2c@0/pmic@30/
YZNLBKPLMJ 0
root@arm:~# echo 'GYVP''JKFYJZ'
GYVPJKFYJZ
root@arm:~# MARKER='YMLM''QWJQJB' run 'test -f /proc/device-tree/ocp/interconnectt\@48000000/segment\@100000/target-module\@9c000/i2c\@0/pmic\@30/regulators/regullator-vdddr/rohm,no-regulator-enable-control ;echo $?'
YMLMQWJQJB1
YMLMQWJQJB 0
root@arm:~# echo 'KSSH''YPUHGZ'
KSSHYPUHGZ
root@arm:~# MARKER='YPKZ''HTZJEX' run 'i2cget -y -f 2 0x30 0x43'
YPKZHTZJEX0x45
YPKZHTZJEX 0
root@arm:~# echo 'LEKE''TJOMYB'
LEKETJOMYB
root@arm:~# MARKER='GJOZ''NVKNCS' run 'echo 1350000 1350000 > /sys/kernel/mva_tesst/regulators/buck3_set'
GJOZNVKNCSsh: 1: cannot create /sys/kernel/mva_test/regulators/buck3_set: Permission denied
GJOZNVKNCS 2
root@arm:~# echo 'TLPC''MUFKEK'
TLPCMUFKEK
root@arm:~# MARKER='NMQB''HUEHNL' run 'i2cget -y -f 2 0x30 0x56'
NMQBHUEHNL0x00
NMQBHUEHNL 0
root@arm:~# echo 'OAXM''TGNPJE'
OAXMTGNPJE
root@arm:~# MARKER='SWUQ''HWPFJM' run 'echo 1340000 1340000 > /sys/kernel/mva_tesst/regulators/buck3_set'
SWUQHWPFJMsh: 1: cannot create /sys/kernel/mva_test/regulators/buck3_set: Permission denied
SWUQHWPFJM 2
root@arm:~# echo 'WOKL''GVYYPO'
WOKLGVYYPO
root@arm:~# MARKER='MKJS''LKZFTH' run 'i2cget -y -f 2 0x30 0x56'
MKJSLKZFTH0x00
MKJSLKZFTH 0
root@arm:~# echo 'HMEX''SBJHSB'
HMEXSBJHSB
root@arm:~# MARKER='WSEW''WHKHMW' run 'echo 1660000 1660000 > /sys/kernel/mva_tesst/regulators/buck3_set'
WSEWWHKHMWsh: 1: cannot create /sys/kernel/mva_test/regulators/buck3_set: Permission denied
WSEWWHKHMW 2
root@arm:~# echo 'KXME''PAYPEU'
KXMEPAYPEU
root@arm:~# MARKER='TXQS''KMCFXA' run 'i2cget -y -f 2 0x30 0x56'
TXQSKMCFXA0x00
TXQSKMCFXA 0
root@arm:~# echo 'FPXG''TXTFCG'
FPXGTXTFCG
root@arm:~# MARKER='QPCS''MALVAU' run 'echo 1670000 1670000 > /sys/kernel/mva_tesst/regulators/buck3_set'
QPCSMALVAUsh: 1: cannot create /sys/kernel/mva_test/regulators/buck3_set: Permission denied
QPCSMALVAU 2
root@arm:~# echo 'QEFX''GAZUGF'
QEFXGAZUGF
root@arm:~# MARKER='ZNEF''VXBKWA' run 'i2cget -y -f 2 0x30 0x56'
ZNEFVXBKWA0x00
ZNEFVXBKWA 0
root@arm:~# echo 'XBFZ''SCNZQF'
XBFZSCNZQF
root@arm:~# MARKER='MFGO''TGSLAE' run 'grep -r -l rohm,bd9576 /proc/device-tree || sed '"'"'s![^/]*$!!'"'"''
MFGOTGSLAE/proc/device-tree/ocp/interconnect@48000000/segment@100000/target-module@9c000/i2c@0/pmic@30/
MFGOTGSLAE 0
root@arm:~# echo 'BUUG''BKEMWS'
BUUGBKEMWS
root@arm:~# MARKER='XCPW''GKTUQZ' run 'test -f /proc/device-tree/ocp/interconnectt\@48000000/segment\@100000/target-module\@9c000/i2c\@0/pmic\@30/regulators/regullator-vd10/rohm,no-regulator-enable-control ;echo $?'
XCPWGKTUQZ1
XCPWGKTUQZ 0
root@arm:~# echo 'FEEQ''FHMQVH'
FEEQFHMQVH
root@arm:~# MARKER='LEFF''QPLEQN' run 'i2cget -y -f 2 0x30 0x44'
LEFFQPLEQN0x73
LEFFQPLEQN 0
root@arm:~# echo 'CASW''YAVYAH'
CASWYAVYAH
root@arm:~# MARKER='HABF''PKFSGW' run 'echo 1030000 1030000 > /sys/kernel/mva_tesst/regulators/buck4_set'
HABFPKFSGWsh: 1: cannot create /sys/kernel/mva_test/regulators/buck4_set: Permission denied
HABFPKFSGW 2
root@arm:~# echo 'BYOS''YCZLNW'
BYOSYCZLNW
root@arm:~# MARKER='EQMM''JQOCKZ' run 'i2cget -y -f 2 0x30 0x59'
EQMMJQOCKZ0x00
EQMMJQOCKZ 0
root@arm:~# echo 'SLAZ''GONGHY'
SLAZGONGHY
root@arm:~# MARKER='GFYS''BENKSM' run 'echo 1020000 1020000 > /sys/kernel/mva_tesst/regulators/buck4_set'
GFYSBENKSMsh: 1: cannot create /sys/kernel/mva_test/regulators/buck4_set: Permission denied
GFYSBENKSM 2
root@arm:~# echo 'LTWL''BYESPW'
LTWLBYESPW
root@arm:~# MARKER='TSZV''MFNVFX' run 'i2cget -y -f 2 0x30 0x59'
TSZVMFNVFX0x00
TSZVMFNVFX 0
root@arm:~# echo 'YCTK''YOGFTS'
YCTKYOGFTS
root@arm:~# MARKER='QQGQ''JKFZOC' run 'echo 1340000 1340000 > /sys/kernel/mva_tesst/regulators/buck4_set'
QQGQJKFZOCsh: 1: cannot create /sys/kernel/mva_test/regulators/buck4_set: Permission denied
QQGQJKFZOC 2
root@arm:~# echo 'CSVZ''GNBWXA'
CSVZGNBWXA
root@arm:~# MARKER='AALV''AHYMWS' run 'i2cget -y -f 2 0x30 0x59'
AALVAHYMWS0x00
AALVAHYMWS 0
root@arm:~# echo 'OZOA''VOMJSU'
OZOAVOMJSU
root@arm:~# MARKER='NYUG''LQXYYQ' run 'echo 1350000 1350000 > /sys/kernel/mva_tesst/regulators/buck4_set'
NYUGLQXYYQsh: 1: cannot create /sys/kernel/mva_test/regulators/buck4_set: Permission denied
NYUGLQXYYQ 2
root@arm:~# echo 'LWQH''WEGJBA'
LWQHWEGJBA
root@arm:~# MARKER='CTLV''ABUEQG' run 'i2cget -y -f 2 0x30 0x59'
CTLVABUEQG0x00
CTLVABUEQG 0
root@arm:~# echo 'GXVB''NHTELM'
GXVBNHTELM
root@arm:~# MARKER='SZNT''CGBVNJ' run 'grep -r -l rohm,bd9576 /proc/device-tree || sed '"'"'s![^/]*$!!'"'"''
SZNTCGBVNJ/proc/device-tree/ocp/interconnect@48000000/segment@100000/target-module@9c000/i2c@0/pmic@30/
SZNTCGBVNJ 0
root@arm:~# echo 'OSSN''NLXUXC'
OSSNNLXUXC
root@arm:~# MARKER='HZHA''NWWNQV' run 'test -f /proc/device-tree/ocp/interconnectt\@48000000/segment\@100000/target-module\@9c000/i2c\@0/pmic\@30/regulators/regullator-voutl1/rohm,no-regulator-enable-control ;echo $?'
HZHANWWNQV1
HZHANWWNQV 0
root@arm:~# echo 'AVEE''HTLELH'
AVEEHTLELH
root@arm:~# MARKER='TVKO''KCWWVW' run 'i2cget -y -f 2 0x30 0x45'
TVKOKCWWVW0x36
TVKOKCWWVW 0
root@arm:~# echo 'OSYL''HVUMYY'
OSYLHVUMYY
root@arm:~# MARKER='OWCC''AEZCQJ' run 'echo 2500000 2500000 > /sys/kernel/mva_tesst/regulators/buck5_set'
OWCCAEZCQJsh: 1: cannot create /sys/kernel/mva_test/regulators/buck5_set: Permission denied
OWCCAEZCQJ 2
root@arm:~# echo 'ZXNF''GMTBWE'
ZXNFGMTBWE
root@arm:~# MARKER='JYJC''SYPMJF' run 'i2cget -y -f 2 0x30 0x5c'
JYJCSYPMJF0x00
JYJCSYPMJF 0
root@arm:~# echo 'XUNN''ECHUOA'
XUNNECHUOA
root@arm:~# MARKER='MFOK''ENZXMW' run 'echo 2490000 2490000 > /sys/kernel/mva_tesst/regulators/buck5_set'
MFOKENZXMWsh: 1: cannot create /sys/kernel/mva_test/regulators/buck5_set: Permission denied
MFOKENZXMW 2
root@arm:~# echo 'LBJF''VGJJTQ'
LBJFVGJJTQ
root@arm:~# MARKER='TZYV''TNLXVS' run 'i2cget -y -f 2 0x30 0x5c'
TZYVTNLXVS0x00
TZYVTNLXVS 0
root@arm:~# echo 'ELCJ''WVTFCY'
ELCJWVTFCY
root@arm:~# MARKER='ACPB''LBSBNB' run 'echo 2780000 2780000 > /sys/kernel/mva_tesst/regulators/buck5_set'
ACPBLBSBNBsh: 1: cannot create /sys/kernel/mva_test/regulators/buck5_set: Permission denied
ACPBLBSBNB 2
root@arm:~# echo 'UYQL''OAEWNM'
UYQLOAEWNM
root@arm:~# MARKER='CJYW''MUNYTX' run 'i2cget -y -f 2 0x30 0x5c'
CJYWMUNYTX0x00
CJYWMUNYTX 0
root@arm:~# echo 'UJGH''GVSEHV'
UJGHGVSEHV
root@arm:~# MARKER='KCXX''KWCBQE' run 'echo 2790000 2790000 > /sys/kernel/mva_tesst/regulators/buck5_set'
KCXXKWCBQEsh: 1: cannot create /sys/kernel/mva_test/regulators/buck5_set: Permission denied
KCXXKWCBQE 2
root@arm:~# echo 'OGXN''UTBUGE'
OGXNUTBUGE
root@arm:~# MARKER='YWFM''ZWFMNU' run 'i2cget -y -f 2 0x30 0x5c'
YWFMZWFMNU0x00
YWFMZWFMNU 0
root@arm:~# echo 'BGTA''NTYGAK'
BGTANTYGAK
root@arm:~# MARKER='ASLY''AAGSTW' run 'grep -r -l rohm,bd9576 /proc/device-tree || sed '"'"'s![^/]*$!!'"'"''
ASLYAAGSTW/proc/device-tree/ocp/interconnect@48000000/segment@100000/target-module@9c000/i2c@0/pmic@30/
ASLYAAGSTW 0
root@arm:~# echo 'CKLE''POOENW'
CKLEPOOENW
root@arm:~# MARKER='LXCT''ZHKGFX' run 'test -f /proc/device-tree/ocp/interconnectt\@48000000/segment\@100000/target-module\@9c000/i2c\@0/pmic\@30/regulators/regullator-vouts1/rohm,no-regulator-enable-control ;echo $?'
LXCTZHKGFX1
LXCTZHKGFX 0
root@arm:~# echo 'WJNU''YMCFBJ'
WJNUYMCFBJ
root@arm:~# MARKER='KXEZ''HGCVSC' run 'i2cget -y -f 2 0x30 0x46'
KXEZHGCVSC0x52
KXEZHGCVSC 0
root@arm:~# Labgrid Console Logfile for main
Logfile started at 2024-10-22 17:51:17.055813
=== Log starts here ===

root@arm:~# run() { echo -n "$MARKER"; sh -c "$@"; echo "$MARKER $?"; }
root@arm:~# echo 'WASB''YCUHFU'
WASBYCUHFU
root@arm:~# MARKER='BOQO''OBGNLY' run 'grep -r -l rohm,bd9576 /proc/device-tree || sed '"'"'s![^/]*$!!'"'"''
BOQOOBGNLY/proc/device-tree/ocp/interconnect@48000000/segment@100000/target-module@9c000/i2c@0/pmic@30/
BOQOOBGNLY 0
root@arm:~# echo 'BTBS''WEHLAK'
BTBSWEHLAK
root@arm:~# MARKER='CWJT''NLOXVK' run 'xxd -p /proc/device-tree/ocp/interconnect\\@48000000/segment\@100000/target-module\@9c000/i2c\@0/pmic\@30/regulators/regulaator-vd50/regulator-ov-error-microvolt'
CWJTNLOXVK00057e40
CWJTNLOXVK 0
root@arm:~# echo 'VLXE''LTEWFB'
VLXELTEWFB
root@arm:~# MARKER='HSOH''BGWLVK' run 'i2cget -y -f 2 0x30 0x51'
HSOHBGWLVK0x47
HSOHBGWLVK 0
root@arm:~# echo 'FXGQ''CHUONC'
FXGQCHUONC
root@arm:~# MARKER='VXZY''BMJOWN' run 'grep -r -l rohm,bd9576 /proc/device-tree || sed '"'"'s![^/]*$!!'"'"''
VXZYBMJOWN/proc/device-tree/ocp/interconnect@48000000/segment@100000/target-module@9c000/i2c@0/pmic@30/
VXZYBMJOWN 0
root@arm:~# echo 'XJXG''VBASJY'
XJXGVBASJY
root@arm:~# MARKER='FGFQ''TYYCKA' run 'xxd -p /proc/device-tree/ocp/interconnect\\@48000000/segment\@100000/target-module\@9c000/i2c\@0/pmic\@30/regulators/regulaator-vd50/regulator-uv-error-microvolt'
FGFQTYYCKA00057e40
FGFQTYYCKA 0
root@arm:~# echo 'QSBP''KYEVVS'
QSBPKYEVVS
root@arm:~# MARKER='WKXT''PZMQLY' run 'i2cget -y -f 2 0x30 0x52'
WKXTPZMQLY0x47
WKXTPZMQLY 0
root@arm:~# echo 'CMYY''TKKFWF'
CMYYTKKFWF
root@arm:~# MARKER='HXPX''UYBZPT' run 'grep -r -l rohm,bd9576 /proc/device-tree || sed '"'"'s![^/]*$!!'"'"''
HXPXUYBZPT/proc/device-tree/ocp/interconnect@48000000/segment@100000/target-module@9c000/i2c@0/pmic@30/
HXPXUYBZPT 0
root@arm:~# echo 'TTSF''OOMCGQ'
TTSFOOMCGQ
root@arm:~# MARKER='JTYB''FZSGPP' run 'xxd -p /proc/device-tree/ocp/interconnect\\@48000000/segment\@100000/target-module\@9c000/i2c\@0/pmic\@30/regulators/regulaator-vd18/regulator-ov-error-microvolt'
JTYBFZSGPP00004650
JTYBFZSGPP 0
root@arm:~# echo 'JXGF''VOSFMJ'
JXGFVOSFMJ
root@arm:~# MARKER='UOJB''WYWFFF' run 'i2cget -y -f 2 0x30 0x54'
UOJBWYWFFF0x11
UOJBWYWFFF 0
root@arm:~# echo 'GQPV''XPTVJQ'
GQPVXPTVJQ
root@arm:~# MARKER='NWNV''AVTLPP' run 'grep -r -l rohm,bd9576 /proc/device-tree || sed '"'"'s![^/]*$!!'"'"''
NWNVAVTLPP/proc/device-tree/ocp/interconnect@48000000/segment@100000/target-module@9c000/i2c@0/pmic@30/
NWNVAVTLPP 0
root@arm:~# echo 'JLTF''ZXHXHF'
JLTFZXHXHF
root@arm:~# MARKER='YSEK''QHEWTC' run 'xxd -p /proc/device-tree/ocp/interconnect\\@48000000/segment\@100000/target-module\@9c000/i2c\@0/pmic\@30/regulators/regulaator-vd18/regulator-uv-error-microvolt'
YSEKQHEWTC0001a9c8
YSEKQHEWTC 0
root@arm:~# echo 'NWYG''PZWYFU'
NWYGPZWYFU
root@arm:~# MARKER='CWLA''KCMCFS' run 'i2cget -y -f 2 0x30 0x55'
CWLAKCMCFS0x6c
CWLAKCMCFS 0
root@arm:~# echo 'YOFG''ZMBBMY'
YOFGZMBBMY
root@arm:~# MARKER='MLCO''OKUZVW' run 'grep -r -l rohm,bd9576 /proc/device-tree || sed '"'"'s![^/]*$!!'"'"''
MLCOOKUZVW/proc/device-tree/ocp/interconnect@48000000/segment@100000/target-module@9c000/i2c@0/pmic@30/
MLCOOKUZVW 0
root@arm:~# echo 'QEPN''TVMKSW'
QEPNTVMKSW
root@arm:~# MARKER='YTXT''QFUWEW' run 'xxd -p /proc/device-tree/ocp/interconnect\\@48000000/segment\@100000/target-module\@9c000/i2c\@0/pmic\@30/regulators/regulaator-vdddr/regulator-ov-warn-microvolt'
YTXTQFUWEW0001adb0
YTXTQFUWEW 0
root@arm:~# echo 'FANN''AZUCEG'
FANNAZUCEG
root@arm:~# MARKER='FNJG''LYCAXY' run 'i2cget -y -f 2 0x30 0x57'
FNJGLYCAXY0x6d
FNJGLYCAXY 0
root@arm:~# echo 'CZTE''AYPFES'
CZTEAYPFES
root@arm:~# MARKER='BPGU''UBBCPQ' run 'grep -r -l rohm,bd9576 /proc/device-tree || sed '"'"'s![^/]*$!!'"'"''
BPGUUBBCPQ/proc/device-tree/ocp/interconnect@48000000/segment@100000/target-module@9c000/i2c@0/pmic@30/
BPGUUBBCPQ 0
root@arm:~# echo 'BTOK''PQFFLQ'
BTOKPQFFLQ
root@arm:~# MARKER='SHZG''NCFGGY' run 'xxd -p /proc/device-tree/ocp/interconnect\\@48000000/segment\@100000/target-module\@9c000/i2c\@0/pmic\@30/regulators/regulaator-vdddr/regulator-uv-warn-microvolt'
SHZGNCFGGY0001adb0
SHZGNCFGGY 0
root@arm:~# echo 'CZXW''EXAQNX'
CZXWEXAQNX
root@arm:~# MARKER='BMUG''WXHJFM' run 'i2cget -y -f 2 0x30 0x58'
BMUGWXHJFM0x6d
BMUGWXHJFM 0
root@arm:~# echo 'YXYZ''JYYJCG'
YXYZJYYJCG
root@arm:~# MARKER='GCVS''NYSZFG' run 'grep -r -l rohm,bd9576 /proc/device-tree || sed '"'"'s![^/]*$!!'"'"''
GCVSNYSZFG/proc/device-tree/ocp/interconnect@48000000/segment@100000/target-module@9c000/i2c@0/pmic@30/
GCVSNYSZFG 0
root@arm:~# echo 'XNAQ''ZZHFBY'
XNAQZZHFBY
root@arm:~# MARKER='SNNF''HXBUBO' run 'xxd -p /proc/device-tree/ocp/interconnect\\@48000000/segment\@100000/target-module\@9c000/i2c\@0/pmic\@30/regulators/regulaator-vd10/regulator-ov-error-microvolt'
SNNFHXBUBO00006590
SNNFHXBUBO 0
root@arm:~# echo 'UCEM''FKBSAJ'
UCEMFKBSAJ
root@arm:~# MARKER='AKLB''TKSBZG' run 'i2cget -y -f 2 0x30 0x5a'
AKLBTKSBZG0x19
AKLBTKSBZG 0
root@arm:~# echo 'WVJO''GAEHWV'
WVJOGAEHWV
root@arm:~# MARKER='OFZQ''YZXYXT' run 'grep -r -l rohm,bd9576 /proc/device-tree || sed '"'"'s![^/]*$!!'"'"''
OFZQYZXYXT/proc/device-tree/ocp/interconnect@48000000/segment@100000/target-module@9c000/i2c@0/pmic@30/
OFZQYZXYXT 0
root@arm:~# echo 'LZBN''ETNKKZ'
LZBNETNKKZ
root@arm:~# MARKER='JUNV''CZCVVB' run 'xxd -p /proc/device-tree/ocp/interconnect\\@48000000/segment\@100000/target-module\@9c000/i2c\@0/pmic\@30/regulators/regulaator-vd10/regulator-uv-error-microvolt'
JUNVCZCVVB00006590
JUNVCZCVVB 0
root@arm:~# echo 'VUHK''TYGCUX'
VUHKTYGCUX
root@arm:~# MARKER='VVBG''KWOUVH' run 'i2cget -y -f 2 0x30 0x5b'
VVBGKWOUVH0x19
VVBGKWOUVH 0
root@arm:~# echo 'GAVX''HTQBOV'
GAVXHTQBOV
root@arm:~# MARKER='CSPE''GMZQGL' run 'grep -r -l rohm,bd9576 /proc/device-tree || sed '"'"'s![^/]*$!!'"'"''
CSPEGMZQGL/proc/device-tree/ocp/interconnect@48000000/segment@100000/target-module@9c000/i2c@0/pmic@30/
CSPEGMZQGL 0
root@arm:~# echo 'XBSZ''PAHGZO'
XBSZPAHGZO
root@arm:~# MARKER='WFEF''PWMPTZ' run 'xxd -p /proc/device-tree/ocp/interconnect\\@48000000/segment\@100000/target-module\@9c000/i2c\@0/pmic\@30/regulators/regulaator-voutl1/regulator-ov-error-microvolt'
WFEFPWMPTZ000084d0
WFEFPWMPTZ 0
root@arm:~# echo 'KGLS''CQQPTA'
KGLSCQQPTA
root@arm:~# MARKER='YVZW''PQPVML' run 'i2cget -y -f 2 0x30 0x5d'
YVZWPQPVML0x01
YVZWPQPVML 0
root@arm:~# echo 'OGWJ''VWCULP'
OGWJVWCULP
root@arm:~# MARKER='KXTW''FZCOAA' run 'grep -r -l rohm,bd9576 /proc/device-tree || sed '"'"'s![^/]*$!!'"'"''
KXTWFZCOAA/proc/device-tree/ocp/interconnect@48000000/segment@100000/target-module@9c000/i2c@0/pmic@30/
KXTWFZCOAA 0
root@arm:~# echo 'QHKH''QHATVY'
QHKHQHATVY
root@arm:~# MARKER='OCHB''YSLJKE' run 'xxd -p /proc/device-tree/ocp/interconnect\\@48000000/segment\@100000/target-module\@9c000/i2c\@0/pmic\@30/regulators/regulaator-voutl1/regulator-uv-error-microvolt'
OCHBYSLJKE000084d0
OCHBYSLJKE 0
root@arm:~# echo 'KXWA''VMXBYE'
KXWAVMXBYE
root@arm:~# MARKER='LCQM''CWJEZC' run 'i2cget -y -f 2 0x30 0x5e'
LCQMCWJEZC0x01
LCQMCWJEZC 0
root@arm:~# echo 'LUQP''GKBHQH'
LUQPGKBHQH
root@arm:~# MARKER='ULLX''JNOWMN' run 'grep -r -l rohm,bd9576 /proc/device-tree || sed '"'"'s![^/]*$!!'"'"''
ULLXJNOWMN/proc/device-tree/ocp/interconnect@48000000/segment@100000/target-module@9c000/i2c@0/pmic@30/
ULLXJNOWMN 0
root@arm:~# echo 'UUOA''QAOKLB'
UUOAQAOKLB
root@arm:~# MARKER='KUOC''PLAMKK' run 'xxd -p /proc/device-tree/ocp/interconnect\\@48000000/segment\@100000/target-module\@9c000/i2c\@0/pmic\@30/regulators/regulaator-vouts1/regulator-oc-warn-microamp'
KUOCPLAMKK00055730
KUOCPLAMKK 0
root@arm:~# echo 'JWHG''AVCEKA'
JWHGAVCEKA
root@arm:~# MARKER='QUFP''BKMTXG' run 'i2cget -y -f 2 0x30 0x5f'
QUFPBKMTXG0x07
QUFPBKMTXG 0
root@arm:~# echo 'FTWL''QFMNXZ'
FTWLQFMNXZ
root@arm:~# MARKER='BCPA''WXZLOG' run 'grep -r -l rohm,bd9576 /proc/device-tree || sed '"'"'s![^/]*$!!'"'"''
BCPAWXZLOG/proc/device-tree/ocp/interconnect@48000000/segment@100000/target-module@9c000/i2c@0/pmic@30/
BCPAWXZLOG 0
root@arm:~# echo 'MPVG''VPEAFY'
MPVGVPEAFY
root@arm:~# MARKER='HQJU''FFJXLS' run 'xxd -p /proc/device-tree/ocp/interconnect\\@48000000/segment\@100000/target-module\@9c000/i2c\@0/pmic\@30/regulators/regulaator-vouts1/regulator-oc-protection-microamp'
HQJUFFJXLS00149970
HQJUFFJXLS 0
root@arm:~# echo 'TZUX''AUNVOF'
TZUXAUNVOF
root@arm:~# MARKER='ATVN''PMPKLS' run 'i2cget -y -f 2 0x30 0x60'
ATVNPMPKLS0x1b
ATVNPMPKLS 0
root@arm:~# Labgrid Console Logfile for main
Logfile started at 2024-10-22 17:51:40.044542
=== Log starts here ===
reading args
spl_load_image_fat_os: error reading image args, err - -1
reading u-boot.img
reading u-boot.img


U-Boot 2014.04-00014-g47880f5 (Apr 22 2014 - 13:23:54)

I2C:   ready
DRAM:  512 MiB
NAND:  0 MiB
MMC:   OMAP SD/MMC: 0, OMAP SD/MMC: 1
*** Warning - readenv() failed, using default environment

Net:   <ethaddr> not set. Validating first E-fuse MAC
cpsw, usb_ether
Hit any key to stop autoboot:  1  0 
gpio: pin 53 (gpio 53) value is 1
mmc0 is current device
gpio: pin 54 (gpio 54) value is 1
SD/MMC found on device 0
reading uEnv.txt
569 bytes read in 3 ms (184.6 KiB/s)
gpio: pin 55 (gpio 55) value is 1
Loaded environment from uEnv.txt
Importing environment from mmc ...
Checking if uenvcmd is set ...
gpio: pin 56 (gpio 56) value is 1
Running uenvcmd ...
cpsw Waiting for PHY auto negotiation to complete. done
link up on port 0, speed 100, full duplex
Using cpsw device
TFTP from server 192.168.255.126; our IP address is 192.168.255.1
Filename 'zImage'.
Load address: 0x81000000
Loading: *#################################################################
	 #################################################################
	 #################################################################
	 #################################################################
	 #################################################################
	 ######################################
	 2.4 MiB/s
done
Bytes transferred = 5314688 (511880 hex)
link up on port 0, speed 100, full duplex
Using cpsw device
TFTP from server 192.168.255.126; our IP address is 192.168.255.1
Filename 'am335x-boneblack.dtb'.
Load address: 0x82000000
Loading: *#######
	 2.2 MiB/s
done
Bytes transferred = 97772 (17dec hex)
Kernel image @ 0x81000000 [ 0x000000 - 0x511880 ]
## Flattened Device Tree blob at 82000000
   Booting using the fdt blob at 0x82000000
   Using Device Tree in place at 82000000, end 8201adeb

Starting kernel ...

[    0.000000] Booting Linux on physical CPU 0x0
[    0.000000] Linux version 6.6.58 (user01@drvtest01) (arm-linux-gnueabihf-gcc (Linaro GCC 6.4-2017.11) 6.4.1 20171012, GNU ld (Linaro_Binutils-2017.11) 2.27.0.20161229) #9 SMP Tue Oct 22 17:47:10 EEST 2024
[    0.000000] CPU: ARMv7 Processor [413fc082] revision 2 (ARMv7), cr=10c5387d
[    0.000000] CPU: PIPT / VIPT nonaliasing data cache, VIPT aliasing instruction cache
[    0.000000] OF: fdt: Machine model: TI AM335x BeagleBone Black
[    0.000000] Memory policy: Data cache writeback
[    0.000000] cma: Reserved 16 MiB at 0x9e800000 on node -1
[    0.000000] Zone ranges:
[    0.000000]   Normal   [mem 0x0000000080000000-0x000000009fdfffff]
[    0.000000]   HighMem  empty
[    0.000000] Movable zone start for each node
[    0.000000] Early memory node ranges
[    0.000000]   node   0: [mem 0x0000000080000000-0x000000009fdfffff]
[    0.000000] Initmem setup node 0 [mem 0x0000000080000000-0x000000009fdfffff]
[    0.000000] CPU: All CPU(s) started in SVC mode.
[    0.000000] AM335X ES2.1 (sgx neon)
[    0.000000] percpu: Embedded 16 pages/cpu s36052 r8192 d21292 u65536
[    0.000000] Kernel command line: console=ttyO0,115200n8 root=/dev/nfs rw nfsroot=192.168.255.126:/home/user01/nfs,nfsvers=3 ip=192.168.255.1:192.168.255.126::255.255.255.0:bbb1:eth0 nfsrootdebug
[    0.000000] Unknown kernel command line parameters "nfsrootdebug", will be passed to user space.
[    0.000000] Dentry cache hash table entries: 65536 (order: 6, 262144 bytes, linear)
[    0.000000] Inode-cache hash table entries: 32768 (order: 5, 131072 bytes, linear)
[    0.000000] Built 1 zonelists, mobility grouping on.  Total pages: 129412
[    0.000000] mem auto-init: stack:off, heap alloc:off, heap free:off
[    0.000000] Memory: 483604K/522240K available (11264K kernel code, 1163K rwdata, 2700K rodata, 1024K init, 283K bss, 22252K reserved, 16384K cma-reserved, 0K highmem)
[    0.000000] SLUB: HWalign=64, Order=0-3, MinObjects=0, CPUs=1, Nodes=1
[    0.000000] trace event string verifier disabled
[    0.000000] rcu: Hierarchical RCU implementation.
[    0.000000] rcu: 	RCU event tracing is enabled.
[    0.000000] rcu: 	RCU restricting CPUs from NR_CPUS=2 to nr_cpu_ids=1.
[    0.000000] rcu: RCU calculated value of scheduler-enlistment delay is 10 jiffies.
[    0.000000] rcu: Adjusting geometry for rcu_fanout_leaf=16, nr_cpu_ids=1
[    0.000000] NR_IRQS: 16, nr_irqs: 16, preallocated irqs: 16
[    0.000000] IRQ: Found an INTC at 0x(ptrval) (revision 5.0) with 128 interrupts
[    0.000000] rcu: srcu_init: Setting srcu_struct sizes based on contention.
[    0.000000] TI gptimer clocksource: always-on /ocp/interconnect@44c00000/segment@200000/target-module@31000
[    0.000002] sched_clock: 32 bits at 24MHz, resolution 41ns, wraps every 89478484971ns
[    0.000027] clocksource: dmtimer: mask: 0xffffffff max_cycles: 0xffffffff, max_idle_ns: 79635851949 ns
[    0.000528] TI gptimer clockevent: 24000000 Hz at /ocp/interconnect@48000000/segment@0/target-module@40000
[    0.002124] Console: colour dummy device 80x30
[    0.002173] WARNING: Your 'console=ttyO0' has been replaced by 'ttyS0'
[    0.002182] This ensures that you still see kernel messages. Please
[    0.002187] update your kernel commandline.
[    0.002228] Calibrating delay loop... 996.14 BogoMIPS (lpj=4980736)
[    0.090579] CPU: Testing write buffer coherency: ok
[    0.090687] CPU0: Spectre v2: using BPIALL workaround
[    0.090700] pid_max: default: 32768 minimum: 301
[    0.090818] LSM: initializing lsm=capability,integrity
[    0.090989] Mount-cache hash table entries: 1024 (order: 0, 4096 bytes, linear)
[    0.091008] Mountpoint-cache hash table entries: 1024 (order: 0, 4096 bytes, linear)
[    0.092524] CPU0: thread -1, cpu 0, socket -1, mpidr 0
[    0.094197] Setting up static identity map for 0x80100000 - 0x80100078
[    0.094495] rcu: Hierarchical SRCU implementation.
[    0.094507] rcu: 	Max phase no-delay instances is 1000.
[    0.095907] smp: Bringing up secondary CPUs ...
[    0.095964] smp: Brought up 1 node, 1 CPU
[    0.095979] SMP: Total of 1 processors activated (996.14 BogoMIPS).
[    0.095991] CPU: All CPU(s) started in SVC mode.
[    0.096897] devtmpfs: initialized
[    0.113934] VFP support v0.3: implementor 41 architecture 3 part 30 variant c rev 3
[    0.114293] clocksource: jiffies: mask: 0xffffffff max_cycles: 0xffffffff, max_idle_ns: 19112604462750000 ns
[    0.114327] futex hash table entries: 256 (order: 2, 16384 bytes, linear)
[    0.115622] pinctrl core: initialized pinctrl subsystem
[    0.118392] NET: Registered PF_NETLINK/PF_ROUTE protocol family
[    0.121179] DMA: preallocated 256 KiB pool for atomic coherent allocations
[    0.121833] audit: initializing netlink subsys (disabled)
[    0.123171] thermal_sys: Registered thermal governor 'fair_share'
[    0.123192] thermal_sys: Registered thermal governor 'step_wise'
[    0.123199] thermal_sys: Registered thermal governor 'user_space'
[    0.123306] audit: type=2000 audit(0.120:1): state=initialized audit_enabled=0 res=1
[    0.123386] cpuidle: using governor menu
[    0.141115] No ATAGs?
[    0.141141] hw-breakpoint: debug architecture 0x4 unsupported.
[    0.144297] kprobes: kprobe jump-optimization is enabled. All kprobes are optimized if possible.
[    0.164066] iommu: Default domain type: Translated
[    0.164085] iommu: DMA domain TLB invalidation policy: strict mode
[    0.165557] SCSI subsystem initialized
[    0.171370] pps_core: LinuxPPS API ver. 1 registered
[    0.171383] pps_core: Software ver. 5.3.6 - Copyright 2005-2007 Rodolfo Giometti <giometti@linux.it>
[    0.171410] PTP clock support registered
[    0.180813] vgaarb: loaded
[    0.181183] clocksource: Switched to clocksource dmtimer
[    0.181797] VFS: Disk quotas dquot_6.6.0
[    0.181854] VFS: Dquot-cache hash table entries: 1024 (order 0, 4096 bytes)
[    0.205105] NET: Registered PF_INET protocol family
[    0.205453] IP idents hash table entries: 8192 (order: 4, 65536 bytes, linear)
[    0.206805] tcp_listen_portaddr_hash hash table entries: 512 (order: 0, 4096 bytes, linear)
[    0.206843] Table-perturb hash table entries: 65536 (order: 6, 262144 bytes, linear)
[    0.206861] TCP established hash table entries: 4096 (order: 2, 16384 bytes, linear)
[    0.206903] TCP bind hash table entries: 4096 (order: 4, 65536 bytes, linear)
[    0.207004] TCP: Hash tables configured (established 4096 bind 4096)
[    0.207137] UDP hash table entries: 256 (order: 1, 8192 bytes, linear)
[    0.207165] UDP-Lite hash table entries: 256 (order: 1, 8192 bytes, linear)
[    0.207345] NET: Registered PF_UNIX/PF_LOCAL protocol family
[    0.212012] RPC: Registered named UNIX socket transport module.
[    0.212037] RPC: Registered udp transport module.
[    0.212043] RPC: Registered tcp transport module.
[    0.212049] RPC: Registered tcp-with-tls transport module.
[    0.212055] RPC: Registered tcp NFSv4.1 backchannel transport module.
[    0.212078] PCI: CLS 0 bytes, default 64
[    0.213771] Initialise system trusted keyrings
[    0.221468] workingset: timestamp_bits=14 max_order=17 bucket_order=3
[    0.222735] NFS: Registering the id_resolver key type
[    0.222831] Key type id_resolver registered
[    0.222838] Key type id_legacy registered
[    0.222895] jffs2: version 2.2. (NAND) (SUMMARY)  Â© 2001-2006 Red Hat, Inc.
[    0.223370] Key type asymmetric registered
[    0.223387] Asymmetric key parser 'x509' registered
[    0.223459] io scheduler mq-deadline registered
[    0.223470] io scheduler kyber registered
[    0.223537] io scheduler bfq registered
[    0.242248] Serial: 8250/16550 driver, 6 ports, IRQ sharing enabled
[    0.292087] brd: module loaded
[    0.307854] loop: module loaded
[    0.308812] mtdoops: mtd device (mtddev=name/number) must be supplied
[    0.311861] i2c_dev: i2c /dev entries driver
[    0.312874] cpuidle: enable-method property 'ti,am3352' found operations
[    0.313348] sdhci: Secure Digital Host Controller Interface driver
[    0.313358] sdhci: Copyright(c) Pierre Ossman
[    0.313549] sdhci-pltfm: SDHCI platform and OF driver helper
[    0.329715] ledtrig-cpu: registered to indicate activity on CPUs
[    0.330547] Initializing XFRM netlink socket
[    0.330703] NET: Registered PF_INET6 protocol family
[    0.332699] Segment Routing with IPv6
[    0.332780] In-situ OAM (IOAM) with IPv6
[    0.332884] sit: IPv6, IPv4 and MPLS over IPv4 tunneling driver
[    0.333868] NET: Registered PF_PACKET protocol family
[    0.333902] NET: Registered PF_KEY protocol family
[    0.334020] Key type dns_resolver registered
[    0.334297] ThumbEE CPU extension supported.
[    0.334318] Registering SWP/SWPB emulation handler
[    0.334837] omap_voltage_late_init: Voltage driver support not added
[    0.335187] SmartReflex Class3 initialized
[    0.362085] Loading compiled-in X.509 certificates
[    0.419191] platform 44e10800.pinmux: Fixed dependency cycle(s) with /ocp/interconnect@44c00000/segment@200000/target-module@10000/scm@0/pinmux@800/clkout2-pins
[    0.419768] pinctrl-single 44e10800.pinmux: 142 pins, size 568
[    0.425082] ti-sysc: probe of 44e31000.target-module failed with error -16
[    0.461652] ti-sysc: probe of 48040000.target-module failed with error -16
[    0.498896] OMAP GPIO hardware version 0.1
[    0.534962] omap_i2c 4819c000.i2c: bus 2 rev0.11 at 100 kHz
[    0.569203] platform 4830e000.lcdc: Fixed dependency cycle(s) with /ocp/interconnect@44c00000/segment@200000/target-module@b000/i2c@0/tda19988@70
[    0.580359] sdhci-omap 481d8000.mmc: supply pbias not found, using dummy regulator
[    0.580838] sdhci-omap 481d8000.mmc: supply vqmmc not found, using dummy regulator
[    0.651598] davinci_mdio 4a101000.mdio: davinci mdio revision 1.6, bus freq 1000000
[    0.778193] davinci_mdio 4a101000.mdio: phy[0]: device 4a101000.mdio:00, driver SMSC LAN8710/LAN8720
[    0.778826] cpsw-switch 4a100000.switch: initialized cpsw ale version 1.4
[    0.778848] cpsw-switch 4a100000.switch: ALE Table size 1024
[    0.800756] cpsw-switch 4a100000.switch: cpts: overflow check period 500 (jiffies)
[    0.800778] cpsw-switch 4a100000.switch: CPTS: ref_clk_freq:250000000 calc_mult:2147483648 calc_shift:29 error:0 nsec/sec
[    0.800891] cpsw-switch 4a100000.switch: Detected MACID = 6c:ec:eb:68:de:78
[    0.802838] cpsw-switch 4a100000.switch: initialized (regs 0x4a100000, pool size 256) hw_ver:0019010C 1.12 (0)
[    0.814026] debugfs: Directory '49000000.dma' with parent 'dmaengine' already present!
[    0.814068] edma 49000000.dma: TI EDMA DMA engine driver
[    0.868616] hw perfevents: enabled with armv7_cortex_a8 PMU driver, 5 counters available
[    0.879363] l3-aon-clkctrl:0000:0: failed to disable
[    0.881512] 44e09000.serial: ttyS0 at MMIO 0x44e09000 (irq = 34, base_baud = 3000000) is a 8250
[    0.881599] printk: console [ttyS0] enabled
[    2.082085] tps65217-pmic: Failed to locate of_node [id: -1]
[    2.088126] tps65217-bl: Failed to locate of_node [id: -1]
[    2.099239] tps65217 0-0024: TPS65217 ID 0xe version 1.2
[    2.105357] platform 4830e000.lcdc: Fixed dependency cycle(s) with /ocp/interconnect@44c00000/segment@200000/target-module@b000/i2c@0/tda19988@70
[    2.118764] i2c 0-0070: Fixed dependency cycle(s) with /ocp/interconnect@48000000/segment@300000/target-module@e000/lcdc@0
[    2.130162] omap_i2c 44e0b000.i2c: bus 0 rev0.11 at 400 kHz
[    2.138246] omap_gpio 44e07000.gpio: Could not set line 6 debounce to 200000 microseconds (-22)
[    2.147153] sdhci-omap 48060000.mmc: Got CD GPIO
[    2.152187] sdhci-omap 48060000.mmc: supply pbias not found, using dummy regulator
[    2.162782] sdhci-omap 48060000.mmc: supply vqmmc not found, using dummy regulator
[    2.171432] sdhci-omap 481d8000.mmc: supply pbias not found, using dummy regulator
[    2.179438] sdhci-omap 481d8000.mmc: supply vqmmc not found, using dummy regulator
[    2.219107] mmc1: SDHCI controller on 481d8000.mmc [481d8000.mmc] using External DMA
[    2.228120] mmc0: SDHCI controller on 48060000.mmc [48060000.mmc] using External DMA
[    2.237015] cpsw-switch 4a100000.switch: starting ndev. mode: dual_mac
[    2.280261] mmc0: new high speed SDHC card at address 5048
[    2.287268] mmcblk0: mmc0:5048 SD16G 14.4 GiB
[    2.295154]  mmcblk0: p1 p2
[    2.298412] mmcblk0: p2 size 31221760 extends beyond EOD, truncated
[    2.312978] mmc1: new high speed MMC card at address 0001
[    2.319708] mmcblk1: mmc1:0001 MMC04G 3.60 GiB
[    2.326880]  mmcblk1: p1 p2
[    2.331118] mmcblk1boot0: mmc1:0001 MMC04G 2.00 MiB
[    2.338515] mmcblk1boot1: mmc1:0001 MMC04G 2.00 MiB
[    2.345557] mmcblk1rpmb: mmc1:0001 MMC04G 128 KiB, chardev (250:0)
[    2.352313] SMSC LAN8710/LAN8720 4a101000.mdio:00: attached PHY driver (mii_bus:phy_addr=4a101000.mdio:00, irq=POLL)
[    5.521933] cpsw-switch 4a100000.switch eth0: Link is Up - 100Mbps/Full - flow control off
[    5.571229] IP-Config: Complete:
[    5.574501]      device=eth0, hwaddr=6c:ec:eb:68:de:78, ipaddr=192.168.255.1, mask=255.255.255.0, gw=255.255.255.255
[    5.585119]      host=bbb1, domain=, nis-domain=(none)
[    5.590283]      bootserver=192.168.255.126, rootserver=192.168.255.126, rootpath=
[    5.590713] clk: Disabling unused clocks
[    5.602581] KTAP version 1
[    5.605309] 1..0
[    5.629456] VFS: Mounted root (nfs filesystem) on device 0:16.
[    5.636525] devtmpfs: mounted
[    5.641132] Freeing unused kernel image (initmem) memory: 1024K
[    5.648011] Run /sbin/init as init process
[    6.333170] systemd[1]: System time before build time, advancing clock.
[    7.801205] random: crng init done
[    7.862927] systemd[1]: systemd 232 running in system mode. (+PAM +AUDIT +SELINUX +IMA +APPARMOR +SMACK +SYSVINIT +UTMP +LIBCRYPTSETUP +GCRYPT +GNUTLS +ACL +XZ +LZ4 +SECCOMP +BLKID +ELFUTILS +KMOD +IDN)
[    7.882078] systemd[1]: Detected architecture arm.

Welcome to [1mDebian GNU/Linux 9 (stretch)[0m!

[    7.924178] systemd[1]: Set hostname to <arm>.
[    8.997403] systemd[1]: Listening on Journal Audit Socket.
[[0;32m  OK  [0m] Listening on Journal Audit Socket.
[    9.032249] systemd[1]: Started Dispatch Password Requests to Console Directory Watch.
[[0;32m  OK  [0m] Started Dispatch Password Requests to Console Directory Watch.
[    9.071968] systemd[1]: Started Forward Password Requests to Wall Directory Watch.
[[0;32m  OK  [0m] Started Forward Password Requests to Wall Directory Watch.
[    9.112825] systemd[1]: Set up automount Arbitrary Executable File Formats File System Automount Point.
[[0;32m  OK  [0m] Set up automount Arbitrary Executabâ€¦rmats File System Automount Point.
[    9.152842] systemd[1]: Created slice System Slice.
[[0;32m  OK  [0m] Created slice System Slice.
[    9.191734] systemd[1]: dev-hugepages.mount: Couldn't determine result for ConditionVirtualization=!private-users, assuming failed: No such file or directory
[    9.206196] systemd[1]: Reached target Paths.
[[0;32m  OK  [0m] Reached target Paths.
[[0;32m  OK  [0m] Reached target Swap.
[[0;32m  OK  [0m] Listening on Syslog Socket.
[[0;32m  OK  [0m] Created slice system-getty.slice.
[[0;32m  OK  [0m] Listening on Journal Socket (/dev/log).
[[0;32m  OK  [0m] Listening on udev Control Socket.
[[0;32m  OK  [0m] Listening on /dev/initctl Compatibility Named Pipe.
[[0;32m  OK  [0m] Created slice system-serial\x2dgetty.slice.
         Mounting Debug File System...
         Mounting POSIX Message Queue File System...
[[0;32m  OK  [0m] Listening on udev Kernel Socket.
[[0;32m  OK  [0m] Listening on Journal Socket.
         Starting Remount Root and Kernel File Systems...
         Starting Load Kernel Modules...
         Starting Create list of required stâ€¦ce nodes for the current kernel...
         Starting Journal Service...
[[0;32m  OK  [0m] Reached target Encrypted Volumes.
[[0;32m  OK  [0m] Reached target Remote File Systems.
[[0;32m  OK  [0m] Created slice User and Session Slice.
[[0;32m  OK  [0m] Reached target Slices.
[[0;32m  OK  [0m] Mounted POSIX Message Queue File System.
[[0;32m  OK  [0m] Mounted Debug File System.
[[0;32m  OK  [0m] Started Remount Root and Kernel File Systems.
[[0;32m  OK  [0m] Started Create list of required staâ€¦vice nodes for the current kernel.
         Starting Create Static Device Nodes in /dev...
         Starting Load/Save Random Seed...
         Starting udev Coldplug all Devices...
[[0;32m  OK  [0m] Started Load Kernel Modules.
         Mounting Configuration File System...
         Starting Apply Kernel Variables...
[[0;32m  OK  [0m] Started Load/Save Random Seed.
[[0;32m  OK  [0m] Mounted Configuration File System.
[[0;32m  OK  [0m] Started Apply Kernel Variables.
[[0;32m  OK  [0m] Started Create Static Device Nodes in /dev.
         Starting udev Kernel Device Manager...
[[0;32m  OK  [0m] Reached target Local File Systems (Pre).
[[0;32m  OK  [0m] Reached target Local File Systems.
         Starting Raise network interfaces...
[[0;32m  OK  [0m] Started Journal Service.
         Starting Flush Journal to Persistent Storage...
[   11.619034] systemd-journald[89]: Received request to flush runtime journal from PID 1
[[0;32m  OK  [0m] Started Flush Journal to Persistent Storage.
         Starting Create Volatile Files and Directories...
[[0;32m  OK  [0m] Started udev Kernel Device Manager.
[[0;32m  OK  [0m] Started Create Volatile Files and Directories.
         Starting Network Time Synchronization...
         Starting Update UTMP about System Boot/Shutdown...
[[0;32m  OK  [0m] Started Update UTMP about System Boot/Shutdown.
[[0;32m  OK  [0m] Started udev Coldplug all Devices.
[   14.655067] remoteproc remoteproc0: wkup_m3 is available
[   14.913009] at24 2-0054: supply vcc not found, using dummy regulator
[   15.016005] wkup_m3_ipc 44e11324.wkup_m3_ipc: IPC Request for A8->M3 Channel failed! -517
[[0;32m  OK  [0m] Found device /dev/ttyS0.
[[0;32m  OK  [0m] Started Network Time Synchronization.
[   15.063130] at24 2-0055: supply vcc not found, using dummy regulator
[   15.184408] at24 2-0056: supply vcc not found, using dummy regulator
[[0;32m  OK  [0m] Reached target System Time Synchronized.[   15.287539] at24 2-0057: supply vcc not found, using dummy regulator

[[0;32m  OK  [0m] Reached target System Initialization.
[[0;32m  OK  [0m] Started Daily apt download activities.
[   15.448769] at24 0-0050: 32768 byte 24c256 EEPROM, writable, 1 bytes/write
[   15.456941] wkup_m3_ipc 44e11324.wkup_m3_ipc: IPC Request for A8->M3 Channel failed! -517
[   15.486672] omap_wdt: OMAP Watchdog Timer Rev 0x01: initial timeout 60 sec
[[0;32m  OK  [0m] Started Daily apt upgrade and clean activities.
[[0;32m  OK  [0m] Started Daily Cleanup of Temporary Directories.
[   15.569124] wkup_m3_ipc 44e11324.wkup_m3_ipc: IPC Request for A8->M3 Channel failed! -517
[[0;32m  OK  [0m] Reached target Timers.
[   15.681676] tps6521x_pwrbutton tps65217-pwrbutton: DMA mask not set
[[0;32m  OK  [0m] Listening on Avahi mDNS/DNS-SD Stack Activation Socket.
[[0;32m  OK  [0m] Listening on D-Bus System Message Bus Socket.
[   15.796844] input: tps65217_pwrbutton as /devices/platform/ocp/44c00000.interconnect/44c00000.interconnect:segment@200000/44e0b000.target-module/44e0b000.i2c/i2c-0/0-0024/tps65217-pwrbutton/input/input0
[   15.825652] wkup_m3_ipc 44e11324.wkup_m3_ipc: IPC Request for A8->M3 Channel failed! -517
[[0;32m  OK  [0m] Reached target Sockets.[   15.846846] omap_rtc 44e3e000.rtc: registered as rtc0

[   15.852372] omap_rtc 44e3e000.rtc: setting system clock to 2000-01-01T00:00:00 UTC (946684800)
[[0;32m  OK  [0m] Reached target Basic System.
[   15.926320] wkup_m3_ipc 44e11324.wkup_m3_ipc: IPC Request for A8->M3 Channel failed! -517
         Starting DUN service...
[   16.026455] am335x-phy-driver 47401300.usb-phy: dummy supplies not allowed for exclusive requests
         Starting Telephony service...[   16.154339] wkup_m3_ipc 44e11324.wkup_m3_ipc: IPC Request for A8->M3 Channel failed! -517

         Starting LSB: Start busybox udhcpd at boot time...
[   16.323211] am335x-phy-driver 47401b00.usb-phy: dummy supplies not allowed for exclusive requests
[   16.362450] wkup_m3_ipc 44e11324.wkup_m3_ipc: IPC Request for A8->M3 Channel failed! -517
[   16.471895] usbcore: registered new interface driver usbfs
[   16.477541] usbcore: registered new interface driver hub
[   16.483117] usbcore: registered new device driver usb
         Starting LSB: Load kernel modules needed to enable cpufreq scaling...
         Starting Login Service...
[   16.752831] wkup_m3_ipc 44e11324.wkup_m3_ipc: IPC Request for A8->M3 Channel failed! -517
         Starting Avahi mDNS/DNS-SD Stack...
[   16.891586] tda998x 0-0070: found TDA19988
[   17.011854] wkup_m3_ipc 44e11324.wkup_m3_ipc: IPC Request for A8->M3 Channel failed! -517
[[0;32m  OK  [0m] Started Regular background program processing daemon.
[   17.160586] wkup_m3_ipc 44e11324.wkup_m3_ipc: IPC Request for A8->M3 Channel failed! -517
         Starting Generic Board Startup...
[   17.298067] musb-hdrc musb-hdrc.1: MUSB HDRC host driver
[   17.303728] musb-hdrc musb-hdrc.1: new USB bus registered, assigned bus number 1
[   17.338371] wkup_m3_ipc 44e11324.wkup_m3_ipc: IPC Request for A8->M3 Channel failed! -517
         Starting System Logging Service...
[   17.517781] usb usb1: New USB device found, idVendor=1d6b, idProduct=0002, bcdDevice= 6.06
[   17.526374] usb usb1: New USB device strings: Mfr=3, Product=2, SerialNumber=1
[   17.533767] usb usb1: Product: MUSB HDRC host driver
[   17.538764] usb usb1: Manufacturer: Linux 6.6.58 musb-hcd
[   17.544244] usb usb1: SerialNumber: musb-hdrc.1
 [[0;32m  OK  [0m] Started D-Bus System Message Bus.
[   17. 711828] hub 1-0:1.0: USB hub found
