Labgrid Console Logfile for main
Logfile started at 2025-10-23 18:44:10.514141
=== Log starts here ===
reading args
spl_load_image_fat_os: error reading image args, err - -1
reading u-boot.img
reading u-boot.img


U-Boot 2014.04-00014-g47880f5 (Apr 22 2014 - 13:23:54)

I2C:   ready
DRAM:  512 MiB
NAND:  0 MiB
MMC:   OMAP SD/MMC: 0, OMAP SD/MMC: 1
*** Warning - readenv() failed, using default environment

Net:   <ethaddr> not set. Validating first E-fuse MAC
cpsw, usb_ether
Hit any key to stop autoboot:  1  0 
gpio: pin 53 (gpio 53) value is 1
mmc0 is current device
gpio: pin 54 (gpio 54) value is 1
SD/MMC found on device 0
reading uEnv.txt
569 bytes read in 4 ms (138.7 KiB/s)
gpio: pin 55 (gpio 55) value is 1
Loaded environment from uEnv.txt
Importing environment from mmc ...
Checking if uenvcmd is set ...
gpio: pin 56 (gpio 56) value is 1
Running uenvcmd ...
cpsw Waiting for PHY auto negotiation to complete. done
link up on port 0, speed 100, full duplex
Using cpsw device
TFTP from server 192.168.255.126; our IP address is 192.168.255.1
Filename 'zImage'.
Load address: 0x81000000
Loading: *#################################################################
	 #################################################################
	 #################################################################
	 #################################################################
	 #################################################################
	 ########################################
	 2.4 MiB/s
done
Bytes transferred = 5353784 (51b138 hex)
link up on port 0, speed 100, full duplex
Using cpsw device
TFTP from server 192.168.255.126; our IP address is 192.168.255.1
Filename 'am335x-boneblack.dtb'.
Load address: 0x82000000
Loading: *#######
	 2.4 MiB/s
done
Bytes transferred = 97772 (17dec hex)
Kernel image @ 0x81000000 [ 0x000000 - 0x51b138 ]
## Flattened Device Tree blob at 82000000
   Booting using the fdt blob at 0x82000000
   Using Device Tree in place at 82000000, end 8201adeb

Starting kernel ...

[    0.000000] Booting Linux on physical CPU 0x0
[    0.000000] Linux version 6.6.114 (user01@drvtest01) (arm-none-eabi-gcc (Arm GNU Toolchain 14.2.Rel1 (Build arm-14.52)) 14.2.1 20241119, GNU ld (Arm GNU Toolchain 14.2.Rel1 (Build arm-14.52)) 2.43.1.20241119) #1 SMP Thu Oct 23 18:42:52 EEST 2025
[    0.000000] CPU: ARMv7 Processor [413fc082] revision 2 (ARMv7), cr=10c5387d
[    0.000000] CPU: PIPT / VIPT nonaliasing data cache, VIPT aliasing instruction cache
[    0.000000] OF: fdt: Machine model: TI AM335x BeagleBone Black
[    0.000000] Memory policy: Data cache writeback
[    0.000000] cma: Reserved 16 MiB at 0x9e800000 on node -1
[    0.000000] Zone ranges:
[    0.000000]   Normal   [mem 0x0000000080000000-0x000000009fdfffff]
[    0.000000]   HighMem  empty
[    0.000000] Movable zone start for each node
[    0.000000] Early memory node ranges
[    0.000000]   node   0: [mem 0x0000000080000000-0x000000009fdfffff]
[    0.000000] Initmem setup node 0 [mem 0x0000000080000000-0x000000009fdfffff]
[    0.000000] CPU: All CPU(s) started in SVC mode.
[    0.000000] AM335X ES2.1 (sgx neon)
[    0.000000] percpu: Embedded 16 pages/cpu s36116 r8192 d21228 u65536
[    0.000000] Kernel command line: console=ttyO0,115200n8 root=/dev/nfs rw nfsroot=192.168.255.126:/home/user01/nfs,nfsvers=3 ip=192.168.255.1:192.168.255.126::255.255.255.0:bbb1:eth0 nfsrootdebug
[    0.000000] Unknown kernel command line parameters "nfsrootdebug", will be passed to user space.
[    0.000000] Dentry cache hash table entries: 65536 (order: 6, 262144 bytes, linear)
[    0.000000] Inode-cache hash table entries: 32768 (order: 5, 131072 bytes, linear)
[    0.000000] Built 1 zonelists, mobility grouping on.  Total pages: 129412
[    0.000000] mem auto-init: stack:off, heap alloc:off, heap free:off
[    0.000000] Memory: 483604K/522240K available (11264K kernel code, 1165K rwdata, 2704K rodata, 1024K init, 281K bss, 22252K reserved, 16384K cma-reserved, 0K highmem)
[    0.000000] SLUB: HWalign=64, Order=0-3, MinObjects=0, CPUs=1, Nodes=1
[    0.000000] rcu: Hierarchical RCU implementation.
[    0.000000] rcu: 	RCU event tracing is enabled.
[    0.000000] rcu: 	RCU restricting CPUs from NR_CPUS=2 to nr_cpu_ids=1.
[    0.000000] rcu: RCU calculated value of scheduler-enlistment delay is 10 jiffies.
[    0.000000] rcu: Adjusting geometry for rcu_fanout_leaf=16, nr_cpu_ids=1
[    0.000000] NR_IRQS: 16, nr_irqs: 16, preallocated irqs: 16
[    0.000000] IRQ: Found an INTC at 0x(ptrval) (revision 5.0) with 128 interrupts
[    0.000000] rcu: srcu_init: Setting srcu_struct sizes based on contention.
[    0.000000] TI gptimer clocksource: always-on /ocp/interconnect@44c00000/segment@200000/target-module@31000
[    0.000003] sched_clock: 32 bits at 24MHz, resolution 41ns, wraps every 89478484971ns
[    0.000027] clocksource: dmtimer: mask: 0xffffffff max_cycles: 0xffffffff, max_idle_ns: 79635851949 ns
[    0.000512] TI gptimer clockevent: 24000000 Hz at /ocp/interconnect@48000000/segment@0/target-module@40000
[    0.002080] Console: colour dummy device 80x30
[    0.002130] WARNING: Your 'console=ttyO0' has been replaced by 'ttyS0'
[    0.002138] This ensures that you still see kernel messages. Please
[    0.002142] update your kernel commandline.
[    0.002181] Calibrating delay loop... 996.14 BogoMIPS (lpj=4980736)
[    0.090565] CPU: Testing write buffer coherency: ok
[    0.090663] CPU0: Spectre v2: using BPIALL workaround
[    0.090674] pid_max: default: 32768 minimum: 301
[    0.090788] LSM: initializing lsm=capability,integrity
[    0.090953] Mount-cache hash table entries: 1024 (order: 0, 4096 bytes, linear)
[    0.090972] Mountpoint-cache hash table entries: 1024 (order: 0, 4096 bytes, linear)
[    0.092429] CPU0: thread -1, cpu 0, socket -1, mpidr 0
[    0.094059] Setting up static identity map for 0x80100000 - 0x80100078
[    0.094346] rcu: Hierarchical SRCU implementation.
[    0.094355] rcu: 	Max phase no-delay instances is 1000.
[    0.095743] smp: Bringing up secondary CPUs ...
[    0.095796] smp: Brought up 1 node, 1 CPU
[    0.095808] SMP: Total of 1 processors activated (996.14 BogoMIPS).
[    0.095821] CPU: All CPU(s) started in SVC mode.
[    0.096706] devtmpfs: initialized
[    0.113423] VFP support v0.3: implementor 41 architecture 3 part 30 variant c rev 3
[    0.113770] clocksource: jiffies: mask: 0xffffffff max_cycles: 0xffffffff, max_idle_ns: 19112604462750000 ns
[    0.113803] futex hash table entries: 256 (order: 2, 16384 bytes, linear)
[    0.115075] pinctrl core: initialized pinctrl subsystem
[    0.117227] NET: Registered PF_NETLINK/PF_ROUTE protocol family
[    0.119764] DMA: preallocated 256 KiB pool for atomic coherent allocations
[    0.120362] audit: initializing netlink subsys (disabled)
[    0.121899] thermal_sys: Registered thermal governor 'fair_share'
[    0.121920] thermal_sys: Registered thermal governor 'step_wise'
[    0.121926] thermal_sys: Registered thermal governor 'user_space'
[    0.122038] audit: type=2000 audit(0.120:1): state=initialized audit_enabled=0 res=1
[    0.122114] cpuidle: using governor menu
[    0.138403] /ocp/interconnect@44c00000/segment@200000/target-module@b000/i2c@0/tda19988@70: Fixed dependency cycle(s) with /ocp/interconnect@48000000/segment@300000/target-module@e000/lcdc@0
[    0.139460] /ocp/interconnect@48000000/segment@300000/target-module@e000/lcdc@0: Fixed dependency cycle(s) with /ocp/interconnect@44c00000/segment@200000/target-module@b000/i2c@0/tda19988@70
[    0.141671] No ATAGs?
[    0.141690] hw-breakpoint: debug architecture 0x4 unsupported.
[    0.144698] kprobes: kprobe jump-optimization is enabled. All kprobes are optimized if possible.
[    0.148022] iommu: Default domain type: Translated
[    0.148041] iommu: DMA domain TLB invalidation policy: strict mode
[    0.149466] SCSI subsystem initialized
[    0.161574] pps_core: LinuxPPS API ver. 1 registered
[    0.161585] pps_core: Software ver. 5.3.6 - Copyright 2005-2007 Rodolfo Giometti <giometti@linux.it>
[    0.161610] PTP clock support registered
[    0.164487] vgaarb: loaded
[    0.164830] clocksource: Switched to clocksource dmtimer
[    0.165443] VFS: Disk quotas dquot_6.6.0
[    0.165505] VFS: Dquot-cache hash table entries: 1024 (order 0, 4096 bytes)
[    0.193295] NET: Registered PF_INET protocol family
[    0.193635] IP idents hash table entries: 8192 (order: 4, 65536 bytes, linear)
[    0.195050] tcp_listen_portaddr_hash hash table entries: 512 (order: 0, 4096 bytes, linear)
[    0.195091] Table-perturb hash table entries: 65536 (order: 6, 262144 bytes, linear)
[    0.195109] TCP established hash table entries: 4096 (order: 2, 16384 bytes, linear)
[    0.195154] TCP bind hash table entries: 4096 (order: 4, 65536 bytes, linear)
[    0.195255] TCP: Hash tables configured (established 4096 bind 4096)
[    0.195389] UDP hash table entries: 256 (order: 1, 8192 bytes, linear)
[    0.195416] UDP-Lite hash table entries: 256 (order: 1, 8192 bytes, linear)
[    0.195588] NET: Registered PF_UNIX/PF_LOCAL protocol family
[    0.206083] RPC: Registered named UNIX socket transport module.
[    0.206106] RPC: Registered udp transport module.
[    0.206112] RPC: Registered tcp transport module.
[    0.206117] RPC: Registered tcp-with-tls transport module.
[    0.206122] RPC: Registered tcp NFSv4.1 backchannel transport module.
[    0.206147] PCI: CLS 0 bytes, default 64
[    0.207739] Initialise system trusted keyrings
[    0.215117] workingset: timestamp_bits=14 max_order=17 bucket_order=3
[    0.216375] NFS: Registering the id_resolver key type
[    0.216464] Key type id_resolver registered
[    0.216471] Key type id_legacy registered
[    0.216527] jffs2: version 2.2. (NAND) (SUMMARY)  Â© 2001-2006 Red Hat, Inc.
[    0.216932] Key type asymmetric registered
[    0.216948] Asymmetric key parser 'x509' registered
[    0.217038] io scheduler mq-deadline registered
[    0.217049] io scheduler kyber registered
[    0.217117] io scheduler bfq registered
[    0.225550] hw perfevents: enabled with armv7_cortex_a8 PMU driver, 5 counters available
[    0.234051] l3-aon-clkctrl:0000:0: failed to disable
[    0.234192] Serial: 8250/16550 driver, 6 ports, IRQ sharing enabled
[    0.279866] brd: module loaded
[    0.299941] loop: module loaded
[    0.300870] mtdoops: mtd device (mtddev=name/number) must be supplied
[    0.303597] i2c_dev: i2c /dev entries driver
[    0.304563] cpuidle: enable-method property 'ti,am3352' found operations
[    0.305203] sdhci: Secure Digital Host Controller Interface driver
[    0.305216] sdhci: Copyright(c) Pierre Ossman
[    0.305419] sdhci-pltfm: SDHCI platform and OF driver helper
[    0.305677] ledtrig-cpu: registered to indicate activity on CPUs
[    0.306443] Initializing XFRM netlink socket
[    0.306581] NET: Registered PF_INET6 protocol family
[    0.322088] Segment Routing with IPv6
[    0.322164] In-situ OAM (IOAM) with IPv6
[    0.322275] sit: IPv6, IPv4 and MPLS over IPv4 tunneling driver
[    0.323238] NET: Registered PF_PACKET protocol family
[    0.323266] NET: Registered PF_KEY protocol family
[    0.323397] Key type dns_resolver registered
[    0.323617] ThumbEE CPU extension supported.
[    0.323637] Registering SWP/SWPB emulation handler
[    0.324147] omap_voltage_late_init: Voltage driver support not added
[    0.324971] SmartReflex Class3 initialized
[    0.342387] Loading compiled-in X.509 certificates
[    0.378169] /ocp/interconnect@44c00000/segment@200000/target-module@b000/i2c@0/tda19988@70: Fixed dependency cycle(s) with /ocp/interconnect@48000000/segment@300000/target-module@e000/lcdc@0
[    0.384247] /ocp/interconnect@44c00000/segment@200000/target-module@b000/i2c@0/tda19988@70: Fixed dependency cycle(s) with /ocp/interconnect@48000000/segment@300000/target-module@e000/lcdc@0
[    0.392191] /ocp/interconnect@44c00000/segment@200000/target-module@b000/i2c@0/tda19988@70: Fixed dependency cycle(s) with /ocp/interconnect@48000000/segment@300000/target-module@e000/lcdc@0
[    0.393018] /ocp/interconnect@44c00000/segment@200000/target-module@b000/i2c@0/tda19988@70: Fixed dependency cycle(s) with /ocp/interconnect@48000000/segment@300000/target-module@e000/lcdc@0
[    0.396507] /ocp/interconnect@44c00000/segment@200000/target-module@10000/scm@0/pinmux@800: Fixed dependency cycle(s) with /ocp/interconnect@44c00000/segment@200000/target-module@10000/scm@0/pinmux@800/clkout2-pins
[    0.397111] pinctrl-single 44e10800.pinmux: 142 pins, size 568
[    0.402110] ti-sysc: probe of 44e31000.target-module failed with error -16
[    0.422147] /ocp/interconnect@48000000/segment@300000/target-module@e000/lcdc@0: Fixed dependency cycle(s) with /ocp/interconnect@44c00000/segment@200000/target-module@b000/i2c@0/tda19988@70
[    0.429946] ti-sysc: probe of 48040000.target-module failed with error -16
[    0.470704] OMAP GPIO hardware version 0.1
[    0.513803] omap_i2c 4819c000.i2c: bus 2 rev0.11 at 100 kHz
[    0.543442] /ocp/interconnect@48000000/segment@300000/target-module@e000/lcdc@0: Fixed dependency cycle(s) with /ocp/interconnect@44c00000/segment@200000/target-module@b000/i2c@0/tda19988@70
[    0.546420] /ocp/interconnect@48000000/segment@300000/target-module@e000/lcdc@0: Fixed dependency cycle(s) with /ocp/interconnect@44c00000/segment@200000/target-module@b000/i2c@0/tda19988@70
[    0.547099] /ocp/interconnect@44c00000/segment@200000/target-module@b000/i2c@0/tda19988@70: Fixed dependency cycle(s) with /ocp/interconnect@48000000/segment@300000/target-module@e000/lcdc@0
[    0.547255] /ocp/interconnect@48000000/segment@300000/target-module@e000/lcdc@0: Fixed dependency cycle(s) with /ocp/interconnect@44c00000/segment@200000/target-module@b000/i2c@0/tda19988@70
[    0.558196] sdhci-omap 481d8000.mmc: supply pbias not found, using dummy regulator
[    0.558660] sdhci-omap 481d8000.mmc: supply vqmmc not found, using dummy regulator
[    0.635404] davinci_mdio 4a101000.mdio: davinci mdio revision 1.6, bus freq 1000000
[    0.821374] davinci_mdio 4a101000.mdio: phy[0]: device 4a101000.mdio:00, driver SMSC LAN8710/LAN8720
[    0.822009] cpsw-switch 4a100000.switch: initialized cpsw ale version 1.4
[    0.822029] cpsw-switch 4a100000.switch: ALE Table size 1024
[    0.822324] cpsw-switch 4a100000.switch: cpts: overflow check period 500 (jiffies)
[    0.822346] cpsw-switch 4a100000.switch: CPTS: ref_clk_freq:250000000 calc_mult:2147483648 calc_shift:29 error:0 nsec/sec
[    0.822451] cpsw-switch 4a100000.switch: Detected MACID = 6c:ec:eb:68:de:78
[    0.824263] cpsw-switch 4a100000.switch: initialized (regs 0x4a100000, pool size 256) hw_ver:0019010C 1.12 (0)
[    0.835163] debugfs: Directory '49000000.dma' with parent 'dmaengine' already present!
[    0.835205] edma 49000000.dma: TI EDMA DMA engine driver
[    0.888563] 44e09000.serial: ttyS0 at MMIO 0x44e09000 (irq = 34, base_baud = 3000000) is a 8250
[    0.888645] printk: console [ttyS0] enabled
[    2.115125] tps65217-pmic: Failed to locate of_node [id: -1]
[    2.121170] tps65217-bl: Failed to locate of_node [id: -1]
[    2.149669] tps65217 0-0024: TPS65217 ID 0xe version 1.2
[    2.155801] /ocp/interconnect@48000000/segment@300000/target-module@e000/lcdc@0: Fixed dependency cycle(s) with /ocp/interconnect@44c00000/segment@200000/target-module@b000/i2c@0/tda19988@70
[    2.173177] /ocp/interconnect@44c00000/segment@200000/target-module@b000/i2c@0/tda19988@70: Fixed dependency cycle(s) with /ocp/interconnect@48000000/segment@300000/target-module@e000/lcdc@0
[    2.190546] omap_i2c 44e0b000.i2c: bus 0 rev0.11 at 400 kHz
[    2.202344] omap_gpio 44e07000.gpio: Could not set line 6 debounce to 200000 microseconds (-22)
[    2.211277] sdhci-omap 48060000.mmc: Got CD GPIO
[    2.216311] sdhci-omap 48060000.mmc: supply pbias not found, using dummy regulator
[    2.229769] sdhci-omap 48060000.mmc: supply vqmmc not found, using dummy regulator
[    2.238869] sdhci-omap 481d8000.mmc: supply pbias not found, using dummy regulator
[    2.248387] sdhci-omap 481d8000.mmc: supply vqmmc not found, using dummy regulator
[    2.284921] mmc1: SDHCI controller on 481d8000.mmc [481d8000.mmc] using External DMA
[    2.293857] mmc0: SDHCI controller on 48060000.mmc [48060000.mmc] using External DMA
[    2.302702] cpsw-switch 4a100000.switch: starting ndev. mode: dual_mac
[    2.365104] mmc1: new high speed MMC card at address 0001
[    2.372007] mmcblk1: mmc1:0001 MMC04G 3.60 GiB
[    2.379446]  mmcblk1: p1 p2
[    2.382941] mmc0: new high speed SDHC card at address aaaa
[    2.389972] mmcblk1boot0: mmc1:0001 MMC04G 2.00 MiB
[    2.396520] mmcblk0: mmc0:aaaa SE32G 29.7 GiB
[    2.403055] mmcblk1boot1: mmc1:0001 MMC04G 2.00 MiB
[    2.411453] mmcblk1rpmb: mmc1:0001 MMC04G 128 KiB, chardev (250:0)
[    2.418186]  mmcblk0: p1 p2
[    2.486010] SMSC LAN8710/LAN8720 4a101000.mdio:00: attached PHY driver (mii_bus:phy_addr=4a101000.mdio:00, irq=POLL)
[    5.605550] cpsw-switch 4a100000.switch eth0: Link is Up - 100Mbps/Full - flow control off
[    5.645042] IP-Config: Complete:
[    5.648313]      device=eth0, hwaddr=6c:ec:eb:68:de:78, ipaddr=192.168.255.1, mask=255.255.255.0, gw=255.255.255.255
[    5.658966]      host=bbb1, domain=, nis-domain=(none)
[    5.664130]      bootserver=192.168.255.126, rootserver=192.168.255.126, rootpath=
[    5.664540] clk: Disabling unused clocks
[    5.676391] KTAP version 1
[    5.679119] 1..0
[    5.702887] VFS: Mounted root (nfs filesystem) on device 0:16.
[    5.709982] devtmpfs: mounted
[    5.714609] Freeing unused kernel image (initmem) memory: 1024K
[    5.721556] Run /sbin/init as init process
[    6.406178] systemd[1]: System time before build time, advancing clock.
[    7.844837] random: crng init done
[    7.905344] systemd[1]: systemd 232 running in system mode. (+PAM +AUDIT +SELINUX +IMA +APPARMOR +SMACK +SYSVINIT +UTMP +LIBCRYPTSETUP +GCRYPT +GNUTLS +ACL +XZ +LZ4 +SECCOMP +BLKID +ELFUTILS +KMOD +IDN)
[    7.924279] systemd[1]: Detected architecture arm.

Welcome to [1mDebian GNU/Linux 9 (stretch)[0m!

[    7.967747] systemd[1]: Set hostname to <arm>.
[    9.036703] systemd[1]: Set up automount Arbitrary Executable File Formats File System Automount Point.
[[0;32m  OK  [0m] Set up automount Arbitrary Executabâ€¦rmats File System Automount Point.
[    9.076966] systemd[1]: Listening on udev Control Socket.
[[0;32m  OK  [0m] Listening on udev Control Socket.
[    9.115174] systemd[1]: Reached target Remote File Systems.
[[0;32m  OK  [0m] Reached target Remote File Systems.
[    9.155384] systemd[1]: Listening on udev Kernel Socket.
[[0;32m  OK  [0m] Listening on udev Kernel Socket.
[    9.195588] systemd[1]: Started Forward Password Requests to Wall Directory Watch.
[[0;32m  OK  [0m] Started Forward Password Requests to Wall Directory Watch.
[    9.236305] systemd[1]: Created slice User and Session Slice.
[[0;32m  OK  [0m] Created slice User and Session Slice.
[    9.275145] systemd[1]: Reached target Swap.
[[0;32m  OK  [0m] Reached target Swap.
[[0;32m  OK  [0m] Listening on Journal Socket (/dev/log).
[[0;32m  OK  [0m] Started Dispatch Password Requests to Console Directory Watch.
[[0;32m  OK  [0m] Reached target Encrypted Volumes.
[[0;32m  OK  [0m] Created slice System Slice.
[[0;32m  OK  [0m] Created slice system-getty.slice.
[[0;32m  OK  [0m] Reached target Slices.
         Mounting Debug File System...
[[0;32m  OK  [0m] Created slice system-serial\x2dgetty.slice.
[[0;32m  OK  [0m] Listening on /dev/initctl Compatibility Named Pipe.
[[0;32m  OK  [0m] Listening on Syslog Socket.
[[0;32m  OK  [0m] Listening on Journal Socket.
         Starting Remount Root and Kernel File Systems...
         Starting Create list of required stâ€¦ce nodes for the current kernel...
         Starting Load Kernel Modules...
[[0;32m  OK  [0m] Reached target Paths.
         Mounting POSIX Message Queue File System...
[[0;32m  OK  [0m] Listening on Journal Audit Socket.
         Starting Journal Service...
[[0;32m  OK  [0m] Mounted Debug File System.
[[0;32m  OK  [0m] Mounted POSIX Message Queue File System.
[[0;32m  OK  [0m] Started Remount Root and Kernel File Systems.
[[0;32m  OK  [0m] Started Create list of required staâ€¦vice nodes for the current kernel.
         Starting Create Static Device Nodes in /dev...
         Starting Load/Save Random Seed...
         Starting udev Coldplug all Devices...
[[0;32m  OK  [0m] Started Load Kernel Modules.
         Starting Apply Kernel Variables...
         Mounting Configuration File System...
[[0;32m  OK  [0m] Started Load/Save Random Seed.
[[0;32m  OK  [0m] Mounted Configuration File System.
[[0;32m  OK  [0m] Started Apply Kernel Variables.
[[0;32m  OK  [0m] Started Create Static Device Nodes in /dev.
[[0;32m  OK  [0m] Reached target Local File Systems (Pre).
[[0;32m  OK  [0m] Reached target Local File Systems.
         Starting Raise network interfaces...
         Starting udev Kernel Device Manager...
[[0;32m  OK  [0m] Started Journal Service.
         Starting Flush Journal to Persistent Storage...
[   11.651253] systemd-journald[91]: Received request to flush runtime journal from PID 1
[[0;32m  OK  [0m] Started Flush Journal to Persistent Storage.
         Starting Create Volatile Files and Directories...
[[0;32m  OK  [0m] Started udev Kernel Device Manager.
[[0;32m  OK  [0m] Started Create Volatile Files and Directories.
         Starting Network Time Synchronization...
         Starting Update UTMP about System Boot/Shutdown...
[[0;32m  OK  [0m] Started Update UTMP about System Boot/Shutdown.
[[0;32m  OK  [0m] Started udev Coldplug all Devices.
[   14.629794] remoteproc remoteproc0: wkup_m3 is available
[   14.835403] omap_wdt: OMAP Watchdog Timer Rev 0x01: initial timeout 60 sec
[[0;32m  OK  [0m] Found device /dev/ttyS0.
[[0;32m  OK  [0m] Started Network Time Synchronization.
[   15.114272] at24 2-0054: supply vcc not found, using dummy regulator
[[0;32m  OK  [0m] Reached target System Time Synchronized.
[   15.135076] tps6521x_pwrbutton tps65217-pwrbutton: DMA mask not set
[[0;32m  OK  [0m] Reached target System Initialization.
[   15.246347] input: tps65217_pwrbutton as /devices/platform/ocp/44c00000.interconnect/44c00000.interconnect:segment@200000/44e0b000.target-module/44e0b000.i2c/i2c-0/0-0024/tps65217-pwrbutton/input/input0
[   15.276581] at24 2-0055: supply vcc not found, using dummy regulator
[[0;32m  OK  [0m] Listening on D-Bus System Message Bus Socket.
[[0;32m  OK  [0m] Listening on Avahi mDNS/DNS-SD Stack Activation Socket.
[[0;32m  OK  [0m] Reached target Sockets.
[[0;32m  OK  [0m] Started Daily Cleanup of Temporary Directori[   15.395222] at24 2-0056: supply vcc not found, using dummy regulator
es.
[[0;32m  OK  [0m] Reached target Basic System.
[[0;32m  OK  [0m] Started D-Bus System Message Bus.[   15.537562] wkup_m3_ipc 44e11324.wkup_m3_ipc: IPC Request for A8->M3 Channel failed! -517

[   15.568568] at24 2-0057: supply vcc not found, using dummy regulator
[   15.705704] at24 0-0050: 32768 byte 24c256 EEPROM, writable, 1 bytes/write
[   15.725630] wkup_m3_ipc 44e11324.wkup_m3_ipc: IPC Request for A8->M3 Channel failed! -517
[   15.849807] omap_rtc 44e3e000.rtc: registered as rtc0
[   15.855678] omap_rtc 44e3e000.rtc: setting system clock to 2000-01-01T00:00:00 UTC (946684800)
[   15.866371] wkup_m3_ipc 44e11324.wkup_m3_ipc: IPC Request for A8->M3 Channel failed! -517
[   16.050921] wkup_m3_ipc 44e11324.wkup_m3_ipc: IPC Request for A8->M3 Channel failed! -517
[   16.137988] am335x-phy-driver 47401300.usb-phy: dummy supplies not allowed for exclusive requests
[   16.325877] am335x-phy-driver 47401b00.usb-phy: dummy supplies not allowed for exclusive requests
[   16.338705] wkup_m3_ipc 44e11324.wkup_m3_ipc: IPC Request for A8->M3 Channel failed! -517
[   16.414290] usbcore: registered new interface driver usbfs
[   16.420134] usbcore: registered new interface driver hub
[   16.425623] usbcore: registered new device driver usb
[   16.537690] wkup_m3_ipc 44e11324.wkup_m3_ipc: IPC Request for A8->M3 Channel failed! -517
[   16.885429] wkup_m3_ipc 44e11324.wkup_m3_ipc: IPC Request for A8->M3 Channel failed! -517
[   16.985359] musb-hdrc musb-hdrc.1: MUSB HDRC host driver
[   16.990787] musb-hdrc musb-hdrc.1: new USB bus registered, assigned bus number 1
[   17.027479] wkup_m3_ipc 44e11324.wkup_m3_ipc: IPC Request for A8->M3 Channel failed! -517
[   17.038638] tda998x 0-0070: found TDA19988
[   17.170884] wkup_m3_ipc 44e11324.wkup_m3_ipc: IPC Request for A8->M3 Channel failed! -517
[   17.180178] usb usb1: New USB device found, idVendor=1d6b, idProduct=0002, bcdDevice= 6.06
[   17.188776] usb usb1: New USB device strings: Mfr=3, Product=2, SerialNumber=1
[   17.196135] usb usb1: Product: MUSB HDRC host driver
[   17.201130] usb usb1: Manufacturer: Linux 6.6.114 musb-hcd
[   17.206689] usb usb1: SerialNumber: musb-hdrc.1
[   17.363581] hub 1-0:1.0: USB hub found
[   17.407350] hub 1-0:1.0: 1 port detected
[   17.430105] omap-mailbox 480c8000.mailbox: omap mailbox rev 0x400
[   17.468233] remoteproc remoteproc0: powering up wkup_m3
[   17.601536] remoteproc remoteproc0: Direct firmware load for am335x-pm-firmware.elf failed with error -2
[   17.611474] remoteproc remoteproc0: request_firmware failed: -2
[   17.617567] wkup_m3_ipc 44e11324.wkup_m3_ipc: rproc_boot failed
[   19.152115] tilcdc 4830e000.lcdc: bound 0-0070 (ops tda998x_audio_codec_init [tda998x])
[   19.262326] [drm] Initialized tilcdc 1.0.0 20121205 for 4830e000.lcdc on minor 0
[   19.345753] omap_rng 48310000.rng: Random Number Generator ver. 20
[   19.376666] tilcdc 4830e000.lcdc: [drm] Cannot find any crtc or sizes
         Starting Connection service...
[   19.492091] tilcdc 4830e000.lcdc: [drm] Cannot find any crtc or sizes
[[0;32m  OK  [0m] Started Regular background program processing daemon.
         Starting DUN service...
         Starting LSB: Start busybox udhcpd at boot time...
         Starting Generic Board Startup...
[[0;32m  OK  [0m] Started Daily apt download activities.
[[0;32m  OK  [0m] Started Daily apt upgrade and clean activities.
[[0;32m  OK  [0m] Reached target Timers.
         Starting Avahi mDNS/DNS-SD Stack...
         Starting Cape Manager Service...
         Starting System Logging Service...
         Starting LSB: Load kernel modules needed to enable cpufreq scaling...
         Starting Telephony service...
[   20.756703] PM: Cannot get wkup_m3_ipc handle
[   20.865701] omap-sham 53100000.sham: hw accel on OMAP rev 4.3
         Starting Login Service...
[   21.075997] omap-sham 53100000.sham: will run requests pump with realtime priority
[   21.085884] PM: Cannot get wkup_m3_ipc handle
[   21.290961] omap-aes 53500000.aes: OMAP AES hw accel rev: 3.2
[   21.449552] omap-aes 53500000.aes: will run requests pump with realtime priority
[   21.458208] PM: Cannot get wkup_m3_ipc handle
[[0;32m  OK  [0m] Started System Logging Service.
[[0;32m  OK  [0m] Started Cape Manager Service.
[   23.987556] Bluetooth: Core ver 2.22
[   23.991395] NET: Registered PF_BLUETOOTH protocol family
[   23.996933] Bluetooth: HCI device and connection manager initialized
[   24.003349] Bluetooth: HCI socket layer initialized
[   24.008360] Bluetooth: L2CAP socket layer initialized
[   24.013476] Bluetooth: SCO socket layer initialized
[   25.073718] PM: Cannot get wkup_m3_ipc handle
[   25.175003] PM: Cannot get wkup_m3_ipc handle
[[0;32m  OK  [0m] Started Raise network interfaces.
[[0;32m  OK  [0m] Started LSB: Start busybox udhcpd at boot time.
[[0;32m  OK  [0m] Started LSB: Load kernel modules needed to enable cpufreq scaling.
[   28.617649] configfs-gadget.g_multi gadget.0: HOST MAC 1c:ba:8c:a2:ed:6c
[   28.624420] configfs-gadget.g_multi gadget.0: MAC 1c:ba:8c:a2:ed:70
[   28.631951] configfs-gadget.g_multi gadget.0: HOST MAC 1c:ba:8c:a2:ed:6c
[   28.638805] configfs-gadget.g_multi gadget.0: MAC 1c:ba:8c:a2:ed:6d
[   28.650133] PM: Cannot get wkup_m3_ipc handle
[[0;32m  OK  [0m] Started DUN service.
[[0;32m  OK  [0m] Started Telephony service.
[[0;32m  OK  [0m] Started Connection service.
[[0;32m  OK  [0m] Started Avahi mDNS/DNS-SD Stack.
[[0;32m  OK  [0m] Started Login Service.
[[0;32m  OK  [0m] Reached target Sound Card.
         Starting LSB: set CPUFreq kernel parameters...
[[0;32m  OK  [0m] Reached target Network.
         Starting OpenBSD Secure Shell server...
[[0;32m  OK  [0m] Reached target Network is Online.
         Starting LSB: Advanced IEEE 802.11 management daemon...
         Starting The Apache HTTP Server...
         Starting Permit User Sessions...
[[0;32m  OK  [0m] Started LSB: Advanced IEEE 802.11 management daemon.
[[0;32m  OK  [0m] Started Permit User Sessions.
         Starting Hostname Service...
[[0;32m  OK  [0m] Started Serial Getty on ttyS0.
[[0;32m  OK  [0m] Started Getty on tty1.
[[0;32m  OK  [0m] Reached target Login Prompts.
         Starting WPA supplicant...
[[0;32m  OK  [0m] Started LSB: set CPUFreq kernel parameters.
[[0;32m  OK  [0m] Started Hostname Service.
[[0;32m  OK  [0m] Started WPA supplicant.
[[0;32m  OK  [0m] Started OpenBSD Secure Shell server.
         Stopping LSB: Start busybox udhcpd at boot time...
[[0;32m  OK  [0m] Stopped LSB: Start busybox udhcpd at boot time.
[[0;32m  OK  [0m] Started The Apache HTTP Server.
         Starting dnsmasq - A lightweight DHCP and caching DNS server...
[[0;32m  OK  [0m] Started dnsmasq - A lightweight DHCP and caching DNS server.
[[0;32m  OK  [0m] Reached target Host and Network Name Lookups.
[[0;32m  OK  [0m] Started Serial Getty on ttyGS0.
[[0;32m  OK  [0m] Started Generic Board Startup.
[[0;32m  OK  [0m] Reached target Multi-User System.
[[0;32m  OK  [0m] Reached target Graphical Interface.
         Starting Update UTMP about System Runlevel Changes...
[[0;32m  OK  [0m] Started Update UTMP about System Runlevel Changes.

Debian GNU/Linux 9 arm ttyS0

default username:password is [debian:temppwd]

arm login: root
Password: 
Last login: Sat Dec  9 19:10:33 UTC 2017 on ttyS0
root
Linux arm 6.6.114 #1 SMP Thu Oct 23 18:42:52 EEST 2025 armv7l

The programs included with the Debian GNU/Linux system are free software;
the exact distribution terms for each program are described in the
individual files in /usr/share/doc/*/copyright.

Debian GNU/Linux comes with ABSOLUTELY NO WARRANTY, to the extent
permitted by applicable law.
root@arm:~# root
-bash: root: command not found
root@arm:~# dmesg -n 1
root@arm:~# echo 'ZUMG''WQEXEA'
ZUMGWQEXEA
root@arm:~# run() { echo -n "$MARKER"; sh -c "$@"; echo "$MARKER $?"; }
root@arm:~# echo 'KZFB''MAYHJO'
KZFBMAYHJO
root@arm:~# MARKER='LVLQ''UMVTKJ' run 'cat /proc/version'
LVLQUMVTKJLinux version 6.6.114 (user01@drvtest01) (arm-none-eabi-gcc (Arm GNU Toolchain 14.2.Rel1 (Build arm-14.52)) 14.2.1 20241119, GNU ld (Arm GNU Toolchain 14.2.Rel1 (Build arm-14.52)) 2.43.1.20241119) #1 SMP Thu Oct 23 18:42:52 EEST 2025
LVLQUMVTKJ 0
root@arm:~# echo 'MCVN''WNYPGY'
MCVNWNYPGY
root@arm:~# MARKER='MTUL''BLFPEB' run false
MTULBLFPEBMTULBLFPEB 1
root@arm:~# Labgrid Console Logfile for main
Logfile started at 2025-10-23 18:45:09.294020
=== Log starts here ===

root@arm:~# run() { echo -n "$MARKER"; sh -c "$@"; echo "$MARKER $?"; }
root@arm:~# echo 'TPSL''BZBBJT'
TPSLBZBBJT
root@arm:~# MARKER='BEJW''ESZZZG' run 'ls /iio_generic_buffer; echo $?'
BEJWESZZZG/iio_generic_buffer
0
BEJWESZZZG 0
root@arm:~# Labgrid Console Logfile for main
Logfile started at 2025-10-23 18:45:12.872772
=== Log starts here ===

root@arm:~# run() { echo -n "$MARKER"; sh -c "$@"; echo "$MARKER $?"; }
root@arm:~# echo 'ZOSL''SSACET'
ZOSLSSACET
root@arm:~# MARKER='UJGX''SXMSHT' run dmesg
UJGXSXMSHT[    0.000000] Booting Linux on physical CPU 0x0
[    0.000000] Linux version 6.6.114 (user01@drvtest01) (arm-none-eabi-gcc (Arm GNU Toolchain 14.2.Rel1 (Build arm-14.52)) 14.2.1 20241119, GNU ld (Arm GNU Toolchain 14.2.Rel1 (Build arm-14.52)) 2.43.1.20241119) #1 SMP Thu Oct 23 18:42:52 EEST 2025
[    0.000000] CPU: ARMv7 Processor [413fc082] revision 2 (ARMv7), cr=10c5387d
[    0.000000] CPU: PIPT / VIPT nonaliasing data cache, VIPT aliasing instruction cache
[    0.000000] OF: fdt: Machine model: TI AM335x BeagleBone Black
[    0.000000] Memory policy: Data cache writeback
[    0.000000] cma: Reserved 16 MiB at 0x9e800000 on node -1
[    0.000000] Zone ranges:
[    0.000000]   Normal   [mem 0x0000000080000000-0x000000009fdfffff]
[    0.000000]   HighMem  empty
[    0.000000] Movable zone start for each node
[    0.000000] Early memory node ranges
[    0.000000]   node   0: [mem 0x0000000080000000-0x000000009fdfffff]
[    0.000000] Initmem setup node 0 [mem 0x0000000080000000-0x000000009fdfffff]
[    0.000000] CPU: All CPU(s) started in SVC mode.
[    0.000000] AM335X ES2.1 (sgx neon)
[    0.000000] percpu: Embedded 16 pages/cpu s36116 r8192 d21228 u65536
[    0.000000] pcpu-alloc: s36116 r8192 d21228 u65536 alloc=16*4096
[    0.000000] pcpu-alloc: [0] 0 
[    0.000000] Kernel command line: console=ttyO0,115200n8 root=/dev/nfs rw nfsroot=192.168.255.126:/home/user01/nfs,nfsvers=3 ip=192.168.255.1:192.168.255.126::255.255.255.0:bbb1:eth0 nfsrootdebug
[    0.000000] Unknown kernel command line parameters "nfsrootdebug", will be passed to user space.
[    0.000000] Dentry cache hash table entries: 65536 (order: 6, 262144 bytes, linear)
[    0.000000] Inode-cache hash table entries: 32768 (order: 5, 131072 bytes, linear)
[    0.000000] Built 1 zonelists, mobility grouping on.  Total pages: 129412
[    0.000000] mem auto-init: stack:off, heap alloc:off, heap free:off
[    0.000000] Memory: 483604K/522240K available (11264K kernel code, 1165K rwdata, 2704K rodata, 1024K init, 281K bss, 22252K reserved, 16384K cma-reserved, 0K highmem)
[    0.000000] SLUB: HWalign=64, Order=0-3, MinObjects=0, CPUs=1, Nodes=1
[    0.000000] rcu: Hierarchical RCU implementation.
[    0.000000] rcu: 	RCU event tracing is enabled.
[    0.000000] rcu: 	RCU restricting CPUs from NR_CPUS=2 to nr_cpu_ids=1.
[    0.000000] rcu: RCU calculated value of scheduler-enlistment delay is 10 jiffies.
[    0.000000] rcu: Adjusting geometry for rcu_fanout_leaf=16, nr_cpu_ids=1
[    0.000000] NR_IRQS: 16, nr_irqs: 16, preallocated irqs: 16
[    0.000000] IRQ: Found an INTC at 0x(ptrval) (revision 5.0) with 128 interrupts
[    0.000000] rcu: srcu_init: Setting srcu_struct sizes based on contention.
[    0.000000] TI gptimer clocksource: always-on /ocp/interconnect@44c00000/segment@200000/target-module@31000
[    0.000003] sched_clock: 32 bits at 24MHz, resolution 41ns, wraps every 89478484971ns
[    0.000027] clocksource: dmtimer: mask: 0xffffffff max_cycles: 0xffffffff, max_idle_ns: 79635851949 ns
[    0.000512] TI gptimer clockevent: 24000000 Hz at /ocp/interconnect@48000000/segment@0/target-module@40000
[    0.002080] Console: colour dummy device 80x30
[    0.002130] WARNING: Your 'console=ttyO0' has been replaced by 'ttyS0'
[    0.002138] This ensures that you still see kernel messages. Please
[    0.002142] update your kernel commandline.
[    0.002181] Calibrating delay loop... 996.14 BogoMIPS (lpj=4980736)
[    0.090565] CPU: Testing write buffer coherency: ok
[    0.090663] CPU0: Spectre v2: using BPIALL workaround
[    0.090674] pid_max: default: 32768 minimum: 301
[    0.090788] LSM: initializing lsm=capability,integrity
[    0.090953] Mount-cache hash table entries: 1024 (order: 0, 4096 bytes, linear)
[    0.090972] Mountpoint-cache hash table entries: 1024 (order: 0, 4096 bytes, linear)
[    0.092429] CPU0: thread -1, cpu 0, socket -1, mpidr 0
[    0.094059] Setting up static identity map for 0x80100000 - 0x80100078
[    0.094346] rcu: Hierarchical SRCU implementation.
[    0.094355] rcu: 	Max phase no-delay instances is 1000.
[    0.095743] smp: Bringing up secondary CPUs ...
[    0.095796] smp: Brought up 1 node, 1 CPU
[    0.095808] SMP: Total of 1 processors activated (996.14 BogoMIPS).
[    0.095821] CPU: All CPU(s) started in SVC mode.
[    0.096706] devtmpfs: initialized
[    0.113423] VFP support v0.3: implementor 41 architecture 3 part 30 variant c rev 3
[    0.113770] clocksource: jiffies: mask: 0xffffffff max_cycles: 0xffffffff, max_idle_ns: 19112604462750000 ns
[    0.113803] futex hash table entries: 256 (order: 2, 16384 bytes, linear)
[    0.115075] pinctrl core: initialized pinctrl subsystem
[    0.117227] NET: Registered PF_NETLINK/PF_ROUTE protocol family
[    0.119764] DMA: preallocated 256 KiB pool for atomic coherent allocations
[    0.120362] audit: initializing netlink subsys (disabled)
[    0.121899] thermal_sys: Registered thermal governor 'fair_share'
[    0.121920] thermal_sys: Registered thermal governor 'step_wise'
[    0.121926] thermal_sys: Registered thermal governor 'user_space'
[    0.122038] audit: type=2000 audit(0.120:1): state=initialized audit_enabled=0 res=1
[    0.122114] cpuidle: using governor menu
[    0.138403] /ocp/interconnect@44c00000/segment@200000/target-module@b000/i2c@0/tda19988@70: Fixed dependency cycle(s) with /ocp/interconnect@48000000/segment@300000/target-module@e000/lcdc@0
[    0.139460] /ocp/interconnect@48000000/segment@300000/target-module@e000/lcdc@0: Fixed dependency cycle(s) with /ocp/interconnect@44c00000/segment@200000/target-module@b000/i2c@0/tda19988@70
[    0.141671] No ATAGs?
[    0.141690] hw-breakpoint: debug architecture 0x4 unsupported.
[    0.144698] kprobes: kprobe jump-optimization is enabled. All kprobes are optimized if possible.
[    0.148022] iommu: Default domain type: Translated
[    0.148041] iommu: DMA domain TLB invalidation policy: strict mode
[    0.149466] SCSI subsystem initialized
[    0.161194] libata version 3.00 loaded.
[    0.161574] pps_core: LinuxPPS API ver. 1 registered
[    0.161585] pps_core: Software ver. 5.3.6 - Copyright 2005-2007 Rodolfo Giometti <giometti@linux.it>
[    0.161610] PTP clock support registered
[    0.163916] reg-fixed-voltage fixedregulator0: using DT '/fixedregulator0' for '(null)' GPIO lookup
[    0.163974] of_get_named_gpiod_flags: can't parse 'gpios' property of node '/fixedregulator0[0]'
[    0.164004] of_get_named_gpiod_flags: can't parse 'gpio' property of node '/fixedregulator0[0]'
[    0.164023] reg-fixed-voltage fixedregulator0: using lookup tables for GPIO lookup
[    0.164033] reg-fixed-voltage fixedregulator0: No GPIO consumer (null) found
[    0.164487] vgaarb: loaded
[    0.164830] clocksource: Switched to clocksource dmtimer
[    0.165443] VFS: Disk quotas dquot_6.6.0
[    0.165505] VFS: Dquot-cache hash table entries: 1024 (order 0, 4096 bytes)
[    0.193295] NET: Registered PF_INET protocol family
[    0.193635] IP idents hash table entries: 8192 (order: 4, 65536 bytes, linear)
[    0.195050] tcp_listen_portaddr_hash hash table entries: 512 (order: 0, 4096 bytes, linear)
[    0.195091] Table-perturb hash table entries: 65536 (order: 6, 262144 bytes, linear)
[    0.195109] TCP established hash table entries: 4096 (order: 2, 16384 bytes, linear)
[    0.195154] TCP bind hash table entries: 4096 (order: 4, 65536 bytes, linear)
[    0.195255] TCP: Hash tables configured (established 4096 bind 4096)
[    0.195389] UDP hash table entries: 256 (order: 1, 8192 bytes, linear)
[    0.195416] UDP-Lite hash table entries: 256 (order: 1, 8192 bytes, linear)
[    0.195588] NET: Registered PF_UNIX/PF_LOCAL protocol family
[    0.206083] RPC: Registered named UNIX socket transport module.
[    0.206106] RPC: Registered udp transport module.
[    0.206112] RPC: Registered tcp transport module.
[    0.206117] RPC: Registered tcp-with-tls transport module.
[    0.206122] RPC: Registered tcp NFSv4.1 backchannel transport module.
[    0.206147] PCI: CLS 0 bytes, default 64
[    0.207739] Initialise system trusted keyrings
[    0.215117] workingset: timestamp_bits=14 max_order=17 bucket_order=3
[    0.216375] NFS: Registering the id_resolver key type
[    0.216464] Key type id_resolver registered
[    0.216471] Key type id_legacy registered
[    0.216527] jffs2: version 2.2. (NAND) (SUMMARY)  Â© 2001-2006 Red Hat, Inc.
[    0.216932] Key type asymmetric registered
[    0.216948] Asymmetric key parser 'x509' registered
[    0.217038] io scheduler mq-deadline registered
[    0.217049] io scheduler kyber registered
[    0.217117] io scheduler bfq registered
[    0.225550] hw perfevents: enabled with armv7_cortex_a8 PMU driver, 5 counters available
[    0.234051] l3-aon-clkctrl:0000:0: failed to disable
[    0.234192] Serial: 8250/16550 driver, 6 ports, IRQ sharing enabled
[    0.279866] brd: module loaded
[    0.299941] loop: module loaded
[    0.300870] mtdoops: mtd device (mtddev=name/number) must be supplied
[    0.302346] mdio_bus fixed-0: using lookup tables for GPIO lookup
[    0.302368] mdio_bus fixed-0: No GPIO consumer reset found
[    0.303597] i2c_dev: i2c /dev entries driver
[    0.304563] cpuidle: enable-method property 'ti,am3352' found operations
[    0.305203] sdhci: Secure Digital Host Controller Interface driver
[    0.305216] sdhci: Copyright(c) Pierre Ossman
[    0.305419] sdhci-pltfm: SDHCI platform and OF driver helper
[    0.305677] ledtrig-cpu: registered to indicate activity on CPUs
[    0.306443] Initializing XFRM netlink socket
[    0.306581] NET: Registered PF_INET6 protocol family
[    0.322088] Segment Routing with IPv6
[    0.322164] In-situ OAM (IOAM) with IPv6
[    0.322275] sit: IPv6, IPv4 and MPLS over IPv4 tunneling driver
[    0.323238] NET: Registered PF_PACKET protocol family
[    0.323266] NET: Registered PF_KEY protocol family
[    0.323397] Key type dns_resolver registered
[    0.323617] ThumbEE CPU extension supported.
[    0.323637] Registering SWP/SWPB emulation handler
[    0.324147] omap_voltage_late_init: Voltage driver support not added
[    0.324971] SmartReflex Class3 initialized
[    0.342387] Loading compiled-in X.509 certificates
[    0.378169] /ocp/interconnect@44c00000/segment@200000/target-module@b000/i2c@0/tda19988@70: Fixed dependency cycle(s) with /ocp/interconnect@48000000/segment@300000/target-module@e000/lcdc@0
[    0.384247] /ocp/interconnect@44c00000/segment@200000/target-module@b000/i2c@0/tda19988@70: Fixed dependency cycle(s) with /ocp/interconnect@48000000/segment@300000/target-module@e000/lcdc@0
[    0.389733] gpiochip_find_base: found new base at 512
[    0.392191] /ocp/interconnect@44c00000/segment@200000/target-module@b000/i2c@0/tda19988@70: Fixed dependency cycle(s) with /ocp/interconnect@48000000/segment@300000/target-module@e000/lcdc@0
[    0.393018] /ocp/interconnect@44c00000/segment@200000/target-module@b000/i2c@0/tda19988@70: Fixed dependency cycle(s) with /ocp/interconnect@48000000/segment@300000/target-module@e000/lcdc@0
[    0.396507] /ocp/interconnect@44c00000/segment@200000/target-module@10000/scm@0/pinmux@800: Fixed dependency cycle(s) with /ocp/interconnect@44c00000/segment@200000/target-module@10000/scm@0/pinmux@800/clkout2-pins
[    0.397111] pinctrl-single 44e10800.pinmux: 142 pins, size 568
[    0.402110] ti-sysc: probe of 44e31000.target-module failed with error -16
[    0.422147] /ocp/interconnect@48000000/segment@300000/target-module@e000/lcdc@0: Fixed dependency cycle(s) with /ocp/interconnect@44c00000/segment@200000/target-module@b000/i2c@0/tda19988@70
[    0.429946] ti-sysc: probe of 48040000.target-module failed with error -16
[    0.440853] gpiochip_find_base: found new base at 512
[    0.440921] gpio gpiochip0: (gpio-0-31): created GPIO range 0->7 ==> 44e10800.pinmux PIN 0->7
[    0.440939] gpio gpiochip0: (gpio-0-31): created GPIO range 8->11 ==> 44e10800.pinmux PIN 90->93
[    0.440956] gpio gpiochip0: (gpio-0-31): created GPIO range 12->27 ==> 44e10800.pinmux PIN 12->27
[    0.440971] gpio gpiochip0: (gpio-0-31): created GPIO range 28->31 ==> 44e10800.pinmux PIN 30->33
[    0.470467] gpio gpiochip0: (gpio-0-31): added GPIO chardev (254:0)
[    0.470622] gpio gpiochip0: registered GPIOs 512 to 543 on gpio-0-31
[    0.470704] OMAP GPIO hardware version 0.1
[    0.512802] i2c i2c-2: using DT '/ocp/interconnect@48000000/segment@100000/target-module@9c000/i2c@0' for 'scl' GPIO lookup
[    0.512876] of_get_named_gpiod_flags: can't parse 'scl-gpios' property of node '/ocp/interconnect@48000000/segment@100000/target-module@9c000/i2c@0[0]'
[    0.512920] of_get_named_gpiod_flags: can't parse 'scl-gpio' property of node '/ocp/interconnect@48000000/segment@100000/target-module@9c000/i2c@0[0]'
[    0.512958] i2c i2c-2: using lookup tables for GPIO lookup
[    0.512969] i2c i2c-2: No GPIO consumer scl found
[    0.512990] i2c i2c-2: using DT '/ocp/interconnect@48000000/segment@100000/target-module@9c000/i2c@0' for 'sda' GPIO lookup
[    0.513025] of_get_named_gpiod_flags: can't parse 'sda-gpios' property of node '/ocp/interconnect@48000000/segment@100000/target-module@9c000/i2c@0[0]'
[    0.513063] of_get_named_gpiod_flags: can't parse 'sda-gpio' property of node '/ocp/interconnect@48000000/segment@100000/target-module@9c000/i2c@0[0]'
[    0.513095] i2c i2c-2: using lookup tables for GPIO lookup
[    0.513102] i2c i2c-2: No GPIO consumer sda found
[    0.513803] omap_i2c 4819c000.i2c: bus 2 rev0.11 at 100 kHz
[    0.519156] gpiochip_find_base: found new base at 544
[    0.519224] gpio gpiochip1: (gpio-32-63): created GPIO range 0->17 ==> 44e10800.pinmux PIN 34->51
[    0.519242] gpio gpiochip1: (gpio-32-63): created GPIO range 18->21 ==> 44e10800.pinmux PIN 77->80
[    0.519257] gpio gpiochip1: (gpio-32-63): created GPIO range 22->31 ==> 44e10800.pinmux PIN 56->65
[    0.521027] gpio gpiochip1: (gpio-32-63): added GPIO chardev (254:1)
[    0.521188] gpio gpiochip1: registered GPIOs 544 to 575 on gpio-32-63
[    0.523365] gpiochip_find_base: found new base at 576
[    0.523424] gpio gpiochip2: (gpio-64-95): created GPIO range 0->4 ==> 44e10800.pinmux PIN 66->70
[    0.523442] gpio gpiochip2: (gpio-64-95): created GPIO range 5->6 ==> 44e10800.pinmux PIN 98->99
[    0.523458] gpio gpiochip2: (gpio-64-95): created GPIO range 7->8 ==> 44e10800.pinmux PIN 75->76
[    0.523474] gpio gpiochip2: (gpio-64-95): created GPIO range 13->13 ==> 44e10800.pinmux PIN 141->141
[    0.523491] gpio gpiochip2: (gpio-64-95): created GPIO range 14->21 ==> 44e10800.pinmux PIN 100->107
[    0.537041] gpio gpiochip2: (gpio-64-95): added GPIO chardev (254:2)
[    0.537189] gpio gpiochip2: registered GPIOs 576 to 607 on gpio-64-95
[    0.543442] /ocp/interconnect@48000000/segment@300000/target-module@e000/lcdc@0: Fixed dependency cycle(s) with /ocp/interconnect@44c00000/segment@200000/target-module@b000/i2c@0/tda19988@70
[    0.546420] /ocp/interconnect@48000000/segment@300000/target-module@e000/lcdc@0: Fixed dependency cycle(s) with /ocp/interconnect@44c00000/segment@200000/target-module@b000/i2c@0/tda19988@70
[    0.547099] /ocp/interconnect@44c00000/segment@200000/target-module@b000/i2c@0/tda19988@70: Fixed dependency cycle(s) with /ocp/interconnect@48000000/segment@300000/target-module@e000/lcdc@0
[    0.547255] /ocp/interconnect@48000000/segment@300000/target-module@e000/lcdc@0: Fixed dependency cycle(s) with /ocp/interconnect@44c00000/segment@200000/target-module@b000/i2c@0/tda19988@70
[    0.556522] mdio_bus 4a101000.mdio: using DT '/ocp/interconnect@4a000000/segment@0/target-module@100000/switch@0/mdio@1000' for 'reset' GPIO lookup
[    0.556596] of_get_named_gpiod_flags: can't parse 'reset-gpios' property of node '/ocp/interconnect@4a000000/segment@0/target-module@100000/switch@0/mdio@1000[0]'
[    0.556645] of_get_named_gpiod_flags: can't parse 'reset-gpio' property of node '/ocp/interconnect@4a000000/segment@0/target-module@100000/switch@0/mdio@1000[0]'
[    0.556694] mdio_bus 4a101000.mdio: using lookup tables for GPIO lookup
[    0.556704] mdio_bus 4a101000.mdio: No GPIO consumer reset found
[    0.557856] sdhci-omap 481d8000.mmc: using DT '/ocp/interconnect@48000000/segment@100000/target-module@d8000/mmc@0' for 'wp' GPIO lookup
[    0.557919] of_get_named_gpiod_flags: can't parse 'wp-gpios' property of node '/ocp/interconnect@48000000/segment@100000/target-module@d8000/mmc@0[0]'
[    0.557962] of_get_named_gpiod_flags: can't parse 'wp-gpio' property of node '/ocp/interconnect@48000000/segment@100000/target-module@d8000/mmc@0[0]'
[    0.557996] sdhci-omap 481d8000.mmc: using lookup tables for GPIO lookup
[    0.558005] sdhci-omap 481d8000.mmc: No GPIO consumer wp found
[    0.558196] sdhci-omap 481d8000.mmc: supply pbias not found, using dummy regulator
[    0.558660] sdhci-omap 481d8000.mmc: supply vqmmc not found, using dummy regulator
[    0.635404] davinci_mdio 4a101000.mdio: davinci mdio revision 1.6, bus freq 1000000
[    0.649148] mdio_bus 4a101000.mdio:00: using DT '/ocp/interconnect@4a000000/segment@0/target-module@100000/switch@0/mdio@1000/ethernet-phy@0' for 'reset' GPIO lookup
[    0.649252] of_get_named_gpiod_flags: parsed 'reset-gpios' property of node '/ocp/interconnect@4a000000/segment@0/target-module@100000/switch@0/mdio@1000/ethernet-phy@0[0]' - status (0)
[    0.649411] gpio gpiochip0: Persistence not supported for GPIO 8
[    0.821374] davinci_mdio 4a101000.mdio: phy[0]: device 4a101000.mdio:00, driver SMSC LAN8710/LAN8720
[    0.822009] cpsw-switch 4a100000.switch: initialized cpsw ale version 1.4
[    0.822029] cpsw-switch 4a100000.switch: ALE Table size 1024
[    0.822324] cpsw-switch 4a100000.switch: cpts: overflow check period 500 (jiffies)
[    0.822346] cpsw-switch 4a100000.switch: CPTS: ref_clk_freq:250000000 calc_mult:2147483648 calc_shift:29 error:0 nsec/sec
[    0.822451] cpsw-switch 4a100000.switch: Detected MACID = 6c:ec:eb:68:de:78
[    0.824263] cpsw-switch 4a100000.switch: initialized (regs 0x4a100000, pool size 256) hw_ver:0019010C 1.12 (0)
[    0.835163] debugfs: Directory '49000000.dma' with parent 'dmaengine' already present!
[    0.835205] edma 49000000.dma: TI EDMA DMA engine driver
[    0.873317] gpio-clk clk_mcasp0: using DT '/clk_mcasp0' for 'enable' GPIO lookup
[    0.873395] of_get_named_gpiod_flags: parsed 'enable-gpios' property of node '/clk_mcasp0[0]' - status (0)
[    0.873436] gpio gpiochip0: Persistence not supported for GPIO 27
[    0.874285] gpiochip_find_base: found new base at 608
[    0.874344] gpio gpiochip3: (gpio-96-127): created GPIO range 0->7 ==> 44e10800.pinmux PIN 82->89
[    0.874363] gpio gpiochip3: (gpio-96-127): created GPIO range 8->11 ==> 44e10800.pinmux PIN 52->55
[    0.874379] gpio gpiochip3: (gpio-96-127): created GPIO range 12->15 ==> 44e10800.pinmux PIN 94->97
[    0.874395] gpio gpiochip3: (gpio-96-127): created GPIO range 16->17 ==> 44e10800.pinmux PIN 71->72
[    0.874411] gpio gpiochip3: (gpio-96-127): created GPIO range 18->18 ==> 44e10800.pinmux PIN 135->135
[    0.874427] gpio gpiochip3: (gpio-96-127): created GPIO range 19->20 ==> 44e10800.pinmux PIN 108->109
[    0.874444] gpio gpiochip3: (gpio-96-127): created GPIO range 21->21 ==> 44e10800.pinmux PIN 73->73
[    0.874461] gpio gpiochip3: (gpio-96-127): created GPIO range 22->23 ==> 44e10800.pinmux PIN 8->9
[    0.874478] gpio gpiochip3: (gpio-96-127): created GPIO range 26->27 ==> 44e10800.pinmux PIN 10->11
[    0.874495] gpio gpiochip3: (gpio-96-127): created GPIO range 28->28 ==> 44e10800.pinmux PIN 74->74
[    0.874513] gpio gpiochip3: (gpio-96-127): created GPIO range 29->29 ==> 44e10800.pinmux PIN 81->81
[    0.874531] gpio gpiochip3: (gpio-96-127): created GPIO range 30->31 ==> 44e10800.pinmux PIN 28->29
[    0.885487] gpio gpiochip3: (gpio-96-127): added GPIO chardev (254:3)
[    0.885645] gpio gpiochip3: registered GPIOs 608 to 639 on gpio-96-127
[    0.887898] omap8250 44e09000.serial: using DT '/ocp/interconnect@44c00000/segment@200000/target-module@9000/serial@0' for 'rs485-term' GPIO lookup
[    0.887973] of_get_named_gpiod_flags: can't parse 'rs485-term-gpios' property of node '/ocp/interconnect@44c00000/segment@200000/target-module@9000/serial@0[0]'
[    0.888018] of_get_named_gpiod_flags: can't parse 'rs485-term-gpio' property of node '/ocp/interconnect@44c00000/segment@200000/target-module@9000/serial@0[0]'
[    0.888055] omap8250 44e09000.serial: using lookup tables for GPIO lookup
[    0.888065] omap8250 44e09000.serial: No GPIO consumer rs485-term found
[    0.888075] omap8250 44e09000.serial: using DT '/ocp/interconnect@44c00000/segment@200000/target-module@9000/serial@0' for 'rs485-rx-during-tx' GPIO lookup
[    0.888112] of_get_named_gpiod_flags: can't parse 'rs485-rx-during-tx-gpios' property of node '/ocp/interconnect@44c00000/segment@200000/target-module@9000/serial@0[0]'
[    0.888150] of_get_named_gpiod_flags: can't parse 'rs485-rx-during-tx-gpio' property of node '/ocp/interconnect@44c00000/segment@200000/target-module@9000/serial@0[0]'
[    0.888182] omap8250 44e09000.serial: using lookup tables for GPIO lookup
[    0.888191] omap8250 44e09000.serial: No GPIO consumer rs485-rx-during-tx found
[    0.888563] 44e09000.serial: ttyS0 at MMIO 0x44e09000 (irq = 34, base_baud = 3000000) is a 8250
[    0.888645] printk: console [ttyS0] enabled
[    2.078488] i2c i2c-0: using DT '/ocp/interconnect@44c00000/segment@200000/target-module@b000/i2c@0' for 'scl' GPIO lookup
[    2.078585] of_get_named_gpiod_flags: can't parse 'scl-gpios' property of node '/ocp/interconnect@44c00000/segment@200000/target-module@b000/i2c@0[0]'
[    2.078635] of_get_named_gpiod_flags: can't parse 'scl-gpio' property of node '/ocp/interconnect@44c00000/segment@200000/target-module@b000/i2c@0[0]'
[    2.078674] i2c i2c-0: using lookup tables for GPIO lookup
[    2.078685] i2c i2c-0: No GPIO consumer scl found
[    2.078708] i2c i2c-0: using DT '/ocp/interconnect@44c00000/segment@200000/target-module@b000/i2c@0' for 'sda' GPIO lookup
[    2.078748] of_get_named_gpiod_flags: can't parse 'sda-gpios' property of node '/ocp/interconnect@44c00000/segment@200000/target-module@b000/i2c@0[0]'
[    2.078788] of_get_named_gpiod_flags: can't parse 'sda-gpio' property of node '/ocp/interconnect@44c00000/segment@200000/target-module@b000/i2c@0[0]'
[    2.078823] i2c i2c-0: using lookup tables for GPIO lookup
[    2.078832] i2c i2c-0: No GPIO consumer sda found
[    2.115125] tps65217-pmic: Failed to locate of_node [id: -1]
[    2.121170] tps65217-bl: Failed to locate of_node [id: -1]
[    2.149669] tps65217 0-0024: TPS65217 ID 0xe version 1.2
[    2.155801] /ocp/interconnect@48000000/segment@300000/target-module@e000/lcdc@0: Fixed dependency cycle(s) with /ocp/interconnect@44c00000/segment@200000/target-module@b000/i2c@0/tda19988@70
[    2.173177] /ocp/interconnect@44c00000/segment@200000/target-module@b000/i2c@0/tda19988@70: Fixed dependency cycle(s) with /ocp/interconnect@48000000/segment@300000/target-module@e000/lcdc@0
[    2.190546] omap_i2c 44e0b000.i2c: bus 0 rev0.11 at 400 kHz
[    2.202084] sdhci-omap 48060000.mmc: using DT '/ocp/interconnect@48000000/segment@0/target-module@60000/mmc@0' for 'cd' GPIO lookup
[    2.202191] of_get_named_gpiod_flags: parsed 'cd-gpios' property of node '/ocp/interconnect@48000000/segment@0/target-module@60000/mmc@0[0]' - status (0)
[    2.202317] gpio gpiochip3: Persistence not supported for GPIO 6
[    2.202344] omap_gpio 44e07000.gpio: Could not set line 6 debounce to 200000 microseconds (-22)
[    2.211277] sdhci-omap 48060000.mmc: Got CD GPIO
[    2.215966] sdhci-omap 48060000.mmc: using DT '/ocp/interconnect@48000000/segment@0/target-module@60000/mmc@0' for 'wp' GPIO lookup
[    2.216019] of_get_named_gpiod_flags: can't parse 'wp-gpios' property of node '/ocp/interconnect@48000000/segment@0/target-module@60000/mmc@0[0]'
[    2.216063] of_get_named_gpiod_flags: can't parse 'wp-gpio' property of node '/ocp/interconnect@48000000/segment@0/target-module@60000/mmc@0[0]'
[    2.216101] sdhci-omap 48060000.mmc: using lookup tables for GPIO lookup
[    2.216113] sdhci-omap 48060000.mmc: No GPIO consumer wp found
[    2.216311] sdhci-omap 48060000.mmc: supply pbias not found, using dummy regulator
[    2.228309] sdhci-omap 481d8000.mmc: using DT '/ocp/interconnect@48000000/segment@100000/target-module@d8000/mmc@0' for 'wp' GPIO lookup
[    2.228396] of_get_named_gpiod_flags: can't parse 'wp-gpios' property of node '/ocp/interconnect@48000000/segment@100000/target-module@d8000/mmc@0[0]'
[    2.228445] of_get_named_gpiod_flags: can't parse 'wp-gpio' property of node '/ocp/interconnect@48000000/segment@100000/target-module@d8000/mmc@0[0]'
[    2.228484] sdhci-omap 481d8000.mmc: using lookup tables for GPIO lookup
[    2.228495] sdhci-omap 481d8000.mmc: No GPIO consumer wp found
[    2.229769] sdhci-omap 48060000.mmc: supply vqmmc not found, using dummy regulator
[    2.238869] sdhci-omap 481d8000.mmc: supply pbias not found, using dummy regulator
[    2.248387] sdhci-omap 481d8000.mmc: supply vqmmc not found, using dummy regulator
[    2.284921] mmc1: SDHCI controller on 481d8000.mmc [481d8000.mmc] using External DMA
[    2.293857] mmc0: SDHCI controller on 48060000.mmc [48060000.mmc] using External DMA
[    2.302702] cpsw-switch 4a100000.switch: starting ndev. mode: dual_mac
[    2.365104] mmc1: new high speed MMC card at address 0001
[    2.372007] mmcblk1: mmc1:0001 MMC04G 3.60 GiB
[    2.379446]  mmcblk1: p1 p2
[    2.382941] mmc0: new high speed SDHC card at address aaaa
[    2.389972] mmcblk1boot0: mmc1:0001 MMC04G 2.00 MiB
[    2.396520] mmcblk0: mmc0:aaaa SE32G 29.7 GiB
[    2.403055] mmcblk1boot1: mmc1:0001 MMC04G 2.00 MiB
[    2.411453] mmcblk1rpmb: mmc1:0001 MMC04G 128 KiB, chardev (250:0)
[    2.418186]  mmcblk0: p1 p2
[    2.486010] SMSC LAN8710/LAN8720 4a101000.mdio:00: attached PHY driver (mii_bus:phy_addr=4a101000.mdio:00, irq=POLL)
[    5.605550] cpsw-switch 4a100000.switch eth0: Link is Up - 100Mbps/Full - flow control off
[    5.645042] IP-Config: Complete:
[    5.648313]      device=eth0, hwaddr=6c:ec:eb:68:de:78, ipaddr=192.168.255.1, mask=255.255.255.0, gw=255.255.255.255
[    5.658966]      host=bbb1, domain=, nis-domain=(none)
[    5.664130]      bootserver=192.168.255.126, rootserver=192.168.255.126, rootpath=
[    5.664540] clk: Disabling unused clocks
[    5.676391] KTAP version 1
[    5.679119] 1..0
[    5.702887] VFS: Mounted root (nfs filesystem) on device 0:16.
[    5.709982] devtmpfs: mounted
[    5.714609] Freeing unused kernel image (initmem) memory: 1024K
[    5.721556] Run /sbin/init as init process
[    5.725805]   with arguments:
[    5.725820]     /sbin/init
[    5.725828]     nfsrootdebug
[    5.725836]   with environment:
[    5.725842]     HOME=/
[    5.725850]     TERM=linux
[    6.406178] systemd[1]: System time before build time, advancing clock.
[    7.844837] random: crng init done
[    7.905344] systemd[1]: systemd 232 running in system mode. (+PAM +AUDIT +SELINUX +IMA +APPARMOR +SMACK +SYSVINIT +UTMP +LIBCRYPTSETUP +GCRYPT +GNUTLS +ACL +XZ +LZ4 +SECCOMP +BLKID +ELFUTILS +KMOD +IDN)
[    7.924279] systemd[1]: Detected architecture arm.
[    7.967747] systemd[1]: Set hostname to <arm>.
[    9.036703] systemd[1]: Set up automount Arbitrary Executable File Formats File System Automount Point.
[    9.076966] systemd[1]: Listening on udev Control Socket.
[    9.115174] systemd[1]: Reached target Remote File Systems.
[    9.155384] systemd[1]: Listening on udev Kernel Socket.
[    9.195588] systemd[1]: Started Forward Password Requests to Wall Directory Watch.
[    9.236305] systemd[1]: Created slice User and Session Slice.
[    9.275145] systemd[1]: Reached target Swap.
[   11.651253] systemd-journald[91]: Received request to flush runtime journal from PID 1
[   14.236840] leds-gpio leds: using DT '/leds/led2' for '(null)' GPIO lookup
[   14.236943] of_get_named_gpiod_flags: parsed 'gpios' property of node '/leds/led2[0]' - status (0)
[   14.236993] gpio gpiochip0: Persistence not supported for GPIO 21
[   14.237007] gpio-533 (?): no flags found for (null)
[   14.237311] leds-gpio leds: using DT '/leds/led3' for '(null)' GPIO lookup
[   14.237359] of_get_named_gpiod_flags: parsed 'gpios' property of node '/leds/led3[0]' - status (0)
[   14.237392] gpio gpiochip0: Persistence not supported for GPIO 22
[   14.237403] gpio-534 (?): no flags found for (null)
[   14.267439] leds-gpio leds: using DT '/leds/led4' for '(null)' GPIO lookup
[   14.267537] of_get_named_gpiod_flags: parsed 'gpios' property of node '/leds/led4[0]' - status (0)
[   14.267583] gpio gpiochip0: Persistence not supported for GPIO 23
[   14.267596] gpio-535 (?): no flags found for (null)
[   14.295330] leds-gpio leds: using DT '/leds/led5' for '(null)' GPIO lookup
[   14.295421] of_get_named_gpiod_flags: parsed 'gpios' property of node '/leds/led5[0]' - status (0)
[   14.295467] gpio gpiochip0: Persistence not supported for GPIO 24
[   14.295480] gpio-536 (?): no flags found for (null)
[   14.629794] remoteproc remoteproc0: wkup_m3 is available
[   14.835403] omap_wdt: OMAP Watchdog Timer Rev 0x01: initial timeout 60 sec
[   15.114272] at24 2-0054: supply vcc not found, using dummy regulator
[   15.135076] tps6521x_pwrbutton tps65217-pwrbutton: DMA mask not set
[   15.246347] input: tps65217_pwrbutton as /devices/platform/ocp/44c00000.interconnect/44c00000.interconnect:segment@200000/44e0b000.target-module/44e0b000.i2c/i2c-0/0-0024/tps65217-pwrbutton/input/input0
[   15.276581] at24 2-0055: supply vcc not found, using dummy regulator
[   15.395222] at24 2-0056: supply vcc not found, using dummy regulator
[   15.537562] wkup_m3_ipc 44e11324.wkup_m3_ipc: IPC Request for A8->M3 Channel failed! -517
[   15.568568] at24 2-0057: supply vcc not found, using dummy regulator
[   15.705247] at24 0-0050: using DT '/ocp/interconnect@44c00000/segment@200000/target-module@b000/i2c@0/baseboard_eeprom@50' for 'wp' GPIO lookup
[   15.705351] of_get_named_gpiod_flags: can't parse 'wp-gpios' property of node '/ocp/interconnect@44c00000/segment@200000/target-module@b000/i2c@0/baseboard_eeprom@50[0]'
[   15.705408] of_get_named_gpiod_flags: can't parse 'wp-gpio' property of node '/ocp/interconnect@44c00000/segment@200000/target-module@b000/i2c@0/baseboard_eeprom@50[0]'
[   15.705453] at24 0-0050: using lookup tables for GPIO lookup
[   15.705465] at24 0-0050: No GPIO consumer wp found
[   15.705704] at24 0-0050: 32768 byte 24c256 EEPROM, writable, 1 bytes/write
[   15.725630] wkup_m3_ipc 44e11324.wkup_m3_ipc: IPC Request for A8->M3 Channel failed! -517
[   15.849807] omap_rtc 44e3e000.rtc: registered as rtc0
[   15.855678] omap_rtc 44e3e000.rtc: setting system clock to 2000-01-01T00:00:00 UTC (946684800)
[   15.864381] omap_rtc 44e3e000.rtc: using DT '/ocp/interconnect@44c00000/segment@200000/target-module@3e000/rtc@0' for 'wp' GPIO lookup
[   15.864452] of_get_named_gpiod_flags: can't parse 'wp-gpios' property of node '/ocp/interconnect@44c00000/segment@200000/target-module@3e000/rtc@0[0]'
[   15.864501] of_get_named_gpiod_flags: can't parse 'wp-gpio' property of node '/ocp/interconnect@44c00000/segment@200000/target-module@3e000/rtc@0[0]'
[   15.864540] omap_rtc 44e3e000.rtc: using lookup tables for GPIO lookup
[   15.864552] omap_rtc 44e3e000.rtc: No GPIO consumer wp found
[   15.866371] wkup_m3_ipc 44e11324.wkup_m3_ipc: IPC Request for A8->M3 Channel failed! -517
[   16.050921] wkup_m3_ipc 44e11324.wkup_m3_ipc: IPC Request for A8->M3 Channel failed! -517
[   16.137548] am335x-phy-driver 47401300.usb-phy: using DT '/ocp/target-module@47400000/usb-phy@1300' for 'reset' GPIO lookup
[   16.137642] of_get_named_gpiod_flags: can't parse 'reset-gpios' property of node '/ocp/target-module@47400000/usb-phy@1300[0]'
[   16.137685] of_get_named_gpiod_flags: can't parse 'reset-gpio' property of node '/ocp/target-module@47400000/usb-phy@1300[0]'
[   16.137722] am335x-phy-driver 47401300.usb-phy: using lookup tables for GPIO lookup
[   16.137735] am335x-phy-driver 47401300.usb-phy: No GPIO consumer reset found
[   16.137748] am335x-phy-driver 47401300.usb-phy: using DT '/ocp/target-module@47400000/usb-phy@1300' for 'vbus-detect' GPIO lookup
[   16.137778] of_get_named_gpiod_flags: can't parse 'vbus-detect-gpios' property of node '/ocp/target-module@47400000/usb-phy@1300[0]'
[   16.137809] of_get_named_gpiod_flags: can't parse 'vbus-detect-gpio' property of node '/ocp/target-module@47400000/usb-phy@1300[0]'
[   16.137833] am335x-phy-driver 47401300.usb-phy: using lookup tables for GPIO lookup
[   16.137843] am335x-phy-driver 47401300.usb-phy: No GPIO consumer vbus-detect found
[   16.137988] am335x-phy-driver 47401300.usb-phy: dummy supplies not allowed for exclusive requests
[   16.325441] am335x-phy-driver 47401b00.usb-phy: using DT '/ocp/target-module@47400000/usb-phy@1b00' for 'reset' GPIO lookup
[   16.325530] of_get_named_gpiod_flags: can't parse 'reset-gpios' property of node '/ocp/target-module@47400000/usb-phy@1b00[0]'
[   16.325572] of_get_named_gpiod_flags: can't parse 'reset-gpio' property of node '/ocp/target-module@47400000/usb-phy@1b00[0]'
[   16.325609] am335x-phy-driver 47401b00.usb-phy: using lookup tables for GPIO lookup
[   16.325621] am335x-phy-driver 47401b00.usb-phy: No GPIO consumer reset found
[   16.325634] am335x-phy-driver 47401b00.usb-phy: using DT '/ocp/target-module@47400000/usb-phy@1b00' for 'vbus-detect' GPIO lookup
[   16.325665] of_get_named_gpiod_flags: can't parse 'vbus-detect-gpios' property of node '/ocp/target-module@47400000/usb-phy@1b00[0]'
[   16.325695] of_get_named_gpiod_flags: can't parse 'vbus-detect-gpio' property of node '/ocp/target-module@47400000/usb-phy@1b00[0]'
[   16.325720] am335x-phy-driver 47401b00.usb-phy: using lookup tables for GPIO lookup
[   16.325730] am335x-phy-driver 47401b00.usb-phy: No GPIO consumer vbus-detect found
[   16.325877] am335x-phy-driver 47401b00.usb-phy: dummy supplies not allowed for exclusive requests
[   16.338705] wkup_m3_ipc 44e11324.wkup_m3_ipc: IPC Request for A8->M3 Channel failed! -517
[   16.414290] usbcore: registered new interface driver usbfs
[   16.420134] usbcore: registered new interface driver hub
[   16.425623] usbcore: registered new device driver usb
[   16.537690] wkup_m3_ipc 44e11324.wkup_m3_ipc: IPC Request for A8->M3 Channel failed! -517
[   16.885429] wkup_m3_ipc 44e11324.wkup_m3_ipc: IPC Request for A8->M3 Channel failed! -517
[   16.985359] musb-hdrc musb-hdrc.1: MUSB HDRC host driver
[   16.990787] musb-hdrc musb-hdrc.1: new USB bus registered, assigned bus number 1
[   17.027479] wkup_m3_ipc 44e11324.wkup_m3_ipc: IPC Request for A8->M3 Channel failed! -517
[   17.038638] tda998x 0-0070: found TDA19988
[   17.170884] wkup_m3_ipc 44e11324.wkup_m3_ipc: IPC Request for A8->M3 Channel failed! -517
[   17.180178] usb usb1: New USB device found, idVendor=1d6b, idProduct=0002, bcdDevice= 6.06
[   17.188776] usb usb1: New USB device strings: Mfr=3, Product=2, SerialNumber=1
[   17.196135] usb usb1: Product: MUSB HDRC host driver
[   17.201130] usb usb1: Manufacturer: Linux 6.6.114 musb-hcd
[   17.206689] usb usb1: SerialNumber: musb-hdrc.1
[   17.363581] hub 1-0:1.0: USB hub found
[   17.407350] hub 1-0:1.0: 1 port detected
[   17.430105] omap-mailbox 480c8000.mailbox: omap mailbox rev 0x400
[   17.468233] remoteproc remoteproc0: powering up wkup_m3
[   17.601536] remoteproc remoteproc0: Direct firmware load for am335x-pm-firmware.elf failed with error -2
[   17.611474] remoteproc remoteproc0: request_firmware failed: -2
[   17.617567] wkup_m3_ipc 44e11324.wkup_m3_ipc: rproc_boot failed
[   19.152115] tilcdc 4830e000.lcdc: bound 0-0070 (ops tda998x_audio_codec_init [tda998x])
[   19.262326] [drm] Initialized tilcdc 1.0.0 20121205 for 4830e000.lcdc on minor 0
[   19.345753] omap_rng 48310000.rng: Random Number Generator ver. 20
[   19.376666] tilcdc 4830e000.lcdc: [drm] Cannot find any crtc or sizes
[   19.492091] tilcdc 4830e000.lcdc: [drm] Cannot find any crtc or sizes
[   20.756703] PM: Cannot get wkup_m3_ipc handle
[   20.865701] omap-sham 53100000.sham: hw accel on OMAP rev 4.3
[   21.075997] omap-sham 53100000.sham: will run requests pump with realtime priority
[   21.085884] PM: Cannot get wkup_m3_ipc handle
[   21.290961] omap-aes 53500000.aes: OMAP AES hw accel rev: 3.2
[   21.449552] omap-aes 53500000.aes: will run requests pump with realtime priority
[   21.458208] PM: Cannot get wkup_m3_ipc handle
[   23.987556] Bluetooth: Core ver 2.22
[   23.991395] NET: Registered PF_BLUETOOTH protocol family
[   23.996933] Bluetooth: HCI device and connection manager initialized
[   24.003349] Bluetooth: HCI socket layer initialized
[   24.008360] Bluetooth: L2CAP socket layer initialized
[   24.013476] Bluetooth: SCO socket layer initialized
[   25.073718] PM: Cannot get wkup_m3_ipc handle
[   25.079666] asoc-simple-card sound: using DT '/sound' for 'simple-audio-card,hp-det' GPIO lookup
[   25.079736] of_get_named_gpiod_flags: can't parse 'simple-audio-card,hp-det-gpios' property of node '/sound[0]'
[   25.079771] of_get_named_gpiod_flags: can't parse 'simple-audio-card,hp-det-gpio' property of node '/sound[0]'
[   25.079794] asoc-simple-card sound: using lookup tables for GPIO lookup
[   25.079805] asoc-simple-card sound: No GPIO consumer simple-audio-card,hp-det found
[   25.079818] asoc-simple-card sound: using DT '/sound' for 'simple-audio-card,mic-det' GPIO lookup
[   25.079841] of_get_named_gpiod_flags: can't parse 'simple-audio-card,mic-det-gpios' property of node '/sound[0]'
[   25.079865] of_get_named_gpiod_flags: can't parse 'simple-audio-card,mic-det-gpio' property of node '/sound[0]'
[   25.079882] asoc-simple-card sound: using lookup tables for GPIO lookup
[   25.079892] asoc-simple-card sound: No GPIO consumer simple-audio-card,mic-det found
[   25.175003] PM: Cannot get wkup_m3_ipc handle
[   28.371298] userial_init: registered 8 ttyGS* devices
[   28.558620] rndis_register: configNr = 0
[   28.616410] udc musb-hdrc.0: binding gadget driver [g_multi]
[   28.616500] configfs-gadget.g_multi gadget.0: adding 'rndis'/0ce98c71 to config 'c'/862b6fd0
[   28.617649] configfs-gadget.g_multi gadget.0: HOST MAC 1c:ba:8c:a2:ed:6c
[   28.624420] configfs-gadget.g_multi gadget.0: MAC 1c:ba:8c:a2:ed:70
[   28.630992] rndis_set_param_medium: 0 0
[   28.631014] configfs-gadget.g_multi gadget.0: RNDIS: IN/ep1in OUT/ep1out NOTIFY/ep2in
[   28.631030] configfs-gadget.g_multi gadget.0: adding 'cdc_ethernet'/fae49f4c to config 'c'/862b6fd0
[   28.631951] configfs-gadget.g_multi gadget.0: HOST MAC 1c:ba:8c:a2:ed:6c
[   28.638805] configfs-gadget.g_multi gadget.0: MAC 1c:ba:8c:a2:ed:6d
[   28.645189] configfs-gadget.g_multi gadget.0: CDC Ethernet: IN/ep3in OUT/ep2out NOTIFY/ep4in
[   28.645207] configfs-gadget.g_multi gadget.0: adding 'acm'/517def3b to config 'c'/862b6fd0
[   28.645241] configfs-gadget.g_multi gadget.0: acm ttyGS0: IN/ep5in OUT/ep3out NOTIFY/ep6in
[   28.650133] PM: Cannot get wkup_m3_ipc handle
[   30.770520] configfs-gadget.g_multi gadget.0: eth_open
[   34.708148] gs_open: ttyGS0 (dd96f73c,20ac09c2)
[   34.708300] gs_close: ttyGS0 (dd96f73c,20ac09c2) ...
[   34.708321] gs_close: ttyGS0 (dd96f73c,20ac09c2) done!
[   34.723006] gs_open: ttyGS0 (59757e7f,a831d1a7)
[   34.723154] gs_close: ttyGS0 (59757e7f,a831d1a7) ...
[   34.723177] gs_close: ttyGS0 (59757e7f,a831d1a7) done!
[   34.850589] gs_open: ttyGS0 (6ea04962,e9e2ad9e)
[   34.850826] gs_close: ttyGS0 (6ea04962,e9e2ad9e) ...
[   34.850853] gs_close: ttyGS0 (6ea04962,e9e2ad9e) done!
[   34.852229] gs_open: ttyGS0 (6ea04962,9921a935)
UJGXSXMSHT 0
root@arm:~# echo 'QCTQ''PZTYQY'
QCTQPZTYQY
root@arm:~# MARKER='WYBS''ASKFXJ' run 'modprobe test_linear_ranges'
WYBSASKFXJWYBSASKFXJ 0
root@arm:~# echo 'YKWP''ZABMKU'
YKWPZABMKU
root@arm:~# MARKER='KEPK''AOLVOX' run dmesg
KEPKAOLVOX[    0.000000] Booting Linux on physical CPU 0x0
[    0.000000] Linux version 6.6.114 (user01@drvtest01) (arm-none-eabi-gcc (Arm GNU Toolchain 14.2.Rel1 (Build arm-14.52)) 14.2.1 20241119, GNU ld (Arm GNU Toolchain 14.2.Rel1 (Build arm-14.52)) 2.43.1.20241119) #1 SMP Thu Oct 23 18:42:52 EEST 2025
[    0.000000] CPU: ARMv7 Processor [413fc082] revision 2 (ARMv7), cr=10c5387d
[    0.000000] CPU: PIPT / VIPT nonaliasing data cache, VIPT aliasing instruction cache
[    0.000000] OF: fdt: Machine model: TI AM335x BeagleBone Black
[    0.000000] Memory policy: Data cache writeback
[    0.000000] cma: Reserved 16 MiB at 0x9e800000 on node -1
[    0.000000] Zone ranges:
[    0.000000]   Normal   [mem 0x0000000080000000-0x000000009fdfffff]
[    0.000000]   HighMem  empty
[    0.000000] Movable zone start for each node
[    0.000000] Early memory node ranges
[    0.000000]   node   0: [mem 0x0000000080000000-0x000000009fdfffff]
[    0.000000] Initmem setup node 0 [mem 0x0000000080000000-0x000000009fdfffff]
[    0.000000] CPU: All CPU(s) started in SVC mode.
[    0.000000] AM335X ES2.1 (sgx neon)
[    0.000000] percpu: Embedded 16 pages/cpu s36116 r8192 d21228 u65536
[    0.000000] pcpu-alloc: s36116 r8192 d21228 u65536 alloc=16*4096
[    0.000000] pcpu-alloc: [0] 0 
[    0.000000] Kernel command line: console=ttyO0,115200n8 root=/dev/nfs rw nfsroot=192.168.255.126:/home/user01/nfs,nfsvers=3 ip=192.168.255.1:192.168.255.126::255.255.255.0:bbb1:eth0 nfsrootdebug
[    0.000000] Unknown kernel command line parameters "nfsrootdebug", will be passed to user space.
[    0.000000] Dentry cache hash table entries: 65536 (order: 6, 262144 bytes, linear)
[    0.000000] Inode-cache hash table entries: 32768 (order: 5, 131072 bytes, linear)
[    0.000000] Built 1 zonelists, mobility grouping on.  Total pages: 129412
[    0.000000] mem auto-init: stack:off, heap alloc:off, heap free:off
[    0.000000] Memory: 483604K/522240K available (11264K kernel code, 1165K rwdata, 2704K rodata, 1024K init, 281K bss, 22252K reserved, 16384K cma-reserved, 0K highmem)
[    0.000000] SLUB: HWalign=64, Order=0-3, MinObjects=0, CPUs=1, Nodes=1
[    0.000000] rcu: Hierarchical RCU implementation.
[    0.000000] rcu: 	RCU event tracing is enabled.
[    0.000000] rcu: 	RCU restricting CPUs from NR_CPUS=2 to nr_cpu_ids=1.
[    0.000000] rcu: RCU calculated value of scheduler-enlistment delay is 10 jiffies.
[    0.000000] rcu: Adjusting geometry for rcu_fanout_leaf=16, nr_cpu_ids=1
[    0.000000] NR_IRQS: 16, nr_irqs: 16, preallocated irqs: 16
[    0.000000] IRQ: Found an INTC at 0x(ptrval) (revision 5.0) with 128 interrupts
[    0.000000] rcu: srcu_init: Setting srcu_struct sizes based on contention.
[    0.000000] TI gptimer clocksource: always-on /ocp/interconnect@44c00000/segment@200000/target-module@31000
[    0.000003] sched_clock: 32 bits at 24MHz, resolution 41ns, wraps every 89478484971ns
[    0.000027] clocksource: dmtimer: mask: 0xffffffff max_cycles: 0xffffffff, max_idle_ns: 79635851949 ns
[    0.000512] TI gptimer clockevent: 24000000 Hz at /ocp/interconnect@48000000/segment@0/target-module@40000
[    0.002080] Console: colour dummy device 80x30
[    0.002130] WARNING: Your 'console=ttyO0' has been replaced by 'ttyS0'
[    0.002138] This ensures that you still see kernel messages. Please
[    0.002142] update your kernel commandline.
[    0.002181] Calibrating delay loop... 996.14 BogoMIPS (lpj=4980736)
[    0.090565] CPU: Testing write buffer coherency: ok
[    0.090663] CPU0: Spectre v2: using BPIALL workaround
[    0.090674] pid_max: default: 32768 minimum: 301
[    0.090788] LSM: initializing lsm=capability,integrity
[    0.090953] Mount-cache hash table entries: 1024 (order: 0, 4096 bytes, linear)
[    0.090972] Mountpoint-cache hash table entries: 1024 (order: 0, 4096 bytes, linear)
[    0.092429] CPU0: thread -1, cpu 0, socket -1, mpidr 0
[    0.094059] Setting up static identity map for 0x80100000 - 0x80100078
[    0.094346] rcu: Hierarchical SRCU implementation.
[    0.094355] rcu: 	Max phase no-delay instances is 1000.
[    0.095743] smp: Bringing up secondary CPUs ...
[    0.095796] smp: Brought up 1 node, 1 CPU
[    0.095808] SMP: Total of 1 processors activated (996.14 BogoMIPS).
[    0.095821] CPU: All CPU(s) started in SVC mode.
[    0.096706] devtmpfs: initialized
[    0.113423] VFP support v0.3: implementor 41 architecture 3 part 30 variant c rev 3
[    0.113770] clocksource: jiffies: mask: 0xffffffff max_cycles: 0xffffffff, max_idle_ns: 19112604462750000 ns
[    0.113803] futex hash table entries: 256 (order: 2, 16384 bytes, linear)
[    0.115075] pinctrl core: initialized pinctrl subsystem
[    0.117227] NET: Registered PF_NETLINK/PF_ROUTE protocol family
[    0.119764] DMA: preallocated 256 KiB pool for atomic coherent allocations
[    0.120362] audit: initializing netlink subsys (disabled)
[    0.121899] thermal_sys: Registered thermal governor 'fair_share'
[    0.121920] thermal_sys: Registered thermal governor 'step_wise'
[    0.121926] thermal_sys: Registered thermal governor 'user_space'
[    0.122038] audit: type=2000 audit(0.120:1): state=initialized audit_enabled=0 res=1
[    0.122114] cpuidle: using governor menu
[    0.138403] /ocp/interconnect@44c00000/segment@200000/target-module@b000/i2c@0/tda19988@70: Fixed dependency cycle(s) with /ocp/interconnect@48000000/segment@300000/target-module@e000/lcdc@0
[    0.139460] /ocp/interconnect@48000000/segment@300000/target-module@e000/lcdc@0: Fixed dependency cycle(s) with /ocp/interconnect@44c00000/segment@200000/target-module@b000/i2c@0/tda19988@70
[    0.141671] No ATAGs?
[    0.141690] hw-breakpoint: debug architecture 0x4 unsupported.
[    0.144698] kprobes: kprobe jump-optimization is enabled. All kprobes are optimized if possible.
[    0.148022] iommu: Default domain type: Translated
[    0.148041] iommu: DMA domain TLB invalidation policy: strict mode
[    0.149466] SCSI subsystem initialized
[    0.161194] libata version 3.00 loaded.
[    0.161574] pps_core: LinuxPPS API ver. 1 registered
[    0.161585] pps_core: Software ver. 5.3.6 - Copyright 2005-2007 Rodolfo Giometti <giometti@linux.it>
[    0.161610] PTP clock support registered
[    0.163916] reg-fixed-voltage fixedregulator0: using DT '/fixedregulator0' for '(null)' GPIO lookup
[    0.163974] of_get_named_gpiod_flags: can't parse 'gpios' property of node '/fixedregulator0[0]'
[    0.164004] of_get_named_gpiod_flags: can't parse 'gpio' property of node '/fixedregulator0[0]'
[    0.164023] reg-fixed-voltage fixedregulator0: using lookup tables for GPIO lookup
[    0.164033] reg-fixed-voltage fixedregulator0: No GPIO consumer (null) found
[    0.164487] vgaarb: loaded
[    0.164830] clocksource: Switched to clocksource dmtimer
[    0.165443] VFS: Disk quotas dquot_6.6.0
[    0.165505] VFS: Dquot-cache hash table entries: 1024 (order 0, 4096 bytes)
[    0.193295] NET: Registered PF_INET protocol family
[    0.193635] IP idents hash table entries: 8192 (order: 4, 65536 bytes, linear)
[    0.195050] tcp_listen_portaddr_hash hash table entries: 512 (order: 0, 4096 bytes, linear)
[    0.195091] Table-perturb hash table entries: 65536 (order: 6, 262144 bytes, linear)
[    0.195109] TCP established hash table entries: 4096 (order: 2, 16384 bytes, linear)
[    0.195154] TCP bind hash table entries: 4096 (order: 4, 65536 bytes, linear)
[    0.195255] TCP: Hash tables configured (established 4096 bind 4096)
[    0.195389] UDP hash table entries: 256 (order: 1, 8192 bytes, linear)
[    0.195416] UDP-Lite hash table entries: 256 (order: 1, 8192 bytes, linear)
[    0.195588] NET: Registered PF_UNIX/PF_LOCAL protocol family
[    0.206083] RPC: Registered named UNIX socket transport module.
[    0.206106] RPC: Registered udp transport module.
[    0.206112] RPC: Registered tcp transport module.
[    0.206117] RPC: Registered tcp-with-tls transport module.
[    0.206122] RPC: Registered tcp NFSv4.1 backchannel transport module.
[    0.206147] PCI: CLS 0 bytes, default 64
[    0.207739] Initialise system trusted keyrings
[    0.215117] workingset: timestamp_bits=14 max_order=17 bucket_order=3
[    0.216375] NFS: Registering the id_resolver key type
[    0.216464] Key type id_resolver registered
[    0.216471] Key type id_legacy registered
[    0.216527] jffs2: version 2.2. (NAND) (SUMMARY)  Â© 2001-2006 Red Hat, Inc.
[    0.216932] Key type asymmetric registered
[    0.216948] Asymmetric key parser 'x509' registered
[    0.217038] io scheduler mq-deadline registered
[    0.217049] io scheduler kyber registered
[    0.217117] io scheduler bfq registered
[    0.225550] hw perfevents: enabled with armv7_cortex_a8 PMU driver, 5 counters available
[    0.234051] l3-aon-clkctrl:0000:0: failed to disable
[    0.234192] Serial: 8250/16550 driver, 6 ports, IRQ sharing enabled
[    0.279866] brd: module loaded
[    0.299941] loop: module loaded
[    0.300870] mtdoops: mtd device (mtddev=name/number) must be supplied
[    0.302346] mdio_bus fixed-0: using lookup tables for GPIO lookup
[    0.302368] mdio_bus fixed-0: No GPIO consumer reset found
[    0.303597] i2c_dev: i2c /dev entries driver
[    0.304563] cpuidle: enable-method property 'ti,am3352' found operations
[    0.305203] sdhci: Secure Digital Host Controller Interface driver
[    0.305216] sdhci: Copyright(c) Pierre Ossman
[    0.305419] sdhci-pltfm: SDHCI platform and OF driver helper
[    0.305677] ledtrig-cpu: registered to indicate activity on CPUs
[    0.306443] Initializing XFRM netlink socket
[    0.306581] NET: Registered PF_INET6 protocol family
[    0.322088] Segment Routing with IPv6
[    0.322164] In-situ OAM (IOAM) with IPv6
[    0.322275] sit: IPv6, IPv4 and MPLS over IPv4 tunneling driver
[    0.323238] NET: Registered PF_PACKET protocol family
[    0.323266] NET: Registered PF_KEY protocol family
[    0.323397] Key type dns_resolver registered
[    0.323617] ThumbEE CPU extension supported.
[    0.323637] Registering SWP/SWPB emulation handler
[    0.324147] omap_voltage_late_init: Voltage driver support not added
[    0.324971] SmartReflex Class3 initialized
[    0.342387] Loading compiled-in X.509 certificates
[    0.378169] /ocp/interconnect@44c00000/segment@200000/target-module@b000/i2c@0/tda19988@70: Fixed dependency cycle(s) with /ocp/interconnect@48000000/segment@300000/target-module@e000/lcdc@0
[    0.384247] /ocp/interconnect@44c00000/segment@200000/target-module@b000/i2c@0/tda19988@70: Fixed dependency cycle(s) with /ocp/interconnect@48000000/segment@300000/target-module@e000/lcdc@0
[    0.389733] gpiochip_find_base: found new base at 512
[    0.392191] /ocp/interconnect@44c00000/segment@200000/target-module@b000/i2c@0/tda19988@70: Fixed dependency cycle(s) with /ocp/interconnect@48000000/segment@300000/target-module@e000/lcdc@0
[    0.393018] /ocp/interconnect@44c00000/segment@200000/target-module@b000/i2c@0/tda19988@70: Fixed dependency cycle(s) with /ocp/interconnect@48000000/segment@300000/target-module@e000/lcdc@0
[    0.396507] /ocp/interconnect@44c00000/segment@200000/target-module@10000/scm@0/pinmux@800: Fixed dependency cycle(s) with /ocp/interconnect@44c00000/segment@200000/target-module@10000/scm@0/pinmux@800/clkout2-pins
[    0.397111] pinctrl-single 44e10800.pinmux: 142 pins, size 568
[    0.402110] ti-sysc: probe of 44e31000.target-module failed with error -16
[    0.422147] /ocp/interconnect@48000000/segment@300000/target-module@e000/lcdc@0: Fixed dependency cycle(s) with /ocp/interconnect@44c00000/segment@200000/target-module@b000/i2c@0/tda19988@70
[    0.429946] ti-sysc: probe of 48040000.target-module failed with error -16
[    0.440853] gpiochip_find_base: found new base at 512
[    0.440921] gpio gpiochip0: (gpio-0-31): created GPIO range 0->7 ==> 44e10800.pinmux PIN 0->7
[    0.440939] gpio gpiochip0: (gpio-0-31): created GPIO range 8->11 ==> 44e10800.pinmux PIN 90->93
[    0.440956] gpio gpiochip0: (gpio-0-31): created GPIO range 12->27 ==> 44e10800.pinmux PIN 12->27
[    0.440971] gpio gpiochip0: (gpio-0-31): created GPIO range 28->31 ==> 44e10800.pinmux PIN 30->33
[    0.470467] gpio gpiochip0: (gpio-0-31): added GPIO chardev (254:0)
[    0.470622] gpio gpiochip0: registered GPIOs 512 to 543 on gpio-0-31
[    0.470704] OMAP GPIO hardware version 0.1
[    0.512802] i2c i2c-2: using DT '/ocp/interconnect@48000000/segment@100000/target-module@9c000/i2c@0' for 'scl' GPIO lookup
[    0.512876] of_get_named_gpiod_flags: can't parse 'scl-gpios' property of node '/ocp/interconnect@48000000/segment@100000/target-module@9c000/i2c@0[0]'
[    0.512920] of_get_named_gpiod_flags: can't parse 'scl-gpio' property of node '/ocp/interconnect@48000000/segment@100000/target-module@9c000/i2c@0[0]'
[    0.512958] i2c i2c-2: using lookup tables for GPIO lookup
[    0.512969] i2c i2c-2: No GPIO consumer scl found
[    0.512990] i2c i2c-2: using DT '/ocp/interconnect@48000000/segment@100000/target-module@9c000/i2c@0' for 'sda' GPIO lookup
[    0.513025] of_get_named_gpiod_flags: can't parse 'sda-gpios' property of node '/ocp/interconnect@48000000/segment@100000/target-module@9c000/i2c@0[0]'
[    0.513063] of_get_named_gpiod_flags: can't parse 'sda-gpio' property of node '/ocp/interconnect@48000000/segment@100000/target-module@9c000/i2c@0[0]'
[    0.513095] i2c i2c-2: using lookup tables for GPIO lookup
[    0.513102] i2c i2c-2: No GPIO consumer sda found
[    0.513803] omap_i2c 4819c000.i2c: bus 2 rev0.11 at 100 kHz
[    0.519156] gpiochip_find_base: found new base at 544
[    0.519224] gpio gpiochip1: (gpio-32-63): created GPIO range 0->17 ==> 44e10800.pinmux PIN 34->51
[    0.519242] gpio gpiochip1: (gpio-32-63): created GPIO range 18->21 ==> 44e10800.pinmux PIN 77->80
[    0.519257] gpio gpiochip1: (gpio-32-63): created GPIO range 22->31 ==> 44e10800.pinmux PIN 56->65
[    0.521027] gpio gpiochip1: (gpio-32-63): added GPIO chardev (254:1)
[    0.521188] gpio gpiochip1: registered GPIOs 544 to 575 on gpio-32-63
[    0.523365] gpiochip_find_base: found new base at 576
[    0.523424] gpio gpiochip2: (gpio-64-95): created GPIO range 0->4 ==> 44e10800.pinmux PIN 66->70
[    0.523442] gpio gpiochip2: (gpio-64-95): created GPIO range 5->6 ==> 44e10800.pinmux PIN 98->99
[    0.523458] gpio gpiochip2: (gpio-64-95): created GPIO range 7->8 ==> 44e10800.pinmux PIN 75->76
[    0.523474] gpio gpiochip2: (gpio-64-95): created GPIO range 13->13 ==> 44e10800.pinmux PIN 141->141
[    0.523491] gpio gpiochip2: (gpio-64-95): created GPIO range 14->21 ==> 44e10800.pinmux PIN 100->107
[    0.537041] gpio gpiochip2: (gpio-64-95): added GPIO chardev (254:2)
[    0.537189] gpio gpiochip2: registered GPIOs 576 to 607 on gpio-64-95
[    0.543442] /ocp/interconnect@48000000/segment@300000/target-module@e000/lcdc@0: Fixed dependency cycle(s) with /ocp/interconnect@44c00000/segment@200000/target-module@b000/i2c@0/tda19988@70
[    0.546420] /ocp/interconnect@48000000/segment@300000/target-module@e000/lcdc@0: Fixed dependency cycle(s) with /ocp/interconnect@44c00000/segment@200000/target-module@b000/i2c@0/tda19988@70
[    0.547099] /ocp/interconnect@44c00000/segment@200000/target-module@b000/i2c@0/tda19988@70: Fixed dependency cycle(s) with /ocp/interconnect@48000000/segment@300000/target-module@e000/lcdc@0
[    0.547255] /ocp/interconnect@48000000/segment@300000/target-module@e000/lcdc@0: Fixed dependency cycle(s) with /ocp/interconnect@44c00000/segment@200000/target-module@b000/i2c@0/tda19988@70
[    0.556522] mdio_bus 4a101000.mdio: using DT '/ocp/interconnect@4a000000/segment@0/target-module@100000/switch@0/mdio@1000' for 'reset' GPIO lookup
[    0.556596] of_get_named_gpiod_flags: can't parse 'reset-gpios' property of node '/ocp/interconnect@4a000000/segment@0/target-module@100000/switch@0/mdio@1000[0]'
[    0.556645] of_get_named_gpiod_flags: can't parse 'reset-gpio' property of node '/ocp/interconnect@4a000000/segment@0/target-module@100000/switch@0/mdio@1000[0]'
[    0.556694] mdio_bus 4a101000.mdio: using lookup tables for GPIO lookup
[    0.556704] mdio_bus 4a101000.mdio: No GPIO consumer reset found
[    0.557856] sdhci-omap 481d8000.mmc: using DT '/ocp/interconnect@48000000/segment@100000/target-module@d8000/mmc@0' for 'wp' GPIO lookup
[    0.557919] of_get_named_gpiod_flags: can't parse 'wp-gpios' property of node '/ocp/interconnect@48000000/segment@100000/target-module@d8000/mmc@0[0]'
[    0.557962] of_get_named_gpiod_flags: can't parse 'wp-gpio' property of node '/ocp/interconnect@48000000/segment@100000/target-module@d8000/mmc@0[0]'
[    0.557996] sdhci-omap 481d8000.mmc: using lookup tables for GPIO lookup
[    0.558005] sdhci-omap 481d8000.mmc: No GPIO consumer wp found
[    0.558196] sdhci-omap 481d8000.mmc: supply pbias not found, using dummy regulator
[    0.558660] sdhci-omap 481d8000.mmc: supply vqmmc not found, using dummy regulator
[    0.635404] davinci_mdio 4a101000.mdio: davinci mdio revision 1.6, bus freq 1000000
[    0.649148] mdio_bus 4a101000.mdio:00: using DT '/ocp/interconnect@4a000000/segment@0/target-module@100000/switch@0/mdio@1000/ethernet-phy@0' for 'reset' GPIO lookup
[    0.649252] of_get_named_gpiod_flags: parsed 'reset-gpios' property of node '/ocp/interconnect@4a000000/segment@0/target-module@100000/switch@0/mdio@1000/ethernet-phy@0[0]' - status (0)
[    0.649411] gpio gpiochip0: Persistence not supported for GPIO 8
[    0.821374] davinci_mdio 4a101000.mdio: phy[0]: device 4a101000.mdio:00, driver SMSC LAN8710/LAN8720
[    0.822009] cpsw-switch 4a100000.switch: initialized cpsw ale version 1.4
[    0.822029] cpsw-switch 4a100000.switch: ALE Table size 1024
[    0.822324] cpsw-switch 4a100000.switch: cpts: overflow check period 500 (jiffies)
[    0.822346] cpsw-switch 4a100000.switch: CPTS: ref_clk_freq:250000000 calc_mult:2147483648 calc_shift:29 error:0 nsec/sec
[    0.822451] cpsw-switch 4a100000.switch: Detected MACID = 6c:ec:eb:68:de:78
[    0.824263] cpsw-switch 4a100000.switch: initialized (regs 0x4a100000, pool size 256) hw_ver:0019010C 1.12 (0)
[    0.835163] debugfs: Directory '49000000.dma' with parent 'dmaengine' already present!
[    0.835205] edma 49000000.dma: TI EDMA DMA engine driver
[    0.873317] gpio-clk clk_mcasp0: using DT '/clk_mcasp0' for 'enable' GPIO lookup
[    0.873395] of_get_named_gpiod_flags: parsed 'enable-gpios' property of node '/clk_mcasp0[0]' - status (0)
[    0.873436] gpio gpiochip0: Persistence not supported for GPIO 27
[    0.874285] gpiochip_find_base: found new base at 608
[    0.874344] gpio gpiochip3: (gpio-96-127): created GPIO range 0->7 ==> 44e10800.pinmux PIN 82->89
[    0.874363] gpio gpiochip3: (gpio-96-127): created GPIO range 8->11 ==> 44e10800.pinmux PIN 52->55
[    0.874379] gpio gpiochip3: (gpio-96-127): created GPIO range 12->15 ==> 44e10800.pinmux PIN 94->97
[    0.874395] gpio gpiochip3: (gpio-96-127): created GPIO range 16->17 ==> 44e10800.pinmux PIN 71->72
[    0.874411] gpio gpiochip3: (gpio-96-127): created GPIO range 18->18 ==> 44e10800.pinmux PIN 135->135
[    0.874427] gpio gpiochip3: (gpio-96-127): created GPIO range 19->20 ==> 44e10800.pinmux PIN 108->109
[    0.874444] gpio gpiochip3: (gpio-96-127): created GPIO range 21->21 ==> 44e10800.pinmux PIN 73->73
[    0.874461] gpio gpiochip3: (gpio-96-127): created GPIO range 22->23 ==> 44e10800.pinmux PIN 8->9
[    0.874478] gpio gpiochip3: (gpio-96-127): created GPIO range 26->27 ==> 44e10800.pinmux PIN 10->11
[    0.874495] gpio gpiochip3: (gpio-96-127): created GPIO range 28->28 ==> 44e10800.pinmux PIN 74->74
[    0.874513] gpio gpiochip3: (gpio-96-127): created GPIO range 29->29 ==> 44e10800.pinmux PIN 81->81
[    0.874531] gpio gpiochip3: (gpio-96-127): created GPIO range 30->31 ==> 44e10800.pinmux PIN 28->29
[    0.885487] gpio gpiochip3: (gpio-96-127): added GPIO chardev (254:3)
[    0.885645] gpio gpiochip3: registered GPIOs 608 to 639 on gpio-96-127
[    0.887898] omap8250 44e09000.serial: using DT '/ocp/interconnect@44c00000/segment@200000/target-module@9000/serial@0' for 'rs485-term' GPIO lookup
[    0.887973] of_get_named_gpiod_flags: can't parse 'rs485-term-gpios' property of node '/ocp/interconnect@44c00000/segment@200000/target-module@9000/serial@0[0]'
[    0.888018] of_get_named_gpiod_flags: can't parse 'rs485-term-gpio' property of node '/ocp/interconnect@44c00000/segment@200000/target-module@9000/serial@0[0]'
[    0.888055] omap8250 44e09000.serial: using lookup tables for GPIO lookup
[    0.888065] omap8250 44e09000.serial: No GPIO consumer rs485-term found
[    0.888075] omap8250 44e09000.serial: using DT '/ocp/interconnect@44c00000/segment@200000/target-module@9000/serial@0' for 'rs485-rx-during-tx' GPIO lookup
[    0.888112] of_get_named_gpiod_flags: can't parse 'rs485-rx-during-tx-gpios' property of node '/ocp/interconnect@44c00000/segment@200000/target-module@9000/serial@0[0]'
[    0.888150] of_get_named_gpiod_flags: can't parse 'rs485-rx-during-tx-gpio' property of node '/ocp/interconnect@44c00000/segment@200000/target-module@9000/serial@0[0]'
[    0.888182] omap8250 44e09000.serial: using lookup tables for GPIO lookup
[    0.888191] omap8250 44e09000.serial: No GPIO consumer rs485-rx-during-tx found
[    0.888563] 44e09000.serial: ttyS0 at MMIO 0x44e09000 (irq = 34, base_baud = 3000000) is a 8250
[    0.888645] printk: console [ttyS0] enabled
[    2.078488] i2c i2c-0: using DT '/ocp/interconnect@44c00000/segment@200000/target-module@b000/i2c@0' for 'scl' GPIO lookup
[    2.078585] of_get_named_gpiod_flags: can't parse 'scl-gpios' property of node '/ocp/interconnect@44c00000/segment@200000/target-module@b000/i2c@0[0]'
[    2.078635] of_get_named_gpiod_flags: can't parse 'scl-gpio' property of node '/ocp/interconnect@44c00000/segment@200000/target-module@b000/i2c@0[0]'
[    2.078674] i2c i2c-0: using lookup tables for GPIO lookup
[    2.078685] i2c i2c-0: No GPIO consumer scl found
[    2.078708] i2c i2c-0: using DT '/ocp/interconnect@44c00000/segment@200000/target-module@b000/i2c@0' for 'sda' GPIO lookup
[    2.078748] of_get_named_gpiod_flags: can't parse 'sda-gpios' property of node '/ocp/interconnect@44c00000/segment@200000/target-module@b000/i2c@0[0]'
[    2.078788] of_get_named_gpiod_flags: can't parse 'sda-gpio' property of node '/ocp/interconnect@44c00000/segment@200000/target-module@b000/i2c@0[0]'
[    2.078823] i2c i2c-0: using lookup tables for GPIO lookup
[    2.078832] i2c i2c-0: No GPIO consumer sda found
[    2.115125] tps65217-pmic: Failed to locate of_node [id: -1]
[    2.121170] tps65217-bl: Failed to locate of_node [id: -1]
[    2.149669] tps65217 0-0024: TPS65217 ID 0xe version 1.2
[    2.155801] /ocp/interconnect@48000000/segment@300000/target-module@e000/lcdc@0: Fixed dependency cycle(s) with /ocp/interconnect@44c00000/segment@200000/target-module@b000/i2c@0/tda19988@70
[    2.173177] /ocp/interconnect@44c00000/segment@200000/target-module@b000/i2c@0/tda19988@70: Fixed dependency cycle(s) with /ocp/interconnect@48000000/segment@300000/target-module@e000/lcdc@0
[    2.190546] omap_i2c 44e0b000.i2c: bus 0 rev0.11 at 400 kHz
[    2.202084] sdhci-omap 48060000.mmc: using DT '/ocp/interconnect@48000000/segment@0/target-module@60000/mmc@0' for 'cd' GPIO lookup
[    2.202191] of_get_named_gpiod_flags: parsed 'cd-gpios' property of node '/ocp/interconnect@48000000/segment@0/target-module@60000/mmc@0[0]' - status (0)
[    2.202317] gpio gpiochip3: Persistence not supported for GPIO 6
[    2.202344] omap_gpio 44e07000.gpio: Could not set line 6 debounce to 200000 microseconds (-22)
[    2.211277] sdhci-omap 48060000.mmc: Got CD GPIO
[    2.215966] sdhci-omap 48060000.mmc: using DT '/ocp/interconnect@48000000/segment@0/target-module@60000/mmc@0' for 'wp' GPIO lookup
[    2.216019] of_get_named_gpiod_flags: can't parse 'wp-gpios' property of node '/ocp/interconnect@48000000/segment@0/target-module@60000/mmc@0[0]'
[    2.216063] of_get_named_gpiod_flags: can't parse 'wp-gpio' property of node '/ocp/interconnect@48000000/segment@0/target-module@60000/mmc@0[0]'
[    2.216101] sdhci-omap 48060000.mmc: using lookup tables for GPIO lookup
[    2.216113] sdhci-omap 48060000.mmc: No GPIO consumer wp found
[    2.216311] sdhci-omap 48060000.mmc: supply pbias not found, using dummy regulator
[    2.228309] sdhci-omap 481d8000.mmc: using DT '/ocp/interconnect@48000000/segment@100000/target-module@d8000/mmc@0' for 'wp' GPIO lookup
[    2.228396] of_get_named_gpiod_flags: can't parse 'wp-gpios' property of node '/ocp/interconnect@48000000/segment@100000/target-module@d8000/mmc@0[0]'
[    2.228445] of_get_named_gpiod_flags: can't parse 'wp-gpio' property of node '/ocp/interconnect@48000000/segment@100000/target-module@d8000/mmc@0[0]'
[    2.228484] sdhci-omap 481d8000.mmc: using lookup tables for GPIO lookup
[    2.228495] sdhci-omap 481d8000.mmc: No GPIO consumer wp found
[    2.229769] sdhci-omap 48060000.mmc: supply vqmmc not found, using dummy regulator
[    2.238869] sdhci-omap 481d8000.mmc: supply pbias not found, using dummy regulator
[    2.248387] sdhci-omap 481d8000.mmc: supply vqmmc not found, using dummy regulator
[    2.284921] mmc1: SDHCI controller on 481d8000.mmc [481d8000.mmc] using External DMA
[    2.293857] mmc0: SDHCI controller on 48060000.mmc [48060000.mmc] using External DMA
[    2.302702] cpsw-switch 4a100000.switch: starting ndev. mode: dual_mac
[    2.365104] mmc1: new high speed MMC card at address 0001
[    2.372007] mmcblk1: mmc1:0001 MMC04G 3.60 GiB
[    2.379446]  mmcblk1: p1 p2
[    2.382941] mmc0: new high speed SDHC card at address aaaa
[    2.389972] mmcblk1boot0: mmc1:0001 MMC04G 2.00 MiB
[    2.396520] mmcblk0: mmc0:aaaa SE32G 29.7 GiB
[    2.403055] mmcblk1boot1: mmc1:0001 MMC04G 2.00 MiB
[    2.411453] mmcblk1rpmb: mmc1:0001 MMC04G 128 KiB, chardev (250:0)
[    2.418186]  mmcblk0: p1 p2
[    2.486010] SMSC LAN8710/LAN8720 4a101000.mdio:00: attached PHY driver (mii_bus:phy_addr=4a101000.mdio:00, irq=POLL)
[    5.605550] cpsw-switch 4a100000.switch eth0: Link is Up - 100Mbps/Full - flow control off
[    5.645042] IP-Config: Complete:
[    5.648313]      device=eth0, hwaddr=6c:ec:eb:68:de:78, ipaddr=192.168.255.1, mask=255.255.255.0, gw=255.255.255.255
[    5.658966]      host=bbb1, domain=, nis-domain=(none)
[    5.664130]      bootserver=192.168.255.126, rootserver=192.168.255.126, rootpath=
[    5.664540] clk: Disabling unused clocks
[    5.676391] KTAP version 1
[    5.679119] 1..0
[    5.702887] VFS: Mounted root (nfs filesystem) on device 0:16.
[    5.709982] devtmpfs: mounted
[    5.714609] Freeing unused kernel image (initmem) memory: 1024K
[    5.721556] Run /sbin/init as init process
[    5.725805]   with arguments:
[    5.725820]     /sbin/init
[    5.725828]     nfsrootdebug
[    5.725836]   with environment:
[    5.725842]     HOME=/
[    5.725850]     TERM=linux
[    6.406178] systemd[1]: System time before build time, advancing clock.
[    7.844837] random: crng init done
[    7.905344] systemd[1]: systemd 232 running in system mode. (+PAM +AUDIT +SELINUX +IMA +APPARMOR +SMACK +SYSVINIT +UTMP +LIBCRYPTSETUP +GCRYPT +GNUTLS +ACL +XZ +LZ4 +SECCOMP +BLKID +ELFUTILS +KMOD +IDN)
[    7.924279] systemd[1]: Detected architecture arm.
[    7.967747] systemd[1]: Set hostname to <arm>.
