Labgrid Console Logfile for main
Logfile started at 2024-12-02 12:28:43.966985
=== Log starts here ===

root@arm:~# run() { echo -n "$MARKER"; sh -c "$@"; echo "$MARKER $?"; }
root@arm:~# echo 'YBBF''WWPWTO'
YBBFWWPWTO
root@arm:~# MARKER='LZCL''LAAPGK' run 'cat /proc/version'
LZCLLAAPGKLinux version 6.12.0-gdbdb5011a7e2 (kale@latitude5580) (arm-linux-gnueabihf-gcc (Linaro GCC 6.4-2017.11) 6.4.1 20171012, GNU ld (Linaro_Binutils-2017.11) 2.27.0.20161229) #6 SMP Tue Nov 26 13:46:15 EET 2024
LZCLLAAPGK 0
root@arm:~# echo 'FJGS''VTAQGT'
FJGSVTAQGT
root@arm:~# MARKER='OETV''SCBZCY' run false
OETVSCBZCYOETVSCBZCY 1
root@arm:~# Labgrid Console Logfile for main
Logfile started at 2024-12-02 12:28:47.338310
=== Log starts here ===

root@arm:~# run() { echo -n "$MARKER"; sh -c "$@"; echo "$MARKER $?"; }
root@arm:~# echo 'WXUF''KUFTMJ'
WXUFKUFTMJ
root@arm:~# MARKER='BVML''MYLEHZ' run 'ls /joo/iio_generic_buffer; echo $?'
BVMLMYLEHZls: cannot access '/joo/iio_generic_buffer': No such file or directory
2
BVMLMYLEHZ 0
root@arm:~# 