Labgrid Console Logfile for main
Logfile started at 2024-10-11 12:21:39.363010
=== Log starts here ===
reading args
spl_load_image_fat_os: error reading image args, err - -1
reading u-boot.img
reading u-boot.img


U-Boot 2014.04-00014-g47880f5 (Apr 22 2014 - 13:23:54)

I2C:   ready
DRAM:  512 MiB
NAND:  0 MiB
MMC:   OMAP SD/MMC: 0, OMAP SD/MMC: 1
*** Warning - readenv() failed, using default environment

Net:   <ethaddr> not set. Validating first E-fuse MAC
cpsw, usb_ether
Hit any key to stop autoboot:  1  0 
gpio: pin 53 (gpio 53) value is 1
mmc0 is current device
gpio: pin 54 (gpio 54) value is 1
SD/MMC found on device 0
reading uEnv.txt
569 bytes read in 4 ms (138.7 KiB/s)
gpio: pin 55 (gpio 55) value is 1
Loaded environment from uEnv.txt
Importing environment from mmc ...
Checking if uenvcmd is set ...
gpio: pin 56 (gpio 56) value is 1
Running uenvcmd ...
cpsw Waiting for PHY auto negotiation to complete. done
link up on port 0, speed 100, full duplex
Using cpsw device
TFTP from server 192.168.255.126; our IP address is 192.168.255.1
Filename 'zImage'.
Load address: 0x81000000
Loading: *T #################################################################
	 #################################################################
	 #################################################################
	 #################################################################
	 #################################################################
	 ###############################################
	 745.1 KiB/s
done
Bytes transferred = 5448552 (532368 hex)
link up on port 0, speed 100, full duplex
Using cpsw device
TFTP from server 192.168.255.126; our IP address is 192.168.255.1
Filename 'am335x-boneblack.dtb'.
Load address: 0x82000000
Loading: *#######
	 2.3 MiB/s
done
Bytes transferred = 97996 (17ecc hex)
Kernel image @ 0x81000000 [ 0x000000 - 0x532368 ]
## Flattened Device Tree blob at 82000000
   Booting using the fdt blob at 0x82000000
   Using Device Tree in place at 82000000, end 8201aecb

Starting kernel ...

[    0.000000] Booting Linux on physical CPU 0x0
[    0.000000] Linux version 6.11.3 (user01@drvtest01) (arm-linux-gnueabihf-gcc (Linaro GCC 6.4-2017.11) 6.4.1 20171012, GNU ld (Linaro_Binutils-2017.11) 2.27.0.20161229) #3 SMP Fri Oct 11 12:19:13 EEST 2024
[    0.000000] CPU: ARMv7 Processor [413fc082] revision 2 (ARMv7), cr=10c5387d
[    0.000000] CPU: PIPT / VIPT nonaliasing data cache, VIPT aliasing instruction cache
[    0.000000] OF: fdt: Machine model: TI AM335x BeagleBone Black
[    0.000000] Memory policy: Data cache writeback
[    0.000000] cma: Reserved 16 MiB at 0x9e800000 on node -1
[    0.000000] Zone ranges:
[    0.000000]   Normal   [mem 0x0000000080000000-0x000000009fdfffff]
[    0.000000]   HighMem  empty
[    0.000000] Movable zone start for each node
[    0.000000] Early memory node ranges
[    0.000000]   node   0: [mem 0x0000000080000000-0x000000009fdfffff]
[    0.000000] Initmem setup node 0 [mem 0x0000000080000000-0x000000009fdfffff]
[    0.000000] CPU: All CPU(s) started in SVC mode.
[    0.000000] AM335X ES2.1 (sgx neon)
[    0.000000] percpu: Embedded 17 pages/cpu s39628 r8192 d21812 u69632
[    0.000000] Kernel command line: console=ttyO0,115200n8 root=/dev/nfs rw nfsroot=192.168.255.126:/home/user01/nfs,nfsvers=3 ip=192.168.255.1:192.168.255.126::255.255.255.0:bbb1:eth0 nfsrootdebug
[    0.000000] Unknown kernel command line parameters "nfsrootdebug", will be passed to user space.
[    0.000000] Dentry cache hash table entries: 65536 (order: 6, 262144 bytes, linear)
[    0.000000] Inode-cache hash table entries: 32768 (order: 5, 131072 bytes, linear)
[    0.000000] Built 1 zonelists, mobility grouping on.  Total pages: 130560
[    0.000000] mem auto-init: stack:off, heap alloc:off, heap free:off
[    0.000000] SLUB: HWalign=64, Order=0-3, MinObjects=0, CPUs=1, Nodes=1
[    0.000000] trace event string verifier disabled
[    0.000000] rcu: Hierarchical RCU implementation.
[    0.000000] rcu: 	RCU event tracing is enabled.
[    0.000000] rcu: 	RCU restricting CPUs from NR_CPUS=2 to nr_cpu_ids=1.
[    0.000000] rcu: RCU calculated value of scheduler-enlistment delay is 10 jiffies.
[    0.000000] rcu: Adjusting geometry for rcu_fanout_leaf=16, nr_cpu_ids=1
[    0.000000] NR_IRQS: 16, nr_irqs: 16, preallocated irqs: 16
[    0.000000] IRQ: Found an INTC at 0x(ptrval) (revision 5.0) with 128 interrupts
[    0.000000] rcu: srcu_init: Setting srcu_struct sizes based on contention.
[    0.000000] TI gptimer clocksource: always-on /ocp/interconnect@44c00000/segment@200000/target-module@31000
[    0.000002] sched_clock: 32 bits at 24MHz, resolution 41ns, wraps every 89478484971ns
[    0.000028] clocksource: dmtimer: mask: 0xffffffff max_cycles: 0xffffffff, max_idle_ns: 79635851949 ns
[    0.000507] TI gptimer clockevent: 24000000 Hz at /ocp/interconnect@48000000/segment@0/target-module@40000
[    0.002147] Console: colour dummy device 80x30
[    0.002217] WARNING: Your 'console=ttyO0' has been replaced by 'ttyS0'
[    0.002226] This ensures that you still see kernel messages. Please
[    0.002232] update your kernel commandline.
[    0.002277] Calibrating delay loop... 996.14 BogoMIPS (lpj=4980736)
[    0.090566] CPU: Testing write buffer coherency: ok
[    0.090671] CPU0: Spectre v2: using BPIALL workaround
[    0.090683] pid_max: default: 32768 minimum: 301
[    0.090812] LSM: initializing lsm=capability
[    0.090986] Mount-cache hash table entries: 1024 (order: 0, 4096 bytes, linear)
[    0.091009] Mountpoint-cache hash table entries: 1024 (order: 0, 4096 bytes, linear)
[    0.092548] CPU0: thread -1, cpu 0, socket -1, mpidr 0
[    0.094260] Setting up static identity map for 0x80100000 - 0x80100078
[    0.094567] rcu: Hierarchical SRCU implementation.
[    0.094581] rcu: 	Max phase no-delay instances is 1000.
[    0.096261] smp: Bringing up secondary CPUs ...
[    0.096322] smp: Brought up 1 node, 1 CPU
[    0.096337] SMP: Total of 1 processors activated (996.14 BogoMIPS).
[    0.096350] CPU: All CPU(s) started in SVC mode.
[    0.096542] Memory: 480876K/522240K available (11264K kernel code, 1197K rwdata, 2856K rodata, 1024K init, 297K bss, 23344K reserved, 16384K cma-reserved, 0K highmem)
[    0.097349] devtmpfs: initialized
[    0.113778] VFP support v0.3: implementor 41 architecture 3 part 30 variant c rev 3
[    0.114133] clocksource: jiffies: mask: 0xffffffff max_cycles: 0xffffffff, max_idle_ns: 19112604462750000 ns
[    0.114174] futex hash table entries: 256 (order: 2, 16384 bytes, linear)
[    0.115443] pinctrl core: initialized pinctrl subsystem
[    0.118154] NET: Registered PF_NETLINK/PF_ROUTE protocol family
[    0.121139] DMA: preallocated 256 KiB pool for atomic coherent allocations
[    0.122104] audit: initializing netlink subsys (disabled)
[    0.123476] thermal_sys: Registered thermal governor 'fair_share'
[    0.123499] thermal_sys: Registered thermal governor 'step_wise'
[    0.123511] thermal_sys: Registered thermal governor 'user_space'
[    0.123630] audit: type=2000 audit(0.120:1): state=initialized audit_enabled=0 res=1
[    0.123701] cpuidle: using governor menu
[    0.142793] No ATAGs?
[    0.142827] hw-breakpoint: debug architecture 0x4 unsupported.
[    0.145709] kprobes: kprobe jump-optimization is enabled. All kprobes are optimized if possible.
[    0.163958] iommu: Default domain type: Translated
[    0.163986] iommu: DMA domain TLB invalidation policy: strict mode
[    0.171515] SCSI subsystem initialized
[    0.181283] pps_core: LinuxPPS API ver. 1 registered
[    0.181296] pps_core: Software ver. 5.3.6 - Copyright 2005-2007 Rodolfo Giometti <giometti@linux.it>
[    0.181322] PTP clock support registered
[    0.183272] vgaarb: loaded
[    0.183672] clocksource: Switched to clocksource dmtimer
[    0.184274] VFS: Disk quotas dquot_6.6.0
[    0.184323] VFS: Dquot-cache hash table entries: 1024 (order 0, 4096 bytes)
[    0.210527] NET: Registered PF_INET protocol family
[    0.210889] IP idents hash table entries: 8192 (order: 4, 65536 bytes, linear)
[    0.212285] tcp_listen_portaddr_hash hash table entries: 512 (order: 0, 4096 bytes, linear)
[    0.212324] Table-perturb hash table entries: 65536 (order: 6, 262144 bytes, linear)
[    0.212342] TCP established hash table entries: 4096 (order: 2, 16384 bytes, linear)
[    0.212388] TCP bind hash table entries: 4096 (order: 4, 65536 bytes, linear)
[    0.212489] TCP: Hash tables configured (established 4096 bind 4096)
[    0.212610] UDP hash table entries: 256 (order: 1, 8192 bytes, linear)
[    0.212639] UDP-Lite hash table entries: 256 (order: 1, 8192 bytes, linear)
[    0.212815] NET: Registered PF_UNIX/PF_LOCAL protocol family
[    0.224625] RPC: Registered named UNIX socket transport module.
[    0.224655] RPC: Registered udp transport module.
[    0.224662] RPC: Registered tcp transport module.
[    0.224669] RPC: Registered tcp-with-tls transport module.
[    0.224676] RPC: Registered tcp NFSv4.1 backchannel transport module.
[    0.224703] PCI: CLS 0 bytes, default 64
[    0.226141] Initialise system trusted keyrings
[    0.226864] workingset: timestamp_bits=14 max_order=17 bucket_order=3
[    0.228509] NFS: Registering the id_resolver key type
[    0.228640] Key type id_resolver registered
[    0.228650] Key type id_legacy registered
[    0.228703] jffs2: version 2.2. (NAND) (SUMMARY)  Â© 2001-2006 Red Hat, Inc.
[    0.229102] Key type asymmetric registered
[    0.229123] Asymmetric key parser 'x509' registered
[    0.229189] io scheduler mq-deadline registered
[    0.229202] io scheduler kyber registered
[    0.229272] io scheduler bfq registered
[    0.244180] Serial: 8250/16550 driver, 6 ports, IRQ sharing enabled
[    0.290528] brd: module loaded
[    0.315169] loop: module loaded
[    0.316101] mtdoops: mtd device (mtddev=name/number) must be supplied
[    0.319208] i2c_dev: i2c /dev entries driver
[    0.320168] cpuidle: enable-method property 'ti,am3352' found operations
[    0.320614] sdhci: Secure Digital Host Controller Interface driver
[    0.320628] sdhci: Copyright(c) Pierre Ossman
[    0.320806] sdhci-pltfm: SDHCI platform and OF driver helper
[    0.338273] ledtrig-cpu: registered to indicate activity on CPUs
[    0.339272] Initializing XFRM netlink socket
[    0.339403] NET: Registered PF_INET6 protocol family
[    0.361137] Segment Routing with IPv6
[    0.361239] In-situ OAM (IOAM) with IPv6
[    0.361341] sit: IPv6, IPv4 and MPLS over IPv4 tunneling driver
[    0.362288] NET: Registered PF_PACKET protocol family
[    0.362331] NET: Registered PF_KEY protocol family
[    0.362454] Key type dns_resolver registered
[    0.362731] ThumbEE CPU extension supported.
[    0.362758] Registering SWP/SWPB emulation handler
[    0.363284] omap_voltage_late_init: Voltage driver support not added
[    0.363629] SmartReflex Class3 initialized
[    0.387217] Loading compiled-in X.509 certificates
[    0.520190] platform 44e10800.pinmux: Fixed dependency cycle(s) with /ocp/interconnect@44c00000/segment@200000/target-module@10000/scm@0/pinmux@800/clkout2-pins
[    0.520757] pinctrl-single 44e10800.pinmux: 142 pins, size 568
[    0.526088] ti-sysc 44e31000.target-module: probe with driver ti-sysc failed with error -16
[    0.560101] ti-sysc 48040000.target-module: probe with driver ti-sysc failed with error -16
[    0.598655] OMAP GPIO hardware version 0.1
[    0.621375] omap_i2c 4819c000.i2c: bus 2 rev0.11 at 100 kHz
[    0.656756] 48000000.interconnect:segment@200000:target-module@0:mpu@0:fck: device ID is greater than 24
[    0.660868] platform 4830e000.lcdc: Fixed dependency cycle(s) with /ocp/interconnect@44c00000/segment@200000/target-module@b000/i2c@0/tda19988@70
[    0.671658] sdhci-omap 481d8000.mmc: supply pbias not found, using dummy regulator
[    0.672131] sdhci-omap 481d8000.mmc: supply vqmmc not found, using dummy regulator
[    0.744392] davinci_mdio 4a101000.mdio: davinci mdio revision 1.6, bus freq 1000000
[    0.878984] davinci_mdio 4a101000.mdio: phy[0]: device 4a101000.mdio:00, driver SMSC LAN8710/LAN8720
[    0.879634] cpsw-switch 4a100000.switch: initialized cpsw ale version 1.4
[    0.879658] cpsw-switch 4a100000.switch: ALE Table size 1024
[    0.879817] cpsw-switch 4a100000.switch: cpts: overflow check period 500 (jiffies)
[    0.879837] cpsw-switch 4a100000.switch: CPTS: ref_clk_freq:250000000 calc_mult:2147483648 calc_shift:29 error:0 nsec/sec
[    0.879943] cpsw-switch 4a100000.switch: Detected MACID = 6c:ec:eb:68:de:78
[    0.881741] cpsw-switch 4a100000.switch: initialized (regs 0x4a100000, pool size 256) hw_ver:0019010C 1.12 (0)
[    0.892660] debugfs: Directory '49000000.dma' with parent 'dmaengine' already present!
[    0.892710] edma 49000000.dma: TI EDMA DMA engine driver
[    0.924529] target-module@4b000000:target-module@140000:pmu@0:fck: device ID is greater than 24
[    0.950729] hw perfevents: enabled with armv7_cortex_a8 PMU driver, 5 counters available
[    0.958393] l3-aon-clkctrl:0000:0: failed to disable
[    0.979722] 44e09000.serial: ttyS0 at MMIO 0x44e09000 (irq = 34, base_baud = 3000000) is a 8250
[    0.979810] printk: legacy console [ttyS0] enabled
[    2.164665] tps65217-pmic: Failed to locate of_node [id: -1]
[    2.170717] tps65217-bl: Failed to locate of_node [id: -1]
[    2.181792] tps65217 0-0024: TPS65217 ID 0xe version 1.2
[    2.187919] platform 4830e000.lcdc: Fixed dependency cycle(s) with /ocp/interconnect@44c00000/segment@200000/target-module@b000/i2c@0/tda19988@70
[    2.201355] i2c 0-0070: Fixed dependency cycle(s) with /ocp/interconnect@48000000/segment@300000/target-module@e000/lcdc@0
[    2.212759] omap_i2c 44e0b000.i2c: bus 0 rev0.11 at 400 kHz
[    2.220565] omap_gpio 44e07000.gpio: Could not set line 6 debounce to 200000 microseconds (-22)
[    2.229441] sdhci-omap 48060000.mmc: Got CD GPIO
[    2.234481] sdhci-omap 48060000.mmc: supply pbias not found, using dummy regulator
[    2.244741] sdhci-omap 48060000.mmc: supply vqmmc not found, using dummy regulator
[    2.253564] sdhci-omap 481d8000.mmc: supply pbias not found, using dummy regulator
[    2.262925] sdhci-omap 481d8000.mmc: supply vqmmc not found, using dummy regulator
[    2.301445] mmc1: SDHCI controller on 481d8000.mmc [481d8000.mmc] using External DMA
[    2.310647] mmc0: SDHCI controller on 48060000.mmc [48060000.mmc] using External DMA
[    2.319349] cpsw-switch 4a100000.switch: starting ndev. mode: dual_mac
[    2.362849] mmc0: new high speed SDHC card at address 5048
[    2.369865] mmcblk0: mmc0:5048 SD16G 14.4 GiB
[    2.377976]  mmcblk0: p1 p2
[    2.381351] mmcblk0: p2 size 31221760 extends beyond EOD, truncated
[    2.395696] mmc1: new high speed MMC card at address 0001
[    2.402441] mmcblk1: mmc1:0001 MMC04G 3.60 GiB
[    2.410037]  mmcblk1: p1 p2
[    2.413784] SMSC LAN8710/LAN8720 4a101000.mdio:00: attached PHY driver (mii_bus:phy_addr=4a101000.mdio:00, irq=POLL)
[    2.430483] mmcblk1boot0: mmc1:0001 MMC04G 2.00 MiB
[    2.437830] mmcblk1boot1: mmc1:0001 MMC04G 2.00 MiB
[    2.445172] mmcblk1rpmb: mmc1:0001 MMC04G 128 KiB, chardev (250:0)
[    5.604443] cpsw-switch 4a100000.switch eth0: Link is Up - 100Mbps/Full - flow control off
[    5.663690] IP-Config: Complete:
[    5.666970]      device=eth0, hwaddr=6c:ec:eb:68:de:78, ipaddr=192.168.255.1, mask=255.255.255.0, gw=255.255.255.255
[    5.677598]      host=bbb1, domain=, nis-domain=(none)
[    5.682765]      bootserver=192.168.255.126, rootserver=192.168.255.126, rootpath=
[    5.683198] clk: Disabling unused clocks
[    5.695031] PM: genpd: Disabling unused power domains
[    5.700151] KTAP version 1
[    5.702871] 1..0
[    5.727394] VFS: Mounted root (nfs filesystem) on device 0:17.
[    5.734237] devtmpfs: mounted
[    5.738909] Freeing unused kernel image (initmem) memory: 1024K
[    5.745659] Run /sbin/init as init process
[    6.440815] systemd[1]: System time before build time, advancing clock.
[    7.903688] random: crng init done
[    7.974983] systemd[1]: systemd 232 running in system mode. (+PAM +AUDIT +SELINUX +IMA +APPARMOR +SMACK +SYSVINIT +UTMP +LIBCRYPTSETUP +GCRYPT +GNUTLS +ACL +XZ +LZ4 +SECCOMP +BLKID +ELFUTILS +KMOD +IDN)
[    7.994039] systemd[1]: Detected architecture arm.

Welcome to [1mDebian GNU/Linux 9 (stretch)[0m!

[    8.036747] systemd[1]: Set hostname to <arm>.
[    9.136593] systemd[1]: Reached target Swap.
[[0;32m  OK  [0m] Reached target Swap.
[    9.165720] systemd[1]: Listening on udev Control Socket.
[[0;32m  OK  [0m] Listening on udev Control Socket.
[    9.204531] systemd[1]: Started Forward Password Requests to Wall Directory Watch.
[[0;32m  OK  [0m] Started Forward Password Requests to Wall Directory Watch.
[    9.244073] systemd[1]: Reached target Remote File Systems.
[[0;32m  OK  [0m] Reached target Remote File Systems.
[    9.285337] systemd[1]: Set up automount Arbitrary Executable File Formats File System Automount Point.
[[0;32m  OK  [0m] Set up automount Arbitrary Executabâ€¦rmats File System Automount Point.
[    9.325707] systemd[1]: Listening on Syslog Socket.
[[0;32m  OK  [0m] Listening on Syslog Socket.
[    9.364299] systemd[1]: Listening on udev Kernel Socket.
[[0;32m  OK  [0m] Listening on udev Kernel Socket.
[[0;32m  OK  [0m] Listening on /dev/initctl Compatibility Named Pipe.
[[0;32m  OK  [0m] Listening on Journal Audit Socket.
[[0;32m  OK  [0m] Listening on Journal Socket (/dev/log).
[[0;32m  OK  [0m] Created slice System Slice.
[[0;32m  OK  [0m] Created slice system-getty.slice.
         Mounting Debug File System...
[[0;32m  OK  [0m] Created slice system-serial\x2dgetty.slice.
         Mounting POSIX Message Queue File System...
[[0;32m  OK  [0m] Listening on Journal Socket.
         Starting Remount Root and Kernel File Systems...
         Starting Load Kernel Modules...
[[0;32m  OK  [0m] Created slice User and Session Slice.
[[0;32m  OK  [0m] Reached target Slices.
[[0;32m  OK  [0m] Started Dispatch Password Requests to Console Directory Watch.
[[0;32m  OK  [0m] Reached target Encrypted Volumes.
         Starting Journal Service...
         Starting Create list of required stâ€¦ce nodes for the current kernel...
[[0;32m  OK  [0m] Reached target Paths.
[[0;32m  OK  [0m] Mounted POSIX Message Queue File System.
[[0;32m  OK  [0m] Mounted Debug File System.
[[0;32m  OK  [0m] Started Remount Root and Kernel File Systems.
[[0;32m  OK  [0m] Started Load Kernel Modules.
[[0;32m  OK  [0m] Started Create list of required staâ€¦vice nodes for the current kernel.
         Starting Create Static Device Nodes in /dev...
         Mounting Configuration File System...
         Starting Apply Kernel Variables...
         Starting Load/Save Random Seed...
         Starting udev Coldplug all Devices...
[[0;32m  OK  [0m] Mounted Configuration File System.
[[0;32m  OK  [0m] Started Apply Kernel Variables.
[[0;32m  OK  [0m] Started Load/Save Random Seed.
[[0;32m  OK  [0m] Started Create Static Device Nodes in /dev.
         Starting udev Kernel Device Manager...
[[0;32m  OK  [0m] Reached target Local File Systems (Pre).
[[0;32m  OK  [0m] Reached target Local File Systems.
         Starting Raise network interfaces...
[[0;32m  OK  [0m] Started Journal Service.
         Starting Flush Journal to Persistent Storage...
[   11.642202] systemd-journald[84]: Received request to flush runtime journal from PID 1
[[0;32m  OK  [0m] Started Flush Journal to Persistent Storage.
         Starting Create Volatile Files and Directories...
[[0;32m  OK  [0m] Started udev Kernel Device Manager.
[[0;32m  OK  [0m] Started Create Volatile Files and Directories.
         Starting Update UTMP about System Boot/Shutdown...
         Starting Network Time Synchronization...
[[0;32m  OK  [0m] Started Update UTMP about System Boot/Shutdown.
[[0;32m  OK  [0m] Started udev Coldplug all Devices.
[[0;32m  OK  [0m] Started Network Time Synchronization.
[[0;32m  OK  [0m] Reached target System Initialization.
[[0;32m  OK  [0m] Listening on Avahi mDNS/DNS-SD Stack Activation Socket.
[[0;32m  OK  [0m] Started Daily Cleanup of Temporary Directories.
[   14.968904] am335x-phy-driver 47401300.usb-phy: dummy supplies not allowed for exclusive requests (id=vbus)
[[0;32m  OK  [0m] Listening on D-Bus System Message Bus Socket.
[[0;32m  OK  [0m] Reached target Sockets.
[   15.041619] remoteproc remoteproc0: wkup_m3 is available
[[0;32m  OK  [0m] Reached target Basic System.
[   15.185731] am335x-phy-driver 47401b00.usb-phy: dummy supplies not allowed for exclusive requests (id=vbus)
         Starting LSB: Load kernel modules needed to enable cpufreq scaling...
         Starting Cape Manager Service...
         Starting Generic Board Startup...
[   15.616914] usbcore: registered new interface driver usbfs
[   15.622578] usbcore: registered new interface driver hub
[   15.628286] usbcore: registered new device driver usb
         Starting DUN service...
[   15.799462] at24 2-0054: supply vcc not found, using dummy regulator
[   15.969761] at24 2-0055: supply vcc not found, using dummy regulator
[[0;32m  OK  [0m] Started Regular background program processing daemon.
[   16.051034] tps6521x_pwrbutton tps65217-pwrbutton: DMA mask not set
[   16.077993] at24 2-0056: supply vcc not found, using dummy regulator
         Starting LSB: Start busybox udhcpd at boot time...
[   16.150893] input: tps65217_pwrbutton as /devices/platform/ocp/44c00000.interconnect/44c00000.interconnect:segment@200000/44e0b000.target-module/44e0b000.i2c/i2c-0/0-0024/tps65217-pwrbutton/input/input0
[   16.178905] at24 2-0057: supply vcc not found, using dummy regulator
         Starting System Logging Service...
[   16.253281] at24 0-0050: 32768 byte 24c256 EEPROM, writable, 1 bytes/write
         Starting Login Service...
[   16.402790] omap_rtc 44e3e000.rtc: registered as rtc0
[   16.408207] omap_rtc 44e3e000.rtc: setting system clock to 2000-01-01T00:00:00 UTC (946684800)
         Starting Avahi mDNS/DNS-SD Stack...
         Starting Telephony service...
[   16.614421] wkup_m3_ipc 44e11324.wkup_m3_ipc: IPC Request for A8->M3 Channel failed! -517
[[0;32m  OK  [0m] Started D-Bus System Message Bus.
[   16.923403] wkup_m3_ipc 44e11324.wkup_m3_ipc: IPC Request for A8->M3 Channel failed! -517
[   17.045305] musb-hdrc musb-hdrc.1: MUSB HDRC host driver
[   17.050724] musb-hdrc musb-hdrc.1: new USB bus registered, assigned bus number 1
[   17.073412] wkup_m3_ipc 44e11324.wkup_m3_ipc: IPC Request for A8->M3 Channel failed! -517
[   17.176679] omap_wdt: OMAP Watchdog Timer Rev 0x01: initial timeout 60 sec
[   17.258452] wkup_m3_ipc 44e11324.wkup_m3_ipc: IPC Request for A8->M3 Channel failed! -517
[   17.297737] usb usb1: New USB device found, idVendor=1d6b, idProduct=0002, bcdDevice= 6.11
[   17.306404] usb usb1: New USB device strings: Mfr=3, Product=2, SerialNumber=1
[   17.313770] usb usb1: Product: MUSB HDRC host driver
[   17.318767] usb usb1: Manufacturer: Linux 6.11.3 musb-hcd
[   17.324242] usb usb1: SerialNumber: musb-hdrc.1
[   17.527464] hub 1-0:1.0: USB hub found
[   17.617370] hub 1-0:1.0: 1 port detected
[   17.686475] wkup_m3_ipc 44e11324.wkup_m3_ipc: IPC Request for A8->M3 Channel failed! -517
[   17.847430] wkup_m3_ipc 44e11324.wkup_m3_ipc: IPC Request for A8->M3 Channel failed! -517
[   18.057633] tda998x 0-0070: found TDA19988
[   18.130399] wkup_m3_ipc 44e11324.wkup_m3_ipc: IPC Request for A8->M3 Channel failed! -517
[   18.543249] omap-mailbox 480c8000.mailbox: omap mailbox rev 0x400
[   18.618875] remoteproc remoteproc0: powering up wkup_m3
[   18.843944] remoteproc remoteproc0: Direct firmware load for am335x-pm-firmware.elf failed with error -2
[   18.853876] remoteproc remoteproc0: request_firmware failed: -2
[   18.859845] wkup_m3_ipc 44e11324.wkup_m3_ipc: rproc_boot failed
[   20.906385] tilcdc 4830e000.lcdc: bound 0-0070 (ops tda998x_driver_exit [tda998x])
[   20.924037] omap_rng 48310000.rng: Random Number Generator ver. 20
[   21.050384] [drm] Initialized tilcdc 1.0.0 for 4830e000.lcdc on minor 0
[   21.109248] tilcdc 4830e000.lcdc: [drm] Cannot find any crtc or sizes
[   21.120424] tilcdc 4830e000.lcdc: [drm] Cannot find any crtc or sizes
[[0;32m  OK  [0m] Started DUN service.
[[0;32m  OK  [0m] Started Avahi mDNS/DNS-SD Stack.
[[0;32m  OK  [0m] Started Telephony service.
         Starting Connection service...
[[0;32m  OK  [0m] Reached target System Time Synchronized.
[[0;32m  OK  [0m] Started Daily apt download activities.
[[0;32m  OK  [0m] Started Daily apt upgrade and clean activities.
[[0;32m  OK  [0m] Reached target Timers.
[[0;32m  OK  [0m] Started System Logging Service.
[[0;32m  OK  [0m] Started Cape Manager Service.
[   22.527932] omap-sham 53100000.sham: hw accel on OMAP rev 4.3
[   22.621208] PM: Cannot get wkup_m3_ipc handle
[   22.670658] omap-sham 53100000.sham: will run requests pump with realtime priority
[   22.685419] PM: Cannot get wkup_m3_ipc handle
[   22.712627] omap-aes 53500000.aes: OMAP AES hw accel rev: 3.2
[   22.816644] omap-aes 53500000.aes: will run requests pump with realtime priority
[   22.825286] PM: Cannot get wkup_m3_ipc handle
[   22.901698] Bluetooth: Core ver 2.22
[   22.905681] NET: Registered PF_BLUETOOTH protocol family
[   22.911034] Bluetooth: HCI device and connection manager initialized
[   22.917525] Bluetooth: HCI socket layer initialized
[   22.922438] Bluetooth: L2CAP socket layer initialized
[   22.927583] Bluetooth: SCO socket layer initialized
[[0;32m  OK  [0m] Found device /dev/ttyS0.
[   26.340265] PM: Cannot get wkup_m3_ipc handle
[   26.457239] PM: Cannot get wkup_m3_ipc handle
[[0;32m  OK  [0m] Started LSB: Start busybox udhcpd at boot time.
[[0;32m  OK  [0m] Started Raise network interfaces.
[[0;32m  OK  [0m] Started LSB: Load kernel modules needed to enable cpufreq scaling.
[   28.407223] configfs-gadget.g_multi gadget.0: HOST MAC 1c:ba:8c:a2:ed:6c
[   28.414210] configfs-gadget.g_multi gadget.0: MAC 1c:ba:8c:a2:ed:70
[   28.421552] configfs-gadget.g_multi gadget.0: HOST MAC 1c:ba:8c:a2:ed:6c
[   28.428450] configfs-gadget.g_multi gadget.0: MAC 1c:ba:8c:a2:ed:6d
[   28.435612] PM: Cannot get wkup_m3_ipc handle
[[0;32m  OK  [0m] Started Connection service.
[[0;32m  OK  [0m] Started Login Service.
[[0;32m  OK  [0m] Reached target Sound Card.
         Starting LSB: set CPUFreq kernel parameters...
[[0;32m  OK  [0m] Reached target Network.
         Starting The Apache HTTP Server...
[[0;32m  OK  [0m] Reached target Network is Online.
         Starting LSB: Advanced IEEE 802.11 management daemon...
         Starting Permit User Sessions...
         Starting OpenBSD Secure Shell server...
[[0;32m  OK  [0m] Started LSB: Advanced IEEE 802.11 management daemon.
[[0;32m  OK  [0m] Started Permit User Sessions.
         Starting Hostname Service...
         Starting WPA supplicant...
[[0;32m  OK  [0m] Started Serial Getty on ttyS0.
[[0;32m  OK  [0m] Started Getty on tty1.
[[0;32m  OK  [0m] Reached target Login Prompts.
[[0;32m  OK  [0m] Started LSB: set CPUFreq kernel parameters.
[[0;32m  OK  [0m] Started WPA supplicant.
         Stopping LSB: Start busybox udhcpd at boot time...
[[0;32m  OK  [0m] Started Hostname Service.
[[0;32m  OK  [0m] Started OpenBSD Secure Shell server.
[[0;32m  OK  [0m] Stopped LSB: Start busybox udhcpd at boot time.
         Starting dnsmasq - A lightweight DHCP and caching DNS server...
[[0;32m  OK  [0m] Started The Apache HTTP Server.
[[0;32m  OK  [0m] Started dnsmasq - A lightweight DHCP and caching DNS server.
[[0;32m  OK  [0m] Reached target Host and Network Name Lookups.
[[0;32m  OK  [0m] Started Serial Getty on ttyGS0.
[[0;32m  OK  [0m] Started Generic Board Startup.
[[0;32m  OK  [0m] Reached target Multi-User System.
[[0;32m  OK  [0m] Reached target Graphical Interface.
         Starting Update UTMP about System Runlevel Changes...
[[0;32m  OK  [0m] Started Update UTMP about System Runlevel Changes.

Debian GNU/Linux 9 arm ttyS0

default username:password is [debian:temppwd]

arm login: root
Password: 
Last login: Sat Jan  1 00:00:34 UTC 2000 on ttyS0
root
Linux arm 6.11.3 #3 SMP Fri Oct 11 12:19:13 EEST 2024 armv7l

The programs included with the Debian GNU/Linux system are free software;
the exact distribution terms for each program are described in the
individual files in /usr/share/doc/*/copyright.

Debian GNU/Linux comes with ABSOLUTELY NO WARRANTY, to the extent
permitted by applicable law.
root@arm:~# root
-bash: root: command not found
root@arm:~# dmesg -n 1
root@arm:~# echo 'GXQE''HGHUSW'
GXQEHGHUSW
root@arm:~# run() { echo -n "$MARKER"; sh -c "$@"; echo "$MARKER $?"; }
root@arm:~# echo 'XOLY''OLBATN'
XOLYOLBATN
root@arm:~# MARKER='MMKB''JUNBZA' run 'cat /proc/version'
MMKBJUNBZALinux version 6.11.3 (user01@drvtest01) (arm-linux-gnueabihf-gcc (Linaro GCC 6.4-2017.11) 6.4.1 20171012, GNU ld (Linaro_Binutils-2017.11) 2.27.0.20161229) #3 SMP Fri Oct 11 12:19:13 EEST 2024
MMKBJUNBZA 0
root@arm:~# echo 'WXYX''PXKXJF'
WXYXPXKXJF
root@arm:~# MARKER='HWYM''CFFFZA' run false
HWYMCFFFZAHWYMCFFFZA 1
root@arm:~# Labgrid Console Logfile for main
Logfile started at 2024-10-11 12:22:40.282433
=== Log starts here ===

root@arm:~# run() { echo -n "$MARKER"; sh -c "$@"; echo "$MARKER $?"; }
root@arm:~# echo 'QKON''UEOCHK'
QKONUEOCHK
root@arm:~# MARKER='OCGS''MMWAJV' run 'insmod /mva_overlay.ko'
OCGSMMWAJVOCGSMMWAJV 0
root@arm:~# echo 'MTJH''CTMFMO'
MTJHCTMFMO
root@arm:~# MARKER='COJG''UKUHSC' run lsmod
COJGUKUHSCModule                  Size  Used by
mva_overlay            65536  0
usb_f_acm              12288  2
u_serial               16384  3 usb_f_acm
usb_f_ecm              16384  2
usb_f_rndis            24576  2
u_ether                16384  2 usb_f_ecm,usb_f_rndis
iptable_nat            12288  0
nf_nat                 36864  1 iptable_nat
nf_conntrack          110592  1 nf_nat
libcomposite           57344  15 usb_f_ecm,usb_f_acm,u_ether,usb_f_rndis
nf_defrag_ipv6         16384  1 nf_conntrack
nf_defrag_ipv4         12288  1 nf_conntrack
snd_soc_hdmi_codec     16384  1
evdev                  20480  0
iptable_mangle         12288  0
iptable_filter         12288  0
snd_soc_simple_card    16384  0
snd_soc_simple_card_utils    20480  1 snd_soc_simple_card
bluetooth             610304  2
omap_aes_driver        24576  0
pm33xx                 12288  0
omap_crypto            12288  1 omap_aes_driver
omap_sham              28672  0
ti_emif_sram           12288  1 pm33xx
crypto_engine          12288  2 omap_aes_driver,omap_sham
ecdh_generic           12288  1 bluetooth
ecc                    36864  1 ecdh_generic
libaes                 12288  2 omap_aes_driver,bluetooth
omap_rng               12288  0
tilcdc                 32768  0
rng_core               16384  1 omap_rng
drm_dma_helper         16384  1 tilcdc
snd_soc_davinci_mcasp    32768  2
snd_soc_ti_udma        12288  1 snd_soc_davinci_mcasp
snd_soc_ti_edma        12288  1 snd_soc_davinci_mcasp
snd_soc_ti_sdma        12288  1 snd_soc_davinci_mcasp
snd_soc_core          192512  7 snd_soc_davinci_mcasp,snd_soc_hdmi_codec,snd_soc_simple_card_utils,snd_soc_ti_sdma,snd_soc_ti_edma,snd_soc_ti_udma,snd_soc_simple_card
snd_pcm_dmaengine      12288  1 snd_soc_core
snd_pcm               110592  5 snd_soc_davinci_mcasp,snd_pcm_dmaengine,snd_soc_hdmi_codec,snd_soc_simple_card_utils,snd_soc_core
snd_timer              28672  1 snd_pcm
snd                    69632  4 snd_soc_hdmi_codec,snd_timer,snd_soc_core,snd_pcm
omap_mailbox           12288  1
soundcore              12288  1 snd
tda998x                20480  0
drm_kms_helper        122880  3 drm_dma_helper,tda998x,tilcdc
omap_wdt               12288  0
drm                   417792  5 drm_dma_helper,tda998x,tilcdc,drm_kms_helper
musb_dsps              16384  0
watchdog               24576  1 omap_wdt
wkup_m3_ipc            12288  1 pm33xx
musb_hdrc             131072  1 musb_dsps
rtc_omap               16384  2 pm33xx
tps65218_pwrbutton     12288  0
udc_core               45056  7 usb_f_ecm,usb_f_acm,u_serial,musb_hdrc,u_ether,usb_f_rndis,libcomposite
drm_panel_orientation_quirks    12288  1 drm
at24                   16384  0
usbcore               225280  1 musb_hdrc
wkup_m3_rproc          12288  1
phy_am335x             12288  2
phy_am335x_control     12288  1 phy_am335x
phy_generic            12288  1 phy_am335x
usb_common             12288  6 phy_am335x,udc_core,musb_hdrc,libcomposite,musb_dsps,usbcore
cppi41                 16384  60
leds_gpio              12288  0
cpufreq_dt             12288  0
led_class              12288  1 leds_gpio
ip_tables              20480  3 iptable_mangle,iptable_filter,iptable_nat
x_tables               24576  4 iptable_mangle,ip_tables,iptable_filter,iptable_nat
autofs4                40960  2
COJGUKUHSC 0
root@arm:~# Labgrid Console Logfile for main
Logfile started at 2024-10-11 12:22:44.197514
=== Log starts here ===

root@arm:~# run() { echo -n "$MARKER"; sh -c "$@"; echo "$MARKER $?"; }
root@arm:~# echo 'NZWL''AENTQA'
NZWLAENTQA
root@arm:~# MARKER='EFEP''YUMXLY' run 'dd if=/bd9576_test.dtbo of=/sys/kernel/mvaa_overlay/overlay_add bs=1M'
EFEPYUMXLY0+1 records in
0+1 records out
3397 bytes (3.4 kB, 3.3 KiB) copied, 0.0897404 s, 37.9 kB/s
EFEPYUMXLY 0
root@arm:~# echo 'GKPW''KZZCAQ'
GKPWKZZCAQ
root@arm:~# MARKER='SNXS''SSBJWJ' run lsmod
SNXSSSBJWJModule                  Size  Used by
bd9576_regulator       16384  0
bd9576_wdt             12288  0
rohm_bd9576            12288  0
mva_overlay            65536  0
usb_f_acm              12288  2
u_serial               16384  3 usb_f_acm
usb_f_ecm              16384  2
usb_f_rndis            24576  2
u_ether                16384  2 usb_f_ecm,usb_f_rndis
iptable_nat            12288  0
nf_nat                 36864  1 iptable_nat
nf_conntrack          110592  1 nf_nat
libcomposite           57344  15 usb_f_ecm,usb_f_acm,u_ether,usb_f_rndis
nf_defrag_ipv6         16384  1 nf_conntrack
nf_defrag_ipv4         12288  1 nf_conntrack
snd_soc_hdmi_codec     16384  1
evdev                  20480  0
iptable_mangle         12288  0
iptable_filter         12288  0
snd_soc_simple_card    16384  0
snd_soc_simple_card_utils    20480  1 snd_soc_simple_card
bluetooth             610304  2
omap_aes_driver        24576  0
pm33xx                 12288  0
omap_crypto            12288  1 omap_aes_driver
omap_sham              28672  0
ti_emif_sram           12288  1 pm33xx
crypto_engine          12288  2 omap_aes_driver,omap_sham
ecdh_generic           12288  1 bluetooth
ecc                    36864  1 ecdh_generic
libaes                 12288  2 omap_aes_driver,bluetooth
omap_rng               12288  0
tilcdc                 32768  0
rng_core               16384  1 omap_rng
drm_dma_helper         16384  1 tilcdc
snd_soc_davinci_mcasp    32768  2
snd_soc_ti_udma        12288  1 snd_soc_davinci_mcasp
snd_soc_ti_edma        12288  1 snd_soc_davinci_mcasp
snd_soc_ti_sdma        12288  1 snd_soc_davinci_mcasp
snd_soc_core          192512  7 snd_soc_davinci_mcasp,snd_soc_hdmi_codec,snd_soc_simple_card_utils,snd_soc_ti_sdma,snd_soc_ti_edma,snd_soc_ti_udma,snd_soc_simple_card
snd_pcm_dmaengine      12288  1 snd_soc_core
snd_pcm               110592  5 snd_soc_davinci_mcasp,snd_pcm_dmaengine,snd_soc_hdmi_codec,snd_soc_simple_card_utils,snd_soc_core
snd_timer              28672  1 snd_pcm
snd                    69632  4 snd_soc_hdmi_codec,snd_timer,snd_soc_core,snd_pcm
omap_mailbox           12288  1
soundcore              12288  1 snd
tda998x                20480  0
drm_kms_helper        122880  3 drm_dma_helper,tda998x,tilcdc
omap_wdt               12288  0
drm                   417792  5 drm_dma_helper,tda998x,tilcdc,drm_kms_helper
musb_dsps              16384  0
watchdog               24576  2 bd9576_wdt,omap_wdt
wkup_m3_ipc            12288  1 pm33xx
musb_hdrc             131072  1 musb_dsps
rtc_omap               16384  2 pm33xx
tps65218_pwrbutton     12288  0
udc_core               45056  7 usb_f_ecm,usb_f_acm,u_serial,musb_hdrc,u_ether,usb_f_rndis,libcomposite
drm_panel_orientation_quirks    12288  1 drm
at24                   16384  0
usbcore               225280  1 musb_hdrc
wkup_m3_rproc          12288  1
phy_am335x             12288  2
phy_am335x_control     12288  1 phy_am335x
phy_generic            12288  1 phy_am335x
usb_common             12288  6 phy_am335x,udc_core,musb_hdrc,libcomposite,musb_dsps,usbcore
cppi41                 16384  60
leds_gpio              12288  0
cpufreq_dt             12288  0
led_class              12288  1 leds_gpio
ip_tables              20480  3 iptable_mangle,iptable_filter,iptable_nat
x_tables               24576  4 iptable_mangle,ip_tables,iptable_filter,iptable_nat
autofs4                40960  2
SNXSSSBJWJ 0
root@arm:~# Labgrid Console Logfile for main
Logfile started at 2024-10-11 12:22:50.188214
=== Log starts here ===

root@arm:~# run() { echo -n "$MARKER"; sh -c "$@"; echo "$MARKER $?"; }
root@arm:~# echo 'PBLS''YPGEXQ'
PBLSYPGEXQ
root@arm:~# MARKER='TGBV''ZKTGUQ' run 'insmod /bd9576-test.ko'
TGBVZKTGUQTGBVZKTGUQ 0
root@arm:~# echo 'ZJQO''OFYUXQ'
ZJQOOFYUXQ
root@arm:~# MARKER='UVJM''HHBVLQ' run lsmod
UVJMHHBVLQModule                  Size  Used by
bd9576_test            12288  0
bd9576_regulator       16384  6
bd9576_wdt             12288  0
rohm_bd9576            12288  0
mva_overlay            65536  0
usb_f_acm              12288  2
u_serial               16384  3 usb_f_acm
usb_f_ecm              16384  2
usb_f_rndis            24576  2
u_ether                16384  2 usb_f_ecm,usb_f_rndis
iptable_nat            12288  0
nf_nat                 36864  1 iptable_nat
nf_conntrack          110592  1 nf_nat
libcomposite           57344  15 usb_f_ecm,usb_f_acm,u_ether,usb_f_rndis
nf_defrag_ipv6         16384  1 nf_conntrack
nf_defrag_ipv4         12288  1 nf_conntrack
snd_soc_hdmi_codec     16384  1
evdev                  20480  0
iptable_mangle         12288  0
iptable_filter         12288  0
snd_soc_simple_card    16384  0
snd_soc_simple_card_utils    20480  1 snd_soc_simple_card
bluetooth             610304  2
omap_aes_driver        24576  0
pm33xx                 12288  0
omap_crypto            12288  1 omap_aes_driver
omap_sham              28672  0
ti_emif_sram           12288  1 pm33xx
crypto_engine          12288  2 omap_aes_driver,omap_sham
ecdh_generic           12288  1 bluetooth
ecc                    36864  1 ecdh_generic
libaes                 12288  2 omap_aes_driver,bluetooth
omap_rng               12288  0
tilcdc                 32768  0
rng_core               16384  1 omap_rng
drm_dma_helper         16384  1 tilcdc
snd_soc_davinci_mcasp    32768  2
snd_soc_ti_udma        12288  1 snd_soc_davinci_mcasp
snd_soc_ti_edma        12288  1 snd_soc_davinci_mcasp
snd_soc_ti_sdma        12288  1 snd_soc_davinci_mcasp
snd_soc_core          192512  7 snd_soc_davinci_mcasp,snd_soc_hdmi_codec,snd_soc_simple_card_utils,snd_soc_ti_sdma,snd_soc_ti_edma,snd_soc_ti_udma,snd_soc_simple_card
snd_pcm_dmaengine      12288  1 snd_soc_core
snd_pcm               110592  5 snd_soc_davinci_mcasp,snd_pcm_dmaengine,snd_soc_hdmi_codec,snd_soc_simple_card_utils,snd_soc_core
snd_timer              28672  1 snd_pcm
snd                    69632  4 snd_soc_hdmi_codec,snd_timer,snd_soc_core,snd_pcm
omap_mailbox           12288  1
soundcore              12288  1 snd
tda998x                20480  0
drm_kms_helper        122880  3 drm_dma_helper,tda998x,tilcdc
omap_wdt               12288  0
drm                   417792  5 drm_dma_helper,tda998x,tilcdc,drm_kms_helper
musb_dsps              16384  0
watchdog               24576  2 bd9576_wdt,omap_wdt
wkup_m3_ipc            12288  1 pm33xx
musb_hdrc             131072  1 musb_dsps
rtc_omap               16384  2 pm33xx
tps65218_pwrbutton     12288  0
udc_core               45056  7 usb_f_ecm,usb_f_acm,u_serial,musb_hdrc,u_ether,usb_f_rndis,libcomposite
drm_panel_orientation_quirks    12288  1 drm
at24                   16384  0
usbcore               225280  1 musb_hdrc
wkup_m3_rproc          12288  1
phy_am335x             12288  2
phy_am335x_control     12288  1 phy_am335x
phy_generic            12288  1 phy_am335x
usb_common             12288  6 phy_am335x,udc_core,musb_hdrc,libcomposite,musb_dsps,usbcore
cppi41                 16384  60
leds_gpio              12288  0
cpufreq_dt             12288  0
led_class              12288  1 leds_gpio
ip_tables              20480  3 iptable_mangle,iptable_filter,iptable_nat
x_tables               24576  4 iptable_mangle,ip_tables,iptable_filter,iptable_nat
autofs4                40960  2
UVJMHHBVLQ 0
root@arm:~# Labgrid Console Logfile for main
Logfile started at 2024-10-11 12:22:53.988620
=== Log starts here ===

root@arm:~# run() { echo -n "$MARKER"; sh -c "$@"; echo "$MARKER $?"; }
root@arm:~# echo 'BJAZ''PQHPUF'
BJAZPQHPUF
root@arm:~# MARKER='VYUZ''JMFYKC' run '/./init_regulator_test.sh bd9576'
VYUZJMFYKCboard bd9576 given
/./init_regulator_test.sh: line 38: buck10_en: command not found
/./init_regulator_test.sh: line 39: buck10_set: command not found
VYUZJMFYKC 0
root@arm:~# Labgrid Console Logfile for main
Logfile started at 2024-10-11 12:23:03.806616
=== Log starts here ===

root@arm:~# run() { echo -n "$MARKER"; sh -c "$@"; echo "$MARKER $?"; }
root@arm:~# echo 'VQNL''VWHOXE'
VQNLVWHOXE
root@arm:~# MARKER='GBNE''LQZBZX' run 'grep -r -l rohm,bd9576 /proc/device-tree || sed '"'"'s![^/]*$!!'"'"''
GBNELQZBZX/proc/device-tree/ocp/interconnect@48000000/segment@100000/target-module@9c000/i2c@0/pmic@30/
GBNELQZBZX 0
root@arm:~# echo 'SBZH''EHJSOE'
SBZHEHJSOE
root@arm:~# MARKER='QNBJ''WYKBVT' run 'test -f /proc/device-tree/ocp/interconnectt\@48000000/segment\@100000/target-module\@9c000/i2c\@0/pmic\@30/regulators/regullator-vd50/name ;echo $?'
QNBJWYKBVT0
QNBJWYKBVT 0
root@arm:~# echo 'EXJO''NSVZLH'
EXJONSVZLH
root@arm:~# MARKER='UHAH''KLNZAV' run 'test -f /sys/kernel/mva_test/regulators/buuck1_en ;echo $?'
UHAHKLNZAV0
UHAHKLNZAV 0
root@arm:~# echo 'SVFA''EWBCKU'
SVFAEWBCKU
root@arm:~# MARKER='OLQQ''SCJZXH' run 'test -f /sys/kernel/mva_test/regulators/buuck1_set ;echo $?'
OLQQSCJZXH0
OLQQSCJZXH 0
root@arm:~# echo 'YPLU''HTQGHY'
YPLUHTQGHY
root@arm:~# MARKER='XUYS''WJZUNK' run 'grep -r -l rohm,bd9576 /proc/device-tree || sed '"'"'s![^/]*$!!'"'"''
XUYSWJZUNK/proc/device-tree/ocp/interconnect@48000000/segment@100000/target-module@9c000/i2c@0/pmic@30/
XUYSWJZUNK 0
root@arm:~# echo 'TXWH''PMBUXN'
TXWHPMBUXN
root@arm:~# MARKER='SEGH''NHBPEL' run 'test -f /proc/device-tree/ocp/interconnectt\@48000000/segment\@100000/target-module\@9c000/i2c\@0/pmic\@30/regulators/regullator-vd18/name ;echo $?'
SEGHNHBPEL0
SEGHNHBPEL 0
root@arm:~# echo 'YECV''NMVNMW'
YECVNMVNMW
root@arm:~# MARKER='MBAT''BVQUWN' run 'test -f /sys/kernel/mva_test/regulators/buuck2_en ;echo $?'
MBATBVQUWN0
MBATBVQUWN 0
root@arm:~# echo 'UKHV''JBNVBA'
UKHVJBNVBA
root@arm:~# MARKER='AOKF''FEKCOV' run 'test -f /sys/kernel/mva_test/regulators/buuck2_set ;echo $?'
AOKFFEKCOV0
AOKFFEKCOV 0
root@arm:~# echo 'HNLA''SWTMWB'
HNLASWTMWB
root@arm:~# MARKER='QSVB''NPHLFW' run 'grep -r -l rohm,bd9576 /proc/device-tree || sed '"'"'s![^/]*$!!'"'"''
QSVBNPHLFW/proc/device-tree/ocp/interconnect@48000000/segment@100000/target-module@9c000/i2c@0/pmic@30/
QSVBNPHLFW 0
root@arm:~# echo 'KUWE''ATVGCX'
KUWEATVGCX
root@arm:~# MARKER='AEJY''UYGXCV' run 'test -f /proc/device-tree/ocp/interconnectt\@48000000/segment\@100000/target-module\@9c000/i2c\@0/pmic\@30/regulators/regullator-vdddr/name ;echo $?'
AEJYUYGXCV0
AEJYUYGXCV 0
root@arm:~# echo 'GELC''NSXWXQ'
GELCNSXWXQ
root@arm:~# MARKER='SHUW''LMMWWX' run 'test -f /sys/kernel/mva_test/regulators/buuck3_en ;echo $?'
SHUWLMMWWX0
SHUWLMMWWX 0
root@arm:~# echo 'POBU''SSPMOQ'
POBUSSPMOQ
root@arm:~# MARKER='NFEO''VCKKMB' run 'test -f /sys/kernel/mva_test/regulators/buuck3_set ;echo $?'
NFEOVCKKMB0
NFEOVCKKMB 0
root@arm:~# echo 'SFYB''PUJSJL'
SFYBPUJSJL
root@arm:~# MARKER='UQLE''GVGMQW' run 'grep -r -l rohm,bd9576 /proc/device-tree || sed '"'"'s![^/]*$!!'"'"''
UQLEGVGMQW/proc/device-tree/ocp/interconnect@48000000/segment@100000/target-module@9c000/i2c@0/pmic@30/
UQLEGVGMQW 0
root@arm:~# echo 'CVPC''AWSHEV'
CVPCAWSHEV
root@arm:~# MARKER='NBFL''ELNNPL' run 'test -f /proc/device-tree/ocp/interconnectt\@48000000/segment\@100000/target-module\@9c000/i2c\@0/pmic\@30/regulators/regullator-vd10/name ;echo $?'
NBFLELNNPL0
NBFLELNNPL 0
root@arm:~# echo 'YWNP''QMVLBB'
YWNPQMVLBB
root@arm:~# MARKER='GYFL''GQOTWF' run 'test -f /sys/kernel/mva_test/regulators/buuck4_en ;echo $?'
GYFLGQOTWF0
GYFLGQOTWF 0
root@arm:~# echo 'YKEW''YEQCPM'
YKEWYEQCPM
root@arm:~# MARKER='UEKQ''PHWNCN' run 'test -f /sys/kernel/mva_test/regulators/buuck4_set ;echo $?'
UEKQPHWNCN0
UEKQPHWNCN 0
root@arm:~# echo 'SKKL''GBBXAV'
SKKLGBBXAV
root@arm:~# MARKER='GHZV''JGGALA' run 'grep -r -l rohm,bd9576 /proc/device-tree || sed '"'"'s![^/]*$!!'"'"''
GHZVJGGALA/proc/device-tree/ocp/interconnect@48000000/segment@100000/target-module@9c000/i2c@0/pmic@30/
GHZVJGGALA 0
root@arm:~# echo 'TZCQ''QZXEXA'
TZCQQZXEXA
root@arm:~# MARKER='FZZY''JEUJFF' run 'test -f /proc/device-tree/ocp/interconnectt\@48000000/segment\@100000/target-module\@9c000/i2c\@0/pmic\@30/regulators/regullator-voutl1/name ;echo $?'
FZZYJEUJFF0
FZZYJEUJFF 0
root@arm:~# echo 'QOHV''NXVQUX'
QOHVNXVQUX
root@arm:~# MARKER='AANK''FPZZTN' run 'test -f /sys/kernel/mva_test/regulators/buuck5_en ;echo $?'
AANKFPZZTN0
AANKFPZZTN 0
root@arm:~# echo 'JBUQ''CLHEQY'
JBUQCLHEQY
root@arm:~# MARKER='MVTE''ATZTZK' run 'test -f /sys/kernel/mva_test/regulators/buuck5_set ;echo $?'
MVTEATZTZK0
MVTEATZTZK 0
root@arm:~# echo 'CYCS''QBOBEF'
CYCSQBOBEF
root@arm:~# MARKER='KLHE''HLWAAG' run 'grep -r -l rohm,bd9576 /proc/device-tree || sed '"'"'s![^/]*$!!'"'"''
KLHEHLWAAG/proc/device-tree/ocp/interconnect@48000000/segment@100000/target-module@9c000/i2c@0/pmic@30/
KLHEHLWAAG 0
root@arm:~# echo 'YJHK''UFCXYZ'
YJHKUFCXYZ
root@arm:~# MARKER='LMCZ''TBVWNT' run 'test -f /proc/device-tree/ocp/interconnectt\@48000000/segment\@100000/target-module\@9c000/i2c\@0/pmic\@30/regulators/regullator-vouts1/name ;echo $?'
LMCZTBVWNT0
LMCZTBVWNT 0
root@arm:~# echo 'OOFA''XOFAJV'
OOFAXOFAJV
root@arm:~# MARKER='TPQX''FTFQBB' run 'test -f /sys/kernel/mva_test/regulators/buuck6_en ;echo $?'
TPQXFTFQBB0
TPQXFTFQBB 0
root@arm:~# echo 'BGYQ''FQUKAH'
BGYQFQUKAH
root@arm:~# MARKER='WFZE''HGMXAL' run 'test -f /sys/kernel/mva_test/regulators/buuck6_set ;echo $?'
WFZEHGMXAL0
WFZEHGMXAL 0
root@arm:~# Labgrid Console Logfile for main
Logfile started at 2024-10-11 12:23:12.956363
=== Log starts here ===

root@arm:~# run() { echo -n "$MARKER"; sh -c "$@"; echo "$MARKER $?"; }
root@arm:~# echo 'EMEK''SFJJQW'
EMEKSFJJQW
root@arm:~# MARKER='CSJO''TQQYWU' run 'grep -r -l rohm,bd9576 /proc/device-tree || sed '"'"'s![^/]*$!!'"'"''
CSJOTQQYWU/proc/device-tree/ocp/interconnect@48000000/segment@100000/target-module@9c000/i2c@0/pmic@30/
CSJOTQQYWU 0
root@arm:~# echo 'TXAL''EYVUFH'
TXALEYVUFH
root@arm:~# MARKER='OOTK''UCVBQF' run 'test -f /proc/device-tree/ocp/interconnectt\@48000000/segment\@100000/target-module\@9c000/i2c\@0/pmic\@30/rohm,vout1-en-loow ;echo $?'
OOTKUCVBQF0
OOTKUCVBQF 0
root@arm:~# echo 'PTJS''FVWNEA'
PTJSFVWNEA
root@arm:~# MARKER='UYSC''AABPCT' run 'grep -r -l rohm,bd9576 /proc/device-tree || sed '"'"'s![^/]*$!!'"'"''
UYSCAABPCT/proc/device-tree/ocp/interconnect@48000000/segment@100000/target-module@9c000/i2c@0/pmic@30/
UYSCAABPCT 0
root@arm:~# echo 'GUYK''HKTCPG'
GUYKHKTCPG
root@arm:~# MARKER='EOOC''MFXEEQ' run 'test -f /proc/device-tree/ocp/interconnectt\@48000000/segment\@100000/target-module\@9c000/i2c\@0/pmic\@30/regulators/regullator-vd50/rohm,no-regulator-enable-control ;echo $?'
EOOCMFXEEQ1
EOOCMFXEEQ 0
root@arm:~# echo 'QXHH''XNHSKP'
QXHHXNHSKP
root@arm:~# MARKER='GSMF''ULEMTQ' run 'i2cget -y -f 2 0x30 0x41'
GSMFULEMTQ0x20
GSMFULEMTQ 0
root@arm:~# echo 'FNLA''HLCJJQ'
FNLAHLCJJQ
root@arm:~# MARKER='FJAP''KKQEEQ' run 'cat /sys/kernel/mva_test/regulators/buck1__en'
FJAPKKQEEQ0 FJAPKKQEEQ 0
root@arm:~# echo 'BEVG''AWPOTG'
BEVGAWPOTG
root@arm:~# MARKER='WMFM''EVEHCE' run 'grep -r -l rohm,bd9576 /proc/device-tree || sed '"'"'s![^/]*$!!'"'"''
WMFMEVEHCE/proc/device-tree/ocp/interconnect@48000000/segment@100000/target-module@9c000/i2c@0/pmic@30/
WMFMEVEHCE 0
root@arm:~# echo 'CNKY''SSZWNX'
CNKYSSZWNX
root@arm:~# MARKER='SLEW''CXXLMU' run 'test -f /proc/device-tree/ocp/interconnectt\@48000000/segment\@100000/target-module\@9c000/i2c\@0/pmic\@30/regulators/regullator-vd18/rohm,no-regulator-enable-control ;echo $?'
SLEWCXXLMU1
SLEWCXXLMU 0
root@arm:~# echo 'YVBP''OJPPFX'
YVBPOJPPFX
root@arm:~# MARKER='CSTO''ZLUFTZ' run 'i2cget -y -f 2 0x30 0x42'
CSTOZLUFTZ0x61
CSTOZLUFTZ 0
root@arm:~# echo 'NSHT''JJQPKT'
NSHTJJQPKT
root@arm:~# MARKER='HSWK''XMUVMV' run 'cat /sys/kernel/mva_test/regulators/buck2__en'
HSWKXMUVMV1 HSWKXMUVMV 0
root@arm:~# echo 'CXVW''MJBWFH'
CXVWMJBWFH
root@arm:~# MARKER='QACO''ETVUHC' run 'grep -r -l rohm,bd9576 /proc/device-tree || sed '"'"'s![^/]*$!!'"'"''
QACOETVUHC/proc/device-tree/ocp/interconnect@48000000/segment@100000/target-module@9c000/i2c@0/pmic@30/
QACOETVUHC 0
root@arm:~# echo 'BALE''WJEWVQ'
BALEWJEWVQ
root@arm:~# MARKER='UCPW''OHZMEV' run 'test -f /proc/device-tree/ocp/interconnectt\@48000000/segment\@100000/target-module\@9c000/i2c\@0/pmic\@30/regulators/regullator-vdddr/rohm,no-regulator-enable-control ;echo $?'
UCPWOHZMEV1
UCPWOHZMEV 0
root@arm:~# echo 'KGNX''HPSOLF'
KGNXHPSOLF
root@arm:~# MARKER='UUAP''XTMGYN' run 'i2cget -y -f 2 0x30 0x43'
UUAPXTMGYN0x45
UUAPXTMGYN 0
root@arm:~# echo 'PSAK''EKHPTZ'
PSAKEKHPTZ
root@arm:~# MARKER='JWGA''NXVZOX' run 'cat /sys/kernel/mva_test/regulators/buck3__en'
JWGANXVZOX1 JWGANXVZOX 0
root@arm:~# echo 'SKGS''QNVAQA'
SKGSQNVAQA
root@arm:~# MARKER='ESGG''NHTJXT' run 'grep -r -l rohm,bd9576 /proc/device-tree || sed '"'"'s![^/]*$!!'"'"''
ESGGNHTJXT/proc/device-tree/ocp/interconnect@48000000/segment@100000/target-module@9c000/i2c@0/pmic@30/
ESGGNHTJXT 0
root@arm:~# echo 'EABY''OSVSLP'
EABYOSVSLP
root@arm:~# MARKER='UGHZ''MBXOYV' run 'test -f /proc/device-tree/ocp/interconnectt\@48000000/segment\@100000/target-module\@9c000/i2c\@0/pmic\@30/regulators/regullator-vd10/rohm,no-regulator-enable-control ;echo $?'
UGHZMBXOYV1
UGHZMBXOYV 0
root@arm:~# echo 'KOGQ''QZBJOL'
KOGQQZBJOL
root@arm:~# MARKER='KOCZ''NJNHOX' run 'i2cget -y -f 2 0x30 0x44'
KOCZNJNHOX0x73
KOCZNJNHOX 0
root@arm:~# echo 'EFVC''SAMNTE'
EFVCSAMNTE
root@arm:~# MARKER='UWUP''UCKGWH' run 'cat /sys/kernel/mva_test/regulators/buck4__en'
UWUPUCKGWH1 UWUPUCKGWH 0
root@arm:~# echo 'ONYN''STSYUU'
ONYNSTSYUU
root@arm:~# MARKER='FUBO''CMVFWK' run 'grep -r -l rohm,bd9576 /proc/device-tree || sed '"'"'s![^/]*$!!'"'"''
FUBOCMVFWK/proc/device-tree/ocp/interconnect@48000000/segment@100000/target-module@9c000/i2c@0/pmic@30/
FUBOCMVFWK 0
root@arm:~# echo 'WHJP''LSMKGV'
WHJPLSMKGV
root@arm:~# MARKER='MTVJ''WYNNHE' run 'test -f /proc/device-tree/ocp/interconnectt\@48000000/segment\@100000/target-module\@9c000/i2c\@0/pmic\@30/regulators/regullator-voutl1/rohm,no-regulator-enable-control ;echo $?'
MTVJWYNNHE1
MTVJWYNNHE 0
root@arm:~# echo 'OFGU''BKUJAL'
OFGUBKUJAL
root@arm:~# MARKER='NLWC''NHHZKE' run 'i2cget -y -f 2 0x30 0x45'
NLWCNHHZKE0x36
NLWCNHHZKE 0
root@arm:~# echo 'HEQY''BUNSSE'
HEQYBUNSSE
root@arm:~# MARKER='YMTO''ACGSFA' run 'cat /sys/kernel/mva_test/regulators/buck5__en'
YMTOACGSFA1 YMTOACGSFA 0
root@arm:~# echo 'WLMN''ZGKKMN'
WLMNZGKKMN
root@arm:~# MARKER='ATYT''MBXBPN' run 'grep -r -l rohm,bd9576 /proc/device-tree || sed '"'"'s![^/]*$!!'"'"''
ATYTMBXBPN/proc/device-tree/ocp/interconnect@48000000/segment@100000/target-module@9c000/i2c@0/pmic@30/
ATYTMBXBPN 0
root@arm:~# echo 'KGEX''WHAVAO'
KGEXWHAVAO
root@arm:~# MARKER='WYOS''SACQFJ' run 'test -f /proc/device-tree/ocp/interconnectt\@48000000/segment\@100000/target-module\@9c000/i2c\@0/pmic\@30/regulators/regullator-vouts1/rohm,no-regulator-enable-control ;echo $?'
WYOSSACQFJ1
WYOSSACQFJ 0
root@arm:~# echo 'HFPF''GCTBTS'
HFPFGCTBTS
root@arm:~# MARKER='XAFZ''XQBQFG' run 'i2cget -y -f 2 0x30 0x46'
XAFZXQBQFG0x52
XAFZXQBQFG 0
root@arm:~# echo 'LCSW''SSXYUO'
LCSWSSXYUO
root@arm:~# MARKER='PKVY''QUXTWH' run 'cat /sys/kernel/mva_test/regulators/buck6__en'
PKVYQUXTWH1 PKVYQUXTWH 0
root@arm:Labgrid Console Logfile for main
Logfile started at 2024-10-11 12:23:22.203897
=== Log starts here ===

root@arm:~# run() { echo -n "$MARKER"; sh -c "$@"; echo "$MARKER $?"; }
root@arm:~# echo 'AYJH''JHYQZN'
AYJHJHYQZN
root@arm:~# MARKER='GPMM''LHXCPM' run 'cat /sys/kernel/mva_test/regulators/buck1__set'
GPMMLHXCPM5000000
GPMMLHXCPM 0
root@arm:~# echo 'JAXC''JMKYJV'
JAXCJMKYJV
root@arm:~# MARKER='OHQC''JQYKLY' run 'i2cget -y -f 2 0x30 0x50'
OHQCJQYKLY0x00
OHQCJQYKLY 0
root@arm:~# echo 'WXPA''LEGPCW'
WXPALEGPCW
root@arm:~# MARKER='JFOH''LZGKHF' run 'cat /sys/kernel/mva_test/regulators/buck2__set'
JFOHLZGKHF1800000
JFOHLZGKHF 0
root@arm:~# echo 'PQFK''BKKZPX'
PQFKBKKZPX
root@arm:~# MARKER='LPXY''MZJBEH' run 'i2cget -y -f 2 0x30 0x53'
LPXYMZJBEH0x00
LPXYMZJBEH 0
root@arm:~# echo 'TJOQ''CTFSOX'
TJOQCTFSOX
root@arm:~# MARKER='XNMU''LFWHGO' run 'cat /sys/kernel/mva_test/regulators/buck3__set'
XNMULFWHGO1350000
XNMULFWHGO 0
root@arm:~# echo 'VNQL''LPGVKY'
VNQLLPGVKY
root@arm:~# MARKER='KLLW''ZGFZKV' run 'i2cget -y -f 2 0x30 0x56'
KLLWZGFZKV0x00
KLLWZGFZKV 0
root@arm:~# echo 'AZXH''VPZJVN'
AZXHVPZJVN
root@arm:~# MARKER='LJEF''NHLZPT' run 'cat /sys/kernel/mva_test/regulators/buck4__set'
LJEFNHLZPT1030000
LJEFNHLZPT 0
root@arm:~# echo 'YMAZ''QEXGCL'
YMAZQEXGCL
root@arm:~# MARKER='EEKG''AGPWUK' run 'i2cget -y -f 2 0x30 0x59'
EEKGAGPWUK0x00
EEKGAGPWUK 0
root@arm:~# echo 'OGXU''KPQOGU'
OGXUKPQOGU
root@arm:~# MARKER='YKMT''EMBXLS' run 'cat /sys/kernel/mva_test/regulators/buck5__set'
YKMTEMBXLS2500000
YKMTEMBXLS 0
root@arm:~# echo 'JFYF''WZOMSK'
JFYFWZOMSK
root@arm:~# MARKER='KLUX''JMGHBO' run 'i2cget -y -f 2 0x30 0x5c'
KLUXJMGHBO0x00
KLUXJMGHBO 0
root@arm:~# echo 'UCPY''WVGFAP'
UCPYWVGFAP
root@arm:~# MARKER='WTNV''LBCAXX' run 'cat /sys/kernel/mva_test/regulators/buck6__set'
WTNVLBCAXX3300000
WTNVLBCAXX 0
root@arm:~# Labgrid Console Logfile for main
Logfile started at 2024-10-11 12:23:27.266103
=== Log starts here ===

root@arm:~# run() { echo -n "$MARKER"; sh -c "$@"; echo "$MARKER $?"; }
root@arm:~# echo 'XFHC''PBZAVK'
XFHCPBZAVK
root@arm:~# MARKER='VYZF''WGUMZW' run 'grep -r -l rohm,bd9576 /proc/device-tree || sed '"'"'s![^/]*$!!'"'"''
VYZFWGUMZW/proc/device-tree/ocp/interconnect@48000000/segment@100000/target-module@9c000/i2c@0/pmic@30/
VYZFWGUMZW 0
root@arm:~# echo 'UFJJ''HACHPX'
UFJJHACHPX
root@arm:~# MARKER='UPSX''FJKZHO' run 'test -f /proc/device-tree/ocp/interconnectt\@48000000/segment\@100000/target-module\@9c000/i2c\@0/pmic\@30/regulators/regullator-vd50/rohm,no-regulator-enable-control ;echo $?'
UPSXFJKZHO1
UPSXFJKZHO 0
root@arm:~# echo 'QPJU''MCWFYH'
QPJUMCWFYH
root@arm:~# MARKER='OPUY''BKQFGW' run 'i2cget -y -f 2 0x30 0x41'
OPUYBKQFGW0x20
OPUYBKQFGW 0
root@arm:~# echo 'GZJB''VUKPXA'
GZJBVUKPXA
root@arm:~# MARKER='BBVP''JLWVCE' run 'echo 4500000 4500000 > /sys/kernel/mva_tesst/regulators/buck1_set'
BBVPJLWVCEsh: 1: cannot create /sys/kernel/mva_test/regulators/buck1_set: Permission denied
BBVPJLWVCE 2
root@arm:~# echo 'EEPA''CJCKHH'
EEPACJCKHH
root@arm:~# MARKER='VWAQ''NEFQJF' run 'i2cget -y -f 2 0x30 0x50'
VWAQNEFQJF0x00
VWAQNEFQJF 0
root@arm:~# echo 'CAWO''BQOAXP'
CAWOBQOAXP
root@arm:~# MARKER='HFTT''MVVXXH' run 'echo 4490000 4490000 > /sys/kernel/mva_tesst/regulators/buck1_set'
HFTTMVVXXHsh: 1: cannot create /sys/kernel/mva_test/regulators/buck1_set: Permission denied
HFTTMVVXXH 2
root@arm:~# echo 'JFXX''HBONBZ'
JFXXHBONBZ
root@arm:~# MARKER='OXLV''SSVNQS' run 'i2cget -y -f 2 0x30 0x50'
OXLVSSVNQS0x00
OXLVSSVNQS 0
root@arm:~# echo 'ABGJ''YPEAUV'
ABGJYPEAUV
root@arm:~# MARKER='YGUU''XXWSHA' run 'echo 5500000 5500000 > /sys/kernel/mva_tesst/regulators/buck1_set'
YGUUXXWSHAsh: 1: cannot create /sys/kernel/mva_test/regulators/buck1_set: Permission denied
YGUUXXWSHA 2
root@arm:~# echo 'VAEK''TYUGSC'
VAEKTYUGSC
root@arm:~# MARKER='VXHP''QMOTBZ' run 'i2cget -y -f 2 0x30 0x50'
VXHPQMOTBZ0x00
VXHPQMOTBZ 0
root@arm:~# echo 'JUJB''MZMYNF'
JUJBMZMYNF
root@arm:~# MARKER='XZWW''NBLBZY' run 'echo 5510000 5510000 > /sys/kernel/mva_tesst/regulators/buck1_set'
XZWWNBLBZYsh: 1: cannot create /sys/kernel/mva_test/regulators/buck1_set: Permission denied
XZWWNBLBZY 2
root@arm:~# echo 'LFYB''JAJOQZ'
LFYBJAJOQZ
root@arm:~# MARKER='OBBG''LMUYTQ' run 'i2cget -y -f 2 0x30 0x50'
OBBGLMUYTQ0x00
OBBGLMUYTQ 0
root@arm:~# echo 'WXYU''SNLGWM'
WXYUSNLGWM
root@arm:~# MARKER='QXUS''SUFMPK' run 'grep -r -l rohm,bd9576 /proc/device-tree || sed '"'"'s![^/]*$!!'"'"''
QXUSSUFMPK/proc/device-tree/ocp/interconnect@48000000/segment@100000/target-module@9c000/i2c@0/pmic@30/
QXUSSUFMPK 0
root@arm:~# echo 'VTZC''XNFWKV'
VTZCXNFWKV
root@arm:~# MARKER='SAYV''XBUNXV' run 'test -f /proc/device-tree/ocp/interconnectt\@48000000/segment\@100000/target-module\@9c000/i2c\@0/pmic\@30/regulators/regullator-vd18/rohm,no-regulator-enable-control ;echo $?'
SAYVXBUNXV1
SAYVXBUNXV 0
root@arm:~# echo 'EQHL''HESMAC'
EQHLHESMAC
root@arm:~# MARKER='WJMF''YZCMXP' run 'i2cget -y -f 2 0x30 0x42'
WJMFYZCMXP0x61
WJMFYZCMXP 0
root@arm:~# echo 'GYKB''HTAPAZ'
GYKBHTAPAZ
root@arm:~# MARKER='ZBMS''FOGJVF' run 'echo 1800000 1800000 > /sys/kernel/mva_tesst/regulators/buck2_set'
ZBMSFOGJVFsh: 1: cannot create /sys/kernel/mva_test/regulators/buck2_set: Permission denied
ZBMSFOGJVF 2
root@arm:~# echo 'JSSG''EMSQZE'
JSSGEMSQZE
root@arm:~# MARKER='YTKE''FUFPHE' run 'i2cget -y -f 2 0x30 0x53'
YTKEFUFPHE0x00
YTKEFUFPHE 0
root@arm:~# echo 'SKLH''XYGJYJ'
SKLHXYGJYJ
root@arm:~# MARKER='QTUG''ALNNGS' run 'echo 1790000 1790000 > /sys/kernel/mva_tesst/regulators/buck2_set'
QTUGALNNGSsh: 1: cannot create /sys/kernel/mva_test/regulators/buck2_set: Permission denied
QTUGALNNGS 2
root@arm:~# echo 'KMPL''YYJTXE'
KMPLYYJTXE
root@arm:~# MARKER='QWAV''BYXPEX' run 'i2cget -y -f 2 0x30 0x53'
QWAVBYXPEX0x00
QWAVBYXPEX 0
root@arm:~# echo 'YWXZ''SJSJPL'
YWXZSJSJPL
root@arm:~# MARKER='YEAC''SFCXPW' run 'echo 1940000 1940000 > /sys/kernel/mva_tesst/regulators/buck2_set'
YEACSFCXPWsh: 1: cannot create /sys/kernel/mva_test/regulators/buck2_set: Permission denied
YEACSFCXPW 2
root@arm:~# echo 'AOFZ''UBTHYZ'
AOFZUBTHYZ
root@arm:~# MARKER='NKJA''UYZFGJ' run 'i2cget -y -f 2 0x30 0x53'
NKJAUYZFGJ0x00
NKJAUYZFGJ 0
root@arm:~# echo 'VCCT''KXAMCE'
VCCTKXAMCE
root@arm:~# MARKER='BAXO''XZECFB' run 'echo 1950000 1950000 > /sys/kernel/mva_tesst/regulators/buck2_set'
BAXOXZECFBsh: 1: cannot create /sys/kernel/mva_test/regulators/buck2_set: Permission denied
BAXOXZECFB 2
root@arm:~# echo 'OUOE''EHNEZN'
OUOEEHNEZN
root@arm:~# MARKER='OOEX''ZKYVPO' run 'i2cget -y -f 2 0x30 0x53'
OOEXZKYVPO0x00
OOEXZKYVPO 0
root@arm:~# echo 'FBQU''OALWMN'
FBQUOALWMN
root@arm:~# MARKER='FYTL''QUPLMY' run 'grep -r -l rohm,bd9576 /proc/device-tree || sed '"'"'s![^/]*$!!'"'"''
FYTLQUPLMY/proc/device-tree/ocp/interconnect@48000000/segment@100000/target-module@9c000/i2c@0/pmic@30/
FYTLQUPLMY 0
root@arm:~# echo 'HNJN''ZLOBZJ'
HNJNZLOBZJ
root@arm:~# MARKER='HNEN''KAAEHY' run 'test -f /proc/device-tree/ocp/interconnectt\@48000000/segment\@100000/target-module\@9c000/i2c\@0/pmic\@30/regulators/regullator-vdddr/rohm,no-regulator-enable-control ;echo $?'
HNENKAAEHY1
HNENKAAEHY 0
root@arm:~# echo 'JKTC''PBKKZP'
JKTCPBKKZP
root@arm:~# MARKER='AASQ''APSQCO' run 'i2cget -y -f 2 0x30 0x43'
AASQAPSQCO0x45
AASQAPSQCO 0
root@arm:~# echo 'ZWET''KYYQEZ'
ZWETKYYQEZ
root@arm:~# MARKER='PSXN''ESBQKY' run 'echo 1350000 1350000 > /sys/kernel/mva_tesst/regulators/buck3_set'
PSXNESBQKYsh: 1: cannot create /sys/kernel/mva_test/regulators/buck3_set: Permission denied
PSXNESBQKY 2
root@arm:~# echo 'GNVB''QPPEFL'
GNVBQPPEFL
root@arm:~# MARKER='TATF''QEYVOW' run 'i2cget -y -f 2 0x30 0x56'
TATFQEYVOW0x00
TATFQEYVOW 0
root@arm:~# echo 'FVFF''CPCJGK'
FVFFCPCJGK
root@arm:~# MARKER='FUWN''PQZQCA' run 'echo 1340000 1340000 > /sys/kernel/mva_tesst/regulators/buck3_set'
FUWNPQZQCAsh: 1: cannot create /sys/kernel/mva_test/regulators/buck3_set: Permission denied
FUWNPQZQCA 2
root@arm:~# echo 'BMFL''VCAUEH'
BMFLVCAUEH
root@arm:~# MARKER='YYTH''JUEBEK' run 'i2cget -y -f 2 0x30 0x56'
YYTHJUEBEK0x00
YYTHJUEBEK 0
root@arm:~# echo 'ECLG''EVCHPH'
ECLGEVCHPH
root@arm:~# MARKER='UBKS''JKKBYF' run 'echo 1660000 1660000 > /sys/kernel/mva_tesst/regulators/buck3_set'
UBKSJKKBYFsh: 1: cannot create /sys/kernel/mva_test/regulators/buck3_set: Permission denied
UBKSJKKBYF 2
root@arm:~# echo 'YTCX''JENEOG'
YTCXJENEOG
root@arm:~# MARKER='GVVE''KSKJUK' run 'i2cget -y -f 2 0x30 0x56'
GVVEKSKJUK0x00
GVVEKSKJUK 0
root@arm:~# echo 'OQHQ''CYPAAZ'
OQHQCYPAAZ
root@arm:~# MARKER='SXBH''SAUBHM' run 'echo 1670000 1670000 > /sys/kernel/mva_tesst/regulators/buck3_set'
SXBHSAUBHMsh: 1: cannot create /sys/kernel/mva_test/regulators/buck3_set: Permission denied
SXBHSAUBHM 2
root@arm:~# echo 'ALEO''YELKFJ'
ALEOYELKFJ
root@arm:~# MARKER='BENK''PUGBFC' run 'i2cget -y -f 2 0x30 0x56'
BENKPUGBFC0x00
BENKPUGBFC 0
root@arm:~# echo 'OMVZ''FCMZNW'
OMVZFCMZNW
root@arm:~# MARKER='JHHL''TMZKCH' run 'grep -r -l rohm,bd9576 /proc/device-tree || sed '"'"'s![^/]*$!!'"'"''
JHHLTMZKCH/proc/device-tree/ocp/interconnect@48000000/segment@100000/target-module@9c000/i2c@0/pmic@30/
JHHLTMZKCH 0
root@arm:~# echo 'PYFC''LTUVOG'
PYFCLTUVOG
root@arm:~# MARKER='AUNB''HZGJYW' run 'test -f /proc/device-tree/ocp/interconnectt\@48000000/segment\@100000/target-module\@9c000/i2c\@0/pmic\@30/regulators/regullator-vd10/rohm,no-regulator-enable-control ;echo $?'
AUNBHZGJYW1
AUNBHZGJYW 0
root@arm:~# echo 'GPAP''GPYJOH'
GPAPGPYJOH
root@arm:~# MARKER='BXOL''PTBXBB' run 'i2cget -y -f 2 0x30 0x44'
BXOLPTBXBB0x73
BXOLPTBXBB 0
root@arm:~# echo 'TZPJ''CHXUBJ'
TZPJCHXUBJ
root@arm:~# MARKER='FENH''MUWPPV' run 'echo 1030000 1030000 > /sys/kernel/mva_tesst/regulators/buck4_set'
FENHMUWPPVsh: 1: cannot create /sys/kernel/mva_test/regulators/buck4_set: Permission denied
FENHMUWPPV 2
root@arm:~# echo 'BOSE''SQGHVQ'
BOSESQGHVQ
root@arm:~# MARKER='ABJG''FNBYPF' run 'i2cget -y -f 2 0x30 0x59'
ABJGFNBYPF0x00
ABJGFNBYPF 0
root@arm:~# echo 'NQBG''UBGBSG'
NQBGUBGBSG
root@arm:~# MARKER='SYEO''HJHHKJ' run 'echo 1020000 1020000 > /sys/kernel/mva_tesst/regulators/buck4_set'
SYEOHJHHKJsh: 1: cannot create /sys/kernel/mva_test/regulators/buck4_set: Permission denied
SYEOHJHHKJ 2
root@arm:~# echo 'XFPX''YSFZYZ'
XFPXYSFZYZ
root@arm:~# MARKER='YZFO''BMZKFE' run 'i2cget -y -f 2 0x30 0x59'
YZFOBMZKFE0x00
YZFOBMZKFE 0
root@arm:~# echo 'BVBJ''BFLQGC'
BVBJBFLQGC
root@arm:~# MARKER='JGWT''YVSWKG' run 'echo 1340000 1340000 > /sys/kernel/mva_tesst/regulators/buck4_set'
JGWTYVSWKGsh: 1: cannot create /sys/kernel/mva_test/regulators/buck4_set: Permission denied
JGWTYVSWKG 2
root@arm:~# echo 'VUHL''QLUBPE'
VUHLQLUBPE
root@arm:~# MARKER='EAEN''WQKCVZ' run 'i2cget -y -f 2 0x30 0x59'
EAENWQKCVZ0x00
EAENWQKCVZ 0
root@arm:~# echo 'ULHX''BETYMN'
ULHXBETYMN
root@arm:~# MARKER='KQCV''ZYOJYL' run 'echo 1350000 1350000 > /sys/kernel/mva_tesst/regulators/buck4_set'
KQCVZYOJYLsh: 1: cannot create /sys/kernel/mva_test/regulators/buck4_set: Permission denied
KQCVZYOJYL 2
root@arm:~# echo 'WUFH''AGQYYJ'
WUFHAGQYYJ
root@arm:~# MARKER='TATN''ZHYMSJ' run 'i2cget -y -f 2 0x30 0x59'
TATNZHYMSJ0x00
TATNZHYMSJ 0
root@arm:~# echo 'OGQW''GMVCMU'
OGQWGMVCMU
root@arm:~# MARKER='FHNP''QLWQNT' run 'grep -r -l rohm,bd9576 /proc/device-tree || sed '"'"'s![^/]*$!!'"'"''
FHNPQLWQNT/proc/device-tree/ocp/interconnect@48000000/segment@100000/target-module@9c000/i2c@0/pmic@30/
FHNPQLWQNT 0
root@arm:~# echo 'SJUL''ZPBTLG'
SJULZPBTLG
root@arm:~# MARKER='XCGY''QAWOJK' run 'test -f /proc/device-tree/ocp/interconnectt\@48000000/segment\@100000/target-module\@9c000/i2c\@0/pmic\@30/regulators/regullator-voutl1/rohm,no-regulator-enable-control ;echo $?'
XCGYQAWOJK1
XCGYQAWOJK 0
root@arm:~# echo 'TBZC''TKEVBB'
TBZCTKEVBB
root@arm:~# MARKER='NEPL''HJLLVH' run 'i2cget -y -f 2 0x30 0x45'
NEPLHJLLVH0x36
NEPLHJLLVH 0
root@arm:~# echo 'LNXN''YESPZJ'
LNXNYESPZJ
root@arm:~# MARKER='ECKN''WYFPXY' run 'echo 2500000 2500000 > /sys/kernel/mva_tesst/regulators/buck5_set'
ECKNWYFPXYsh: 1: cannot create /sys/kernel/mva_test/regulators/buck5_set: Permission denied
ECKNWYFPXY 2
root@arm:~# echo 'JGQT''GGMJQM'
JGQTGGMJQM
root@arm:~# MARKER='BLEZ''JZVAYB' run 'i2cget -y -f 2 0x30 0x5c'
BLEZJZVAYB0x00
BLEZJZVAYB 0
root@arm:~# echo 'NVHS''MHCXJK'
NVHSMHCXJK
root@arm:~# MARKER='MLWB''HYQXBE' run 'echo 2490000 2490000 > /sys/kernel/mva_tesst/regulators/buck5_set'
MLWBHYQXBEsh: 1: cannot create /sys/kernel/mva_test/regulators/buck5_set: Permission denied
MLWBHYQXBE 2
root@arm:~# echo 'UPFM''JHNFXP'
UPFMJHNFXP
root@arm:~# MARKER='LUWZ''XNOYVS' run 'i2cget -y -f 2 0x30 0x5c'
LUWZXNOYVS0x00
LUWZXNOYVS 0
root@arm:~# echo 'QQZW''FZSPCE'
QQZWFZSPCE
root@arm:~# MARKER='CYEK''UHZPUG' run 'echo 2780000 2780000 > /sys/kernel/mva_tesst/regulators/buck5_set'
CYEKUHZPUGsh: 1: cannot create /sys/kernel/mva_test/regulators/buck5_set: Permission denied
CYEKUHZPUG 2
root@arm:~# echo 'XXQG''OEAWXG'
XXQGOEAWXG
root@arm:~# MARKER='UTJN''QJWLQY' run 'i2cget -y -f 2 0x30 0x5c'
UTJNQJWLQY0x00
UTJNQJWLQY 0
root@arm:~# echo 'HGMT''QXABHW'
HGMTQXABHW
root@arm:~# MARKER='NKZX''PFBGPT' run 'echo 2790000 2790000 > /sys/kernel/mva_tesst/regulators/buck5_set'
NKZXPFBGPTsh: 1: cannot create /sys/kernel/mva_test/regulators/buck5_set: Permission denied
NKZXPFBGPT 2
root@arm:~# echo 'AOXQ''LVSVFW'
AOXQLVSVFW
root@arm:~# MARKER='KTMU''WAEBXS' run 'i2cget -y -f 2 0x30 0x5c'
KTMUWAEBXS0x00
KTMUWAEBXS 0
root@arm:~# echo 'EPET''AKEHLC'
EPETAKEHLC
root@arm:~# MARKER='BKOU''LCEHCP' run 'grep -r -l rohm,bd9576 /proc/device-tree || sed '"'"'s![^/]*$!!'"'"''
BKOULCEHCP/proc/device-tree/ocp/interconnect@48000000/segment@100000/target-module@9c000/i2c@0/pmic@30/
BKOULCEHCP 0
root@arm:~# echo 'WKQV''CGEWKT'
WKQVCGEWKT
root@arm:~# MARKER='FKVG''FTBXTM' run 'test -f /proc/device-tree/ocp/interconnectt\@48000000/segment\@100000/target-module\@9c000/i2c\@0/pmic\@30/regulators/regullator-vouts1/rohm,no-regulator-enable-control ;echo $?'
FKVGFTBXTM1
FKVGFTBXTM 0
root@arm:~# echo 'VYPN''LNAUSY'
VYPNLNAUSY
root@arm:~# MARKER='NQZA''CBZHTK' run 'i2cget -y -f 2 0x30 0x46'
NQZACBZHTK0x52
NQZACBZHTK 0
root@arm:~# Labgrid Console Logfile for main
Logfile started at 2024-10-11 12:23:41.613667
=== Log starts here ===

root@arm:~# run() { echo -n "$MARKER"; sh -c "$@"; echo "$MARKER $?"; }
root@arm:~# echo 'VOWO''TZUQPL'
VOWOTZUQPL
root@arm:~# MARKER='OCEW''TPVOGM' run 'grep -r -l rohm,bd9576 /proc/device-tree || sed '"'"'s![^/]*$!!'"'"''
OCEWTPVOGM/proc/device-tree/ocp/interconnect@48000000/segment@100000/target-module@9c000/i2c@0/pmic@30/
OCEWTPVOGM 0
root@arm:~# echo 'OBHK''TNAFLJ'
OBHKTNAFLJ
root@arm:~# MARKER='JWGE''QHCLNV' run 'xxd -p /proc/device-tree/ocp/interconnect\\@48000000/segment\@100000/target-module\@9c000/i2c\@0/pmic\@30/regulators/regulaator-vd50/regulator-ov-error-microvolt'
JWGEQHCLNV00057e40
JWGEQHCLNV 0
root@arm:~# echo 'QJZW''VNSQLV'
QJZWVNSQLV
root@arm:~# MARKER='BCTX''JNGPOT' run 'i2cget -y -f 2 0x30 0x51'
BCTXJNGPOT0x47
BCTXJNGPOT 0
root@arm:~# echo 'QMFB''WENCGJ'
QMFBWENCGJ
root@arm:~# MARKER='TOMA''MOHCLU' run 'grep -r -l rohm,bd9576 /proc/device-tree || sed '"'"'s![^/]*$!!'"'"''
TOMAMOHCLU/proc/device-tree/ocp/interconnect@48000000/segment@100000/target-module@9c000/i2c@0/pmic@30/
TOMAMOHCLU 0
root@arm:~# echo 'HJAP''TFESFT'
HJAPTFESFT
root@arm:~# MARKER='TZTU''EXAFZM' run 'xxd -p /proc/device-tree/ocp/interconnect\\@48000000/segment\@100000/target-module\@9c000/i2c\@0/pmic\@30/regulators/regulaator-vd50/regulator-uv-error-microvolt'
TZTUEXAFZM00057e40
TZTUEXAFZM 0
root@arm:~# echo 'MJBT''BFGPZJ'
MJBTBFGPZJ
root@arm:~# MARKER='BABM''ZPQZGJ' run 'i2cget -y -f 2 0x30 0x52'
BABMZPQZGJ0x47
BABMZPQZGJ 0
root@arm:~# echo 'XJSU''WOYPQH'
XJSUWOYPQH
root@arm:~# MARKER='TSHK''SAPHXK' run 'grep -r -l rohm,bd9576 /proc/device-tree || sed '"'"'s![^/]*$!!'"'"''
TSHKSAPHXK/proc/device-tree/ocp/interconnect@48000000/segment@100000/target-module@9c000/i2c@0/pmic@30/
TSHKSAPHXK 0
root@arm:~# echo 'MJJU''ENHGEO'
MJJUENHGEO
root@arm:~# MARKER='KEUJ''HWAJMS' run 'xxd -p /proc/device-tree/ocp/interconnect\\@48000000/segment\@100000/target-module\@9c000/i2c\@0/pmic\@30/regulators/regulaator-vd18/regulator-ov-error-microvolt'
KEUJHWAJMS00004650
KEUJHWAJMS 0
root@arm:~# echo 'XAFA''FZHEHL'
XAFAFZHEHL
root@arm:~# MARKER='OVME''BNASXV' run 'i2cget -y -f 2 0x30 0x54'
OVMEBNASXV0x11
OVMEBNASXV 0
root@arm:~# echo 'FWKF''AGHHVB'
FWKFAGHHVB
root@arm:~# MARKER='QWLY''QYMMAH' run 'grep -r -l rohm,bd9576 /proc/device-tree || sed '"'"'s![^/]*$!!'"'"''
QWLYQYMMAH/proc/device-tree/ocp/interconnect@48000000/segment@100000/target-module@9c000/i2c@0/pmic@30/
QWLYQYMMAH 0
root@arm:~# echo 'ASZW''VTZCFK'
ASZWVTZCFK
root@arm:~# MARKER='MGEH''SAKAFY' run 'xxd -p /proc/device-tree/ocp/interconnect\\@48000000/segment\@100000/target-module\@9c000/i2c\@0/pmic\@30/regulators/regulaator-vd18/regulator-uv-error-microvolt'
MGEHSAKAFY0001a9c8
MGEHSAKAFY 0
root@arm:~# echo 'FUTV''BZGFPX'
FUTVBZGFPX
root@arm:~# MARKER='HEZA''ATEWEK' run 'i2cget -y -f 2 0x30 0x55'
HEZAATEWEK0x6c
HEZAATEWEK 0
root@arm:~# echo 'KSFK''NXJFAE'
KSFKNXJFAE
root@arm:~# MARKER='YLQN''HGGBNT' run 'grep -r -l rohm,bd9576 /proc/device-tree || sed '"'"'s![^/]*$!!'"'"''
YLQNHGGBNT/proc/device-tree/ocp/interconnect@48000000/segment@100000/target-module@9c000/i2c@0/pmic@30/
YLQNHGGBNT 0
root@arm:~# echo 'FXYO''VQCAMV'
FXYOVQCAMV
root@arm:~# MARKER='NOMN''CEFNKY' run 'xxd -p /proc/device-tree/ocp/interconnect\\@48000000/segment\@100000/target-module\@9c000/i2c\@0/pmic\@30/regulators/regulaator-vdddr/regulator-ov-warn-microvolt'
NOMNCEFNKY0001adb0
NOMNCEFNKY 0
root@arm:~# echo 'ZLTN''EJFZHL'
ZLTNEJFZHL
root@arm:~# MARKER='PQBB''PQHHPG' run 'i2cget -y -f 2 0x30 0x57'
PQBBPQHHPG0x6d
PQBBPQHHPG 0
root@arm:~# echo 'GSSQ''NVLTEA'
GSSQNVLTEA
root@arm:~# MARKER='BYCB''GBVSHT' run 'grep -r -l rohm,bd9576 /proc/device-tree || sed '"'"'s![^/]*$!!'"'"''
BYCBGBVSHT/proc/device-tree/ocp/interconnect@48000000/segment@100000/target-module@9c000/i2c@0/pmic@30/
BYCBGBVSHT 0
root@arm:~# echo 'NABL''UFCMHA'
NABLUFCMHA
root@arm:~# MARKER='TFBJ''COVNNM' run 'xxd -p /proc/device-tree/ocp/interconnect\\@48000000/segment\@100000/target-module\@9c000/i2c\@0/pmic\@30/regulators/regulaator-vdddr/regulator-uv-warn-microvolt'
TFBJCOVNNM0001adb0
TFBJCOVNNM 0
root@arm:~# echo 'HXEW''HBONYS'
HXEWHBONYS
root@arm:~# MARKER='XVFF''NZZEBZ' run 'i2cget -y -f 2 0x30 0x58'
XVFFNZZEBZ0x6d
XVFFNZZEBZ 0
root@arm:~# echo 'MUKL''QXXWLG'
MUKLQXXWLG
root@arm:~# MARKER='HCQL''UBEYCC' run 'grep -r -l rohm,bd9576 /proc/device-tree || sed '"'"'s![^/]*$!!'"'"''
HCQLUBEYCC/proc/device-tree/ocp/interconnect@48000000/segment@100000/target-module@9c000/i2c@0/pmic@30/
HCQLUBEYCC 0
root@arm:~# echo 'KYEN''GMEEWA'
KYENGMEEWA
root@arm:~# MARKER='CJOA''JXZMLS' run 'xxd -p /proc/device-tree/ocp/interconnect\\@48000000/segment\@100000/target-module\@9c000/i2c\@0/pmic\@30/regulators/regulaator-vd10/regulator-ov-error-microvolt'
CJOAJXZMLS00006590
CJOAJXZMLS 0
root@arm:~# echo 'JTYW''TTJYCP'
JTYWTTJYCP
root@arm:~# MARKER='UJLS''OOFYCZ' run 'i2cget -y -f 2 0x30 0x5a'
UJLSOOFYCZ0x19
UJLSOOFYCZ 0
root@arm:~# echo 'KYMB''TYEKHQ'
KYMBTYEKHQ
root@arm:~# MARKER='QLCP''ZZFGTB' run 'grep -r -l rohm,bd9576 /proc/device-tree || sed '"'"'s![^/]*$!!'"'"''
QLCPZZFGTB/proc/device-tree/ocp/interconnect@48000000/segment@100000/target-module@9c000/i2c@0/pmic@30/
QLCPZZFGTB 0
root@arm:~# echo 'MJCM''YKPEWT'
MJCMYKPEWT
root@arm:~# MARKER='GXAS''YKPKLX' run 'xxd -p /proc/device-tree/ocp/interconnect\\@48000000/segment\@100000/target-module\@9c000/i2c\@0/pmic\@30/regulators/regulaator-vd10/regulator-uv-error-microvolt'
GXASYKPKLX00006590
GXASYKPKLX 0
root@arm:~# echo 'EVYU''HZCLUE'
EVYUHZCLUE
root@arm:~# MARKER='BOVO''EBSENG' run 'i2cget -y -f 2 0x30 0x5b'
BOVOEBSENG0x19
BOVOEBSENG 0
root@arm:~# echo 'VFPU''VTMNPW'
VFPUVTMNPW
root@arm:~# MARKER='FVQK''HWUKZH' run 'grep -r -l rohm,bd9576 /proc/device-tree || sed '"'"'s![^/]*$!!'"'"''
FVQKHWUKZH/proc/device-tree/ocp/interconnect@48000000/segment@100000/target-module@9c000/i2c@0/pmic@30/
FVQKHWUKZH 0
root@arm:~# echo 'SKLS''KOOBNZ'
SKLSKOOBNZ
root@arm:~# MARKER='PVEQ''MKBVWX' run 'xxd -p /proc/device-tree/ocp/interconnect\\@48000000/segment\@100000/target-module\@9c000/i2c\@0/pmic\@30/regulators/regulaator-voutl1/regulator-ov-error-microvolt'
PVEQMKBVWX000084d0
PVEQMKBVWX 0
root@arm:~# echo 'PSUC''GVTOOO'
PSUCGVTOOO
root@arm:~# MARKER='EQHG''WYSTQY' run 'i2cget -y -f 2 0x30 0x5d'
EQHGWYSTQY0x01
EQHGWYSTQY 0
root@arm:~# echo 'KSWN''VOBYVT'
KSWNVOBYVT
root@arm:~# MARKER='ZPLP''PMSVGB' run 'grep -r -l rohm,bd9576 /proc/device-tree || sed '"'"'s![^/]*$!!'"'"''
ZPLPPMSVGB/proc/device-tree/ocp/interconnect@48000000/segment@100000/target-module@9c000/i2c@0/pmic@30/
ZPLPPMSVGB 0
root@arm:~# echo 'VNBB''KTZZQS'
VNBBKTZZQS
root@arm:~# MARKER='TFBX''KUZPBY' run 'xxd -p /proc/device-tree/ocp/interconnect\\@48000000/segment\@100000/target-module\@9c000/i2c\@0/pmic\@30/regulators/regulaator-voutl1/regulator-uv-error-microvolt'
TFBXKUZPBY000084d0
TFBXKUZPBY 0
root@arm:~# echo 'BBSN''WWQZKE'
BBSNWWQZKE
root@arm:~# MARKER='LGJH''KTNWHZ' run 'i2cget -y -f 2 0x30 0x5e'
LGJHKTNWHZ0x01
LGJHKTNWHZ 0
root@arm:~# echo 'HQCN''APLCKZ'
HQCNAPLCKZ
root@arm:~# MARKER='SGVT''FQPJNV' run 'grep -r -l rohm,bd9576 /proc/device-tree || sed '"'"'s![^/]*$!!'"'"''
SGVTFQPJNV/proc/device-tree/ocp/interconnect@48000000/segment@100000/target-module@9c000/i2c@0/pmic@30/
SGVTFQPJNV 0
root@arm:~# echo 'STSG''TFHSSX'
STSGTFHSSX
root@arm:~# MARKER='ZFXU''WVMJVU' run 'xxd -p /proc/device-tree/ocp/interconnect\\@48000000/segment\@100000/target-module\@9c000/i2c\@0/pmic\@30/regulators/regulaator-vouts1/regulator-oc-warn-microamp'
ZFXUWVMJVU00055730
ZFXUWVMJVU 0
root@arm:~# echo 'LXET''JGFAGP'
LXETJGFAGP
root@arm:~# MARKER='HVFF''XBJLGX' run 'i2cget -y -f 2 0x30 0x5f'
HVFFXBJLGX0x07
HVFFXBJLGX 0
root@arm:~# echo 'NBMN''KALHXL'
NBMNKALHXL
root@arm:~# MARKER='OQAB''XWKLNB' run 'grep -r -l rohm,bd9576 /proc/device-tree || sed '"'"'s![^/]*$!!'"'"''
OQABXWKLNB/proc/device-tree/ocp/interconnect@48000000/segment@100000/target-module@9c000/i2c@0/pmic@30/
OQABXWKLNB 0
root@arm:~# echo 'GTQQ''QSAKGC'
GTQQQSAKGC
root@arm:~# MARKER='MUZG''KVMEJX' run 'xxd -p /proc/device-tree/ocp/interconnect\\@48000000/segment\@100000/target-module\@9c000/i2c\@0/pmic\@30/regulators/regulaator-vouts1/regulator-oc-protection-microamp'
MUZGKVMEJX00149970
MUZGKVMEJX 0
root@arm:~# echo 'EELF''WHYOUC'
EELFWHYOUC
root@arm:~# MARKER='CUMV''GBEQWE' run 'i2cget -y -f 2 0x30 0x60'
CUMVGBEQWE0x1b
CUMVGBEQWE 0
root@arm:~# Labgrid Console Logfile for main
Logfile started at 2024-10-11 12:24:03.721914
=== Log starts here ===


U-Boot 2014.04-00014-g47880f5 (Apr 22 2014 - 13:23:54)

I2C:   ready
DRAM:  512 MiB
NAND:  0 MiB
MMC:   OMAP SD/MMC: 0, OMAP SD/MMC: 1
*** Warning - readenv() failed, using default environment

Net:   <ethaddr> not set. Validating first E-fuse MAC
cpsw, usb_ether
Hit any key to stop autoboot:  1  0 
gpio: pin 53 (gpio 53) value is 1
mmc0 is current device
gpio: pin 54 (gpio 54) value is 1
SD/MMC found on device 0
reading uEnv.txt
569 bytes read in 4 ms (138.7 KiB/s)
gpio: pin 55 (gpio 55) value is 1
Loaded environment from uEnv.txt
Importing environment from mmc ...
Checking if uenvcmd is set ...
gpio: pin 56 (gpio 56) value is 1
Running uenvcmd ...
cpsw Waiting for PHY auto negotiation to complete. done
link up on port 0, speed 100, full duplex
Using cpsw device
TFTP from server 192.168.255.126; our IP address is 192.168.255.1
Filename 'zImage'.
Load address: 0x81000000
Loading: *#################################################################
	 #################################################################
	 #################################################################
	 #################################################################
	 #################################################################
	 ###############################################
	 2.4 MiB/s
done
Bytes transferred = 5448552 (532368 hex)
link up on port 0, speed 100, full duplex
Using cpsw device
TFTP from server 192.168.255.126; our IP address is 192.168.255.1
Filename 'am335x-boneblack.dtb'.
Load address: 0x82000000
Loading: *#######
	 2.2 MiB/s
done
Bytes transferred = 97996 (17ecc hex)
Kernel image @ 0x81000000 [ 0x000000 - 0x532368 ]
## Flattened Device Tree blob at 82000000
   Booting using the fdt blob at 0x82000000
   Using Device Tree in place at 82000000, end 8201aecb

Starting kernel ...

[    0.000000] Booting Linux on physical CPU 0x0
[    0.000000] Linux version 6.11.3 (user01@drvtest01) (arm-linux-gnueabihf-gcc (Linaro GCC 6.4-2017.11) 6.4.1 20171012, GNU ld (Linaro_Binutils-2017.11) 2.27.0.20161229) #3 SMP Fri Oct 11 12:19:13 EEST 2024
[    0.000000] CPU: ARMv7 Processor [413fc082] revision 2 (ARMv7), cr=10c5387d
[    0.000000] CPU: PIPT / VIPT nonaliasing data cache, VIPT aliasing instruction cache
[    0.000000] OF: fdt: Machine model: TI AM335x BeagleBone Black
[    0.000000] Memory policy: Data cache writeback
[    0.000000] cma: Reserved 16 MiB at 0x9e800000 on node -1
[    0.000000] Zone ranges:
[    0.000000]   Normal   [mem 0x0000000080000000-0x000000009fdfffff]
[    0.000000]   HighMem  empty
[    0.000000] Movable zone start for each node
[    0.000000] Early memory node ranges
[    0.000000]   node   0: [mem 0x0000000080000000-0x000000009fdfffff]
[    0.000000] Initmem setup node 0 [mem 0x0000000080000000-0x000000009fdfffff]
[    0.000000] CPU: All CPU(s) started in SVC mode.
[    0.000000] AM335X ES2.1 (sgx neon)
[    0.000000] percpu: Embedded 17 pages/cpu s39628 r8192 d21812 u69632
[    0.000000] Kernel command line: console=ttyO0,115200n8 root=/dev/nfs rw nfsroot=192.168.255.126:/home/user01/nfs,nfsvers=3 ip=192.168.255.1:192.168.255.126::255.255.255.0:bbb1:eth0 nfsrootdebug
[    0.000000] Unknown kernel command line parameters "nfsrootdebug", will be passed to user space.
[    0.000000] Dentry cache hash table entries: 65536 (order: 6, 262144 bytes, linear)
[    0.000000] Inode-cache hash table entries: 32768 (order: 5, 131072 bytes, linear)
[    0.000000] Built 1 zonelists, mobility grouping on.  Total pages: 130560
[    0.000000] mem auto-init: stack:off, heap alloc:off, heap free:off
[    0.000000] SLUB: HWalign=64, Order=0-3, MinObjects=0, CPUs=1, Nodes=1
[    0.000000] trace event string verifier disabled
[    0.000000] rcu: Hierarchical RCU implementation.
[    0.000000] rcu: 	RCU event tracing is enabled.
[    0.000000] rcu: 	RCU restricting CPUs from NR_CPUS=2 to nr_cpu_ids=1.
[    0.000000] rcu: RCU calculated value of scheduler-enlistment delay is 10 jiffies.
[    0.000000] rcu: Adjusting geometry for rcu_fanout_leaf=16, nr_cpu_ids=1
[    0.000000] NR_IRQS: 16, nr_irqs: 16, preallocated irqs: 16
[    0.000000] IRQ: Found an INTC at 0x(ptrval) (revision 5.0) with 128 interrupts
[    0.000000] rcu: srcu_init: Setting srcu_struct sizes based on contention.
[    0.000000] TI gptimer clocksource: always-on /ocp/interconnect@44c00000/segment@200000/target-module@31000
[    0.000002] sched_clock: 32 bits at 24MHz, resolution 41ns, wraps every 89478484971ns
[    0.000027] clocksource: dmtimer: mask: 0xffffffff max_cycles: 0xffffffff, max_idle_ns: 79635851949 ns
[    0.000507] TI gptimer clockevent: 24000000 Hz at /ocp/interconnect@48000000/segment@0/target-module@40000
[    0.002143] Console: colour dummy device 80x30
[    0.002214] WARNING: Your 'console=ttyO0' has been replaced by 'ttyS0'
[    0.002224] This ensures that you still see kernel messages. Please
[    0.002231] update your kernel commandline.
[    0.002277] Calibrating delay loop... 996.14 BogoMIPS (lpj=4980736)
[    0.090565] CPU: Testing write buffer coherency: ok
[    0.090668] CPU0: Spectre v2: using BPIALL workaround
[    0.090682] pid_max: default: 32768 minimum: 301
[    0.090807] LSM: initializing lsm=capability
[    0.090974] Mount-cache hash table entries: 1024 (order: 0, 4096 bytes, linear)
[    0.090996] Mountpoint-cache hash table entries: 1024 (order: 0, 4096 bytes, linear)
[    0.092530] CPU0: thread -1, cpu 0, socket -1, mpidr 0
[    0.094243] Setting up static identity map for 0x80100000 - 0x80100078
[    0.094547] rcu: Hierarchical SRCU implementation.
[    0.094559] rcu: 	Max phase no-delay instances is 1000.
[    0.096221] smp: Bringing up secondary CPUs ...
[    0.096282] smp: Brought up 1 node, 1 CPU
[    0.096297] SMP: Total of 1 processors activated (996.14 BogoMIPS).
[    0.096310] CPU: All CPU(s) started in SVC mode.
[    0.096502] Memory: 480876K/522240K available (11264K kernel code, 1197K rwdata, 2856K rodata, 1024K init, 297K bss, 23344K reserved, 16384K cma-reserved, 0K highmem)
[    0.097303] devtmpfs: initialized
[    0.113719] VFP support v0.3: implementor 41 architecture 3 part 30 variant c rev 3
[    0.114077] clocksource: jiffies: mask: 0xffffffff max_cycles: 0xffffffff, max_idle_ns: 19112604462750000 ns
[    0.114119] futex hash table entries: 256 (order: 2, 16384 bytes, linear)
[    0.115420] pinctrl core: initialized pinctrl subsystem
[    0.118143] NET: Registered PF_NETLINK/PF_ROUTE protocol family
[    0.121139] DMA: preallocated 256 KiB pool for atomic coherent allocations
[    0.122111] audit: initializing netlink subsys (disabled)
[    0.123483] thermal_sys: Registered thermal governor 'fair_share'
[    0.123504] thermal_sys: Registered thermal governor 'step_wise'
[    0.123517] thermal_sys: Registered thermal governor 'user_space'
[    0.123632] audit: type=2000 audit(0.120:1): state=initialized audit_enabled=0 res=1
[    0.123706] cpuidle: using governor menu
[    0.142791] No ATAGs?
[    0.142826] hw-breakpoint: debug architecture 0x4 unsupported.
[    0.145719] kprobes: kprobe jump-optimization is enabled. All kprobes are optimized if possible.
[    0.163987] iommu: Default domain type: Translated
[    0.164016] iommu: DMA domain TLB invalidation policy: strict mode
[    0.171347] SCSI subsystem initialized
[    0.181334] pps_core: LinuxPPS API ver. 1 registered
[    0.181348] pps_core: Software ver. 5.3.6 - Copyright 2005-2007 Rodolfo Giometti <giometti@linux.it>
[    0.181374] PTP clock support registered
[    0.183300] vgaarb: loaded
[    0.183702] clocksource: Switched to clocksource dmtimer
[    0.184301] VFS: Disk quotas dquot_6.6.0
[    0.184350] VFS: Dquot-cache hash table entries: 1024 (order 0, 4096 bytes)
[    0.209056] NET: Registered PF_INET protocol family
[    0.209408] IP idents hash table entries: 8192 (order: 4, 65536 bytes, linear)
[    0.210795] tcp_listen_portaddr_hash hash table entries: 512 (order: 0, 4096 bytes, linear)
[    0.210837] Table-perturb hash table entries: 65536 (order: 6, 262144 bytes, linear)
[    0.210856] TCP established hash table entries: 4096 (order: 2, 16384 bytes, linear)
[    0.210902] TCP bind hash table entries: 4096 (order: 4, 65536 bytes, linear)
[    0.211003] TCP: Hash tables configured (established 4096 bind 4096)
[    0.211126] UDP hash table entries: 256 (order: 1, 8192 bytes, linear)
[    0.211157] UDP-Lite hash table entries: 256 (order: 1, 8192 bytes, linear)
[    0.211332] NET: Registered PF_UNIX/PF_LOCAL protocol family
[    0.224670] RPC: Registered named UNIX socket transport module.
[    0.224698] RPC: Registered udp transport module.
[    0.224705] RPC: Registered tcp transport module.
[    0.224712] RPC: Registered tcp-with-tls transport module.
[    0.224719] RPC: Registered tcp NFSv4.1 backchannel transport module.
[    0.224745] PCI: CLS 0 bytes, default 64
[    0.226200] Initialise system trusted keyrings
[    0.227261] workingset: timestamp_bits=14 max_order=17 bucket_order=3
[    0.228514] NFS: Registering the id_resolver key type
[    0.228602] Key type id_resolver registered
[    0.228613] Key type id_legacy registered
[    0.228662] jffs2: version 2.2. (NAND) (SUMMARY)  Â© 2001-2006 Red Hat, Inc.
[    0.229126] Key type asymmetric registered
[    0.229146] Asymmetric key parser 'x509' registered
[    0.229212] io scheduler mq-deadline registered
[    0.229225] io scheduler kyber registered
[    0.229296] io scheduler bfq registered
[    0.244121] Serial: 8250/16550 driver, 6 ports, IRQ sharing enabled
[    0.307034] brd: module loaded
[    0.318235] loop: module loaded
[    0.319162] mtdoops: mtd device (mtddev=name/number) must be supplied
[    0.336505] i2c_dev: i2c /dev entries driver
[    0.337468] cpuidle: enable-method property 'ti,am3352' found operations
[    0.337912] sdhci: Secure Digital Host Controller Interface driver
[    0.337925] sdhci: Copyright(c) Pierre Ossman
[    0.338099] sdhci-pltfm: SDHCI platform and OF driver helper
[    0.338407] ledtrig-cpu: registered to indicate activity on CPUs
[    0.339352] Initializing XFRM netlink socket
[    0.339482] NET: Registered PF_INET6 protocol family
[    0.341335] Segment Routing with IPv6
[    0.341429] In-situ OAM (IOAM) with IPv6
[    0.341530] sit: IPv6, IPv4 and MPLS over IPv4 tunneling driver
[    0.342473] NET: Registered PF_PACKET protocol family
[    0.342516] NET: Registered PF_KEY protocol family
[    0.342637] Key type dns_resolver registered
[    0.342910] ThumbEE CPU extension supported.
[    0.342933] Registering SWP/SWPB emulation handler
[    0.343456] omap_voltage_late_init: Voltage driver support not added
[    0.343997] SmartReflex Class3 initialized
[    0.364592] Loading compiled-in X.509 certificates
[    0.431900] platform 44e10800.pinmux: Fixed dependency cycle(s) with /ocp/interconnect@44c00000/segment@200000/target-module@10000/scm@0/pinmux@800/clkout2-pins
[    0.432460] pinctrl-single 44e10800.pinmux: 142 pins, size 568
[    0.437840] ti-sysc 44e31000.target-module: probe with driver ti-sysc failed with error -16
[    0.487751] ti-sysc 48040000.target-module: probe with driver ti-sysc failed with error -16
[    0.514488] OMAP GPIO hardware version 0.1
[    0.552301] omap_i2c 4819c000.i2c: bus 2 rev0.11 at 100 kHz
[    0.567579] 48000000.interconnect:segment@200000:target-module@0:mpu@0:fck: device ID is greater than 24
[    0.571716] platform 4830e000.lcdc: Fixed dependency cycle(s) with /ocp/interconnect@44c00000/segment@200000/target-module@b000/i2c@0/tda19988@70
[    0.582559] sdhci-omap 481d8000.mmc: supply pbias not found, using dummy regulator
[    0.583032] sdhci-omap 481d8000.mmc: supply vqmmc not found, using dummy regulator
[    0.655497] davinci_mdio 4a101000.mdio: davinci mdio revision 1.6, bus freq 1000000
[    0.771241] davinci_mdio 4a101000.mdio: phy[0]: device 4a101000.mdio:00, driver SMSC LAN8710/LAN8720
[    0.771885] cpsw-switch 4a100000.switch: initialized cpsw ale version 1.4
[    0.771910] cpsw-switch 4a100000.switch: ALE Table size 1024
[    0.772217] cpsw-switch 4a100000.switch: cpts: overflow check period 500 (jiffies)
[    0.772243] cpsw-switch 4a100000.switch: CPTS: ref_clk_freq:250000000 calc_mult:2147483648 calc_shift:29 error:0 nsec/sec
[    0.772360] cpsw-switch 4a100000.switch: Detected MACID = 6c:ec:eb:68:de:78
[    0.774390] cpsw-switch 4a100000.switch: initialized (regs 0x4a100000, pool size 256) hw_ver:0019010C 1.12 (0)
[    0.785319] debugfs: Directory '49000000.dma' with parent 'dmaengine' already present!
[    0.785368] edma 49000000.dma: TI EDMA DMA engine driver
[    0.825377] target-module@4b000000:target-module@140000:pmu@0:fck: device ID is greater than 24
[    0.847781] hw perfevents: enabled with armv7_cortex_a8 PMU driver, 5 counters available
[    0.858355] l3-aon-clkctrl:0000:0: failed to disable
[    0.859656] 44e09000.serial: ttyS0 at MMIO 0x44e09000 (irq = 34, base_baud = 3000000) is a 8250
[    0.859742] printk: legacy console [ttyS0] enabled
[    2.125550] tps65217-pmic: Failed to locate of_node [id: -1]
[    2.131621] tps65217-bl: Failed to locate of_node [id: -1]
[    2.160994] tps65217 0-0024: TPS65217 ID 0xe version 1.2
[    2.167185] platform 4830e000.lcdc: Fixed dependency cycle(s) with /ocp/interconnect@44c00000/segment@200000/target-module@b000/i2c@0/tda19988@70
[    2.180615] i2c 0-0070: Fixed dependency cycle(s) with /ocp/interconnect@48000000/segment@300000/target-module@e000/lcdc@0
[    2.192030] omap_i2c 44e0b000.i2c: bus 0 rev0.11 at 400 kHz
[    2.200278] omap_gpio 44e07000.gpio: Could not set line 6 debounce to 200000 microseconds (-22)
[    2.209196] sdhci-omap 48060000.mmc: Got CD GPIO
[    2.214251] sdhci-omap 48060000.mmc: supply pbias not found, using dummy regulator
[    2.225204] sdhci-omap 48060000.mmc: supply vqmmc not found, using dummy regulator
[    2.233860] sdhci-omap 481d8000.mmc: supply pbias not found, using dummy regulator
[    2.241899] sdhci-omap 481d8000.mmc: supply vqmmc not found, using dummy regulator
[    2.280467] mmc1: SDHCI controller on 481d8000.mmc [481d8000.mmc] using External DMA
[    2.288930] mmc0: SDHCI controller on 48060000.mmc [48060000.mmc] using External DMA
[    2.297780] cpsw-switch 4a100000.switch: starting ndev. mode: dual_mac
[    2.342769] mmc0: new high speed SDHC card at address 5048
[    2.349914] mmcblk0: mmc0:5048 SD16G 14.4 GiB
[    2.357884]  mmcblk0: p1 p2
[    2.361236] mmcblk0: p2 size 31221760 extends beyond EOD, truncated
[    2.375696] mmc1: new high speed MMC card at address 0001
[    2.382437] mmcblk1: mmc1:0001 MMC04G 3.60 GiB
[    2.390049]  mmcblk1: p1 p2
[    2.393795] SMSC LAN8710/LAN8720 4a101000.mdio:00: attached PHY driver (mii_bus:phy_addr=4a101000.mdio:00, irq=POLL)
[    2.410187] mmcblk1boot0: mmc1:0001 MMC04G 2.00 MiB
[    2.418001] mmcblk1boot1: mmc1:0001 MMC04G 2.00 MiB
[    2.425491] mmcblk1rpmb: mmc1:0001 MMC04G 128 KiB, chardev (250:0)
[    5.524468] cpsw-switch 4a100000.switch eth0: Link is Up - 100Mbps/Full - flow control off
[    5.583717] IP-Config: Complete:
[    5.586996]      device=eth0, hwaddr=6c:ec:eb:68:de:78, ipaddr=192.168.255.1, mask=255.255.255.0, gw=255.255.255.255
[    5.597629]      host=bbb1, domain=, nis-domain=(none)
[    5.602799]      bootserver=192.168.255.126, rootserver=192.168.255.126, rootpath=
[    5.603231] clk: Disabling unused clocks
[    5.615063] PM: genpd: Disabling unused power domains
[    5.620180] KTAP version 1
[    5.622902] 1..0
[    5.647402] VFS: Mounted root (nfs filesystem) on device 0:17.
[    5.654291] devtmpfs: mounted
[    5.658936] Freeing unused kernel image (initmem) memory: 1024K
[    5.665690] Run /sbin/init as init process
[    6.353314] systemd[1]: System time before build time, advancing clock.
[    7.833731] random: crng init done
[    7.904653] systemd[1]: systemd 232 running in system mode. (+PAM +AUDIT +SELINUX +IMA +APPARMOR +SMACK +SYSVINIT +UTMP +LIBCRYPTSETUP +GCRYPT +GNUTLS +ACL +XZ +LZ4 +SECCOMP +BLKID +ELFUTILS +KMOD +IDN)
[    7.923623] systemd[1]: Detected architecture arm.

Welcome to [1mDebian GNU/Linux 9 (stretch)[0m!

[    7.966804] systemd[1]: Set hostname to <arm>.
[    9.072765] systemd[1]: Listening on /dev/initctl Compatibility Named Pipe.
[[0;32m  OK  [0m] Listening on /dev/initctl Compatibility Named Pipe.
[    9.114551] systemd[1]: Listening on udev Kernel Socket.
[[0;32m  OK  [0m] Listening on udev Kernel Socket.
[    9.155349] systemd[1]: Set up automount Arbitrary Executable File Formats File System Automount Point.
[[0;32m  OK  [0m] Set up automount Arbitrary Executabâ€¦rmats File System Automount Point.
[    9.194796] systemd[1]: Listening on Journal Audit Socket.
[[0;32m  OK  [0m] Listening on Journal Audit Socket.
[    9.234069] systemd[1]: Reached target Remote File Systems.
[[0;32m  OK  [0m] Reached target Remote File Systems.
[    9.275833] systemd[1]: Listening on Journal Socket.
[[0;32m  OK  [0m] Listening on Journal Socket.
[    9.315331] systemd[1]: Created slice User and Session Slice.
[[0;32m  OK  [0m] Created slice User and Session Slice.
[[0;32m  OK  [0m] Started Dispatch Password Requests to Console Directory Watch.
[[0;32m  OK  [0m] Listening on Syslog Socket.
[[0;32m  OK  [0m] Created slice System Slice.
[[0;32m  OK  [0m] Created slice system-serial\x2dgetty.slice.
         Starting Load Kernel Modules...
         Starting Remount Root and Kernel File Systems...
         Starting Create list of required stâ€¦ce nodes for the current kernel...
         Mounting POSIX Message Queue File System...
[[0;32m  OK  [0m] Reached target Slices.
         Mounting Debug File System...
[[0;32m  OK  [0m] Created slice system-getty.slice.
[[0;32m  OK  [0m] Reached target Swap.
[[0;32m  OK  [0m] Listening on Journal Socket (/dev/log).
         Starting Journal Service...
[[0;32m  OK  [0m] Listening on udev Control Socket.
[[0;32m  OK  [0m] Started Forward Password Requests to Wall Directory Watch.
[[0;32m  OK  [0m] Reached target Paths.
[[0;32m  OK  [0m] Reached target Encrypted Volumes.
[[0;32m  OK  [0m] Mounted POSIX Message Queue File System.
[[0;32m  OK  [0m] Mounted Debug File System.
[[0;32m  OK  [0m] Started Load Kernel Modules.
[[0;32m  OK  [0m] Started Remount Root and Kernel File Systems.
[[0;32m  OK  [0m] Started Create list of required staâ€¦vice nodes for the current kernel.
         Starting Create Static Device Nodes in /dev...
         Starting udev Coldplug all Devices...
         Starting Load/Save Random Seed...
         Starting Apply Kernel Variables...
         Mounting Configuration File System...
[[0;32m  OK  [0m] Mounted Configuration File System.
[[0;32m  OK  [0m] Started Load/Save Random Seed.
[[0;32m  OK  [0m] Started Apply Kernel Variables.
[[0;32m  OK  [0m] Started Create Static Device Nodes in /dev.
[[0;32m  OK  [0m] Reached target Local File Systems (Pre).
[[0;32m  OK  [0m] Reached target Local File Systems.
         Starting Raise network interfaces...
         Starting udev Kernel Device Manager...
[[0;32m  OK  [0m] Started Journal Service.
         Starting Flush Journal to Persistent Storage...
[   11.600569] systemd-journald[89]: Received request to flush runtime journal from PID 1
[[0;32m  OK  [0m] Started Flush Journal to Persistent Storage.
         Starting Create Volatile Files and Directories...
[[0;32m  OK  [0m] Started udev Kernel Device Manager.
[[0;32m  OK  [0m] Started Create Volatile Files and Directories.
         Starting Network Time Synchronization...
         Starting Update UTMP about System Boot/Shutdown...
[[0;32m  OK  [0m] Started Update UTMP about System Boot/Shutdown.
[[0;32m  OK  [0m] Started udev Coldplug all Devices.
[   14.651800] remoteproc remoteproc0: wkup_m3 is available
[   14.935308] omap_rtc 44e3e000.rtc: registered as rtc0
[   14.940488] omap_rtc 44e3e000.rtc: setting system clock to 2000-01-01T00:00:00 UTC (946684800)
[   15.026001] omap_wdt: OMAP Watchdog Timer Rev 0x01: initial timeout 60 sec
[[0;32m  OK  [0m] Started Network Time Synchronization.
[   15.122490] am335x-phy-driver 47401300.usb-phy: dummy supplies not allowed for exclusive requests (id=vbus)
[   15.195951] at24 2-0054: supply vcc not found, using dummy regulator
[   15.335727] am335x-phy-driver 47401b00.usb-phy: dummy supplies not allowed for exclusive requests (id=vbus)
[   15.378973] at24 2-0055: supply vcc not found, using dummy regulator
[   15.541882] at24 2-0056: supply vcc not found, using dummy regulator
[   15.639642] at24 2-0057: supply vcc not found, using dummy regulator
[   15.711620] at24 0-0050: 32768 byte 24c256 EEPROM, writable, 1 bytes/write
[[0;32m  OK  [0m] Found device /dev/ttyS0.
[   15.828513] tps6521x_pwrbutton tps65217-pwrbutton: DMA mask not set
[   15.888552] wkup_m3_ipc 44e11324.wkup_m3_ipc: IPC Request for A8->M3 Channel failed! -517
[   15.941099] input: tps65217_pwrbutton as /devices/platform/ocp/44c00000.interconnect/44c00000.interconnect:segment@200000/44e0b000.target-module/44e0b000.i2c/i2c-0/0-0024/tps65217-pwrbutton/input/input0
[   15.960626] wkup_m3_ipc 44e11324.wkup_m3_ipc: IPC Request for A8->M3 Channel failed! -517
[[0;32m  OK  [0m] Reached target System Initialization.
[[0;32m  OK  [0m] Listening on Avahi mDNS/DNS-SD Stack Activation Socket.
[[0;32m  OK  [0m] Listening on D-Bus System Message Bus Socket.
[[0;32m  OK  [0m] Reached target Sockets.
[[0;32m  OK  [0m] Started Daily Cleanup of Temporary Directories.
[[0;32m  OK  [0m] Reached target Basic System.
[   16.381088] usbcore: registered new interface driver usbfs
[   16.386974] usbcore: registered new interface driver hub
[   16.392435] usbcore: registered new device driver usb
         Starting LSB: Load kernel modules needed to enable cpufreq scaling...
[[0;32m  OK  [0m] Started Regular background program processing daemon.
         Starting LSB: Start busybox udhcpd at boot time...
         Starting System Logging Service...[   17.019871] tda998x 0-0070: found TDA19988

         Starting DUN service...
[   17.153114] wkup_m3_ipc 44e11324.wkup_m3_ipc: IPC Request for A8->M3 Channel failed! -517
[[0;32m  OK  [0m] Started D-Bus System Message Bus.
[   17.268581] omap-mailbox 480c8000.mailbox: omap mailbox rev 0x400
[   17.306703] musb-hdrc musb-hdrc.1: MUSB HDRC host driver
[   17.312121] musb-hdrc musb-hdrc.1: new USB bus registered, assigned bus number 1
[   17.426543] remoteproc remoteproc0: powering up wkup_m3
[   17.524564] usb usb1: New USB device found, idVendor=1d6b, idProduct=0002, bcdDevice= 6.11
[   17.533121] usb usb1: New USB device strings: Mfr=3, Product=2, SerialNumber=1
[   17.540541] usb usb1: Product: MUSB HDRC host driver
[   17.545593] usb usb1: Manufacturer: Linux 6.11.3 musb-hcd
[   17.551024] usb usb1: SerialNumber: musb-hdrc.1
[   17.675165] remoteproc remoteproc0: Direct firmware load for am335x-pm-firmware.elf failed with error -2
[   17.686070] remoteproc remoteproc0: request_firmware failed: -2
[   17.692048] wkup_m3_ipc 44e11324.wkup_m3_ipc: rproc_boot failed
[   17.760695] hub 1-0:1.0: USB hub found
[   17.859945] hub 1-0:1.0: 1 port detected
[   19.487433] tilcdc 4830e000.lcdc: bound 0-0070 (ops tda998x_driver_exit [tda998x])
[   19.581751] omap_rng 48310000.rng: Random Number Generator ver. 20
[   19.642437] [drm] Initialized tilcdc 1.0.0 for 4830e000.lcdc on minor 0
