Labgrid Console Logfile for main
Logfile started at 2025-08-20 08:48:54.184835
=== Log starts here ===
reading args
spl_load_image_fat_os: error reading image args, err - -1
reading u-boot.img
reading u-boot.img


U-Boot 2014.04-00014-g47880f5 (Apr 22 2014 - 13:23:54)

I2C:   ready
DRAM:  512 MiB
NAND:  0 MiB
MMC:   OMAP SD/MMC: 0, OMAP SD/MMC: 1
*** Warning - readenv() failed, using default environment

Net:   <ethaddr> not set. Validating first E-fuse MAC
cpsw, usb_ether
Hit any key to stop autoboot:  1  0 
gpio: pin 53 (gpio 53) value is 1
mmc0 is current device
gpio: pin 54 (gpio 54) value is 1
SD/MMC found on device 0
reading uEnv.txt
569 bytes read in 4 ms (138.7 KiB/s)
gpio: pin 55 (gpio 55) value is 1
Loaded environment from uEnv.txt
Importing environment from mmc ...
Checking if uenvcmd is set ...
gpio: pin 56 (gpio 56) value is 1
Running uenvcmd ...
cpsw Waiting for PHY auto negotiation to complete. done
link up on port 0, speed 100, full duplex
Using cpsw device
TFTP from server 192.168.255.126; our IP address is 192.168.255.1
Filename 'zImage'.
Load address: 0x81000000
Loading: *#################################################################
	 #################################################################
	 #################################################################
	 #################################################################
	 #################################################################
	 ############################################################
	 2.4 MiB/s
done
Bytes transferred = 5648896 (563200 hex)
link up on port 0, speed 100, full duplex
Using cpsw device
TFTP from server 192.168.255.126; our IP address is 192.168.255.1
Filename 'am335x-boneblack.dtb'.
Load address: 0x82000000
Loading: *#######
	 2.3 MiB/s
done
Bytes transferred = 98244 (17fc4 hex)
Kernel image @ 0x81000000 [ 0x000000 - 0x563200 ]
## Flattened Device Tree blob at 82000000
   Booting using the fdt blob at 0x82000000
   Using Device Tree in place at 82000000, end 8201afc3

Starting kernel ...

[    0.000000] Booting Linux on physical CPU 0x0
[    0.000000] Linux version 6.17.0-rc2-next-20250820 (user01@drvtest01) (arm-none-eabi-gcc (Arm GNU Toolchain 14.2.Rel1 (Build arm-14.52)) 14.2.1 20241119, GNU ld (Arm GNU Toolchain 14.2.Rel1 (Build arm-14.52)) 2.43.1.20241119) #1 SMP Wed Aug 20 08:39:19 EEST 2025
[    0.000000] CPU: ARMv7 Processor [413fc082] revision 2 (ARMv7), cr=10c5387d
[    0.000000] CPU: PIPT / VIPT nonaliasing data cache, VIPT aliasing instruction cache
[    0.000000] OF: fdt: Machine model: TI AM335x BeagleBone Black
[    0.000000] Memory policy: Data cache writeback
[    0.000000] cma: Reserved 16 MiB at 0x9e800000
[    0.000000] Zone ranges:
[    0.000000]   Normal   [mem 0x0000000080000000-0x000000009fdfffff]
[    0.000000]   HighMem  empty
[    0.000000] Movable zone start for each node
[    0.000000] Early memory node ranges
[    0.000000]   node   0: [mem 0x0000000080000000-0x000000009fdfffff]
[    0.000000] Initmem setup node 0 [mem 0x0000000080000000-0x000000009fdfffff]
[    0.000000] On node 0, zone Normal: 512 pages in unavailable ranges
[    0.000000] OF: reserved mem: Reserved memory: No reserved-memory node in the DT
[    0.000000] CPU: All CPU(s) started in SVC mode.
[    0.000000] AM335X ES2.1 (sgx neon)
[    0.000000] percpu: Embedded 17 pages/cpu s39820 r8192 d21620 u69632
[    0.000000] Kernel command line: console=ttyO0,115200n8 root=/dev/nfs rw nfsroot=192.168.255.126:/home/user01/nfs,nfsvers=3 ip=192.168.255.1:192.168.255.126::255.255.255.0:bbb1:eth0 nfsrootdebug
[    0.000000] Unknown kernel command line parameters "nfsrootdebug", will be passed to user space.
[    0.000000] printk: log buffer data + meta data: 65536 + 204800 = 270336 bytes
[    0.000000] Dentry cache hash table entries: 65536 (order: 6, 262144 bytes, linear)
[    0.000000] Inode-cache hash table entries: 32768 (order: 5, 131072 bytes, linear)
[    0.000000] Built 1 zonelists, mobility grouping on.  Total pages: 130560
[    0.000000] mem auto-init: stack:off, heap alloc:off, heap free:off
[    0.000000] SLUB: HWalign=16, Order=0-3, MinObjects=0, CPUs=1, Nodes=1
[    0.000000] rcu: Hierarchical RCU implementation.
[    0.000000] rcu: 	RCU event tracing is enabled.
[    0.000000] rcu: 	RCU restricting CPUs from NR_CPUS=2 to nr_cpu_ids=1.
[    0.000000] 	Tracing variant of Tasks RCU enabled.
[    0.000000] rcu: RCU calculated value of scheduler-enlistment delay is 10 jiffies.
[    0.000000] rcu: Adjusting geometry for rcu_fanout_leaf=16, nr_cpu_ids=1
[    0.000000] RCU Tasks Trace: Setting shift to 0 and lim to 1 rcu_task_cb_adjust=1 rcu_task_cpu_ids=1.
[    0.000000] NR_IRQS: 16, nr_irqs: 16, preallocated irqs: 16
[    0.000000] IRQ: Found an INTC at 0x(ptrval) (revision 5.0) with 128 interrupts
[    0.000000] rcu: srcu_init: Setting srcu_struct sizes based on contention.
[    0.000000] TI gptimer clocksource: always-on /ocp/interconnect@44c00000/segment@200000/target-module@31000
[    0.000002] sched_clock: 32 bits at 24MHz, resolution 41ns, wraps every 89478484971ns
[    0.000025] clocksource: dmtimer: mask: 0xffffffff max_cycles: 0xffffffff, max_idle_ns: 79635851949 ns
[    0.000509] TI gptimer clockevent: 24000000 Hz at /ocp/interconnect@48000000/segment@0/target-module@40000
[    0.002077] Console: colour dummy device 80x30
[    0.002142] WARNING: Your 'console=ttyO0' has been replaced by 'ttyS0'
[    0.002150] This ensures that you still see kernel messages. Please
[    0.002154] update your kernel commandline.
[    0.002197] Calibrating delay loop... 996.14 BogoMIPS (lpj=4980736)
[    0.090559] CPU: Testing write buffer coherency: ok
[    0.090672] CPU0: Spectre v2: using BPIALL workaround
[    0.090682] pid_max: default: 32768 minimum: 301
[    0.090840] LSM: initializing lsm=capability
[    0.091005] Mount-cache hash table entries: 1024 (order: 0, 4096 bytes, linear)
[    0.091021] Mountpoint-cache hash table entries: 1024 (order: 0, 4096 bytes, linear)
[    0.092593] CPU0: thread -1, cpu 0, socket -1, mpidr 0
[    0.092649] cacheinfo: Unable to detect cache hierarchy for CPU 0
[    0.094623] Setting up static identity map for 0x80100000 - 0x80100078
[    0.094961] rcu: Hierarchical SRCU implementation.
[    0.094971] rcu: 	Max phase no-delay instances is 1000.
[    0.096685] smp: Bringing up secondary CPUs ...
[    0.096742] smp: Brought up 1 node, 1 CPU
[    0.096753] SMP: Total of 1 processors activated (996.14 BogoMIPS).
[    0.096763] CPU: All CPU(s) started in SVC mode.
[    0.096964] Memory: 480856K/522240K available (11264K kernel code, 1219K rwdata, 2936K rodata, 1024K init, 253K bss, 23352K reserved, 16384K cma-reserved, 0K highmem)
[    0.097783] devtmpfs: initialized
[    0.115081] VFP support v0.3: implementor 41 architecture 3 part 30 variant c rev 3
[    0.115714] clocksource: jiffies: mask: 0xffffffff max_cycles: 0xffffffff, max_idle_ns: 19112604462750000 ns
[    0.115771] posixtimers hash table entries: 512 (order: 0, 4096 bytes, linear)
[    0.115797] futex hash table entries: 256 (16384 bytes on 1 NUMA nodes, total 16 KiB, linear).
[    0.116916] pinctrl core: initialized pinctrl subsystem
[    0.119064] NET: Registered PF_NETLINK/PF_ROUTE protocol family
[    0.122193] DMA: preallocated 256 KiB pool for atomic coherent allocations
[    0.122804] audit: initializing netlink subsys (disabled)
[    0.124124] thermal_sys: Registered thermal governor 'fair_share'
[    0.124139] thermal_sys: Registered thermal governor 'step_wise'
[    0.124149] thermal_sys: Registered thermal governor 'user_space'
[    0.124260] audit: type=2000 audit(0.120:1): state=initialized audit_enabled=0 res=1
[    0.124332] cpuidle: using governor menu
[    0.142726] /ocp/interconnect@44c00000/segment@200000/target-module@b000/i2c@0/tda19988@70: Fixed dependency cycle(s) with /ocp/interconnect@48000000/segment@300000/target-module@e000/lcdc@0
[    0.143831] /ocp/interconnect@48000000/segment@300000/target-module@e000/lcdc@0: Fixed dependency cycle(s) with /ocp/interconnect@44c00000/segment@200000/target-module@b000/i2c@0/tda19988@70
[    0.146070] No ATAGs?
[    0.146112] hw-breakpoint: debug architecture 0x4 unsupported.
[    0.149224] kprobes: kprobe jump-optimization is enabled. All kprobes are optimized if possible.
[    0.163905] iommu: Default domain type: Translated
[    0.163927] iommu: DMA domain TLB invalidation policy: strict mode
[    0.171798] SCSI subsystem initialized
[    0.172654] pps_core: LinuxPPS API ver. 1 registered
[    0.172664] pps_core: Software ver. 5.3.6 - Copyright 2005-2007 Rodolfo Giometti <giometti@linux.it>
[    0.172690] PTP clock support registered
[    0.174663] vgaarb: loaded
[    0.180987] clocksource: Switched to clocksource dmtimer
[    0.181693] VFS: Disk quotas dquot_6.6.0
[    0.181752] VFS: Dquot-cache hash table entries: 1024 (order 0, 4096 bytes)
[    0.208276] NET: Registered PF_INET protocol family
[    0.208616] IP idents hash table entries: 8192 (order: 4, 65536 bytes, linear)
[    0.210030] tcp_listen_portaddr_hash hash table entries: 512 (order: 0, 4096 bytes, linear)
[    0.210066] Table-perturb hash table entries: 65536 (order: 6, 262144 bytes, linear)
[    0.210083] TCP established hash table entries: 4096 (order: 2, 16384 bytes, linear)
[    0.210129] TCP bind hash table entries: 4096 (order: 4, 65536 bytes, linear)
[    0.210228] TCP: Hash tables configured (established 4096 bind 4096)
[    0.210347] UDP hash table entries: 256 (order: 1, 14336 bytes, linear)
[    0.210381] UDP-Lite hash table entries: 256 (order: 1, 14336 bytes, linear)
[    0.210573] NET: Registered PF_UNIX/PF_LOCAL protocol family
[    0.215785] RPC: Registered named UNIX socket transport module.
[    0.215806] RPC: Registered udp transport module.
[    0.215811] RPC: Registered tcp transport module.
[    0.215816] RPC: Registered tcp-with-tls transport module.
[    0.215821] RPC: Registered tcp NFSv4.1 backchannel transport module.
[    0.215844] PCI: CLS 0 bytes, default 64
[    0.217248] Initialise system trusted keyrings
[    0.218400] workingset: timestamp_bits=14 max_order=17 bucket_order=3
[    0.219805] NFS: Registering the id_resolver key type
[    0.219900] Key type id_resolver registered
[    0.219907] Key type id_legacy registered
[    0.220012] jffs2: version 2.2. (NAND) (SUMMARY)  Â© 2001-2006 Red Hat, Inc.
[    0.220534] Key type asymmetric registered
[    0.220550] Asymmetric key parser 'x509' registered
[    0.220622] io scheduler mq-deadline registered
[    0.220631] io scheduler kyber registered
[    0.220709] io scheduler bfq registered
[    0.226928] target-module@4b000000:target-module@140000:pmu@0:fck: device ID is greater than 24
[    0.233124] l3-aon-clkctrl:0000:0: failed to disable
[    0.233184] ledtrig-cpu: registered to indicate activity on CPUs
[    0.245286] Serial: 8250/16550 driver, 6 ports, IRQ sharing enabled
[    0.287707] brd: module loaded
[    0.310502] loop: module loaded
[    0.311432] mtdoops: mtd device (mtddev=name/number) must be supplied
[    0.314409] i2c_dev: i2c /dev entries driver
[    0.315611] cpuidle: enable-method property 'ti,am3352' found operations
[    0.3160 70] sdhci: Secure Digital Host Controller Interface driver
[    0.316079] sdhci: Copyright(c) Pierre Ossman
[    0.316264] sdhci-pltfm: SDHCI platform and OF driver helper
[    0.317808] hw perfevents: enabled with armv7_cortex_a8 PMU driver, 5 (8000000f) counters available
[    0.318329] Initializing XFRM netlink socket
[    0.318499] NET: Registered PF_INET6 protocol family
[    0.324214] l3-aon-clkctrl:0000:0: failed to disable
[    0.339251] Segment Routing with IPv6
[    0.339337] In-situ OAM  (IOAM) with IPv6
[    0.339430] sit: IPv6, IPv4 and MPLS over IPv4 tunneling driver
[    0.340387] NET: Registered PF_PACKET protocol family
[    0.340412] NET: Registered PF_KEY protocol family
[    0.340533] Key type dns_resolver registered
[    0.340764] ThumbEE CPU extension supported.
[    0.340783] Registering SWP/SWPB emulation handler
[    0.341327] omap_voltage_late_init: Voltage driver support not added
[    0.342004] SmartReflex Class3 initialized
[    0.374719] Loading compiled-in X.509 certificates
[    0.414397] /ocp/interconnect@44c00000/segment@200000/target-module@b000/i2c@0/tda19988@70: Fixed dependency cycle(s) with /ocp/interconnect@48000000/segment@300000/target-module@e000/lcdc@0
[    0.420943] /ocp/interconnect@44c00000/segment@200000/target-module@b000/i2c@0/tda19988@70: Fixed dependency cycle(s) with /ocp/interconnect@48000000/segment@300000/target-module@e000/lcdc@0
[    0.451168] /ocp/interconnect@44c00000/segment@200000/target-module@b000/i2c@0/tda19988@70: Fixed dependency cycle(s) with /ocp/interconnect@48000000/segment@300000/target-module@e000/lcdc@0
[    0.452053] /ocp/interconnect@44c00000/segment@200000/target-module@b000/i2c@0/tda19988@70: Fixed dependency cycle(s) with /ocp/interconnect@48000000/segment@300000/target-module@e000/lcdc@0
[    0.455826] /ocp/interconnect@44c00000/segment@200000/target-module@10000/scm@0/pinmux@800: Fixed dependency cycle(s) with /ocp/interconnect@44c00000/segment@200000/target-module@10000/scm@0/pinmux@800/clkout2-pins
[    0.4564[    0.604567] 48000000.interconnect:segment@200000:target-module@0:mpu@0:fck: device ID is greater than 24
[    0.605728] /ocp/interconnect@48000000/segment@300000/target-module@e000/lcdc@0: Fixed dependency cycle(s) with /ocp/interconnect@44c00000/segment@200000/target-module@b000/i2c@0/tda19988@70
[    0.608625] /ocp/interconnect@48000000/segment@300000/target-module@e000/lcdc@0: Fixed dependency cycle(s) with /ocp/interconnect@44c00000/segment@200000/target-module@b000/i2c@0/tda19988@70
[    0.609343] /ocp/interconnect@44c00000/segment@200000/target-module@b000/i2c@0/tda19988@70: Fixed dependency cycle(s) with /ocp/interconnect@48000000/segment@300000/target-module@e000/lcdc@0
[    0.609501] /ocp/interconnect@48000000/segment@300000/target-module@e000/lcdc@0: Fixed dependency cycle(s) with /ocp/interconnect@44c00000/segment@200000/target-module@b000/i2c@0/tda19988@70
[    0.620824] sdhci-omap 481d8000.mmc: supply pbias not found, using dummy regulator
[    0.621313] sdhci-omap 481d8000.mmc: supply vqmmc not found, using dummy regulator
[    0.678540] davinci_mdio 4a101000.mdio: davinci mdio revision 1.6, bus freq 1000000
[    0.838678] davinci_mdio 4a101000.mdio: phy[0]: device 4a101000.mdio:00, driver SMSC LAN8710/LAN8720
[    0.839463] cpsw-switch 4a100000.switch: initialized cpsw ale version 1.4
[    0.839486] cpsw-switch 4a100000.switch: ALE Table size 1024, Policers 0
[    0.839637] cpsw-switch 4a100000.switch: cpts: overflow check period 500 (jiffies)
[    0.839651] cpsw-switch 4a100000.switch: CPTS: ref_clk_freq:250000000 calc_mult:2147483648 calc_shift:29 error:0 nsec/sec
[    0.839758] cpsw-switch 4a100000.switch: Detected MACID = 6c:ec:eb:68:de:78
[    0.841593] cpsw-switch 4a100000.switch: initialized (regs 0x4a100000, pool size 256) hw_ver:0019010C 1.12 (0)
[    0.852753] debugfs: '49000000.dma' already exists in 'dmaengine'
[    0.852796] edma 49000000.dma: TI EDMA DMA engine driver
[    0.890454] 44e09000.serial: ttyS0 at MMIO 0x44e09000 (irq = 34, base_baud = 3000000) is a 8250
[    0.890545] printk: legacy console [ttyS0] enabled
[    2.435963] tps65217-pmic: Failed to locate of_node [id: -1]
[    2.442053] tps65217-bl: Failed to locate of_node [id: -1]
[    2.448128] platform tps65217-charger: DMA mask not set
[    2.454181] platform tps65217-pwrbutton: DMA mask not set
[    2.461495] tps65217 0-0024: TPS65217 ID 0xe version 1.2
[    2.467627] /ocp/interconnect@48000000/segment@300000/target-module@e000/lcdc@0: Fixed dependency cycle(s) with /ocp/interconnect@44c00000/segment@200000/target-module@b000/i2c@0/tda19988@70
[    2.485048] /ocp/interconnect@44c00000/segment@200000/target-module@b000/i2c@0/tda19988@70: Fixed dependency cycle(s) with /ocp/interconnect@48000000/segment@300000/target-module@e000/lcdc@0
[    2.502399] omap_i2c 44e0b000.i2c: bus 0 rev0.11 at 400 kHz
[    2.510313] omap_gpio 44e07000.gpio: Could not set line 6 debounce to 200000 microseconds (-22)
[    2.519235] sdhci-omap 48060000.mmc: Got CD GPIO
[    2.524248] sdhci-omap 48060000.mmc: supply pbias not found, using dummy regulator
[    2.534237] sdhci-omap 48060000.mmc: supply vqmmc not found, using dummy regulator
[    2.543423] sdhci-omap 481d8000.mmc: supply pbias not found, using dummy regulator
[    2.553233] sdhci-omap 481d8000.mmc: supply vqmmc not found, using dummy regulator
[    2.588721] mmc0: SDHCI controller on 48060000.mmc [48060000.mmc] using External DMA
[    2.597039] mmc1: SDHCI controller on 481d8000.mmc [481d8000.mmc] using External DMA
[    2.605826] cpsw-switch 4a100000.switch: starting ndev. mode: dual_mac
[    2.675297] mmc1: new high speed MMC card at address 0001
[    2.682111] mmcblk1: mmc1:0001 MMC04G 3.60 GiB
[    2.690003]  mmcblk1: p1 p2
[    2.693753] SMSC LAN8710/LAN8720 4a101000.mdio:00: attached PHY driver (mii_bus:phy_addr=4a101000.mdio:00, irq=POLL)
[    2.705363] mmcblk1boot0: mmc1:0001 MMC04G 2.00 MiB
[    2.719672] mmcblk1boot1: mmc1:0001 MMC04G 2.00 MiB
[    2.728621] mmcblk1rpmb: mmc1:0001 MMC04G 128 KiB, chardev (249:0)
[    2.778084] mmc0: new high speed SDHC card at address aaaa
[    2.784894] mmcblk0: mmc0:aaaa SE32G 29.7 GiB
[    2.794169]  mmcblk0: p1 p2
[    5.845766] cpsw-switch 4a100000.switch eth0: Link is Up - 100Mbps/Full - flow control off
[    5.875022] IP-Config: Complete:
[    5.878296]      device=eth0, hwaddr=6c:ec:eb:68:de:78, ipaddr=192.168.255.1, mask=255.255.255.0, gw=255.255.255.255
[    5.888944]      host=bbb1, domain=, nis-domain=(none)
[    5.894113]      bootserver=192.168.255.126, rootserver=192.168.255.126, rootpath=
[    5.894531] clk: Disabling unused clocks
[    5.906445] KTAP version 1
[    5.909177] 1..0
[    5.911867] check access for rdinit=/init failed: -2, ignoring
[    5.951629] VFS: Mounted root (nfs filesystem) on device 0:17.
[    5.958789] devtmpfs: mounted
[    5.963258] Freeing unused kernel image (initmem) memory: 1024K
[    5.970190] Run /sbin/init as init process
[    6.648476] systemd[1]: System time before build time, advancing clock.
[    8.185026] random: crng init done
[    8.197809] systemd[1]: systemd 232 running in system mode. (+PAM +AUDIT +SELINUX +IMA +APPARMOR +SMACK +SYSVINIT +UTMP +LIBCRYPTSETUP +GCRYPT +GNUTLS +ACL +XZ +LZ4 +SECCOMP +BLKID +ELFUTILS +KMOD +IDN)
[    8.216932] systemd[1]: Detected architecture arm.

Welcome to [1mDebian GNU/Linux 9 (stretch)[0m!

[    8.248201] systemd[1]: Set hostname to <arm>.
[    9.361596] systemd[1]: Reached target Swap.
[[0;32m  OK  [0m] Reached target Swap.
[    9.389092] systemd[1]: Listening on /dev/initctl Compatibility Named Pipe.
[[0;32m  OK  [0m] Listening on /dev/initctl Compatibility Named Pipe.
[    9.416846] systemd[1]: systemd-journald.socket: SO_PASSSEC failed: Operation not supported
[    9.425764] systemd[1]: systemd-journald.socket: SO_PASSSEC failed: Operation not supported
[    9.434337] systemd[1]: Listening on Journal Socket.
[[0;32m  OK  [0m] Listening on Journal Socket.
[    9.455748] systemd[1]: Listening on udev Kernel Socket.
[[0;32m  OK  [0m] Listening on udev Kernel Socket.
[    9.486049] systemd[1]: Listening on Journal Audit Socket.
[[0;32m  OK  [0m] Listening on Journal Audit Socket.
[[0;32m  OK  [0m] Reached target Remote File Systems.
[[0;32m  OK  [0m] Listening on Syslog Socket.
[[0;32m  OK  [0m] Created slice System Slice.
         Starting Create list of required stâ€¦ce nodes for the current kernel...
         Starting Load Kernel Modules...
[[0;32m  OK  [0m] Started Forward Password Requests to Wall Directory Watch.
         Mounting POSIX Message Queue File System...
[[0;32m  OK  [0m] Created slice User and Session Slice.
[[0;32m  OK  [0m] Reached target Slices.
         Mounting Debug File System...
[[0;32m  OK  [0m] Listening on Journal Socket (/dev/log).
         Starting Journal Service...
[[0;32m  OK  [0m] Listening on udev Control Socket.
         Starting Remount Root and Kernel File Systems...
[[0;32m  OK  [0m] Started Dispatch Password Requests to Console Directory Watch.
[[0;32m  OK  [0m] Reached target Paths.
[[0;32m  OK  [0m] Reached target Encrypted Volumes.
[[0;32m  OK  [0m] Created slice system-getty.slice.
[[0;32m  OK  [0m] Set up automount Arbitrary Executabâ€¦rmats File System Automount Point.
[[0;32m  OK  [0m] Created slice system-serial\x2dgetty.slice.
[[0;32m  OK  [0m] Mounted POSIX Message Queue File System.
[[0;32m  OK  [0m] Mounted Debug File System.
[[0;32m  OK  [0m] Started Create list of required staâ€¦vice nodes for the current kernel.
[[0;32m  OK  [0m] Started Load Kernel Modules.
[[0;32m  OK  [0m] Started Remount Root and Kernel File Systems.
         Starting Load/Save Random Seed...
         Starting udev Coldplug all Devices...
         Mounting Configuration File System...
         Starting Apply Kernel Variables...
         Starting Create Static Device Nodes in /dev...
[[0;32m  OK  [0m] Mounted Configuration File System.
[[0;32m  OK  [0m] Started Load/Save Random Seed.
[[0;32m  OK  [0m] Started Apply Kernel Variables.
[[0;32m  OK  [0m] Started Journal Service.
         Starting Flush Journal to Persistent Storage...
[[0;32m  OK  [0m] Started Create Static Device Nodes in /dev.
         Starting udev Kernel Device Manager...
[[0;32m  OK  [0m] Reached target Local File Systems (Pre).
[[0;32m  OK  [0m] Reached target Local File Systems.
         Starting Raise network interfaces...
[   11.508478] systemd-journald[86]: Received request to flush runtime journal from PID 1
[[0;32m  OK  [0m] Started Flush Journal to Persistent Storage.
         Starting Create Volatile Files and Directories...
[[0;32m  OK  [0m] Started udev Kernel Device Manager.
[   12.645453] omap_prm 44e00d00.prm: sync_state() pending due to 44d00000.cpu
[[0;32m  OK  [0m] Started Create Volatile Files and Directories.
         Starting Update UTMP about System Boot/Shutdown...
         Starting Network Time Synchronization...
[[0;32m  OK  [0m] Started Update UTMP about System Boot/Shutdown.
[[0;32m  OK  [0m] Started udev Coldplug all Devices.
[[0;32m  OK  [0m] Started Network Time Synchronization.
[[0;32m  OK  [0m] Reached target System Initialization.
[[0;32m  OK  [0m] Started Daily Cleanup of Temporary Directories.
[[0;32m  OK  [0m] Listening on D-Bus System Message Bus Socket.
[[0;32m  OK  [0m] Listening on Avahi mDNS/DNS-SD Stack Activation Socket.
[[0;32m  OK  [0m] Reached target Sockets.
[[0;32m  OK  [0m] Reached target Basic System.
[   14.961115] remoteproc remoteproc0: wkup_m3 is available
[   14.985548] omap_wdt: OMAP Watchdog Timer Rev 0x01: initial timeout 60 sec
[   15.049931] at24 2-0054: supply vcc not found, using dummy regulator
         Starting DUN service...
         Starting Telephony service...
[   15.226066] at24 2-0055: supply vcc not found, using dummy regulator
[   15.329726] at24 2-0056: supply vcc not found, using dummy regulator
[   15.402650] at24 2-0057: supply vcc not found, using dummy regulator
[[0;32m  OK  [0m] Started Regular background program processin[   15.546683] at24 0-0050: 32768 byte 24c256 EEPROM, writable, 1 bytes/write
g daemon.
[[0;32m  OK  [0m] Started D-Bus System Message Bus.
[   15.827962] input: tps65217_pwrbutton as /devices/platform/ocp/44c00000.interconnect/44c00000.interconnect:segment@200000/44e0b000.target-module/44e0b000.i2c/i2c-0/0-0024/tps65217-pwrbutton/input/input0
[   15.980633] omap_rtc 44e3e000.rtc: registered as rtc0
[   15.986023] omap_rtc 44e3e000.rtc: setting system clock to 2000-01-01T00:00:00 UTC (946684800)
[   16.570379] am335x-phy-driver 47401300.usb-phy: dummy supplies not allowed for exclusive requests (id=vbus)
[   16.765350] am335x-phy-driver 47401b00.usb-phy: dummy supplies not allowed for exclusive requests (id=vbus)
[   16.857956] usbcore: registered new interface driver usbfs
[   16.864220] usbcore: registered new interface driver hub
[   16.869923] usbcore: registered new device driver usb
[   17.336656] tda998x 0-0070: found TDA19988
[   17.665866] musb-hdrc musb-hdrc.1: MUSB HDRC host driver
[   17.671287] musb-hdrc musb-hdrc.1: new USB bus registered, assigned bus number 1
[   17.895510] usb usb1: New USB device found, idVendor=1d6b, idProduct=0002, bcdDevice= 6.17
[   17.905120] usb usb1: New USB device strings: Mfr=3, Product=2, SerialNumber=1
[   17.912395] usb usb1: Product: MUSB HDRC host driver
[   17.917985] usb usb1: Manufacturer: Linux 6.17.0-rc2-next-20250820 musb-hcd
[   17.925053] usb usb1: SerialNumber: musb-hdrc.1
[   18.095910] omap-mailbox 480c8000.mailbox: omap mailbox rev 0x400
[   18.176380] remoteproc remoteproc0: powering up wkup_m3
[   18.280691] hub 1-0:1.0: USB hub found
[   18.360195] hub 1-0:1.0: 1 port detected
[   18.470040] remoteproc remoteproc0: Direct firmware load for am335x-pm-firmware.elf failed with error -2
[   18.479797] remoteproc remoteproc0: request_firmware failed: -2
[   18.485837] wkup_m3_ipc 44e11324.wkup_m3_ipc: rproc_boot failed
[[0;32m  OK  [0m] Started DUN service.
[[0;32m  OK  [0m] Started Telephony service.
         Starting Connection service...
         Starting LSB: Load kernel modules needed to enable cpufreq scaling...
[   20.351162] omap_rng 48310000.rng: Random Number Generator ver. 20
[   20.391320] tilcdc 4830e000.lcdc: bound 0-0070 (ops tda998x_audio_codec_init [tda998x])
         Starting Login Service...
         Starting Avahi mDNS/DNS-SD Stack...[   20.564442] [drm] Initialized tilcdc 1.0.0 for 4830e000.lcdc on minor 0

         Starting Generic Board Startup...
[   20.727583] tilcdc 4830e000.lcdc: [drm] Cannot find any crtc or sizes
[   20.793969] tilcdc 4830e000.lcdc: [drm] Cannot find any crtc or sizes
         Starting System Logging Service...
         Starting LSB: Start busybox udhcpd at boot time...
         Starting Cape Manager Service...
[[0;32m  OK  [0m] Reached target System Time Synchronized.
[[0;32m  OK  [0m] Started Daily apt download activities.
[[0;32m  OK  [0m] Started Daily apt upgrade and clean activities.
[[0;32m  OK  [0m] Reached target Timers.
[   22.301541] omap-sham 53100000.sham: hw accel on OMAP rev 4.3
[   22.395926] omap-sham 53100000.sham: will run requests pump with realtime priority
[   22.484874] PM: Cannot get wkup_m3_ipc handle
[   22.641512] omap-aes 53500000.aes: OMAP AES hw accel rev: 3.2
[   22.740384] omap-aes 53500000.aes: will run requests pump with realtime priority
[   22.751510] PM: Cannot get wkup_m3_ipc handle
[[0;32m  OK  [0m] Found device /dev/ttyS0.
[   23.026007] Bluetooth: Core ver 2.22
[   23.029844] NET: Registered PF_BLUETOOTH protocol family
[   23.035380] Bluetooth: HCI device and connection manager initialized
[   23.041797] Bluetooth: HCI socket layer initialized
[   23.046762] Bluetooth: L2CAP socket layer initialized
[   23.051872] Bluetooth: SCO socket layer initialized
[[0;32m  OK  [0m] Started System Logging Service.
[[0;32m  OK  [0m] Started Cape Manager Service.
[   23.989230] ------------[ cut here ]------------
[   23.993931] WARNING: net/8021q/vlan_core.c:236 at vlan_for_each+0x114/0x134, CPU#0: avahi-daemon/271
[   24.003289] RTNL: assertion failed at net/8021q/vlan_core.c (236)
[   24.009472] Modules linked in: bluetooth snd_soc_simple_card omap_aes_driver snd_soc_simple_card_utils pm33xx omap_crypto omap_sham ti_emif_sram crypto_engine ecdh_generic ecc libaes omap_rng tilcdc rng_core drm_dma_helper drm_client_lib snd_soc_davinci_mcasp snd_soc_ti_udma snd_soc_ti_edma snd_soc_ti_sdma snd_soc_core snd_pcm_dmaengine omap_mailbox snd_pcm snd_timer snd musb_dsps soundcore musb_hdrc tda998x udc_core cec drm_kms_helper usbcore phy_am335x phy_generic drm usb_common cppi41 rtc_omap wkup_m3_ipc tps65218_pwrbutton phy_am335x_control drm_panel_orientation_quirks at24 wkup_m3_rproc omap_wdt watchdog leds_gpio cpufreq_dt led_class autofs4
[   24.067536] CPU: 0 UID: 107 PID: 271 Comm: avahi-daemon Not tainted 6.17.0-rc2-next-20250820 #1 NONE 
[   24.067555] Hardware name: Generic AM33XX (Flattened Device Tree)
[   24.067564] Call trace: 
[   24.067580]  unwind_backtrace from show_stack+0x10/0x14
[   24.067618]  show_stack from dump_stack_lvl+0x50/0x64
[   24.067644]  dump_stack_lvl from __warn+0x88/0x148
[   24.067661]  __warn from warn_slowpath_fmt+0x19c/0x1b0
[   24.067674]  warn_slowpath_fmt from vlan_for_each+0x114/0x134
[   24.067697]  vlan_for_each from cpsw_add_mc_addr+0x40/0xa4
[   24.067726]  cpsw_add_mc_addr from __hw_addr_ref_sync_dev+0x108/0x140
[   24.067759]  __hw_addr_ref_sync_dev from __dev_mc_add+0x7c/0x80
[   24.067784]  __dev_mc_add from igmp6_group_added+0xc8/0xe0
[   24.067814]  igmp6_group_added from __ipv6_dev_mc_inc+0x218/0x364
[   24.067833]  __ipv6_dev_mc_inc from __ipv6_sock_mc_join+0x11c/0x214
[   24.067852]  __ipv6_sock_mc_join from do_ipv6_setsockopt+0x1214/0x1310
[   24.067887]  do_ipv6_setsockopt from ipv6_setsockopt+0x60/0xcc
[   24.067909]  ipv6_setsockopt from udpv6_setsockopt+0x2c/0x6c
[   24.067928]  udpv6_setsockopt from sock_common_setsockopt+0x30/0x40
[   24.067944]  sock_common_setsockopt from do_sock_setsockopt+0x50/0x9c
[   24.067966]  do_sock_setsockopt from __sys_setsockopt+0x70/0xbc
[   24.067990]  __sys_setsockopt from ret_fast_syscall+0x0/0x58
[   24.068008] Exception stack(0xe02edfa8 to 0xe02edff0)
[   24.068022] dfa0:                   00000014 b6fadce8 0000000d 00000029 00000014 be94a9ec
[   24.068033] dfc0: 00000014 b6fadce8 00000014 00000126 0000000d b6f56ff4 0046e988 00456558
[   24.068042] dfe0: b6f6c088 be94a9d8 b6f49309 b6e2041a
[   24.068048] ---[ end trace 0000000000000000 ]---
[   25.855903] gpio-537 (nxp,calib): gpiod_direction_output_nonotify: tried to set a GPIO tied to an IRQ as output
[   25.886003] PM: Cannot get wkup_m3_ipc handle
[   25.995945] PM: Cannot get wkup_m3_ipc handle
[   26.178678] tda9950 0-0034: TDA9950 CEC interface, hardware version 3.3
[   26.307823] PM: Cannot get wkup_m3_ipc handle
[[0;32m  OK  [0m] Started LSB: Start busybox udhcpd at boot time.
[[0;32m  OK  [0m] Started LSB: Load kernel modules needed to enable cpufreq scaling.
[[0;32m  OK  [0m] Started Raise network interfaces.
[   29.682170] configfs-gadget.g_multi gadget.0: HOST MAC 1c:ba:8c:a2:ed:6c
[   29.689186] configfs-gadget.g_multi gadget.0: MAC 1c:ba:8c:a2:ed:70
[   29.696609] configfs-gadget.g_multi gadget.0: HOST MAC 1c:ba:8c:a2:ed:6c
[   29.703371] configfs-gadget.g_multi gadget.0: MAC 1c:ba:8c:a2:ed:6d
[   29.725710] PM: Cannot get wkup_m3_ipc handle
[[0;32m  OK  [0m] Started Avahi mDNS/DNS-SD Stack.
[[0;32m  OK  [0m] Started Connection service.
[[0;32m  OK  [0m] Started Login Service.
         Starting Hostname Service...
         Starting WPA supplicant...
[[0;32m  OK  [0m] Reached target Sound Card.
         Starting LSB: set CPUFreq kernel parameters...
[[0;32m  OK  [0m] Started WPA supplicant.
[[0;32m  OK  [0m] Reached target Network.
         Starting Permit User Sessions...
         Starting The Apache HTTP Server...
         Starting OpenBSD Secure Shell server...
[[0;32m  OK  [0m] Reached target Network is Online.
         Starting LSB: Advanced IEEE 802.11 management daemon...
[[0;32m  OK  [0m] Started Permit User Sessions.
[[0;32m  OK  [0m] Started Hostname Service.
[[0;32m  OK  [0m] Started LSB: set CPUFreq kernel parameters.
[[0;32m  OK  [0m] Started LSB: Advanced IEEE 802.11 management daemon.
[[0;32m  OK  [0m] Started Getty on tty1.
[[0;32m  OK  [0m] Started Serial Getty on ttyS0.
[[0;32m  OK  [0m] Reached target Login Prompts.
         Stopping LSB: Start busybox udhcpd at boot time...
[[0;32m  OK  [0m] Started OpenBSD Secure Shell server.
[[0;32m  OK  [0m] Stopped LSB: Start busybox udhcpd at boot time.
[[0;32m  OK  [0m] Started The Apache HTTP Server.
         Starting dnsmasq - A lightweight DHCP and caching DNS server...
[[0;32m  OK  [0m] Started dnsmasq - A lightweight DHCP and caching DNS server.
[[0;32m  OK  [0m] Reached target Host and Network Name Lookups.
[[0;32m  OK  [0m] Started Serial Getty on ttyGS0.
[[0;32m  OK  [0m] Started Generic Board Startup.
[[0;32m  OK  [0m] Reached target Multi-User System.
[[0;32m  OK  [0m] Reached target Graphical Interface.
         Starting Update UTMP about System Runlevel Changes...
[[0;32m  OK  [0m] Started Update UTMP about System Runlevel Changes.

Debian GNU/Linux 9 arm ttyS0

default username:password is [debian:temppwd]

arm login: root
Password: 
Last login: Sat Jan  1 00:00:41 UTC 2000 on ttyS0
root
Linux arm 6.17.0-rc2-next-20250820 #1 SMP Wed Aug 20 08:39:19 EEST 2025 armv7l

The programs included with the Debian GNU/Linux system are free software;
the exact distribution terms for each program are described in the
individual files in /usr/share/doc/*/copyright.

Debian GNU/Linux comes with ABSOLUTELY NO WARRANTY, to the extent
permitted by applicable law.
root@arm:~# root
dmesg -n 1
-bash: root: command not found
root@arm:~# dmesg -n 1
root@arm:~# echo 'GTVP''XULVYW'
GTVPXULVYW
root@arm:~# run() { echo -n "$MARKER"; sh -c "$@"; echo "$MARKER $?"; }
root@arm:~# echo 'YVMJ''BGKBJT'
YVMJBGKBJT
root@arm:~# MARKER='ABCL''ZMGGGZ' run 'cat /proc/version'
ABCLZMGGGZLinux version 6.17.0-rc2-next-20250820 (user01@drvtest01) (arm-none-eabi-gcc (Arm GNU Toolchain 14.2.Rel1 (Build arm-14.52)) 14.2.1 20241119, GNU ld (Arm GNU Toolchain 14.2.Rel1 (Build arm-14.52)) 2.43.1.20241119) #1 SMP Wed Aug 20 08:39:19 EEST 2025
ABCLZMGGGZ 0
root@arm:~# echo 'CKPO''POEXXB'
CKPOPOEXXB
root@arm:~# MARKER='CQLH''AVPAKY' run false
CQLHAVPAKYCQLHAVPAKY 1
root@arm:~# Labgrid Console Logfile for main
Logfile started at 2025-08-20 08:49:58.146496
=== Log starts here ===

root@arm:~# run() { echo -n "$MARKER"; sh -c "$@"; echo "$MARKER $?"; }
root@arm:~# echo 'EOXU''ABBGMF'
EOXUABBGMF
root@arm:~# MARKER='VQPJ''JBJVPC' run 'ls /iio_generic_buffer; echo $?'
VQPJJBJVPC/iio_generic_buffer
0
VQPJJBJVPC 0
root@arm:~# Labgrid Console Logfile for main
Logfile started at 2025-08-20 08:50:01.562187
=== Log starts here ===

root@arm:~# run() { echo -n "$MARKER"; sh -c "$@"; echo "$MARKER $?"; }
root@arm:~# echo 'OKLU''YUUFHU'
OKLUYUUFHU
root@arm:~# MARKER='VHLV''OZPSCS' run dmesg
VHLVOZPSCS[    0.000000] Booting Linux on physical CPU 0x0
[    0.000000] Linux version 6.17.0-rc2-next-20250820 (user01@drvtest01) (arm-none-eabi-gcc (Arm GNU Toolchain 14.2.Rel1 (Build arm-14.52)) 14.2.1 20241119, GNU ld (Arm GNU Toolchain 14.2.Rel1 (Build arm-14.52)) 2.43.1.20241119) #1 SMP Wed Aug 20 08:39:19 EEST 2025
[    0.000000] CPU: ARMv7 Processor [413fc082] revision 2 (ARMv7), cr=10c5387d
[    0.000000] CPU: PIPT / VIPT nonaliasing data cache, VIPT aliasing instruction cache
[    0.000000] OF: fdt: Machine model: TI AM335x BeagleBone Black
[    0.000000] Memory policy: Data cache writeback
[    0.000000] cma: Reserved 16 MiB at 0x9e800000
[    0.000000] Zone ranges:
[    0.000000]   Normal   [mem 0x0000000080000000-0x000000009fdfffff]
[    0.000000]   HighMem  empty
[    0.000000] Movable zone start for each node
[    0.000000] Early memory node ranges
[    0.000000]   node   0: [mem 0x0000000080000000-0x000000009fdfffff]
[    0.000000] Initmem setup node 0 [mem 0x0000000080000000-0x000000009fdfffff]
[    0.000000] On node 0, zone Normal: 512 pages in unavailable ranges
[    0.000000] OF: reserved mem: Reserved memory: No reserved-memory node in the DT
[    0.000000] CPU: All CPU(s) started in SVC mode.
[    0.000000] AM335X ES2.1 (sgx neon)
[    0.000000] percpu: Embedded 17 pages/cpu s39820 r8192 d21620 u69632
[    0.000000] pcpu-alloc: s39820 r8192 d21620 u69632 alloc=17*4096
[    0.000000] pcpu-alloc: [0] 0 
[    0.000000] Kernel command line: console=ttyO0,115200n8 root=/dev/nfs rw nfsroot=192.168.255.126:/home/user01/nfs,nfsvers=3 ip=192.168.255.1:192.168.255.126::255.255.255.0:bbb1:eth0 nfsrootdebug
[    0.000000] Unknown kernel command line parameters "nfsrootdebug", will be passed to user space.
[    0.000000] printk: log buffer data + meta data: 65536 + 204800 = 270336 bytes
[    0.000000] Dentry cache hash table entries: 65536 (order: 6, 262144 bytes, linear)
[    0.000000] Inode-cache hash table entries: 32768 (order: 5, 131072 bytes, linear)
[    0.000000] Built 1 zonelists, mobility grouping on.  Total pages: 130560
[    0.000000] mem auto-init: stack:off, heap alloc:off, heap free:off
[    0.000000] SLUB: HWalign=16, Order=0-3, MinObjects=0, CPUs=1, Nodes=1
[    0.000000] rcu: Hierarchical RCU implementation.
[    0.000000] rcu: 	RCU event tracing is enabled.
[    0.000000] rcu: 	RCU restricting CPUs from NR_CPUS=2 to nr_cpu_ids=1.
[    0.000000] 	Tracing variant of Tasks RCU enabled.
[    0.000000] rcu: RCU calculated value of scheduler-enlistment delay is 10 jiffies.
[    0.000000] rcu: Adjusting geometry for rcu_fanout_leaf=16, nr_cpu_ids=1
[    0.000000] RCU Tasks Trace: Setting shift to 0 and lim to 1 rcu_task_cb_adjust=1 rcu_task_cpu_ids=1.
[    0.000000] NR_IRQS: 16, nr_irqs: 16, preallocated irqs: 16
[    0.000000] IRQ: Found an INTC at 0x(ptrval) (revision 5.0) with 128 interrupts
[    0.000000] rcu: srcu_init: Setting srcu_struct sizes based on contention.
[    0.000000] TI gptimer clocksource: always-on /ocp/interconnect@44c00000/segment@200000/target-module@31000
[    0.000002] sched_clock: 32 bits at 24MHz, resolution 41ns, wraps every 89478484971ns
[    0.000025] clocksource: dmtimer: mask: 0xffffffff max_cycles: 0xffffffff, max_idle_ns: 79635851949 ns
[    0.000509] TI gptimer clockevent: 24000000 Hz at /ocp/interconnect@48000000/segment@0/target-module@40000
[    0.002077] Console: colour dummy device 80x30
[    0.002142] WARNING: Your 'console=ttyO0' has been replaced by 'ttyS0'
[    0.002150] This ensures that you still see kernel messages. Please
[    0.002154] update your kernel commandline.
[    0.002197] Calibrating delay loop... 996.14 BogoMIPS (lpj=4980736)
[    0.090559] CPU: Testing write buffer coherency: ok
[    0.090672] CPU0: Spectre v2: using BPIALL workaround
[    0.090682] pid_max: default: 32768 minimum: 301
[    0.090840] LSM: initializing lsm=capability
[    0.091005] Mount-cache hash table entries: 1024 (order: 0, 4096 bytes, linear)
[    0.091021] Mountpoint-cache hash table entries: 1024 (order: 0, 4096 bytes, linear)
[    0.092593] CPU0: thread -1, cpu 0, socket -1, mpidr 0
[    0.092649] cacheinfo: Unable to detect cache hierarchy for CPU 0
[    0.094623] Setting up static identity map for 0x80100000 - 0x80100078
[    0.094961] rcu: Hierarchical SRCU implementation.
[    0.094971] rcu: 	Max phase no-delay instances is 1000.
[    0.096685] smp: Bringing up secondary CPUs ...
[    0.096742] smp: Brought up 1 node, 1 CPU
[    0.096753] SMP: Total of 1 processors activated (996.14 BogoMIPS).
[    0.096763] CPU: All CPU(s) started in SVC mode.
[    0.096964] Memory: 480856K/522240K available (11264K kernel code, 1219K rwdata, 2936K rodata, 1024K init, 253K bss, 23352K reserved, 16384K cma-reserved, 0K highmem)
[    0.097783] devtmpfs: initialized
[    0.115081] VFP support v0.3: implementor 41 architecture 3 part 30 variant c rev 3
[    0.115714] clocksource: jiffies: mask: 0xffffffff max_cycles: 0xffffffff, max_idle_ns: 19112604462750000 ns
[    0.115771] posixtimers hash table entries: 512 (order: 0, 4096 bytes, linear)
[    0.115797] futex hash table entries: 256 (16384 bytes on 1 NUMA nodes, total 16 KiB, linear).
[    0.116916] pinctrl core: initialized pinctrl subsystem
[    0.119064] NET: Registered PF_NETLINK/PF_ROUTE protocol family
[    0.122193] DMA: preallocated 256 KiB pool for atomic coherent allocations
[    0.122804] audit: initializing netlink subsys (disabled)
[    0.124124] thermal_sys: Registered thermal governor 'fair_share'
[    0.124139] thermal_sys: Registered thermal governor 'step_wise'
[    0.124149] thermal_sys: Registered thermal governor 'user_space'
[    0.124260] audit: type=2000 audit(0.120:1): state=initialized audit_enabled=0 res=1
[    0.124332] cpuidle: using governor menu
[    0.142726] /ocp/interconnect@44c00000/segment@200000/target-module@b000/i2c@0/tda19988@70: Fixed dependency cycle(s) with /ocp/interconnect@48000000/segment@300000/target-module@e000/lcdc@0
[    0.143831] /ocp/interconnect@48000000/segment@300000/target-module@e000/lcdc@0: Fixed dependency cycle(s) with /ocp/interconnect@44c00000/segment@200000/target-module@b000/i2c@0/tda19988@70
[    0.146070] No ATAGs?
[    0.146112] hw-breakpoint: debug architecture 0x4 unsupported.
[    0.149224] kprobes: kprobe jump-optimization is enabled. All kprobes are optimized if possible.
[    0.163905] iommu: Default domain type: Translated
[    0.163927] iommu: DMA domain TLB invalidation policy: strict mode
[    0.165497] reg-fixed-voltage fixedregulator0: using DT '/fixedregulator0' for '(default)' GPIO lookup
[    0.165553] of_get_named_gpiod_flags: can't parse 'gpios' property of node '/fixedregulator0[0]'
[    0.165580] of_get_named_gpiod_flags: can't parse 'gpio' property of node '/fixedregulator0[0]'
[    0.165597] reg-fixed-voltage fixedregulator0: using lookup tables for GPIO lookup
[    0.165608] reg-fixed-voltage fixedregulator0: No GPIO consumer (default) found
[    0.171798] SCSI subsystem initialized
[    0.172275] libata version 3.00 loaded.
[    0.172654] pps_core: LinuxPPS API ver. 1 registered
[    0.172664] pps_core: Software ver. 5.3.6 - Copyright 2005-2007 Rodolfo Giometti <giometti@linux.it>
[    0.172690] PTP clock support registered
[    0.174663] vgaarb: loaded
[    0.180987] clocksource: Switched to clocksource dmtimer
[    0.181693] VFS: Disk quotas dquot_6.6.0
[    0.181752] VFS: Dquot-cache hash table entries: 1024 (order 0, 4096 bytes)
[    0.208276] NET: Registered PF_INET protocol family
[    0.208616] IP idents hash table entries: 8192 (order: 4, 65536 bytes, linear)
[    0.210030] tcp_listen_portaddr_hash hash table entries: 512 (order: 0, 4096 bytes, linear)
[    0.210066] Table-perturb hash table entries: 65536 (order: 6, 262144 bytes, linear)
[    0.210083] TCP established hash table entries: 4096 (order: 2, 16384 bytes, linear)
[    0.210129] TCP bind hash table entries: 4096 (order: 4, 65536 bytes, linear)
[    0.210228] TCP: Hash tables configured (established 4096 bind 4096)
[    0.210347] UDP hash table entries: 256 (order: 1, 14336 bytes, linear)
[    0.210381] UDP-Lite hash table entries: 256 (order: 1, 14336 bytes, linear)
[    0.210573] NET: Registered PF_UNIX/PF_LOCAL protocol family
[    0.215785] RPC: Registered named UNIX socket transport module.
[    0.215806] RPC: Registered udp transport module.
[    0.215811] RPC: Registered tcp transport module.
[    0.215816] RPC: Registered tcp-with-tls transport module.
[    0.215821] RPC: Registered tcp NFSv4.1 backchannel transport module.
[    0.215844] PCI: CLS 0 bytes, default 64
[    0.217248] Initialise system trusted keyrings
[    0.218400] workingset: timestamp_bits=14 max_order=17 bucket_order=3
[    0.219805] NFS: Registering the id_resolver key type
[    0.219900] Key type id_resolver registered
[    0.219907] Key type id_legacy registered
[    0.220012] jffs2: version 2.2. (NAND) (SUMMARY)  Â© 2001-2006 Red Hat, Inc.
[    0.220534] Key type asymmetric registered
[    0.220550] Asymmetric key parser 'x509' registered
[    0.220622] io scheduler mq-deadline registered
[    0.220631] io scheduler kyber registered
[    0.220709] io scheduler bfq registered
[    0.226928] target-module@4b000000:target-module@140000:pmu@0:fck: device ID is greater than 24
[    0.233124] l3-aon-clkctrl:0000:0: failed to disable
[    0.233184] ledtrig-cpu: registered to indicate activity on CPUs
[    0.245286] Serial: 8250/16550 driver, 6 ports, IRQ sharing enabled
[    0.287707] brd: module loaded
[    0.310502] loop: module loaded
[    0.311432] mtdoops: mtd device (mtddev=name/number) must be supplied
[    0.313000] mdio_bus fixed-0: using lookup tables for GPIO lookup
[    0.313025] mdio_bus fixed-0: No GPIO consumer reset found
[    0.314409] i2c_dev: i2c /dev entries driver
[    0.315611] cpuidle: enable-method property 'ti,am3352' found operations
[    0.316070] sdhci: Secure Digital Host Controller Interface driver
[    0.316079] sdhci: Copyright(c) Pierre Ossman
[    0.316264] sdhci-pltfm: SDHCI platform and OF driver helper
[    0.317808] hw perfevents: enabled with armv7_cortex_a8 PMU driver, 5 (8000000f) counters available
[    0.318329] Initializing XFRM netlink socket
[    0.318499] NET: Registered PF_INET6 protocol family
[    0.324214] l3-aon-clkctrl:0000:0: failed to disable
[    0.339251] Segment Routing with IPv6
[    0.339337] In-situ OAM (IOAM) with IPv6
[    0.339430] sit: IPv6, IPv4 and MPLS over IPv4 tunneling driver
[    0.340387] NET: Registered PF_PACKET protocol family
[    0.340412] NET: Registered PF_KEY protocol family
[    0.340533] Key type dns_resolver registered
[    0.340764] ThumbEE CPU extension supported.
[    0.340783] Registering SWP/SWPB emulation handler
[    0.341327] omap_voltage_late_init: Voltage driver support not added
[    0.342004] SmartReflex Class3 initialized
[    0.374719] Loading compiled-in X.509 certificates
[    0.414397] /ocp/interconnect@44c00000/segment@200000/target-module@b000/i2c@0/tda19988@70: Fixed dependency cycle(s) with /ocp/interconnect@48000000/segment@300000/target-module@e000/lcdc@0
[    0.420943] /ocp/interconnect@44c00000/segment@200000/target-module@b000/i2c@0/tda19988@70: Fixed dependency cycle(s) with /ocp/interconnect@48000000/segment@300000/target-module@e000/lcdc@0
[    0.426667] gpiochip_find_base_unlocked: found new base at 512
[    0.451168] /ocp/interconnect@44c00000/segment@200000/target-module@b000/i2c@0/tda19988@70: Fixed dependency cycle(s) with /ocp/interconnect@48000000/segment@300000/target-module@e000/lcdc@0
[    0.452053] /ocp/interconnect@44c00000/segment@200000/target-module@b000/i2c@0/tda19988@70: Fixed dependency cycle(s) with /ocp/interconnect@48000000/segment@300000/target-module@e000/lcdc@0
[    0.455826] /ocp/interconnect@44c00000/segment@200000/target-module@10000/scm@0/pinmux@800: Fixed dependency cycle(s) with /ocp/interconnect@44c00000/segment@200000/target-module@10000/scm@0/pinmux@800/clkout2-pins
[    0.456436] pinctrl-single 44e10800.pinmux: 142 pins, size 568
[    0.461747] ti-sysc 44e31000.target-module: probe with driver ti-sysc failed with error -16
[    0.487631] /ocp/interconnect@48000000/segment@300000/target-module@e000/lcdc@0: Fixed dependency cycle(s) with /ocp/interconnect@44c00000/segment@200000/target-module@b000/i2c@0/tda19988@70
[    0.495802] ti-sysc 48040000.target-module: probe with driver ti-sysc failed with error -16
[    0.507284] gpiochip_find_base_unlocked: found new base at 512
[    0.507382] gpio gpiochip0: (gpio-0-31): created GPIO range 0->7 ==> 44e10800.pinmux PIN 0->7
[    0.507403] gpio gpiochip0: (gpio-0-31): created GPIO range 8->11 ==> 44e10800.pinmux PIN 90->93
[    0.507418] gpio gpiochip0: (gpio-0-31): created GPIO range 12->27 ==> 44e10800.pinmux PIN 12->27
[    0.507433] gpio gpiochip0: (gpio-0-31): created GPIO range 28->31 ==> 44e10800.pinmux PIN 30->33
[    0.543356] gpio gpiochip0: (gpio-0-31): added GPIO chardev (254:0)
[    0.543586] gpio gpiochip0: registered GPIOs 512 to 543 on gpio-0-31
[    0.543672] OMAP GPIO hardware version 0.1
[    0.569616] i2c i2c-2: using DT '/ocp/interconnect@48000000/segment@100000/target-module@9c000/i2c@0' for 'scl' GPIO lookup
[    0.569695] of_get_named_gpiod_flags: can't parse 'scl-gpios' property of node '/ocp/interconnect@48000000/segment@100000/target-module@9c000/i2c@0[0]'
[    0.569738] of_get_named_gpiod_flags: can't parse 'scl-gpio' property of node '/ocp/interconnect@48000000/segment@100000/target-module@9c000/i2c@0[0]'
[    0.569774] i2c i2c-2: using lookup tables for GPIO lookup
[    0.569784] i2c i2c-2: No GPIO consumer scl found
[    0.569806] i2c i2c-2: using DT '/ocp/interconnect@48000000/segment@100000/target-module@9c000/i2c@0' for 'sda' GPIO lookup
[    0.569844] of_get_named_gpiod_flags: can't parse 'sda-gpios' property of node '/ocp/interconnect@48000000/segment@100000/target-module@9c000/i2c@0[0]'
[    0.569882] of_get_named_gpiod_flags: can't parse 'sda-gpio' property of node '/ocp/interconnect@48000000/segment@100000/target-module@9c000/i2c@0[0]'
[    0.569913] i2c i2c-2: using lookup tables for GPIO lookup
[    0.569920] i2c i2c-2: No GPIO consumer sda found
[    0.570637] omap_i2c 4819c000.i2c: bus 2 rev0.11 at 100 kHz
[    0.576525] gpiochip_find_base_unlocked: found new base at 544
[    0.576625] gpio gpiochip1: (gpio-32-63): created GPIO range 0->17 ==> 44e10800.pinmux PIN 34->51
[    0.576645] gpio gpiochip1: (gpio-32-63): created GPIO range 18->21 ==> 44e10800.pinmux PIN 77->80
[    0.576661] gpio gpiochip1: (gpio-32-63): created GPIO range 22->31 ==> 44e10800.pinmux PIN 56->65
[    0.595416] gpio gpiochip1: (gpio-32-63): added GPIO chardev (254:1)
[    0.595662] gpio gpiochip1: registered GPIOs 544 to 575 on gpio-32-63
[    0.597944] gpiochip_find_base_unlocked: found new base at 576
[    0.598038] gpio gpiochip2: (gpio-64-95): created GPIO range 0->4 ==> 44e10800.pinmux PIN 66->70
[    0.598061] gpio gpiochip2: (gpio-64-95): created GPIO range 5->6 ==> 44e10800.pinmux PIN 98->99
[    0.598088] gpio gpiochip2: (gpio-64-95): created GPIO range 7->8 ==> 44e10800.pinmux PIN 75->76
[    0.598104] gpio gpiochip2: (gpio-64-95): created GPIO range 13->13 ==> 44e10800.pinmux PIN 141->141
[    0.598120] gpio gpiochip2: (gpio-64-95): created GPIO range 14->21 ==> 44e10800.pinmux PIN 100->107
[    0.598765] gpio gpiochip2: (gpio-64-95): added GPIO chardev (254:2)
[    0.598977] gpio gpiochip2: registered GPIOs 576 to 607 on gpio-64-95
[    0.604567] 48000000.interconnect:segment@200000:target-module@0:mpu@0:fck: device ID is greater than 24
[    0.605728] /ocp/interconnect@48000000/segment@300000/target-module@e000/lcdc@0: Fixed dependency cycle(s) with /ocp/interconnect@44c00000/segment@200000/target-module@b000/i2c@0/tda19988@70
[    0.608625] /ocp/interconnect@48000000/segment@300000/target-module@e000/lcdc@0: Fixed dependency cycle(s) with /ocp/interconnect@44c00000/segment@200000/target-module@b000/i2c@0/tda19988@70
[    0.609343] /ocp/interconnect@44c00000/segment@200000/target-module@b000/i2c@0/tda19988@70: Fixed dependency cycle(s) with /ocp/interconnect@48000000/segment@300000/target-module@e000/lcdc@0
[    0.609501] /ocp/interconnect@48000000/segment@300000/target-module@e000/lcdc@0: Fixed dependency cycle(s) with /ocp/interconnect@44c00000/segment@200000/target-module@b000/i2c@0/tda19988@70
[    0.619289] mdio_bus 4a101000.mdio: using DT '/ocp/interconnect@4a000000/segment@0/target-module@100000/switch@0/mdio@1000' for 'reset' GPIO lookup
[    0.619359] of_get_named_gpiod_flags: can't parse 'reset-gpios' property of node '/ocp/interconnect@4a000000/segment@0/target-module@100000/switch@0/mdio@1000[0]'
[    0.619404] of_get_named_gpiod_flags: can't parse 'reset-gpio' property of node '/ocp/interconnect@4a000000/segment@0/target-module@100000/switch@0/mdio@1000[0]'
[    0.619450] mdio_bus 4a101000.mdio: using lookup tables for GPIO lookup
[    0.619460] mdio_bus 4a101000.mdio: No GPIO consumer reset found
[    0.620484] sdhci-omap 481d8000.mmc: using DT '/ocp/interconnect@48000000/segment@100000/target-module@d8000/mmc@0' for 'wp' GPIO lookup
[    0.620542] of_get_named_gpiod_flags: can't parse 'wp-gpios' property of node '/ocp/interconnect@48000000/segment@100000/target-module@d8000/mmc@0[0]'
[    0.620584] of_get_named_gpiod_flags: can't parse 'wp-gpio' property of node '/ocp/interconnect@48000000/segment@100000/target-module@d8000/mmc@0[0]'
[    0.620618] sdhci-omap 481d8000.mmc: using lookup tables for GPIO lookup
[    0.620628] sdhci-omap 481d8000.mmc: No GPIO consumer wp found
[    0.620824] sdhci-omap 481d8000.mmc: supply pbias not found, using dummy regulator
[    0.621313] sdhci-omap 481d8000.mmc: supply vqmmc not found, using dummy regulator
[    0.678540] davinci_mdio 4a101000.mdio: davinci mdio revision 1.6, bus freq 1000000
[    0.700301] mdio_bus 4a101000.mdio:00: using DT '/ocp/interconnect@4a000000/segment@0/target-module@100000/switch@0/mdio@1000/ethernet-phy@0' for 'reset' GPIO lookup
[    0.700401] of_get_named_gpiod_flags: parsed 'reset-gpios' property of node '/ocp/interconnect@4a000000/segment@0/target-module@100000/switch@0/mdio@1000/ethernet-phy@0[0]' - status (0)
[    0.700562] gpio gpiochip0: Persistence not supported for GPIO 8
[    0.838678] davinci_mdio 4a101000.mdio: phy[0]: device 4a101000.mdio:00, driver SMSC LAN8710/LAN8720
[    0.839463] cpsw-switch 4a100000.switch: initialized cpsw ale version 1.4
[    0.839486] cpsw-switch 4a100000.switch: ALE Table size 1024, Policers 0
[    0.839637] cpsw-switch 4a100000.switch: cpts: overflow check period 500 (jiffies)
[    0.839651] cpsw-switch 4a100000.switch: CPTS: ref_clk_freq:250000000 calc_mult:2147483648 calc_shift:29 error:0 nsec/sec
[    0.839758] cpsw-switch 4a100000.switch: Detected MACID = 6c:ec:eb:68:de:78
[    0.841593] cpsw-switch 4a100000.switch: initialized (regs 0x4a100000, pool size 256) hw_ver:0019010C 1.12 (0)
[    0.852753] debugfs: '49000000.dma' already exists in 'dmaengine'
[    0.852796] edma 49000000.dma: TI EDMA DMA engine driver
[    0.872511] gpio-clk clk_mcasp0: using DT '/clk_mcasp0' for 'enable' GPIO lookup
[    0.872586] of_get_named_gpiod_flags: parsed 'enable-gpios' property of node '/clk_mcasp0[0]' - status (0)
[    0.872630] gpio gpiochip0: Persistence not supported for GPIO 27
[    0.873491] gpiochip_find_base_unlocked: found new base at 608
[    0.873602] gpio gpiochip3: (gpio-96-127): created GPIO range 0->7 ==> 44e10800.pinmux PIN 82->89
[    0.873624] gpio gpiochip3: (gpio-96-127): created GPIO range 8->11 ==> 44e10800.pinmux PIN 52->55
[    0.873639] gpio gpiochip3: (gpio-96-127): created GPIO range 12->15 ==> 44e10800.pinmux PIN 94->97
[    0.873655] gpio gpiochip3: (gpio-96-127): created GPIO range 16->17 ==> 44e10800.pinmux PIN 71->72
[    0.873671] gpio gpiochip3: (gpio-96-127): created GPIO range 18->18 ==> 44e10800.pinmux PIN 135->135
[    0.873687] gpio gpiochip3: (gpio-96-127): created GPIO range 19->20 ==> 44e10800.pinmux PIN 108->109
[    0.873704] gpio gpiochip3: (gpio-96-127): created GPIO range 21->21 ==> 44e10800.pinmux PIN 73->73
[    0.873721] gpio gpiochip3: (gpio-96-127): created GPIO range 22->23 ==> 44e10800.pinmux PIN 8->9
[    0.873738] gpio gpiochip3: (gpio-96-127): created GPIO range 26->27 ==> 44e10800.pinmux PIN 10->11
[    0.873755] gpio gpiochip3: (gpio-96-127): created GPIO range 28->28 ==> 44e10800.pinmux PIN 74->74
[    0.873773] gpio gpiochip3: (gpio-96-127): created GPIO range 29->29 ==> 44e10800.pinmux PIN 81->81
[    0.873791] gpio gpiochip3: (gpio-96-127): created GPIO range 30->31 ==> 44e10800.pinmux PIN 28->29
[    0.887590] gpio gpiochip3: (gpio-96-127): added GPIO chardev (254:3)
[    0.887841] gpio gpiochip3: registered GPIOs 608 to 639 on gpio-96-127
[    0.889745] omap8250 44e09000.serial: using DT '/ocp/interconnect@44c00000/segment@200000/target-module@9000/serial@0' for 'rs485-term' GPIO lookup
[    0.889814] of_get_named_gpiod_flags: can't parse 'rs485-term-gpios' property of node '/ocp/interconnect@44c00000/segment@200000/target-module@9000/serial@0[0]'
[    0.889857] of_get_named_gpiod_flags: can't parse 'rs485-term-gpio' property of node '/ocp/interconnect@44c00000/segment@200000/target-module@9000/serial@0[0]'
[    0.889893] omap8250 44e09000.serial: using lookup tables for GPIO lookup
[    0.889903] omap8250 44e09000.serial: No GPIO consumer rs485-term found
[    0.889913] omap8250 44e09000.serial: using DT '/ocp/interconnect@44c00000/segment@200000/target-module@9000/serial@0' for 'rs485-rx-during-tx' GPIO lookup
[    0.889948] of_get_named_gpiod_flags: can't parse 'rs485-rx-during-tx-gpios' property of node '/ocp/interconnect@44c00000/segment@200000/target-module@9000/serial@0[0]'
[    0.889984] of_get_named_gpiod_flags: can't parse 'rs485-rx-during-tx-gpio' property of node '/ocp/interconnect@44c00000/segment@200000/target-module@9000/serial@0[0]'
[    0.890015] omap8250 44e09000.serial: using lookup tables for GPIO lookup
[    0.890023] omap8250 44e09000.serial: No GPIO consumer rs485-rx-during-tx found
[    0.890454] 44e09000.serial: ttyS0 at MMIO 0x44e09000 (irq = 34, base_baud = 3000000) is a 8250
[    0.890545] printk: legacy console [ttyS0] enabled
[    2.421999] i2c i2c-0: using DT '/ocp/interconnect@44c00000/segment@200000/target-module@b000/i2c@0' for 'scl' GPIO lookup
[    2.422086] of_get_named_gpiod_flags: can't parse 'scl-gpios' property of node '/ocp/interconnect@44c00000/segment@200000/target-module@b000/i2c@0[0]'
[    2.422132] of_get_named_gpiod_flags: can't parse 'scl-gpio' property of node '/ocp/interconnect@44c00000/segment@200000/target-module@b000/i2c@0[0]'
[    2.422173] i2c i2c-0: using lookup tables for GPIO lookup
[    2.422188] i2c i2c-0: No GPIO consumer scl found
[    2.422212] i2c i2c-0: using DT '/ocp/interconnect@44c00000/segment@200000/target-module@b000/i2c@0' for 'sda' GPIO lookup
[    2.422250] of_get_named_gpiod_flags: can't parse 'sda-gpios' property of node '/ocp/interconnect@44c00000/segment@200000/target-module@b000/i2c@0[0]'
[    2.422291] of_get_named_gpiod_flags: can't parse 'sda-gpio' property of node '/ocp/interconnect@44c00000/segment@200000/target-module@b000/i2c@0[0]'
[    2.422326] i2c i2c-0: using lookup tables for GPIO lookup
[    2.422338] i2c i2c-0: No GPIO consumer sda found
[    2.435963] tps65217-pmic: Failed to locate of_node [id: -1]
[    2.442053] tps65217-bl: Failed to locate of_node [id: -1]
[    2.448128] platform tps65217-charger: DMA mask not set
[    2.454181] platform tps65217-pwrbutton: DMA mask not set
[    2.461495] tps65217 0-0024: TPS65217 ID 0xe version 1.2
[    2.467627] /ocp/interconnect@48000000/segment@300000/target-module@e000/lcdc@0: Fixed dependency cycle(s) with /ocp/interconnect@44c00000/segment@200000/target-module@b000/i2c@0/tda19988@70
[    2.485048] /ocp/interconnect@44c00000/segment@200000/target-module@b000/i2c@0/tda19988@70: Fixed dependency cycle(s) with /ocp/interconnect@48000000/segment@300000/target-module@e000/lcdc@0
[    2.502399] omap_i2c 44e0b000.i2c: bus 0 rev0.11 at 400 kHz
[    2.510102] sdhci-omap 48060000.mmc: using DT '/ocp/interconnect@48000000/segment@0/target-module@60000/mmc@0' for 'cd' GPIO lookup
[    2.510209] of_get_named_gpiod_flags: parsed 'cd-gpios' property of node '/ocp/interconnect@48000000/segment@0/target-module@60000/mmc@0[0]' - status (0)
[    2.510277] gpio gpiochip3: Persistence not supported for GPIO 6
[    2.510313] omap_gpio 44e07000.gpio: Could not set line 6 debounce to 200000 microseconds (-22)
[    2.519235] sdhci-omap 48060000.mmc: Got CD GPIO
[    2.523890] sdhci-omap 48060000.mmc: using DT '/ocp/interconnect@48000000/segment@0/target-module@60000/mmc@0' for 'wp' GPIO lookup
[    2.523939] of_get_named_gpiod_flags: can't parse 'wp-gpios' property of node '/ocp/interconnect@48000000/segment@0/target-module@60000/mmc@0[0]'
[    2.523982] of_get_named_gpiod_flags: can't parse 'wp-gpio' property of node '/ocp/interconnect@48000000/segment@0/target-module@60000/mmc@0[0]'
[    2.524021] sdhci-omap 48060000.mmc: using lookup tables for GPIO lookup
[    2.524036] sdhci-omap 48060000.mmc: No GPIO consumer wp found
[    2.524248] sdhci-omap 48060000.mmc: supply pbias not found, using dummy regulator
[    2.533052] sdhci-omap 481d8000.mmc: using DT '/ocp/interconnect@48000000/segment@100000/target-module@d8000/mmc@0' for 'wp' GPIO lookup
[    2.533127] of_get_named_gpiod_flags: can't parse 'wp-gpios' property of node '/ocp/interconnect@48000000/segment@100000/target-module@d8000/mmc@0[0]'
[    2.533173] of_get_named_gpiod_flags: can't parse 'wp-gpio' property of node '/ocp/interconnect@48000000/segment@100000/target-module@d8000/mmc@0[0]'
[    2.533211] sdhci-omap 481d8000.mmc: using lookup tables for GPIO lookup
[    2.533225] sdhci-omap 481d8000.mmc: No GPIO consumer wp found
[    2.534237] sdhci-omap 48060000.mmc: supply vqmmc not found, using dummy regulator
[    2.543423] sdhci-omap 481d8000.mmc: supply pbias not found, using dummy regulator
[    2.553233] sdhci-omap 481d8000.mmc: supply vqmmc not found, using dummy regulator
[    2.588721] mmc0: SDHCI controller on 48060000.mmc [48060000.mmc] using External DMA
[    2.597039] mmc1: SDHCI controller on 481d8000.mmc [481d8000.mmc] using External DMA
[    2.605826] cpsw-switch 4a100000.switch: starting ndev. mode: dual_mac
[    2.675297] mmc1: new high speed MMC card at address 0001
[    2.682111] mmcblk1: mmc1:0001 MMC04G 3.60 GiB
[    2.690003]  mmcblk1: p1 p2
[    2.693753] SMSC LAN8710/LAN8720 4a101000.mdio:00: attached PHY driver (mii_bus:phy_addr=4a101000.mdio:00, irq=POLL)
[    2.705363] mmcblk1boot0: mmc1:0001 MMC04G 2.00 MiB
[    2.719672] mmcblk1boot1: mmc1:0001 MMC04G 2.00 MiB
[    2.728621] mmcblk1rpmb: mmc1:0001 MMC04G 128 KiB, chardev (249:0)
[    2.778084] mmc0: new high speed SDHC card at address aaaa
[    2.784894] mmcblk0: mmc0:aaaa SE32G 29.7 GiB
[    2.794169]  mmcblk0: p1 p2
[    5.845766] cpsw-switch 4a100000.switch eth0: Link is Up - 100Mbps/Full - flow control off
[    5.875022] IP-Config: Complete:
[    5.878296]      device=eth0, hwaddr=6c:ec:eb:68:de:78, ipaddr=192.168.255.1, mask=255.255.255.0, gw=255.255.255.255
[    5.888944]      host=bbb1, domain=, nis-domain=(none)
[    5.894113]      bootserver=192.168.255.126, rootserver=192.168.255.126, rootpath=
[    5.894531] clk: Disabling unused clocks
[    5.906445] KTAP version 1
[    5.909177] 1..0
[    5.911867] check access for rdinit=/init failed: -2, ignoring
[    5.951629] VFS: Mounted root (nfs filesystem) on device 0:17.
[    5.958789] devtmpfs: mounted
[    5.963258] Freeing unused kernel image (initmem) memory: 1024K
[    5.970190] Run /sbin/init as init process
[    5.974325]   with arguments:
[    5.974338]     /sbin/init
[    5.974348]     nfsrootdebug
[    5.974357]   with environment:
[    5.974365]     HOME=/
[    5.974374]     TERM=linux
[    6.648476] systemd[1]: System time before build time, advancing clock.
[    8.185026] random: crng init done
[    8.197809] systemd[1]: systemd 232 running in system mode. (+PAM +AUDIT +SELINUX +IMA +APPARMOR +SMACK +SYSVINIT +UTMP +LIBCRYPTSETUP +GCRYPT +GNUTLS +ACL +XZ +LZ4 +SECCOMP +BLKID +ELFUTILS +KMOD +IDN)
[    8.216932] systemd[1]: Detected architecture arm.
[    8.248201] systemd[1]: Set hostname to <arm>.
[    9.361596] systemd[1]: Reached target Swap.
[    9.389092] systemd[1]: Listening on /dev/initctl Compatibility Named Pipe.
[    9.416846] systemd[1]: systemd-journald.socket: SO_PASSSEC failed: Operation not supported
[    9.425764] systemd[1]: systemd-journald.socket: SO_PASSSEC failed: Operation not supported
[    9.434337] systemd[1]: Listening on Journal Socket.
[    9.455748] systemd[1]: Listening on udev Kernel Socket.
[    9.486049] systemd[1]: Listening on Journal Audit Socket.
[   11.508478] systemd-journald[86]: Received request to flush runtime journal from PID 1
[   12.645453] omap_prm 44e00d00.prm: sync_state() pending due to 44d00000.cpu
[   14.419502] leds-gpio leds: using DT '/leds/led2' for '(default)' GPIO lookup
[   14.419607] of_get_named_gpiod_flags: parsed 'gpios' property of node '/leds/led2[0]' - status (0)
[   14.419668] gpio gpiochip0: Persistence not supported for GPIO 21
[   14.419683] gpio-533 (?): no flags found for GPIO (default)
[   14.489675] leds-gpio leds: using DT '/leds/led3' for '(default)' GPIO lookup
[   14.489782] of_get_named_gpiod_flags: parsed 'gpios' property of node '/leds/led3[0]' - status (0)
[   14.489838] gpio gpiochip0: Persistence not supported for GPIO 22
[   14.489853] gpio-534 (?): no flags found for GPIO (default)
[   14.497683] leds-gpio leds: using DT '/leds/led4' for '(default)' GPIO lookup
[   14.497777] of_get_named_gpiod_flags: parsed 'gpios' property of node '/leds/led4[0]' - status (0)
[   14.497829] gpio gpiochip0: Persistence not supported for GPIO 23
[   14.497844] gpio-535 (?): no flags found for GPIO (default)
[   14.510445] leds-gpio leds: using DT '/leds/led5' for '(default)' GPIO lookup
[   14.510544] of_get_named_gpiod_flags: parsed 'gpios' property of node '/leds/led5[0]' - status (0)
[   14.510599] gpio gpiochip0: Persistence not supported for GPIO 24
[   14.510614] gpio-536 (?): no flags found for GPIO (default)
[   14.961115] remoteproc remoteproc0: wkup_m3 is available
[   14.985548] omap_wdt: OMAP Watchdog Timer Rev 0x01: initial timeout 60 sec
[   15.049931] at24 2-0054: supply vcc not found, using dummy regulator
[   15.226066] at24 2-0055: supply vcc not found, using dummy regulator
[   15.329726] at24 2-0056: supply vcc not found, using dummy regulator
[   15.402650] at24 2-0057: supply vcc not found, using dummy regulator
[   15.546142] at24 0-0050: using DT '/ocp/interconnect@44c00000/segment@200000/target-module@b000/i2c@0/eeprom@50' for 'wp' GPIO lookup
[   15.546247] of_get_named_gpiod_flags: can't parse 'wp-gpios' property of node '/ocp/interconnect@44c00000/segment@200000/target-module@b000/i2c@0/eeprom@50[0]'
[   15.546306] of_get_named_gpiod_flags: can't parse 'wp-gpio' property of node '/ocp/interconnect@44c00000/segment@200000/target-module@b000/i2c@0/eeprom@50[0]'
[   15.546353] at24 0-0050: using lookup tables for GPIO lookup
[   15.546368] at24 0-0050: No GPIO consumer wp found
[   15.546683] at24 0-0050: 32768 byte 24c256 EEPROM, writable, 1 bytes/write
[   15.827962] input: tps65217_pwrbutton as /devices/platform/ocp/44c00000.interconnect/44c00000.interconnect:segment@200000/44e0b000.target-module/44e0b000.i2c/i2c-0/0-0024/tps65217-pwrbutton/input/input0
[   15.980633] omap_rtc 44e3e000.rtc: registered as rtc0
[   15.986023] omap_rtc 44e3e000.rtc: setting system clock to 2000-01-01T00:00:00 UTC (946684800)
[   15.994723] omap_rtc 44e3e000.rtc: using DT '/ocp/interconnect@44c00000/segment@200000/target-module@3e000/rtc@0' for 'wp' GPIO lookup
[   15.994796] of_get_named_gpiod_flags: can't parse 'wp-gpios' property of node '/ocp/interconnect@44c00000/segment@200000/target-module@3e000/rtc@0[0]'
[   15.994846] of_get_named_gpiod_flags: can't parse 'wp-gpio' property of node '/ocp/interconnect@44c00000/segment@200000/target-module@3e000/rtc@0[0]'
[   15.994885] omap_rtc 44e3e000.rtc: using lookup tables for GPIO lookup
[   15.994900] omap_rtc 44e3e000.rtc: No GPIO consumer wp found
[   16.569592] am335x-phy-driver 47401300.usb-phy: using DT '/ocp/target-module@47400000/usb-phy@1300' for 'reset' GPIO lookup
[   16.569746] of_get_named_gpiod_flags: can't parse 'reset-gpios' property of node '/ocp/target-module@47400000/usb-phy@1300[0]'
[   16.569848] of_get_named_gpiod_flags: can't parse 'reset-gpio' property of node '/ocp/target-module@47400000/usb-phy@1300[0]'
[   16.569891] am335x-phy-driver 47401300.usb-phy: using lookup tables for GPIO lookup
[   16.569958] am335x-phy-driver 47401300.usb-phy: No GPIO consumer reset found
[   16.569975] am335x-phy-driver 47401300.usb-phy: using DT '/ocp/target-module@47400000/usb-phy@1300' for 'vbus-detect' GPIO lookup
[   16.570010] of_get_named_gpiod_flags: can't parse 'vbus-detect-gpios' property of node '/ocp/target-module@47400000/usb-phy@1300[0]'
[   16.570088] of_get_named_gpiod_flags: can't parse 'vbus-detect-gpio' property of node '/ocp/target-module@47400000/usb-phy@1300[0]'
[   16.570119] am335x-phy-driver 47401300.usb-phy: using lookup tables for GPIO lookup
[   16.570132] am335x-phy-driver 47401300.usb-phy: No GPIO consumer vbus-detect found
[   16.570379] am335x-phy-driver 47401300.usb-phy: dummy supplies not allowed for exclusive requests (id=vbus)
[   16.764465] am335x-phy-driver 47401b00.usb-phy: using DT '/ocp/target-module@47400000/usb-phy@1b00' for 'reset' GPIO lookup
[   16.764608] of_get_named_gpiod_flags: can't parse 'reset-gpios' property of node '/ocp/target-module@47400000/usb-phy@1b00[0]'
[   16.764655] of_get_named_gpiod_flags: can't parse 'reset-gpio' property of node '/ocp/target-module@47400000/usb-phy@1b00[0]'
[   16.764743] am335x-phy-driver 47401b00.usb-phy: using lookup tables for GPIO lookup
[   16.764761] am335x-phy-driver 47401b00.usb-phy: No GPIO consumer reset found
[   16.764821] am335x-phy-driver 47401b00.usb-phy: using DT '/ocp/target-module@47400000/usb-phy@1b00' for 'vbus-detect' GPIO lookup
[   16.764858] of_get_named_gpiod_flags: can't parse 'vbus-detect-gpios' property of node '/ocp/target-module@47400000/usb-phy@1b00[0]'
[   16.764891] of_get_named_gpiod_flags: can't parse 'vbus-detect-gpio' property of node '/ocp/target-module@47400000/usb-phy@1b00[0]'
[   16.764966] am335x-phy-driver 47401b00.usb-phy: using lookup tables for GPIO lookup
[   16.765190] am335x-phy-driver 47401b00.usb-phy: No GPIO consumer vbus-detect found
[   16.765350] am335x-phy-driver 47401b00.usb-phy: dummy supplies not allowed for exclusive requests (id=vbus)
[   16.857956] usbcore: registered new interface driver usbfs
[   16.864220] usbcore: registered new interface driver hub
[   16.869923] usbcore: registered new device driver usb
[   17.336656] tda998x 0-0070: found TDA19988
[   17.665866] musb-hdrc musb-hdrc.1: MUSB HDRC host driver
[   17.671287] musb-hdrc musb-hdrc.1: new USB bus registered, assigned bus number 1
[   17.895510] usb usb1: New USB device found, idVendor=1d6b, idProduct=0002, bcdDevice= 6.17
[   17.905120] usb usb1: New USB device strings: Mfr=3, Product=2, SerialNumber=1
[   17.912395] usb usb1: Product: MUSB HDRC host driver
[   17.917985] usb usb1: Manufacturer: Linux 6.17.0-rc2-next-20250820 musb-hcd
[   17.925053] usb usb1: SerialNumber: musb-hdrc.1
[   18.095910] omap-mailbox 480c8000.mailbox: omap mailbox rev 0x400
[   18.176380] remoteproc remoteproc0: powering up wkup_m3
[   18.280691] hub 1-0:1.0: USB hub found
[   18.360195] hub 1-0:1.0: 1 port detected
[   18.470040] remoteproc remoteproc0: Direct firmware load for am335x-pm-firmware.elf failed with error -2
[   18.479797] remoteproc remoteproc0: request_firmware failed: -2
[   18.485837] wkup_m3_ipc 44e11324.wkup_m3_ipc: rproc_boot failed
[   20.351162] omap_rng 48310000.rng: Random Number Generator ver. 20
[   20.391320] tilcdc 4830e000.lcdc: bound 0-0070 (ops tda998x_audio_codec_init [tda998x])
[   20.564442] [drm] Initialized tilcdc 1.0.0 for 4830e000.lcdc on minor 0
[   20.727583] tilcdc 4830e000.lcdc: [drm] Cannot find any crtc or sizes
[   20.793969] tilcdc 4830e000.lcdc: [drm] Cannot find any crtc or sizes
[   22.301541] omap-sham 53100000.sham: hw accel on OMAP rev 4.3
[   22.395926] omap-sham 53100000.sham: will run requests pump with realtime priority
[   22.484874] PM: Cannot get wkup_m3_ipc handle
[   22.641512] omap-aes 53500000.aes: OMAP AES hw accel rev: 3.2
[   22.740384] omap-aes 53500000.aes: will run requests pump with realtime priority
[   22.751510] PM: Cannot get wkup_m3_ipc handle
[   23.026007] Bluetooth: Core ver 2.22
[   23.029844] NET: Registered PF_BLUETOOTH protocol family
[   23.035380] Bluetooth: HCI device and connection manager initialized
[   23.041797] Bluetooth: HCI socket layer initialized
[   23.046762] Bluetooth: L2CAP socket layer initialized
[   23.051872] Bluetooth: SCO socket layer initialized
[   23.989230] ------------[ cut here ]------------
[   23.993931] WARNING: net/8021q/vlan_core.c:236 at vlan_for_each+0x114/0x134, CPU#0: avahi-daemon/271
[   24.003289] RTNL: assertion failed at net/8021q/vlan_core.c (236)
[   24.009472] Modules linked in: bluetooth snd_soc_simple_card omap_aes_driver snd_soc_simple_card_utils pm33xx omap_crypto omap_sham ti_emif_sram crypto_engine ecdh_generic ecc libaes omap_rng tilcdc rng_core drm_dma_helper drm_client_lib snd_soc_davinci_mcasp snd_soc_ti_udma snd_soc_ti_edma snd_soc_ti_sdma snd_soc_core snd_pcm_dmaengine omap_mailbox snd_pcm snd_timer snd musb_dsps soundcore musb_hdrc tda998x udc_core cec drm_kms_helper usbcore phy_am335x phy_generic drm usb_common cppi41 rtc_omap wkup_m3_ipc tps65218_pwrbutton phy_am335x_control drm_panel_orientation_quirks at24 wkup_m3_rproc omap_wdt watchdog leds_gpio cpufreq_dt led_class autofs4
[   24.067536] CPU: 0 UID: 107 PID: 271 Comm: avahi-daemon Not tainted 6.17.0-rc2-next-20250820 #1 NONE 
[   24.067555] Hardware name: Generic AM33XX (Flattened Device Tree)
[   24.067564] Call trace: 
[   24.067580]  unwind_backtrace from show_stack+0x10/0x14
[   24.067618]  show_stack from dump_stack_lvl+0x50/0x64
[   24.067644]  dump_stack_lvl from __warn+0x88/0x148
[   24.067661]  __warn from warn_slowpath_fmt+0x19c/0x1b0
[   24.067674]  warn_slowpath_fmt from vlan_for_each+0x114/0x134
[   24.067697]  vlan_for_each from cpsw_add_mc_addr+0x40/0xa4
[   24.067726]  cpsw_add_mc_addr from __hw_addr_ref_sync_dev+0x108/0x140
[   24.067759]  __hw_addr_ref_sync_dev from __dev_mc_add+0x7c/0x80
[   24.067784]  __dev_mc_add from igmp6_group_added+0xc8/0xe0
[   24.067814]  igmp6_group_added from __ipv6_dev_mc_inc+0x218/0x364
[   24.067833]  __ipv6_dev_mc_inc from __ipv6_sock_mc_join+0x11c/0x214
[   24.067852]  __ipv6_sock_mc_join from do_ipv6_setsockopt+0x1214/0x1310
[   24.067887]  do_ipv6_setsockopt from ipv6_setsockopt+0x60/0xcc
[   24.067909]  ipv6_setsockopt from udpv6_setsockopt+0x2c/0x6c
[   24.067928]  udpv6_setsockopt from sock_common_setsockopt+0x30/0x40
[   24.067944]  sock_common_setsockopt from do_sock_setsockopt+0x50/0x9c
[   24.067966]  do_sock_setsockopt from __sys_setsockopt+0x70/0xbc
[   24.067990]  __sys_setsockopt from ret_fast_syscall+0x0/0x58
[   24.068008] Exception stack(0xe02edfa8 to 0xe02edff0)
[   24.068022] dfa0:                   00000014 b6fadce8 0000000d 00000029 00000014 be94a9ec
[   24.068033] dfc0: 00000014 b6fadce8 00000014 00000126 0000000d b6f56ff4 0046e988 00456558
[   24.068042] dfe0: b6f6c088 be94a9d8 b6f49309 b6e2041a
[   24.068048] ---[ end trace 0000000000000000 ]---
[   25.844186] tda998x 0-0070: using DT '/ocp/interconnect@44c00000/segment@200000/target-module@b000/i2c@0/tda19988@70' for 'nxp,calib' GPIO lookup
[   25.844329] of_get_named_gpiod_flags: parsed 'nxp,calib-gpios' property of node '/ocp/interconnect@44c00000/segment@200000/target-module@b000/i2c@0/tda19988@70[0]' - status (0)
[   25.844414] gpio gpiochip0: Persistence not supported for GPIO 25
[   25.844429] gpio-537 (nxp,calib): no flags found for GPIO nxp,calib
[   25.855903] gpio-537 (nxp,calib): gpiod_direction_output_nonotify: tried to set a GPIO tied to an IRQ as output
[   25.886003] PM: Cannot get wkup_m3_ipc handle
[   25.891800] asoc-simple-card sound: using DT '/sound' for 'simple-audio-card,hp-det' GPIO lookup
[   25.891871] of_get_named_gpiod_flags: can't parse 'simple-audio-card,hp-det-gpios' property of node '/sound[0]'
[   25.891906] of_get_named_gpiod_flags: can't parse 'simple-audio-card,hp-det-gpio' property of node '/sound[0]'
[   25.891931] asoc-simple-card sound: using lookup tables for GPIO lookup
[   25.891945] asoc-simple-card sound: No GPIO consumer simple-audio-card,hp-det found
[   25.891961] asoc-simple-card sound: using DT '/sound' for 'simple-audio-card,mic-det' GPIO lookup
[   25.891984] of_get_named_gpiod_flags: can't parse 'simple-audio-card,mic-det-gpios' property of node '/sound[0]'
[   25.892009] of_get_named_gpiod_flags: can't parse 'simple-audio-card,mic-det-gpio' property of node '/sound[0]'
[   25.892028] asoc-simple-card sound: using lookup tables for GPIO lookup
[   25.892040] asoc-simple-card sound: No GPIO consumer simple-audio-card,mic-det found
[   25.995945] PM: Cannot get wkup_m3_ipc handle
[   26.178678] tda9950 0-0034: TDA9950 CEC interface, hardware version 3.3
[   26.307823] PM: Cannot get wkup_m3_ipc handle
[   29.477776] userial_init: registered 8 ttyGS* devices
[   29.631478] rndis_register: configNr = 0
[   29.680939] udc musb-hdrc.0: binding gadget driver [g_multi]
[   29.681037] configfs-gadget.g_multi gadget.0: adding 'rndis'/39476b99 to config 'c'/a407ac48
[   29.682170] configfs-gadget.g_multi gadget.0: HOST MAC 1c:ba:8c:a2:ed:6c
[   29.689186] configfs-gadget.g_multi gadget.0: MAC 1c:ba:8c:a2:ed:70
[   29.695629] rndis_set_param_medium: 0 0
[   29.695649] configfs-gadget.g_multi gadget.0: RNDIS: IN/ep1in OUT/ep1out NOTIFY/ep2in
[   29.695666] configfs-gadget.g_multi gadget.0: adding 'cdc_ethernet'/aa064d94 to config 'c'/a407ac48
[   29.696609] configfs-gadget.g_multi gadget.0: HOST MAC 1c:ba:8c:a2:ed:6c
[   29.703371] configfs-gadget.g_multi gadget.0: MAC 1c:ba:8c:a2:ed:6d
[   29.709807] configfs-gadget.g_multi gadget.0: CDC Ethernet: IN/ep3in OUT/ep2out NOTIFY/ep4in
[   29.709827] configfs-gadget.g_multi gadget.0: adding 'acm'/1f6fac23 to config 'c'/a407ac48
[   29.709861] configfs-gadget.g_multi gadget.0: acm ttyGS0: IN/ep5in OUT/ep3out NOTIFY/ep6in
[   29.725710] PM: Cannot get wkup_m3_ipc handle
[   31.549032] configfs-gadget.g_multi gadget.0: eth_open
[   35.490483] gs_open: ttyGS0 (3418070b,d4092303)
[   35.490640] gs_close: ttyGS0 (3418070b,d4092303) ...
[   35.490662] gs_close: ttyGS0 (3418070b,d4092303) done!
[   35.508976] gs_open: ttyGS0 (0b697e84,1eb44d00)
[   35.509087] gs_close: ttyGS0 (0b697e84,1eb44d00) ...
[   35.509108] gs_close: ttyGS0 (0b697e84,1eb44d00) done!
[   35.668303] gs_open: ttyGS0 (1c70e579,cddf845c)
[   35.674286] gs_close: ttyGS0 (1c70e579,cddf845c) ...
[   35.674356] gs_close: ttyGS0 (1c70e579,cddf845c) done!
[   35.674681] gs_open: ttyGS0 (d84e451c,cddf845c)
VHLVOZPSCS 0
root@arm:~# echo 'KFCZ''ACHXMT'
KFCZACHXMT
root@arm:~# MARKER='FQWU''LPXXFO' run 'modprobe test_linear_ranges'
FQWULPXXFOFQWULPXXFO 0
root@arm:~# echo 'MFLW''LVTUCO'
MFLWLVTUCO
root@arm:~# MARKER='TSAV''CKCHXX' run dmesg
TSAVCKCHXX[    0.000000] Booting Linux on physical CPU 0x0
[    0.000000] Linux version 6.17.0-rc2-next-20250820 (user01@drvtest01) (arm-none-eabi-gcc (Arm GNU Toolchain 14.2.Rel1 (Build arm-14.52)) 14.2.1 20241119, GNU ld (Arm GNU Toolchain 14.2.Rel1 (Build arm-14.52)) 2.43.1.20241119) #1 SMP Wed Aug 20 08:39:19 EEST 2025
[    0.000000] CPU: ARMv7 Processor [413fc082] revision 2 (ARMv7), cr=10c5387d
[    0.000000] CPU: PIPT / VIPT nonaliasing data cache, VIPT aliasing instruction cache
[    0.000000] OF: fdt: Machine model: TI AM335x BeagleBone Black
[    0.000000] Memory policy: Data cache writeback
[    0.000000] cma: Reserved 16 MiB at 0x9e800000
[    0.000000] Zone ranges:
[    0.000000]   Normal   [mem 0x0000000080000000-0x000000009fdfffff]
[    0.000000]   HighMem  empty
[    0.000000] Movable zone start for each node
[    0.000000] Early memory node ranges
[    0.000000]   node   0: [mem 0x0000000080000000-0x000000009fdfffff]
[    0.000000] Initmem setup node 0 [mem 0x0000000080000000-0x000000009fdfffff]
[    0.000000] On node 0, zone Normal: 512 pages in unavailable ranges
[    0.000000] OF: reserved mem: Reserved memory: No reserved-memory node in the DT
[    0.000000] CPU: All CPU(s) started in SVC mode.
[    0.000000] AM335X ES2.1 (sgx neon)
[    0.000000] percpu: Embedded 17 pages/cpu s39820 r8192 d21620 u69632
[    0.000000] pcpu-alloc: s39820 r8192 d21620 u69632 alloc=17*4096
[    0.000000] pcpu-alloc: [0] 0 
[    0.000000] Kernel command line: console=ttyO0,115200n8 root=/dev/nfs rw nfsroot=192.168.255.126:/home/user01/nfs,nfsvers=3 ip=192.168.255.1:192.168.255.126::255.255.255.0:bbb1:eth0 nfsrootdebug
[    0.000000] Unknown kernel command line parameters "nfsrootdebug", will be passed to user space.
[    0.000000] printk: log buffer data + meta data: 65536 + 204800 = 270336 bytes
[    0.000000] Dentry cache hash table entries: 65536 (order: 6, 262144 bytes, linear)
[    0.000000] Inode-cache hash table entries: 32768 (order: 5, 131072 bytes, linear)
[    0.000000] Built 1 zonelists, mobility grouping on.  Total pages: 130560
[    0.000000] mem auto-init: stack:off, heap alloc:off, heap free:off
[    0.000000] SLUB: HWalign=16, Order=0-3, MinObjects=0, CPUs=1, Nodes=1
[    0.000000] rcu: Hierarchical RCU implementation.
[    0.000000] rcu: 	RCU event tracing is enabled.
[    0.000000] rcu: 	RCU restricting CPUs from NR_CPUS=2 to nr_cpu_ids=1.
[    0.000000] 	Tracing variant of Tasks RCU enabled.
[    0.000000] rcu: RCU calculated value of scheduler-enlistment delay is 10 jiffies.
[    0.000000] rcu: Adjusting geometry for rcu_fanout_leaf=16, nr_cpu_ids=1
[    0.000000] RCU Tasks Trace: Setting shift to 0 and lim to 1 rcu_task_cb_adjust=1 rcu_task_cpu_ids=1.
[    0.000000] NR_IRQS: 16, nr_irqs: 16, preallocated irqs: 16
[    0.000000] IRQ: Found an INTC at 0x(ptrval) (revision 5.0) with 128 interrupts
[    0.000000] rcu: srcu_init: Setting srcu_struct sizes based on contention.
[    0.000000] TI gptimer clocksource: always-on /ocp/interconnect@44c00000/segment@200000/target-module@31000
[    0.000002] sched_clock: 32 bits at 24MHz, resolution 41ns, wraps every 89478484971ns
[    0.000025] clocksource: dmtimer: mask: 0xffffffff max_cycles: 0xffffffff, max_idle_ns: 79635851949 ns
[    0.000509] TI gptimer clockevent: 24000000 Hz at /ocp/interconnect@48000000/segment@0/target-module@40000
[    0.002077] Console: colour dummy device 80x30
[    0.002142] WARNING: Your 'console=ttyO0' has been replaced by 'ttyS0'
[    0.002150] This ensures that you still see kernel messages. Please
[    0.002154] update your kernel commandline.
[    0.002197] Calibrating delay loop... 996.14 BogoMIPS (lpj=4980736)
[    0.090559] CPU: Testing write buffer coherency: ok
[    0.090672] CPU0: Spectre v2: using BPIALL workaround
[    0.090682] pid_max: default: 32768 minimum: 301
[    0.090840] LSM: initializing lsm=capability
[    0.091005] Mount-cache hash table entries: 1024 (order: 0, 4096 bytes, linear)
[    0.091021] Mountpoint-cache hash table entries: 1024 (order: 0, 4096 bytes, linear)
[    0.092593] CPU0: thread -1, cpu 0, socket -1, mpidr 0
[    0.092649] cacheinfo: Unable to detect cache hierarchy for CPU 0
[    0.094623] Setting up static identity map for 0x80100000 - 0x80100078
[    0.094961] rcu: Hierarchical SRCU implementation.
[    0.094971] rcu: 	Max phase no-delay instances is 1000.
[    0.096685] smp: Bringing up secondary CPUs ...
[    0.096742] smp: Brought up 1 node, 1 CPU
[    0.096753] SMP: Total of 1 processors activated (996.14 BogoMIPS).
[    0.096763] CPU: All CPU(s) started in SVC mode.
[    0.096964] Memory: 480856K/522240K available (11264K kernel code, 1219K rwdata, 2936K rodata, 1024K init, 253K bss, 23352K reserved, 16384K cma-reserved, 0K highmem)
[    0.097783] devtmpfs: initialized
[    0.115081] VFP support v0.3: implementor 41 architecture 3 part 30 variant c rev 3
[    0.115714] clocksource: jiffies: mask: 0xffffffff max_cycles: 0xffffffff, max_idle_ns: 19112604462750000 ns
[    0.115771] posixtimers hash table entries: 512 (order: 0, 4096 bytes, linear)
[    0.115797] futex hash table entries: 256 (16384 bytes on 1 NUMA nodes, total 16 KiB, linear).
[    0.116916] pinctrl core: initialized pinctrl subsystem
[    0.119064] NET: Registered PF_NETLINK/PF_ROUTE protocol family
[    0.122193] DMA: preallocated 256 KiB pool for atomic coherent allocations
[    0.122804] audit: initializing netlink subsys (disabled)
[    0.124124] thermal_sys: Registered thermal governor 'fair_share'
[    0.124139] thermal_sys: Registered thermal governor 'step_wise'
[    0.124149] thermal_sys: Registered thermal governor 'user_space'
[    0.124260] audit: type=2000 audit(0.120:1): state=initialized audit_enabled=0 res=1
[    0.124332] cpuidle: using governor menu
[    0.142726] /ocp/interconnect@44c00000/segment@200000/target-module@b000/i2c@0/tda19988@70: Fixed dependency cycle(s) with /ocp/interconnect@48000000/segment@300000/target-module@e000/lcdc@0
[    0.143831] /ocp/interconnect@48000000/segment@300000/target-module@e000/lcdc@0: Fixed dependency cycle(s) with /ocp/interconnect@44c00000/segment@200000/target-module@b000/i2c@0/tda19988@70
[    0.146070] No ATAGs?
[    0.146112] hw-breakpoint: debug architecture 0x4 unsupported.
[    0.149224] kprobes: kprobe jump-optimization is enabled. All kprobes are optimized if possible.
[    0.163905] iommu: Default domain type: Translated
[    0.163927] iommu: DMA domain TLB invalidation policy: strict mode
[    0.165497] reg-fixed-voltage fixedregulator0: using DT '/fixedregulator0' for '(default)' GPIO lookup
[    0.165553] of_get_named_gpiod_flags: can't parse 'gpios' property of node '/fixedregulator0[0]'
[    0.165580] of_get_named_gpiod_flags: can't parse 'gpio' property of node '/fixedregulator0[0]'
[    0.165597] reg-fixed-voltage fixedregulator0: using lookup tables for GPIO lookup
[    0.165608] reg-fixed-voltage fixedregulator0: No GPIO consumer (default) found
[    0.171798] SCSI subsystem initialized
[    0.172275] libata version 3.00 loaded.
[    0.172654] pps_core: LinuxPPS API ver. 1 registered
[    0.172664] pps_core: Software ver. 5.3.6 - Copyright 2005-2007 Rodolfo Giometti <giometti@linux.it>
[    0.172690] PTP clock support registered
[    0.174663] vgaarb: loaded
[    0.180987] clocksource: Switched to clocksource dmtimer
[    0.181693] VFS: Disk quotas dquot_6.6.0
[    0.181752] VFS: Dquot-cache hash table entries: 1024 (order 0, 4096 bytes)
[    0.208276] NET: Registered PF_INET protocol family
[    0.208616] IP idents hash table entries: 8192 (order: 4, 65536 bytes, linear)
[    0.210030] tcp_listen_portaddr_hash hash table entries: 512 (order: 0, 4096 bytes, linear)
[    0.210066] Table-perturb hash table entries: 65536 (order: 6, 262144 bytes, linear)
[    0.210083] TCP established hash table entries: 4096 (order: 2, 16384 bytes, linear)
[    0.210129] TCP bind hash table entries: 4096 (order: 4, 65536 bytes, linear)
[    0.210228] TCP: Hash tables configured (established 4096 bind 4096)
[    0.210347] UDP hash table entries: 256 (order: 1, 14336 bytes, linear)
[    0.210381] UDP-Lite hash table entries: 256 (order: 1, 14336 bytes, linear)
[    0.210573] NET: Registered PF_UNIX/PF_LOCAL protocol family
[    0.215785] RPC: Registered named UNIX socket transport module.
[    0.215806] RPC: Registered udp transport module.
[    0.215811] RPC: Registered tcp transport module.
[    0.215816] RPC: Registered tcp-with-tls transport module.
[    0.215821] RPC: Registered tcp NFSv4.1 backchannel transport module.
[    0.215844] PCI: CLS 0 bytes, default 64
[    0.217248] Initialise system trusted keyrings
[    0.218400] workingset: timestamp_bits=14 max_order=17 bucket_order=3
[    0.219805] NFS: Registering the id_resolver key type
[    0.219900] Key type id_resolver registered
[    0.219907] Key type id_legacy registered
[    0.220012] jffs2: version 2.2. (NAND) (SUMMARY)  Â© 2001-2006 Red Hat, Inc.
[    0.220534] Key type asymmetric registered
[    0.220550] Asymmetric key parser 'x509' registered
[    0.220622] io scheduler mq-deadline registered
[    0.220631] io scheduler kyber registered
[    0.220709] io scheduler bfq registered
[    0.226928] target-module@4b000000:target-module@140000:pmu@0:fck: device ID is greater than 24
[    0.233124] l3-aon-clkctrl:0000:0: failed to disable
[    0.233184] ledtrig-cpu: registered to indicate activity on CPUs
[    0.245286] Serial: 8250/16550 driver, 6 ports, IRQ sharing enabled
[    0.287707] brd: module loaded
[    0.310502] loop: module loaded
[    0.311432] mtdoops: mtd device (mtddev=name/number) must be supplied
[    0.313000] mdio_bus fixed-0: using lookup tables for GPIO lookup
[    0.313025] mdio_bus fixed-0: No GPIO consumer reset found
[    0.314409] i2c_dev: i2c /dev entries driver
[    0.315611] cpuidle: enable-method property 'ti,am3352' found operations
[    0.316070] sdhci: Secure Digital Host Controller Interface driver
[    0.316079] sdhci: Copyright(c) Pierre Ossman
[    0.316264] sdhci-pltfm: SDHCI platform and OF driver helper
[    0.317808] hw perfevents: enabled with armv7_cortex_a8 PMU driver, 5 (8000000f) counters available
[    0.318329] Initializing XFRM netlink socket
[    0.318499] NET: Registered PF_INET6 protocol family
[    0.324214] l3-aon-clkctrl:0000:0: failed to disable
[    0.339251] Segment Routing with IPv6
[    0.339337] In-situ OAM (IOAM) with IPv6
[    0.339430] sit: IPv6, IPv4 and MPLS over IPv4 tunneling driver
[    0.340387] NET: Registered PF_PACKET protocol family
[    0.340412] NET: Registered PF_KEY protocol family
[    0.340533] Key type dns_resolver registered
[    0.340764] ThumbEE CPU extension supported.
[    0.340783] Registering SWP/SWPB emulation handler
[    0.341327] omap_voltage_late_init: Voltage driver support not added
[    0.342004] SmartReflex Class3 initialized
[    0.374719] Loading compiled-in X.509 certificates
[    0.414397] /ocp/interconnect@44c00000/segment@200000/target-module@b000/i2c@0/tda19988@70: Fixed dependency cycle(s) with /ocp/interconnect@48000000/segment@300000/target-module@e000/lcdc@0
[    0.420943] /ocp/interconnect@44c00000/segment@200000/target-module@b000/i2c@0/tda19988@70: Fixed dependency cycle(s) with /ocp/interconnect@48000000/segment@300000/target-module@e000/lcdc@0
[    0.426667] gpiochip_find_base_unlocked: found new base at 512
[    0.451168] /ocp/interconnect@44c00000/segment@200000/target-module@b000/i2c@0/tda19988@70: Fixed dependency cycle(s) with /ocp/interconnect@48000000/segment@300000/target-module@e000/lcdc@0
[    0.452053] /ocp/interconnect@44c00000/segment@200000/target-module@b000/i2c@0/tda19988@70: Fixed dependency cycle(s) with /ocp/interconnect@48000000/segment@300000/target-module@e000/lcdc@0
[    0.455826] /ocp/interconnect@44c00000/segment@200000/target-module@10000/scm@0/pinmux@800: Fixed dependency cycle(s) with /ocp/interconnect@44c00000/segment@200000/target-module@10000/scm@0/pinmux@800/clkout2-pins
[    0.456436] pinctrl-single 44e10800.pinmux: 142 pins, size 568
[    0.461747] ti-sysc 44e31000.target-module: probe with driver ti-sysc failed with error -16
[    0.487631] /ocp/interconnect@48000000/segment@300000/target-module@e000/lcdc@0: Fixed dependency cycle(s) with /ocp/interconnect@44c00000/segment@200000/target-module@b000/i2c@0/tda19988@70
[    0.495802] ti-sysc 48040000.target-module: probe with driver ti-sysc failed with error -16
[    0.507284] gpiochip_find_base_unlocked: found new base at 512
[    0.507382] gpio gpiochip0: (gpio-0-31): created GPIO range 0->7 ==> 44e10800.pinmux PIN 0->7
[    0.507403] gpio gpiochip0: (gpio-0-31): created GPIO range 8->11 ==> 44e10800.pinmux PIN 90->93
[    0.507418] gpio gpiochip0: (gpio-0-31): created GPIO range 12->27 ==> 44e10800.pinmux PIN 12->27
[    0.507433] gpio gpiochip0: (gpio-0-31): created GPIO range 28->31 ==> 44e10800.pinmux PIN 30->33
[    0.543356] gpio gpiochip0: (gpio-0-31): added GPIO chardev (254:0)
[    0.543586] gpio gpiochip0: registered GPIOs 512 to 543 on gpio-0-31
[    0.543672] OMAP GPIO hardware version 0.1
[    0.569616] i2c i2c-2: using DT '/ocp/interconnect@48000000/segment@100000/target-module@9c000/i2c@0' for 'scl' GPIO lookup
[    0.569695] of_get_named_gpiod_flags: can't parse 'scl-gpios' property of node '/ocp/interconnect@48000000/segment@100000/target-module@9c000/i2c@0[0]'
[    0.569738] of_get_named_gpiod_flags: can't parse 'scl-gpio' property of node '/ocp/interconnect@48000000/segment@100000/target-module@9c000/i2c@0[0]'
[    0.569774] i2c i2c-2: using lookup tables for GPIO lookup
[    0.569784] i2c i2c-2: No GPIO consumer scl found
[    0.569806] i2c i2c-2: using DT '/ocp/interconnect@48000000/segment@100000/target-module@9c000/i2c@0' for 'sda' GPIO lookup
[    0.569844] of_get_named_gpiod_flags: can't parse 'sda-gpios' property of node '/ocp/interconnect@48000000/segment@100000/target-module@9c000/i2c@0[0]'
[    0.569882] of_get_named_gpiod_flags: can't parse 'sda-gpio' property of node '/ocp/interconnect@48000000/segment@100000/target-module@9c000/i2c@0[0]'
[    0.569913] i2c i2c-2: using lookup tables for GPIO lookup
[    0.569920] i2c i2c-2: No GPIO consumer sda found
[    0.570637] omap_i2c 4819c000.i2c: bus 2 rev0.11 at 100 kHz
[    0.576525] gpiochip_find_base_unlocked: found new base at 544
[    0.576625] gpio gpiochip1: (gpio-32-63): created GPIO range 0->17 ==> 44e10800.pinmux PIN 34->51
[    0.576645] gpio gpiochip1: (gpio-32-63): created GPIO range 18->21 ==> 44e10800.pinmux PIN 77->80
[    0.576661] gpio gpiochip1: (gpio-32-63): created GPIO range 22->31 ==> 44e10800.pinmux PIN 56->65
[    0.595416] gpio gpiochip1: (gpio-32-63): added GPIO chardev (254:1)
[    0.595662] gpio gpiochip1: registered GPIOs 544 to 575 on gpio-32-63
[    0.597944] gpiochip_find_base_unlocked: found new base at 576
[    0.598038] gpio gpiochip2: (gpio-64-95): created GPIO range 0->4 ==> 44e10800.pinmux PIN 66->70
[    0.598061] gpio gpiochip2: (gpio-64-95): created GPIO range 5->6 ==> 44e10800.pinmux PIN 98->99
[    0.598088] gpio gpiochip2: (gpio-64-95): created GPIO range 7->8 ==> 44e10800.pinmux PIN 75->76
[    0.598104] gpio gpiochip2: (gpio-64-95): created GPIO range 13->13 ==> 44e10800.pinmux PIN 141->141
[    0.598120] gpio gpiochip2: (gpio-64-95): created GPIO range 14->21 ==> 44e10800.pinmux PIN 100->107
[    0.598765] gpio gpiochip2: (gpio-64-95): added GPIO chardev (254:2)
[    0.598977] gpio gpiochip2: registered GPIOs 576 to 607 on gpio-64-95
[    0.604567] 48000000.interconnect:segment@200000:target-module@0:mpu@0:fck: device ID is greater than 24
[    0.605728] /ocp/interconnect@48000000/segment@300000/target-module@e000/lcdc@0: Fixed dependency cycle(s) with /ocp/interconnect@44c00000/segment@200000/target-module@b000/i2c@0/tda19988@70
[    0.608625] /ocp/interconnect@48000000/segment@300000/target-module@e000/lcdc@0: Fixed dependency cycle(s) with /ocp/interconnect@44c00000/segment@200000/target-module@b000/i2c@0/tda19988@70
[    0.609343] /ocp/interconnect@44c00000/segment@200000/target-module@b000/i2c@0/tda19988@70: Fixed dependency cycle(s) with /ocp/interconnect@48000000/segment@300000/target-module@e000/lcdc@0
[    0.609501] /ocp/interconnect@48000000/segment@300000/target-module@e000/lcdc@0: Fixed dependency cycle(s) with /ocp/interconnect@44c00000/segment@200000/target-module@b000/i2c@0/tda19988@70
[    0.619289] mdio_bus 4a101000.mdio: using DT '/ocp/interconnect@4a000000/segment@0/target-module@100000/switch@0/mdio@1000' for 'reset' GPIO lookup
[    0.619359] of_get_named_gpiod_flags: can't parse 'reset-gpios' property of node '/ocp/interconnect@4a000000/segment@0/target-module@100000/switch@0/mdio@1000[0]'
[    0.619404] of_get_named_gpiod_flags: can't parse 'reset-gpio' property of node '/ocp/interconnect@4a000000/segment@0/target-module@100000/switch@0/mdio@1000[0]'
[    0.619450] mdio_bus 4a101000.mdio: using lookup tables for GPIO lookup
[    0.619460] mdio_bus 4a101000.mdio: No GPIO consumer reset found
[    0.620484] sdhci-omap 481d8000.mmc: using DT '/ocp/interconnect@48000000/segment@100000/target-module@d8000/mmc@0' for 'wp' GPIO lookup
[    0.620542] of_get_named_gpiod_flags: can't parse 'wp-gpios' property of node '/ocp/interconnect@48000000/segment@100000/target-module@d8000/mmc@0[0]'
[    0.620584] of_get_named_gpiod_flags: can't parse 'wp-gpio' property of node '/ocp/interconnect@48000000/segment@100000/target-module@d8000/mmc@0[0]'
[    0.620618] sdhci-omap 481d8000.mmc: using lookup tables for GPIO lookup
[    0.620628] sdhci-omap 481d8000.mmc: No GPIO consumer wp found
[    0.620824] sdhci-omap 481d8000.mmc: supply pbias not found, using dummy regulator
[    0.621313] sdhci-omap 481d8000.mmc: supply vqmmc not found, using dummy regulator
[    0.678540] davinci_mdio 4a101000.mdio: davinci mdio revision 1.6, bus freq 1000000
[    0.700301] mdio_bus 4a101000.mdio:00: using DT '/ocp/interconnect@4a000000/segment@0/target-module@100000/switch@0/mdio@1000/ethernet-phy@0' for 'reset' GPIO lookup
[    0.700401] of_get_named_gpiod_flags: parsed 'reset-gpios' property of node '/ocp/interconnect@4a000000/segment@0/target-module@100000/switch@0/mdio@1000/ethernet-phy@0[0]' - status (0)
[    0.700562] gpio gpiochip0: Persistence not supported for GPIO 8
[    0.838678] davinci_mdio 4a101000.mdio: phy[0]: device 4a101000.mdio:00, driver SMSC LAN8710/LAN8720
[    0.839463] cpsw-switch 4a100000.switch: initialized cpsw ale version 1.4
[    0.839486] cpsw-switch 4a100000.switch: ALE Table size 1024, Policers 0
[    0.839637] cpsw-switch 4a100000.switch: cpts: overflow check period 500 (jiffies)
[    0.839651] cpsw-switch 4a100000.switch: CPTS: ref_clk_freq:250000000 calc_mult:2147483648 calc_shift:29 error:0 nsec/sec
[    0.839758] cpsw-switch 4a100000.switch: Detected MACID = 6c:ec:eb:68:de:78
[    0.841593] cpsw-switch 4a100000.switch: initialized (regs 0x4a100000, pool size 256) hw_ver:0019010C 1.12 (0)
[    0.852753] debugfs: '49000000.dma' already exists in 'dmaengine'
[    0.852796] edma 49000000.dma: TI EDMA DMA engine driver
[    0.872511] gpio-clk clk_mcasp0: using DT '/clk_mcasp0' for 'enable' GPIO lookup
[    0.872586] of_get_named_gpiod_flags: parsed 'enable-gpios' property of node '/clk_mcasp0[0]' - status (0)
[    0.872630] gpio gpiochip0: Persistence not supported for GPIO 27
[    0.873491] gpiochip_find_base_unlocked: found new base at 608
[    0.873602] gpio gpiochip3: (gpio-96-127): created GPIO range 0->7 ==> 44e10800.pinmux PIN 82->89
[    0.873624] gpio gpiochip3: (gpio-96-127): created GPIO range 8->11 ==> 44e10800.pinmux PIN 52->55
[    0.873639] gpio gpiochip3: (gpio-96-127): created GPIO range 12->15 ==> 44e10800.pinmux PIN 94->97
[    0.873655] gpio gpiochip3: (gpio-96-127): created GPIO range 16->17 ==> 44e10800.pinmux PIN 71->72
[    0.873671] gpio gpiochip3: (gpio-96-127): created GPIO range 18->18 ==> 44e10800.pinmux PIN 135->135
[    0.873687] gpio gpiochip3: (gpio-96-127): created GPIO range 19->20 ==> 44e10800.pinmux PIN 108->109
[    0.873704] gpio gpiochip3: (gpio-96-127): created GPIO range 21->21 ==> 44e10800.pinmux PIN 73->73
[    0.873721] gpio gpiochip3: (gpio-96-127): created GPIO range 22->23 ==> 44e10800.pinmux PIN 8->9
[    0.873738] gpio gpiochip3: (gpio-96-127): created GPIO range 26->27 ==> 44e10800.pinmux PIN 10->11
[    0.873755] gpio gpiochip3: (gpio-96-127): created GPIO range 28->28 ==> 44e10800.pinmux PIN 74->74
[    0.873773] gpio gpiochip3: (gpio-96-127): created GPIO range 29->29 ==> 44e10800.pinmux PIN 81->81
[    0.873791] gpio gpiochip3: (gpio-96-127): created GPIO range 30->31 ==> 44e10800.pinmux PIN 28->29
[    0.887590] gpio gpiochip3: (gpio-96-127): added GPIO chardev (254:3)
[    0.887841] gpio gpiochip3: registered GPIOs 608 to 639 on gpio-96-127
[    0.889745] omap8250 44e09000.serial: using DT '/ocp/interconnect@44c00000/segment@200000/target-module@9000/serial@0' for 'rs485-term' GPIO lookup
