Labgrid Console Logfile for main
Logfile started at 2024-10-25 09:20:09.045736
=== Log starts here ===

U-Boot SPL 2014.04-00014-g47880f5 (Apr 22 2014 - 13:23:54)
reading args
spl_load_image_fat_os: error reading image args, err - -1
reading u-boot.img
reading u-boot.img


U-Boot 2014.04-00014-g47880f5 (Apr 22 2014 - 13:23:54)

I2C:   ready
DRAM:  512 MiB
NAND:  0 MiB
MMC:   OMAP SD/MMC: 0, OMAP SD/MMC: 1
*** Warning - readenv() failed, using default environment

Net:   <ethaddr> not set. Validating first E-fuse MAC
cpsw, usb_ether
Hit any key to stop autoboot:  1  0 
gpio: pin 53 (gpio 53) value is 1
mmc0 is current device
gpio: pin 54 (gpio 54) value is 1
SD/MMC found on device 0
reading uEnv.txt
569 bytes read in 4 ms (138.7 KiB/s)
gpio: pin 55 (gpio 55) value is 1
Loaded environment from uEnv.txt
Importing environment from mmc ...
Checking if uenvcmd is set ...
gpio: pin 56 (gpio 56) value is 1
Running uenvcmd ...
cpsw Waiting for PHY auto negotiation to complete. done
link up on port 0, speed 100, full duplex
Using cpsw device
TFTP from server 192.168.255.126; our IP address is 192.168.255.1
Filename 'zImage'.
Load address: 0x81000000
Loading: *#################################################################
	 #################################################################
	 #################################################################
	 #################################################################
	 #################################################################
	 ###################################################
	 2.4 MiB/s
done
Bytes transferred = 5516864 (542e40 hex)
link up on port 0, speed 100, full duplex
Using cpsw device
TFTP from server 192.168.255.126; our IP address is 192.168.255.1
Filename 'am335x-boneblack.dtb'.
Load address: 0x82000000
Loading: *#######
	 2.2 MiB/s
done
Bytes transferred = 98244 (17fc4 hex)
Kernel image @ 0x81000000 [ 0x000000 - 0x542e40 ]
## Flattened Device Tree blob at 82000000
   Booting using the fdt blob at 0x82000000
   Using Device Tree in place at 82000000, end 8201afc3

Starting kernel ...

[    0.000000] Booting Linux on physical CPU 0x0
[    0.000000] Linux version 6.12.0-rc4-next-20241025 (user01@drvtest01) (arm-linux-gnueabihf-gcc (Linaro GCC 6.4-2017.11) 6.4.1 20171012, GNU ld (Linaro_Binutils-2017.11) 2.27.0.20161229) #123 SMP Fri Oct 25 09:19:19 EEST 2024
[    0.000000] CPU: ARMv7 Processor [413fc082] revision 2 (ARMv7), cr=10c5387d
[    0.000000] CPU: PIPT / VIPT nonaliasing data cache, VIPT aliasing instruction cache
[    0.000000] OF: fdt: Machine model: TI AM335x BeagleBone Black
[    0.000000] Memory policy: Data cache writeback
[    0.000000] cma: Reserved 16 MiB at 0x9e800000 on node -1
[    0.000000] Zone ranges:
[    0.000000]   Normal   [mem 0x0000000080000000-0x000000009fdfffff]
[    0.000000]   HighMem  empty
[    0.000000] Movable zone start for each node
[    0.000000] Early memory node ranges
[    0.000000]   node   0: [mem 0x0000000080000000-0x000000009fdfffff]
[    0.000000] Initmem setup node 0 [mem 0x0000000080000000-0x000000009fdfffff]
[    0.000000] OF: reserved mem: Reserved memory: No reserved-memory node in the DT
[    0.000000] CPU: All CPU(s) started in SVC mode.
[    0.000000] AM335X ES2.1 (sgx neon)
[    0.000000] percpu: Embedded 17 pages/cpu s39756 r8192 d21684 u69632
[    0.000000] Kernel command line: console=ttyO0,115200n8 root=/dev/nfs rw nfsroot=192.168.255.126:/home/user01/nfs,nfsvers=3 ip=192.168.255.1:192.168.255.126::255.255.255.0:bbb1:eth0 nfsrootdebug
[    0.000000] Unknown kernel command line parameters "nfsrootdebug", will be passed to user space.
[    0.000000] printk: log buffer data + meta data: 65536 + 204800 = 270336 bytes
[    0.000000] Dentry cache hash table entries: 65536 (order: 6, 262144 bytes, linear)
[    0.000000] Inode-cache hash table entries: 32768 (order: 5, 131072 bytes, linear)
[    0.000000] Built 1 zonelists, mobility grouping on.  Total pages: 130560
[    0.000000] mem auto-init: stack:off, heap alloc:off, heap free:off
[    0.000000] SLUB: HWalign=64, Order=0-3, MinObjects=0, CPUs=1, Nodes=1
[    0.000000] trace event string verifier disabled
[    0.000000] rcu: Hierarchical RCU implementation.
[    0.000000] rcu: 	RCU event tracing is enabled.
[    0.000000] rcu: 	RCU restricting CPUs from NR_CPUS=2 to nr_cpu_ids=1.
[    0.000000] 	Tracing variant of Tasks RCU enabled.
[    0.000000] rcu: RCU calculated value of scheduler-enlistment delay is 10 jiffies.
[    0.000000] rcu: Adjusting geometry for rcu_fanout_leaf=16, nr_cpu_ids=1
[    0.000000] RCU Tasks Trace: Setting shift to 0 and lim to 1 rcu_task_cb_adjust=1 rcu_task_cpu_ids=1.
[    0.000000] NR_IRQS: 16, nr_irqs: 16, preallocated irqs: 16
[    0.000000] IRQ: Found an INTC at 0x(ptrval) (revision 5.0) with 128 interrupts
[    0.000000] rcu: srcu_init: Setting srcu_struct sizes based on contention.
[    0.000000] TI gptimer clocksource: always-on /ocp/interconnect@44c00000/segment@200000/target-module@31000
[    0.000002] sched_clock: 32 bits at 24MHz, resolution 41ns, wraps every 89478484971ns
[    0.000027] clocksource: dmtimer: mask: 0xffffffff max_cycles: 0xffffffff, max_idle_ns: 79635851949 ns
[    0.000500] TI gptimer clockevent: 24000000 Hz at /ocp/interconnect@48000000/segment@0/target-module@40000
[    0.002132] Console: colour dummy device 80x30
[    0.002198] WARNING: Your 'console=ttyO0' has been replaced by 'ttyS0'
[    0.002207] This ensures that you still see kernel messages. Please
[    0.002212] update your kernel commandline.
[    0.002254] Calibrating delay loop... 996.14 BogoMIPS (lpj=4980736)
[    0.090549] CPU: Testing write buffer coherency: ok
[    0.090665] CPU0: Spectre v2: using BPIALL workaround
[    0.090677] pid_max: default: 32768 minimum: 301
[    0.090805] LSM: initializing lsm=capability
[    0.090990] Mount-cache hash table entries: 1024 (order: 0, 4096 bytes, linear)
[    0.091009] Mountpoint-cache hash table entries: 1024 (order: 0, 4096 bytes, linear)
[    0.092646] CPU0: thread -1, cpu 0, socket -1, mpidr 0
[    0.160943] Setting up static identity map for 0x80100000 - 0x80100078
[    0.170711] rcu: Hierarchical SRCU implementation.
[    0.170724] rcu: 	Max phase no-delay instances is 1000.
[    0.190764] smp: Bringing up secondary CPUs ...
[    0.190823] smp: Brought up 1 node, 1 CPU
[    0.190838] SMP: Total of 1 processors activated (996.14 BogoMIPS).
[    0.190850] CPU: All CPU(s) started in SVC mode.
[    0.191047] Memory: 480872K/522240K available (11264K kernel code, 1207K rwdata, 2892K rodata, 1024K init, 295K bss, 23356K reserved, 16384K cma-reserved, 0K highmem)
[    0.191933] devtmpfs: initialized
[    0.209054] VFP support v0.3: implementor 41 architecture 3 part 30 variant c rev 3
[    0.209408] clocksource: jiffies: mask: 0xffffffff max_cycles: 0xffffffff, max_idle_ns: 19112604462750000 ns
[    0.209440] futex hash table entries: 256 (order: 2, 16384 bytes, linear)
[    0.210939] pinctrl core: initialized pinctrl subsystem
[    0.213776] NET: Registered PF_NETLINK/PF_ROUTE protocol family
[    0.216587] DMA: preallocated 256 KiB pool for atomic coherent allocations
[    0.217499] audit: initializing netlink subsys (disabled)
[    0.218937] thermal_sys: Registered thermal governor 'fair_share'
[    0.218953] thermal_sys: Registered thermal governor 'step_wise'
[    0.218963] thermal_sys: Registered thermal governor 'user_space'
[    0.219118] audit: type=2000 audit(0.210:1): state=initialized audit_enabled=0 res=1
[    0.219154] cpuidle: using governor menu
[    0.238275] No ATAGs?
[    0.238300] hw-breakpoint: debug architecture 0x4 unsupported.
[    0.241127] kprobes: kprobe jump-optimization is enabled. All kprobes are optimized if possible.
[    0.254121] iommu: Default domain type: Translated
[    0.254144] iommu: DMA domain TLB invalidation policy: strict mode
[    0.261887] SCSI subsystem initialized
[    0.262755] pps_core: LinuxPPS API ver. 1 registered
[    0.262765] pps_core: Software ver. 5.3.6 - Copyright 2005-2007 Rodolfo Giometti <giometti@linux.it>
[    0.262789] PTP clock support registered
[    0.270870] vgaarb: loaded
[    0.271284] clocksource: Switched to clocksource dmtimer
[    0.271934] VFS: Disk quotas dquot_6.6.0
[    0.271974] VFS: Dquot-cache hash table entries: 1024 (order 0, 4096 bytes)
[    0.297260] NET: Registered PF_INET protocol family
[    0.297613] IP idents hash table entries: 8192 (order: 4, 65536 bytes, linear)
[    0.299022] tcp_listen_portaddr_hash hash table entries: 512 (order: 0, 4096 bytes, linear)
[    0.299060] Table-perturb hash table entries: 65536 (order: 6, 262144 bytes, linear)
[    0.299080] TCP established hash table entries: 4096 (order: 2, 16384 bytes, linear)
[    0.299123] TCP bind hash table entries: 4096 (order: 4, 65536 bytes, linear)
[    0.299223] TCP: Hash tables configured (established 4096 bind 4096)
[    0.299344] UDP hash table entries: 256 (order: 1, 8192 bytes, linear)
[    0.299374] UDP-Lite hash table entries: 256 (order: 1, 8192 bytes, linear)
[    0.299545] NET: Registered PF_UNIX/PF_LOCAL protocol family
[    0.312146] RPC: Registered named UNIX socket transport module.
[    0.312169] RPC: Registered udp transport module.
[    0.312174] RPC: Registered tcp transport module.
[    0.312179] RPC: Registered tcp-with-tls transport module.
[    0.312185] RPC: Registered tcp NFSv4.1 backchannel transport module.
[    0.312212] PCI: CLS 0 bytes, default 64
[    0.313701] Initialise system trusted keyrings
[    0.314319] workingset: timestamp_bits=14 max_order=17 bucket_order=3
[    0.316199] NFS: Registering the id_resolver key type
[    0.316289] Key type id_resolver registered
[    0.316297] Key type id_legacy registered
[    0.316349] jffs2: version 2.2. (NAND) (SUMMARY)  Â© 2001-2006 Red Hat, Inc.
[    0.316753] Key type asymmetric registered
[    0.316768] Asymmetric key parser 'x509' registered
[    0.316834] io scheduler mq-deadline registered
[    0.316845] io scheduler kyber registered
[    0.316918] io scheduler bfq registered
[    0.318542] ledtrig-cpu: registered to indicate activity on CPUs
[    0.332022] Serial: 8250/16550 driver, 6 ports, IRQ sharing enabled
[    0.374079] brd: module loaded
[    0.394015] loop: module loaded
[    0.394948] mtdoops: mtd device (mtddev=name/number) must be supplied
[    0.398117] i2c_dev: i2c /dev entries driver
[    0.399095] cpuidle: enable-method property 'ti,am3352' found operations
[    0.399550] sdhci: Secure Digital Host Controller Interface driver
[    0.399560] sdhci: Copyright(c) Pierre Ossman
[    0.399741] sdhci-pltfm: SDHCI platform and OF driver helper
[    0.400741] Initializing XFRM netlink socket
[    0.400895] NET: Registered PF_INET6 protocol family
[    0.403071] Segment Routing with IPv6
[    0.403164] In-situ OAM (IOAM) with IPv6
[    0.403264] sit: IPv6, IPv4 and MPLS over IPv4 tunneling driver
[    0.404224] NET: Registered PF_PACKET protocol family
[    0.404265] NET: Registered PF_KEY protocol family
[    0.404400] Key type dns_resolver registered
[    0.404677] ThumbEE CPU extension supported.
[    0.404697] Registering SWP/SWPB emulation handler
[    0.405229] omap_voltage_late_init: Voltage driver support not added
[    0.405593] SmartReflex Class3 initialized
[    0.440023] Loading compiled-in X.509 certificates
[    0.522423] platform 44e10800.pinmux: Fixed dependency cycle(s) with /ocp/interconnect@44c00000/segment@200000/target-module@10000/scm@0/pinmux@800/clkout2-pins
[    0.522992] pinctrl-single 44e10800.pinmux: 142 pins, size 568
[    0.527988] ti-sysc 44e31000.target-module: probe with driver ti-sysc failed with error -16
[    0.567332] ti-sysc 48040000.target-module: probe with driver ti-sysc failed with error -16
[    0.606052] OMAP GPIO hardware version 0.1
[    0.657412] omap_i2c 4819c000.i2c: bus 2 rev0.11 at 100 kHz
[    0.673012] 48000000.interconnect:segment@200000:target-module@0:mpu@0:fck: device ID is greater than 24
[    0.677122] platform 4830e000.lcdc: Fixed dependency cycle(s) with /ocp/interconnect@44c00000/segment@200000/target-module@b000/i2c@0/tda19988@70
[    0.688333] sdhci-omap 481d8000.mmc: supply pbias not found, using dummy regulator
[    0.688840] sdhci-omap 481d8000.mmc: supply vqmmc not found, using dummy regulator
[    0.745147] davinci_mdio 4a101000.mdio: davinci mdio revision 1.6, bus freq 1000000
[    0.859769] davinci_mdio 4a101000.mdio: phy[0]: device 4a101000.mdio:00, driver SMSC LAN8710/LAN8720
[    0.860566] cpsw-switch 4a100000.switch: initialized cpsw ale version 1.4
[    0.860588] cpsw-switch 4a100000.switch: ALE Table size 1024, Policers 0
[    0.860855] cpsw-switch 4a100000.switch: cpts: overflow check period 500 (jiffies)
[    0.860876] cpsw-switch 4a100000.switch: CPTS: ref_clk_freq:250000000 calc_mult:2147483648 calc_shift:29 error:0 nsec/sec
[    0.860981] cpsw-switch 4a100000.switch: Detected MACID = 6c:ec:eb:68:de:78
[    0.862978] cpsw-switch 4a100000.switch: initialized (regs 0x4a100000, pool size 256) hw_ver:0019010C 1.12 (0)
[    0.873872] debugfs: Directory '49000000.dma' with parent 'dmaengine' already present!
[    0.873914] edma 49000000.dma: TI EDMA DMA engine driver
[    0.911130] target-module@4b000000:target-module@140000:pmu@0:fck: device ID is greater than 24
[    0.921775] hw perfevents: enabled with armv7_cortex_a8 PMU driver, 5 (8000000f) counters available
[    0.929484] l3-aon-clkctrl:0000:0: failed to disable
[    0.945726] 44e09000.serial: ttyS0 at MMIO 0x44e09000 (irq = 34, base_baud = 3000000) is a 8250
[    0.945817] printk: legacy console [ttyS0] enabled
[    2.302277] tps65217-pmic: Failed to locate of_node [id: -1]
[    2.308342] tps65217-bl: Failed to locate of_node [id: -1]
[    2.319759] tps65217 0-0024: TPS65217 ID 0xe version 1.2
[    2.325907] platform 4830e000.lcdc: Fixed dependency cycle(s) with /ocp/interconnect@44c00000/segment@200000/target-module@b000/i2c@0/tda19988@70
[    2.339338] i2c 0-0070: Fixed dependency cycle(s) with /ocp/interconnect@48000000/segment@300000/target-module@e000/lcdc@0
[    2.350752] omap_i2c 44e0b000.i2c: bus 0 rev0.11 at 400 kHz
[    2.358586] omap_gpio 44e07000.gpio: Could not set line 6 debounce to 200000 microseconds (-22)
[    2.367463] sdhci-omap 48060000.mmc: Got CD GPIO
[    2.372502] sdhci-omap 48060000.mmc: supply pbias not found, using dummy regulator
[    2.382905] sdhci-omap 48060000.mmc: supply vqmmc not found, using dummy regulator
[    2.391993] sdhci-omap 481d8000.mmc: supply pbias not found, using dummy regulator
[    2.399989] sdhci-omap 481d8000.mmc: supply vqmmc not found, using dummy regulator
[    2.438516] mmc1: SDHCI controller on 481d8000.mmc [481d8000.mmc] using External DMA
[    2.447762] mmc0: SDHCI controller on 48060000.mmc [48060000.mmc] using External DMA
[    2.456623] cpsw-switch 4a100000.switch: starting ndev. mode: dual_mac
[    2.500515] mmc0: new high speed SDHC card at address 5048
[    2.507642] mmcblk0: mmc0:5048 SD16G 14.4 GiB
[    2.515818]  mmcblk0: p1 p2
[    2.519228] mmcblk0: p2 size 31221760 extends beyond EOD, truncated
[    2.532609] SMSC LAN8710/LAN8720 4a101000.mdio:00: attached PHY driver (mii_bus:phy_addr=4a101000.mdio:00, irq=POLL)
[    2.545259] mmc1: new high speed MMC card at address 0001
[    2.552292] mmcblk1: mmc1:0001 MMC04G 3.60 GiB
[    2.563983]  mmcblk1: p1 p2
[    2.568280] mmcblk1boot0: mmc1:0001 MMC04G 2.00 MiB
[    2.575690] mmcblk1boot1: mmc1:0001 MMC04G 2.00 MiB
[    2.583270] mmcblk1rpmb: mmc1:0001 MMC04G 128 KiB, chardev (250:0)
[    5.682073] cpsw-switch 4a100000.switch eth0: Link is Up - 100Mbps/Full - flow control off
[    5.721530] IP-Config: Complete:
[    5.724809]      device=eth0, hwaddr=6c:ec:eb:68:de:78, ipaddr=192.168.255.1, mask=255.255.255.0, gw=255.255.255.255
[    5.735476]      host=bbb1, domain=, nis-domain=(none)
[    5.740645]      bootserver=192.168.255.126, rootserver=192.168.255.126, rootpath=
[    5.741091] clk: Disabling unused clocks
[    5.752959] PM: genpd: Disabling unused power domains
[    5.758079] KTAP version 1
[    5.760800] 1..0
[    5.793826] VFS: Mounted root (nfs filesystem) on device 0:17.
[    5.800637] devtmpfs: mounted
[    5.805777] Freeing unused kernel image (initmem) memory: 1024K
[    5.812499] Run /sbin/init as init process
[    6.521864] systemd[1]: System time before build time, advancing clock.
[    8.011310] random: crng init done
[    8.053895] systemd[1]: systemd 232 running in system mode. (+PAM +AUDIT +SELINUX +IMA +APPARMOR +SMACK +SYSVINIT +UTMP +LIBCRYPTSETUP +GCRYPT +GNUTLS +ACL +XZ +LZ4 +SECCOMP +BLKID +ELFUTILS +KMOD +IDN)
[    8.072947] systemd[1]: Detected architecture arm.

Welcome to [1mDebian GNU/Linux 9 (stretch)[0m!

[    8.104453] systemd[1]: Set hostname to <arm>.
[    9.213824] systemd[1]: Created slice User and Session Slice.
[[0;32m  OK  [0m] Created slice User and Session Slice.
[    9.233215] systemd[1]: Listening on Syslog Socket.
[[0;32m  OK  [0m] Listening on Syslog Socket.
[    9.262665] systemd[1]: Created slice System Slice.
[[0;32m  OK  [0m] Created slice System Slice.
[    9.292304] systemd[1]: Started Forward Password Requests to Wall Directory Watch.
[[0;32m  OK  [0m] Started Forward Password Requests to Wall Directory Watch.
[    9.322074] systemd[1]: Listening on Journal Socket (/dev/log).
[[0;32m  OK  [0m] Listening on Journal Socket (/dev/log).
[    9.352755] systemd[1]: Created slice system-getty.slice.
[[0;32m  OK  [0m] Created slice system-getty.slice.
[    9.383036] systemd[1]: Set up automount Arbitrary Executable File Formats File System Automount Point.
[[0;32m  OK  [0m] Set up automount Arbitrary Executabâ€¦rmats File System Automount Point.
[[0;32m  OK  [0m] Started Dispatch Password Requests to Console Directory Watch.
[[0;32m  OK  [0m] Reached target Encrypted Volumes.
[[0;32m  OK  [0m] Listening on Journal Audit Socket.
[[0;32m  OK  [0m] Listening on Journal Socket.
         Starting Journal Service...
[[0;32m  OK  [0m] Reached target Remote File Systems.
[[0;32m  OK  [0m] Listening on udev Kernel Socket.
         Mounting POSIX Message Queue File System...
         Starting Load Kernel Modules...
         Starting Create list of required stâ€¦ce nodes for the current kernel...
[[0;32m  OK  [0m] Created slice system-serial\x2dgetty.slice.
[[0;32m  OK  [0m] Reached target Slices.
         Mounting Debug File System...
[[0;32m  OK  [0m] Reached target Paths.
[[0;32m  OK  [0m] Listening on /dev/initctl Compatibility Named Pipe.
[[0;32m  OK  [0m] Listening on udev Control Socket.
[[0;32m  OK  [0m] Reached target Swap.
         Starting Remount Root and Kernel File Systems...
[[0;32m  OK  [0m] Mounted POSIX Message Queue File System.
[[0;32m  OK  [0m] Mounted Debug File System.
[[0;32m  OK  [0m] Started Create list of required staâ€¦vice nodes for the current kernel.
[[0;32m  OK  [0m] Started Load Kernel Modules.
         Starting Apply Kernel Variables...
         Mounting Configuration File System...
         Starting Create Static Device Nodes in /dev...
[[0;32m  OK  [0m] Started Remount Root and Kernel File Systems.
         Starting udev Coldplug all Devices...
         Starting Load/Save Random Seed...
[[0;32m  OK  [0m] Mounted Configuration File System.
[[0;32m  OK  [0m] Started Apply Kernel Variables.
[[0;32m  OK  [0m] Started Journal Service.
[[0;32m  OK  [0m] Started Load/Save Random Seed.
         Starting Flush Journal to Persistent Storage...
[[0;32m  OK  [0m] Started Create Static Device Nodes in /dev.
         Starting udev Kernel Device Manager...
[[0;32m  OK  [0m] Reached target Local File Systems (Pre).
[[0;32m  OK  [0m] Reached target Local File Systems.
         Starting Raise network interfaces...
[   11.424200] systemd-journald[80]: Received request to flush runtime journal from PID 1
[[0;32m  OK  [0m] Started Flush Journal to Persistent Storage.
         Starting Create Volatile Files and Directories...
[[0;32m  OK  [0m] Started udev Kernel Device Manager.
[[0;32m  OK  [0m] Started Create Volatile Files and Directories.
         Starting Update UTMP about System Boot/Shutdown...
         Starting Network Time Synchronization...
[[0;32m  OK  [0m] Started Update UTMP about System Boot/Shutdown.
[[0;32m  OK  [0m] Started Network Time Synchronization.
[[0;32m  OK  [0m] Reached target System Time Synchronized.
[[0;32m  OK  [0m] Started udev Coldplug all Devices.
[[0;32m  OK  [0m] Reached target System Initialization.
[[0;32m  OK  [0m] Listening on Avahi mDNS/DNS-SD Stack Activation Socket.
[[0;32m  OK  [0m] Listening on D-Bus System Message Bus Socket.
[[0;32m  OK  [0m] Reached target Sockets.
[[0;32m  OK  [0m] Started Daily apt download activities.
[[0;32m  OK  [0m] Started Daily Cleanup of Temporary Directories.
[[0;32m  OK  [0m] Started Daily apt upgrade and clean activities.
[[0;32m  OK  [0m] Reached target Timers.
[[0;32m  OK  [0m] Reached target Basic System.
[   14.856548] remoteproc remoteproc0: wkup_m3 is available
         Starting DUN service...
         Starting Cape Manager Service...
         Starting Avahi mDNS/DNS-SD Stack...
[   15.262342] omap_rtc 44e3e000.rtc: registered as rtc0
[   15.267519] omap_rtc 44e3e000.rtc: setting system clock to 2000-01-01T00:00:00 UTC (946684800)
[   15.343211] at24 2-0054: supply vcc not found, using dummy regulator
[   15.414102] omap_wdt: OMAP Watchdog Timer Rev 0x01: initial timeout 60 sec
[[0;32m  OK  [0m] Started Regular background program processing daemon.
[   15.486462] at24 2-0055: supply vcc not found, using dummy regulator
[   15.616563] at24 2-0056: supply vcc not found, using dummy regulator
[   15.634387] am335x-phy-driver 47401300.usb-phy: dummy supplies not allowed for exclusive requests (id=vbus)
         Starting Telephony service...
[   15.725676] at24 2-0057: supply vcc not found, using dummy regulator
[   15.867526] tps6521x_pwrbutton tps65217-pwrbutton: DMA mask not set
         Starting Login Service...
[   16.006880] usbcore: registered new interface driver usbfs
[   16.012754] usbcore: registered new interface driver hub
[   16.018199] usbcore: registered new device driver usb
         Starting System Logging Service...
[   16.072344] input: tps65217_pwrbutton as /devices/platform/ocp/44c00000.interconnect/44c00000.interconnect:segment@200000/44e0b000.target-module/44e0b000.i2c/i2c-0/0-0024/tps65217-pwrbutton/input/input0
[   16.113246] at24 0-0050: 32768 byte 24c256 EEPROM, writable, 1 bytes/write
[[0;32m  OK  [0m] Started D-Bus System Message Bus.
[   16.285743] am335x-phy-driver 47401b00.usb-phy: dummy supplies not allowed for exclusive requests (id=vbus)
[   16.673379] wkup_m3_ipc 44e11324.wkup_m3_ipc: IPC Request for A8->M3 Channel failed! -517
[   17.076399] wkup_m3_ipc 44e11324.wkup_m3_ipc: IPC Request for A8->M3 Channel failed! -517
[   17.226900] musb-hdrc musb-hdrc.1: MUSB HDRC host driver
[   17.232494] musb-hdrc musb-hdrc.1: new USB bus registered, assigned bus number 1
[   17.242271] wkup_m3_ipc 44e11324.wkup_m3_ipc: IPC Request for A8->M3 Channel failed! -517
[   17.441571] usb usb1: New USB device found, idVendor=1d6b, idProduct=0002, bcdDevice= 6.12
[   17.449936] usb usb1: New USB device strings: Mfr=3, Product=2, SerialNumber=1
[   17.457308] usb usb1: Product: MUSB HDRC host driver
[   17.462466] usb usb1: Manufacturer: Linux 6.12.0-rc4-next-20241025 musb-hcd
[   17.469473] usb usb1: SerialNumber: musb-hdrc.1
[   17.824675] hub 1-0:1.0: USB hub found
[   17.896423] hub 1-0:1.0: 1 port detected
[   17.938044] wkup_m3_ipc 44e11324.wkup_m3_ipc: IPC Request for A8->M3 Channel failed! -517
[   18.095433] wkup_m3_ipc 44e11324.wkup_m3_ipc: IPC Request for A8->M3 Channel failed! -517
[   18.115769] tda998x 0-0070: found TDA19988
[   18.190676] wkup_m3_ipc 44e11324.wkup_m3_ipc: IPC Request for A8->M3 Channel failed! -517
[   18.208859] omap-mailbox 480c8000.mailbox: omap mailbox rev 0x400
[   18.381685] remoteproc remoteproc0: powering up wkup_m3
[   18.591567] remoteproc remoteproc0: Direct firmware load for am335x-pm-firmware.elf failed with error -2
[   18.601164] remoteproc remoteproc0: request_firmware failed: -2
[   18.607246] wkup_m3_ipc 44e11324.wkup_m3_ipc: rproc_boot failed
[   20.141755] omap_rng 48310000.rng: Random Number Generator ver. 20
[   20.275744] tilcdc 4830e000.lcdc: bound 0-0070 (ops 0xbf06a030)
[   20.368946] [drm] Initialized tilcdc 1.0.0 for 4830e000.lcdc on minor 0
[   20.431695] tilcdc 4830e000.lcdc: [drm] Cannot find any crtc or sizes
[   20.443543] tilcdc 4830e000.lcdc: [drm] Cannot find any crtc or sizes
[[0;32m  OK  [0m] Started Telephony service.
[[0;32m  OK  [0m] Started Avahi mDNS/DNS-SD Stack.
[[0;32m  OK  [0m] Started DUN service.
         Starting Connection service...
         Starting LSB: Load kernel modules needed to enable cpufreq scaling...
         Starting LSB: Start busybox udhcpd at boot time...
         Starting Generic Board Startup...
[   21.274661] omap-sham 53100000.sham: hw accel on OMAP rev 4.3
[   21.369480] PM: Cannot get wkup_m3_ipc handle
[   21.414266] omap-sham 53100000.sham: will run requests pump with realtime priority
[   21.424006] PM: Cannot get wkup_m3_ipc handle
[[0;32m  OK  [0m] Started System Logging Service.
[   21.572241] omap-aes 53500000.aes: OMAP AES hw accel rev: 3.2
[[0;32m  OK  [0m] Started Cape Manager Service.
[   21.673680] omap-aes 53500000.aes: will run requests pump with realtime priority
[   21.682526] PM: Cannot get wkup_m3_ipc handle
[[0;32m  OK  [0m] Found device /dev/ttyS0.
[   22.644710] Bluetooth: Core ver 2.22
[   22.648548] NET: Registered PF_BLUETOOTH protocol family
[   22.654085] Bluetooth: HCI device and connection manager initialized
[   22.660503] Bluetooth: HCI socket layer initialized
[   22.665456] Bluetooth: L2CAP socket layer initialized
[   22.670570] Bluetooth: SCO socket layer initialized
[   25.084322] PM: Cannot get wkup_m3_ipc handle
[   25.222463] PM: Cannot get wkup_m3_ipc handle
[[0;32m  OK  [0m] Started LSB: Start busybox udhcpd at boot time.
[[0;32m  OK  [0m] Started LSB: Load kernel modules needed to enable cpufreq scaling.
[[0;32m  OK  [0m] Started Raise network interfaces.
[   28.937176] configfs-gadget.g_multi gadget.0: HOST MAC 1c:ba:8c:a2:ed:6c
[   28.944169] configfs-gadget.g_multi gadget.0: MAC 1c:ba:8c:a2:ed:70
[   28.951662] configfs-gadget.g_multi gadget.0: HOST MAC 1c:ba:8c:a2:ed:6c
[   28.958429] configfs-gadget.g_multi gadget.0: MAC 1c:ba:8c:a2:ed:6d
[   28.971842] PM: Cannot get wkup_m3_ipc handle
[[0;32m  OK  [0m] Started Connection service.
[[0;32m  OK  [0m] Started Login Service.
[[0;32m  OK  [0m] Reached target Sound Card.
[[0;32m  OK  [0m] Reached target Network.
         Starting OpenBSD Secure Shell server...
         Starting The Apache HTTP Server...
         Starting Permit User Sessions...
[[0;32m  OK  [0m] Reached target Network is Online.
         Starting LSB: Advanced IEEE 802.11 management daemon...
         Starting LSB: set CPUFreq kernel parameters...
[[0;32m  OK  [0m] Started LSB: Advanced IEEE 802.11 management daemon.
[[0;32m  OK  [0m] Started Permit User Sessions.
[[0;32m  OK  [0m] Started Getty on tty1.
[[0;32m  OK  [0m] Started Serial Getty on ttyS0.
[[0;32m  OK  [0m] Reached target Login Prompts.
         Starting Hostname Service...
         Starting WPA supplicant...
[[0;32m  OK  [0m] Started LSB: set CPUFreq kernel parameters.
[[0;32m  OK  [0m] Started WPA supplicant.
[[0;32m  OK  [0m] Started Hostname Service.
[[0;32m  OK  [0m] Started OpenBSD Secure Shell server.
         Stopping LSB: Start busybox udhcpd at boot time...
[[0;32m  OK  [0m] Stopped LSB: Start busybox udhcpd at boot time.
[[0;32m  OK  [0m] Started The Apache HTTP Server.
         Starting dnsmasq - A lightweight DHCP and caching DNS server...
[[0;32m  OK  [0m] Started dnsmasq - A lightweight DHCP and caching DNS server.
[[0;32m  OK  [0m] Reached target Host and Network Name Lookups.
[[0;32m  OK  [0m] Started Serial Getty on ttyGS0.
[[0;32m  OK  [0m] Started Generic Board Startup.
[[0;32m  OK  [0m] Reached target Multi-User System.
[[0;32m  OK  [0m] Reached target Graphical Interface.
         Starting Update UTMP about System Runlevel Changes...
[[0;32m  OK  [0m] Started Update UTMP about System Runlevel Changes.

Debian GNU/Linux 9 arm ttyS0

default username:password is [debian:temppwd]

arm login: root
Password: 
Last login: Sat Jan  1 00:00:30 UTC 2000 on ttyS0
root
Linux arm 6.12.0-rc4-next-20241025 #123 SMP Fri Oct 25 09:19:19 EEST 2024 armv7l

The programs included with the Debian GNU/Linux system are free software;
the exact distribution terms for each program are described in the
individual files in /usr/share/doc/*/copyright.

Debian GNU/Linux comes with ABSOLUTELY NO WARRANTY, to the extent
permitted by applicable law.
root@arm:~# root
dmesg -n 1
-bash: root: command not found
root@arm:~# dmesg -n 1
root@arm:~# echo 'EWKE''NVJSOL'
EWKENVJSOL
root@arm:~# run() { echo -n "$MARKER"; sh -c "$@"; echo "$MARKER $?"; }
root@arm:~# echo 'GVGB''QGWCYO'
GVGBQGWCYO
root@arm:~# MARKER='QFVF''OLANMV' run 'cat /proc/version'
QFVFOLANMVLinux version 6.12.0-rc4-next-20241025 (user01@drvtest01) (arm-linux-gnueabihf-gcc (Linaro GCC 6.4-2017.11) 6.4.1 20171012, GNU ld (Linaro_Binutils-2017.11) 2.27.0.20161229) #123 SMP Fri Oct 25 09:19:19 EEST 2024
QFVFOLANMV 0
root@arm:~# echo 'WQVO''WGTMSN'
WQVOWGTMSN
root@arm:~# MARKER='OFOT''MPZUJO' run false
OFOTMPZUJOOFOTMPZUJO 1
root@arm:~# Labgrid Console Logfile for main
Logfile started at 2024-10-25 09:21:05.594209
=== Log starts here ===

root@arm:~# run() { echo -n "$MARKER"; sh -c "$@"; echo "$MARKER $?"; }
root@arm:~# echo 'SVLJ''MHJWPZ'
SVLJMHJWPZ
root@arm:~# MARKER='MLJL''XGMBQA' run dmesg
MLJLXGMBQA[    0.000000] Booting Linux on physical CPU 0x0
[    0.000000] Linux version 6.12.0-rc4-next-20241025 (user01@drvtest01) (arm-linux-gnueabihf-gcc (Linaro GCC 6.4-2017.11) 6.4.1 20171012, GNU ld (Linaro_Binutils-2017.11) 2.27.0.20161229) #123 SMP Fri Oct 25 09:19:19 EEST 2024
[    0.000000] CPU: ARMv7 Processor [413fc082] revision 2 (ARMv7), cr=10c5387d
[    0.000000] CPU: PIPT / VIPT nonaliasing data cache, VIPT aliasing instruction cache
[    0.000000] OF: fdt: Machine model: TI AM335x BeagleBone Black
[    0.000000] Memory policy: Data cache writeback
[    0.000000] cma: Reserved 16 MiB at 0x9e800000 on node -1
[    0.000000] Zone ranges:
[    0.000000]   Normal   [mem 0x0000000080000000-0x000000009fdfffff]
[    0.000000]   HighMem  empty
[    0.000000] Movable zone start for each node
[    0.000000] Early memory node ranges
[    0.000000]   node   0: [mem 0x0000000080000000-0x000000009fdfffff]
[    0.000000] Initmem setup node 0 [mem 0x0000000080000000-0x000000009fdfffff]
[    0.000000] OF: reserved mem: Reserved memory: No reserved-memory node in the DT
[    0.000000] CPU: All CPU(s) started in SVC mode.
[    0.000000] AM335X ES2.1 (sgx neon)
[    0.000000] percpu: Embedded 17 pages/cpu s39756 r8192 d21684 u69632
[    0.000000] pcpu-alloc: s39756 r8192 d21684 u69632 alloc=17*4096
[    0.000000] pcpu-alloc: [0] 0 
[    0.000000] Kernel command line: console=ttyO0,115200n8 root=/dev/nfs rw nfsroot=192.168.255.126:/home/user01/nfs,nfsvers=3 ip=192.168.255.1:192.168.255.126::255.255.255.0:bbb1:eth0 nfsrootdebug
[    0.000000] Unknown kernel command line parameters "nfsrootdebug", will be passed to user space.
[    0.000000] printk: log buffer data + meta data: 65536 + 204800 = 270336 bytes
[    0.000000] Dentry cache hash table entries: 65536 (order: 6, 262144 bytes, linear)
[    0.000000] Inode-cache hash table entries: 32768 (order: 5, 131072 bytes, linear)
[    0.000000] Built 1 zonelists, mobility grouping on.  Total pages: 130560
[    0.000000] mem auto-init: stack:off, heap alloc:off, heap free:off
[    0.000000] SLUB: HWalign=64, Order=0-3, MinObjects=0, CPUs=1, Nodes=1
[    0.000000] trace event string verifier disabled
[    0.000000] rcu: Hierarchical RCU implementation.
[    0.000000] rcu: 	RCU event tracing is enabled.
[    0.000000] rcu: 	RCU restricting CPUs from NR_CPUS=2 to nr_cpu_ids=1.
[    0.000000] 	Tracing variant of Tasks RCU enabled.
[    0.000000] rcu: RCU calculated value of scheduler-enlistment delay is 10 jiffies.
[    0.000000] rcu: Adjusting geometry for rcu_fanout_leaf=16, nr_cpu_ids=1
[    0.000000] RCU Tasks Trace: Setting shift to 0 and lim to 1 rcu_task_cb_adjust=1 rcu_task_cpu_ids=1.
[    0.000000] NR_IRQS: 16, nr_irqs: 16, preallocated irqs: 16
[    0.000000] IRQ: Found an INTC at 0x(ptrval) (revision 5.0) with 128 interrupts
[    0.000000] rcu: srcu_init: Setting srcu_struct sizes based on contention.
[    0.000000] TI gptimer clocksource: always-on /ocp/interconnect@44c00000/segment@200000/target-module@31000
[    0.000002] sched_clock: 32 bits at 24MHz, resolution 41ns, wraps every 89478484971ns
[    0.000027] clocksource: dmtimer: mask: 0xffffffff max_cycles: 0xffffffff, max_idle_ns: 79635851949 ns
[    0.000500] TI gptimer clockevent: 24000000 Hz at /ocp/interconnect@48000000/segment@0/target-module@40000
[    0.002132] Console: colour dummy device 80x30
[    0.002198] WARNING: Your 'console=ttyO0' has been replaced by 'ttyS0'
[    0.002207] This ensures that you still see kernel messages. Please
[    0.002212] update your kernel commandline.
[    0.002254] Calibrating delay loop... 996.14 BogoMIPS (lpj=4980736)
[    0.090549] CPU: Testing write buffer coherency: ok
[    0.090665] CPU0: Spectre v2: using BPIALL workaround
[    0.090677] pid_max: default: 32768 minimum: 301
[    0.090805] LSM: initializing lsm=capability
[    0.090990] Mount-cache hash table entries: 1024 (order: 0, 4096 bytes, linear)
[    0.091009] Mountpoint-cache hash table entries: 1024 (order: 0, 4096 bytes, linear)
[    0.092646] CPU0: thread -1, cpu 0, socket -1, mpidr 0
[    0.160943] Setting up static identity map for 0x80100000 - 0x80100078
[    0.170711] rcu: Hierarchical SRCU implementation.
[    0.170724] rcu: 	Max phase no-delay instances is 1000.
[    0.190764] smp: Bringing up secondary CPUs ...
[    0.190823] smp: Brought up 1 node, 1 CPU
[    0.190838] SMP: Total of 1 processors activated (996.14 BogoMIPS).
[    0.190850] CPU: All CPU(s) started in SVC mode.
[    0.191047] Memory: 480872K/522240K available (11264K kernel code, 1207K rwdata, 2892K rodata, 1024K init, 295K bss, 23356K reserved, 16384K cma-reserved, 0K highmem)
[    0.191933] devtmpfs: initialized
[    0.209054] VFP support v0.3: implementor 41 architecture 3 part 30 variant c rev 3
[    0.209408] clocksource: jiffies: mask: 0xffffffff max_cycles: 0xffffffff, max_idle_ns: 19112604462750000 ns
[    0.209440] futex hash table entries: 256 (order: 2, 16384 bytes, linear)
[    0.210939] pinctrl core: initialized pinctrl subsystem
[    0.213776] NET: Registered PF_NETLINK/PF_ROUTE protocol family
[    0.216587] DMA: preallocated 256 KiB pool for atomic coherent allocations
[    0.217499] audit: initializing netlink subsys (disabled)
[    0.218937] thermal_sys: Registered thermal governor 'fair_share'
[    0.218953] thermal_sys: Registered thermal governor 'step_wise'
[    0.218963] thermal_sys: Registered thermal governor 'user_space'
[    0.219118] audit: type=2000 audit(0.210:1): state=initialized audit_enabled=0 res=1
[    0.219154] cpuidle: using governor menu
[    0.238275] No ATAGs?
[    0.238300] hw-breakpoint: debug architecture 0x4 unsupported.
[    0.241127] kprobes: kprobe jump-optimization is enabled. All kprobes are optimized if possible.
[    0.254121] iommu: Default domain type: Translated
[    0.254144] iommu: DMA domain TLB invalidation policy: strict mode
[    0.255829] reg-fixed-voltage fixedregulator0: using DT '/fixedregulator0' for '(default)' GPIO lookup
[    0.255884] of_get_named_gpiod_flags: can't parse 'gpios' property of node '/fixedregulator0[0]'
[    0.255914] of_get_named_gpiod_flags: can't parse 'gpio' property of node '/fixedregulator0[0]'
[    0.255931] reg-fixed-voltage fixedregulator0: using lookup tables for GPIO lookup
[    0.255943] reg-fixed-voltage fixedregulator0: No GPIO consumer (default) found
[    0.261887] SCSI subsystem initialized
[    0.262392] libata version 3.00 loaded.
[    0.262755] pps_core: LinuxPPS API ver. 1 registered
[    0.262765] pps_core: Software ver. 5.3.6 - Copyright 2005-2007 Rodolfo Giometti <giometti@linux.it>
[    0.262789] PTP clock support registered
[    0.270870] vgaarb: loaded
[    0.271284] clocksource: Switched to clocksource dmtimer
[    0.271934] VFS: Disk quotas dquot_6.6.0
[    0.271974] VFS: Dquot-cache hash table entries: 1024 (order 0, 4096 bytes)
[    0.297260] NET: Registered PF_INET protocol family
[    0.297613] IP idents hash table entries: 8192 (order: 4, 65536 bytes, linear)
[    0.299022] tcp_listen_portaddr_hash hash table entries: 512 (order: 0, 4096 bytes, linear)
[    0.299060] Table-perturb hash table entries: 65536 (order: 6, 262144 bytes, linear)
[    0.299080] TCP established hash table entries: 4096 (order: 2, 16384 bytes, linear)
[    0.299123] TCP bind hash table entries: 4096 (order: 4, 65536 bytes, linear)
[    0.299223] TCP: Hash tables configured (established 4096 bind 4096)
[    0.299344] UDP hash table entries: 256 (order: 1, 8192 bytes, linear)
[    0.299374] UDP-Lite hash table entries: 256 (order: 1, 8192 bytes, linear)
[    0.299545] NET: Registered PF_UNIX/PF_LOCAL protocol family
[    0.312146] RPC: Registered named UNIX socket transport module.
[    0.312169] RPC: Registered udp transport module.
[    0.312174] RPC: Registered tcp transport module.
[    0.312179] RPC: Registered tcp-with-tls transport module.
[    0.312185] RPC: Registered tcp NFSv4.1 backchannel transport module.
[    0.312212] PCI: CLS 0 bytes, default 64
[    0.313701] Initialise system trusted keyrings
[    0.314319] workingset: timestamp_bits=14 max_order=17 bucket_order=3
[    0.316199] NFS: Registering the id_resolver key type
[    0.316289] Key type id_resolver registered
[    0.316297] Key type id_legacy registered
[    0.316349] jffs2: version 2.2. (NAND) (SUMMARY)  Â© 2001-2006 Red Hat, Inc.
[    0.316753] Key type asymmetric registered
[    0.316768] Asymmetric key parser 'x509' registered
[    0.316834] io scheduler mq-deadline registered
[    0.316845] io scheduler kyber registered
[    0.316918] io scheduler bfq registered
[    0.318542] ledtrig-cpu: registered to indicate activity on CPUs
[    0.332022] Serial: 8250/16550 driver, 6 ports, IRQ sharing enabled
[    0.374079] brd: module loaded
[    0.394015] loop: module loaded
[    0.394948] mtdoops: mtd device (mtddev=name/number) must be supplied
[    0.396698] mdio_bus fixed-0: using lookup tables for GPIO lookup
[    0.396727] mdio_bus fixed-0: No GPIO consumer reset found
[    0.398117] i2c_dev: i2c /dev entries driver
[    0.399095] cpuidle: enable-method property 'ti,am3352' found operations
[    0.399550] sdhci: Secure Digital Host Controller Interface driver
[    0.399560] sdhci: Copyright(c) Pierre Ossman
[    0.399741] sdhci-pltfm: SDHCI platform and OF driver helper
[    0.400741] Initializing XFRM netlink socket
[    0.400895] NET: Registered PF_INET6 protocol family
[    0.403071] Segment Routing with IPv6
[    0.403164] In-situ OAM (IOAM) with IPv6
[    0.403264] sit: IPv6, IPv4 and MPLS over IPv4 tunneling driver
[    0.404224] NET: Registered PF_PACKET protocol family
[    0.404265] NET: Registered PF_KEY protocol family
[    0.404400] Key type dns_resolver registered
[    0.404677] ThumbEE CPU extension supported.
[    0.404697] Registering SWP/SWPB emulation handler
[    0.405229] omap_voltage_late_init: Voltage driver support not added
[    0.405593] SmartReflex Class3 initialized
[    0.440023] Loading compiled-in X.509 certificates
[    0.477342] gpiochip_find_base_unlocked: found new base at 512
[    0.522423] platform 44e10800.pinmux: Fixed dependency cycle(s) with /ocp/interconnect@44c00000/segment@200000/target-module@10000/scm@0/pinmux@800/clkout2-pins
[    0.522992] pinctrl-single 44e10800.pinmux: 142 pins, size 568
[    0.527988] ti-sysc 44e31000.target-module: probe with driver ti-sysc failed with error -16
[    0.567332] ti-sysc 48040000.target-module: probe with driver ti-sysc failed with error -16
[    0.578475] gpiochip_find_base_unlocked: found new base at 512
[    0.578579] gpio gpiochip0: (gpio-0-31): created GPIO range 0->7 ==> 44e10800.pinmux PIN 0->7
[    0.578599] gpio gpiochip0: (gpio-0-31): created GPIO range 8->11 ==> 44e10800.pinmux PIN 90->93
[    0.578614] gpio gpiochip0: (gpio-0-31): created GPIO range 12->27 ==> 44e10800.pinmux PIN 12->27
[    0.578629] gpio gpiochip0: (gpio-0-31): created GPIO range 28->31 ==> 44e10800.pinmux PIN 30->33
[    0.605813] gpio gpiochip0: (gpio-0-31): added GPIO chardev (254:0)
[    0.605966] gpio gpiochip0: registered GPIOs 512 to 543 on gpio-0-31
[    0.606052] OMAP GPIO hardware version 0.1
[    0.656369] i2c i2c-2: using DT '/ocp/interconnect@48000000/segment@100000/target-module@9c000/i2c@0' for 'scl' GPIO lookup
[    0.656443] of_get_named_gpiod_flags: can't parse 'scl-gpios' property of node '/ocp/interconnect@48000000/segment@100000/target-module@9c000/i2c@0[0]'
[    0.656487] of_get_named_gpiod_flags: can't parse 'scl-gpio' property of node '/ocp/interconnect@48000000/segment@100000/target-module@9c000/i2c@0[0]'
[    0.656523] i2c i2c-2: using lookup tables for GPIO lookup
[    0.656534] i2c i2c-2: No GPIO consumer scl found
[    0.656554] i2c i2c-2: using DT '/ocp/interconnect@48000000/segment@100000/target-module@9c000/i2c@0' for 'sda' GPIO lookup
[    0.656590] of_get_named_gpiod_flags: can't parse 'sda-gpios' property of node '/ocp/interconnect@48000000/segment@100000/target-module@9c000/i2c@0[0]'
[    0.656628] of_get_named_gpiod_flags: can't parse 'sda-gpio' property of node '/ocp/interconnect@48000000/segment@100000/target-module@9c000/i2c@0[0]'
[    0.656661] i2c i2c-2: using lookup tables for GPIO lookup
[    0.656669] i2c i2c-2: No GPIO consumer sda found
[    0.657412] omap_i2c 4819c000.i2c: bus 2 rev0.11 at 100 kHz
[    0.663089] gpiochip_find_base_unlocked: found new base at 544
[    0.663196] gpio gpiochip1: (gpio-32-63): created GPIO range 0->17 ==> 44e10800.pinmux PIN 34->51
[    0.663216] gpio gpiochip1: (gpio-32-63): created GPIO range 18->21 ==> 44e10800.pinmux PIN 77->80
[    0.663232] gpio gpiochip1: (gpio-32-63): created GPIO range 22->31 ==> 44e10800.pinmux PIN 56->65
[    0.664184] gpio gpiochip1: (gpio-32-63): added GPIO chardev (254:1)
[    0.664331] gpio gpiochip1: registered GPIOs 544 to 575 on gpio-32-63
[    0.666468] gpiochip_find_base_unlocked: found new base at 576
[    0.666560] gpio gpiochip2: (gpio-64-95): created GPIO range 0->4 ==> 44e10800.pinmux PIN 66->70
[    0.666578] gpio gpiochip2: (gpio-64-95): created GPIO range 5->6 ==> 44e10800.pinmux PIN 98->99
[    0.666593] gpio gpiochip2: (gpio-64-95): created GPIO range 7->8 ==> 44e10800.pinmux PIN 75->76
[    0.666608] gpio gpiochip2: (gpio-64-95): created GPIO range 13->13 ==> 44e10800.pinmux PIN 141->141
[    0.666624] gpio gpiochip2: (gpio-64-95): created GPIO range 14->21 ==> 44e10800.pinmux PIN 100->107
[    0.667274] gpio gpiochip2: (gpio-64-95): added GPIO chardev (254:2)
[    0.667406] gpio gpiochip2: registered GPIOs 576 to 607 on gpio-64-95
[    0.673012] 48000000.interconnect:segment@200000:target-module@0:mpu@0:fck: device ID is greater than 24
[    0.677122] platform 4830e000.lcdc: Fixed dependency cycle(s) with /ocp/interconnect@44c00000/segment@200000/target-module@b000/i2c@0/tda19988@70
[    0.686554] mdio_bus 4a101000.mdio: using DT '/ocp/interconnect@4a000000/segment@0/target-module@100000/switch@0/mdio@1000' for 'reset' GPIO lookup
[    0.686632] of_get_named_gpiod_flags: can't parse 'reset-gpios' property of node '/ocp/interconnect@4a000000/segment@0/target-module@100000/switch@0/mdio@1000[0]'
[    0.686680] of_get_named_gpiod_flags: can't parse 'reset-gpio' property of node '/ocp/interconnect@4a000000/segment@0/target-module@100000/switch@0/mdio@1000[0]'
[    0.686729] mdio_bus 4a101000.mdio: using lookup tables for GPIO lookup
[    0.686739] mdio_bus 4a101000.mdio: No GPIO consumer reset found
[    0.687975] sdhci-omap 481d8000.mmc: using DT '/ocp/interconnect@48000000/segment@100000/target-module@d8000/mmc@0' for 'wp' GPIO lookup
[    0.688049] of_get_named_gpiod_flags: can't parse 'wp-gpios' property of node '/ocp/interconnect@48000000/segment@100000/target-module@d8000/mmc@0[0]'
[    0.688094] of_get_named_gpiod_flags: can't parse 'wp-gpio' property of node '/ocp/interconnect@48000000/segment@100000/target-module@d8000/mmc@0[0]'
[    0.688131] sdhci-omap 481d8000.mmc: using lookup tables for GPIO lookup
[    0.688141] sdhci-omap 481d8000.mmc: No GPIO consumer wp found
[    0.688333] sdhci-omap 481d8000.mmc: supply pbias not found, using dummy regulator
[    0.688840] sdhci-omap 481d8000.mmc: supply vqmmc not found, using dummy regulator
[    0.745147] davinci_mdio 4a101000.mdio: davinci mdio revision 1.6, bus freq 1000000
[    0.762454] mdio_bus 4a101000.mdio:00: using DT '/ocp/interconnect@4a000000/segment@0/target-module@100000/switch@0/mdio@1000/ethernet-phy@0' for 'reset' GPIO lookup
[    0.762560] of_get_named_gpiod_flags: parsed 'reset-gpios' property of node '/ocp/interconnect@4a000000/segment@0/target-module@100000/switch@0/mdio@1000/ethernet-phy@0[0]' - status (0)
[    0.762724] gpio gpiochip0: Persistence not supported for GPIO 8
[    0.859769] davinci_mdio 4a101000.mdio: phy[0]: device 4a101000.mdio:00, driver SMSC LAN8710/LAN8720
[    0.860566] cpsw-switch 4a100000.switch: initialized cpsw ale version 1.4
[    0.860588] cpsw-switch 4a100000.switch: ALE Table size 1024, Policers 0
[    0.860855] cpsw-switch 4a100000.switch: cpts: overflow check period 500 (jiffies)
[    0.860876] cpsw-switch 4a100000.switch: CPTS: ref_clk_freq:250000000 calc_mult:2147483648 calc_shift:29 error:0 nsec/sec
[    0.860981] cpsw-switch 4a100000.switch: Detected MACID = 6c:ec:eb:68:de:78
[    0.862978] cpsw-switch 4a100000.switch: initialized (regs 0x4a100000, pool size 256) hw_ver:0019010C 1.12 (0)
[    0.873872] debugfs: Directory '49000000.dma' with parent 'dmaengine' already present!
[    0.873914] edma 49000000.dma: TI EDMA DMA engine driver
[    0.911130] target-module@4b000000:target-module@140000:pmu@0:fck: device ID is greater than 24
[    0.921775] hw perfevents: enabled with armv7_cortex_a8 PMU driver, 5 (8000000f) counters available
[    0.922680] gpio-clk clk_mcasp0: using DT '/clk_mcasp0' for 'enable' GPIO lookup
[    0.922752] of_get_named_gpiod_flags: parsed 'enable-gpios' property of node '/clk_mcasp0[0]' - status (0)
[    0.922794] gpio gpiochip0: Persistence not supported for GPIO 27
[    0.923610] gpiochip_find_base_unlocked: found new base at 608
[    0.923714] gpio gpiochip3: (gpio-96-127): created GPIO range 0->7 ==> 44e10800.pinmux PIN 82->89
[    0.923734] gpio gpiochip3: (gpio-96-127): created GPIO range 8->11 ==> 44e10800.pinmux PIN 52->55
[    0.923749] gpio gpiochip3: (gpio-96-127): created GPIO range 12->15 ==> 44e10800.pinmux PIN 94->97
[    0.923765] gpio gpiochip3: (gpio-96-127): created GPIO range 16->17 ==> 44e10800.pinmux PIN 71->72
[    0.923781] gpio gpiochip3: (gpio-96-127): created GPIO range 18->18 ==> 44e10800.pinmux PIN 135->135
[    0.923797] gpio gpiochip3: (gpio-96-127): created GPIO range 19->20 ==> 44e10800.pinmux PIN 108->109
[    0.923814] gpio gpiochip3: (gpio-96-127): created GPIO range 21->21 ==> 44e10800.pinmux PIN 73->73
[    0.923831] gpio gpiochip3: (gpio-96-127): created GPIO range 22->23 ==> 44e10800.pinmux PIN 8->9
[    0.923848] gpio gpiochip3: (gpio-96-127): created GPIO range 26->27 ==> 44e10800.pinmux PIN 10->11
[    0.923865] gpio gpiochip3: (gpio-96-127): created GPIO range 28->28 ==> 44e10800.pinmux PIN 74->74
[    0.923883] gpio gpiochip3: (gpio-96-127): created GPIO range 29->29 ==> 44e10800.pinmux PIN 81->81
[    0.923901] gpio gpiochip3: (gpio-96-127): created GPIO range 30->31 ==> 44e10800.pinmux PIN 28->29
[    0.929484] l3-aon-clkctrl:0000:0: failed to disable
[    0.929808] gpio gpiochip3: (gpio-96-127): added GPIO chardev (254:3)
[    0.929951] gpio gpiochip3: registered GPIOs 608 to 639 on gpio-96-127
[    0.945005] omap8250 44e09000.serial: using DT '/ocp/interconnect@44c00000/segment@200000/target-module@9000/serial@0' for 'rs485-term' GPIO lookup
[    0.945085] of_get_named_gpiod_flags: can't parse 'rs485-term-gpios' property of node '/ocp/interconnect@44c00000/segment@200000/target-module@9000/serial@0[0]'
[    0.945131] of_get_named_gpiod_flags: can't parse 'rs485-term-gpio' property of node '/ocp/interconnect@44c00000/segment@200000/target-module@9000/serial@0[0]'
[    0.945168] omap8250 44e09000.serial: using lookup tables for GPIO lookup
[    0.945178] omap8250 44e09000.serial: No GPIO consumer rs485-term found
[    0.945189] omap8250 44e09000.serial: using DT '/ocp/interconnect@44c00000/segment@200000/target-module@9000/serial@0' for 'rs485-rx-during-tx' GPIO lookup
[    0.945225] of_get_named_gpiod_flags: can't parse 'rs485-rx-during-tx-gpios' property of node '/ocp/interconnect@44c00000/segment@200000/target-module@9000/serial@0[0]'
[    0.945264] of_get_named_gpiod_flags: can't parse 'rs485-rx-during-tx-gpio' property of node '/ocp/interconnect@44c00000/segment@200000/target-module@9000/serial@0[0]'
[    0.945297] omap8250 44e09000.serial: using lookup tables for GPIO lookup
[    0.945305] omap8250 44e09000.serial: No GPIO consumer rs485-rx-during-tx found
[    0.945726] 44e09000.serial: ttyS0 at MMIO 0x44e09000 (irq = 34, base_baud = 3000000) is a 8250
[    0.945817] printk: legacy console [ttyS0] enabled
[    2.283722] i2c i2c-0: using DT '/ocp/interconnect@44c00000/segment@200000/target-module@b000/i2c@0' for 'scl' GPIO lookup
[    2.283821] of_get_named_gpiod_flags: can't parse 'scl-gpios' property of node '/ocp/interconnect@44c00000/segment@200000/target-module@b000/i2c@0[0]'
[    2.283869] of_get_named_gpiod_flags: can't parse 'scl-gpio' property of node '/ocp/interconnect@44c00000/segment@200000/target-module@b000/i2c@0[0]'
[    2.283911] i2c i2c-0: using lookup tables for GPIO lookup
[    2.283926] i2c i2c-0: No GPIO consumer scl found
[    2.283950] i2c i2c-0: using DT '/ocp/interconnect@44c00000/segment@200000/target-module@b000/i2c@0' for 'sda' GPIO lookup
[    2.283992] of_get_named_gpiod_flags: can't parse 'sda-gpios' property of node '/ocp/interconnect@44c00000/segment@200000/target-module@b000/i2c@0[0]'
[    2.284035] of_get_named_gpiod_flags: can't parse 'sda-gpio' property of node '/ocp/interconnect@44c00000/segment@200000/target-module@b000/i2c@0[0]'
[    2.284072] i2c i2c-0: using lookup tables for GPIO lookup
[    2.284083] i2c i2c-0: No GPIO consumer sda found
[    2.302277] tps65217-pmic: Failed to locate of_node [id: -1]
[    2.308342] tps65217-bl: Failed to locate of_node [id: -1]
[    2.319759] tps65217 0-0024: TPS65217 ID 0xe version 1.2
[    2.325907] platform 4830e000.lcdc: Fixed dependency cycle(s) with /ocp/interconnect@44c00000/segment@200000/target-module@b000/i2c@0/tda19988@70
[    2.339338] i2c 0-0070: Fixed dependency cycle(s) with /ocp/interconnect@48000000/segment@300000/target-module@e000/lcdc@0
[    2.350752] omap_i2c 44e0b000.i2c: bus 0 rev0.11 at 400 kHz
[    2.358383] sdhci-omap 48060000.mmc: using DT '/ocp/interconnect@48000000/segment@0/target-module@60000/mmc@0' for 'cd' GPIO lookup
[    2.358493] of_get_named_gpiod_flags: parsed 'cd-gpios' property of node '/ocp/interconnect@48000000/segment@0/target-module@60000/mmc@0[0]' - status (0)
[    2.358561] gpio gpiochip3: Persistence not supported for GPIO 6
[    2.358586] omap_gpio 44e07000.gpio: Could not set line 6 debounce to 200000 microseconds (-22)
[    2.367463] sdhci-omap 48060000.mmc: Got CD GPIO
[    2.372141] sdhci-omap 48060000.mmc: using DT '/ocp/interconnect@48000000/segment@0/target-module@60000/mmc@0' for 'wp' GPIO lookup
[    2.372190] of_get_named_gpiod_flags: can't parse 'wp-gpios' property of node '/ocp/interconnect@48000000/segment@0/target-module@60000/mmc@0[0]'
[    2.372237] of_get_named_gpiod_flags: can't parse 'wp-gpio' property of node '/ocp/interconnect@48000000/segment@0/target-module@60000/mmc@0[0]'
[    2.372278] sdhci-omap 48060000.mmc: using lookup tables for GPIO lookup
[    2.372293] sdhci-omap 48060000.mmc: No GPIO consumer wp found
[    2.372502] sdhci-omap 48060000.mmc: supply pbias not found, using dummy regulator
[    2.381184] sdhci-omap 481d8000.mmc: using DT '/ocp/interconnect@48000000/segment@100000/target-module@d8000/mmc@0' for 'wp' GPIO lookup
[    2.381360] of_get_named_gpiod_flags: can't parse 'wp-gpios' property of node '/ocp/interconnect@48000000/segment@100000/target-module@d8000/mmc@0[0]'
[    2.381420] of_get_named_gpiod_flags: can't parse 'wp-gpio' property of node '/ocp/interconnect@48000000/segment@100000/target-module@d8000/mmc@0[0]'
[    2.381462] sdhci-omap 481d8000.mmc: using lookup tables for GPIO lookup
[    2.381476] sdhci-omap 481d8000.mmc: No GPIO consumer wp found
[    2.382905] sdhci-omap 48060000.mmc: supply vqmmc not found, using dummy regulator
[    2.391993] sdhci-omap 481d8000.mmc: supply pbias not found, using dummy regulator
[    2.399989] sdhci-omap 481d8000.mmc: supply vqmmc not found, using dummy regulator
[    2.438516] mmc1: SDHCI controller on 481d8000.mmc [481d8000.mmc] using External DMA
[    2.447762] mmc0: SDHCI controller on 48060000.mmc [48060000.mmc] using External DMA
[    2.456623] cpsw-switch 4a100000.switch: starting ndev. mode: dual_mac
[    2.500515] mmc0: new high speed SDHC card at address 5048
[    2.507642] mmcblk0: mmc0:5048 SD16G 14.4 GiB
[    2.515818]  mmcblk0: p1 p2
[    2.519228] mmcblk0: p2 size 31221760 extends beyond EOD, truncated
[    2.532609] SMSC LAN8710/LAN8720 4a101000.mdio:00: attached PHY driver (mii_bus:phy_addr=4a101000.mdio:00, irq=POLL)
[    2.545259] mmc1: new high speed MMC card at address 0001
[    2.552292] mmcblk1: mmc1:0001 MMC04G 3.60 GiB
[    2.563983]  mmcblk1: p1 p2
[    2.568280] mmcblk1boot0: mmc1:0001 MMC04G 2.00 MiB
[    2.575690] mmcblk1boot1: mmc1:0001 MMC04G 2.00 MiB
[    2.583270] mmcblk1rpmb: mmc1:0001 MMC04G 128 KiB, chardev (250:0)
[    5.682073] cpsw-switch 4a100000.switch eth0: Link is Up - 100Mbps/Full - flow control off
[    5.721530] IP-Config: Complete:
[    5.724809]      device=eth0, hwaddr=6c:ec:eb:68:de:78, ipaddr=192.168.255.1, mask=255.255.255.0, gw=255.255.255.255
[    5.735476]      host=bbb1, domain=, nis-domain=(none)
[    5.740645]      bootserver=192.168.255.126, rootserver=192.168.255.126, rootpath=
[    5.741091] clk: Disabling unused clocks
[    5.752959] PM: genpd: Disabling unused power domains
[    5.758079] KTAP version 1
[    5.760800] 1..0
[    5.793826] VFS: Mounted root (nfs filesystem) on device 0:17.
[    5.800637] devtmpfs: mounted
[    5.805777] Freeing unused kernel image (initmem) memory: 1024K
[    5.812499] Run /sbin/init as init process
[    5.816632]   with arguments:
[    5.816646]     /sbin/init
[    5.816656]     nfsrootdebug
[    5.816665]   with environment:
[    5.816674]     HOME=/
[    5.816683]     TERM=linux
[    6.521864] systemd[1]: System time before build time, advancing clock.
[    8.011310] random: crng init done
[    8.053895] systemd[1]: systemd 232 running in system mode. (+PAM +AUDIT +SELINUX +IMA +APPARMOR +SMACK +SYSVINIT +UTMP +LIBCRYPTSETUP +GCRYPT +GNUTLS +ACL +XZ +LZ4 +SECCOMP +BLKID +ELFUTILS +KMOD +IDN)
[    8.072947] systemd[1]: Detected architecture arm.
[    8.104453] systemd[1]: Set hostname to <arm>.
[    9.213824] systemd[1]: Created slice User and Session Slice.
[    9.233215] systemd[1]: Listening on Syslog Socket.
[    9.262665] systemd[1]: Created slice System Slice.
[    9.292304] systemd[1]: Started Forward Password Requests to Wall Directory Watch.
[    9.322074] systemd[1]: Listening on Journal Socket (/dev/log).
[    9.352755] systemd[1]: Created slice system-getty.slice.
[    9.383036] systemd[1]: Set up automount Arbitrary Executable File Formats File System Automount Point.
[   11.424200] systemd-journald[80]: Received request to flush runtime journal from PID 1
[   14.437420] leds-gpio leds: using DT '/leds/led2' for '(default)' GPIO lookup
[   14.437529] of_get_named_gpiod_flags: parsed 'gpios' property of node '/leds/led2[0]' - status (0)
[   14.437587] gpio gpiochip0: Persistence not supported for GPIO 21
[   14.437603] gpio-533 (?): no flags found for GPIO (default)
[   14.509254] leds-gpio leds: using DT '/leds/led3' for '(default)' GPIO lookup
[   14.509502] of_get_named_gpiod_flags: parsed 'gpios' property of node '/leds/led3[0]' - status (0)
[   14.509568] gpio gpiochip0: Persistence not supported for GPIO 22
[   14.509585] gpio-534 (?): no flags found for GPIO (default)
[   14.578733] leds-gpio leds: using DT '/leds/led4' for '(default)' GPIO lookup
[   14.578835] of_get_named_gpiod_flags: parsed 'gpios' property of node '/leds/led4[0]' - status (0)
[   14.578888] gpio gpiochip0: Persistence not supported for GPIO 23
[   14.578904] gpio-535 (?): no flags found for GPIO (default)
[   14.603571] leds-gpio leds: using DT '/leds/led5' for '(default)' GPIO lookup
[   14.603670] of_get_named_gpiod_flags: parsed 'gpios' property of node '/leds/led5[0]' - status (0)
[   14.603723] gpio gpiochip0: Persistence not supported for GPIO 24
[   14.603740] gpio-536 (?): no flags found for GPIO (default)
[   14.856548] remoteproc remoteproc0: wkup_m3 is available
[   15.262342] omap_rtc 44e3e000.rtc: registered as rtc0
[   15.267519] omap_rtc 44e3e000.rtc: setting system clock to 2000-01-01T00:00:00 UTC (946684800)
[   15.276350] omap_rtc 44e3e000.rtc: using DT '/ocp/interconnect@44c00000/segment@200000/target-module@3e000/rtc@0' for 'wp' GPIO lookup
[   15.276423] of_get_named_gpiod_flags: can't parse 'wp-gpios' property of node '/ocp/interconnect@44c00000/segment@200000/target-module@3e000/rtc@0[0]'
[   15.276476] of_get_named_gpiod_flags: can't parse 'wp-gpio' property of node '/ocp/interconnect@44c00000/segment@200000/target-module@3e000/rtc@0[0]'
[   15.276518] omap_rtc 44e3e000.rtc: using lookup tables for GPIO lookup
[   15.276533] omap_rtc 44e3e000.rtc: No GPIO consumer wp found
[   15.343211] at24 2-0054: supply vcc not found, using dummy regulator
[   15.414102] omap_wdt: OMAP Watchdog Timer Rev 0x01: initial timeout 60 sec
[   15.486462] at24 2-0055: supply vcc not found, using dummy regulator
[   15.616563] at24 2-0056: supply vcc not found, using dummy regulator
[   15.633917] am335x-phy-driver 47401300.usb-phy: using DT '/ocp/target-module@47400000/usb-phy@1300' for 'reset' GPIO lookup
[   15.634015] of_get_named_gpiod_flags: can't parse 'reset-gpios' property of node '/ocp/target-module@47400000/usb-phy@1300[0]'
[   15.634062] of_get_named_gpiod_flags: can't parse 'reset-gpio' property of node '/ocp/target-module@47400000/usb-phy@1300[0]'
[   15.634101] am335x-phy-driver 47401300.usb-phy: using lookup tables for GPIO lookup
[   15.634117] am335x-phy-driver 47401300.usb-phy: No GPIO consumer reset found
[   15.634131] am335x-phy-driver 47401300.usb-phy: using DT '/ocp/target-module@47400000/usb-phy@1300' for 'vbus-detect' GPIO lookup
[   15.634163] of_get_named_gpiod_flags: can't parse 'vbus-detect-gpios' property of node '/ocp/target-module@47400000/usb-phy@1300[0]'
[   15.634198] of_get_named_gpiod_flags: can't parse 'vbus-detect-gpio' property of node '/ocp/target-module@47400000/usb-phy@1300[0]'
[   15.634226] am335x-phy-driver 47401300.usb-phy: using lookup tables for GPIO lookup
[   15.634238] am335x-phy-driver 47401300.usb-phy: No GPIO consumer vbus-detect found
[   15.634387] am335x-phy-driver 47401300.usb-phy: dummy supplies not allowed for exclusive requests (id=vbus)
[   15.725676] at24 2-0057: supply vcc not found, using dummy regulator
[   15.867526] tps6521x_pwrbutton tps65217-pwrbutton: DMA mask not set
[   16.006880] usbcore: registered new interface driver usbfs
[   16.012754] usbcore: registered new interface driver hub
[   16.018199] usbcore: registered new device driver usb
[   16.072344] input: tps65217_pwrbutton as /devices/platform/ocp/44c00000.interconnect/44c00000.interconnect:segment@200000/44e0b000.target-module/44e0b000.i2c/i2c-0/0-0024/tps65217-pwrbutton/input/input0
[   16.112641] at24 0-0050: using DT '/ocp/interconnect@44c00000/segment@200000/target-module@b000/i2c@0/eeprom@50' for 'wp' GPIO lookup
[   16.112762] of_get_named_gpiod_flags: can't parse 'wp-gpios' property of node '/ocp/interconnect@44c00000/segment@200000/target-module@b000/i2c@0/eeprom@50[0]'
[   16.112826] of_get_named_gpiod_flags: can't parse 'wp-gpio' property of node '/ocp/interconnect@44c00000/segment@200000/target-module@b000/i2c@0/eeprom@50[0]'
[   16.112874] at24 0-0050: using lookup tables for GPIO lookup
[   16.112889] at24 0-0050: No GPIO consumer wp found
[   16.113246] at24 0-0050: 32768 byte 24c256 EEPROM, writable, 1 bytes/write
[   16.285275] am335x-phy-driver 47401b00.usb-phy: using DT '/ocp/target-module@47400000/usb-phy@1b00' for 'reset' GPIO lookup
[   16.285372] of_get_named_gpiod_flags: can't parse 'reset-gpios' property of node '/ocp/target-module@47400000/usb-phy@1b00[0]'
[   16.285416] of_get_named_gpiod_flags: can't parse 'reset-gpio' property of node '/ocp/target-module@47400000/usb-phy@1b00[0]'
[   16.285455] am335x-phy-driver 47401b00.usb-phy: using lookup tables for GPIO lookup
[   16.285471] am335x-phy-driver 47401b00.usb-phy: No GPIO consumer reset found
[   16.285486] am335x-phy-driver 47401b00.usb-phy: using DT '/ocp/target-module@47400000/usb-phy@1b00' for 'vbus-detect' GPIO lookup
[   16.285517] of_get_named_gpiod_flags: can't parse 'vbus-detect-gpios' property of node '/ocp/target-module@47400000/usb-phy@1b00[0]'
[   16.285551] of_get_named_gpiod_flags: can't parse 'vbus-detect-gpio' property of node '/ocp/target-module@47400000/usb-phy@1b00[0]'
[   16.285579] am335x-phy-driver 47401b00.usb-phy: using lookup tables for GPIO lookup
[   16.285592] am335x-phy-driver 47401b00.usb-phy: No GPIO consumer vbus-detect found
[   16.285743] am335x-phy-driver 47401b00.usb-phy: dummy supplies not allowed for exclusive requests (id=vbus)
[   16.673379] wkup_m3_ipc 44e11324.wkup_m3_ipc: IPC Request for A8->M3 Channel failed! -517
[   17.076399] wkup_m3_ipc 44e11324.wkup_m3_ipc: IPC Request for A8->M3 Channel failed! -517
[   17.226900] musb-hdrc musb-hdrc.1: MUSB HDRC host driver
[   17.232494] musb-hdrc musb-hdrc.1: new USB bus registered, assigned bus number 1
[   17.242271] wkup_m3_ipc 44e11324.wkup_m3_ipc: IPC Request for A8->M3 Channel failed! -517
[   17.441571] usb usb1: New USB device found, idVendor=1d6b, idProduct=0002, bcdDevice= 6.12
[   17.449936] usb usb1: New USB device strings: Mfr=3, Product=2, SerialNumber=1
[   17.457308] usb usb1: Product: MUSB HDRC host driver
[   17.462466] usb usb1: Manufacturer: Linux 6.12.0-rc4-next-20241025 musb-hcd
[   17.469473] usb usb1: SerialNumber: musb-hdrc.1
[   17.824675] hub 1-0:1.0: USB hub found
[   17.896423] hub 1-0:1.0: 1 port detected
[   17.938044] wkup_m3_ipc 44e11324.wkup_m3_ipc: IPC Request for A8->M3 Channel failed! -517
[   18.095433] wkup_m3_ipc 44e11324.wkup_m3_ipc: IPC Request for A8->M3 Channel failed! -517
[   18.115769] tda998x 0-0070: found TDA19988
[   18.190676] wkup_m3_ipc 44e11324.wkup_m3_ipc: IPC Request for A8->M3 Channel failed! -517
[   18.208859] omap-mailbox 480c8000.mailbox: omap mailbox rev 0x400
[   18.381685] remoteproc remoteproc0: powering up wkup_m3
[   18.591567] remoteproc remoteproc0: Direct firmware load for am335x-pm-firmware.elf failed with error -2
[   18.601164] remoteproc remoteproc0: request_firmware failed: -2
[   18.607246] wkup_m3_ipc 44e11324.wkup_m3_ipc: rproc_boot failed
[   20.141755] omap_rng 48310000.rng: Random Number Generator ver. 20
[   20.275744] tilcdc 4830e000.lcdc: bound 0-0070 (ops 0xbf06a030)
[   20.368946] [drm] Initialized tilcdc 1.0.0 for 4830e000.lcdc on minor 0
[   20.431695] tilcdc 4830e000.lcdc: [drm] Cannot find any crtc or sizes
[   20.443543] tilcdc 4830e000.lcdc: [drm] Cannot find any crtc or sizes
[   21.274661] omap-sham 53100000.sham: hw accel on OMAP rev 4.3
[   21.369480] PM: Cannot get wkup_m3_ipc handle
[   21.414266] omap-sham 53100000.sham: will run requests pump with realtime priority
[   21.424006] PM: Cannot get wkup_m3_ipc handle
[   21.572241] omap-aes 53500000.aes: OMAP AES hw accel rev: 3.2
[   21.673680] omap-aes 53500000.aes: will run requests pump with realtime priority
[   21.682526] PM: Cannot get wkup_m3_ipc handle
[   22.644710] Bluetooth: Core ver 2.22
[   22.648548] NET: Registered PF_BLUETOOTH protocol family
[   22.654085] Bluetooth: HCI device and connection manager initialized
[   22.660503] Bluetooth: HCI socket layer initialized
[   22.665456] Bluetooth: L2CAP socket layer initialized
[   22.670570] Bluetooth: SCO socket layer initialized
[   25.084322] PM: Cannot get wkup_m3_ipc handle
[   25.090108] asoc-simple-card sound: using DT '/sound' for 'simple-audio-card,hp-det' GPIO lookup
[   25.090180] of_get_named_gpiod_flags: can't parse 'simple-audio-card,hp-det-gpios' property of node '/sound[0]'
[   25.090216] of_get_named_gpiod_flags: can't parse 'simple-audio-card,hp-det-gpio' property of node '/sound[0]'
[   25.090241] asoc-simple-card sound: using lookup tables for GPIO lookup
[   25.090256] asoc-simple-card sound: No GPIO consumer simple-audio-card,hp-det found
[   25.090272] asoc-simple-card sound: using DT '/sound' for 'simple-audio-card,mic-det' GPIO lookup
[   25.090297] of_get_named_gpiod_flags: can't parse 'simple-audio-card,mic-det-gpios' property of node '/sound[0]'
[   25.090323] of_get_named_gpiod_flags: can't parse 'simple-audio-card,mic-det-gpio' property of node '/sound[0]'
[   25.090343] asoc-simple-card sound: using lookup tables for GPIO lookup
[   25.090356] asoc-simple-card sound: No GPIO consumer simple-audio-card,mic-det found
[   25.222463] PM: Cannot get wkup_m3_ipc handle
[   28.665467] userial_init: registered 8 ttyGS* devices
[   28.873765] rndis_register: configNr = 0
[   28.935921] udc musb-hdrc.0: binding gadget driver [g_multi]
[   28.936020] configfs-gadget.g_multi gadget.0: adding 'rndis'/cac01f23 to config 'c'/8694f5da
[   28.937176] configfs-gadget.g_multi gadget.0: HOST MAC 1c:ba:8c:a2:ed:6c
[   28.944169] configfs-gadget.g_multi gadget.0: MAC 1c:ba:8c:a2:ed:70
[   28.950547] rndis_set_param_medium: 0 0
[   28.950570] configfs-gadget.g_multi gadget.0: RNDIS: IN/ep1in OUT/ep1out NOTIFY/ep2in
[   28.950588] configfs-gadget.g_multi gadget.0: adding 'cdc_ethernet'/1de620de to config 'c'/8694f5da
[   28.951662] configfs-gadget.g_multi gadget.0: HOST MAC 1c:ba:8c:a2:ed:6c
[   28.958429] configfs-gadget.g_multi gadget.0: MAC 1c:ba:8c:a2:ed:6d
[   28.964829] configfs-gadget.g_multi gadget.0: CDC Ethernet: IN/ep3in OUT/ep2out NOTIFY/ep4in
[   28.964849] configfs-gadget.g_multi gadget.0: adding 'acm'/996a5db3 to config 'c'/8694f5da
[   28.964889] configfs-gadget.g_multi gadget.0: acm ttyGS0: IN/ep5in OUT/ep3out NOTIFY/ep6in
[   28.971842] PM: Cannot get wkup_m3_ipc handle
[   31.413476] configfs-gadget.g_multi gadget.0: eth_open
[   35.107060] gs_open: ttyGS0 (89f3c109,2bdc9c4d)
[   35.107217] gs_close: ttyGS0 (89f3c109,2bdc9c4d) ...
[   35.107243] gs_close: ttyGS0 (89f3c109,2bdc9c4d) done!
[   35.119574] gs_open: ttyGS0 (89f3c109,2bdc9c4d)
[   35.119695] gs_close: ttyGS0 (89f3c109,2bdc9c4d) ...
[   35.119718] gs_close: ttyGS0 (89f3c109,2bdc9c4d) done!
[   35.293135] gs_open: ttyGS0 (8a53c3a7,d6602055)
[   35.293422] gs_close: ttyGS0 (8a53c3a7,d6602055) ...
[   35.293453] gs_close: ttyGS0 (8a53c3a7,d6602055) done!
[   35.293782] gs_open: ttyGS0 (2d51d5f3,d6602055)
MLJLXGMBQA 0
root@arm:~# echo 'FYQT''WOAGWQ'
FYQTWOAGWQ
root@arm:~# MARKER='JOEU''HTSCBG' run 'modprobe test_linear_ranges'
JOEUHTSCBGJOEUHTSCBG 0
root@arm:~# echo 'GKOG''BULJTC'
GKOGBULJTC
root@arm:~# MARKER='JGHB''CHUNJH' run dmesg
JGHBCHUNJH[    0.000000] Booting Linux on physical CPU 0x0
[    0.000000] Linux version 6.12.0-rc4-next-20241025 (user01@drvtest01) (arm-linux-gnueabihf-gcc (Linaro GCC 6.4-2017.11) 6.4.1 20171012, GNU ld (Linaro_Binutils-2017.11) 2.27.0.20161229) #123 SMP Fri Oct 25 09:19:19 EEST 2024
[    0.000000] CPU: ARMv7 Processor [413fc082] revision 2 (ARMv7), cr=10c5387d
[    0.000000] CPU: PIPT / VIPT nonaliasing data cache, VIPT aliasing instruction cache
[    0.000000] OF: fdt: Machine model: TI AM335x BeagleBone Black
[    0.000000] Memory policy: Data cache writeback
[    0.000000] cma: Reserved 16 MiB at 0x9e800000 on node -1
[    0.000000] Zone ranges:
[    0.000000]   Normal   [mem 0x0000000080000000-0x000000009fdfffff]
[    0.000000]   HighMem  empty
[    0.000000] Movable zone start for each node
[    0.000000] Early memory node ranges
[    0.000000]   node   0: [mem 0x0000000080000000-0x000000009fdfffff]
[    0.000000] Initmem setup node 0 [mem 0x0000000080000000-0x000000009fdfffff]
[    0.000000] OF: reserved mem: Reserved memory: No reserved-memory node in the DT
[    0.000000] CPU: All CPU(s) started in SVC mode.
[    0.000000] AM335X ES2.1 (sgx neon)
[    0.000000] percpu: Embedded 17 pages/cpu s39756 r8192 d21684 u69632
[    0.000000] pcpu-alloc: s39756 r8192 d21684 u69632 alloc=17*4096
[    0.000000] pcpu-alloc: [0] 0 
[    0.000000] Kernel command line: console=ttyO0,115200n8 root=/dev/nfs rw nfsroot=192.168.255.126:/home/user01/nfs,nfsvers=3 ip=192.168.255.1:192.168.255.126::255.255.255.0:bbb1:eth0 nfsrootdebug
[    0.000000] Unknown kernel command line parameters "nfsrootdebug", will be passed to user space.
[    0.000000] printk: log buffer data + meta data: 65536 + 204800 = 270336 bytes
[    0.000000] Dentry cache hash table entries: 65536 (order: 6, 262144 bytes, linear)
[    0.000000] Inode-cache hash table entries: 32768 (order: 5, 131072 bytes, linear)
[    0.000000] Built 1 zonelists, mobility grouping on.  Total pages: 130560
[    0.000000] mem auto-init: stack:off, heap alloc:off, heap free:off
[    0.000000] SLUB: HWalign=64, Order=0-3, MinObjects=0, CPUs=1, Nodes=1
[    0.000000] trace event string verifier disabled
[    0.000000] rcu: Hierarchical RCU implementation.
[    0.000000] rcu: 	RCU event tracing is enabled.
[    0.000000] rcu: 	RCU restricting CPUs from NR_CPUS=2 to nr_cpu_ids=1.
[    0.000000] 	Tracing variant of Tasks RCU enabled.
[    0.000000] rcu: RCU calculated value of scheduler-enlistment delay is 10 jiffies.
[    0.000000] rcu: Adjusting geometry for rcu_fanout_leaf=16, nr_cpu_ids=1
[    0.000000] RCU Tasks Trace: Setting shift to 0 and lim to 1 rcu_task_cb_adjust=1 rcu_task_cpu_ids=1.
[    0.000000] NR_IRQS: 16, nr_irqs: 16, preallocated irqs: 16
[    0.000000] IRQ: Found an INTC at 0x(ptrval) (revision 5.0) with 128 interrupts
[    0.000000] rcu: srcu_init: Setting srcu_struct sizes based on contention.
[    0.000000] TI gptimer clocksource: always-on /ocp/interconnect@44c00000/segment@200000/target-module@31000
[    0.000002] sched_clock: 32 bits at 24MHz, resolution 41ns, wraps every 89478484971ns
[    0.000027] clocksource: dmtimer: mask: 0xffffffff max_cycles: 0xffffffff, max_idle_ns: 79635851949 ns
[    0.000500] TI gptimer clockevent: 24000000 Hz at /ocp/interconnect@48000000/segment@0/target-module@40000
[    0.002132] Console: colour dummy device 80x30
[    0.002198] WARNING: Your 'console=ttyO0' has been replaced by 'ttyS0'
[    0.002207] This ensures that you still see kernel messages. Please
[    0.002212] update your kernel commandline.
[    0.002254] Calibrating delay loop... 996.14 BogoMIPS (lpj=4980736)
[    0.090549] CPU: Testing write buffer coherency: ok
[    0.090665] CPU0: Spectre v2: using BPIALL workaround
[    0.090677] pid_max: default: 32768 minimum: 301
[    0.090805] LSM: initializing lsm=capability
[    0.090990] Mount-cache hash table entries: 1024 (order: 0, 4096 bytes, linear)
[    0.091009] Mountpoint-cache hash table entries: 1024 (order: 0, 4096 bytes, linear)
[    0.092646] CPU0: thread -1, cpu 0, socket -1, mpidr 0
[    0.160943] Setting up static identity map for 0x80100000 - 0x80100078
[    0.170711] rcu: Hierarchical SRCU implementation.
[    0.170724] rcu: 	Max phase no-delay instances is 1000.
[    0.190764] smp: Bringing up secondary CPUs ...
[    0.190823] smp: Brought up 1 node, 1 CPU
[    0.190838] SMP: Total of 1 processors activated (996.14 BogoMIPS).
[    0.190850] CPU: All CPU(s) started in SVC mode.
[    0.191047] Memory: 480872K/522240K available (11264K kernel code, 1207K rwdata, 2892K rodata, 1024K init, 295K bss, 23356K reserved, 16384K cma-reserved, 0K highmem)
[    0.191933] devtmpfs: initialized
[    0.209054] VFP support v0.3: implementor 41 architecture 3 part 30 variant c rev 3
[    0.209408] clocksource: jiffies: mask: 0xffffffff max_cycles: 0xffffffff, max_idle_ns: 19112604462750000 ns
[    0.209440] futex hash table entries: 256 (order: 2, 16384 bytes, linear)
[    0.210939] pinctrl core: initialized pinctrl subsystem
[    0.213776] NET: Registered PF_NETLINK/PF_ROUTE protocol family
[    0.216587] DMA: preallocated 256 KiB pool for atomic coherent allocations
[    0.217499] audit: initializing netlink subsys (disabled)
[    0.218937] thermal_sys: Registered thermal governor 'fair_share'
[    0.218953] thermal_sys: Registered thermal governor 'step_wise'
[    0.218963] thermal_sys: Registered thermal governor 'user_space'
[    0.219118] audit: type=2000 audit(0.210:1): state=initialized audit_enabled=0 res=1
[    0.219154] cpuidle: using governor menu
[    0.238275] No ATAGs?
[    0.238300] hw-breakpoint: debug architecture 0x4 unsupported.
[    0.241127] kprobes: kprobe jump-optimization is enabled. All kprobes are optimized if possible.
[    0.254121] iommu: Default domain type: Translated
[    0.254144] iommu: DMA domain TLB invalidation policy: strict mode
[    0.255829] reg-fixed-voltage fixedregulator0: using DT '/fixedregulator0' for '(default)' GPIO lookup
[    0.255884] of_get_named_gpiod_flags: can't parse 'gpios' property of node '/fixedregulator0[0]'
[    0.255914] of_get_named_gpiod_flags: can't parse 'gpio' property of node '/fixedregulator0[0]'
[    0.255931] reg-fixed-voltage fixedregulator0: using lookup tables for GPIO lookup
[    0.255943] reg-fixed-voltage fixedregulator0: No GPIO consumer (default) found
[    0.261887] SCSI subsystem initialized
[    0.262392] libata version 3.00 loaded.
[    0.262755] pps_core: LinuxPPS API ver. 1 registered
[    0.262765] pps_core: Software ver. 5.3.6 - Copyright 2005-2007 Rodolfo Giometti <giometti@linux.it>
[    0.262789] PTP clock support registered
[    0.270870] vgaarb: loaded
[    0.271284] clocksource: Switched to clocksource dmtimer
[    0.271934] VFS: Disk quotas dquot_6.6.0
[    0.271974] VFS: Dquot-cache hash table entries: 1024 (order 0, 4096 bytes)
[    0.297260] NET: Registered PF_INET protocol family
[    0.297613] IP idents hash table entries: 8192 (order: 4, 65536 bytes, linear)
[    0.299022] tcp_listen_portaddr_hash hash table entries: 512 (order: 0, 4096 bytes, linear)
[    0.299060] Table-perturb hash table entries: 65536 (order: 6, 262144 bytes, linear)
[    0.299080] TCP established hash table entries: 4096 (order: 2, 16384 bytes, linear)
[    0.299123] TCP bind hash table entries: 4096 (order: 4, 65536 bytes, linear)
[    0.299223] TCP: Hash tables configured (established 4096 bind 4096)
[    0.299344] UDP hash table entries: 256 (order: 1, 8192 bytes, linear)
[    0.299374] UDP-Lite hash table entries: 256 (order: 1, 8192 bytes, linear)
[    0.299545] NET: Registered PF_UNIX/PF_LOCAL protocol family
[    0.312146] RPC: Registered named UNIX socket transport module.
[    0.312169] RPC: Registered udp transport module.
[    0.312174] RPC: Registered tcp transport module.
[    0.312179] RPC: Registered tcp-with-tls transport module.
[    0.312185] RPC: Registered tcp NFSv4.1 backchannel transport module.
[    0.312212] PCI: CLS 0 bytes, default 64
[    0.313701] Initialise system trusted keyrings
[    0.314319] workingset: timestamp_bits=14 max_order=17 bucket_order=3
[    0.316199] NFS: Registering the id_resolver key type
[    0.316289] Key type id_resolver registered
[    0.316297] Key type id_legacy registered
[    0.316349] jffs2: version 2.2. (NAND) (SUMMARY)  Â© 2001-2006 Red Hat, Inc.
[    0.316753] Key type asymmetric registered
[    0.316768] Asymmetric key parser 'x509' registered
[    0.316834] io scheduler mq-deadline registered
[    0.316845] io scheduler kyber registered
[    0.316918] io scheduler bfq registered
[    0.318542] ledtrig-cpu: registered to indicate activity on CPUs
[    0.332022] Serial: 8250/16550 driver, 6 ports, IRQ sharing enabled
[    0.374079] brd: module loaded
[    0.394015] loop: module loaded
[    0.394948] mtdoops: mtd device (mtddev=name/number) must be supplied
[    0.396698] mdio_bus fixed-0: using lookup tables for GPIO lookup
[    0.396727] mdio_bus fixed-0: No GPIO consumer reset found
[    0.398117] i2c_dev: i2c /dev entries driver
[    0.399095] cpuidle: enable-method property 'ti,am3352' found operations
[    0.399550] sdhci: Secure Digital Host Controller Interface driver
[    0.399560] sdhci: Copyright(c) Pierre Ossman
[    0.399741] sdhci-pltfm: SDHCI platform and OF driver helper
[    0.400741] Initializing XFRM netlink socket
[    0.400895] NET: Registered PF_INET6 protocol family
[    0.403071] Segment Routing with IPv6
[    0.403164] In-situ OAM (IOAM) with IPv6
[    0.403264] sit: IPv6, IPv4 and MPLS over IPv4 tunneling driver
[    0.404224] NET: Registered PF_PACKET protocol family
[    0.404265] NET: Registered PF_KEY protocol family
[    0.404400] Key type dns_resolver registered
[    0.404677] ThumbEE CPU extension supported.
[    0.404697] Registering SWP/SWPB emulation handler
[    0.405229] omap_voltage_late_init: Voltage driver support not added
[    0.405593] SmartReflex Class3 initialized
[    0.440023] Loading compiled-in X.509 certificates
[    0.477342] gpiochip_find_base_unlocked: found new base at 512
[    0.522423] platform 44e10800.pinmux: Fixed dependency cycle(s) with /ocp/interconnect@44c00000/segment@200000/target-module@10000/scm@0/pinmux@800/clkout2-pins
[    0.522992] pinctrl-single 44e10800.pinmux: 142 pins, size 568
[    0.527988] ti-sysc 44e31000.target-module: probe with driver ti-sysc failed with error -16
[    0.567332] ti-sysc 48040000.target-module: probe with driver ti-sysc failed with error -16
[    0.578475] gpiochip_find_base_unlocked: found new base at 512
[    0.578579] gpio gpiochip0: (gpio-0-31): created GPIO range 0->7 ==> 44e10800.pinmux PIN 0->7
[    0.578599] gpio gpiochip0: (gpio-0-31): created GPIO range 8->11 ==> 44e10800.pinmux PIN 90->93
[    0.578614] gpio gpiochip0: (gpio-0-31): created GPIO range 12->27 ==> 44e10800.pinmux PIN 12->27
[    0.578629] gpio gpiochip0: (gpio-0-31): created GPIO range 28->31 ==> 44e10800.pinmux PIN 30->33
[    0.605813] gpio gpiochip0: (gpio-0-31): added GPIO chardev (254:0)
[    0.605966] gpio gpiochip0: registered GPIOs 512 to 543 on gpio-0-31
[    0.606052] OMAP GPIO hardware version 0.1
[    0.656369] i2c i2c-2: using DT '/ocp/interconnect@48000000/segment@100000/target-module@9c000/i2c@0' for 'scl' GPIO lookup
[    0.656443] of_get_named_gpiod_flags: can't parse 'scl-gpios' property of node '/ocp/interconnect@48000000/segment@100000/target-module@9c000/i2c@0[0]'
[    0.656487] of_get_named_gpiod_flags: can't parse 'scl-gpio' property of node '/ocp/interconnect@48000000/segment@100000/target-module@9c000/i2c@0[0]'
[    0.656523] i2c i2c-2: using lookup tables for GPIO lookup
[    0.656534] i2c i2c-2: No GPIO consumer scl found
[    0.656554] i2c i2c-2: using DT '/ocp/interconnect@48000000/segment@100000/target-module@9c000/i2c@0' for 'sda' GPIO lookup
[    0.656590] of_get_named_gpiod_flags: can't parse 'sda-gpios' property of node '/ocp/interconnect@48000000/segment@100000/target-module@9c000/i2c@0[0]'
[    0.656628] of_get_named_gpiod_flags: can't parse 'sda-gpio' property of node '/ocp/interconnect@48000000/segment@100000/target-module@9c000/i2c@0[0]'
[    0.656661] i2c i2c-2: using lookup tables for GPIO lookup
[    0.656669] i2c i2c-2: No GPIO consumer sda found
[    0.657412] omap_i2c 4819c000.i2c: bus 2 rev0.11 at 100 kHz
[    0.663089] gpiochip_find_base_unlocked: found new base at 544
[    0.663196] gpio gpiochip1: (gpio-32-63): created GPIO range 0->17 ==> 44e10800.pinmux PIN 34->51
[    0.663216] gpio gpiochip1: (gpio-32-63): created GPIO range 18->21 ==> 44e10800.pinmux PIN 77->80
[    0.663232] gpio gpiochip1: (gpio-32-63): created GPIO range 22->31 ==> 44e10800.pinmux PIN 56->65
[    0.664184] gpio gpiochip1: (gpio-32-63): added GPIO chardev (254:1)
[    0.664331] gpio gpiochip1: registered GPIOs 544 to 575 on gpio-32-63
[    0.666468] gpiochip_find_base_unlocked: found new base at 576
[    0.666560] gpio gpiochip2: (gpio-64-95): created GPIO range 0->4 ==> 44e10800.pinmux PIN 66->70
[    0.666578] gpio gpiochip2: (gpio-64-95): created GPIO range 5->6 ==> 44e10800.pinmux PIN 98->99
[    0.666593] gpio gpiochip2: (gpio-64-95): created GPIO range 7->8 ==> 44e10800.pinmux PIN 75->76
[    0.666608] gpio gpiochip2: (gpio-64-95): created GPIO range 13->13 ==> 44e10800.pinmux PIN 141->141
[    0.666624] gpio gpiochip2: (gpio-64-95): created GPIO range 14->21 ==> 44e10800.pinmux PIN 100->107
[    0.667274] gpio gpiochip2: (gpio-64-95): added GPIO chardev (254:2)
[    0.667406] gpio gpiochip2: registered GPIOs 576 to 607 on gpio-64-95
[    0.673012] 48000000.interconnect:segment@200000:target-module@0:mpu@0:fck: device ID is greater than 24
[    0.677122] platform 4830e000.lcdc: Fixed dependency cycle(s) with /ocp/interconnect@44c00000/segment@200000/target-module@b000/i2c@0/tda19988@70
[    0.686554] mdio_bus 4a101000.mdio: using DT '/ocp/interconnect@4a000000/segment@0/target-module@100000/switch@0/mdio@1000' for 'reset' GPIO lookup
[    0.686632] of_get_named_gpiod_flags: can't parse 'reset-gpios' property of node '/ocp/interconnect@4a000000/segment@0/target-module@100000/switch@0/mdio@1000[0]'
[    0.686680] of_get_named_gpiod_flags: can't parse 'reset-gpio' property of node '/ocp/interconnect@4a000000/segment@0/target-module@100000/switch@0/mdio@1000[0]'
[    0.686729] mdio_bus 4a101000.mdio: using lookup tables for GPIO lookup
[    0.686739] mdio_bus 4a101000.mdio: No GPIO consumer reset found
[    0.687975] sdhci-omap 481d8000.mmc: using DT '/ocp/interconnect@48000000/segment@100000/target-module@d8000/mmc@0' for 'wp' GPIO lookup
[    0.688049] of_get_named_gpiod_flags: can't parse 'wp-gpios' property of node '/ocp/interconnect@48000000/segment@100000/target-module@d8000/mmc@0[0]'
[    0.688094] of_get_named_gpiod_flags: can't parse 'wp-gpio' property of node '/ocp/interconnect@48000000/segment@100000/target-module@d8000/mmc@0[0]'
[    0.688131] sdhci-omap 481d8000.mmc: using lookup tables for GPIO lookup
[    0.688141] sdhci-omap 481d8000.mmc: No GPIO consumer wp found
[    0.688333] sdhci-omap 481d8000.mmc: supply pbias not found, using dummy regulator
[    0.688840] sdhci-omap 481d8000.mmc: supply vqmmc not found, using dummy regulator
[    0.745147] davinci_mdio 4a101000.mdio: davinci mdio revision 1.6, bus freq 1000000
[    0.762454] mdio_bus 4a101000.mdio:00: using DT '/ocp/interconnect@4a000000/segment@0/target-module@100000/switch@0/mdio@1000/ethernet-phy@0' for 'reset' GPIO lookup
[    0.762560] of_get_named_gpiod_flags: parsed 'reset-gpios' property of node '/ocp/interconnect@4a000000/segment@0/target-module@100000/switch@0/mdio@1000/ethernet-phy@0[0]' - status (0)
[    0.762724] gpio gpiochip0: Persistence not supported for GPIO 8
[    0.859769] davinci_mdio 4a101000.mdio: phy[0]: device 4a101000.mdio:00, driver SMSC LAN8710/LAN8720
[    0.860566] cpsw-switch 4a100000.switch: initialized cpsw ale version 1.4
[    0.860588] cpsw-switch 4a100000.switch: ALE Table size 1024, Policers 0
[    0.860855] cpsw-switch 4a100000.switch: cpts: overflow check period 500 (jiffies)
[    0.860876] cpsw-switch 4a100000.switch: CPTS: ref_clk_freq:250000000 calc_mult:2147483648 calc_shift:29 error:0 nsec/sec
[    0.860981] cpsw-switch 4a100000.switch: Detected MACID = 6c:ec:eb:68:de:78
[    0.862978] cpsw-switch 4a100000.switch: initialized (regs 0x4a100000, pool size 256) hw_ver:0019010C 1.12 (0)
[    0.873872] debugfs: Directory '49000000.dma' with parent 'dmaengine' already present!
[    0.873914] edma 49000000.dma: TI EDMA DMA engine driver
[    0.911130] target-module@4b000000:target-module@140000:pmu@0:fck: device ID is greater than 24
[    0.921775] hw perfevents: enabled with armv7_cortex_a8 PMU driver, 5 (8000000f) counters available
[    0.922680] gpio-clk clk_mcasp0: using DT '/clk_mcasp0' for 'enable' GPIO lookup
[    0.922752] of_get_named_gpiod_flags: parsed 'enable-gpios' property of node '/clk_mcasp0[0]' - status (0)
[    0.922794] gpio gpiochip0: Persistence not supported for GPIO 27
[    0.923610] gpiochip_find_base_unlocked: found new base at 608
[    0.923714] gpio gpiochip3: (gpio-96-127): created GPIO range 0->7 ==> 44e10800.pinmux PIN 82->89
[    0.923734] gpio gpiochip3: (gpio-96-127): created GPIO range 8->11 ==> 44e10800.pinmux PIN 52->55
[    0.923749] gpio gpiochip3: (gpio-96-127): created GPIO range 12->15 ==> 44e10800.pinmux PIN 94->97
[    0.923765] gpio gpiochip3: (gpio-96-127): created GPIO range 16->17 ==> 44e10800.pinmux PIN 71->72
[    0.923781] gpio gpiochip3: (gpio-96-127): created GPIO range 18->18 ==> 44e10800.pinmux PIN 135->135
[    0.923797] gpio gpiochip3: (gpio-96-127): created GPIO range 19->20 ==> 44e10800.pinmux PIN 108->109
[    0.923814] gpio gpiochip3: (gpio-96-127): created GPIO range 21->21 ==> 44e10800.pinmux PIN 73->73
[    0.923831] gpio gpiochip3: (gpio-96-127): created GPIO range 22->23 ==> 44e10800.pinmux PIN 8->9
[    0.923848] gpio gpiochip3: (gpio-96-127): created GPIO range 26->27 ==> 44e10800.pinmux PIN 10->11
[    0.923865] gpio gpiochip3: (gpio-96-127): created GPIO range 28->28 ==> 44e10800.pinmux PIN 74->74
[    0.923883] gpio gpiochip3: (gpio-96-127): created GPIO range 29->29 ==> 44e10800.pinmux PIN 81->81
[    0.923901] gpio gpiochip3: (gpio-96-127): created GPIO range 30->31 ==> 44e10800.pinmux PIN 28->29
[    0.929484] l3-aon-clkctrl:0000:0: failed to disable
[    0.929808] gpio gpiochip3: (gpio-96-127): added GPIO chardev (254:3)
[    0.929951] gpio gpiochip3: registered GPIOs 608 to 639 on gpio-96-127
[    0.945005] omap8250 44e09000.serial: using DT '/ocp/interconnect@44c00000/segment@200000/target-module@9000/serial@0' for 'rs485-term' GPIO lookup
[    0.945085] of_get_named_gpiod_flags: can't parse 'rs485-term-gpios' property of node '/ocp/interconnect@44c00000/segment@200000/target-module@9000/serial@0[0]'
[    0.945131] of_get_named_gpiod_flags: can't parse 'rs485-term-gpio' property of node '/ocp/interconnect@44c00000/segment@200000/target-module@9000/serial@0[0]'
[    0.945168] omap8250 44e09000.serial: using lookup tables for GPIO lookup
[    0.945178] omap8250 44e09000.serial: No GPIO consumer rs485-term found
[    0.945189] omap8250 44e09000.serial: using DT '/ocp/interconnect@44c00000/segment@200000/target-module@9000/serial@0' for 'rs485-rx-during-tx' GPIO lookup
[    0.945225] of_get_named_gpiod_flags: can't parse 'rs485-rx-during-tx-gpios' property of node '/ocp/interconnect@44c00000/segment@200000/target-module@9000/serial@0[0]'
[    0.945264] of_get_named_gpiod_flags: can't parse 'rs485-rx-during-tx-gpio' property of node '/ocp/interconnect@44c00000/segment@200000/target-module@9000/serial@0[0]'
[    0.945297] omap8250 44e09000.serial: using lookup tables for GPIO lookup
[    0.945305] omap8250 44e09000.serial: No GPIO consumer rs485-rx-during-tx found
[    0.945726] 44e09000.serial: ttyS0 at MMIO 0x44e09000 (irq = 34, base_baud = 3000000) is a 8250
[    0.945817] printk: legacy console [ttyS0] enabled
[    2.283722] i2c i2c-0: using DT '/ocp/interconnect@44c00000/segment@200000/target-module@b000/i2c@0' for 'scl' GPIO lookup
[    2.283821] of_get_named_gpiod_flags: can't parse 'scl-gpios' property of node '/ocp/interconnect@44c00000/segment@200000/target-module@b000/i2c@0[0]'
[    2.283869] of_get_named_gpiod_flags: can't parse 'scl-gpio' property of node '/ocp/interconnect@44c00000/segment@200000/target-module@b000/i2c@0[0]'
[    2.283911] i2c i2c-0: using lookup tables for GPIO lookup
[    2.283926] i2c i2c-0: No GPIO consumer scl found
[    2.283950] i2c i2c-0: using DT '/ocp/interconnect@44c00000/segment@200000/target-module@b000/i2c@0' for 'sda' GPIO lookup
[    2.283992] of_get_named_gpiod_flags: can't parse 'sda-gpios' property of node '/ocp/interconnect@44c00000/segment@200000/target-module@b000/i2c@0[0]'
[    2.284035] of_get_named_gpiod_flags: can't parse 'sda-gpio' property of node '/ocp/interconnect@44c00000/segment@200000/target-module@b000/i2c@0[0]'
[    2.284072] i2c i2c-0: using lookup tables for GPIO lookup
[    2.284083] i2c i2c-0: No GPIO consumer sda found
[    2.302277] tps65217-pmic: Failed to locate of_node [id: -1]
[    2.308342] tps65217-bl: Failed to locate of_node [id: -1]
[    2.319759] tps65217 0-0024: TPS65217 ID 0xe version 1.2
[    2.325907] platform 4830e000.lcdc: Fixed dependency cycle(s) with /ocp/interconnect@44c00000/segment@200000/target-module@b000/i2c@0/tda19988@70
[    2.339338] i2c 0-0070: Fixed dependency cycle(s) with /ocp/interconnect@48000000/segment@300000/target-module@e000/lcdc@0
[    2.350752] omap_i2c 44e0b000.i2c: bus 0 rev0.11 at 400 kHz
[    2.358383] sdhci-omap 48060000.mmc: using DT '/ocp/interconnect@48000000/segment@0/target-module@60000/mmc@0' for 'cd' GPIO lookup
[    2.358493] of_get_named_gpiod_flags: parsed 'cd-gpios' property of node '/ocp/interconnect@48000000/segment@0/target-module@60000/mmc@0[0]' - status (0)
[    2.358561] gpio gpiochip3: Persistence not supported for GPIO 6
[    2.358586] omap_gpio 44e07000.gpio: Could not set line 6 debounce to 200000 microseconds (-22)
[    2.367463] sdhci-omap 48060000.mmc: Got CD GPIO
[    2.372141] sdhci-omap 48060000.mmc: using DT '/ocp/interconnect@48000000/segment@0/target-module@60000/mmc@0' for 'wp' GPIO lookup
[    2.372190] of_get_named_gpiod_flags: can't parse 'wp-gpios' property of node '/ocp/interconnect@48000000/segment@0/target-module@60000/mmc@0[0]'
[    2.372237] of_get_named_gpiod_flags: can't parse 'wp-gpio' property of node '/ocp/interconnect@48000000/segment@0/target-module@60000/mmc@0[0]'
[    2.372278] sdhci-omap 48060000.mmc: using lookup tables for GPIO lookup
[    2.372293] sdhci-omap 48060000.mmc: No GPIO consumer wp found
[    2.372502] sdhci-omap 48060000.mmc: supply pbias not found, using dummy regulator
[    2.381184] sdhci-omap 481d8000.mmc: using DT '/ocp/interconnect@48000000/segment@100000/target-module@d8000/mmc@0' for 'wp' GPIO lookup
[    2.381360] of_get_named_gpiod_flags: can't parse 'wp-gpios' property of node '/ocp/interconnect@48000000/segment@100000/target-module@d8000/mmc@0[0]'
[    2.381420] of_get_named_gpiod_flags: can't parse 'wp-gpio' property of node '/ocp/interconnect@48000000/segment@100000/target-module@d8000/mmc@0[0]'
[    2.381462] sdhci-omap 481d8000.mmc: using lookup tables for GPIO lookup
[    2.381476] sdhci-omap 481d8000.mmc: No GPIO consumer wp found
[    2.382905] sdhci-omap 48060000.mmc: supply vqmmc not found, using dummy regulator
[    2.391993] sdhci-omap 481d8000.mmc: supply pbias not found, using dummy regulator
[    2.399989] sdhci-omap 481d8000.mmc: supply vqmmc not found, using dummy regulator
[    2.438516] mmc1: SDHCI controller on 481d8000.mmc [481d8000.mmc] using External DMA
[    2.447762] mmc0: SDHCI controller on 48060000.mmc [48060000.mmc] using External DMA
[    2.456623] cpsw-switch 4a100000.switch: starting ndev. mode: dual_mac
[    2.500515] mmc0: new high speed SDHC card at address 5048
[    2.507642] mmcblk0: mmc0:5048 SD16G 14.4 GiB
[    2.515818]  mmcblk0: p1 p2
[    2.519228] mmcblk0: p2 size 31221760 extends beyond EOD, truncated
[    2.532609] SMSC LAN8710/LAN8720 4a101000.mdio:00: attached PHY driver (mii_bus:phy_addr=4a101000.mdio:00, irq=POLL)
[    2.545259] mmc1: new high speed MMC card at address 0001
[    2.552292] mmcblk1: mmc1:0001 MMC04G 3.60 GiB
[    2.563983]  mmcblk1: p1 p2
[    2.568280] mmcblk1boot0: mmc1:0001 MMC04G 2.00 MiB
[    2.575690] mmcblk1boot1: mmc1:0001 MMC04G 2.00 MiB
[    2.583270] mmcblk1rpmb: mmc1:0001 MMC04G 128 KiB, chardev (250:0)
[    5.682073] cpsw-switch 4a100000.switch eth0: Link is Up - 100Mbps/Full - flow control off
[    5.721530] IP-Config: Complete:
[    5.724809]      device=eth0, hwaddr=6c:ec:eb:68:de:78, ipaddr=192.168.255.1, mask=255.255.255.0, gw=255.255.255.255
[    5.735476]      host=bbb1, domain=, nis-domain=(none)
[    5.740645]      bootserver=192.168.255.126, rootserver=192.168.255.126, rootpath=
[    5.741091] clk: Disabling unused clocks
[    5.752959] PM: genpd: Disabling unused power domains
[    5.758079] KTAP version 1
[    5.760800] 1..0
[    5.793826] VFS: Mounted root (nfs filesystem) on device 0:17.
[    5.800637] devtmpfs: mounted
[    5.805777] Freeing unused kernel image (initmem) memory: 1024K
[    5.812499] Run /sbin/init as init process
[    5.816632]   with arguments:
[    5.816646]     /sbin/init
[    5.816656]     nfsrootdebug
[    5.816665]   with environment:
[    5.816674]     HOME=/
[    5.816683]     TERM=linux
[    6.521864] systemd[1]: System time before build time, advancing clock.
[    8.011310] random: crng init done
[    8.053895] systemd[1]: systemd 232 running in system mode. (+PAM +AUDIT +SELINUX +IMA +APPARMOR +SMACK +SYSVINIT +UTMP +LIBCRYPTSETUP +GCRYPT +GNUTLS +ACL +XZ +LZ4 +SECCOMP +BLKID +ELFUTILS +KMOD +IDN)
[    8.072947] systemd[1]: Detected architecture arm.
[    8.104453] systemd[1]: Set hostname to <arm>.
[    9.213824] systemd[1]: Created slice User and Session Slice.
[    9.233215] systemd[1]: Listening on Syslog Socket.
[    9.262665] systemd[1]: Created slice System Slice.
[    9.292304] systemd[1]: Started Forward Password Requests to Wall Directory Watch.
[    9.322074] systemd[1]: Listening on Journal Socket (/dev/log).
[    9.352755] systemd[1]: Created slice system-getty.slice.
[    9.383036] systemd[1]: Set up automount Arbitrary Executable File Formats File System Automount Point.
[   11.424200] systemd-journald[80]: Received request to flush runtime journal from PID 1
[   14.437420] leds-gpio leds: using DT '/leds/led2' for '(default)' GPIO lookup
[   14.437529] of_get_named_gpiod_flags: parsed 'gpios' property of node '/leds/led2[0]' - status (0)
[   14.437587] gpio gpiochip0: Persistence not supported for GPIO 21
[   14.437603] gpio-533 (?): no flags found for GPIO (default)
[   14.509254] leds-gpio leds: using DT '/leds/led3' for '(default)' GPIO lookup
[   14.509502] of_get_named_gpiod_flags: parsed 'gpios' property of node '/leds/led3[0]' - status (0)
[   14.509568] gpio gpiochip0: Persistence not supported for GPIO 22
[   14.509585] gpio-534 (?): no flags found for GPIO (default)
[   14.578733] leds-gpio leds: using DT '/leds/led4' for '(default)' GPIO lookup
[   14.578835] of_get_named_gpiod_flags: parsed 'gpios' property of node '/leds/led4[0]' - status (0)
[   14.578888] gpio gpiochip0: Persistence not supported for GPIO 23
[   14.578904] gpio-535 (?): no flags found for GPIO (default)
[   14.603571] leds-gpio leds: using DT '/leds/led5' for '(default)' GPIO lookup
[   14.603670] of_get_named_gpiod_flags: parsed 'gpios' property of node '/leds/led5[0]' - status (0)
[   14.603723] gpio gpiochip0: Persistence not supported for GPIO 24
[   14.603740] gpio-536 (?): no flags found for GPIO (default)
[   14.856548] remoteproc remoteproc0: wkup_m3 is available
[   15.262342] omap_rtc 44e3e000.rtc: registered as rtc0
[   15.267519] omap_rtc 44e3e000.rtc: setting system clock to 2000-01-01T00:00:00 UTC (946684800)
[   15.276350] omap_rtc 44e3e000.rtc: using DT '/ocp/interconnect@44c00000/segment@200000/target-module@3e000/rtc@0' for 'wp' GPIO lookup
[   15.276423] of_get_named_gpiod_flags: can't parse 'wp-gpios' property of node '/ocp/interconnect@44c00000/segment@200000/target-module@3e000/rtc@0[0]'
[   15.276476] of_get_named_gpiod_flags: can't parse 'wp-gpio' property of node '/ocp/interconnect@44c00000/segment@200000/target-module@3e000/rtc@0[0]'
[   15.276518] omap_rtc 44e3e000.rtc: using lookup tables for GPIO lookup
[   15.276533] omap_rtc 44e3e000.rtc: No GPIO consumer wp found
[   15.343211] at24 2-0054: supply vcc not found, using dummy regulator
[   15.414102] omap_wdt: OMAP Watchdog Timer Rev 0x01: initial timeout 60 sec
[   15.486462] at24 2-0055: supply vcc not found, using dummy regulator
[   15.616563] at24 2-0056: supply vcc not found, using dummy regulator
[   15.633917] am335x-phy-driver 47401300.usb-phy: using DT '/ocp/target-module@47400000/usb-phy@1300' for 'reset' GPIO lookup
[   15.634015] of_get_named_gpiod_flags: can't parse 'reset-gpios' property of node '/ocp/target-module@47400000/usb-phy@1300[0]'
[   15.634062] of_get_named_gpiod_flags: can't parse 'reset-gpio' property of node '/ocp/target-module@47400000/usb-phy@1300[0]'
[   15.634101] am335x-phy-driver 47401300.usb-phy: using lookup tables for GPIO lookup
[   15.634117] am335x-phy-driver 47401300.usb-phy: No GPIO consumer reset found
[   15.634131] am335x-phy-driver 47401300.usb-phy: using DT '/ocp/target-module@47400000/usb-phy@1300' for 'vbus-detect' GPIO lookup
[   15.634163] of_get_named_gpiod_flags: can't parse 'vbus-detect-gpios' property of node '/ocp/target-module@47400000/usb-phy@1300[0]'
[   15.634198] of_get_named_gpiod_flags: can't parse 'vbus-detect-gpio' property of node '/ocp/target-module@47400000/usb-phy@1300[0]'
[   15.634226] am335x-phy-driver 47401300.usb-phy: using lookup tables for GPIO lookup
[   15.634238] am335x-phy-driver 47401300.usb-phy: No GPIO consumer vbus-detect found
[   15.634387] am335x-phy-driver 47401300.usb-phy: dummy supplies not allowed for exclusive requests (id=vbus)
[   15.725676] at24 2-0057: supply vcc not found, using dummy regulator
[   15.867526] tps6521x_pwrbutton tps65217-pwrbutton: DMA mask not set
[   16.006880] usbcore: registered new interface driver usbfs
[   16.012754] usbcore: registered new interface driver hub
[   16.018199] usbcore: registered new device driver usb
[   16.072344] input: tps65217_pwrbutton as /devices/platform/ocp/44c00000.interconnect/44c00000.interconnect:segment@200000/44e0b000.target-module/44e0b000.i2c/i2c-0/0-0024/tps65217-pwrbutton/input/input0
[   16.112641] at24 0-0050: using DT '/ocp/interconnect@44c00000/segment@200000/target-module@b000/i2c@0/eeprom@50' for 'wp' GPIO lookup
