Labgrid Console Logfile for main
Logfile started at 2024-11-14 08:46:29.824545
=== Log starts here ===

U-Boot SPL 2014.04-00014-g47880f5 (Apr 22 2014 - 13:23:54)
reading args
spl_load_image_fat_os: error reading image args, err - -1
reading u-boot.img
reading u-boot.img


U-Boot 2014.04-00014-g47880f5 (Apr 22 2014 - 13:23:54)

I2C:   ready
DRAM:  512 MiB
NAND:  0 MiB
MMC:   OMAP SD/MMC: 0, OMAP SD/MMC: 1
*** Warning - readenv() failed, using default environment

Net:   <ethaddr> not set. Validating first E-fuse MAC
cpsw, usb_ether
Hit any key to stop autoboot:  1  0 
gpio: pin 53 (gpio 53) value is 1
mmc0 is current device
gpio: pin 54 (gpio 54) value is 1
SD/MMC found on device 0
reading uEnv.txt
569 bytes read in 4 ms (138.7 KiB/s)
gpio: pin 55 (gpio 55) value is 1
Loaded environment from uEnv.txt
Importing environment from mmc ...
Checking if uenvcmd is set ...
gpio: pin 56 (gpio 56) value is 1
Running uenvcmd ...
cpsw Waiting for PHY auto negotiation to complete. done
link up on port 0, speed 100, full duplex
Using cpsw device
TFTP from server 192.168.255.126; our IP address is 192.168.255.1
Filename 'zImage'.
Load address: 0x81000000
Loading: *#################################################################
	 #################################################################
	 #################################################################
	 #################################################################
	 #################################################################
	 #####################################################
	 2.4 MiB/s
done
Bytes transferred = 5535432 (5476c8 hex)
link up on port 0, speed 100, full duplex
Using cpsw device
TFTP from server 192.168.255.126; our IP address is 192.168.255.1
Filename 'am335x-boneblack.dtb'.
Load address: 0x82000000
Loading: *#######
	 1.2 MiB/s
done
Bytes transferred = 98244 (17fc4 hex)
Kernel image @ 0x81000000 [ 0x000000 - 0x5476c8 ]
## Flattened Device Tree blob at 82000000
   Booting using the fdt blob at 0x82000000
   Using Device Tree in place at 82000000, end 8201afc3

Starting kernel ...

[    0.000000] Booting Linux on physical CPU 0x0
[    0.000000] Linux version 6.12.0-rc7-next-20241114 (user01@drvtest01) (arm-linux-gnueabihf-gcc (Linaro GCC 6.4-2017.11) 6.4.1 20171012, GNU ld (Linaro_Binutils-2017.11) 2.27.0.20161229) #137 SMP Thu Nov 14 08:45:39 EET 2024
[    0.000000] CPU: ARMv7 Processor [413fc082] revision 2 (ARMv7), cr=10c5387d
[    0.000000] CPU: PIPT / VIPT nonaliasing data cache, VIPT aliasing instruction cache
[    0.000000] OF: fdt: Machine model: TI AM335x BeagleBone Black
[    0.000000] Memory policy: Data cache writeback
[    0.000000] cma: Reserved 16 MiB at 0x9e800000 on node -1
[    0.000000] Zone ranges:
[    0.000000]   Normal   [mem 0x0000000080000000-0x000000009fdfffff]
[    0.000000]   HighMem  empty
[    0.000000] Movable zone start for each node
[    0.000000] Early memory node ranges
[    0.000000]   node   0: [mem 0x0000000080000000-0x000000009fdfffff]
[    0.000000] Initmem setup node 0 [mem 0x0000000080000000-0x000000009fdfffff]
[    0.000000] OF: reserved mem: Reserved memory: No reserved-memory node in the DT
[    0.000000] CPU: All CPU(s) started in SVC mode.
[    0.000000] AM335X ES2.1 (sgx neon)
[    0.000000] percpu: Embedded 17 pages/cpu s39564 r8192 d21876 u69632
[    0.000000] Kernel command line: console=ttyO0,115200n8 root=/dev/nfs rw nfsroot=192.168.255.126:/home/user01/nfs,nfsvers=3 ip=192.168.255.1:192.168.255.126::255.255.255.0:bbb1:eth0 nfsrootdebug
[    0.000000] Unknown kernel command line parameters "nfsrootdebug", will be passed to user space.
[    0.000000] printk: log buffer data + meta data: 65536 + 204800 = 270336 bytes
[    0.000000] Dentry cache hash table entries: 65536 (order: 6, 262144 bytes, linear)
[    0.000000] Inode-cache hash table entries: 32768 (order: 5, 131072 bytes, linear)
[    0.000000] Built 1 zonelists, mobility grouping on.  Total pages: 130560
[    0.000000] mem auto-init: stack:off, heap alloc:off, heap free:off
[    0.000000] SLUB: HWalign=64, Order=0-3, MinObjects=0, CPUs=1, Nodes=1
[    0.000000] trace event string verifier disabled
[    0.000000] rcu: Hierarchical RCU implementation.
[    0.000000] rcu: 	RCU event tracing is enabled.
[    0.000000] rcu: 	RCU restricting CPUs from NR_CPUS=2 to nr_cpu_ids=1.
[    0.000000] 	Tracing variant of Tasks RCU enabled.
[    0.000000] rcu: RCU calculated value of scheduler-enlistment delay is 10 jiffies.
[    0.000000] rcu: Adjusting geometry for rcu_fanout_leaf=16, nr_cpu_ids=1
[    0.000000] RCU Tasks Trace: Setting shift to 0 and lim to 1 rcu_task_cb_adjust=1 rcu_task_cpu_ids=1.
[    0.000000] NR_IRQS: 16, nr_irqs: 16, preallocated irqs: 16
[    0.000000] IRQ: Found an INTC at 0x(ptrval) (revision 5.0) with 128 interrupts
[    0.000000] rcu: srcu_init: Setting srcu_struct sizes based on contention.
[    0.000000] TI gptimer clocksource: always-on /ocp/interconnect@44c00000/segment@200000/target-module@31000
[    0.000002] sched_clock: 32 bits at 24MHz, resolution 41ns, wraps every 89478484971ns
[    0.000027] clocksource: dmtimer: mask: 0xffffffff max_cycles: 0xffffffff, max_idle_ns: 79635851949 ns
[    0.000507] TI gptimer clockevent: 24000000 Hz at /ocp/interconnect@48000000/segment@0/target-module@40000
[    0.002154] Console: colour dummy device 80x30
[    0.002218] WARNING: Your 'console=ttyO0' has been replaced by 'ttyS0'
[    0.002227] This ensures that you still see kernel messages. Please
[    0.002232] update your kernel commandline.
[    0.002275] Calibrating delay loop... 996.14 BogoMIPS (lpj=4980736)
[    0.090554] CPU: Testing write buffer coherency: ok
[    0.090674] CPU0: Spectre v2: using BPIALL workaround
[    0.090685] pid_max: default: 32768 minimum: 301
[    0.090815] LSM: initializing lsm=capability
[    0.090992] Mount-cache hash table entries: 1024 (order: 0, 4096 bytes, linear)
[    0.091014] Mountpoint-cache hash table entries: 1024 (order: 0, 4096 bytes, linear)
[    0.092675] CPU0: thread -1, cpu 0, socket -1, mpidr 0
[    0.160924] Setting up static identity map for 0x80100000 - 0x80100078
[    0.170706] rcu: Hierarchical SRCU implementation.
[    0.170718] rcu: 	Max phase no-delay instances is 1000.
[    0.190770] smp: Bringing up secondary CPUs ...
[    0.190831] smp: Brought up 1 node, 1 CPU
[    0.190846] SMP: Total of 1 processors activated (996.14 BogoMIPS).
[    0.190859] CPU: All CPU(s) started in SVC mode.
[    0.191052] Memory: 480840K/522240K available (11264K kernel code, 1214K rwdata, 2896K rodata, 1024K init, 297K bss, 23388K reserved, 16384K cma-reserved, 0K highmem)
[    0.191924] devtmpfs: initialized
[    0.208699] VFP support v0.3: implementor 41 architecture 3 part 30 variant c rev 3
[    0.209047] clocksource: jiffies: mask: 0xffffffff max_cycles: 0xffffffff, max_idle_ns: 19112604462750000 ns
[    0.209079] futex hash table entries: 256 (order: 2, 16384 bytes, linear)
[    0.210386] pinctrl core: initialized pinctrl subsystem
[    0.213385] NET: Registered PF_NETLINK/PF_ROUTE protocol family
[    0.216226] DMA: preallocated 256 KiB pool for atomic coherent allocations
[    0.217131] audit: initializing netlink subsys (disabled)
[    0.218576] thermal_sys: Registered thermal governor 'fair_share'
[    0.218593] thermal_sys: Registered thermal governor 'step_wise'
[    0.218604] thermal_sys: Registered thermal governor 'user_space'
[    0.218760] audit: type=2000 audit(0.210:1): state=initialized audit_enabled=0 res=1
[    0.218799] cpuidle: using governor menu
[    0.237421] /ocp/interconnect@44c00000/segment@200000/target-module@b000/i2c@0/tda19988@70: Fixed dependency cycle(s) with /ocp/interconnect@48000000/segment@300000/target-module@e000/lcdc@0
[    0.238599] /ocp/interconnect@48000000/segment@300000/target-module@e000/lcdc@0: Fixed dependency cycle(s) with /ocp/interconnect@44c00000/segment@200000/target-module@b000/i2c@0/tda19988@70
[    0.240950] No ATAGs?
[    0.240973] hw-breakpoint: debug architecture 0x4 unsupported.
[    0.243751] kprobes: kprobe jump-optimization is enabled. All kprobes are optimized if possible.
[    0.254401] iommu: Default domain type: Translated
[    0.254425] iommu: DMA domain TLB invalidation policy: strict mode
[    0.262785] SCSI subsystem initialized
[    0.263650] pps_core: LinuxPPS API ver. 1 registered
[    0.263661] pps_core: Software ver. 5.3.6 - Copyright 2005-2007 Rodolfo Giometti <giometti@linux.it>
[    0.263686] PTP clock support registered
[    0.271284] vgaarb: loaded
[    0.271699] clocksource: Switched to clocksource dmtimer
[    0.272364] VFS: Disk quotas dquot_6.6.0
[    0.272406] VFS: Dquot-cache hash table entries: 1024 (order 0, 4096 bytes)
[    0.297355] NET: Registered PF_INET protocol family
[    0.297712] IP idents hash table entries: 8192 (order: 4, 65536 bytes, linear)
[    0.299128] tcp_listen_portaddr_hash hash table entries: 512 (order: 0, 4096 bytes, linear)
[    0.299166] Table-perturb hash table entries: 65536 (order: 6, 262144 bytes, linear)
[    0.299183] TCP established hash table entries: 4096 (order: 2, 16384 bytes, linear)
[    0.299226] TCP bind hash table entries: 4096 (order: 4, 65536 bytes, linear)
[    0.299325] TCP: Hash tables configured (established 4096 bind 4096)
[    0.299441] UDP hash table entries: 256 (order: 1, 8192 bytes, linear)
[    0.299468] UDP-Lite hash table entries: 256 (order: 1, 8192 bytes, linear)
[    0.299639] NET: Registered PF_UNIX/PF_LOCAL protocol family
[    0.302399] RPC: Registered named UNIX socket transport module.
[    0.302423] RPC: Registered udp transport module.
[    0.302429] RPC: Registered tcp transport module.
[    0.302434] RPC: Registered tcp-with-tls transport module.
[    0.302439] RPC: Registered tcp NFSv4.1 backchannel transport module.
[    0.302466] PCI: CLS 0 bytes, default 64
[    0.303951] Initialise system trusted keyrings
[    0.312026] workingset: timestamp_bits=14 max_order=17 bucket_order=3
[    0.313353] NFS: Registering the id_resolver key type
[    0.313430] Key type id_resolver registered
[    0.313438] Key type id_legacy registered
[    0.313490] jffs2: version 2.2. (NAND) (SUMMARY)  Â© 2001-2006 Red Hat, Inc.
[    0.313893] Key type asymmetric registered
[    0.313910] Asymmetric key parser 'x509' registered
[    0.313975] io scheduler mq-deadline registered
[    0.313986] io scheduler kyber registered
[    0.314057] io scheduler bfq registered
[    0.315684] ledtrig-cpu: registered to indicate activity on CPUs
[    0.322419] Serial: 8250/16550 driver, 6 ports, IRQ sharing enabled
[    0.373576] brd: module loaded
[    0.386770] loop: module loaded
[    0.387704] mtdoops: mtd device (mtddev=name/number) must be supplied
[    0.402855] i2c_dev: i2c /dev entries driver
[    0.403852] cpuidle: enable-method property 'ti,am3352' found operations
[    0.404293] sdhci: Secure Digital Host Controller Interface driver
[    0.404304] sdhci: Copyright(c) Pierre Ossman
[    0.404475] sdhci-pltfm: SDHCI platform and OF driver helper
[    0.405475] Initializing XFRM netlink socket
[    0.405624] NET: Registered PF_INET6 protocol family
[    0.407676] Segment Routing with IPv6
[    0.407770] In-situ OAM (IOAM) with IPv6
[    0.407872] sit: IPv6, IPv4 and MPLS over IPv4 tunneling driver
[    0.408833] NET: Registered PF_PACKET protocol family
[    0.408866] NET: Registered PF_KEY protocol family
[    0.408992] Key type dns_resolver registered
[    0.409263] ThumbEE CPU extension supported.
[    0.409284] Registering SWP/SWPB emulation handler
[    0.409826] omap_voltage_late_init: Voltage driver support not added
[    0.410179] SmartReflex Class3 initialized
[    0.444109] Loading compiled-in X.509 certificates
[    0.493341] /ocp/interconnect@44c00000/segment@200000/target-module@b000/i2c@0/tda19988@70: Fixed dependency cycle(s) with /ocp/interconnect@48000000/segment@300000/target-module@e000/lcdc@0
[    0.499834] /ocp/interconnect@44c00000/segment@200000/target-module@b000/i2c@0/tda19988@70: Fixed dependency cycle(s) with /ocp/interconnect@48000000/segment@300000/target-module@e000/lcdc@0
[    0.529765] /ocp/interconnect@44c00000/segment@200000/target-module@b000/i2c@0/tda19988@70: Fixed dependency cycle(s) with /ocp/interconnect@48000000/segment@300000/target-module@e000/lcdc@0
[    0.530623] /ocp/interconnect@44c00000/segment@200000/target-module@b000/i2c@0/ tda19988@70: Fixed dependency cycle(s) with /ocp/interconnect@ 48000000/segment@300000/target-module@e000/lcdc@0
[    0.534378] /ocp/interconnect@44c00000/segment@200000/target-module@10000/scm@0/pinmux@800: Fixed dependency cycle(s) with /ocp/interconnecthci-omap 481d8000.mmc: supply pbias not found, using dummy regulator
[    0.690330] sdhci-omap 481d8000.mmc: supply vqmmc not found, using dummy regulator
[    0.742478] davinci_mdio 4a101000.mdio: davinci mdio revision 1.6, bus freq 1000000
[    0.911025] davinci_mdio 4a101000.mdio: phy[0]: device 4a101000.mdio:00, driver SMSC LAN8710/LAN8720
[    0.911940] cpsw-switch 4a100000.switch: initialized cpsw ale version 1.4
[    0.911967] cpsw-switch 4a100000.switch: ALE Table size 1024, Policers 0
[    0.912282] cpsw-switch 4a100000.switch: cpts: overflow check period 500 (jiffies)
[    0.912305] cpsw-switch 4a100000.switch: CPTS: ref_clk_freq:250000000 calc_mult:2147483648 calc_shift:29 error:0 nsec/sec
[    0.912419] cpsw-switch 4a100000.switch: Detected MACID = 6c:ec:eb:68:de:78
[    0.914238] cpsw-switch 4a100000.switch: initialized (regs 0x4a100000, pool size 256) hw_ver:0019010C 1.12 (0)
[    0.925346] debugfs: Directory '49000000.dma' with parent 'dmaengine' already present!
[    0.925388] edma 49000000.dma: TI EDMA DMA engine driver
[    0.965357] target-module@4b000000:target-module@140000:pmu@0:fck: device ID is greater than 24
[    0.999233] hw perfevents: enabled with armv7_cortex_a8 PMU driver, 5 (8000000f) counters available
[    1.007064] l3-aon-clkctrl:0000:0: failed to disable
[    1.021203] 44e09000.serial: ttyS0 at MMIO 0x44e09000 (irq = 34, base_baud = 3000000) is a 8250
[    1.021291] printk: legacy console [ttyS0] enabled
[    2.502699] tps65217-pmic: Failed to locate of_node [id: -1]
[    2.508768] tps65217-bl: Failed to locate of_node [id: -1]
[    2.520190] tps65217 0-0024: TPS65217 ID 0xe version 1.2
[    2.526338] /ocp/interconnect@48000000/segment@300000/target-module@e000/lcdc@0: Fixed dependency cycle(s) with /ocp/interconnect@44c00000/segment@200000/target-module@b000/i2c@0/tda19988@70
[    2.543718] /ocp/interconnect@44c00000/segment@200000/target-module@b000/i2c@0/tda19988@70: Fixed dependency cycle(s) with /ocp/interconnect@48000000/segment@300000/target-module@e000/lcdc@0
[    2.561088] omap_i2c 44e0b000.i2c: bus 0 rev0.11 at 400 kHz
[    2.569124] omap_gpio 44e07000.gpio: Could not set line 6 debounce to 200000 microseconds (-22)
[    2.578007] sdhci-omap 48060000.mmc: Got CD GPIO
[    2.583049] sdhci-omap 48060000.mmc: supply pbias not found, using dummy regulator
[    2.593618] sdhci-omap 48060000.mmc: supply vqmmc not found, using dummy regulator
[    2.602421] sdhci-omap 481d8000.mmc: supply pbias not found, using dummy regulator
[    2.610401] sdhci-omap 481d8000.mmc: supply vqmmc not found, using dummy regulator
 [    2.649160] mmc1: SDHCI controller on 481d8000.mmc [481d800 0.mmc] using External DMA
[    2.658419] mmc0: SDHCI controll er on 48060000.mmc [48060000.mmc] using External DMA
[    2.6 67234] cpsw-switch 4a100000.switch: starting ndev. mode: dual_ mac
[  
[    5.922487] cpsw-switch 4a100000.switch eth0: Link is Up - 100Mbps/Full - flow control off
[    5.961938] IP-Config: Complete:
[    5.965217]      device=eth0, hwaddr=6c:ec:eb:68:de:78, ipaddr=192.168.255.1, mask=255.255.255.0, gw=255.255.255.255
[    5.975882]      host=bbb1, domain=, nis-domain=(none)
[    5.981052]      bootserver=192.168.255.126, rootserver=192.168.255.126, rootpath=
[    5.981482] clk: Disabling unused clocks
[    5.993328] PM: genpd: Disabling unused power domains
[    5.998447] KTAP version 1
[    6.001169] 1..0
[    6.035046] VFS: Mounted root (nfs filesystem) on device 0:17.
[    6.041994] devtmpfs: mounted
[    6.046850] Freeing unused kernel image (initmem) memory: 1024K
[    6.053607] Run /sbin/init as init process
[    6.770797] systemd[1]: System time before build time, advancing clock.
[    8.201722] random: crng init done
[    8.243365] systemd[1]: systemd 232 running in system mode. (+PAM +AUDIT +SELINUX +IMA +APPARMOR +SMACK +SYSVINIT +UTMP +LIBCRYPTSETUP +GCRYPT +GNUTLS +ACL +XZ +LZ4 +SECCOMP +BLKID +ELFUTILS +KMOD +IDN)
[    8.262549] systemd[1]: Detected architecture arm.

Welcome to [1mDebian GNU/Linux 9 (stretch)[0m!

[    8.294804] systemd[1]: Set hostname to <arm>.
[    9.396161] systemd[1]: Listening on udev Control Socket.
[[0;32m  OK  [0m] Listening on udev Control Socket.
[    9.422828] systemd[1]: Listening on Journal Audit Socket.
[[0;32m  OK  [0m] Listening on Journal Audit Socket.
[    9.453748] systemd[1]: Listening on Syslog Socket.
[[0;32m  OK  [0m] Listening on Syslog Socket.
[    9.482548] systemd[1]: Listening on Journal Socket (/dev/log).
[[0;32m  OK  [0m] Listening on Journal Socket (/dev/log).
[    9.512613] systemd[1]: Started Dispatch Password Requests to Console Directory Watch.
[[0;32m  OK  [0m] Started Dispatch Password Requests to Console Directory Watch.
[    9.543390] systemd[1]: Set up automount Arbitrary Executable File Formats File System Automount Point.
[[0;32m  OK  [0m] Set up automount Arbitrary Executabâ€¦rmats File System Automount Point.
[    9.572377] systemd[1]: Listening on udev Kernel Socket.
[[0;32m  OK  [0m] Listening on udev Kernel Socket.
[[0;32m  OK  [0m] Listening on /dev/initctl Compatibility Named Pipe.
[[0;32m  OK  [0m] Created slice User and Session Slice.
[[0;32m  OK  [0m] Reached target Remote File Systems.
[[0;32m  OK  [0m] Listening on Journal Socket.
[[0;32m  OK  [0m] Started Forward Password Requests to Wall Directory Watch.
[[0;32m  OK  [0m] Reached target Encrypted Volumes.
[[0;32m  OK  [0m] Reached target Paths.
[[0;32m  OK  [0m] Created slice System Slice.
         Starting Remount Root and Kernel File Systems...
[[0;32m  OK  [0m] Created slice system-serial\x2dgetty.slice.
[[0;32m  OK  [0m] Created slice system-getty.slice.
         Starting Load Kernel Modules...
         Mounting POSIX Message Queue File System...
         Starting Journal Service...
         Starting Create list of required stâ€¦ce nodes for the current kernel...
         Mounting Debug File System...
[[0;32m  OK  [0m] Reached target Slices.
[[0;32m  OK  [0m] Reached target Swap.
[[0;32m  OK  [0m] Started Remount Root and Kernel File Systems.
[[0;32m  OK  [0m] Started Create list of required staâ€¦vice nodes for the current kernel.
         Starting Create Static Device Nodes in /dev...
         Starting Load/Save Random Seed...
         Starting udev Coldplug all Devices...
[[0;32m  OK  [0m] Mounted POSIX Message Queue File System.
[[0;32m  OK  [0m] Mounted Debug File System.
[[0;32m  OK  [0m] Started Load Kernel Modules.
         Starting Apply Kernel Variables...
         Mounting Configuration File System...
[[0;32m  OK  [0m] Started Load/Save Random Seed.
[[0;32m  OK  [0m] Mounted Configuration File System.
[[0;32m  OK  [0m] Started Apply Kernel Variables.
[[0;32m  OK  [0m] Started Create Static Device Nodes in /dev.
         Starting udev Kernel Device Manager...
[[0;32m  OK  [0m] Reached target Local File Systems (Pre).
[[0;32m  OK  [0m] Reached target Local File Systems.
         Starting Raise network interfaces...
[[0;32m  OK  [0m] Started Journal Service.
         Starting Flush Journal to Persistent Storage...
[   11.908929] systemd-journald[83]: Received request to flush runtime journal from PID 1
[[0;32m  OK  [0m] Started Flush Journal to Persistent Storage.
         Starting Create Volatile Files and Directories...
[[0;32m  OK  [0m] Started udev Kernel Device Manager.
[[0;32m  OK  [0m] Started Create Volatile Files and Directories.
         Starting Update UTMP about System Boot/Shutdown...
         Starting Network Time Synchronization...
[[0;32m  OK  [0m] Started Update UTMP about System Boot/Shutdown.
[[0;32m  OK  [0m] Started udev Coldplug all Devices.
[   14.836115] remoteproc remoteproc0: wkup_m3 is available
[   15.100316] at24 2-0054: supply vcc not found, using dummy regulator
[   15.236243] at24 2-0055: supply vcc not found, using dummy regulator
[   15.338279] at24 2-0056: supply vcc not found, using dummy regulator
[   15.468734] at24 2-0057: supply vcc not found, using dummy regulator
[[0;32m  OK  [0m] Found device /dev/ttyS0.
[   15.575077] at24 0-0050: 32768 byte 24c256 EEPROM, writable, 1 bytes/write
[   15.649782] wkup_m3_ipc 44e11324.wkup_m3_ipc: IPC Request for A8->M3 Channel failed! -517
[   15.694570] tps6521x_pwrbutton tps65217-pwrbutton: DMA mask not set
[   15.812856] omap_rtc 44e3e000.rtc: registered as rtc0
[   15.818069] omap_rtc 44e3e000.rtc: setting system clock to 2000-01-01T00:00:00 UTC (946684800)
[   15.828781] wkup_m3_ipc 44e11324.wkup_m3_ipc: IPC Request for A8->M3 Channel failed! -517
[   15.846034] input: tps65217_pwrbutton as /devices/platform/ocp/44c00000.interconnect/44c00000.interconnect:segment@200000/44e0b000.target-module/44e0b000.i2c/i2c-0/0-0024/tps65217-pwrbutton/input/input0
[   15.949207] omap_wdt: OMAP Watchdog Timer Rev 0x01: initial timeout 60 sec
[   15.970622] wkup_m3_ipc 44e11324.wkup_m3_ipc: IPC Request for A8->M3 Channel failed! -517
[   16.064527] am335x-phy-driver 47401300.usb-phy: dummy supplies not allowed for exclusive requests (id=vbus)
[[0;32m  OK  [0m] Started Network Time Synchronization.
[[0;32m  OK  [0m] Reached target System Initialization.
[[0;32m  OK  [0m] Started Daily Cleanup of Temporary Directories.
[[0;32m  OK  [0m] Listening on Avahi mDNS/DNS-SD Stack Activation Socket.
[   16.379923] am335x-phy-driver 47401b00.usb-phy: dummy supplies not allowed for exclusive requests (id=vbus)
[   16.392537] wkup_m3_ipc 44e11324.wkup_m3_ipc: IPC Request for A8->M3 Channel failed! -517
[[0;32m  OK  [0m] Listening on D-Bus System Message Bus Socket.
[[0;32m  OK  [0m] Reached target Sockets.
[[0;32m  OK  [0m] Reached target Basic System.
[   16.546860] wkup_m3_ipc 44e11324.wkup_m3_ipc: IPC Request for A8->M3 Channel failed! -517
[   16.642074] usbcore: registered new interface driver usbfs
[   16.647717] usbcore: registered new interface driver hub
[   16.653471] usbcore: registered new device driver usb
         Starting Cape Manager Service...
[[0;32m  OK  [0m] Started Regular background program processing daemon.
[   16.866064] tda998x 0-0070: found TDA19988
[   16.975354] wkup_m3_ipc 44e11324.wkup_m3_ipc: IPC Request for A8->M3 Channel failed! -517
         Starting LSB: Load kernel modules needed to enable cpufreq scaling...
         Starting Generic Board Startup...
[   17.225555] wkup_m3_ipc 44e11324.wkup_m3_ipc: IPC Request for A8->M3 Channel failed! -517
[   17.333239] musb-hdrc musb-hdrc.1: MUSB HDRC host driver
[   17.338665] musb-hdrc musb-hdrc.1: new USB bus registered, assigned bus number 1
[   17.370901] wkup_m3_ipc 44e11324.wkup_m3_ipc: IPC Request for A8->M3 Channel failed! -517
         Starting LSB: Start busybox udhcpd at boot time...
         Starting System Logging Service...
[   17.664757] usb usb1: New USB device found, idVendor=1d6b, idProduct=0002, bcdDevice= 6.12
[   17.674135] usb usb1: New USB device strings: Mfr=3, Product=2, SerialNumber=1
[   17.681413] usb usb1: Product: MUSB HDRC host driver
[   17.686533] usb usb1: Manufacturer: Linux 6.12.0-rc7-next-20241114 musb-hcd
[   17.693593] usb usb1: SerialNumber: musb-hdrc.1
         Starting Telephony service...
[   17.816595] omap-mailbox 480c8000.mailbox: omap mailbox rev 0x400
[[0;32m  OK  [0m] Started D-Bus System Message Bus.
[   17.952603] remoteproc remoteproc0: powering up wkup_m3
[   18.155799] remoteproc remoteproc0: Direct firmware load for am335x-pm-firmware.elf failed with error -2
[   18.165626] remoteproc remoteproc0: request_firmware failed: -2
[   18.171593] wkup_m3_ipc 44e11324.wkup_m3_ipc: rproc_boot failed
[   18.251243] hub 1-0:1.0: USB hub found
[   18.256545] hub 1-0:1.0: 1 port detected
[   20.687889] omap_rng 48310000.rng: Random Number Generator ver. 20
[   20.720268] tilcdc 4830e000.lcdc: bound 0-0070 (ops 0xbf0ae030)
[   20.782224] [drm] Initialized tilcdc 1.0.0 for 4830e000.lcdc on minor 0
[   20.855529] tilcdc 4830e000.lcdc: [drm] Cannot find any crtc or sizes
[   20.863870] tilcdc 4830e000.lcdc: [drm] Cannot find any crtc or sizes
[   21.489458] PM: Cannot get wkup_m3_ipc handle
[   21.537133] omap-sham 53100000.sham: hw accel on OMAP rev 4.3
[   21.674464] omap-sham 53100000.sham: will run requests pump with realtime priority
[   21.685468] PM: Cannot get wkup_m3_ipc handle
[   21.716788] omap-aes 53500000.aes: OMAP AES hw accel rev: 3.2
[   21.849700] omap-aes 53500000.aes: will run requests pump with realtime priority
[   21.860331] PM: Cannot get wkup_m3_ipc handle
[[0;32m  OK  [0m] Started Telephony service.
         Starting Connection service...
         Starting Login Service...
         Starting Avahi mDNS/DNS-SD Stack...
         Starting DUN service...
[[0;32m  OK  [0m] Reached target System Time Synchronized.
[[0;32m  OK  [0m] Started Daily apt download activities.
[[0;32m  OK  [0m] Started Daily apt upgrade and clean activities.
[[0;32m  OK  [0m] Reached target Timers.
[[0;32m  OK  [0m] Started System Logging Service.
[[0;32m  OK  [0m] Started Cape Manager Service.
[   23.512758] Bluetooth: Core ver 2.22
[   23.516608] NET: Registered PF_BLUETOOTH protocol family
[   23.522140] Bluetooth: HCI device and connection manager initialized
[   23.528560] Bluetooth: HCI socket layer initialized
[   23.533528] Bluetooth: L2CAP socket layer initialized
[   23.538668] Bluetooth: SCO socket layer initialized
[   25.434972] PM: Cannot get wkup_m3_ipc handle
[   25.546279] PM: Cannot get wkup_m3_ipc handle
[[0;32m  OK  [0m] Started LSB: Start busybox udhcpd at boot time.
[[0;32m  OK  [0m] Started Raise network interfaces.
[[0;32m  OK  [0m] Started LSB: Load kernel modules needed to enable cpufreq scaling.
[   28.578423] configfs-gadget.g_multi gadget.0: HOST MAC 1c:ba:8c:a2:ed:6c
[   28.585442] configfs-gadget.g_multi gadget.0: MAC 1c:ba:8c:a2:ed:70
[   28.592942] configfs-gadget.g_multi gadget.0: HOST MAC 1c:ba:8c:a2:ed:6c
[   28.599709] configfs-gadget.g_multi gadget.0: MAC 1c:ba:8c:a2:ed:6d
[   28.612847] PM: Cannot get wkup_m3_ipc handle
[[0;32m  OK  [0m] Started DUN service.
[[0;32m  OK  [0m] Started Connection service.
[[0;32m  OK  [0m] Started Avahi mDNS/DNS-SD Stack.
[[0;32m  OK  [0m] Started Login Service.
[[0;32m  OK  [0m] Reached target Sound Card.
         Starting LSB: set CPUFreq kernel parameters...
[[0;32m  OK  [0m] Reached target Network.
         Starting OpenBSD Secure Shell server...
         Starting Permit User Sessions...
         Starting The Apache HTTP Server...
[[0;32m  OK  [0m] Reached target Network is Online.
         Starting LSB: Advanced IEEE 802.11 management daemon...
[[0;32m  OK  [0m] Started Permit User Sessions.
[[0;32m  OK  [0m] Started LSB: Advanced IEEE 802.11 management daemon.
         Starting Hostname Service...
[[0;32m  OK  [0m] Started Getty on tty1.
[[0;32m  OK  [0m] Started Serial Getty on ttyS0.
[[0;32m  OK  [0m] Reached target Login Prompts.
         Starting WPA supplicant...
[[0;32m  OK  [0m] Started LSB: set CPUFreq kernel parameters.
[[0;32m  OK  [0m] Started Hostname Service.
         Stopping LSB: Start busybox udhcpd at boot time...
[[0;32m  OK  [0m] Started WPA supplicant.
[[0;32m  OK  [0m] Started OpenBSD Secure Shell server.
[[0;32m  OK  [0m] Stopped LSB: Start busybox udhcpd at boot time.
         Starting dnsmasq - A lightweight DHCP and caching DNS server...
[[0;32m  OK  [0m] Started The Apache HTTP Server.
[[0;32m  OK  [0m] Started dnsmasq - A lightweight DHCP and caching DNS server.
[[0;32m  OK  [0m] Reached target Host and Network Name Lookups.
[[0;32m  OK  [0m] Started Serial Getty on ttyGS0.
[[0;32m  OK  [0m] Started Generic Board Startup.
[[0;32m  OK  [0m] Reached target Multi-User System.
[[0;32m  OK  [0m] Reached target Graphical Interface.
         Starting Update UTMP about System Runlevel Changes...
[[0;32m  OK  [0m] Started Update UTMP about System Runlevel Changes.

Debian GNU/Linux 9 arm ttyS0

default username:password is [debian:temppwd]

arm login: root
Password: 
Last login: Sat Dec  9 19:10:31 UTC 2017 on ttyS0
root
Linux arm 6.12.0-rc7-next-20241114 #137 SMP Thu Nov 14 08:45:39 EET 2024 armv7l

The programs included with the Debian GNU/Linux system are free software;
the exact distribution terms for each program are described in the
individual files in /usr/share/doc/*/copyright.

Debian GNU/Linux comes with ABSOLUTELY NO WARRANTY, to the extent
permitted by applicable law.
root@arm:~# root
-bash: root: command not found
root@arm:~# dmesg -n 1
echo 'XHML''VVHEPQ'
root@arm:~# echo 'XHML''VVHEPQ'
XHMLVVHEPQ
root@arm:~# run() { echo -n "$MARKER"; sh -c "$@"; echo "$MARKER $?"; }
root@arm:~# echo 'MCJX''XAYLXN'
MCJXXAYLXN
root@arm:~# MARKER='ZSUC''AFUGEQ' run 'cat /proc/version'
ZSUCAFUGEQLinux version 6.12.0-rc7-next-20241114 (user01@drvtest01) (arm-linux-gnueabihf-gcc (Linaro GCC 6.4-2017.11) 6.4.1 20171012, GNU ld (Linaro_Binutils-2017.11) 2.27.0.20161229) #137 SMP Thu Nov 14 08:45:39 EET 2024
ZSUCAFUGEQ 0
root@arm:~# echo 'BJSV''AXXOUT'
BJSVAXXOUT
root@arm:~# MARKER='NTMS''ANKMGY' run false
NTMSANKMGYNTMSANKMGY 1
root@arm:~# Labgrid Console Logfile for main
Logfile started at 2024-11-14 08:47:34.313042
=== Log starts here ===

root@arm:~# run() { echo -n "$MARKER"; sh -c "$@"; echo "$MARKER $?"; }
root@arm:~# echo 'UTVO''BUJEWZ'
UTVOBUJEWZ
root@arm:~# MARKER='KOAZ''JYOJWS' run dmesg
KOAZJYOJWS[    0.000000] Booting Linux on physical CPU 0x0
[    0.000000] Linux version 6.12.0-rc7-next-20241114 (user01@drvtest01) (arm-linux-gnueabihf-gcc (Linaro GCC 6.4-2017.11) 6.4.1 20171012, GNU ld (Linaro_Binutils-2017.11) 2.27.0.20161229) #137 SMP Thu Nov 14 08:45:39 EET 2024
[    0.000000] CPU: ARMv7 Processor [413fc082] revision 2 (ARMv7), cr=10c5387d
[    0.000000] CPU: PIPT / VIPT nonaliasing data cache, VIPT aliasing instruction cache
[    0.000000] OF: fdt: Machine model: TI AM335x BeagleBone Black
[    0.000000] Memory policy: Data cache writeback
[    0.000000] cma: Reserved 16 MiB at 0x9e800000 on node -1
[    0.000000] Zone ranges:
[    0.000000]   Normal   [mem 0x0000000080000000-0x000000009fdfffff]
[    0.000000]   HighMem  empty
[    0.000000] Movable zone start for each node
[    0.000000] Early memory node ranges
[    0.000000]   node   0: [mem 0x0000000080000000-0x000000009fdfffff]
[    0.000000] Initmem setup node 0 [mem 0x0000000080000000-0x000000009fdfffff]
[    0.000000] OF: reserved mem: Reserved memory: No reserved-memory node in the DT
[    0.000000] CPU: All CPU(s) started in SVC mode.
[    0.000000] AM335X ES2.1 (sgx neon)
[    0.000000] percpu: Embedded 17 pages/cpu s39564 r8192 d21876 u69632
[    0.000000] pcpu-alloc: s39564 r8192 d21876 u69632 alloc=17*4096
[    0.000000] pcpu-alloc: [0] 0 
[    0.000000] Kernel command line: console=ttyO0,115200n8 root=/dev/nfs rw nfsroot=192.168.255.126:/home/user01/nfs,nfsvers=3 ip=192.168.255.1:192.168.255.126::255.255.255.0:bbb1:eth0 nfsrootdebug
[    0.000000] Unknown kernel command line parameters "nfsrootdebug", will be passed to user space.
[    0.000000] printk: log buffer data + meta data: 65536 + 204800 = 270336 bytes
[    0.000000] Dentry cache hash table entries: 65536 (order: 6, 262144 bytes, linear)
[    0.000000] Inode-cache hash table entries: 32768 (order: 5, 131072 bytes, linear)
[    0.000000] Built 1 zonelists, mobility grouping on.  Total pages: 130560
[    0.000000] mem auto-init: stack:off, heap alloc:off, heap free:off
[    0.000000] SLUB: HWalign=64, Order=0-3, MinObjects=0, CPUs=1, Nodes=1
[    0.000000] trace event string verifier disabled
[    0.000000] rcu: Hierarchical RCU implementation.
[    0.000000] rcu: 	RCU event tracing is enabled.
[    0.000000] rcu: 	RCU restricting CPUs from NR_CPUS=2 to nr_cpu_ids=1.
[    0.000000] 	Tracing variant of Tasks RCU enabled.
[    0.000000] rcu: RCU calculated value of scheduler-enlistment delay is 10 jiffies.
[    0.000000] rcu: Adjusting geometry for rcu_fanout_leaf=16, nr_cpu_ids=1
[    0.000000] RCU Tasks Trace: Setting shift to 0 and lim to 1 rcu_task_cb_adjust=1 rcu_task_cpu_ids=1.
[    0.000000] NR_IRQS: 16, nr_irqs: 16, preallocated irqs: 16
[    0.000000] IRQ: Found an INTC at 0x(ptrval) (revision 5.0) with 128 interrupts
[    0.000000] rcu: srcu_init: Setting srcu_struct sizes based on contention.
[    0.000000] TI gptimer clocksource: always-on /ocp/interconnect@44c00000/segment@200000/target-module@31000
[    0.000002] sched_clock: 32 bits at 24MHz, resolution 41ns, wraps every 89478484971ns
[    0.000027] clocksource: dmtimer: mask: 0xffffffff max_cycles: 0xffffffff, max_idle_ns: 79635851949 ns
[    0.000507] TI gptimer clockevent: 24000000 Hz at /ocp/interconnect@48000000/segment@0/target-module@40000
[    0.002154] Console: colour dummy device 80x30
[    0.002218] WARNING: Your 'console=ttyO0' has been replaced by 'ttyS0'
[    0.002227] This ensures that you still see kernel messages. Please
[    0.002232] update your kernel commandline.
[    0.002275] Calibrating delay loop... 996.14 BogoMIPS (lpj=4980736)
[    0.090554] CPU: Testing write buffer coherency: ok
[    0.090674] CPU0: Spectre v2: using BPIALL workaround
[    0.090685] pid_max: default: 32768 minimum: 301
[    0.090815] LSM: initializing lsm=capability
[    0.090992] Mount-cache hash table entries: 1024 (order: 0, 4096 bytes, linear)
[    0.091014] Mountpoint-cache hash table entries: 1024 (order: 0, 4096 bytes, linear)
[    0.092675] CPU0: thread -1, cpu 0, socket -1, mpidr 0
[    0.160924] Setting up static identity map for 0x80100000 - 0x80100078
[    0.170706] rcu: Hierarchical SRCU implementation.
[    0.170718] rcu: 	Max phase no-delay instances is 1000.
[    0.190770] smp: Bringing up secondary CPUs ...
[    0.190831] smp: Brought up 1 node, 1 CPU
[    0.190846] SMP: Total of 1 processors activated (996.14 BogoMIPS).
[    0.190859] CPU: All CPU(s) started in SVC mode.
[    0.191052] Memory: 480840K/522240K available (11264K kernel code, 1214K rwdata, 2896K rodata, 1024K init, 297K bss, 23388K reserved, 16384K cma-reserved, 0K highmem)
[    0.191924] devtmpfs: initialized
[    0.208699] VFP support v0.3: implementor 41 architecture 3 part 30 variant c rev 3
[    0.209047] clocksource: jiffies: mask: 0xffffffff max_cycles: 0xffffffff, max_idle_ns: 19112604462750000 ns
[    0.209079] futex hash table entries: 256 (order: 2, 16384 bytes, linear)
[    0.210386] pinctrl core: initialized pinctrl subsystem
[    0.213385] NET: Registered PF_NETLINK/PF_ROUTE protocol family
[    0.216226] DMA: preallocated 256 KiB pool for atomic coherent allocations
[    0.217131] audit: initializing netlink subsys (disabled)
[    0.218576] thermal_sys: Registered thermal governor 'fair_share'
[    0.218593] thermal_sys: Registered thermal governor 'step_wise'
[    0.218604] thermal_sys: Registered thermal governor 'user_space'
[    0.218760] audit: type=2000 audit(0.210:1): state=initialized audit_enabled=0 res=1
[    0.218799] cpuidle: using governor menu
[    0.237421] /ocp/interconnect@44c00000/segment@200000/target-module@b000/i2c@0/tda19988@70: Fixed dependency cycle(s) with /ocp/interconnect@48000000/segment@300000/target-module@e000/lcdc@0
[    0.238599] /ocp/interconnect@48000000/segment@300000/target-module@e000/lcdc@0: Fixed dependency cycle(s) with /ocp/interconnect@44c00000/segment@200000/target-module@b000/i2c@0/tda19988@70
[    0.240950] No ATAGs?
[    0.240973] hw-breakpoint: debug architecture 0x4 unsupported.
[    0.243751] kprobes: kprobe jump-optimization is enabled. All kprobes are optimized if possible.
[    0.254401] iommu: Default domain type: Translated
[    0.254425] iommu: DMA domain TLB invalidation policy: strict mode
[    0.261607] reg-fixed-voltage fixedregulator0: using DT '/fixedregulator0' for '(default)' GPIO lookup
[    0.261666] of_get_named_gpiod_flags: can't parse 'gpios' property of node '/fixedregulator0[0]'
[    0.261696] of_get_named_gpiod_flags: can't parse 'gpio' property of node '/fixedregulator0[0]'
[    0.261714] reg-fixed-voltage fixedregulator0: using lookup tables for GPIO lookup
[    0.261725] reg-fixed-voltage fixedregulator0: No GPIO consumer (default) found
[    0.262785] SCSI subsystem initialized
[    0.263293] libata version 3.00 loaded.
[    0.263650] pps_core: LinuxPPS API ver. 1 registered
[    0.263661] pps_core: Software ver. 5.3.6 - Copyright 2005-2007 Rodolfo Giometti <giometti@linux.it>
[    0.263686] PTP clock support registered
[    0.271284] vgaarb: loaded
[    0.271699] clocksource: Switched to clocksource dmtimer
[    0.272364] VFS: Disk quotas dquot_6.6.0
[    0.272406] VFS: Dquot-cache hash table entries: 1024 (order 0, 4096 bytes)
[    0.297355] NET: Registered PF_INET protocol family
[    0.297712] IP idents hash table entries: 8192 (order: 4, 65536 bytes, linear)
[    0.299128] tcp_listen_portaddr_hash hash table entries: 512 (order: 0, 4096 bytes, linear)
[    0.299166] Table-perturb hash table entries: 65536 (order: 6, 262144 bytes, linear)
[    0.299183] TCP established hash table entries: 4096 (order: 2, 16384 bytes, linear)
[    0.299226] TCP bind hash table entries: 4096 (order: 4, 65536 bytes, linear)
[    0.299325] TCP: Hash tables configured (established 4096 bind 4096)
[    0.299441] UDP hash table entries: 256 (order: 1, 8192 bytes, linear)
[    0.299468] UDP-Lite hash table entries: 256 (order: 1, 8192 bytes, linear)
[    0.299639] NET: Registered PF_UNIX/PF_LOCAL protocol family
[    0.302399] RPC: Registered named UNIX socket transport module.
[    0.302423] RPC: Registered udp transport module.
[    0.302429] RPC: Registered tcp transport module.
[    0.302434] RPC: Registered tcp-with-tls transport module.
[    0.302439] RPC: Registered tcp NFSv4.1 backchannel transport module.
[    0.302466] PCI: CLS 0 bytes, default 64
[    0.303951] Initialise system trusted keyrings
[    0.312026] workingset: timestamp_bits=14 max_order=17 bucket_order=3
[    0.313353] NFS: Registering the id_resolver key type
[    0.313430] Key type id_resolver registered
[    0.313438] Key type id_legacy registered
[    0.313490] jffs2: version 2.2. (NAND) (SUMMARY)  Â© 2001-2006 Red Hat, Inc.
[    0.313893] Key type asymmetric registered
[    0.313910] Asymmetric key parser 'x509' registered
[    0.313975] io scheduler mq-deadline registered
[    0.313986] io scheduler kyber registered
[    0.314057] io scheduler bfq registered
[    0.315684] ledtrig-cpu: registered to indicate activity on CPUs
[    0.322419] Serial: 8250/16550 driver, 6 ports, IRQ sharing enabled
[    0.373576] brd: module loaded
[    0.386770] loop: module loaded
[    0.387704] mtdoops: mtd device (mtddev=name/number) must be supplied
[    0.401309] mdio_bus fixed-0: using lookup tables for GPIO lookup
[    0.401336] mdio_bus fixed-0: No GPIO consumer reset found
[    0.402855] i2c_dev: i2c /dev entries driver
[    0.403852] cpuidle: enable-method property 'ti,am3352' found operations
[    0.404293] sdhci: Secure Digital Host Controller Interface driver
[    0.404304] sdhci: Copyright(c) Pierre Ossman
[    0.404475] sdhci-pltfm: SDHCI platform and OF driver helper
[    0.405475] Initializing XFRM netlink socket
[    0.405624] NET: Registered PF_INET6 protocol family
[    0.407676] Segment Routing with IPv6
[    0.407770] In-situ OAM (IOAM) with IPv6
[    0.407872] sit: IPv6, IPv4 and MPLS over IPv4 tunneling driver
[    0.408833] NET: Registered PF_PACKET protocol family
[    0.408866] NET: Registered PF_KEY protocol family
[    0.408992] Key type dns_resolver registered
[    0.409263] ThumbEE CPU extension supported.
[    0.409284] Registering SWP/SWPB emulation handler
[    0.409826] omap_voltage_late_init: Voltage driver support not added
[    0.410179] SmartReflex Class3 initialized
[    0.444109] Loading compiled-in X.509 certificates
[    0.493341] /ocp/interconnect@44c00000/segment@200000/target-module@b000/i2c@0/tda19988@70: Fixed dependency cycle(s) with /ocp/interconnect@48000000/segment@300000/target-module@e000/lcdc@0
[    0.499834] /ocp/interconnect@44c00000/segment@200000/target-module@b000/i2c@0/tda19988@70: Fixed dependency cycle(s) with /ocp/interconnect@48000000/segment@300000/target-module@e000/lcdc@0
[    0.505655] gpiochip_find_base_unlocked: found new base at 512
[    0.529765] /ocp/interconnect@44c00000/segment@200000/target-module@b000/i2c@0/tda19988@70: Fixed dependency cycle(s) with /ocp/interconnect@48000000/segment@300000/target-module@e000/lcdc@0
[    0.530623] /ocp/interconnect@44c00000/segment@200000/target-module@b000/i2c@0/tda19988@70: Fixed dependency cycle(s) with /ocp/interconnect@48000000/segment@300000/target-module@e000/lcdc@0
[    0.534378] /ocp/interconnect@44c00000/segment@200000/target-module@10000/scm@0/pinmux@800: Fixed dependency cycle(s) with /ocp/interconnect@44c00000/segment@200000/target-module@10000/scm@0/pinmux@800/clkout2-pins
[    0.534970] pinctrl-single 44e10800.pinmux: 142 pins, size 568
[    0.540264] ti-sysc 44e31000.target-module: probe with driver ti-sysc failed with error -16
[    0.572285] /ocp/interconnect@48000000/segment@300000/target-module@e000/lcdc@0: Fixed dependency cycle(s) with /ocp/interconnect@44c00000/segment@200000/target-module@b000/i2c@0/tda19988@70
[    0.580159] ti-sysc 48040000.target-module: probe with driver ti-sysc failed with error -16
[    0.591420] gpiochip_find_base_unlocked: found new base at 512
[    0.591524] gpio gpiochip0: (gpio-0-31): created GPIO range 0->7 ==> 44e10800.pinmux PIN 0->7
[    0.591544] gpio gpiochip0: (gpio-0-31): created GPIO range 8->11 ==> 44e10800.pinmux PIN 90->93
[    0.591559] gpio gpiochip0: (gpio-0-31): created GPIO range 12->27 ==> 44e10800.pinmux PIN 12->27
[    0.591574] gpio gpiochip0: (gpio-0-31): created GPIO range 28->31 ==> 44e10800.pinmux PIN 30->33
[    0.618374] gpio gpiochip0: (gpio-0-31): added GPIO chardev (254:0)
[    0.618522] gpio gpiochip0: registered GPIOs 512 to 543 on gpio-0-31
[    0.618609] OMAP GPIO hardware version 0.1
[    0.645230] i2c i2c-2: using DT '/ocp/interconnect@48000000/segment@100000/target-module@9c000/i2c@0' for 'scl' GPIO lookup
[    0.645304] of_get_named_gpiod_flags: can't parse 'scl-gpios' property of node '/ocp/interconnect@48000000/segment@100000/target-module@9c000/i2c@0[0]'
[    0.645348] of_get_named_gpiod_flags: can't parse 'scl-gpio' property of node '/ocp/interconnect@48000000/segment@100000/target-module@9c000/i2c@0[0]'
[    0.645385] i2c i2c-2: using lookup tables for GPIO lookup
[    0.645396] i2c i2c-2: No GPIO consumer scl found
[    0.645418] i2c i2c-2: using DT '/ocp/interconnect@48000000/segment@100000/target-module@9c000/i2c@0' for 'sda' GPIO lookup
[    0.645455] of_get_named_gpiod_flags: can't parse 'sda-gpios' property of node '/ocp/interconnect@48000000/segment@100000/target-module@9c000/i2c@0[0]'
[    0.645493] of_get_named_gpiod_flags: can't parse 'sda-gpio' property of node '/ocp/interconnect@48000000/segment@100000/target-module@9c000/i2c@0[0]'
[    0.645526] i2c i2c-2: using lookup tables for GPIO lookup
[    0.645534] i2c i2c-2: No GPIO consumer sda found
[    0.646269] omap_i2c 4819c000.i2c: bus 2 rev0.11 at 100 kHz
[    0.651655] gpiochip_find_base_unlocked: found new base at 544
[    0.651993] gpio gpiochip1: (gpio-32-63): created GPIO range 0->17 ==> 44e10800.pinmux PIN 34->51
[    0.652019] gpio gpiochip1: (gpio-32-63): created GPIO range 18->21 ==> 44e10800.pinmux PIN 77->80
[    0.652035] gpio gpiochip1: (gpio-32-63): created GPIO range 22->31 ==> 44e10800.pinmux PIN 56->65
[    0.663867] gpio gpiochip1: (gpio-32-63): added GPIO chardev (254:1)
[    0.664034] gpio gpiochip1: registered GPIOs 544 to 575 on gpio-32-63
[    0.666321] gpiochip_find_base_unlocked: found new base at 576
[    0.666414] gpio gpiochip2: (gpio-64-95): created GPIO range 0->4 ==> 44e10800.pinmux PIN 66->70
[    0.666434] gpio gpiochip2: (gpio-64-95): created GPIO range 5->6 ==> 44e10800.pinmux PIN 98->99
[    0.666449] gpio gpiochip2: (gpio-64-95): created GPIO range 7->8 ==> 44e10800.pinmux PIN 75->76
[    0.666464] gpio gpiochip2: (gpio-64-95): created GPIO range 13->13 ==> 44e10800.pinmux PIN 141->141
[    0.666481] gpio gpiochip2: (gpio-64-95): created GPIO range 14->21 ==> 44e10800.pinmux PIN 100->107
[    0.668126] gpio gpiochip2: (gpio-64-95): added GPIO chardev (254:2)
[    0.668297] gpio gpiochip2: registered GPIOs 576 to 607 on gpio-64-95
[    0.674098] 48000000.interconnect:segment@200000:target-module@0:mpu@0:fck: device ID is greater than 24
[    0.674983] /ocp/interconnect@48000000/segment@300000/target-module@e000/lcdc@0: Fixed dependency cycle(s) with /ocp/interconnect@44c00000/segment@200000/target-module@b000/i2c@0/tda19988@70
[    0.677777] /ocp/interconnect@48000000/segment@300000/target-module@e000/lcdc@0: Fixed dependency cycle(s) with /ocp/interconnect@44c00000/segment@200000/target-module@b000/i2c@0/tda19988@70
[    0.678472] /ocp/interconnect@44c00000/segment@200000/target-module@b000/i2c@0/tda19988@70: Fixed dependency cycle(s) with /ocp/interconnect@48000000/segment@300000/target-module@e000/lcdc@0
[    0.678635] /ocp/interconnect@48000000/segment@300000/target-module@e000/lcdc@0: Fixed dependency cycle(s) with /ocp/interconnect@44c00000/segment@200000/target-module@b000/i2c@0/tda19988@70
[    0.688282] mdio_bus 4a101000.mdio: using DT '/ocp/interconnect@4a000000/segment@0/target-module@100000/switch@0/mdio@1000' for 'reset' GPIO lookup
[    0.688371] of_get_named_gpiod_flags: can't parse 'reset-gpios' property of node '/ocp/interconnect@4a000000/segment@0/target-module@100000/switch@0/mdio@1000[0]'
[    0.688422] of_get_named_gpiod_flags: can't parse 'reset-gpio' property of node '/ocp/interconnect@4a000000/segment@0/target-module@100000/switch@0/mdio@1000[0]'
[    0.688471] mdio_bus 4a101000.mdio: using lookup tables for GPIO lookup
[    0.688482] mdio_bus 4a101000.mdio: No GPIO consumer reset found
[    0.689470] sdhci-omap 481d8000.mmc: using DT '/ocp/interconnect@48000000/segment@100000/target-module@d8000/mmc@0' for 'wp' GPIO lookup
[    0.689531] of_get_named_gpiod_flags: can't parse 'wp-gpios' property of node '/ocp/interconnect@48000000/segment@100000/target-module@d8000/mmc@0[0]'
[    0.689576] of_get_named_gpiod_flags: can't parse 'wp-gpio' property of node '/ocp/interconnect@48000000/segment@100000/target-module@d8000/mmc@0[0]'
[    0.689613] sdhci-omap 481d8000.mmc: using lookup tables for GPIO lookup
[    0.689624] sdhci-omap 481d8000.mmc: No GPIO consumer wp found
[    0.689820] sdhci-omap 481d8000.mmc: supply pbias not found, using dummy regulator
[    0.690330] sdhci-omap 481d8000.mmc: supply vqmmc not found, using dummy regulator
[    0.742478] davinci_mdio 4a101000.mdio: davinci mdio revision 1.6, bus freq 1000000
[    0.776301] mdio_bus 4a101000.mdio:00: using DT '/ocp/interconnect@4a000000/segment@0/target-module@100000/switch@0/mdio@1000/ethernet-phy@0' for 'reset' GPIO lookup
[    0.776407] of_get_named_gpiod_flags: parsed 'reset-gpios' property of node '/ocp/interconnect@4a000000/segment@0/target-module@100000/switch@0/mdio@1000/ethernet-phy@0[0]' - status (0)
[    0.776575] gpio gpiochip0: Persistence not supported for GPIO 8
[    0.911025] davinci_mdio 4a101000.mdio: phy[0]: device 4a101000.mdio:00, driver SMSC LAN8710/LAN8720
[    0.911940] cpsw-switch 4a100000.switch: initialized cpsw ale version 1.4
[    0.911967] cpsw-switch 4a100000.switch: ALE Table size 1024, Policers 0
[    0.912282] cpsw-switch 4a100000.switch: cpts: overflow check period 500 (jiffies)
[    0.912305] cpsw-switch 4a100000.switch: CPTS: ref_clk_freq:250000000 calc_mult:2147483648 calc_shift:29 error:0 nsec/sec
[    0.912419] cpsw-switch 4a100000.switch: Detected MACID = 6c:ec:eb:68:de:78
[    0.914238] cpsw-switch 4a100000.switch: initialized (regs 0x4a100000, pool size 256) hw_ver:0019010C 1.12 (0)
[    0.925346] debugfs: Directory '49000000.dma' with parent 'dmaengine' already present!
[    0.925388] edma 49000000.dma: TI EDMA DMA engine driver
[    0.965357] target-module@4b000000:target-module@140000:pmu@0:fck: device ID is greater than 24
[    0.999233] hw perfevents: enabled with armv7_cortex_a8 PMU driver, 5 (8000000f) counters available
[    1.000137] gpio-clk clk_mcasp0: using DT '/clk_mcasp0' for 'enable' GPIO lookup
[    1.000208] of_get_named_gpiod_flags: parsed 'enable-gpios' property of node '/clk_mcasp0[0]' - status (0)
[    1.000252] gpio gpiochip0: Persistence not supported for GPIO 27
[    1.001063] gpiochip_find_base_unlocked: found new base at 608
[    1.001173] gpio gpiochip3: (gpio-96-127): created GPIO range 0->7 ==> 44e10800.pinmux PIN 82->89
[    1.001193] gpio gpiochip3: (gpio-96-127): created GPIO range 8->11 ==> 44e10800.pinmux PIN 52->55
[    1.001210] gpio gpiochip3: (gpio-96-127): created GPIO range 12->15 ==> 44e10800.pinmux PIN 94->97
[    1.001226] gpio gpiochip3: (gpio-96-127): created GPIO range 16->17 ==> 44e10800.pinmux PIN 71->72
[    1.001242] gpio gpiochip3: (gpio-96-127): created GPIO range 18->18 ==> 44e10800.pinmux PIN 135->135
[    1.001258] gpio gpiochip3: (gpio-96-127): created GPIO range 19->20 ==> 44e10800.pinmux PIN 108->109
[    1.001275] gpio gpiochip3: (gpio-96-127): created GPIO range 21->21 ==> 44e10800.pinmux PIN 73->73
[    1.001292] gpio gpiochip3: (gpio-96-127): created GPIO range 22->23 ==> 44e10800.pinmux PIN 8->9
[    1.001309] gpio gpiochip3: (gpio-96-127): created GPIO range 26->27 ==> 44e10800.pinmux PIN 10->11
[    1.001327] gpio gpiochip3: (gpio-96-127): created GPIO range 28->28 ==> 44e10800.pinmux PIN 74->74
[    1.001344] gpio gpiochip3: (gpio-96-127): created GPIO range 29->29 ==> 44e10800.pinmux PIN 81->81
[    1.001363] gpio gpiochip3: (gpio-96-127): created GPIO range 30->31 ==> 44e10800.pinmux PIN 28->29
[    1.007064] l3-aon-clkctrl:0000:0: failed to disable
[    1.018428] gpio gpiochip3: (gpio-96-127): added GPIO chardev (254:3)
[    1.018602] gpio gpiochip3: registered GPIOs 608 to 639 on gpio-96-127
[    1.020524] omap8250 44e09000.serial: using DT '/ocp/interconnect@44c00000/segment@200000/target-module@9000/serial@0' for 'rs485-term' GPIO lookup
[    1.020597] of_get_named_gpiod_flags: can't parse 'rs485-term-gpios' property of node '/ocp/interconnect@44c00000/segment@200000/target-module@9000/serial@0[0]'
[    1.020644] of_get_named_gpiod_flags: can't parse 'rs485-term-gpio' property of node '/ocp/interconnect@44c00000/segment@200000/target-module@9000/serial@0[0]'
[    1.020682] omap8250 44e09000.serial: using lookup tables for GPIO lookup
[    1.020693] omap8250 44e09000.serial: No GPIO consumer rs485-term found
[    1.020703] omap8250 44e09000.serial: using DT '/ocp/interconnect@44c00000/segment@200000/target-module@9000/serial@0' for 'rs485-rx-during-tx' GPIO lookup
[    1.020740] of_get_named_gpiod_flags: can't parse 'rs485-rx-during-tx-gpios' property of node '/ocp/interconnect@44c00000/segment@200000/target-module@9000/serial@0[0]'
[    1.020778] of_get_named_gpiod_flags: can't parse 'rs485-rx-during-tx-gpio' property of node '/ocp/interconnect@44c00000/segment@200000/target-module@9000/serial@0[0]'
[    1.020812] omap8250 44e09000.serial: using lookup tables for GPIO lookup
[    1.020820] omap8250 44e09000.serial: No GPIO consumer rs485-rx-during-tx found
[    1.021203] 44e09000.serial: ttyS0 at MMIO 0x44e09000 (irq = 34, base_baud = 3000000) is a 8250
[    1.021291] printk: legacy console [ttyS0] enabled
[    2.483464] i2c i2c-0: using DT '/ocp/interconnect@44c00000/segment@200000/target-module@b000/i2c@0' for 'scl' GPIO lookup
[    2.483558] of_get_named_gpiod_flags: can't parse 'scl-gpios' property of node '/ocp/interconnect@44c00000/segment@200000/target-module@b000/i2c@0[0]'
[    2.483612] of_get_named_gpiod_flags: can't parse 'scl-gpio' property of node '/ocp/interconnect@44c00000/segment@200000/target-module@b000/i2c@0[0]'
[    2.483653] i2c i2c-0: using lookup tables for GPIO lookup
[    2.483668] i2c i2c-0: No GPIO consumer scl found
[    2.483694] i2c i2c-0: using DT '/ocp/interconnect@44c00000/segment@200000/target-module@b000/i2c@0' for 'sda' GPIO lookup
[    2.483736] of_get_named_gpiod_flags: can't parse 'sda-gpios' property of node '/ocp/interconnect@44c00000/segment@200000/target-module@b000/i2c@0[0]'
[    2.483779] of_get_named_gpiod_flags: can't parse 'sda-gpio' property of node '/ocp/interconnect@44c00000/segment@200000/target-module@b000/i2c@0[0]'
[    2.483817] i2c i2c-0: using lookup tables for GPIO lookup
[    2.483829] i2c i2c-0: No GPIO consumer sda found
[    2.502699] tps65217-pmic: Failed to locate of_node [id: -1]
[    2.508768] tps65217-bl: Failed to locate of_node [id: -1]
[    2.520190] tps65217 0-0024: TPS65217 ID 0xe version 1.2
[    2.526338] /ocp/interconnect@48000000/segment@300000/target-module@e000/lcdc@0: Fixed dependency cycle(s) with /ocp/interconnect@44c00000/segment@200000/target-module@b000/i2c@0/tda19988@70
[    2.543718] /ocp/interconnect@44c00000/segment@200000/target-module@b000/i2c@0/tda19988@70: Fixed dependency cycle(s) with /ocp/interconnect@48000000/segment@300000/target-module@e000/lcdc@0
[    2.561088] omap_i2c 44e0b000.i2c: bus 0 rev0.11 at 400 kHz
[    2.568923] sdhci-omap 48060000.mmc: using DT '/ocp/interconnect@48000000/segment@0/target-module@60000/mmc@0' for 'cd' GPIO lookup
[    2.569031] of_get_named_gpiod_flags: parsed 'cd-gpios' property of node '/ocp/interconnect@48000000/segment@0/target-module@60000/mmc@0[0]' - status (0)
[    2.569099] gpio gpiochip3: Persistence not supported for GPIO 6
[    2.569124] omap_gpio 44e07000.gpio: Could not set line 6 debounce to 200000 microseconds (-22)
[    2.578007] sdhci-omap 48060000.mmc: Got CD GPIO
[    2.582688] sdhci-omap 48060000.mmc: using DT '/ocp/interconnect@48000000/segment@0/target-module@60000/mmc@0' for 'wp' GPIO lookup
[    2.582739] of_get_named_gpiod_flags: can't parse 'wp-gpios' property of node '/ocp/interconnect@48000000/segment@0/target-module@60000/mmc@0[0]'
[    2.582784] of_get_named_gpiod_flags: can't parse 'wp-gpio' property of node '/ocp/interconnect@48000000/segment@0/target-module@60000/mmc@0[0]'
[    2.582825] sdhci-omap 48060000.mmc: using lookup tables for GPIO lookup
[    2.582840] sdhci-omap 48060000.mmc: No GPIO consumer wp found
[    2.583049] sdhci-omap 48060000.mmc: supply pbias not found, using dummy regulator
[    2.591845] sdhci-omap 481d8000.mmc: using DT '/ocp/interconnect@48000000/segment@100000/target-module@d8000/mmc@0' for 'wp' GPIO lookup
[    2.591946] of_get_named_gpiod_flags: can't parse 'wp-gpios' property of node '/ocp/interconnect@48000000/segment@100000/target-module@d8000/mmc@0[0]'
[    2.591998] of_get_named_gpiod_flags: can't parse 'wp-gpio' property of node '/ocp/interconnect@48000000/segment@100000/target-module@d8000/mmc@0[0]'
[    2.592039] sdhci-omap 481d8000.mmc: using lookup tables for GPIO lookup
[    2.592053] sdhci-omap 481d8000.mmc: No GPIO consumer wp found
[    2.593618] sdhci-omap 48060000.mmc: supply vqmmc not found, using dummy regulator
[    2.602421] sdhci-omap 481d8000.mmc: supply pbias not found, using dummy regulator
[    2.610401] sdhci-omap 481d8000.mmc: supply vqmmc not found, using dummy regulator
[    2.649160] mmc1: SDHCI controller on 481d8000.mmc [481d8000.mmc] using External DMA
[    2.658419] mmc0: SDHCI controller on 48060000.mmc [48060000.mmc] using External DMA
[    2.667234] cpsw-switch 4a100000.switch: starting ndev. mode: dual_mac
[    2.710979] mmc0: new high speed SDHC card at address 5048
[    2.718062] mmcblk0: mmc0:5048 SD16G 14.4 GiB
[    2.726234]  mmcblk0: p1 p2
[    2.729656] mmcblk0: p2 size 31221760 extends beyond EOD, truncated
[    2.742944] SMSC LAN8710/LAN8720 4a101000.mdio:00: attached PHY driver (mii_bus:phy_addr=4a101000.mdio:00, irq=POLL)
[    2.755590] mmc1: new high speed MMC card at address 0001
[    2.766730] mmcblk1: mmc1:0001 MMC04G 3.60 GiB
[    2.774199]  mmcblk1: p1 p2
[    2.778435] mmcblk1boot0: mmc1:0001 MMC04G 2.00 MiB
[    2.785839] mmcblk1boot1: mmc1:0001 MMC04G 2.00 MiB
[    2.793232] mmcblk1rpmb: mmc1:0001 MMC04G 128 KiB, chardev (250:0)
[    5.922487] cpsw-switch 4a100000.switch eth0: Link is Up - 100Mbps/Full - flow control off
[    5.961938] IP-Config: Complete:
[    5.965217]      device=eth0, hwaddr=6c:ec:eb:68:de:78, ipaddr=192.168.255.1, mask=255.255.255.0, gw=255.255.255.255
[    5.975882]      host=bbb1, domain=, nis-domain=(none)
[    5.981052]      bootserver=192.168.255.126, rootserver=192.168.255.126, rootpath=
[    5.981482] clk: Disabling unused clocks
[    5.993328] PM: genpd: Disabling unused power domains
[    5.998447] KTAP version 1
[    6.001169] 1..0
[    6.035046] VFS: Mounted root (nfs filesystem) on device 0:17.
[    6.041994] devtmpfs: mounted
[    6.046850] Freeing unused kernel image (initmem) memory: 1024K
[    6.053607] Run /sbin/init as init process
[    6.057740]   with arguments:
[    6.057753]     /sbin/init
[    6.057764]     nfsrootdebug
[    6.057774]   with environment:
[    6.057783]     HOME=/
[    6.057792]     TERM=linux
[    6.770797] systemd[1]: System time before build time, advancing clock.
[    8.201722] random: crng init done
[    8.243365] systemd[1]: systemd 232 running in system mode. (+PAM +AUDIT +SELINUX +IMA +APPARMOR +SMACK +SYSVINIT +UTMP +LIBCRYPTSETUP +GCRYPT +GNUTLS +ACL +XZ +LZ4 +SECCOMP +BLKID +ELFUTILS +KMOD +IDN)
[    8.262549] systemd[1]: Detected architecture arm.
[    8.294804] systemd[1]: Set hostname to <arm>.
[    9.396161] systemd[1]: Listening on udev Control Socket.
[    9.422828] systemd[1]: Listening on Journal Audit Socket.
[    9.453748] systemd[1]: Listening on Syslog Socket.
[    9.482548] systemd[1]: Listening on Journal Socket (/dev/log).
[    9.512613] systemd[1]: Started Dispatch Password Requests to Console Directory Watch.
[    9.543390] systemd[1]: Set up automount Arbitrary Executable File Formats File System Automount Point.
[    9.572377] systemd[1]: Listening on udev Kernel Socket.
[   11.908929] systemd-journald[83]: Received request to flush runtime journal from PID 1
[   14.459363] leds-gpio leds: using DT '/leds/led2' for '(default)' GPIO lookup
[   14.459474] of_get_named_gpiod_flags: parsed 'gpios' property of node '/leds/led2[0]' - status (0)
[   14.459533] gpio gpiochip0: Persistence not supported for GPIO 21
[   14.459549] gpio-533 (?): no flags found for GPIO (default)
[   14.522322] leds-gpio leds: using DT '/leds/led3' for '(default)' GPIO lookup
[   14.522438] of_get_named_gpiod_flags: parsed 'gpios' property of node '/leds/led3[0]' - status (0)
[   14.522497] gpio gpiochip0: Persistence not supported for GPIO 22
[   14.522514] gpio-534 (?): no flags found for GPIO (default)
[   14.582404] leds-gpio leds: using DT '/leds/led4' for '(default)' GPIO lookup
[   14.582507] of_get_named_gpiod_flags: parsed 'gpios' property of node '/leds/led4[0]' - status (0)
[   14.582558] gpio gpiochip0: Persistence not supported for GPIO 23
[   14.582574] gpio-535 (?): no flags found for GPIO (default)
[   14.603175] leds-gpio leds: using DT '/leds/led5' for '(default)' GPIO lookup
[   14.603490] of_get_named_gpiod_flags: parsed 'gpios' property of node '/leds/led5[0]' - status (0)
[   14.603557] gpio gpiochip0: Persistence not supported for GPIO 24
[   14.603574] gpio-536 (?): no flags found for GPIO (default)
[   14.836115] remoteproc remoteproc0: wkup_m3 is available
[   15.100316] at24 2-0054: supply vcc not found, using dummy regulator
[   15.236243] at24 2-0055: supply vcc not found, using dummy regulator
[   15.338279] at24 2-0056: supply vcc not found, using dummy regulator
[   15.468734] at24 2-0057: supply vcc not found, using dummy regulator
[   15.574481] at24 0-0050: using DT '/ocp/interconnect@44c00000/segment@200000/target-module@b000/i2c@0/eeprom@50' for 'wp' GPIO lookup
[   15.574605] of_get_named_gpiod_flags: can't parse 'wp-gpios' property of node '/ocp/interconnect@44c00000/segment@200000/target-module@b000/i2c@0/eeprom@50[0]'
[   15.574670] of_get_named_gpiod_flags: can't parse 'wp-gpio' property of node '/ocp/interconnect@44c00000/segment@200000/target-module@b000/i2c@0/eeprom@50[0]'
[   15.574718] at24 0-0050: using lookup tables for GPIO lookup
[   15.574734] at24 0-0050: No GPIO consumer wp found
[   15.575077] at24 0-0050: 32768 byte 24c256 EEPROM, writable, 1 bytes/write
[   15.649782] wkup_m3_ipc 44e11324.wkup_m3_ipc: IPC Request for A8->M3 Channel failed! -517
[   15.694570] tps6521x_pwrbutton tps65217-pwrbutton: DMA mask not set
[   15.812856] omap_rtc 44e3e000.rtc: registered as rtc0
[   15.818069] omap_rtc 44e3e000.rtc: setting system clock to 2000-01-01T00:00:00 UTC (946684800)
[   15.826927] omap_rtc 44e3e000.rtc: using DT '/ocp/interconnect@44c00000/segment@200000/target-module@3e000/rtc@0' for 'wp' GPIO lookup
[   15.827005] of_get_named_gpiod_flags: can't parse 'wp-gpios' property of node '/ocp/interconnect@44c00000/segment@200000/target-module@3e000/rtc@0[0]'
[   15.827059] of_get_named_gpiod_flags: can't parse 'wp-gpio' property of node '/ocp/interconnect@44c00000/segment@200000/target-module@3e000/rtc@0[0]'
[   15.827101] omap_rtc 44e3e000.rtc: using lookup tables for GPIO lookup
[   15.827116] omap_rtc 44e3e000.rtc: No GPIO consumer wp found
[   15.828781] wkup_m3_ipc 44e11324.wkup_m3_ipc: IPC Request for A8->M3 Channel failed! -517
[   15.846034] input: tps65217_pwrbutton as /devices/platform/ocp/44c00000.interconnect/44c00000.interconnect:segment@200000/44e0b000.target-module/44e0b000.i2c/i2c-0/0-0024/tps65217-pwrbutton/input/input0
[   15.949207] omap_wdt: OMAP Watchdog Timer Rev 0x01: initial timeout 60 sec
[   15.970622] wkup_m3_ipc 44e11324.wkup_m3_ipc: IPC Request for A8->M3 Channel failed! -517
[   16.064051] am335x-phy-driver 47401300.usb-phy: using DT '/ocp/target-module@47400000/usb-phy@1300' for 'reset' GPIO lookup
[   16.064149] of_get_named_gpiod_flags: can't parse 'reset-gpios' property of node '/ocp/target-module@47400000/usb-phy@1300[0]'
[   16.064197] of_get_named_gpiod_flags: can't parse 'reset-gpio' property of node '/ocp/target-module@47400000/usb-phy@1300[0]'
[   16.064237] am335x-phy-driver 47401300.usb-phy: using lookup tables for GPIO lookup
[   16.064254] am335x-phy-driver 47401300.usb-phy: No GPIO consumer reset found
[   16.064270] am335x-phy-driver 47401300.usb-phy: using DT '/ocp/target-module@47400000/usb-phy@1300' for 'vbus-detect' GPIO lookup
[   16.064303] of_get_named_gpiod_flags: can't parse 'vbus-detect-gpios' property of node '/ocp/target-module@47400000/usb-phy@1300[0]'
[   16.064336] of_get_named_gpiod_flags: can't parse 'vbus-detect-gpio' property of node '/ocp/target-module@47400000/usb-phy@1300[0]'
[   16.064365] am335x-phy-driver 47401300.usb-phy: using lookup tables for GPIO lookup
[   16.064378] am335x-phy-driver 47401300.usb-phy: No GPIO consumer vbus-detect found
[   16.064527] am335x-phy-driver 47401300.usb-phy: dummy supplies not allowed for exclusive requests (id=vbus)
[   16.379030] am335x-phy-driver 47401b00.usb-phy: using DT '/ocp/target-module@47400000/usb-phy@1b00' for 'reset' GPIO lookup
[   16.379185] of_get_named_gpiod_flags: can't parse 'reset-gpios' property of node '/ocp/target-module@47400000/usb-phy@1b00[0]'
[   16.379292] of_get_named_gpiod_flags: can't parse 'reset-gpio' property of node '/ocp/target-module@47400000/usb-phy@1b00[0]'
[   16.379422] am335x-phy-driver 47401b00.usb-phy: using lookup tables for GPIO lookup
[   16.379441] am335x-phy-driver 47401b00.usb-phy: No GPIO consumer reset found
[   16.379459] am335x-phy-driver 47401b00.usb-phy: using DT '/ocp/target-module@47400000/usb-phy@1b00' for 'vbus-detect' GPIO lookup
[   16.379539] of_get_named_gpiod_flags: can't parse 'vbus-detect-gpios' property of node '/ocp/target-module@47400000/usb-phy@1b00[0]'
[   16.379577] of_get_named_gpiod_flags: can't parse 'vbus-detect-gpio' property of node '/ocp/target-module@47400000/usb-phy@1b00[0]'
[   16.379650] am335x-phy-driver 47401b00.usb-phy: using lookup tables for GPIO lookup
[   16.379665] am335x-phy-driver 47401b00.usb-phy: No GPIO consumer vbus-detect found
[   16.379923] am335x-phy-driver 47401b00.usb-phy: dummy supplies not allowed for exclusive requests (id=vbus)
[   16.392537] wkup_m3_ipc 44e11324.wkup_m3_ipc: IPC Request for A8->M3 Channel failed! -517
[   16.546860] wkup_m3_ipc 44e11324.wkup_m3_ipc: IPC Request for A8->M3 Channel failed! -517
[   16.642074] usbcore: registered new interface driver usbfs
[   16.647717] usbcore: registered new interface driver hub
[   16.653471] usbcore: registered new device driver usb
[   16.866064] tda998x 0-0070: found TDA19988
[   16.975354] wkup_m3_ipc 44e11324.wkup_m3_ipc: IPC Request for A8->M3 Channel failed! -517
[   17.225555] wkup_m3_ipc 44e11324.wkup_m3_ipc: IPC Request for A8->M3 Channel failed! -517
[   17.333239] musb-hdrc musb-hdrc.1: MUSB HDRC host driver
[   17.338665] musb-hdrc musb-hdrc.1: new USB bus registered, assigned bus number 1
[   17.370901] wkup_m3_ipc 44e11324.wkup_m3_ipc: IPC Request for A8->M3 Channel failed! -517
[   17.664757] usb usb1: New USB device found, idVendor=1d6b, idProduct=0002, bcdDevice= 6.12
[   17.674135] usb usb1: New USB device strings: Mfr=3, Product=2, SerialNumber=1
[   17.681413] usb usb1: Product: MUSB HDRC host driver
[   17.686533] usb usb1: Manufacturer: Linux 6.12.0-rc7-next-20241114 musb-hcd
[   17.693593] usb usb1: SerialNumber: musb-hdrc.1
[   17.816595] omap-mailbox 480c8000.mailbox: omap mailbox rev 0x400
[   17.952603] remoteproc remoteproc0: powering up wkup_m3
[   18.155799] remoteproc remoteproc0: Direct firmware load for am335x-pm-firmware.elf failed with error -2
[   18.165626] remoteproc remoteproc0: request_firmware failed: -2
[   18.171593] wkup_m3_ipc 44e11324.wkup_m3_ipc: rproc_boot failed
[   18.251243] hub 1-0:1.0: USB hub found
[   18.256545] hub 1-0:1.0: 1 port detected
[   20.687889] omap_rng 48310000.rng: Random Number Generator ver. 20
[   20.720268] tilcdc 4830e000.lcdc: bound 0-0070 (ops 0xbf0ae030)
[   20.782224] [drm] Initialized tilcdc 1.0.0 for 4830e000.lcdc on minor 0
[   20.855529] tilcdc 4830e000.lcdc: [drm] Cannot find any crtc or sizes
[   20.863870] tilcdc 4830e000.lcdc: [drm] Cannot find any crtc or sizes
[   21.489458] PM: Cannot get wkup_m3_ipc handle
[   21.537133] omap-sham 53100000.sham: hw accel on OMAP rev 4.3
[   21.674464] omap-sham 53100000.sham: will run requests pump with realtime priority
[   21.685468] PM: Cannot get wkup_m3_ipc handle
[   21.716788] omap-aes 53500000.aes: OMAP AES hw accel rev: 3.2
[   21.849700] omap-aes 53500000.aes: will run requests pump with realtime priority
[   21.860331] PM: Cannot get wkup_m3_ipc handle
[   23.512758] Bluetooth: Core ver 2.22
[   23.516608] NET: Registered PF_BLUETOOTH protocol family
[   23.522140] Bluetooth: HCI device and connection manager initialized
[   23.528560] Bluetooth: HCI socket layer initialized
[   23.533528] Bluetooth: L2CAP socket layer initialized
[   23.538668] Bluetooth: SCO socket layer initialized
[   25.434972] PM: Cannot get wkup_m3_ipc handle
[   25.440733] asoc-simple-card sound: using DT '/sound' for 'simple-audio-card,hp-det' GPIO lookup
[   25.440807] of_get_named_gpiod_flags: can't parse 'simple-audio-card,hp-det-gpios' property of node '/sound[0]'
[   25.440845] of_get_named_gpiod_flags: can't parse 'simple-audio-card,hp-det-gpio' property of node '/sound[0]'
[   25.440871] asoc-simple-card sound: using lookup tables for GPIO lookup
[   25.440886] asoc-simple-card sound: No GPIO consumer simple-audio-card,hp-det found
[   25.440901] asoc-simple-card sound: using DT '/sound' for 'simple-audio-card,mic-det' GPIO lookup
[   25.440927] of_get_named_gpiod_flags: can't parse 'simple-audio-card,mic-det-gpios' property of node '/sound[0]'
[   25.440953] of_get_named_gpiod_flags: can't parse 'simple-audio-card,mic-det-gpio' property of node '/sound[0]'
[   25.440974] asoc-simple-card sound: using lookup tables for GPIO lookup
[   25.440986] asoc-simple-card sound: No GPIO consumer simple-audio-card,mic-det found
[   25.546279] PM: Cannot get wkup_m3_ipc handle
[   28.259742] userial_init: registered 8 ttyGS* devices
[   28.486685] rndis_register: configNr = 0
[   28.577132] udc musb-hdrc.0: binding gadget driver [g_multi]
[   28.577238] configfs-gadget.g_multi gadget.0: adding 'rndis'/178bb037 to config 'c'/d029c046
[   28.578423] configfs-gadget.g_multi gadget.0: HOST MAC 1c:ba:8c:a2:ed:6c
[   28.585442] configfs-gadget.g_multi gadget.0: MAC 1c:ba:8c:a2:ed:70
[   28.591898] rndis_set_param_medium: 0 0
[   28.591923] configfs-gadget.g_multi gadget.0: RNDIS: IN/ep1in OUT/ep1out NOTIFY/ep2in
[   28.591941] configfs-gadget.g_multi gadget.0: adding 'cdc_ethernet'/8a084dcf to config 'c'/d029c046
[   28.592942] configfs-gadget.g_multi gadget.0: HOST MAC 1c:ba:8c:a2:ed:6c
[   28.599709] configfs-gadget.g_multi gadget.0: MAC 1c:ba:8c:a2:ed:6d
[   28.606175] configfs-gadget.g_multi gadget.0: CDC Ethernet: IN/ep3in OUT/ep2out NOTIFY/ep4in
[   28.606198] configfs-gadget.g_multi gadget.0: adding 'acm'/55172015 to config 'c'/d029c046
[   28.606235] configfs-gadget.g_multi gadget.0: acm ttyGS0: IN/ep5in OUT/ep3out NOTIFY/ep6in
[   28.612847] PM: Cannot get wkup_m3_ipc handle
[   29.750831] configfs-gadget.g_multi gadget.0: eth_open
[   30.895188] configfs-gadget.g_multi gadget.0: stop stats: rx/tx 0/0, errs 0/0
[   35.175836] gs_open: ttyGS0 (7d994ba3,c36264eb)
[   35.176001] gs_close: ttyGS0 (7d994ba3,c36264eb) ...
[   35.176026] gs_close: ttyGS0 (7d994ba3,c36264eb) done!
[   35.192943] gs_open: ttyGS0 (7d994ba3,c36264eb)
[   35.193063] gs_close: ttyGS0 (7d994ba3,c36264eb) ...
[   35.193087] gs_close: ttyGS0 (7d994ba3,c36264eb) done!
[   35.402657] gs_open: ttyGS0 (b59a8802,452754ac)
[   35.402863] gs_close: ttyGS0 (b59a8802,452754ac) ...
[   35.402890] gs_close: ttyGS0 (b59a8802,452754ac) done!
[   35.404922] gs_open: ttyGS0 (67ff23e5,c36264eb)
KOAZJYOJWS 0
root@arm:~# echo 'SJUV''LBPZHK'
SJUVLBPZHK
root@arm:~# MARKER='GPLU''WVZLLE' run 'modprobe test_linear_ranges'
GPLUWVZLLEGPLUWVZLLE 0
root@arm:~# echo 'ZKKZ''ZOPMPS'
ZKKZZOPMPS
root@arm:~# MARKER='FTTT''FUYFYL' run dmesg
FTTTFUYFYL[    0.000000] Booting Linux on physical CPU 0x0
[    0.000000] Linux version 6.12.0-rc7-next-20241114 (user01@drvtest01) (arm-linux-gnueabihf-gcc (Linaro GCC 6.4-2017.11) 6.4.1 20171012, GNU ld (Linaro_Binutils-2017.11) 2.27.0.20161229) #137 SMP Thu Nov 14 08:45:39 EET 2024
[    0.000000] CPU: ARMv7 Processor [413fc082] revision 2 (ARMv7), cr=10c5387d
[    0.000000] CPU: PIPT / VIPT nonaliasing data cache, VIPT aliasing instruction cache
[    0.000000] OF: fdt: Machine model: TI AM335x BeagleBone Black
[    0.000000] Memory policy: Data cache writeback
[    0.000000] cma: Reserved 16 MiB at 0x9e800000 on node -1
[    0.000000] Zone ranges:
[    0.000000]   Normal   [mem 0x0000000080000000-0x000000009fdfffff]
[    0.000000]   HighMem  empty
[    0.000000] Movable zone start for each node
[    0.000000] Early memory node ranges
[    0.000000]   node   0: [mem 0x0000000080000000-0x000000009fdfffff]
[    0.000000] Initmem setup node 0 [mem 0x0000000080000000-0x000000009fdfffff]
[    0.000000] OF: reserved mem: Reserved memory: No reserved-memory node in the DT
[    0.000000] CPU: All CPU(s) started in SVC mode.
[    0.000000] AM335X ES2.1 (sgx neon)
[    0.000000] percpu: Embedded 17 pages/cpu s39564 r8192 d21876 u69632
[    0.000000] pcpu-alloc: s39564 r8192 d21876 u69632 alloc=17*4096
[    0.000000] pcpu-alloc: [0] 0 
[    0.000000] Kernel command line: console=ttyO0,115200n8 root=/dev/nfs rw nfsroot=192.168.255.126:/home/user01/nfs,nfsvers=3 ip=192.168.255.1:192.168.255.126::255.255.255.0:bbb1:eth0 nfsrootdebug
[    0.000000] Unknown kernel command line parameters "nfsrootdebug", will be passed to user space.
[    0.000000] printk: log buffer data + meta data: 65536 + 204800 = 270336 bytes
[    0.000000] Dentry cache hash table entries: 65536 (order: 6, 262144 bytes, linear)
[    0.000000] Inode-cache hash table entries: 32768 (order: 5, 131072 bytes, linear)
[    0.000000] Built 1 zonelists, mobility grouping on.  Total pages: 130560
[    0.000000] mem auto-init: stack:off, heap alloc:off, heap free:off
[    0.000000] SLUB: HWalign=64, Order=0-3, MinObjects=0, CPUs=1, Nodes=1
[    0.000000] trace event string verifier disabled
[    0.000000] rcu: Hierarchical RCU implementation.
[    0.000000] rcu: 	RCU event tracing is enabled.
[    0.000000] rcu: 	RCU restricting CPUs from NR_CPUS=2 to nr_cpu_ids=1.
[    0.000000] 	Tracing variant of Tasks RCU enabled.
[    0.000000] rcu: RCU calculated value of scheduler-enlistment delay is 10 jiffies.
[    0.000000] rcu: Adjusting geometry for rcu_fanout_leaf=16, nr_cpu_ids=1
[    0.000000] RCU Tasks Trace: Setting shift to 0 and lim to 1 rcu_task_cb_adjust=1 rcu_task_cpu_ids=1.
[    0.000000] NR_IRQS: 16, nr_irqs: 16, preallocated irqs: 16
[    0.000000] IRQ: Found an INTC at 0x(ptrval) (revision 5.0) with 128 interrupts
[    0.000000] rcu: srcu_init: Setting srcu_struct sizes based on contention.
[    0.000000] TI gptimer clocksource: always-on /ocp/interconnect@44c00000/segment@200000/target-module@31000
[    0.000002] sched_clock: 32 bits at 24MHz, resolution 41ns, wraps every 89478484971ns
[    0.000027] clocksource: dmtimer: mask: 0xffffffff max_cycles: 0xffffffff, max_idle_ns: 79635851949 ns
[    0.000507] TI gptimer clockevent: 24000000 Hz at /ocp/interconnect@48000000/segment@0/target-module@40000
[    0.002154] Console: colour dummy device 80x30
[    0.002218] WARNING: Your 'console=ttyO0' has been replaced by 'ttyS0'
[    0.002227] This ensures that you still see kernel messages. Please
[    0.002232] update your kernel commandline.
[    0.002275] Calibrating delay loop... 996.14 BogoMIPS (lpj=4980736)
[    0.090554] CPU: Testing write buffer coherency: ok
[    0.090674] CPU0: Spectre v2: using BPIALL workaround
[    0.090685] pid_max: default: 32768 minimum: 301
[    0.090815] LSM: initializing lsm=capability
[    0.090992] Mount-cache hash table entries: 1024 (order: 0, 4096 bytes, linear)
[    0.091014] Mountpoint-cache hash table entries: 1024 (order: 0, 4096 bytes, linear)
[    0.092675] CPU0: thread -1, cpu 0, socket -1, mpidr 0
[    0.160924] Setting up static identity map for 0x80100000 - 0x80100078
[    0.170706] rcu: Hierarchical SRCU implementation.
[    0.170718] rcu: 	Max phase no-delay instances is 1000.
[    0.190770] smp: Bringing up secondary CPUs ...
[    0.190831] smp: Brought up 1 node, 1 CPU
[    0.190846] SMP: Total of 1 processors activated (996.14 BogoMIPS).
[    0.190859] CPU: All CPU(s) started in SVC mode.
[    0.191052] Memory: 480840K/522240K available (11264K kernel code, 1214K rwdata, 2896K rodata, 1024K init, 297K bss, 23388K reserved, 16384K cma-reserved, 0K highmem)
[    0.191924] devtmpfs: initialized
[    0.208699] VFP support v0.3: implementor 41 architecture 3 part 30 variant c rev 3
[    0.209047] clocksource: jiffies: mask: 0xffffffff max_cycles: 0xffffffff, max_idle_ns: 19112604462750000 ns
[    0.209079] futex hash table entries: 256 (order: 2, 16384 bytes, linear)
[    0.210386] pinctrl core: initialized pinctrl subsystem
[    0.213385] NET: Registered PF_NETLINK/PF_ROUTE protocol family
[    0.216226] DMA: preallocated 256 KiB pool for atomic coherent allocations
[    0.217131] audit: initializing netlink subsys (disabled)
[    0.218576] thermal_sys: Registered thermal governor 'fair_share'
[    0.218593] thermal_sys: Registered thermal governor 'step_wise'
[    0.218604] thermal_sys: Registered thermal governor 'user_space'
[    0.218760] audit: type=2000 audit(0.210:1): state=initialized audit_enabled=0 res=1
[    0.218799] cpuidle: using governor menu
[    0.237421] /ocp/interconnect@44c00000/segment@200000/target-module@b000/i2c@0/tda19988@70: Fixed dependency cycle(s) with /ocp/interconnect@48000000/segment@300000/target-module@e000/lcdc@0
[    0.238599] /ocp/interconnect@48000000/segment@300000/target-module@e000/lcdc@0: Fixed dependency cycle(s) with /ocp/interconnect@44c00000/segment@200000/target-module@b000/i2c@0/tda19988@70
[    0.240950] No ATAGs?
[    0.240973] hw-breakpoint: debug architecture 0x4 unsupported.
[    0.243751] kprobes: kprobe jump-optimization is enabled. All kprobes are optimized if possible.
[    0.254401] iommu: Default domain type: Translated
[    0.254425] iommu: DMA domain TLB invalidation policy: strict mode
[    0.261607] reg-fixed-voltage fixedregulator0: using DT '/fixedregulator0' for '(default)' GPIO lookup
[    0.261666] of_get_named_gpiod_flags: can't parse 'gpios' property of node '/fixedregulator0[0]'
[    0.261696] of_get_named_gpiod_flags: can't parse 'gpio' property of node '/fixedregulator0[0]'
[    0.261714] reg-fixed-voltage fixedregulator0: using lookup tables for GPIO lookup
[    0.261725] reg-fixed-voltage fixedregulator0: No GPIO consumer (default) found
[    0.262785] SCSI subsystem initialized
[    0.263293] libata version 3.00 loaded.
[    0.263650] pps_core: LinuxPPS API ver. 1 registered
[    0.263661] pps_core: Software ver. 5.3.6 - Copyright 2005-2007 Rodolfo Giometti <giometti@linux.it>
[    0.263686] PTP clock support registered
[    0.271284] vgaarb: loaded
[    0.271699] clocksource: Switched to clocksource dmtimer
[    0.272364] VFS: Disk quotas dquot_6.6.0
[    0.272406] VFS: Dquot-cache hash table entries: 1024 (order 0, 4096 bytes)
[    0.297355] NET: Registered PF_INET protocol family
[    0.297712] IP idents hash table entries: 8192 (order: 4, 65536 bytes, linear)
[    0.299128] tcp_listen_portaddr_hash hash table entries: 512 (order: 0, 4096 bytes, linear)
[    0.299166] Table-perturb hash table entries: 65536 (order: 6, 262144 bytes, linear)
[    0.299183] TCP established hash table entries: 4096 (order: 2, 16384 bytes, linear)
[    0.299226] TCP bind hash table entries: 4096 (order: 4, 65536 bytes, linear)
[    0.299325] TCP: Hash tables configured (established 4096 bind 4096)
[    0.299441] UDP hash table entries: 256 (order: 1, 8192 bytes, linear)
[    0.299468] UDP-Lite hash table entries: 256 (order: 1, 8192 bytes, linear)
[    0.299639] NET: Registered PF_UNIX/PF_LOCAL protocol family
[    0.302399] RPC: Registered named UNIX socket transport module.
[    0.302423] RPC: Registered udp transport module.
[    0.302429] RPC: Registered tcp transport module.
[    0.302434] RPC: Registered tcp-with-tls transport module.
[    0.302439] RPC: Registered tcp NFSv4.1 backchannel transport module.
[    0.302466] PCI: CLS 0 bytes, default 64
[    0.303951] Initialise system trusted keyrings
[    0.312026] workingset: timestamp_bits=14 max_order=17 bucket_order=3
[    0.313353] NFS: Registering the id_resolver key type
[    0.313430] Key type id_resolver registered
[    0.313438] Key type id_legacy registered
[    0.313490] jffs2: version 2.2. (NAND) (SUMMARY)  Â© 2001-2006 Red Hat, Inc.
[    0.313893] Key type asymmetric registered
[    0.313910] Asymmetric key parser 'x509' registered
[    0.313975] io scheduler mq-deadline registered
[    0.313986] io scheduler kyber registered
[    0.314057] io scheduler bfq registered
[    0.315684] ledtrig-cpu: registered to indicate activity on CPUs
[    0.322419] Serial: 8250/16550 driver, 6 ports, IRQ sharing enabled
[    0.373576] brd: module loaded
[    0.386770] loop: module loaded
[    0.387704] mtdoops: mtd device (mtddev=name/number) must be supplied
[    0.401309] mdio_bus fixed-0: using lookup tables for GPIO lookup
[    0.401336] mdio_bus fixed-0: No GPIO consumer reset found
[    0.402855] i2c_dev: i2c /dev entries driver
[    0.403852] cpuidle: enable-method property 'ti,am3352' found operations
[    0.404293] sdhci: Secure Digital Host Controller Interface driver
[    0.404304] sdhci: Copyright(c) Pierre Ossman
[    0.404475] sdhci-pltfm: SDHCI platform and OF driver helper
[    0.405475] Initializing XFRM netlink socket
[    0.405624] NET: Registered PF_INET6 protocol family
[    0.407676] Segment Routing with IPv6
[    0.407770] In-situ OAM (IOAM) with IPv6
[    0.407872] sit: IPv6, IPv4 and MPLS over IPv4 tunneling driver
[    0.408833] NET: Registered PF_PACKET protocol family
[    0.408866] NET: Registered PF_KEY protocol family
[    0.408992] Key type dns_resolver registered
[    0.409263] ThumbEE CPU extension supported.
[    0.409284] Registering SWP/SWPB emulation handler
[    0.409826] omap_voltage_late_init: Voltage driver support not added
[    0.410179] SmartReflex Class3 initialized
[    0.444109] Loading compiled-in X.509 certificates
[    0.493341] /ocp/interconnect@44c00000/segment@200000/target-module@b000/i2c@0/tda19988@70: Fixed dependency cycle(s) with /ocp/interconnect@48000000/segment@300000/target-module@e000/lcdc@0
[    0.499834] /ocp/interconnect@44c00000/segment@200000/target-module@b000/i2c@0/tda19988@70: Fixed dependency cycle(s) with /ocp/interconnect@48000000/segment@300000/target-module@e000/lcdc@0
[    0.505655] gpiochip_find_base_unlocked: found new base at 512
[    0.529765] /ocp/interconnect@44c00000/segment@200000/target-module@b000/i2c@0/tda19988@70: Fixed dependency cycle(s) with /ocp/interconnect@48000000/segment@300000/target-module@e000/lcdc@0
[    0.530623] /ocp/interconnect@44c00000/segment@200000/target-module@b000/i2c@0/tda19988@70: Fixed dependency cycle(s) with /ocp/interconnect@48000000/segment@300000/target-module@e000/lcdc@0
[    0.534378] /ocp/interconnect@44c00000/segment@200000/target-module@10000/scm@0/pinmux@800: Fixed dependency cycle(s) with /ocp/interconnect@44c00000/segment@200000/target-module@10000/scm@0/pinmux@800/clkout2-pins
[    0.534970] pinctrl-single 44e10800.pinmux: 142 pins, size 568
[    0.540264] ti-sysc 44e31000.target-module: probe with driver ti-sysc failed with error -16
[    0.572285] /ocp/interconnect@48000000/segment@300000/target-module@e000/lcdc@0: Fixed dependency cycle(s) with /ocp/interconnect@44c00000/segment@200000/target-module@b000/i2c@0/tda19988@70
[    0.580159] ti-sysc 48040000.target-module: probe with driver ti-sysc failed with error -16
[    0.591420] gpiochip_find_base_unlocked: found new base at 512
[    0.591524] gpio gpiochip0: (gpio-0-31): created GPIO range 0->7 ==> 44e10800.pinmux PIN 0->7
[    0.591544] gpio gpiochip0: (gpio-0-31): created GPIO range 8->11 ==> 44e10800.pinmux PIN 90->93
[    0.591559] gpio gpiochip0: (gpio-0-31): created GPIO range 12->27 ==> 44e10800.pinmux PIN 12->27
[    0.591574] gpio gpiochip0: (gpio-0-31): created GPIO range 28->31 ==> 44e10800.pinmux PIN 30->33
[    0.618374] gpio gpiochip0: (gpio-0-31): added GPIO chardev (254:0)
[    0.618522] gpio gpiochip0: registered GPIOs 512 to 543 on gpio-0-31
[    0.618609] OMAP GPIO hardware version 0.1
[    0.645230] i2c i2c-2: using DT '/ocp/interconnect@48000000/segment@100000/target-module@9c000/i2c@0' for 'scl' GPIO lookup
[    0.645304] of_get_named_gpiod_flags: can't parse 'scl-gpios' property of node '/ocp/interconnect@48000000/segment@100000/target-module@9c000/i2c@0[0]'
[    0.645348] of_get_named_gpiod_flags: can't parse 'scl-gpio' property of node '/ocp/interconnect@48000000/segment@100000/target-module@9c000/i2c@0[0]'
[    0.645385] i2c i2c-2: using lookup tables for GPIO lookup
[    0.645396] i2c i2c-2: No GPIO consumer scl found
[    0.645418] i2c i2c-2: using DT '/ocp/interconnect@48000000/segment@100000/target-module@9c000/i2c@0' for 'sda' GPIO lookup
[    0.645455] of_get_named_gpiod_flags: can't parse 'sda-gpios' property of node '/ocp/interconnect@48000000/segment@100000/target-module@9c000/i2c@0[0]'
[    0.645493] of_get_named_gpiod_flags: can't parse 'sda-gpio' property of node '/ocp/interconnect@48000000/segment@100000/target-module@9c000/i2c@0[0]'
[    0.645526] i2c i2c-2: using lookup tables for GPIO lookup
[    0.645534] i2c i2c-2: No GPIO consumer sda found
[    0.646269] omap_i2c 4819c000.i2c: bus 2 rev0.11 at 100 kHz
[    0.651655] gpiochip_find_base_unlocked: found new base at 544
[    0.651993] gpio gpiochip1: (gpio-32-63): created GPIO range 0->17 ==> 44e10800.pinmux PIN 34->51
[    0.652019] gpio gpiochip1: (gpio-32-63): created GPIO range 18->21 ==> 44e10800.pinmux PIN 77->80
[    0.652035] gpio gpiochip1: (gpio-32-63): created GPIO range 22->31 ==> 44e10800.pinmux PIN 56->65
[    0.663867] gpio gpiochip1: (gpio-32-63): added GPIO chardev (254:1)
[    0.664034] gpio gpiochip1: registered GPIOs 544 to 575 on gpio-32-63
[    0.666321] gpiochip_find_base_unlocked: found new base at 576
[    0.666414] gpio gpiochip2: (gpio-64-95): created GPIO range 0->4 ==> 44e10800.pinmux PIN 66->70
[    0.666434] gpio gpiochip2: (gpio-64-95): created GPIO range 5->6 ==> 44e10800.pinmux PIN 98->99
[    0.666449] gpio gpiochip2: (gpio-64-95): created GPIO range 7->8 ==> 44e10800.pinmux PIN 75->76
[    0.666464] gpio gpiochip2: (gpio-64-95): created GPIO range 13->13 ==> 44e10800.pinmux PIN 141->141
[    0.666481] gpio gpiochip2: (gpio-64-95): created GPIO range 14->21 ==> 44e10800.pinmux PIN 100->107
[    0.668126] gpio gpiochip2: (gpio-64-95): added GPIO chardev (254:2)
[    0.668297] gpio gpiochip2: registered GPIOs 576 to 607 on gpio-64-95
[    0.674098] 48000000.interconnect:segment@200000:target-module@0:mpu@0:fck: device ID is greater than 24
[    0.674983] /ocp/interconnect@48000000/segment@300000/target-module@e000/lcdc@0: Fixed dependency cycle(s) with /ocp/interconnect@44c00000/segment@200000/target-module@b000/i2c@0/tda19988@70
[    0.677777] /ocp/interconnect@48000000/segment@300000/target-module@e000/lcdc@0: Fixed dependency cycle(s) with /ocp/interconnect@44c00000/segment@200000/target-module@b000/i2c@0/tda19988@70
[    0.678472] /ocp/interconnect@44c00000/segment@200000/target-module@b000/i2c@0/tda19988@70: Fixed dependency cycle(s) with /ocp/interconnect@48000000/segment@300000/target-module@e000/lcdc@0
[    0.678635] /ocp/interconnect@48000000/segment@300000/target-module@e000/lcdc@0: Fixed dependency cycle(s) with /ocp/interconnect@44c00000/segment@200000/target-module@b000/i2c@0/tda19988@70
[    0.688282] mdio_bus 4a101000.mdio: using DT '/ocp/interconnect@4a000000/segment@0/target-module@100000/switch@0/mdio@1000' for 'reset' GPIO lookup
[    0.688371] of_get_named_gpiod_flags: can't parse 'reset-gpios' property of node '/ocp/interconnect@4a000000/segment@0/target-module@100000/switch@0/mdio@1000[0]'
[    0.688422] of_get_named_gpiod_flags: can't parse 'reset-gpio' property of node '/ocp/interconnect@4a000000/segment@0/target-module@100000/switch@0/mdio@1000[0]'
[    0.688471] mdio_bus 4a101000.mdio: using lookup tables for GPIO lookup
[    0.688482] mdio_bus 4a101000.mdio: No GPIO consumer reset found
[    0.689470] sdhci-omap 481d8000.mmc: using DT '/ocp/interconnect@48000000/segment@100000/target-module@d8000/mmc@0' for 'wp' GPIO lookup
[    0.689531] of_get_named_gpiod_flags: can't parse 'wp-gpios' property of node '/ocp/interconnect@48000000/segment@100000/target-module@d8000/mmc@0[0]'
[    0.689576] of_get_named_gpiod_flags: can't parse 'wp-gpio' property of node '/ocp/interconnect@48000000/segment@100000/target-module@d8000/mmc@0[0]'
[    0.689613] sdhci-omap 481d8000.mmc: using lookup tables for GPIO lookup
[    0.689624] sdhci-omap 481d8000.mmc: No GPIO consumer wp found
[    0.689820] sdhci-omap 481d8000.mmc: supply pbias not found, using dummy regulator
[    0.690330] sdhci-omap 481d8000.mmc: supply vqmmc not found, using dummy regulator
[    0.742478] davinci_mdio 4a101000.mdio: davinci mdio revision 1.6, bus freq 1000000
[    0.776301] mdio_bus 4a101000.mdio:00: using DT '/ocp/interconnect@4a000000/segment@0/target-module@100000/switch@0/mdio@1000/ethernet-phy@0' for 'reset' GPIO lookup
[    0.776407] of_get_named_gpiod_flags: parsed 'reset-gpios' property of node '/ocp/interconnect@4a000000/segment@0/target-module@100000/switch@0/mdio@1000/ethernet-phy@0[0]' - status (0)
[    0.776575] gpio gpiochip0: Persistence not supported for GPIO 8
[    0.911025] davinci_mdio 4a101000.mdio: phy[0]: device 4a101000.mdio:00, driver SMSC LAN8710/LAN8720
[    0.911940] cpsw-switch 4a100000.switch: initialized cpsw ale version 1.4
[    0.911967] cpsw-switch 4a100000.switch: ALE Table size 1024, Policers 0
[    0.912282] cpsw-switch 4a100000.switch: cpts: overflow check period 500 (jiffies)
[    0.912305] cpsw-switch 4a100000.switch: CPTS: ref_clk_freq:250000000 calc_mult:2147483648 calc_shift:29 error:0 nsec/sec
[    0.912419] cpsw-switch 4a100000.switch: Detected MACID = 6c:ec:eb:68:de:78
[    0.914238] cpsw-switch 4a100000.switch: initialized (regs 0x4a100000, pool size 256) hw_ver:0019010C 1.12 (0)
[    0.925346] debugfs: Directory '49000000.dma' with parent 'dmaengine' already present!
[    0.925388] edma 49000000.dma: TI EDMA DMA engine driver
[    0.965357] target-module@4b000000:target-module@140000:pmu@0:fck: device ID is greater than 24
[    0.999233] hw perfevents: enabled with armv7_cortex_a8 PMU driver, 5 (8000000f) counters available
[    1.000137] gpio-clk clk_mcasp0: using DT '/clk_mcasp0' for 'enable' GPIO lookup
[    1.000208] of_get_named_gpiod_flags: parsed 'enable-gpios' property of node '/clk_mcasp0[0]' - status (0)
[    1.000252] gpio gpiochip0: Persistence not supported for GPIO 27
[    1.001063] gpiochip_find_base_unlocked: found new base at 608
[    1.001173] gpio gpiochip3: (gpio-96-127): created GPIO range 0->7 ==> 44e10800.pinmux PIN 82->89
[    1.001193] gpio gpiochip3: (gpio-96-127): created GPIO range 8->11 ==> 44e10800.pinmux PIN 52->55
[    1.001210] gpio gpiochip3: (gpio-96-127): created GPIO range 12->15 ==> 44e10800.pinmux PIN 94->97
[    1.001226] gpio gpiochip3: (gpio-96-127): created GPIO range 16->17 ==> 44e10800.pinmux PIN 71->72
[    1.001242] gpio gpiochip3: (gpio-96-127): created GPIO range 18->18 ==> 44e10800.pinmux PIN 135->135
[    1.001258] gpio gpiochip3: (gpio-96-127): created GPIO range 19->20 ==> 44e10800.pinmux PIN 108->109
[    1.001275] gpio gpiochip3: (gpio-96-127): created GPIO range 21->21 ==> 44e10800.pinmux PIN 73->73
[    1.001292] gpio gpiochip3: (gpio-96-127): created GPIO range 22->23 ==> 44e10800.pinmux PIN 8->9
[    1.001309] gpio gpiochip3: (gpio-96-127): created GPIO range 26->27 ==> 44e10800.pinmux PIN 10->11
[    1.001327] gpio gpiochip3: (gpio-96-127): created GPIO range 28->28 ==> 44e10800.pinmux PIN 74->74
[    1.001344] gpio gpiochip3: (gpio-96-127): created GPIO range 29->29 ==> 44e10800.pinmux PIN 81->81
[    1.001363] gpio gpiochip3: (gpio-96-127): created GPIO range 30->31 ==> 44e10800.pinmux PIN 28->29
[    1.007064] l3-aon-clkctrl:0000:0: failed to disable
[    1.018428] gpio gpiochip3: (gpio-96-127): added GPIO chardev (254:3)
[    1.018602] gpio gpiochip3: registered GPIOs 608 to 639 on gpio-96-127
[    1.020524] omap8250 44e09000.serial: using DT '/ocp/interconnect@44c00000/segment@200000/target-module@9000/serial@0' for 'rs485-term' GPIO lookup
[    1.020597] of_get_named_gpiod_flags: can't parse 'rs485-term-gpios' property of node '/ocp/interconnect@44c00000/segment@200000/target-module@9000/serial@0[0]'
[    1.020644] of_get_named_gpiod_flags: can't parse 'rs485-term-gpio' property of node '/ocp/interconnect@44c00000/segment@200000/target-module@9000/serial@0[0]'
[    1.020682] omap8250 44e09000.serial: using lookup tables for GPIO lookup
[    1.020693] omap8250 44e09000.serial: No GPIO consumer rs485-term found
[    1.020703] omap8250 44e09000.serial: using DT '/ocp/interconnect@44c00000/segment@200000/target-module@9000/serial@0' for 'rs485-rx-during-tx' GPIO lookup
[    1.020740] of_get_named_gpiod_flags: can't parse 'rs485-rx-during-tx-gpios' property of node '/ocp/interconnect@44c00000/segment@200000/target-module@9000/serial@0[0]'
[    1.020778] of_get_named_gpiod_flags: can't parse 'rs485-rx-during-tx-gpio' property of node '/ocp/interconnect@44c00000/segment@200000/target-module@9000/serial@0[0]'
[    1.020812] omap8250 44e09000.serial: using lookup tables for GPIO lookup
[    1.020820] omap8250 44e09000.serial: No GPIO consumer rs485-rx-during-tx found
[    1.021203] 44e09000.serial: ttyS0 at MMIO 0x44e09000 (irq = 34, base_baud = 3000000) is a 8250
[    1.021291] printk: legacy console [ttyS0] enabled
[    2.483464] i2c i2c-0: using DT '/ocp/interconnect@44c00000/segment@200000/target-module@b000/i2c@0' for 'scl' GPIO lookup
[    2.483558] of_get_named_gpiod_flags: can't parse 'scl-gpios' property of node '/ocp/interconnect@44c00000/segment@200000/target-module@b000/i2c@0[0]'
[    2.483612] of_get_named_gpiod_flags: can't parse 'scl-gpio' property of node '/ocp/interconnect@44c00000/segment@200000/target-module@b000/i2c@0[0]'
[    2.483653] i2c i2c-0: using lookup tables for GPIO lookup
[    2.483668] i2c i2c-0: No GPIO consumer scl found
[    2.483694] i2c i2c-0: using DT '/ocp/interconnect@44c00000/segment@200000/target-module@b000/i2c@0' for 'sda' GPIO lookup
[    2.483736] of_get_named_gpiod_flags: can't parse 'sda-gpios' property of node '/ocp/interconnect@44c00000/segment@200000/target-module@b000/i2c@0[0]'
[    2.483779] of_get_named_gpiod_flags: can't parse 'sda-gpio' property of node '/ocp/interconnect@44c00000/segment@200000/target-module@b000/i2c@0[0]'
[    2.483817] i2c i2c-0: using lookup tables for GPIO lookup
[    2.483829] i2c i2c-0: No GPIO consumer sda found
[    2.502699] tps65217-pmic: Failed to locate of_node [id: -1]
[    2.508768] tps65217-bl: Failed to locate of_node [id: -1]
[    2.520190] tps65217 0-0024: TPS65217 ID 0xe version 1.2
[    2.526338] /ocp/interconnect@48000000/segment@300000/target-module@e000/lcdc@0: Fixed dependency cycle(s) with /ocp/interconnect@44c00000/segment@200000/target-module@b000/i2c@0/tda19988@70
[    2.543718] /ocp/interconnect@44c00000/segment@200000/target-module@b000/i2c@0/tda19988@70: Fixed dependency cycle(s) with /ocp/interconnect@48000000/segment@300000/target-module@e000/lcdc@0
[    2.561088] omap_i2c 44e0b000.i2c: bus 0 rev0.11 at 400 kHz
[    2.568923] sdhci-omap 48060000.mmc: using DT '/ocp/interconnect@48000000/segment@0/target-module@60000/mmc@0' for 'cd' GPIO lookup
[    2.569031] of_get_named_gpiod_flags: parsed 'cd-gpios' property of node '/ocp/interconnect@48000000/segment@0/target-module@60000/mmc@0[0]' - status (0)
[    2.569099] gpio gpiochip3: Persistence not supported for GPIO 6
[    2.569124] omap_gpio 44e07000.gpio: Could not set line 6 debounce to 200000 microseconds (-22)
[    2.578007] sdhci-omap 48060000.mmc: Got CD GPIO
[    2.582688] sdhci-omap 48060000.mmc: using DT '/ocp/interconnect@48000000/segment@0/target-module@60000/mmc@0' for 'wp' GPIO lookup
[    2.582739] of_get_named_gpiod_flags: can't parse 'wp-gpios' property of node '/ocp/interconnect@48000000/segment@0/target-module@60000/mmc@0[0]'
[    2.582784] of_get_named_gpiod_flags: can't parse 'wp-gpio' property of node '/ocp/interconnect@48000000/segment@0/target-module@60000/mmc@0[0]'
[    2.582825] sdhci-omap 48060000.mmc: using lookup tables for GPIO lookup
[    2.582840] sdhci-omap 48060000.mmc: No GPIO consumer wp found
[    2.583049] sdhci-omap 48060000.mmc: supply pbias not found, using dummy regulator
[    2.591845] sdhci-omap 481d8000.mmc: using DT '/ocp/interconnect@48000000/segment@100000/target-module@d8000/mmc@0' for 'wp' GPIO lookup
[    2.591946] of_get_named_gpiod_flags: can't parse 'wp-gpios' property of node '/ocp/interconnect@48000000/segment@100000/target-module@d8000/mmc@0[0]'
[    2.591998] of_get_named_gpiod_flags: can't parse 'wp-gpio' property of node '/ocp/interconnect@48000000/segment@100000/target-module@d8000/mmc@0[0]'
[    2.592039] sdhci-omap 481d8000.mmc: using lookup tables for GPIO lookup
[    2.592053] sdhci-omap 481d8000.mmc: No GPIO consumer wp found
[    2.593618] sdhci-omap 48060000.mmc: supply vqmmc not found, using dummy regulator
[    2.602421] sdhci-omap 481d8000.mmc: supply pbias not found, using dummy regulator
[    2.610401] sdhci-omap 481d8000.mmc: supply vqmmc not found, using dummy regulator
[    2.649160] mmc1: SDHCI controller on 481d8000.mmc [481d8000.mmc] using External DMA
[    2.658419] mmc0: SDHCI controller on 48060000.mmc [48060000.mmc] using External DMA
[    2.667234] cpsw-switch 4a100000.switch: starting ndev. mode: dual_mac
[    2.710979] mmc0: new high speed SDHC card at address 5048
[    2.718062] mmcblk0: mmc0:5048 SD16G 14.4 GiB
[    2.726234]  mmcblk0: p1 p2
[    2.729656] mmcblk0: p2 size 31221760 extends beyond EOD, truncated
[    2.742944] SMSC LAN8710/LAN8720 4a101000.mdio:00: attached PHY driver (mii_bus:phy_addr=4a101000.mdio:00, irq=POLL)
[    2.755590] mmc1: new high speed MMC card at address 0001
[    2.766730] mmcblk1: mmc1:0001 MMC04G 3.60 GiB
[    2.774199]  mmcblk1: p1 p2
[    2.778435] mmcblk1boot0: mmc1:0001 MMC04G 2.00 MiB
[    2.785839] mmcblk1boot1: mmc1:0001 MMC04G 2.00 MiB
[    2.793232] mmcblk1rpmb: mmc1:0001 MMC04G 128 KiB, chardev (250:0)
[    5.922487] cpsw-switch 4a100000.switch eth0: Link is Up - 100Mbps/Full - flow control off
[    5.961938] IP-Config: Complete:
[    5.965217]      device=eth0, hwaddr=6c:ec:eb:68:de:78, ipaddr=192.168.255.1, mask=255.255.255.0, gw=255.255.255.255
[    5.975882]      host=bbb1, domain=, nis-domain=(none)
[    5.981052]      bootserver=192.168.255.126, rootserver=192.168.255.126, rootpath=
[    5.981482] clk: Disabling unused clocks
[    5.993328] PM: genpd: Disabling unused power domains
[    5.998447] KTAP version 1
[    6.001169] 1..0
[    6.035046] VFS: Mounted root (nfs filesystem) on device 0:17.
[    6.041994] devtmpfs: mounted
[    6.046850] Freeing unused kernel image (initmem) memory: 1024K
[    6.053607] Run /sbin/init as init process
[    6.057740]   with arguments:
[    6.057753]     /sbin/init
[    6.057764]     nfsrootdebug
[    6.057774]   with environment:
[    6.057783]     HOME=/
[    6.057792]     TERM=linux
[    6.770797] systemd[1]: System time before build time, advancing clock.
[    8.201722] random: crng init done
[    8.243365] systemd[1]: systemd 232 running in system mode. (+PAM +AUDIT +SELINUX +IMA +APPARMOR +SMACK +SYSVINIT +UTMP +LIBCRYPTSETUP +GCRYPT +GNUTLS +ACL +XZ +LZ4 +SECCOMP +BLKID +ELFUTILS +KMOD +IDN)
[    8.262549] systemd[1]: Detected architecture arm.
[    8.294804] systemd[1]: Set hostname to <arm>.
[    9.396161] systemd[1]: Listening on udev Control Socket.
[    9.422828] systemd[1]: Listening on Journal Audit Socket.
[    9.453748] systemd[1]: Listening on Syslog Socket.
