Labgrid Console Logfile for main
Logfile started at 2025-10-28 06:34:19.889392
=== Log starts here ===
reading args
spl_load_image_fat_os: error reading image args, err - -1
reading u-boot.img
reading u-boot.img


U-Boot 2014.04-00014-g47880f5 (Apr 22 2014 - 13:23:54)

I2C:   ready
DRAM:  512 MiB
NAND:  0 MiB
MMC:   OMAP SD/MMC: 0, OMAP SD/MMC: 1
*** Warning - readenv() failed, using default environment

Net:   <ethaddr> not set. Validating first E-fuse MAC
cpsw, usb_ether
Hit any key to stop autoboot:  1  0 
gpio: pin 53 (gpio 53) value is 1
mmc0 is current device
gpio: pin 54 (gpio 54) value is 1
SD/MMC found on device 0
reading uEnv.txt
569 bytes read in 4 ms (138.7 KiB/s)
gpio: pin 55 (gpio 55) value is 1
Loaded environment from uEnv.txt
Importing environment from mmc ...
Checking if uenvcmd is set ...
gpio: pin 56 (gpio 56) value is 1
Running uenvcmd ...
cpsw Waiting for PHY auto negotiation to complete. done
link up on port 0, speed 100, full duplex
Using cpsw device
TFTP from server 192.168.255.126; our IP address is 192.168.255.1
Filename 'zImage'.
Load address: 0x81000000
Loading: *#################################################################
	 #################################################################
	 #################################################################
	 #################################################################
	 #################################################################
	 ################################################################
	 2.4 MiB/s
done
Bytes transferred = 5699544 (56f7d8 hex)
link up on port 0, speed 100, full duplex
Using cpsw device
TFTP from server 192.168.255.126; our IP address is 192.168.255.1
Filename 'am335x-boneblack.dtb'.
Load address: 0x82000000
Loading: *#######
	 2.3 MiB/s
done
Bytes transferred = 98148 (17f64 hex)
Kernel image @ 0x81000000 [ 0x000000 - 0x56f7d8 ]
## Flattened Device Tree blob at 82000000
   Booting using the fdt blob at 0x82000000
   Using Device Tree in place at 82000000, end 8201af63

Starting kernel ...

[    0.000000] Booting Linux on physical CPU 0x0
[    0.000000] Linux version 6.18.0-rc3-next-20251028 (user01@drvtest01) (arm-none-eabi-gcc (Arm GNU Toolchain 14.2.Rel1 (Build arm-14.52)) 14.2.1 20241119, GNU ld (Arm GNU Toolchain 14.2.Rel1 (Build arm-14.52)) 2.43.1.20241119) #1 SMP Tue Oct 28 06:31:39 EET 2025
[    0.000000] CPU: ARMv7 Processor [413fc082] revision 2 (ARMv7), cr=10c5387d
[    0.000000] CPU: PIPT / VIPT nonaliasing data cache, VIPT aliasing instruction cache
[    0.000000] OF: fdt: Machine model: TI AM335x BeagleBone Black
[    0.000000] Memory policy: Data cache writeback
[    0.000000] cma: Reserved 16 MiB at 0x9e800000
[    0.000000] Zone ranges:
[    0.000000]   Normal   [mem 0x0000000080000000-0x000000009fdfffff]
[    0.000000]   HighMem  empty
[    0.000000] Movable zone start for each node
[    0.000000] Early memory node ranges
[    0.000000]   node   0: [mem 0x0000000080000000-0x000000009fdfffff]
[    0.000000] Initmem setup node 0 [mem 0x0000000080000000-0x000000009fdfffff]
[    0.000000] On node 0, zone Normal: 512 pages in unavailable ranges
[    0.000000] OF: reserved mem: Reserved memory: No reserved-memory node in the DT
[    0.000000] CPU: All CPU(s) started in SVC mode.
[    0.000000] AM335X ES2.1 (sgx neon)
[    0.000000] percpu: Embedded 17 pages/cpu s40012 r8192 d21428 u69632
[    0.000000] Kernel command line: console=ttyO0,115200n8 root=/dev/nfs rw nfsroot=192.168.255.126:/home/user01/nfs,nfsvers=3 ip=192.168.255.1:192.168.255.126::255.255.255.0:bbb1:eth0 nfsrootdebug
[    0.000000] Unknown kernel command line parameters "nfsrootdebug", will be passed to user space.
[    0.000000] printk: log buffer data + meta data: 65536 + 204800 = 270336 bytes
[    0.000000] Dentry cache hash table entries: 65536 (order: 6, 262144 bytes, linear)
[    0.000000] Inode-cache hash table entries: 32768 (order: 5, 131072 bytes, linear)
[    0.000000] Built 1 zonelists, mobility grouping on.  Total pages: 130560
[    0.000000] mem auto-init: stack:off, heap alloc:off, heap free:off
[    0.000000] SLUB: HWalign=16, Order=0-3, MinObjects=0, CPUs=1, Nodes=1
[    0.000000] rcu: Hierarchical RCU implementation.
[    0.000000] rcu: 	RCU event tracing is enabled.
[    0.000000] rcu: 	RCU restricting CPUs from NR_CPUS=2 to nr_cpu_ids=1.
[    0.000000] 	Tracing variant of Tasks RCU enabled.
[    0.000000] rcu: RCU calculated value of scheduler-enlistment delay is 10 jiffies.
[    0.000000] rcu: Adjusting geometry for rcu_fanout_leaf=16, nr_cpu_ids=1
[    0.000000] RCU Tasks Trace: Setting shift to 0 and lim to 1 rcu_task_cb_adjust=1 rcu_task_cpu_ids=1.
[    0.000000] NR_IRQS: 16, nr_irqs: 16, preallocated irqs: 16
[    0.000000] IRQ: Found an INTC at 0x(ptrval) (revision 5.0) with 128 interrupts
[    0.000000] rcu: srcu_init: Setting srcu_struct sizes based on contention.
[    0.000000] TI gptimer clocksource: always-on /ocp/interconnect@44c00000/segment@200000/target-module@31000
[    0.000003] sched_clock: 32 bits at 24MHz, resolution 41ns, wraps every 89478484971ns
[    0.000027] clocksource: dmtimer: mask: 0xffffffff max_cycles: 0xffffffff, max_idle_ns: 79635851949 ns
[    0.000496] TI gptimer clockevent: 24000000 Hz at /ocp/interconnect@48000000/segment@0/target-module@40000
[    0.002060] Console: colour dummy device 80x30
[    0.002126] WARNING: Your 'console=ttyO0' has been replaced by 'ttyS0'
[    0.002133] This ensures that you still see kernel messages. Please
[    0.002138] update your kernel commandline.
[    0.002181] Calibrating delay loop... 996.14 BogoMIPS (lpj=4980736)
[    0.090609] CPU: Testing write buffer coherency: ok
[    0.090691] CPU0: Spectre v2: using BPIALL workaround
[    0.090700] pid_max: default: 32768 minimum: 301
[    0.091002] Mount-cache hash table entries: 1024 (order: 0, 4096 bytes, linear)
[    0.091025] Mountpoint-cache hash table entries: 1024 (order: 0, 4096 bytes, linear)
[    0.092606] CPU0: thread -1, cpu 0, socket -1, mpidr 0
[    0.092664] cacheinfo: Unable to detect cache hierarchy for CPU 0
[    0.094703] Setting up static identity map for 0x80100000 - 0x80100078
[    0.095016] rcu: Hierarchical SRCU implementation.
[    0.095028] rcu: 	Max phase no-delay instances is 1000.
[    0.096720] smp: Bringing up secondary CPUs ...
[    0.096773] smp: Brought up 1 node, 1 CPU
[    0.096786] SMP: Total of 1 processors activated (996.14 BogoMIPS).
[    0.096797] CPU: All CPU(s) started in SVC mode.
[    0.096994] Memory: 480992K/522240K available (11264K kernel code, 1226K rwdata, 2952K rodata, 1024K init, 256K bss, 23336K reserved, 16384K cma-reserved, 0K highmem)
[    0.097813] devtmpfs: initialized
[    0.115373] VFP support v0.3: implementor 41 architecture 3 part 30 variant c rev 3
[    0.116049] clocksource: jiffies: mask: 0xffffffff max_cycles: 0xffffffff, max_idle_ns: 19112604462750000 ns
[    0.116111] posixtimers hash table entries: 512 (order: 0, 4096 bytes, linear)
[    0.116136] futex hash table entries: 256 (16384 bytes on 1 NUMA nodes, total 16 KiB, linear).
[    0.119345] NET: Registered PF_NETLINK/PF_ROUTE protocol family
[    0.122450] DMA: preallocated 256 KiB pool for atomic coherent allocations
[    0.123055] audit: initializing netlink subsys (disabled)
[    0.124400] thermal_sys: Registered thermal governor 'fair_share'
[    0.124417] thermal_sys: Registered thermal governor 'step_wise'
[    0.124426] thermal_sys: Registered thermal governor 'user_space'
[    0.124538] audit: type=2000 audit(0.120:1): state=initialized audit_enabled=0 res=1
[    0.124606] cpuidle: using governor menu
[    0.142847] /ocp/interconnect@44c00000/segment@200000/target-module@b000/i2c@0/tda19988@70: Fixed dependency cycle(s) with /ocp/interconnect@48000000/segment@300000/target-module@e000/lcdc@0
[    0.143929] /ocp/interconnect@48000000/segment@300000/target-module@e000/lcdc@0: Fixed dependency cycle(s) with /ocp/interconnect@44c00000/segment@200000/target-module@b000/i2c@0/tda19988@70
[    0.146132] No ATAGs?
[    0.146169] hw-breakpoint: debug architecture 0x4 unsupported.
[    0.149246] kprobes: kprobe jump-optimization is enabled. All kprobes are optimized if possible.
[    0.164083] iommu: Default domain type: Translated
[    0.164109] iommu: DMA domain TLB invalidation policy: strict mode
[    0.171386] SCSI subsystem initialized
[    0.172246] pps_core: LinuxPPS API ver. 1 registered
[    0.172257] pps_core: Software ver. 5.3.6 - Copyright 2005-2007 Rodolfo Giometti <giometti@linux.it>
[    0.172280] PTP clock support registered
[    0.174279] vgaarb: loaded
[    0.180825] clocksource: Switched to clocksource dmtimer
[    0.181526] VFS: Disk quotas dquot_6.6.0
[    0.181588] VFS: Dquot-cache hash table entries: 1024 (order 0, 4096 bytes)
[    0.209372] NET: Registered PF_INET protocol family
[    0.209708] IP idents hash table entries: 8192 (order: 4, 65536 bytes, linear)
[    0.211123] tcp_listen_portaddr_hash hash table entries: 512 (order: 0, 4096 bytes, linear)
[    0.211161] Table-perturb hash table entries: 65536 (order: 6, 262144 bytes, linear)
[    0.211180] TCP established hash table entries: 4096 (order: 2, 16384 bytes, linear)
[    0.211226] TCP bind hash table entries: 4096 (order: 4, 65536 bytes, linear)
[    0.211326] TCP: Hash tables configured (established 4096 bind 4096)
[    0.211450] UDP hash table entries: 256 (order: 1, 14336 bytes, linear)
[    0.211482] UDP-Lite hash table entries: 256 (order: 1, 14336 bytes, linear)
[    0.211685] NET: Registered PF_UNIX/PF_LOCAL protocol family
[    0.212962] RPC: Registered named UNIX socket transport module.
[    0.212983] RPC: Registered udp transport module.
[    0.212988] RPC: Registered tcp transport module.
[    0.212993] RPC: Registered tcp-with-tls transport module.
[    0.212998] RPC: Registered tcp NFSv4.1 backchannel transport module.
[    0.213021] PCI: CLS 0 bytes, default 64
[    0.214437] Initialise system trusted keyrings
[    0.225061] workingset: timestamp_bits=14 max_order=17 bucket_order=3
[    0.226476] NFS: Registering the id_resolver key type
[    0.226549] Key type id_resolver registered
[    0.226556] Key type id_legacy registered
[    0.226674] jffs2: version 2.2. (NAND) (SUMMARY)  Â© 2001-2006 Red Hat, Inc.
[    0.227144] Key type asymmetric registered
[    0.227163] Asymmetric key parser 'x509' registered
[    0.227238] io scheduler mq-deadline registered
[    0.227250] io scheduler kyber registered
[    0.227332] io scheduler bfq registered
[    0.229255] target-module@4b000000:target-module@140000:pmu@0:fck: device ID is greater than 24
[    0.230453] ledtrig-cpu: registered to indicate activity on CPUs
[    0.245173] Serial: 8250/16550 driver, 6 ports, IRQ sharing enabled
[    0.285373] brd: module loaded
[    0.307101] loop: module loaded
[    0.308043] mtdoops: mtd device (mtddev=name/number) must be supplied
[    0.311047] i2c_dev: i2c /dev entries driver
[    0.312079] cpuidle: enable-method property 'ti,am3352' found operations
[    0.312526] sdhci: Secure Digital Host Controller Interface driver
[    0.312536] sdhci: Copyright(c) Pierre Ossman
[    0.312719] sdhci-pltfm: SDHCI platform and OF driver helper
[    0.314260] hw perfevents: enabled with armv7_cortex_a8 PMU driver, 5 (8000000f) counters available
[    0.314951] Initializing XFRM netlink socket
[    0.315126] NET: Registered PF_INET6 protocol family
[    0.317178] Segment Routing with IPv6
[    0.317261] In-situ OAM (IOAM) with IPv6
[    0.317357] sit: IPv6, IPv4 and MPLS over IPv4 tunneling driver
[    0.318331] NET: Registered PF_PACKET protocol family
[    0.318361] NET: Registered PF_KEY protocol family
[    0.318492] Key type dns_resolver registered
[    0.318717] ThumbEE CPU extension supported.
[    0.318738] Registering SWP/SWPB emulation handler
[    0.319263] omap_voltage_late_init: Voltage driver support not added
[    0.319935] SmartReflex Class3 initialized
[    0.350962] Loading compiled-in X.509 certificates
[    0.396909] /ocp/interconnect@44c00000/segment@200000/target-module@b000/i2c@0/tda19988@70: Fixed dependency cycle(s) with /ocp/interconnect@48000000/segment@300000/target-module@e000/lcdc@0
[    0.403322] /ocp/interconnect@44c00000/segment@200000/target-module@b000/i2c@0/tda19988@70: Fixed dependency cycle(s) with /ocp/interconnect@48000000/segment@300000/target-module@e000/lcdc@0
[    0.431087] /ocp/interconnect@44c00000/segment@200000/target-module@b000/i2c@0/tda19988@70: Fixed dependency cycle(s) with /ocp/interconnect@48000000/segment@300000/target-module@e000/lcdc@0
[    0.431984] /ocp/interconnect@44c00000/segment@200000/target-module@b000/i2c@0/tda1 9988@70: Fixed dependency cycle(s) with /ocp/interconnect@48000000/segment@300000/target-module@e000/lcdc@0
[    0.435808] /ocp/interconnect@44c00000/segment@200000/target-module@10000/scm@0/pinmux@800: Fixed dependency cycle(s) with /ocp/interconnect@44c00000/segment@200000/target-module@10000/scm@0/pinmux@800/clkout2-pins
[    0.436405] pinctrl-single 44e10800.pinmux: 142 pins, size 568
[    0.441847] ti-sysc 44e31000.target-module: probe with driver ti-sysc failed with error -16
[    0.481618] /ocp /interconnect@48000000/segment@300000/target-module@e000/lcdc@0: Fixed dependency cycle(s) with /ocp/interconnect@44c00000/segment@200000/target-module@b000/i2c@0/tda19988@70
[    0.489986] ti-sysc 48040000.target-module: probe with driver ti-sysc failed with error -16
[    0.529842] OMAP GPIO hardware version 0.1
[    0.583806] omap_i2c 4819c000.i2c: bus 2 rev0.11 at 100 kHz
[    0.600062] 48000000.interconnect:segment@200000:target-module@0:mpu@0:fck: device ID is greater than 24
[    0.600953] /ocp/interconnect@48000000/segment@300000/target-module@e000/lcdc@0: Fixed dependency cycle(s) with /ocp/interconnect@44c00000/segment@200000/target-module@b000/i2c@0/tda19988@70
[    0.603781] /ocp/interconnect@48000000/segment@300000/target-module@e000/lcdc@0: Fixed dependency cycle(s) with /ocp/interconnect@44c00000/segment@200000/target-module@b000/i2c@0/tda19988@70
[    0.604500] /ocp/interconnect@44c00000/segment@200000/target-module@b000/i2c@0/tda19988@70: Fixed dependency cycle(s) with /ocp/interconnect@48000000/segment@300000/target-module@e000/lcdc@0
[    0.604830] /ocp/interconnect@48000000/segment@300000/target-module@e000/lcdc@0: Fixed dependency cycle(s) with /ocp/interconnect@44c00000/segment@200000/target-module@b000/i2c@0/tda19988@70
[    0.612537] sdhci-omap 481d8000.mmc: supply pbias not found, using dummy regulator
[    0.613022] sdhci-omap 481d8000.mmc: supply vqmmc not found, using dummy regulator
[    0.684945] davinci_mdio 4a101000.mdio: davinci mdio revision 1.6, bus freq 1000000
[   
[    2.435605] tps65217-pmic: Failed to locate of_node [id: -1]
[    2.441669] tps65217-bl: Failed to locate of_node [id: -1]
[    2.449107] platform tps65217-charger: DMA mask not set
[    2.456146] platform tps65217-pwrbutton: DMA mask not set
[    2.463929] tps65217 0-0024: TPS65217 ID 0xe version 1.2
[    2.470014] /ocp/interconnect@48000000/segment@300000/target-module@e000/lcdc@0: Fixed dependency cycle(s) with /ocp/interconnect@44c00000/segment@200000/target-module@b000/i2c@0/tda19988@70
[    2.487428] /ocp/interconnect@44c00000/segment@200000/target-module@b000/i2c@0/tda19988@70: Fixed dependency cycle(s) with /ocp/interconnect@48000000/segment@300000/target-module@e000/lcdc@0
[    2.504832] omap_i2c 44e0b000.i2c: bus 0 rev0.11 at 400 kHz
[    2.512859] omap_gpio 44e07000.gpio: Could not set line 6 debounce to 200000 microseconds (-22)
[    2.521749] sdhci-omap 48060000.mmc: Got CD GPIO
[    2.526804] sdhci-omap 48060000.mmc: supply pbias not found, using dummy regulator
[    2.536940] sdhci-omap 48060000.mmc: supply vqmmc not found, using dummy regulator
[    2.546224] sdhci-omap 481d8000.mmc: supply pbias not found, using dummy regulator
[    2.554230] sdhci-omap 481d8000.mmc: supply vqmmc not found, using dummy regulator
[    2.591343] mmc1: SDHCI controller on 481d8000.mmc [481d8000.mmc] using External DMA
[    2.600401] mmc0: SDHCI controller on 48060000.mmc [48060000.mmc] using External DMA
[    2.609315] cpsw-switch 4a100000.switch: starting ndev. mode: dual_mac
[    2.674900] mmc1: new high speed MMC card at address 0001
[    2.681724] mmcblk1: mmc1:0001 MMC04G 3.60 GiB
[    2.689608]  mmcblk1: p1 p2
[    2.693352] SMSC LAN8710/LAN8720 4a101000.mdio:00: attached PHY driver (mii_bus:phy_addr=4a101000.mdio:00, irq=POLL)
[    2.706019] mmcblk1boot0: mmc1:0001 MMC04G 2.00 MiB
[    2.719857] mmcblk1boot1: mmc1:0001 MMC04G 2.00 MiB
[    2.728554] mmcblk1rpmb: mmc1:0001 MMC04G 128 KiB, chardev (249:0)
[    2.778164] mmc0: new high speed SDHC card at address aaaa
[    2.785109] mmcblk0: mmc0:aaaa SE32G 29.7 GiB
[    2.794181]  mmcblk0: p1 p2
[    5.845385] cpsw-switch 4a100000.switch eth0: Link is Up - 100Mbps/Full - flow control off
[    5.874637] IP-Config: Complete:
[    5.877908]      device=eth0, hwaddr=6c:ec:eb:68:de:78, ipaddr=192.168.255.1, mask=255.255.255.0, gw=255.255.255.255
[    5.888559]      host=bbb1, domain=, nis-domain=(none)
[    5.893728]      bootserver=192.168.255.126, rootserver=192.168.255.126, rootpath=
[    5.894150] clk: Disabling unused clocks
[    5.906004] PM: genpd: Disabling unused power domains
[    5.911172] KTAP version 1
[    5.913898] 1..0
[    5.916702] check access for rdinit=/init failed: -2, ignoring
[    5.953182] VFS: Mounted root (nfs filesystem) on device 0:17.
[    5.960288] devtmpfs: mounted
[    5.964917] Freeing unused kernel image (initmem) memory: 1024K
[    5.971656] Run /sbin/init as init process
[    6.649873] systemd[1]: System time before build time, advancing clock.
[    8.164651] random: crng init done
[    8.177430] systemd[1]: systemd 232 running in system mode. (+PAM +AUDIT +SELINUX +IMA +APPARMOR +SMACK +SYSVINIT +UTMP +LIBCRYPTSETUP +GCRYPT +GNUTLS +ACL +XZ +LZ4 +SECCOMP +BLKID +ELFUTILS +KMOD +IDN)
[    8.196547] systemd[1]: Detected architecture arm.

Welcome to [1mDebian GNU/Linux 9 (stretch)[0m!

[    8.227785] systemd[1]: Set hostname to <arm>.
[    9.325965] systemd[1]: Reached target Swap.
[[0;32m  OK  [0m] Reached target Swap.
[    9.347741] systemd[1]: Listening on udev Kernel Socket.
[[0;32m  OK  [0m] Listening on udev Kernel Socket.
[    9.376377] systemd[1]: Set up automount Arbitrary Executable File Formats File System Automount Point.
[[0;32m  OK  [0m] Set up automount Arbitrary Executabâ€¦rmats File System Automount Point.
[    9.406645] systemd[1]: Listening on /dev/initctl Compatibility Named Pipe.
[[0;32m  OK  [0m] Listening on /dev/initctl Compatibility Named Pipe.
[    9.436444] systemd[1]: systemd-journald.socket: SO_PASSSEC failed: Operation not supported
[    9.445478] systemd[1]: systemd-journald.socket: SO_PASSSEC failed: Operation not supported
[    9.454068] systemd[1]: Listening on Journal Socket.
[[0;32m  OK  [0m] Listening on Journal Socket.
[[0;32m  OK  [0m] Created slice System Slice.
         Mounting POSIX Message Queue File System...
         Starting Create list of required stâ€¦ce nodes for the current kernel...
[[0;32m  OK  [0m] Created slice User and Session Slice.
[[0;32m  OK  [0m] Listening on Journal Audit Socket.
[[0;32m  OK  [0m] Created slice system-getty.slice.
[[0;32m  OK  [0m] Reached target Remote File Systems.
[[0;32m  OK  [0m] Listening on udev Control Socket.
         Starting Load Kernel Modules...
[[0;32m  OK  [0m] Listening on Journal Socket (/dev/log).
         Starting Remount Root and Kernel File Systems...
         Mounting Debug File System...
[[0;32m  OK  [0m] Started Dispatch Password Requests to Console Directory Watch.
[[0;32m  OK  [0m] Created slice system-serial\x2dgetty.slice.
[[0;32m  OK  [0m] Started Forward Password Requests to Wall Directory Watch.
[[0;32m  OK  [0m] Reached target Paths.
[[0;32m  OK  [0m] Reached target Encrypted Volumes.
[[0;32m  OK  [0m] Listening on Syslog Socket.
         Starting Journal Service...
[[0;32m  OK  [0m] Reached target Slices.
[[0;32m  OK  [0m] Mounted POSIX Message Queue File System.
[[0;32m  OK  [0m] Mounted Debug File System.
[[0;32m  OK  [0m] Started Create list of required staâ€¦vice nodes for the current kernel.
[[0;32m  OK  [0m] Started Remount Root and Kernel File Systems.
[[0;32m  OK  [0m] Started Load Kernel Modules.
         Starting Apply Kernel Variables...
         Mounting Configuration File System...
         Starting udev Coldplug all Devices...
         Starting Load/Save Random Seed...
         Starting Create Static Device Nodes in /dev...
[[0;32m  OK  [0m] Mounted Configuration File System.
[[0;32m  OK  [0m] Started Apply Kernel Variables.
[[0;32m  OK  [0m] Started Load/Save Random Seed.
[[0;32m  OK  [0m] Started Create Static Device Nodes in /dev.
[[0;32m  OK  [0m] Reached target Local File Systems (Pre).
[[0;32m  OK  [0m] Reached target Local File Systems.
         Starting Raise network interfaces...
         Starting udev Kernel Device Manager...
[[0;32m  OK  [0m] Started Journal Service.
         Starting Flush Journal to Persistent Storage...
[   11.627929] systemd-journald[89]: Received request to flush runtime journal from PID 1
[[0;32m  OK  [0m] Started Flush Journal to Persistent Storage.
         Starting Create Volatile Files and Directories...
[[0;32m  OK  [0m] Started udev Kernel Device Manager.
[   12.647682] omap_prm 44e00d00.prm: sync_state() pending due to 44d00000.cpu
[[0;32m  OK  [0m] Started Create Volatile Files and Directories.
         Starting Network Time Synchronization...
         Starting Update UTMP about System Boot/Shutdown...
[[0;32m  OK  [0m] Started Update UTMP about System Boot/Shutdown.
[[0;32m  OK  [0m] Started udev Coldplug all Devices.
[   14.836772] remoteproc remoteproc0: wkup_m3 is available
[   15.082299] omap_rtc 44e3e000.rtc: registered as rtc0
[   15.087640] omap_rtc 44e3e000.rtc: setting system clock to 2000-01-01T00:00:00 UTC (946684800)
[   15.125107] omap_wdt: OMAP Watchdog Timer Rev 0x01: initial timeout 60 sec
[[0;32m  OK  [0m] Found device /dev/ttyS0.
[[0;32m  OK  [0m] Started Network Time Synchronization.
[[0;32m  OK  [0m] Reached target System Initialization.
[   15.374549] input: tps65217_pwrbutton as /devices/platform/ocp/44c00000.interconnect/44c00000.interconnect:segment@200000/44e0b000.target-module/44e0b000.i2c/i2c-0/0-0024/tps65217-pwrbutton/input/input0
[[0;32m  OK  [0m] Listening on Avahi mDNS/DNS-SD Stack Activation Socket.
[   15.428570] at24 2-0054: supply vcc not found, using dummy regulator
[[0;32m  OK  [0m] Listening on D-Bus System Message Bus Socket.
[[0;32m  OK  [0m] Reached target Sockets.
[[0;32m  OK  [0m] Reached target Basic System.
[   15.577860] at24 2-0055: supply vcc not found, using dummy regulator
         Starting DUN service...
[   15.701281] am335x-phy-driver 47401300.usb-phy: dummy supplies not allowed for exclusive requests (id=vbus)
[   15.712457] at24 2-0056: supply vcc not found, using dummy regulator
[   15.845856] at24 2-0057: supply vcc not found, using dummy regulator
[   15.884478] am335x-phy-driver 47401b00.usb-phy: dummy supplies not allowed for exclusive requests (id=vbus)
         Starting Login Service...
[   15.959640] at24 0-0050: 32768 byte 24c256 EEPROM, writable, 1 bytes/write
         Starting Generic Board Startup...
         Starting Telephony service...
         Starting System Logging Service...
[   16.430435] usbcore: registered new interface driver usbfs
[   16.436337] usbcore: registered new interface driver hub
[   16.441971] usbcore: registered new device driver usb
         Starting LSB: Load kernel modules needed to enable cpufreq scaling...
         Starting LSB: Start busybox udhcpd at boot time...
[[0;32m  OK  [0m] Started D-Bus System Message Bus.
[   17.361485] musb-hdrc musb-hdrc.1: MUSB HDRC host driver
[   17.367126] musb-hdrc musb-hdrc.1: new USB bus registered, assigned bus number 1
[   17.603561] usb usb1: New USB device found, idVendor=1d6b, idProduct=0002, bcdDevice= 6.18
[   17.612130] usb usb1: New USB device strings: Mfr=3, Product=2, SerialNumber=1
[   17.619471] usb usb1: Product: MUSB HDRC host driver
[   17.624468] usb usb1: Manufacturer: Linux 6.18.0-rc3-next-20251028 musb-hcd
[   17.631496] usb usb1: SerialNumber: musb-hdrc.1
[   18.035229] hub 1-0:1.0: USB hub found
[   18.080347] hub 1-0:1.0: 1 port detected
[   18.161459] tda998x 0-0070: found TDA19988
[   18.622219] omap-mailbox 480c8000.mailbox: omap mailbox rev 0x400
[   18.724784] remoteproc remoteproc0: powering up wkup_m3
[   18.882598] remoteproc remoteproc0: Direct firmware load for am335x-pm-firmware.elf failed with error -2
[   18.892431] remoteproc remoteproc0: request_firmware failed: -2
[   18.898554] wkup_m3_ipc 44e11324.wkup_m3_ipc: rproc_boot failed
[   20.828743] omap_rng 48310000.rng: Random Number Generator ver. 20
[   20.943295] tilcdc 4830e000.lcdc: bound 0-0070 (ops tda998x_driver_exit [tda998x])
[   21.052242] [drm] Initialized tilcdc 1.0.0 for 4830e000.lcdc on minor 0
[   21.153958] tilcdc 4830e000.lcdc: [drm] Cannot find any crtc or sizes
[   21.212868] tilcdc 4830e000.lcdc: [drm] Cannot find any crtc or sizes
[[0;32m  OK  [0m] Started Telephony service.
[[0;32m  OK  [0m] Started DUN service.
         Starting Connection service...
         Starting Cape Manager Service...
         Starting Avahi mDNS/DNS-SD Stack...
[[0;32m  OK  [0m] Started Daily Cleanup of Temporary Directories.
[[0;32m  OK  [0m] Started Regular background program processing daemon.
[[0;32m  OK  [0m] Reached target System Time Synchronized.
[[0;32m  OK  [0m] Started Daily apt download activities.
[[0;32m  OK  [0m] Started Daily apt upgrade and clean activities.
[[0;32m  OK  [0m] Reached target Timers.
[[0;32m  OK  [0m] Started System Logging Service.
[   22.660762] PM: Cannot get wkup_m3_ipc handle
[   22.811957] omap-sham 53100000.sham: hw accel on OMAP rev 4.3
[   22.927503] omap-sham 53100000.sham: will run requests pump with realtime priority
[   22.940807] PM: Cannot get wkup_m3_ipc handle
[   23.192902] omap-aes 53500000.aes: OMAP AES hw accel rev: 3.2
[   23.306422] omap-aes 53500000.aes: will run requests pump with realtime priority
[   23.316663] PM: Cannot get wkup_m3_ipc handle
[   23.742138] Bluetooth: Core ver 2.22
[   23.746216] NET: Registered PF_BLUETOOTH protocol family
[   23.751570] Bluetooth: HCI device and connection manager initialized
[   23.758099] Bluetooth: HCI socket layer initialized
[   23.763018] Bluetooth: L2CAP socket layer initialized
[   23.768167] Bluetooth: SCO socket layer initialized
[[0;32m  OK  [0m] Started Cape Manager Service.
[   24.709920] ------------[ cut here ]------------
[   24.714796] WARNING: net/8021q/vlan_core.c:236 at vlan_for_each+0x114/0x134, CPU#0: avahi-daemon/315
[   24.724022] RTNL: assertion failed at net/8021q/vlan_core.c (236)
[   24.730228] Modules linked in: bluetooth snd_soc_simple_card omap_aes_driver snd_soc_simple_card_utils omap_sham omap_crypto pm33xx ti_emif_sram crypto_engine ecdh_generic ecc libaes tilcdc omap_rng rng_core drm_dma_helper drm_client_lib snd_soc_davinci_mcasp snd_soc_ti_udma snd_soc_ti_edma snd_soc_ti_sdma snd_soc_core snd_pcm_dmaengine omap_mailbox snd_pcm snd_timer tda998x snd cec drm_kms_helper soundcore musb_dsps musb_hdrc drm udc_core usbcore drm_panel_orientation_quirks phy_am335x phy_generic usb_common at24 tps65218_pwrbutton cppi41 omap_wdt rtc_omap watchdog wkup_m3_ipc phy_am335x_control wkup_m3_rproc leds_gpio led_class cpufreq_dt autofs4
[   24.788290] CPU: 0 UID: 107 PID: 315 Comm: avahi-daemon Not tainted 6.18.0-rc3-next-20251028 #1 NONE 
[   24.788310] Hardware name: Generic AM33XX (Flattened Device Tree)
[   24.788318] Call trace: 
[   24.788335]  unwind_backtrace from show_stack+0x10/0x14
[   24.788374]  show_stack from dump_stack_lvl+0x50/0x64
[   24.788401]  dump_stack_lvl from __warn+0x88/0x148
[   24.788418]  __warn from warn_slowpath_fmt+0x19c/0x1b0
[   24.788431]  warn_slowpath_fmt from vlan_for_each+0x114/0x134
[   24.788452]  vlan_for_each from cpsw_add_mc_addr+0x40/0xa4
[   24.788477]  cpsw_add_mc_addr from __hw_addr_ref_sync_dev+0x108/0x140
[   24.788508]  __hw_addr_ref_sync_dev from __dev_mc_add+0x7c/0x80
[   24.788531]  __dev_mc_add from igmp6_group_added+0xc8/0xe0
[   24.788560]  igmp6_group_added from __ipv6_dev_mc_inc+0x218/0x364
[   24.788579]  __ipv6_dev_mc_inc from __ipv6_sock_mc_join+0x11c/0x1c0
[   24.788597]  __ipv6_sock_mc_join from do_ipv6_setsockopt+0x1214/0x1310
[   24.788630]  do_ipv6_setsockopt from ipv6_setsockopt+0x60/0xcc
[   24.788652]  ipv6_setsockopt from udpv6_setsockopt+0x2c/0x6c
[   24.788671]  udpv6_setsockopt from sock_common_setsockopt+0x30/0x40
[   24.788701]  sock_common_setsockopt from do_sock_setsockopt+0x50/0x9c
[   24.788723]  do_sock_setsockopt from __sys_setsockopt+0x70/0xbc
[   24.788742]  __sys_setsockopt from ret_fast_syscall+0x0/0x58
[   24.788760] Exception stack(0xe02f1fa8 to 0xe02f1ff0)
[   24.788774] 1fa0:                   00000014 b6f3ece8 0000000d 00000029 00000014 beed99ec
[   24.788786] 1fc0: 00000014 b6f3ece8 00000014 00000126 0000000d b6ee7ff4 004ce988 004b6558
[   24.788795] 1fe0: b6efd088 beed99d8 b6eda309 b6db141a
[   24.788803] ---[ end trace 0000000000000000 ]---
[   26.374373] gpio-537 (nxp,calib): gpiod_direction_output_nonotify: tried to set a GPIO tied to an IRQ as output
[   26.488684] PM: Cannot get wkup_m3_ipc handle
[   26.621162] PM: Cannot get wkup_m3_ipc handle
[   26.657545] tda9950 0-0034: TDA9950 CEC interface, hardware version 3.3
[   26.762375] PM: Cannot get wkup_m3_ipc handle
[[0;32m  OK  [0m] Started LSB: Start busybox udhcpd at boot time.
[   29.057256] configfs-gadget.g_multi gadget.0: HOST MAC 1c:ba:8c:a2:ed:6c
[   29.064036] configfs-gadget.g_multi gadget.0: MAC 1c:ba:8c:a2:ed:70
[   29.071740] configfs-gadget.g_multi gadget.0: HOST MAC 1c:ba:8c:a2:ed:6c
[   29.078632] configfs-gadget.g_multi gadget.0: MAC 1c:ba:8c:a2:ed:6d
[   29.093767] PM: Cannot get wkup_m3_ipc handle
[[0;32m  OK  [0m] Started Raise network interfaces.
[[0;32m  OK  [0m] Started LSB: Load kernel modules needed to enable cpufreq scaling.
[[0;32m  OK  [0m] Started Avahi mDNS/DNS-SD Stack.
[[0;32m  OK  [0m] Started Connection service.
[[0;32m  OK  [0m] Started Login Service.
         Starting Hostname Service...
         Starting WPA supplicant...
[[0;32m  OK  [0m] Reached target Sound Card.
         Starting LSB: set CPUFreq kernel parameters...
[[0;32m  OK  [0m] Started Hostname Service.
[[0;32m  OK  [0m] Started WPA supplicant.
[[0;32m  OK  [0m] Reached target Network.
         Starting Permit User Sessions...
         Starting The Apache HTTP Server...
         Starting OpenBSD Secure Shell server...
[[0;32m  OK  [0m] Reached target Network is Online.
         Starting LSB: Advanced IEEE 802.11 management daemon...
[[0;32m  OK  [0m] Started LSB: set CPUFreq kernel parameters.
[[0;32m  OK  [0m] Started Permit User Sessions.
[[0;32m  OK  [0m] Started LSB: Advanced IEEE 802.11 management daemon.
[[0;32m  OK  [0m] Started Serial Getty on ttyS0.
[[0;32m  OK  [0m] Started Getty on tty1.
[[0;32m  OK  [0m] Reached target Login Prompts.
         Stopping LSB: Start busybox udhcpd at boot time...
[[0;32m  OK  [0m] Stopped LSB: Start busybox udhcpd at boot time.
[[0;32m  OK  [0m] Started OpenBSD Secure Shell server.
         Starting dnsmasq - A lightweight DHCP and caching DNS server...
[[0;32m  OK  [0m] Started The Apache HTTP Server.
[[0;32m  OK  [0m] Started dnsmasq - A lightweight DHCP and caching DNS server.
[[0;32m  OK  [0m] Reached target Host and Network Name Lookups.
[[0;32m  OK  [0m] Started Serial Getty on ttyGS0.
[[0;32m  OK  [0m] Started Generic Board Startup.
[[0;32m  OK  [0m] Reached target Multi-User System.
[[0;32m  OK  [0m] Reached target Graphical Interface.
         Starting Update UTMP about System Runlevel Changes...
[[0;32m  OK  [0m] Started Update UTMP about System Runlevel Changes.

Debian GNU/Linux 9 arm ttyS0

default username:password is [debian:temppwd]

arm login: root
Password: 
Last login: Sat Jan  1 00:00:39 UTC 2000 on ttyS0
root
Linux arm 6.18.0-rc3-next-20251028 #1 SMP Tue Oct 28 06:31:39 EET 2025 armv7l

The programs included with the Debian GNU/Linux system are free software;
the exact distribution terms for each program are described in the
individual files in /usr/share/doc/*/copyright.

Debian GNU/Linux comes with ABSOLUTELY NO WARRANTY, to the extent
permitted by applicable law.
root@arm:~# root
-bash: root: command not found
root@arm:~# dmesg -n 1
root@arm:~# echo 'SNLH''PYBXSX'
SNLHPYBXSX
root@arm:~# run() { echo -n "$MARKER"; sh -c "$@"; echo "$MARKER $?"; }
root@arm:~# echo 'ZSJC''EJEUGK'
ZSJCEJEUGK
root@arm:~# MARKER='KKGB''KZAVEO' run 'cat /proc/version'
KKGBKZAVEOLinux version 6.18.0-rc3-next-20251028 (user01@drvtest01) (arm-none-eabi-gcc (Arm GNU Toolchain 14.2.Rel1 (Build arm-14.52)) 14.2.1 20241119, GNU ld (Arm GNU Toolchain 14.2.Rel1 (Build arm-14.52)) 2.43.1.20241119) #1 SMP Tue Oct 28 06:31:39 EET 2025
KKGBKZAVEO 0
root@arm:~# echo 'AOHL''BABCFS'
AOHLBABCFS
root@arm:~# MARKER='MGBO''LKKPGZ' run false
MGBOLKKPGZMGBOLKKPGZ 1
root@arm:~# Labgrid Console Logfile for main
Logfile started at 2025-10-28 06:35:19.460329
=== Log starts here ===

root@arm:~# run() { echo -n "$MARKER"; sh -c "$@"; echo "$MARKER $?"; }
root@arm:~# echo 'AVSF''HCHNAJ'
AVSFHCHNAJ
root@arm:~# MARKER='MYXL''AEFWAF' run 'ls /iio_generic_buffer; echo $?'
MYXLAEFWAF/iio_generic_buffer
0
MYXLAEFWAF 0
root@arm:~# Labgrid Console Logfile for main
Logfile started at 2025-10-28 06:35:22.860696
=== Log starts here ===

root@arm:~# run() { echo -n "$MARKER"; sh -c "$@"; echo "$MARKER $?"; }
root@arm:~# echo 'ONPE''AJGYPK'
ONPEAJGYPK
root@arm:~# MARKER='ASVK''OQAKYF' run dmesg
ASVKOQAKYF[    0.000000] Booting Linux on physical CPU 0x0
[    0.000000] Linux version 6.18.0-rc3-next-20251028 (user01@drvtest01) (arm-none-eabi-gcc (Arm GNU Toolchain 14.2.Rel1 (Build arm-14.52)) 14.2.1 20241119, GNU ld (Arm GNU Toolchain 14.2.Rel1 (Build arm-14.52)) 2.43.1.20241119) #1 SMP Tue Oct 28 06:31:39 EET 2025
[    0.000000] CPU: ARMv7 Processor [413fc082] revision 2 (ARMv7), cr=10c5387d
[    0.000000] CPU: PIPT / VIPT nonaliasing data cache, VIPT aliasing instruction cache
[    0.000000] OF: fdt: Machine model: TI AM335x BeagleBone Black
[    0.000000] Memory policy: Data cache writeback
[    0.000000] cma: Reserved 16 MiB at 0x9e800000
[    0.000000] Zone ranges:
[    0.000000]   Normal   [mem 0x0000000080000000-0x000000009fdfffff]
[    0.000000]   HighMem  empty
[    0.000000] Movable zone start for each node
[    0.000000] Early memory node ranges
[    0.000000]   node   0: [mem 0x0000000080000000-0x000000009fdfffff]
[    0.000000] Initmem setup node 0 [mem 0x0000000080000000-0x000000009fdfffff]
[    0.000000] On node 0, zone Normal: 512 pages in unavailable ranges
[    0.000000] OF: reserved mem: Reserved memory: No reserved-memory node in the DT
[    0.000000] CPU: All CPU(s) started in SVC mode.
[    0.000000] AM335X ES2.1 (sgx neon)
[    0.000000] percpu: Embedded 17 pages/cpu s40012 r8192 d21428 u69632
[    0.000000] pcpu-alloc: s40012 r8192 d21428 u69632 alloc=17*4096
[    0.000000] pcpu-alloc: [0] 0 
[    0.000000] Kernel command line: console=ttyO0,115200n8 root=/dev/nfs rw nfsroot=192.168.255.126:/home/user01/nfs,nfsvers=3 ip=192.168.255.1:192.168.255.126::255.255.255.0:bbb1:eth0 nfsrootdebug
[    0.000000] Unknown kernel command line parameters "nfsrootdebug", will be passed to user space.
[    0.000000] printk: log buffer data + meta data: 65536 + 204800 = 270336 bytes
[    0.000000] Dentry cache hash table entries: 65536 (order: 6, 262144 bytes, linear)
[    0.000000] Inode-cache hash table entries: 32768 (order: 5, 131072 bytes, linear)
[    0.000000] Built 1 zonelists, mobility grouping on.  Total pages: 130560
[    0.000000] mem auto-init: stack:off, heap alloc:off, heap free:off
[    0.000000] SLUB: HWalign=16, Order=0-3, MinObjects=0, CPUs=1, Nodes=1
[    0.000000] rcu: Hierarchical RCU implementation.
[    0.000000] rcu: 	RCU event tracing is enabled.
[    0.000000] rcu: 	RCU restricting CPUs from NR_CPUS=2 to nr_cpu_ids=1.
[    0.000000] 	Tracing variant of Tasks RCU enabled.
[    0.000000] rcu: RCU calculated value of scheduler-enlistment delay is 10 jiffies.
[    0.000000] rcu: Adjusting geometry for rcu_fanout_leaf=16, nr_cpu_ids=1
[    0.000000] RCU Tasks Trace: Setting shift to 0 and lim to 1 rcu_task_cb_adjust=1 rcu_task_cpu_ids=1.
[    0.000000] NR_IRQS: 16, nr_irqs: 16, preallocated irqs: 16
[    0.000000] IRQ: Found an INTC at 0x(ptrval) (revision 5.0) with 128 interrupts
[    0.000000] rcu: srcu_init: Setting srcu_struct sizes based on contention.
[    0.000000] TI gptimer clocksource: always-on /ocp/interconnect@44c00000/segment@200000/target-module@31000
[    0.000003] sched_clock: 32 bits at 24MHz, resolution 41ns, wraps every 89478484971ns
[    0.000027] clocksource: dmtimer: mask: 0xffffffff max_cycles: 0xffffffff, max_idle_ns: 79635851949 ns
[    0.000496] TI gptimer clockevent: 24000000 Hz at /ocp/interconnect@48000000/segment@0/target-module@40000
[    0.002060] Console: colour dummy device 80x30
[    0.002126] WARNING: Your 'console=ttyO0' has been replaced by 'ttyS0'
[    0.002133] This ensures that you still see kernel messages. Please
[    0.002138] update your kernel commandline.
[    0.002181] Calibrating delay loop... 996.14 BogoMIPS (lpj=4980736)
[    0.090609] CPU: Testing write buffer coherency: ok
[    0.090691] CPU0: Spectre v2: using BPIALL workaround
[    0.090700] pid_max: default: 32768 minimum: 301
[    0.091002] Mount-cache hash table entries: 1024 (order: 0, 4096 bytes, linear)
[    0.091025] Mountpoint-cache hash table entries: 1024 (order: 0, 4096 bytes, linear)
[    0.092606] CPU0: thread -1, cpu 0, socket -1, mpidr 0
[    0.092664] cacheinfo: Unable to detect cache hierarchy for CPU 0
[    0.094703] Setting up static identity map for 0x80100000 - 0x80100078
[    0.095016] rcu: Hierarchical SRCU implementation.
[    0.095028] rcu: 	Max phase no-delay instances is 1000.
[    0.096720] smp: Bringing up secondary CPUs ...
[    0.096773] smp: Brought up 1 node, 1 CPU
[    0.096786] SMP: Total of 1 processors activated (996.14 BogoMIPS).
[    0.096797] CPU: All CPU(s) started in SVC mode.
[    0.096994] Memory: 480992K/522240K available (11264K kernel code, 1226K rwdata, 2952K rodata, 1024K init, 256K bss, 23336K reserved, 16384K cma-reserved, 0K highmem)
[    0.097813] devtmpfs: initialized
[    0.115373] VFP support v0.3: implementor 41 architecture 3 part 30 variant c rev 3
[    0.116049] clocksource: jiffies: mask: 0xffffffff max_cycles: 0xffffffff, max_idle_ns: 19112604462750000 ns
[    0.116111] posixtimers hash table entries: 512 (order: 0, 4096 bytes, linear)
[    0.116136] futex hash table entries: 256 (16384 bytes on 1 NUMA nodes, total 16 KiB, linear).
[    0.119345] NET: Registered PF_NETLINK/PF_ROUTE protocol family
[    0.122450] DMA: preallocated 256 KiB pool for atomic coherent allocations
[    0.123055] audit: initializing netlink subsys (disabled)
[    0.124400] thermal_sys: Registered thermal governor 'fair_share'
[    0.124417] thermal_sys: Registered thermal governor 'step_wise'
[    0.124426] thermal_sys: Registered thermal governor 'user_space'
[    0.124538] audit: type=2000 audit(0.120:1): state=initialized audit_enabled=0 res=1
[    0.124606] cpuidle: using governor menu
[    0.142847] /ocp/interconnect@44c00000/segment@200000/target-module@b000/i2c@0/tda19988@70: Fixed dependency cycle(s) with /ocp/interconnect@48000000/segment@300000/target-module@e000/lcdc@0
[    0.143929] /ocp/interconnect@48000000/segment@300000/target-module@e000/lcdc@0: Fixed dependency cycle(s) with /ocp/interconnect@44c00000/segment@200000/target-module@b000/i2c@0/tda19988@70
[    0.146132] No ATAGs?
[    0.146169] hw-breakpoint: debug architecture 0x4 unsupported.
[    0.149246] kprobes: kprobe jump-optimization is enabled. All kprobes are optimized if possible.
[    0.164083] iommu: Default domain type: Translated
[    0.164109] iommu: DMA domain TLB invalidation policy: strict mode
[    0.165713] reg-fixed-voltage fixedregulator0: using DT '/fixedregulator0' for '(default)' GPIO lookup
[    0.165768] of_get_named_gpiod_flags: can't parse 'gpios' property of node '/fixedregulator0[0]'
[    0.165796] of_get_named_gpiod_flags: can't parse 'gpio' property of node '/fixedregulator0[0]'
[    0.165814] reg-fixed-voltage fixedregulator0: using lookup tables for GPIO lookup
[    0.165824] reg-fixed-voltage fixedregulator0: No GPIO consumer (default) found
[    0.171386] SCSI subsystem initialized
[    0.171864] libata version 3.00 loaded.
[    0.172246] pps_core: LinuxPPS API ver. 1 registered
[    0.172257] pps_core: Software ver. 5.3.6 - Copyright 2005-2007 Rodolfo Giometti <giometti@linux.it>
[    0.172280] PTP clock support registered
[    0.174279] vgaarb: loaded
[    0.180825] clocksource: Switched to clocksource dmtimer
[    0.181526] VFS: Disk quotas dquot_6.6.0
[    0.181588] VFS: Dquot-cache hash table entries: 1024 (order 0, 4096 bytes)
[    0.209372] NET: Registered PF_INET protocol family
[    0.209708] IP idents hash table entries: 8192 (order: 4, 65536 bytes, linear)
[    0.211123] tcp_listen_portaddr_hash hash table entries: 512 (order: 0, 4096 bytes, linear)
[    0.211161] Table-perturb hash table entries: 65536 (order: 6, 262144 bytes, linear)
[    0.211180] TCP established hash table entries: 4096 (order: 2, 16384 bytes, linear)
[    0.211226] TCP bind hash table entries: 4096 (order: 4, 65536 bytes, linear)
[    0.211326] TCP: Hash tables configured (established 4096 bind 4096)
[    0.211450] UDP hash table entries: 256 (order: 1, 14336 bytes, linear)
[    0.211482] UDP-Lite hash table entries: 256 (order: 1, 14336 bytes, linear)
[    0.211685] NET: Registered PF_UNIX/PF_LOCAL protocol family
[    0.212962] RPC: Registered named UNIX socket transport module.
[    0.212983] RPC: Registered udp transport module.
[    0.212988] RPC: Registered tcp transport module.
[    0.212993] RPC: Registered tcp-with-tls transport module.
[    0.212998] RPC: Registered tcp NFSv4.1 backchannel transport module.
[    0.213021] PCI: CLS 0 bytes, default 64
[    0.214437] Initialise system trusted keyrings
[    0.225061] workingset: timestamp_bits=14 max_order=17 bucket_order=3
[    0.226476] NFS: Registering the id_resolver key type
[    0.226549] Key type id_resolver registered
[    0.226556] Key type id_legacy registered
[    0.226674] jffs2: version 2.2. (NAND) (SUMMARY)  Â© 2001-2006 Red Hat, Inc.
[    0.227144] Key type asymmetric registered
[    0.227163] Asymmetric key parser 'x509' registered
[    0.227238] io scheduler mq-deadline registered
[    0.227250] io scheduler kyber registered
[    0.227332] io scheduler bfq registered
[    0.229255] target-module@4b000000:target-module@140000:pmu@0:fck: device ID is greater than 24
[    0.230453] ledtrig-cpu: registered to indicate activity on CPUs
[    0.245173] Serial: 8250/16550 driver, 6 ports, IRQ sharing enabled
[    0.285373] brd: module loaded
[    0.307101] loop: module loaded
[    0.308043] mtdoops: mtd device (mtddev=name/number) must be supplied
[    0.309602] mdio_bus fixed-0: using lookup tables for GPIO lookup
[    0.309626] mdio_bus fixed-0: No GPIO consumer reset found
[    0.311047] i2c_dev: i2c /dev entries driver
[    0.312079] cpuidle: enable-method property 'ti,am3352' found operations
[    0.312526] sdhci: Secure Digital Host Controller Interface driver
[    0.312536] sdhci: Copyright(c) Pierre Ossman
[    0.312719] sdhci-pltfm: SDHCI platform and OF driver helper
[    0.314260] hw perfevents: enabled with armv7_cortex_a8 PMU driver, 5 (8000000f) counters available
[    0.314951] Initializing XFRM netlink socket
[    0.315126] NET: Registered PF_INET6 protocol family
[    0.317178] Segment Routing with IPv6
[    0.317261] In-situ OAM (IOAM) with IPv6
[    0.317357] sit: IPv6, IPv4 and MPLS over IPv4 tunneling driver
[    0.318331] NET: Registered PF_PACKET protocol family
[    0.318361] NET: Registered PF_KEY protocol family
[    0.318492] Key type dns_resolver registered
[    0.318717] ThumbEE CPU extension supported.
[    0.318738] Registering SWP/SWPB emulation handler
[    0.319263] omap_voltage_late_init: Voltage driver support not added
[    0.319935] SmartReflex Class3 initialized
[    0.350962] Loading compiled-in X.509 certificates
[    0.396909] /ocp/interconnect@44c00000/segment@200000/target-module@b000/i2c@0/tda19988@70: Fixed dependency cycle(s) with /ocp/interconnect@48000000/segment@300000/target-module@e000/lcdc@0
[    0.403322] /ocp/interconnect@44c00000/segment@200000/target-module@b000/i2c@0/tda19988@70: Fixed dependency cycle(s) with /ocp/interconnect@48000000/segment@300000/target-module@e000/lcdc@0
[    0.409030] gpiochip_find_base_unlocked: found new base at 512
[    0.431087] /ocp/interconnect@44c00000/segment@200000/target-module@b000/i2c@0/tda19988@70: Fixed dependency cycle(s) with /ocp/interconnect@48000000/segment@300000/target-module@e000/lcdc@0
[    0.431984] /ocp/interconnect@44c00000/segment@200000/target-module@b000/i2c@0/tda19988@70: Fixed dependency cycle(s) with /ocp/interconnect@48000000/segment@300000/target-module@e000/lcdc@0
[    0.435808] /ocp/interconnect@44c00000/segment@200000/target-module@10000/scm@0/pinmux@800: Fixed dependency cycle(s) with /ocp/interconnect@44c00000/segment@200000/target-module@10000/scm@0/pinmux@800/clkout2-pins
[    0.436405] pinctrl-single 44e10800.pinmux: 142 pins, size 568
[    0.441847] ti-sysc 44e31000.target-module: probe with driver ti-sysc failed with error -16
[    0.481618] /ocp/interconnect@48000000/segment@300000/target-module@e000/lcdc@0: Fixed dependency cycle(s) with /ocp/interconnect@44c00000/segment@200000/target-module@b000/i2c@0/tda19988@70
[    0.489986] ti-sysc 48040000.target-module: probe with driver ti-sysc failed with error -16
[    0.501636] gpiochip_find_base_unlocked: found new base at 512
[    0.501748] gpio gpiochip0: (gpio-0-31): created GPIO range 0->7 ==> 44e10800.pinmux PIN 0->7
[    0.501767] gpio gpiochip0: (gpio-0-31): created GPIO range 8->11 ==> 44e10800.pinmux PIN 90->93
[    0.501783] gpio gpiochip0: (gpio-0-31): created GPIO range 12->27 ==> 44e10800.pinmux PIN 12->27
[    0.501799] gpio gpiochip0: (gpio-0-31): created GPIO range 28->31 ==> 44e10800.pinmux PIN 30->33
[    0.529500] gpio gpiochip0: (gpio-0-31): added GPIO chardev (254:0)
[    0.529755] gpio gpiochip0: registered GPIOs 512 to 543 on gpio-0-31
[    0.529842] OMAP GPIO hardware version 0.1
[    0.582790] i2c i2c-2: using DT '/ocp/interconnect@48000000/segment@100000/target-module@9c000/i2c@0' for 'scl' GPIO lookup
[    0.582861] of_get_named_gpiod_flags: can't parse 'scl-gpios' property of node '/ocp/interconnect@48000000/segment@100000/target-module@9c000/i2c@0[0]'
[    0.582904] of_get_named_gpiod_flags: can't parse 'scl-gpio' property of node '/ocp/interconnect@48000000/segment@100000/target-module@9c000/i2c@0[0]'
[    0.582940] i2c i2c-2: using lookup tables for GPIO lookup
[    0.582950] i2c i2c-2: No GPIO consumer scl found
[    0.582972] i2c i2c-2: using DT '/ocp/interconnect@48000000/segment@100000/target-module@9c000/i2c@0' for 'sda' GPIO lookup
[    0.583008] of_get_named_gpiod_flags: can't parse 'sda-gpios' property of node '/ocp/interconnect@48000000/segment@100000/target-module@9c000/i2c@0[0]'
[    0.583044] of_get_named_gpiod_flags: can't parse 'sda-gpio' property of node '/ocp/interconnect@48000000/segment@100000/target-module@9c000/i2c@0[0]'
[    0.583075] i2c i2c-2: using lookup tables for GPIO lookup
[    0.583083] i2c i2c-2: No GPIO consumer sda found
[    0.583806] omap_i2c 4819c000.i2c: bus 2 rev0.11 at 100 kHz
[    0.589654] gpiochip_find_base_unlocked: found new base at 544
[    0.589757] gpio gpiochip1: (gpio-32-63): created GPIO range 0->17 ==> 44e10800.pinmux PIN 34->51
[    0.589777] gpio gpiochip1: (gpio-32-63): created GPIO range 18->21 ==> 44e10800.pinmux PIN 77->80
[    0.589793] gpio gpiochip1: (gpio-32-63): created GPIO range 22->31 ==> 44e10800.pinmux PIN 56->65
[    0.590658] gpio gpiochip1: (gpio-32-63): added GPIO chardev (254:1)
[    0.590885] gpio gpiochip1: registered GPIOs 544 to 575 on gpio-32-63
[    0.593148] gpiochip_find_base_unlocked: found new base at 576
[    0.593240] gpio gpiochip2: (gpio-64-95): created GPIO range 0->4 ==> 44e10800.pinmux PIN 66->70
[    0.593259] gpio gpiochip2: (gpio-64-95): created GPIO range 5->6 ==> 44e10800.pinmux PIN 98->99
[    0.593275] gpio gpiochip2: (gpio-64-95): created GPIO range 7->8 ==> 44e10800.pinmux PIN 75->76
[    0.593291] gpio gpiochip2: (gpio-64-95): created GPIO range 13->13 ==> 44e10800.pinmux PIN 141->141
[    0.593307] gpio gpiochip2: (gpio-64-95): created GPIO range 14->21 ==> 44e10800.pinmux PIN 100->107
[    0.593950] gpio gpiochip2: (gpio-64-95): added GPIO chardev (254:2)
[    0.594164] gpio gpiochip2: registered GPIOs 576 to 607 on gpio-64-95
[    0.600062] 48000000.interconnect:segment@200000:target-module@0:mpu@0:fck: device ID is greater than 24
[    0.600953] /ocp/interconnect@48000000/segment@300000/target-module@e000/lcdc@0: Fixed dependency cycle(s) with /ocp/interconnect@44c00000/segment@200000/target-module@b000/i2c@0/tda19988@70
[    0.603781] /ocp/interconnect@48000000/segment@300000/target-module@e000/lcdc@0: Fixed dependency cycle(s) with /ocp/interconnect@44c00000/segment@200000/target-module@b000/i2c@0/tda19988@70
[    0.604500] /ocp/interconnect@44c00000/segment@200000/target-module@b000/i2c@0/tda19988@70: Fixed dependency cycle(s) with /ocp/interconnect@48000000/segment@300000/target-module@e000/lcdc@0
[    0.604830] /ocp/interconnect@48000000/segment@300000/target-module@e000/lcdc@0: Fixed dependency cycle(s) with /ocp/interconnect@44c00000/segment@200000/target-module@b000/i2c@0/tda19988@70
[    0.612184] sdhci-omap 481d8000.mmc: using DT '/ocp/interconnect@48000000/segment@100000/target-module@d8000/mmc@0' for 'wp' GPIO lookup
[    0.612256] of_get_named_gpiod_flags: can't parse 'wp-gpios' property of node '/ocp/interconnect@48000000/segment@100000/target-module@d8000/mmc@0[0]'
[    0.612298] of_get_named_gpiod_flags: can't parse 'wp-gpio' property of node '/ocp/interconnect@48000000/segment@100000/target-module@d8000/mmc@0[0]'
[    0.612334] sdhci-omap 481d8000.mmc: using lookup tables for GPIO lookup
[    0.612345] sdhci-omap 481d8000.mmc: No GPIO consumer wp found
[    0.612537] sdhci-omap 481d8000.mmc: supply pbias not found, using dummy regulator
[    0.613022] sdhci-omap 481d8000.mmc: supply vqmmc not found, using dummy regulator
[    0.630707] mdio_bus 4a101000.mdio: using DT '/ocp/interconnect@4a000000/segment@0/target-module@100000/switch@0/mdio@1000' for 'reset' GPIO lookup
[    0.630778] of_get_named_gpiod_flags: can't parse 'reset-gpios' property of node '/ocp/interconnect@4a000000/segment@0/target-module@100000/switch@0/mdio@1000[0]'
[    0.630824] of_get_named_gpiod_flags: can't parse 'reset-gpio' property of node '/ocp/interconnect@4a000000/segment@0/target-module@100000/switch@0/mdio@1000[0]'
[    0.630870] mdio_bus 4a101000.mdio: using lookup tables for GPIO lookup
[    0.630880] mdio_bus 4a101000.mdio: No GPIO consumer reset found
[    0.684945] davinci_mdio 4a101000.mdio: davinci mdio revision 1.6, bus freq 1000000
[    0.707271] mdio_bus 4a101000.mdio:00: using DT '/ocp/interconnect@4a000000/segment@0/target-module@100000/switch@0/mdio@1000/ethernet-phy@0' for 'reset' GPIO lookup
[    0.707371] of_get_named_gpiod_flags: parsed 'reset-gpios' property of node '/ocp/interconnect@4a000000/segment@0/target-module@100000/switch@0/mdio@1000/ethernet-phy@0[0]' - status (0)
[    0.707535] gpio gpiochip0: Persistence not supported for GPIO 8
[    0.836678] davinci_mdio 4a101000.mdio: phy[0]: device 4a101000.mdio:00, driver SMSC LAN8710/LAN8720
[    0.837460] cpsw-switch 4a100000.switch: initialized cpsw ale version 1.4
[    0.837480] cpsw-switch 4a100000.switch: ALE Table size 1024, Policers 0
[    0.837653] cpsw-switch 4a100000.switch: cpts: overflow check period 500 (jiffies)
[    0.837669] cpsw-switch 4a100000.switch: CPTS: ref_clk_freq:250000000 calc_mult:2147483648 calc_shift:29 error:0 nsec/sec
[    0.837777] cpsw-switch 4a100000.switch: Detected MACID = 6c:ec:eb:68:de:78
[    0.839645] cpsw-switch 4a100000.switch: initialized (regs 0x4a100000, pool size 256) hw_ver:0019010C 1.12 (0)
[    0.852440] debugfs: '49000000.dma' already exists in 'dmaengine'
[    0.852484] edma 49000000.dma: TI EDMA DMA engine driver
[    0.898975] gpio-clk clk_mcasp0: using DT '/clk_mcasp0' for 'enable' GPIO lookup
[    0.899052] of_get_named_gpiod_flags: parsed 'enable-gpios' property of node '/clk_mcasp0[0]' - status (0)
[    0.899097] gpio gpiochip0: Persistence not supported for GPIO 27
[    0.899846] gpiochip_find_base_unlocked: found new base at 608
[    0.899960] gpio gpiochip3: (gpio-96-127): created GPIO range 0->7 ==> 44e10800.pinmux PIN 82->89
[    0.899981] gpio gpiochip3: (gpio-96-127): created GPIO range 8->11 ==> 44e10800.pinmux PIN 52->55
[    0.899996] gpio gpiochip3: (gpio-96-127): created GPIO range 12->15 ==> 44e10800.pinmux PIN 94->97
[    0.900012] gpio gpiochip3: (gpio-96-127): created GPIO range 16->17 ==> 44e10800.pinmux PIN 71->72
[    0.900028] gpio gpiochip3: (gpio-96-127): created GPIO range 18->18 ==> 44e10800.pinmux PIN 135->135
[    0.900045] gpio gpiochip3: (gpio-96-127): created GPIO range 19->20 ==> 44e10800.pinmux PIN 108->109
[    0.900061] gpio gpiochip3: (gpio-96-127): created GPIO range 21->21 ==> 44e10800.pinmux PIN 73->73
[    0.900078] gpio gpiochip3: (gpio-96-127): created GPIO range 22->23 ==> 44e10800.pinmux PIN 8->9
[    0.900096] gpio gpiochip3: (gpio-96-127): created GPIO range 26->27 ==> 44e10800.pinmux PIN 10->11
[    0.900114] gpio gpiochip3: (gpio-96-127): created GPIO range 28->28 ==> 44e10800.pinmux PIN 74->74
[    0.900132] gpio gpiochip3: (gpio-96-127): created GPIO range 29->29 ==> 44e10800.pinmux PIN 81->81
[    0.900151] gpio gpiochip3: (gpio-96-127): created GPIO range 30->31 ==> 44e10800.pinmux PIN 28->29
[    0.908162] gpio gpiochip3: (gpio-96-127): added GPIO chardev (254:3)
[    0.908404] gpio gpiochip3: registered GPIOs 608 to 639 on gpio-96-127
[    0.921604] omap8250 44e09000.serial: using DT '/ocp/interconnect@44c00000/segment@200000/target-module@9000/serial@0' for 'rs485-term' GPIO lookup
[    0.921679] of_get_named_gpiod_flags: can't parse 'rs485-term-gpios' property of node '/ocp/interconnect@44c00000/segment@200000/target-module@9000/serial@0[0]'
[    0.921723] of_get_named_gpiod_flags: can't parse 'rs485-term-gpio' property of node '/ocp/interconnect@44c00000/segment@200000/target-module@9000/serial@0[0]'
[    0.921759] omap8250 44e09000.serial: using lookup tables for GPIO lookup
[    0.921769] omap8250 44e09000.serial: No GPIO consumer rs485-term found
[    0.921780] omap8250 44e09000.serial: using DT '/ocp/interconnect@44c00000/segment@200000/target-module@9000/serial@0' for 'rs485-rx-during-tx' GPIO lookup
[    0.921815] of_get_named_gpiod_flags: can't parse 'rs485-rx-during-tx-gpios' property of node '/ocp/interconnect@44c00000/segment@200000/target-module@9000/serial@0[0]'
[    0.921853] of_get_named_gpiod_flags: can't parse 'rs485-rx-during-tx-gpio' property of node '/ocp/interconnect@44c00000/segment@200000/target-module@9000/serial@0[0]'
[    0.921884] omap8250 44e09000.serial: using lookup tables for GPIO lookup
[    0.921892] omap8250 44e09000.serial: No GPIO consumer rs485-rx-during-tx found
[    0.922340] 44e09000.serial: ttyS0 at MMIO 0x44e09000 (irq = 34, base_baud = 3000000) is a 8250
[    0.922461] printk: legacy console [ttyS0] enabled
[    2.420119] i2c i2c-0: using DT '/ocp/interconnect@44c00000/segment@200000/target-module@b000/i2c@0' for 'scl' GPIO lookup
[    2.420208] of_get_named_gpiod_flags: can't parse 'scl-gpios' property of node '/ocp/interconnect@44c00000/segment@200000/target-module@b000/i2c@0[0]'
[    2.420255] of_get_named_gpiod_flags: can't parse 'scl-gpio' property of node '/ocp/interconnect@44c00000/segment@200000/target-module@b000/i2c@0[0]'
[    2.420295] i2c i2c-0: using lookup tables for GPIO lookup
[    2.420310] i2c i2c-0: No GPIO consumer scl found
[    2.420337] i2c i2c-0: using DT '/ocp/interconnect@44c00000/segment@200000/target-module@b000/i2c@0' for 'sda' GPIO lookup
[    2.420377] of_get_named_gpiod_flags: can't parse 'sda-gpios' property of node '/ocp/interconnect@44c00000/segment@200000/target-module@b000/i2c@0[0]'
[    2.420418] of_get_named_gpiod_flags: can't parse 'sda-gpio' property of node '/ocp/interconnect@44c00000/segment@200000/target-module@b000/i2c@0[0]'
[    2.420453] i2c i2c-0: using lookup tables for GPIO lookup
[    2.420465] i2c i2c-0: No GPIO consumer sda found
[    2.435605] tps65217-pmic: Failed to locate of_node [id: -1]
[    2.441669] tps65217-bl: Failed to locate of_node [id: -1]
[    2.449107] platform tps65217-charger: DMA mask not set
[    2.456146] platform tps65217-pwrbutton: DMA mask not set
[    2.463929] tps65217 0-0024: TPS65217 ID 0xe version 1.2
[    2.470014] /ocp/interconnect@48000000/segment@300000/target-module@e000/lcdc@0: Fixed dependency cycle(s) with /ocp/interconnect@44c00000/segment@200000/target-module@b000/i2c@0/tda19988@70
[    2.487428] /ocp/interconnect@44c00000/segment@200000/target-module@b000/i2c@0/tda19988@70: Fixed dependency cycle(s) with /ocp/interconnect@48000000/segment@300000/target-module@e000/lcdc@0
[    2.504832] omap_i2c 44e0b000.i2c: bus 0 rev0.11 at 400 kHz
[    2.512658] sdhci-omap 48060000.mmc: using DT '/ocp/interconnect@48000000/segment@0/target-module@60000/mmc@0' for 'cd' GPIO lookup
[    2.512765] of_get_named_gpiod_flags: parsed 'cd-gpios' property of node '/ocp/interconnect@48000000/segment@0/target-module@60000/mmc@0[0]' - status (0)
[    2.512833] gpio gpiochip3: Persistence not supported for GPIO 6
[    2.512859] omap_gpio 44e07000.gpio: Could not set line 6 debounce to 200000 microseconds (-22)
[    2.521749] sdhci-omap 48060000.mmc: Got CD GPIO
[    2.526443] sdhci-omap 48060000.mmc: using DT '/ocp/interconnect@48000000/segment@0/target-module@60000/mmc@0' for 'wp' GPIO lookup
[    2.526494] of_get_named_gpiod_flags: can't parse 'wp-gpios' property of node '/ocp/interconnect@48000000/segment@0/target-module@60000/mmc@0[0]'
[    2.526540] of_get_named_gpiod_flags: can't parse 'wp-gpio' property of node '/ocp/interconnect@48000000/segment@0/target-module@60000/mmc@0[0]'
[    2.526580] sdhci-omap 48060000.mmc: using lookup tables for GPIO lookup
[    2.526594] sdhci-omap 48060000.mmc: No GPIO consumer wp found
[    2.526804] sdhci-omap 48060000.mmc: supply pbias not found, using dummy regulator
[    2.535692] sdhci-omap 481d8000.mmc: using DT '/ocp/interconnect@48000000/segment@100000/target-module@d8000/mmc@0' for 'wp' GPIO lookup
[    2.535767] of_get_named_gpiod_flags: can't parse 'wp-gpios' property of node '/ocp/interconnect@48000000/segment@100000/target-module@d8000/mmc@0[0]'
[    2.535815] of_get_named_gpiod_flags: can't parse 'wp-gpio' property of node '/ocp/interconnect@48000000/segment@100000/target-module@d8000/mmc@0[0]'
[    2.535853] sdhci-omap 481d8000.mmc: using lookup tables for GPIO lookup
[    2.535867] sdhci-omap 481d8000.mmc: No GPIO consumer wp found
[    2.536940] sdhci-omap 48060000.mmc: supply vqmmc not found, using dummy regulator
[    2.546224] sdhci-omap 481d8000.mmc: supply pbias not found, using dummy regulator
[    2.554230] sdhci-omap 481d8000.mmc: supply vqmmc not found, using dummy regulator
[    2.591343] mmc1: SDHCI controller on 481d8000.mmc [481d8000.mmc] using External DMA
[    2.600401] mmc0: SDHCI controller on 48060000.mmc [48060000.mmc] using External DMA
[    2.609315] cpsw-switch 4a100000.switch: starting ndev. mode: dual_mac
[    2.674900] mmc1: new high speed MMC card at address 0001
[    2.681724] mmcblk1: mmc1:0001 MMC04G 3.60 GiB
[    2.689608]  mmcblk1: p1 p2
[    2.693352] SMSC LAN8710/LAN8720 4a101000.mdio:00: attached PHY driver (mii_bus:phy_addr=4a101000.mdio:00, irq=POLL)
[    2.706019] mmcblk1boot0: mmc1:0001 MMC04G 2.00 MiB
[    2.719857] mmcblk1boot1: mmc1:0001 MMC04G 2.00 MiB
[    2.728554] mmcblk1rpmb: mmc1:0001 MMC04G 128 KiB, chardev (249:0)
[    2.778164] mmc0: new high speed SDHC card at address aaaa
[    2.785109] mmcblk0: mmc0:aaaa SE32G 29.7 GiB
[    2.794181]  mmcblk0: p1 p2
[    5.845385] cpsw-switch 4a100000.switch eth0: Link is Up - 100Mbps/Full - flow control off
[    5.874637] IP-Config: Complete:
[    5.877908]      device=eth0, hwaddr=6c:ec:eb:68:de:78, ipaddr=192.168.255.1, mask=255.255.255.0, gw=255.255.255.255
[    5.888559]      host=bbb1, domain=, nis-domain=(none)
[    5.893728]      bootserver=192.168.255.126, rootserver=192.168.255.126, rootpath=
[    5.894150] clk: Disabling unused clocks
[    5.906004] PM: genpd: Disabling unused power domains
[    5.911172] KTAP version 1
[    5.913898] 1..0
[    5.916702] check access for rdinit=/init failed: -2, ignoring
[    5.953182] VFS: Mounted root (nfs filesystem) on device 0:17.
[    5.960288] devtmpfs: mounted
[    5.964917] Freeing unused kernel image (initmem) memory: 1024K
[    5.971656] Run /sbin/init as init process
[    5.975879]   with arguments:
[    5.975895]     /sbin/init
[    5.975905]     nfsrootdebug
[    5.975914]   with environment:
[    5.975923]     HOME=/
[    5.975932]     TERM=linux
[    6.649873] systemd[1]: System time before build time, advancing clock.
[    8.164651] random: crng init done
[    8.177430] systemd[1]: systemd 232 running in system mode. (+PAM +AUDIT +SELINUX +IMA +APPARMOR +SMACK +SYSVINIT +UTMP +LIBCRYPTSETUP +GCRYPT +GNUTLS +ACL +XZ +LZ4 +SECCOMP +BLKID +ELFUTILS +KMOD +IDN)
[    8.196547] systemd[1]: Detected architecture arm.
[    8.227785] systemd[1]: Set hostname to <arm>.
[    9.325965] systemd[1]: Reached target Swap.
[    9.347741] systemd[1]: Listening on udev Kernel Socket.
[    9.376377] systemd[1]: Set up automount Arbitrary Executable File Formats File System Automount Point.
[    9.406645] systemd[1]: Listening on /dev/initctl Compatibility Named Pipe.
[    9.436444] systemd[1]: systemd-journald.socket: SO_PASSSEC failed: Operation not supported
[    9.445478] systemd[1]: systemd-journald.socket: SO_PASSSEC failed: Operation not supported
[    9.454068] systemd[1]: Listening on Journal Socket.
[   11.627929] systemd-journald[89]: Received request to flush runtime journal from PID 1
[   12.647682] omap_prm 44e00d00.prm: sync_state() pending due to 44d00000.cpu
[   14.321523] leds-gpio leds: using DT '/leds/led2' for '(default)' GPIO lookup
[   14.321626] of_get_named_gpiod_flags: parsed 'gpios' property of node '/leds/led2[0]' - status (0)
[   14.321688] gpio gpiochip0: Persistence not supported for GPIO 21
[   14.321705] gpio-533 (?): no flags found for GPIO (default)
[   14.393742] leds-gpio leds: using DT '/leds/led3' for '(default)' GPIO lookup
[   14.393855] of_get_named_gpiod_flags: parsed 'gpios' property of node '/leds/led3[0]' - status (0)
[   14.394068] gpio gpiochip0: Persistence not supported for GPIO 22
[   14.394091] gpio-534 (?): no flags found for GPIO (default)
[   14.506491] leds-gpio leds: using DT '/leds/led4' for '(default)' GPIO lookup
[   14.506600] of_get_named_gpiod_flags: parsed 'gpios' property of node '/leds/led4[0]' - status (0)
[   14.506651] gpio gpiochip0: Persistence not supported for GPIO 23
[   14.506666] gpio-535 (?): no flags found for GPIO (default)
[   14.525214] leds-gpio leds: using DT '/leds/led5' for '(default)' GPIO lookup
[   14.525324] of_get_named_gpiod_flags: parsed 'gpios' property of node '/leds/led5[0]' - status (0)
[   14.525377] gpio gpiochip0: Persistence not supported for GPIO 24
[   14.525391] gpio-536 (?): no flags found for GPIO (default)
[   14.836772] remoteproc remoteproc0: wkup_m3 is available
[   15.082299] omap_rtc 44e3e000.rtc: registered as rtc0
[   15.087640] omap_rtc 44e3e000.rtc: setting system clock to 2000-01-01T00:00:00 UTC (946684800)
[   15.096408] omap_rtc 44e3e000.rtc: using DT '/ocp/interconnect@44c00000/segment@200000/target-module@3e000/rtc@0' for 'wp' GPIO lookup
[   15.096479] of_get_named_gpiod_flags: can't parse 'wp-gpios' property of node '/ocp/interconnect@44c00000/segment@200000/target-module@3e000/rtc@0[0]'
[   15.096528] of_get_named_gpiod_flags: can't parse 'wp-gpio' property of node '/ocp/interconnect@44c00000/segment@200000/target-module@3e000/rtc@0[0]'
[   15.096570] omap_rtc 44e3e000.rtc: using lookup tables for GPIO lookup
[   15.096585] omap_rtc 44e3e000.rtc: No GPIO consumer wp found
[   15.125107] omap_wdt: OMAP Watchdog Timer Rev 0x01: initial timeout 60 sec
[   15.374549] input: tps65217_pwrbutton as /devices/platform/ocp/44c00000.interconnect/44c00000.interconnect:segment@200000/44e0b000.target-module/44e0b000.i2c/i2c-0/0-0024/tps65217-pwrbutton/input/input0
[   15.428570] at24 2-0054: supply vcc not found, using dummy regulator
[   15.577860] at24 2-0055: supply vcc not found, using dummy regulator
[   15.700818] am335x-phy-driver 47401300.usb-phy: using DT '/ocp/target-module@47400000/usb-phy@1300' for 'reset' GPIO lookup
[   15.700913] of_get_named_gpiod_flags: can't parse 'reset-gpios' property of node '/ocp/target-module@47400000/usb-phy@1300[0]'
[   15.700960] of_get_named_gpiod_flags: can't parse 'reset-gpio' property of node '/ocp/target-module@47400000/usb-phy@1300[0]'
[   15.700997] am335x-phy-driver 47401300.usb-phy: using lookup tables for GPIO lookup
[   15.701012] am335x-phy-driver 47401300.usb-phy: No GPIO consumer reset found
[   15.701028] am335x-phy-driver 47401300.usb-phy: using DT '/ocp/target-module@47400000/usb-phy@1300' for 'vbus-detect' GPIO lookup
[   15.701059] of_get_named_gpiod_flags: can't parse 'vbus-detect-gpios' property of node '/ocp/target-module@47400000/usb-phy@1300[0]'
[   15.701093] of_get_named_gpiod_flags: can't parse 'vbus-detect-gpio' property of node '/ocp/target-module@47400000/usb-phy@1300[0]'
[   15.701120] am335x-phy-driver 47401300.usb-phy: using lookup tables for GPIO lookup
[   15.701133] am335x-phy-driver 47401300.usb-phy: No GPIO consumer vbus-detect found
[   15.701281] am335x-phy-driver 47401300.usb-phy: dummy supplies not allowed for exclusive requests (id=vbus)
[   15.712457] at24 2-0056: supply vcc not found, using dummy regulator
[   15.845856] at24 2-0057: supply vcc not found, using dummy regulator
[   15.884019] am335x-phy-driver 47401b00.usb-phy: using DT '/ocp/target-module@47400000/usb-phy@1b00' for 'reset' GPIO lookup
[   15.884112] of_get_named_gpiod_flags: can't parse 'reset-gpios' property of node '/ocp/target-module@47400000/usb-phy@1b00[0]'
[   15.884157] of_get_named_gpiod_flags: can't parse 'reset-gpio' property of node '/ocp/target-module@47400000/usb-phy@1b00[0]'
[   15.884196] am335x-phy-driver 47401b00.usb-phy: using lookup tables for GPIO lookup
[   15.884211] am335x-phy-driver 47401b00.usb-phy: No GPIO consumer reset found
[   15.884227] am335x-phy-driver 47401b00.usb-phy: using DT '/ocp/target-module@47400000/usb-phy@1b00' for 'vbus-detect' GPIO lookup
[   15.884258] of_get_named_gpiod_flags: can't parse 'vbus-detect-gpios' property of node '/ocp/target-module@47400000/usb-phy@1b00[0]'
[   15.884291] of_get_named_gpiod_flags: can't parse 'vbus-detect-gpio' property of node '/ocp/target-module@47400000/usb-phy@1b00[0]'
[   15.884317] am335x-phy-driver 47401b00.usb-phy: using lookup tables for GPIO lookup
[   15.884329] am335x-phy-driver 47401b00.usb-phy: No GPIO consumer vbus-detect found
[   15.884478] am335x-phy-driver 47401b00.usb-phy: dummy supplies not allowed for exclusive requests (id=vbus)
[   15.959065] at24 0-0050: using DT '/ocp/interconnect@44c00000/segment@200000/target-module@b000/i2c@0/eeprom@50' for 'wp' GPIO lookup
[   15.959182] of_get_named_gpiod_flags: can't parse 'wp-gpios' property of node '/ocp/interconnect@44c00000/segment@200000/target-module@b000/i2c@0/eeprom@50[0]'
[   15.959241] of_get_named_gpiod_flags: can't parse 'wp-gpio' property of node '/ocp/interconnect@44c00000/segment@200000/target-module@b000/i2c@0/eeprom@50[0]'
[   15.959288] at24 0-0050: using lookup tables for GPIO lookup
[   15.959303] at24 0-0050: No GPIO consumer wp found
[   15.959640] at24 0-0050: 32768 byte 24c256 EEPROM, writable, 1 bytes/write
[   16.430435] usbcore: registered new interface driver usbfs
[   16.436337] usbcore: registered new interface driver hub
[   16.441971] usbcore: registered new device driver usb
[   17.361485] musb-hdrc musb-hdrc.1: MUSB HDRC host driver
[   17.367126] musb-hdrc musb-hdrc.1: new USB bus registered, assigned bus number 1
[   17.603561] usb usb1: New USB device found, idVendor=1d6b, idProduct=0002, bcdDevice= 6.18
[   17.612130] usb usb1: New USB device strings: Mfr=3, Product=2, SerialNumber=1
[   17.619471] usb usb1: Product: MUSB HDRC host driver
[   17.624468] usb usb1: Manufacturer: Linux 6.18.0-rc3-next-20251028 musb-hcd
[   17.631496] usb usb1: SerialNumber: musb-hdrc.1
[   18.035229] hub 1-0:1.0: USB hub found
[   18.080347] hub 1-0:1.0: 1 port detected
[   18.161459] tda998x 0-0070: found TDA19988
[   18.622219] omap-mailbox 480c8000.mailbox: omap mailbox rev 0x400
[   18.724784] remoteproc remoteproc0: powering up wkup_m3
[   18.882598] remoteproc remoteproc0: Direct firmware load for am335x-pm-firmware.elf failed with error -2
[   18.892431] remoteproc remoteproc0: request_firmware failed: -2
[   18.898554] wkup_m3_ipc 44e11324.wkup_m3_ipc: rproc_boot failed
[   20.828743] omap_rng 48310000.rng: Random Number Generator ver. 20
[   20.943295] tilcdc 4830e000.lcdc: bound 0-0070 (ops tda998x_driver_exit [tda998x])
[   21.052242] [drm] Initialized tilcdc 1.0.0 for 4830e000.lcdc on minor 0
[   21.153958] tilcdc 4830e000.lcdc: [drm] Cannot find any crtc or sizes
[   21.212868] tilcdc 4830e000.lcdc: [drm] Cannot find any crtc or sizes
[   22.660762] PM: Cannot get wkup_m3_ipc handle
[   22.811957] omap-sham 53100000.sham: hw accel on OMAP rev 4.3
[   22.927503] omap-sham 53100000.sham: will run requests pump with realtime priority
[   22.940807] PM: Cannot get wkup_m3_ipc handle
[   23.192902] omap-aes 53500000.aes: OMAP AES hw accel rev: 3.2
[   23.306422] omap-aes 53500000.aes: will run requests pump with realtime priority
[   23.316663] PM: Cannot get wkup_m3_ipc handle
[   23.742138] Bluetooth: Core ver 2.22
[   23.746216] NET: Registered PF_BLUETOOTH protocol family
[   23.751570] Bluetooth: HCI device and connection manager initialized
[   23.758099] Bluetooth: HCI socket layer initialized
[   23.763018] Bluetooth: L2CAP socket layer initialized
[   23.768167] Bluetooth: SCO socket layer initialized
[   24.709920] ------------[ cut here ]------------
[   24.714796] WARNING: net/8021q/vlan_core.c:236 at vlan_for_each+0x114/0x134, CPU#0: avahi-daemon/315
[   24.724022] RTNL: assertion failed at net/8021q/vlan_core.c (236)
[   24.730228] Modules linked in: bluetooth snd_soc_simple_card omap_aes_driver snd_soc_simple_card_utils omap_sham omap_crypto pm33xx ti_emif_sram crypto_engine ecdh_generic ecc libaes tilcdc omap_rng rng_core drm_dma_helper drm_client_lib snd_soc_davinci_mcasp snd_soc_ti_udma snd_soc_ti_edma snd_soc_ti_sdma snd_soc_core snd_pcm_dmaengine omap_mailbox snd_pcm snd_timer tda998x snd cec drm_kms_helper soundcore musb_dsps musb_hdrc drm udc_core usbcore drm_panel_orientation_quirks phy_am335x phy_generic usb_common at24 tps65218_pwrbutton cppi41 omap_wdt rtc_omap watchdog wkup_m3_ipc phy_am335x_control wkup_m3_rproc leds_gpio led_class cpufreq_dt autofs4
[   24.788290] CPU: 0 UID: 107 PID: 315 Comm: avahi-daemon Not tainted 6.18.0-rc3-next-20251028 #1 NONE 
[   24.788310] Hardware name: Generic AM33XX (Flattened Device Tree)
[   24.788318] Call trace: 
[   24.788335]  unwind_backtrace from show_stack+0x10/0x14
[   24.788374]  show_stack from dump_stack_lvl+0x50/0x64
[   24.788401]  dump_stack_lvl from __warn+0x88/0x148
[   24.788418]  __warn from warn_slowpath_fmt+0x19c/0x1b0
[   24.788431]  warn_slowpath_fmt from vlan_for_each+0x114/0x134
[   24.788452]  vlan_for_each from cpsw_add_mc_addr+0x40/0xa4
[   24.788477]  cpsw_add_mc_addr from __hw_addr_ref_sync_dev+0x108/0x140
[   24.788508]  __hw_addr_ref_sync_dev from __dev_mc_add+0x7c/0x80
[   24.788531]  __dev_mc_add from igmp6_group_added+0xc8/0xe0
[   24.788560]  igmp6_group_added from __ipv6_dev_mc_inc+0x218/0x364
[   24.788579]  __ipv6_dev_mc_inc from __ipv6_sock_mc_join+0x11c/0x1c0
[   24.788597]  __ipv6_sock_mc_join from do_ipv6_setsockopt+0x1214/0x1310
[   24.788630]  do_ipv6_setsockopt from ipv6_setsockopt+0x60/0xcc
[   24.788652]  ipv6_setsockopt from udpv6_setsockopt+0x2c/0x6c
[   24.788671]  udpv6_setsockopt from sock_common_setsockopt+0x30/0x40
[   24.788701]  sock_common_setsockopt from do_sock_setsockopt+0x50/0x9c
[   24.788723]  do_sock_setsockopt from __sys_setsockopt+0x70/0xbc
[   24.788742]  __sys_setsockopt from ret_fast_syscall+0x0/0x58
[   24.788760] Exception stack(0xe02f1fa8 to 0xe02f1ff0)
[   24.788774] 1fa0:                   00000014 b6f3ece8 0000000d 00000029 00000014 beed99ec
[   24.788786] 1fc0: 00000014 b6f3ece8 00000014 00000126 0000000d b6ee7ff4 004ce988 004b6558
[   24.788795] 1fe0: b6efd088 beed99d8 b6eda309 b6db141a
[   24.788803] ---[ end trace 0000000000000000 ]---
[   26.363544] tda998x 0-0070: using DT '/ocp/interconnect@44c00000/segment@200000/target-module@b000/i2c@0/tda19988@70' for 'nxp,calib' GPIO lookup
[   26.363689] of_get_named_gpiod_flags: parsed 'nxp,calib-gpios' property of node '/ocp/interconnect@44c00000/segment@200000/target-module@b000/i2c@0/tda19988@70[0]' - status (0)
[   26.363774] gpio gpiochip0: Persistence not supported for GPIO 25
[   26.363791] gpio-537 (nxp,calib): no flags found for GPIO nxp,calib
[   26.374373] gpio-537 (nxp,calib): gpiod_direction_output_nonotify: tried to set a GPIO tied to an IRQ as output
[   26.488684] PM: Cannot get wkup_m3_ipc handle
[   26.494428] asoc-simple-card sound: using DT '/sound' for 'simple-audio-card,hp-det' GPIO lookup
[   26.494500] of_get_named_gpiod_flags: can't parse 'simple-audio-card,hp-det-gpios' property of node '/sound[0]'
[   26.494537] of_get_named_gpiod_flags: can't parse 'simple-audio-card,hp-det-gpio' property of node '/sound[0]'
[   26.494561] asoc-simple-card sound: using lookup tables for GPIO lookup
[   26.494576] asoc-simple-card sound: No GPIO consumer simple-audio-card,hp-det found
[   26.494868] asoc-simple-card sound: using DT '/sound' for 'simple-audio-card,mic-det' GPIO lookup
[   26.494912] of_get_named_gpiod_flags: can't parse 'simple-audio-card,mic-det-gpios' property of node '/sound[0]'
[   26.494941] of_get_named_gpiod_flags: can't parse 'simple-audio-card,mic-det-gpio' property of node '/sound[0]'
[   26.494963] asoc-simple-card sound: using lookup tables for GPIO lookup
[   26.494976] asoc-simple-card sound: No GPIO consumer simple-audio-card,mic-det found
[   26.621162] PM: Cannot get wkup_m3_ipc handle
[   26.657545] tda9950 0-0034: TDA9950 CEC interface, hardware version 3.3
[   26.762375] PM: Cannot get wkup_m3_ipc handle
[   28.621281] userial_init: registered 8 ttyGS* devices
[   28.936315] rndis_register: configNr = 0
[   29.055987] udc musb-hdrc.0: binding gadget driver [g_multi]
[   29.056084] configfs-gadget.g_multi gadget.0: adding 'rndis'/77c5dd2c to config 'c'/e940e59b
[   29.057256] configfs-gadget.g_multi gadget.0: HOST MAC 1c:ba:8c:a2:ed:6c
[   29.064036] configfs-gadget.g_multi gadget.0: MAC 1c:ba:8c:a2:ed:70
[   29.070634] rndis_set_param_medium: 0 0
[   29.070662] configfs-gadget.g_multi gadget.0: RNDIS: IN/ep1in OUT/ep1out NOTIFY/ep2in
[   29.070680] configfs-gadget.g_multi gadget.0: adding 'cdc_ethernet'/c4ddd904 to config 'c'/e940e59b
[   29.071740] configfs-gadget.g_multi gadget.0: HOST MAC 1c:ba:8c:a2:ed:6c
[   29.078632] configfs-gadget.g_multi gadget.0: MAC 1c:ba:8c:a2:ed:6d
[   29.085002] configfs-gadget.g_multi gadget.0: CDC Ethernet: IN/ep3in OUT/ep2out NOTIFY/ep4in
[   29.085021] configfs-gadget.g_multi gadget.0: adding 'acm'/f3a3dec8 to config 'c'/e940e59b
[   29.085058] configfs-gadget.g_multi gadget.0: acm ttyGS0: IN/ep5in OUT/ep3out NOTIFY/ep6in
[   29.093767] PM: Cannot get wkup_m3_ipc handle
[   30.459908] configfs-gadget.g_multi gadget.0: eth_open
[   35.442954] gs_open: ttyGS0 (ae1e9485,0d5d8b03)
[   35.443109] gs_close: ttyGS0 (ae1e9485,0d5d8b03) ...
[   35.443132] gs_close: ttyGS0 (ae1e9485,0d5d8b03) done!
[   35.458254] gs_open: ttyGS0 (2c295199,0d5d8b03)
[   35.458379] gs_close: ttyGS0 (2c295199,0d5d8b03) ...
[   35.458401] gs_close: ttyGS0 (2c295199,0d5d8b03) done!
[   35.605833] gs_open: ttyGS0 (34e52109,83de1b2e)
[   35.606071] gs_close: ttyGS0 (34e52109,83de1b2e) ...
[   35.606099] gs_close: ttyGS0 (34e52109,83de1b2e) done!
[   35.607466] gs_open: ttyGS0 (34e52109,83de1b2e)
ASVKOQAKYF 0
root@arm:~# echo 'FLXK''BENGQC'
FLXKBENGQC
root@arm:~# MARKER='JOXQ''CQOBGN' run 'modprobe test_linear_ranges'
JOXQCQOBGNJOXQCQOBGN 0
root@arm:~# echo 'HCNE''AEUYYH'
HCNEAEUYYH
root@arm:~# MARKER='VEFZ''HBUCMZ' run dmesg
VEFZHBUCMZ[    0.000000] Booting Linux on physical CPU 0x0
[    0.000000] Linux version 6.18.0-rc3-next-20251028 (user01@drvtest01) (arm-none-eabi-gcc (Arm GNU Toolchain 14.2.Rel1 (Build arm-14.52)) 14.2.1 20241119, GNU ld (Arm GNU Toolchain 14.2.Rel1 (Build arm-14.52)) 2.43.1.20241119) #1 SMP Tue Oct 28 06:31:39 EET 2025
[    0.000000] CPU: ARMv7 Processor [413fc082] revision 2 (ARMv7), cr=10c5387d
[    0.000000] CPU: PIPT / VIPT nonaliasing data cache, VIPT aliasing instruction cache
[    0.000000] OF: fdt: Machine model: TI AM335x BeagleBone Black
[    0.000000] Memory policy: Data cache writeback
[    0.000000] cma: Reserved 16 MiB at 0x9e800000
[    0.000000] Zone ranges:
[    0.000000]   Normal   [mem 0x0000000080000000-0x000000009fdfffff]
[    0.000000]   HighMem  empty
[    0.000000] Movable zone start for each node
[    0.000000] Early memory node ranges
[    0.000000]   node   0: [mem 0x0000000080000000-0x000000009fdfffff]
[    0.000000] Initmem setup node 0 [mem 0x0000000080000000-0x000000009fdfffff]
[    0.000000] On node 0, zone Normal: 512 pages in unavailable ranges
[    0.000000] OF: reserved mem: Reserved memory: No reserved-memory node in the DT
[    0.000000] CPU: All CPU(s) started in SVC mode.
[    0.000000] AM335X ES2.1 (sgx neon)
[    0.000000] percpu: Embedded 17 pages/cpu s40012 r8192 d21428 u69632
[    0.000000] pcpu-alloc: s40012 r8192 d21428 u69632 alloc=17*4096
[    0.000000] pcpu-alloc: [0] 0 
[    0.000000] Kernel command line: console=ttyO0,115200n8 root=/dev/nfs rw nfsroot=192.168.255.126:/home/user01/nfs,nfsvers=3 ip=192.168.255.1:192.168.255.126::255.255.255.0:bbb1:eth0 nfsrootdebug
[    0.000000] Unknown kernel command line parameters "nfsrootdebug", will be passed to user space.
[    0.000000] printk: log buffer data + meta data: 65536 + 204800 = 270336 bytes
[    0.000000] Dentry cache hash table entries: 65536 (order: 6, 262144 bytes, linear)
[    0.000000] Inode-cache hash table entries: 32768 (order: 5, 131072 bytes, linear)
[    0.000000] Built 1 zonelists, mobility grouping on.  Total pages: 130560
[    0.000000] mem auto-init: stack:off, heap alloc:off, heap free:off
[    0.000000] SLUB: HWalign=16, Order=0-3, MinObjects=0, CPUs=1, Nodes=1
[    0.000000] rcu: Hierarchical RCU implementation.
[    0.000000] rcu: 	RCU event tracing is enabled.
[    0.000000] rcu: 	RCU restricting CPUs from NR_CPUS=2 to nr_cpu_ids=1.
[    0.000000] 	Tracing variant of Tasks RCU enabled.
[    0.000000] rcu: RCU calculated value of scheduler-enlistment delay is 10 jiffies.
[    0.000000] rcu: Adjusting geometry for rcu_fanout_leaf=16, nr_cpu_ids=1
[    0.000000] RCU Tasks Trace: Setting shift to 0 and lim to 1 rcu_task_cb_adjust=1 rcu_task_cpu_ids=1.
[    0.000000] NR_IRQS: 16, nr_irqs: 16, preallocated irqs: 16
[    0.000000] IRQ: Found an INTC at 0x(ptrval) (revision 5.0) with 128 interrupts
[    0.000000] rcu: srcu_init: Setting srcu_struct sizes based on contention.
[    0.000000] TI gptimer clocksource: always-on /ocp/interconnect@44c00000/segment@200000/target-module@31000
[    0.000003] sched_clock: 32 bits at 24MHz, resolution 41ns, wraps every 89478484971ns
[    0.000027] clocksource: dmtimer: mask: 0xffffffff max_cycles: 0xffffffff, max_idle_ns: 79635851949 ns
[    0.000496] TI gptimer clockevent: 24000000 Hz at /ocp/interconnect@48000000/segment@0/target-module@40000
[    0.002060] Console: colour dummy device 80x30
[    0.002126] WARNING: Your 'console=ttyO0' has been replaced by 'ttyS0'
[    0.002133] This ensures that you still see kernel messages. Please
[    0.002138] update your kernel commandline.
[    0.002181] Calibrating delay loop... 996.14 BogoMIPS (lpj=4980736)
[    0.090609] CPU: Testing write buffer coherency: ok
[    0.090691] CPU0: Spectre v2: using BPIALL workaround
[    0.090700] pid_max: default: 32768 minimum: 301
[    0.091002] Mount-cache hash table entries: 1024 (order: 0, 4096 bytes, linear)
[    0.091025] Mountpoint-cache hash table entries: 1024 (order: 0, 4096 bytes, linear)
[    0.092606] CPU0: thread -1, cpu 0, socket -1, mpidr 0
[    0.092664] cacheinfo: Unable to detect cache hierarchy for CPU 0
[    0.094703] Setting up static identity map for 0x80100000 - 0x80100078
[    0.095016] rcu: Hierarchical SRCU implementation.
[    0.095028] rcu: 	Max phase no-delay instances is 1000.
[    0.096720] smp: Bringing up secondary CPUs ...
[    0.096773] smp: Brought up 1 node, 1 CPU
[    0.096786] SMP: Total of 1 processors activated (996.14 BogoMIPS).
[    0.096797] CPU: All CPU(s) started in SVC mode.
[    0.096994] Memory: 480992K/522240K available (11264K kernel code, 1226K rwdata, 2952K rodata, 1024K init, 256K bss, 23336K reserved, 16384K cma-reserved, 0K highmem)
[    0.097813] devtmpfs: initialized
[    0.115373] VFP support v0.3: implementor 41 architecture 3 part 30 variant c rev 3
[    0.116049] clocksource: jiffies: mask: 0xffffffff max_cycles: 0xffffffff, max_idle_ns: 19112604462750000 ns
[    0.116111] posixtimers hash table entries: 512 (order: 0, 4096 bytes, linear)
[    0.116136] futex hash table entries: 256 (16384 bytes on 1 NUMA nodes, total 16 KiB, linear).
[    0.119345] NET: Registered PF_NETLINK/PF_ROUTE protocol family
[    0.122450] DMA: preallocated 256 KiB pool for atomic coherent allocations
[    0.123055] audit: initializing netlink subsys (disabled)
[    0.124400] thermal_sys: Registered thermal governor 'fair_share'
[    0.124417] thermal_sys: Registered thermal governor 'step_wise'
[    0.124426] thermal_sys: Registered thermal governor 'user_space'
[    0.124538] audit: type=2000 audit(0.120:1): state=initialized audit_enabled=0 res=1
[    0.124606] cpuidle: using governor menu
[    0.142847] /ocp/interconnect@44c00000/segment@200000/target-module@b000/i2c@0/tda19988@70: Fixed dependency cycle(s) with /ocp/interconnect@48000000/segment@300000/target-module@e000/lcdc@0
[    0.143929] /ocp/interconnect@48000000/segment@300000/target-module@e000/lcdc@0: Fixed dependency cycle(s) with /ocp/interconnect@44c00000/segment@200000/target-module@b000/i2c@0/tda19988@70
[    0.146132] No ATAGs?
[    0.146169] hw-breakpoint: debug architecture 0x4 unsupported.
[    0.149246] kprobes: kprobe jump-optimization is enabled. All kprobes are optimized if possible.
[    0.164083] iommu: Default domain type: Translated
[    0.164109] iommu: DMA domain TLB invalidation policy: strict mode
[    0.165713] reg-fixed-voltage fixedregulator0: using DT '/fixedregulator0' for '(default)' GPIO lookup
[    0.165768] of_get_named_gpiod_flags: can't parse 'gpios' property of node '/fixedregulator0[0]'
[    0.165796] of_get_named_gpiod_flags: can't parse 'gpio' property of node '/fixedregulator0[0]'
[    0.165814] reg-fixed-voltage fixedregulator0: using lookup tables for GPIO lookup
[    0.165824] reg-fixed-voltage fixedregulator0: No GPIO consumer (default) found
[    0.171386] SCSI subsystem initialized
[    0.171864] libata version 3.00 loaded.
[    0.172246] pps_core: LinuxPPS API ver. 1 registered
[    0.172257] pps_core: Software ver. 5.3.6 - Copyright 2005-2007 Rodolfo Giometti <giometti@linux.it>
[    0.172280] PTP clock support registered
[    0.174279] vgaarb: loaded
[    0.180825] clocksource: Switched to clocksource dmtimer
[    0.181526] VFS: Disk quotas dquot_6.6.0
[    0.181588] VFS: Dquot-cache hash table entries: 1024 (order 0, 4096 bytes)
[    0.209372] NET: Registered PF_INET protocol family
[    0.209708] IP idents hash table entries: 8192 (order: 4, 65536 bytes, linear)
[    0.211123] tcp_listen_portaddr_hash hash table entries: 512 (order: 0, 4096 bytes, linear)
[    0.211161] Table-perturb hash table entries: 65536 (order: 6, 262144 bytes, linear)
[    0.211180] TCP established hash table entries: 4096 (order: 2, 16384 bytes, linear)
[    0.211226] TCP bind hash table entries: 4096 (order: 4, 65536 bytes, linear)
[    0.211326] TCP: Hash tables configured (established 4096 bind 4096)
[    0.211450] UDP hash table entries: 256 (order: 1, 14336 bytes, linear)
[    0.211482] UDP-Lite hash table entries: 256 (order: 1, 14336 bytes, linear)
[    0.211685] NET: Registered PF_UNIX/PF_LOCAL protocol family
[    0.212962] RPC: Registered named UNIX socket transport module.
[    0.212983] RPC: Registered udp transport module.
[    0.212988] RPC: Registered tcp transport module.
[    0.212993] RPC: Registered tcp-with-tls transport module.
[    0.212998] RPC: Registered tcp NFSv4.1 backchannel transport module.
[    0.213021] PCI: CLS 0 bytes, default 64
[    0.214437] Initialise system trusted keyrings
[    0.225061] workingset: timestamp_bits=14 max_order=17 bucket_order=3
[    0.226476] NFS: Registering the id_resolver key type
[    0.226549] Key type id_resolver registered
[    0.226556] Key type id_legacy registered
[    0.226674] jffs2: version 2.2. (NAND) (SUMMARY)  Â© 2001-2006 Red Hat, Inc.
[    0.227144] Key type asymmetric registered
[    0.227163] Asymmetric key parser 'x509' registered
[    0.227238] io scheduler mq-deadline registered
[    0.227250] io scheduler kyber registered
[    0.227332] io scheduler bfq registered
[    0.229255] target-module@4b000000:target-module@140000:pmu@0:fck: device ID is greater than 24
[    0.230453] ledtrig-cpu: registered to indicate activity on CPUs
[    0.245173] Serial: 8250/16550 driver, 6 ports, IRQ sharing enabled
[    0.285373] brd: module loaded
[    0.307101] loop: module loaded
[    0.308043] mtdoops: mtd device (mtddev=name/number) must be supplied
[    0.309602] mdio_bus fixed-0: using lookup tables for GPIO lookup
[    0.309626] mdio_bus fixed-0: No GPIO consumer reset found
[    0.311047] i2c_dev: i2c /dev entries driver
[    0.312079] cpuidle: enable-method property 'ti,am3352' found operations
[    0.312526] sdhci: Secure Digital Host Controller Interface driver
[    0.312536] sdhci: Copyright(c) Pierre Ossman
[    0.312719] sdhci-pltfm: SDHCI platform and OF driver helper
[    0.314260] hw perfevents: enabled with armv7_cortex_a8 PMU driver, 5 (8000000f) counters available
[    0.314951] Initializing XFRM netlink socket
[    0.315126] NET: Registered PF_INET6 protocol family
[    0.317178] Segment Routing with IPv6
[    0.317261] In-situ OAM (IOAM) with IPv6
[    0.317357] sit: IPv6, IPv4 and MPLS over IPv4 tunneling driver
[    0.318331] NET: Registered PF_PACKET protocol family
[    0.318361] NET: Registered PF_KEY protocol family
[    0.318492] Key type dns_resolver registered
[    0.318717] ThumbEE CPU extension supported.
[    0.318738] Registering SWP/SWPB emulation handler
[    0.319263] omap_voltage_late_init: Voltage driver support not added
[    0.319935] SmartReflex Class3 initialized
[    0.350962] Loading compiled-in X.509 certificates
[    0.396909] /ocp/interconnect@44c00000/segment@200000/target-module@b000/i2c@0/tda19988@70: Fixed dependency cycle(s) with /ocp/interconnect@48000000/segment@300000/target-module@e000/lcdc@0
[    0.403322] /ocp/interconnect@44c00000/segment@200000/target-module@b000/i2c@0/tda19988@70: Fixed dependency cycle(s) with /ocp/interconnect@48000000/segment@300000/target-module@e000/lcdc@0
[    0.409030] gpiochip_find_base_unlocked: found new base at 512
[    0.431087] /ocp/interconnect@44c00000/segment@200000/target-module@b000/i2c@0/tda19988@70: Fixed dependency cycle(s) with /ocp/interconnect@48000000/segment@300000/target-module@e000/lcdc@0
[    0.431984] /ocp/interconnect@44c00000/segment@200000/target-module@b000/i2c@0/tda19988@70: Fixed dependency cycle(s) with /ocp/interconnect@48000000/segment@300000/target-module@e000/lcdc@0
[    0.435808] /ocp/interconnect@44c00000/segment@200000/target-module@10000/scm@0/pinmux@800: Fixed dependency cycle(s) with /ocp/interconnect@44c00000/segment@200000/target-module@10000/scm@0/pinmux@800/clkout2-pins
[    0.436405] pinctrl-single 44e10800.pinmux: 142 pins, size 568
[    0.441847] ti-sysc 44e31000.target-module: probe with driver ti-sysc failed with error -16
[    0.481618] /ocp/interconnect@48000000/segment@300000/target-module@e000/lcdc@0: Fixed dependency cycle(s) with /ocp/interconnect@44c00000/segment@200000/target-module@b000/i2c@0/tda19988@70
[    0.489986] ti-sysc 48040000.target-module: probe with driver ti-sysc failed with error -16
[    0.501636] gpiochip_find_base_unlocked: found new base at 512
[    0.501748] gpio gpiochip0: (gpio-0-31): created GPIO range 0->7 ==> 44e10800.pinmux PIN 0->7
[    0.501767] gpio gpiochip0: (gpio-0-31): created GPIO range 8->11 ==> 44e10800.pinmux PIN 90->93
[    0.501783] gpio gpiochip0: (gpio-0-31): created GPIO range 12->27 ==> 44e10800.pinmux PIN 12->27
[    0.501799] gpio gpiochip0: (gpio-0-31): created GPIO range 28->31 ==> 44e10800.pinmux PIN 30->33
[    0.529500] gpio gpiochip0: (gpio-0-31): added GPIO chardev (254:0)
[    0.529755] gpio gpiochip0: registered GPIOs 512 to 543 on gpio-0-31
[    0.529842] OMAP GPIO hardware version 0.1
[    0.582790] i2c i2c-2: using DT '/ocp/interconnect@48000000/segment@100000/target-module@9c000/i2c@0' for 'scl' GPIO lookup
[    0.582861] of_get_named_gpiod_flags: can't parse 'scl-gpios' property of node '/ocp/interconnect@48000000/segment@100000/target-module@9c000/i2c@0[0]'
[    0.582904] of_get_named_gpiod_flags: can't parse 'scl-gpio' property of node '/ocp/interconnect@48000000/segment@100000/target-module@9c000/i2c@0[0]'
[    0.582940] i2c i2c-2: using lookup tables for GPIO lookup
[    0.582950] i2c i2c-2: No GPIO consumer scl found
[    0.582972] i2c i2c-2: using DT '/ocp/interconnect@48000000/segment@100000/target-module@9c000/i2c@0' for 'sda' GPIO lookup
[    0.583008] of_get_named_gpiod_flags: can't parse 'sda-gpios' property of node '/ocp/interconnect@48000000/segment@100000/target-module@9c000/i2c@0[0]'
[    0.583044] of_get_named_gpiod_flags: can't parse 'sda-gpio' property of node '/ocp/interconnect@48000000/segment@100000/target-module@9c000/i2c@0[0]'
[    0.583075] i2c i2c-2: using lookup tables for GPIO lookup
[    0.583083] i2c i2c-2: No GPIO consumer sda found
[    0.583806] omap_i2c 4819c000.i2c: bus 2 rev0.11 at 100 kHz
[    0.589654] gpiochip_find_base_unlocked: found new base at 544
[    0.589757] gpio gpiochip1: (gpio-32-63): created GPIO range 0->17 ==> 44e10800.pinmux PIN 34->51
[    0.589777] gpio gpiochip1: (gpio-32-63): created GPIO range 18->21 ==> 44e10800.pinmux PIN 77->80
[    0.589793] gpio gpiochip1: (gpio-32-63): created GPIO range 22->31 ==> 44e10800.pinmux PIN 56->65
[    0.590658] gpio gpiochip1: (gpio-32-63): added GPIO chardev (254:1)
[    0.590885] gpio gpiochip1: registered GPIOs 544 to 575 on gpio-32-63
[    0.593148] gpiochip_find_base_unlocked: found new base at 576
[    0.593240] gpio gpiochip2: (gpio-64-95): created GPIO range 0->4 ==> 44e10800.pinmux PIN 66->70
[    0.593259] gpio gpiochip2: (gpio-64-95): created GPIO range 5->6 ==> 44e10800.pinmux PIN 98->99
[    0.593275] gpio gpiochip2: (gpio-64-95): created GPIO range 7->8 ==> 44e10800.pinmux PIN 75->76
[    0.593291] gpio gpiochip2: (gpio-64-95): created GPIO range 13->13 ==> 44e10800.pinmux PIN 141->141
[    0.593307] gpio gpiochip2: (gpio-64-95): created GPIO range 14->21 ==> 44e10800.pinmux PIN 100->107
[    0.593950] gpio gpiochip2: (gpio-64-95): added GPIO chardev (254:2)
[    0.594164] gpio gpiochip2: registered GPIOs 576 to 607 on gpio-64-95
[    0.600062] 48000000.interconnect:segment@200000:target-module@0:mpu@0:fck: device ID is greater than 24
[    0.600953] /ocp/interconnect@48000000/segment@300000/target-module@e000/lcdc@0: Fixed dependency cycle(s) with /ocp/interconnect@44c00000/segment@200000/target-module@b000/i2c@0/tda19988@70
[    0.603781] /ocp/interconnect@48000000/segment@300000/target-module@e000/lcdc@0: Fixed dependency cycle(s) with /ocp/interconnect@44c00000/segment@200000/target-module@b000/i2c@0/tda19988@70
[    0.604500] /ocp/interconnect@44c00000/segment@200000/target-module@b000/i2c@0/tda19988@70: Fixed dependency cycle(s) with /ocp/interconnect@48000000/segment@300000/target-module@e000/lcdc@0
[    0.604830] /ocp/interconnect@48000000/segment@300000/target-module@e000/lcdc@0: Fixed dependency cycle(s) with /ocp/interconnect@44c00000/segment@200000/target-module@b000/i2c@0/tda19988@70
[    0.612184] sdhci-omap 481d8000.mmc: using DT '/ocp/interconnect@48000000/segment@100000/target-module@d8000/mmc@0' for 'wp' GPIO lookup
[    0.612256] of_get_named_gpiod_flags: can't parse 'wp-gpios' property of node '/ocp/interconnect@48000000/segment@100000/target-module@d8000/mmc@0[0]'
[    0.612298] of_get_named_gpiod_flags: can't parse 'wp-gpio' property of node '/ocp/interconnect@48000000/segment@100000/target-module@d8000/mmc@0[0]'
[    0.612334] sdhci-omap 481d8000.mmc: using lookup tables for GPIO lookup
[    0.612345] sdhci-omap 481d8000.mmc: No GPIO consumer wp found
[    0.612537] sdhci-omap 481d8000.mmc: supply pbias not found, using dummy regulator
[    0.613022] sdhci-omap 481d8000.mmc: supply vqmmc not found, using dummy regulator
[    0.630707] mdio_bus 4a101000.mdio: using DT '/ocp/interconnect@4a000000/segment@0/target-module@100000/switch@0/mdio@1000' for 'reset' GPIO lookup
[    0.630778] of_get_named_gpiod_flags: can't parse 'reset-gpios' property of node '/ocp/interconnect@4a000000/segment@0/target-module@100000/switch@0/mdio@1000[0]'
[    0.630824] of_get_named_gpiod_flags: can't parse 'reset-gpio' property of node '/ocp/interconnect@4a000000/segment@0/target-module@100000/switch@0/mdio@1000[0]'
[    0.630870] mdio_bus 4a101000.mdio: using lookup tables for GPIO lookup
[    0.630880] mdio_bus 4a101000.mdio: No GPIO consumer reset found
[    0.684945] davinci_mdio 4a101000.mdio: davinci mdio revision 1.6, bus freq 1000000
[    0.707271] mdio_bus 4a101000.mdio:00: using DT '/ocp/interconnect@4a000000/segment@0/target-module@100000/switch@0/mdio@1000/ethernet-phy@0' for 'reset' GPIO lookup
[    0.707371] of_get_named_gpiod_flags: parsed 'reset-gpios' property of node '/ocp/interconnect@4a000000/segment@0/target-module@100000/switch@0/mdio@1000/ethernet-phy@0[0]' - status (0)
[    0.707535] gpio gpiochip0: Persistence not supported for GPIO 8
[    0.836678] davinci_mdio 4a101000.mdio: phy[0]: device 4a101000.mdio:00, driver SMSC LAN8710/LAN8720
[    0.837460] cpsw-switch 4a100000.switch: initialized cpsw ale version 1.4
[    0.837480] cpsw-switch 4a100000.switch: ALE Table size 1024, Policers 0
[    0.837653] cpsw-switch 4a100000.switch: cpts: overflow check period 500 (jiffies)
[    0.837669] cpsw-switch 4a100000.switch: CPTS: ref_clk_freq:250000000 calc_mult:2147483648 calc_shift:29 error:0 nsec/sec
[    0.837777] cpsw-switch 4a100000.switch: Detected MACID = 6c:ec:eb:68:de:78
[    0.839645] cpsw-switch 4a100000.switch: initialized (regs 0x4a100000, pool size 256) hw_ver:0019010C 1.12 (0)
[    0.852440] debugfs: '49000000.dma' already exists in 'dmaengine'
[    0.852484] edma 49000000.dma: TI EDMA DMA engine driver
[    0.898975] gpio-clk clk_mcasp0: using DT '/clk_mcasp0' for 'enable' GPIO lookup
[    0.899052] of_get_named_gpiod_flags: parsed 'enable-gpios' property of node '/clk_mcasp0[0]' - status (0)
[    0.899097] gpio gpiochip0: Persistence not supported for GPIO 27
[    0.899846] gpiochip_find_base_unlocked: found new base at 608
[    0.899960] gpio gpiochip3: (gpio-96-127): created GPIO range 0->7 ==> 44e10800.pinmux PIN 82->89
[    0.899981] gpio gpiochip3: (gpio-96-127): created GPIO range 8->11 ==> 44e10800.pinmux PIN 52->55
[    0.899996] gpio gpiochip3: (gpio-96-127): created GPIO range 12->15 ==> 44e10800.pinmux PIN 94->97
[    0.900012] gpio gpiochip3: (gpio-96-127): created GPIO range 16->17 ==> 44e10800.pinmux PIN 71->72
[    0.900028] gpio gpiochip3: (gpio-96-127): created GPIO range 18->18 ==> 44e10800.pinmux PIN 135->135
[    0.900045] gpio gpiochip3: (gpio-96-127): created GPIO range 19->20 ==> 44e10800.pinmux PIN 108->109
[    0.900061] gpio gpiochip3: (gpio-96-127): created GPIO range 21->21 ==> 44e10800.pinmux PIN 73->73
[    0.900078] gpio gpiochip3: (gpio-96-127): created GPIO range 22->23 ==> 44e10800.pinmux PIN 8->9
[    0.900096] gpio gpiochip3: (gpio-96-127): created GPIO range 26->27 ==> 44e10800.pinmux PIN 10->11
[    0.900114] gpio gpiochip3: (gpio-96-127): created GPIO range 28->28 ==> 44e10800.pinmux PIN 74->74
[    0.900132] gpio gpiochip3: (gpio-96-127): created GPIO range 29->29 ==> 44e10800.pinmux PIN 81->81
[    0.900151] gpio gpiochip3: (gpio-96-127): created GPIO range 30->31 ==> 44e10800.pinmux PIN 28->29
[    0.908162] gpio gpiochip3: (gpio-96-127): added GPIO chardev (254:3)
[    0.908404] gpio gpiochip3: registered GPIOs 608 to 639 on gpio-96-127
[    0.921604] omap8250 44e09000.serial: using DT '/ocp/interconnect@44c00000/segment@200000/target-module@9000/serial@0' for 'rs485-term' GPIO lookup
[    0.921679] of_get_named_gpiod_flags: can't parse 'rs485-term-gpios' property of node '/ocp/interconnect@44c00000/segment@200000/target-module@9000/serial@0[0]'
[    0.921723] of_get_named_gpiod_flags: can't parse 'rs485-term-gpio' property of node '/ocp/interconnect@44c00000/segment@200000/target-module@9000/serial@0[0]'
[    0.921759] omap8250 44e09000.serial: using lookup tables for GPIO lookup
[    0.921769] omap8250 44e09000.serial: No GPIO consumer rs485-term found
[    0.921780] omap8250 44e09000.serial: using DT '/ocp/interconnect@44c00000/segment@200000/target-module@9000/serial@0' for 'rs485-rx-during-tx' GPIO lookup
[    0.921815] of_get_named_gpiod_flags: can't parse 'rs485-rx-during-tx-gpios' property of node '/ocp/interconnect@44c00000/segment@200000/target-module@9000/serial@0[0]'
