Labgrid Console Logfile for main
Logfile started at 2025-03-10 02:28:54.633500
=== Log starts here ===
reading args
spl_load_image_fat_os: error reading image args, err - -1
reading u-boot.img
reading u-boot.img


U-Boot 2014.04-00014-g47880f5 (Apr 22 2014 - 13:23:54)

I2C:   ready
DRAM:  512 MiB
NAND:  0 MiB
MMC:   OMAP SD/MMC: 0, OMAP SD/MMC: 1
*** Warning - readenv() failed, using default environment

Net:   <ethaddr> not set. Validating first E-fuse MAC
cpsw, usb_ether
Hit any key to stop autoboot:  1  0 
gpio: pin 53 (gpio 53) value is 1
mmc0 is current device
gpio: pin 54 (gpio 54) value is 1
SD/MMC found on device 0
reading uEnv.txt
569 bytes read in 4 ms (138.7 KiB/s)
gpio: pin 55 (gpio 55) value is 1
Loaded environment from uEnv.txt
Importing environment from mmc ...
Checking if uenvcmd is set ...
gpio: pin 56 (gpio 56) value is 1
Running uenvcmd ...
cpsw Waiting for PHY auto negotiation to complete. done
link up on port 0, speed 100, full duplex
Using cpsw device
TFTP from server 192.168.255.126; our IP address is 192.168.255.1
Filename 'zImage'.
Load address: 0x81000000
Loading: *#################################################################
	 #################################################################
	 #################################################################
	 #################################################################
	 #################################################################
	 #####################################################
	 2.4 MiB/s
done
Bytes transferred = 5540336 (5489f0 hex)
link up on port 0, speed 100, full duplex
Using cpsw device
TFTP from server 192.168.255.126; our IP address is 192.168.255.1
Filename 'am335x-boneblack.dtb'.
Load address: 0x82000000
Loading: *#######
	 1.2 MiB/s
done
Bytes transferred = 98244 (17fc4 hex)
Kernel image @ 0x81000000 [ 0x000000 - 0x5489f0 ]
## Flattened Device Tree blob at 82000000
   Booting using the fdt blob at 0x82000000
   Using Device Tree in place at 82000000, end 8201afc3

Starting kernel ...

[    0.000000] Booting Linux on physical CPU 0x0
[    0.000000] Linux version 6.14.0-rc6 (user01@drvtest01) (arm-none-eabi-gcc (Arm GNU Toolchain 14.2.Rel1 (Build arm-14.52)) 14.2.1 20241119, GNU ld (Arm GNU Toolchain 14.2.Rel1 (Build arm-14.52)) 2.43.1.20241119) #1 SMP Mon Mar 10 02:27:39 EET 2025
[    0.000000] CPU: ARMv7 Processor [413fc082] revision 2 (ARMv7), cr=10c5387d
[    0.000000] CPU: PIPT / VIPT nonaliasing data cache, VIPT aliasing instruction cache
[    0.000000] OF: fdt: Machine model: TI AM335x BeagleBone Black
[    0.000000] Memory policy: Data cache writeback
[    0.000000] cma: Reserved 16 MiB at 0x9e800000 on node -1
[    0.000000] Zone ranges:
[    0.000000]   Normal   [mem 0x0000000080000000-0x000000009fdfffff]
[    0.000000]   HighMem  empty
[    0.000000] Movable zone start for each node
[    0.000000] Early memory node ranges
[    0.000000]   node   0: [mem 0x0000000080000000-0x000000009fdfffff]
[    0.000000] Initmem setup node 0 [mem 0x0000000080000000-0x000000009fdfffff]
[    0.000000] OF: reserved mem: Reserved memory: No reserved-memory node in the DT
[    0.000000] CPU: All CPU(s) started in SVC mode.
[    0.000000] AM335X ES2.1 (sgx neon)
[    0.000000] percpu: Embedded 17 pages/cpu s39628 r8192 d21812 u69632
[    0.000000] Kernel command line: console=ttyO0,115200n8 root=/dev/nfs rw nfsroot=192.168.255.126:/home/user01/nfs,nfsvers=3 ip=192.168.255.1:192.168.255.126::255.255.255.0:bbb1:eth0 nfsrootdebug
[    0.000000] Unknown kernel command line parameters "nfsrootdebug", will be passed to user space.
[    0.000000] printk: log buffer data + meta data: 65536 + 204800 = 270336 bytes
[    0.000000] Dentry cache hash table entries: 65536 (order: 6, 262144 bytes, linear)
[    0.000000] Inode-cache hash table entries: 32768 (order: 5, 131072 bytes, linear)
[    0.000000] Built 1 zonelists, mobility grouping on.  Total pages: 130560
[    0.000000] mem auto-init: stack:off, heap alloc:off, heap free:off
[    0.000000] SLUB: HWalign=16, Order=0-3, MinObjects=0, CPUs=1, Nodes=1
[    0.000000] rcu: Hierarchical RCU implementation.
[    0.000000] rcu: 	RCU event tracing is enabled.
[    0.000000] rcu: 	RCU restricting CPUs from NR_CPUS=2 to nr_cpu_ids=1.
[    0.000000] 	Tracing variant of Tasks RCU enabled.
[    0.000000] rcu: RCU calculated value of scheduler-enlistment delay is 10 jiffies.
[    0.000000] rcu: Adjusting geometry for rcu_fanout_leaf=16, nr_cpu_ids=1
[    0.000000] RCU Tasks Trace: Setting shift to 0 and lim to 1 rcu_task_cb_adjust=1 rcu_task_cpu_ids=1.
[    0.000000] NR_IRQS: 16, nr_irqs: 16, preallocated irqs: 16
[    0.000000] IRQ: Found an INTC at 0x(ptrval) (revision 5.0) with 128 interrupts
[    0.000000] rcu: srcu_init: Setting srcu_struct sizes based on contention.
[    0.000000] TI gptimer clocksource: always-on /ocp/interconnect@44c00000/segment@200000/target-module@31000
[    0.000003] sched_clock: 32 bits at 24MHz, resolution 41ns, wraps every 89478484971ns
[    0.000027] clocksource: dmtimer: mask: 0xffffffff max_cycles: 0xffffffff, max_idle_ns: 79635851949 ns
[    0.000511] TI gptimer clockevent: 24000000 Hz at /ocp/interconnect@48000000/segment@0/target-module@40000
[    0.002173] Console: colour dummy device 80x30
[    0.002238] WARNING: Your 'console=ttyO0' has been replaced by 'ttyS0'
[    0.002245] This ensures that you still see kernel messages. Please
[    0.002250] update your kernel commandline.
[    0.002293] Calibrating delay loop... 996.14 BogoMIPS (lpj=4980736)
[    0.090557] CPU: Testing write buffer coherency: ok
[    0.090665] CPU0: Spectre v2: using BPIALL workaround
[    0.090675] pid_max: default: 32768 minimum: 301
[    0.090809] LSM: initializing lsm=capability
[    0.090986] Mount-cache hash table entries: 1024 (order: 0, 4096 bytes, linear)
[    0.091005] Mountpoint-cache hash table entries: 1024 (order: 0, 4096 bytes, linear)
[    0.092597] CPU0: thread -1, cpu 0, socket -1, mpidr 0
[    0.092655] cacheinfo: Unable to detect cache hierarchy for CPU 0
[    0.160907] Setting up static identity map for 0x80100000 - 0x80100078
[    0.170709] rcu: Hierarchical SRCU implementation.
[    0.170721] rcu: 	Max phase no-delay instances is 1000.
[    0.190756] smp: Bringing up secondary CPUs ...
[    0.190809] smp: Brought up 1 node, 1 CPU
[    0.190823] SMP: Total of 1 processors activated (996.14 BogoMIPS).
[    0.190835] CPU: All CPU(s) started in SVC mode.
[    0.191011] Memory: 480844K/522240K available (11264K kernel code, 1209K rwdata, 2896K rodata, 1024K init, 291K bss, 23380K reserved, 16384K cma-reserved, 0K highmem)
[    0.191866] devtmpfs: initialized
[    0.208148] VFP support v0.3: implementor 41 architecture 3 part 30 variant c rev 3
[    0.208488] clocksource: jiffies: mask: 0xffffffff max_cycles: 0xffffffff, max_idle_ns: 19112604462750000 ns
[    0.208524] futex hash table entries: 256 (order: 2, 16384 bytes, linear)
[    0.209864] pinctrl core: initialized pinctrl subsystem
[    0.212774] NET: Registered PF_NETLINK/PF_ROUTE protocol family
[    0.215532] DMA: preallocated 256 KiB pool for atomic coherent allocations
[    0.216427] audit: initializing netlink subsys (disabled)
[    0.217769] thermal_sys: Registered thermal governor 'fair_share'
[    0.217786] thermal_sys: Registered thermal governor 'step_wise'
[    0.217795] thermal_sys: Registered thermal governor 'user_space'
[    0.217935] audit: type=2000 audit(0.210:1): state=initialized audit_enabled=0 res=1
[    0.217971] cpuidle: using governor menu
[    0.235868] /ocp/interconnect@44c00000/segment@200000/target-module@b000/i2c@0/tda19988@70: Fixed dependency cycle(s) with /ocp/interconnect@48000000/segment@300000/target-module@e000/lcdc@0
[    0.236985] /ocp/interconnect@48000000/segment@300000/target-module@e000/lcdc@0: Fixed dependency cycle(s) with /ocp/interconnect@44c00000/segment@200000/target-module@b000/i2c@0/tda19988@70
[    0.239121] No ATAGs?
[    0.239163] hw-breakpoint: debug architecture 0x4 unsupported.
[    0.242009] kprobes: kprobe jump-optimization is enabled. All kprobes are optimized if possible.
[    0.253839] iommu: Default domain type: Translated
[    0.253862] iommu: DMA domain TLB invalidation policy: strict mode
[    0.261507] SCSI subsystem initialized
[    0.262334] pps_core: LinuxPPS API ver. 1 registered
[    0.262343] pps_core: Software ver. 5.3.6 - Copyright 2005-2007 Rodolfo Giometti <giometti@linux.it>
[    0.262364] PTP clock support registered
[    0.271325] vgaarb: loaded
[    0.271683] clocksource: Switched to clocksource dmtimer
[    0.272330] VFS: Disk quotas dquot_6.6.0
[    0.272384] VFS: Dquot-cache hash table entries: 1024 (order 0, 4096 bytes)
[    0.297020] NET: Registered PF_INET protocol family
[    0.297358] IP idents hash table entries: 8192 (order: 4, 65536 bytes, linear)
[    0.298791] tcp_listen_portaddr_hash hash table entries: 512 (order: 0, 4096 bytes, linear)
[    0.298830] Table-perturb hash table entries: 65536 (order: 6, 262144 bytes, linear)
[    0.298848] TCP established hash table entries: 4096 (order: 2, 16384 bytes, linear)
[    0.298892] TCP bind hash table entries: 4096 (order: 4, 65536 bytes, linear)
[    0.298991] TCP: Hash tables configured (established 4096 bind 4096)
[    0.299113] UDP hash table entries: 256 (order: 1, 14336 bytes, linear)
[    0.299150] UDP-Lite hash table entries: 256 (order: 1, 14336 bytes, linear)
[    0.299333] NET: Registered PF_UNIX/PF_LOCAL protocol family
[    0.300590] RPC: Registered named UNIX socket transport module.
[    0.300610] RPC: Registered udp transport module.
[    0.300616] RPC: Registered tcp transport module.
[    0.300621] RPC: Registered tcp-with-tls transport module.
[    0.300626] RPC: Registered tcp NFSv4.1 backchannel transport module.
[    0.300649] PCI: CLS 0 bytes, default 64
[    0.302193] Initialise system trusted keyrings
[    0.311971] workingset: timestamp_bits=14 max_order=17 bucket_order=3
[    0.313315] NFS: Registering the id_resolver key type
[    0.313381] Key type id_resolver registered
[    0.313389] Key type id_legacy registered
[    0.313436] jffs2: version 2.2. (NAND) (SUMMARY)  Â© 2001-2006 Red Hat, Inc.
[    0.313833] Key type asymmetric registered
[    0.313848] Asymmetric key parser 'x509' registered
[    0.313920] io scheduler mq-deadline registered
[    0.313931] io scheduler kyber registered
[    0.313999] io scheduler bfq registered
[    0.315552] ledtrig-cpu: registered to indicate activity on CPUs
[    0.318227] Serial: 8250/16550 driver, 6 ports, IRQ sharing enabled
[    0.376038] brd: module loaded
[    0.384622] loop: module loaded
[    0.385522] mtdoops: mtd device (mtddev=name/number) must be supplied
[    0.388560] i2c_dev: i2c /dev entries driver
[    0.389499] cpuidle: enable-method property 'ti,am3352' found operations
[    0.389932] sdhci: Secure Digital Host Controller Interface driver
[    0.389941] sdhci: Copyright(c) Pierre Ossman
[    0.390112] sdhci-pltfm: SDHCI platform and OF driver helper
[    0.391096] Initializing XFRM netlink socket
[    0.391249] NET: Registered PF_INET6 protocol family
[    0.406241] Segment Routing with IPv6
[    0.406336] In-situ OAM (IOAM) with IPv6
[    0.406431] sit: IPv6, IPv4 and MPLS over IPv4 tunneling driver
[    0.407362] NET: Registered PF_PACKET protocol family
[    0.407397] NET: Registered PF_KEY protocol family
[    0.407528] Key type dns_resolver registered
[    0.407752] ThumbEE CPU extension supported.
[    0.407772] Registering SWP/SWPB emulation handler
[    0.408306] omap_voltage_late_init: Voltage driver support not added
[    0.408665] SmartReflex Class3 initialized
[    0.440657] Loading compiled-in X.509 certificates
[    0.485389] OF: /ocp: Read of boolean property 'clocks' with a value.
[    0.488492] /ocp/interconnect@44c00000/segment@200000/target-module@b000/i2c@0/tda19988@70: Fixed dependency cycle(s) with /ocp/interconnect@48000000/segment@300000/target-module@e000/lcdc@0
[    0.489406] OF: /ocp/interconnect@44c00000: Read of boolean property 'clocks' with a value.
[    0.494975] /ocp/interconnect@44c00000/segment@200000/target-module@b000/i2c@0/tda19988@70: Fixed dependency cycle(s) with /ocp/interconnect@48000000/segment@300000/target-module@e000/lcdc@0
[    0.517684] /ocp/interconnect@44c00000/segment@200000/target-module@b000/i2c@0/tda19988@70: Fixed dependency cycle(s) with /ocp/interconnect@48000000/segment@300000/target-module@e000/lcdc@0
[    0.518562] /ocp/interconnect@44c00000/segment@200000/target-module@b000/i2c@0/tda19988@70: Fixed dependency cycle(s) with /ocp/interconnect@48000000/segment@300000/target-module@e000/lcdc@0
[    0.522152] /ocp/interconnect@44c00000/segment@200000/target-module@10000/scm@0/pinmux@800: Fixed dependency cycle(s) with /ocp/interconnect@44c00000/segment@200000/target-module@10000/scm@0/pinmux@800/clkout2-pins
[    0.522774] pinctrl-single 44e10800.pinmux: 142 pins, size 568
[    0.527898] ti-sysc 44e31000.target-module: probe with driver ti-sysc failed with error -16
[    0.564835] /ocp/interconnect@48000000/segment@300000/target-module@e000/lcdc@0: Fixed dependency cycle(s) with /ocp/interconnect@44c00000/segment@200000/target-module@b000/i2c@0/tda19988@70
[    0.565157] OF: /ocp/interconnect@48000000: Read of boolean property 'clocks' with a value.
[    0.572851] ti-sysc 48040000.target-module: probe with driver ti-sysc failed with error -16
[    0.619209] OMAP GPIO hardware version 0.1
[    0.647629] omap_i2c 4819c000.i2c: bus 2 rev0.11 at 100 kHz
[    0.673680] 48000000.interconnect:segment@200000:target-module@0:mpu@0:fck: device ID is greater than 24
[    0.674558] /ocp/interconnect@48000000/segment@300000/target-module@e000/lcdc@0: Fixed dependency cycle(s) with /ocp/interconnect@44c00000/segment@200000/target-module@b000/i2c@0/tda19988@70
[    0.677267] /ocp/interconnect@48000000/segment@300000/target-module@e000/lcdc@0: Fixed dependency cycle(s) with /ocp/interconnect@44c00000/segment@200000/target-module@b000/i2c@0/tda19988@70
[    0.677941] /ocp/interconnect@44c00000/segment@200000/target-module@b000/i2c@0/tda19988@70: Fixed dependency cycle(s) with /ocp/interconnect@48000000/segment@300000/target-module@e000/lcdc@0
[    0.678099] /ocp/interconnect@48000000/segment@300000/target-module@e000/lcdc@0: Fixed dependency cycle(s) with /ocp/interconnect@44c00000/segment@200000/target-module@b000/i2c@0/tda19988@70
[    0.682334] OF: /ocp/interconnect@4a000000: Read of boolean property 'clocks' with a value.
[    0.689261] sdhci-omap 481d8000.mmc: supply pbias not found, using dummy regulator
[    0.689750] sdhci-omap 481d8000.mmc: supply vqmmc not found, using dummy regulator
[    0.744595] davinci_mdio 4a101000.mdio: davinci mdio revision 1.6, bus freq 1000000
[    0.897350] davinci_mdio 4a101000.mdio: phy[0]: device 4a101000.mdio:00, driver SMSC LAN8710/LAN8720
[    0.898124] cpsw-switch 4a100000.switch: initialized cpsw ale version 1.4
[    0.898145] cpsw-switch 4a100000.switch: ALE Table size 1024, Policers 0
[    0.898299] cpsw-switch 4a100000.switch: cpts: overflow check period 500 (jiffies)
[    0.898315] cpsw-switch 4a100000.switch: CPTS: ref_clk_freq:250000000 calc_mult:2147483648 calc_shift:29 error:0 nsec/sec
[    0.898424] cpsw-switch 4a100000.switch: Detect ed MACID = 6c:ec:eb:68:de:78
[    0.900175] cpsw-switch 4a100 000.switch: initialized (regs 0x4a100000, pool size 256) hw_ve r:0019010C 1.12 (0)
[    0.910796] debugfs: Directory '490000 00.dma' with parent 'dmaengine' already present!
[    0.910836] edma 
[    2.490036] tps65217 0-0024: TPS65217 ID 0xe version 1.2
[    2.496159] /ocp/interconnect@48000000/segment@300000/target-module@e000/lcdc@0: Fixed dependency cycle(s) with /ocp/interconnect@44c00000/segment@200000/target-module@b000/i2c@0/tda19988@70
[    2.513521] /ocp/interconnect@44c00000/segment@200000/target-module@b000/i2c@0/tda19988@70: Fixed dependency cycle(s) with /ocp/interconnect@48000000/segment@300000/target-module@e000/lcdc@0
[    2.530886] omap_i2c 44e0b000.i2c: bus 0 rev0.11 at 400 kHz
[    2.538831] omap_gpio 44e07000.gpio: Could not set line 6 debounce to 200000 microseconds (-22)
[    2.547708] sdhci-omap 48060000.mmc: Got CD GPIO
[    2.552752] sdhci-omap 48060000.mmc: supply pbias not found, using dummy regulator
[    2.562712] sdhci-omap 48060000.mmc: supply vqmmc not found, using dummy regulator
[    2.571270] sdhci-omap 481d8000.mmc: supply pbias not found, using dummy regulator
[    2.579847] sdhci-omap 481d8000.mmc: supply vqmmc not found, using dummy regulator
[    2.615419] mmc0: SDHCI controller on 48060000.mmc [48060000.mmc] using External DMA
[    2.623736] mmc1: SDHCI controller on 481d8000.mmc [481d8000.mmc] using External DMA
[    2.632476] cpsw-switch 4a100000.switch: starting ndev. mode: dual_mac
[    2.683528] mmc0: new high speed SDHC card at address 5048
[    2.690548] mmcblk0: mmc0:5048 SD16G 14.4 GiB
[    2.698594]  mmcblk0: p1 p2
[    2.702057] mmcblk0: p2 size 31221760 extends beyond EOD, truncated
[    2.712942] SMSC LAN8710/LAN8720 4a101000.mdio:00: attached PHY driver (mii_bus:phy_addr=4a101000.mdio:00, irq=POLL)
[    2.731224] mmc1: new high speed MMC card at address 0001
[    2.738238] mmcblk1: mmc1:0001 MMC04G 3.60 GiB
[    2.745545]  mmcblk1: p1 p2
[    2.749736] mmcblk1boot0: mmc1:0001 MMC04G 2.00 MiB
[    2.757012] mmcblk1boot1: mmc1:0001 MMC04G 2.00 MiB
[    2.764491] mmcblk1rpmb: mmc1:0001 MMC04G 128 KiB, chardev (250:0)
[    5.922481] cpsw-switch 4a100000.switch eth0: Link is Up - 100Mbps/Full - flow control off
[    5.961932] IP-Config: Complete:
[    5.965206]      device=eth0, hwaddr=6c:ec:eb:68:de:78, ipaddr=192.168.255.1, mask=255.255.255.0, gw=255.255.255.255
[    5.975880]      host=bbb1, domain=, nis-domain=(none)
[    5.981049]      bootserver=192.168.255.126, rootserver=192.168.255.126, rootpath=
[    5.981471] clk: Disabling unused clocks
[    5.993300] PM: genpd: Disabling unused power domains
[    5.998411] KTAP version 1
[    6.001132] 1..0
[    6.032681] VFS: Mounted root (nfs filesystem) on device 0:17.
[    6.039491] devtmpfs: mounted
[    6.044235] Freeing unused kernel image (initmem) memory: 1024K
[    6.050861] Run /sbin/init as init process
[    6.751624] systemd[1]: System time before build time, advancing clock.
[    8.211707] random: crng init done
[    8.253754] systemd[1]: systemd 232 running in system mode. (+PAM +AUDIT +SELINUX +IMA +APPARMOR +SMACK +SYSVINIT +UTMP +LIBCRYPTSETUP +GCRYPT +GNUTLS +ACL +XZ +LZ4 +SECCOMP +BLKID +ELFUTILS +KMOD +IDN)
[    8.272839] systemd[1]: Detected architecture arm.

Welcome to [1mDebian GNU/Linux 9 (stretch)[0m!

[    8.304814] systemd[1]: Set hostname to <arm>.
[    9.407297] systemd[1]: Listening on Syslog Socket.
[[0;32m  OK  [0m] Listening on Syslog Socket.
[    9.432105] systemd[1]: Reached target Swap.
[[0;32m  OK  [0m] Reached target Swap.
[    9.452624] systemd[1]: Listening on Journal Socket (/dev/log).
[[0;32m  OK  [0m] Listening on Journal Socket (/dev/log).
[    9.482559] systemd[1]: Started Forward Password Requests to Wall Directory Watch.
[[0;32m  OK  [0m] Started Forward Password Requests to Wall Directory Watch.
[    9.512282] systemd[1]: Listening on udev Kernel Socket.
[[0;32m  OK  [0m] Listening on udev Kernel Socket.
[    9.542041] systemd[1]: Reached target Remote File Systems.
[[0;32m  OK  [0m] Reached target Remote File Systems.
[    9.572484] systemd[1]: Listening on Journal Socket.
[[0;32m  OK  [0m] Listening on Journal Socket.
[[0;32m  OK  [0m] Listening on /dev/initctl Compatibility Named Pipe.
[[0;32m  OK  [0m] Created slice System Slice.
         Mounting POSIX Message Queue File System...
[[0;32m  OK  [0m] Created slice system-getty.slice.
         Starting Remount Root and Kernel File Systems...
         Starting Create list of required stâ€¦ce nodes for the current kernel...
[[0;32m  OK  [0m] Listening on Journal Audit Socket.
[[0;32m  OK  [0m] Set up automount Arbitrary Executabâ€¦rmats File System Automount Point.
[[0;32m  OK  [0m] Created slice system-serial\x2dgetty.slice.
         Starting Journal Service...
[[0;32m  OK  [0m] Started Dispatch Password Requests to Console Directory Watch.
[[0;32m  OK  [0m] Reached target Paths.
[[0;32m  OK  [0m] Listening on udev Control Socket.
         Mounting Debug File System...
[[0;32m  OK  [0m] Created slice User and Session Slice.
[[0;32m  OK  [0m] Reached target Slices.
[[0;32m  OK  [0m] Reached target Encrypted Volumes.
         Starting Load Kernel Modules...
[[0;32m  OK  [0m] Mounted POSIX Message Queue File System.
[[0;32m  OK  [0m] Mounted Debug File System.
[[0;32m  OK  [0m] Started Remount Root and Kernel File Systems.
[[0;32m  OK  [0m] Started Create list of required staâ€¦vice nodes for the current kernel.
         Starting Create Static Device Nodes in /dev...
         Starting Load/Save Random Seed...
         Starting udev Coldplug all Devices...
[[0;32m  OK  [0m] Started Load Kernel Modules.
         Mounting Configuration File System...
         Starting Apply Kernel Variables...
[[0;32m  OK  [0m] Mounted Configuration File System.
[[0;32m  OK  [0m] Started Load/Save Random Seed.
[[0;32m  OK  [0m] Started Apply Kernel Variables.
[[0;32m  OK  [0m] Started Create Static Device Nodes in /dev.
[[0;32m  OK  [0m] Reached target Local File Systems (Pre).
[[0;32m  OK  [0m] Reached target Local File Systems.
         Starting Raise network interfaces...
         Starting udev Kernel Device Manager...
[[0;32m  OK  [0m] Started Journal Service.
         Starting Flush Journal to Persistent Storage...
[   11.762620] systemd-journald[92]: Received request to flush runtime journal from PID 1
[[0;32m  OK  [0m] Started Flush Journal to Persistent Storage.
         Starting Create Volatile Files and Directories...
[[0;32m  OK  [0m] Started udev Kernel Device Manager.
[[0;32m  OK  [0m] Started Create Volatile Files and Directories.
         Starting Update UTMP about System Boot/Shutdown...
         Starting Network Time Synchronization...
[[0;32m  OK  [0m] Started Update UTMP about System Boot/Shutdown.
[[0;32m  OK  [0m] Started udev Coldplug all Devices.
[   14.848686] remoteproc remoteproc0: wkup_m3 is available
[   14.933155] omap_rtc 44e3e000.rtc: registered as rtc0
[   14.938352] omap_rtc 44e3e000.rtc: setting system clock to 2000-01-01T00:00:00 UTC (946684800)
[   14.974841] at24 2-0054: supply vcc not found, using dummy regulator
[   15.076059] omap_wdt: OMAP Watchdog Timer Rev 0x01: initial timeout 60 sec
[   15.114560] at24 2-0055: supply vcc not found, using dummy regulator
[   15.190799] at24 2-0056: supply vcc not found, using dummy regulator
[   15.322725] at24 2-0057: supply vcc not found, using dummy regulator
[   15.408434] at24 0-0050: 32768 byte 24c256 EEPROM, writable, 1 bytes/write
[[0;32m  OK  [0m] Found device /dev/ttyS0.
[   15.525345] tps6521x_pwrbutton tps65217-pwrbutton: DMA mask not set
[   15.629307] input: tps65217_pwrbutton as /devices/platform/ocp/44c00000.interconnect/44c00000.interconnect:segment@200000/44e0b000.target-module/44e0b000.i2c/i2c-0/0-0024/tps65217-pwrbutton/input/input0
[   15.756615] wkup_m3_ipc 44e11324.wkup_m3_ipc: IPC Request for A8->M3 Channel failed! -517
[   15.872770] am335x-phy-driver 47401300.usb-phy: dummy supplies not allowed for exclusive requests (id=vbus)
[   15.995331] am335x-phy-driver 47401b00.usb-phy: dummy supplies not allowed for exclusive requests (id=vbus)
[   16.008814] wkup_m3_ipc 44e11324.wkup_m3_ipc: IPC Request for A8->M3 Channel failed! -517
[   16.193725] wkup_m3_ipc 44e11324.wkup_m3_ipc: IPC Request for A8->M3 Channel failed! -517
[[0;32m  OK  [0m] Started Network Time Synchronization.
[[0;32m  OK  [0m] Reached target System Initialization.
[[0;32m  OK  [0m] Started Daily Cleanup of Temporary Directories.
[   16.439021] usbcore: registered new interface driver usbfs
[   16.444824] usbcore: registered new interface driver hub
[   16.450264] usbcore: registered new device driver usb
[[0;32m  OK  [0m] Listening on Avahi mDNS/DNS-SD Stack Activation Socket.
[[0;32m  OK  [0m] Listening on D-Bus System Message Bus Socket.
[[0;32m  OK  [0m] Reached target Sockets.
[[0;32m  OK  [0m] Reached target Basic System.
         Starting DUN service...
[   16.772129] tda998x 0-0070: found TDA19988
[   16.863883] wkup_m3_ipc 44e11324.wkup_m3_ipc: IPC Request for A8->M3 Channel failed! -517
[   17.010433] wkup_m3_ipc 44e11324.wkup_m3_ipc: IPC Request for A8->M3 Channel failed! -517
[[0;32m  OK  [0m] Started Regular background program processing daemon.
[   17.161356] musb-hdrc musb-hdrc.1: MUSB HDRC host driver
[   17.167031] musb-hdrc musb-hdrc.1: new USB bus registered, assigned bus number 1
[   17.196819] wkup_m3_ipc 44e11324.wkup_m3_ipc: IPC Request for A8->M3 Channel failed! -517
[   17.225585] omap-mailbox 480c8000.mailbox: omap mailbox rev 0x400
         Starting Cape Manager Service...
[   17.348293] remoteproc remoteproc0: powering up wkup_m3
         Starting Avahi mDNS/DNS-SD Stack...
[   17.394342] usb usb1: New USB device found, idVendor=1d6b, idProduct=0002, bcdDevice= 6.14
[   17.402865] usb usb1: New USB device strings: Mfr=3, Product=2, SerialNumber=1
[   17.410135] usb usb1: Product: MUSB HDRC host driver
[   17.415171] usb usb1: Manufacturer: Linux 6.14.0-rc6 musb-hcd
[   17.420948] usb usb1: SerialNumber: musb-hdrc.1
[   17.485249] remoteproc remoteproc0: Direct firmware load for am335x-pm-firmware.elf failed with error -2
[   17.495046] remoteproc remoteproc0: request_firmware failed: -2
[   17.501009] wkup_m3_ipc 44e11324.wkup_m3_ipc: rproc_boot failed
         Starting System Logging Service...
         Starting LSB: Load kernel modules needed to enable cpufreq scaling...
         Starting Generic Board Startup...
[   17.872259] hub 1-0:1.0: USB hub found
[   17.945459] hub 1-0:1.0: 1 port detected
[[0;32m  OK  [0m] Started D-Bus System Message Bus.
[   20.352461] tilcdc 4830e000.lcdc: bound 0-0070 (ops 0xbf0680f8)
[   20.423052] omap_rng 48310000.rng: Random Number Generator ver. 20
[   20.452674] [drm] Initialized tilcdc 1.0.0 for 4830e000.lcdc on minor 0
[   20.524775] tilcdc 4830e000.lcdc: [drm] Cannot find any crtc or sizes
[   20.553378] tilcdc 4830e000.lcdc: [drm] Cannot find any crtc or sizes
[   21.366984] omap-sham 53100000.sham: hw accel on OMAP rev 4.3
[   21.387665] PM: Cannot get wkup_m3_ipc handle
[   21.503036] omap-aes 53500000.aes: OMAP AES hw accel rev: 3.2
[   21.509305] omap-sham 53100000.sham: will run requests pump with realtime priority
[   21.529965] PM: Cannot get wkup_m3_ipc handle
[[0;32m  OK  [0m] Started Avahi mDNS/DNS-SD Stack.
[   21.594477] omap-aes 53500000.aes: will run requests pump with realtime priority
[   21.605201] PM: Cannot get wkup_m3_ipc handle
[[0;32m  OK  [0m] Started DUN service.
         Starting Connection service...
         Starting Login Service...
         Starting LSB: Start busybox udhcpd at boot time...
         Starting Telephony service...
[[0;32m  OK  [0m] Reached target System Time Synchronized.
[[0;32m  OK  [0m] Started Daily apt download activities.
[[0;32m  OK  [0m] Started Daily apt upgrade and clean activities.
[[0;32m  OK  [0m] Reached target Timers.
[[0;32m  OK  [0m] Started System Logging Service.
[[0;32m  OK  [0m] Started Cape Manager Service.
[   25.100601] PM: Cannot get wkup_m3_ipc handle
[   25.106033] OF: /sound: Read of boolean property 'simple-audio-card,bitclock-master' with a value.
[   25.115415] OF: /sound: Read of boolean property 'simple-audio-card,frame-master' with a value.
[   25.128031] Bluetooth: Core ver 2.22
[   25.132054] NET: Registered PF_BLUETOOTH protocol family
[   25.137403] Bluetooth: HCI device and connection manager initialized
[   25.143999] Bluetooth: HCI socket layer initialized
[   25.148918] Bluetooth: L2CAP socket layer initialized
[   25.154143] Bluetooth: SCO socket layer initialized
[   25.407620] PM: Cannot get wkup_m3_ipc handle
[[0;32m  OK  [0m] Started Raise network interfaces.
[[0;32m  OK  [0m] Started LSB: Start busybox udhcpd at boot time.
[[0;32m  OK  [0m] Started LSB: Load kernel modules needed to enable cpufreq scaling.
[   28.360063] configfs-gadget.g_multi gadget.0: HOST MAC 1c:ba:8c:a2:ed:6c
[   28.367110] configfs-gadget.g_multi gadget.0: MAC 1c:ba:8c:a2:ed:70
[   28.374522] configfs-gadget.g_multi gadget.0: HOST MAC 1c:ba:8c:a2:ed:6c
[   28.381285] configfs-gadget.g_multi gadget.0: MAC 1c:ba:8c:a2:ed:6d
[   28.402304] PM: Cannot get wkup_m3_ipc handle
[[0;32m  OK  [0m] Started Telephony service.
[[0;32m  OK  [0m] Started Connection service.
[[0;32m  OK  [0m] Started Login Service.
[[0;32m  OK  [0m] Reached target Sound Card.
         Starting LSB: set CPUFreq kernel parameters...
[[0;32m  OK  [0m] Reached target Network.
         Starting Permit User Sessions...
         Starting OpenBSD Secure Shell server...
         Starting The Apache HTTP Server...
[[0;32m  OK  [0m] Reached target Network is Online.
         Starting LSB: Advanced IEEE 802.11 management daemon...
[[0;32m  OK  [0m] Started Permit User Sessions.
[[0;32m  OK  [0m] Started LSB: Advanced IEEE 802.11 management daemon.
         Starting Hostname Service...
         Starting WPA supplicant...
[[0;32m  OK  [0m] Started Getty on tty1.
[[0;32m  OK  [0m] Started Serial Getty on ttyS0.
[[0;32m  OK  [0m] Reached target Login Prompts.
[[0;32m  OK  [0m] Started LSB: set CPUFreq kernel parameters.
[[0;32m  OK  [0m] Started WPA supplicant.
[[0;32m  OK  [0m] Started Hostname Service.
[[0;32m  OK  [0m] Started OpenBSD Secure Shell server.
         Stopping LSB: Start busybox udhcpd at boot time...
[[0;32m  OK  [0m] Stopped LSB: Start busybox udhcpd at boot time.
[[0;32m  OK  [0m] Started The Apache HTTP Server.
         Starting dnsmasq - A lightweight DHCP and caching DNS server...
[[0;32m  OK  [0m] Started dnsmasq - A lightweight DHCP and caching DNS server.
[[0;32m  OK  [0m] Reached target Host and Network Name Lookups.
[[0;32m  OK  [0m] Started Serial Getty on ttyGS0.
[[0;32m  OK  [0m] Started Generic Board Startup.
[[0;32m  OK  [0m] Reached target Multi-User System.
[[0;32m  OK  [0m] Reached target Graphical Interface.
         Starting Update UTMP about System Runlevel Changes...
[[0;32m  OK  [0m] Started Update UTMP about System Runlevel Changes.

Debian GNU/Linux 9 arm ttyS0

default username:password is [debian:temppwd]

arm login: root
Password: 
Last login: Sat Jan  1 00:00:34 UTC 2000 on ttyS0
root
Linux arm 6.14.0-rc6 #1 SMP Mon Mar 10 02:27:39 EET 2025 armv7l

The programs included with the Debian GNU/Linux system are free software;
the exact distribution terms for each program are described in the
individual files in /usr/share/doc/*/copyright.

Debian GNU/Linux comes with ABSOLUTELY NO WARRANTY, to the extent
permitted by applicable law.
root@arm:~# root
dmesg -n 1
-bash: root: command not found
root@arm:~# dmesg -n 1
root@arm:~# echo 'MPLS''GZGCWA'
MPLSGZGCWA
root@arm:~# run() { echo -n "$MARKER"; sh -c "$@"; echo "$MARKER $?"; }
root@arm:~# echo 'CZQY''LEBEJV'
CZQYLEBEJV
root@arm:~# MARKER='VQWK''ZJQYTK' run 'cat /proc/version'
VQWKZJQYTKLinux version 6.14.0-rc6 (user01@drvtest01) (arm-none-eabi-gcc (Arm GNU Toolchain 14.2.Rel1 (Build arm-14.52)) 14.2.1 20241119, GNU ld (Arm GNU Toolchain 14.2.Rel1 (Build arm-14.52)) 2.43.1.20241119) #1 SMP Mon Mar 10 02:27:39 EET 2025
VQWKZJQYTK 0
root@arm:~# echo 'JHYX''UAQMAY'
JHYXUAQMAY
root@arm:~# MARKER='NYHM''FENKHG' run false
NYHMFENKHGNYHMFENKHG 1
root@arm:~# Labgrid Console Logfile for main
Logfile started at 2025-03-10 02:29:55.501114
=== Log starts here ===

root@arm:~# run() { echo -n "$MARKER"; sh -c "$@"; echo "$MARKER $?"; }
root@arm:~# echo 'WCYM''FJZXAO'
WCYMFJZXAO
root@arm:~# MARKER='QQQM''WQFZUS' run 'ls /iio_generic_buffer; echo $?'
QQQMWQFZUS/iio_generic_buffer
0
QQQMWQFZUS 0
root@arm:~# Labgrid Console Logfile for main
Logfile started at 2025-03-10 02:29:58.923480
=== Log starts here ===

root@arm:~# run() { echo -n "$MARKER"; sh -c "$@"; echo "$MARKER $?"; }
root@arm:~# echo 'EKPF''XZBHJM'
EKPFXZBHJM
root@arm:~# MARKER='TTKC''SMOAKV' run dmesg
TTKCSMOAKV[    0.000000] Booting Linux on physical CPU 0x0
[    0.000000] Linux version 6.14.0-rc6 (user01@drvtest01) (arm-none-eabi-gcc (Arm GNU Toolchain 14.2.Rel1 (Build arm-14.52)) 14.2.1 20241119, GNU ld (Arm GNU Toolchain 14.2.Rel1 (Build arm-14.52)) 2.43.1.20241119) #1 SMP Mon Mar 10 02:27:39 EET 2025
[    0.000000] CPU: ARMv7 Processor [413fc082] revision 2 (ARMv7), cr=10c5387d
[    0.000000] CPU: PIPT / VIPT nonaliasing data cache, VIPT aliasing instruction cache
[    0.000000] OF: fdt: Machine model: TI AM335x BeagleBone Black
[    0.000000] Memory policy: Data cache writeback
[    0.000000] cma: Reserved 16 MiB at 0x9e800000 on node -1
[    0.000000] Zone ranges:
[    0.000000]   Normal   [mem 0x0000000080000000-0x000000009fdfffff]
[    0.000000]   HighMem  empty
[    0.000000] Movable zone start for each node
[    0.000000] Early memory node ranges
[    0.000000]   node   0: [mem 0x0000000080000000-0x000000009fdfffff]
[    0.000000] Initmem setup node 0 [mem 0x0000000080000000-0x000000009fdfffff]
[    0.000000] OF: reserved mem: Reserved memory: No reserved-memory node in the DT
[    0.000000] CPU: All CPU(s) started in SVC mode.
[    0.000000] AM335X ES2.1 (sgx neon)
[    0.000000] percpu: Embedded 17 pages/cpu s39628 r8192 d21812 u69632
[    0.000000] pcpu-alloc: s39628 r8192 d21812 u69632 alloc=17*4096
[    0.000000] pcpu-alloc: [0] 0 
[    0.000000] Kernel command line: console=ttyO0,115200n8 root=/dev/nfs rw nfsroot=192.168.255.126:/home/user01/nfs,nfsvers=3 ip=192.168.255.1:192.168.255.126::255.255.255.0:bbb1:eth0 nfsrootdebug
[    0.000000] Unknown kernel command line parameters "nfsrootdebug", will be passed to user space.
[    0.000000] printk: log buffer data + meta data: 65536 + 204800 = 270336 bytes
[    0.000000] Dentry cache hash table entries: 65536 (order: 6, 262144 bytes, linear)
[    0.000000] Inode-cache hash table entries: 32768 (order: 5, 131072 bytes, linear)
[    0.000000] Built 1 zonelists, mobility grouping on.  Total pages: 130560
[    0.000000] mem auto-init: stack:off, heap alloc:off, heap free:off
[    0.000000] SLUB: HWalign=16, Order=0-3, MinObjects=0, CPUs=1, Nodes=1
[    0.000000] rcu: Hierarchical RCU implementation.
[    0.000000] rcu: 	RCU event tracing is enabled.
[    0.000000] rcu: 	RCU restricting CPUs from NR_CPUS=2 to nr_cpu_ids=1.
[    0.000000] 	Tracing variant of Tasks RCU enabled.
[    0.000000] rcu: RCU calculated value of scheduler-enlistment delay is 10 jiffies.
[    0.000000] rcu: Adjusting geometry for rcu_fanout_leaf=16, nr_cpu_ids=1
[    0.000000] RCU Tasks Trace: Setting shift to 0 and lim to 1 rcu_task_cb_adjust=1 rcu_task_cpu_ids=1.
[    0.000000] NR_IRQS: 16, nr_irqs: 16, preallocated irqs: 16
[    0.000000] IRQ: Found an INTC at 0x(ptrval) (revision 5.0) with 128 interrupts
[    0.000000] rcu: srcu_init: Setting srcu_struct sizes based on contention.
[    0.000000] TI gptimer clocksource: always-on /ocp/interconnect@44c00000/segment@200000/target-module@31000
[    0.000003] sched_clock: 32 bits at 24MHz, resolution 41ns, wraps every 89478484971ns
[    0.000027] clocksource: dmtimer: mask: 0xffffffff max_cycles: 0xffffffff, max_idle_ns: 79635851949 ns
[    0.000511] TI gptimer clockevent: 24000000 Hz at /ocp/interconnect@48000000/segment@0/target-module@40000
[    0.002173] Console: colour dummy device 80x30
[    0.002238] WARNING: Your 'console=ttyO0' has been replaced by 'ttyS0'
[    0.002245] This ensures that you still see kernel messages. Please
[    0.002250] update your kernel commandline.
[    0.002293] Calibrating delay loop... 996.14 BogoMIPS (lpj=4980736)
[    0.090557] CPU: Testing write buffer coherency: ok
[    0.090665] CPU0: Spectre v2: using BPIALL workaround
[    0.090675] pid_max: default: 32768 minimum: 301
[    0.090809] LSM: initializing lsm=capability
[    0.090986] Mount-cache hash table entries: 1024 (order: 0, 4096 bytes, linear)
[    0.091005] Mountpoint-cache hash table entries: 1024 (order: 0, 4096 bytes, linear)
[    0.092597] CPU0: thread -1, cpu 0, socket -1, mpidr 0
[    0.092655] cacheinfo: Unable to detect cache hierarchy for CPU 0
[    0.160907] Setting up static identity map for 0x80100000 - 0x80100078
[    0.170709] rcu: Hierarchical SRCU implementation.
[    0.170721] rcu: 	Max phase no-delay instances is 1000.
[    0.190756] smp: Bringing up secondary CPUs ...
[    0.190809] smp: Brought up 1 node, 1 CPU
[    0.190823] SMP: Total of 1 processors activated (996.14 BogoMIPS).
[    0.190835] CPU: All CPU(s) started in SVC mode.
[    0.191011] Memory: 480844K/522240K available (11264K kernel code, 1209K rwdata, 2896K rodata, 1024K init, 291K bss, 23380K reserved, 16384K cma-reserved, 0K highmem)
[    0.191866] devtmpfs: initialized
[    0.208148] VFP support v0.3: implementor 41 architecture 3 part 30 variant c rev 3
[    0.208488] clocksource: jiffies: mask: 0xffffffff max_cycles: 0xffffffff, max_idle_ns: 19112604462750000 ns
[    0.208524] futex hash table entries: 256 (order: 2, 16384 bytes, linear)
[    0.209864] pinctrl core: initialized pinctrl subsystem
[    0.212774] NET: Registered PF_NETLINK/PF_ROUTE protocol family
[    0.215532] DMA: preallocated 256 KiB pool for atomic coherent allocations
[    0.216427] audit: initializing netlink subsys (disabled)
[    0.217769] thermal_sys: Registered thermal governor 'fair_share'
[    0.217786] thermal_sys: Registered thermal governor 'step_wise'
[    0.217795] thermal_sys: Registered thermal governor 'user_space'
[    0.217935] audit: type=2000 audit(0.210:1): state=initialized audit_enabled=0 res=1
[    0.217971] cpuidle: using governor menu
[    0.235868] /ocp/interconnect@44c00000/segment@200000/target-module@b000/i2c@0/tda19988@70: Fixed dependency cycle(s) with /ocp/interconnect@48000000/segment@300000/target-module@e000/lcdc@0
[    0.236985] /ocp/interconnect@48000000/segment@300000/target-module@e000/lcdc@0: Fixed dependency cycle(s) with /ocp/interconnect@44c00000/segment@200000/target-module@b000/i2c@0/tda19988@70
[    0.239121] No ATAGs?
[    0.239163] hw-breakpoint: debug architecture 0x4 unsupported.
[    0.242009] kprobes: kprobe jump-optimization is enabled. All kprobes are optimized if possible.
[    0.253839] iommu: Default domain type: Translated
[    0.253862] iommu: DMA domain TLB invalidation policy: strict mode
[    0.255434] reg-fixed-voltage fixedregulator0: using DT '/fixedregulator0' for '(default)' GPIO lookup
[    0.255489] of_get_named_gpiod_flags: can't parse 'gpios' property of node '/fixedregulator0[0]'
[    0.255518] of_get_named_gpiod_flags: can't parse 'gpio' property of node '/fixedregulator0[0]'
[    0.255536] reg-fixed-voltage fixedregulator0: using lookup tables for GPIO lookup
[    0.255545] reg-fixed-voltage fixedregulator0: No GPIO consumer (default) found
[    0.261507] SCSI subsystem initialized
[    0.261978] libata version 3.00 loaded.
[    0.262334] pps_core: LinuxPPS API ver. 1 registered
[    0.262343] pps_core: Software ver. 5.3.6 - Copyright 2005-2007 Rodolfo Giometti <giometti@linux.it>
[    0.262364] PTP clock support registered
[    0.271325] vgaarb: loaded
[    0.271683] clocksource: Switched to clocksource dmtimer
[    0.272330] VFS: Disk quotas dquot_6.6.0
[    0.272384] VFS: Dquot-cache hash table entries: 1024 (order 0, 4096 bytes)
[    0.297020] NET: Registered PF_INET protocol family
[    0.297358] IP idents hash table entries: 8192 (order: 4, 65536 bytes, linear)
[    0.298791] tcp_listen_portaddr_hash hash table entries: 512 (order: 0, 4096 bytes, linear)
[    0.298830] Table-perturb hash table entries: 65536 (order: 6, 262144 bytes, linear)
[    0.298848] TCP established hash table entries: 4096 (order: 2, 16384 bytes, linear)
[    0.298892] TCP bind hash table entries: 4096 (order: 4, 65536 bytes, linear)
[    0.298991] TCP: Hash tables configured (established 4096 bind 4096)
[    0.299113] UDP hash table entries: 256 (order: 1, 14336 bytes, linear)
[    0.299150] UDP-Lite hash table entries: 256 (order: 1, 14336 bytes, linear)
[    0.299333] NET: Registered PF_UNIX/PF_LOCAL protocol family
[    0.300590] RPC: Registered named UNIX socket transport module.
[    0.300610] RPC: Registered udp transport module.
[    0.300616] RPC: Registered tcp transport module.
[    0.300621] RPC: Registered tcp-with-tls transport module.
[    0.300626] RPC: Registered tcp NFSv4.1 backchannel transport module.
[    0.300649] PCI: CLS 0 bytes, default 64
[    0.302193] Initialise system trusted keyrings
[    0.311971] workingset: timestamp_bits=14 max_order=17 bucket_order=3
[    0.313315] NFS: Registering the id_resolver key type
[    0.313381] Key type id_resolver registered
[    0.313389] Key type id_legacy registered
[    0.313436] jffs2: version 2.2. (NAND) (SUMMARY)  Â© 2001-2006 Red Hat, Inc.
[    0.313833] Key type asymmetric registered
[    0.313848] Asymmetric key parser 'x509' registered
[    0.313920] io scheduler mq-deadline registered
[    0.313931] io scheduler kyber registered
[    0.313999] io scheduler bfq registered
[    0.315552] ledtrig-cpu: registered to indicate activity on CPUs
[    0.318227] Serial: 8250/16550 driver, 6 ports, IRQ sharing enabled
[    0.376038] brd: module loaded
[    0.384622] loop: module loaded
[    0.385522] mtdoops: mtd device (mtddev=name/number) must be supplied
[    0.387220] mdio_bus fixed-0: using lookup tables for GPIO lookup
[    0.387243] mdio_bus fixed-0: No GPIO consumer reset found
[    0.388560] i2c_dev: i2c /dev entries driver
[    0.389499] cpuidle: enable-method property 'ti,am3352' found operations
[    0.389932] sdhci: Secure Digital Host Controller Interface driver
[    0.389941] sdhci: Copyright(c) Pierre Ossman
[    0.390112] sdhci-pltfm: SDHCI platform and OF driver helper
[    0.391096] Initializing XFRM netlink socket
[    0.391249] NET: Registered PF_INET6 protocol family
[    0.406241] Segment Routing with IPv6
[    0.406336] In-situ OAM (IOAM) with IPv6
[    0.406431] sit: IPv6, IPv4 and MPLS over IPv4 tunneling driver
[    0.407362] NET: Registered PF_PACKET protocol family
[    0.407397] NET: Registered PF_KEY protocol family
[    0.407528] Key type dns_resolver registered
[    0.407752] ThumbEE CPU extension supported.
[    0.407772] Registering SWP/SWPB emulation handler
[    0.408306] omap_voltage_late_init: Voltage driver support not added
[    0.408665] SmartReflex Class3 initialized
[    0.440657] Loading compiled-in X.509 certificates
[    0.485389] OF: /ocp: Read of boolean property 'clocks' with a value.
[    0.488492] /ocp/interconnect@44c00000/segment@200000/target-module@b000/i2c@0/tda19988@70: Fixed dependency cycle(s) with /ocp/interconnect@48000000/segment@300000/target-module@e000/lcdc@0
[    0.489406] OF: /ocp/interconnect@44c00000: Read of boolean property 'clocks' with a value.
[    0.494975] /ocp/interconnect@44c00000/segment@200000/target-module@b000/i2c@0/tda19988@70: Fixed dependency cycle(s) with /ocp/interconnect@48000000/segment@300000/target-module@e000/lcdc@0
[    0.500345] gpiochip_find_base_unlocked: found new base at 512
[    0.517684] /ocp/interconnect@44c00000/segment@200000/target-module@b000/i2c@0/tda19988@70: Fixed dependency cycle(s) with /ocp/interconnect@48000000/segment@300000/target-module@e000/lcdc@0
[    0.518562] /ocp/interconnect@44c00000/segment@200000/target-module@b000/i2c@0/tda19988@70: Fixed dependency cycle(s) with /ocp/interconnect@48000000/segment@300000/target-module@e000/lcdc@0
[    0.522152] /ocp/interconnect@44c00000/segment@200000/target-module@10000/scm@0/pinmux@800: Fixed dependency cycle(s) with /ocp/interconnect@44c00000/segment@200000/target-module@10000/scm@0/pinmux@800/clkout2-pins
[    0.522774] pinctrl-single 44e10800.pinmux: 142 pins, size 568
[    0.527898] ti-sysc 44e31000.target-module: probe with driver ti-sysc failed with error -16
[    0.564835] /ocp/interconnect@48000000/segment@300000/target-module@e000/lcdc@0: Fixed dependency cycle(s) with /ocp/interconnect@44c00000/segment@200000/target-module@b000/i2c@0/tda19988@70
[    0.565157] OF: /ocp/interconnect@48000000: Read of boolean property 'clocks' with a value.
[    0.572851] ti-sysc 48040000.target-module: probe with driver ti-sysc failed with error -16
[    0.584197] gpiochip_find_base_unlocked: found new base at 512
[    0.584297] gpio gpiochip0: (gpio-0-31): created GPIO range 0->7 ==> 44e10800.pinmux PIN 0->7
[    0.584316] gpio gpiochip0: (gpio-0-31): created GPIO range 8->11 ==> 44e10800.pinmux PIN 90->93
[    0.584331] gpio gpiochip0: (gpio-0-31): created GPIO range 12->27 ==> 44e10800.pinmux PIN 12->27
[    0.584346] gpio gpiochip0: (gpio-0-31): created GPIO range 28->31 ==> 44e10800.pinmux PIN 30->33
[    0.618984] gpio gpiochip0: (gpio-0-31): added GPIO chardev (254:0)
[    0.619129] gpio gpiochip0: registered GPIOs 512 to 543 on gpio-0-31
[    0.619209] OMAP GPIO hardware version 0.1
[    0.646623] i2c i2c-2: using DT '/ocp/interconnect@48000000/segment@100000/target-module@9c000/i2c@0' for 'scl' GPIO lookup
[    0.646697] of_get_named_gpiod_flags: can't parse 'scl-gpios' property of node '/ocp/interconnect@48000000/segment@100000/target-module@9c000/i2c@0[0]'
[    0.646740] of_get_named_gpiod_flags: can't parse 'scl-gpio' property of node '/ocp/interconnect@48000000/segment@100000/target-module@9c000/i2c@0[0]'
[    0.646775] i2c i2c-2: using lookup tables for GPIO lookup
[    0.646785] i2c i2c-2: No GPIO consumer scl found
[    0.646806] i2c i2c-2: using DT '/ocp/interconnect@48000000/segment@100000/target-module@9c000/i2c@0' for 'sda' GPIO lookup
[    0.646841] of_get_named_gpiod_flags: can't parse 'sda-gpios' property of node '/ocp/interconnect@48000000/segment@100000/target-module@9c000/i2c@0[0]'
[    0.646878] of_get_named_gpiod_flags: can't parse 'sda-gpio' property of node '/ocp/interconnect@48000000/segment@100000/target-module@9c000/i2c@0[0]'
[    0.646909] i2c i2c-2: using lookup tables for GPIO lookup
[    0.646917] i2c i2c-2: No GPIO consumer sda found
[    0.647629] omap_i2c 4819c000.i2c: bus 2 rev0.11 at 100 kHz
[    0.653248] gpiochip_find_base_unlocked: found new base at 544
[    0.653349] gpio gpiochip1: (gpio-32-63): created GPIO range 0->17 ==> 44e10800.pinmux PIN 34->51
[    0.653368] gpio gpiochip1: (gpio-32-63): created GPIO range 18->21 ==> 44e10800.pinmux PIN 77->80
[    0.653384] gpio gpiochip1: (gpio-32-63): created GPIO range 22->31 ==> 44e10800.pinmux PIN 56->65
[    0.664768] gpio gpiochip1: (gpio-32-63): added GPIO chardev (254:1)
[    0.664915] gpio gpiochip1: registered GPIOs 544 to 575 on gpio-32-63
[    0.667160] gpiochip_find_base_unlocked: found new base at 576
[    0.667249] gpio gpiochip2: (gpio-64-95): created GPIO range 0->4 ==> 44e10800.pinmux PIN 66->70
[    0.667269] gpio gpiochip2: (gpio-64-95): created GPIO range 5->6 ==> 44e10800.pinmux PIN 98->99
[    0.667285] gpio gpiochip2: (gpio-64-95): created GPIO range 7->8 ==> 44e10800.pinmux PIN 75->76
[    0.667300] gpio gpiochip2: (gpio-64-95): created GPIO range 13->13 ==> 44e10800.pinmux PIN 141->141
[    0.667315] gpio gpiochip2: (gpio-64-95): created GPIO range 14->21 ==> 44e10800.pinmux PIN 100->107
[    0.667955] gpio gpiochip2: (gpio-64-95): added GPIO chardev (254:2)
[    0.668087] gpio gpiochip2: registered GPIOs 576 to 607 on gpio-64-95
[    0.673680] 48000000.interconnect:segment@200000:target-module@0:mpu@0:fck: device ID is greater than 24
[    0.674558] /ocp/interconnect@48000000/segment@300000/target-module@e000/lcdc@0: Fixed dependency cycle(s) with /ocp/interconnect@44c00000/segment@200000/target-module@b000/i2c@0/tda19988@70
[    0.677267] /ocp/interconnect@48000000/segment@300000/target-module@e000/lcdc@0: Fixed dependency cycle(s) with /ocp/interconnect@44c00000/segment@200000/target-module@b000/i2c@0/tda19988@70
[    0.677941] /ocp/interconnect@44c00000/segment@200000/target-module@b000/i2c@0/tda19988@70: Fixed dependency cycle(s) with /ocp/interconnect@48000000/segment@300000/target-module@e000/lcdc@0
[    0.678099] /ocp/interconnect@48000000/segment@300000/target-module@e000/lcdc@0: Fixed dependency cycle(s) with /ocp/interconnect@44c00000/segment@200000/target-module@b000/i2c@0/tda19988@70
[    0.682334] OF: /ocp/interconnect@4a000000: Read of boolean property 'clocks' with a value.
[    0.687562] mdio_bus 4a101000.mdio: using DT '/ocp/interconnect@4a000000/segment@0/target-module@100000/switch@0/mdio@1000' for 'reset' GPIO lookup
[    0.687632] of_get_named_gpiod_flags: can't parse 'reset-gpios' property of node '/ocp/interconnect@4a000000/segment@0/target-module@100000/switch@0/mdio@1000[0]'
[    0.687679] of_get_named_gpiod_flags: can't parse 'reset-gpio' property of node '/ocp/interconnect@4a000000/segment@0/target-module@100000/switch@0/mdio@1000[0]'
[    0.687726] mdio_bus 4a101000.mdio: using lookup tables for GPIO lookup
[    0.687735] mdio_bus 4a101000.mdio: No GPIO consumer reset found
[    0.688917] sdhci-omap 481d8000.mmc: using DT '/ocp/interconnect@48000000/segment@100000/target-module@d8000/mmc@0' for 'wp' GPIO lookup
[    0.688979] of_get_named_gpiod_flags: can't parse 'wp-gpios' property of node '/ocp/interconnect@48000000/segment@100000/target-module@d8000/mmc@0[0]'
[    0.689022] of_get_named_gpiod_flags: can't parse 'wp-gpio' property of node '/ocp/interconnect@48000000/segment@100000/target-module@d8000/mmc@0[0]'
[    0.689055] sdhci-omap 481d8000.mmc: using lookup tables for GPIO lookup
[    0.689064] sdhci-omap 481d8000.mmc: No GPIO consumer wp found
[    0.689261] sdhci-omap 481d8000.mmc: supply pbias not found, using dummy regulator
[    0.689750] sdhci-omap 481d8000.mmc: supply vqmmc not found, using dummy regulator
[    0.744595] davinci_mdio 4a101000.mdio: davinci mdio revision 1.6, bus freq 1000000
[    0.766605] mdio_bus 4a101000.mdio:00: using DT '/ocp/interconnect@4a000000/segment@0/target-module@100000/switch@0/mdio@1000/ethernet-phy@0' for 'reset' GPIO lookup
[    0.766705] of_get_named_gpiod_flags: parsed 'reset-gpios' property of node '/ocp/interconnect@4a000000/segment@0/target-module@100000/switch@0/mdio@1000/ethernet-phy@0[0]' - status (0)
[    0.766868] gpio gpiochip0: Persistence not supported for GPIO 8
[    0.897350] davinci_mdio 4a101000.mdio: phy[0]: device 4a101000.mdio:00, driver SMSC LAN8710/LAN8720
[    0.898124] cpsw-switch 4a100000.switch: initialized cpsw ale version 1.4
[    0.898145] cpsw-switch 4a100000.switch: ALE Table size 1024, Policers 0
[    0.898299] cpsw-switch 4a100000.switch: cpts: overflow check period 500 (jiffies)
[    0.898315] cpsw-switch 4a100000.switch: CPTS: ref_clk_freq:250000000 calc_mult:2147483648 calc_shift:29 error:0 nsec/sec
[    0.898424] cpsw-switch 4a100000.switch: Detected MACID = 6c:ec:eb:68:de:78
[    0.900175] cpsw-switch 4a100000.switch: initialized (regs 0x4a100000, pool size 256) hw_ver:0019010C 1.12 (0)
[    0.910796] debugfs: Directory '49000000.dma' with parent 'dmaengine' already present!
[    0.910836] edma 49000000.dma: TI EDMA DMA engine driver
[    0.960195] target-module@4b000000:target-module@140000:pmu@0:fck: device ID is greater than 24
[    0.962465] hw perfevents: enabled with armv7_cortex_a8 PMU driver, 5 (8000000f) counters available
[    0.963336] gpio-clk clk_mcasp0: using DT '/clk_mcasp0' for 'enable' GPIO lookup
[    0.963404] of_get_named_gpiod_flags: parsed 'enable-gpios' property of node '/clk_mcasp0[0]' - status (0)
[    0.963450] gpio gpiochip0: Persistence not supported for GPIO 27
[    0.964233] gpiochip_find_base_unlocked: found new base at 608
[    0.964336] gpio gpiochip3: (gpio-96-127): created GPIO range 0->7 ==> 44e10800.pinmux PIN 82->89
[    0.964356] gpio gpiochip3: (gpio-96-127): created GPIO range 8->11 ==> 44e10800.pinmux PIN 52->55
[    0.964371] gpio gpiochip3: (gpio-96-127): created GPIO range 12->15 ==> 44e10800.pinmux PIN 94->97
[    0.964387] gpio gpiochip3: (gpio-96-127): created GPIO range 16->17 ==> 44e10800.pinmux PIN 71->72
[    0.964402] gpio gpiochip3: (gpio-96-127): created GPIO range 18->18 ==> 44e10800.pinmux PIN 135->135
[    0.964418] gpio gpiochip3: (gpio-96-127): created GPIO range 19->20 ==> 44e10800.pinmux PIN 108->109
[    0.964434] gpio gpiochip3: (gpio-96-127): created GPIO range 21->21 ==> 44e10800.pinmux PIN 73->73
[    0.964451] gpio gpiochip3: (gpio-96-127): created GPIO range 22->23 ==> 44e10800.pinmux PIN 8->9
[    0.964468] gpio gpiochip3: (gpio-96-127): created GPIO range 26->27 ==> 44e10800.pinmux PIN 10->11
[    0.964485] gpio gpiochip3: (gpio-96-127): created GPIO range 28->28 ==> 44e10800.pinmux PIN 74->74
[    0.964502] gpio gpiochip3: (gpio-96-127): created GPIO range 29->29 ==> 44e10800.pinmux PIN 81->81
[    0.964524] gpio gpiochip3: (gpio-96-127): created GPIO range 30->31 ==> 44e10800.pinmux PIN 28->29
[    0.971718] l3-aon-clkctrl:0000:0: failed to disable
[    0.972094] gpio gpiochip3: (gpio-96-127): added GPIO chardev (254:3)
[    0.972241] gpio gpiochip3: registered GPIOs 608 to 639 on gpio-96-127
[    0.985043] omap8250 44e09000.serial: using DT '/ocp/interconnect@44c00000/segment@200000/target-module@9000/serial@0' for 'rs485-term' GPIO lookup
[    0.985117] of_get_named_gpiod_flags: can't parse 'rs485-term-gpios' property of node '/ocp/interconnect@44c00000/segment@200000/target-module@9000/serial@0[0]'
[    0.985162] of_get_named_gpiod_flags: can't parse 'rs485-term-gpio' property of node '/ocp/interconnect@44c00000/segment@200000/target-module@9000/serial@0[0]'
[    0.985197] omap8250 44e09000.serial: using lookup tables for GPIO lookup
[    0.985206] omap8250 44e09000.serial: No GPIO consumer rs485-term found
[    0.985216] omap8250 44e09000.serial: using DT '/ocp/interconnect@44c00000/segment@200000/target-module@9000/serial@0' for 'rs485-rx-during-tx' GPIO lookup
[    0.985251] of_get_named_gpiod_flags: can't parse 'rs485-rx-during-tx-gpios' property of node '/ocp/interconnect@44c00000/segment@200000/target-module@9000/serial@0[0]'
[    0.985288] of_get_named_gpiod_flags: can't parse 'rs485-rx-during-tx-gpio' property of node '/ocp/interconnect@44c00000/segment@200000/target-module@9000/serial@0[0]'
[    0.985319] omap8250 44e09000.serial: using lookup tables for GPIO lookup
[    0.985327] omap8250 44e09000.serial: No GPIO consumer rs485-rx-during-tx found
[    0.985708] 44e09000.serial: ttyS0 at MMIO 0x44e09000 (irq = 34, base_baud = 3000000) is a 8250
[    0.985796] printk: legacy console [ttyS0] enabled
[    2.454096] i2c i2c-0: using DT '/ocp/interconnect@44c00000/segment@200000/target-module@b000/i2c@0' for 'scl' GPIO lookup
[    2.454181] of_get_named_gpiod_flags: can't parse 'scl-gpios' property of node '/ocp/interconnect@44c00000/segment@200000/target-module@b000/i2c@0[0]'
[    2.454227] of_get_named_gpiod_flags: can't parse 'scl-gpio' property of node '/ocp/interconnect@44c00000/segment@200000/target-module@b000/i2c@0[0]'
[    2.454266] i2c i2c-0: using lookup tables for GPIO lookup
[    2.454278] i2c i2c-0: No GPIO consumer scl found
[    2.454305] i2c i2c-0: using DT '/ocp/interconnect@44c00000/segment@200000/target-module@b000/i2c@0' for 'sda' GPIO lookup
[    2.454343] of_get_named_gpiod_flags: can't parse 'sda-gpios' property of node '/ocp/interconnect@44c00000/segment@200000/target-module@b000/i2c@0[0]'
[    2.454383] of_get_named_gpiod_flags: can't parse 'sda-gpio' property of node '/ocp/interconnect@44c00000/segment@200000/target-module@b000/i2c@0[0]'
[    2.454418] i2c i2c-0: using lookup tables for GPIO lookup
[    2.454429] i2c i2c-0: No GPIO consumer sda found
[    2.472646] tps65217-pmic: Failed to locate of_node [id: -1]
[    2.478694] tps65217-bl: Failed to locate of_node [id: -1]
[    2.490036] tps65217 0-0024: TPS65217 ID 0xe version 1.2
[    2.496159] /ocp/interconnect@48000000/segment@300000/target-module@e000/lcdc@0: Fixed dependency cycle(s) with /ocp/interconnect@44c00000/segment@200000/target-module@b000/i2c@0/tda19988@70
[    2.513521] /ocp/interconnect@44c00000/segment@200000/target-module@b000/i2c@0/tda19988@70: Fixed dependency cycle(s) with /ocp/interconnect@48000000/segment@300000/target-module@e000/lcdc@0
[    2.530886] omap_i2c 44e0b000.i2c: bus 0 rev0.11 at 400 kHz
[    2.538629] sdhci-omap 48060000.mmc: using DT '/ocp/interconnect@48000000/segment@0/target-module@60000/mmc@0' for 'cd' GPIO lookup
[    2.538736] of_get_named_gpiod_flags: parsed 'cd-gpios' property of node '/ocp/interconnect@48000000/segment@0/target-module@60000/mmc@0[0]' - status (0)
[    2.538803] gpio gpiochip3: Persistence not supported for GPIO 6
[    2.538831] omap_gpio 44e07000.gpio: Could not set line 6 debounce to 200000 microseconds (-22)
[    2.547708] sdhci-omap 48060000.mmc: Got CD GPIO
[    2.552384] sdhci-omap 48060000.mmc: using DT '/ocp/interconnect@48000000/segment@0/target-module@60000/mmc@0' for 'wp' GPIO lookup
[    2.552433] of_get_named_gpiod_flags: can't parse 'wp-gpios' property of node '/ocp/interconnect@48000000/segment@0/target-module@60000/mmc@0[0]'
[    2.552477] of_get_named_gpiod_flags: can't parse 'wp-gpio' property of node '/ocp/interconnect@48000000/segment@0/target-module@60000/mmc@0[0]'
[    2.552515] sdhci-omap 48060000.mmc: using lookup tables for GPIO lookup
[    2.552528] sdhci-omap 48060000.mmc: No GPIO consumer wp found
[    2.552752] sdhci-omap 48060000.mmc: supply pbias not found, using dummy regulator
[    2.561437] sdhci-omap 481d8000.mmc: using DT '/ocp/interconnect@48000000/segment@100000/target-module@d8000/mmc@0' for 'wp' GPIO lookup
[    2.561510] of_get_named_gpiod_flags: can't parse 'wp-gpios' property of node '/ocp/interconnect@48000000/segment@100000/target-module@d8000/mmc@0[0]'
[    2.561558] of_get_named_gpiod_flags: can't parse 'wp-gpio' property of node '/ocp/interconnect@48000000/segment@100000/target-module@d8000/mmc@0[0]'
[    2.561596] sdhci-omap 481d8000.mmc: using lookup tables for GPIO lookup
[    2.561609] sdhci-omap 481d8000.mmc: No GPIO consumer wp found
[    2.562712] sdhci-omap 48060000.mmc: supply vqmmc not found, using dummy regulator
[    2.571270] sdhci-omap 481d8000.mmc: supply pbias not found, using dummy regulator
[    2.579847] sdhci-omap 481d8000.mmc: supply vqmmc not found, using dummy regulator
[    2.615419] mmc0: SDHCI controller on 48060000.mmc [48060000.mmc] using External DMA
[    2.623736] mmc1: SDHCI controller on 481d8000.mmc [481d8000.mmc] using External DMA
[    2.632476] cpsw-switch 4a100000.switch: starting ndev. mode: dual_mac
[    2.683528] mmc0: new high speed SDHC card at address 5048
[    2.690548] mmcblk0: mmc0:5048 SD16G 14.4 GiB
[    2.698594]  mmcblk0: p1 p2
[    2.702057] mmcblk0: p2 size 31221760 extends beyond EOD, truncated
[    2.712942] SMSC LAN8710/LAN8720 4a101000.mdio:00: attached PHY driver (mii_bus:phy_addr=4a101000.mdio:00, irq=POLL)
[    2.731224] mmc1: new high speed MMC card at address 0001
[    2.738238] mmcblk1: mmc1:0001 MMC04G 3.60 GiB
[    2.745545]  mmcblk1: p1 p2
[    2.749736] mmcblk1boot0: mmc1:0001 MMC04G 2.00 MiB
[    2.757012] mmcblk1boot1: mmc1:0001 MMC04G 2.00 MiB
[    2.764491] mmcblk1rpmb: mmc1:0001 MMC04G 128 KiB, chardev (250:0)
[    5.922481] cpsw-switch 4a100000.switch eth0: Link is Up - 100Mbps/Full - flow control off
[    5.961932] IP-Config: Complete:
[    5.965206]      device=eth0, hwaddr=6c:ec:eb:68:de:78, ipaddr=192.168.255.1, mask=255.255.255.0, gw=255.255.255.255
[    5.975880]      host=bbb1, domain=, nis-domain=(none)
[    5.981049]      bootserver=192.168.255.126, rootserver=192.168.255.126, rootpath=
[    5.981471] clk: Disabling unused clocks
[    5.993300] PM: genpd: Disabling unused power domains
[    5.998411] KTAP version 1
[    6.001132] 1..0
[    6.032681] VFS: Mounted root (nfs filesystem) on device 0:17.
[    6.039491] devtmpfs: mounted
[    6.044235] Freeing unused kernel image (initmem) memory: 1024K
[    6.050861] Run /sbin/init as init process
[    6.055105]   with arguments:
[    6.055120]     /sbin/init
[    6.055129]     nfsrootdebug
[    6.055138]   with environment:
[    6.055147]     HOME=/
[    6.055155]     TERM=linux
[    6.751624] systemd[1]: System time before build time, advancing clock.
[    8.211707] random: crng init done
[    8.253754] systemd[1]: systemd 232 running in system mode. (+PAM +AUDIT +SELINUX +IMA +APPARMOR +SMACK +SYSVINIT +UTMP +LIBCRYPTSETUP +GCRYPT +GNUTLS +ACL +XZ +LZ4 +SECCOMP +BLKID +ELFUTILS +KMOD +IDN)
[    8.272839] systemd[1]: Detected architecture arm.
[    8.304814] systemd[1]: Set hostname to <arm>.
[    9.407297] systemd[1]: Listening on Syslog Socket.
[    9.432105] systemd[1]: Reached target Swap.
[    9.452624] systemd[1]: Listening on Journal Socket (/dev/log).
[    9.482559] systemd[1]: Started Forward Password Requests to Wall Directory Watch.
[    9.512282] systemd[1]: Listening on udev Kernel Socket.
[    9.542041] systemd[1]: Reached target Remote File Systems.
[    9.572484] systemd[1]: Listening on Journal Socket.
[   11.762620] systemd-journald[92]: Received request to flush runtime journal from PID 1
[   14.354059] leds-gpio leds: using DT '/leds/led2' for '(default)' GPIO lookup
[   14.354164] of_get_named_gpiod_flags: parsed 'gpios' property of node '/leds/led2[0]' - status (0)
[   14.354225] gpio gpiochip0: Persistence not supported for GPIO 21
[   14.354241] gpio-533 (?): no flags found for GPIO (default)
[   14.433198] leds-gpio leds: using DT '/leds/led3' for '(default)' GPIO lookup
[   14.433313] of_get_named_gpiod_flags: parsed 'gpios' property of node '/leds/led3[0]' - status (0)
[   14.433374] gpio gpiochip0: Persistence not supported for GPIO 22
[   14.433389] gpio-534 (?): no flags found for GPIO (default)
[   14.476297] leds-gpio leds: using DT '/leds/led4' for '(default)' GPIO lookup
[   14.476395] of_get_named_gpiod_flags: parsed 'gpios' property of node '/leds/led4[0]' - status (0)
[   14.476447] gpio gpiochip0: Persistence not supported for GPIO 23
[   14.476462] gpio-535 (?): no flags found for GPIO (default)
[   14.492487] leds-gpio leds: using DT '/leds/led5' for '(default)' GPIO lookup
[   14.492586] of_get_named_gpiod_flags: parsed 'gpios' property of node '/leds/led5[0]' - status (0)
[   14.492639] gpio gpiochip0: Persistence not supported for GPIO 24
[   14.492654] gpio-536 (?): no flags found for GPIO (default)
[   14.848686] remoteproc remoteproc0: wkup_m3 is available
[   14.933155] omap_rtc 44e3e000.rtc: registered as rtc0
[   14.938352] omap_rtc 44e3e000.rtc: setting system clock to 2000-01-01T00:00:00 UTC (946684800)
[   14.947221] omap_rtc 44e3e000.rtc: using DT '/ocp/interconnect@44c00000/segment@200000/target-module@3e000/rtc@0' for 'wp' GPIO lookup
[   14.947294] of_get_named_gpiod_flags: can't parse 'wp-gpios' property of node '/ocp/interconnect@44c00000/segment@200000/target-module@3e000/rtc@0[0]'
[   14.947344] of_get_named_gpiod_flags: can't parse 'wp-gpio' property of node '/ocp/interconnect@44c00000/segment@200000/target-module@3e000/rtc@0[0]'
[   14.947384] omap_rtc 44e3e000.rtc: using lookup tables for GPIO lookup
[   14.947398] omap_rtc 44e3e000.rtc: No GPIO consumer wp found
[   14.974841] at24 2-0054: supply vcc not found, using dummy regulator
[   15.076059] omap_wdt: OMAP Watchdog Timer Rev 0x01: initial timeout 60 sec
[   15.114560] at24 2-0055: supply vcc not found, using dummy regulator
[   15.190799] at24 2-0056: supply vcc not found, using dummy regulator
[   15.322725] at24 2-0057: supply vcc not found, using dummy regulator
[   15.407879] at24 0-0050: using DT '/ocp/interconnect@44c00000/segment@200000/target-module@b000/i2c@0/eeprom@50' for 'wp' GPIO lookup
[   15.407993] of_get_named_gpiod_flags: can't parse 'wp-gpios' property of node '/ocp/interconnect@44c00000/segment@200000/target-module@b000/i2c@0/eeprom@50[0]'
[   15.408052] of_get_named_gpiod_flags: can't parse 'wp-gpio' property of node '/ocp/interconnect@44c00000/segment@200000/target-module@b000/i2c@0/eeprom@50[0]'
[   15.408099] at24 0-0050: using lookup tables for GPIO lookup
[   15.408113] at24 0-0050: No GPIO consumer wp found
[   15.408434] at24 0-0050: 32768 byte 24c256 EEPROM, writable, 1 bytes/write
[   15.525345] tps6521x_pwrbutton tps65217-pwrbutton: DMA mask not set
[   15.629307] input: tps65217_pwrbutton as /devices/platform/ocp/44c00000.interconnect/44c00000.interconnect:segment@200000/44e0b000.target-module/44e0b000.i2c/i2c-0/0-0024/tps65217-pwrbutton/input/input0
[   15.756615] wkup_m3_ipc 44e11324.wkup_m3_ipc: IPC Request for A8->M3 Channel failed! -517
[   15.872316] am335x-phy-driver 47401300.usb-phy: using DT '/ocp/target-module@47400000/usb-phy@1300' for 'reset' GPIO lookup
[   15.872409] of_get_named_gpiod_flags: can't parse 'reset-gpios' property of node '/ocp/target-module@47400000/usb-phy@1300[0]'
[   15.872455] of_get_named_gpiod_flags: can't parse 'reset-gpio' property of node '/ocp/target-module@47400000/usb-phy@1300[0]'
[   15.872493] am335x-phy-driver 47401300.usb-phy: using lookup tables for GPIO lookup
[   15.872507] am335x-phy-driver 47401300.usb-phy: No GPIO consumer reset found
[   15.872522] am335x-phy-driver 47401300.usb-phy: using DT '/ocp/target-module@47400000/usb-phy@1300' for 'vbus-detect' GPIO lookup
[   15.872552] of_get_named_gpiod_flags: can't parse 'vbus-detect-gpios' property of node '/ocp/target-module@47400000/usb-phy@1300[0]'
[   15.872583] of_get_named_gpiod_flags: can't parse 'vbus-detect-gpio' property of node '/ocp/target-module@47400000/usb-phy@1300[0]'
[   15.872609] am335x-phy-driver 47401300.usb-phy: using lookup tables for GPIO lookup
[   15.872621] am335x-phy-driver 47401300.usb-phy: No GPIO consumer vbus-detect found
[   15.872770] am335x-phy-driver 47401300.usb-phy: dummy supplies not allowed for exclusive requests (id=vbus)
[   15.994879] am335x-phy-driver 47401b00.usb-phy: using DT '/ocp/target-module@47400000/usb-phy@1b00' for 'reset' GPIO lookup
[   15.994972] of_get_named_gpiod_flags: can't parse 'reset-gpios' property of node '/ocp/target-module@47400000/usb-phy@1b00[0]'
[   15.995015] of_get_named_gpiod_flags: can't parse 'reset-gpio' property of node '/ocp/target-module@47400000/usb-phy@1b00[0]'
[   15.995052] am335x-phy-driver 47401b00.usb-phy: using lookup tables for GPIO lookup
[   15.995067] am335x-phy-driver 47401b00.usb-phy: No GPIO consumer reset found
[   15.995082] am335x-phy-driver 47401b00.usb-phy: using DT '/ocp/target-module@47400000/usb-phy@1b00' for 'vbus-detect' GPIO lookup
[   15.995112] of_get_named_gpiod_flags: can't parse 'vbus-detect-gpios' property of node '/ocp/target-module@47400000/usb-phy@1b00[0]'
[   15.995145] of_get_named_gpiod_flags: can't parse 'vbus-detect-gpio' property of node '/ocp/target-module@47400000/usb-phy@1b00[0]'
[   15.995171] am335x-phy-driver 47401b00.usb-phy: using lookup tables for GPIO lookup
[   15.995183] am335x-phy-driver 47401b00.usb-phy: No GPIO consumer vbus-detect found
[   15.995331] am335x-phy-driver 47401b00.usb-phy: dummy supplies not allowed for exclusive requests (id=vbus)
[   16.008814] wkup_m3_ipc 44e11324.wkup_m3_ipc: IPC Request for A8->M3 Channel failed! -517
[   16.193725] wkup_m3_ipc 44e11324.wkup_m3_ipc: IPC Request for A8->M3 Channel failed! -517
[   16.439021] usbcore: registered new interface driver usbfs
[   16.444824] usbcore: registered new interface driver hub
[   16.450264] usbcore: registered new device driver usb
[   16.772129] tda998x 0-0070: found TDA19988
[   16.863883] wkup_m3_ipc 44e11324.wkup_m3_ipc: IPC Request for A8->M3 Channel failed! -517
[   17.010433] wkup_m3_ipc 44e11324.wkup_m3_ipc: IPC Request for A8->M3 Channel failed! -517
[   17.161356] musb-hdrc musb-hdrc.1: MUSB HDRC host driver
[   17.167031] musb-hdrc musb-hdrc.1: new USB bus registered, assigned bus number 1
[   17.196819] wkup_m3_ipc 44e11324.wkup_m3_ipc: IPC Request for A8->M3 Channel failed! -517
[   17.225585] omap-mailbox 480c8000.mailbox: omap mailbox rev 0x400
[   17.348293] remoteproc remoteproc0: powering up wkup_m3
[   17.394342] usb usb1: New USB device found, idVendor=1d6b, idProduct=0002, bcdDevice= 6.14
[   17.402865] usb usb1: New USB device strings: Mfr=3, Product=2, SerialNumber=1
[   17.410135] usb usb1: Product: MUSB HDRC host driver
[   17.415171] usb usb1: Manufacturer: Linux 6.14.0-rc6 musb-hcd
[   17.420948] usb usb1: SerialNumber: musb-hdrc.1
[   17.485249] remoteproc remoteproc0: Direct firmware load for am335x-pm-firmware.elf failed with error -2
[   17.495046] remoteproc remoteproc0: request_firmware failed: -2
[   17.501009] wkup_m3_ipc 44e11324.wkup_m3_ipc: rproc_boot failed
[   17.872259] hub 1-0:1.0: USB hub found
[   17.945459] hub 1-0:1.0: 1 port detected
[   20.352461] tilcdc 4830e000.lcdc: bound 0-0070 (ops 0xbf0680f8)
[   20.423052] omap_rng 48310000.rng: Random Number Generator ver. 20
[   20.452674] [drm] Initialized tilcdc 1.0.0 for 4830e000.lcdc on minor 0
[   20.524775] tilcdc 4830e000.lcdc: [drm] Cannot find any crtc or sizes
[   20.553378] tilcdc 4830e000.lcdc: [drm] Cannot find any crtc or sizes
[   21.366984] omap-sham 53100000.sham: hw accel on OMAP rev 4.3
[   21.387665] PM: Cannot get wkup_m3_ipc handle
[   21.503036] omap-aes 53500000.aes: OMAP AES hw accel rev: 3.2
[   21.509305] omap-sham 53100000.sham: will run requests pump with realtime priority
[   21.529965] PM: Cannot get wkup_m3_ipc handle
[   21.594477] omap-aes 53500000.aes: will run requests pump with realtime priority
[   21.605201] PM: Cannot get wkup_m3_ipc handle
[   25.100601] PM: Cannot get wkup_m3_ipc handle
[   25.106033] OF: /sound: Read of boolean property 'simple-audio-card,bitclock-master' with a value.
[   25.115415] OF: /sound: Read of boolean property 'simple-audio-card,frame-master' with a value.
[   25.124685] asoc-simple-card sound: using DT '/sound' for 'simple-audio-card,hp-det' GPIO lookup
[   25.124742] of_get_named_gpiod_flags: can't parse 'simple-audio-card,hp-det-gpios' property of node '/sound[0]'
[   25.124773] of_get_named_gpiod_flags: can't parse 'simple-audio-card,hp-det-gpio' property of node '/sound[0]'
[   25.124798] asoc-simple-card sound: using lookup tables for GPIO lookup
[   25.124811] asoc-simple-card sound: No GPIO consumer simple-audio-card,hp-det found
[   25.124826] asoc-simple-card sound: using DT '/sound' for 'simple-audio-card,mic-det' GPIO lookup
[   25.124850] of_get_named_gpiod_flags: can't parse 'simple-audio-card,mic-det-gpios' property of node '/sound[0]'
[   25.124876] of_get_named_gpiod_flags: can't parse 'simple-audio-card,mic-det-gpio' property of node '/sound[0]'
[   25.124895] asoc-simple-card sound: using lookup tables for GPIO lookup
[   25.124907] asoc-simple-card sound: No GPIO consumer simple-audio-card,mic-det found
[   25.128031] Bluetooth: Core ver 2.22
[   25.132054] NET: Registered PF_BLUETOOTH protocol family
[   25.137403] Bluetooth: HCI device and connection manager initialized
[   25.143999] Bluetooth: HCI socket layer initialized
[   25.148918] Bluetooth: L2CAP socket layer initialized
[   25.154143] Bluetooth: SCO socket layer initialized
[   25.407620] PM: Cannot get wkup_m3_ipc handle
[   28.044817] userial_init: registered 8 ttyGS* devices
[   28.283265] rndis_register: configNr = 0
[   28.358796] udc musb-hdrc.0: binding gadget driver [g_multi]
[   28.358906] configfs-gadget.g_multi gadget.0: adding 'rndis'/ef736c13 to config 'c'/302c5f4d
[   28.360063] configfs-gadget.g_multi gadget.0: HOST MAC 1c:ba:8c:a2:ed:6c
[   28.367110] configfs-gadget.g_multi gadget.0: MAC 1c:ba:8c:a2:ed:70
[   28.373531] rndis_set_param_medium: 0 0
[   28.373551] configfs-gadget.g_multi gadget.0: RNDIS: IN/ep1in OUT/ep1out NOTIFY/ep2in
[   28.373568] configfs-gadget.g_multi gadget.0: adding 'cdc_ethernet'/a7b0c3de to config 'c'/302c5f4d
[   28.374522] configfs-gadget.g_multi gadget.0: HOST MAC 1c:ba:8c:a2:ed:6c
[   28.381285] configfs-gadget.g_multi gadget.0: MAC 1c:ba:8c:a2:ed:6d
[   28.387701] configfs-gadget.g_multi gadget.0: CDC Ethernet: IN/ep3in OUT/ep2out NOTIFY/ep4in
[   28.387721] configfs-gadget.g_multi gadget.0: adding 'acm'/5c8921c9 to config 'c'/302c5f4d
[   28.387757] configfs-gadget.g_multi gadget.0: acm ttyGS0: IN/ep5in OUT/ep3out NOTIFY/ep6in
[   28.402304] PM: Cannot get wkup_m3_ipc handle
[   29.525566] configfs-gadget.g_multi gadget.0: eth_open
[   30.698264] configfs-gadget.g_multi gadget.0: stop stats: rx/tx 0/0, errs 0/0
[   34.877909] gs_open: ttyGS0 (5c479dc4,9f331c85)
[   34.878064] gs_close: ttyGS0 (5c479dc4,9f331c85) ...
[   34.878087] gs_close: ttyGS0 (5c479dc4,9f331c85) done!
[   34.896867] gs_open: ttyGS0 (dd4ffc54,392e88e0)
[   34.896982] gs_close: ttyGS0 (dd4ffc54,392e88e0) ...
[   34.897003] gs_close: ttyGS0 (dd4ffc54,392e88e0) done!
[   35.032384] gs_open: ttyGS0 (9d8d9130,c3a89406)
[   35.032629] gs_close: ttyGS0 (9d8d9130,c3a89406) ...
[   35.032656] gs_close: ttyGS0 (9d8d9130,c3a89406) done!
[   35.032891] gs_open: ttyGS0 (0de363bc,c3a89406)
TTKCSMOAKV 0
root@arm:~# echo 'SPHO''BKLLLK'
SPHOBKLLLK
root@arm:~# MARKER='YHPU''STJSGW' run 'modprobe test_linear_ranges'
YHPUSTJSGWYHPUSTJSGW 0
root@arm:~# echo 'UWEV''XAVJWU'
UWEVXAVJWU
root@arm:~# MARKER='MKTG''KOJJGY' run dmesg
MKTGKOJJGY[    0.000000] Booting Linux on physical CPU 0x0
[    0.000000] Linux version 6.14.0-rc6 (user01@drvtest01) (arm-none-eabi-gcc (Arm GNU Toolchain 14.2.Rel1 (Build arm-14.52)) 14.2.1 20241119, GNU ld (Arm GNU Toolchain 14.2.Rel1 (Build arm-14.52)) 2.43.1.20241119) #1 SMP Mon Mar 10 02:27:39 EET 2025
[    0.000000] CPU: ARMv7 Processor [413fc082] revision 2 (ARMv7), cr=10c5387d
[    0.000000] CPU: PIPT / VIPT nonaliasing data cache, VIPT aliasing instruction cache
[    0.000000] OF: fdt: Machine model: TI AM335x BeagleBone Black
[    0.000000] Memory policy: Data cache writeback
[    0.000000] cma: Reserved 16 MiB at 0x9e800000 on node -1
[    0.000000] Zone ranges:
[    0.000000]   Normal   [mem 0x0000000080000000-0x000000009fdfffff]
[    0.000000]   HighMem  empty
[    0.000000] Movable zone start for each node
[    0.000000] Early memory node ranges
[    0.000000]   node   0: [mem 0x0000000080000000-0x000000009fdfffff]
[    0.000000] Initmem setup node 0 [mem 0x0000000080000000-0x000000009fdfffff]
[    0.000000] OF: reserved mem: Reserved memory: No reserved-memory node in the DT
[    0.000000] CPU: All CPU(s) started in SVC mode.
[    0.000000] AM335X ES2.1 (sgx neon)
[    0.000000] percpu: Embedded 17 pages/cpu s39628 r8192 d21812 u69632
[    0.000000] pcpu-alloc: s39628 r8192 d21812 u69632 alloc=17*4096
[    0.000000] pcpu-alloc: [0] 0 
[    0.000000] Kernel command line: console=ttyO0,115200n8 root=/dev/nfs rw nfsroot=192.168.255.126:/home/user01/nfs,nfsvers=3 ip=192.168.255.1:192.168.255.126::255.255.255.0:bbb1:eth0 nfsrootdebug
[    0.000000] Unknown kernel command line parameters "nfsrootdebug", will be passed to user space.
[    0.000000] printk: log buffer data + meta data: 65536 + 204800 = 270336 bytes
[    0.000000] Dentry cache hash table entries: 65536 (order: 6, 262144 bytes, linear)
[    0.000000] Inode-cache hash table entries: 32768 (order: 5, 131072 bytes, linear)
[    0.000000] Built 1 zonelists, mobility grouping on.  Total pages: 130560
[    0.000000] mem auto-init: stack:off, heap alloc:off, heap free:off
[    0.000000] SLUB: HWalign=16, Order=0-3, MinObjects=0, CPUs=1, Nodes=1
[    0.000000] rcu: Hierarchical RCU implementation.
[    0.000000] rcu: 	RCU event tracing is enabled.
[    0.000000] rcu: 	RCU restricting CPUs from NR_CPUS=2 to nr_cpu_ids=1.
[    0.000000] 	Tracing variant of Tasks RCU enabled.
[    0.000000] rcu: RCU calculated value of scheduler-enlistment delay is 10 jiffies.
[    0.000000] rcu: Adjusting geometry for rcu_fanout_leaf=16, nr_cpu_ids=1
[    0.000000] RCU Tasks Trace: Setting shift to 0 and lim to 1 rcu_task_cb_adjust=1 rcu_task_cpu_ids=1.
[    0.000000] NR_IRQS: 16, nr_irqs: 16, preallocated irqs: 16
[    0.000000] IRQ: Found an INTC at 0x(ptrval) (revision 5.0) with 128 interrupts
[    0.000000] rcu: srcu_init: Setting srcu_struct sizes based on contention.
[    0.000000] TI gptimer clocksource: always-on /ocp/interconnect@44c00000/segment@200000/target-module@31000
[    0.000003] sched_clock: 32 bits at 24MHz, resolution 41ns, wraps every 89478484971ns
[    0.000027] clocksource: dmtimer: mask: 0xffffffff max_cycles: 0xffffffff, max_idle_ns: 79635851949 ns
[    0.000511] TI gptimer clockevent: 24000000 Hz at /ocp/interconnect@48000000/segment@0/target-module@40000
[    0.002173] Console: colour dummy device 80x30
[    0.002238] WARNING: Your 'console=ttyO0' has been replaced by 'ttyS0'
[    0.002245] This ensures that you still see kernel messages. Please
[    0.002250] update your kernel commandline.
[    0.002293] Calibrating delay loop... 996.14 BogoMIPS (lpj=4980736)
[    0.090557] CPU: Testing write buffer coherency: ok
[    0.090665] CPU0: Spectre v2: using BPIALL workaround
[    0.090675] pid_max: default: 32768 minimum: 301
[    0.090809] LSM: initializing lsm=capability
[    0.090986] Mount-cache hash table entries: 1024 (order: 0, 4096 bytes, linear)
[    0.091005] Mountpoint-cache hash table entries: 1024 (order: 0, 4096 bytes, linear)
[    0.092597] CPU0: thread -1, cpu 0, socket -1, mpidr 0
[    0.092655] cacheinfo: Unable to detect cache hierarchy for CPU 0
[    0.160907] Setting up static identity map for 0x80100000 - 0x80100078
[    0.170709] rcu: Hierarchical SRCU implementation.
[    0.170721] rcu: 	Max phase no-delay instances is 1000.
[    0.190756] smp: Bringing up secondary CPUs ...
[    0.190809] smp: Brought up 1 node, 1 CPU
[    0.190823] SMP: Total of 1 processors activated (996.14 BogoMIPS).
[    0.190835] CPU: All CPU(s) started in SVC mode.
[    0.191011] Memory: 480844K/522240K available (11264K kernel code, 1209K rwdata, 2896K rodata, 1024K init, 291K bss, 23380K reserved, 16384K cma-reserved, 0K highmem)
[    0.191866] devtmpfs: initialized
[    0.208148] VFP support v0.3: implementor 41 architecture 3 part 30 variant c rev 3
[    0.208488] clocksource: jiffies: mask: 0xffffffff max_cycles: 0xffffffff, max_idle_ns: 19112604462750000 ns
[    0.208524] futex hash table entries: 256 (order: 2, 16384 bytes, linear)
[    0.209864] pinctrl core: initialized pinctrl subsystem
[    0.212774] NET: Registered PF_NETLINK/PF_ROUTE protocol family
[    0.215532] DMA: preallocated 256 KiB pool for atomic coherent allocations
[    0.216427] audit: initializing netlink subsys (disabled)
[    0.217769] thermal_sys: Registered thermal governor 'fair_share'
[    0.217786] thermal_sys: Registered thermal governor 'step_wise'
[    0.217795] thermal_sys: Registered thermal governor 'user_space'
[    0.217935] audit: type=2000 audit(0.210:1): state=initialized audit_enabled=0 res=1
[    0.217971] cpuidle: using governor menu
[    0.235868] /ocp/interconnect@44c00000/segment@200000/target-module@b000/i2c@0/tda19988@70: Fixed dependency cycle(s) with /ocp/interconnect@48000000/segment@300000/target-module@e000/lcdc@0
[    0.236985] /ocp/interconnect@48000000/segment@300000/target-module@e000/lcdc@0: Fixed dependency cycle(s) with /ocp/interconnect@44c00000/segment@200000/target-module@b000/i2c@0/tda19988@70
[    0.239121] No ATAGs?
[    0.239163] hw-breakpoint: debug architecture 0x4 unsupported.
[    0.242009] kprobes: kprobe jump-optimization is enabled. All kprobes are optimized if possible.
[    0.253839] iommu: Default domain type: Translated
[    0.253862] iommu: DMA domain TLB invalidation policy: strict mode
[    0.255434] reg-fixed-voltage fixedregulator0: using DT '/fixedregulator0' for '(default)' GPIO lookup
[    0.255489] of_get_named_gpiod_flags: can't parse 'gpios' property of node '/fixedregulator0[0]'
[    0.255518] of_get_named_gpiod_flags: can't parse 'gpio' property of node '/fixedregulator0[0]'
[    0.255536] reg-fixed-voltage fixedregulator0: using lookup tables for GPIO lookup
[    0.255545] reg-fixed-voltage fixedregulator0: No GPIO consumer (default) found
[    0.261507] SCSI subsystem initialized
[    0.261978] libata version 3.00 loaded.
[    0.262334] pps_core: LinuxPPS API ver. 1 registered
[    0.262343] pps_core: Software ver. 5.3.6 - Copyright 2005-2007 Rodolfo Giometti <giometti@linux.it>
[    0.262364] PTP clock support registered
[    0.271325] vgaarb: loaded
[    0.271683] clocksource: Switched to clocksource dmtimer
[    0.272330] VFS: Disk quotas dquot_6.6.0
[    0.272384] VFS: Dquot-cache hash table entries: 1024 (order 0, 4096 bytes)
[    0.297020] NET: Registered PF_INET protocol family
[    0.297358] IP idents hash table entries: 8192 (order: 4, 65536 bytes, linear)
[    0.298791] tcp_listen_portaddr_hash hash table entries: 512 (order: 0, 4096 bytes, linear)
[    0.298830] Table-perturb hash table entries: 65536 (order: 6, 262144 bytes, linear)
[    0.298848] TCP established hash table entries: 4096 (order: 2, 16384 bytes, linear)
[    0.298892] TCP bind hash table entries: 4096 (order: 4, 65536 bytes, linear)
[    0.298991] TCP: Hash tables configured (established 4096 bind 4096)
[    0.299113] UDP hash table entries: 256 (order: 1, 14336 bytes, linear)
[    0.299150] UDP-Lite hash table entries: 256 (order: 1, 14336 bytes, linear)
[    0.299333] NET: Registered PF_UNIX/PF_LOCAL protocol family
[    0.300590] RPC: Registered named UNIX socket transport module.
[    0.300610] RPC: Registered udp transport module.
[    0.300616] RPC: Registered tcp transport module.
[    0.300621] RPC: Registered tcp-with-tls transport module.
[    0.300626] RPC: Registered tcp NFSv4.1 backchannel transport module.
[    0.300649] PCI: CLS 0 bytes, default 64
[    0.302193] Initialise system trusted keyrings
[    0.311971] workingset: timestamp_bits=14 max_order=17 bucket_order=3
[    0.313315] NFS: Registering the id_resolver key type
[    0.313381] Key type id_resolver registered
[    0.313389] Key type id_legacy registered
[    0.313436] jffs2: version 2.2. (NAND) (SUMMARY)  Â© 2001-2006 Red Hat, Inc.
[    0.313833] Key type asymmetric registered
[    0.313848] Asymmetric key parser 'x509' registered
[    0.313920] io scheduler mq-deadline registered
[    0.313931] io scheduler kyber registered
[    0.313999] io scheduler bfq registered
[    0.315552] ledtrig-cpu: registered to indicate activity on CPUs
[    0.318227] Serial: 8250/16550 driver, 6 ports, IRQ sharing enabled
[    0.376038] brd: module loaded
[    0.384622] loop: module loaded
[    0.385522] mtdoops: mtd device (mtddev=name/number) must be supplied
[    0.387220] mdio_bus fixed-0: using lookup tables for GPIO lookup
[    0.387243] mdio_bus fixed-0: No GPIO consumer reset found
[    0.388560] i2c_dev: i2c /dev entries driver
[    0.389499] cpuidle: enable-method property 'ti,am3352' found operations
[    0.389932] sdhci: Secure Digital Host Controller Interface driver
[    0.389941] sdhci: Copyright(c) Pierre Ossman
[    0.390112] sdhci-pltfm: SDHCI platform and OF driver helper
[    0.391096] Initializing XFRM netlink socket
[    0.391249] NET: Registered PF_INET6 protocol family
[    0.406241] Segment Routing with IPv6
[    0.406336] In-situ OAM (IOAM) with IPv6
[    0.406431] sit: IPv6, IPv4 and MPLS over IPv4 tunneling driver
[    0.407362] NET: Registered PF_PACKET protocol family
[    0.407397] NET: Registered PF_KEY protocol family
[    0.407528] Key type dns_resolver registered
[    0.407752] ThumbEE CPU extension supported.
[    0.407772] Registering SWP/SWPB emulation handler
[    0.408306] omap_voltage_late_init: Voltage driver support not added
[    0.408665] SmartReflex Class3 initialized
[    0.440657] Loading compiled-in X.509 certificates
[    0.485389] OF: /ocp: Read of boolean property 'clocks' with a value.
[    0.488492] /ocp/interconnect@44c00000/segment@200000/target-module@b000/i2c@0/tda19988@70: Fixed dependency cycle(s) with /ocp/interconnect@48000000/segment@300000/target-module@e000/lcdc@0
[    0.489406] OF: /ocp/interconnect@44c00000: Read of boolean property 'clocks' with a value.
[    0.494975] /ocp/interconnect@44c00000/segment@200000/target-module@b000/i2c@0/tda19988@70: Fixed dependency cycle(s) with /ocp/interconnect@48000000/segment@300000/target-module@e000/lcdc@0
[    0.500345] gpiochip_find_base_unlocked: found new base at 512
[    0.517684] /ocp/interconnect@44c00000/segment@200000/target-module@b000/i2c@0/tda19988@70: Fixed dependency cycle(s) with /ocp/interconnect@48000000/segment@300000/target-module@e000/lcdc@0
[    0.518562] /ocp/interconnect@44c00000/segment@200000/target-module@b000/i2c@0/tda19988@70: Fixed dependency cycle(s) with /ocp/interconnect@48000000/segment@300000/target-module@e000/lcdc@0
[    0.522152] /ocp/interconnect@44c00000/segment@200000/target-module@10000/scm@0/pinmux@800: Fixed dependency cycle(s) with /ocp/interconnect@44c00000/segment@200000/target-module@10000/scm@0/pinmux@800/clkout2-pins
[    0.522774] pinctrl-single 44e10800.pinmux: 142 pins, size 568
[    0.527898] ti-sysc 44e31000.target-module: probe with driver ti-sysc failed with error -16
[    0.564835] /ocp/interconnect@48000000/segment@300000/target-module@e000/lcdc@0: Fixed dependency cycle(s) with /ocp/interconnect@44c00000/segment@200000/target-module@b000/i2c@0/tda19988@70
[    0.565157] OF: /ocp/interconnect@48000000: Read of boolean property 'clocks' with a value.
[    0.572851] ti-sysc 48040000.target-module: probe with driver ti-sysc failed with error -16
[    0.584197] gpiochip_find_base_unlocked: found new base at 512
[    0.584297] gpio gpiochip0: (gpio-0-31): created GPIO range 0->7 ==> 44e10800.pinmux PIN 0->7
[    0.584316] gpio gpiochip0: (gpio-0-31): created GPIO range 8->11 ==> 44e10800.pinmux PIN 90->93
[    0.584331] gpio gpiochip0: (gpio-0-31): created GPIO range 12->27 ==> 44e10800.pinmux PIN 12->27
[    0.584346] gpio gpiochip0: (gpio-0-31): created GPIO range 28->31 ==> 44e10800.pinmux PIN 30->33
[    0.618984] gpio gpiochip0: (gpio-0-31): added GPIO chardev (254:0)
[    0.619129] gpio gpiochip0: registered GPIOs 512 to 543 on gpio-0-31
[    0.619209] OMAP GPIO hardware version 0.1
[    0.646623] i2c i2c-2: using DT '/ocp/interconnect@48000000/segment@100000/target-module@9c000/i2c@0' for 'scl' GPIO lookup
[    0.646697] of_get_named_gpiod_flags: can't parse 'scl-gpios' property of node '/ocp/interconnect@48000000/segment@100000/target-module@9c000/i2c@0[0]'
[    0.646740] of_get_named_gpiod_flags: can't parse 'scl-gpio' property of node '/ocp/interconnect@48000000/segment@100000/target-module@9c000/i2c@0[0]'
[    0.646775] i2c i2c-2: using lookup tables for GPIO lookup
[    0.646785] i2c i2c-2: No GPIO consumer scl found
[    0.646806] i2c i2c-2: using DT '/ocp/interconnect@48000000/segment@100000/target-module@9c000/i2c@0' for 'sda' GPIO lookup
[    0.646841] of_get_named_gpiod_flags: can't parse 'sda-gpios' property of node '/ocp/interconnect@48000000/segment@100000/target-module@9c000/i2c@0[0]'
[    0.646878] of_get_named_gpiod_flags: can't parse 'sda-gpio' property of node '/ocp/interconnect@48000000/segment@100000/target-module@9c000/i2c@0[0]'
[    0.646909] i2c i2c-2: using lookup tables for GPIO lookup
[    0.646917] i2c i2c-2: No GPIO consumer sda found
[    0.647629] omap_i2c 4819c000.i2c: bus 2 rev0.11 at 100 kHz
[    0.653248] gpiochip_find_base_unlocked: found new base at 544
[    0.653349] gpio gpiochip1: (gpio-32-63): created GPIO range 0->17 ==> 44e10800.pinmux PIN 34->51
[    0.653368] gpio gpiochip1: (gpio-32-63): created GPIO range 18->21 ==> 44e10800.pinmux PIN 77->80
[    0.653384] gpio gpiochip1: (gpio-32-63): created GPIO range 22->31 ==> 44e10800.pinmux PIN 56->65
[    0.664768] gpio gpiochip1: (gpio-32-63): added GPIO chardev (254:1)
[    0.664915] gpio gpiochip1: registered GPIOs 544 to 575 on gpio-32-63
[    0.667160] gpiochip_find_base_unlocked: found new base at 576
[    0.667249] gpio gpiochip2: (gpio-64-95): created GPIO range 0->4 ==> 44e10800.pinmux PIN 66->70
[    0.667269] gpio gpiochip2: (gpio-64-95): created GPIO range 5->6 ==> 44e10800.pinmux PIN 98->99
[    0.667285] gpio gpiochip2: (gpio-64-95): created GPIO range 7->8 ==> 44e10800.pinmux PIN 75->76
[    0.667300] gpio gpiochip2: (gpio-64-95): created GPIO range 13->13 ==> 44e10800.pinmux PIN 141->141
[    0.667315] gpio gpiochip2: (gpio-64-95): created GPIO range 14->21 ==> 44e10800.pinmux PIN 100->107
[    0.667955] gpio gpiochip2: (gpio-64-95): added GPIO chardev (254:2)
[    0.668087] gpio gpiochip2: registered GPIOs 576 to 607 on gpio-64-95
[    0.673680] 48000000.interconnect:segment@200000:target-module@0:mpu@0:fck: device ID is greater than 24
[    0.674558] /ocp/interconnect@48000000/segment@300000/target-module@e000/lcdc@0: Fixed dependency cycle(s) with /ocp/interconnect@44c00000/segment@200000/target-module@b000/i2c@0/tda19988@70
[    0.677267] /ocp/interconnect@48000000/segment@300000/target-module@e000/lcdc@0: Fixed dependency cycle(s) with /ocp/interconnect@44c00000/segment@200000/target-module@b000/i2c@0/tda19988@70
[    0.677941] /ocp/interconnect@44c00000/segment@200000/target-module@b000/i2c@0/tda19988@70: Fixed dependency cycle(s) with /ocp/interconnect@48000000/segment@300000/target-module@e000/lcdc@0
[    0.678099] /ocp/interconnect@48000000/segment@300000/target-module@e000/lcdc@0: Fixed dependency cycle(s) with /ocp/interconnect@44c00000/segment@200000/target-module@b000/i2c@0/tda19988@70
[    0.682334] OF: /ocp/interconnect@4a000000: Read of boolean property 'clocks' with a value.
[    0.687562] mdio_bus 4a101000.mdio: using DT '/ocp/interconnect@4a000000/segment@0/target-module@100000/switch@0/mdio@1000' for 'reset' GPIO lookup
[    0.687632] of_get_named_gpiod_flags: can't parse 'reset-gpios' property of node '/ocp/interconnect@4a000000/segment@0/target-module@100000/switch@0/mdio@1000[0]'
[    0.687679] of_get_named_gpiod_flags: can't parse 'reset-gpio' property of node '/ocp/interconnect@4a000000/segment@0/target-module@100000/switch@0/mdio@1000[0]'
[    0.687726] mdio_bus 4a101000.mdio: using lookup tables for GPIO lookup
[    0.687735] mdio_bus 4a101000.mdio: No GPIO consumer reset found
[    0.688917] sdhci-omap 481d8000.mmc: using DT '/ocp/interconnect@48000000/segment@100000/target-module@d8000/mmc@0' for 'wp' GPIO lookup
[    0.688979] of_get_named_gpiod_flags: can't parse 'wp-gpios' property of node '/ocp/interconnect@48000000/segment@100000/target-module@d8000/mmc@0[0]'
[    0.689022] of_get_named_gpiod_flags: can't parse 'wp-gpio' property of node '/ocp/interconnect@48000000/segment@100000/target-module@d8000/mmc@0[0]'
[    0.689055] sdhci-omap 481d8000.mmc: using lookup tables for GPIO lookup
[    0.689064] sdhci-omap 481d8000.mmc: No GPIO consumer wp found
[    0.689261] sdhci-omap 481d8000.mmc: supply pbias not found, using dummy regulator
[    0.689750] sdhci-omap 481d8000.mmc: supply vqmmc not found, using dummy regulator
[    0.744595] davinci_mdio 4a101000.mdio: davinci mdio revision 1.6, bus freq 1000000
[    0.766605] mdio_bus 4a101000.mdio:00: using DT '/ocp/interconnect@4a000000/segment@0/target-module@100000/switch@0/mdio@1000/ethernet-phy@0' for 'reset' GPIO lookup
[    0.766705] of_get_named_gpiod_flags: parsed 'reset-gpios' property of node '/ocp/interconnect@4a000000/segment@0/target-module@100000/switch@0/mdio@1000/ethernet-phy@0[0]' - status (0)
[    0.766868] gpio gpiochip0: Persistence not supported for GPIO 8
[    0.897350] davinci_mdio 4a101000.mdio: phy[0]: device 4a101000.mdio:00, driver SMSC LAN8710/LAN8720
[    0.898124] cpsw-switch 4a100000.switch: initialized cpsw ale version 1.4
[    0.898145] cpsw-switch 4a100000.switch: ALE Table size 1024, Policers 0
[    0.898299] cpsw-switch 4a100000.switch: cpts: overflow check period 500 (jiffies)
[    0.898315] cpsw-switch 4a100000.switch: CPTS: ref_clk_freq:250000000 calc_mult:2147483648 calc_shift:29 error:0 nsec/sec
[    0.898424] cpsw-switch 4a100000.switch: Detected MACID = 6c:ec:eb:68:de:78
[    0.900175] cpsw-switch 4a100000.switch: initialized (regs 0x4a100000, pool size 256) hw_ver:0019010C 1.12 (0)
[    0.910796] debugfs: Directory '49000000.dma' with parent 'dmaengine' already present!
[    0.910836] edma 49000000.dma: TI EDMA DMA engine driver
[    0.960195] target-module@4b000000:target-module@140000:pmu@0:fck: device ID is greater than 24
[    0.962465] hw perfevents: enabled with armv7_cortex_a8 PMU driver, 5 (8000000f) counters available
[    0.963336] gpio-clk clk_mcasp0: using DT '/clk_mcasp0' for 'enable' GPIO lookup
[    0.963404] of_get_named_gpiod_flags: parsed 'enable-gpios' property of node '/clk_mcasp0[0]' - status (0)
[    0.963450] gpio gpiochip0: Persistence not supported for GPIO 27
[    0.964233] gpiochip_find_base_unlocked: found new base at 608
[    0.964336] gpio gpiochip3: (gpio-96-127): created GPIO range 0->7 ==> 44e10800.pinmux PIN 82->89
[    0.964356] gpio gpiochip3: (gpio-96-127): created GPIO range 8->11 ==> 44e10800.pinmux PIN 52->55
[    0.964371] gpio gpiochip3: (gpio-96-127): created GPIO range 12->15 ==> 44e10800.pinmux PIN 94->97
[    0.964387] gpio gpiochip3: (gpio-96-127): created GPIO range 16->17 ==> 44e10800.pinmux PIN 71->72
[    0.964402] gpio gpiochip3: (gpio-96-127): created GPIO range 18->18 ==> 44e10800.pinmux PIN 135->135
[    0.964418] gpio gpiochip3: (gpio-96-127): created GPIO range 19->20 ==> 44e10800.pinmux PIN 108->109
[    0.964434] gpio gpiochip3: (gpio-96-127): created GPIO range 21->21 ==> 44e10800.pinmux PIN 73->73
[    0.964451] gpio gpiochip3: (gpio-96-127): created GPIO range 22->23 ==> 44e10800.pinmux PIN 8->9
[    0.964468] gpio gpiochip3: (gpio-96-127): created GPIO range 26->27 ==> 44e10800.pinmux PIN 10->11
[    0.964485] gpio gpiochip3: (gpio-96-127): created GPIO range 28->28 ==> 44e10800.pinmux PIN 74->74
[    0.964502] gpio gpiochip3: (gpio-96-127): created GPIO range 29->29 ==> 44e10800.pinmux PIN 81->81
[    0.964524] gpio gpiochip3: (gpio-96-127): created GPIO range 30->31 ==> 44e10800.pinmux PIN 28->29
[    0.971718] l3-aon-clkctrl:0000:0: failed to disable
[    0.972094] gpio gpiochip3: (gpio-96-127): added GPIO chardev (254:3)
[    0.972241] gpio gpiochip3: registered GPIOs 608 to 639 on gpio-96-127
[    0.985043] omap8250 44e09000.serial: using DT '/ocp/interconnect@44c00000/segment@200000/target-module@9000/serial@0' for 'rs485-term' GPIO lookup
[    0.985117] of_get_named_gpiod_flags: can't parse 'rs485-term-gpios' property of node '/ocp/interconnect@44c00000/segment@200000/target-module@9000/serial@0[0]'
[    0.985162] of_get_named_gpiod_flags: can't parse 'rs485-term-gpio' property of node '/ocp/interconnect@44c00000/segment@200000/target-module@9000/serial@0[0]'
[    0.985197] omap8250 44e09000.serial: using lookup tables for GPIO lookup
[    0.985206] omap8250 44e09000.serial: No GPIO consumer rs485-term found
[    0.985216] omap8250 44e09000.serial: using DT '/ocp/interconnect@44c00000/segment@200000/target-module@9000/serial@0' for 'rs485-rx-during-tx' GPIO lookup
[    0.985251] of_get_named_gpiod_flags: can't parse 'rs485-rx-during-tx-gpios' property of node '/ocp/interconnect@44c00000/segment@200000/target-module@9000/serial@0[0]'
[    0.985288] of_get_named_gpiod_flags: can't parse 'rs485-rx-during-tx-gpio' property of node '/ocp/interconnect@44c00000/segment@200000/target-module@9000/serial@0[0]'
[    0.985319] omap8250 44e09000.serial: using lookup tables for GPIO lookup
[    0.985327] omap8250 44e09000.serial: No GPIO consumer rs485-rx-during-tx found
[    0.985708] 44e09000.serial: ttyS0 at MMIO 0x44e09000 (irq = 34, base_baud = 3000000) is a 8250
[    0.985796] printk: legacy console [ttyS0] enabled
[    2.454096] i2c i2c-0: using DT '/ocp/interconnect@44c00000/segment@200000/target-module@b000/i2c@0' for 'scl' GPIO lookup
[    2.454181] of_get_named_gpiod_flags: can't parse 'scl-gpios' property of node '/ocp/interconnect@44c00000/segment@200000/target-module@b000/i2c@0[0]'
[    2.454227] of_get_named_gpiod_flags: can't parse 'scl-gpio' property of node '/ocp/interconnect@44c00000/segment@200000/target-module@b000/i2c@0[0]'
[    2.454266] i2c i2c-0: using lookup tables for GPIO lookup
[    2.454278] i2c i2c-0: No GPIO consumer scl found
[    2.454305] i2c i2c-0: using DT '/ocp/interconnect@44c00000/segment@200000/target-module@b000/i2c@0' for 'sda' GPIO lookup
[    2.454343] of_get_named_gpiod_flags: can't parse 'sda-gpios' property of node '/ocp/interconnect@44c00000/segment@200000/target-module@b000/i2c@0[0]'
[    2.454383] of_get_named_gpiod_flags: can't parse 'sda-gpio' property of node '/ocp/interconnect@44c00000/segment@200000/target-module@b000/i2c@0[0]'
[    2.454418] i2c i2c-0: using lookup tables for GPIO lookup
[    2.454429] i2c i2c-0: No GPIO consumer sda found
[    2.472646] tps65217-pmic: Failed to locate of_node [id: -1]
[    2.478694] tps65217-bl: Failed to locate of_node [id: -1]
[    2.490036] tps65217 0-0024: TPS65217 ID 0xe version 1.2
[    2.496159] /ocp/interconnect@48000000/segment@300000/target-module@e000/lcdc@0: Fixed dependency cycle(s) with /ocp/interconnect@44c00000/segment@200000/target-module@b000/i2c@0/tda19988@70
[    2.513521] /ocp/interconnect@44c00000/segment@200000/target-module@b000/i2c@0/tda19988@70: Fixed dependency cycle(s) with /ocp/interconnect@48000000/segment@300000/target-module@e000/lcdc@0
[    2.530886] omap_i2c 44e0b000.i2c: bus 0 rev0.11 at 400 kHz
[    2.538629] sdhci-omap 48060000.mmc: using DT '/ocp/interconnect@48000000/segment@0/target-module@60000/mmc@0' for 'cd' GPIO lookup
[    2.538736] of_get_named_gpiod_flags: parsed 'cd-gpios' property of node '/ocp/interconnect@48000000/segment@0/target-module@60000/mmc@0[0]' - status (0)
[    2.538803] gpio gpiochip3: Persistence not supported for GPIO 6
[    2.538831] omap_gpio 44e07000.gpio: Could not set line 6 debounce to 200000 microseconds (-22)
[    2.547708] sdhci-omap 48060000.mmc: Got CD GPIO
[    2.552384] sdhci-omap 48060000.mmc: using DT '/ocp/interconnect@48000000/segment@0/target-module@60000/mmc@0' for 'wp' GPIO lookup
[    2.552433] of_get_named_gpiod_flags: can't parse 'wp-gpios' property of node '/ocp/interconnect@48000000/segment@0/target-module@60000/mmc@0[0]'
[    2.552477] of_get_named_gpiod_flags: can't parse 'wp-gpio' property of node '/ocp/interconnect@48000000/segment@0/target-module@60000/mmc@0[0]'
[    2.552515] sdhci-omap 48060000.mmc: using lookup tables for GPIO lookup
[    2.552528] sdhci-omap 48060000.mmc: No GPIO consumer wp found
[    2.552752] sdhci-omap 48060000.mmc: supply pbias not found, using dummy regulator
[    2.561437] sdhci-omap 481d8000.mmc: using DT '/ocp/interconnect@48000000/segment@100000/target-module@d8000/mmc@0' for 'wp' GPIO lookup
[    2.561510] of_get_named_gpiod_flags: can't parse 'wp-gpios' property of node '/ocp/interconnect@48000000/segment@100000/target-module@d8000/mmc@0[0]'
