Labgrid Console Logfile for main
Logfile started at 2025-02-25 08:45:26.915471
=== Log starts here ===

U-Boot SPL 2014.04-00014-g47880f5 (Apr 22 2014 - 13:23:54)
reading args
spl_load_image_fat_os: error reading image args, err - -1
reading u-boot.img
reading u-boot.img


U-Boot 2014.04-00014-g47880f5 (Apr 22 2014 - 13:23:54)

I2C:   ready
DRAM:  512 MiB
NAND:  0 MiB
MMC:   OMAP SD/MMC: 0, OMAP SD/MMC: 1
*** Warning - readenv() failed, using default environment

Net:   <ethaddr> not set. Validating first E-fuse MAC
cpsw, usb_ether
Hit any key to stop autoboot:  1  0 
gpio: pin 53 (gpio 53) value is 1
mmc0 is current device
gpio: pin 54 (gpio 54) value is 1
SD/MMC found on device 0
reading uEnv.txt
569 bytes read in 4 ms (138.7 KiB/s)
gpio: pin 55 (gpio 55) value is 1
Loaded environment from uEnv.txt
Importing environment from mmc ...
Checking if uenvcmd is set ...
gpio: pin 56 (gpio 56) value is 1
Running uenvcmd ...
cpsw Waiting for PHY auto negotiation to complete. done
link up on port 0, speed 100, full duplex
Using cpsw device
TFTP from server 192.168.255.126; our IP address is 192.168.255.1
Filename 'zImage'.
Load address: 0x81000000
Loading: *#################################################################
	 #################################################################
	 #################################################################
	 #################################################################
	 #################################################################
	 ######################################################
	 2.4 MiB/s
done
Bytes transferred = 5550560 (54b1e0 hex)
link up on port 0, speed 100, full duplex
Using cpsw device
TFTP from server 192.168.255.126; our IP address is 192.168.255.1
Filename 'am335x-boneblack.dtb'.
Load address: 0x82000000
Loading: *#######
	 1.7 MiB/s
done
Bytes transferred = 98244 (17fc4 hex)
Kernel image @ 0x81000000 [ 0x000000 - 0x54b1e0 ]
## Flattened Device Tree blob at 82000000
   Booting using the fdt blob at 0x82000000
   Using Device Tree in place at 82000000, end 8201afc3

Starting kernel ...

[    0.000000] Booting Linux on physical CPU 0x0
[    0.000000] Linux version 6.14.0-rc4-next-20250225 (user01@drvtest01) (arm-none-eabi-gcc (Arm GNU Toolchain 14.2.Rel1 (Build arm-14.52)) 14.2.1 20241119, GNU ld (Arm GNU Toolchain 14.2.Rel1 (Build arm-14.52)) 2.43.1.20241119) #1 SMP Tue Feb 25 08:44:04 EET 2025
[    0.000000] CPU: ARMv7 Processor [413fc082] revision 2 (ARMv7), cr=10c5387d
[    0.000000] CPU: PIPT / VIPT nonaliasing data cache, VIPT aliasing instruction cache
[    0.000000] OF: fdt: Machine model: TI AM335x BeagleBone Black
[    0.000000] Memory policy: Data cache writeback
[    0.000000] cma: Reserved 16 MiB at 0x00000000
[    0.000000] Zone ranges:
[    0.000000]   Normal   [mem 0x0000000080000000-0x000000009fdfffff]
[    0.000000]   HighMem  empty
[    0.000000] Movable zone start for each node
[    0.000000] Early memory node ranges
[    0.000000]   node   0: [mem 0x0000000080000000-0x000000009fdfffff]
[    0.000000] Initmem setup node 0 [mem 0x0000000080000000-0x000000009fdfffff]
[    0.000000] OF: reserved mem: Reserved memory: No reserved-memory node in the DT
[    0.000000] CPU: All CPU(s) started in SVC mode.
[    0.000000] AM335X ES2.1 (sgx neon)
[    0.000000] percpu: Embedded 17 pages/cpu s39628 r8192 d21812 u69632
[    0.000000] Kernel command line: console=ttyO0,115200n8 root=/dev/nfs rw nfsroot=192.168.255.126:/home/user01/nfs,nfsvers=3 ip=192.168.255.1:192.168.255.126::255.255.255.0:bbb1:eth0 nfsrootdebug
[    0.000000] Unknown kernel command line parameters "nfsrootdebug", will be passed to user space.
[    0.000000] printk: log buffer data + meta data: 65536 + 204800 = 270336 bytes
[    0.000000] Dentry cache hash table entries: 65536 (order: 6, 262144 bytes, linear)
[    0.000000] Inode-cache hash table entries: 32768 (order: 5, 131072 bytes, linear)
[    0.000000] Built 1 zonelists, mobility grouping on.  Total pages: 130560
[    0.000000] mem auto-init: stack:off, heap alloc:off, heap free:off
[    0.000000] SLUB: HWalign=16, Order=0-3, MinObjects=0, CPUs=1, Nodes=1
[    0.000000] rcu: Hierarchical RCU implementation.
[    0.000000] rcu: 	RCU event tracing is enabled.
[    0.000000] rcu: 	RCU restricting CPUs from NR_CPUS=2 to nr_cpu_ids=1.
[    0.000000] 	Tracing variant of Tasks RCU enabled.
[    0.000000] rcu: RCU calculated value of scheduler-enlistment delay is 10 jiffies.
[    0.000000] rcu: Adjusting geometry for rcu_fanout_leaf=16, nr_cpu_ids=1
[    0.000000] RCU Tasks Trace: Setting shift to 0 and lim to 1 rcu_task_cb_adjust=1 rcu_task_cpu_ids=1.
[    0.000000] NR_IRQS: 16, nr_irqs: 16, preallocated irqs: 16
[    0.000000] IRQ: Found an INTC at 0x(ptrval) (revision 5.0) with 128 interrupts
[    0.000000] rcu: srcu_init: Setting srcu_struct sizes based on contention.
[    0.000000] TI gptimer clocksource: always-on /ocp/interconnect@44c00000/segment@200000/target-module@31000
[    0.000003] sched_clock: 32 bits at 24MHz, resolution 41ns, wraps every 89478484971ns
[    0.000026] clocksource: dmtimer: mask: 0xffffffff max_cycles: 0xffffffff, max_idle_ns: 79635851949 ns
[    0.000496] TI gptimer clockevent: 24000000 Hz at /ocp/interconnect@48000000/segment@0/target-module@40000
[    0.002122] Console: colour dummy device 80x30
[    0.002187] WARNING: Your 'console=ttyO0' has been replaced by 'ttyS0'
[    0.002195] This ensures that you still see kernel messages. Please
[    0.002199] update your kernel commandline.
[    0.002241] Calibrating delay loop... 996.14 BogoMIPS (lpj=4980736)
[    0.090545] CPU: Testing write buffer coherency: ok
[    0.090663] CPU0: Spectre v2: using BPIALL workaround
[    0.090672] pid_max: default: 32768 minimum: 301
[    0.090832] LSM: initializing lsm=capability
[    0.091010] Mount-cache hash table entries: 1024 (order: 0, 4096 bytes, linear)
[    0.091030] Mountpoint-cache hash table entries: 1024 (order: 0, 4096 bytes, linear)
[    0.092615] CPU0: thread -1, cpu 0, socket -1, mpidr 0
[    0.092672] cacheinfo: Unable to detect cache hierarchy for CPU 0
[    0.160745] Setting up static identity map for 0x80100000 - 0x80100078
[    0.170701] rcu: Hierarchical SRCU implementation.
[    0.170710] rcu: 	Max phase no-delay instances is 1000.
[    0.172482] smp: Bringing up secondary CPUs ...
[    0.172534] smp: Brought up 1 node, 1 CPU
[    0.172548] SMP: Total of 1 processors activated (996.14 BogoMIPS).
[    0.172559] CPU: All CPU(s) started in SVC mode.
[    0.172748] Memory: 480832K/522240K available (11264K kernel code, 1213K rwdata, 2896K rodata, 1024K init, 288K bss, 23380K reserved, 16384K cma-reserved, 0K highmem)
[    0.173559] devtmpfs: initialized
[    0.190984] VFP support v0.3: implementor 41 architecture 3 part 30 variant c rev 3
[    0.191642] clocksource: jiffies: mask: 0xffffffff max_cycles: 0xffffffff, max_idle_ns: 19112604462750000 ns
[    0.191686] futex hash table entries: 256 (order: 2, 16384 bytes, linear)
[    0.192853] pinctrl core: initialized pinctrl subsystem
[    0.195532] NET: Registered PF_NETLINK/PF_ROUTE protocol family
[    0.198309] DMA: preallocated 256 KiB pool for atomic coherent allocations
[    0.199231] audit: initializing netlink subsys (disabled)
[    0.200730] thermal_sys: Registered thermal governor 'fair_share'
[    0.200746] thermal_sys: Registered thermal governor 'step_wise'
[    0.200755] thermal_sys: Registered thermal governor 'user_space'
[    0.200880] audit: type=2000 audit(0.000:1): state=initialized audit_enabled=0 res=1
[    0.200952] cpuidle: using governor menu
[    0.218699] /ocp/interconnect@44c00000/segment@200000/target-module@b000/i2c@0/tda19988@70: Fixed dependency cycle(s) with /ocp/interconnect@48000000/segment@300000/target-module@e000/lcdc@0
[    0.219809] /ocp/interconnect@48000000/segment@300000/target-module@e000/lcdc@0: Fixed dependency cycle(s) with /ocp/interconnect@44c00000/segment@200000/target-module@b000/i2c@0/tda19988@70
[    0.222140] No ATAGs?
[    0.222182] hw-breakpoint: debug architecture 0x4 unsupported.
[    0.224873] kprobes: kprobe jump-optimization is enabled. All kprobes are optimized if possible.
[    0.233953] iommu: Default domain type: Translated
[    0.233976] iommu: DMA domain TLB invalidation policy: strict mode
[    0.241371] SCSI subsystem initialized
[    0.242219] pps_core: LinuxPPS API ver. 1 registered
[    0.242228] pps_core: Software ver. 5.3.6 - Copyright 2005-2007 Rodolfo Giometti <giometti@linux.it>
[    0.242252] PTP clock support registered
[    0.250814] vgaarb: loaded
[    0.251195] clocksource: Switched to clocksource dmtimer
[    0.251871] VFS: Disk quotas dquot_6.6.0
[    0.251932] VFS: Dquot-cache hash table entries: 1024 (order 0, 4096 bytes)
[    0.275752] NET: Registered PF_INET protocol family
[    0.276096] IP idents hash table entries: 8192 (order: 4, 65536 bytes, linear)
[    0.277546] tcp_listen_portaddr_hash hash table entries: 512 (order: 0, 4096 bytes, linear)
[    0.277582] Table-perturb hash table entries: 65536 (order: 6, 262144 bytes, linear)
[    0.277601] TCP established hash table entries: 4096 (order: 2, 16384 bytes, linear)
[    0.277645] TCP bind hash table entries: 4096 (order: 4, 65536 bytes, linear)
[    0.277744] TCP: Hash tables configured (established 4096 bind 4096)
[    0.277864] UDP hash table entries: 256 (order: 1, 14336 bytes, linear)
[    0.277900] UDP-Lite hash table entries: 256 (order: 1, 14336 bytes, linear)
[    0.278093] NET: Registered PF_UNIX/PF_LOCAL protocol family
[    0.281910] RPC: Registered named UNIX socket transport module.
[    0.281931] RPC: Registered udp transport module.
[    0.281937] RPC: Registered tcp transport module.
[    0.281941] RPC: Registered tcp-with-tls transport module.
[    0.281947] RPC: Registered tcp NFSv4.1 backchannel transport module.
[    0.281970] PCI: CLS 0 bytes, default 64
[    0.283413] Initialise system trusted keyrings
[    0.291694] workingset: timestamp_bits=14 max_order=17 bucket_order=3
[    0.293092] NFS: Registering the id_resolver key type
[    0.293172] Key type id_resolver registered
[    0.293179] Key type id_legacy registered
[    0.293293] jffs2: version 2.2. (NAND) (SUMMARY)  Â© 2001-2006 Red Hat, Inc.
[    0.293731] Key type asymmetric registered
[    0.293747] Asymmetric key parser 'x509' registered
[    0.293812] io scheduler mq-deadline registered
[    0.293822] io scheduler kyber registered
[    0.293897] io scheduler bfq registered
[    0.295474] ledtrig-cpu: registered to indicate activity on CPUs
[    0.301657] Serial: 8250/16550 driver, 6 ports, IRQ sharing enabled
[    0.340343] brd: module loaded
[    0.368474] loop: module loaded
[    0.369400] mtdoops: mtd device (mtddev=name/number) must be supplied
[    0.372660] i2c_dev: i2c /dev entries driver
[    0.373644] cpuidle: enable-method property 'ti,am3352' found operations
[    0.374085] sdhci: Secure Digital Host Controller Interface driver
[    0.374092] sdhci: Copyright(c) Pierre Ossman
[    0.374273] sdhci-pltfm: SDHCI platform and OF driver helper
[    0.375273] Initializing XFRM netlink socket
[    0.375448] NET: Registered PF_INET6 protocol family
[    0.377474] Segment Routing with IPv6
[    0.377557] In-situ OAM (IOAM) with IPv6
[    0.377661] sit: IPv6, IPv4 and MPLS over IPv4 tunneling driver
[    0.378603] NET: Registered PF_PACKET protocol family
[    0.378638] NET: Registered PF_KEY protocol family
[    0.378782] Key type dns_resolver registered
[    0.379006] ThumbEE CPU extension supported.
[    0.379026] Registering SWP/SWPB emulation handler
[    0.379569] omap_voltage_late_init: Voltage driver support not added
[    0.379915] SmartReflex Class3 initialized
[    0.412578] Loading compiled-in X.509 certificates
[    0.456649] /ocp/interconnect@44c00000/segment@200000/target-module@b000/i2c@0/tda19988@70: Fixed dependency cycle(s) with /ocp/interconnect@48000000/segment@300000/target-module@e000/lcdc@0
[    0.463142] /ocp/interconnect@44c00000/segment@200000/target-module@b000/i2c@0/tda19988@70: Fixed dependency cycle(s) with /ocp/interconnect@48000000/segment@300000/target-module@e000/lcdc@0
[    0.483003] /ocp/interconnect@44c00000/segment@200000/target-module@b000/i2c@0/tda19988@70: Fixed dependency cycle(s) with /ocp/interconnect@48000000/segment@300000/target-module@e000/lcdc@0
[    0.483880] /ocp/interconnect@44c 00000/segment@200000/target-module@b000/i2c@0/tda19988@70: Fixed dependency cycle(s) with /ocp/interconnect@48000000/segment@300000/target-module@e000/lcdc@0
[    0.487236] /ocp/interconnect@44c00000/segment@200000/target-module@10000/scm@0/pinmux@800: Fi
[    0.703983] davinci_mdio 4a101000.mdio: davinci mdio revision 1.6, bus freq 1000000
[    0.877494] davinci_mdio 4a101000.mdio: phy[0]: device 4a101000.mdio:00, driver SMSC LAN8710/LAN8720
[    0.878296] cpsw-switch 4a100000.switch: initialized cpsw ale version 1.4
[    0.878320] cpsw-switch 4a100000.switch: ALE Table size 1024, Policers 0
[    0.878454] cpsw-switch 4a100000.switch: cpts: overflow check period 500 (jiffies)
[    0.878470] cpsw-switch 4a100000.switch: CPTS: ref_clk_freq:250000000 calc_mult:2147483648 calc_shift:29 error:0 nsec/sec
[    0.878575] cpsw-switch 4a100000.switch: Detected MACID = 6c:ec:eb:68:de:78
[    0.880363] cpsw-switch 4a100000.switch: initialized (regs 0x4a100000, pool size 256) hw_ver:0019010C 1.12 (0)
[    0.891468] debugfs: Directory '49000000.dma' with parent 'dmaengine' already present!
[    0.891510] edma 49000000.dma: TI EDMA DMA engine driver
[    0.924439] target-module@4b000000:target-module@140000:pmu@0:fck: device ID is greater than 24
[    0.934727] hw perfevents: enabled with armv7_cortex_a8 PMU driver, 5 (8000000f) counters available
[    0.942454] l3-aon-clkctrl:0000:0: failed to disable
[    0.956054] 44e09000.serial: ttyS0 at MMIO 0x44e09000 (irq = 34, base_baud = 3000000) is a 8250
[    0.956144] printk: legacy console [ttyS0] enabled
[    2.422169] tps65217-pmic: Failed to locate of_node [id: -1]
[    2.428219] tps65217-bl: Failed to locate of_node [id: -1]
[    2.439607] tps65217 0-0024: TPS65217 ID 0xe version 1.2
[    2.445757] /ocp/interconnect@48000000/segment@300000/target-module@e000/lcdc@0: Fixed dependency cycle(s) with /ocp/interconnect@44c00000/segment@200000/target-module@b000/i2c@0/tda19988@70
[    2.463119] /ocp/interconnect@44c00000/segment@200000/target-module@b000/i2c@0/tda19988@70: Fixed dependency cycle(s) with /ocp/interconnect@48000000/segment@300000/target-module@e000/lcdc@0
[    2.480469] omap_i2c 44e0b000.i2c: bus 0 rev0.11 at 400 kHz
[    2.488501] omap_gpio 44e07000.gpio: Could not set line 6 debounce to 200000 microseconds (-22)
[    2.497376] sdhci-omap 48060000.mmc: Got CD GPIO
[    2.502410] sdhci-omap 48060000.mmc: supply pbias not found, using dummy regulator
[    2.512692] sdhci-omap 48060000.mmc: supply vqmmc not found, using dummy regulator
[    2.521685] sdhci-omap 481d8000.mmc: supply pbias not found, using dummy regulator
[    2.529682] sdhci-omap 481d8000.mmc: supply vqmmc not found, using dummy regulator
[    2.568546] mmc1: SDHCI controller on 481d8000.mmc [481d8000.mmc] using External DMA
[    2.577030] mmc0: SDHCI controller on 48060000.mmc [48060000.mmc] using External DMA
[    2.585775] cpsw-switch 4a100000.switch: starting ndev. mode: dual_mac
 [    2.630362] mmc0: new high speed SDHC card at address 5048 
[    2.637445] mmcblk0: mmc0:5048 SD16G 14.4 GiB
[    2.6455 27]  mmcblk0: p1 p2
[    2.648925] mmcblk0: p2 size 31221760  extends beyond EOD, truncated
[    2.662455] SMSC LAN8710/LAN 8720 4a1
[    5.841984] cpsw-switch 4a100000.switch eth0: Link is Up - 100Mbps/Full - flow control off
[    5.881462] IP-Config: Complete:
[    5.884737]      device=eth0, hwaddr=6c:ec:eb:68:de:78, ipaddr=192.168.255.1, mask=255.255.255.0, gw=255.255.255.255
[    5.895411]      host=bbb1, domain=, nis-domain=(none)
[    5.900581]      bootserver=192.168.255.126, rootserver=192.168.255.126, rootpath=
[    5.901003] clk: Disabling unused clocks
[    5.912839] PM: genpd: Disabling unused power domains
[    5.917957] KTAP version 1
[    5.920680] 1..0
[    5.944849] VFS: Mounted root (nfs filesystem) on device 0:17.
[    5.951753] devtmpfs: mounted
[    5.956251] Freeing unused kernel image (initmem) memory: 1024K
[    5.963152] Run /sbin/init as init process
[    6.670640] systemd[1]: System time before build time, advancing clock.
[    8.161216] random: crng init done
[    8.203856] systemd[1]: systemd 232 running in system mode. (+PAM +AUDIT +SELINUX +IMA +APPARMOR +SMACK +SYSVINIT +UTMP +LIBCRYPTSETUP +GCRYPT +GNUTLS +ACL +XZ +LZ4 +SECCOMP +BLKID +ELFUTILS +KMOD +IDN)
[    8.222854] systemd[1]: Detected architecture arm.

Welcome to [1mDebian GNU/Linux 9 (stretch)[0m!

[    8.254586] systemd[1]: Set hostname to <arm>.
[    9.367110] systemd[1]: Listening on udev Control Socket.
[[0;32m  OK  [0m] Listening on udev Control Socket.
[    9.393328] systemd[1]: Listening on Journal Socket.
[[0;32m  OK  [0m] Listening on Journal Socket.
[    9.421642] systemd[1]: Reached target Remote File Systems.
[[0;32m  OK  [0m] Reached target Remote File Systems.
[    9.451871] systemd[1]: Listening on udev Kernel Socket.
[[0;32m  OK  [0m] Listening on udev Kernel Socket.
[    9.483155] systemd[1]: Listening on /dev/initctl Compatibility Named Pipe.
[[0;32m  OK  [0m] Listening on /dev/initctl Compatibility Named Pipe.
[    9.512110] systemd[1]: Listening on Journal Socket (/dev/log).
[[0;32m  OK  [0m] Listening on Journal Socket (/dev/log).
[    9.542125] systemd[1]: Started Dispatch Password Requests to Console Directory Watch.
[[0;32m  OK  [0m] Started Dispatch Password Requests to Console Directory Watch.
[[0;32m  OK  [0m] Created slice User and Session Slice.
[[0;32m  OK  [0m] Set up automount Arbitrary Executabâ€¦rmats File System Automount Point.
[[0;32m  OK  [0m] Reached target Swap.
[[0;32m  OK  [0m] Listening on Syslog Socket.
[[0;32m  OK  [0m] Started Forward Password Requests to Wall Directory Watch.
[[0;32m  OK  [0m] Reached target Paths.
[[0;32m  OK  [0m] Reached target Encrypted Volumes.
[[0;32m  OK  [0m] Listening on Journal Audit Socket.
[[0;32m  OK  [0m] Created slice System Slice.
         Starting Load Kernel Modules...
         Mounting Debug File System...
[[0;32m  OK  [0m] Created slice system-getty.slice.
         Mounting POSIX Message Queue File System...
[[0;32m  OK  [0m] Created slice system-serial\x2dgetty.slice.
         Starting Remount Root and Kernel File Systems...
         Starting Journal Service...
[[0;32m  OK  [0m] Reached target Slices.
         Starting Create list of required stâ€¦ce nodes for the current kernel...
[[0;32m  OK  [0m] Mounted POSIX Message Queue File System.
[[0;32m  OK  [0m] Mounted Debug File System.
[[0;32m  OK  [0m] Started Load Kernel Modules.
         Starting Apply Kernel Variables...
         Mounting Configuration File System...
[[0;32m  OK  [0m] Started Remount Root and Kernel File Systems.
[[0;32m  OK  [0m] Started Create list of required staâ€¦vice nodes for the current kernel.
         Starting Create Static Device Nodes in /dev...
         Starting Load/Save Random Seed...
         Starting udev Coldplug all Devices...
[[0;32m  OK  [0m] Mounted Configuration File System.
[[0;32m  OK  [0m] Started Apply Kernel Variables.
[[0;32m  OK  [0m] Started Load/Save Random Seed.
[[0;32m  OK  [0m] Started Create Static Device Nodes in /dev.
[[0;32m  OK  [0m] Started Journal Service.
         Starting Flush Journal to Persistent Storage...
[[0;32m  OK  [0m] Reached target Local File Systems (Pre).
[[0;32m  OK  [0m] Reached target Local File Systems.
         Starting Raise network interfaces...
         Starting udev Kernel Device Manager...
[   11.698516] systemd-journald[89]: Received request to flush runtime journal from PID 1
[[0;32m  OK  [0m] Started Flush Journal to Persistent Storage.
         Starting Create Volatile Files and Directories...
[[0;32m  OK  [0m] Started udev Kernel Device Manager.
[[0;32m  OK  [0m] Started Create Volatile Files and Directories.
         Starting Network Time Synchronization...
         Starting Update UTMP about System Boot/Shutdown...
[[0;32m  OK  [0m] Started Update UTMP about System Boot/Shutdown.
[[0;32m  OK  [0m] Started udev Coldplug all Devices.
[[0;32m  OK  [0m] Started Network Time Synchronization.
[[0;32m  OK  [0m] Reached target System Initialization.
[[0;32m  OK  [0m] Listening on Avahi mDNS/DNS-SD Stack Activation Socket.
[[0;32m  OK  [0m] Started Daily Cleanup of Temporary Directories.
[[0;32m  OK  [0m] Listening on D-Bus System Message Bus Socket.
[[0;32m  OK  [0m] Reached target Sockets.
[[0;32m  OK  [0m] Reached target Basic System.
         Starting System Logging Service...
[   14.994428] remoteproc remoteproc0: wkup_m3 is available
         Starting LSB: Start busybox udhcpd at boot time...
         Starting LSB: Load kernel modules needed to enable cpufreq scaling...
[   15.274939] omap_rtc 44e3e000.rtc: registered as rtc0
[   15.280119] omap_rtc 44e3e000.rtc: setting system clock to 2000-01-01T00:00:00 UTC (946684800)
         Starting Cape Manager Service...
[   15.436302] at24 2-0054: supply vcc not found, using dummy regulator
         Starting Avahi mDNS/DNS-SD Stack...
[   15.573121] at24 2-0055: supply vcc not found, using dummy regulator
[   15.682224] at24 2-0056: supply vcc not found, using dummy regulator
[   15.758276] am335x-phy-driver 47401300.usb-phy: dummy supplies not allowed for exclusive requests (id=vbus)
[   15.824473] at24 2-0057: supply vcc not found, using dummy regulator
[[0;32m  OK  [0m] Started Regular background program processing daemon.
         Starting Generic Board Startup...
[   15.940066] tps6521x_pwrbutton tps65217-pwrbutton: DMA mask not set
[   16.016184] am335x-phy-driver 47401b00.usb-phy: dummy supplies not allowed for exclusive requests (id=vbus)
         Starting Login Service...
[   16.096906] input: tps65217_pwrbutton as /devices/platform/ocp/44c00000.interconnect/44c00000.interconnect:segment@200000/44e0b000.target-module/44e0b000.i2c/i2c-0/0-0024/tps65217-pwrbutton/input/input0
[   16.142358] at24 0-0050: 32768 byte 24c256 EEPROM, writable, 1 bytes/write
         Starting Telephony service...
         Starting DUN service...
[   16.369058] wkup_m3_ipc 44e11324.wkup_m3_ipc: IPC Request for A8->M3 Channel failed! -517
[[0;32m  OK  [0m] Started D-Bus System Message Bus.
[   16.861567] omap_wdt: OMAP Watchdog Timer Rev 0x01: initial timeout 60 sec
[   16.882117] wkup_m3_ipc 44e11324.wkup_m3_ipc: IPC Request for A8->M3 Channel failed! -517
[   17.411515] usbcore: registered new interface driver usbfs
[   17.417151] usbcore: registered new interface driver hub
[   17.422707] usbcore: registered new device driver usb
[   18.356569] wkup_m3_ipc 44e11324.wkup_m3_ipc: IPC Request for A8->M3 Channel failed! -517
[   18.369202] omap-mailbox 480c8000.mailbox: omap mailbox rev 0x400
[   18.486787] musb-hdrc musb-hdrc.1: MUSB HDRC host driver
[   18.492436] musb-hdrc musb-hdrc.1: new USB bus registered, assigned bus number 1
[   18.550562] remoteproc remoteproc0: powering up wkup_m3
[   18.681105] usb usb1: New USB device found, idVendor=1d6b, idProduct=0002, bcdDevice= 6.14
[   18.689697] usb usb1: New USB device strings: Mfr=3, Product=2, SerialNumber=1
[   18.697030] usb usb1: Product: MUSB HDRC host driver
[   18.702068] usb usb1: Manufacturer: Linux 6.14.0-rc4-next-20250225 musb-hcd
[   18.709068] usb usb1: SerialNumber: musb-hdrc.1
[   18.718371] tda998x 0-0070: found TDA19988
[   18.797124] remoteproc remoteproc0: Direct firmware load for am335x-pm-firmware.elf failed with error -2
[   18.806896] remoteproc remoteproc0: request_firmware failed: -2
[   18.812942] wkup_m3_ipc 44e11324.wkup_m3_ipc: rproc_boot failed
[   19.130833] hub 1-0:1.0: USB hub found
[   19.221611] hub 1-0:1.0: 1 port detected
[   20.485271] omap_rng 48310000.rng: Random Number Generator ver. 20
[   20.687464] tilcdc 4830e000.lcdc: bound 0-0070 (ops tda998x_audio_codec_init [tda998x])
[   20.790855] [drm] Initialized tilcdc 1.0.0 for 4830e000.lcdc on minor 0
[   20.884373] tilcdc 4830e000.lcdc: [drm] Cannot find any crtc or sizes
[   20.893159] tilcdc 4830e000.lcdc: [drm] Cannot find any crtc or sizes
[[0;32m  OK  [0m] Started Avahi mDNS/DNS-SD Stack.
[[0;32m  OK  [0m] Started DUN service.
[[0;32m  OK  [0m] Started Telephony service.
         Starting Connection service...
[[0;32m  OK  [0m] Reached target System Time Synchronized.
[[0;32m  OK  [0m] Started Daily apt download activities.
[[0;32m  OK  [0m] Started Daily apt upgrade and clean activities.
[[0;32m  OK  [0m] Reached target Timers.
[[0;32m  OK  [0m] Started System Logging Service.
[[0;32m  OK  [0m] Started Cape Manager Service.
[   22.030474] PM: Cannot get wkup_m3_ipc handle
[   22.149152] omap-sham 53100000.sham: hw accel on OMAP rev 4.3
[   22.267225] omap-sham 53100000.sham: will run requests pump with realtime priority
[   22.289748] PM: Cannot get wkup_m3_ipc handle
[   22.630328] omap-aes 53500000.aes: OMAP AES hw accel rev: 3.2
[   22.734235] omap-aes 53500000.aes: will run requests pump with realtime priority
[   22.743339] PM: Cannot get wkup_m3_ipc handle
[[0;32m  OK  [0m] Found device /dev/ttyS0.
[   23.238675] Bluetooth: Core ver 2.22
[   23.242709] NET: Registered PF_BLUETOOTH protocol family
[   23.248061] Bluetooth: HCI device and connection manager initialized
[   23.254587] Bluetooth: HCI socket layer initialized
[   23.259503] Bluetooth: L2CAP socket layer initialized
[   23.264648] Bluetooth: SCO socket layer initialized
[   26.079916] gpio-537 (nxp,calib): gpiod_direction_output_nonotify: tried to set a GPIO tied to an IRQ as output
[   26.139815] PM: Cannot get wkup_m3_ipc handle
[   26.283485] PM: Cannot get wkup_m3_ipc handle
[   26.421662] tda9950 0-0034: TDA9950 CEC interface, hardware version 3.3
[   26.546830] PM: Cannot get wkup_m3_ipc handle
[[0;32m  OK  [0m] Started LSB: Start busybox udhcpd at boot time.
[   28.469664] configfs-gadget.g_multi gadget.0: HOST MAC 1c:ba:8c:a2:ed:6c
[   28.476687] configfs-gadget.g_multi gadget.0: MAC 1c:ba:8c:a2:ed:70
[   28.484086] configfs-gadget.g_multi gadget.0: HOST MAC 1c:ba:8c:a2:ed:6c
[   28.490849] configfs-gadget.g_multi gadget.0: MAC 1c:ba:8c:a2:ed:6d
[   28.511824] PM: Cannot get wkup_m3_ipc handle
[[0;32m  OK  [0m] Started LSB: Load kernel modules needed to enable cpufreq scaling.
[[0;32m  OK  [0m] Started Raise network interfaces.
[[0;32m  OK  [0m] Started Connection service.
[[0;32m  OK  [0m] Started Login Service.
[[0;32m  OK  [0m] Reached target Sound Card.
[[0;32m  OK  [0m] Reached target Network.
         Starting Permit User Sessions...
[[0;32m  OK  [0m] Reached target Network is Online.
         Starting LSB: Advanced IEEE 802.11 management daemon...
         Starting The Apache HTTP Server...
         Starting OpenBSD Secure Shell server...
         Starting LSB: set CPUFreq kernel parameters...
[[0;32m  OK  [0m] Started Permit User Sessions.
[[0;32m  OK  [0m] Started LSB: Advanced IEEE 802.11 management daemon.
         Starting Hostname Service...
         Starting WPA supplicant...
[[0;32m  OK  [0m] Started Getty on tty1.
[[0;32m  OK  [0m] Started Serial Getty on ttyS0.
[[0;32m  OK  [0m] Reached target Login Prompts.
[[0;32m  OK  [0m] Started LSB: set CPUFreq kernel parameters.
         Stopping LSB: Start busybox udhcpd at boot time...
[[0;32m  OK  [0m] Started WPA supplicant.
[[0;32m  OK  [0m] Started Hostname Service.
[[0;32m  OK  [0m] Started OpenBSD Secure Shell server.
[[0;32m  OK  [0m] Stopped LSB: Start busybox udhcpd at boot time.
         Starting dnsmasq - A lightweight DHCP and caching DNS server...
[[0;32m  OK  [0m] Started The Apache HTTP Server.
[[0;32m  OK  [0m] Started dnsmasq - A lightweight DHCP and caching DNS server.
[[0;32m  OK  [0m] Reached target Host and Network Name Lookups.
[[0;32m  OK  [0m] Started Serial Getty on ttyGS0.
[[0;32m  OK  [0m] Started Generic Board Startup.
[[0;32m  OK  [0m] Reached target Multi-User System.
[[0;32m  OK  [0m] Reached target Graphical Interface.
         Starting Update UTMP about System Runlevel Changes...
[[0;32m  OK  [0m] Started Update UTMP about System Runlevel Changes.

Debian GNU/Linux 9 arm ttyS0

default username:password is [debian:temppwd]

arm login: root
Password: 
Last login: Sat Jan  1 00:00:30 UTC 2000 on ttyS0
root
Linux arm 6.14.0-rc4-next-20250225 #1 SMP Tue Feb 25 08:44:04 EET 2025 armv7l

The programs included with the Debian GNU/Linux system are free software;
the exact distribution terms for each program are described in the
individual files in /usr/share/doc/*/copyright.

Debian GNU/Linux comes with ABSOLUTELY NO WARRANTY, to the extent
permitted by applicable law.
root@arm:~# root
dmesg -n 1
-bash: root: command not found
root@arm:~# dmesg -n 1
root@arm:~# echo 'CJJX''OTZZQV'
CJJXOTZZQV
root@arm:~# run() { echo -n "$MARKER"; sh -c "$@"; echo "$MARKER $?"; }
root@arm:~# echo 'BQCK''GWCQJH'
BQCKGWCQJH
root@arm:~# MARKER='JAGS''BQHQYK' run 'cat /proc/version'
JAGSBQHQYKLinux version 6.14.0-rc4-next-20250225 (user01@drvtest01) (arm-none-eabi-gcc (Arm GNU Toolchain 14.2.Rel1 (Build arm-14.52)) 14.2.1 20241119, GNU ld (Arm GNU Toolchain 14.2.Rel1 (Build arm-14.52)) 2.43.1.20241119) #1 SMP Tue Feb 25 08:44:04 EET 2025
JAGSBQHQYK 0
root@arm:~# echo 'PQVV''FETLNN'
PQVVFETLNN
root@arm:~# MARKER='XHQX''XVOVVG' run false
XHQXXVOVVGXHQXXVOVVG 1
root@arm:~# Labgrid Console Logfile for main
Logfile started at 2025-02-25 08:46:32.063814
=== Log starts here ===

root@arm:~# run() { echo -n "$MARKER"; sh -c "$@"; echo "$MARKER $?"; }
root@arm:~# echo 'WJZT''BSPQSO'
WJZTBSPQSO
root@arm:~# MARKER='GQZT''KCSAWK' run 'ls /iio_generic_buffer; echo $?'
GQZTKCSAWK/iio_generic_buffer
0
GQZTKCSAWK 0
root@arm:~# Labgrid Console Logfile for main
Logfile started at 2025-02-25 08:46:35.550924
=== Log starts here ===

root@arm:~# run() { echo -n "$MARKER"; sh -c "$@"; echo "$MARKER $?"; }
root@arm:~# echo 'GNJU''QFEFVT'
GNJUQFEFVT
root@arm:~# MARKER='WTXN''KLQOAZ' run dmesg
WTXNKLQOAZ[    0.000000] Booting Linux on physical CPU 0x0
[    0.000000] Linux version 6.14.0-rc4-next-20250225 (user01@drvtest01) (arm-none-eabi-gcc (Arm GNU Toolchain 14.2.Rel1 (Build arm-14.52)) 14.2.1 20241119, GNU ld (Arm GNU Toolchain 14.2.Rel1 (Build arm-14.52)) 2.43.1.20241119) #1 SMP Tue Feb 25 08:44:04 EET 2025
[    0.000000] CPU: ARMv7 Processor [413fc082] revision 2 (ARMv7), cr=10c5387d
[    0.000000] CPU: PIPT / VIPT nonaliasing data cache, VIPT aliasing instruction cache
[    0.000000] OF: fdt: Machine model: TI AM335x BeagleBone Black
[    0.000000] Memory policy: Data cache writeback
[    0.000000] cma: Reserved 16 MiB at 0x00000000
[    0.000000] Zone ranges:
[    0.000000]   Normal   [mem 0x0000000080000000-0x000000009fdfffff]
[    0.000000]   HighMem  empty
[    0.000000] Movable zone start for each node
[    0.000000] Early memory node ranges
[    0.000000]   node   0: [mem 0x0000000080000000-0x000000009fdfffff]
[    0.000000] Initmem setup node 0 [mem 0x0000000080000000-0x000000009fdfffff]
[    0.000000] OF: reserved mem: Reserved memory: No reserved-memory node in the DT
[    0.000000] CPU: All CPU(s) started in SVC mode.
[    0.000000] AM335X ES2.1 (sgx neon)
[    0.000000] percpu: Embedded 17 pages/cpu s39628 r8192 d21812 u69632
[    0.000000] pcpu-alloc: s39628 r8192 d21812 u69632 alloc=17*4096
[    0.000000] pcpu-alloc: [0] 0 
[    0.000000] Kernel command line: console=ttyO0,115200n8 root=/dev/nfs rw nfsroot=192.168.255.126:/home/user01/nfs,nfsvers=3 ip=192.168.255.1:192.168.255.126::255.255.255.0:bbb1:eth0 nfsrootdebug
[    0.000000] Unknown kernel command line parameters "nfsrootdebug", will be passed to user space.
[    0.000000] printk: log buffer data + meta data: 65536 + 204800 = 270336 bytes
[    0.000000] Dentry cache hash table entries: 65536 (order: 6, 262144 bytes, linear)
[    0.000000] Inode-cache hash table entries: 32768 (order: 5, 131072 bytes, linear)
[    0.000000] Built 1 zonelists, mobility grouping on.  Total pages: 130560
[    0.000000] mem auto-init: stack:off, heap alloc:off, heap free:off
[    0.000000] SLUB: HWalign=16, Order=0-3, MinObjects=0, CPUs=1, Nodes=1
[    0.000000] rcu: Hierarchical RCU implementation.
[    0.000000] rcu: 	RCU event tracing is enabled.
[    0.000000] rcu: 	RCU restricting CPUs from NR_CPUS=2 to nr_cpu_ids=1.
[    0.000000] 	Tracing variant of Tasks RCU enabled.
[    0.000000] rcu: RCU calculated value of scheduler-enlistment delay is 10 jiffies.
[    0.000000] rcu: Adjusting geometry for rcu_fanout_leaf=16, nr_cpu_ids=1
[    0.000000] RCU Tasks Trace: Setting shift to 0 and lim to 1 rcu_task_cb_adjust=1 rcu_task_cpu_ids=1.
[    0.000000] NR_IRQS: 16, nr_irqs: 16, preallocated irqs: 16
[    0.000000] IRQ: Found an INTC at 0x(ptrval) (revision 5.0) with 128 interrupts
[    0.000000] rcu: srcu_init: Setting srcu_struct sizes based on contention.
[    0.000000] TI gptimer clocksource: always-on /ocp/interconnect@44c00000/segment@200000/target-module@31000
[    0.000003] sched_clock: 32 bits at 24MHz, resolution 41ns, wraps every 89478484971ns
[    0.000026] clocksource: dmtimer: mask: 0xffffffff max_cycles: 0xffffffff, max_idle_ns: 79635851949 ns
[    0.000496] TI gptimer clockevent: 24000000 Hz at /ocp/interconnect@48000000/segment@0/target-module@40000
[    0.002122] Console: colour dummy device 80x30
[    0.002187] WARNING: Your 'console=ttyO0' has been replaced by 'ttyS0'
[    0.002195] This ensures that you still see kernel messages. Please
[    0.002199] update your kernel commandline.
[    0.002241] Calibrating delay loop... 996.14 BogoMIPS (lpj=4980736)
[    0.090545] CPU: Testing write buffer coherency: ok
[    0.090663] CPU0: Spectre v2: using BPIALL workaround
[    0.090672] pid_max: default: 32768 minimum: 301
[    0.090832] LSM: initializing lsm=capability
[    0.091010] Mount-cache hash table entries: 1024 (order: 0, 4096 bytes, linear)
[    0.091030] Mountpoint-cache hash table entries: 1024 (order: 0, 4096 bytes, linear)
[    0.092615] CPU0: thread -1, cpu 0, socket -1, mpidr 0
[    0.092672] cacheinfo: Unable to detect cache hierarchy for CPU 0
[    0.160745] Setting up static identity map for 0x80100000 - 0x80100078
[    0.170701] rcu: Hierarchical SRCU implementation.
[    0.170710] rcu: 	Max phase no-delay instances is 1000.
[    0.172482] smp: Bringing up secondary CPUs ...
[    0.172534] smp: Brought up 1 node, 1 CPU
[    0.172548] SMP: Total of 1 processors activated (996.14 BogoMIPS).
[    0.172559] CPU: All CPU(s) started in SVC mode.
[    0.172748] Memory: 480832K/522240K available (11264K kernel code, 1213K rwdata, 2896K rodata, 1024K init, 288K bss, 23380K reserved, 16384K cma-reserved, 0K highmem)
[    0.173559] devtmpfs: initialized
[    0.190984] VFP support v0.3: implementor 41 architecture 3 part 30 variant c rev 3
[    0.191642] clocksource: jiffies: mask: 0xffffffff max_cycles: 0xffffffff, max_idle_ns: 19112604462750000 ns
[    0.191686] futex hash table entries: 256 (order: 2, 16384 bytes, linear)
[    0.192853] pinctrl core: initialized pinctrl subsystem
[    0.195532] NET: Registered PF_NETLINK/PF_ROUTE protocol family
[    0.198309] DMA: preallocated 256 KiB pool for atomic coherent allocations
[    0.199231] audit: initializing netlink subsys (disabled)
[    0.200730] thermal_sys: Registered thermal governor 'fair_share'
[    0.200746] thermal_sys: Registered thermal governor 'step_wise'
[    0.200755] thermal_sys: Registered thermal governor 'user_space'
[    0.200880] audit: type=2000 audit(0.000:1): state=initialized audit_enabled=0 res=1
[    0.200952] cpuidle: using governor menu
[    0.218699] /ocp/interconnect@44c00000/segment@200000/target-module@b000/i2c@0/tda19988@70: Fixed dependency cycle(s) with /ocp/interconnect@48000000/segment@300000/target-module@e000/lcdc@0
[    0.219809] /ocp/interconnect@48000000/segment@300000/target-module@e000/lcdc@0: Fixed dependency cycle(s) with /ocp/interconnect@44c00000/segment@200000/target-module@b000/i2c@0/tda19988@70
[    0.222140] No ATAGs?
[    0.222182] hw-breakpoint: debug architecture 0x4 unsupported.
[    0.224873] kprobes: kprobe jump-optimization is enabled. All kprobes are optimized if possible.
[    0.233953] iommu: Default domain type: Translated
[    0.233976] iommu: DMA domain TLB invalidation policy: strict mode
[    0.235555] reg-fixed-voltage fixedregulator0: using DT '/fixedregulator0' for '(default)' GPIO lookup
[    0.235611] of_get_named_gpiod_flags: can't parse 'gpios' property of node '/fixedregulator0[0]'
[    0.235639] of_get_named_gpiod_flags: can't parse 'gpio' property of node '/fixedregulator0[0]'
[    0.235656] reg-fixed-voltage fixedregulator0: using lookup tables for GPIO lookup
[    0.235666] reg-fixed-voltage fixedregulator0: No GPIO consumer (default) found
[    0.241371] SCSI subsystem initialized
[    0.241866] libata version 3.00 loaded.
[    0.242219] pps_core: LinuxPPS API ver. 1 registered
[    0.242228] pps_core: Software ver. 5.3.6 - Copyright 2005-2007 Rodolfo Giometti <giometti@linux.it>
[    0.242252] PTP clock support registered
[    0.250814] vgaarb: loaded
[    0.251195] clocksource: Switched to clocksource dmtimer
[    0.251871] VFS: Disk quotas dquot_6.6.0
[    0.251932] VFS: Dquot-cache hash table entries: 1024 (order 0, 4096 bytes)
[    0.275752] NET: Registered PF_INET protocol family
[    0.276096] IP idents hash table entries: 8192 (order: 4, 65536 bytes, linear)
[    0.277546] tcp_listen_portaddr_hash hash table entries: 512 (order: 0, 4096 bytes, linear)
[    0.277582] Table-perturb hash table entries: 65536 (order: 6, 262144 bytes, linear)
[    0.277601] TCP established hash table entries: 4096 (order: 2, 16384 bytes, linear)
[    0.277645] TCP bind hash table entries: 4096 (order: 4, 65536 bytes, linear)
[    0.277744] TCP: Hash tables configured (established 4096 bind 4096)
[    0.277864] UDP hash table entries: 256 (order: 1, 14336 bytes, linear)
[    0.277900] UDP-Lite hash table entries: 256 (order: 1, 14336 bytes, linear)
[    0.278093] NET: Registered PF_UNIX/PF_LOCAL protocol family
[    0.281910] RPC: Registered named UNIX socket transport module.
[    0.281931] RPC: Registered udp transport module.
[    0.281937] RPC: Registered tcp transport module.
[    0.281941] RPC: Registered tcp-with-tls transport module.
[    0.281947] RPC: Registered tcp NFSv4.1 backchannel transport module.
[    0.281970] PCI: CLS 0 bytes, default 64
[    0.283413] Initialise system trusted keyrings
[    0.291694] workingset: timestamp_bits=14 max_order=17 bucket_order=3
[    0.293092] NFS: Registering the id_resolver key type
[    0.293172] Key type id_resolver registered
[    0.293179] Key type id_legacy registered
[    0.293293] jffs2: version 2.2. (NAND) (SUMMARY)  Â© 2001-2006 Red Hat, Inc.
[    0.293731] Key type asymmetric registered
[    0.293747] Asymmetric key parser 'x509' registered
[    0.293812] io scheduler mq-deadline registered
[    0.293822] io scheduler kyber registered
[    0.293897] io scheduler bfq registered
[    0.295474] ledtrig-cpu: registered to indicate activity on CPUs
[    0.301657] Serial: 8250/16550 driver, 6 ports, IRQ sharing enabled
[    0.340343] brd: module loaded
[    0.368474] loop: module loaded
[    0.369400] mtdoops: mtd device (mtddev=name/number) must be supplied
[    0.371138] mdio_bus fixed-0: using lookup tables for GPIO lookup
[    0.371274] mdio_bus fixed-0: No GPIO consumer reset found
[    0.372660] i2c_dev: i2c /dev entries driver
[    0.373644] cpuidle: enable-method property 'ti,am3352' found operations
[    0.374085] sdhci: Secure Digital Host Controller Interface driver
[    0.374092] sdhci: Copyright(c) Pierre Ossman
[    0.374273] sdhci-pltfm: SDHCI platform and OF driver helper
[    0.375273] Initializing XFRM netlink socket
[    0.375448] NET: Registered PF_INET6 protocol family
[    0.377474] Segment Routing with IPv6
[    0.377557] In-situ OAM (IOAM) with IPv6
[    0.377661] sit: IPv6, IPv4 and MPLS over IPv4 tunneling driver
[    0.378603] NET: Registered PF_PACKET protocol family
[    0.378638] NET: Registered PF_KEY protocol family
[    0.378782] Key type dns_resolver registered
[    0.379006] ThumbEE CPU extension supported.
[    0.379026] Registering SWP/SWPB emulation handler
[    0.379569] omap_voltage_late_init: Voltage driver support not added
[    0.379915] SmartReflex Class3 initialized
[    0.412578] Loading compiled-in X.509 certificates
[    0.456649] /ocp/interconnect@44c00000/segment@200000/target-module@b000/i2c@0/tda19988@70: Fixed dependency cycle(s) with /ocp/interconnect@48000000/segment@300000/target-module@e000/lcdc@0
[    0.463142] /ocp/interconnect@44c00000/segment@200000/target-module@b000/i2c@0/tda19988@70: Fixed dependency cycle(s) with /ocp/interconnect@48000000/segment@300000/target-module@e000/lcdc@0
[    0.468630] gpiochip_find_base_unlocked: found new base at 512
[    0.483003] /ocp/interconnect@44c00000/segment@200000/target-module@b000/i2c@0/tda19988@70: Fixed dependency cycle(s) with /ocp/interconnect@48000000/segment@300000/target-module@e000/lcdc@0
[    0.483880] /ocp/interconnect@44c00000/segment@200000/target-module@b000/i2c@0/tda19988@70: Fixed dependency cycle(s) with /ocp/interconnect@48000000/segment@300000/target-module@e000/lcdc@0
[    0.487236] /ocp/interconnect@44c00000/segment@200000/target-module@10000/scm@0/pinmux@800: Fixed dependency cycle(s) with /ocp/interconnect@44c00000/segment@200000/target-module@10000/scm@0/pinmux@800/clkout2-pins
[    0.487835] pinctrl-single 44e10800.pinmux: 142 pins, size 568
[    0.493226] ti-sysc 44e31000.target-module: probe with driver ti-sysc failed with error -16
[    0.527967] /ocp/interconnect@48000000/segment@300000/target-module@e000/lcdc@0: Fixed dependency cycle(s) with /ocp/interconnect@44c00000/segment@200000/target-module@b000/i2c@0/tda19988@70
[    0.536078] ti-sysc 48040000.target-module: probe with driver ti-sysc failed with error -16
[    0.547565] gpiochip_find_base_unlocked: found new base at 512
[    0.547677] gpio gpiochip0: (gpio-0-31): created GPIO range 0->7 ==> 44e10800.pinmux PIN 0->7
[    0.547697] gpio gpiochip0: (gpio-0-31): created GPIO range 8->11 ==> 44e10800.pinmux PIN 90->93
[    0.547714] gpio gpiochip0: (gpio-0-31): created GPIO range 12->27 ==> 44e10800.pinmux PIN 12->27
[    0.547729] gpio gpiochip0: (gpio-0-31): created GPIO range 28->31 ==> 44e10800.pinmux PIN 30->33
[    0.582759] gpio gpiochip0: (gpio-0-31): added GPIO chardev (254:0)
[    0.582917] gpio gpiochip0: registered GPIOs 512 to 543 on gpio-0-31
[    0.583001] OMAP GPIO hardware version 0.1
[    0.604673] i2c i2c-2: using DT '/ocp/interconnect@48000000/segment@100000/target-module@9c000/i2c@0' for 'scl' GPIO lookup
[    0.604746] of_get_named_gpiod_flags: can't parse 'scl-gpios' property of node '/ocp/interconnect@48000000/segment@100000/target-module@9c000/i2c@0[0]'
[    0.604787] of_get_named_gpiod_flags: can't parse 'scl-gpio' property of node '/ocp/interconnect@48000000/segment@100000/target-module@9c000/i2c@0[0]'
[    0.604823] i2c i2c-2: using lookup tables for GPIO lookup
[    0.604832] i2c i2c-2: No GPIO consumer scl found
[    0.604854] i2c i2c-2: using DT '/ocp/interconnect@48000000/segment@100000/target-module@9c000/i2c@0' for 'sda' GPIO lookup
[    0.604889] of_get_named_gpiod_flags: can't parse 'sda-gpios' property of node '/ocp/interconnect@48000000/segment@100000/target-module@9c000/i2c@0[0]'
[    0.604925] of_get_named_gpiod_flags: can't parse 'sda-gpio' property of node '/ocp/interconnect@48000000/segment@100000/target-module@9c000/i2c@0[0]'
[    0.604956] i2c i2c-2: using lookup tables for GPIO lookup
[    0.604964] i2c i2c-2: No GPIO consumer sda found
[    0.605677] omap_i2c 4819c000.i2c: bus 2 rev0.11 at 100 kHz
[    0.611069] gpiochip_find_base_unlocked: found new base at 544
[    0.611421] gpio gpiochip1: (gpio-32-63): created GPIO range 0->17 ==> 44e10800.pinmux PIN 34->51
[    0.611448] gpio gpiochip1: (gpio-32-63): created GPIO range 18->21 ==> 44e10800.pinmux PIN 77->80
[    0.611465] gpio gpiochip1: (gpio-32-63): created GPIO range 22->31 ==> 44e10800.pinmux PIN 56->65
[    0.624199] gpio gpiochip1: (gpio-32-63): added GPIO chardev (254:1)
[    0.624356] gpio gpiochip1: registered GPIOs 544 to 575 on gpio-32-63
[    0.626553] gpiochip_find_base_unlocked: found new base at 576
[    0.626646] gpio gpiochip2: (gpio-64-95): created GPIO range 0->4 ==> 44e10800.pinmux PIN 66->70
[    0.626665] gpio gpiochip2: (gpio-64-95): created GPIO range 5->6 ==> 44e10800.pinmux PIN 98->99
[    0.626681] gpio gpiochip2: (gpio-64-95): created GPIO range 7->8 ==> 44e10800.pinmux PIN 75->76
[    0.626696] gpio gpiochip2: (gpio-64-95): created GPIO range 13->13 ==> 44e10800.pinmux PIN 141->141
[    0.626713] gpio gpiochip2: (gpio-64-95): created GPIO range 14->21 ==> 44e10800.pinmux PIN 100->107
[    0.627367] gpio gpiochip2: (gpio-64-95): added GPIO chardev (254:2)
[    0.627505] gpio gpiochip2: registered GPIOs 576 to 607 on gpio-64-95
[    0.633181] 48000000.interconnect:segment@200000:target-module@0:mpu@0:fck: device ID is greater than 24
[    0.634070] /ocp/interconnect@48000000/segment@300000/target-module@e000/lcdc@0: Fixed dependency cycle(s) with /ocp/interconnect@44c00000/segment@200000/target-module@b000/i2c@0/tda19988@70
[    0.636810] /ocp/interconnect@48000000/segment@300000/target-module@e000/lcdc@0: Fixed dependency cycle(s) with /ocp/interconnect@44c00000/segment@200000/target-module@b000/i2c@0/tda19988@70
[    0.637491] /ocp/interconnect@44c00000/segment@200000/target-module@b000/i2c@0/tda19988@70: Fixed dependency cycle(s) with /ocp/interconnect@48000000/segment@300000/target-module@e000/lcdc@0
[    0.637659] /ocp/interconnect@48000000/segment@300000/target-module@e000/lcdc@0: Fixed dependency cycle(s) with /ocp/interconnect@44c00000/segment@200000/target-module@b000/i2c@0/tda19988@70
[    0.647164] mdio_bus 4a101000.mdio: using DT '/ocp/interconnect@4a000000/segment@0/target-module@100000/switch@0/mdio@1000' for 'reset' GPIO lookup
[    0.647238] of_get_named_gpiod_flags: can't parse 'reset-gpios' property of node '/ocp/interconnect@4a000000/segment@0/target-module@100000/switch@0/mdio@1000[0]'
[    0.647285] of_get_named_gpiod_flags: can't parse 'reset-gpio' property of node '/ocp/interconnect@4a000000/segment@0/target-module@100000/switch@0/mdio@1000[0]'
[    0.647331] mdio_bus 4a101000.mdio: using lookup tables for GPIO lookup
[    0.647340] mdio_bus 4a101000.mdio: No GPIO consumer reset found
[    0.648528] sdhci-omap 481d8000.mmc: using DT '/ocp/interconnect@48000000/segment@100000/target-module@d8000/mmc@0' for 'wp' GPIO lookup
[    0.648591] of_get_named_gpiod_flags: can't parse 'wp-gpios' property of node '/ocp/interconnect@48000000/segment@100000/target-module@d8000/mmc@0[0]'
[    0.648633] of_get_named_gpiod_flags: can't parse 'wp-gpio' property of node '/ocp/interconnect@48000000/segment@100000/target-module@d8000/mmc@0[0]'
[    0.648667] sdhci-omap 481d8000.mmc: using lookup tables for GPIO lookup
[    0.648677] sdhci-omap 481d8000.mmc: No GPIO consumer wp found
[    0.648870] sdhci-omap 481d8000.mmc: supply pbias not found, using dummy regulator
[    0.649358] sdhci-omap 481d8000.mmc: supply vqmmc not found, using dummy regulator
[    0.703983] davinci_mdio 4a101000.mdio: davinci mdio revision 1.6, bus freq 1000000
[    0.728244] mdio_bus 4a101000.mdio:00: using DT '/ocp/interconnect@4a000000/segment@0/target-module@100000/switch@0/mdio@1000/ethernet-phy@0' for 'reset' GPIO lookup
[    0.728348] of_get_named_gpiod_flags: parsed 'reset-gpios' property of node '/ocp/interconnect@4a000000/segment@0/target-module@100000/switch@0/mdio@1000/ethernet-phy@0[0]' - status (0)
[    0.728506] gpio gpiochip0: Persistence not supported for GPIO 8
[    0.877494] davinci_mdio 4a101000.mdio: phy[0]: device 4a101000.mdio:00, driver SMSC LAN8710/LAN8720
[    0.878296] cpsw-switch 4a100000.switch: initialized cpsw ale version 1.4
[    0.878320] cpsw-switch 4a100000.switch: ALE Table size 1024, Policers 0
[    0.878454] cpsw-switch 4a100000.switch: cpts: overflow check period 500 (jiffies)
[    0.878470] cpsw-switch 4a100000.switch: CPTS: ref_clk_freq:250000000 calc_mult:2147483648 calc_shift:29 error:0 nsec/sec
[    0.878575] cpsw-switch 4a100000.switch: Detected MACID = 6c:ec:eb:68:de:78
[    0.880363] cpsw-switch 4a100000.switch: initialized (regs 0x4a100000, pool size 256) hw_ver:0019010C 1.12 (0)
[    0.891468] debugfs: Directory '49000000.dma' with parent 'dmaengine' already present!
[    0.891510] edma 49000000.dma: TI EDMA DMA engine driver
[    0.924439] target-module@4b000000:target-module@140000:pmu@0:fck: device ID is greater than 24
[    0.934727] hw perfevents: enabled with armv7_cortex_a8 PMU driver, 5 (8000000f) counters available
[    0.935647] gpio-clk clk_mcasp0: using DT '/clk_mcasp0' for 'enable' GPIO lookup
[    0.935713] of_get_named_gpiod_flags: parsed 'enable-gpios' property of node '/clk_mcasp0[0]' - status (0)
[    0.935757] gpio gpiochip0: Persistence not supported for GPIO 27
[    0.936580] gpiochip_find_base_unlocked: found new base at 608
[    0.936690] gpio gpiochip3: (gpio-96-127): created GPIO range 0->7 ==> 44e10800.pinmux PIN 82->89
[    0.936712] gpio gpiochip3: (gpio-96-127): created GPIO range 8->11 ==> 44e10800.pinmux PIN 52->55
[    0.936727] gpio gpiochip3: (gpio-96-127): created GPIO range 12->15 ==> 44e10800.pinmux PIN 94->97
[    0.936743] gpio gpiochip3: (gpio-96-127): created GPIO range 16->17 ==> 44e10800.pinmux PIN 71->72
[    0.936759] gpio gpiochip3: (gpio-96-127): created GPIO range 18->18 ==> 44e10800.pinmux PIN 135->135
[    0.936775] gpio gpiochip3: (gpio-96-127): created GPIO range 19->20 ==> 44e10800.pinmux PIN 108->109
[    0.936792] gpio gpiochip3: (gpio-96-127): created GPIO range 21->21 ==> 44e10800.pinmux PIN 73->73
[    0.936809] gpio gpiochip3: (gpio-96-127): created GPIO range 22->23 ==> 44e10800.pinmux PIN 8->9
[    0.936842] gpio gpiochip3: (gpio-96-127): created GPIO range 26->27 ==> 44e10800.pinmux PIN 10->11
[    0.936861] gpio gpiochip3: (gpio-96-127): created GPIO range 28->28 ==> 44e10800.pinmux PIN 74->74
[    0.936879] gpio gpiochip3: (gpio-96-127): created GPIO range 29->29 ==> 44e10800.pinmux PIN 81->81
[    0.936897] gpio gpiochip3: (gpio-96-127): created GPIO range 30->31 ==> 44e10800.pinmux PIN 28->29
[    0.942454] l3-aon-clkctrl:0000:0: failed to disable
[    0.953425] gpio gpiochip3: (gpio-96-127): added GPIO chardev (254:3)
[    0.953578] gpio gpiochip3: registered GPIOs 608 to 639 on gpio-96-127
[    0.955405] omap8250 44e09000.serial: using DT '/ocp/interconnect@44c00000/segment@200000/target-module@9000/serial@0' for 'rs485-term' GPIO lookup
[    0.955475] of_get_named_gpiod_flags: can't parse 'rs485-term-gpios' property of node '/ocp/interconnect@44c00000/segment@200000/target-module@9000/serial@0[0]'
[    0.955521] of_get_named_gpiod_flags: can't parse 'rs485-term-gpio' property of node '/ocp/interconnect@44c00000/segment@200000/target-module@9000/serial@0[0]'
[    0.955557] omap8250 44e09000.serial: using lookup tables for GPIO lookup
[    0.955566] omap8250 44e09000.serial: No GPIO consumer rs485-term found
[    0.955576] omap8250 44e09000.serial: using DT '/ocp/interconnect@44c00000/segment@200000/target-module@9000/serial@0' for 'rs485-rx-during-tx' GPIO lookup
[    0.955611] of_get_named_gpiod_flags: can't parse 'rs485-rx-during-tx-gpios' property of node '/ocp/interconnect@44c00000/segment@200000/target-module@9000/serial@0[0]'
[    0.955648] of_get_named_gpiod_flags: can't parse 'rs485-rx-during-tx-gpio' property of node '/ocp/interconnect@44c00000/segment@200000/target-module@9000/serial@0[0]'
[    0.955678] omap8250 44e09000.serial: using lookup tables for GPIO lookup
[    0.955687] omap8250 44e09000.serial: No GPIO consumer rs485-rx-during-tx found
[    0.956054] 44e09000.serial: ttyS0 at MMIO 0x44e09000 (irq = 34, base_baud = 3000000) is a 8250
[    0.956144] printk: legacy console [ttyS0] enabled
[    2.403616] i2c i2c-0: using DT '/ocp/interconnect@44c00000/segment@200000/target-module@b000/i2c@0' for 'scl' GPIO lookup
[    2.403717] of_get_named_gpiod_flags: can't parse 'scl-gpios' property of node '/ocp/interconnect@44c00000/segment@200000/target-module@b000/i2c@0[0]'
[    2.403766] of_get_named_gpiod_flags: can't parse 'scl-gpio' property of node '/ocp/interconnect@44c00000/segment@200000/target-module@b000/i2c@0[0]'
[    2.403808] i2c i2c-0: using lookup tables for GPIO lookup
[    2.403822] i2c i2c-0: No GPIO consumer scl found
[    2.403847] i2c i2c-0: using DT '/ocp/interconnect@44c00000/segment@200000/target-module@b000/i2c@0' for 'sda' GPIO lookup
[    2.403887] of_get_named_gpiod_flags: can't parse 'sda-gpios' property of node '/ocp/interconnect@44c00000/segment@200000/target-module@b000/i2c@0[0]'
[    2.403927] of_get_named_gpiod_flags: can't parse 'sda-gpio' property of node '/ocp/interconnect@44c00000/segment@200000/target-module@b000/i2c@0[0]'
[    2.403961] i2c i2c-0: using lookup tables for GPIO lookup
[    2.403973] i2c i2c-0: No GPIO consumer sda found
[    2.422169] tps65217-pmic: Failed to locate of_node [id: -1]
[    2.428219] tps65217-bl: Failed to locate of_node [id: -1]
[    2.439607] tps65217 0-0024: TPS65217 ID 0xe version 1.2
[    2.445757] /ocp/interconnect@48000000/segment@300000/target-module@e000/lcdc@0: Fixed dependency cycle(s) with /ocp/interconnect@44c00000/segment@200000/target-module@b000/i2c@0/tda19988@70
[    2.463119] /ocp/interconnect@44c00000/segment@200000/target-module@b000/i2c@0/tda19988@70: Fixed dependency cycle(s) with /ocp/interconnect@48000000/segment@300000/target-module@e000/lcdc@0
[    2.480469] omap_i2c 44e0b000.i2c: bus 0 rev0.11 at 400 kHz
[    2.488302] sdhci-omap 48060000.mmc: using DT '/ocp/interconnect@48000000/segment@0/target-module@60000/mmc@0' for 'cd' GPIO lookup
[    2.488410] of_get_named_gpiod_flags: parsed 'cd-gpios' property of node '/ocp/interconnect@48000000/segment@0/target-module@60000/mmc@0[0]' - status (0)
[    2.488477] gpio gpiochip3: Persistence not supported for GPIO 6
[    2.488501] omap_gpio 44e07000.gpio: Could not set line 6 debounce to 200000 microseconds (-22)
[    2.497376] sdhci-omap 48060000.mmc: Got CD GPIO
[    2.502058] sdhci-omap 48060000.mmc: using DT '/ocp/interconnect@48000000/segment@0/target-module@60000/mmc@0' for 'wp' GPIO lookup
[    2.502107] of_get_named_gpiod_flags: can't parse 'wp-gpios' property of node '/ocp/interconnect@48000000/segment@0/target-module@60000/mmc@0[0]'
[    2.502151] of_get_named_gpiod_flags: can't parse 'wp-gpio' property of node '/ocp/interconnect@48000000/segment@0/target-module@60000/mmc@0[0]'
[    2.502189] sdhci-omap 48060000.mmc: using lookup tables for GPIO lookup
[    2.502203] sdhci-omap 48060000.mmc: No GPIO consumer wp found
[    2.502410] sdhci-omap 48060000.mmc: supply pbias not found, using dummy regulator
[    2.511113] sdhci-omap 481d8000.mmc: using DT '/ocp/interconnect@48000000/segment@100000/target-module@d8000/mmc@0' for 'wp' GPIO lookup
[    2.511289] of_get_named_gpiod_flags: can't parse 'wp-gpios' property of node '/ocp/interconnect@48000000/segment@100000/target-module@d8000/mmc@0[0]'
[    2.511341] of_get_named_gpiod_flags: can't parse 'wp-gpio' property of node '/ocp/interconnect@48000000/segment@100000/target-module@d8000/mmc@0[0]'
[    2.511380] sdhci-omap 481d8000.mmc: using lookup tables for GPIO lookup
[    2.511394] sdhci-omap 481d8000.mmc: No GPIO consumer wp found
[    2.512692] sdhci-omap 48060000.mmc: supply vqmmc not found, using dummy regulator
[    2.521685] sdhci-omap 481d8000.mmc: supply pbias not found, using dummy regulator
[    2.529682] sdhci-omap 481d8000.mmc: supply vqmmc not found, using dummy regulator
[    2.568546] mmc1: SDHCI controller on 481d8000.mmc [481d8000.mmc] using External DMA
[    2.577030] mmc0: SDHCI controller on 48060000.mmc [48060000.mmc] using External DMA
[    2.585775] cpsw-switch 4a100000.switch: starting ndev. mode: dual_mac
[    2.630362] mmc0: new high speed SDHC card at address 5048
[    2.637445] mmcblk0: mmc0:5048 SD16G 14.4 GiB
[    2.645527]  mmcblk0: p1 p2
[    2.648925] mmcblk0: p2 size 31221760 extends beyond EOD, truncated
[    2.662455] SMSC LAN8710/LAN8720 4a101000.mdio:00: attached PHY driver (mii_bus:phy_addr=4a101000.mdio:00, irq=POLL)
[    2.674553] mmc1: new high speed MMC card at address 0001
[    2.681495] mmcblk1: mmc1:0001 MMC04G 3.60 GiB
[    2.693468]  mmcblk1: p1 p2
[    2.697719] mmcblk1boot0: mmc1:0001 MMC04G 2.00 MiB
[    2.705106] mmcblk1boot1: mmc1:0001 MMC04G 2.00 MiB
[    2.712561] mmcblk1rpmb: mmc1:0001 MMC04G 128 KiB, chardev (250:0)
[    5.841984] cpsw-switch 4a100000.switch eth0: Link is Up - 100Mbps/Full - flow control off
[    5.881462] IP-Config: Complete:
[    5.884737]      device=eth0, hwaddr=6c:ec:eb:68:de:78, ipaddr=192.168.255.1, mask=255.255.255.0, gw=255.255.255.255
[    5.895411]      host=bbb1, domain=, nis-domain=(none)
[    5.900581]      bootserver=192.168.255.126, rootserver=192.168.255.126, rootpath=
[    5.901003] clk: Disabling unused clocks
[    5.912839] PM: genpd: Disabling unused power domains
[    5.917957] KTAP version 1
[    5.920680] 1..0
[    5.944849] VFS: Mounted root (nfs filesystem) on device 0:17.
[    5.951753] devtmpfs: mounted
[    5.956251] Freeing unused kernel image (initmem) memory: 1024K
[    5.963152] Run /sbin/init as init process
[    5.967286]   with arguments:
[    5.967298]     /sbin/init
[    5.967308]     nfsrootdebug
[    5.967317]   with environment:
[    5.967325]     HOME=/
[    5.967335]     TERM=linux
[    6.670640] systemd[1]: System time before build time, advancing clock.
[    8.161216] random: crng init done
[    8.203856] systemd[1]: systemd 232 running in system mode. (+PAM +AUDIT +SELINUX +IMA +APPARMOR +SMACK +SYSVINIT +UTMP +LIBCRYPTSETUP +GCRYPT +GNUTLS +ACL +XZ +LZ4 +SECCOMP +BLKID +ELFUTILS +KMOD +IDN)
[    8.222854] systemd[1]: Detected architecture arm.
[    8.254586] systemd[1]: Set hostname to <arm>.
[    9.367110] systemd[1]: Listening on udev Control Socket.
[    9.393328] systemd[1]: Listening on Journal Socket.
[    9.421642] systemd[1]: Reached target Remote File Systems.
[    9.451871] systemd[1]: Listening on udev Kernel Socket.
[    9.483155] systemd[1]: Listening on /dev/initctl Compatibility Named Pipe.
[    9.512110] systemd[1]: Listening on Journal Socket (/dev/log).
[    9.542125] systemd[1]: Started Dispatch Password Requests to Console Directory Watch.
[   11.698516] systemd-journald[89]: Received request to flush runtime journal from PID 1
[   14.516076] leds-gpio leds: using DT '/leds/led2' for '(default)' GPIO lookup
[   14.516183] of_get_named_gpiod_flags: parsed 'gpios' property of node '/leds/led2[0]' - status (0)
[   14.516245] gpio gpiochip0: Persistence not supported for GPIO 21
[   14.516260] gpio-533 (?): no flags found for GPIO (default)
[   14.565382] leds-gpio leds: using DT '/leds/led3' for '(default)' GPIO lookup
[   14.565630] of_get_named_gpiod_flags: parsed 'gpios' property of node '/leds/led3[0]' - status (0)
[   14.565694] gpio gpiochip0: Persistence not supported for GPIO 22
[   14.565710] gpio-534 (?): no flags found for GPIO (default)
[   14.596228] leds-gpio leds: using DT '/leds/led4' for '(default)' GPIO lookup
[   14.596331] of_get_named_gpiod_flags: parsed 'gpios' property of node '/leds/led4[0]' - status (0)
[   14.596383] gpio gpiochip0: Persistence not supported for GPIO 23
[   14.596399] gpio-535 (?): no flags found for GPIO (default)
[   14.623087] leds-gpio leds: using DT '/leds/led5' for '(default)' GPIO lookup
[   14.623186] of_get_named_gpiod_flags: parsed 'gpios' property of node '/leds/led5[0]' - status (0)
[   14.623241] gpio gpiochip0: Persistence not supported for GPIO 24
[   14.623256] gpio-536 (?): no flags found for GPIO (default)
[   14.994428] remoteproc remoteproc0: wkup_m3 is available
[   15.274939] omap_rtc 44e3e000.rtc: registered as rtc0
[   15.280119] omap_rtc 44e3e000.rtc: setting system clock to 2000-01-01T00:00:00 UTC (946684800)
[   15.289060] omap_rtc 44e3e000.rtc: using DT '/ocp/interconnect@44c00000/segment@200000/target-module@3e000/rtc@0' for 'wp' GPIO lookup
[   15.289137] of_get_named_gpiod_flags: can't parse 'wp-gpios' property of node '/ocp/interconnect@44c00000/segment@200000/target-module@3e000/rtc@0[0]'
[   15.289187] of_get_named_gpiod_flags: can't parse 'wp-gpio' property of node '/ocp/interconnect@44c00000/segment@200000/target-module@3e000/rtc@0[0]'
[   15.289227] omap_rtc 44e3e000.rtc: using lookup tables for GPIO lookup
[   15.289242] omap_rtc 44e3e000.rtc: No GPIO consumer wp found
[   15.436302] at24 2-0054: supply vcc not found, using dummy regulator
[   15.573121] at24 2-0055: supply vcc not found, using dummy regulator
[   15.682224] at24 2-0056: supply vcc not found, using dummy regulator
[   15.757819] am335x-phy-driver 47401300.usb-phy: using DT '/ocp/target-module@47400000/usb-phy@1300' for 'reset' GPIO lookup
[   15.757914] of_get_named_gpiod_flags: can't parse 'reset-gpios' property of node '/ocp/target-module@47400000/usb-phy@1300[0]'
[   15.757961] of_get_named_gpiod_flags: can't parse 'reset-gpio' property of node '/ocp/target-module@47400000/usb-phy@1300[0]'
[   15.757999] am335x-phy-driver 47401300.usb-phy: using lookup tables for GPIO lookup
[   15.758014] am335x-phy-driver 47401300.usb-phy: No GPIO consumer reset found
[   15.758028] am335x-phy-driver 47401300.usb-phy: using DT '/ocp/target-module@47400000/usb-phy@1300' for 'vbus-detect' GPIO lookup
[   15.758058] of_get_named_gpiod_flags: can't parse 'vbus-detect-gpios' property of node '/ocp/target-module@47400000/usb-phy@1300[0]'
[   15.758091] of_get_named_gpiod_flags: can't parse 'vbus-detect-gpio' property of node '/ocp/target-module@47400000/usb-phy@1300[0]'
[   15.758116] am335x-phy-driver 47401300.usb-phy: using lookup tables for GPIO lookup
[   15.758128] am335x-phy-driver 47401300.usb-phy: No GPIO consumer vbus-detect found
[   15.758276] am335x-phy-driver 47401300.usb-phy: dummy supplies not allowed for exclusive requests (id=vbus)
[   15.824473] at24 2-0057: supply vcc not found, using dummy regulator
[   15.940066] tps6521x_pwrbutton tps65217-pwrbutton: DMA mask not set
[   16.015732] am335x-phy-driver 47401b00.usb-phy: using DT '/ocp/target-module@47400000/usb-phy@1b00' for 'reset' GPIO lookup
[   16.015826] of_get_named_gpiod_flags: can't parse 'reset-gpios' property of node '/ocp/target-module@47400000/usb-phy@1b00[0]'
[   16.015869] of_get_named_gpiod_flags: can't parse 'reset-gpio' property of node '/ocp/target-module@47400000/usb-phy@1b00[0]'
[   16.015907] am335x-phy-driver 47401b00.usb-phy: using lookup tables for GPIO lookup
[   16.015921] am335x-phy-driver 47401b00.usb-phy: No GPIO consumer reset found
[   16.015936] am335x-phy-driver 47401b00.usb-phy: using DT '/ocp/target-module@47400000/usb-phy@1b00' for 'vbus-detect' GPIO lookup
[   16.015966] of_get_named_gpiod_flags: can't parse 'vbus-detect-gpios' property of node '/ocp/target-module@47400000/usb-phy@1b00[0]'
[   16.015999] of_get_named_gpiod_flags: can't parse 'vbus-detect-gpio' property of node '/ocp/target-module@47400000/usb-phy@1b00[0]'
[   16.016025] am335x-phy-driver 47401b00.usb-phy: using lookup tables for GPIO lookup
[   16.016038] am335x-phy-driver 47401b00.usb-phy: No GPIO consumer vbus-detect found
[   16.016184] am335x-phy-driver 47401b00.usb-phy: dummy supplies not allowed for exclusive requests (id=vbus)
[   16.096906] input: tps65217_pwrbutton as /devices/platform/ocp/44c00000.interconnect/44c00000.interconnect:segment@200000/44e0b000.target-module/44e0b000.i2c/i2c-0/0-0024/tps65217-pwrbutton/input/input0
[   16.141775] at24 0-0050: using DT '/ocp/interconnect@44c00000/segment@200000/target-module@b000/i2c@0/eeprom@50' for 'wp' GPIO lookup
[   16.141893] of_get_named_gpiod_flags: can't parse 'wp-gpios' property of node '/ocp/interconnect@44c00000/segment@200000/target-module@b000/i2c@0/eeprom@50[0]'
[   16.141954] of_get_named_gpiod_flags: can't parse 'wp-gpio' property of node '/ocp/interconnect@44c00000/segment@200000/target-module@b000/i2c@0/eeprom@50[0]'
[   16.142001] at24 0-0050: using lookup tables for GPIO lookup
[   16.142015] at24 0-0050: No GPIO consumer wp found
[   16.142358] at24 0-0050: 32768 byte 24c256 EEPROM, writable, 1 bytes/write
[   16.369058] wkup_m3_ipc 44e11324.wkup_m3_ipc: IPC Request for A8->M3 Channel failed! -517
[   16.861567] omap_wdt: OMAP Watchdog Timer Rev 0x01: initial timeout 60 sec
[   16.882117] wkup_m3_ipc 44e11324.wkup_m3_ipc: IPC Request for A8->M3 Channel failed! -517
[   17.411515] usbcore: registered new interface driver usbfs
[   17.417151] usbcore: registered new interface driver hub
[   17.422707] usbcore: registered new device driver usb
[   18.356569] wkup_m3_ipc 44e11324.wkup_m3_ipc: IPC Request for A8->M3 Channel failed! -517
[   18.369202] omap-mailbox 480c8000.mailbox: omap mailbox rev 0x400
[   18.486787] musb-hdrc musb-hdrc.1: MUSB HDRC host driver
[   18.492436] musb-hdrc musb-hdrc.1: new USB bus registered, assigned bus number 1
[   18.550562] remoteproc remoteproc0: powering up wkup_m3
[   18.681105] usb usb1: New USB device found, idVendor=1d6b, idProduct=0002, bcdDevice= 6.14
[   18.689697] usb usb1: New USB device strings: Mfr=3, Product=2, SerialNumber=1
[   18.697030] usb usb1: Product: MUSB HDRC host driver
[   18.702068] usb usb1: Manufacturer: Linux 6.14.0-rc4-next-20250225 musb-hcd
[   18.709068] usb usb1: SerialNumber: musb-hdrc.1
[   18.718371] tda998x 0-0070: found TDA19988
[   18.797124] remoteproc remoteproc0: Direct firmware load for am335x-pm-firmware.elf failed with error -2
[   18.806896] remoteproc remoteproc0: request_firmware failed: -2
[   18.812942] wkup_m3_ipc 44e11324.wkup_m3_ipc: rproc_boot failed
[   19.130833] hub 1-0:1.0: USB hub found
[   19.221611] hub 1-0:1.0: 1 port detected
[   20.485271] omap_rng 48310000.rng: Random Number Generator ver. 20
[   20.687464] tilcdc 4830e000.lcdc: bound 0-0070 (ops tda998x_audio_codec_init [tda998x])
[   20.790855] [drm] Initialized tilcdc 1.0.0 for 4830e000.lcdc on minor 0
[   20.884373] tilcdc 4830e000.lcdc: [drm] Cannot find any crtc or sizes
[   20.893159] tilcdc 4830e000.lcdc: [drm] Cannot find any crtc or sizes
[   22.030474] PM: Cannot get wkup_m3_ipc handle
[   22.149152] omap-sham 53100000.sham: hw accel on OMAP rev 4.3
[   22.267225] omap-sham 53100000.sham: will run requests pump with realtime priority
[   22.289748] PM: Cannot get wkup_m3_ipc handle
[   22.630328] omap-aes 53500000.aes: OMAP AES hw accel rev: 3.2
[   22.734235] omap-aes 53500000.aes: will run requests pump with realtime priority
[   22.743339] PM: Cannot get wkup_m3_ipc handle
[   23.238675] Bluetooth: Core ver 2.22
[   23.242709] NET: Registered PF_BLUETOOTH protocol family
[   23.248061] Bluetooth: HCI device and connection manager initialized
[   23.254587] Bluetooth: HCI socket layer initialized
[   23.259503] Bluetooth: L2CAP socket layer initialized
[   23.264648] Bluetooth: SCO socket layer initialized
[   26.069792] tda998x 0-0070: using DT '/ocp/interconnect@44c00000/segment@200000/target-module@b000/i2c@0/tda19988@70' for 'nxp,calib' GPIO lookup
[   26.069936] of_get_named_gpiod_flags: parsed 'nxp,calib-gpios' property of node '/ocp/interconnect@44c00000/segment@200000/target-module@b000/i2c@0/tda19988@70[0]' - status (0)
[   26.070021] gpio gpiochip0: Persistence not supported for GPIO 25
[   26.070037] gpio-537 (nxp,calib): no flags found for GPIO nxp,calib
[   26.079916] gpio-537 (nxp,calib): gpiod_direction_output_nonotify: tried to set a GPIO tied to an IRQ as output
[   26.139815] PM: Cannot get wkup_m3_ipc handle
[   26.145846] asoc-simple-card sound: using DT '/sound' for 'simple-audio-card,hp-det' GPIO lookup
[   26.145920] of_get_named_gpiod_flags: can't parse 'simple-audio-card,hp-det-gpios' property of node '/sound[0]'
[   26.145957] of_get_named_gpiod_flags: can't parse 'simple-audio-card,hp-det-gpio' property of node '/sound[0]'
[   26.145982] asoc-simple-card sound: using lookup tables for GPIO lookup
[   26.145996] asoc-simple-card sound: No GPIO consumer simple-audio-card,hp-det found
[   26.146011] asoc-simple-card sound: using DT '/sound' for 'simple-audio-card,mic-det' GPIO lookup
[   26.146035] of_get_named_gpiod_flags: can't parse 'simple-audio-card,mic-det-gpios' property of node '/sound[0]'
[   26.146060] of_get_named_gpiod_flags: can't parse 'simple-audio-card,mic-det-gpio' property of node '/sound[0]'
[   26.146079] asoc-simple-card sound: using lookup tables for GPIO lookup
[   26.146091] asoc-simple-card sound: No GPIO consumer simple-audio-card,mic-det found
[   26.283485] PM: Cannot get wkup_m3_ipc handle
[   26.421662] tda9950 0-0034: TDA9950 CEC interface, hardware version 3.3
[   26.546830] PM: Cannot get wkup_m3_ipc handle
[   28.105709] userial_init: registered 8 ttyGS* devices
[   28.365678] rndis_register: configNr = 0
[   28.468394] udc musb-hdrc.0: binding gadget driver [g_multi]
[   28.468503] configfs-gadget.g_multi gadget.0: adding 'rndis'/fe088fcf to config 'c'/99b788d2
[   28.469664] configfs-gadget.g_multi gadget.0: HOST MAC 1c:ba:8c:a2:ed:6c
[   28.476687] configfs-gadget.g_multi gadget.0: MAC 1c:ba:8c:a2:ed:70
[   28.483132] rndis_set_param_medium: 0 0
[   28.483157] configfs-gadget.g_multi gadget.0: RNDIS: IN/ep1in OUT/ep1out NOTIFY/ep2in
[   28.483175] configfs-gadget.g_multi gadget.0: adding 'cdc_ethernet'/64426802 to config 'c'/99b788d2
[   28.484086] configfs-gadget.g_multi gadget.0: HOST MAC 1c:ba:8c:a2:ed:6c
[   28.490849] configfs-gadget.g_multi gadget.0: MAC 1c:ba:8c:a2:ed:6d
[   28.497284] configfs-gadget.g_multi gadget.0: CDC Ethernet: IN/ep3in OUT/ep2out NOTIFY/ep4in
[   28.497305] configfs-gadget.g_multi gadget.0: adding 'acm'/b0b46c21 to config 'c'/99b788d2
[   28.497339] configfs-gadget.g_multi gadget.0: acm ttyGS0: IN/ep5in OUT/ep3out NOTIFY/ep6in
[   28.511824] PM: Cannot get wkup_m3_ipc handle
[   29.691703] configfs-gadget.g_multi gadget.0: eth_open
[   31.093976] configfs-gadget.g_multi gadget.0: stop stats: rx/tx 0/0, errs 0/0
[   35.167453] gs_open: ttyGS0 (9cbea687,37f80a2e)
[   35.167615] gs_close: ttyGS0 (9cbea687,37f80a2e) ...
[   35.167636] gs_close: ttyGS0 (9cbea687,37f80a2e) done!
[   35.182031] gs_open: ttyGS0 (d1578681,3f03d9b0)
[   35.182178] gs_close: ttyGS0 (d1578681,3f03d9b0) ...
[   35.182200] gs_close: ttyGS0 (d1578681,3f03d9b0) done!
[   35.354768] gs_open: ttyGS0 (acc07b59,5a318ff4)
[   35.354999] gs_close: ttyGS0 (acc07b59,5a318ff4) ...
[   35.355024] gs_close: ttyGS0 (acc07b59,5a318ff4) done!
[   35.356110] gs_open: ttyGS0 (acc07b59,3f03d9b0)
WTXNKLQOAZ 0
root@arm:~# echo 'GYUM''SFOGLJ'
GYUMSFOGLJ
root@arm:~# MARKER='TAVJ''ATSOQB' run 'modprobe test_linear_ranges'
TAVJATSOQBTAVJATSOQB 0
root@arm:~# echo 'XCVV''SQCAMT'
XCVVSQCAMT
root@arm:~# MARKER='OYUP''BYFPSJ' run dmesg
OYUPBYFPSJ[    0.000000] Booting Linux on physical CPU 0x0
[    0.000000] Linux version 6.14.0-rc4-next-20250225 (user01@drvtest01) (arm-none-eabi-gcc (Arm GNU Toolchain 14.2.Rel1 (Build arm-14.52)) 14.2.1 20241119, GNU ld (Arm GNU Toolchain 14.2.Rel1 (Build arm-14.52)) 2.43.1.20241119) #1 SMP Tue Feb 25 08:44:04 EET 2025
[    0.000000] CPU: ARMv7 Processor [413fc082] revision 2 (ARMv7), cr=10c5387d
[    0.000000] CPU: PIPT / VIPT nonaliasing data cache, VIPT aliasing instruction cache
[    0.000000] OF: fdt: Machine model: TI AM335x BeagleBone Black
[    0.000000] Memory policy: Data cache writeback
[    0.000000] cma: Reserved 16 MiB at 0x00000000
[    0.000000] Zone ranges:
[    0.000000]   Normal   [mem 0x0000000080000000-0x000000009fdfffff]
[    0.000000]   HighMem  empty
[    0.000000] Movable zone start for each node
[    0.000000] Early memory node ranges
[    0.000000]   node   0: [mem 0x0000000080000000-0x000000009fdfffff]
[    0.000000] Initmem setup node 0 [mem 0x0000000080000000-0x000000009fdfffff]
[    0.000000] OF: reserved mem: Reserved memory: No reserved-memory node in the DT
[    0.000000] CPU: All CPU(s) started in SVC mode.
[    0.000000] AM335X ES2.1 (sgx neon)
[    0.000000] percpu: Embedded 17 pages/cpu s39628 r8192 d21812 u69632
[    0.000000] pcpu-alloc: s39628 r8192 d21812 u69632 alloc=17*4096
[    0.000000] pcpu-alloc: [0] 0 
[    0.000000] Kernel command line: console=ttyO0,115200n8 root=/dev/nfs rw nfsroot=192.168.255.126:/home/user01/nfs,nfsvers=3 ip=192.168.255.1:192.168.255.126::255.255.255.0:bbb1:eth0 nfsrootdebug
[    0.000000] Unknown kernel command line parameters "nfsrootdebug", will be passed to user space.
[    0.000000] printk: log buffer data + meta data: 65536 + 204800 = 270336 bytes
[    0.000000] Dentry cache hash table entries: 65536 (order: 6, 262144 bytes, linear)
[    0.000000] Inode-cache hash table entries: 32768 (order: 5, 131072 bytes, linear)
[    0.000000] Built 1 zonelists, mobility grouping on.  Total pages: 130560
[    0.000000] mem auto-init: stack:off, heap alloc:off, heap free:off
[    0.000000] SLUB: HWalign=16, Order=0-3, MinObjects=0, CPUs=1, Nodes=1
[    0.000000] rcu: Hierarchical RCU implementation.
[    0.000000] rcu: 	RCU event tracing is enabled.
[    0.000000] rcu: 	RCU restricting CPUs from NR_CPUS=2 to nr_cpu_ids=1.
[    0.000000] 	Tracing variant of Tasks RCU enabled.
[    0.000000] rcu: RCU calculated value of scheduler-enlistment delay is 10 jiffies.
[    0.000000] rcu: Adjusting geometry for rcu_fanout_leaf=16, nr_cpu_ids=1
[    0.000000] RCU Tasks Trace: Setting shift to 0 and lim to 1 rcu_task_cb_adjust=1 rcu_task_cpu_ids=1.
[    0.000000] NR_IRQS: 16, nr_irqs: 16, preallocated irqs: 16
[    0.000000] IRQ: Found an INTC at 0x(ptrval) (revision 5.0) with 128 interrupts
[    0.000000] rcu: srcu_init: Setting srcu_struct sizes based on contention.
[    0.000000] TI gptimer clocksource: always-on /ocp/interconnect@44c00000/segment@200000/target-module@31000
[    0.000003] sched_clock: 32 bits at 24MHz, resolution 41ns, wraps every 89478484971ns
[    0.000026] clocksource: dmtimer: mask: 0xffffffff max_cycles: 0xffffffff, max_idle_ns: 79635851949 ns
[    0.000496] TI gptimer clockevent: 24000000 Hz at /ocp/interconnect@48000000/segment@0/target-module@40000
[    0.002122] Console: colour dummy device 80x30
[    0.002187] WARNING: Your 'console=ttyO0' has been replaced by 'ttyS0'
[    0.002195] This ensures that you still see kernel messages. Please
[    0.002199] update your kernel commandline.
[    0.002241] Calibrating delay loop... 996.14 BogoMIPS (lpj=4980736)
[    0.090545] CPU: Testing write buffer coherency: ok
[    0.090663] CPU0: Spectre v2: using BPIALL workaround
[    0.090672] pid_max: default: 32768 minimum: 301
[    0.090832] LSM: initializing lsm=capability
[    0.091010] Mount-cache hash table entries: 1024 (order: 0, 4096 bytes, linear)
[    0.091030] Mountpoint-cache hash table entries: 1024 (order: 0, 4096 bytes, linear)
[    0.092615] CPU0: thread -1, cpu 0, socket -1, mpidr 0
[    0.092672] cacheinfo: Unable to detect cache hierarchy for CPU 0
[    0.160745] Setting up static identity map for 0x80100000 - 0x80100078
[    0.170701] rcu: Hierarchical SRCU implementation.
[    0.170710] rcu: 	Max phase no-delay instances is 1000.
[    0.172482] smp: Bringing up secondary CPUs ...
[    0.172534] smp: Brought up 1 node, 1 CPU
[    0.172548] SMP: Total of 1 processors activated (996.14 BogoMIPS).
[    0.172559] CPU: All CPU(s) started in SVC mode.
[    0.172748] Memory: 480832K/522240K available (11264K kernel code, 1213K rwdata, 2896K rodata, 1024K init, 288K bss, 23380K reserved, 16384K cma-reserved, 0K highmem)
[    0.173559] devtmpfs: initialized
[    0.190984] VFP support v0.3: implementor 41 architecture 3 part 30 variant c rev 3
[    0.191642] clocksource: jiffies: mask: 0xffffffff max_cycles: 0xffffffff, max_idle_ns: 19112604462750000 ns
[    0.191686] futex hash table entries: 256 (order: 2, 16384 bytes, linear)
[    0.192853] pinctrl core: initialized pinctrl subsystem
[    0.195532] NET: Registered PF_NETLINK/PF_ROUTE protocol family
[    0.198309] DMA: preallocated 256 KiB pool for atomic coherent allocations
[    0.199231] audit: initializing netlink subsys (disabled)
[    0.200730] thermal_sys: Registered thermal governor 'fair_share'
[    0.200746] thermal_sys: Registered thermal governor 'step_wise'
[    0.200755] thermal_sys: Registered thermal governor 'user_space'
[    0.200880] audit: type=2000 audit(0.000:1): state=initialized audit_enabled=0 res=1
[    0.200952] cpuidle: using governor menu
[    0.218699] /ocp/interconnect@44c00000/segment@200000/target-module@b000/i2c@0/tda19988@70: Fixed dependency cycle(s) with /ocp/interconnect@48000000/segment@300000/target-module@e000/lcdc@0
[    0.219809] /ocp/interconnect@48000000/segment@300000/target-module@e000/lcdc@0: Fixed dependency cycle(s) with /ocp/interconnect@44c00000/segment@200000/target-module@b000/i2c@0/tda19988@70
[    0.222140] No ATAGs?
[    0.222182] hw-breakpoint: debug architecture 0x4 unsupported.
[    0.224873] kprobes: kprobe jump-optimization is enabled. All kprobes are optimized if possible.
[    0.233953] iommu: Default domain type: Translated
[    0.233976] iommu: DMA domain TLB invalidation policy: strict mode
[    0.235555] reg-fixed-voltage fixedregulator0: using DT '/fixedregulator0' for '(default)' GPIO lookup
[    0.235611] of_get_named_gpiod_flags: can't parse 'gpios' property of node '/fixedregulator0[0]'
[    0.235639] of_get_named_gpiod_flags: can't parse 'gpio' property of node '/fixedregulator0[0]'
[    0.235656] reg-fixed-voltage fixedregulator0: using lookup tables for GPIO lookup
[    0.235666] reg-fixed-voltage fixedregulator0: No GPIO consumer (default) found
[    0.241371] SCSI subsystem initialized
[    0.241866] libata version 3.00 loaded.
[    0.242219] pps_core: LinuxPPS API ver. 1 registered
[    0.242228] pps_core: Software ver. 5.3.6 - Copyright 2005-2007 Rodolfo Giometti <giometti@linux.it>
[    0.242252] PTP clock support registered
[    0.250814] vgaarb: loaded
[    0.251195] clocksource: Switched to clocksource dmtimer
[    0.251871] VFS: Disk quotas dquot_6.6.0
[    0.251932] VFS: Dquot-cache hash table entries: 1024 (order 0, 4096 bytes)
[    0.275752] NET: Registered PF_INET protocol family
[    0.276096] IP idents hash table entries: 8192 (order: 4, 65536 bytes, linear)
[    0.277546] tcp_listen_portaddr_hash hash table entries: 512 (order: 0, 4096 bytes, linear)
[    0.277582] Table-perturb hash table entries: 65536 (order: 6, 262144 bytes, linear)
[    0.277601] TCP established hash table entries: 4096 (order: 2, 16384 bytes, linear)
[    0.277645] TCP bind hash table entries: 4096 (order: 4, 65536 bytes, linear)
[    0.277744] TCP: Hash tables configured (established 4096 bind 4096)
[    0.277864] UDP hash table entries: 256 (order: 1, 14336 bytes, linear)
[    0.277900] UDP-Lite hash table entries: 256 (order: 1, 14336 bytes, linear)
[    0.278093] NET: Registered PF_UNIX/PF_LOCAL protocol family
[    0.281910] RPC: Registered named UNIX socket transport module.
[    0.281931] RPC: Registered udp transport module.
[    0.281937] RPC: Registered tcp transport module.
[    0.281941] RPC: Registered tcp-with-tls transport module.
[    0.281947] RPC: Registered tcp NFSv4.1 backchannel transport module.
[    0.281970] PCI: CLS 0 bytes, default 64
[    0.283413] Initialise system trusted keyrings
[    0.291694] workingset: timestamp_bits=14 max_order=17 bucket_order=3
[    0.293092] NFS: Registering the id_resolver key type
[    0.293172] Key type id_resolver registered
[    0.293179] Key type id_legacy registered
[    0.293293] jffs2: version 2.2. (NAND) (SUMMARY)  Â© 2001-2006 Red Hat, Inc.
[    0.293731] Key type asymmetric registered
[    0.293747] Asymmetric key parser 'x509' registered
[    0.293812] io scheduler mq-deadline registered
[    0.293822] io scheduler kyber registered
[    0.293897] io scheduler bfq registered
[    0.295474] ledtrig-cpu: registered to indicate activity on CPUs
[    0.301657] Serial: 8250/16550 driver, 6 ports, IRQ sharing enabled
[    0.340343] brd: module loaded
[    0.368474] loop: module loaded
[    0.369400] mtdoops: mtd device (mtddev=name/number) must be supplied
[    0.371138] mdio_bus fixed-0: using lookup tables for GPIO lookup
[    0.371274] mdio_bus fixed-0: No GPIO consumer reset found
[    0.372660] i2c_dev: i2c /dev entries driver
[    0.373644] cpuidle: enable-method property 'ti,am3352' found operations
[    0.374085] sdhci: Secure Digital Host Controller Interface driver
[    0.374092] sdhci: Copyright(c) Pierre Ossman
[    0.374273] sdhci-pltfm: SDHCI platform and OF driver helper
[    0.375273] Initializing XFRM netlink socket
[    0.375448] NET: Registered PF_INET6 protocol family
[    0.377474] Segment Routing with IPv6
[    0.377557] In-situ OAM (IOAM) with IPv6
[    0.377661] sit: IPv6, IPv4 and MPLS over IPv4 tunneling driver
[    0.378603] NET: Registered PF_PACKET protocol family
[    0.378638] NET: Registered PF_KEY protocol family
[    0.378782] Key type dns_resolver registered
[    0.379006] ThumbEE CPU extension supported.
[    0.379026] Registering SWP/SWPB emulation handler
[    0.379569] omap_voltage_late_init: Voltage driver support not added
[    0.379915] SmartReflex Class3 initialized
[    0.412578] Loading compiled-in X.509 certificates
[    0.456649] /ocp/interconnect@44c00000/segment@200000/target-module@b000/i2c@0/tda19988@70: Fixed dependency cycle(s) with /ocp/interconnect@48000000/segment@300000/target-module@e000/lcdc@0
[    0.463142] /ocp/interconnect@44c00000/segment@200000/target-module@b000/i2c@0/tda19988@70: Fixed dependency cycle(s) with /ocp/interconnect@48000000/segment@300000/target-module@e000/lcdc@0
[    0.468630] gpiochip_find_base_unlocked: found new base at 512
[    0.483003] /ocp/interconnect@44c00000/segment@200000/target-module@b000/i2c@0/tda19988@70: Fixed dependency cycle(s) with /ocp/interconnect@48000000/segment@300000/target-module@e000/lcdc@0
[    0.483880] /ocp/interconnect@44c00000/segment@200000/target-module@b000/i2c@0/tda19988@70: Fixed dependency cycle(s) with /ocp/interconnect@48000000/segment@300000/target-module@e000/lcdc@0
[    0.487236] /ocp/interconnect@44c00000/segment@200000/target-module@10000/scm@0/pinmux@800: Fixed dependency cycle(s) with /ocp/interconnect@44c00000/segment@200000/target-module@10000/scm@0/pinmux@800/clkout2-pins
[    0.487835] pinctrl-single 44e10800.pinmux: 142 pins, size 568
[    0.493226] ti-sysc 44e31000.target-module: probe with driver ti-sysc failed with error -16
[    0.527967] /ocp/interconnect@48000000/segment@300000/target-module@e000/lcdc@0: Fixed dependency cycle(s) with /ocp/interconnect@44c00000/segment@200000/target-module@b000/i2c@0/tda19988@70
[    0.536078] ti-sysc 48040000.target-module: probe with driver ti-sysc failed with error -16
[    0.547565] gpiochip_find_base_unlocked: found new base at 512
[    0.547677] gpio gpiochip0: (gpio-0-31): created GPIO range 0->7 ==> 44e10800.pinmux PIN 0->7
[    0.547697] gpio gpiochip0: (gpio-0-31): created GPIO range 8->11 ==> 44e10800.pinmux PIN 90->93
[    0.547714] gpio gpiochip0: (gpio-0-31): created GPIO range 12->27 ==> 44e10800.pinmux PIN 12->27
[    0.547729] gpio gpiochip0: (gpio-0-31): created GPIO range 28->31 ==> 44e10800.pinmux PIN 30->33
[    0.582759] gpio gpiochip0: (gpio-0-31): added GPIO chardev (254:0)
[    0.582917] gpio gpiochip0: registered GPIOs 512 to 543 on gpio-0-31
[    0.583001] OMAP GPIO hardware version 0.1
[    0.604673] i2c i2c-2: using DT '/ocp/interconnect@48000000/segment@100000/target-module@9c000/i2c@0' for 'scl' GPIO lookup
[    0.604746] of_get_named_gpiod_flags: can't parse 'scl-gpios' property of node '/ocp/interconnect@48000000/segment@100000/target-module@9c000/i2c@0[0]'
[    0.604787] of_get_named_gpiod_flags: can't parse 'scl-gpio' property of node '/ocp/interconnect@48000000/segment@100000/target-module@9c000/i2c@0[0]'
[    0.604823] i2c i2c-2: using lookup tables for GPIO lookup
[    0.604832] i2c i2c-2: No GPIO consumer scl found
[    0.604854] i2c i2c-2: using DT '/ocp/interconnect@48000000/segment@100000/target-module@9c000/i2c@0' for 'sda' GPIO lookup
[    0.604889] of_get_named_gpiod_flags: can't parse 'sda-gpios' property of node '/ocp/interconnect@48000000/segment@100000/target-module@9c000/i2c@0[0]'
[    0.604925] of_get_named_gpiod_flags: can't parse 'sda-gpio' property of node '/ocp/interconnect@48000000/segment@100000/target-module@9c000/i2c@0[0]'
[    0.604956] i2c i2c-2: using lookup tables for GPIO lookup
[    0.604964] i2c i2c-2: No GPIO consumer sda found
[    0.605677] omap_i2c 4819c000.i2c: bus 2 rev0.11 at 100 kHz
[    0.611069] gpiochip_find_base_unlocked: found new base at 544
[    0.611421] gpio gpiochip1: (gpio-32-63): created GPIO range 0->17 ==> 44e10800.pinmux PIN 34->51
[    0.611448] gpio gpiochip1: (gpio-32-63): created GPIO range 18->21 ==> 44e10800.pinmux PIN 77->80
[    0.611465] gpio gpiochip1: (gpio-32-63): created GPIO range 22->31 ==> 44e10800.pinmux PIN 56->65
[    0.624199] gpio gpiochip1: (gpio-32-63): added GPIO chardev (254:1)
[    0.624356] gpio gpiochip1: registered GPIOs 544 to 575 on gpio-32-63
[    0.626553] gpiochip_find_base_unlocked: found new base at 576
[    0.626646] gpio gpiochip2: (gpio-64-95): created GPIO range 0->4 ==> 44e10800.pinmux PIN 66->70
[    0.626665] gpio gpiochip2: (gpio-64-95): created GPIO range 5->6 ==> 44e10800.pinmux PIN 98->99
[    0.626681] gpio gpiochip2: (gpio-64-95): created GPIO range 7->8 ==> 44e10800.pinmux PIN 75->76
[    0.626696] gpio gpiochip2: (gpio-64-95): created GPIO range 13->13 ==> 44e10800.pinmux PIN 141->141
[    0.626713] gpio gpiochip2: (gpio-64-95): created GPIO range 14->21 ==> 44e10800.pinmux PIN 100->107
[    0.627367] gpio gpiochip2: (gpio-64-95): added GPIO chardev (254:2)
[    0.627505] gpio gpiochip2: registered GPIOs 576 to 607 on gpio-64-95
[    0.633181] 48000000.interconnect:segment@200000:target-module@0:mpu@0:fck: device ID is greater than 24
[    0.634070] /ocp/interconnect@48000000/segment@300000/target-module@e000/lcdc@0: Fixed dependency cycle(s) with /ocp/interconnect@44c00000/segment@200000/target-module@b000/i2c@0/tda19988@70
[    0.636810] /ocp/interconnect@48000000/segment@300000/target-module@e000/lcdc@0: Fixed dependency cycle(s) with /ocp/interconnect@44c00000/segment@200000/target-module@b000/i2c@0/tda19988@70
[    0.637491] /ocp/interconnect@44c00000/segment@200000/target-module@b000/i2c@0/tda19988@70: Fixed dependency cycle(s) with /ocp/interconnect@48000000/segment@300000/target-module@e000/lcdc@0
[    0.637659] /ocp/interconnect@48000000/segment@300000/target-module@e000/lcdc@0: Fixed dependency cycle(s) with /ocp/interconnect@44c00000/segment@200000/target-module@b000/i2c@0/tda19988@70
[    0.647164] mdio_bus 4a101000.mdio: using DT '/ocp/interconnect@4a000000/segment@0/target-module@100000/switch@0/mdio@1000' for 'reset' GPIO lookup
[    0.647238] of_get_named_gpiod_flags: can't parse 'reset-gpios' property of node '/ocp/interconnect@4a000000/segment@0/target-module@100000/switch@0/mdio@1000[0]'
[    0.647285] of_get_named_gpiod_flags: can't parse 'reset-gpio' property of node '/ocp/interconnect@4a000000/segment@0/target-module@100000/switch@0/mdio@1000[0]'
[    0.647331] mdio_bus 4a101000.mdio: using lookup tables for GPIO lookup
[    0.647340] mdio_bus 4a101000.mdio: No GPIO consumer reset found
[    0.648528] sdhci-omap 481d8000.mmc: using DT '/ocp/interconnect@48000000/segment@100000/target-module@d8000/mmc@0' for 'wp' GPIO lookup
[    0.648591] of_get_named_gpiod_flags: can't parse 'wp-gpios' property of node '/ocp/interconnect@48000000/segment@100000/target-module@d8000/mmc@0[0]'
[    0.648633] of_get_named_gpiod_flags: can't parse 'wp-gpio' property of node '/ocp/interconnect@48000000/segment@100000/target-module@d8000/mmc@0[0]'
[    0.648667] sdhci-omap 481d8000.mmc: using lookup tables for GPIO lookup
[    0.648677] sdhci-omap 481d8000.mmc: No GPIO consumer wp found
[    0.648870] sdhci-omap 481d8000.mmc: supply pbias not found, using dummy regulator
[    0.649358] sdhci-omap 481d8000.mmc: supply vqmmc not found, using dummy regulator
[    0.703983] davinci_mdio 4a101000.mdio: davinci mdio revision 1.6, bus freq 1000000
[    0.728244] mdio_bus 4a101000.mdio:00: using DT '/ocp/interconnect@4a000000/segment@0/target-module@100000/switch@0/mdio@1000/ethernet-phy@0' for 'reset' GPIO lookup
[    0.728348] of_get_named_gpiod_flags: parsed 'reset-gpios' property of node '/ocp/interconnect@4a000000/segment@0/target-module@100000/switch@0/mdio@1000/ethernet-phy@0[0]' - status (0)
[    0.728506] gpio gpiochip0: Persistence not supported for GPIO 8
[    0.877494] davinci_mdio 4a101000.mdio: phy[0]: device 4a101000.mdio:00, driver SMSC LAN8710/LAN8720
[    0.878296] cpsw-switch 4a100000.switch: initialized cpsw ale version 1.4
[    0.878320] cpsw-switch 4a100000.switch: ALE Table size 1024, Policers 0
[    0.878454] cpsw-switch 4a100000.switch: cpts: overflow check period 500 (jiffies)
[    0.878470] cpsw-switch 4a100000.switch: CPTS: ref_clk_freq:250000000 calc_mult:2147483648 calc_shift:29 error:0 nsec/sec
[    0.878575] cpsw-switch 4a100000.switch: Detected MACID = 6c:ec:eb:68:de:78
[    0.880363] cpsw-switch 4a100000.switch: initialized (regs 0x4a100000, pool size 256) hw_ver:0019010C 1.12 (0)
[    0.891468] debugfs: Directory '49000000.dma' with parent 'dmaengine' already present!
[    0.891510] edma 49000000.dma: TI EDMA DMA engine driver
[    0.924439] target-module@4b000000:target-module@140000:pmu@0:fck: device ID is greater than 24
[    0.934727] hw perfevents: enabled with armv7_cortex_a8 PMU driver, 5 (8000000f) counters available
[    0.935647] gpio-clk clk_mcasp0: using DT '/clk_mcasp0' for 'enable' GPIO lookup
[    0.935713] of_get_named_gpiod_flags: parsed 'enable-gpios' property of node '/clk_mcasp0[0]' - status (0)
[    0.935757] gpio gpiochip0: Persistence not supported for GPIO 27
[    0.936580] gpiochip_find_base_unlocked: found new base at 608
[    0.936690] gpio gpiochip3: (gpio-96-127): created GPIO range 0->7 ==> 44e10800.pinmux PIN 82->89
[    0.936712] gpio gpiochip3: (gpio-96-127): created GPIO range 8->11 ==> 44e10800.pinmux PIN 52->55
[    0.936727] gpio gpiochip3: (gpio-96-127): created GPIO range 12->15 ==> 44e10800.pinmux PIN 94->97
[    0.936743] gpio gpiochip3: (gpio-96-127): created GPIO range 16->17 ==> 44e10800.pinmux PIN 71->72
[    0.936759] gpio gpiochip3: (gpio-96-127): created GPIO range 18->18 ==> 44e10800.pinmux PIN 135->135
[    0.936775] gpio gpiochip3: (gpio-96-127): created GPIO range 19->20 ==> 44e10800.pinmux PIN 108->109
[    0.936792] gpio gpiochip3: (gpio-96-127): created GPIO range 21->21 ==> 44e10800.pinmux PIN 73->73
[    0.936809] gpio gpiochip3: (gpio-96-127): created GPIO range 22->23 ==> 44e10800.pinmux PIN 8->9
[    0.936842] gpio gpiochip3: (gpio-96-127): created GPIO range 26->27 ==> 44e10800.pinmux PIN 10->11
[    0.936861] gpio gpiochip3: (gpio-96-127): created GPIO range 28->28 ==> 44e10800.pinmux PIN 74->74
[    0.936879] gpio gpiochip3: (gpio-96-127): created GPIO range 29->29 ==> 44e10800.pinmux PIN 81->81
[    0.936897] gpio gpiochip3: (gpio-96-127): created GPIO range 30->31 ==> 44e10800.pinmux PIN 28->29
[    0.942454] l3-aon-clkctrl:0000:0: failed to disable
[    0.953425] gpio gpiochip3: (gpio-96-127): added GPIO chardev (254:3)
[    0.953578] gpio gpiochip3: registered GPIOs 608 to 639 on gpio-96-127
[    0.955405] omap8250 44e09000.serial: using DT '/ocp/interconnect@44c00000/segment@200000/target-module@9000/serial@0' for 'rs485-term' GPIO lookup
[    0.955475] of_get_named_gpiod_flags: can't parse 'rs485-term-gpios' property of node '/ocp/interconnect@44c00000/segment@200000/target-module@9000/serial@0[0]'
[    0.955521] of_get_named_gpiod_flags: can't parse 'rs485-term-gpio' property of node '/ocp/interconnect@44c00000/segment@200000/target-module@9000/serial@0[0]'
[    0.955557] omap8250 44e09000.serial: using lookup tables for GPIO lookup
[    0.955566] omap8250 44e09000.serial: No GPIO consumer rs485-term found
[    0.955576] omap8250 44e09000.serial: using DT '/ocp/interconnect@44c00000/segment@200000/target-module@9000/serial@0' for 'rs485-rx-during-tx' GPIO lookup
[    0.955611] of_get_named_gpiod_flags: can't parse 'rs485-rx-during-tx-gpios' property of node '/ocp/interconnect@44c00000/segment@200000/target-module@9000/serial@0[0]'
[    0.955648] of_get_named_gpiod_flags: can't parse 'rs485-rx-during-tx-gpio' property of node '/ocp/interconnect@44c00000/segment@200000/target-module@9000/serial@0[0]'
[    0.955678] omap8250 44e09000.serial: using lookup tables for GPIO lookup
[    0.955687] omap8250 44e09000.serial: No GPIO consumer rs485-rx-during-tx found
[    0.956054] 44e09000.serial: ttyS0 at MMIO 0x44e09000 (irq = 34, base_baud = 3000000) is a 8250
[    0.956144] printk: legacy console [ttyS0] enabled
[    2.403616] i2c i2c-0: using DT '/ocp/interconnect@44c00000/segment@200000/target-module@b000/i2c@0' for 'scl' GPIO lookup
[    2.403717] of_get_named_gpiod_flags: can't parse 'scl-gpios' property of node '/ocp/interconnect@44c00000/segment@200000/target-module@b000/i2c@0[0]'
[    2.403766] of_get_named_gpiod_flags: can't parse 'scl-gpio' property of node '/ocp/interconnect@44c00000/segment@200000/target-module@b000/i2c@0[0]'
[    2.403808] i2c i2c-0: using lookup tables for GPIO lookup
[    2.403822] i2c i2c-0: No GPIO consumer scl found
[    2.403847] i2c i2c-0: using DT '/ocp/interconnect@44c00000/segment@200000/target-module@b000/i2c@0' for 'sda' GPIO lookup
[    2.403887] of_get_named_gpiod_flags: can't parse 'sda-gpios' property of node '/ocp/interconnect@44c00000/segment@200000/target-module@b000/i2c@0[0]'
[    2.403927] of_get_named_gpiod_flags: can't parse 'sda-gpio' property of node '/ocp/interconnect@44c00000/segment@200000/target-module@b000/i2c@0[0]'
[    2.403961] i2c i2c-0: using lookup tables for GPIO lookup
[    2.403973] i2c i2c-0: No GPIO consumer sda found
[    2.422169] tps65217-pmic: Failed to locate of_node [id: -1]
[    2.428219] tps65217-bl: Failed to locate of_node [id: -1]
[    2.439607] tps65217 0-0024: TPS65217 ID 0xe version 1.2
[    2.445757] /ocp/interconnect@48000000/segment@300000/target-module@e000/lcdc@0: Fixed dependency cycle(s) with /ocp/interconnect@44c00000/segment@200000/target-module@b000/i2c@0/tda19988@70
[    2.463119] /ocp/interconnect@44c00000/segment@200000/target-module@b000/i2c@0/tda19988@70: Fixed dependency cycle(s) with /ocp/interconnect@48000000/segment@300000/target-module@e000/lcdc@0
[    2.480469] omap_i2c 44e0b000.i2c: bus 0 rev0.11 at 400 kHz
[    2.488302] sdhci-omap 48060000.mmc: using DT '/ocp/interconnect@48000000/segment@0/target-module@60000/mmc@0' for 'cd' GPIO lookup
[    2.488410] of_get_named_gpiod_flags: parsed 'cd-gpios' property of node '/ocp/interconnect@48000000/segment@0/target-module@60000/mmc@0[0]' - status (0)
[    2.488477] gpio gpiochip3: Persistence not supported for GPIO 6
[    2.488501] omap_gpio 44e07000.gpio: Could not set line 6 debounce to 200000 microseconds (-22)
[    2.497376] sdhci-omap 48060000.mmc: Got CD GPIO
[    2.502058] sdhci-omap 48060000.mmc: using DT '/ocp/interconnect@48000000/segment@0/target-module@60000/mmc@0' for 'wp' GPIO lookup
[    2.502107] of_get_named_gpiod_flags: can't parse 'wp-gpios' property of node '/ocp/interconnect@48000000/segment@0/target-module@60000/mmc@0[0]'
[    2.502151] of_get_named_gpiod_flags: can't parse 'wp-gpio' property of node '/ocp/interconnect@48000000/segment@0/target-module@60000/mmc@0[0]'
[    2.502189] sdhci-omap 48060000.mmc: using lookup tables for GPIO lookup
[    2.502203] sdhci-omap 48060000.mmc: No GPIO consumer wp found
[    2.502410] sdhci-omap 48060000.mmc: supply pbias not found, using dummy regulator
[    2.511113] sdhci-omap 481d8000.mmc: using DT '/ocp/interconnect@48000000/segment@100000/target-module@d8000/mmc@0' for 'wp' GPIO lookup
[    2.511289] of_get_named_gpiod_flags: can't parse 'wp-gpios' property of node '/ocp/interconnect@48000000/segment@100000/target-module@d8000/mmc@0[0]'
[    2.511341] of_get_named_gpiod_flags: can't parse 'wp-gpio' property of node '/ocp/interconnect@48000000/segment@100000/target-module@d8000/mmc@0[0]'
[    2.511380] sdhci-omap 481d8000.mmc: using lookup tables for GPIO lookup
[    2.511394] sdhci-omap 481d8000.mmc: No GPIO consumer wp found
[    2.512692] sdhci-omap 48060000.mmc: supply vqmmc not found, using dummy regulator
[    2.521685] sdhci-omap 481d8000.mmc: supply pbias not found, using dummy regulator
[    2.529682] sdhci-omap 481d8000.mmc: supply vqmmc not found, using dummy regulator
[    2.568546] mmc1: SDHCI controller on 481d8000.mmc [481d8000.mmc] using External DMA
[    2.577030] mmc0: SDHCI controller on 48060000.mmc [48060000.mmc] using External DMA
[    2.585775] cpsw-switch 4a100000.switch: starting ndev. mode: dual_mac
[    2.630362] mmc0: new high speed SDHC card at address 5048
[    2.637445] mmcblk0: mmc0:5048 SD16G 14.4 GiB
[    2.645527]  mmcblk0: p1 p2
[    2.648925] mmcblk0: p2 size 31221760 extends beyond EOD, truncated
[    2.662455] SMSC LAN8710/LAN8720 4a101000.mdio:00: attached PHY driver (mii_bus:phy_addr=4a101000.mdio:00, irq=POLL)
[    2.674553] mmc1: new high speed MMC card at address 0001
[    2.681495] mmcblk1: mmc1:0001 MMC04G 3.60 GiB
[    2.693468]  mmcblk1: p1 p2
[    2.697719] mmcblk1boot0: mmc1:0001 MMC04G 2.00 MiB
[    2.705106] mmcblk1boot1: mmc1:0001 MMC04G 2.00 MiB
[    2.712561] mmcblk1rpmb: mmc1:0001 MMC04G 128 KiB, chardev (250:0)
[    5.841984] cpsw-switch 4a100000.switch eth0: Link is Up - 100Mbps/Full - flow control off
[    5.881462] IP-Config: Complete:
[    5.884737]      device=eth0, hwaddr=6c:ec:eb:68:de:78, ipaddr=192.168.255.1, mask=255.255.255.0, gw=255.255.255.255
[    5.895411]      host=bbb1, domain=, nis-domain=(none)
[    5.900581]      bootserver=192.168.255.126, rootserver=192.168.255.126, rootpath=
[    5.901003] clk: Disabling unused clocks
[    5.912839] PM: genpd: Disabling unused power domains
[    5.917957] KTAP version 1
[    5.920680] 1..0
[    5.944849] VFS: Mounted root (nfs filesystem) on device 0:17.
[    5.951753] devtmpfs: mounted
[    5.956251] Freeing unused kernel image (initmem) memory: 1024K
[    5.963152] Run /sbin/init as init process
[    5.967286]   with arguments:
[    5.967298]     /sbin/init
[    5.967308]     nfsrootdebug
[    5.967317]   with environment:
[    5.967325]     HOME=/
[    5.967335]     TERM=linux
