Labgrid Console Logfile for main
Logfile started at 2024-11-22 17:50:08.890658
=== Log starts here ===
reading args
spl_load_image_fat_os: error reading image args, err - -1
reading u-boot.img
reading u-boot.img


U-Boot 2014.04-00014-g47880f5 (Apr 22 2014 - 13:23:54)

I2C:   ready
DRAM:  512 MiB
NAND:  0 MiB
MMC:   OMAP SD/MMC: 0, OMAP SD/MMC: 1
*** Warning - readenv() failed, using default environment

Net:   <ethaddr> not set. Validating first E-fuse MAC
cpsw, usb_ether
Hit any key to stop autoboot:  1  0 
gpio: pin 53 (gpio 53) value is 1
mmc0 is current device
gpio: pin 54 (gpio 54) value is 1
SD/MMC found on device 0
reading uEnv.txt
569 bytes read in 3 ms (184.6 KiB/s)
gpio: pin 55 (gpio 55) value is 1
Loaded environment from uEnv.txt
Importing environment from mmc ...
Checking if uenvcmd is set ...
gpio: pin 56 (gpio 56) value is 1
Running uenvcmd ...
cpsw Waiting for PHY auto negotiation to complete. done
link up on port 0, speed 100, full duplex
Using cpsw device
TFTP from server 192.168.255.126; our IP address is 192.168.255.1
Filename 'zImage'.
Load address: 0x81000000
Loading: *#################################################################
	 #################################################################
	 #################################################################
	 #################################################################
	 #################################################################
	 ###############################################
	 2.4 MiB/s
done
Bytes transferred = 5451224 (532dd8 hex)
link up on port 0, speed 100, full duplex
Using cpsw device
TFTP from server 192.168.255.126; our IP address is 192.168.255.1
Filename 'am335x-boneblack.dtb'.
Load address: 0x82000000
Loading: *#######
	 2.2 MiB/s
done
Bytes transferred = 97996 (17ecc hex)
Kernel image @ 0x81000000 [ 0x000000 - 0x532dd8 ]
## Flattened Device Tree blob at 82000000
   Booting using the fdt blob at 0x82000000
   Using Device Tree in place at 82000000, end 8201aecb

Starting kernel ...

[    0.000000] Booting Linux on physical CPU 0x0
[    0.000000] Linux version 6.11.10 (user01@drvtest01) (arm-linux-gnueabihf-gcc (Linaro GCC 6.4-2017.11) 6.4.1 20171012, GNU ld (Linaro_Binutils-2017.11) 2.27.0.20161229) #9 SMP Fri Nov 22 17:47:35 EET 2024
[    0.000000] CPU: ARMv7 Processor [413fc082] revision 2 (ARMv7), cr=10c5387d
[    0.000000] CPU: PIPT / VIPT nonaliasing data cache, VIPT aliasing instruction cache
[    0.000000] OF: fdt: Machine model: TI AM335x BeagleBone Black
[    0.000000] Memory policy: Data cache writeback
[    0.000000] cma: Reserved 16 MiB at 0x9e800000 on node -1
[    0.000000] Zone ranges:
[    0.000000]   Normal   [mem 0x0000000080000000-0x000000009fdfffff]
[    0.000000]   HighMem  empty
[    0.000000] Movable zone start for each node
[    0.000000] Early memory node ranges
[    0.000000]   node   0: [mem 0x0000000080000000-0x000000009fdfffff]
[    0.000000] Initmem setup node 0 [mem 0x0000000080000000-0x000000009fdfffff]
[    0.000000] CPU: All CPU(s) started in SVC mode.
[    0.000000] AM335X ES2.1 (sgx neon)
[    0.000000] percpu: Embedded 17 pages/cpu s39628 r8192 d21812 u69632
[    0.000000] Kernel command line: console=ttyO0,115200n8 root=/dev/nfs rw nfsroot=192.168.255.126:/home/user01/nfs,nfsvers=3 ip=192.168.255.1:192.168.255.126::255.255.255.0:bbb1:eth0 nfsrootdebug
[    0.000000] Unknown kernel command line parameters "nfsrootdebug", will be passed to user space.
[    0.000000] Dentry cache hash table entries: 65536 (order: 6, 262144 bytes, linear)
[    0.000000] Inode-cache hash table entries: 32768 (order: 5, 131072 bytes, linear)
[    0.000000] Built 1 zonelists, mobility grouping on.  Total pages: 130560
[    0.000000] mem auto-init: stack:off, heap alloc:off, heap free:off
[    0.000000] SLUB: HWalign=64, Order=0-3, MinObjects=0, CPUs=1, Nodes=1
[    0.000000] trace event string verifier disabled
[    0.000000] rcu: Hierarchical RCU implementation.
[    0.000000] rcu: 	RCU event tracing is enabled.
[    0.000000] rcu: 	RCU restricting CPUs from NR_CPUS=2 to nr_cpu_ids=1.
[    0.000000] rcu: RCU calculated value of scheduler-enlistment delay is 10 jiffies.
[    0.000000] rcu: Adjusting geometry for rcu_fanout_leaf=16, nr_cpu_ids=1
[    0.000000] NR_IRQS: 16, nr_irqs: 16, preallocated irqs: 16
[    0.000000] IRQ: Found an INTC at 0x(ptrval) (revision 5.0) with 128 interrupts
[    0.000000] rcu: srcu_init: Setting srcu_struct sizes based on contention.
[    0.000000] TI gptimer clocksource: always-on /ocp/interconnect@44c00000/segment@200000/target-module@31000
[    0.000002] sched_clock: 32 bits at 24MHz, resolution 41ns, wraps every 89478484971ns
[    0.000028] clocksource: dmtimer: mask: 0xffffffff max_cycles: 0xffffffff, max_idle_ns: 79635851949 ns
[    0.000502] TI gptimer clockevent: 24000000 Hz at /ocp/interconnect@48000000/segment@0/target-module@40000
[    0.002116] Console: colour dummy device 80x30
[    0.002188] WARNING: Your 'console=ttyO0' has been replaced by 'ttyS0'
[    0.002198] This ensures that you still see kernel messages. Please
[    0.002204] update your kernel commandline.
[    0.002248] Calibrating delay loop... 996.14 BogoMIPS (lpj=4980736)
[    0.090560] CPU: Testing write buffer coherency: ok
[    0.090666] CPU0: Spectre v2: using BPIALL workaround
[    0.090679] pid_max: default: 32768 minimum: 301
[    0.090807] LSM: initializing lsm=capability
[    0.090977] Mount-cache hash table entries: 1024 (order: 0, 4096 bytes, linear)
[    0.091001] Mountpoint-cache hash table entries: 1024 (order: 0, 4096 bytes, linear)
[    0.092546] CPU0: thread -1, cpu 0, socket -1, mpidr 0
[    0.094285] Setting up static identity map for 0x80100000 - 0x80100078
[    0.094606] rcu: Hierarchical SRCU implementation.
[    0.094620] rcu: 	Max phase no-delay instances is 1000.
[    0.096293] smp: Bringing up secondary CPUs ...
[    0.096353] smp: Brought up 1 node, 1 CPU
[    0.096369] SMP: Total of 1 processors activated (996.14 BogoMIPS).
[    0.096382] CPU: All CPU(s) started in SVC mode.
[    0.096581] Memory: 480876K/522240K available (11264K kernel code, 1197K rwdata, 2856K rodata, 1024K init, 297K bss, 23344K reserved, 16384K cma-reserved, 0K highmem)
[    0.097379] devtmpfs: initialized
[    0.114193] VFP support v0.3: implementor 41 architecture 3 part 30 variant c rev 3
[    0.114550] clocksource: jiffies: mask: 0xffffffff max_cycles: 0xffffffff, max_idle_ns: 19112604462750000 ns
[    0.114589] futex hash table entries: 256 (order: 2, 16384 bytes, linear)
[    0.115893] pinctrl core: initialized pinctrl subsystem
[    0.118623] NET: Registered PF_NETLINK/PF_ROUTE protocol family
[    0.121639] DMA: preallocated 256 KiB pool for atomic coherent allocations
[    0.122614] audit: initializing netlink subsys (disabled)
[    0.124006] thermal_sys: Registered thermal governor 'fair_share'
[    0.124026] thermal_sys: Registered thermal governor 'step_wise'
[    0.124037] thermal_sys: Registered thermal governor 'user_space'
[    0.124152] audit: type=2000 audit(0.120:1): state=initialized audit_enabled=0 res=1
[    0.124227] cpuidle: using governor menu
[    0.143176] No ATAGs?
[    0.143208] hw-breakpoint: debug architecture 0x4 unsupported.
[    0.146104] kprobes: kprobe jump-optimization is enabled. All kprobes are optimized if possible.
[    0.164371] iommu: Default domain type: Translated
[    0.164399] iommu: DMA domain TLB invalidation policy: strict mode
[    0.171345] SCSI subsystem initialized
[    0.181735] pps_core: LinuxPPS API ver. 1 registered
[    0.181750] pps_core: Software ver. 5.3.6 - Copyright 2005-2007 Rodolfo Giometti <giometti@linux.it>
[    0.181776] PTP clock support registered
[    0.183756] vgaarb: loaded
[    0.184154] clocksource: Switched to clocksource dmtimer
[    0.184766] VFS: Disk quotas dquot_6.6.0
[    0.184816] VFS: Dquot-cache hash table entries: 1024 (order 0, 4096 bytes)
[    0.211036] NET: Registered PF_INET protocol family
[    0.211403] IP idents hash table entries: 8192 (order: 4, 65536 bytes, linear)
[    0.212810] tcp_listen_portaddr_hash hash table entries: 512 (order: 0, 4096 bytes, linear)
[    0.212850] Table-perturb hash table entries: 65536 (order: 6, 262144 bytes, linear)
[    0.212870] TCP established hash table entries: 4096 (order: 2, 16384 bytes, linear)
[    0.212914] TCP bind hash table entries: 4096 (order: 4, 65536 bytes, linear)
[    0.213015] TCP: Hash tables configured (established 4096 bind 4096)
[    0.213136] UDP hash table entries: 256 (order: 1, 8192 bytes, linear)
[    0.213168] UDP-Lite hash table entries: 256 (order: 1, 8192 bytes, linear)
[    0.213342] NET: Registered PF_UNIX/PF_LOCAL protocol family
[    0.224472] RPC: Registered named UNIX socket transport module.
[    0.224502] RPC: Registered udp transport module.
[    0.224509] RPC: Registered tcp transport module.
[    0.224516] RPC: Registered tcp-with-tls transport module.
[    0.224522] RPC: Registered tcp NFSv4.1 backchannel transport module.
[    0.224550] PCI: CLS 0 bytes, default 64
[    0.226033] Initialise system trusted keyrings
[    0.226735] workingset: timestamp_bits=14 max_order=17 bucket_order=3
[    0.228392] NFS: Registering the id_resolver key type
[    0.228477] Key type id_resolver registered
[    0.228488] Key type id_legacy registered
[    0.228539] jffs2: version 2.2. (NAND) (SUMMARY)  Â© 2001-2006 Red Hat, Inc.
[    0.228944] Key type asymmetric registered
[    0.228964] Asymmetric key parser 'x509' registered
[    0.229031] io scheduler mq-deadline registered
[    0.229044] io scheduler kyber registered
[    0.229113] io scheduler bfq registered
[    0.244401] Serial: 8250/16550 driver, 6 ports, IRQ sharing enabled
[    0.310284] brd: module loaded
[    0.332950] loop: module loaded
[    0.333900] mtdoops: mtd device (mtddev=name/number) must be supplied
[    0.337259] i2c_dev: i2c /dev entries driver
[    0.338236] cpuidle: enable-method property 'ti,am3352' found operations
[    0.338691] sdhci: Secure Digital Host Controller Interface driver
[    0.338707] sdhci: Copyright(c) Pierre Ossman
[    0.338878] sdhci-pltfm: SDHCI platform and OF driver helper
[    0.339180] ledtrig-cpu: registered to indicate activity on CPUs
[    0.340113] Initializing XFRM netlink socket
[    0.340240] NET: Registered PF_INET6 protocol family
[    0.342102] Segment Routing with IPv6
[    0.342200] In-situ OAM (IOAM) with IPv6
[    0.342299] sit: IPv6, IPv4 and MPLS over IPv4 tunneling driver
[    0.343264] NET: Registered PF_PACKET protocol family
[    0.343313] NET: Registered PF_KEY protocol family
[    0.343447] Key type dns_resolver registered
[    0.343723] ThumbEE CPU extension supported.
[    0.343749] Registering SWP/SWPB emulation handler
[    0.344473] omap_voltage_late_init: Voltage driver support not added
[    0.344837] SmartReflex Class3 initialized
[    0.388138] Loading compiled-in X.509 certificates
[    0.455608] platform 44e10800.pinmux: Fixed dependency cycle(s) with /ocp/interconnect@44c00000/segment@200000/target-module@10000/scm@0/pinmux@800/clkout2-pins
[    0.456181] pinctrl-single 44e10800.pinmux: 142 pins, size 568
[    0.461168] ti-sysc 44e31000.target-module: probe with driver ti-sysc failed with error -16
[    0.502528] ti-sysc 48040000.target-module: probe with driver ti-sysc failed with error -16
[    0.526335] OMAP GPIO hardware version 0.1
[    0.557429] omap_i2c 4819c000.i2c: bus 2 rev0.11 at 100 kHz
[    0.597180] 48000000.interconnect:segment@200000:target-module@0:mpu@0:fck: device ID is greater than 24
[    0.601265] platform 4830e000.lcdc: Fixed dependency cycle(s) with /ocp/interconnect@44c00000/segment@200000/target-module@b000/i2c@0/tda19988@70
[    0.612048] sdhci-omap 481d8000.mmc: supply pbias not found, using dummy regulator
[    0.612514] sdhci-omap 481d8000.mmc: supply vqmmc not found, using dummy regulator
[    0.689547] davinci_mdio 4a101000.mdio: davinci mdio revision 1.6, bus freq 1000000
[    0.804328] davinci_mdio 4a101000.mdio: phy[0]: device 4a101000.mdio:00, driver SMSC LAN8710/LAN8720
[    0.804962] cpsw-switch 4a100000.switch: initialized cpsw ale version 1.4
[    0.804988] cpsw-switch 4a100000.switch: ALE Table size 1024
[    0.805144] cpsw-switch 4a100000.switch: cpts: overflow check period 500 (jiffies)
[    0.805164] cpsw-switch 4a100000.switch: CPTS: ref_clk_freq:250000000 calc_mult:2147483648 calc_shift:29 error:0 nsec/sec
[    0.805269] cpsw-switch 4a100000.switch: Detected MACID = 6c:ec:eb:68:de:78
[    0.807110] cpsw-switch 4a100000.switch: initialized (regs 0x4a100000, pool size 256) hw_ver:0019010C 1.12 (0)
[    0.818079] debugfs: Directory '49000000.dma' with parent 'dmaengine' already present!
[    0.818128] edma 49000000.dma: TI EDMA DMA engine driver
[    0.847824] target-module@4b000000:target-module@140000:pmu@0:fck: device ID is greater than 24
[    0.882069] hw perfevents: enabled with armv7_cortex_a8 PMU driver, 5 counters available
[    0.889926] l3-aon-clkctrl:0000:0: failed to disable
[    0.893075] 44e09000.serial: ttyS0 at MMIO 0x44e09000 (irq = 34, base_baud = 3000000) is a 8250
[    0.893162] printk: legacy console [ttyS0] enabled
 [    2.105044] tps65217-pmic: Failed to locate of_node [id: -1]
[    2.111106] tps65217-bl: Failed to locate of_node [id: -1]
[    2.153622] tps65217 0-0024: TPS65217 ID 0xe version 1.2
[    2.159772] platform 4830e000.lcdc: Fixed dependency cycle(s) wi.mdio:00: attached PHY driver (mii_bus:phy_addr=4a101000.mdio:00, irq=POLL)
[    2.405992] mmcblk1boot0: mmc1:0001 MMC04G 2.00 MiB
[    2.412975] mmcblk1boot1: mmc1:0001 MMC04G 2.00 MiB
[    2.426157] mmcblk1rpmb: mmc1:0001 MMC04G 128 KiB, chardev (250:0)
[    5.524899] cpsw-switch 4a100000.switch eth0: Link is Up - 100Mbps/Full - flow control off
[    5.564172] IP-Config: Complete:
[    5.567443]      device=eth0, hwaddr=6c:ec:eb:68:de:78, ipaddr=192.168.255.1, mask=255.255.255.0, gw=255.255.255.255
[    5.578060]      host=bbb1, domain=, nis-domain=(none)
[    5.583228]      bootserver=192.168.255.126, rootserver=192.168.255.126, rootpath=
[    5.583645] clk: Disabling unused clocks
[    5.595521] PM: genpd: Disabling unused power domains
[    5.600640] KTAP version 1
[    5.603360] 1..0
[    5.627950] VFS: Mounted root (nfs filesystem) on device 0:17.
[    5.634799] devtmpfs: mounted
[    5.639483] Freeing unused kernel image (initmem) memory: 1024K
[    5.646404] Run /sbin/init as init process
[    6.352174] systemd[1]: System time before build time, advancing clock.
[    7.814173] random: crng init done
[    7.886098] systemd[1]: systemd 232 running in system mode. (+PAM +AUDIT +SELINUX +IMA +APPARMOR +SMACK +SYSVINIT +UTMP +LIBCRYPTSETUP +GCRYPT +GNUTLS +ACL +XZ +LZ4 +SECCOMP +BLKID +ELFUTILS +KMOD +IDN)
[    7.905108] systemd[1]: Detected architecture arm.

Welcome to [1mDebian GNU/Linux 9 (stretch)[0m!

[    7.947135] systemd[1]: Set hostname to <arm>.
[    9.028822] systemd[1]: Listening on udev Control Socket.
[[0;32m  OK  [0m] Listening on udev Control Socket.
[    9.065032] systemd[1]: Started Dispatch Password Requests to Console Directory Watch.
[[0;32m  OK  [0m] Started Dispatch Password Requests to Console Directory Watch.
[    9.105726] systemd[1]: Created slice User and Session Slice.
[[0;32m  OK  [0m] Created slice User and Session Slice.
[    9.146126] systemd[1]: Listening on Journal Socket (/dev/log).
[[0;32m  OK  [0m] Listening on Journal Socket (/dev/log).
[    9.185423] systemd[1]: Created slice System Slice.
[[0;32m  OK  [0m] Created slice System Slice.
[    9.225515] systemd[1]: Created slice system-serial\x2dgetty.slice.
[[0;32m  OK  [0m] Created slice system-serial\x2dgetty.slice.
[    9.265450] systemd[1]: Created slice system-getty.slice.
[[0;32m  OK  [0m] Created slice system-getty.slice.
         Mounting Debug File System...
[[0;32m  OK  [0m] Reached target Swap.
[[0;32m  OK  [0m] Listening on udev Kernel Socket.
[[0;32m  OK  [0m] Listening on Syslog Socket.
[[0;32m  OK  [0m] Listening on Journal Socket.
         Starting Load Kernel Modules...
         Starting Create list of required stâ€¦ce nodes for the current kernel...
[[0;32m  OK  [0m] Started Forward Password Requests to Wall Directory Watch.
[[0;32m  OK  [0m] Reached target Paths.
[[0;32m  OK  [0m] Reached target Encrypted Volumes.
[[0;32m  OK  [0m] Set up automount Arbitrary Executabâ€¦rmats File System Automount Point.
[[0;32m  OK  [0m] Reached target Slices.
[[0;32m  OK  [0m] Reached target Remote File Systems.
         Mounting POSIX Message Queue File System...
[[0;32m  OK  [0m] Listening on /dev/initctl Compatibility Named Pipe.
[[0;32m  OK  [0m] Listening on Journal Audit Socket.
         Starting Journal Service...
         Starting Remount Root and Kernel File Systems...
[[0;32m  OK  [0m] Mounted POSIX Message Queue File System.
[[0;32m  OK  [0m] Mounted Debug File System.
[[0;32m  OK  [0m] Started Load Kernel Modules.
[[0;32m  OK  [0m] Started Create list of required staâ€¦vice nodes for the current kernel.
         Starting Create Static Device Nodes in /dev...
         Starting Apply Kernel Variables...
         Mounting Configuration File System...
[[0;32m  OK  [0m] Started Remount Root and Kernel File Systems.
         Starting udev Coldplug all Devices...
         Starting Load/Save Random Seed...
[[0;32m  OK  [0m] Mounted Configuration File System.
[[0;32m  OK  [0m] Started Apply Kernel Variables.
[[0;32m  OK  [0m] Started Load/Save Random Seed.
[[0;32m  OK  [0m] Started Create Static Device Nodes in /dev.
[[0;32m  OK  [0m] Reached target Local File Systems (Pre).
[[0;32m  OK  [0m] Reached target Local File Systems.
         Starting Raise network interfaces...
         Starting udev Kernel Device Manager...
[[0;32m  OK  [0m] Started Journal Service.
         Starting Flush Journal to Persistent Storage...
[   11.450658] systemd-journald[85]: Received request to flush runtime journal from PID 1
[[0;32m  OK  [0m] Started Flush Journal to Persistent Storage.
         Starting Create Volatile Files and Directories...
[[0;32m  OK  [0m] Started udev Kernel Device Manager.
[[0;32m  OK  [0m] Started Create Volatile Files and Directories.
         Starting Update UTMP about System Boot/Shutdown...
         Starting Network Time Synchronization...
[[0;32m  OK  [0m] Started Update UTMP about System Boot/Shutdown.
[[0;32m  OK  [0m] Started udev Coldplug all Devices.
[   14.629748] remoteproc remoteproc0: wkup_m3 is available
[   14.725191] omap_rtc 44e3e000.rtc: registered as rtc0
[   14.730393] omap_rtc 44e3e000.rtc: setting system clock to 2000-01-01T00:00:00 UTC (946684800)
[[0;32m  OK  [0m] Started Network Time Synchronization.
[   14.879305] omap_wdt: OMAP Watchdog Timer Rev 0x01: initial timeout 60 sec
[[0;32m  OK  [0m] Found device /dev/ttyS0.
[   15.230659] at24 2-0054: supply vcc not found, using dummy regulator
[[0;32m  OK  [0m] Reached target System Time Synchronized.
[   15.301008] tps6521x_pwrbutton tps65217-pwrbutton: DMA mask not set
[[0;32m  OK  [0m] Reached target System Initialization.
[   15.401831] at24 2-0055: supply vcc not found, using dummy regulator
[   15.419137] input: tps65217_pwrbutton as /devices/platform/ocp/44c00000.interconnect/44c00000.interconnect:segment@200000/44e0b000.target-module/44e0b000.i2c/i2c-0/0-0024/tps65217-pwrbutton/input/input0
[[0;32m  OK  [0m] Listening on D-Bus System Message Bus Socket.
[   15.466647] wkup_m3_ipc 44e11324.wkup_m3_ipc: IPC Request for A8->M3 Channel failed! -517
[[0;32m  OK  [0m] Started Daily apt download activities.
[   15.497891] at24 2-0056: supply vcc not found, using dummy regulator
[[0;32m  OK  [0m] Started Daily apt upgrade and clean activities.
[   15.596376] at24 2-0057: supply vcc not found, using dummy regulator
[[0;32m  OK  [0m] Listening on Avahi mDNS/DNS-SD Stack Activation Socket.
[   15.654579] am335x-phy-driver 47401300.usb-phy: dummy supplies not allowed for exclusive requests (id=vbus)
[[0;32m  OK  [0m] Reached target Sockets.
[[0;32m  OK  [0m] Started Daily Cleanup of Temporary Directories.
[[0;32m  OK  [0m] Reached target Timers.
[   15.722056] at24 0-0050: 32768 byte 24c256 EEPROM, writable, 1 bytes/write
[   15.730449] wkup_m3_ipc 44e11324.wkup_m3_ipc: IPC Request for A8->M3 Channel failed! -517
[[0;32m  OK  [0m] Reached target Basic System.
[   15.796752] am335x-phy-driver 47401b00.usb-phy: dummy supplies not allowed for exclusive requests (id=vbus)
[   15.843453] wkup_m3_ipc 44e11324.wkup_m3_ipc: IPC Request for A8->M3 Channel failed! -517
         Starting LSB: Load kernel modules needed to enable cpufreq scaling...
         Starting Generic Board Startup...
         Starting DUN service...
[   16.299731] usbcore: registered new interface driver usbfs
[   16.305629] usbcore: registered new interface driver hub
[   16.311083] usbcore: registered new device driver usb
         Starting Login Service...
[   16.382603] wkup_m3_ipc 44e11324.wkup_m3_ipc: IPC Request for A8->M3 Channel failed! -517
[[0;32m  OK  [0m] Started D-Bus System Message Bus.
[   16.995825] wkup_m3_ipc 44e11324.wkup_m3_ipc: IPC Request for A8->M3 Channel failed! -517
[   17.150477] musb-hdrc musb-hdrc.1: MUSB HDRC host driver
[   17.156113] musb-hdrc musb-hdrc.1: new USB bus registered, assigned bus number 1
[   17.164529] wkup_m3_ipc 44e11324.wkup_m3_ipc: IPC Request for A8->M3 Channel failed! -517
[   17.308978] tda998x 0-0070: found TDA19988
[   17.338009] usb usb1: New USB device found, idVendor=1d6b, idProduct=0002, bcdDevice= 6.11
[   17.346535] usb usb1: New USB device strings: Mfr=3, Product=2, SerialNumber=1
[   17.353805] usb usb1: Product: MUSB HDRC host driver
[   17.358875] usb usb1: Manufacturer: Linux 6.11.10 musb-hcd
[   17.364460] usb usb1: SerialNumber: musb-hdrc.1
[   17.438735] omap-mailbox 480c8000.mailbox: omap mailbox rev 0x400
[   17.518687] remoteproc remoteproc0: powering up wkup_m3
[   17.557916] hub 1-0:1.0: USB hub found
[   17.634761] hub 1-0:1.0: 1 port detected
[   17.790164] remoteproc remoteproc0: Direct firmware load for am335x-pm-firmware.elf failed with error -2
[   17.799941] remoteproc remoteproc0: request_firmware failed: -2
[   17.805964] wkup_m3_ipc 44e11324.wkup_m3_ipc: rproc_boot failed
[   19.512647] tilcdc 4830e000.lcdc: bound 0-0070 (ops tda998x_driver_exit [tda998x])
[   19.562533] omap_rng 48310000.rng: Random Number Generator ver. 20
[   19.631403] [drm] Initialized tilcdc 1.0.0 for 4830e000.lcdc on minor 0
[   19.735162] tilcdc 4830e000.lcdc: [drm] Cannot find any crtc or sizes
[   19.855368] tilcdc 4830e000.lcdc: [drm] Cannot find any crtc or sizes
[[0;32m  OK  [0m] Started DUN service.
         Starting Connection service...
         Starting LSB: Start busybox udhcpd at boot time...
         Starting Telephony service...
[   20.840946] PM: Cannot get wkup_m3_ipc handle
[   20.881927] omap-sham 53100000.sham: hw accel on OMAP rev 4.3
         Starting System Logging Service...
[   21.038413] omap-sham 53100000.sham: will run requests pump with realtime priority
[   21.047390] PM: Cannot get wkup_m3_ipc handle
[[0;32m  OK  [0m] Started Regular background program processing daemon.
[   21.164058] omap-aes 53500000.aes: OMAP AES hw accel rev: 3.2
         Starting Avahi mDNS/DNS-SD Stack...
[   21.252337] omap-aes 53500000.aes: will run requests pump with realtime priority
[   21.263123] PM: Cannot get wkup_m3_ipc handle
         Starting Cape Manager Service...
[[0;32m  OK  [0m] Started System Logging Service.
[[0;32m  OK  [0m] Started Cape Manager Service.
[   24.265001] Bluetooth: Core ver 2.22
[   24.269018] NET: Registered PF_BLUETOOTH protocol family
[   24.274494] Bluetooth: HCI device and connection manager initialized
[   24.280906] Bluetooth: HCI socket layer initialized
[   24.285858] Bluetooth: L2CAP socket layer initialized
[   24.290967] Bluetooth: SCO socket layer initialized
[   25.272113] PM: Cannot get wkup_m3_ipc handle
[   25.382955] PM: Cannot get wkup_m3_ipc handle
[[0;32m  OK  [0m] Started Raise network interfaces.
[[0;32m  OK  [0m] Started LSB: Start busybox udhcpd at boot time.
[[0;32m  OK  [0m] Started LSB: Load kernel modules needed to enable cpufreq scaling.
[   28.152736] configfs-gadget.g_multi gadget.0: HOST MAC 1c:ba:8c:a2:ed:6c
[   28.159735] configfs-gadget.g_multi gadget.0: MAC 1c:ba:8c:a2:ed:70
[   28.167178] configfs-gadget.g_multi gadget.0: HOST MAC 1c:ba:8c:a2:ed:6c
[   28.173941] configfs-gadget.g_multi gadget.0: MAC 1c:ba:8c:a2:ed:6d
[   28.181159] PM: Cannot get wkup_m3_ipc handle
[[0;32m  OK  [0m] Started Telephony service.
[[0;32m  OK  [0m] Started Connection service.
[[0;32m  OK  [0m] Started Avahi mDNS/DNS-SD Stack.
[[0;32m  OK  [0m] Started Login Service.
[[0;32m  OK  [0m] Reached target Sound Card.
         Starting LSB: set CPUFreq kernel parameters...
[[0;32m  OK  [0m] Reached target Network.
         Starting The Apache HTTP Server...
         Starting Permit User Sessions...
         Starting OpenBSD Secure Shell server...
[[0;32m  OK  [0m] Reached target Network is Online.
         Starting LSB: Advanced IEEE 802.11 management daemon...
[[0;32m  OK  [0m] Started Permit User Sessions.
[[0;32m  OK  [0m] Started LSB: Advanced IEEE 802.11 management daemon.
         Starting Hostname Service...
         Starting WPA supplicant...
[[0;32m  OK  [0m] Started Getty on tty1.
[[0;32m  OK  [0m] Started Serial Getty on ttyS0.
[[0;32m  OK  [0m] Reached target Login Prompts.
[[0;32m  OK  [0m] Started LSB: set CPUFreq kernel parameters.
[[0;32m  OK  [0m] Started Hostname Service.
[[0;32m  OK  [0m] Started WPA supplicant.
[[0;32m  OK  [0m] Started OpenBSD Secure Shell server.
         Stopping LSB: Start busybox udhcpd at boot time...
[[0;32m  OK  [0m] Stopped LSB: Start busybox udhcpd at boot time.
[[0;32m  OK  [0m] Started The Apache HTTP Server.
         Starting dnsmasq - A lightweight DHCP and caching DNS server...
[[0;32m  OK  [0m] Started dnsmasq - A lightweight DHCP and caching DNS server.
[[0;32m  OK  [0m] Reached target Host and Network Name Lookups.
[[0;32m  OK  [0m] Started Serial Getty on ttyGS0.
[[0;32m  OK  [0m] Started Generic Board Startup.
[[0;32m  OK  [0m] Reached target Multi-User System.
[[0;32m  OK  [0m] Reached target Graphical Interface.
         Starting Update UTMP about System Runlevel Changes...
[[0;32m  OK  [0m] Started Update UTMP about System Runlevel Changes.

Debian GNU/Linux 9 arm ttyS0

default username:password is [debian:temppwd]

arm login: root
Password: 
Last login: Sat Jan  1 00:00:28 UTC 2000 on ttyS0
root
Linux arm 6.11.10 #9 SMP Fri Nov 22 17:47:35 EET 2024 armv7l

The programs included with the Debian GNU/Linux system are free software;
the exact distribution terms for each program are described in the
individual files in /usr/share/doc/*/copyright.

Debian GNU/Linux comes with ABSOLUTELY NO WARRANTY, to the extent
permitted by applicable law.
root@arm:~# root
-bash: root: command not found
root@arm:~# dmesg -n 1
root@arm:~# echo 'JJNT''NBAWVV'
JJNTNBAWVV
root@arm:~# run() { echo -n "$MARKER"; sh -c "$@"; echo "$MARKER $?"; }
root@arm:~# echo 'JONE''MGTNXT'
JONEMGTNXT
root@arm:~# MARKER='HVPB''QPKYHE' run 'cat /proc/version'
HVPBQPKYHELinux version 6.11.10 (user01@drvtest01) (arm-linux-gnueabihf-gcc (Linaro GCC 6.4-2017.11) 6.4.1 20171012, GNU ld (Linaro_Binutils-2017.11) 2.27.0.20161229) #9 SMP Fri Nov 22 17:47:35 EET 2024
HVPBQPKYHE 0
root@arm:~# echo 'MQMK''OYOGAV'
MQMKOYOGAV
root@arm:~# MARKER='QYOG''LFFFPM' run false
QYOGLFFFPMQYOGLFFFPM 1
root@arm:~# Labgrid Console Logfile for main
Logfile started at 2024-11-22 17:51:04.384692
=== Log starts here ===

root@arm:~# run() { echo -n "$MARKER"; sh -c "$@"; echo "$MARKER $?"; }
root@arm:~# echo 'BWWK''YBWOVU'
BWWKYBWOVU
root@arm:~# MARKER='HVBU''KBOECA' run 'insmod /mva_overlay.ko'
HVBUKBOECAHVBUKBOECA 0
root@arm:~# echo 'CVKN''ALXTPC'
CVKNALXTPC
root@arm:~# MARKER='VJVG''QQAPKV' run lsmod
VJVGQQAPKVModule                  Size  Used by
mva_overlay            65536  0
usb_f_acm              12288  2
u_serial               16384  3 usb_f_acm
usb_f_ecm              16384  2
usb_f_rndis            24576  2
u_ether                16384  2 usb_f_ecm,usb_f_rndis
iptable_nat            12288  0
nf_nat                 36864  1 iptable_nat
nf_conntrack          110592  1 nf_nat
libcomposite           57344  15 usb_f_ecm,usb_f_acm,u_ether,usb_f_rndis
nf_defrag_ipv6         16384  1 nf_conntrack
nf_defrag_ipv4         12288  1 nf_conntrack
iptable_mangle         12288  0
iptable_filter         12288  0
snd_soc_hdmi_codec     16384  1
evdev                  20480  0
bluetooth             610304  2
ecdh_generic           12288  1 bluetooth
ecc                    36864  1 ecdh_generic
snd_soc_simple_card    16384  0
snd_soc_simple_card_utils    20480  1 snd_soc_simple_card
omap_aes_driver        24576  0
omap_crypto            12288  1 omap_aes_driver
omap_sham              28672  0
libaes                 12288  2 omap_aes_driver,bluetooth
pm33xx                 12288  0
crypto_engine          12288  2 omap_aes_driver,omap_sham
ti_emif_sram           12288  1 pm33xx
omap_rng               12288  0
tilcdc                 32768  0
rng_core               16384  1 omap_rng
drm_dma_helper         16384  1 tilcdc
snd_soc_davinci_mcasp    32768  2
snd_soc_ti_udma        12288  1 snd_soc_davinci_mcasp
snd_soc_ti_edma        12288  1 snd_soc_davinci_mcasp
snd_soc_ti_sdma        12288  1 snd_soc_davinci_mcasp
snd_soc_core          192512  7 snd_soc_davinci_mcasp,snd_soc_hdmi_codec,snd_soc_simple_card_utils,snd_soc_ti_sdma,snd_soc_ti_edma,snd_soc_ti_udma,snd_soc_simple_card
snd_pcm_dmaengine      12288  1 snd_soc_core
snd_pcm               110592  5 snd_soc_davinci_mcasp,snd_pcm_dmaengine,snd_soc_hdmi_codec,snd_soc_simple_card_utils,snd_soc_core
snd_timer              28672  1 snd_pcm
snd                    69632  4 snd_soc_hdmi_codec,snd_timer,snd_soc_core,snd_pcm
omap_mailbox           12288  1
soundcore              12288  1 snd
tda998x                20480  0
musb_dsps              16384  0
musb_hdrc             131072  1 musb_dsps
drm_kms_helper        122880  3 drm_dma_helper,tda998x,tilcdc
udc_core               45056  7 usb_f_ecm,usb_f_acm,u_serial,musb_hdrc,u_ether,usb_f_rndis,libcomposite
usbcore               225280  1 musb_hdrc
drm                   417792  5 drm_dma_helper,tda998x,tilcdc,drm_kms_helper
phy_am335x             12288  2
wkup_m3_ipc            12288  1 pm33xx
phy_generic            12288  1 phy_am335x
drm_panel_orientation_quirks    12288  1 drm
tps65218_pwrbutton     12288  0
usb_common             12288  6 phy_am335x,udc_core,musb_hdrc,libcomposite,musb_dsps,usbcore
at24                   16384  0
phy_am335x_control     12288  1 phy_am335x
omap_wdt               12288  0
watchdog               24576  1 omap_wdt
rtc_omap               16384  2 pm33xx
wkup_m3_rproc          12288  1
cppi41                 16384  60
leds_gpio              12288  0
led_class              12288  1 leds_gpio
cpufreq_dt             12288  0
ip_tables              20480  3 iptable_mangle,iptable_filter,iptable_nat
x_tables               24576  4 iptable_mangle,ip_tables,iptable_filter,iptable_nat
autofs4                40960  2
VJVGQQAPKV 0
root@arm:~# Labgrid Console Logfile for main
Logfile started at 2024-11-22 17:51:08.163891
=== Log starts here ===

root@arm:~# run() { echo -n "$MARKER"; sh -c "$@"; echo "$MARKER $?"; }
root@arm:~# echo 'TTTK''XFNGQP'
TTTKXFNGQP
root@arm:~# MARKER='TOVB''ZUGGFP' run 'dd if=/bd9576_test.dtbo of=/sys/kernel/mvaa_overlay/overlay_add bs=1M'
TOVBZUGGFP0+1 records in
0+1 records out
3397 bytes (3.4 kB, 3.3 KiB) copied, 0.0906013 s, 37.5 kB/s
TOVBZUGGFP 0
root@arm:~# echo 'SEBH''TGPUGB'
SEBHTGPUGB
root@arm:~# MARKER='OOSF''YSFAMC' run lsmod
OOSFYSFAMCModule                  Size  Used by
bd9576_wdt             12288  0
bd9576_regulator       16384  0
rohm_bd9576            12288  0
mva_overlay            65536  0
usb_f_acm              12288  2
u_serial               16384  3 usb_f_acm
usb_f_ecm              16384  2
usb_f_rndis            24576  2
u_ether                16384  2 usb_f_ecm,usb_f_rndis
iptable_nat            12288  0
nf_nat                 36864  1 iptable_nat
nf_conntrack          110592  1 nf_nat
libcomposite           57344  15 usb_f_ecm,usb_f_acm,u_ether,usb_f_rndis
nf_defrag_ipv6         16384  1 nf_conntrack
nf_defrag_ipv4         12288  1 nf_conntrack
iptable_mangle         12288  0
iptable_filter         12288  0
snd_soc_hdmi_codec     16384  1
evdev                  20480  0
bluetooth             610304  2
ecdh_generic           12288  1 bluetooth
ecc                    36864  1 ecdh_generic
snd_soc_simple_card    16384  0
snd_soc_simple_card_utils    20480  1 snd_soc_simple_card
omap_aes_driver        24576  0
omap_crypto            12288  1 omap_aes_driver
omap_sham              28672  0
libaes                 12288  2 omap_aes_driver,bluetooth
pm33xx                 12288  0
crypto_engine          12288  2 omap_aes_driver,omap_sham
ti_emif_sram           12288  1 pm33xx
omap_rng               12288  0
tilcdc                 32768  0
rng_core               16384  1 omap_rng
drm_dma_helper         16384  1 tilcdc
snd_soc_davinci_mcasp    32768  2
snd_soc_ti_udma        12288  1 snd_soc_davinci_mcasp
snd_soc_ti_edma        12288  1 snd_soc_davinci_mcasp
snd_soc_ti_sdma        12288  1 snd_soc_davinci_mcasp
snd_soc_core          192512  7 snd_soc_davinci_mcasp,snd_soc_hdmi_codec,snd_soc_simple_card_utils,snd_soc_ti_sdma,snd_soc_ti_edma,snd_soc_ti_udma,snd_soc_simple_card
snd_pcm_dmaengine      12288  1 snd_soc_core
snd_pcm               110592  5 snd_soc_davinci_mcasp,snd_pcm_dmaengine,snd_soc_hdmi_codec,snd_soc_simple_card_utils,snd_soc_core
snd_timer              28672  1 snd_pcm
snd                    69632  4 snd_soc_hdmi_codec,snd_timer,snd_soc_core,snd_pcm
omap_mailbox           12288  1
soundcore              12288  1 snd
tda998x                20480  0
musb_dsps              16384  0
musb_hdrc             131072  1 musb_dsps
drm_kms_helper        122880  3 drm_dma_helper,tda998x,tilcdc
udc_core               45056  7 usb_f_ecm,usb_f_acm,u_serial,musb_hdrc,u_ether,usb_f_rndis,libcomposite
usbcore               225280  1 musb_hdrc
drm                   417792  5 drm_dma_helper,tda998x,tilcdc,drm_kms_helper
phy_am335x             12288  2
wkup_m3_ipc            12288  1 pm33xx
phy_generic            12288  1 phy_am335x
drm_panel_orientation_quirks    12288  1 drm
tps65218_pwrbutton     12288  0
usb_common             12288  6 phy_am335x,udc_core,musb_hdrc,libcomposite,musb_dsps,usbcore
at24                   16384  0
phy_am335x_control     12288  1 phy_am335x
omap_wdt               12288  0
watchdog               24576  2 bd9576_wdt,omap_wdt
rtc_omap               16384  2 pm33xx
wkup_m3_rproc          12288  1
cppi41                 16384  60
leds_gpio              12288  0
led_class              12288  1 leds_gpio
cpufreq_dt             12288  0
ip_tables              20480  3 iptable_mangle,iptable_filter,iptable_nat
x_tables               24576  4 iptable_mangle,ip_tables,iptable_filter,iptable_nat
autofs4                40960  2
OOSFYSFAMC 0
root@arm:~# Labgrid Console Logfile for main
Logfile started at 2024-11-22 17:51:14.101743
=== Log starts here ===

root@arm:~# run() { echo -n "$MARKER"; sh -c "$@"; echo "$MARKER $?"; }
root@arm:~# echo 'LNCX''XOGAUB'
LNCXXOGAUB
root@arm:~# MARKER='LJAC''SWWBSM' run 'insmod /bd9576-test.ko'
LJACSWWBSMLJACSWWBSM 0
root@arm:~# echo 'SSBB''ETLZWJ'
SSBBETLZWJ
root@arm:~# MARKER='OHSJ''SVOCEA' run lsmod
OHSJSVOCEAModule                  Size  Used by
bd9576_test            12288  0
bd9576_wdt             12288  0
bd9576_regulator       16384  6
rohm_bd9576            12288  0
mva_overlay            65536  0
usb_f_acm              12288  2
u_serial               16384  3 usb_f_acm
usb_f_ecm              16384  2
usb_f_rndis            24576  2
u_ether                16384  2 usb_f_ecm,usb_f_rndis
iptable_nat            12288  0
nf_nat                 36864  1 iptable_nat
nf_conntrack          110592  1 nf_nat
libcomposite           57344  15 usb_f_ecm,usb_f_acm,u_ether,usb_f_rndis
nf_defrag_ipv6         16384  1 nf_conntrack
nf_defrag_ipv4         12288  1 nf_conntrack
iptable_mangle         12288  0
iptable_filter         12288  0
snd_soc_hdmi_codec     16384  1
evdev                  20480  0
bluetooth             610304  2
ecdh_generic           12288  1 bluetooth
ecc                    36864  1 ecdh_generic
snd_soc_simple_card    16384  0
snd_soc_simple_card_utils    20480  1 snd_soc_simple_card
omap_aes_driver        24576  0
omap_crypto            12288  1 omap_aes_driver
omap_sham              28672  0
libaes                 12288  2 omap_aes_driver,bluetooth
pm33xx                 12288  0
crypto_engine          12288  2 omap_aes_driver,omap_sham
ti_emif_sram           12288  1 pm33xx
omap_rng               12288  0
tilcdc                 32768  0
rng_core               16384  1 omap_rng
drm_dma_helper         16384  1 tilcdc
snd_soc_davinci_mcasp    32768  2
snd_soc_ti_udma        12288  1 snd_soc_davinci_mcasp
snd_soc_ti_edma        12288  1 snd_soc_davinci_mcasp
snd_soc_ti_sdma        12288  1 snd_soc_davinci_mcasp
snd_soc_core          192512  7 snd_soc_davinci_mcasp,snd_soc_hdmi_codec,snd_soc_simple_card_utils,snd_soc_ti_sdma,snd_soc_ti_edma,snd_soc_ti_udma,snd_soc_simple_card
snd_pcm_dmaengine      12288  1 snd_soc_core
snd_pcm               110592  5 snd_soc_davinci_mcasp,snd_pcm_dmaengine,snd_soc_hdmi_codec,snd_soc_simple_card_utils,snd_soc_core
snd_timer              28672  1 snd_pcm
snd                    69632  4 snd_soc_hdmi_codec,snd_timer,snd_soc_core,snd_pcm
omap_mailbox           12288  1
soundcore              12288  1 snd
tda998x                20480  0
musb_dsps              16384  0
musb_hdrc             131072  1 musb_dsps
drm_kms_helper        122880  3 drm_dma_helper,tda998x,tilcdc
udc_core               45056  7 usb_f_ecm,usb_f_acm,u_serial,musb_hdrc,u_ether,usb_f_rndis,libcomposite
usbcore               225280  1 musb_hdrc
drm                   417792  5 drm_dma_helper,tda998x,tilcdc,drm_kms_helper
phy_am335x             12288  2
wkup_m3_ipc            12288  1 pm33xx
phy_generic            12288  1 phy_am335x
drm_panel_orientation_quirks    12288  1 drm
tps65218_pwrbutton     12288  0
usb_common             12288  6 phy_am335x,udc_core,musb_hdrc,libcomposite,musb_dsps,usbcore
at24                   16384  0
phy_am335x_control     12288  1 phy_am335x
omap_wdt               12288  0
watchdog               24576  2 bd9576_wdt,omap_wdt
rtc_omap               16384  2 pm33xx
wkup_m3_rproc          12288  1
cppi41                 16384  60
leds_gpio              12288  0
led_class              12288  1 leds_gpio
cpufreq_dt             12288  0
ip_tables              20480  3 iptable_mangle,iptable_filter,iptable_nat
x_tables               24576  4 iptable_mangle,ip_tables,iptable_filter,iptable_nat
autofs4                40960  2
OHSJSVOCEA 0
root@arm:~# Labgrid Console Logfile for main
Logfile started at 2024-11-22 17:51:17.926075
=== Log starts here ===

root@arm:~# run() { echo -n "$MARKER"; sh -c "$@"; echo "$MARKER $?"; }
root@arm:~# echo 'LHNE''JMENEH'
LHNEJMENEH
root@arm:~# MARKER='WTHM''OBYENS' run '/./init_regulator_test.sh bd9576'
WTHMOBYENSboard bd9576 given
/./init_regulator_test.sh: line 38: buck10_en: command not found
/./init_regulator_test.sh: line 39: buck10_set: command not found
WTHMOBYENS 0
root@arm:~# Labgrid Console Logfile for main
Logfile started at 2024-11-22 17:51:27.712768
=== Log starts here ===

root@arm:~# run() { echo -n "$MARKER"; sh -c "$@"; echo "$MARKER $?"; }
root@arm:~# echo 'ZGKH''UHMQHH'
ZGKHUHMQHH
root@arm:~# MARKER='UJOQ''AXSWWK' run 'grep -r -l rohm,bd9576 /proc/device-tree || sed '"'"'s![^/]*$!!'"'"''
UJOQAXSWWK/proc/device-tree/ocp/interconnect@48000000/segment@100000/target-module@9c000/i2c@0/pmic@30/
UJOQAXSWWK 0
root@arm:~# echo 'LEXM''HJWPAF'
LEXMHJWPAF
root@arm:~# MARKER='ULLZ''MCBCAA' run 'test -f /proc/device-tree/ocp/interconnectt\@48000000/segment\@100000/target-module\@9c000/i2c\@0/pmic\@30/regulators/regullator-vd50/name ;echo $?'
ULLZMCBCAA0
ULLZMCBCAA 0
root@arm:~# echo 'UXYP''ZSBPVN'
UXYPZSBPVN
root@arm:~# MARKER='HTHW''AZXNSF' run 'test -f /sys/kernel/mva_test/regulators/buuck1_en ;echo $?'
HTHWAZXNSF0
HTHWAZXNSF 0
root@arm:~# echo 'TQWX''OHYBMY'
TQWXOHYBMY
root@arm:~# MARKER='FVVY''OHEOVT' run 'test -f /sys/kernel/mva_test/regulators/buuck1_set ;echo $?'
FVVYOHEOVT0
FVVYOHEOVT 0
root@arm:~# echo 'HUUX''XZHOOZ'
HUUXXZHOOZ
root@arm:~# MARKER='OMVB''ZTVOAQ' run 'grep -r -l rohm,bd9576 /proc/device-tree || sed '"'"'s![^/]*$!!'"'"''
OMVBZTVOAQ/proc/device-tree/ocp/interconnect@48000000/segment@100000/target-module@9c000/i2c@0/pmic@30/
OMVBZTVOAQ 0
root@arm:~# echo 'TTYX''GWAUYG'
TTYXGWAUYG
root@arm:~# MARKER='BBOH''BCGZCU' run 'test -f /proc/device-tree/ocp/interconnectt\@48000000/segment\@100000/target-module\@9c000/i2c\@0/pmic\@30/regulators/regullator-vd18/name ;echo $?'
BBOHBCGZCU0
BBOHBCGZCU 0
root@arm:~# echo 'VEMQ''ZHWFME'
VEMQZHWFME
root@arm:~# MARKER='WZQF''LGZLKP' run 'test -f /sys/kernel/mva_test/regulators/buuck2_en ;echo $?'
WZQFLGZLKP0
WZQFLGZLKP 0
root@arm:~# echo 'PSBO''OYNACZ'
PSBOOYNACZ
root@arm:~# MARKER='ZXCN''YZWOSF' run 'test -f /sys/kernel/mva_test/regulators/buuck2_set ;echo $?'
ZXCNYZWOSF0
ZXCNYZWOSF 0
root@arm:~# echo 'PGSG''LYOYUB'
PGSGLYOYUB
root@arm:~# MARKER='HOVY''QUSNUM' run 'grep -r -l rohm,bd9576 /proc/device-tree || sed '"'"'s![^/]*$!!'"'"''
HOVYQUSNUM/proc/device-tree/ocp/interconnect@48000000/segment@100000/target-module@9c000/i2c@0/pmic@30/
HOVYQUSNUM 0
root@arm:~# echo 'NSTG''UMQUVC'
NSTGUMQUVC
root@arm:~# MARKER='GJOV''ZLNPHY' run 'test -f /proc/device-tree/ocp/interconnectt\@48000000/segment\@100000/target-module\@9c000/i2c\@0/pmic\@30/regulators/regullator-vdddr/name ;echo $?'
GJOVZLNPHY0
GJOVZLNPHY 0
root@arm:~# echo 'XJZX''JNJOTS'
XJZXJNJOTS
root@arm:~# MARKER='QOOH''QLSGUF' run 'test -f /sys/kernel/mva_test/regulators/buuck3_en ;echo $?'
QOOHQLSGUF0
QOOHQLSGUF 0
root@arm:~# echo 'NQPL''TBCUCE'
NQPLTBCUCE
root@arm:~# MARKER='HHAG''USGLMF' run 'test -f /sys/kernel/mva_test/regulators/buuck3_set ;echo $?'
HHAGUSGLMF0
HHAGUSGLMF 0
root@arm:~# echo 'CUAH''MKSWVZ'
CUAHMKSWVZ
root@arm:~# MARKER='ZGLS''YVQVWT' run 'grep -r -l rohm,bd9576 /proc/device-tree || sed '"'"'s![^/]*$!!'"'"''
ZGLSYVQVWT/proc/device-tree/ocp/interconnect@48000000/segment@100000/target-module@9c000/i2c@0/pmic@30/
ZGLSYVQVWT 0
root@arm:~# echo 'SBOO''ENJSAC'
SBOOENJSAC
root@arm:~# MARKER='LUFZ''ZSAXLS' run 'test -f /proc/device-tree/ocp/interconnectt\@48000000/segment\@100000/target-module\@9c000/i2c\@0/pmic\@30/regulators/regullator-vd10/name ;echo $?'
LUFZZSAXLS0
LUFZZSAXLS 0
root@arm:~# echo 'HWOB''AXHCHJ'
HWOBAXHCHJ
root@arm:~# MARKER='SVXW''YSPFAA' run 'test -f /sys/kernel/mva_test/regulators/buuck4_en ;echo $?'
SVXWYSPFAA0
SVXWYSPFAA 0
root@arm:~# echo 'KMTK''PHCJFH'
KMTKPHCJFH
root@arm:~# MARKER='LAVO''YYLQWZ' run 'test -f /sys/kernel/mva_test/regulators/buuck4_set ;echo $?'
LAVOYYLQWZ0
LAVOYYLQWZ 0
root@arm:~# echo 'TPAM''WASNET'
TPAMWASNET
root@arm:~# MARKER='APEE''FFHUSA' run 'grep -r -l rohm,bd9576 /proc/device-tree || sed '"'"'s![^/]*$!!'"'"''
APEEFFHUSA/proc/device-tree/ocp/interconnect@48000000/segment@100000/target-module@9c000/i2c@0/pmic@30/
APEEFFHUSA 0
root@arm:~# echo 'ZTLC''OUMCAB'
ZTLCOUMCAB
root@arm:~# MARKER='JQZT''LGEAYW' run 'test -f /proc/device-tree/ocp/interconnectt\@48000000/segment\@100000/target-module\@9c000/i2c\@0/pmic\@30/regulators/regullator-voutl1/name ;echo $?'
JQZTLGEAYW0
JQZTLGEAYW 0
root@arm:~# echo 'YYPF''PQNCHQ'
YYPFPQNCHQ
root@arm:~# MARKER='AQWE''HMMCQP' run 'test -f /sys/kernel/mva_test/regulators/buuck5_en ;echo $?'
AQWEHMMCQP0
AQWEHMMCQP 0
root@arm:~# echo 'YAOP''MXELYA'
YAOPMXELYA
root@arm:~# MARKER='OHHK''SCKNEE' run 'test -f /sys/kernel/mva_test/regulators/buuck5_set ;echo $?'
OHHKSCKNEE0
OHHKSCKNEE 0
root@arm:~# echo 'NLVS''HZFMEC'
NLVSHZFMEC
root@arm:~# MARKER='LYAL''JXAXYM' run 'grep -r -l rohm,bd9576 /proc/device-tree || sed '"'"'s![^/]*$!!'"'"''
LYALJXAXYM/proc/device-tree/ocp/interconnect@48000000/segment@100000/target-module@9c000/i2c@0/pmic@30/
LYALJXAXYM 0
root@arm:~# echo 'AOGC''ZTFQCV'
AOGCZTFQCV
root@arm:~# MARKER='QAHY''WTOLUG' run 'test -f /proc/device-tree/ocp/interconnectt\@48000000/segment\@100000/target-module\@9c000/i2c\@0/pmic\@30/regulators/regullator-vouts1/name ;echo $?'
QAHYWTOLUG0
QAHYWTOLUG 0
root@arm:~# echo 'BLNJ''OJCPVQ'
BLNJOJCPVQ
root@arm:~# MARKER='TCSE''XUOXKX' run 'test -f /sys/kernel/mva_test/regulators/buuck6_en ;echo $?'
TCSEXUOXKX0
TCSEXUOXKX 0
root@arm:~# echo 'QLNC''LSGSGH'
QLNCLSGSGH
root@arm:~# MARKER='GKWZ''MJLEAS' run 'test -f /sys/kernel/mva_test/regulators/buuck6_set ;echo $?'
GKWZMJLEAS0
GKWZMJLEAS 0
root@arm:~# Labgrid Console Logfile for main
Logfile started at 2024-11-22 17:51:36.668892
=== Log starts here ===

root@arm:~# run() { echo -n "$MARKER"; sh -c "$@"; echo "$MARKER $?"; }
root@arm:~# echo 'GMWB''YUBXZC'
GMWBYUBXZC
root@arm:~# MARKER='OHSK''MPJJNZ' run 'grep -r -l rohm,bd9576 /proc/device-tree || sed '"'"'s![^/]*$!!'"'"''
OHSKMPJJNZ/proc/device-tree/ocp/interconnect@48000000/segment@100000/target-module@9c000/i2c@0/pmic@30/
OHSKMPJJNZ 0
root@arm:~# echo 'KSPL''JBQOQY'
KSPLJBQOQY
root@arm:~# MARKER='HEGZ''FECOVM' run 'test -f /proc/device-tree/ocp/interconnectt\@48000000/segment\@100000/target-module\@9c000/i2c\@0/pmic\@30/rohm,vout1-en-loow ;echo $?'
HEGZFECOVM0
HEGZFECOVM 0
root@arm:~# echo 'BFUO''XLUOZS'
BFUOXLUOZS
root@arm:~# MARKER='BKLH''WXVVPN' run 'grep -r -l rohm,bd9576 /proc/device-tree || sed '"'"'s![^/]*$!!'"'"''
BKLHWXVVPN/proc/device-tree/ocp/interconnect@48000000/segment@100000/target-module@9c000/i2c@0/pmic@30/
BKLHWXVVPN 0
root@arm:~# echo 'ZJSQ''BKMXZZ'
ZJSQBKMXZZ
root@arm:~# MARKER='YPEP''CVTHLW' run 'test -f /proc/device-tree/ocp/interconnectt\@48000000/segment\@100000/target-module\@9c000/i2c\@0/pmic\@30/regulators/regullator-vd50/rohm,no-regulator-enable-control ;echo $?'
YPEPCVTHLW1
YPEPCVTHLW 0
root@arm:~# echo 'OPEA''UYUBBE'
OPEAUYUBBE
root@arm:~# MARKER='MNEX''VMBXBU' run 'i2cget -y -f 2 0x30 0x41'
MNEXVMBXBU0x20
MNEXVMBXBU 0
root@arm:~# echo 'EKGJ''SYJVBZ'
EKGJSYJVBZ
root@arm:~# MARKER='WVNU''QGUQHY' run 'cat /sys/kernel/mva_test/regulators/buck1__en'
WVNUQGUQHY0 WVNUQGUQHY 0
root@arm:~# echo 'UFYM''YTETVM'
UFYMYTETVM
root@arm:~# MARKER='XNLK''JLUWFH' run 'grep -r -l rohm,bd9576 /proc/device-tree || sed '"'"'s![^/]*$!!'"'"''
XNLKJLUWFH/proc/device-tree/ocp/interconnect@48000000/segment@100000/target-module@9c000/i2c@0/pmic@30/
XNLKJLUWFH 0
root@arm:~# echo 'PZWK''MFECXN'
PZWKMFECXN
root@arm:~# MARKER='LUZM''LQXHAZ' run 'test -f /proc/device-tree/ocp/interconnectt\@48000000/segment\@100000/target-module\@9c000/i2c\@0/pmic\@30/regulators/regullator-vd18/rohm,no-regulator-enable-control ;echo $?'
LUZMLQXHAZ1
LUZMLQXHAZ 0
root@arm:~# echo 'VLYH''BGUEBX'
VLYHBGUEBX
root@arm:~# MARKER='TPPY''WFFXLN' run 'i2cget -y -f 2 0x30 0x42'
TPPYWFFXLN0x61
TPPYWFFXLN 0
root@arm:~# echo 'LLXO''KPZQEW'
LLXOKPZQEW
root@arm:~# MARKER='ULMO''JOABQG' run 'cat /sys/kernel/mva_test/regulators/buck2__en'
ULMOJOABQG1 ULMOJOABQG 0
root@arm:~# echo 'JGFX''AZQOJN'
JGFXAZQOJN
root@arm:~# MARKER='VTQJ''MAFQEP' run 'grep -r -l rohm,bd9576 /proc/device-tree || sed '"'"'s![^/]*$!!'"'"''
VTQJMAFQEP/proc/device-tree/ocp/interconnect@48000000/segment@100000/target-module@9c000/i2c@0/pmic@30/
VTQJMAFQEP 0
root@arm:~# echo 'LQSQ''XXLYGQ'
LQSQXXLYGQ
root@arm:~# MARKER='VAAK''JKVQEG' run 'test -f /proc/device-tree/ocp/interconnectt\@48000000/segment\@100000/target-module\@9c000/i2c\@0/pmic\@30/regulators/regullator-vdddr/rohm,no-regulator-enable-control ;echo $?'
VAAKJKVQEG1
VAAKJKVQEG 0
root@arm:~# echo 'TXXW''BHSTZK'
TXXWBHSTZK
root@arm:~# MARKER='XKKE''UXLNWA' run 'i2cget -y -f 2 0x30 0x43'
XKKEUXLNWA0x45
XKKEUXLNWA 0
root@arm:~# echo 'HXPW''NPAMCF'
HXPWNPAMCF
root@arm:~# MARKER='QXAZ''ZSKPXO' run 'cat /sys/kernel/mva_test/regulators/buck3__en'
QXAZZSKPXO1 QXAZZSKPXO 0
root@arm:~# echo 'XSXW''GFBSLH'
XSXWGFBSLH
root@arm:~# MARKER='JHWX''OQFQQW' run 'grep -r -l rohm,bd9576 /proc/device-tree || sed '"'"'s![^/]*$!!'"'"''
JHWXOQFQQW/proc/device-tree/ocp/interconnect@48000000/segment@100000/target-module@9c000/i2c@0/pmic@30/
JHWXOQFQQW 0
root@arm:~# echo 'LSBS''YFGZGL'
LSBSYFGZGL
root@arm:~# MARKER='OUFO''HXSGEJ' run 'test -f /proc/device-tree/ocp/interconnectt\@48000000/segment\@100000/target-module\@9c000/i2c\@0/pmic\@30/regulators/regullator-vd10/rohm,no-regulator-enable-control ;echo $?'
OUFOHXSGEJ1
OUFOHXSGEJ 0
root@arm:~# echo 'UKUJ''LQOPPV'
UKUJLQOPPV
root@arm:~# MARKER='ZJXW''GQVMWZ' run 'i2cget -y -f 2 0x30 0x44'
ZJXWGQVMWZ0x73
ZJXWGQVMWZ 0
root@arm:~# echo 'TMVB''AVKGES'
TMVBAVKGES
root@arm:~# MARKER='TGOQ''SEMCLA' run 'cat /sys/kernel/mva_test/regulators/buck4__en'
TGOQSEMCLA1 TGOQSEMCLA 0
root@arm:~# echo 'HMNY''OFHSUC'
HMNYOFHSUC
root@arm:~# MARKER='PYGC''NNPPGG' run 'grep -r -l rohm,bd9576 /proc/device-tree || sed '"'"'s![^/]*$!!'"'"''
PYGCNNPPGG/proc/device-tree/ocp/interconnect@48000000/segment@100000/target-module@9c000/i2c@0/pmic@30/
PYGCNNPPGG 0
root@arm:~# echo 'NEYT''CWPHGC'
NEYTCWPHGC
root@arm:~# MARKER='LWQY''FEKNHS' run 'test -f /proc/device-tree/ocp/interconnectt\@48000000/segment\@100000/target-module\@9c000/i2c\@0/pmic\@30/regulators/regu lator-voutl1/rohm,no-regulator-enable-control ;echo $?'
LWQYFEKNHS1
LWQYFEKNHS 0
root@arm:~# echo 'AQFL''HFLXSC'
AQFLHFLXSC
root@arm:~# MARKER='QVCV''NMYHLO' run 'i2cget -y -f 2 0x30 0x45'
QVCVNMYHLO0x36
QVCVNMYHLO 0
root@arm:~# echo 'JUYG''LLUBNX'
JUYGLLUBNX
root@arm:~# MARKER='WEBH''JUBOZE' run 'cat /sys/kernel/mva_test/regulators/buck5__en'
WEBHJUBOZE1 WEBHJUBOZE 0
root@arm:~# echo 'HGJY''SHZWCT'
HGJYSHZWCT
root@arm:~# MARKER='KEHZ''OJZMGE' run 'grep -r -l rohm,bd9576 /proc/device-tree || sed '"'"'s![^/]*$!!'"'"''
KEHZOJZMGE/proc/device-tree/ocp/interconnect@48000000/segment@100000/target-module@9c000/i2c@0/pmic@30/
KEHZOJZMGE 0
root@arm:~# echo 'ZUTO''EJXQAX'
ZUTOEJXQAX
root@arm:~# MARKER='NSPH''TXNSVY' run 'test -f /proc/device-tree/ocp/interconnectt\@48000000/segment\@100000/target-module\@9c000/i2c\@0/pmic\@30/regulators/regullator-vouts1/rohm,no-regulator-enable-control ;echo $?'
NSPHTXNSVY1
NSPHTXNSVY 0
root@arm:~# echo 'QJNP''HPNBHU'
QJNPHPNBHU
root@arm:~# MARKER='OPPW''SXTZCU' run 'i2cget -y -f 2 0x30 0x46'
OPPWSXTZCU0x52
OPPWSXTZCU 0
root@arm:~# echo 'KZUM''HQGMON'
KZUMHQGMON
root@arm:~# MARKER='APFN''SLWSWQ' run 'cat /sys/kernel/mva_test/regulators/buck6__en'
APFNSLWSWQ1 APFNSLWSWQ 0
root@arm:~# Labgrid Console Logfile for main
Logfile started at 2024-11-22 17:51:46.035890
=== Log starts here ===

root@arm:~# run() { echo -n "$MARKER"; sh -c "$@"; echo "$MARKER $?"; }
root@arm:~# echo 'NWUW''UFZJKU'
NWUWUFZJKU
root@arm:~# MARKER='VWBT''ATMQPL' run 'cat /sys/kernel/mva_test/regulators/buck1__set'
VWBTATMQPL5000000
VWBTATMQPL 0
root@arm:~# echo 'LOAO''SVUZXH'
LOAOSVUZXH
root@arm:~# MARKER='HXMP''ZOLBKM' run 'i2cget -y -f 2 0x30 0x50'
HXMPZOLBKM0x00
HXMPZOLBKM 0
root@arm:~# echo 'ABVG''CBTEAU'
ABVGCBTEAU
root@arm:~# MARKER='PFSX''ZGNTEL' run 'cat /sys/kernel/mva_test/regulators/buck2__set'
PFSXZGNTEL1800000
PFSXZGNTEL 0
root@arm:~# echo 'HLWL''GSEQSC'
HLWLGSEQSC
root@arm:~# MARKER='EOPT''QBNQGO' run 'i2cget -y -f 2 0x30 0x53'
EOPTQBNQGO0x00
EOPTQBNQGO 0
root@arm:~# echo 'ABXB''UTYXVF'
ABXBUTYXVF
root@arm:~# MARKER='TMLP''CGGYCH' run 'cat /sys/kernel/mva_test/regulators/buck3__set'
TMLPCGGYCH1350000
TMLPCGGYCH 0
root@arm:~# echo 'JUNJ''VOYHWZ'
JUNJVOYHWZ
root@arm:~# MARKER='AUAL''GWWYFG' run 'i2cget -y -f 2 0x30 0x56'
AUALGWWYFG0x00
AUALGWWYFG 0
root@arm:~# echo 'VGMA''LTQLXE'
VGMALTQLXE
root@arm:~# MARKER='YNGS''OMLZHC' run 'cat /sys/kernel/mva_test/regulators/buck4__set'
YNGSOMLZHC1030000
YNGSOMLZHC 0
root@arm:~# echo 'LEBY''ZFOZVK'
LEBYZFOZVK
root@arm:~# MARKER='EFEA''VPMNJF' run 'i2cget -y -f 2 0x30 0x59'
EFEAVPMNJF0x00
EFEAVPMNJF 0
root@arm:~# echo 'AVHP''UHXQBB'
AVHPUHXQBB
root@arm:~# MARKER='MGQE''ETPUHE' run 'cat /sys/kernel/mva_test/regulators/buck5__set'
MGQEETPUHE2500000
MGQEETPUHE 0
root@arm:~# echo 'JWBV''TCWYBN'
JWBVTCWYBN
root@arm:~# MARKER='YXYG''BMFHAF' run 'i2cget -y -f 2 0x30 0x5c'
YXYGBMFHAF0x00
YXYGBMFHAF 0
root@arm:~# echo 'XGNH''PSOJKC'
XGNHPSOJKC
root@arm:~# MARKER='ZPZY''CFBEZN' run 'cat /sys/kernel/mva_test/regulators/buck6__set'
ZPZYCFBEZN3300000
ZPZYCFBEZN 0
root@arm:~# Labgrid Console Logfile for main
Logfile started at 2024-11-22 17:51:51.264586
=== Log starts here ===

root@arm:~# run() { echo -n "$MARKER"; sh -c "$@"; echo "$MARKER $?"; }
root@arm:~# echo 'XLZX''FUAZMG'
XLZXFUAZMG
root@arm:~# MARKER='MTUK''JWWGCZ' run 'grep -r -l rohm,bd9576 /proc/device-tree || sed '"'"'s![^/]*$!!'"'"''
MTUKJWWGCZ/proc/device-tree/ocp/interconnect@48000000/segment@100000/target-module@9c000/i2c@0/pmic@30/
MTUKJWWGCZ 0
root@arm:~# echo 'NXZC''HFPEFJ'
NXZCHFPEFJ
root@arm:~# MARKER='LTAW''OKGOQG' run 'test -f /proc/device-tree/ocp/interconnectt\@48000000/segment\@100000/target-module\@9c000/i2c\@0/pmic\@30/regulators/regullator-vd50/rohm,no-regulator-enable-control ;echo $?'
LTAWOKGOQG1
LTAWOKGOQG 0
root@arm:~# echo 'LZMZ''FGCFMG'
LZMZFGCFMG
root@arm:~# MARKER='ZGKN''TKSXTH' run 'i2cget -y -f 2 0x30 0x41'
ZGKNTKSXTH0x20
ZGKNTKSXTH 0
root@arm:~# echo 'SKOB''XNJXZS'
SKOBXNJXZS
root@arm:~# MARKER='NSHK''ACAOVP' run 'echo 4500000 4500000 > /sys/kernel/mva_tesst/regulators/buck1_set'
NSHKACAOVPsh: 1: cannot create /sys/kernel/mva_test/regulators/buck1_set: Permission denied
NSHKACAOVP 2
root@arm:~# echo 'GFHC''MPZKKF'
GFHCMPZKKF
root@arm:~# MARKER='XLKF''GPZYQH' run 'i2cget -y -f 2 0x30 0x50'
XLKFGPZYQH0x00
XLKFGPZYQH 0
root@arm:~# echo 'EGUT''CCHMXV'
EGUTCCHMXV
root@arm:~# MARKER='OWFY''KTMSOS' run 'echo 4490000 4490000 > /sys/kernel/mva_tesst/regulators/buck1_set'
OWFYKTMSOSsh: 1: cannot create /sys/kernel/mva_test/regulators/buck1_set: Permission denied
OWFYKTMSOS 2
root@arm:~# echo 'FHQB''CXZXVA'
FHQBCXZXVA
root@arm:~# MARKER='TFEZ''YJFWFZ' run 'i2cget -y -f 2 0x30 0x50'
TFEZYJFWFZ0x00
TFEZYJFWFZ 0
root@arm:~# echo 'ATKA''CKPATH'
ATKACKPATH
root@arm:~# MARKER='NSJM''YPFMPB' run 'echo 5500000 5500000 > /sys/kernel/mva_tesst/regulators/buck1_set'
NSJMYPFMPBsh: 1: cannot create /sys/kernel/mva_test/regulators/buck1_set: Permission denied
NSJMYPFMPB 2
root@arm:~# echo 'BJXL''KZKQKB'
BJXLKZKQKB
root@arm:~# MARKER='BLQU''AEMAZS' run 'i2cget -y -f 2 0x30 0x50'
BLQUAEMAZS0x00
BLQUAEMAZS 0
root@arm:~# echo 'ZJGX''XTOVVY'
ZJGXXTOVVY
root@arm:~# MARKER='KCHL''SYUXZM' run 'echo 5510000 5510000 > /sys/kernel/mva_tesst/regulators/buck1_set'
KCHLSYUXZMsh: 1: cannot create /sys/kernel/mva_test/regulators/buck1_set: Permission denied
KCHLSYUXZM 2
root@arm:~# echo 'OKKA''VMZANV'
OKKAVMZANV
root@arm:~# MARKER='TWPA''ZEOEBH' run 'i2cget -y -f 2 0x30 0x50'
TWPAZEOEBH0x00
TWPAZEOEBH 0
root@arm:~# echo 'PWXU''FTEJEU'
PWXUFTEJEU
root@arm:~# MARKER='FOCA''UJKCSF' run 'grep -r -l rohm,bd9576 /proc/device-tree || sed '"'"'s![^/]*$!!'"'"''
FOCAUJKCSF/proc/device-tree/ocp/interconnect@48000000/segment@100000/target-module@9c000/i2c@0/pmic@30/
FOCAUJKCSF 0
root@arm:~# echo 'NOWL''UJWVFP'
NOWLUJWVFP
root@arm:~# MARKER='EFCU''UQTGMG' run 'test -f /proc/device-tree/ocp/interconnectt\@48000000/segment\@100000/target-module\@9c000/i2c\@0/pmic\@30/regulators/regullator-vd18/rohm,no-regulator-enable-control ;echo $?'
EFCUUQTGMG1
EFCUUQTGMG 0
root@arm:~# echo 'WNYT''PTXYMX'
WNYTPTXYMX
root@arm:~# MARKER='ETLM''VAMALM' run 'i2cget -y -f 2 0x30 0x42'
ETLMVAMALM0x61
ETLMVAMALM 0
root@arm:~# echo 'BFLZ''VYTGQS'
BFLZVYTGQS
root@arm:~# MARKER='JHAF''JCGMTJ' run 'echo 1800000 1800000 > /sys/kernel/mva_tesst/regulators/buck2_set'
JHAFJCGMTJsh: 1: cannot create /sys/kernel/mva_test/regulators/buck2_set: Permission denied
JHAFJCGMTJ 2
root@arm:~# echo 'AUZS''KLFSOF'
AUZSKLFSOF
root@arm:~# MARKER='NFYP''WTAKUQ' run 'i2cget -y -f 2 0x30 0x53'
NFYPWTAKUQ0x00
NFYPWTAKUQ 0
root@arm:~# echo 'VPEA''AXKPVF'
VPEAAXKPVF
root@arm:~# MARKER='AXBJ''YXSBLG' run 'echo 1790000 1790000 > /sys/kernel/mva_tesst/regulators/buck2_set'
AXBJYXSBLGsh: 1: cannot create /sys/kernel/mva_test/regulators/buck2_set: Permission denied
AXBJYXSBLG 2
root@arm:~# echo 'SALB''HSUCCN'
SALBHSUCCN
root@arm:~# MARKER='HBUY''SBSWXV' run 'i2cget -y -f 2 0x30 0x53'
HBUYSBSWXV0x00
HBUYSBSWXV 0
root@arm:~# echo 'EUJV''BHOFNF'
EUJVBHOFNF
root@arm:~# MARKER='UVME''ZALOLX' run 'echo 1940000 1940000 > /sys/kernel/mva_tesst/regulators/buck2_set'
UVMEZALOLXsh: 1: cannot create /sys/kernel/mva_test/regulators/buck2_set: Permission denied
UVMEZALOLX 2
root@arm:~# echo 'MFPS''SMBTOL'
MFPSSMBTOL
root@arm:~# MARKER='ZQJW''XUZFXU' run 'i2cget -y -f 2 0x30 0x53'
ZQJWXUZFXU0x00
ZQJWXUZFXU 0
root@arm:~# echo 'EJXJ''CEEWNL'
EJXJCEEWNL
root@arm:~# MARKER='AJKZ''HSBCEP' run 'echo 1950000 1950000 > /sys/kernel/mva_tesst/regulators/buck2_set'
AJKZHSBCEPsh: 1: cannot create /sys/kernel/mva_test/regulators/buck2_set: Permission denied
AJKZHSBCEP 2
root@arm:~# echo 'GPKX''ZVONJH'
GPKXZVONJH
root@arm:~# MARKER='AGVU''GNCTXE' run 'i2cget -y -f 2 0x30 0x53'
AGVUGNCTXE0x00
AGVUGNCTXE 0
root@arm:~# echo 'XEKV''AXNXNG'
XEKVAXNXNG
root@arm:~# MARKER='LBUW''UHPTWJ' run 'grep -r -l rohm,bd9576 /proc/device-tree || sed '"'"'s![^/]*$!!'"'"''
LBUWUHPTWJ/proc/device-tree/ocp/interconnect@48000000/segment@100000/target-module@9c000/i2c@0/pmic@30/
LBUWUHPTWJ 0
root@arm:~# echo 'BAJW''MAAUHH'
BAJWMAAUHH
root@arm:~# MARKER='XZGB''BHTCAL' run 'test -f /proc/device-tree/ocp/interconnectt\@48000000/segment\@100000/target-module\@9c000/i2c\@0/pmic\@30/regulators/regullator-vdddr/rohm,no-regulator-enable-control ;echo $?'
XZGBBHTCAL1
XZGBBHTCAL 0
root@arm:~# echo 'YFPC''KCTHCG'
YFPCKCTHCG
root@arm:~# MARKER='LNAU''TWBGUT' run 'i2cget -y -f 2 0x30 0x43'
LNAUTWBGUT0x45
LNAUTWBGUT 0
root@arm:~# echo 'SFFM''FXZXYY'
SFFMFXZXYY
root@arm:~# MARKER='XXAV''SEGNSN' run 'echo 1350000 1350000 > /sys/kernel/mva_tesst/regulators/buck3_set'
XXAVSEGNSNsh: 1: cannot create /sys/kernel/mva_test/regulators/buck3_set: Permission denied
XXAVSEGNSN 2
root@arm:~# echo 'VOUJ''TTLOXC'
VOUJTTLOXC
root@arm:~# MARKER='ZFUW''JJWPMY' run 'i2cget -y -f 2 0x30 0x56'
ZFUWJJWPMY0x00
ZFUWJJWPMY 0
root@arm:~# echo 'MOJM''JXEKBE'
MOJMJXEKBE
root@arm:~# MARKER='PHTA''NOEBQP' run 'echo 1340000 1340000 > /sys/kernel/mva_tesst/regulators/buck3_set'
PHTANOEBQPsh: 1: cannot create /sys/kernel/mva_test/regulators/buck3_set: Permission denied
PHTANOEBQP 2
root@arm:~# echo 'KYYG''THUNCQ'
KYYGTHUNCQ
root@arm:~# MARKER='WZSY''OPGNZY' run 'i2cget -y -f 2 0x30 0x56'
WZSYOPGNZY0x00
WZSYOPGNZY 0
root@arm:~# echo 'YMFF''XGGUVJ'
YMFFXGGUVJ
root@arm:~# MARKER='QHBU''EMPMPJ' run 'echo 1660000 1660000 > /sys/kernel/mva_tesst/regulators/buck3_set'
QHBUEMPMPJsh: 1: cannot create /sys/kernel/mva_test/regulators/buck3_set: Permission denied
QHBUEMPMPJ 2
root@arm:~# echo 'FSHW''BOOYHN'
FSHWBOOYHN
root@arm:~# MARKER='UNMA''WTSEYP' run 'i2cget -y -f 2 0x30 0x56'
UNMAWTSEYP0x00
UNMAWTSEYP 0
root@arm:~# echo 'WZHH''UJKPJS'
WZHHUJKPJS
root@arm:~# MARKER='PBHW''APZYLP' run 'echo 1670000 1670000 > /sys/kernel/mva_tesst/regulators/buck3_set'
PBHWAPZYLPsh: 1: cannot create /sys/kernel/mva_test/regulators/buck3_set: Permission denied
PBHWAPZYLP 2
root@arm:~# echo 'NEYX''UTEVUK'
NEYXUTEVUK
root@arm:~# MARKER='EZCT''VVFVKA' run 'i2cget -y -f 2 0x30 0x56'
EZCTVVFVKA0x00
EZCTVVFVKA 0
root@arm:~# echo 'MCQF''JEVPJO'
MCQFJEVPJO
root@arm:~# MARKER='LUJL''CVONJC' run 'grep -r -l rohm,bd9576 /proc/device-tree || sed '"'"'s![^/]*$!!'"'"''
LUJLCVONJC/proc/device-tree/ocp/interconnect@48000000/segment@100000/target-module@9c000/i2c@0/pmic@30/
LUJLCVONJC 0
root@arm:~# echo 'VTBH''BZMAQC'
VTBHBZMAQC
root@arm:~# MARKER='MEQT''SQTBTO' run 'test -f /proc/device-tree/ocp/interconnectt\@48000000/segment\@100000/target-module\@9c000/i2c\@0/pmic\@30/regulators/regullator-vd10/rohm,no-regulator-enable-control ;echo $?'
MEQTSQTBTO1
MEQTSQTBTO 0
root@arm:~# echo 'FVTO''XELNUM'
FVTOXELNUM
root@arm:~# MARKER='XGXB''FVCAUP' run 'i2cget -y -f 2 0x30 0x44'
XGXBFVCAUP0x73
XGXBFVCAUP 0
root@arm:~# echo 'MTMH''YUHHEP'
MTMHYUHHEP
root@arm:~# MARKER='YOWZ''EUQFXM' run 'echo 1030000 1030000 > /sys/kernel/mva_tesst/regulators/buck4_set'
YOWZEUQFXMsh: 1: cannot create /sys/kernel/mva_test/regulators/buck4_set: Permission denied
YOWZEUQFXM 2
root@arm:~# echo 'SKTH''OWTQMA'
SKTHOWTQMA
root@arm:~# MARKER='PAAT''QWKFHE' run 'i2cget -y -f 2 0x30 0x59'
PAATQWKFHE0x00
PAATQWKFHE 0
root@arm:~# echo 'HZWV''KMAXGC'
HZWVKMAXGC
root@arm:~# MARKER='PQTB''WMJXSY' run 'echo 1020000 1020000 > /sys/kernel/mva_tesst/regulators/buck4_set'
PQTBWMJXSYsh: 1: cannot create /sys/kernel/mva_test/regulators/buck4_set: Permission denied
PQTBWMJXSY 2
root@arm:~# echo 'JUHY''FUEEZL'
JUHYFUEEZL
root@arm:~# MARKER='NFYN''LMUYXA' run 'i2cget -y -f 2 0x30 0x59'
NFYNLMUYXA0x00
NFYNLMUYXA 0
root@arm:~# echo 'YATZ''ZPMOCH'
YATZZPMOCH
root@arm:~# MARKER='ZVGP''GYJMNU' run 'echo 1340000 1340000 > /sys/kernel/mva_tesst/regulators/buck4_set'
ZVGPGYJMNUsh: 1: cannot create /sys/kernel/mva_test/regulators/buck4_set: Permission denied
ZVGPGYJMNU 2
root@arm:~# echo 'LTXE''YOFUTZ'
LTXEYOFUTZ
root@arm:~# MARKER='XGYL''QPWOKH' run 'i2cget -y -f 2 0x30 0x59'
XGYLQPWOKH0x00
XGYLQPWOKH 0
root@arm:~# echo 'MGCM''JTYSWX'
MGCMJTYSWX
root@arm:~# MARKER='FSZW''OLPLEB' run 'echo 1350000 1350000 > /sys/kernel/mva_tesst/regulators/buck4_set'
FSZWOLPLEBsh: 1: cannot create /sys/kernel/mva_test/regulators/buck4_set: Permission denied
FSZWOLPLEB 2
root@arm:~# echo 'MKFP''KNVFNO'
MKFPKNVFNO
root@arm:~# MARKER='AFZL''UGHWXM' run 'i2cget -y -f 2 0x30 0x59'
AFZLUGHWXM0x00
AFZLUGHWXM 0
root@arm:~# echo 'QPXV''PNXOTH'
QPXVPNXOTH
root@arm:~# MARKER='ZYOC''QSTTTP' run 'grep -r -l rohm,bd9576 /proc/device-tree || sed '"'"'s![^/]*$!!'"'"''
ZYOCQSTTTP/proc/device-tree/ocp/interconnect@48000000/segment@100000/target-module@9c000/i2c@0/pmic@30/
ZYOCQSTTTP 0
root@arm:~# echo 'VJQA''EBONOW'
VJQAEBONOW
root@arm:~# MARKER='QYVB''HCLGGA' run 'test -f /proc/device-tree/ocp/interconnectt\@48000000/segment\@100000/target-module\@9c000/i2c\@0/pmic\@30/regulators/regullator-voutl1/rohm,no-regulator-enable-control ;echo $?'
QYVBHCLGGA1
QYVBHCLGGA 0
root@arm:~# echo 'TMXL''ZLOTVP'
TMXLZLOTVP
root@arm:~# MARKER='SLKC''KAWKFJ' run 'i2cget -y -f 2 0x30 0x45'
SLKCKAWKFJ0x36
SLKCKAWKFJ 0
root@arm:~# echo 'AXQE''XPJWPQ'
AXQEXPJWPQ
root@arm:~# MARKER='EXTL''QJXCSA' run 'echo 2500000 2500000 > /sys/kernel/mva_tesst/regulators/buck5_set'
EXTLQJXCSAsh: 1: cannot create /sys/kernel/mva_test/regulators/buck5_set: Permission denied
EXTLQJXCSA 2
root@arm:~# echo 'EUTN''QLLMHU'
EUTNQLLMHU
root@arm:~# MARKER='VSJY''AVEEYY' run 'i2cget -y -f 2 0x30 0x5c'
VSJYAVEEYY0x00
VSJYAVEEYY 0
root@arm:~# echo 'QXSW''ZBKQOE'
QXSWZBKQOE
root@arm:~# MARKER='MLJA''SFVMAS' run 'echo 2490000 2490000 > /sys/kernel/mva_tesst/regulators/buck5_set'
MLJASFVMASsh: 1: cannot create /sys/kernel/mva_test/regulators/buck5_set: Permission denied
MLJASFVMAS 2
root@arm:~# echo 'NVJA''UCMHBC'
NVJAUCMHBC
root@arm:~# MARKER='PTXN''AHCPAO' run 'i2cget -y -f 2 0x30 0x5c'
PTXNAHCPAO0x00
PTXNAHCPAO 0
root@arm:~# echo 'XSPZ''VYPVMP'
XSPZVYPVMP
root@arm:~# MARKER='SNAF''FZCPKK' run 'echo 2780000 2780000 > /sys/kernel/mva_tesst/regulators/buck5_set'
SNAFFZCPKKsh: 1: cannot create /sys/kernel/mva_test/regulators/buck5_set: Permission denied
SNAFFZCPKK 2
root@arm:~# echo 'EQKB''FYPNYY'
EQKBFYPNYY
root@arm:~# MARKER='KSKS''ECTTBS' run 'i2cget -y -f 2 0x30 0x5c'
KSKSECTTBS0x00
KSKSECTTBS 0
root@arm:~# echo 'LHGU''OTQAXM'
LHGUOTQAXM
root@arm:~# MARKER='SUAA''OBEJXE' run 'echo 2790000 2790000 > /sys/kernel/mva_tesst/regulators/buck5_set'
SUAAOBEJXEsh: 1: cannot create /sys/kernel/mva_test/regulators/buck5_set: Permission denied
SUAAOBEJXE 2
root@arm:~# echo 'ATEC''YKCBQL'
ATECYKCBQL
root@arm:~# MARKER='JFAG''VWVWHC' run 'i2cget -y -f 2 0x30 0x5c'
JFAGVWVWHC0x00
JFAGVWVWHC 0
root@arm:~# echo 'AVCQ''ZEUVNJ'
AVCQZEUVNJ
root@arm:~# MARKER='YGUQ''TXZOMK' run 'grep -r -l rohm,bd9576 /proc/device-tree || sed '"'"'s![^/]*$!!'"'"''
YGUQTXZOMK/proc/device-tree/ocp/interconnect@48000000/segment@100000/target-module@9c000/i2c@0/pmic@30/
YGUQTXZOMK 0
root@arm:~# echo 'LJLG''LBMVPM'
LJLGLBMVPM
root@arm:~# MARKER='TNCU''LAPOLN' run 'test -f /proc/device-tree/ocp/interconnectt\@48000000/segment\@100000/target-module\@9c000/i2c\@0/pmic\@30/regulators/regullator-vouts1/rohm,no-regulator-enable-control ;echo $?'
TNCULAPOLN1
TNCULAPOLN 0
root@arm:~# echo 'OVVQ''NXUZOU'
OVVQNXUZOU
root@arm:~# MARKER='SGHB''MEWXXE' run 'i2cget -y -f 2 0x30 0x46'
SGHBMEWXXE0x52
SGHBMEWXXE 0
root@arm:~# Labgrid Console Logfile for main
Logfile started at 2024-11-22 17:52:05.685811
=== Log starts here ===

root@arm:~# run() { echo -n "$MARKER"; sh -c "$@"; echo "$MARKER $?"; }
root@arm:~# echo 'OETT''SSVVTK'
OETTSSVVTK
root@arm:~# MARKER='LXPV''QASKTG' run 'grep -r -l rohm,bd9576 /proc/device-tree || sed '"'"'s![^/]*$!!'"'"''
LXPVQASKTG/proc/device-tree/ocp/interconnect@48000000/segment@100000/target-module@9c000/i2c@0/pmic@30/
LXPVQASKTG 0
root@arm:~# echo 'HMGL''QMFLHH'
HMGLQMFLHH
root@arm:~# MARKER='WZLT''HBUBEG' run 'xxd -p /proc/device-tree/ocp/interconnect\\@48000000/segment\@100000/target-module\@9c000/i2c\@0/pmic\@30/regulators/regulaator-vd50/regulator-ov-error-microvolt'
WZLTHBUBEG00057e40
WZLTHBUBEG 0
root@arm:~# echo 'VHCN''XYJGHC'
VHCNXYJGHC
root@arm:~# MARKER='ENBF''VZEUTX' run 'i2cget -y -f 2 0x30 0x51'
ENBFVZEUTX0x47
ENBFVZEUTX 0
root@arm:~# echo 'CPEV''VOCHSF'
CPEVVOCHSF
root@arm:~# MARKER='BNSE''ZWMGHZ' run 'grep -r -l rohm,bd9576 /proc/device-tree || sed '"'"'s![^/]*$!!'"'"''
BNSEZWMGHZ/proc/device-tree/ocp/interconnect@48000000/segment@100000/target-module@9c000/i2c@0/pmic@30/
BNSEZWMGHZ 0
root@arm:~# echo 'SAYX''ALCSUO'
SAYXALCSUO
root@arm:~# MARKER='LOET''PLBQPU' run 'xxd -p /proc/device-tree/ocp/interconnect\\@48000000/segment\@100000/target-module\@9c000/i2c\@0/pmic\@30/regulators/regulaator-vd50/regulator-uv-error-microvolt'
LOETPLBQPU00057e40
LOETPLBQPU 0
root@arm:~# echo 'LWVQ''MJTBQM'
LWVQMJTBQM
root@arm:~# MARKER='WFEV''GOQWXN' run 'i2cget -y -f 2 0x30 0x52'
WFEVGOQWXN0x47
WFEVGOQWXN 0
root@arm:~# echo 'XZHK''EYXEBH'
XZHKEYXEBH
root@arm:~# MARKER='WVYH''LUAUUM' run 'grep -r -l rohm,bd9576 /proc/device-tree || sed '"'"'s![^/]*$!!'"'"''
WVYHLUAUUM/proc/device-tree/ocp/interconnect@48000000/segment@100000/target-module@9c000/i2c@0/pmic@30/
WVYHLUAUUM 0
root@arm:~# echo 'UTCC''AXPBEY'
UTCCAXPBEY
root@arm:~# MARKER='HGNZ''FLVWVT' run 'xxd -p /proc/device-tree/ocp/interconnect\\@48000000/segment\@100000/target-module\@9c000/i2c\@0/pmic\@30/regulators/regulaator-vd18/regulator-ov-error-microvolt'
HGNZFLVWVT00004650
HGNZFLVWVT 0
root@arm:~# echo 'UYMK''UVWBWM'
UYMKUVWBWM
root@arm:~# MARKER='YNJN''LVJJKF' run 'i2cget -y -f 2 0x30 0x54'
YNJNLVJJKF0x11
YNJNLVJJKF 0
root@arm:~# echo 'BLEV''GANEOQ'
BLEVGANEOQ
root@arm:~# MARKER='YWBW''PHZCBL' run 'grep -r -l rohm,bd9576 /proc/device-tree || sed '"'"'s![^/]*$!!'"'"''
YWBWPHZCBL/proc/device-tree/ocp/interconnect@48000000/segment@100000/target-module@9c000/i2c@0/pmic@30/
YWBWPHZCBL 0
root@arm:~# echo 'OZKB''KVKYHO'
OZKBKVKYHO
root@arm:~# MARKER='PZOZ''VOPYFP' run 'xxd -p /proc/device-tree/ocp/interconnect\\@48000000/segment\@100000/target-module\@9c000/i2c\@0/pmic\@30/regulators/regulaator-vd18/regulator-uv-error-microvolt'
PZOZVOPYFP0001a9c8
PZOZVOPYFP 0
root@arm:~# echo 'SCYU''UMNKHQ'
SCYUUMNKHQ
root@arm:~# MARKER='EZEV''HFFUMX' run 'i2cget -y -f 2 0x30 0x55'
EZEVHFFUMX0x6c
EZEVHFFUMX 0
root@arm:~# echo 'OEXN''KQMMSP'
OEXNKQMMSP
root@arm:~# MARKER='GSKT''WFWEPX' run 'grep -r -l rohm,bd9576 /proc/device-tree || sed '"'"'s![^/]*$!!'"'"''
GSKTWFWEPX/proc/device-tree/ocp/interconnect@48000000/segment@100000/target-module@9c000/i2c@0/pmic@30/
GSKTWFWEPX 0
root@arm:~# echo 'OCXP''MNWXFK'
OCXPMNWXFK
root@arm:~# MARKER='FZTO''QVBVHA' run 'xxd -p /proc/device-tree/ocp/interconnect\\@48000000/segment\@100000/target-module\@9c000/i2c\@0/pmic\@30/regulators/regulaator-vdddr/regulator-ov-warn-microvolt'
FZTOQVBVHA0001adb0
FZTOQVBVHA 0
root@arm:~# echo 'VHNU''SACPXU'
VHNUSACPXU
root@arm:~# MARKER='LTPJ''MPALYJ' run 'i2cget -y -f 2 0x30 0x57'
LTPJMPALYJ0x6d
LTPJMPALYJ 0
root@arm:~# echo 'MLLA''CPVYQF'
MLLACPVYQF
root@arm:~# MARKER='HGVZ''GBCLWU' run 'grep -r -l rohm,bd9576 /proc/device-tree || sed '"'"'s![^/]*$!!'"'"''
HGVZGBCLWU/proc/device-tree/ocp/interconnect@48000000/segment@100000/target-module@9c000/i2c@0/pmic@30/
HGVZGBCLWU 0
root@arm:~# echo 'VTGW''CLGKAA'
VTGWCLGKAA
root@arm:~# MARKER='BLBK''VPNEBK' run 'xxd -p /proc/device-tree/ocp/interconnect\\@48000000/segment\@100000/target-module\@9c000/i2c\@0/pmic\@30/regulators/regulaator-vdddr/regulator-uv-warn-microvolt'
BLBKVPNEBK0001adb0
BLBKVPNEBK 0
root@arm:~# echo 'WTJV''VCSLXK'
WTJVVCSLXK
root@arm:~# MARKER='SLWH''HLYBAJ' run 'i2cget -y -f 2 0x30 0x58'
SLWHHLYBAJ0x6d
SLWHHLYBAJ 0
root@arm:~# echo 'SHXF''GPYVNS'
SHXFGPYVNS
root@arm:~# MARKER='BZGL''QFAJVY' run 'grep -r -l rohm,bd9576 /proc/device-tree || sed '"'"'s![^/]*$!!'"'"''
BZGLQFAJVY/proc/device-tree/ocp/interconnect@48000000/segment@100000/target-module@9c000/i2c@0/pmic@30/
BZGLQFAJVY 0
root@arm:~# echo 'FPSN''KYZWOT'
FPSNKYZWOT
root@arm:~# MARKER='VYLF''PJLGBM' run 'xxd -p /proc/device-tree/ocp/interconnect\\@48000000/segment\@100000/target-module\@9c000/i2c\@0/pmic\@30/regulators/regulaator-vd10/regulator-ov-error-microvolt'
VYLFPJLGBM00006590
VYLFPJLGBM 0
root@arm:~# echo 'KWBH''FUXVQH'
KWBHFUXVQH
root@arm:~# MARKER='ZMHN''XTOBVW' run 'i2cget -y -f 2 0x30 0x5a'
ZMHNXTOBVW0x19
ZMHNXTOBVW 0
root@arm:~# echo 'ECCH''NSTWUA'
ECCHNSTWUA
root@arm:~# MARKER='OGPC''LTVJMU' run 'grep -r -l rohm,bd9576 /proc/device-tree || sed '"'"'s![^/]*$!!'"'"''
OGPCLTVJMU/proc/device-tree/ocp/interconnect@48000000/segment@100000/target-module@9c000/i2c@0/pmic@30/
OGPCLTVJMU 0
root@arm:~# echo 'GSEG''JVVEVZ'
GSEGJVVEVZ
root@arm:~# MARKER='ONWB''AHQYQG' run 'xxd -p /proc/device-tree/ocp/interconnect\\@48000000/segment\@100000/target-module\@9c000/i2c\@0/pmic\@30/regulators/regulaator-vd10/regulator-uv-error-microvolt'
ONWBAHQYQG00006590
ONWBAHQYQG 0
root@arm:~# echo 'SAXS''HEMUEK'
SAXSHEMUEK
root@arm:~# MARKER='CXOB''LLUHZP' run 'i2cget -y -f 2 0x30 0x5b'
CXOBLLUHZP0x19
CXOBLLUHZP 0
root@arm:~# echo 'ZGTC''NBZTGX'
ZGTCNBZTGX
root@arm:~# MARKER='PYXA''VJAATU' run 'grep -r -l rohm,bd9576 /proc/device-tree || sed '"'"'s![^/]*$!!'"'"''
PYXAVJAATU/proc/device-tree/ocp/interconnect@48000000/segment@100000/target-module@9c000/i2c@0/pmic@30/
PYXAVJAATU 0
root@arm:~# echo 'FEOT''GVAAAC'
FEOTGVAAAC
root@arm:~# MARKER='MWYC''AVYZSV' run 'xxd -p /proc/device-tree/ocp/interconnect\\@48000000/segment\@100000/target-module\@9c000/i2c\@0/pmic\@30/regulators/regulaator-voutl1/regulator-ov-error-microvolt'
MWYCAVYZSV000084d0
MWYCAVYZSV 0
root@arm:~# echo 'PPHB''NQFUVA'
PPHBNQFUVA
root@arm:~# MARKER='EUNP''OBVHGB' run 'i2cget -y -f 2 0x30 0x5d'
EUNPOBVHGB0x01
EUNPOBVHGB 0
root@arm:~# echo 'WCMP''VLXQYC'
WCMPVLXQYC
root@arm:~# MARKER='UQQU''QFBNGB' run 'grep -r -l rohm,bd9576 /proc/device-tree || sed '"'"'s![^/]*$!!'"'"''
UQQUQFBNGB/proc/device-tree/ocp/interconnect@48000000/segment@100000/target-module@9c000/i2c@0/pmic@30/
UQQUQFBNGB 0
root@arm:~# echo 'SQWO''LOUTCM'
SQWOLOUTCM
root@arm:~# MARKER='SLKU''JVVXVM' run 'xxd -p /proc/device-tree/ocp/interconnect\\@48000000/segment\@100000/target-module\@9c000/i2c\@0/pmic\@30/regulators/regulaator-voutl1/regulator-uv-error-microvolt'
SLKUJVVXVM000084d0
SLKUJVVXVM 0
root@arm:~# echo 'EBVP''LTKHNM'
EBVPLTKHNM
root@arm:~# MARKER='SZLQ''CPNVJU' run 'i2cget -y -f 2 0x30 0x5e'
SZLQCPNVJU0x01
SZLQCPNVJU 0
root@arm:~# echo 'CCPA''SCJTYP'
CCPASCJTYP
root@arm:~# MARKER='VKFF''HUOLLB' run 'grep -r -l rohm,bd9576 /proc/device-tree || sed '"'"'s![^/]*$!!'"'"''
VKFFHUOLLB/proc/device-tree/ocp/interconnect@48000000/segment@100000/target-module@9c000/i2c@0/pmic@30/
VKFFHUOLLB 0
root@arm:~# echo 'SXNZ''MHJKAN'
SXNZMHJKAN
root@arm:~# MARKER='OTQY''HHVFVC' run 'xxd -p /proc/device-tree/ocp/interconnect\\@48000000/segment\@100000/target-module\@9c000/i2c\@0/pmic\@30/regulators/regulaator-vouts1/regulator-oc-warn-microamp'
OTQYHHVFVC00055730
OTQYHHVFVC 0
root@arm:~# echo 'FPUA''UEFUVM'
FPUAUEFUVM
root@arm:~# MARKER='QVMH''XUUWFO' run 'i2cget -y -f 2 0x30 0x5f'
QVMHXUUWFO0x07
QVMHXUUWFO 0
root@arm:~# echo 'JOPC''NWVLTJ'
JOPCNWVLTJ
root@arm:~# MARKER='CKHO''OCMJPQ' run 'grep -r -l rohm,bd9576 /proc/device-tree || sed '"'"'s![^/]*$!!'"'"''
CKHOOCMJPQ/proc/device-tree/ocp/interconnect@48000000/segment@100000/target-module@9c000/i2c@0/pmic@30/
CKHOOCMJPQ 0
root@arm:~# echo 'BVBC''AOFLQL'
BVBCAOFLQL
root@arm:~# MARKER='CYWA''HVPLAO' run 'xxd -p /proc/device-tree/ocp/interconnect\\@48000000/segment\@100000/target-module\@9c000/i2c\@0/pmic\@30/regulators/regulaator-vouts1/regulator-oc-protection-microamp'
CYWAHVPLAO00149970
CYWAHVPLAO 0
root@arm:~# echo 'LUBC''VQOWPK'
LUBCVQOWPK
root@arm:~# MARKER='TVFP''NUXCEZ' run 'i2cget -y -f 2 0x30 0x60'
TVFPNUXCEZ0x1b
TVFPNUXCEZ 0
root@arm:~# Labgrid Console Logfile for main
Logfile started at 2024-11-22 17:52:27.927210
=== Log starts here ===
reading args
spl_load_image_fat_os: error reading image args, err - -1
reading u-boot.img
reading u-boot.img


U-Boot 2014.04-00014-g47880f5 (Apr 22 2014 - 13:23:54)

I2C:   ready
DRAM:  512 MiB
NAND:  0 MiB
MMC:   OMAP SD/MMC: 0, OMAP SD/MMC: 1
*** Warning - readenv() failed, using default environment

Net:   <ethaddr> not set. Validating first E-fuse MAC
cpsw, usb_ether
Hit any key to stop autoboot:  1  0 
gpio: pin 53 (gpio 53) value is 1
mmc0 is current device
gpio: pin 54 (gpio 54) value is 1
SD/MMC found on device 0
reading uEnv.txt
569 bytes read in 3 ms (184.6 KiB/s)
gpio: pin 55 (gpio 55) value is 1
Loaded environment from uEnv.txt
Importing environment from mmc ...
Checking if uenvcmd is set ...
gpio: pin 56 (gpio 56) value is 1
Running uenvcmd ...
cpsw Waiting for PHY auto negotiation to complete. done
link up on port 0, speed 100, full duplex
Using cpsw device
TFTP from server 192.168.255.126; our IP address is 192.168.255.1
Filename 'zImage'.
Load address: 0x81000000
Loading: *#################################################################
	 #################################################################
	 #################################################################
	 #################################################################
	 #################################################################
	 ###############################################
	 2.4 MiB/s
done
Bytes transferred = 5451224 (532dd8 hex)
link up on port 0, speed 100, full duplex
Using cpsw device
TFTP from server 192.168.255.126; our IP address is 192.168.255.1
Filename 'am335x-boneblack.dtb'.
Load address: 0x82000000
Loading: *#######
	 2.2 MiB/s
done
Bytes transferred = 97996 (17ecc hex)
Kernel image @ 0x81000000 [ 0x000000 - 0x532dd8 ]
## Flattened Device Tree blob at 82000000
   Booting using the fdt blob at 0x82000000
   Using Device Tree in place at 82000000, end 8201aecb

Starting kernel ...

[    0.000000] Booting Linux on physical CPU 0x0
[    0.000000] Linux version 6.11.10 (user01@drvtest01) (arm-linux-gnueabihf-gcc (Linaro GCC 6.4-2017.11) 6.4.1 20171012, GNU ld (Linaro_Binutils-2017.11) 2.27.0.20161229) #9 SMP Fri Nov 22 17:47:35 EET 2024
[    0.000000] CPU: ARMv7 Processor [413fc082] revision 2 (ARMv7), cr=10c5387d
[    0.000000] CPU: PIPT / VIPT nonaliasing data cache, VIPT aliasing instruction cache
[    0.000000] OF: fdt: Machine model: TI AM335x BeagleBone Black
[    0.000000] Memory policy: Data cache writeback
[    0.000000] cma: Reserved 16 MiB at 0x9e800000 on node -1
[    0.000000] Zone ranges:
[    0.000000]   Normal   [mem 0x0000000080000000-0x000000009fdfffff]
[    0.000000]   HighMem  empty
[    0.000000] Movable zone start for each node
[    0.000000] Early memory node ranges
[    0.000000]   node   0: [mem 0x0000000080000000-0x000000009fdfffff]
[    0.000000] Initmem setup node 0 [mem 0x0000000080000000-0x000000009fdfffff]
[    0.000000] CPU: All CPU(s) started in SVC mode.
[    0.000000] AM335X ES2.1 (sgx neon)
[    0.000000] percpu: Embedded 17 pages/cpu s39628 r8192 d21812 u69632
[    0.000000] Kernel command line: console=ttyO0,115200n8 root=/dev/nfs rw nfsroot=192.168.255.126:/home/user01/nfs,nfsvers=3 ip=192.168.255.1:192.168.255.126::255.255.255.0:bbb1:eth0 nfsrootdebug
[    0.000000] Unknown kernel command line parameters "nfsrootdebug", will be passed to user space.
[    0.000000] Dentry cache hash table entries: 65536 (order: 6, 262144 bytes, linear)
[    0.000000] Inode-cache hash table entries: 32768 (order: 5, 131072 bytes, linear)
[    0.000000] Built 1 zonelists, mobility grouping on.  Total pages: 130560
[    0.000000] mem auto-init: stack:off, heap alloc:off, heap free:off
[    0.000000] SLUB: HWalign=64, Order=0-3, MinObjects=0, CPUs=1, Nodes=1
[    0.000000] trace event string verifier disabled
[    0.000000] rcu: Hierarchical RCU implementation.
[    0.000000] rcu: 	RCU event tracing is enabled.
[    0.000000] rcu: 	RCU restricting CPUs from NR_CPUS=2 to nr_cpu_ids=1.
[    0.000000] rcu: RCU calculated value of scheduler-enlistment delay is 10 jiffies.
[    0.000000] rcu: Adjusting geometry for rcu_fanout_leaf=16, nr_cpu_ids=1
[    0.000000] NR_IRQS: 16, nr_irqs: 16, preallocated irqs: 16
[    0.000000] IRQ: Found an INTC at 0x(ptrval) (revision 5.0) with 128 interrupts
[    0.000000] rcu: srcu_init: Setting srcu_struct sizes based on contention.
[    0.000000] TI gptimer clocksource: always-on /ocp/interconnect@44c00000/segment@200000/target-module@31000
[    0.000002] sched_clock: 32 bits at 24MHz, resolution 41ns, wraps every 89478484971ns
[    0.000029] clocksource: dmtimer: mask: 0xffffffff max_cycles: 0xffffffff, max_idle_ns: 79635851949 ns
[    0.000504] TI gptimer clockevent: 24000000 Hz at /ocp/interconnect@48000000/segment@0/target-module@40000
[    0.002116] Console: colour dummy device 80x30
[    0.002185] WARNING: Your 'console=ttyO0' has been replaced by 'ttyS0'
[    0.002195] This ensures that you still see kernel messages. Please
[    0.002200] update your kernel commandline.
[    0.002244] Calibrating delay loop... 996.14 BogoMIPS (lpj=4980736)
[    0.090560] CPU: Testing write buffer coherency: ok
[    0.090662] CPU0: Spectre v2: using BPIALL workaround
[    0.090677] pid_max: default: 32768 minimum: 301
[    0.090802] LSM: initializing lsm=capability
[    0.090970] Mount-cache hash table entries: 1024 (order: 0, 4096 bytes, linear)
[    0.090994] Mountpoint-cache hash table entries: 1024 (order: 0, 4096 bytes, linear)
[    0.092524] CPU0: thread -1, cpu 0, socket -1, mpidr 0
[    0.094257] Setting up static identity map for 0x80100000 - 0x80100078
[    0.094571] rcu: Hierarchical SRCU implementation.
[    0.094584] rcu: 	Max phase no-delay instances is 1000.
[    0.096272] smp: Bringing up secondary CPUs ...
[    0.096333] smp: Brought up 1 node, 1 CPU
[    0.096349] SMP: Total of 1 processors activated (996.14 BogoMIPS).
[    0.096362] CPU: All CPU(s) started in SVC mode.
[    0.096557] Memory: 480876K/522240K available (11264K kernel code, 1197K rwdata, 2856K rodata, 1024K init, 297K bss, 23344K reserved, 16384K cma-reserved, 0K highmem)
[    0.097363] devtmpfs: initialized
[    0.114186] VFP support v0.3: implementor 41 architecture 3 part 30 variant c rev 3
[    0.114546] clocksource: jiffies: mask: 0xffffffff max_cycles: 0xffffffff, max_idle_ns: 19112604462750000 ns
[    0.114584] futex hash table entries: 256 (order: 2, 16384 bytes, linear)
[    0.115862] pinctrl core: initialized pinctrl subsystem
[    0.118592] NET: Registered PF_NETLINK/PF_ROUTE protocol family
[    0.121603] DMA: preallocated 256 KiB pool for atomic coherent allocations
[    0.122587] audit: initializing netlink subsys (disabled)
[    0.123986] thermal_sys: Registered thermal governor 'fair_share'
[    0.124006] thermal_sys: Registered thermal governor 'step_wise'
[    0.124018] thermal_sys: Registered thermal governor 'user_space'
[    0.124135] audit: type=2000 audit(0.120:1): state=initialized audit_enabled=0 res=1
[    0.124209] cpuidle: using governor menu
[    0.143161] No ATAGs?
[    0.143195] hw-breakpoint: debug architecture 0x4 unsupported.
[    0.146091] kprobes: kprobe jump-optimization is enabled. All kprobes are optimized if possible.
[    0.164371] iommu: Default domain type: Translated
[    0.164398] iommu: DMA domain TLB invalidation policy: strict mode
[    0.171532] SCSI subsystem initialized
[    0.181715] pps_core: LinuxPPS API ver. 1 registered
[    0.181730] pps_core: Software ver. 5.3.6 - Copyright 2005-2007 Rodolfo Giometti <giometti@linux.it>
[    0.181756] PTP clock support registered
[    0.183744] vgaarb: loaded
[    0.184145] clocksource: Switched to clocksource dmtimer
[    0.184751] VFS: Disk quotas dquot_6.6.0
[    0.184797] VFS: Dquot-cache hash table entries: 1024 (order 0, 4096 bytes)
[    0.211026] NET: Registered PF_INET protocol family
[    0.211389] IP idents hash table entries: 8192 (order: 4, 65536 bytes, linear)
[    0.212791] tcp_listen_portaddr_hash hash table entries: 512 (order: 0, 4096 bytes, linear)
[    0.212835] Table-perturb hash table entries: 65536 (order: 6, 262144 bytes, linear)
[    0.212853] TCP established hash table entries: 4096 (order: 2, 16384 bytes, linear)
[    0.212898] TCP bind hash table entries: 4096 (order: 4, 65536 bytes, linear)
[    0.212999] TCP: Hash tables configured (established 4096 bind 4096)
[    0.213120] UDP hash table entries: 256 (order: 1, 8192 bytes, linear)
[    0.213149] UDP-Lite hash table entries: 256 (order: 1, 8192 bytes, linear)
[    0.213325] NET: Registered PF_UNIX/PF_LOCAL protocol family
[    0.224450] RPC: Registered named UNIX socket transport module.
[    0.224479] RPC: Registered udp transport module.
[    0.224487] RPC: Registered tcp transport module.
[    0.224494] RPC: Registered tcp-with-tls transport module.
[    0.224500] RPC: Registered tcp NFSv4.1 backchannel transport module.
[    0.224526] PCI: CLS 0 bytes, default 64
[    0.226001] Initialise system trusted keyrings
[    0.226699] workingset: timestamp_bits=14 max_order=17 bucket_order=3
[    0.228355] NFS: Registering the id_resolver key type
[    0.228436] Key type id_resolver registered
[    0.228446] Key type id_legacy registered
[    0.228498] jffs2: version 2.2. (NAND) (SUMMARY)  Â© 2001-2006 Red Hat, Inc.
[    0.228902] Key type asymmetric registered
[    0.228922] Asymmetric key parser 'x509' registered
[    0.228991] io scheduler mq-deadline registered
[    0.229004] io scheduler kyber registered
[    0.229075] io scheduler bfq registered
[    0.244360] Serial: 8250/16550 driver, 6 ports, IRQ sharing enabled
[    0.310223] brd: module loaded
[    0.332937] loop: module loaded
[    0.333890] mtdoops: mtd device (mtddev=name/number) must be supplied
[    0.337263] i2c_dev: i2c /dev entries driver
[    0.338235] cpuidle: enable-method property 'ti,am3352' found operations
[    0.338689] sdhci: Secure Digital Host Controller Interface driver
[    0.338703] sdhci: Copyright(c) Pierre Ossman
[    0.338878] sdhci-pltfm: SDHCI platform and OF driver helper
[    0.339188] ledtrig-cpu: registered to indicate activity on CPUs
[    0.340119] Initializing XFRM netlink socket
[    0.340243] NET: Registered PF_INET6 protocol family
[    0.342114] Segment Routing with IPv6
[    0.342212] In-situ OAM (IOAM) with IPv6
[    0.342311] sit: IPv6, IPv4 and MPLS over IPv4 tunneling driver
[    0.343267] NET: Registered PF_PACKET protocol family
[    0.343312] NET: Registered PF_KEY protocol family
[    0.343502] Key type dns_resolver registered
[    0.343772] ThumbEE CPU extension supported.
[    0.343798] Registering SWP/SWPB emulation handler
[    0.344516] omap_voltage_late_init: Voltage driver support not added
[    0.344882] SmartReflex Class3 initialized
[    0.388180] Loading compiled-in X.509 certificates
[    0.455628] platform 44e10800.pinmux: Fixed dependency cycle(s) with /ocp/interconnect@44c00000/segment@200000/target-module@10000/scm@0/pinmux@800/clkout2-pins
[    0.456197] pinctrl-single 44e10800.pinmux: 142 pins, size 568
[    0.461187] ti-sysc 44e31000.target-module: probe with driver ti-sysc failed with error -16
[    0.502556] ti-sysc 48040000.target-module: probe with driver ti-sysc failed with error -16
[    0.526301] OMAP GPIO hardware version 0.1
[    0.557402] omap_i2c 4819c000.i2c: bus 2 rev0.11 at 100 kHz
[    0.585384] 48000000.interconnect:segment@200000:target-module@0:mpu@0:fck: device ID is greater than 24
[    0.589472] platform 4830e000.lcdc: Fixed dependency cycle(s) with /ocp/interconnect@44c00000/segment@200000/target-module@b000/i2c@0/tda19988@70
[    0.600292] sdhci-omap 481d8000.mmc: supply pbias not found, using dummy regulator
[    0.600767] sdhci-omap 481d8000.mmc: supply vqmmc not found, using dummy regulator
[    0.677103] davinci_mdio 4a101000.mdio: davinci mdio revision 1.6, bus freq 1000000
[    0.794451] davinci_mdio 4a101000.mdio: phy[0]: device 4a101000.mdio:00, driver SMSC LAN8710/LAN8720
[    0.795094] cpsw-switch 4a100000.switch: initialized cpsw ale version 1.4
[    0.795120] cpsw-switch 4a100000.switch: ALE Table size 1024
[    0.795277] cpsw-switch 4a100000.switch: cpts: overflow check period 500 (jiffies)
[    0.795297] cpsw-switch 4a100000.switch: CPTS: ref_clk_freq:250000000 calc_mult:2147483648 calc_shift:29 error:0 nsec/sec
[    0.795406] cpsw-switch 4a100000.switch: Detected MACID = 6c:ec:eb:68:de:78
[    0.797256] cpsw-switch 4a100000.switch: initialized (regs 0x4a100000, pool size 256) hw_ver:0019010C 1.12 (0)
[    0.808243] debugfs: Directory '49000000.dma' with parent 'dmaengine' already present!
[    0.808292] edma 49000000.dma: TI EDMA DMA engine driver
[    0.847834] target-module@4b000000:target-module@140000:pmu@0:fck: device ID is greater than 24
[    0.873351] hw perfevents: enabled with armv7_cortex_a8 PMU driver, 5 counters available
[    0.887701] 44e09000.serial: ttyS0 at MMIO 0x44e09000 (irq = 34, base_baud = 3000000) is a 8250
[    0.887787] printk: legacy console [ttyS0] enabled
[    1.875506] l3-aon-clkctrl:0000:0: failed to disable
[    2.116926] tps65217-pmic: Failed to locate of_node [id: -1]
[    2.122996] tps65217-bl: Failed to locate of_node [id: -1]
[    2.154524] tps65217 0-0024: TPS65217 ID 0xe version 1.2
[    2.160570] platform 4830e000.lcdc: Fixed dependency cycle(s) with /ocp/interconnect@44c00000/segment@200000/target-module@b000/i2c@0/tda19988@70
[    2.174059] i2c 0-0070: Fixed dependency cycle(s) with /ocp/interconnect@48000000/segment@300000/target-module@e000/lcdc@0
[    2.185530] omap_i2c 44e0b000.i2c: bus 0 rev0.11 at 400 kHz
[    2.203968] omap_gpio 44e07000.gpio: Could not set line 6 debounce to 200000 microseconds (-22)
[    2.212936] sdhci-omap 48060000.mmc: Got CD GPIO
[    2.218032] sdhci-omap 48060000.mmc: supply pbias not found, using dummy regulator
[    2.231003] sdhci-omap 48060000.mmc: supply vqmmc not found, using dummy regulator
[    2.239634] sdhci-omap 481d8000.mmc: supply pbias not found, using dummy regulator
[    2.247951] sdhci-omap 481d8000.mmc: supply vqmmc not found, using dummy regulator
[    2.284691] mmc1: SDHCI controller on 481d8000.mmc [481d8000.mmc] using External DMA
[    2.293050] mmc0: SDHCI controller on 48060000.mmc [48060000.mmc] using External DMA
[    2.301919] cpsw-switch 4a100000.switch: starting ndev. mode: dual_mac
[    2.343329] mmc0: new high speed SDHC card at address 5048
[    2.350347] mmcblk0: mmc0:5048 SD16G 14.4 GiB
[    2.358527]  mmcblk0: p1 p2
[    2.361905] mmcblk0: p2 size 31221760 extends beyond EOD, truncated
[    2.376288] mmc1: new high speed MMC card at address 0001
[    2.383033] mmcblk1: mmc1:0001 MMC04G 3.60 GiB
[    2.390698]  mmcblk1: p1 p2
[    2.394450] SMSC LAN8710/LAN8720 4a101000.mdio:00: attached PHY driver (mii_bus:phy_addr=4a101000.mdio:00, irq=POLL)
[    2.405902] mmcblk1boot0: mmc1:0001 MMC04G 2.00 MiB
[    2.412887] mmcblk1boot1: mmc1:0001 MMC04G 2.00 MiB
[    2.425985] mmcblk1rpmb: mmc1:0001 MMC04G 128 KiB, chardev (250:0)
[    5.524893] cpsw-switch 4a100000.switch eth0: Link is Up - 100Mbps/Full - flow control off
[    5.564159] IP-Config: Complete:
[    5.567429]      device=eth0, hwaddr=6c:ec:eb:68:de:78, ipaddr=192.168.255.1, mask=255.255.255.0, gw=255.255.255.255
[    5.578049]      host=bbb1, domain=, nis-domain=(none)
[    5.583216]      bootserver=192.168.255.126, rootserver=192.168.255.126, rootpath=
[    5.583637] clk: Disabling unused clocks
[    5.595506] PM: genpd: Disabling unused power domains
[    5.600621] KTAP version 1
[    5.603341] 1..0
[    5.628416] VFS: Mounted root (nfs filesystem) on device 0:17.
[    5.635456] devtmpfs: mounted
[    5.640137] Freeing unused kernel image (initmem) memory: 1024K
[    5.647046] Run /sbin/init as init process
[    6.343097] systemd[1]: System time before build time, advancing clock.
[    7.814161] random: crng init done
[    7.876553] systemd[1]: systemd 232 running in system mode. (+PAM +AUDIT +SELINUX +IMA +APPARMOR +SMACK +SYSVINIT +UTMP +LIBCRYPTSETUP +GCRYPT +GNUTLS +ACL +XZ +LZ4 +SECCOMP +BLKID +ELFUTILS +KMOD +IDN)
[    7.895554] systemd[1]: Detected architecture arm.

Welcome to [1mDebian GNU/Linux 9 (stretch)[0m!

[    7.937116] systemd[1]: Set hostname to <arm>.
[    9.034369] systemd[1]: Listening on Journal Socket (/dev/log).
[[0;32m  OK  [0m] Listening on Journal Socket (/dev/log).
[    9.065711] systemd[1]: Created slice User and Session Slice.
[[0;32m  OK  [0m] Created slice User and Session Slice.
[    9.105816] systemd[1]: Set up automount Arbitrary Executable File Formats File System Automount Point.
[[0;32m  OK  [0m] Set up automount Arbitrary Executabâ€¦rmats File System Automount Point.
[    9.144990] systemd[1]: Listening on Journal Socket.
[[0;32m  OK  [0m] Listening on Journal Socket.
[    9.184758] systemd[1]: Listening on Syslog Socket.
[[0;32m  OK  [0m] Listening on Syslog Socket.
[    9.226107] systemd[1]: Listening on /dev/initctl Compatibility Named Pipe.
[[0;32m  OK  [0m] Listening on /dev/initctl Compatibility Named Pipe.
[    9.266058] systemd[1]: Listening on udev Control Socket.
[[0;32m  OK  [0m] Listening on udev Control Socket.
[[0;32m  OK  [0m] Started Forward Password Requests to Wall Directory Watch.
[[0;32m  OK  [0m] Listening on Journal Audit Socket.
[[0;32m  OK  [0m] Reached target Swap.
[[0;32m  OK  [0m] Created slice System Slice.
         Starting Journal Service...
[[0;32m  OK  [0m] Reached target Slices.
[[0;32m  OK  [0m] Created slice system-getty.slice.
         Starting Create list of required stâ€¦ce nodes for the current kernel...
         Mounting POSIX Message Queue File System...
         Starting Load Kernel Modules...
         Mounting Debug File System...
[[0;32m  OK  [0m] Reached target Remote File Systems.
[[0;32m  OK  [0m] Listening on udev Kernel Socket.
[[0;32m  OK  [0m] Started Dispatch Password Requests to Console Directory Watch.
[[0;32m  OK  [0m] Created slice system-serial\x2dgetty.slice.
         Starting Remount Root and Kernel File Systems...
[[0;32m  OK  [0m] Reached target Encrypted Volumes.
[[0;32m  OK  [0m] Reached target Paths.
[[0;32m  OK  [0m] Mounted POSIX Message Queue File System.
[[0;32m  OK  [0m] Mounted Debug File System.
[[0;32m  OK  [0m] Started Create list of required staâ€¦vice nodes for the current kernel.
         Starting Create Static Device Nodes in /dev...
[[0;32m  OK  [0m] Started Load Kernel Modules.
[[0;32m  OK  [0m] Started Remount Root and Kernel File Systems.
         Starting udev Coldplug all Devices...
         Starting Load/Save Random Seed...
         Starting Apply Kernel Variables...
         Mounting Configuration File System...
[[0;32m  OK  [0m] Started Journal Service.
         Starting Flush Journal to Persistent Storage...
[[0;32m  OK  [0m] Mounted Configuration File System.
[[0;32m  OK  [0m] Started Load/Save Random Seed.
[[0;32m  OK  [0m] Started Apply Kernel Variables.
[[0;32m  OK  [0m] Started Create Static Device Nodes in /dev.
[[0;32m  OK  [0m] Reached target Local File Systems (Pre).[   11.022691] systemd-journald[79]: Received request to flush runtime journal from PID 1

[[0;32m  OK  [0m] Reached target Local File Systems.
         Starting Raise network interfaces...
         Starting udev Kernel Device Manager...
[[0;32m  OK  [0m] Started Flush Journal to Persistent Storage.
         Starting Create Volatile Files and Directories...
[[0;32m  OK  [0m] Started udev Kernel Device Manager.
[[0;32m  OK  [0m] Started Create Volatile Files and Directories.
         Starting Network Time Synchronization...
         Starting Update UTMP about System Boot/Shutdown...
[[0;32m  OK  [0m] Started Update UTMP about System Boot/Shutdown.
[[0;32m  OK  [0m] Started udev Coldplug all Devices.
[[0;32m  OK  [0m] Started Network Time Synchronization.
[[0;32m  OK  [0m] Reached target System Time Synchronized.
[[0;32m  OK  [0m] Reached target System Initialization.
[[0;32m  OK  [0m] Listening on D-Bus System Message Bus Socket.
[[0;32m  OK  [0m] Started Daily Cleanup of Temporary Directories.
[[0;32m  OK  [0m] Listening on Avahi mDNS/DNS-SD Stack Activation Socket.
[[0;32m  OK  [0m] Reached target Sockets.
[[0;32m  OK  [0m] Started Daily apt download activities.
[[0;32m  OK  [0m] Started Daily apt upgrade and clean activities.
[[0;32m  OK  [0m] Reached target Timers.
[[0;32m  OK  [0m] Reached target Basic System.
         Starting System Logging Service...
[   15.007438] remoteproc remoteproc0: wkup_m3 is available
[[0;32m  OK  [0m] Started Regular background program processing daemon.
[   15.118911] am335x-phy-driver 47401300.usb-phy: dummy supplies not allowed for exclusive requests (id=vbus)
         Starting Avahi mDNS/DNS-SD Stack...
[   15.233159] usbcore: registered new interface driver usbfs
[   15.239022] usbcore: registered new interface driver hub
[   15.244559] usbcore: registered new device driver usb
[   15.337734] am335x-phy-driver 47401b00.usb-phy: dummy supplies not allowed for exclusive requests (id=vbus)
         Starting Telephony service...
         Starting DUN service...
         Starting Cape Manager Service...
         Starting Generic Board Startup...
[   15.853101] tps6521x_pwrbutton tps65217-pwrbutton: DMA mask not set
[   15.911843] at24 2-0054: supply vcc not found, using dummy regulator
         Starting Login Service...
[   16.021742] input: tps65217_pwrbutton as /devices/platform/ocp/44c00000.interconnect/44c00000.interconnect:segment@200000/44e0b000.target-module/44e0b000.i2c/i2c-0/0-0024/tps65217-pwrbutton/input/input0
[   16.047646] musb-hdrc musb-hdrc.1: MUSB HDRC host driver
[   16.053060] musb-hdrc musb-hdrc.1: new USB bus registered, assigned bus number 1
[   16.112949] at24 2-0055: supply vcc not found, using dummy regulator
[[0;32m  OK  [0m] Started D-Bus System Message Bus.
[   16.259673] at24 2-0056: supply vcc not found, using dummy regulator
[   16.316024] usb usb1: New USB device found, idVendor=1d6b, idProduct=0002, bcdDevice= 6.11
[   16.325042] usb usb1: New USB device strings: Mfr=3, Product=2, SerialNumber=1
[   16.332317] usb usb1: Product: MUSB HDRC host driver
[   16.337482] usb usb1: Manufacturer: Linux 6.11.10 musb-hcd
[   16.343175] usb usb1: SerialNumber: musb-hdrc.1
[   16.405459] at24 2-0057: supply vcc not found, using dummy regulator
[   16.475798] hub 1-0:1.0: USB hub found
[   16.511800] hub 1-0:1.0: 1 port detected
[   16.529364] wkup_m3_ipc 44e11324.wkup_m3_ipc: IPC Request for A8->M3 Channel failed! -517
[   16.584467] at24 0-0050: 32768 byte 24c256 EEPROM, writable, 1 bytes/write
[   16.595678] wkup_m3_ipc 44e11324.wkup_m3_ipc: IPC Request for A8->M3 Channel failed! -517
[   16.703141] wkup_m3_ipc 44e11324.wkup_m3_ipc: IPC Request for A8->M3 Channel failed! -517
[   16.874990] omap_rtc 44e3e000.rtc: registered as rtc0
[   16.880165] omap_rtc 44e3e000.rtc: setting system clock to 2000-01-01T00:00:00 UTC (946684800)
[   16.925956] wkup_m3_ipc 44e11324.wkup_m3_ipc: IPC Request for A8->M3 Channel failed! -517
[   17.216900] omap_wdt: OMAP Watchdog Timer Rev 0x01: initial timeout 60 sec
[   17.232371] wkup_m3_ipc 44e11324.wkup_m3_ipc: IPC Request for A8->M3 Channel failed! -517
[   17.888024] omap-mailbox 480c8000.mailbox: omap mailbox rev 0x400
[   17.974355] remoteproc remoteproc0: powering up wkup_m3
[   18.159352] remoteproc remoteproc0: Direct firmware load for am335x-pm-firmware.elf failed with error -2
[   18.169128] remoteproc remoteproc0: request_firmware failed: -2
[   18.175158] wkup_m3_ipc 44e11324.wkup_m3_ipc: rproc_boot failed
[   18.231648] tda998x 0-0070: found TDA19988
[   20.248858] tilcdc 4830e000.lcdc: bound 0-0070 (ops tda998x_driver_exit [tda998x])
[   20.383596] [drm] Initialized tilcdc 1.0.0 for 4830e000.lcdc on minor 0
[   20.457538] omap_rng 48310000.rng: Random Number Generator ver. 20
[   20.485755] tilcdc 4830e000.lcdc: [drm] Cannot find any crtc or sizes
[   20.511477] tilcdc 4830e000.lcdc: [drm] Cannot find any crtc or sizes
[[0;32m  OK  [0m] Started Telephony service.
[[0;32m  OK  [0m] Started DUN service.
[[0;32m  OK  [0m] Started Avahi mDNS/DNS-SD Stack.
         Starting Connection service...
         Starting LSB: Load kernel modules needed to enable cpufreq scaling...
         Starting LSB: Start busybox udhcpd at boot time...
[[0;32m  OK  [0m] Started System Logging Service.
[[0;32m  OK  [0m] Started Cape Manager Service.
[   21.821152] omap-sham 53100000.sham: hw accel on OMAP rev 4.3
[   21.892041] PM: Cannot get wkup_m3_ipc handle
[   21.944491] omap-sham 53100000.sham: will run requests pump with realtime priority
[   21.953225] PM: Cannot get wkup_m3_ipc handle
[   22.009070] omap-aes 53500000.aes: OMAP AES hw accel rev: 3.2
[   22.129551] omap-aes 53500000.aes: will run requests pump with realtime priority
