Labgrid Console Logfile for main
Logfile started at 2025-10-06 13:39:54.703439
=== Log starts here ===
reading args
spl_load_image_fat_os: error reading image args, err - -1
reading u-boot.img
reading u-boot.img


U-Boot 2014.04-00014-g47880f5 (Apr 22 2014 - 13:23:54)

I2C:   ready
DRAM:  512 MiB
NAND:  0 MiB
MMC:   OMAP SD/MMC: 0, OMAP SD/MMC: 1
*** Warning - readenv() failed, using default environment

Net:   <ethaddr> not set. Validating first E-fuse MAC
cpsw, usb_ether
Hit any key to stop autoboot:  1  0 
gpio: pin 53 (gpio 53) value is 1
mmc0 is current device
gpio: pin 54 (gpio 54) value is 1
SD/MMC found on device 0
reading uEnv.txt
569 bytes read in 4 ms (138.7 KiB/s)
gpio: pin 55 (gpio 55) value is 1
Loaded environment from uEnv.txt
Importing environment from mmc ...
Checking if uenvcmd is set ...
gpio: pin 56 (gpio 56) value is 1
Running uenvcmd ...
cpsw Waiting for PHY auto negotiation to complete. done
link up on port 0, speed 100, full duplex
Using cpsw device
TFTP from server 192.168.255.126; our IP address is 192.168.255.1
Filename 'zImage'.
Load address: 0x81000000
Loading: *#################################################################
	 #################################################################
	 #################################################################
	 #################################################################
	 #################################################################
	 ########################################
	 2.4 MiB/s
done
Bytes transferred = 5352184 (51aaf8 hex)
link up on port 0, speed 100, full duplex
Using cpsw device
TFTP from server 192.168.255.126; our IP address is 192.168.255.1
Filename 'am335x-boneblack.dtb'.
Load address: 0x82000000
Loading: *#######
	 1.3 MiB/s
done
Bytes transferred = 97772 (17dec hex)
Kernel image @ 0x81000000 [ 0x000000 - 0x51aaf8 ]
## Flattened Device Tree blob at 82000000
   Booting using the fdt blob at 0x82000000
   Using Device Tree in place at 82000000, end 8201adeb

Starting kernel ...

[    0.000000] Booting Linux on physical CPU 0x0
[    0.000000] Linux version 6.6.110 (user01@drvtest01) (arm-none-eabi-gcc (Arm GNU Toolchain 14.2.Rel1 (Build arm-14.52)) 14.2.1 20241119, GNU ld (Arm GNU Toolchain 14.2.Rel1 (Build arm-14.52)) 2.43.1.20241119) #1 SMP Mon Oct  6 13:38:03 EEST 2025
[    0.000000] CPU: ARMv7 Processor [413fc082] revision 2 (ARMv7), cr=10c5387d
[    0.000000] CPU: PIPT / VIPT nonaliasing data cache, VIPT aliasing instruction cache
[    0.000000] OF: fdt: Machine model: TI AM335x BeagleBone Black
[    0.000000] Memory policy: Data cache writeback
[    0.000000] cma: Reserved 16 MiB at 0x9e800000 on node -1
[    0.000000] Zone ranges:
[    0.000000]   Normal   [mem 0x0000000080000000-0x000000009fdfffff]
[    0.000000]   HighMem  empty
[    0.000000] Movable zone start for each node
[    0.000000] Early memory node ranges
[    0.000000]   node   0: [mem 0x0000000080000000-0x000000009fdfffff]
[    0.000000] Initmem setup node 0 [mem 0x0000000080000000-0x000000009fdfffff]
[    0.000000] CPU: All CPU(s) started in SVC mode.
[    0.000000] AM335X ES2.1 (sgx neon)
[    0.000000] percpu: Embedded 16 pages/cpu s36116 r8192 d21228 u65536
[    0.000000] Kernel command line: console=ttyO0,115200n8 root=/dev/nfs rw nfsroot=192.168.255.126:/home/user01/nfs,nfsvers=3 ip=192.168.255.1:192.168.255.126::255.255.255.0:bbb1:eth0 nfsrootdebug
[    0.000000] Unknown kernel command line parameters "nfsrootdebug", will be passed to user space.
[    0.000000] Dentry cache hash table entries: 65536 (order: 6, 262144 bytes, linear)
[    0.000000] Inode-cache hash table entries: 32768 (order: 5, 131072 bytes, linear)
[    0.000000] Built 1 zonelists, mobility grouping on.  Total pages: 129412
[    0.000000] mem auto-init: stack:off, heap alloc:off, heap free:off
[    0.000000] Memory: 483604K/522240K available (11264K kernel code, 1165K rwdata, 2704K rodata, 1024K init, 282K bss, 22252K reserved, 16384K cma-reserved, 0K highmem)
[    0.000000] SLUB: HWalign=64, Order=0-3, MinObjects=0, CPUs=1, Nodes=1
[    0.000000] rcu: Hierarchical RCU implementation.
[    0.000000] rcu: 	RCU event tracing is enabled.
[    0.000000] rcu: 	RCU restricting CPUs from NR_CPUS=2 to nr_cpu_ids=1.
[    0.000000] rcu: RCU calculated value of scheduler-enlistment delay is 10 jiffies.
[    0.000000] rcu: Adjusting geometry for rcu_fanout_leaf=16, nr_cpu_ids=1
[    0.000000] NR_IRQS: 16, nr_irqs: 16, preallocated irqs: 16
[    0.000000] IRQ: Found an INTC at 0x(ptrval) (revision 5.0) with 128 interrupts
[    0.000000] rcu: srcu_init: Setting srcu_struct sizes based on contention.
[    0.000000] TI gptimer clocksource: always-on /ocp/interconnect@44c00000/segment@200000/target-module@31000
[    0.000003] sched_clock: 32 bits at 24MHz, resolution 41ns, wraps every 89478484971ns
[    0.000027] clocksource: dmtimer: mask: 0xffffffff max_cycles: 0xffffffff, max_idle_ns: 79635851949 ns
[    0.000515] TI gptimer clockevent: 24000000 Hz at /ocp/interconnect@48000000/segment@0/target-module@40000
[    0.002073] Console: colour dummy device 80x30
[    0.002124] WARNING: Your 'console=ttyO0' has been replaced by 'ttyS0'
[    0.002131] This ensures that you still see kernel messages. Please
[    0.002136] update your kernel commandline.
[    0.002174] Calibrating delay loop... 996.14 BogoMIPS (lpj=4980736)
[    0.090565] CPU: Testing write buffer coherency: ok
[    0.090662] CPU0: Spectre v2: using BPIALL workaround
[    0.090673] pid_max: default: 32768 minimum: 301
[    0.090788] LSM: initializing lsm=capability,integrity
[    0.090960] Mount-cache hash table entries: 1024 (order: 0, 4096 bytes, linear)
[    0.090979] Mountpoint-cache hash table entries: 1024 (order: 0, 4096 bytes, linear)
[    0.092464] CPU0: thread -1, cpu 0, socket -1, mpidr 0
[    0.094036] Setting up static identity map for 0x80100000 - 0x80100078
[    0.094317] rcu: Hierarchical SRCU implementation.
[    0.094328] rcu: 	Max phase no-delay instances is 1000.
[    0.095702] smp: Bringing up secondary CPUs ...
[    0.095757] smp: Brought up 1 node, 1 CPU
[    0.095770] SMP: Total of 1 processors activated (996.14 BogoMIPS).
[    0.095783] CPU: All CPU(s) started in SVC mode.
[    0.096662] devtmpfs: initialized
[    0.114050] VFP support v0.3: implementor 41 architecture 3 part 30 variant c rev 3
[    0.114402] clocksource: jiffies: mask: 0xffffffff max_cycles: 0xffffffff, max_idle_ns: 19112604462750000 ns
[    0.114436] futex hash table entries: 256 (order: 2, 16384 bytes, linear)
[    0.115753] pinctrl core: initialized pinctrl subsystem
[    0.117901] NET: Registered PF_NETLINK/PF_ROUTE protocol family
[    0.120423] DMA: preallocated 256 KiB pool for atomic coherent allocations
[    0.121234] audit: initializing netlink subsys (disabled)
[    0.122607] thermal_sys: Registered thermal governor 'fair_share'
[    0.122626] thermal_sys: Registered thermal governor 'step_wise'
[    0.122633] thermal_sys: Registered thermal governor 'user_space'
[    0.122734] audit: type=2000 audit(0.120:1): state=initialized audit_enabled=0 res=1
[    0.122815] cpuidle: using governor menu
[    0.139111] /ocp/interconnect@44c00000/segment@200000/target-module@b000/i2c@0/tda19988@70: Fixed dependency cycle(s) with /ocp/interconnect@48000000/segment@300000/target-module@e000/lcdc@0
[    0.140177] /ocp/interconnect@48000000/segment@300000/target-module@e000/lcdc@0: Fixed dependency cycle(s) with /ocp/interconnect@44c00000/segment@200000/target-module@b000/i2c@0/tda19988@70
[    0.142391] No ATAGs?
[    0.142411] hw-breakpoint: debug architecture 0x4 unsupported.
[    0.145430] kprobes: kprobe jump-optimization is enabled. All kprobes are optimized if possible.
[    0.163411] iommu: Default domain type: Translated
[    0.163432] iommu: DMA domain TLB invalidation policy: strict mode
[    0.164871] SCSI subsystem initialized
[    0.166693] pps_core: LinuxPPS API ver. 1 registered
[    0.166705] pps_core: Software ver. 5.3.6 - Copyright 2005-2007 Rodolfo Giometti <giometti@linux.it>
[    0.166731] PTP clock support registered
[    0.170841] vgaarb: loaded
[    0.171172] clocksource: Switched to clocksource dmtimer
[    0.171782] VFS: Disk quotas dquot_6.6.0
[    0.171840] VFS: Dquot-cache hash table entries: 1024 (order 0, 4096 bytes)
[    0.203185] NET: Registered PF_INET protocol family
[    0.203521] IP idents hash table entries: 8192 (order: 4, 65536 bytes, linear)
[    0.204845] tcp_listen_portaddr_hash hash table entries: 512 (order: 0, 4096 bytes, linear)
[    0.204883] Table-perturb hash table entries: 65536 (order: 6, 262144 bytes, linear)
[    0.204901] TCP established hash table entries: 4096 (order: 2, 16384 bytes, linear)
[    0.204947] TCP bind hash table entries: 4096 (order: 4, 65536 bytes, linear)
[    0.205047] TCP: Hash tables configured (established 4096 bind 4096)
[    0.205183] UDP hash table entries: 256 (order: 1, 8192 bytes, linear)
[    0.205213] UDP-Lite hash table entries: 256 (order: 1, 8192 bytes, linear)
[    0.205386] NET: Registered PF_UNIX/PF_LOCAL protocol family
[    0.212143] RPC: Registered named UNIX socket transport module.
[    0.212164] RPC: Registered udp transport module.
[    0.212169] RPC: Registered tcp transport module.
[    0.212174] RPC: Registered tcp-with-tls transport module.
[    0.212179] RPC: Registered tcp NFSv4.1 backchannel transport module.
[    0.212205] PCI: CLS 0 bytes, default 64
[    0.213803] Initialise system trusted keyrings
[    0.221996] workingset: timestamp_bits=14 max_order=17 bucket_order=3
[    0.223214] NFS: Registering the id_resolver key type
[    0.223293] Key type id_resolver registered
[    0.223301] Key type id_legacy registered
[    0.223355] jffs2: version 2.2. (NAND) (SUMMARY)  Â© 2001-2006 Red Hat, Inc.
[    0.223744] Key type asymmetric registered
[    0.223760] Asymmetric key parser 'x509' registered
[    0.223832] io scheduler mq-deadline registered
[    0.223843] io scheduler kyber registered
[    0.223909] io scheduler bfq registered
[    0.232934] hw perfevents: enabled with armv7_cortex_a8 PMU driver, 5 counters available
[    0.241446] l3-aon-clkctrl:0000:0: failed to disable
[    0.254789] Serial: 8250/16550 driver, 6 ports, IRQ sharing enabled
[    0.294624] brd: module loaded
[    0.314056] loop: module loaded
[    0.314987] mtdoops: mtd device (mtddev=name/number) must be supplied
[    0.317741] i2c_dev: i2c /dev entries driver
[    0.318725] cpuidle: enable-method property 'ti,am3352' found operations
[    0.319181] sdhci: Secure Digital Host Controller Interface driver
[    0.319193] sdhci: Copyright(c) Pierre Ossman
[    0.319380] sdhci-pltfm: SDHCI platform and OF driver helper
[    0.319648] ledtrig-cpu: registered to indicate activity on CPUs
[    0.320419] Initializing XFRM netlink socket
[    0.320545] NET: Registered PF_INET6 protocol family
[    0.331788] Segment Routing with IPv6
[    0.331866] In-situ OAM (IOAM) with IPv6
[    0.331974] sit: IPv6, IPv4 and MPLS over IPv4 tunneling driver
[    0.332946] NET: Registered PF_PACKET protocol family
[    0.332977] NET: Registered PF_KEY protocol family
[    0.333102] Key type dns_resolver registered
[    0.333326] ThumbEE CPU extension supported.
[    0.333349] Registering SWP/SWPB emulation handler
[    0.333858] omap_voltage_late_init: Voltage driver support not added
[    0.334502] SmartReflex Class3 initialized
[    0.360648] Loading compiled-in X.509 certificates
[    0.407557] /ocp/interconnect@44c00000/segment@200000/target-module@b000/i2c@0/tda19988@70: Fixed dependency cycle(s) with /ocp/interconnect@48000000/segment@300000/target-module@e000/lcdc@0
[    0.413923] /ocp/interconnect@44c00000/segment@200000/target-module@b000/i2c@0/tda19988@70: Fixed dependency cycle(s) with /ocp/interconnect@48000000/segment@300000/target-module@e000/lcdc@0
[    0.421830] /ocp/interconnect@44c00000/segment@200000/target-module@b000/i2c@0/tda19988@70: Fixed dependency cycle(s) with /ocp/interconnect@48000000/segment@300000/target-module@e000/lcdc@0
[    0.422743] /ocp/interconnect@44c00000/segment@200000/target-module@b000/i2c@0/tda19988@70: Fixed dependency cycle(s) with /ocp/interconnect@48000000/segment@300000/target-module@e000/lcdc@0
[    0.425988] /ocp/interconnect@44c00000/segment@200000/target-module@10000/scm@0/pinmux@800: Fixed dependency cycle(s) with /ocp/interconnect@44c00000/segment@200000/target-module@10000/scm@0/pinmux@800/clkout2-pins
[    0.426604] pinctrl-single 44e10800.pinmux: 142 pins, size 568
[    0.431786] ti-sysc: probe of 44e31000.target-module failed with error -16
[    0.468689] /ocp/interconnect@48000000/segment@300000/target-module@e000/lcdc@0: Fixed dependency cycle(s) with /ocp/interconnect@44c00000/segment@200000/target-module@b000/i2c@0/tda19988@70
[    0.476575] ti-sysc: probe of 48040000.target-module failed with error -16
[    0.513364] OMAP GPIO hardware version 0.1
[    0.549235] omap_i2c 4819c000.i2c: bus 2 rev0.11 at 100 kHz
[    0.577987] /ocp/interconnect@48000000/segment@300000/target-module@e000/lcdc@0: Fixed dependency cycle(s) with /ocp/interconnect@44c00000/segment@200000/target-module@b000/i2c@0/tda19988@70
[    0.580654] /ocp/interconnect@48000000/segment@300000/target-module@e000/lcdc@0: Fixed dependency cycle(s) with /ocp/interconnect@44c00000/segment@200000/target-module@b000/i2c@0/tda19988@70
[    0.581577 ] /ocp/interconnect@44c00000/segment@200000/target-module@b000/i2c@0/tda19988@70: Fixed dependency cycle(s) with /ocp/interconnect@48000000/segment@300000/target-module@e000/lcdc@0
[    0.581754] /ocp/interconnect@48000000/segment@300000/target-module@e000/lcdc@0: Fixed dependency cycle(s) with /ocp/interconnect@44c00000/segment@200000/target-module@b000/i2c@0/tda19988@70
[    0.593462] sdhci-omap 481d8000.mmc: supply pbias not found, using dummy regulator
[    0.593960] sdhci-omap 481d8000.mmc: supply  vqmmc not found, using dummy regulator
[    0.671563] davinci_mdio 4a101000.mdio: davinci mdio revision 1.6, bus freq 1000000
[    0.854897] davinci_mdio 4a101000.mdio: phy[0]: device 4a101000.mdio:00, driver SMSC LAN8710/LAN8720
[    0.855521] cpsw-switch 4a100000.switch: initialized cpsw ale version 1.4
[    0.855540] cpsw-switch 4a100000.switch: ALE Table size 1024
[    0.855677] cpsw-switch 4a100000.switch: cpts: overflow check period 500 (jiffies)
[    0.855693] cpsw-switch 4a100000.switch: CPTS: ref_clk_freq:250000000 calc_mult:2147483648 calc_shift:29 error:0 nsec/sec
[    0.855797] cpsw-switch 4a100000.switch: Detected MACID = 6c:ec:eb:68:de:78
[    0.857617] cpsw-switch 4a100000.switch: initialized (regs 0x4a100000, pool size 256) hw_ver:0019010C 1.12 (0)
[    0.868464] debugfs: Directory '49000000.dma' with parent 'dmaengine' already present!
[    0.868507] edma 49000000.dma: TI EDMA DMA engine driver
[    0.917269] 44e09000.serial: ttyS0 at MMIO 0x44e09000 (irq = 34, base_baud = 3000000) is a 8250
[    0.917351] printk: console [ttyS0] enabled
[    2.137568] tps65217-pmic: Failed to locate of_node [id: -1]
[    2.143707] tps65217-bl: Failed to locate of_node [id: -1]
[    2.157777] tps65217 0-0024: TPS65217 ID 0xe version 1.2
[    2.163944] /ocp/interconnect@48000000/segment@300000/target-module@e000/lcdc@0: Fixed dependency cycle(s) with /ocp/interconnect@44c00000/segment@200000/target-module@b000/i2c@0/tda19988@70
[    2.181310] /ocp/interconnect@44c00000/segment@200000/target-modul
[    5.601919] cpsw-switch 4a100000.switch eth0: Link is Up - 100Mbps/Full - flow control off
[    5.661191] IP-Config: Complete:
[    5.664464]      device=eth0, hwaddr=6c:ec:eb:68:de:78, ipaddr=192.168.255.1, mask=255.255.255.0, gw=255.255.255.255
[    5.675085]      host=bbb1, domain=, nis-domain=(none)
[    5.680251]      bootserver=192.168.255.126, rootserver=192.168.255.126, rootpath=
[    5.680668] clk: Disabling unused clocks
[    5.692513] KTAP version 1
[    5.695241] 1..0
[    5.718724] VFS: Mounted root (nfs filesystem) on device 0:16.
[    5.725875] devtmpfs: mounted
[    5.730503] Freeing unused kernel image (initmem) memory: 1024K
[    5.737279] Run /sbin/init as init process
[    6.416234] systemd[1]: System time before build time, advancing clock.
[    7.871191] random: crng init done
[    7.932100] systemd[1]: systemd 232 running in system mode. (+PAM +AUDIT +SELINUX +IMA +APPARMOR +SMACK +SYSVINIT +UTMP +LIBCRYPTSETUP +GCRYPT +GNUTLS +ACL +XZ +LZ4 +SECCOMP +BLKID +ELFUTILS +KMOD +IDN)
[    7.951082] systemd[1]: Detected architecture arm.

Welcome to [1mDebian GNU/Linux 9 (stretch)[0m!

[    7.994098] systemd[1]: Set hostname to <arm>.
[    9.055331] systemd[1]: Reached target Swap.
[[0;32m  OK  [0m] Reached target Swap.
[    9.093195] systemd[1]: Listening on Syslog Socket.
[[0;32m  OK  [0m] Listening on Syslog Socket.
[    9.133030] systemd[1]: Listening on udev Control Socket.
[[0;32m  OK  [0m] Listening on udev Control Socket.
[    9.171949] systemd[1]: Listening on Journal Socket.
[[0;32m  OK  [0m] Listening on Journal Socket.
[    9.212032] systemd[1]: Started Forward Password Requests to Wall Directory Watch.
[[0;32m  OK  [0m] Started Forward Password Requests to Wall Directory Watch.
[    9.252160] systemd[1]: Listening on Journal Audit Socket.
[[0;32m  OK  [0m] Listening on Journal Audit Socket.
[    9.292663] systemd[1]: Created slice User and Session Slice.
[[0;32m  OK  [0m] Created slice User and Session Slice.
[[0;32m  OK  [0m] Listening on /dev/initctl Compatibility Named Pipe.
[[0;32m  OK  [0m] Reached target Remote File Systems.
[[0;32m  OK  [0m] Set up automount Arbitrary Executabâ€¦rmats File System Automount Point.
[[0;32m  OK  [0m] Started Dispatch Password Requests to Console Directory Watch.
[[0;32m  OK  [0m] Reached target Encrypted Volumes.
[[0;32m  OK  [0m] Listening on udev Kernel Socket.
[[0;32m  OK  [0m] Reached target Paths.
[[0;32m  OK  [0m] Listening on Journal Socket (/dev/log).
[[0;32m  OK  [0m] Created slice System Slice.
[[0;32m  OK  [0m] Created slice system-getty.slice.
[[0;32m  OK  [0m] Created slice system-serial\x2dgetty.slice.
         Mounting POSIX Message Queue File System...
         Mounting Debug File System...
[[0;32m  OK  [0m] Reached target Slices.
         Starting Journal Service...
         Starting Create list of required stâ€¦ce nodes for the current kernel...
         Starting Remount Root and Kernel File Systems...
         Starting Load Kernel Modules...
[[0;32m  OK  [0m] Mounted POSIX Message Queue File System.
[[0;32m  OK  [0m] Mounted Debug File System.
[[0;32m  OK  [0m] Started Create list of required staâ€¦vice nodes for the current kernel.
[[0;32m  OK  [0m] Started Remount Root and Kernel File Systems.
         Starting udev Coldplug all Devices...
         Starting Load/Save Random Seed...
         Starting Create Static Device Nodes in /dev...
[[0;32m  OK  [0m] Started Load Kernel Modules.
         Starting Apply Kernel Variables...
         Mounting Configuration File System...
[[0;32m  OK  [0m] Started Load/Save Random Seed.
[[0;32m  OK  [0m] Mounted Configuration File System.
[[0;32m  OK  [0m] Started Apply Kernel Variables.
[[0;32m  OK  [0m] Started Journal Service.
         Starting Flush Journal to Persistent Storage...
[[0;32m  OK  [0m] Started Create Static Device Nodes in /dev.
         Starting udev Kernel Device Manager...
[[0;32m  OK  [0m] Reached target Local File Systems (Pre).
[[0;32m  OK  [0m] Reached target Local File Systems.
         Starting Raise network interfaces...
[   11.554828] systemd-journald[83]: Received request to flush runtime journal from PID 1
[[0;32m  OK  [0m] Started Flush Journal to Persistent Storage.
         Starting Create Volatile Files and Directories...
[[0;32m  OK  [0m] Started udev Kernel Device Manager.
[[0;32m  OK  [0m] Started Create Volatile Files and Directories.
         Starting Update UTMP about System Boot/Shutdown...
         Starting Network Time Synchronization...
[[0;32m  OK  [0m] Started Update UTMP about System Boot/Shutdown.
[[0;32m  OK  [0m] Started udev Coldplug all Devices.
[   14.921686] remoteproc remoteproc0: wkup_m3 is available
[   15.009855] usbcore: registered new interface driver usbfs
[   15.015746] usbcore: registered new interface driver hub
[   15.021293] usbcore: registered new device driver usb
[   15.050715] am335x-phy-driver 47401300.usb-phy: dummy supplies not allowed for exclusive requests
[[0;32m  OK  [0m] Found device /dev/ttyS0.
[[0;32m  OK  [0m] Started Network Time Synchronization.
[[0;32m  OK  [0m] Reached target System Initialization.
[[0;32m  OK  [0m] Started Daily Cleanup of Temporary Directories.
[   15.451366] am335x-phy-driver 47401b00.usb-phy: dummy supplies not allowed for exclusive requests
[[0;32m  OK  [0m] Listening on D-Bus System Message Bus Socket.
[[0;32m  OK  [0m] Listening on Avahi mDNS/DNS-SD Stack Activation Socket.
[   15.563744] at24 2-0054: supply vcc not found, using dummy regulator
[[0;32m  OK  [0m] Reached target Sockets.
[   15.587568] omap_rtc 44e3e000.rtc: registered as rtc0
[   15.593026] omap_rtc 44e3e000.rtc: setting system clock to 2000-01-01T00:00:00 UTC (946684800)
[[0;32m  OK  [0m] Reached target Basic System.
[   15.704329] at24 2-0055: supply vcc not found, using dummy regulator
         Starting DUN service...
[   15.791349] musb-hdrc musb-hdrc.1: MUSB HDRC host driver
[   15.796778] musb-hdrc musb-hdrc.1: new USB bus registered, assigned bus number 1
[   15.823571] at24 2-0056: supply vcc not found, using dummy regulator
         Starting Telephony service...
[   15.891811] at24 2-0057: supply vcc not found, using dummy regulator
[   15.975847] usb usb1: New USB device found, idVendor=1d6b, idProduct=0002, bcdDevice= 6.06
[   15.984380] usb usb1: New USB device strings: Mfr=3, Product=2, SerialNumber=1
[   15.991704] usb usb1: Product: MUSB HDRC host driver
[   15.996696] usb usb1: Manufacturer: Linux 6.6.110 musb-hcd
[   16.002245] usb usb1: SerialNumber: musb-hdrc.1
[[0;32m  OK  [0m] Started D-Bus System Message Bus.
[   16.084216] tps6521x_pwrbutton tps65217-pwrbutton: DMA mask not set
[   16.111887] at24 0-0050: 32768 byte 24c256 EEPROM, writable, 1 bytes/write
[   16.203499] hub 1-0:1.0: USB hub found
[   16.231976] input: tps65217_pwrbutton as /devices/platform/ocp/44c00000.interconnect/44c00000.interconnect:segment@200000/44e0b000.target-module/44e0b000.i2c/i2c-0/0-0024/tps65217-pwrbutton/input/input0
[   16.294359] hub 1-0:1.0: 1 port detected
[   16.336284] wkup_m3_ipc 44e11324.wkup_m3_ipc: IPC Request for A8->M3 Channel failed! -517
[   16.529132] wkup_m3_ipc 44e11324.wkup_m3_ipc: IPC Request for A8->M3 Channel failed! -517
[   17.052181] omap_wdt: OMAP Watchdog Timer Rev 0x01: initial timeout 60 sec
[   17.061570] wkup_m3_ipc 44e11324.wkup_m3_ipc: IPC Request for A8->M3 Channel failed! -517
[   17.659935] omap-mailbox 480c8000.mailbox: omap mailbox rev 0x400
[   17.708074] remoteproc remoteproc0: powering up wkup_m3
[   17.910296] remoteproc remoteproc0: Direct firmware load for am335x-pm-firmware.elf failed with error -2
[   17.921650] remoteproc remoteproc0: request_firmware failed: -2
[   17.927622] wkup_m3_ipc 44e11324.wkup_m3_ipc: rproc_boot failed
[   17.967321] tda998x 0-0070: found TDA19988
[   19.526760] omap_rng 48310000.rng: Random Number Generator ver. 20
[   19.655553] tilcdc 4830e000.lcdc: bound 0-0070 (ops tda998x_audio_codec_init [tda998x])
[   19.764475] [drm] Initialized tilcdc 1.0.0 20121205 for 4830e000.lcdc on minor 0
[[0;32m  OK  [0m] Started Telephony service.
[   19.822528] tilcdc 4830e000.lcdc: [drm] Cannot find any crtc or sizes
[   19.831312] tilcdc 4830e000.lcdc: [drm] Cannot find any crtc or sizes
[[0;32m  OK  [0m] Started DUN service.
         Starting Connection service...
         Starting Avahi mDNS/DNS-SD Stack...
         Starting LSB: Load kernel modules needed to enable cpufreq scaling...
         Starting Cape Manager Service...
         Starting Login Service...
         Starting System Logging Service...
         Starting LSB: Start busybox udhcpd at boot time...
         Starting Generic Board Startup...
[   21.016182] PM: Cannot get wkup_m3_ipc handle
[[0;32m  OK  [0m] Started Regular background program processing daemon.
[[0;32m  OK  [0m] Reached target System Time Synchronized.
[   21.323959] omap-sham 53100000.sham: hw accel on OMAP rev 4.3
[[0;32m  OK  [0m] Started Daily apt download activities.
[[0;32m  OK  [0m] Started Daily apt upgrade and clean activities.
[[0;32m  OK  [0m] Reached target Timers.
[   21.491394] omap-sham 53100000.sham: will run requests pump with realtime priority
[   21.511302] PM: Cannot get wkup_m3_ipc handle
[   21.568410] omap-aes 53500000.aes: OMAP AES hw accel rev: 3.2
[   21.753973] omap-aes 53500000.aes: will run requests pump with realtime priority
[   21.762858] PM: Cannot get wkup_m3_ipc handle
[   21.792742] Bluetooth: Core ver 2.22
[   21.796559] NET: Registered PF_BLUETOOTH protocol family
[   21.802078] Bluetooth: HCI device and connection manager initialized
[   21.808493] Bluetooth: HCI socket layer initialized
[   21.813465] Bluetooth: L2CAP socket layer initialized
[   21.818577] Bluetooth: SCO socket layer initialized
[[0;32m  OK  [0m] Started Cape Manager Service.
[[0;32m  OK  [0m] Started System Logging Service.
[   25.289722] PM: Cannot get wkup_m3_ipc handle
[   25.364523] PM: Cannot get wkup_m3_ipc handle
[[0;32m  OK  [0m] Started LSB: Start busybox udhcpd at boot time.
[[0;32m  OK  [0m] Started Raise network interfaces.
[[0;32m  OK  [0m] Started LSB: Load kernel modules needed to enable cpufreq scaling.
[   28.803837] configfs-gadget.g_multi gadget.0: HOST MAC 1c:ba:8c:a2:ed:6c
[   28.810612] configfs-gadget.g_multi gadget.0: MAC 1c:ba:8c:a2:ed:70
[   28.818085] configfs-gadget.g_multi gadget.0: HOST MAC 1c:ba:8c:a2:ed:6c
[   28.824943] configfs-gadget.g_multi gadget.0: MAC 1c:ba:8c:a2:ed:6d
[   28.838385] PM: Cannot get wkup_m3_ipc handle
[[0;32m  OK  [0m] Started Avahi mDNS/DNS-SD Stack.
[[0;32m  OK  [0m] Started Connection service.
[[0;32m  OK  [0m] Started Login Service.
[[0;32m  OK  [0m] Reached target Sound Card.
         Starting LSB: set CPUFreq kernel parameters...
[[0;32m  OK  [0m] Reached target Network.
         Starting The Apache HTTP Server...
         Starting Permit User Sessions...
         Starting OpenBSD Secure Shell server...
[[0;32m  OK  [0m] Reached target Network is Online.
         Starting LSB: Advanced IEEE 802.11 management daemon...
[[0;32m  OK  [0m] Started Permit User Sessions.
[[0;32m  OK  [0m] Started LSB: Advanced IEEE 802.11 management daemon.
         Starting Hostname Service...
         Starting WPA supplicant...
[[0;32m  OK  [0m] Started Getty on tty1.
[[0;32m  OK  [0m] Started Serial Getty on ttyS0.
[[0;32m  OK  [0m] Reached target Login Prompts.
[[0;32m  OK  [0m] Started LSB: set CPUFreq kernel parameters.
[[0;32m  OK  [0m] Started WPA supplicant.
[[0;32m  OK  [0m] Started Hostname Service.
[[0;32m  OK  [0m] Started OpenBSD Secure Shell server.
         Stopping LSB: Start busybox udhcpd at boot time...
[[0;32m  OK  [0m] Stopped LSB: Start busybox udhcpd at boot time.
[[0;32m  OK  [0m] Started The Apache HTTP Server.
         Starting dnsmasq - A lightweight DHCP and caching DNS server...
[[0;32m  OK  [0m] Started dnsmasq - A lightweight DHCP and caching DNS server.
[[0;32m  OK  [0m] Reached target Host and Network Name Lookups.
[[0;32m  OK  [0m] Started Serial Getty on ttyGS0.
[[0;32m  OK  [0m] Started Generic Board Startup.
[[0;32m  OK  [0m] Reached target Multi-User System.
[[0;32m  OK  [0m] Reached target Graphical Interface.
         Starting Update UTMP about System Runlevel Changes...
[[0;32m  OK  [0m] Started Update UTMP about System Runlevel Changes.

Debian GNU/Linux 9 arm ttyS0

default username:password is [debian:temppwd]

arm login: root
Password: 
Last login: Sat Jan  1 00:00:41 UTC 2000 on ttyS0
root
Linux arm 6.6.110 #1 SMP Mon Oct  6 13:38:03 EEST 2025 armv7l

The programs included with the Debian GNU/Linux system are free software;
the exact distribution terms for each program are described in the
individual files in /usr/share/doc/*/copyright.

Debian GNU/Linux comes with ABSOLUTELY NO WARRANTY, to the extent
permitted by applicable law.
root@arm:~# root
-bash: root: command not found
root@arm:~# dmesg -n 1
root@arm:~# echo 'XSGX''JSMPEV'
XSGXJSMPEV
root@arm:~# run() { echo -n "$MARKER"; sh -c "$@"; echo "$MARKER $?"; }
root@arm:~# echo 'WSOH''OVTKNA'
WSOHOVTKNA
root@arm:~# MARKER='SAMM''KCXCVN' run 'cat /proc/version'
SAMMKCXCVNLinux version 6.6.110 (user01@drvtest01) (arm-none-eabi-gcc (Arm GNU Toolchain 14.2.Rel1 (Build arm-14.52)) 14.2.1 20241119, GNU ld (Arm GNU Toolchain 14.2.Rel1 (Build arm-14.52)) 2.43.1.20241119) #1 SMP Mon Oct  6 13:38:03 EEST 2025
SAMMKCXCVN 0
root@arm:~# echo 'AGLC''GLLCLL'
AGLCGLLCLL
root@arm:~# MARKER='JGLO''KJNACX' run false
JGLOKJNACXJGLOKJNACX 1
root@arm:~# Labgrid Console Logfile for main
Logfile started at 2025-10-06 13:40:56.609881
=== Log starts here ===

root@arm:~# run() { echo -n "$MARKER"; sh -c "$@"; echo "$MARKER $?"; }
root@arm:~# echo 'NQJA''XTLTKB'
NQJAXTLTKB
root@arm:~# MARKER='AETX''BJVFLE' run 'ls /iio_generic_buffer; echo $?'
AETXBJVFLE/iio_generic_buffer
0
AETXBJVFLE 0
root@arm:~# Labgrid Console Logfile for main
Logfile started at 2025-10-06 13:41:00.008667
=== Log starts here ===

root@arm:~# run() { echo -n "$MARKER"; sh -c "$@"; echo "$MARKER $?"; }
root@arm:~# echo 'ANKQ''QACNKG'
ANKQQACNKG
root@arm:~# MARKER='LFMJ''FOYZOE' run dmesg
LFMJFOYZOE[    0.000000] Booting Linux on physical CPU 0x0
[    0.000000] Linux version 6.6.110 (user01@drvtest01) (arm-none-eabi-gcc (Arm GNU Toolchain 14.2.Rel1 (Build arm-14.52)) 14.2.1 20241119, GNU ld (Arm GNU Toolchain 14.2.Rel1 (Build arm-14.52)) 2.43.1.20241119) #1 SMP Mon Oct  6 13:38:03 EEST 2025
[    0.000000] CPU: ARMv7 Processor [413fc082] revision 2 (ARMv7), cr=10c5387d
[    0.000000] CPU: PIPT / VIPT nonaliasing data cache, VIPT aliasing instruction cache
[    0.000000] OF: fdt: Machine model: TI AM335x BeagleBone Black
[    0.000000] Memory policy: Data cache writeback
[    0.000000] cma: Reserved 16 MiB at 0x9e800000 on node -1
[    0.000000] Zone ranges:
[    0.000000]   Normal   [mem 0x0000000080000000-0x000000009fdfffff]
[    0.000000]   HighMem  empty
[    0.000000] Movable zone start for each node
[    0.000000] Early memory node ranges
[    0.000000]   node   0: [mem 0x0000000080000000-0x000000009fdfffff]
[    0.000000] Initmem setup node 0 [mem 0x0000000080000000-0x000000009fdfffff]
[    0.000000] CPU: All CPU(s) started in SVC mode.
[    0.000000] AM335X ES2.1 (sgx neon)
[    0.000000] percpu: Embedded 16 pages/cpu s36116 r8192 d21228 u65536
[    0.000000] pcpu-alloc: s36116 r8192 d21228 u65536 alloc=16*4096
[    0.000000] pcpu-alloc: [0] 0 
[    0.000000] Kernel command line: console=ttyO0,115200n8 root=/dev/nfs rw nfsroot=192.168.255.126:/home/user01/nfs,nfsvers=3 ip=192.168.255.1:192.168.255.126::255.255.255.0:bbb1:eth0 nfsrootdebug
[    0.000000] Unknown kernel command line parameters "nfsrootdebug", will be passed to user space.
[    0.000000] Dentry cache hash table entries: 65536 (order: 6, 262144 bytes, linear)
[    0.000000] Inode-cache hash table entries: 32768 (order: 5, 131072 bytes, linear)
[    0.000000] Built 1 zonelists, mobility grouping on.  Total pages: 129412
[    0.000000] mem auto-init: stack:off, heap alloc:off, heap free:off
[    0.000000] Memory: 483604K/522240K available (11264K kernel code, 1165K rwdata, 2704K rodata, 1024K init, 282K bss, 22252K reserved, 16384K cma-reserved, 0K highmem)
[    0.000000] SLUB: HWalign=64, Order=0-3, MinObjects=0, CPUs=1, Nodes=1
[    0.000000] rcu: Hierarchical RCU implementation.
[    0.000000] rcu: 	RCU event tracing is enabled.
[    0.000000] rcu: 	RCU restricting CPUs from NR_CPUS=2 to nr_cpu_ids=1.
[    0.000000] rcu: RCU calculated value of scheduler-enlistment delay is 10 jiffies.
[    0.000000] rcu: Adjusting geometry for rcu_fanout_leaf=16, nr_cpu_ids=1
[    0.000000] NR_IRQS: 16, nr_irqs: 16, preallocated irqs: 16
[    0.000000] IRQ: Found an INTC at 0x(ptrval) (revision 5.0) with 128 interrupts
[    0.000000] rcu: srcu_init: Setting srcu_struct sizes based on contention.
[    0.000000] TI gptimer clocksource: always-on /ocp/interconnect@44c00000/segment@200000/target-module@31000
[    0.000003] sched_clock: 32 bits at 24MHz, resolution 41ns, wraps every 89478484971ns
[    0.000027] clocksource: dmtimer: mask: 0xffffffff max_cycles: 0xffffffff, max_idle_ns: 79635851949 ns
[    0.000515] TI gptimer clockevent: 24000000 Hz at /ocp/interconnect@48000000/segment@0/target-module@40000
[    0.002073] Console: colour dummy device 80x30
[    0.002124] WARNING: Your 'console=ttyO0' has been replaced by 'ttyS0'
[    0.002131] This ensures that you still see kernel messages. Please
[    0.002136] update your kernel commandline.
[    0.002174] Calibrating delay loop... 996.14 BogoMIPS (lpj=4980736)
[    0.090565] CPU: Testing write buffer coherency: ok
[    0.090662] CPU0: Spectre v2: using BPIALL workaround
[    0.090673] pid_max: default: 32768 minimum: 301
[    0.090788] LSM: initializing lsm=capability,integrity
[    0.090960] Mount-cache hash table entries: 1024 (order: 0, 4096 bytes, linear)
[    0.090979] Mountpoint-cache hash table entries: 1024 (order: 0, 4096 bytes, linear)
[    0.092464] CPU0: thread -1, cpu 0, socket -1, mpidr 0
[    0.094036] Setting up static identity map for 0x80100000 - 0x80100078
[    0.094317] rcu: Hierarchical SRCU implementation.
[    0.094328] rcu: 	Max phase no-delay instances is 1000.
[    0.095702] smp: Bringing up secondary CPUs ...
[    0.095757] smp: Brought up 1 node, 1 CPU
[    0.095770] SMP: Total of 1 processors activated (996.14 BogoMIPS).
[    0.095783] CPU: All CPU(s) started in SVC mode.
[    0.096662] devtmpfs: initialized
[    0.114050] VFP support v0.3: implementor 41 architecture 3 part 30 variant c rev 3
[    0.114402] clocksource: jiffies: mask: 0xffffffff max_cycles: 0xffffffff, max_idle_ns: 19112604462750000 ns
[    0.114436] futex hash table entries: 256 (order: 2, 16384 bytes, linear)
[    0.115753] pinctrl core: initialized pinctrl subsystem
[    0.117901] NET: Registered PF_NETLINK/PF_ROUTE protocol family
[    0.120423] DMA: preallocated 256 KiB pool for atomic coherent allocations
[    0.121234] audit: initializing netlink subsys (disabled)
[    0.122607] thermal_sys: Registered thermal governor 'fair_share'
[    0.122626] thermal_sys: Registered thermal governor 'step_wise'
[    0.122633] thermal_sys: Registered thermal governor 'user_space'
[    0.122734] audit: type=2000 audit(0.120:1): state=initialized audit_enabled=0 res=1
[    0.122815] cpuidle: using governor menu
[    0.139111] /ocp/interconnect@44c00000/segment@200000/target-module@b000/i2c@0/tda19988@70: Fixed dependency cycle(s) with /ocp/interconnect@48000000/segment@300000/target-module@e000/lcdc@0
[    0.140177] /ocp/interconnect@48000000/segment@300000/target-module@e000/lcdc@0: Fixed dependency cycle(s) with /ocp/interconnect@44c00000/segment@200000/target-module@b000/i2c@0/tda19988@70
[    0.142391] No ATAGs?
[    0.142411] hw-breakpoint: debug architecture 0x4 unsupported.
[    0.145430] kprobes: kprobe jump-optimization is enabled. All kprobes are optimized if possible.
[    0.163411] iommu: Default domain type: Translated
[    0.163432] iommu: DMA domain TLB invalidation policy: strict mode
[    0.164871] SCSI subsystem initialized
[    0.165695] reg-fixed-voltage fixedregulator0: using DT '/fixedregulator0' for '(null)' GPIO lookup
[    0.165751] of_get_named_gpiod_flags: can't parse 'gpios' property of node '/fixedregulator0[0]'
[    0.165781] of_get_named_gpiod_flags: can't parse 'gpio' property of node '/fixedregulator0[0]'
[    0.165800] reg-fixed-voltage fixedregulator0: using lookup tables for GPIO lookup
[    0.165810] reg-fixed-voltage fixedregulator0: No GPIO consumer (null) found
[    0.166338] libata version 3.00 loaded.
[    0.166693] pps_core: LinuxPPS API ver. 1 registered
[    0.166705] pps_core: Software ver. 5.3.6 - Copyright 2005-2007 Rodolfo Giometti <giometti@linux.it>
[    0.166731] PTP clock support registered
[    0.170841] vgaarb: loaded
[    0.171172] clocksource: Switched to clocksource dmtimer
[    0.171782] VFS: Disk quotas dquot_6.6.0
[    0.171840] VFS: Dquot-cache hash table entries: 1024 (order 0, 4096 bytes)
[    0.203185] NET: Registered PF_INET protocol family
[    0.203521] IP idents hash table entries: 8192 (order: 4, 65536 bytes, linear)
[    0.204845] tcp_listen_portaddr_hash hash table entries: 512 (order: 0, 4096 bytes, linear)
[    0.204883] Table-perturb hash table entries: 65536 (order: 6, 262144 bytes, linear)
[    0.204901] TCP established hash table entries: 4096 (order: 2, 16384 bytes, linear)
[    0.204947] TCP bind hash table entries: 4096 (order: 4, 65536 bytes, linear)
[    0.205047] TCP: Hash tables configured (established 4096 bind 4096)
[    0.205183] UDP hash table entries: 256 (order: 1, 8192 bytes, linear)
[    0.205213] UDP-Lite hash table entries: 256 (order: 1, 8192 bytes, linear)
[    0.205386] NET: Registered PF_UNIX/PF_LOCAL protocol family
[    0.212143] RPC: Registered named UNIX socket transport module.
[    0.212164] RPC: Registered udp transport module.
[    0.212169] RPC: Registered tcp transport module.
[    0.212174] RPC: Registered tcp-with-tls transport module.
[    0.212179] RPC: Registered tcp NFSv4.1 backchannel transport module.
[    0.212205] PCI: CLS 0 bytes, default 64
[    0.213803] Initialise system trusted keyrings
[    0.221996] workingset: timestamp_bits=14 max_order=17 bucket_order=3
[    0.223214] NFS: Registering the id_resolver key type
[    0.223293] Key type id_resolver registered
[    0.223301] Key type id_legacy registered
[    0.223355] jffs2: version 2.2. (NAND) (SUMMARY)  Â© 2001-2006 Red Hat, Inc.
[    0.223744] Key type asymmetric registered
[    0.223760] Asymmetric key parser 'x509' registered
[    0.223832] io scheduler mq-deadline registered
[    0.223843] io scheduler kyber registered
[    0.223909] io scheduler bfq registered
[    0.232934] hw perfevents: enabled with armv7_cortex_a8 PMU driver, 5 counters available
[    0.241446] l3-aon-clkctrl:0000:0: failed to disable
[    0.254789] Serial: 8250/16550 driver, 6 ports, IRQ sharing enabled
[    0.294624] brd: module loaded
[    0.314056] loop: module loaded
[    0.314987] mtdoops: mtd device (mtddev=name/number) must be supplied
[    0.316491] mdio_bus fixed-0: using lookup tables for GPIO lookup
[    0.316516] mdio_bus fixed-0: No GPIO consumer reset found
[    0.317741] i2c_dev: i2c /dev entries driver
[    0.318725] cpuidle: enable-method property 'ti,am3352' found operations
[    0.319181] sdhci: Secure Digital Host Controller Interface driver
[    0.319193] sdhci: Copyright(c) Pierre Ossman
[    0.319380] sdhci-pltfm: SDHCI platform and OF driver helper
[    0.319648] ledtrig-cpu: registered to indicate activity on CPUs
[    0.320419] Initializing XFRM netlink socket
[    0.320545] NET: Registered PF_INET6 protocol family
[    0.331788] Segment Routing with IPv6
[    0.331866] In-situ OAM (IOAM) with IPv6
[    0.331974] sit: IPv6, IPv4 and MPLS over IPv4 tunneling driver
[    0.332946] NET: Registered PF_PACKET protocol family
[    0.332977] NET: Registered PF_KEY protocol family
[    0.333102] Key type dns_resolver registered
[    0.333326] ThumbEE CPU extension supported.
[    0.333349] Registering SWP/SWPB emulation handler
[    0.333858] omap_voltage_late_init: Voltage driver support not added
[    0.334502] SmartReflex Class3 initialized
[    0.360648] Loading compiled-in X.509 certificates
[    0.407557] /ocp/interconnect@44c00000/segment@200000/target-module@b000/i2c@0/tda19988@70: Fixed dependency cycle(s) with /ocp/interconnect@48000000/segment@300000/target-module@e000/lcdc@0
[    0.413923] /ocp/interconnect@44c00000/segment@200000/target-module@b000/i2c@0/tda19988@70: Fixed dependency cycle(s) with /ocp/interconnect@48000000/segment@300000/target-module@e000/lcdc@0
[    0.419186] gpiochip_find_base: found new base at 512
[    0.421830] /ocp/interconnect@44c00000/segment@200000/target-module@b000/i2c@0/tda19988@70: Fixed dependency cycle(s) with /ocp/interconnect@48000000/segment@300000/target-module@e000/lcdc@0
[    0.422743] /ocp/interconnect@44c00000/segment@200000/target-module@b000/i2c@0/tda19988@70: Fixed dependency cycle(s) with /ocp/interconnect@48000000/segment@300000/target-module@e000/lcdc@0
[    0.425988] /ocp/interconnect@44c00000/segment@200000/target-module@10000/scm@0/pinmux@800: Fixed dependency cycle(s) with /ocp/interconnect@44c00000/segment@200000/target-module@10000/scm@0/pinmux@800/clkout2-pins
[    0.426604] pinctrl-single 44e10800.pinmux: 142 pins, size 568
[    0.431786] ti-sysc: probe of 44e31000.target-module failed with error -16
[    0.468689] /ocp/interconnect@48000000/segment@300000/target-module@e000/lcdc@0: Fixed dependency cycle(s) with /ocp/interconnect@44c00000/segment@200000/target-module@b000/i2c@0/tda19988@70
[    0.476575] ti-sysc: probe of 48040000.target-module failed with error -16
[    0.487590] gpiochip_find_base: found new base at 512
[    0.487659] gpio gpiochip0: (gpio-0-31): created GPIO range 0->7 ==> 44e10800.pinmux PIN 0->7
[    0.487679] gpio gpiochip0: (gpio-0-31): created GPIO range 8->11 ==> 44e10800.pinmux PIN 90->93
[    0.487695] gpio gpiochip0: (gpio-0-31): created GPIO range 12->27 ==> 44e10800.pinmux PIN 12->27
[    0.487711] gpio gpiochip0: (gpio-0-31): created GPIO range 28->31 ==> 44e10800.pinmux PIN 30->33
[    0.513109] gpio gpiochip0: (gpio-0-31): added GPIO chardev (254:0)
[    0.513275] gpio gpiochip0: registered GPIOs 512 to 543 on gpio-0-31
[    0.513364] OMAP GPIO hardware version 0.1
[    0.548246] i2c i2c-2: using DT '/ocp/interconnect@48000000/segment@100000/target-module@9c000/i2c@0' for 'scl' GPIO lookup
[    0.548322] of_get_named_gpiod_flags: can't parse 'scl-gpios' property of node '/ocp/interconnect@48000000/segment@100000/target-module@9c000/i2c@0[0]'
[    0.548365] of_get_named_gpiod_flags: can't parse 'scl-gpio' property of node '/ocp/interconnect@48000000/segment@100000/target-module@9c000/i2c@0[0]'
[    0.548401] i2c i2c-2: using lookup tables for GPIO lookup
[    0.548411] i2c i2c-2: No GPIO consumer scl found
[    0.548433] i2c i2c-2: using DT '/ocp/interconnect@48000000/segment@100000/target-module@9c000/i2c@0' for 'sda' GPIO lookup
[    0.548469] of_get_named_gpiod_flags: can't parse 'sda-gpios' property of node '/ocp/interconnect@48000000/segment@100000/target-module@9c000/i2c@0[0]'
[    0.548506] of_get_named_gpiod_flags: can't parse 'sda-gpio' property of node '/ocp/interconnect@48000000/segment@100000/target-module@9c000/i2c@0[0]'
[    0.548537] i2c i2c-2: using lookup tables for GPIO lookup
[    0.548545] i2c i2c-2: No GPIO consumer sda found
[    0.549235] omap_i2c 4819c000.i2c: bus 2 rev0.11 at 100 kHz
[    0.554852] gpiochip_find_base: found new base at 544
[    0.554919] gpio gpiochip1: (gpio-32-63): created GPIO range 0->17 ==> 44e10800.pinmux PIN 34->51
[    0.554938] gpio gpiochip1: (gpio-32-63): created GPIO range 18->21 ==> 44e10800.pinmux PIN 77->80
[    0.554953] gpio gpiochip1: (gpio-32-63): created GPIO range 22->31 ==> 44e10800.pinmux PIN 56->65
[    0.562145] gpio gpiochip1: (gpio-32-63): added GPIO chardev (254:1)
[    0.562292] gpio gpiochip1: registered GPIOs 544 to 575 on gpio-32-63
[    0.564470] gpiochip_find_base: found new base at 576
[    0.564526] gpio gpiochip2: (gpio-64-95): created GPIO range 0->4 ==> 44e10800.pinmux PIN 66->70
[    0.564544] gpio gpiochip2: (gpio-64-95): created GPIO range 5->6 ==> 44e10800.pinmux PIN 98->99
[    0.564560] gpio gpiochip2: (gpio-64-95): created GPIO range 7->8 ==> 44e10800.pinmux PIN 75->76
[    0.564576] gpio gpiochip2: (gpio-64-95): created GPIO range 13->13 ==> 44e10800.pinmux PIN 141->141
[    0.564592] gpio gpiochip2: (gpio-64-95): created GPIO range 14->21 ==> 44e10800.pinmux PIN 100->107
[    0.571657] gpio gpiochip2: (gpio-64-95): added GPIO chardev (254:2)
[    0.571793] gpio gpiochip2: registered GPIOs 576 to 607 on gpio-64-95
[    0.577987] /ocp/interconnect@48000000/segment@300000/target-module@e000/lcdc@0: Fixed dependency cycle(s) with /ocp/interconnect@44c00000/segment@200000/target-module@b000/i2c@0/tda19988@70
[    0.580654] /ocp/interconnect@48000000/segment@300000/target-module@e000/lcdc@0: Fixed dependency cycle(s) with /ocp/interconnect@44c00000/segment@200000/target-module@b000/i2c@0/tda19988@70
[    0.581577] /ocp/interconnect@44c00000/segment@200000/target-module@b000/i2c@0/tda19988@70: Fixed dependency cycle(s) with /ocp/interconnect@48000000/segment@300000/target-module@e000/lcdc@0
[    0.581754] /ocp/interconnect@48000000/segment@300000/target-module@e000/lcdc@0: Fixed dependency cycle(s) with /ocp/interconnect@44c00000/segment@200000/target-module@b000/i2c@0/tda19988@70
[    0.590935] mdio_bus 4a101000.mdio: using DT '/ocp/interconnect@4a000000/segment@0/target-module@100000/switch@0/mdio@1000' for 'reset' GPIO lookup
[    0.591010] of_get_named_gpiod_flags: can't parse 'reset-gpios' property of node '/ocp/interconnect@4a000000/segment@0/target-module@100000/switch@0/mdio@1000[0]'
[    0.591059] of_get_named_gpiod_flags: can't parse 'reset-gpio' property of node '/ocp/interconnect@4a000000/segment@0/target-module@100000/switch@0/mdio@1000[0]'
[    0.591108] mdio_bus 4a101000.mdio: using lookup tables for GPIO lookup
[    0.591118] mdio_bus 4a101000.mdio: No GPIO consumer reset found
[    0.593104] sdhci-omap 481d8000.mmc: using DT '/ocp/interconnect@48000000/segment@100000/target-module@d8000/mmc@0' for 'wp' GPIO lookup
[    0.593174] of_get_named_gpiod_flags: can't parse 'wp-gpios' property of node '/ocp/interconnect@48000000/segment@100000/target-module@d8000/mmc@0[0]'
[    0.593221] of_get_named_gpiod_flags: can't parse 'wp-gpio' property of node '/ocp/interconnect@48000000/segment@100000/target-module@d8000/mmc@0[0]'
[    0.593258] sdhci-omap 481d8000.mmc: using lookup tables for GPIO lookup
[    0.593268] sdhci-omap 481d8000.mmc: No GPIO consumer wp found
[    0.593462] sdhci-omap 481d8000.mmc: supply pbias not found, using dummy regulator
[    0.593960] sdhci-omap 481d8000.mmc: supply vqmmc not found, using dummy regulator
[    0.671563] davinci_mdio 4a101000.mdio: davinci mdio revision 1.6, bus freq 1000000
[    0.691863] mdio_bus 4a101000.mdio:00: using DT '/ocp/interconnect@4a000000/segment@0/target-module@100000/switch@0/mdio@1000/ethernet-phy@0' for 'reset' GPIO lookup
[    0.691968] of_get_named_gpiod_flags: parsed 'reset-gpios' property of node '/ocp/interconnect@4a000000/segment@0/target-module@100000/switch@0/mdio@1000/ethernet-phy@0[0]' - status (0)
[    0.692131] gpio gpiochip0: Persistence not supported for GPIO 8
[    0.854897] davinci_mdio 4a101000.mdio: phy[0]: device 4a101000.mdio:00, driver SMSC LAN8710/LAN8720
[    0.855521] cpsw-switch 4a100000.switch: initialized cpsw ale version 1.4
[    0.855540] cpsw-switch 4a100000.switch: ALE Table size 1024
[    0.855677] cpsw-switch 4a100000.switch: cpts: overflow check period 500 (jiffies)
[    0.855693] cpsw-switch 4a100000.switch: CPTS: ref_clk_freq:250000000 calc_mult:2147483648 calc_shift:29 error:0 nsec/sec
[    0.855797] cpsw-switch 4a100000.switch: Detected MACID = 6c:ec:eb:68:de:78
[    0.857617] cpsw-switch 4a100000.switch: initialized (regs 0x4a100000, pool size 256) hw_ver:0019010C 1.12 (0)
[    0.868464] debugfs: Directory '49000000.dma' with parent 'dmaengine' already present!
[    0.868507] edma 49000000.dma: TI EDMA DMA engine driver
[    0.899363] gpio-clk clk_mcasp0: using DT '/clk_mcasp0' for 'enable' GPIO lookup
[    0.899442] of_get_named_gpiod_flags: parsed 'enable-gpios' property of node '/clk_mcasp0[0]' - status (0)
[    0.899481] gpio gpiochip0: Persistence not supported for GPIO 27
[    0.900339] gpiochip_find_base: found new base at 608
[    0.900400] gpio gpiochip3: (gpio-96-127): created GPIO range 0->7 ==> 44e10800.pinmux PIN 82->89
[    0.900422] gpio gpiochip3: (gpio-96-127): created GPIO range 8->11 ==> 44e10800.pinmux PIN 52->55
[    0.900439] gpio gpiochip3: (gpio-96-127): created GPIO range 12->15 ==> 44e10800.pinmux PIN 94->97
[    0.900455] gpio gpiochip3: (gpio-96-127): created GPIO range 16->17 ==> 44e10800.pinmux PIN 71->72
[    0.900471] gpio gpiochip3: (gpio-96-127): created GPIO range 18->18 ==> 44e10800.pinmux PIN 135->135
[    0.900487] gpio gpiochip3: (gpio-96-127): created GPIO range 19->20 ==> 44e10800.pinmux PIN 108->109
[    0.900504] gpio gpiochip3: (gpio-96-127): created GPIO range 21->21 ==> 44e10800.pinmux PIN 73->73
[    0.900521] gpio gpiochip3: (gpio-96-127): created GPIO range 22->23 ==> 44e10800.pinmux PIN 8->9
[    0.900539] gpio gpiochip3: (gpio-96-127): created GPIO range 26->27 ==> 44e10800.pinmux PIN 10->11
[    0.900556] gpio gpiochip3: (gpio-96-127): created GPIO range 28->28 ==> 44e10800.pinmux PIN 74->74
[    0.900575] gpio gpiochip3: (gpio-96-127): created GPIO range 29->29 ==> 44e10800.pinmux PIN 81->81
[    0.900593] gpio gpiochip3: (gpio-96-127): created GPIO range 30->31 ==> 44e10800.pinmux PIN 28->29
[    0.913979] gpio gpiochip3: (gpio-96-127): added GPIO chardev (254:3)
[    0.914141] gpio gpiochip3: registered GPIOs 608 to 639 on gpio-96-127
[    0.916608] omap8250 44e09000.serial: using DT '/ocp/interconnect@44c00000/segment@200000/target-module@9000/serial@0' for 'rs485-term' GPIO lookup
[    0.916682] of_get_named_gpiod_flags: can't parse 'rs485-term-gpios' property of node '/ocp/interconnect@44c00000/segment@200000/target-module@9000/serial@0[0]'
[    0.916728] of_get_named_gpiod_flags: can't parse 'rs485-term-gpio' property of node '/ocp/interconnect@44c00000/segment@200000/target-module@9000/serial@0[0]'
[    0.916764] omap8250 44e09000.serial: using lookup tables for GPIO lookup
[    0.916774] omap8250 44e09000.serial: No GPIO consumer rs485-term found
[    0.916785] omap8250 44e09000.serial: using DT '/ocp/interconnect@44c00000/segment@200000/target-module@9000/serial@0' for 'rs485-rx-during-tx' GPIO lookup
[    0.916820] of_get_named_gpiod_flags: can't parse 'rs485-rx-during-tx-gpios' property of node '/ocp/interconnect@44c00000/segment@200000/target-module@9000/serial@0[0]'
[    0.916858] of_get_named_gpiod_flags: can't parse 'rs485-rx-during-tx-gpio' property of node '/ocp/interconnect@44c00000/segment@200000/target-module@9000/serial@0[0]'
[    0.916889] omap8250 44e09000.serial: using lookup tables for GPIO lookup
[    0.916898] omap8250 44e09000.serial: No GPIO consumer rs485-rx-during-tx found
[    0.917269] 44e09000.serial: ttyS0 at MMIO 0x44e09000 (irq = 34, base_baud = 3000000) is a 8250
[    0.917351] printk: console [ttyS0] enabled
[    2.103386] i2c i2c-0: using DT '/ocp/interconnect@44c00000/segment@200000/target-module@b000/i2c@0' for 'scl' GPIO lookup
[    2.103469] of_get_named_gpiod_flags: can't parse 'scl-gpios' property of node '/ocp/interconnect@44c00000/segment@200000/target-module@b000/i2c@0[0]'
[    2.103516] of_get_named_gpiod_flags: can't parse 'scl-gpio' property of node '/ocp/interconnect@44c00000/segment@200000/target-module@b000/i2c@0[0]'
[    2.103553] i2c i2c-0: using lookup tables for GPIO lookup
[    2.103566] i2c i2c-0: No GPIO consumer scl found
[    2.103590] i2c i2c-0: using DT '/ocp/interconnect@44c00000/segment@200000/target-module@b000/i2c@0' for 'sda' GPIO lookup
[    2.103628] of_get_named_gpiod_flags: can't parse 'sda-gpios' property of node '/ocp/interconnect@44c00000/segment@200000/target-module@b000/i2c@0[0]'
[    2.103667] of_get_named_gpiod_flags: can't parse 'sda-gpio' property of node '/ocp/interconnect@44c00000/segment@200000/target-module@b000/i2c@0[0]'
[    2.103700] i2c i2c-0: using lookup tables for GPIO lookup
[    2.103710] i2c i2c-0: No GPIO consumer sda found
[    2.137568] tps65217-pmic: Failed to locate of_node [id: -1]
[    2.143707] tps65217-bl: Failed to locate of_node [id: -1]
[    2.157777] tps65217 0-0024: TPS65217 ID 0xe version 1.2
[    2.163944] /ocp/interconnect@48000000/segment@300000/target-module@e000/lcdc@0: Fixed dependency cycle(s) with /ocp/interconnect@44c00000/segment@200000/target-module@b000/i2c@0/tda19988@70
[    2.181310] /ocp/interconnect@44c00000/segment@200000/target-module@b000/i2c@0/tda19988@70: Fixed dependency cycle(s) with /ocp/interconnect@48000000/segment@300000/target-module@e000/lcdc@0
[    2.198681] omap_i2c 44e0b000.i2c: bus 0 rev0.11 at 400 kHz
[    2.206280] sdhci-omap 48060000.mmc: using DT '/ocp/interconnect@48000000/segment@0/target-module@60000/mmc@0' for 'cd' GPIO lookup
[    2.206380] of_get_named_gpiod_flags: parsed 'cd-gpios' property of node '/ocp/interconnect@48000000/segment@0/target-module@60000/mmc@0[0]' - status (0)
[    2.206499] gpio gpiochip3: Persistence not supported for GPIO 6
[    2.206526] omap_gpio 44e07000.gpio: Could not set line 6 debounce to 200000 microseconds (-22)
[    2.215438] sdhci-omap 48060000.mmc: Got CD GPIO
[    2.220087] sdhci-omap 48060000.mmc: using DT '/ocp/interconnect@48000000/segment@0/target-module@60000/mmc@0' for 'wp' GPIO lookup
[    2.220137] of_get_named_gpiod_flags: can't parse 'wp-gpios' property of node '/ocp/interconnect@48000000/segment@0/target-module@60000/mmc@0[0]'
[    2.220179] of_get_named_gpiod_flags: can't parse 'wp-gpio' property of node '/ocp/interconnect@48000000/segment@0/target-module@60000/mmc@0[0]'
[    2.220216] sdhci-omap 48060000.mmc: using lookup tables for GPIO lookup
[    2.220229] sdhci-omap 48060000.mmc: No GPIO consumer wp found
[    2.220425] sdhci-omap 48060000.mmc: supply pbias not found, using dummy regulator
[    2.229478] sdhci-omap 481d8000.mmc: using DT '/ocp/interconnect@48000000/segment@100000/target-module@d8000/mmc@0' for 'wp' GPIO lookup
[    2.229554] of_get_named_gpiod_flags: can't parse 'wp-gpios' property of node '/ocp/interconnect@48000000/segment@100000/target-module@d8000/mmc@0[0]'
[    2.229602] of_get_named_gpiod_flags: can't parse 'wp-gpio' property of node '/ocp/interconnect@48000000/segment@100000/target-module@d8000/mmc@0[0]'
[    2.229640] sdhci-omap 481d8000.mmc: using lookup tables for GPIO lookup
[    2.229652] sdhci-omap 481d8000.mmc: No GPIO consumer wp found
[    2.230500] sdhci-omap 48060000.mmc: supply vqmmc not found, using dummy regulator
[    2.239638] sdhci-omap 481d8000.mmc: supply pbias not found, using dummy regulator
[    2.249218] sdhci-omap 481d8000.mmc: supply vqmmc not found, using dummy regulator
[    2.284844] mmc0: SDHCI controller on 48060000.mmc [48060000.mmc] using External DMA
[    2.293108] mmc1: SDHCI controller on 481d8000.mmc [481d8000.mmc] using External DMA
[    2.301876] cpsw-switch 4a100000.switch: starting ndev. mode: dual_mac
[    2.371470] mmc1: new high speed MMC card at address 0001
[    2.377870] mmc0: new high speed SDHC card at address aaaa
[    2.384416] mmcblk1: mmc1:0001 MMC04G 3.60 GiB
[    2.392141]  mmcblk1: p1 p2
[    2.396326] mmcblk1boot0: mmc1:0001 MMC04G 2.00 MiB
[    2.402280] mmcblk0: mmc0:aaaa SE32G 29.7 GiB
[    2.408603] mmcblk1boot1: mmc1:0001 MMC04G 2.00 MiB
[    2.416868] mmcblk1rpmb: mmc1:0001 MMC04G 128 KiB, chardev (250:0)
[    2.423601]  mmcblk0: p1 p2
[    2.472349] SMSC LAN8710/LAN8720 4a101000.mdio:00: attached PHY driver (mii_bus:phy_addr=4a101000.mdio:00, irq=POLL)
[    5.601919] cpsw-switch 4a100000.switch eth0: Link is Up - 100Mbps/Full - flow control off
[    5.661191] IP-Config: Complete:
[    5.664464]      device=eth0, hwaddr=6c:ec:eb:68:de:78, ipaddr=192.168.255.1, mask=255.255.255.0, gw=255.255.255.255
[    5.675085]      host=bbb1, domain=, nis-domain=(none)
[    5.680251]      bootserver=192.168.255.126, rootserver=192.168.255.126, rootpath=
[    5.680668] clk: Disabling unused clocks
[    5.692513] KTAP version 1
[    5.695241] 1..0
[    5.718724] VFS: Mounted root (nfs filesystem) on device 0:16.
[    5.725875] devtmpfs: mounted
[    5.730503] Freeing unused kernel image (initmem) memory: 1024K
[    5.737279] Run /sbin/init as init process
[    5.741452]   with arguments:
[    5.741465]     /sbin/init
[    5.741473]     nfsrootdebug
[    5.741480]   with environment:
[    5.741487]     HOME=/
[    5.741495]     TERM=linux
[    6.416234] systemd[1]: System time before build time, advancing clock.
[    7.871191] random: crng init done
[    7.932100] systemd[1]: systemd 232 running in system mode. (+PAM +AUDIT +SELINUX +IMA +APPARMOR +SMACK +SYSVINIT +UTMP +LIBCRYPTSETUP +GCRYPT +GNUTLS +ACL +XZ +LZ4 +SECCOMP +BLKID +ELFUTILS +KMOD +IDN)
[    7.951082] systemd[1]: Detected architecture arm.
[    7.994098] systemd[1]: Set hostname to <arm>.
[    9.055331] systemd[1]: Reached target Swap.
[    9.093195] systemd[1]: Listening on Syslog Socket.
[    9.133030] systemd[1]: Listening on udev Control Socket.
[    9.171949] systemd[1]: Listening on Journal Socket.
[    9.212032] systemd[1]: Started Forward Password Requests to Wall Directory Watch.
[    9.252160] systemd[1]: Listening on Journal Audit Socket.
[    9.292663] systemd[1]: Created slice User and Session Slice.
[   11.554828] systemd-journald[83]: Received request to flush runtime journal from PID 1
[   14.391467] leds-gpio leds: using DT '/leds/led2' for '(null)' GPIO lookup
[   14.391569] of_get_named_gpiod_flags: parsed 'gpios' property of node '/leds/led2[0]' - status (0)
[   14.391623] gpio gpiochip0: Persistence not supported for GPIO 21
[   14.391637] gpio-533 (?): no flags found for (null)
[   14.391943] leds-gpio leds: using DT '/leds/led3' for '(null)' GPIO lookup
[   14.391992] of_get_named_gpiod_flags: parsed 'gpios' property of node '/leds/led3[0]' - status (0)
[   14.392027] gpio gpiochip0: Persistence not supported for GPIO 22
[   14.392038] gpio-534 (?): no flags found for (null)
[   14.433841] leds-gpio leds: using DT '/leds/led4' for '(null)' GPIO lookup
[   14.433939] of_get_named_gpiod_flags: parsed 'gpios' property of node '/leds/led4[0]' - status (0)
[   14.433985] gpio gpiochip0: Persistence not supported for GPIO 23
[   14.433998] gpio-535 (?): no flags found for (null)
[   14.498904] leds-gpio leds: using DT '/leds/led5' for '(null)' GPIO lookup
[   14.499002] of_get_named_gpiod_flags: parsed 'gpios' property of node '/leds/led5[0]' - status (0)
[   14.499049] gpio gpiochip0: Persistence not supported for GPIO 24
[   14.499062] gpio-536 (?): no flags found for (null)
[   14.921686] remoteproc remoteproc0: wkup_m3 is available
[   15.009855] usbcore: registered new interface driver usbfs
[   15.015746] usbcore: registered new interface driver hub
[   15.021293] usbcore: registered new device driver usb
[   15.050272] am335x-phy-driver 47401300.usb-phy: using DT '/ocp/target-module@47400000/usb-phy@1300' for 'reset' GPIO lookup
[   15.050367] of_get_named_gpiod_flags: can't parse 'reset-gpios' property of node '/ocp/target-module@47400000/usb-phy@1300[0]'
[   15.050408] of_get_named_gpiod_flags: can't parse 'reset-gpio' property of node '/ocp/target-module@47400000/usb-phy@1300[0]'
[   15.050444] am335x-phy-driver 47401300.usb-phy: using lookup tables for GPIO lookup
[   15.050458] am335x-phy-driver 47401300.usb-phy: No GPIO consumer reset found
[   15.050471] am335x-phy-driver 47401300.usb-phy: using DT '/ocp/target-module@47400000/usb-phy@1300' for 'vbus-detect' GPIO lookup
[   15.050501] of_get_named_gpiod_flags: can't parse 'vbus-detect-gpios' property of node '/ocp/target-module@47400000/usb-phy@1300[0]'
[   15.050533] of_get_named_gpiod_flags: can't parse 'vbus-detect-gpio' property of node '/ocp/target-module@47400000/usb-phy@1300[0]'
[   15.050558] am335x-phy-driver 47401300.usb-phy: using lookup tables for GPIO lookup
[   15.050569] am335x-phy-driver 47401300.usb-phy: No GPIO consumer vbus-detect found
[   15.050715] am335x-phy-driver 47401300.usb-phy: dummy supplies not allowed for exclusive requests
[   15.450729] am335x-phy-driver 47401b00.usb-phy: using DT '/ocp/target-module@47400000/usb-phy@1b00' for 'reset' GPIO lookup
[   15.450819] of_get_named_gpiod_flags: can't parse 'reset-gpios' property of node '/ocp/target-module@47400000/usb-phy@1b00[0]'
[   15.450861] of_get_named_gpiod_flags: can't parse 'reset-gpio' property of node '/ocp/target-module@47400000/usb-phy@1b00[0]'
[   15.450897] am335x-phy-driver 47401b00.usb-phy: using lookup tables for GPIO lookup
[   15.450911] am335x-phy-driver 47401b00.usb-phy: No GPIO consumer reset found
[   15.450924] am335x-phy-driver 47401b00.usb-phy: using DT '/ocp/target-module@47400000/usb-phy@1b00' for 'vbus-detect' GPIO lookup
[   15.450954] of_get_named_gpiod_flags: can't parse 'vbus-detect-gpios' property of node '/ocp/target-module@47400000/usb-phy@1b00[0]'
[   15.450985] of_get_named_gpiod_flags: can't parse 'vbus-detect-gpio' property of node '/ocp/target-module@47400000/usb-phy@1b00[0]'
[   15.451010] am335x-phy-driver 47401b00.usb-phy: using lookup tables for GPIO lookup
[   15.451021] am335x-phy-driver 47401b00.usb-phy: No GPIO consumer vbus-detect found
[   15.451366] am335x-phy-driver 47401b00.usb-phy: dummy supplies not allowed for exclusive requests
[   15.563744] at24 2-0054: supply vcc not found, using dummy regulator
[   15.587568] omap_rtc 44e3e000.rtc: registered as rtc0
[   15.593026] omap_rtc 44e3e000.rtc: setting system clock to 2000-01-01T00:00:00 UTC (946684800)
[   15.601850] omap_rtc 44e3e000.rtc: using DT '/ocp/interconnect@44c00000/segment@200000/target-module@3e000/rtc@0' for 'wp' GPIO lookup
[   15.601922] of_get_named_gpiod_flags: can't parse 'wp-gpios' property of node '/ocp/interconnect@44c00000/segment@200000/target-module@3e000/rtc@0[0]'
[   15.601973] of_get_named_gpiod_flags: can't parse 'wp-gpio' property of node '/ocp/interconnect@44c00000/segment@200000/target-module@3e000/rtc@0[0]'
[   15.602013] omap_rtc 44e3e000.rtc: using lookup tables for GPIO lookup
[   15.602026] omap_rtc 44e3e000.rtc: No GPIO consumer wp found
[   15.704329] at24 2-0055: supply vcc not found, using dummy regulator
[   15.791349] musb-hdrc musb-hdrc.1: MUSB HDRC host driver
[   15.796778] musb-hdrc musb-hdrc.1: new USB bus registered, assigned bus number 1
[   15.823571] at24 2-0056: supply vcc not found, using dummy regulator
[   15.891811] at24 2-0057: supply vcc not found, using dummy regulator
[   15.975847] usb usb1: New USB device found, idVendor=1d6b, idProduct=0002, bcdDevice= 6.06
[   15.984380] usb usb1: New USB device strings: Mfr=3, Product=2, SerialNumber=1
[   15.991704] usb usb1: Product: MUSB HDRC host driver
[   15.996696] usb usb1: Manufacturer: Linux 6.6.110 musb-hcd
[   16.002245] usb usb1: SerialNumber: musb-hdrc.1
[   16.084216] tps6521x_pwrbutton tps65217-pwrbutton: DMA mask not set
[   16.111366] at24 0-0050: using DT '/ocp/interconnect@44c00000/segment@200000/target-module@b000/i2c@0/baseboard_eeprom@50' for 'wp' GPIO lookup
[   16.111483] of_get_named_gpiod_flags: can't parse 'wp-gpios' property of node '/ocp/interconnect@44c00000/segment@200000/target-module@b000/i2c@0/baseboard_eeprom@50[0]'
[   16.111544] of_get_named_gpiod_flags: can't parse 'wp-gpio' property of node '/ocp/interconnect@44c00000/segment@200000/target-module@b000/i2c@0/baseboard_eeprom@50[0]'
[   16.111589] at24 0-0050: using lookup tables for GPIO lookup
[   16.111602] at24 0-0050: No GPIO consumer wp found
[   16.111887] at24 0-0050: 32768 byte 24c256 EEPROM, writable, 1 bytes/write
[   16.203499] hub 1-0:1.0: USB hub found
[   16.231976] input: tps65217_pwrbutton as /devices/platform/ocp/44c00000.interconnect/44c00000.interconnect:segment@200000/44e0b000.target-module/44e0b000.i2c/i2c-0/0-0024/tps65217-pwrbutton/input/input0
[   16.294359] hub 1-0:1.0: 1 port detected
[   16.336284] wkup_m3_ipc 44e11324.wkup_m3_ipc: IPC Request for A8->M3 Channel failed! -517
[   16.529132] wkup_m3_ipc 44e11324.wkup_m3_ipc: IPC Request for A8->M3 Channel failed! -517
[   17.052181] omap_wdt: OMAP Watchdog Timer Rev 0x01: initial timeout 60 sec
[   17.061570] wkup_m3_ipc 44e11324.wkup_m3_ipc: IPC Request for A8->M3 Channel failed! -517
[   17.659935] omap-mailbox 480c8000.mailbox: omap mailbox rev 0x400
[   17.708074] remoteproc remoteproc0: powering up wkup_m3
[   17.910296] remoteproc remoteproc0: Direct firmware load for am335x-pm-firmware.elf failed with error -2
[   17.921650] remoteproc remoteproc0: request_firmware failed: -2
[   17.927622] wkup_m3_ipc 44e11324.wkup_m3_ipc: rproc_boot failed
[   17.967321] tda998x 0-0070: found TDA19988
[   19.526760] omap_rng 48310000.rng: Random Number Generator ver. 20
[   19.655553] tilcdc 4830e000.lcdc: bound 0-0070 (ops tda998x_audio_codec_init [tda998x])
[   19.764475] [drm] Initialized tilcdc 1.0.0 20121205 for 4830e000.lcdc on minor 0
[   19.822528] tilcdc 4830e000.lcdc: [drm] Cannot find any crtc or sizes
[   19.831312] tilcdc 4830e000.lcdc: [drm] Cannot find any crtc or sizes
[   21.016182] PM: Cannot get wkup_m3_ipc handle
[   21.323959] omap-sham 53100000.sham: hw accel on OMAP rev 4.3
[   21.491394] omap-sham 53100000.sham: will run requests pump with realtime priority
[   21.511302] PM: Cannot get wkup_m3_ipc handle
[   21.568410] omap-aes 53500000.aes: OMAP AES hw accel rev: 3.2
[   21.753973] omap-aes 53500000.aes: will run requests pump with realtime priority
[   21.762858] PM: Cannot get wkup_m3_ipc handle
[   21.792742] Bluetooth: Core ver 2.22
[   21.796559] NET: Registered PF_BLUETOOTH protocol family
[   21.802078] Bluetooth: HCI device and connection manager initialized
[   21.808493] Bluetooth: HCI socket layer initialized
[   21.813465] Bluetooth: L2CAP socket layer initialized
[   21.818577] Bluetooth: SCO socket layer initialized
[   25.289722] PM: Cannot get wkup_m3_ipc handle
[   25.295696] asoc-simple-card sound: using DT '/sound' for 'simple-audio-card,hp-det' GPIO lookup
[   25.295770] of_get_named_gpiod_flags: can't parse 'simple-audio-card,hp-det-gpios' property of node '/sound[0]'
[   25.295804] of_get_named_gpiod_flags: can't parse 'simple-audio-card,hp-det-gpio' property of node '/sound[0]'
[   25.295826] asoc-simple-card sound: using lookup tables for GPIO lookup
[   25.295839] asoc-simple-card sound: No GPIO consumer simple-audio-card,hp-det found
[   25.295852] asoc-simple-card sound: using DT '/sound' for 'simple-audio-card,mic-det' GPIO lookup
[   25.295875] of_get_named_gpiod_flags: can't parse 'simple-audio-card,mic-det-gpios' property of node '/sound[0]'
[   25.295901] of_get_named_gpiod_flags: can't parse 'simple-audio-card,mic-det-gpio' property of node '/sound[0]'
[   25.295919] asoc-simple-card sound: using lookup tables for GPIO lookup
[   25.295929] asoc-simple-card sound: No GPIO consumer simple-audio-card,mic-det found
[   25.364523] PM: Cannot get wkup_m3_ipc handle
[   28.545763] userial_init: registered 8 ttyGS* devices
[   28.720333] rndis_register: configNr = 0
[   28.802622] udc musb-hdrc.0: binding gadget driver [g_multi]
[   28.802717] configfs-gadget.g_multi gadget.0: adding 'rndis'/1fd822ba to config 'c'/bcd0e33b
[   28.803837] configfs-gadget.g_multi gadget.0: HOST MAC 1c:ba:8c:a2:ed:6c
[   28.810612] configfs-gadget.g_multi gadget.0: MAC 1c:ba:8c:a2:ed:70
[   28.817185] rndis_set_param_medium: 0 0
[   28.817209] configfs-gadget.g_multi gadget.0: RNDIS: IN/ep1in OUT/ep1out NOTIFY/ep2in
[   28.817225] configfs-gadget.g_multi gadget.0: adding 'cdc_ethernet'/9be68123 to config 'c'/bcd0e33b
[   28.818085] configfs-gadget.g_multi gadget.0: HOST MAC 1c:ba:8c:a2:ed:6c
[   28.824943] configfs-gadget.g_multi gadget.0: MAC 1c:ba:8c:a2:ed:6d
[   28.831312] configfs-gadget.g_multi gadget.0: CDC Ethernet: IN/ep3in OUT/ep2out NOTIFY/ep4in
[   28.831330] configfs-gadget.g_multi gadget.0: adding 'acm'/3d1a8e02 to config 'c'/bcd0e33b
[   28.831362] configfs-gadget.g_multi gadget.0: acm ttyGS0: IN/ep5in OUT/ep3out NOTIFY/ep6in
[   28.838385] PM: Cannot get wkup_m3_ipc handle
[   30.986722] configfs-gadget.g_multi gadget.0: eth_open
[   34.830663] gs_open: ttyGS0 (de509cc3,dcaf12a0)
[   34.830791] gs_close: ttyGS0 (de509cc3,dcaf12a0) ...
[   34.830811] gs_close: ttyGS0 (de509cc3,dcaf12a0) done!
[   34.845538] gs_open: ttyGS0 (de509cc3,24b1d867)
[   34.845666] gs_close: ttyGS0 (de509cc3,24b1d867) ...
[   34.845688] gs_close: ttyGS0 (de509cc3,24b1d867) done!
[   35.034050] gs_open: ttyGS0 (264eef36,0e271a09)
[   35.034282] gs_close: ttyGS0 (264eef36,0e271a09) ...
[   35.034308] gs_close: ttyGS0 (264eef36,0e271a09) done!
[   35.034609] gs_open: ttyGS0 (264eef36,a33c5c6d)
LFMJFOYZOE 0
root@arm:~# echo 'YCSM''WJJLNO'
YCSMWJJLNO
root@arm:~# MARKER='PFXY''JZKBXV' run 'modprobe test_linear_ranges'
PFXYJZKBXVPFXYJZKBXV 0
root@arm:~# echo 'UZMO''CEQWSP'
UZMOCEQWSP
root@arm:~# MARKER='OMZC''XZAJYZ' run dmesg
OMZCXZAJYZ[    0.000000] Booting Linux on physical CPU 0x0
[    0.000000] Linux version 6.6.110 (user01@drvtest01) (arm-none-eabi-gcc (Arm GNU Toolchain 14.2.Rel1 (Build arm-14.52)) 14.2.1 20241119, GNU ld (Arm GNU Toolchain 14.2.Rel1 (Build arm-14.52)) 2.43.1.20241119) #1 SMP Mon Oct  6 13:38:03 EEST 2025
[    0.000000] CPU: ARMv7 Processor [413fc082] revision 2 (ARMv7), cr=10c5387d
[    0.000000] CPU: PIPT / VIPT nonaliasing data cache, VIPT aliasing instruction cache
[    0.000000] OF: fdt: Machine model: TI AM335x BeagleBone Black
[    0.000000] Memory policy: Data cache writeback
[    0.000000] cma: Reserved 16 MiB at 0x9e800000 on node -1
[    0.000000] Zone ranges:
[    0.000000]   Normal   [mem 0x0000000080000000-0x000000009fdfffff]
[    0.000000]   HighMem  empty
[    0.000000] Movable zone start for each node
[    0.000000] Early memory node ranges
[    0.000000]   node   0: [mem 0x0000000080000000-0x000000009fdfffff]
[    0.000000] Initmem setup node 0 [mem 0x0000000080000000-0x000000009fdfffff]
[    0.000000] CPU: All CPU(s) started in SVC mode.
[    0.000000] AM335X ES2.1 (sgx neon)
[    0.000000] percpu: Embedded 16 pages/cpu s36116 r8192 d21228 u65536
[    0.000000] pcpu-alloc: s36116 r8192 d21228 u65536 alloc=16*4096
[    0.000000] pcpu-alloc: [0] 0 
[    0.000000] Kernel command line: console=ttyO0,115200n8 root=/dev/nfs rw nfsroot=192.168.255.126:/home/user01/nfs,nfsvers=3 ip=192.168.255.1:192.168.255.126::255.255.255.0:bbb1:eth0 nfsrootdebug
[    0.000000] Unknown kernel command line parameters "nfsrootdebug", will be passed to user space.
[    0.000000] Dentry cache hash table entries: 65536 (order: 6, 262144 bytes, linear)
[    0.000000] Inode-cache hash table entries: 32768 (order: 5, 131072 bytes, linear)
[    0.000000] Built 1 zonelists, mobility grouping on.  Total pages: 129412
[    0.000000] mem auto-init: stack:off, heap alloc:off, heap free:off
[    0.000000] Memory: 483604K/522240K available (11264K kernel code, 1165K rwdata, 2704K rodata, 1024K init, 282K bss, 22252K reserved, 16384K cma-reserved, 0K highmem)
[    0.000000] SLUB: HWalign=64, Order=0-3, MinObjects=0, CPUs=1, Nodes=1
[    0.000000] rcu: Hierarchical RCU implementation.
[    0.000000] rcu: 	RCU event tracing is enabled.
[    0.000000] rcu: 	RCU restricting CPUs from NR_CPUS=2 to nr_cpu_ids=1.
[    0.000000] rcu: RCU calculated value of scheduler-enlistment delay is 10 jiffies.
[    0.000000] rcu: Adjusting geometry for rcu_fanout_leaf=16, nr_cpu_ids=1
[    0.000000] NR_IRQS: 16, nr_irqs: 16, preallocated irqs: 16
[    0.000000] IRQ: Found an INTC at 0x(ptrval) (revision 5.0) with 128 interrupts
[    0.000000] rcu: srcu_init: Setting srcu_struct sizes based on contention.
[    0.000000] TI gptimer clocksource: always-on /ocp/interconnect@44c00000/segment@200000/target-module@31000
[    0.000003] sched_clock: 32 bits at 24MHz, resolution 41ns, wraps every 89478484971ns
[    0.000027] clocksource: dmtimer: mask: 0xffffffff max_cycles: 0xffffffff, max_idle_ns: 79635851949 ns
[    0.000515] TI gptimer clockevent: 24000000 Hz at /ocp/interconnect@48000000/segment@0/target-module@40000
[    0.002073] Console: colour dummy device 80x30
[    0.002124] WARNING: Your 'console=ttyO0' has been replaced by 'ttyS0'
[    0.002131] This ensures that you still see kernel messages. Please
[    0.002136] update your kernel commandline.
[    0.002174] Calibrating delay loop... 996.14 BogoMIPS (lpj=4980736)
[    0.090565] CPU: Testing write buffer coherency: ok
[    0.090662] CPU0: Spectre v2: using BPIALL workaround
[    0.090673] pid_max: default: 32768 minimum: 301
[    0.090788] LSM: initializing lsm=capability,integrity
[    0.090960] Mount-cache hash table entries: 1024 (order: 0, 4096 bytes, linear)
[    0.090979] Mountpoint-cache hash table entries: 1024 (order: 0, 4096 bytes, linear)
[    0.092464] CPU0: thread -1, cpu 0, socket -1, mpidr 0
[    0.094036] Setting up static identity map for 0x80100000 - 0x80100078
[    0.094317] rcu: Hierarchical SRCU implementation.
[    0.094328] rcu: 	Max phase no-delay instances is 1000.
[    0.095702] smp: Bringing up secondary CPUs ...
[    0.095757] smp: Brought up 1 node, 1 CPU
[    0.095770] SMP: Total of 1 processors activated (996.14 BogoMIPS).
[    0.095783] CPU: All CPU(s) started in SVC mode.
[    0.096662] devtmpfs: initialized
[    0.114050] VFP support v0.3: implementor 41 architecture 3 part 30 variant c rev 3
[    0.114402] clocksource: jiffies: mask: 0xffffffff max_cycles: 0xffffffff, max_idle_ns: 19112604462750000 ns
[    0.114436] futex hash table entries: 256 (order: 2, 16384 bytes, linear)
[    0.115753] pinctrl core: initialized pinctrl subsystem
[    0.117901] NET: Registered PF_NETLINK/PF_ROUTE protocol family
[    0.120423] DMA: preallocated 256 KiB pool for atomic coherent allocations
[    0.121234] audit: initializing netlink subsys (disabled)
[    0.122607] thermal_sys: Registered thermal governor 'fair_share'
[    0.122626] thermal_sys: Registered thermal governor 'step_wise'
[    0.122633] thermal_sys: Registered thermal governor 'user_space'
[    0.122734] audit: type=2000 audit(0.120:1): state=initialized audit_enabled=0 res=1
[    0.122815] cpuidle: using governor menu
[    0.139111] /ocp/interconnect@44c00000/segment@200000/target-module@b000/i2c@0/tda19988@70: Fixed dependency cycle(s) with /ocp/interconnect@48000000/segment@300000/target-module@e000/lcdc@0
[    0.140177] /ocp/interconnect@48000000/segment@300000/target-module@e000/lcdc@0: Fixed dependency cycle(s) with /ocp/interconnect@44c00000/segment@200000/target-module@b000/i2c@0/tda19988@70
[    0.142391] No ATAGs?
[    0.142411] hw-breakpoint: debug architecture 0x4 unsupported.
[    0.145430] kprobes: kprobe jump-optimization is enabled. All kprobes are optimized if possible.
[    0.163411] iommu: Default domain type: Translated
[    0.163432] iommu: DMA domain TLB invalidation policy: strict mode
[    0.164871] SCSI subsystem initialized
[    0.165695] reg-fixed-voltage fixedregulator0: using DT '/fixedregulator0' for '(null)' GPIO lookup
[    0.165751] of_get_named_gpiod_flags: can't parse 'gpios' property of node '/fixedregulator0[0]'
[    0.165781] of_get_named_gpiod_flags: can't parse 'gpio' property of node '/fixedregulator0[0]'
[    0.165800] reg-fixed-voltage fixedregulator0: using lookup tables for GPIO lookup
[    0.165810] reg-fixed-voltage fixedregulator0: No GPIO consumer (null) found
[    0.166338] libata version 3.00 loaded.
[    0.166693] pps_core: LinuxPPS API ver. 1 registered
[    0.166705] pps_core: Software ver. 5.3.6 - Copyright 2005-2007 Rodolfo Giometti <giometti@linux.it>
[    0.166731] PTP clock support registered
[    0.170841] vgaarb: loaded
[    0.171172] clocksource: Switched to clocksource dmtimer
[    0.171782] VFS: Disk quotas dquot_6.6.0
[    0.171840] VFS: Dquot-cache hash table entries: 1024 (order 0, 4096 bytes)
[    0.203185] NET: Registered PF_INET protocol family
[    0.203521] IP idents hash table entries: 8192 (order: 4, 65536 bytes, linear)
[    0.204845] tcp_listen_portaddr_hash hash table entries: 512 (order: 0, 4096 bytes, linear)
[    0.204883] Table-perturb hash table entries: 65536 (order: 6, 262144 bytes, linear)
[    0.204901] TCP established hash table entries: 4096 (order: 2, 16384 bytes, linear)
[    0.204947] TCP bind hash table entries: 4096 (order: 4, 65536 bytes, linear)
[    0.205047] TCP: Hash tables configured (established 4096 bind 4096)
[    0.205183] UDP hash table entries: 256 (order: 1, 8192 bytes, linear)
[    0.205213] UDP-Lite hash table entries: 256 (order: 1, 8192 bytes, linear)
[    0.205386] NET: Registered PF_UNIX/PF_LOCAL protocol family
[    0.212143] RPC: Registered named UNIX socket transport module.
[    0.212164] RPC: Registered udp transport module.
[    0.212169] RPC: Registered tcp transport module.
[    0.212174] RPC: Registered tcp-with-tls transport module.
[    0.212179] RPC: Registered tcp NFSv4.1 backchannel transport module.
[    0.212205] PCI: CLS 0 bytes, default 64
[    0.213803] Initialise system trusted keyrings
[    0.221996] workingset: timestamp_bits=14 max_order=17 bucket_order=3
[    0.223214] NFS: Registering the id_resolver key type
[    0.223293] Key type id_resolver registered
[    0.223301] Key type id_legacy registered
[    0.223355] jffs2: version 2.2. (NAND) (SUMMARY)  Â© 2001-2006 Red Hat, Inc.
[    0.223744] Key type asymmetric registered
[    0.223760] Asymmetric key parser 'x509' registered
[    0.223832] io scheduler mq-deadline registered
[    0.223843] io scheduler kyber registered
[    0.223909] io scheduler bfq registered
[    0.232934] hw perfevents: enabled with armv7_cortex_a8 PMU driver, 5 counters available
[    0.241446] l3-aon-clkctrl:0000:0: failed to disable
[    0.254789] Serial: 8250/16550 driver, 6 ports, IRQ sharing enabled
[    0.294624] brd: module loaded
[    0.314056] loop: module loaded
[    0.314987] mtdoops: mtd device (mtddev=name/number) must be supplied
[    0.316491] mdio_bus fixed-0: using lookup tables for GPIO lookup
[    0.316516] mdio_bus fixed-0: No GPIO consumer reset found
[    0.317741] i2c_dev: i2c /dev entries driver
[    0.318725] cpuidle: enable-method property 'ti,am3352' found operations
[    0.319181] sdhci: Secure Digital Host Controller Interface driver
[    0.319193] sdhci: Copyright(c) Pierre Ossman
[    0.319380] sdhci-pltfm: SDHCI platform and OF driver helper
[    0.319648] ledtrig-cpu: registered to indicate activity on CPUs
[    0.320419] Initializing XFRM netlink socket
[    0.320545] NET: Registered PF_INET6 protocol family
[    0.331788] Segment Routing with IPv6
[    0.331866] In-situ OAM (IOAM) with IPv6
[    0.331974] sit: IPv6, IPv4 and MPLS over IPv4 tunneling driver
[    0.332946] NET: Registered PF_PACKET protocol family
[    0.332977] NET: Registered PF_KEY protocol family
[    0.333102] Key type dns_resolver registered
[    0.333326] ThumbEE CPU extension supported.
[    0.333349] Registering SWP/SWPB emulation handler
[    0.333858] omap_voltage_late_init: Voltage driver support not added
[    0.334502] SmartReflex Class3 initialized
[    0.360648] Loading compiled-in X.509 certificates
[    0.407557] /ocp/interconnect@44c00000/segment@200000/target-module@b000/i2c@0/tda19988@70: Fixed dependency cycle(s) with /ocp/interconnect@48000000/segment@300000/target-module@e000/lcdc@0
[    0.413923] /ocp/interconnect@44c00000/segment@200000/target-module@b000/i2c@0/tda19988@70: Fixed dependency cycle(s) with /ocp/interconnect@48000000/segment@300000/target-module@e000/lcdc@0
[    0.419186] gpiochip_find_base: found new base at 512
[    0.421830] /ocp/interconnect@44c00000/segment@200000/target-module@b000/i2c@0/tda19988@70: Fixed dependency cycle(s) with /ocp/interconnect@48000000/segment@300000/target-module@e000/lcdc@0
[    0.422743] /ocp/interconnect@44c00000/segment@200000/target-module@b000/i2c@0/tda19988@70: Fixed dependency cycle(s) with /ocp/interconnect@48000000/segment@300000/target-module@e000/lcdc@0
[    0.425988] /ocp/interconnect@44c00000/segment@200000/target-module@10000/scm@0/pinmux@800: Fixed dependency cycle(s) with /ocp/interconnect@44c00000/segment@200000/target-module@10000/scm@0/pinmux@800/clkout2-pins
[    0.426604] pinctrl-single 44e10800.pinmux: 142 pins, size 568
[    0.431786] ti-sysc: probe of 44e31000.target-module failed with error -16
[    0.468689] /ocp/interconnect@48000000/segment@300000/target-module@e000/lcdc@0: Fixed dependency cycle(s) with /ocp/interconnect@44c00000/segment@200000/target-module@b000/i2c@0/tda19988@70
[    0.476575] ti-sysc: probe of 48040000.target-module failed with error -16
[    0.487590] gpiochip_find_base: found new base at 512
[    0.487659] gpio gpiochip0: (gpio-0-31): created GPIO range 0->7 ==> 44e10800.pinmux PIN 0->7
[    0.487679] gpio gpiochip0: (gpio-0-31): created GPIO range 8->11 ==> 44e10800.pinmux PIN 90->93
[    0.487695] gpio gpiochip0: (gpio-0-31): created GPIO range 12->27 ==> 44e10800.pinmux PIN 12->27
[    0.487711] gpio gpiochip0: (gpio-0-31): created GPIO range 28->31 ==> 44e10800.pinmux PIN 30->33
[    0.513109] gpio gpiochip0: (gpio-0-31): added GPIO chardev (254:0)
[    0.513275] gpio gpiochip0: registered GPIOs 512 to 543 on gpio-0-31
[    0.513364] OMAP GPIO hardware version 0.1
[    0.548246] i2c i2c-2: using DT '/ocp/interconnect@48000000/segment@100000/target-module@9c000/i2c@0' for 'scl' GPIO lookup
[    0.548322] of_get_named_gpiod_flags: can't parse 'scl-gpios' property of node '/ocp/interconnect@48000000/segment@100000/target-module@9c000/i2c@0[0]'
[    0.548365] of_get_named_gpiod_flags: can't parse 'scl-gpio' property of node '/ocp/interconnect@48000000/segment@100000/target-module@9c000/i2c@0[0]'
[    0.548401] i2c i2c-2: using lookup tables for GPIO lookup
[    0.548411] i2c i2c-2: No GPIO consumer scl found
[    0.548433] i2c i2c-2: using DT '/ocp/interconnect@48000000/segment@100000/target-module@9c000/i2c@0' for 'sda' GPIO lookup
[    0.548469] of_get_named_gpiod_flags: can't parse 'sda-gpios' property of node '/ocp/interconnect@48000000/segment@100000/target-module@9c000/i2c@0[0]'
[    0.548506] of_get_named_gpiod_flags: can't parse 'sda-gpio' property of node '/ocp/interconnect@48000000/segment@100000/target-module@9c000/i2c@0[0]'
[    0.548537] i2c i2c-2: using lookup tables for GPIO lookup
[    0.548545] i2c i2c-2: No GPIO consumer sda found
[    0.549235] omap_i2c 4819c000.i2c: bus 2 rev0.11 at 100 kHz
[    0.554852] gpiochip_find_base: found new base at 544
[    0.554919] gpio gpiochip1: (gpio-32-63): created GPIO range 0->17 ==> 44e10800.pinmux PIN 34->51
[    0.554938] gpio gpiochip1: (gpio-32-63): created GPIO range 18->21 ==> 44e10800.pinmux PIN 77->80
[    0.554953] gpio gpiochip1: (gpio-32-63): created GPIO range 22->31 ==> 44e10800.pinmux PIN 56->65
[    0.562145] gpio gpiochip1: (gpio-32-63): added GPIO chardev (254:1)
[    0.562292] gpio gpiochip1: registered GPIOs 544 to 575 on gpio-32-63
[    0.564470] gpiochip_find_base: found new base at 576
[    0.564526] gpio gpiochip2: (gpio-64-95): created GPIO range 0->4 ==> 44e10800.pinmux PIN 66->70
[    0.564544] gpio gpiochip2: (gpio-64-95): created GPIO range 5->6 ==> 44e10800.pinmux PIN 98->99
[    0.564560] gpio gpiochip2: (gpio-64-95): created GPIO range 7->8 ==> 44e10800.pinmux PIN 75->76
[    0.564576] gpio gpiochip2: (gpio-64-95): created GPIO range 13->13 ==> 44e10800.pinmux PIN 141->141
[    0.564592] gpio gpiochip2: (gpio-64-95): created GPIO range 14->21 ==> 44e10800.pinmux PIN 100->107
[    0.571657] gpio gpiochip2: (gpio-64-95): added GPIO chardev (254:2)
[    0.571793] gpio gpiochip2: registered GPIOs 576 to 607 on gpio-64-95
[    0.577987] /ocp/interconnect@48000000/segment@300000/target-module@e000/lcdc@0: Fixed dependency cycle(s) with /ocp/interconnect@44c00000/segment@200000/target-module@b000/i2c@0/tda19988@70
[    0.580654] /ocp/interconnect@48000000/segment@300000/target-module@e000/lcdc@0: Fixed dependency cycle(s) with /ocp/interconnect@44c00000/segment@200000/target-module@b000/i2c@0/tda19988@70
[    0.581577] /ocp/interconnect@44c00000/segment@200000/target-module@b000/i2c@0/tda19988@70: Fixed dependency cycle(s) with /ocp/interconnect@48000000/segment@300000/target-module@e000/lcdc@0
[    0.581754] /ocp/interconnect@48000000/segment@300000/target-module@e000/lcdc@0: Fixed dependency cycle(s) with /ocp/interconnect@44c00000/segment@200000/target-module@b000/i2c@0/tda19988@70
[    0.590935] mdio_bus 4a101000.mdio: using DT '/ocp/interconnect@4a000000/segment@0/target-module@100000/switch@0/mdio@1000' for 'reset' GPIO lookup
[    0.591010] of_get_named_gpiod_flags: can't parse 'reset-gpios' property of node '/ocp/interconnect@4a000000/segment@0/target-module@100000/switch@0/mdio@1000[0]'
[    0.591059] of_get_named_gpiod_flags: can't parse 'reset-gpio' property of node '/ocp/interconnect@4a000000/segment@0/target-module@100000/switch@0/mdio@1000[0]'
[    0.591108] mdio_bus 4a101000.mdio: using lookup tables for GPIO lookup
[    0.591118] mdio_bus 4a101000.mdio: No GPIO consumer reset found
[    0.593104] sdhci-omap 481d8000.mmc: using DT '/ocp/interconnect@48000000/segment@100000/target-module@d8000/mmc@0' for 'wp' GPIO lookup
[    0.593174] of_get_named_gpiod_flags: can't parse 'wp-gpios' property of node '/ocp/interconnect@48000000/segment@100000/target-module@d8000/mmc@0[0]'
[    0.593221] of_get_named_gpiod_flags: can't parse 'wp-gpio' property of node '/ocp/interconnect@48000000/segment@100000/target-module@d8000/mmc@0[0]'
[    0.593258] sdhci-omap 481d8000.mmc: using lookup tables for GPIO lookup
[    0.593268] sdhci-omap 481d8000.mmc: No GPIO consumer wp found
[    0.593462] sdhci-omap 481d8000.mmc: supply pbias not found, using dummy regulator
[    0.593960] sdhci-omap 481d8000.mmc: supply vqmmc not found, using dummy regulator
[    0.671563] davinci_mdio 4a101000.mdio: davinci mdio revision 1.6, bus freq 1000000
[    0.691863] mdio_bus 4a101000.mdio:00: using DT '/ocp/interconnect@4a000000/segment@0/target-module@100000/switch@0/mdio@1000/ethernet-phy@0' for 'reset' GPIO lookup
[    0.691968] of_get_named_gpiod_flags: parsed 'reset-gpios' property of node '/ocp/interconnect@4a000000/segment@0/target-module@100000/switch@0/mdio@1000/ethernet-phy@0[0]' - status (0)
[    0.692131] gpio gpiochip0: Persistence not supported for GPIO 8
[    0.854897] davinci_mdio 4a101000.mdio: phy[0]: device 4a101000.mdio:00, driver SMSC LAN8710/LAN8720
[    0.855521] cpsw-switch 4a100000.switch: initialized cpsw ale version 1.4
[    0.855540] cpsw-switch 4a100000.switch: ALE Table size 1024
[    0.855677] cpsw-switch 4a100000.switch: cpts: overflow check period 500 (jiffies)
[    0.855693] cpsw-switch 4a100000.switch: CPTS: ref_clk_freq:250000000 calc_mult:2147483648 calc_shift:29 error:0 nsec/sec
[    0.855797] cpsw-switch 4a100000.switch: Detected MACID = 6c:ec:eb:68:de:78
[    0.857617] cpsw-switch 4a100000.switch: initialized (regs 0x4a100000, pool size 256) hw_ver:0019010C 1.12 (0)
[    0.868464] debugfs: Directory '49000000.dma' with parent 'dmaengine' already present!
[    0.868507] edma 49000000.dma: TI EDMA DMA engine driver
[    0.899363] gpio-clk clk_mcasp0: using DT '/clk_mcasp0' for 'enable' GPIO lookup
[    0.899442] of_get_named_gpiod_flags: parsed 'enable-gpios' property of node '/clk_mcasp0[0]' - status (0)
[    0.899481] gpio gpiochip0: Persistence not supported for GPIO 27
[    0.900339] gpiochip_find_base: found new base at 608
[    0.900400] gpio gpiochip3: (gpio-96-127): created GPIO range 0->7 ==> 44e10800.pinmux PIN 82->89
[    0.900422] gpio gpiochip3: (gpio-96-127): created GPIO range 8->11 ==> 44e10800.pinmux PIN 52->55
[    0.900439] gpio gpiochip3: (gpio-96-127): created GPIO range 12->15 ==> 44e10800.pinmux PIN 94->97
[    0.900455] gpio gpiochip3: (gpio-96-127): created GPIO range 16->17 ==> 44e10800.pinmux PIN 71->72
[    0.900471] gpio gpiochip3: (gpio-96-127): created GPIO range 18->18 ==> 44e10800.pinmux PIN 135->135
[    0.900487] gpio gpiochip3: (gpio-96-127): created GPIO range 19->20 ==> 44e10800.pinmux PIN 108->109
[    0.900504] gpio gpiochip3: (gpio-96-127): created GPIO range 21->21 ==> 44e10800.pinmux PIN 73->73
[    0.900521] gpio gpiochip3: (gpio-96-127): created GPIO range 22->23 ==> 44e10800.pinmux PIN 8->9
[    0.900539] gpio gpiochip3: (gpio-96-127): created GPIO range 26->27 ==> 44e10800.pinmux PIN 10->11
[    0.900556] gpio gpiochip3: (gpio-96-127): created GPIO range 28->28 ==> 44e10800.pinmux PIN 74->74
[    0.900575] gpio gpiochip3: (gpio-96-127): created GPIO range 29->29 ==> 44e10800.pinmux PIN 81->81
[    0.900593] gpio gpiochip3: (gpio-96-127): created GPIO range 30->31 ==> 44e10800.pinmux PIN 28->29
[    0.913979] gpio gpiochip3: (gpio-96-127): added GPIO chardev (254:3)
[    0.914141] gpio gpiochip3: registered GPIOs 608 to 639 on gpio-96-127
[    0.916608] omap8250 44e09000.serial: using DT '/ocp/interconnect@44c00000/segment@200000/target-module@9000/serial@0' for 'rs485-term' GPIO lookup
[    0.916682] of_get_named_gpiod_flags: can't parse 'rs485-term-gpios' property of node '/ocp/interconnect@44c00000/segment@200000/target-module@9000/serial@0[0]'
[    0.916728] of_get_named_gpiod_flags: can't parse 'rs485-term-gpio' property of node '/ocp/interconnect@44c00000/segment@200000/target-module@9000/serial@0[0]'
[    0.916764] omap8250 44e09000.serial: using lookup tables for GPIO lookup
[    0.916774] omap8250 44e09000.serial: No GPIO consumer rs485-term found
[    0.916785] omap8250 44e09000.serial: using DT '/ocp/interconnect@44c00000/segment@200000/target-module@9000/serial@0' for 'rs485-rx-during-tx' GPIO lookup
[    0.916820] of_get_named_gpiod_flags: can't parse 'rs485-rx-during-tx-gpios' property of node '/ocp/interconnect@44c00000/segment@200000/target-module@9000/serial@0[0]'
[    0.916858] of_get_named_gpiod_flags: can't parse 'rs485-rx-during-tx-gpio' property of node '/ocp/interconnect@44c00000/segment@200000/target-module@9000/serial@0[0]'
[    0.916889] omap8250 44e09000.serial: using lookup tables for GPIO lookup
[    0.916898] omap8250 44e09000.serial: No GPIO consumer rs485-rx-during-tx found
[    0.917269] 44e09000.serial: ttyS0 at MMIO 0x44e09000 (irq = 34, base_baud = 3000000) is a 8250
[    0.917351] printk: console [ttyS0] enabled
[    2.103386] i2c i2c-0: using DT '/ocp/interconnect@44c00000/segment@200000/target-module@b000/i2c@0' for 'scl' GPIO lookup
[    2.103469] of_get_named_gpiod_flags: can't parse 'scl-gpios' property of node '/ocp/interconnect@44c00000/segment@200000/target-module@b000/i2c@0[0]'
[    2.103516] of_get_named_gpiod_flags: can't parse 'scl-gpio' property of node '/ocp/interconnect@44c00000/segment@200000/target-module@b000/i2c@0[0]'
[    2.103553] i2c i2c-0: using lookup tables for GPIO lookup
[    2.103566] i2c i2c-0: No GPIO consumer scl found
[    2.103590] i2c i2c-0: using DT '/ocp/interconnect@44c00000/segment@200000/target-module@b000/i2c@0' for 'sda' GPIO lookup
[    2.103628] of_get_named_gpiod_flags: can't parse 'sda-gpios' property of node '/ocp/interconnect@44c00000/segment@200000/target-module@b000/i2c@0[0]'
[    2.103667] of_get_named_gpiod_flags: can't parse 'sda-gpio' property of node '/ocp/interconnect@44c00000/segment@200000/target-module@b000/i2c@0[0]'
[    2.103700] i2c i2c-0: using lookup tables for GPIO lookup
[    2.103710] i2c i2c-0: No GPIO consumer sda found
[    2.137568] tps65217-pmic: Failed to locate of_node [id: -1]
[    2.143707] tps65217-bl: Failed to locate of_node [id: -1]
[    2.157777] tps65217 0-0024: TPS65217 ID 0xe version 1.2
[    2.163944] /ocp/interconnect@48000000/segment@300000/target-module@e000/lcdc@0: Fixed dependency cycle(s) with /ocp/interconnect@44c00000/segment@200000/target-module@b000/i2c@0/tda19988@70
[    2.181310] /ocp/interconnect@44c00000/segment@200000/target-module@b000/i2c@0/tda19988@70: Fixed dependency cycle(s) with /ocp/interconnect@48000000/segment@300000/target-module@e000/lcdc@0
[    2.198681] omap_i2c 44e0b000.i2c: bus 0 rev0.11 at 400 kHz
[    2.206280] sdhci-omap 48060000.mmc: using DT '/ocp/interconnect@48000000/segment@0/target-module@60000/mmc@0' for 'cd' GPIO lookup
[    2.206380] of_get_named_gpiod_flags: parsed 'cd-gpios' property of node '/ocp/interconnect@48000000/segment@0/target-module@60000/mmc@0[0]' - status (0)
[    2.206499] gpio gpiochip3: Persistence not supported for GPIO 6
[    2.206526] omap_gpio 44e07000.gpio: Could not set line 6 debounce to 200000 microseconds (-22)
[    2.215438] sdhci-omap 48060000.mmc: Got CD GPIO
[    2.220087] sdhci-omap 48060000.mmc: using DT '/ocp/interconnect@48000000/segment@0/target-module@60000/mmc@0' for 'wp' GPIO lookup
[    2.220137] of_get_named_gpiod_flags: can't parse 'wp-gpios' property of node '/ocp/interconnect@48000000/segment@0/target-module@60000/mmc@0[0]'
[    2.220179] of_get_named_gpiod_flags: can't parse 'wp-gpio' property of node '/ocp/interconnect@48000000/segment@0/target-module@60000/mmc@0[0]'
[    2.220216] sdhci-omap 48060000.mmc: using lookup tables for GPIO lookup
[    2.220229] sdhci-omap 48060000.mmc: No GPIO consumer wp found
[    2.220425] sdhci-omap 48060000.mmc: supply pbias not found, using dummy regulator
[    2.229478] sdhci-omap 481d8000.mmc: using DT '/ocp/interconnect@48000000/segment@100000/target-module@d8000/mmc@0' for 'wp' GPIO lookup
[    2.229554] of_get_named_gpiod_flags: can't parse 'wp-gpios' property of node '/ocp/interconnect@48000000/segment@100000/target-module@d8000/mmc@0[0]'
[    2.229602] of_get_named_gpiod_flags: can't parse 'wp-gpio' property of node '/ocp/interconnect@48000000/segment@100000/target-module@d8000/mmc@0[0]'
[    2.229640] sdhci-omap 481d8000.mmc: using lookup tables for GPIO lookup
[    2.229652] sdhci-omap 481d8000.mmc: No GPIO consumer wp found
[    2.230500] sdhci-omap 48060000.mmc: supply vqmmc not found, using dummy regulator
[    2.239638] sdhci-omap 481d8000.mmc: supply pbias not found, using dummy regulator
[    2.249218] sdhci-omap 481d8000.mmc: supply vqmmc not found, using dummy regulator
[    2.284844] mmc0: SDHCI controller on 48060000.mmc [48060000.mmc] using External DMA
[    2.293108] mmc1: SDHCI controller on 481d8000.mmc [481d8000.mmc] using External DMA
[    2.301876] cpsw-switch 4a100000.switch: starting ndev. mode: dual_mac
[    2.371470] mmc1: new high speed MMC card at address 0001
[    2.377870] mmc0: new high speed SDHC card at address aaaa
[    2.384416] mmcblk1: mmc1:0001 MMC04G 3.60 GiB
[    2.392141]  mmcblk1: p1 p2
[    2.396326] mmcblk1boot0: mmc1:0001 MMC04G 2.00 MiB
[    2.402280] mmcblk0: mmc0:aaaa SE32G 29.7 GiB
[    2.408603] mmcblk1boot1: mmc1:0001 MMC04G 2.00 MiB
[    2.416868] mmcblk1rpmb: mmc1:0001 MMC04G 128 KiB, chardev (250:0)
[    2.423601]  mmcblk0: p1 p2
[    2.472349] SMSC LAN8710/LAN8720 4a101000.mdio:00: attached PHY driver (mii_bus:phy_addr=4a101000.mdio:00, irq=POLL)
[    5.601919] cpsw-switch 4a100000.switch eth0: Link is Up - 100Mbps/Full - flow control off
[    5.661191] IP-Config: Complete:
[    5.664464]      device=eth0, hwaddr=6c:ec:eb:68:de:78, ipaddr=192.168.255.1, mask=255.255.255.0, gw=255.255.255.255
[    5.675085]      host=bbb1, domain=, nis-domain=(none)
[    5.680251]      bootserver=192.168.255.126, rootserver=192.168.255.126, rootpath=
[    5.680668] clk: Disabling unused clocks
[    5.692513] KTAP version 1
[    5.695241] 1..0
[    5.718724] VFS: Mounted root (nfs filesystem) on device 0:16.
[    5.725875] devtmpfs: mounted
[    5.730503] Freeing unused kernel image (initmem) memory: 1024K
[    5.737279] Run /sbin/init as init process
[    5.741452]   with arguments:
[    5.741465]     /sbin/init
[    5.741473]     nfsrootdebug
[    5.741480]   with environment:
[    5.741487]     HOME=/
[    5.741495]     TERM=linux
[    6.416234] systemd[1]: System time before build time, advancing clock.
[    7.871191] random: crng init done
[    7.932100] systemd[1]: systemd 232 running in system mode. (+PAM +AUDIT +SELINUX +IMA +APPARMOR +SMACK +SYSVINIT +UTMP +LIBCRYPTSETUP +GCRYPT +GNUTLS +ACL +XZ +LZ4 +SECCOMP +BLKID +ELFUTILS +KMOD +IDN)
[    7.951082] systemd[1]: Detected architecture arm.
[    7.994098] systemd[1]: Set hostname to <arm>.
[    9.055331] systemd[1]: Reached target Swap.
[    9.093195] systemd[1]: Listening on Syslog Socket.
[    9.133030] systemd[1]: Listening on udev Control Socket.
[    9.171949] systemd[1]: Listening on Journal Socket.
[    9.212032] systemd[1]: Started Forward Password Requests to Wall Directory Watch.
[    9.252160] systemd[1]: Listening on Journal Audit Socket.
[    9.292663] systemd[1]: Created slice User and Session Slice.
[   11.554828] systemd-journald[83]: Received request to flush runtime journal from PID 1
[   14.391467] leds-gpio leds: using DT '/leds/led2' for '(null)' GPIO lookup
[   14.391569] of_get_named_gpiod_flags: parsed 'gpios' property of node '/leds/led2[0]' - status (0)
[   14.391623] gpio gpiochip0: Persistence not supported for GPIO 21
[   14.391637] gpio-533 (?): no flags found for (null)
[   14.391943] leds-gpio leds: using DT '/leds/led3' for '(null)' GPIO lookup
[   14.391992] of_get_named_gpiod_flags: parsed 'gpios' property of node '/leds/led3[0]' - status (0)
[   14.392027] gpio gpiochip0: Persistence not supported for GPIO 22
[   14.392038] gpio-534 (?): no flags found for (null)
[   14.433841] leds-gpio leds: using DT '/leds/led4' for '(null)' GPIO lookup
[   14.433939] of_get_named_gpiod_flags: parsed 'gpios' property of node '/leds/led4[0]' - status (0)
[   14.433985] gpio gpiochip0: Persistence not supported for GPIO 23
[   14.433998] gpio-535 (?): no flags found for (null)
[   14.498904] leds-gpio leds: using DT '/leds/led5' for '(null)' GPIO lookup
[   14.499002] of_get_named_gpiod_flags: parsed 'gpios' property of node '/leds/led5[0]' - status (0)
[   14.499049] gpio gpiochip0: Persistence not supported for GPIO 24
[   14.499062] gpio-536 (?): no flags found for (null)
[   14.921686] remoteproc remoteproc0: wkup_m3 is available
[   15.009855] usbcore: registered new interface driver usbfs
[   15.015746] usbcore: registered new interface driver hub
[   15.021293] usbcore: registered new device driver usb
[   15.050272] am335x-phy-driver 47401300.usb-phy: using DT '/ocp/target-module@47400000/usb-phy@1300' for 'reset' GPIO lookup
[   15.050367] of_get_named_gpiod_flags: can't parse 'reset-gpios' property of node '/ocp/target-module@47400000/usb-phy@1300[0]'
[   15.050408] of_get_named_gpiod_flags: can't parse 'reset-gpio' property of node '/ocp/target-module@47400000/usb-phy@1300[0]'
[   15.050444] am335x-phy-driver 47401300.usb-phy: using lookup tables for GPIO lookup
[   15.050458] am335x-phy-driver 47401300.usb-phy: No GPIO consumer reset found
[   15.050471] am335x-phy-driver 47401300.usb-phy: using DT '/ocp/target-module@47400000/usb-phy@1300' for 'vbus-detect' GPIO lookup
