Labgrid Console Logfile for main
Logfile started at 2025-06-27 14:40:08.398904
=== Log starts here ===
reading args
spl_load_image_fat_os: error reading image args, err - -1
reading u-boot.img
reading u-boot.img


U-Boot 2014.04-00014-g47880f5 (Apr 22 2014 - 13:23:54)

I2C:   ready
DRAM:  512 MiB
NAND:  0 MiB
MMC:   OMAP SD/MMC: 0, OMAP SD/MMC: 1
*** Warning - readenv() failed, using default environment

Net:   <ethaddr> not set. Validating first E-fuse MAC
cpsw, usb_ether
Hit any key to stop autoboot:  1  0 
gpio: pin 53 (gpio 53) value is 1
mmc0 is current device
gpio: pin 54 (gpio 54) value is 1
SD/MMC found on device 0
reading uEnv.txt
569 bytes read in 3 ms (184.6 KiB/s)
gpio: pin 55 (gpio 55) value is 1
Loaded environment from uEnv.txt
Importing environment from mmc ...
Checking if uenvcmd is set ...
gpio: pin 56 (gpio 56) value is 1
Running uenvcmd ...
cpsw Waiting for PHY auto negotiation to complete. done
link up on port 0, speed 100, full duplex
Using cpsw device
TFTP from server 192.168.255.126; our IP address is 192.168.255.1
Filename 'zImage'.
Load address: 0x81000000
Loading: *#################################################################
	 #################################################################
	 #################################################################
	 #################################################################
	 #################################################################
	 #######
	 2.4 MiB/s
done
Bytes transferred = 4873728 (4a5e00 hex)
link up on port 0, speed 100, full duplex
Using cpsw device
TFTP from server 192.168.255.126; our IP address is 192.168.255.1
Filename 'am335x-boneblack.dtb'.
Load address: 0x82000000
Loading: *#######
	 2.4 MiB/s
done
Bytes transferred = 94874 (1729a hex)
Kernel image @ 0x81000000 [ 0x000000 - 0x4a5e00 ]
## Flattened Device Tree blob at 82000000
   Booting using the fdt blob at 0x82000000
   Using Device Tree in place at 82000000, end 8201a299

Starting kernel ...

[    0.000000] Booting Linux on physical CPU 0x0
[    0.000000] Linux version 5.15.186 (user01@drvtest01) (arm-none-eabi-gcc (Arm GNU Toolchain 14.2.Rel1 (Build arm-14.52)) 14.2.1 20241119, GNU ld (Arm GNU Toolchain 14.2.Rel1 (Build arm-14.52)) 2.43.1.20241119) #1 SMP Fri Jun 27 14:28:04 EEST 2025
[    0.000000] CPU: ARMv7 Processor [413fc082] revision 2 (ARMv7), cr=10c5387d
[    0.000000] CPU: PIPT / VIPT nonaliasing data cache, VIPT aliasing instruction cache
[    0.000000] OF: fdt: Machine model: TI AM335x BeagleBone Black
[    0.000000] Memory policy: Data cache writeback
[    0.000000] cma: Reserved 16 MiB at 0x9e800000
[    0.000000] Zone ranges:
[    0.000000]   Normal   [mem 0x0000000080000000-0x000000009fdfffff]
[    0.000000]   HighMem  empty
[    0.000000] Movable zone start for each node
[    0.000000] Early memory node ranges
[    0.000000]   node   0: [mem 0x0000000080000000-0x000000009fdfffff]
[    0.000000] Initmem setup node 0 [mem 0x0000000080000000-0x000000009fdfffff]
[    0.000000] CPU: All CPU(s) started in SVC mode.
[    0.000000] AM335X ES2.1 (sgx neon)
[    0.000000] percpu: Embedded 16 pages/cpu s33804 r8192 d23540 u65536
[    0.000000] Built 1 zonelists, mobility grouping on.  Total pages: 129412
[    0.000000] Kernel command line: console=ttyO0,115200n8 root=/dev/nfs rw nfsroot=192.168.255.126:/home/user01/nfs,nfsvers=3 ip=192.168.255.1:192.168.255.126::255.255.255.0:bbb1:eth0 nfsrootdebug
[    0.000000] Unknown kernel command line parameters "nfsrootdebug", will be passed to user space.
[    0.000000] Dentry cache hash table entries: 65536 (order: 6, 262144 bytes, linear)
[    0.000000] Inode-cache hash table entries: 32768 (order: 5, 131072 bytes, linear)
[    0.000000] mem auto-init: stack:off, heap alloc:off, heap free:off
[    0.000000] Memory: 484756K/522240K available (10240K kernel code, 1079K rwdata, 2392K rodata, 1024K init, 242K bss, 21100K reserved, 16384K cma-reserved, 0K highmem)
[    0.000000] trace event string verifier disabled
[    0.000000] rcu: Hierarchical RCU implementation.
[    0.000000] rcu: 	RCU event tracing is enabled.
[    0.000000] rcu: 	RCU restricting CPUs from NR_CPUS=2 to nr_cpu_ids=1.
[    0.000000] rcu: RCU calculated value of scheduler-enlistment delay is 10 jiffies.
[    0.000000] rcu: Adjusting geometry for rcu_fanout_leaf=16, nr_cpu_ids=1
[    0.000000] NR_IRQS: 16, nr_irqs: 16, preallocated irqs: 16
[    0.000000] IRQ: Found an INTC at 0x(ptrval) (revision 5.0) with 128 interrupts
[    0.000000] TI gptimer clocksource: always-on /ocp/interconnect@44c00000/segment@200000/target-module@31000
[    0.000002] sched_clock: 32 bits at 24MHz, resolution 41ns, wraps every 89478484971ns
[    0.000028] clocksource: dmtimer: mask: 0xffffffff max_cycles: 0xffffffff, max_idle_ns: 79635851949 ns
[    0.000461] TI gptimer clockevent: 24000000 Hz at /ocp/interconnect@48000000/segment@0/target-module@40000
[    0.002319] Console: colour dummy device 80x30
[    0.002380] WARNING: Your 'console=ttyO0' has been replaced by 'ttyS0'
[    0.002392] This ensures that you still see kernel messages. Please
[    0.002401] update your kernel commandline.
[    0.002448] Calibrating delay loop... 996.14 BogoMIPS (lpj=4980736)
[    0.090577] CPU: Testing write buffer coherency: ok
[    0.090667] CPU0: Spectre v2: using BPIALL workaround
[    0.090681] pid_max: default: 32768 minimum: 301
[    0.090824] LSM: Security Framework initializing
[    0.091008] Mount-cache hash table entries: 1024 (order: 0, 4096 bytes, linear)
[    0.091033] Mountpoint-cache hash table entries: 1024 (order: 0, 4096 bytes, linear)
[    0.092606] CPU0: thread -1, cpu 0, socket -1, mpidr 0
[    0.093659] Setting up static identity map for 0x80100000 - 0x80100078
[    0.093892] rcu: Hierarchical SRCU implementation.
[    0.095099] smp: Bringing up secondary CPUs ...
[    0.095126] smp: Brought up 1 node, 1 CPU
[    0.095140] SMP: Total of 1 processors activated (996.14 BogoMIPS).
[    0.095153] CPU: All CPU(s) started in SVC mode.
[    0.095915] devtmpfs: initialized
[    0.110492] VFP support v0.3: implementor 41 architecture 3 part 30 variant c rev 3
[    0.110910] clocksource: jiffies: mask: 0xffffffff max_cycles: 0xffffffff, max_idle_ns: 19112604462750000 ns
[    0.110951] futex hash table entries: 256 (order: 2, 16384 bytes, linear)
[    0.112265] pinctrl core: initialized pinctrl subsystem
[    0.114193] NET: Registered PF_NETLINK/PF_ROUTE protocol family
[    0.116964] DMA: preallocated 256 KiB pool for atomic coherent allocations
[    0.117530] audit: initializing netlink subsys (disabled)
[    0.118728] thermal_sys: Registered thermal governor 'fair_share'
[    0.118749] thermal_sys: Registered thermal governor 'step_wise'
[    0.118765] thermal_sys: Registered thermal governor 'user_space'
[    0.119122] cpuidle: using governor menu
[    0.135417] No ATAGs?
[    0.135454] hw-breakpoint: debug architecture 0x4 unsupported.
[    0.143433] kprobes: kprobe jump-optimization is enabled. All kprobes are optimized if possible.
[    0.143779] audit: type=2000 audit(0.110:1): state=initialized audit_enabled=0 res=1
[    0.149855] iommu: Default domain type: Translated 
[    0.149877] iommu: DMA domain TLB invalidation policy: strict mode 
[    0.151284] vgaarb: loaded
[    0.151813] SCSI subsystem initialized
[    0.152536] pps_core: LinuxPPS API ver. 1 registered
[    0.152555] pps_core: Software ver. 5.3.6 - Copyright 2005-2007 Rodolfo Giometti <giometti@linux.it>
[    0.152583] PTP clock support registered
[    0.153887] clocksource: Switched to clocksource dmtimer
[    0.198939] VFS: Disk quotas dquot_6.6.0
[    0.199057] VFS: Dquot-cache hash table entries: 1024 (order 0, 4096 bytes)
[    0.262416] NET: Registered PF_INET protocol family
[    0.262752] IP idents hash table entries: 8192 (order: 4, 65536 bytes, linear)
[    0.263717] tcp_listen_portaddr_hash hash table entries: 512 (order: 0, 4096 bytes, linear)
[    0.263771] Table-perturb hash table entries: 65536 (order: 6, 262144 bytes, linear)
[    0.263799] TCP established hash table entries: 4096 (order: 2, 16384 bytes, linear)
[    0.263920] TCP bind hash table entries: 4096 (order: 3, 32768 bytes, linear)
[    0.263989] TCP: Hash tables configured (established 4096 bind 4096)
[    0.264126] UDP hash table entries: 256 (order: 1, 8192 bytes, linear)
[    0.264156] UDP-Lite hash table entries: 256 (order: 1, 8192 bytes, linear)
[    0.264350] NET: Registered PF_UNIX/PF_LOCAL protocol family
[    0.285578] RPC: Registered named UNIX socket transport module.
[    0.285613] RPC: Registered udp transport module.
[    0.285623] RPC: Registered tcp transport module.
[    0.285632] RPC: Registered tcp NFSv4.1 backchannel transport module.
[    0.285654] PCI: CLS 0 bytes, default 64
[    0.287037] Initialise system trusted keyrings
[    0.287956] workingset: timestamp_bits=14 max_order=17 bucket_order=3
[    0.289177] NFS: Registering the id_resolver key type
[    0.289249] Key type id_resolver registered
[    0.289260] Key type id_legacy registered
[    0.289315] jffs2: version 2.2. (NAND) (SUMMARY)  Â© 2001-2006 Red Hat, Inc.
[    0.289689] Key type asymmetric registered
[    0.289712] Asymmetric key parser 'x509' registered
[    0.289774] io scheduler mq-deadline registered
[    0.289789] io scheduler kyber registered
[    0.292369] hw perfevents: enabled with armv7_cortex_a8 PMU driver, 5 counters available
[    0.300461] l3-aon-clkctrl:0000:0: failed to disable
[    0.300763] Serial: 8250/16550 driver, 6 ports, IRQ sharing enabled
[    0.342411] brd: module loaded
[    0.349669] loop: module loaded
[    0.350583] mtdoops: mtd device (mtddev=name/number) must be supplied
[    0.352868] i2c_dev: i2c /dev entries driver
[    0.353773] cpuidle: enable-method property 'ti,am3352' found operations
[    0.354322] sdhci: Secure Digital Host Controller Interface driver
[    0.354340] sdhci: Copyright(c) Pierre Ossman
[    0.354515] sdhci-pltfm: SDHCI platform and OF driver helper
[    0.354725] ledtrig-cpu: registered to indicate activity on CPUs
[    0.355270] Initializing XFRM netlink socket
[    0.355479] NET: Registered PF_INET6 protocol family
[    0.357024] Segment Routing with IPv6
[    0.357109] In-situ OAM (IOAM) with IPv6
[    0.357207] sit: IPv6, IPv4 and MPLS over IPv4 tunneling driver
[    0.358023] NET: Registered PF_PACKET protocol family
[    0.358073] NET: Registered PF_KEY protocol family
[    0.358198] Key type dns_resolver registered
[    0.358297] ThumbEE CPU extension supported.
[    0.358318] Registering SWP/SWPB emulation handler
[    0.358824] omap_voltage_late_init: Voltage driver support not added
[    0.359469] SmartReflex Class3 initialized
[    0.360285] Loading compiled-in X.509 certificates
[    0.392471] pinctrl-single 44e10800.pinmux: 142 pins, size 568
[    0.397025] ti-sysc: probe of 44e31000.target-module failed with error -16
[    0.429318] ti-sysc: probe of 48040000.target-module failed with error -16
[    0.481171] OMAP GPIO hardware version 0.1
[    0.493656] omap_i2c 4819c000.i2c: bus 2 rev0.11 at 100 kHz
[    0.534569] sdhci-omap 481d8000.mmc: supply vqmmc not found, using dummy regulator
[    0.585387] davinci_mdio 4a101000.mdio: davinci mdio revision 1.6, bus freq 1000000
[    0.784377] davinci_mdio 4a101000.mdio: phy[0]: device 4a101000.mdio:00, driver SMSC LAN8710/LAN8720
[    0.784958] cpsw-switch 4a100000.switch: initialized cpsw ale version 1.4
[    0.784989] cpsw-switch 4a100000.switch: ALE Table size 1024
[    0.785114] cpsw-switch 4a100000.switch: cpts: overflow check period 500 (jiffies)
[    0.785133] cpsw-switch 4a100000.switch: CPTS: ref_clk_freq:250000000 calc_mult:2147483648 calc_shift:29 error:0 nsec/sec
[    0.785240] cpsw-switch 4a100000.switch: Detected MACID = 6c:ec:eb:68:de:78
[    0.786799] cpsw-switch 4a100000.switch: initialized (regs 0x4a100000, pool size 256) hw_ver:0019010C 1.12 (0)
[    0.796181] debugfs: Directory '49000000.dma' with parent 'dmaengine' already present!
[    0.796237] edma 49000000.dma: TI EDMA DMA engine driver
[    0.837521] 44e09000.serial: ttyS0 at MMIO 0x44e09000 (irq = 19, base_baud = 3000000) is a 8250
[    1.844052] printk: console [ttyS0] enabled
[    1.874655] tps65217-pmic: Failed to locate of_node [id: -1]
[    1.889802] tps65217-bl: Failed to locate of_node [id: -1]
[    1.898266] tps65217 0-0024: TPS65217 ID 0xe version 1.2
[    1.904289] i2c 0-0070: Fixing up cyclic dependency with 4830e000.lcdc
[    1.911141] omap_i2c 44e0b000.i2c: bus 0 rev0.11 at 400 kHz
[    1.918541] omap_gpio 44e07000.gpio: Could not set line 6 debounce to 200000 microseconds (-22)
[    1.927375] sdhci-omap 48060000.mmc: Got CD GPIO
[    1.932330] sdhci-omap 48060000.mmc: supply vqmmc not found, using dummy regulator
[    1.944581] sdhci-omap 481d8000.mmc: supply vqmmc not found, using dummy regulator
[    1.977169] mmc0: SDHCI controller on 48060000.mmc [48060000.mmc] using External DMA
[    1.985223] mmc1: SDHCI controller on 481d8000.mmc [481d8000.mmc] using External DMA
[    1.993678] cpsw-switch 4a100000.switch: starting ndev. mode: dual_mac
[    2.038052] mmc0: new high speed SDHC card at address 5048
[    2.044828] mmcblk0: mmc0:5048 SD16G 14.4 GiB 
[    2.052558]  mmcblk0: p1 p2
[    2.055755] mmcblk0: p2 size 31221760 extends beyond EOD, truncated
[    2.084142] mmc1: new high speed MMC card at address 0001
[    2.090714] mmcblk1: mmc1:0001 MMC04G 3.60 GiB 
[    2.097879]  mmcblk1: p1 p2
[    2.101866] mmcblk1boot0: mmc1:0001 MMC04G 2.00 MiB 
[    2.108997] mmcblk1boot1: mmc1:0001 MMC04G 2.00 MiB 
[    2.115835] mmcblk1rpmb: mmc1:0001 MMC04G 128 KiB, chardev (250:0)
[    2.155704] SMSC LAN8710/LAN8720 4a101000.mdio:00: attached PHY driver (mii_bus:phy_addr=4a101000.mdio:00, irq=POLL)
[    5.284623] cpsw-switch 4a100000.switch eth0: Link is Up - 100Mbps/Full - flow control off
[    5.313940] IPv6: ADDRCONF(NETDEV_CHANGE): eth0: link becomes ready
[    5.343895] IP-Config: Complete:
[    5.347153]      device=eth0, hwaddr=6c:ec:eb:68:de:78, ipaddr=192.168.255.1, mask=255.255.255.0, gw=255.255.255.255
[    5.357764]      host=bbb1, domain=, nis-domain=(none)
[    5.362928]      bootserver=192.168.255.126, rootserver=192.168.255.126, rootpath=
[    5.363297] clk: Disabling unused clocks
[    5.375151] TAP version 14
[    5.377874] 1..0
[    5.400212] VFS: Mounted root (nfs filesystem) on device 0:16.
[    5.407096] devtmpfs: mounted
[    5.411388] Freeing unused kernel image (initmem) memory: 1024K
[    5.418026] Run /sbin/init as init process
[    6.101771] systemd[1]: System time before build time, advancing clock.
[    6.297325] random: systemd: uninitialized urandom read (16 bytes read)
[    6.309140] random: systemd: uninitialized urandom read (16 bytes read)
[    6.319587] systemd[1]: systemd 232 running in system mode. (+PAM +AUDIT +SELINUX +IMA +APPARMOR +SMACK +SYSVINIT +UTMP +LIBCRYPTSETUP +GCRYPT +GNUTLS +ACL +XZ +LZ4 +SECCOMP +BLKID +ELFUTILS +KMOD +IDN)
[    6.339001] systemd[1]: Detected architecture arm.

Welcome to [1mDebian GNU/Linux 9 (stretch)[0m!

[    6.376480] systemd[1]: Set hostname to <arm>.
[    6.772385] random: systemd-cryptse: uninitialized urandom read (16 bytes read)
[    7.318705] random: systemd: uninitialized urandom read (16 bytes read)
[    7.325986] random: systemd: uninitialized urandom read (16 bytes read)
[    7.333083] random: systemd: uninitialized urandom read (16 bytes read)
[    7.346774] systemd[1]: Listening on Journal Socket (/dev/log).
[[0;32m  OK  [0m] Listening on Journal Socket (/dev/log).
[    7.384942] systemd[1]: Listening on Journal Audit Socket.
[[0;32m  OK  [0m] Listening on Journal Audit Socket.
[    7.425410] systemd[1]: Created slice User and Session Slice.
[[0;32m  OK  [0m] Created slice User and Session Slice.
[    7.465748] systemd[1]: Listening on udev Control Socket.
[[0;32m  OK  [0m] Listening on udev Control Socket.
[    7.505533] systemd[1]: Set up automount Arbitrary Executable File Formats File System Automount Point.
[[0;32m  OK  [0m] Set up automount Arbitrary Executabâ€¦rmats File System Automount Point.
[    7.544329] systemd[1]: Reached target Remote File Systems.
[[0;32m  OK  [0m] Reached target Remote File Systems.
[    7.584481] systemd[1]: Listening on udev Kernel Socket.
[[0;32m  OK  [0m] Listening on udev Kernel Socket.
[[0;32m  OK  [0m] Listening on /dev/initctl Compatibility Named Pipe.
[[0;32m  OK  [0m] Started Forward Password Requests to Wall Directory Watch.
[[0;32m  OK  [0m] Started Dispatch Password Requests to Console Directory Watch.
[[0;32m  OK  [0m] Reached target Paths.
[[0;32m  OK  [0m] Reached target Encrypted Volumes.
[[0;32m  OK  [0m] Reached target Swap.
[[0;32m  OK  [0m] Created slice System Slice.
         Mounting POSIX Message Queue File System...
[[0;32m  OK  [0m] Created slice system-serial\x2dgetty.slice.
[[0;32m  OK  [0m] Reached target Slices.
[[0;32m  OK  [0m] Listening on Journal Socket.
         Starting Remount Root and Kernel File Systems...
         Starting Create list of required stâ€¦ce nodes for the current kernel...
         Starting Load Kernel Modules...
[[0;32m  OK  [0m] Listening on Syslog Socket.
         Starting Journal Service...
[[0;32m  OK  [0m] Created slice system-getty.slice.
         Mounting Debug File System...
[[0;32m  OK  [0m] Mounted POSIX Message Queue File System.
[[0;32m  OK  [0m] Started Remount Root and Kernel File Systems.
[[0;32m  OK  [0m] Started Create list of required staâ€¦vice nodes for the current kernel.
         Starting Create Static Device Nodes in /dev...
[    8.353151] random: systemd-journal: uninitialized urandom read (16 bytes read)
[    8.366988] random: systemd: uninitialized urandom read (16 bytes read)
         Starting udev Coldplug all Devices...
[    8.426153] random: systemd-journal: uninitialized urandom read (16 bytes read)
         Starting Load/Save Random Seed...
[[0;32m  OK  [0m] Mounted Debug File System.
[[0;32m  OK  [0m] Started Load Kernel Modules.
         Mounting Configuration File System...
         Starting Apply Kernel Variables...
[[0;32m  OK  [0m] Started Load/Save Random Seed.
[[0;32m  OK  [0m] Mounted Configuration File System.
[[0;32m  OK  [0m] Started Create Static Device Nodes in /dev.
[[0;32m  OK  [0m] Reached target Local File Systems (Pre).
[[0;32m  OK  [0m] Reached target Local File Systems.
         Starting udev Kernel Device Manager...
[[0;32m  OK  [0m] Started Apply Kernel Variables.
         Starting Raise network interfaces...
[    9.371942] random: systemd-journal: uninitialized urandom read (16 bytes read)
[[0;32m  OK  [0m] Started Journal Service.
         Starting Flush Journal to Persistent Storage...
[[0;32m  OK  [0m] Started udev Kernel Device Manager.
[   10.302395] systemd-journald[96]: Received request to flush runtime journal from PID 1
[[0;32m  OK  [0m] Started Flush Journal to Persistent Storage.
         Starting Create Volatile Files and Directories...
[[0;32m  OK  [0m] Started Create Volatile Files and Directories.
         Starting Network Time Synchronization...
         Starting Update UTMP about System Boot/Shutdown...
[   11.744001] random: crng init done
[   11.747467] random: 444 urandom warning(s) missed due to ratelimiting
[[0;32m  OK  [0m] Started Update UTMP about System Boot/Shutdown.
[[0;32m  OK  [0m] Started udev Coldplug all Devices.
[   12.405376] remoteproc remoteproc0: wkup_m3 is available
[   12.592489] at24 2-0054: supply vcc not found, using dummy regulator
[[0;32m  OK  [0m] Found device /dev/ttyS0.
[   12.790523] at24 2-0055: supply vcc not found, using dummy regulator
[   12.931574] at24 2-0056: supply vcc not found, using dummy regulator
[   13.022845] at24 2-0057: supply vcc not found, using dummy regulator
[   13.047900] tps6521x_pwrbutton tps65217-pwrbutton: DMA mask not set
[   13.173223] at24 0-0050: supply vcc not found, using dummy regulator
[   13.230579] at24 0-0050: 32768 byte 24c256 EEPROM, writable, 1 bytes/write
[   13.245450] input: tps65217_pwrbutton as /devices/platform/ocp/44c00000.interconnect/44c00000.interconnect:segment@200000/44e0b000.target-module/44e0b000.i2c/i2c-0/0-0024/tps65217-pwrbutton/input/input0
[   13.349807] omap_rtc 44e3e000.rtc: registered as rtc0
[   13.355075] omap_rtc 44e3e000.rtc: setting system clock to 2000-01-01T00:00:00 UTC (946684800)
[   13.402495] omap_wdt: OMAP Watchdog Timer Rev 0x01: initial timeout 60 sec
[   13.488480] am335x-phy-driver 47401300.usb-phy: supply vcc not found, using dummy regulator
[[0;32m  OK  [0m] Started Network Time Synchronization.
[[0;32m  OK  [0m] Reached target System Initialization.
[[0;32m  OK  [0m] Started Daily Cleanup of Temporary Directories.
[[0;32m  OK  [0m] Listening on D-Bus System Message Bus Socket.
[[0;32m  OK  [0m] Listening on Avahi mDNS/DNS-SD Stack Activation Socket.
[   13.741104] usbcore: registered new interface driver usbfs
[   13.747264] usbcore: registered new interface driver hub
[   13.752701] usbcore: registered new device driver usb
[[0;32m  OK  [0m] Reached target Sockets.
[[0;32m  OK  [0m] Reached target Basic System.
         Starting Telephony service...
         Starting Login Service...
         Starting LSB: Load kernel modules needed to enable cpufreq scaling...
[[0;32m  OK  [0m] Started D-Bus System Message Bus.
[   14.376795] tda998x 0-0070: found TDA19988
[   14.744663] am335x-phy-driver 47401b00.usb-phy: supply vcc not found, using dummy regulator
[   14.878603] musb-hdrc musb-hdrc.1: MUSB HDRC host driver
[   14.884125] musb-hdrc musb-hdrc.1: new USB bus registered, assigned bus number 1
[   14.933267] omap-mailbox 480c8000.mailbox: omap mailbox rev 0x400
[   15.273325] usb usb1: New USB device found, idVendor=1d6b, idProduct=0002, bcdDevice= 5.15
[   15.281858] usb usb1: New USB device strings: Mfr=3, Product=2, SerialNumber=1
[   15.289179] usb usb1: Product: MUSB HDRC host driver
[   15.294191] usb usb1: Manufacturer: Linux 5.15.186 musb-hcd
[   15.299790] usb usb1: SerialNumber: musb-hdrc.1
[   15.802651] hub 1-0:1.0: USB hub found
[   15.900424] hub 1-0:1.0: 1 port detected
[   16.093029] remoteproc remoteproc0: powering up wkup_m3
[   16.189522] remoteproc remoteproc0: Direct firmware load for am335x-pm-firmware.elf failed with error -2
[   16.199295] remoteproc remoteproc0: request_firmware failed: -2
[   16.205294] wkup_m3_ipc 44e11324.wkup_m3_ipc: rproc_boot failed
[   16.477078] omap_rng 48310000.rng: Random Number Generator ver. 20
[   16.508275] tilcdc 4830e000.lcdc: bound 0-0070 (ops tda998x_driver_exit [tda998x])
[   16.598902] [drm] Initialized tilcdc 1.0.0 20121205 for 4830e000.lcdc on minor 0
[   16.708828] tilcdc 4830e000.lcdc: [drm] Cannot find any crtc or sizes
[   16.726008] tilcdc 4830e000.lcdc: [drm] Cannot find any crtc or sizes
[[0;32m  OK  [0m] Started Telephony service.
         Starting Connection service...
         Starting LSB: Start busybox udhcpd at boot time...
         Starting Generic Board Startup...
         Starting System Logging Service...
         Starting Cape Manager Service...
         Starting DUN service...
[[0;32m  OK  [0m] Started Regular background program processing daemon.
[   17.935788] PM: Cannot get wkup_m3_ipc handle
[   17.947374] omap-sham 53100000.sham: hw accel on OMAP rev 4.3
         Starting Avahi mDNS/DNS-SD Stack...
[[0;32m  OK  [0m] Reached target System Time Synchronized.
[   18.026888] omap-aes 53500000.aes: OMAP AES hw accel rev: 3.2
[[0;32m  OK  [0m] Started Daily apt download activities.
[   18.087266] omap-sham 53100000.sham: will run requests pump with realtime priority
[[0;32m  OK  [0m] Started Daily apt upgrade and clean activities.
[[0;32m  OK  [0m] Reached target Timers.[   18.139271] omap-aes 53500000.aes: will run requests pump with realtime priority

[   18.239790] Bluetooth: Core ver 2.22
[   18.243618] NET: Registered PF_BLUETOOTH protocol family
[   18.249076] Bluetooth: HCI device and connection manager initialized
[   18.255513] Bluetooth: HCI socket layer initialized
[   18.260422] Bluetooth: L2CAP socket layer initialized
[   18.265551] Bluetooth: SCO socket layer initialized
[   18.429342] PM: Cannot get wkup_m3_ipc handle
[   18.484438] PM: Cannot get wkup_m3_ipc handle
[[0;32m  OK  [0m] Started System Logging Service.
[[0;32m  OK  [0m] Started Cape Manager Service.
[   20.888200] PM: Cannot get wkup_m3_ipc handle
[   21.010248] PM: Cannot get wkup_m3_ipc handle
[[0;32m  OK  [0m] Started Raise network interfaces.
[[0;32m  OK  [0m] Started LSB: Start busybox udhcpd at boot time.
[[0;32m  OK  [0m] Started LSB: Load kernel modules needed to enable cpufreq scaling.
[   23.728423] using random self ethernet address
[   23.732933] using random host ethernet address
[   23.953692] using random self ethernet address
[   23.958355] using random host ethernet address
[   24.327103] usb0: HOST MAC 1c:ba:8c:a2:ed:6c
[   24.331424] usb0: MAC 1c:ba:8c:a2:ed:70
[   24.336312] usb1: HOST MAC 1c:ba:8c:a2:ed:6c
[   24.340621] usb1: MAC 1c:ba:8c:a2:ed:6d
[[0;32m  OK  [0m] Started DUN service.
[[0;32m  OK  [0m] Started Connection service.
[[0;32m  OK  [0m] Started Avahi mDNS/DNS-SD Stack.
[[0;32m  OK  [0m] Started Login Service.
         Starting Hostname Service...
         Starting WPA supplicant...
[[0;32m  OK  [0m] Reached target Sound Card.
         Starting LSB: set CPUFreq kernel parameters...
[[0;32m  OK  [0m] Started WPA supplicant.
[[0;32m  OK  [0m] Reached target Network.
         Starting The Apache HTTP Server...
[[0;32m  OK  [0m] Reached target Network is Online.
         Starting LSB: Advanced IEEE 802.11 management daemon...
         Starting OpenBSD Secure Shell server...
         Starting Permit User Sessions...
[[0;32m  OK  [0m] Started LSB: Advanced IEEE 802.11 management daemon.
[[0;32m  OK  [0m] Started Hostname Service.
[[0;32m  OK  [0m] Started Permit User Sessions.
[[0;32m  OK  [0m] Started Serial Getty on ttyS0.
[[0;32m  OK  [0m] Started Getty on tty1.
[[0;32m  OK  [0m] Reached target Login Prompts.
[[0;32m  OK  [0m] Started LSB: set CPUFreq kernel parameters.
[[0;32m  OK  [0m] Started OpenBSD Secure Shell server.
         Stopping LSB: Start busybox udhcpd at boot time...
[[0;32m  OK  [0m] Stopped LSB: Start busybox udhcpd at boot time.
[[0;32m  OK  [0m] Started The Apache HTTP Server.
         Starting dnsmasq - A lightweight DHCP and caching DNS server...
[[0;32m  OK  [0m] Started dnsmasq - A lightweight DHCP and caching DNS server.
[[0;32m  OK  [0m] Reached target Host and Network Name Lookups.
[[0;32m  OK  [0m] Started Serial Getty on ttyGS0.
[[0;32m  OK  [0m] Started Generic Board Startup.
[[0;32m  OK  [0m] Reached target Multi-User System.
[[0;32m  OK  [0m] Reached target Graphical Interface.
         Starting Update UTMP about System Runlevel Changes...
[[0;32m  OK  [0m] Started Update UTMP about System Runlevel Changes.

Debian GNU/Linux 9 arm ttyS0

default username:password is [debian:temppwd]

arm login: roo
Password: 
Last login: Sat Jan  1 00:00:37 UTC 2000 on ttyS0
root
Linux arm 5.15.186 #1 SMP Fri Jun 27 14:28:04 EEST 2025 armv7l

The programs included with the Debian GNU/Linux system are free software;
the exact distribution terms for each program are described in the
individual files in /usr/share/doc/*/copyright.

Debian GNU/Linux comes with ABSOLUTELY NO WARRANTY, to the extent
permitted by applicable law.
root@arm:~# root
-bash: root: command not found
root@arm:~# dmesg -n 1
root@arm:~# echo 'QAMV''OKAYOU'
QAMVOKAYOU
root@arm:~# run() { echo -n "$MARKER"; sh -c "$@"; echo "$MARKER $?"; }
root@arm:~# echo 'VPWY''MPJSTY'
VPWYMPJSTY
root@arm:~# MARKER='BQSJ''KHAHYM' run 'cat /proc/version'
BQSJKHAHYMLinux version 5.15.186 (user01@drvtest01) (arm-none-eabi-gcc (Arm GNU Toolchain 14.2.Rel1 (Build arm-14.52)) 14.2.1 20241119, GNU ld (Arm GNU Toolchain 14.2.Rel1 (Build arm-14.52)) 2.43.1.20241119) #1 SMP Fri Jun 27 14:28:04 EEST 2025
BQSJKHAHYM 0
root@arm:~# echo 'JFYB''AOOMKU'
JFYBAOOMKU
root@arm:~# MARKER='AZZX''ENAJVQ' run false
AZZXENAJVQAZZXENAJVQ 1
root@arm:~# Labgrid Console Logfile for main
Logfile started at 2025-06-27 14:41:02.479842
=== Log starts here ===

root@arm:~# run() { echo -n "$MARKER"; sh -c "$@"; echo "$MARKER $?"; }
root@arm:~# echo 'VHAO''TMWSLG'
VHAOTMWSLG
root@arm:~# MARKER='UCNB''GNKBLC' run 'ls /iio_generic_buffer; echo $?'
UCNBGNKBLC/iio_generic_buffer
0
UCNBGNKBLC 0
root@arm:~# Labgrid Console Logfile for main
Logfile started at 2025-06-27 14:41:05.895698
=== Log starts here ===

root@arm:~# run() { echo -n "$MARKER"; sh -c "$@"; echo "$MARKER $?"; }
root@arm:~# echo 'WQMH''LPTLKT'
WQMHLPTLKT
root@arm:~# MARKER='AVZT''QUNTHV' run dmesg
AVZTQUNTHV[    0.000000] Booting Linux on physical CPU 0x0
[    0.000000] Linux version 5.15.186 (user01@drvtest01) (arm-none-eabi-gcc (Arm GNU Toolchain 14.2.Rel1 (Build arm-14.52)) 14.2.1 20241119, GNU ld (Arm GNU Toolchain 14.2.Rel1 (Build arm-14.52)) 2.43.1.20241119) #1 SMP Fri Jun 27 14:28:04 EEST 2025
[    0.000000] CPU: ARMv7 Processor [413fc082] revision 2 (ARMv7), cr=10c5387d
[    0.000000] CPU: PIPT / VIPT nonaliasing data cache, VIPT aliasing instruction cache
[    0.000000] OF: fdt: Machine model: TI AM335x BeagleBone Black
[    0.000000] Memory policy: Data cache writeback
[    0.000000] cma: Reserved 16 MiB at 0x9e800000
[    0.000000] Zone ranges:
[    0.000000]   Normal   [mem 0x0000000080000000-0x000000009fdfffff]
[    0.000000]   HighMem  empty
[    0.000000] Movable zone start for each node
[    0.000000] Early memory node ranges
[    0.000000]   node   0: [mem 0x0000000080000000-0x000000009fdfffff]
[    0.000000] Initmem setup node 0 [mem 0x0000000080000000-0x000000009fdfffff]
[    0.000000] CPU: All CPU(s) started in SVC mode.
[    0.000000] AM335X ES2.1 (sgx neon)
[    0.000000] percpu: Embedded 16 pages/cpu s33804 r8192 d23540 u65536
[    0.000000] pcpu-alloc: s33804 r8192 d23540 u65536 alloc=16*4096
[    0.000000] pcpu-alloc: [0] 0 
[    0.000000] Built 1 zonelists, mobility grouping on.  Total pages: 129412
[    0.000000] Kernel command line: console=ttyO0,115200n8 root=/dev/nfs rw nfsroot=192.168.255.126:/home/user01/nfs,nfsvers=3 ip=192.168.255.1:192.168.255.126::255.255.255.0:bbb1:eth0 nfsrootdebug
[    0.000000] Unknown kernel command line parameters "nfsrootdebug", will be passed to user space.
[    0.000000] Dentry cache hash table entries: 65536 (order: 6, 262144 bytes, linear)
[    0.000000] Inode-cache hash table entries: 32768 (order: 5, 131072 bytes, linear)
[    0.000000] mem auto-init: stack:off, heap alloc:off, heap free:off
[    0.000000] Memory: 484756K/522240K available (10240K kernel code, 1079K rwdata, 2392K rodata, 1024K init, 242K bss, 21100K reserved, 16384K cma-reserved, 0K highmem)
[    0.000000] trace event string verifier disabled
[    0.000000] rcu: Hierarchical RCU implementation.
[    0.000000] rcu: 	RCU event tracing is enabled.
[    0.000000] rcu: 	RCU restricting CPUs from NR_CPUS=2 to nr_cpu_ids=1.
[    0.000000] rcu: RCU calculated value of scheduler-enlistment delay is 10 jiffies.
[    0.000000] rcu: Adjusting geometry for rcu_fanout_leaf=16, nr_cpu_ids=1
[    0.000000] NR_IRQS: 16, nr_irqs: 16, preallocated irqs: 16
[    0.000000] IRQ: Found an INTC at 0x(ptrval) (revision 5.0) with 128 interrupts
[    0.000000] TI gptimer clocksource: always-on /ocp/interconnect@44c00000/segment@200000/target-module@31000
[    0.000002] sched_clock: 32 bits at 24MHz, resolution 41ns, wraps every 89478484971ns
[    0.000028] clocksource: dmtimer: mask: 0xffffffff max_cycles: 0xffffffff, max_idle_ns: 79635851949 ns
[    0.000461] TI gptimer clockevent: 24000000 Hz at /ocp/interconnect@48000000/segment@0/target-module@40000
[    0.002319] Console: colour dummy device 80x30
[    0.002380] WARNING: Your 'console=ttyO0' has been replaced by 'ttyS0'
[    0.002392] This ensures that you still see kernel messages. Please
[    0.002401] update your kernel commandline.
[    0.002448] Calibrating delay loop... 996.14 BogoMIPS (lpj=4980736)
[    0.090577] CPU: Testing write buffer coherency: ok
[    0.090667] CPU0: Spectre v2: using BPIALL workaround
[    0.090681] pid_max: default: 32768 minimum: 301
[    0.090824] LSM: Security Framework initializing
[    0.091008] Mount-cache hash table entries: 1024 (order: 0, 4096 bytes, linear)
[    0.091033] Mountpoint-cache hash table entries: 1024 (order: 0, 4096 bytes, linear)
[    0.092606] CPU0: thread -1, cpu 0, socket -1, mpidr 0
[    0.093659] Setting up static identity map for 0x80100000 - 0x80100078
[    0.093892] rcu: Hierarchical SRCU implementation.
[    0.095099] smp: Bringing up secondary CPUs ...
[    0.095126] smp: Brought up 1 node, 1 CPU
[    0.095140] SMP: Total of 1 processors activated (996.14 BogoMIPS).
[    0.095153] CPU: All CPU(s) started in SVC mode.
[    0.095915] devtmpfs: initialized
[    0.110492] VFP support v0.3: implementor 41 architecture 3 part 30 variant c rev 3
[    0.110910] clocksource: jiffies: mask: 0xffffffff max_cycles: 0xffffffff, max_idle_ns: 19112604462750000 ns
[    0.110951] futex hash table entries: 256 (order: 2, 16384 bytes, linear)
[    0.112265] pinctrl core: initialized pinctrl subsystem
[    0.114193] NET: Registered PF_NETLINK/PF_ROUTE protocol family
[    0.116964] DMA: preallocated 256 KiB pool for atomic coherent allocations
[    0.117530] audit: initializing netlink subsys (disabled)
[    0.118728] thermal_sys: Registered thermal governor 'fair_share'
[    0.118749] thermal_sys: Registered thermal governor 'step_wise'
[    0.118765] thermal_sys: Registered thermal governor 'user_space'
[    0.119122] cpuidle: using governor menu
[    0.135417] No ATAGs?
[    0.135454] hw-breakpoint: debug architecture 0x4 unsupported.
[    0.143433] kprobes: kprobe jump-optimization is enabled. All kprobes are optimized if possible.
[    0.143779] audit: type=2000 audit(0.110:1): state=initialized audit_enabled=0 res=1
[    0.148635] reg-fixed-voltage fixedregulator0: GPIO lookup for consumer (null)
[    0.148662] reg-fixed-voltage fixedregulator0: using device tree for GPIO lookup
[    0.148684] of_get_named_gpiod_flags: can't parse 'gpios' property of node '/fixedregulator0[0]'
[    0.148720] of_get_named_gpiod_flags: can't parse 'gpio' property of node '/fixedregulator0[0]'
[    0.148742] reg-fixed-voltage fixedregulator0: using lookup tables for GPIO lookup
[    0.148753] reg-fixed-voltage fixedregulator0: No GPIO consumer (null) found
[    0.149855] iommu: Default domain type: Translated 
[    0.149877] iommu: DMA domain TLB invalidation policy: strict mode 
[    0.151284] vgaarb: loaded
[    0.151813] SCSI subsystem initialized
[    0.152212] libata version 3.00 loaded.
[    0.152536] pps_core: LinuxPPS API ver. 1 registered
[    0.152555] pps_core: Software ver. 5.3.6 - Copyright 2005-2007 Rodolfo Giometti <giometti@linux.it>
[    0.152583] PTP clock support registered
[    0.153887] clocksource: Switched to clocksource dmtimer
[    0.198939] VFS: Disk quotas dquot_6.6.0
[    0.199057] VFS: Dquot-cache hash table entries: 1024 (order 0, 4096 bytes)
[    0.262416] NET: Registered PF_INET protocol family
[    0.262752] IP idents hash table entries: 8192 (order: 4, 65536 bytes, linear)
[    0.263717] tcp_listen_portaddr_hash hash table entries: 512 (order: 0, 4096 bytes, linear)
[    0.263771] Table-perturb hash table entries: 65536 (order: 6, 262144 bytes, linear)
[    0.263799] TCP established hash table entries: 4096 (order: 2, 16384 bytes, linear)
[    0.263920] TCP bind hash table entries: 4096 (order: 3, 32768 bytes, linear)
[    0.263989] TCP: Hash tables configured (established 4096 bind 4096)
[    0.264126] UDP hash table entries: 256 (order: 1, 8192 bytes, linear)
[    0.264156] UDP-Lite hash table entries: 256 (order: 1, 8192 bytes, linear)
[    0.264350] NET: Registered PF_UNIX/PF_LOCAL protocol family
[    0.285578] RPC: Registered named UNIX socket transport module.
[    0.285613] RPC: Registered udp transport module.
[    0.285623] RPC: Registered tcp transport module.
[    0.285632] RPC: Registered tcp NFSv4.1 backchannel transport module.
[    0.285654] PCI: CLS 0 bytes, default 64
[    0.287037] Initialise system trusted keyrings
[    0.287956] workingset: timestamp_bits=14 max_order=17 bucket_order=3
[    0.289177] NFS: Registering the id_resolver key type
[    0.289249] Key type id_resolver registered
[    0.289260] Key type id_legacy registered
[    0.289315] jffs2: version 2.2. (NAND) (SUMMARY)  Â© 2001-2006 Red Hat, Inc.
[    0.289689] Key type asymmetric registered
[    0.289712] Asymmetric key parser 'x509' registered
[    0.289774] io scheduler mq-deadline registered
[    0.289789] io scheduler kyber registered
[    0.292369] hw perfevents: enabled with armv7_cortex_a8 PMU driver, 5 counters available
[    0.300461] l3-aon-clkctrl:0000:0: failed to disable
[    0.300763] Serial: 8250/16550 driver, 6 ports, IRQ sharing enabled
[    0.342411] brd: module loaded
[    0.349669] loop: module loaded
[    0.350583] mtdoops: mtd device (mtddev=name/number) must be supplied
[    0.351818] mdio_bus fixed-0: GPIO lookup for consumer reset
[    0.351840] mdio_bus fixed-0: using lookup tables for GPIO lookup
[    0.351851] mdio_bus fixed-0: No GPIO consumer reset found
[    0.352868] i2c_dev: i2c /dev entries driver
[    0.353773] cpuidle: enable-method property 'ti,am3352' found operations
[    0.354322] sdhci: Secure Digital Host Controller Interface driver
[    0.354340] sdhci: Copyright(c) Pierre Ossman
[    0.354515] sdhci-pltfm: SDHCI platform and OF driver helper
[    0.354725] ledtrig-cpu: registered to indicate activity on CPUs
[    0.355270] Initializing XFRM netlink socket
[    0.355479] NET: Registered PF_INET6 protocol family
[    0.357024] Segment Routing with IPv6
[    0.357109] In-situ OAM (IOAM) with IPv6
[    0.357207] sit: IPv6, IPv4 and MPLS over IPv4 tunneling driver
[    0.358023] NET: Registered PF_PACKET protocol family
[    0.358073] NET: Registered PF_KEY protocol family
[    0.358198] Key type dns_resolver registered
[    0.358297] ThumbEE CPU extension supported.
[    0.358318] Registering SWP/SWPB emulation handler
[    0.358824] omap_voltage_late_init: Voltage driver support not added
[    0.359469] SmartReflex Class3 initialized
[    0.360285] Loading compiled-in X.509 certificates
[    0.392471] pinctrl-single 44e10800.pinmux: 142 pins, size 568
[    0.397025] ti-sysc: probe of 44e31000.target-module failed with error -16
[    0.429318] ti-sysc: probe of 48040000.target-module failed with error -16
[    0.439571] gpio gpiochip0: (gpio-0-31): created GPIO range 0->7 ==> 44e10800.pinmux PIN 0->7
[    0.439614] gpio gpiochip0: (gpio-0-31): created GPIO range 8->11 ==> 44e10800.pinmux PIN 90->93
[    0.439631] gpio gpiochip0: (gpio-0-31): created GPIO range 12->27 ==> 44e10800.pinmux PIN 12->27
[    0.439647] gpio gpiochip0: (gpio-0-31): created GPIO range 28->31 ==> 44e10800.pinmux PIN 30->33
[    0.480908] gpio gpiochip0: (gpio-0-31): added GPIO chardev (254:0)
[    0.481083] gpio gpiochip0: registered GPIOs 0 to 31 on gpio-0-31
[    0.481171] OMAP GPIO hardware version 0.1
[    0.492716] i2c i2c-2: GPIO lookup for consumer scl
[    0.492751] i2c i2c-2: using device tree for GPIO lookup
[    0.492778] of_get_named_gpiod_flags: can't parse 'scl-gpios' property of node '/ocp/interconnect@48000000/segment@100000/target-module@9c000/i2c@0[0]'
[    0.492824] of_get_named_gpiod_flags: can't parse 'scl-gpio' property of node '/ocp/interconnect@48000000/segment@100000/target-module@9c000/i2c@0[0]'
[    0.492865] i2c i2c-2: using lookup tables for GPIO lookup
[    0.492876] i2c i2c-2: No GPIO consumer scl found
[    0.492898] i2c i2c-2: GPIO lookup for consumer sda
[    0.492907] i2c i2c-2: using device tree for GPIO lookup
[    0.492921] of_get_named_gpiod_flags: can't parse 'sda-gpios' property of node '/ocp/interconnect@48000000/segment@100000/target-module@9c000/i2c@0[0]'
[    0.492959] of_get_named_gpiod_flags: can't parse 'sda-gpio' property of node '/ocp/interconnect@48000000/segment@100000/target-module@9c000/i2c@0[0]'
[    0.492995] i2c i2c-2: using lookup tables for GPIO lookup
[    0.493004] i2c i2c-2: No GPIO consumer sda found
[    0.493656] omap_i2c 4819c000.i2c: bus 2 rev0.11 at 100 kHz
[    0.498979] gpio gpiochip1: (gpio-32-63): created GPIO range 0->17 ==> 44e10800.pinmux PIN 34->51
[    0.499018] gpio gpiochip1: (gpio-32-63): created GPIO range 18->21 ==> 44e10800.pinmux PIN 77->80
[    0.499035] gpio gpiochip1: (gpio-32-63): created GPIO range 22->31 ==> 44e10800.pinmux PIN 56->65
[    0.512458] gpio gpiochip1: (gpio-32-63): added GPIO chardev (254:1)
[    0.512603] gpio gpiochip1: registered GPIOs 32 to 63 on gpio-32-63
[    0.514835] gpio gpiochip2: (gpio-64-95): created GPIO range 0->4 ==> 44e10800.pinmux PIN 66->70
[    0.514872] gpio gpiochip2: (gpio-64-95): created GPIO range 5->6 ==> 44e10800.pinmux PIN 98->99
[    0.514889] gpio gpiochip2: (gpio-64-95): created GPIO range 7->8 ==> 44e10800.pinmux PIN 75->76
[    0.514905] gpio gpiochip2: (gpio-64-95): created GPIO range 13->13 ==> 44e10800.pinmux PIN 141->141
[    0.514922] gpio gpiochip2: (gpio-64-95): created GPIO range 14->21 ==> 44e10800.pinmux PIN 100->107
[    0.515332] gpio gpiochip2: (gpio-64-95): added GPIO chardev (254:2)
[    0.515460] gpio gpiochip2: registered GPIOs 64 to 95 on gpio-64-95
[    0.533019] mdio_bus 4a101000.mdio: GPIO lookup for consumer reset
[    0.533056] mdio_bus 4a101000.mdio: using device tree for GPIO lookup
[    0.533081] of_get_named_gpiod_flags: can't parse 'reset-gpios' property of node '/ocp/interconnect@4a000000/segment@0/target-module@100000/switch@0/mdio@1000[0]'
[    0.533131] of_get_named_gpiod_flags: can't parse 'reset-gpio' property of node '/ocp/interconnect@4a000000/segment@0/target-module@100000/switch@0/mdio@1000[0]'
[    0.533177] mdio_bus 4a101000.mdio: using lookup tables for GPIO lookup
[    0.533188] mdio_bus 4a101000.mdio: No GPIO consumer reset found
[    0.534252] sdhci-omap 481d8000.mmc: GPIO lookup for consumer wp
[    0.534277] sdhci-omap 481d8000.mmc: using device tree for GPIO lookup
[    0.534297] of_get_named_gpiod_flags: can't parse 'wp-gpios' property of node '/ocp/interconnect@48000000/segment@100000/target-module@d8000/mmc@0[0]'
[    0.534348] of_get_named_gpiod_flags: can't parse 'wp-gpio' property of node '/ocp/interconnect@48000000/segment@100000/target-module@d8000/mmc@0[0]'
[    0.534387] sdhci-omap 481d8000.mmc: using lookup tables for GPIO lookup
[    0.534397] sdhci-omap 481d8000.mmc: No GPIO consumer wp found
[    0.534569] sdhci-omap 481d8000.mmc: supply vqmmc not found, using dummy regulator
[    0.585387] davinci_mdio 4a101000.mdio: davinci mdio revision 1.6, bus freq 1000000
[    0.605365] mdio_bus 4a101000.mdio:00: GPIO lookup for consumer reset
[    0.605392] mdio_bus 4a101000.mdio:00: using device tree for GPIO lookup
[    0.605433] of_get_named_gpiod_flags: parsed 'reset-gpios' property of node '/ocp/interconnect@4a000000/segment@0/target-module@100000/switch@0/mdio@1000/ethernet-phy@0[0]' - status (0)
[    0.605595] gpio gpiochip0: Persistence not supported for GPIO 8
[    0.784377] davinci_mdio 4a101000.mdio: phy[0]: device 4a101000.mdio:00, driver SMSC LAN8710/LAN8720
[    0.784958] cpsw-switch 4a100000.switch: initialized cpsw ale version 1.4
[    0.784989] cpsw-switch 4a100000.switch: ALE Table size 1024
[    0.785114] cpsw-switch 4a100000.switch: cpts: overflow check period 500 (jiffies)
[    0.785133] cpsw-switch 4a100000.switch: CPTS: ref_clk_freq:250000000 calc_mult:2147483648 calc_shift:29 error:0 nsec/sec
[    0.785240] cpsw-switch 4a100000.switch: Detected MACID = 6c:ec:eb:68:de:78
[    0.786799] cpsw-switch 4a100000.switch: initialized (regs 0x4a100000, pool size 256) hw_ver:0019010C 1.12 (0)
[    0.796181] debugfs: Directory '49000000.dma' with parent 'dmaengine' already present!
[    0.796237] edma 49000000.dma: TI EDMA DMA engine driver
[    0.824509] gpio-clk clk_mcasp0: GPIO lookup for consumer enable
[    0.824544] gpio-clk clk_mcasp0: using device tree for GPIO lookup
[    0.824584] of_get_named_gpiod_flags: parsed 'enable-gpios' property of node '/clk_mcasp0[0]' - status (0)
[    0.824628] gpio gpiochip0: Persistence not supported for GPIO 27
[    0.825378] gpio gpiochip3: (gpio-96-127): created GPIO range 0->7 ==> 44e10800.pinmux PIN 82->89
[    0.825410] gpio gpiochip3: (gpio-96-127): created GPIO range 8->11 ==> 44e10800.pinmux PIN 52->55
[    0.825427] gpio gpiochip3: (gpio-96-127): created GPIO range 12->15 ==> 44e10800.pinmux PIN 94->97
[    0.825444] gpio gpiochip3: (gpio-96-127): created GPIO range 16->17 ==> 44e10800.pinmux PIN 71->72
[    0.825461] gpio gpiochip3: (gpio-96-127): created GPIO range 18->18 ==> 44e10800.pinmux PIN 135->135
[    0.825478] gpio gpiochip3: (gpio-96-127): created GPIO range 19->20 ==> 44e10800.pinmux PIN 108->109
[    0.825495] gpio gpiochip3: (gpio-96-127): created GPIO range 21->21 ==> 44e10800.pinmux PIN 73->73
[    0.825512] gpio gpiochip3: (gpio-96-127): created GPIO range 22->23 ==> 44e10800.pinmux PIN 8->9
[    0.825530] gpio gpiochip3: (gpio-96-127): created GPIO range 26->27 ==> 44e10800.pinmux PIN 10->11
[    0.825549] gpio gpiochip3: (gpio-96-127): created GPIO range 28->28 ==> 44e10800.pinmux PIN 74->74
[    0.825567] gpio gpiochip3: (gpio-96-127): created GPIO range 29->29 ==> 44e10800.pinmux PIN 81->81
[    0.825586] gpio gpiochip3: (gpio-96-127): created GPIO range 30->31 ==> 44e10800.pinmux PIN 28->29
[    0.835733] gpio gpiochip3: (gpio-96-127): added GPIO chardev (254:3)
[    0.835880] gpio gpiochip3: registered GPIOs 96 to 127 on gpio-96-127
[    0.837313] omap8250 44e09000.serial: GPIO lookup for consumer rs485-term
[    0.837343] omap8250 44e09000.serial: using device tree for GPIO lookup
[    0.837367] of_get_named_gpiod_flags: can't parse 'rs485-term-gpios' property of node '/ocp/interconnect@44c00000/segment@200000/target-module@9000/serial@0[0]'
[    0.837417] of_get_named_gpiod_flags: can't parse 'rs485-term-gpio' property of node '/ocp/interconnect@44c00000/segment@200000/target-module@9000/serial@0[0]'
[    0.837459] omap8250 44e09000.serial: using lookup tables for GPIO lookup
[    0.837470] omap8250 44e09000.serial: No GPIO consumer rs485-term found
[    0.837521] 44e09000.serial: ttyS0 at MMIO 0x44e09000 (irq = 19, base_baud = 3000000) is a 8250
[    1.844052] printk: console [ttyS0] enabled
[    1.850493] i2c i2c-0: GPIO lookup for consumer scl
[    1.850525] i2c i2c-0: using device tree for GPIO lookup
[    1.850550] of_get_named_gpiod_flags: can't parse 'scl-gpios' property of node '/ocp/interconnect@44c00000/segment@200000/target-module@b000/i2c@0[0]'
[    1.850596] of_get_named_gpiod_flags: can't parse 'scl-gpio' property of node '/ocp/interconnect@44c00000/segment@200000/target-module@b000/i2c@0[0]'
[    1.850638] i2c i2c-0: using lookup tables for GPIO lookup
[    1.850649] i2c i2c-0: No GPIO consumer scl found
[    1.850670] i2c i2c-0: GPIO lookup for consumer sda
[    1.850678] i2c i2c-0: using device tree for GPIO lookup
[    1.850692] of_get_named_gpiod_flags: can't parse 'sda-gpios' property of node '/ocp/interconnect@44c00000/segment@200000/target-module@b000/i2c@0[0]'
[    1.850731] of_get_named_gpiod_flags: can't parse 'sda-gpio' property of node '/ocp/interconnect@44c00000/segment@200000/target-module@b000/i2c@0[0]'
[    1.850766] i2c i2c-0: using lookup tables for GPIO lookup
[    1.850774] i2c i2c-0: No GPIO consumer sda found
[    1.874655] tps65217-pmic: Failed to locate of_node [id: -1]
[    1.889802] tps65217-bl: Failed to locate of_node [id: -1]
[    1.898266] tps65217 0-0024: TPS65217 ID 0xe version 1.2
[    1.904289] i2c 0-0070: Fixing up cyclic dependency with 4830e000.lcdc
[    1.911141] omap_i2c 44e0b000.i2c: bus 0 rev0.11 at 400 kHz
[    1.918336] sdhci-omap 48060000.mmc: GPIO lookup for consumer cd
[    1.918362] sdhci-omap 48060000.mmc: using device tree for GPIO lookup
[    1.918403] of_get_named_gpiod_flags: parsed 'cd-gpios' property of node '/ocp/interconnect@48000000/segment@0/target-module@60000/mmc@0[0]' - status (0)
[    1.918517] gpio gpiochip3: Persistence not supported for GPIO 6
[    1.918541] omap_gpio 44e07000.gpio: Could not set line 6 debounce to 200000 microseconds (-22)
[    1.927375] sdhci-omap 48060000.mmc: Got CD GPIO
[    1.932021] sdhci-omap 48060000.mmc: GPIO lookup for consumer wp
[    1.932031] sdhci-omap 48060000.mmc: using device tree for GPIO lookup
[    1.932050] of_get_named_gpiod_flags: can't parse 'wp-gpios' property of node '/ocp/interconnect@48000000/segment@0/target-module@60000/mmc@0[0]'
[    1.932094] of_get_named_gpiod_flags: can't parse 'wp-gpio' property of node '/ocp/interconnect@48000000/segment@0/target-module@60000/mmc@0[0]'
[    1.932133] sdhci-omap 48060000.mmc: using lookup tables for GPIO lookup
[    1.932144] sdhci-omap 48060000.mmc: No GPIO consumer wp found
[    1.932330] sdhci-omap 48060000.mmc: supply vqmmc not found, using dummy regulator
[    1.940999] sdhci-omap 481d8000.mmc: GPIO lookup for consumer wp
[    1.941023] sdhci-omap 481d8000.mmc: using device tree for GPIO lookup
[    1.941042] of_get_named_gpiod_flags: can't parse 'wp-gpios' property of node '/ocp/interconnect@48000000/segment@100000/target-module@d8000/mmc@0[0]'
[    1.941094] of_get_named_gpiod_flags: can't parse 'wp-gpio' property of node '/ocp/interconnect@48000000/segment@100000/target-module@d8000/mmc@0[0]'
[    1.941134] sdhci-omap 481d8000.mmc: using lookup tables for GPIO lookup
[    1.941145] sdhci-omap 481d8000.mmc: No GPIO consumer wp found
[    1.944581] sdhci-omap 481d8000.mmc: supply vqmmc not found, using dummy regulator
[    1.977169] mmc0: SDHCI controller on 48060000.mmc [48060000.mmc] using External DMA
[    1.985223] mmc1: SDHCI controller on 481d8000.mmc [481d8000.mmc] using External DMA
[    1.993678] cpsw-switch 4a100000.switch: starting ndev. mode: dual_mac
[    2.038052] mmc0: new high speed SDHC card at address 5048
[    2.044828] mmcblk0: mmc0:5048 SD16G 14.4 GiB 
[    2.052558]  mmcblk0: p1 p2
[    2.055755] mmcblk0: p2 size 31221760 extends beyond EOD, truncated
[    2.084142] mmc1: new high speed MMC card at address 0001
[    2.090714] mmcblk1: mmc1:0001 MMC04G 3.60 GiB 
[    2.097879]  mmcblk1: p1 p2
[    2.101866] mmcblk1boot0: mmc1:0001 MMC04G 2.00 MiB 
[    2.108997] mmcblk1boot1: mmc1:0001 MMC04G 2.00 MiB 
[    2.115835] mmcblk1rpmb: mmc1:0001 MMC04G 128 KiB, chardev (250:0)
[    2.155704] SMSC LAN8710/LAN8720 4a101000.mdio:00: attached PHY driver (mii_bus:phy_addr=4a101000.mdio:00, irq=POLL)
[    5.284623] cpsw-switch 4a100000.switch eth0: Link is Up - 100Mbps/Full - flow control off
[    5.313940] IPv6: ADDRCONF(NETDEV_CHANGE): eth0: link becomes ready
[    5.343895] IP-Config: Complete:
[    5.347153]      device=eth0, hwaddr=6c:ec:eb:68:de:78, ipaddr=192.168.255.1, mask=255.255.255.0, gw=255.255.255.255
[    5.357764]      host=bbb1, domain=, nis-domain=(none)
[    5.362928]      bootserver=192.168.255.126, rootserver=192.168.255.126, rootpath=
[    5.363297] clk: Disabling unused clocks
[    5.375151] TAP version 14
[    5.377874] 1..0
[    5.400212] VFS: Mounted root (nfs filesystem) on device 0:16.
[    5.407096] devtmpfs: mounted
[    5.411388] Freeing unused kernel image (initmem) memory: 1024K
[    5.418026] Run /sbin/init as init process
[    5.422150]   with arguments:
[    5.422160]     /sbin/init
[    5.422167]     nfsrootdebug
[    5.422174]   with environment:
[    5.422180]     HOME=/
[    5.422186]     TERM=linux
[    6.101771] systemd[1]: System time before build time, advancing clock.
[    6.297325] random: systemd: uninitialized urandom read (16 bytes read)
[    6.309140] random: systemd: uninitialized urandom read (16 bytes read)
[    6.319587] systemd[1]: systemd 232 running in system mode. (+PAM +AUDIT +SELINUX +IMA +APPARMOR +SMACK +SYSVINIT +UTMP +LIBCRYPTSETUP +GCRYPT +GNUTLS +ACL +XZ +LZ4 +SECCOMP +BLKID +ELFUTILS +KMOD +IDN)
[    6.339001] systemd[1]: Detected architecture arm.
[    6.376480] systemd[1]: Set hostname to <arm>.
[    6.772385] random: systemd-cryptse: uninitialized urandom read (16 bytes read)
[    7.318705] random: systemd: uninitialized urandom read (16 bytes read)
[    7.325986] random: systemd: uninitialized urandom read (16 bytes read)
[    7.333083] random: systemd: uninitialized urandom read (16 bytes read)
[    7.346774] systemd[1]: Listening on Journal Socket (/dev/log).
[    7.384942] systemd[1]: Listening on Journal Audit Socket.
[    7.425410] systemd[1]: Created slice User and Session Slice.
[    7.465748] systemd[1]: Listening on udev Control Socket.
[    7.505533] systemd[1]: Set up automount Arbitrary Executable File Formats File System Automount Point.
[    7.544329] systemd[1]: Reached target Remote File Systems.
[    7.584481] systemd[1]: Listening on udev Kernel Socket.
[    8.353151] random: systemd-journal: uninitialized urandom read (16 bytes read)
[    8.366988] random: systemd: uninitialized urandom read (16 bytes read)
[    8.426153] random: systemd-journal: uninitialized urandom read (16 bytes read)
[    9.371942] random: systemd-journal: uninitialized urandom read (16 bytes read)
[   10.302395] systemd-journald[96]: Received request to flush runtime journal from PID 1
[   11.744001] random: crng init done
[   11.747467] random: 444 urandom warning(s) missed due to ratelimiting
[   12.170583] of_get_named_gpiod_flags: parsed 'gpios' property of node '/leds/led2[0]' - status (0)
[   12.170669] gpio gpiochip0: Persistence not supported for GPIO 21
[   12.170682] gpio-21 (?): no flags found for gpios
[   12.170931] of_get_named_gpiod_flags: parsed 'gpios' property of node '/leds/led3[0]' - status (0)
[   12.170970] gpio gpiochip0: Persistence not supported for GPIO 22
[   12.170980] gpio-22 (?): no flags found for gpios
[   12.171163] of_get_named_gpiod_flags: parsed 'gpios' property of node '/leds/led4[0]' - status (0)
[   12.171197] gpio gpiochip0: Persistence not supported for GPIO 23
[   12.171206] gpio-23 (?): no flags found for gpios
[   12.171356] of_get_named_gpiod_flags: parsed 'gpios' property of node '/leds/led5[0]' - status (0)
[   12.171386] gpio gpiochip0: Persistence not supported for GPIO 24
[   12.171395] gpio-24 (?): no flags found for gpios
[   12.405376] remoteproc remoteproc0: wkup_m3 is available
[   12.592489] at24 2-0054: supply vcc not found, using dummy regulator
[   12.790523] at24 2-0055: supply vcc not found, using dummy regulator
[   12.931574] at24 2-0056: supply vcc not found, using dummy regulator
[   13.022845] at24 2-0057: supply vcc not found, using dummy regulator
[   13.047900] tps6521x_pwrbutton tps65217-pwrbutton: DMA mask not set
[   13.173223] at24 0-0050: supply vcc not found, using dummy regulator
[   13.229731] at24 0-0050: GPIO lookup for consumer wp
[   13.230138] at24 0-0050: using device tree for GPIO lookup
[   13.230174] of_get_named_gpiod_flags: can't parse 'wp-gpios' property of node '/ocp/interconnect@44c00000/segment@200000/target-module@b000/i2c@0/baseboard_eeprom@50[0]'
[   13.230244] of_get_named_gpiod_flags: can't parse 'wp-gpio' property of node '/ocp/interconnect@44c00000/segment@200000/target-module@b000/i2c@0/baseboard_eeprom@50[0]'
[   13.230294] at24 0-0050: using lookup tables for GPIO lookup
[   13.230306] at24 0-0050: No GPIO consumer wp found
[   13.230579] at24 0-0050: 32768 byte 24c256 EEPROM, writable, 1 bytes/write
[   13.245450] input: tps65217_pwrbutton as /devices/platform/ocp/44c00000.interconnect/44c00000.interconnect:segment@200000/44e0b000.target-module/44e0b000.i2c/i2c-0/0-0024/tps65217-pwrbutton/input/input0
[   13.349807] omap_rtc 44e3e000.rtc: registered as rtc0
[   13.355075] omap_rtc 44e3e000.rtc: setting system clock to 2000-01-01T00:00:00 UTC (946684800)
[   13.363763] omap_rtc 44e3e000.rtc: GPIO lookup for consumer wp
[   13.363776] omap_rtc 44e3e000.rtc: using device tree for GPIO lookup
[   13.363803] of_get_named_gpiod_flags: can't parse 'wp-gpios' property of node '/ocp/interconnect@44c00000/segment@200000/target-module@3e000/rtc@0[0]'
[   13.363902] of_get_named_gpiod_flags: can't parse 'wp-gpio' property of node '/ocp/interconnect@44c00000/segment@200000/target-module@3e000/rtc@0[0]'
[   13.363949] omap_rtc 44e3e000.rtc: using lookup tables for GPIO lookup
[   13.363961] omap_rtc 44e3e000.rtc: No GPIO consumer wp found
[   13.402495] omap_wdt: OMAP Watchdog Timer Rev 0x01: initial timeout 60 sec
[   13.488094] am335x-phy-driver 47401300.usb-phy: GPIO lookup for consumer reset
[   13.488136] am335x-phy-driver 47401300.usb-phy: using device tree for GPIO lookup
[   13.488164] of_get_named_gpiod_flags: can't parse 'reset-gpios' property of node '/ocp/target-module@47400000/usb-phy@1300[0]'
[   13.488216] of_get_named_gpiod_flags: can't parse 'reset-gpio' property of node '/ocp/target-module@47400000/usb-phy@1300[0]'
[   13.488249] am335x-phy-driver 47401300.usb-phy: using lookup tables for GPIO lookup
[   13.488261] am335x-phy-driver 47401300.usb-phy: No GPIO consumer reset found
[   13.488272] am335x-phy-driver 47401300.usb-phy: GPIO lookup for consumer vbus-detect
[   13.488281] am335x-phy-driver 47401300.usb-phy: using device tree for GPIO lookup
[   13.488295] of_get_named_gpiod_flags: can't parse 'vbus-detect-gpios' property of node '/ocp/target-module@47400000/usb-phy@1300[0]'
[   13.488325] of_get_named_gpiod_flags: can't parse 'vbus-detect-gpio' property of node '/ocp/target-module@47400000/usb-phy@1300[0]'
[   13.488351] am335x-phy-driver 47401300.usb-phy: using lookup tables for GPIO lookup
[   13.488360] am335x-phy-driver 47401300.usb-phy: No GPIO consumer vbus-detect found
[   13.488480] am335x-phy-driver 47401300.usb-phy: supply vcc not found, using dummy regulator
[   13.741104] usbcore: registered new interface driver usbfs
[   13.747264] usbcore: registered new interface driver hub
[   13.752701] usbcore: registered new device driver usb
[   14.376795] tda998x 0-0070: found TDA19988
[   14.744282] am335x-phy-driver 47401b00.usb-phy: GPIO lookup for consumer reset
[   14.744322] am335x-phy-driver 47401b00.usb-phy: using device tree for GPIO lookup
[   14.744350] of_get_named_gpiod_flags: can't parse 'reset-gpios' property of node '/ocp/target-module@47400000/usb-phy@1b00[0]'
[   14.744399] of_get_named_gpiod_flags: can't parse 'reset-gpio' property of node '/ocp/target-module@47400000/usb-phy@1b00[0]'
[   14.744431] am335x-phy-driver 47401b00.usb-phy: using lookup tables for GPIO lookup
[   14.744444] am335x-phy-driver 47401b00.usb-phy: No GPIO consumer reset found
[   14.744455] am335x-phy-driver 47401b00.usb-phy: GPIO lookup for consumer vbus-detect
[   14.744464] am335x-phy-driver 47401b00.usb-phy: using device tree for GPIO lookup
[   14.744479] of_get_named_gpiod_flags: can't parse 'vbus-detect-gpios' property of node '/ocp/target-module@47400000/usb-phy@1b00[0]'
[   14.744508] of_get_named_gpiod_flags: can't parse 'vbus-detect-gpio' property of node '/ocp/target-module@47400000/usb-phy@1b00[0]'
[   14.744534] am335x-phy-driver 47401b00.usb-phy: using lookup tables for GPIO lookup
[   14.744543] am335x-phy-driver 47401b00.usb-phy: No GPIO consumer vbus-detect found
[   14.744663] am335x-phy-driver 47401b00.usb-phy: supply vcc not found, using dummy regulator
[   14.878603] musb-hdrc musb-hdrc.1: MUSB HDRC host driver
[   14.884125] musb-hdrc musb-hdrc.1: new USB bus registered, assigned bus number 1
[   14.933267] omap-mailbox 480c8000.mailbox: omap mailbox rev 0x400
[   15.273325] usb usb1: New USB device found, idVendor=1d6b, idProduct=0002, bcdDevice= 5.15
[   15.281858] usb usb1: New USB device strings: Mfr=3, Product=2, SerialNumber=1
[   15.289179] usb usb1: Product: MUSB HDRC host driver
[   15.294191] usb usb1: Manufacturer: Linux 5.15.186 musb-hcd
[   15.299790] usb usb1: SerialNumber: musb-hdrc.1
[   15.802651] hub 1-0:1.0: USB hub found
[   15.900424] hub 1-0:1.0: 1 port detected
[   16.093029] remoteproc remoteproc0: powering up wkup_m3
[   16.189522] remoteproc remoteproc0: Direct firmware load for am335x-pm-firmware.elf failed with error -2
[   16.199295] remoteproc remoteproc0: request_firmware failed: -2
[   16.205294] wkup_m3_ipc 44e11324.wkup_m3_ipc: rproc_boot failed
[   16.477078] omap_rng 48310000.rng: Random Number Generator ver. 20
[   16.508275] tilcdc 4830e000.lcdc: bound 0-0070 (ops tda998x_driver_exit [tda998x])
[   16.598902] [drm] Initialized tilcdc 1.0.0 20121205 for 4830e000.lcdc on minor 0
[   16.708828] tilcdc 4830e000.lcdc: [drm] Cannot find any crtc or sizes
[   16.726008] tilcdc 4830e000.lcdc: [drm] Cannot find any crtc or sizes
[   17.935788] PM: Cannot get wkup_m3_ipc handle
[   17.947374] omap-sham 53100000.sham: hw accel on OMAP rev 4.3
[   18.026888] omap-aes 53500000.aes: OMAP AES hw accel rev: 3.2
[   18.087266] omap-sham 53100000.sham: will run requests pump with realtime priority
[   18.139271] omap-aes 53500000.aes: will run requests pump with realtime priority
[   18.239790] Bluetooth: Core ver 2.22
[   18.243618] NET: Registered PF_BLUETOOTH protocol family
[   18.249076] Bluetooth: HCI device and connection manager initialized
[   18.255513] Bluetooth: HCI socket layer initialized
[   18.260422] Bluetooth: L2CAP socket layer initialized
[   18.265551] Bluetooth: SCO socket layer initialized
[   18.429342] PM: Cannot get wkup_m3_ipc handle
[   18.484438] PM: Cannot get wkup_m3_ipc handle
[   20.888200] PM: Cannot get wkup_m3_ipc handle
[   20.893833] of_get_named_gpiod_flags: can't parse 'simple-audio-card,hp-det-gpio' property of node '/sound[0]'
[   20.894050] of_get_named_gpiod_flags: can't parse 'simple-audio-card,mic-det-gpio' property of node '/sound[0]'
[   21.010248] PM: Cannot get wkup_m3_ipc handle
[   23.728423] using random self ethernet address
[   23.732933] using random host ethernet address
[   23.953692] using random self ethernet address
[   23.958355] using random host ethernet address
[   24.126495] userial_init: registered 8 ttyGS* devices
[   24.276106] rndis_register: configNr = 0
[   24.325996] udc musb-hdrc.0: registering UDC driver [g_multi]
[   24.326091] configfs-gadget gadget: adding 'rndis'/f6a0ff91 to config 'c'/ede4d3f4
[   24.327103] usb0: HOST MAC 1c:ba:8c:a2:ed:6c
[   24.331424] usb0: MAC 1c:ba:8c:a2:ed:70
[   24.335504] rndis_set_param_medium: 0 0
[   24.335525] configfs-gadget gadget: RNDIS: dual speed IN/ep1in OUT/ep1out NOTIFY/ep2in
[   24.335540] configfs-gadget gadget: adding 'cdc_ethernet'/2d4d46c9 to config 'c'/ede4d3f4
[   24.336312] usb1: HOST MAC 1c:ba:8c:a2:ed:6c
[   24.340621] usb1: MAC 1c:ba:8c:a2:ed:6d
[   24.344572] configfs-gadget gadget: CDC Ethernet: dual speed IN/ep3in OUT/ep2out NOTIFY/ep4in
[   24.344590] configfs-gadget gadget: adding 'acm'/9e13d5c8 to config 'c'/ede4d3f4
[   24.344616] configfs-gadget gadget: acm ttyGS0: dual speed IN/ep5in OUT/ep3out NOTIFY/ep6in
[   25.848689] usb1: eth_open
[   29.610317] gs_open: ttyGS0 (c0a630d5,7b4094e0)
[   29.610456] gs_close: ttyGS0 (c0a630d5,7b4094e0) ...
[   29.610474] gs_close: ttyGS0 (c0a630d5,7b4094e0) done!
[   29.610624] gs_open: ttyGS0 (a7bce965,0b6a9ba5)
[   29.610688] gs_close: ttyGS0 (a7bce965,0b6a9ba5) ...
[   29.610702] gs_close: ttyGS0 (a7bce965,0b6a9ba5) done!
[   29.723077] gs_open: ttyGS0 (3ed7e245,842927c2)
[   29.723274] gs_close: ttyGS0 (3ed7e245,842927c2) ...
[   29.723293] gs_close: ttyGS0 (3ed7e245,842927c2) done!
[   29.727624] gs_open: ttyGS0 (3ed7e245,2c889f5a)
AVZTQUNTHV 0
root@arm:~# echo 'KOVF''FWSHWS'
KOVFFWSHWS
root@arm:~# MARKER='PWQQ''OXGYLP' run 'modprobe test_linear_ranges'
PWQQOXGYLPPWQQOXGYLP 0
root@arm:~# echo 'MFNA''CAZOZQ'
MFNACAZOZQ
root@arm:~# MARKER='TOHY''OXJHCJ' run dmesg
TOHYOXJHCJ[    0.000000] Booting Linux on physical CPU 0x0
[    0.000000] Linux version 5.15.186 (user01@drvtest01) (arm-none-eabi-gcc (Arm GNU Toolchain 14.2.Rel1 (Build arm-14.52)) 14.2.1 20241119, GNU ld (Arm GNU Toolchain 14.2.Rel1 (Build arm-14.52)) 2.43.1.20241119) #1 SMP Fri Jun 27 14:28:04 EEST 2025
[    0.000000] CPU: ARMv7 Processor [413fc082] revision 2 (ARMv7), cr=10c5387d
[    0.000000] CPU: PIPT / VIPT nonaliasing data cache, VIPT aliasing instruction cache
[    0.000000] OF: fdt: Machine model: TI AM335x BeagleBone Black
[    0.000000] Memory policy: Data cache writeback
[    0.000000] cma: Reserved 16 MiB at 0x9e800000
[    0.000000] Zone ranges:
[    0.000000]   Normal   [mem 0x0000000080000000-0x000000009fdfffff]
[    0.000000]   HighMem  empty
[    0.000000] Movable zone start for each node
[    0.000000] Early memory node ranges
[    0.000000]   node   0: [mem 0x0000000080000000-0x000000009fdfffff]
[    0.000000] Initmem setup node 0 [mem 0x0000000080000000-0x000000009fdfffff]
[    0.000000] CPU: All CPU(s) started in SVC mode.
[    0.000000] AM335X ES2.1 (sgx neon)
[    0.000000] percpu: Embedded 16 pages/cpu s33804 r8192 d23540 u65536
[    0.000000] pcpu-alloc: s33804 r8192 d23540 u65536 alloc=16*4096
[    0.000000] pcpu-alloc: [0] 0 
[    0.000000] Built 1 zonelists, mobility grouping on.  Total pages: 129412
[    0.000000] Kernel command line: console=ttyO0,115200n8 root=/dev/nfs rw nfsroot=192.168.255.126:/home/user01/nfs,nfsvers=3 ip=192.168.255.1:192.168.255.126::255.255.255.0:bbb1:eth0 nfsrootdebug
[    0.000000] Unknown kernel command line parameters "nfsrootdebug", will be passed to user space.
[    0.000000] Dentry cache hash table entries: 65536 (order: 6, 262144 bytes, linear)
[    0.000000] Inode-cache hash table entries: 32768 (order: 5, 131072 bytes, linear)
[    0.000000] mem auto-init: stack:off, heap alloc:off, heap free:off
[    0.000000] Memory: 484756K/522240K available (10240K kernel code, 1079K rwdata, 2392K rodata, 1024K init, 242K bss, 21100K reserved, 16384K cma-reserved, 0K highmem)
[    0.000000] trace event string verifier disabled
[    0.000000] rcu: Hierarchical RCU implementation.
[    0.000000] rcu: 	RCU event tracing is enabled.
[    0.000000] rcu: 	RCU restricting CPUs from NR_CPUS=2 to nr_cpu_ids=1.
[    0.000000] rcu: RCU calculated value of scheduler-enlistment delay is 10 jiffies.
[    0.000000] rcu: Adjusting geometry for rcu_fanout_leaf=16, nr_cpu_ids=1
[    0.000000] NR_IRQS: 16, nr_irqs: 16, preallocated irqs: 16
[    0.000000] IRQ: Found an INTC at 0x(ptrval) (revision 5.0) with 128 interrupts
[    0.000000] TI gptimer clocksource: always-on /ocp/interconnect@44c00000/segment@200000/target-module@31000
[    0.000002] sched_clock: 32 bits at 24MHz, resolution 41ns, wraps every 89478484971ns
[    0.000028] clocksource: dmtimer: mask: 0xffffffff max_cycles: 0xffffffff, max_idle_ns: 79635851949 ns
[    0.000461] TI gptimer clockevent: 24000000 Hz at /ocp/interconnect@48000000/segment@0/target-module@40000
[    0.002319] Console: colour dummy device 80x30
[    0.002380] WARNING: Your 'console=ttyO0' has been replaced by 'ttyS0'
[    0.002392] This ensures that you still see kernel messages. Please
[    0.002401] update your kernel commandline.
[    0.002448] Calibrating delay loop... 996.14 BogoMIPS (lpj=4980736)
[    0.090577] CPU: Testing write buffer coherency: ok
[    0.090667] CPU0: Spectre v2: using BPIALL workaround
[    0.090681] pid_max: default: 32768 minimum: 301
[    0.090824] LSM: Security Framework initializing
[    0.091008] Mount-cache hash table entries: 1024 (order: 0, 4096 bytes, linear)
[    0.091033] Mountpoint-cache hash table entries: 1024 (order: 0, 4096 bytes, linear)
[    0.092606] CPU0: thread -1, cpu 0, socket -1, mpidr 0
[    0.093659] Setting up static identity map for 0x80100000 - 0x80100078
[    0.093892] rcu: Hierarchical SRCU implementation.
[    0.095099] smp: Bringing up secondary CPUs ...
[    0.095126] smp: Brought up 1 node, 1 CPU
[    0.095140] SMP: Total of 1 processors activated (996.14 BogoMIPS).
[    0.095153] CPU: All CPU(s) started in SVC mode.
[    0.095915] devtmpfs: initialized
[    0.110492] VFP support v0.3: implementor 41 architecture 3 part 30 variant c rev 3
[    0.110910] clocksource: jiffies: mask: 0xffffffff max_cycles: 0xffffffff, max_idle_ns: 19112604462750000 ns
[    0.110951] futex hash table entries: 256 (order: 2, 16384 bytes, linear)
[    0.112265] pinctrl core: initialized pinctrl subsystem
[    0.114193] NET: Registered PF_NETLINK/PF_ROUTE protocol family
[    0.116964] DMA: preallocated 256 KiB pool for atomic coherent allocations
[    0.117530] audit: initializing netlink subsys (disabled)
[    0.118728] thermal_sys: Registered thermal governor 'fair_share'
[    0.118749] thermal_sys: Registered thermal governor 'step_wise'
[    0.118765] thermal_sys: Registered thermal governor 'user_space'
[    0.119122] cpuidle: using governor menu
[    0.135417] No ATAGs?
[    0.135454] hw-breakpoint: debug architecture 0x4 unsupported.
[    0.143433] kprobes: kprobe jump-optimization is enabled. All kprobes are optimized if possible.
[    0.143779] audit: type=2000 audit(0.110:1): state=initialized audit_enabled=0 res=1
[    0.148635] reg-fixed-voltage fixedregulator0: GPIO lookup for consumer (null)
[    0.148662] reg-fixed-voltage fixedregulator0: using device tree for GPIO lookup
[    0.148684] of_get_named_gpiod_flags: can't parse 'gpios' property of node '/fixedregulator0[0]'
[    0.148720] of_get_named_gpiod_flags: can't parse 'gpio' property of node '/fixedregulator0[0]'
[    0.148742] reg-fixed-voltage fixedregulator0: using lookup tables for GPIO lookup
[    0.148753] reg-fixed-voltage fixedregulator0: No GPIO consumer (null) found
[    0.149855] iommu: Default domain type: Translated 
[    0.149877] iommu: DMA domain TLB invalidation policy: strict mode 
[    0.151284] vgaarb: loaded
[    0.151813] SCSI subsystem initialized
[    0.152212] libata version 3.00 loaded.
[    0.152536] pps_core: LinuxPPS API ver. 1 registered
[    0.152555] pps_core: Software ver. 5.3.6 - Copyright 2005-2007 Rodolfo Giometti <giometti@linux.it>
[    0.152583] PTP clock support registered
[    0.153887] clocksource: Switched to clocksource dmtimer
[    0.198939] VFS: Disk quotas dquot_6.6.0
[    0.199057] VFS: Dquot-cache hash table entries: 1024 (order 0, 4096 bytes)
[    0.262416] NET: Registered PF_INET protocol family
[    0.262752] IP idents hash table entries: 8192 (order: 4, 65536 bytes, linear)
[    0.263717] tcp_listen_portaddr_hash hash table entries: 512 (order: 0, 4096 bytes, linear)
[    0.263771] Table-perturb hash table entries: 65536 (order: 6, 262144 bytes, linear)
[    0.263799] TCP established hash table entries: 4096 (order: 2, 16384 bytes, linear)
[    0.263920] TCP bind hash table entries: 4096 (order: 3, 32768 bytes, linear)
[    0.263989] TCP: Hash tables configured (established 4096 bind 4096)
[    0.264126] UDP hash table entries: 256 (order: 1, 8192 bytes, linear)
[    0.264156] UDP-Lite hash table entries: 256 (order: 1, 8192 bytes, linear)
[    0.264350] NET: Registered PF_UNIX/PF_LOCAL protocol family
[    0.285578] RPC: Registered named UNIX socket transport module.
[    0.285613] RPC: Registered udp transport module.
[    0.285623] RPC: Registered tcp transport module.
[    0.285632] RPC: Registered tcp NFSv4.1 backchannel transport module.
[    0.285654] PCI: CLS 0 bytes, default 64
[    0.287037] Initialise system trusted keyrings
[    0.287956] workingset: timestamp_bits=14 max_order=17 bucket_order=3
[    0.289177] NFS: Registering the id_resolver key type
[    0.289249] Key type id_resolver registered
[    0.289260] Key type id_legacy registered
[    0.289315] jffs2: version 2.2. (NAND) (SUMMARY)  Â© 2001-2006 Red Hat, Inc.
[    0.289689] Key type asymmetric registered
[    0.289712] Asymmetric key parser 'x509' registered
[    0.289774] io scheduler mq-deadline registered
[    0.289789] io scheduler kyber registered
[    0.292369] hw perfevents: enabled with armv7_cortex_a8 PMU driver, 5 counters available
[    0.300461] l3-aon-clkctrl:0000:0: failed to disable
[    0.300763] Serial: 8250/16550 driver, 6 ports, IRQ sharing enabled
[    0.342411] brd: module loaded
[    0.349669] loop: module loaded
[    0.350583] mtdoops: mtd device (mtddev=name/number) must be supplied
[    0.351818] mdio_bus fixed-0: GPIO lookup for consumer reset
[    0.351840] mdio_bus fixed-0: using lookup tables for GPIO lookup
[    0.351851] mdio_bus fixed-0: No GPIO consumer reset found
[    0.352868] i2c_dev: i2c /dev entries driver
[    0.353773] cpuidle: enable-method property 'ti,am3352' found operations
[    0.354322] sdhci: Secure Digital Host Controller Interface driver
[    0.354340] sdhci: Copyright(c) Pierre Ossman
[    0.354515] sdhci-pltfm: SDHCI platform and OF driver helper
[    0.354725] ledtrig-cpu: registered to indicate activity on CPUs
[    0.355270] Initializing XFRM netlink socket
[    0.355479] NET: Registered PF_INET6 protocol family
[    0.357024] Segment Routing with IPv6
[    0.357109] In-situ OAM (IOAM) with IPv6
[    0.357207] sit: IPv6, IPv4 and MPLS over IPv4 tunneling driver
[    0.358023] NET: Registered PF_PACKET protocol family
[    0.358073] NET: Registered PF_KEY protocol family
[    0.358198] Key type dns_resolver registered
[    0.358297] ThumbEE CPU extension supported.
[    0.358318] Registering SWP/SWPB emulation handler
[    0.358824] omap_voltage_late_init: Voltage driver support not added
[    0.359469] SmartReflex Class3 initialized
[    0.360285] Loading compiled-in X.509 certificates
[    0.392471] pinctrl-single 44e10800.pinmux: 142 pins, size 568
[    0.397025] ti-sysc: probe of 44e31000.target-module failed with error -16
[    0.429318] ti-sysc: probe of 48040000.target-module failed with error -16
[    0.439571] gpio gpiochip0: (gpio-0-31): created GPIO range 0->7 ==> 44e10800.pinmux PIN 0->7
[    0.439614] gpio gpiochip0: (gpio-0-31): created GPIO range 8->11 ==> 44e10800.pinmux PIN 90->93
[    0.439631] gpio gpiochip0: (gpio-0-31): created GPIO range 12->27 ==> 44e10800.pinmux PIN 12->27
[    0.439647] gpio gpiochip0: (gpio-0-31): created GPIO range 28->31 ==> 44e10800.pinmux PIN 30->33
[    0.480908] gpio gpiochip0: (gpio-0-31): added GPIO chardev (254:0)
[    0.481083] gpio gpiochip0: registered GPIOs 0 to 31 on gpio-0-31
[    0.481171] OMAP GPIO hardware version 0.1
[    0.492716] i2c i2c-2: GPIO lookup for consumer scl
[    0.492751] i2c i2c-2: using device tree for GPIO lookup
[    0.492778] of_get_named_gpiod_flags: can't parse 'scl-gpios' property of node '/ocp/interconnect@48000000/segment@100000/target-module@9c000/i2c@0[0]'
[    0.492824] of_get_named_gpiod_flags: can't parse 'scl-gpio' property of node '/ocp/interconnect@48000000/segment@100000/target-module@9c000/i2c@0[0]'
[    0.492865] i2c i2c-2: using lookup tables for GPIO lookup
[    0.492876] i2c i2c-2: No GPIO consumer scl found
[    0.492898] i2c i2c-2: GPIO lookup for consumer sda
[    0.492907] i2c i2c-2: using device tree for GPIO lookup
[    0.492921] of_get_named_gpiod_flags: can't parse 'sda-gpios' property of node '/ocp/interconnect@48000000/segment@100000/target-module@9c000/i2c@0[0]'
[    0.492959] of_get_named_gpiod_flags: can't parse 'sda-gpio' property of node '/ocp/interconnect@48000000/segment@100000/target-module@9c000/i2c@0[0]'
[    0.492995] i2c i2c-2: using lookup tables for GPIO lookup
[    0.493004] i2c i2c-2: No GPIO consumer sda found
[    0.493656] omap_i2c 4819c000.i2c: bus 2 rev0.11 at 100 kHz
[    0.498979] gpio gpiochip1: (gpio-32-63): created GPIO range 0->17 ==> 44e10800.pinmux PIN 34->51
[    0.499018] gpio gpiochip1: (gpio-32-63): created GPIO range 18->21 ==> 44e10800.pinmux PIN 77->80
[    0.499035] gpio gpiochip1: (gpio-32-63): created GPIO range 22->31 ==> 44e10800.pinmux PIN 56->65
[    0.512458] gpio gpiochip1: (gpio-32-63): added GPIO chardev (254:1)
[    0.512603] gpio gpiochip1: registered GPIOs 32 to 63 on gpio-32-63
[    0.514835] gpio gpiochip2: (gpio-64-95): created GPIO range 0->4 ==> 44e10800.pinmux PIN 66->70
[    0.514872] gpio gpiochip2: (gpio-64-95): created GPIO range 5->6 ==> 44e10800.pinmux PIN 98->99
[    0.514889] gpio gpiochip2: (gpio-64-95): created GPIO range 7->8 ==> 44e10800.pinmux PIN 75->76
[    0.514905] gpio gpiochip2: (gpio-64-95): created GPIO range 13->13 ==> 44e10800.pinmux PIN 141->141
[    0.514922] gpio gpiochip2: (gpio-64-95): created GPIO range 14->21 ==> 44e10800.pinmux PIN 100->107
[    0.515332] gpio gpiochip2: (gpio-64-95): added GPIO chardev (254:2)
[    0.515460] gpio gpiochip2: registered GPIOs 64 to 95 on gpio-64-95
[    0.533019] mdio_bus 4a101000.mdio: GPIO lookup for consumer reset
[    0.533056] mdio_bus 4a101000.mdio: using device tree for GPIO lookup
[    0.533081] of_get_named_gpiod_flags: can't parse 'reset-gpios' property of node '/ocp/interconnect@4a000000/segment@0/target-module@100000/switch@0/mdio@1000[0]'
[    0.533131] of_get_named_gpiod_flags: can't parse 'reset-gpio' property of node '/ocp/interconnect@4a000000/segment@0/target-module@100000/switch@0/mdio@1000[0]'
[    0.533177] mdio_bus 4a101000.mdio: using lookup tables for GPIO lookup
[    0.533188] mdio_bus 4a101000.mdio: No GPIO consumer reset found
[    0.534252] sdhci-omap 481d8000.mmc: GPIO lookup for consumer wp
[    0.534277] sdhci-omap 481d8000.mmc: using device tree for GPIO lookup
[    0.534297] of_get_named_gpiod_flags: can't parse 'wp-gpios' property of node '/ocp/interconnect@48000000/segment@100000/target-module@d8000/mmc@0[0]'
[    0.534348] of_get_named_gpiod_flags: can't parse 'wp-gpio' property of node '/ocp/interconnect@48000000/segment@100000/target-module@d8000/mmc@0[0]'
[    0.534387] sdhci-omap 481d8000.mmc: using lookup tables for GPIO lookup
[    0.534397] sdhci-omap 481d8000.mmc: No GPIO consumer wp found
[    0.534569] sdhci-omap 481d8000.mmc: supply vqmmc not found, using dummy regulator
[    0.585387] davinci_mdio 4a101000.mdio: davinci mdio revision 1.6, bus freq 1000000
[    0.605365] mdio_bus 4a101000.mdio:00: GPIO lookup for consumer reset
[    0.605392] mdio_bus 4a101000.mdio:00: using device tree for GPIO lookup
[    0.605433] of_get_named_gpiod_flags: parsed 'reset-gpios' property of node '/ocp/interconnect@4a000000/segment@0/target-module@100000/switch@0/mdio@1000/ethernet-phy@0[0]' - status (0)
[    0.605595] gpio gpiochip0: Persistence not supported for GPIO 8
[    0.784377] davinci_mdio 4a101000.mdio: phy[0]: device 4a101000.mdio:00, driver SMSC LAN8710/LAN8720
[    0.784958] cpsw-switch 4a100000.switch: initialized cpsw ale version 1.4
[    0.784989] cpsw-switch 4a100000.switch: ALE Table size 1024
[    0.785114] cpsw-switch 4a100000.switch: cpts: overflow check period 500 (jiffies)
[    0.785133] cpsw-switch 4a100000.switch: CPTS: ref_clk_freq:250000000 calc_mult:2147483648 calc_shift:29 error:0 nsec/sec
[    0.785240] cpsw-switch 4a100000.switch: Detected MACID = 6c:ec:eb:68:de:78
[    0.786799] cpsw-switch 4a100000.switch: initialized (regs 0x4a100000, pool size 256) hw_ver:0019010C 1.12 (0)
[    0.796181] debugfs: Directory '49000000.dma' with parent 'dmaengine' already present!
[    0.796237] edma 49000000.dma: TI EDMA DMA engine driver
[    0.824509] gpio-clk clk_mcasp0: GPIO lookup for consumer enable
[    0.824544] gpio-clk clk_mcasp0: using device tree for GPIO lookup
[    0.824584] of_get_named_gpiod_flags: parsed 'enable-gpios' property of node '/clk_mcasp0[0]' - status (0)
[    0.824628] gpio gpiochip0: Persistence not supported for GPIO 27
[    0.825378] gpio gpiochip3: (gpio-96-127): created GPIO range 0->7 ==> 44e10800.pinmux PIN 82->89
[    0.825410] gpio gpiochip3: (gpio-96-127): created GPIO range 8->11 ==> 44e10800.pinmux PIN 52->55
[    0.825427] gpio gpiochip3: (gpio-96-127): created GPIO range 12->15 ==> 44e10800.pinmux PIN 94->97
[    0.825444] gpio gpiochip3: (gpio-96-127): created GPIO range 16->17 ==> 44e10800.pinmux PIN 71->72
[    0.825461] gpio gpiochip3: (gpio-96-127): created GPIO range 18->18 ==> 44e10800.pinmux PIN 135->135
[    0.825478] gpio gpiochip3: (gpio-96-127): created GPIO range 19->20 ==> 44e10800.pinmux PIN 108->109
[    0.825495] gpio gpiochip3: (gpio-96-127): created GPIO range 21->21 ==> 44e10800.pinmux PIN 73->73
[    0.825512] gpio gpiochip3: (gpio-96-127): created GPIO range 22->23 ==> 44e10800.pinmux PIN 8->9
[    0.825530] gpio gpiochip3: (gpio-96-127): created GPIO range 26->27 ==> 44e10800.pinmux PIN 10->11
[    0.825549] gpio gpiochip3: (gpio-96-127): created GPIO range 28->28 ==> 44e10800.pinmux PIN 74->74
[    0.825567] gpio gpiochip3: (gpio-96-127): created GPIO range 29->29 ==> 44e10800.pinmux PIN 81->81
[    0.825586] gpio gpiochip3: (gpio-96-127): created GPIO range 30->31 ==> 44e10800.pinmux PIN 28->29
[    0.835733] gpio gpiochip3: (gpio-96-127): added GPIO chardev (254:3)
[    0.835880] gpio gpiochip3: registered GPIOs 96 to 127 on gpio-96-127
[    0.837313] omap8250 44e09000.serial: GPIO lookup for consumer rs485-term
[    0.837343] omap8250 44e09000.serial: using device tree for GPIO lookup
[    0.837367] of_get_named_gpiod_flags: can't parse 'rs485-term-gpios' property of node '/ocp/interconnect@44c00000/segment@200000/target-module@9000/serial@0[0]'
[    0.837417] of_get_named_gpiod_flags: can't parse 'rs485-term-gpio' property of node '/ocp/interconnect@44c00000/segment@200000/target-module@9000/serial@0[0]'
[    0.837459] omap8250 44e09000.serial: using lookup tables for GPIO lookup
[    0.837470] omap8250 44e09000.serial: No GPIO consumer rs485-term found
[    0.837521] 44e09000.serial: ttyS0 at MMIO 0x44e09000 (irq = 19, base_baud = 3000000) is a 8250
[    1.844052] printk: console [ttyS0] enabled
[    1.850493] i2c i2c-0: GPIO lookup for consumer scl
[    1.850525] i2c i2c-0: using device tree for GPIO lookup
[    1.850550] of_get_named_gpiod_flags: can't parse 'scl-gpios' property of node '/ocp/interconnect@44c00000/segment@200000/target-module@b000/i2c@0[0]'
[    1.850596] of_get_named_gpiod_flags: can't parse 'scl-gpio' property of node '/ocp/interconnect@44c00000/segment@200000/target-module@b000/i2c@0[0]'
[    1.850638] i2c i2c-0: using lookup tables for GPIO lookup
[    1.850649] i2c i2c-0: No GPIO consumer scl found
[    1.850670] i2c i2c-0: GPIO lookup for consumer sda
[    1.850678] i2c i2c-0: using device tree for GPIO lookup
[    1.850692] of_get_named_gpiod_flags: can't parse 'sda-gpios' property of node '/ocp/interconnect@44c00000/segment@200000/target-module@b000/i2c@0[0]'
[    1.850731] of_get_named_gpiod_flags: can't parse 'sda-gpio' property of node '/ocp/interconnect@44c00000/segment@200000/target-module@b000/i2c@0[0]'
[    1.850766] i2c i2c-0: using lookup tables for GPIO lookup
[    1.850774] i2c i2c-0: No GPIO consumer sda found
[    1.874655] tps65217-pmic: Failed to locate of_node [id: -1]
[    1.889802] tps65217-bl: Failed to locate of_node [id: -1]
[    1.898266] tps65217 0-0024: TPS65217 ID 0xe version 1.2
[    1.904289] i2c 0-0070: Fixing up cyclic dependency with 4830e000.lcdc
[    1.911141] omap_i2c 44e0b000.i2c: bus 0 rev0.11 at 400 kHz
[    1.918336] sdhci-omap 48060000.mmc: GPIO lookup for consumer cd
[    1.918362] sdhci-omap 48060000.mmc: using device tree for GPIO lookup
[    1.918403] of_get_named_gpiod_flags: parsed 'cd-gpios' property of node '/ocp/interconnect@48000000/segment@0/target-module@60000/mmc@0[0]' - status (0)
[    1.918517] gpio gpiochip3: Persistence not supported for GPIO 6
[    1.918541] omap_gpio 44e07000.gpio: Could not set line 6 debounce to 200000 microseconds (-22)
[    1.927375] sdhci-omap 48060000.mmc: Got CD GPIO
[    1.932021] sdhci-omap 48060000.mmc: GPIO lookup for consumer wp
[    1.932031] sdhci-omap 48060000.mmc: using device tree for GPIO lookup
[    1.932050] of_get_named_gpiod_flags: can't parse 'wp-gpios' property of node '/ocp/interconnect@48000000/segment@0/target-module@60000/mmc@0[0]'
[    1.932094] of_get_named_gpiod_flags: can't parse 'wp-gpio' property of node '/ocp/interconnect@48000000/segment@0/target-module@60000/mmc@0[0]'
[    1.932133] sdhci-omap 48060000.mmc: using lookup tables for GPIO lookup
[    1.932144] sdhci-omap 48060000.mmc: No GPIO consumer wp found
[    1.932330] sdhci-omap 48060000.mmc: supply vqmmc not found, using dummy regulator
[    1.940999] sdhci-omap 481d8000.mmc: GPIO lookup for consumer wp
[    1.941023] sdhci-omap 481d8000.mmc: using device tree for GPIO lookup
[    1.941042] of_get_named_gpiod_flags: can't parse 'wp-gpios' property of node '/ocp/interconnect@48000000/segment@100000/target-module@d8000/mmc@0[0]'
[    1.941094] of_get_named_gpiod_flags: can't parse 'wp-gpio' property of node '/ocp/interconnect@48000000/segment@100000/target-module@d8000/mmc@0[0]'
[    1.941134] sdhci-omap 481d8000.mmc: using lookup tables for GPIO lookup
[    1.941145] sdhci-omap 481d8000.mmc: No GPIO consumer wp found
[    1.944581] sdhci-omap 481d8000.mmc: supply vqmmc not found, using dummy regulator
[    1.977169] mmc0: SDHCI controller on 48060000.mmc [48060000.mmc] using External DMA
[    1.985223] mmc1: SDHCI controller on 481d8000.mmc [481d8000.mmc] using External DMA
[    1.993678] cpsw-switch 4a100000.switch: starting ndev. mode: dual_mac
[    2.038052] mmc0: new high speed SDHC card at address 5048
[    2.044828] mmcblk0: mmc0:5048 SD16G 14.4 GiB 
[    2.052558]  mmcblk0: p1 p2
[    2.055755] mmcblk0: p2 size 31221760 extends beyond EOD, truncated
[    2.084142] mmc1: new high speed MMC card at address 0001
[    2.090714] mmcblk1: mmc1:0001 MMC04G 3.60 GiB 
[    2.097879]  mmcblk1: p1 p2
[    2.101866] mmcblk1boot0: mmc1:0001 MMC04G 2.00 MiB 
[    2.108997] mmcblk1boot1: mmc1:0001 MMC04G 2.00 MiB 
[    2.115835] mmcblk1rpmb: mmc1:0001 MMC04G 128 KiB, chardev (250:0)
[    2.155704] SMSC LAN8710/LAN8720 4a101000.mdio:00: attached PHY driver (mii_bus:phy_addr=4a101000.mdio:00, irq=POLL)
[    5.284623] cpsw-switch 4a100000.switch eth0: Link is Up - 100Mbps/Full - flow control off
[    5.313940] IPv6: ADDRCONF(NETDEV_CHANGE): eth0: link becomes ready
[    5.343895] IP-Config: Complete:
[    5.347153]      device=eth0, hwaddr=6c:ec:eb:68:de:78, ipaddr=192.168.255.1, mask=255.255.255.0, gw=255.255.255.255
[    5.357764]      host=bbb1, domain=, nis-domain=(none)
[    5.362928]      bootserver=192.168.255.126, rootserver=192.168.255.126, rootpath=
[    5.363297] clk: Disabling unused clocks
[    5.375151] TAP version 14
[    5.377874] 1..0
[    5.400212] VFS: Mounted root (nfs filesystem) on device 0:16.
[    5.407096] devtmpfs: mounted
[    5.411388] Freeing unused kernel image (initmem) memory: 1024K
[    5.418026] Run /sbin/init as init process
[    5.422150]   with arguments:
[    5.422160]     /sbin/init
[    5.422167]     nfsrootdebug
[    5.422174]   with environment:
[    5.422180]     HOME=/
[    5.422186]     TERM=linux
[    6.101771] systemd[1]: System time before build time, advancing clock.
[    6.297325] random: systemd: uninitialized urandom read (16 bytes read)
[    6.309140] random: systemd: uninitialized urandom read (16 bytes read)
[    6.319587] systemd[1]: systemd 232 running in system mode. (+PAM +AUDIT +SELINUX +IMA +APPARMOR +SMACK +SYSVINIT +UTMP +LIBCRYPTSETUP +GCRYPT +GNUTLS +ACL +XZ +LZ4 +SECCOMP +BLKID +ELFUTILS +KMOD +IDN)
[    6.339001] systemd[1]: Detected architecture arm.
[    6.376480] systemd[1]: Set hostname to <arm>.
[    6.772385] random: systemd-cryptse: uninitialized urandom read (16 bytes read)
[    7.318705] random: systemd: uninitialized urandom read (16 bytes read)
[    7.325986] random: systemd: uninitialized urandom read (16 bytes read)
[    7.333083] random: systemd: uninitialized urandom read (16 bytes read)
[    7.346774] systemd[1]: Listening on Journal Socket (/dev/log).
[    7.384942] systemd[1]: Listening on Journal Audit Socket.
[    7.425410] systemd[1]: Created slice User and Session Slice.
[    7.465748] systemd[1]: Listening on udev Control Socket.
[    7.505533] systemd[1]: Set up automount Arbitrary Executable File Formats File System Automount Point.
[    7.544329] systemd[1]: Reached target Remote File Systems.
[    7.584481] systemd[1]: Listening on udev Kernel Socket.
[    8.353151] random: systemd-journal: uninitialized urandom read (16 bytes read)
[    8.366988] random: systemd: uninitialized urandom read (16 bytes read)
[    8.426153] random: systemd-journal: uninitialized urandom read (16 bytes read)
[    9.371942] random: systemd-journal: uninitialized urandom read (16 bytes read)
[   10.302395] systemd-journald[96]: Received request to flush runtime journal from PID 1
[   11.744001] random: crng init done
[   11.747467] random: 444 urandom warning(s) missed due to ratelimiting
[   12.170583] of_get_named_gpiod_flags: parsed 'gpios' property of node '/leds/led2[0]' - status (0)
[   12.170669] gpio gpiochip0: Persistence not supported for GPIO 21
[   12.170682] gpio-21 (?): no flags found for gpios
[   12.170931] of_get_named_gpiod_flags: parsed 'gpios' property of node '/leds/led3[0]' - status (0)
[   12.170970] gpio gpiochip0: Persistence not supported for GPIO 22
[   12.170980] gpio-22 (?): no flags found for gpios
[   12.171163] of_get_named_gpiod_flags: parsed 'gpios' property of node '/leds/led4[0]' - status (0)
[   12.171197] gpio gpiochip0: Persistence not supported for GPIO 23
[   12.171206] gpio-23 (?): no flags found for gpios
[   12.171356] of_get_named_gpiod_flags: parsed 'gpios' property of node '/leds/led5[0]' - status (0)
[   12.171386] gpio gpiochip0: Persistence not supported for GPIO 24
[   12.171395] gpio-24 (?): no flags found for gpios
[   12.405376] remoteproc remoteproc0: wkup_m3 is available
[   12.592489] at24 2-0054: supply vcc not found, using dummy regulator
[   12.790523] at24 2-0055: supply vcc not found, using dummy regulator
[   12.931574] at24 2-0056: supply vcc not found, using dummy regulator
[   13.022845] at24 2-0057: supply vcc not found, using dummy regulator
[   13.047900] tps6521x_pwrbutton tps65217-pwrbutton: DMA mask not set
[   13.173223] at24 0-0050: supply vcc not found, using dummy regulator
[   13.229731] at24 0-0050: GPIO lookup for consumer wp
[   13.230138] at24 0-0050: using device tree for GPIO lookup
[   13.230174] of_get_named_gpiod_flags: can't parse 'wp-gpios' property of node '/ocp/interconnect@44c00000/segment@200000/target-module@b000/i2c@0/baseboard_eeprom@50[0]'
[   13.230244] of_get_named_gpiod_flags: can't parse 'wp-gpio' property of node '/ocp/interconnect@44c00000/segment@200000/target-module@b000/i2c@0/baseboard_eeprom@50[0]'
[   13.230294] at24 0-0050: using lookup tables for GPIO lookup
[   13.230306] at24 0-0050: No GPIO consumer wp found
[   13.230579] at24 0-0050: 32768 byte 24c256 EEPROM, writable, 1 bytes/write
[   13.245450] input: tps65217_pwrbutton as /devices/platform/ocp/44c00000.interconnect/44c00000.interconnect:segment@200000/44e0b000.target-module/44e0b000.i2c/i2c-0/0-0024/tps65217-pwrbutton/input/input0
[   13.349807] omap_rtc 44e3e000.rtc: registered as rtc0
[   13.355075] omap_rtc 44e3e000.rtc: setting system clock to 2000-01-01T00:00:00 UTC (946684800)
[   13.363763] omap_rtc 44e3e000.rtc: GPIO lookup for consumer wp
[   13.363776] omap_rtc 44e3e000.rtc: using device tree for GPIO lookup
[   13.363803] of_get_named_gpiod_flags: can't parse 'wp-gpios' property of node '/ocp/interconnect@44c00000/segment@200000/target-module@3e000/rtc@0[0]'
[   13.363902] of_get_named_gpiod_flags: can't parse 'wp-gpio' property of node '/ocp/interconnect@44c00000/segment@200000/target-module@3e000/rtc@0[0]'
[   13.363949] omap_rtc 44e3e000.rtc: using lookup tables for GPIO lookup
[   13.363961] omap_rtc 44e3e000.rtc: No GPIO consumer wp found
[   13.402495] omap_wdt: OMAP Watchdog Timer Rev 0x01: initial timeout 60 sec
[   13.488094] am335x-phy-driver 47401300.usb-phy: GPIO lookup for consumer reset
[   13.488136] am335x-phy-driver 47401300.usb-phy: using device tree for GPIO lookup
[   13.488164] of_get_named_gpiod_flags: can't parse 'reset-gpios' property of node '/ocp/target-module@47400000/usb-phy@1300[0]'
[   13.488216] of_get_named_gpiod_flags: can't parse 'reset-gpio' property of node '/ocp/target-module@47400000/usb-phy@1300[0]'
[   13.488249] am335x-phy-driver 47401300.usb-phy: using lookup tables for GPIO lookup
[   13.488261] am335x-phy-driver 47401300.usb-phy: No GPIO consumer reset found
[   13.488272] am335x-phy-driver 47401300.usb-phy: GPIO lookup for consumer vbus-detect
[   13.488281] am335x-phy-driver 47401300.usb-phy: using device tree for GPIO lookup
[   13.488295] of_get_named_gpiod_flags: can't parse 'vbus-detect-gpios' property of node '/ocp/target-module@47400000/usb-phy@1300[0]'
[   13.488325] of_get_named_gpiod_flags: can't parse 'vbus-detect-gpio' property of node '/ocp/target-module@47400000/usb-phy@1300[0]'
[   13.488351] am335x-phy-driver 47401300.usb-phy: using lookup tables for GPIO lookup
[   13.488360] am335x-phy-driver 47401300.usb-phy: No GPIO consumer vbus-detect found
[   13.488480] am335x-phy-driver 47401300.usb-phy: supply vcc not found, using dummy regulator
[   13.741104] usbcore: registered new interface driver usbfs
[   13.747264] usbcore: registered new interface driver hub
[   13.752701] usbcore: registered new device driver usb
[   14.376795] tda998x 0-0070: found TDA19988
[   14.744282] am335x-phy-driver 47401b00.usb-phy: GPIO lookup for consumer reset
[   14.744322] am335x-phy-driver 47401b00.usb-phy: using device tree for GPIO lookup
[   14.744350] of_get_named_gpiod_flags: can't parse 'reset-gpios' property of node '/ocp/target-module@47400000/usb-phy@1b00[0]'
[   14.744399] of_get_named_gpiod_flags: can't parse 'reset-gpio' property of node '/ocp/target-module@47400000/usb-phy@1b00[0]'
[   14.744431] am335x-phy-driver 47401b00.usb-phy: using lookup tables for GPIO lookup
[   14.744444] am335x-phy-driver 47401b00.usb-phy: No GPIO consumer reset found
[   14.744455] am335x-phy-driver 47401b00.usb-phy: GPIO lookup for consumer vbus-detect
[   14.744464] am335x-phy-driver 47401b00.usb-phy: using device tree for GPIO lookup
[   14.744479] of_get_named_gpiod_flags: can't parse 'vbus-detect-gpios' property of node '/ocp/target-module@47400000/usb-phy@1b00[0]'
[   14.744508] of_get_named_gpiod_flags: can't parse 'vbus-detect-gpio' property of node '/ocp/target-module@47400000/usb-phy@1b00[0]'
[   14.744534] am335x-phy-driver 47401b00.usb-phy: using lookup tables for GPIO lookup
[   14.744543] am335x-phy-driver 47401b00.usb-phy: No GPIO consumer vbus-detect found
[   14.744663] am335x-phy-driver 47401b00.usb-phy: supply vcc not found, using dummy regulator
[   14.878603] musb-hdrc musb-hdrc.1: MUSB HDRC host driver
[   14.884125] musb-hdrc musb-hdrc.1: new USB bus registered, assigned bus number 1
[   14.933267] omap-mailbox 480c8000.mailbox: omap mailbox rev 0x400
[   15.273325] usb usb1: New USB device found, idVendor=1d6b, idProduct=0002, bcdDevice= 5.15
[   15.281858] usb usb1: New USB device strings: Mfr=3, Product=2, SerialNumber=1
[   15.289179] usb usb1: Product: MUSB HDRC host driver
[   15.294191] usb usb1: Manufacturer: Linux 5.15.186 musb-hcd
[   15.299790] usb usb1: SerialNumber: musb-hdrc.1
[   15.802651] hub 1-0:1.0: USB hub found
[   15.900424] hub 1-0:1.0: 1 port detected
[   16.093029] remoteproc remoteproc0: powering up wkup_m3
[   16.189522] remoteproc remoteproc0: Direct firmware load for am335x-pm-firmware.elf failed with error -2
[   16.199295] remoteproc remoteproc0: request_firmware failed: -2
[   16.205294] wkup_m3_ipc 44e11324.wkup_m3_ipc: rproc_boot failed
[   16.477078] omap_rng 48310000.rng: Random Number Generator ver. 20
[   16.508275] tilcdc 4830e000.lcdc: bound 0-0070 (ops tda998x_driver_exit [tda998x])
[   16.598902] [drm] Initialized tilcdc 1.0.0 20121205 for 4830e000.lcdc on minor 0
[   16.708828] tilcdc 4830e000.lcdc: [drm] Cannot find any crtc or sizes
[   16.726008] tilcdc 4830e000.lcdc: [drm] Cannot find any crtc or sizes
[   17.935788] PM: Cannot get wkup_m3_ipc handle
[   17.947374] omap-sham 53100000.sham: hw accel on OMAP rev 4.3
[   18.026888] omap-aes 53500000.aes: OMAP AES hw accel rev: 3.2
[   18.087266] omap-sham 53100000.sham: will run requests pump with realtime priority
[   18.139271] omap-aes 53500000.aes: will run requests pump with realtime priority
[   18.239790] Bluetooth: Core ver 2.22
[   18.243618] NET: Registered PF_BLUETOOTH protocol family
[   18.249076] Bluetooth: HCI device and connection manager initialized
[   18.255513] Bluetooth: HCI socket layer initialized
[   18.260422] Bluetooth: L2CAP socket layer initialized
[   18.265551] Bluetooth: SCO socket layer initialized
[   18.429342] PM: Cannot get wkup_m3_ipc handle
[   18.484438] PM: Cannot get wkup_m3_ipc handle
[   20.888200] PM: Cannot get wkup_m3_ipc handle
[   20.893833] of_get_named_gpiod_flags: can't parse 'simple-audio-card,hp-det-gpio' property of node '/sound[0]'
[   20.894050] of_get_named_gpiod_flags: can't parse 'simple-audio-card,mic-det-gpio' property of node '/sound[0]'
[   21.010248] PM: Cannot get wkup_m3_ipc handle
[   23.728423] using random self ethernet address
[   23.732933] using random host ethernet address
[   23.953692] using random self ethernet address
[   23.958355] using random host ethernet address
[   24.126495] userial_init: registered 8 ttyGS* devices
[   24.276106] rndis_register: configNr = 0
[   24.325996] udc musb-hdrc.0: registering UDC driver [g_multi]
[   24.326091] configfs-gadget gadget: adding 'rndis'/f6a0ff91 to config 'c'/ede4d3f4
[   24.327103] usb0: HOST MAC 1c:ba:8c:a2:ed:6c
[   24.331424] usb0: MAC 1c:ba:8c:a2:ed:70
[   24.335504] rndis_set_param_medium: 0 0
[   24.335525] configfs-gadget gadget: RNDIS: dual speed IN/ep1in OUT/ep1out NOTIFY/ep2in
[   24.335540] configfs-gadget gadget: adding 'cdc_ethernet'/2d4d46c9 to config 'c'/ede4d3f4
[   24.336312] usb1: HOST MAC 1c:ba:8c:a2:ed:6c
[   24.340621] usb1: MAC 1c:ba:8c:a2:ed:6d
[   24.344572] configfs-gadget gadget: CDC Ethernet: dual speed IN/ep3in OUT/ep2out NOTIFY/ep4in
[   24.344590] configfs-gadget gadget: adding 'acm'/9e13d5c8 to config 'c'/ede4d3f4
[   24.344616] configfs-gadget gadget: acm ttyGS0: dual speed IN/ep5in OUT/ep3out NOTIFY/ep6in
[   25.848689] usb1: eth_open
[   29.610317] gs_open: ttyGS0 (c0a630d5,7b4094e0)
[   29.610456] gs_close: ttyGS0 (c0a630d5,7b4094e0) ...
[   29.610474] gs_close: ttyGS0 (c0a630d5,7b4094e0) done!
[   29.610624] gs_open: ttyGS0 (a7bce965,0b6a9ba5)
[   29.610688] gs_close: ttyGS0 (a7bce965,0b6a9ba5) ...
[   29.610702] gs_close: ttyGS0 (a7bce965,0b6a9ba5) done!
[   29.723077] gs_open: ttyGS0 (3ed7e245,842927c2)
[   29.723274] gs_close: ttyGS0 (3ed7e245,842927c2) ...
[   29.723293] gs_close: ttyGS0 (3ed7e245,842927c2) done!
[   29.727624] gs_open: ttyGS0 (3ed7e245,2c889f5a)
[   53.362765]     # Subtest: linear-ranges-test
