Labgrid Console Logfile for main
Logfile started at 2024-10-21 13:32:20.885957
=== Log starts here ===
reading args
spl_load_image_fat_os: error reading image args, err - -1
reading u-boot.img
reading u-boot.img


U-Boot 2014.04-00014-g47880f5 (Apr 22 2014 - 13:23:54)

I2C:   ready
DRAM:  512 MiB
NAND:  0 MiB
MMC:   OMAP SD/MMC: 0, OMAP SD/MMC: 1
*** Warning - readenv() failed, using default environment

Net:   <ethaddr> not set. Validating first E-fuse MAC
cpsw, usb_ether
Hit any key to stop autoboot:  1  0 
gpio: pin 53 (gpio 53) value is 1
mmc0 is current device
gpio: pin 54 (gpio 54) value is 1
SD/MMC found on device 0
reading uEnv.txt
569 bytes read in 4 ms (138.7 KiB/s)
gpio: pin 55 (gpio 55) value is 1
Loaded environment from uEnv.txt
Importing environment from mmc ...
Checking if uenvcmd is set ...
gpio: pin 56 (gpio 56) value is 1
Running uenvcmd ...
cpsw Waiting for PHY auto negotiation to complete. done
link up on port 0, speed 100, full duplex
Using cpsw device
TFTP from server 192.168.255.126; our IP address is 192.168.255.1
Filename 'zImage'.
Load address: 0x81000000
Loading: *#################################################################
	 #################################################################
	 #################################################################
	 #################################################################
	 #################################################################
	 #####################################
	 2.4 MiB/s
done
Bytes transferred = 5311920 (510db0 hex)
link up on port 0, speed 100, full duplex
Using cpsw device
TFTP from server 192.168.255.126; our IP address is 192.168.255.1
Filename 'am335x-boneblack.dtb'.
Load address: 0x82000000
Loading: *#######
	 2.2 MiB/s
done
Bytes transferred = 97772 (17dec hex)
Kernel image @ 0x81000000 [ 0x000000 - 0x510db0 ]
## Flattened Device Tree blob at 82000000
   Booting using the fdt blob at 0x82000000
   Using Device Tree in place at 82000000, end 8201adeb

Starting kernel ...

[    0.000000] Booting Linux on physical CPU 0x0
[    0.000000] Linux version 6.6.57 (user01@drvtest01) (arm-linux-gnueabihf-gcc (Linaro GCC 6.4-2017.11) 6.4.1 20171012, GNU ld (Linaro_Binutils-2017.11) 2.27.0.20161229) #8 SMP Mon Oct 21 13:30:07 EEST 2024
[    0.000000] CPU: ARMv7 Processor [413fc082] revision 2 (ARMv7), cr=10c5387d
[    0.000000] CPU: PIPT / VIPT nonaliasing data cache, VIPT aliasing instruction cache
[    0.000000] OF: fdt: Machine model: TI AM335x BeagleBone Black
[    0.000000] Memory policy: Data cache writeback
[    0.000000] cma: Reserved 16 MiB at 0x9e800000 on node -1
[    0.000000] Zone ranges:
[    0.000000]   Normal   [mem 0x0000000080000000-0x000000009fdfffff]
[    0.000000]   HighMem  empty
[    0.000000] Movable zone start for each node
[    0.000000] Early memory node ranges
[    0.000000]   node   0: [mem 0x0000000080000000-0x000000009fdfffff]
[    0.000000] Initmem setup node 0 [mem 0x0000000080000000-0x000000009fdfffff]
[    0.000000] CPU: All CPU(s) started in SVC mode.
[    0.000000] AM335X ES2.1 (sgx neon)
[    0.000000] percpu: Embedded 16 pages/cpu s36052 r8192 d21292 u65536
[    0.000000] Kernel command line: console=ttyO0,115200n8 root=/dev/nfs rw nfsroot=192.168.255.126:/home/user01/nfs,nfsvers=3 ip=192.168.255.1:192.168.255.126::255.255.255.0:bbb1:eth0 nfsrootdebug
[    0.000000] Unknown kernel command line parameters "nfsrootdebug", will be passed to user space.
[    0.000000] Dentry cache hash table entries: 65536 (order: 6, 262144 bytes, linear)
[    0.000000] Inode-cache hash table entries: 32768 (order: 5, 131072 bytes, linear)
[    0.000000] Built 1 zonelists, mobility grouping on.  Total pages: 129412
[    0.000000] mem auto-init: stack:off, heap alloc:off, heap free:off
[    0.000000] Memory: 483604K/522240K available (11264K kernel code, 1163K rwdata, 2700K rodata, 1024K init, 283K bss, 22252K reserved, 16384K cma-reserved, 0K highmem)
[    0.000000] SLUB: HWalign=64, Order=0-3, MinObjects=0, CPUs=1, Nodes=1
[    0.000000] trace event string verifier disabled
[    0.000000] rcu: Hierarchical RCU implementation.
[    0.000000] rcu: 	RCU event tracing is enabled.
[    0.000000] rcu: 	RCU restricting CPUs from NR_CPUS=2 to nr_cpu_ids=1.
[    0.000000] rcu: RCU calculated value of scheduler-enlistment delay is 10 jiffies.
[    0.000000] rcu: Adjusting geometry for rcu_fanout_leaf=16, nr_cpu_ids=1
[    0.000000] NR_IRQS: 16, nr_irqs: 16, preallocated irqs: 16
[    0.000000] IRQ: Found an INTC at 0x(ptrval) (revision 5.0) with 128 interrupts
[    0.000000] rcu: srcu_init: Setting srcu_struct sizes based on contention.
[    0.000000] TI gptimer clocksource: always-on /ocp/interconnect@44c00000/segment@200000/target-module@31000
[    0.000002] sched_clock: 32 bits at 24MHz, resolution 41ns, wraps every 89478484971ns
[    0.000026] clocksource: dmtimer: mask: 0xffffffff max_cycles: 0xffffffff, max_idle_ns: 79635851949 ns
[    0.000524] TI gptimer clockevent: 24000000 Hz at /ocp/interconnect@48000000/segment@0/target-module@40000
[    0.002130] Console: colour dummy device 80x30
[    0.002182] WARNING: Your 'console=ttyO0' has been replaced by 'ttyS0'
[    0.002190] This ensures that you still see kernel messages. Please
[    0.002196] update your kernel commandline.
[    0.002235] Calibrating delay loop... 996.14 BogoMIPS (lpj=4980736)
[    0.090574] CPU: Testing write buffer coherency: ok
[    0.090683] CPU0: Spectre v2: using BPIALL workaround
[    0.090694] pid_max: default: 32768 minimum: 301
[    0.090808] LSM: initializing lsm=capability,integrity
[    0.090978] Mount-cache hash table entries: 1024 (order: 0, 4096 bytes, linear)
[    0.090997] Mountpoint-cache hash table entries: 1024 (order: 0, 4096 bytes, linear)
[    0.092516] CPU0: thread -1, cpu 0, socket -1, mpidr 0
[    0.094191] Setting up static identity map for 0x80100000 - 0x80100078
[    0.094489] rcu: Hierarchical SRCU implementation.
[    0.094499] rcu: 	Max phase no-delay instances is 1000.
[    0.095892] smp: Bringing up secondary CPUs ...
[    0.095946] smp: Brought up 1 node, 1 CPU
[    0.095960] SMP: Total of 1 processors activated (996.14 BogoMIPS).
[    0.095972] CPU: All CPU(s) started in SVC mode.
[    0.096876] devtmpfs: initialized
[    0.113740] VFP support v0.3: implementor 41 architecture 3 part 30 variant c rev 3
[    0.114098] clocksource: jiffies: mask: 0xffffffff max_cycles: 0xffffffff, max_idle_ns: 19112604462750000 ns
[    0.114131] futex hash table entries: 256 (order: 2, 16384 bytes, linear)
[    0.115427] pinctrl core: initialized pinctrl subsystem
[    0.118172] NET: Registered PF_NETLINK/PF_ROUTE protocol family
[    0.120955] DMA: preallocated 256 KiB pool for atomic coherent allocations
[    0.121596] audit: initializing netlink subsys (disabled)
[    0.122912] thermal_sys: Registered thermal governor 'fair_share'
[    0.122933] thermal_sys: Registered thermal governor 'step_wise'
[    0.122939] thermal_sys: Registered thermal governor 'user_space'
[    0.123049] audit: type=2000 audit(0.120:1): state=initialized audit_enabled=0 res=1
[    0.123130] cpuidle: using governor menu
[    0.140573] No ATAGs?
[    0.140709] hw-breakpoint: debug architecture 0x4 unsupported.
[    0.143864] kprobes: kprobe jump-optimization is enabled. All kprobes are optimized if possible.
[    0.163580] iommu: Default domain type: Translated
[    0.163600] iommu: DMA domain TLB invalidation policy: strict mode
[    0.165079] SCSI subsystem initialized
[    0.171262] pps_core: LinuxPPS API ver. 1 registered
[    0.171272] pps_core: Software ver. 5.3.6 - Copyright 2005-2007 Rodolfo Giometti <giometti@linux.it>
[    0.171297] PTP clock support registered
[    0.180904] vgaarb: loaded
[    0.181277] clocksource: Switched to clocksource dmtimer
[    0.181890] VFS: Disk quotas dquot_6.6.0
[    0.181949] VFS: Dquot-cache hash table entries: 1024 (order 0, 4096 bytes)
[    0.205320] NET: Registered PF_INET protocol family
[    0.205660] IP idents hash table entries: 8192 (order: 4, 65536 bytes, linear)
[    0.207034] tcp_listen_portaddr_hash hash table entries: 512 (order: 0, 4096 bytes, linear)
[    0.207072] Table-perturb hash table entries: 65536 (order: 6, 262144 bytes, linear)
[    0.207090] TCP established hash table entries: 4096 (order: 2, 16384 bytes, linear)
[    0.207132] TCP bind hash table entries: 4096 (order: 4, 65536 bytes, linear)
[    0.207233] TCP: Hash tables configured (established 4096 bind 4096)
[    0.207365] UDP hash table entries: 256 (order: 1, 8192 bytes, linear)
[    0.207393] UDP-Lite hash table entries: 256 (order: 1, 8192 bytes, linear)
[    0.207570] NET: Registered PF_UNIX/PF_LOCAL protocol family
[    0.212140] RPC: Registered named UNIX socket transport module.
[    0.212163] RPC: Registered udp transport module.
[    0.212169] RPC: Registered tcp transport module.
[    0.212174] RPC: Registered tcp-with-tls transport module.
[    0.212179] RPC: Registered tcp NFSv4.1 backchannel transport module.
[    0.212203] PCI: CLS 0 bytes, default 64
[    0.213858] Initialise system trusted keyrings
[    0.222067] workingset: timestamp_bits=14 max_order=17 bucket_order=3
[    0.231574] NFS: Registering the id_resolver key type
[    0.231648] Key type id_resolver registered
[    0.231655] Key type id_legacy registered
[    0.231715] jffs2: version 2.2. (NAND) (SUMMARY)  Â© 2001-2006 Red Hat, Inc.
[    0.232128] Key type asymmetric registered
[    0.232147] Asymmetric key parser 'x509' registered
[    0.232221] io scheduler mq-deadline registered
[    0.232232] io scheduler kyber registered
[    0.232298] io scheduler bfq registered
[    0.236509] Serial: 8250/16550 driver, 6 ports, IRQ sharing enabled
[    0.314381] brd: module loaded
[    0.333539] loop: module loaded
[    0.334486] mtdoops: mtd device (mtddev=name/number) must be supplied
[    0.337299] i2c_dev: i2c /dev entries driver
[    0.338280] cpuidle: enable-method property 'ti,am3352' found operations
[    0.338743] sdhci: Secure Digital Host Controller Interface driver
[    0.338754] sdhci: Copyright(c) Pierre Ossman
[    0.338940] sdhci-pltfm: SDHCI platform and OF driver helper
[    0.339234] ledtrig-cpu: registered to indicate activity on CPUs
[    0.340004] Initializing XFRM netlink socket
[    0.340160] NET: Registered PF_INET6 protocol family
[    0.362947] Segment Routing with IPv6
[    0.363029] In-situ OAM (IOAM) with IPv6
[    0.363133] sit: IPv6, IPv4 and MPLS over IPv4 tunneling driver
[    0.364116] NET: Registered PF_PACKET protocol family
[    0.364149] NET: Registered PF_KEY protocol family
[    0.364316] Key type dns_resolver registered
[    0.364595] ThumbEE CPU extension supported.
[    0.364616] Registering SWP/SWPB emulation handler
[    0.365133] omap_voltage_late_init: Voltage driver support not added
[    0.365475] SmartReflex Class3 initialized
[    0.374039] Loading compiled-in X.509 certificates
[    0.438535] platform 44e10800.pinmux: Fixed dependency cycle(s) with /ocp/interconnect@44c00000/segment@200000/target-module@10000/scm@0/pinmux@800/clkout2-pins
[    0.439130] pinctrl-single 44e10800.pinmux: 142 pins, size 568
[    0.444390] ti-sysc: probe of 44e31000.target-module failed with error -16
[    0.505498] ti-sysc: probe of 48040000.target-module failed with error -16
[    0.521828] OMAP GPIO hardware version 0.1
[    0.558467] omap_i2c 4819c000.i2c: bus 2 rev0.11 at 100 kHz
[    0.593914] platform 4830e000.lcdc: Fixed dependency cycle(s) with /ocp/interconnect@44c00000/segment@200000/target-module@b000/i2c@0/tda19988@70
[    0.605635] sdhci-omap 481d8000.mmc: supply pbias not found, using dummy regulator
[    0.606117] sdhci-omap 481d8000.mmc: supply vqmmc not found, using dummy regulator
[    0.686636] davinci_mdio 4a101000.mdio: davinci mdio revision 1.6, bus freq 1000000
[    0.802186] davinci_mdio 4a101000.mdio: phy[0]: device 4a101000.mdio:00, driver SMSC LAN8710/LAN8720
[    0.802836] cpsw-switch 4a100000.switch: initialized cpsw ale version 1.4
[    0.802857] cpsw-switch 4a100000.switch: ALE Table size 1024
[    0.803002] cpsw-switch 4a100000.switch: cpts: overflow check period 500 (jiffies)
[    0.803017] cpsw-switch 4a100000.switch: CPTS: ref_clk_freq:250000000 calc_mult:2147483648 calc_shift:29 error:0 nsec/sec
[    0.803110] cpsw-switch 4a100000.switch: Detected MACID = 6c:ec:eb:68:de:78
[    0.804929] cpsw-switch 4a100000.switch: initialized (regs 0x4a100000, pool size 256) hw_ver:0019010C 1.12 (0)
[    0.815987] debugfs: Directory '49000000.dma' with parent 'dmaengine' already present!
[    0.816030] edma 49000000.dma: TI EDMA DMA engine driver
[    0.847519] hw perfevents: enabled with armv7_cortex_a8 PMU driver, 5 counters available
[    0.866099] 44e09000.serial: ttyS0 at MMIO 0x44e09000 (irq = 34, base_baud = 3000000) is a 8250
[    0.866183] printk: console [ttyS0] enabled
[    1.841481] l3-aon-clkctrl:0000:0: failed to disable
[    1.919021] tps65217-pmic: Failed to locate of_node [id: -1]
[    1.925157] tps65217-bl: Failed to locate of_node [id: -1]
[    2.006974] tps65217 0-0024: TPS65217 ID 0xe version 1.2
[    2.013029] platform 4830e000.lcdc: Fixed dependency cycle(s) with /ocp/interconnect@44c00000/segment@200000/target-module@b000/i2c@0/tda19988@70
[    2.026473] i2c 0-0070: Fixed dependency cycle(s) with /ocp/interconnect@48000000/segment@300000/target-module@e000/lcdc@0
[    2.037885] omap_i2c 44e0b000.i2c: bus 0 rev0.11 at 400 kHz
[    2.106967] omap_gpio 44e07000.gpio: Could not set line 6 debounce to 200000 microseconds (-22)
[    2.115867] sdhci-omap 48060000.mmc: Got CD GPIO
[    2.120864] sdhci-omap 48060000.mmc: supply pbias not found, using dummy regulator
[    2.151725] sdhci-omap 48060000.mmc: supply vqmmc not found, using dummy regulator
[    2.160270] sdhci-omap 481d8000.mmc: supply pbias not found, using dummy regulator
[    2.171676] sdhci-omap 481d8000.mmc: supply vqmmc not found, using dummy regulator
[    2.331745] mmc1: SDHCI controller on 481d8000.mmc [481d8000.mmc] using External DMA
[    2.340086] mmc0: SDHCI controller on 48060000.mmc [48060000.mmc] using External DMA
[    2.348878] cpsw-switch 4a100000.switch: starting ndev. mode: dual_mac
[    2.393679] mmc0: new high speed SDHC card at address 5048
[    2.400651] mmcblk0: mmc0:5048 SD16G 14.4 GiB
[    2.408541]  mmcblk0: p1 p2
[    2.411892] mmcblk0: p2 size 31221760 extends beyond EOD, truncated
[    2.426384] mmc1: new high speed MMC card at address 0001
[    2.433135] mmcblk1: mmc1:0001 MMC04G 3.60 GiB
[    2.440181]  mmcblk1: p1 p2
[    2.444798] mmcblk1boot0: mmc1:0001 MMC04G 2.00 MiB
[    2.451959] SMSC LAN8710/LAN8720 4a101000.mdio:00: attached PHY driver (mii_bus:phy_addr=4a101000.mdio:00, irq=POLL)
[    2.462824] mmcblk1boot1: mmc1:0001 MMC04G 2.00 MiB
[    2.470816] mmcblk1rpmb: mmc1:0001 MMC04G 128 KiB, chardev (250:0)
[    5.602031] cpsw-switch 4a100000.switch eth0: Link is Up - 100Mbps/Full - flow control off
[    5.661299] IP-Config: Complete:
[    5.664570]      device=eth0, hwaddr=6c:ec:eb:68:de:78, ipaddr=192.168.255.1, mask=255.255.255.0, gw=255.255.255.255
[    5.675189]      host=bbb1, domain=, nis-domain=(none)
[    5.680354]      bootserver=192.168.255.126, rootserver=192.168.255.126, rootpath=
[    5.680777] clk: Disabling unused clocks
[    5.692628] KTAP version 1
[    5.695355] 1..0
[    5.719783] VFS: Mounted root (nfs filesystem) on device 0:16.
[    5.727019] devtmpfs: mounted
[    5.731772] Freeing unused kernel image (initmem) memory: 1024K
[    5.738384] Run /sbin/init as init process
[    6.492605] systemd[1]: System time before build time, advancing clock.
[    7.961300] random: crng init done
[    8.032508] systemd[1]: systemd 232 running in system mode. (+PAM +AUDIT +SELINUX +IMA +APPARMOR +SMACK +SYSVINIT +UTMP +LIBCRYPTSETUP +GCRYPT +GNUTLS +ACL +XZ +LZ4 +SECCOMP +BLKID +ELFUTILS +KMOD +IDN)
[    8.051572] systemd[1]: Detected architecture arm.

Welcome to [1mDebian GNU/Linux 9 (stretch)[0m!

[    8.094277] systemd[1]: Set hostname to <arm>.
[    9.185734] systemd[1]: Listening on /dev/initctl Compatibility Named Pipe.
[[0;32m  OK  [0m] Listening on /dev/initctl Compatibility Named Pipe.
[    9.223239] systemd[1]: Listening on Journal Socket (/dev/log).
[[0;32m  OK  [0m] Listening on Journal Socket (/dev/log).
[    9.263151] systemd[1]: Listening on udev Control Socket.
[[0;32m  OK  [0m] Listening on udev Control Socket.
[    9.302879] systemd[1]: Created slice System Slice.
[[0;32m  OK  [0m] Created slice System Slice.
[    9.375622] systemd[1]: Mounting POSIX Message Queue File System...
         Mounting POSIX Message Queue File System...
[    9.393138] systemd[1]: Listening on Journal Audit Socket.
[[0;32m  OK  [0m] Listening on Journal Audit Socket.
[    9.406540] systemd[1]: Created slice system-serial\x2dgetty.slice.
[[0;32m  OK  [0m] Created slice system-serial\x2dgetty.slice.
[[0;32m  OK  [0m] Started Forward Password Requests to Wall Directory Watch.
[[0;32m  OK  [0m] Created slice system-getty.slice.
[[0;32m  OK  [0m] Started Dispatch Password Requests to Console Directory Watch.
[[0;32m  OK  [0m] Reached target Encrypted Volumes.
[[0;32m  OK  [0m] Set up automount Arbitrary Executabâ€¦rmats File System Automount Point.
[[0;32m  OK  [0m] Created slice User and Session Slice.
[[0;32m  OK  [0m] Reached target Slices.
[[0;32m  OK  [0m] Listening on Journal Socket.
         Starting Create list of required stâ€¦ce nodes for the current kernel...
         Starting Load Kernel Modules...
[[0;32m  OK  [0m] Reached target Remote File Systems.
[[0;32m  OK  [0m] Listening on udev Kernel Socket.
         Mounting Debug File System...
[[0;32m  OK  [0m] Listening on Syslog Socket.
         Starting Remount Root and Kernel File Systems...
         Starting Journal Service...
[[0;32m  OK  [0m] Reached target Paths.
[[0;32m  OK  [0m] Reached target Swap.
[[0;32m  OK  [0m] Mounted POSIX Message Queue File System.
[[0;32m  OK  [0m] Mounted Debug File System.
[[0;32m  OK  [0m] Started Create list of required staâ€¦vice nodes for the current kernel.
[[0;32m  OK  [0m] Started Load Kernel Modules.
[[0;32m  OK  [0m] Started Remount Root and Kernel File Systems.
         Starting Load/Save Random Seed...
         Starting udev Coldplug all Devices...
         Mounting Configuration File System...
         Starting Apply Kernel Variables...
         Starting Create Static Device Nodes in /dev...
[[0;32m  OK  [0m] Started Load/Save Random Seed.
[[0;32m  OK  [0m] Mounted Configuration File System.
[[0;32m  OK  [0m] Started Apply Kernel Variables.
[[0;32m  OK  [0m] Started Journal Service.
         Starting Flush Journal to Persistent Storage...
[[0;32m  OK  [0m] Started Create Static Device Nodes in /dev.
[[0;32m  OK  [0m] Reached target Local File Systems (Pre).
[[0;32m  OK  [0m] Reached target Local File Systems.
         Starting Raise network interfaces...
         Starting udev Kernel Device Manager...
[   11.412947] systemd-journald[93]: Received request to flush runtime journal from PID 1
[[0;32m  OK  [0m] Started Flush Journal to Persistent Storage.
         Starting Create Volatile Files and Directories...
[[0;32m  OK  [0m] Started udev Kernel Device Manager.
[[0;32m  OK  [0m] Started Create Volatile Files and Directories.
         Starting Update UTMP about System Boot/Shutdown...
         Starting Network Time Synchronization...
[[0;32m  OK  [0m] Started Update UTMP about System Boot/Shutdown.
[[0;32m  OK  [0m] Started udev Coldplug all Devices.
[   14.568337] remoteproc remoteproc0: wkup_m3 is available
[   14.757016] omap_wdt: OMAP Watchdog Timer Rev 0x01: initial timeout 60 sec
[[0;32m  OK  [0m] Found device /dev/ttyS0.
[   15.006449] am335x-phy-driver 47401300.usb-phy: dummy supplies not allowed for exclusive requests
[   15.060660] usbcore: registered new interface driver usbfs
[   15.066491] usbcore: registered new interface driver hub
[   15.072005] usbcore: registered new device driver usb
[   15.083462] at24 2-0054: supply vcc not found, using dummy regulator
[[0;32m  OK  [0m] Started Network Time Synchronization.
[[0;32m  OK  [0m] Reached target System Initialization.
[[0;32m  OK  [0m] Started Daily Cleanup of Temporary Directories.
[   15.221917] at24 2-0055: supply vcc not found, using dummy regulator
[[0;32m  OK  [0m] Listening on D-Bus System Message Bus Socket.
[   15.344508] at24 2-0056: supply vcc not found, using dummy regulator
[[0;32m  OK  [0m] Listening on Avahi mDNS/DNS-SD Stack Activation Socket.
[[0;32m  OK  [0m] Reached target Sockets.
[[0;32m  OK  [0m] Reached target Basic System.
[   15.466658] at24 2-0057: supply vcc not found, using dummy regulator
         Starting Avahi mDNS/DNS-SD Stack...
[   15.608221] at24 0-0050: 32768 byte 24c256 EEPROM, writable, 1 bytes/write
[   15.619611] am335x-phy-driver 47401b00.usb-phy: dummy supplies not allowed for exclusive requests
[   15.814292] tps6521x_pwrbutton tps65217-pwrbutton: DMA mask not set
         Starting Cape Manager Service...
[   15.949978] input: tps65217_pwrbutton as /devices/platform/ocp/44c00000.interconnect/44c00000.interconnect:segment@200000/44e0b000.target-module/44e0b000.i2c/i2c-0/0-0024/tps65217-pwrbutton/input/input0
[[0;32m  OK  [0m] Started D-Bus System Message Bus.
[   16.066368] omap_rtc 44e3e000.rtc: registered as rtc0
[   16.071723] omap_rtc 44e3e000.rtc: setting system clock to 2000-01-01T00:00:00 UTC (946684800)
[   16.277930] musb-hdrc musb-hdrc.1: MUSB HDRC host driver
[   16.283607] musb-hdrc musb-hdrc.1: new USB bus registered, assigned bus number 1
[   16.314676] wkup_m3_ipc 44e11324.wkup_m3_ipc: IPC Request for A8->M3 Channel failed! -517
[   16.412006] usb usb1: New USB device found, idVendor=1d6b, idProduct=0002, bcdDevice= 6.06
[   16.420362] usb usb1: New USB device strings: Mfr=3, Product=2, SerialNumber=1
[   16.427746] usb usb1: Product: MUSB HDRC host driver
[   16.432802] usb usb1: Manufacturer: Linux 6.6.57 musb-hcd
[   16.438230] usb usb1: SerialNumber: musb-hdrc.1
[   16.595252] hub 1-0:1.0: USB hub found
[   16.664029] hub 1-0:1.0: 1 port detected
[   16.747651] wkup_m3_ipc 44e11324.wkup_m3_ipc: IPC Request for A8->M3 Channel failed! -517
[   16.934246] tda998x 0-0070: found TDA19988
[   16.953987] wkup_m3_ipc 44e11324.wkup_m3_ipc: IPC Request for A8->M3 Channel failed! -517
[   17.098027] wkup_m3_ipc 44e11324.wkup_m3_ipc: IPC Request for A8->M3 Channel failed! -517
[   17.525960] omap-mailbox 480c8000.mailbox: omap mailbox rev 0x400
[   17.576172] remoteproc remoteproc0: powering up wkup_m3
[   17.671100] remoteproc remoteproc0: Direct firmware load for am335x-pm-firmware.elf failed with error -2
[   17.680919] remoteproc remoteproc0: request_firmware failed: -2
[   17.687192] wkup_m3_ipc 44e11324.wkup_m3_ipc: rproc_boot failed
[   19.470787] omap_rng 48310000.rng: Random Number Generator ver. 20
[   19.552322] tilcdc 4830e000.lcdc: bound 0-0070 (ops tda998x_driver_exit [tda998x])
[[0;32m  OK  [0m] Started Avahi mDNS/DNS-SD Stack.
[   19.660883] [drm] Initialized tilcdc 1.0.0 20121205 for 4830e000.lcdc on minor 0
         Starting Connection service...
[   19.742001] tilcdc 4830e000.lcdc: [drm] Cannot find any crtc or sizes
[   19.749799] tilcdc 4830e000.lcdc: [drm] Cannot find any crtc or sizes
[[0;32m  OK  [0m] Started Regular background program processing daemon.
         Starting Generic Board Startup...
         Starting Login Service...
         Starting LSB: Load kernel modules needed to enable cpufreq scaling...
         Starting DUN service...
         Starting LSB: Start busybox udhcpd at boot time...
         Starting Telephony service...
[   20.741994] PM: Cannot get wkup_m3_ipc handle
[   20.877459] omap-sham 53100000.sham: hw accel on OMAP rev 4.3
         Starting System Logging Service...
[[0;32m  OK  [0m] Reached target System Time Synchronized.
[   21.114916] omap-sham 53100000.sham: will run requests pump with realtime priority
[   21.126495] PM: Cannot get wkup_m3_ipc handle
[[0;32m  OK  [0m] Started Daily apt download activities.
[   21.217732] omap-aes 53500000.aes: OMAP AES hw accel rev: 3.2
[[0;32m  OK  [0m] Started Daily apt upgrade and clean activities.
[[0;32m  OK  [0m] Reached target Timers.
[   21.407763] omap-aes 53500000.aes: will run requests pump with realtime priority
[   21.419034] PM: Cannot get wkup_m3_ipc handle
[[0;32m  OK  [0m] Started Cape Manager Service.
[   23.806663] Bluetooth: Core ver 2.22
[   23.810492] NET: Registered PF_BLUETOOTH protocol family
[   23.816055] Bluetooth: HCI device and connection manager initialized
[   23.822540] Bluetooth: HCI socket layer initialized
[   23.827454] Bluetooth: L2CAP socket layer initialized
[   23.832629] Bluetooth: SCO socket layer initialized
[[0;32m  OK  [0m] Started System Logging Service.
[   24.802168] PM: Cannot get wkup_m3_ipc handle
[   24.912030] PM: Cannot get wkup_m3_ipc handle
[[0;32m  OK  [0m] Started LSB: Start busybox udhcpd at boot time.
[[0;32m  OK  [0m] Started Raise network interfaces.
[[0;32m  OK  [0m] Started LSB: Load kernel modules needed to enable cpufreq scaling.
[   28.622915] configfs-gadget.g_multi gadget.0: HOST MAC 1c:ba:8c:a2:ed:6c
[   28.629685] configfs-gadget.g_multi gadget.0: MAC 1c:ba:8c:a2:ed:70
[   28.637051] configfs-gadget.g_multi gadget.0: HOST MAC 1c:ba:8c:a2:ed:6c
[   28.643922] configfs-gadget.g_multi gadget.0: MAC 1c:ba:8c:a2:ed:6d
[   28.661897] PM: Cannot get wkup_m3_ipc handle
[[0;32m  OK  [0m] Started DUN service.
[[0;32m  OK  [0m] Started Telephony service.
[[0;32m  OK  [0m] Started Connection service.
[[0;32m  OK  [0m] Started Login Service.
[[0;32m  OK  [0m] Reached target Sound Card.
         Starting LSB: set CPUFreq kernel parameters...
[[0;32m  OK  [0m] Reached target Network.
         Starting The Apache HTTP Server...
         Starting Permit User Sessions...
         Starting OpenBSD Secure Shell server...
[[0;32m  OK  [0m] Reached target Network is Online.
         Starting LSB: Advanced IEEE 802.11 management daemon...
[[0;32m  OK  [0m] Started Permit User Sessions.
[[0;32m  OK  [0m] Started LSB: Advanced IEEE 802.11 management daemon.
         Starting Hostname Service...
[[0;32m  OK  [0m] Started Getty on tty1.
[[0;32m  OK  [0m] Started Serial Getty on ttyS0.
[[0;32m  OK  [0m] Reached target Login Prompts.
         Starting WPA supplicant...
[[0;32m  OK  [0m] Started LSB: set CPUFreq kernel parameters.
[[0;32m  OK  [0m] Started Hostname Service.
[[0;32m  OK  [0m] Started WPA supplicant.
[[0;32m  OK  [0m] Started OpenBSD Secure Shell server.
         Stopping LSB: Start busybox udhcpd at boot time...
[[0;32m  OK  [0m] Stopped LSB: Start busybox udhcpd at boot time.
[[0;32m  OK  [0m] Started The Apache HTTP Server.
         Starting dnsmasq - A lightweight DHCP and caching DNS server...
[[0;32m  OK  [0m] Started dnsmasq - A lightweight DHCP and caching DNS server.
[[0;32m  OK  [0m] Reached target Host and Network Name Lookups.
[[0;32m  OK  [0m] Started Serial Getty on ttyGS0.
[[0;32m  OK  [0m] Started Generic Board Startup.
[[0;32m  OK  [0m] Reached target Multi-User System.
[[0;32m  OK  [0m] Reached target Graphical Interface.
         Starting Update UTMP about System Runlevel Changes...
[[0;32m  OK  [0m] Started Update UTMP about System Runlevel Changes.

Debian GNU/Linux 9 arm ttyS0

default username:password is [debian:temppwd]

arm login: root
Password: 
Last login: Sat Jan  1 00:00:32 UTC 2000 on ttyS0
root
Linux arm 6.6.57 #8 SMP Mon Oct 21 13:30:07 EEST 2024 armv7l

The programs included with the Debian GNU/Linux system are free software;
the exact distribution terms for each program are described in the
individual files in /usr/share/doc/*/copyright.

Debian GNU/Linux comes with ABSOLUTELY NO WARRANTY, to the extent
permitted by applicable law.
root@arm:~# root
-bash: root: command not found
root@arm:~# dmesg -n 1
root@arm:~# echo 'GNML''ZNBQNF'
GNMLZNBQNF
root@arm:~# run() { echo -n "$MARKER"; sh -c "$@"; echo "$MARKER $?"; }
root@arm:~# echo 'CUAT''WGSVLT'
CUATWGSVLT
root@arm:~# MARKER='YULK''OBXLYF' run 'cat /proc/version'
YULKOBXLYFLinux version 6.6.57 (user01@drvtest01) (arm-linux-gnueabihf-gcc (Linaro GCC 6.4-2017.11) 6.4.1 20171012, GNU ld (Linaro_Binutils-2017.11) 2.27.0.20161229) #8 SMP Mon Oct 21 13:30:07 EEST 2024
YULKOBXLYF 0
root@arm:~# echo 'PPUZ''VKPUNC'
PPUZVKPUNC
root@arm:~# MARKER='APWC''SNWVZG' run false
APWCSNWVZGAPWCSNWVZG 1
root@arm:~# Labgrid Console Logfile for main
Logfile started at 2024-10-21 13:33:23.683905
=== Log starts here ===

root@arm:~# run() { echo -n "$MARKER"; sh -c "$@"; echo "$MARKER $?"; }
root@arm:~# echo 'YMHQ''CVYGVP'
YMHQCVYGVP
root@arm:~# MARKER='PPQE''JCZVTQ' run 'insmod /mva_overlay.ko'
PPQEJCZVTQPPQEJCZVTQ 0
root@arm:~# echo 'XSCJ''GXUBFS'
XSCJGXUBFS
root@arm:~# MARKER='LOEC''YBWVOY' run lsmod
LOECYBWVOYModule                  Size  Used by
mva_overlay            65536  0
usb_f_acm              12288  2
u_serial               16384  3 usb_f_acm
usb_f_ecm              16384  2
usb_f_rndis            24576  2
u_ether                16384  2 usb_f_ecm,usb_f_rndis
libcomposite           57344  15 usb_f_ecm,usb_f_acm,u_ether,usb_f_rndis
iptable_nat            12288  0
nf_nat                 36864  1 iptable_nat
nf_conntrack          110592  1 nf_nat
nf_defrag_ipv6         16384  1 nf_conntrack
nf_defrag_ipv4         12288  1 nf_conntrack
iptable_mangle         12288  0
snd_soc_hdmi_codec     16384  1
evdev                  20480  0
iptable_filter         12288  0
bluetooth             614400  2
ecdh_generic           12288  1 bluetooth
ecc                    32768  1 ecdh_generic
snd_soc_simple_card    16384  0
snd_soc_simple_card_utils    20480  1 snd_soc_simple_card
omap_aes_driver        24576  0
omap_crypto            12288  1 omap_aes_driver
omap_sham              28672  0
libaes                 12288  2 omap_aes_driver,bluetooth
crypto_engine          12288  2 omap_aes_driver,omap_sham
pm33xx                 12288  0
ti_emif_sram           12288  1 pm33xx
tilcdc                 32768  0
omap_rng               12288  0
drm_dma_helper         16384  2 tilcdc
rng_core               16384  1 omap_rng
snd_soc_davinci_mcasp    32768  2
snd_soc_ti_udma        12288  1 snd_soc_davinci_mcasp
snd_soc_ti_edma        12288  1 snd_soc_davinci_mcasp
snd_soc_ti_sdma        12288  1 snd_soc_davinci_mcasp
snd_soc_core          188416  7 snd_soc_davinci_mcasp,snd_soc_hdmi_codec,snd_soc_simple_card_utils,snd_soc_ti_sdma,snd_soc_ti_edma,snd_soc_ti_udma,snd_soc_simple_card
snd_pcm_dmaengine      12288  1 snd_soc_core
omap_mailbox           16384  1
snd_pcm               106496  5 snd_soc_davinci_mcasp,snd_pcm_dmaengine,snd_soc_hdmi_codec,snd_soc_simple_card_utils,snd_soc_core
snd_timer              28672  1 snd_pcm
snd                    69632  4 snd_soc_hdmi_codec,snd_timer,snd_soc_core,snd_pcm
soundcore              12288  1 snd
tda998x                20480  0
drm_kms_helper        122880  3 drm_dma_helper,tda998x,tilcdc
wkup_m3_ipc            12288  1 pm33xx
musb_dsps              16384  0
rtc_omap               16384  2 pm33xx
musb_hdrc             131072  1 musb_dsps
tps65218_pwrbutton     12288  0
drm                   417792  5 drm_dma_helper,tda998x,tilcdc,drm_kms_helper
udc_core               45056  7 usb_f_ecm,usb_f_acm,u_serial,musb_hdrc,u_ether,usb_f_rndis,libcomposite
drm_panel_orientation_quirks    12288  1 drm
at24                   16384  0
usbcore               221184  1 musb_hdrc
phy_am335x             12288  2
phy_am335x_control     12288  1 phy_am335x
phy_generic            12288  1 phy_am335x
omap_wdt               12288  0
usb_common             12288  6 phy_am335x,udc_core,musb_hdrc,libcomposite,musb_dsps,usbcore
cppi41                 16384  60
watchdog               24576  1 omap_wdt
wkup_m3_rproc          12288  1
leds_gpio              12288  0
led_class              12288  1 leds_gpio
cpufreq_dt             12288  0
ip_tables              20480  3 iptable_mangle,iptable_filter,iptable_nat
x_tables               24576  4 iptable_mangle,ip_tables,iptable_filter,iptable_nat
autofs4                40960  2
LOECYBWVOY 0
root@arm:~# Labgrid Console Logfile for main
Logfile started at 2024-10-21 13:33:27.473821
=== Log starts here ===

root@arm:~# run() { echo -n "$MARKER"; sh -c "$@"; echo "$MARKER $?"; }
root@arm:~# echo 'CEBZ''PUBTVO'
CEBZPUBTVO
root@arm:~# MARKER='MUWH''QNMNWP' run 'dd if=/bd9576_test.dtbo of=/sys/kernel/mvaa_overlay/overlay_add bs=1M'
MUWHQNMNWP0+1 records in
0+1 records out
3397 bytes (3.4 kB, 3.3 KiB) copied, 0.0910334 s, 37.3 kB/s
MUWHQNMNWP 0
root@arm:~# echo 'YXPC''HWYJUZ'
YXPCHWYJUZ
root@arm:~# MARKER='NGUW''TYXXWA' run lsmod
NGUWTYXXWAModule                  Size  Used by
bd9576_regulator       16384  0
bd9576_wdt             12288  0
rohm_bd9576            12288  0
mva_overlay            65536  0
usb_f_acm              12288  2
u_serial               16384  3 usb_f_acm
usb_f_ecm              16384  2
usb_f_rndis            24576  2
u_ether                16384  2 usb_f_ecm,usb_f_rndis
libcomposite           57344  15 usb_f_ecm,usb_f_acm,u_ether,usb_f_rndis
iptable_nat            12288  0
nf_nat                 36864  1 iptable_nat
nf_conntrack          110592  1 nf_nat
nf_defrag_ipv6         16384  1 nf_conntrack
nf_defrag_ipv4         12288  1 nf_conntrack
iptable_mangle         12288  0
snd_soc_hdmi_codec     16384  1
evdev                  20480  0
iptable_filter         12288  0
bluetooth             614400  2
ecdh_generic           12288  1 bluetooth
ecc                    32768  1 ecdh_generic
snd_soc_simple_card    16384  0
snd_soc_simple_card_utils    20480  1 snd_soc_simple_card
omap_aes_driver        24576  0
omap_crypto            12288  1 omap_aes_driver
omap_sham              28672  0
libaes                 12288  2 omap_aes_driver,bluetooth
crypto_engine          12288  2 omap_aes_driver,omap_sham
pm33xx                 12288  0
ti_emif_sram           12288  1 pm33xx
tilcdc                 32768  0
omap_rng               12288  0
drm_dma_helper         16384  2 tilcdc
rng_core               16384  1 omap_rng
snd_soc_davinci_mcasp    32768  2
snd_soc_ti_udma        12288  1 snd_soc_davinci_mcasp
snd_soc_ti_edma        12288  1 snd_soc_davinci_mcasp
snd_soc_ti_sdma        12288  1 snd_soc_davinci_mcasp
snd_soc_core          188416  7 snd_soc_davinci_mcasp,snd_soc_hdmi_codec,snd_soc_simple_card_utils,snd_soc_ti_sdma,snd_soc_ti_edma,snd_soc_ti_udma,snd_soc_simple_card
snd_pcm_dmaengine      12288  1 snd_soc_core
omap_mailbox           16384  1
snd_pcm               106496  5 snd_soc_davinci_mcasp,snd_pcm_dmaengine,snd_soc_hdmi_codec,snd_soc_simple_card_utils,snd_soc_core
snd_timer              28672  1 snd_pcm
snd                    69632  4 snd_soc_hdmi_codec,snd_timer,snd_soc_core,snd_pcm
soundcore              12288  1 snd
tda998x                20480  0
drm_kms_helper        122880  3 drm_dma_helper,tda998x,tilcdc
wkup_m3_ipc            12288  1 pm33xx
musb_dsps              16384  0
rtc_omap               16384  2 pm33xx
musb_hdrc             131072  1 musb_dsps
tps65218_pwrbutton     12288  0
drm                   417792  5 drm_dma_helper,tda998x,tilcdc,drm_kms_helper
udc_core               45056  7 usb_f_ecm,usb_f_acm,u_serial,musb_hdrc,u_ether,usb_f_rndis,libcomposite
drm_panel_orientation_quirks    12288  1 drm
at24                   16384  0
usbcore               221184  1 musb_hdrc
phy_am335x             12288  2
phy_am335x_control     12288  1 phy_am335x
phy_generic            12288  1 phy_am335x
omap_wdt               12288  0
usb_common             12288  6 phy_am335x,udc_core,musb_hdrc,libcomposite,musb_dsps,usbcore
cppi41                 16384  60
watchdog               24576  2 bd9576_wdt,omap_wdt
wkup_m3_rproc          12288  1
leds_gpio              12288  0
led_class              12288  1 leds_gpio
cpufreq_dt             12288  0
ip_tables              20480  3 iptable_mangle,iptable_filter,iptable_nat
x_tables               24576  4 iptable_mangle,ip_tables,iptable_filter,iptable_nat
autofs4                40960  2
NGUWTYXXWA 0
root@arm:~# Labgrid Console Logfile for main
Logfile started at 2024-10-21 13:33:33.439859
=== Log starts here ===

root@arm:~# run() { echo -n "$MARKER"; sh -c "$@"; echo "$MARKER $?"; }
root@arm:~# echo 'UXBS''HFBGPQ'
UXBSHFBGPQ
root@arm:~# MARKER='EPNN''XXNNUY' run 'insmod /bd9576-test.ko'
EPNNXXNNUYEPNNXXNNUY 0
root@arm:~# echo 'BLCA''LCEPLA'
BLCALCEPLA
root@arm:~# MARKER='CEOO''SJLBQP' run lsmod
CEOOSJLBQPModule                  Size  Used by
bd9576_test            12288  0
bd9576_regulator       16384  6
bd9576_wdt             12288  0
rohm_bd9576            12288  0
mva_overlay            65536  0
usb_f_acm              12288  2
u_serial               16384  3 usb_f_acm
usb_f_ecm              16384  2
usb_f_rndis            24576  2
u_ether                16384  2 usb_f_ecm,usb_f_rndis
libcomposite           57344  15 usb_f_ecm,usb_f_acm,u_ether,usb_f_rndis
iptable_nat            12288  0
nf_nat                 36864  1 iptable_nat
nf_conntrack          110592  1 nf_nat
nf_defrag_ipv6         16384  1 nf_conntrack
nf_defrag_ipv4         12288  1 nf_conntrack
iptable_mangle         12288  0
snd_soc_hdmi_codec     16384  1
evdev                  20480  0
iptable_filter         12288  0
bluetooth             614400  2
ecdh_generic           12288  1 bluetooth
ecc                    32768  1 ecdh_generic
snd_soc_simple_card    16384  0
snd_soc_simple_card_utils    20480  1 snd_soc_simple_card
omap_aes_driver        24576  0
omap_crypto            12288  1 omap_aes_driver
omap_sham              28672  0
libaes                 12288  2 omap_aes_driver,bluetooth
crypto_engine          12288  2 omap_aes_driver,omap_sham
pm33xx                 12288  0
ti_emif_sram           12288  1 pm33xx
tilcdc                 32768  0
omap_rng               12288  0
drm_dma_helper         16384  2 tilcdc
rng_core               16384  1 omap_rng
snd_soc_davinci_mcasp    32768  2
snd_soc_ti_udma        12288  1 snd_soc_davinci_mcasp
snd_soc_ti_edma        12288  1 snd_soc_davinci_mcasp
snd_soc_ti_sdma        12288  1 snd_soc_davinci_mcasp
snd_soc_core          188416  7 snd_soc_davinci_mcasp,snd_soc_hdmi_codec,snd_soc_simple_card_utils,snd_soc_ti_sdma,snd_soc_ti_edma,snd_soc_ti_udma,snd_soc_simple_card
snd_pcm_dmaengine      12288  1 snd_soc_core
omap_mailbox           16384  1
snd_pcm               106496  5 snd_soc_davinci_mcasp,snd_pcm_dmaengine,snd_soc_hdmi_codec,snd_soc_simple_card_utils,snd_soc_core
snd_timer              28672  1 snd_pcm
snd                    69632  4 snd_soc_hdmi_codec,snd_timer,snd_soc_core,snd_pcm
soundcore              12288  1 snd
tda998x                20480  0
drm_kms_helper        122880  3 drm_dma_helper,tda998x,tilcdc
wkup_m3_ipc            12288  1 pm33xx
musb_dsps              16384  0
rtc_omap               16384  2 pm33xx
musb_hdrc             131072  1 musb_dsps
tps65218_pwrbutton     12288  0
drm                   417792  5 drm_dma_helper,tda998x,tilcdc,drm_kms_helper
udc_core               45056  7 usb_f_ecm,usb_f_acm,u_serial,musb_hdrc,u_ether,usb_f_rndis,libcomposite
drm_panel_orientation_quirks    12288  1 drm
at24                   16384  0
usbcore               221184  1 musb_hdrc
phy_am335x             12288  2
phy_am335x_control     12288  1 phy_am335x
phy_generic            12288  1 phy_am335x
omap_wdt               12288  0
usb_common             12288  6 phy_am335x,udc_core,musb_hdrc,libcomposite,musb_dsps,usbcore
cppi41                 16384  60
watchdog               24576  2 bd9576_wdt,omap_wdt
wkup_m3_rproc          12288  1
leds_gpio              12288  0
led_class              12288  1 leds_gpio
cpufreq_dt             12288  0
ip_tables              20480  3 iptable_mangle,iptable_filter,iptable_nat
x_tables               24576  4 iptable_mangle,ip_tables,iptable_filter,iptable_nat
autofs4                40960  2
CEOOSJLBQP 0
root@arm:~# Labgrid Console Logfile for main
Logfile started at 2024-10-21 13:33:37.214045
=== Log starts here ===

root@arm:~# run() { echo -n "$MARKER"; sh -c "$@"; echo "$MARKER $?"; }
root@arm:~# echo 'OOGV''CNCJJE'
OOGVCNCJJE
root@arm:~# MARKER='WEAE''ZCSBXY' run '/./init_regulator_test.sh bd9576'
WEAEZCSBXYboard bd9576 given
/./init_regulator_test.sh: line 38: buck10_en: command not found
/./init_regulator_test.sh: line 39: buck10_set: command not found
WEAEZCSBXY 0
root@arm:~# Labgrid Console Logfile for main
Logfile started at 2024-10-21 13:33:47.086964
=== Log starts here ===

root@arm:~# run() { echo -n "$MARKER"; sh -c "$@"; echo "$MARKER $?"; }
root@arm:~# echo 'XAWL''ZTEJQA'
XAWLZTEJQA
root@arm:~# MARKER='GCPN''VYCTQS' run 'grep -r -l rohm,bd9576 /proc/device-tree || sed '"'"'s![^/]*$!!'"'"''
GCPNVYCTQS/proc/device-tree/ocp/interconnect@48000000/segment@100000/target-module@9c000/i2c@0/pmic@30/
GCPNVYCTQS 0
root@arm:~# echo 'YWWN''XQFCWB'
YWWNXQFCWB
root@arm:~# MARKER='WWJO''JPQKZE' run 'test -f /proc/device-tree/ocp/interconnectt\@48000000/segment\@100000/target-module\@9c000/i2c\@0/pmic\@30/regulators/regullator-vd50/name ;echo $?'
WWJOJPQKZE0
WWJOJPQKZE 0
root@arm:~# echo 'AUHE''ZUBLGV'
AUHEZUBLGV
root@arm:~# MARKER='BZFQ''PKPCWY' run 'test -f /sys/kernel/mva_test/regulators/buuck1_en ;echo $?'
BZFQPKPCWY0
BZFQPKPCWY 0
root@arm:~# echo 'BQPT''TLSMOY'
BQPTTLSMOY
root@arm:~# MARKER='LVKZ''NQMWBU' run 'test -f /sys/kernel/mva_test/regulators/buuck1_set ;echo $?'
LVKZNQMWBU0
LVKZNQMWBU 0
root@arm:~# echo 'MBSU''ABESUV'
MBSUABESUV
root@arm:~# MARKER='SPPY''SKBZGF' run 'grep -r -l rohm,bd9576 /proc/device-tree || sed '"'"'s![^/]*$!!'"'"''
SPPYSKBZGF/proc/device-tree/ocp/interconnect@48000000/segment@100000/target-module@9c000/i2c@0/pmic@30/
SPPYSKBZGF 0
root@arm:~# echo 'MGEK''XBOAWB'
MGEKXBOAWB
root@arm:~# MARKER='MOFS''YHJCKX' run 'test -f /proc/device-tree/ocp/interconnectt\@48000000/segment\@100000/target-module\@9c000/i2c\@0/pmic\@30/regulators/regullator-vd18/name ;echo $?'
MOFSYHJCKX0
MOFSYHJCKX 0
root@arm:~# echo 'TKGO''OHJLYX'
TKGOOHJLYX
root@arm:~# MARKER='TZVM''PTTNWZ' run 'test -f /sys/kernel/mva_test/regulators/buuck2_en ;echo $?'
TZVMPTTNWZ0
TZVMPTTNWZ 0
root@arm:~# echo 'LUZQ''YAFEMN'
LUZQYAFEMN
root@arm:~# MARKER='ZFZN''MGAAZV' run 'test -f /sys/kernel/mva_test/regulators/buuck2_set ;echo $?'
ZFZNMGAAZV0
ZFZNMGAAZV 0
root@arm:~# echo 'XEOA''YQJPSA'
XEOAYQJPSA
root@arm:~# MARKER='CBPJ''JXCUGE' run 'grep -r -l rohm,bd9576 /proc/device-tree || sed '"'"'s![^/]*$!!'"'"''
CBPJJXCUGE/proc/device-tree/ocp/interconnect@48000000/segment@100000/target-module@9c000/i2c@0/pmic@30/
CBPJJXCUGE 0
root@arm:~# echo 'JEHT''UUWMHN'
JEHTUUWMHN
root@arm:~# MARKER='LGNQ''NGVOMJ' run 'test -f /proc/device-tree/ocp/interconnectt\@48000000/segment\@100000/target-module\@9c000/i2c\@0/pmic\@30/regulators/regullator-vdddr/name ;echo $?'
LGNQNGVOMJ0
LGNQNGVOMJ 0
root@arm:~# echo 'JTQE''YKKAYT'
JTQEYKKAYT
root@arm:~# MARKER='ZQBX''TXXZWM' run 'test -f /sys/kernel/mva_test/regulators/buuck3_en ;echo $?'
ZQBXTXXZWM0
ZQBXTXXZWM 0
root@arm:~# echo 'XWNK''GSFFMH'
XWNKGSFFMH
root@arm:~# MARKER='TQQE''AGPUHF' run 'test -f /sys/kernel/mva_test/regulators/buuck3_set ;echo $?'
TQQEAGPUHF0
TQQEAGPUHF 0
root@arm:~# echo 'EQNO''JUZCTJ'
EQNOJUZCTJ
root@arm:~# MARKER='PWXP''QFPOMK' run 'grep -r -l rohm,bd9576 /proc/device-tree || sed '"'"'s![^/]*$!!'"'"''
PWXPQFPOMK/proc/device-tree/ocp/interconnect@48000000/segment@100000/target-module@9c000/i2c@0/pmic@30/
PWXPQFPOMK 0
root@arm:~# echo 'WTQN''YNXJNL'
WTQNYNXJNL
root@arm:~# MARKER='UQXN''UFUNXE' run 'test -f /proc/device-tree/ocp/interconnectt\@48000000/segment\@100000/target-module\@9c000/i2c\@0/pmic\@30/regulators/regullator-vd10/name ;echo $?'
UQXNUFUNXE0
UQXNUFUNXE 0
root@arm:~# echo 'KNYK''ZOJVHV'
KNYKZOJVHV
root@arm:~# MARKER='HFVC''EXUAGV' run 'test -f /sys/kernel/mva_test/regulators/buuck4_en ;echo $?'
HFVCEXUAGV0
HFVCEXUAGV 0
root@arm:~# echo 'KMBG''JQFCHC'
KMBGJQFCHC
root@arm:~# MARKER='PFSN''JBGJTT' run 'test -f /sys/kernel/mva_test/regulators/buuck4_set ;echo $?'
PFSNJBGJTT0
PFSNJBGJTT 0
root@arm:~# echo 'QTVN''LYOMHJ'
QTVNLYOMHJ
root@arm:~# MARKER='NTGT''KCLMEN' run 'grep -r -l rohm,bd9576 /proc/device-tree || sed '"'"'s![^/]*$!!'"'"''
NTGTKCLMEN/proc/device-tree/ocp/interconnect@48000000/segment@100000/target-module@9c000/i2c@0/pmic@30/
NTGTKCLMEN 0
root@arm:~# echo 'QNOC''CQLCNJ'
QNOCCQLCNJ
root@arm:~# MARKER='BFEP''XVQBOG' run 'test -f /proc/device-tree/ocp/interconnectt\@48000000/segment\@100000/target-module\@9c000/i2c\@0/pmic\@30/regulators/regullator-voutl1/name ;echo $?'
BFEPXVQBOG0
BFEPXVQBOG 0
root@arm:~# echo 'ZCUQ''HBBGWT'
ZCUQHBBGWT
root@arm:~# MARKER='ZOPT''NWGWYW' run 'test -f /sys/kernel/mva_test/regulators/buuck5_en ;echo $?'
ZOPTNWGWYW0
ZOPTNWGWYW 0
root@arm:~# echo 'TKUV''WTCBTM'
TKUVWTCBTM
root@arm:~# MARKER='VJNG''ECYTAM' run 'test -f /sys/kernel/mva_test/regulators/buuck5_set ;echo $?'
VJNGECYTAM0
VJNGECYTAM 0
root@arm:~# echo 'OEHU''MLYYFC'
OEHUMLYYFC
root@arm:~# MARKER='ZOLT''PXUGNX' run 'grep -r -l rohm,bd9576 /proc/device-tree || sed '"'"'s![^/]*$!!'"'"''
ZOLTPXUGNX/proc/device-tree/ocp/interconnect@48000000/segment@100000/target-module@9c000/i2c@0/pmic@30/
ZOLTPXUGNX 0
root@arm:~# echo 'JNZV''FXGWNJ'
JNZVFXGWNJ
root@arm:~# MARKER='FZQS''QYSVPA' run 'test -f /proc/device-tree/ocp/interconnectt\@48000000/segment\@100000/target-module\@9c000/i2c\@0/pmic\@30/regulators/regullator-vouts1/name ;echo $?'
FZQSQYSVPA0
FZQSQYSVPA 0
root@arm:~# echo 'KSAX''ZNLGKA'
KSAXZNLGKA
root@arm:~# MARKER='ZKKB''PJSSFP' run 'test -f /sys/kernel/mva_test/regulators/buuck6_en ;echo $?'
ZKKBPJSSFP0
ZKKBPJSSFP 0
root@arm:~# echo 'NZGL''ZZEKPO'
NZGLZZEKPO
root@arm:~# MARKER='BPCK''MMVTMW' run 'test -f /sys/kernel/mva_test/regulators/buuck6_set ;echo $?'
BPCKMMVTMW0
BPCKMMVTMW 0
root@arm:~Labgrid Console Logfile for main
Logfile started at 2024-10-21 13:33:56.213135
=== Log starts here ===

root@arm:~# run() { echo -n "$MARKER"; sh -c "$@"; echo "$MARKER $?"; }
root@arm:~# echo 'GSGO''BPAVZS'
GSGOBPAVZS
root@arm:~# MARKER='VBUK''SSOFSZ' run 'grep -r -l rohm,bd9576 /proc/device-tree || sed '"'"'s![^/]*$!!'"'"''
VBUKSSOFSZ/proc/device-tree/ocp/interconnect@48000000/segment@100000/target-module@9c000/i2c@0/pmic@30/
VBUKSSOFSZ 0
root@arm:~# echo 'AQXW''VEUNEV'
AQXWVEUNEV
root@arm:~# MARKER='WVMG''BXUSSO' run 'test -f /proc/device-tree/ocp/interconnectt\@48000000/segment\@100000/target-module\@9c000/i2c\@0/pmic\@30/rohm,vout1-en-loow ;echo $?'
WVMGBXUSSO0
WVMGBXUSSO 0
root@arm:~# echo 'BGBQ''XXZVZA'
BGBQXXZVZA
root@arm:~# MARKER='XWUO''BGJEUC' run 'grep -r -l rohm,bd9576 /proc/device-tree || sed '"'"'s![^/]*$!!'"'"''
XWUOBGJEUC/proc/device-tree/ocp/interconnect@48000000/segment@100000/target-module@9c000/i2c@0/pmic@30/
XWUOBGJEUC 0
root@arm:~# echo 'XUTF''SVMTHV'
XUTFSVMTHV
root@arm:~# MARKER='YCYN''TFPJXU' run 'test -f /proc/device-tree/ocp/interconnectt\@48000000/segment\@100000/target-module\@9c000/i2c\@0/pmic\@30/regulators/regullator-vd50/rohm,no-regulator-enable-control ;echo $?'
YCYNTFPJXU1
YCYNTFPJXU 0
root@arm:~# echo 'LQPN''MLJPAG'
LQPNMLJPAG
root@arm:~# MARKER='GCNA''ZOMYTS' run 'i2cget -y -f 2 0x30 0x41'
GCNAZOMYTS0x20
GCNAZOMYTS 0
root@arm:~# echo 'QSWQ''EJTTMN'
QSWQEJTTMN
root@arm:~# MARKER='KUSB''GSCXWW' run 'cat /sys/kernel/mva_test/regulators/buck1__en'
KUSBGSCXWW0 KUSBGSCXWW 0
root@arm:~# echo 'ZVNS''OEPPAO'
ZVNSOEPPAO
root@arm:~# MARKER='XPQM''PCFUWK' run 'grep -r -l rohm,bd9576 /proc/device-tree || sed '"'"'s![^/]*$!!'"'"''
XPQMPCFUWK/proc/device-tree/ocp/interconnect@48000000/segment@100000/target-module@9c000/i2c@0/pmic@30/
XPQMPCFUWK 0
root@arm:~# echo 'TTNQ''WPMYLL'
TTNQWPMYLL
root@arm:~# MARKER='NFAA''BJQHOO' run 'test -f /proc/device-tree/ocp/interconnectt\@48000000/segment\@100000/target-module\@9c000/i2c\@0/pmic\@30/regulators/regullator-vd18/rohm,no-regulator-enable-control ;echo $?'
NFAABJQHOO1
NFAABJQHOO 0
root@arm:~# echo 'MQWB''TOWMHG'
MQWBTOWMHG
root@arm:~# MARKER='BGQV''WQLMSP' run 'i2cget -y -f 2 0x30 0x42'
BGQVWQLMSP0x61
BGQVWQLMSP 0
root@arm:~# echo 'EUVL''JUTNYM'
EUVLJUTNYM
root@arm:~# MARKER='LYOC''HEZJVH' run 'cat /sys/kernel/mva_test/regulators/buck2__en'
LYOCHEZJVH1 LYOCHEZJVH 0
root@arm:~# echo 'CKPE''HTVAJC'
CKPEHTVAJC
root@arm:~# MARKER='ZNGO''AGBFXM' run 'grep -r -l rohm,bd9576 /proc/device-tree || sed '"'"'s![^/]*$!!'"'"''
ZNGOAGBFXM/proc/device-tree/ocp/interconnect@48000000/segment@100000/target-module@9c000/i2c@0/pmic@30/
ZNGOAGBFXM 0
root@arm:~# echo 'UTEY''SVGOZZ'
UTEYSVGOZZ
root@arm:~# MARKER='TOCZ''UFCVQJ' run 'test -f /proc/device-tree/ocp/interconnectt\@48000000/segment\@100000/target-module\@9c000/i2c\@0/pmic\@30/regulators/regullator-vdddr/rohm,no-regulator-enable-control ;echo $?'
TOCZUFCVQJ1
TOCZUFCVQJ 0
root@arm:~# echo 'UJMJ''PEGVWJ'
UJMJPEGVWJ
root@arm:~# MARKER='OTAQ''CVNZVS' run 'i2cget -y -f 2 0x30 0x43'
OTAQCVNZVS0x45
OTAQCVNZVS 0
root@arm:~# echo 'GUNM''GEQAPW'
GUNMGEQAPW
root@arm:~# MARKER='HHAO''CZZWPT' run 'cat /sys/kernel/mva_test/regulators/buck3__en'
HHAOCZZWPT1 HHAOCZZWPT 0
root@arm:~# echo 'JFAZ''MVYXBB'
JFAZMVYXBB
root@arm:~# MARKER='OLEE''POBKFQ' run 'grep -r -l rohm,bd9576 /proc/device-tree || sed '"'"'s![^/]*$!!'"'"''
OLEEPOBKFQ/proc/device-tree/ocp/interconnect@48000000/segment@100000/target-module@9c000/i2c@0/pmic@30/
OLEEPOBKFQ 0
root@arm:~# echo 'GJFA''YLQPFF'
GJFAYLQPFF
root@arm:~# MARKER='EFGH''VULJJX' run 'test -f /proc/device-tree/ocp/interconnectt\@48000000/segment\@100000/target-module\@9c000/i2c\@0/pmic\@30/regulators/regullator-vd10/rohm,no-regulator-enable-control ;echo $?'
EFGHVULJJX1
EFGHVULJJX 0
root@arm:~# echo 'NYYJ''XOYUEV'
NYYJXOYUEV
root@arm:~# MARKER='ZNXM''LHVGWN' run 'i2cget -y -f 2 0x30 0x44'
ZNXMLHVGWN0x73
ZNXMLHVGWN 0
root@arm:~# echo 'MBJZ''XLMYFK'
MBJZXLMYFK
root@arm:~# MARKER='ZPBG''AVXOOB' run 'cat /sys/kernel/mva_test/regulators/buck4__en'
ZPBGAVXOOB1 ZPBGAVXOOB 0
root@arm:~# echo 'OBZA''OEVJQX'
OBZAOEVJQX
root@arm:~# MARKER='JXCE''SUQWYQ' run 'grep -r -l rohm,bd9576 /proc/device-tree || sed '"'"'s![^/]*$!!'"'"''
JXCESUQWYQ/proc/device-tree/ocp/interconnect@48000000/segment@100000/target-module@9c000/i2c@0/pmic@30/
JXCESUQWYQ 0
root@arm:~# echo 'HVVH''KZLZTS'
HVVHKZLZTS
root@arm:~# MARKER='HHJG''NUPPXU' run 'test -f /proc/device-tree/ocp/interconnectt\@48000000/segment\@100000/target-module\@9c000/i2c\@0/pmic\@30/regulators/regullator-voutl1/rohm,no-regulator-enable-control ;echo $?'
HHJGNUPPXU1
HHJGNUPPXU 0
root@arm:~# echo 'VJBW''JSZGUP'
VJBWJSZGUP
root@arm:~# MARKER='PATG''FAETPH' run 'i2cget -y -f 2 0x30 0x45'
PATGFAETPH0x36
PATGFAETPH 0
root@arm:~# echo 'QCTP''AUJEZU'
QCTPAUJEZU
root@arm:~# MARKER='VZXB''HOAYHP' run 'cat /sys/kernel/mva_test/regulators/buck5__en'
VZXBHOAYHP1 VZXBHOAYHP 0
root@arm:~# echo 'XJUP''FMBKJT'
XJUPFMBKJT
root@arm:~# MARKER='SMUM''WHUXTO' run 'grep -r -l rohm,bd9576 /proc/device-tree || sed '"'"'s![^/]*$!!'"'"''
SMUMWHUXTO/proc/device-tree/ocp/interconnect@48000000/segment@100000/target-module@9c000/i2c@0/pmic@30/
SMUMWHUXTO 0
root@arm:~# echo 'WQSQ''YTZWZL'
WQSQYTZWZL
root@arm:~# MARKER='BMLH''EVTGFE' run 'test -f /proc/device-tree/ocp/interconnectt\@48000000/segment\@100000/target-module\@9c000/i2c\@0/pmic\@30/regulators/regullator-vouts1/rohm,no-regulator-enable-control ;echo $?'
BMLHEVTGFE1
BMLHEVTGFE 0
root@arm:~# echo 'VJKZ''PYENVP'
VJKZPYENVP
root@arm:~# MARKER='UPWQ''LEPZYN' run 'i2cget -y -f 2 0x30 0x46'
UPWQLEPZYN0x52
UPWQLEPZYN 0
root@arm:~# echo 'EGNW''WSFCEO'
EGNWWSFCEO
root@arm:~# MARKER='ZLPF''UXXNPE' run 'cat /sys/kernel/mva_test/regulators/buck6__en'
ZLPFUXXNPE1 ZLPFUXXNPE 0
root@arm:~# Labgrid Console Logfile for main
Logfile started at 2024-10-21 13:34:05.537438
=== Log starts here ===

root@arm:~# run() { echo -n "$MARKER"; sh -c "$@"; echo "$MARKER $?"; }
root@arm:~# echo 'WYQW''NUWTFX'
WYQWNUWTFX
root@arm:~# MARKER='NWFX''EQZCQS' run 'cat /sys/kernel/mva_test/regulators/buck1__set'
NWFXEQZCQS5000000
NWFXEQZCQS 0
root@arm:~# echo 'QHOU''BGKJCL'
QHOUBGKJCL
root@arm:~# MARKER='XGZY''KLGZHC' run 'i2cget -y -f 2 0x30 0x50'
XGZYKLGZHC0x00
XGZYKLGZHC 0
root@arm:~# echo 'MJCV''FACTJL'
MJCVFACTJL
root@arm:~# MARKER='VGAO''TMTQUP' run 'cat /sys/kernel/mva_test/regulators/buck2__set'
VGAOTMTQUP1800000
VGAOTMTQUP 0
root@arm:~# echo 'VPBS''NYUZUV'
VPBSNYUZUV
root@arm:~# MARKER='PUNJ''ZMTBBX' run 'i2cget -y -f 2 0x30 0x53'
PUNJZMTBBX0x00
PUNJZMTBBX 0
root@arm:~# echo 'BUZV''ZTXFXW'
BUZVZTXFXW
root@arm:~# MARKER='ELVW''YZHCUC' run 'cat /sys/kernel/mva_test/regulators/buck3__set'
ELVWYZHCUC1350000
ELVWYZHCUC 0
root@arm:~# echo 'VBMC''QXJPJU'
VBMCQXJPJU
root@arm:~# MARKER='NAEL''FMLGMT' run 'i2cget -y -f 2 0x30 0x56'
NAELFMLGMT0x00
NAELFMLGMT 0
root@arm:~# echo 'NUUW''MUCCUP'
NUUWMUCCUP
root@arm:~# MARKER='CFBW''YPESBU' run 'cat /sys/kernel/mva_test/regulators/buck4__set'
CFBWYPESBU1030000
CFBWYPESBU 0
root@arm:~# echo 'JCVF''UZSUNL'
JCVFUZSUNL
root@arm:~# MARKER='TVOP''EGJMNQ' run 'i2cget -y -f 2 0x30 0x59'
TVOPEGJMNQ0x00
TVOPEGJMNQ 0
root@arm:~# echo 'FMVX''ONXVSY'
FMVXONXVSY
root@arm:~# MARKER='ATTP''PAVBPX' run 'cat /sys/kernel/mva_test/regulators/buck5__set'
ATTPPAVBPX2500000
ATTPPAVBPX 0
root@arm:~# echo 'MPJO''JFBCYF'
MPJOJFBCYF
root@arm:~# MARKER='TXVS''SQNSWA' run 'i2cget -y -f 2 0x30 0x5c'
TXVSSQNSWA0x00
TXVSSQNSWA 0
root@arm:~# echo 'OCBY''PLHLCF'
OCBYPLHLCF
root@arm:~# MARKER='MSZY''ZBCYQE' run 'cat /sys/kernel/mva_test/regulators/buck6__set'
MSZYZBCYQE3300000
MSZYZBCYQE 0
root@arm:~# Labgrid Console Logfile for main
Logfile started at 2024-10-21 13:34:10.606256
=== Log starts here ===

root@arm:~# run() { echo -n "$MARKER"; sh -c "$@"; echo "$MARKER $?"; }
root@arm:~# echo 'XOUO''WNOZMB'
XOUOWNOZMB
root@arm:~# MARKER='GCML''ZTKVVF' run 'grep -r -l rohm,bd9576 /proc/device-tree || sed '"'"'s![^/]*$!!'"'"''
GCMLZTKVVF/proc/device-tree/ocp/interconnect@48000000/segment@100000/target-module@9c000/i2c@0/pmic@30/
GCMLZTKVVF 0
root@arm:~# echo 'XJPF''VTHAHQ'
XJPFVTHAHQ
root@arm:~# MARKER='FBEE''PXAOOC' run 'test -f /proc/device-tree/ocp/interconnectt\@48000000/segment\@100000/target-module\@9c000/i2c\@0/pmic\@30/regulators/regullator-vd50/rohm,no-regulator-enable-control ;echo $?'
FBEEPXAOOC1
FBEEPXAOOC 0
root@arm:~# echo 'QNFE''CJMVSB'
QNFECJMVSB
root@arm:~# MARKER='CYEV''QZCNZX' run 'i2cget -y -f 2 0x30 0x41'
CYEVQZCNZX0x20
CYEVQZCNZX 0
root@arm:~# echo 'ANSZ''CKALYA'
ANSZCKALYA
root@arm:~# MARKER='JMMF''UZASMB' run 'echo 4500000 4500000 > /sys/kernel/mva_tesst/regulators/buck1_set'
JMMFUZASMBsh: 1: cannot create /sys/kernel/mva_test/regulators/buck1_set: Permission denied
JMMFUZASMB 2
root@arm:~# echo 'QPKH''SMGPFY'
QPKHSMGPFY
root@arm:~# MARKER='VPQB''FHJFLC' run 'i2cget -y -f 2 0x30 0x50'
VPQBFHJFLC0x00
VPQBFHJFLC 0
root@arm:~# echo 'LZPZ''GMKANV'
LZPZGMKANV
root@arm:~# MARKER='NPQW''GSUGUE' run 'echo 4490000 4490000 > /sys/kernel/mva_tesst/regulators/buck1_set'
NPQWGSUGUEsh: 1: cannot create /sys/kernel/mva_test/regulators/buck1_set: Permission denied
NPQWGSUGUE 2
root@arm:~# echo 'AJBE''LCNHGS'
AJBELCNHGS
root@arm:~# MARKER='VCBO''AHFKQW' run 'i2cget -y -f 2 0x30 0x50'
VCBOAHFKQW0x00
VCBOAHFKQW 0
root@arm:~# echo 'KBNZ''TYQJWV'
KBNZTYQJWV
root@arm:~# MARKER='XGBS''HZOLZB' run 'echo 5500000 5500000 > /sys/kernel/mva_tesst/regulators/buck1_set'
XGBSHZOLZBsh: 1: cannot create /sys/kernel/mva_test/regulators/buck1_set: Permission denied
XGBSHZOLZB 2
root@arm:~# echo 'MKXL''SGNMUX'
MKXLSGNMUX
root@arm:~# MARKER='AAEX''EENBYN' run 'i2cget -y -f 2 0x30 0x50'
AAEXEENBYN0x00
AAEXEENBYN 0
root@arm:~# echo 'JGUA''HZNCZX'
JGUAHZNCZX
root@arm:~# MARKER='CBTM''MXSEGG' run 'echo 5510000 5510000 > /sys/kernel/mva_tesst/regulators/buck1_set'
CBTMMXSEGGsh: 1: cannot create /sys/kernel/mva_test/regulators/buck1_set: Permission denied
CBTMMXSEGG 2
root@arm:~# echo 'EVPF''ZLAOXA'
EVPFZLAOXA
root@arm:~# MARKER='OGVK''VLJUXA' run 'i2cget -y -f 2 0x30 0x50'
OGVKVLJUXA0x00
OGVKVLJUXA 0
root@arm:~# echo 'QMUQ''SCOHEA'
QMUQSCOHEA
root@arm:~# MARKER='SGVL''PPKCOF' run 'grep -r -l rohm,bd9576 /proc/device-tree || sed '"'"'s![^/]*$!!'"'"''
SGVLPPKCOF/proc/device-tree/ocp/interconnect@48000000/segment@100000/target-module@9c000/i2c@0/pmic@30/
SGVLPPKCOF 0
root@arm:~# echo 'TWLM''KXWVAJ'
TWLMKXWVAJ
root@arm:~# MARKER='QELV''ZMPLUE' run 'test -f /proc/device-tree/ocp/interconnectt\@48000000/segment\@100000/target-module\@9c000/i2c\@0/pmic\@30/regulators/regullator-vd18/rohm,no-regulator-enable-control ;echo $?'
QELVZMPLUE1
QELVZMPLUE 0
root@arm:~# echo 'XFME''LCWZLS'
XFMELCWZLS
root@arm:~# MARKER='FOSP''MPUULF' run 'i2cget -y -f 2 0x30 0x42'
FOSPMPUULF0x61
FOSPMPUULF 0
root@arm:~# echo 'VXCL''MGJXQJ'
VXCLMGJXQJ
root@arm:~# MARKER='LPSW''ZBQMHA' run 'echo 1800000 1800000 > /sys/kernel/mva_tesst/regulators/buck2_set'
LPSWZBQMHAsh: 1: cannot create /sys/kernel/mva_test/regulators/buck2_set: Permission denied
LPSWZBQMHA 2
root@arm:~# echo 'JTUV''THGLSM'
JTUVTHGLSM
root@arm:~# MARKER='YCBY''LYYTUQ' run 'i2cget -y -f 2 0x30 0x53'
YCBYLYYTUQ0x00
YCBYLYYTUQ 0
root@arm:~# echo 'WNLH''WTETQF'
WNLHWTETQF
root@arm:~# MARKER='NVQO''OOJYKX' run 'echo 1790000 1790000 > /sys/kernel/mva_tesst/regulators/buck2_set'
NVQOOOJYKXsh: 1: cannot create /sys/kernel/mva_test/regulators/buck2_set: Permission denied
NVQOOOJYKX 2
root@arm:~# echo 'FXFN''SVHHWP'
FXFNSVHHWP
root@arm:~# MARKER='SXFT''MVFJHB' run 'i2cget -y -f 2 0x30 0x53'
SXFTMVFJHB0x00
SXFTMVFJHB 0
root@arm:~# echo 'VWMS''SZZFUC'
VWMSSZZFUC
root@arm:~# MARKER='ZFQC''GFBYHZ' run 'echo 1940000 1940000 > /sys/kernel/mva_tesst/regulators/buck2_set'
ZFQCGFBYHZsh: 1: cannot create /sys/kernel/mva_test/regulators/buck2_set: Permission denied
ZFQCGFBYHZ 2
root@arm:~# echo 'WCUP''JSUSQQ'
WCUPJSUSQQ
root@arm:~# MARKER='OCLW''YLFPKA' run 'i2cget -y -f 2 0x30 0x53'
OCLWYLFPKA0x00
OCLWYLFPKA 0
root@arm:~# echo 'EMMF''GUWQKX'
EMMFGUWQKX
root@arm:~# MARKER='PVWK''GOSKXC' run 'echo 1950000 1950000 > /sys/kernel/mva_tesst/regulators/buck2_set'
PVWKGOSKXCsh: 1: cannot create /sys/kernel/mva_test/regulators/buck2_set: Permission denied
PVWKGOSKXC 2
root@arm:~# echo 'AMYB''WZFHQN'
AMYBWZFHQN
root@arm:~# MARKER='OBWG''LMSKYU' run 'i2cget -y -f 2 0x30 0x53'
OBWGLMSKYU0x00
OBWGLMSKYU 0
root@arm:~# echo 'AYXL''BNZKBP'
AYXLBNZKBP
root@arm:~# MARKER='ZNFZ''JQJOAA' run 'grep -r -l rohm,bd9576 /proc/device-tree || sed '"'"'s![^/]*$!!'"'"''
ZNFZJQJOAA/proc/device-tree/ocp/interconnect@48000000/segment@100000/target-module@9c000/i2c@0/pmic@30/
ZNFZJQJOAA 0
root@arm:~# echo 'NKPP''XUZELP'
NKPPXUZELP
root@arm:~# MARKER='KVFC''WVPHCB' run 'test -f /proc/device-tree/ocp/interconnectt\@48000000/segment\@100000/target-module\@9c000/i2c\@0/pmic\@30/regulators/regullator-vdddr/rohm,no-regulator-enable-control ;echo $?'
KVFCWVPHCB1
KVFCWVPHCB 0
root@arm:~# echo 'OOZL''QGYZSX'
OOZLQGYZSX
root@arm:~# MARKER='BZSC''ZWTMJV' run 'i2cget -y -f 2 0x30 0x43'
BZSCZWTMJV0x45
BZSCZWTMJV 0
root@arm:~# echo 'NNFM''XGVJJH'
NNFMXGVJJH
root@arm:~# MARKER='XJWZ''HZQSNM' run 'echo 1350000 1350000 > /sys/kernel/mva_tesst/regulators/buck3_set'
XJWZHZQSNMsh: 1: cannot create /sys/kernel/mva_test/regulators/buck3_set: Permission denied
XJWZHZQSNM 2
root@arm:~# echo 'QVWG''PJXGKF'
QVWGPJXGKF
root@arm:~# MARKER='PVJU''AQSQVQ' run 'i2cget -y -f 2 0x30 0x56'
PVJUAQSQVQ0x00
PVJUAQSQVQ 0
root@arm:~# echo 'ESMG''VMJPOL'
ESMGVMJPOL
root@arm:~# MARKER='ZPHU''BCWOKA' run 'echo 1340000 1340000 > /sys/kernel/mva_tesst/regulators/buck3_set'
ZPHUBCWOKAsh: 1: cannot create /sys/kernel/mva_test/regulators/buck3_set: Permission denied
ZPHUBCWOKA 2
root@arm:~# echo 'TFVV''UOYVPF'
TFVVUOYVPF
root@arm:~# MARKER='GZSZ''XLBFNX' run 'i2cget -y -f 2 0x30 0x56'
GZSZXLBFNX0x00
GZSZXLBFNX 0
root@arm:~# echo 'PEUS''APNMAK'
PEUSAPNMAK
root@arm:~# MARKER='EWBN''HCJWCV' run 'echo 1660000 1660000 > /sys/kernel/mva_tesst/regulators/buck3_set'
EWBNHCJWCVsh: 1: cannot create /sys/kernel/mva_test/regulators/buck3_set: Permission denied
EWBNHCJWCV 2
root@arm:~# echo 'YLGG''COTNFO'
YLGGCOTNFO
root@arm:~# MARKER='GKXA''YZZOFA' run 'i2cget -y -f 2 0x30 0x56'
GKXAYZZOFA0x00
GKXAYZZOFA 0
root@arm:~# echo 'MSQE''WHUMUG'
MSQEWHUMUG
root@arm:~# MARKER='LQFP''MCGAFV' run 'echo 1670000 1670000 > /sys/kernel/mva_tesst/regulators/buck3_set'
LQFPMCGAFVsh: 1: cannot create /sys/kernel/mva_test/regulators/buck3_set: Permission denied
LQFPMCGAFV 2
root@arm:~# echo 'YTFK''OSYPHN'
YTFKOSYPHN
root@arm:~# MARKER='ABAS''SUOBXS' run 'i2cget -y -f 2 0x30 0x56'
ABASSUOBXS0x00
ABASSUOBXS 0
root@arm:~# echo 'KZEZ''KAQOPG'
KZEZKAQOPG
root@arm:~# MARKER='GNVX''MLSSZA' run 'grep -r -l rohm,bd9576 /proc/device-tree || sed '"'"'s![^/]*$!!'"'"''
GNVXMLSSZA/proc/device-tree/ocp/interconnect@48000000/segment@100000/target-module@9c000/i2c@0/pmic@30/
GNVXMLSSZA 0
root@arm:~# echo 'UELY''CGWQXE'
UELYCGWQXE
root@arm:~# MARKER='ZTTV''NKKQPV' run 'test -f /proc/device-tree/ocp/interconnectt\@48000000/segment\@100000/target-module\@9c000/i2c\@0/pmic\@30/regulators/regu lator-vd10/rohm,no-regulator-enable-control ;echo $?'
ZTTVNKKQPV1
ZTTVNKKQPV 0
root@arm:~# echo 'VZBS''LYKTVC'
VZBSLYKTVC
root@arm:~# MARKER='SCYJ''AWYVMN' run 'i2cget -y -f 2 0x30 0x44'
SCYJAWYVMN0x73
SCYJAWYVMN 0
root@arm:~# echo 'TBWH''FZCJOT'
TBWHFZCJOT
root@arm:~# MARKER='HXWG''OBZPYE' run 'echo 1030000 1030000 > /sys/kernel/mva_tesst/regulators/buck4_set'
HXWGOBZPYEsh: 1: cannot create /sys/kernel/mva_test/regulators/buck4_set: Permission denied
HXWGOBZPYE 2
root@arm:~# echo 'UXQW''SLHPWG'
UXQWSLHPWG
root@arm:~# MARKER='KLFG''CLLNBW' run 'i2cget -y -f 2 0x30 0x59'
KLFGCLLNBW0x00
KLFGCLLNBW 0
root@arm:~# echo 'SPXA''PMSLQF'
SPXAPMSLQF
root@arm:~# MARKER='AZOT''GABMVQ' run 'echo 1020000 1020000 > /sys/kernel/mva_tesst/regulators/buck4_set'
AZOTGABMVQsh: 1: cannot create /sys/kernel/mva_test/regulators/buck4_set: Permission denied
AZOTGABMVQ 2
root@arm:~# echo 'NKBX''SQJLEY'
NKBXSQJLEY
root@arm:~# MARKER='AXKC''TCCEYX' run 'i2cget -y -f 2 0x30 0x59'
AXKCTCCEYX0x00
AXKCTCCEYX 0
root@arm:~# echo 'WUZZ''EJZPFY'
WUZZEJZPFY
root@arm:~# MARKER='ZLAP''YQHLJG' run 'echo 1340000 1340000 > /sys/kernel/mva_tesst/regulators/buck4_set'
ZLAPYQHLJGsh: 1: cannot create /sys/kernel/mva_test/regulators/buck4_set: Permission denied
ZLAPYQHLJG 2
root@arm:~# echo 'ETZH''BPYANJ'
ETZHBPYANJ
root@arm:~# MARKER='AZMW''EOYMKY' run 'i2cget -y -f 2 0x30 0x59'
AZMWEOYMKY0x00
AZMWEOYMKY 0
root@arm:~# echo 'MBJG''FSUJXV'
MBJGFSUJXV
root@arm:~# MARKER='PPBV''OHAOTY' run 'echo 1350000 1350000 > /sys/kernel/mva_tesst/regulators/buck4_set'
PPBVOHAOTYsh: 1: cannot create /sys/kernel/mva_test/regulators/buck4_set: Permission denied
PPBVOHAOTY 2
root@arm:~# echo 'HAGU''VJUEJG'
HAGUVJUEJG
root@arm:~# MARKER='WZKN''GZOBPN' run 'i2cget -y -f 2 0x30 0x59'
WZKNGZOBPN0x00
WZKNGZOBPN 0
root@arm:~# echo 'NHNB''MLLTTF'
NHNBMLLTTF
root@arm:~# MARKER='TWEG''EECVTK' run 'grep -r -l rohm,bd9576 /proc/device-tree || sed '"'"'s![^/]*$!!'"'"''
TWEGEECVTK/proc/device-tree/ocp/interconnect@48000000/segment@100000/target-module@9c000/i2c@0/pmic@30/
TWEGEECVTK 0
root@arm:~# echo 'ZPNH''XWPZOJ'
ZPNHXWPZOJ
root@arm:~# MARKER='LESM''FJVNQQ' run 'test -f /proc/device-tree/ocp/interconnectt\@48000000/segment\@100000/target-module\@9c000/i2c\@0/pmic\@30/regulators/regullator-voutl1/rohm,no-regulator-enable-control ;echo $?'
LESMFJVNQQ1
LESMFJVNQQ 0
root@arm:~# echo 'PNLX''LQSPPM'
PNLXLQSPPM
root@arm:~# MARKER='MJNF''HJQBGW' run 'i2cget -y -f 2 0x30 0x45'
MJNFHJQBGW0x36
MJNFHJQBGW 0
root@arm:~# echo 'OXEK''ZPLPLU'
OXEKZPLPLU
root@arm:~# MARKER='NTVO''VVSNUL' run 'echo 2500000 2500000 > /sys/kernel/mva_tesst/regulators/buck5_set'
NTVOVVSNULsh: 1: cannot create /sys/kernel/mva_test/regulators/buck5_set: Permission denied
NTVOVVSNUL 2
root@arm:~# echo 'HQBA''NLMJVW'
HQBANLMJVW
root@arm:~# MARKER='MEYU''YWFJTL' run 'i2cget -y -f 2 0x30 0x5c'
MEYUYWFJTL0x00
MEYUYWFJTL 0
root@arm:~# echo 'TJZY''UOELHS'
TJZYUOELHS
root@arm:~# MARKER='MMML''QPYQGG' run 'echo 2490000 2490000 > /sys/kernel/mva_tesst/regulators/buck5_set'
MMMLQPYQGGsh: 1: cannot create /sys/kernel/mva_test/regulators/buck5_set: Permission denied
MMMLQPYQGG 2
root@arm:~# echo 'NCKG''XTHKLN'
NCKGXTHKLN
root@arm:~# MARKER='FBOU''MMOGQG' run 'i2cget -y -f 2 0x30 0x5c'
FBOUMMOGQG0x00
FBOUMMOGQG 0
root@arm:~# echo 'NXJS''CGMGNC'
NXJSCGMGNC
root@arm:~# MARKER='BVXK''WVHXBO' run 'echo 2780000 2780000 > /sys/kernel/mva_tesst/regulators/buck5_set'
BVXKWVHXBOsh: 1: cannot create /sys/kernel/mva_test/regulators/buck5_set: Permission denied
BVXKWVHXBO 2
root@arm:~# echo 'VACN''QNUAGB'
VACNQNUAGB
root@arm:~# MARKER='LSCK''NQGACJ' run 'i2cget -y -f 2 0x30 0x5c'
LSCKNQGACJ0x00
LSCKNQGACJ 0
root@arm:~# echo 'HWFK''SBBZSC'
HWFKSBBZSC
root@arm:~# MARKER='FXSV''MSKNKQ' run 'echo 2790000 2790000 > /sys/kernel/mva_tesst/regulators/buck5_set'
FXSVMSKNKQsh: 1: cannot create /sys/kernel/mva_test/regulators/buck5_set: Permission denied
FXSVMSKNKQ 2
root@arm:~# echo 'UCWF''HFMJSS'
UCWFHFMJSS
root@arm:~# MARKER='AMWS''KXPVVE' run 'i2cget -y -f 2 0x30 0x5c'
AMWSKXPVVE0x00
AMWSKXPVVE 0
root@arm:~# echo 'KFFH''MWVKCO'
KFFHMWVKCO
root@arm:~# MARKER='TKUQ''HJTEBM' run 'grep -r -l rohm,bd9576 /proc/device-tree || sed '"'"'s![^/]*$!!'"'"''
TKUQHJTEBM/proc/device-tree/ocp/interconnect@48000000/segment@100000/target-module@9c000/i2c@0/pmic@30/
TKUQHJTEBM 0
root@arm:~# echo 'XLMT''JJUSXM'
XLMTJJUSXM
root@arm:~# MARKER='NPAY''BMKXYU' run 'test -f /proc/device-tree/ocp/interconnectt\@48000000/segment\@100000/target-module\@9c000/i2c\@0/pmic\@30/regulators/regu lator-vouts1/rohm,no-regulator-enable-control ;echo $?'
NPAYBMKXYU1
NPAYBMKXYU 0
root@arm:~# echo 'JFOE''CMOZGB'
JFOECMOZGB
root@arm:~# MARKER='ESPG''MGUEHH' run 'i2cget -y -f 2 0x30 0x46'
ESPGMGUEHH0x52
ESPGMGUEHH 0
root@arm:~# Labgrid Console Logfile for main
Logfile started at 2024-10-21 13:34:25.021807
=== Log starts here ===

root@arm:~# run() { echo -n "$MARKER"; sh -c "$@"; echo "$MARKER $?"; }
root@arm:~# echo 'TOOV''BSVAMX'
TOOVBSVAMX
root@arm:~# MARKER='FWLP''SFAPPL' run 'grep -r -l rohm,bd9576 /proc/device-tree || sed '"'"'s![^/]*$!!'"'"''
FWLPSFAPPL/proc/device-tree/ocp/interconnect@48000000/segment@100000/target-module@9c000/i2c@0/pmic@30/
FWLPSFAPPL 0
root@arm:~# echo 'GXGH''BWZWQL'
GXGHBWZWQL
root@arm:~# MARKER='SCVC''BONNTJ' run 'xxd -p /proc/device-tree/ocp/interconnect\\@48000000/segment\@100000/target-module\@9c000/i2c\@0/pmic\@30/regulators/regulaator-vd50/regulator-ov-error-microvolt'
SCVCBONNTJ00057e40
SCVCBONNTJ 0
root@arm:~# echo 'CMOC''HGPUTK'
CMOCHGPUTK
root@arm:~# MARKER='UNWM''BPUZJW' run 'i2cget -y -f 2 0x30 0x51'
UNWMBPUZJW0x47
UNWMBPUZJW 0
root@arm:~# echo 'TTVK''YVNULO'
TTVKYVNULO
root@arm:~# MARKER='NLZQ''QQANYM' run 'grep -r -l rohm,bd9576 /proc/device-tree || sed '"'"'s![^/]*$!!'"'"''
NLZQQQANYM/proc/device-tree/ocp/interconnect@48000000/segment@100000/target-module@9c000/i2c@0/pmic@30/
NLZQQQANYM 0
root@arm:~# echo 'GAFX''GCFWGZ'
GAFXGCFWGZ
root@arm:~# MARKER='FYHU''JXWNZU' run 'xxd -p /proc/device-tree/ocp/interconnect\\@48000000/segment\@100000/target-module\@9c000/i2c\@0/pmic\@30/regulators/regulaator-vd50/regulator-uv-error-microvolt'
FYHUJXWNZU00057e40
FYHUJXWNZU 0
root@arm:~# echo 'LFJP''CONMVK'
LFJPCONMVK
root@arm:~# MARKER='APFQ''GJZNWX' run 'i2cget -y -f 2 0x30 0x52'
APFQGJZNWX0x47
APFQGJZNWX 0
root@arm:~# echo 'CFUM''EOUFZV'
CFUMEOUFZV
root@arm:~# MARKER='SBCG''PMYKBQ' run 'grep -r -l rohm,bd9576 /proc/device-tree || sed '"'"'s![^/]*$!!'"'"''
SBCGPMYKBQ/proc/device-tree/ocp/interconnect@48000000/segment@100000/target-module@9c000/i2c@0/pmic@30/
SBCGPMYKBQ 0
root@arm:~# echo 'THAY''LULOYF'
THAYLULOYF
root@arm:~# MARKER='HMOT''HFCXWT' run 'xxd -p /proc/device-tree/ocp/interconnect\\@48000000/segment\@100000/target-module\@9c000/i2c\@0/pmic\@30/regulators/regulaator-vd18/regulator-ov-error-microvolt'
HMOTHFCXWT00004650
HMOTHFCXWT 0
root@arm:~# echo 'NXSJ''XLXQWZ'
NXSJXLXQWZ
root@arm:~# MARKER='PJYA''KBENQW' run 'i2cget -y -f 2 0x30 0x54'
PJYAKBENQW0x11
PJYAKBENQW 0
root@arm:~# echo 'WNSJ''KZOFPE'
WNSJKZOFPE
root@arm:~# MARKER='BUNS''SEAAXJ' run 'grep -r -l rohm,bd9576 /proc/device-tree || sed '"'"'s![^/]*$!!'"'"''
BUNSSEAAXJ/proc/device-tree/ocp/interconnect@48000000/segment@100000/target-module@9c000/i2c@0/pmic@30/
BUNSSEAAXJ 0
root@arm:~# echo 'LWUP''GSHLAN'
LWUPGSHLAN
root@arm:~# MARKER='QGQM''KLWBWS' run 'xxd -p /proc/device-tree/ocp/interconnect\\@48000000/segment\@100000/target-module\@9c000/i2c\@0/pmic\@30/regulators/regulaator-vd18/regulator-uv-error-microvolt'
QGQMKLWBWS0001a9c8
QGQMKLWBWS 0
root@arm:~# echo 'FALP''KZUYWB'
FALPKZUYWB
root@arm:~# MARKER='MHWS''LYJLAK' run 'i2cget -y -f 2 0x30 0x55'
MHWSLYJLAK0x6c
MHWSLYJLAK 0
root@arm:~# echo 'UAGP''CJULNM'
UAGPCJULNM
root@arm:~# MARKER='FFOX''SHLFLM' run 'grep -r -l rohm,bd9576 /proc/device-tree || sed '"'"'s![^/]*$!!'"'"''
FFOXSHLFLM/proc/device-tree/ocp/interconnect@48000000/segment@100000/target-module@9c000/i2c@0/pmic@30/
FFOXSHLFLM 0
root@arm:~# echo 'OXVY''UHJULH'
OXVYUHJULH
root@arm:~# MARKER='GQBJ''BMMKGG' run 'xxd -p /proc/device-tree/ocp/interconnect\\@48000000/segment\@100000/target-module\@9c000/i2c\@0/pmic\@30/regulators/regulaator-vdddr/regulator-ov-warn-microvolt'
GQBJBMMKGG0001adb0
GQBJBMMKGG 0
root@arm:~# echo 'MSNU''QUYQLW'
MSNUQUYQLW
root@arm:~# MARKER='HNTB''NNHCSW' run 'i2cget -y -f 2 0x30 0x57'
HNTBNNHCSW0x6d
HNTBNNHCSW 0
root@arm:~# echo 'KNKE''CLYSHK'
KNKECLYSHK
root@arm:~# MARKER='ETCE''YTBGTN' run 'grep -r -l rohm,bd9576 /proc/device-tree || sed '"'"'s![^/]*$!!'"'"''
ETCEYTBGTN/proc/device-tree/ocp/interconnect@48000000/segment@100000/target-module@9c000/i2c@0/pmic@30/
ETCEYTBGTN 0
root@arm:~# echo 'GBXH''HOYOVX'
GBXHHOYOVX
root@arm:~# MARKER='HLXL''ZFEUAE' run 'xxd -p /proc/device-tree/ocp/interconnect\\@48000000/segment\@100000/target-module\@9c000/i2c\@0/pmic\@30/regulators/regulaator-vdddr/regulator-uv-warn-microvolt'
HLXLZFEUAE0001adb0
HLXLZFEUAE 0
root@arm:~# echo 'UPUS''CCSVPN'
UPUSCCSVPN
root@arm:~# MARKER='EQMU''XLHXZC' run 'i2cget -y -f 2 0x30 0x58'
EQMUXLHXZC0x6d
EQMUXLHXZC 0
root@arm:~# echo 'SFUV''CKSOUZ'
SFUVCKSOUZ
root@arm:~# MARKER='ULXQ''HSZAEE' run 'grep -r -l rohm,bd9576 /proc/device-tree || sed '"'"'s![^/]*$!!'"'"''
ULXQHSZAEE/proc/device-tree/ocp/interconnect@48000000/segment@100000/target-module@9c000/i2c@0/pmic@30/
ULXQHSZAEE 0
root@arm:~# echo 'AYTP''OBOKUZ'
AYTPOBOKUZ
root@arm:~# MARKER='TZBO''SJNXZW' run 'xxd -p /proc/device-tree/ocp/interconnect\\@48000000/segment\@100000/target-module\@9c000/i2c\@0/pmic\@30/regulators/regulaator-vd10/regulator-ov-error-microvolt'
TZBOSJNXZW00006590
TZBOSJNXZW 0
root@arm:~# echo 'OHGE''CZNPFG'
OHGECZNPFG
root@arm:~# MARKER='EAPY''FKOZHT' run 'i2cget -y -f 2 0x30 0x5a'
EAPYFKOZHT0x19
EAPYFKOZHT 0
root@arm:~# echo 'MENA''BMXNZH'
MENABMXNZH
root@arm:~# MARKER='WZVK''ESSUPW' run 'grep -r -l rohm,bd9576 /proc/device-tree || sed '"'"'s![^/]*$!!'"'"''
WZVKESSUPW/proc/device-tree/ocp/interconnect@48000000/segment@100000/target-module@9c000/i2c@0/pmic@30/
WZVKESSUPW 0
root@arm:~# echo 'LYGP''ZGBQHA'
LYGPZGBQHA
root@arm:~# MARKER='ELLZ''JTVOYE' run 'xxd -p /proc/device-tree/ocp/interconnect\\@48000000/segment\@100000/target-module\@9c000/i2c\@0/pmic\@30/regulators/regulaator-vd10/regulator-uv-error-microvolt'
ELLZJTVOYE00006590
ELLZJTVOYE 0
root@arm:~# echo 'BTBN''YPSFBJ'
BTBNYPSFBJ
root@arm:~# MARKER='YEBO''QTWKNV' run 'i2cget -y -f 2 0x30 0x5b'
YEBOQTWKNV0x19
YEBOQTWKNV 0
root@arm:~# echo 'GMVM''HNTSFH'
GMVMHNTSFH
root@arm:~# MARKER='QHJB''FWTEEL' run 'grep -r -l rohm,bd9576 /proc/device-tree || sed '"'"'s![^/]*$!!'"'"''
QHJBFWTEEL/proc/device-tree/ocp/interconnect@48000000/segment@100000/target-module@9c000/i2c@0/pmic@30/
QHJBFWTEEL 0
root@arm:~# echo 'KLLZ''FWSZHW'
KLLZFWSZHW
root@arm:~# MARKER='KNWH''VSELXY' run 'xxd -p /proc/device-tree/ocp/interconnect\\@48000000/segment\@100000/target-module\@9c000/i2c\@0/pmic\@30/regulators/regulaator-voutl1/regulator-ov-error-microvolt'
KNWHVSELXY000084d0
KNWHVSELXY 0
root@arm:~# echo 'AHCY''BUTFNO'
AHCYBUTFNO
root@arm:~# MARKER='CWWP''PSJJNM' run 'i2cget -y -f 2 0x30 0x5d'
CWWPPSJJNM0x01
CWWPPSJJNM 0
root@arm:~# echo 'WPAL''XJNNBT'
WPALXJNNBT
root@arm:~# MARKER='JTKT''SNLJTK' run 'grep -r -l rohm,bd9576 /proc/device-tree || sed '"'"'s![^/]*$!!'"'"''
JTKTSNLJTK/proc/device-tree/ocp/interconnect@48000000/segment@100000/target-module@9c000/i2c@0/pmic@30/
JTKTSNLJTK 0
root@arm:~# echo 'UVVH''WVJCTO'
UVVHWVJCTO
root@arm:~# MARKER='LMKU''LCOMVU' run 'xxd -p /proc/device-tree/ocp/interconnect\\@48000000/segment\@100000/target-module\@9c000/i2c\@0/pmic\@30/regulators/regulaator-voutl1/regulator-uv-error-microvolt'
LMKULCOMVU000084d0
LMKULCOMVU 0
root@arm:~# echo 'ZQVN''QEMEKA'
ZQVNQEMEKA
root@arm:~# MARKER='PWCH''VVAEFE' run 'i2cget -y -f 2 0x30 0x5e'
PWCHVVAEFE0x01
PWCHVVAEFE 0
root@arm:~# echo 'FHKJ''OJSNHC'
FHKJOJSNHC
root@arm:~# MARKER='NFNL''OAQHNV' run 'grep -r -l rohm,bd9576 /proc/device-tree || sed '"'"'s![^/]*$!!'"'"''
NFNLOAQHNV/proc/device-tree/ocp/interconnect@48000000/segment@100000/target-module@9c000/i2c@0/pmic@30/
NFNLOAQHNV 0
root@arm:~# echo 'JMTA''JYKFKL'
JMTAJYKFKL
root@arm:~# MARKER='JFOY''MAZWXT' run 'xxd -p /proc/device-tree/ocp/interconnect\\@48000000/segment\@100000/target-module\@9c000/i2c\@0/pmic\@30/regulators/regulaator-vouts1/regulator-oc-warn-microamp'
JFOYMAZWXT00055730
JFOYMAZWXT 0
root@arm:~# echo 'WHUV''VUYEMK'
WHUVVUYEMK
root@arm:~# MARKER='EBPU''PZFYNQ' run 'i2cget -y -f 2 0x30 0x5f'
EBPUPZFYNQ0x07
EBPUPZFYNQ 0
root@arm:~# echo 'MNLO''BAZLXM'
MNLOBAZLXM
root@arm:~# MARKER='EMJH''GXWZLP' run 'grep -r -l rohm,bd9576 /proc/device-tree || sed '"'"'s![^/]*$!!'"'"''
EMJHGXWZLP/proc/device-tree/ocp/interconnect@48000000/segment@100000/target-module@9c000/i2c@0/pmic@30/
EMJHGXWZLP 0
root@arm:~# echo 'XHUT''QOXYOJ'
XHUTQOXYOJ
root@arm:~# MARKER='FEVJ''OHZPOF' run 'xxd -p /proc/device-tree/ocp/interconnect\\@48000000/segment\@100000/target-module\@9c000/i2c\@0/pmic\@30/regulators/regulaator-vouts1/regulator-oc-protection-microamp'
FEVJOHZPOF00149970
FEVJOHZPOF 0
root@arm:~# echo 'KFZM''EBATKQ'
KFZMEBATKQ
root@arm:~# MARKER='AMJO''QKAJGJ' run 'i2cget -y -f 2 0x30 0x60'
AMJOQKAJGJ0x1b
AMJOQKAJGJ 0
root@arm:~# Labgrid Console Logfile for main
Logfile started at 2024-10-21 13:34:47.597518
=== Log starts here ===
reading args
spl_load_image_fat_os: error reading image args, err - -1
reading u-boot.img
reading u-boot.img


U-Boot 2014.04-00014-g47880f5 (Apr 22 2014 - 13:23:54)

I2C:   ready
DRAM:  512 MiB
NAND:  0 MiB
MMC:   OMAP SD/MMC: 0, OMAP SD/MMC: 1
*** Warning - readenv() failed, using default environment

Net:   <ethaddr> not set. Validating first E-fuse MAC
cpsw, usb_ether
Hit any key to stop autoboot:  1  0 
gpio: pin 53 (gpio 53) value is 1
mmc0 is current device
gpio: pin 54 (gpio 54) value is 1
SD/MMC found on device 0
reading uEnv.txt
569 bytes read in 4 ms (138.7 KiB/s)
gpio: pin 55 (gpio 55) value is 1
Loaded environment from uEnv.txt
Importing environment from mmc ...
Checking if uenvcmd is set ...
gpio: pin 56 (gpio 56) value is 1
Running uenvcmd ...
cpsw Waiting for PHY auto negotiation to complete. done
link up on port 0, speed 100, full duplex
Using cpsw device
TFTP from server 192.168.255.126; our IP address is 192.168.255.1
Filename 'zImage'.
Load address: 0x81000000
Loading: *#################################################################
	 #################################################################
	 #################################################################
	 #################################################################
	 #################################################################
	 #####################################
	 2.4 MiB/s
done
Bytes transferred = 5311920 (510db0 hex)
link up on port 0, speed 100, full duplex
Using cpsw device
TFTP from server 192.168.255.126; our IP address is 192.168.255.1
Filename 'am335x-boneblack.dtb'.
Load address: 0x82000000
Loading: *#######
	 2.2 MiB/s
done
Bytes transferred = 97772 (17dec hex)
Kernel image @ 0x81000000 [ 0x000000 - 0x510db0 ]
## Flattened Device Tree blob at 82000000
   Booting using the fdt blob at 0x82000000
   Using Device Tree in place at 82000000, end 8201adeb

Starting kernel ...

[    0.000000] Booting Linux on physical CPU 0x0
[    0.000000] Linux version 6.6.57 (user01@drvtest01) (arm-linux-gnueabihf-gcc (Linaro GCC 6.4-2017.11) 6.4.1 20171012, GNU ld (Linaro_Binutils-2017.11) 2.27.0.20161229) #8 SMP Mon Oct 21 13:30:07 EEST 2024
[    0.000000] CPU: ARMv7 Processor [413fc082] revision 2 (ARMv7), cr=10c5387d
[    0.000000] CPU: PIPT / VIPT nonaliasing data cache, VIPT aliasing instruction cache
[    0.000000] OF: fdt: Machine model: TI AM335x BeagleBone Black
[    0.000000] Memory policy: Data cache writeback
[    0.000000] cma: Reserved 16 MiB at 0x9e800000 on node -1
[    0.000000] Zone ranges:
[    0.000000]   Normal   [mem 0x0000000080000000-0x000000009fdfffff]
[    0.000000]   HighMem  empty
[    0.000000] Movable zone start for each node
[    0.000000] Early memory node ranges
[    0.000000]   node   0: [mem 0x0000000080000000-0x000000009fdfffff]
[    0.000000] Initmem setup node 0 [mem 0x0000000080000000-0x000000009fdfffff]
[    0.000000] CPU: All CPU(s) started in SVC mode.
[    0.000000] AM335X ES2.1 (sgx neon)
[    0.000000] percpu: Embedded 16 pages/cpu s36052 r8192 d21292 u65536
[    0.000000] Kernel command line: console=ttyO0,115200n8 root=/dev/nfs rw nfsroot=192.168.255.126:/home/user01/nfs,nfsvers=3 ip=192.168.255.1:192.168.255.126::255.255.255.0:bbb1:eth0 nfsrootdebug
[    0.000000] Unknown kernel command line parameters "nfsrootdebug", will be passed to user space.
[    0.000000] Dentry cache hash table entries: 65536 (order: 6, 262144 bytes, linear)
[    0.000000] Inode-cache hash table entries: 32768 (order: 5, 131072 bytes, linear)
[    0.000000] Built 1 zonelists, mobility grouping on.  Total pages: 129412
[    0.000000] mem auto-init: stack:off, heap alloc:off, heap free:off
[    0.000000] Memory: 483604K/522240K available (11264K kernel code, 1163K rwdata, 2700K rodata, 1024K init, 283K bss, 22252K reserved, 16384K cma-reserved, 0K highmem)
[    0.000000] SLUB: HWalign=64, Order=0-3, MinObjects=0, CPUs=1, Nodes=1
[    0.000000] trace event string verifier disabled
[    0.000000] rcu: Hierarchical RCU implementation.
[    0.000000] rcu: 	RCU event tracing is enabled.
[    0.000000] rcu: 	RCU restricting CPUs from NR_CPUS=2 to nr_cpu_ids=1.
[    0.000000] rcu: RCU calculated value of scheduler-enlistment delay is 10 jiffies.
[    0.000000] rcu: Adjusting geometry for rcu_fanout_leaf=16, nr_cpu_ids=1
[    0.000000] NR_IRQS: 16, nr_irqs: 16, preallocated irqs: 16
[    0.000000] IRQ: Found an INTC at 0x(ptrval) (revision 5.0) with 128 interrupts
[    0.000000] rcu: srcu_init: Setting srcu_struct sizes based on contention.
[    0.000000] TI gptimer clocksource: always-on /ocp/interconnect@44c00000/segment@200000/target-module@31000
[    0.000002] sched_clock: 32 bits at 24MHz, resolution 41ns, wraps every 89478484971ns
[    0.000026] clocksource: dmtimer: mask: 0xffffffff max_cycles: 0xffffffff, max_idle_ns: 79635851949 ns
[    0.000525] TI gptimer clockevent: 24000000 Hz at /ocp/interconnect@48000000/segment@0/target-module@40000
[    0.002125] Console: colour dummy device 80x30
[    0.002177] WARNING: Your 'console=ttyO0' has been replaced by 'ttyS0'
[    0.002185] This ensures that you still see kernel messages. Please
[    0.002191] update your kernel commandline.
[    0.002232] Calibrating delay loop... 996.14 BogoMIPS (lpj=4980736)
[    0.090577] CPU: Testing write buffer coherency: ok
[    0.090684] CPU0: Spectre v2: using BPIALL workaround
[    0.090695] pid_max: default: 32768 minimum: 301
[    0.090807] LSM: initializing lsm=capability,integrity
[    0.090977] Mount-cache hash table entries: 1024 (order: 0, 4096 bytes, linear)
[    0.090997] Mountpoint-cache hash table entries: 1024 (order: 0, 4096 bytes, linear)
[    0.092511] CPU0: thread -1, cpu 0, socket -1, mpidr 0
[    0.094181] Setting up static identity map for 0x80100000 - 0x80100078
[    0.094481] rcu: Hierarchical SRCU implementation.
[    0.094492] rcu: 	Max phase no-delay instances is 1000.
[    0.095877] smp: Bringing up secondary CPUs ...
[    0.095935] smp: Brought up 1 node, 1 CPU
[    0.095948] SMP: Total of 1 processors activated (996.14 BogoMIPS).
[    0.095961] CPU: All CPU(s) started in SVC mode.
[    0.096863] devtmpfs: initialized
[    0.113712] VFP support v0.3: implementor 41 architecture 3 part 30 variant c rev 3
[    0.114067] clocksource: jiffies: mask: 0xffffffff max_cycles: 0xffffffff, max_idle_ns: 19112604462750000 ns
[    0.114100] futex hash table entries: 256 (order: 2, 16384 bytes, linear)
[    0.115372] pinctrl core: initialized pinctrl subsystem
[    0.118124] NET: Registered PF_NETLINK/PF_ROUTE protocol family
[    0.120911] DMA: preallocated 256 KiB pool for atomic coherent allocations
[    0.121554] audit: initializing netlink subsys (disabled)
[    0.122867] thermal_sys: Registered thermal governor 'fair_share'
[    0.122890] thermal_sys: Registered thermal governor 'step_wise'
[    0.122896] thermal_sys: Registered thermal governor 'user_space'
[    0.123004] audit: type=2000 audit(0.120:1): state=initialized audit_enabled=0 res=1
[    0.123086] cpuidle: using governor menu
[    0.140527] No ATAGs?
[    0.140553] hw-breakpoint: debug architecture 0x4 unsupported.
[    0.143853] kprobes: kprobe jump-optimization is enabled. All kprobes are optimized if possible.
[    0.163552] iommu: Default domain type: Translated
[    0.163573] iommu: DMA domain TLB invalidation policy: strict mode
[    0.165055] SCSI subsystem initialized
[    0.171247] pps_core: LinuxPPS API ver. 1 registered
[    0.171257] pps_core: Software ver. 5.3.6 - Copyright 2005-2007 Rodolfo Giometti <giometti@linux.it>
[    0.171283] PTP clock support registered
[    0.180900] vgaarb: loaded
[    0.181278] clocksource: Switched to clocksource dmtimer
[    0.181902] VFS: Disk quotas dquot_6.6.0
[    0.181962] VFS: Dquot-cache hash table entries: 1024 (order 0, 4096 bytes)
[    0.205379] NET: Registered PF_INET protocol family
[    0.205728] IP idents hash table entries: 8192 (order: 4, 65536 bytes, linear)
[    0.207092] tcp_listen_portaddr_hash hash table entries: 512 (order: 0, 4096 bytes, linear)
[    0.207130] Table-perturb hash table entries: 65536 (order: 6, 262144 bytes, linear)
[    0.207147] TCP established hash table entries: 4096 (order: 2, 16384 bytes, linear)
[    0.207188] TCP bind hash table entries: 4096 (order: 4, 65536 bytes, linear)
[    0.207289] TCP: Hash tables configured (established 4096 bind 4096)
[    0.207422] UDP hash table entries: 256 (order: 1, 8192 bytes, linear)
[    0.207452] UDP-Lite hash table entries: 256 (order: 1, 8192 bytes, linear)
[    0.207629] NET: Registered PF_UNIX/PF_LOCAL protocol family
[    0.212193] RPC: Registered named UNIX socket transport module.
[    0.212216] RPC: Registered udp transport module.
[    0.212222] RPC: Registered tcp transport module.
[    0.212227] RPC: Registered tcp-with-tls transport module.
[    0.212232] RPC: Registered tcp NFSv4.1 backchannel transport module.
[    0.212257] PCI: CLS 0 bytes, default 64
[    0.213919] Initialise system trusted keyrings
[    0.222140] workingset: timestamp_bits=14 max_order=17 bucket_order=3
[    0.231649] NFS: Registering the id_resolver key type
[    0.231720] Key type id_resolver registered
[    0.231727] Key type id_legacy registered
[    0.231787] jffs2: version 2.2. (NAND) (SUMMARY)  Â© 2001-2006 Red Hat, Inc.
[    0.232201] Key type asymmetric registered
[    0.232217] Asymmetric key parser 'x509' registered
[    0.232289] io scheduler mq-deadline registered
[    0.232299] io scheduler kyber registered
[    0.232368] io scheduler bfq registered
[    0.236584] Serial: 8250/16550 driver, 6 ports, IRQ sharing enabled
[    0.313847] brd: module loaded
[    0.322175] loop: module loaded
[    0.323123] mtdoops: mtd device (mtddev=name/number) must be supplied
[    0.325925] i2c_dev: i2c /dev entries driver
[    0.326895] cpuidle: enable-method property 'ti,am3352' found operations
[    0.327354] sdhci: Secure Digital Host Controller Interface driver
[    0.327364] sdhci: Copyright(c) Pierre Ossman
[    0.327546] sdhci-pltfm: SDHCI platform and OF driver helper
[    0.338664] ledtrig-cpu: registered to indicate activity on CPUs
[    0.339497] Initializing XFRM netlink socket
[    0.339652] NET: Registered PF_INET6 protocol family
[    0.341531] Segment Routing with IPv6
[    0.341613] In-situ OAM (IOAM) with IPv6
[    0.341716] sit: IPv6, IPv4 and MPLS over IPv4 tunneling driver
[    0.342711] NET: Registered PF_PACKET protocol family
[    0.342745] NET: Registered PF_KEY protocol family
[    0.342876] Key type dns_resolver registered
[    0.343154] ThumbEE CPU extension supported.
[    0.343174] Registering SWP/SWPB emulation handler
[    0.343696] omap_voltage_late_init: Voltage driver support not added
[    0.344037] SmartReflex Class3 initialized
[    0.384120] Loading compiled-in X.509 certificates
[    0.436646] platform 44e10800.pinmux: Fixed dependency cycle(s) with /ocp/interconnect@44c00000/segment@200000/target-module@10000/scm@0/pinmux@800/clkout2-pins
[    0.437236] pinctrl-single 44e10800.pinmux: 142 pins, size 568
[    0.442437] ti-sysc: probe of 44e31000.target-module failed with error -16
[    0.492209] ti-sysc: probe of 48040000.target-module failed with error -16
[    0.522094] OMAP GPIO hardware version 0.1
[    0.557557] omap_i2c 4819c000.i2c: bus 2 rev0.11 at 100 kHz
[    0.584913] platform 4830e000.lcdc: Fixed dependency cycle(s) with /ocp/interconnect@44c00000/segment@200000/target-module@b000/i2c@0/tda19988@70
[    0.596061] sdhci-omap 481d8000.mmc: supply pbias not found, using dummy regulator
[    0.596537] sdhci-omap 481d8000.mmc: supply vqmmc not found, using dummy regulator
[    0.685621] davinci_mdio 4a101000.mdio: davinci mdio revision 1.6, bus freq 1000000
[    0.811678] davinci_mdio 4a101000.mdio: phy[0]: device 4a101000.mdio:00, driver SMSC LAN8710/LAN8720
[    0.812321] cpsw-switch 4a100000.switch: initialized cpsw ale version 1.4
[    0.812342] cpsw-switch 4a100000.switch: ALE Table size 1024
[    0.812477] cpsw-switch 4a100000.switch: cpts: overflow check period 500 (jiffies)
[    0.812492] cpsw-switch 4a100000.switch: CPTS: ref_clk_freq:250000000 calc_mult:2147483648 calc_shift:29 error:0 nsec/sec
[    0.812597] cpsw-switch 4a100000.switch: Detected MACID = 6c:ec:eb:68:de:78
[    0.814413] cpsw-switch 4a100000.switch: initialized (regs 0x4a100000, pool size 256) hw_ver:0019010C 1.12 (0)
[    0.825447] debugfs: Directory '49000000.dma' with parent 'dmaengine' already present!
[    0.825490] edma 49000000.dma: TI EDMA DMA engine driver
[    0.865039] hw perfevents: enabled with armv7_cortex_a8 PMU driver, 5 counters available
[    0.876012] l3-aon-clkctrl:0000:0: failed to disable
[    0.877309] 44e09000.serial: ttyS0 at MMIO 0x44e09000 (irq = 34, base_baud = 3000000) is a 8250
[    0.877393] printk: console [ttyS0] enabled
[    2.112179] tps65217-pmic: Failed to locate of_node [id: -1]
[    2.118222] tps65217-bl: Failed to locate of_node [id: -1]
[    2.129344] tps65217 0-0024: TPS65217 ID 0xe version 1.2
[    2.135474] platform 4830e000.lcdc: Fixed dependency cycle(s) with /ocp/interconnect@44c00000/segment@200000/target-module@b000/i2c@0/tda19988@70
[    2.148881] i2c 0-0070: Fixed dependency cycle(s) with /ocp/interconnect@48000000/segment@300000/target-module@e000/lcdc@0
[    2.160279] omap_i2c 44e0b000.i2c: bus 0 rev0.11 at 400 kHz
[    2.168733] omap_gpio 44e07000.gpio: Could not set line 6 debounce to 200000 microseconds (-22)
[    2.177639] sdhci-omap 48060000.mmc: Got CD GPIO
[    2.182692] sdhci-omap 48060000.mmc: supply pbias not found, using dummy regulator
[    2.193092] sdhci-omap 48060000.mmc: supply vqmmc not found, using dummy regulator
[    2.201883] sdhci-omap 481d8000.mmc: supply pbias not found, using dummy regulator
[    2.209870] sdhci-omap 481d8000.mmc: supply vqmmc not found, using dummy regulator
[    2.311370] mmc1: SDHCI controller on 481d8000.mmc [481d8000.mmc] using External DMA
[    2.332069] mmc0: SDHCI controller on 48060000.mmc [48060000.mmc] using External DMA
[    2.340724] cpsw-switch 4a100000.switch: starting ndev. mode: dual_mac
[    2.383955] mmc0: new high speed SDHC card at address 5048
[    2.390961] mmcblk0: mmc0:5048 SD16G 14.4 GiB
[    2.398895]  mmcblk0: p1 p2
[    2.402305] mmcblk0: p2 size 31221760 extends beyond EOD, truncated
[    2.413044] mmc1: new high speed MMC card at address 0001
[    2.419715] mmcblk1: mmc1:0001 MMC04G 3.60 GiB
[    2.426920]  mmcblk1: p1 p2
[    2.431153] mmcblk1boot0: mmc1:0001 MMC04G 2.00 MiB
[    2.438289] mmcblk1boot1: mmc1:0001 MMC04G 2.00 MiB
[    2.445407] mmcblk1rpmb: mmc1:0001 MMC04G 128 KiB, chardev (250:0)
[    2.452638] SMSC LAN8710/LAN8720 4a101000.mdio:00: attached PHY driver (mii_bus:phy_addr=4a101000.mdio:00, irq=POLL)
[    5.602014] cpsw-switch 4a100000.switch eth0: Link is Up - 100Mbps/Full - flow control off
[    5.641288] IP-Config: Complete:
[    5.644552]      device=eth0, hwaddr=6c:ec:eb:68:de:78, ipaddr=192.168.255.1, mask=255.255.255.0, gw=255.255.255.255
[    5.655166]      host=bbb1, domain=, nis-domain=(none)
[    5.660330]      bootserver=192.168.255.126, rootserver=192.168.255.126, rootpath=
[    5.660745] clk: Disabling unused clocks
[    5.672621] KTAP version 1
[    5.675349] 1..0
[    5.700279] VFS: Mounted root (nfs filesystem) on device 0:16.
[    5.707358] devtmpfs: mounted
[    5.712105] Freeing unused kernel image (initmem) memory: 1024K
[    5.718760] Run /sbin/init as init process
[    6.458281] systemd[1]: System time before build time, advancing clock.
[    7.931299] random: crng init done
[    8.002765] systemd[1]: systemd 232 running in system mode. (+PAM +AUDIT +SELINUX +IMA +APPARMOR +SMACK +SYSVINIT +UTMP +LIBCRYPTSETUP +GCRYPT +GNUTLS +ACL +XZ +LZ4 +SECCOMP +BLKID +ELFUTILS +KMOD +IDN)
[    8.021909] systemd[1]: Detected architecture arm.

Welcome to [1mDebian GNU/Linux 9 (stretch)[0m!

[    8.064341] systemd[1]: Set hostname to <arm>.
[    9.137011] systemd[1]: Started Forward Password Requests to Wall Directory Watch.
[[0;32m  OK  [0m] Started Forward Password Requests to Wall Directory Watch.
[    9.183236] systemd[1]: Listening on /dev/initctl Compatibility Named Pipe.
[[0;32m  OK  [0m] Listening on /dev/initctl Compatibility Named Pipe.
[    9.221914] systemd[1]: Listening on udev Kernel Socket.
[[0;32m  OK  [0m] Listening on udev Kernel Socket.
[    9.262261] systemd[1]: Listening on Journal Audit Socket.
[[0;32m  OK  [0m] Listening on Journal Audit Socket.
[    9.303225] systemd[1]: Listening on Journal Socket (/dev/log).
[[0;32m  OK  [0m] Listening on Journal Socket (/dev/log).
[    9.342164] systemd[1]: Started Dispatch Password Requests to Console Directory Watch.
[[0;32m  OK  [0m] Started Dispatch Password Requests to Console Directory Watch.
[    9.381581] systemd[1]: Reached target Paths.
[[0;32m  OK  [0m] Reached target Paths.
[[0;32m  OK  [0m] Reached target Remote File Systems.
[[0;32m  OK  [0m] Set up automount Arbitrary Executabâ€¦rmats File System Automount Point.
[[0;32m  OK  [0m] Reached target Swap.
[[0;32m  OK  [0m] Listening on udev Control Socket.
[[0;32m  OK  [0m] Created slice User and Session Slice.
[[0;32m  OK  [0m] Created slice System Slice.
[[0;32m  OK  [0m] Created slice system-serial\x2dgetty.slice.
[[0;32m  OK  [0m] Reached target Slices.
[[0;32m  OK  [0m] Created slice system-getty.slice.
         Mounting POSIX Message Queue File System...
[[0;32m  OK  [0m] Reached target Encrypted Volumes.
[[0;32m  OK  [0m] Listening on Journal Socket.
         Starting Create list of required stâ€¦ce nodes for the current kernel...
         Starting Remount Root and Kernel File Systems...
[[0;32m  OK  [0m] Listening on Syslog Socket.
         Starting Journal Service...
         Starting Load Kernel Modules...
         Mounting Debug File System...
[[0;32m  OK  [0m] Mounted POSIX Message Queue File System.
[[0;32m  OK  [0m] Started Create list of required staâ€¦vice nodes for the current kernel.
[[0;32m  OK  [0m] Started Remount Root and Kernel File Systems.
[[0;32m  OK  [0m] Mounted Debug File System.
         Starting Load/Save Random Seed...
         Starting udev Coldplug all Devices...
         Starting Create Static Device Nodes in /dev...
[[0;32m  OK  [0m] Started Load Kernel Modules.
         Starting Apply Kernel Variables...
         Mounting Configuration File System...
[[0;32m  OK  [0m] Started Load/Save Random Seed.
[[0;32m  OK  [0m] Mounted Configuration File System.
[[0;32m  OK  [0m] Started Apply Kernel Variables.
[[0;32m  OK  [0m] Started Create Static Device Nodes in /dev.
         Starting udev Kernel Device Manager...
[[0;32m  OK  [0m] Reached target Local File Systems (Pre).
[[0;32m  OK  [0m] Reached target Local File Systems.
         Starting Raise network interfaces...
[[0;32m  OK  [0m] Started Journal Service.
         Starting Flush Journal to Persistent Storage...
[   11.837522] systemd-journald[87]: Received request to flush runtime journal from PID 1
[[0;32m  OK  [0m] Started Flush Journal to Persistent Storage.
         Starting Create Volatile Files and Directories...
[[0;32m  OK  [0m] Started udev Kernel Device Manager.
[[0;32m  OK  [0m] Started Create Volatile Files and Directories.
         Starting Update UTMP about System Boot/Shutdown...
         Starting Network Time Synchronization...
[[0;32m  OK  [0m] Started Update UTMP about System Boot/Shutdown.
[[0;32m  OK  [0m] Started udev Coldplug all Devices.
[   14.973958] remoteproc remoteproc0: wkup_m3 is available
[[0;32m  OK  [0m] Started Network Time Synchronization.
[   15.089183] at24 2-0054: supply vcc not found, using dummy regulator
[   15.102386] omap_rtc 44e3e000.rtc: registered as rtc0
[   15.107589] omap_rtc 44e3e000.rtc: setting system clock to 2000-01-01T00:00:00 UTC (946684800)
[   15.278785] at24 2-0055: supply vcc not found, using dummy regulator
[   15.401957] at24 2-0056: supply vcc not found, using dummy regulator
[[0;32m  OK  [0m] Found device /dev/ttyS0.
[   15.494303] at24 2-0057: supply vcc not found, using dummy regulator
[   15.603806] tps6521x_pwrbutton tps65217-pwrbutton: DMA mask not set
[   15.611467] at24 0-0050: 32768 byte 24c256 EEPROM, writable, 1 bytes/write
[   15.698164] input: tps65217_pwrbutton as /devices/platform/ocp/44c00000.interconnect/44c00000.interconnect:segment@200000/44e0b000.target-module/44e0b000.i2c/i2c-0/0-0024/tps65217-pwrbutton/input/input0
[   15.814800] wkup_m3_ipc 44e11324.wkup_m3_ipc: IPC Request for A8->M3 Channel failed! -517
[[0;32m  OK  [0m] Reached target System Initialization.
[[0;32m  OK  [0m] Started Daily Cleanup of Temporary Directories.
[[0;32m  OK  [0m] Listening on Avahi mDNS/DNS-SD Stack Activation Socket.
[[0;32m  OK  [0m] Listening on D-Bus System Message Bus Socket.
[[0;32m  OK  [0m] Reached target Sockets.
[   16.041169] am335x-phy-driver 47401300.usb-phy: dummy supplies not allowed for exclusive requests
[[0;32m  OK  [0m] Reached target Basic System.
[   16.076632] omap_wdt: OMAP Watchdog Timer Rev 0x01: initial timeout 60 sec
[   16.085190] wkup_m3_ipc 44e11324.wkup_m3_ipc: IPC Request for A8->M3 Channel failed! -517
[   16.221710] wkup_m3_ipc 44e11324.wkup_m3_ipc: IPC Request for A8->M3 Channel failed! -517
[[0;32m  OK  [0m] Started D-Bus System Message Bus.
[   16.306616] am335x-phy-driver 47401b00.usb-phy: dummy supplies not allowed for exclusive requests
[   16.322756] wkup_m3_ipc 44e11324.wkup_m3_ipc: IPC Request for A8->M3 Channel failed! -517
[   16.579932] usbcore: registered new interface driver usbfs
[   16.585761] usbcore: registered new interface driver hub
[   16.591488] usbcore: registered new device driver usb
[   16.655656] wkup_m3_ipc 44e11324.wkup_m3_ipc: IPC Request for A8->M3 Channel failed! -517
[   16.775553] tda998x 0-0070: found TDA19988
[   16.872376] wkup_m3_ipc 44e11324.wkup_m3_ipc: IPC Request for A8->M3 Channel failed! -517
[   17.052214] wkup_m3_ipc 44e11324.wkup_m3_ipc: IPC Request for A8->M3 Channel failed! -517
[   17.136957] musb-hdrc musb-hdrc.1: MUSB HDRC host driver
[   17.142524] musb-hdrc musb-hdrc.1: new USB bus registered, assigned bus number 1
[   17.150742] wkup_m3_ipc 44e11324.wkup_m3_ipc: IPC Request for A8->M3 Channel failed! -517
[   17.317084] usb usb1: New USB device found, idVendor=1d6b, idProduct=0002, bcdDevice= 6.06
[   17.325629] usb usb1: New USB device strings: Mfr=3, Product=2, SerialNumber=1
[   17.332975] usb usb1: Product: MUSB HDRC host driver
[   17.337970] usb usb1: Manufacturer: Linux 6.6.57 musb-hcd
[   17.343426] usb usb1: SerialNumber: musb-hdrc.1
[   17.500621] hub 1-0:1.0: USB hub found
[   17.564250] hub 1-0:1.0: 1 port detected
[   17.596607] omap-mailbox 480c8000.mailbox: omap mailbox rev 0x400
[   17.630647] remoteproc remoteproc0: powering up wkup_m3
[   17.824175] remoteproc remoteproc0: Direct firmware load for am335x-pm-firmware.elf failed with error -2
[   17.833942] remoteproc remoteproc0: request_firmware failed: -2
[   17.839902] wkup_m3_ipc 44e11324.wkup_m3_ipc: rproc_boot failed
[   19.485843] omap_rng 48310000.rng: Random Number Generator ver. 20
[   19.626955] tilcdc 4830e000.lcdc: bound 0-0070 (ops tda998x_driver_exit [tda998x])
[   19.722839] [drm] Initialized tilcdc 1.0.0 20121205 for 4830e000.lcdc on minor 0
         Starting Connection service...
[   19.800494] tilcdc 4830e000.lcdc: [drm] Cannot find any crtc or sizes
[   19.808962] tilcdc 4830e000.lcdc: [drm] Cannot find any crtc or sizes
         Starting Login Service...
         Starting DUN service...
         Starting Telephony service...
         Starting LSB: Start busybox udhcpd at boot time...
         Starting LSB: Load kernel modules needed to enable cpufreq scaling...
[[0;32m  OK  [0m] Started Regular background program processing daemon.
         Starting System Logging Service...
         Starting Cape Manager Service...
         Starting Generic Board Startup...
