Labgrid Console Logfile for main
Logfile started at 2024-11-05 09:43:58.362288
=== Log starts here ===
reading args
spl_load_image_fat_os: error reading image args, err - -1
reading u-boot.img
reading u-boot.img


U-Boot 2014.04-00014-g47880f5 (Apr 22 2014 - 13:23:54)

I2C:   ready
DRAM:  512 MiB
NAND:  0 MiB
MMC:   OMAP SD/MMC: 0, OMAP SD/MMC: 1
*** Warning - readenv() failed, using default environment

Net:   <ethaddr> not set. Validating first E-fuse MAC
cpsw, usb_ether
Hit any key to stop autoboot:  1  0 
gpio: pin 53 (gpio 53) value is 1
mmc0 is current device
gpio: pin 54 (gpio 54) value is 1
SD/MMC found on device 0
reading uEnv.txt
569 bytes read in 3 ms (184.6 KiB/s)
gpio: pin 55 (gpio 55) value is 1
Loaded environment from uEnv.txt
Importing environment from mmc ...
Checking if uenvcmd is set ...
gpio: pin 56 (gpio 56) value is 1
Running uenvcmd ...
cpsw Waiting for PHY auto negotiation to complete. done
link up on port 0, speed 100, full duplex
Using cpsw device
TFTP from server 192.168.255.126; our IP address is 192.168.255.1
Filename 'zImage'.
Load address: 0x81000000
Loading: *#################################################################
	 #################################################################
	 #################################################################
	 #################################################################
	 #################################################################
	 ####################################################
	 2.4 MiB/s
done
Bytes transferred = 5531576 (5467b8 hex)
link up on port 0, speed 100, full duplex
Using cpsw device
TFTP from server 192.168.255.126; our IP address is 192.168.255.1
Filename 'am335x-boneblack.dtb'.
Load address: 0x82000000
Loading: *#######
	 2.2 MiB/s
done
Bytes transferred = 98244 (17fc4 hex)
Kernel image @ 0x81000000 [ 0x000000 - 0x5467b8 ]
## Flattened Device Tree blob at 82000000
   Booting using the fdt blob at 0x82000000
   Using Device Tree in place at 82000000, end 8201afc3

Starting kernel ...

[    0.000000] Booting Linux on physical CPU 0x0
[    0.000000] Linux version 6.12.0-rc6-next-20241105 (user01@drvtest01) (arm-linux-gnueabihf-gcc (Linaro GCC 6.4-2017.11) 6.4.1 20171012, GNU ld (Linaro_Binutils-2017.11) 2.27.0.20161229) #130 SMP Tue Nov  5 09:41:37 EET 2024
[    0.000000] CPU: ARMv7 Processor [413fc082] revision 2 (ARMv7), cr=10c5387d
[    0.000000] CPU: PIPT / VIPT nonaliasing data cache, VIPT aliasing instruction cache
[    0.000000] OF: fdt: Machine model: TI AM335x BeagleBone Black
[    0.000000] Memory policy: Data cache writeback
[    0.000000] cma: Reserved 16 MiB at 0x9e800000 on node -1
[    0.000000] Zone ranges:
[    0.000000]   Normal   [mem 0x0000000080000000-0x000000009fdfffff]
[    0.000000]   HighMem  empty
[    0.000000] Movable zone start for each node
[    0.000000] Early memory node ranges
[    0.000000]   node   0: [mem 0x0000000080000000-0x000000009fdfffff]
[    0.000000] Initmem setup node 0 [mem 0x0000000080000000-0x000000009fdfffff]
[    0.000000] OF: reserved mem: Reserved memory: No reserved-memory node in the DT
[    0.000000] CPU: All CPU(s) started in SVC mode.
[    0.000000] AM335X ES2.1 (sgx neon)
[    0.000000] percpu: Embedded 17 pages/cpu s39564 r8192 d21876 u69632
[    0.000000] Kernel command line: console=ttyO0,115200n8 root=/dev/nfs rw nfsroot=192.168.255.126:/home/user01/nfs,nfsvers=3 ip=192.168.255.1:192.168.255.126::255.255.255.0:bbb1:eth0 nfsrootdebug
[    0.000000] Unknown kernel command line parameters "nfsrootdebug", will be passed to user space.
[    0.000000] printk: log buffer data + meta data: 65536 + 204800 = 270336 bytes
[    0.000000] Dentry cache hash table entries: 65536 (order: 6, 262144 bytes, linear)
[    0.000000] Inode-cache hash table entries: 32768 (order: 5, 131072 bytes, linear)
[    0.000000] Built 1 zonelists, mobility grouping on.  Total pages: 130560
[    0.000000] mem auto-init: stack:off, heap alloc:off, heap free:off
[    0.000000] SLUB: HWalign=64, Order=0-3, MinObjects=0, CPUs=1, Nodes=1
[    0.000000] trace event string verifier disabled
[    0.000000] rcu: Hierarchical RCU implementation.
[    0.000000] rcu: 	RCU event tracing is enabled.
[    0.000000] rcu: 	RCU restricting CPUs from NR_CPUS=2 to nr_cpu_ids=1.
[    0.000000] 	Tracing variant of Tasks RCU enabled.
[    0.000000] rcu: RCU calculated value of scheduler-enlistment delay is 10 jiffies.
[    0.000000] rcu: Adjusting geometry for rcu_fanout_leaf=16, nr_cpu_ids=1
[    0.000000] RCU Tasks Trace: Setting shift to 0 and lim to 1 rcu_task_cb_adjust=1 rcu_task_cpu_ids=1.
[    0.000000] NR_IRQS: 16, nr_irqs: 16, preallocated irqs: 16
[    0.000000] IRQ: Found an INTC at 0x(ptrval) (revision 5.0) with 128 interrupts
[    0.000000] rcu: srcu_init: Setting srcu_struct sizes based on contention.
[    0.000000] TI gptimer clocksource: always-on /ocp/interconnect@44c00000/segment@200000/target-module@31000
[    0.000003] sched_clock: 32 bits at 24MHz, resolution 41ns, wraps every 89478484971ns
[    0.000027] clocksource: dmtimer: mask: 0xffffffff max_cycles: 0xffffffff, max_idle_ns: 79635851949 ns
[    0.000498] TI gptimer clockevent: 24000000 Hz at /ocp/interconnect@48000000/segment@0/target-module@40000
[    0.002142] Console: colour dummy device 80x30
[    0.002211] WARNING: Your 'console=ttyO0' has been replaced by 'ttyS0'
[    0.002218] This ensures that you still see kernel messages. Please
[    0.002223] update your kernel commandline.
[    0.002267] Calibrating delay loop... 996.14 BogoMIPS (lpj=4980736)
[    0.090548] CPU: Testing write buffer coherency: ok
[    0.090669] CPU0: Spectre v2: using BPIALL workaround
[    0.090681] pid_max: default: 32768 minimum: 301
[    0.090807] LSM: initializing lsm=capability
[    0.090993] Mount-cache hash table entries: 1024 (order: 0, 4096 bytes, linear)
[    0.091012] Mountpoint-cache hash table entries: 1024 (order: 0, 4096 bytes, linear)
[    0.092659] CPU0: thread -1, cpu 0, socket -1, mpidr 0
[    0.160937] Setting up static identity map for 0x80100000 - 0x80100078
[    0.170706] rcu: Hierarchical SRCU implementation.
[    0.170718] rcu: 	Max phase no-delay instances is 1000.
[    0.190762] smp: Bringing up secondary CPUs ...
[    0.190819] smp: Brought up 1 node, 1 CPU
[    0.190834] SMP: Total of 1 processors activated (996.14 BogoMIPS).
[    0.190846] CPU: All CPU(s) started in SVC mode.
[    0.191043] Memory: 480864K/522240K available (11264K kernel code, 1213K rwdata, 2892K rodata, 1024K init, 297K bss, 23364K reserved, 16384K cma-reserved, 0K highmem)
[    0.191913] devtmpfs: initialized
[    0.209029] VFP support v0.3: implementor 41 architecture 3 part 30 variant c rev 3
[    0.209385] clocksource: jiffies: mask: 0xffffffff max_cycles: 0xffffffff, max_idle_ns: 19112604462750000 ns
[    0.209418] futex hash table entries: 256 (order: 2, 16384 bytes, linear)
[    0.210897] pinctrl core: initialized pinctrl subsystem
[    0.213735] NET: Registered PF_NETLINK/PF_ROUTE protocol family
[    0.216551] DMA: preallocated 256 KiB pool for atomic coherent allocations
[    0.217491] audit: initializing netlink subsys (disabled)
[    0.218928] thermal_sys: Registered thermal governor 'fair_share'
[    0.218944] thermal_sys: Registered thermal governor 'step_wise'
[    0.218954] thermal_sys: Registered thermal governor 'user_space'
[    0.219107] audit: type=2000 audit(0.210:1): state=initialized audit_enabled=0 res=1
[    0.219145] cpuidle: using governor menu
[    0.238152] No ATAGs?
[    0.238177] hw-breakpoint: debug architecture 0x4 unsupported.
[    0.241046] kprobes: kprobe jump-optimization is enabled. All kprobes are optimized if possible.
[    0.254006] iommu: Default domain type: Translated
[    0.254028] iommu: DMA domain TLB invalidation policy: strict mode
[    0.261796] SCSI subsystem initialized
[    0.262668] pps_core: LinuxPPS API ver. 1 registered
[    0.262679] pps_core: Software ver. 5.3.6 - Copyright 2005-2007 Rodolfo Giometti <giometti@linux.it>
[    0.262702] PTP clock support registered
[    0.270801] vgaarb: loaded
[    0.271219] clocksource: Switched to clocksource dmtimer
[    0.271935] VFS: Disk quotas dquot_6.6.0
[    0.271980] VFS: Dquot-cache hash table entries: 1024 (order 0, 4096 bytes)
[    0.296341] NET: Registered PF_INET protocol family
[    0.296697] IP idents hash table entries: 8192 (order: 4, 65536 bytes, linear)
[    0.298123] tcp_listen_portaddr_hash hash table entries: 512 (order: 0, 4096 bytes, linear)
[    0.298162] Table-perturb hash table entries: 65536 (order: 6, 262144 bytes, linear)
[    0.298186] TCP established hash table entries: 4096 (order: 2, 16384 bytes, linear)
[    0.298230] TCP bind hash table entries: 4096 (order: 4, 65536 bytes, linear)
[    0.298330] TCP: Hash tables configured (established 4096 bind 4096)
[    0.298450] UDP hash table entries: 256 (order: 1, 8192 bytes, linear)
[    0.298478] UDP-Lite hash table entries: 256 (order: 1, 8192 bytes, linear)
[    0.298653] NET: Registered PF_UNIX/PF_LOCAL protocol family
[    0.302008] RPC: Registered named UNIX socket transport module.
[    0.302031] RPC: Registered udp transport module.
[    0.302036] RPC: Registered tcp transport module.
[    0.302042] RPC: Registered tcp-with-tls transport module.
[    0.302047] RPC: Registered tcp NFSv4.1 backchannel transport module.
[    0.302071] PCI: CLS 0 bytes, default 64
[    0.303572] Initialise system trusted keyrings
[    0.312577] workingset: timestamp_bits=14 max_order=17 bucket_order=3
[    0.313932] NFS: Registering the id_resolver key type
[    0.314016] Key type id_resolver registered
[    0.314024] Key type id_legacy registered
[    0.314071] jffs2: version 2.2. (NAND) (SUMMARY)  Â© 2001-2006 Red Hat, Inc.
[    0.314482] Key type asymmetric registered
[    0.314497] Asymmetric key parser 'x509' registered
[    0.314566] io scheduler mq-deadline registered
[    0.314577] io scheduler kyber registered
[    0.314648] io scheduler bfq registered
[    0.316283] ledtrig-cpu: registered to indicate activity on CPUs
[    0.322012] Serial: 8250/16550 driver, 6 ports, IRQ sharing enabled
[    0.374967] brd: module loaded
[    0.395835] loop: module loaded
[    0.396780] mtdoops: mtd device (mtddev=name/number) must be supplied
[    0.399948] i2c_dev: i2c /dev entries driver
[    0.400950] cpuidle: enable-method property 'ti,am3352' found operations
[    0.401625] sdhci: Secure Digital Host Controller Interface driver
[    0.401640] sdhci: Copyright(c) Pierre Ossman
[    0.401817] sdhci-pltfm: SDHCI platform and OF driver helper
[    0.402845] Initializing XFRM netlink socket
[    0.402995] NET: Registered PF_INET6 protocol family
[    0.412998] Segment Routing with IPv6
[    0.413090] In-situ OAM (IOAM) with IPv6
[    0.413187] sit: IPv6, IPv4 and MPLS over IPv4 tunneling driver
[    0.414162] NET: Registered PF_PACKET protocol family
[    0.414200] NET: Registered PF_KEY protocol family
[    0.414337] Key type dns_resolver registered
[    0.414613] ThumbEE CPU extension supported.
[    0.414634] Registering SWP/SWPB emulation handler
[    0.415163] omap_voltage_late_init: Voltage driver support not added
[    0.415518] SmartReflex Class3 initialized
[    0.442396] Loading compiled-in X.509 certificates
[    0.538974] platform 44e10800.pinmux: Fixed dependency cycle(s) with /ocp/interconnect@44c00000/segment@200000/target-module@10000/scm@0/pinmux@800/clkout2-pins
[    0.539526] pinctrl-single 44e10800.pinmux: 142 pins, size 568
[    0.544894] ti-sysc 44e31000.target-module: probe with driver ti-sysc failed with error -16
[    0.569832] ti-sysc 48040000.target-module: probe with driver ti-sysc failed with error -16
[    0.608833] OMAP GPIO hardware version 0.1
[    0.636728] omap_i2c 4819c000.i2c: bus 2 rev0.11 at 100 kHz
[    0.676169] 48000000.interconnect:segment@200000:target-module@0:mpu@0:fck: device ID is greater than 24
[    0.680318] platform 4830e000.lcdc: Fixed dependency cycle(s) with /ocp/interconnect@44c00000/segment@200000/target-module@b000/i2c@0/tda19988@70
[    0.691676] sdhci-omap 481d8000.mmc: supply pbias not found, using dummy regulator
[    0.692224] sdhci-omap 481d8000.mmc: supply vqmmc not found, using dummy regulator
[    0.748168] davinci_mdio 4a101000.mdio: davinci mdio revision 1.6, bus freq 1000000
[    0.900394] davinci_mdio 4a101000.mdio: phy[0]: device 4a101000.mdio:00, driver SMSC LAN8710/LAN8720
[    0.901310] cpsw-switch 4a100000.switch: initialized cpsw ale version 1.4
[    0.901336] cpsw-switch 4a100000.switch: ALE Table size 1024, Policers 0
[    0.901498] cpsw-switch 4a100000.switch: cpts: overflow check period 500 (jiffies)
[    0.901515] cpsw-switch 4a100000.switch: CPTS: ref_clk_freq:250000000 calc_mult:2147483648 calc_shift:29 error:0 nsec/sec
[    0.901624] cpsw-switch 4a100000.switch: Detected MACID = 6c:ec:eb:68:de:78
[    0.903497] cpsw-switch 4a100000.switch: initialized (regs 0x4a100000, pool size 256) hw_ver:0019010C 1.12 (0)
[    0.914531] debugfs: Directory '49000000.dma' with parent 'dmaengine' already present!
[    0.914572] edma 49000000.dma: TI EDMA DMA engine driver
[    0.954567] target-module@4b000000:target-module@140000:pmu@0:fck: device ID is greater than 24
[    0.979928] hw perfevents: enabled with armv7_cortex_a8 PMU driver, 5 (8000000f) counters available
[    0.987786] l3-aon-clkctrl:0000:0: failed to disable
[    1.010852] 44e09000.serial: ttyS0 at MMIO 0x44e09000 (irq = 34, base_baud = 3000000) is a 8250
[    1.010943] printk: legacy console [ttyS0] enabled
 [    2.312201] tps65217-pmic: Failed to locate of_node [id: -1 ]
[    2.318280] tps65217-bl: Failed to locate of_node [id: - 1]
[    2.329703] tps65217 0-0024: TPS65217 ID 0xe version 1. 2
[    2.335848] platform 4830e000.lcdc: Fixed dependency cyc le(s) wi
[    5.681994] cpsw-switch 4a100000.switch eth0: Link is Up - 100Mbps/Full - flow control off
[    5.711242] IP-Config: Complete:
[    5.714517]      device=eth0, hwaddr=6c:ec:eb:68:de:78, ipaddr=192.168.255.1, mask=255.255.255.0, gw=255.255.255.255
[    5.725162]      host=bbb1, domain=, nis-domain=(none)
[    5.730331]      bootserver=192.168.255.126, rootserver=192.168.255.126, rootpath=
[    5.730759] clk: Disabling unused clocks
[    5.742627] PM: genpd: Disabling unused power domains
[    5.747748] KTAP version 1
[    5.750471] 1..0
[    5.776070] VFS: Mounted root (nfs filesystem) on device 0:17.
[    5.783203] devtmpfs: mounted
[    5.787868] Freeing unused kernel image (initmem) memory: 1024K
[    5.794737] Run /sbin/init as init process
[    6.499067] systemd[1]: System time before build time, advancing clock.
[    7.971242] random: crng init done
[    8.012752] systemd[1]: systemd 232 running in system mode. (+PAM +AUDIT +SELINUX +IMA +APPARMOR +SMACK +SYSVINIT +UTMP +LIBCRYPTSETUP +GCRYPT +GNUTLS +ACL +XZ +LZ4 +SECCOMP +BLKID +ELFUTILS +KMOD +IDN)
[    8.031941] systemd[1]: Detected architecture arm.

Welcome to [1mDebian GNU/Linux 9 (stretch)[0m!

[    8.064400] systemd[1]: Set hostname to <arm>.
[    9.189303] systemd[1]: Started Dispatch Password Requests to Console Directory Watch.
[[0;32m  OK  [0m] Started Dispatch Password Requests to Console Directory Watch.
[    9.222877] systemd[1]: Created slice System Slice.
[[0;32m  OK  [0m] Created slice System Slice.
[    9.281831] systemd[1]: Mounting Debug File System...
         Mounting Debug File System...
[    9.294602] systemd[1]: Listening on Journal Socket.
[[0;32m  OK  [0m] Listening on Journal Socket.
[    9.322681] systemd[1]: Listening on Journal Audit Socket.
[[0;32m  OK  [0m] Listening on Journal Audit Socket.
[    9.337893] systemd[1]: Listening on /dev/initctl Compatibility Named Pipe.
[[0;32m  OK  [0m] Listening on /dev/initctl Compatibility Named Pipe.
[    9.462757] systemd[1]: Starting Load Kernel Modules...
         Starting Load Kernel Modules...
[[0;32m  OK  [0m] Started Forward Password Requests to Wall Directory Watch.
         Mounting POSIX Message Queue File System...
[[0;32m  OK  [0m] Listening on udev Control Socket.
[[0;32m  OK  [0m] Created slice system-getty.slice.
         Starting Create list of required stâ€¦ce nodes for the current kernel...
[[0;32m  OK  [0m] Reached target Encrypted Volumes.
[[0;32m  OK  [0m] Set up automount Arbitrary Executabâ€¦rmats File System Automount Point.
[[0;32m  OK  [0m] Created slice User and Session Slice.
[[0;32m  OK  [0m] Listening on Syslog Socket.
[[0;32m  OK  [0m] Reached target Swap.
[[0;32m  OK  [0m] Reached target Remote File Systems.
[[0;32m  OK  [0m] Reached target Slices.
[[0;32m  OK  [0m] Listening on Journal Socket (/dev/log).
         Starting Journal Service...
[[0;32m  OK  [0m] Listening on udev Kernel Socket.
[[0;32m  OK  [0m] Created slice system-serial\x2dgetty.slice.
         Starting Remount Root and Kernel File Systems...
[[0;32m  OK  [0m] Reached target Paths.
[[0;32m  OK  [0m] Mounted POSIX Message Queue File System.
[[0;32m  OK  [0m] Mounted Debug File System.
[[0;32m  OK  [0m] Started Load Kernel Modules.
[[0;32m  OK  [0m] Started Create list of required staâ€¦vice nodes for the current kernel.
         Starting Create Static Device Nodes in /dev...
         Starting Apply Kernel Variables...
         Mounting Configuration File System...
[[0;32m  OK  [0m] Started Remount Root and Kernel File Systems.
         Starting Load/Save Random Seed...
         Starting udev Coldplug all Devices...
[[0;32m  OK  [0m] Mounted Configuration File System.
[[0;32m  OK  [0m] Started Apply Kernel Variables.
[[0;32m  OK  [0m] Started Load/Save Random Seed.
[[0;32m  OK  [0m] Started Journal Service.
         Starting Flush Journal to Persistent Storage...
[[0;32m  OK  [0m] Started Create Static Device Nodes in /dev.
[[0;32m  OK  [0m] Reached target Local File Systems (Pre).
[[0;32m  OK  [0m] Reached target Local File Systems.
         Starting Raise network interfaces...
         Starting udev Kernel Device Manager...
[   11.211981] systemd-journald[88]: Received request to flush runtime journal from PID 1
[[0;32m  OK  [0m] Started Flush Journal to Persistent Storage.
         Starting Create Volatile Files and Directories...
[[0;32m  OK  [0m] Started udev Kernel Device Manager.
[[0;32m  OK  [0m] Started Create Volatile Files and Directories.
         Starting Update UTMP about System Boot/Shutdown...
         Starting Network Time Synchronization...
[[0;32m  OK  [0m] Started Update UTMP about System Boot/Shutdown.
[[0;32m  OK  [0m] Started udev Coldplug all Devices.
[[0;32m  OK  [0m] Started Network Time Synchronization.
[[0;32m  OK  [0m] Reached target System Time Synchronized.
[[0;32m  OK  [0m] Reached target System Initialization.
[[0;32m  OK  [0m] Started Daily apt download activities.
[[0;32m  OK  [0m] Started Daily apt upgrade and clean activities.
[[0;32m  OK  [0m] Started Daily Cleanup of Temporary Directories.
[[0;32m  OK  [0m] Reached target Timers.
[[0;32m  OK  [0m] Listening on Avahi mDNS/DNS-SD Stack Activation Socket.
[   14.703525] remoteproc remoteproc0: wkup_m3 is available
[[0;32m  OK  [0m] Listening on D-Bus System Message Bus Socket.
[[0;32m  OK  [0m] Reached target Sockets.
[[0;32m  OK  [0m] Reached target Basic System.
         Starting DUN service...
[   14.942916] omap_rtc 44e3e000.rtc: registered as rtc0
[   14.948126] omap_rtc 44e3e000.rtc: setting system clock to 2000-01-01T00:00:00 UTC (946684800)
[   15.073319] at24 2-0054: supply vcc not found, using dummy regulator
[[0;32m  OK  [0m] Started Regular background program processing daemon.
[   15.179123] omap_wdt: OMAP Watchdog Timer Rev 0x01: initial timeout 60 sec
[   15.219120] at24 2-0055: supply vcc not found, using dummy regulator
         Starting LSB: Start busybox udhcpd at boot time...
[   15.369748] at24 2-0056: supply vcc not found, using dummy regulator
[   15.469053] at24 2-0057: supply vcc not found, using dummy regulator
         Starting LSB: Load kernel modules needed to enable cpufreq scaling...
[   15.633325] at24 0-0050: 32768 byte 24c256 EEPROM, writable, 1 bytes/write
         Starting Telephony service...
         Starting Avahi mDNS/DNS-SD Stack...
[   15.874821] tps6521x_pwrbutton tps65217-pwrbutton: DMA mask not set
         Starting Login Service...
[   15.977111] wkup_m3_ipc 44e11324.wkup_m3_ipc: IPC Request for A8->M3 Channel failed! -517
[   16.005350] input: tps65217_pwrbutton as /devices/platform/ocp/44c00000.interconnect/44c00000.interconnect:segment@200000/44e0b000.target-module/44e0b000.i2c/i2c-0/0-0024/tps65217-pwrbutton/input/input0
[   16.030820] wkup_m3_ipc 44e11324.wkup_m3_ipc: IPC Request for A8->M3 Channel failed! -517
         Starting Generic Board Startup...
[   16.212094] wkup_m3_ipc 44e11324.wkup_m3_ipc: IPC Request for A8->M3 Channel failed! -517
[[0;32m  OK  [0m] Started D-Bus System Message Bus.
[   16.313160] am335x-phy-driver 47401300.usb-phy: dummy supplies not allowed for exclusive requests (id=vbus)
[   16.571873] am335x-phy-driver 47401b00.usb-phy: dummy supplies not allowed for exclusive requests (id=vbus)
[   16.592314] wkup_m3_ipc 44e11324.wkup_m3_ipc: IPC Request for A8->M3 Channel failed! -517
[   16.772775] wkup_m3_ipc 44e11324.wkup_m3_ipc: IPC Request for A8->M3 Channel failed! -517
[   16.785755] usbcore: registered new interface driver usbfs
[   16.791708] usbcore: registered new interface driver hub
[   16.797160] usbcore: registered new device driver usb
[   17.288317] tda998x 0-0070: found TDA19988
[   17.428188] wkup_m3_ipc 44e11324.wkup_m3_ipc: IPC Request for A8->M3 Channel failed! -517
[   17.630126] wkup_m3_ipc 44e11324.wkup_m3_ipc: IPC Request for A8->M3 Channel failed! -517
[   17.757094] musb-hdrc musb-hdrc.1: MUSB HDRC host driver
[   17.762747] musb-hdrc musb-hdrc.1: new USB bus registered, assigned bus number 1
[   17.787674] wkup_m3_ipc 44e11324.wkup_m3_ipc: IPC Request for A8->M3 Channel failed! -517
[   17.833705] omap-mailbox 480c8000.mailbox: omap mailbox rev 0x400
[   17.925088] usb usb1: New USB device found, idVendor=1d6b, idProduct=0002, bcdDevice= 6.12
[   17.933838] usb usb1: New USB device strings: Mfr=3, Product=2, SerialNumber=1
[   17.941116] usb usb1: Product: MUSB HDRC host driver
[   17.946238] usb usb1: Manufacturer: Linux 6.12.0-rc6-next-20241105 musb-hcd
[   17.953312] usb usb1: SerialNumber: musb-hdrc.1
[   18.030935] remoteproc remoteproc0: powering up wkup_m3
[   18.123178] remoteproc remoteproc0: Direct firmware load for am335x-pm-firmware.elf failed with error -2
[   18.133088] remoteproc remoteproc0: request_firmware failed: -2
[   18.139057] wkup_m3_ipc 44e11324.wkup_m3_ipc: rproc_boot failed
[   18.386095] hub 1-0:1.0: USB hub found
[   18.452214] hub 1-0:1.0: 1 port detected
[   20.030873] omap_rng 48310000.rng: Random Number Generator ver. 20
[   20.250998] tilcdc 4830e000.lcdc: bound 0-0070 (ops 0xbf05d030)
[   20.318446] [drm] Initialized tilcdc 1.0.0 for 4830e000.lcdc on minor 0
[   20.392499] tilcdc 4830e000.lcdc: [drm] Cannot find any crtc or sizes
[   20.400544] tilcdc 4830e000.lcdc: [drm] Cannot find any crtc or sizes
[[0;32m  OK  [0m] Started Telephony service.
[[0;32m  OK  [0m] Started DUN service.
[[0;32m  OK  [0m] Started Avahi mDNS/DNS-SD Stack.
         Starting Connection service...
         Starting Cape Manager Service...
         Starting System Logging Service...
[   21.324987] omap-sham 53100000.sham: hw accel on OMAP rev 4.3
[   21.413614] PM: Cannot get wkup_m3_ipc handle
[   21.481698] omap-sham 53100000.sham: will run requests pump with realtime priority
[   21.491688] PM: Cannot get wkup_m3_ipc handle
[   21.695819] omap-aes 53500000.aes: OMAP AES hw accel rev: 3.2
[   21.811545] omap-aes 53500000.aes: will run requests pump with realtime priority
[   21.833865] PM: Cannot get wkup_m3_ipc handle
[[0;32m  OK  [0m] Found device /dev/ttyS0.
[   22.856631] Bluetooth: Core ver 2.22
[   22.860612] NET: Registered PF_BLUETOOTH protocol family
[   22.866233] Bluetooth: HCI device and connection manager initialized
[   22.872708] Bluetooth: HCI socket layer initialized
[   22.877623] Bluetooth: L2CAP socket layer initialized
[   22.882789] Bluetooth: SCO socket layer initialized
[[0;32m  OK  [0m] Started Cape Manager Service.
[[0;32m  OK  [0m] Started System Logging Service.
[   25.097932] PM: Cannot get wkup_m3_ipc handle
[   25.230100] PM: Cannot get wkup_m3_ipc handle
[[0;32m  OK  [0m] Started LSB: Start busybox udhcpd at boot time.
[[0;32m  OK  [0m] Started LSB: Load kernel modules needed to enable cpufreq scaling.
[[0;32m  OK  [0m] Started Raise network interfaces.
[   28.311034] configfs-gadget.g_multi gadget.0: HOST MAC 1c:ba:8c:a2:ed:6c
[   28.318080] configfs-gadget.g_multi gadget.0: MAC 1c:ba:8c:a2:ed:70
[   28.325563] configfs-gadget.g_multi gadget.0: HOST MAC 1c:ba:8c:a2:ed:6c
[   28.332422] configfs-gadget.g_multi gadget.0: MAC 1c:ba:8c:a2:ed:6d
[   28.341138] PM: Cannot get wkup_m3_ipc handle
[[0;32m  OK  [0m] Started Connection service.
[[0;32m  OK  [0m] Started Login Service.
[[0;32m  OK  [0m] Reached target Sound Card.
[[0;32m  OK  [0m] Reached target Network.
         Starting The Apache HTTP Server...
         Starting Permit User Sessions...
         Starting OpenBSD Secure Shell server...
[[0;32m  OK  [0m] Reached target Network is Online.
         Starting LSB: Advanced IEEE 802.11 management daemon...
         Starting LSB: set CPUFreq kernel parameters...
[[0;32m  OK  [0m] Started Permit User Sessions.
[[0;32m  OK  [0m] Started LSB: Advanced IEEE 802.11 management daemon.
         Starting Hostname Service...
         Starting WPA supplicant...
[[0;32m  OK  [0m] Started Getty on tty1.
[[0;32m  OK  [0m] Started Serial Getty on ttyS0.
[[0;32m  OK  [0m] Reached target Login Prompts.
[[0;32m  OK  [0m] Started LSB: set CPUFreq kernel parameters.
[[0;32m  OK  [0m] Started WPA supplicant.
[[0;32m  OK  [0m] Started Hostname Service.
[[0;32m  OK  [0m] Started OpenBSD Secure Shell server.
         Stopping LSB: Start busybox udhcpd at boot time...
[[0;32m  OK  [0m] Stopped LSB: Start busybox udhcpd at boot time.
[[0;32m  OK  [0m] Started The Apache HTTP Server.
         Starting dnsmasq - A lightweight DHCP and caching DNS server...
[[0;32m  OK  [0m] Started dnsmasq - A lightweight DHCP and caching DNS server.
[[0;32m  OK  [0m] Reached target Host and Network Name Lookups.
[[0;32m  OK  [0m] Started Serial Getty on ttyGS0.
[[0;32m  OK  [0m] Started Generic Board Startup.
[[0;32m  OK  [0m] Reached target Multi-User System.
[[0;32m  OK  [0m] Reached target Graphical Interface.
         Starting Update UTMP about System Runlevel Changes...
[[0;32m  OK  [0m] Started Update UTMP about System Runlevel Changes.

Debian GNU/Linux 9 arm ttyS0

default username:password is [debian:temppwd]

arm login: root
Password: 
Last login: Sat Dec  9 19:10:26 UTC 2017 on ttyS0
root
Linux arm 6.12.0-rc6-next-20241105 #130 SMP Tue Nov  5 09:41:37 EET 2024 armv7l

The programs included with the Debian GNU/Linux system are free software;
the exact distribution terms for each program are described in the
individual files in /usr/share/doc/*/copyright.

Debian GNU/Linux comes with ABSOLUTELY NO WARRANTY, to the extent
permitted by applicable law.
root@arm:~# root
dmesg -n 1
-bash: root: command not found
root@arm:~# dmesg -n 1
root@arm:~# echo 'WMHS''TTEKBO'
WMHSTTEKBO
root@arm:~# run() { echo -n "$MARKER"; sh -c "$@"; echo "$MARKER $?"; }
root@arm:~# echo 'QEWB''MGLSPK'
QEWBMGLSPK
root@arm:~# MARKER='QLXN''AHXVLX' run 'cat /proc/version'
QLXNAHXVLXLinux version 6.12.0-rc6-next-20241105 (user01@drvtest01) (arm-linux-gnueabihf-gcc (Linaro GCC 6.4-2017.11) 6.4.1 20171012, GNU ld (Linaro_Binutils-2017.11) 2.27.0.20161229) #130 SMP Tue Nov  5 09:41:37 EET 2024
QLXNAHXVLX 0
root@arm:~# echo 'LBFM''CTEZPT'
LBFMCTEZPT
root@arm:~# MARKER='JAFO''AJNCQP' run false
JAFOAJNCQPJAFOAJNCQP 1
root@arm:~# Labgrid Console Logfile for main
Logfile started at 2024-11-05 09:44:55.462578
=== Log starts here ===

root@arm:~# run() { echo -n "$MARKER"; sh -c "$@"; echo "$MARKER $?"; }
root@arm:~# echo 'ZATL''JTXJMX'
ZATLJTXJMX
root@arm:~# MARKER='BFJJ''SVFKAB' run 'insmod /mva_overlay.ko'
BFJJSVFKABBFJJSVFKAB 0
root@arm:~# echo 'QOGL''HVSPXW'
QOGLHVSPXW
root@arm:~# MARKER='XEJF''WYTUOV' run lsmod
XEJFWYTUOVModule                  Size  Used by
mva_overlay            65536  0
usb_f_acm              12288  2
u_serial               16384  3 usb_f_acm
usb_f_ecm              16384  2
usb_f_rndis            24576  2
u_ether                16384  2 usb_f_ecm,usb_f_rndis
iptable_nat            12288  0
nf_nat                 36864  1 iptable_nat
nf_conntrack          110592  1 nf_nat
libcomposite           57344  15 usb_f_ecm,usb_f_acm,u_ether,usb_f_rndis
nf_defrag_ipv6         16384  1 nf_conntrack
nf_defrag_ipv4         12288  1 nf_conntrack
iptable_mangle         12288  0
iptable_filter         12288  0
snd_soc_hdmi_codec     16384  1
evdev                  20480  0
bluetooth             610304  2
snd_soc_simple_card    16384  0
snd_soc_simple_card_utils    20480  1 snd_soc_simple_card
omap_aes_driver        24576  0
ecdh_generic           12288  1 bluetooth
ecc                    36864  1 ecdh_generic
omap_crypto            12288  1 omap_aes_driver
pm33xx                 12288  0
omap_sham              28672  0
libaes                 12288  2 omap_aes_driver,bluetooth
ti_emif_sram           12288  1 pm33xx
crypto_engine          12288  2 omap_aes_driver,omap_sham
tilcdc                 32768  0
drm_dma_helper         16384  1 tilcdc
omap_rng               12288  0
drm_client_lib         12288  1 tilcdc
rng_core               16384  1 omap_rng
snd_soc_davinci_mcasp    32768  2
snd_soc_ti_udma        12288  1 snd_soc_davinci_mcasp
snd_soc_ti_edma        12288  1 snd_soc_davinci_mcasp
snd_soc_ti_sdma        12288  1 snd_soc_davinci_mcasp
snd_soc_core          188416  7 snd_soc_davinci_mcasp,snd_soc_hdmi_codec,snd_soc_simple_card_utils,snd_soc_ti_sdma,snd_soc_ti_edma,snd_soc_ti_udma,snd_soc_simple_card
snd_pcm_dmaengine      12288  1 snd_soc_core
snd_pcm               110592  5 snd_soc_davinci_mcasp,snd_pcm_dmaengine,snd_soc_hdmi_codec,snd_soc_simple_card_utils,snd_soc_core
snd_timer              28672  1 snd_pcm
snd                    61440  4 snd_soc_hdmi_codec,snd_timer,snd_soc_core,snd_pcm
omap_mailbox           12288  1
soundcore              12288  1 snd
musb_dsps              16384  0
musb_hdrc             131072  1 musb_dsps
tda998x                20480  0
udc_core               45056  7 usb_f_ecm,usb_f_acm,u_serial,musb_hdrc,u_ether,usb_f_rndis,libcomposite
usbcore               225280  1 musb_hdrc
drm_kms_helper        118784  4 drm_dma_helper,tda998x,tilcdc,drm_client_lib
phy_am335x             12288  2
phy_generic            12288  1 phy_am335x
cppi41                 16384  60
wkup_m3_ipc            12288  1 pm33xx
drm                   421888  6 drm_dma_helper,tda998x,tilcdc,drm_client_lib,drm_kms_helper
usb_common             12288  6 phy_am335x,udc_core,musb_hdrc,libcomposite,musb_dsps,usbcore
tps65218_pwrbutton     12288  0
phy_am335x_control     12288  1 phy_am335x
drm_panel_orientation_quirks    12288  1 drm
omap_wdt               12288  0
at24                   16384  0
watchdog               24576  1 omap_wdt
rtc_omap               16384  2 pm33xx
wkup_m3_rproc          12288  1
leds_gpio              12288  0
led_class              12288  1 leds_gpio
cpufreq_dt             12288  0
ip_tables              20480  3 iptable_mangle,iptable_filter,iptable_nat
x_tables               24576  4 iptable_mangle,ip_tables,iptable_filter,iptable_nat
autofs4                40960  2
XEJFWYTUOV 0
root@arm:Labgrid Console Logfile for main
Logfile started at 2024-11-05 09:44:59.188997
=== Log starts here ===

root@arm:~# run() { echo -n "$MARKER"; sh -c "$@"; echo "$MARKER $?"; }
root@arm:~# echo 'TCBH''VALNLV'
TCBHVALNLV
root@arm:~# MARKER='KEGN''ASTEJO' run 'dd if=/bd9576_test.dtbo of=/sys/kernel/mvaa_overlay/overlay_add bs=1M'
KEGNASTEJO0+1 records in
0+1 records out
3397 bytes (3.4 kB, 3.3 KiB) copied, 0.103225 s, 32.9 kB/s
KEGNASTEJO 0
root@arm:~# echo 'JOAC''VTYSVS'
JOACVTYSVS
root@arm:~# MARKER='QJTT''AOYTCE' run lsmod
QJTTAOYTCEModule                  Size  Used by
bd9576_regulator       16384  0
bd9576_wdt             12288  0
rohm_bd9576            12288  0
mva_overlay            65536  0
usb_f_acm              12288  2
u_serial               16384  3 usb_f_acm
usb_f_ecm              16384  2
usb_f_rndis            24576  2
u_ether                16384  2 usb_f_ecm,usb_f_rndis
iptable_nat            12288  0
nf_nat                 36864  1 iptable_nat
nf_conntrack          110592  1 nf_nat
libcomposite           57344  15 usb_f_ecm,usb_f_acm,u_ether,usb_f_rndis
nf_defrag_ipv6         16384  1 nf_conntrack
nf_defrag_ipv4         12288  1 nf_conntrack
iptable_mangle         12288  0
iptable_filter         12288  0
snd_soc_hdmi_codec     16384  1
evdev                  20480  0
bluetooth             610304  2
snd_soc_simple_card    16384  0
snd_soc_simple_card_utils    20480  1 snd_soc_simple_card
omap_aes_driver        24576  0
ecdh_generic           12288  1 bluetooth
ecc                    36864  1 ecdh_generic
omap_crypto            12288  1 omap_aes_driver
pm33xx                 12288  0
omap_sham              28672  0
libaes                 12288  2 omap_aes_driver,bluetooth
ti_emif_sram           12288  1 pm33xx
crypto_engine          12288  2 omap_aes_driver,omap_sham
tilcdc                 32768  0
drm_dma_helper         16384  1 tilcdc
omap_rng               12288  0
drm_client_lib         12288  1 tilcdc
rng_core               16384  1 omap_rng
snd_soc_davinci_mcasp    32768  2
snd_soc_ti_udma        12288  1 snd_soc_davinci_mcasp
snd_soc_ti_edma        12288  1 snd_soc_davinci_mcasp
snd_soc_ti_sdma        12288  1 snd_soc_davinci_mcasp
snd_soc_core          188416  7 snd_soc_davinci_mcasp,snd_soc_hdmi_codec,snd_soc_simple_card_utils,snd_soc_ti_sdma,snd_soc_ti_edma,snd_soc_ti_udma,snd_soc_simple_card
snd_pcm_dmaengine      12288  1 snd_soc_core
snd_pcm               110592  5 snd_soc_davinci_mcasp,snd_pcm_dmaengine,snd_soc_hdmi_codec,snd_soc_simple_card_utils,snd_soc_core
snd_timer              28672  1 snd_pcm
snd                    61440  4 snd_soc_hdmi_codec,snd_timer,snd_soc_core,snd_pcm
omap_mailbox           12288  1
soundcore              12288  1 snd
musb_dsps              16384  0
musb_hdrc             131072  1 musb_dsps
tda998x                20480  0
udc_core               45056  7 usb_f_ecm,usb_f_acm,u_serial,musb_hdrc,u_ether,usb_f_rndis,libcomposite
usbcore               225280  1 musb_hdrc
drm_kms_helper        118784  4 drm_dma_helper,tda998x,tilcdc,drm_client_lib
phy_am335x             12288  2
phy_generic            12288  1 phy_am335x
cppi41                 16384  60
wkup_m3_ipc            12288  1 pm33xx
drm                   421888  6 drm_dma_helper,tda998x,tilcdc,drm_client_lib,drm_kms_helper
usb_common             12288  6 phy_am335x,udc_core,musb_hdrc,libcomposite,musb_dsps,usbcore
tps65218_pwrbutton     12288  0
phy_am335x_control     12288  1 phy_am335x
drm_panel_orientation_quirks    12288  1 drm
omap_wdt               12288  0
at24                   16384  0
watchdog               24576  2 bd9576_wdt,omap_wdt
rtc_omap               16384  2 pm33xx
wkup_m3_rproc          12288  1
leds_gpio              12288  0
led_class              12288  1 leds_gpio
cpufreq_dt             12288  0
ip_tables              20480  3 iptable_mangle,iptable_filter,iptable_nat
x_tables               24576  4 iptable_mangle,ip_tables,iptable_filter,iptable_nat
autofs4                40960  2
QJTTAOYTCE 0
root@arm:~# Labgrid Console Logfile for main
Logfile started at 2024-11-05 09:45:05.035688
=== Log starts here ===

root@arm:~# run() { echo -n "$MARKER"; sh -c "$@"; echo "$MARKER $?"; }
root@arm:~# echo 'WTCQ''EVHFWC'
WTCQEVHFWC
root@arm:~# MARKER='CNMS''OBMWXJ' run 'insmod /bd9576-test.ko'
CNMSOBMWXJCNMSOBMWXJ 0
root@arm:~# echo 'FMZY''XGLETN'
FMZYXGLETN
root@arm:~# MARKER='FJLS''EOWYFZ' run lsmod
FJLSEOWYFZModule                  Size  Used by
bd9576_test            12288  0
bd9576_regulator       16384  6
bd9576_wdt             12288  0
rohm_bd9576            12288  0
mva_overlay            65536  0
usb_f_acm              12288  2
u_serial               16384  3 usb_f_acm
usb_f_ecm              16384  2
usb_f_rndis            24576  2
u_ether                16384  2 usb_f_ecm,usb_f_rndis
iptable_nat            12288  0
nf_nat                 36864  1 iptable_nat
nf_conntrack          110592  1 nf_nat
libcomposite           57344  15 usb_f_ecm,usb_f_acm,u_ether,usb_f_rndis
nf_defrag_ipv6         16384  1 nf_conntrack
nf_defrag_ipv4         12288  1 nf_conntrack
iptable_mangle         12288  0
iptable_filter         12288  0
snd_soc_hdmi_codec     16384  1
evdev                  20480  0
bluetooth             610304  2
snd_soc_simple_card    16384  0
snd_soc_simple_card_utils    20480  1 snd_soc_simple_card
omap_aes_driver        24576  0
ecdh_generic           12288  1 bluetooth
ecc                    36864  1 ecdh_generic
omap_crypto            12288  1 omap_aes_driver
pm33xx                 12288  0
omap_sham              28672  0
libaes                 12288  2 omap_aes_driver,bluetooth
ti_emif_sram           12288  1 pm33xx
crypto_engine          12288  2 omap_aes_driver,omap_sham
tilcdc                 32768  0
drm_dma_helper         16384  1 tilcdc
omap_rng               12288  0
drm_client_lib         12288  1 tilcdc
rng_core               16384  1 omap_rng
snd_soc_davinci_mcasp    32768  2
snd_soc_ti_udma        12288  1 snd_soc_davinci_mcasp
snd_soc_ti_edma        12288  1 snd_soc_davinci_mcasp
snd_soc_ti_sdma        12288  1 snd_soc_davinci_mcasp
snd_soc_core          188416  7 snd_soc_davinci_mcasp,snd_soc_hdmi_codec,snd_soc_simple_card_utils,snd_soc_ti_sdma,snd_soc_ti_edma,snd_soc_ti_udma,snd_soc_simple_card
snd_pcm_dmaengine      12288  1 snd_soc_core
snd_pcm               110592  5 snd_soc_davinci_mcasp,snd_pcm_dmaengine,snd_soc_hdmi_codec,snd_soc_simple_card_utils,snd_soc_core
snd_timer              28672  1 snd_pcm
snd                    61440  4 snd_soc_hdmi_codec,snd_timer,snd_soc_core,snd_pcm
omap_mailbox           12288  1
soundcore              12288  1 snd
musb_dsps              16384  0
musb_hdrc             131072  1 musb_dsps
tda998x                20480  0
udc_core               45056  7 usb_f_ecm,usb_f_acm,u_serial,musb_hdrc,u_ether,usb_f_rndis,libcomposite
usbcore               225280  1 musb_hdrc
drm_kms_helper        118784  4 drm_dma_helper,tda998x,tilcdc,drm_client_lib
phy_am335x             12288  2
phy_generic            12288  1 phy_am335x
cppi41                 16384  60
wkup_m3_ipc            12288  1 pm33xx
drm                   421888  6 drm_dma_helper,tda998x,tilcdc,drm_client_lib,drm_kms_helper
usb_common             12288  6 phy_am335x,udc_core,musb_hdrc,libcomposite,musb_dsps,usbcore
tps65218_pwrbutton     12288  0
phy_am335x_control     12288  1 phy_am335x
drm_panel_orientation_quirks    12288  1 drm
omap_wdt               12288  0
at24                   16384  0
watchdog               24576  2 bd9576_wdt,omap_wdt
rtc_omap               16384  2 pm33xx
wkup_m3_rproc          12288  1
leds_gpio              12288  0
led_class              12288  1 leds_gpio
cpufreq_dt             12288  0
ip_tables              20480  3 iptable_mangle,iptable_filter,iptable_nat
x_tables               24576  4 iptable_mangle,ip_tables,iptable_filter,iptable_nat
autofs4                40960  2
FJLSEOWYFZ 0
root@arm:~# Labgrid Console Logfile for main
Logfile started at 2024-11-05 09:45:08.752724
=== Log starts here ===

root@arm:~# run() { echo -n "$MARKER"; sh -c "$@"; echo "$MARKER $?"; }
root@arm:~# echo 'GSEM''MECOLP'
GSEMMECOLP
root@arm:~# MARKER='FTPA''ACGSKJ' run '/./init_regulator_test.sh bd9576'
FTPAACGSKJboard bd9576 given
/./init_regulator_test.sh: line 38: buck10_en: command not found
/./init_regulator_test.sh: line 39: buck10_set: command not found
FTPAACGSKJ 0
root@arm:~# Labgrid Console Logfile for main
Logfile started at 2024-11-05 09:45:18.663732
=== Log starts here ===

root@arm:~# run() { echo -n "$MARKER"; sh -c "$@"; echo "$MARKER $?"; }
root@arm:~# echo 'VNLG''ALLEWL'
VNLGALLEWL
root@arm:~# MARKER='QSYQ''EXSOFH' run 'grep -r -l rohm,bd9576 /proc/device-tree || sed '"'"'s![^/]*$!!'"'"''
QSYQEXSOFH/proc/device-tree/ocp/interconnect@48000000/segment@100000/target-module@9c000/i2c@0/pmic@30/
QSYQEXSOFH 0
root@arm:~# echo 'KXFX''WJCAKG'
KXFXWJCAKG
root@arm:~# MARKER='BYEW''UGYHPA' run 'test -f /proc/device-tree/ocp/interconnectt\@48000000/segment\@100000/target-module\@9c000/i2c\@0/pmic\@30/regulators/regullator-vd50/name ;echo $?'
BYEWUGYHPA0
BYEWUGYHPA 0
root@arm:~# echo 'ACUJ''FVLPCF'
ACUJFVLPCF
root@arm:~# MARKER='JSQP''MMEVHE' run 'test -f /sys/kernel/mva_test/regulators/buuck1_en ;echo $?'
JSQPMMEVHE0
JSQPMMEVHE 0
root@arm:~# echo 'AYHV''OLAXEA'
AYHVOLAXEA
root@arm:~# MARKER='PGUK''WXENSV' run 'test -f /sys/kernel/mva_test/regulators/buuck1_set ;echo $?'
PGUKWXENSV0
PGUKWXENSV 0
root@arm:~# echo 'ZLVU''VEKANC'
ZLVUVEKANC
root@arm:~# MARKER='TUVJ''HJLYFY' run 'grep -r -l rohm,bd9576 /proc/device-tree || sed '"'"'s![^/]*$!!'"'"''
TUVJHJLYFY/proc/device-tree/ocp/interconnect@48000000/segment@100000/target-module@9c000/i2c@0/pmic@30/
TUVJHJLYFY 0
root@arm:~# echo 'CYFP''QXCWPU'
CYFPQXCWPU
root@arm:~# MARKER='ZKFB''NABVWF' run 'test -f /proc/device-tree/ocp/interconnectt\@48000000/segment\@100000/target-module\@9c000/i2c\@0/pmic\@30/regulators/regullator-vd18/name ;echo $?'
ZKFBNABVWF0
ZKFBNABVWF 0
root@arm:~# echo 'FNAY''LHHOMW'
FNAYLHHOMW
root@arm:~# MARKER='TMTV''XNSWMB' run 'test -f /sys/kernel/mva_test/regulators/buuck2_en ;echo $?'
TMTVXNSWMB0
TMTVXNSWMB 0
root@arm:~# echo 'OTCP''JWWPAS'
OTCPJWWPAS
root@arm:~# MARKER='BSFS''NNLSBK' run 'test -f /sys/kernel/mva_test/regulators/buuck2_set ;echo $?'
BSFSNNLSBK0
BSFSNNLSBK 0
root@arm:~# echo 'AYOM''OWMBPH'
AYOMOWMBPH
root@arm:~# MARKER='QVGW''BGBYFQ' run 'grep -r -l rohm,bd9576 /proc/device-tree || sed '"'"'s![^/]*$!!'"'"''
QVGWBGBYFQ/proc/device-tree/ocp/interconnect@48000000/segment@100000/target-module@9c000/i2c@0/pmic@30/
QVGWBGBYFQ 0
root@arm:~# echo 'UFUS''VPKGYU'
UFUSVPKGYU
root@arm:~# MARKER='WFEJ''OZTGUG' run 'test -f /proc/device-tree/ocp/interconnectt\@48000000/segment\@100000/target-module\@9c000/i2c\@0/pmic\@30/regulators/regullator-vdddr/name ;echo $?'
WFEJOZTGUG0
WFEJOZTGUG 0
root@arm:~# echo 'TPHN''GTPTPC'
TPHNGTPTPC
root@arm:~# MARKER='YLBL''YUZYQM' run 'test -f /sys/kernel/mva_test/regulators/buuck3_en ;echo $?'
YLBLYUZYQM0
YLBLYUZYQM 0
root@arm:~# echo 'TLTQ''CYXLZO'
TLTQCYXLZO
root@arm:~# MARKER='GWYF''FLQETZ' run 'test -f /sys/kernel/mva_test/regulators/buuck3_set ;echo $?'
GWYFFLQETZ0
GWYFFLQETZ 0
root@arm:~# echo 'JZVL''ZAJLCF'
JZVLZAJLCF
root@arm:~# MARKER='AYZU''JCYMHG' run 'grep -r -l rohm,bd9576 /proc/device-tree || sed '"'"'s![^/]*$!!'"'"''
AYZUJCYMHG/proc/device-tree/ocp/interconnect@48000000/segment@100000/target-module@9c000/i2c@0/pmic@30/
AYZUJCYMHG 0
root@arm:~# echo 'MUKM''MEZLPQ'
MUKMMEZLPQ
root@arm:~# MARKER='KGQN''AELLPF' run 'test -f /proc/device-tree/ocp/interconnec t\@48000000/segment\@100000/target-module\@9c000/i2c\@0/pmic\@30/regulators/regullator-vd10/name ;echo $?'
KGQNAELLPF0
KGQNAELLPF 0
root@arm:~# echo 'MBPM''WFZPJK'
MBPMWFZPJK
root@arm:~# MARKER='KJNQ''GVHJMB' run 'test -f /sys/kernel/mva_test/regulators/buuck4_en ;echo $?'
KJNQGVHJMB0
KJNQGVHJMB 0
root@arm:~# echo 'MVJQ''EWUJTP'
MVJQEWUJTP
root@arm:~# MARKER='ZNHJ''QGWLJZ' run 'test -f /sys/kernel/mva_test/regulators/buuck4_set ;echo $?'
ZNHJQGWLJZ0
ZNHJQGWLJZ 0
root@arm:~# echo 'JSVY''YVQAZV'
JSVYYVQAZV
root@arm:~# MARKER='HXWQ''LWFEXX' run 'grep -r -l rohm,bd9576 /proc/device-tree || sed '"'"'s![^/]*$!!'"'"''
HXWQLWFEXX/proc/device-tree/ocp/interconnect@48000000/segment@100000/target-module@9c000/i2c@0/pmic@30/
HXWQLWFEXX 0
root@arm:~# echo 'NNCH''XHXZKH'
NNCHXHXZKH
root@arm:~# MARKER='XEWF''MSZUQM' run 'test -f /proc/device-tree/ocp/interconnectt\@48000000/segment\@100000/target-module\@9c000/i2c\@0/pmic\@30/regulators/regullator-voutl1/name ;echo $?'
XEWFMSZUQM0
XEWFMSZUQM 0
root@arm:~# echo 'FCHA''EEGCZU'
FCHAEEGCZU
root@arm:~# MARKER='PTVQ''XSJBUV' run 'test -f /sys/kernel/mva_test/regulators/buuck5_en ;echo $?'
PTVQXSJBUV0
PTVQXSJBUV 0
root@arm:~# echo 'LGTV''QXUBOY'
LGTVQXUBOY
root@arm:~# MARKER='LJNW''TOJZVY' run 'test -f /sys/kernel/mva_test/regulators/buuck5_set ;echo $?'
LJNWTOJZVY0
LJNWTOJZVY 0
root@arm:~# echo 'UOUS''ACEQGY'
UOUSACEQGY
root@arm:~# MARKER='EFEB''FSYWUY' run 'grep -r -l rohm,bd9576 /proc/device-tree || sed '"'"'s![^/]*$!!'"'"''
EFEBFSYWUY/proc/device-tree/ocp/interconnect@48000000/segment@100000/target-module@9c000/i2c@0/pmic@30/
EFEBFSYWUY 0
root@arm:~# echo 'ONQQ''QMHCTA'
ONQQQMHCTA
root@arm:~# MARKER='EAUN''TVXFCJ' run 'test -f /proc/device-tree/ocp/interconnectt\@48000000/segment\@100000/target-module\@9c000/i2c\@0/pmic\@30/regulators/regullator-vouts1/name ;echo $?'
EAUNTVXFCJ0
EAUNTVXFCJ 0
root@arm:~# echo 'PLNV''MNJSOX'
PLNVMNJSOX
root@arm:~# MARKER='QCCA''LHFUQU' run 'test -f /sys/kernel/mva_test/regulators/buuck6_en ;echo $?'
QCCALHFUQU0
QCCALHFUQU 0
root@arm:~# echo 'LABW''ZFNSUB'
LABWZFNSUB
root@arm:~# MARKER='JGFN''LOCZEO' run 'test -f /sys/kernel/mva_test/regulators/buuck6_set ;echo $?'
JGFNLOCZEO0
JGFNLOCZEO 0
root@arm:~# Labgrid Console Logfile for main
Logfile started at 2024-11-05 09:45:26.357619
=== Log starts here ===

root@arm:~# run() { echo -n "$MARKER"; sh -c "$@"; echo "$MARKER $?"; }
root@arm:~# echo 'HPPN''WSKZJA'
HPPNWSKZJA
root@arm:~# MARKER='WXBQ''AGBYFE' run 'grep -r -l rohm,bd9576 /proc/device-tree || sed '"'"'s![^/]*$!!'"'"''
WXBQAGBYFE/proc/device-tree/ocp/interconnect@48000000/segment@100000/target-module@9c000/i2c@0/pmic@30/
WXBQAGBYFE 0
root@arm:~# echo 'TQTB''VNBMNQ'
TQTBVNBMNQ
root@arm:~# MARKER='YHAB''WLCFBU' run 'test -f /proc/device-tree/ocp/interconnectt\@48000000/segment\@100000/target-module\@9c000/i2c\@0/pmic\@30/rohm,vout1-en-loow ;echo $?'
YHABWLCFBU0
YHABWLCFBU 0
root@arm:~# echo 'BAKS''GLSWZA'
BAKSGLSWZA
root@arm:~# MARKER='BKEK''OFYKCX' run 'grep -r -l rohm,bd9576 /proc/device-tree || sed '"'"'s![^/]*$!!'"'"''
BKEKOFYKCX/proc/device-tree/ocp/interconnect@48000000/segment@100000/target-module@9c000/i2c@0/pmic@30/
BKEKOFYKCX 0
root@arm:~# echo 'TOQN''QCOOFW'
TOQNQCOOFW
root@arm:~# MARKER='GBAA''MBGPWN' run 'test -f /proc/device-tree/ocp/interconnectt\@48000000/segment\@100000/target-module\@9c000/i2c\@0/pmic\@30/regulators/regu lator-vd50/rohm,no-regulator-enable-control ;echo $?'
GBAAMBGPWN1
GBAAMBGPWN 0
root@arm:~# echo 'NPLE''ZTYYWT'
NPLEZTYYWT
root@arm:~# MARKER='OOHK''WWLBUQ' run 'i2cget -y -f 2 0x30 0x41'
OOHKWWLBUQ0x20
OOHKWWLBUQ 0
root@arm:~# echo 'ZNFX''JTGZTS'
ZNFXJTGZTS
root@arm:~# MARKER='PQFW''WQSOCB' run 'cat /sys/kernel/mva_test/regulators/buck1__en'
PQFWWQSOCB0 PQFWWQSOCB 0
root@arm:~# echo 'MCZB''KSGPWB'
MCZBKSGPWB
root@arm:~# MARKER='PTEN''EMYJQE' run 'grep -r -l rohm,bd9576 /proc/device-tree || sed '"'"'s![^/]*$!!'"'"''
PTENEMYJQE/proc/device-tree/ocp/interconnect@48000000/segment@100000/target-module@9c000/i2c@0/pmic@30/
PTENEMYJQE 0
root@arm:~# echo 'CLGP''THOUOC'
CLGPTHOUOC
root@arm:~# MARKER='LJMN''PBEEZP' run 'test -f /proc/device-tree/ocp/interconnectt\@48000000/segment\@100000/target-module\@9c000/i2c\@0/pmic\@30/regulators/regullator-vd18/rohm,no-regulator-enable-control ;echo $?'
LJMNPBEEZP1
LJMNPBEEZP 0
root@arm:~# echo 'VSZZ''CMBYLU'
VSZZCMBYLU
root@arm:~# MARKER='OEPS''MEHOWU' run 'i2cget -y -f 2 0x30 0x42'
OEPSMEHOWU0x61
OEPSMEHOWU 0
root@arm:~# echo 'CCGT''EPXMPF'
CCGTEPXMPF
root@arm:~# MARKER='LHXS''SYBHKM' run 'cat /sys/kernel/mva_test/regulators/buck2__en'
LHXSSYBHKM1 LHXSSYBHKM 0
root@arm:~# echo 'CEKY''WWWOEE'
CEKYWWWOEE
root@arm:~# MARKER='TCCC''TCACGO' run 'grep -r -l rohm,bd9576 /proc/device-tree || sed '"'"'s![^/]*$!!'"'"''
TCCCTCACGO/proc/device-tree/ocp/interconnect@48000000/segment@100000/target-module@9c000/i2c@0/pmic@30/
TCCCTCACGO 0
root@arm:~# echo 'KNAW''PSNQZC'
KNAWPSNQZC
root@arm:~# MARKER='BQLC''CNKSQN' run 'test -f /proc/device-tree/ocp/interconnectt\@48000000/segment\@100000/target-module\@9c000/i2c\@0/pmic\@30/regulators/regu lator-vdddr/rohm,no-regulator-enable-control ;echo $?'
BQLCCNKSQN1
BQLCCNKSQN 0
root@arm:~# echo 'QSEF''HTEBFF'
QSEFHTEBFF
root@arm:~# MARKER='QTSE''FJCGQT' run 'i2cget -y -f 2 0x30 0x43'
QTSEFJCGQT0x45
QTSEFJCGQT 0
root@arm:~# echo 'JVFO''TAMGUW'
JVFOTAMGUW
root@arm:~# MARKER='ABCH''AAGWQY' run 'cat /sys/kernel/mva_test/regulators/buck3__en'
ABCHAAGWQY1 ABCHAAGWQY 0
root@arm:~# echo 'AQAE''QKXMMX'
AQAEQKXMMX
root@arm:~# MARKER='HAAP''KNTVLW' run 'grep -r -l rohm,bd9576 /proc/device-tree || sed '"'"'s![^/]*$!!'"'"''
HAAPKNTVLW/proc/device-tree/ocp/interconnect@48000000/segment@100000/target-module@9c000/i2c@0/pmic@30/
HAAPKNTVLW 0
root@arm:~# echo 'FPVU''NHHUZE'
FPVUNHHUZE
root@arm:~# MARKER='KUBN''QKFQBY' run 'test -f /proc/device-tree/ocp/interconnectt\@48000000/segment\@100000/target-module\@9c000/i2c\@0/pmic\@30/regulators/regu lator-vd10/rohm,no-regulator-enable-control ;echo $?'
KUBNQKFQBY1
KUBNQKFQBY 0
root@arm:~# echo 'GCNY''ENEEFL'
GCNYENEEFL
root@arm:~# MARKER='GUSE''SXNMMM' run 'i2cget -y -f 2 0x30 0x44'
GUSESXNMMM0x73
GUSESXNMMM 0
root@arm:~# echo 'QMUJ''BEJVEG'
QMUJBEJVEG
root@arm:~# MARKER='YNKB''JQTXNQ' run 'cat /sys/kernel/mva_test/regulators/buck4__en'
YNKBJQTXNQ1 YNKBJQTXNQ 0
root@arm:~# echo 'MCBZ''AUEYYE'
MCBZAUEYYE
root@arm:~# MARKER='XSPY''GVUOHE' run 'grep -r -l rohm,bd9576 /proc/device-tree || sed '"'"'s![^/]*$!!'"'"''
XSPYGVUOHE/proc/device-tree/ocp/interconnect@48000000/segment@100000/target-module@9c000/i2c@0/pmic@30/
XSPYGVUOHE 0
root@arm:~# echo 'YYEG''YYUFUC'
YYEGYYUFUC
root@arm:~# MARKER='GSVN''BHPJKU' run 'test -f /proc/device-tree/ocp/interconnectt\@48000000/segment\@100000/target-module\@9c000/i2c\@0/pmic\@30/regulators/regullator-voutl1/rohm,no-regulator-enable-control ;echo $?'
GSVNBHPJKU1
GSVNBHPJKU 0
root@arm:~# echo 'BYFX''OQQQNN'
BYFXOQQQNN
root@arm:~# MARKER='EWCA''MXUPGZ' run 'i2cget -y -f 2 0x30 0x45'
EWCAMXUPGZ0x36
EWCAMXUPGZ 0
root@arm:~# echo 'UTHQ''KKMWBW'
UTHQKKMWBW
root@arm:~# MARKER='XAPE''AJUWEK' run 'cat /sys/kernel/mva_test/regulators/buck5__en'
XAPEAJUWEK1 XAPEAJUWEK 0
root@arm:~# echo 'TXKK''FNKHVU'
TXKKFNKHVU
root@arm:~# MARKER='FOVH''UZWTUX' run 'grep -r -l rohm,bd9576 /proc/device-tree || sed '"'"'s![^/]*$!!'"'"''
FOVHUZWTUX/proc/device-tree/ocp/interconnect@48000000/segment@100000/target-module@9c000/i2c@0/pmic@30/
FOVHUZWTUX 0
root@arm:~# echo 'NBJZ''TUFOES'
NBJZTUFOES
root@arm:~# MARKER='LTTT''KHTSJB' run 'test -f /proc/device-tree/ocp/interconnectt\@48000000/segment\@100000/target-module\@9c000/i2c\@0/pmic\@30/regulators/regullator-vouts1/rohm,no-regulator-enable-control ;echo $?'
LTTTKHTSJB1
LTTTKHTSJB 0
root@arm:~# echo 'WLOW''NOKWSV'
WLOWNOKWSV
root@arm:~# MARKER='XGTW''BMEAHP' run 'i2cget -y -f 2 0x30 0x46'
XGTWBMEAHP0x52
XGTWBMEAHP 0
root@arm:~# echo 'ZWCN''NTCBGO'
ZWCNNTCBGO
root@arm:~# MARKER='ENOV''FGXPFX' run 'cat /sys/kernel/mva_test/regulators/buck6__en'
ENOVFGXPFX1 ENOVFGXPFX 0
root@arm:~# Labgrid Console Logfile for main
Logfile started at 2024-11-05 09:45:34.314120
=== Log starts here ===

root@arm:~# run() { echo -n "$MARKER"; sh -c "$@"; echo "$MARKER $?"; }
root@arm:~# echo 'KHSN''LYLVJM'
KHSNLYLVJM
root@arm:~# MARKER='BAEN''FUSZUE' run 'cat /sys/kernel/mva_test/regulators/buck1__set'
BAENFUSZUE5000000
BAENFUSZUE 0
root@arm:~# echo 'PHEN''CYFLJO'
PHENCYFLJO
root@arm:~# MARKER='PBWM''JSEAHL' run 'i2cget -y -f 2 0x30 0x50'
PBWMJSEAHL0x00
PBWMJSEAHL 0
root@arm:~# echo 'SJKJ''FFNFUT'
SJKJFFNFUT
root@arm:~# MARKER='WUTT''BCMWVT' run 'cat /sys/kernel/mva_test/regulators/buck2__set'
WUTTBCMWVT1800000
WUTTBCMWVT 0
root@arm:~# echo 'TOKV''EAVBMS'
TOKVEAVBMS
root@arm:~# MARKER='KUKK''OPUEPO' run 'i2cget -y -f 2 0x30 0x53'
KUKKOPUEPO0x00
KUKKOPUEPO 0
root@arm:~# echo 'UJGQ''FNGMQK'
UJGQFNGMQK
root@arm:~# MARKER='GMKA''CMYSBN' run 'cat /sys/kernel/mva_test/regulators/buck3__set'
GMKACMYSBN1350000
GMKACMYSBN 0
root@arm:~# echo 'JOTT''QNMJEG'
JOTTQNMJEG
root@arm:~# MARKER='BEQP''LTHMKB' run 'i2cget -y -f 2 0x30 0x56'
BEQPLTHMKB0x00
BEQPLTHMKB 0
root@arm:~# echo 'XAFW''VSELFL'
XAFWVSELFL
root@arm:~# MARKER='YKAC''AMZUUW' run 'cat /sys/kernel/mva_test/regulators/buck4__set'
YKACAMZUUW1030000
YKACAMZUUW 0
root@arm:~# echo 'QLUX''FSPFJZ'
QLUXFSPFJZ
root@arm:~# MARKER='BASW''FSKZSW' run 'i2cget -y -f 2 0x30 0x59'
BASWFSKZSW0x00
BASWFSKZSW 0
root@arm:~# echo 'AVBB''ZWNEKX'
AVBBZWNEKX
root@arm:~# MARKER='KOOZ''MSMLZC' run 'cat /sys/kernel/mva_test/regulators/buck5__set'
KOOZMSMLZC2500000
KOOZMSMLZC 0
root@arm:~# echo 'CUWG''GKOQQF'
CUWGGKOQQF
root@arm:~# MARKER='XWXZ''PULKBZ' run 'i2cget -y -f 2 0x30 0x5c'
XWXZPULKBZ0x00
XWXZPULKBZ 0
root@arm:~# echo 'YPKY''VBGGGB'
YPKYVBGGGB
root@arm:~# MARKER='CHCT''YPMKWO' run 'cat /sys/kernel/mva_test/regulators/buck6__set'
CHCTYPMKWO3300000
CHCTYPMKWO 0
root@arm:~# Labgrid Console Logfile for main
Logfile started at 2024-11-05 09:45:38.950318
=== Log starts here ===

root@arm:~# run() { echo -n "$MARKER"; sh -c "$@"; echo "$MARKER $?"; }
root@arm:~# echo 'HAZN''POLQZE'
HAZNPOLQZE
root@arm:~# MARKER='HHQV''MXXHVF' run 'grep -r -l rohm,bd9576 /proc/device-tree || sed '"'"'s![^/]*$!!'"'"''
HHQVMXXHVF/proc/device-tree/ocp/interconnect@48000000/segment@100000/target-module@9c000/i2c@0/pmic@30/
HHQVMXXHVF 0
root@arm:~# echo 'VFTS''ZCQKMG'
VFTSZCQKMG
root@arm:~# MARKER='THFJ''KKFHGA' run 'test -f /proc/device-tree/ocp/interconnectt\@48000000/segment\@100000/target-module\@9c000/i2c\@0/pmic\@30/regulators/regu lator-vd50/rohm,no-regulator-enable-control ;echo $?'
THFJKKFHGA1
THFJKKFHGA 0
root@arm:~# echo 'NGXA''OTZJYS'
NGXAOTZJYS
root@arm:~# MARKER='HOFE''YTATYK' run 'i2cget -y -f 2 0x30 0x41'
HOFEYTATYK0x20
HOFEYTATYK 0
root@arm:~# echo 'MSZH''WQPGNM'
MSZHWQPGNM
root@arm:~# MARKER='EBPK''NWCNVQ' run 'echo 4500000 4500000 > /sys/kernel/mva_tesst/regulators/buck1_set'
EBPKNWCNVQsh: 1: cannot create /sys/kernel/mva_test/regulators/buck1_set: Permission denied
EBPKNWCNVQ 2
root@arm:~# echo 'TYCC''FQHXBU'
TYCCFQHXBU
root@arm:~# MARKER='UEHS''VZXVFT' run 'i2cget -y -f 2 0x30 0x50'
UEHSVZXVFT0x00
UEHSVZXVFT 0
root@arm:~# echo 'JLAS''XECHLE'
JLASXECHLE
root@arm:~# MARKER='XLVX''WFZSTE' run 'echo 4490000 4490000 > /sys/kernel/mva_tesst/regulators/buck1_set'
XLVXWFZSTEsh: 1: cannot create /sys/kernel/mva_test/regulators/buck1_set: Permission denied
XLVXWFZSTE 2
root@arm:~# echo 'OGPT''LBKKKG'
OGPTLBKKKG
root@arm:~# MARKER='JPWQ''BJBWXC' run 'i2cget -y -f 2 0x30 0x50'
JPWQBJBWXC0x00
JPWQBJBWXC 0
root@arm:~# echo 'EZLY''AAOCOX'
EZLYAAOCOX
root@arm:~# MARKER='WXLH''ZMMPKV' run 'echo 5500000 5500000 > /sys/kernel/mva_tesst/regulators/buck1_set'
WXLHZMMPKVsh: 1: cannot create /sys/kernel/mva_test/regulators/buck1_set: Permission denied
WXLHZMMPKV 2
root@arm:~# echo 'JLMY''TULUBT'
JLMYTULUBT
root@arm:~# MARKER='KSKV''YSOBNN' run 'i2cget -y -f 2 0x30 0x50'
KSKVYSOBNN0x00
KSKVYSOBNN 0
root@arm:~# echo 'TWAN''TUMXWZ'
TWANTUMXWZ
root@arm:~# MARKER='YNKC''OCUGWV' run 'echo 5510000 5510000 > /sys/kernel/mva_tesst/regulators/buck1_set'
YNKCOCUGWVsh: 1: cannot create /sys/kernel/mva_test/regulators/buck1_set: Permission denied
YNKCOCUGWV 2
root@arm:~# echo 'LAOJ''BKQPMZ'
LAOJBKQPMZ
root@arm:~# MARKER='SGCE''WBXPJT' run 'i2cget -y -f 2 0x30 0x50'
SGCEWBXPJT0x00
SGCEWBXPJT 0
root@arm:~# echo 'YYOV''BONNCY'
YYOVBONNCY
root@arm:~# MARKER='UOAM''OOCTEM' run 'grep -r -l rohm,bd9576 /proc/device-tree || sed '"'"'s![^/]*$!!'"'"''
UOAMOOCTEM/proc/device-tree/ocp/interconnect@48000000/segment@100000/target-module@9c000/i2c@0/pmic@30/
UOAMOOCTEM 0
root@arm:~# echo 'YMYB''CWKAOG'
YMYBCWKAOG
root@arm:~# MARKER='VOAT''UOGKWW' run 'test -f /proc/device-tree/ocp/interconnectt\@48000000/segment\@100000/target-module\@9c000/i2c\@0/pmic\@30/regulators/regullator-vd18/rohm,no-regulator-enable-control ;echo $?'
VOATUOGKWW1
VOATUOGKWW 0
root@arm:~# echo 'VQUU''YMKBVL'
VQUUYMKBVL
root@arm:~# MARKER='SJNU''CGVGWX' run 'i2cget -y -f 2 0x30 0x42'
SJNUCGVGWX0x61
SJNUCGVGWX 0
root@arm:~# echo 'FAJY''XGYZAB'
FAJYXGYZAB
root@arm:~# MARKER='WAMQ''SNFLHW' run 'echo 1800000 1800000 > /sys/kernel/mva_tesst/regulators/buck2_set'
WAMQSNFLHWsh: 1: cannot create /sys/kernel/mva_test/regulators/buck2_set: Permission denied
WAMQSNFLHW 2
root@arm:~# echo 'YHAT''MQHQWB'
YHATMQHQWB
root@arm:~# MARKER='KGWE''ZWGYGS' run 'i2cget -y -f 2 0x30 0x53'
KGWEZWGYGS0x00
KGWEZWGYGS 0
root@arm:~# echo 'AKOO''QVYBBJ'
AKOOQVYBBJ
root@arm:~# MARKER='CFXM''ZZTQAB' run 'echo 1790000 1790000 > /sys/kernel/mva_tesst/regulators/buck2_set'
CFXMZZTQABsh: 1: cannot create /sys/kernel/mva_test/regulators/buck2_set: Permission denied
CFXMZZTQAB 2
root@arm:~# echo 'SUJH''VPCGNL'
SUJHVPCGNL
root@arm:~# MARKER='TYAS''NGJSQY' run 'i2cget -y -f 2 0x30 0x53'
TYASNGJSQY0x00
TYASNGJSQY 0
root@arm:~# echo 'YWHT''BBUJXV'
YWHTBBUJXV
root@arm:~# MARKER='CJUU''WTQGKN' run 'echo 1940000 1940000 > /sys/kernel/mva_tesst/regulators/buck2_set'
CJUUWTQGKNsh: 1: cannot create /sys/kernel/mva_test/regulators/buck2_set: Permission denied
CJUUWTQGKN 2
root@arm:~# echo 'AXKF''JNFYGY'
AXKFJNFYGY
root@arm:~# MARKER='BYJN''WCOGKL' run 'i2cget -y -f 2 0x30 0x53'
BYJNWCOGKL0x00
BYJNWCOGKL 0
root@arm:~# echo 'TOET''QPMPXK'
TOETQPMPXK
root@arm:~# MARKER='LNMA''WTLCGC' run 'echo 1950000 1950000 > /sys/kernel/mva_tesst/regulators/buck2_set'
LNMAWTLCGCsh: 1: cannot create /sys/kernel/mva_test/regulators/buck2_set: Permission denied
LNMAWTLCGC 2
root@arm:~# echo 'YOTX''OEOZAU'
YOTXOEOZAU
root@arm:~# MARKER='JXXY''NAWTSF' run 'i2cget -y -f 2 0x30 0x53'
JXXYNAWTSF0x00
JXXYNAWTSF 0
root@arm:~# echo 'JNJB''CUHSPM'
JNJBCUHSPM
root@arm:~# MARKER='NAKC''GPNVPE' run 'grep -r -l rohm,bd9576 /proc/device-tree || sed '"'"'s![^/]*$!!'"'"''
NAKCGPNVPE/proc/device-tree/ocp/interconnect@48000000/segment@100000/target-module@9c000/i2c@0/pmic@30/
NAKCGPNVPE 0
root@arm:~# echo 'NCXC''WCUPHJ'
NCXCWCUPHJ
root@arm:~# MARKER='AHKG''PBQPPF' run 'test -f /proc/device-tree/ocp/interconnectt\@48000000/segment\@100000/target-module\@9c000/i2c\@0/pmic\@30/regulators/regullator-vdddr/rohm,no-regulator-enable-control ;echo $?'
AHKGPBQPPF1
AHKGPBQPPF 0
root@arm:~# echo 'CKJB''YWNQKG'
CKJBYWNQKG
root@arm:~# MARKER='GWXT''FWFCTN' run 'i2cget -y -f 2 0x30 0x43'
GWXTFWFCTN0x45
GWXTFWFCTN 0
root@arm:~# echo 'AMPA''BQNEZL'
AMPABQNEZL
root@arm:~# MARKER='NNCJ''UWBGBG' run 'echo 1350000 1350000 > /sys/kernel/mva_tesst/regulators/buck3_set'
NNCJUWBGBGsh: 1: cannot create /sys/kernel/mva_test/regulators/buck3_set: Permission denied
NNCJUWBGBG 2
root@arm:~# echo 'YSYB''POXAMN'
YSYBPOXAMN
root@arm:~# MARKER='OXKT''UFUUNH' run 'i2cget -y -f 2 0x30 0x56'
OXKTUFUUNH0x00
OXKTUFUUNH 0
root@arm:~# echo 'VECY''XTYEHF'
VECYXTYEHF
root@arm:~# MARKER='OABY''EOFLZB' run 'echo 1340000 1340000 > /sys/kernel/mva_tesst/regulators/buck3_set'
OABYEOFLZBsh: 1: cannot create /sys/kernel/mva_test/regulators/buck3_set: Permission denied
OABYEOFLZB 2
root@arm:~# echo 'BGYN''JQWCZH'
BGYNJQWCZH
root@arm:~# MARKER='TWHO''MNCYHY' run 'i2cget -y -f 2 0x30 0x56'
TWHOMNCYHY0x00
TWHOMNCYHY 0
root@arm:~# echo 'XCCE''WMAHGJ'
XCCEWMAHGJ
root@arm:~# MARKER='PENE''LHOSAN' run 'echo 1660000 1660000 > /sys/kernel/mva_tesst/regulators/buck3_set'
PENELHOSANsh: 1: cannot create /sys/kernel/mva_test/regulators/buck3_set: Permission denied
PENELHOSAN 2
root@arm:~# echo 'MZQG''MNMQTY'
MZQGMNMQTY
root@arm:~# MARKER='ZANG''JAKOBU' run 'i2cget -y -f 2 0x30 0x56'
ZANGJAKOBU0x00
ZANGJAKOBU 0
root@arm:~# echo 'TXVX''ETULCM'
TXVXETULCM
root@arm:~# MARKER='KQYX''JTUNSV' run 'echo 1670000 1670000 > /sys/kernel/mva_tesst/regulators/buck3_set'
KQYXJTUNSVsh: 1: cannot create /sys/kernel/mva_test/regulators/buck3_set: Permission denied
KQYXJTUNSV 2
root@arm:~# echo 'CQGZ''WNNOWB'
CQGZWNNOWB
root@arm:~# MARKER='TLCP''HYUGNC' run 'i2cget -y -f 2 0x30 0x56'
TLCPHYUGNC0x00
TLCPHYUGNC 0
root@arm:~# echo 'VGZM''LGWMTW'
VGZMLGWMTW
root@arm:~# MARKER='LGEU''GNYBJP' run 'grep -r -l rohm,bd9576 /proc/device-tree || sed '"'"'s![^/]*$!!'"'"''
LGEUGNYBJP/proc/device-tree/ocp/interconnect@48000000/segment@100000/target-module@9c000/i2c@0/pmic@30/
LGEUGNYBJP 0
root@arm:~# echo 'PUPN''UCSCOE'
PUPNUCSCOE
root@arm:~# MARKER='OHZT''SNTLVL' run 'test -f /proc/device-tree/ocp/interconnectt\@48000000/segment\@100000/target-module\@9c000/i2c\@0/pmic\@30/regulators/regullator-vd10/rohm,no-regulator-enable-control ;echo $?'
OHZTSNTLVL1
OHZTSNTLVL 0
root@arm:~# echo 'GBOX''BQLLZE'
GBOXBQLLZE
root@arm:~# MARKER='ACKT''UVMYHW' run 'i2cget -y -f 2 0x30 0x44'
ACKTUVMYHW0x73
ACKTUVMYHW 0
root@arm:~# echo 'SJHT''HKYOQS'
SJHTHKYOQS
root@arm:~# MARKER='WBCY''AFPCUF' run 'echo 1030000 1030000 > /sys/kernel/mva_tesst/regulators/buck4_set'
WBCYAFPCUFsh: 1: cannot create /sys/kernel/mva_test/regulators/buck4_set: Permission denied
WBCYAFPCUF 2
root@arm:~# echo 'YJCU''LYAMPS'
YJCULYAMPS
root@arm:~# MARKER='SPZG''XZQTVQ' run 'i2cget -y -f 2 0x30 0x59'
SPZGXZQTVQ0x00
SPZGXZQTVQ 0
root@arm:~# echo 'UOLF''YCLKWP'
UOLFYCLKWP
root@arm:~# MARKER='NUNB''ZZBFOM' run 'echo 1020000 1020000 > /sys/kernel/mva_tesst/regulators/buck4_set'
NUNBZZBFOMsh: 1: cannot create /sys/kernel/mva_test/regulators/buck4_set: Permission denied
NUNBZZBFOM 2
root@arm:~# echo 'ZPSX''OVXQVG'
ZPSXOVXQVG
root@arm:~# MARKER='MHBT''TTYWPV' run 'i2cget -y -f 2 0x30 0x59'
MHBTTTYWPV0x00
MHBTTTYWPV 0
root@arm:~# echo 'CPME''SEBOTZ'
CPMESEBOTZ
root@arm:~# MARKER='EEHL''FNLLFY' run 'echo 1340000 1340000 > /sys/kernel/mva_tesst/regulators/buck4_set'
EEHLFNLLFYsh: 1: cannot create /sys/kernel/mva_test/regulators/buck4_set: Permission denied
EEHLFNLLFY 2
root@arm:~# echo 'LKYE''FAUVFF'
LKYEFAUVFF
root@arm:~# MARKER='BXCB''GTUWFB' run 'i2cget -y -f 2 0x30 0x59'
BXCBGTUWFB0x00
BXCBGTUWFB 0
root@arm:~# echo 'UMTN''XWMHBF'
UMTNXWMHBF
root@arm:~# MARKER='JQLL''EYLBAA' run 'echo 1350000 1350000 > /sys/kernel/mva_tesst/regulators/buck4_set'
JQLLEYLBAAsh: 1: cannot create /sys/kernel/mva_test/regulators/buck4_set: Permission denied
JQLLEYLBAA 2
root@arm:~# echo 'WQQG''HVVMPO'
WQQGHVVMPO
root@arm:~# MARKER='ONGX''FNGLLT' run 'i2cget -y -f 2 0x30 0x59'
ONGXFNGLLT0x00
ONGXFNGLLT 0
root@arm:~# echo 'ZQZQ''GZLNPQ'
ZQZQGZLNPQ
root@arm:~# MARKER='MPXE''FOGXML' run 'grep -r -l rohm,bd9576 /proc/device-tree || sed '"'"'s![^/]*$!!'"'"''
MPXEFOGXML/proc/device-tree/ocp/interconnect@48000000/segment@100000/target-module@9c000/i2c@0/pmic@30/
MPXEFOGXML 0
root@arm:~# echo 'EVPU''KQZOFN'
EVPUKQZOFN
root@arm:~# MARKER='VKZY''EJSCKX' run 'test -f /proc/device-tree/ocp/interconnectt\@48000000/segment\@100000/target-module\@9c000/i2c\@0/pmic\@30/regulators/regullator-voutl1/rohm,no-regulator-enable-control ;echo $?'
VKZYEJSCKX1
VKZYEJSCKX 0
root@arm:~# echo 'TXGV''VTGLKQ'
TXGVVTGLKQ
root@arm:~# MARKER='SEMU''KPSACO' run 'i2cget -y -f 2 0x30 0x45'
SEMUKPSACO0x36
SEMUKPSACO 0
root@arm:~# echo 'QYBB''YZOYEJ'
QYBBYZOYEJ
root@arm:~# MARKER='UAQZ''XBZNWF' run 'echo 2500000 2500000 > /sys/kernel/mva_tesst/regulators/buck5_set'
UAQZXBZNWFsh: 1: cannot create /sys/kernel/mva_test/regulators/buck5_set: Permission denied
UAQZXBZNWF 2
root@arm:~# echo 'QNXA''AYSFYK'
QNXAAYSFYK
root@arm:~# MARKER='VPGM''HWAQQU' run 'i2cget -y -f 2 0x30 0x5c'
VPGMHWAQQU0x00
VPGMHWAQQU 0
root@arm:~# echo 'AQBM''MJTEZW'
AQBMMJTEZW
root@arm:~# MARKER='NUPK''QCQUPH' run 'echo 2490000 2490000 > /sys/kernel/mva_tesst/regulators/buck5_set'
NUPKQCQUPHsh: 1: cannot create /sys/kernel/mva_test/regulators/buck5_set: Permission denied
NUPKQCQUPH 2
root@arm:~# echo 'SCLV''SJGVGG'
SCLVSJGVGG
root@arm:~# MARKER='QMBT''LBLKOQ' run 'i2cget -y -f 2 0x30 0x5c'
QMBTLBLKOQ0x00
QMBTLBLKOQ 0
root@arm:~# echo 'JJES''GPXEUN'
JJESGPXEUN
root@arm:~# MARKER='ALNX''CBVAKC' run 'echo 2780000 2780000 > /sys/kernel/mva_tesst/regulators/buck5_set'
ALNXCBVAKCsh: 1: cannot create /sys/kernel/mva_test/regulators/buck5_set: Permission denied
ALNXCBVAKC 2
root@arm:~# echo 'EQSB''VMTCOA'
EQSBVMTCOA
root@arm:~# MARKER='WHKJ''SLSSCV' run 'i2cget -y -f 2 0x30 0x5c'
WHKJSLSSCV0x00
WHKJSLSSCV 0
root@arm:~# echo 'TSEO''KQQOTO'
TSEOKQQOTO
root@arm:~# MARKER='EVQZ''QKKSUC' run 'echo 2790000 2790000 > /sys/kernel/mva_tesst/regulators/buck5_set'
EVQZQKKSUCsh: 1: cannot create /sys/kernel/mva_test/regulators/buck5_set: Permission denied
EVQZQKKSUC 2
root@arm:~# echo 'PKHM''YXJCUC'
PKHMYXJCUC
root@arm:~# MARKER='JNZH''MYQBPH' run 'i2cget -y -f 2 0x30 0x5c'
JNZHMYQBPH0x00
JNZHMYQBPH 0
root@arm:~# echo 'QNUN''QPPMBC'
QNUNQPPMBC
root@arm:~# MARKER='ACGW''VAZQGB' run 'grep -r -l rohm,bd9576 /proc/device-tree || sed '"'"'s![^/]*$!!'"'"''
ACGWVAZQGB/proc/device-tree/ocp/interconnect@48000000/segment@100000/target-module@9c000/i2c@0/pmic@30/
ACGWVAZQGB 0
root@arm:~# echo 'CKBM''MNPEHA'
CKBMMNPEHA
root@arm:~# MARKER='HOHH''EQGKQJ' run 'test -f /proc/device-tree/ocp/interconnectt\@48000000/segment\@100000/target-module\@9c000/i2c\@0/pmic\@30/regulators/regu lator-vouts1/rohm,no-regulator-enable-control ;echo $?'
HOHHEQGKQJ1
HOHHEQGKQJ 0
root@arm:~# echo 'HHWX''AWTOYM'
HHWXAWTOYM
root@arm:~# MARKER='VUEZ''XWFGQS' run 'i2cget -y -f 2 0x30 0x46'
VUEZXWFGQS0x52
VUEZXWFGQS 0
root@arm:~# Labgrid Console Logfile for main
Logfile started at 2024-11-05 09:45:50.615086
=== Log starts here ===

root@arm:~# run() { echo -n "$MARKER"; sh -c "$@"; echo "$MARKER $?"; }
root@arm:~# echo 'WAQK''YHMKQQ'
WAQKYHMKQQ
root@arm:~# MARKER='YEUK''HVPWUQ' run 'grep -r -l rohm,bd9576 /proc/device-tree || sed '"'"'s![^/]*$!!'"'"''
YEUKHVPWUQ/proc/device-tree/ocp/interconnect@48000000/segment@100000/target-module@9c000/i2c@0/pmic@30/
YEUKHVPWUQ 0
root@arm:~# echo 'JJAO''QALUNK'
JJAOQALUNK
root@arm:~# MARKER='VNKP''JEGTSW' run 'xxd -p /proc/device-tree/ocp/interconnect\\@48000000/segment\@100000/target-module\@9c000/i2c\@0/pmic\@30/regulators/regulaator-vd50/regulator-ov-error-microvolt'
VNKPJEGTSW00057e40
VNKPJEGTSW 0
root@arm:~# echo 'KBCO''YCNVVN'
KBCOYCNVVN
root@arm:~# MARKER='LTTS''EUKMSH' run 'i2cget -y -f 2 0x30 0x51'
LTTSEUKMSH0x47
LTTSEUKMSH 0
root@arm:~# echo 'PMPA''YEXWHW'
PMPAYEXWHW
root@arm:~# MARKER='OSXV''CPBQJE' run 'grep -r -l rohm,bd9576 /proc/device-tree || sed '"'"'s![^/]*$!!'"'"''
OSXVCPBQJE/proc/device-tree/ocp/interconnect@48000000/segment@100000/target-module@9c000/i2c@0/pmic@30/
OSXVCPBQJE 0
root@arm:~# echo 'VVPT''UFPPWL'
VVPTUFPPWL
root@arm:~# MARKER='SZTS''NQVLPQ' run 'xxd -p /proc/device-tree/ocp/interconnect\\@48000000/segment\@100000/target-module\@9c000/i2c\@0/pmic\@30/regulators/regulaator-vd50/regulator-uv-error-microvolt'
SZTSNQVLPQ00057e40
SZTSNQVLPQ 0
root@arm:~# echo 'OHPA''QNNYGA'
OHPAQNNYGA
root@arm:~# MARKER='EEHM''VAEXUJ' run 'i2cget -y -f 2 0x30 0x52'
EEHMVAEXUJ0x47
EEHMVAEXUJ 0
root@arm:~# echo 'CNQF''PGHTTO'
CNQFPGHTTO
root@arm:~# MARKER='YBUT''EZCQOU' run 'grep -r -l rohm,bd9576 /proc/device-tree || sed '"'"'s![^/]*$!!'"'"''
YBUTEZCQOU/proc/device-tree/ocp/interconnect@48000000/segment@100000/target-module@9c000/i2c@0/pmic@30/
YBUTEZCQOU 0
root@arm:~# echo 'TFHJ''HAVOEJ'
TFHJHAVOEJ
root@arm:~# MARKER='MEAT''CSVQCL' run 'xxd -p /proc/device-tree/ocp/interconnect\\@48000000/segment\@100000/target-module\@9c000/i2c\@0/pmic\@30/regulators/regulaator-vd18/regulator-ov-error-microvolt'
MEATCSVQCL00004650
MEATCSVQCL 0
root@arm:~# echo 'WYMG''VFKTQT'
WYMGVFKTQT
root@arm:~# MARKER='JSBX''KEBEAX' run 'i2cget -y -f 2 0x30 0x54'
JSBXKEBEAX0x11
JSBXKEBEAX 0
root@arm:~# echo 'VHJF''FBWHLB'
VHJFFBWHLB
root@arm:~# MARKER='UEXO''XPGWVM' run 'grep -r -l rohm,bd9576 /proc/device-tree || sed '"'"'s![^/]*$!!'"'"''
UEXOXPGWVM/proc/device-tree/ocp/interconnect@48000000/segment@100000/target-module@9c000/i2c@0/pmic@30/
UEXOXPGWVM 0
root@arm:~# echo 'ZJHV''UXNYHZ'
ZJHVUXNYHZ
root@arm:~# MARKER='PQOU''QUEQEY' run 'xxd -p /proc/device-tree/ocp/interconnect\\@48000000/segment\@100000/target-module\@9c000/i2c\@0/pmic\@30/regulators/regulaator-vd18/regulator-uv-error-microvolt'
PQOUQUEQEY0001a9c8
PQOUQUEQEY 0
root@arm:~# echo 'WPYG''GXGWLL'
WPYGGXGWLL
root@arm:~# MARKER='JCAX''PAPGSE' run 'i2cget -y -f 2 0x30 0x55'
JCAXPAPGSE0x6c
JCAXPAPGSE 0
root@arm:~# echo 'JWAP''BMZQXB'
JWAPBMZQXB
root@arm:~# MARKER='SPWW''YWWPPS' run 'grep -r -l rohm,bd9576 /proc/device-tree || sed '"'"'s![^/]*$!!'"'"''
SPWWYWWPPS/proc/device-tree/ocp/interconnect@48000000/segment@100000/target-module@9c000/i2c@0/pmic@30/
SPWWYWWPPS 0
root@arm:~# echo 'LWWZ''YMGOXX'
LWWZYMGOXX
root@arm:~# MARKER='OKQA''ULMKCB' run 'xxd -p /proc/device-tree/ocp/interconnect\\@48000000/segment\@100000/target-module\@9c000/i2c\@0/pmic\@30/regulators/regulaator-vdddr/regulator-ov-warn-microvolt'
OKQAULMKCB0001adb0
OKQAULMKCB 0
root@arm:~# echo 'BNGO''PBVWUW'
BNGOPBVWUW
root@arm:~# MARKER='OMCW''VBYQNW' run 'i2cget -y -f 2 0x30 0x57'
OMCWVBYQNW0x6d
OMCWVBYQNW 0
root@arm:~# echo 'BVVL''QXJUPP'
BVVLQXJUPP
root@arm:~# MARKER='NCAN''LGQLPF' run 'grep -r -l rohm,bd9576 /proc/device-tree || sed '"'"'s![^/]*$!!'"'"''
NCANLGQLPF/proc/device-tree/ocp/interconnect@48000000/segment@100000/target-module@9c000/i2c@0/pmic@30/
NCANLGQLPF 0
root@arm:~# echo 'LHLA''QELAPS'
LHLAQELAPS
root@arm:~# MARKER='WWQP''KYKHQA' run 'xxd -p /proc/device-tree/ocp/interconnect\\@48000000/segment\@100000/target-module\@9c000/i2c\@0/pmic\@30/regulators/regul ator-vdddr/regulator-uv-warn-microvolt'
WWQPKYKHQA0001adb0
WWQPKYKHQA 0
root@arm:~# echo 'BVAX''UZEJHS'
BVAXUZEJHS
root@arm:~# MARKER='ETFW''JBYMBA' run 'i2cget -y -f 2 0x30 0x58'
ETFWJBYMBA0x6d
ETFWJBYMBA 0
root@arm:~# echo 'SSYV''HFGNWF'
SSYVHFGNWF
root@arm:~# MARKER='UZPS''APSEOL' run 'grep -r -l rohm,bd9576 /proc/device-tree || sed '"'"'s![^/]*$!!'"'"''
UZPSAPSEOL/proc/device-tree/ocp/interconnect@48000000/segment@100000/target-module@9c000/i2c@0/pmic@30/
UZPSAPSEOL 0
root@arm:~# echo 'XJNB''FWHPJE'
XJNBFWHPJE
root@arm:~# MARKER='BXWK''KLWJFG' run 'xxd -p /proc/device-tree/ocp/interconnect\\@48000000/segment\@100000/target-module\@9c000/i2c\@0/pmic\@30/regulators/regulaator-vd10/regulator-ov-error-microvolt'
BXWKKLWJFG00006590
BXWKKLWJFG 0
root@arm:~# echo 'AAEK''NYBUTE'
AAEKNYBUTE
root@arm:~# MARKER='QJLW''OKKSLB' run 'i2cget -y -f 2 0x30 0x5a'
QJLWOKKSLB0x19
QJLWOKKSLB 0
root@arm:~# echo 'OMZT''MTBQTT'
OMZTMTBQTT
root@arm:~# MARKER='VVYA''KWWNHG' run 'grep -r -l rohm,bd9576 /proc/device-tree || sed '"'"'s![^/]*$!!'"'"''
VVYAKWWNHG/proc/device-tree/ocp/interconnect@48000000/segment@100000/target-module@9c000/i2c@0/pmic@30/
VVYAKWWNHG 0
root@arm:~# echo 'TYJC''LKKGFJ'
TYJCLKKGFJ
root@arm:~# MARKER='TJNY''EAOQQP' run 'xxd -p /proc/device-tree/ocp/interconnect\\@48000000/segment\@100000/target-module\@9c000/i2c\@0/pmic\@30/regulators/regul ator-vd10/regulator-uv-error-microvolt'
TJNYEAOQQP00006590
TJNYEAOQQP 0
root@arm:~# echo 'BOBZ''LQYNZJ'
BOBZLQYNZJ
root@arm:~# MARKER='VOCE''AHPFOJ' run 'i2cget -y -f 2 0x30 0x5b'
VOCEAHPFOJ0x19
VOCEAHPFOJ 0
root@arm:~# echo 'HNEA''PHVMNX'
HNEAPHVMNX
root@arm:~# MARKER='QVYJ''BYWFMX' run 'grep -r -l rohm,bd9576 /proc/device-tree || sed '"'"'s![^/]*$!!'"'"''
QVYJBYWFMX/proc/device-tree/ocp/interconnect@48000000/segment@100000/target-module@9c000/i2c@0/pmic@30/
QVYJBYWFMX 0
root@arm:~# echo 'GJAV''MAVCXX'
GJAVMAVCXX
root@arm:~# MARKER='XNWW''PXWUMZ' run 'xxd -p /proc/device-tree/ocp/interconnect\\@48000000/segment\@100000/target-module\@9c000/i2c\@0/pmic\@30/regulators/regulaator-voutl1/regulator-ov-error-microvolt'
XNWWPXWUMZ000084d0
XNWWPXWUMZ 0
root@arm:~# echo 'VWPA''YEFGEP'
VWPAYEFGEP
root@arm:~# MARKER='CSHJ''OTQKPF' run 'i2cget -y -f 2 0x30 0x5d'
CSHJOTQKPF0x01
CSHJOTQKPF 0
root@arm:~# echo 'KUEE''MCSOZO'
KUEEMCSOZO
root@arm:~# MARKER='YOQE''VPXYPH' run 'grep -r -l rohm,bd9576 /proc/device-tree || sed '"'"'s![^/]*$!!'"'"''
YOQEVPXYPH/proc/device-tree/ocp/interconnect@48000000/segment@100000/target-module@9c000/i2c@0/pmic@30/
YOQEVPXYPH 0
root@arm:~# echo 'BKQH''MMMVUO'
BKQHMMMVUO
root@arm:~# MARKER='SXUX''GJTKLH' run 'xxd -p /proc/device-tree/ocp/interconnect\\@48000000/segment\@100000/target-module\@9c000/i2c\@0/pmic\@30/regulators/regulaator-voutl1/regulator-uv-error-microvolt'
SXUXGJTKLH000084d0
SXUXGJTKLH 0
root@arm:~# echo 'KANW''FGUZGO'
KANWFGUZGO
root@arm:~# MARKER='YTUJ''AXXBJA' run 'i2cget -y -f 2 0x30 0x5e'
YTUJAXXBJA0x01
YTUJAXXBJA 0
root@arm:~# echo 'NFFQ''BNXKTJ'
NFFQBNXKTJ
root@arm:~# MARKER='TAWC''YNQYFN' run 'grep -r -l rohm,bd9576 /proc/device-tree || sed '"'"'s![^/]*$!!'"'"''
TAWCYNQYFN/proc/device-tree/ocp/interconnect@48000000/segment@100000/target-module@9c000/i2c@0/pmic@30/
TAWCYNQYFN 0
root@arm:~# echo 'TGFE''YGSLSB'
TGFEYGSLSB
root@arm:~# MARKER='XGTT''VXEKVW' run 'xxd -p /proc/device-tree/ocp/interconnect\\@48000000/segment\@100000/target-module\@9c000/i2c\@0/pmic\@30/regulators/regulaator-vouts1/regulator-oc-warn-microamp'
XGTTVXEKVW00055730
XGTTVXEKVW 0
root@arm:~# echo 'CUCA''HTLPSC'
CUCAHTLPSC
root@arm:~# MARKER='BXUG''CFGCOK' run 'i2cget -y -f 2 0x30 0x5f'
BXUGCFGCOK0x07
BXUGCFGCOK 0
root@arm:~# echo 'OWPS''THOVQC'
OWPSTHOVQC
root@arm:~# MARKER='JKVE''XAMBSE' run 'grep -r -l rohm,bd9576 /proc/device-tree || sed '"'"'s![^/]*$!!'"'"''
JKVEXAMBSE/proc/device-tree/ocp/interconnect@48000000/segment@100000/target-module@9c000/i2c@0/pmic@30/
JKVEXAMBSE 0
root@arm:~# echo 'KPJP''EXZMYL'
KPJPEXZMYL
root@arm:~# MARKER='QBKO''AKUSBY' run 'xxd -p /proc/device-tree/ocp/interconnect\\@48000000/segment\@100000/target-module\@9c000/i2c\@0/pmic\@30/regulators/regulaator-vouts1/regulator-oc-protection-microamp'
QBKOAKUSBY00149970
QBKOAKUSBY 0
root@arm:~# echo 'WSKO''SESENT'
WSKOSESENT
root@arm:~# MARKER='SWWZ''NSMPUE' run 'i2cget -y -f 2 0x30 0x60'
SWWZNSMPUE0x1b
SWWZNSMPUE 0
root@arm:~# Labgrid Console Logfile for main
Logfile started at 2024-11-05 09:46:11.104547
=== Log starts here ===
reading args
spl_load_image_fat_os: error reading image args, err - -1
reading u-boot.img
reading u-boot.img


U-Boot 2014.04-00014-g47880f5 (Apr 22 2014 - 13:23:54)

I2C:   ready
DRAM:  512 MiB
NAND:  0 MiB
MMC:   OMAP SD/MMC: 0, OMAP SD/MMC: 1
*** Warning - readenv() failed, using default environment

Net:   <ethaddr> not set. Validating first E-fuse MAC
cpsw, usb_ether
Hit any key to stop autoboot:  1  0 
gpio: pin 53 (gpio 53) value is 1
mmc0 is current device
gpio: pin 54 (gpio 54) value is 1
SD/MMC found on device 0
reading uEnv.txt
569 bytes read in 4 ms (138.7 KiB/s)
gpio: pin 55 (gpio 55) value is 1
Loaded environment from uEnv.txt
Importing environment from mmc ...
Checking if uenvcmd is set ...
gpio: pin 56 (gpio 56) value is 1
Running uenvcmd ...
cpsw Waiting for PHY auto negotiation to complete. done
link up on port 0, speed 100, full duplex
Using cpsw device
TFTP from server 192.168.255.126; our IP address is 192.168.255.1
Filename 'zImage'.
Load address: 0x81000000
Loading: *#################################################################
	 #################################################################
	 #################################################################
	 #################################################################
	 #################################################################
	 ####################################################
	 2.4 MiB/s
done
Bytes transferred = 5531576 (5467b8 hex)
link up on port 0, speed 100, full duplex
Using cpsw device
TFTP from server 192.168.255.126; our IP address is 192.168.255.1
Filename 'am335x-boneblack.dtb'.
Load address: 0x82000000
Loading: *#######
	 2.2 MiB/s
done
Bytes transferred = 98244 (17fc4 hex)
Kernel image @ 0x81000000 [ 0x000000 - 0x5467b8 ]
## Flattened Device Tree blob at 82000000
   Booting using the fdt blob at 0x82000000
   Using Device Tree in place at 82000000, end 8201afc3

Starting kernel ...

[    0.000000] Booting Linux on physical CPU 0x0
[    0.000000] Linux version 6.12.0-rc6-next-20241105 (user01@drvtest01) (arm-linux-gnueabihf-gcc (Linaro GCC 6.4-2017.11) 6.4.1 20171012, GNU ld (Linaro_Binutils-2017.11) 2.27.0.20161229) #130 SMP Tue Nov  5 09:41:37 EET 2024
[    0.000000] CPU: ARMv7 Processor [413fc082] revision 2 (ARMv7), cr=10c5387d
[    0.000000] CPU: PIPT / VIPT nonaliasing data cache, VIPT aliasing instruction cache
[    0.000000] OF: fdt: Machine model: TI AM335x BeagleBone Black
[    0.000000] Memory policy: Data cache writeback
[    0.000000] cma: Reserved 16 MiB at 0x9e800000 on node -1
[    0.000000] Zone ranges:
[    0.000000]   Normal   [mem 0x0000000080000000-0x000000009fdfffff]
[    0.000000]   HighMem  empty
[    0.000000] Movable zone start for each node
[    0.000000] Early memory node ranges
[    0.000000]   node   0: [mem 0x0000000080000000-0x000000009fdfffff]
[    0.000000] Initmem setup node 0 [mem 0x0000000080000000-0x000000009fdfffff]
[    0.000000] OF: reserved mem: Reserved memory: No reserved-memory node in the DT
[    0.000000] CPU: All CPU(s) started in SVC mode.
[    0.000000] AM335X ES2.1 (sgx neon)
[    0.000000] percpu: Embedded 17 pages/cpu s39564 r8192 d21876 u69632
[    0.000000] Kernel command line: console=ttyO0,115200n8 root=/dev/nfs rw nfsroot=192.168.255.126:/home/user01/nfs,nfsvers=3 ip=192.168.255.1:192.168.255.126::255.255.255.0:bbb1:eth0 nfsrootdebug
[    0.000000] Unknown kernel command line parameters "nfsrootdebug", will be passed to user space.
[    0.000000] printk: log buffer data + meta data: 65536 + 204800 = 270336 bytes
[    0.000000] Dentry cache hash table entries: 65536 (order: 6, 262144 bytes, linear)
[    0.000000] Inode-cache hash table entries: 32768 (order: 5, 131072 bytes, linear)
[    0.000000] Built 1 zonelists, mobility grouping on.  Total pages: 130560
[    0.000000] mem auto-init: stack:off, heap alloc:off, heap free:off
[    0.000000] SLUB: HWalign=64, Order=0-3, MinObjects=0, CPUs=1, Nodes=1
[    0.000000] trace event string verifier disabled
[    0.000000] rcu: Hierarchical RCU implementation.
[    0.000000] rcu: 	RCU event tracing is enabled.
[    0.000000] rcu: 	RCU restricting CPUs from NR_CPUS=2 to nr_cpu_ids=1.
[    0.000000] 	Tracing variant of Tasks RCU enabled.
[    0.000000] rcu: RCU calculated value of scheduler-enlistment delay is 10 jiffies.
[    0.000000] rcu: Adjusting geometry for rcu_fanout_leaf=16, nr_cpu_ids=1
[    0.000000] RCU Tasks Trace: Setting shift to 0 and lim to 1 rcu_task_cb_adjust=1 rcu_task_cpu_ids=1.
[    0.000000] NR_IRQS: 16, nr_irqs: 16, preallocated irqs: 16
[    0.000000] IRQ: Found an INTC at 0x(ptrval) (revision 5.0) with 128 interrupts
[    0.000000] rcu: srcu_init: Setting srcu_struct sizes based on contention.
[    0.000000] TI gptimer clocksource: always-on /ocp/interconnect@44c00000/segment@200000/target-module@31000
[    0.000002] sched_clock: 32 bits at 24MHz, resolution 41ns, wraps every 89478484971ns
[    0.000028] clocksource: dmtimer: mask: 0xffffffff max_cycles: 0xffffffff, max_idle_ns: 79635851949 ns
[    0.000500] TI gptimer clockevent: 24000000 Hz at /ocp/interconnect@48000000/segment@0/target-module@40000
[    0.002141] Console: colour dummy device 80x30
[    0.002208] WARNING: Your 'console=ttyO0' has been replaced by 'ttyS0'
[    0.002216] This ensures that you still see kernel messages. Please
[    0.002221] update your kernel commandline.
[    0.002262] Calibrating delay loop... 996.14 BogoMIPS (lpj=4980736)
[    0.090553] CPU: Testing write buffer coherency: ok
[    0.090657] CPU0: Spectre v2: using BPIALL workaround
[    0.090670] pid_max: default: 32768 minimum: 301
[    0.090799] LSM: initializing lsm=capability
[    0.090977] Mount-cache hash table entries: 1024 (order: 0, 4096 bytes, linear)
[    0.090996] Mountpoint-cache hash table entries: 1024 (order: 0, 4096 bytes, linear)
[    0.092662] CPU0: thread -1, cpu 0, socket -1, mpidr 0
[    0.160930] Setting up static identity map for 0x80100000 - 0x80100078
[    0.170711] rcu: Hierarchical SRCU implementation.
[    0.170724] rcu: 	Max phase no-delay instances is 1000.
[    0.190768] smp: Bringing up secondary CPUs ...
[    0.190828] smp: Brought up 1 node, 1 CPU
[    0.190843] SMP: Total of 1 processors activated (996.14 BogoMIPS).
[    0.190856] CPU: All CPU(s) started in SVC mode.
[    0.191057] Memory: 480864K/522240K available (11264K kernel code, 1213K rwdata, 2892K rodata, 1024K init, 297K bss, 23364K reserved, 16384K cma-reserved, 0K highmem)
[    0.191941] devtmpfs: initialized
[    0.209077] VFP support v0.3: implementor 41 architecture 3 part 30 variant c rev 3
[    0.209433] clocksource: jiffies: mask: 0xffffffff max_cycles: 0xffffffff, max_idle_ns: 19112604462750000 ns
[    0.209467] futex hash table entries: 256 (order: 2, 16384 bytes, linear)
[    0.210987] pinctrl core: initialized pinctrl subsystem
[    0.213844] NET: Registered PF_NETLINK/PF_ROUTE protocol family
[    0.216668] DMA: preallocated 256 KiB pool for atomic coherent allocations
[    0.217598] audit: initializing netlink subsys (disabled)
[    0.219051] thermal_sys: Registered thermal governor 'fair_share'
[    0.219067] thermal_sys: Registered thermal governor 'step_wise'
[    0.219077] thermal_sys: Registered thermal governor 'user_space'
[    0.219234] audit: type=2000 audit(0.210:1): state=initialized audit_enabled=0 res=1
[    0.219273] cpuidle: using governor menu
[    0.238321] No ATAGs?
[    0.238347] hw-breakpoint: debug architecture 0x4 unsupported.
[    0.241242] kprobes: kprobe jump-optimization is enabled. All kprobes are optimized if possible.
[    0.254211] iommu: Default domain type: Translated
[    0.254235] iommu: DMA domain TLB invalidation policy: strict mode
[    0.261992] SCSI subsystem initialized
[    0.262844] pps_core: LinuxPPS API ver. 1 registered
[    0.262854] pps_core: Software ver. 5.3.6 - Copyright 2005-2007 Rodolfo Giometti <giometti@linux.it>
[    0.262878] PTP clock support registered
[    0.270965] vgaarb: loaded
[    0.271378] clocksource: Switched to clocksource dmtimer
[    0.272082] VFS: Disk quotas dquot_6.6.0
[    0.272127] VFS: Dquot-cache hash table entries: 1024 (order 0, 4096 bytes)
[    0.297262] NET: Registered PF_INET protocol family
[    0.297615] IP idents hash table entries: 8192 (order: 4, 65536 bytes, linear)
[    0.299027] tcp_listen_portaddr_hash hash table entries: 512 (order: 0, 4096 bytes, linear)
[    0.299065] Table-perturb hash table entries: 65536 (order: 6, 262144 bytes, linear)
[    0.299088] TCP established hash table entries: 4096 (order: 2, 16384 bytes, linear)
[    0.299131] TCP bind hash table entries: 4096 (order: 4, 65536 bytes, linear)
[    0.299230] TCP: Hash tables configured (established 4096 bind 4096)
[    0.299352] UDP hash table entries: 256 (order: 1, 8192 bytes, linear)
[    0.299379] UDP-Lite hash table entries: 256 (order: 1, 8192 bytes, linear)
[    0.299554] NET: Registered PF_UNIX/PF_LOCAL protocol family
[    0.312627] RPC: Registered named UNIX socket transport module.
[    0.312651] RPC: Registered udp transport module.
[    0.312656] RPC: Registered tcp transport module.
[    0.312661] RPC: Registered tcp-with-tls transport module.
[    0.312667] RPC: Registered tcp NFSv4.1 backchannel transport module.
[    0.312693] PCI: CLS 0 bytes, default 64
[    0.314203] Initialise system trusted keyrings
[    0.315007] workingset: timestamp_bits=14 max_order=17 bucket_order=3
[    0.316674] NFS: Registering the id_resolver key type
[    0.316766] Key type id_resolver registered
[    0.316776] Key type id_legacy registered
[    0.316827] jffs2: version 2.2. (NAND) (SUMMARY)  Â© 2001-2006 Red Hat, Inc.
[    0.317252] Key type asymmetric registered
[    0.317267] Asymmetric key parser 'x509' registered
[    0.317337] io scheduler mq-deadline registered
[    0.317349] io scheduler kyber registered
[    0.317421] io scheduler bfq registered
[    0.319060] ledtrig-cpu: registered to indicate activity on CPUs
[    0.331925] Serial: 8250/16550 driver, 6 ports, IRQ sharing enabled
[    0.386741] brd: module loaded
[    0.395643] loop: module loaded
[    0.396586] mtdoops: mtd device (mtddev=name/number) must be supplied
[    0.399760] i2c_dev: i2c /dev entries driver
[    0.400747] cpuidle: enable-method property 'ti,am3352' found operations
[    0.401202] sdhci: Secure Digital Host Controller Interface driver
[    0.401212] sdhci: Copyright(c) Pierre Ossman
[    0.401576] sdhci-pltfm: SDHCI platform and OF driver helper
[    0.402628] Initializing XFRM netlink socket
[    0.402785] NET: Registered PF_INET6 protocol family
[    0.412773] Segment Routing with IPv6
[    0.412866] In-situ OAM (IOAM) with IPv6
[    0.412963] sit: IPv6, IPv4 and MPLS over IPv4 tunneling driver
[    0.413936] NET: Registered PF_PACKET protocol family
[    0.413974] NET: Registered PF_KEY protocol family
[    0.414102] Key type dns_resolver registered
[    0.414381] ThumbEE CPU extension supported.
[    0.414400] Registering SWP/SWPB emulation handler
[    0.414932] omap_voltage_late_init: Voltage driver support not added
[    0.415289] SmartReflex Class3 initialized
[    0.442773] Loading compiled-in X.509 certificates
[    0.524329] platform 44e10800.pinmux: Fixed dependency cycle(s) with /ocp/interconnect@44c00000/segment@200000/target-module@10000/scm@0/pinmux@800/clkout2-pins
[    0.524883] pinctrl-single 44e10800.pinmux: 142 pins, size 568
[    0.529897] ti-sysc 44e31000.target-module: probe with driver ti-sysc failed with error -16
[    0.558707] ti-sysc 48040000.target-module: probe with driver ti-sysc failed with error -16
[    0.608204] OMAP GPIO hardware version 0.1
[    0.622541] omap_i2c 4819c000.i2c: bus 2 rev0.11 at 100 kHz
[    0.651529] 48000000.interconnect:segment@200000:target-module@0:mpu@0:fck: device ID is greater than 24
[    0.655795] platform 4830e000.lcdc: Fixed dependency cycle(s) with /ocp/interconnect@44c00000/segment@200000/target-module@b000/i2c@0/tda19988@70
[    0.667162] sdhci-omap 481d8000.mmc: supply pbias not found, using dummy regulator
[    0.667679] sdhci-omap 481d8000.mmc: supply vqmmc not found, using dummy regulator
[    0.721738] davinci_mdio 4a101000.mdio: davinci mdio revision 1.6, bus freq 1000000
[    0.869210] davinci_mdio 4a101000.mdio: phy[0]: device 4a101000.mdio:00, driver SMSC LAN8710/LAN8720
[    0.869999] cpsw-switch 4a100000.switch: initialized cpsw ale version 1.4
[    0.870021] cpsw-switch 4a100000.switch: ALE Table size 1024, Policers 0
[    0.878839] cpsw-switch 4a100000.switch: cpts: overflow check period 500 (jiffies)
[    0.878865] cpsw-switch 4a100000.switch: CPTS: ref_clk_freq:250000000 calc_mult:2147483648 calc_shift:29 error:0 nsec/sec
[    0.878975] cpsw-switch 4a100000.switch: Detected MACID = 6c:ec:eb:68:de:78
[    0.880834] cpsw-switch 4a100000.switch: initialized (regs 0x4a100000, pool size 256) hw_ver:0019010C 1.12 (0)
[    0.892157] debugfs: Directory '49000000.dma' with parent 'dmaengine' already present!
[    0.892198] edma 49000000.dma: TI EDMA DMA engine driver
[    0.931998] target-module@4b000000:target-module@140000:pmu@0:fck: device ID is greater than 24
[    0.946675] hw perfevents: enabled with armv7_cortex_a8 PMU driver, 5 (8000000f) counters available
[    0.956153] l3-aon-clkctrl:0000:0: failed to disable
[    0.957474] 44e09000.serial: ttyS0 at MMIO 0x44e09000 (irq = 34, base_baud = 3000000) is a 8250
[    0.957561] printk: legacy console [ttyS0] enabled
[    2.312383] tps65217-pmic: Failed to locate of_node [id: -1]
[    2.318448] tps65217-bl: Failed to locate of_node [id: -1]
[    2.329858] tps65217 0-0024: TPS65217 ID 0xe version 1.2
[    2.336008] platform 4830e000.lcdc: Fixed dependency cycle(s) with /ocp/interconnect@44c00000/segment@200000/target-module@b000/i2c@0/tda19988@70
[    2.349444] i2c 0-0070: Fixed dependency cycle(s) with /ocp/interconnect@48000000/segment@300000/target-module@e000/lcdc@0
[    2.360857] omap_i2c 44e0b000.i2c: bus 0 rev0.11 at 400 kHz
[    2.368693] omap_gpio 44e07000.gpio: Could not set line 6 debounce to 200000 microseconds (-22)
[    2.377578] sdhci-omap 48060000.mmc: Got CD GPIO
[    2.382648] sdhci-omap 48060000.mmc: supply pbias not found, using dummy regulator
[    2.393004] sdhci-omap 48060000.mmc: supply vqmmc not found, using dummy regulator
[    2.402081] sdhci-omap 481d8000.mmc: supply pbias not found, using dummy regulator
[    2.410057] sdhci-omap 481d8000.mmc: supply vqmmc not found, using dummy regulator
[    2.445322] mmc0: SDHCI controller on 48060000.mmc [48060000.mmc] using External DMA
[    2.453646] mmc1: SDHCI controller on 481d8000.mmc [481d8000.mmc] using External DMA
[    2.462409] cpsw-switch 4a100000.switch: starting ndev. mode: dual_mac
[    2.512316] mmc0: new high speed SDHC card at address 5048
[    2.519400] mmcblk0: mmc0:5048 SD16G 14.4 GiB
[    2.527576]  mmcblk0: p1 p2
[    2.530988] mmcblk0: p2 size 31221760 extends beyond EOD, truncated
[    2.542659] SMSC LAN8710/LAN8720 4a101000.mdio:00: attached PHY driver (mii_bus:phy_addr=4a101000.mdio:00, irq=POLL)
[    2.560105] mmc1: new high speed MMC card at address 0001
[    2.567146] mmcblk1: mmc1:0001 MMC04G 3.60 GiB
[    2.574715]  mmcblk1: p1 p2
[    2.579000] mmcblk1boot0: mmc1:0001 MMC04G 2.00 MiB
[    2.586377] mmcblk1boot1: mmc1:0001 MMC04G 2.00 MiB
[    2.593958] mmcblk1rpmb: mmc1:0001 MMC04G 128 KiB, chardev (250:0)
[    5.682175] cpsw-switch 4a100000.switch eth0: Link is Up - 100Mbps/Full - flow control off
[    5.711421] IP-Config: Complete:
[    5.714696]      device=eth0, hwaddr=6c:ec:eb:68:de:78, ipaddr=192.168.255.1, mask=255.255.255.0, gw=255.255.255.255
[    5.725333]      host=bbb1, domain=, nis-domain=(none)
[    5.730500]      bootserver=192.168.255.126, rootserver=192.168.255.126, rootpath=
[    5.730925] clk: Disabling unused clocks
[    5.742804] PM: genpd: Disabling unused power domains
[    5.747923] KTAP version 1
[    5.750644] 1..0
[    5.775658] VFS: Mounted root (nfs filesystem) on device 0:17.
[    5.782737] devtmpfs: mounted
[    5.787425] Freeing unused kernel image (initmem) memory: 1024K
[    5.794294] Run /sbin/init as init process
[    6.494590] systemd[1]: System time before build time, advancing clock.
[    7.981408] random: crng init done
[    8.023092] systemd[1]: systemd 232 running in system mode. (+PAM +AUDIT +SELINUX +IMA +APPARMOR +SMACK +SYSVINIT +UTMP +LIBCRYPTSETUP +GCRYPT +GNUTLS +ACL +XZ +LZ4 +SECCOMP +BLKID +ELFUTILS +KMOD +IDN)
[    8.042256] systemd[1]: Detected architecture arm.

Welcome to [1mDebian GNU/Linux 9 (stretch)[0m!

[    8.074515] systemd[1]: Set hostname to <arm>.
[    9.170754] systemd[1]: Listening on udev Kernel Socket.
[[0;32m  OK  [0m] Listening on udev Kernel Socket.
[    9.193294] systemd[1]: Listening on Syslog Socket.
[[0;32m  OK  [0m] Listening on Syslog Socket.
[    9.222427] systemd[1]: Listening on Journal Audit Socket.
[[0;32m  OK  [0m] Listening on Journal Audit Socket.
[    9.253125] systemd[1]: Created slice System Slice.
[[0;32m  OK  [0m] Created slice System Slice.
[    9.282869] systemd[1]: Created slice system-getty.slice.
[[0;32m  OK  [0m] Created slice system-getty.slice.
[    9.311812] systemd[1]: Reached target Swap.
[[0;32m  OK  [0m] Reached target Swap.
[    9.332147] systemd[1]: Listening on Journal Socket (/dev/log).
[[0;32m  OK  [0m] Listening on Journal Socket (/dev/log).
         Mounting POSIX Message Queue File System...
[[0;32m  OK  [0m] Listening on /dev/initctl Compatibility Named Pipe.
[[0;32m  OK  [0m] Listening on udev Control Socket.
[[0;32m  OK  [0m] Started Forward Password Requests to Wall Directory Watch.
[[0;32m  OK  [0m] Started Dispatch Password Requests to Console Directory Watch.
[[0;32m  OK  [0m] Reached target Paths.
[[0;32m  OK  [0m] Reached target Encrypted Volumes.
[[0;32m  OK  [0m] Created slice system-serial\x2dgetty.slice.
         Mounting Debug File System...
[[0;32m  OK  [0m] Reached target Remote File Systems.
[[0;32m  OK  [0m] Created slice User and Session Slice.
[[0;32m  OK  [0m] Reached target Slices.
[[0;32m  OK  [0m] Set up automount Arbitrary Executabâ€¦rmats File System Automount Point.
[[0;32m  OK  [0m] Listening on Journal Socket.
         Starting Journal Service...
         Starting Create list of required stâ€¦ce nodes for the current kernel...
         Starting Remount Root and Kernel File Systems...
         Starting Load Kernel Modules...
[[0;32m  OK  [0m] Mounted POSIX Message Queue File System.
[[0;32m  OK  [0m] Mounted Debug File System.
[[0;32m  OK  [0m] Started Create list of required staâ€¦vice nodes for the current kernel.
         Starting Create Static Device Nodes in /dev...
[[0;32m  OK  [0m] Started Remount Root and Kernel File Systems.
         Starting udev Coldplug all Devices...
         Starting Load/Save Random Seed...
[[0;32m  OK  [0m] Started Load Kernel Modules.
         Mounting Configuration File System...
         Starting Apply Kernel Variables...
[[0;32m  OK  [0m] Mounted Configuration File System.
[[0;32m  OK  [0m] Started Load/Save Random Seed.
[[0;32m  OK  [0m] Started Apply Kernel Variables.
[[0;32m  OK  [0m] Started Create Static Device Nodes in /dev.
         Starting udev Kernel Device Manager...
[[0;32m  OK  [0m] Reached target Local File Systems (Pre).
[[0;32m  OK  [0m] Reached target Local File Systems.
         Starting Raise network interfaces...
[[0;32m  OK  [0m] Started Journal Service.
         Starting Flush Journal to Persistent Storage...
[   11.592167] systemd-journald[87]: Received request to flush runtime journal from PID 1
[[0;32m  OK  [0m] Started Flush Journal to Persistent Storage.
         Starting Create Volatile Files and Directories...
[[0;32m  OK  [0m] Started udev Kernel Device Manager.
[[0;32m  OK  [0m] Started Create Volatile Files and Directories.
         Starting Update UTMP about System Boot/Shutdown...
         Starting Network Time Synchronization...
[[0;32m  OK  [0m] Started Update UTMP about System Boot/Shutdown.
[[0;32m  OK  [0m] Started udev Coldplug all Devices.
[[0;32m  OK  [0m] Started Network Time Synchronization.
[[0;32m  OK  [0m] Reached target System Initialization.
[[0;32m  OK  [0m] Listening on Avahi mDNS/DNS-SD Stack Activation Socket.
[[0;32m  OK  [0m] Started Daily Cleanup of Temporary Directories.
[   14.752882] remoteproc remoteproc0: wkup_m3 is available
[[0;32m  OK  [0m] Listening on D-Bus System Message Bus Socket.
[[0;32m  OK  [0m] Reached target Sockets.
[[0;32m  OK  [0m] Reached target Basic System.
[   14.932493] omap_rtc 44e3e000.rtc: registered as rtc0
[   14.937672] omap_rtc 44e3e000.rtc: setting system clock to 2000-01-01T00:00:00 UTC (946684800)
         Starting Cape Manager Service...
[   15.098343] at24 2-0054: supply vcc not found, using dummy regulator
         Starting Login Service...
[   15.245689] at24 2-0055: supply vcc not found, using dummy regulator
         Starting Telephony service...
[   15.356813] at24 2-0056: supply vcc not found, using dummy regulator
         Starting LSB: Load kernel modules needed to enable cpufreq scaling...
[   15.484195] at24 2-0057: supply vcc not found, using dummy regulator
[   15.584860] at24 0-0050: 32768 byte 24c256 EEPROM, writable, 1 bytes/write
[[0;32m  OK  [0m] Started Regular background program processin[   15.696004] tps6521x_pwrbutton tps65217-pwrbutton: DMA mask not set
g daemon.
[   15.770347] wkup_m3_ipc 44e11324.wkup_m3_ipc: IPC Request for A8->M3 Channel failed! -517
         Starting System Logging Service...
[   15.826695] input: tps65217_pwrbutton as /devices/platform/ocp/44c00000.interconnect/44c00000.interconnect:segment@200000/44e0b000.target-module/44e0b000.i2c/i2c-0/0-0024/tps65217-pwrbutton/input/input0
[   15.850528] wkup_m3_ipc 44e11324.wkup_m3_ipc: IPC Request for A8->M3 Channel failed! -517
         Starting DUN service...
[   16.034464] wkup_m3_ipc 44e11324.wkup_m3_ipc: IPC Request for A8->M3 Channel failed! -517
         Starting Avahi mDNS/DNS-SD Stack...
[   16.279031] omap_wdt: OMAP Watchdog Timer Rev 0x01: initial timeout 60 sec
[   16.287760] wkup_m3_ipc 44e11324.wkup_m3_ipc: IPC Request for A8->M3 Channel failed! -517
         Starting Generic Board Startup...
[[0;32m  OK  [0m] Started D-Bus System Message Bus.
[   16.577714] am335x-phy-driver 47401300.usb-phy: dummy supplies not allowed for exclusive requests (id=vbus)
[   16.778041] am335x-phy-driver 47401b00.usb-phy: dummy supplies not allowed for exclusive requests (id=vbus)
[   16.796311] wkup_m3_ipc 44e11324.wkup_m3_ipc: IPC Request for A8->M3 Channel failed! -517
[   16.933106] wkup_m3_ipc 44e11324.wkup_m3_ipc: IPC Request for A8->M3 Channel failed! -517
[   16.992293] usbcore: registered new interface driver usbfs
[   16.998186] usbcore: registered new interface driver hub
[   17.003763] usbcore: registered new device driver usb
[   17.337845] tda998x 0-0070: found TDA19988
[   17.408842] wkup_m3_ipc 44e11324.wkup_m3_ipc: IPC Request for A8->M3 Channel failed! -517
[   17.826695] wkup_m3_ipc 44e11324.wkup_m3_ipc: IPC Request for A8->M3 Channel failed! -517
[   17.955331] omap-mailbox 480c8000.mailbox: omap mailbox rev 0x400
[   17.984607] musb-hdrc musb-hdrc.1: MUSB HDRC host driver
[   17.990029] musb-hdrc musb-hdrc.1: new USB bus registered, assigned bus number 1
[   18.097948] remoteproc remoteproc0: powering up wkup_m3
[   18.254380] remoteproc remoteproc0: Direct firmware load for am335x-pm-firmware.elf failed with error -2
[   18.264289] remoteproc remoteproc0: request_firmware failed: -2
[   18.270259] wkup_m3_ipc 44e11324.wkup_m3_ipc: rproc_boot failed
[   18.283441] usb usb1: New USB device found, idVendor=1d6b, idProduct=0002, bcdDevice= 6.12
[   18.291973] usb usb1: New USB device strings: Mfr=3, Product=2, SerialNumber=1
[   18.299244] usb usb1: Product: MUSB HDRC host driver
[   18.304285] usb usb1: Manufacturer: Linux 6.12.0-rc6-next-20241105 musb-hcd
[   18.311285] usb usb1: SerialNumber: musb-hdrc.1
[   18.660890] hub 1-0:1.0: USB hub found
[   18.731273] hub 1-0:1.0: 1 port detected
[   20.520060] omap_rng 48310000.rng: Random Number Generator ver. 20
[   20.541889] tilcdc 4830e000.lcdc: bound 0-0070 (ops tda998x_driver_exit [tda998x])
[   20.654552] [drm] Initialized tilcdc 1.0.0 for 4830e000.lcdc on minor 0
