Labgrid Console Logfile for main
Logfile started at 2025-02-06 07:58:24.679732
=== Log starts here ===

U-Boot SPL 2014.04-00014-g47880f5 (Apr 22 2014 - 13:23:54)
reading args
spl_load_image_fat_os: error reading image args, err - -1
reading u-boot.img
reading u-boot.img


U-Boot 2014.04-00014-g47880f5 (Apr 22 2014 - 13:23:54)

I2C:   ready
DRAM:  512 MiB
NAND:  0 MiB
MMC:   OMAP SD/MMC: 0, OMAP SD/MMC: 1
*** Warning - readenv() failed, using default environment

Net:   <ethaddr> not set. Validating first E-fuse MAC
cpsw, usb_ether
Hit any key to stop autoboot:  1  0 
gpio: pin 53 (gpio 53) value is 1
mmc0 is current device
gpio: pin 54 (gpio 54) value is 1
SD/MMC found on device 0
reading uEnv.txt
569 bytes read in 3 ms (184.6 KiB/s)
gpio: pin 55 (gpio 55) value is 1
Loaded environment from uEnv.txt
Importing environment from mmc ...
Checking if uenvcmd is set ...
gpio: pin 56 (gpio 56) value is 1
Running uenvcmd ...
cpsw Waiting for PHY auto negotiation to complete. done
link up on port 0, speed 100, full duplex
Using cpsw device
TFTP from server 192.168.255.126; our IP address is 192.168.255.1
Filename 'zImage'.
Load address: 0x81000000
Loading: *#################################################################
	 #################################################################
	 #################################################################
	 #################################################################
	 #################################################################
	 #####################################################
	 2.4 MiB/s
done
Bytes transferred = 5541424 (548e30 hex)
link up on port 0, speed 100, full duplex
Using cpsw device
TFTP from server 192.168.255.126; our IP address is 192.168.255.1
Filename 'am335x-boneblack.dtb'.
Load address: 0x82000000
Loading: *#######
	 1.2 MiB/s
done
Bytes transferred = 98244 (17fc4 hex)
Kernel image @ 0x81000000 [ 0x000000 - 0x548e30 ]
## Flattened Device Tree blob at 82000000
   Booting using the fdt blob at 0x82000000
   Using Device Tree in place at 82000000, end 8201afc3

Starting kernel ...

[    0.000000] Booting Linux on physical CPU 0x0
[    0.000000] Linux version 6.14.0-rc1-next-20250206 (user01@drvtest01) (arm-none-eabi-gcc (Arm GNU Toolchain 14.2.Rel1 (Build arm-14.52)) 14.2.1 20241119, GNU ld (Arm GNU Toolchain 14.2.Rel1 (Build arm-14.52)) 2.43.1.20241119) #1 SMP Thu Feb  6 07:57:04 EET 2025
[    0.000000] CPU: ARMv7 Processor [413fc082] revision 2 (ARMv7), cr=10c5387d
[    0.000000] CPU: PIPT / VIPT nonaliasing data cache, VIPT aliasing instruction cache
[    0.000000] OF: fdt: Machine model: TI AM335x BeagleBone Black
[    0.000000] Memory policy: Data cache writeback
[    0.000000] cma: Reserved 16 MiB at 0x9e800000 on node -1
[    0.000000] Zone ranges:
[    0.000000]   Normal   [mem 0x0000000080000000-0x000000009fdfffff]
[    0.000000]   HighMem  empty
[    0.000000] Movable zone start for each node
[    0.000000] Early memory node ranges
[    0.000000]   node   0: [mem 0x0000000080000000-0x000000009fdfffff]
[    0.000000] Initmem setup node 0 [mem 0x0000000080000000-0x000000009fdfffff]
[    0.000000] OF: reserved mem: Reserved memory: No reserved-memory node in the DT
[    0.000000] CPU: All CPU(s) started in SVC mode.
[    0.000000] AM335X ES2.1 (sgx neon)
[    0.000000] percpu: Embedded 17 pages/cpu s39628 r8192 d21812 u69632
[    0.000000] Kernel command line: console=ttyO0,115200n8 root=/dev/nfs rw nfsroot=192.168.255.126:/home/user01/nfs,nfsvers=3 ip=192.168.255.1:192.168.255.126::255.255.255.0:bbb1:eth0 nfsrootdebug
[    0.000000] Unknown kernel command line parameters "nfsrootdebug", will be passed to user space.
[    0.000000] printk: log buffer data + meta data: 65536 + 204800 = 270336 bytes
[    0.000000] Dentry cache hash table entries: 65536 (order: 6, 262144 bytes, linear)
[    0.000000] Inode-cache hash table entries: 32768 (order: 5, 131072 bytes, linear)
[    0.000000] Built 1 zonelists, mobility grouping on.  Total pages: 130560
[    0.000000] mem auto-init: stack:off, heap alloc:off, heap free:off
[    0.000000] SLUB: HWalign=16, Order=0-3, MinObjects=0, CPUs=1, Nodes=1
[    0.000000] rcu: Hierarchical RCU implementation.
[    0.000000] rcu: 	RCU event tracing is enabled.
[    0.000000] rcu: 	RCU restricting CPUs from NR_CPUS=2 to nr_cpu_ids=1.
[    0.000000] 	Tracing variant of Tasks RCU enabled.
[    0.000000] rcu: RCU calculated value of scheduler-enlistment delay is 10 jiffies.
[    0.000000] rcu: Adjusting geometry for rcu_fanout_leaf=16, nr_cpu_ids=1
[    0.000000] RCU Tasks Trace: Setting shift to 0 and lim to 1 rcu_task_cb_adjust=1 rcu_task_cpu_ids=1.
[    0.000000] NR_IRQS: 16, nr_irqs: 16, preallocated irqs: 16
[    0.000000] IRQ: Found an INTC at 0x(ptrval) (revision 5.0) with 128 interrupts
[    0.000000] rcu: srcu_init: Setting srcu_struct sizes based on contention.
[    0.000000] TI gptimer clocksource: always-on /ocp/interconnect@44c00000/segment@200000/target-module@31000
[    0.000003] sched_clock: 32 bits at 24MHz, resolution 41ns, wraps every 89478484971ns
[    0.000027] clocksource: dmtimer: mask: 0xffffffff max_cycles: 0xffffffff, max_idle_ns: 79635851949 ns
[    0.000497] TI gptimer clockevent: 24000000 Hz at /ocp/interconnect@48000000/segment@0/target-module@40000
[    0.002129] Console: colour dummy device 80x30
[    0.002196] WARNING: Your 'console=ttyO0' has been replaced by 'ttyS0'
[    0.002204] This ensures that you still see kernel messages. Please
[    0.002209] update your kernel commandline.
[    0.002249] Calibrating delay loop... 996.14 BogoMIPS (lpj=4980736)
[    0.090545] CPU: Testing write buffer coherency: ok
[    0.090656] CPU0: Spectre v2: using BPIALL workaround
[    0.090667] pid_max: default: 32768 minimum: 301
[    0.090805] LSM: initializing lsm=capability
[    0.090977] Mount-cache hash table entries: 1024 (order: 0, 4096 bytes, linear)
[    0.090998] Mountpoint-cache hash table entries: 1024 (order: 0, 4096 bytes, linear)
[    0.092577] CPU0: thread -1, cpu 0, socket -1, mpidr 0
[    0.092637] cacheinfo: Unable to detect cache hierarchy for CPU 0
[    0.160916] Setting up static identity map for 0x80100000 - 0x80100078
[    0.170705] rcu: Hierarchical SRCU implementation.
[    0.170716] rcu: 	Max phase no-delay instances is 1000.
[    0.172436] smp: Bringing up secondary CPUs ...
[    0.172489] smp: Brought up 1 node, 1 CPU
[    0.172502] SMP: Total of 1 processors activated (996.14 BogoMIPS).
[    0.172513] CPU: All CPU(s) started in SVC mode.
[    0.172695] Memory: 480848K/522240K available (11264K kernel code, 1208K rwdata, 2896K rodata, 1024K init, 292K bss, 23380K reserved, 16384K cma-reserved, 0K highmem)
[    0.173524] devtmpfs: initialized
[    0.189653] VFP support v0.3: implementor 41 architecture 3 part 30 variant c rev 3
[    0.189989] clocksource: jiffies: mask: 0xffffffff max_cycles: 0xffffffff, max_idle_ns: 19112604462750000 ns
[    0.190023] futex hash table entries: 256 (order: 2, 16384 bytes, linear)
[    0.191579] pinctrl core: initialized pinctrl subsystem
[    0.194373] NET: Registered PF_NETLINK/PF_ROUTE protocol family
[    0.197135] DMA: preallocated 256 KiB pool for atomic coherent allocations
[    0.198024] audit: initializing netlink subsys (disabled)
[    0.199357] thermal_sys: Registered thermal governor 'fair_share'
[    0.199375] thermal_sys: Registered thermal governor 'step_wise'
[    0.199383] thermal_sys: Registered thermal governor 'user_space'
[    0.199498] audit: type=2000 audit(0.190:1): state=initialized audit_enabled=0 res=1
[    0.199566] cpuidle: using governor menu
[    0.217626] /ocp/interconnect@44c00000/segment@200000/target-module@b000/i2c@0/tda19988@70: Fixed dependency cycle(s) with /ocp/interconnect@48000000/segment@300000/target-module@e000/lcdc@0
[    0.218744] /ocp/interconnect@48000000/segment@300000/target-module@e000/lcdc@0: Fixed dependency cycle(s) with /ocp/interconnect@44c00000/segment@200000/target-module@b000/i2c@0/tda19988@70
[    0.221080] No ATAGs?
[    0.221125] hw-breakpoint: debug architecture 0x4 unsupported.
[    0.223869] kprobes: kprobe jump-optimization is enabled. All kprobes are optimized if possible.
[    0.233869] iommu: Default domain type: Translated
[    0.233890] iommu: DMA domain TLB invalidation policy: strict mode
[    0.241337] SCSI subsystem initialized
[    0.242185] pps_core: LinuxPPS API ver. 1 registered
[    0.242196] pps_core: Software ver. 5.3.6 - Copyright 2005-2007 Rodolfo Giometti <giometti@linux.it>
[    0.242221] PTP clock support registered
[    0.250931] vgaarb: loaded
[    0.251286] clocksource: Switched to clocksource dmtimer
[    0.251926] VFS: Disk quotas dquot_6.6.0
[    0.251976] VFS: Dquot-cache hash table entries: 1024 (order 0, 4096 bytes)
[    0.276466] NET: Registered PF_INET protocol family
[    0.276809] IP idents hash table entries: 8192 (order: 4, 65536 bytes, linear)
[    0.278237] tcp_listen_portaddr_hash hash table entries: 512 (order: 0, 4096 bytes, linear)
[    0.278272] Table-perturb hash table entries: 65536 (order: 6, 262144 bytes, linear)
[    0.278290] TCP established hash table entries: 4096 (order: 2, 16384 bytes, linear)
[    0.278333] TCP bind hash table entries: 4096 (order: 4, 65536 bytes, linear)
[    0.278432] TCP: Hash tables configured (established 4096 bind 4096)
[    0.278551] UDP hash table entries: 256 (order: 1, 14336 bytes, linear)
[    0.278586] UDP-Lite hash table entries: 256 (order: 1, 14336 bytes, linear)
[    0.278762] NET: Registered PF_UNIX/PF_LOCAL protocol family
[    0.281929] RPC: Registered named UNIX socket transport module.
[    0.281953] RPC: Registered udp transport module.
[    0.281958] RPC: Registered tcp transport module.
[    0.281963] RPC: Registered tcp-with-tls transport module.
[    0.281967] RPC: Registered tcp NFSv4.1 backchannel transport module.
[    0.281991] PCI: CLS 0 bytes, default 64
[    0.283373] Initialise system trusted keyrings
[    0.291963] workingset: timestamp_bits=14 max_order=17 bucket_order=3
[    0.293295] NFS: Registering the id_resolver key type
[    0.293360] Key type id_resolver registered
[    0.293368] Key type id_legacy registered
[    0.293414] jffs2: version 2.2. (NAND) (SUMMARY)  Â© 2001-2006 Red Hat, Inc.
[    0.293805] Key type asymmetric registered
[    0.293817] Asymmetric key parser 'x509' registered
[    0.293881] io scheduler mq-deadline registered
[    0.293891] io scheduler kyber registered
[    0.293961] io scheduler bfq registered
[    0.295500] ledtrig-cpu: registered to indicate activity on CPUs
[    0.301920] Serial: 8250/16550 driver, 6 ports, IRQ sharing enabled
[    0.338832] brd: module loaded
[    0.357249] loop: module loaded
[    0.358160] mtdoops: mtd device (mtddev=name/number) must be supplied
[    0.371958] i2c_dev: i2c /dev entries driver
[    0.372919] cpuidle: enable-method property 'ti,am3352' found operations
[    0.373355] sdhci: Secure Digital Host Controller Interface driver
[    0.373364] sdhci: Copyright(c) Pierre Ossman
[    0.373536] sdhci-pltfm: SDHCI platform and OF driver helper
[    0.374536] Initializing XFRM netlink socket
[    0.374698] NET: Registered PF_INET6 protocol family
[    0.376727] Segment Routing with IPv6
[    0.376811] In-situ OAM (IOAM) with IPv6
[    0.376915] sit: IPv6, IPv4 and MPLS over IPv4 tunneling driver
[    0.377860] NET: Registered PF_PACKET protocol family
[    0.377894] NET: Registered PF_KEY protocol family
[    0.378018] Key type dns_resolver registered
[    0.378239] ThumbEE CPU extension supported.
[    0.378259] Registering SWP/SWPB emulation handler
[    0.378796] omap_voltage_late_init: Voltage driver support not added
[    0.379162] SmartReflex Class3 initialized
[    0.411605] Loading compiled-in X.509 certificates
[    0.455714] /ocp/interconnect@44c00000/segment@200000/target-module@b000/i2c@0/tda19988@70: Fixed dependency cycle(s) with /ocp/interconnect@48000000/segment@300000/target-module@e000/lcdc@0
[    0.462123] /ocp/interconnect@44c00000/segment@200000/target-module@b000/i2c@0/tda19988@70: Fixed dependency cycle(s) with /ocp/interconnect@48000000/segment@300000/target-module@e000/lcdc@0
[    0.488925] /ocp/interconnect@44c00000/segment@200000/target-module@b000/i2c@0/tda19988@70: Fixed dependency cycle(s) with /ocp/interconnect@48000000/segment@300000/target-module@e000/lcdc@0
[    0.489803] /ocp/interconnect@44c00000/segment@200000/target-module@b000/i2c@0/tda19988@70: Fixed dependency cycle(s) with /ocp/interconnect@48000000/segment@300000/target-module@e000/lcdc@0
[    0.493579] /ocp/interconnect@44c00000/segment@200000/target-module@10000/scm@0/pinmux@800: Fixed dependency cycle(s) with /ocp/interconnect@44c00000/segment@200000/target-module@10000/scm@0/pinmux@800/clkout2-pins
[    0.494173] pinctrl-single 44e10800.pinmux: 142 pins, size 568
[    0.499305] ti-sysc 44e31000.target-module: probe with driver ti-sysc failed with error -16
[    0.528028] /ocp/interconnect@48000000/segment@300000/target-module@e000/lcdc@0: Fixed dependency cycle(s) with /ocp/interconnect@44c00000/segment@200000/target-module@b000/i2c@0/tda19988@70
[    0.536170] ti-sysc 48040000.target-module: probe with driver ti-sysc failed with error -16
[    0.583648] OMAP GPIO hardware version 0.1
[    0.606518] omap_i2c 4819c000.i2c: bus 2 rev0.11 at 100 kHz
[    0.637283] 48000000.interconnect:segment@200000:target-module@0:mpu@0:fck: device ID is greater than 24
[    0.638156] /ocp/interconnect@48000000/segment@300000/target-module@e000/lcdc@0: Fixed dependency cycle(s) with /ocp/interconnect@44c00000/segment@200000/target-module@b000/i2c@0/tda19988@70
[    0.640860] /ocp/interconnect@48000000/segment@300000/target-module@e000/lcdc@0: Fixed dependency cycle(s) with /ocp/interconnect@44c00000/segment@200000/target-module@b000/i2c@0/tda19988@70
[    0.641801] /ocp/interconnect@44c00000/segment@200000/target-module@b000/i2c@0/tda19988@70: Fixed dependency cycle(s) with /ocp/interconnect@48000000/segment@300000/target-module@e000/lcdc@0
[    0.641967] /ocp/interconnect@48000000/segment@300000/target-module@e000/lcdc@0: Fixed dependency cycle(s) with /ocp/interconnect@44c00000/segment@200000/target-module@b000/i2c@0/tda19988@70
[    0.653115] sdhci-omap 481d8000.mmc: supply pbias not found, using dummy regulator
[    0.653615] sdhci-omap 481d8000.mmc: supply vqmmc n ot found, using dummy regulator
[    0.714111] davinci_mdio 4 a101000.mdio: davinci mdio revision 1.6, bus freq 1000000
[    0.875705] davinci_mdio 4a101000.mdio: phy[0]: device 4a101000.mdio:00, driver SMSC LAN8710/LAN8720
[    0.876496] cpsw-switch 4a1000.switch: initialized (regs 0x4a100000, pool size 256) hw_ver:0019010C 1.12 (0)
[    0.889290] debugfs: Directory '49000000.dma' with parent 'dmaengine' already present!
[    0.889331] edma 49000000.dma: TI EDMA DMA engine driver
[    0.933383] target-module@4b000000:target-module@140000:pmu@0:fck: device ID is greater than 24
[    0.952770] hw perfevents: enabled with armv7_cortex_a8 PMU driver, 5 (8000000f) counters available
[    0.960449] l3-aon-clkctrl:0000:0: failed to disable
[    0.963708] 44e09000.serial: ttyS0 at MMIO 0x44e09000 (irq = 34, base_baud = 3000000) is a 8250
[    0.963798] printk: legacy console [ttyS0] enabled
[    2.432267] tps65217-pmic: Failed to locate of_node [id: -1]
[    2.438338] tps65217-bl: Failed to locate of_node [id: -1]
[    2.449722] tps65217 0-0024: TPS65217 ID 0xe version 1.2
[    2.455832] /ocp/interconnect@48000000/segment@300000/target-module@e000/lcdc@0: Fixed dependency cycle(s) with /ocp/interconnect@44c00000/segment@200000/target-module@b000/i2c@0/tda19988@70
[    2.473215] /ocp/interconnect@44c00000/segment@200000/target-module@b000/i2c@0/tda19988@70: Fixed dependency cycle(s) with /ocp/interconnect@48000000/segment@300000/target-module@e000/lcdc@0
[    2.490575] omap_i2c 44e0b000.i2c: bus 0 rev0.11 at 400 kHz
[    2.498560] omap_gpio 44e07000.gpio: Could not set line 6 debounce to 200000 microseconds (-22)
[    2.507442] sdhci-omap 48060000.mmc: Got CD GPIO
[    2.512481] sdhci-omap 48060000.mmc: supply pbias not found, using dummy regulator
[    2.522766] sdhci-omap 48060000.mmc: supply vqmmc not found, using dummy regulator
[    2.531765] sdhci-omap 481d8000.mmc: supply pbias not found, using dummy regulator
[    2.539753] sdhci-omap 481d8000.mmc: supply vqmmc not found, using dummy regulator
[    2.576198] mmc0: SDHCI controller on 48060000.mmc [48060000.mmc] using External DMA
[    2.586656] mmc1: SDHCI controller on 481d8000.mmc [481d8000.mmc] using External DMA
[    2.595427] cpsw-switch 4a100000.switch: starting ndev. mode: dual_mac
[    2.640498] mmc0: new high speed SDHC card at address 5048
[    2.647555] mmcblk0: mmc0:5048 SD16G 14.4 GiB
[    2.655590]  mmcblk0: p1 p2
[    2.658956] mmcblk0: p2 size 31221760 extends beyond EOD, truncated
[    2.672554] SMSC LAN8710/LAN8720 4a101000.mdio:00: attached PHY driver (mii_bus:phy_addr=4a101000.mdio:00, irq=POLL)
[    2.684637] mmc1: new high speed MMC card at address 0001
[    2.691540] mmcblk1: mmc1:0001 MMC04G 3.60 GiB
[    2.703473]  mmcblk1: p1 p2
[    2.707702] mmcblk1boot0: mmc1:0001 MMC04G 2.00 MiB
[    2.715054] mmcblk1boot1: mmc1:0001 MMC04G 2.00 MiB
[    2.722471] mmcblk1rpmb: mmc1:0001 MMC04G 128 KiB, chardev (250:0)
[    5.842055] cpsw-switch 4a100000.switch eth0: Link is Up - 100Mbps/Full - flow control off
[    5.871303] IP-Config: Complete:
[    5.874575]      device=eth0, hwaddr=6c:ec:eb:68:de:78, ipaddr=192.168.255.1, mask=255.255.255.0, gw=255.255.255.255
[    5.885219]      host=bbb1, domain=, nis-domain=(none)
[    5.890388]      bootserver=192.168.255.126, rootserver=192.168.255.126, rootpath=
[    5.890786] clk: Disabling unused clocks
[    5.902663] PM: genpd: Disabling unused power domains
[    5.907783] KTAP version 1
[    5.910503] 1..0
[    5.935711] VFS: Mounted root (nfs filesystem) on device 0:17.
[    5.942770] devtmpfs: mounted
[    5.947245] Freeing unused kernel image (initmem) memory: 1024K
[    5.954043] Run /sbin/init as init process
[    6.648389] systemd[1]: System time before build time, advancing clock.
[    8.091320] random: crng init done
[    8.131706] systemd[1]: systemd 232 running in system mode. (+PAM +AUDIT +SELINUX +IMA +APPARMOR +SMACK +SYSVINIT +UTMP +LIBCRYPTSETUP +GCRYPT +GNUTLS +ACL +XZ +LZ4 +SECCOMP +BLKID +ELFUTILS +KMOD +IDN)
[    8.150611] systemd[1]: Detected architecture arm.

Welcome to [1mDebian GNU/Linux 9 (stretch)[0m!

[    8.184440] systemd[1]: Set hostname to <arm>.
[    9.287132] systemd[1]: Reached target Swap.
[[0;32m  OK  [0m] Reached target Swap.
[    9.313030] systemd[1]: Set up automount Arbitrary Executable File Formats File System Automount Point.
[[0;32m  OK  [0m] Set up automount Arbitrary Executabâ€¦rmats File System Automount Point.
[    9.343320] systemd[1]: Listening on Syslog Socket.
[[0;32m  OK  [0m] Listening on Syslog Socket.
[    9.372952] systemd[1]: Created slice System Slice.
[[0;32m  OK  [0m] Created slice System Slice.
[    9.431893] systemd[1]: Mounting POSIX Message Queue File System...
         Mounting POSIX Message Queue File System...
[    9.444844] systemd[1]: Started Dispatch Password Requests to Console Directory Watch.
[[0;32m  OK  [0m] Started Dispatch Password Requests to Console Directory Watch.
[    9.482127] systemd[1]: Reached target Remote File Systems.
[[0;32m  OK  [0m] Reached target Remote File Systems.
[[0;32m  OK  [0m] Created slice system-getty.slice.
[[0;32m  OK  [0m] Started Forward Password Requests to Wall Directory Watch.
[[0;32m  OK  [0m] Reached target Encrypted Volumes.
[[0;32m  OK  [0m] Listening on /dev/initctl Compatibility Named Pipe.
[[0;32m  OK  [0m] Reached target Paths.
[[0;32m  OK  [0m] Listening on udev Control Socket.
         Mounting Debug File System...
[[0;32m  OK  [0m] Listening on Journal Socket.
         Starting Create list of required stâ€¦ce nodes for the current kernel...
         Starting Remount Root and Kernel File Systems...
[[0;32m  OK  [0m] Created slice User and Session Slice.
[[0;32m  OK  [0m] Reached target Slices.
[[0;32m  OK  [0m] Listening on udev Kernel Socket.
[[0;32m  OK  [0m] Created slice system-serial\x2dgetty.slice.
[[0;32m  OK  [0m] Listening on Journal Audit Socket.
[[0;32m  OK  [0m] Listening on Journal Socket (/dev/log).
         Starting Journal Service...
         Starting Load Kernel Modules...
[[0;32m  OK  [0m] Mounted POSIX Message Queue File System.
[[0;32m  OK  [0m] Mounted Debug File System.
[[0;32m  OK  [0m] Started Create list of required staâ€¦vice nodes for the current kernel.
[[0;32m  OK  [0m] Started Remount Root and Kernel File Systems.
         Starting udev Coldplug all Devices...
         Starting Load/Save Random Seed...
         Starting Create Static Device Nodes in /dev...
[[0;32m  OK  [0m] Started Load Kernel Modules.
         Starting Apply Kernel Variables...
         Mounting Configuration File System...
[[0;32m  OK  [0m] Started Load/Save Random Seed.
[[0;32m  OK  [0m] Mounted Configuration File System.
[[0;32m  OK  [0m] Started Apply Kernel Variables.
[[0;32m  OK  [0m] Started Create Static Device Nodes in /dev.
[[0;32m  OK  [0m] Started Journal Service.
         Starting Flush Journal to Persistent Storage...
[[0;32m  OK  [0m] Reached target Local File Systems (Pre).
[[0;32m  OK  [0m] Reached target Local File Systems.
         Starting Raise network interfaces...
         Starting udev Kernel Device Manager...
[   11.357192] systemd-journald[86]: Received request to flush runtime journal from PID 1
[[0;32m  OK  [0m] Started Flush Journal to Persistent Storage.
         Starting Create Volatile Files and Directories...
[[0;32m  OK  [0m] Started udev Kernel Device Manager.
[[0;32m  OK  [0m] Started Create Volatile Files and Directories.
         Starting Network Time Synchronization...
         Starting Update UTMP about System Boot/Shutdown...
[[0;32m  OK  [0m] Started udev Coldplug all Devices.
[[0;32m  OK  [0m] Started Update UTMP about System Boot/Shutdown.
[   14.435588] remoteproc remoteproc0: wkup_m3 is available
[   14.724370] at24 2-0054: supply vcc not found, using dummy regulator
[   14.781559] omap_wdt: OMAP Watchdog Timer Rev 0x01: initial timeout 60 sec
[   14.862335] at24 2-0055: supply vcc not found, using dummy regulator
[[0;32m  OK  [0m] Found device /dev/ttyS0.
[   14.966539] at24 2-0056: supply vcc not found, using dummy regulator
[[0;32m  OK  [0m] Started Network Time Synchronization.
[[0;32m  OK  [0m] Reached target System Time Synchronized.
[[0;32m  OK  [0m] Reached target System Initialization.[   15.029424] at24 2-0057: supply vcc not found, using dummy regulator

[   15.066914] tps6521x_pwrbutton tps65217-pwrbutton: DMA mask not set
[[0;32m  OK  [0m] Listening on D-Bus System Message Bus Socket.
[   15.137175] wkup_m3_ipc 44e11324.wkup_m3_ipc: IPC Request for A8->M3 Channel failed! -517
[   15.176587] omap_rtc 44e3e000.rtc: registered as rtc0
[   15.182386] omap_rtc 44e3e000.rtc: setting system clock to 2000-01-01T00:00:00 UTC (946684800)
[   15.193378] wkup_m3_ipc 44e11324.wkup_m3_ipc: IPC Request for A8->M3 Channel failed! -517
[   15.210244] input: tps65217_pwrbutton as /devices/platform/ocp/44c00000.interconnect/44c00000.interconnect:segment@200000/44e0b000.target-module/44e0b000.i2c/i2c-0/0-0024/tps65217-pwrbutton/input/input0
[   15.231158] at24 0-0050: 32768 byte 24c256 EEPROM, writable, 1 bytes/write
[   15.288022] wkup_m3_ipc 44e11324.wkup_m3_ipc: IPC Request for A8->M3 Channel failed! -517
[[0;32m  OK  [0m] Listening on Avahi mDNS/DNS-SD Stack Activation Socket.
[[0;32m  OK  [0m] Reached target Sockets.
[[0;32m  OK  [0m] Reached target Basic System.
[[0;32m  OK  [0m] Started Regular background program processing daemon.
         Starting LSB: Start busybox udhcpd at boot time...
         Starting Cape Manager Service...
[   15.942823] am335x-phy-driver 47401300.usb-phy: dummy supplies not allowed for exclusive requests (id=vbus)
         Starting Login Service...[   16.083933] am335x-phy-driver 47401b00.usb-phy: dummy supplies not allowed for exclusive requests (id=vbus)

[   16.102259] wkup_m3_ipc 44e11324.wkup_m3_ipc: IPC Request for A8->M3 Channel failed! -517
         Starting Telephony service...
[   16.229530] wkup_m3_ipc 44e11324.wkup_m3_ipc: IPC Request for A8->M3 Channel failed! -517
         Starting Generic Board Startup...
         Starting LSB: Load kernel modules needed to enable cpufreq scaling...
[[0;32m  OK  [0m] Started Daily Cleanup of Temporary Directories.
[   16.512685] usbcore: registered new interface driver usbfs
[   16.518323] usbcore: registered new interface driver hub
[   16.523945] usbcore: registered new device driver usb
[[0;32m  OK  [0m] Started Daily apt download activities.
         Starting System Logging Service...
         Starting Avahi mDNS/DNS-SD Stack...
         Starting DUN service...
[   17.155571] tda998x 0-0070: found TDA19988
[[0;32m  OK  [0m] Started Daily apt upgrade and clean activities.
[[0;32m  OK  [0m] Reached target Timers.
[   17.303765] wkup_m3_ipc 44e11324.wkup_m3_ipc: IPC Request for A8->M3 Channel failed! -517
[[0;32m  OK  [0m] Started D-Bus System Message Bus.
[   17.449880] wkup_m3_ipc 44e11324.wkup_m3_ipc: IPC Request for A8->M3 Channel failed! -517
[   17.485643] musb-hdrc musb-hdrc.1: MUSB HDRC host driver
[   17.491061] musb-hdrc musb-hdrc.1: new USB bus registered, assigned bus number 1
[   17.605568] wkup_m3_ipc 44e11324.wkup_m3_ipc: IPC Request for A8->M3 Channel failed! -517
 [   17.723976] omap-mailbox 480c8000.mailbox: omap mailbox rev  0x400
[   17.820072] usb usb1: New USB device found, idVendo r=1d6b, idProduct=0002, bcdDevice= 6.14
[   17.828659] usb us b1: New USB device strings: Mfr=3, Product=2, SerialNumber=1
 [   17.8
[   18.167446] remoteproc remoteproc0: Direct firmware load for am335x-pm-firmware.elf failed with error -2
[   18.178490] remoteproc remoteproc0: request_firmware failed: -2
[   18.184597] wkup_m3_ipc 44e11324.wkup_m3_ipc: rproc_boot failed
[   18.345844] hub 1-0:1.0: USB hub found
[   18.350702] hub 1-0:1.0: 1 port detected
[   20.337866] omap_rng 48310000.rng: Random Number Generator ver. 20
[   20.493282] tilcdc 4830e000.lcdc: bound 0-0070 (ops tda998x_audio_codec_init [tda998x])
[   20.576973] [drm] Initialized tilcdc 1.0.0 for 4830e000.lcdc on minor 0
[   20.645166] tilcdc 4830e000.lcdc: [drm] Cannot find any crtc or sizes
[   20.653423] tilcdc 4830e000.lcdc: [drm] Cannot find any crtc or sizes
[   21.427485] PM: Cannot get wkup_m3_ipc handle
[   21.606216] omap-sham 53100000.sham: hw accel on OMAP rev 4.3
[[0;32m  OK  [0m] Started DUN service.
[[0;32m  OK  [0m] Started Avahi mDNS/DNS-SD Stack.
[[0;32m  OK  [0m] Started Telephony service.
[   21.747627] omap-aes 53500000.aes: OMAP AES hw accel rev: 3.2
[   21.754159] omap-sham 53100000.sham: will run requests pump with realtime priority
[   21.762987] PM: Cannot get wkup_m3_ipc handle
         Starting Connection service...
[   21.866451] omap-aes 53500000.aes: will run requests pump with realtime priority
[   21.878122] PM: Cannot get wkup_m3_ipc handle
[[0;32m  OK  [0m] Started System Logging Service.
[[0;32m  OK  [0m] Started Cape Manager Service.
[   23.254669] Bluetooth: Core ver 2.22
[   23.258775] NET: Registered PF_BLUETOOTH protocol family
[   23.264339] Bluetooth: HCI device and connection manager initialized
[   23.270756] Bluetooth: HCI socket layer initialized
[   23.275900] Bluetooth: L2CAP socket layer initialized
[   23.281028] Bluetooth: SCO socket layer initialized
[   25.123687] PM: Cannot get wkup_m3_ipc handle
[   25.230934] PM: Cannot get wkup_m3_ipc handle
[[0;32m  OK  [0m] Started LSB: Start busybox udhcpd at boot time.
[[0;32m  OK  [0m] Started Raise network interfaces.
[   28.017035] configfs-gadget.g_multi gadget.0: HOST MAC 1c:ba:8c:a2:ed:6c
[   28.023996] configfs-gadget.g_multi gadget.0: MAC 1c:ba:8c:a2:ed:70
[   28.031382] configfs-gadget.g_multi gadget.0: HOST MAC 1c:ba:8c:a2:ed:6c
[   28.038148] configfs-gadget.g_multi gadget.0: MAC 1c:ba:8c:a2:ed:6d
[   28.052019] PM: Cannot get wkup_m3_ipc handle
[[0;32m  OK  [0m] Started LSB: Load kernel modules needed to enable cpufreq scaling.
[[0;32m  OK  [0m] Started Connection service.
[[0;32m  OK  [0m] Reached target Sound Card.
         Starting LSB: set CPUFreq kernel parameters...
[[0;32m  OK  [0m] Reached target Network.
         Starting The Apache HTTP Server...
         Starting OpenBSD Secure Shell server...
         Starting Permit User Sessions...
[[0;32m  OK  [0m] Reached target Network is Online.
         Starting LSB: Advanced IEEE 802.11 management daemon...
[[0;32m  OK  [0m] Started LSB: Advanced IEEE 802.11 management daemon.
[[0;32m  OK  [0m] Started Login Service.
[[0;32m  OK  [0m] Started Permit User Sessions.
         Starting Hostname Service...
         Starting WPA supplicant...
[[0;32m  OK  [0m] Started Getty on tty1.
[[0;32m  OK  [0m] Started Serial Getty on ttyS0.
[[0;32m  OK  [0m] Reached target Login Prompts.
[[0;32m  OK  [0m] Started LSB: set CPUFreq kernel parameters.
[[0;32m  OK  [0m] Started WPA supplicant.
[[0;32m  OK  [0m] Started Hostname Service.
         Stopping LSB: Start busybox udhcpd at boot time...
[[0;32m  OK  [0m] Started OpenBSD Secure Shell server.
[[0;32m  OK  [0m] Stopped LSB: Start busybox udhcpd at boot time.
[[0;32m  OK  [0m] Started The Apache HTTP Server.
         Starting dnsmasq - A lightweight DHCP and caching DNS server...
[[0;32m  OK  [0m] Started dnsmasq - A lightweight DHCP and caching DNS server.
[[0;32m  OK  [0m] Reached target Host and Network Name Lookups.
[[0;32m  OK  [0m] Started Serial Getty on ttyGS0.
[[0;32m  OK  [0m] Started Generic Board Startup.
[[0;32m  OK  [0m] Reached target Multi-User System.
[[0;32m  OK  [0m] Reached target Graphical Interface.
         Starting Update UTMP about System Runlevel Changes...
[[0;32m  OK  [0m] Started Update UTMP about System Runlevel Changes.

Debian GNU/Linux 9 arm ttyS0

default username:password is [debian:temppwd]

arm login: root
Password: 
Last login: Sat Jan  1 00:00:27 UTC 2000 on ttyS0
root
Linux arm 6.14.0-rc1-next-20250206 #1 SMP Thu Feb  6 07:57:04 EET 2025 armv7l

The programs included with the Debian GNU/Linux system are free software;
the exact distribution terms for each program are described in the
individual files in /usr/share/doc/*/copyright.

Debian GNU/Linux comes with ABSOLUTELY NO WARRANTY, to the extent
permitted by applicable law.
root@arm:~# root
-bash: root: command not found
root@arm:~# dmesg -n 1
echo 'MBKV''VKABCW'
root@arm:~# echo 'MBKV''VKABCW'
MBKVVKABCW
root@arm:~# run() { echo -n "$MARKER"; sh -c "$@"; echo "$MARKER $?"; }
root@arm:~# echo 'SVEV''KCBQUA'
SVEVKCBQUA
root@arm:~# MARKER='CZZG''MWTVEQ' run 'cat /proc/version'
CZZGMWTVEQLinux version 6.14.0-rc1-next-20250206 (user01@drvtest01) (arm-none-eabi-gcc (Arm GNU Toolchain 14.2.Rel1 (Build arm-14.52)) 14.2.1 20241119, GNU ld (Arm GNU Toolchain 14.2.Rel1 (Build arm-14.52)) 2.43.1.20241119) #1 SMP Thu Feb  6 07:57:04 EET 2025
CZZGMWTVEQ 0
root@arm:~# echo 'PNAN''LWOKMN'
PNANLWOKMN
root@arm:~# MARKER='LWAX''PPVOZU' run false
LWAXPPVOZULWAXPPVOZU 1
root@arm:~# Labgrid Console Logfile for main
Logfile started at 2025-02-06 07:59:22.243752
=== Log starts here ===

root@arm:~# run() { echo -n "$MARKER"; sh -c "$@"; echo "$MARKER $?"; }
root@arm:~# echo 'TZOZ''KQNFUK'
TZOZKQNFUK
root@arm:~# MARKER='MJOF''GNXOZV' run 'ls /iio_generic_buffer; echo $?'
MJOFGNXOZV/iio_generic_buffer
0
MJOFGNXOZV 0
root@arm:~# Labgrid Console Logfile for main
Logfile started at 2025-02-06 07:59:25.602041
=== Log starts here ===

root@arm:~# run() { echo -n "$MARKER"; sh -c "$@"; echo "$MARKER $?"; }
root@arm:~# echo 'QULS''FFNHZB'
QULSFFNHZB
root@arm:~# MARKER='ZNAX''OZZONM' run dmesg
ZNAXOZZONM[    0.000000] Booting Linux on physical CPU 0x0
[    0.000000] Linux version 6.14.0-rc1-next-20250206 (user01@drvtest01) (arm-none-eabi-gcc (Arm GNU Toolchain 14.2.Rel1 (Build arm-14.52)) 14.2.1 20241119, GNU ld (Arm GNU Toolchain 14.2.Rel1 (Build arm-14.52)) 2.43.1.20241119) #1 SMP Thu Feb  6 07:57:04 EET 2025
[    0.000000] CPU: ARMv7 Processor [413fc082] revision 2 (ARMv7), cr=10c5387d
[    0.000000] CPU: PIPT / VIPT nonaliasing data cache, VIPT aliasing instruction cache
[    0.000000] OF: fdt: Machine model: TI AM335x BeagleBone Black
[    0.000000] Memory policy: Data cache writeback
[    0.000000] cma: Reserved 16 MiB at 0x9e800000 on node -1
[    0.000000] Zone ranges:
[    0.000000]   Normal   [mem 0x0000000080000000-0x000000009fdfffff]
[    0.000000]   HighMem  empty
[    0.000000] Movable zone start for each node
[    0.000000] Early memory node ranges
[    0.000000]   node   0: [mem 0x0000000080000000-0x000000009fdfffff]
[    0.000000] Initmem setup node 0 [mem 0x0000000080000000-0x000000009fdfffff]
[    0.000000] OF: reserved mem: Reserved memory: No reserved-memory node in the DT
[    0.000000] CPU: All CPU(s) started in SVC mode.
[    0.000000] AM335X ES2.1 (sgx neon)
[    0.000000] percpu: Embedded 17 pages/cpu s39628 r8192 d21812 u69632
[    0.000000] pcpu-alloc: s39628 r8192 d21812 u69632 alloc=17*4096
[    0.000000] pcpu-alloc: [0] 0 
[    0.000000] Kernel command line: console=ttyO0,115200n8 root=/dev/nfs rw nfsroot=192.168.255.126:/home/user01/nfs,nfsvers=3 ip=192.168.255.1:192.168.255.126::255.255.255.0:bbb1:eth0 nfsrootdebug
[    0.000000] Unknown kernel command line parameters "nfsrootdebug", will be passed to user space.
[    0.000000] printk: log buffer data + meta data: 65536 + 204800 = 270336 bytes
[    0.000000] Dentry cache hash table entries: 65536 (order: 6, 262144 bytes, linear)
[    0.000000] Inode-cache hash table entries: 32768 (order: 5, 131072 bytes, linear)
[    0.000000] Built 1 zonelists, mobility grouping on.  Total pages: 130560
[    0.000000] mem auto-init: stack:off, heap alloc:off, heap free:off
[    0.000000] SLUB: HWalign=16, Order=0-3, MinObjects=0, CPUs=1, Nodes=1
[    0.000000] rcu: Hierarchical RCU implementation.
[    0.000000] rcu: 	RCU event tracing is enabled.
[    0.000000] rcu: 	RCU restricting CPUs from NR_CPUS=2 to nr_cpu_ids=1.
[    0.000000] 	Tracing variant of Tasks RCU enabled.
[    0.000000] rcu: RCU calculated value of scheduler-enlistment delay is 10 jiffies.
[    0.000000] rcu: Adjusting geometry for rcu_fanout_leaf=16, nr_cpu_ids=1
[    0.000000] RCU Tasks Trace: Setting shift to 0 and lim to 1 rcu_task_cb_adjust=1 rcu_task_cpu_ids=1.
[    0.000000] NR_IRQS: 16, nr_irqs: 16, preallocated irqs: 16
[    0.000000] IRQ: Found an INTC at 0x(ptrval) (revision 5.0) with 128 interrupts
[    0.000000] rcu: srcu_init: Setting srcu_struct sizes based on contention.
[    0.000000] TI gptimer clocksource: always-on /ocp/interconnect@44c00000/segment@200000/target-module@31000
[    0.000003] sched_clock: 32 bits at 24MHz, resolution 41ns, wraps every 89478484971ns
[    0.000027] clocksource: dmtimer: mask: 0xffffffff max_cycles: 0xffffffff, max_idle_ns: 79635851949 ns
[    0.000497] TI gptimer clockevent: 24000000 Hz at /ocp/interconnect@48000000/segment@0/target-module@40000
[    0.002129] Console: colour dummy device 80x30
[    0.002196] WARNING: Your 'console=ttyO0' has been replaced by 'ttyS0'
[    0.002204] This ensures that you still see kernel messages. Please
[    0.002209] update your kernel commandline.
[    0.002249] Calibrating delay loop... 996.14 BogoMIPS (lpj=4980736)
[    0.090545] CPU: Testing write buffer coherency: ok
[    0.090656] CPU0: Spectre v2: using BPIALL workaround
[    0.090667] pid_max: default: 32768 minimum: 301
[    0.090805] LSM: initializing lsm=capability
[    0.090977] Mount-cache hash table entries: 1024 (order: 0, 4096 bytes, linear)
[    0.090998] Mountpoint-cache hash table entries: 1024 (order: 0, 4096 bytes, linear)
[    0.092577] CPU0: thread -1, cpu 0, socket -1, mpidr 0
[    0.092637] cacheinfo: Unable to detect cache hierarchy for CPU 0
[    0.160916] Setting up static identity map for 0x80100000 - 0x80100078
[    0.170705] rcu: Hierarchical SRCU implementation.
[    0.170716] rcu: 	Max phase no-delay instances is 1000.
[    0.172436] smp: Bringing up secondary CPUs ...
[    0.172489] smp: Brought up 1 node, 1 CPU
[    0.172502] SMP: Total of 1 processors activated (996.14 BogoMIPS).
[    0.172513] CPU: All CPU(s) started in SVC mode.
[    0.172695] Memory: 480848K/522240K available (11264K kernel code, 1208K rwdata, 2896K rodata, 1024K init, 292K bss, 23380K reserved, 16384K cma-reserved, 0K highmem)
[    0.173524] devtmpfs: initialized
[    0.189653] VFP support v0.3: implementor 41 architecture 3 part 30 variant c rev 3
[    0.189989] clocksource: jiffies: mask: 0xffffffff max_cycles: 0xffffffff, max_idle_ns: 19112604462750000 ns
[    0.190023] futex hash table entries: 256 (order: 2, 16384 bytes, linear)
[    0.191579] pinctrl core: initialized pinctrl subsystem
[    0.194373] NET: Registered PF_NETLINK/PF_ROUTE protocol family
[    0.197135] DMA: preallocated 256 KiB pool for atomic coherent allocations
[    0.198024] audit: initializing netlink subsys (disabled)
[    0.199357] thermal_sys: Registered thermal governor 'fair_share'
[    0.199375] thermal_sys: Registered thermal governor 'step_wise'
[    0.199383] thermal_sys: Registered thermal governor 'user_space'
[    0.199498] audit: type=2000 audit(0.190:1): state=initialized audit_enabled=0 res=1
[    0.199566] cpuidle: using governor menu
[    0.217626] /ocp/interconnect@44c00000/segment@200000/target-module@b000/i2c@0/tda19988@70: Fixed dependency cycle(s) with /ocp/interconnect@48000000/segment@300000/target-module@e000/lcdc@0
[    0.218744] /ocp/interconnect@48000000/segment@300000/target-module@e000/lcdc@0: Fixed dependency cycle(s) with /ocp/interconnect@44c00000/segment@200000/target-module@b000/i2c@0/tda19988@70
[    0.221080] No ATAGs?
[    0.221125] hw-breakpoint: debug architecture 0x4 unsupported.
[    0.223869] kprobes: kprobe jump-optimization is enabled. All kprobes are optimized if possible.
[    0.233869] iommu: Default domain type: Translated
[    0.233890] iommu: DMA domain TLB invalidation policy: strict mode
[    0.235522] reg-fixed-voltage fixedregulator0: using DT '/fixedregulator0' for '(default)' GPIO lookup
[    0.235578] of_get_named_gpiod_flags: can't parse 'gpios' property of node '/fixedregulator0[0]'
[    0.235605] of_get_named_gpiod_flags: can't parse 'gpio' property of node '/fixedregulator0[0]'
[    0.235622] reg-fixed-voltage fixedregulator0: using lookup tables for GPIO lookup
[    0.235632] reg-fixed-voltage fixedregulator0: No GPIO consumer (default) found
[    0.241337] SCSI subsystem initialized
[    0.241824] libata version 3.00 loaded.
[    0.242185] pps_core: LinuxPPS API ver. 1 registered
[    0.242196] pps_core: Software ver. 5.3.6 - Copyright 2005-2007 Rodolfo Giometti <giometti@linux.it>
[    0.242221] PTP clock support registered
[    0.250931] vgaarb: loaded
[    0.251286] clocksource: Switched to clocksource dmtimer
[    0.251926] VFS: Disk quotas dquot_6.6.0
[    0.251976] VFS: Dquot-cache hash table entries: 1024 (order 0, 4096 bytes)
[    0.276466] NET: Registered PF_INET protocol family
[    0.276809] IP idents hash table entries: 8192 (order: 4, 65536 bytes, linear)
[    0.278237] tcp_listen_portaddr_hash hash table entries: 512 (order: 0, 4096 bytes, linear)
[    0.278272] Table-perturb hash table entries: 65536 (order: 6, 262144 bytes, linear)
[    0.278290] TCP established hash table entries: 4096 (order: 2, 16384 bytes, linear)
[    0.278333] TCP bind hash table entries: 4096 (order: 4, 65536 bytes, linear)
[    0.278432] TCP: Hash tables configured (established 4096 bind 4096)
[    0.278551] UDP hash table entries: 256 (order: 1, 14336 bytes, linear)
[    0.278586] UDP-Lite hash table entries: 256 (order: 1, 14336 bytes, linear)
[    0.278762] NET: Registered PF_UNIX/PF_LOCAL protocol family
[    0.281929] RPC: Registered named UNIX socket transport module.
[    0.281953] RPC: Registered udp transport module.
[    0.281958] RPC: Registered tcp transport module.
[    0.281963] RPC: Registered tcp-with-tls transport module.
[    0.281967] RPC: Registered tcp NFSv4.1 backchannel transport module.
[    0.281991] PCI: CLS 0 bytes, default 64
[    0.283373] Initialise system trusted keyrings
[    0.291963] workingset: timestamp_bits=14 max_order=17 bucket_order=3
[    0.293295] NFS: Registering the id_resolver key type
[    0.293360] Key type id_resolver registered
[    0.293368] Key type id_legacy registered
[    0.293414] jffs2: version 2.2. (NAND) (SUMMARY)  Â© 2001-2006 Red Hat, Inc.
[    0.293805] Key type asymmetric registered
[    0.293817] Asymmetric key parser 'x509' registered
[    0.293881] io scheduler mq-deadline registered
[    0.293891] io scheduler kyber registered
[    0.293961] io scheduler bfq registered
[    0.295500] ledtrig-cpu: registered to indicate activity on CPUs
[    0.301920] Serial: 8250/16550 driver, 6 ports, IRQ sharing enabled
[    0.338832] brd: module loaded
[    0.357249] loop: module loaded
[    0.358160] mtdoops: mtd device (mtddev=name/number) must be supplied
[    0.370478] mdio_bus fixed-0: using lookup tables for GPIO lookup
[    0.370504] mdio_bus fixed-0: No GPIO consumer reset found
[    0.371958] i2c_dev: i2c /dev entries driver
[    0.372919] cpuidle: enable-method property 'ti,am3352' found operations
[    0.373355] sdhci: Secure Digital Host Controller Interface driver
[    0.373364] sdhci: Copyright(c) Pierre Ossman
[    0.373536] sdhci-pltfm: SDHCI platform and OF driver helper
[    0.374536] Initializing XFRM netlink socket
[    0.374698] NET: Registered PF_INET6 protocol family
[    0.376727] Segment Routing with IPv6
[    0.376811] In-situ OAM (IOAM) with IPv6
[    0.376915] sit: IPv6, IPv4 and MPLS over IPv4 tunneling driver
[    0.377860] NET: Registered PF_PACKET protocol family
[    0.377894] NET: Registered PF_KEY protocol family
[    0.378018] Key type dns_resolver registered
[    0.378239] ThumbEE CPU extension supported.
[    0.378259] Registering SWP/SWPB emulation handler
[    0.378796] omap_voltage_late_init: Voltage driver support not added
[    0.379162] SmartReflex Class3 initialized
[    0.411605] Loading compiled-in X.509 certificates
[    0.455714] /ocp/interconnect@44c00000/segment@200000/target-module@b000/i2c@0/tda19988@70: Fixed dependency cycle(s) with /ocp/interconnect@48000000/segment@300000/target-module@e000/lcdc@0
[    0.462123] /ocp/interconnect@44c00000/segment@200000/target-module@b000/i2c@0/tda19988@70: Fixed dependency cycle(s) with /ocp/interconnect@48000000/segment@300000/target-module@e000/lcdc@0
[    0.467595] gpiochip_find_base_unlocked: found new base at 512
[    0.488925] /ocp/interconnect@44c00000/segment@200000/target-module@b000/i2c@0/tda19988@70: Fixed dependency cycle(s) with /ocp/interconnect@48000000/segment@300000/target-module@e000/lcdc@0
[    0.489803] /ocp/interconnect@44c00000/segment@200000/target-module@b000/i2c@0/tda19988@70: Fixed dependency cycle(s) with /ocp/interconnect@48000000/segment@300000/target-module@e000/lcdc@0
[    0.493579] /ocp/interconnect@44c00000/segment@200000/target-module@10000/scm@0/pinmux@800: Fixed dependency cycle(s) with /ocp/interconnect@44c00000/segment@200000/target-module@10000/scm@0/pinmux@800/clkout2-pins
[    0.494173] pinctrl-single 44e10800.pinmux: 142 pins, size 568
[    0.499305] ti-sysc 44e31000.target-module: probe with driver ti-sysc failed with error -16
[    0.528028] /ocp/interconnect@48000000/segment@300000/target-module@e000/lcdc@0: Fixed dependency cycle(s) with /ocp/interconnect@44c00000/segment@200000/target-module@b000/i2c@0/tda19988@70
[    0.536170] ti-sysc 48040000.target-module: probe with driver ti-sysc failed with error -16
[    0.547381] gpiochip_find_base_unlocked: found new base at 512
[    0.547479] gpio gpiochip0: (gpio-0-31): created GPIO range 0->7 ==> 44e10800.pinmux PIN 0->7
[    0.547511] gpio gpiochip0: (gpio-0-31): created GPIO range 8->11 ==> 44e10800.pinmux PIN 90->93
[    0.547528] gpio gpiochip0: (gpio-0-31): created GPIO range 12->27 ==> 44e10800.pinmux PIN 12->27
[    0.547543] gpio gpiochip0: (gpio-0-31): created GPIO range 28->31 ==> 44e10800.pinmux PIN 30->33
[    0.583400] gpio gpiochip0: (gpio-0-31): added GPIO chardev (254:0)
[    0.583564] gpio gpiochip0: registered GPIOs 512 to 543 on gpio-0-31
[    0.583648] OMAP GPIO hardware version 0.1
[    0.605533] i2c i2c-2: using DT '/ocp/interconnect@48000000/segment@100000/target-module@9c000/i2c@0' for 'scl' GPIO lookup
[    0.605607] of_get_named_gpiod_flags: can't parse 'scl-gpios' property of node '/ocp/interconnect@48000000/segment@100000/target-module@9c000/i2c@0[0]'
[    0.605649] of_get_named_gpiod_flags: can't parse 'scl-gpio' property of node '/ocp/interconnect@48000000/segment@100000/target-module@9c000/i2c@0[0]'
[    0.605684] i2c i2c-2: using lookup tables for GPIO lookup
[    0.605694] i2c i2c-2: No GPIO consumer scl found
[    0.605715] i2c i2c-2: using DT '/ocp/interconnect@48000000/segment@100000/target-module@9c000/i2c@0' for 'sda' GPIO lookup
[    0.605749] of_get_named_gpiod_flags: can't parse 'sda-gpios' property of node '/ocp/interconnect@48000000/segment@100000/target-module@9c000/i2c@0[0]'
[    0.605785] of_get_named_gpiod_flags: can't parse 'sda-gpio' property of node '/ocp/interconnect@48000000/segment@100000/target-module@9c000/i2c@0[0]'
[    0.605815] i2c i2c-2: using lookup tables for GPIO lookup
[    0.605822] i2c i2c-2: No GPIO consumer sda found
[    0.606518] omap_i2c 4819c000.i2c: bus 2 rev0.11 at 100 kHz
[    0.612207] gpiochip_find_base_unlocked: found new base at 544
[    0.612311] gpio gpiochip1: (gpio-32-63): created GPIO range 0->17 ==> 44e10800.pinmux PIN 34->51
[    0.612331] gpio gpiochip1: (gpio-32-63): created GPIO range 18->21 ==> 44e10800.pinmux PIN 77->80
[    0.612347] gpio gpiochip1: (gpio-32-63): created GPIO range 22->31 ==> 44e10800.pinmux PIN 56->65
[    0.625308] gpio gpiochip1: (gpio-32-63): added GPIO chardev (254:1)
[    0.625461] gpio gpiochip1: registered GPIOs 544 to 575 on gpio-32-63
[    0.627665] gpiochip_find_base_unlocked: found new base at 576
[    0.627752] gpio gpiochip2: (gpio-64-95): created GPIO range 0->4 ==> 44e10800.pinmux PIN 66->70
[    0.627771] gpio gpiochip2: (gpio-64-95): created GPIO range 5->6 ==> 44e10800.pinmux PIN 98->99
[    0.627787] gpio gpiochip2: (gpio-64-95): created GPIO range 7->8 ==> 44e10800.pinmux PIN 75->76
[    0.627802] gpio gpiochip2: (gpio-64-95): created GPIO range 13->13 ==> 44e10800.pinmux PIN 141->141
[    0.627818] gpio gpiochip2: (gpio-64-95): created GPIO range 14->21 ==> 44e10800.pinmux PIN 100->107
[    0.631660] gpio gpiochip2: (gpio-64-95): added GPIO chardev (254:2)
[    0.631811] gpio gpiochip2: registered GPIOs 576 to 607 on gpio-64-95
[    0.637283] 48000000.interconnect:segment@200000:target-module@0:mpu@0:fck: device ID is greater than 24
[    0.638156] /ocp/interconnect@48000000/segment@300000/target-module@e000/lcdc@0: Fixed dependency cycle(s) with /ocp/interconnect@44c00000/segment@200000/target-module@b000/i2c@0/tda19988@70
[    0.640860] /ocp/interconnect@48000000/segment@300000/target-module@e000/lcdc@0: Fixed dependency cycle(s) with /ocp/interconnect@44c00000/segment@200000/target-module@b000/i2c@0/tda19988@70
[    0.641801] /ocp/interconnect@44c00000/segment@200000/target-module@b000/i2c@0/tda19988@70: Fixed dependency cycle(s) with /ocp/interconnect@48000000/segment@300000/target-module@e000/lcdc@0
[    0.641967] /ocp/interconnect@48000000/segment@300000/target-module@e000/lcdc@0: Fixed dependency cycle(s) with /ocp/interconnect@44c00000/segment@200000/target-module@b000/i2c@0/tda19988@70
[    0.651425] mdio_bus 4a101000.mdio: using DT '/ocp/interconnect@4a000000/segment@0/target-module@100000/switch@0/mdio@1000' for 'reset' GPIO lookup
[    0.651501] of_get_named_gpiod_flags: can't parse 'reset-gpios' property of node '/ocp/interconnect@4a000000/segment@0/target-module@100000/switch@0/mdio@1000[0]'
[    0.651549] of_get_named_gpiod_flags: can't parse 'reset-gpio' property of node '/ocp/interconnect@4a000000/segment@0/target-module@100000/switch@0/mdio@1000[0]'
[    0.651596] mdio_bus 4a101000.mdio: using lookup tables for GPIO lookup
[    0.651606] mdio_bus 4a101000.mdio: No GPIO consumer reset found
[    0.652772] sdhci-omap 481d8000.mmc: using DT '/ocp/interconnect@48000000/segment@100000/target-module@d8000/mmc@0' for 'wp' GPIO lookup
[    0.652833] of_get_named_gpiod_flags: can't parse 'wp-gpios' property of node '/ocp/interconnect@48000000/segment@100000/target-module@d8000/mmc@0[0]'
[    0.652876] of_get_named_gpiod_flags: can't parse 'wp-gpio' property of node '/ocp/interconnect@48000000/segment@100000/target-module@d8000/mmc@0[0]'
[    0.652910] sdhci-omap 481d8000.mmc: using lookup tables for GPIO lookup
[    0.652919] sdhci-omap 481d8000.mmc: No GPIO consumer wp found
[    0.653115] sdhci-omap 481d8000.mmc: supply pbias not found, using dummy regulator
[    0.653615] sdhci-omap 481d8000.mmc: supply vqmmc not found, using dummy regulator
[    0.714111] davinci_mdio 4a101000.mdio: davinci mdio revision 1.6, bus freq 1000000
[    0.742617] mdio_bus 4a101000.mdio:00: using DT '/ocp/interconnect@4a000000/segment@0/target-module@100000/switch@0/mdio@1000/ethernet-phy@0' for 'reset' GPIO lookup
[    0.742718] of_get_named_gpiod_flags: parsed 'reset-gpios' property of node '/ocp/interconnect@4a000000/segment@0/target-module@100000/switch@0/mdio@1000/ethernet-phy@0[0]' - status (0)
[    0.742876] gpio gpiochip0: Persistence not supported for GPIO 8
[    0.875705] davinci_mdio 4a101000.mdio: phy[0]: device 4a101000.mdio:00, driver SMSC LAN8710/LAN8720
[    0.876496] cpsw-switch 4a100000.switch: initialized cpsw ale version 1.4
[    0.876520] cpsw-switch 4a100000.switch: ALE Table size 1024, Policers 0
[    0.876655] cpsw-switch 4a100000.switch: cpts: overflow check period 500 (jiffies)
[    0.876672] cpsw-switch 4a100000.switch: CPTS: ref_clk_freq:250000000 calc_mult:2147483648 calc_shift:29 error:0 nsec/sec
[    0.876776] cpsw-switch 4a100000.switch: Detected MACID = 6c:ec:eb:68:de:78
[    0.878521] cpsw-switch 4a100000.switch: initialized (regs 0x4a100000, pool size 256) hw_ver:0019010C 1.12 (0)
[    0.889290] debugfs: Directory '49000000.dma' with parent 'dmaengine' already present!
[    0.889331] edma 49000000.dma: TI EDMA DMA engine driver
[    0.933383] target-module@4b000000:target-module@140000:pmu@0:fck: device ID is greater than 24
[    0.952770] hw perfevents: enabled with armv7_cortex_a8 PMU driver, 5 (8000000f) counters available
[    0.953656] gpio-clk clk_mcasp0: using DT '/clk_mcasp0' for 'enable' GPIO lookup
[    0.953720] of_get_named_gpiod_flags: parsed 'enable-gpios' property of node '/clk_mcasp0[0]' - status (0)
[    0.953765] gpio gpiochip0: Persistence not supported for GPIO 27
[    0.954585] gpiochip_find_base_unlocked: found new base at 608
[    0.954690] gpio gpiochip3: (gpio-96-127): created GPIO range 0->7 ==> 44e10800.pinmux PIN 82->89
[    0.954710] gpio gpiochip3: (gpio-96-127): created GPIO range 8->11 ==> 44e10800.pinmux PIN 52->55
[    0.954727] gpio gpiochip3: (gpio-96-127): created GPIO range 12->15 ==> 44e10800.pinmux PIN 94->97
[    0.954743] gpio gpiochip3: (gpio-96-127): created GPIO range 16->17 ==> 44e10800.pinmux PIN 71->72
[    0.954759] gpio gpiochip3: (gpio-96-127): created GPIO range 18->18 ==> 44e10800.pinmux PIN 135->135
[    0.954775] gpio gpiochip3: (gpio-96-127): created GPIO range 19->20 ==> 44e10800.pinmux PIN 108->109
[    0.954791] gpio gpiochip3: (gpio-96-127): created GPIO range 21->21 ==> 44e10800.pinmux PIN 73->73
[    0.954808] gpio gpiochip3: (gpio-96-127): created GPIO range 22->23 ==> 44e10800.pinmux PIN 8->9
[    0.954825] gpio gpiochip3: (gpio-96-127): created GPIO range 26->27 ==> 44e10800.pinmux PIN 10->11
[    0.954842] gpio gpiochip3: (gpio-96-127): created GPIO range 28->28 ==> 44e10800.pinmux PIN 74->74
[    0.954860] gpio gpiochip3: (gpio-96-127): created GPIO range 29->29 ==> 44e10800.pinmux PIN 81->81
[    0.954878] gpio gpiochip3: (gpio-96-127): created GPIO range 30->31 ==> 44e10800.pinmux PIN 28->29
[    0.960449] l3-aon-clkctrl:0000:0: failed to disable
[    0.960747] gpio gpiochip3: (gpio-96-127): added GPIO chardev (254:3)
[    0.960878] gpio gpiochip3: registered GPIOs 608 to 639 on gpio-96-127
[    0.963067] omap8250 44e09000.serial: using DT '/ocp/interconnect@44c00000/segment@200000/target-module@9000/serial@0' for 'rs485-term' GPIO lookup
[    0.963137] of_get_named_gpiod_flags: can't parse 'rs485-term-gpios' property of node '/ocp/interconnect@44c00000/segment@200000/target-module@9000/serial@0[0]'
[    0.963179] of_get_named_gpiod_flags: can't parse 'rs485-term-gpio' property of node '/ocp/interconnect@44c00000/segment@200000/target-module@9000/serial@0[0]'
[    0.963215] omap8250 44e09000.serial: using lookup tables for GPIO lookup
[    0.963225] omap8250 44e09000.serial: No GPIO consumer rs485-term found
[    0.963234] omap8250 44e09000.serial: using DT '/ocp/interconnect@44c00000/segment@200000/target-module@9000/serial@0' for 'rs485-rx-during-tx' GPIO lookup
[    0.963268] of_get_named_gpiod_flags: can't parse 'rs485-rx-during-tx-gpios' property of node '/ocp/interconnect@44c00000/segment@200000/target-module@9000/serial@0[0]'
[    0.963304] of_get_named_gpiod_flags: can't parse 'rs485-rx-during-tx-gpio' property of node '/ocp/interconnect@44c00000/segment@200000/target-module@9000/serial@0[0]'
[    0.963335] omap8250 44e09000.serial: using lookup tables for GPIO lookup
[    0.963342] omap8250 44e09000.serial: No GPIO consumer rs485-rx-during-tx found
[    0.963708] 44e09000.serial: ttyS0 at MMIO 0x44e09000 (irq = 34, base_baud = 3000000) is a 8250
[    0.963798] printk: legacy console [ttyS0] enabled
[    2.414528] i2c i2c-0: using DT '/ocp/interconnect@44c00000/segment@200000/target-module@b000/i2c@0' for 'scl' GPIO lookup
[    2.414617] of_get_named_gpiod_flags: can't parse 'scl-gpios' property of node '/ocp/interconnect@44c00000/segment@200000/target-module@b000/i2c@0[0]'
[    2.414661] of_get_named_gpiod_flags: can't parse 'scl-gpio' property of node '/ocp/interconnect@44c00000/segment@200000/target-module@b000/i2c@0[0]'
[    2.414701] i2c i2c-0: using lookup tables for GPIO lookup
[    2.414715] i2c i2c-0: No GPIO consumer scl found
[    2.414739] i2c i2c-0: using DT '/ocp/interconnect@44c00000/segment@200000/target-module@b000/i2c@0' for 'sda' GPIO lookup
[    2.414778] of_get_named_gpiod_flags: can't parse 'sda-gpios' property of node '/ocp/interconnect@44c00000/segment@200000/target-module@b000/i2c@0[0]'
[    2.414818] of_get_named_gpiod_flags: can't parse 'sda-gpio' property of node '/ocp/interconnect@44c00000/segment@200000/target-module@b000/i2c@0[0]'
[    2.414853] i2c i2c-0: using lookup tables for GPIO lookup
[    2.414864] i2c i2c-0: No GPIO consumer sda found
[    2.432267] tps65217-pmic: Failed to locate of_node [id: -1]
[    2.438338] tps65217-bl: Failed to locate of_node [id: -1]
[    2.449722] tps65217 0-0024: TPS65217 ID 0xe version 1.2
[    2.455832] /ocp/interconnect@48000000/segment@300000/target-module@e000/lcdc@0: Fixed dependency cycle(s) with /ocp/interconnect@44c00000/segment@200000/target-module@b000/i2c@0/tda19988@70
[    2.473215] /ocp/interconnect@44c00000/segment@200000/target-module@b000/i2c@0/tda19988@70: Fixed dependency cycle(s) with /ocp/interconnect@48000000/segment@300000/target-module@e000/lcdc@0
[    2.490575] omap_i2c 44e0b000.i2c: bus 0 rev0.11 at 400 kHz
[    2.498361] sdhci-omap 48060000.mmc: using DT '/ocp/interconnect@48000000/segment@0/target-module@60000/mmc@0' for 'cd' GPIO lookup
[    2.498469] of_get_named_gpiod_flags: parsed 'cd-gpios' property of node '/ocp/interconnect@48000000/segment@0/target-module@60000/mmc@0[0]' - status (0)
[    2.498535] gpio gpiochip3: Persistence not supported for GPIO 6
[    2.498560] omap_gpio 44e07000.gpio: Could not set line 6 debounce to 200000 microseconds (-22)
[    2.507442] sdhci-omap 48060000.mmc: Got CD GPIO
[    2.512123] sdhci-omap 48060000.mmc: using DT '/ocp/interconnect@48000000/segment@0/target-module@60000/mmc@0' for 'wp' GPIO lookup
[    2.512172] of_get_named_gpiod_flags: can't parse 'wp-gpios' property of node '/ocp/interconnect@48000000/segment@0/target-module@60000/mmc@0[0]'
[    2.512216] of_get_named_gpiod_flags: can't parse 'wp-gpio' property of node '/ocp/interconnect@48000000/segment@0/target-module@60000/mmc@0[0]'
[    2.512254] sdhci-omap 48060000.mmc: using lookup tables for GPIO lookup
[    2.512269] sdhci-omap 48060000.mmc: No GPIO consumer wp found
[    2.512481] sdhci-omap 48060000.mmc: supply pbias not found, using dummy regulator
[    2.521149] sdhci-omap 481d8000.mmc: using DT '/ocp/interconnect@48000000/segment@100000/target-module@d8000/mmc@0' for 'wp' GPIO lookup
[    2.521221] of_get_named_gpiod_flags: can't parse 'wp-gpios' property of node '/ocp/interconnect@48000000/segment@100000/target-module@d8000/mmc@0[0]'
[    2.521374] of_get_named_gpiod_flags: can't parse 'wp-gpio' property of node '/ocp/interconnect@48000000/segment@100000/target-module@d8000/mmc@0[0]'
[    2.521420] sdhci-omap 481d8000.mmc: using lookup tables for GPIO lookup
[    2.521433] sdhci-omap 481d8000.mmc: No GPIO consumer wp found
[    2.522766] sdhci-omap 48060000.mmc: supply vqmmc not found, using dummy regulator
[    2.531765] sdhci-omap 481d8000.mmc: supply pbias not found, using dummy regulator
[    2.539753] sdhci-omap 481d8000.mmc: supply vqmmc not found, using dummy regulator
[    2.576198] mmc0: SDHCI controller on 48060000.mmc [48060000.mmc] using External DMA
[    2.586656] mmc1: SDHCI controller on 481d8000.mmc [481d8000.mmc] using External DMA
[    2.595427] cpsw-switch 4a100000.switch: starting ndev. mode: dual_mac
[    2.640498] mmc0: new high speed SDHC card at address 5048
[    2.647555] mmcblk0: mmc0:5048 SD16G 14.4 GiB
[    2.655590]  mmcblk0: p1 p2
[    2.658956] mmcblk0: p2 size 31221760 extends beyond EOD, truncated
[    2.672554] SMSC LAN8710/LAN8720 4a101000.mdio:00: attached PHY driver (mii_bus:phy_addr=4a101000.mdio:00, irq=POLL)
[    2.684637] mmc1: new high speed MMC card at address 0001
[    2.691540] mmcblk1: mmc1:0001 MMC04G 3.60 GiB
[    2.703473]  mmcblk1: p1 p2
[    2.707702] mmcblk1boot0: mmc1:0001 MMC04G 2.00 MiB
[    2.715054] mmcblk1boot1: mmc1:0001 MMC04G 2.00 MiB
[    2.722471] mmcblk1rpmb: mmc1:0001 MMC04G 128 KiB, chardev (250:0)
[    5.842055] cpsw-switch 4a100000.switch eth0: Link is Up - 100Mbps/Full - flow control off
[    5.871303] IP-Config: Complete:
[    5.874575]      device=eth0, hwaddr=6c:ec:eb:68:de:78, ipaddr=192.168.255.1, mask=255.255.255.0, gw=255.255.255.255
[    5.885219]      host=bbb1, domain=, nis-domain=(none)
[    5.890388]      bootserver=192.168.255.126, rootserver=192.168.255.126, rootpath=
[    5.890786] clk: Disabling unused clocks
[    5.902663] PM: genpd: Disabling unused power domains
[    5.907783] KTAP version 1
[    5.910503] 1..0
[    5.935711] VFS: Mounted root (nfs filesystem) on device 0:17.
[    5.942770] devtmpfs: mounted
[    5.947245] Freeing unused kernel image (initmem) memory: 1024K
[    5.954043] Run /sbin/init as init process
[    5.958177]   with arguments:
[    5.958189]     /sbin/init
[    5.958199]     nfsrootdebug
[    5.958207]   with environment:
[    5.958215]     HOME=/
[    5.958224]     TERM=linux
[    6.648389] systemd[1]: System time before build time, advancing clock.
[    8.091320] random: crng init done
[    8.131706] systemd[1]: systemd 232 running in system mode. (+PAM +AUDIT +SELINUX +IMA +APPARMOR +SMACK +SYSVINIT +UTMP +LIBCRYPTSETUP +GCRYPT +GNUTLS +ACL +XZ +LZ4 +SECCOMP +BLKID +ELFUTILS +KMOD +IDN)
[    8.150611] systemd[1]: Detected architecture arm.
[    8.184440] systemd[1]: Set hostname to <arm>.
[    9.287132] systemd[1]: Reached target Swap.
[    9.313030] systemd[1]: Set up automount Arbitrary Executable File Formats File System Automount Point.
[    9.343320] systemd[1]: Listening on Syslog Socket.
[    9.372952] systemd[1]: Created slice System Slice.
[    9.431893] systemd[1]: Mounting POSIX Message Queue File System...
[    9.444844] systemd[1]: Started Dispatch Password Requests to Console Directory Watch.
[    9.482127] systemd[1]: Reached target Remote File Systems.
[   11.357192] systemd-journald[86]: Received request to flush runtime journal from PID 1
[   14.001875] leds-gpio leds: using DT '/leds/led2' for '(default)' GPIO lookup
[   14.001977] of_get_named_gpiod_flags: parsed 'gpios' property of node '/leds/led2[0]' - status (0)
[   14.002034] gpio gpiochip0: Persistence not supported for GPIO 21
[   14.002050] gpio-533 (?): no flags found for GPIO (default)
[   14.062397] leds-gpio leds: using DT '/leds/led3' for '(default)' GPIO lookup
[   14.062507] of_get_named_gpiod_flags: parsed 'gpios' property of node '/leds/led3[0]' - status (0)
[   14.062567] gpio gpiochip0: Persistence not supported for GPIO 22
[   14.062583] gpio-534 (?): no flags found for GPIO (default)
[   14.092088] leds-gpio leds: using DT '/leds/led4' for '(default)' GPIO lookup
[   14.092186] of_get_named_gpiod_flags: parsed 'gpios' property of node '/leds/led4[0]' - status (0)
[   14.092237] gpio gpiochip0: Persistence not supported for GPIO 23
[   14.092251] gpio-535 (?): no flags found for GPIO (default)
[   14.151077] leds-gpio leds: using DT '/leds/led5' for '(default)' GPIO lookup
[   14.151188] of_get_named_gpiod_flags: parsed 'gpios' property of node '/leds/led5[0]' - status (0)
[   14.151241] gpio gpiochip0: Persistence not supported for GPIO 24
[   14.151450] gpio-536 (?): no flags found for GPIO (default)
[   14.435588] remoteproc remoteproc0: wkup_m3 is available
[   14.724370] at24 2-0054: supply vcc not found, using dummy regulator
[   14.781559] omap_wdt: OMAP Watchdog Timer Rev 0x01: initial timeout 60 sec
[   14.862335] at24 2-0055: supply vcc not found, using dummy regulator
[   14.966539] at24 2-0056: supply vcc not found, using dummy regulator
[   15.029424] at24 2-0057: supply vcc not found, using dummy regulator
[   15.066914] tps6521x_pwrbutton tps65217-pwrbutton: DMA mask not set
[   15.137175] wkup_m3_ipc 44e11324.wkup_m3_ipc: IPC Request for A8->M3 Channel failed! -517
[   15.176587] omap_rtc 44e3e000.rtc: registered as rtc0
[   15.182386] omap_rtc 44e3e000.rtc: setting system clock to 2000-01-01T00:00:00 UTC (946684800)
[   15.191235] omap_rtc 44e3e000.rtc: using DT '/ocp/interconnect@44c00000/segment@200000/target-module@3e000/rtc@0' for 'wp' GPIO lookup
[   15.191374] of_get_named_gpiod_flags: can't parse 'wp-gpios' property of node '/ocp/interconnect@44c00000/segment@200000/target-module@3e000/rtc@0[0]'
[   15.191430] of_get_named_gpiod_flags: can't parse 'wp-gpio' property of node '/ocp/interconnect@44c00000/segment@200000/target-module@3e000/rtc@0[0]'
[   15.191471] omap_rtc 44e3e000.rtc: using lookup tables for GPIO lookup
[   15.191486] omap_rtc 44e3e000.rtc: No GPIO consumer wp found
[   15.193378] wkup_m3_ipc 44e11324.wkup_m3_ipc: IPC Request for A8->M3 Channel failed! -517
[   15.210244] input: tps65217_pwrbutton as /devices/platform/ocp/44c00000.interconnect/44c00000.interconnect:segment@200000/44e0b000.target-module/44e0b000.i2c/i2c-0/0-0024/tps65217-pwrbutton/input/input0
[   15.230674] at24 0-0050: using DT '/ocp/interconnect@44c00000/segment@200000/target-module@b000/i2c@0/eeprom@50' for 'wp' GPIO lookup
[   15.230767] of_get_named_gpiod_flags: can't parse 'wp-gpios' property of node '/ocp/interconnect@44c00000/segment@200000/target-module@b000/i2c@0/eeprom@50[0]'
[   15.230822] of_get_named_gpiod_flags: can't parse 'wp-gpio' property of node '/ocp/interconnect@44c00000/segment@200000/target-module@b000/i2c@0/eeprom@50[0]'
[   15.230868] at24 0-0050: using lookup tables for GPIO lookup
[   15.230882] at24 0-0050: No GPIO consumer wp found
[   15.231158] at24 0-0050: 32768 byte 24c256 EEPROM, writable, 1 bytes/write
[   15.288022] wkup_m3_ipc 44e11324.wkup_m3_ipc: IPC Request for A8->M3 Channel failed! -517
[   15.942366] am335x-phy-driver 47401300.usb-phy: using DT '/ocp/target-module@47400000/usb-phy@1300' for 'reset' GPIO lookup
[   15.942460] of_get_named_gpiod_flags: can't parse 'reset-gpios' property of node '/ocp/target-module@47400000/usb-phy@1300[0]'
[   15.942507] of_get_named_gpiod_flags: can't parse 'reset-gpio' property of node '/ocp/target-module@47400000/usb-phy@1300[0]'
[   15.942544] am335x-phy-driver 47401300.usb-phy: using lookup tables for GPIO lookup
[   15.942560] am335x-phy-driver 47401300.usb-phy: No GPIO consumer reset found
[   15.942575] am335x-phy-driver 47401300.usb-phy: using DT '/ocp/target-module@47400000/usb-phy@1300' for 'vbus-detect' GPIO lookup
[   15.942605] of_get_named_gpiod_flags: can't parse 'vbus-detect-gpios' property of node '/ocp/target-module@47400000/usb-phy@1300[0]'
[   15.942636] of_get_named_gpiod_flags: can't parse 'vbus-detect-gpio' property of node '/ocp/target-module@47400000/usb-phy@1300[0]'
[   15.942662] am335x-phy-driver 47401300.usb-phy: using lookup tables for GPIO lookup
[   15.942674] am335x-phy-driver 47401300.usb-phy: No GPIO consumer vbus-detect found
[   15.942823] am335x-phy-driver 47401300.usb-phy: dummy supplies not allowed for exclusive requests (id=vbus)
[   16.083484] am335x-phy-driver 47401b00.usb-phy: using DT '/ocp/target-module@47400000/usb-phy@1b00' for 'reset' GPIO lookup
[   16.083574] of_get_named_gpiod_flags: can't parse 'reset-gpios' property of node '/ocp/target-module@47400000/usb-phy@1b00[0]'
[   16.083620] of_get_named_gpiod_flags: can't parse 'reset-gpio' property of node '/ocp/target-module@47400000/usb-phy@1b00[0]'
[   16.083656] am335x-phy-driver 47401b00.usb-phy: using lookup tables for GPIO lookup
[   16.083672] am335x-phy-driver 47401b00.usb-phy: No GPIO consumer reset found
[   16.083686] am335x-phy-driver 47401b00.usb-phy: using DT '/ocp/target-module@47400000/usb-phy@1b00' for 'vbus-detect' GPIO lookup
[   16.083717] of_get_named_gpiod_flags: can't parse 'vbus-detect-gpios' property of node '/ocp/target-module@47400000/usb-phy@1b00[0]'
[   16.083748] of_get_named_gpiod_flags: can't parse 'vbus-detect-gpio' property of node '/ocp/target-module@47400000/usb-phy@1b00[0]'
[   16.083773] am335x-phy-driver 47401b00.usb-phy: using lookup tables for GPIO lookup
[   16.083785] am335x-phy-driver 47401b00.usb-phy: No GPIO consumer vbus-detect found
[   16.083933] am335x-phy-driver 47401b00.usb-phy: dummy supplies not allowed for exclusive requests (id=vbus)
[   16.102259] wkup_m3_ipc 44e11324.wkup_m3_ipc: IPC Request for A8->M3 Channel failed! -517
[   16.229530] wkup_m3_ipc 44e11324.wkup_m3_ipc: IPC Request for A8->M3 Channel failed! -517
[   16.512685] usbcore: registered new interface driver usbfs
[   16.518323] usbcore: registered new interface driver hub
[   16.523945] usbcore: registered new device driver usb
[   17.155571] tda998x 0-0070: found TDA19988
[   17.303765] wkup_m3_ipc 44e11324.wkup_m3_ipc: IPC Request for A8->M3 Channel failed! -517
[   17.449880] wkup_m3_ipc 44e11324.wkup_m3_ipc: IPC Request for A8->M3 Channel failed! -517
[   17.485643] musb-hdrc musb-hdrc.1: MUSB HDRC host driver
[   17.491061] musb-hdrc musb-hdrc.1: new USB bus registered, assigned bus number 1
[   17.605568] wkup_m3_ipc 44e11324.wkup_m3_ipc: IPC Request for A8->M3 Channel failed! -517
[   17.723976] omap-mailbox 480c8000.mailbox: omap mailbox rev 0x400
[   17.820072] usb usb1: New USB device found, idVendor=1d6b, idProduct=0002, bcdDevice= 6.14
[   17.828659] usb usb1: New USB device strings: Mfr=3, Product=2, SerialNumber=1
[   17.835980] usb usb1: Product: MUSB HDRC host driver
[   17.840975] usb usb1: Manufacturer: Linux 6.14.0-rc1-next-20250206 musb-hcd
[   17.848018] usb usb1: SerialNumber: musb-hdrc.1
[   17.930139] remoteproc remoteproc0: powering up wkup_m3
[   18.167446] remoteproc remoteproc0: Direct firmware load for am335x-pm-firmware.elf failed with error -2
[   18.178490] remoteproc remoteproc0: request_firmware failed: -2
[   18.184597] wkup_m3_ipc 44e11324.wkup_m3_ipc: rproc_boot failed
[   18.345844] hub 1-0:1.0: USB hub found
[   18.350702] hub 1-0:1.0: 1 port detected
[   20.337866] omap_rng 48310000.rng: Random Number Generator ver. 20
[   20.493282] tilcdc 4830e000.lcdc: bound 0-0070 (ops tda998x_audio_codec_init [tda998x])
[   20.576973] [drm] Initialized tilcdc 1.0.0 for 4830e000.lcdc on minor 0
[   20.645166] tilcdc 4830e000.lcdc: [drm] Cannot find any crtc or sizes
[   20.653423] tilcdc 4830e000.lcdc: [drm] Cannot find any crtc or sizes
[   21.427485] PM: Cannot get wkup_m3_ipc handle
[   21.606216] omap-sham 53100000.sham: hw accel on OMAP rev 4.3
[   21.747627] omap-aes 53500000.aes: OMAP AES hw accel rev: 3.2
[   21.754159] omap-sham 53100000.sham: will run requests pump with realtime priority
[   21.762987] PM: Cannot get wkup_m3_ipc handle
[   21.866451] omap-aes 53500000.aes: will run requests pump with realtime priority
[   21.878122] PM: Cannot get wkup_m3_ipc handle
[   23.254669] Bluetooth: Core ver 2.22
[   23.258775] NET: Registered PF_BLUETOOTH protocol family
[   23.264339] Bluetooth: HCI device and connection manager initialized
[   23.270756] Bluetooth: HCI socket layer initialized
[   23.275900] Bluetooth: L2CAP socket layer initialized
[   23.281028] Bluetooth: SCO socket layer initialized
[   25.123687] PM: Cannot get wkup_m3_ipc handle
[   25.129477] asoc-simple-card sound: using DT '/sound' for 'simple-audio-card,hp-det' GPIO lookup
[   25.129545] of_get_named_gpiod_flags: can't parse 'simple-audio-card,hp-det-gpios' property of node '/sound[0]'
[   25.129581] of_get_named_gpiod_flags: can't parse 'simple-audio-card,hp-det-gpio' property of node '/sound[0]'
[   25.129605] asoc-simple-card sound: using lookup tables for GPIO lookup
[   25.129618] asoc-simple-card sound: No GPIO consumer simple-audio-card,hp-det found
[   25.129633] asoc-simple-card sound: using DT '/sound' for 'simple-audio-card,mic-det' GPIO lookup
[   25.129657] of_get_named_gpiod_flags: can't parse 'simple-audio-card,mic-det-gpios' property of node '/sound[0]'
[   25.129683] of_get_named_gpiod_flags: can't parse 'simple-audio-card,mic-det-gpio' property of node '/sound[0]'
[   25.129702] asoc-simple-card sound: using lookup tables for GPIO lookup
[   25.129713] asoc-simple-card sound: No GPIO consumer simple-audio-card,mic-det found
[   25.230934] PM: Cannot get wkup_m3_ipc handle
[   27.476931] userial_init: registered 8 ttyGS* devices
[   27.866002] rndis_register: configNr = 0
[   28.015765] udc musb-hdrc.0: binding gadget driver [g_multi]
[   28.015860] configfs-gadget.g_multi gadget.0: adding 'rndis'/f9cf1302 to config 'c'/44a44956
[   28.017035] configfs-gadget.g_multi gadget.0: HOST MAC 1c:ba:8c:a2:ed:6c
[   28.023996] configfs-gadget.g_multi gadget.0: MAC 1c:ba:8c:a2:ed:70
[   28.030370] rndis_set_param_medium: 0 0
[   28.030388] configfs-gadget.g_multi gadget.0: RNDIS: IN/ep1in OUT/ep1out NOTIFY/ep2in
[   28.030405] configfs-gadget.g_multi gadget.0: adding 'cdc_ethernet'/eb286a54 to config 'c'/44a44956
[   28.031382] configfs-gadget.g_multi gadget.0: HOST MAC 1c:ba:8c:a2:ed:6c
[   28.038148] configfs-gadget.g_multi gadget.0: MAC 1c:ba:8c:a2:ed:6d
[   28.044538] configfs-gadget.g_multi gadget.0: CDC Ethernet: IN/ep3in OUT/ep2out NOTIFY/ep4in
[   28.044559] configfs-gadget.g_multi gadget.0: adding 'acm'/ab2b1660 to config 'c'/44a44956
[   28.044601] configfs-gadget.g_multi gadget.0: acm ttyGS0: IN/ep5in OUT/ep3out NOTIFY/ep6in
[   28.052019] PM: Cannot get wkup_m3_ipc handle
[   29.315651] configfs-gadget.g_multi gadget.0: eth_open
[   30.605270] configfs-gadget.g_multi gadget.0: stop stats: rx/tx 0/0, errs 0/0
[   34.755625] gs_open: ttyGS0 (e8cb379c,81c6886d)
[   34.755783] gs_close: ttyGS0 (e8cb379c,81c6886d) ...
[   34.755804] gs_close: ttyGS0 (e8cb379c,81c6886d) done!
[   34.773281] gs_open: ttyGS0 (92bb6c34,81c6886d)
[   34.773379] gs_close: ttyGS0 (92bb6c34,81c6886d) ...
[   34.773399] gs_close: ttyGS0 (92bb6c34,81c6886d) done!
[   34.941203] gs_open: ttyGS0 (92bb6c34,7f0b0bdc)
[   34.943578] gs_close: ttyGS0 (92bb6c34,7f0b0bdc) ...
[   34.943639] gs_close: ttyGS0 (92bb6c34,7f0b0bdc) done!
[   34.945299] gs_open: ttyGS0 (92bb6c34,7f0b0bdc)
ZNAXOZZONM 0
root@arm:~# echo 'KUSS''VSVFMY'
KUSSVSVFMY
root@arm:~# MARKER='NOQX''STPSKZ' run 'modprobe test_linear_ranges'
NOQXSTPSKZNOQXSTPSKZ 0
root@arm:~# echo 'WWEH''GYNWLG'
WWEHGYNWLG
root@arm:~# MARKER='TUYS''QUWMUQ' run dmesg
TUYSQUWMUQ[    0.000000] Booting Linux on physical CPU 0x0
[    0.000000] Linux version 6.14.0-rc1-next-20250206 (user01@drvtest01) (arm-none-eabi-gcc (Arm GNU Toolchain 14.2.Rel1 (Build arm-14.52)) 14.2.1 20241119, GNU ld (Arm GNU Toolchain 14.2.Rel1 (Build arm-14.52)) 2.43.1.20241119) #1 SMP Thu Feb  6 07:57:04 EET 2025
[    0.000000] CPU: ARMv7 Processor [413fc082] revision 2 (ARMv7), cr=10c5387d
[    0.000000] CPU: PIPT / VIPT nonaliasing data cache, VIPT aliasing instruction cache
[    0.000000] OF: fdt: Machine model: TI AM335x BeagleBone Black
[    0.000000] Memory policy: Data cache writeback
[    0.000000] cma: Reserved 16 MiB at 0x9e800000 on node -1
[    0.000000] Zone ranges:
[    0.000000]   Normal   [mem 0x0000000080000000-0x000000009fdfffff]
[    0.000000]   HighMem  empty
[    0.000000] Movable zone start for each node
[    0.000000] Early memory node ranges
[    0.000000]   node   0: [mem 0x0000000080000000-0x000000009fdfffff]
[    0.000000] Initmem setup node 0 [mem 0x0000000080000000-0x000000009fdfffff]
[    0.000000] OF: reserved mem: Reserved memory: No reserved-memory node in the DT
[    0.000000] CPU: All CPU(s) started in SVC mode.
[    0.000000] AM335X ES2.1 (sgx neon)
[    0.000000] percpu: Embedded 17 pages/cpu s39628 r8192 d21812 u69632
[    0.000000] pcpu-alloc: s39628 r8192 d21812 u69632 alloc=17*4096
[    0.000000] pcpu-alloc: [0] 0 
[    0.000000] Kernel command line: console=ttyO0,115200n8 root=/dev/nfs rw nfsroot=192.168.255.126:/home/user01/nfs,nfsvers=3 ip=192.168.255.1:192.168.255.126::255.255.255.0:bbb1:eth0 nfsrootdebug
[    0.000000] Unknown kernel command line parameters "nfsrootdebug", will be passed to user space.
[    0.000000] printk: log buffer data + meta data: 65536 + 204800 = 270336 bytes
[    0.000000] Dentry cache hash table entries: 65536 (order: 6, 262144 bytes, linear)
[    0.000000] Inode-cache hash table entries: 32768 (order: 5, 131072 bytes, linear)
[    0.000000] Built 1 zonelists, mobility grouping on.  Total pages: 130560
[    0.000000] mem auto-init: stack:off, heap alloc:off, heap free:off
[    0.000000] SLUB: HWalign=16, Order=0-3, MinObjects=0, CPUs=1, Nodes=1
[    0.000000] rcu: Hierarchical RCU implementation.
[    0.000000] rcu: 	RCU event tracing is enabled.
[    0.000000] rcu: 	RCU restricting CPUs from NR_CPUS=2 to nr_cpu_ids=1.
[    0.000000] 	Tracing variant of Tasks RCU enabled.
[    0.000000] rcu: RCU calculated value of scheduler-enlistment delay is 10 jiffies.
[    0.000000] rcu: Adjusting geometry for rcu_fanout_leaf=16, nr_cpu_ids=1
[    0.000000] RCU Tasks Trace: Setting shift to 0 and lim to 1 rcu_task_cb_adjust=1 rcu_task_cpu_ids=1.
[    0.000000] NR_IRQS: 16, nr_irqs: 16, preallocated irqs: 16
[    0.000000] IRQ: Found an INTC at 0x(ptrval) (revision 5.0) with 128 interrupts
[    0.000000] rcu: srcu_init: Setting srcu_struct sizes based on contention.
[    0.000000] TI gptimer clocksource: always-on /ocp/interconnect@44c00000/segment@200000/target-module@31000
[    0.000003] sched_clock: 32 bits at 24MHz, resolution 41ns, wraps every 89478484971ns
[    0.000027] clocksource: dmtimer: mask: 0xffffffff max_cycles: 0xffffffff, max_idle_ns: 79635851949 ns
[    0.000497] TI gptimer clockevent: 24000000 Hz at /ocp/interconnect@48000000/segment@0/target-module@40000
[    0.002129] Console: colour dummy device 80x30
[    0.002196] WARNING: Your 'console=ttyO0' has been replaced by 'ttyS0'
[    0.002204] This ensures that you still see kernel messages. Please
[    0.002209] update your kernel commandline.
[    0.002249] Calibrating delay loop... 996.14 BogoMIPS (lpj=4980736)
[    0.090545] CPU: Testing write buffer coherency: ok
[    0.090656] CPU0: Spectre v2: using BPIALL workaround
[    0.090667] pid_max: default: 32768 minimum: 301
[    0.090805] LSM: initializing lsm=capability
[    0.090977] Mount-cache hash table entries: 1024 (order: 0, 4096 bytes, linear)
[    0.090998] Mountpoint-cache hash table entries: 1024 (order: 0, 4096 bytes, linear)
[    0.092577] CPU0: thread -1, cpu 0, socket -1, mpidr 0
[    0.092637] cacheinfo: Unable to detect cache hierarchy for CPU 0
[    0.160916] Setting up static identity map for 0x80100000 - 0x80100078
[    0.170705] rcu: Hierarchical SRCU implementation.
[    0.170716] rcu: 	Max phase no-delay instances is 1000.
[    0.172436] smp: Bringing up secondary CPUs ...
[    0.172489] smp: Brought up 1 node, 1 CPU
[    0.172502] SMP: Total of 1 processors activated (996.14 BogoMIPS).
[    0.172513] CPU: All CPU(s) started in SVC mode.
[    0.172695] Memory: 480848K/522240K available (11264K kernel code, 1208K rwdata, 2896K rodata, 1024K init, 292K bss, 23380K reserved, 16384K cma-reserved, 0K highmem)
[    0.173524] devtmpfs: initialized
[    0.189653] VFP support v0.3: implementor 41 architecture 3 part 30 variant c rev 3
[    0.189989] clocksource: jiffies: mask: 0xffffffff max_cycles: 0xffffffff, max_idle_ns: 19112604462750000 ns
[    0.190023] futex hash table entries: 256 (order: 2, 16384 bytes, linear)
[    0.191579] pinctrl core: initialized pinctrl subsystem
[    0.194373] NET: Registered PF_NETLINK/PF_ROUTE protocol family
[    0.197135] DMA: preallocated 256 KiB pool for atomic coherent allocations
[    0.198024] audit: initializing netlink subsys (disabled)
[    0.199357] thermal_sys: Registered thermal governor 'fair_share'
[    0.199375] thermal_sys: Registered thermal governor 'step_wise'
[    0.199383] thermal_sys: Registered thermal governor 'user_space'
[    0.199498] audit: type=2000 audit(0.190:1): state=initialized audit_enabled=0 res=1
[    0.199566] cpuidle: using governor menu
[    0.217626] /ocp/interconnect@44c00000/segment@200000/target-module@b000/i2c@0/tda19988@70: Fixed dependency cycle(s) with /ocp/interconnect@48000000/segment@300000/target-module@e000/lcdc@0
[    0.218744] /ocp/interconnect@48000000/segment@300000/target-module@e000/lcdc@0: Fixed dependency cycle(s) with /ocp/interconnect@44c00000/segment@200000/target-module@b000/i2c@0/tda19988@70
[    0.221080] No ATAGs?
[    0.221125] hw-breakpoint: debug architecture 0x4 unsupported.
[    0.223869] kprobes: kprobe jump-optimization is enabled. All kprobes are optimized if possible.
[    0.233869] iommu: Default domain type: Translated
[    0.233890] iommu: DMA domain TLB invalidation policy: strict mode
[    0.235522] reg-fixed-voltage fixedregulator0: using DT '/fixedregulator0' for '(default)' GPIO lookup
[    0.235578] of_get_named_gpiod_flags: can't parse 'gpios' property of node '/fixedregulator0[0]'
[    0.235605] of_get_named_gpiod_flags: can't parse 'gpio' property of node '/fixedregulator0[0]'
[    0.235622] reg-fixed-voltage fixedregulator0: using lookup tables for GPIO lookup
[    0.235632] reg-fixed-voltage fixedregulator0: No GPIO consumer (default) found
[    0.241337] SCSI subsystem initialized
[    0.241824] libata version 3.00 loaded.
[    0.242185] pps_core: LinuxPPS API ver. 1 registered
[    0.242196] pps_core: Software ver. 5.3.6 - Copyright 2005-2007 Rodolfo Giometti <giometti@linux.it>
[    0.242221] PTP clock support registered
[    0.250931] vgaarb: loaded
[    0.251286] clocksource: Switched to clocksource dmtimer
[    0.251926] VFS: Disk quotas dquot_6.6.0
[    0.251976] VFS: Dquot-cache hash table entries: 1024 (order 0, 4096 bytes)
[    0.276466] NET: Registered PF_INET protocol family
[    0.276809] IP idents hash table entries: 8192 (order: 4, 65536 bytes, linear)
[    0.278237] tcp_listen_portaddr_hash hash table entries: 512 (order: 0, 4096 bytes, linear)
[    0.278272] Table-perturb hash table entries: 65536 (order: 6, 262144 bytes, linear)
[    0.278290] TCP established hash table entries: 4096 (order: 2, 16384 bytes, linear)
[    0.278333] TCP bind hash table entries: 4096 (order: 4, 65536 bytes, linear)
[    0.278432] TCP: Hash tables configured (established 4096 bind 4096)
[    0.278551] UDP hash table entries: 256 (order: 1, 14336 bytes, linear)
[    0.278586] UDP-Lite hash table entries: 256 (order: 1, 14336 bytes, linear)
[    0.278762] NET: Registered PF_UNIX/PF_LOCAL protocol family
[    0.281929] RPC: Registered named UNIX socket transport module.
[    0.281953] RPC: Registered udp transport module.
[    0.281958] RPC: Registered tcp transport module.
[    0.281963] RPC: Registered tcp-with-tls transport module.
[    0.281967] RPC: Registered tcp NFSv4.1 backchannel transport module.
[    0.281991] PCI: CLS 0 bytes, default 64
[    0.283373] Initialise system trusted keyrings
[    0.291963] workingset: timestamp_bits=14 max_order=17 bucket_order=3
[    0.293295] NFS: Registering the id_resolver key type
[    0.293360] Key type id_resolver registered
[    0.293368] Key type id_legacy registered
[    0.293414] jffs2: version 2.2. (NAND) (SUMMARY)  Â© 2001-2006 Red Hat, Inc.
[    0.293805] Key type asymmetric registered
[    0.293817] Asymmetric key parser 'x509' registered
[    0.293881] io scheduler mq-deadline registered
[    0.293891] io scheduler kyber registered
[    0.293961] io scheduler bfq registered
[    0.295500] ledtrig-cpu: registered to indicate activity on CPUs
[    0.301920] Serial: 8250/16550 driver, 6 ports, IRQ sharing enabled
[    0.338832] brd: module loaded
[    0.357249] loop: module loaded
[    0.358160] mtdoops: mtd device (mtddev=name/number) must be supplied
[    0.370478] mdio_bus fixed-0: using lookup tables for GPIO lookup
[    0.370504] mdio_bus fixed-0: No GPIO consumer reset found
[    0.371958] i2c_dev: i2c /dev entries driver
[    0.372919] cpuidle: enable-method property 'ti,am3352' found operations
[    0.373355] sdhci: Secure Digital Host Controller Interface driver
[    0.373364] sdhci: Copyright(c) Pierre Ossman
[    0.373536] sdhci-pltfm: SDHCI platform and OF driver helper
[    0.374536] Initializing XFRM netlink socket
[    0.374698] NET: Registered PF_INET6 protocol family
[    0.376727] Segment Routing with IPv6
[    0.376811] In-situ OAM (IOAM) with IPv6
[    0.376915] sit: IPv6, IPv4 and MPLS over IPv4 tunneling driver
[    0.377860] NET: Registered PF_PACKET protocol family
[    0.377894] NET: Registered PF_KEY protocol family
[    0.378018] Key type dns_resolver registered
[    0.378239] ThumbEE CPU extension supported.
[    0.378259] Registering SWP/SWPB emulation handler
[    0.378796] omap_voltage_late_init: Voltage driver support not added
[    0.379162] SmartReflex Class3 initialized
[    0.411605] Loading compiled-in X.509 certificates
[    0.455714] /ocp/interconnect@44c00000/segment@200000/target-module@b000/i2c@0/tda19988@70: Fixed dependency cycle(s) with /ocp/interconnect@48000000/segment@300000/target-module@e000/lcdc@0
[    0.462123] /ocp/interconnect@44c00000/segment@200000/target-module@b000/i2c@0/tda19988@70: Fixed dependency cycle(s) with /ocp/interconnect@48000000/segment@300000/target-module@e000/lcdc@0
[    0.467595] gpiochip_find_base_unlocked: found new base at 512
[    0.488925] /ocp/interconnect@44c00000/segment@200000/target-module@b000/i2c@0/tda19988@70: Fixed dependency cycle(s) with /ocp/interconnect@48000000/segment@300000/target-module@e000/lcdc@0
[    0.489803] /ocp/interconnect@44c00000/segment@200000/target-module@b000/i2c@0/tda19988@70: Fixed dependency cycle(s) with /ocp/interconnect@48000000/segment@300000/target-module@e000/lcdc@0
[    0.493579] /ocp/interconnect@44c00000/segment@200000/target-module@10000/scm@0/pinmux@800: Fixed dependency cycle(s) with /ocp/interconnect@44c00000/segment@200000/target-module@10000/scm@0/pinmux@800/clkout2-pins
[    0.494173] pinctrl-single 44e10800.pinmux: 142 pins, size 568
[    0.499305] ti-sysc 44e31000.target-module: probe with driver ti-sysc failed with error -16
[    0.528028] /ocp/interconnect@48000000/segment@300000/target-module@e000/lcdc@0: Fixed dependency cycle(s) with /ocp/interconnect@44c00000/segment@200000/target-module@b000/i2c@0/tda19988@70
[    0.536170] ti-sysc 48040000.target-module: probe with driver ti-sysc failed with error -16
[    0.547381] gpiochip_find_base_unlocked: found new base at 512
[    0.547479] gpio gpiochip0: (gpio-0-31): created GPIO range 0->7 ==> 44e10800.pinmux PIN 0->7
[    0.547511] gpio gpiochip0: (gpio-0-31): created GPIO range 8->11 ==> 44e10800.pinmux PIN 90->93
[    0.547528] gpio gpiochip0: (gpio-0-31): created GPIO range 12->27 ==> 44e10800.pinmux PIN 12->27
[    0.547543] gpio gpiochip0: (gpio-0-31): created GPIO range 28->31 ==> 44e10800.pinmux PIN 30->33
[    0.583400] gpio gpiochip0: (gpio-0-31): added GPIO chardev (254:0)
[    0.583564] gpio gpiochip0: registered GPIOs 512 to 543 on gpio-0-31
[    0.583648] OMAP GPIO hardware version 0.1
[    0.605533] i2c i2c-2: using DT '/ocp/interconnect@48000000/segment@100000/target-module@9c000/i2c@0' for 'scl' GPIO lookup
[    0.605607] of_get_named_gpiod_flags: can't parse 'scl-gpios' property of node '/ocp/interconnect@48000000/segment@100000/target-module@9c000/i2c@0[0]'
[    0.605649] of_get_named_gpiod_flags: can't parse 'scl-gpio' property of node '/ocp/interconnect@48000000/segment@100000/target-module@9c000/i2c@0[0]'
[    0.605684] i2c i2c-2: using lookup tables for GPIO lookup
[    0.605694] i2c i2c-2: No GPIO consumer scl found
[    0.605715] i2c i2c-2: using DT '/ocp/interconnect@48000000/segment@100000/target-module@9c000/i2c@0' for 'sda' GPIO lookup
[    0.605749] of_get_named_gpiod_flags: can't parse 'sda-gpios' property of node '/ocp/interconnect@48000000/segment@100000/target-module@9c000/i2c@0[0]'
[    0.605785] of_get_named_gpiod_flags: can't parse 'sda-gpio' property of node '/ocp/interconnect@48000000/segment@100000/target-module@9c000/i2c@0[0]'
[    0.605815] i2c i2c-2: using lookup tables for GPIO lookup
[    0.605822] i2c i2c-2: No GPIO consumer sda found
[    0.606518] omap_i2c 4819c000.i2c: bus 2 rev0.11 at 100 kHz
[    0.612207] gpiochip_find_base_unlocked: found new base at 544
[    0.612311] gpio gpiochip1: (gpio-32-63): created GPIO range 0->17 ==> 44e10800.pinmux PIN 34->51
[    0.612331] gpio gpiochip1: (gpio-32-63): created GPIO range 18->21 ==> 44e10800.pinmux PIN 77->80
[    0.612347] gpio gpiochip1: (gpio-32-63): created GPIO range 22->31 ==> 44e10800.pinmux PIN 56->65
[    0.625308] gpio gpiochip1: (gpio-32-63): added GPIO chardev (254:1)
[    0.625461] gpio gpiochip1: registered GPIOs 544 to 575 on gpio-32-63
[    0.627665] gpiochip_find_base_unlocked: found new base at 576
[    0.627752] gpio gpiochip2: (gpio-64-95): created GPIO range 0->4 ==> 44e10800.pinmux PIN 66->70
[    0.627771] gpio gpiochip2: (gpio-64-95): created GPIO range 5->6 ==> 44e10800.pinmux PIN 98->99
[    0.627787] gpio gpiochip2: (gpio-64-95): created GPIO range 7->8 ==> 44e10800.pinmux PIN 75->76
[    0.627802] gpio gpiochip2: (gpio-64-95): created GPIO range 13->13 ==> 44e10800.pinmux PIN 141->141
[    0.627818] gpio gpiochip2: (gpio-64-95): created GPIO range 14->21 ==> 44e10800.pinmux PIN 100->107
[    0.631660] gpio gpiochip2: (gpio-64-95): added GPIO chardev (254:2)
[    0.631811] gpio gpiochip2: registered GPIOs 576 to 607 on gpio-64-95
[    0.637283] 48000000.interconnect:segment@200000:target-module@0:mpu@0:fck: device ID is greater than 24
[    0.638156] /ocp/interconnect@48000000/segment@300000/target-module@e000/lcdc@0: Fixed dependency cycle(s) with /ocp/interconnect@44c00000/segment@200000/target-module@b000/i2c@0/tda19988@70
[    0.640860] /ocp/interconnect@48000000/segment@300000/target-module@e000/lcdc@0: Fixed dependency cycle(s) with /ocp/interconnect@44c00000/segment@200000/target-module@b000/i2c@0/tda19988@70
[    0.641801] /ocp/interconnect@44c00000/segment@200000/target-module@b000/i2c@0/tda19988@70: Fixed dependency cycle(s) with /ocp/interconnect@48000000/segment@300000/target-module@e000/lcdc@0
[    0.641967] /ocp/interconnect@48000000/segment@300000/target-module@e000/lcdc@0: Fixed dependency cycle(s) with /ocp/interconnect@44c00000/segment@200000/target-module@b000/i2c@0/tda19988@70
[    0.651425] mdio_bus 4a101000.mdio: using DT '/ocp/interconnect@4a000000/segment@0/target-module@100000/switch@0/mdio@1000' for 'reset' GPIO lookup
[    0.651501] of_get_named_gpiod_flags: can't parse 'reset-gpios' property of node '/ocp/interconnect@4a000000/segment@0/target-module@100000/switch@0/mdio@1000[0]'
[    0.651549] of_get_named_gpiod_flags: can't parse 'reset-gpio' property of node '/ocp/interconnect@4a000000/segment@0/target-module@100000/switch@0/mdio@1000[0]'
[    0.651596] mdio_bus 4a101000.mdio: using lookup tables for GPIO lookup
[    0.651606] mdio_bus 4a101000.mdio: No GPIO consumer reset found
[    0.652772] sdhci-omap 481d8000.mmc: using DT '/ocp/interconnect@48000000/segment@100000/target-module@d8000/mmc@0' for 'wp' GPIO lookup
[    0.652833] of_get_named_gpiod_flags: can't parse 'wp-gpios' property of node '/ocp/interconnect@48000000/segment@100000/target-module@d8000/mmc@0[0]'
[    0.652876] of_get_named_gpiod_flags: can't parse 'wp-gpio' property of node '/ocp/interconnect@48000000/segment@100000/target-module@d8000/mmc@0[0]'
[    0.652910] sdhci-omap 481d8000.mmc: using lookup tables for GPIO lookup
[    0.652919] sdhci-omap 481d8000.mmc: No GPIO consumer wp found
[    0.653115] sdhci-omap 481d8000.mmc: supply pbias not found, using dummy regulator
[    0.653615] sdhci-omap 481d8000.mmc: supply vqmmc not found, using dummy regulator
[    0.714111] davinci_mdio 4a101000.mdio: davinci mdio revision 1.6, bus freq 1000000
[    0.742617] mdio_bus 4a101000.mdio:00: using DT '/ocp/interconnect@4a000000/segment@0/target-module@100000/switch@0/mdio@1000/ethernet-phy@0' for 'reset' GPIO lookup
[    0.742718] of_get_named_gpiod_flags: parsed 'reset-gpios' property of node '/ocp/interconnect@4a000000/segment@0/target-module@100000/switch@0/mdio@1000/ethernet-phy@0[0]' - status (0)
[    0.742876] gpio gpiochip0: Persistence not supported for GPIO 8
[    0.875705] davinci_mdio 4a101000.mdio: phy[0]: device 4a101000.mdio:00, driver SMSC LAN8710/LAN8720
[    0.876496] cpsw-switch 4a100000.switch: initialized cpsw ale version 1.4
[    0.876520] cpsw-switch 4a100000.switch: ALE Table size 1024, Policers 0
[    0.876655] cpsw-switch 4a100000.switch: cpts: overflow check period 500 (jiffies)
[    0.876672] cpsw-switch 4a100000.switch: CPTS: ref_clk_freq:250000000 calc_mult:2147483648 calc_shift:29 error:0 nsec/sec
[    0.876776] cpsw-switch 4a100000.switch: Detected MACID = 6c:ec:eb:68:de:78
[    0.878521] cpsw-switch 4a100000.switch: initialized (regs 0x4a100000, pool size 256) hw_ver:0019010C 1.12 (0)
[    0.889290] debugfs: Directory '49000000.dma' with parent 'dmaengine' already present!
[    0.889331] edma 49000000.dma: TI EDMA DMA engine driver
[    0.933383] target-module@4b000000:target-module@140000:pmu@0:fck: device ID is greater than 24
[    0.952770] hw perfevents: enabled with armv7_cortex_a8 PMU driver, 5 (8000000f) counters available
[    0.953656] gpio-clk clk_mcasp0: using DT '/clk_mcasp0' for 'enable' GPIO lookup
[    0.953720] of_get_named_gpiod_flags: parsed 'enable-gpios' property of node '/clk_mcasp0[0]' - status (0)
[    0.953765] gpio gpiochip0: Persistence not supported for GPIO 27
[    0.954585] gpiochip_find_base_unlocked: found new base at 608
[    0.954690] gpio gpiochip3: (gpio-96-127): created GPIO range 0->7 ==> 44e10800.pinmux PIN 82->89
[    0.954710] gpio gpiochip3: (gpio-96-127): created GPIO range 8->11 ==> 44e10800.pinmux PIN 52->55
[    0.954727] gpio gpiochip3: (gpio-96-127): created GPIO range 12->15 ==> 44e10800.pinmux PIN 94->97
[    0.954743] gpio gpiochip3: (gpio-96-127): created GPIO range 16->17 ==> 44e10800.pinmux PIN 71->72
[    0.954759] gpio gpiochip3: (gpio-96-127): created GPIO range 18->18 ==> 44e10800.pinmux PIN 135->135
[    0.954775] gpio gpiochip3: (gpio-96-127): created GPIO range 19->20 ==> 44e10800.pinmux PIN 108->109
[    0.954791] gpio gpiochip3: (gpio-96-127): created GPIO range 21->21 ==> 44e10800.pinmux PIN 73->73
[    0.954808] gpio gpiochip3: (gpio-96-127): created GPIO range 22->23 ==> 44e10800.pinmux PIN 8->9
[    0.954825] gpio gpiochip3: (gpio-96-127): created GPIO range 26->27 ==> 44e10800.pinmux PIN 10->11
[    0.954842] gpio gpiochip3: (gpio-96-127): created GPIO range 28->28 ==> 44e10800.pinmux PIN 74->74
[    0.954860] gpio gpiochip3: (gpio-96-127): created GPIO range 29->29 ==> 44e10800.pinmux PIN 81->81
[    0.954878] gpio gpiochip3: (gpio-96-127): created GPIO range 30->31 ==> 44e10800.pinmux PIN 28->29
[    0.960449] l3-aon-clkctrl:0000:0: failed to disable
[    0.960747] gpio gpiochip3: (gpio-96-127): added GPIO chardev (254:3)
[    0.960878] gpio gpiochip3: registered GPIOs 608 to 639 on gpio-96-127
[    0.963067] omap8250 44e09000.serial: using DT '/ocp/interconnect@44c00000/segment@200000/target-module@9000/serial@0' for 'rs485-term' GPIO lookup
[    0.963137] of_get_named_gpiod_flags: can't parse 'rs485-term-gpios' property of node '/ocp/interconnect@44c00000/segment@200000/target-module@9000/serial@0[0]'
[    0.963179] of_get_named_gpiod_flags: can't parse 'rs485-term-gpio' property of node '/ocp/interconnect@44c00000/segment@200000/target-module@9000/serial@0[0]'
[    0.963215] omap8250 44e09000.serial: using lookup tables for GPIO lookup
[    0.963225] omap8250 44e09000.serial: No GPIO consumer rs485-term found
[    0.963234] omap8250 44e09000.serial: using DT '/ocp/interconnect@44c00000/segment@200000/target-module@9000/serial@0' for 'rs485-rx-during-tx' GPIO lookup
[    0.963268] of_get_named_gpiod_flags: can't parse 'rs485-rx-during-tx-gpios' property of node '/ocp/interconnect@44c00000/segment@200000/target-module@9000/serial@0[0]'
[    0.963304] of_get_named_gpiod_flags: can't parse 'rs485-rx-during-tx-gpio' property of node '/ocp/interconnect@44c00000/segment@200000/target-module@9000/serial@0[0]'
[    0.963335] omap8250 44e09000.serial: using lookup tables for GPIO lookup
[    0.963342] omap8250 44e09000.serial: No GPIO consumer rs485-rx-during-tx found
[    0.963708] 44e09000.serial: ttyS0 at MMIO 0x44e09000 (irq = 34, base_baud = 3000000) is a 8250
[    0.963798] printk: legacy console [ttyS0] enabled
[    2.414528] i2c i2c-0: using DT '/ocp/interconnect@44c00000/segment@200000/target-module@b000/i2c@0' for 'scl' GPIO lookup
[    2.414617] of_get_named_gpiod_flags: can't parse 'scl-gpios' property of node '/ocp/interconnect@44c00000/segment@200000/target-module@b000/i2c@0[0]'
[    2.414661] of_get_named_gpiod_flags: can't parse 'scl-gpio' property of node '/ocp/interconnect@44c00000/segment@200000/target-module@b000/i2c@0[0]'
[    2.414701] i2c i2c-0: using lookup tables for GPIO lookup
[    2.414715] i2c i2c-0: No GPIO consumer scl found
[    2.414739] i2c i2c-0: using DT '/ocp/interconnect@44c00000/segment@200000/target-module@b000/i2c@0' for 'sda' GPIO lookup
[    2.414778] of_get_named_gpiod_flags: can't parse 'sda-gpios' property of node '/ocp/interconnect@44c00000/segment@200000/target-module@b000/i2c@0[0]'
[    2.414818] of_get_named_gpiod_flags: can't parse 'sda-gpio' property of node '/ocp/interconnect@44c00000/segment@200000/target-module@b000/i2c@0[0]'
[    2.414853] i2c i2c-0: using lookup tables for GPIO lookup
[    2.414864] i2c i2c-0: No GPIO consumer sda found
[    2.432267] tps65217-pmic: Failed to locate of_node [id: -1]
[    2.438338] tps65217-bl: Failed to locate of_node [id: -1]
[    2.449722] tps65217 0-0024: TPS65217 ID 0xe version 1.2
[    2.455832] /ocp/interconnect@48000000/segment@300000/target-module@e000/lcdc@0: Fixed dependency cycle(s) with /ocp/interconnect@44c00000/segment@200000/target-module@b000/i2c@0/tda19988@70
[    2.473215] /ocp/interconnect@44c00000/segment@200000/target-module@b000/i2c@0/tda19988@70: Fixed dependency cycle(s) with /ocp/interconnect@48000000/segment@300000/target-module@e000/lcdc@0
[    2.490575] omap_i2c 44e0b000.i2c: bus 0 rev0.11 at 400 kHz
[    2.498361] sdhci-omap 48060000.mmc: using DT '/ocp/interconnect@48000000/segment@0/target-module@60000/mmc@0' for 'cd' GPIO lookup
[    2.498469] of_get_named_gpiod_flags: parsed 'cd-gpios' property of node '/ocp/interconnect@48000000/segment@0/target-module@60000/mmc@0[0]' - status (0)
[    2.498535] gpio gpiochip3: Persistence not supported for GPIO 6
[    2.498560] omap_gpio 44e07000.gpio: Could not set line 6 debounce to 200000 microseconds (-22)
[    2.507442] sdhci-omap 48060000.mmc: Got CD GPIO
[    2.512123] sdhci-omap 48060000.mmc: using DT '/ocp/interconnect@48000000/segment@0/target-module@60000/mmc@0' for 'wp' GPIO lookup
[    2.512172] of_get_named_gpiod_flags: can't parse 'wp-gpios' property of node '/ocp/interconnect@48000000/segment@0/target-module@60000/mmc@0[0]'
[    2.512216] of_get_named_gpiod_flags: can't parse 'wp-gpio' property of node '/ocp/interconnect@48000000/segment@0/target-module@60000/mmc@0[0]'
[    2.512254] sdhci-omap 48060000.mmc: using lookup tables for GPIO lookup
[    2.512269] sdhci-omap 48060000.mmc: No GPIO consumer wp found
[    2.512481] sdhci-omap 48060000.mmc: supply pbias not found, using dummy regulator
[    2.521149] sdhci-omap 481d8000.mmc: using DT '/ocp/interconnect@48000000/segment@100000/target-module@d8000/mmc@0' for 'wp' GPIO lookup
[    2.521221] of_get_named_gpiod_flags: can't parse 'wp-gpios' property of node '/ocp/interconnect@48000000/segment@100000/target-module@d8000/mmc@0[0]'
[    2.521374] of_get_named_gpiod_flags: can't parse 'wp-gpio' property of node '/ocp/interconnect@48000000/segment@100000/target-module@d8000/mmc@0[0]'
[    2.521420] sdhci-omap 481d8000.mmc: using lookup tables for GPIO lookup
[    2.521433] sdhci-omap 481d8000.mmc: No GPIO consumer wp found
[    2.522766] sdhci-omap 48060000.mmc: supply vqmmc not found, using dummy regulator
[    2.531765] sdhci-omap 481d8000.mmc: supply pbias not found, using dummy regulator
[    2.539753] sdhci-omap 481d8000.mmc: supply vqmmc not found, using dummy regulator
[    2.576198] mmc0: SDHCI controller on 48060000.mmc [48060000.mmc] using External DMA
[    2.586656] mmc1: SDHCI controller on 481d8000.mmc [481d8000.mmc] using External DMA
[    2.595427] cpsw-switch 4a100000.switch: starting ndev. mode: dual_mac
[    2.640498] mmc0: new high speed SDHC card at address 5048
[    2.647555] mmcblk0: mmc0:5048 SD16G 14.4 GiB
[    2.655590]  mmcblk0: p1 p2
