Labgrid Console Logfile for main
Logfile started at 2025-03-28 10:23:32.634540
=== Log starts here ===

U-Boot SPL 2014.04-00014-g47880f5 (Apr 22 2014 - 13:23:54)
reading args
spl_load_image_fat_os: error reading image args, err - -1
reading u-boot.img
reading u-boot.img


U-Boot 2014.04-00014-g47880f5 (Apr 22 2014 - 13:23:54)

I2C:   ready
DRAM:  512 MiB
NAND:  0 MiB
MMC:   OMAP SD/MMC: 0, OMAP SD/MMC: 1
*** Warning - readenv() failed, using default environment

Net:   <ethaddr> not set. Validating first E-fuse MAC
cpsw, usb_ether
Hit any key to stop autoboot:  1  0 
gpio: pin 53 (gpio 53) value is 1
mmc0 is current device
gpio: pin 54 (gpio 54) value is 1
SD/MMC found on device 0
reading uEnv.txt
569 bytes read in 4 ms (138.7 KiB/s)
gpio: pin 55 (gpio 55) value is 1
Loaded environment from uEnv.txt
Importing environment from mmc ...
Checking if uenvcmd is set ...
gpio: pin 56 (gpio 56) value is 1
Running uenvcmd ...
cpsw Waiting for PHY auto negotiation to complete. done
link up on port 0, speed 100, full duplex
Using cpsw device
TFTP from server 192.168.255.126; our IP address is 192.168.255.1
Filename 'zImage'.
Load address: 0x81000000
Loading: *#################################################################
	 #################################################################
	 #################################################################
	 #################################################################
	 #################################################################
	 ############################################################
	 2.4 MiB/s
done
Bytes transferred = 5640464 (561110 hex)
link up on port 0, speed 100, full duplex
Using cpsw device
TFTP from server 192.168.255.126; our IP address is 192.168.255.1
Filename 'am335x-boneblack.dtb'.
Load address: 0x82000000
Loading: *#######
	 2.3 MiB/s
done
Bytes transferred = 98244 (17fc4 hex)
Kernel image @ 0x81000000 [ 0x000000 - 0x561110 ]
## Flattened Device Tree blob at 82000000
   Booting using the fdt blob at 0x82000000
   Using Device Tree in place at 82000000, end 8201afc3

Starting kernel ...

[    0.000000] Booting Linux on physical CPU 0x0
[    0.000000] Linux version 6.14.0-next-20250328 (user01@drvtest01) (arm-none-eabi-gcc (Arm GNU Toolchain 14.2.Rel1 (Build arm-14.52)) 14.2.1 20241119, GNU ld (Arm GNU Toolchain 14.2.Rel1 (Build arm-14.52)) 2.43.1.20241119) #1 SMP Fri Mar 28 10:22:11 EET 2025
[    0.000000] CPU: ARMv7 Processor [413fc082] revision 2 (ARMv7), cr=10c5387d
[    0.000000] CPU: PIPT / VIPT nonaliasing data cache, VIPT aliasing instruction cache
[    0.000000] OF: fdt: Machine model: TI AM335x BeagleBone Black
[    0.000000] Memory policy: Data cache writeback
[    0.000000] cma: Reserved 16 MiB at 0x00000000
[    0.000000] Zone ranges:
[    0.000000]   Normal   [mem 0x0000000080000000-0x000000009fdfffff]
[    0.000000]   HighMem  empty
[    0.000000] Movable zone start for each node
[    0.000000] Early memory node ranges
[    0.000000]   node   0: [mem 0x0000000080000000-0x000000009fdfffff]
[    0.000000] Initmem setup node 0 [mem 0x0000000080000000-0x000000009fdfffff]
[    0.000000] On node 0, zone Normal: 512 pages in unavailable ranges
[    0.000000] OF: reserved mem: Reserved memory: No reserved-memory node in the DT
[    0.000000] CPU: All CPU(s) started in SVC mode.
[    0.000000] AM335X ES2.1 (sgx neon)
[    0.000000] percpu: Embedded 17 pages/cpu s39692 r8192 d21748 u69632
[    0.000000] Kernel command line: console=ttyO0,115200n8 root=/dev/nfs rw nfsroot=192.168.255.126:/home/user01/nfs,nfsvers=3 ip=192.168.255.1:192.168.255.126::255.255.255.0:bbb1:eth0 nfsrootdebug
[    0.000000] Unknown kernel command line parameters "nfsrootdebug", will be passed to user space.
[    0.000000] printk: log buffer data + meta data: 65536 + 204800 = 270336 bytes
[    0.000000] Dentry cache hash table entries: 65536 (order: 6, 262144 bytes, linear)
[    0.000000] Inode-cache hash table entries: 32768 (order: 5, 131072 bytes, linear)
[    0.000000] Built 1 zonelists, mobility grouping on.  Total pages: 130560
[    0.000000] mem auto-init: stack:off, heap alloc:off, heap free:off
[    0.000000] SLUB: HWalign=16, Order=0-3, MinObjects=0, CPUs=1, Nodes=1
[    0.000000] rcu: Hierarchical RCU implementation.
[    0.000000] rcu: 	RCU event tracing is enabled.
[    0.000000] rcu: 	RCU restricting CPUs from NR_CPUS=2 to nr_cpu_ids=1.
[    0.000000] 	Tracing variant of Tasks RCU enabled.
[    0.000000] rcu: RCU calculated value of scheduler-enlistment delay is 10 jiffies.
[    0.000000] rcu: Adjusting geometry for rcu_fanout_leaf=16, nr_cpu_ids=1
[    0.000000] RCU Tasks Trace: Setting shift to 0 and lim to 1 rcu_task_cb_adjust=1 rcu_task_cpu_ids=1.
[    0.000000] NR_IRQS: 16, nr_irqs: 16, preallocated irqs: 16
[    0.000000] IRQ: Found an INTC at 0x(ptrval) (revision 5.0) with 128 interrupts
[    0.000000] rcu: srcu_init: Setting srcu_struct sizes based on contention.
[    0.000000] TI gptimer clocksource: always-on /ocp/interconnect@44c00000/segment@200000/target-module@31000
[    0.000003] sched_clock: 32 bits at 24MHz, resolution 41ns, wraps every 89478484971ns
[    0.000025] clocksource: dmtimer: mask: 0xffffffff max_cycles: 0xffffffff, max_idle_ns: 79635851949 ns
[    0.000506] TI gptimer clockevent: 24000000 Hz at /ocp/interconnect@48000000/segment@0/target-module@40000
[    0.002137] Console: colour dummy device 80x30
[    0.002203] WARNING: Your 'console=ttyO0' has been replaced by 'ttyS0'
[    0.002211] This ensures that you still see kernel messages. Please
[    0.002216] update your kernel commandline.
[    0.002259] Calibrating delay loop... 996.14 BogoMIPS (lpj=4980736)
[    0.090555] CPU: Testing write buffer coherency: ok
[    0.090665] CPU0: Spectre v2: using BPIALL workaround
[    0.090674] pid_max: default: 32768 minimum: 301
[    0.090831] LSM: initializing lsm=capability
[    0.091015] Mount-cache hash table entries: 1024 (order: 0, 4096 bytes, linear)
[    0.091034] Mountpoint-cache hash table entries: 1024 (order: 0, 4096 bytes, linear)
[    0.092663] CPU0: thread -1, cpu 0, socket -1, mpidr 0
[    0.092723] cacheinfo: Unable to detect cache hierarchy for CPU 0
[    0.150743] Setting up static identity map for 0x80100000 - 0x80100078
[    0.160702] rcu: Hierarchical SRCU implementation.
[    0.160715] rcu: 	Max phase no-delay instances is 1000.
[    0.180748] smp: Bringing up secondary CPUs ...
[    0.180803] smp: Brought up 1 node, 1 CPU
[    0.180816] SMP: Total of 1 processors activated (996.14 BogoMIPS).
[    0.180828] CPU: All CPU(s) started in SVC mode.
[    0.181023] Memory: 480824K/522240K available (11264K kernel code, 1216K rwdata, 2976K rodata, 1024K init, 288K bss, 23384K reserved, 16384K cma-reserved, 0K highmem)
[    0.181867] devtmpfs: initialized
[    0.198842] VFP support v0.3: implementor 41 architecture 3 part 30 variant c rev 3
[    0.199494] clocksource: jiffies: mask: 0xffffffff max_cycles: 0xffffffff, max_idle_ns: 19112604462750000 ns
[    0.199533] posixtimers hash table entries: 512 (order: 0, 4096 bytes, linear)
[    0.199552] futex hash table entries: 256 (order: 2, 16384 bytes, linear)
[    0.200888] pinctrl core: initialized pinctrl subsystem
[    0.203030] NET: Registered PF_NETLINK/PF_ROUTE protocol family
[    0.205840] DMA: preallocated 256 KiB pool for atomic coherent allocations
[    0.206770] audit: initializing netlink subsys (disabled)
[    0.208169] thermal_sys: Registered thermal governor 'fair_share'
[    0.208187] thermal_sys: Registered thermal governor 'step_wise'
[    0.208197] thermal_sys: Registered thermal governor 'user_space'
[    0.208343] audit: type=2000 audit(0.200:1): state=initialized audit_enabled=0 res=1
[    0.208379] cpuidle: using governor menu
[    0.226664] /ocp/interconnect@44c00000/segment@200000/target-module@b000/i2c@0/tda19988@70: Fixed dependency cycle(s) with /ocp/interconnect@48000000/segment@300000/target-module@e000/lcdc@0
[    0.227793] /ocp/interconnect@48000000/segment@300000/target-module@e000/lcdc@0: Fixed dependency cycle(s) with /ocp/interconnect@44c00000/segment@200000/target-module@b000/i2c@0/tda19988@70
[    0.229993] No ATAGs?
[    0.230038] hw-breakpoint: debug architecture 0x4 unsupported.
[    0.232905] kprobes: kprobe jump-optimization is enabled. All kprobes are optimized if possible.
[    0.243856] iommu: Default domain type: Translated
[    0.243881] iommu: DMA domain TLB invalidation policy: strict mode
[    0.251545] SCSI subsystem initialized
[    0.252409] pps_core: LinuxPPS API ver. 1 registered
[    0.252419] pps_core: Software ver. 5.3.6 - Copyright 2005-2007 Rodolfo Giometti <giometti@linux.it>
[    0.252443] PTP clock support registered
[    0.260941] vgaarb: loaded
[    0.261313] clocksource: Switched to clocksource dmtimer
[    0.261992] VFS: Disk quotas dquot_6.6.0
[    0.262054] VFS: Dquot-cache hash table entries: 1024 (order 0, 4096 bytes)
[    0.286231] NET: Registered PF_INET protocol family
[    0.286567] IP idents hash table entries: 8192 (order: 4, 65536 bytes, linear)
[    0.288003] tcp_listen_portaddr_hash hash table entries: 512 (order: 0, 4096 bytes, linear)
[    0.288043] Table-perturb hash table entries: 65536 (order: 6, 262144 bytes, linear)
[    0.288061] TCP established hash table entries: 4096 (order: 2, 16384 bytes, linear)
[    0.288106] TCP bind hash table entries: 4096 (order: 4, 65536 bytes, linear)
[    0.288206] TCP: Hash tables configured (established 4096 bind 4096)
[    0.288330] UDP hash table entries: 256 (order: 1, 14336 bytes, linear)
[    0.288365] UDP-Lite hash table entries: 256 (order: 1, 14336 bytes, linear)
[    0.288558] NET: Registered PF_UNIX/PF_LOCAL protocol family
[    0.289830] RPC: Registered named UNIX socket transport module.
[    0.289853] RPC: Registered udp transport module.
[    0.289859] RPC: Registered tcp transport module.
[    0.289864] RPC: Registered tcp-with-tls transport module.
[    0.289869] RPC: Registered tcp NFSv4.1 backchannel transport module.
[    0.289893] PCI: CLS 0 bytes, default 64
[    0.291399] Initialise system trusted keyrings
[    0.301593] workingset: timestamp_bits=14 max_order=17 bucket_order=3
[    0.302962] NFS: Registering the id_resolver key type
[    0.303075] Key type id_resolver registered
[    0.303082] Key type id_legacy registered
[    0.303191] jffs2: version 2.2. (NAND) (SUMMARY)  Â© 2001-2006 Red Hat, Inc.
[    0.303613] Key type asymmetric registered
[    0.303631] Asymmetric key parser 'x509' registered
[    0.303698] io scheduler mq-deadline registered
[    0.303709] io scheduler kyber registered
[    0.303784] io scheduler bfq registered
[    0.305382] ledtrig-cpu: registered to indicate activity on CPUs
[    0.312267] Serial: 8250/16550 driver, 6 ports, IRQ sharing enabled
[    0.357809] brd: module loaded
[    0.377128] loop: module loaded
[    0.378049] mtdoops: mtd device (mtddev=name/number) must be supplied
[    0.381128] i2c_dev: i2c /dev entries driver
[    0.382299] cpuidle: enable-method property 'ti,am3352' found operations
[    0.382762] sdhci: Secure Digital Host Controller Interface driver
[    0.382773] sdhci: Copyright(c) Pierre Ossman
[    0.382935] sdhci-pltfm: SDHCI platform and OF driver helper
[    0.383939] Initializing XFRM netlink socket
[    0.384121] NET: Registered PF_INET6 protocol family
[    0.399052] Segment Routing with IPv6
[    0.399144] In-situ OAM (IOAM) with IPv6
[    0.399244] sit: IPv6, IPv4 and MPLS over IPv4 tunneling driver
[    0.400213] NET: Registered PF_PACKET protocol family
[    0.400249] NET: Registered PF_KEY protocol family
[    0.400374] Key type dns_resolver registered
[    0.400599] ThumbEE CPU extension supported.
[    0.400617] Registering SWP/SWPB emulation handler
[    0.401156] omap_voltage_late_init: Voltage driver support not added
[    0.401636] SmartReflex Class3 initialized
[    0.432377] Loading compiled-in X.509 certificates
[    0.463940] /ocp/interconnect@44c00000/segment@200000/target-module@b000/i2c@0/tda19988@70: Fixed dependency cycle(s) with /ocp/interconnect@48000000/segment@300000/target-module@e000/lcdc@0
[    0.470450] /ocp/interconnect@44c00000/segment@200000/target-module@b000/i2c@0/tda19988@70: Fixed dependency cycle(s) with /ocp/interconnect@48000000/segment@300000/target-module@e000/lcdc@0
[    0.498327] /ocp/interconnect@44c00000/segment@200000/target-module@b000/i2c@0/tda19988@70: Fixed dependency cycle(s) with /ocp/interconnect@48000000/segment@300000/target-module@e000/lcdc@0
[    0.499251] /ocp/interconnect@44c00000/segment@200000/target-module@b000/i2c@0/tda19988@70: Fixed dependency cycle(s) with /ocp/interconnect@48000000/segment@300000/target-module@e000/lcdc@0
[    0.503055] /ocp/interconnect@44c00000/segment@200000/target-module@10000/scm@0/pinmux@800: Fixed dependency cycle(s) with /ocp/interconnect@44c00000/segment@200000/target-module@10000/scm@0/pinmux@800/clkout2-pins
[    0.503680] pinctrl-single 44e10800.pinmux: 142 pins, size 568
[    0.509019] ti-sysc 44e31000.target-module: probe with driver ti-sysc failed with error -16
[    0.537397] /ocp/interconnect@48000000/segment@300000/target-module@e000/lcdc@0: Fixed dependency cycle(s) with /ocp/interconnect@44c00000/segment@200000/target-module@b000/i2c@0/tda19988@70
[    0.545811] ti-sysc 48040000.target-module: probe with driver ti-sysc failed with error -16
[    0.581659] OMAP GPIO hardware version 0.1
[    0.616422] omap_i2c 4819c000.i2c: bus 2 rev0.11 at 100 kHz
[    0.644477] 48000000.interconnect:segment@200000:target-module@0:mpu@0:fck: device ID is greater than 24
[    0.645408] /ocp/interconnect@48000000/segment@300000/target-module@e000/lcdc@0: Fixed dependency cycle(s) with /ocp/interconnect@44c00000/segment@200000/target-module@b000/i2c@0/tda19988@70
[    0.648266] /ocp/interconnect@48000000/segment@300000/target-module@e000/lcdc@0: Fixed dependency cycle(s) with /ocp/interconnect@44c00000/segment@200000/target-module@b000/i2c@0/tda19988@70
[    0.648970] /ocp/interconnect@44c00000/segment@200000/target-module@b000/i2c@0/tda19988@70: Fixed dependency cycle(s) with /ocp/interconnect@48000000/segment@300000/target-module@e000/lcdc@0
[    0.649149] /ocp/interconnect@48000000/segment@300000/target-module@e000/lcdc@0: Fixed dependency cycle(s) with /ocp/interconnect@44c00000/segment@200000/target-module@b000/i2c@0/tda19988@70
[    0.660380] sdhci-omap 481d8000.mmc: supply pbias not found, using dummy regulator
[    0.660880] sdhci-omap 481d8000.mmc: supply vqmmc not found, using dummy regulator
[    0.702535] davinci_mdio 4a101000.mdio: davinci mdio revision 1.6, bus freq 1000000
[    0.845834] davinci_mdio 4a101000.mdio: phy[0]: device 4a101000.mdio:00, driver SMSC LAN8710/LAN8720
[    0.846617] cpsw-switch 4a100000.switch: initialized cpsw ale version 1.4
[    0.846639] cpsw-switch 4a100000.switch: ALE Tabl e size 1024, Policers 0
[    0.846953] cpsw-switch 4a100000.s witch: cpts: overflow check period 500 (jiffies)
[    0.84697 4] cpsw-switch 4a100000.switch: CPTS: ref_clk_freq:250000000 c alc_mult:2147483648 calc_shift:29 error:0 nsec/sec
[    0.847 089] cps
[    2.452292] tps65217-pmic: Failed to locate of_node [id: -1]
[    2.458362] tps65217-bl: Failed to locate of_node [id: -1]
[    2.465844] platform tps65217-charger: DMA mask not set
[    2.473154] platform tps65217-pwrbutton: DMA mask not set
[    2.480931] tps65217 0-0024: TPS65217 ID 0xe version 1.2
[    2.487089] /ocp/interconnect@48000000/segment@300000/target-module@e000/lcdc@0: Fixed dependency cycle(s) with /ocp/interconnect@44c00000/segment@200000/target-module@b000/i2c@0/tda19988@70
[    2.504460] /ocp/interconnect@44c00000/segment@200000/target-module@b000/i2c@0/tda19988@70: Fixed dependency cycle(s) with /ocp/interconnect@48000000/segment@300000/target-module@e000/lcdc@0
[    2.521836] omap_i2c 44e0b000.i2c: bus 0 rev0.11 at 400 kHz
[    2.529812] omap_gpio 44e07000.gpio: Could not set line 6 debounce to 200000 microseconds (-22)
[    2.538677] sdhci-omap 48060000.mmc: Got CD GPIO
[    2.543710] sdhci-omap 48060000.mmc: supply pbias not found, using dummy regulator
[    2.553747] sdhci-omap 48060000.mmc: supply vqmmc not found, using dummy regulator
[    2.562704] sdhci-omap 481d8000.mmc: supply pbias not found, using dummy regulator
[    2.570719] sdhci-omap 481d8000.mmc: supply vqmmc not found, using dummy regulator
[    2.609171] mmc1: SDHCI controller on 481d8000.mmc [481d8000.mmc] using External DMA
[    2.618200] mmc0: SDHCI controller on 48060000.mmc [48060000.mmc] using External DMA
[    2.627080] cpsw-switch 4a100000.switch: starting ndev. mode: dual_mac
[    2.670565] mmc0: new high speed SDHC card at address 5048
[    2.677642] mmcblk0: mmc0:5048 SD16G 14.4 GiB
[    2.685672]  mmcblk0: p1 p2
[    2.689085] mmcblk0: p2 size 31221760 extends beyond EOD, truncated
[    2.702552] SMSC LAN8710/LAN8720 4a101000.mdio:00: attached PHY driver (mii_bus:phy_addr=4a101000.mdio:00, irq=POLL)
[    2.715137] mmc1: new high speed MMC card at address 0001
[    2.722176] mmcblk1: mmc1:0001 MMC04G 3.60 GiB
[    2.733811]  mmcblk1: p1 p2
[    2.738076] mmcblk1boot0: mmc1:0001 MMC04G 2.00 MiB
[    2.745426] mmcblk1boot1: mmc1:0001 MMC04G 2.00 MiB
[    2.752963] mmcblk1rpmb: mmc1:0001 MMC04G 128 KiB, chardev (250:0)
[    5.842079] cpsw-switch 4a100000.switch eth0: Link is Up - 100Mbps/Full - flow control off
[    5.871333] IP-Config: Complete:
[    5.874604]      device=eth0, hwaddr=6c:ec:eb:68:de:78, ipaddr=192.168.255.1, mask=255.255.255.0, gw=255.255.255.255
[    5.885243]      host=bbb1, domain=, nis-domain=(none)
[    5.890412]      bootserver=192.168.255.126, rootserver=192.168.255.126, rootpath=
[    5.890840] clk: Disabling unused clocks
[    5.902715] PM: genpd: Disabling unused power domains
[    5.907831] KTAP version 1
[    5.910552] 1..0
[    5.935394] VFS: Mounted root (nfs filesystem) on device 0:17.
[    5.942482] devtmpfs: mounted
[    5.946972] Freeing unused kernel image (initmem) memory: 1024K
[    5.953849] Run /sbin/init as init process
[    6.658774] systemd[1]: System time before build time, advancing clock.
[    8.121338] random: crng init done
[    8.161750] systemd[1]: systemd 232 running in system mode. (+PAM +AUDIT +SELINUX +IMA +APPARMOR +SMACK +SYSVINIT +UTMP +LIBCRYPTSETUP +GCRYPT +GNUTLS +ACL +XZ +LZ4 +SECCOMP +BLKID +ELFUTILS +KMOD +IDN)
[    8.180650] systemd[1]: Detected architecture arm.

Welcome to [1mDebian GNU/Linux 9 (stretch)[0m!

[    8.214574] systemd[1]: Set hostname to <arm>.
[    9.363782] systemd[1]: Listening on /dev/initctl Compatibility Named Pipe.
[[0;32m  OK  [0m] Listening on /dev/initctl Compatibility Named Pipe.
[    9.392402] systemd[1]: Listening on Journal Audit Socket.
[[0;32m  OK  [0m] Listening on Journal Audit Socket.
[    9.422205] systemd[1]: Started Forward Password Requests to Wall Directory Watch.
[[0;32m  OK  [0m] Started Forward Password Requests to Wall Directory Watch.
[    9.452181] systemd[1]: Started Dispatch Password Requests to Console Directory Watch.
[[0;32m  OK  [0m] Started Dispatch Password Requests to Console Directory Watch.
[    9.481683] systemd[1]: Reached target Encrypted Volumes.
[[0;32m  OK  [0m] Reached target Encrypted Volumes.
[    9.511630] systemd[1]: Reached target Remote File Systems.
[[0;32m  OK  [0m] Reached target Remote File Systems.
[    9.541614] systemd[1]: Reached target Paths.
[[0;32m  OK  [0m] Reached target Paths.
[[0;32m  OK  [0m] Listening on udev Control Socket.
[[0;32m  OK  [0m] Listening on Journal Socket (/dev/log).
[[0;32m  OK  [0m] Reached target Swap.
[[0;32m  OK  [0m] Created slice System Slice.
[[0;32m  OK  [0m] Created slice User and Session Slice.
[[0;32m  OK  [0m] Reached target Slices.
[[0;32m  OK  [0m] Listening on Journal Socket.
         Starting Remount Root and Kernel File Systems...
         Starting Load Kernel Modules...
[[0;32m  OK  [0m] Listening on Syslog Socket.
         Starting Journal Service...
[[0;32m  OK  [0m] Listening on udev Kernel Socket.
[[0;32m  OK  [0m] Created slice system-serial\x2dgetty.slice.
         Starting Create list of required stâ€¦ce nodes for the current kernel...
[[0;32m  OK  [0m] Set up automount Arbitrary Executabâ€¦rmats File System Automount Point.
         Mounting Debug File System...
[[0;32m  OK  [0m] Created slice system-getty.slice.
         Mounting POSIX Message Queue File System...
[[0;32m  OK  [0m] Started Remount Root and Kernel File Systems.
[[0;32m  OK  [0m] Started Load Kernel Modules.
[[0;32m  OK  [0m] Started Create list of required staâ€¦vice nodes for the current kernel.
         Starting Create Static Device Nodes in /dev...
         Mounting Configuration File System...
         Starting Apply Kernel Variables...
         Starting Load/Save Random Seed...
         Starting udev Coldplug all Devices...
[[0;32m  OK  [0m] Mounted POSIX Message Queue File System.
[[0;32m  OK  [0m] Mounted Debug File System.
[[0;32m  OK  [0m] Mounted Configuration File System.
[[0;32m  OK  [0m] Started Apply Kernel Variables.
[[0;32m  OK  [0m] Started Load/Save Random Seed.
[[0;32m  OK  [0m] Started Journal Service.
         Starting Flush Journal to Persistent Storage...
[[0;32m  OK  [0m] Started Create Static Device Nodes in /dev.
         Starting udev Kernel Device Manager...
[[0;32m  OK  [0m] Reached target Local File Systems (Pre).
[[0;32m  OK  [0m] Reached target Local File Systems.
         Starting Raise network interfaces...
[   11.530008] systemd-journald[82]: Received request to flush runtime journal from PID 1
[[0;32m  OK  [0m] Started Flush Journal to Persistent Storage.
         Starting Create Volatile Files and Directories...
[[0;32m  OK  [0m] Started udev Kernel Device Manager.
[[0;32m  OK  [0m] Started Create Volatile Files and Directories.
         Starting Update UTMP about System Boot/Shutdown...
         Starting Network Time Synchronization...
[[0;32m  OK  [0m] Started Update UTMP about System Boot/Shutdown.
[[0;32m  OK  [0m] Started udev Coldplug all Devices.
[   14.820160] remoteproc remoteproc0: wkup_m3 is available
[[0;32m  OK  [0m] Started Network Time Synchronization.
[   15.060363] wkup_m3_ipc 44e11324.wkup_m3_ipc: IPC Request for A8->M3 Channel failed! -517
[   15.125068] wkup_m3_ipc 44e11324.wkup_m3_ipc: IPC Request for A8->M3 Channel failed! -517
[   15.168726] at24 2-0054: supply vcc not found, using dummy regulator
[   15.311979] at24 2-0055: supply vcc not found, using dummy regulator
[[0;32m  OK  [0m] Found device /dev/ttyS0.
[   15.430834] at24 2-0056: supply vcc not found, using dummy regulator
[   15.546693] at24 2-0057: supply vcc not found, using dummy regulator
[   15.574930] input: tps65217_pwrbutton as /devices/platform/ocp/44c00000.interconnect/44c00000.interconnect:segment@200000/44e0b000.target-module/44e0b000.i2c/i2c-0/0-0024/tps65217-pwrbutton/input/input0
[   15.595790] wkup_m3_ipc 44e11324.wkup_m3_ipc: IPC Request for A8->M3 Channel failed! -517
[   15.666616] omap_rtc 44e3e000.rtc: registered as rtc0
[   15.671984] omap_rtc 44e3e000.rtc: setting system clock to 2000-01-01T00:00:00 UTC (946684800)
[   15.705953] at24 0-0050: 32768 byte 24c256 EEPROM, writable, 1 bytes/write
[   15.748195] wkup_m3_ipc 44e11324.wkup_m3_ipc: IPC Request for A8->M3 Channel failed! -517
[   15.782512] omap_wdt: OMAP Watchdog Timer Rev 0x01: initial timeout 60 sec
[   15.857719] wkup_m3_ipc 44e11324.wkup_m3_ipc: IPC Request for A8->M3 Channel failed! -517
[[0;32m  OK  [0m] Reached target System Time Synchronized.
[[0;32m  OK  [0m] Reached target System Initialization.
[[0;32m  OK  [0m] Started Daily apt download activities.
[[0;32m  OK  [0m] Started Daily Cleanup of Temporary Directories.
[   16.398138] am335x-phy-driver 47401300.usb-phy: dummy supplies not allowed for exclusive requests (id=vbus)
[[0;32m  OK  [0m] Listening on D-Bus System Message Bus Socket.
[[0;32m  OK  [0m] Started Daily apt upgrade and clean activities.
[[0;32m  OK  [0m] Reached target Timers.
[   16.548851] am335x-phy-driver 47401b00.usb-phy: dummy supplies not allowed for exclusive requests (id=vbus)
[   16.562318] wkup_m3_ipc 44e11324.wkup_m3_ipc: IPC Request for A8->M3 Channel failed! -517
[[0;32m  OK  [0m] Listening on Avahi mDNS/DNS-SD Stack Activation Socket.
[[0;32m  OK  [0m] Reached target Sockets.
[   16.643295] usbcore: registered new interface driver usbfs
[   16.648931] usbcore: registered new interface driver hub
[   16.654578] usbcore: registered new device driver usb
[[0;32m  OK  [0m] Reached target Basic System.
[   16.716696] wkup_m3_ipc 44e11324.wkup_m3_ipc: IPC Request for A8->M3 Channel failed! -517
         Starting DUN service...
         Starting LSB: Start busybox udhcpd at boot time...
         Starting System Logging Service...
         Starting LSB: Load kernel modules needed to enable cpufreq scaling...
         Starting Cape Manager Service...
[   17.555196] wkup_m3_ipc 44e11324.wkup_m3_ipc: IPC Request for A8->M3 Channel failed! -517
[   17.673290] omap-mailbox 480c8000.mailbox: omap mailbox rev 0x400
[   17.750290] musb-hdrc musb-hdrc.1: MUSB HDRC host driver
[   17.755944] musb-hdrc musb-hdrc.1: new USB bus registered, assigned bus number 1
[[0;32m  OK  [0m] Started Regular background program processin[   17.765651] remoteproc remoteproc0: powering up wkup_m3
g daemon.
         Starting Login Service...
[   17.957961] tda998x 0-0070: found TDA19988
[   17.996286] usb usb1: New USB device found, idVendor=1d6b, idProduct=0002, bcdDevice= 6.14
[   18.004826] usb usb1: New USB device strings: Mfr=3, Product=2, SerialNumber=1
[   18.012140] usb usb1: Product: MUSB HDRC host driver
[   18.017134] usb usb1: Manufacturer: Linux 6.14.0-next-20250328 musb-hcd
[   18.023812] usb usb1: SerialNumber: musb-hdrc.1
         Starting Telephony service...
 [   18.105304] remoteproc remoteproc0: Direct firmware load fo r am335x-pm-firmware.elf failed with error -2
[   18.115077]  remoteproc remoteproc0: request_firmware failed: -2
[   18.12 1041] wkup_m3_ipc 44e11324.wkup_m3_ipc: rproc_boot failed
[[ 0;32m  O
[   20.595698] omap_rng 48310000.rng: Random Number Generator ver. 20
[   20.775886] tilcdc 4830e000.lcdc: bound 0-0070 (ops tda998x_audio_codec_init [tda998x])
[   20.835059] [drm] Initialized tilcdc 1.0.0 for 4830e000.lcdc on minor 0
[   20.884506] tilcdc 4830e000.lcdc: [drm] Cannot find any crtc or sizes
[   20.893011] tilcdc 4830e000.lcdc: [drm] Cannot find any crtc or sizes
[   21.296933] PM: Cannot get wkup_m3_ipc handle
[   21.376908] omap-sham 53100000.sham: hw accel on OMAP rev 4.3
[   21.489141] omap-sham 53100000.sham: will run requests pump with realtime priority
[   21.502216] PM: Cannot get wkup_m3_ipc handle
[   21.519153] omap-aes 53500000.aes: OMAP AES hw accel rev: 3.2
[   21.607931] omap-aes 53500000.aes: will run requests pump with realtime priority
[   21.616662] PM: Cannot get wkup_m3_ipc handle
[[0;32m  OK  [0m] Started Telephony service.
[[0;32m  OK  [0m] Started DUN service.
         Starting Connection service...
         Starting Generic Board Startup...
         Starting Avahi mDNS/DNS-SD Stack...
[[0;32m  OK  [0m] Started System Logging Service.
[[0;32m  OK  [0m] Started Cape Manager Service.
[   23.383299] Bluetooth: Core ver 2.22
[   23.387125] NET: Registered PF_BLUETOOTH protocol family
[   23.392797] Bluetooth: HCI device and connection manager initialized
[   23.399221] Bluetooth: HCI socket layer initialized
[   23.404233] Bluetooth: L2CAP socket layer initialized
[   23.409354] Bluetooth: SCO socket layer initialized
[   24.932199] gpio-537 (nxp,calib): gpiod_direction_output_nonotify: tried to set a GPIO tied to an IRQ as output
[   24.956702] PM: Cannot get wkup_m3_ipc handle
[   25.068389] PM: Cannot get wkup_m3_ipc handle
[   25.223787] tda9950 0-0034: TDA9950 CEC interface, hardware version 3.3
[   25.305337] PM: Cannot get wkup_m3_ipc handle
[[0;32m  OK  [0m] Started LSB: Start busybox udhcpd at boot time.
[[0;32m  OK  [0m] Started Raise network interfaces.
[[0;32m  OK  [0m] Started LSB: Load kernel modules needed to enable cpufreq scaling.
[[0;32m  OK  [0m] Started Avahi mDNS/DNS-SD Stack.
[[0;32m  OK  [0m] Started Connection service.
[[0;32m  OK  [0m] Started Login Service.
[[0;32m  OK  [0m] Reached target Sound Card.
         Starting LSB: set CPUFreq kernel parameters...
[[0;32m  OK  [0m] Reached target Network.
[   29.227387] configfs-gadget.g_multi gadget.0: HOST MAC 1c:ba:8c:a2:ed:6c
[   29.234413] configfs-gadget.g_multi gadget.0: MAC 1c:ba:8c:a2:ed:70
[   29.241824] configfs-gadget.g_multi gadget.0: HOST MAC 1c:ba:8c:a2:ed:6c
[   29.248591] configfs-gadget.g_multi gadget.0: MAC 1c:ba:8c:a2:ed:6d
[   29.261935] PM: Cannot get wkup_m3_ipc handle
         Starting The Apache HTTP Server...
[[0;32m  OK  [0m] Reached target Network is Online.
         Starting LSB: Advanced IEEE 802.11 management daemon...
         Starting OpenBSD Secure Shell server...
         Starting Permit User Sessions...
[[0;32m  OK  [0m] Started LSB: Advanced IEEE 802.11 management daemon.
[[0;32m  OK  [0m] Started Permit User Sessions.
[[0;32m  OK  [0m] Started Getty on tty1.
[[0;32m  OK  [0m] Started Serial Getty on ttyS0.
[[0;32m  OK  [0m] Reached target Login Prompts.
[[0;32m  OK  [0m] Started LSB: set CPUFreq kernel parameters.
         Starting Hostname Service...
         Starting WPA supplicant...
[[0;32m  OK  [0m] Started Hostname Service.
[[0;32m  OK  [0m] Started WPA supplicant.
[[0;32m  OK  [0m] Started OpenBSD Secure Shell server.
         Stopping LSB: Start busybox udhcpd at boot time...
[[0;32m  OK  [0m] Started The Apache HTTP Server.
[[0;32m  OK  [0m] Stopped LSB: Start busybox udhcpd at boot time.
         Starting dnsmasq - A lightweight DHCP and caching DNS server...
[[0;32m  OK  [0m] Started dnsmasq - A lightweight DHCP and caching DNS server.
[[0;32m  OK  [0m] Reached target Host and Network Name Lookups.
[[0;32m  OK  [0m] Started Serial Getty on ttyGS0.
[[0;32m  OK  [0m] Started Generic Board Startup.
[[0;32m  OK  [0m] Reached target Multi-User System.
[[0;32m  OK  [0m] Reached target Graphical Interface.
         Starting Update UTMP about System Runlevel Changes...
[[0;32m  OK  [0m] Started Update UTMP about System Runlevel Changes.

Debian GNU/Linux 9 arm ttyS0

default username:password is [debian:temppwd]

arm login: root
Password: 
Last login: Sat Dec  9 19:10:30 UTC 2017 on ttyS0
root
Linux arm 6.14.0-next-20250328 #1 SMP Fri Mar 28 10:22:11 EET 2025 armv7l

The programs included with the Debian GNU/Linux system are free software;
the exact distribution terms for each program are described in the
individual files in /usr/share/doc/*/copyright.

Debian GNU/Linux comes with ABSOLUTELY NO WARRANTY, to the extent
permitted by applicable law.
root@arm:~# root
-bash: root: command not found
root@arm:~# dmesg -n 1
root@arm:~# echo 'TMWX''FMCXQS'
TMWXFMCXQS
root@arm:~# run() { echo -n "$MARKER"; sh -c "$@"; echo "$MARKER $?"; }
root@arm:~# echo 'OHMQ''WYMPPZ'
OHMQWYMPPZ
root@arm:~# MARKER='ZEVB''OCAHNW' run 'cat /proc/version'
ZEVBOCAHNWLinux version 6.14.0-next-20250328 (user01@drvtest01) (arm-none-eabi-gcc (Arm GNU Toolchain 14.2.Rel1 (Build arm-14.52)) 14.2.1 20241119, GNU ld (Arm GNU Toolchain 14.2.Rel1 (Build arm-14.52)) 2.43.1.20241119) #1 SMP Fri Mar 28 10:22:11 EET 2025
ZEVBOCAHNW 0
root@arm:~# echo 'PJQG''OWKQOT'
PJQGOWKQOT
root@arm:~# MARKER='WFAG''KNUHPK' run false
WFAGKNUHPKWFAGKNUHPK 1
root@arm:~# Labgrid Console Logfile for main
Logfile started at 2025-03-28 10:24:34.619375
=== Log starts here ===

root@arm:~# run() { echo -n "$MARKER"; sh -c "$@"; echo "$MARKER $?"; }
root@arm:~# echo 'OCJW''SYNAYH'
OCJWSYNAYH
root@arm:~# MARKER='HOVK''GFQTTP' run 'ls /iio_generic_buffer; echo $?'
HOVKGFQTTP/iio_generic_buffer
0
HOVKGFQTTP 0
root@arm:~# Labgrid Console Logfile for main
Logfile started at 2025-03-28 10:24:38.042476
=== Log starts here ===

root@arm:~# run() { echo -n "$MARKER"; sh -c "$@"; echo "$MARKER $?"; }
root@arm:~# echo 'WYGO''CBHSVX'
WYGOCBHSVX
root@arm:~# MARKER='YPEQ''MBCXNM' run dmesg
YPEQMBCXNM[    0.000000] Booting Linux on physical CPU 0x0
[    0.000000] Linux version 6.14.0-next-20250328 (user01@drvtest01) (arm-none-eabi-gcc (Arm GNU Toolchain 14.2.Rel1 (Build arm-14.52)) 14.2.1 20241119, GNU ld (Arm GNU Toolchain 14.2.Rel1 (Build arm-14.52)) 2.43.1.20241119) #1 SMP Fri Mar 28 10:22:11 EET 2025
[    0.000000] CPU: ARMv7 Processor [413fc082] revision 2 (ARMv7), cr=10c5387d
[    0.000000] CPU: PIPT / VIPT nonaliasing data cache, VIPT aliasing instruction cache
[    0.000000] OF: fdt: Machine model: TI AM335x BeagleBone Black
[    0.000000] Memory policy: Data cache writeback
[    0.000000] cma: Reserved 16 MiB at 0x00000000
[    0.000000] Zone ranges:
[    0.000000]   Normal   [mem 0x0000000080000000-0x000000009fdfffff]
[    0.000000]   HighMem  empty
[    0.000000] Movable zone start for each node
[    0.000000] Early memory node ranges
[    0.000000]   node   0: [mem 0x0000000080000000-0x000000009fdfffff]
[    0.000000] Initmem setup node 0 [mem 0x0000000080000000-0x000000009fdfffff]
[    0.000000] On node 0, zone Normal: 512 pages in unavailable ranges
[    0.000000] OF: reserved mem: Reserved memory: No reserved-memory node in the DT
[    0.000000] CPU: All CPU(s) started in SVC mode.
[    0.000000] AM335X ES2.1 (sgx neon)
[    0.000000] percpu: Embedded 17 pages/cpu s39692 r8192 d21748 u69632
[    0.000000] pcpu-alloc: s39692 r8192 d21748 u69632 alloc=17*4096
[    0.000000] pcpu-alloc: [0] 0 
[    0.000000] Kernel command line: console=ttyO0,115200n8 root=/dev/nfs rw nfsroot=192.168.255.126:/home/user01/nfs,nfsvers=3 ip=192.168.255.1:192.168.255.126::255.255.255.0:bbb1:eth0 nfsrootdebug
[    0.000000] Unknown kernel command line parameters "nfsrootdebug", will be passed to user space.
[    0.000000] printk: log buffer data + meta data: 65536 + 204800 = 270336 bytes
[    0.000000] Dentry cache hash table entries: 65536 (order: 6, 262144 bytes, linear)
[    0.000000] Inode-cache hash table entries: 32768 (order: 5, 131072 bytes, linear)
[    0.000000] Built 1 zonelists, mobility grouping on.  Total pages: 130560
[    0.000000] mem auto-init: stack:off, heap alloc:off, heap free:off
[    0.000000] SLUB: HWalign=16, Order=0-3, MinObjects=0, CPUs=1, Nodes=1
[    0.000000] rcu: Hierarchical RCU implementation.
[    0.000000] rcu: 	RCU event tracing is enabled.
[    0.000000] rcu: 	RCU restricting CPUs from NR_CPUS=2 to nr_cpu_ids=1.
[    0.000000] 	Tracing variant of Tasks RCU enabled.
[    0.000000] rcu: RCU calculated value of scheduler-enlistment delay is 10 jiffies.
[    0.000000] rcu: Adjusting geometry for rcu_fanout_leaf=16, nr_cpu_ids=1
[    0.000000] RCU Tasks Trace: Setting shift to 0 and lim to 1 rcu_task_cb_adjust=1 rcu_task_cpu_ids=1.
[    0.000000] NR_IRQS: 16, nr_irqs: 16, preallocated irqs: 16
[    0.000000] IRQ: Found an INTC at 0x(ptrval) (revision 5.0) with 128 interrupts
[    0.000000] rcu: srcu_init: Setting srcu_struct sizes based on contention.
[    0.000000] TI gptimer clocksource: always-on /ocp/interconnect@44c00000/segment@200000/target-module@31000
[    0.000003] sched_clock: 32 bits at 24MHz, resolution 41ns, wraps every 89478484971ns
[    0.000025] clocksource: dmtimer: mask: 0xffffffff max_cycles: 0xffffffff, max_idle_ns: 79635851949 ns
[    0.000506] TI gptimer clockevent: 24000000 Hz at /ocp/interconnect@48000000/segment@0/target-module@40000
[    0.002137] Console: colour dummy device 80x30
[    0.002203] WARNING: Your 'console=ttyO0' has been replaced by 'ttyS0'
[    0.002211] This ensures that you still see kernel messages. Please
[    0.002216] update your kernel commandline.
[    0.002259] Calibrating delay loop... 996.14 BogoMIPS (lpj=4980736)
[    0.090555] CPU: Testing write buffer coherency: ok
[    0.090665] CPU0: Spectre v2: using BPIALL workaround
[    0.090674] pid_max: default: 32768 minimum: 301
[    0.090831] LSM: initializing lsm=capability
[    0.091015] Mount-cache hash table entries: 1024 (order: 0, 4096 bytes, linear)
[    0.091034] Mountpoint-cache hash table entries: 1024 (order: 0, 4096 bytes, linear)
[    0.092663] CPU0: thread -1, cpu 0, socket -1, mpidr 0
[    0.092723] cacheinfo: Unable to detect cache hierarchy for CPU 0
[    0.150743] Setting up static identity map for 0x80100000 - 0x80100078
[    0.160702] rcu: Hierarchical SRCU implementation.
[    0.160715] rcu: 	Max phase no-delay instances is 1000.
[    0.180748] smp: Bringing up secondary CPUs ...
[    0.180803] smp: Brought up 1 node, 1 CPU
[    0.180816] SMP: Total of 1 processors activated (996.14 BogoMIPS).
[    0.180828] CPU: All CPU(s) started in SVC mode.
[    0.181023] Memory: 480824K/522240K available (11264K kernel code, 1216K rwdata, 2976K rodata, 1024K init, 288K bss, 23384K reserved, 16384K cma-reserved, 0K highmem)
[    0.181867] devtmpfs: initialized
[    0.198842] VFP support v0.3: implementor 41 architecture 3 part 30 variant c rev 3
[    0.199494] clocksource: jiffies: mask: 0xffffffff max_cycles: 0xffffffff, max_idle_ns: 19112604462750000 ns
[    0.199533] posixtimers hash table entries: 512 (order: 0, 4096 bytes, linear)
[    0.199552] futex hash table entries: 256 (order: 2, 16384 bytes, linear)
[    0.200888] pinctrl core: initialized pinctrl subsystem
[    0.203030] NET: Registered PF_NETLINK/PF_ROUTE protocol family
[    0.205840] DMA: preallocated 256 KiB pool for atomic coherent allocations
[    0.206770] audit: initializing netlink subsys (disabled)
[    0.208169] thermal_sys: Registered thermal governor 'fair_share'
[    0.208187] thermal_sys: Registered thermal governor 'step_wise'
[    0.208197] thermal_sys: Registered thermal governor 'user_space'
[    0.208343] audit: type=2000 audit(0.200:1): state=initialized audit_enabled=0 res=1
[    0.208379] cpuidle: using governor menu
[    0.226664] /ocp/interconnect@44c00000/segment@200000/target-module@b000/i2c@0/tda19988@70: Fixed dependency cycle(s) with /ocp/interconnect@48000000/segment@300000/target-module@e000/lcdc@0
[    0.227793] /ocp/interconnect@48000000/segment@300000/target-module@e000/lcdc@0: Fixed dependency cycle(s) with /ocp/interconnect@44c00000/segment@200000/target-module@b000/i2c@0/tda19988@70
[    0.229993] No ATAGs?
[    0.230038] hw-breakpoint: debug architecture 0x4 unsupported.
[    0.232905] kprobes: kprobe jump-optimization is enabled. All kprobes are optimized if possible.
[    0.243856] iommu: Default domain type: Translated
[    0.243881] iommu: DMA domain TLB invalidation policy: strict mode
[    0.245462] reg-fixed-voltage fixedregulator0: using DT '/fixedregulator0' for '(default)' GPIO lookup
[    0.245518] of_get_named_gpiod_flags: can't parse 'gpios' property of node '/fixedregulator0[0]'
[    0.245546] of_get_named_gpiod_flags: can't parse 'gpio' property of node '/fixedregulator0[0]'
[    0.245564] reg-fixed-voltage fixedregulator0: using lookup tables for GPIO lookup
[    0.245574] reg-fixed-voltage fixedregulator0: No GPIO consumer (default) found
[    0.251545] SCSI subsystem initialized
[    0.252036] libata version 3.00 loaded.
[    0.252409] pps_core: LinuxPPS API ver. 1 registered
[    0.252419] pps_core: Software ver. 5.3.6 - Copyright 2005-2007 Rodolfo Giometti <giometti@linux.it>
[    0.252443] PTP clock support registered
[    0.260941] vgaarb: loaded
[    0.261313] clocksource: Switched to clocksource dmtimer
[    0.261992] VFS: Disk quotas dquot_6.6.0
[    0.262054] VFS: Dquot-cache hash table entries: 1024 (order 0, 4096 bytes)
[    0.286231] NET: Registered PF_INET protocol family
[    0.286567] IP idents hash table entries: 8192 (order: 4, 65536 bytes, linear)
[    0.288003] tcp_listen_portaddr_hash hash table entries: 512 (order: 0, 4096 bytes, linear)
[    0.288043] Table-perturb hash table entries: 65536 (order: 6, 262144 bytes, linear)
[    0.288061] TCP established hash table entries: 4096 (order: 2, 16384 bytes, linear)
[    0.288106] TCP bind hash table entries: 4096 (order: 4, 65536 bytes, linear)
[    0.288206] TCP: Hash tables configured (established 4096 bind 4096)
[    0.288330] UDP hash table entries: 256 (order: 1, 14336 bytes, linear)
[    0.288365] UDP-Lite hash table entries: 256 (order: 1, 14336 bytes, linear)
[    0.288558] NET: Registered PF_UNIX/PF_LOCAL protocol family
[    0.289830] RPC: Registered named UNIX socket transport module.
[    0.289853] RPC: Registered udp transport module.
[    0.289859] RPC: Registered tcp transport module.
[    0.289864] RPC: Registered tcp-with-tls transport module.
[    0.289869] RPC: Registered tcp NFSv4.1 backchannel transport module.
[    0.289893] PCI: CLS 0 bytes, default 64
[    0.291399] Initialise system trusted keyrings
[    0.301593] workingset: timestamp_bits=14 max_order=17 bucket_order=3
[    0.302962] NFS: Registering the id_resolver key type
[    0.303075] Key type id_resolver registered
[    0.303082] Key type id_legacy registered
[    0.303191] jffs2: version 2.2. (NAND) (SUMMARY)  Â© 2001-2006 Red Hat, Inc.
[    0.303613] Key type asymmetric registered
[    0.303631] Asymmetric key parser 'x509' registered
[    0.303698] io scheduler mq-deadline registered
[    0.303709] io scheduler kyber registered
[    0.303784] io scheduler bfq registered
[    0.305382] ledtrig-cpu: registered to indicate activity on CPUs
[    0.312267] Serial: 8250/16550 driver, 6 ports, IRQ sharing enabled
[    0.357809] brd: module loaded
[    0.377128] loop: module loaded
[    0.378049] mtdoops: mtd device (mtddev=name/number) must be supplied
[    0.379755] mdio_bus fixed-0: using lookup tables for GPIO lookup
[    0.379779] mdio_bus fixed-0: No GPIO consumer reset found
[    0.381128] i2c_dev: i2c /dev entries driver
[    0.382299] cpuidle: enable-method property 'ti,am3352' found operations
[    0.382762] sdhci: Secure Digital Host Controller Interface driver
[    0.382773] sdhci: Copyright(c) Pierre Ossman
[    0.382935] sdhci-pltfm: SDHCI platform and OF driver helper
[    0.383939] Initializing XFRM netlink socket
[    0.384121] NET: Registered PF_INET6 protocol family
[    0.399052] Segment Routing with IPv6
[    0.399144] In-situ OAM (IOAM) with IPv6
[    0.399244] sit: IPv6, IPv4 and MPLS over IPv4 tunneling driver
[    0.400213] NET: Registered PF_PACKET protocol family
[    0.400249] NET: Registered PF_KEY protocol family
[    0.400374] Key type dns_resolver registered
[    0.400599] ThumbEE CPU extension supported.
[    0.400617] Registering SWP/SWPB emulation handler
[    0.401156] omap_voltage_late_init: Voltage driver support not added
[    0.401636] SmartReflex Class3 initialized
[    0.432377] Loading compiled-in X.509 certificates
[    0.463940] /ocp/interconnect@44c00000/segment@200000/target-module@b000/i2c@0/tda19988@70: Fixed dependency cycle(s) with /ocp/interconnect@48000000/segment@300000/target-module@e000/lcdc@0
[    0.470450] /ocp/interconnect@44c00000/segment@200000/target-module@b000/i2c@0/tda19988@70: Fixed dependency cycle(s) with /ocp/interconnect@48000000/segment@300000/target-module@e000/lcdc@0
[    0.476245] gpiochip_find_base_unlocked: found new base at 512
[    0.498327] /ocp/interconnect@44c00000/segment@200000/target-module@b000/i2c@0/tda19988@70: Fixed dependency cycle(s) with /ocp/interconnect@48000000/segment@300000/target-module@e000/lcdc@0
[    0.499251] /ocp/interconnect@44c00000/segment@200000/target-module@b000/i2c@0/tda19988@70: Fixed dependency cycle(s) with /ocp/interconnect@48000000/segment@300000/target-module@e000/lcdc@0
[    0.503055] /ocp/interconnect@44c00000/segment@200000/target-module@10000/scm@0/pinmux@800: Fixed dependency cycle(s) with /ocp/interconnect@44c00000/segment@200000/target-module@10000/scm@0/pinmux@800/clkout2-pins
[    0.503680] pinctrl-single 44e10800.pinmux: 142 pins, size 568
[    0.509019] ti-sysc 44e31000.target-module: probe with driver ti-sysc failed with error -16
[    0.537397] /ocp/interconnect@48000000/segment@300000/target-module@e000/lcdc@0: Fixed dependency cycle(s) with /ocp/interconnect@44c00000/segment@200000/target-module@b000/i2c@0/tda19988@70
[    0.545811] ti-sysc 48040000.target-module: probe with driver ti-sysc failed with error -16
[    0.557447] gpiochip_find_base_unlocked: found new base at 512
[    0.557554] gpio gpiochip0: (gpio-0-31): created GPIO range 0->7 ==> 44e10800.pinmux PIN 0->7
[    0.557573] gpio gpiochip0: (gpio-0-31): created GPIO range 8->11 ==> 44e10800.pinmux PIN 90->93
[    0.557589] gpio gpiochip0: (gpio-0-31): created GPIO range 12->27 ==> 44e10800.pinmux PIN 12->27
[    0.557604] gpio gpiochip0: (gpio-0-31): created GPIO range 28->31 ==> 44e10800.pinmux PIN 30->33
[    0.581405] gpio gpiochip0: (gpio-0-31): added GPIO chardev (254:0)
[    0.581572] gpio gpiochip0: registered GPIOs 512 to 543 on gpio-0-31
[    0.581659] OMAP GPIO hardware version 0.1
[    0.615419] i2c i2c-2: using DT '/ocp/interconnect@48000000/segment@100000/target-module@9c000/i2c@0' for 'scl' GPIO lookup
[    0.615496] of_get_named_gpiod_flags: can't parse 'scl-gpios' property of node '/ocp/interconnect@48000000/segment@100000/target-module@9c000/i2c@0[0]'
[    0.615538] of_get_named_gpiod_flags: can't parse 'scl-gpio' property of node '/ocp/interconnect@48000000/segment@100000/target-module@9c000/i2c@0[0]'
[    0.615574] i2c i2c-2: using lookup tables for GPIO lookup
[    0.615583] i2c i2c-2: No GPIO consumer scl found
[    0.615604] i2c i2c-2: using DT '/ocp/interconnect@48000000/segment@100000/target-module@9c000/i2c@0' for 'sda' GPIO lookup
[    0.615639] of_get_named_gpiod_flags: can't parse 'sda-gpios' property of node '/ocp/interconnect@48000000/segment@100000/target-module@9c000/i2c@0[0]'
[    0.615675] of_get_named_gpiod_flags: can't parse 'sda-gpio' property of node '/ocp/interconnect@48000000/segment@100000/target-module@9c000/i2c@0[0]'
[    0.615706] i2c i2c-2: using lookup tables for GPIO lookup
[    0.615714] i2c i2c-2: No GPIO consumer sda found
[    0.616422] omap_i2c 4819c000.i2c: bus 2 rev0.11 at 100 kHz
[    0.622279] gpiochip_find_base_unlocked: found new base at 544
[    0.622380] gpio gpiochip1: (gpio-32-63): created GPIO range 0->17 ==> 44e10800.pinmux PIN 34->51
[    0.622400] gpio gpiochip1: (gpio-32-63): created GPIO range 18->21 ==> 44e10800.pinmux PIN 77->80
[    0.622416] gpio gpiochip1: (gpio-32-63): created GPIO range 22->31 ==> 44e10800.pinmux PIN 56->65
[    0.635121] gpio gpiochip1: (gpio-32-63): added GPIO chardev (254:1)
[    0.635297] gpio gpiochip1: registered GPIOs 544 to 575 on gpio-32-63
[    0.637584] gpiochip_find_base_unlocked: found new base at 576
[    0.637676] gpio gpiochip2: (gpio-64-95): created GPIO range 0->4 ==> 44e10800.pinmux PIN 66->70
[    0.637695] gpio gpiochip2: (gpio-64-95): created GPIO range 5->6 ==> 44e10800.pinmux PIN 98->99
[    0.637711] gpio gpiochip2: (gpio-64-95): created GPIO range 7->8 ==> 44e10800.pinmux PIN 75->76
[    0.637726] gpio gpiochip2: (gpio-64-95): created GPIO range 13->13 ==> 44e10800.pinmux PIN 141->141
[    0.637742] gpio gpiochip2: (gpio-64-95): created GPIO range 14->21 ==> 44e10800.pinmux PIN 100->107
[    0.638400] gpio gpiochip2: (gpio-64-95): added GPIO chardev (254:2)
[    0.638531] gpio gpiochip2: registered GPIOs 576 to 607 on gpio-64-95
[    0.644477] 48000000.interconnect:segment@200000:target-module@0:mpu@0:fck: device ID is greater than 24
[    0.645408] /ocp/interconnect@48000000/segment@300000/target-module@e000/lcdc@0: Fixed dependency cycle(s) with /ocp/interconnect@44c00000/segment@200000/target-module@b000/i2c@0/tda19988@70
[    0.648266] /ocp/interconnect@48000000/segment@300000/target-module@e000/lcdc@0: Fixed dependency cycle(s) with /ocp/interconnect@44c00000/segment@200000/target-module@b000/i2c@0/tda19988@70
[    0.648970] /ocp/interconnect@44c00000/segment@200000/target-module@b000/i2c@0/tda19988@70: Fixed dependency cycle(s) with /ocp/interconnect@48000000/segment@300000/target-module@e000/lcdc@0
[    0.649149] /ocp/interconnect@48000000/segment@300000/target-module@e000/lcdc@0: Fixed dependency cycle(s) with /ocp/interconnect@44c00000/segment@200000/target-module@b000/i2c@0/tda19988@70
[    0.658985] mdio_bus 4a101000.mdio: using DT '/ocp/interconnect@4a000000/segment@0/target-module@100000/switch@0/mdio@1000' for 'reset' GPIO lookup
[    0.659057] of_get_named_gpiod_flags: can't parse 'reset-gpios' property of node '/ocp/interconnect@4a000000/segment@0/target-module@100000/switch@0/mdio@1000[0]'
[    0.659103] of_get_named_gpiod_flags: can't parse 'reset-gpio' property of node '/ocp/interconnect@4a000000/segment@0/target-module@100000/switch@0/mdio@1000[0]'
[    0.659150] mdio_bus 4a101000.mdio: using lookup tables for GPIO lookup
[    0.659159] mdio_bus 4a101000.mdio: No GPIO consumer reset found
[    0.660042] sdhci-omap 481d8000.mmc: using DT '/ocp/interconnect@48000000/segment@100000/target-module@d8000/mmc@0' for 'wp' GPIO lookup
[    0.660105] of_get_named_gpiod_flags: can't parse 'wp-gpios' property of node '/ocp/interconnect@48000000/segment@100000/target-module@d8000/mmc@0[0]'
[    0.660146] of_get_named_gpiod_flags: can't parse 'wp-gpio' property of node '/ocp/interconnect@48000000/segment@100000/target-module@d8000/mmc@0[0]'
[    0.660180] sdhci-omap 481d8000.mmc: using lookup tables for GPIO lookup
[    0.660189] sdhci-omap 481d8000.mmc: No GPIO consumer wp found
[    0.660380] sdhci-omap 481d8000.mmc: supply pbias not found, using dummy regulator
[    0.660880] sdhci-omap 481d8000.mmc: supply vqmmc not found, using dummy regulator
[    0.702535] davinci_mdio 4a101000.mdio: davinci mdio revision 1.6, bus freq 1000000
[    0.716936] mdio_bus 4a101000.mdio:00: using DT '/ocp/interconnect@4a000000/segment@0/target-module@100000/switch@0/mdio@1000/ethernet-phy@0' for 'reset' GPIO lookup
[    0.717039] of_get_named_gpiod_flags: parsed 'reset-gpios' property of node '/ocp/interconnect@4a000000/segment@0/target-module@100000/switch@0/mdio@1000/ethernet-phy@0[0]' - status (0)
[    0.717203] gpio gpiochip0: Persistence not supported for GPIO 8
[    0.845834] davinci_mdio 4a101000.mdio: phy[0]: device 4a101000.mdio:00, driver SMSC LAN8710/LAN8720
[    0.846617] cpsw-switch 4a100000.switch: initialized cpsw ale version 1.4
[    0.846639] cpsw-switch 4a100000.switch: ALE Table size 1024, Policers 0
[    0.846953] cpsw-switch 4a100000.switch: cpts: overflow check period 500 (jiffies)
[    0.846974] cpsw-switch 4a100000.switch: CPTS: ref_clk_freq:250000000 calc_mult:2147483648 calc_shift:29 error:0 nsec/sec
[    0.847089] cpsw-switch 4a100000.switch: Detected MACID = 6c:ec:eb:68:de:78
[    0.848937] cpsw-switch 4a100000.switch: initialized (regs 0x4a100000, pool size 256) hw_ver:0019010C 1.12 (0)
[    0.860053] debugfs: Directory '49000000.dma' with parent 'dmaengine' already present!
[    0.860095] edma 49000000.dma: TI EDMA DMA engine driver
[    0.909518] target-module@4b000000:target-module@140000:pmu@0:fck: device ID is greater than 24
[    0.928178] hw perfevents: enabled with armv7_cortex_a8 PMU driver, 5 (8000000f) counters available
[    0.929089] gpio-clk clk_mcasp0: using DT '/clk_mcasp0' for 'enable' GPIO lookup
[    0.929156] of_get_named_gpiod_flags: parsed 'enable-gpios' property of node '/clk_mcasp0[0]' - status (0)
[    0.929202] gpio gpiochip0: Persistence not supported for GPIO 27
[    0.930022] gpiochip_find_base_unlocked: found new base at 608
[    0.930129] gpio gpiochip3: (gpio-96-127): created GPIO range 0->7 ==> 44e10800.pinmux PIN 82->89
[    0.930148] gpio gpiochip3: (gpio-96-127): created GPIO range 8->11 ==> 44e10800.pinmux PIN 52->55
[    0.930164] gpio gpiochip3: (gpio-96-127): created GPIO range 12->15 ==> 44e10800.pinmux PIN 94->97
[    0.930179] gpio gpiochip3: (gpio-96-127): created GPIO range 16->17 ==> 44e10800.pinmux PIN 71->72
[    0.930195] gpio gpiochip3: (gpio-96-127): created GPIO range 18->18 ==> 44e10800.pinmux PIN 135->135
[    0.930210] gpio gpiochip3: (gpio-96-127): created GPIO range 19->20 ==> 44e10800.pinmux PIN 108->109
[    0.930227] gpio gpiochip3: (gpio-96-127): created GPIO range 21->21 ==> 44e10800.pinmux PIN 73->73
[    0.930244] gpio gpiochip3: (gpio-96-127): created GPIO range 22->23 ==> 44e10800.pinmux PIN 8->9
[    0.930261] gpio gpiochip3: (gpio-96-127): created GPIO range 26->27 ==> 44e10800.pinmux PIN 10->11
[    0.930278] gpio gpiochip3: (gpio-96-127): created GPIO range 28->28 ==> 44e10800.pinmux PIN 74->74
[    0.930296] gpio gpiochip3: (gpio-96-127): created GPIO range 29->29 ==> 44e10800.pinmux PIN 81->81
[    0.930314] gpio gpiochip3: (gpio-96-127): created GPIO range 30->31 ==> 44e10800.pinmux PIN 28->29
[    0.935652] l3-aon-clkctrl:0000:0: failed to disable
[    0.936257] gpio gpiochip3: (gpio-96-127): added GPIO chardev (254:3)
[    0.936408] gpio gpiochip3: registered GPIOs 608 to 639 on gpio-96-127
[    0.938433] omap8250 44e09000.serial: using DT '/ocp/interconnect@44c00000/segment@200000/target-module@9000/serial@0' for 'rs485-term' GPIO lookup
[    0.938508] of_get_named_gpiod_flags: can't parse 'rs485-term-gpios' property of node '/ocp/interconnect@44c00000/segment@200000/target-module@9000/serial@0[0]'
[    0.938552] of_get_named_gpiod_flags: can't parse 'rs485-term-gpio' property of node '/ocp/interconnect@44c00000/segment@200000/target-module@9000/serial@0[0]'
[    0.938588] omap8250 44e09000.serial: using lookup tables for GPIO lookup
[    0.938597] omap8250 44e09000.serial: No GPIO consumer rs485-term found
[    0.938607] omap8250 44e09000.serial: using DT '/ocp/interconnect@44c00000/segment@200000/target-module@9000/serial@0' for 'rs485-rx-during-tx' GPIO lookup
[    0.938643] of_get_named_gpiod_flags: can't parse 'rs485-rx-during-tx-gpios' property of node '/ocp/interconnect@44c00000/segment@200000/target-module@9000/serial@0[0]'
[    0.938679] of_get_named_gpiod_flags: can't parse 'rs485-rx-during-tx-gpio' property of node '/ocp/interconnect@44c00000/segment@200000/target-module@9000/serial@0[0]'
[    0.938710] omap8250 44e09000.serial: using lookup tables for GPIO lookup
[    0.938718] omap8250 44e09000.serial: No GPIO consumer rs485-rx-during-tx found
[    0.939112] 44e09000.serial: ttyS0 at MMIO 0x44e09000 (irq = 34, base_baud = 3000000) is a 8250
[    0.939202] printk: legacy console [ttyS0] enabled
[    2.433915] i2c i2c-0: using DT '/ocp/interconnect@44c00000/segment@200000/target-module@b000/i2c@0' for 'scl' GPIO lookup
[    2.434005] of_get_named_gpiod_flags: can't parse 'scl-gpios' property of node '/ocp/interconnect@44c00000/segment@200000/target-module@b000/i2c@0[0]'
[    2.434052] of_get_named_gpiod_flags: can't parse 'scl-gpio' property of node '/ocp/interconnect@44c00000/segment@200000/target-module@b000/i2c@0[0]'
[    2.434092] i2c i2c-0: using lookup tables for GPIO lookup
[    2.434106] i2c i2c-0: No GPIO consumer scl found
[    2.434131] i2c i2c-0: using DT '/ocp/interconnect@44c00000/segment@200000/target-module@b000/i2c@0' for 'sda' GPIO lookup
[    2.434169] of_get_named_gpiod_flags: can't parse 'sda-gpios' property of node '/ocp/interconnect@44c00000/segment@200000/target-module@b000/i2c@0[0]'
[    2.434209] of_get_named_gpiod_flags: can't parse 'sda-gpio' property of node '/ocp/interconnect@44c00000/segment@200000/target-module@b000/i2c@0[0]'
[    2.434244] i2c i2c-0: using lookup tables for GPIO lookup
[    2.434255] i2c i2c-0: No GPIO consumer sda found
[    2.452292] tps65217-pmic: Failed to locate of_node [id: -1]
[    2.458362] tps65217-bl: Failed to locate of_node [id: -1]
[    2.465844] platform tps65217-charger: DMA mask not set
[    2.473154] platform tps65217-pwrbutton: DMA mask not set
[    2.480931] tps65217 0-0024: TPS65217 ID 0xe version 1.2
[    2.487089] /ocp/interconnect@48000000/segment@300000/target-module@e000/lcdc@0: Fixed dependency cycle(s) with /ocp/interconnect@44c00000/segment@200000/target-module@b000/i2c@0/tda19988@70
[    2.504460] /ocp/interconnect@44c00000/segment@200000/target-module@b000/i2c@0/tda19988@70: Fixed dependency cycle(s) with /ocp/interconnect@48000000/segment@300000/target-module@e000/lcdc@0
[    2.521836] omap_i2c 44e0b000.i2c: bus 0 rev0.11 at 400 kHz
[    2.529606] sdhci-omap 48060000.mmc: using DT '/ocp/interconnect@48000000/segment@0/target-module@60000/mmc@0' for 'cd' GPIO lookup
[    2.529716] of_get_named_gpiod_flags: parsed 'cd-gpios' property of node '/ocp/interconnect@48000000/segment@0/target-module@60000/mmc@0[0]' - status (0)
[    2.529785] gpio gpiochip3: Persistence not supported for GPIO 6
[    2.529812] omap_gpio 44e07000.gpio: Could not set line 6 debounce to 200000 microseconds (-22)
[    2.538677] sdhci-omap 48060000.mmc: Got CD GPIO
[    2.543356] sdhci-omap 48060000.mmc: using DT '/ocp/interconnect@48000000/segment@0/target-module@60000/mmc@0' for 'wp' GPIO lookup
[    2.543407] of_get_named_gpiod_flags: can't parse 'wp-gpios' property of node '/ocp/interconnect@48000000/segment@0/target-module@60000/mmc@0[0]'
[    2.543449] of_get_named_gpiod_flags: can't parse 'wp-gpio' property of node '/ocp/interconnect@48000000/segment@0/target-module@60000/mmc@0[0]'
[    2.543488] sdhci-omap 48060000.mmc: using lookup tables for GPIO lookup
[    2.543501] sdhci-omap 48060000.mmc: No GPIO consumer wp found
[    2.543710] sdhci-omap 48060000.mmc: supply pbias not found, using dummy regulator
[    2.552486] sdhci-omap 481d8000.mmc: using DT '/ocp/interconnect@48000000/segment@100000/target-module@d8000/mmc@0' for 'wp' GPIO lookup
[    2.552562] of_get_named_gpiod_flags: can't parse 'wp-gpios' property of node '/ocp/interconnect@48000000/segment@100000/target-module@d8000/mmc@0[0]'
[    2.552609] of_get_named_gpiod_flags: can't parse 'wp-gpio' property of node '/ocp/interconnect@48000000/segment@100000/target-module@d8000/mmc@0[0]'
[    2.552647] sdhci-omap 481d8000.mmc: using lookup tables for GPIO lookup
[    2.552660] sdhci-omap 481d8000.mmc: No GPIO consumer wp found
[    2.553747] sdhci-omap 48060000.mmc: supply vqmmc not found, using dummy regulator
[    2.562704] sdhci-omap 481d8000.mmc: supply pbias not found, using dummy regulator
[    2.570719] sdhci-omap 481d8000.mmc: supply vqmmc not found, using dummy regulator
[    2.609171] mmc1: SDHCI controller on 481d8000.mmc [481d8000.mmc] using External DMA
[    2.618200] mmc0: SDHCI controller on 48060000.mmc [48060000.mmc] using External DMA
[    2.627080] cpsw-switch 4a100000.switch: starting ndev. mode: dual_mac
[    2.670565] mmc0: new high speed SDHC card at address 5048
[    2.677642] mmcblk0: mmc0:5048 SD16G 14.4 GiB
[    2.685672]  mmcblk0: p1 p2
[    2.689085] mmcblk0: p2 size 31221760 extends beyond EOD, truncated
[    2.702552] SMSC LAN8710/LAN8720 4a101000.mdio:00: attached PHY driver (mii_bus:phy_addr=4a101000.mdio:00, irq=POLL)
[    2.715137] mmc1: new high speed MMC card at address 0001
[    2.722176] mmcblk1: mmc1:0001 MMC04G 3.60 GiB
[    2.733811]  mmcblk1: p1 p2
[    2.738076] mmcblk1boot0: mmc1:0001 MMC04G 2.00 MiB
[    2.745426] mmcblk1boot1: mmc1:0001 MMC04G 2.00 MiB
[    2.752963] mmcblk1rpmb: mmc1:0001 MMC04G 128 KiB, chardev (250:0)
[    5.842079] cpsw-switch 4a100000.switch eth0: Link is Up - 100Mbps/Full - flow control off
[    5.871333] IP-Config: Complete:
[    5.874604]      device=eth0, hwaddr=6c:ec:eb:68:de:78, ipaddr=192.168.255.1, mask=255.255.255.0, gw=255.255.255.255
[    5.885243]      host=bbb1, domain=, nis-domain=(none)
[    5.890412]      bootserver=192.168.255.126, rootserver=192.168.255.126, rootpath=
[    5.890840] clk: Disabling unused clocks
[    5.902715] PM: genpd: Disabling unused power domains
[    5.907831] KTAP version 1
[    5.910552] 1..0
[    5.935394] VFS: Mounted root (nfs filesystem) on device 0:17.
[    5.942482] devtmpfs: mounted
[    5.946972] Freeing unused kernel image (initmem) memory: 1024K
[    5.953849] Run /sbin/init as init process
[    5.957984]   with arguments:
[    5.957997]     /sbin/init
[    5.958006]     nfsrootdebug
[    5.958015]   with environment:
[    5.958023]     HOME=/
[    5.958032]     TERM=linux
[    6.658774] systemd[1]: System time before build time, advancing clock.
[    8.121338] random: crng init done
[    8.161750] systemd[1]: systemd 232 running in system mode. (+PAM +AUDIT +SELINUX +IMA +APPARMOR +SMACK +SYSVINIT +UTMP +LIBCRYPTSETUP +GCRYPT +GNUTLS +ACL +XZ +LZ4 +SECCOMP +BLKID +ELFUTILS +KMOD +IDN)
[    8.180650] systemd[1]: Detected architecture arm.
[    8.214574] systemd[1]: Set hostname to <arm>.
[    9.363782] systemd[1]: Listening on /dev/initctl Compatibility Named Pipe.
[    9.392402] systemd[1]: Listening on Journal Audit Socket.
[    9.422205] systemd[1]: Started Forward Password Requests to Wall Directory Watch.
[    9.452181] systemd[1]: Started Dispatch Password Requests to Console Directory Watch.
[    9.481683] systemd[1]: Reached target Encrypted Volumes.
[    9.511630] systemd[1]: Reached target Remote File Systems.
[    9.541614] systemd[1]: Reached target Paths.
[   11.530008] systemd-journald[82]: Received request to flush runtime journal from PID 1
[   14.406176] leds-gpio leds: using DT '/leds/led2' for '(default)' GPIO lookup
[   14.406282] of_get_named_gpiod_flags: parsed 'gpios' property of node '/leds/led2[0]' - status (0)
[   14.406341] gpio gpiochip0: Persistence not supported for GPIO 21
[   14.406355] gpio-533 (?): no flags found for GPIO (default)
[   14.476524] leds-gpio leds: using DT '/leds/led3' for '(default)' GPIO lookup
[   14.476635] of_get_named_gpiod_flags: parsed 'gpios' property of node '/leds/led3[0]' - status (0)
[   14.476694] gpio gpiochip0: Persistence not supported for GPIO 22
[   14.476710] gpio-534 (?): no flags found for GPIO (default)
[   14.501854] leds-gpio leds: using DT '/leds/led4' for '(default)' GPIO lookup
[   14.501956] of_get_named_gpiod_flags: parsed 'gpios' property of node '/leds/led4[0]' - status (0)
[   14.502009] gpio gpiochip0: Persistence not supported for GPIO 23
[   14.502025] gpio-535 (?): no flags found for GPIO (default)
[   14.549085] leds-gpio leds: using DT '/leds/led5' for '(default)' GPIO lookup
[   14.549374] of_get_named_gpiod_flags: parsed 'gpios' property of node '/leds/led5[0]' - status (0)
[   14.549435] gpio gpiochip0: Persistence not supported for GPIO 24
[   14.549450] gpio-536 (?): no flags found for GPIO (default)
[   14.820160] remoteproc remoteproc0: wkup_m3 is available
[   15.060363] wkup_m3_ipc 44e11324.wkup_m3_ipc: IPC Request for A8->M3 Channel failed! -517
[   15.125068] wkup_m3_ipc 44e11324.wkup_m3_ipc: IPC Request for A8->M3 Channel failed! -517
[   15.168726] at24 2-0054: supply vcc not found, using dummy regulator
[   15.311979] at24 2-0055: supply vcc not found, using dummy regulator
[   15.430834] at24 2-0056: supply vcc not found, using dummy regulator
[   15.546693] at24 2-0057: supply vcc not found, using dummy regulator
[   15.574930] input: tps65217_pwrbutton as /devices/platform/ocp/44c00000.interconnect/44c00000.interconnect:segment@200000/44e0b000.target-module/44e0b000.i2c/i2c-0/0-0024/tps65217-pwrbutton/input/input0
[   15.595790] wkup_m3_ipc 44e11324.wkup_m3_ipc: IPC Request for A8->M3 Channel failed! -517
[   15.666616] omap_rtc 44e3e000.rtc: registered as rtc0
[   15.671984] omap_rtc 44e3e000.rtc: setting system clock to 2000-01-01T00:00:00 UTC (946684800)
[   15.680683] omap_rtc 44e3e000.rtc: using DT '/ocp/interconnect@44c00000/segment@200000/target-module@3e000/rtc@0' for 'wp' GPIO lookup
[   15.680761] of_get_named_gpiod_flags: can't parse 'wp-gpios' property of node '/ocp/interconnect@44c00000/segment@200000/target-module@3e000/rtc@0[0]'
[   15.680811] of_get_named_gpiod_flags: can't parse 'wp-gpio' property of node '/ocp/interconnect@44c00000/segment@200000/target-module@3e000/rtc@0[0]'
[   15.680851] omap_rtc 44e3e000.rtc: using lookup tables for GPIO lookup
[   15.680865] omap_rtc 44e3e000.rtc: No GPIO consumer wp found
[   15.705191] at24 0-0050: using DT '/ocp/interconnect@44c00000/segment@200000/target-module@b000/i2c@0/eeprom@50' for 'wp' GPIO lookup
[   15.705354] of_get_named_gpiod_flags: can't parse 'wp-gpios' property of node '/ocp/interconnect@44c00000/segment@200000/target-module@b000/i2c@0/eeprom@50[0]'
[   15.705458] of_get_named_gpiod_flags: can't parse 'wp-gpio' property of node '/ocp/interconnect@44c00000/segment@200000/target-module@b000/i2c@0/eeprom@50[0]'
[   15.705553] at24 0-0050: using lookup tables for GPIO lookup
[   15.705568] at24 0-0050: No GPIO consumer wp found
[   15.705953] at24 0-0050: 32768 byte 24c256 EEPROM, writable, 1 bytes/write
[   15.748195] wkup_m3_ipc 44e11324.wkup_m3_ipc: IPC Request for A8->M3 Channel failed! -517
[   15.782512] omap_wdt: OMAP Watchdog Timer Rev 0x01: initial timeout 60 sec
[   15.857719] wkup_m3_ipc 44e11324.wkup_m3_ipc: IPC Request for A8->M3 Channel failed! -517
[   16.397316] am335x-phy-driver 47401300.usb-phy: using DT '/ocp/target-module@47400000/usb-phy@1300' for 'reset' GPIO lookup
[   16.397469] of_get_named_gpiod_flags: can't parse 'reset-gpios' property of node '/ocp/target-module@47400000/usb-phy@1300[0]'
[   16.397573] of_get_named_gpiod_flags: can't parse 'reset-gpio' property of node '/ocp/target-module@47400000/usb-phy@1300[0]'
[   16.397658] am335x-phy-driver 47401300.usb-phy: using lookup tables for GPIO lookup
[   16.397675] am335x-phy-driver 47401300.usb-phy: No GPIO consumer reset found
[   16.397690] am335x-phy-driver 47401300.usb-phy: using DT '/ocp/target-module@47400000/usb-phy@1300' for 'vbus-detect' GPIO lookup
[   16.397724] of_get_named_gpiod_flags: can't parse 'vbus-detect-gpios' property of node '/ocp/target-module@47400000/usb-phy@1300[0]'
[   16.397806] of_get_named_gpiod_flags: can't parse 'vbus-detect-gpio' property of node '/ocp/target-module@47400000/usb-phy@1300[0]'
[   16.397836] am335x-phy-driver 47401300.usb-phy: using lookup tables for GPIO lookup
[   16.397849] am335x-phy-driver 47401300.usb-phy: No GPIO consumer vbus-detect found
[   16.398138] am335x-phy-driver 47401300.usb-phy: dummy supplies not allowed for exclusive requests (id=vbus)
[   16.548382] am335x-phy-driver 47401b00.usb-phy: using DT '/ocp/target-module@47400000/usb-phy@1b00' for 'reset' GPIO lookup
[   16.548481] of_get_named_gpiod_flags: can't parse 'reset-gpios' property of node '/ocp/target-module@47400000/usb-phy@1b00[0]'
[   16.548529] of_get_named_gpiod_flags: can't parse 'reset-gpio' property of node '/ocp/target-module@47400000/usb-phy@1b00[0]'
[   16.548569] am335x-phy-driver 47401b00.usb-phy: using lookup tables for GPIO lookup
[   16.548583] am335x-phy-driver 47401b00.usb-phy: No GPIO consumer reset found
[   16.548598] am335x-phy-driver 47401b00.usb-phy: using DT '/ocp/target-module@47400000/usb-phy@1b00' for 'vbus-detect' GPIO lookup
[   16.548629] of_get_named_gpiod_flags: can't parse 'vbus-detect-gpios' property of node '/ocp/target-module@47400000/usb-phy@1b00[0]'
[   16.548662] of_get_named_gpiod_flags: can't parse 'vbus-detect-gpio' property of node '/ocp/target-module@47400000/usb-phy@1b00[0]'
[   16.548688] am335x-phy-driver 47401b00.usb-phy: using lookup tables for GPIO lookup
[   16.548700] am335x-phy-driver 47401b00.usb-phy: No GPIO consumer vbus-detect found
[   16.548851] am335x-phy-driver 47401b00.usb-phy: dummy supplies not allowed for exclusive requests (id=vbus)
[   16.562318] wkup_m3_ipc 44e11324.wkup_m3_ipc: IPC Request for A8->M3 Channel failed! -517
[   16.643295] usbcore: registered new interface driver usbfs
[   16.648931] usbcore: registered new interface driver hub
[   16.654578] usbcore: registered new device driver usb
[   16.716696] wkup_m3_ipc 44e11324.wkup_m3_ipc: IPC Request for A8->M3 Channel failed! -517
[   17.555196] wkup_m3_ipc 44e11324.wkup_m3_ipc: IPC Request for A8->M3 Channel failed! -517
[   17.673290] omap-mailbox 480c8000.mailbox: omap mailbox rev 0x400
[   17.750290] musb-hdrc musb-hdrc.1: MUSB HDRC host driver
[   17.755944] musb-hdrc musb-hdrc.1: new USB bus registered, assigned bus number 1
[   17.765651] remoteproc remoteproc0: powering up wkup_m3
[   17.957961] tda998x 0-0070: found TDA19988
[   17.996286] usb usb1: New USB device found, idVendor=1d6b, idProduct=0002, bcdDevice= 6.14
[   18.004826] usb usb1: New USB device strings: Mfr=3, Product=2, SerialNumber=1
[   18.012140] usb usb1: Product: MUSB HDRC host driver
[   18.017134] usb usb1: Manufacturer: Linux 6.14.0-next-20250328 musb-hcd
[   18.023812] usb usb1: SerialNumber: musb-hdrc.1
[   18.105304] remoteproc remoteproc0: Direct firmware load for am335x-pm-firmware.elf failed with error -2
[   18.115077] remoteproc remoteproc0: request_firmware failed: -2
[   18.121041] wkup_m3_ipc 44e11324.wkup_m3_ipc: rproc_boot failed
[   18.562221] hub 1-0:1.0: USB hub found
[   18.607207] hub 1-0:1.0: 1 port detected
[   20.595698] omap_rng 48310000.rng: Random Number Generator ver. 20
[   20.775886] tilcdc 4830e000.lcdc: bound 0-0070 (ops tda998x_audio_codec_init [tda998x])
[   20.835059] [drm] Initialized tilcdc 1.0.0 for 4830e000.lcdc on minor 0
[   20.884506] tilcdc 4830e000.lcdc: [drm] Cannot find any crtc or sizes
[   20.893011] tilcdc 4830e000.lcdc: [drm] Cannot find any crtc or sizes
[   21.296933] PM: Cannot get wkup_m3_ipc handle
[   21.376908] omap-sham 53100000.sham: hw accel on OMAP rev 4.3
[   21.489141] omap-sham 53100000.sham: will run requests pump with realtime priority
[   21.502216] PM: Cannot get wkup_m3_ipc handle
[   21.519153] omap-aes 53500000.aes: OMAP AES hw accel rev: 3.2
[   21.607931] omap-aes 53500000.aes: will run requests pump with realtime priority
[   21.616662] PM: Cannot get wkup_m3_ipc handle
[   23.383299] Bluetooth: Core ver 2.22
[   23.387125] NET: Registered PF_BLUETOOTH protocol family
[   23.392797] Bluetooth: HCI device and connection manager initialized
[   23.399221] Bluetooth: HCI socket layer initialized
[   23.404233] Bluetooth: L2CAP socket layer initialized
[   23.409354] Bluetooth: SCO socket layer initialized
[   24.906207] tda998x 0-0070: using DT '/ocp/interconnect@44c00000/segment@200000/target-module@b000/i2c@0/tda19988@70' for 'nxp,calib' GPIO lookup
[   24.906460] of_get_named_gpiod_flags: parsed 'nxp,calib-gpios' property of node '/ocp/interconnect@44c00000/segment@200000/target-module@b000/i2c@0/tda19988@70[0]' - status (0)
[   24.906599] gpio gpiochip0: Persistence not supported for GPIO 25
[   24.906616] gpio-537 (nxp,calib): no flags found for GPIO nxp,calib
[   24.932199] gpio-537 (nxp,calib): gpiod_direction_output_nonotify: tried to set a GPIO tied to an IRQ as output
[   24.956702] PM: Cannot get wkup_m3_ipc handle
[   24.962692] asoc-simple-card sound: using DT '/sound' for 'simple-audio-card,hp-det' GPIO lookup
[   24.962779] of_get_named_gpiod_flags: can't parse 'simple-audio-card,hp-det-gpios' property of node '/sound[0]'
[   24.962814] of_get_named_gpiod_flags: can't parse 'simple-audio-card,hp-det-gpio' property of node '/sound[0]'
[   24.962841] asoc-simple-card sound: using lookup tables for GPIO lookup
[   24.962855] asoc-simple-card sound: No GPIO consumer simple-audio-card,hp-det found
[   24.962870] asoc-simple-card sound: using DT '/sound' for 'simple-audio-card,mic-det' GPIO lookup
[   24.962895] of_get_named_gpiod_flags: can't parse 'simple-audio-card,mic-det-gpios' property of node '/sound[0]'
[   24.962920] of_get_named_gpiod_flags: can't parse 'simple-audio-card,mic-det-gpio' property of node '/sound[0]'
[   24.962940] asoc-simple-card sound: using lookup tables for GPIO lookup
[   24.962951] asoc-simple-card sound: No GPIO consumer simple-audio-card,mic-det found
[   25.068389] PM: Cannot get wkup_m3_ipc handle
[   25.223787] tda9950 0-0034: TDA9950 CEC interface, hardware version 3.3
[   25.305337] PM: Cannot get wkup_m3_ipc handle
[   28.796733] userial_init: registered 8 ttyGS* devices
[   29.028469] rndis_register: configNr = 0
[   29.226089] udc musb-hdrc.0: binding gadget driver [g_multi]
[   29.226186] configfs-gadget.g_multi gadget.0: adding 'rndis'/7f8662ac to config 'c'/8bb38cb0
[   29.227387] configfs-gadget.g_multi gadget.0: HOST MAC 1c:ba:8c:a2:ed:6c
[   29.234413] configfs-gadget.g_multi gadget.0: MAC 1c:ba:8c:a2:ed:70
[   29.240797] rndis_set_param_medium: 0 0
[   29.240821] configfs-gadget.g_multi gadget.0: RNDIS: IN/ep1in OUT/ep1out NOTIFY/ep2in
[   29.240838] configfs-gadget.g_multi gadget.0: adding 'cdc_ethernet'/4068302f to config 'c'/8bb38cb0
[   29.241824] configfs-gadget.g_multi gadget.0: HOST MAC 1c:ba:8c:a2:ed:6c
[   29.248591] configfs-gadget.g_multi gadget.0: MAC 1c:ba:8c:a2:ed:6d
[   29.255030] configfs-gadget.g_multi gadget.0: CDC Ethernet: IN/ep3in OUT/ep2out NOTIFY/ep4in
[   29.255052] configfs-gadget.g_multi gadget.0: adding 'acm'/572b8b9a to config 'c'/8bb38cb0
[   29.255091] configfs-gadget.g_multi gadget.0: acm ttyGS0: IN/ep5in OUT/ep3out NOTIFY/ep6in
[   29.261935] PM: Cannot get wkup_m3_ipc handle
[   31.596400] configfs-gadget.g_multi gadget.0: eth_open
[   35.234419] gs_open: ttyGS0 (edfc2827,5175da8c)
[   35.234576] gs_close: ttyGS0 (edfc2827,5175da8c) ...
[   35.234599] gs_close: ttyGS0 (edfc2827,5175da8c) done!
[   35.252020] gs_open: ttyGS0 (a7049d50,0c1b952b)
[   35.252179] gs_close: ttyGS0 (a7049d50,0c1b952b) ...
[   35.252201] gs_close: ttyGS0 (a7049d50,0c1b952b) done!
[   35.432375] gs_open: ttyGS0 (edfc2827,a7c034c8)
[   35.432619] gs_close: ttyGS0 (edfc2827,a7c034c8) ...
[   35.432647] gs_close: ttyGS0 (edfc2827,a7c034c8) done!
[   35.435657] gs_open: ttyGS0 (edfc2827,be4112a4)
YPEQMBCXNM 0
root@arm:~# echo 'PGAB''XKTSQP'
PGABXKTSQP
root@arm:~# MARKER='VCEN''NKFYXQ' run 'modprobe test_linear_ranges'
VCENNKFYXQVCENNKFYXQ 0
root@arm:~# echo 'JUCV''YWELYU'
JUCVYWELYU
root@arm:~# MARKER='LPTP''BGFOQG' run dmesg
LPTPBGFOQG[    0.000000] Booting Linux on physical CPU 0x0
[    0.000000] Linux version 6.14.0-next-20250328 (user01@drvtest01) (arm-none-eabi-gcc (Arm GNU Toolchain 14.2.Rel1 (Build arm-14.52)) 14.2.1 20241119, GNU ld (Arm GNU Toolchain 14.2.Rel1 (Build arm-14.52)) 2.43.1.20241119) #1 SMP Fri Mar 28 10:22:11 EET 2025
[    0.000000] CPU: ARMv7 Processor [413fc082] revision 2 (ARMv7), cr=10c5387d
[    0.000000] CPU: PIPT / VIPT nonaliasing data cache, VIPT aliasing instruction cache
[    0.000000] OF: fdt: Machine model: TI AM335x BeagleBone Black
[    0.000000] Memory policy: Data cache writeback
[    0.000000] cma: Reserved 16 MiB at 0x00000000
[    0.000000] Zone ranges:
[    0.000000]   Normal   [mem 0x0000000080000000-0x000000009fdfffff]
[    0.000000]   HighMem  empty
[    0.000000] Movable zone start for each node
[    0.000000] Early memory node ranges
[    0.000000]   node   0: [mem 0x0000000080000000-0x000000009fdfffff]
[    0.000000] Initmem setup node 0 [mem 0x0000000080000000-0x000000009fdfffff]
[    0.000000] On node 0, zone Normal: 512 pages in unavailable ranges
[    0.000000] OF: reserved mem: Reserved memory: No reserved-memory node in the DT
[    0.000000] CPU: All CPU(s) started in SVC mode.
[    0.000000] AM335X ES2.1 (sgx neon)
[    0.000000] percpu: Embedded 17 pages/cpu s39692 r8192 d21748 u69632
[    0.000000] pcpu-alloc: s39692 r8192 d21748 u69632 alloc=17*4096
[    0.000000] pcpu-alloc: [0] 0 
[    0.000000] Kernel command line: console=ttyO0,115200n8 root=/dev/nfs rw nfsroot=192.168.255.126:/home/user01/nfs,nfsvers=3 ip=192.168.255.1:192.168.255.126::255.255.255.0:bbb1:eth0 nfsrootdebug
[    0.000000] Unknown kernel command line parameters "nfsrootdebug", will be passed to user space.
[    0.000000] printk: log buffer data + meta data: 65536 + 204800 = 270336 bytes
[    0.000000] Dentry cache hash table entries: 65536 (order: 6, 262144 bytes, linear)
[    0.000000] Inode-cache hash table entries: 32768 (order: 5, 131072 bytes, linear)
[    0.000000] Built 1 zonelists, mobility grouping on.  Total pages: 130560
[    0.000000] mem auto-init: stack:off, heap alloc:off, heap free:off
[    0.000000] SLUB: HWalign=16, Order=0-3, MinObjects=0, CPUs=1, Nodes=1
[    0.000000] rcu: Hierarchical RCU implementation.
[    0.000000] rcu: 	RCU event tracing is enabled.
[    0.000000] rcu: 	RCU restricting CPUs from NR_CPUS=2 to nr_cpu_ids=1.
[    0.000000] 	Tracing variant of Tasks RCU enabled.
[    0.000000] rcu: RCU calculated value of scheduler-enlistment delay is 10 jiffies.
[    0.000000] rcu: Adjusting geometry for rcu_fanout_leaf=16, nr_cpu_ids=1
[    0.000000] RCU Tasks Trace: Setting shift to 0 and lim to 1 rcu_task_cb_adjust=1 rcu_task_cpu_ids=1.
[    0.000000] NR_IRQS: 16, nr_irqs: 16, preallocated irqs: 16
[    0.000000] IRQ: Found an INTC at 0x(ptrval) (revision 5.0) with 128 interrupts
[    0.000000] rcu: srcu_init: Setting srcu_struct sizes based on contention.
[    0.000000] TI gptimer clocksource: always-on /ocp/interconnect@44c00000/segment@200000/target-module@31000
[    0.000003] sched_clock: 32 bits at 24MHz, resolution 41ns, wraps every 89478484971ns
[    0.000025] clocksource: dmtimer: mask: 0xffffffff max_cycles: 0xffffffff, max_idle_ns: 79635851949 ns
[    0.000506] TI gptimer clockevent: 24000000 Hz at /ocp/interconnect@48000000/segment@0/target-module@40000
[    0.002137] Console: colour dummy device 80x30
[    0.002203] WARNING: Your 'console=ttyO0' has been replaced by 'ttyS0'
[    0.002211] This ensures that you still see kernel messages. Please
[    0.002216] update your kernel commandline.
[    0.002259] Calibrating delay loop... 996.14 BogoMIPS (lpj=4980736)
[    0.090555] CPU: Testing write buffer coherency: ok
[    0.090665] CPU0: Spectre v2: using BPIALL workaround
[    0.090674] pid_max: default: 32768 minimum: 301
[    0.090831] LSM: initializing lsm=capability
[    0.091015] Mount-cache hash table entries: 1024 (order: 0, 4096 bytes, linear)
[    0.091034] Mountpoint-cache hash table entries: 1024 (order: 0, 4096 bytes, linear)
[    0.092663] CPU0: thread -1, cpu 0, socket -1, mpidr 0
[    0.092723] cacheinfo: Unable to detect cache hierarchy for CPU 0
[    0.150743] Setting up static identity map for 0x80100000 - 0x80100078
[    0.160702] rcu: Hierarchical SRCU implementation.
[    0.160715] rcu: 	Max phase no-delay instances is 1000.
[    0.180748] smp: Bringing up secondary CPUs ...
[    0.180803] smp: Brought up 1 node, 1 CPU
[    0.180816] SMP: Total of 1 processors activated (996.14 BogoMIPS).
[    0.180828] CPU: All CPU(s) started in SVC mode.
[    0.181023] Memory: 480824K/522240K available (11264K kernel code, 1216K rwdata, 2976K rodata, 1024K init, 288K bss, 23384K reserved, 16384K cma-reserved, 0K highmem)
[    0.181867] devtmpfs: initialized
[    0.198842] VFP support v0.3: implementor 41 architecture 3 part 30 variant c rev 3
[    0.199494] clocksource: jiffies: mask: 0xffffffff max_cycles: 0xffffffff, max_idle_ns: 19112604462750000 ns
[    0.199533] posixtimers hash table entries: 512 (order: 0, 4096 bytes, linear)
[    0.199552] futex hash table entries: 256 (order: 2, 16384 bytes, linear)
[    0.200888] pinctrl core: initialized pinctrl subsystem
[    0.203030] NET: Registered PF_NETLINK/PF_ROUTE protocol family
[    0.205840] DMA: preallocated 256 KiB pool for atomic coherent allocations
[    0.206770] audit: initializing netlink subsys (disabled)
[    0.208169] thermal_sys: Registered thermal governor 'fair_share'
[    0.208187] thermal_sys: Registered thermal governor 'step_wise'
[    0.208197] thermal_sys: Registered thermal governor 'user_space'
[    0.208343] audit: type=2000 audit(0.200:1): state=initialized audit_enabled=0 res=1
[    0.208379] cpuidle: using governor menu
[    0.226664] /ocp/interconnect@44c00000/segment@200000/target-module@b000/i2c@0/tda19988@70: Fixed dependency cycle(s) with /ocp/interconnect@48000000/segment@300000/target-module@e000/lcdc@0
[    0.227793] /ocp/interconnect@48000000/segment@300000/target-module@e000/lcdc@0: Fixed dependency cycle(s) with /ocp/interconnect@44c00000/segment@200000/target-module@b000/i2c@0/tda19988@70
[    0.229993] No ATAGs?
[    0.230038] hw-breakpoint: debug architecture 0x4 unsupported.
[    0.232905] kprobes: kprobe jump-optimization is enabled. All kprobes are optimized if possible.
[    0.243856] iommu: Default domain type: Translated
[    0.243881] iommu: DMA domain TLB invalidation policy: strict mode
[    0.245462] reg-fixed-voltage fixedregulator0: using DT '/fixedregulator0' for '(default)' GPIO lookup
[    0.245518] of_get_named_gpiod_flags: can't parse 'gpios' property of node '/fixedregulator0[0]'
[    0.245546] of_get_named_gpiod_flags: can't parse 'gpio' property of node '/fixedregulator0[0]'
[    0.245564] reg-fixed-voltage fixedregulator0: using lookup tables for GPIO lookup
[    0.245574] reg-fixed-voltage fixedregulator0: No GPIO consumer (default) found
[    0.251545] SCSI subsystem initialized
[    0.252036] libata version 3.00 loaded.
[    0.252409] pps_core: LinuxPPS API ver. 1 registered
[    0.252419] pps_core: Software ver. 5.3.6 - Copyright 2005-2007 Rodolfo Giometti <giometti@linux.it>
[    0.252443] PTP clock support registered
[    0.260941] vgaarb: loaded
[    0.261313] clocksource: Switched to clocksource dmtimer
[    0.261992] VFS: Disk quotas dquot_6.6.0
[    0.262054] VFS: Dquot-cache hash table entries: 1024 (order 0, 4096 bytes)
[    0.286231] NET: Registered PF_INET protocol family
[    0.286567] IP idents hash table entries: 8192 (order: 4, 65536 bytes, linear)
[    0.288003] tcp_listen_portaddr_hash hash table entries: 512 (order: 0, 4096 bytes, linear)
[    0.288043] Table-perturb hash table entries: 65536 (order: 6, 262144 bytes, linear)
[    0.288061] TCP established hash table entries: 4096 (order: 2, 16384 bytes, linear)
[    0.288106] TCP bind hash table entries: 4096 (order: 4, 65536 bytes, linear)
[    0.288206] TCP: Hash tables configured (established 4096 bind 4096)
[    0.288330] UDP hash table entries: 256 (order: 1, 14336 bytes, linear)
[    0.288365] UDP-Lite hash table entries: 256 (order: 1, 14336 bytes, linear)
[    0.288558] NET: Registered PF_UNIX/PF_LOCAL protocol family
[    0.289830] RPC: Registered named UNIX socket transport module.
[    0.289853] RPC: Registered udp transport module.
[    0.289859] RPC: Registered tcp transport module.
[    0.289864] RPC: Registered tcp-with-tls transport module.
[    0.289869] RPC: Registered tcp NFSv4.1 backchannel transport module.
[    0.289893] PCI: CLS 0 bytes, default 64
[    0.291399] Initialise system trusted keyrings
[    0.301593] workingset: timestamp_bits=14 max_order=17 bucket_order=3
[    0.302962] NFS: Registering the id_resolver key type
[    0.303075] Key type id_resolver registered
[    0.303082] Key type id_legacy registered
[    0.303191] jffs2: version 2.2. (NAND) (SUMMARY)  Â© 2001-2006 Red Hat, Inc.
[    0.303613] Key type asymmetric registered
[    0.303631] Asymmetric key parser 'x509' registered
[    0.303698] io scheduler mq-deadline registered
[    0.303709] io scheduler kyber registered
[    0.303784] io scheduler bfq registered
[    0.305382] ledtrig-cpu: registered to indicate activity on CPUs
[    0.312267] Serial: 8250/16550 driver, 6 ports, IRQ sharing enabled
[    0.357809] brd: module loaded
[    0.377128] loop: module loaded
[    0.378049] mtdoops: mtd device (mtddev=name/number) must be supplied
[    0.379755] mdio_bus fixed-0: using lookup tables for GPIO lookup
[    0.379779] mdio_bus fixed-0: No GPIO consumer reset found
[    0.381128] i2c_dev: i2c /dev entries driver
[    0.382299] cpuidle: enable-method property 'ti,am3352' found operations
[    0.382762] sdhci: Secure Digital Host Controller Interface driver
[    0.382773] sdhci: Copyright(c) Pierre Ossman
[    0.382935] sdhci-pltfm: SDHCI platform and OF driver helper
[    0.383939] Initializing XFRM netlink socket
[    0.384121] NET: Registered PF_INET6 protocol family
[    0.399052] Segment Routing with IPv6
[    0.399144] In-situ OAM (IOAM) with IPv6
[    0.399244] sit: IPv6, IPv4 and MPLS over IPv4 tunneling driver
[    0.400213] NET: Registered PF_PACKET protocol family
[    0.400249] NET: Registered PF_KEY protocol family
[    0.400374] Key type dns_resolver registered
[    0.400599] ThumbEE CPU extension supported.
[    0.400617] Registering SWP/SWPB emulation handler
[    0.401156] omap_voltage_late_init: Voltage driver support not added
[    0.401636] SmartReflex Class3 initialized
[    0.432377] Loading compiled-in X.509 certificates
[    0.463940] /ocp/interconnect@44c00000/segment@200000/target-module@b000/i2c@0/tda19988@70: Fixed dependency cycle(s) with /ocp/interconnect@48000000/segment@300000/target-module@e000/lcdc@0
[    0.470450] /ocp/interconnect@44c00000/segment@200000/target-module@b000/i2c@0/tda19988@70: Fixed dependency cycle(s) with /ocp/interconnect@48000000/segment@300000/target-module@e000/lcdc@0
[    0.476245] gpiochip_find_base_unlocked: found new base at 512
[    0.498327] /ocp/interconnect@44c00000/segment@200000/target-module@b000/i2c@0/tda19988@70: Fixed dependency cycle(s) with /ocp/interconnect@48000000/segment@300000/target-module@e000/lcdc@0
[    0.499251] /ocp/interconnect@44c00000/segment@200000/target-module@b000/i2c@0/tda19988@70: Fixed dependency cycle(s) with /ocp/interconnect@48000000/segment@300000/target-module@e000/lcdc@0
[    0.503055] /ocp/interconnect@44c00000/segment@200000/target-module@10000/scm@0/pinmux@800: Fixed dependency cycle(s) with /ocp/interconnect@44c00000/segment@200000/target-module@10000/scm@0/pinmux@800/clkout2-pins
[    0.503680] pinctrl-single 44e10800.pinmux: 142 pins, size 568
[    0.509019] ti-sysc 44e31000.target-module: probe with driver ti-sysc failed with error -16
[    0.537397] /ocp/interconnect@48000000/segment@300000/target-module@e000/lcdc@0: Fixed dependency cycle(s) with /ocp/interconnect@44c00000/segment@200000/target-module@b000/i2c@0/tda19988@70
[    0.545811] ti-sysc 48040000.target-module: probe with driver ti-sysc failed with error -16
[    0.557447] gpiochip_find_base_unlocked: found new base at 512
[    0.557554] gpio gpiochip0: (gpio-0-31): created GPIO range 0->7 ==> 44e10800.pinmux PIN 0->7
[    0.557573] gpio gpiochip0: (gpio-0-31): created GPIO range 8->11 ==> 44e10800.pinmux PIN 90->93
[    0.557589] gpio gpiochip0: (gpio-0-31): created GPIO range 12->27 ==> 44e10800.pinmux PIN 12->27
[    0.557604] gpio gpiochip0: (gpio-0-31): created GPIO range 28->31 ==> 44e10800.pinmux PIN 30->33
[    0.581405] gpio gpiochip0: (gpio-0-31): added GPIO chardev (254:0)
[    0.581572] gpio gpiochip0: registered GPIOs 512 to 543 on gpio-0-31
[    0.581659] OMAP GPIO hardware version 0.1
[    0.615419] i2c i2c-2: using DT '/ocp/interconnect@48000000/segment@100000/target-module@9c000/i2c@0' for 'scl' GPIO lookup
[    0.615496] of_get_named_gpiod_flags: can't parse 'scl-gpios' property of node '/ocp/interconnect@48000000/segment@100000/target-module@9c000/i2c@0[0]'
[    0.615538] of_get_named_gpiod_flags: can't parse 'scl-gpio' property of node '/ocp/interconnect@48000000/segment@100000/target-module@9c000/i2c@0[0]'
[    0.615574] i2c i2c-2: using lookup tables for GPIO lookup
[    0.615583] i2c i2c-2: No GPIO consumer scl found
[    0.615604] i2c i2c-2: using DT '/ocp/interconnect@48000000/segment@100000/target-module@9c000/i2c@0' for 'sda' GPIO lookup
[    0.615639] of_get_named_gpiod_flags: can't parse 'sda-gpios' property of node '/ocp/interconnect@48000000/segment@100000/target-module@9c000/i2c@0[0]'
[    0.615675] of_get_named_gpiod_flags: can't parse 'sda-gpio' property of node '/ocp/interconnect@48000000/segment@100000/target-module@9c000/i2c@0[0]'
[    0.615706] i2c i2c-2: using lookup tables for GPIO lookup
[    0.615714] i2c i2c-2: No GPIO consumer sda found
[    0.616422] omap_i2c 4819c000.i2c: bus 2 rev0.11 at 100 kHz
[    0.622279] gpiochip_find_base_unlocked: found new base at 544
[    0.622380] gpio gpiochip1: (gpio-32-63): created GPIO range 0->17 ==> 44e10800.pinmux PIN 34->51
[    0.622400] gpio gpiochip1: (gpio-32-63): created GPIO range 18->21 ==> 44e10800.pinmux PIN 77->80
[    0.622416] gpio gpiochip1: (gpio-32-63): created GPIO range 22->31 ==> 44e10800.pinmux PIN 56->65
[    0.635121] gpio gpiochip1: (gpio-32-63): added GPIO chardev (254:1)
[    0.635297] gpio gpiochip1: registered GPIOs 544 to 575 on gpio-32-63
[    0.637584] gpiochip_find_base_unlocked: found new base at 576
[    0.637676] gpio gpiochip2: (gpio-64-95): created GPIO range 0->4 ==> 44e10800.pinmux PIN 66->70
[    0.637695] gpio gpiochip2: (gpio-64-95): created GPIO range 5->6 ==> 44e10800.pinmux PIN 98->99
[    0.637711] gpio gpiochip2: (gpio-64-95): created GPIO range 7->8 ==> 44e10800.pinmux PIN 75->76
[    0.637726] gpio gpiochip2: (gpio-64-95): created GPIO range 13->13 ==> 44e10800.pinmux PIN 141->141
[    0.637742] gpio gpiochip2: (gpio-64-95): created GPIO range 14->21 ==> 44e10800.pinmux PIN 100->107
[    0.638400] gpio gpiochip2: (gpio-64-95): added GPIO chardev (254:2)
[    0.638531] gpio gpiochip2: registered GPIOs 576 to 607 on gpio-64-95
[    0.644477] 48000000.interconnect:segment@200000:target-module@0:mpu@0:fck: device ID is greater than 24
[    0.645408] /ocp/interconnect@48000000/segment@300000/target-module@e000/lcdc@0: Fixed dependency cycle(s) with /ocp/interconnect@44c00000/segment@200000/target-module@b000/i2c@0/tda19988@70
[    0.648266] /ocp/interconnect@48000000/segment@300000/target-module@e000/lcdc@0: Fixed dependency cycle(s) with /ocp/interconnect@44c00000/segment@200000/target-module@b000/i2c@0/tda19988@70
[    0.648970] /ocp/interconnect@44c00000/segment@200000/target-module@b000/i2c@0/tda19988@70: Fixed dependency cycle(s) with /ocp/interconnect@48000000/segment@300000/target-module@e000/lcdc@0
[    0.649149] /ocp/interconnect@48000000/segment@300000/target-module@e000/lcdc@0: Fixed dependency cycle(s) with /ocp/interconnect@44c00000/segment@200000/target-module@b000/i2c@0/tda19988@70
[    0.658985] mdio_bus 4a101000.mdio: using DT '/ocp/interconnect@4a000000/segment@0/target-module@100000/switch@0/mdio@1000' for 'reset' GPIO lookup
[    0.659057] of_get_named_gpiod_flags: can't parse 'reset-gpios' property of node '/ocp/interconnect@4a000000/segment@0/target-module@100000/switch@0/mdio@1000[0]'
[    0.659103] of_get_named_gpiod_flags: can't parse 'reset-gpio' property of node '/ocp/interconnect@4a000000/segment@0/target-module@100000/switch@0/mdio@1000[0]'
[    0.659150] mdio_bus 4a101000.mdio: using lookup tables for GPIO lookup
[    0.659159] mdio_bus 4a101000.mdio: No GPIO consumer reset found
[    0.660042] sdhci-omap 481d8000.mmc: using DT '/ocp/interconnect@48000000/segment@100000/target-module@d8000/mmc@0' for 'wp' GPIO lookup
[    0.660105] of_get_named_gpiod_flags: can't parse 'wp-gpios' property of node '/ocp/interconnect@48000000/segment@100000/target-module@d8000/mmc@0[0]'
[    0.660146] of_get_named_gpiod_flags: can't parse 'wp-gpio' property of node '/ocp/interconnect@48000000/segment@100000/target-module@d8000/mmc@0[0]'
[    0.660180] sdhci-omap 481d8000.mmc: using lookup tables for GPIO lookup
[    0.660189] sdhci-omap 481d8000.mmc: No GPIO consumer wp found
[    0.660380] sdhci-omap 481d8000.mmc: supply pbias not found, using dummy regulator
[    0.660880] sdhci-omap 481d8000.mmc: supply vqmmc not found, using dummy regulator
[    0.702535] davinci_mdio 4a101000.mdio: davinci mdio revision 1.6, bus freq 1000000
[    0.716936] mdio_bus 4a101000.mdio:00: using DT '/ocp/interconnect@4a000000/segment@0/target-module@100000/switch@0/mdio@1000/ethernet-phy@0' for 'reset' GPIO lookup
[    0.717039] of_get_named_gpiod_flags: parsed 'reset-gpios' property of node '/ocp/interconnect@4a000000/segment@0/target-module@100000/switch@0/mdio@1000/ethernet-phy@0[0]' - status (0)
[    0.717203] gpio gpiochip0: Persistence not supported for GPIO 8
[    0.845834] davinci_mdio 4a101000.mdio: phy[0]: device 4a101000.mdio:00, driver SMSC LAN8710/LAN8720
[    0.846617] cpsw-switch 4a100000.switch: initialized cpsw ale version 1.4
[    0.846639] cpsw-switch 4a100000.switch: ALE Table size 1024, Policers 0
[    0.846953] cpsw-switch 4a100000.switch: cpts: overflow check period 500 (jiffies)
[    0.846974] cpsw-switch 4a100000.switch: CPTS: ref_clk_freq:250000000 calc_mult:2147483648 calc_shift:29 error:0 nsec/sec
[    0.847089] cpsw-switch 4a100000.switch: Detected MACID = 6c:ec:eb:68:de:78
[    0.848937] cpsw-switch 4a100000.switch: initialized (regs 0x4a100000, pool size 256) hw_ver:0019010C 1.12 (0)
[    0.860053] debugfs: Directory '49000000.dma' with parent 'dmaengine' already present!
[    0.860095] edma 49000000.dma: TI EDMA DMA engine driver
[    0.909518] target-module@4b000000:target-module@140000:pmu@0:fck: device ID is greater than 24
[    0.928178] hw perfevents: enabled with armv7_cortex_a8 PMU driver, 5 (8000000f) counters available
[    0.929089] gpio-clk clk_mcasp0: using DT '/clk_mcasp0' for 'enable' GPIO lookup
[    0.929156] of_get_named_gpiod_flags: parsed 'enable-gpios' property of node '/clk_mcasp0[0]' - status (0)
[    0.929202] gpio gpiochip0: Persistence not supported for GPIO 27
[    0.930022] gpiochip_find_base_unlocked: found new base at 608
[    0.930129] gpio gpiochip3: (gpio-96-127): created GPIO range 0->7 ==> 44e10800.pinmux PIN 82->89
[    0.930148] gpio gpiochip3: (gpio-96-127): created GPIO range 8->11 ==> 44e10800.pinmux PIN 52->55
[    0.930164] gpio gpiochip3: (gpio-96-127): created GPIO range 12->15 ==> 44e10800.pinmux PIN 94->97
[    0.930179] gpio gpiochip3: (gpio-96-127): created GPIO range 16->17 ==> 44e10800.pinmux PIN 71->72
[    0.930195] gpio gpiochip3: (gpio-96-127): created GPIO range 18->18 ==> 44e10800.pinmux PIN 135->135
[    0.930210] gpio gpiochip3: (gpio-96-127): created GPIO range 19->20 ==> 44e10800.pinmux PIN 108->109
[    0.930227] gpio gpiochip3: (gpio-96-127): created GPIO range 21->21 ==> 44e10800.pinmux PIN 73->73
[    0.930244] gpio gpiochip3: (gpio-96-127): created GPIO range 22->23 ==> 44e10800.pinmux PIN 8->9
[    0.930261] gpio gpiochip3: (gpio-96-127): created GPIO range 26->27 ==> 44e10800.pinmux PIN 10->11
[    0.930278] gpio gpiochip3: (gpio-96-127): created GPIO range 28->28 ==> 44e10800.pinmux PIN 74->74
[    0.930296] gpio gpiochip3: (gpio-96-127): created GPIO range 29->29 ==> 44e10800.pinmux PIN 81->81
[    0.930314] gpio gpiochip3: (gpio-96-127): created GPIO range 30->31 ==> 44e10800.pinmux PIN 28->29
[    0.935652] l3-aon-clkctrl:0000:0: failed to disable
[    0.936257] gpio gpiochip3: (gpio-96-127): added GPIO chardev (254:3)
[    0.936408] gpio gpiochip3: registered GPIOs 608 to 639 on gpio-96-127
[    0.938433] omap8250 44e09000.serial: using DT '/ocp/interconnect@44c00000/segment@200000/target-module@9000/serial@0' for 'rs485-term' GPIO lookup
[    0.938508] of_get_named_gpiod_flags: can't parse 'rs485-term-gpios' property of node '/ocp/interconnect@44c00000/segment@200000/target-module@9000/serial@0[0]'
[    0.938552] of_get_named_gpiod_flags: can't parse 'rs485-term-gpio' property of node '/ocp/interconnect@44c00000/segment@200000/target-module@9000/serial@0[0]'
[    0.938588] omap8250 44e09000.serial: using lookup tables for GPIO lookup
[    0.938597] omap8250 44e09000.serial: No GPIO consumer rs485-term found
[    0.938607] omap8250 44e09000.serial: using DT '/ocp/interconnect@44c00000/segment@200000/target-module@9000/serial@0' for 'rs485-rx-during-tx' GPIO lookup
[    0.938643] of_get_named_gpiod_flags: can't parse 'rs485-rx-during-tx-gpios' property of node '/ocp/interconnect@44c00000/segment@200000/target-module@9000/serial@0[0]'
[    0.938679] of_get_named_gpiod_flags: can't parse 'rs485-rx-during-tx-gpio' property of node '/ocp/interconnect@44c00000/segment@200000/target-module@9000/serial@0[0]'
[    0.938710] omap8250 44e09000.serial: using lookup tables for GPIO lookup
[    0.938718] omap8250 44e09000.serial: No GPIO consumer rs485-rx-during-tx found
[    0.939112] 44e09000.serial: ttyS0 at MMIO 0x44e09000 (irq = 34, base_baud = 3000000) is a 8250
[    0.939202] printk: legacy console [ttyS0] enabled
[    2.433915] i2c i2c-0: using DT '/ocp/interconnect@44c00000/segment@200000/target-module@b000/i2c@0' for 'scl' GPIO lookup
[    2.434005] of_get_named_gpiod_flags: can't parse 'scl-gpios' property of node '/ocp/interconnect@44c00000/segment@200000/target-module@b000/i2c@0[0]'
[    2.434052] of_get_named_gpiod_flags: can't parse 'scl-gpio' property of node '/ocp/interconnect@44c00000/segment@200000/target-module@b000/i2c@0[0]'
[    2.434092] i2c i2c-0: using lookup tables for GPIO lookup
[    2.434106] i2c i2c-0: No GPIO consumer scl found
[    2.434131] i2c i2c-0: using DT '/ocp/interconnect@44c00000/segment@200000/target-module@b000/i2c@0' for 'sda' GPIO lookup
[    2.434169] of_get_named_gpiod_flags: can't parse 'sda-gpios' property of node '/ocp/interconnect@44c00000/segment@200000/target-module@b000/i2c@0[0]'
[    2.434209] of_get_named_gpiod_flags: can't parse 'sda-gpio' property of node '/ocp/interconnect@44c00000/segment@200000/target-module@b000/i2c@0[0]'
[    2.434244] i2c i2c-0: using lookup tables for GPIO lookup
[    2.434255] i2c i2c-0: No GPIO consumer sda found
[    2.452292] tps65217-pmic: Failed to locate of_node [id: -1]
[    2.458362] tps65217-bl: Failed to locate of_node [id: -1]
[    2.465844] platform tps65217-charger: DMA mask not set
[    2.473154] platform tps65217-pwrbutton: DMA mask not set
[    2.480931] tps65217 0-0024: TPS65217 ID 0xe version 1.2
[    2.487089] /ocp/interconnect@48000000/segment@300000/target-module@e000/lcdc@0: Fixed dependency cycle(s) with /ocp/interconnect@44c00000/segment@200000/target-module@b000/i2c@0/tda19988@70
[    2.504460] /ocp/interconnect@44c00000/segment@200000/target-module@b000/i2c@0/tda19988@70: Fixed dependency cycle(s) with /ocp/interconnect@48000000/segment@300000/target-module@e000/lcdc@0
[    2.521836] omap_i2c 44e0b000.i2c: bus 0 rev0.11 at 400 kHz
[    2.529606] sdhci-omap 48060000.mmc: using DT '/ocp/interconnect@48000000/segment@0/target-module@60000/mmc@0' for 'cd' GPIO lookup
[    2.529716] of_get_named_gpiod_flags: parsed 'cd-gpios' property of node '/ocp/interconnect@48000000/segment@0/target-module@60000/mmc@0[0]' - status (0)
[    2.529785] gpio gpiochip3: Persistence not supported for GPIO 6
[    2.529812] omap_gpio 44e07000.gpio: Could not set line 6 debounce to 200000 microseconds (-22)
[    2.538677] sdhci-omap 48060000.mmc: Got CD GPIO
[    2.543356] sdhci-omap 48060000.mmc: using DT '/ocp/interconnect@48000000/segment@0/target-module@60000/mmc@0' for 'wp' GPIO lookup
[    2.543407] of_get_named_gpiod_flags: can't parse 'wp-gpios' property of node '/ocp/interconnect@48000000/segment@0/target-module@60000/mmc@0[0]'
[    2.543449] of_get_named_gpiod_flags: can't parse 'wp-gpio' property of node '/ocp/interconnect@48000000/segment@0/target-module@60000/mmc@0[0]'
[    2.543488] sdhci-omap 48060000.mmc: using lookup tables for GPIO lookup
[    2.543501] sdhci-omap 48060000.mmc: No GPIO consumer wp found
