Labgrid Console Logfile for main
Logfile started at 2024-12-06 17:18:59.873428
=== Log starts here ===

U-Boot SPL 2014.04-00014-g47880f5 (Apr 22 2014 - 13:23:54)
reading args
spl_load_image_fat_os: error reading image args, err - -1
reading u-boot.img
reading u-boot.img


U-Boot 2014.04-00014-g47880f5 (Apr 22 2014 - 13:23:54)

I2C:   ready
DRAM:  512 MiB
NAND:  0 MiB
MMC:   OMAP SD/MMC: 0, OMAP SD/MMC: 1
*** Warning - readenv() failed, using default environment

Net:   <ethaddr> not set. Validating first E-fuse MAC
cpsw, usb_ether
Hit any key to stop autoboot:  1  0 
gpio: pin 53 (gpio 53) value is 1
mmc0 is current device
gpio: pin 54 (gpio 54) value is 1
SD/MMC found on device 0
reading uEnv.txt
569 bytes read in 3 ms (184.6 KiB/s)
gpio: pin 55 (gpio 55) value is 1
Loaded environment from uEnv.txt
Importing environment from mmc ...
Checking if uenvcmd is set ...
gpio: pin 56 (gpio 56) value is 1
Running uenvcmd ...
cpsw Waiting for PHY auto negotiation to complete. done
link up on port 0, speed 100, full duplex
Using cpsw device
TFTP from server 192.168.255.126; our IP address is 192.168.255.1
Filename 'zImage'.
Load address: 0x81000000
Loading: *#################################################################
	 #################################################################
	 #################################################################
	 #################################################################
	 #################################################################
	 #####################################################
	 2.4 MiB/s
done
Bytes transferred = 5540032 (5488c0 hex)
link up on port 0, speed 100, full duplex
Using cpsw device
TFTP from server 192.168.255.126; our IP address is 192.168.255.1
Filename 'am335x-boneblack.dtb'.
Load address: 0x82000000
Loading: *#######
	 2 MiB/s
done
Bytes transferred = 98244 (17fc4 hex)
Kernel image @ 0x81000000 [ 0x000000 - 0x5488c0 ]
## Flattened Device Tree blob at 82000000
   Booting using the fdt blob at 0x82000000
   Using Device Tree in place at 82000000, end 8201afc3

Starting kernel ...

[    0.000000] Booting Linux on physical CPU 0x0
[    0.000000] Linux version 6.13.0-rc1-next-20241206 (user01@drvtest01) (arm-linux-gnueabihf-gcc (Linaro GCC 6.4-2017.11) 6.4.1 20171012, GNU ld (Linaro_Binutils-2017.11) 2.27.0.20161229) #151 SMP Fri Dec  6 17:18:09 EET 2024
[    0.000000] CPU: ARMv7 Processor [413fc082] revision 2 (ARMv7), cr=10c5387d
[    0.000000] CPU: PIPT / VIPT nonaliasing data cache, VIPT aliasing instruction cache
[    0.000000] OF: fdt: Machine model: TI AM335x BeagleBone Black
[    0.000000] Memory policy: Data cache writeback
[    0.000000] cma: Reserved 16 MiB at 0x9e800000 on node -1
[    0.000000] Zone ranges:
[    0.000000]   Normal   [mem 0x0000000080000000-0x000000009fdfffff]
[    0.000000]   HighMem  empty
[    0.000000] Movable zone start for each node
[    0.000000] Early memory node ranges
[    0.000000]   node   0: [mem 0x0000000080000000-0x000000009fdfffff]
[    0.000000] Initmem setup node 0 [mem 0x0000000080000000-0x000000009fdfffff]
[    0.000000] OF: reserved mem: Reserved memory: No reserved-memory node in the DT
[    0.000000] CPU: All CPU(s) started in SVC mode.
[    0.000000] AM335X ES2.1 (sgx neon)
[    0.000000] percpu: Embedded 17 pages/cpu s39628 r8192 d21812 u69632
[    0.000000] Kernel command line: console=ttyO0,115200n8 root=/dev/nfs rw nfsroot=192.168.255.126:/home/user01/nfs,nfsvers=3 ip=192.168.255.1:192.168.255.126::255.255.255.0:bbb1:eth0 nfsrootdebug
[    0.000000] Unknown kernel command line parameters "nfsrootdebug", will be passed to user space.
[    0.000000] printk: log buffer data + meta data: 65536 + 204800 = 270336 bytes
[    0.000000] Dentry cache hash table entries: 65536 (order: 6, 262144 bytes, linear)
[    0.000000] Inode-cache hash table entries: 32768 (order: 5, 131072 bytes, linear)
[    0.000000] Built 1 zonelists, mobility grouping on.  Total pages: 130560
[    0.000000] mem auto-init: stack:off, heap alloc:off, heap free:off
[    0.000000] SLUB: HWalign=64, Order=0-3, MinObjects=0, CPUs=1, Nodes=1
[    0.000000] trace event string verifier disabled
[    0.000000] rcu: Hierarchical RCU implementation.
[    0.000000] rcu: 	RCU event tracing is enabled.
[    0.000000] rcu: 	RCU restricting CPUs from NR_CPUS=2 to nr_cpu_ids=1.
[    0.000000] 	Tracing variant of Tasks RCU enabled.
[    0.000000] rcu: RCU calculated value of scheduler-enlistment delay is 10 jiffies.
[    0.000000] rcu: Adjusting geometry for rcu_fanout_leaf=16, nr_cpu_ids=1
[    0.000000] RCU Tasks Trace: Setting shift to 0 and lim to 1 rcu_task_cb_adjust=1 rcu_task_cpu_ids=1.
[    0.000000] NR_IRQS: 16, nr_irqs: 16, preallocated irqs: 16
[    0.000000] IRQ: Found an INTC at 0x(ptrval) (revision 5.0) with 128 interrupts
[    0.000000] rcu: srcu_init: Setting srcu_struct sizes based on contention.
[    0.000000] TI gptimer clocksource: always-on /ocp/interconnect@44c00000/segment@200000/target-module@31000
[    0.000003] sched_clock: 32 bits at 24MHz, resolution 41ns, wraps every 89478484971ns
[    0.000028] clocksource: dmtimer: mask: 0xffffffff max_cycles: 0xffffffff, max_idle_ns: 79635851949 ns
[    0.000508] TI gptimer clockevent: 24000000 Hz at /ocp/interconnect@48000000/segment@0/target-module@40000
[    0.002156] Console: colour dummy device 80x30
[    0.002219] WARNING: Your 'console=ttyO0' has been replaced by 'ttyS0'
[    0.002227] This ensures that you still see kernel messages. Please
[    0.002232] update your kernel commandline.
[    0.002275] Calibrating delay loop... 996.14 BogoMIPS (lpj=4980736)
[    0.090554] CPU: Testing write buffer coherency: ok
[    0.090676] CPU0: Spectre v2: using BPIALL workaround
[    0.090687] pid_max: default: 32768 minimum: 301
[    0.090814] LSM: initializing lsm=capability
[    0.090990] Mount-cache hash table entries: 1024 (order: 0, 4096 bytes, linear)
[    0.091011] Mountpoint-cache hash table entries: 1024 (order: 0, 4096 bytes, linear)
[    0.092670] CPU0: thread -1, cpu 0, socket -1, mpidr 0
[    0.160925] Setting up static identity map for 0x80100000 - 0x80100078
[    0.170703] rcu: Hierarchical SRCU implementation.
[    0.170713] rcu: 	Max phase no-delay instances is 1000.
[    0.190759] smp: Bringing up secondary CPUs ...
[    0.190815] smp: Brought up 1 node, 1 CPU
[    0.190830] SMP: Total of 1 processors activated (996.14 BogoMIPS).
[    0.190842] CPU: All CPU(s) started in SVC mode.
[    0.191035] Memory: 480840K/522240K available (11264K kernel code, 1215K rwdata, 2900K rodata, 1024K init, 295K bss, 23388K reserved, 16384K cma-reserved, 0K highmem)
[    0.191887] devtmpfs: initialized
[    0.208993] VFP support v0.3: implementor 41 architecture 3 part 30 variant c rev 3
[    0.209344] clocksource: jiffies: mask: 0xffffffff max_cycles: 0xffffffff, max_idle_ns: 19112604462750000 ns
[    0.209380] futex hash table entries: 256 (order: 2, 16384 bytes, linear)
[    0.210871] pinctrl core: initialized pinctrl subsystem
[    0.213699] NET: Registered PF_NETLINK/PF_ROUTE protocol family
[    0.216523] DMA: preallocated 256 KiB pool for atomic coherent allocations
[    0.217425] audit: initializing netlink subsys (disabled)
[    0.218875] thermal_sys: Registered thermal governor 'fair_share'
[    0.218890] thermal_sys: Registered thermal governor 'step_wise'
[    0.218899] thermal_sys: Registered thermal governor 'user_space'
[    0.219051] audit: type=2000 audit(0.210:1): state=initialized audit_enabled=0 res=1
[    0.219089] cpuidle: using governor menu
[    0.237658] /ocp/interconnect@44c00000/segment@200000/target-module@b000/i2c@0/tda19988@70: Fixed dependency cycle(s) with /ocp/interconnect@48000000/segment@300000/target-module@e000/lcdc@0
[    0.238834] /ocp/interconnect@48000000/segment@300000/target-module@e000/lcdc@0: Fixed dependency cycle(s) with /ocp/interconnect@44c00000/segment@200000/target-module@b000/i2c@0/tda19988@70
[    0.241242] No ATAGs?
[    0.241263] hw-breakpoint: debug architecture 0x4 unsupported.
[    0.244073] kprobes: kprobe jump-optimization is enabled. All kprobes are optimized if possible.
[    0.254091] iommu: Default domain type: Translated
[    0.254114] iommu: DMA domain TLB invalidation policy: strict mode
[    0.262318] SCSI subsystem initialized
[    0.263174] pps_core: LinuxPPS API ver. 1 registered
[    0.263186] pps_core: Software ver. 5.3.6 - Copyright 2005-2007 Rodolfo Giometti <giometti@linux.it>
[    0.263212] PTP clock support registered
[    0.271585] vgaarb: loaded
[    0.272003] clocksource: Switched to clocksource dmtimer
[    0.272664] VFS: Disk quotas dquot_6.6.0
[    0.272709] VFS: Dquot-cache hash table entries: 1024 (order 0, 4096 bytes)
[    0.297212] NET: Registered PF_INET protocol family
[    0.297564] IP idents hash table entries: 8192 (order: 4, 65536 bytes, linear)
[    0.298988] tcp_listen_portaddr_hash hash table entries: 512 (order: 0, 4096 bytes, linear)
[    0.299026] Table-perturb hash table entries: 65536 (order: 6, 262144 bytes, linear)
[    0.299043] TCP established hash table entries: 4096 (order: 2, 16384 bytes, linear)
[    0.299086] TCP bind hash table entries: 4096 (order: 4, 65536 bytes, linear)
[    0.299186] TCP: Hash tables configured (established 4096 bind 4096)
[    0.299307] UDP hash table entries: 256 (order: 1, 14336 bytes, linear)
[    0.299344] UDP-Lite hash table entries: 256 (order: 1, 14336 bytes, linear)
[    0.299528] NET: Registered PF_UNIX/PF_LOCAL protocol family
[    0.300823] RPC: Registered named UNIX socket transport module.
[    0.300843] RPC: Registered udp transport module.
[    0.300849] RPC: Registered tcp transport module.
[    0.300855] RPC: Registered tcp-with-tls transport module.
[    0.300860] RPC: Registered tcp NFSv4.1 backchannel transport module.
[    0.300885] PCI: CLS 0 bytes, default 64
[    0.302526] Initialise system trusted keyrings
[    0.312842] workingset: timestamp_bits=14 max_order=17 bucket_order=3
[    0.314171] NFS: Registering the id_resolver key type
[    0.314277] Key type id_resolver registered
[    0.314285] Key type id_legacy registered
[    0.314336] jffs2: version 2.2. (NAND) (SUMMARY)  Â© 2001-2006 Red Hat, Inc.
[    0.314740] Key type asymmetric registered
[    0.314757] Asymmetric key parser 'x509' registered
[    0.314824] io scheduler mq-deadline registered
[    0.314834] io scheduler kyber registered
[    0.314903] io scheduler bfq registered
[    0.316516] ledtrig-cpu: registered to indicate activity on CPUs
[    0.322737] Serial: 8250/16550 driver, 6 ports, IRQ sharing enabled
[    0.372740] brd: module loaded
[    0.384844] loop: module loaded
[    0.385777] mtdoops: mtd device (mtddev=name/number) must be supplied
[    0.400879] i2c_dev: i2c /dev entries driver
[    0.401834] cpuidle: enable-method property 'ti,am3352' found operations
[    0.402461] sdhci: Secure Digital Host Controller Interface driver
[    0.402473] sdhci: Copyright(c) Pierre Ossman
[    0.402646] sdhci-pltfm: SDHCI platform and OF driver helper
[    0.403675] Initializing XFRM netlink socket
[    0.403822] NET: Registered PF_INET6 protocol family
[    0.405837] Segment Routing with IPv6
[    0.405925] In-situ OAM (IOAM) with IPv6
[    0.406022] sit: IPv6, IPv4 and MPLS over IPv4 tunneling driver
[    0.406977] NET: Registered PF_PACKET protocol family
[    0.407015] NET: Registered PF_KEY protocol family
[    0.407148] Key type dns_resolver registered
[    0.407429] ThumbEE CPU extension supported.
[    0.407448] Registering SWP/SWPB emulation handler
[    0.407992] omap_voltage_late_init: Voltage driver support not added
[    0.408358] SmartReflex Class3 initialized
[    0.443055] Loading compiled-in X.509 certificates
[    0.490754] /ocp/interconnect@44c00000/segment@200000/target-module@b000/i2c@0/tda19988@70: Fixed dependency cycle(s) with /ocp/interconnect@48000000/segment@300000/target-module@e000/lcdc@0
[    0.497426] /ocp/interconnect@44c00000/segment@200000/target-module@b000/i2c@0/tda19988@70: Fixed dependency cycle(s) with /ocp/interconnect@48000000/segment@300000/target-module@e000/lcdc@0
[    0.519037] /ocp/interconnect@44c00000/segment@200000/target-module@b000/i2c@0/tda19988@70: Fixed dependency cycle(s) with /ocp/interconnect@48000000/segment@300000/target-module@e000/lcdc@0
[    0.519911] /ocp/interconnect@44c00000/segment@200000/target-module@b000/i2c@ 0/tda19988@70: Fixed dependency cycle(s) with /ocp/interconnec t@48000000/segment@300000/target-module@e000/lcdc@0
[    0.523722] /ocp/interconnect@44c00000/segment@200000/target-module@10000/scm@0/pinmux@800: Fixed dependency cycle(s) with /ocp/interconnee@b000/i2c@0/tda19988@70
[    0.699739] sdhci-omap 481d8000.mmc: supply pbias not found, using dummy regulator
[    0.700230] sdhci-omap 481d8000.mmc: supply vqmmc not found, using dummy regulator
[    0.747955] davinci_mdio 4a101000.mdio: davinci mdio revision 1.6, bus freq 1000000
[    0.895703] davinci_mdio 4a101000.mdio: phy[0]: device 4a101000.mdio:00, driver SMSC LAN8710/LAN8720
[    0.896484] cpsw-switch 4a100000.switch: initialized cpsw ale version 1.4
[    0.896507] cpsw-switch 4a100000.switch: ALE Table size 1024, Policers 0
[    0.896656] cpsw-switch 4a100000.switch: cpts: overflow check period 500 (jiffies)
[    0.896673] cpsw-switch 4a100000.switch: CPTS: ref_clk_freq:250000000 calc_mult:2147483648 calc_shift:29 error:0 nsec/sec
[    0.896782] cpsw-switch 4a100000.switch: Detected MACID = 6c:ec:eb:68:de:78
[    0.898601] cpsw-switch 4a100000.switch: initialized (regs 0x4a100000, pool size 256) hw_ver:0019010C 1.12 (0)
[    0.909642] debugfs: Directory '49000000.dma' with parent 'dmaengine' already present!
[    0.909684] edma 49000000.dma: TI EDMA DMA engine driver
[    0.942486] target-module@4b000000:target-module@140000:pmu@0:fck: device ID is greater than 24
[    0.956276] hw perfevents: enabled with armv7_cortex_a8 PMU driver, 5 (8000000f) counters available
[    0.964005] l3-aon-clkctrl:0000:0: failed to disable
[    0.976488] 44e09000.serial: ttyS0 at MMIO 0x44e09000 (irq = 34, base_baud = 3000000) is a 8250
[    0.976573] printk: legacy console [ttyS0] enabled
[    2.502997] tps65217-pmic: Failed to locate of_node [id: -1]
[    2.509062] tps65217-bl: Failed to locate of_node [id: -1]
[    2.520428] tps65217 0-0024: TPS65217 ID 0xe version 1.2
[    2.526585] /ocp/interconnect@48000000/segment@300000/target-module@e000/lcdc@0: Fixed dependency cycle(s) with /ocp/interconnect@44c00000/segment@200000/target-module@b000/i2c@0/tda19988@70
[    2.543955] /ocp/interconnect@44c00000/segment@200000/target-module@b000/i2c@0/tda19988@70: Fixed dependency cycle(s) with /ocp/interconnect@48000000/segment@300000/target-module@e000/lcdc@0
[    2.561328] omap_i2c 44e0b000.i2c: bus 0 rev0.11 at 400 kHz
[    2.569409] omap_gpio 44e07000.gpio: Could not set line 6 debounce to 200000 microseconds (-22)
[    2.578297] sdhci-omap 48060000.mmc: Got CD GPIO
[    2.583337] sdhci-omap 48060000.mmc: supply pbias not found, using dummy regulator
[    2.593641] sdhci-omap 48060000.mmc: supply vqmmc not found, using dummy regulator
[    2.602679] sdhci-omap 481d8000.mmc: supply pbias not found, using dummy regulator
[    2.610670] sdhci-omap 481d8000.mmc: supply vqmmc not found, using dummy regulator
 [    2.649471] mmc1: SDHCI controller on 481d8000.mmc [481d800 0.mmc] using External DMA
[    2.658708] mmc0: SDHCI controll er on 48060000.mmc [48060000.mmc] using External DMA
[    2.6 67548] cpsw-switch 4a100000.switch: starting ndev. mode: dual_ mac
[  
[    5.922779] cpsw-switch 4a100000.switch eth0: Link is Up - 100Mbps/Full - flow control off
[    5.952028] IP-Config: Complete:
[    5.955303]      device=eth0, hwaddr=6c:ec:eb:68:de:78, ipaddr=192.168.255.1, mask=255.255.255.0, gw=255.255.255.255
[    5.965948]      host=bbb1, domain=, nis-domain=(none)
[    5.971116]      bootserver=192.168.255.126, rootserver=192.168.255.126, rootpath=
[    5.971535] clk: Disabling unused clocks
[    5.983407] PM: genpd: Disabling unused power domains
[    5.988525] KTAP version 1
[    5.991246] 1..0
[    6.020885] VFS: Mounted root (nfs filesystem) on device 0:17.
[    6.028008] devtmpfs: mounted
[    6.032845] Freeing unused kernel image (initmem) memory: 1024K
[    6.039514] Run /sbin/init as init process
[    6.784175] systemd[1]: System time before build time, advancing clock.
[    9.022026] random: crng init done
[    9.095517] systemd[1]: systemd 232 running in system mode. (+PAM +AUDIT +SELINUX +IMA +APPARMOR +SMACK +SYSVINIT +UTMP +LIBCRYPTSETUP +GCRYPT +GNUTLS +ACL +XZ +LZ4 +SECCOMP +BLKID +ELFUTILS +KMOD +IDN)
[    9.116297] systemd[1]: Detected architecture arm.

Welcome to [1mDebian GNU/Linux 9 (stretch)[0m!

[    9.145373] systemd[1]: Set hostname to <arm>.
[   10.479638] systemd[1]: Started Forward Password Requests to Wall Directory Watch.
[[0;32m  OK  [0m] Started Forward Password Requests to Wall Directory Watch.
[   10.512918] systemd[1]: Started Dispatch Password Requests to Console Directory Watch.
[[0;32m  OK  [0m] Started Dispatch Password Requests to Console Directory Watch.
[   10.546947] systemd[1]: Set up automount Arbitrary Executable File Formats File System Automount Point.
[[0;32m  OK  [0m] Set up automount Arbitrary Executabâ€¦rmats File System Automount Point.
[   10.582464] systemd[1]: Reached target Paths.
[[0;32m  OK  [0m] Reached target Paths.
[   10.611254] systemd[1]: Listening on Journal Socket.
[[0;32m  OK  [0m] Listening on Journal Socket.
[   10.636861] systemd[1]: Created slice User and Session Slice.
[[0;32m  OK  [0m] Created slice User and Session Slice.
[   10.663387] systemd[1]: Created slice System Slice.
[[0;32m  OK  [0m] Created slice System Slice.
[[0;32m  OK  [0m] Created slice system-getty.slice.
         Starting Create list of required stâ€¦ce nodes for the current kernel...
         Starting Load Kernel Modules...
         Mounting Debug File System...
[[0;32m  OK  [0m] Reached target Encrypted Volumes.
[[0;32m  OK  [0m] Created slice system-serial\x2dgetty.slice.
[[0;32m  OK  [0m] Reached target Slices.
[[0;32m  OK  [0m] Listening on udev Control Socket.
         Starting Remount Root and Kernel File Systems...
[[0;32m  OK  [0m] Listening on Syslog Socket.
[[0;32m  OK  [0m] Reached target Swap.
         Mounting POSIX Message Queue File System...
[[0;32m  OK  [0m] Listening on /dev/initctl Compatibility Named Pipe.
[[0;32m  OK  [0m] Listening on Journal Audit Socket.
[[0;32m  OK  [0m] Listening on udev Kernel Socket.
[[0;32m  OK  [0m] Reached target Remote File Systems.
[[0;32m  OK  [0m] Listening on Journal Socket (/dev/log).
         Starting Journal Service...
[[0;32m  OK  [0m] Mounted POSIX Message Queue File System.
[[0;32m  OK  [0m] Mounted Debug File System.
[[0;32m  OK  [0m] Started Create list of required staâ€¦vice nodes for the current kernel.
[[0;32m  OK  [0m] Started Load Kernel Modules.
[[0;32m  OK  [0m] Started Remount Root and Kernel File Systems.
         Starting udev Coldplug all Devices...
         Starting Load/Save Random Seed...
         Mounting Configuration File System...
         Starting Apply Kernel Variables...
         Starting Create Static Device Nodes in /dev...
[[0;32m  OK  [0m] Mounted Configuration File System.
[[0;32m  OK  [0m] Started Load/Save Random Seed.
[[0;32m  OK  [0m] Started Apply Kernel Variables.
[[0;32m  OK  [0m] Started Journal Service.
         Starting Flush Journal to Persistent Storage...
[[0;32m  OK  [0m] Started Create Static Device Nodes in /dev.
         Starting udev Kernel Device Manager...
[[0;32m  OK  [0m] Reached target Local File Systems (Pre).
[[0;32m  OK  [0m] Reached target Local File Systems.
         Starting Raise network interfaces...
[   12.818811] systemd-journald[90]: Received request to flush runtime journal from PID 1
[[0;32m  OK  [0m] Started Flush Journal to Persistent Storage.
         Starting Create Volatile Files and Directories...
[[0;32m  OK  [0m] Started udev Kernel Device Manager.
[[0;32m  OK  [0m] Started Create Volatile Files and Directories.
         Starting Update UTMP about System Boot/Shutdown...
         Starting Network Time Synchronization...
[[0;32m  OK  [0m] Started udev Coldplug all Devices.
[[0;32m  OK  [0m] Started Update UTMP about System Boot/Shutdown.
[[0;32m  OK  [0m] Started Network Time Synchronization.
[[0;32m  OK  [0m] Reached target System Initialization.
[   15.945540] remoteproc remoteproc0: wkup_m3 is available
[[0;32m  OK  [0m] Listening on Avahi mDNS/DNS-SD Stack Activation Socket.
[[0;32m  OK  [0m] Listening on D-Bus System Message Bus Socket.
[[0;32m  OK  [0m] Reached target Sockets.
[[0;32m  OK  [0m] Reached target Basic System.
         Starting Avahi mDNS/DNS-SD Stack...
[   16.204021] omap_rtc 44e3e000.rtc: registered as rtc0
[   16.209203] omap_rtc 44e3e000.rtc: setting system clock to 2000-01-01T00:00:00 UTC (946684800)
[   16.236313] at24 2-0054: supply vcc not found, using dummy regulator
         Starting System Logging Service...
[   16.402667] at24 2-0055: supply vcc not found, using dummy regulator
         Starting Telephony service...
[   16.553200] at24 2-0056: supply vcc not found, using dummy regulator
         Starting Cape Manager Service...
[   16.633473] omap_wdt: OMAP Watchdog Timer Rev 0x01: initial timeout 60 sec
[   16.691448] at24 2-0057: supply vcc not found, using dummy regulator
         Starting DUN service...
[   16.789455] tps6521x_pwrbutton tps65217-pwrbutton: DMA mask not set
[[0;32m  OK  [0m] Started D-Bus System Message Bus.
[   16.994998] input: tps65217_pwrbutton as /devices/platform/ocp/44c00000.interconnect/44c00000.interconnect:segment@200000/44e0b000.target-module/44e0b000.i2c/i2c-0/0-0024/tps65217-pwrbutton/input/input0
[   17.026791] at24 0-0050: 32768 byte 24c256 EEPROM, writable, 1 bytes/write
[   17.351766] wkup_m3_ipc 44e11324.wkup_m3_ipc: IPC Request for A8->M3 Channel failed! -517
[   17.525995] wkup_m3_ipc 44e11324.wkup_m3_ipc: IPC Request for A8->M3 Channel failed! -517
[   17.849233] am335x-phy-driver 47401300.usb-phy: dummy supplies not allowed for exclusive requests (id=vbus)
[   18.041194] am335x-phy-driver 47401b00.usb-phy: dummy supplies not allowed for exclusive requests (id=vbus)
[   18.053542] wkup_m3_ipc 44e11324.wkup_m3_ipc: IPC Request for A8->M3 Channel failed! -517
[   18.172360] wkup_m3_ipc 44e11324.wkup_m3_ipc: IPC Request for A8->M3 Channel failed! -517
[   18.884020] omap-mailbox 480c8000.mailbox: omap mailbox rev 0x400
[   18.962864] remoteproc remoteproc0: powering up wkup_m3
[   19.090058] remoteproc remoteproc0: Direct firmware load for am335x-pm-firmware.elf failed with error -2
[   19.099929] remoteproc remoteproc0: request_firmware failed: -2
[   19.106045] wkup_m3_ipc 44e11324.wkup_m3_ipc: rproc_boot failed
[   20.411857] usbcore: registered new interface driver usbfs
[   20.417762] usbcore: registered new interface driver hub
[   20.423327] usbcore: registered new device driver usb
[[0;32m  OK  [0m] Started Telephony service.
[[0;32m  OK  [0m] Started DUN service.
[[0;32m  OK  [0m] Started Avahi mDNS/DNS-SD Stack.
         Starting Connection service...
[[0;32m  OK  [0m] Started Daily Cleanup of Temporary Directories.
         Starting LSB: Start busybox udhcpd at boot time...
         Starting Generic Board Startup...
[[0;32m  OK  [0m] Started Regular background program processing daemon.
         Starting LSB: Load kernel modules needed to enable cpufreq scaling...
         Starting Login Service...
[[0;32m  OK  [0m] Reached target System Time Synchronized.
[[0;32m  OK  [0m] Started Daily apt download activities.
[[0;32m  OK  [0m] Started Daily apt upgrade and clean activities.
[[0;32m  OK  [0m] Reached target Timers.
[   22.357257] omap_rng 48310000.rng: Random Number Generator ver. 20
[[0;32m  OK  [0m] Started System Logging Service.
[[0;32m  OK  [0m] Started Cape Manager Service.
[[0;32m  OK  [0m] Found device /dev/ttyS0.
[   23.266883] musb-hdrc musb-hdrc.1: MUSB HDRC host driver
[   23.272455] musb-hdrc musb-hdrc.1: new USB bus registered, assigned bus number 1
[   23.513845] usb usb1: New USB device found, idVendor=1d6b, idProduct=0002, bcdDevice= 6.13
[   23.522632] usb usb1: New USB device strings: Mfr=3, Product=2, SerialNumber=1
[   23.529909] usb usb1: Product: MUSB HDRC host driver
[   23.535042] usb usb1: Manufacturer: Linux 6.13.0-rc1-next-20241206 musb-hcd
[   23.542098] usb usb1: SerialNumber: musb-hdrc.1
[   23.872531] hub 1-0:1.0: USB hub found
[   23.887663] hub 1-0:1.0: 1 port detected
[   25.016580] tda998x 0-0070: found TDA19988
[   25.028040] PM: Cannot get wkup_m3_ipc handle
[   25.090790] PM: Cannot get wkup_m3_ipc handle
[   25.177365] PM: Cannot get wkup_m3_ipc handle
[   25.358523] omap-sham 53100000.sham: hw accel on OMAP rev 4.3
[   25.486271] omap-aes 53500000.aes: OMAP AES hw accel rev: 3.2
[   25.501509] omap-sham 53100000.sham: will run requests pump with realtime priority
[   25.511168] PM: Cannot get wkup_m3_ipc handle
[   25.604310] omap-aes 53500000.aes: will run requests pump with realtime priority
[   25.615902] PM: Cannot get wkup_m3_ipc handle
[   25.760101] tilcdc 4830e000.lcdc: bound 0-0070 (ops tda998x_driver_exit [tda998x])
[   25.879352] [drm] Initialized tilcdc 1.0.0 for 4830e000.lcdc on minor 0
[   25.959558] tilcdc 4830e000.lcdc: [drm] Cannot find any crtc or sizes
[   25.967899] PM: Cannot get wkup_m3_ipc handle
[   26.054932] tilcdc 4830e000.lcdc: [drm] Cannot find any crtc or sizes
[[0;32m  OK  [0m] Started LSB: Start busybox udhcpd at boot time.
[   28.745038] Bluetooth: Core ver 2.22
[   28.748857] NET: Registered PF_BLUETOOTH protocol family
[   28.754431] Bluetooth: HCI device and connection manager initialized
[   28.760848] Bluetooth: HCI socket layer initialized
[   28.765833] Bluetooth: L2CAP socket layer initialized
[   28.770952] Bluetooth: SCO socket layer initialized
[   29.890219] PM: Cannot get wkup_m3_ipc handle
[   29.981531] PM: Cannot get wkup_m3_ipc handle
[[0;32m  OK  [0m] Started Raise network interfaces.
[[0;32m  OK  [0m] Started LSB: Load kernel modules needed to enable cpufreq scaling.
[[0;32m  OK  [0m] Started Connection service.
[[0;32m  OK  [0m] Started Login Service.
[[0;32m  OK  [0m] Reached target Sound Card.
         Starting LSB: set CPUFreq kernel parameters...
[[0;32m  OK  [0m] Reached target Network.
         Starting OpenBSD Secure Shell server...
         Starting The Apache HTTP Server...
[[0;32m  OK  [0m] Reached target Network is Online.
         Starting LSB: Advanced IEEE 802.11 management daemon...
         Starting Permit User Sessions...
[[0;32m  OK  [0m] Started LSB: Advanced IEEE 802.11 management daemon.
[   32.671425] configfs-gadget.g_multi gadget.0: HOST MAC 1c:ba:8c:a2:ed:6c
[   32.678445] configfs-gadget.g_multi gadget.0: MAC 1c:ba:8c:a2:ed:70
[   32.685873] configfs-gadget.g_multi gadget.0: HOST MAC 1c:ba:8c:a2:ed:6c
[   32.692735] configfs-gadget.g_multi gadget.0: MAC 1c:ba:8c:a2:ed:6d
[   32.702855] PM: Cannot get wkup_m3_ipc handle
[[0;32m  OK  [0m] Started Permit User Sessions.
[[0;32m  OK  [0m] Started Serial Getty on ttyS0.
[[0;32m  OK  [0m] Started Getty on tty1.
[[0;32m  OK  [0m] Reached target Login Prompts.
[[0;32m  OK  [0m] Started LSB: set CPUFreq kernel parameters.
         Starting Hostname Service...
         Starting WPA supplicant...
[[0;32m  OK  [0m] Started OpenBSD Secure Shell server.
[[0;32m  OK  [0m] Started Hostname Service.
[[0;32m  OK  [0m] Started WPA supplicant.
         Stopping LSB: Start busybox udhcpd at boot time...
[[0;32m  OK  [0m] Stopped LSB: Start busybox udhcpd at boot time.
[[0;32m  OK  [0m] Started The Apache HTTP Server.
         Starting dnsmasq - A lightweight DHCP and caching DNS server...

Debian GNU/Linux 9 arm ttyS0

default username:password is [debian:temppwd]

arm login: root
Password: 
Last login: Sat Jan  1 00:00:29 UTC 2000 on ttyS0
root
Linux arm 6.13.0-rc1-next-20241206 #151 SMP Fri Dec  6 17:18:09 EET 2024 armv7l

The programs included with the Debian GNU/Linux system are free software;
the exact distribution terms for each program are described in the
individual files in /usr/share/doc/*/copyright.

Debian GNU/Linux comes with ABSOLUTELY NO WARRANTY, to the extent
permitted by applicable law.
root@arm:~# root
dmesg -n 1
-bash: root: command not found
root@arm:~# dmesg -n 1
root@arm:~# echo 'FEEK''LHNMCH'
FEEKLHNMCH
root@arm:~# run() { echo -n "$MARKER"; sh -c "$@"; echo "$MARKER $?"; }
root@arm:~# echo 'PGLX''MBHPVZ'
PGLXMBHPVZ
root@arm:~# MARKER='VELE''BCXJFV' run 'cat /proc/version'
VELEBCXJFVLinux version 6.13.0-rc1-next-20241206 (user01@drvtest01) (arm-linux-gnueabihf-gcc (Linaro GCC 6.4-2017.11) 6.4.1 20171012, GNU ld (Linaro_Binutils-2017.11) 2.27.0.20161229) #151 SMP Fri Dec  6 17:18:09 EET 2024
VELEBCXJFV 0
root@arm:~# echo 'BCFX''VQUPWG'
BCFXVQUPWG
root@arm:~# MARKER='HQCA''MLATEP' run false
HQCAMLATEPHQCAMLATEP 1
root@arm:~# Labgrid Console Logfile for main
Logfile started at 2024-12-06 17:20:00.622055
=== Log starts here ===

root@arm:~# run() { echo -n "$MARKER"; sh -c "$@"; echo "$MARKER $?"; }
root@arm:~# echo 'CAUE''YZJQVW'
CAUEYZJQVW
root@arm:~# MARKER='PHMK''AFFCCC' run dmesg
PHMKAFFCCC[    0.000000] Booting Linux on physical CPU 0x0
[    0.000000] Linux version 6.13.0-rc1-next-20241206 (user01@drvtest01) (arm-linux-gnueabihf-gcc (Linaro GCC 6.4-2017.11) 6.4.1 20171012, GNU ld (Linaro_Binutils-2017.11) 2.27.0.20161229) #151 SMP Fri Dec  6 17:18:09 EET 2024
[    0.000000] CPU: ARMv7 Processor [413fc082] revision 2 (ARMv7), cr=10c5387d
[    0.000000] CPU: PIPT / VIPT nonaliasing data cache, VIPT aliasing instruction cache
[    0.000000] OF: fdt: Machine model: TI AM335x BeagleBone Black
[    0.000000] Memory policy: Data cache writeback
[    0.000000] cma: Reserved 16 MiB at 0x9e800000 on node -1
[    0.000000] Zone ranges:
[    0.000000]   Normal   [mem 0x0000000080000000-0x000000009fdfffff]
[    0.000000]   HighMem  empty
[    0.000000] Movable zone start for each node
[    0.000000] Early memory node ranges
[    0.000000]   node   0: [mem 0x0000000080000000-0x000000009fdfffff]
[    0.000000] Initmem setup node 0 [mem 0x0000000080000000-0x000000009fdfffff]
[    0.000000] OF: reserved mem: Reserved memory: No reserved-memory node in the DT
[    0.000000] CPU: All CPU(s) started in SVC mode.
[    0.000000] AM335X ES2.1 (sgx neon)
[    0.000000] percpu: Embedded 17 pages/cpu s39628 r8192 d21812 u69632
[    0.000000] pcpu-alloc: s39628 r8192 d21812 u69632 alloc=17*4096
[    0.000000] pcpu-alloc: [0] 0 
[    0.000000] Kernel command line: console=ttyO0,115200n8 root=/dev/nfs rw nfsroot=192.168.255.126:/home/user01/nfs,nfsvers=3 ip=192.168.255.1:192.168.255.126::255.255.255.0:bbb1:eth0 nfsrootdebug
[    0.000000] Unknown kernel command line parameters "nfsrootdebug", will be passed to user space.
[    0.000000] printk: log buffer data + meta data: 65536 + 204800 = 270336 bytes
[    0.000000] Dentry cache hash table entries: 65536 (order: 6, 262144 bytes, linear)
[    0.000000] Inode-cache hash table entries: 32768 (order: 5, 131072 bytes, linear)
[    0.000000] Built 1 zonelists, mobility grouping on.  Total pages: 130560
[    0.000000] mem auto-init: stack:off, heap alloc:off, heap free:off
[    0.000000] SLUB: HWalign=64, Order=0-3, MinObjects=0, CPUs=1, Nodes=1
[    0.000000] trace event string verifier disabled
[    0.000000] rcu: Hierarchical RCU implementation.
[    0.000000] rcu: 	RCU event tracing is enabled.
[    0.000000] rcu: 	RCU restricting CPUs from NR_CPUS=2 to nr_cpu_ids=1.
[    0.000000] 	Tracing variant of Tasks RCU enabled.
[    0.000000] rcu: RCU calculated value of scheduler-enlistment delay is 10 jiffies.
[    0.000000] rcu: Adjusting geometry for rcu_fanout_leaf=16, nr_cpu_ids=1
[    0.000000] RCU Tasks Trace: Setting shift to 0 and lim to 1 rcu_task_cb_adjust=1 rcu_task_cpu_ids=1.
[    0.000000] NR_IRQS: 16, nr_irqs: 16, preallocated irqs: 16
[    0.000000] IRQ: Found an INTC at 0x(ptrval) (revision 5.0) with 128 interrupts
[    0.000000] rcu: srcu_init: Setting srcu_struct sizes based on contention.
[    0.000000] TI gptimer clocksource: always-on /ocp/interconnect@44c00000/segment@200000/target-module@31000
[    0.000003] sched_clock: 32 bits at 24MHz, resolution 41ns, wraps every 89478484971ns
[    0.000028] clocksource: dmtimer: mask: 0xffffffff max_cycles: 0xffffffff, max_idle_ns: 79635851949 ns
[    0.000508] TI gptimer clockevent: 24000000 Hz at /ocp/interconnect@48000000/segment@0/target-module@40000
[    0.002156] Console: colour dummy device 80x30
[    0.002219] WARNING: Your 'console=ttyO0' has been replaced by 'ttyS0'
[    0.002227] This ensures that you still see kernel messages. Please
[    0.002232] update your kernel commandline.
[    0.002275] Calibrating delay loop... 996.14 BogoMIPS (lpj=4980736)
[    0.090554] CPU: Testing write buffer coherency: ok
[    0.090676] CPU0: Spectre v2: using BPIALL workaround
[    0.090687] pid_max: default: 32768 minimum: 301
[    0.090814] LSM: initializing lsm=capability
[    0.090990] Mount-cache hash table entries: 1024 (order: 0, 4096 bytes, linear)
[    0.091011] Mountpoint-cache hash table entries: 1024 (order: 0, 4096 bytes, linear)
[    0.092670] CPU0: thread -1, cpu 0, socket -1, mpidr 0
[    0.160925] Setting up static identity map for 0x80100000 - 0x80100078
[    0.170703] rcu: Hierarchical SRCU implementation.
[    0.170713] rcu: 	Max phase no-delay instances is 1000.
[    0.190759] smp: Bringing up secondary CPUs ...
[    0.190815] smp: Brought up 1 node, 1 CPU
[    0.190830] SMP: Total of 1 processors activated (996.14 BogoMIPS).
[    0.190842] CPU: All CPU(s) started in SVC mode.
[    0.191035] Memory: 480840K/522240K available (11264K kernel code, 1215K rwdata, 2900K rodata, 1024K init, 295K bss, 23388K reserved, 16384K cma-reserved, 0K highmem)
[    0.191887] devtmpfs: initialized
[    0.208993] VFP support v0.3: implementor 41 architecture 3 part 30 variant c rev 3
[    0.209344] clocksource: jiffies: mask: 0xffffffff max_cycles: 0xffffffff, max_idle_ns: 19112604462750000 ns
[    0.209380] futex hash table entries: 256 (order: 2, 16384 bytes, linear)
[    0.210871] pinctrl core: initialized pinctrl subsystem
[    0.213699] NET: Registered PF_NETLINK/PF_ROUTE protocol family
[    0.216523] DMA: preallocated 256 KiB pool for atomic coherent allocations
[    0.217425] audit: initializing netlink subsys (disabled)
[    0.218875] thermal_sys: Registered thermal governor 'fair_share'
[    0.218890] thermal_sys: Registered thermal governor 'step_wise'
[    0.218899] thermal_sys: Registered thermal governor 'user_space'
[    0.219051] audit: type=2000 audit(0.210:1): state=initialized audit_enabled=0 res=1
[    0.219089] cpuidle: using governor menu
[    0.237658] /ocp/interconnect@44c00000/segment@200000/target-module@b000/i2c@0/tda19988@70: Fixed dependency cycle(s) with /ocp/interconnect@48000000/segment@300000/target-module@e000/lcdc@0
[    0.238834] /ocp/interconnect@48000000/segment@300000/target-module@e000/lcdc@0: Fixed dependency cycle(s) with /ocp/interconnect@44c00000/segment@200000/target-module@b000/i2c@0/tda19988@70
[    0.241242] No ATAGs?
[    0.241263] hw-breakpoint: debug architecture 0x4 unsupported.
[    0.244073] kprobes: kprobe jump-optimization is enabled. All kprobes are optimized if possible.
[    0.254091] iommu: Default domain type: Translated
[    0.254114] iommu: DMA domain TLB invalidation policy: strict mode
[    0.261166] reg-fixed-voltage fixedregulator0: using DT '/fixedregulator0' for '(default)' GPIO lookup
[    0.261222] of_get_named_gpiod_flags: can't parse 'gpios' property of node '/fixedregulator0[0]'
[    0.261251] of_get_named_gpiod_flags: can't parse 'gpio' property of node '/fixedregulator0[0]'
[    0.261269] reg-fixed-voltage fixedregulator0: using lookup tables for GPIO lookup
[    0.261280] reg-fixed-voltage fixedregulator0: No GPIO consumer (default) found
[    0.262318] SCSI subsystem initialized
[    0.262814] libata version 3.00 loaded.
[    0.263174] pps_core: LinuxPPS API ver. 1 registered
[    0.263186] pps_core: Software ver. 5.3.6 - Copyright 2005-2007 Rodolfo Giometti <giometti@linux.it>
[    0.263212] PTP clock support registered
[    0.271585] vgaarb: loaded
[    0.272003] clocksource: Switched to clocksource dmtimer
[    0.272664] VFS: Disk quotas dquot_6.6.0
[    0.272709] VFS: Dquot-cache hash table entries: 1024 (order 0, 4096 bytes)
[    0.297212] NET: Registered PF_INET protocol family
[    0.297564] IP idents hash table entries: 8192 (order: 4, 65536 bytes, linear)
[    0.298988] tcp_listen_portaddr_hash hash table entries: 512 (order: 0, 4096 bytes, linear)
[    0.299026] Table-perturb hash table entries: 65536 (order: 6, 262144 bytes, linear)
[    0.299043] TCP established hash table entries: 4096 (order: 2, 16384 bytes, linear)
[    0.299086] TCP bind hash table entries: 4096 (order: 4, 65536 bytes, linear)
[    0.299186] TCP: Hash tables configured (established 4096 bind 4096)
[    0.299307] UDP hash table entries: 256 (order: 1, 14336 bytes, linear)
[    0.299344] UDP-Lite hash table entries: 256 (order: 1, 14336 bytes, linear)
[    0.299528] NET: Registered PF_UNIX/PF_LOCAL protocol family
[    0.300823] RPC: Registered named UNIX socket transport module.
[    0.300843] RPC: Registered udp transport module.
[    0.300849] RPC: Registered tcp transport module.
[    0.300855] RPC: Registered tcp-with-tls transport module.
[    0.300860] RPC: Registered tcp NFSv4.1 backchannel transport module.
[    0.300885] PCI: CLS 0 bytes, default 64
[    0.302526] Initialise system trusted keyrings
[    0.312842] workingset: timestamp_bits=14 max_order=17 bucket_order=3
[    0.314171] NFS: Registering the id_resolver key type
[    0.314277] Key type id_resolver registered
[    0.314285] Key type id_legacy registered
[    0.314336] jffs2: version 2.2. (NAND) (SUMMARY)  Â© 2001-2006 Red Hat, Inc.
[    0.314740] Key type asymmetric registered
[    0.314757] Asymmetric key parser 'x509' registered
[    0.314824] io scheduler mq-deadline registered
[    0.314834] io scheduler kyber registered
[    0.314903] io scheduler bfq registered
[    0.316516] ledtrig-cpu: registered to indicate activity on CPUs
[    0.322737] Serial: 8250/16550 driver, 6 ports, IRQ sharing enabled
[    0.372740] brd: module loaded
[    0.384844] loop: module loaded
[    0.385777] mtdoops: mtd device (mtddev=name/number) must be supplied
[    0.399487] mdio_bus fixed-0: using lookup tables for GPIO lookup
[    0.399513] mdio_bus fixed-0: No GPIO consumer reset found
[    0.400879] i2c_dev: i2c /dev entries driver
[    0.401834] cpuidle: enable-method property 'ti,am3352' found operations
[    0.402461] sdhci: Secure Digital Host Controller Interface driver
[    0.402473] sdhci: Copyright(c) Pierre Ossman
[    0.402646] sdhci-pltfm: SDHCI platform and OF driver helper
[    0.403675] Initializing XFRM netlink socket
[    0.403822] NET: Registered PF_INET6 protocol family
[    0.405837] Segment Routing with IPv6
[    0.405925] In-situ OAM (IOAM) with IPv6
[    0.406022] sit: IPv6, IPv4 and MPLS over IPv4 tunneling driver
[    0.406977] NET: Registered PF_PACKET protocol family
[    0.407015] NET: Registered PF_KEY protocol family
[    0.407148] Key type dns_resolver registered
[    0.407429] ThumbEE CPU extension supported.
[    0.407448] Registering SWP/SWPB emulation handler
[    0.407992] omap_voltage_late_init: Voltage driver support not added
[    0.408358] SmartReflex Class3 initialized
[    0.443055] Loading compiled-in X.509 certificates
[    0.490754] /ocp/interconnect@44c00000/segment@200000/target-module@b000/i2c@0/tda19988@70: Fixed dependency cycle(s) with /ocp/interconnect@48000000/segment@300000/target-module@e000/lcdc@0
[    0.497426] /ocp/interconnect@44c00000/segment@200000/target-module@b000/i2c@0/tda19988@70: Fixed dependency cycle(s) with /ocp/interconnect@48000000/segment@300000/target-module@e000/lcdc@0
[    0.503069] gpiochip_find_base_unlocked: found new base at 512
[    0.519037] /ocp/interconnect@44c00000/segment@200000/target-module@b000/i2c@0/tda19988@70: Fixed dependency cycle(s) with /ocp/interconnect@48000000/segment@300000/target-module@e000/lcdc@0
[    0.519911] /ocp/interconnect@44c00000/segment@200000/target-module@b000/i2c@0/tda19988@70: Fixed dependency cycle(s) with /ocp/interconnect@48000000/segment@300000/target-module@e000/lcdc@0
[    0.523722] /ocp/interconnect@44c00000/segment@200000/target-module@10000/scm@0/pinmux@800: Fixed dependency cycle(s) with /ocp/interconnect@44c00000/segment@200000/target-module@10000/scm@0/pinmux@800/clkout2-pins
[    0.524305] pinctrl-single 44e10800.pinmux: 142 pins, size 568
[    0.529438] ti-sysc 44e31000.target-module: probe with driver ti-sysc failed with error -16
[    0.569268] /ocp/interconnect@48000000/segment@300000/target-module@e000/lcdc@0: Fixed dependency cycle(s) with /ocp/interconnect@44c00000/segment@200000/target-module@b000/i2c@0/tda19988@70
[    0.577397] ti-sysc 48040000.target-module: probe with driver ti-sysc failed with error -16
[    0.588648] gpiochip_find_base_unlocked: found new base at 512
[    0.588750] gpio gpiochip0: (gpio-0-31): created GPIO range 0->7 ==> 44e10800.pinmux PIN 0->7
[    0.588770] gpio gpiochip0: (gpio-0-31): created GPIO range 8->11 ==> 44e10800.pinmux PIN 90->93
[    0.588787] gpio gpiochip0: (gpio-0-31): created GPIO range 12->27 ==> 44e10800.pinmux PIN 12->27
[    0.588802] gpio gpiochip0: (gpio-0-31): created GPIO range 28->31 ==> 44e10800.pinmux PIN 30->33
[    0.629547] gpio gpiochip0: (gpio-0-31): added GPIO chardev (254:0)
[    0.629701] gpio gpiochip0: registered GPIOs 512 to 543 on gpio-0-31
[    0.629786] OMAP GPIO hardware version 0.1
[    0.666246] i2c i2c-2: using DT '/ocp/interconnect@48000000/segment@100000/target-module@9c000/i2c@0' for 'scl' GPIO lookup
[    0.666320] of_get_named_gpiod_flags: can't parse 'scl-gpios' property of node '/ocp/interconnect@48000000/segment@100000/target-module@9c000/i2c@0[0]'
[    0.666366] of_get_named_gpiod_flags: can't parse 'scl-gpio' property of node '/ocp/interconnect@48000000/segment@100000/target-module@9c000/i2c@0[0]'
[    0.666402] i2c i2c-2: using lookup tables for GPIO lookup
[    0.666413] i2c i2c-2: No GPIO consumer scl found
[    0.666435] i2c i2c-2: using DT '/ocp/interconnect@48000000/segment@100000/target-module@9c000/i2c@0' for 'sda' GPIO lookup
[    0.666472] of_get_named_gpiod_flags: can't parse 'sda-gpios' property of node '/ocp/interconnect@48000000/segment@100000/target-module@9c000/i2c@0[0]'
[    0.666509] of_get_named_gpiod_flags: can't parse 'sda-gpio' property of node '/ocp/interconnect@48000000/segment@100000/target-module@9c000/i2c@0[0]'
[    0.666541] i2c i2c-2: using lookup tables for GPIO lookup
[    0.666549] i2c i2c-2: No GPIO consumer sda found
[    0.667287] omap_i2c 4819c000.i2c: bus 2 rev0.11 at 100 kHz
[    0.672835] gpiochip_find_base_unlocked: found new base at 544
[    0.672940] gpio gpiochip1: (gpio-32-63): created GPIO range 0->17 ==> 44e10800.pinmux PIN 34->51
[    0.672959] gpio gpiochip1: (gpio-32-63): created GPIO range 18->21 ==> 44e10800.pinmux PIN 77->80
[    0.672974] gpio gpiochip1: (gpio-32-63): created GPIO range 22->31 ==> 44e10800.pinmux PIN 56->65
[    0.674410] gpio gpiochip1: (gpio-32-63): added GPIO chardev (254:1)
[    0.674565] gpio gpiochip1: registered GPIOs 544 to 575 on gpio-32-63
[    0.676778] gpiochip_find_base_unlocked: found new base at 576
[    0.676868] gpio gpiochip2: (gpio-64-95): created GPIO range 0->4 ==> 44e10800.pinmux PIN 66->70
[    0.676887] gpio gpiochip2: (gpio-64-95): created GPIO range 5->6 ==> 44e10800.pinmux PIN 98->99
[    0.676902] gpio gpiochip2: (gpio-64-95): created GPIO range 7->8 ==> 44e10800.pinmux PIN 75->76
[    0.676917] gpio gpiochip2: (gpio-64-95): created GPIO range 13->13 ==> 44e10800.pinmux PIN 141->141
[    0.676933] gpio gpiochip2: (gpio-64-95): created GPIO range 14->21 ==> 44e10800.pinmux PIN 100->107
[    0.677963] gpio gpiochip2: (gpio-64-95): added GPIO chardev (254:2)
[    0.678106] gpio gpiochip2: registered GPIOs 576 to 607 on gpio-64-95
[    0.683860] 48000000.interconnect:segment@200000:target-module@0:mpu@0:fck: device ID is greater than 24
[    0.684776] /ocp/interconnect@48000000/segment@300000/target-module@e000/lcdc@0: Fixed dependency cycle(s) with /ocp/interconnect@44c00000/segment@200000/target-module@b000/i2c@0/tda19988@70
[    0.687511] /ocp/interconnect@48000000/segment@300000/target-module@e000/lcdc@0: Fixed dependency cycle(s) with /ocp/interconnect@44c00000/segment@200000/target-module@b000/i2c@0/tda19988@70
[    0.688207] /ocp/interconnect@44c00000/segment@200000/target-module@b000/i2c@0/tda19988@70: Fixed dependency cycle(s) with /ocp/interconnect@48000000/segment@300000/target-module@e000/lcdc@0
[    0.688373] /ocp/interconnect@48000000/segment@300000/target-module@e000/lcdc@0: Fixed dependency cycle(s) with /ocp/interconnect@44c00000/segment@200000/target-module@b000/i2c@0/tda19988@70
[    0.698015] mdio_bus 4a101000.mdio: using DT '/ocp/interconnect@4a000000/segment@0/target-module@100000/switch@0/mdio@1000' for 'reset' GPIO lookup
[    0.698101] of_get_named_gpiod_flags: can't parse 'reset-gpios' property of node '/ocp/interconnect@4a000000/segment@0/target-module@100000/switch@0/mdio@1000[0]'
[    0.698150] of_get_named_gpiod_flags: can't parse 'reset-gpio' property of node '/ocp/interconnect@4a000000/segment@0/target-module@100000/switch@0/mdio@1000[0]'
[    0.698199] mdio_bus 4a101000.mdio: using lookup tables for GPIO lookup
[    0.698209] mdio_bus 4a101000.mdio: No GPIO consumer reset found
[    0.699391] sdhci-omap 481d8000.mmc: using DT '/ocp/interconnect@48000000/segment@100000/target-module@d8000/mmc@0' for 'wp' GPIO lookup
[    0.699453] of_get_named_gpiod_flags: can't parse 'wp-gpios' property of node '/ocp/interconnect@48000000/segment@100000/target-module@d8000/mmc@0[0]'
[    0.699496] of_get_named_gpiod_flags: can't parse 'wp-gpio' property of node '/ocp/interconnect@48000000/segment@100000/target-module@d8000/mmc@0[0]'
[    0.699531] sdhci-omap 481d8000.mmc: using lookup tables for GPIO lookup
[    0.699541] sdhci-omap 481d8000.mmc: No GPIO consumer wp found
[    0.699739] sdhci-omap 481d8000.mmc: supply pbias not found, using dummy regulator
[    0.700230] sdhci-omap 481d8000.mmc: supply vqmmc not found, using dummy regulator
[    0.747955] davinci_mdio 4a101000.mdio: davinci mdio revision 1.6, bus freq 1000000
[    0.765328] mdio_bus 4a101000.mdio:00: using DT '/ocp/interconnect@4a000000/segment@0/target-module@100000/switch@0/mdio@1000/ethernet-phy@0' for 'reset' GPIO lookup
[    0.765435] of_get_named_gpiod_flags: parsed 'reset-gpios' property of node '/ocp/interconnect@4a000000/segment@0/target-module@100000/switch@0/mdio@1000/ethernet-phy@0[0]' - status (0)
[    0.765601] gpio gpiochip0: Persistence not supported for GPIO 8
[    0.895703] davinci_mdio 4a101000.mdio: phy[0]: device 4a101000.mdio:00, driver SMSC LAN8710/LAN8720
[    0.896484] cpsw-switch 4a100000.switch: initialized cpsw ale version 1.4
[    0.896507] cpsw-switch 4a100000.switch: ALE Table size 1024, Policers 0
[    0.896656] cpsw-switch 4a100000.switch: cpts: overflow check period 500 (jiffies)
[    0.896673] cpsw-switch 4a100000.switch: CPTS: ref_clk_freq:250000000 calc_mult:2147483648 calc_shift:29 error:0 nsec/sec
[    0.896782] cpsw-switch 4a100000.switch: Detected MACID = 6c:ec:eb:68:de:78
[    0.898601] cpsw-switch 4a100000.switch: initialized (regs 0x4a100000, pool size 256) hw_ver:0019010C 1.12 (0)
[    0.909642] debugfs: Directory '49000000.dma' with parent 'dmaengine' already present!
[    0.909684] edma 49000000.dma: TI EDMA DMA engine driver
[    0.942486] target-module@4b000000:target-module@140000:pmu@0:fck: device ID is greater than 24
[    0.956276] hw perfevents: enabled with armv7_cortex_a8 PMU driver, 5 (8000000f) counters available
[    0.957221] gpio-clk clk_mcasp0: using DT '/clk_mcasp0' for 'enable' GPIO lookup
[    0.957287] of_get_named_gpiod_flags: parsed 'enable-gpios' property of node '/clk_mcasp0[0]' - status (0)
[    0.957331] gpio gpiochip0: Persistence not supported for GPIO 27
[    0.958138] gpiochip_find_base_unlocked: found new base at 608
[    0.958245] gpio gpiochip3: (gpio-96-127): created GPIO range 0->7 ==> 44e10800.pinmux PIN 82->89
[    0.958265] gpio gpiochip3: (gpio-96-127): created GPIO range 8->11 ==> 44e10800.pinmux PIN 52->55
[    0.958282] gpio gpiochip3: (gpio-96-127): created GPIO range 12->15 ==> 44e10800.pinmux PIN 94->97
[    0.958297] gpio gpiochip3: (gpio-96-127): created GPIO range 16->17 ==> 44e10800.pinmux PIN 71->72
[    0.958313] gpio gpiochip3: (gpio-96-127): created GPIO range 18->18 ==> 44e10800.pinmux PIN 135->135
[    0.958329] gpio gpiochip3: (gpio-96-127): created GPIO range 19->20 ==> 44e10800.pinmux PIN 108->109
[    0.958345] gpio gpiochip3: (gpio-96-127): created GPIO range 21->21 ==> 44e10800.pinmux PIN 73->73
[    0.958362] gpio gpiochip3: (gpio-96-127): created GPIO range 22->23 ==> 44e10800.pinmux PIN 8->9
[    0.958378] gpio gpiochip3: (gpio-96-127): created GPIO range 26->27 ==> 44e10800.pinmux PIN 10->11
[    0.958399] gpio gpiochip3: (gpio-96-127): created GPIO range 28->28 ==> 44e10800.pinmux PIN 74->74
[    0.958417] gpio gpiochip3: (gpio-96-127): created GPIO range 29->29 ==> 44e10800.pinmux PIN 81->81
[    0.958436] gpio gpiochip3: (gpio-96-127): created GPIO range 30->31 ==> 44e10800.pinmux PIN 28->29
[    0.964005] l3-aon-clkctrl:0000:0: failed to disable
[    0.973874] gpio gpiochip3: (gpio-96-127): added GPIO chardev (254:3)
[    0.974030] gpio gpiochip3: registered GPIOs 608 to 639 on gpio-96-127
[    0.975835] omap8250 44e09000.serial: using DT '/ocp/interconnect@44c00000/segment@200000/target-module@9000/serial@0' for 'rs485-term' GPIO lookup
[    0.975904] of_get_named_gpiod_flags: can't parse 'rs485-term-gpios' property of node '/ocp/interconnect@44c00000/segment@200000/target-module@9000/serial@0[0]'
[    0.975949] of_get_named_gpiod_flags: can't parse 'rs485-term-gpio' property of node '/ocp/interconnect@44c00000/segment@200000/target-module@9000/serial@0[0]'
[    0.975985] omap8250 44e09000.serial: using lookup tables for GPIO lookup
[    0.975995] omap8250 44e09000.serial: No GPIO consumer rs485-term found
[    0.976006] omap8250 44e09000.serial: using DT '/ocp/interconnect@44c00000/segment@200000/target-module@9000/serial@0' for 'rs485-rx-during-tx' GPIO lookup
[    0.976042] of_get_named_gpiod_flags: can't parse 'rs485-rx-during-tx-gpios' property of node '/ocp/interconnect@44c00000/segment@200000/target-module@9000/serial@0[0]'
[    0.976080] of_get_named_gpiod_flags: can't parse 'rs485-rx-during-tx-gpio' property of node '/ocp/interconnect@44c00000/segment@200000/target-module@9000/serial@0[0]'
[    0.976112] omap8250 44e09000.serial: using lookup tables for GPIO lookup
[    0.976120] omap8250 44e09000.serial: No GPIO consumer rs485-rx-during-tx found
[    0.976488] 44e09000.serial: ttyS0 at MMIO 0x44e09000 (irq = 34, base_baud = 3000000) is a 8250
[    0.976573] printk: legacy console [ttyS0] enabled
[    2.481527] i2c i2c-0: using DT '/ocp/interconnect@44c00000/segment@200000/target-module@b000/i2c@0' for 'scl' GPIO lookup
[    2.481620] of_get_named_gpiod_flags: can't parse 'scl-gpios' property of node '/ocp/interconnect@44c00000/segment@200000/target-module@b000/i2c@0[0]'
[    2.481668] of_get_named_gpiod_flags: can't parse 'scl-gpio' property of node '/ocp/interconnect@44c00000/segment@200000/target-module@b000/i2c@0[0]'
[    2.481709] i2c i2c-0: using lookup tables for GPIO lookup
[    2.481724] i2c i2c-0: No GPIO consumer scl found
[    2.481750] i2c i2c-0: using DT '/ocp/interconnect@44c00000/segment@200000/target-module@b000/i2c@0' for 'sda' GPIO lookup
[    2.481790] of_get_named_gpiod_flags: can't parse 'sda-gpios' property of node '/ocp/interconnect@44c00000/segment@200000/target-module@b000/i2c@0[0]'
[    2.481832] of_get_named_gpiod_flags: can't parse 'sda-gpio' property of node '/ocp/interconnect@44c00000/segment@200000/target-module@b000/i2c@0[0]'
[    2.481869] i2c i2c-0: using lookup tables for GPIO lookup
[    2.481881] i2c i2c-0: No GPIO consumer sda found
[    2.502997] tps65217-pmic: Failed to locate of_node [id: -1]
[    2.509062] tps65217-bl: Failed to locate of_node [id: -1]
[    2.520428] tps65217 0-0024: TPS65217 ID 0xe version 1.2
[    2.526585] /ocp/interconnect@48000000/segment@300000/target-module@e000/lcdc@0: Fixed dependency cycle(s) with /ocp/interconnect@44c00000/segment@200000/target-module@b000/i2c@0/tda19988@70
[    2.543955] /ocp/interconnect@44c00000/segment@200000/target-module@b000/i2c@0/tda19988@70: Fixed dependency cycle(s) with /ocp/interconnect@48000000/segment@300000/target-module@e000/lcdc@0
[    2.561328] omap_i2c 44e0b000.i2c: bus 0 rev0.11 at 400 kHz
[    2.569206] sdhci-omap 48060000.mmc: using DT '/ocp/interconnect@48000000/segment@0/target-module@60000/mmc@0' for 'cd' GPIO lookup
[    2.569317] of_get_named_gpiod_flags: parsed 'cd-gpios' property of node '/ocp/interconnect@48000000/segment@0/target-module@60000/mmc@0[0]' - status (0)
[    2.569384] gpio gpiochip3: Persistence not supported for GPIO 6
[    2.569409] omap_gpio 44e07000.gpio: Could not set line 6 debounce to 200000 microseconds (-22)
[    2.578297] sdhci-omap 48060000.mmc: Got CD GPIO
[    2.582974] sdhci-omap 48060000.mmc: using DT '/ocp/interconnect@48000000/segment@0/target-module@60000/mmc@0' for 'wp' GPIO lookup
[    2.583026] of_get_named_gpiod_flags: can't parse 'wp-gpios' property of node '/ocp/interconnect@48000000/segment@0/target-module@60000/mmc@0[0]'
[    2.583070] of_get_named_gpiod_flags: can't parse 'wp-gpio' property of node '/ocp/interconnect@48000000/segment@0/target-module@60000/mmc@0[0]'
[    2.583109] sdhci-omap 48060000.mmc: using lookup tables for GPIO lookup
[    2.583125] sdhci-omap 48060000.mmc: No GPIO consumer wp found
[    2.583337] sdhci-omap 48060000.mmc: supply pbias not found, using dummy regulator
[    2.592097] sdhci-omap 481d8000.mmc: using DT '/ocp/interconnect@48000000/segment@100000/target-module@d8000/mmc@0' for 'wp' GPIO lookup
[    2.592175] of_get_named_gpiod_flags: can't parse 'wp-gpios' property of node '/ocp/interconnect@48000000/segment@100000/target-module@d8000/mmc@0[0]'
[    2.592223] of_get_named_gpiod_flags: can't parse 'wp-gpio' property of node '/ocp/interconnect@48000000/segment@100000/target-module@d8000/mmc@0[0]'
[    2.592263] sdhci-omap 481d8000.mmc: using lookup tables for GPIO lookup
[    2.592277] sdhci-omap 481d8000.mmc: No GPIO consumer wp found
[    2.593641] sdhci-omap 48060000.mmc: supply vqmmc not found, using dummy regulator
[    2.602679] sdhci-omap 481d8000.mmc: supply pbias not found, using dummy regulator
[    2.610670] sdhci-omap 481d8000.mmc: supply vqmmc not found, using dummy regulator
[    2.649471] mmc1: SDHCI controller on 481d8000.mmc [481d8000.mmc] using External DMA
[    2.658708] mmc0: SDHCI controller on 48060000.mmc [48060000.mmc] using External DMA
[    2.667548] cpsw-switch 4a100000.switch: starting ndev. mode: dual_mac
[    2.711308] mmc0: new high speed SDHC card at address 5048
[    2.718404] mmcblk0: mmc0:5048 SD16G 14.4 GiB
[    2.726567]  mmcblk0: p1 p2
[    2.729964] mmcblk0: p2 size 31221760 extends beyond EOD, truncated
[    2.743296] SMSC LAN8710/LAN8720 4a101000.mdio:00: attached PHY driver (mii_bus:phy_addr=4a101000.mdio:00, irq=POLL)
[    2.760284] mmc1: new high speed MMC card at address 0001
[    2.767289] mmcblk1: mmc1:0001 MMC04G 3.60 GiB
[    2.774786]  mmcblk1: p1 p2
[    2.779014] mmcblk1boot0: mmc1:0001 MMC04G 2.00 MiB
[    2.786368] mmcblk1boot1: mmc1:0001 MMC04G 2.00 MiB
[    2.793922] mmcblk1rpmb: mmc1:0001 MMC04G 128 KiB, chardev (250:0)
[    5.922779] cpsw-switch 4a100000.switch eth0: Link is Up - 100Mbps/Full - flow control off
[    5.952028] IP-Config: Complete:
[    5.955303]      device=eth0, hwaddr=6c:ec:eb:68:de:78, ipaddr=192.168.255.1, mask=255.255.255.0, gw=255.255.255.255
[    5.965948]      host=bbb1, domain=, nis-domain=(none)
[    5.971116]      bootserver=192.168.255.126, rootserver=192.168.255.126, rootpath=
[    5.971535] clk: Disabling unused clocks
[    5.983407] PM: genpd: Disabling unused power domains
[    5.988525] KTAP version 1
[    5.991246] 1..0
[    6.020885] VFS: Mounted root (nfs filesystem) on device 0:17.
[    6.028008] devtmpfs: mounted
[    6.032845] Freeing unused kernel image (initmem) memory: 1024K
[    6.039514] Run /sbin/init as init process
[    6.043770]   with arguments:
[    6.043786]     /sbin/init
[    6.043797]     nfsrootdebug
[    6.043806]   with environment:
[    6.043815]     HOME=/
[    6.043824]     TERM=linux
[    6.784175] systemd[1]: System time before build time, advancing clock.
[    9.022026] random: crng init done
[    9.095517] systemd[1]: systemd 232 running in system mode. (+PAM +AUDIT +SELINUX +IMA +APPARMOR +SMACK +SYSVINIT +UTMP +LIBCRYPTSETUP +GCRYPT +GNUTLS +ACL +XZ +LZ4 +SECCOMP +BLKID +ELFUTILS +KMOD +IDN)
[    9.116297] systemd[1]: Detected architecture arm.
[    9.145373] systemd[1]: Set hostname to <arm>.
[   10.479638] systemd[1]: Started Forward Password Requests to Wall Directory Watch.
[   10.512918] systemd[1]: Started Dispatch Password Requests to Console Directory Watch.
[   10.546947] systemd[1]: Set up automount Arbitrary Executable File Formats File System Automount Point.
[   10.582464] systemd[1]: Reached target Paths.
[   10.611254] systemd[1]: Listening on Journal Socket.
[   10.636861] systemd[1]: Created slice User and Session Slice.
[   10.663387] systemd[1]: Created slice System Slice.
[   12.818811] systemd-journald[90]: Received request to flush runtime journal from PID 1
[   15.703671] leds-gpio leds: using DT '/leds/led2' for '(default)' GPIO lookup
[   15.703775] of_get_named_gpiod_flags: parsed 'gpios' property of node '/leds/led2[0]' - status (0)
[   15.703833] gpio gpiochip0: Persistence not supported for GPIO 21
[   15.703849] gpio-533 (?): no flags found for GPIO (default)
[   15.768635] leds-gpio leds: using DT '/leds/led3' for '(default)' GPIO lookup
[   15.768864] of_get_named_gpiod_flags: parsed 'gpios' property of node '/leds/led3[0]' - status (0)
[   15.768926] gpio gpiochip0: Persistence not supported for GPIO 22
[   15.768942] gpio-534 (?): no flags found for GPIO (default)
[   15.812980] leds-gpio leds: using DT '/leds/led4' for '(default)' GPIO lookup
[   15.813287] of_get_named_gpiod_flags: parsed 'gpios' property of node '/leds/led4[0]' - status (0)
[   15.813361] gpio gpiochip0: Persistence not supported for GPIO 23
[   15.813378] gpio-535 (?): no flags found for GPIO (default)
[   15.863914] leds-gpio leds: using DT '/leds/led5' for '(default)' GPIO lookup
[   15.864012] of_get_named_gpiod_flags: parsed 'gpios' property of node '/leds/led5[0]' - status (0)
[   15.864066] gpio gpiochip0: Persistence not supported for GPIO 24
[   15.864082] gpio-536 (?): no flags found for GPIO (default)
[   15.945540] remoteproc remoteproc0: wkup_m3 is available
[   16.204021] omap_rtc 44e3e000.rtc: registered as rtc0
[   16.209203] omap_rtc 44e3e000.rtc: setting system clock to 2000-01-01T00:00:00 UTC (946684800)
[   16.218034] omap_rtc 44e3e000.rtc: using DT '/ocp/interconnect@44c00000/segment@200000/target-module@3e000/rtc@0' for 'wp' GPIO lookup
[   16.218106] of_get_named_gpiod_flags: can't parse 'wp-gpios' property of node '/ocp/interconnect@44c00000/segment@200000/target-module@3e000/rtc@0[0]'
[   16.218158] of_get_named_gpiod_flags: can't parse 'wp-gpio' property of node '/ocp/interconnect@44c00000/segment@200000/target-module@3e000/rtc@0[0]'
[   16.218201] omap_rtc 44e3e000.rtc: using lookup tables for GPIO lookup
[   16.218215] omap_rtc 44e3e000.rtc: No GPIO consumer wp found
[   16.236313] at24 2-0054: supply vcc not found, using dummy regulator
[   16.402667] at24 2-0055: supply vcc not found, using dummy regulator
[   16.553200] at24 2-0056: supply vcc not found, using dummy regulator
[   16.633473] omap_wdt: OMAP Watchdog Timer Rev 0x01: initial timeout 60 sec
[   16.691448] at24 2-0057: supply vcc not found, using dummy regulator
[   16.789455] tps6521x_pwrbutton tps65217-pwrbutton: DMA mask not set
[   16.994998] input: tps65217_pwrbutton as /devices/platform/ocp/44c00000.interconnect/44c00000.interconnect:segment@200000/44e0b000.target-module/44e0b000.i2c/i2c-0/0-0024/tps65217-pwrbutton/input/input0
[   17.026209] at24 0-0050: using DT '/ocp/interconnect@44c00000/segment@200000/target-module@b000/i2c@0/eeprom@50' for 'wp' GPIO lookup
[   17.026331] of_get_named_gpiod_flags: can't parse 'wp-gpios' property of node '/ocp/interconnect@44c00000/segment@200000/target-module@b000/i2c@0/eeprom@50[0]'
[   17.026394] of_get_named_gpiod_flags: can't parse 'wp-gpio' property of node '/ocp/interconnect@44c00000/segment@200000/target-module@b000/i2c@0/eeprom@50[0]'
[   17.026441] at24 0-0050: using lookup tables for GPIO lookup
[   17.026456] at24 0-0050: No GPIO consumer wp found
[   17.026791] at24 0-0050: 32768 byte 24c256 EEPROM, writable, 1 bytes/write
[   17.351766] wkup_m3_ipc 44e11324.wkup_m3_ipc: IPC Request for A8->M3 Channel failed! -517
[   17.525995] wkup_m3_ipc 44e11324.wkup_m3_ipc: IPC Request for A8->M3 Channel failed! -517
[   17.848769] am335x-phy-driver 47401300.usb-phy: using DT '/ocp/target-module@47400000/usb-phy@1300' for 'reset' GPIO lookup
[   17.848868] of_get_named_gpiod_flags: can't parse 'reset-gpios' property of node '/ocp/target-module@47400000/usb-phy@1300[0]'
[   17.848912] of_get_named_gpiod_flags: can't parse 'reset-gpio' property of node '/ocp/target-module@47400000/usb-phy@1300[0]'
[   17.848950] am335x-phy-driver 47401300.usb-phy: using lookup tables for GPIO lookup
[   17.848965] am335x-phy-driver 47401300.usb-phy: No GPIO consumer reset found
[   17.848979] am335x-phy-driver 47401300.usb-phy: using DT '/ocp/target-module@47400000/usb-phy@1300' for 'vbus-detect' GPIO lookup
[   17.849010] of_get_named_gpiod_flags: can't parse 'vbus-detect-gpios' property of node '/ocp/target-module@47400000/usb-phy@1300[0]'
[   17.849043] of_get_named_gpiod_flags: can't parse 'vbus-detect-gpio' property of node '/ocp/target-module@47400000/usb-phy@1300[0]'
[   17.849070] am335x-phy-driver 47401300.usb-phy: using lookup tables for GPIO lookup
[   17.849082] am335x-phy-driver 47401300.usb-phy: No GPIO consumer vbus-detect found
[   17.849233] am335x-phy-driver 47401300.usb-phy: dummy supplies not allowed for exclusive requests (id=vbus)
[   18.040734] am335x-phy-driver 47401b00.usb-phy: using DT '/ocp/target-module@47400000/usb-phy@1b00' for 'reset' GPIO lookup
[   18.040827] of_get_named_gpiod_flags: can't parse 'reset-gpios' property of node '/ocp/target-module@47400000/usb-phy@1b00[0]'
[   18.040873] of_get_named_gpiod_flags: can't parse 'reset-gpio' property of node '/ocp/target-module@47400000/usb-phy@1b00[0]'
[   18.040911] am335x-phy-driver 47401b00.usb-phy: using lookup tables for GPIO lookup
[   18.040926] am335x-phy-driver 47401b00.usb-phy: No GPIO consumer reset found
[   18.040941] am335x-phy-driver 47401b00.usb-phy: using DT '/ocp/target-module@47400000/usb-phy@1b00' for 'vbus-detect' GPIO lookup
[   18.040973] of_get_named_gpiod_flags: can't parse 'vbus-detect-gpios' property of node '/ocp/target-module@47400000/usb-phy@1b00[0]'
[   18.041005] of_get_named_gpiod_flags: can't parse 'vbus-detect-gpio' property of node '/ocp/target-module@47400000/usb-phy@1b00[0]'
[   18.041032] am335x-phy-driver 47401b00.usb-phy: using lookup tables for GPIO lookup
[   18.041045] am335x-phy-driver 47401b00.usb-phy: No GPIO consumer vbus-detect found
[   18.041194] am335x-phy-driver 47401b00.usb-phy: dummy supplies not allowed for exclusive requests (id=vbus)
[   18.053542] wkup_m3_ipc 44e11324.wkup_m3_ipc: IPC Request for A8->M3 Channel failed! -517
[   18.172360] wkup_m3_ipc 44e11324.wkup_m3_ipc: IPC Request for A8->M3 Channel failed! -517
[   18.884020] omap-mailbox 480c8000.mailbox: omap mailbox rev 0x400
[   18.962864] remoteproc remoteproc0: powering up wkup_m3
[   19.090058] remoteproc remoteproc0: Direct firmware load for am335x-pm-firmware.elf failed with error -2
[   19.099929] remoteproc remoteproc0: request_firmware failed: -2
[   19.106045] wkup_m3_ipc 44e11324.wkup_m3_ipc: rproc_boot failed
[   20.411857] usbcore: registered new interface driver usbfs
[   20.417762] usbcore: registered new interface driver hub
[   20.423327] usbcore: registered new device driver usb
[   22.357257] omap_rng 48310000.rng: Random Number Generator ver. 20
[   23.266883] musb-hdrc musb-hdrc.1: MUSB HDRC host driver
[   23.272455] musb-hdrc musb-hdrc.1: new USB bus registered, assigned bus number 1
[   23.513845] usb usb1: New USB device found, idVendor=1d6b, idProduct=0002, bcdDevice= 6.13
[   23.522632] usb usb1: New USB device strings: Mfr=3, Product=2, SerialNumber=1
[   23.529909] usb usb1: Product: MUSB HDRC host driver
[   23.535042] usb usb1: Manufacturer: Linux 6.13.0-rc1-next-20241206 musb-hcd
[   23.542098] usb usb1: SerialNumber: musb-hdrc.1
[   23.872531] hub 1-0:1.0: USB hub found
[   23.887663] hub 1-0:1.0: 1 port detected
[   25.016580] tda998x 0-0070: found TDA19988
[   25.028040] PM: Cannot get wkup_m3_ipc handle
[   25.090790] PM: Cannot get wkup_m3_ipc handle
[   25.177365] PM: Cannot get wkup_m3_ipc handle
[   25.358523] omap-sham 53100000.sham: hw accel on OMAP rev 4.3
[   25.486271] omap-aes 53500000.aes: OMAP AES hw accel rev: 3.2
[   25.501509] omap-sham 53100000.sham: will run requests pump with realtime priority
[   25.511168] PM: Cannot get wkup_m3_ipc handle
[   25.604310] omap-aes 53500000.aes: will run requests pump with realtime priority
[   25.615902] PM: Cannot get wkup_m3_ipc handle
[   25.760101] tilcdc 4830e000.lcdc: bound 0-0070 (ops tda998x_driver_exit [tda998x])
[   25.879352] [drm] Initialized tilcdc 1.0.0 for 4830e000.lcdc on minor 0
[   25.959558] tilcdc 4830e000.lcdc: [drm] Cannot find any crtc or sizes
[   25.967899] PM: Cannot get wkup_m3_ipc handle
[   26.054932] tilcdc 4830e000.lcdc: [drm] Cannot find any crtc or sizes
[   28.745038] Bluetooth: Core ver 2.22
[   28.748857] NET: Registered PF_BLUETOOTH protocol family
[   28.754431] Bluetooth: HCI device and connection manager initialized
[   28.760848] Bluetooth: HCI socket layer initialized
[   28.765833] Bluetooth: L2CAP socket layer initialized
[   28.770952] Bluetooth: SCO socket layer initialized
[   29.890219] PM: Cannot get wkup_m3_ipc handle
[   29.896493] asoc-simple-card sound: using DT '/sound' for 'simple-audio-card,hp-det' GPIO lookup
[   29.896562] of_get_named_gpiod_flags: can't parse 'simple-audio-card,hp-det-gpios' property of node '/sound[0]'
[   29.896597] of_get_named_gpiod_flags: can't parse 'simple-audio-card,hp-det-gpio' property of node '/sound[0]'
[   29.896622] asoc-simple-card sound: using lookup tables for GPIO lookup
[   29.896637] asoc-simple-card sound: No GPIO consumer simple-audio-card,hp-det found
[   29.896652] asoc-simple-card sound: using DT '/sound' for 'simple-audio-card,mic-det' GPIO lookup
[   29.896677] of_get_named_gpiod_flags: can't parse 'simple-audio-card,mic-det-gpios' property of node '/sound[0]'
[   29.896703] of_get_named_gpiod_flags: can't parse 'simple-audio-card,mic-det-gpio' property of node '/sound[0]'
[   29.896723] asoc-simple-card sound: using lookup tables for GPIO lookup
[   29.896735] asoc-simple-card sound: No GPIO consumer simple-audio-card,mic-det found
[   29.981531] PM: Cannot get wkup_m3_ipc handle
[   32.000420] userial_init: registered 8 ttyGS* devices
[   32.456023] rndis_register: configNr = 0
[   32.670116] udc musb-hdrc.0: binding gadget driver [g_multi]
[   32.670213] configfs-gadget.g_multi gadget.0: adding 'rndis'/918fcf9d to config 'c'/666659fb
[   32.671425] configfs-gadget.g_multi gadget.0: HOST MAC 1c:ba:8c:a2:ed:6c
[   32.678445] configfs-gadget.g_multi gadget.0: MAC 1c:ba:8c:a2:ed:70
[   32.684905] rndis_set_param_medium: 0 0
[   32.684930] configfs-gadget.g_multi gadget.0: RNDIS: IN/ep1in OUT/ep1out NOTIFY/ep2in
[   32.684948] configfs-gadget.g_multi gadget.0: adding 'cdc_ethernet'/0da8c9f2 to config 'c'/666659fb
[   32.685873] configfs-gadget.g_multi gadget.0: HOST MAC 1c:ba:8c:a2:ed:6c
[   32.692735] configfs-gadget.g_multi gadget.0: MAC 1c:ba:8c:a2:ed:6d
[   32.699080] configfs-gadget.g_multi gadget.0: CDC Ethernet: IN/ep3in OUT/ep2out NOTIFY/ep4in
[   32.699099] configfs-gadget.g_multi gadget.0: adding 'acm'/48587397 to config 'c'/666659fb
[   32.699141] configfs-gadget.g_multi gadget.0: acm ttyGS0: IN/ep5in OUT/ep3out NOTIFY/ep6in
[   32.702855] PM: Cannot get wkup_m3_ipc handle
[   34.779370] configfs-gadget.g_multi gadget.0: eth_open
[   35.327148] configfs-gadget.g_multi gadget.0: stop stats: rx/tx 0/0, errs 0/0
[   38.819429] gs_open: ttyGS0 (2f97d924,8b9a4a32)
[   38.819594] gs_close: ttyGS0 (2f97d924,8b9a4a32) ...
[   38.819617] gs_close: ttyGS0 (2f97d924,8b9a4a32) done!
[   38.829136] gs_open: ttyGS0 (2f97d924,54a3b4d3)
[   38.829285] gs_close: ttyGS0 (2f97d924,54a3b4d3) ...
[   38.829311] gs_close: ttyGS0 (2f97d924,54a3b4d3) done!
[   38.905263] gs_open: ttyGS0 (2f97d924,0531ccbb)
[   38.905515] gs_close: ttyGS0 (2f97d924,0531ccbb) ...
[   38.905545] gs_close: ttyGS0 (2f97d924,0531ccbb) done!
[   38.905897] gs_open: ttyGS0 (2f97d924,0531ccbb)
PHMKAFFCCC 0
root@arm:~# echo 'BAWT''CJGBHG'
BAWTCJGBHG
root@arm:~# MARKER='UVWB''GBQAAG' run 'modprobe test_linear_ranges'
UVWBGBQAAGUVWBGBQAAG 0
root@arm:~# echo 'YVHM''VWPKBJ'
YVHMVWPKBJ
root@arm:~# MARKER='OPEE''ZNYMCK' run dmesg
OPEEZNYMCK[    0.000000] Booting Linux on physical CPU 0x0
[    0.000000] Linux version 6.13.0-rc1-next-20241206 (user01@drvtest01) (arm-linux-gnueabihf-gcc (Linaro GCC 6.4-2017.11) 6.4.1 20171012, GNU ld (Linaro_Binutils-2017.11) 2.27.0.20161229) #151 SMP Fri Dec  6 17:18:09 EET 2024
[    0.000000] CPU: ARMv7 Processor [413fc082] revision 2 (ARMv7), cr=10c5387d
[    0.000000] CPU: PIPT / VIPT nonaliasing data cache, VIPT aliasing instruction cache
[    0.000000] OF: fdt: Machine model: TI AM335x BeagleBone Black
[    0.000000] Memory policy: Data cache writeback
[    0.000000] cma: Reserved 16 MiB at 0x9e800000 on node -1
[    0.000000] Zone ranges:
[    0.000000]   Normal   [mem 0x0000000080000000-0x000000009fdfffff]
[    0.000000]   HighMem  empty
[    0.000000] Movable zone start for each node
[    0.000000] Early memory node ranges
[    0.000000]   node   0: [mem 0x0000000080000000-0x000000009fdfffff]
[    0.000000] Initmem setup node 0 [mem 0x0000000080000000-0x000000009fdfffff]
[    0.000000] OF: reserved mem: Reserved memory: No reserved-memory node in the DT
[    0.000000] CPU: All CPU(s) started in SVC mode.
[    0.000000] AM335X ES2.1 (sgx neon)
[    0.000000] percpu: Embedded 17 pages/cpu s39628 r8192 d21812 u69632
[    0.000000] pcpu-alloc: s39628 r8192 d21812 u69632 alloc=17*4096
[    0.000000] pcpu-alloc: [0] 0 
[    0.000000] Kernel command line: console=ttyO0,115200n8 root=/dev/nfs rw nfsroot=192.168.255.126:/home/user01/nfs,nfsvers=3 ip=192.168.255.1:192.168.255.126::255.255.255.0:bbb1:eth0 nfsrootdebug
[    0.000000] Unknown kernel command line parameters "nfsrootdebug", will be passed to user space.
[    0.000000] printk: log buffer data + meta data: 65536 + 204800 = 270336 bytes
[    0.000000] Dentry cache hash table entries: 65536 (order: 6, 262144 bytes, linear)
[    0.000000] Inode-cache hash table entries: 32768 (order: 5, 131072 bytes, linear)
[    0.000000] Built 1 zonelists, mobility grouping on.  Total pages: 130560
[    0.000000] mem auto-init: stack:off, heap alloc:off, heap free:off
[    0.000000] SLUB: HWalign=64, Order=0-3, MinObjects=0, CPUs=1, Nodes=1
[    0.000000] trace event string verifier disabled
[    0.000000] rcu: Hierarchical RCU implementation.
[    0.000000] rcu: 	RCU event tracing is enabled.
[    0.000000] rcu: 	RCU restricting CPUs from NR_CPUS=2 to nr_cpu_ids=1.
[    0.000000] 	Tracing variant of Tasks RCU enabled.
[    0.000000] rcu: RCU calculated value of scheduler-enlistment delay is 10 jiffies.
[    0.000000] rcu: Adjusting geometry for rcu_fanout_leaf=16, nr_cpu_ids=1
[    0.000000] RCU Tasks Trace: Setting shift to 0 and lim to 1 rcu_task_cb_adjust=1 rcu_task_cpu_ids=1.
[    0.000000] NR_IRQS: 16, nr_irqs: 16, preallocated irqs: 16
[    0.000000] IRQ: Found an INTC at 0x(ptrval) (revision 5.0) with 128 interrupts
[    0.000000] rcu: srcu_init: Setting srcu_struct sizes based on contention.
[    0.000000] TI gptimer clocksource: always-on /ocp/interconnect@44c00000/segment@200000/target-module@31000
[    0.000003] sched_clock: 32 bits at 24MHz, resolution 41ns, wraps every 89478484971ns
[    0.000028] clocksource: dmtimer: mask: 0xffffffff max_cycles: 0xffffffff, max_idle_ns: 79635851949 ns
[    0.000508] TI gptimer clockevent: 24000000 Hz at /ocp/interconnect@48000000/segment@0/target-module@40000
[    0.002156] Console: colour dummy device 80x30
[    0.002219] WARNING: Your 'console=ttyO0' has been replaced by 'ttyS0'
[    0.002227] This ensures that you still see kernel messages. Please
[    0.002232] update your kernel commandline.
[    0.002275] Calibrating delay loop... 996.14 BogoMIPS (lpj=4980736)
[    0.090554] CPU: Testing write buffer coherency: ok
[    0.090676] CPU0: Spectre v2: using BPIALL workaround
[    0.090687] pid_max: default: 32768 minimum: 301
[    0.090814] LSM: initializing lsm=capability
[    0.090990] Mount-cache hash table entries: 1024 (order: 0, 4096 bytes, linear)
[    0.091011] Mountpoint-cache hash table entries: 1024 (order: 0, 4096 bytes, linear)
[    0.092670] CPU0: thread -1, cpu 0, socket -1, mpidr 0
[    0.160925] Setting up static identity map for 0x80100000 - 0x80100078
[    0.170703] rcu: Hierarchical SRCU implementation.
[    0.170713] rcu: 	Max phase no-delay instances is 1000.
[    0.190759] smp: Bringing up secondary CPUs ...
[    0.190815] smp: Brought up 1 node, 1 CPU
[    0.190830] SMP: Total of 1 processors activated (996.14 BogoMIPS).
[    0.190842] CPU: All CPU(s) started in SVC mode.
[    0.191035] Memory: 480840K/522240K available (11264K kernel code, 1215K rwdata, 2900K rodata, 1024K init, 295K bss, 23388K reserved, 16384K cma-reserved, 0K highmem)
[    0.191887] devtmpfs: initialized
[    0.208993] VFP support v0.3: implementor 41 architecture 3 part 30 variant c rev 3
[    0.209344] clocksource: jiffies: mask: 0xffffffff max_cycles: 0xffffffff, max_idle_ns: 19112604462750000 ns
[    0.209380] futex hash table entries: 256 (order: 2, 16384 bytes, linear)
[    0.210871] pinctrl core: initialized pinctrl subsystem
[    0.213699] NET: Registered PF_NETLINK/PF_ROUTE protocol family
[    0.216523] DMA: preallocated 256 KiB pool for atomic coherent allocations
[    0.217425] audit: initializing netlink subsys (disabled)
[    0.218875] thermal_sys: Registered thermal governor 'fair_share'
[    0.218890] thermal_sys: Registered thermal governor 'step_wise'
[    0.218899] thermal_sys: Registered thermal governor 'user_space'
[    0.219051] audit: type=2000 audit(0.210:1): state=initialized audit_enabled=0 res=1
[    0.219089] cpuidle: using governor menu
[    0.237658] /ocp/interconnect@44c00000/segment@200000/target-module@b000/i2c@0/tda19988@70: Fixed dependency cycle(s) with /ocp/interconnect@48000000/segment@300000/target-module@e000/lcdc@0
[    0.238834] /ocp/interconnect@48000000/segment@300000/target-module@e000/lcdc@0: Fixed dependency cycle(s) with /ocp/interconnect@44c00000/segment@200000/target-module@b000/i2c@0/tda19988@70
[    0.241242] No ATAGs?
[    0.241263] hw-breakpoint: debug architecture 0x4 unsupported.
[    0.244073] kprobes: kprobe jump-optimization is enabled. All kprobes are optimized if possible.
[    0.254091] iommu: Default domain type: Translated
[    0.254114] iommu: DMA domain TLB invalidation policy: strict mode
[    0.261166] reg-fixed-voltage fixedregulator0: using DT '/fixedregulator0' for '(default)' GPIO lookup
[    0.261222] of_get_named_gpiod_flags: can't parse 'gpios' property of node '/fixedregulator0[0]'
[    0.261251] of_get_named_gpiod_flags: can't parse 'gpio' property of node '/fixedregulator0[0]'
[    0.261269] reg-fixed-voltage fixedregulator0: using lookup tables for GPIO lookup
[    0.261280] reg-fixed-voltage fixedregulator0: No GPIO consumer (default) found
[    0.262318] SCSI subsystem initialized
[    0.262814] libata version 3.00 loaded.
[    0.263174] pps_core: LinuxPPS API ver. 1 registered
[    0.263186] pps_core: Software ver. 5.3.6 - Copyright 2005-2007 Rodolfo Giometti <giometti@linux.it>
[    0.263212] PTP clock support registered
[    0.271585] vgaarb: loaded
[    0.272003] clocksource: Switched to clocksource dmtimer
[    0.272664] VFS: Disk quotas dquot_6.6.0
[    0.272709] VFS: Dquot-cache hash table entries: 1024 (order 0, 4096 bytes)
[    0.297212] NET: Registered PF_INET protocol family
[    0.297564] IP idents hash table entries: 8192 (order: 4, 65536 bytes, linear)
[    0.298988] tcp_listen_portaddr_hash hash table entries: 512 (order: 0, 4096 bytes, linear)
[    0.299026] Table-perturb hash table entries: 65536 (order: 6, 262144 bytes, linear)
[    0.299043] TCP established hash table entries: 4096 (order: 2, 16384 bytes, linear)
[    0.299086] TCP bind hash table entries: 4096 (order: 4, 65536 bytes, linear)
[    0.299186] TCP: Hash tables configured (established 4096 bind 4096)
[    0.299307] UDP hash table entries: 256 (order: 1, 14336 bytes, linear)
[    0.299344] UDP-Lite hash table entries: 256 (order: 1, 14336 bytes, linear)
[    0.299528] NET: Registered PF_UNIX/PF_LOCAL protocol family
[    0.300823] RPC: Registered named UNIX socket transport module.
[    0.300843] RPC: Registered udp transport module.
[    0.300849] RPC: Registered tcp transport module.
[    0.300855] RPC: Registered tcp-with-tls transport module.
[    0.300860] RPC: Registered tcp NFSv4.1 backchannel transport module.
[    0.300885] PCI: CLS 0 bytes, default 64
[    0.302526] Initialise system trusted keyrings
[    0.312842] workingset: timestamp_bits=14 max_order=17 bucket_order=3
[    0.314171] NFS: Registering the id_resolver key type
[    0.314277] Key type id_resolver registered
[    0.314285] Key type id_legacy registered
[    0.314336] jffs2: version 2.2. (NAND) (SUMMARY)  Â© 2001-2006 Red Hat, Inc.
[    0.314740] Key type asymmetric registered
[    0.314757] Asymmetric key parser 'x509' registered
[    0.314824] io scheduler mq-deadline registered
[    0.314834] io scheduler kyber registered
[    0.314903] io scheduler bfq registered
[    0.316516] ledtrig-cpu: registered to indicate activity on CPUs
[    0.322737] Serial: 8250/16550 driver, 6 ports, IRQ sharing enabled
[    0.372740] brd: module loaded
[    0.384844] loop: module loaded
[    0.385777] mtdoops: mtd device (mtddev=name/number) must be supplied
[    0.399487] mdio_bus fixed-0: using lookup tables for GPIO lookup
[    0.399513] mdio_bus fixed-0: No GPIO consumer reset found
[    0.400879] i2c_dev: i2c /dev entries driver
[    0.401834] cpuidle: enable-method property 'ti,am3352' found operations
[    0.402461] sdhci: Secure Digital Host Controller Interface driver
[    0.402473] sdhci: Copyright(c) Pierre Ossman
[    0.402646] sdhci-pltfm: SDHCI platform and OF driver helper
[    0.403675] Initializing XFRM netlink socket
[    0.403822] NET: Registered PF_INET6 protocol family
[    0.405837] Segment Routing with IPv6
[    0.405925] In-situ OAM (IOAM) with IPv6
[    0.406022] sit: IPv6, IPv4 and MPLS over IPv4 tunneling driver
[    0.406977] NET: Registered PF_PACKET protocol family
[    0.407015] NET: Registered PF_KEY protocol family
[    0.407148] Key type dns_resolver registered
[    0.407429] ThumbEE CPU extension supported.
[    0.407448] Registering SWP/SWPB emulation handler
[    0.407992] omap_voltage_late_init: Voltage driver support not added
[    0.408358] SmartReflex Class3 initialized
[    0.443055] Loading compiled-in X.509 certificates
[    0.490754] /ocp/interconnect@44c00000/segment@200000/target-module@b000/i2c@0/tda19988@70: Fixed dependency cycle(s) with /ocp/interconnect@48000000/segment@300000/target-module@e000/lcdc@0
[    0.497426] /ocp/interconnect@44c00000/segment@200000/target-module@b000/i2c@0/tda19988@70: Fixed dependency cycle(s) with /ocp/interconnect@48000000/segment@300000/target-module@e000/lcdc@0
[    0.503069] gpiochip_find_base_unlocked: found new base at 512
[    0.519037] /ocp/interconnect@44c00000/segment@200000/target-module@b000/i2c@0/tda19988@70: Fixed dependency cycle(s) with /ocp/interconnect@48000000/segment@300000/target-module@e000/lcdc@0
[    0.519911] /ocp/interconnect@44c00000/segment@200000/target-module@b000/i2c@0/tda19988@70: Fixed dependency cycle(s) with /ocp/interconnect@48000000/segment@300000/target-module@e000/lcdc@0
[    0.523722] /ocp/interconnect@44c00000/segment@200000/target-module@10000/scm@0/pinmux@800: Fixed dependency cycle(s) with /ocp/interconnect@44c00000/segment@200000/target-module@10000/scm@0/pinmux@800/clkout2-pins
[    0.524305] pinctrl-single 44e10800.pinmux: 142 pins, size 568
[    0.529438] ti-sysc 44e31000.target-module: probe with driver ti-sysc failed with error -16
[    0.569268] /ocp/interconnect@48000000/segment@300000/target-module@e000/lcdc@0: Fixed dependency cycle(s) with /ocp/interconnect@44c00000/segment@200000/target-module@b000/i2c@0/tda19988@70
[    0.577397] ti-sysc 48040000.target-module: probe with driver ti-sysc failed with error -16
[    0.588648] gpiochip_find_base_unlocked: found new base at 512
[    0.588750] gpio gpiochip0: (gpio-0-31): created GPIO range 0->7 ==> 44e10800.pinmux PIN 0->7
[    0.588770] gpio gpiochip0: (gpio-0-31): created GPIO range 8->11 ==> 44e10800.pinmux PIN 90->93
[    0.588787] gpio gpiochip0: (gpio-0-31): created GPIO range 12->27 ==> 44e10800.pinmux PIN 12->27
[    0.588802] gpio gpiochip0: (gpio-0-31): created GPIO range 28->31 ==> 44e10800.pinmux PIN 30->33
[    0.629547] gpio gpiochip0: (gpio-0-31): added GPIO chardev (254:0)
[    0.629701] gpio gpiochip0: registered GPIOs 512 to 543 on gpio-0-31
[    0.629786] OMAP GPIO hardware version 0.1
[    0.666246] i2c i2c-2: using DT '/ocp/interconnect@48000000/segment@100000/target-module@9c000/i2c@0' for 'scl' GPIO lookup
[    0.666320] of_get_named_gpiod_flags: can't parse 'scl-gpios' property of node '/ocp/interconnect@48000000/segment@100000/target-module@9c000/i2c@0[0]'
[    0.666366] of_get_named_gpiod_flags: can't parse 'scl-gpio' property of node '/ocp/interconnect@48000000/segment@100000/target-module@9c000/i2c@0[0]'
[    0.666402] i2c i2c-2: using lookup tables for GPIO lookup
[    0.666413] i2c i2c-2: No GPIO consumer scl found
[    0.666435] i2c i2c-2: using DT '/ocp/interconnect@48000000/segment@100000/target-module@9c000/i2c@0' for 'sda' GPIO lookup
[    0.666472] of_get_named_gpiod_flags: can't parse 'sda-gpios' property of node '/ocp/interconnect@48000000/segment@100000/target-module@9c000/i2c@0[0]'
[    0.666509] of_get_named_gpiod_flags: can't parse 'sda-gpio' property of node '/ocp/interconnect@48000000/segment@100000/target-module@9c000/i2c@0[0]'
[    0.666541] i2c i2c-2: using lookup tables for GPIO lookup
[    0.666549] i2c i2c-2: No GPIO consumer sda found
[    0.667287] omap_i2c 4819c000.i2c: bus 2 rev0.11 at 100 kHz
[    0.672835] gpiochip_find_base_unlocked: found new base at 544
[    0.672940] gpio gpiochip1: (gpio-32-63): created GPIO range 0->17 ==> 44e10800.pinmux PIN 34->51
[    0.672959] gpio gpiochip1: (gpio-32-63): created GPIO range 18->21 ==> 44e10800.pinmux PIN 77->80
[    0.672974] gpio gpiochip1: (gpio-32-63): created GPIO range 22->31 ==> 44e10800.pinmux PIN 56->65
[    0.674410] gpio gpiochip1: (gpio-32-63): added GPIO chardev (254:1)
[    0.674565] gpio gpiochip1: registered GPIOs 544 to 575 on gpio-32-63
[    0.676778] gpiochip_find_base_unlocked: found new base at 576
[    0.676868] gpio gpiochip2: (gpio-64-95): created GPIO range 0->4 ==> 44e10800.pinmux PIN 66->70
[    0.676887] gpio gpiochip2: (gpio-64-95): created GPIO range 5->6 ==> 44e10800.pinmux PIN 98->99
[    0.676902] gpio gpiochip2: (gpio-64-95): created GPIO range 7->8 ==> 44e10800.pinmux PIN 75->76
[    0.676917] gpio gpiochip2: (gpio-64-95): created GPIO range 13->13 ==> 44e10800.pinmux PIN 141->141
[    0.676933] gpio gpiochip2: (gpio-64-95): created GPIO range 14->21 ==> 44e10800.pinmux PIN 100->107
[    0.677963] gpio gpiochip2: (gpio-64-95): added GPIO chardev (254:2)
[    0.678106] gpio gpiochip2: registered GPIOs 576 to 607 on gpio-64-95
[    0.683860] 48000000.interconnect:segment@200000:target-module@0:mpu@0:fck: device ID is greater than 24
[    0.684776] /ocp/interconnect@48000000/segment@300000/target-module@e000/lcdc@0: Fixed dependency cycle(s) with /ocp/interconnect@44c00000/segment@200000/target-module@b000/i2c@0/tda19988@70
[    0.687511] /ocp/interconnect@48000000/segment@300000/target-module@e000/lcdc@0: Fixed dependency cycle(s) with /ocp/interconnect@44c00000/segment@200000/target-module@b000/i2c@0/tda19988@70
[    0.688207] /ocp/interconnect@44c00000/segment@200000/target-module@b000/i2c@0/tda19988@70: Fixed dependency cycle(s) with /ocp/interconnect@48000000/segment@300000/target-module@e000/lcdc@0
[    0.688373] /ocp/interconnect@48000000/segment@300000/target-module@e000/lcdc@0: Fixed dependency cycle(s) with /ocp/interconnect@44c00000/segment@200000/target-module@b000/i2c@0/tda19988@70
[    0.698015] mdio_bus 4a101000.mdio: using DT '/ocp/interconnect@4a000000/segment@0/target-module@100000/switch@0/mdio@1000' for 'reset' GPIO lookup
[    0.698101] of_get_named_gpiod_flags: can't parse 'reset-gpios' property of node '/ocp/interconnect@4a000000/segment@0/target-module@100000/switch@0/mdio@1000[0]'
[    0.698150] of_get_named_gpiod_flags: can't parse 'reset-gpio' property of node '/ocp/interconnect@4a000000/segment@0/target-module@100000/switch@0/mdio@1000[0]'
[    0.698199] mdio_bus 4a101000.mdio: using lookup tables for GPIO lookup
[    0.698209] mdio_bus 4a101000.mdio: No GPIO consumer reset found
[    0.699391] sdhci-omap 481d8000.mmc: using DT '/ocp/interconnect@48000000/segment@100000/target-module@d8000/mmc@0' for 'wp' GPIO lookup
[    0.699453] of_get_named_gpiod_flags: can't parse 'wp-gpios' property of node '/ocp/interconnect@48000000/segment@100000/target-module@d8000/mmc@0[0]'
[    0.699496] of_get_named_gpiod_flags: can't parse 'wp-gpio' property of node '/ocp/interconnect@48000000/segment@100000/target-module@d8000/mmc@0[0]'
[    0.699531] sdhci-omap 481d8000.mmc: using lookup tables for GPIO lookup
[    0.699541] sdhci-omap 481d8000.mmc: No GPIO consumer wp found
[    0.699739] sdhci-omap 481d8000.mmc: supply pbias not found, using dummy regulator
[    0.700230] sdhci-omap 481d8000.mmc: supply vqmmc not found, using dummy regulator
[    0.747955] davinci_mdio 4a101000.mdio: davinci mdio revision 1.6, bus freq 1000000
[    0.765328] mdio_bus 4a101000.mdio:00: using DT '/ocp/interconnect@4a000000/segment@0/target-module@100000/switch@0/mdio@1000/ethernet-phy@0' for 'reset' GPIO lookup
[    0.765435] of_get_named_gpiod_flags: parsed 'reset-gpios' property of node '/ocp/interconnect@4a000000/segment@0/target-module@100000/switch@0/mdio@1000/ethernet-phy@0[0]' - status (0)
[    0.765601] gpio gpiochip0: Persistence not supported for GPIO 8
[    0.895703] davinci_mdio 4a101000.mdio: phy[0]: device 4a101000.mdio:00, driver SMSC LAN8710/LAN8720
[    0.896484] cpsw-switch 4a100000.switch: initialized cpsw ale version 1.4
[    0.896507] cpsw-switch 4a100000.switch: ALE Table size 1024, Policers 0
[    0.896656] cpsw-switch 4a100000.switch: cpts: overflow check period 500 (jiffies)
[    0.896673] cpsw-switch 4a100000.switch: CPTS: ref_clk_freq:250000000 calc_mult:2147483648 calc_shift:29 error:0 nsec/sec
[    0.896782] cpsw-switch 4a100000.switch: Detected MACID = 6c:ec:eb:68:de:78
[    0.898601] cpsw-switch 4a100000.switch: initialized (regs 0x4a100000, pool size 256) hw_ver:0019010C 1.12 (0)
[    0.909642] debugfs: Directory '49000000.dma' with parent 'dmaengine' already present!
[    0.909684] edma 49000000.dma: TI EDMA DMA engine driver
[    0.942486] target-module@4b000000:target-module@140000:pmu@0:fck: device ID is greater than 24
[    0.956276] hw perfevents: enabled with armv7_cortex_a8 PMU driver, 5 (8000000f) counters available
[    0.957221] gpio-clk clk_mcasp0: using DT '/clk_mcasp0' for 'enable' GPIO lookup
[    0.957287] of_get_named_gpiod_flags: parsed 'enable-gpios' property of node '/clk_mcasp0[0]' - status (0)
[    0.957331] gpio gpiochip0: Persistence not supported for GPIO 27
[    0.958138] gpiochip_find_base_unlocked: found new base at 608
[    0.958245] gpio gpiochip3: (gpio-96-127): created GPIO range 0->7 ==> 44e10800.pinmux PIN 82->89
[    0.958265] gpio gpiochip3: (gpio-96-127): created GPIO range 8->11 ==> 44e10800.pinmux PIN 52->55
[    0.958282] gpio gpiochip3: (gpio-96-127): created GPIO range 12->15 ==> 44e10800.pinmux PIN 94->97
[    0.958297] gpio gpiochip3: (gpio-96-127): created GPIO range 16->17 ==> 44e10800.pinmux PIN 71->72
[    0.958313] gpio gpiochip3: (gpio-96-127): created GPIO range 18->18 ==> 44e10800.pinmux PIN 135->135
[    0.958329] gpio gpiochip3: (gpio-96-127): created GPIO range 19->20 ==> 44e10800.pinmux PIN 108->109
[    0.958345] gpio gpiochip3: (gpio-96-127): created GPIO range 21->21 ==> 44e10800.pinmux PIN 73->73
[    0.958362] gpio gpiochip3: (gpio-96-127): created GPIO range 22->23 ==> 44e10800.pinmux PIN 8->9
[    0.958378] gpio gpiochip3: (gpio-96-127): created GPIO range 26->27 ==> 44e10800.pinmux PIN 10->11
[    0.958399] gpio gpiochip3: (gpio-96-127): created GPIO range 28->28 ==> 44e10800.pinmux PIN 74->74
[    0.958417] gpio gpiochip3: (gpio-96-127): created GPIO range 29->29 ==> 44e10800.pinmux PIN 81->81
[    0.958436] gpio gpiochip3: (gpio-96-127): created GPIO range 30->31 ==> 44e10800.pinmux PIN 28->29
[    0.964005] l3-aon-clkctrl:0000:0: failed to disable
[    0.973874] gpio gpiochip3: (gpio-96-127): added GPIO chardev (254:3)
[    0.974030] gpio gpiochip3: registered GPIOs 608 to 639 on gpio-96-127
[    0.975835] omap8250 44e09000.serial: using DT '/ocp/interconnect@44c00000/segment@200000/target-module@9000/serial@0' for 'rs485-term' GPIO lookup
[    0.975904] of_get_named_gpiod_flags: can't parse 'rs485-term-gpios' property of node '/ocp/interconnect@44c00000/segment@200000/target-module@9000/serial@0[0]'
[    0.975949] of_get_named_gpiod_flags: can't parse 'rs485-term-gpio' property of node '/ocp/interconnect@44c00000/segment@200000/target-module@9000/serial@0[0]'
[    0.975985] omap8250 44e09000.serial: using lookup tables for GPIO lookup
[    0.975995] omap8250 44e09000.serial: No GPIO consumer rs485-term found
[    0.976006] omap8250 44e09000.serial: using DT '/ocp/interconnect@44c00000/segment@200000/target-module@9000/serial@0' for 'rs485-rx-during-tx' GPIO lookup
[    0.976042] of_get_named_gpiod_flags: can't parse 'rs485-rx-during-tx-gpios' property of node '/ocp/interconnect@44c00000/segment@200000/target-module@9000/serial@0[0]'
[    0.976080] of_get_named_gpiod_flags: can't parse 'rs485-rx-during-tx-gpio' property of node '/ocp/interconnect@44c00000/segment@200000/target-module@9000/serial@0[0]'
[    0.976112] omap8250 44e09000.serial: using lookup tables for GPIO lookup
[    0.976120] omap8250 44e09000.serial: No GPIO consumer rs485-rx-during-tx found
[    0.976488] 44e09000.serial: ttyS0 at MMIO 0x44e09000 (irq = 34, base_baud = 3000000) is a 8250
[    0.976573] printk: legacy console [ttyS0] enabled
[    2.481527] i2c i2c-0: using DT '/ocp/interconnect@44c00000/segment@200000/target-module@b000/i2c@0' for 'scl' GPIO lookup
[    2.481620] of_get_named_gpiod_flags: can't parse 'scl-gpios' property of node '/ocp/interconnect@44c00000/segment@200000/target-module@b000/i2c@0[0]'
[    2.481668] of_get_named_gpiod_flags: can't parse 'scl-gpio' property of node '/ocp/interconnect@44c00000/segment@200000/target-module@b000/i2c@0[0]'
[    2.481709] i2c i2c-0: using lookup tables for GPIO lookup
[    2.481724] i2c i2c-0: No GPIO consumer scl found
[    2.481750] i2c i2c-0: using DT '/ocp/interconnect@44c00000/segment@200000/target-module@b000/i2c@0' for 'sda' GPIO lookup
[    2.481790] of_get_named_gpiod_flags: can't parse 'sda-gpios' property of node '/ocp/interconnect@44c00000/segment@200000/target-module@b000/i2c@0[0]'
[    2.481832] of_get_named_gpiod_flags: can't parse 'sda-gpio' property of node '/ocp/interconnect@44c00000/segment@200000/target-module@b000/i2c@0[0]'
[    2.481869] i2c i2c-0: using lookup tables for GPIO lookup
[    2.481881] i2c i2c-0: No GPIO consumer sda found
[    2.502997] tps65217-pmic: Failed to locate of_node [id: -1]
[    2.509062] tps65217-bl: Failed to locate of_node [id: -1]
[    2.520428] tps65217 0-0024: TPS65217 ID 0xe version 1.2
[    2.526585] /ocp/interconnect@48000000/segment@300000/target-module@e000/lcdc@0: Fixed dependency cycle(s) with /ocp/interconnect@44c00000/segment@200000/target-module@b000/i2c@0/tda19988@70
[    2.543955] /ocp/interconnect@44c00000/segment@200000/target-module@b000/i2c@0/tda19988@70: Fixed dependency cycle(s) with /ocp/interconnect@48000000/segment@300000/target-module@e000/lcdc@0
[    2.561328] omap_i2c 44e0b000.i2c: bus 0 rev0.11 at 400 kHz
[    2.569206] sdhci-omap 48060000.mmc: using DT '/ocp/interconnect@48000000/segment@0/target-module@60000/mmc@0' for 'cd' GPIO lookup
[    2.569317] of_get_named_gpiod_flags: parsed 'cd-gpios' property of node '/ocp/interconnect@48000000/segment@0/target-module@60000/mmc@0[0]' - status (0)
[    2.569384] gpio gpiochip3: Persistence not supported for GPIO 6
[    2.569409] omap_gpio 44e07000.gpio: Could not set line 6 debounce to 200000 microseconds (-22)
[    2.578297] sdhci-omap 48060000.mmc: Got CD GPIO
[    2.582974] sdhci-omap 48060000.mmc: using DT '/ocp/interconnect@48000000/segment@0/target-module@60000/mmc@0' for 'wp' GPIO lookup
[    2.583026] of_get_named_gpiod_flags: can't parse 'wp-gpios' property of node '/ocp/interconnect@48000000/segment@0/target-module@60000/mmc@0[0]'
[    2.583070] of_get_named_gpiod_flags: can't parse 'wp-gpio' property of node '/ocp/interconnect@48000000/segment@0/target-module@60000/mmc@0[0]'
[    2.583109] sdhci-omap 48060000.mmc: using lookup tables for GPIO lookup
[    2.583125] sdhci-omap 48060000.mmc: No GPIO consumer wp found
[    2.583337] sdhci-omap 48060000.mmc: supply pbias not found, using dummy regulator
[    2.592097] sdhci-omap 481d8000.mmc: using DT '/ocp/interconnect@48000000/segment@100000/target-module@d8000/mmc@0' for 'wp' GPIO lookup
[    2.592175] of_get_named_gpiod_flags: can't parse 'wp-gpios' property of node '/ocp/interconnect@48000000/segment@100000/target-module@d8000/mmc@0[0]'
[    2.592223] of_get_named_gpiod_flags: can't parse 'wp-gpio' property of node '/ocp/interconnect@48000000/segment@100000/target-module@d8000/mmc@0[0]'
[    2.592263] sdhci-omap 481d8000.mmc: using lookup tables for GPIO lookup
[    2.592277] sdhci-omap 481d8000.mmc: No GPIO consumer wp found
[    2.593641] sdhci-omap 48060000.mmc: supply vqmmc not found, using dummy regulator
[    2.602679] sdhci-omap 481d8000.mmc: supply pbias not found, using dummy regulator
[    2.610670] sdhci-omap 481d8000.mmc: supply vqmmc not found, using dummy regulator
[    2.649471] mmc1: SDHCI controller on 481d8000.mmc [481d8000.mmc] using External DMA
[    2.658708] mmc0: SDHCI controller on 48060000.mmc [48060000.mmc] using External DMA
[    2.667548] cpsw-switch 4a100000.switch: starting ndev. mode: dual_mac
[    2.711308] mmc0: new high speed SDHC card at address 5048
[    2.718404] mmcblk0: mmc0:5048 SD16G 14.4 GiB
[    2.726567]  mmcblk0: p1 p2
[    2.729964] mmcblk0: p2 size 31221760 extends beyond EOD, truncated
[    2.743296] SMSC LAN8710/LAN8720 4a101000.mdio:00: attached PHY driver (mii_bus:phy_addr=4a101000.mdio:00, irq=POLL)
[    2.760284] mmc1: new high speed MMC card at address 0001
[    2.767289] mmcblk1: mmc1:0001 MMC04G 3.60 GiB
[    2.774786]  mmcblk1: p1 p2
[    2.779014] mmcblk1boot0: mmc1:0001 MMC04G 2.00 MiB
[    2.786368] mmcblk1boot1: mmc1:0001 MMC04G 2.00 MiB
[    2.793922] mmcblk1rpmb: mmc1:0001 MMC04G 128 KiB, chardev (250:0)
[    5.922779] cpsw-switch 4a100000.switch eth0: Link is Up - 100Mbps/Full - flow control off
[    5.952028] IP-Config: Complete:
[    5.955303]      device=eth0, hwaddr=6c:ec:eb:68:de:78, ipaddr=192.168.255.1, mask=255.255.255.0, gw=255.255.255.255
[    5.965948]      host=bbb1, domain=, nis-domain=(none)
[    5.971116]      bootserver=192.168.255.126, rootserver=192.168.255.126, rootpath=
[    5.971535] clk: Disabling unused clocks
[    5.983407] PM: genpd: Disabling unused power domains
[    5.988525] KTAP version 1
[    5.991246] 1..0
[    6.020885] VFS: Mounted root (nfs filesystem) on device 0:17.
[    6.028008] devtmpfs: mounted
[    6.032845] Freeing unused kernel image (initmem) memory: 1024K
[    6.039514] Run /sbin/init as init process
[    6.043770]   with arguments:
[    6.043786]     /sbin/init
[    6.043797]     nfsrootdebug
[    6.043806]   with environment:
[    6.043815]     HOME=/
[    6.043824]     TERM=linux
[    6.784175] systemd[1]: System time before build time, advancing clock.
[    9.022026] random: crng init done
[    9.095517] systemd[1]: systemd 232 running in system mode. (+PAM +AUDIT +SELINUX +IMA +APPARMOR +SMACK +SYSVINIT +UTMP +LIBCRYPTSETUP +GCRYPT +GNUTLS +ACL +XZ +LZ4 +SECCOMP +BLKID +ELFUTILS +KMOD +IDN)
[    9.116297] systemd[1]: Detected architecture arm.
[    9.145373] systemd[1]: Set hostname to <arm>.
[   10.479638] systemd[1]: Started Forward Password Requests to Wall Directory Watch.
[   10.512918] systemd[1]: Started Dispatch Password Requests to Console Directory Watch.
[   10.546947] systemd[1]: Set up automount Arbitrary Executable File Formats File System Automount Point.
[   10.582464] systemd[1]: Reached target Paths.
[   10.611254] systemd[1]: Listening on Journal Socket.
[   10.636861] systemd[1]: Created slice User and Session Slice.
[   10.663387] systemd[1]: Created slice System Slice.
[   12.818811] systemd-journald[90]: Received request to flush runtime journal from PID 1
[   15.703671] leds-gpio leds: using DT '/leds/led2' for '(default)' GPIO lookup
[   15.703775] of_get_named_gpiod_flags: parsed 'gpios' property of node '/leds/led2[0]' - status (0)
[   15.703833] gpio gpiochip0: Persistence not supported for GPIO 21
[   15.703849] gpio-533 (?): no flags found for GPIO (default)
[   15.768635] leds-gpio leds: using DT '/leds/led3' for '(default)' GPIO lookup
