Labgrid Console Logfile for main
Logfile started at 2024-11-08 18:06:56.582217
=== Log starts here ===
reading args
spl_load_image_fat_os: error reading image args, err - -1
reading u-boot.img
reading u-boot.img


U-Boot 2014.04-00014-g47880f5 (Apr 22 2014 - 13:23:54)

I2C:   ready
DRAM:  512 MiB
NAND:  0 MiB
MMC:   OMAP SD/MMC: 0, OMAP SD/MMC: 1
*** Warning - readenv() failed, using default environment

Net:   <ethaddr> not set. Validating first E-fuse MAC
cpsw, usb_ether
Hit any key to stop autoboot:  1  0 
gpio: pin 53 (gpio 53) value is 1
mmc0 is current device
gpio: pin 54 (gpio 54) value is 1
SD/MMC found on device 0
reading uEnv.txt
569 bytes read in 3 ms (184.6 KiB/s)
gpio: pin 55 (gpio 55) value is 1
Loaded environment from uEnv.txt
Importing environment from mmc ...
Checking if uenvcmd is set ...
gpio: pin 56 (gpio 56) value is 1
Running uenvcmd ...
cpsw Waiting for PHY auto negotiation to complete. done
link up on port 0, speed 100, full duplex
Using cpsw device
TFTP from server 192.168.255.126; our IP address is 192.168.255.1
Filename 'zImage'.
Load address: 0x81000000
Loading: *#################################################################
	 #################################################################
	 #################################################################
	 #################################################################
	 #################################################################
	 #####
	 2.4 MiB/s
done
Bytes transferred = 4838064 (49d2b0 hex)
link up on port 0, speed 100, full duplex
Using cpsw device
TFTP from server 192.168.255.126; our IP address is 192.168.255.1
Filename 'am335x-boneblack.dtb'.
Load address: 0x82000000
Loading: *#######
	 2.3 MiB/s
done
Bytes transferred = 94748 (1721c hex)
Kernel image @ 0x81000000 [ 0x000000 - 0x49d2b0 ]
## Flattened Device Tree blob at 82000000
   Booting using the fdt blob at 0x82000000
   Using Device Tree in place at 82000000, end 8201a21b

Starting kernel ...

[    0.000000] Booting Linux on physical CPU 0x0
[    0.000000] Linux version 5.15.171 (user01@drvtest01) (arm-linux-gnueabihf-gcc (Linaro GCC 6.4-2017.11) 6.4.1 20171012, GNU ld (Linaro_Binutils-2017.11) 2.27.0.20161229) #7 SMP Fri Nov 8 18:04:48 EET 2024
[    0.000000] CPU: ARMv7 Processor [413fc082] revision 2 (ARMv7), cr=10c5387d
[    0.000000] CPU: PIPT / VIPT nonaliasing data cache, VIPT aliasing instruction cache
[    0.000000] OF: fdt: Machine model: TI AM335x BeagleBone Black
[    0.000000] Memory policy: Data cache writeback
[    0.000000] cma: Reserved 16 MiB at 0x9e800000
[    0.000000] Zone ranges:
[    0.000000]   Normal   [mem 0x0000000080000000-0x000000009fdfffff]
[    0.000000]   HighMem  empty
[    0.000000] Movable zone start for each node
[    0.000000] Early memory node ranges
[    0.000000]   node   0: [mem 0x0000000080000000-0x000000009fdfffff]
[    0.000000] Initmem setup node 0 [mem 0x0000000080000000-0x000000009fdfffff]
[    0.000000] CPU: All CPU(s) started in SVC mode.
[    0.000000] AM335X ES2.1 (sgx neon)
[    0.000000] percpu: Embedded 16 pages/cpu s33804 r8192 d23540 u65536
[    0.000000] Built 1 zonelists, mobility grouping on.  Total pages: 129412
[    0.000000] Kernel command line: console=ttyO0,115200n8 root=/dev/nfs rw nfsroot=192.168.255.126:/home/user01/nfs,nfsvers=3 ip=192.168.255.1:192.168.255.126::255.255.255.0:bbb1:eth0 nfsrootdebug
[    0.000000] Unknown kernel command line parameters "nfsrootdebug", will be passed to user space.
[    0.000000] Dentry cache hash table entries: 65536 (order: 6, 262144 bytes, linear)
[    0.000000] Inode-cache hash table entries: 32768 (order: 5, 131072 bytes, linear)
[    0.000000] mem auto-init: stack:off, heap alloc:off, heap free:off
[    0.000000] Memory: 484752K/522240K available (10240K kernel code, 1079K rwdata, 2392K rodata, 1024K init, 246K bss, 21104K reserved, 16384K cma-reserved, 0K highmem)
[    0.000000] trace event string verifier disabled
[    0.000000] rcu: Hierarchical RCU implementation.
[    0.000000] rcu: 	RCU event tracing is enabled.
[    0.000000] rcu: 	RCU restricting CPUs from NR_CPUS=2 to nr_cpu_ids=1.
[    0.000000] rcu: RCU calculated value of scheduler-enlistment delay is 10 jiffies.
[    0.000000] rcu: Adjusting geometry for rcu_fanout_leaf=16, nr_cpu_ids=1
[    0.000000] NR_IRQS: 16, nr_irqs: 16, preallocated irqs: 16
[    0.000000] IRQ: Found an INTC at 0x(ptrval) (revision 5.0) with 128 interrupts
[    0.000000] TI gptimer clocksource: always-on /ocp/interconnect@44c00000/segment@200000/target-module@31000
[    0.000002] sched_clock: 32 bits at 24MHz, resolution 41ns, wraps every 89478484971ns
[    0.000028] clocksource: dmtimer: mask: 0xffffffff max_cycles: 0xffffffff, max_idle_ns: 79635851949 ns
[    0.000457] TI gptimer clockevent: 24000000 Hz at /ocp/interconnect@48000000/segment@0/target-module@40000
[    0.002320] Console: colour dummy device 80x30
[    0.002380] WARNING: Your 'console=ttyO0' has been replaced by 'ttyS0'
[    0.002391] This ensures that you still see kernel messages. Please
[    0.002400] update your kernel commandline.
[    0.002450] Calibrating delay loop... 996.14 BogoMIPS (lpj=4980736)
[    0.090576] CPU: Testing write buffer coherency: ok
[    0.090670] CPU0: Spectre v2: using BPIALL workaround
[    0.090685] pid_max: default: 32768 minimum: 301
[    0.090842] LSM: Security Framework initializing
[    0.091036] Mount-cache hash table entries: 1024 (order: 0, 4096 bytes, linear)
[    0.091065] Mountpoint-cache hash table entries: 1024 (order: 0, 4096 bytes, linear)
[    0.092731] CPU0: thread -1, cpu 0, socket -1, mpidr 0
[    0.093812] Setting up static identity map for 0x80100000 - 0x80100078
[    0.094054] rcu: Hierarchical SRCU implementation.
[    0.095254] smp: Bringing up secondary CPUs ...
[    0.095283] smp: Brought up 1 node, 1 CPU
[    0.095299] SMP: Total of 1 processors activated (996.14 BogoMIPS).
[    0.095312] CPU: All CPU(s) started in SVC mode.
[    0.096106] devtmpfs: initialized
[    0.111055] VFP support v0.3: implementor 41 architecture 3 part 30 variant c rev 3
[    0.111416] clocksource: jiffies: mask: 0xffffffff max_cycles: 0xffffffff, max_idle_ns: 19112604462750000 ns
[    0.111455] futex hash table entries: 256 (order: 2, 16384 bytes, linear)
[    0.112837] pinctrl core: initialized pinctrl subsystem
[    0.114874] NET: Registered PF_NETLINK/PF_ROUTE protocol family
[    0.117719] DMA: preallocated 256 KiB pool for atomic coherent allocations
[    0.118319] audit: initializing netlink subsys (disabled)
[    0.119582] thermal_sys: Registered thermal governor 'fair_share'
[    0.119604] thermal_sys: Registered thermal governor 'step_wise'
[    0.119620] thermal_sys: Registered thermal governor 'user_space'
[    0.119977] cpuidle: using governor menu
[    0.136715] No ATAGs?
[    0.136754] hw-breakpoint: debug architecture 0x4 unsupported.
[    0.145166] kprobes: kprobe jump-optimization is enabled. All kprobes are optimized if possible.
[    0.145526] audit: type=2000 audit(0.110:1): state=initialized audit_enabled=0 res=1
[    0.152006] iommu: Default domain type: Translated 
[    0.152030] iommu: DMA domain TLB invalidation policy: strict mode 
[    0.153340] vgaarb: loaded
[    0.153888] SCSI subsystem initialized
[    0.154645] pps_core: LinuxPPS API ver. 1 registered
[    0.154664] pps_core: Software ver. 5.3.6 - Copyright 2005-2007 Rodolfo Giometti <giometti@linux.it>
[    0.154699] PTP clock support registered
[    0.156128] clocksource: Switched to clocksource dmtimer
[    0.202472] VFS: Disk quotas dquot_6.6.0
[    0.202607] VFS: Dquot-cache hash table entries: 1024 (order 0, 4096 bytes)
[    0.280666] NET: Registered PF_INET protocol family
[    0.281018] IP idents hash table entries: 8192 (order: 4, 65536 bytes, linear)
[    0.282036] tcp_listen_portaddr_hash hash table entries: 512 (order: 0, 4096 bytes, linear)
[    0.282092] Table-perturb hash table entries: 65536 (order: 6, 262144 bytes, linear)
[    0.282119] TCP established hash table entries: 4096 (order: 2, 16384 bytes, linear)
[    0.282167] TCP bind hash table entries: 4096 (order: 3, 32768 bytes, linear)
[    0.282233] TCP: Hash tables configured (established 4096 bind 4096)
[    0.282355] UDP hash table entries: 256 (order: 1, 8192 bytes, linear)
[    0.282388] UDP-Lite hash table entries: 256 (order: 1, 8192 bytes, linear)
[    0.282581] NET: Registered PF_UNIX/PF_LOCAL protocol family
[    0.283715] RPC: Registered named UNIX socket transport module.
[    0.283746] RPC: Registered udp transport module.
[    0.283757] RPC: Registered tcp transport module.
[    0.283765] RPC: Registered tcp NFSv4.1 backchannel transport module.
[    0.283788] PCI: CLS 0 bytes, default 64
[    0.285281] Initialise system trusted keyrings
[    0.286439] workingset: timestamp_bits=14 max_order=17 bucket_order=3
[    0.287795] NFS: Registering the id_resolver key type
[    0.287889] Key type id_resolver registered
[    0.287903] Key type id_legacy registered
[    0.287960] jffs2: version 2.2. (NAND) (SUMMARY)  Â© 2001-2006 Red Hat, Inc.
[    0.288360] Key type asymmetric registered
[    0.288386] Asymmetric key parser 'x509' registered
[    0.288456] io scheduler mq-deadline registered
[    0.288472] io scheduler kyber registered
[    0.292159] Serial: 8250/16550 driver, 6 ports, IRQ sharing enabled
[    0.323071] brd: module loaded
[    0.362111] loop: module loaded
[    0.363047] mtdoops: mtd device (mtddev=name/number) must be supplied
[    0.365384] i2c_dev: i2c /dev entries driver
[    0.366441] cpuidle: enable-method property 'ti,am3352' found operations
[    0.366870] sdhci: Secure Digital Host Controller Interface driver
[    0.366887] sdhci: Copyright(c) Pierre Ossman
[    0.367053] sdhci-pltfm: SDHCI platform and OF driver helper
[    0.367272] ledtrig-cpu: registered to indicate activity on CPUs
[    0.367835] Initializing XFRM netlink socket
[    0.368064] NET: Registered PF_INET6 protocol family
[    0.369676] Segment Routing with IPv6
[    0.369773] In-situ OAM (IOAM) with IPv6
[    0.369876] sit: IPv6, IPv4 and MPLS over IPv4 tunneling driver
[    0.370715] NET: Registered PF_PACKET protocol family
[    0.370769] NET: Registered PF_KEY protocol family
[    0.370897] Key type dns_resolver registered
[    0.371037] ThumbEE CPU extension supported.
[    0.371058] Registering SWP/SWPB emulation handler
[    0.371572] omap_voltage_late_init: Voltage driver support not added
[    0.371928] SmartReflex Class3 initialized
[    0.372717] Loading compiled-in X.509 certificates
[    0.405548] pinctrl-single 44e10800.pinmux: 142 pins, size 568
[    0.410069] ti-sysc: probe of 44e31000.target-module failed with error -16
[    0.468559] ti-sysc: probe of 48040000.target-module failed with error -16
[    0.489704] OMAP GPIO hardware version 0.1
[    0.514836] omap_i2c 4819c000.i2c: bus 2 rev0.11 at 100 kHz
[    0.557182] sdhci-omap 481d8000.mmc: supply vqmmc not found, using dummy regulator
[    0.608469] davinci_mdio 4a101000.mdio: davinci mdio revision 1.6, bus freq 1000000
[    0.657769] davinci_mdio 4a101000.mdio: phy[0]: device 4a101000.mdio:00, driver SMSC LAN8710/LAN8720
[    0.658286] cpsw-switch 4a100000.switch: initialized cpsw ale version 1.4
[    0.658317] cpsw-switch 4a100000.switch: ALE Table size 1024
[    0.658434] cpsw-switch 4a100000.switch: cpts: overflow check period 500 (jiffies)
[    0.658454] cpsw-switch 4a100000.switch: CPTS: ref_clk_freq:250000000 calc_mult:2147483648 calc_shift:29 error:0 nsec/sec
[    0.658553] cpsw-switch 4a100000.switch: Detected MACID = 6c:ec:eb:68:de:78
[    0.660149] cpsw-switch 4a100000.switch: initialized (regs 0x4a100000, pool size 256) hw_ver:0019010C 1.12 (0)
[    0.669612] debugfs: Directory '49000000.dma' with parent 'dmaengine' already present!
[    0.669670] edma 49000000.dma: TI EDMA DMA engine driver
[    0.721890] hw perfevents: enabled with armv7_cortex_a8 PMU driver, 5 counters available
[    0.728799] l3-aon-clkctrl:0000:0: failed to disable
[    0.730900] 44e09000.serial: ttyS0 at MMIO 0x44e09000 (irq = 18, base_baud = 3000000) is a 8250
[    1.916119] printk: console [ttyS0] enabled
[    1.946915] tps65217-pmic: Failed to locate of_node [id: -1]
[    1.962379] tps65217-bl: Failed to locate of_node [id: -1]
[    1.970979] tps65217 0-0024: TPS65217 ID 0xe version 1.2
[    1.976952] i2c 0-0070: Fixing up cyclic dependency with 4830e000.lcdc
[    1.983821] omap_i2c 44e0b000.i2c: bus 0 rev0.11 at 400 kHz
[    1.991298] omap_gpio 44e07000.gpio: Could not set line 6 debounce to 200000 microseconds (-22)
[    2.000136] sdhci-omap 48060000.mmc: Got CD GPIO
[    2.005101] sdhci-omap 48060000.mmc: supply vqmmc not found, using dummy regulator
[    2.017373] sdhci-omap 481d8000.mmc: supply vqmmc not found, using dummy regulator
[    2.052460] mmc1: SDHCI controller on 481d8000.mmc [481d8000.mmc] using External DMA
[    2.060762] mmc0: SDHCI controller on 48060000.mmc [48060000.mmc] using External DMA
[    2.069432] cpsw-switch 4a100000.switch: starting ndev. mode: dual_mac
[    2.113795] mmc0: new high speed SDHC card at address 5048
[    2.120598] mmcblk0: mmc0:5048 SD16G 14.4 GiB 
[    2.128427]  mmcblk0: p1 p2
[    2.131649] mmcblk0: p2 size 31221760 extends beyond EOD, truncated
[    2.157991] SMSC LAN8710/LAN8720 4a101000.mdio:00: attached PHY driver (mii_bus:phy_addr=4a101000.mdio:00, irq=POLL)
[    2.179236] mmc1: new high speed MMC card at address 0001
[    2.185846] mmcblk1: mmc1:0001 MMC04G 3.60 GiB 
[    2.193109]  mmcblk1: p1 p2
[    2.197305] mmcblk1boot0: mmc1:0001 MMC04G 2.00 MiB 
[    2.204355] mmcblk1boot1: mmc1:0001 MMC04G 2.00 MiB 
[    2.211319] mmcblk1rpmb: mmc1:0001 MMC04G 128 KiB, chardev (250:0)
[    5.286881] cpsw-switch 4a100000.switch eth0: Link is Up - 100Mbps/Full - flow control off
[    5.316199] IPv6: ADDRCONF(NETDEV_CHANGE): eth0: link becomes ready
[    5.346142] IP-Config: Complete:
[    5.349402]      device=eth0, hwaddr=6c:ec:eb:68:de:78, ipaddr=192.168.255.1, mask=255.255.255.0, gw=255.255.255.255
[    5.360020]      host=bbb1, domain=, nis-domain=(none)
[    5.365183]      bootserver=192.168.255.126, rootserver=192.168.255.126, rootpath=
[    5.365572] clk: Disabling unused clocks
[    5.377435] TAP version 14
[    5.380158] 1..0
[    5.403518] VFS: Mounted root (nfs filesystem) on device 0:16.
[    5.410437] devtmpfs: mounted
[    5.414738] Freeing unused kernel image (initmem) memory: 1024K
[    5.421385] Run /sbin/init as init process
[    6.109059] systemd[1]: System time before build time, advancing clock.
[    6.303154] random: systemd: uninitialized urandom read (16 bytes read)
[    6.315082] random: systemd: uninitialized urandom read (16 bytes read)
[    6.325559] systemd[1]: systemd 232 running in system mode. (+PAM +AUDIT +SELINUX +IMA +APPARMOR +SMACK +SYSVINIT +UTMP +LIBCRYPTSETUP +GCRYPT +GNUTLS +ACL +XZ +LZ4 +SECCOMP +BLKID +ELFUTILS +KMOD +IDN)
[    6.344962] systemd[1]: Detected architecture arm.

Welcome to [1mDebian GNU/Linux 9 (stretch)[0m!

[    6.378955] systemd[1]: Set hostname to <arm>.
[    6.784766] random: systemd-cryptse: uninitialized urandom read (16 bytes read)
[    7.306484] random: systemd: uninitialized urandom read (16 bytes read)
[    7.348860] random: systemd: uninitialized urandom read (16 bytes read)
[    7.355790] random: systemd: uninitialized urandom read (16 bytes read)
[    7.370228] systemd[1]: Created slice User and Session Slice.
[[0;32m  OK  [0m] Created slice User and Session Slice.
[    7.406635] systemd[1]: Reached target Swap.
[[0;32m  OK  [0m] Reached target Swap.
[    7.438090] systemd[1]: Listening on Journal Socket.
[[0;32m  OK  [0m] Listening on Journal Socket.
[    7.477221] systemd[1]: Listening on Journal Audit Socket.
[[0;32m  OK  [0m] Listening on Journal Audit Socket.
[    7.517687] systemd[1]: Set up automount Arbitrary Executable File Formats File System Automount Point.
[[0;32m  OK  [0m] Set up automount Arbitrary Executabâ€¦rmats File System Automount Point.
[    7.556902] systemd[1]: Listening on Journal Socket (/dev/log).
[[0;32m  OK  [0m] Listening on Journal Socket (/dev/log).
[    7.596718] systemd[1]: Listening on Syslog Socket.
[[0;32m  OK  [0m] Listening on Syslog Socket.
[[0;32m  OK  [0m] Listening on udev Control Socket.
[[0;32m  OK  [0m] Created slice System Slice.
         Mounting POSIX Message Queue File System...
[[0;32m  OK  [0m] Created slice system-getty.slice.
[[0;32m  OK  [0m] Reached target Slices.
         Starting Journal Service...
         Starting Create list of required stâ€¦ce nodes for the current kernel...
         Starting Remount Root and Kernel File Systems...
         Mounting Debug File System...
         Starting Load Kernel Modules...
[[0;32m  OK  [0m] Started Dispatch Password Requests to Console Directory Watch.
[[0;32m  OK  [0m] Created slice system-serial\x2dgetty.slice.
[[0;32m  OK  [0m] Listening on udev Kernel Socket.
[[0;32m  OK  [0m] Reached target Remote File Systems.
[[0;32m  OK  [0m] Listening on /dev/initctl Compatibility Named Pipe.
[[0;32m  OK  [0m] Started Forward Password Requests to Wall Directory Watch.
[[0;32m  OK  [0m] Reached target Encrypted Volumes.
[[0;32m  OK  [0m] Reached target Paths.
[[0;32m  OK  [0m] Mounted POSIX Message Queue File System.
[[0;32m  OK  [0m] Mounted Debug File System.
[[0;32m  OK  [0m] Started Create list of required staâ€¦vice nodes for the current kernel.
[[0;32m  OK  [0m] Started Remount Root and Kernel File Systems[    8.320464] random: systemd-journal: uninitialized urandom read (16 bytes read)
.
[    8.334483] random: systemd-journal: uninitialized urandom read (16 bytes read)
[    8.343652] random: systemd-journal: uninitialized urandom read (16 bytes read)
[[0;32m  OK  [0m] Started Load Kernel Modules.
         Starting Apply Kernel Variables...
         Mounting Configuration File System...
         Starting Load/Save Random Seed...
         Starting udev Coldplug all Devices...
         Starting Create Static Device Nodes in /dev...
[[0;32m  OK  [0m] Mounted Configuration File System.
[[0;32m  OK  [0m] Started Apply Kernel Variables.
[[0;32m  OK  [0m] Started Load/Save Random Seed.
[[0;32m  OK  [0m] Started Journal Service.
         Starting Flush Journal to Persistent Storage...
[[0;32m  OK  [0m] Started Create Static Device Nodes in /dev.
[    9.170496] systemd-journald[89]: Received request to flush runtime journal from PID 1
[[0;32m  OK  [0m] Reached target Local File Systems (Pre).
[[0;32m  OK  [0m] Reached target Local File Systems.
         Starting Raise network interfaces...
         Starting udev Kernel Device Manager...
[[0;32m  OK  [0m] Started Flush Journal to Persistent Storage.
[    9.538285] random: systemd: uninitialized urandom read (16 bytes read)
         Starting Create Volatile Files and Directories...
[[0;32m  OK  [0m] Started udev Kernel Device Manager.
[[0;32m  OK  [0m] Started Create Volatile Files and Directories.
         Starting Network Time Synchronization...
         Starting Update UTMP about System Boot/Shutdown...
[[0;32m  OK  [0m] Started Update UTMP about System Boot/Shutdown.
[[0;32m  OK  [0m] Started Network Time Synchronization.
[[0;32m  OK  [0m] Reached target System Time Synchronized.
[   12.226475] random: crng init done
[   12.229937] random: 618 urandom warning(s) missed due to ratelimiting
[[0;32m  OK  [0m] Started udev Coldplug all Devices.
[[0;32m  OK  [0m] Reached target System Initialization.
[[0;32m  OK  [0m] Listening on Avahi mDNS/DNS-SD Stack Activation Socket.
[[0;32m  OK  [0m] Started Daily apt download activities.
[[0;32m  OK  [0m] Started Daily Cleanup of Temporary Directories.
[[0;32m  OK  [0m] Listening on D-Bus System Message Bus Socket.
[[0;32m  OK  [0m] Reached target Sockets.
[[0;32m  OK  [0m] Started Daily apt upgrade and clean activities.
[[0;32m  OK  [0m] Reached target Timers.
[[0;32m  OK  [0m] Reached target Basic System.
         Starting LSB: Start busybox udhcpd at boot time...
         Starting Avahi mDNS/DNS-SD Stack...
[   12.779317] remoteproc remoteproc0: wkup_m3 is available
[[0;32m  OK  [0m] Started D-Bus System Message Bus.
[   12.907262] omap_rtc 44e3e000.rtc: registered as rtc0
[   12.912597] omap_rtc 44e3e000.rtc: setting system clock to 2000-01-01T00:00:00 UTC (946684800)
[   13.003009] at24 2-0054: supply vcc not found, using dummy regulator
[   13.184489] at24 2-0055: supply vcc not found, using dummy regulator
[   13.266991] at24 2-0056: supply vcc not found, using dummy regulator
[   13.291783] tps6521x_pwrbutton tps65217-pwrbutton: DMA mask not set
[   13.416363] omap_wdt: OMAP Watchdog Timer Rev 0x01: initial timeout 60 sec
[   13.450282] at24 2-0057: supply vcc not found, using dummy regulator
[   13.470098] input: tps65217_pwrbutton as /devices/platform/ocp/44c00000.interconnect/44c00000.interconnect:segment@200000/44e0b000.target-module/44e0b000.i2c/i2c-0/0-0024/tps65217-pwrbutton/input/input0
[   13.562264] at24 0-0050: supply vcc not found, using dummy regulator
[   13.637125] at24 0-0050: 32768 byte 24c256 EEPROM, writable, 1 bytes/write
[   13.970204] am335x-phy-driver 47401300.usb-phy: supply vcc not found, using dummy regulator
[   14.155914] usbcore: registered new interface driver usbfs
[   14.161704] usbcore: registered new interface driver hub
[   14.167188] usbcore: registered new device driver usb
[   14.203700] am335x-phy-driver 47401b00.usb-phy: supply vcc not found, using dummy regulator
[   14.881883] musb-hdrc musb-hdrc.1: MUSB HDRC host driver
[   14.887474] musb-hdrc musb-hdrc.1: new USB bus registered, assigned bus number 1
[   15.017710] usb usb1: New USB device found, idVendor=1d6b, idProduct=0002, bcdDevice= 5.15
[   15.026083] usb usb1: New USB device strings: Mfr=3, Product=2, SerialNumber=1
[   15.033418] usb usb1: Product: MUSB HDRC host driver
[   15.038435] usb usb1: Manufacturer: Linux 5.15.171 musb-hcd
[   15.044035] usb usb1: SerialNumber: musb-hdrc.1
[   15.066367] tda998x 0-0070: found TDA19988
[   15.103229] omap-mailbox 480c8000.mailbox: omap mailbox rev 0x400
[[0;32m  OK  [0m] Started Avahi mDNS/DNS-SD Stack.
         Starting Connection service...
[   15.597596] hub 1-0:1.0: USB hub found
         Starting Telephony service...
[   15.678223] hub 1-0:1.0: 1 port detected
         Starting Cape Manager Service...
[   15.945422] remoteproc remoteproc0: powering up wkup_m3
[[0;32m  OK  [0m] Started Regular background program processing daemon.
         Starting Login Service...
[   16.117918] remoteproc remoteproc0: Direct firmware load for am335x-pm-firmware.elf failed with error -2
[   16.127627] remoteproc remoteproc0: request_firmware failed: -2
[   16.133584] wkup_m3_ipc 44e11324.wkup_m3_ipc: rproc_boot failed
         Starting System Logging Service...
         Starting DUN service...
         Starting LSB: Load kernel modules needed to enable cpufreq scaling...
         Starting Generic Board Startup...
[   17.492893] omap_rng 48310000.rng: Random Number Generator ver. 20
[   17.575347] tilcdc 4830e000.lcdc: bound 0-0070 (ops tda998x_driver_exit [tda998x])
[   17.682455] [drm] Initialized tilcdc 1.0.0 20121205 for 4830e000.lcdc on minor 0
[[0;32m  OK  [0m] Found device /dev/ttyS0.
[[0;32m  OK  [0m] Started Cape Manager Service.
[[0;32m  OK  [0m] Started System Logging Service.
[   17.877448] tilcdc 4830e000.lcdc: [drm] Cannot find any crtc or sizes
[   18.307366] tilcdc 4830e000.lcdc: [drm] Cannot find any crtc or sizes
[   18.601984] PM: Cannot get wkup_m3_ipc handle
[   18.620115] Bluetooth: Core ver 2.22
[   18.623922] NET: Registered PF_BLUETOOTH protocol family
[   18.629412] Bluetooth: HCI device and connection manager initialized
[   18.635824] Bluetooth: HCI socket layer initialized
[   18.640764] Bluetooth: L2CAP socket layer initialized
[   18.645873] Bluetooth: SCO socket layer initialized
[   18.665759] omap-aes 53500000.aes: OMAP AES hw accel rev: 3.2
[   18.674734] omap-sham 53100000.sham: hw accel on OMAP rev 4.3
[   18.788934] omap-aes 53500000.aes: will run requests pump with realtime priority
[   18.798257] omap-sham 53100000.sham: will run requests pump with realtime priority
[   18.968622] PM: Cannot get wkup_m3_ipc handle
[   19.037872] PM: Cannot get wkup_m3_ipc handle
[[0;32m  OK  [0m] Started Raise network interfaces.
[[0;32m  OK  [0m] Started LSB: Start busybox udhcpd at boot time.
[   22.141378] PM: Cannot get wkup_m3_ipc handle
[   22.273505] PM: Cannot get wkup_m3_ipc handle
[[0;32m  OK  [0m] Started LSB: Load kernel modules needed to enable cpufreq scaling.
[   23.759457] using random self ethernet address
[   23.764108] using random host ethernet address
[   23.973966] using random self ethernet address
[   23.978595] using random host ethernet address
[[0;32m  OK  [0m] Started Telephony service.
[   24.338592] usb0: HOST MAC 1c:ba:8c:a2:ed:6c
[   24.342915] usb0: MAC 1c:ba:8c:a2:ed:70
[   24.347810] usb1: HOST MAC 1c:ba:8c:a2:ed:6c
[   24.352119] usb1: MAC 1c:ba:8c:a2:ed:6d
[[0;32m  OK  [0m] Started DUN service.
[[0;32m  OK  [0m] Started Connection service.
[[0;32m  OK  [0m] Started Login Service.
         Starting Hostname Service...
         Starting WPA supplicant...
[[0;32m  OK  [0m] Reached target Sound Card.
         Starting LSB: set CPUFreq kernel parameters...
[[0;32m  OK  [0m] Started WPA supplicant.
[[0;32m  OK  [0m] Started Hostname Service.
[[0;32m  OK  [0m] Reached target Network.
         Starting OpenBSD Secure Shell server...
         Starting The Apache HTTP Server...
         Starting Permit User Sessions...
[[0;32m  OK  [0m] Reached target Network is Online.
         Starting LSB: Advanced IEEE 802.11 management daemon...
[[0;32m  OK  [0m] Started LSB: set CPUFreq kernel parameters.
[[0;32m  OK  [0m] Started LSB: Advanced IEEE 802.11 management daemon.
[[0;32m  OK  [0m] Started Permit User Sessions.
[[0;32m  OK  [0m] Started Serial Getty on ttyS0.
[[0;32m  OK  [0m] Started Getty on tty1.
[[0;32m  OK  [0m] Reached target Login Prompts.
[[0;32m  OK  [0m] Started OpenBSD Secure Shell server.
         Stopping LSB: Start busybox udhcpd at boot time...
[[0;32m  OK  [0m] Stopped LSB: Start busybox udhcpd at boot time.
[[0;32m  OK  [0m] Started The Apache HTTP Server.
         Starting dnsmasq - A lightweight DHCP and caching DNS server...
[[0;32m  OK  [0m] Started dnsmasq - A lightweight DHCP and caching DNS server.
[[0;32m  OK  [0m] Reached target Host and Network Name Lookups.
[[0;32m  OK  [0m] Started Serial Getty on ttyGS0.
[[0;32m  OK  [0m] Started Generic Board Startup.
[[0;32m  OK  [0m] Reached target Multi-User System.
[[0;32m  OK  [0m] Reached target Graphical Interface.
         Starting Update UTMP about System Runlevel Changes...
[[0;32m  OK  [0m] Started Update UTMP about System Runlevel Changes.

Debian GNU/Linux 9 arm ttyS0

default username:password is [debian:temppwd]

arm login: roo
Password: 
Last login: Sat Jan  1 00:00:28 UTC 2000 on ttyS0
root
Linux arm 5.15.171 #7 SMP Fri Nov 8 18:04:48 EET 2024 armv7l

The programs included with the Debian GNU/Linux system are free software;
the exact distribution terms for each program are described in the
individual files in /usr/share/doc/*/copyright.

Debian GNU/Linux comes with ABSOLUTELY NO WARRANTY, to the extent
permitted by applicable law.
root@arm:~# root
-bash: root: command not found
root@arm:~# dmesg -n 1
root@arm:~# echo 'XMPT''AAUYJH'
XMPTAAUYJH
root@arm:~# run() { echo -n "$MARKER"; sh -c "$@"; echo "$MARKER $?"; }
root@arm:~# echo 'QUWO''PUCVZC'
QUWOPUCVZC
root@arm:~# MARKER='GULY''CABPNA' run 'cat /proc/version'
GULYCABPNALinux version 5.15.171 (user01@drvtest01) (arm-linux-gnueabihf-gcc (Linaro GCC 6.4-2017.11) 6.4.1 20171012, GNU ld (Linaro_Binutils-2017.11) 2.27.0.20161229) #7 SMP Fri Nov 8 18:04:48 EET 2024
GULYCABPNA 0
root@arm:~# echo 'JESZ''CLZZGO'
JESZCLZZGO
root@arm:~# MARKER='FBBS''XJZHZT' run false
FBBSXJZHZTFBBSXJZHZT 1
root@arm:~# Labgrid Console Logfile for main
Logfile started at 2024-11-08 18:07:45.792546
=== Log starts here ===

root@arm:~# run() { echo -n "$MARKER"; sh -c "$@"; echo "$MARKER $?"; }
root@arm:~# echo 'ELZT''ETGEHF'
ELZTETGEHF
root@arm:~# MARKER='ESYE''HXESOW' run 'insmod /mva_overlay.ko'
ESYEHXESOWESYEHXESOW 0
root@arm:~# echo 'XNOS''SBTHFK'
XNOSSBTHFK
root@arm:~# MARKER='WSLM''TPKBWC' run lsmod
WSLMTPKBWCModule                  Size  Used by
mva_overlay            69632  0
usb_f_acm              16384  2
u_serial               20480  3 usb_f_acm
usb_f_ecm              20480  2
usb_f_rndis            24576  2
u_ether                20480  2 usb_f_ecm,usb_f_rndis
libcomposite           53248  14 usb_f_ecm,usb_f_acm,usb_f_rndis
snd_soc_hdmi_codec     20480  1
evdev                  24576  0
iptable_nat            16384  0
nf_nat                 40960  1 iptable_nat
nf_conntrack          118784  1 nf_nat
nf_defrag_ipv6         20480  1 nf_conntrack
nf_defrag_ipv4         16384  1 nf_conntrack
iptable_mangle         16384  0
iptable_filter         16384  0
snd_soc_simple_card    20480  0
snd_soc_simple_card_utils    20480  1 snd_soc_simple_card
omap_sham              28672  0
omap_aes_driver        24576  0
pm33xx                 16384  0
crypto_engine          16384  2 omap_aes_driver,omap_sham
omap_crypto            16384  1 omap_aes_driver
ti_emif_sram           16384  1 pm33xx
bluetooth             499712  2
ecdh_generic           16384  1 bluetooth
ecc                    36864  1 ecdh_generic
libaes                 16384  2 omap_aes_driver,bluetooth
omap_rng               16384  0
rng_core               20480  1 omap_rng
tilcdc                 32768  0
snd_soc_davinci_mcasp    32768  2
snd_soc_ti_udma        16384  1 snd_soc_davinci_mcasp
snd_soc_ti_edma        16384  1 snd_soc_davinci_mcasp
snd_soc_ti_sdma        16384  1 snd_soc_davinci_mcasp
snd_soc_core          180224  7 snd_soc_davinci_mcasp,snd_soc_hdmi_codec,snd_soc_simple_card_utils,snd_soc_ti_sdma,snd_soc_ti_edma,snd_soc_ti_udma,snd_soc_simple_card
snd_pcm_dmaengine      16384  1 snd_soc_core
omap_mailbox           20480  1
snd_pcm               106496  4 snd_soc_davinci_mcasp,snd_pcm_dmaengine,snd_soc_hdmi_codec,snd_soc_core
tda998x                24576  0
snd_timer              28672  1 snd_pcm
snd                    61440  4 snd_soc_hdmi_codec,snd_timer,snd_soc_core,snd_pcm
soundcore              16384  1 snd
drm_kms_helper        188416  3 tda998x,tilcdc
musb_dsps              20480  0
cfbfillrect            16384  1 drm_kms_helper
syscopyarea            16384  1 drm_kms_helper
musb_hdrc             131072  1 musb_dsps
cfbimgblt              16384  1 drm_kms_helper
sysfillrect            16384  1 drm_kms_helper
sysimgblt              16384  1 drm_kms_helper
udc_core               40960  7 usb_f_ecm,usb_f_acm,u_serial,musb_hdrc,u_ether,usb_f_rndis,libcomposite
fb_sys_fops            16384  1 drm_kms_helper
cfbcopyarea            16384  1 drm_kms_helper
usbcore               212992  1 musb_hdrc
phy_am335x             16384  2
drm                   380928  4 tda998x,tilcdc,drm_kms_helper
phy_generic            16384  1 phy_am335x
usb_common             16384  6 phy_am335x,udc_core,musb_hdrc,libcomposite,musb_dsps,usbcore
cppi41                 20480  60
drm_panel_orientation_quirks    16384  1 drm
omap_wdt               16384  0
watchdog               20480  1 omap_wdt
tps65218_pwrbutton     16384  0
wkup_m3_ipc            16384  1 pm33xx
at24                   20480  0
rtc_omap               20480  2 pm33xx
phy_am335x_control     16384  1 phy_am335x
wkup_m3_rproc          16384  1
leds_gpio              16384  0
led_class              16384  1 leds_gpio
cpufreq_dt             16384  0
ip_tables              24576  3 iptable_mangle,iptable_filter,iptable_nat
x_tables               24576  4 iptable_mangle,ip_tables,iptable_filter,iptable_nat
autofs4                36864  2
WSLMTPKBWC 0
root@arm:~# Labgrid Console Logfile for main
Logfile started at 2024-11-08 18:07:49.604320
=== Log starts here ===

root@arm:~# run() { echo -n "$MARKER"; sh -c "$@"; echo "$MARKER $?"; }
root@arm:~# echo 'PASO''MZHKMJ'
PASOMZHKMJ
root@arm:~# MARKER='KOSE''FLGANN' run 'dd if=/bd9576_test.dtbo of=/sys/kernel/mvaa_overlay/overlay_add bs=1M'
KOSEFLGANN0+1 records in
0+1 records out
3397 bytes (3.4 kB, 3.3 KiB) copied, 0.0736315 s, 46.1 kB/s
KOSEFLGANN 0
root@arm:~# echo 'FFXA''TJHWTC'
FFXATJHWTC
root@arm:~# MARKER='QSKT''GGHYCC' run lsmod
QSKTGGHYCCModule                  Size  Used by
bd9576_regulator       16384  0
bd9576_wdt             16384  0
rohm_bd9576            16384  0
mva_overlay            69632  0
usb_f_acm              16384  2
u_serial               20480  3 usb_f_acm
usb_f_ecm              20480  2
usb_f_rndis            24576  2
u_ether                20480  2 usb_f_ecm,usb_f_rndis
libcomposite           53248  14 usb_f_ecm,usb_f_acm,usb_f_rndis
snd_soc_hdmi_codec     20480  1
evdev                  24576  0
iptable_nat            16384  0
nf_nat                 40960  1 iptable_nat
nf_conntrack          118784  1 nf_nat
nf_defrag_ipv6         20480  1 nf_conntrack
nf_defrag_ipv4         16384  1 nf_conntrack
iptable_mangle         16384  0
iptable_filter         16384  0
snd_soc_simple_card    20480  0
snd_soc_simple_card_utils    20480  1 snd_soc_simple_card
omap_sham              28672  0
omap_aes_driver        24576  0
pm33xx                 16384  0
crypto_engine          16384  2 omap_aes_driver,omap_sham
omap_crypto            16384  1 omap_aes_driver
ti_emif_sram           16384  1 pm33xx
bluetooth             499712  2
ecdh_generic           16384  1 bluetooth
ecc                    36864  1 ecdh_generic
libaes                 16384  2 omap_aes_driver,bluetooth
omap_rng               16384  0
rng_core               20480  1 omap_rng
tilcdc                 32768  0
snd_soc_davinci_mcasp    32768  2
snd_soc_ti_udma        16384  1 snd_soc_davinci_mcasp
snd_soc_ti_edma        16384  1 snd_soc_davinci_mcasp
snd_soc_ti_sdma        16384  1 snd_soc_davinci_mcasp
snd_soc_core          180224  7 snd_soc_davinci_mcasp,snd_soc_hdmi_codec,snd_soc_simple_card_utils,snd_soc_ti_sdma,snd_soc_ti_edma,snd_soc_ti_udma,snd_soc_simple_card
snd_pcm_dmaengine      16384  1 snd_soc_core
omap_mailbox           20480  1
snd_pcm               106496  4 snd_soc_davinci_mcasp,snd_pcm_dmaengine,snd_soc_hdmi_codec,snd_soc_core
tda998x                24576  0
snd_timer              28672  1 snd_pcm
snd                    61440  4 snd_soc_hdmi_codec,snd_timer,snd_soc_core,snd_pcm
soundcore              16384  1 snd
drm_kms_helper        188416  3 tda998x,tilcdc
musb_dsps              20480  0
cfbfillrect            16384  1 drm_kms_helper
syscopyarea            16384  1 drm_kms_helper
musb_hdrc             131072  1 musb_dsps
cfbimgblt              16384  1 drm_kms_helper
sysfillrect            16384  1 drm_kms_helper
sysimgblt              16384  1 drm_kms_helper
udc_core               40960  7 usb_f_ecm,usb_f_acm,u_serial,musb_hdrc,u_ether,usb_f_rndis,libcomposite
fb_sys_fops            16384  1 drm_kms_helper
cfbcopyarea            16384  1 drm_kms_helper
usbcore               212992  1 musb_hdrc
phy_am335x             16384  2
drm                   380928  4 tda998x,tilcdc,drm_kms_helper
phy_generic            16384  1 phy_am335x
usb_common             16384  6 phy_am335x,udc_core,musb_hdrc,libcomposite,musb_dsps,usbcore
cppi41                 20480  60
drm_panel_orientation_quirks    16384  1 drm
omap_wdt               16384  0
watchdog               20480  2 bd9576_wdt,omap_wdt
tps65218_pwrbutton     16384  0
wkup_m3_ipc            16384  1 pm33xx
at24                   20480  0
rtc_omap               20480  2 pm33xx
phy_am335x_control     16384  1 phy_am335x
wkup_m3_rproc          16384  1
leds_gpio              16384  0
led_class              16384  1 leds_gpio
cpufreq_dt             16384  0
ip_tables              24576  3 iptable_mangle,iptable_filter,iptable_nat
x_tables               24576  4 iptable_mangle,ip_tables,iptable_filter,iptable_nat
autofs4                36864  2
QSKTGGHYCC 0
root@arm:~# Labgrid Console Logfile for main
Logfile started at 2024-11-08 18:07:55.559598
=== Log starts here ===

root@arm:~# run() { echo -n "$MARKER"; sh -c "$@"; echo "$MARKER $?"; }
root@arm:~# echo 'OFXO''PJPOLL'
OFXOPJPOLL
root@arm:~# MARKER='TLKX''FQOGZK' run 'insmod /bd9576-test.ko'
TLKXFQOGZKTLKXFQOGZK 0
root@arm:~# echo 'MWYL''JHEVPU'
MWYLJHEVPU
root@arm:~# MARKER='KVHS''ZCTMSC' run lsmod
KVHSZCTMSCModule                  Size  Used by
bd9576_test            16384  0
bd9576_regulator       16384  6
bd9576_wdt             16384  0
rohm_bd9576            16384  0
mva_overlay            69632  0
usb_f_acm              16384  2
u_serial               20480  3 usb_f_acm
usb_f_ecm              20480  2
usb_f_rndis            24576  2
u_ether                20480  2 usb_f_ecm,usb_f_rndis
libcomposite           53248  14 usb_f_ecm,usb_f_acm,usb_f_rndis
snd_soc_hdmi_codec     20480  1
evdev                  24576  0
iptable_nat            16384  0
nf_nat                 40960  1 iptable_nat
nf_conntrack          118784  1 nf_nat
nf_defrag_ipv6         20480  1 nf_conntrack
nf_defrag_ipv4         16384  1 nf_conntrack
iptable_mangle         16384  0
iptable_filter         16384  0
snd_soc_simple_card    20480  0
snd_soc_simple_card_utils    20480  1 snd_soc_simple_card
omap_sham              28672  0
omap_aes_driver        24576  0
pm33xx                 16384  0
crypto_engine          16384  2 omap_aes_driver,omap_sham
omap_crypto            16384  1 omap_aes_driver
ti_emif_sram           16384  1 pm33xx
bluetooth             499712  2
ecdh_generic           16384  1 bluetooth
ecc                    36864  1 ecdh_generic
libaes                 16384  2 omap_aes_driver,bluetooth
omap_rng               16384  0
rng_core               20480  1 omap_rng
tilcdc                 32768  0
snd_soc_davinci_mcasp    32768  2
snd_soc_ti_udma        16384  1 snd_soc_davinci_mcasp
snd_soc_ti_edma        16384  1 snd_soc_davinci_mcasp
snd_soc_ti_sdma        16384  1 snd_soc_davinci_mcasp
snd_soc_core          180224  7 snd_soc_davinci_mcasp,snd_soc_hdmi_codec,snd_soc_simple_card_utils,snd_soc_ti_sdma,snd_soc_ti_edma,snd_soc_ti_udma,snd_soc_simple_card
snd_pcm_dmaengine      16384  1 snd_soc_core
omap_mailbox           20480  1
snd_pcm               106496  4 snd_soc_davinci_mcasp,snd_pcm_dmaengine,snd_soc_hdmi_codec,snd_soc_core
tda998x                24576  0
snd_timer              28672  1 snd_pcm
snd                    61440  4 snd_soc_hdmi_codec,snd_timer,snd_soc_core,snd_pcm
soundcore              16384  1 snd
drm_kms_helper        188416  3 tda998x,tilcdc
musb_dsps              20480  0
cfbfillrect            16384  1 drm_kms_helper
syscopyarea            16384  1 drm_kms_helper
musb_hdrc             131072  1 musb_dsps
cfbimgblt              16384  1 drm_kms_helper
sysfillrect            16384  1 drm_kms_helper
sysimgblt              16384  1 drm_kms_helper
udc_core               40960  7 usb_f_ecm,usb_f_acm,u_serial,musb_hdrc,u_ether,usb_f_rndis,libcomposite
fb_sys_fops            16384  1 drm_kms_helper
cfbcopyarea            16384  1 drm_kms_helper
usbcore               212992  1 musb_hdrc
phy_am335x             16384  2
drm                   380928  4 tda998x,tilcdc,drm_kms_helper
phy_generic            16384  1 phy_am335x
usb_common             16384  6 phy_am335x,udc_core,musb_hdrc,libcomposite,musb_dsps,usbcore
cppi41                 20480  60
drm_panel_orientation_quirks    16384  1 drm
omap_wdt               16384  0
watchdog               20480  2 bd9576_wdt,omap_wdt
tps65218_pwrbutton     16384  0
wkup_m3_ipc            16384  1 pm33xx
at24                   20480  0
rtc_omap               20480  2 pm33xx
phy_am335x_control     16384  1 phy_am335x
wkup_m3_rproc          16384  1
leds_gpio              16384  0
led_class              16384  1 leds_gpio
cpufreq_dt             16384  0
ip_tables              24576  3 iptable_mangle,iptable_filter,iptable_nat
x_tables               24576  4 iptable_mangle,ip_tables,iptable_filter,iptable_nat
autofs4                36864  2
KVHSZCTMSC 0
root@arm:~# Labgrid Console Logfile for main
Logfile started at 2024-11-08 18:07:59.398925
=== Log starts here ===

root@arm:~# run() { echo -n "$MARKER"; sh -c "$@"; echo "$MARKER $?"; }
root@arm:~# echo 'BXHF''MSPSAJ'
BXHFMSPSAJ
root@arm:~# MARKER='ZSUY''ZNGXCO' run '/./init_regulator_test.sh bd9576'
ZSUYZNGXCOboard bd9576 given
/./init_regulator_test.sh: line 38: buck10_en: command not found
/./init_regulator_test.sh: line 39: buck10_set: command not found
ZSUYZNGXCO 0
root@arm:~# Labgrid Console Logfile for main
Logfile started at 2024-11-08 18:08:09.391658
=== Log starts here ===

root@arm:~# run() { echo -n "$MARKER"; sh -c "$@"; echo "$MARKER $?"; }
root@arm:~# echo 'EJLL''MQOUZQ'
EJLLMQOUZQ
root@arm:~# MARKER='JNNP''NUGXKU' run 'grep -r -l rohm,bd9576 /proc/device-tree || sed '"'"'s![^/]*$!!'"'"''
JNNPNUGXKU/proc/device-tree/ocp/interconnect@48000000/segment@100000/target-module@9c000/i2c@0/pmic@30/
JNNPNUGXKU 0
root@arm:~# echo 'TJVO''ZXLEJF'
TJVOZXLEJF
root@arm:~# MARKER='AXXF''OBHQSW' run 'test -f /proc/device-tree/ocp/interconnectt\@48000000/segment\@100000/target-module\@9c000/i2c\@0/pmic\@30/regulators/regullator-vd50/name ;echo $?'
AXXFOBHQSW0
AXXFOBHQSW 0
root@arm:~# echo 'MVCJ''EAFWGU'
MVCJEAFWGU
root@arm:~# MARKER='ANGO''WTOZPZ' run 'test -f /sys/kernel/mva_test/regulators/buuck1_en ;echo $?'
ANGOWTOZPZ0
ANGOWTOZPZ 0
root@arm:~# echo 'PKSA''CESWWP'
PKSACESWWP
root@arm:~# MARKER='MJVZ''JOTVSM' run 'test -f /sys/kernel/mva_test/regulators/buuck1_set ;echo $?'
MJVZJOTVSM0
MJVZJOTVSM 0
root@arm:~# echo 'EUAF''VEBWJY'
EUAFVEBWJY
root@arm:~# MARKER='KAZZ''XGFVKJ' run 'grep -r -l rohm,bd9576 /proc/device-tree || sed '"'"'s![^/]*$!!'"'"''
KAZZXGFVKJ/proc/device-tree/ocp/interconnect@48000000/segment@100000/target-module@9c000/i2c@0/pmic@30/
KAZZXGFVKJ 0
root@arm:~# echo 'XUEL''SPPZMC'
XUELSPPZMC
root@arm:~# MARKER='EPMX''YBCGZL' run 'test -f /proc/device-tree/ocp/interconnectt\@48000000/segment\@100000/target-module\@9c000/i2c\@0/pmic\@30/regulators/regullator-vd18/name ;echo $?'
EPMXYBCGZL0
EPMXYBCGZL 0
root@arm:~# echo 'VTWG''LQNLHW'
VTWGLQNLHW
root@arm:~# MARKER='WWWW''MPXXGX' run 'test -f /sys/kernel/mva_test/regulators/buuck2_en ;echo $?'
WWWWMPXXGX0
WWWWMPXXGX 0
root@arm:~# echo 'VKHK''ZHSJKC'
VKHKZHSJKC
root@arm:~# MARKER='VAFE''NKVUQK' run 'test -f /sys/kernel/mva_test/regulators/buuck2_set ;echo $?'
VAFENKVUQK0
VAFENKVUQK 0
root@arm:~# echo 'ZBWY''VYXFZY'
ZBWYVYXFZY
root@arm:~# MARKER='FBLB''UTCJEC' run 'grep -r -l rohm,bd9576 /proc/device-tree || sed '"'"'s![^/]*$!!'"'"''
FBLBUTCJEC/proc/device-tree/ocp/interconnect@48000000/segment@100000/target-module@9c000/i2c@0/pmic@30/
FBLBUTCJEC 0
root@arm:~# echo 'YOEN''YEKUZG'
YOENYEKUZG
root@arm:~# MARKER='PPWT''PONQUJ' run 'test -f /proc/device-tree/ocp/interconnectt\@48000000/segment\@100000/target-module\@9c000/i2c\@0/pmic\@30/regulators/regullator-vdddr/name ;echo $?'
PPWTPONQUJ0
PPWTPONQUJ 0
root@arm:~# echo 'UPAW''FQZGKQ'
UPAWFQZGKQ
root@arm:~# MARKER='GHFE''SMBCVK' run 'test -f /sys/kernel/mva_test/regulators/buuck3_en ;echo $?'
GHFESMBCVK0
GHFESMBCVK 0
root@arm:~# echo 'UZEO''WSGMUU'
UZEOWSGMUU
root@arm:~# MARKER='EGUL''CVVJVA' run 'test -f /sys/kernel/mva_test/regulators/buuck3_set ;echo $?'
EGULCVVJVA0
EGULCVVJVA 0
root@arm:~# echo 'BTFO''FVSLQB'
BTFOFVSLQB
root@arm:~# MARKER='PYPU''BCQLYX' run 'grep -r -l rohm,bd9576 /proc/device-tree || sed '"'"'s![^/]*$!!'"'"''
PYPUBCQLYX/proc/device-tree/ocp/interconnect@48000000/segment@100000/target-module@9c000/i2c@0/pmic@30/
PYPUBCQLYX 0
root@arm:~# echo 'XHTG''GBZJZY'
XHTGGBZJZY
root@arm:~# MARKER='WHMH''QCMZZS' run 'test -f /proc/device-tree/ocp/interconnectt\@48000000/segment\@100000/target-module\@9c000/i2c\@0/pmic\@30/regulators/regullator-vd10/name ;echo $?'
WHMHQCMZZS0
WHMHQCMZZS 0
root@arm:~# echo 'GHWH''PTKGCJ'
GHWHPTKGCJ
root@arm:~# MARKER='BEPJ''FMCPPZ' run 'test -f /sys/kernel/mva_test/regulators/buuck4_en ;echo $?'
BEPJFMCPPZ0
BEPJFMCPPZ 0
root@arm:~# echo 'KXBU''YYWSEP'
KXBUYYWSEP
root@arm:~# MARKER='GXSK''JNMQYH' run 'test -f /sys/kernel/mva_test/regulators/buuck4_set ;echo $?'
GXSKJNMQYH0
GXSKJNMQYH 0
root@arm:~# echo 'EVFL''GYTJUM'
EVFLGYTJUM
root@arm:~# MARKER='UFZL''JVLZLN' run 'grep -r -l rohm,bd9576 /proc/device-tree || sed '"'"'s![^/]*$!!'"'"''
UFZLJVLZLN/proc/device-tree/ocp/interconnect@48000000/segment@100000/target-module@9c000/i2c@0/pmic@30/
UFZLJVLZLN 0
root@arm:~# echo 'HWUJ''YFZTZB'
HWUJYFZTZB
root@arm:~# MARKER='AFJP''OANYVO' run 'test -f /proc/device-tree/ocp/interconnectt\@48000000/segment\@100000/target-module\@9c000/i2c\@0/pmic\@30/regulators/regullator-voutl1/name ;echo $?'
AFJPOANYVO0
AFJPOANYVO 0
root@arm:~# echo 'ONJU''QJPLUM'
ONJUQJPLUM
root@arm:~# MARKER='KHPQ''THBZKU' run 'test -f /sys/kernel/mva_test/regulators/buuck5_en ;echo $?'
KHPQTHBZKU0
KHPQTHBZKU 0
root@arm:~# echo 'JABM''CFOJQW'
JABMCFOJQW
root@arm:~# MARKER='YGZV''HGKTLV' run 'test -f /sys/kernel/mva_test/regulators/buuck5_set ;echo $?'
YGZVHGKTLV0
YGZVHGKTLV 0
root@arm:~# echo 'JZLC''CBBMAQ'
JZLCCBBMAQ
root@arm:~# MARKER='GZFJ''XXWZFC' run 'grep -r -l rohm,bd9576 /proc/device-tree || sed '"'"'s![^/]*$!!'"'"''
GZFJXXWZFC/proc/device-tree/ocp/interconnect@48000000/segment@100000/target-module@9c000/i2c@0/pmic@30/
GZFJXXWZFC 0
root@arm:~# echo 'VFAV''EYHGNJ'
VFAVEYHGNJ
root@arm:~# MARKER='ZNXL''XYVXWJ' run 'test -f /proc/device-tree/ocp/interconnectt\@48000000/segment\@100000/target-module\@9c000/i2c\@0/pmic\@30/regulators/regullator-vouts1/name ;echo $?'
ZNXLXYVXWJ0
ZNXLXYVXWJ 0
root@arm:~# echo 'XBZN''SXYSHA'
XBZNSXYSHA
root@arm:~# MARKER='TXKS''AHQXXN' run 'test -f /sys/kernel/mva_test/regulators/buuck6_en ;echo $?'
TXKSAHQXXN0
TXKSAHQXXN 0
root@arm:~# echo 'GKTF''FVJAVM'
GKTFFVJAVM
root@arm:~# MARKER='UTGB''KEMKPU' run 'test -f /sys/kernel/mva_test/regulators/buuck6_set ;echo $?'
UTGBKEMKPU0
UTGBKEMKPU 0
root@arm:~# Labgrid Console Logfile for main
Logfile started at 2024-11-08 18:08:18.394542
=== Log starts here ===

root@arm:~# run() { echo -n "$MARKER"; sh -c "$@"; echo "$MARKER $?"; }
root@arm:~# echo 'KOLC''JGUAAJ'
KOLCJGUAAJ
root@arm:~# MARKER='BWUW''OPTCVB' run 'grep -r -l rohm,bd9576 /proc/device-tree || sed '"'"'s![^/]*$!!'"'"''
BWUWOPTCVB/proc/device-tree/ocp/interconnect@48000000/segment@100000/target-module@9c000/i2c@0/pmic@30/
BWUWOPTCVB 0
root@arm:~# echo 'TVJE''XNWUFO'
TVJEXNWUFO
root@arm:~# MARKER='SELQ''LECMEC' run 'test -f /proc/device-tree/ocp/interconnectt\@48000000/segment\@100000/target-module\@9c000/i2c\@0/pmic\@30/rohm,vout1-en-loow ;echo $?'
SELQLECMEC0
SELQLECMEC 0
root@arm:~# echo 'MCWW''VBKOJF'
MCWWVBKOJF
root@arm:~# MARKER='COSJ''HCAEUG' run 'grep -r -l rohm,bd9576 /proc/device-tree || sed '"'"'s![^/]*$!!'"'"''
COSJHCAEUG/proc/device-tree/ocp/interconnect@48000000/segment@100000/target-module@9c000/i2c@0/pmic@30/
COSJHCAEUG 0
root@arm:~# echo 'GBNW''LJKBFG'
GBNWLJKBFG
root@arm:~# MARKER='SHBT''WAOSTY' run 'test -f /proc/device-tree/ocp/interconnectt\@48000000/segment\@100000/target-module\@9c000/i2c\@0/pmic\@30/regulators/regullator-vd50/rohm,no-regulator-enable-control ;echo $?'
SHBTWAOSTY1
SHBTWAOSTY 0
root@arm:~# echo 'HYQH''XFOWNB'
HYQHXFOWNB
root@arm:~# MARKER='FZQU''TOCVLV' run 'i2cget -y -f 2 0x30 0x41'
FZQUTOCVLV0x20
FZQUTOCVLV 0
root@arm:~# echo 'QXML''MXWXHL'
QXMLMXWXHL
root@arm:~# MARKER='UFOS''QTXGQN' run 'cat /sys/kernel/mva_test/regulators/buck1__en'
UFOSQTXGQN0 UFOSQTXGQN 0
root@arm:~# echo 'FBVX''LUUOFT'
FBVXLUUOFT
root@arm:~# MARKER='NKKT''CPUUSW' run 'grep -r -l rohm,bd9576 /proc/device-tree || sed '"'"'s![^/]*$!!'"'"''
NKKTCPUUSW/proc/device-tree/ocp/interconnect@48000000/segment@100000/target-module@9c000/i2c@0/pmic@30/
NKKTCPUUSW 0
root@arm:~# echo 'LMYM''AFPSLC'
LMYMAFPSLC
root@arm:~# MARKER='STGO''PAPQZB' run 'test -f /proc/device-tree/ocp/interconnectt\@48000000/segment\@100000/target-module\@9c000/i2c\@0/pmic\@30/regulators/regullator-vd18/rohm,no-regulator-enable-control ;echo $?'
STGOPAPQZB1
STGOPAPQZB 0
root@arm:~# echo 'GHOH''UMNWXU'
GHOHUMNWXU
root@arm:~# MARKER='EBAN''NANWTZ' run 'i2cget -y -f 2 0x30 0x42'
EBANNANWTZ0x61
EBANNANWTZ 0
root@arm:~# echo 'EEWA''BJBTLC'
EEWABJBTLC
root@arm:~# MARKER='QTPK''LYJBCG' run 'cat /sys/kernel/mva_test/regulators/buck2__en'
QTPKLYJBCG1 QTPKLYJBCG 0
root@arm:~# echo 'TCOB''LECNCX'
TCOBLECNCX
root@arm:~# MARKER='LWQQ''OQCFEQ' run 'grep -r -l rohm,bd9576 /proc/device-tree || sed '"'"'s![^/]*$!!'"'"''
LWQQOQCFEQ/proc/device-tree/ocp/interconnect@48000000/segment@100000/target-module@9c000/i2c@0/pmic@30/
LWQQOQCFEQ 0
root@arm:~# echo 'KHJN''VQSJGH'
KHJNVQSJGH
root@arm:~# MARKER='XWWT''UXXKAU' run 'test -f /proc/device-tree/ocp/interconnectt\@48000000/segment\@100000/target-module\@9c000/i2c\@0/pmic\@30/regulators/regullator-vdddr/rohm,no-regulator-enable-control ;echo $?'
XWWTUXXKAU1
XWWTUXXKAU 0
root@arm:~# echo 'MNLY''LMMSOP'
MNLYLMMSOP
root@arm:~# MARKER='VFBY''EZQXNK' run 'i2cget -y -f 2 0x30 0x43'
VFBYEZQXNK0x45
VFBYEZQXNK 0
root@arm:~# echo 'HPEV''LGFBSP'
HPEVLGFBSP
root@arm:~# MARKER='PEHO''GVTJJA' run 'cat /sys/kernel/mva_test/regulators/buck3__en'
PEHOGVTJJA1 PEHOGVTJJA 0
root@arm:~# echo 'NZWQ''FPHKUX'
NZWQFPHKUX
root@arm:~# MARKER='BNVP''OGOUXT' run 'grep -r -l rohm,bd9576 /proc/device-tree || sed '"'"'s![^/]*$!!'"'"''
BNVPOGOUXT/proc/device-tree/ocp/interconnect@48000000/segment@100000/target-module@9c000/i2c@0/pmic@30/
BNVPOGOUXT 0
root@arm:~# echo 'QKSA''TJLWGK'
QKSATJLWGK
root@arm:~# MARKER='JMOK''TAFTZE' run 'test -f /proc/device-tree/ocp/interconnectt\@48000000/segment\@100000/target-module\@9c000/i2c\@0/pmic\@30/regulators/regullator-vd10/rohm,no-regulator-enable-control ;echo $?'
JMOKTAFTZE1
JMOKTAFTZE 0
root@arm:~# echo 'GBJN''MNWTGC'
GBJNMNWTGC
root@arm:~# MARKER='YVJM''VPSESC' run 'i2cget -y -f 2 0x30 0x44'
YVJMVPSESC0x73
YVJMVPSESC 0
root@arm:~# echo 'PUMP''ZNHGSN'
PUMPZNHGSN
root@arm:~# MARKER='ZMAO''MUMWLV' run 'cat /sys/kernel/mva_test/regulators/buck4__en'
ZMAOMUMWLV1 ZMAOMUMWLV 0
root@arm:~# echo 'LFSM''HMEXMX'
LFSMHMEXMX
root@arm:~# MARKER='UZXO''JPNFHY' run 'grep -r -l rohm,bd9576 /proc/device-tree || sed '"'"'s![^/]*$!!'"'"''
UZXOJPNFHY/proc/device-tree/ocp/interconnect@48000000/segment@100000/target-module@9c000/i2c@0/pmic@30/
UZXOJPNFHY 0
root@arm:~# echo 'ZWUC''BNFXNK'
ZWUCBNFXNK
root@arm:~# MARKER='AKSM''NUUWCW' run 'test -f /proc/device-tree/ocp/interconnectt\@48000000/segment\@100000/target-module\@9c000/i2c\@0/pmic\@30/regulators/regullator-voutl1/rohm,no-regulator-enable-control ;echo $?'
AKSMNUUWCW1
AKSMNUUWCW 0
root@arm:~# echo 'PTCP''FOZMCL'
PTCPFOZMCL
root@arm:~# MARKER='WECZ''LFSPYJ' run 'i2cget -y -f 2 0x30 0x45'
WECZLFSPYJ0x36
WECZLFSPYJ 0
root@arm:~# echo 'AKBE''XZHEZA'
AKBEXZHEZA
root@arm:~# MARKER='BQEX''MLJUTB' run 'cat /sys/kernel/mva_test/regulators/buck5__en'
BQEXMLJUTB1 BQEXMLJUTB 0
root@arm:~# echo 'UZAL''MUPWCB'
UZALMUPWCB
root@arm:~# MARKER='XPJJ''EJZPCP' run 'grep -r -l rohm,bd9576 /proc/device-tree || sed '"'"'s![^/]*$!!'"'"''
XPJJEJZPCP/proc/device-tree/ocp/interconnect@48000000/segment@100000/target-module@9c000/i2c@0/pmic@30/
XPJJEJZPCP 0
root@arm:~# echo 'QYEE''NXBMSW'
QYEENXBMSW
root@arm:~# MARKER='SWCF''BTEAKB' run 'test -f /proc/device-tree/ocp/interconnectt\@48000000/segment\@100000/target-module\@9c000/i2c\@0/pmic\@30/regulators/regullator-vouts1/rohm,no-regulator-enable-control ;echo $?'
SWCFBTEAKB1
SWCFBTEAKB 0
root@arm:~# echo 'CPKQ''PHAGOA'
CPKQPHAGOA
root@arm:~# MARKER='JMJL''XMZLOV' run 'i2cget -y -f 2 0x30 0x46'
JMJLXMZLOV0x52
JMJLXMZLOV 0
root@arm:~# echo 'JSEP''CEZVZE'
JSEPCEZVZE
root@arm:~# MARKER='TGGB''FHHMOT' run 'cat /sys/kernel/mva_test/regulators/buck6__en'
TGGBFHHMOT1 TGGBFHHMOT 0
root@arm:~# Labgrid Console Logfile for main
Logfile started at 2024-11-08 18:08:27.502347
=== Log starts here ===

root@arm:~# run() { echo -n "$MARKER"; sh -c "$@"; echo "$MARKER $?"; }
root@arm:~# echo 'MLPN''ULTETA'
MLPNULTETA
root@arm:~# MARKER='FTCX''ZUFTFO' run 'cat /sys/kernel/mva_test/regulators/buck1__set'
FTCXZUFTFO5000000
FTCXZUFTFO 0
root@arm:~# echo 'ZQMC''BCSLHN'
ZQMCBCSLHN
root@arm:~# MARKER='SGKL''LTZALT' run 'i2cget -y -f 2 0x30 0x50'
SGKLLTZALT0x00
SGKLLTZALT 0
root@arm:~# echo 'BCHM''POVUVH'
BCHMPOVUVH
root@arm:~# MARKER='TLAC''OLATSS' run 'cat /sys/kernel/mva_test/regulators/buck2__set'
TLACOLATSS1800000
TLACOLATSS 0
root@arm:~# echo 'SQYG''VXHGCJ'
SQYGVXHGCJ
root@arm:~# MARKER='JFTF''JHKBLV' run 'i2cget -y -f 2 0x30 0x53'
JFTFJHKBLV0x00
JFTFJHKBLV 0
root@arm:~# echo 'SNPB''QWKPNM'
SNPBQWKPNM
root@arm:~# MARKER='MKKW''CNPTLS' run 'cat /sys/kernel/mva_test/regulators/buck3__set'
MKKWCNPTLS1350000
MKKWCNPTLS 0
root@arm:~# echo 'PYEX''YKSLUH'
PYEXYKSLUH
root@arm:~# MARKER='EAKP''ZQALZS' run 'i2cget -y -f 2 0x30 0x56'
EAKPZQALZS0x00
EAKPZQALZS 0
root@arm:~# echo 'WAVL''UHVSVH'
WAVLUHVSVH
root@arm:~# MARKER='XHHA''PWHPQN' run 'cat /sys/kernel/mva_test/regulators/buck4__set'
XHHAPWHPQN1030000
XHHAPWHPQN 0
root@arm:~# echo 'TANM''MVUMXC'
TANMMVUMXC
root@arm:~# MARKER='OBTB''XGMEEH' run 'i2cget -y -f 2 0x30 0x59'
OBTBXGMEEH0x00
OBTBXGMEEH 0
root@arm:~# echo 'SLOV''NFLPUM'
SLOVNFLPUM
root@arm:~# MARKER='THOA''FOJAMU' run 'cat /sys/kernel/mva_test/regulators/buck5__set'
THOAFOJAMU2500000
THOAFOJAMU 0
root@arm:~# echo 'VUHA''SLXVWH'
VUHASLXVWH
root@arm:~# MARKER='KZJA''VCSBHZ' run 'i2cget -y -f 2 0x30 0x5c'
KZJAVCSBHZ0x00
KZJAVCSBHZ 0
root@arm:~# echo 'KFQK''MMFLOM'
KFQKMMFLOM
root@arm:~# MARKER='ANFN''HAUCFA' run 'cat /sys/kernel/mva_test/regulators/buck6__set'
ANFNHAUCFA3300000
ANFNHAUCFA 0
root@arm:~# Labgrid Console Logfile for main
Logfile started at 2024-11-08 18:08:32.684049
=== Log starts here ===

root@arm:~# run() { echo -n "$MARKER"; sh -c "$@"; echo "$MARKER $?"; }
root@arm:~# echo 'ECVQ''NEWJAU'
ECVQNEWJAU
root@arm:~# MARKER='XNCC''EBMAWF' run 'grep -r -l rohm,bd9576 /proc/device-tree || sed '"'"'s![^/]*$!!'"'"''
XNCCEBMAWF/proc/device-tree/ocp/interconnect@48000000/segment@100000/target-module@9c000/i2c@0/pmic@30/
XNCCEBMAWF 0
root@arm:~# echo 'ATYF''NHNCLO'
ATYFNHNCLO
root@arm:~# MARKER='KKHJ''QKAOQS' run 'test -f /proc/device-tree/ocp/interconnectt\@48000000/segment\@100000/target-module\@9c000/i2c\@0/pmic\@30/regulators/regullator-vd50/rohm,no-regulator-enable-control ;echo $?'
KKHJQKAOQS1
KKHJQKAOQS 0
root@arm:~# echo 'XKSO''NFLMUN'
XKSONFLMUN
root@arm:~# MARKER='FESO''MOKOXL' run 'i2cget -y -f 2 0x30 0x41'
FESOMOKOXL0x20
FESOMOKOXL 0
root@arm:~# echo 'AFHL''XPKPFA'
AFHLXPKPFA
root@arm:~# MARKER='KCAL''JZHAMQ' run 'echo 4500000 4500000 > /sys/kernel/mva_tesst/regulators/buck1_set'
KCALJZHAMQsh: 1: cannot create /sys/kernel/mva_test/regulators/buck1_set: Permission denied
KCALJZHAMQ 2
root@arm:~# echo 'EGWQ''KTZEAO'
EGWQKTZEAO
root@arm:~# MARKER='ZWHG''YPELAA' run 'i2cget -y -f 2 0x30 0x50'
ZWHGYPELAA0x00
ZWHGYPELAA 0
root@arm:~# echo 'OMQB''ONZNQX'
OMQBONZNQX
root@arm:~# MARKER='CCXJ''FLMUSU' run 'echo 4490000 4490000 > /sys/kernel/mva_tesst/regulators/buck1_set'
CCXJFLMUSUsh: 1: cannot create /sys/kernel/mva_test/regulators/buck1_set: Permission denied
CCXJFLMUSU 2
root@arm:~# echo 'FBMV''YCPYOO'
FBMVYCPYOO
root@arm:~# MARKER='APBO''NZLEBF' run 'i2cget -y -f 2 0x30 0x50'
APBONZLEBF0x00
APBONZLEBF 0
root@arm:~# echo 'HHQN''UPWZTZ'
HHQNUPWZTZ
root@arm:~# MARKER='GAKL''YLQCEH' run 'echo 5500000 5500000 > /sys/kernel/mva_tesst/regulators/buck1_set'
GAKLYLQCEHsh: 1: cannot create /sys/kernel/mva_test/regulators/buck1_set: Permission denied
GAKLYLQCEH 2
root@arm:~# echo 'TKWO''LHGUGV'
TKWOLHGUGV
root@arm:~# MARKER='MHNE''WHFAKF' run 'i2cget -y -f 2 0x30 0x50'
MHNEWHFAKF0x00
MHNEWHFAKF 0
root@arm:~# echo 'MYGG''VBNXKE'
MYGGVBNXKE
root@arm:~# MARKER='OMHX''HKMHFJ' run 'echo 5510000 5510000 > /sys/kernel/mva_tesst/regulators/buck1_set'
OMHXHKMHFJsh: 1: cannot create /sys/kernel/mva_test/regulators/buck1_set: Permission denied
OMHXHKMHFJ 2
root@arm:~# echo 'EHAV''MWPEUM'
EHAVMWPEUM
root@arm:~# MARKER='MEGT''YGXYBN' run 'i2cget -y -f 2 0x30 0x50'
MEGTYGXYBN0x00
MEGTYGXYBN 0
root@arm:~# echo 'FKKF''QYFKEF'
FKKFQYFKEF
root@arm:~# MARKER='MBTN''JTFGCZ' run 'grep -r -l rohm,bd9576 /proc/device-tree || sed '"'"'s![^/]*$!!'"'"''
MBTNJTFGCZ/proc/device-tree/ocp/interconnect@48000000/segment@100000/target-module@9c000/i2c@0/pmic@30/
MBTNJTFGCZ 0
root@arm:~# echo 'VTPL''QKQJVZ'
VTPLQKQJVZ
root@arm:~# MARKER='XCSL''UFQHUM' run 'test -f /proc/device-tree/ocp/interconnectt\@48000000/segment\@100000/target-module\@9c000/i2c\@0/pmic\@30/regulators/regullator-vd18/rohm,no-regulator-enable-control ;echo $?'
XCSLUFQHUM1
XCSLUFQHUM 0
root@arm:~# echo 'QZUM''CSLUQF'
QZUMCSLUQF
root@arm:~# MARKER='JMSJ''PJVVQW' run 'i2cget -y -f 2 0x30 0x42'
JMSJPJVVQW0x61
JMSJPJVVQW 0
root@arm:~# echo 'NEQU''GUGEYW'
NEQUGUGEYW
root@arm:~# MARKER='LSBN''HETGJJ' run 'echo 1800000 1800000 > /sys/kernel/mva_tesst/regulators/buck2_set'
LSBNHETGJJsh: 1: cannot create /sys/kernel/mva_test/regulators/buck2_set: Permission denied
LSBNHETGJJ 2
root@arm:~# echo 'BJNM''UMBCFA'
BJNMUMBCFA
root@arm:~# MARKER='BFOB''BXEKQA' run 'i2cget -y -f 2 0x30 0x53'
BFOBBXEKQA0x00
BFOBBXEKQA 0
root@arm:~# echo 'NVKY''WTHGFG'
NVKYWTHGFG
root@arm:~# MARKER='FQYA''CAUMPL' run 'echo 1790000 1790000 > /sys/kernel/mva_tesst/regulators/buck2_set'
FQYACAUMPLsh: 1: cannot create /sys/kernel/mva_test/regulators/buck2_set: Permission denied
FQYACAUMPL 2
root@arm:~# echo 'LECW''PXQMUB'
LECWPXQMUB
root@arm:~# MARKER='LVSC''OYZJZS' run 'i2cget -y -f 2 0x30 0x53'
LVSCOYZJZS0x00
LVSCOYZJZS 0
root@arm:~# echo 'WGEM''PQGHMJ'
WGEMPQGHMJ
root@arm:~# MARKER='ZBYP''VVJLPK' run 'echo 1940000 1940000 > /sys/kernel/mva_tesst/regulators/buck2_set'
ZBYPVVJLPKsh: 1: cannot create /sys/kernel/mva_test/regulators/buck2_set: Permission denied
ZBYPVVJLPK 2
root@arm:~# echo 'NOXT''JFHJCK'
NOXTJFHJCK
root@arm:~# MARKER='LLEY''YWMZVO' run 'i2cget -y -f 2 0x30 0x53'
LLEYYWMZVO0x00
LLEYYWMZVO 0
root@arm:~# echo 'QJJU''SWSGSQ'
QJJUSWSGSQ
root@arm:~# MARKER='JKFB''WNGZUS' run 'echo 1950000 1950000 > /sys/kernel/mva_tesst/regulators/buck2_set'
JKFBWNGZUSsh: 1: cannot create /sys/kernel/mva_test/regulators/buck2_set: Permission denied
JKFBWNGZUS 2
root@arm:~# echo 'BEWJ''HEWXSA'
BEWJHEWXSA
root@arm:~# MARKER='ENVM''OWCFAQ' run 'i2cget -y -f 2 0x30 0x53'
ENVMOWCFAQ0x00
ENVMOWCFAQ 0
root@arm:~# echo 'ZTVS''JWFNSZ'
ZTVSJWFNSZ
root@arm:~# MARKER='SXEP''JMLPXM' run 'grep -r -l rohm,bd9576 /proc/device-tree || sed '"'"'s![^/]*$!!'"'"''
SXEPJMLPXM/proc/device-tree/ocp/interconnect@48000000/segment@100000/target-module@9c000/i2c@0/pmic@30/
SXEPJMLPXM 0
root@arm:~# echo 'YOBO''OKXFCQ'
YOBOOKXFCQ
root@arm:~# MARKER='LJQT''BSOANX' run 'test -f /proc/device-tree/ocp/interconnectt\@48000000/segment\@100000/target-module\@9c000/i2c\@0/pmic\@30/regulators/regullator-vdddr/rohm,no-regulator-enable-control ;echo $?'
LJQTBSOANX1
LJQTBSOANX 0
root@arm:~# echo 'VSOK''HYCMTY'
VSOKHYCMTY
root@arm:~# MARKER='ZSOV''MZKYLW' run 'i2cget -y -f 2 0x30 0x43'
ZSOVMZKYLW0x45
ZSOVMZKYLW 0
root@arm:~# echo 'LOFL''SGYVNC'
LOFLSGYVNC
root@arm:~# MARKER='HKGV''CMPVJN' run 'echo 1350000 1350000 > /sys/kernel/mva_tesst/regulators/buck3_set'
HKGVCMPVJNsh: 1: cannot create /sys/kernel/mva_test/regulators/buck3_set: Permission denied
HKGVCMPVJN 2
root@arm:~# echo 'JSXJ''QACUNM'
JSXJQACUNM
root@arm:~# MARKER='SMSA''YLFENP' run 'i2cget -y -f 2 0x30 0x56'
SMSAYLFENP0x00
SMSAYLFENP 0
root@arm:~# echo 'XANL''BYQOZL'
XANLBYQOZL
root@arm:~# MARKER='WXCP''JXFBXM' run 'echo 1340000 1340000 > /sys/kernel/mva_tesst/regulators/buck3_set'
WXCPJXFBXMsh: 1: cannot create /sys/kernel/mva_test/regulators/buck3_set: Permission denied
WXCPJXFBXM 2
root@arm:~# echo 'QLOX''ABZQUY'
QLOXABZQUY
root@arm:~# MARKER='XXVA''CYHNJE' run 'i2cget -y -f 2 0x30 0x56'
XXVACYHNJE0x00
XXVACYHNJE 0
root@arm:~# echo 'PLMH''CPBJYK'
PLMHCPBJYK
root@arm:~# MARKER='TTFM''HVYBAQ' run 'echo 1660000 1660000 > /sys/kernel/mva_tesst/regulators/buck3_set'
TTFMHVYBAQsh: 1: cannot create /sys/kernel/mva_test/regulators/buck3_set: Permission denied
TTFMHVYBAQ 2
root@arm:~# echo 'FCNB''XBLAOU'
FCNBXBLAOU
root@arm:~# MARKER='EFUX''MJEYEL' run 'i2cget -y -f 2 0x30 0x56'
EFUXMJEYEL0x00
EFUXMJEYEL 0
root@arm:~# echo 'HVFB''GFTSUH'
HVFBGFTSUH
root@arm:~# MARKER='WJJW''JEJBUT' run 'echo 1670000 1670000 > /sys/kernel/mva_tesst/regulators/buck3_set'
WJJWJEJBUTsh: 1: cannot create /sys/kernel/mva_test/regulators/buck3_set: Permission denied
WJJWJEJBUT 2
root@arm:~# echo 'XPLC''VGXKEU'
XPLCVGXKEU
root@arm:~# MARKER='SKBG''LZYBOO' run 'i2cget -y -f 2 0x30 0x56'
SKBGLZYBOO0x00
SKBGLZYBOO 0
root@arm:~# echo 'OFBG''LMUEMK'
OFBGLMUEMK
root@arm:~# MARKER='CQZV''UPPKGT' run 'grep -r -l rohm,bd9576 /proc/device-tree || sed '"'"'s![^/]*$!!'"'"''
CQZVUPPKGT/proc/device-tree/ocp/interconnect@48000000/segment@100000/target-module@9c000/i2c@0/pmic@30/
CQZVUPPKGT 0
root@arm:~# echo 'YXYC''TSVLTU'
YXYCTSVLTU
root@arm:~# MARKER='TXUY''ULVEUU' run 'test -f /proc/device-tree/ocp/interconnectt\@48000000/segment\@100000/target-module\@9c000/i2c\@0/pmic\@30/regulators/regullator-vd10/rohm,no-regulator-enable-control ;echo $?'
TXUYULVEUU1
TXUYULVEUU 0
root@arm:~# echo 'OBBN''HHBBAJ'
OBBNHHBBAJ
root@arm:~# MARKER='OZWJ''QEJHJO' run 'i2cget -y -f 2 0x30 0x44'
OZWJQEJHJO0x73
OZWJQEJHJO 0
root@arm:~# echo 'XJEE''CYUEUM'
XJEECYUEUM
root@arm:~# MARKER='UFLY''PWTHTY' run 'echo 1030000 1030000 > /sys/kernel/mva_tesst/regulators/buck4_set'
UFLYPWTHTYsh: 1: cannot create /sys/kernel/mva_test/regulators/buck4_set: Permission denied
UFLYPWTHTY 2
root@arm:~# echo 'VHNB''OMHPOP'
VHNBOMHPOP
root@arm:~# MARKER='NLNB''MMUUMH' run 'i2cget -y -f 2 0x30 0x59'
NLNBMMUUMH0x00
NLNBMMUUMH 0
root@arm:~# echo 'JFWO''TGNTZY'
JFWOTGNTZY
root@arm:~# MARKER='VCJZ''TSCWGV' run 'echo 1020000 1020000 > /sys/kernel/mva_tesst/regulators/buck4_set'
VCJZTSCWGVsh: 1: cannot create /sys/kernel/mva_test/regulators/buck4_set: Permission denied
VCJZTSCWGV 2
root@arm:~# echo 'FBNN''CUYBPA'
FBNNCUYBPA
root@arm:~# MARKER='KBTC''KWZHFL' run 'i2cget -y -f 2 0x30 0x59'
KBTCKWZHFL0x00
KBTCKWZHFL 0
root@arm:~# echo 'FBCN''ONVBFW'
FBCNONVBFW
root@arm:~# MARKER='KFBB''WZEXPK' run 'echo 1340000 1340000 > /sys/kernel/mva_tesst/regulators/buck4_set'
KFBBWZEXPKsh: 1: cannot create /sys/kernel/mva_test/regulators/buck4_set: Permission denied
KFBBWZEXPK 2
root@arm:~# echo 'WQLO''EFBEAY'
WQLOEFBEAY
root@arm:~# MARKER='QVOV''LHHTNG' run 'i2cget -y -f 2 0x30 0x59'
QVOVLHHTNG0x00
QVOVLHHTNG 0
root@arm:~# echo 'GCSB''FVPWPK'
GCSBFVPWPK
root@arm:~# MARKER='JUWY''GQQOKB' run 'echo 1350000 1350000 > /sys/kernel/mva_tesst/regulators/buck4_set'
JUWYGQQOKBsh: 1: cannot create /sys/kernel/mva_test/regulators/buck4_set: Permission denied
JUWYGQQOKB 2
root@arm:~# echo 'XXOG''ZNQWTS'
XXOGZNQWTS
root@arm:~# MARKER='GWJT''ZVNPSH' run 'i2cget -y -f 2 0x30 0x59'
GWJTZVNPSH0x00
GWJTZVNPSH 0
root@arm:~# echo 'UCVH''PLAVKH'
UCVHPLAVKH
root@arm:~# MARKER='WXNC''VQOPHG' run 'grep -r -l rohm,bd9576 /proc/device-tree || sed '"'"'s![^/]*$!!'"'"''
WXNCVQOPHG/proc/device-tree/ocp/interconnect@48000000/segment@100000/target-module@9c000/i2c@0/pmic@30/
WXNCVQOPHG 0
root@arm:~# echo 'XSJV''OCNQTC'
XSJVOCNQTC
root@arm:~# MARKER='SCTW''PVMSQA' run 'test -f /proc/device-tree/ocp/interconnectt\@48000000/segment\@100000/target-module\@9c000/i2c\@0/pmic\@30/regulators/regullator-voutl1/rohm,no-regulator-enable-control ;echo $?'
SCTWPVMSQA1
SCTWPVMSQA 0
root@arm:~# echo 'PQLY''FPANNU'
PQLYFPANNU
root@arm:~# MARKER='MEAP''SEPFKP' run 'i2cget -y -f 2 0x30 0x45'
MEAPSEPFKP0x36
MEAPSEPFKP 0
root@arm:~# echo 'SOVL''VECZBF'
SOVLVECZBF
root@arm:~# MARKER='PUXC''UKNBYU' run 'echo 2500000 2500000 > /sys/kernel/mva_tesst/regulators/buck5_set'
PUXCUKNBYUsh: 1: cannot create /sys/kernel/mva_test/regulators/buck5_set: Permission denied
PUXCUKNBYU 2
root@arm:~# echo 'AMFF''CKTWXN'
AMFFCKTWXN
root@arm:~# MARKER='QCZY''PNPXQV' run 'i2cget -y -f 2 0x30 0x5c'
QCZYPNPXQV0x00
QCZYPNPXQV 0
root@arm:~# echo 'LKME''HUJHFF'
LKMEHUJHFF
root@arm:~# MARKER='PKFK''GGXQZP' run 'echo 2490000 2490000 > /sys/kernel/mva_tesst/regulators/buck5_set'
PKFKGGXQZPsh: 1: cannot create /sys/kernel/mva_test/regulators/buck5_set: Permission denied
PKFKGGXQZP 2
root@arm:~# echo 'GLNQ''VFWFUJ'
GLNQVFWFUJ
root@arm:~# MARKER='KPPM''UTAOCM' run 'i2cget -y -f 2 0x30 0x5c'
KPPMUTAOCM0x00
KPPMUTAOCM 0
root@arm:~# echo 'YUAS''ZGGYJY'
YUASZGGYJY
root@arm:~# MARKER='XSEG''XUTNAM' run 'echo 2780000 2780000 > /sys/kernel/mva_tesst/regulators/buck5_set'
XSEGXUTNAMsh: 1: cannot create /sys/kernel/mva_test/regulators/buck5_set: Permission denied
XSEGXUTNAM 2
root@arm:~# echo 'MVVW''TEQBBZ'
MVVWTEQBBZ
root@arm:~# MARKER='VVOM''TQYWXP' run 'i2cget -y -f 2 0x30 0x5c'
VVOMTQYWXP0x00
VVOMTQYWXP 0
root@arm:~# echo 'XSFM''XFFZMX'
XSFMXFFZMX
root@arm:~# MARKER='GZLZ''SFHUXG' run 'echo 2790000 2790000 > /sys/kernel/mva_tesst/regulators/buck5_set'
GZLZSFHUXGsh: 1: cannot create /sys/kernel/mva_test/regulators/buck5_set: Permission denied
GZLZSFHUXG 2
root@arm:~# echo 'BEPZ''OZZBCG'
BEPZOZZBCG
root@arm:~# MARKER='BNYV''ZGOBXN' run 'i2cget -y -f 2 0x30 0x5c'
BNYVZGOBXN0x00
BNYVZGOBXN 0
root@arm:~# echo 'YHFV''PPCXSU'
YHFVPPCXSU
root@arm:~# MARKER='UJYJ''TQUHHT' run 'grep -r -l rohm,bd9576 /proc/device-tree || sed '"'"'s![^/]*$!!'"'"''
UJYJTQUHHT/proc/device-tree/ocp/interconnect@48000000/segment@100000/target-module@9c000/i2c@0/pmic@30/
UJYJTQUHHT 0
root@arm:~# echo 'SNSS''YNOTHL'
SNSSYNOTHL
root@arm:~# MARKER='EXWW''GZAFCY' run 'test -f /proc/device-tree/ocp/interconnectt\@48000000/segment\@100000/target-module\@9c000/i2c\@0/pmic\@30/regulators/regullator-vouts1/rohm,no-regulator-enable-control ;echo $?'
EXWWGZAFCY1
EXWWGZAFCY 0
root@arm:~# echo 'ENCB''CCGCEK'
ENCBCCGCEK
root@arm:~# MARKER='NVWP''UBUSFF' run 'i2cget -y -f 2 0x30 0x46'
NVWPUBUSFF0x52
NVWPUBUSFF 0
root@arm:~# Labgrid Console Logfile for main
Logfile started at 2024-11-08 18:08:47.367872
=== Log starts here ===

root@arm:~# run() { echo -n "$MARKER"; sh -c "$@"; echo "$MARKER $?"; }
root@arm:~# echo 'CVCL''MHSOEP'
CVCLMHSOEP
root@arm:~# MARKER='MQKE''ALNYLN' run 'grep -r -l rohm,bd9576 /proc/device-tree || sed '"'"'s![^/]*$!!'"'"''
MQKEALNYLN/proc/device-tree/ocp/interconnect@48000000/segment@100000/target-module@9c000/i2c@0/pmic@30/
MQKEALNYLN 0
root@arm:~# echo 'MNXL''UZTFEH'
MNXLUZTFEH
root@arm:~# MARKER='WMMZ''WUEBKW' run 'xxd -p /proc/device-tree/ocp/interconnect\\@48000000/segment\@100000/target-module\@9c000/i2c\@0/pmic\@30/regulators/regul ator-vd50/regulator-ov-error-microvolt'
WMMZWUEBKW00057e40
WMMZWUEBKW 0
root@arm:~# echo 'MSTJ''HTXKAU'
MSTJHTXKAU
root@arm:~# MARKER='YBTS''CGPSEQ' run 'i2cget -y -f 2 0x30 0x51'
YBTSCGPSEQ0x47
YBTSCGPSEQ 0
root@arm:~# echo 'LUGT''MKTHXA'
LUGTMKTHXA
root@arm:~# MARKER='NKPJ''VCQJCC' run 'grep -r -l rohm,bd9576 /proc/device-tree || sed '"'"'s![^/]*$!!'"'"''
NKPJVCQJCC/proc/device-tree/ocp/interconnect@48000000/segment@100000/target-module@9c000/i2c@0/pmic@30/
NKPJVCQJCC 0
root@arm:~# echo 'FCVE''VCOOJS'
FCVEVCOOJS
root@arm:~# MARKER='JOFF''BAHXZF' run 'xxd -p /proc/device-tree/ocp/interconnect\\@48000000/segment\@100000/target-module\@9c000/i2c\@0/pmic\@30/regulators/regulaator-vd50/regulator-uv-error-microvolt'
JOFFBAHXZF00057e40
JOFFBAHXZF 0
root@arm:~# echo 'EGKH''XPUVTX'
EGKHXPUVTX
root@arm:~# MARKER='QXVV''AYGEVY' run 'i2cget -y -f 2 0x30 0x52'
QXVVAYGEVY0x47
QXVVAYGEVY 0
root@arm:~# echo 'NFVZ''QZPKKY'
NFVZQZPKKY
root@arm:~# MARKER='NXYX''HXLOKL' run 'grep -r -l rohm,bd9576 /proc/device-tree || sed '"'"'s![^/]*$!!'"'"''
NXYXHXLOKL/proc/device-tree/ocp/interconnect@48000000/segment@100000/target-module@9c000/i2c@0/pmic@30/
NXYXHXLOKL 0
root@arm:~# echo 'BTUU''UGPMKN'
BTUUUGPMKN
root@arm:~# MARKER='JPEP''KCZTPS' run 'xxd -p /proc/device-tree/ocp/interconnect\\@48000000/segment\@100000/target-module\@9c000/i2c\@0/pmic\@30/regulators/regulaator-vd18/regulator-ov-error-microvolt'
JPEPKCZTPS00004650
JPEPKCZTPS 0
root@arm:~# echo 'ZYFH''CPKQCA'
ZYFHCPKQCA
root@arm:~# MARKER='NNWK''JBANOP' run 'i2cget -y -f 2 0x30 0x54'
NNWKJBANOP0x11
NNWKJBANOP 0
root@arm:~# echo 'JAPZ''LNTPGF'
JAPZLNTPGF
root@arm:~# MARKER='BEUF''QXVUQW' run 'grep -r -l rohm,bd9576 /proc/device-tree || sed '"'"'s![^/]*$!!'"'"''
BEUFQXVUQW/proc/device-tree/ocp/interconnect@48000000/segment@100000/target-module@9c000/i2c@0/pmic@30/
BEUFQXVUQW 0
root@arm:~# echo 'HWTH''UTXYQG'
HWTHUTXYQG
root@arm:~# MARKER='OUNB''YSWOEQ' run 'xxd -p /proc/device-tree/ocp/interconnect\\@48000000/segment\@100000/target-module\@9c000/i2c\@0/pmic\@30/regulators/regul ator-vd18/regulator-uv-error-microvolt'
OUNBYSWOEQ0001a9c8
OUNBYSWOEQ 0
root@arm:~# echo 'NNUP''JFBAUE'
NNUPJFBAUE
root@arm:~# MARKER='XMQO''CHSYMA' run 'i2cget -y -f 2 0x30 0x55'
XMQOCHSYMA0x6c
XMQOCHSYMA 0
root@arm:~# echo 'QOTY''VBSZXY'
QOTYVBSZXY
root@arm:~# MARKER='KXHC''GAHESL' run 'grep -r -l rohm,bd9576 /proc/device-tree || sed '"'"'s![^/]*$!!'"'"''
KXHCGAHESL/proc/device-tree/ocp/interconnect@48000000/segment@100000/target-module@9c000/i2c@0/pmic@30/
KXHCGAHESL 0
root@arm:~# echo 'ZTJF''BXZSEO'
ZTJFBXZSEO
root@arm:~# MARKER='FOEO''UGYZAP' run 'xxd -p /proc/device-tree/ocp/interconnect\\@48000000/segment\@100000/target-module\@9c000/i2c\@0/pmic\@30/regulators/regulaator-vdddr/regulator-ov-warn-microvolt'
FOEOUGYZAP0001adb0
FOEOUGYZAP 0
root@arm:~# echo 'FXME''CYELUG'
FXMECYELUG
root@arm:~# MARKER='TVXS''MVAFBY' run 'i2cget -y -f 2 0x30 0x57'
TVXSMVAFBY0x6d
TVXSMVAFBY 0
root@arm:~# echo 'FEPU''ONKBXO'
FEPUONKBXO
root@arm:~# MARKER='YEMM''XOKAHV' run 'grep -r -l rohm,bd9576 /proc/device-tree || sed '"'"'s![^/]*$!!'"'"''
YEMMXOKAHV/proc/device-tree/ocp/interconnect@48000000/segment@100000/target-module@9c000/i2c@0/pmic@30/
YEMMXOKAHV 0
root@arm:~# echo 'JWFZ''KEZZNG'
JWFZKEZZNG
root@arm:~# MARKER='SKTP''YJVVMB' run 'xxd -p /proc/device-tree/ocp/interconnect\\@48000000/segment\@100000/target-module\@9c000/i2c\@0/pmic\@30/regulators/regulaator-vdddr/regulator-uv-warn-microvolt'
SKTPYJVVMB0001adb0
SKTPYJVVMB 0
root@arm:~# echo 'FVVN''YKUNEK'
FVVNYKUNEK
root@arm:~# MARKER='VGNA''BQAAOK' run 'i2cget -y -f 2 0x30 0x58'
VGNABQAAOK0x6d
VGNABQAAOK 0
root@arm:~# echo 'JLBW''QTMGOE'
JLBWQTMGOE
root@arm:~# MARKER='PXVV''EUBKMC' run 'grep -r -l rohm,bd9576 /proc/device-tree || sed '"'"'s![^/]*$!!'"'"''
PXVVEUBKMC/proc/device-tree/ocp/interconnect@48000000/segment@100000/target-module@9c000/i2c@0/pmic@30/
PXVVEUBKMC 0
root@arm:~# echo 'VFUM''KPUECX'
VFUMKPUECX
root@arm:~# MARKER='NXKT''NEWBZP' run 'xxd -p /proc/device-tree/ocp/interconnect\\@48000000/segment\@100000/target-module\@9c000/i2c\@0/pmic\@30/regulators/regulaator-vd10/regulator-ov-error-microvolt'
NXKTNEWBZP00006590
NXKTNEWBZP 0
root@arm:~# echo 'QYWZ''HLJJKZ'
QYWZHLJJKZ
root@arm:~# MARKER='POEV''ZPHNVX' run 'i2cget -y -f 2 0x30 0x5a'
POEVZPHNVX0x19
POEVZPHNVX 0
root@arm:~# echo 'UQKT''HYKLYW'
UQKTHYKLYW
root@arm:~# MARKER='COTY''HBKQYM' run 'grep -r -l rohm,bd9576 /proc/device-tree || sed '"'"'s![^/]*$!!'"'"''
COTYHBKQYM/proc/device-tree/ocp/interconnect@48000000/segment@100000/target-module@9c000/i2c@0/pmic@30/
COTYHBKQYM 0
root@arm:~# echo 'YVYF''PQMBUN'
YVYFPQMBUN
root@arm:~# MARKER='XFGY''ZKJJET' run 'xxd -p /proc/device-tree/ocp/interconnect\\@48000000/segment\@100000/target-module\@9c000/i2c\@0/pmic\@30/regulators/regulaator-vd10/regulator-uv-error-microvolt'
XFGYZKJJET00006590
XFGYZKJJET 0
root@arm:~# echo 'ZVUY''SFUUPU'
ZVUYSFUUPU
root@arm:~# MARKER='ZFCE''ABGTUO' run 'i2cget -y -f 2 0x30 0x5b'
ZFCEABGTUO0x19
ZFCEABGTUO 0
root@arm:~# echo 'TKWL''FWXVSC'
TKWLFWXVSC
root@arm:~# MARKER='QTGB''ZBLMOS' run 'grep -r -l rohm,bd9576 /proc/device-tree || sed '"'"'s![^/]*$!!'"'"''
QTGBZBLMOS/proc/device-tree/ocp/interconnect@48000000/segment@100000/target-module@9c000/i2c@0/pmic@30/
QTGBZBLMOS 0
root@arm:~# echo 'FBXN''XUGJHK'
FBXNXUGJHK
root@arm:~# MARKER='FPWU''UOOVBJ' run 'xxd -p /proc/device-tree/ocp/interconnect\\@48000000/segment\@100000/target-module\@9c000/i2c\@0/pmic\@30/regulators/regulaator-voutl1/regulator-ov-error-microvolt'
FPWUUOOVBJ000084d0
FPWUUOOVBJ 0
root@arm:~# echo 'BLJO''VYNGUV'
BLJOVYNGUV
root@arm:~# MARKER='UUWC''VMQKBV' run 'i2cget -y -f 2 0x30 0x5d'
UUWCVMQKBV0x01
UUWCVMQKBV 0
root@arm:~# echo 'XOUP''ULGXTW'
XOUPULGXTW
root@arm:~# MARKER='QCVU''NCYACS' run 'grep -r -l rohm,bd9576 /proc/device-tree || sed '"'"'s![^/]*$!!'"'"''
QCVUNCYACS/proc/device-tree/ocp/interconnect@48000000/segment@100000/target-module@9c000/i2c@0/pmic@30/
QCVUNCYACS 0
root@arm:~# echo 'TWJX''OGBNYA'
TWJXOGBNYA
root@arm:~# MARKER='HPAT''YSNGWJ' run 'xxd -p /proc/device-tree/ocp/interconnect\\@48000000/segment\@100000/target-module\@9c000/i2c\@0/pmic\@30/regulators/regulaator-voutl1/regulator-uv-error-microvolt'
HPATYSNGWJ000084d0
HPATYSNGWJ 0
root@arm:~# echo 'GEBH''MXXFZM'
GEBHMXXFZM
root@arm:~# MARKER='OAMF''BSFMEE' run 'i2cget -y -f 2 0x30 0x5e'
OAMFBSFMEE0x01
OAMFBSFMEE 0
root@arm:~# echo 'BTUN''GXKWXC'
BTUNGXKWXC
root@arm:~# MARKER='NMCL''JQGVCT' run 'grep -r -l rohm,bd9576 /proc/device-tree || sed '"'"'s![^/]*$!!'"'"''
NMCLJQGVCT/proc/device-tree/ocp/interconnect@48000000/segment@100000/target-module@9c000/i2c@0/pmic@30/
NMCLJQGVCT 0
root@arm:~# echo 'SQGA''WVFOCN'
SQGAWVFOCN
root@arm:~# MARKER='NAZZ''VJQXCO' run 'xxd -p /proc/device-tree/ocp/interconnect\\@48000000/segment\@100000/target-module\@9c000/i2c\@0/pmic\@30/regulators/regulaator-vouts1/regulator-oc-warn-microamp'
NAZZVJQXCO00055730
NAZZVJQXCO 0
root@arm:~# echo 'CTTT''ZGBKHQ'
CTTTZGBKHQ
root@arm:~# MARKER='CVZU''CLJOWV' run 'i2cget -y -f 2 0x30 0x5f'
CVZUCLJOWV0x07
CVZUCLJOWV 0
root@arm:~# echo 'QOFO''GGNSSQ'
QOFOGGNSSQ
root@arm:~# MARKER='GLXA''GKJSTJ' run 'grep -r -l rohm,bd9576 /proc/device-tree || sed '"'"'s![^/]*$!!'"'"''
GLXAGKJSTJ/proc/device-tree/ocp/interconnect@48000000/segment@100000/target-module@9c000/i2c@0/pmic@30/
GLXAGKJSTJ 0
root@arm:~# echo 'SZZT''AAOCMO'
SZZTAAOCMO
root@arm:~# MARKER='ENGE''SZTVLE' run 'xxd -p /proc/device-tree/ocp/interconnect\\@48000000/segment\@100000/target-module\@9c000/i2c\@0/pmic\@30/regulators/regul ator-vouts1/regulator-oc-protection-microamp'
ENGESZTVLE00149970
ENGESZTVLE 0
root@arm:~# echo 'XTZH''CNUFXA'
XTZHCNUFXA
root@arm:~# MARKER='FMVQ''TKKVXZ' run 'i2cget -y -f 2 0x30 0x60'
FMVQTKKVXZ0x1b
FMVQTKKVXZ 0
root@arm:~# Labgrid Console Logfile for main
Logfile started at 2024-11-08 18:09:10.326507
=== Log starts here ===
reading args
spl_load_image_fat_os: error reading image args, err - -1
reading u-boot.img
reading u-boot.img


U-Boot 2014.04-00014-g47880f5 (Apr 22 2014 - 13:23:54)

I2C:   ready
DRAM:  512 MiB
NAND:  0 MiB
MMC:   OMAP SD/MMC: 0, OMAP SD/MMC: 1
*** Warning - readenv() failed, using default environment

Net:   <ethaddr> not set. Validating first E-fuse MAC
cpsw, usb_ether
Hit any key to stop autoboot:  1  0 
gpio: pin 53 (gpio 53) value is 1
mmc0 is current device
gpio: pin 54 (gpio 54) value is 1
SD/MMC found on device 0
reading uEnv.txt
569 bytes read in 4 ms (138.7 KiB/s)
gpio: pin 55 (gpio 55) value is 1
Loaded environment from uEnv.txt
Importing environment from mmc ...
Checking if uenvcmd is set ...
gpio: pin 56 (gpio 56) value is 1
Running uenvcmd ...
cpsw Waiting for PHY auto negotiation to complete. done
link up on port 0, speed 100, full duplex
Using cpsw device
TFTP from server 192.168.255.126; our IP address is 192.168.255.1
Filename 'zImage'.
Load address: 0x81000000
Loading: *#################################################################
	 #################################################################
	 #################################################################
	 #################################################################
	 #################################################################
	 #####
	 2.4 MiB/s
done
Bytes transferred = 4838064 (49d2b0 hex)
link up on port 0, speed 100, full duplex
Using cpsw device
TFTP from server 192.168.255.126; our IP address is 192.168.255.1
Filename 'am335x-boneblack.dtb'.
Load address: 0x82000000
Loading: *#######
	 2.2 MiB/s
done
Bytes transferred = 94748 (1721c hex)
Kernel image @ 0x81000000 [ 0x000000 - 0x49d2b0 ]
## Flattened Device Tree blob at 82000000
   Booting using the fdt blob at 0x82000000
   Using Device Tree in place at 82000000, end 8201a21b

Starting kernel ...

[    0.000000] Booting Linux on physical CPU 0x0
[    0.000000] Linux version 5.15.171 (user01@drvtest01) (arm-linux-gnueabihf-gcc (Linaro GCC 6.4-2017.11) 6.4.1 20171012, GNU ld (Linaro_Binutils-2017.11) 2.27.0.20161229) #7 SMP Fri Nov 8 18:04:48 EET 2024
[    0.000000] CPU: ARMv7 Processor [413fc082] revision 2 (ARMv7), cr=10c5387d
[    0.000000] CPU: PIPT / VIPT nonaliasing data cache, VIPT aliasing instruction cache
[    0.000000] OF: fdt: Machine model: TI AM335x BeagleBone Black
[    0.000000] Memory policy: Data cache writeback
[    0.000000] cma: Reserved 16 MiB at 0x9e800000
[    0.000000] Zone ranges:
[    0.000000]   Normal   [mem 0x0000000080000000-0x000000009fdfffff]
[    0.000000]   HighMem  empty
[    0.000000] Movable zone start for each node
[    0.000000] Early memory node ranges
[    0.000000]   node   0: [mem 0x0000000080000000-0x000000009fdfffff]
[    0.000000] Initmem setup node 0 [mem 0x0000000080000000-0x000000009fdfffff]
[    0.000000] CPU: All CPU(s) started in SVC mode.
[    0.000000] AM335X ES2.1 (sgx neon)
[    0.000000] percpu: Embedded 16 pages/cpu s33804 r8192 d23540 u65536
[    0.000000] Built 1 zonelists, mobility grouping on.  Total pages: 129412
[    0.000000] Kernel command line: console=ttyO0,115200n8 root=/dev/nfs rw nfsroot=192.168.255.126:/home/user01/nfs,nfsvers=3 ip=192.168.255.1:192.168.255.126::255.255.255.0:bbb1:eth0 nfsrootdebug
[    0.000000] Unknown kernel command line parameters "nfsrootdebug", will be passed to user space.
[    0.000000] Dentry cache hash table entries: 65536 (order: 6, 262144 bytes, linear)
[    0.000000] Inode-cache hash table entries: 32768 (order: 5, 131072 bytes, linear)
[    0.000000] mem auto-init: stack:off, heap alloc:off, heap free:off
[    0.000000] Memory: 484752K/522240K available (10240K kernel code, 1079K rwdata, 2392K rodata, 1024K init, 246K bss, 21104K reserved, 16384K cma-reserved, 0K highmem)
[    0.000000] trace event string verifier disabled
[    0.000000] rcu: Hierarchical RCU implementation.
[    0.000000] rcu: 	RCU event tracing is enabled.
[    0.000000] rcu: 	RCU restricting CPUs from NR_CPUS=2 to nr_cpu_ids=1.
[    0.000000] rcu: RCU calculated value of scheduler-enlistment delay is 10 jiffies.
[    0.000000] rcu: Adjusting geometry for rcu_fanout_leaf=16, nr_cpu_ids=1
[    0.000000] NR_IRQS: 16, nr_irqs: 16, preallocated irqs: 16
[    0.000000] IRQ: Found an INTC at 0x(ptrval) (revision 5.0) with 128 interrupts
[    0.000000] TI gptimer clocksource: always-on /ocp/interconnect@44c00000/segment@200000/target-module@31000
[    0.000003] sched_clock: 32 bits at 24MHz, resolution 41ns, wraps every 89478484971ns
[    0.000027] clocksource: dmtimer: mask: 0xffffffff max_cycles: 0xffffffff, max_idle_ns: 79635851949 ns
[    0.000456] TI gptimer clockevent: 24000000 Hz at /ocp/interconnect@48000000/segment@0/target-module@40000
[    0.002326] Console: colour dummy device 80x30
[    0.002386] WARNING: Your 'console=ttyO0' has been replaced by 'ttyS0'
[    0.002398] This ensures that you still see kernel messages. Please
[    0.002407] update your kernel commandline.
[    0.002456] Calibrating delay loop... 996.14 BogoMIPS (lpj=4980736)
[    0.090575] CPU: Testing write buffer coherency: ok
[    0.090669] CPU0: Spectre v2: using BPIALL workaround
[    0.090682] pid_max: default: 32768 minimum: 301
[    0.090846] LSM: Security Framework initializing
[    0.091042] Mount-cache hash table entries: 1024 (order: 0, 4096 bytes, linear)
[    0.091068] Mountpoint-cache hash table entries: 1024 (order: 0, 4096 bytes, linear)
[    0.092722] CPU0: thread -1, cpu 0, socket -1, mpidr 0
[    0.093794] Setting up static identity map for 0x80100000 - 0x80100078
[    0.094032] rcu: Hierarchical SRCU implementation.
[    0.095222] smp: Bringing up secondary CPUs ...
[    0.095252] smp: Brought up 1 node, 1 CPU
[    0.095266] SMP: Total of 1 processors activated (996.14 BogoMIPS).
[    0.095279] CPU: All CPU(s) started in SVC mode.
[    0.096067] devtmpfs: initialized
[    0.111056] VFP support v0.3: implementor 41 architecture 3 part 30 variant c rev 3
[    0.111415] clocksource: jiffies: mask: 0xffffffff max_cycles: 0xffffffff, max_idle_ns: 19112604462750000 ns
[    0.111451] futex hash table entries: 256 (order: 2, 16384 bytes, linear)
[    0.112767] pinctrl core: initialized pinctrl subsystem
[    0.114815] NET: Registered PF_NETLINK/PF_ROUTE protocol family
[    0.117677] DMA: preallocated 256 KiB pool for atomic coherent allocations
[    0.118273] audit: initializing netlink subsys (disabled)
[    0.119536] thermal_sys: Registered thermal governor 'fair_share'
[    0.119558] thermal_sys: Registered thermal governor 'step_wise'
[    0.119573] thermal_sys: Registered thermal governor 'user_space'
[    0.119932] cpuidle: using governor menu
[    0.136740] No ATAGs?
[    0.136781] hw-breakpoint: debug architecture 0x4 unsupported.
[    0.145200] kprobes: kprobe jump-optimization is enabled. All kprobes are optimized if possible.
[    0.145550] audit: type=2000 audit(0.110:1): state=initialized audit_enabled=0 res=1
[    0.152031] iommu: Default domain type: Translated 
[    0.152055] iommu: DMA domain TLB invalidation policy: strict mode 
[    0.153363] vgaarb: loaded
[    0.153912] SCSI subsystem initialized
[    0.154668] pps_core: LinuxPPS API ver. 1 registered
[    0.154687] pps_core: Software ver. 5.3.6 - Copyright 2005-2007 Rodolfo Giometti <giometti@linux.it>
[    0.154720] PTP clock support registered
[    0.156159] clocksource: Switched to clocksource dmtimer
[    0.202495] VFS: Disk quotas dquot_6.6.0
[    0.202632] VFS: Dquot-cache hash table entries: 1024 (order 0, 4096 bytes)
[    0.280646] NET: Registered PF_INET protocol family
[    0.280998] IP idents hash table entries: 8192 (order: 4, 65536 bytes, linear)
[    0.282019] tcp_listen_portaddr_hash hash table entries: 512 (order: 0, 4096 bytes, linear)
[    0.282075] Table-perturb hash table entries: 65536 (order: 6, 262144 bytes, linear)
[    0.282103] TCP established hash table entries: 4096 (order: 2, 16384 bytes, linear)
[    0.282152] TCP bind hash table entries: 4096 (order: 3, 32768 bytes, linear)
[    0.282217] TCP: Hash tables configured (established 4096 bind 4096)
[    0.282341] UDP hash table entries: 256 (order: 1, 8192 bytes, linear)
[    0.282372] UDP-Lite hash table entries: 256 (order: 1, 8192 bytes, linear)
[    0.282567] NET: Registered PF_UNIX/PF_LOCAL protocol family
[    0.283699] RPC: Registered named UNIX socket transport module.
[    0.283728] RPC: Registered udp transport module.
[    0.283739] RPC: Registered tcp transport module.
[    0.283748] RPC: Registered tcp NFSv4.1 backchannel transport module.
[    0.283770] PCI: CLS 0 bytes, default 64
[    0.285243] Initialise system trusted keyrings
[    0.286368] workingset: timestamp_bits=14 max_order=17 bucket_order=3
[    0.287715] NFS: Registering the id_resolver key type
[    0.287796] Key type id_resolver registered
[    0.287809] Key type id_legacy registered
[    0.287870] jffs2: version 2.2. (NAND) (SUMMARY)  Â© 2001-2006 Red Hat, Inc.
[    0.288284] Key type asymmetric registered
[    0.288310] Asymmetric key parser 'x509' registered
[    0.288379] io scheduler mq-deadline registered
[    0.288394] io scheduler kyber registered
[    0.292096] Serial: 8250/16550 driver, 6 ports, IRQ sharing enabled
[    0.323013] brd: module loaded
[    0.362038] loop: module loaded
[    0.362972] mtdoops: mtd device (mtddev=name/number) must be supplied
[    0.365314] i2c_dev: i2c /dev entries driver
[    0.366347] cpuidle: enable-method property 'ti,am3352' found operations
[    0.366777] sdhci: Secure Digital Host Controller Interface driver
[    0.366797] sdhci: Copyright(c) Pierre Ossman
[    0.366962] sdhci-pltfm: SDHCI platform and OF driver helper
[    0.367183] ledtrig-cpu: registered to indicate activity on CPUs
[    0.367745] Initializing XFRM netlink socket
[    0.367968] NET: Registered PF_INET6 protocol family
[    0.369591] Segment Routing with IPv6
[    0.369683] In-situ OAM (IOAM) with IPv6
[    0.369787] sit: IPv6, IPv4 and MPLS over IPv4 tunneling driver
[    0.370626] NET: Registered PF_PACKET protocol family
[    0.370681] NET: Registered PF_KEY protocol family
[    0.370807] Key type dns_resolver registered
[    0.370948] ThumbEE CPU extension supported.
[    0.370969] Registering SWP/SWPB emulation handler
[    0.371483] omap_voltage_late_init: Voltage driver support not added
[    0.371841] SmartReflex Class3 initialized
[    0.372627] Loading compiled-in X.509 certificates
[    0.405515] pinctrl-single 44e10800.pinmux: 142 pins, size 568
[    0.409977] ti-sysc: probe of 44e31000.target-module failed with error -16
[    0.468506] ti-sysc: probe of 48040000.target-module failed with error -16
[    0.489641] OMAP GPIO hardware version 0.1
[    0.514816] omap_i2c 4819c000.i2c: bus 2 rev0.11 at 100 kHz
[    0.557064] sdhci-omap 481d8000.mmc: supply vqmmc not found, using dummy regulator
[    0.608348] davinci_mdio 4a101000.mdio: davinci mdio revision 1.6, bus freq 1000000
[    0.665179] davinci_mdio 4a101000.mdio: phy[0]: device 4a101000.mdio:00, driver SMSC LAN8710/LAN8720
[    0.665682] cpsw-switch 4a100000.switch: initialized cpsw ale version 1.4
[    0.665710] cpsw-switch 4a100000.switch: ALE Table size 1024
[    0.665830] cpsw-switch 4a100000.switch: cpts: overflow check period 500 (jiffies)
[    0.665852] cpsw-switch 4a100000.switch: CPTS: ref_clk_freq:250000000 calc_mult:2147483648 calc_shift:29 error:0 nsec/sec
[    0.665952] cpsw-switch 4a100000.switch: Detected MACID = 6c:ec:eb:68:de:78
[    0.667733] cpsw-switch 4a100000.switch: initialized (regs 0x4a100000, pool size 256) hw_ver:0019010C 1.12 (0)
[    0.677222] debugfs: Directory '49000000.dma' with parent 'dmaengine' already present!
[    0.677280] edma 49000000.dma: TI EDMA DMA engine driver
[    0.736900] hw perfevents: enabled with armv7_cortex_a8 PMU driver, 5 counters available
[    0.743766] l3-aon-clkctrl:0000:0: failed to disable
[    0.761341] 44e09000.serial: ttyS0 at MMIO 0x44e09000 (irq = 18, base_baud = 3000000) is a 8250
[    1.915745] printk: console [ttyS0] enabled
[    1.946942] tps65217-pmic: Failed to locate of_node [id: -1]
[    1.962387] tps65217-bl: Failed to locate of_node [id: -1]
[    1.970955] tps65217 0-0024: TPS65217 ID 0xe version 1.2
[    1.976926] i2c 0-0070: Fixing up cyclic dependency with 4830e000.lcdc
[    1.983794] omap_i2c 44e0b000.i2c: bus 0 rev0.11 at 400 kHz
[    1.991260] omap_gpio 44e07000.gpio: Could not set line 6 debounce to 200000 microseconds (-22)
[    2.000095] sdhci-omap 48060000.mmc: Got CD GPIO
[    2.005059] sdhci-omap 48060000.mmc: supply vqmmc not found, using dummy regulator
[    2.017337] sdhci-omap 481d8000.mmc: supply vqmmc not found, using dummy regulator
[    2.052419] mmc1: SDHCI controller on 481d8000.mmc [481d8000.mmc] using External DMA
[    2.060718] mmc0: SDHCI controller on 48060000.mmc [48060000.mmc] using External DMA
[    2.069384] cpsw-switch 4a100000.switch: starting ndev. mode: dual_mac
[    2.113916] mmc0: new high speed SDHC card at address 5048
[    2.120720] mmcblk0: mmc0:5048 SD16G 14.4 GiB 
[    2.128545]  mmcblk0: p1 p2
[    2.131763] mmcblk0: p2 size 31221760 extends beyond EOD, truncated
[    2.158025] SMSC LAN8710/LAN8720 4a101000.mdio:00: attached PHY driver (mii_bus:phy_addr=4a101000.mdio:00, irq=POLL)
[    2.179228] mmc1: new high speed MMC card at address 0001
[    2.185835] mmcblk1: mmc1:0001 MMC04G 3.60 GiB 
[    2.193156]  mmcblk1: p1 p2
[    2.197344] mmcblk1boot0: mmc1:0001 MMC04G 2.00 MiB 
[    2.204402] mmcblk1boot1: mmc1:0001 MMC04G 2.00 MiB 
[    2.211305] mmcblk1rpmb: mmc1:0001 MMC04G 128 KiB, chardev (250:0)
[    7.366901] cpsw-switch 4a100000.switch eth0: Link is Up - 100Mbps/Full - flow control off
[    7.386225] IPv6: ADDRCONF(NETDEV_CHANGE): eth0: link becomes ready
[    7.416169] IP-Config: Complete:
[    7.419429]      device=eth0, hwaddr=6c:ec:eb:68:de:78, ipaddr=192.168.255.1, mask=255.255.255.0, gw=255.255.255.255
[    7.430044]      host=bbb1, domain=, nis-domain=(none)
[    7.435206]      bootserver=192.168.255.126, rootserver=192.168.255.126, rootpath=
[    7.435594] clk: Disabling unused clocks
[    7.447468] TAP version 14
[    7.450193] 1..0
[    7.474036] VFS: Mounted root (nfs filesystem) on device 0:16.
[    7.480948] devtmpfs: mounted
[    7.485240] Freeing unused kernel image (initmem) memory: 1024K
[    7.491965] Run /sbin/init as init process
[    8.178486] systemd[1]: System time before build time, advancing clock.
[    8.367911] random: systemd: uninitialized urandom read (16 bytes read)
[    8.379784] random: systemd: uninitialized urandom read (16 bytes read)
[    8.390374] systemd[1]: systemd 232 running in system mode. (+PAM +AUDIT +SELINUX +IMA +APPARMOR +SMACK +SYSVINIT +UTMP +LIBCRYPTSETUP +GCRYPT +GNUTLS +ACL +XZ +LZ4 +SECCOMP +BLKID +ELFUTILS +KMOD +IDN)
[    8.409775] systemd[1]: Detected architecture arm.

Welcome to [1mDebian GNU/Linux 9 (stretch)[0m!

[    8.448993] systemd[1]: Set hostname to <arm>.
[    8.833735] random: systemd-sysv-ge: uninitialized urandom read (16 bytes read)
[    9.381178] random: systemd: uninitialized urandom read (16 bytes read)
[    9.423414] random: systemd: uninitialized urandom read (16 bytes read)
[    9.430644] random: systemd: uninitialized urandom read (16 bytes read)
[    9.443982] systemd[1]: Listening on Journal Audit Socket.
[[0;32m  OK  [0m] Listening on Journal Audit Socket.
[    9.477786] systemd[1]: Created slice System Slice.
[[0;32m  OK  [0m] Created slice System Slice.
[    9.517095] systemd[1]: Started Dispatch Password Requests to Console Directory Watch.
[[0;32m  OK  [0m] Started Dispatch Password Requests to Console Directory Watch.
[    9.557968] systemd[1]: Listening on /dev/initctl Compatibility Named Pipe.
[[0;32m  OK  [0m] Listening on /dev/initctl Compatibility Named Pipe.
[    9.596778] systemd[1]: Listening on udev Kernel Socket.
[[0;32m  OK  [0m] Listening on udev Kernel Socket.
[    9.638023] systemd[1]: Listening on udev Control Socket.
[[0;32m  OK  [0m] Listening on udev Control Socket.
[    9.680951] systemd[1]: Mounting POSIX Message Queue File System...
         Mounting POSIX Message Queue File System...
[[0;32m  OK  [0m] Listening on Journal Socket.
[[0;32m  OK  [0m] Reached target Remote File Systems.
[[0;32m  OK  [0m] Created slice User and Session Slice.
[[0;32m  OK  [0m] Reached target Slices.
[[0;32m  OK  [0m] Created slice system-getty.slice.
[[0;32m  OK  [0m] Started Forward Password Requests to Wall Directory Watch.
[[0;32m  OK  [0m] Reached target Encrypted Volumes.
[[0;32m  OK  [0m] Set up automount Arbitrary Executabâ€¦rmats File System Automount Point.
[[0;32m  OK  [0m] Listening on Syslog Socket.
         Mounting Debug File System...
         Starting Load Kernel Modules...
         Starting Remount Root and Kernel File Systems...
[[0;32m  OK  [0m] Reached target Paths.
[[0;32m  OK  [0m] Created slice system-serial\x2dgetty.slice.
         Starting Create list of required stâ€¦ce nodes for the current kernel...
[[0;32m  OK  [0m] Listening on Journal Socket (/dev/log).
         Starting Journal Service...
[[0;32m  OK  [0m] Reached target Swap.
[[0;32m  OK  [0m] Mounted POSIX Message Queue File System.
[[0;32m  OK  [0m] Mounted Debug File System.
[[0;32m  OK  [0m] Started Remount Root and Kernel File Systems.
[[0;32m  OK  [0m] Started Load Kernel Modules.
[[0;32m  OK  [0m] Started Create list of required staâ€¦vice nodes for the current kernel.
         Starting Create Static Device Nodes in /dev...
         Mounting Configuration File System...
         Starting Apply Kernel Variables...
[   10.405457] random: systemd-journal: uninitialized urandom read (16 bytes read)
[   10.449578] random: systemd-journal: uninitialized urandom read (16 bytes read)
[   10.458044] random: systemd: uninitialized urandom read (16 bytes read)
         Starting udev Coldplug all Devices...
         Starting Load/Save Random Seed...
[[0;32m  OK  [0m] Mounted Configuration File System.
[[0;32m  OK  [0m] Started Apply Kernel Variables.
[[0;32m  OK  [0m] Started Create Static Device Nodes in /dev.
[[0;32m  OK  [0m] Started Load/Save Random Seed.
[[0;32m  OK  [0m] Reached target Local File Systems (Pre).
[[0;32m  OK  [0m] Reached target Local File Systems.
         Starting Raise network interfaces...
         Starting udev Kernel Device Manager...
[   11.439293] random: systemd-udevd: uninitialized urandom read (16 bytes read)
[[0;32m  OK  [0m] Started Journal Service.
         Starting Flush Journal to Persistent Storage...
[   11.948724] systemd-journald[94]: Received request to flush runtime journal from PID 1
[[0;32m  OK  [0m] Started udev Kernel Device Manager.
[[0;32m  OK  [0m] Started Flush Journal to Persistent Storage.
         Starting Create Volatile Files and Directories...
[[0;32m  OK  [0m] Started Create Volatile Files and Directories.
         Starting Network Time Synchronization...
         Starting Update UTMP about System Boot/Shutdown...
[[0;32m  OK  [0m] Started Update UTMP about System Boot/Shutdown.
[   13.896384] random: crng init done
[   13.899849] random: 458 urandom warning(s) missed due to ratelimiting
[[0;32m  OK  [0m] Started Network Time Synchronization.
[[0;32m  OK  [0m] Reached target System Time Synchronized.
[[0;32m  OK  [0m] Started udev Coldplug all Devices.
[[0;32m  OK  [0m] Reached target System Initialization.
[[0;32m  OK  [0m] Listening on Avahi mDNS/DNS-SD Stack Activation Socket.
[[0;32m  OK  [0m] Started Daily Cleanup of Temporary Directories.
[   14.531840] remoteproc remoteproc0: wkup_m3 is available
[[0;32m  OK  [0m] Started Daily apt download activities.
[[0;32m  OK  [0m] Started Daily apt upgrade and clean activities.
[[0;32m  OK  [0m] Reached target Timers.
[[0;32m  OK  [0m] Listening on D-Bus System Message Bus Socket.
[[0;32m  OK  [0m] Reached target Sockets.
[[0;32m  OK  [0m] Reached target Basic System.
         Starting LSB: Start busybox udhcpd at boot time...
         Starting Generic Board Startup...
         Starting Telephony service...
[   15.038559] at24 2-0054: supply vcc not found, using dummy regulator
         Starting Cape Manager Service...
[   15.225967] at24 2-0055: supply vcc not found, using dummy regulator
         Starting System Logging Service...
         Starting LSB: Load kernel modules needed to enable cpufreq scaling...
[   15.352962] at24 2-0056: supply vcc not found, using dummy regulator
         Starting DUN service...
[   15.439505] at24 2-0057: supply vcc not found, using dummy regulator
[[0;32m  OK  [0m] Started D-Bus System Message Bus.
[   15.536100] at24 0-0050: supply vcc not found, using dummy regulator
[   15.595008] omap_rtc 44e3e000.rtc: registered as rtc0
[   15.600281] omap_rtc 44e3e000.rtc: setting system clock to 2000-01-01T00:00:00 UTC (946684800)
[   15.632451] tps6521x_pwrbutton tps65217-pwrbutton: DMA mask not set
[   15.641291] at24 0-0050: 32768 byte 24c256 EEPROM, writable, 1 bytes/write
[   15.755853] input: tps65217_pwrbutton as /devices/platform/ocp/44c00000.interconnect/44c00000.interconnect:segment@200000/44e0b000.target-module/44e0b000.i2c/i2c-0/0-0024/tps65217-pwrbutton/input/input0
[   15.817120] omap_wdt: OMAP Watchdog Timer Rev 0x01: initial timeout 60 sec
[   15.939338] am335x-phy-driver 47401300.usb-phy: supply vcc not found, using dummy regulator
[   16.253894] usbcore: registered new interface driver usbfs
[   16.259647] usbcore: registered new interface driver hub
[   16.265079] usbcore: registered new device driver usb
[   16.918079] am335x-phy-driver 47401b00.usb-phy: supply vcc not found, using dummy regulator
[   17.331715] tda998x 0-0070: found TDA19988
[   17.378501] omap-mailbox 480c8000.mailbox: omap mailbox rev 0x400
[   17.401079] remoteproc remoteproc0: powering up wkup_m3
[   17.493442] remoteproc remoteproc0: Direct firmware load for am335x-pm-firmware.elf failed with error -2
[   17.503120] remoteproc remoteproc0: request_firmware failed: -2
[   17.509121] wkup_m3_ipc 44e11324.wkup_m3_ipc: rproc_boot failed
[   17.681175] musb-hdrc musb-hdrc.1: MUSB HDRC host driver
[   17.686701] musb-hdrc musb-hdrc.1: new USB bus registered, assigned bus number 1
[   18.080629] usb usb1: New USB device found, idVendor=1d6b, idProduct=0002, bcdDevice= 5.15
[   18.089143] usb usb1: New USB device strings: Mfr=3, Product=2, SerialNumber=1
[   18.096458] usb usb1: Product: MUSB HDRC host driver
[   18.101450] usb usb1: Manufacturer: Linux 5.15.171 musb-hcd
[   18.107075] usb usb1: SerialNumber: musb-hdrc.1
[   18.683338] hub 1-0:1.0: USB hub found
[[0;32m  OK  [0m] Started Telephony service.
[[0;32m  OK  [0m] Started DUN service.
         Starting Connection service...[   18.803792] hub 1-0:1.0: 1 port detected

         Starting Login Service...
         Starting Avahi mDNS/DNS-SD Stack...
[   19.165736] omap_rng 48310000.rng: Random Number Generator ver. 20
[[0;32m  OK  [0m] Started Regular background program processing daemon.
[   19.303412] tilcdc 4830e000.lcdc: bound 0-0070 (ops tda998x_driver_exit [tda998x])
[   19.549255] [drm] Initialized tilcdc 1.0.0 20121205 for 4830e000.lcdc on minor 0
[[0;32m  OK  [0m] Started System Logging Service.
[[0;32m  OK  [0m] Started Cape Manager Service.
[   19.666713] tilcdc 4830e000.lcdc: [drm] Cannot find any crtc or sizes
[   19.726837] tilcdc 4830e000.lcdc: [drm] Cannot find any crtc or sizes
[   20.263945] Bluetooth: Core ver 2.22
[   20.267908] NET: Registered PF_BLUETOOTH protocol family
[   20.273256] Bluetooth: HCI device and connection manager initialized
[   20.279757] Bluetooth: HCI socket layer initialized
[   20.284669] Bluetooth: L2CAP socket layer initialized
