Labgrid Console Logfile for main
Logfile started at 2025-11-17 11:37:04.632797
=== Log starts here ===
reading args
spl_load_image_fat_os: error reading image args, err - -1
reading u-boot.img
reading u-boot.img


U-Boot 2014.04-00014-g47880f5 (Apr 22 2014 - 13:23:54)

I2C:   ready
DRAM:  512 MiB
NAND:  0 MiB
MMC:   OMAP SD/MMC: 0, OMAP SD/MMC: 1
*** Warning - readenv() failed, using default environment

Net:   <ethaddr> not set. Validating first E-fuse MAC
cpsw, usb_ether
Hit any key to stop autoboot:  1  0 
gpio: pin 53 (gpio 53) value is 1
mmc0 is current device
gpio: pin 54 (gpio 54) value is 1
SD/MMC found on device 0
reading uEnv.txt
569 bytes read in 3 ms (184.6 KiB/s)
gpio: pin 55 (gpio 55) value is 1
Loaded environment from uEnv.txt
Importing environment from mmc ...
Checking if uenvcmd is set ...
gpio: pin 56 (gpio 56) value is 1
Running uenvcmd ...
cpsw Waiting for PHY auto negotiation to complete. done
link up on port 0, speed 100, full duplex
Using cpsw device
TFTP from server 192.168.255.126; our IP address is 192.168.255.1
Filename 'zImage'.
Load address: 0x81000000
Loading: *#################################################################
	 #################################################################
	 #################################################################
	 #################################################################
	 #################################################################
	 #################################################################
	 2.4 MiB/s
done
Bytes transferred = 5714832 (573390 hex)
link up on port 0, speed 100, full duplex
Using cpsw device
TFTP from server 192.168.255.126; our IP address is 192.168.255.1
Filename 'am335x-boneblack.dtb'.
Load address: 0x82000000
Loading: *#######
	 2.4 MiB/s
done
Bytes transferred = 98077 (17f1d hex)
Kernel image @ 0x81000000 [ 0x000000 - 0x573390 ]
## Flattened Device Tree blob at 82000000
   Booting using the fdt blob at 0x82000000
   Using Device Tree in place at 82000000, end 8201af1c

Starting kernel ...

[    0.000000] Booting Linux on physical CPU 0x0
[    0.000000] Linux version 6.18.0-rc6-next-20251117 (user01@drvtest01) (arm-none-eabi-gcc (Arm GNU Toolchain 14.2.Rel1 (Build arm-14.52)) 14.2.1 20241119, GNU ld (Arm GNU Toolchain 14.2.Rel1 (Build arm-14.52)) 2.43.1.20241119) #1 SMP Mon Nov 17 11:35:42 EET 2025
[    0.000000] CPU: ARMv7 Processor [413fc082] revision 2 (ARMv7), cr=10c5387d
[    0.000000] CPU: PIPT / VIPT nonaliasing data cache, VIPT aliasing instruction cache
[    0.000000] OF: fdt: Machine model: TI AM335x BeagleBone Black
[    0.000000] Memory policy: Data cache writeback
[    0.000000] cma: Reserved 16 MiB at 0x9e800000
[    0.000000] Zone ranges:
[    0.000000]   Normal   [mem 0x0000000080000000-0x000000009fdfffff]
[    0.000000]   HighMem  empty
[    0.000000] Movable zone start for each node
[    0.000000] Early memory node ranges
[    0.000000]   node   0: [mem 0x0000000080000000-0x000000009fdfffff]
[    0.000000] Initmem setup node 0 [mem 0x0000000080000000-0x000000009fdfffff]
[    0.000000] On node 0, zone Normal: 512 pages in unavailable ranges
[    0.000000] OF: reserved mem: Reserved memory: No reserved-memory node in the DT
[    0.000000] CPU: All CPU(s) started in SVC mode.
[    0.000000] AM335X ES2.1 (sgx neon)
[    0.000000] percpu: Embedded 17 pages/cpu s39948 r8192 d21492 u69632
[    0.000000] Kernel command line: console=ttyO0,115200n8 root=/dev/nfs rw nfsroot=192.168.255.126:/home/user01/nfs,nfsvers=3 ip=192.168.255.1:192.168.255.126::255.255.255.0:bbb1:eth0 nfsrootdebug
[    0.000000] Unknown kernel command line parameters "nfsrootdebug", will be passed to user space.
[    0.000000] printk: log buffer data + meta data: 65536 + 204800 = 270336 bytes
[    0.000000] Dentry cache hash table entries: 65536 (order: 6, 262144 bytes, linear)
[    0.000000] Inode-cache hash table entries: 32768 (order: 5, 131072 bytes, linear)
[    0.000000] Built 1 zonelists, mobility grouping on.  Total pages: 130560
[    0.000000] mem auto-init: stack:off, heap alloc:off, heap free:off
[    0.000000] SLUB: HWalign=16, Order=0-3, MinObjects=0, CPUs=1, Nodes=1
[    0.000000] rcu: Hierarchical RCU implementation.
[    0.000000] rcu: 	RCU event tracing is enabled.
[    0.000000] rcu: 	RCU restricting CPUs from NR_CPUS=2 to nr_cpu_ids=1.
[    0.000000] 	Tracing variant of Tasks RCU enabled.
[    0.000000] rcu: RCU calculated value of scheduler-enlistment delay is 10 jiffies.
[    0.000000] rcu: Adjusting geometry for rcu_fanout_leaf=16, nr_cpu_ids=1
[    0.000000] RCU Tasks Trace: Setting shift to 0 and lim to 1 rcu_task_cb_adjust=1 rcu_task_cpu_ids=1.
[    0.000000] NR_IRQS: 16, nr_irqs: 16, preallocated irqs: 16
[    0.000000] IRQ: Found an INTC at 0x(ptrval) (revision 5.0) with 128 interrupts
[    0.000000] rcu: srcu_init: Setting srcu_struct sizes based on contention.
[    0.000000] TI gptimer clocksource: always-on /ocp/interconnect@44c00000/segment@200000/target-module@31000
[    0.000002] sched_clock: 32 bits at 24MHz, resolution 41ns, wraps every 89478484971ns
[    0.000027] clocksource: dmtimer: mask: 0xffffffff max_cycles: 0xffffffff, max_idle_ns: 79635851949 ns
[    0.000501] TI gptimer clockevent: 24000000 Hz at /ocp/interconnect@48000000/segment@0/target-module@40000
[    0.002061] Console: colour dummy device 80x30
[    0.002127] WARNING: Your 'console=ttyO0' has been replaced by 'ttyS0'
[    0.002135] This ensures that you still see kernel messages. Please
[    0.002139] update your kernel commandline.
[    0.002182] Calibrating delay loop... 996.14 BogoMIPS (lpj=4980736)
[    0.090614] CPU: Testing write buffer coherency: ok
[    0.090698] CPU0: Spectre v2: using BPIALL workaround
[    0.090708] pid_max: default: 32768 minimum: 301
[    0.091011] Mount-cache hash table entries: 1024 (order: 0, 4096 bytes, linear)
[    0.091032] Mountpoint-cache hash table entries: 1024 (order: 0, 4096 bytes, linear)
[    0.092644] CPU0: thread -1, cpu 0, socket -1, mpidr 0
[    0.092702] cacheinfo: Unable to detect cache hierarchy for CPU 0
[    0.094747] Setting up static identity map for 0x80100000 - 0x80100078
[    0.095069] rcu: Hierarchical SRCU implementation.
[    0.095078] rcu: 	Max phase no-delay instances is 1000.
[    0.096821] smp: Bringing up secondary CPUs ...
[    0.096874] smp: Brought up 1 node, 1 CPU
[    0.096886] SMP: Total of 1 processors activated (996.14 BogoMIPS).
[    0.096897] CPU: All CPU(s) started in SVC mode.
[    0.097149] Memory: 479964K/522240K available (12288K kernel code, 1230K rwdata, 2952K rodata, 1024K init, 256K bss, 24364K reserved, 16384K cma-reserved, 0K highmem)
[    0.098015] devtmpfs: initialized
[    0.115498] VFP support v0.3: implementor 41 architecture 3 part 30 variant c rev 3
[    0.116168] clocksource: jiffies: mask: 0xffffffff max_cycles: 0xffffffff, max_idle_ns: 19112604462750000 ns
[    0.116225] posixtimers hash table entries: 512 (order: 0, 4096 bytes, linear)
[    0.116250] futex hash table entries: 256 (16384 bytes on 1 NUMA nodes, total 16 KiB, linear).
[    0.119437] NET: Registered PF_NETLINK/PF_ROUTE protocol family
[    0.122570] DMA: preallocated 256 KiB pool for atomic coherent allocations
[    0.123545] audit: initializing netlink subsys (disabled)
[    0.124927] thermal_sys: Registered thermal governor 'fair_share'
[    0.124941] thermal_sys: Registered thermal governor 'step_wise'
[    0.124950] thermal_sys: Registered thermal governor 'user_space'
[    0.125059] audit: type=2000 audit(0.120:1): state=initialized audit_enabled=0 res=1
[    0.125128] cpuidle: using governor menu
[    0.143255] /ocp/interconnect@44c00000/segment@200000/target-module@b000/i2c@0/tda19988@70: Fixed dependency cycle(s) with /ocp/interconnect@48000000/segment@300000/target-module@e000/lcdc@0
[    0.144334] /ocp/interconnect@48000000/segment@300000/target-module@e000/lcdc@0: Fixed dependency cycle(s) with /ocp/interconnect@44c00000/segment@200000/target-module@b000/i2c@0/tda19988@70
[    0.146527] No ATAGs?
[    0.146562] hw-breakpoint: debug architecture 0x4 unsupported.
[    0.149195] kprobes: kprobe jump-optimization is enabled. All kprobes are optimized if possible.
[    0.164088] iommu: Default domain type: Translated
[    0.164111] iommu: DMA domain TLB invalidation policy: strict mode
[    0.166890] SCSI subsystem initialized
[    0.167730] pps_core: LinuxPPS API ver. 1 registered
[    0.167741] pps_core: Software ver. 5.3.6 - Copyright 2005-2007 Rodolfo Giometti <giometti@linux.it>
[    0.167766] PTP clock support registered
[    0.180705] vgaarb: loaded
[    0.181125] clocksource: Switched to clocksource dmtimer
[    0.181735] VFS: Disk quotas dquot_6.6.0
[    0.181795] VFS: Dquot-cache hash table entries: 1024 (order 0, 4096 bytes)
[    0.205600] NET: Registered PF_INET protocol family
[    0.205944] IP idents hash table entries: 8192 (order: 4, 65536 bytes, linear)
[    0.207403] tcp_listen_portaddr_hash hash table entries: 512 (order: 0, 4096 bytes, linear)
[    0.207440] Table-perturb hash table entries: 65536 (order: 6, 262144 bytes, linear)
[    0.207458] TCP established hash table entries: 4096 (order: 2, 16384 bytes, linear)
[    0.207504] TCP bind hash table entries: 4096 (order: 4, 65536 bytes, linear)
[    0.207605] TCP: Hash tables configured (established 4096 bind 4096)
[    0.207731] UDP hash table entries: 256 (order: 2, 14336 bytes, linear)
[    0.207764] UDP-Lite hash table entries: 256 (order: 2, 14336 bytes, linear)
[    0.207970] NET: Registered PF_UNIX/PF_LOCAL protocol family
[    0.209278] RPC: Registered named UNIX socket transport module.
[    0.209298] RPC: Registered udp transport module.
[    0.209304] RPC: Registered tcp transport module.
[    0.209309] RPC: Registered tcp-with-tls transport module.
[    0.209313] RPC: Registered tcp NFSv4.1 backchannel transport module.
[    0.209339] PCI: CLS 0 bytes, default 64
[    0.210775] Initialise system trusted keyrings
[    0.221871] workingset: timestamp_bits=14 max_order=17 bucket_order=3
[    0.223358] NFS: Registering the id_resolver key type
[    0.223419] Key type id_resolver registered
[    0.223427] Key type id_legacy registered
[    0.223537] jffs2: version 2.2. (NAND) (SUMMARY)  Â© 2001-2006 Red Hat, Inc.
[    0.224091] Key type asymmetric registered
[    0.224105] Asymmetric key parser 'x509' registered
[    0.224179] io scheduler mq-deadline registered
[    0.224189] io scheduler kyber registered
[    0.224274] io scheduler bfq registered
[    0.226087] target-module@4b000000:target-module@140000:pmu@0:fck: device ID is greater than 24
[    0.227263] ledtrig-cpu: registered to indicate activity on CPUs
[    0.241975] Serial: 8250/16550 driver, 6 ports, IRQ sharing enabled
[    0.287099] brd: module loaded
[    0.305836] loop: module loaded
[    0.306748] mtdoops: mtd device (mtddev=name/number) must be supplied
[    0.309739] i2c_dev: i2c /dev entries driver
[    0.310767] cpuidle: enable-method property 'ti,am3352' found operations
[    0.311400] sdhci: Secure Digital Host Controller Interface driver
[    0.311411] sdhci: Copyright(c) Pierre Ossman
[    0.311616] sdhci-pltfm: SDHCI platform and OF driver helper
[    0.326575] hw perfevents: enabled with armv7_cortex_a8 PMU driver, 5 (8000000f) counters available
[    0.327121] Initializing XFRM netlink socket
[    0.327292] NET: Registered PF_INET6 protocol family
[    0.329342] Segment Routing with IPv6
[    0.329426] In-situ OAM (IOAM) with IPv6
[    0.329524] sit: IPv6, IPv4 and MPLS over IPv4 tunneling driver
[    0.330487] NET: Registered PF_PACKET protocol family
[    0.330502] PFKEY is deprecated and scheduled to be removed in 2027, please contact the netdev mailing list
[    0.330518] NET: Registered PF_KEY protocol family
[    0.330651] Key type dns_resolver registered
[    0.330879] ThumbEE CPU extension supported.
[    0.330900] Registering SWP/SWPB emulation handler
[    0.331653] omap_voltage_late_init: Voltage driver support not added
[    0.332377] SmartReflex Class3 initialized
[    0.364365] Loading compiled-in X.509 certificates
[    0.394301] /ocp/interconnect@44c00000/segment@200000/target-module@b000/i2c@0/tda19988@70: Fixed dependency cycle(s) with /ocp/interconnect@48000000/segment@300000/target-module@e000/lcdc@0
[    0.400703] /ocp/interconnect@44c00000/segment@200000/target-module@b000/i2c@0/tda19988@70: Fixed dependency cycle(s) with /ocp/interconnect@48000000/segment@300000/target-module@e000/lcdc@0
[    0.442311] /ocp/interconnect@44c00000/segment@200000/target-module@b000/i2c@0/tda19988@70: Fixed dependency cycle(s) with /ocp/interconnect@48000000/segment@300000/target-module@e000/lcdc@0
[    0.443236] /ocp/interconnect@44c00000/segment@200000/target-module@b000/i2c@0/tda19988@70: Fixed dependency cycle(s) with /ocp/interconnect@48000000/segment@300000/target-module@e000/lcdc@0
[    0.446754] /ocp/interconnect@44c00000/segment@200000/target-module@10000/scm@0/pinmux@800: Fixed dependency cycle(s) with /ocp/interconnect@44c00000/segment@200000/target-module@10000/scm@0/pinmux@800/clkout2-pins
[    0.447345] pinctrl-single 44e10800.pinmux: 142 pins, size 568
[    0.479497] /ocp/interconnect@48000000/segment@300000/target-module@e000/lcdc@0: Fixed dependency cycle(s) with /ocp/interconnect@44c00000/segment@200000/target-module@b000/i2c@0/tda19988@70
[    0.527666] OMAP GPIO hardware version 0.1
[    0.563660] omap_i2c 4819c000.i2c: bus 2 rev0.11 at 100 kHz
[    0.598062] 48000000.interconnect:segment@200000:target-module@0:mpu@0:fck: device ID is greater than 24
[    0.598974] /ocp/interconnect@48000000/segment@300000/target-module@e000/lcdc@0: Fixed dependency cycle(s) with /ocp/interconnect@44c00000/segment@200000/target-module@b000/i2c@0/tda19988@70
[    0.602079] /ocp/interconnect@48000000/segment@300000/target-module@e000/lcdc@0: Fixed dependency cycle(s) with /ocp/interconnect@44c00000/segment@200000/target-module@b000/i2c@0/tda19988@70
[    0.602809] /ocp/interconnect@44c00000/segment@200000/target-module@b000/i2c@0/tda19988@70: Fixed dependency cycle(s) with /ocp/interconnect@48000000/segment@300000/target-module@e000/lcdc@0
[    0.602985] /ocp/interconnect@48000000/segment@300000/target-module@e000/lcdc@0: Fixed dependency cycle(s) with /ocp/interconnect@44c00000/segment@200000/target-module@b000/i2c@0/tda19988@70
[    0.610840] sdhci-omap 481d8000.mmc: supply pbias not found, using dummy regulator
[    0.612110] sdhci-omap 481d8000.mmc: supply vqmmc not found, using dummy regulator
[    0.673394] davinci_mdio 4a101000.mdio: davinci mdio revision 1.6, bus freq 1000000
[    0.832149] davinci_mdio 4a101000.mdio: phy[0]: device 4a101000.mdio:00, driver SMSC LAN8710/LAN8720
[    0.832918] cpsw-switch 4a100000.switch: initialized cpsw ale version 1.4
[    0.832942] cpsw-switch 4a100000.switch: ALE Table size 1024, Policers 0
[    0.833120] cpsw-switch 4a100000.switch: cpts: overflow check period 500 (jiffies)
[    0.833136] cpsw-switch 4a100000.switch: CPTS: ref_clk_freq:250000000 calc_mult:2147483648 calc_shift:29 error:0 nsec/sec
[    0.833232] cpsw-switch 4a100000.switch: Detected MACID = 6c:ec:eb:68:de:78
[    0.835096] cpsw-switch 4a100000.switch: initialized (regs 0x4a100000, pool size 256) hw_ver:0019010C 1.12 (0)
[    0.846434] debugfs: '49000000.dma' already exists in 'dmaengine'
[    0.846476] edma 49000000.dma: TI EDMA DMA engine driver
[    0.897032] ti-sysc 44e31000.target-module: Failed to create device link (0x180) with supplier ocp for /ocp/interconnect@44c00000/segment@200000/target-module@31000/timer@0
[    0.897094] ti-sysc 48040000.target-module: Failed to create device link (0x180) with supplier ocp for /ocp/interconnect@48000000/segment@0/target-module@40000/timer@0
[    0.932159] 44e09000.serial: ttyS0 at MMIO 0x44e09000 (irq = 34, base_baud = 3000000) is a 8250
[    0.932251] printk: legacy console [ttyS0] enabled
[    2.462044] tps65217-pmic: Failed to locate of_node [id: -1]
[    2.468113] tps65217-bl: Failed to locate of_node [id: -1]
[    2.475575] platform tps65217-charger: DMA mask not set
[    2.482628] platform tps65217-pwrbutton: DMA mask not set
[    2.490402] tps65217 0-0024: TPS65217 ID 0xe version 1.2
[    2.496494] /ocp/interconnect@48000000/segment@300000/target-module@e000/lcdc@0: Fixed dependency cycle(s) with /ocp/interconnect@44c00000/segment@200000/target-module@b000/i2c@0/tda19988@70
[    2.513924] /ocp/interconnect@44c00000/segment@200000/target-module@b000/i2c@0/tda19988@70: Fixed dependency cycle(s) with /ocp/interconnect@48000000/segment@300000/target-module@e000/lcdc@0
[    2.531306] omap_i2c 44e0b000.i2c: bus 0 rev0.11 at 400 kHz
[    2.539352] omap_gpio 44e07000.gpio: Could not set line 6 debounce to 200000 microseconds (-22)
[    2.548234] sdhci-omap 48060000.mmc: Got CD GPIO
[    2.553276] sdhci-omap 48060000.mmc: supply pbias not found, using dummy regulator
[    2.563522] sdhci-omap 48060000.mmc: supply vqmmc not found, using dummy regulator
[    2.572733] sdhci-omap 481d8000.mmc: supply pbias not found, using dummy regulator
[    2.580886] sdhci-omap 481d8000.mmc: supply vqmmc not found, using dummy regulator
[    2.620318] mmc1: SDHCI controller on 481d8000.mmc [481d8000.mmc] using External DMA
[    2.628764] mmc0: SDHCI controller on 48060000.mmc [48060000.mmc] using External DMA
[    2.637591] cpsw-switch 4a100000.switch: starting ndev. mode: dual_mac
[    2.701410] mmc1: new high speed MMC card at address 0001
[    2.708238] mmcblk1: mmc1:0001 MMC04G 3.60 GiB
[    2.716089]  mmcblk1: p1 p2
[    2.719875] SMSC LAN8710/LAN8720 4a101000.mdio:00: attached PHY driver (mii_bus:phy_addr=4a101000.mdio:00, irq=POLL)
[    2.732497] mmcblk1boot0: mmc1:0001 MMC04G 2.00 MiB
[    2.746397] mmcblk1boot1: mmc1:0001 MMC04G 2.00 MiB
[    2.755304] mmcblk1rpmb: mmc1:0001 MMC04G 128 KiB, chardev (249:0)
[    2.804617] mmc0: new high speed SDHC card at address aaaa
[    2.811544] mmcblk0: mmc0:aaaa SE32G 29.7 GiB
[    2.820559]  mmcblk0: p1 p2
[    5.841873] cpsw-switch 4a100000.switch eth0: Link is Up - 100Mbps/Full - flow control off
[    5.881350] IP-Config: Complete:
[    5.884626]      device=eth0, hwaddr=6c:ec:eb:68:de:78, ipaddr=192.168.255.1, mask=255.255.255.0, gw=255.255.255.255
[    5.895293]      host=bbb1, domain=, nis-domain=(none)
[    5.900461]      bootserver=192.168.255.126, rootserver=192.168.255.126, rootpath=
[    5.900893] clk: Disabling unused clocks
[    5.912724] PM: genpd: Disabling unused power domains
[    5.917894] KTAP version 1
[    5.920618] 1..0
[    5.923258] check access for rdinit=/init failed: -2, ignoring
[    5.957189] VFS: Mounted root (nfs filesystem) on device 0:17.
[    5.964546] devtmpfs: mounted
[    5.969064] Freeing unused kernel image (initmem) memory: 1024K
[    5.975825] Run /sbin/init as init process
[    6.708304] systemd[1]: System time before build time, advancing clock.
[    8.251113] random: crng init done
[    8.283859] systemd[1]: systemd 232 running in system mode. (+PAM +AUDIT +SELINUX +IMA +APPARMOR +SMACK +SYSVINIT +UTMP +LIBCRYPTSETUP +GCRYPT +GNUTLS +ACL +XZ +LZ4 +SECCOMP +BLKID +ELFUTILS +KMOD +IDN)
[    8.303049] systemd[1]: Detected architecture arm.

Welcome to [1mDebian GNU/Linux 9 (stretch)[0m!

[    8.334478] systemd[1]: Set hostname to <arm>.
[    9.501826] systemd[1]: Started Forward Password Requests to Wall Directory Watch.
[[0;32m  OK  [0m] Started Forward Password Requests to Wall Directory Watch.
[    9.535357] systemd[1]: systemd-journald-dev-log.socket: SO_PASSSEC failed: Operation not supported
[    9.545058] systemd[1]: Listening on Journal Socket (/dev/log).
[[0;32m  OK  [0m] Listening on Journal Socket (/dev/log).
[    9.572045] systemd[1]: Started Dispatch Password Requests to Console Directory Watch.
[[0;32m  OK  [0m] Started Dispatch Password Requests to Console Directory Watch.
[    9.601493] systemd[1]: Reached target Paths.
[[0;32m  OK  [0m] Reached target Paths.
[    9.621427] systemd[1]: Reached target Encrypted Volumes.
[[0;32m  OK  [0m] Reached target Encrypted Volumes.
[    9.651655] systemd[1]: syslog.socket: SO_PASSSEC failed: Operation not supported
[[0;32m  OK  [0m] Listening on Syslog Socket.
[[0;32m  OK  [0m] Reached target Swap.
[[0;32m  OK  [0m] Reached target Remote File Systems.
[[0;32m  OK  [0m] Listening on /dev/initctl Compatibility Named Pipe.
[[0;32m  OK  [0m] Created slice User and Session Slice.
[[0;32m  OK  [0m] Listening on Journal Socket.
[[0;32m  OK  [0m] Listening on udev Kernel Socket.
[[0;32m  OK  [0m] Listening on udev Control Socket.
[[0;32m  OK  [0m] Set up automount Arbitrary Executabâ€¦rmats File System Automount Point.
[[0;32m  OK  [0m] Listening on Journal Audit Socket.
[[0;32m  OK  [0m] Created slice System Slice.
[[0;32m  OK  [0m] Created slice system-serial\x2dgetty.slice.
         Mounting Debug File System...
         Starting Load Kernel Modules...
         Starting Journal Service...
         Starting Remount Root and Kernel File Systems...
[[0;32m  OK  [0m] Created slice system-getty.slice.
         Starting Create list of required stâ€¦ce nodes for the current kernel...
[[0;32m  OK  [0m] Reached target Slices.
         Mounting POSIX Message Queue File System...
[[0;32m  OK  [0m] Mounted Debug File System.
[[0;32m  OK  [0m] Started Create list of required staâ€¦vice nodes for the current kernel.
[[0;32m  OK  [0m] Started Load Kernel Modules.
[[0;32m  OK  [0m] Started Remount Root and Kernel File Systems.
         Starting udev Coldplug all Devices...
         Starting Load/Save Random Seed...
         Starting Apply Kernel Variables...
         Mounting Configuration File System...
         Starting Create Static Device Nodes in /dev...
[[0;32m  OK  [0m] Mounted POSIX Message Queue File System.
[[0;32m  OK  [0m] Mounted Configuration File System.
[[0;32m  OK  [0m] Started Load/Save Random Seed.
[[0;32m  OK  [0m] Started Apply Kernel Variables.
[[0;32m  OK  [0m] Started Create Static Device Nodes in /dev.
         Starting udev Kernel Device Manager...
[[0;32m  OK  [0m] Reached target Local File Systems (Pre).
[[0;32m  OK  [0m] Reached target Local File Systems.
         Starting Raise network interfaces...
[[0;32m  OK  [0m] Started Journal Service.
         Starting Flush Journal to Persistent Storage...
[   12.154757] systemd-journald[106]: Received request to flush runtime journal from PID 1
[[0;32m  OK  [0m] Started Flush Journal to Persistent Storage.
         Starting Create Volatile Files and Directories...
[   12.641550] omap_prm 44e00d00.prm: sync_state() pending due to 44d00000.cpu
[[0;32m  OK  [0m] Started udev Kernel Device Manager.
[[0;32m  OK  [0m] Started Create Volatile Files and Directories.
         Starting Network Time Synchronization...
         Starting Update UTMP about System Boot/Shutdown...
[[0;32m  OK  [0m] Started udev Coldplug all Devices.
[[0;32m  OK  [0m] Started Update UTMP about System Boot/Shutdown.
[   15.290715] remoteproc remoteproc0: wkup_m3 is available
[   15.489524] at24 2-0054: supply vcc not found, using dummy regulator
[   15.648345] at24 2-0055: supply vcc not found, using dummy regulator
[   15.668145] omap_wdt: OMAP Watchdog Timer Rev 0x01: initial timeout 60 sec
[   15.748247] at24 2-0056: supply vcc not found, using dummy regulator
[   15.852162] at24 2-0057: supply vcc not found, using dummy regulator
[   15.953855] am335x-phy-driver 47401300.usb-phy: dummy supplies not allowed for exclusive requests (id=vbus)
[   16.002041] at24 0-0050: 4096 byte 24c32 EEPROM, writable, 1 bytes/write
[   16.098163] am335x-phy-driver 47401b00.usb-phy: dummy supplies not allowed for exclusive requests (id=vbus)
[   16.354349] omap_rtc 44e3e000.rtc: registered as rtc0
[   16.359822] omap_rtc 44e3e000.rtc: setting system clock to 2000-01-01T00:00:00 UTC (946684800)
[   16.466577] input: tps65217_pwrbutton as /devices/platform/ocp/44c00000.interconnect/44c00000.interconnect:segment@200000/44e0b000.target-module/44e0b000.i2c/i2c-0/0-0024/tps65217-pwrbutton/input/input0
[[0;32m  OK  [0m] Found device /dev/ttyS0.
[[0;32m  OK  [0m] Started Network Time Synchronization.
[[0;32m  OK  [0m] Reached target System Time Synchronized.
[[0;32m  OK  [0m] Reached target System Initialization.
[[0;32m  OK  [0m] Started Daily apt download activities.
[[0;32m  OK  [0m] Started Daily Cleanup of Temporary Directories.
[[0;32m  OK  [0m] Listening on D-Bus System Message Bus Socket.
[   17.227423] usbcore: registered new interface driver usbfs
[   17.233324] usbcore: registered new interface driver hub
[   17.238794] usbcore: registered new device driver usb
[[0;32m  OK  [0m] Started Daily apt upgrade and clean activities.
[[0;32m  OK  [0m] Reached target Timers.
[[0;32m  OK  [0m] Listening on Avahi mDNS/DNS-SD Stack Activation Socket.
[[0;32m  OK  [0m] Reached target Sockets.
[[0;32m  OK  [0m] Reached target Basic System.
         Starting System Logging Service...
         Starting Avahi mDNS/DNS-SD Stack...
         Starting Cape Manager Service...
         Starting LSB: Load kernel modules needed to enable cpufreq scaling...
         Starting Login Service...
[   18.288128] musb-hdrc musb-hdrc.1: MUSB HDRC host driver
[   18.293722] musb-hdrc musb-hdrc.1: new USB bus registered, assigned bus number 1
[   18.333334] tda998x 0-0070: found TDA19988
         Starting LSB: Start busybox udhcpd at boot time...
[   18.466893] omap-mailbox 480c8000.mailbox: omap mailbox rev 0x400
[   18.520592] remoteproc remoteproc0: powering up wkup_m3
[   18.605426] usb usb1: New USB device found, idVendor=1d6b, idProduct=0002, bcdDevice= 6.18
[   18.613998] usb usb1: New USB device strings: Mfr=3, Product=2, SerialNumber=1
[   18.621329] usb usb1: Product: MUSB HDRC host driver
[   18.626323] usb usb1: Manufacturer: Linux 6.18.0-rc6-next-20251117 musb-hcd
[   18.633366] usb usb1: SerialNumber: musb-hdrc.1
[[0;32m  OK  [0m] Started Regular background program processing daemon.
[   18.911864] remoteproc remoteproc0: Direct firmware load for am335x-pm-firmware.elf failed with error -2
[   18.921699] remoteproc remoteproc0: request_firmware failed: -2
[   18.927665] wkup_m3_ipc 44e11324.wkup_m3_ipc: rproc_boot failed
         Starting DUN service...
[   19.097949] hub 1-0:1.0: USB hub found
         Starting Generic Board Startup...
[   19.186971] hub 1-0:1.0: 1 port detected
[[0;32m  OK  [0m] Started D-Bus System Message Bus.
[   22.239004] omap_rng 48310000.rng: Random Number Generator ver. 20
[   22.382790] tilcdc 4830e000.lcdc: bound 0-0070 (ops tda998x_driver_exit [tda998x])
[   22.447692] [drm] Initialized tilcdc 1.0.0 for 4830e000.lcdc on minor 0
[   22.518737] tilcdc 4830e000.lcdc: [drm] Cannot find any crtc or sizes
[   22.534815] tilcdc 4830e000.lcdc: [drm] Cannot find any crtc or sizes
[   22.834673] ------------[ cut here ]------------
[   22.839370] WARNING: net/8021q/vlan_core.c:236 at vlan_for_each+0x114/0x134, CPU#0: avahi-daemon/223
[   22.848768] RTNL: assertion failed at net/8021q/vlan_core.c (236)
[   22.854932] Modules linked in: tilcdc omap_rng drm_dma_helper rng_core drm_client_lib snd_soc_davinci_mcasp snd_soc_ti_udma snd_soc_ti_edma snd_soc_ti_sdma snd_soc_core snd_pcm_dmaengine snd_pcm omap_mailbox snd_timer musb_dsps snd tda998x musb_hdrc cec soundcore udc_core drm_kms_helper usbcore drm wkup_m3_ipc tps65218_pwrbutton rtc_omap phy_am335x phy_am335x_control omap_wdt drm_panel_orientation_quirks phy_generic watchdog at24 cppi41 usb_common wkup_m3_rproc leds_gpio cpufreq_dt led_class autofs4
[   22.899658] CPU: 0 UID: 107 PID: 223 Comm: avahi-daemon Not tainted 6.18.0-rc6-next-20251117 #1 NONE 
[   22.899676] Hardware name: Generic AM33XX (Flattened Device Tree)
[   22.899686] Call trace: 
[   22.899702]  unwind_backtrace from show_stack+0x10/0x14
[   22.899739]  show_stack from dump_stack_lvl+0x50/0x64
[   22.899764]  dump_stack_lvl from __warn+0x88/0x148
[   22.899782]  __warn from warn_slowpath_fmt+0x19c/0x1b0
[   22.899795]  warn_slowpath_fmt from vlan_for_each+0x114/0x134
[   22.899812]  vlan_for_each from cpsw_add_mc_addr+0x40/0xa4
[   22.899844]  cpsw_add_mc_addr from __hw_addr_ref_sync_dev+0x108/0x140
[   22.899871]  __hw_addr_ref_sync_dev from __dev_mc_add+0x7c/0x80
[   22.899889]  __dev_mc_add from igmp6_group_added+0xc8/0xe0
[   22.899910]  igmp6_group_added from __ipv6_dev_mc_inc+0x218/0x364
[   22.899923]  __ipv6_dev_mc_inc from __ipv6_sock_mc_join+0x11c/0x1c0
[   22.899937]  __ipv6_sock_mc_join from do_ipv6_setsockopt+0x1214/0x1310
[   22.899961]  do_ipv6_setsockopt from ipv6_setsockopt+0x60/0xcc
[   22.899979]  ipv6_setsockopt from udpv6_setsockopt+0x2c/0x6c
[   22.899999]  udpv6_setsockopt from sock_common_setsockopt+0x30/0x40
[   22.900024]  sock_common_setsockopt from do_sock_setsockopt+0x50/0x9c
[   22.900058]  do_sock_setsockopt from __sys_setsockopt+0x70/0xbc
[   22.900078]  __sys_setsockopt from ret_fast_syscall+0x0/0x58
[   22.900093] Exception stack(0xe015dfa8 to 0xe015dff0)
[   22.900108] dfa0:                   00000014 b6f3ece8 0000000d 00000029 00000014 bec239ec
[   22.900119] dfc0: 00000014 b6f3ece8 00000014 00000126 0000000d b6ee7ff4 0047e988 00466558
[   22.900128] dfe0: b6efd088 bec239d8 b6eda309 b6db141a
[   22.900136] ---[ end trace 0000000000000000 ]---
[[0;32m  OK  [0m] Started DUN service.
[[0;32m  OK  [0m] Started Avahi mDNS/DNS-SD Stack.
         Starting Connection service...
         Starting Telephony service...
[   23.784444] PM: Cannot get wkup_m3_ipc handle
[   23.845181] omap-sham 53100000.sham: hw accel on OMAP rev 4.3
[[0;32m  OK  [0m] Started System Logging Service.
[   23.986335] omap-aes 53500000.aes: OMAP AES hw accel rev: 3.2
[[0;32m  OK  [0m] Started Cape Manager Service.
[   24.054102] omap-sham 53100000.sham: will run requests pump with realtime priority
[   24.062828] PM: Cannot get wkup_m3_ipc handle
[   24.153852] omap-aes 53500000.aes: will run requests pump with realtime priority
[   24.162379] PM: Cannot get wkup_m3_ipc handle
[   26.774550] Bluetooth: Core ver 2.22
[   26.778370] NET: Registered PF_BLUETOOTH protocol family
[   26.783925] Bluetooth: HCI device and connection manager initialized
[   26.790346] Bluetooth: HCI socket layer initialized
[   26.795341] Bluetooth: L2CAP socket layer initialized
[   26.800452] Bluetooth: SCO socket layer initialized
[   27.568485] gpio-537 (nxp,calib): gpiod_direction_output_nonotify: tried to set a GPIO tied to an IRQ as output
[   27.611685] PM: Cannot get wkup_m3_ipc handle
[   27.727993] PM: Cannot get wkup_m3_ipc handle
[   27.897016] tda9950 0-0034: TDA9950 CEC interface, hardware version 3.3
[   27.986776] PM: Cannot get wkup_m3_ipc handle
[[0;32m  OK  [0m] Started Raise network interfaces.
[[0;32m  OK  [0m] Started LSB: Start busybox udhcpd at boot time.
[[0;32m  OK  [0m] Started LSB: Load kernel modules needed to enable cpufreq scaling.
[   30.358898] configfs-gadget.g_multi gadget.0: HOST MAC 1c:ba:8c:a2:ed:6c
[   30.365884] configfs-gadget.g_multi gadget.0: MAC 1c:ba:8c:a2:ed:70
[   30.373231] configfs-gadget.g_multi gadget.0: HOST MAC 1c:ba:8c:a2:ed:6c
[   30.379992] configfs-gadget.g_multi gadget.0: MAC 1c:ba:8c:a2:ed:6d
[   30.388556] PM: Cannot get wkup_m3_ipc handle
[[0;32m  OK  [0m] Started Telephony service.
[[0;32m  OK  [0m] Started Connection service.
[[0;32m  OK  [0m] Started Login Service.
         Starting Hostname Service...
         Starting WPA supplicant...
[[0;32m  OK  [0m] Reached target Sound Card.
         Starting LSB: set CPUFreq kernel parameters...
[[0;32m  OK  [0m] Started Hostname Service.
[[0;32m  OK  [0m] Started WPA supplicant.
[[0;32m  OK  [0m] Reached target Network.
         Starting Permit User Sessions...
[[0;32m  OK  [0m] Reached target Network is Online.
         Starting LSB: Advanced IEEE 802.11 management daemon...
         Starting The Apache HTTP Server...
         Starting OpenBSD Secure Shell server...
[[0;32m  OK  [0m] Started LSB: set CPUFreq kernel parameters.
[[0;32m  OK  [0m] Started Permit User Sessions.
[[0;32m  OK  [0m] Started LSB: Advanced IEEE 802.11 management daemon.
[[0;32m  OK  [0m] Started Serial Getty on ttyS0.
[[0;32m  OK  [0m] Started Getty on tty1.
[[0;32m  OK  [0m] Reached target Login Prompts.
         Stopping LSB: Start busybox udhcpd at boot time...
[[0;32m  OK  [0m] Stopped LSB: Start busybox udhcpd at boot time.
[[0;32m  OK  [0m] Started OpenBSD Secure Shell server.
         Starting dnsmasq - A lightweight DHCP and caching DNS server...
[[0;32m  OK  [0m] Started The Apache HTTP Server.
[[0;32m  OK  [0m] Started dnsmasq - A lightweight DHCP and caching DNS server.
[[0;32m  OK  [0m] Reached target Host and Network Name Lookups.
[[0;32m  OK  [0m] Started Serial Getty on ttyGS0.
[[0;32m  OK  [0m] Started Generic Board Startup.
[[0;32m  OK  [0m] Reached target Multi-User System.
[[0;32m  OK  [0m] Reached target Graphical Interface.
         Starting Update UTMP about System Runlevel Changes...
[[0;32m  OK  [0m] Started Update UTMP about System Runlevel Changes.

Debian GNU/Linux 9 arm ttyS0

default username:password is [debian:temppwd]

arm login: root
Password: 
Last login: Sat Jan  1 00:00:34 UTC 2000 on ttyS0
root
Linux arm 6.18.0-rc6-next-20251117 #1 SMP Mon Nov 17 11:35:42 EET 2025 armv7l

The programs included with the Debian GNU/Linux system are free software;
the exact distribution terms for each program are described in the
individual files in /usr/share/doc/*/copyright.

Debian GNU/Linux comes with ABSOLUTELY NO WARRANTY, to the extent
permitted by applicable law.
root@arm:~# root
dmesg -n 1
-bash: root: command not found
root@arm:~# dmesg -n 1
echo 'TCLP''ELSEVT'
root@arm:~# echo 'TCLP''ELSEVT'
TCLPELSEVT
root@arm:~# run() { echo -n "$MARKER"; sh -c "$@"; echo "$MARKER $?"; }
root@arm:~# echo 'QOZZ''EBMLMN'
QOZZEBMLMN
root@arm:~# MARKER='LFHJ''WJBNQW' run 'cat /proc/version'
LFHJWJBNQWLinux version 6.18.0-rc6-next-20251117 (user01@drvtest01) (arm-none-eabi-gcc (Arm GNU Toolchain 14.2.Rel1 (Build arm-14.52)) 14.2.1 20241119, GNU ld (Arm GNU Toolchain 14.2.Rel1 (Build arm-14.52)) 2.43.1.20241119) #1 SMP Mon Nov 17 11:35:42 EET 2025
LFHJWJBNQW 0
root@arm:~# echo 'HKEM''KFTGZX'
HKEMKFTGZX
root@arm:~# MARKER='ACVE''LTJCNT' run false
ACVELTJCNTACVELTJCNT 1
root@arm:~# Labgrid Console Logfile for main
Logfile started at 2025-11-17 11:38:13.150927
=== Log starts here ===

root@arm:~# run() { echo -n "$MARKER"; sh -c "$@"; echo "$MARKER $?"; }
root@arm:~# echo 'UFLO''NWEOVQ'
UFLONWEOVQ
root@arm:~# MARKER='HPAV''NBXXOG' run 'ls /iio_generic_buffer; echo $?'
HPAVNBXXOG/iio_generic_buffer
0
HPAVNBXXOG 0
root@arm:~# Labgrid Console Logfile for main
Logfile started at 2025-11-17 11:38:16.511765
=== Log starts here ===

root@arm:~# run() { echo -n "$MARKER"; sh -c "$@"; echo "$MARKER $?"; }
root@arm:~# echo 'CXWG''VSNSBE'
CXWGVSNSBE
root@arm:~# MARKER='XFGP''SYQGPJ' run dmesg
XFGPSYQGPJ[    0.000000] Booting Linux on physical CPU 0x0
[    0.000000] Linux version 6.18.0-rc6-next-20251117 (user01@drvtest01) (arm-none-eabi-gcc (Arm GNU Toolchain 14.2.Rel1 (Build arm-14.52)) 14.2.1 20241119, GNU ld (Arm GNU Toolchain 14.2.Rel1 (Build arm-14.52)) 2.43.1.20241119) #1 SMP Mon Nov 17 11:35:42 EET 2025
[    0.000000] CPU: ARMv7 Processor [413fc082] revision 2 (ARMv7), cr=10c5387d
[    0.000000] CPU: PIPT / VIPT nonaliasing data cache, VIPT aliasing instruction cache
[    0.000000] OF: fdt: Machine model: TI AM335x BeagleBone Black
[    0.000000] Memory policy: Data cache writeback
[    0.000000] cma: Reserved 16 MiB at 0x9e800000
[    0.000000] Zone ranges:
[    0.000000]   Normal   [mem 0x0000000080000000-0x000000009fdfffff]
[    0.000000]   HighMem  empty
[    0.000000] Movable zone start for each node
[    0.000000] Early memory node ranges
[    0.000000]   node   0: [mem 0x0000000080000000-0x000000009fdfffff]
[    0.000000] Initmem setup node 0 [mem 0x0000000080000000-0x000000009fdfffff]
[    0.000000] On node 0, zone Normal: 512 pages in unavailable ranges
[    0.000000] OF: reserved mem: Reserved memory: No reserved-memory node in the DT
[    0.000000] CPU: All CPU(s) started in SVC mode.
[    0.000000] AM335X ES2.1 (sgx neon)
[    0.000000] percpu: Embedded 17 pages/cpu s39948 r8192 d21492 u69632
[    0.000000] pcpu-alloc: s39948 r8192 d21492 u69632 alloc=17*4096
[    0.000000] pcpu-alloc: [0] 0 
[    0.000000] Kernel command line: console=ttyO0,115200n8 root=/dev/nfs rw nfsroot=192.168.255.126:/home/user01/nfs,nfsvers=3 ip=192.168.255.1:192.168.255.126::255.255.255.0:bbb1:eth0 nfsrootdebug
[    0.000000] Unknown kernel command line parameters "nfsrootdebug", will be passed to user space.
[    0.000000] printk: log buffer data + meta data: 65536 + 204800 = 270336 bytes
[    0.000000] Dentry cache hash table entries: 65536 (order: 6, 262144 bytes, linear)
[    0.000000] Inode-cache hash table entries: 32768 (order: 5, 131072 bytes, linear)
[    0.000000] Built 1 zonelists, mobility grouping on.  Total pages: 130560
[    0.000000] mem auto-init: stack:off, heap alloc:off, heap free:off
[    0.000000] SLUB: HWalign=16, Order=0-3, MinObjects=0, CPUs=1, Nodes=1
[    0.000000] rcu: Hierarchical RCU implementation.
[    0.000000] rcu: 	RCU event tracing is enabled.
[    0.000000] rcu: 	RCU restricting CPUs from NR_CPUS=2 to nr_cpu_ids=1.
[    0.000000] 	Tracing variant of Tasks RCU enabled.
[    0.000000] rcu: RCU calculated value of scheduler-enlistment delay is 10 jiffies.
[    0.000000] rcu: Adjusting geometry for rcu_fanout_leaf=16, nr_cpu_ids=1
[    0.000000] RCU Tasks Trace: Setting shift to 0 and lim to 1 rcu_task_cb_adjust=1 rcu_task_cpu_ids=1.
[    0.000000] NR_IRQS: 16, nr_irqs: 16, preallocated irqs: 16
[    0.000000] IRQ: Found an INTC at 0x(ptrval) (revision 5.0) with 128 interrupts
[    0.000000] rcu: srcu_init: Setting srcu_struct sizes based on contention.
[    0.000000] TI gptimer clocksource: always-on /ocp/interconnect@44c00000/segment@200000/target-module@31000
[    0.000002] sched_clock: 32 bits at 24MHz, resolution 41ns, wraps every 89478484971ns
[    0.000027] clocksource: dmtimer: mask: 0xffffffff max_cycles: 0xffffffff, max_idle_ns: 79635851949 ns
[    0.000501] TI gptimer clockevent: 24000000 Hz at /ocp/interconnect@48000000/segment@0/target-module@40000
[    0.002061] Console: colour dummy device 80x30
[    0.002127] WARNING: Your 'console=ttyO0' has been replaced by 'ttyS0'
[    0.002135] This ensures that you still see kernel messages. Please
[    0.002139] update your kernel commandline.
[    0.002182] Calibrating delay loop... 996.14 BogoMIPS (lpj=4980736)
[    0.090614] CPU: Testing write buffer coherency: ok
[    0.090698] CPU0: Spectre v2: using BPIALL workaround
[    0.090708] pid_max: default: 32768 minimum: 301
[    0.091011] Mount-cache hash table entries: 1024 (order: 0, 4096 bytes, linear)
[    0.091032] Mountpoint-cache hash table entries: 1024 (order: 0, 4096 bytes, linear)
[    0.092644] CPU0: thread -1, cpu 0, socket -1, mpidr 0
[    0.092702] cacheinfo: Unable to detect cache hierarchy for CPU 0
[    0.094747] Setting up static identity map for 0x80100000 - 0x80100078
[    0.095069] rcu: Hierarchical SRCU implementation.
[    0.095078] rcu: 	Max phase no-delay instances is 1000.
[    0.096821] smp: Bringing up secondary CPUs ...
[    0.096874] smp: Brought up 1 node, 1 CPU
[    0.096886] SMP: Total of 1 processors activated (996.14 BogoMIPS).
[    0.096897] CPU: All CPU(s) started in SVC mode.
[    0.097149] Memory: 479964K/522240K available (12288K kernel code, 1230K rwdata, 2952K rodata, 1024K init, 256K bss, 24364K reserved, 16384K cma-reserved, 0K highmem)
[    0.098015] devtmpfs: initialized
[    0.115498] VFP support v0.3: implementor 41 architecture 3 part 30 variant c rev 3
[    0.116168] clocksource: jiffies: mask: 0xffffffff max_cycles: 0xffffffff, max_idle_ns: 19112604462750000 ns
[    0.116225] posixtimers hash table entries: 512 (order: 0, 4096 bytes, linear)
[    0.116250] futex hash table entries: 256 (16384 bytes on 1 NUMA nodes, total 16 KiB, linear).
[    0.119437] NET: Registered PF_NETLINK/PF_ROUTE protocol family
[    0.122570] DMA: preallocated 256 KiB pool for atomic coherent allocations
[    0.123545] audit: initializing netlink subsys (disabled)
[    0.124927] thermal_sys: Registered thermal governor 'fair_share'
[    0.124941] thermal_sys: Registered thermal governor 'step_wise'
[    0.124950] thermal_sys: Registered thermal governor 'user_space'
[    0.125059] audit: type=2000 audit(0.120:1): state=initialized audit_enabled=0 res=1
[    0.125128] cpuidle: using governor menu
[    0.143255] /ocp/interconnect@44c00000/segment@200000/target-module@b000/i2c@0/tda19988@70: Fixed dependency cycle(s) with /ocp/interconnect@48000000/segment@300000/target-module@e000/lcdc@0
[    0.144334] /ocp/interconnect@48000000/segment@300000/target-module@e000/lcdc@0: Fixed dependency cycle(s) with /ocp/interconnect@44c00000/segment@200000/target-module@b000/i2c@0/tda19988@70
[    0.146527] No ATAGs?
[    0.146562] hw-breakpoint: debug architecture 0x4 unsupported.
[    0.149195] kprobes: kprobe jump-optimization is enabled. All kprobes are optimized if possible.
[    0.164088] iommu: Default domain type: Translated
[    0.164111] iommu: DMA domain TLB invalidation policy: strict mode
[    0.165680] reg-fixed-voltage fixedregulator0: using DT '/fixedregulator0' for '(default)' GPIO lookup
[    0.165732] of_get_named_gpiod_flags: can't parse 'gpios' property of node '/fixedregulator0[0]'
[    0.165761] of_get_named_gpiod_flags: can't parse 'gpio' property of node '/fixedregulator0[0]'
[    0.165780] reg-fixed-voltage fixedregulator0: using lookup tables for GPIO lookup
[    0.165790] reg-fixed-voltage fixedregulator0: No GPIO consumer (default) found
[    0.166890] SCSI subsystem initialized
[    0.167351] libata version 3.00 loaded.
[    0.167730] pps_core: LinuxPPS API ver. 1 registered
[    0.167741] pps_core: Software ver. 5.3.6 - Copyright 2005-2007 Rodolfo Giometti <giometti@linux.it>
[    0.167766] PTP clock support registered
[    0.180705] vgaarb: loaded
[    0.181125] clocksource: Switched to clocksource dmtimer
[    0.181735] VFS: Disk quotas dquot_6.6.0
[    0.181795] VFS: Dquot-cache hash table entries: 1024 (order 0, 4096 bytes)
[    0.205600] NET: Registered PF_INET protocol family
[    0.205944] IP idents hash table entries: 8192 (order: 4, 65536 bytes, linear)
[    0.207403] tcp_listen_portaddr_hash hash table entries: 512 (order: 0, 4096 bytes, linear)
[    0.207440] Table-perturb hash table entries: 65536 (order: 6, 262144 bytes, linear)
[    0.207458] TCP established hash table entries: 4096 (order: 2, 16384 bytes, linear)
[    0.207504] TCP bind hash table entries: 4096 (order: 4, 65536 bytes, linear)
[    0.207605] TCP: Hash tables configured (established 4096 bind 4096)
[    0.207731] UDP hash table entries: 256 (order: 2, 14336 bytes, linear)
[    0.207764] UDP-Lite hash table entries: 256 (order: 2, 14336 bytes, linear)
[    0.207970] NET: Registered PF_UNIX/PF_LOCAL protocol family
[    0.209278] RPC: Registered named UNIX socket transport module.
[    0.209298] RPC: Registered udp transport module.
[    0.209304] RPC: Registered tcp transport module.
[    0.209309] RPC: Registered tcp-with-tls transport module.
[    0.209313] RPC: Registered tcp NFSv4.1 backchannel transport module.
[    0.209339] PCI: CLS 0 bytes, default 64
[    0.210775] Initialise system trusted keyrings
[    0.221871] workingset: timestamp_bits=14 max_order=17 bucket_order=3
[    0.223358] NFS: Registering the id_resolver key type
[    0.223419] Key type id_resolver registered
[    0.223427] Key type id_legacy registered
[    0.223537] jffs2: version 2.2. (NAND) (SUMMARY)  Â© 2001-2006 Red Hat, Inc.
[    0.224091] Key type asymmetric registered
[    0.224105] Asymmetric key parser 'x509' registered
[    0.224179] io scheduler mq-deadline registered
[    0.224189] io scheduler kyber registered
[    0.224274] io scheduler bfq registered
[    0.226087] target-module@4b000000:target-module@140000:pmu@0:fck: device ID is greater than 24
[    0.227263] ledtrig-cpu: registered to indicate activity on CPUs
[    0.241975] Serial: 8250/16550 driver, 6 ports, IRQ sharing enabled
[    0.287099] brd: module loaded
[    0.305836] loop: module loaded
[    0.306748] mtdoops: mtd device (mtddev=name/number) must be supplied
[    0.308295] mdio_bus fixed-0: using lookup tables for GPIO lookup
[    0.308320] mdio_bus fixed-0: No GPIO consumer reset found
[    0.309739] i2c_dev: i2c /dev entries driver
[    0.310767] cpuidle: enable-method property 'ti,am3352' found operations
[    0.311400] sdhci: Secure Digital Host Controller Interface driver
[    0.311411] sdhci: Copyright(c) Pierre Ossman
[    0.311616] sdhci-pltfm: SDHCI platform and OF driver helper
[    0.326575] hw perfevents: enabled with armv7_cortex_a8 PMU driver, 5 (8000000f) counters available
[    0.327121] Initializing XFRM netlink socket
[    0.327292] NET: Registered PF_INET6 protocol family
[    0.329342] Segment Routing with IPv6
[    0.329426] In-situ OAM (IOAM) with IPv6
[    0.329524] sit: IPv6, IPv4 and MPLS over IPv4 tunneling driver
[    0.330487] NET: Registered PF_PACKET protocol family
[    0.330502] PFKEY is deprecated and scheduled to be removed in 2027, please contact the netdev mailing list
[    0.330518] NET: Registered PF_KEY protocol family
[    0.330651] Key type dns_resolver registered
[    0.330879] ThumbEE CPU extension supported.
[    0.330900] Registering SWP/SWPB emulation handler
[    0.331653] omap_voltage_late_init: Voltage driver support not added
[    0.332377] SmartReflex Class3 initialized
[    0.364365] Loading compiled-in X.509 certificates
[    0.394301] /ocp/interconnect@44c00000/segment@200000/target-module@b000/i2c@0/tda19988@70: Fixed dependency cycle(s) with /ocp/interconnect@48000000/segment@300000/target-module@e000/lcdc@0
[    0.400703] /ocp/interconnect@44c00000/segment@200000/target-module@b000/i2c@0/tda19988@70: Fixed dependency cycle(s) with /ocp/interconnect@48000000/segment@300000/target-module@e000/lcdc@0
[    0.406390] gpiochip_find_base_unlocked: found new base at 512
[    0.442311] /ocp/interconnect@44c00000/segment@200000/target-module@b000/i2c@0/tda19988@70: Fixed dependency cycle(s) with /ocp/interconnect@48000000/segment@300000/target-module@e000/lcdc@0
[    0.443236] /ocp/interconnect@44c00000/segment@200000/target-module@b000/i2c@0/tda19988@70: Fixed dependency cycle(s) with /ocp/interconnect@48000000/segment@300000/target-module@e000/lcdc@0
[    0.446754] /ocp/interconnect@44c00000/segment@200000/target-module@10000/scm@0/pinmux@800: Fixed dependency cycle(s) with /ocp/interconnect@44c00000/segment@200000/target-module@10000/scm@0/pinmux@800/clkout2-pins
[    0.447345] pinctrl-single 44e10800.pinmux: 142 pins, size 568
[    0.479497] /ocp/interconnect@48000000/segment@300000/target-module@e000/lcdc@0: Fixed dependency cycle(s) with /ocp/interconnect@44c00000/segment@200000/target-module@b000/i2c@0/tda19988@70
[    0.499462] gpiochip_find_base_unlocked: found new base at 512
[    0.499563] gpio gpiochip0: (gpio-0-31): created GPIO range 0->7 ==> 44e10800.pinmux PIN 0->7
[    0.499583] gpio gpiochip0: (gpio-0-31): created GPIO range 8->11 ==> 44e10800.pinmux PIN 90->93
[    0.499599] gpio gpiochip0: (gpio-0-31): created GPIO range 12->27 ==> 44e10800.pinmux PIN 12->27
[    0.499615] gpio gpiochip0: (gpio-0-31): created GPIO range 28->31 ==> 44e10800.pinmux PIN 30->33
[    0.527341] gpio gpiochip0: (gpio-0-31): added GPIO chardev (254:0)
[    0.527579] gpio gpiochip0: registered GPIOs 512 to 543 on gpio-0-31
[    0.527666] OMAP GPIO hardware version 0.1
[    0.562616] i2c i2c-2: using DT '/ocp/interconnect@48000000/segment@100000/target-module@9c000/i2c@0' for 'scl' GPIO lookup
[    0.562688] of_get_named_gpiod_flags: can't parse 'scl-gpios' property of node '/ocp/interconnect@48000000/segment@100000/target-module@9c000/i2c@0[0]'
[    0.562732] of_get_named_gpiod_flags: can't parse 'scl-gpio' property of node '/ocp/interconnect@48000000/segment@100000/target-module@9c000/i2c@0[0]'
[    0.562769] i2c i2c-2: using lookup tables for GPIO lookup
[    0.562779] i2c i2c-2: No GPIO consumer scl found
[    0.562800] i2c i2c-2: using DT '/ocp/interconnect@48000000/segment@100000/target-module@9c000/i2c@0' for 'sda' GPIO lookup
[    0.562835] of_get_named_gpiod_flags: can't parse 'sda-gpios' property of node '/ocp/interconnect@48000000/segment@100000/target-module@9c000/i2c@0[0]'
[    0.562873] of_get_named_gpiod_flags: can't parse 'sda-gpio' property of node '/ocp/interconnect@48000000/segment@100000/target-module@9c000/i2c@0[0]'
[    0.562905] i2c i2c-2: using lookup tables for GPIO lookup
[    0.562912] i2c i2c-2: No GPIO consumer sda found
[    0.563660] omap_i2c 4819c000.i2c: bus 2 rev0.11 at 100 kHz
[    0.569380] gpiochip_find_base_unlocked: found new base at 544
[    0.569487] gpio gpiochip1: (gpio-32-63): created GPIO range 0->17 ==> 44e10800.pinmux PIN 34->51
[    0.569508] gpio gpiochip1: (gpio-32-63): created GPIO range 18->21 ==> 44e10800.pinmux PIN 77->80
[    0.569524] gpio gpiochip1: (gpio-32-63): created GPIO range 22->31 ==> 44e10800.pinmux PIN 56->65
[    0.588504] gpio gpiochip1: (gpio-32-63): added GPIO chardev (254:1)
[    0.588731] gpio gpiochip1: registered GPIOs 544 to 575 on gpio-32-63
[    0.591241] gpiochip_find_base_unlocked: found new base at 576
[    0.591344] gpio gpiochip2: (gpio-64-95): created GPIO range 0->4 ==> 44e10800.pinmux PIN 66->70
[    0.591366] gpio gpiochip2: (gpio-64-95): created GPIO range 5->6 ==> 44e10800.pinmux PIN 98->99
[    0.591382] gpio gpiochip2: (gpio-64-95): created GPIO range 7->8 ==> 44e10800.pinmux PIN 75->76
[    0.591398] gpio gpiochip2: (gpio-64-95): created GPIO range 13->13 ==> 44e10800.pinmux PIN 141->141
[    0.591414] gpio gpiochip2: (gpio-64-95): created GPIO range 14->21 ==> 44e10800.pinmux PIN 100->107
[    0.592117] gpio gpiochip2: (gpio-64-95): added GPIO chardev (254:2)
[    0.592329] gpio gpiochip2: registered GPIOs 576 to 607 on gpio-64-95
[    0.598062] 48000000.interconnect:segment@200000:target-module@0:mpu@0:fck: device ID is greater than 24
[    0.598974] /ocp/interconnect@48000000/segment@300000/target-module@e000/lcdc@0: Fixed dependency cycle(s) with /ocp/interconnect@44c00000/segment@200000/target-module@b000/i2c@0/tda19988@70
[    0.602079] /ocp/interconnect@48000000/segment@300000/target-module@e000/lcdc@0: Fixed dependency cycle(s) with /ocp/interconnect@44c00000/segment@200000/target-module@b000/i2c@0/tda19988@70
[    0.602809] /ocp/interconnect@44c00000/segment@200000/target-module@b000/i2c@0/tda19988@70: Fixed dependency cycle(s) with /ocp/interconnect@48000000/segment@300000/target-module@e000/lcdc@0
[    0.602985] /ocp/interconnect@48000000/segment@300000/target-module@e000/lcdc@0: Fixed dependency cycle(s) with /ocp/interconnect@44c00000/segment@200000/target-module@b000/i2c@0/tda19988@70
[    0.610477] sdhci-omap 481d8000.mmc: using DT '/ocp/interconnect@48000000/segment@100000/target-module@d8000/mmc@0' for 'wp' GPIO lookup
[    0.610549] of_get_named_gpiod_flags: can't parse 'wp-gpios' property of node '/ocp/interconnect@48000000/segment@100000/target-module@d8000/mmc@0[0]'
[    0.610595] of_get_named_gpiod_flags: can't parse 'wp-gpio' property of node '/ocp/interconnect@48000000/segment@100000/target-module@d8000/mmc@0[0]'
[    0.610632] sdhci-omap 481d8000.mmc: using lookup tables for GPIO lookup
[    0.610642] sdhci-omap 481d8000.mmc: No GPIO consumer wp found
[    0.610840] sdhci-omap 481d8000.mmc: supply pbias not found, using dummy regulator
[    0.612110] sdhci-omap 481d8000.mmc: supply vqmmc not found, using dummy regulator
[    0.629866] mdio_bus 4a101000.mdio: using DT '/ocp/interconnect@4a000000/segment@0/target-module@100000/switch@0/mdio@1000' for 'reset' GPIO lookup
[    0.629938] of_get_named_gpiod_flags: can't parse 'reset-gpios' property of node '/ocp/interconnect@4a000000/segment@0/target-module@100000/switch@0/mdio@1000[0]'
[    0.629985] of_get_named_gpiod_flags: can't parse 'reset-gpio' property of node '/ocp/interconnect@4a000000/segment@0/target-module@100000/switch@0/mdio@1000[0]'
[    0.630033] mdio_bus 4a101000.mdio: using lookup tables for GPIO lookup
[    0.630043] mdio_bus 4a101000.mdio: No GPIO consumer reset found
[    0.673394] davinci_mdio 4a101000.mdio: davinci mdio revision 1.6, bus freq 1000000
[    0.695374] mdio_bus 4a101000.mdio:00: using DT '/ocp/interconnect@4a000000/segment@0/target-module@100000/switch@0/mdio@1000/ethernet-phy@0' for 'reset' GPIO lookup
[    0.695470] of_get_named_gpiod_flags: parsed 'reset-gpios' property of node '/ocp/interconnect@4a000000/segment@0/target-module@100000/switch@0/mdio@1000/ethernet-phy@0[0]' - status (0)
[    0.695625] gpio gpiochip0: Persistence not supported for GPIO 8
[    0.832149] davinci_mdio 4a101000.mdio: phy[0]: device 4a101000.mdio:00, driver SMSC LAN8710/LAN8720
[    0.832918] cpsw-switch 4a100000.switch: initialized cpsw ale version 1.4
[    0.832942] cpsw-switch 4a100000.switch: ALE Table size 1024, Policers 0
[    0.833120] cpsw-switch 4a100000.switch: cpts: overflow check period 500 (jiffies)
[    0.833136] cpsw-switch 4a100000.switch: CPTS: ref_clk_freq:250000000 calc_mult:2147483648 calc_shift:29 error:0 nsec/sec
[    0.833232] cpsw-switch 4a100000.switch: Detected MACID = 6c:ec:eb:68:de:78
[    0.835096] cpsw-switch 4a100000.switch: initialized (regs 0x4a100000, pool size 256) hw_ver:0019010C 1.12 (0)
[    0.846434] debugfs: '49000000.dma' already exists in 'dmaengine'
[    0.846476] edma 49000000.dma: TI EDMA DMA engine driver
[    0.897032] ti-sysc 44e31000.target-module: Failed to create device link (0x180) with supplier ocp for /ocp/interconnect@44c00000/segment@200000/target-module@31000/timer@0
[    0.897094] ti-sysc 48040000.target-module: Failed to create device link (0x180) with supplier ocp for /ocp/interconnect@48000000/segment@0/target-module@40000/timer@0
[    0.898033] gpio-clk clk_mcasp0: using DT '/clk_mcasp0' for 'enable' GPIO lookup
[    0.898101] of_get_named_gpiod_flags: parsed 'enable-gpios' property of node '/clk_mcasp0[0]' - status (0)
[    0.898145] gpio gpiochip0: Persistence not supported for GPIO 27
[    0.898921] gpiochip_find_base_unlocked: found new base at 608
[    0.899033] gpio gpiochip3: (gpio-96-127): created GPIO range 0->7 ==> 44e10800.pinmux PIN 82->89
[    0.899052] gpio gpiochip3: (gpio-96-127): created GPIO range 8->11 ==> 44e10800.pinmux PIN 52->55
[    0.899070] gpio gpiochip3: (gpio-96-127): created GPIO range 12->15 ==> 44e10800.pinmux PIN 94->97
[    0.899086] gpio gpiochip3: (gpio-96-127): created GPIO range 16->17 ==> 44e10800.pinmux PIN 71->72
[    0.899108] gpio gpiochip3: (gpio-96-127): created GPIO range 18->18 ==> 44e10800.pinmux PIN 135->135
[    0.899125] gpio gpiochip3: (gpio-96-127): created GPIO range 19->20 ==> 44e10800.pinmux PIN 108->109
[    0.899142] gpio gpiochip3: (gpio-96-127): created GPIO range 21->21 ==> 44e10800.pinmux PIN 73->73
[    0.899160] gpio gpiochip3: (gpio-96-127): created GPIO range 22->23 ==> 44e10800.pinmux PIN 8->9
[    0.899177] gpio gpiochip3: (gpio-96-127): created GPIO range 26->27 ==> 44e10800.pinmux PIN 10->11
[    0.899195] gpio gpiochip3: (gpio-96-127): created GPIO range 28->28 ==> 44e10800.pinmux PIN 74->74
[    0.899213] gpio gpiochip3: (gpio-96-127): created GPIO range 29->29 ==> 44e10800.pinmux PIN 81->81
[    0.899231] gpio gpiochip3: (gpio-96-127): created GPIO range 30->31 ==> 44e10800.pinmux PIN 28->29
[    0.929127] gpio gpiochip3: (gpio-96-127): added GPIO chardev (254:3)
[    0.929358] gpio gpiochip3: registered GPIOs 608 to 639 on gpio-96-127
[    0.931401] omap8250 44e09000.serial: using DT '/ocp/interconnect@44c00000/segment@200000/target-module@9000/serial@0' for 'rs485-term' GPIO lookup
[    0.931473] of_get_named_gpiod_flags: can't parse 'rs485-term-gpios' property of node '/ocp/interconnect@44c00000/segment@200000/target-module@9000/serial@0[0]'
[    0.931519] of_get_named_gpiod_flags: can't parse 'rs485-term-gpio' property of node '/ocp/interconnect@44c00000/segment@200000/target-module@9000/serial@0[0]'
[    0.931556] omap8250 44e09000.serial: using lookup tables for GPIO lookup
[    0.931566] omap8250 44e09000.serial: No GPIO consumer rs485-term found
[    0.931577] omap8250 44e09000.serial: using DT '/ocp/interconnect@44c00000/segment@200000/target-module@9000/serial@0' for 'rs485-rx-during-tx' GPIO lookup
[    0.931612] of_get_named_gpiod_flags: can't parse 'rs485-rx-during-tx-gpios' property of node '/ocp/interconnect@44c00000/segment@200000/target-module@9000/serial@0[0]'
[    0.931650] of_get_named_gpiod_flags: can't parse 'rs485-rx-during-tx-gpio' property of node '/ocp/interconnect@44c00000/segment@200000/target-module@9000/serial@0[0]'
[    0.931682] omap8250 44e09000.serial: using lookup tables for GPIO lookup
[    0.931690] omap8250 44e09000.serial: No GPIO consumer rs485-rx-during-tx found
[    0.932159] 44e09000.serial: ttyS0 at MMIO 0x44e09000 (irq = 34, base_baud = 3000000) is a 8250
[    0.932251] printk: legacy console [ttyS0] enabled
[    2.442047] i2c i2c-0: using DT '/ocp/interconnect@44c00000/segment@200000/target-module@b000/i2c@0' for 'scl' GPIO lookup
[    2.442135] of_get_named_gpiod_flags: can't parse 'scl-gpios' property of node '/ocp/interconnect@44c00000/segment@200000/target-module@b000/i2c@0[0]'
[    2.442183] of_get_named_gpiod_flags: can't parse 'scl-gpio' property of node '/ocp/interconnect@44c00000/segment@200000/target-module@b000/i2c@0[0]'
[    2.442224] i2c i2c-0: using lookup tables for GPIO lookup
[    2.442238] i2c i2c-0: No GPIO consumer scl found
[    2.442263] i2c i2c-0: using DT '/ocp/interconnect@44c00000/segment@200000/target-module@b000/i2c@0' for 'sda' GPIO lookup
[    2.442301] of_get_named_gpiod_flags: can't parse 'sda-gpios' property of node '/ocp/interconnect@44c00000/segment@200000/target-module@b000/i2c@0[0]'
[    2.442342] of_get_named_gpiod_flags: can't parse 'sda-gpio' property of node '/ocp/interconnect@44c00000/segment@200000/target-module@b000/i2c@0[0]'
[    2.442378] i2c i2c-0: using lookup tables for GPIO lookup
[    2.442389] i2c i2c-0: No GPIO consumer sda found
[    2.462044] tps65217-pmic: Failed to locate of_node [id: -1]
[    2.468113] tps65217-bl: Failed to locate of_node [id: -1]
[    2.475575] platform tps65217-charger: DMA mask not set
[    2.482628] platform tps65217-pwrbutton: DMA mask not set
[    2.490402] tps65217 0-0024: TPS65217 ID 0xe version 1.2
[    2.496494] /ocp/interconnect@48000000/segment@300000/target-module@e000/lcdc@0: Fixed dependency cycle(s) with /ocp/interconnect@44c00000/segment@200000/target-module@b000/i2c@0/tda19988@70
[    2.513924] /ocp/interconnect@44c00000/segment@200000/target-module@b000/i2c@0/tda19988@70: Fixed dependency cycle(s) with /ocp/interconnect@48000000/segment@300000/target-module@e000/lcdc@0
[    2.531306] omap_i2c 44e0b000.i2c: bus 0 rev0.11 at 400 kHz
[    2.539154] sdhci-omap 48060000.mmc: using DT '/ocp/interconnect@48000000/segment@0/target-module@60000/mmc@0' for 'cd' GPIO lookup
[    2.539261] of_get_named_gpiod_flags: parsed 'cd-gpios' property of node '/ocp/interconnect@48000000/segment@0/target-module@60000/mmc@0[0]' - status (0)
[    2.539326] gpio gpiochip3: Persistence not supported for GPIO 6
[    2.539352] omap_gpio 44e07000.gpio: Could not set line 6 debounce to 200000 microseconds (-22)
[    2.548234] sdhci-omap 48060000.mmc: Got CD GPIO
[    2.552914] sdhci-omap 48060000.mmc: using DT '/ocp/interconnect@48000000/segment@0/target-module@60000/mmc@0' for 'wp' GPIO lookup
[    2.552965] of_get_named_gpiod_flags: can't parse 'wp-gpios' property of node '/ocp/interconnect@48000000/segment@0/target-module@60000/mmc@0[0]'
[    2.553009] of_get_named_gpiod_flags: can't parse 'wp-gpio' property of node '/ocp/interconnect@48000000/segment@0/target-module@60000/mmc@0[0]'
[    2.553048] sdhci-omap 48060000.mmc: using lookup tables for GPIO lookup
[    2.553062] sdhci-omap 48060000.mmc: No GPIO consumer wp found
[    2.553276] sdhci-omap 48060000.mmc: supply pbias not found, using dummy regulator
[    2.562224] sdhci-omap 481d8000.mmc: using DT '/ocp/interconnect@48000000/segment@100000/target-module@d8000/mmc@0' for 'wp' GPIO lookup
[    2.562300] of_get_named_gpiod_flags: can't parse 'wp-gpios' property of node '/ocp/interconnect@48000000/segment@100000/target-module@d8000/mmc@0[0]'
[    2.562347] of_get_named_gpiod_flags: can't parse 'wp-gpio' property of node '/ocp/interconnect@48000000/segment@100000/target-module@d8000/mmc@0[0]'
[    2.562388] sdhci-omap 481d8000.mmc: using lookup tables for GPIO lookup
[    2.562401] sdhci-omap 481d8000.mmc: No GPIO consumer wp found
[    2.563522] sdhci-omap 48060000.mmc: supply vqmmc not found, using dummy regulator
[    2.572733] sdhci-omap 481d8000.mmc: supply pbias not found, using dummy regulator
[    2.580886] sdhci-omap 481d8000.mmc: supply vqmmc not found, using dummy regulator
[    2.620318] mmc1: SDHCI controller on 481d8000.mmc [481d8000.mmc] using External DMA
[    2.628764] mmc0: SDHCI controller on 48060000.mmc [48060000.mmc] using External DMA
[    2.637591] cpsw-switch 4a100000.switch: starting ndev. mode: dual_mac
[    2.701410] mmc1: new high speed MMC card at address 0001
[    2.708238] mmcblk1: mmc1:0001 MMC04G 3.60 GiB
[    2.716089]  mmcblk1: p1 p2
[    2.719875] SMSC LAN8710/LAN8720 4a101000.mdio:00: attached PHY driver (mii_bus:phy_addr=4a101000.mdio:00, irq=POLL)
[    2.732497] mmcblk1boot0: mmc1:0001 MMC04G 2.00 MiB
[    2.746397] mmcblk1boot1: mmc1:0001 MMC04G 2.00 MiB
[    2.755304] mmcblk1rpmb: mmc1:0001 MMC04G 128 KiB, chardev (249:0)
[    2.804617] mmc0: new high speed SDHC card at address aaaa
[    2.811544] mmcblk0: mmc0:aaaa SE32G 29.7 GiB
[    2.820559]  mmcblk0: p1 p2
[    5.841873] cpsw-switch 4a100000.switch eth0: Link is Up - 100Mbps/Full - flow control off
[    5.881350] IP-Config: Complete:
[    5.884626]      device=eth0, hwaddr=6c:ec:eb:68:de:78, ipaddr=192.168.255.1, mask=255.255.255.0, gw=255.255.255.255
[    5.895293]      host=bbb1, domain=, nis-domain=(none)
[    5.900461]      bootserver=192.168.255.126, rootserver=192.168.255.126, rootpath=
[    5.900893] clk: Disabling unused clocks
[    5.912724] PM: genpd: Disabling unused power domains
[    5.917894] KTAP version 1
[    5.920618] 1..0
[    5.923258] check access for rdinit=/init failed: -2, ignoring
[    5.957189] VFS: Mounted root (nfs filesystem) on device 0:17.
[    5.964546] devtmpfs: mounted
[    5.969064] Freeing unused kernel image (initmem) memory: 1024K
[    5.975825] Run /sbin/init as init process
[    5.979953]   with arguments:
[    5.979965]     /sbin/init
[    5.979974]     nfsrootdebug
[    5.979984]   with environment:
[    5.979992]     HOME=/
[    5.980000]     TERM=linux
[    6.708304] systemd[1]: System time before build time, advancing clock.
[    8.251113] random: crng init done
[    8.283859] systemd[1]: systemd 232 running in system mode. (+PAM +AUDIT +SELINUX +IMA +APPARMOR +SMACK +SYSVINIT +UTMP +LIBCRYPTSETUP +GCRYPT +GNUTLS +ACL +XZ +LZ4 +SECCOMP +BLKID +ELFUTILS +KMOD +IDN)
[    8.303049] systemd[1]: Detected architecture arm.
[    8.334478] systemd[1]: Set hostname to <arm>.
[    9.501826] systemd[1]: Started Forward Password Requests to Wall Directory Watch.
[    9.535357] systemd[1]: systemd-journald-dev-log.socket: SO_PASSSEC failed: Operation not supported
[    9.545058] systemd[1]: Listening on Journal Socket (/dev/log).
[    9.572045] systemd[1]: Started Dispatch Password Requests to Console Directory Watch.
[    9.601493] systemd[1]: Reached target Paths.
[    9.621427] systemd[1]: Reached target Encrypted Volumes.
[    9.651655] systemd[1]: syslog.socket: SO_PASSSEC failed: Operation not supported
[   12.154757] systemd-journald[106]: Received request to flush runtime journal from PID 1
[   12.641550] omap_prm 44e00d00.prm: sync_state() pending due to 44d00000.cpu
[   14.785975] leds-gpio leds: using DT '/leds/led2' for '(default)' GPIO lookup
[   14.786080] of_get_named_gpiod_flags: parsed 'gpios' property of node '/leds/led2[0]' - status (0)
[   14.786138] gpio gpiochip0: Persistence not supported for GPIO 21
[   14.786154] gpio-533 (?): no flags found for GPIO (default)
[   14.806928] leds-gpio leds: using DT '/leds/led3' for '(default)' GPIO lookup
[   14.807204] of_get_named_gpiod_flags: parsed 'gpios' property of node '/leds/led3[0]' - status (0)
[   14.807273] gpio gpiochip0: Persistence not supported for GPIO 22
[   14.807288] gpio-534 (?): no flags found for GPIO (default)
[   14.821744] leds-gpio leds: using DT '/leds/led4' for '(default)' GPIO lookup
[   14.821845] of_get_named_gpiod_flags: parsed 'gpios' property of node '/leds/led4[0]' - status (0)
[   14.821897] gpio gpiochip0: Persistence not supported for GPIO 23
[   14.821912] gpio-535 (?): no flags found for GPIO (default)
[   14.881483] leds-gpio leds: using DT '/leds/led5' for '(default)' GPIO lookup
[   14.881588] of_get_named_gpiod_flags: parsed 'gpios' property of node '/leds/led5[0]' - status (0)
[   14.881639] gpio gpiochip0: Persistence not supported for GPIO 24
[   14.881653] gpio-536 (?): no flags found for GPIO (default)
[   15.290715] remoteproc remoteproc0: wkup_m3 is available
[   15.489524] at24 2-0054: supply vcc not found, using dummy regulator
[   15.648345] at24 2-0055: supply vcc not found, using dummy regulator
[   15.668145] omap_wdt: OMAP Watchdog Timer Rev 0x01: initial timeout 60 sec
[   15.748247] at24 2-0056: supply vcc not found, using dummy regulator
[   15.852162] at24 2-0057: supply vcc not found, using dummy regulator
[   15.953393] am335x-phy-driver 47401300.usb-phy: using DT '/ocp/target-module@47400000/usb-phy@1300' for 'reset' GPIO lookup
[   15.953490] of_get_named_gpiod_flags: can't parse 'reset-gpios' property of node '/ocp/target-module@47400000/usb-phy@1300[0]'
[   15.953535] of_get_named_gpiod_flags: can't parse 'reset-gpio' property of node '/ocp/target-module@47400000/usb-phy@1300[0]'
[   15.953574] am335x-phy-driver 47401300.usb-phy: using lookup tables for GPIO lookup
[   15.953589] am335x-phy-driver 47401300.usb-phy: No GPIO consumer reset found
[   15.953604] am335x-phy-driver 47401300.usb-phy: using DT '/ocp/target-module@47400000/usb-phy@1300' for 'vbus-detect' GPIO lookup
[   15.953635] of_get_named_gpiod_flags: can't parse 'vbus-detect-gpios' property of node '/ocp/target-module@47400000/usb-phy@1300[0]'
[   15.953667] of_get_named_gpiod_flags: can't parse 'vbus-detect-gpio' property of node '/ocp/target-module@47400000/usb-phy@1300[0]'
[   15.953694] am335x-phy-driver 47401300.usb-phy: using lookup tables for GPIO lookup
[   15.953706] am335x-phy-driver 47401300.usb-phy: No GPIO consumer vbus-detect found
[   15.953855] am335x-phy-driver 47401300.usb-phy: dummy supplies not allowed for exclusive requests (id=vbus)
[   16.001519] at24 0-0050: using DT '/ocp/interconnect@44c00000/segment@200000/target-module@b000/i2c@0/eeprom@50' for 'wp' GPIO lookup
[   16.001629] of_get_named_gpiod_flags: can't parse 'wp-gpios' property of node '/ocp/interconnect@44c00000/segment@200000/target-module@b000/i2c@0/eeprom@50[0]'
[   16.001687] of_get_named_gpiod_flags: can't parse 'wp-gpio' property of node '/ocp/interconnect@44c00000/segment@200000/target-module@b000/i2c@0/eeprom@50[0]'
[   16.001736] at24 0-0050: using lookup tables for GPIO lookup
[   16.001751] at24 0-0050: No GPIO consumer wp found
[   16.002041] at24 0-0050: 4096 byte 24c32 EEPROM, writable, 1 bytes/write
[   16.097705] am335x-phy-driver 47401b00.usb-phy: using DT '/ocp/target-module@47400000/usb-phy@1b00' for 'reset' GPIO lookup
[   16.097798] of_get_named_gpiod_flags: can't parse 'reset-gpios' property of node '/ocp/target-module@47400000/usb-phy@1b00[0]'
[   16.097844] of_get_named_gpiod_flags: can't parse 'reset-gpio' property of node '/ocp/target-module@47400000/usb-phy@1b00[0]'
[   16.097882] am335x-phy-driver 47401b00.usb-phy: using lookup tables for GPIO lookup
[   16.097897] am335x-phy-driver 47401b00.usb-phy: No GPIO consumer reset found
[   16.097912] am335x-phy-driver 47401b00.usb-phy: using DT '/ocp/target-module@47400000/usb-phy@1b00' for 'vbus-detect' GPIO lookup
[   16.097944] of_get_named_gpiod_flags: can't parse 'vbus-detect-gpios' property of node '/ocp/target-module@47400000/usb-phy@1b00[0]'
[   16.097976] of_get_named_gpiod_flags: can't parse 'vbus-detect-gpio' property of node '/ocp/target-module@47400000/usb-phy@1b00[0]'
[   16.098003] am335x-phy-driver 47401b00.usb-phy: using lookup tables for GPIO lookup
[   16.098014] am335x-phy-driver 47401b00.usb-phy: No GPIO consumer vbus-detect found
[   16.098163] am335x-phy-driver 47401b00.usb-phy: dummy supplies not allowed for exclusive requests (id=vbus)
[   16.354349] omap_rtc 44e3e000.rtc: registered as rtc0
[   16.359822] omap_rtc 44e3e000.rtc: setting system clock to 2000-01-01T00:00:00 UTC (946684800)
[   16.368724] omap_rtc 44e3e000.rtc: using DT '/ocp/interconnect@44c00000/segment@200000/target-module@3e000/rtc@0' for 'wp' GPIO lookup
[   16.368809] of_get_named_gpiod_flags: can't parse 'wp-gpios' property of node '/ocp/interconnect@44c00000/segment@200000/target-module@3e000/rtc@0[0]'
[   16.368864] of_get_named_gpiod_flags: can't parse 'wp-gpio' property of node '/ocp/interconnect@44c00000/segment@200000/target-module@3e000/rtc@0[0]'
[   16.368906] omap_rtc 44e3e000.rtc: using lookup tables for GPIO lookup
[   16.368921] omap_rtc 44e3e000.rtc: No GPIO consumer wp found
[   16.466577] input: tps65217_pwrbutton as /devices/platform/ocp/44c00000.interconnect/44c00000.interconnect:segment@200000/44e0b000.target-module/44e0b000.i2c/i2c-0/0-0024/tps65217-pwrbutton/input/input0
[   17.227423] usbcore: registered new interface driver usbfs
[   17.233324] usbcore: registered new interface driver hub
[   17.238794] usbcore: registered new device driver usb
[   18.288128] musb-hdrc musb-hdrc.1: MUSB HDRC host driver
[   18.293722] musb-hdrc musb-hdrc.1: new USB bus registered, assigned bus number 1
[   18.333334] tda998x 0-0070: found TDA19988
[   18.466893] omap-mailbox 480c8000.mailbox: omap mailbox rev 0x400
[   18.520592] remoteproc remoteproc0: powering up wkup_m3
[   18.605426] usb usb1: New USB device found, idVendor=1d6b, idProduct=0002, bcdDevice= 6.18
[   18.613998] usb usb1: New USB device strings: Mfr=3, Product=2, SerialNumber=1
[   18.621329] usb usb1: Product: MUSB HDRC host driver
[   18.626323] usb usb1: Manufacturer: Linux 6.18.0-rc6-next-20251117 musb-hcd
[   18.633366] usb usb1: SerialNumber: musb-hdrc.1
[   18.911864] remoteproc remoteproc0: Direct firmware load for am335x-pm-firmware.elf failed with error -2
[   18.921699] remoteproc remoteproc0: request_firmware failed: -2
[   18.927665] wkup_m3_ipc 44e11324.wkup_m3_ipc: rproc_boot failed
[   19.097949] hub 1-0:1.0: USB hub found
[   19.186971] hub 1-0:1.0: 1 port detected
[   22.239004] omap_rng 48310000.rng: Random Number Generator ver. 20
[   22.382790] tilcdc 4830e000.lcdc: bound 0-0070 (ops tda998x_driver_exit [tda998x])
[   22.447692] [drm] Initialized tilcdc 1.0.0 for 4830e000.lcdc on minor 0
[   22.518737] tilcdc 4830e000.lcdc: [drm] Cannot find any crtc or sizes
[   22.534815] tilcdc 4830e000.lcdc: [drm] Cannot find any crtc or sizes
[   22.834673] ------------[ cut here ]------------
[   22.839370] WARNING: net/8021q/vlan_core.c:236 at vlan_for_each+0x114/0x134, CPU#0: avahi-daemon/223
[   22.848768] RTNL: assertion failed at net/8021q/vlan_core.c (236)
[   22.854932] Modules linked in: tilcdc omap_rng drm_dma_helper rng_core drm_client_lib snd_soc_davinci_mcasp snd_soc_ti_udma snd_soc_ti_edma snd_soc_ti_sdma snd_soc_core snd_pcm_dmaengine snd_pcm omap_mailbox snd_timer musb_dsps snd tda998x musb_hdrc cec soundcore udc_core drm_kms_helper usbcore drm wkup_m3_ipc tps65218_pwrbutton rtc_omap phy_am335x phy_am335x_control omap_wdt drm_panel_orientation_quirks phy_generic watchdog at24 cppi41 usb_common wkup_m3_rproc leds_gpio cpufreq_dt led_class autofs4
[   22.899658] CPU: 0 UID: 107 PID: 223 Comm: avahi-daemon Not tainted 6.18.0-rc6-next-20251117 #1 NONE 
[   22.899676] Hardware name: Generic AM33XX (Flattened Device Tree)
[   22.899686] Call trace: 
[   22.899702]  unwind_backtrace from show_stack+0x10/0x14
[   22.899739]  show_stack from dump_stack_lvl+0x50/0x64
[   22.899764]  dump_stack_lvl from __warn+0x88/0x148
[   22.899782]  __warn from warn_slowpath_fmt+0x19c/0x1b0
[   22.899795]  warn_slowpath_fmt from vlan_for_each+0x114/0x134
[   22.899812]  vlan_for_each from cpsw_add_mc_addr+0x40/0xa4
[   22.899844]  cpsw_add_mc_addr from __hw_addr_ref_sync_dev+0x108/0x140
[   22.899871]  __hw_addr_ref_sync_dev from __dev_mc_add+0x7c/0x80
[   22.899889]  __dev_mc_add from igmp6_group_added+0xc8/0xe0
[   22.899910]  igmp6_group_added from __ipv6_dev_mc_inc+0x218/0x364
[   22.899923]  __ipv6_dev_mc_inc from __ipv6_sock_mc_join+0x11c/0x1c0
[   22.899937]  __ipv6_sock_mc_join from do_ipv6_setsockopt+0x1214/0x1310
[   22.899961]  do_ipv6_setsockopt from ipv6_setsockopt+0x60/0xcc
[   22.899979]  ipv6_setsockopt from udpv6_setsockopt+0x2c/0x6c
[   22.899999]  udpv6_setsockopt from sock_common_setsockopt+0x30/0x40
[   22.900024]  sock_common_setsockopt from do_sock_setsockopt+0x50/0x9c
[   22.900058]  do_sock_setsockopt from __sys_setsockopt+0x70/0xbc
[   22.900078]  __sys_setsockopt from ret_fast_syscall+0x0/0x58
[   22.900093] Exception stack(0xe015dfa8 to 0xe015dff0)
[   22.900108] dfa0:                   00000014 b6f3ece8 0000000d 00000029 00000014 bec239ec
[   22.900119] dfc0: 00000014 b6f3ece8 00000014 00000126 0000000d b6ee7ff4 0047e988 00466558
[   22.900128] dfe0: b6efd088 bec239d8 b6eda309 b6db141a
[   22.900136] ---[ end trace 0000000000000000 ]---
[   23.784444] PM: Cannot get wkup_m3_ipc handle
[   23.845181] omap-sham 53100000.sham: hw accel on OMAP rev 4.3
[   23.986335] omap-aes 53500000.aes: OMAP AES hw accel rev: 3.2
[   24.054102] omap-sham 53100000.sham: will run requests pump with realtime priority
[   24.062828] PM: Cannot get wkup_m3_ipc handle
[   24.153852] omap-aes 53500000.aes: will run requests pump with realtime priority
[   24.162379] PM: Cannot get wkup_m3_ipc handle
[   26.774550] Bluetooth: Core ver 2.22
[   26.778370] NET: Registered PF_BLUETOOTH protocol family
[   26.783925] Bluetooth: HCI device and connection manager initialized
[   26.790346] Bluetooth: HCI socket layer initialized
[   26.795341] Bluetooth: L2CAP socket layer initialized
[   26.800452] Bluetooth: SCO socket layer initialized
[   27.561749] tda998x 0-0070: using DT '/ocp/interconnect@44c00000/segment@200000/target-module@b000/i2c@0/tda19988@70' for 'nxp,calib' GPIO lookup
[   27.561889] of_get_named_gpiod_flags: parsed 'nxp,calib-gpios' property of node '/ocp/interconnect@44c00000/segment@200000/target-module@b000/i2c@0/tda19988@70[0]' - status (0)
[   27.561971] gpio gpiochip0: Persistence not supported for GPIO 25
[   27.561987] gpio-537 (nxp,calib): no flags found for GPIO nxp,calib
[   27.568485] gpio-537 (nxp,calib): gpiod_direction_output_nonotify: tried to set a GPIO tied to an IRQ as output
[   27.611685] PM: Cannot get wkup_m3_ipc handle
[   27.617476] asoc-simple-card sound: using DT '/sound' for 'simple-audio-card,hp-det' GPIO lookup
[   27.617548] of_get_named_gpiod_flags: can't parse 'simple-audio-card,hp-det-gpios' property of node '/sound[0]'
[   27.617584] of_get_named_gpiod_flags: can't parse 'simple-audio-card,hp-det-gpio' property of node '/sound[0]'
[   27.617609] asoc-simple-card sound: using lookup tables for GPIO lookup
[   27.617623] asoc-simple-card sound: No GPIO consumer simple-audio-card,hp-det found
[   27.617637] asoc-simple-card sound: using DT '/sound' for 'simple-audio-card,mic-det' GPIO lookup
[   27.617661] of_get_named_gpiod_flags: can't parse 'simple-audio-card,mic-det-gpios' property of node '/sound[0]'
[   27.617688] of_get_named_gpiod_flags: can't parse 'simple-audio-card,mic-det-gpio' property of node '/sound[0]'
[   27.617708] asoc-simple-card sound: using lookup tables for GPIO lookup
[   27.617719] asoc-simple-card sound: No GPIO consumer simple-audio-card,mic-det found
[   27.727993] PM: Cannot get wkup_m3_ipc handle
[   27.897016] tda9950 0-0034: TDA9950 CEC interface, hardware version 3.3
[   27.986776] PM: Cannot get wkup_m3_ipc handle
[   30.013770] userial_init: registered 8 ttyGS* devices
[   30.276234] rndis_register: configNr = 0
[   30.357592] udc musb-hdrc.0: binding gadget driver [g_multi]
[   30.357698] configfs-gadget.g_multi gadget.0: adding 'rndis'/b99e77be to config 'c'/22705317
[   30.358898] configfs-gadget.g_multi gadget.0: HOST MAC 1c:ba:8c:a2:ed:6c
[   30.365884] configfs-gadget.g_multi gadget.0: MAC 1c:ba:8c:a2:ed:70
[   30.372275] rndis_set_param_medium: 0 0
[   30.372298] configfs-gadget.g_multi gadget.0: RNDIS: IN/ep1in OUT/ep1out NOTIFY/ep2in
[   30.372315] configfs-gadget.g_multi gadget.0: adding 'cdc_ethernet'/1ccd88a9 to config 'c'/22705317
[   30.373231] configfs-gadget.g_multi gadget.0: HOST MAC 1c:ba:8c:a2:ed:6c
[   30.379992] configfs-gadget.g_multi gadget.0: MAC 1c:ba:8c:a2:ed:6d
[   30.386442] configfs-gadget.g_multi gadget.0: CDC Ethernet: IN/ep3in OUT/ep2out NOTIFY/ep4in
[   30.386463] configfs-gadget.g_multi gadget.0: adding 'acm'/c4da0048 to config 'c'/22705317
[   30.386511] configfs-gadget.g_multi gadget.0: acm ttyGS0: IN/ep5in OUT/ep3out NOTIFY/ep6in
[   30.388556] PM: Cannot get wkup_m3_ipc handle
[   31.711028] configfs-gadget.g_multi gadget.0: eth_open
[   36.727754] gs_open: ttyGS0 (282966fb,9dbcbba9)
[   36.727910] gs_close: ttyGS0 (282966fb,9dbcbba9) ...
[   36.727933] gs_close: ttyGS0 (282966fb,9dbcbba9) done!
[   36.750166] gs_open: ttyGS0 (971dee96,5187c7fd)
[   36.750301] gs_close: ttyGS0 (971dee96,5187c7fd) ...
[   36.750324] gs_close: ttyGS0 (971dee96,5187c7fd) done!
[   36.907760] gs_open: ttyGS0 (a219da92,f6a142fa)
[   36.907992] gs_close: ttyGS0 (a219da92,f6a142fa) ...
[   36.908018] gs_close: ttyGS0 (a219da92,f6a142fa) done!
[   36.908362] gs_open: ttyGS0 (a219da92,f6a142fa)
XFGPSYQGPJ 0
root@arm:~# echo 'GFTZ''FVTMLV'
GFTZFVTMLV
root@arm:~# MARKER='BGBL''TWMALL' run 'modprobe test_linear_ranges'
BGBLTWMALLBGBLTWMALL 0
root@arm:~# echo 'PMAM''KWFTVG'
PMAMKWFTVG
root@arm:~# MARKER='YVEE''VGCZNT' run dmesg
YVEEVGCZNT[    0.000000] Booting Linux on physical CPU 0x0
[    0.000000] Linux version 6.18.0-rc6-next-20251117 (user01@drvtest01) (arm-none-eabi-gcc (Arm GNU Toolchain 14.2.Rel1 (Build arm-14.52)) 14.2.1 20241119, GNU ld (Arm GNU Toolchain 14.2.Rel1 (Build arm-14.52)) 2.43.1.20241119) #1 SMP Mon Nov 17 11:35:42 EET 2025
[    0.000000] CPU: ARMv7 Processor [413fc082] revision 2 (ARMv7), cr=10c5387d
[    0.000000] CPU: PIPT / VIPT nonaliasing data cache, VIPT aliasing instruction cache
[    0.000000] OF: fdt: Machine model: TI AM335x BeagleBone Black
[    0.000000] Memory policy: Data cache writeback
[    0.000000] cma: Reserved 16 MiB at 0x9e800000
[    0.000000] Zone ranges:
[    0.000000]   Normal   [mem 0x0000000080000000-0x000000009fdfffff]
[    0.000000]   HighMem  empty
[    0.000000] Movable zone start for each node
[    0.000000] Early memory node ranges
[    0.000000]   node   0: [mem 0x0000000080000000-0x000000009fdfffff]
[    0.000000] Initmem setup node 0 [mem 0x0000000080000000-0x000000009fdfffff]
[    0.000000] On node 0, zone Normal: 512 pages in unavailable ranges
[    0.000000] OF: reserved mem: Reserved memory: No reserved-memory node in the DT
[    0.000000] CPU: All CPU(s) started in SVC mode.
[    0.000000] AM335X ES2.1 (sgx neon)
[    0.000000] percpu: Embedded 17 pages/cpu s39948 r8192 d21492 u69632
[    0.000000] pcpu-alloc: s39948 r8192 d21492 u69632 alloc=17*4096
[    0.000000] pcpu-alloc: [0] 0 
[    0.000000] Kernel command line: console=ttyO0,115200n8 root=/dev/nfs rw nfsroot=192.168.255.126:/home/user01/nfs,nfsvers=3 ip=192.168.255.1:192.168.255.126::255.255.255.0:bbb1:eth0 nfsrootdebug
[    0.000000] Unknown kernel command line parameters "nfsrootdebug", will be passed to user space.
[    0.000000] printk: log buffer data + meta data: 65536 + 204800 = 270336 bytes
[    0.000000] Dentry cache hash table entries: 65536 (order: 6, 262144 bytes, linear)
[    0.000000] Inode-cache hash table entries: 32768 (order: 5, 131072 bytes, linear)
[    0.000000] Built 1 zonelists, mobility grouping on.  Total pages: 130560
[    0.000000] mem auto-init: stack:off, heap alloc:off, heap free:off
[    0.000000] SLUB: HWalign=16, Order=0-3, MinObjects=0, CPUs=1, Nodes=1
[    0.000000] rcu: Hierarchical RCU implementation.
[    0.000000] rcu: 	RCU event tracing is enabled.
[    0.000000] rcu: 	RCU restricting CPUs from NR_CPUS=2 to nr_cpu_ids=1.
[    0.000000] 	Tracing variant of Tasks RCU enabled.
[    0.000000] rcu: RCU calculated value of scheduler-enlistment delay is 10 jiffies.
[    0.000000] rcu: Adjusting geometry for rcu_fanout_leaf=16, nr_cpu_ids=1
[    0.000000] RCU Tasks Trace: Setting shift to 0 and lim to 1 rcu_task_cb_adjust=1 rcu_task_cpu_ids=1.
[    0.000000] NR_IRQS: 16, nr_irqs: 16, preallocated irqs: 16
[    0.000000] IRQ: Found an INTC at 0x(ptrval) (revision 5.0) with 128 interrupts
[    0.000000] rcu: srcu_init: Setting srcu_struct sizes based on contention.
[    0.000000] TI gptimer clocksource: always-on /ocp/interconnect@44c00000/segment@200000/target-module@31000
[    0.000002] sched_clock: 32 bits at 24MHz, resolution 41ns, wraps every 89478484971ns
[    0.000027] clocksource: dmtimer: mask: 0xffffffff max_cycles: 0xffffffff, max_idle_ns: 79635851949 ns
[    0.000501] TI gptimer clockevent: 24000000 Hz at /ocp/interconnect@48000000/segment@0/target-module@40000
[    0.002061] Console: colour dummy device 80x30
[    0.002127] WARNING: Your 'console=ttyO0' has been replaced by 'ttyS0'
[    0.002135] This ensures that you still see kernel messages. Please
[    0.002139] update your kernel commandline.
[    0.002182] Calibrating delay loop... 996.14 BogoMIPS (lpj=4980736)
[    0.090614] CPU: Testing write buffer coherency: ok
[    0.090698] CPU0: Spectre v2: using BPIALL workaround
[    0.090708] pid_max: default: 32768 minimum: 301
[    0.091011] Mount-cache hash table entries: 1024 (order: 0, 4096 bytes, linear)
[    0.091032] Mountpoint-cache hash table entries: 1024 (order: 0, 4096 bytes, linear)
[    0.092644] CPU0: thread -1, cpu 0, socket -1, mpidr 0
[    0.092702] cacheinfo: Unable to detect cache hierarchy for CPU 0
[    0.094747] Setting up static identity map for 0x80100000 - 0x80100078
[    0.095069] rcu: Hierarchical SRCU implementation.
[    0.095078] rcu: 	Max phase no-delay instances is 1000.
[    0.096821] smp: Bringing up secondary CPUs ...
[    0.096874] smp: Brought up 1 node, 1 CPU
[    0.096886] SMP: Total of 1 processors activated (996.14 BogoMIPS).
[    0.096897] CPU: All CPU(s) started in SVC mode.
[    0.097149] Memory: 479964K/522240K available (12288K kernel code, 1230K rwdata, 2952K rodata, 1024K init, 256K bss, 24364K reserved, 16384K cma-reserved, 0K highmem)
[    0.098015] devtmpfs: initialized
[    0.115498] VFP support v0.3: implementor 41 architecture 3 part 30 variant c rev 3
[    0.116168] clocksource: jiffies: mask: 0xffffffff max_cycles: 0xffffffff, max_idle_ns: 19112604462750000 ns
[    0.116225] posixtimers hash table entries: 512 (order: 0, 4096 bytes, linear)
[    0.116250] futex hash table entries: 256 (16384 bytes on 1 NUMA nodes, total 16 KiB, linear).
[    0.119437] NET: Registered PF_NETLINK/PF_ROUTE protocol family
[    0.122570] DMA: preallocated 256 KiB pool for atomic coherent allocations
[    0.123545] audit: initializing netlink subsys (disabled)
[    0.124927] thermal_sys: Registered thermal governor 'fair_share'
[    0.124941] thermal_sys: Registered thermal governor 'step_wise'
[    0.124950] thermal_sys: Registered thermal governor 'user_space'
[    0.125059] audit: type=2000 audit(0.120:1): state=initialized audit_enabled=0 res=1
[    0.125128] cpuidle: using governor menu
[    0.143255] /ocp/interconnect@44c00000/segment@200000/target-module@b000/i2c@0/tda19988@70: Fixed dependency cycle(s) with /ocp/interconnect@48000000/segment@300000/target-module@e000/lcdc@0
[    0.144334] /ocp/interconnect@48000000/segment@300000/target-module@e000/lcdc@0: Fixed dependency cycle(s) with /ocp/interconnect@44c00000/segment@200000/target-module@b000/i2c@0/tda19988@70
[    0.146527] No ATAGs?
[    0.146562] hw-breakpoint: debug architecture 0x4 unsupported.
[    0.149195] kprobes: kprobe jump-optimization is enabled. All kprobes are optimized if possible.
[    0.164088] iommu: Default domain type: Translated
[    0.164111] iommu: DMA domain TLB invalidation policy: strict mode
[    0.165680] reg-fixed-voltage fixedregulator0: using DT '/fixedregulator0' for '(default)' GPIO lookup
[    0.165732] of_get_named_gpiod_flags: can't parse 'gpios' property of node '/fixedregulator0[0]'
[    0.165761] of_get_named_gpiod_flags: can't parse 'gpio' property of node '/fixedregulator0[0]'
[    0.165780] reg-fixed-voltage fixedregulator0: using lookup tables for GPIO lookup
[    0.165790] reg-fixed-voltage fixedregulator0: No GPIO consumer (default) found
[    0.166890] SCSI subsystem initialized
[    0.167351] libata version 3.00 loaded.
[    0.167730] pps_core: LinuxPPS API ver. 1 registered
[    0.167741] pps_core: Software ver. 5.3.6 - Copyright 2005-2007 Rodolfo Giometti <giometti@linux.it>
[    0.167766] PTP clock support registered
[    0.180705] vgaarb: loaded
[    0.181125] clocksource: Switched to clocksource dmtimer
[    0.181735] VFS: Disk quotas dquot_6.6.0
[    0.181795] VFS: Dquot-cache hash table entries: 1024 (order 0, 4096 bytes)
[    0.205600] NET: Registered PF_INET protocol family
[    0.205944] IP idents hash table entries: 8192 (order: 4, 65536 bytes, linear)
[    0.207403] tcp_listen_portaddr_hash hash table entries: 512 (order: 0, 4096 bytes, linear)
[    0.207440] Table-perturb hash table entries: 65536 (order: 6, 262144 bytes, linear)
[    0.207458] TCP established hash table entries: 4096 (order: 2, 16384 bytes, linear)
[    0.207504] TCP bind hash table entries: 4096 (order: 4, 65536 bytes, linear)
[    0.207605] TCP: Hash tables configured (established 4096 bind 4096)
[    0.207731] UDP hash table entries: 256 (order: 2, 14336 bytes, linear)
[    0.207764] UDP-Lite hash table entries: 256 (order: 2, 14336 bytes, linear)
[    0.207970] NET: Registered PF_UNIX/PF_LOCAL protocol family
[    0.209278] RPC: Registered named UNIX socket transport module.
[    0.209298] RPC: Registered udp transport module.
[    0.209304] RPC: Registered tcp transport module.
[    0.209309] RPC: Registered tcp-with-tls transport module.
[    0.209313] RPC: Registered tcp NFSv4.1 backchannel transport module.
[    0.209339] PCI: CLS 0 bytes, default 64
[    0.210775] Initialise system trusted keyrings
[    0.221871] workingset: timestamp_bits=14 max_order=17 bucket_order=3
[    0.223358] NFS: Registering the id_resolver key type
[    0.223419] Key type id_resolver registered
[    0.223427] Key type id_legacy registered
[    0.223537] jffs2: version 2.2. (NAND) (SUMMARY)  Â© 2001-2006 Red Hat, Inc.
[    0.224091] Key type asymmetric registered
[    0.224105] Asymmetric key parser 'x509' registered
[    0.224179] io scheduler mq-deadline registered
[    0.224189] io scheduler kyber registered
[    0.224274] io scheduler bfq registered
[    0.226087] target-module@4b000000:target-module@140000:pmu@0:fck: device ID is greater than 24
[    0.227263] ledtrig-cpu: registered to indicate activity on CPUs
[    0.241975] Serial: 8250/16550 driver, 6 ports, IRQ sharing enabled
[    0.287099] brd: module loaded
[    0.305836] loop: module loaded
[    0.306748] mtdoops: mtd device (mtddev=name/number) must be supplied
[    0.308295] mdio_bus fixed-0: using lookup tables for GPIO lookup
[    0.308320] mdio_bus fixed-0: No GPIO consumer reset found
[    0.309739] i2c_dev: i2c /dev entries driver
[    0.310767] cpuidle: enable-method property 'ti,am3352' found operations
[    0.311400] sdhci: Secure Digital Host Controller Interface driver
[    0.311411] sdhci: Copyright(c) Pierre Ossman
[    0.311616] sdhci-pltfm: SDHCI platform and OF driver helper
[    0.326575] hw perfevents: enabled with armv7_cortex_a8 PMU driver, 5 (8000000f) counters available
[    0.327121] Initializing XFRM netlink socket
[    0.327292] NET: Registered PF_INET6 protocol family
[    0.329342] Segment Routing with IPv6
[    0.329426] In-situ OAM (IOAM) with IPv6
[    0.329524] sit: IPv6, IPv4 and MPLS over IPv4 tunneling driver
[    0.330487] NET: Registered PF_PACKET protocol family
[    0.330502] PFKEY is deprecated and scheduled to be removed in 2027, please contact the netdev mailing list
[    0.330518] NET: Registered PF_KEY protocol family
[    0.330651] Key type dns_resolver registered
[    0.330879] ThumbEE CPU extension supported.
[    0.330900] Registering SWP/SWPB emulation handler
[    0.331653] omap_voltage_late_init: Voltage driver support not added
[    0.332377] SmartReflex Class3 initialized
[    0.364365] Loading compiled-in X.509 certificates
[    0.394301] /ocp/interconnect@44c00000/segment@200000/target-module@b000/i2c@0/tda19988@70: Fixed dependency cycle(s) with /ocp/interconnect@48000000/segment@300000/target-module@e000/lcdc@0
[    0.400703] /ocp/interconnect@44c00000/segment@200000/target-module@b000/i2c@0/tda19988@70: Fixed dependency cycle(s) with /ocp/interconnect@48000000/segment@300000/target-module@e000/lcdc@0
[    0.406390] gpiochip_find_base_unlocked: found new base at 512
[    0.442311] /ocp/interconnect@44c00000/segment@200000/target-module@b000/i2c@0/tda19988@70: Fixed dependency cycle(s) with /ocp/interconnect@48000000/segment@300000/target-module@e000/lcdc@0
[    0.443236] /ocp/interconnect@44c00000/segment@200000/target-module@b000/i2c@0/tda19988@70: Fixed dependency cycle(s) with /ocp/interconnect@48000000/segment@300000/target-module@e000/lcdc@0
[    0.446754] /ocp/interconnect@44c00000/segment@200000/target-module@10000/scm@0/pinmux@800: Fixed dependency cycle(s) with /ocp/interconnect@44c00000/segment@200000/target-module@10000/scm@0/pinmux@800/clkout2-pins
[    0.447345] pinctrl-single 44e10800.pinmux: 142 pins, size 568
[    0.479497] /ocp/interconnect@48000000/segment@300000/target-module@e000/lcdc@0: Fixed dependency cycle(s) with /ocp/interconnect@44c00000/segment@200000/target-module@b000/i2c@0/tda19988@70
[    0.499462] gpiochip_find_base_unlocked: found new base at 512
[    0.499563] gpio gpiochip0: (gpio-0-31): created GPIO range 0->7 ==> 44e10800.pinmux PIN 0->7
[    0.499583] gpio gpiochip0: (gpio-0-31): created GPIO range 8->11 ==> 44e10800.pinmux PIN 90->93
[    0.499599] gpio gpiochip0: (gpio-0-31): created GPIO range 12->27 ==> 44e10800.pinmux PIN 12->27
[    0.499615] gpio gpiochip0: (gpio-0-31): created GPIO range 28->31 ==> 44e10800.pinmux PIN 30->33
[    0.527341] gpio gpiochip0: (gpio-0-31): added GPIO chardev (254:0)
[    0.527579] gpio gpiochip0: registered GPIOs 512 to 543 on gpio-0-31
[    0.527666] OMAP GPIO hardware version 0.1
[    0.562616] i2c i2c-2: using DT '/ocp/interconnect@48000000/segment@100000/target-module@9c000/i2c@0' for 'scl' GPIO lookup
[    0.562688] of_get_named_gpiod_flags: can't parse 'scl-gpios' property of node '/ocp/interconnect@48000000/segment@100000/target-module@9c000/i2c@0[0]'
[    0.562732] of_get_named_gpiod_flags: can't parse 'scl-gpio' property of node '/ocp/interconnect@48000000/segment@100000/target-module@9c000/i2c@0[0]'
[    0.562769] i2c i2c-2: using lookup tables for GPIO lookup
[    0.562779] i2c i2c-2: No GPIO consumer scl found
[    0.562800] i2c i2c-2: using DT '/ocp/interconnect@48000000/segment@100000/target-module@9c000/i2c@0' for 'sda' GPIO lookup
[    0.562835] of_get_named_gpiod_flags: can't parse 'sda-gpios' property of node '/ocp/interconnect@48000000/segment@100000/target-module@9c000/i2c@0[0]'
[    0.562873] of_get_named_gpiod_flags: can't parse 'sda-gpio' property of node '/ocp/interconnect@48000000/segment@100000/target-module@9c000/i2c@0[0]'
[    0.562905] i2c i2c-2: using lookup tables for GPIO lookup
[    0.562912] i2c i2c-2: No GPIO consumer sda found
[    0.563660] omap_i2c 4819c000.i2c: bus 2 rev0.11 at 100 kHz
[    0.569380] gpiochip_find_base_unlocked: found new base at 544
[    0.569487] gpio gpiochip1: (gpio-32-63): created GPIO range 0->17 ==> 44e10800.pinmux PIN 34->51
[    0.569508] gpio gpiochip1: (gpio-32-63): created GPIO range 18->21 ==> 44e10800.pinmux PIN 77->80
[    0.569524] gpio gpiochip1: (gpio-32-63): created GPIO range 22->31 ==> 44e10800.pinmux PIN 56->65
[    0.588504] gpio gpiochip1: (gpio-32-63): added GPIO chardev (254:1)
[    0.588731] gpio gpiochip1: registered GPIOs 544 to 575 on gpio-32-63
[    0.591241] gpiochip_find_base_unlocked: found new base at 576
[    0.591344] gpio gpiochip2: (gpio-64-95): created GPIO range 0->4 ==> 44e10800.pinmux PIN 66->70
[    0.591366] gpio gpiochip2: (gpio-64-95): created GPIO range 5->6 ==> 44e10800.pinmux PIN 98->99
[    0.591382] gpio gpiochip2: (gpio-64-95): created GPIO range 7->8 ==> 44e10800.pinmux PIN 75->76
[    0.591398] gpio gpiochip2: (gpio-64-95): created GPIO range 13->13 ==> 44e10800.pinmux PIN 141->141
[    0.591414] gpio gpiochip2: (gpio-64-95): created GPIO range 14->21 ==> 44e10800.pinmux PIN 100->107
[    0.592117] gpio gpiochip2: (gpio-64-95): added GPIO chardev (254:2)
[    0.592329] gpio gpiochip2: registered GPIOs 576 to 607 on gpio-64-95
[    0.598062] 48000000.interconnect:segment@200000:target-module@0:mpu@0:fck: device ID is greater than 24
[    0.598974] /ocp/interconnect@48000000/segment@300000/target-module@e000/lcdc@0: Fixed dependency cycle(s) with /ocp/interconnect@44c00000/segment@200000/target-module@b000/i2c@0/tda19988@70
[    0.602079] /ocp/interconnect@48000000/segment@300000/target-module@e000/lcdc@0: Fixed dependency cycle(s) with /ocp/interconnect@44c00000/segment@200000/target-module@b000/i2c@0/tda19988@70
[    0.602809] /ocp/interconnect@44c00000/segment@200000/target-module@b000/i2c@0/tda19988@70: Fixed dependency cycle(s) with /ocp/interconnect@48000000/segment@300000/target-module@e000/lcdc@0
[    0.602985] /ocp/interconnect@48000000/segment@300000/target-module@e000/lcdc@0: Fixed dependency cycle(s) with /ocp/interconnect@44c00000/segment@200000/target-module@b000/i2c@0/tda19988@70
[    0.610477] sdhci-omap 481d8000.mmc: using DT '/ocp/interconnect@48000000/segment@100000/target-module@d8000/mmc@0' for 'wp' GPIO lookup
[    0.610549] of_get_named_gpiod_flags: can't parse 'wp-gpios' property of node '/ocp/interconnect@48000000/segment@100000/target-module@d8000/mmc@0[0]'
[    0.610595] of_get_named_gpiod_flags: can't parse 'wp-gpio' property of node '/ocp/interconnect@48000000/segment@100000/target-module@d8000/mmc@0[0]'
[    0.610632] sdhci-omap 481d8000.mmc: using lookup tables for GPIO lookup
[    0.610642] sdhci-omap 481d8000.mmc: No GPIO consumer wp found
[    0.610840] sdhci-omap 481d8000.mmc: supply pbias not found, using dummy regulator
[    0.612110] sdhci-omap 481d8000.mmc: supply vqmmc not found, using dummy regulator
[    0.629866] mdio_bus 4a101000.mdio: using DT '/ocp/interconnect@4a000000/segment@0/target-module@100000/switch@0/mdio@1000' for 'reset' GPIO lookup
[    0.629938] of_get_named_gpiod_flags: can't parse 'reset-gpios' property of node '/ocp/interconnect@4a000000/segment@0/target-module@100000/switch@0/mdio@1000[0]'
[    0.629985] of_get_named_gpiod_flags: can't parse 'reset-gpio' property of node '/ocp/interconnect@4a000000/segment@0/target-module@100000/switch@0/mdio@1000[0]'
[    0.630033] mdio_bus 4a101000.mdio: using lookup tables for GPIO lookup
[    0.630043] mdio_bus 4a101000.mdio: No GPIO consumer reset found
[    0.673394] davinci_mdio 4a101000.mdio: davinci mdio revision 1.6, bus freq 1000000
[    0.695374] mdio_bus 4a101000.mdio:00: using DT '/ocp/interconnect@4a000000/segment@0/target-module@100000/switch@0/mdio@1000/ethernet-phy@0' for 'reset' GPIO lookup
[    0.695470] of_get_named_gpiod_flags: parsed 'reset-gpios' property of node '/ocp/interconnect@4a000000/segment@0/target-module@100000/switch@0/mdio@1000/ethernet-phy@0[0]' - status (0)
[    0.695625] gpio gpiochip0: Persistence not supported for GPIO 8
[    0.832149] davinci_mdio 4a101000.mdio: phy[0]: device 4a101000.mdio:00, driver SMSC LAN8710/LAN8720
[    0.832918] cpsw-switch 4a100000.switch: initialized cpsw ale version 1.4
[    0.832942] cpsw-switch 4a100000.switch: ALE Table size 1024, Policers 0
[    0.833120] cpsw-switch 4a100000.switch: cpts: overflow check period 500 (jiffies)
[    0.833136] cpsw-switch 4a100000.switch: CPTS: ref_clk_freq:250000000 calc_mult:2147483648 calc_shift:29 error:0 nsec/sec
[    0.833232] cpsw-switch 4a100000.switch: Detected MACID = 6c:ec:eb:68:de:78
[    0.835096] cpsw-switch 4a100000.switch: initialized (regs 0x4a100000, pool size 256) hw_ver:0019010C 1.12 (0)
[    0.846434] debugfs: '49000000.dma' already exists in 'dmaengine'
[    0.846476] edma 49000000.dma: TI EDMA DMA engine driver
[    0.897032] ti-sysc 44e31000.target-module: Failed to create device link (0x180) with supplier ocp for /ocp/interconnect@44c00000/segment@200000/target-module@31000/timer@0
[    0.897094] ti-sysc 48040000.target-module: Failed to create device link (0x180) with supplier ocp for /ocp/interconnect@48000000/segment@0/target-module@40000/timer@0
[    0.898033] gpio-clk clk_mcasp0: using DT '/clk_mcasp0' for 'enable' GPIO lookup
[    0.898101] of_get_named_gpiod_flags: parsed 'enable-gpios' property of node '/clk_mcasp0[0]' - status (0)
[    0.898145] gpio gpiochip0: Persistence not supported for GPIO 27
[    0.898921] gpiochip_find_base_unlocked: found new base at 608
[    0.899033] gpio gpiochip3: (gpio-96-127): created GPIO range 0->7 ==> 44e10800.pinmux PIN 82->89
[    0.899052] gpio gpiochip3: (gpio-96-127): created GPIO range 8->11 ==> 44e10800.pinmux PIN 52->55
[    0.899070] gpio gpiochip3: (gpio-96-127): created GPIO range 12->15 ==> 44e10800.pinmux PIN 94->97
[    0.899086] gpio gpiochip3: (gpio-96-127): created GPIO range 16->17 ==> 44e10800.pinmux PIN 71->72
[    0.899108] gpio gpiochip3: (gpio-96-127): created GPIO range 18->18 ==> 44e10800.pinmux PIN 135->135
[    0.899125] gpio gpiochip3: (gpio-96-127): created GPIO range 19->20 ==> 44e10800.pinmux PIN 108->109
[    0.899142] gpio gpiochip3: (gpio-96-127): created GPIO range 21->21 ==> 44e10800.pinmux PIN 73->73
[    0.899160] gpio gpiochip3: (gpio-96-127): created GPIO range 22->23 ==> 44e10800.pinmux PIN 8->9
[    0.899177] gpio gpiochip3: (gpio-96-127): created GPIO range 26->27 ==> 44e10800.pinmux PIN 10->11
