Labgrid Console Logfile for main
Logfile started at 2024-12-18 07:01:46.357633
=== Log starts here ===

U-Boot SPL 2014.04-00014-g47880f5 (Apr 22 2014 - 13:23:54)
reading args
spl_load_image_fat_os: error reading image args, err - -1
reading u-boot.img
reading u-boot.img


U-Boot 2014.04-00014-g47880f5 (Apr 22 2014 - 13:23:54)

I2C:   ready
DRAM:  512 MiB
NAND:  0 MiB
MMC:   OMAP SD/MMC: 0, OMAP SD/MMC: 1
*** Warning - readenv() failed, using default environment

Net:   <ethaddr> not set. Validating first E-fuse MAC
cpsw, usb_ether
Hit any key to stop autoboot:  1  0 
gpio: pin 53 (gpio 53) value is 1
mmc0 is current device
gpio: pin 54 (gpio 54) value is 1
SD/MMC found on device 0
reading uEnv.txt
569 bytes read in 4 ms (138.7 KiB/s)
gpio: pin 55 (gpio 55) value is 1
Loaded environment from uEnv.txt
Importing environment from mmc ...
Checking if uenvcmd is set ...
gpio: pin 56 (gpio 56) value is 1
Running uenvcmd ...
cpsw Waiting for PHY auto negotiation to complete. done
link up on port 0, speed 100, full duplex
Using cpsw device
TFTP from server 192.168.255.126; our IP address is 192.168.255.1
Filename 'zImage'.
Load address: 0x81000000
Loading: *#################################################################
	 #################################################################
	 #################################################################
	 #################################################################
	 #################################################################
	 #####################################################
	 2.4 MiB/s
done
Bytes transferred = 5545688 (549ed8 hex)
link up on port 0, speed 100, full duplex
Using cpsw device
TFTP from server 192.168.255.126; our IP address is 192.168.255.1
Filename 'am335x-boneblack.dtb'.
Load address: 0x82000000
Loading: *#######
	 1.6 MiB/s
done
Bytes transferred = 98244 (17fc4 hex)
Kernel image @ 0x81000000 [ 0x000000 - 0x549ed8 ]
## Flattened Device Tree blob at 82000000
   Booting using the fdt blob at 0x82000000
   Using Device Tree in place at 82000000, end 8201afc3

Starting kernel ...

[    0.000000] Booting Linux on physical CPU 0x0
[    0.000000] Linux version 6.13.0-rc3-next-20241218 (user01@drvtest01) (arm-linux-gnueabihf-gcc (Linaro GCC 6.4-2017.11) 6.4.1 20171012, GNU ld (Linaro_Binutils-2017.11) 2.27.0.20161229) #159 SMP Wed Dec 18 07:00:56 EET 2024
[    0.000000] CPU: ARMv7 Processor [413fc082] revision 2 (ARMv7), cr=10c5387d
[    0.000000] CPU: PIPT / VIPT nonaliasing data cache, VIPT aliasing instruction cache
[    0.000000] OF: fdt: Machine model: TI AM335x BeagleBone Black
[    0.000000] Memory policy: Data cache writeback
[    0.000000] cma: Reserved 16 MiB at 0x9e800000 on node -1
[    0.000000] Zone ranges:
[    0.000000]   Normal   [mem 0x0000000080000000-0x000000009fdfffff]
[    0.000000]   HighMem  empty
[    0.000000] Movable zone start for each node
[    0.000000] Early memory node ranges
[    0.000000]   node   0: [mem 0x0000000080000000-0x000000009fdfffff]
[    0.000000] Initmem setup node 0 [mem 0x0000000080000000-0x000000009fdfffff]
[    0.000000] OF: reserved mem: Reserved memory: No reserved-memory node in the DT
[    0.000000] CPU: All CPU(s) started in SVC mode.
[    0.000000] AM335X ES2.1 (sgx neon)
[    0.000000] percpu: Embedded 17 pages/cpu s39628 r8192 d21812 u69632
[    0.000000] Kernel command line: console=ttyO0,115200n8 root=/dev/nfs rw nfsroot=192.168.255.126:/home/user01/nfs,nfsvers=3 ip=192.168.255.1:192.168.255.126::255.255.255.0:bbb1:eth0 nfsrootdebug
[    0.000000] Unknown kernel command line parameters "nfsrootdebug", will be passed to user space.
[    0.000000] printk: log buffer data + meta data: 65536 + 204800 = 270336 bytes
[    0.000000] Dentry cache hash table entries: 65536 (order: 6, 262144 bytes, linear)
[    0.000000] Inode-cache hash table entries: 32768 (order: 5, 131072 bytes, linear)
[    0.000000] Built 1 zonelists, mobility grouping on.  Total pages: 130560
[    0.000000] mem auto-init: stack:off, heap alloc:off, heap free:off
[    0.000000] SLUB: HWalign=64, Order=0-3, MinObjects=0, CPUs=1, Nodes=1
[    0.000000] trace event string verifier disabled
[    0.000000] rcu: Hierarchical RCU implementation.
[    0.000000] rcu: 	RCU event tracing is enabled.
[    0.000000] rcu: 	RCU restricting CPUs from NR_CPUS=2 to nr_cpu_ids=1.
[    0.000000] 	Tracing variant of Tasks RCU enabled.
[    0.000000] rcu: RCU calculated value of scheduler-enlistment delay is 10 jiffies.
[    0.000000] rcu: Adjusting geometry for rcu_fanout_leaf=16, nr_cpu_ids=1
[    0.000000] RCU Tasks Trace: Setting shift to 0 and lim to 1 rcu_task_cb_adjust=1 rcu_task_cpu_ids=1.
[    0.000000] NR_IRQS: 16, nr_irqs: 16, preallocated irqs: 16
[    0.000000] IRQ: Found an INTC at 0x(ptrval) (revision 5.0) with 128 interrupts
[    0.000000] rcu: srcu_init: Setting srcu_struct sizes based on contention.
[    0.000000] TI gptimer clocksource: always-on /ocp/interconnect@44c00000/segment@200000/target-module@31000
[    0.000002] sched_clock: 32 bits at 24MHz, resolution 41ns, wraps every 89478484971ns
[    0.000027] clocksource: dmtimer: mask: 0xffffffff max_cycles: 0xffffffff, max_idle_ns: 79635851949 ns
[    0.000509] TI gptimer clockevent: 24000000 Hz at /ocp/interconnect@48000000/segment@0/target-module@40000
[    0.002161] Console: colour dummy device 80x30
[    0.002228] WARNING: Your 'console=ttyO0' has been replaced by 'ttyS0'
[    0.002238] This ensures that you still see kernel messages. Please
[    0.002242] update your kernel commandline.
[    0.002285] Calibrating delay loop... 996.14 BogoMIPS (lpj=4980736)
[    0.090560] CPU: Testing write buffer coherency: ok
[    0.090677] CPU0: Spectre v2: using BPIALL workaround
[    0.090688] pid_max: default: 32768 minimum: 301
[    0.090809] LSM: initializing lsm=capability
[    0.090983] Mount-cache hash table entries: 1024 (order: 0, 4096 bytes, linear)
[    0.091003] Mountpoint-cache hash table entries: 1024 (order: 0, 4096 bytes, linear)
[    0.092668] CPU0: thread -1, cpu 0, socket -1, mpidr 0
[    0.141044] Setting up static identity map for 0x80100000 - 0x80100078
[    0.150723] rcu: Hierarchical SRCU implementation.
[    0.150734] rcu: 	Max phase no-delay instances is 1000.
[    0.170763] smp: Bringing up secondary CPUs ...
[    0.170822] smp: Brought up 1 node, 1 CPU
[    0.170838] SMP: Total of 1 processors activated (996.14 BogoMIPS).
[    0.170849] CPU: All CPU(s) started in SVC mode.
[    0.171030] Memory: 480836K/522240K available (11264K kernel code, 1215K rwdata, 2904K rodata, 1024K init, 295K bss, 23388K reserved, 16384K cma-reserved, 0K highmem)
[    0.171924] devtmpfs: initialized
[    0.189352] VFP support v0.3: implementor 41 architecture 3 part 30 variant c rev 3
[    0.189702] clocksource: jiffies: mask: 0xffffffff max_cycles: 0xffffffff, max_idle_ns: 19112604462750000 ns
[    0.189737] futex hash table entries: 256 (order: 2, 16384 bytes, linear)
[    0.191266] pinctrl core: initialized pinctrl subsystem
[    0.194118] NET: Registered PF_NETLINK/PF_ROUTE protocol family
[    0.196916] DMA: preallocated 256 KiB pool for atomic coherent allocations
[    0.197840] audit: initializing netlink subsys (disabled)
[    0.199285] thermal_sys: Registered thermal governor 'fair_share'
[    0.199303] thermal_sys: Registered thermal governor 'step_wise'
[    0.199314] thermal_sys: Registered thermal governor 'user_space'
[    0.199478] audit: type=2000 audit(0.190:1): state=initialized audit_enabled=0 res=1
[    0.199514] cpuidle: using governor menu
[    0.218200] /ocp/interconnect@44c00000/segment@200000/target-module@b000/i2c@0/tda19988@70: Fixed dependency cycle(s) with /ocp/interconnect@48000000/segment@300000/target-module@e000/lcdc@0
[    0.219373] /ocp/interconnect@48000000/segment@300000/target-module@e000/lcdc@0: Fixed dependency cycle(s) with /ocp/interconnect@44c00000/segment@200000/target-module@b000/i2c@0/tda19988@70
[    0.221766] No ATAGs?
[    0.221787] hw-breakpoint: debug architecture 0x4 unsupported.
[    0.224619] kprobes: kprobe jump-optimization is enabled. All kprobes are optimized if possible.
[    0.234172] iommu: Default domain type: Translated
[    0.234195] iommu: DMA domain TLB invalidation policy: strict mode
[    0.242199] SCSI subsystem initialized
[    0.243072] pps_core: LinuxPPS API ver. 1 registered
[    0.243083] pps_core: Software ver. 5.3.6 - Copyright 2005-2007 Rodolfo Giometti <giometti@linux.it>
[    0.243109] PTP clock support registered
[    0.251566] vgaarb: loaded
[    0.251994] clocksource: Switched to clocksource dmtimer
[    0.252661] VFS: Disk quotas dquot_6.6.0
[    0.252706] VFS: Dquot-cache hash table entries: 1024 (order 0, 4096 bytes)
[    0.277800] NET: Registered PF_INET protocol family
[    0.278151] IP idents hash table entries: 8192 (order: 4, 65536 bytes, linear)
[    0.279576] tcp_listen_portaddr_hash hash table entries: 512 (order: 0, 4096 bytes, linear)
[    0.279616] Table-perturb hash table entries: 65536 (order: 6, 262144 bytes, linear)
[    0.279633] TCP established hash table entries: 4096 (order: 2, 16384 bytes, linear)
[    0.279676] TCP bind hash table entries: 4096 (order: 4, 65536 bytes, linear)
[    0.279775] TCP: Hash tables configured (established 4096 bind 4096)
[    0.279894] UDP hash table entries: 256 (order: 1, 14336 bytes, linear)
[    0.279933] UDP-Lite hash table entries: 256 (order: 1, 14336 bytes, linear)
[    0.280115] NET: Registered PF_UNIX/PF_LOCAL protocol family
[    0.281421] RPC: Registered named UNIX socket transport module.
[    0.281440] RPC: Registered udp transport module.
[    0.281446] RPC: Registered tcp transport module.
[    0.281451] RPC: Registered tcp-with-tls transport module.
[    0.281456] RPC: Registered tcp NFSv4.1 backchannel transport module.
[    0.281480] PCI: CLS 0 bytes, default 64
[    0.283079] Initialise system trusted keyrings
[    0.292310] workingset: timestamp_bits=14 max_order=17 bucket_order=3
[    0.293664] NFS: Registering the id_resolver key type
[    0.293739] Key type id_resolver registered
[    0.293747] Key type id_legacy registered
[    0.293796] jffs2: version 2.2. (NAND) (SUMMARY)  Â© 2001-2006 Red Hat, Inc.
[    0.294208] Key type asymmetric registered
[    0.294226] Asymmetric key parser 'x509' registered
[    0.294292] io scheduler mq-deadline registered
[    0.294303] io scheduler kyber registered
[    0.294376] io scheduler bfq registered
[    0.295996] ledtrig-cpu: registered to indicate activity on CPUs
[    0.302711] Serial: 8250/16550 driver, 6 ports, IRQ sharing enabled
[    0.349148] brd: module loaded
[    0.379084] loop: module loaded
[    0.380031] mtdoops: mtd device (mtddev=name/number) must be supplied
[    0.383387] i2c_dev: i2c /dev entries driver
[    0.384373] cpuidle: enable-method property 'ti,am3352' found operations
[    0.384825] sdhci: Secure Digital Host Controller Interface driver
[    0.384835] sdhci: Copyright(c) Pierre Ossman
[    0.385008] sdhci-pltfm: SDHCI platform and OF driver helper
[    0.386033] Initializing XFRM netlink socket
[    0.386183] NET: Registered PF_INET6 protocol family
[    0.388142] Segment Routing with IPv6
[    0.388237] In-situ OAM (IOAM) with IPv6
[    0.388332] sit: IPv6, IPv4 and MPLS over IPv4 tunneling driver
[    0.389293] NET: Registered PF_PACKET protocol family
[    0.389330] NET: Registered PF_KEY protocol family
[    0.389495] Key type dns_resolver registered
[    0.389771] ThumbEE CPU extension supported.
[    0.389791] Registering SWP/SWPB emulation handler
[    0.390332] omap_voltage_late_init: Voltage driver support not added
[    0.390705] SmartReflex Class3 initialized
[    0.425115] Loading compiled-in X.509 certificates
[    0.472956] /ocp/interconnect@44c00000/segment@200000/target-module@b000/i2c@0/tda19988@70: Fixed dependency cycle(s) with /ocp/interconnect@48000000/segment@300000/target-module@e000/lcdc@0
[    0.479441] /ocp/interconnect@44c00000/segment@200000/target-module@b000/i2c@0/tda19988@70: Fixed dependency cycle(s) with /ocp/interconnect@48000000/segment@300000/target-module@e000/lcdc@0
[    0.509444] /ocp/interconnect@44c00000/segment@200000/target-module@b000/i2c@0/tda19988@70: Fixed dependency cycle(s) with /ocp/interconnect@48000000/segment@300000/target-module@e000/lcdc@0
[    0.510319] /ocp/interconnect@44c00000/segment@200000/target-module@b000/i2c@ 0/tda19988@70: Fixed dependency cycle(s) with /ocp/interconnect@48000000/segment@300000/target-module@e000/lcdc@0
[    0.514023] /ocp/interconnect@44c00000/segment@200000/target-module@10000/scm@0/pinmux@800: Fixed dependency cycle(s) with /ocp/interconnemap 481d8000.mmc: supply pbias not found, using dummy regulator
[    0.658723] sdhci-omap 481d8000.mmc: supply vqmmc not found, using dummy regulator
[    0.713373] davinci_mdio 4a101000.mdio: davinci mdio revision 1.6, bus freq 1000000
[    0.869275] davinci_mdio 4a101000.mdio: phy[0]: device 4a101000.mdio:00, driver SMSC LAN8710/LAN8720
[    0.870057] cpsw-switch 4a100000.switch: initialized cpsw ale version 1.4
[    0.870082] cpsw-switch 4a100000.switch: ALE Table size 1024, Policers 0
[    0.870235] cpsw-switch 4a100000.switch: cpts: overflow check period 500 (jiffies)
[    0.870254] cpsw-switch 4a100000.switch: CPTS: ref_clk_freq:250000000 calc_mult:2147483648 calc_shift:29 error:0 nsec/sec
[    0.870366] cpsw-switch 4a100000.switch: Detected MACID = 6c:ec:eb:68:de:78
[    0.872390] cpsw-switch 4a100000.switch: initialized (regs 0x4a100000, pool size 256) hw_ver:0019010C 1.12 (0)
[    0.883409] debugfs: Directory '49000000.dma' with parent 'dmaengine' already present!
[    0.883450] edma 49000000.dma: TI EDMA DMA engine driver
[    0.924967] target-module@4b000000:target-module@140000:pmu@0:fck: device ID is greater than 24
[    0.946413] hw perfevents: enabled with armv7_cortex_a8 PMU driver, 5 (8000000f) counters available
[    0.954123] l3-aon-clkctrl:0000:0: failed to disable
[    0.969181] 44e09000.serial: ttyS0 at MMIO 0x44e09000 (irq = 34, base_baud = 3000000) is a 8250
[    0.969271] printk: legacy console [ttyS0] enabled
[    2.482988] tps65217-pmic: Failed to locate of_node [id: -1]
[    2.489057] tps65217-bl: Failed to locate of_node [id: -1]
[    2.500529] tps65217 0-0024: TPS65217 ID 0xe version 1.2
[    2.506684] /ocp/interconnect@48000000/segment@300000/target-module@e000/lcdc@0: Fixed dependency cycle(s) with /ocp/interconnect@44c00000/segment@200000/target-module@b000/i2c@0/tda19988@70
[    2.524046] /ocp/interconnect@44c00000/segment@200000/target-module@b000/i2c@0/tda19988@70: Fixed dependency cycle(s) with /ocp/interconnect@48000000/segment@300000/target-module@e000/lcdc@0
[    2.541412] omap_i2c 44e0b000.i2c: bus 0 rev0.11 at 400 kHz
[    2.549480] omap_gpio 44e07000.gpio: Could not set line 6 debounce to 200000 microseconds (-22)
[    2.558369] sdhci-omap 48060000.mmc: Got CD GPIO
[    2.563440] sdhci-omap 48060000.mmc: supply pbias not found, using dummy regulator
[    2.573992] sdhci-omap 48060000.mmc: supply vqmmc not found, using dummy regulator
[    2.582802] sdhci-omap 481d8000.mmc: supply pbias not found, using dummy regulator
[    2.590788] sdhci-omap 481d8000.mmc: supply vqmmc not found, using dummy regulator
 [    2.629890] mmc1: SDHCI controller on 481d8000.mmc [481d800 0.mmc] using External DMA
[    2.639149] mmc0: SDHCI controll er on 48060000.mmc [48060000.mmc] using External DMA
[    2.6 48042] cpsw-switch 4a100000.switch: starting ndev. mode: dual_ mac
[  
[    5.922774] cpsw-switch 4a100000.switch eth0: Link is Up - 100Mbps/Full - flow control off
[    5.952013] IP-Config: Complete:
[    5.955287]      device=eth0, hwaddr=6c:ec:eb:68:de:78, ipaddr=192.168.255.1, mask=255.255.255.0, gw=255.255.255.255
[    5.965936]      host=bbb1, domain=, nis-domain=(none)
[    5.971105]      bootserver=192.168.255.126, rootserver=192.168.255.126, rootpath=
[    5.971526] clk: Disabling unused clocks
[    5.983392] PM: genpd: Disabling unused power domains
[    5.988509] KTAP version 1
[    5.991231] 1..0
[    6.021373] VFS: Mounted root (nfs filesystem) on device 0:17.
[    6.028639] devtmpfs: mounted
[    6.033490] Freeing unused kernel image (initmem) memory: 1024K
[    6.040126] Run /sbin/init as init process
[    6.759602] systemd[1]: System time before build time, advancing clock.
[    8.232030] random: crng init done
[    8.272875] systemd[1]: systemd 232 running in system mode. (+PAM +AUDIT +SELINUX +IMA +APPARMOR +SMACK +SYSVINIT +UTMP +LIBCRYPTSETUP +GCRYPT +GNUTLS +ACL +XZ +LZ4 +SECCOMP +BLKID +ELFUTILS +KMOD +IDN)
[    8.291904] systemd[1]: Detected architecture arm.

Welcome to [1mDebian GNU/Linux 9 (stretch)[0m!

[    8.325240] systemd[1]: Set hostname to <arm>.
[    9.491549] systemd[1]: Listening on /dev/initctl Compatibility Named Pipe.
[[0;32m  OK  [0m] Listening on /dev/initctl Compatibility Named Pipe.
[    9.523630] systemd[1]: Created slice System Slice.
[[0;32m  OK  [0m] Created slice System Slice.
[    9.553422] systemd[1]: Created slice system-getty.slice.
[[0;32m  OK  [0m] Created slice system-getty.slice.
[    9.584288] systemd[1]: Listening on Journal Socket.
[[0;32m  OK  [0m] Listening on Journal Socket.
[    9.612457] systemd[1]: Reached target Remote File Systems.
[[0;32m  OK  [0m] Reached target Remote File Systems.
[    9.642359] systemd[1]: Reached target Swap.
[[0;32m  OK  [0m] Reached target Swap.
[    9.663232] systemd[1]: Created slice User and Session Slice.
[[0;32m  OK  [0m] Created slice User and Session Slice.
         Starting Remount Root and Kernel File Systems...
[[0;32m  OK  [0m] Set up automount Arbitrary Executabâ€¦rmats File System Automount Point.
[[0;32m  OK  [0m] Listening on udev Kernel Socket.
[[0;32m  OK  [0m] Listening on Journal Socket (/dev/log).
[[0;32m  OK  [0m] Started Forward Password Requests to Wall Directory Watch.
[[0;32m  OK  [0m] Listening on udev Control Socket.
[[0;32m  OK  [0m] Listening on Journal Audit Socket.
[[0;32m  OK  [0m] Created slice system-serial\x2dgetty.slice.
         Mounting POSIX Message Queue File System...
[[0;32m  OK  [0m] Listening on Syslog Socket.
         Starting Journal Service...
         Starting Load Kernel Modules...
[[0;32m  OK  [0m] Started Dispatch Password Requests to Console Directory Watch.
[[0;32m  OK  [0m] Reached target Paths.
         Mounting Debug File System...
[[0;32m  OK  [0m] Reached target Encrypted Volumes.
         Starting Create list of required stâ€¦ce nodes for the current kernel...
[[0;32m  OK  [0m] Reached target Slices.
[[0;32m  OK  [0m] Mounted POSIX Message Queue File System.
[[0;32m  OK  [0m] Mounted Debug File System.
[[0;32m  OK  [0m] Started Remount Root and Kernel File Systems.
[[0;32m  OK  [0m] Started Load Kernel Modules.
[[0;32m  OK  [0m] Started Create list of required staâ€¦vice nodes for the current kernel.
         Starting Create Static Device Nodes in /dev...
         Mounting Configuration File System...
         Starting Apply Kernel Variables...
         Starting Load/Save Random Seed...
         Starting udev Coldplug all Devices...
[[0;32m  OK  [0m] Mounted Configuration File System.
[[0;32m  OK  [0m] Started Apply Kernel Variables.
[[0;32m  OK  [0m] Started Load/Save Random Seed.
[[0;32m  OK  [0m] Started Journal Service.
         Starting Flush Journal to Persistent Storage...
[[0;32m  OK  [0m] Started Create Static Device Nodes in /dev.
[[0;32m  OK  [0m] Reached target Local File Systems (Pre).
[[0;32m  OK  [0m] Reached target Local File Systems.
         Starting Raise network interfaces...
         Starting udev Kernel Device Manager...
[   11.594242] systemd-journald[83]: Received request to flush runtime journal from PID 1
[[0;32m  OK  [0m] Started Flush Journal to Persistent Storage.
         Starting Create Volatile Files and Directories...
[[0;32m  OK  [0m] Started udev Kernel Device Manager.
[[0;32m  OK  [0m] Started Create Volatile Files and Directories.
         Starting Update UTMP about System Boot/Shutdown...
         Starting Network Time Synchronization...
[[0;32m  OK  [0m] Started Update UTMP about System Boot/Shutdown.
[[0;32m  OK  [0m] Started Network Time Synchronization.
[[0;32m  OK  [0m] Started udev Coldplug all Devices.
[[0;32m  OK  [0m] Reached target System Time Synchronized.
[[0;32m  OK  [0m] Reached target System Initialization.
[[0;32m  OK  [0m] Listening on Avahi mDNS/DNS-SD Stack Activation Socket.
[[0;32m  OK  [0m] Started Daily Cleanup of Temporary Directories.
[[0;32m  OK  [0m] Started Daily apt download activities.
[[0;32m  OK  [0m] Started Daily apt upgrade and clean activities.
[[0;32m  OK  [0m] Reached target Timers.
[[0;32m  OK  [0m] Listening on D-Bus System Message Bus Socket.
[[0;32m  OK  [0m] Reached target Sockets.
[[0;32m  OK  [0m] Reached target Basic System.[   15.136261] remoteproc remoteproc0: wkup_m3 is available

         Starting Generic Board Startup...
         Starting System Logging Service...[   15.427422] omap_rtc 44e3e000.rtc: registered as rtc0

[   15.435495] omap_rtc 44e3e000.rtc: setting system clock to 2000-01-01T00:00:00 UTC (946684800)
         Starting LSB: Load kernel modules needed to enable cpuf[   15.576214] omap_wdt: OMAP Watchdog Timer Rev 0x01: initial timeout 60 sec
req scaling...
[   15.612601] am335x-phy-driver 47401300.usb-phy: dummy supplies not allowed for exclusive requests (id=vbus)
[   15.672577] at24 2-0054: supply vcc not found, using dummy regulator
[   15.734416] at24 2-0055: supply vcc not found, using dummy regulator
         Starting LSB: Start busybox udhcpd at boot time...
[   15.858558] at24 2-0056: supply vcc not found, using dummy regulator
         Starting Cape Manager Service...
[   15.981017] at24 2-0057: supply vcc not found, using dummy regulator
[   16.145192] at24 0-0050: 32768 byte 24c256 EEPROM, writable, 1 bytes/write
[   16.218589] am335x-phy-driver 47401b00.usb-phy: dummy supplies not allowed for exclusive requests (id=vbus)
[[0;32m  OK  [0m] Started Regular background program processing daemon.
[   16.368089] tps6521x_pwrbutton tps65217-pwrbutton: DMA mask not set
[   16.505325] wkup_m3_ipc 44e11324.wkup_m3_ipc: IPC Request for A8->M3 Channel failed! -517
[   16.563668] input: tps65217_pwrbutton as /devices/platform/ocp/44c00000.interconnect/44c00000.interconnect:segment@200000/44e0b000.target-module/44e0b000.i2c/i2c-0/0-0024/tps65217-pwrbutton/input/input0
[[0;32m  OK  [0m] Started D-Bus System Message Bus.
[   16.595455] wkup_m3_ipc 44e11324.wkup_m3_ipc: IPC Request for A8->M3 Channel failed! -517
[   17.169931] usbcore: registered new interface driver usbfs
[   17.175805] usbcore: registered new interface driver hub
[   17.181255] usbcore: registered new device driver usb
[   17.515707] tda998x 0-0070: found TDA19988
[   17.583211] wkup_m3_ipc 44e11324.wkup_m3_ipc: IPC Request for A8->M3 Channel failed! -517
[   17.818757] omap-mailbox 480c8000.mailbox: omap mailbox rev 0x400
[   17.890266] remoteproc remoteproc0: powering up wkup_m3
[   18.023066] remoteproc remoteproc0: Direct firmware load for am335x-pm-firmware.elf failed with error -2
[   18.032903] remoteproc remoteproc0: request_firmware failed: -2
[   18.038871] wkup_m3_ipc 44e11324.wkup_m3_ipc: rproc_boot failed
[   18.101270] musb-hdrc musb-hdrc.1: MUSB HDRC host driver
[   18.106953] musb-hdrc musb-hdrc.1: new USB bus registered, assigned bus number 1
[   18.355793] usb usb1: New USB device found, idVendor=1d6b, idProduct=0002, bcdDevice= 6.13
[   18.364323] usb usb1: New USB device strings: Mfr=3, Product=2, SerialNumber=1
[   18.371595] usb usb1: Product: MUSB HDRC host driver
[   18.376662] usb usb1: Manufacturer: Linux 6.13.0-rc3-next-20241218 musb-hcd
[   18.383686] usb usb1: SerialNumber: musb-hdrc.1
[   18.848274] hub 1-0:1.0: USB hub found
[   18.915997] hub 1-0:1.0: 1 port detected
[   20.315932] omap_rng 48310000.rng: Random Number Generator ver. 20
[   20.534537] tilcdc 4830e000.lcdc: bound 0-0070 (ops 0xbf053030)
[   20.603568] [drm] Initialized tilcdc 1.0.0 for 4830e000.lcdc on minor 0
[   20.688633] tilcdc 4830e000.lcdc: [drm] Cannot find any crtc or sizes
[   20.697038] tilcdc 4830e000.lcdc: [drm] Cannot find any crtc or sizes
         Starting DUN service...
         Starting Connection service...
         Starting Avahi mDNS/DNS-SD Stack...
         Starting Login Service...
         Starting Telephony service...
[[0;32m  OK  [0m] Started System Logging Service.
[   21.748310] PM: Cannot get wkup_m3_ipc handle
[[0;32m  OK  [0m] Started Cape Manager Service.
[   21.988318] omap-sham 53100000.sham: hw accel on OMAP rev 4.3
[   22.136426] omap-sham 53100000.sham: will run requests pump with realtime priority
[   22.153160] PM: Cannot get wkup_m3_ipc handle
[   22.305364] omap-aes 53500000.aes: OMAP AES hw accel rev: 3.2
[[0;32m  OK  [0m] Found device /dev/ttyS0.
[   22.438675] omap-aes 53500000.aes: will run requests pump with realtime priority
[   22.448279] PM: Cannot get wkup_m3_ipc handle
[   24.620560] Bluetooth: Core ver 2.22
[   24.624593] NET: Registered PF_BLUETOOTH protocol family
[   24.629950] Bluetooth: HCI device and connection manager initialized
[   24.636475] Bluetooth: HCI socket layer initialized
[   24.641395] Bluetooth: L2CAP socket layer initialized
[   24.646585] Bluetooth: SCO socket layer initialized
[   25.484901] PM: Cannot get wkup_m3_ipc handle
[   25.597403] PM: Cannot get wkup_m3_ipc handle
[[0;32m  OK  [0m] Started LSB: Start busybox udhcpd at boot time.
[   28.386298] configfs-gadget.g_multi gadget.0: HOST MAC 1c:ba:8c:a2:ed:6c
[   28.393310] configfs-gadget.g_multi gadget.0: MAC 1c:ba:8c:a2:ed:70
[   28.400658] configfs-gadget.g_multi gadget.0: HOST MAC 1c:ba:8c:a2:ed:6c
[   28.407584] configfs-gadget.g_multi gadget.0: MAC 1c:ba:8c:a2:ed:6d
[   28.416022] PM: Cannot get wkup_m3_ipc handle
[[0;32m  OK  [0m] Started Raise network interfaces.
[[0;32m  OK  [0m] Started LSB: Load kernel modules needed to enable cpufreq scaling.
[[0;32m  OK  [0m] Started DUN service.
[[0;32m  OK  [0m] Started Telephony service.
[[0;32m  OK  [0m] Started Avahi mDNS/DNS-SD Stack.
[[0;32m  OK  [0m] Started Connection service.
[[0;32m  OK  [0m] Started Login Service.
[[0;32m  OK  [0m] Reached target Sound Card.
         Starting LSB: set CPUFreq kernel parameters...
[[0;32m  OK  [0m] Reached target Network.
         Starting The Apache HTTP Server...
         Starting OpenBSD Secure Shell server...
         Starting Permit User Sessions...
[[0;32m  OK  [0m] Reached target Network is Online.
         Starting LSB: Advanced IEEE 802.11 management daemon...
[[0;32m  OK  [0m] Started LSB: Advanced IEEE 802.11 management daemon.
[[0;32m  OK  [0m] Started Permit User Sessions.
         Starting Hostname Service...
[[0;32m  OK  [0m] Started Getty on tty1.
[[0;32m  OK  [0m] Started Serial Getty on ttyS0.
[[0;32m  OK  [0m] Reached target Login Prompts.
         Starting WPA supplicant...
[[0;32m  OK  [0m] Started LSB: set CPUFreq kernel parameters.
[[0;32m  OK  [0m] Started Hostname Service.
         Stopping LSB: Start busybox udhcpd at boot time...
[[0;32m  OK  [0m] Started WPA supplicant.
[[0;32m  OK  [0m] Started OpenBSD Secure Shell server.
[[0;32m  OK  [0m] Stopped LSB: Start busybox udhcpd at boot time.
[[0;32m  OK  [0m] Started The Apache HTTP Server.
         Starting dnsmasq - A lightweight DHCP and caching DNS server...
[[0;32m  OK  [0m] Started dnsmasq - A lightweight DHCP and caching DNS server.
[[0;32m  OK  [0m] Reached target Host and Network Name Lookups.
[[0;32m  OK  [0m] Started Serial Getty on ttyGS0.
[[0;32m  OK  [0m] Started Generic Board Startup.
[[0;32m  OK  [0m] Reached target Multi-User System.
[[0;32m  OK  [0m] Reached target Graphical Interface.
         Starting Update UTMP about System Runlevel Changes...
[[0;32m  OK  [0m] Started Update UTMP about System Runlevel Changes.

Debian GNU/Linux 9 arm ttyS0

default username:password is [debian:temppwd]

arm login: root
Password: 
Last login: Sat Dec  9 19:10:28 UTC 2017 on ttyS0
root
Linux arm 6.13.0-rc3-next-20241218 #159 SMP Wed Dec 18 07:00:56 EET 2024 armv7l

The programs included with the Debian GNU/Linux system are free software;
the exact distribution terms for each program are described in the
individual files in /usr/share/doc/*/copyright.

Debian GNU/Linux comes with ABSOLUTELY NO WARRANTY, to the extent
permitted by applicable law.
root@arm:~# root
-bash: root: command not found
root@arm:~# dmesg -n 1
echo 'MEAV''WXLGUQ'
root@arm:~# echo 'MEAV''WXLGUQ'
MEAVWXLGUQ
root@arm:~# run() { echo -n "$MARKER"; sh -c "$@"; echo "$MARKER $?"; }
root@arm:~# echo 'MKUF''HTLQGJ'
MKUFHTLQGJ
root@arm:~# MARKER='LTGZ''QYMJCA' run 'cat /proc/version'
LTGZQYMJCALinux version 6.13.0-rc3-next-20241218 (user01@drvtest01) (arm-linux-gnueabihf-gcc (Linaro GCC 6.4-2017.11) 6.4.1 20171012, GNU ld (Linaro_Binutils-2017.11) 2.27.0.20161229) #159 SMP Wed Dec 18 07:00:56 EET 2024
LTGZQYMJCA 0
root@arm:~# echo 'FZFW''LXUNTM'
FZFWLXUNTM
root@arm:~# MARKER='VLKL''MBXBGO' run false
VLKLMBXBGOVLKLMBXBGO 1
root@arm:~# Labgrid Console Logfile for main
Logfile started at 2024-12-18 07:02:48.672250
=== Log starts here ===

root@arm:~# run() { echo -n "$MARKER"; sh -c "$@"; echo "$MARKER $?"; }
root@arm:~# echo 'QPJY''FAOPPL'
QPJYFAOPPL
root@arm:~# MARKER='PESB''NYFTYC' run dmesg
PESBNYFTYC[    0.000000] Booting Linux on physical CPU 0x0
[    0.000000] Linux version 6.13.0-rc3-next-20241218 (user01@drvtest01) (arm-linux-gnueabihf-gcc (Linaro GCC 6.4-2017.11) 6.4.1 20171012, GNU ld (Linaro_Binutils-2017.11) 2.27.0.20161229) #159 SMP Wed Dec 18 07:00:56 EET 2024
[    0.000000] CPU: ARMv7 Processor [413fc082] revision 2 (ARMv7), cr=10c5387d
[    0.000000] CPU: PIPT / VIPT nonaliasing data cache, VIPT aliasing instruction cache
[    0.000000] OF: fdt: Machine model: TI AM335x BeagleBone Black
[    0.000000] Memory policy: Data cache writeback
[    0.000000] cma: Reserved 16 MiB at 0x9e800000 on node -1
[    0.000000] Zone ranges:
[    0.000000]   Normal   [mem 0x0000000080000000-0x000000009fdfffff]
[    0.000000]   HighMem  empty
[    0.000000] Movable zone start for each node
[    0.000000] Early memory node ranges
[    0.000000]   node   0: [mem 0x0000000080000000-0x000000009fdfffff]
[    0.000000] Initmem setup node 0 [mem 0x0000000080000000-0x000000009fdfffff]
[    0.000000] OF: reserved mem: Reserved memory: No reserved-memory node in the DT
[    0.000000] CPU: All CPU(s) started in SVC mode.
[    0.000000] AM335X ES2.1 (sgx neon)
[    0.000000] percpu: Embedded 17 pages/cpu s39628 r8192 d21812 u69632
[    0.000000] pcpu-alloc: s39628 r8192 d21812 u69632 alloc=17*4096
[    0.000000] pcpu-alloc: [0] 0 
[    0.000000] Kernel command line: console=ttyO0,115200n8 root=/dev/nfs rw nfsroot=192.168.255.126:/home/user01/nfs,nfsvers=3 ip=192.168.255.1:192.168.255.126::255.255.255.0:bbb1:eth0 nfsrootdebug
[    0.000000] Unknown kernel command line parameters "nfsrootdebug", will be passed to user space.
[    0.000000] printk: log buffer data + meta data: 65536 + 204800 = 270336 bytes
[    0.000000] Dentry cache hash table entries: 65536 (order: 6, 262144 bytes, linear)
[    0.000000] Inode-cache hash table entries: 32768 (order: 5, 131072 bytes, linear)
[    0.000000] Built 1 zonelists, mobility grouping on.  Total pages: 130560
[    0.000000] mem auto-init: stack:off, heap alloc:off, heap free:off
[    0.000000] SLUB: HWalign=64, Order=0-3, MinObjects=0, CPUs=1, Nodes=1
[    0.000000] trace event string verifier disabled
[    0.000000] rcu: Hierarchical RCU implementation.
[    0.000000] rcu: 	RCU event tracing is enabled.
[    0.000000] rcu: 	RCU restricting CPUs from NR_CPUS=2 to nr_cpu_ids=1.
[    0.000000] 	Tracing variant of Tasks RCU enabled.
[    0.000000] rcu: RCU calculated value of scheduler-enlistment delay is 10 jiffies.
[    0.000000] rcu: Adjusting geometry for rcu_fanout_leaf=16, nr_cpu_ids=1
[    0.000000] RCU Tasks Trace: Setting shift to 0 and lim to 1 rcu_task_cb_adjust=1 rcu_task_cpu_ids=1.
[    0.000000] NR_IRQS: 16, nr_irqs: 16, preallocated irqs: 16
[    0.000000] IRQ: Found an INTC at 0x(ptrval) (revision 5.0) with 128 interrupts
[    0.000000] rcu: srcu_init: Setting srcu_struct sizes based on contention.
[    0.000000] TI gptimer clocksource: always-on /ocp/interconnect@44c00000/segment@200000/target-module@31000
[    0.000002] sched_clock: 32 bits at 24MHz, resolution 41ns, wraps every 89478484971ns
[    0.000027] clocksource: dmtimer: mask: 0xffffffff max_cycles: 0xffffffff, max_idle_ns: 79635851949 ns
[    0.000509] TI gptimer clockevent: 24000000 Hz at /ocp/interconnect@48000000/segment@0/target-module@40000
[    0.002161] Console: colour dummy device 80x30
[    0.002228] WARNING: Your 'console=ttyO0' has been replaced by 'ttyS0'
[    0.002238] This ensures that you still see kernel messages. Please
[    0.002242] update your kernel commandline.
[    0.002285] Calibrating delay loop... 996.14 BogoMIPS (lpj=4980736)
[    0.090560] CPU: Testing write buffer coherency: ok
[    0.090677] CPU0: Spectre v2: using BPIALL workaround
[    0.090688] pid_max: default: 32768 minimum: 301
[    0.090809] LSM: initializing lsm=capability
[    0.090983] Mount-cache hash table entries: 1024 (order: 0, 4096 bytes, linear)
[    0.091003] Mountpoint-cache hash table entries: 1024 (order: 0, 4096 bytes, linear)
[    0.092668] CPU0: thread -1, cpu 0, socket -1, mpidr 0
[    0.141044] Setting up static identity map for 0x80100000 - 0x80100078
[    0.150723] rcu: Hierarchical SRCU implementation.
[    0.150734] rcu: 	Max phase no-delay instances is 1000.
[    0.170763] smp: Bringing up secondary CPUs ...
[    0.170822] smp: Brought up 1 node, 1 CPU
[    0.170838] SMP: Total of 1 processors activated (996.14 BogoMIPS).
[    0.170849] CPU: All CPU(s) started in SVC mode.
[    0.171030] Memory: 480836K/522240K available (11264K kernel code, 1215K rwdata, 2904K rodata, 1024K init, 295K bss, 23388K reserved, 16384K cma-reserved, 0K highmem)
[    0.171924] devtmpfs: initialized
[    0.189352] VFP support v0.3: implementor 41 architecture 3 part 30 variant c rev 3
[    0.189702] clocksource: jiffies: mask: 0xffffffff max_cycles: 0xffffffff, max_idle_ns: 19112604462750000 ns
[    0.189737] futex hash table entries: 256 (order: 2, 16384 bytes, linear)
[    0.191266] pinctrl core: initialized pinctrl subsystem
[    0.194118] NET: Registered PF_NETLINK/PF_ROUTE protocol family
[    0.196916] DMA: preallocated 256 KiB pool for atomic coherent allocations
[    0.197840] audit: initializing netlink subsys (disabled)
[    0.199285] thermal_sys: Registered thermal governor 'fair_share'
[    0.199303] thermal_sys: Registered thermal governor 'step_wise'
[    0.199314] thermal_sys: Registered thermal governor 'user_space'
[    0.199478] audit: type=2000 audit(0.190:1): state=initialized audit_enabled=0 res=1
[    0.199514] cpuidle: using governor menu
[    0.218200] /ocp/interconnect@44c00000/segment@200000/target-module@b000/i2c@0/tda19988@70: Fixed dependency cycle(s) with /ocp/interconnect@48000000/segment@300000/target-module@e000/lcdc@0
[    0.219373] /ocp/interconnect@48000000/segment@300000/target-module@e000/lcdc@0: Fixed dependency cycle(s) with /ocp/interconnect@44c00000/segment@200000/target-module@b000/i2c@0/tda19988@70
[    0.221766] No ATAGs?
[    0.221787] hw-breakpoint: debug architecture 0x4 unsupported.
[    0.224619] kprobes: kprobe jump-optimization is enabled. All kprobes are optimized if possible.
[    0.234172] iommu: Default domain type: Translated
[    0.234195] iommu: DMA domain TLB invalidation policy: strict mode
[    0.241041] reg-fixed-voltage fixedregulator0: using DT '/fixedregulator0' for '(default)' GPIO lookup
[    0.241097] of_get_named_gpiod_flags: can't parse 'gpios' property of node '/fixedregulator0[0]'
[    0.241127] of_get_named_gpiod_flags: can't parse 'gpio' property of node '/fixedregulator0[0]'
[    0.241145] reg-fixed-voltage fixedregulator0: using lookup tables for GPIO lookup
[    0.241156] reg-fixed-voltage fixedregulator0: No GPIO consumer (default) found
[    0.242199] SCSI subsystem initialized
[    0.242700] libata version 3.00 loaded.
[    0.243072] pps_core: LinuxPPS API ver. 1 registered
[    0.243083] pps_core: Software ver. 5.3.6 - Copyright 2005-2007 Rodolfo Giometti <giometti@linux.it>
[    0.243109] PTP clock support registered
[    0.251566] vgaarb: loaded
[    0.251994] clocksource: Switched to clocksource dmtimer
[    0.252661] VFS: Disk quotas dquot_6.6.0
[    0.252706] VFS: Dquot-cache hash table entries: 1024 (order 0, 4096 bytes)
[    0.277800] NET: Registered PF_INET protocol family
[    0.278151] IP idents hash table entries: 8192 (order: 4, 65536 bytes, linear)
[    0.279576] tcp_listen_portaddr_hash hash table entries: 512 (order: 0, 4096 bytes, linear)
[    0.279616] Table-perturb hash table entries: 65536 (order: 6, 262144 bytes, linear)
[    0.279633] TCP established hash table entries: 4096 (order: 2, 16384 bytes, linear)
[    0.279676] TCP bind hash table entries: 4096 (order: 4, 65536 bytes, linear)
[    0.279775] TCP: Hash tables configured (established 4096 bind 4096)
[    0.279894] UDP hash table entries: 256 (order: 1, 14336 bytes, linear)
[    0.279933] UDP-Lite hash table entries: 256 (order: 1, 14336 bytes, linear)
[    0.280115] NET: Registered PF_UNIX/PF_LOCAL protocol family
[    0.281421] RPC: Registered named UNIX socket transport module.
[    0.281440] RPC: Registered udp transport module.
[    0.281446] RPC: Registered tcp transport module.
[    0.281451] RPC: Registered tcp-with-tls transport module.
[    0.281456] RPC: Registered tcp NFSv4.1 backchannel transport module.
[    0.281480] PCI: CLS 0 bytes, default 64
[    0.283079] Initialise system trusted keyrings
[    0.292310] workingset: timestamp_bits=14 max_order=17 bucket_order=3
[    0.293664] NFS: Registering the id_resolver key type
[    0.293739] Key type id_resolver registered
[    0.293747] Key type id_legacy registered
[    0.293796] jffs2: version 2.2. (NAND) (SUMMARY)  Â© 2001-2006 Red Hat, Inc.
[    0.294208] Key type asymmetric registered
[    0.294226] Asymmetric key parser 'x509' registered
[    0.294292] io scheduler mq-deadline registered
[    0.294303] io scheduler kyber registered
[    0.294376] io scheduler bfq registered
[    0.295996] ledtrig-cpu: registered to indicate activity on CPUs
[    0.302711] Serial: 8250/16550 driver, 6 ports, IRQ sharing enabled
[    0.349148] brd: module loaded
[    0.379084] loop: module loaded
[    0.380031] mtdoops: mtd device (mtddev=name/number) must be supplied
[    0.381780] mdio_bus fixed-0: using lookup tables for GPIO lookup
[    0.381806] mdio_bus fixed-0: No GPIO consumer reset found
[    0.383387] i2c_dev: i2c /dev entries driver
[    0.384373] cpuidle: enable-method property 'ti,am3352' found operations
[    0.384825] sdhci: Secure Digital Host Controller Interface driver
[    0.384835] sdhci: Copyright(c) Pierre Ossman
[    0.385008] sdhci-pltfm: SDHCI platform and OF driver helper
[    0.386033] Initializing XFRM netlink socket
[    0.386183] NET: Registered PF_INET6 protocol family
[    0.388142] Segment Routing with IPv6
[    0.388237] In-situ OAM (IOAM) with IPv6
[    0.388332] sit: IPv6, IPv4 and MPLS over IPv4 tunneling driver
[    0.389293] NET: Registered PF_PACKET protocol family
[    0.389330] NET: Registered PF_KEY protocol family
[    0.389495] Key type dns_resolver registered
[    0.389771] ThumbEE CPU extension supported.
[    0.389791] Registering SWP/SWPB emulation handler
[    0.390332] omap_voltage_late_init: Voltage driver support not added
[    0.390705] SmartReflex Class3 initialized
[    0.425115] Loading compiled-in X.509 certificates
[    0.472956] /ocp/interconnect@44c00000/segment@200000/target-module@b000/i2c@0/tda19988@70: Fixed dependency cycle(s) with /ocp/interconnect@48000000/segment@300000/target-module@e000/lcdc@0
[    0.479441] /ocp/interconnect@44c00000/segment@200000/target-module@b000/i2c@0/tda19988@70: Fixed dependency cycle(s) with /ocp/interconnect@48000000/segment@300000/target-module@e000/lcdc@0
[    0.485241] gpiochip_find_base_unlocked: found new base at 512
[    0.509444] /ocp/interconnect@44c00000/segment@200000/target-module@b000/i2c@0/tda19988@70: Fixed dependency cycle(s) with /ocp/interconnect@48000000/segment@300000/target-module@e000/lcdc@0
[    0.510319] /ocp/interconnect@44c00000/segment@200000/target-module@b000/i2c@0/tda19988@70: Fixed dependency cycle(s) with /ocp/interconnect@48000000/segment@300000/target-module@e000/lcdc@0
[    0.514023] /ocp/interconnect@44c00000/segment@200000/target-module@10000/scm@0/pinmux@800: Fixed dependency cycle(s) with /ocp/interconnect@44c00000/segment@200000/target-module@10000/scm@0/pinmux@800/clkout2-pins
[    0.514611] pinctrl-single 44e10800.pinmux: 142 pins, size 568
[    0.519736] ti-sysc 44e31000.target-module: probe with driver ti-sysc failed with error -16
[    0.540762] /ocp/interconnect@48000000/segment@300000/target-module@e000/lcdc@0: Fixed dependency cycle(s) with /ocp/interconnect@44c00000/segment@200000/target-module@b000/i2c@0/tda19988@70
[    0.548795] ti-sysc 48040000.target-module: probe with driver ti-sysc failed with error -16
[    0.560032] gpiochip_find_base_unlocked: found new base at 512
[    0.560136] gpio gpiochip0: (gpio-0-31): created GPIO range 0->7 ==> 44e10800.pinmux PIN 0->7
[    0.560157] gpio gpiochip0: (gpio-0-31): created GPIO range 8->11 ==> 44e10800.pinmux PIN 90->93
[    0.560172] gpio gpiochip0: (gpio-0-31): created GPIO range 12->27 ==> 44e10800.pinmux PIN 12->27
[    0.560187] gpio gpiochip0: (gpio-0-31): created GPIO range 28->31 ==> 44e10800.pinmux PIN 30->33
[    0.598392] gpio gpiochip0: (gpio-0-31): added GPIO chardev (254:0)
[    0.598540] gpio gpiochip0: registered GPIOs 512 to 543 on gpio-0-31
[    0.598636] OMAP GPIO hardware version 0.1
[    0.625370] i2c i2c-2: using DT '/ocp/interconnect@48000000/segment@100000/target-module@9c000/i2c@0' for 'scl' GPIO lookup
[    0.625445] of_get_named_gpiod_flags: can't parse 'scl-gpios' property of node '/ocp/interconnect@48000000/segment@100000/target-module@9c000/i2c@0[0]'
[    0.625488] of_get_named_gpiod_flags: can't parse 'scl-gpio' property of node '/ocp/interconnect@48000000/segment@100000/target-module@9c000/i2c@0[0]'
[    0.625525] i2c i2c-2: using lookup tables for GPIO lookup
[    0.625535] i2c i2c-2: No GPIO consumer scl found
[    0.625556] i2c i2c-2: using DT '/ocp/interconnect@48000000/segment@100000/target-module@9c000/i2c@0' for 'sda' GPIO lookup
[    0.625593] of_get_named_gpiod_flags: can't parse 'sda-gpios' property of node '/ocp/interconnect@48000000/segment@100000/target-module@9c000/i2c@0[0]'
[    0.625631] of_get_named_gpiod_flags: can't parse 'sda-gpio' property of node '/ocp/interconnect@48000000/segment@100000/target-module@9c000/i2c@0[0]'
[    0.625663] i2c i2c-2: using lookup tables for GPIO lookup
[    0.625671] i2c i2c-2: No GPIO consumer sda found
[    0.626399] omap_i2c 4819c000.i2c: bus 2 rev0.11 at 100 kHz
[    0.631775] gpiochip_find_base_unlocked: found new base at 544
[    0.631876] gpio gpiochip1: (gpio-32-63): created GPIO range 0->17 ==> 44e10800.pinmux PIN 34->51
[    0.631896] gpio gpiochip1: (gpio-32-63): created GPIO range 18->21 ==> 44e10800.pinmux PIN 77->80
[    0.631913] gpio gpiochip1: (gpio-32-63): created GPIO range 22->31 ==> 44e10800.pinmux PIN 56->65
[    0.633167] gpio gpiochip1: (gpio-32-63): added GPIO chardev (254:1)
[    0.633316] gpio gpiochip1: registered GPIOs 544 to 575 on gpio-32-63
[    0.635543] gpiochip_find_base_unlocked: found new base at 576
[    0.635635] gpio gpiochip2: (gpio-64-95): created GPIO range 0->4 ==> 44e10800.pinmux PIN 66->70
[    0.635660] gpio gpiochip2: (gpio-64-95): created GPIO range 5->6 ==> 44e10800.pinmux PIN 98->99
[    0.635677] gpio gpiochip2: (gpio-64-95): created GPIO range 7->8 ==> 44e10800.pinmux PIN 75->76
[    0.635692] gpio gpiochip2: (gpio-64-95): created GPIO range 13->13 ==> 44e10800.pinmux PIN 141->141
[    0.635709] gpio gpiochip2: (gpio-64-95): created GPIO range 14->21 ==> 44e10800.pinmux PIN 100->107
[    0.636361] gpio gpiochip2: (gpio-64-95): added GPIO chardev (254:2)
[    0.636499] gpio gpiochip2: registered GPIOs 576 to 607 on gpio-64-95
[    0.642218] 48000000.interconnect:segment@200000:target-module@0:mpu@0:fck: device ID is greater than 24
[    0.643163] /ocp/interconnect@48000000/segment@300000/target-module@e000/lcdc@0: Fixed dependency cycle(s) with /ocp/interconnect@44c00000/segment@200000/target-module@b000/i2c@0/tda19988@70
[    0.645931] /ocp/interconnect@48000000/segment@300000/target-module@e000/lcdc@0: Fixed dependency cycle(s) with /ocp/interconnect@44c00000/segment@200000/target-module@b000/i2c@0/tda19988@70
[    0.646628] /ocp/interconnect@44c00000/segment@200000/target-module@b000/i2c@0/tda19988@70: Fixed dependency cycle(s) with /ocp/interconnect@48000000/segment@300000/target-module@e000/lcdc@0
[    0.646797] /ocp/interconnect@48000000/segment@300000/target-module@e000/lcdc@0: Fixed dependency cycle(s) with /ocp/interconnect@44c00000/segment@200000/target-module@b000/i2c@0/tda19988@70
[    0.656427] mdio_bus 4a101000.mdio: using DT '/ocp/interconnect@4a000000/segment@0/target-module@100000/switch@0/mdio@1000' for 'reset' GPIO lookup
[    0.656501] of_get_named_gpiod_flags: can't parse 'reset-gpios' property of node '/ocp/interconnect@4a000000/segment@0/target-module@100000/switch@0/mdio@1000[0]'
[    0.656549] of_get_named_gpiod_flags: can't parse 'reset-gpio' property of node '/ocp/interconnect@4a000000/segment@0/target-module@100000/switch@0/mdio@1000[0]'
[    0.656597] mdio_bus 4a101000.mdio: using lookup tables for GPIO lookup
[    0.656609] mdio_bus 4a101000.mdio: No GPIO consumer reset found
[    0.657865] sdhci-omap 481d8000.mmc: using DT '/ocp/interconnect@48000000/segment@100000/target-module@d8000/mmc@0' for 'wp' GPIO lookup
[    0.657929] of_get_named_gpiod_flags: can't parse 'wp-gpios' property of node '/ocp/interconnect@48000000/segment@100000/target-module@d8000/mmc@0[0]'
[    0.657972] of_get_named_gpiod_flags: can't parse 'wp-gpio' property of node '/ocp/interconnect@48000000/segment@100000/target-module@d8000/mmc@0[0]'
[    0.658008] sdhci-omap 481d8000.mmc: using lookup tables for GPIO lookup
[    0.658018] sdhci-omap 481d8000.mmc: No GPIO consumer wp found
[    0.658214] sdhci-omap 481d8000.mmc: supply pbias not found, using dummy regulator
[    0.658723] sdhci-omap 481d8000.mmc: supply vqmmc not found, using dummy regulator
[    0.713373] davinci_mdio 4a101000.mdio: davinci mdio revision 1.6, bus freq 1000000
[    0.738975] mdio_bus 4a101000.mdio:00: using DT '/ocp/interconnect@4a000000/segment@0/target-module@100000/switch@0/mdio@1000/ethernet-phy@0' for 'reset' GPIO lookup
[    0.739081] of_get_named_gpiod_flags: parsed 'reset-gpios' property of node '/ocp/interconnect@4a000000/segment@0/target-module@100000/switch@0/mdio@1000/ethernet-phy@0[0]' - status (0)
[    0.739250] gpio gpiochip0: Persistence not supported for GPIO 8
[    0.869275] davinci_mdio 4a101000.mdio: phy[0]: device 4a101000.mdio:00, driver SMSC LAN8710/LAN8720
[    0.870057] cpsw-switch 4a100000.switch: initialized cpsw ale version 1.4
[    0.870082] cpsw-switch 4a100000.switch: ALE Table size 1024, Policers 0
[    0.870235] cpsw-switch 4a100000.switch: cpts: overflow check period 500 (jiffies)
[    0.870254] cpsw-switch 4a100000.switch: CPTS: ref_clk_freq:250000000 calc_mult:2147483648 calc_shift:29 error:0 nsec/sec
[    0.870366] cpsw-switch 4a100000.switch: Detected MACID = 6c:ec:eb:68:de:78
[    0.872390] cpsw-switch 4a100000.switch: initialized (regs 0x4a100000, pool size 256) hw_ver:0019010C 1.12 (0)
[    0.883409] debugfs: Directory '49000000.dma' with parent 'dmaengine' already present!
[    0.883450] edma 49000000.dma: TI EDMA DMA engine driver
[    0.924967] target-module@4b000000:target-module@140000:pmu@0:fck: device ID is greater than 24
[    0.946413] hw perfevents: enabled with armv7_cortex_a8 PMU driver, 5 (8000000f) counters available
[    0.947323] gpio-clk clk_mcasp0: using DT '/clk_mcasp0' for 'enable' GPIO lookup
[    0.947397] of_get_named_gpiod_flags: parsed 'enable-gpios' property of node '/clk_mcasp0[0]' - status (0)
[    0.947443] gpio gpiochip0: Persistence not supported for GPIO 27
[    0.948244] gpiochip_find_base_unlocked: found new base at 608
[    0.948350] gpio gpiochip3: (gpio-96-127): created GPIO range 0->7 ==> 44e10800.pinmux PIN 82->89
[    0.948371] gpio gpiochip3: (gpio-96-127): created GPIO range 8->11 ==> 44e10800.pinmux PIN 52->55
[    0.948386] gpio gpiochip3: (gpio-96-127): created GPIO range 12->15 ==> 44e10800.pinmux PIN 94->97
[    0.948402] gpio gpiochip3: (gpio-96-127): created GPIO range 16->17 ==> 44e10800.pinmux PIN 71->72
[    0.948417] gpio gpiochip3: (gpio-96-127): created GPIO range 18->18 ==> 44e10800.pinmux PIN 135->135
[    0.948439] gpio gpiochip3: (gpio-96-127): created GPIO range 19->20 ==> 44e10800.pinmux PIN 108->109
[    0.948457] gpio gpiochip3: (gpio-96-127): created GPIO range 21->21 ==> 44e10800.pinmux PIN 73->73
[    0.948473] gpio gpiochip3: (gpio-96-127): created GPIO range 22->23 ==> 44e10800.pinmux PIN 8->9
[    0.948490] gpio gpiochip3: (gpio-96-127): created GPIO range 26->27 ==> 44e10800.pinmux PIN 10->11
[    0.948508] gpio gpiochip3: (gpio-96-127): created GPIO range 28->28 ==> 44e10800.pinmux PIN 74->74
[    0.948525] gpio gpiochip3: (gpio-96-127): created GPIO range 29->29 ==> 44e10800.pinmux PIN 81->81
[    0.948543] gpio gpiochip3: (gpio-96-127): created GPIO range 30->31 ==> 44e10800.pinmux PIN 28->29
[    0.954123] l3-aon-clkctrl:0000:0: failed to disable
[    0.954663] gpio gpiochip3: (gpio-96-127): added GPIO chardev (254:3)
[    0.954811] gpio gpiochip3: registered GPIOs 608 to 639 on gpio-96-127
[    0.968483] omap8250 44e09000.serial: using DT '/ocp/interconnect@44c00000/segment@200000/target-module@9000/serial@0' for 'rs485-term' GPIO lookup
[    0.968558] of_get_named_gpiod_flags: can't parse 'rs485-term-gpios' property of node '/ocp/interconnect@44c00000/segment@200000/target-module@9000/serial@0[0]'
[    0.968604] of_get_named_gpiod_flags: can't parse 'rs485-term-gpio' property of node '/ocp/interconnect@44c00000/segment@200000/target-module@9000/serial@0[0]'
[    0.968641] omap8250 44e09000.serial: using lookup tables for GPIO lookup
[    0.968652] omap8250 44e09000.serial: No GPIO consumer rs485-term found
[    0.968662] omap8250 44e09000.serial: using DT '/ocp/interconnect@44c00000/segment@200000/target-module@9000/serial@0' for 'rs485-rx-during-tx' GPIO lookup
[    0.968698] of_get_named_gpiod_flags: can't parse 'rs485-rx-during-tx-gpios' property of node '/ocp/interconnect@44c00000/segment@200000/target-module@9000/serial@0[0]'
[    0.968737] of_get_named_gpiod_flags: can't parse 'rs485-rx-during-tx-gpio' property of node '/ocp/interconnect@44c00000/segment@200000/target-module@9000/serial@0[0]'
[    0.968769] omap8250 44e09000.serial: using lookup tables for GPIO lookup
[    0.968777] omap8250 44e09000.serial: No GPIO consumer rs485-rx-during-tx found
[    0.969181] 44e09000.serial: ttyS0 at MMIO 0x44e09000 (irq = 34, base_baud = 3000000) is a 8250
[    0.969271] printk: legacy console [ttyS0] enabled
[    2.463101] i2c i2c-0: using DT '/ocp/interconnect@44c00000/segment@200000/target-module@b000/i2c@0' for 'scl' GPIO lookup
[    2.463195] of_get_named_gpiod_flags: can't parse 'scl-gpios' property of node '/ocp/interconnect@44c00000/segment@200000/target-module@b000/i2c@0[0]'
[    2.463243] of_get_named_gpiod_flags: can't parse 'scl-gpio' property of node '/ocp/interconnect@44c00000/segment@200000/target-module@b000/i2c@0[0]'
[    2.463284] i2c i2c-0: using lookup tables for GPIO lookup
[    2.463300] i2c i2c-0: No GPIO consumer scl found
[    2.463327] i2c i2c-0: using DT '/ocp/interconnect@44c00000/segment@200000/target-module@b000/i2c@0' for 'sda' GPIO lookup
[    2.463367] of_get_named_gpiod_flags: can't parse 'sda-gpios' property of node '/ocp/interconnect@44c00000/segment@200000/target-module@b000/i2c@0[0]'
[    2.463411] of_get_named_gpiod_flags: can't parse 'sda-gpio' property of node '/ocp/interconnect@44c00000/segment@200000/target-module@b000/i2c@0[0]'
[    2.463448] i2c i2c-0: using lookup tables for GPIO lookup
[    2.463461] i2c i2c-0: No GPIO consumer sda found
[    2.482988] tps65217-pmic: Failed to locate of_node [id: -1]
[    2.489057] tps65217-bl: Failed to locate of_node [id: -1]
[    2.500529] tps65217 0-0024: TPS65217 ID 0xe version 1.2
[    2.506684] /ocp/interconnect@48000000/segment@300000/target-module@e000/lcdc@0: Fixed dependency cycle(s) with /ocp/interconnect@44c00000/segment@200000/target-module@b000/i2c@0/tda19988@70
[    2.524046] /ocp/interconnect@44c00000/segment@200000/target-module@b000/i2c@0/tda19988@70: Fixed dependency cycle(s) with /ocp/interconnect@48000000/segment@300000/target-module@e000/lcdc@0
[    2.541412] omap_i2c 44e0b000.i2c: bus 0 rev0.11 at 400 kHz
[    2.549257] sdhci-omap 48060000.mmc: using DT '/ocp/interconnect@48000000/segment@0/target-module@60000/mmc@0' for 'cd' GPIO lookup
[    2.549384] of_get_named_gpiod_flags: parsed 'cd-gpios' property of node '/ocp/interconnect@48000000/segment@0/target-module@60000/mmc@0[0]' - status (0)
[    2.549453] gpio gpiochip3: Persistence not supported for GPIO 6
[    2.549480] omap_gpio 44e07000.gpio: Could not set line 6 debounce to 200000 microseconds (-22)
[    2.558369] sdhci-omap 48060000.mmc: Got CD GPIO
[    2.563055] sdhci-omap 48060000.mmc: using DT '/ocp/interconnect@48000000/segment@0/target-module@60000/mmc@0' for 'wp' GPIO lookup
[    2.563117] of_get_named_gpiod_flags: can't parse 'wp-gpios' property of node '/ocp/interconnect@48000000/segment@0/target-module@60000/mmc@0[0]'
[    2.563168] of_get_named_gpiod_flags: can't parse 'wp-gpio' property of node '/ocp/interconnect@48000000/segment@0/target-module@60000/mmc@0[0]'
[    2.563209] sdhci-omap 48060000.mmc: using lookup tables for GPIO lookup
[    2.563225] sdhci-omap 48060000.mmc: No GPIO consumer wp found
[    2.563440] sdhci-omap 48060000.mmc: supply pbias not found, using dummy regulator
[    2.572273] sdhci-omap 481d8000.mmc: using DT '/ocp/interconnect@48000000/segment@100000/target-module@d8000/mmc@0' for 'wp' GPIO lookup
[    2.572354] of_get_named_gpiod_flags: can't parse 'wp-gpios' property of node '/ocp/interconnect@48000000/segment@100000/target-module@d8000/mmc@0[0]'
[    2.572402] of_get_named_gpiod_flags: can't parse 'wp-gpio' property of node '/ocp/interconnect@48000000/segment@100000/target-module@d8000/mmc@0[0]'
[    2.572442] sdhci-omap 481d8000.mmc: using lookup tables for GPIO lookup
[    2.572457] sdhci-omap 481d8000.mmc: No GPIO consumer wp found
[    2.573992] sdhci-omap 48060000.mmc: supply vqmmc not found, using dummy regulator
[    2.582802] sdhci-omap 481d8000.mmc: supply pbias not found, using dummy regulator
[    2.590788] sdhci-omap 481d8000.mmc: supply vqmmc not found, using dummy regulator
[    2.629890] mmc1: SDHCI controller on 481d8000.mmc [481d8000.mmc] using External DMA
[    2.639149] mmc0: SDHCI controller on 48060000.mmc [48060000.mmc] using External DMA
[    2.648042] cpsw-switch 4a100000.switch: starting ndev. mode: dual_mac
[    2.691198] mmc0: new high speed SDHC card at address 5048
[    2.698311] mmcblk0: mmc0:5048 SD16G 14.4 GiB
[    2.706481]  mmcblk0: p1 p2
[    2.709883] mmcblk0: p2 size 31221760 extends beyond EOD, truncated
[    2.723311] SMSC LAN8710/LAN8720 4a101000.mdio:00: attached PHY driver (mii_bus:phy_addr=4a101000.mdio:00, irq=POLL)
[    2.740417] mmc1: new high speed MMC card at address 0001
[    2.747474] mmcblk1: mmc1:0001 MMC04G 3.60 GiB
[    2.754995]  mmcblk1: p1 p2
[    2.759266] mmcblk1boot0: mmc1:0001 MMC04G 2.00 MiB
[    2.766616] mmcblk1boot1: mmc1:0001 MMC04G 2.00 MiB
[    2.774180] mmcblk1rpmb: mmc1:0001 MMC04G 128 KiB, chardev (250:0)
[    5.922774] cpsw-switch 4a100000.switch eth0: Link is Up - 100Mbps/Full - flow control off
[    5.952013] IP-Config: Complete:
[    5.955287]      device=eth0, hwaddr=6c:ec:eb:68:de:78, ipaddr=192.168.255.1, mask=255.255.255.0, gw=255.255.255.255
[    5.965936]      host=bbb1, domain=, nis-domain=(none)
[    5.971105]      bootserver=192.168.255.126, rootserver=192.168.255.126, rootpath=
[    5.971526] clk: Disabling unused clocks
[    5.983392] PM: genpd: Disabling unused power domains
[    5.988509] KTAP version 1
[    5.991231] 1..0
[    6.021373] VFS: Mounted root (nfs filesystem) on device 0:17.
[    6.028639] devtmpfs: mounted
[    6.033490] Freeing unused kernel image (initmem) memory: 1024K
[    6.040126] Run /sbin/init as init process
[    6.044389]   with arguments:
[    6.044406]     /sbin/init
[    6.044416]     nfsrootdebug
[    6.044426]   with environment:
[    6.044435]     HOME=/
[    6.044445]     TERM=linux
[    6.759602] systemd[1]: System time before build time, advancing clock.
[    8.232030] random: crng init done
[    8.272875] systemd[1]: systemd 232 running in system mode. (+PAM +AUDIT +SELINUX +IMA +APPARMOR +SMACK +SYSVINIT +UTMP +LIBCRYPTSETUP +GCRYPT +GNUTLS +ACL +XZ +LZ4 +SECCOMP +BLKID +ELFUTILS +KMOD +IDN)
[    8.291904] systemd[1]: Detected architecture arm.
[    8.325240] systemd[1]: Set hostname to <arm>.
[    9.491549] systemd[1]: Listening on /dev/initctl Compatibility Named Pipe.
[    9.523630] systemd[1]: Created slice System Slice.
[    9.553422] systemd[1]: Created slice system-getty.slice.
[    9.584288] systemd[1]: Listening on Journal Socket.
[    9.612457] systemd[1]: Reached target Remote File Systems.
[    9.642359] systemd[1]: Reached target Swap.
[    9.663232] systemd[1]: Created slice User and Session Slice.
[   11.594242] systemd-journald[83]: Received request to flush runtime journal from PID 1
[   14.657953] leds-gpio leds: using DT '/leds/led2' for '(default)' GPIO lookup
[   14.658062] of_get_named_gpiod_flags: parsed 'gpios' property of node '/leds/led2[0]' - status (0)
[   14.658121] gpio gpiochip0: Persistence not supported for GPIO 21
[   14.658137] gpio-533 (?): no flags found for GPIO (default)
[   14.700743] leds-gpio leds: using DT '/leds/led3' for '(default)' GPIO lookup
[   14.700861] of_get_named_gpiod_flags: parsed 'gpios' property of node '/leds/led3[0]' - status (0)
[   14.700916] gpio gpiochip0: Persistence not supported for GPIO 22
[   14.700932] gpio-534 (?): no flags found for GPIO (default)
[   14.742526] leds-gpio leds: using DT '/leds/led4' for '(default)' GPIO lookup
[   14.742627] of_get_named_gpiod_flags: parsed 'gpios' property of node '/leds/led4[0]' - status (0)
[   14.742680] gpio gpiochip0: Persistence not supported for GPIO 23
[   14.742696] gpio-535 (?): no flags found for GPIO (default)
[   14.773061] leds-gpio leds: using DT '/leds/led5' for '(default)' GPIO lookup
[   14.773172] of_get_named_gpiod_flags: parsed 'gpios' property of node '/leds/led5[0]' - status (0)
[   14.773228] gpio gpiochip0: Persistence not supported for GPIO 24
[   14.773243] gpio-536 (?): no flags found for GPIO (default)
[   15.136261] remoteproc remoteproc0: wkup_m3 is available
[   15.427422] omap_rtc 44e3e000.rtc: registered as rtc0
[   15.435495] omap_rtc 44e3e000.rtc: setting system clock to 2000-01-01T00:00:00 UTC (946684800)
[   15.444303] omap_rtc 44e3e000.rtc: using DT '/ocp/interconnect@44c00000/segment@200000/target-module@3e000/rtc@0' for 'wp' GPIO lookup
[   15.444380] of_get_named_gpiod_flags: can't parse 'wp-gpios' property of node '/ocp/interconnect@44c00000/segment@200000/target-module@3e000/rtc@0[0]'
[   15.444433] of_get_named_gpiod_flags: can't parse 'wp-gpio' property of node '/ocp/interconnect@44c00000/segment@200000/target-module@3e000/rtc@0[0]'
[   15.444475] omap_rtc 44e3e000.rtc: using lookup tables for GPIO lookup
[   15.444491] omap_rtc 44e3e000.rtc: No GPIO consumer wp found
[   15.576214] omap_wdt: OMAP Watchdog Timer Rev 0x01: initial timeout 60 sec
[   15.611822] am335x-phy-driver 47401300.usb-phy: using DT '/ocp/target-module@47400000/usb-phy@1300' for 'reset' GPIO lookup
[   15.611922] of_get_named_gpiod_flags: can't parse 'reset-gpios' property of node '/ocp/target-module@47400000/usb-phy@1300[0]'
[   15.612251] of_get_named_gpiod_flags: can't parse 'reset-gpio' property of node '/ocp/target-module@47400000/usb-phy@1300[0]'
[   15.612304] am335x-phy-driver 47401300.usb-phy: using lookup tables for GPIO lookup
[   15.612321] am335x-phy-driver 47401300.usb-phy: No GPIO consumer reset found
[   15.612339] am335x-phy-driver 47401300.usb-phy: using DT '/ocp/target-module@47400000/usb-phy@1300' for 'vbus-detect' GPIO lookup
[   15.612373] of_get_named_gpiod_flags: can't parse 'vbus-detect-gpios' property of node '/ocp/target-module@47400000/usb-phy@1300[0]'
[   15.612407] of_get_named_gpiod_flags: can't parse 'vbus-detect-gpio' property of node '/ocp/target-module@47400000/usb-phy@1300[0]'
[   15.612435] am335x-phy-driver 47401300.usb-phy: using lookup tables for GPIO lookup
[   15.612448] am335x-phy-driver 47401300.usb-phy: No GPIO consumer vbus-detect found
[   15.612601] am335x-phy-driver 47401300.usb-phy: dummy supplies not allowed for exclusive requests (id=vbus)
[   15.672577] at24 2-0054: supply vcc not found, using dummy regulator
[   15.734416] at24 2-0055: supply vcc not found, using dummy regulator
[   15.858558] at24 2-0056: supply vcc not found, using dummy regulator
[   15.981017] at24 2-0057: supply vcc not found, using dummy regulator
[   16.144488] at24 0-0050: using DT '/ocp/interconnect@44c00000/segment@200000/target-module@b000/i2c@0/eeprom@50' for 'wp' GPIO lookup
[   16.144611] of_get_named_gpiod_flags: can't parse 'wp-gpios' property of node '/ocp/interconnect@44c00000/segment@200000/target-module@b000/i2c@0/eeprom@50[0]'
[   16.144675] of_get_named_gpiod_flags: can't parse 'wp-gpio' property of node '/ocp/interconnect@44c00000/segment@200000/target-module@b000/i2c@0/eeprom@50[0]'
[   16.144831] at24 0-0050: using lookup tables for GPIO lookup
[   16.144850] at24 0-0050: No GPIO consumer wp found
[   16.145192] at24 0-0050: 32768 byte 24c256 EEPROM, writable, 1 bytes/write
[   16.218122] am335x-phy-driver 47401b00.usb-phy: using DT '/ocp/target-module@47400000/usb-phy@1b00' for 'reset' GPIO lookup
[   16.218216] of_get_named_gpiod_flags: can't parse 'reset-gpios' property of node '/ocp/target-module@47400000/usb-phy@1b00[0]'
[   16.218260] of_get_named_gpiod_flags: can't parse 'reset-gpio' property of node '/ocp/target-module@47400000/usb-phy@1b00[0]'
[   16.218298] am335x-phy-driver 47401b00.usb-phy: using lookup tables for GPIO lookup
[   16.218315] am335x-phy-driver 47401b00.usb-phy: No GPIO consumer reset found
[   16.218330] am335x-phy-driver 47401b00.usb-phy: using DT '/ocp/target-module@47400000/usb-phy@1b00' for 'vbus-detect' GPIO lookup
[   16.218363] of_get_named_gpiod_flags: can't parse 'vbus-detect-gpios' property of node '/ocp/target-module@47400000/usb-phy@1b00[0]'
[   16.218397] of_get_named_gpiod_flags: can't parse 'vbus-detect-gpio' property of node '/ocp/target-module@47400000/usb-phy@1b00[0]'
[   16.218425] am335x-phy-driver 47401b00.usb-phy: using lookup tables for GPIO lookup
[   16.218438] am335x-phy-driver 47401b00.usb-phy: No GPIO consumer vbus-detect found
[   16.218589] am335x-phy-driver 47401b00.usb-phy: dummy supplies not allowed for exclusive requests (id=vbus)
[   16.368089] tps6521x_pwrbutton tps65217-pwrbutton: DMA mask not set
[   16.505325] wkup_m3_ipc 44e11324.wkup_m3_ipc: IPC Request for A8->M3 Channel failed! -517
[   16.563668] input: tps65217_pwrbutton as /devices/platform/ocp/44c00000.interconnect/44c00000.interconnect:segment@200000/44e0b000.target-module/44e0b000.i2c/i2c-0/0-0024/tps65217-pwrbutton/input/input0
[   16.595455] wkup_m3_ipc 44e11324.wkup_m3_ipc: IPC Request for A8->M3 Channel failed! -517
[   17.169931] usbcore: registered new interface driver usbfs
[   17.175805] usbcore: registered new interface driver hub
[   17.181255] usbcore: registered new device driver usb
[   17.515707] tda998x 0-0070: found TDA19988
[   17.583211] wkup_m3_ipc 44e11324.wkup_m3_ipc: IPC Request for A8->M3 Channel failed! -517
[   17.818757] omap-mailbox 480c8000.mailbox: omap mailbox rev 0x400
[   17.890266] remoteproc remoteproc0: powering up wkup_m3
[   18.023066] remoteproc remoteproc0: Direct firmware load for am335x-pm-firmware.elf failed with error -2
[   18.032903] remoteproc remoteproc0: request_firmware failed: -2
[   18.038871] wkup_m3_ipc 44e11324.wkup_m3_ipc: rproc_boot failed
[   18.101270] musb-hdrc musb-hdrc.1: MUSB HDRC host driver
[   18.106953] musb-hdrc musb-hdrc.1: new USB bus registered, assigned bus number 1
[   18.355793] usb usb1: New USB device found, idVendor=1d6b, idProduct=0002, bcdDevice= 6.13
[   18.364323] usb usb1: New USB device strings: Mfr=3, Product=2, SerialNumber=1
[   18.371595] usb usb1: Product: MUSB HDRC host driver
[   18.376662] usb usb1: Manufacturer: Linux 6.13.0-rc3-next-20241218 musb-hcd
[   18.383686] usb usb1: SerialNumber: musb-hdrc.1
[   18.848274] hub 1-0:1.0: USB hub found
[   18.915997] hub 1-0:1.0: 1 port detected
[   20.315932] omap_rng 48310000.rng: Random Number Generator ver. 20
[   20.534537] tilcdc 4830e000.lcdc: bound 0-0070 (ops 0xbf053030)
[   20.603568] [drm] Initialized tilcdc 1.0.0 for 4830e000.lcdc on minor 0
[   20.688633] tilcdc 4830e000.lcdc: [drm] Cannot find any crtc or sizes
[   20.697038] tilcdc 4830e000.lcdc: [drm] Cannot find any crtc or sizes
[   21.748310] PM: Cannot get wkup_m3_ipc handle
[   21.988318] omap-sham 53100000.sham: hw accel on OMAP rev 4.3
[   22.136426] omap-sham 53100000.sham: will run requests pump with realtime priority
[   22.153160] PM: Cannot get wkup_m3_ipc handle
[   22.305364] omap-aes 53500000.aes: OMAP AES hw accel rev: 3.2
[   22.438675] omap-aes 53500000.aes: will run requests pump with realtime priority
[   22.448279] PM: Cannot get wkup_m3_ipc handle
[   24.620560] Bluetooth: Core ver 2.22
[   24.624593] NET: Registered PF_BLUETOOTH protocol family
[   24.629950] Bluetooth: HCI device and connection manager initialized
[   24.636475] Bluetooth: HCI socket layer initialized
[   24.641395] Bluetooth: L2CAP socket layer initialized
[   24.646585] Bluetooth: SCO socket layer initialized
[   25.484901] PM: Cannot get wkup_m3_ipc handle
[   25.490687] asoc-simple-card sound: using DT '/sound' for 'simple-audio-card,hp-det' GPIO lookup
[   25.490758] of_get_named_gpiod_flags: can't parse 'simple-audio-card,hp-det-gpios' property of node '/sound[0]'
[   25.490793] of_get_named_gpiod_flags: can't parse 'simple-audio-card,hp-det-gpio' property of node '/sound[0]'
[   25.490819] asoc-simple-card sound: using lookup tables for GPIO lookup
[   25.490835] asoc-simple-card sound: No GPIO consumer simple-audio-card,hp-det found
[   25.490851] asoc-simple-card sound: using DT '/sound' for 'simple-audio-card,mic-det' GPIO lookup
[   25.490876] of_get_named_gpiod_flags: can't parse 'simple-audio-card,mic-det-gpios' property of node '/sound[0]'
[   25.490902] of_get_named_gpiod_flags: can't parse 'simple-audio-card,mic-det-gpio' property of node '/sound[0]'
[   25.490923] asoc-simple-card sound: using lookup tables for GPIO lookup
[   25.490936] asoc-simple-card sound: No GPIO consumer simple-audio-card,mic-det found
[   25.597403] PM: Cannot get wkup_m3_ipc handle
[   27.977985] userial_init: registered 8 ttyGS* devices
[   28.285142] rndis_register: configNr = 0
[   28.385005] udc musb-hdrc.0: binding gadget driver [g_multi]
[   28.385105] configfs-gadget.g_multi gadget.0: adding 'rndis'/2aef96b5 to config 'c'/d032a67e
[   28.386298] configfs-gadget.g_multi gadget.0: HOST MAC 1c:ba:8c:a2:ed:6c
[   28.393310] configfs-gadget.g_multi gadget.0: MAC 1c:ba:8c:a2:ed:70
[   28.399683] rndis_set_param_medium: 0 0
[   28.399704] configfs-gadget.g_multi gadget.0: RNDIS: IN/ep1in OUT/ep1out NOTIFY/ep2in
[   28.399723] configfs-gadget.g_multi gadget.0: adding 'cdc_ethernet'/4d93d859 to config 'c'/d032a67e
[   28.400658] configfs-gadget.g_multi gadget.0: HOST MAC 1c:ba:8c:a2:ed:6c
[   28.407584] configfs-gadget.g_multi gadget.0: MAC 1c:ba:8c:a2:ed:6d
[   28.413963] configfs-gadget.g_multi gadget.0: CDC Ethernet: IN/ep3in OUT/ep2out NOTIFY/ep4in
[   28.413984] configfs-gadget.g_multi gadget.0: adding 'acm'/e524f28b to config 'c'/d032a67e
[   28.414029] configfs-gadget.g_multi gadget.0: acm ttyGS0: IN/ep5in OUT/ep3out NOTIFY/ep6in
[   28.416022] PM: Cannot get wkup_m3_ipc handle
[   29.766446] configfs-gadget.g_multi gadget.0: eth_open
[   30.687906] configfs-gadget.g_multi gadget.0: stop stats: rx/tx 0/0, errs 0/0
[   35.288522] gs_open: ttyGS0 (5aa5ade5,61b935b4)
[   35.288686] gs_close: ttyGS0 (5aa5ade5,61b935b4) ...
[   35.288711] gs_close: ttyGS0 (5aa5ade5,61b935b4) done!
[   35.306071] gs_open: ttyGS0 (98413e7d,61b935b4)
[   35.306176] gs_close: ttyGS0 (98413e7d,61b935b4) ...
[   35.306199] gs_close: ttyGS0 (98413e7d,61b935b4) done!
[   35.492745] gs_open: ttyGS0 (98413e7d,9624d475)
[   35.492983] gs_close: ttyGS0 (98413e7d,9624d475) ...
[   35.493014] gs_close: ttyGS0 (98413e7d,9624d475) done!
[   35.496443] gs_open: ttyGS0 (98413e7d,e42f2fbd)
PESBNYFTYC 0
root@arm:~# echo 'HQCS''EWPEZQ'
HQCSEWPEZQ
root@arm:~# MARKER='XLLO''SKCOUZ' run 'modprobe test_linear_ranges'
XLLOSKCOUZXLLOSKCOUZ 0
root@arm:~# echo 'GKVO''FCJPJA'
GKVOFCJPJA
root@arm:~# MARKER='XGKL''AZGJGZ' run dmesg
XGKLAZGJGZ[    0.000000] Booting Linux on physical CPU 0x0
[    0.000000] Linux version 6.13.0-rc3-next-20241218 (user01@drvtest01) (arm-linux-gnueabihf-gcc (Linaro GCC 6.4-2017.11) 6.4.1 20171012, GNU ld (Linaro_Binutils-2017.11) 2.27.0.20161229) #159 SMP Wed Dec 18 07:00:56 EET 2024
[    0.000000] CPU: ARMv7 Processor [413fc082] revision 2 (ARMv7), cr=10c5387d
[    0.000000] CPU: PIPT / VIPT nonaliasing data cache, VIPT aliasing instruction cache
[    0.000000] OF: fdt: Machine model: TI AM335x BeagleBone Black
[    0.000000] Memory policy: Data cache writeback
[    0.000000] cma: Reserved 16 MiB at 0x9e800000 on node -1
[    0.000000] Zone ranges:
[    0.000000]   Normal   [mem 0x0000000080000000-0x000000009fdfffff]
[    0.000000]   HighMem  empty
[    0.000000] Movable zone start for each node
[    0.000000] Early memory node ranges
[    0.000000]   node   0: [mem 0x0000000080000000-0x000000009fdfffff]
[    0.000000] Initmem setup node 0 [mem 0x0000000080000000-0x000000009fdfffff]
[    0.000000] OF: reserved mem: Reserved memory: No reserved-memory node in the DT
[    0.000000] CPU: All CPU(s) started in SVC mode.
[    0.000000] AM335X ES2.1 (sgx neon)
[    0.000000] percpu: Embedded 17 pages/cpu s39628 r8192 d21812 u69632
[    0.000000] pcpu-alloc: s39628 r8192 d21812 u69632 alloc=17*4096
[    0.000000] pcpu-alloc: [0] 0 
[    0.000000] Kernel command line: console=ttyO0,115200n8 root=/dev/nfs rw nfsroot=192.168.255.126:/home/user01/nfs,nfsvers=3 ip=192.168.255.1:192.168.255.126::255.255.255.0:bbb1:eth0 nfsrootdebug
[    0.000000] Unknown kernel command line parameters "nfsrootdebug", will be passed to user space.
[    0.000000] printk: log buffer data + meta data: 65536 + 204800 = 270336 bytes
[    0.000000] Dentry cache hash table entries: 65536 (order: 6, 262144 bytes, linear)
[    0.000000] Inode-cache hash table entries: 32768 (order: 5, 131072 bytes, linear)
[    0.000000] Built 1 zonelists, mobility grouping on.  Total pages: 130560
[    0.000000] mem auto-init: stack:off, heap alloc:off, heap free:off
[    0.000000] SLUB: HWalign=64, Order=0-3, MinObjects=0, CPUs=1, Nodes=1
[    0.000000] trace event string verifier disabled
[    0.000000] rcu: Hierarchical RCU implementation.
[    0.000000] rcu: 	RCU event tracing is enabled.
[    0.000000] rcu: 	RCU restricting CPUs from NR_CPUS=2 to nr_cpu_ids=1.
[    0.000000] 	Tracing variant of Tasks RCU enabled.
[    0.000000] rcu: RCU calculated value of scheduler-enlistment delay is 10 jiffies.
[    0.000000] rcu: Adjusting geometry for rcu_fanout_leaf=16, nr_cpu_ids=1
[    0.000000] RCU Tasks Trace: Setting shift to 0 and lim to 1 rcu_task_cb_adjust=1 rcu_task_cpu_ids=1.
[    0.000000] NR_IRQS: 16, nr_irqs: 16, preallocated irqs: 16
[    0.000000] IRQ: Found an INTC at 0x(ptrval) (revision 5.0) with 128 interrupts
[    0.000000] rcu: srcu_init: Setting srcu_struct sizes based on contention.
[    0.000000] TI gptimer clocksource: always-on /ocp/interconnect@44c00000/segment@200000/target-module@31000
[    0.000002] sched_clock: 32 bits at 24MHz, resolution 41ns, wraps every 89478484971ns
[    0.000027] clocksource: dmtimer: mask: 0xffffffff max_cycles: 0xffffffff, max_idle_ns: 79635851949 ns
[    0.000509] TI gptimer clockevent: 24000000 Hz at /ocp/interconnect@48000000/segment@0/target-module@40000
[    0.002161] Console: colour dummy device 80x30
[    0.002228] WARNING: Your 'console=ttyO0' has been replaced by 'ttyS0'
[    0.002238] This ensures that you still see kernel messages. Please
[    0.002242] update your kernel commandline.
[    0.002285] Calibrating delay loop... 996.14 BogoMIPS (lpj=4980736)
[    0.090560] CPU: Testing write buffer coherency: ok
[    0.090677] CPU0: Spectre v2: using BPIALL workaround
[    0.090688] pid_max: default: 32768 minimum: 301
[    0.090809] LSM: initializing lsm=capability
[    0.090983] Mount-cache hash table entries: 1024 (order: 0, 4096 bytes, linear)
[    0.091003] Mountpoint-cache hash table entries: 1024 (order: 0, 4096 bytes, linear)
[    0.092668] CPU0: thread -1, cpu 0, socket -1, mpidr 0
[    0.141044] Setting up static identity map for 0x80100000 - 0x80100078
[    0.150723] rcu: Hierarchical SRCU implementation.
[    0.150734] rcu: 	Max phase no-delay instances is 1000.
[    0.170763] smp: Bringing up secondary CPUs ...
[    0.170822] smp: Brought up 1 node, 1 CPU
[    0.170838] SMP: Total of 1 processors activated (996.14 BogoMIPS).
[    0.170849] CPU: All CPU(s) started in SVC mode.
[    0.171030] Memory: 480836K/522240K available (11264K kernel code, 1215K rwdata, 2904K rodata, 1024K init, 295K bss, 23388K reserved, 16384K cma-reserved, 0K highmem)
[    0.171924] devtmpfs: initialized
[    0.189352] VFP support v0.3: implementor 41 architecture 3 part 30 variant c rev 3
[    0.189702] clocksource: jiffies: mask: 0xffffffff max_cycles: 0xffffffff, max_idle_ns: 19112604462750000 ns
[    0.189737] futex hash table entries: 256 (order: 2, 16384 bytes, linear)
[    0.191266] pinctrl core: initialized pinctrl subsystem
[    0.194118] NET: Registered PF_NETLINK/PF_ROUTE protocol family
[    0.196916] DMA: preallocated 256 KiB pool for atomic coherent allocations
[    0.197840] audit: initializing netlink subsys (disabled)
[    0.199285] thermal_sys: Registered thermal governor 'fair_share'
[    0.199303] thermal_sys: Registered thermal governor 'step_wise'
[    0.199314] thermal_sys: Registered thermal governor 'user_space'
[    0.199478] audit: type=2000 audit(0.190:1): state=initialized audit_enabled=0 res=1
[    0.199514] cpuidle: using governor menu
[    0.218200] /ocp/interconnect@44c00000/segment@200000/target-module@b000/i2c@0/tda19988@70: Fixed dependency cycle(s) with /ocp/interconnect@48000000/segment@300000/target-module@e000/lcdc@0
[    0.219373] /ocp/interconnect@48000000/segment@300000/target-module@e000/lcdc@0: Fixed dependency cycle(s) with /ocp/interconnect@44c00000/segment@200000/target-module@b000/i2c@0/tda19988@70
[    0.221766] No ATAGs?
[    0.221787] hw-breakpoint: debug architecture 0x4 unsupported.
[    0.224619] kprobes: kprobe jump-optimization is enabled. All kprobes are optimized if possible.
[    0.234172] iommu: Default domain type: Translated
[    0.234195] iommu: DMA domain TLB invalidation policy: strict mode
[    0.241041] reg-fixed-voltage fixedregulator0: using DT '/fixedregulator0' for '(default)' GPIO lookup
[    0.241097] of_get_named_gpiod_flags: can't parse 'gpios' property of node '/fixedregulator0[0]'
[    0.241127] of_get_named_gpiod_flags: can't parse 'gpio' property of node '/fixedregulator0[0]'
[    0.241145] reg-fixed-voltage fixedregulator0: using lookup tables for GPIO lookup
[    0.241156] reg-fixed-voltage fixedregulator0: No GPIO consumer (default) found
[    0.242199] SCSI subsystem initialized
[    0.242700] libata version 3.00 loaded.
[    0.243072] pps_core: LinuxPPS API ver. 1 registered
[    0.243083] pps_core: Software ver. 5.3.6 - Copyright 2005-2007 Rodolfo Giometti <giometti@linux.it>
[    0.243109] PTP clock support registered
[    0.251566] vgaarb: loaded
[    0.251994] clocksource: Switched to clocksource dmtimer
[    0.252661] VFS: Disk quotas dquot_6.6.0
[    0.252706] VFS: Dquot-cache hash table entries: 1024 (order 0, 4096 bytes)
[    0.277800] NET: Registered PF_INET protocol family
[    0.278151] IP idents hash table entries: 8192 (order: 4, 65536 bytes, linear)
[    0.279576] tcp_listen_portaddr_hash hash table entries: 512 (order: 0, 4096 bytes, linear)
[    0.279616] Table-perturb hash table entries: 65536 (order: 6, 262144 bytes, linear)
[    0.279633] TCP established hash table entries: 4096 (order: 2, 16384 bytes, linear)
[    0.279676] TCP bind hash table entries: 4096 (order: 4, 65536 bytes, linear)
[    0.279775] TCP: Hash tables configured (established 4096 bind 4096)
[    0.279894] UDP hash table entries: 256 (order: 1, 14336 bytes, linear)
[    0.279933] UDP-Lite hash table entries: 256 (order: 1, 14336 bytes, linear)
[    0.280115] NET: Registered PF_UNIX/PF_LOCAL protocol family
[    0.281421] RPC: Registered named UNIX socket transport module.
[    0.281440] RPC: Registered udp transport module.
[    0.281446] RPC: Registered tcp transport module.
[    0.281451] RPC: Registered tcp-with-tls transport module.
[    0.281456] RPC: Registered tcp NFSv4.1 backchannel transport module.
[    0.281480] PCI: CLS 0 bytes, default 64
[    0.283079] Initialise system trusted keyrings
[    0.292310] workingset: timestamp_bits=14 max_order=17 bucket_order=3
[    0.293664] NFS: Registering the id_resolver key type
[    0.293739] Key type id_resolver registered
[    0.293747] Key type id_legacy registered
[    0.293796] jffs2: version 2.2. (NAND) (SUMMARY)  Â© 2001-2006 Red Hat, Inc.
[    0.294208] Key type asymmetric registered
[    0.294226] Asymmetric key parser 'x509' registered
[    0.294292] io scheduler mq-deadline registered
[    0.294303] io scheduler kyber registered
[    0.294376] io scheduler bfq registered
[    0.295996] ledtrig-cpu: registered to indicate activity on CPUs
[    0.302711] Serial: 8250/16550 driver, 6 ports, IRQ sharing enabled
[    0.349148] brd: module loaded
[    0.379084] loop: module loaded
[    0.380031] mtdoops: mtd device (mtddev=name/number) must be supplied
[    0.381780] mdio_bus fixed-0: using lookup tables for GPIO lookup
[    0.381806] mdio_bus fixed-0: No GPIO consumer reset found
[    0.383387] i2c_dev: i2c /dev entries driver
[    0.384373] cpuidle: enable-method property 'ti,am3352' found operations
[    0.384825] sdhci: Secure Digital Host Controller Interface driver
[    0.384835] sdhci: Copyright(c) Pierre Ossman
[    0.385008] sdhci-pltfm: SDHCI platform and OF driver helper
[    0.386033] Initializing XFRM netlink socket
[    0.386183] NET: Registered PF_INET6 protocol family
[    0.388142] Segment Routing with IPv6
[    0.388237] In-situ OAM (IOAM) with IPv6
[    0.388332] sit: IPv6, IPv4 and MPLS over IPv4 tunneling driver
[    0.389293] NET: Registered PF_PACKET protocol family
[    0.389330] NET: Registered PF_KEY protocol family
[    0.389495] Key type dns_resolver registered
[    0.389771] ThumbEE CPU extension supported.
[    0.389791] Registering SWP/SWPB emulation handler
[    0.390332] omap_voltage_late_init: Voltage driver support not added
[    0.390705] SmartReflex Class3 initialized
[    0.425115] Loading compiled-in X.509 certificates
[    0.472956] /ocp/interconnect@44c00000/segment@200000/target-module@b000/i2c@0/tda19988@70: Fixed dependency cycle(s) with /ocp/interconnect@48000000/segment@300000/target-module@e000/lcdc@0
[    0.479441] /ocp/interconnect@44c00000/segment@200000/target-module@b000/i2c@0/tda19988@70: Fixed dependency cycle(s) with /ocp/interconnect@48000000/segment@300000/target-module@e000/lcdc@0
[    0.485241] gpiochip_find_base_unlocked: found new base at 512
[    0.509444] /ocp/interconnect@44c00000/segment@200000/target-module@b000/i2c@0/tda19988@70: Fixed dependency cycle(s) with /ocp/interconnect@48000000/segment@300000/target-module@e000/lcdc@0
[    0.510319] /ocp/interconnect@44c00000/segment@200000/target-module@b000/i2c@0/tda19988@70: Fixed dependency cycle(s) with /ocp/interconnect@48000000/segment@300000/target-module@e000/lcdc@0
[    0.514023] /ocp/interconnect@44c00000/segment@200000/target-module@10000/scm@0/pinmux@800: Fixed dependency cycle(s) with /ocp/interconnect@44c00000/segment@200000/target-module@10000/scm@0/pinmux@800/clkout2-pins
[    0.514611] pinctrl-single 44e10800.pinmux: 142 pins, size 568
[    0.519736] ti-sysc 44e31000.target-module: probe with driver ti-sysc failed with error -16
[    0.540762] /ocp/interconnect@48000000/segment@300000/target-module@e000/lcdc@0: Fixed dependency cycle(s) with /ocp/interconnect@44c00000/segment@200000/target-module@b000/i2c@0/tda19988@70
[    0.548795] ti-sysc 48040000.target-module: probe with driver ti-sysc failed with error -16
[    0.560032] gpiochip_find_base_unlocked: found new base at 512
[    0.560136] gpio gpiochip0: (gpio-0-31): created GPIO range 0->7 ==> 44e10800.pinmux PIN 0->7
[    0.560157] gpio gpiochip0: (gpio-0-31): created GPIO range 8->11 ==> 44e10800.pinmux PIN 90->93
[    0.560172] gpio gpiochip0: (gpio-0-31): created GPIO range 12->27 ==> 44e10800.pinmux PIN 12->27
[    0.560187] gpio gpiochip0: (gpio-0-31): created GPIO range 28->31 ==> 44e10800.pinmux PIN 30->33
[    0.598392] gpio gpiochip0: (gpio-0-31): added GPIO chardev (254:0)
[    0.598540] gpio gpiochip0: registered GPIOs 512 to 543 on gpio-0-31
[    0.598636] OMAP GPIO hardware version 0.1
[    0.625370] i2c i2c-2: using DT '/ocp/interconnect@48000000/segment@100000/target-module@9c000/i2c@0' for 'scl' GPIO lookup
[    0.625445] of_get_named_gpiod_flags: can't parse 'scl-gpios' property of node '/ocp/interconnect@48000000/segment@100000/target-module@9c000/i2c@0[0]'
[    0.625488] of_get_named_gpiod_flags: can't parse 'scl-gpio' property of node '/ocp/interconnect@48000000/segment@100000/target-module@9c000/i2c@0[0]'
[    0.625525] i2c i2c-2: using lookup tables for GPIO lookup
[    0.625535] i2c i2c-2: No GPIO consumer scl found
[    0.625556] i2c i2c-2: using DT '/ocp/interconnect@48000000/segment@100000/target-module@9c000/i2c@0' for 'sda' GPIO lookup
[    0.625593] of_get_named_gpiod_flags: can't parse 'sda-gpios' property of node '/ocp/interconnect@48000000/segment@100000/target-module@9c000/i2c@0[0]'
[    0.625631] of_get_named_gpiod_flags: can't parse 'sda-gpio' property of node '/ocp/interconnect@48000000/segment@100000/target-module@9c000/i2c@0[0]'
[    0.625663] i2c i2c-2: using lookup tables for GPIO lookup
[    0.625671] i2c i2c-2: No GPIO consumer sda found
[    0.626399] omap_i2c 4819c000.i2c: bus 2 rev0.11 at 100 kHz
[    0.631775] gpiochip_find_base_unlocked: found new base at 544
[    0.631876] gpio gpiochip1: (gpio-32-63): created GPIO range 0->17 ==> 44e10800.pinmux PIN 34->51
[    0.631896] gpio gpiochip1: (gpio-32-63): created GPIO range 18->21 ==> 44e10800.pinmux PIN 77->80
[    0.631913] gpio gpiochip1: (gpio-32-63): created GPIO range 22->31 ==> 44e10800.pinmux PIN 56->65
[    0.633167] gpio gpiochip1: (gpio-32-63): added GPIO chardev (254:1)
[    0.633316] gpio gpiochip1: registered GPIOs 544 to 575 on gpio-32-63
[    0.635543] gpiochip_find_base_unlocked: found new base at 576
[    0.635635] gpio gpiochip2: (gpio-64-95): created GPIO range 0->4 ==> 44e10800.pinmux PIN 66->70
[    0.635660] gpio gpiochip2: (gpio-64-95): created GPIO range 5->6 ==> 44e10800.pinmux PIN 98->99
[    0.635677] gpio gpiochip2: (gpio-64-95): created GPIO range 7->8 ==> 44e10800.pinmux PIN 75->76
[    0.635692] gpio gpiochip2: (gpio-64-95): created GPIO range 13->13 ==> 44e10800.pinmux PIN 141->141
[    0.635709] gpio gpiochip2: (gpio-64-95): created GPIO range 14->21 ==> 44e10800.pinmux PIN 100->107
[    0.636361] gpio gpiochip2: (gpio-64-95): added GPIO chardev (254:2)
[    0.636499] gpio gpiochip2: registered GPIOs 576 to 607 on gpio-64-95
[    0.642218] 48000000.interconnect:segment@200000:target-module@0:mpu@0:fck: device ID is greater than 24
[    0.643163] /ocp/interconnect@48000000/segment@300000/target-module@e000/lcdc@0: Fixed dependency cycle(s) with /ocp/interconnect@44c00000/segment@200000/target-module@b000/i2c@0/tda19988@70
[    0.645931] /ocp/interconnect@48000000/segment@300000/target-module@e000/lcdc@0: Fixed dependency cycle(s) with /ocp/interconnect@44c00000/segment@200000/target-module@b000/i2c@0/tda19988@70
[    0.646628] /ocp/interconnect@44c00000/segment@200000/target-module@b000/i2c@0/tda19988@70: Fixed dependency cycle(s) with /ocp/interconnect@48000000/segment@300000/target-module@e000/lcdc@0
[    0.646797] /ocp/interconnect@48000000/segment@300000/target-module@e000/lcdc@0: Fixed dependency cycle(s) with /ocp/interconnect@44c00000/segment@200000/target-module@b000/i2c@0/tda19988@70
[    0.656427] mdio_bus 4a101000.mdio: using DT '/ocp/interconnect@4a000000/segment@0/target-module@100000/switch@0/mdio@1000' for 'reset' GPIO lookup
[    0.656501] of_get_named_gpiod_flags: can't parse 'reset-gpios' property of node '/ocp/interconnect@4a000000/segment@0/target-module@100000/switch@0/mdio@1000[0]'
[    0.656549] of_get_named_gpiod_flags: can't parse 'reset-gpio' property of node '/ocp/interconnect@4a000000/segment@0/target-module@100000/switch@0/mdio@1000[0]'
[    0.656597] mdio_bus 4a101000.mdio: using lookup tables for GPIO lookup
[    0.656609] mdio_bus 4a101000.mdio: No GPIO consumer reset found
[    0.657865] sdhci-omap 481d8000.mmc: using DT '/ocp/interconnect@48000000/segment@100000/target-module@d8000/mmc@0' for 'wp' GPIO lookup
[    0.657929] of_get_named_gpiod_flags: can't parse 'wp-gpios' property of node '/ocp/interconnect@48000000/segment@100000/target-module@d8000/mmc@0[0]'
[    0.657972] of_get_named_gpiod_flags: can't parse 'wp-gpio' property of node '/ocp/interconnect@48000000/segment@100000/target-module@d8000/mmc@0[0]'
[    0.658008] sdhci-omap 481d8000.mmc: using lookup tables for GPIO lookup
[    0.658018] sdhci-omap 481d8000.mmc: No GPIO consumer wp found
[    0.658214] sdhci-omap 481d8000.mmc: supply pbias not found, using dummy regulator
[    0.658723] sdhci-omap 481d8000.mmc: supply vqmmc not found, using dummy regulator
[    0.713373] davinci_mdio 4a101000.mdio: davinci mdio revision 1.6, bus freq 1000000
[    0.738975] mdio_bus 4a101000.mdio:00: using DT '/ocp/interconnect@4a000000/segment@0/target-module@100000/switch@0/mdio@1000/ethernet-phy@0' for 'reset' GPIO lookup
[    0.739081] of_get_named_gpiod_flags: parsed 'reset-gpios' property of node '/ocp/interconnect@4a000000/segment@0/target-module@100000/switch@0/mdio@1000/ethernet-phy@0[0]' - status (0)
[    0.739250] gpio gpiochip0: Persistence not supported for GPIO 8
[    0.869275] davinci_mdio 4a101000.mdio: phy[0]: device 4a101000.mdio:00, driver SMSC LAN8710/LAN8720
[    0.870057] cpsw-switch 4a100000.switch: initialized cpsw ale version 1.4
[    0.870082] cpsw-switch 4a100000.switch: ALE Table size 1024, Policers 0
[    0.870235] cpsw-switch 4a100000.switch: cpts: overflow check period 500 (jiffies)
[    0.870254] cpsw-switch 4a100000.switch: CPTS: ref_clk_freq:250000000 calc_mult:2147483648 calc_shift:29 error:0 nsec/sec
[    0.870366] cpsw-switch 4a100000.switch: Detected MACID = 6c:ec:eb:68:de:78
[    0.872390] cpsw-switch 4a100000.switch: initialized (regs 0x4a100000, pool size 256) hw_ver:0019010C 1.12 (0)
[    0.883409] debugfs: Directory '49000000.dma' with parent 'dmaengine' already present!
[    0.883450] edma 49000000.dma: TI EDMA DMA engine driver
[    0.924967] target-module@4b000000:target-module@140000:pmu@0:fck: device ID is greater than 24
[    0.946413] hw perfevents: enabled with armv7_cortex_a8 PMU driver, 5 (8000000f) counters available
[    0.947323] gpio-clk clk_mcasp0: using DT '/clk_mcasp0' for 'enable' GPIO lookup
[    0.947397] of_get_named_gpiod_flags: parsed 'enable-gpios' property of node '/clk_mcasp0[0]' - status (0)
[    0.947443] gpio gpiochip0: Persistence not supported for GPIO 27
[    0.948244] gpiochip_find_base_unlocked: found new base at 608
[    0.948350] gpio gpiochip3: (gpio-96-127): created GPIO range 0->7 ==> 44e10800.pinmux PIN 82->89
[    0.948371] gpio gpiochip3: (gpio-96-127): created GPIO range 8->11 ==> 44e10800.pinmux PIN 52->55
[    0.948386] gpio gpiochip3: (gpio-96-127): created GPIO range 12->15 ==> 44e10800.pinmux PIN 94->97
[    0.948402] gpio gpiochip3: (gpio-96-127): created GPIO range 16->17 ==> 44e10800.pinmux PIN 71->72
[    0.948417] gpio gpiochip3: (gpio-96-127): created GPIO range 18->18 ==> 44e10800.pinmux PIN 135->135
[    0.948439] gpio gpiochip3: (gpio-96-127): created GPIO range 19->20 ==> 44e10800.pinmux PIN 108->109
[    0.948457] gpio gpiochip3: (gpio-96-127): created GPIO range 21->21 ==> 44e10800.pinmux PIN 73->73
[    0.948473] gpio gpiochip3: (gpio-96-127): created GPIO range 22->23 ==> 44e10800.pinmux PIN 8->9
[    0.948490] gpio gpiochip3: (gpio-96-127): created GPIO range 26->27 ==> 44e10800.pinmux PIN 10->11
[    0.948508] gpio gpiochip3: (gpio-96-127): created GPIO range 28->28 ==> 44e10800.pinmux PIN 74->74
[    0.948525] gpio gpiochip3: (gpio-96-127): created GPIO range 29->29 ==> 44e10800.pinmux PIN 81->81
[    0.948543] gpio gpiochip3: (gpio-96-127): created GPIO range 30->31 ==> 44e10800.pinmux PIN 28->29
[    0.954123] l3-aon-clkctrl:0000:0: failed to disable
[    0.954663] gpio gpiochip3: (gpio-96-127): added GPIO chardev (254:3)
[    0.954811] gpio gpiochip3: registered GPIOs 608 to 639 on gpio-96-127
[    0.968483] omap8250 44e09000.serial: using DT '/ocp/interconnect@44c00000/segment@200000/target-module@9000/serial@0' for 'rs485-term' GPIO lookup
[    0.968558] of_get_named_gpiod_flags: can't parse 'rs485-term-gpios' property of node '/ocp/interconnect@44c00000/segment@200000/target-module@9000/serial@0[0]'
[    0.968604] of_get_named_gpiod_flags: can't parse 'rs485-term-gpio' property of node '/ocp/interconnect@44c00000/segment@200000/target-module@9000/serial@0[0]'
[    0.968641] omap8250 44e09000.serial: using lookup tables for GPIO lookup
[    0.968652] omap8250 44e09000.serial: No GPIO consumer rs485-term found
[    0.968662] omap8250 44e09000.serial: using DT '/ocp/interconnect@44c00000/segment@200000/target-module@9000/serial@0' for 'rs485-rx-during-tx' GPIO lookup
[    0.968698] of_get_named_gpiod_flags: can't parse 'rs485-rx-during-tx-gpios' property of node '/ocp/interconnect@44c00000/segment@200000/target-module@9000/serial@0[0]'
[    0.968737] of_get_named_gpiod_flags: can't parse 'rs485-rx-during-tx-gpio' property of node '/ocp/interconnect@44c00000/segment@200000/target-module@9000/serial@0[0]'
[    0.968769] omap8250 44e09000.serial: using lookup tables for GPIO lookup
[    0.968777] omap8250 44e09000.serial: No GPIO consumer rs485-rx-during-tx found
[    0.969181] 44e09000.serial: ttyS0 at MMIO 0x44e09000 (irq = 34, base_baud = 3000000) is a 8250
[    0.969271] printk: legacy console [ttyS0] enabled
[    2.463101] i2c i2c-0: using DT '/ocp/interconnect@44c00000/segment@200000/target-module@b000/i2c@0' for 'scl' GPIO lookup
[    2.463195] of_get_named_gpiod_flags: can't parse 'scl-gpios' property of node '/ocp/interconnect@44c00000/segment@200000/target-module@b000/i2c@0[0]'
[    2.463243] of_get_named_gpiod_flags: can't parse 'scl-gpio' property of node '/ocp/interconnect@44c00000/segment@200000/target-module@b000/i2c@0[0]'
[    2.463284] i2c i2c-0: using lookup tables for GPIO lookup
[    2.463300] i2c i2c-0: No GPIO consumer scl found
[    2.463327] i2c i2c-0: using DT '/ocp/interconnect@44c00000/segment@200000/target-module@b000/i2c@0' for 'sda' GPIO lookup
[    2.463367] of_get_named_gpiod_flags: can't parse 'sda-gpios' property of node '/ocp/interconnect@44c00000/segment@200000/target-module@b000/i2c@0[0]'
[    2.463411] of_get_named_gpiod_flags: can't parse 'sda-gpio' property of node '/ocp/interconnect@44c00000/segment@200000/target-module@b000/i2c@0[0]'
[    2.463448] i2c i2c-0: using lookup tables for GPIO lookup
[    2.463461] i2c i2c-0: No GPIO consumer sda found
[    2.482988] tps65217-pmic: Failed to locate of_node [id: -1]
[    2.489057] tps65217-bl: Failed to locate of_node [id: -1]
[    2.500529] tps65217 0-0024: TPS65217 ID 0xe version 1.2
[    2.506684] /ocp/interconnect@48000000/segment@300000/target-module@e000/lcdc@0: Fixed dependency cycle(s) with /ocp/interconnect@44c00000/segment@200000/target-module@b000/i2c@0/tda19988@70
[    2.524046] /ocp/interconnect@44c00000/segment@200000/target-module@b000/i2c@0/tda19988@70: Fixed dependency cycle(s) with /ocp/interconnect@48000000/segment@300000/target-module@e000/lcdc@0
[    2.541412] omap_i2c 44e0b000.i2c: bus 0 rev0.11 at 400 kHz
[    2.549257] sdhci-omap 48060000.mmc: using DT '/ocp/interconnect@48000000/segment@0/target-module@60000/mmc@0' for 'cd' GPIO lookup
[    2.549384] of_get_named_gpiod_flags: parsed 'cd-gpios' property of node '/ocp/interconnect@48000000/segment@0/target-module@60000/mmc@0[0]' - status (0)
[    2.549453] gpio gpiochip3: Persistence not supported for GPIO 6
[    2.549480] omap_gpio 44e07000.gpio: Could not set line 6 debounce to 200000 microseconds (-22)
[    2.558369] sdhci-omap 48060000.mmc: Got CD GPIO
[    2.563055] sdhci-omap 48060000.mmc: using DT '/ocp/interconnect@48000000/segment@0/target-module@60000/mmc@0' for 'wp' GPIO lookup
[    2.563117] of_get_named_gpiod_flags: can't parse 'wp-gpios' property of node '/ocp/interconnect@48000000/segment@0/target-module@60000/mmc@0[0]'
[    2.563168] of_get_named_gpiod_flags: can't parse 'wp-gpio' property of node '/ocp/interconnect@48000000/segment@0/target-module@60000/mmc@0[0]'
[    2.563209] sdhci-omap 48060000.mmc: using lookup tables for GPIO lookup
[    2.563225] sdhci-omap 48060000.mmc: No GPIO consumer wp found
[    2.563440] sdhci-omap 48060000.mmc: supply pbias not found, using dummy regulator
[    2.572273] sdhci-omap 481d8000.mmc: using DT '/ocp/interconnect@48000000/segment@100000/target-module@d8000/mmc@0' for 'wp' GPIO lookup
[    2.572354] of_get_named_gpiod_flags: can't parse 'wp-gpios' property of node '/ocp/interconnect@48000000/segment@100000/target-module@d8000/mmc@0[0]'
[    2.572402] of_get_named_gpiod_flags: can't parse 'wp-gpio' property of node '/ocp/interconnect@48000000/segment@100000/target-module@d8000/mmc@0[0]'
[    2.572442] sdhci-omap 481d8000.mmc: using lookup tables for GPIO lookup
[    2.572457] sdhci-omap 481d8000.mmc: No GPIO consumer wp found
[    2.573992] sdhci-omap 48060000.mmc: supply vqmmc not found, using dummy regulator
[    2.582802] sdhci-omap 481d8000.mmc: supply pbias not found, using dummy regulator
[    2.590788] sdhci-omap 481d8000.mmc: supply vqmmc not found, using dummy regulator
[    2.629890] mmc1: SDHCI controller on 481d8000.mmc [481d8000.mmc] using External DMA
[    2.639149] mmc0: SDHCI controller on 48060000.mmc [48060000.mmc] using External DMA
[    2.648042] cpsw-switch 4a100000.switch: starting ndev. mode: dual_mac
[    2.691198] mmc0: new high speed SDHC card at address 5048
[    2.698311] mmcblk0: mmc0:5048 SD16G 14.4 GiB
[    2.706481]  mmcblk0: p1 p2
[    2.709883] mmcblk0: p2 size 31221760 extends beyond EOD, truncated
[    2.723311] SMSC LAN8710/LAN8720 4a101000.mdio:00: attached PHY driver (mii_bus:phy_addr=4a101000.mdio:00, irq=POLL)
[    2.740417] mmc1: new high speed MMC card at address 0001
[    2.747474] mmcblk1: mmc1:0001 MMC04G 3.60 GiB
[    2.754995]  mmcblk1: p1 p2
[    2.759266] mmcblk1boot0: mmc1:0001 MMC04G 2.00 MiB
[    2.766616] mmcblk1boot1: mmc1:0001 MMC04G 2.00 MiB
[    2.774180] mmcblk1rpmb: mmc1:0001 MMC04G 128 KiB, chardev (250:0)
[    5.922774] cpsw-switch 4a100000.switch eth0: Link is Up - 100Mbps/Full - flow control off
[    5.952013] IP-Config: Complete:
[    5.955287]      device=eth0, hwaddr=6c:ec:eb:68:de:78, ipaddr=192.168.255.1, mask=255.255.255.0, gw=255.255.255.255
[    5.965936]      host=bbb1, domain=, nis-domain=(none)
[    5.971105]      bootserver=192.168.255.126, rootserver=192.168.255.126, rootpath=
[    5.971526] clk: Disabling unused clocks
[    5.983392] PM: genpd: Disabling unused power domains
[    5.988509] KTAP version 1
[    5.991231] 1..0
[    6.021373] VFS: Mounted root (nfs filesystem) on device 0:17.
[    6.028639] devtmpfs: mounted
[    6.033490] Freeing unused kernel image (initmem) memory: 1024K
[    6.040126] Run /sbin/init as init process
[    6.044389]   with arguments:
[    6.044406]     /sbin/init
[    6.044416]     nfsrootdebug
[    6.044426]   with environment:
[    6.044435]     HOME=/
[    6.044445]     TERM=linux
[    6.759602] systemd[1]: System time before build time, advancing clock.
[    8.232030] random: crng init done
[    8.272875] systemd[1]: systemd 232 running in system mode. (+PAM +AUDIT +SELINUX +IMA +APPARMOR +SMACK +SYSVINIT +UTMP +LIBCRYPTSETUP +GCRYPT +GNUTLS +ACL +XZ +LZ4 +SECCOMP +BLKID +ELFUTILS +KMOD +IDN)
[    8.291904] systemd[1]: Detected architecture arm.
[    8.325240] systemd[1]: Set hostname to <arm>.
[    9.491549] systemd[1]: Listening on /dev/initctl Compatibility Named Pipe.
[    9.523630] systemd[1]: Created slice System Slice.
[    9.553422] systemd[1]: Created slice system-getty.slice.
[    9.584288] systemd[1]: Listening on Journal Socket.
[    9.612457] systemd[1]: Reached target Remote File Systems.
[    9.642359] systemd[1]: Reached target Swap.
[    9.663232] systemd[1]: Created slice User and Session Slice.
[   11.594242] systemd-journald[83]: Received request to flush runtime journal from PID 1
[   14.657953] leds-gpio leds: using DT '/leds/led2' for '(default)' GPIO lookup
[   14.658062] of_get_named_gpiod_flags: parsed 'gpios' property of node '/leds/led2[0]' - status (0)
[   14.658121] gpio gpiochip0: Persistence not supported for GPIO 21
[   14.658137] gpio-533 (?): no flags found for GPIO (default)
[   14.700743] leds-gpio leds: using DT '/leds/led3' for '(default)' GPIO lookup
[   14.700861] of_get_named_gpiod_flags: parsed 'gpios' property of node '/leds/led3[0]' - status (0)
[   14.700916] gpio gpiochip0: Persistence not supported for GPIO 22
[   14.700932] gpio-534 (?): no flags found for GPIO (default)
[   14.742526] leds-gpio leds: using DT '/leds/led4' for '(default)' GPIO lookup
