Labgrid Console Logfile for main
Logfile started at 2025-06-26 12:33:20.588330
=== Log starts here ===
reading args
spl_load_image_fat_os: error reading image args, err - -1
reading u-boot.img
reading u-boot.img


U-Boot 2014.04-00014-g47880f5 (Apr 22 2014 - 13:23:54)

I2C:   ready
DRAM:  512 MiB
NAND:  0 MiB
MMC:   OMAP SD/MMC: 0, OMAP SD/MMC: 1
*** Warning - readenv() failed, using default environment

Net:   <ethaddr> not set. Validating first E-fuse MAC
cpsw, usb_ether
Hit any key to stop autoboot:  1  0 
gpio: pin 53 (gpio 53) value is 1
mmc0 is current device
gpio: pin 54 (gpio 54) value is 1
SD/MMC found on device 0
reading uEnv.txt
569 bytes read in 3 ms (184.6 KiB/s)
gpio: pin 55 (gpio 55) value is 1
Loaded environment from uEnv.txt
Importing environment from mmc ...
Checking if uenvcmd is set ...
gpio: pin 56 (gpio 56) value is 1
Running uenvcmd ...
cpsw Waiting for PHY auto negotiation to complete. done
link up on port 0, speed 100, full duplex
Using cpsw device
TFTP from server 192.168.255.126; our IP address is 192.168.255.1
Filename 'zImage'.
Load address: 0x81000000
Loading: *#################################################################
	 #################################################################
	 #################################################################
	 #################################################################
	 #################################################################
	 ###########################################################
	 2.4 MiB/s
done
Bytes transferred = 5625848 (55d7f8 hex)
link up on port 0, speed 100, full duplex
Using cpsw device
TFTP from server 192.168.255.126; our IP address is 192.168.255.1
Filename 'am335x-boneblack.dtb'.
Load address: 0x82000000
Loading: *#######
	 2.3 MiB/s
done
Bytes transferred = 98244 (17fc4 hex)
Kernel image @ 0x81000000 [ 0x000000 - 0x55d7f8 ]
## Flattened Device Tree blob at 82000000
   Booting using the fdt blob at 0x82000000
   Using Device Tree in place at 82000000, end 8201afc3

Starting kernel ...

[    0.000000] Booting Linux on physical CPU 0x0
[    0.000000] Linux version 6.16.0-rc3-next-20250626 (user01@drvtest01) (arm-none-eabi-gcc (Arm GNU Toolchain 14.2.Rel1 (Build arm-14.52)) 14.2.1 20241119, GNU ld (Arm GNU Toolchain 14.2.Rel1 (Build arm-14.52)) 2.43.1.20241119) #1 SMP Thu Jun 26 12:30:24 EEST 2025
[    0.000000] CPU: ARMv7 Processor [413fc082] revision 2 (ARMv7), cr=10c5387d
[    0.000000] CPU: PIPT / VIPT nonaliasing data cache, VIPT aliasing instruction cache
[    0.000000] OF: fdt: Machine model: TI AM335x BeagleBone Black
[    0.000000] Memory policy: Data cache writeback
[    0.000000] cma: Reserved 16 MiB at 0x9e800000
[    0.000000] Zone ranges:
[    0.000000]   Normal   [mem 0x0000000080000000-0x000000009fdfffff]
[    0.000000]   HighMem  empty
[    0.000000] Movable zone start for each node
[    0.000000] Early memory node ranges
[    0.000000]   node   0: [mem 0x0000000080000000-0x000000009fdfffff]
[    0.000000] Initmem setup node 0 [mem 0x0000000080000000-0x000000009fdfffff]
[    0.000000] On node 0, zone Normal: 512 pages in unavailable ranges
[    0.000000] OF: reserved mem: Reserved memory: No reserved-memory node in the DT
[    0.000000] CPU: All CPU(s) started in SVC mode.
[    0.000000] AM335X ES2.1 (sgx neon)
[    0.000000] percpu: Embedded 17 pages/cpu s39820 r8192 d21620 u69632
[    0.000000] Kernel command line: console=ttyO0,115200n8 root=/dev/nfs rw nfsroot=192.168.255.126:/home/user01/nfs,nfsvers=3 ip=192.168.255.1:192.168.255.126::255.255.255.0:bbb1:eth0 nfsrootdebug
[    0.000000] Unknown kernel command line parameters "nfsrootdebug", will be passed to user space.
[    0.000000] printk: log buffer data + meta data: 65536 + 204800 = 270336 bytes
[    0.000000] Dentry cache hash table entries: 65536 (order: 6, 262144 bytes, linear)
[    0.000000] Inode-cache hash table entries: 32768 (order: 5, 131072 bytes, linear)
[    0.000000] Built 1 zonelists, mobility grouping on.  Total pages: 130560
[    0.000000] mem auto-init: stack:off, heap alloc:off, heap free:off
[    0.000000] SLUB: HWalign=16, Order=0-3, MinObjects=0, CPUs=1, Nodes=1
[    0.000000] rcu: Hierarchical RCU implementation.
[    0.000000] rcu: 	RCU event tracing is enabled.
[    0.000000] rcu: 	RCU restricting CPUs from NR_CPUS=2 to nr_cpu_ids=1.
[    0.000000] 	Tracing variant of Tasks RCU enabled.
[    0.000000] rcu: RCU calculated value of scheduler-enlistment delay is 10 jiffies.
[    0.000000] rcu: Adjusting geometry for rcu_fanout_leaf=16, nr_cpu_ids=1
[    0.000000] RCU Tasks Trace: Setting shift to 0 and lim to 1 rcu_task_cb_adjust=1 rcu_task_cpu_ids=1.
[    0.000000] NR_IRQS: 16, nr_irqs: 16, preallocated irqs: 16
[    0.000000] IRQ: Found an INTC at 0x(ptrval) (revision 5.0) with 128 interrupts
[    0.000000] rcu: srcu_init: Setting srcu_struct sizes based on contention.
[    0.000000] TI gptimer clocksource: always-on /ocp/interconnect@44c00000/segment@200000/target-module@31000
[    0.000003] sched_clock: 32 bits at 24MHz, resolution 41ns, wraps every 89478484971ns
[    0.000027] clocksource: dmtimer: mask: 0xffffffff max_cycles: 0xffffffff, max_idle_ns: 79635851949 ns
[    0.000524] TI gptimer clockevent: 24000000 Hz at /ocp/interconnect@48000000/segment@0/target-module@40000
[    0.002125] Console: colour dummy device 80x30
[    0.002192] WARNING: Your 'console=ttyO0' has been replaced by 'ttyS0'
[    0.002200] This ensures that you still see kernel messages. Please
[    0.002205] update your kernel commandline.
[    0.002249] Calibrating delay loop... 996.14 BogoMIPS (lpj=4980736)
[    0.090573] CPU: Testing write buffer coherency: ok
[    0.090686] CPU0: Spectre v2: using BPIALL workaround
[    0.090696] pid_max: default: 32768 minimum: 301
[    0.090853] LSM: initializing lsm=capability
[    0.091024] Mount-cache hash table entries: 1024 (order: 0, 4096 bytes, linear)
[    0.091042] Mountpoint-cache hash table entries: 1024 (order: 0, 4096 bytes, linear)
[    0.092672] CPU0: thread -1, cpu 0, socket -1, mpidr 0
[    0.092730] cacheinfo: Unable to detect cache hierarchy for CPU 0
[    0.094786] Setting up static identity map for 0x80100000 - 0x80100078
[    0.095134] rcu: Hierarchical SRCU implementation.
[    0.095145] rcu: 	Max phase no-delay instances is 1000.
[    0.096891] smp: Bringing up secondary CPUs ...
[    0.096943] smp: Brought up 1 node, 1 CPU
[    0.096955] SMP: Total of 1 processors activated (996.14 BogoMIPS).
[    0.096966] CPU: All CPU(s) started in SVC mode.
[    0.097156] Memory: 480828K/522240K available (11264K kernel code, 1215K rwdata, 2928K rodata, 1024K init, 284K bss, 23380K reserved, 16384K cma-reserved, 0K highmem)
[    0.097972] devtmpfs: initialized
[    0.115129] VFP support v0.3: implementor 41 architecture 3 part 30 variant c rev 3
[    0.115767] clocksource: jiffies: mask: 0xffffffff max_cycles: 0xffffffff, max_idle_ns: 19112604462750000 ns
[    0.115822] posixtimers hash table entries: 512 (order: 0, 4096 bytes, linear)
[    0.115849] futex hash table entries: 256 (16384 bytes on 1 NUMA nodes, total 16 KiB, linear).
[    0.116974] pinctrl core: initialized pinctrl subsystem
[    0.119035] NET: Registered PF_NETLINK/PF_ROUTE protocol family
[    0.122154] DMA: preallocated 256 KiB pool for atomic coherent allocations
[    0.123111] audit: initializing netlink subsys (disabled)
[    0.124476] thermal_sys: Registered thermal governor 'fair_share'
[    0.124492] thermal_sys: Registered thermal governor 'step_wise'
[    0.124503] thermal_sys: Registered thermal governor 'user_space'
[    0.124613] audit: type=2000 audit(0.120:1): state=initialized audit_enabled=0 res=1
[    0.124685] cpuidle: using governor menu
[    0.142482] /ocp/interconnect@44c00000/segment@200000/target-module@b000/i2c@0/tda19988@70: Fixed dependency cycle(s) with /ocp/interconnect@48000000/segment@300000/target-module@e000/lcdc@0
[    0.143632] /ocp/interconnect@48000000/segment@300000/target-module@e000/lcdc@0: Fixed dependency cycle(s) with /ocp/interconnect@44c00000/segment@200000/target-module@b000/i2c@0/tda19988@70
[    0.145826] No ATAGs?
[    0.145866] hw-breakpoint: debug architecture 0x4 unsupported.
[    0.148319] registering rtmutex
[    0.148585] kprobes: kprobe jump-optimization is enabled. All kprobes are optimized if possible.
[    0.153991] iommu: Default domain type: Translated
[    0.154011] iommu: DMA domain TLB invalidation policy: strict mode
[    0.161397] SCSI subsystem initialized
[    0.162250] pps_core: LinuxPPS API ver. 1 registered
[    0.162263] pps_core: Software ver. 5.3.6 - Copyright 2005-2007 Rodolfo Giometti <giometti@linux.it>
[    0.162286] PTP clock support registered
[    0.170911] vgaarb: loaded
[    0.171284] clocksource: Switched to clocksource dmtimer
[    0.171959] VFS: Disk quotas dquot_6.6.0
[    0.172018] VFS: Dquot-cache hash table entries: 1024 (order 0, 4096 bytes)
[    0.196751] NET: Registered PF_INET protocol family
[    0.197091] IP idents hash table entries: 8192 (order: 4, 65536 bytes, linear)
[    0.198528] tcp_listen_portaddr_hash hash table entries: 512 (order: 0, 4096 bytes, linear)
[    0.198568] Table-perturb hash table entries: 65536 (order: 6, 262144 bytes, linear)
[    0.198587] TCP established hash table entries: 4096 (order: 2, 16384 bytes, linear)
[    0.198634] TCP bind hash table entries: 4096 (order: 4, 65536 bytes, linear)
[    0.198734] TCP: Hash tables configured (established 4096 bind 4096)
[    0.198853] UDP hash table entries: 256 (order: 1, 14336 bytes, linear)
[    0.198889] UDP-Lite hash table entries: 256 (order: 1, 14336 bytes, linear)
[    0.199082] NET: Registered PF_UNIX/PF_LOCAL protocol family
[    0.200381] RPC: Registered named UNIX socket transport module.
[    0.200401] RPC: Registered udp transport module.
[    0.200406] RPC: Registered tcp transport module.
[    0.200411] RPC: Registered tcp-with-tls transport module.
[    0.200416] RPC: Registered tcp NFSv4.1 backchannel transport module.
[    0.200440] PCI: CLS 0 bytes, default 64
[    0.201988] Initialise system trusted keyrings
[    0.212088] workingset: timestamp_bits=14 max_order=17 bucket_order=3
[    0.213452] NFS: Registering the id_resolver key type
[    0.213518] Key type id_resolver registered
[    0.213525] Key type id_legacy registered
[    0.213634] jffs2: version 2.2. (NAND) (SUMMARY)  Â© 2001-2006 Red Hat, Inc.
[    0.214112] Key type asymmetric registered
[    0.214127] Asymmetric key parser 'x509' registered
[    0.214200] io scheduler mq-deadline registered
[    0.214209] io scheduler kyber registered
[    0.214286] io scheduler bfq registered
[    0.216172] target-module@4b000000:target-module@140000:pmu@0:fck: device ID is greater than 24
[    0.222364] l3-aon-clkctrl:0000:0: failed to disable
[    0.231923] ledtrig-cpu: registered to indicate activity on CPUs
[    0.234778] Serial: 8250/16550 driver, 6 ports, IRQ sharing enabled
[    0.277612] brd: module loaded
[    0.297930] loop: module loaded
[    0.298850] mtdoops: mtd device (mtddev=name/number) must be supplied
[    0.302178] i2c_dev: i2c /dev entries driver
[    0.303183] cpuidle: enable-method property 'ti,am3352' found operations
[    0.303640] sdhci: Secure Digital Host Controller Interface driver
[    0.303649] sdhci: Copyright(c) Pierre Ossman
[    0.303826] sdhci-pltfm: SDHCI platform and OF driver helper
[    0.311834] hw perfevents: enabled with armv7_cortex_a8 PMU driver, 5 (8000000f) counters available
[    0.312357] Initializing XFRM netlink socket
[    0.312547] NET: Registered PF_INET6 protocol family
[    0.318213] l3-aon-clkctrl:0000:0: failed to disable
[    0.326338] Segment Routing with IPv6
[    0.326424] In-situ OAM (IOAM) with IPv6
[    0.326519] sit: IPv6, IPv4 and MPLS over IPv4 tunneling driver
[    0.327471] NET: Registered PF_PACKET protocol family
[    0.327497] NET: Registered PF_KEY protocol family
[    0.327610] Key type dns_resolver registered
[    0.327832] ThumbEE CPU extension supported.
[    0.327852] Registering SWP/SWPB emulation handler
[    0.328385] omap_voltage_late_init: Voltage driver support not added
[    0.329054] SmartReflex Class3 initialized
[    0.370695] Loading compiled-in X.509 certificates
[    0.399994] /ocp/interconnect@44c00000/segment@200000/target-module@b000/i2c@0/tda19988@70: Fixed dependency cycle(s) with /ocp/interconnect@48000000/segment@300000/target-module@e000/lcdc@0
[    0.406581] /ocp/interconnect@44c00000/segment@200000/target-module@b000/i2c@0/tda19988@70: Fixed dependency cycle(s) with /ocp/interconnect@48000000/segment@300000/target-module@e000/lcdc@0
[    0.435803] /ocp/interconnect@44c00000/segment@200000/target-module@b000/i2c@0/tda19988@70: Fixed dependency cycle(s) with /ocp/interconnect@48000000/segment@300000/target-module@e000/lcdc@0
[    0.436665] /ocp/interconnect@44c00000/segment@200000/target-module@b000/i2c@0/tda19988@70: Fixed dependency cycle(s) with /ocp/interconnect@48000000/segment@300000/target-module@e000/lcdc@0
[    0.440113] /ocp/interconnect@44c00000/segment@200000/target-module@10000/scm@0/pinmux@800: Fixed dependency cycle(s) with /ocp/interconnect@44c00000/segment@200000/target-module@10000/scm@0/pinmux@800/clkout2-pins
[    0.440700] pinctrl-sin gle 44e10800.pinmux: 142 pins, size 568
[    0.446266] ti-sysc 44e31000.target-module: probe with driver ti-sysc failed with error -16
[    0.472379] /ocp/interconnect@48000000/segment@300000/target-module@e000/lcdc@0: Fixed dependency cycle(s) with /ocp/interconnect@44c00000/segment@200000/target-module@b000/i2c@0/tda19988@70
[    0.480384] ti-sysc 48040000.target-module: probe with driver ti-sysc failed with error -16
[    0.537148] OMAP GPIO hardware version 0.1
[    0.551994] omap_i2c 4819c000.i2 c: bus 2 rev0.11 at 100 kHz
[    0.581924] 48000000.interconnect:segment@200000:target-module@0:mpu@0:fck: device ID is greater than 24
[    0.582874] /ocp/interconnect@48000000/segment@300000/target-module@e000/lcdc@0: Fixed dependency cycle(s) with /ocp/interconnect@44c00000/segment@200000/target-module@b000/i2c@0/tda19988@70
[    0.585697] /ocp/interconnect@48000000/segment@300000/target-module@e000/lcdc@0: Fixed dependency cycle(s) with /ocp/interconnect@44c00000/segment@200000/target-module@b000/i2c@0/tda19988@70
[    0.586411] /ocp/interconnect@44c00000/segment@200000/target-module@b000/i2c@0/tda19988@70: Fixed dependency cycle(s) with /ocp/interconnect@48000000/segment@300000/target-module@e000/lcdc@0
[    0.586573] /ocp/interconnect@48000000/segment@300000/target-module@e000/lcdc@0: Fixed dependency cycle(s) with /ocp/interconnect@44c00000/segment@200000/target-module@b000/i2c@0/tda19988@70
[    0.598068] sdhci-omap 481d8000.mmc: supply pbias not found, using dummy regulator
[    0.598551] sdhci-omap 481d8000.mmc: supply vqmmc not found, using dummy regulator
[    0.653378] davinci_mdio 4a101000.mdio: davinci mdio revision 1.6, bus freq 1000000
[    0.804212] davinci_mdio 4a101000.mdio: phy[0]: device 4a101000.mdio:00, driver SMSC LAN8710/LAN8720
[    0.804979] cpsw-switch 4a100000.switch: initialized cpsw ale version 1.4
[    0.805002] cpsw-switch 4a100000.switch: ALE Table size 1024, Policers 0
[    0.805162] cpsw-switch 4a100000.switch: cpts: overflow check period 500 (jiffies)
[    0.8051.mmc: supply pbias not found, using dummy regulator
[    2.498904] sdhci-omap 481d8000.mmc: supply vqmmc not found, using dummy regulator
[    2.535058] mmc0: SDHCI controller on 48060000.mmc [48060000.mmc] using External DMA
[    2.543382] mmc1: SDHCI controller on 481d8000.mmc [481d8000.mmc] using External DMA
[    2.552158] cpsw-switch 4a100000.switch: starting ndev. mode: dual_mac
[    2.600458] mmc0: new high speed SDHC card at address 5048
[    2.607521] mmcblk0: mmc0:5048 SD16G 14.4 GiB
[    2.615810]  mmcblk0: p1 p2
[    2.619200] mmcblk0: p2 size 31221760 extends beyond EOD, truncated
[    2.632613] SMSC LAN8710/LAN8720 4a101000.mdio:00: attached PHY driver (mii_bus:phy_addr=4a101000.mdio:00, irq=POLL)
[    2.644724] mmc1: new high speed MMC card at address 0001
[    2.656250] mmcblk1: mmc1:0001 MMC04G 3.60 GiB
[    2.663873]  mmcblk1: p1 p2
[    2.668098] mmcblk1boot0: mmc1:0001 MMC04G 2.00 MiB
[    2.676931] mmcblk1boot1: mmc1:0001 MMC04G 2.00 MiB
[    2.686202] mmcblk1rpmb: mmc1:0001 MMC04G 128 KiB, chardev (249:0)
[    5.842055] cpsw-switch 4a100000.switch eth0: Link is Up - 100Mbps/Full - flow control off
[    5.871308] IP-Config: Complete:
[    5.874581]      device=eth0, hwaddr=6c:ec:eb:68:de:78, ipaddr=192.168.255.1, mask=255.255.255.0, gw=255.255.255.255
[    5.885222]      host=bbb1, domain=, nis-domain=(none)
[    5.890389]      bootserver=192.168.255.126, rootserver=192.168.255.126, rootpath=
[    5.890798] clk: Disabling unused clocks
[    5.902657] PM: genpd: Disabling unused power domains
[    5.907775] KTAP version 1
[    5.910497] 1..0
[    5.939618] VFS: Mounted root (nfs filesystem) on device 0:17.
[    5.946793] devtmpfs: mounted
[    5.951414] Freeing unused kernel image (initmem) memory: 1024K
[    5.958075] Run /sbin/init as init process
[    6.649465] systemd[1]: System time before build time, advancing clock.
[    8.181308] random: crng init done
[    8.197862] systemd[1]: systemd 232 running in system mode. (+PAM +AUDIT +SELINUX +IMA +APPARMOR +SMACK +SYSVINIT +UTMP +LIBCRYPTSETUP +GCRYPT +GNUTLS +ACL +XZ +LZ4 +SECCOMP +BLKID +ELFUTILS +KMOD +IDN)
[    8.216878] systemd[1]: Detected architecture arm.

Welcome to [1mDebian GNU/Linux 9 (stretch)[0m!

[    8.244573] systemd[1]: Set hostname to <arm>.
[    9.369846] systemd[1]: Reached target Swap.
[[0;32m  OK  [0m] Reached target Swap.
[    9.392784] systemd[1]: Created slice System Slice.
[[0;32m  OK  [0m] Created slice System Slice.
[    9.451913] systemd[1]: Mounting POSIX Message Queue File System...
         Mounting POSIX Message Queue File System...
[    9.485490] systemd[1]: syslog.socket: SO_PASSSEC failed: Operation not supported
[    9.494709] systemd[1]: Listening on Syslog Socket.
[[0;32m  OK  [0m] Listening on Syslog Socket.
[    9.509094] systemd[1]: Listening on udev Control Socket.
[[0;32m  OK  [0m] Listening on udev Control Socket.
[    9.522771] systemd[1]: dev-hugepages.mount: Couldn't determine result for ConditionVirtualization=!private-users, assuming failed: No such file or directory
[[0;32m  OK  [0m] Set up automount Arbitrary Executabâ€¦rmats File System Automount Point.
[[0;32m  OK  [0m] Started Forward Password Requests to Wall Directory Watch.
[[0;32m  OK  [0m] Created slice system-getty.slice.
[[0;32m  OK  [0m] Created slice User and Session Slice.
[[0;32m  OK  [0m] Reached target Slices.
[[0;32m  OK  [0m] Listening on Journal Socket.
         Starting Remount Root and Kernel File Systems...
         Starting Load Kernel Modules...
         Starting Create list of required stâ€¦ce nodes for the current kernel...
[[0;32m  OK  [0m] Reached target Remote File Systems.
[[0;32m  OK  [0m] Started Dispatch Password Requests to Console Directory Watch.
[[0;32m  OK  [0m] Reached target Encrypted Volumes.
[[0;32m  OK  [0m] Reached target Paths.
[[0;32m  OK  [0m] Listening on Journal Socket (/dev/log).
[[0;32m  OK  [0m] Listening on Journal Audit Socket.
         Starting Journal Service...
[[0;32m  OK  [0m] Created slice system-serial\x2dgetty.slice.
         Mounting Debug File System...
[[0;32m  OK  [0m] Listening on udev Kernel Socket.
[[0;32m  OK  [0m] Listening on /dev/initctl Compatibility Named Pipe.
[[0;32m  OK  [0m] Mounted POSIX Message Queue File System.
[[0;32m  OK  [0m] Started Remount Root and Kernel File Systems.
[[0;32m  OK  [0m] Started Load Kernel Modules.
[[0;32m  OK  [0m] Started Create list of required staâ€¦vice nodes for the current kernel.
[[0;32m  OK  [0m] Mounted Debug File System.
         Starting Create Static Device Nodes in /dev...
         Starting Apply Kernel Variables...
         Mounting Configuration File System...
         Starting udev Coldplug all Devices...
         Starting Load/Save Random Seed...
[[0;32m  OK  [0m] Mounted Configuration File System.
[[0;32m  OK  [0m] Started Apply Kernel Variables.
[[0;32m  OK  [0m] Started Load/Save Random Seed.
[[0;32m  OK  [0m] Started Create Static Device Nodes in /dev.
         Starting udev Kernel Device Manager...
[[0;32m  OK  [0m] Reached target Local File Systems (Pre).
[[0;32m  OK  [0m] Reached target Local File Systems.
         Starting Raise network interfaces...
[[0;32m  OK  [0m] Started Journal Service.
         Starting Flush Journal to Persistent Storage...
[   11.645219] systemd-journald[92]: Received request to flush runtime journal from PID 1
[[0;32m  OK  [0m] Started Flush Journal to Persistent Storage.
         Starting Create Volatile Files and Directories...
[[0;32m  OK  [0m] Started udev Kernel Device Manager.
[[0;32m  OK  [0m] Started Create Volatile Files and Directories.
         Starting Update UTMP about System Boot/Shutdown...
         Starting Network Time Synchronization...
[[0;32m  OK  [0m] Started Update UTMP about System Boot/Shutdown.
[[0;32m  OK  [0m] Started udev Coldplug all Devices.
[   14.806462] remoteproc remoteproc0: wkup_m3 is available
[   14.972536] omap_rtc 44e3e000.rtc: registered as rtc0
[   14.977712] omap_rtc 44e3e000.rtc: setting system clock to 2000-01-01T00:00:00 UTC (946684800)
[   15.120747] omap_wdt: OMAP Watchdog Timer Rev 0x01: initial timeout 60 sec
[   15.175979] am335x-phy-driver 47401300.usb-phy: dummy supplies not allowed for exclusive requests (id=vbus)
[   15.284557] at24 2-0054: supply vcc not found, using dummy regulator
[   15.295675] input: tps65217_pwrbutton as /devices/platform/ocp/44c00000.interconnect/44c00000.interconnect:segment@200000/44e0b000.target-module/44e0b000.i2c/i2c-0/0-0024/tps65217-pwrbutton/input/input0
[   15.404322] at24 2-0055: supply vcc not found, using dummy regulator
[[0;32m  OK  [0m] Started Network Time Synchronization.
[   15.493422] at24 2-0056: supply vcc not found, using dummy regulator
[   15.528923] am335x-phy-driver 47401b00.usb-phy: dummy supplies not allowed for exclusive requests (id=vbus)
[   15.655624] at24 2-0057: supply vcc not found, using dummy regulator
[   15.770250] at24 0-0050: 32768 byte 24c256 EEPROM, writable, 1 bytes/write
[[0;32m  OK  [0m] Found device /dev/ttyS0.
[[0;32m  OK  [0m] Reached target System Time Synchronized.
[[0;32m  OK  [0m] Reached target System Initialization.
[[0;32m  OK  [0m] Started Daily Cleanup of Temporary Directories.
[   16.461221] usbcore: registered new interface driver usbfs
[   16.467086] usbcore: registered new interface driver hub
[   16.474468] usbcore: registered new device driver usb
[[0;32m  OK  [0m] Listening on Avahi mDNS/DNS-SD Stack Activation Socket.
[[0;32m  OK  [0m] Listening on D-Bus System Message Bus Socket.
[[0;32m  OK  [0m] Reached target Sockets.
[[0;32m  OK  [0m] Reached target Basic System.
         Starting LSB: Load kernel modules needed to enable cpufreq scaling...
         Starting System Logging Service...
[[0;32m  OK  [0m] Started Regular background program processing daemon.
         Starting Generic Board Startup...
[   17.296809] musb-hdrc musb-hdrc.1: MUSB HDRC host driver
[   17.302372] musb-hdrc musb-hdrc.1: new USB bus registered, assigned bus number 1
         Starting LSB: Start busybox udhcpd at boot time...[   17.393175] tda998x 0-0070: found TDA19988

[   17.405429] omap-mailbox 480c8000.mailbox: omap mailbox rev 0x400
[   17.495664] remoteproc remoteproc0: powering up wkup_m3
         Starting Telephony service...
[   17.582275] usb usb1: New USB device found, idVendor=1d6b, idProduct=0002, bcdDevice= 6.16
[   17.590747] usb usb1: New USB device strings: Mfr=3, Product=2, SerialNumber=1
[   17.598126] usb usb1: Product: MUSB HDRC host driver
[   17.603158] usb usb1: Manufacturer: Linux 6.16.0-rc3-next-20250626 musb-hcd
[   17.610158] usb usb1: SerialNumber: musb-hdrc.1
[   17.685594] remoteproc remoteproc0: Direct firmware load for am335x-pm-firmware.elf failed with error -2
[   17.695341] remoteproc remoteproc0: request_firmware failed: -2
[   17.701344] wkup_m3_ipc 44e11324.wkup_m3_ipc: rproc_boot failed
         Starting Cape Manager Service...
         Starting Login Service...
         Starting Avahi mDNS/DNS-SD Stack...
[   18.115671] hub 1-0:1.0: USB hub found
[   18.200912] hub 1-0:1.0: 1 port detected
[[0;32m  OK  [0m] Started D-Bus System Message Bus.
[   20.007021] omap_rng 48310000.rng: Random Number Generator ver. 20
[   20.282865] tilcdc 4830e000.lcdc: bound 0-0070 (ops 0xbf09a0f8)
[   20.391775] [drm] Initialized tilcdc 1.0.0 for 4830e000.lcdc on minor 0
[   20.502491] tilcdc 4830e000.lcdc: [drm] Cannot find any crtc or sizes
[   20.515967] tilcdc 4830e000.lcdc: [drm] Cannot find any crtc or sizes
[   21.267937] PM: Cannot get wkup_m3_ipc handle
[   21.381864] omap-sham 53100000.sham: hw accel on OMAP rev 4.3
[   21.438412] omap-aes 53500000.aes: OMAP AES hw accel rev: 3.2
[   21.482421] omap-sham 53100000.sham: will run requests pump with realtime priority
[   21.513297] PM: Cannot get wkup_m3_ipc handle
[   21.563052] omap-aes 53500000.aes: will run requests pump with realtime priority
[   21.572718] PM: Cannot get wkup_m3_ipc handle
[[0;32m  OK  [0m] Started Telephony service.
[[0;32m  OK  [0m] Started Avahi mDNS/DNS-SD Stack.
         Starting Connection service...
[[0;32m  OK  [0m] Started Daily apt download activities.
[[0;32m  OK  [0m] Started Daily apt upgrade and clean activities.
[[0;32m  OK  [0m] Reached target Timers.
         Starting DUN service...
[[0;32m  OK  [0m] Started System Logging Service.
[[0;32m  OK  [0m] Started Cape Manager Service.
[   24.039714] Bluetooth: Core ver 2.22
[   24.043740] NET: Registered PF_BLUETOOTH protocol family
[   24.049093] Bluetooth: HCI device and connection manager initialized
[   24.055635] Bluetooth: HCI socket layer initialized
[   24.060554] Bluetooth: L2CAP socket layer initialized
[   24.065718] Bluetooth: SCO socket layer initialized
[   25.268950] PM: Cannot get wkup_m3_ipc handle
[   25.307318] gpio-537 (nxp,calib): gpiod_direction_output_nonotify: tried to set a GPIO tied to an IRQ as output
[   25.394082] PM: Cannot get wkup_m3_ipc handle
[   25.538163] tda9950 0-0034: TDA9950 CEC interface, hardware version 3.3
[   25.594321] PM: Cannot get wkup_m3_ipc handle
[[0;32m  OK  [0m] Started LSB: Start busybox udhcpd at boot time.
[[0;32m  OK  [0m] Started LSB: Load kernel modules needed to enable cpufreq scaling.
[[0;32m  OK  [0m] Started Raise network interfaces.
[   28.509523] configfs-gadget.g_multi gadget.0: HOST MAC 1c:ba:8c:a2:ed:6c
[   28.516538] configfs-gadget.g_multi gadget.0: MAC 1c:ba:8c:a2:ed:70
[   28.523934] configfs-gadget.g_multi gadget.0: HOST MAC 1c:ba:8c:a2:ed:6c
[   28.530697] configfs-gadget.g_multi gadget.0: MAC 1c:ba:8c:a2:ed:6d
[   28.541571] PM: Cannot get wkup_m3_ipc handle
[[0;32m  OK  [0m] Started DUN service.
[[0;32m  OK  [0m] Started Connection service.
[[0;32m  OK  [0m] Started Login Service.
[[0;32m  OK  [0m] Reached target Sound Card.
[[0;32m  OK  [0m] Reached target Network.
         Starting Permit User Sessions...
         Starting The Apache HTTP Server...
         Starting OpenBSD Secure Shell server...
[[0;32m  OK  [0m] Reached target Network is Online.
         Starting LSB: Advanced IEEE 802.11 management daemon...
         Starting LSB: set CPUFreq kernel parameters...
[[0;32m  OK  [0m] Started Permit User Sessions.
[[0;32m  OK  [0m] Started LSB: Advanced IEEE 802.11 management daemon.
[[0;32m  OK  [0m] Started Serial Getty on ttyS0.
[[0;32m  OK  [0m] Started Getty on tty1.
[[0;32m  OK  [0m] Reached target Login Prompts.
         Starting Hostname Service...
         Starting WPA supplicant...
[[0;32m  OK  [0m] Started LSB: set CPUFreq kernel parameters.
[[0;32m  OK  [0m] Started WPA supplicant.
         Stopping LSB: Start busybox udhcpd at boot time...
[[0;32m  OK  [0m] Started OpenBSD Secure Shell server.
[[0;32m  OK  [0m] Started Hostname Service.
[[0;32m  OK  [0m] Stopped LSB: Start busybox udhcpd at boot time.
         Starting dnsmasq - A lightweight DHCP and caching DNS server...
[[0;32m  OK  [0m] Started The Apache HTTP Server.
[[0;32m  OK  [0m] Started dnsmasq - A lightweight DHCP and caching DNS server.
[[0;32m  OK  [0m] Reached target Host and Network Name Lookups.
[[0;32m  OK  [0m] Started Serial Getty on ttyGS0.
[[0;32m  OK  [0m] Started Generic Board Startup.
[[0;32m  OK  [0m] Reached target Multi-User System.
[[0;32m  OK  [0m] Reached target Graphical Interface.
         Starting Update UTMP about System Runlevel Changes...
[[0;32m  OK  [0m] Started Update UTMP about System Runlevel Changes.

Debian GNU/Linux 9 arm ttyS0

default username:password is [debian:temppwd]

arm login: root
Password: 
Last login: Sat Dec  9 19:10:27 UTC 2017 on ttyS0
root
Linux arm 6.16.0-rc3-next-20250626 #1 SMP Thu Jun 26 12:30:24 EEST 2025 armv7l

The programs included with the Debian GNU/Linux system are free software;
the exact distribution terms for each program are described in the
individual files in /usr/share/doc/*/copyright.

Debian GNU/Linux comes with ABSOLUTELY NO WARRANTY, to the extent
permitted by applicable law.
root@arm:~# root
-bash: root: command not found
root@arm:~# dmesg -n 1
root@arm:~# echo 'TXPK''NOLEKQ'
TXPKNOLEKQ
root@arm:~# run() { echo -n "$MARKER"; sh -c "$@"; echo "$MARKER $?"; }
root@arm:~# echo 'GAVS''OPQKEM'
GAVSOPQKEM
root@arm:~# MARKER='ZOTX''ZWKNYE' run 'cat /proc/version'
ZOTXZWKNYELinux version 6.16.0-rc3-next-20250626 (user01@drvtest01) (arm-none-eabi-gcc (Arm GNU Toolchain 14.2.Rel1 (Build arm-14.52)) 14.2.1 20241119, GNU ld (Arm GNU Toolchain 14.2.Rel1 (Build arm-14.52)) 2.43.1.20241119) #1 SMP Thu Jun 26 12:30:24 EEST 2025
ZOTXZWKNYE 0
root@arm:~# echo 'NFUP''CPAYAQ'
NFUPCPAYAQ
root@arm:~# MARKER='CHOT''AUUOUW' run false
CHOTAUUOUWCHOTAUUOUW 1
root@arm:~# Labgrid Console Logfile for main
Logfile started at 2025-06-26 12:34:21.438141
=== Log starts here ===

root@arm:~# run() { echo -n "$MARKER"; sh -c "$@"; echo "$MARKER $?"; }
root@arm:~# echo 'ELCH''COYKSQ'
ELCHCOYKSQ
root@arm:~# MARKER='ZYJL''OWWFMP' run 'ls /iio_generic_buffer; echo $?'
ZYJLOWWFMP/iio_generic_buffer
0
ZYJLOWWFMP 0
root@arm:~# Labgrid Console Logfile for main
Logfile started at 2025-06-26 12:34:24.843458
=== Log starts here ===

root@arm:~# run() { echo -n "$MARKER"; sh -c "$@"; echo "$MARKER $?"; }
root@arm:~# echo 'CUYG''NZEAFE'
CUYGNZEAFE
root@arm:~# MARKER='XUTJ''LXTLJS' run dmesg
XUTJLXTLJS[    0.000000] Booting Linux on physical CPU 0x0
[    0.000000] Linux version 6.16.0-rc3-next-20250626 (user01@drvtest01) (arm-none-eabi-gcc (Arm GNU Toolchain 14.2.Rel1 (Build arm-14.52)) 14.2.1 20241119, GNU ld (Arm GNU Toolchain 14.2.Rel1 (Build arm-14.52)) 2.43.1.20241119) #1 SMP Thu Jun 26 12:30:24 EEST 2025
[    0.000000] CPU: ARMv7 Processor [413fc082] revision 2 (ARMv7), cr=10c5387d
[    0.000000] CPU: PIPT / VIPT nonaliasing data cache, VIPT aliasing instruction cache
[    0.000000] OF: fdt: Machine model: TI AM335x BeagleBone Black
[    0.000000] Memory policy: Data cache writeback
[    0.000000] cma: Reserved 16 MiB at 0x9e800000
[    0.000000] Zone ranges:
[    0.000000]   Normal   [mem 0x0000000080000000-0x000000009fdfffff]
[    0.000000]   HighMem  empty
[    0.000000] Movable zone start for each node
[    0.000000] Early memory node ranges
[    0.000000]   node   0: [mem 0x0000000080000000-0x000000009fdfffff]
[    0.000000] Initmem setup node 0 [mem 0x0000000080000000-0x000000009fdfffff]
[    0.000000] On node 0, zone Normal: 512 pages in unavailable ranges
[    0.000000] OF: reserved mem: Reserved memory: No reserved-memory node in the DT
[    0.000000] CPU: All CPU(s) started in SVC mode.
[    0.000000] AM335X ES2.1 (sgx neon)
[    0.000000] percpu: Embedded 17 pages/cpu s39820 r8192 d21620 u69632
[    0.000000] pcpu-alloc: s39820 r8192 d21620 u69632 alloc=17*4096
[    0.000000] pcpu-alloc: [0] 0 
[    0.000000] Kernel command line: console=ttyO0,115200n8 root=/dev/nfs rw nfsroot=192.168.255.126:/home/user01/nfs,nfsvers=3 ip=192.168.255.1:192.168.255.126::255.255.255.0:bbb1:eth0 nfsrootdebug
[    0.000000] Unknown kernel command line parameters "nfsrootdebug", will be passed to user space.
[    0.000000] printk: log buffer data + meta data: 65536 + 204800 = 270336 bytes
[    0.000000] Dentry cache hash table entries: 65536 (order: 6, 262144 bytes, linear)
[    0.000000] Inode-cache hash table entries: 32768 (order: 5, 131072 bytes, linear)
[    0.000000] Built 1 zonelists, mobility grouping on.  Total pages: 130560
[    0.000000] mem auto-init: stack:off, heap alloc:off, heap free:off
[    0.000000] SLUB: HWalign=16, Order=0-3, MinObjects=0, CPUs=1, Nodes=1
[    0.000000] rcu: Hierarchical RCU implementation.
[    0.000000] rcu: 	RCU event tracing is enabled.
[    0.000000] rcu: 	RCU restricting CPUs from NR_CPUS=2 to nr_cpu_ids=1.
[    0.000000] 	Tracing variant of Tasks RCU enabled.
[    0.000000] rcu: RCU calculated value of scheduler-enlistment delay is 10 jiffies.
[    0.000000] rcu: Adjusting geometry for rcu_fanout_leaf=16, nr_cpu_ids=1
[    0.000000] RCU Tasks Trace: Setting shift to 0 and lim to 1 rcu_task_cb_adjust=1 rcu_task_cpu_ids=1.
[    0.000000] NR_IRQS: 16, nr_irqs: 16, preallocated irqs: 16
[    0.000000] IRQ: Found an INTC at 0x(ptrval) (revision 5.0) with 128 interrupts
[    0.000000] rcu: srcu_init: Setting srcu_struct sizes based on contention.
[    0.000000] TI gptimer clocksource: always-on /ocp/interconnect@44c00000/segment@200000/target-module@31000
[    0.000003] sched_clock: 32 bits at 24MHz, resolution 41ns, wraps every 89478484971ns
[    0.000027] clocksource: dmtimer: mask: 0xffffffff max_cycles: 0xffffffff, max_idle_ns: 79635851949 ns
[    0.000524] TI gptimer clockevent: 24000000 Hz at /ocp/interconnect@48000000/segment@0/target-module@40000
[    0.002125] Console: colour dummy device 80x30
[    0.002192] WARNING: Your 'console=ttyO0' has been replaced by 'ttyS0'
[    0.002200] This ensures that you still see kernel messages. Please
[    0.002205] update your kernel commandline.
[    0.002249] Calibrating delay loop... 996.14 BogoMIPS (lpj=4980736)
[    0.090573] CPU: Testing write buffer coherency: ok
[    0.090686] CPU0: Spectre v2: using BPIALL workaround
[    0.090696] pid_max: default: 32768 minimum: 301
[    0.090853] LSM: initializing lsm=capability
[    0.091024] Mount-cache hash table entries: 1024 (order: 0, 4096 bytes, linear)
[    0.091042] Mountpoint-cache hash table entries: 1024 (order: 0, 4096 bytes, linear)
[    0.092672] CPU0: thread -1, cpu 0, socket -1, mpidr 0
[    0.092730] cacheinfo: Unable to detect cache hierarchy for CPU 0
[    0.094786] Setting up static identity map for 0x80100000 - 0x80100078
[    0.095134] rcu: Hierarchical SRCU implementation.
[    0.095145] rcu: 	Max phase no-delay instances is 1000.
[    0.096891] smp: Bringing up secondary CPUs ...
[    0.096943] smp: Brought up 1 node, 1 CPU
[    0.096955] SMP: Total of 1 processors activated (996.14 BogoMIPS).
[    0.096966] CPU: All CPU(s) started in SVC mode.
[    0.097156] Memory: 480828K/522240K available (11264K kernel code, 1215K rwdata, 2928K rodata, 1024K init, 284K bss, 23380K reserved, 16384K cma-reserved, 0K highmem)
[    0.097972] devtmpfs: initialized
[    0.115129] VFP support v0.3: implementor 41 architecture 3 part 30 variant c rev 3
[    0.115767] clocksource: jiffies: mask: 0xffffffff max_cycles: 0xffffffff, max_idle_ns: 19112604462750000 ns
[    0.115822] posixtimers hash table entries: 512 (order: 0, 4096 bytes, linear)
[    0.115849] futex hash table entries: 256 (16384 bytes on 1 NUMA nodes, total 16 KiB, linear).
[    0.116974] pinctrl core: initialized pinctrl subsystem
[    0.119035] NET: Registered PF_NETLINK/PF_ROUTE protocol family
[    0.122154] DMA: preallocated 256 KiB pool for atomic coherent allocations
[    0.123111] audit: initializing netlink subsys (disabled)
[    0.124476] thermal_sys: Registered thermal governor 'fair_share'
[    0.124492] thermal_sys: Registered thermal governor 'step_wise'
[    0.124503] thermal_sys: Registered thermal governor 'user_space'
[    0.124613] audit: type=2000 audit(0.120:1): state=initialized audit_enabled=0 res=1
[    0.124685] cpuidle: using governor menu
[    0.142482] /ocp/interconnect@44c00000/segment@200000/target-module@b000/i2c@0/tda19988@70: Fixed dependency cycle(s) with /ocp/interconnect@48000000/segment@300000/target-module@e000/lcdc@0
[    0.143632] /ocp/interconnect@48000000/segment@300000/target-module@e000/lcdc@0: Fixed dependency cycle(s) with /ocp/interconnect@44c00000/segment@200000/target-module@b000/i2c@0/tda19988@70
[    0.145826] No ATAGs?
[    0.145866] hw-breakpoint: debug architecture 0x4 unsupported.
[    0.148319] registering rtmutex
[    0.148585] kprobes: kprobe jump-optimization is enabled. All kprobes are optimized if possible.
[    0.153991] iommu: Default domain type: Translated
[    0.154011] iommu: DMA domain TLB invalidation policy: strict mode
[    0.155577] reg-fixed-voltage fixedregulator0: using DT '/fixedregulator0' for '(default)' GPIO lookup
[    0.155630] of_get_named_gpiod_flags: can't parse 'gpios' property of node '/fixedregulator0[0]'
[    0.155660] of_get_named_gpiod_flags: can't parse 'gpio' property of node '/fixedregulator0[0]'
[    0.155678] reg-fixed-voltage fixedregulator0: using lookup tables for GPIO lookup
[    0.155688] reg-fixed-voltage fixedregulator0: No GPIO consumer (default) found
[    0.161397] SCSI subsystem initialized
[    0.161889] libata version 3.00 loaded.
[    0.162250] pps_core: LinuxPPS API ver. 1 registered
[    0.162263] pps_core: Software ver. 5.3.6 - Copyright 2005-2007 Rodolfo Giometti <giometti@linux.it>
[    0.162286] PTP clock support registered
[    0.170911] vgaarb: loaded
[    0.171284] clocksource: Switched to clocksource dmtimer
[    0.171959] VFS: Disk quotas dquot_6.6.0
[    0.172018] VFS: Dquot-cache hash table entries: 1024 (order 0, 4096 bytes)
[    0.196751] NET: Registered PF_INET protocol family
[    0.197091] IP idents hash table entries: 8192 (order: 4, 65536 bytes, linear)
[    0.198528] tcp_listen_portaddr_hash hash table entries: 512 (order: 0, 4096 bytes, linear)
[    0.198568] Table-perturb hash table entries: 65536 (order: 6, 262144 bytes, linear)
[    0.198587] TCP established hash table entries: 4096 (order: 2, 16384 bytes, linear)
[    0.198634] TCP bind hash table entries: 4096 (order: 4, 65536 bytes, linear)
[    0.198734] TCP: Hash tables configured (established 4096 bind 4096)
[    0.198853] UDP hash table entries: 256 (order: 1, 14336 bytes, linear)
[    0.198889] UDP-Lite hash table entries: 256 (order: 1, 14336 bytes, linear)
[    0.199082] NET: Registered PF_UNIX/PF_LOCAL protocol family
[    0.200381] RPC: Registered named UNIX socket transport module.
[    0.200401] RPC: Registered udp transport module.
[    0.200406] RPC: Registered tcp transport module.
[    0.200411] RPC: Registered tcp-with-tls transport module.
[    0.200416] RPC: Registered tcp NFSv4.1 backchannel transport module.
[    0.200440] PCI: CLS 0 bytes, default 64
[    0.201988] Initialise system trusted keyrings
[    0.212088] workingset: timestamp_bits=14 max_order=17 bucket_order=3
[    0.213452] NFS: Registering the id_resolver key type
[    0.213518] Key type id_resolver registered
[    0.213525] Key type id_legacy registered
[    0.213634] jffs2: version 2.2. (NAND) (SUMMARY)  Â© 2001-2006 Red Hat, Inc.
[    0.214112] Key type asymmetric registered
[    0.214127] Asymmetric key parser 'x509' registered
[    0.214200] io scheduler mq-deadline registered
[    0.214209] io scheduler kyber registered
[    0.214286] io scheduler bfq registered
[    0.216172] target-module@4b000000:target-module@140000:pmu@0:fck: device ID is greater than 24
[    0.222364] l3-aon-clkctrl:0000:0: failed to disable
[    0.231923] ledtrig-cpu: registered to indicate activity on CPUs
[    0.234778] Serial: 8250/16550 driver, 6 ports, IRQ sharing enabled
[    0.277612] brd: module loaded
[    0.297930] loop: module loaded
[    0.298850] mtdoops: mtd device (mtddev=name/number) must be supplied
[    0.300564] mdio_bus fixed-0: using lookup tables for GPIO lookup
[    0.300587] mdio_bus fixed-0: No GPIO consumer reset found
[    0.302178] i2c_dev: i2c /dev entries driver
[    0.303183] cpuidle: enable-method property 'ti,am3352' found operations
[    0.303640] sdhci: Secure Digital Host Controller Interface driver
[    0.303649] sdhci: Copyright(c) Pierre Ossman
[    0.303826] sdhci-pltfm: SDHCI platform and OF driver helper
[    0.311834] hw perfevents: enabled with armv7_cortex_a8 PMU driver, 5 (8000000f) counters available
[    0.312357] Initializing XFRM netlink socket
[    0.312547] NET: Registered PF_INET6 protocol family
[    0.318213] l3-aon-clkctrl:0000:0: failed to disable
[    0.326338] Segment Routing with IPv6
[    0.326424] In-situ OAM (IOAM) with IPv6
[    0.326519] sit: IPv6, IPv4 and MPLS over IPv4 tunneling driver
[    0.327471] NET: Registered PF_PACKET protocol family
[    0.327497] NET: Registered PF_KEY protocol family
[    0.327610] Key type dns_resolver registered
[    0.327832] ThumbEE CPU extension supported.
[    0.327852] Registering SWP/SWPB emulation handler
[    0.328385] omap_voltage_late_init: Voltage driver support not added
[    0.329054] SmartReflex Class3 initialized
[    0.370695] Loading compiled-in X.509 certificates
[    0.399994] /ocp/interconnect@44c00000/segment@200000/target-module@b000/i2c@0/tda19988@70: Fixed dependency cycle(s) with /ocp/interconnect@48000000/segment@300000/target-module@e000/lcdc@0
[    0.406581] /ocp/interconnect@44c00000/segment@200000/target-module@b000/i2c@0/tda19988@70: Fixed dependency cycle(s) with /ocp/interconnect@48000000/segment@300000/target-module@e000/lcdc@0
[    0.412235] gpiochip_find_base_unlocked: found new base at 512
[    0.435803] /ocp/interconnect@44c00000/segment@200000/target-module@b000/i2c@0/tda19988@70: Fixed dependency cycle(s) with /ocp/interconnect@48000000/segment@300000/target-module@e000/lcdc@0
[    0.436665] /ocp/interconnect@44c00000/segment@200000/target-module@b000/i2c@0/tda19988@70: Fixed dependency cycle(s) with /ocp/interconnect@48000000/segment@300000/target-module@e000/lcdc@0
[    0.440113] /ocp/interconnect@44c00000/segment@200000/target-module@10000/scm@0/pinmux@800: Fixed dependency cycle(s) with /ocp/interconnect@44c00000/segment@200000/target-module@10000/scm@0/pinmux@800/clkout2-pins
[    0.440700] pinctrl-single 44e10800.pinmux: 142 pins, size 568
[    0.446266] ti-sysc 44e31000.target-module: probe with driver ti-sysc failed with error -16
[    0.472379] /ocp/interconnect@48000000/segment@300000/target-module@e000/lcdc@0: Fixed dependency cycle(s) with /ocp/interconnect@44c00000/segment@200000/target-module@b000/i2c@0/tda19988@70
[    0.480384] ti-sysc 48040000.target-module: probe with driver ti-sysc failed with error -16
[    0.491969] gpiochip_find_base_unlocked: found new base at 512
[    0.492065] gpio gpiochip0: (gpio-0-31): created GPIO range 0->7 ==> 44e10800.pinmux PIN 0->7
[    0.492083] gpio gpiochip0: (gpio-0-31): created GPIO range 8->11 ==> 44e10800.pinmux PIN 90->93
[    0.492098] gpio gpiochip0: (gpio-0-31): created GPIO range 12->27 ==> 44e10800.pinmux PIN 12->27
[    0.492113] gpio gpiochip0: (gpio-0-31): created GPIO range 28->31 ==> 44e10800.pinmux PIN 30->33
[    0.536919] gpio gpiochip0: (gpio-0-31): added GPIO chardev (254:0)
[    0.537061] gpio gpiochip0: registered GPIOs 512 to 543 on gpio-0-31
[    0.537148] OMAP GPIO hardware version 0.1
[    0.550783] i2c i2c-2: using DT '/ocp/interconnect@48000000/segment@100000/target-module@9c000/i2c@0' for 'scl' GPIO lookup
[    0.550855] of_get_named_gpiod_flags: can't parse 'scl-gpios' property of node '/ocp/interconnect@48000000/segment@100000/target-module@9c000/i2c@0[0]'
[    0.550898] of_get_named_gpiod_flags: can't parse 'scl-gpio' property of node '/ocp/interconnect@48000000/segment@100000/target-module@9c000/i2c@0[0]'
[    0.550933] i2c i2c-2: using lookup tables for GPIO lookup
[    0.550943] i2c i2c-2: No GPIO consumer scl found
[    0.550964] i2c i2c-2: using DT '/ocp/interconnect@48000000/segment@100000/target-module@9c000/i2c@0' for 'sda' GPIO lookup
[    0.550999] of_get_named_gpiod_flags: can't parse 'sda-gpios' property of node '/ocp/interconnect@48000000/segment@100000/target-module@9c000/i2c@0[0]'
[    0.551035] of_get_named_gpiod_flags: can't parse 'sda-gpio' property of node '/ocp/interconnect@48000000/segment@100000/target-module@9c000/i2c@0[0]'
[    0.551066] i2c i2c-2: using lookup tables for GPIO lookup
[    0.551074] i2c i2c-2: No GPIO consumer sda found
[    0.551994] omap_i2c 4819c000.i2c: bus 2 rev0.11 at 100 kHz
[    0.557483] gpiochip_find_base_unlocked: found new base at 544
[    0.557579] gpio gpiochip1: (gpio-32-63): created GPIO range 0->17 ==> 44e10800.pinmux PIN 34->51
[    0.557598] gpio gpiochip1: (gpio-32-63): created GPIO range 18->21 ==> 44e10800.pinmux PIN 77->80
[    0.557614] gpio gpiochip1: (gpio-32-63): created GPIO range 22->31 ==> 44e10800.pinmux PIN 56->65
[    0.572703] gpio gpiochip1: (gpio-32-63): added GPIO chardev (254:1)
[    0.572880] gpio gpiochip1: registered GPIOs 544 to 575 on gpio-32-63
[    0.575161] gpiochip_find_base_unlocked: found new base at 576
[    0.575262] gpio gpiochip2: (gpio-64-95): created GPIO range 0->4 ==> 44e10800.pinmux PIN 66->70
[    0.575281] gpio gpiochip2: (gpio-64-95): created GPIO range 5->6 ==> 44e10800.pinmux PIN 98->99
[    0.575296] gpio gpiochip2: (gpio-64-95): created GPIO range 7->8 ==> 44e10800.pinmux PIN 75->76
[    0.575311] gpio gpiochip2: (gpio-64-95): created GPIO range 13->13 ==> 44e10800.pinmux PIN 141->141
[    0.575327] gpio gpiochip2: (gpio-64-95): created GPIO range 14->21 ==> 44e10800.pinmux PIN 100->107
[    0.575981] gpio gpiochip2: (gpio-64-95): added GPIO chardev (254:2)
[    0.576118] gpio gpiochip2: registered GPIOs 576 to 607 on gpio-64-95
[    0.581924] 48000000.interconnect:segment@200000:target-module@0:mpu@0:fck: device ID is greater than 24
[    0.582874] /ocp/interconnect@48000000/segment@300000/target-module@e000/lcdc@0: Fixed dependency cycle(s) with /ocp/interconnect@44c00000/segment@200000/target-module@b000/i2c@0/tda19988@70
[    0.585697] /ocp/interconnect@48000000/segment@300000/target-module@e000/lcdc@0: Fixed dependency cycle(s) with /ocp/interconnect@44c00000/segment@200000/target-module@b000/i2c@0/tda19988@70
[    0.586411] /ocp/interconnect@44c00000/segment@200000/target-module@b000/i2c@0/tda19988@70: Fixed dependency cycle(s) with /ocp/interconnect@48000000/segment@300000/target-module@e000/lcdc@0
[    0.586573] /ocp/interconnect@48000000/segment@300000/target-module@e000/lcdc@0: Fixed dependency cycle(s) with /ocp/interconnect@44c00000/segment@200000/target-module@b000/i2c@0/tda19988@70
[    0.596303] mdio_bus 4a101000.mdio: using DT '/ocp/interconnect@4a000000/segment@0/target-module@100000/switch@0/mdio@1000' for 'reset' GPIO lookup
[    0.596372] of_get_named_gpiod_flags: can't parse 'reset-gpios' property of node '/ocp/interconnect@4a000000/segment@0/target-module@100000/switch@0/mdio@1000[0]'
[    0.596418] of_get_named_gpiod_flags: can't parse 'reset-gpio' property of node '/ocp/interconnect@4a000000/segment@0/target-module@100000/switch@0/mdio@1000[0]'
[    0.596464] mdio_bus 4a101000.mdio: using lookup tables for GPIO lookup
[    0.596475] mdio_bus 4a101000.mdio: No GPIO consumer reset found
[    0.597708] sdhci-omap 481d8000.mmc: using DT '/ocp/interconnect@48000000/segment@100000/target-module@d8000/mmc@0' for 'wp' GPIO lookup
[    0.597781] of_get_named_gpiod_flags: can't parse 'wp-gpios' property of node '/ocp/interconnect@48000000/segment@100000/target-module@d8000/mmc@0[0]'
[    0.597826] of_get_named_gpiod_flags: can't parse 'wp-gpio' property of node '/ocp/interconnect@48000000/segment@100000/target-module@d8000/mmc@0[0]'
[    0.597860] sdhci-omap 481d8000.mmc: using lookup tables for GPIO lookup
[    0.597870] sdhci-omap 481d8000.mmc: No GPIO consumer wp found
[    0.598068] sdhci-omap 481d8000.mmc: supply pbias not found, using dummy regulator
[    0.598551] sdhci-omap 481d8000.mmc: supply vqmmc not found, using dummy regulator
[    0.653378] davinci_mdio 4a101000.mdio: davinci mdio revision 1.6, bus freq 1000000
[    0.674545] mdio_bus 4a101000.mdio:00: using DT '/ocp/interconnect@4a000000/segment@0/target-module@100000/switch@0/mdio@1000/ethernet-phy@0' for 'reset' GPIO lookup
[    0.674648] of_get_named_gpiod_flags: parsed 'reset-gpios' property of node '/ocp/interconnect@4a000000/segment@0/target-module@100000/switch@0/mdio@1000/ethernet-phy@0[0]' - status (0)
[    0.674812] gpio gpiochip0: Persistence not supported for GPIO 8
[    0.804212] davinci_mdio 4a101000.mdio: phy[0]: device 4a101000.mdio:00, driver SMSC LAN8710/LAN8720
[    0.804979] cpsw-switch 4a100000.switch: initialized cpsw ale version 1.4
[    0.805002] cpsw-switch 4a100000.switch: ALE Table size 1024, Policers 0
[    0.805162] cpsw-switch 4a100000.switch: cpts: overflow check period 500 (jiffies)
[    0.805178] cpsw-switch 4a100000.switch: CPTS: ref_clk_freq:250000000 calc_mult:2147483648 calc_shift:29 error:0 nsec/sec
[    0.805284] cpsw-switch 4a100000.switch: Detected MACID = 6c:ec:eb:68:de:78
[    0.807133] cpsw-switch 4a100000.switch: initialized (regs 0x4a100000, pool size 256) hw_ver:0019010C 1.12 (0)
[    0.818172] debugfs: Directory '49000000.dma' with parent 'dmaengine' already present!
[    0.818212] edma 49000000.dma: TI EDMA DMA engine driver
[    0.866633] gpio-clk clk_mcasp0: using DT '/clk_mcasp0' for 'enable' GPIO lookup
[    0.866711] of_get_named_gpiod_flags: parsed 'enable-gpios' property of node '/clk_mcasp0[0]' - status (0)
[    0.866753] gpio gpiochip0: Persistence not supported for GPIO 27
[    0.867625] gpiochip_find_base_unlocked: found new base at 608
[    0.867740] gpio gpiochip3: (gpio-96-127): created GPIO range 0->7 ==> 44e10800.pinmux PIN 82->89
[    0.867761] gpio gpiochip3: (gpio-96-127): created GPIO range 8->11 ==> 44e10800.pinmux PIN 52->55
[    0.867776] gpio gpiochip3: (gpio-96-127): created GPIO range 12->15 ==> 44e10800.pinmux PIN 94->97
[    0.867792] gpio gpiochip3: (gpio-96-127): created GPIO range 16->17 ==> 44e10800.pinmux PIN 71->72
[    0.867807] gpio gpiochip3: (gpio-96-127): created GPIO range 18->18 ==> 44e10800.pinmux PIN 135->135
[    0.867823] gpio gpiochip3: (gpio-96-127): created GPIO range 19->20 ==> 44e10800.pinmux PIN 108->109
[    0.867839] gpio gpiochip3: (gpio-96-127): created GPIO range 21->21 ==> 44e10800.pinmux PIN 73->73
[    0.867856] gpio gpiochip3: (gpio-96-127): created GPIO range 22->23 ==> 44e10800.pinmux PIN 8->9
[    0.867873] gpio gpiochip3: (gpio-96-127): created GPIO range 26->27 ==> 44e10800.pinmux PIN 10->11
[    0.867890] gpio gpiochip3: (gpio-96-127): created GPIO range 28->28 ==> 44e10800.pinmux PIN 74->74
[    0.867908] gpio gpiochip3: (gpio-96-127): created GPIO range 29->29 ==> 44e10800.pinmux PIN 81->81
[    0.867926] gpio gpiochip3: (gpio-96-127): created GPIO range 30->31 ==> 44e10800.pinmux PIN 28->29
[    0.881759] gpio gpiochip3: (gpio-96-127): added GPIO chardev (254:3)
[    0.881950] gpio gpiochip3: registered GPIOs 608 to 639 on gpio-96-127
[    0.883893] omap8250 44e09000.serial: using DT '/ocp/interconnect@44c00000/segment@200000/target-module@9000/serial@0' for 'rs485-term' GPIO lookup
[    0.883963] of_get_named_gpiod_flags: can't parse 'rs485-term-gpios' property of node '/ocp/interconnect@44c00000/segment@200000/target-module@9000/serial@0[0]'
[    0.884006] of_get_named_gpiod_flags: can't parse 'rs485-term-gpio' property of node '/ocp/interconnect@44c00000/segment@200000/target-module@9000/serial@0[0]'
[    0.884043] omap8250 44e09000.serial: using lookup tables for GPIO lookup
[    0.884052] omap8250 44e09000.serial: No GPIO consumer rs485-term found
[    0.884062] omap8250 44e09000.serial: using DT '/ocp/interconnect@44c00000/segment@200000/target-module@9000/serial@0' for 'rs485-rx-during-tx' GPIO lookup
[    0.884097] of_get_named_gpiod_flags: can't parse 'rs485-rx-during-tx-gpios' property of node '/ocp/interconnect@44c00000/segment@200000/target-module@9000/serial@0[0]'
[    0.884134] of_get_named_gpiod_flags: can't parse 'rs485-rx-during-tx-gpio' property of node '/ocp/interconnect@44c00000/segment@200000/target-module@9000/serial@0[0]'
[    0.884165] omap8250 44e09000.serial: using lookup tables for GPIO lookup
[    0.884173] omap8250 44e09000.serial: No GPIO consumer rs485-rx-during-tx found
[    0.884619] 44e09000.serial: ttyS0 at MMIO 0x44e09000 (irq = 34, base_baud = 3000000) is a 8250
[    0.884712] printk: legacy console [ttyS0] enabled
[    2.361150] i2c i2c-0: using DT '/ocp/interconnect@44c00000/segment@200000/target-module@b000/i2c@0' for 'scl' GPIO lookup
[    2.361238] of_get_named_gpiod_flags: can't parse 'scl-gpios' property of node '/ocp/interconnect@44c00000/segment@200000/target-module@b000/i2c@0[0]'
[    2.361480] of_get_named_gpiod_flags: can't parse 'scl-gpio' property of node '/ocp/interconnect@44c00000/segment@200000/target-module@b000/i2c@0[0]'
[    2.361531] i2c i2c-0: using lookup tables for GPIO lookup
[    2.361545] i2c i2c-0: No GPIO consumer scl found
[    2.361570] i2c i2c-0: using DT '/ocp/interconnect@44c00000/segment@200000/target-module@b000/i2c@0' for 'sda' GPIO lookup
[    2.361611] of_get_named_gpiod_flags: can't parse 'sda-gpios' property of node '/ocp/interconnect@44c00000/segment@200000/target-module@b000/i2c@0[0]'
[    2.361652] of_get_named_gpiod_flags: can't parse 'sda-gpio' property of node '/ocp/interconnect@44c00000/segment@200000/target-module@b000/i2c@0[0]'
[    2.361688] i2c i2c-0: using lookup tables for GPIO lookup
[    2.361699] i2c i2c-0: No GPIO consumer sda found
[    2.382236] tps65217-pmic: Failed to locate of_node [id: -1]
[    2.388298] tps65217-bl: Failed to locate of_node [id: -1]
[    2.394326] platform tps65217-charger: DMA mask not set
[    2.400381] platform tps65217-pwrbutton: DMA mask not set
[    2.407753] tps65217 0-0024: TPS65217 ID 0xe version 1.2
[    2.413888] /ocp/interconnect@48000000/segment@300000/target-module@e000/lcdc@0: Fixed dependency cycle(s) with /ocp/interconnect@44c00000/segment@200000/target-module@b000/i2c@0/tda19988@70
[    2.431237] /ocp/interconnect@44c00000/segment@200000/target-module@b000/i2c@0/tda19988@70: Fixed dependency cycle(s) with /ocp/interconnect@48000000/segment@300000/target-module@e000/lcdc@0
[    2.448617] omap_i2c 44e0b000.i2c: bus 0 rev0.11 at 400 kHz
[    2.456276] sdhci-omap 48060000.mmc: using DT '/ocp/interconnect@48000000/segment@0/target-module@60000/mmc@0' for 'cd' GPIO lookup
[    2.456382] of_get_named_gpiod_flags: parsed 'cd-gpios' property of node '/ocp/interconnect@48000000/segment@0/target-module@60000/mmc@0[0]' - status (0)
[    2.456448] gpio gpiochip3: Persistence not supported for GPIO 6
[    2.456472] omap_gpio 44e07000.gpio: Could not set line 6 debounce to 200000 microseconds (-22)
[    2.465406] sdhci-omap 48060000.mmc: Got CD GPIO
[    2.470060] sdhci-omap 48060000.mmc: using DT '/ocp/interconnect@48000000/segment@0/target-module@60000/mmc@0' for 'wp' GPIO lookup
[    2.470109] of_get_named_gpiod_flags: can't parse 'wp-gpios' property of node '/ocp/interconnect@48000000/segment@0/target-module@60000/mmc@0[0]'
[    2.470152] of_get_named_gpiod_flags: can't parse 'wp-gpio' property of node '/ocp/interconnect@48000000/segment@0/target-module@60000/mmc@0[0]'
[    2.470190] sdhci-omap 48060000.mmc: using lookup tables for GPIO lookup
[    2.470203] sdhci-omap 48060000.mmc: No GPIO consumer wp found
[    2.470412] sdhci-omap 48060000.mmc: supply pbias not found, using dummy regulator
[    2.479266] sdhci-omap 481d8000.mmc: using DT '/ocp/interconnect@48000000/segment@100000/target-module@d8000/mmc@0' for 'wp' GPIO lookup
[    2.479340] of_get_named_gpiod_flags: can't parse 'wp-gpios' property of node '/ocp/interconnect@48000000/segment@100000/target-module@d8000/mmc@0[0]'
[    2.479388] of_get_named_gpiod_flags: can't parse 'wp-gpio' property of node '/ocp/interconnect@48000000/segment@100000/target-module@d8000/mmc@0[0]'
[    2.479426] sdhci-omap 481d8000.mmc: using lookup tables for GPIO lookup
[    2.479439] sdhci-omap 481d8000.mmc: No GPIO consumer wp found
[    2.480410] sdhci-omap 48060000.mmc: supply vqmmc not found, using dummy regulator
[    2.489507] sdhci-omap 481d8000.mmc: supply pbias not found, using dummy regulator
[    2.498904] sdhci-omap 481d8000.mmc: supply vqmmc not found, using dummy regulator
[    2.535058] mmc0: SDHCI controller on 48060000.mmc [48060000.mmc] using External DMA
[    2.543382] mmc1: SDHCI controller on 481d8000.mmc [481d8000.mmc] using External DMA
[    2.552158] cpsw-switch 4a100000.switch: starting ndev. mode: dual_mac
[    2.600458] mmc0: new high speed SDHC card at address 5048
[    2.607521] mmcblk0: mmc0:5048 SD16G 14.4 GiB
[    2.615810]  mmcblk0: p1 p2
[    2.619200] mmcblk0: p2 size 31221760 extends beyond EOD, truncated
[    2.632613] SMSC LAN8710/LAN8720 4a101000.mdio:00: attached PHY driver (mii_bus:phy_addr=4a101000.mdio:00, irq=POLL)
[    2.644724] mmc1: new high speed MMC card at address 0001
[    2.656250] mmcblk1: mmc1:0001 MMC04G 3.60 GiB
[    2.663873]  mmcblk1: p1 p2
[    2.668098] mmcblk1boot0: mmc1:0001 MMC04G 2.00 MiB
[    2.676931] mmcblk1boot1: mmc1:0001 MMC04G 2.00 MiB
[    2.686202] mmcblk1rpmb: mmc1:0001 MMC04G 128 KiB, chardev (249:0)
[    5.842055] cpsw-switch 4a100000.switch eth0: Link is Up - 100Mbps/Full - flow control off
[    5.871308] IP-Config: Complete:
[    5.874581]      device=eth0, hwaddr=6c:ec:eb:68:de:78, ipaddr=192.168.255.1, mask=255.255.255.0, gw=255.255.255.255
[    5.885222]      host=bbb1, domain=, nis-domain=(none)
[    5.890389]      bootserver=192.168.255.126, rootserver=192.168.255.126, rootpath=
[    5.890798] clk: Disabling unused clocks
[    5.902657] PM: genpd: Disabling unused power domains
[    5.907775] KTAP version 1
[    5.910497] 1..0
[    5.939618] VFS: Mounted root (nfs filesystem) on device 0:17.
[    5.946793] devtmpfs: mounted
[    5.951414] Freeing unused kernel image (initmem) memory: 1024K
[    5.958075] Run /sbin/init as init process
[    5.962313]   with arguments:
[    5.962328]     /sbin/init
[    5.962337]     nfsrootdebug
[    5.962347]   with environment:
[    5.962355]     HOME=/
[    5.962364]     TERM=linux
[    6.649465] systemd[1]: System time before build time, advancing clock.
[    8.181308] random: crng init done
[    8.197862] systemd[1]: systemd 232 running in system mode. (+PAM +AUDIT +SELINUX +IMA +APPARMOR +SMACK +SYSVINIT +UTMP +LIBCRYPTSETUP +GCRYPT +GNUTLS +ACL +XZ +LZ4 +SECCOMP +BLKID +ELFUTILS +KMOD +IDN)
[    8.216878] systemd[1]: Detected architecture arm.
[    8.244573] systemd[1]: Set hostname to <arm>.
[    9.369846] systemd[1]: Reached target Swap.
[    9.392784] systemd[1]: Created slice System Slice.
[    9.451913] systemd[1]: Mounting POSIX Message Queue File System...
[    9.485490] systemd[1]: syslog.socket: SO_PASSSEC failed: Operation not supported
[    9.494709] systemd[1]: Listening on Syslog Socket.
[    9.509094] systemd[1]: Listening on udev Control Socket.
[    9.522771] systemd[1]: dev-hugepages.mount: Couldn't determine result for ConditionVirtualization=!private-users, assuming failed: No such file or directory
[   11.645219] systemd-journald[92]: Received request to flush runtime journal from PID 1
[   14.296347] leds-gpio leds: using DT '/leds/led2' for '(default)' GPIO lookup
[   14.296451] of_get_named_gpiod_flags: parsed 'gpios' property of node '/leds/led2[0]' - status (0)
[   14.296511] gpio gpiochip0: Persistence not supported for GPIO 21
[   14.296526] gpio-533 (?): no flags found for GPIO (default)
[   14.369094] leds-gpio leds: using DT '/leds/led3' for '(default)' GPIO lookup
[   14.369204] of_get_named_gpiod_flags: parsed 'gpios' property of node '/leds/led3[0]' - status (0)
[   14.369261] gpio gpiochip0: Persistence not supported for GPIO 22
[   14.369275] gpio-534 (?): no flags found for GPIO (default)
[   14.391794] leds-gpio leds: using DT '/leds/led4' for '(default)' GPIO lookup
[   14.391887] of_get_named_gpiod_flags: parsed 'gpios' property of node '/leds/led4[0]' - status (0)
[   14.391937] gpio gpiochip0: Persistence not supported for GPIO 23
[   14.391951] gpio-535 (?): no flags found for GPIO (default)
[   14.431726] leds-gpio leds: using DT '/leds/led5' for '(default)' GPIO lookup
[   14.431824] of_get_named_gpiod_flags: parsed 'gpios' property of node '/leds/led5[0]' - status (0)
[   14.431874] gpio gpiochip0: Persistence not supported for GPIO 24
[   14.431888] gpio-536 (?): no flags found for GPIO (default)
[   14.806462] remoteproc remoteproc0: wkup_m3 is available
[   14.972536] omap_rtc 44e3e000.rtc: registered as rtc0
[   14.977712] omap_rtc 44e3e000.rtc: setting system clock to 2000-01-01T00:00:00 UTC (946684800)
[   14.986654] omap_rtc 44e3e000.rtc: using DT '/ocp/interconnect@44c00000/segment@200000/target-module@3e000/rtc@0' for 'wp' GPIO lookup
[   14.986739] of_get_named_gpiod_flags: can't parse 'wp-gpios' property of node '/ocp/interconnect@44c00000/segment@200000/target-module@3e000/rtc@0[0]'
[   14.986791] of_get_named_gpiod_flags: can't parse 'wp-gpio' property of node '/ocp/interconnect@44c00000/segment@200000/target-module@3e000/rtc@0[0]'
[   14.986832] omap_rtc 44e3e000.rtc: using lookup tables for GPIO lookup
[   14.986846] omap_rtc 44e3e000.rtc: No GPIO consumer wp found
[   15.120747] omap_wdt: OMAP Watchdog Timer Rev 0x01: initial timeout 60 sec
[   15.175521] am335x-phy-driver 47401300.usb-phy: using DT '/ocp/target-module@47400000/usb-phy@1300' for 'reset' GPIO lookup
[   15.175620] of_get_named_gpiod_flags: can't parse 'reset-gpios' property of node '/ocp/target-module@47400000/usb-phy@1300[0]'
[   15.175665] of_get_named_gpiod_flags: can't parse 'reset-gpio' property of node '/ocp/target-module@47400000/usb-phy@1300[0]'
[   15.175702] am335x-phy-driver 47401300.usb-phy: using lookup tables for GPIO lookup
[   15.175716] am335x-phy-driver 47401300.usb-phy: No GPIO consumer reset found
[   15.175729] am335x-phy-driver 47401300.usb-phy: using DT '/ocp/target-module@47400000/usb-phy@1300' for 'vbus-detect' GPIO lookup
[   15.175760] of_get_named_gpiod_flags: can't parse 'vbus-detect-gpios' property of node '/ocp/target-module@47400000/usb-phy@1300[0]'
[   15.175792] of_get_named_gpiod_flags: can't parse 'vbus-detect-gpio' property of node '/ocp/target-module@47400000/usb-phy@1300[0]'
[   15.175818] am335x-phy-driver 47401300.usb-phy: using lookup tables for GPIO lookup
[   15.175830] am335x-phy-driver 47401300.usb-phy: No GPIO consumer vbus-detect found
[   15.175979] am335x-phy-driver 47401300.usb-phy: dummy supplies not allowed for exclusive requests (id=vbus)
[   15.284557] at24 2-0054: supply vcc not found, using dummy regulator
[   15.295675] input: tps65217_pwrbutton as /devices/platform/ocp/44c00000.interconnect/44c00000.interconnect:segment@200000/44e0b000.target-module/44e0b000.i2c/i2c-0/0-0024/tps65217-pwrbutton/input/input0
[   15.404322] at24 2-0055: supply vcc not found, using dummy regulator
[   15.493422] at24 2-0056: supply vcc not found, using dummy regulator
[   15.528475] am335x-phy-driver 47401b00.usb-phy: using DT '/ocp/target-module@47400000/usb-phy@1b00' for 'reset' GPIO lookup
[   15.528566] of_get_named_gpiod_flags: can't parse 'reset-gpios' property of node '/ocp/target-module@47400000/usb-phy@1b00[0]'
[   15.528610] of_get_named_gpiod_flags: can't parse 'reset-gpio' property of node '/ocp/target-module@47400000/usb-phy@1b00[0]'
[   15.528646] am335x-phy-driver 47401b00.usb-phy: using lookup tables for GPIO lookup
[   15.528661] am335x-phy-driver 47401b00.usb-phy: No GPIO consumer reset found
[   15.528674] am335x-phy-driver 47401b00.usb-phy: using DT '/ocp/target-module@47400000/usb-phy@1b00' for 'vbus-detect' GPIO lookup
[   15.528705] of_get_named_gpiod_flags: can't parse 'vbus-detect-gpios' property of node '/ocp/target-module@47400000/usb-phy@1b00[0]'
[   15.528736] of_get_named_gpiod_flags: can't parse 'vbus-detect-gpio' property of node '/ocp/target-module@47400000/usb-phy@1b00[0]'
[   15.528763] am335x-phy-driver 47401b00.usb-phy: using lookup tables for GPIO lookup
[   15.528774] am335x-phy-driver 47401b00.usb-phy: No GPIO consumer vbus-detect found
[   15.528923] am335x-phy-driver 47401b00.usb-phy: dummy supplies not allowed for exclusive requests (id=vbus)
[   15.655624] at24 2-0057: supply vcc not found, using dummy regulator
[   15.769664] at24 0-0050: using DT '/ocp/interconnect@44c00000/segment@200000/target-module@b000/i2c@0/eeprom@50' for 'wp' GPIO lookup
[   15.769781] of_get_named_gpiod_flags: can't parse 'wp-gpios' property of node '/ocp/interconnect@44c00000/segment@200000/target-module@b000/i2c@0/eeprom@50[0]'
[   15.769841] of_get_named_gpiod_flags: can't parse 'wp-gpio' property of node '/ocp/interconnect@44c00000/segment@200000/target-module@b000/i2c@0/eeprom@50[0]'
[   15.769887] at24 0-0050: using lookup tables for GPIO lookup
[   15.769901] at24 0-0050: No GPIO consumer wp found
[   15.770250] at24 0-0050: 32768 byte 24c256 EEPROM, writable, 1 bytes/write
[   16.461221] usbcore: registered new interface driver usbfs
[   16.467086] usbcore: registered new interface driver hub
[   16.474468] usbcore: registered new device driver usb
[   17.296809] musb-hdrc musb-hdrc.1: MUSB HDRC host driver
[   17.302372] musb-hdrc musb-hdrc.1: new USB bus registered, assigned bus number 1
[   17.393175] tda998x 0-0070: found TDA19988
[   17.405429] omap-mailbox 480c8000.mailbox: omap mailbox rev 0x400
[   17.495664] remoteproc remoteproc0: powering up wkup_m3
[   17.582275] usb usb1: New USB device found, idVendor=1d6b, idProduct=0002, bcdDevice= 6.16
[   17.590747] usb usb1: New USB device strings: Mfr=3, Product=2, SerialNumber=1
[   17.598126] usb usb1: Product: MUSB HDRC host driver
[   17.603158] usb usb1: Manufacturer: Linux 6.16.0-rc3-next-20250626 musb-hcd
[   17.610158] usb usb1: SerialNumber: musb-hdrc.1
[   17.685594] remoteproc remoteproc0: Direct firmware load for am335x-pm-firmware.elf failed with error -2
[   17.695341] remoteproc remoteproc0: request_firmware failed: -2
[   17.701344] wkup_m3_ipc 44e11324.wkup_m3_ipc: rproc_boot failed
[   18.115671] hub 1-0:1.0: USB hub found
[   18.200912] hub 1-0:1.0: 1 port detected
[   20.007021] omap_rng 48310000.rng: Random Number Generator ver. 20
[   20.282865] tilcdc 4830e000.lcdc: bound 0-0070 (ops 0xbf09a0f8)
[   20.391775] [drm] Initialized tilcdc 1.0.0 for 4830e000.lcdc on minor 0
[   20.502491] tilcdc 4830e000.lcdc: [drm] Cannot find any crtc or sizes
[   20.515967] tilcdc 4830e000.lcdc: [drm] Cannot find any crtc or sizes
[   21.267937] PM: Cannot get wkup_m3_ipc handle
[   21.381864] omap-sham 53100000.sham: hw accel on OMAP rev 4.3
[   21.438412] omap-aes 53500000.aes: OMAP AES hw accel rev: 3.2
[   21.482421] omap-sham 53100000.sham: will run requests pump with realtime priority
[   21.513297] PM: Cannot get wkup_m3_ipc handle
[   21.563052] omap-aes 53500000.aes: will run requests pump with realtime priority
[   21.572718] PM: Cannot get wkup_m3_ipc handle
[   24.039714] Bluetooth: Core ver 2.22
[   24.043740] NET: Registered PF_BLUETOOTH protocol family
[   24.049093] Bluetooth: HCI device and connection manager initialized
[   24.055635] Bluetooth: HCI socket layer initialized
[   24.060554] Bluetooth: L2CAP socket layer initialized
[   24.065718] Bluetooth: SCO socket layer initialized
[   25.268950] PM: Cannot get wkup_m3_ipc handle
[   25.274936] asoc-simple-card sound: using DT '/sound' for 'simple-audio-card,hp-det' GPIO lookup
[   25.275012] of_get_named_gpiod_flags: can't parse 'simple-audio-card,hp-det-gpios' property of node '/sound[0]'
[   25.275047] of_get_named_gpiod_flags: can't parse 'simple-audio-card,hp-det-gpio' property of node '/sound[0]'
[   25.275072] asoc-simple-card sound: using lookup tables for GPIO lookup
[   25.275086] asoc-simple-card sound: No GPIO consumer simple-audio-card,hp-det found
[   25.275100] asoc-simple-card sound: using DT '/sound' for 'simple-audio-card,mic-det' GPIO lookup
[   25.275125] of_get_named_gpiod_flags: can't parse 'simple-audio-card,mic-det-gpios' property of node '/sound[0]'
[   25.275150] of_get_named_gpiod_flags: can't parse 'simple-audio-card,mic-det-gpio' property of node '/sound[0]'
[   25.275170] asoc-simple-card sound: using lookup tables for GPIO lookup
[   25.275181] asoc-simple-card sound: No GPIO consumer simple-audio-card,mic-det found
[   25.283121] tda998x 0-0070: using DT '/ocp/interconnect@44c00000/segment@200000/target-module@b000/i2c@0/tda19988@70' for 'nxp,calib' GPIO lookup
[   25.283451] of_get_named_gpiod_flags: parsed 'nxp,calib-gpios' property of node '/ocp/interconnect@44c00000/segment@200000/target-module@b000/i2c@0/tda19988@70[0]' - status (0)
[   25.283540] gpio gpiochip0: Persistence not supported for GPIO 25
[   25.283555] gpio-537 (nxp,calib): no flags found for GPIO nxp,calib
[   25.307318] gpio-537 (nxp,calib): gpiod_direction_output_nonotify: tried to set a GPIO tied to an IRQ as output
[   25.394082] PM: Cannot get wkup_m3_ipc handle
[   25.538163] tda9950 0-0034: TDA9950 CEC interface, hardware version 3.3
[   25.594321] PM: Cannot get wkup_m3_ipc handle
[   28.124852] userial_init: registered 8 ttyGS* devices
[   28.425679] rndis_register: configNr = 0
[   28.508296] udc musb-hdrc.0: binding gadget driver [g_multi]
[   28.508390] configfs-gadget.g_multi gadget.0: adding 'rndis'/e9311141 to config 'c'/e4aa3239
[   28.509523] configfs-gadget.g_multi gadget.0: HOST MAC 1c:ba:8c:a2:ed:6c
[   28.516538] configfs-gadget.g_multi gadget.0: MAC 1c:ba:8c:a2:ed:70
[   28.522968] rndis_set_param_medium: 0 0
[   28.522991] configfs-gadget.g_multi gadget.0: RNDIS: IN/ep1in OUT/ep1out NOTIFY/ep2in
[   28.523009] configfs-gadget.g_multi gadget.0: adding 'cdc_ethernet'/398676a4 to config 'c'/e4aa3239
[   28.523934] configfs-gadget.g_multi gadget.0: HOST MAC 1c:ba:8c:a2:ed:6c
[   28.530697] configfs-gadget.g_multi gadget.0: MAC 1c:ba:8c:a2:ed:6d
[   28.537138] configfs-gadget.g_multi gadget.0: CDC Ethernet: IN/ep3in OUT/ep2out NOTIFY/ep4in
[   28.537159] configfs-gadget.g_multi gadget.0: adding 'acm'/90860b08 to config 'c'/e4aa3239
[   28.537194] configfs-gadget.g_multi gadget.0: acm ttyGS0: IN/ep5in OUT/ep3out NOTIFY/ep6in
[   28.541571] PM: Cannot get wkup_m3_ipc handle
[   29.685192] configfs-gadget.g_multi gadget.0: eth_open
[   31.195472] configfs-gadget.g_multi gadget.0: stop stats: rx/tx 0/0, errs 0/0
[   35.115474] gs_open: ttyGS0 (faaa88e0,ed30bfc9)
[   35.115632] gs_close: ttyGS0 (faaa88e0,ed30bfc9) ...
[   35.115653] gs_close: ttyGS0 (faaa88e0,ed30bfc9) done!
[   35.131219] gs_open: ttyGS0 (65375fcb,841a4ece)
[   35.134471] gs_close: ttyGS0 (65375fcb,841a4ece) ...
[   35.134525] gs_close: ttyGS0 (65375fcb,841a4ece) done!
[   35.296051] gs_open: ttyGS0 (faaa88e0,54af3613)
[   35.296287] gs_close: ttyGS0 (faaa88e0,54af3613) ...
[   35.296314] gs_close: ttyGS0 (faaa88e0,54af3613) done!
[   35.298356] gs_open: ttyGS0 (faaa88e0,88ae5cdb)
XUTJLXTLJS 0
root@arm:~# echo 'VHVG''OMMNVM'
VHVGOMMNVM
root@arm:~# MARKER='FCPP''WQSUBT' run 'modprobe test_linear_ranges'
FCPPWQSUBTFCPPWQSUBT 0
root@arm:~# echo 'QXLJ''HAOZYJ'
QXLJHAOZYJ
root@arm:~# MARKER='NGWU''JGEKTJ' run dmesg
NGWUJGEKTJ[    0.000000] Booting Linux on physical CPU 0x0
[    0.000000] Linux version 6.16.0-rc3-next-20250626 (user01@drvtest01) (arm-none-eabi-gcc (Arm GNU Toolchain 14.2.Rel1 (Build arm-14.52)) 14.2.1 20241119, GNU ld (Arm GNU Toolchain 14.2.Rel1 (Build arm-14.52)) 2.43.1.20241119) #1 SMP Thu Jun 26 12:30:24 EEST 2025
[    0.000000] CPU: ARMv7 Processor [413fc082] revision 2 (ARMv7), cr=10c5387d
[    0.000000] CPU: PIPT / VIPT nonaliasing data cache, VIPT aliasing instruction cache
[    0.000000] OF: fdt: Machine model: TI AM335x BeagleBone Black
[    0.000000] Memory policy: Data cache writeback
[    0.000000] cma: Reserved 16 MiB at 0x9e800000
[    0.000000] Zone ranges:
[    0.000000]   Normal   [mem 0x0000000080000000-0x000000009fdfffff]
[    0.000000]   HighMem  empty
[    0.000000] Movable zone start for each node
[    0.000000] Early memory node ranges
[    0.000000]   node   0: [mem 0x0000000080000000-0x000000009fdfffff]
[    0.000000] Initmem setup node 0 [mem 0x0000000080000000-0x000000009fdfffff]
[    0.000000] On node 0, zone Normal: 512 pages in unavailable ranges
[    0.000000] OF: reserved mem: Reserved memory: No reserved-memory node in the DT
[    0.000000] CPU: All CPU(s) started in SVC mode.
[    0.000000] AM335X ES2.1 (sgx neon)
[    0.000000] percpu: Embedded 17 pages/cpu s39820 r8192 d21620 u69632
[    0.000000] pcpu-alloc: s39820 r8192 d21620 u69632 alloc=17*4096
[    0.000000] pcpu-alloc: [0] 0 
[    0.000000] Kernel command line: console=ttyO0,115200n8 root=/dev/nfs rw nfsroot=192.168.255.126:/home/user01/nfs,nfsvers=3 ip=192.168.255.1:192.168.255.126::255.255.255.0:bbb1:eth0 nfsrootdebug
[    0.000000] Unknown kernel command line parameters "nfsrootdebug", will be passed to user space.
[    0.000000] printk: log buffer data + meta data: 65536 + 204800 = 270336 bytes
[    0.000000] Dentry cache hash table entries: 65536 (order: 6, 262144 bytes, linear)
[    0.000000] Inode-cache hash table entries: 32768 (order: 5, 131072 bytes, linear)
[    0.000000] Built 1 zonelists, mobility grouping on.  Total pages: 130560
[    0.000000] mem auto-init: stack:off, heap alloc:off, heap free:off
[    0.000000] SLUB: HWalign=16, Order=0-3, MinObjects=0, CPUs=1, Nodes=1
[    0.000000] rcu: Hierarchical RCU implementation.
[    0.000000] rcu: 	RCU event tracing is enabled.
[    0.000000] rcu: 	RCU restricting CPUs from NR_CPUS=2 to nr_cpu_ids=1.
[    0.000000] 	Tracing variant of Tasks RCU enabled.
[    0.000000] rcu: RCU calculated value of scheduler-enlistment delay is 10 jiffies.
[    0.000000] rcu: Adjusting geometry for rcu_fanout_leaf=16, nr_cpu_ids=1
[    0.000000] RCU Tasks Trace: Setting shift to 0 and lim to 1 rcu_task_cb_adjust=1 rcu_task_cpu_ids=1.
[    0.000000] NR_IRQS: 16, nr_irqs: 16, preallocated irqs: 16
[    0.000000] IRQ: Found an INTC at 0x(ptrval) (revision 5.0) with 128 interrupts
[    0.000000] rcu: srcu_init: Setting srcu_struct sizes based on contention.
[    0.000000] TI gptimer clocksource: always-on /ocp/interconnect@44c00000/segment@200000/target-module@31000
[    0.000003] sched_clock: 32 bits at 24MHz, resolution 41ns, wraps every 89478484971ns
[    0.000027] clocksource: dmtimer: mask: 0xffffffff max_cycles: 0xffffffff, max_idle_ns: 79635851949 ns
[    0.000524] TI gptimer clockevent: 24000000 Hz at /ocp/interconnect@48000000/segment@0/target-module@40000
[    0.002125] Console: colour dummy device 80x30
[    0.002192] WARNING: Your 'console=ttyO0' has been replaced by 'ttyS0'
[    0.002200] This ensures that you still see kernel messages. Please
[    0.002205] update your kernel commandline.
[    0.002249] Calibrating delay loop... 996.14 BogoMIPS (lpj=4980736)
[    0.090573] CPU: Testing write buffer coherency: ok
[    0.090686] CPU0: Spectre v2: using BPIALL workaround
[    0.090696] pid_max: default: 32768 minimum: 301
[    0.090853] LSM: initializing lsm=capability
[    0.091024] Mount-cache hash table entries: 1024 (order: 0, 4096 bytes, linear)
[    0.091042] Mountpoint-cache hash table entries: 1024 (order: 0, 4096 bytes, linear)
[    0.092672] CPU0: thread -1, cpu 0, socket -1, mpidr 0
[    0.092730] cacheinfo: Unable to detect cache hierarchy for CPU 0
[    0.094786] Setting up static identity map for 0x80100000 - 0x80100078
[    0.095134] rcu: Hierarchical SRCU implementation.
[    0.095145] rcu: 	Max phase no-delay instances is 1000.
[    0.096891] smp: Bringing up secondary CPUs ...
[    0.096943] smp: Brought up 1 node, 1 CPU
[    0.096955] SMP: Total of 1 processors activated (996.14 BogoMIPS).
[    0.096966] CPU: All CPU(s) started in SVC mode.
[    0.097156] Memory: 480828K/522240K available (11264K kernel code, 1215K rwdata, 2928K rodata, 1024K init, 284K bss, 23380K reserved, 16384K cma-reserved, 0K highmem)
[    0.097972] devtmpfs: initialized
[    0.115129] VFP support v0.3: implementor 41 architecture 3 part 30 variant c rev 3
[    0.115767] clocksource: jiffies: mask: 0xffffffff max_cycles: 0xffffffff, max_idle_ns: 19112604462750000 ns
[    0.115822] posixtimers hash table entries: 512 (order: 0, 4096 bytes, linear)
[    0.115849] futex hash table entries: 256 (16384 bytes on 1 NUMA nodes, total 16 KiB, linear).
[    0.116974] pinctrl core: initialized pinctrl subsystem
[    0.119035] NET: Registered PF_NETLINK/PF_ROUTE protocol family
[    0.122154] DMA: preallocated 256 KiB pool for atomic coherent allocations
[    0.123111] audit: initializing netlink subsys (disabled)
[    0.124476] thermal_sys: Registered thermal governor 'fair_share'
[    0.124492] thermal_sys: Registered thermal governor 'step_wise'
[    0.124503] thermal_sys: Registered thermal governor 'user_space'
[    0.124613] audit: type=2000 audit(0.120:1): state=initialized audit_enabled=0 res=1
[    0.124685] cpuidle: using governor menu
[    0.142482] /ocp/interconnect@44c00000/segment@200000/target-module@b000/i2c@0/tda19988@70: Fixed dependency cycle(s) with /ocp/interconnect@48000000/segment@300000/target-module@e000/lcdc@0
[    0.143632] /ocp/interconnect@48000000/segment@300000/target-module@e000/lcdc@0: Fixed dependency cycle(s) with /ocp/interconnect@44c00000/segment@200000/target-module@b000/i2c@0/tda19988@70
[    0.145826] No ATAGs?
[    0.145866] hw-breakpoint: debug architecture 0x4 unsupported.
[    0.148319] registering rtmutex
[    0.148585] kprobes: kprobe jump-optimization is enabled. All kprobes are optimized if possible.
[    0.153991] iommu: Default domain type: Translated
[    0.154011] iommu: DMA domain TLB invalidation policy: strict mode
[    0.155577] reg-fixed-voltage fixedregulator0: using DT '/fixedregulator0' for '(default)' GPIO lookup
[    0.155630] of_get_named_gpiod_flags: can't parse 'gpios' property of node '/fixedregulator0[0]'
[    0.155660] of_get_named_gpiod_flags: can't parse 'gpio' property of node '/fixedregulator0[0]'
[    0.155678] reg-fixed-voltage fixedregulator0: using lookup tables for GPIO lookup
[    0.155688] reg-fixed-voltage fixedregulator0: No GPIO consumer (default) found
[    0.161397] SCSI subsystem initialized
[    0.161889] libata version 3.00 loaded.
[    0.162250] pps_core: LinuxPPS API ver. 1 registered
[    0.162263] pps_core: Software ver. 5.3.6 - Copyright 2005-2007 Rodolfo Giometti <giometti@linux.it>
[    0.162286] PTP clock support registered
[    0.170911] vgaarb: loaded
[    0.171284] clocksource: Switched to clocksource dmtimer
[    0.171959] VFS: Disk quotas dquot_6.6.0
[    0.172018] VFS: Dquot-cache hash table entries: 1024 (order 0, 4096 bytes)
[    0.196751] NET: Registered PF_INET protocol family
[    0.197091] IP idents hash table entries: 8192 (order: 4, 65536 bytes, linear)
[    0.198528] tcp_listen_portaddr_hash hash table entries: 512 (order: 0, 4096 bytes, linear)
[    0.198568] Table-perturb hash table entries: 65536 (order: 6, 262144 bytes, linear)
[    0.198587] TCP established hash table entries: 4096 (order: 2, 16384 bytes, linear)
[    0.198634] TCP bind hash table entries: 4096 (order: 4, 65536 bytes, linear)
[    0.198734] TCP: Hash tables configured (established 4096 bind 4096)
[    0.198853] UDP hash table entries: 256 (order: 1, 14336 bytes, linear)
[    0.198889] UDP-Lite hash table entries: 256 (order: 1, 14336 bytes, linear)
[    0.199082] NET: Registered PF_UNIX/PF_LOCAL protocol family
[    0.200381] RPC: Registered named UNIX socket transport module.
[    0.200401] RPC: Registered udp transport module.
[    0.200406] RPC: Registered tcp transport module.
[    0.200411] RPC: Registered tcp-with-tls transport module.
[    0.200416] RPC: Registered tcp NFSv4.1 backchannel transport module.
[    0.200440] PCI: CLS 0 bytes, default 64
[    0.201988] Initialise system trusted keyrings
[    0.212088] workingset: timestamp_bits=14 max_order=17 bucket_order=3
[    0.213452] NFS: Registering the id_resolver key type
[    0.213518] Key type id_resolver registered
[    0.213525] Key type id_legacy registered
[    0.213634] jffs2: version 2.2. (NAND) (SUMMARY)  Â© 2001-2006 Red Hat, Inc.
[    0.214112] Key type asymmetric registered
[    0.214127] Asymmetric key parser 'x509' registered
[    0.214200] io scheduler mq-deadline registered
[    0.214209] io scheduler kyber registered
[    0.214286] io scheduler bfq registered
[    0.216172] target-module@4b000000:target-module@140000:pmu@0:fck: device ID is greater than 24
[    0.222364] l3-aon-clkctrl:0000:0: failed to disable
[    0.231923] ledtrig-cpu: registered to indicate activity on CPUs
[    0.234778] Serial: 8250/16550 driver, 6 ports, IRQ sharing enabled
[    0.277612] brd: module loaded
[    0.297930] loop: module loaded
[    0.298850] mtdoops: mtd device (mtddev=name/number) must be supplied
[    0.300564] mdio_bus fixed-0: using lookup tables for GPIO lookup
[    0.300587] mdio_bus fixed-0: No GPIO consumer reset found
[    0.302178] i2c_dev: i2c /dev entries driver
[    0.303183] cpuidle: enable-method property 'ti,am3352' found operations
[    0.303640] sdhci: Secure Digital Host Controller Interface driver
[    0.303649] sdhci: Copyright(c) Pierre Ossman
[    0.303826] sdhci-pltfm: SDHCI platform and OF driver helper
[    0.311834] hw perfevents: enabled with armv7_cortex_a8 PMU driver, 5 (8000000f) counters available
[    0.312357] Initializing XFRM netlink socket
[    0.312547] NET: Registered PF_INET6 protocol family
[    0.318213] l3-aon-clkctrl:0000:0: failed to disable
[    0.326338] Segment Routing with IPv6
[    0.326424] In-situ OAM (IOAM) with IPv6
[    0.326519] sit: IPv6, IPv4 and MPLS over IPv4 tunneling driver
[    0.327471] NET: Registered PF_PACKET protocol family
[    0.327497] NET: Registered PF_KEY protocol family
[    0.327610] Key type dns_resolver registered
[    0.327832] ThumbEE CPU extension supported.
[    0.327852] Registering SWP/SWPB emulation handler
[    0.328385] omap_voltage_late_init: Voltage driver support not added
[    0.329054] SmartReflex Class3 initialized
[    0.370695] Loading compiled-in X.509 certificates
[    0.399994] /ocp/interconnect@44c00000/segment@200000/target-module@b000/i2c@0/tda19988@70: Fixed dependency cycle(s) with /ocp/interconnect@48000000/segment@300000/target-module@e000/lcdc@0
[    0.406581] /ocp/interconnect@44c00000/segment@200000/target-module@b000/i2c@0/tda19988@70: Fixed dependency cycle(s) with /ocp/interconnect@48000000/segment@300000/target-module@e000/lcdc@0
[    0.412235] gpiochip_find_base_unlocked: found new base at 512
[    0.435803] /ocp/interconnect@44c00000/segment@200000/target-module@b000/i2c@0/tda19988@70: Fixed dependency cycle(s) with /ocp/interconnect@48000000/segment@300000/target-module@e000/lcdc@0
[    0.436665] /ocp/interconnect@44c00000/segment@200000/target-module@b000/i2c@0/tda19988@70: Fixed dependency cycle(s) with /ocp/interconnect@48000000/segment@300000/target-module@e000/lcdc@0
[    0.440113] /ocp/interconnect@44c00000/segment@200000/target-module@10000/scm@0/pinmux@800: Fixed dependency cycle(s) with /ocp/interconnect@44c00000/segment@200000/target-module@10000/scm@0/pinmux@800/clkout2-pins
[    0.440700] pinctrl-single 44e10800.pinmux: 142 pins, size 568
[    0.446266] ti-sysc 44e31000.target-module: probe with driver ti-sysc failed with error -16
[    0.472379] /ocp/interconnect@48000000/segment@300000/target-module@e000/lcdc@0: Fixed dependency cycle(s) with /ocp/interconnect@44c00000/segment@200000/target-module@b000/i2c@0/tda19988@70
[    0.480384] ti-sysc 48040000.target-module: probe with driver ti-sysc failed with error -16
[    0.491969] gpiochip_find_base_unlocked: found new base at 512
[    0.492065] gpio gpiochip0: (gpio-0-31): created GPIO range 0->7 ==> 44e10800.pinmux PIN 0->7
[    0.492083] gpio gpiochip0: (gpio-0-31): created GPIO range 8->11 ==> 44e10800.pinmux PIN 90->93
[    0.492098] gpio gpiochip0: (gpio-0-31): created GPIO range 12->27 ==> 44e10800.pinmux PIN 12->27
[    0.492113] gpio gpiochip0: (gpio-0-31): created GPIO range 28->31 ==> 44e10800.pinmux PIN 30->33
[    0.536919] gpio gpiochip0: (gpio-0-31): added GPIO chardev (254:0)
[    0.537061] gpio gpiochip0: registered GPIOs 512 to 543 on gpio-0-31
[    0.537148] OMAP GPIO hardware version 0.1
[    0.550783] i2c i2c-2: using DT '/ocp/interconnect@48000000/segment@100000/target-module@9c000/i2c@0' for 'scl' GPIO lookup
[    0.550855] of_get_named_gpiod_flags: can't parse 'scl-gpios' property of node '/ocp/interconnect@48000000/segment@100000/target-module@9c000/i2c@0[0]'
[    0.550898] of_get_named_gpiod_flags: can't parse 'scl-gpio' property of node '/ocp/interconnect@48000000/segment@100000/target-module@9c000/i2c@0[0]'
[    0.550933] i2c i2c-2: using lookup tables for GPIO lookup
[    0.550943] i2c i2c-2: No GPIO consumer scl found
[    0.550964] i2c i2c-2: using DT '/ocp/interconnect@48000000/segment@100000/target-module@9c000/i2c@0' for 'sda' GPIO lookup
[    0.550999] of_get_named_gpiod_flags: can't parse 'sda-gpios' property of node '/ocp/interconnect@48000000/segment@100000/target-module@9c000/i2c@0[0]'
[    0.551035] of_get_named_gpiod_flags: can't parse 'sda-gpio' property of node '/ocp/interconnect@48000000/segment@100000/target-module@9c000/i2c@0[0]'
[    0.551066] i2c i2c-2: using lookup tables for GPIO lookup
[    0.551074] i2c i2c-2: No GPIO consumer sda found
[    0.551994] omap_i2c 4819c000.i2c: bus 2 rev0.11 at 100 kHz
[    0.557483] gpiochip_find_base_unlocked: found new base at 544
[    0.557579] gpio gpiochip1: (gpio-32-63): created GPIO range 0->17 ==> 44e10800.pinmux PIN 34->51
[    0.557598] gpio gpiochip1: (gpio-32-63): created GPIO range 18->21 ==> 44e10800.pinmux PIN 77->80
[    0.557614] gpio gpiochip1: (gpio-32-63): created GPIO range 22->31 ==> 44e10800.pinmux PIN 56->65
[    0.572703] gpio gpiochip1: (gpio-32-63): added GPIO chardev (254:1)
[    0.572880] gpio gpiochip1: registered GPIOs 544 to 575 on gpio-32-63
[    0.575161] gpiochip_find_base_unlocked: found new base at 576
[    0.575262] gpio gpiochip2: (gpio-64-95): created GPIO range 0->4 ==> 44e10800.pinmux PIN 66->70
[    0.575281] gpio gpiochip2: (gpio-64-95): created GPIO range 5->6 ==> 44e10800.pinmux PIN 98->99
[    0.575296] gpio gpiochip2: (gpio-64-95): created GPIO range 7->8 ==> 44e10800.pinmux PIN 75->76
[    0.575311] gpio gpiochip2: (gpio-64-95): created GPIO range 13->13 ==> 44e10800.pinmux PIN 141->141
[    0.575327] gpio gpiochip2: (gpio-64-95): created GPIO range 14->21 ==> 44e10800.pinmux PIN 100->107
[    0.575981] gpio gpiochip2: (gpio-64-95): added GPIO chardev (254:2)
[    0.576118] gpio gpiochip2: registered GPIOs 576 to 607 on gpio-64-95
[    0.581924] 48000000.interconnect:segment@200000:target-module@0:mpu@0:fck: device ID is greater than 24
[    0.582874] /ocp/interconnect@48000000/segment@300000/target-module@e000/lcdc@0: Fixed dependency cycle(s) with /ocp/interconnect@44c00000/segment@200000/target-module@b000/i2c@0/tda19988@70
[    0.585697] /ocp/interconnect@48000000/segment@300000/target-module@e000/lcdc@0: Fixed dependency cycle(s) with /ocp/interconnect@44c00000/segment@200000/target-module@b000/i2c@0/tda19988@70
[    0.586411] /ocp/interconnect@44c00000/segment@200000/target-module@b000/i2c@0/tda19988@70: Fixed dependency cycle(s) with /ocp/interconnect@48000000/segment@300000/target-module@e000/lcdc@0
[    0.586573] /ocp/interconnect@48000000/segment@300000/target-module@e000/lcdc@0: Fixed dependency cycle(s) with /ocp/interconnect@44c00000/segment@200000/target-module@b000/i2c@0/tda19988@70
[    0.596303] mdio_bus 4a101000.mdio: using DT '/ocp/interconnect@4a000000/segment@0/target-module@100000/switch@0/mdio@1000' for 'reset' GPIO lookup
[    0.596372] of_get_named_gpiod_flags: can't parse 'reset-gpios' property of node '/ocp/interconnect@4a000000/segment@0/target-module@100000/switch@0/mdio@1000[0]'
[    0.596418] of_get_named_gpiod_flags: can't parse 'reset-gpio' property of node '/ocp/interconnect@4a000000/segment@0/target-module@100000/switch@0/mdio@1000[0]'
[    0.596464] mdio_bus 4a101000.mdio: using lookup tables for GPIO lookup
[    0.596475] mdio_bus 4a101000.mdio: No GPIO consumer reset found
[    0.597708] sdhci-omap 481d8000.mmc: using DT '/ocp/interconnect@48000000/segment@100000/target-module@d8000/mmc@0' for 'wp' GPIO lookup
[    0.597781] of_get_named_gpiod_flags: can't parse 'wp-gpios' property of node '/ocp/interconnect@48000000/segment@100000/target-module@d8000/mmc@0[0]'
[    0.597826] of_get_named_gpiod_flags: can't parse 'wp-gpio' property of node '/ocp/interconnect@48000000/segment@100000/target-module@d8000/mmc@0[0]'
[    0.597860] sdhci-omap 481d8000.mmc: using lookup tables for GPIO lookup
[    0.597870] sdhci-omap 481d8000.mmc: No GPIO consumer wp found
[    0.598068] sdhci-omap 481d8000.mmc: supply pbias not found, using dummy regulator
[    0.598551] sdhci-omap 481d8000.mmc: supply vqmmc not found, using dummy regulator
[    0.653378] davinci_mdio 4a101000.mdio: davinci mdio revision 1.6, bus freq 1000000
[    0.674545] mdio_bus 4a101000.mdio:00: using DT '/ocp/interconnect@4a000000/segment@0/target-module@100000/switch@0/mdio@1000/ethernet-phy@0' for 'reset' GPIO lookup
[    0.674648] of_get_named_gpiod_flags: parsed 'reset-gpios' property of node '/ocp/interconnect@4a000000/segment@0/target-module@100000/switch@0/mdio@1000/ethernet-phy@0[0]' - status (0)
[    0.674812] gpio gpiochip0: Persistence not supported for GPIO 8
[    0.804212] davinci_mdio 4a101000.mdio: phy[0]: device 4a101000.mdio:00, driver SMSC LAN8710/LAN8720
[    0.804979] cpsw-switch 4a100000.switch: initialized cpsw ale version 1.4
[    0.805002] cpsw-switch 4a100000.switch: ALE Table size 1024, Policers 0
[    0.805162] cpsw-switch 4a100000.switch: cpts: overflow check period 500 (jiffies)
[    0.805178] cpsw-switch 4a100000.switch: CPTS: ref_clk_freq:250000000 calc_mult:2147483648 calc_shift:29 error:0 nsec/sec
[    0.805284] cpsw-switch 4a100000.switch: Detected MACID = 6c:ec:eb:68:de:78
[    0.807133] cpsw-switch 4a100000.switch: initialized (regs 0x4a100000, pool size 256) hw_ver:0019010C 1.12 (0)
[    0.818172] debugfs: Directory '49000000.dma' with parent 'dmaengine' already present!
[    0.818212] edma 49000000.dma: TI EDMA DMA engine driver
[    0.866633] gpio-clk clk_mcasp0: using DT '/clk_mcasp0' for 'enable' GPIO lookup
[    0.866711] of_get_named_gpiod_flags: parsed 'enable-gpios' property of node '/clk_mcasp0[0]' - status (0)
[    0.866753] gpio gpiochip0: Persistence not supported for GPIO 27
[    0.867625] gpiochip_find_base_unlocked: found new base at 608
[    0.867740] gpio gpiochip3: (gpio-96-127): created GPIO range 0->7 ==> 44e10800.pinmux PIN 82->89
[    0.867761] gpio gpiochip3: (gpio-96-127): created GPIO range 8->11 ==> 44e10800.pinmux PIN 52->55
[    0.867776] gpio gpiochip3: (gpio-96-127): created GPIO range 12->15 ==> 44e10800.pinmux PIN 94->97
[    0.867792] gpio gpiochip3: (gpio-96-127): created GPIO range 16->17 ==> 44e10800.pinmux PIN 71->72
[    0.867807] gpio gpiochip3: (gpio-96-127): created GPIO range 18->18 ==> 44e10800.pinmux PIN 135->135
[    0.867823] gpio gpiochip3: (gpio-96-127): created GPIO range 19->20 ==> 44e10800.pinmux PIN 108->109
[    0.867839] gpio gpiochip3: (gpio-96-127): created GPIO range 21->21 ==> 44e10800.pinmux PIN 73->73
[    0.867856] gpio gpiochip3: (gpio-96-127): created GPIO range 22->23 ==> 44e10800.pinmux PIN 8->9
[    0.867873] gpio gpiochip3: (gpio-96-127): created GPIO range 26->27 ==> 44e10800.pinmux PIN 10->11
[    0.867890] gpio gpiochip3: (gpio-96-127): created GPIO range 28->28 ==> 44e10800.pinmux PIN 74->74
[    0.867908] gpio gpiochip3: (gpio-96-127): created GPIO range 29->29 ==> 44e10800.pinmux PIN 81->81
[    0.867926] gpio gpiochip3: (gpio-96-127): created GPIO range 30->31 ==> 44e10800.pinmux PIN 28->29
[    0.881759] gpio gpiochip3: (gpio-96-127): added GPIO chardev (254:3)
[    0.881950] gpio gpiochip3: registered GPIOs 608 to 639 on gpio-96-127
[    0.883893] omap8250 44e09000.serial: using DT '/ocp/interconnect@44c00000/segment@200000/target-module@9000/serial@0' for 'rs485-term' GPIO lookup
[    0.883963] of_get_named_gpiod_flags: can't parse 'rs485-term-gpios' property of node '/ocp/interconnect@44c00000/segment@200000/target-module@9000/serial@0[0]'
[    0.884006] of_get_named_gpiod_flags: can't parse 'rs485-term-gpio' property of node '/ocp/interconnect@44c00000/segment@200000/target-module@9000/serial@0[0]'
[    0.884043] omap8250 44e09000.serial: using lookup tables for GPIO lookup
[    0.884052] omap8250 44e09000.serial: No GPIO consumer rs485-term found
[    0.884062] omap8250 44e09000.serial: using DT '/ocp/interconnect@44c00000/segment@200000/target-module@9000/serial@0' for 'rs485-rx-during-tx' GPIO lookup
[    0.884097] of_get_named_gpiod_flags: can't parse 'rs485-rx-during-tx-gpios' property of node '/ocp/interconnect@44c00000/segment@200000/target-module@9000/serial@0[0]'
[    0.884134] of_get_named_gpiod_flags: can't parse 'rs485-rx-during-tx-gpio' property of node '/ocp/interconnect@44c00000/segment@200000/target-module@9000/serial@0[0]'
[    0.884165] omap8250 44e09000.serial: using lookup tables for GPIO lookup
[    0.884173] omap8250 44e09000.serial: No GPIO consumer rs485-rx-during-tx found
[    0.884619] 44e09000.serial: ttyS0 at MMIO 0x44e09000 (irq = 34, base_baud = 3000000) is a 8250
[    0.884712] printk: legacy console [ttyS0] enabled
[    2.361150] i2c i2c-0: using DT '/ocp/interconnect@44c00000/segment@200000/target-module@b000/i2c@0' for 'scl' GPIO lookup
[    2.361238] of_get_named_gpiod_flags: can't parse 'scl-gpios' property of node '/ocp/interconnect@44c00000/segment@200000/target-module@b000/i2c@0[0]'
[    2.361480] of_get_named_gpiod_flags: can't parse 'scl-gpio' property of node '/ocp/interconnect@44c00000/segment@200000/target-module@b000/i2c@0[0]'
[    2.361531] i2c i2c-0: using lookup tables for GPIO lookup
[    2.361545] i2c i2c-0: No GPIO consumer scl found
[    2.361570] i2c i2c-0: using DT '/ocp/interconnect@44c00000/segment@200000/target-module@b000/i2c@0' for 'sda' GPIO lookup
[    2.361611] of_get_named_gpiod_flags: can't parse 'sda-gpios' property of node '/ocp/interconnect@44c00000/segment@200000/target-module@b000/i2c@0[0]'
[    2.361652] of_get_named_gpiod_flags: can't parse 'sda-gpio' property of node '/ocp/interconnect@44c00000/segment@200000/target-module@b000/i2c@0[0]'
[    2.361688] i2c i2c-0: using lookup tables for GPIO lookup
[    2.361699] i2c i2c-0: No GPIO consumer sda found
[    2.382236] tps65217-pmic: Failed to locate of_node [id: -1]
[    2.388298] tps65217-bl: Failed to locate of_node [id: -1]
[    2.394326] platform tps65217-charger: DMA mask not set
[    2.400381] platform tps65217-pwrbutton: DMA mask not set
[    2.407753] tps65217 0-0024: TPS65217 ID 0xe version 1.2
[    2.413888] /ocp/interconnect@48000000/segment@300000/target-module@e000/lcdc@0: Fixed dependency cycle(s) with /ocp/interconnect@44c00000/segment@200000/target-module@b000/i2c@0/tda19988@70
[    2.431237] /ocp/interconnect@44c00000/segment@200000/target-module@b000/i2c@0/tda19988@70: Fixed dependency cycle(s) with /ocp/interconnect@48000000/segment@300000/target-module@e000/lcdc@0
[    2.448617] omap_i2c 44e0b000.i2c: bus 0 rev0.11 at 400 kHz
[    2.456276] sdhci-omap 48060000.mmc: using DT '/ocp/interconnect@48000000/segment@0/target-module@60000/mmc@0' for 'cd' GPIO lookup
[    2.456382] of_get_named_gpiod_flags: parsed 'cd-gpios' property of node '/ocp/interconnect@48000000/segment@0/target-module@60000/mmc@0[0]' - status (0)
[    2.456448] gpio gpiochip3: Persistence not supported for GPIO 6
[    2.456472] omap_gpio 44e07000.gpio: Could not set line 6 debounce to 200000 microseconds (-22)
[    2.465406] sdhci-omap 48060000.mmc: Got CD GPIO
[    2.470060] sdhci-omap 48060000.mmc: using DT '/ocp/interconnect@48000000/segment@0/target-module@60000/mmc@0' for 'wp' GPIO lookup
[    2.470109] of_get_named_gpiod_flags: can't parse 'wp-gpios' property of node '/ocp/interconnect@48000000/segment@0/target-module@60000/mmc@0[0]'
[    2.470152] of_get_named_gpiod_flags: can't parse 'wp-gpio' property of node '/ocp/interconnect@48000000/segment@0/target-module@60000/mmc@0[0]'
[    2.470190] sdhci-omap 48060000.mmc: using lookup tables for GPIO lookup
[    2.470203] sdhci-omap 48060000.mmc: No GPIO consumer wp found
[    2.470412] sdhci-omap 48060000.mmc: supply pbias not found, using dummy regulator
[    2.479266] sdhci-omap 481d8000.mmc: using DT '/ocp/interconnect@48000000/segment@100000/target-module@d8000/mmc@0' for 'wp' GPIO lookup
[    2.479340] of_get_named_gpiod_flags: can't parse 'wp-gpios' property of node '/ocp/interconnect@48000000/segment@100000/target-module@d8000/mmc@0[0]'
[    2.479388] of_get_named_gpiod_flags: can't parse 'wp-gpio' property of node '/ocp/interconnect@48000000/segment@100000/target-module@d8000/mmc@0[0]'
[    2.479426] sdhci-omap 481d8000.mmc: using lookup tables for GPIO lookup
[    2.479439] sdhci-omap 481d8000.mmc: No GPIO consumer wp found
[    2.480410] sdhci-omap 48060000.mmc: supply vqmmc not found, using dummy regulator
[    2.489507] sdhci-omap 481d8000.mmc: supply pbias not found, using dummy regulator
[    2.498904] sdhci-omap 481d8000.mmc: supply vqmmc not found, using dummy regulator
[    2.535058] mmc0: SDHCI controller on 48060000.mmc [48060000.mmc] using External DMA
[    2.543382] mmc1: SDHCI controller on 481d8000.mmc [481d8000.mmc] using External DMA
[    2.552158] cpsw-switch 4a100000.switch: starting ndev. mode: dual_mac
[    2.600458] mmc0: new high speed SDHC card at address 5048
[    2.607521] mmcblk0: mmc0:5048 SD16G 14.4 GiB
[    2.615810]  mmcblk0: p1 p2
[    2.619200] mmcblk0: p2 size 31221760 extends beyond EOD, truncated
[    2.632613] SMSC LAN8710/LAN8720 4a101000.mdio:00: attached PHY driver (mii_bus:phy_addr=4a101000.mdio:00, irq=POLL)
[    2.644724] mmc1: new high speed MMC card at address 0001
[    2.656250] mmcblk1: mmc1:0001 MMC04G 3.60 GiB
[    2.663873]  mmcblk1: p1 p2
[    2.668098] mmcblk1boot0: mmc1:0001 MMC04G 2.00 MiB
[    2.676931] mmcblk1boot1: mmc1:0001 MMC04G 2.00 MiB
[    2.686202] mmcblk1rpmb: mmc1:0001 MMC04G 128 KiB, chardev (249:0)
[    5.842055] cpsw-switch 4a100000.switch eth0: Link is Up - 100Mbps/Full - flow control off
