Labgrid Console Logfile for main
Logfile started at 2024-11-21 08:13:55.149062
=== Log starts here ===

U-Boot SPL 2014.04-00014-g47880f5 (Apr 22 2014 - 13:23:54)
reading args
spl_load_image_fat_os: error reading image args, err - -1
reading u-boot.img
reading u-boot.img


U-Boot 2014.04-00014-g47880f5 (Apr 22 2014 - 13:23:54)

I2C:   ready
DRAM:  512 MiB
NAND:  0 MiB
MMC:   OMAP SD/MMC: 0, OMAP SD/MMC: 1
*** Warning - readenv() failed, using default environment

Net:   <ethaddr> not set. Validating first E-fuse MAC
Could not get PHY for cpsw: addr 0
cpsw, usb_ether
Hit any key to stop autoboot:  1  0 
gpio: pin 53 (gpio 53) value is 1
mmc0 is current device
gpio: pin 54 (gpio 54) value is 1
SD/MMC found on device 0
reading uEnv.txt
569 bytes read in 4 ms (138.7 KiB/s)
gpio: pin 55 (gpio 55) value is 1
Loaded environment from uEnv.txt
Importing environment from mmc ...
Checking if uenvcmd is set ...
gpio: pin 56 (gpio 56) value is 1
Running uenvcmd ...
Using cpsw device
TFTP from server 192.168.255.126; our IP address is 192.168.255.1
Filename 'zImage'.
Load address: 0x81000000
Loading: *T T T T T T T T T T T T T T Labgrid Console Logfile for main
Logfile started at 2024-11-21 08:15:17.201991
=== Log starts here ===
reading args
spl_load_image_fat_os: error reading image args, err - -1
reading u-boot.img
reading u-boot.img


U-Boot 2014.04-00014-g47880f5 (Apr 22 2014 - 13:23:54)

I2C:   ready
DRAM:  512 MiB
NAND:  0 MiB
MMC:   OMAP SD/MMC: 0, OMAP SD/MMC: 1
*** Warning - readenv() failed, using default environment

Net:   <ethaddr> not set. Validating first E-fuse MAC
cpsw, usb_ether
Hit any key to stop autoboot:  1  0 
gpio: pin 53 (gpio 53) value is 1
mmc0 is current device
gpio: pin 54 (gpio 54) value is 1
SD/MMC found on device 0
reading uEnv.txt
569 bytes read in 4 ms (138.7 KiB/s)
gpio: pin 55 (gpio 55) value is 1
Loaded environment from uEnv.txt
Importing environment from mmc ...
Checking if uenvcmd is set ...
gpio: pin 56 (gpio 56) value is 1
Running uenvcmd ...
cpsw Waiting for PHY auto negotiation to complete. done
link up on port 0, speed 100, full duplex
Using cpsw device
TFTP from server 192.168.255.126; our IP address is 192.168.255.1
Filename 'zImage'.
Load address: 0x81000000
Loading: *#################################################################
	 #################################################################
	 #################################################################
	 #################################################################
	 #################################################################
	 #####################################################
	 2.4 MiB/s
done
Bytes transferred = 5534768 (547430 hex)
link up on port 0, speed 100, full duplex
Using cpsw device
TFTP from server 192.168.255.126; our IP address is 192.168.255.1
Filename 'am335x-boneblack.dtb'.
Load address: 0x82000000
Loading: *#######
	 1.2 MiB/s
done
Bytes transferred = 98244 (17fc4 hex)
Kernel image @ 0x81000000 [ 0x000000 - 0x547430 ]
## Flattened Device Tree blob at 82000000
   Booting using the fdt blob at 0x82000000
   Using Device Tree in place at 82000000, end 8201afc3

Starting kernel ...

[    0.000000] Booting Linux on physical CPU 0x0
[    0.000000] Linux version 6.12.0-next-20241121 (user01@drvtest01) (arm-linux-gnueabihf-gcc (Linaro GCC 6.4-2017.11) 6.4.1 20171012, GNU ld (Linaro_Binutils-2017.11) 2.27.0.20161229) #142 SMP Thu Nov 21 08:13:24 EET 2024
[    0.000000] CPU: ARMv7 Processor [413fc082] revision 2 (ARMv7), cr=10c5387d
[    0.000000] CPU: PIPT / VIPT nonaliasing data cache, VIPT aliasing instruction cache
[    0.000000] OF: fdt: Machine model: TI AM335x BeagleBone Black
[    0.000000] Memory policy: Data cache writeback
[    0.000000] cma: Reserved 16 MiB at 0x9e800000 on node -1
[    0.000000] Zone ranges:
[    0.000000]   Normal   [mem 0x0000000080000000-0x000000009fdfffff]
[    0.000000]   HighMem  empty
[    0.000000] Movable zone start for each node
[    0.000000] Early memory node ranges
[    0.000000]   node   0: [mem 0x0000000080000000-0x000000009fdfffff]
[    0.000000] Initmem setup node 0 [mem 0x0000000080000000-0x000000009fdfffff]
[    0.000000] OF: reserved mem: Reserved memory: No reserved-memory node in the DT
[    0.000000] CPU: All CPU(s) started in SVC mode.
[    0.000000] AM335X ES2.1 (sgx neon)
[    0.000000] percpu: Embedded 17 pages/cpu s39564 r8192 d21876 u69632
[    0.000000] Kernel command line: console=ttyO0,115200n8 root=/dev/nfs rw nfsroot=192.168.255.126:/home/user01/nfs,nfsvers=3 ip=192.168.255.1:192.168.255.126::255.255.255.0:bbb1:eth0 nfsrootdebug
[    0.000000] Unknown kernel command line parameters "nfsrootdebug", will be passed to user space.
[    0.000000] printk: log buffer data + meta data: 65536 + 204800 = 270336 bytes
[    0.000000] Dentry cache hash table entries: 65536 (order: 6, 262144 bytes, linear)
[    0.000000] Inode-cache hash table entries: 32768 (order: 5, 131072 bytes, linear)
[    0.000000] Built 1 zonelists, mobility grouping on.  Total pages: 130560
[    0.000000] mem auto-init: stack:off, heap alloc:off, heap free:off
[    0.000000] SLUB: HWalign=64, Order=0-3, MinObjects=0, CPUs=1, Nodes=1
[    0.000000] trace event string verifier disabled
[    0.000000] rcu: Hierarchical RCU implementation.
[    0.000000] rcu: 	RCU event tracing is enabled.
[    0.000000] rcu: 	RCU restricting CPUs from NR_CPUS=2 to nr_cpu_ids=1.
[    0.000000] 	Tracing variant of Tasks RCU enabled.
[    0.000000] rcu: RCU calculated value of scheduler-enlistment delay is 10 jiffies.
[    0.000000] rcu: Adjusting geometry for rcu_fanout_leaf=16, nr_cpu_ids=1
[    0.000000] RCU Tasks Trace: Setting shift to 0 and lim to 1 rcu_task_cb_adjust=1 rcu_task_cpu_ids=1.
[    0.000000] NR_IRQS: 16, nr_irqs: 16, preallocated irqs: 16
[    0.000000] IRQ: Found an INTC at 0x(ptrval) (revision 5.0) with 128 interrupts
[    0.000000] rcu: srcu_init: Setting srcu_struct sizes based on contention.
[    0.000000] TI gptimer clocksource: always-on /ocp/interconnect@44c00000/segment@200000/target-module@31000
[    0.000002] sched_clock: 32 bits at 24MHz, resolution 41ns, wraps every 89478484971ns
[    0.000026] clocksource: dmtimer: mask: 0xffffffff max_cycles: 0xffffffff, max_idle_ns: 79635851949 ns
[    0.000506] TI gptimer clockevent: 24000000 Hz at /ocp/interconnect@48000000/segment@0/target-module@40000
[    0.002151] Console: colour dummy device 80x30
[    0.002217] WARNING: Your 'console=ttyO0' has been replaced by 'ttyS0'
[    0.002225] This ensures that you still see kernel messages. Please
[    0.002230] update your kernel commandline.
[    0.002272] Calibrating delay loop... 996.14 BogoMIPS (lpj=4980736)
[    0.090557] CPU: Testing write buffer coherency: ok
[    0.090660] CPU0: Spectre v2: using BPIALL workaround
[    0.090671] pid_max: default: 32768 minimum: 301
[    0.090794] LSM: initializing lsm=capability
[    0.090965] Mount-cache hash table entries: 1024 (order: 0, 4096 bytes, linear)
[    0.090985] Mountpoint-cache hash table entries: 1024 (order: 0, 4096 bytes, linear)
[    0.092651] CPU0: thread -1, cpu 0, socket -1, mpidr 0
[    0.160940] Setting up static identity map for 0x80100000 - 0x80100078
[    0.170713] rcu: Hierarchical SRCU implementation.
[    0.170725] rcu: 	Max phase no-delay instances is 1000.
[    0.190772] smp: Bringing up secondary CPUs ...
[    0.190829] smp: Brought up 1 node, 1 CPU
[    0.190846] SMP: Total of 1 processors activated (996.14 BogoMIPS).
[    0.190858] CPU: All CPU(s) started in SVC mode.
[    0.191054] Memory: 480840K/522240K available (11264K kernel code, 1213K rwdata, 2896K rodata, 1024K init, 297K bss, 23388K reserved, 16384K cma-reserved, 0K highmem)
[    0.191921] devtmpfs: initialized
[    0.208893] VFP support v0.3: implementor 41 architecture 3 part 30 variant c rev 3
[    0.209241] clocksource: jiffies: mask: 0xffffffff max_cycles: 0xffffffff, max_idle_ns: 19112604462750000 ns
[    0.209276] futex hash table entries: 256 (order: 2, 16384 bytes, linear)
[    0.210564] pinctrl core: initialized pinctrl subsystem
[    0.213598] NET: Registered PF_NETLINK/PF_ROUTE protocol family
[    0.216435] DMA: preallocated 256 KiB pool for atomic coherent allocations
[    0.217344] audit: initializing netlink subsys (disabled)
[    0.218791] thermal_sys: Registered thermal governor 'fair_share'
[    0.218808] thermal_sys: Registered thermal governor 'step_wise'
[    0.218818] thermal_sys: Registered thermal governor 'user_space'
[    0.218973] audit: type=2000 audit(0.210:1): state=initialized audit_enabled=0 res=1
[    0.219012] cpuidle: using governor menu
[    0.237402] /ocp/interconnect@44c00000/segment@200000/target-module@b000/i2c@0/tda19988@70: Fixed dependency cycle(s) with /ocp/interconnect@48000000/segment@300000/target-module@e000/lcdc@0
[    0.238564] /ocp/interconnect@48000000/segment@300000/target-module@e000/lcdc@0: Fixed dependency cycle(s) with /ocp/interconnect@44c00000/segment@200000/target-module@b000/i2c@0/tda19988@70
[    0.240911] No ATAGs?
[    0.240931] hw-breakpoint: debug architecture 0x4 unsupported.
[    0.243723] kprobes: kprobe jump-optimization is enabled. All kprobes are optimized if possible.
[    0.254412] iommu: Default domain type: Translated
[    0.254436] iommu: DMA domain TLB invalidation policy: strict mode
[    0.262759] SCSI subsystem initialized
[    0.263635] pps_core: LinuxPPS API ver. 1 registered
[    0.263646] pps_core: Software ver. 5.3.6 - Copyright 2005-2007 Rodolfo Giometti <giometti@linux.it>
[    0.263672] PTP clock support registered
[    0.271274] vgaarb: loaded
[    0.271700] clocksource: Switched to clocksource dmtimer
[    0.272365] VFS: Disk quotas dquot_6.6.0
[    0.272407] VFS: Dquot-cache hash table entries: 1024 (order 0, 4096 bytes)
[    0.297322] NET: Registered PF_INET protocol family
[    0.297682] IP idents hash table entries: 8192 (order: 4, 65536 bytes, linear)
[    0.299105] tcp_listen_portaddr_hash hash table entries: 512 (order: 0, 4096 bytes, linear)
[    0.299143] Table-perturb hash table entries: 65536 (order: 6, 262144 bytes, linear)
[    0.299160] TCP established hash table entries: 4096 (order: 2, 16384 bytes, linear)
[    0.299203] TCP bind hash table entries: 4096 (order: 4, 65536 bytes, linear)
[    0.299302] TCP: Hash tables configured (established 4096 bind 4096)
[    0.299423] UDP hash table entries: 256 (order: 1, 14336 bytes, linear)
[    0.299460] UDP-Lite hash table entries: 256 (order: 1, 14336 bytes, linear)
[    0.299649] NET: Registered PF_UNIX/PF_LOCAL protocol family
[    0.302437] RPC: Registered named UNIX socket transport module.
[    0.302461] RPC: Registered udp transport module.
[    0.302467] RPC: Registered tcp transport module.
[    0.302473] RPC: Registered tcp-with-tls transport module.
[    0.302478] RPC: Registered tcp NFSv4.1 backchannel transport module.
[    0.302504] PCI: CLS 0 bytes, default 64
[    0.303992] Initialise system trusted keyrings
[    0.312092] workingset: timestamp_bits=14 max_order=17 bucket_order=3
[    0.313436] NFS: Registering the id_resolver key type
[    0.313509] Key type id_resolver registered
[    0.313517] Key type id_legacy registered
[    0.313566] jffs2: version 2.2. (NAND) (SUMMARY)  Â© 2001-2006 Red Hat, Inc.
[    0.313981] Key type asymmetric registered
[    0.313997] Asymmetric key parser 'x509' registered
[    0.314064] io scheduler mq-deadline registered
[    0.314076] io scheduler kyber registered
[    0.314146] io scheduler bfq registered
[    0.315781] ledtrig-cpu: registered to indicate activity on CPUs
[    0.322373] Serial: 8250/16550 driver, 6 ports, IRQ sharing enabled
[    0.367153] brd: module loaded
[    0.397070] loop: module loaded
[    0.398006] mtdoops: mtd device (mtddev=name/number) must be supplied
[    0.401130] i2c_dev: i2c /dev entries driver
[    0.402304] cpuidle: enable-method property 'ti,am3352' found operations
[    0.402759] sdhci: Secure Digital Host Controller Interface driver
[    0.402769] sdhci: Copyright(c) Pierre Ossman
[    0.402943] sdhci-pltfm: SDHCI platform and OF driver helper
[    0.403957] Initializing XFRM netlink socket
[    0.404106] NET: Registered PF_INET6 protocol family
[    0.406186] Segment Routing with IPv6
[    0.406277] In-situ OAM (IOAM) with IPv6
[    0.406378] sit: IPv6, IPv4 and MPLS over IPv4 tunneling driver
[    0.407352] NET: Registered PF_PACKET protocol family
[    0.407388] NET: Registered PF_KEY protocol family
[    0.407550] Key type dns_resolver registered
[    0.407824] ThumbEE CPU extension supported.
[    0.407844] Registering SWP/SWPB emulation handler
[    0.408385] omap_voltage_late_init: Voltage driver support not added
[    0.408739] SmartReflex Class3 initialized
[    0.443458] Loading compiled-in X.509 certificates
[    0.491183] /ocp/interconnect@44c00000/segment@200000/target-module@b000/i2c@0/tda19988@70: Fixed dependency cycle(s) with /ocp/interconnect@48000000/segment@300000/target-module@e000/lcdc@0
[    0.497829] /ocp/interconnect@44c00000/segment@200000/target-module@b000/i2c@0/tda19988@70: Fixed dependency cycle(s) with /ocp/interconnect@48000000/segment@300000/target-module@e000/lcdc@0
[    0.527524] /ocp/interconnect@44c00000/segment@200000/target-module@b000/i2c@0/tda19988@70: Fixed dependency cycle(s) with /ocp/interconnect@48000000/segment@300000/target-module@e000/lcdc@0
[    0.528428] /ocp/interconnect@44c00000/segment@200000/target-module@b000/i2c@0/tda19988@70: Fixed dependency cycle(s) with /ocp/interconnect@48000000/segment@300000/target-module@e000/lcdc@0
[    0.532096] /ocp/interconnect@44c00000/segment@200000/target-module@10000/scm@0/pinmux@800: Fixed dependency cycle(s) with /ocp/interconnect@44c00000/segment@200000/target-module@10000/scm@0/pinmux@800/clkout2-pins
[    0.532708] pinctrl-single 44e10800.pinmux: 142 pins, size 568
[    0.537868] ti-sysc 44e31000.target-module: probe with driver ti-sysc failed with error -16
[    0.569655] /ocp/interconnect@48000000/segment@300000/target-module@e000/lcdc@0: Fixed dependency cycle(s) with /ocp/interconnect@44c00000/segment@200000/target-module@b000/i2c@0/tda19988@70
[    0.577809] ti-sysc 48040000.target-module: probe with driver ti-sysc failed with error -16
[    0.630214] OMAP GPIO hardware version 0.1
[    0.644855] omap_i2c 4819c000.i2c: bus 2 rev0.11 at 100 kHz
[    0.684016] 48000000.interconnect:segment@200000:target-module@0:mpu@0:fck: device ID is greater than 24
[    0.684898] /ocp/interconnect@48000000/segment@300000/target-module@e000/lcdc@0: Fixed dependency cycle(s) with /ocp/interconnect@44c00000/segment@200000/target-module@b000/i2c@0/tda19988@70
[    0.687678] /ocp/interconnect@48000000/segment@300000/target-module@e000/lcdc@0: Fixed dependency cycle(s) with /ocp/interconnect@44c00000/segment@200000/target-module@b000/i2c@0/tda19988@70
[    0.688388] /ocp/interconnect@44c00000/segment@200000/target-module@b000/i2c@0/tda19988@70:  Fixed dependency cycle(s) with /ocp/interconnect@48000000/seg ment@300000/target-module@e000/lcdc@0
[    0.688550] /ocp/int erconnect@48000000/segment@300000/target-module@e000/lcdc@0: F ixed dependency cycle(s) with /ocp/interconnect@44c00000/segment@20000
[    2.498800] tps65217-bl: Failed to locate of_node [id: -1]
[    2.510169] tps65217 0-0024: TPS65217 ID 0xe version 1.2
[    2.516307] /ocp/interconnect@48000000/segment@300000/target-module@e000/lcdc@0: Fixed dependency cycle(s) with /ocp/interconnect@44c00000/segment@200000/target-module@b000/i2c@0/tda19988@70
[    2.533688] /ocp/interconnect@44c00000/segment@200000/target-module@b000/i2c@0/tda19988@70: Fixed dependency cycle(s) with /ocp/interconnect@48000000/segment@300000/target-module@e000/lcdc@0
[    2.551055] omap_i2c 44e0b000.i2c: bus 0 rev0.11 at 400 kHz
[    2.559113] omap_gpio 44e07000.gpio: Could not set line 6 debounce to 200000 microseconds (-22)
[    2.567995] sdhci-omap 48060000.mmc: Got CD GPIO
[    2.573060] sdhci-omap 48060000.mmc: supply pbias not found, using dummy regulator
[    2.583347] sdhci-omap 48060000.mmc: supply vqmmc not found, using dummy regulator
[    2.592415] sdhci-omap 481d8000.mmc: supply pbias not found, using dummy regulator
[    2.600404] sdhci-omap 481d8000.mmc: supply vqmmc not found, using dummy regulator
[    2.639265] mmc1: SDHCI controller on 481d8000.mmc [481d8000.mmc] using External DMA
[    2.648557] mmc0: SDHCI controller on 48060000.mmc [48060000.mmc] using External DMA
[    2.657192] cpsw-switch 4a100000.switch: starting ndev. mode: dual_mac
[    2.701010] mmc0: new high speed SDHC card at address 5048
[    2.708144] mmcblk0: mmc0:5048 SD16G 14.4 GiB
[    2.716300]  mmcblk0: p1 p2
[    2.719730] mmcblk0: p2 size 31221760 extends beyond EOD, truncated
[    2.732964] SMSC LAN8710/LAN8720 4a101000.mdio:00: attached PHY driver (mii_bus:phy_addr=4a101000.mdio:00, irq=POLL)
[    2.745627] mmc1: new high speed MMC card at address 0001
[    2.752597] mmcblk1: mmc1:0001 MMC04G 3.60 GiB
[    2.764168]  mmcblk1: p1 p2
[    2.768435] mmcblk1boot0: mmc1:0001 MMC04G 2.00 MiB
[    2.775875] mmcblk1boot1: mmc1:0001 MMC04G 2.00 MiB
[    2.783315] mmcblk1rpmb: mmc1:0001 MMC04G 128 KiB, chardev (250:0)
[    5.922496] cpsw-switch 4a100000.switch eth0: Link is Up - 100Mbps/Full - flow control off
[    5.961946] IP-Config: Complete:
[    5.965230]      device=eth0, hwaddr=6c:ec:eb:68:de:78, ipaddr=192.168.255.1, mask=255.255.255.0, gw=255.255.255.255
[    5.975906]      host=bbb1, domain=, nis-domain=(none)
[    5.981077]      bootserver=192.168.255.126, rootserver=192.168.255.126, rootpath=
[    5.981509] clk: Disabling unused clocks
[    5.993354] PM: genpd: Disabling unused power domains
[    5.998475] KTAP version 1
[    6.001195] 1..0
[    6.034928] VFS: Mounted root (nfs filesystem) on device 0:17.
[    6.041904] devtmpfs: mounted
[    6.046736] Freeing unused kernel image (initmem) memory: 1024K
[    6.053487] Run /sbin/init as init process
[    6.780984] systemd[1]: System time before build time, advancing clock.
[    8.231723] random: crng init done
[    8.273338] systemd[1]: systemd 232 running in system mode. (+PAM +AUDIT +SELINUX +IMA +APPARMOR +SMACK +SYSVINIT +UTMP +LIBCRYPTSETUP +GCRYPT +GNUTLS +ACL +XZ +LZ4 +SECCOMP +BLKID +ELFUTILS +KMOD +IDN)
[    8.292828] systemd[1]: Detected architecture arm.

Welcome to [1mDebian GNU/Linux 9 (stretch)[0m!

[    8.324923] systemd[1]: Set hostname to <arm>.
[    9.466048] systemd[1]: Listening on /dev/initctl Compatibility Named Pipe.
[[0;32m  OK  [0m] Listening on /dev/initctl Compatibility Named Pipe.
[    9.493515] systemd[1]: Set up automount Arbitrary Executable File Formats File System Automount Point.
[[0;32m  OK  [0m] Set up automount Arbitrary Executabâ€¦rmats File System Automount Point.
[    9.523971] systemd[1]: Listening on Journal Socket.
[[0;32m  OK  [0m] Listening on Journal Socket.
[    9.552202] systemd[1]: Reached target Remote File Systems.
[[0;32m  OK  [0m] Reached target Remote File Systems.
[    9.582302] systemd[1]: Listening on udev Kernel Socket.
[[0;32m  OK  [0m] Listening on udev Kernel Socket.
[    9.612721] systemd[1]: Listening on Journal Audit Socket.
[[0;32m  OK  [0m] Listening on Journal Audit Socket.
[    9.642111] systemd[1]: Reached target Swap.
[[0;32m  OK  [0m] Reached target Swap.
[[0;32m  OK  [0m] Started Forward Password Requests to Wall Directory Watch.
[[0;32m  OK  [0m] Listening on Journal Socket (/dev/log).
[[0;32m  OK  [0m] Listening on Syslog Socket.
[[0;32m  OK  [0m] Started Dispatch Password Requests to Console Directory Watch.
[[0;32m  OK  [0m] Reached target Paths.
[[0;32m  OK  [0m] Reached target Encrypted Volumes.
[[0;32m  OK  [0m] Listening on udev Control Socket.
[[0;32m  OK  [0m] Created slice User and Session Slice.
[[0;32m  OK  [0m] Created slice System Slice.
         Starting Create list of required stâ€¦ce nodes for the current kernel...
[[0;32m  OK  [0m] Created slice system-serial\x2dgetty.slice.
         Starting Remount Root and Kernel File Systems...
         Mounting POSIX Message Queue File System...
[[0;32m  OK  [0m] Reached target Slices.
         Starting Journal Service...
         Starting Load Kernel Modules...
         Mounting Debug File System...
[[0;32m  OK  [0m] Created slice system-getty.slice.
[[0;32m  OK  [0m] Started Create list of required staâ€¦vice nodes for the current kernel.
[[0;32m  OK  [0m] Started Remount Root and Kernel File Systems.
         Starting udev Coldplug all Devices...
         Starting Load/Save Random Seed...
         Starting Create Static Device Nodes in /dev...
[[0;32m  OK  [0m] Mounted POSIX Message Queue File System.
[[0;32m  OK  [0m] Mounted Debug File System.
[[0;32m  OK  [0m] Started Load Kernel Modules.
         Starting Apply Kernel Variables...
         Mounting Configuration File System...
[[0;32m  OK  [0m] Started Load/Save Random Seed.
[[0;32m  OK  [0m] Mounted Configuration File System.
[[0;32m  OK  [0m] Started Apply Kernel Variables.
[[0;32m  OK  [0m] Started Create Static Device Nodes in /dev.
[[0;32m  OK  [0m] Reached target Local File Systems (Pre).
[[0;32m  OK  [0m] Reached target Local File Systems.
         Starting Raise network interfaces...
         Starting udev Kernel Device Manager...
[[0;32m  OK  [0m] Started Journal Service.
         Starting Flush Journal to Persistent Storage...
[   12.024287] systemd-journald[88]: Received request to flush runtime journal from PID 1
[[0;32m  OK  [0m] Started Flush Journal to Persistent Storage.
         Starting Create Volatile Files and Directories...
[[0;32m  OK  [0m] Started udev Kernel Device Manager.
[[0;32m  OK  [0m] Started Create Volatile Files and Directories.
         Starting Update UTMP about System Boot/Shutdown...
         Starting Network Time Synchronization...
[[0;32m  OK  [0m] Started Update UTMP about System Boot/Shutdown.
[[0;32m  OK  [0m] Started udev Coldplug all Devices.
[   14.953777] remoteproc remoteproc0: wkup_m3 is available
[   15.183526] omap_rtc 44e3e000.rtc: registered as rtc0
[   15.189698] omap_rtc 44e3e000.rtc: setting system clock to 2000-01-01T00:00:00 UTC (946684800)
[   15.209989] at24 2-0054: supply vcc not found, using dummy regulator
[   15.260218] omap_wdt: OMAP Watchdog Timer Rev 0x01: initial timeout 60 sec
[   15.367174] at24 2-0055: supply vcc not found, using dummy regulator
[   15.469831] at24 2-0056: supply vcc not found, using dummy regulator
[   15.603820] at24 2-0057: supply vcc not found, using dummy regulator
[   15.727300] at24 0-0050: 32768 byte 24c256 EEPROM, writable, 1 bytes/write
[   15.846163] tps6521x_pwrbutton tps65217-pwrbutton: DMA mask not set
[[0;32m  OK  [0m] Found device /dev/ttyS0.
[   15.924721] input: tps65217_pwrbutton as /devices/platform/ocp/44c00000.interconnect/44c00000.interconnect:segment@200000/44e0b000.target-module/44e0b000.i2c/i2c-0/0-0024/tps65217-pwrbutton/input/input0
[   16.005610] wkup_m3_ipc 44e11324.wkup_m3_ipc: IPC Request for A8->M3 Channel failed! -517
[   16.045694] wkup_m3_ipc 44e11324.wkup_m3_ipc: IPC Request for A8->M3 Channel failed! -517
[[0;32m  OK  [0m] Started Network Time Synchronization.
[[0;32m  OK  [0m] Reached target System Time Synchronized.
[[0;32m  OK  [0m] Reached target System Initialization.
[[0;32m  OK  [0m] Started Daily Cleanup of Temporary Directories.
[   16.358989] am335x-phy-driver 47401300.usb-phy: dummy supplies not allowed for exclusive requests (id=vbus)
[[0;32m  OK  [0m] Started Daily apt download activities.
[[0;32m  OK  [0m] Started Daily apt upgrade and clean activities.
[[0;32m  OK  [0m] Reached target Timers.
[   16.462839] usbcore: registered new interface driver usbfs
[   16.468479] usbcore: registered new interface driver hub
[   16.474055] usbcore: registered new device driver usb
[[0;32m  OK  [0m] Listening on D-Bus System Message Bus Socket.
[[0;32m  OK  [0m] Listening on Avahi mDNS/DNS-SD Stack Activation Socket.
[[0;32m  OK  [0m] Reached target Sockets.
[[0;32m  OK  [0m] Reached target Basic System.[   16.682716] am335x-phy-driver 47401b00.usb-phy: dummy supplies not allowed for exclusive requests (id=vbus)

[   16.702833] wkup_m3_ipc 44e11324.wkup_m3_ipc: IPC Request for A8->M3 Channel failed! -517
         Starting LSB: Load kernel modules needed to enable cpufreq scaling...
[   16.837758] tda998x 0-0070: found TDA19988
[   16.851872] wkup_m3_ipc 44e11324.wkup_m3_ipc: IPC Request for A8->M3 Channel failed! -517
[   16.957400] wkup_m3_ipc 44e11324.wkup_m3_ipc: IPC Request for A8->M3 Channel failed! -517
         Starting Telephony service...
[   17.133778] wkup_m3_ipc 44e11324.wkup_m3_ipc: IPC Request for A8->M3 Channel failed! -517
[   17.178403] musb-hdrc musb-hdrc.1: MUSB HDRC host driver
[   17.183964] musb-hdrc musb-hdrc.1: new USB bus registered, assigned bus number 1
         Starting Cape Manager Service...
[   17.269371] wkup_m3_ipc 44e11324.wkup_m3_ipc: IPC Request for A8->M3 Channel failed! -517
         Starting System Logging Service...
[   17.483438] usb usb1: New USB device found, idVendor=1d6b, idProduct=0002, bcdDevice= 6.12
[   17.492073] usb usb1: New USB device strings: Mfr=3, Product=2, SerialNumber=1
[   17.499344] usb usb1: Product: MUSB HDRC host driver
[   17.504379] usb usb1: Manufacturer: Linux 6.12.0-next-20241121 musb-hcd
[   17.511030] usb usb1: SerialNumber: musb-hdrc.1
         Starting DUN service...
[   17.825291] omap-mailbox 480c8000.mailbox: omap mailbox rev 0x400
[[0;32m  OK  [0m] Started Regular background program processing daemon.
[   17.921870] remoteproc remoteproc0: powering up wkup_m3
[   17.934786] hub 1-0:1.0: USB hub found
[   18.011304] hub 1-0:1.0: 1 port detected
[   18.077626] remoteproc remoteproc0: Direct firmware load for am335x-pm-firmware.elf failed with error -2
[   18.087427] remoteproc remoteproc0: request_firmware failed: -2
[   18.093480] wkup_m3_ipc 44e11324.wkup_m3_ipc: rproc_boot failed
         Starting Avahi mDNS/DNS-SD Stack...
         Starting LSB: Start busybox udhcpd at boot time...
         Starting Login Service...
[[0;32m  OK  [0m] Started D-Bus System Message Bus.
[   20.589888] omap_rng 48310000.rng: Random Number Generator ver. 20
[   20.713132] tilcdc 4830e000.lcdc: bound 0-0070 (ops tda998x_driver_exit [tda998x])
[   20.804961] [drm] Initialized tilcdc 1.0.0 for 4830e000.lcdc on minor 0
[   20.882620] tilcdc 4830e000.lcdc: [drm] Cannot find any crtc or sizes
[   20.890687] tilcdc 4830e000.lcdc: [drm] Cannot find any crtc or sizes
 [   21.421340] PM: Cannot get wkup_m3_ipc handle
[   21.49903 4] omap-sham 53100000.sham: hw accel on OMAP rev 4.3
[   21.5 82433] omap-sham 53100000.sham: will run requests pump with re altime priority
[   21.605969] PM: Cannot get wkup_m3_ipc han dle
[  
[   21.879783] omap-aes 53500000.aes: will run requests pump with realtime priority
[   21.888499] PM: Cannot get wkup_m3_ipc handle
[[0;32m  OK  [0m] Started DUN service.
[[0;32m  OK  [0m] Started Avahi mDNS/DNS-SD Stack.
[[0;32m  OK  [0m] Started Telephony service.
         Starting Connection service...
         Starting Generic Board Startup...
[[0;32m  OK  [0m] Started System Logging Service.
[[0;32m  OK  [0m] Started Cape Manager Service.
[   23.492709] Bluetooth: Core ver 2.22
[   23.496530] NET: Registered PF_BLUETOOTH protocol family
[   23.502076] Bluetooth: HCI device and connection manager initialized
[   23.508495] Bluetooth: HCI socket layer initialized
[   23.513512] Bluetooth: L2CAP socket layer initialized
[   23.518633] Bluetooth: SCO socket layer initialized
[   24.866690] PM: Cannot get wkup_m3_ipc handle
[   24.963857] PM: Cannot get wkup_m3_ipc handle
[[0;32m  OK  [0m] Started LSB: Start busybox udhcpd at boot time.
[[0;32m  OK  [0m] Started LSB: Load kernel modules needed to enable cpufreq scaling.
[[0;32m  OK  [0m] Started Raise network interfaces.
[   29.121569] configfs-gadget.g_multi gadget.0: HOST MAC 1c:ba:8c:a2:ed:6c
[   29.128618] configfs-gadget.g_multi gadget.0: MAC 1c:ba:8c:a2:ed:70
[   29.136267] configfs-gadget.g_multi gadget.0: HOST MAC 1c:ba:8c:a2:ed:6c
[   29.143159] configfs-gadget.g_multi gadget.0: MAC 1c:ba:8c:a2:ed:6d
[   29.150689] PM: Cannot get wkup_m3_ipc handle
[[0;32m  OK  [0m] Started Connection service.
[[0;32m  OK  [0m] Started Login Service.
[[0;32m  OK  [0m] Reached target Sound Card.
[[0;32m  OK  [0m] Reached target Network.
         Starting OpenBSD Secure Shell server...
         Starting Permit User Sessions...
         Starting The Apache HTTP Server...
[[0;32m  OK  [0m] Reached target Network is Online.
         Starting LSB: Advanced IEEE 802.11 management daemon...
         Starting LSB: set CPUFreq kernel parameters...
[[0;32m  OK  [0m] Started Permit User Sessions.
[[0;32m  OK  [0m] Started LSB: Advanced IEEE 802.11 management daemon.
[[0;32m  OK  [0m] Started Getty on tty1.
[[0;32m  OK  [0m] Started Serial Getty on ttyS0.
[[0;32m  OK  [0m] Reached target Login Prompts.
[[0;32m  OK  [0m] Started LSB: set CPUFreq kernel parameters.
         Starting Hostname Service...
         Starting WPA supplicant...
[[0;32m  OK  [0m] Started OpenBSD Secure Shell server.
[[0;32m  OK  [0m] Started WPA supplicant.
[[0;32m  OK  [0m] Started Hostname Service.
         Stopping LSB: Start busybox udhcpd at boot time...
[[0;32m  OK  [0m] Stopped LSB: Start busybox udhcpd at boot time.
[[0;32m  OK  [0m] Started The Apache HTTP Server.
         Starting dnsmasq - A lightweight DHCP and caching DNS server...
[[0;32m  OK  [0m] Started dnsmasq - A lightweight DHCP and caching DNS server.
[[0;32m  OK  [0m] Reached target Host and Network Name Lookups.
[[0;32m  OK  [0m] Started Serial Getty on ttyGS0.
[[0;32m  OK  [0m] Started Generic Board Startup.
[[0;32m  OK  [0m] Reached target Multi-User System.
[[0;32m  OK  [0m] Reached target Graphical Interface.
         Starting Update UTMP about System Runlevel Changes...
[[0;32m  OK  [0m] Started Update UTMP about System Runlevel Changes.

Debian GNU/Linux 9 arm ttyS0

default username:password is [debian:temppwd]

arm login: root
Password: 
Last login: Sat Dec  9 19:10:27 UTC 2017 on ttyS0
root
Linux arm 6.12.0-next-20241121 #142 SMP Thu Nov 21 08:13:24 EET 2024 armv7l

The programs included with the Debian GNU/Linux system are free software;
the exact distribution terms for each program are described in the
individual files in /usr/share/doc/*/copyright.

Debian GNU/Linux comes with ABSOLUTELY NO WARRANTY, to the extent
permitted by applicable law.
root@arm:~# root
-bash: root: command not found
root@arm:~# dmesg -n 1
echo 'PGVT''TGOMFY'
root@arm:~# echo 'PGVT''TGOMFY'
PGVTTGOMFY
root@arm:~# run() { echo -n "$MARKER"; sh -c "$@"; echo "$MARKER $?"; }
root@arm:~# echo 'YFEG''UWJNSP'
YFEGUWJNSP
root@arm:~# MARKER='TOTG''QWMHPA' run 'cat /proc/version'
TOTGQWMHPALinux version 6.12.0-next-20241121 (user01@drvtest01) (arm-linux-gnueabihf-gcc (Linaro GCC 6.4-2017.11) 6.4.1 20171012, GNU ld (Linaro_Binutils-2017.11) 2.27.0.20161229) #142 SMP Thu Nov 21 08:13:24 EET 2024
TOTGQWMHPA 0
root@arm:~# echo 'LAUB''EUAFYF'
LAUBEUAFYF
root@arm:~# MARKER='XTZA''BLGQXS' run false
XTZABLGQXSXTZABLGQXS 1
root@arm:~# Labgrid Console Logfile for main
Logfile started at 2024-11-21 08:16:16.737430
=== Log starts here ===

root@arm:~# run() { echo -n "$MARKER"; sh -c "$@"; echo "$MARKER $?"; }
root@arm:~# echo 'FLCO''FSZMXB'
FLCOFSZMXB
root@arm:~# MARKER='KXAW''MLTCQB' run dmesg
KXAWMLTCQB[    0.000000] Booting Linux on physical CPU 0x0
[    0.000000] Linux version 6.12.0-next-20241121 (user01@drvtest01) (arm-linux-gnueabihf-gcc (Linaro GCC 6.4-2017.11) 6.4.1 20171012, GNU ld (Linaro_Binutils-2017.11) 2.27.0.20161229) #142 SMP Thu Nov 21 08:13:24 EET 2024
[    0.000000] CPU: ARMv7 Processor [413fc082] revision 2 (ARMv7), cr=10c5387d
[    0.000000] CPU: PIPT / VIPT nonaliasing data cache, VIPT aliasing instruction cache
[    0.000000] OF: fdt: Machine model: TI AM335x BeagleBone Black
[    0.000000] Memory policy: Data cache writeback
[    0.000000] cma: Reserved 16 MiB at 0x9e800000 on node -1
[    0.000000] Zone ranges:
[    0.000000]   Normal   [mem 0x0000000080000000-0x000000009fdfffff]
[    0.000000]   HighMem  empty
[    0.000000] Movable zone start for each node
[    0.000000] Early memory node ranges
[    0.000000]   node   0: [mem 0x0000000080000000-0x000000009fdfffff]
[    0.000000] Initmem setup node 0 [mem 0x0000000080000000-0x000000009fdfffff]
[    0.000000] OF: reserved mem: Reserved memory: No reserved-memory node in the DT
[    0.000000] CPU: All CPU(s) started in SVC mode.
[    0.000000] AM335X ES2.1 (sgx neon)
[    0.000000] percpu: Embedded 17 pages/cpu s39564 r8192 d21876 u69632
[    0.000000] pcpu-alloc: s39564 r8192 d21876 u69632 alloc=17*4096
[    0.000000] pcpu-alloc: [0] 0 
[    0.000000] Kernel command line: console=ttyO0,115200n8 root=/dev/nfs rw nfsroot=192.168.255.126:/home/user01/nfs,nfsvers=3 ip=192.168.255.1:192.168.255.126::255.255.255.0:bbb1:eth0 nfsrootdebug
[    0.000000] Unknown kernel command line parameters "nfsrootdebug", will be passed to user space.
[    0.000000] printk: log buffer data + meta data: 65536 + 204800 = 270336 bytes
[    0.000000] Dentry cache hash table entries: 65536 (order: 6, 262144 bytes, linear)
[    0.000000] Inode-cache hash table entries: 32768 (order: 5, 131072 bytes, linear)
[    0.000000] Built 1 zonelists, mobility grouping on.  Total pages: 130560
[    0.000000] mem auto-init: stack:off, heap alloc:off, heap free:off
[    0.000000] SLUB: HWalign=64, Order=0-3, MinObjects=0, CPUs=1, Nodes=1
[    0.000000] trace event string verifier disabled
[    0.000000] rcu: Hierarchical RCU implementation.
[    0.000000] rcu: 	RCU event tracing is enabled.
[    0.000000] rcu: 	RCU restricting CPUs from NR_CPUS=2 to nr_cpu_ids=1.
[    0.000000] 	Tracing variant of Tasks RCU enabled.
[    0.000000] rcu: RCU calculated value of scheduler-enlistment delay is 10 jiffies.
[    0.000000] rcu: Adjusting geometry for rcu_fanout_leaf=16, nr_cpu_ids=1
[    0.000000] RCU Tasks Trace: Setting shift to 0 and lim to 1 rcu_task_cb_adjust=1 rcu_task_cpu_ids=1.
[    0.000000] NR_IRQS: 16, nr_irqs: 16, preallocated irqs: 16
[    0.000000] IRQ: Found an INTC at 0x(ptrval) (revision 5.0) with 128 interrupts
[    0.000000] rcu: srcu_init: Setting srcu_struct sizes based on contention.
[    0.000000] TI gptimer clocksource: always-on /ocp/interconnect@44c00000/segment@200000/target-module@31000
[    0.000002] sched_clock: 32 bits at 24MHz, resolution 41ns, wraps every 89478484971ns
[    0.000026] clocksource: dmtimer: mask: 0xffffffff max_cycles: 0xffffffff, max_idle_ns: 79635851949 ns
[    0.000506] TI gptimer clockevent: 24000000 Hz at /ocp/interconnect@48000000/segment@0/target-module@40000
[    0.002151] Console: colour dummy device 80x30
[    0.002217] WARNING: Your 'console=ttyO0' has been replaced by 'ttyS0'
[    0.002225] This ensures that you still see kernel messages. Please
[    0.002230] update your kernel commandline.
[    0.002272] Calibrating delay loop... 996.14 BogoMIPS (lpj=4980736)
[    0.090557] CPU: Testing write buffer coherency: ok
[    0.090660] CPU0: Spectre v2: using BPIALL workaround
[    0.090671] pid_max: default: 32768 minimum: 301
[    0.090794] LSM: initializing lsm=capability
[    0.090965] Mount-cache hash table entries: 1024 (order: 0, 4096 bytes, linear)
[    0.090985] Mountpoint-cache hash table entries: 1024 (order: 0, 4096 bytes, linear)
[    0.092651] CPU0: thread -1, cpu 0, socket -1, mpidr 0
[    0.160940] Setting up static identity map for 0x80100000 - 0x80100078
[    0.170713] rcu: Hierarchical SRCU implementation.
[    0.170725] rcu: 	Max phase no-delay instances is 1000.
[    0.190772] smp: Bringing up secondary CPUs ...
[    0.190829] smp: Brought up 1 node, 1 CPU
[    0.190846] SMP: Total of 1 processors activated (996.14 BogoMIPS).
[    0.190858] CPU: All CPU(s) started in SVC mode.
[    0.191054] Memory: 480840K/522240K available (11264K kernel code, 1213K rwdata, 2896K rodata, 1024K init, 297K bss, 23388K reserved, 16384K cma-reserved, 0K highmem)
[    0.191921] devtmpfs: initialized
[    0.208893] VFP support v0.3: implementor 41 architecture 3 part 30 variant c rev 3
[    0.209241] clocksource: jiffies: mask: 0xffffffff max_cycles: 0xffffffff, max_idle_ns: 19112604462750000 ns
[    0.209276] futex hash table entries: 256 (order: 2, 16384 bytes, linear)
[    0.210564] pinctrl core: initialized pinctrl subsystem
[    0.213598] NET: Registered PF_NETLINK/PF_ROUTE protocol family
[    0.216435] DMA: preallocated 256 KiB pool for atomic coherent allocations
[    0.217344] audit: initializing netlink subsys (disabled)
[    0.218791] thermal_sys: Registered thermal governor 'fair_share'
[    0.218808] thermal_sys: Registered thermal governor 'step_wise'
[    0.218818] thermal_sys: Registered thermal governor 'user_space'
[    0.218973] audit: type=2000 audit(0.210:1): state=initialized audit_enabled=0 res=1
[    0.219012] cpuidle: using governor menu
[    0.237402] /ocp/interconnect@44c00000/segment@200000/target-module@b000/i2c@0/tda19988@70: Fixed dependency cycle(s) with /ocp/interconnect@48000000/segment@300000/target-module@e000/lcdc@0
[    0.238564] /ocp/interconnect@48000000/segment@300000/target-module@e000/lcdc@0: Fixed dependency cycle(s) with /ocp/interconnect@44c00000/segment@200000/target-module@b000/i2c@0/tda19988@70
[    0.240911] No ATAGs?
[    0.240931] hw-breakpoint: debug architecture 0x4 unsupported.
[    0.243723] kprobes: kprobe jump-optimization is enabled. All kprobes are optimized if possible.
[    0.254412] iommu: Default domain type: Translated
[    0.254436] iommu: DMA domain TLB invalidation policy: strict mode
[    0.261598] reg-fixed-voltage fixedregulator0: using DT '/fixedregulator0' for '(default)' GPIO lookup
[    0.261654] of_get_named_gpiod_flags: can't parse 'gpios' property of node '/fixedregulator0[0]'
[    0.261685] of_get_named_gpiod_flags: can't parse 'gpio' property of node '/fixedregulator0[0]'
[    0.261704] reg-fixed-voltage fixedregulator0: using lookup tables for GPIO lookup
[    0.261715] reg-fixed-voltage fixedregulator0: No GPIO consumer (default) found
[    0.262759] SCSI subsystem initialized
[    0.263269] libata version 3.00 loaded.
[    0.263635] pps_core: LinuxPPS API ver. 1 registered
[    0.263646] pps_core: Software ver. 5.3.6 - Copyright 2005-2007 Rodolfo Giometti <giometti@linux.it>
[    0.263672] PTP clock support registered
[    0.271274] vgaarb: loaded
[    0.271700] clocksource: Switched to clocksource dmtimer
[    0.272365] VFS: Disk quotas dquot_6.6.0
[    0.272407] VFS: Dquot-cache hash table entries: 1024 (order 0, 4096 bytes)
[    0.297322] NET: Registered PF_INET protocol family
[    0.297682] IP idents hash table entries: 8192 (order: 4, 65536 bytes, linear)
[    0.299105] tcp_listen_portaddr_hash hash table entries: 512 (order: 0, 4096 bytes, linear)
[    0.299143] Table-perturb hash table entries: 65536 (order: 6, 262144 bytes, linear)
[    0.299160] TCP established hash table entries: 4096 (order: 2, 16384 bytes, linear)
[    0.299203] TCP bind hash table entries: 4096 (order: 4, 65536 bytes, linear)
[    0.299302] TCP: Hash tables configured (established 4096 bind 4096)
[    0.299423] UDP hash table entries: 256 (order: 1, 14336 bytes, linear)
[    0.299460] UDP-Lite hash table entries: 256 (order: 1, 14336 bytes, linear)
[    0.299649] NET: Registered PF_UNIX/PF_LOCAL protocol family
[    0.302437] RPC: Registered named UNIX socket transport module.
[    0.302461] RPC: Registered udp transport module.
[    0.302467] RPC: Registered tcp transport module.
[    0.302473] RPC: Registered tcp-with-tls transport module.
[    0.302478] RPC: Registered tcp NFSv4.1 backchannel transport module.
[    0.302504] PCI: CLS 0 bytes, default 64
[    0.303992] Initialise system trusted keyrings
[    0.312092] workingset: timestamp_bits=14 max_order=17 bucket_order=3
[    0.313436] NFS: Registering the id_resolver key type
[    0.313509] Key type id_resolver registered
[    0.313517] Key type id_legacy registered
[    0.313566] jffs2: version 2.2. (NAND) (SUMMARY)  Â© 2001-2006 Red Hat, Inc.
[    0.313981] Key type asymmetric registered
[    0.313997] Asymmetric key parser 'x509' registered
[    0.314064] io scheduler mq-deadline registered
[    0.314076] io scheduler kyber registered
[    0.314146] io scheduler bfq registered
[    0.315781] ledtrig-cpu: registered to indicate activity on CPUs
[    0.322373] Serial: 8250/16550 driver, 6 ports, IRQ sharing enabled
[    0.367153] brd: module loaded
[    0.397070] loop: module loaded
[    0.398006] mtdoops: mtd device (mtddev=name/number) must be supplied
[    0.399742] mdio_bus fixed-0: using lookup tables for GPIO lookup
[    0.399768] mdio_bus fixed-0: No GPIO consumer reset found
[    0.401130] i2c_dev: i2c /dev entries driver
[    0.402304] cpuidle: enable-method property 'ti,am3352' found operations
[    0.402759] sdhci: Secure Digital Host Controller Interface driver
[    0.402769] sdhci: Copyright(c) Pierre Ossman
[    0.402943] sdhci-pltfm: SDHCI platform and OF driver helper
[    0.403957] Initializing XFRM netlink socket
[    0.404106] NET: Registered PF_INET6 protocol family
[    0.406186] Segment Routing with IPv6
[    0.406277] In-situ OAM (IOAM) with IPv6
[    0.406378] sit: IPv6, IPv4 and MPLS over IPv4 tunneling driver
[    0.407352] NET: Registered PF_PACKET protocol family
[    0.407388] NET: Registered PF_KEY protocol family
[    0.407550] Key type dns_resolver registered
[    0.407824] ThumbEE CPU extension supported.
[    0.407844] Registering SWP/SWPB emulation handler
[    0.408385] omap_voltage_late_init: Voltage driver support not added
[    0.408739] SmartReflex Class3 initialized
[    0.443458] Loading compiled-in X.509 certificates
[    0.491183] /ocp/interconnect@44c00000/segment@200000/target-module@b000/i2c@0/tda19988@70: Fixed dependency cycle(s) with /ocp/interconnect@48000000/segment@300000/target-module@e000/lcdc@0
[    0.497829] /ocp/interconnect@44c00000/segment@200000/target-module@b000/i2c@0/tda19988@70: Fixed dependency cycle(s) with /ocp/interconnect@48000000/segment@300000/target-module@e000/lcdc@0
[    0.503536] gpiochip_find_base_unlocked: found new base at 512
[    0.527524] /ocp/interconnect@44c00000/segment@200000/target-module@b000/i2c@0/tda19988@70: Fixed dependency cycle(s) with /ocp/interconnect@48000000/segment@300000/target-module@e000/lcdc@0
[    0.528428] /ocp/interconnect@44c00000/segment@200000/target-module@b000/i2c@0/tda19988@70: Fixed dependency cycle(s) with /ocp/interconnect@48000000/segment@300000/target-module@e000/lcdc@0
[    0.532096] /ocp/interconnect@44c00000/segment@200000/target-module@10000/scm@0/pinmux@800: Fixed dependency cycle(s) with /ocp/interconnect@44c00000/segment@200000/target-module@10000/scm@0/pinmux@800/clkout2-pins
[    0.532708] pinctrl-single 44e10800.pinmux: 142 pins, size 568
[    0.537868] ti-sysc 44e31000.target-module: probe with driver ti-sysc failed with error -16
[    0.569655] /ocp/interconnect@48000000/segment@300000/target-module@e000/lcdc@0: Fixed dependency cycle(s) with /ocp/interconnect@44c00000/segment@200000/target-module@b000/i2c@0/tda19988@70
[    0.577809] ti-sysc 48040000.target-module: probe with driver ti-sysc failed with error -16
[    0.589160] gpiochip_find_base_unlocked: found new base at 512
[    0.589259] gpio gpiochip0: (gpio-0-31): created GPIO range 0->7 ==> 44e10800.pinmux PIN 0->7
[    0.589278] gpio gpiochip0: (gpio-0-31): created GPIO range 8->11 ==> 44e10800.pinmux PIN 90->93
[    0.589294] gpio gpiochip0: (gpio-0-31): created GPIO range 12->27 ==> 44e10800.pinmux PIN 12->27
[    0.589309] gpio gpiochip0: (gpio-0-31): created GPIO range 28->31 ==> 44e10800.pinmux PIN 30->33
[    0.629972] gpio gpiochip0: (gpio-0-31): added GPIO chardev (254:0)
[    0.630128] gpio gpiochip0: registered GPIOs 512 to 543 on gpio-0-31
[    0.630214] OMAP GPIO hardware version 0.1
[    0.643812] i2c i2c-2: using DT '/ocp/interconnect@48000000/segment@100000/target-module@9c000/i2c@0' for 'scl' GPIO lookup
[    0.643887] of_get_named_gpiod_flags: can't parse 'scl-gpios' property of node '/ocp/interconnect@48000000/segment@100000/target-module@9c000/i2c@0[0]'
[    0.643932] of_get_named_gpiod_flags: can't parse 'scl-gpio' property of node '/ocp/interconnect@48000000/segment@100000/target-module@9c000/i2c@0[0]'
[    0.643970] i2c i2c-2: using lookup tables for GPIO lookup
[    0.643980] i2c i2c-2: No GPIO consumer scl found
[    0.644002] i2c i2c-2: using DT '/ocp/interconnect@48000000/segment@100000/target-module@9c000/i2c@0' for 'sda' GPIO lookup
[    0.644038] of_get_named_gpiod_flags: can't parse 'sda-gpios' property of node '/ocp/interconnect@48000000/segment@100000/target-module@9c000/i2c@0[0]'
[    0.644076] of_get_named_gpiod_flags: can't parse 'sda-gpio' property of node '/ocp/interconnect@48000000/segment@100000/target-module@9c000/i2c@0[0]'
[    0.644109] i2c i2c-2: using lookup tables for GPIO lookup
[    0.644117] i2c i2c-2: No GPIO consumer sda found
[    0.644855] omap_i2c 4819c000.i2c: bus 2 rev0.11 at 100 kHz
[    0.650282] gpiochip_find_base_unlocked: found new base at 544
[    0.650382] gpio gpiochip1: (gpio-32-63): created GPIO range 0->17 ==> 44e10800.pinmux PIN 34->51
[    0.650401] gpio gpiochip1: (gpio-32-63): created GPIO range 18->21 ==> 44e10800.pinmux PIN 77->80
[    0.650417] gpio gpiochip1: (gpio-32-63): created GPIO range 22->31 ==> 44e10800.pinmux PIN 56->65
[    0.674872] gpio gpiochip1: (gpio-32-63): added GPIO chardev (254:1)
[    0.675035] gpio gpiochip1: registered GPIOs 544 to 575 on gpio-32-63
[    0.677289] gpiochip_find_base_unlocked: found new base at 576
[    0.677379] gpio gpiochip2: (gpio-64-95): created GPIO range 0->4 ==> 44e10800.pinmux PIN 66->70
[    0.677398] gpio gpiochip2: (gpio-64-95): created GPIO range 5->6 ==> 44e10800.pinmux PIN 98->99
[    0.677413] gpio gpiochip2: (gpio-64-95): created GPIO range 7->8 ==> 44e10800.pinmux PIN 75->76
[    0.677429] gpio gpiochip2: (gpio-64-95): created GPIO range 13->13 ==> 44e10800.pinmux PIN 141->141
[    0.677445] gpio gpiochip2: (gpio-64-95): created GPIO range 14->21 ==> 44e10800.pinmux PIN 100->107
[    0.678127] gpio gpiochip2: (gpio-64-95): added GPIO chardev (254:2)
[    0.678271] gpio gpiochip2: registered GPIOs 576 to 607 on gpio-64-95
[    0.684016] 48000000.interconnect:segment@200000:target-module@0:mpu@0:fck: device ID is greater than 24
[    0.684898] /ocp/interconnect@48000000/segment@300000/target-module@e000/lcdc@0: Fixed dependency cycle(s) with /ocp/interconnect@44c00000/segment@200000/target-module@b000/i2c@0/tda19988@70
[    0.687678] /ocp/interconnect@48000000/segment@300000/target-module@e000/lcdc@0: Fixed dependency cycle(s) with /ocp/interconnect@44c00000/segment@200000/target-module@b000/i2c@0/tda19988@70
[    0.688388] /ocp/interconnect@44c00000/segment@200000/target-module@b000/i2c@0/tda19988@70: Fixed dependency cycle(s) with /ocp/interconnect@48000000/segment@300000/target-module@e000/lcdc@0
[    0.688550] /ocp/interconnect@48000000/segment@300000/target-module@e000/lcdc@0: Fixed dependency cycle(s) with /ocp/interconnect@44c00000/segment@200000/target-module@b000/i2c@0/tda19988@70
[    0.698156] mdio_bus 4a101000.mdio: using DT '/ocp/interconnect@4a000000/segment@0/target-module@100000/switch@0/mdio@1000' for 'reset' GPIO lookup
[    0.698230] of_get_named_gpiod_flags: can't parse 'reset-gpios' property of node '/ocp/interconnect@4a000000/segment@0/target-module@100000/switch@0/mdio@1000[0]'
[    0.698279] of_get_named_gpiod_flags: can't parse 'reset-gpio' property of node '/ocp/interconnect@4a000000/segment@0/target-module@100000/switch@0/mdio@1000[0]'
[    0.698328] mdio_bus 4a101000.mdio: using lookup tables for GPIO lookup
[    0.698338] mdio_bus 4a101000.mdio: No GPIO consumer reset found
[    0.699302] sdhci-omap 481d8000.mmc: using DT '/ocp/interconnect@48000000/segment@100000/target-module@d8000/mmc@0' for 'wp' GPIO lookup
[    0.699379] of_get_named_gpiod_flags: can't parse 'wp-gpios' property of node '/ocp/interconnect@48000000/segment@100000/target-module@d8000/mmc@0[0]'
[    0.699422] of_get_named_gpiod_flags: can't parse 'wp-gpio' property of node '/ocp/interconnect@48000000/segment@100000/target-module@d8000/mmc@0[0]'
[    0.699456] sdhci-omap 481d8000.mmc: using lookup tables for GPIO lookup
[    0.699466] sdhci-omap 481d8000.mmc: No GPIO consumer wp found
[    0.699656] sdhci-omap 481d8000.mmc: supply pbias not found, using dummy regulator
[    0.700158] sdhci-omap 481d8000.mmc: supply vqmmc not found, using dummy regulator
[    0.756130] davinci_mdio 4a101000.mdio: davinci mdio revision 1.6, bus freq 1000000
[    0.773449] mdio_bus 4a101000.mdio:00: using DT '/ocp/interconnect@4a000000/segment@0/target-module@100000/switch@0/mdio@1000/ethernet-phy@0' for 'reset' GPIO lookup
[    0.773553] of_get_named_gpiod_flags: parsed 'reset-gpios' property of node '/ocp/interconnect@4a000000/segment@0/target-module@100000/switch@0/mdio@1000/ethernet-phy@0[0]' - status (0)
[    0.773722] gpio gpiochip0: Persistence not supported for GPIO 8
[    0.917697] davinci_mdio 4a101000.mdio: phy[0]: device 4a101000.mdio:00, driver SMSC LAN8710/LAN8720
[    0.918476] cpsw-switch 4a100000.switch: initialized cpsw ale version 1.4
[    0.918501] cpsw-switch 4a100000.switch: ALE Table size 1024, Policers 0
[    0.918834] cpsw-switch 4a100000.switch: cpts: overflow check period 500 (jiffies)
[    0.918854] cpsw-switch 4a100000.switch: CPTS: ref_clk_freq:250000000 calc_mult:2147483648 calc_shift:29 error:0 nsec/sec
[    0.918963] cpsw-switch 4a100000.switch: Detected MACID = 6c:ec:eb:68:de:78
[    0.920782] cpsw-switch 4a100000.switch: initialized (regs 0x4a100000, pool size 256) hw_ver:0019010C 1.12 (0)
[    0.932049] debugfs: Directory '49000000.dma' with parent 'dmaengine' already present!
[    0.932090] edma 49000000.dma: TI EDMA DMA engine driver
[    0.971151] target-module@4b000000:target-module@140000:pmu@0:fck: device ID is greater than 24
[    0.987883] hw perfevents: enabled with armv7_cortex_a8 PMU driver, 5 (8000000f) counters available
[    0.988860] gpio-clk clk_mcasp0: using DT '/clk_mcasp0' for 'enable' GPIO lookup
[    0.988933] of_get_named_gpiod_flags: parsed 'enable-gpios' property of node '/clk_mcasp0[0]' - status (0)
[    0.988979] gpio gpiochip0: Persistence not supported for GPIO 27
[    0.989821] gpiochip_find_base_unlocked: found new base at 608
[    0.989931] gpio gpiochip3: (gpio-96-127): created GPIO range 0->7 ==> 44e10800.pinmux PIN 82->89
[    0.989952] gpio gpiochip3: (gpio-96-127): created GPIO range 8->11 ==> 44e10800.pinmux PIN 52->55
[    0.989968] gpio gpiochip3: (gpio-96-127): created GPIO range 12->15 ==> 44e10800.pinmux PIN 94->97
[    0.989983] gpio gpiochip3: (gpio-96-127): created GPIO range 16->17 ==> 44e10800.pinmux PIN 71->72
[    0.989999] gpio gpiochip3: (gpio-96-127): created GPIO range 18->18 ==> 44e10800.pinmux PIN 135->135
[    0.990015] gpio gpiochip3: (gpio-96-127): created GPIO range 19->20 ==> 44e10800.pinmux PIN 108->109
[    0.990032] gpio gpiochip3: (gpio-96-127): created GPIO range 21->21 ==> 44e10800.pinmux PIN 73->73
[    0.990048] gpio gpiochip3: (gpio-96-127): created GPIO range 22->23 ==> 44e10800.pinmux PIN 8->9
[    0.990066] gpio gpiochip3: (gpio-96-127): created GPIO range 26->27 ==> 44e10800.pinmux PIN 10->11
[    0.990083] gpio gpiochip3: (gpio-96-127): created GPIO range 28->28 ==> 44e10800.pinmux PIN 74->74
[    0.990101] gpio gpiochip3: (gpio-96-127): created GPIO range 29->29 ==> 44e10800.pinmux PIN 81->81
[    0.990120] gpio gpiochip3: (gpio-96-127): created GPIO range 30->31 ==> 44e10800.pinmux PIN 28->29
[    0.995692] l3-aon-clkctrl:0000:0: failed to disable
[    0.996141] gpio gpiochip3: (gpio-96-127): added GPIO chardev (254:3)
[    0.996288] gpio gpiochip3: registered GPIOs 608 to 639 on gpio-96-127
[    0.998139] omap8250 44e09000.serial: using DT '/ocp/interconnect@44c00000/segment@200000/target-module@9000/serial@0' for 'rs485-term' GPIO lookup
[    0.998212] of_get_named_gpiod_flags: can't parse 'rs485-term-gpios' property of node '/ocp/interconnect@44c00000/segment@200000/target-module@9000/serial@0[0]'
[    0.998257] of_get_named_gpiod_flags: can't parse 'rs485-term-gpio' property of node '/ocp/interconnect@44c00000/segment@200000/target-module@9000/serial@0[0]'
[    0.998296] omap8250 44e09000.serial: using lookup tables for GPIO lookup
[    0.998306] omap8250 44e09000.serial: No GPIO consumer rs485-term found
[    0.998316] omap8250 44e09000.serial: using DT '/ocp/interconnect@44c00000/segment@200000/target-module@9000/serial@0' for 'rs485-rx-during-tx' GPIO lookup
[    0.998353] of_get_named_gpiod_flags: can't parse 'rs485-rx-during-tx-gpios' property of node '/ocp/interconnect@44c00000/segment@200000/target-module@9000/serial@0[0]'
[    0.998391] of_get_named_gpiod_flags: can't parse 'rs485-rx-during-tx-gpio' property of node '/ocp/interconnect@44c00000/segment@200000/target-module@9000/serial@0[0]'
[    0.998424] omap8250 44e09000.serial: using lookup tables for GPIO lookup
[    0.998433] omap8250 44e09000.serial: No GPIO consumer rs485-rx-during-tx found
[    0.998793] 44e09000.serial: ttyS0 at MMIO 0x44e09000 (irq = 34, base_baud = 3000000) is a 8250
[    0.998880] printk: legacy console [ttyS0] enabled
[    2.479988] i2c i2c-0: using DT '/ocp/interconnect@44c00000/segment@200000/target-module@b000/i2c@0' for 'scl' GPIO lookup
[    2.480079] of_get_named_gpiod_flags: can't parse 'scl-gpios' property of node '/ocp/interconnect@44c00000/segment@200000/target-module@b000/i2c@0[0]'
[    2.480129] of_get_named_gpiod_flags: can't parse 'scl-gpio' property of node '/ocp/interconnect@44c00000/segment@200000/target-module@b000/i2c@0[0]'
[    2.480171] i2c i2c-0: using lookup tables for GPIO lookup
[    2.480185] i2c i2c-0: No GPIO consumer scl found
[    2.480211] i2c i2c-0: using DT '/ocp/interconnect@44c00000/segment@200000/target-module@b000/i2c@0' for 'sda' GPIO lookup
[    2.480251] of_get_named_gpiod_flags: can't parse 'sda-gpios' property of node '/ocp/interconnect@44c00000/segment@200000/target-module@b000/i2c@0[0]'
[    2.480294] of_get_named_gpiod_flags: can't parse 'sda-gpio' property of node '/ocp/interconnect@44c00000/segment@200000/target-module@b000/i2c@0[0]'
[    2.480330] i2c i2c-0: using lookup tables for GPIO lookup
[    2.480342] i2c i2c-0: No GPIO consumer sda found
[    2.492715] tps65217-pmic: Failed to locate of_node [id: -1]
[    2.498800] tps65217-bl: Failed to locate of_node [id: -1]
[    2.510169] tps65217 0-0024: TPS65217 ID 0xe version 1.2
[    2.516307] /ocp/interconnect@48000000/segment@300000/target-module@e000/lcdc@0: Fixed dependency cycle(s) with /ocp/interconnect@44c00000/segment@200000/target-module@b000/i2c@0/tda19988@70
[    2.533688] /ocp/interconnect@44c00000/segment@200000/target-module@b000/i2c@0/tda19988@70: Fixed dependency cycle(s) with /ocp/interconnect@48000000/segment@300000/target-module@e000/lcdc@0
[    2.551055] omap_i2c 44e0b000.i2c: bus 0 rev0.11 at 400 kHz
[    2.558906] sdhci-omap 48060000.mmc: using DT '/ocp/interconnect@48000000/segment@0/target-module@60000/mmc@0' for 'cd' GPIO lookup
[    2.559021] of_get_named_gpiod_flags: parsed 'cd-gpios' property of node '/ocp/interconnect@48000000/segment@0/target-module@60000/mmc@0[0]' - status (0)
[    2.559089] gpio gpiochip3: Persistence not supported for GPIO 6
[    2.559113] omap_gpio 44e07000.gpio: Could not set line 6 debounce to 200000 microseconds (-22)
[    2.567995] sdhci-omap 48060000.mmc: Got CD GPIO
[    2.572679] sdhci-omap 48060000.mmc: using DT '/ocp/interconnect@48000000/segment@0/target-module@60000/mmc@0' for 'wp' GPIO lookup
[    2.572744] of_get_named_gpiod_flags: can't parse 'wp-gpios' property of node '/ocp/interconnect@48000000/segment@0/target-module@60000/mmc@0[0]'
[    2.572792] of_get_named_gpiod_flags: can't parse 'wp-gpio' property of node '/ocp/interconnect@48000000/segment@0/target-module@60000/mmc@0[0]'
[    2.572834] sdhci-omap 48060000.mmc: using lookup tables for GPIO lookup
[    2.572848] sdhci-omap 48060000.mmc: No GPIO consumer wp found
[    2.573060] sdhci-omap 48060000.mmc: supply pbias not found, using dummy regulator
[    2.581836] sdhci-omap 481d8000.mmc: using DT '/ocp/interconnect@48000000/segment@100000/target-module@d8000/mmc@0' for 'wp' GPIO lookup
[    2.581913] of_get_named_gpiod_flags: can't parse 'wp-gpios' property of node '/ocp/interconnect@48000000/segment@100000/target-module@d8000/mmc@0[0]'
[    2.581964] of_get_named_gpiod_flags: can't parse 'wp-gpio' property of node '/ocp/interconnect@48000000/segment@100000/target-module@d8000/mmc@0[0]'
[    2.582004] sdhci-omap 481d8000.mmc: using lookup tables for GPIO lookup
[    2.582018] sdhci-omap 481d8000.mmc: No GPIO consumer wp found
[    2.583347] sdhci-omap 48060000.mmc: supply vqmmc not found, using dummy regulator
[    2.592415] sdhci-omap 481d8000.mmc: supply pbias not found, using dummy regulator
[    2.600404] sdhci-omap 481d8000.mmc: supply vqmmc not found, using dummy regulator
[    2.639265] mmc1: SDHCI controller on 481d8000.mmc [481d8000.mmc] using External DMA
[    2.648557] mmc0: SDHCI controller on 48060000.mmc [48060000.mmc] using External DMA
[    2.657192] cpsw-switch 4a100000.switch: starting ndev. mode: dual_mac
[    2.701010] mmc0: new high speed SDHC card at address 5048
[    2.708144] mmcblk0: mmc0:5048 SD16G 14.4 GiB
[    2.716300]  mmcblk0: p1 p2
[    2.719730] mmcblk0: p2 size 31221760 extends beyond EOD, truncated
[    2.732964] SMSC LAN8710/LAN8720 4a101000.mdio:00: attached PHY driver (mii_bus:phy_addr=4a101000.mdio:00, irq=POLL)
[    2.745627] mmc1: new high speed MMC card at address 0001
[    2.752597] mmcblk1: mmc1:0001 MMC04G 3.60 GiB
[    2.764168]  mmcblk1: p1 p2
[    2.768435] mmcblk1boot0: mmc1:0001 MMC04G 2.00 MiB
[    2.775875] mmcblk1boot1: mmc1:0001 MMC04G 2.00 MiB
[    2.783315] mmcblk1rpmb: mmc1:0001 MMC04G 128 KiB, chardev (250:0)
[    5.922496] cpsw-switch 4a100000.switch eth0: Link is Up - 100Mbps/Full - flow control off
[    5.961946] IP-Config: Complete:
[    5.965230]      device=eth0, hwaddr=6c:ec:eb:68:de:78, ipaddr=192.168.255.1, mask=255.255.255.0, gw=255.255.255.255
[    5.975906]      host=bbb1, domain=, nis-domain=(none)
[    5.981077]      bootserver=192.168.255.126, rootserver=192.168.255.126, rootpath=
[    5.981509] clk: Disabling unused clocks
[    5.993354] PM: genpd: Disabling unused power domains
[    5.998475] KTAP version 1
[    6.001195] 1..0
[    6.034928] VFS: Mounted root (nfs filesystem) on device 0:17.
[    6.041904] devtmpfs: mounted
[    6.046736] Freeing unused kernel image (initmem) memory: 1024K
[    6.053487] Run /sbin/init as init process
[    6.057617]   with arguments:
[    6.057630]     /sbin/init
[    6.057640]     nfsrootdebug
[    6.057649]   with environment:
[    6.057658]     HOME=/
[    6.057667]     TERM=linux
[    6.780984] systemd[1]: System time before build time, advancing clock.
[    8.231723] random: crng init done
[    8.273338] systemd[1]: systemd 232 running in system mode. (+PAM +AUDIT +SELINUX +IMA +APPARMOR +SMACK +SYSVINIT +UTMP +LIBCRYPTSETUP +GCRYPT +GNUTLS +ACL +XZ +LZ4 +SECCOMP +BLKID +ELFUTILS +KMOD +IDN)
[    8.292828] systemd[1]: Detected architecture arm.
[    8.324923] systemd[1]: Set hostname to <arm>.
[    9.466048] systemd[1]: Listening on /dev/initctl Compatibility Named Pipe.
[    9.493515] systemd[1]: Set up automount Arbitrary Executable File Formats File System Automount Point.
[    9.523971] systemd[1]: Listening on Journal Socket.
[    9.552202] systemd[1]: Reached target Remote File Systems.
[    9.582302] systemd[1]: Listening on udev Kernel Socket.
[    9.612721] systemd[1]: Listening on Journal Audit Socket.
[    9.642111] systemd[1]: Reached target Swap.
[   12.024287] systemd-journald[88]: Received request to flush runtime journal from PID 1
[   14.544592] leds-gpio leds: using DT '/leds/led2' for '(default)' GPIO lookup
[   14.544700] of_get_named_gpiod_flags: parsed 'gpios' property of node '/leds/led2[0]' - status (0)
[   14.544759] gpio gpiochip0: Persistence not supported for GPIO 21
[   14.544775] gpio-533 (?): no flags found for GPIO (default)
[   14.650762] leds-gpio leds: using DT '/leds/led3' for '(default)' GPIO lookup
[   14.650892] of_get_named_gpiod_flags: parsed 'gpios' property of node '/leds/led3[0]' - status (0)
[   14.650954] gpio gpiochip0: Persistence not supported for GPIO 22
[   14.650970] gpio-534 (?): no flags found for GPIO (default)
[   14.672229] leds-gpio leds: using DT '/leds/led4' for '(default)' GPIO lookup
[   14.672341] of_get_named_gpiod_flags: parsed 'gpios' property of node '/leds/led4[0]' - status (0)
[   14.672396] gpio gpiochip0: Persistence not supported for GPIO 23
[   14.672412] gpio-535 (?): no flags found for GPIO (default)
[   14.692382] leds-gpio leds: using DT '/leds/led5' for '(default)' GPIO lookup
[   14.692487] of_get_named_gpiod_flags: parsed 'gpios' property of node '/leds/led5[0]' - status (0)
[   14.692542] gpio gpiochip0: Persistence not supported for GPIO 24
[   14.692556] gpio-536 (?): no flags found for GPIO (default)
[   14.953777] remoteproc remoteproc0: wkup_m3 is available
[   15.183526] omap_rtc 44e3e000.rtc: registered as rtc0
[   15.189698] omap_rtc 44e3e000.rtc: setting system clock to 2000-01-01T00:00:00 UTC (946684800)
[   15.198518] omap_rtc 44e3e000.rtc: using DT '/ocp/interconnect@44c00000/segment@200000/target-module@3e000/rtc@0' for 'wp' GPIO lookup
[   15.198596] of_get_named_gpiod_flags: can't parse 'wp-gpios' property of node '/ocp/interconnect@44c00000/segment@200000/target-module@3e000/rtc@0[0]'
[   15.198649] of_get_named_gpiod_flags: can't parse 'wp-gpio' property of node '/ocp/interconnect@44c00000/segment@200000/target-module@3e000/rtc@0[0]'
[   15.198692] omap_rtc 44e3e000.rtc: using lookup tables for GPIO lookup
[   15.198707] omap_rtc 44e3e000.rtc: No GPIO consumer wp found
[   15.209989] at24 2-0054: supply vcc not found, using dummy regulator
[   15.260218] omap_wdt: OMAP Watchdog Timer Rev 0x01: initial timeout 60 sec
[   15.367174] at24 2-0055: supply vcc not found, using dummy regulator
[   15.469831] at24 2-0056: supply vcc not found, using dummy regulator
[   15.603820] at24 2-0057: supply vcc not found, using dummy regulator
[   15.726709] at24 0-0050: using DT '/ocp/interconnect@44c00000/segment@200000/target-module@b000/i2c@0/eeprom@50' for 'wp' GPIO lookup
[   15.726831] of_get_named_gpiod_flags: can't parse 'wp-gpios' property of node '/ocp/interconnect@44c00000/segment@200000/target-module@b000/i2c@0/eeprom@50[0]'
[   15.726893] of_get_named_gpiod_flags: can't parse 'wp-gpio' property of node '/ocp/interconnect@44c00000/segment@200000/target-module@b000/i2c@0/eeprom@50[0]'
[   15.726942] at24 0-0050: using lookup tables for GPIO lookup
[   15.726957] at24 0-0050: No GPIO consumer wp found
[   15.727300] at24 0-0050: 32768 byte 24c256 EEPROM, writable, 1 bytes/write
[   15.846163] tps6521x_pwrbutton tps65217-pwrbutton: DMA mask not set
[   15.924721] input: tps65217_pwrbutton as /devices/platform/ocp/44c00000.interconnect/44c00000.interconnect:segment@200000/44e0b000.target-module/44e0b000.i2c/i2c-0/0-0024/tps65217-pwrbutton/input/input0
[   16.005610] wkup_m3_ipc 44e11324.wkup_m3_ipc: IPC Request for A8->M3 Channel failed! -517
[   16.045694] wkup_m3_ipc 44e11324.wkup_m3_ipc: IPC Request for A8->M3 Channel failed! -517
[   16.358515] am335x-phy-driver 47401300.usb-phy: using DT '/ocp/target-module@47400000/usb-phy@1300' for 'reset' GPIO lookup
[   16.358613] of_get_named_gpiod_flags: can't parse 'reset-gpios' property of node '/ocp/target-module@47400000/usb-phy@1300[0]'
[   16.358663] of_get_named_gpiod_flags: can't parse 'reset-gpio' property of node '/ocp/target-module@47400000/usb-phy@1300[0]'
[   16.358702] am335x-phy-driver 47401300.usb-phy: using lookup tables for GPIO lookup
[   16.358718] am335x-phy-driver 47401300.usb-phy: No GPIO consumer reset found
[   16.358733] am335x-phy-driver 47401300.usb-phy: using DT '/ocp/target-module@47400000/usb-phy@1300' for 'vbus-detect' GPIO lookup
[   16.358765] of_get_named_gpiod_flags: can't parse 'vbus-detect-gpios' property of node '/ocp/target-module@47400000/usb-phy@1300[0]'
[   16.358798] of_get_named_gpiod_flags: can't parse 'vbus-detect-gpio' property of node '/ocp/target-module@47400000/usb-phy@1300[0]'
[   16.358825] am335x-phy-driver 47401300.usb-phy: using lookup tables for GPIO lookup
[   16.358837] am335x-phy-driver 47401300.usb-phy: No GPIO consumer vbus-detect found
[   16.358989] am335x-phy-driver 47401300.usb-phy: dummy supplies not allowed for exclusive requests (id=vbus)
[   16.462839] usbcore: registered new interface driver usbfs
[   16.468479] usbcore: registered new interface driver hub
[   16.474055] usbcore: registered new device driver usb
[   16.682254] am335x-phy-driver 47401b00.usb-phy: using DT '/ocp/target-module@47400000/usb-phy@1b00' for 'reset' GPIO lookup
[   16.682345] of_get_named_gpiod_flags: can't parse 'reset-gpios' property of node '/ocp/target-module@47400000/usb-phy@1b00[0]'
[   16.682391] of_get_named_gpiod_flags: can't parse 'reset-gpio' property of node '/ocp/target-module@47400000/usb-phy@1b00[0]'
[   16.682431] am335x-phy-driver 47401b00.usb-phy: using lookup tables for GPIO lookup
[   16.682447] am335x-phy-driver 47401b00.usb-phy: No GPIO consumer reset found
[   16.682461] am335x-phy-driver 47401b00.usb-phy: using DT '/ocp/target-module@47400000/usb-phy@1b00' for 'vbus-detect' GPIO lookup
[   16.682494] of_get_named_gpiod_flags: can't parse 'vbus-detect-gpios' property of node '/ocp/target-module@47400000/usb-phy@1b00[0]'
[   16.682527] of_get_named_gpiod_flags: can't parse 'vbus-detect-gpio' property of node '/ocp/target-module@47400000/usb-phy@1b00[0]'
[   16.682555] am335x-phy-driver 47401b00.usb-phy: using lookup tables for GPIO lookup
[   16.682567] am335x-phy-driver 47401b00.usb-phy: No GPIO consumer vbus-detect found
[   16.682716] am335x-phy-driver 47401b00.usb-phy: dummy supplies not allowed for exclusive requests (id=vbus)
[   16.702833] wkup_m3_ipc 44e11324.wkup_m3_ipc: IPC Request for A8->M3 Channel failed! -517
[   16.837758] tda998x 0-0070: found TDA19988
[   16.851872] wkup_m3_ipc 44e11324.wkup_m3_ipc: IPC Request for A8->M3 Channel failed! -517
[   16.957400] wkup_m3_ipc 44e11324.wkup_m3_ipc: IPC Request for A8->M3 Channel failed! -517
[   17.133778] wkup_m3_ipc 44e11324.wkup_m3_ipc: IPC Request for A8->M3 Channel failed! -517
[   17.178403] musb-hdrc musb-hdrc.1: MUSB HDRC host driver
[   17.183964] musb-hdrc musb-hdrc.1: new USB bus registered, assigned bus number 1
[   17.269371] wkup_m3_ipc 44e11324.wkup_m3_ipc: IPC Request for A8->M3 Channel failed! -517
[   17.483438] usb usb1: New USB device found, idVendor=1d6b, idProduct=0002, bcdDevice= 6.12
[   17.492073] usb usb1: New USB device strings: Mfr=3, Product=2, SerialNumber=1
[   17.499344] usb usb1: Product: MUSB HDRC host driver
[   17.504379] usb usb1: Manufacturer: Linux 6.12.0-next-20241121 musb-hcd
[   17.511030] usb usb1: SerialNumber: musb-hdrc.1
[   17.825291] omap-mailbox 480c8000.mailbox: omap mailbox rev 0x400
[   17.921870] remoteproc remoteproc0: powering up wkup_m3
[   17.934786] hub 1-0:1.0: USB hub found
[   18.011304] hub 1-0:1.0: 1 port detected
[   18.077626] remoteproc remoteproc0: Direct firmware load for am335x-pm-firmware.elf failed with error -2
[   18.087427] remoteproc remoteproc0: request_firmware failed: -2
[   18.093480] wkup_m3_ipc 44e11324.wkup_m3_ipc: rproc_boot failed
[   20.589888] omap_rng 48310000.rng: Random Number Generator ver. 20
[   20.713132] tilcdc 4830e000.lcdc: bound 0-0070 (ops tda998x_driver_exit [tda998x])
[   20.804961] [drm] Initialized tilcdc 1.0.0 for 4830e000.lcdc on minor 0
[   20.882620] tilcdc 4830e000.lcdc: [drm] Cannot find any crtc or sizes
[   20.890687] tilcdc 4830e000.lcdc: [drm] Cannot find any crtc or sizes
[   21.421340] PM: Cannot get wkup_m3_ipc handle
[   21.499034] omap-sham 53100000.sham: hw accel on OMAP rev 4.3
[   21.582433] omap-sham 53100000.sham: will run requests pump with realtime priority
[   21.605969] PM: Cannot get wkup_m3_ipc handle
[   21.806555] omap-aes 53500000.aes: OMAP AES hw accel rev: 3.2
[   21.879783] omap-aes 53500000.aes: will run requests pump with realtime priority
[   21.888499] PM: Cannot get wkup_m3_ipc handle
[   23.492709] Bluetooth: Core ver 2.22
[   23.496530] NET: Registered PF_BLUETOOTH protocol family
[   23.502076] Bluetooth: HCI device and connection manager initialized
[   23.508495] Bluetooth: HCI socket layer initialized
[   23.513512] Bluetooth: L2CAP socket layer initialized
[   23.518633] Bluetooth: SCO socket layer initialized
[   24.866690] PM: Cannot get wkup_m3_ipc handle
[   24.872800] asoc-simple-card sound: using DT '/sound' for 'simple-audio-card,hp-det' GPIO lookup
[   24.872880] of_get_named_gpiod_flags: can't parse 'simple-audio-card,hp-det-gpios' property of node '/sound[0]'
[   24.872917] of_get_named_gpiod_flags: can't parse 'simple-audio-card,hp-det-gpio' property of node '/sound[0]'
[   24.872942] asoc-simple-card sound: using lookup tables for GPIO lookup
[   24.872957] asoc-simple-card sound: No GPIO consumer simple-audio-card,hp-det found
[   24.872972] asoc-simple-card sound: using DT '/sound' for 'simple-audio-card,mic-det' GPIO lookup
[   24.872997] of_get_named_gpiod_flags: can't parse 'simple-audio-card,mic-det-gpios' property of node '/sound[0]'
[   24.873024] of_get_named_gpiod_flags: can't parse 'simple-audio-card,mic-det-gpio' property of node '/sound[0]'
[   24.873044] asoc-simple-card sound: using lookup tables for GPIO lookup
[   24.873056] asoc-simple-card sound: No GPIO consumer simple-audio-card,mic-det found
[   24.963857] PM: Cannot get wkup_m3_ipc handle
[   28.855114] userial_init: registered 8 ttyGS* devices
[   29.048590] rndis_register: configNr = 0
[   29.120284] udc musb-hdrc.0: binding gadget driver [g_multi]
[   29.120382] configfs-gadget.g_multi gadget.0: adding 'rndis'/d40ef22b to config 'c'/be698c8b
[   29.121569] configfs-gadget.g_multi gadget.0: HOST MAC 1c:ba:8c:a2:ed:6c
[   29.128618] configfs-gadget.g_multi gadget.0: MAC 1c:ba:8c:a2:ed:70
[   29.135266] rndis_set_param_medium: 0 0
[   29.135297] configfs-gadget.g_multi gadget.0: RNDIS: IN/ep1in OUT/ep1out NOTIFY/ep2in
[   29.135314] configfs-gadget.g_multi gadget.0: adding 'cdc_ethernet'/4445f4d5 to config 'c'/be698c8b
[   29.136267] configfs-gadget.g_multi gadget.0: HOST MAC 1c:ba:8c:a2:ed:6c
[   29.143159] configfs-gadget.g_multi gadget.0: MAC 1c:ba:8c:a2:ed:6d
[   29.149494] configfs-gadget.g_multi gadget.0: CDC Ethernet: IN/ep3in OUT/ep2out NOTIFY/ep4in
[   29.149511] configfs-gadget.g_multi gadget.0: adding 'acm'/f1590526 to config 'c'/be698c8b
[   29.149546] configfs-gadget.g_multi gadget.0: acm ttyGS0: IN/ep5in OUT/ep3out NOTIFY/ep6in
[   29.150689] PM: Cannot get wkup_m3_ipc handle
[   31.634223] configfs-gadget.g_multi gadget.0: eth_open
[   35.375672] gs_open: ttyGS0 (eb9da7d3,99c87ca5)
[   35.375834] gs_close: ttyGS0 (eb9da7d3,99c87ca5) ...
[   35.375859] gs_close: ttyGS0 (eb9da7d3,99c87ca5) done!
[   35.384572] gs_open: ttyGS0 (1cb32691,21f5e4bc)
[   35.384719] gs_close: ttyGS0 (1cb32691,21f5e4bc) ...
[   35.384743] gs_close: ttyGS0 (1cb32691,21f5e4bc) done!
[   35.527220] gs_open: ttyGS0 (ce5fb7cf,84af829b)
[   35.527475] gs_close: ttyGS0 (ce5fb7cf,84af829b) ...
[   35.527505] gs_close: ttyGS0 (ce5fb7cf,84af829b) done!
[   35.528725] gs_open: ttyGS0 (ce5fb7cf,21f5e4bc)
KXAWMLTCQB 0
root@arm:~# echo 'PMXB''OMVBKT'
PMXBOMVBKT
root@arm:~# MARKER='STSH''OBQXCM' run 'modprobe test_linear_ranges'
STSHOBQXCMSTSHOBQXCM 0
root@arm:~# echo 'GSAO''FXSLXB'
GSAOFXSLXB
root@arm:~# MARKER='VKJZ''NXOGGL' run dmesg
VKJZNXOGGL[    0.000000] Booting Linux on physical CPU 0x0
[    0.000000] Linux version 6.12.0-next-20241121 (user01@drvtest01) (arm-linux-gnueabihf-gcc (Linaro GCC 6.4-2017.11) 6.4.1 20171012, GNU ld (Linaro_Binutils-2017.11) 2.27.0.20161229) #142 SMP Thu Nov 21 08:13:24 EET 2024
[    0.000000] CPU: ARMv7 Processor [413fc082] revision 2 (ARMv7), cr=10c5387d
[    0.000000] CPU: PIPT / VIPT nonaliasing data cache, VIPT aliasing instruction cache
[    0.000000] OF: fdt: Machine model: TI AM335x BeagleBone Black
[    0.000000] Memory policy: Data cache writeback
[    0.000000] cma: Reserved 16 MiB at 0x9e800000 on node -1
[    0.000000] Zone ranges:
[    0.000000]   Normal   [mem 0x0000000080000000-0x000000009fdfffff]
[    0.000000]   HighMem  empty
[    0.000000] Movable zone start for each node
[    0.000000] Early memory node ranges
[    0.000000]   node   0: [mem 0x0000000080000000-0x000000009fdfffff]
[    0.000000] Initmem setup node 0 [mem 0x0000000080000000-0x000000009fdfffff]
[    0.000000] OF: reserved mem: Reserved memory: No reserved-memory node in the DT
[    0.000000] CPU: All CPU(s) started in SVC mode.
[    0.000000] AM335X ES2.1 (sgx neon)
[    0.000000] percpu: Embedded 17 pages/cpu s39564 r8192 d21876 u69632
[    0.000000] pcpu-alloc: s39564 r8192 d21876 u69632 alloc=17*4096
[    0.000000] pcpu-alloc: [0] 0 
[    0.000000] Kernel command line: console=ttyO0,115200n8 root=/dev/nfs rw nfsroot=192.168.255.126:/home/user01/nfs,nfsvers=3 ip=192.168.255.1:192.168.255.126::255.255.255.0:bbb1:eth0 nfsrootdebug
[    0.000000] Unknown kernel command line parameters "nfsrootdebug", will be passed to user space.
[    0.000000] printk: log buffer data + meta data: 65536 + 204800 = 270336 bytes
[    0.000000] Dentry cache hash table entries: 65536 (order: 6, 262144 bytes, linear)
[    0.000000] Inode-cache hash table entries: 32768 (order: 5, 131072 bytes, linear)
[    0.000000] Built 1 zonelists, mobility grouping on.  Total pages: 130560
[    0.000000] mem auto-init: stack:off, heap alloc:off, heap free:off
[    0.000000] SLUB: HWalign=64, Order=0-3, MinObjects=0, CPUs=1, Nodes=1
[    0.000000] trace event string verifier disabled
[    0.000000] rcu: Hierarchical RCU implementation.
[    0.000000] rcu: 	RCU event tracing is enabled.
[    0.000000] rcu: 	RCU restricting CPUs from NR_CPUS=2 to nr_cpu_ids=1.
[    0.000000] 	Tracing variant of Tasks RCU enabled.
[    0.000000] rcu: RCU calculated value of scheduler-enlistment delay is 10 jiffies.
[    0.000000] rcu: Adjusting geometry for rcu_fanout_leaf=16, nr_cpu_ids=1
[    0.000000] RCU Tasks Trace: Setting shift to 0 and lim to 1 rcu_task_cb_adjust=1 rcu_task_cpu_ids=1.
[    0.000000] NR_IRQS: 16, nr_irqs: 16, preallocated irqs: 16
[    0.000000] IRQ: Found an INTC at 0x(ptrval) (revision 5.0) with 128 interrupts
[    0.000000] rcu: srcu_init: Setting srcu_struct sizes based on contention.
[    0.000000] TI gptimer clocksource: always-on /ocp/interconnect@44c00000/segment@200000/target-module@31000
[    0.000002] sched_clock: 32 bits at 24MHz, resolution 41ns, wraps every 89478484971ns
[    0.000026] clocksource: dmtimer: mask: 0xffffffff max_cycles: 0xffffffff, max_idle_ns: 79635851949 ns
[    0.000506] TI gptimer clockevent: 24000000 Hz at /ocp/interconnect@48000000/segment@0/target-module@40000
[    0.002151] Console: colour dummy device 80x30
[    0.002217] WARNING: Your 'console=ttyO0' has been replaced by 'ttyS0'
[    0.002225] This ensures that you still see kernel messages. Please
[    0.002230] update your kernel commandline.
[    0.002272] Calibrating delay loop... 996.14 BogoMIPS (lpj=4980736)
[    0.090557] CPU: Testing write buffer coherency: ok
[    0.090660] CPU0: Spectre v2: using BPIALL workaround
[    0.090671] pid_max: default: 32768 minimum: 301
[    0.090794] LSM: initializing lsm=capability
[    0.090965] Mount-cache hash table entries: 1024 (order: 0, 4096 bytes, linear)
[    0.090985] Mountpoint-cache hash table entries: 1024 (order: 0, 4096 bytes, linear)
[    0.092651] CPU0: thread -1, cpu 0, socket -1, mpidr 0
[    0.160940] Setting up static identity map for 0x80100000 - 0x80100078
[    0.170713] rcu: Hierarchical SRCU implementation.
[    0.170725] rcu: 	Max phase no-delay instances is 1000.
[    0.190772] smp: Bringing up secondary CPUs ...
[    0.190829] smp: Brought up 1 node, 1 CPU
[    0.190846] SMP: Total of 1 processors activated (996.14 BogoMIPS).
[    0.190858] CPU: All CPU(s) started in SVC mode.
[    0.191054] Memory: 480840K/522240K available (11264K kernel code, 1213K rwdata, 2896K rodata, 1024K init, 297K bss, 23388K reserved, 16384K cma-reserved, 0K highmem)
[    0.191921] devtmpfs: initialized
[    0.208893] VFP support v0.3: implementor 41 architecture 3 part 30 variant c rev 3
[    0.209241] clocksource: jiffies: mask: 0xffffffff max_cycles: 0xffffffff, max_idle_ns: 19112604462750000 ns
[    0.209276] futex hash table entries: 256 (order: 2, 16384 bytes, linear)
[    0.210564] pinctrl core: initialized pinctrl subsystem
[    0.213598] NET: Registered PF_NETLINK/PF_ROUTE protocol family
[    0.216435] DMA: preallocated 256 KiB pool for atomic coherent allocations
[    0.217344] audit: initializing netlink subsys (disabled)
[    0.218791] thermal_sys: Registered thermal governor 'fair_share'
[    0.218808] thermal_sys: Registered thermal governor 'step_wise'
[    0.218818] thermal_sys: Registered thermal governor 'user_space'
[    0.218973] audit: type=2000 audit(0.210:1): state=initialized audit_enabled=0 res=1
[    0.219012] cpuidle: using governor menu
[    0.237402] /ocp/interconnect@44c00000/segment@200000/target-module@b000/i2c@0/tda19988@70: Fixed dependency cycle(s) with /ocp/interconnect@48000000/segment@300000/target-module@e000/lcdc@0
[    0.238564] /ocp/interconnect@48000000/segment@300000/target-module@e000/lcdc@0: Fixed dependency cycle(s) with /ocp/interconnect@44c00000/segment@200000/target-module@b000/i2c@0/tda19988@70
[    0.240911] No ATAGs?
[    0.240931] hw-breakpoint: debug architecture 0x4 unsupported.
[    0.243723] kprobes: kprobe jump-optimization is enabled. All kprobes are optimized if possible.
[    0.254412] iommu: Default domain type: Translated
[    0.254436] iommu: DMA domain TLB invalidation policy: strict mode
[    0.261598] reg-fixed-voltage fixedregulator0: using DT '/fixedregulator0' for '(default)' GPIO lookup
[    0.261654] of_get_named_gpiod_flags: can't parse 'gpios' property of node '/fixedregulator0[0]'
[    0.261685] of_get_named_gpiod_flags: can't parse 'gpio' property of node '/fixedregulator0[0]'
[    0.261704] reg-fixed-voltage fixedregulator0: using lookup tables for GPIO lookup
[    0.261715] reg-fixed-voltage fixedregulator0: No GPIO consumer (default) found
[    0.262759] SCSI subsystem initialized
[    0.263269] libata version 3.00 loaded.
[    0.263635] pps_core: LinuxPPS API ver. 1 registered
[    0.263646] pps_core: Software ver. 5.3.6 - Copyright 2005-2007 Rodolfo Giometti <giometti@linux.it>
[    0.263672] PTP clock support registered
[    0.271274] vgaarb: loaded
[    0.271700] clocksource: Switched to clocksource dmtimer
[    0.272365] VFS: Disk quotas dquot_6.6.0
[    0.272407] VFS: Dquot-cache hash table entries: 1024 (order 0, 4096 bytes)
[    0.297322] NET: Registered PF_INET protocol family
[    0.297682] IP idents hash table entries: 8192 (order: 4, 65536 bytes, linear)
[    0.299105] tcp_listen_portaddr_hash hash table entries: 512 (order: 0, 4096 bytes, linear)
[    0.299143] Table-perturb hash table entries: 65536 (order: 6, 262144 bytes, linear)
[    0.299160] TCP established hash table entries: 4096 (order: 2, 16384 bytes, linear)
[    0.299203] TCP bind hash table entries: 4096 (order: 4, 65536 bytes, linear)
[    0.299302] TCP: Hash tables configured (established 4096 bind 4096)
[    0.299423] UDP hash table entries: 256 (order: 1, 14336 bytes, linear)
[    0.299460] UDP-Lite hash table entries: 256 (order: 1, 14336 bytes, linear)
[    0.299649] NET: Registered PF_UNIX/PF_LOCAL protocol family
[    0.302437] RPC: Registered named UNIX socket transport module.
[    0.302461] RPC: Registered udp transport module.
[    0.302467] RPC: Registered tcp transport module.
[    0.302473] RPC: Registered tcp-with-tls transport module.
[    0.302478] RPC: Registered tcp NFSv4.1 backchannel transport module.
[    0.302504] PCI: CLS 0 bytes, default 64
[    0.303992] Initialise system trusted keyrings
[    0.312092] workingset: timestamp_bits=14 max_order=17 bucket_order=3
[    0.313436] NFS: Registering the id_resolver key type
[    0.313509] Key type id_resolver registered
[    0.313517] Key type id_legacy registered
[    0.313566] jffs2: version 2.2. (NAND) (SUMMARY)  Â© 2001-2006 Red Hat, Inc.
[    0.313981] Key type asymmetric registered
[    0.313997] Asymmetric key parser 'x509' registered
[    0.314064] io scheduler mq-deadline registered
[    0.314076] io scheduler kyber registered
[    0.314146] io scheduler bfq registered
[    0.315781] ledtrig-cpu: registered to indicate activity on CPUs
[    0.322373] Serial: 8250/16550 driver, 6 ports, IRQ sharing enabled
[    0.367153] brd: module loaded
[    0.397070] loop: module loaded
[    0.398006] mtdoops: mtd device (mtddev=name/number) must be supplied
[    0.399742] mdio_bus fixed-0: using lookup tables for GPIO lookup
[    0.399768] mdio_bus fixed-0: No GPIO consumer reset found
[    0.401130] i2c_dev: i2c /dev entries driver
[    0.402304] cpuidle: enable-method property 'ti,am3352' found operations
[    0.402759] sdhci: Secure Digital Host Controller Interface driver
[    0.402769] sdhci: Copyright(c) Pierre Ossman
[    0.402943] sdhci-pltfm: SDHCI platform and OF driver helper
[    0.403957] Initializing XFRM netlink socket
[    0.404106] NET: Registered PF_INET6 protocol family
[    0.406186] Segment Routing with IPv6
[    0.406277] In-situ OAM (IOAM) with IPv6
[    0.406378] sit: IPv6, IPv4 and MPLS over IPv4 tunneling driver
[    0.407352] NET: Registered PF_PACKET protocol family
[    0.407388] NET: Registered PF_KEY protocol family
[    0.407550] Key type dns_resolver registered
[    0.407824] ThumbEE CPU extension supported.
[    0.407844] Registering SWP/SWPB emulation handler
[    0.408385] omap_voltage_late_init: Voltage driver support not added
[    0.408739] SmartReflex Class3 initialized
[    0.443458] Loading compiled-in X.509 certificates
[    0.491183] /ocp/interconnect@44c00000/segment@200000/target-module@b000/i2c@0/tda19988@70: Fixed dependency cycle(s) with /ocp/interconnect@48000000/segment@300000/target-module@e000/lcdc@0
[    0.497829] /ocp/interconnect@44c00000/segment@200000/target-module@b000/i2c@0/tda19988@70: Fixed dependency cycle(s) with /ocp/interconnect@48000000/segment@300000/target-module@e000/lcdc@0
[    0.503536] gpiochip_find_base_unlocked: found new base at 512
[    0.527524] /ocp/interconnect@44c00000/segment@200000/target-module@b000/i2c@0/tda19988@70: Fixed dependency cycle(s) with /ocp/interconnect@48000000/segment@300000/target-module@e000/lcdc@0
[    0.528428] /ocp/interconnect@44c00000/segment@200000/target-module@b000/i2c@0/tda19988@70: Fixed dependency cycle(s) with /ocp/interconnect@48000000/segment@300000/target-module@e000/lcdc@0
[    0.532096] /ocp/interconnect@44c00000/segment@200000/target-module@10000/scm@0/pinmux@800: Fixed dependency cycle(s) with /ocp/interconnect@44c00000/segment@200000/target-module@10000/scm@0/pinmux@800/clkout2-pins
[    0.532708] pinctrl-single 44e10800.pinmux: 142 pins, size 568
[    0.537868] ti-sysc 44e31000.target-module: probe with driver ti-sysc failed with error -16
[    0.569655] /ocp/interconnect@48000000/segment@300000/target-module@e000/lcdc@0: Fixed dependency cycle(s) with /ocp/interconnect@44c00000/segment@200000/target-module@b000/i2c@0/tda19988@70
[    0.577809] ti-sysc 48040000.target-module: probe with driver ti-sysc failed with error -16
[    0.589160] gpiochip_find_base_unlocked: found new base at 512
[    0.589259] gpio gpiochip0: (gpio-0-31): created GPIO range 0->7 ==> 44e10800.pinmux PIN 0->7
[    0.589278] gpio gpiochip0: (gpio-0-31): created GPIO range 8->11 ==> 44e10800.pinmux PIN 90->93
[    0.589294] gpio gpiochip0: (gpio-0-31): created GPIO range 12->27 ==> 44e10800.pinmux PIN 12->27
[    0.589309] gpio gpiochip0: (gpio-0-31): created GPIO range 28->31 ==> 44e10800.pinmux PIN 30->33
[    0.629972] gpio gpiochip0: (gpio-0-31): added GPIO chardev (254:0)
[    0.630128] gpio gpiochip0: registered GPIOs 512 to 543 on gpio-0-31
[    0.630214] OMAP GPIO hardware version 0.1
[    0.643812] i2c i2c-2: using DT '/ocp/interconnect@48000000/segment@100000/target-module@9c000/i2c@0' for 'scl' GPIO lookup
[    0.643887] of_get_named_gpiod_flags: can't parse 'scl-gpios' property of node '/ocp/interconnect@48000000/segment@100000/target-module@9c000/i2c@0[0]'
[    0.643932] of_get_named_gpiod_flags: can't parse 'scl-gpio' property of node '/ocp/interconnect@48000000/segment@100000/target-module@9c000/i2c@0[0]'
[    0.643970] i2c i2c-2: using lookup tables for GPIO lookup
[    0.643980] i2c i2c-2: No GPIO consumer scl found
[    0.644002] i2c i2c-2: using DT '/ocp/interconnect@48000000/segment@100000/target-module@9c000/i2c@0' for 'sda' GPIO lookup
[    0.644038] of_get_named_gpiod_flags: can't parse 'sda-gpios' property of node '/ocp/interconnect@48000000/segment@100000/target-module@9c000/i2c@0[0]'
[    0.644076] of_get_named_gpiod_flags: can't parse 'sda-gpio' property of node '/ocp/interconnect@48000000/segment@100000/target-module@9c000/i2c@0[0]'
[    0.644109] i2c i2c-2: using lookup tables for GPIO lookup
[    0.644117] i2c i2c-2: No GPIO consumer sda found
[    0.644855] omap_i2c 4819c000.i2c: bus 2 rev0.11 at 100 kHz
[    0.650282] gpiochip_find_base_unlocked: found new base at 544
[    0.650382] gpio gpiochip1: (gpio-32-63): created GPIO range 0->17 ==> 44e10800.pinmux PIN 34->51
[    0.650401] gpio gpiochip1: (gpio-32-63): created GPIO range 18->21 ==> 44e10800.pinmux PIN 77->80
[    0.650417] gpio gpiochip1: (gpio-32-63): created GPIO range 22->31 ==> 44e10800.pinmux PIN 56->65
[    0.674872] gpio gpiochip1: (gpio-32-63): added GPIO chardev (254:1)
[    0.675035] gpio gpiochip1: registered GPIOs 544 to 575 on gpio-32-63
[    0.677289] gpiochip_find_base_unlocked: found new base at 576
[    0.677379] gpio gpiochip2: (gpio-64-95): created GPIO range 0->4 ==> 44e10800.pinmux PIN 66->70
[    0.677398] gpio gpiochip2: (gpio-64-95): created GPIO range 5->6 ==> 44e10800.pinmux PIN 98->99
[    0.677413] gpio gpiochip2: (gpio-64-95): created GPIO range 7->8 ==> 44e10800.pinmux PIN 75->76
[    0.677429] gpio gpiochip2: (gpio-64-95): created GPIO range 13->13 ==> 44e10800.pinmux PIN 141->141
[    0.677445] gpio gpiochip2: (gpio-64-95): created GPIO range 14->21 ==> 44e10800.pinmux PIN 100->107
[    0.678127] gpio gpiochip2: (gpio-64-95): added GPIO chardev (254:2)
[    0.678271] gpio gpiochip2: registered GPIOs 576 to 607 on gpio-64-95
[    0.684016] 48000000.interconnect:segment@200000:target-module@0:mpu@0:fck: device ID is greater than 24
[    0.684898] /ocp/interconnect@48000000/segment@300000/target-module@e000/lcdc@0: Fixed dependency cycle(s) with /ocp/interconnect@44c00000/segment@200000/target-module@b000/i2c@0/tda19988@70
[    0.687678] /ocp/interconnect@48000000/segment@300000/target-module@e000/lcdc@0: Fixed dependency cycle(s) with /ocp/interconnect@44c00000/segment@200000/target-module@b000/i2c@0/tda19988@70
[    0.688388] /ocp/interconnect@44c00000/segment@200000/target-module@b000/i2c@0/tda19988@70: Fixed dependency cycle(s) with /ocp/interconnect@48000000/segment@300000/target-module@e000/lcdc@0
[    0.688550] /ocp/interconnect@48000000/segment@300000/target-module@e000/lcdc@0: Fixed dependency cycle(s) with /ocp/interconnect@44c00000/segment@200000/target-module@b000/i2c@0/tda19988@70
[    0.698156] mdio_bus 4a101000.mdio: using DT '/ocp/interconnect@4a000000/segment@0/target-module@100000/switch@0/mdio@1000' for 'reset' GPIO lookup
[    0.698230] of_get_named_gpiod_flags: can't parse 'reset-gpios' property of node '/ocp/interconnect@4a000000/segment@0/target-module@100000/switch@0/mdio@1000[0]'
[    0.698279] of_get_named_gpiod_flags: can't parse 'reset-gpio' property of node '/ocp/interconnect@4a000000/segment@0/target-module@100000/switch@0/mdio@1000[0]'
[    0.698328] mdio_bus 4a101000.mdio: using lookup tables for GPIO lookup
[    0.698338] mdio_bus 4a101000.mdio: No GPIO consumer reset found
[    0.699302] sdhci-omap 481d8000.mmc: using DT '/ocp/interconnect@48000000/segment@100000/target-module@d8000/mmc@0' for 'wp' GPIO lookup
[    0.699379] of_get_named_gpiod_flags: can't parse 'wp-gpios' property of node '/ocp/interconnect@48000000/segment@100000/target-module@d8000/mmc@0[0]'
[    0.699422] of_get_named_gpiod_flags: can't parse 'wp-gpio' property of node '/ocp/interconnect@48000000/segment@100000/target-module@d8000/mmc@0[0]'
[    0.699456] sdhci-omap 481d8000.mmc: using lookup tables for GPIO lookup
[    0.699466] sdhci-omap 481d8000.mmc: No GPIO consumer wp found
[    0.699656] sdhci-omap 481d8000.mmc: supply pbias not found, using dummy regulator
[    0.700158] sdhci-omap 481d8000.mmc: supply vqmmc not found, using dummy regulator
[    0.756130] davinci_mdio 4a101000.mdio: davinci mdio revision 1.6, bus freq 1000000
[    0.773449] mdio_bus 4a101000.mdio:00: using DT '/ocp/interconnect@4a000000/segment@0/target-module@100000/switch@0/mdio@1000/ethernet-phy@0' for 'reset' GPIO lookup
[    0.773553] of_get_named_gpiod_flags: parsed 'reset-gpios' property of node '/ocp/interconnect@4a000000/segment@0/target-module@100000/switch@0/mdio@1000/ethernet-phy@0[0]' - status (0)
[    0.773722] gpio gpiochip0: Persistence not supported for GPIO 8
[    0.917697] davinci_mdio 4a101000.mdio: phy[0]: device 4a101000.mdio:00, driver SMSC LAN8710/LAN8720
[    0.918476] cpsw-switch 4a100000.switch: initialized cpsw ale version 1.4
[    0.918501] cpsw-switch 4a100000.switch: ALE Table size 1024, Policers 0
[    0.918834] cpsw-switch 4a100000.switch: cpts: overflow check period 500 (jiffies)
[    0.918854] cpsw-switch 4a100000.switch: CPTS: ref_clk_freq:250000000 calc_mult:2147483648 calc_shift:29 error:0 nsec/sec
[    0.918963] cpsw-switch 4a100000.switch: Detected MACID = 6c:ec:eb:68:de:78
[    0.920782] cpsw-switch 4a100000.switch: initialized (regs 0x4a100000, pool size 256) hw_ver:0019010C 1.12 (0)
[    0.932049] debugfs: Directory '49000000.dma' with parent 'dmaengine' already present!
[    0.932090] edma 49000000.dma: TI EDMA DMA engine driver
[    0.971151] target-module@4b000000:target-module@140000:pmu@0:fck: device ID is greater than 24
[    0.987883] hw perfevents: enabled with armv7_cortex_a8 PMU driver, 5 (8000000f) counters available
[    0.988860] gpio-clk clk_mcasp0: using DT '/clk_mcasp0' for 'enable' GPIO lookup
[    0.988933] of_get_named_gpiod_flags: parsed 'enable-gpios' property of node '/clk_mcasp0[0]' - status (0)
[    0.988979] gpio gpiochip0: Persistence not supported for GPIO 27
[    0.989821] gpiochip_find_base_unlocked: found new base at 608
[    0.989931] gpio gpiochip3: (gpio-96-127): created GPIO range 0->7 ==> 44e10800.pinmux PIN 82->89
[    0.989952] gpio gpiochip3: (gpio-96-127): created GPIO range 8->11 ==> 44e10800.pinmux PIN 52->55
[    0.989968] gpio gpiochip3: (gpio-96-127): created GPIO range 12->15 ==> 44e10800.pinmux PIN 94->97
[    0.989983] gpio gpiochip3: (gpio-96-127): created GPIO range 16->17 ==> 44e10800.pinmux PIN 71->72
[    0.989999] gpio gpiochip3: (gpio-96-127): created GPIO range 18->18 ==> 44e10800.pinmux PIN 135->135
[    0.990015] gpio gpiochip3: (gpio-96-127): created GPIO range 19->20 ==> 44e10800.pinmux PIN 108->109
[    0.990032] gpio gpiochip3: (gpio-96-127): created GPIO range 21->21 ==> 44e10800.pinmux PIN 73->73
[    0.990048] gpio gpiochip3: (gpio-96-127): created GPIO range 22->23 ==> 44e10800.pinmux PIN 8->9
[    0.990066] gpio gpiochip3: (gpio-96-127): created GPIO range 26->27 ==> 44e10800.pinmux PIN 10->11
[    0.990083] gpio gpiochip3: (gpio-96-127): created GPIO range 28->28 ==> 44e10800.pinmux PIN 74->74
[    0.990101] gpio gpiochip3: (gpio-96-127): created GPIO range 29->29 ==> 44e10800.pinmux PIN 81->81
[    0.990120] gpio gpiochip3: (gpio-96-127): created GPIO range 30->31 ==> 44e10800.pinmux PIN 28->29
[    0.995692] l3-aon-clkctrl:0000:0: failed to disable
[    0.996141] gpio gpiochip3: (gpio-96-127): added GPIO chardev (254:3)
[    0.996288] gpio gpiochip3: registered GPIOs 608 to 639 on gpio-96-127
[    0.998139] omap8250 44e09000.serial: using DT '/ocp/interconnect@44c00000/segment@200000/target-module@9000/serial@0' for 'rs485-term' GPIO lookup
[    0.998212] of_get_named_gpiod_flags: can't parse 'rs485-term-gpios' property of node '/ocp/interconnect@44c00000/segment@200000/target-module@9000/serial@0[0]'
[    0.998257] of_get_named_gpiod_flags: can't parse 'rs485-term-gpio' property of node '/ocp/interconnect@44c00000/segment@200000/target-module@9000/serial@0[0]'
[    0.998296] omap8250 44e09000.serial: using lookup tables for GPIO lookup
[    0.998306] omap8250 44e09000.serial: No GPIO consumer rs485-term found
[    0.998316] omap8250 44e09000.serial: using DT '/ocp/interconnect@44c00000/segment@200000/target-module@9000/serial@0' for 'rs485-rx-during-tx' GPIO lookup
[    0.998353] of_get_named_gpiod_flags: can't parse 'rs485-rx-during-tx-gpios' property of node '/ocp/interconnect@44c00000/segment@200000/target-module@9000/serial@0[0]'
[    0.998391] of_get_named_gpiod_flags: can't parse 'rs485-rx-during-tx-gpio' property of node '/ocp/interconnect@44c00000/segment@200000/target-module@9000/serial@0[0]'
[    0.998424] omap8250 44e09000.serial: using lookup tables for GPIO lookup
[    0.998433] omap8250 44e09000.serial: No GPIO consumer rs485-rx-during-tx found
[    0.998793] 44e09000.serial: ttyS0 at MMIO 0x44e09000 (irq = 34, base_baud = 3000000) is a 8250
[    0.998880] printk: legacy console [ttyS0] enabled
[    2.479988] i2c i2c-0: using DT '/ocp/interconnect@44c00000/segment@200000/target-module@b000/i2c@0' for 'scl' GPIO lookup
[    2.480079] of_get_named_gpiod_flags: can't parse 'scl-gpios' property of node '/ocp/interconnect@44c00000/segment@200000/target-module@b000/i2c@0[0]'
[    2.480129] of_get_named_gpiod_flags: can't parse 'scl-gpio' property of node '/ocp/interconnect@44c00000/segment@200000/target-module@b000/i2c@0[0]'
[    2.480171] i2c i2c-0: using lookup tables for GPIO lookup
[    2.480185] i2c i2c-0: No GPIO consumer scl found
[    2.480211] i2c i2c-0: using DT '/ocp/interconnect@44c00000/segment@200000/target-module@b000/i2c@0' for 'sda' GPIO lookup
[    2.480251] of_get_named_gpiod_flags: can't parse 'sda-gpios' property of node '/ocp/interconnect@44c00000/segment@200000/target-module@b000/i2c@0[0]'
[    2.480294] of_get_named_gpiod_flags: can't parse 'sda-gpio' property of node '/ocp/interconnect@44c00000/segment@200000/target-module@b000/i2c@0[0]'
[    2.480330] i2c i2c-0: using lookup tables for GPIO lookup
[    2.480342] i2c i2c-0: No GPIO consumer sda found
[    2.492715] tps65217-pmic: Failed to locate of_node [id: -1]
[    2.498800] tps65217-bl: Failed to locate of_node [id: -1]
[    2.510169] tps65217 0-0024: TPS65217 ID 0xe version 1.2
[    2.516307] /ocp/interconnect@48000000/segment@300000/target-module@e000/lcdc@0: Fixed dependency cycle(s) with /ocp/interconnect@44c00000/segment@200000/target-module@b000/i2c@0/tda19988@70
[    2.533688] /ocp/interconnect@44c00000/segment@200000/target-module@b000/i2c@0/tda19988@70: Fixed dependency cycle(s) with /ocp/interconnect@48000000/segment@300000/target-module@e000/lcdc@0
[    2.551055] omap_i2c 44e0b000.i2c: bus 0 rev0.11 at 400 kHz
[    2.558906] sdhci-omap 48060000.mmc: using DT '/ocp/interconnect@48000000/segment@0/target-module@60000/mmc@0' for 'cd' GPIO lookup
[    2.559021] of_get_named_gpiod_flags: parsed 'cd-gpios' property of node '/ocp/interconnect@48000000/segment@0/target-module@60000/mmc@0[0]' - status (0)
[    2.559089] gpio gpiochip3: Persistence not supported for GPIO 6
[    2.559113] omap_gpio 44e07000.gpio: Could not set line 6 debounce to 200000 microseconds (-22)
[    2.567995] sdhci-omap 48060000.mmc: Got CD GPIO
[    2.572679] sdhci-omap 48060000.mmc: using DT '/ocp/interconnect@48000000/segment@0/target-module@60000/mmc@0' for 'wp' GPIO lookup
[    2.572744] of_get_named_gpiod_flags: can't parse 'wp-gpios' property of node '/ocp/interconnect@48000000/segment@0/target-module@60000/mmc@0[0]'
[    2.572792] of_get_named_gpiod_flags: can't parse 'wp-gpio' property of node '/ocp/interconnect@48000000/segment@0/target-module@60000/mmc@0[0]'
[    2.572834] sdhci-omap 48060000.mmc: using lookup tables for GPIO lookup
[    2.572848] sdhci-omap 48060000.mmc: No GPIO consumer wp found
[    2.573060] sdhci-omap 48060000.mmc: supply pbias not found, using dummy regulator
[    2.581836] sdhci-omap 481d8000.mmc: using DT '/ocp/interconnect@48000000/segment@100000/target-module@d8000/mmc@0' for 'wp' GPIO lookup
[    2.581913] of_get_named_gpiod_flags: can't parse 'wp-gpios' property of node '/ocp/interconnect@48000000/segment@100000/target-module@d8000/mmc@0[0]'
[    2.581964] of_get_named_gpiod_flags: can't parse 'wp-gpio' property of node '/ocp/interconnect@48000000/segment@100000/target-module@d8000/mmc@0[0]'
[    2.582004] sdhci-omap 481d8000.mmc: using lookup tables for GPIO lookup
[    2.582018] sdhci-omap 481d8000.mmc: No GPIO consumer wp found
[    2.583347] sdhci-omap 48060000.mmc: supply vqmmc not found, using dummy regulator
[    2.592415] sdhci-omap 481d8000.mmc: supply pbias not found, using dummy regulator
[    2.600404] sdhci-omap 481d8000.mmc: supply vqmmc not found, using dummy regulator
[    2.639265] mmc1: SDHCI controller on 481d8000.mmc [481d8000.mmc] using External DMA
[    2.648557] mmc0: SDHCI controller on 48060000.mmc [48060000.mmc] using External DMA
[    2.657192] cpsw-switch 4a100000.switch: starting ndev. mode: dual_mac
[    2.701010] mmc0: new high speed SDHC card at address 5048
[    2.708144] mmcblk0: mmc0:5048 SD16G 14.4 GiB
[    2.716300]  mmcblk0: p1 p2
[    2.719730] mmcblk0: p2 size 31221760 extends beyond EOD, truncated
[    2.732964] SMSC LAN8710/LAN8720 4a101000.mdio:00: attached PHY driver (mii_bus:phy_addr=4a101000.mdio:00, irq=POLL)
[    2.745627] mmc1: new high speed MMC card at address 0001
[    2.752597] mmcblk1: mmc1:0001 MMC04G 3.60 GiB
[    2.764168]  mmcblk1: p1 p2
[    2.768435] mmcblk1boot0: mmc1:0001 MMC04G 2.00 MiB
[    2.775875] mmcblk1boot1: mmc1:0001 MMC04G 2.00 MiB
[    2.783315] mmcblk1rpmb: mmc1:0001 MMC04G 128 KiB, chardev (250:0)
[    5.922496] cpsw-switch 4a100000.switch eth0: Link is Up - 100Mbps/Full - flow control off
[    5.961946] IP-Config: Complete:
