Labgrid Console Logfile for main
Logfile started at 2024-11-08 19:47:53.531218
=== Log starts here ===
reading args
spl_load_image_fat_os: error reading image args, err - -1
reading u-boot.img
reading u-boot.img


U-Boot 2014.04-00014-g47880f5 (Apr 22 2014 - 13:23:54)

I2C:   ready
DRAM:  512 MiB
NAND:  0 MiB
MMC:   OMAP SD/MMC: 0, OMAP SD/MMC: 1
*** Warning - readenv() failed, using default environment

Net:   <ethaddr> not set. Validating first E-fuse MAC
cpsw, usb_ether
Hit any key to stop autoboot:  1  0 
gpio: pin 53 (gpio 53) value is 1
mmc0 is current device
gpio: pin 54 (gpio 54) value is 1
SD/MMC found on device 0
reading uEnv.txt
569 bytes read in 4 ms (138.7 KiB/s)
gpio: pin 55 (gpio 55) value is 1
Loaded environment from uEnv.txt
Importing environment from mmc ...
Checking if uenvcmd is set ...
gpio: pin 56 (gpio 56) value is 1
Running uenvcmd ...
cpsw Waiting for PHY auto negotiation to complete. done
link up on port 0, speed 100, full duplex
Using cpsw device
TFTP from server 192.168.255.126; our IP address is 192.168.255.1
Filename 'zImage'.
Load address: 0x81000000
Loading: *#################################################################
	 #################################################################
	 #################################################################
	 #################################################################
	 #################################################################
	 #####################################
	 2.4 MiB/s
done
Bytes transferred = 5312256 (510f00 hex)
link up on port 0, speed 100, full duplex
Using cpsw device
TFTP from server 192.168.255.126; our IP address is 192.168.255.1
Filename 'am335x-boneblack.dtb'.
Load address: 0x82000000
Loading: *#######
	 2.3 MiB/s
done
Bytes transferred = 97772 (17dec hex)
Kernel image @ 0x81000000 [ 0x000000 - 0x510f00 ]
## Flattened Device Tree blob at 82000000
   Booting using the fdt blob at 0x82000000
   Using Device Tree in place at 82000000, end 8201adeb

Starting kernel ...

[    0.000000] Booting Linux on physical CPU 0x0
[    0.000000] Linux version 6.6.60 (user01@drvtest01) (arm-linux-gnueabihf-gcc (Linaro GCC 6.4-2017.11) 6.4.1 20171012, GNU ld (Linaro_Binutils-2017.11) 2.27.0.20161229) #11 SMP Fri Nov  8 19:45:44 EET 2024
[    0.000000] CPU: ARMv7 Processor [413fc082] revision 2 (ARMv7), cr=10c5387d
[    0.000000] CPU: PIPT / VIPT nonaliasing data cache, VIPT aliasing instruction cache
[    0.000000] OF: fdt: Machine model: TI AM335x BeagleBone Black
[    0.000000] Memory policy: Data cache writeback
[    0.000000] cma: Reserved 16 MiB at 0x9e800000 on node -1
[    0.000000] Zone ranges:
[    0.000000]   Normal   [mem 0x0000000080000000-0x000000009fdfffff]
[    0.000000]   HighMem  empty
[    0.000000] Movable zone start for each node
[    0.000000] Early memory node ranges
[    0.000000]   node   0: [mem 0x0000000080000000-0x000000009fdfffff]
[    0.000000] Initmem setup node 0 [mem 0x0000000080000000-0x000000009fdfffff]
[    0.000000] CPU: All CPU(s) started in SVC mode.
[    0.000000] AM335X ES2.1 (sgx neon)
[    0.000000] percpu: Embedded 16 pages/cpu s36052 r8192 d21292 u65536
[    0.000000] Kernel command line: console=ttyO0,115200n8 root=/dev/nfs rw nfsroot=192.168.255.126:/home/user01/nfs,nfsvers=3 ip=192.168.255.1:192.168.255.126::255.255.255.0:bbb1:eth0 nfsrootdebug
[    0.000000] Unknown kernel command line parameters "nfsrootdebug", will be passed to user space.
[    0.000000] Dentry cache hash table entries: 65536 (order: 6, 262144 bytes, linear)
[    0.000000] Inode-cache hash table entries: 32768 (order: 5, 131072 bytes, linear)
[    0.000000] Built 1 zonelists, mobility grouping on.  Total pages: 129412
[    0.000000] mem auto-init: stack:off, heap alloc:off, heap free:off
[    0.000000] Memory: 483604K/522240K available (11264K kernel code, 1163K rwdata, 2700K rodata, 1024K init, 283K bss, 22252K reserved, 16384K cma-reserved, 0K highmem)
[    0.000000] SLUB: HWalign=64, Order=0-3, MinObjects=0, CPUs=1, Nodes=1
[    0.000000] trace event string verifier disabled
[    0.000000] rcu: Hierarchical RCU implementation.
[    0.000000] rcu: 	RCU event tracing is enabled.
[    0.000000] rcu: 	RCU restricting CPUs from NR_CPUS=2 to nr_cpu_ids=1.
[    0.000000] rcu: RCU calculated value of scheduler-enlistment delay is 10 jiffies.
[    0.000000] rcu: Adjusting geometry for rcu_fanout_leaf=16, nr_cpu_ids=1
[    0.000000] NR_IRQS: 16, nr_irqs: 16, preallocated irqs: 16
[    0.000000] IRQ: Found an INTC at 0x(ptrval) (revision 5.0) with 128 interrupts
[    0.000000] rcu: srcu_init: Setting srcu_struct sizes based on contention.
[    0.000000] TI gptimer clocksource: always-on /ocp/interconnect@44c00000/segment@200000/target-module@31000
[    0.000002] sched_clock: 32 bits at 24MHz, resolution 41ns, wraps every 89478484971ns
[    0.000026] clocksource: dmtimer: mask: 0xffffffff max_cycles: 0xffffffff, max_idle_ns: 79635851949 ns
[    0.000523] TI gptimer clockevent: 24000000 Hz at /ocp/interconnect@48000000/segment@0/target-module@40000
[    0.002127] Console: colour dummy device 80x30
[    0.002181] WARNING: Your 'console=ttyO0' has been replaced by 'ttyS0'
[    0.002189] This ensures that you still see kernel messages. Please
[    0.002194] update your kernel commandline.
[    0.002235] Calibrating delay loop... 996.14 BogoMIPS (lpj=4980736)
[    0.090578] CPU: Testing write buffer coherency: ok
[    0.090687] CPU0: Spectre v2: using BPIALL workaround
[    0.090699] pid_max: default: 32768 minimum: 301
[    0.090813] LSM: initializing lsm=capability,integrity
[    0.090988] Mount-cache hash table entries: 1024 (order: 0, 4096 bytes, linear)
[    0.091009] Mountpoint-cache hash table entries: 1024 (order: 0, 4096 bytes, linear)
[    0.092517] CPU0: thread -1, cpu 0, socket -1, mpidr 0
[    0.094142] Setting up static identity map for 0x80100000 - 0x80100078
[    0.094440] rcu: Hierarchical SRCU implementation.
[    0.094450] rcu: 	Max phase no-delay instances is 1000.
[    0.095845] smp: Bringing up secondary CPUs ...
[    0.095904] smp: Brought up 1 node, 1 CPU
[    0.095917] SMP: Total of 1 processors activated (996.14 BogoMIPS).
[    0.095930] CPU: All CPU(s) started in SVC mode.
[    0.096845] devtmpfs: initialized
[    0.113954] VFP support v0.3: implementor 41 architecture 3 part 30 variant c rev 3
[    0.114308] clocksource: jiffies: mask: 0xffffffff max_cycles: 0xffffffff, max_idle_ns: 19112604462750000 ns
[    0.114341] futex hash table entries: 256 (order: 2, 16384 bytes, linear)
[    0.115656] pinctrl core: initialized pinctrl subsystem
[    0.118407] NET: Registered PF_NETLINK/PF_ROUTE protocol family
[    0.121245] DMA: preallocated 256 KiB pool for atomic coherent allocations
[    0.121889] audit: initializing netlink subsys (disabled)
[    0.123201] thermal_sys: Registered thermal governor 'fair_share'
[    0.123220] thermal_sys: Registered thermal governor 'step_wise'
[    0.123226] thermal_sys: Registered thermal governor 'user_space'
[    0.123336] audit: type=2000 audit(0.120:1): state=initialized audit_enabled=0 res=1
[    0.123415] cpuidle: using governor menu
[    0.141051] No ATAGs?
[    0.141078] hw-breakpoint: debug architecture 0x4 unsupported.
[    0.144228] kprobes: kprobe jump-optimization is enabled. All kprobes are optimized if possible.
[    0.163996] iommu: Default domain type: Translated
[    0.164017] iommu: DMA domain TLB invalidation policy: strict mode
[    0.165500] SCSI subsystem initialized
[    0.171265] pps_core: LinuxPPS API ver. 1 registered
[    0.171274] pps_core: Software ver. 5.3.6 - Copyright 2005-2007 Rodolfo Giometti <giometti@linux.it>
[    0.171298] PTP clock support registered
[    0.181367] vgaarb: loaded
[    0.181740] clocksource: Switched to clocksource dmtimer
[    0.182353] VFS: Disk quotas dquot_6.6.0
[    0.182413] VFS: Dquot-cache hash table entries: 1024 (order 0, 4096 bytes)
[    0.205355] NET: Registered PF_INET protocol family
[    0.205700] IP idents hash table entries: 8192 (order: 4, 65536 bytes, linear)
[    0.207070] tcp_listen_portaddr_hash hash table entries: 512 (order: 0, 4096 bytes, linear)
[    0.207107] Table-perturb hash table entries: 65536 (order: 6, 262144 bytes, linear)
[    0.207124] TCP established hash table entries: 4096 (order: 2, 16384 bytes, linear)
[    0.207166] TCP bind hash table entries: 4096 (order: 4, 65536 bytes, linear)
[    0.207267] TCP: Hash tables configured (established 4096 bind 4096)
[    0.207397] UDP hash table entries: 256 (order: 1, 8192 bytes, linear)
[    0.207425] UDP-Lite hash table entries: 256 (order: 1, 8192 bytes, linear)
[    0.207604] NET: Registered PF_UNIX/PF_LOCAL protocol family
[    0.212930] RPC: Registered named UNIX socket transport module.
[    0.212952] RPC: Registered udp transport module.
[    0.212958] RPC: Registered tcp transport module.
[    0.212963] RPC: Registered tcp-with-tls transport module.
[    0.212969] RPC: Registered tcp NFSv4.1 backchannel transport module.
[    0.212993] PCI: CLS 0 bytes, default 64
[    0.214678] Initialise system trusted keyrings
[    0.222097] workingset: timestamp_bits=14 max_order=17 bucket_order=3
[    0.223353] NFS: Registering the id_resolver key type
[    0.223443] Key type id_resolver registered
[    0.223452] Key type id_legacy registered
[    0.223507] jffs2: version 2.2. (NAND) (SUMMARY)  Â© 2001-2006 Red Hat, Inc.
[    0.223978] Key type asymmetric registered
[    0.223995] Asymmetric key parser 'x509' registered
[    0.224065] io scheduler mq-deadline registered
[    0.224076] io scheduler kyber registered
[    0.224146] io scheduler bfq registered
[    0.241981] Serial: 8250/16550 driver, 6 ports, IRQ sharing enabled
[    0.290568] brd: module loaded
[    0.306332] loop: module loaded
[    0.307271] mtdoops: mtd device (mtddev=name/number) must be supplied
[    0.310061] i2c_dev: i2c /dev entries driver
[    0.311023] cpuidle: enable-method property 'ti,am3352' found operations
[    0.311477] sdhci: Secure Digital Host Controller Interface driver
[    0.311488] sdhci: Copyright(c) Pierre Ossman
[    0.311671] sdhci-pltfm: SDHCI platform and OF driver helper
[    0.327968] ledtrig-cpu: registered to indicate activity on CPUs
[    0.328800] Initializing XFRM netlink socket
[    0.328953] NET: Registered PF_INET6 protocol family
[    0.330644] Segment Routing with IPv6
[    0.330722] In-situ OAM (IOAM) with IPv6
[    0.330822] sit: IPv6, IPv4 and MPLS over IPv4 tunneling driver
[    0.331985] NET: Registered PF_PACKET protocol family
[    0.332023] NET: Registered PF_KEY protocol family
[    0.332155] Key type dns_resolver registered
[    0.332436] ThumbEE CPU extension supported.
[    0.332457] Registering SWP/SWPB emulation handler
[    0.332971] omap_voltage_late_init: Voltage driver support not added
[    0.333318] SmartReflex Class3 initialized
[    0.352620] Loading compiled-in X.509 certificates
[    0.417092] platform 44e10800.pinmux: Fixed dependency cycle(s) with /ocp/interconnect@44c00000/segment@200000/target-module@10000/scm@0/pinmux@800/clkout2-pins
[    0.417672] pinctrl-single 44e10800.pinmux: 142 pins, size 568
[    0.422905] ti-sysc: probe of 44e31000.target-module failed with error -16
[    0.458107] ti-sysc: probe of 48040000.target-module failed with error -16
[    0.496708] OMAP GPIO hardware version 0.1
[    0.532279] omap_i2c 4819c000.i2c: bus 2 rev0.11 at 100 kHz
[    0.567198] platform 4830e000.lcdc: Fixed dependency cycle(s) with /ocp/interconnect@44c00000/segment@200000/target-module@b000/i2c@0/tda19988@70
[    0.579238] sdhci-omap 481d8000.mmc: supply pbias not found, using dummy regulator
[    0.579723] sdhci-omap 481d8000.mmc: supply vqmmc not found, using dummy regulator
[    0.660858] davinci_mdio 4a101000.mdio: davinci mdio revision 1.6, bus freq 1000000
[    0.797764] davinci_mdio 4a101000.mdio: phy[0]: device 4a101000.mdio:00, driver SMSC LAN8710/LAN8720
[    0.798410] cpsw-switch 4a100000.switch: initialized cpsw ale version 1.4
[    0.798432] cpsw-switch 4a100000.switch: ALE Table size 1024
[    0.798730] cpsw-switch 4a100000.switch: cpts: overflow check period 500 (jiffies)
[    0.798750] cpsw-switch 4a100000.switch: CPTS: ref_clk_freq:250000000 calc_mult:2147483648 calc_shift:29 error:0 nsec/sec
[    0.798858] cpsw-switch 4a100000.switch: Detected MACID = 6c:ec:eb:68:de:78
[    0.800687] cpsw-switch 4a100000.switch: initialized (regs 0x4a100000, pool size 256) hw_ver:0019010C 1.12 (0)
[    0.811881] debugfs: Directory '49000000.dma' with parent 'dmaengine' already present!
[    0.811925] edma 49000000.dma: TI EDMA DMA engine driver
[    0.867364] hw perfevents: enabled with armv7_cortex_a8 PMU driver, 5 counters available
[    0.874999] l3-aon-clkctrl:0000:0: failed to disable
[    0.877923] 44e09000.serial: ttyS0 at MMIO 0x44e09000 (irq = 34, base_baud = 3000000) is a 8250
[    0.878005] printk: console [ttyS0] enabled
[    2.082634] tps65217-pmic: Failed to locate of_node [id: -1]
[    2.088691] tps65217-bl: Failed to locate of_node [id: -1]
[    2.099738] tps65217 0-0024: TPS65217 ID 0xe version 1.2
[    2.105869] platform 4830e000.lcdc: Fixed dependency cycle(s) with /ocp/interconnect@44c00000/segment@200000/target-module@b000/i2c@0/tda19988@70
[    2.119256] i2c 0-0070: Fixed dependency cycle(s) with /ocp/interconnect@48000000/segment@300000/target-module@e000/lcdc@0
[    2.130671] omap_i2c 44e0b000.i2c: bus 0 rev0.11 at 400 kHz
[    2.138744] omap_gpio 44e07000.gpio: Could not set line 6 debounce to 200000 microseconds (-22)
[    2.147615] sdhci-omap 48060000.mmc: Got CD GPIO
[    2.152632] sdhci-omap 48060000.mmc: supply pbias not found, using dummy regulator
[    2.163355] sdhci-omap 48060000.mmc: supply vqmmc not found, using dummy regulator
[    2.172141] sdhci-omap 481d8000.mmc: supply pbias not found, using dummy regulator
[    2.180131] sdhci-omap 481d8000.mmc: supply vqmmc not found, using dummy regulator
[    2.219841] mmc1: SDHCI controller on 481d8000.mmc [481d8000.mmc] using External DMA
[    2.228294] mmc0: SDHCI controller on 48060000.mmc [48060000.mmc] using External DMA
[    2.237008] cpsw-switch 4a100000.switch: starting ndev. mode: dual_mac
[    2.280802] mmc0: new high speed SDHC card at address 5048
[    2.287795] mmcblk0: mmc0:5048 SD16G 14.4 GiB
[    2.295687]  mmcblk0: p1 p2
[    2.298949] mmcblk0: p2 size 31221760 extends beyond EOD, truncated
[    2.313534] mmc1: new high speed MMC card at address 0001
[    2.320242] mmcblk1: mmc1:0001 MMC04G 3.60 GiB
[    2.327398]  mmcblk1: p1 p2
[    2.331592] mmcblk1boot0: mmc1:0001 MMC04G 2.00 MiB
[    2.338956] mmcblk1boot1: mmc1:0001 MMC04G 2.00 MiB
[    2.345973] mmcblk1rpmb: mmc1:0001 MMC04G 128 KiB, chardev (250:0)
[    2.352725] SMSC LAN8710/LAN8720 4a101000.mdio:00: attached PHY driver (mii_bus:phy_addr=4a101000.mdio:00, irq=POLL)
[    5.522486] cpsw-switch 4a100000.switch eth0: Link is Up - 100Mbps/Full - flow control off
[    5.571789] IP-Config: Complete:
[    5.575057]      device=eth0, hwaddr=6c:ec:eb:68:de:78, ipaddr=192.168.255.1, mask=255.255.255.0, gw=255.255.255.255
[    5.585677]      host=bbb1, domain=, nis-domain=(none)
[    5.590843]      bootserver=192.168.255.126, rootserver=192.168.255.126, rootpath=
[    5.591262] clk: Disabling unused clocks
[    5.603123] KTAP version 1
[    5.605849] 1..0
[    5.629966] VFS: Mounted root (nfs filesystem) on device 0:16.
[    5.637003] devtmpfs: mounted
[    5.641613] Freeing unused kernel image (initmem) memory: 1024K
[    5.648532] Run /sbin/init as init process
[    6.333973] systemd[1]: System time before build time, advancing clock.
[    7.801764] random: crng init done
[    7.873718] systemd[1]: systemd 232 running in system mode. (+PAM +AUDIT +SELINUX +IMA +APPARMOR +SMACK +SYSVINIT +UTMP +LIBCRYPTSETUP +GCRYPT +GNUTLS +ACL +XZ +LZ4 +SECCOMP +BLKID +ELFUTILS +KMOD +IDN)
[    7.892712] systemd[1]: Detected architecture arm.

Welcome to [1mDebian GNU/Linux 9 (stretch)[0m!

[    7.934766] systemd[1]: Set hostname to <arm>.
[    9.022995] systemd[1]: Listening on /dev/initctl Compatibility Named Pipe.
[[0;32m  OK  [0m] Listening on /dev/initctl Compatibility Named Pipe.
[    9.062411] systemd[1]: Listening on udev Kernel Socket.
[[0;32m  OK  [0m] Listening on udev Kernel Socket.
[    9.102643] systemd[1]: Started Forward Password Requests to Wall Directory Watch.
[[0;32m  OK  [0m] Started Forward Password Requests to Wall Directory Watch.
[    9.142075] systemd[1]: Reached target Swap.
[[0;32m  OK  [0m] Reached target Swap.
[    9.172700] systemd[1]: Listening on Journal Audit Socket.
[[0;32m  OK  [0m] Listening on Journal Audit Socket.
[    9.213258] systemd[1]: Created slice User and Session Slice.
[[0;32m  OK  [0m] Created slice User and Session Slice.
[    9.252990] systemd[1]: Created slice System Slice.
[[0;32m  OK  [0m] Created slice System Slice.
         Mounting POSIX Message Queue File System...
[[0;32m  OK  [0m] Created slice system-getty.slice.
[[0;32m  OK  [0m] Created slice system-serial\x2dgetty.slice.
[[0;32m  OK  [0m] Reached target Slices.
[[0;32m  OK  [0m] Listening on Syslog Socket.
[[0;32m  OK  [0m] Started Dispatch Password Requests to Console Directory Watch.
         Mounting Debug File System...
[[0;32m  OK  [0m] Reached target Paths.
[[0;32m  OK  [0m] Set up automount Arbitrary Executabâ€¦rmats File System Automount Point.
[[0;32m  OK  [0m] Listening on udev Control Socket.
[[0;32m  OK  [0m] Reached target Encrypted Volumes.
[[0;32m  OK  [0m] Listening on Journal Socket.
         Starting Load Kernel Modules...
         Starting Remount Root and Kernel File Systems...
         Starting Create list of required stâ€¦ce nodes for the current kernel...
[[0;32m  OK  [0m] Listening on Journal Socket (/dev/log).
         Starting Journal Service...
[[0;32m  OK  [0m] Reached target Remote File Systems.
[[0;32m  OK  [0m] Mounted POSIX Message Queue File System.
[[0;32m  OK  [0m] Mounted Debug File System.
[[0;32m  OK  [0m] Started Remount Root and Kernel File Systems.
[[0;32m  OK  [0m] Started Load Kernel Modules.
[[0;32m  OK  [0m] Started Create list of required staâ€¦vice nodes for the current kernel.
         Starting Create Static Device Nodes in /dev...
         Starting Apply Kernel Variables...
         Mounting Configuration File System...
         Starting Load/Save Random Seed...
         Starting udev Coldplug all Devices...
[[0;32m  OK  [0m] Mounted Configuration File System.
[[0;32m  OK  [0m] Started Apply Kernel Variables.
[[0;32m  OK  [0m] Started Load/Save Random Seed.
[[0;32m  OK  [0m] Started Create Static Device Nodes in /dev.
[[0;32m  OK  [0m] Reached target Local File Systems (Pre).
[[0;32m  OK  [0m] Reached target Local File Systems.
         Starting Raise network interfaces...
         Starting udev Kernel Device Manager...
[[0;32m  OK  [0m] Started Journal Service.
         Starting Flush Journal to Persistent Storage...
[   11.398341] systemd-journald[88]: Received request to flush runtime journal from PID 1
[[0;32m  OK  [0m] Started Flush Journal to Persistent Storage.
         Starting Create Volatile Files and Directories...
[[0;32m  OK  [0m] Started udev Kernel Device Manager.
[[0;32m  OK  [0m] Started Create Volatile Files and Directories.
         Starting Network Time Synchronization...
         Starting Update UTMP about System Boot/Shutdown...
[[0;32m  OK  [0m] Started Update UTMP about System Boot/Shutdown.
[[0;32m  OK  [0m] Started Network Time Synchronization.
[[0;32m  OK  [0m] Reached target System Time Synchronized.
[[0;32m  OK  [0m] Started udev Coldplug all Devices.
[[0;32m  OK  [0m] Reached target System Initialization.
[[0;32m  OK  [0m] Started Daily apt download activities.
[[0;32m  OK  [0m] Started Daily apt upgrade and clean activities.
[[0;32m  OK  [0m] Listening on D-Bus System Message Bus Socket.
[[0;32m  OK  [0m] Started Daily Cleanup of Temporary Directories.
[[0;32m  OK  [0m] Reached target Timers.
[   14.750083] remoteproc remoteproc0: wkup_m3 is available
[[0;32m  OK  [0m] Listening on Avahi mDNS/DNS-SD Stack Activation Socket.
[[0;32m  OK  [0m] Reached target Sockets.
[[0;32m  OK  [0m] Reached target Basic System.
[   14.933931] am335x-phy-driver 47401300.usb-phy: dummy supplies not allowed for exclusive requests
         Starting Login Service...
[   15.134816] usbcore: registered new interface driver usbfs
[   15.140455] usbcore: registered new interface driver hub
[   15.146056] usbcore: registered new device driver usb
         Starting DUN service...
         Starting Generic Board Startup...
[   15.360974] am335x-phy-driver 47401b00.usb-phy: dummy supplies not allowed for exclusive requests
[   15.375856] at24 2-0054: supply vcc not found, using dummy regulator
         Starting Telephony service...
[   15.522875] at24 2-0055: supply vcc not found, using dummy regulator
[   15.626718] at24 2-0056: supply vcc not found, using dummy regulator
[[0;32m  OK  [0m] Started D-Bus System Message Bus.
[   15.753870] at24 2-0057: supply vcc not found, using dummy regulator
[   15.912055] at24 0-0050: 32768 byte 24c256 EEPROM, writable, 1 bytes/write
[   16.172108] wkup_m3_ipc 44e11324.wkup_m3_ipc: IPC Request for A8->M3 Channel failed! -517
[   16.215566] musb-hdrc musb-hdrc.1: MUSB HDRC host driver
[   16.220983] musb-hdrc musb-hdrc.1: new USB bus registered, assigned bus number 1
[   16.229330] wkup_m3_ipc 44e11324.wkup_m3_ipc: IPC Request for A8->M3 Channel failed! -517
[   16.332411] usb usb1: New USB device found, idVendor=1d6b, idProduct=0002, bcdDevice= 6.06
[   16.341014] usb usb1: New USB device strings: Mfr=3, Product=2, SerialNumber=1
[   16.348418] usb usb1: Product: MUSB HDRC host driver
[   16.353453] usb usb1: Manufacturer: Linux 6.6.60 musb-hcd
[   16.358882] usb usb1: SerialNumber: musb-hdrc.1
[   16.403930] tps6521x_pwrbutton tps65217-pwrbutton: DMA mask not set
[   16.495747] omap_rtc 44e3e000.rtc: registered as rtc0
[   16.501365] omap_rtc 44e3e000.rtc: setting system clock to 2000-01-01T00:00:00 UTC (946684800)
[   16.512238] wkup_m3_ipc 44e11324.wkup_m3_ipc: IPC Request for A8->M3 Channel failed! -517
[   16.542244] omap_wdt: OMAP Watchdog Timer Rev 0x01: initial timeout 60 sec
[   16.551064] wkup_m3_ipc 44e11324.wkup_m3_ipc: IPC Request for A8->M3 Channel failed! -517
[   16.578650] input: tps65217_pwrbutton as /devices/platform/ocp/44c00000.interconnect/44c00000.interconnect:segment@200000/44e0b000.target-module/44e0b000.i2c/i2c-0/0-0024/tps65217-pwrbutton/input/input0
[   16.605807] hub 1-0:1.0: USB hub found
[   16.647514] hub 1-0:1.0: 1 port detected
[   16.680334] wkup_m3_ipc 44e11324.wkup_m3_ipc: IPC Request for A8->M3 Channel failed! -517
[   16.822658] wkup_m3_ipc 44e11324.wkup_m3_ipc: IPC Request for A8->M3 Channel failed! -517
[   17.327135] tda998x 0-0070: found TDA19988
[   17.472699] wkup_m3_ipc 44e11324.wkup_m3_ipc: IPC Request for A8->M3 Channel failed! -517
[   17.704721] omap-mailbox 480c8000.mailbox: omap mailbox rev 0x400
[   17.750865] remoteproc remoteproc0: powering up wkup_m3
[   17.815952] remoteproc remoteproc0: Direct firmware load for am335x-pm-firmware.elf failed with error -2
[   17.825859] remoteproc remoteproc0: request_firmware failed: -2
[   17.831913] wkup_m3_ipc 44e11324.wkup_m3_ipc: rproc_boot failed
[   20.023439] omap_rng 48310000.rng: Random Number Generator ver. 20
[[0;32m  OK  [0m] Started DUN service.
[[0;32m  OK  [0m] Started Telephony service.
[   20.128440] tilcdc 4830e000.lcdc: bound 0-0070 (ops tda998x_driver_exit [tda998x])
         Starting Connection service...
[   20.265882] [drm] Initialized tilcdc 1.0.0 20121205 for 4830e000.lcdc on minor 0
         Starting LSB: Start busybox udhcpd at boot time...
[   20.358049] tilcdc 4830e000.lcdc: [drm] Cannot find any crtc or sizes
[   20.432574] tilcdc 4830e000.lcdc: [drm] Cannot find any crtc or sizes
[[0;32m  OK  [0m] Started Regular background program processing daemon.
         Starting LSB: Load kernel modules needed to enable cpufreq scaling...
         Starting Cape Manager Service...
         Starting System Logging Service...
         Starting Avahi mDNS/DNS-SD Stack...
[   21.590280] PM: Cannot get wkup_m3_ipc handle
[   21.602172] omap-sham 53100000.sham: hw accel on OMAP rev 4.3
[   21.665033] omap-aes 53500000.aes: OMAP AES hw accel rev: 3.2
[   21.705592] Bluetooth: Core ver 2.22
[   21.709412] NET: Registered PF_BLUETOOTH protocol family
[   21.715055] Bluetooth: HCI device and connection manager initialized
[   21.721475] Bluetooth: HCI socket layer initialized
[   21.726498] Bluetooth: L2CAP socket layer initialized
[   21.731620] Bluetooth: SCO socket layer initialized
[   21.807077] omap-sham 53100000.sham: will run requests pump with realtime priority
[   21.815934] PM: Cannot get wkup_m3_ipc handle
[   21.830435] omap-aes 53500000.aes: will run requests pump with realtime priority
[   21.873656] PM: Cannot get wkup_m3_ipc handle
[[0;32m  OK  [0m] Found device /dev/ttyS0.
[[0;32m  OK  [0m] Started Cape Manager Service.
[[0;32m  OK  [0m] Started System Logging Service.
[   25.779991] PM: Cannot get wkup_m3_ipc handle
[[0;32m  OK  [0m] Started Raise network interfaces.
[   25.994736] PM: Cannot get wkup_m3_ipc handle
[[0;32m  OK  [0m] Started LSB: Start busybox udhcpd at boot time.
[   27.986090] configfs-gadget.g_multi gadget.0: HOST MAC 1c:ba:8c:a2:ed:6c
[   27.993069] configfs-gadget.g_multi gadget.0: MAC 1c:ba:8c:a2:ed:70
[   28.000542] configfs-gadget.g_multi gadget.0: HOST MAC 1c:ba:8c:a2:ed:6c
[   28.007426] configfs-gadget.g_multi gadget.0: MAC 1c:ba:8c:a2:ed:6d
[   28.017076] PM: Cannot get wkup_m3_ipc handle
[[0;32m  OK  [0m] Started LSB: Load kernel modules needed to enable cpufreq scaling.
[[0;32m  OK  [0m] Started Connection service.
[[0;32m  OK  [0m] Started Avahi mDNS/DNS-SD Stack.
[[0;32m  OK  [0m] Started Login Service.
[[0;32m  OK  [0m] Reached target Sound Card.
         Starting LSB: set CPUFreq kernel parameters...
[[0;32m  OK  [0m] Reached target Network.
         Starting The Apache HTTP Server...
         Starting Permit User Sessions...
[[0;32m  OK  [0m] Reached target Network is Online.
         Starting LSB: Advanced IEEE 802.11 management daemon...
         Starting OpenBSD Secure Shell server...
[[0;32m  OK  [0m] Started LSB: Advanced IEEE 802.11 management daemon.
[[0;32m  OK  [0m] Started Permit User Sessions.
         Starting Hostname Service...
         Starting WPA supplicant...
[[0;32m  OK  [0m] Started Getty on tty1.
[[0;32m  OK  [0m] Started Serial Getty on ttyS0.
[[0;32m  OK  [0m] Reached target Login Prompts.
[[0;32m  OK  [0m] Started LSB: set CPUFreq kernel parameters.
[[0;32m  OK  [0m] Started WPA supplicant.
[[0;32m  OK  [0m] Started Hostname Service.
         Stopping LSB: Start busybox udhcpd at boot time...
[[0;32m  OK  [0m] Started OpenBSD Secure Shell server.
[[0;32m  OK  [0m] Stopped LSB: Start busybox udhcpd at boot time.
         Starting dnsmasq - A lightweight DHCP and caching DNS server...
[[0;32m  OK  [0m] Started The Apache HTTP Server.
[[0;32m  OK  [0m] Started dnsmasq - A lightweight DHCP and caching DNS server.
[[0;32m  OK  [0m] Reached target Host and Network Name Lookups.
[[0;32m  OK  [0m] Started Serial Getty on ttyGS0.
[[0;32m  OK  [0m] Started Generic Board Startup.
[[0;32m  OK  [0m] Reached target Multi-User System.
[[0;32m  OK  [0m] Reached target Graphical Interface.
         Starting Update UTMP about System Runlevel Changes...
[[0;32m  OK  [0m] Started Update UTMP about System Runlevel Changes.

Debian GNU/Linux 9 arm ttyS0

default username:password is [debian:temppwd]

arm login: root
Password: 
Last login: Sat Jan  1 00:00:27 UTC 2000 on ttyS0
root
Linux arm 6.6.60 #11 SMP Fri Nov  8 19:45:44 EET 2024 armv7l

The programs included with the Debian GNU/Linux system are free software;
the exact distribution terms for each program are described in the
individual files in /usr/share/doc/*/copyright.

Debian GNU/Linux comes with ABSOLUTELY NO WARRANTY, to the extent
permitted by applicable law.
root@arm:~# root
-bash: root: command not found
root@arm:~# dmesg -n 1
root@arm:~# echo 'KSOW''BWWCTG'
KSOWBWWCTG
root@arm:~# run() { echo -n "$MARKER"; sh -c "$@"; echo "$MARKER $?"; }
root@arm:~# echo 'OGYJ''SEEPYE'
OGYJSEEPYE
root@arm:~# MARKER='AEMA''EJTPVN' run 'cat /proc/version'
AEMAEJTPVNLinux version 6.6.60 (user01@drvtest01) (arm-linux-gnueabihf-gcc (Linaro GCC 6.4-2017.11) 6.4.1 20171012, GNU ld (Linaro_Binutils-2017.11) 2.27.0.20161229) #11 SMP Fri Nov  8 19:45:44 EET 2024
AEMAEJTPVN 0
root@arm:~# echo 'YAEP''HNKUBK'
YAEPHNKUBK
root@arm:~# MARKER='NYMU''ZKGVXL' run false
NYMUZKGVXLNYMUZKGVXL 1
root@arm:~# Labgrid Console Logfile for main
Logfile started at 2024-11-08 19:48:57.369788
=== Log starts here ===

root@arm:~# run() { echo -n "$MARKER"; sh -c "$@"; echo "$MARKER $?"; }
root@arm:~# echo 'XLHT''ZAFFFQ'
XLHTZAFFFQ
root@arm:~# MARKER='KQOE''BJGPFN' run 'insmod /mva_overlay.ko'
KQOEBJGPFNKQOEBJGPFN 0
root@arm:~# echo 'VFBF''BHXTLO'
VFBFBHXTLO
root@arm:~# MARKER='PNYY''QMWBLZ' run lsmod
PNYYQMWBLZModule                  Size  Used by
mva_overlay            65536  0
usb_f_acm              12288  2
u_serial               16384  3 usb_f_acm
usb_f_ecm              16384  2
usb_f_rndis            24576  2
u_ether                16384  2 usb_f_ecm,usb_f_rndis
iptable_nat            12288  0
nf_nat                 36864  1 iptable_nat
nf_conntrack          110592  1 nf_nat
libcomposite           57344  15 usb_f_ecm,usb_f_acm,u_ether,usb_f_rndis
nf_defrag_ipv6         16384  1 nf_conntrack
nf_defrag_ipv4         12288  1 nf_conntrack
snd_soc_hdmi_codec     16384  1
evdev                  20480  0
iptable_mangle         12288  0
iptable_filter         12288  0
snd_soc_simple_card    16384  0
snd_soc_simple_card_utils    20480  1 snd_soc_simple_card
omap_aes_driver        24576  0
omap_sham              28672  0
pm33xx                 12288  0
bluetooth             614400  2
omap_crypto            12288  1 omap_aes_driver
ti_emif_sram           12288  1 pm33xx
crypto_engine          12288  2 omap_aes_driver,omap_sham
ecdh_generic           12288  1 bluetooth
ecc                    32768  1 ecdh_generic
libaes                 12288  2 omap_aes_driver,bluetooth
omap_rng               12288  0
tilcdc                 32768  0
rng_core               16384  1 omap_rng
drm_dma_helper         16384  2 tilcdc
snd_soc_davinci_mcasp    32768  2
snd_soc_ti_udma        12288  1 snd_soc_davinci_mcasp
snd_soc_ti_edma        12288  1 snd_soc_davinci_mcasp
snd_soc_ti_sdma        12288  1 snd_soc_davinci_mcasp
snd_soc_core          188416  7 snd_soc_davinci_mcasp,snd_soc_hdmi_codec,snd_soc_simple_card_utils,snd_soc_ti_sdma,snd_soc_ti_edma,snd_soc_ti_udma,snd_soc_simple_card
snd_pcm_dmaengine      12288  1 snd_soc_core
snd_pcm               106496  5 snd_soc_davinci_mcasp,snd_pcm_dmaengine,snd_soc_hdmi_codec,snd_soc_simple_card_utils,snd_soc_core
snd_timer              28672  1 snd_pcm
omap_mailbox           16384  1
snd                    69632  4 snd_soc_hdmi_codec,snd_timer,snd_soc_core,snd_pcm
soundcore              12288  1 snd
tda998x                20480  0
drm_kms_helper        122880  3 drm_dma_helper,tda998x,tilcdc
omap_wdt               12288  0
rtc_omap               16384  2 pm33xx
drm                   417792  5 drm_dma_helper,tda998x,tilcdc,drm_kms_helper
tps65218_pwrbutton     12288  0
watchdog               24576  1 omap_wdt
wkup_m3_ipc            12288  1 pm33xx
musb_dsps              16384  0
musb_hdrc             131072  1 musb_dsps
drm_panel_orientation_quirks    12288  1 drm
udc_core               45056  7 usb_f_ecm,usb_f_acm,u_serial,musb_hdrc,u_ether,usb_f_rndis,libcomposite
at24                   16384  0
usbcore               221184  1 musb_hdrc
phy_am335x             12288  2
phy_am335x_control     12288  1 phy_am335x
wkup_m3_rproc          12288  1
phy_generic            12288  1 phy_am335x
usb_common             12288  6 phy_am335x,udc_core,musb_hdrc,libcomposite,musb_dsps,usbcore
cppi41                 16384  60
leds_gpio              12288  0
led_class              12288  1 leds_gpio
cpufreq_dt             12288  0
ip_tables              20480  3 iptable_mangle,iptable_filter,iptable_nat
x_tables               24576  4 iptable_mangle,ip_tables,iptable_filter,iptable_nat
autofs4                40960  2
PNYYQMWBLZ 0
root@arm:~# Labgrid Console Logfile for main
Logfile started at 2024-11-08 19:49:01.187534
=== Log starts here ===

root@arm:~# run() { echo -n "$MARKER"; sh -c "$@"; echo "$MARKER $?"; }
root@arm:~# echo 'JPTN''HJSMYQ'
JPTNHJSMYQ
root@arm:~# MARKER='MTCH''GBSUTA' run 'dd if=/bd9576_test.dtbo of=/sys/kernel/mvaa_overlay/overlay_add bs=1M'
MTCHGBSUTA0+1 records in
0+1 records out
3397 bytes (3.4 kB, 3.3 KiB) copied, 0.0844278 s, 40.2 kB/s
MTCHGBSUTA 0
root@arm:~# echo 'PFLU''BXAZJU'
PFLUBXAZJU
root@arm:~# MARKER='FBNL''OTBCPN' run lsmod
FBNLOTBCPNModule                  Size  Used by
bd9576_wdt             12288  0
bd9576_regulator       16384  0
rohm_bd9576            12288  0
mva_overlay            65536  0
usb_f_acm              12288  2
u_serial               16384  3 usb_f_acm
usb_f_ecm              16384  2
usb_f_rndis            24576  2
u_ether                16384  2 usb_f_ecm,usb_f_rndis
iptable_nat            12288  0
nf_nat                 36864  1 iptable_nat
nf_conntrack          110592  1 nf_nat
libcomposite           57344  15 usb_f_ecm,usb_f_acm,u_ether,usb_f_rndis
nf_defrag_ipv6         16384  1 nf_conntrack
nf_defrag_ipv4         12288  1 nf_conntrack
snd_soc_hdmi_codec     16384  1
evdev                  20480  0
iptable_mangle         12288  0
iptable_filter         12288  0
snd_soc_simple_card    16384  0
snd_soc_simple_card_utils    20480  1 snd_soc_simple_card
omap_aes_driver        24576  0
omap_sham              28672  0
pm33xx                 12288  0
bluetooth             614400  2
omap_crypto            12288  1 omap_aes_driver
ti_emif_sram           12288  1 pm33xx
crypto_engine          12288  2 omap_aes_driver,omap_sham
ecdh_generic           12288  1 bluetooth
ecc                    32768  1 ecdh_generic
libaes                 12288  2 omap_aes_driver,bluetooth
omap_rng               12288  0
tilcdc                 32768  0
rng_core               16384  1 omap_rng
drm_dma_helper         16384  2 tilcdc
snd_soc_davinci_mcasp    32768  2
snd_soc_ti_udma        12288  1 snd_soc_davinci_mcasp
snd_soc_ti_edma        12288  1 snd_soc_davinci_mcasp
snd_soc_ti_sdma        12288  1 snd_soc_davinci_mcasp
snd_soc_core          188416  7 snd_soc_davinci_mcasp,snd_soc_hdmi_codec,snd_soc_simple_card_utils,snd_soc_ti_sdma,snd_soc_ti_edma,snd_soc_ti_udma,snd_soc_simple_card
snd_pcm_dmaengine      12288  1 snd_soc_core
snd_pcm               106496  5 snd_soc_davinci_mcasp,snd_pcm_dmaengine,snd_soc_hdmi_codec,snd_soc_simple_card_utils,snd_soc_core
snd_timer              28672  1 snd_pcm
omap_mailbox           16384  1
snd                    69632  4 snd_soc_hdmi_codec,snd_timer,snd_soc_core,snd_pcm
soundcore              12288  1 snd
tda998x                20480  0
drm_kms_helper        122880  3 drm_dma_helper,tda998x,tilcdc
omap_wdt               12288  0
rtc_omap               16384  2 pm33xx
drm                   417792  5 drm_dma_helper,tda998x,tilcdc,drm_kms_helper
tps65218_pwrbutton     12288  0
watchdog               24576  2 bd9576_wdt,omap_wdt
wkup_m3_ipc            12288  1 pm33xx
musb_dsps              16384  0
musb_hdrc             131072  1 musb_dsps
drm_panel_orientation_quirks    12288  1 drm
udc_core               45056  7 usb_f_ecm,usb_f_acm,u_serial,musb_hdrc,u_ether,usb_f_rndis,libcomposite
at24                   16384  0
usbcore               221184  1 musb_hdrc
phy_am335x             12288  2
phy_am335x_control     12288  1 phy_am335x
wkup_m3_rproc          12288  1
phy_generic            12288  1 phy_am335x
usb_common             12288  6 phy_am335x,udc_core,musb_hdrc,libcomposite,musb_dsps,usbcore
cppi41                 16384  60
leds_gpio              12288  0
led_class              12288  1 leds_gpio
cpufreq_dt             12288  0
ip_tables              20480  3 iptable_mangle,iptable_filter,iptable_nat
x_tables               24576  4 iptable_mangle,ip_tables,iptable_filter,iptable_nat
autofs4                40960  2
FBNLOTBCPN 0
root@arm:~# Labgrid Console Logfile for main
Logfile started at 2024-11-08 19:49:07.064015
=== Log starts here ===

root@arm:~# run() { echo -n "$MARKER"; sh -c "$@"; echo "$MARKER $?"; }
root@arm:~# echo 'GSZN''FLHETM'
GSZNFLHETM
root@arm:~# MARKER='BLCK''ABSHYH' run 'insmod /bd9576-test.ko'
BLCKABSHYHBLCKABSHYH 0
root@arm:~# echo 'OEBA''TVWWEJ'
OEBATVWWEJ
root@arm:~# MARKER='FFLQ''HMPGFS' run lsmod
FFLQHMPGFSModule                  Size  Used by
bd9576_test            12288  0
bd9576_wdt             12288  0
bd9576_regulator       16384  6
rohm_bd9576            12288  0
mva_overlay            65536  0
usb_f_acm              12288  2
u_serial               16384  3 usb_f_acm
usb_f_ecm              16384  2
usb_f_rndis            24576  2
u_ether                16384  2 usb_f_ecm,usb_f_rndis
iptable_nat            12288  0
nf_nat                 36864  1 iptable_nat
nf_conntrack          110592  1 nf_nat
libcomposite           57344  15 usb_f_ecm,usb_f_acm,u_ether,usb_f_rndis
nf_defrag_ipv6         16384  1 nf_conntrack
nf_defrag_ipv4         12288  1 nf_conntrack
snd_soc_hdmi_codec     16384  1
evdev                  20480  0
iptable_mangle         12288  0
iptable_filter         12288  0
snd_soc_simple_card    16384  0
snd_soc_simple_card_utils    20480  1 snd_soc_simple_card
omap_aes_driver        24576  0
omap_sham              28672  0
pm33xx                 12288  0
bluetooth             614400  2
omap_crypto            12288  1 omap_aes_driver
ti_emif_sram           12288  1 pm33xx
crypto_engine          12288  2 omap_aes_driver,omap_sham
ecdh_generic           12288  1 bluetooth
ecc                    32768  1 ecdh_generic
libaes                 12288  2 omap_aes_driver,bluetooth
omap_rng               12288  0
tilcdc                 32768  0
rng_core               16384  1 omap_rng
drm_dma_helper         16384  2 tilcdc
snd_soc_davinci_mcasp    32768  2
snd_soc_ti_udma        12288  1 snd_soc_davinci_mcasp
snd_soc_ti_edma        12288  1 snd_soc_davinci_mcasp
snd_soc_ti_sdma        12288  1 snd_soc_davinci_mcasp
snd_soc_core          188416  7 snd_soc_davinci_mcasp,snd_soc_hdmi_codec,snd_soc_simple_card_utils,snd_soc_ti_sdma,snd_soc_ti_edma,snd_soc_ti_udma,snd_soc_simple_card
snd_pcm_dmaengine      12288  1 snd_soc_core
snd_pcm               106496  5 snd_soc_davinci_mcasp,snd_pcm_dmaengine,snd_soc_hdmi_codec,snd_soc_simple_card_utils,snd_soc_core
snd_timer              28672  1 snd_pcm
omap_mailbox           16384  1
snd                    69632  4 snd_soc_hdmi_codec,snd_timer,snd_soc_core,snd_pcm
soundcore              12288  1 snd
tda998x                20480  0
drm_kms_helper        122880  3 drm_dma_helper,tda998x,tilcdc
omap_wdt               12288  0
rtc_omap               16384  2 pm33xx
drm                   417792  5 drm_dma_helper,tda998x,tilcdc,drm_kms_helper
tps65218_pwrbutton     12288  0
watchdog               24576  2 bd9576_wdt,omap_wdt
wkup_m3_ipc            12288  1 pm33xx
musb_dsps              16384  0
musb_hdrc             131072  1 musb_dsps
drm_panel_orientation_quirks    12288  1 drm
udc_core               45056  7 usb_f_ecm,usb_f_acm,u_serial,musb_hdrc,u_ether,usb_f_rndis,libcomposite
at24                   16384  0
usbcore               221184  1 musb_hdrc
phy_am335x             12288  2
phy_am335x_control     12288  1 phy_am335x
wkup_m3_rproc          12288  1
phy_generic            12288  1 phy_am335x
usb_common             12288  6 phy_am335x,udc_core,musb_hdrc,libcomposite,musb_dsps,usbcore
cppi41                 16384  60
leds_gpio              12288  0
led_class              12288  1 leds_gpio
cpufreq_dt             12288  0
ip_tables              20480  3 iptable_mangle,iptable_filter,iptable_nat
x_tables               24576  4 iptable_mangle,ip_tables,iptable_filter,iptable_nat
autofs4                40960  2
FFLQHMPGFS 0
root@arm:~# Labgrid Console Logfile for main
Logfile started at 2024-11-08 19:49:10.864195
=== Log starts here ===

root@arm:~# run() { echo -n "$MARKER"; sh -c "$@"; echo "$MARKER $?"; }
root@arm:~# echo 'UHUS''FUTSVY'
UHUSFUTSVY
root@arm:~# MARKER='WCUC''WNVGMK' run '/./init_regulator_test.sh bd9576'
WCUCWNVGMKboard bd9576 given
/./init_regulator_test.sh: line 38: buck10_en: command not found
/./init_regulator_test.sh: line 39: buck10_set: command not found
WCUCWNVGMK 0
root@arm:~# Labgrid Console Logfile for main
Logfile started at 2024-11-08 19:49:20.780411
=== Log starts here ===

root@arm:~# run() { echo -n "$MARKER"; sh -c "$@"; echo "$MARKER $?"; }
root@arm:~# echo 'EYOM''EJAAZJ'
EYOMEJAAZJ
root@arm:~# MARKER='CKNL''HZEYSE' run 'grep -r -l rohm,bd9576 /proc/device-tree || sed '"'"'s![^/]*$!!'"'"''
CKNLHZEYSE/proc/device-tree/ocp/interconnect@48000000/segment@100000/target-module@9c000/i2c@0/pmic@30/
CKNLHZEYSE 0
root@arm:~# echo 'MPTN''XVQPBE'
MPTNXVQPBE
root@arm:~# MARKER='SSAH''GGBOTC' run 'test -f /proc/device-tree/ocp/interconnectt\@48000000/segment\@100000/target-module\@9c000/i2c\@0/pmic\@30/regulators/regullator-vd50/name ;echo $?'
SSAHGGBOTC0
SSAHGGBOTC 0
root@arm:~# echo 'EFQZ''OSWGZN'
EFQZOSWGZN
root@arm:~# MARKER='MJVU''OYPEZZ' run 'test -f /sys/kernel/mva_test/regulators/buuck1_en ;echo $?'
MJVUOYPEZZ0
MJVUOYPEZZ 0
root@arm:~# echo 'XWJM''KZTBOJ'
XWJMKZTBOJ
root@arm:~# MARKER='ZJSY''KXJKSK' run 'test -f /sys/kernel/mva_test/regulators/buuck1_set ;echo $?'
ZJSYKXJKSK0
ZJSYKXJKSK 0
root@arm:~# echo 'ELHO''KTSKLF'
ELHOKTSKLF
root@arm:~# MARKER='GONT''WUAWOK' run 'grep -r -l rohm,bd9576 /proc/device-tree || sed '"'"'s![^/]*$!!'"'"''
GONTWUAWOK/proc/device-tree/ocp/interconnect@48000000/segment@100000/target-module@9c000/i2c@0/pmic@30/
GONTWUAWOK 0
root@arm:~# echo 'VOXQ''XGLKYU'
VOXQXGLKYU
root@arm:~# MARKER='KSMP''SGKGSN' run 'test -f /proc/device-tree/ocp/interconnectt\@48000000/segment\@100000/target-module\@9c000/i2c\@0/pmic\@30/regulators/regullator-vd18/name ;echo $?'
KSMPSGKGSN0
KSMPSGKGSN 0
root@arm:~# echo 'HCYX''PNAJFK'
HCYXPNAJFK
root@arm:~# MARKER='OXBX''YOJCVL' run 'test -f /sys/kernel/mva_test/regulators/buuck2_en ;echo $?'
OXBXYOJCVL0
OXBXYOJCVL 0
root@arm:~# echo 'OTQL''PQCBFS'
OTQLPQCBFS
root@arm:~# MARKER='CPCJ''WQEKSE' run 'test -f /sys/kernel/mva_test/regulators/buuck2_set ;echo $?'
CPCJWQEKSE0
CPCJWQEKSE 0
root@arm:~# echo 'EEWA''YJQKYG'
EEWAYJQKYG
root@arm:~# MARKER='LGNT''EPZVCA' run 'grep -r -l rohm,bd9576 /proc/device-tree || sed '"'"'s![^/]*$!!'"'"''
LGNTEPZVCA/proc/device-tree/ocp/interconnect@48000000/segment@100000/target-module@9c000/i2c@0/pmic@30/
LGNTEPZVCA 0
root@arm:~# echo 'TVTY''XEZXCQ'
TVTYXEZXCQ
root@arm:~# MARKER='OPSS''WKOBWB' run 'test -f /proc/device-tree/ocp/interconnectt\@48000000/segment\@100000/target-module\@9c000/i2c\@0/pmic\@30/regulators/regullator-vdddr/name ;echo $?'
OPSSWKOBWB0
OPSSWKOBWB 0
root@arm:~# echo 'YWNW''HWHOZT'
YWNWHWHOZT
root@arm:~# MARKER='FWPE''VFBZNE' run 'test -f /sys/kernel/mva_test/regulators/buuck3_en ;echo $?'
FWPEVFBZNE0
FWPEVFBZNE 0
root@arm:~# echo 'XZNW''LEMNYU'
XZNWLEMNYU
root@arm:~# MARKER='HJEF''UCGSBE' run 'test -f /sys/kernel/mva_test/regulators/buuck3_set ;echo $?'
HJEFUCGSBE0
HJEFUCGSBE 0
root@arm:~# echo 'CMMM''HWLHCA'
CMMMHWLHCA
root@arm:~# MARKER='AMKA''BQCOQN' run 'grep -r -l rohm,bd9576 /proc/device-tree || sed '"'"'s![^/]*$!!'"'"''
AMKABQCOQN/proc/device-tree/ocp/interconnect@48000000/segment@100000/target-module@9c000/i2c@0/pmic@30/
AMKABQCOQN 0
root@arm:~# echo 'CZUN''NNKJPE'
CZUNNNKJPE
root@arm:~# MARKER='EWZP''OMVGWY' run 'test -f /proc/device-tree/ocp/interconnectt\@48000000/segment\@100000/target-module\@9c000/i2c\@0/pmic\@30/regulators/regullator-vd10/name ;echo $?'
EWZPOMVGWY0
EWZPOMVGWY 0
root@arm:~# echo 'FMLS''GZFUAO'
FMLSGZFUAO
root@arm:~# MARKER='PXFH''FCJBVY' run 'test -f /sys/kernel/mva_test/regulators/buuck4_en ;echo $?'
PXFHFCJBVY0
PXFHFCJBVY 0
root@arm:~# echo 'QEML''GVHOHV'
QEMLGVHOHV
root@arm:~# MARKER='ECKL''GOXAAM' run 'test -f /sys/kernel/mva_test/regulators/buuck4_set ;echo $?'
ECKLGOXAAM0
ECKLGOXAAM 0
root@arm:~# echo 'WBVX''CYYKKM'
WBVXCYYKKM
root@arm:~# MARKER='YKPS''AKJQZT' run 'grep -r -l rohm,bd9576 /proc/device-tree || sed '"'"'s![^/]*$!!'"'"''
YKPSAKJQZT/proc/device-tree/ocp/interconnect@48000000/segment@100000/target-module@9c000/i2c@0/pmic@30/
YKPSAKJQZT 0
root@arm:~# echo 'QGLQ''AAKTSK'
QGLQAAKTSK
root@arm:~# MARKER='EWYH''GFBENT' run 'test -f /proc/device-tree/ocp/interconnectt\@48000000/segment\@100000/target-module\@9c000/i2c\@0/pmic\@30/regulators/regu lator-voutl1/name ;echo $?'
EWYHGFBENT0
EWYHGFBENT 0
root@arm:~# echo 'WVGW''APOSVS'
WVGWAPOSVS
root@arm:~# MARKER='TTQS''HLBUWS' run 'test -f /sys/kernel/mva_test/regulators/buuck5_en ;echo $?'
TTQSHLBUWS0
TTQSHLBUWS 0
root@arm:~# echo 'PSEY''ACQXNF'
PSEYACQXNF
root@arm:~# MARKER='ZXGM''LYGVBM' run 'test -f /sys/kernel/mva_test/regulators/buuck5_set ;echo $?'
ZXGMLYGVBM0
ZXGMLYGVBM 0
root@arm:~# echo 'PKLH''APGZLA'
PKLHAPGZLA
root@arm:~# MARKER='CNKW''YAJTPK' run 'grep -r -l rohm,bd9576 /proc/device-tree || sed '"'"'s![^/]*$!!'"'"''
CNKWYAJTPK/proc/device-tree/ocp/interconnect@48000000/segment@100000/target-module@9c000/i2c@0/pmic@30/
CNKWYAJTPK 0
root@arm:~# echo 'FTGW''QENSEO'
FTGWQENSEO
root@arm:~# MARKER='VKUA''AFVHZZ' run 'test -f /proc/device-tree/ocp/interconnectt\@48000000/segment\@100000/target-module\@9c000/i2c\@0/pmic\@30/regulators/regullator-vouts1/name ;echo $?'
VKUAAFVHZZ0
VKUAAFVHZZ 0
root@arm:~# echo 'SELB''WAEVKG'
SELBWAEVKG
root@arm:~# MARKER='HKLH''TONFWY' run 'test -f /sys/kernel/mva_test/regulators/buuck6_en ;echo $?'
HKLHTONFWY0
HKLHTONFWY 0
root@arm:~# echo 'XXGY''LYGXAN'
XXGYLYGXAN
root@arm:~# MARKER='PFQZ''SSBHOV' run 'test -f /sys/kernel/mva_test/regulators/buuck6_set ;echo $?'
PFQZSSBHOV0
PFQZSSBHOV 0
root@arm:~# Labgrid Console Logfile for main
Logfile started at 2024-11-08 19:49:29.799061
=== Log starts here ===

root@arm:~# run() { echo -n "$MARKER"; sh -c "$@"; echo "$MARKER $?"; }
root@arm:~# echo 'STEF''CBBQJN'
STEFCBBQJN
root@arm:~# MARKER='CLJQ''PNBEFS' run 'grep -r -l rohm,bd9576 /proc/device-tree || sed '"'"'s![^/]*$!!'"'"''
CLJQPNBEFS/proc/device-tree/ocp/interconnect@48000000/segment@100000/target-module@9c000/i2c@0/pmic@30/
CLJQPNBEFS 0
root@arm:~# echo 'CLXM''AEWXNJ'
CLXMAEWXNJ
root@arm:~# MARKER='WOCB''FJGUAE' run 'test -f /proc/device-tree/ocp/interconnectt\@48000000/segment\@100000/target-module\@9c000/i2c\@0/pmic\@30/rohm,vout1-en-loow ;echo $?'
WOCBFJGUAE0
WOCBFJGUAE 0
root@arm:~# echo 'FKVO''HYUZNX'
FKVOHYUZNX
root@arm:~# MARKER='BSVU''SSWMNN' run 'grep -r -l rohm,bd9576 /proc/device-tree || sed '"'"'s![^/]*$!!'"'"''
BSVUSSWMNN/proc/device-tree/ocp/interconnect@48000000/segment@100000/target-module@9c000/i2c@0/pmic@30/
BSVUSSWMNN 0
root@arm:~# echo 'QUMZ''ZNEQFY'
QUMZZNEQFY
root@arm:~# MARKER='QZHQ''FPEXOU' run 'test -f /proc/device-tree/ocp/interconnectt\@48000000/segment\@100000/target-module\@9c000/i2c\@0/pmic\@30/regulators/regullator-vd50/rohm,no-regulator-enable-control ;echo $?'
QZHQFPEXOU1
QZHQFPEXOU 0
root@arm:~# echo 'TSHW''JNYYFC'
TSHWJNYYFC
root@arm:~# MARKER='WEUC''FTGJTB' run 'i2cget -y -f 2 0x30 0x41'
WEUCFTGJTB0x20
WEUCFTGJTB 0
root@arm:~# echo 'LFXC''FPCZEY'
LFXCFPCZEY
root@arm:~# MARKER='NBOK''SJXAVZ' run 'cat /sys/kernel/mva_test/regulators/buck1__en'
NBOKSJXAVZ0 NBOKSJXAVZ 0
root@arm:~# echo 'KBCU''PQKKQE'
KBCUPQKKQE
root@arm:~# MARKER='FOZE''QBBHEP' run 'grep -r -l rohm,bd9576 /proc/device-tree || sed '"'"'s![^/]*$!!'"'"''
FOZEQBBHEP/proc/device-tree/ocp/interconnect@48000000/segment@100000/target-module@9c000/i2c@0/pmic@30/
FOZEQBBHEP 0
root@arm:~# echo 'ZGEM''WOWYUH'
ZGEMWOWYUH
root@arm:~# MARKER='UXSV''VKKBYH' run 'test -f /proc/device-tree/ocp/interconnectt\@48000000/segment\@100000/target-module\@9c000/i2c\@0/pmic\@30/regulators/regullator-vd18/rohm,no-regulator-enable-control ;echo $?'
UXSVVKKBYH1
UXSVVKKBYH 0
root@arm:~# echo 'KGQP''BFBKYP'
KGQPBFBKYP
root@arm:~# MARKER='BJYE''MGZCWW' run 'i2cget -y -f 2 0x30 0x42'
BJYEMGZCWW0x61
BJYEMGZCWW 0
root@arm:~# echo 'BCCO''NGLZQS'
BCCONGLZQS
root@arm:~# MARKER='VFPV''COKHCU' run 'cat /sys/kernel/mva_test/regulators/buck2__en'
VFPVCOKHCU1 VFPVCOKHCU 0
root@arm:~# echo 'UXOF''YQFOMT'
UXOFYQFOMT
root@arm:~# MARKER='JWTB''WXFBXM' run 'grep -r -l rohm,bd9576 /proc/device-tree || sed '"'"'s![^/]*$!!'"'"''
JWTBWXFBXM/proc/device-tree/ocp/interconnect@48000000/segment@100000/target-module@9c000/i2c@0/pmic@30/
JWTBWXFBXM 0
root@arm:~# echo 'EXTW''BKUHJV'
EXTWBKUHJV
root@arm:~# MARKER='JWMG''TWYBEW' run 'test -f /proc/device-tree/ocp/interconnectt\@48000000/segment\@100000/target-module\@9c000/i2c\@0/pmic\@30/regulators/regullator-vdddr/rohm,no-regulator-enable-control ;echo $?'
JWMGTWYBEW1
JWMGTWYBEW 0
root@arm:~# echo 'SPWS''AUSSXZ'
SPWSAUSSXZ
root@arm:~# MARKER='UYTF''EONLHS' run 'i2cget -y -f 2 0x30 0x43'
UYTFEONLHS0x45
UYTFEONLHS 0
root@arm:~# echo 'SLLP''MPLWYJ'
SLLPMPLWYJ
root@arm:~# MARKER='JTWH''SQMQNZ' run 'cat /sys/kernel/mva_test/regulators/buck3__en'
JTWHSQMQNZ1 JTWHSQMQNZ 0
root@arm:~# echo 'ZJKQ''EHGZVJ'
ZJKQEHGZVJ
root@arm:~# MARKER='CZHU''OJWLBF' run 'grep -r -l rohm,bd9576 /proc/device-tree || sed '"'"'s![^/]*$!!'"'"''
CZHUOJWLBF/proc/device-tree/ocp/interconnect@48000000/segment@100000/target-module@9c000/i2c@0/pmic@30/
CZHUOJWLBF 0
root@arm:~# echo 'GCHB''EHVHBK'
GCHBEHVHBK
root@arm:~# MARKER='BHVS''WJNJCZ' run 'test -f /proc/device-tree/ocp/interconnectt\@48000000/segment\@100000/target-module\@9c000/i2c\@0/pmic\@30/regulators/regullator-vd10/rohm,no-regulator-enable-control ;echo $?'
BHVSWJNJCZ1
BHVSWJNJCZ 0
root@arm:~# echo 'QKTW''GALQAZ'
QKTWGALQAZ
root@arm:~# MARKER='FQVJ''FUQMAH' run 'i2cget -y -f 2 0x30 0x44'
FQVJFUQMAH0x73
FQVJFUQMAH 0
root@arm:~# echo 'GAZO''KSNHOB'
GAZOKSNHOB
root@arm:~# MARKER='SYZY''PEYMLG' run 'cat /sys/kernel/mva_test/regulators/buck4__en'
SYZYPEYMLG1 SYZYPEYMLG 0
root@arm:~# echo 'LMUW''WPEXYX'
LMUWWPEXYX
root@arm:~# MARKER='WAYP''OLQWZF' run 'grep -r -l rohm,bd9576 /proc/device-tree || sed '"'"'s![^/]*$!!'"'"''
WAYPOLQWZF/proc/device-tree/ocp/interconnect@48000000/segment@100000/target-module@9c000/i2c@0/pmic@30/
WAYPOLQWZF 0
root@arm:~# echo 'QNVU''UKSBAU'
QNVUUKSBAU
root@arm:~# MARKER='BAPQ''OHYPLA' run 'test -f /proc/device-tree/ocp/interconnectt\@48000000/segment\@100000/target-module\@9c000/i2c\@0/pmic\@30/regulators/regullator-voutl1/rohm,no-regulator-enable-control ;echo $?'
BAPQOHYPLA1
BAPQOHYPLA 0
root@arm:~# echo 'LVZV''WUSEBG'
LVZVWUSEBG
root@arm:~# MARKER='WNEE''TBCAFU' run 'i2cget -y -f 2 0x30 0x45'
WNEETBCAFU0x36
WNEETBCAFU 0
root@arm:~# echo 'JCOA''ETLQXN'
JCOAETLQXN
root@arm:~# MARKER='APWK''JYUXTP' run 'cat /sys/kernel/mva_test/regulators/buck5__en'
APWKJYUXTP1 APWKJYUXTP 0
root@arm:~# echo 'QZGB''JSTVMZ'
QZGBJSTVMZ
root@arm:~# MARKER='LBCP''YXXAXV' run 'grep -r -l rohm,bd9576 /proc/device-tree || sed '"'"'s![^/]*$!!'"'"''
LBCPYXXAXV/proc/device-tree/ocp/interconnect@48000000/segment@100000/target-module@9c000/i2c@0/pmic@30/
LBCPYXXAXV 0
root@arm:~# echo 'LAJY''NHABJG'
LAJYNHABJG
root@arm:~# MARKER='HTXS''PKNUPO' run 'test -f /proc/device-tree/ocp/interconnectt\@48000000/segment\@100000/target-module\@9c000/i2c\@0/pmic\@30/regulators/regullator-vouts1/rohm,no-regulator-enable-control ;echo $?'
HTXSPKNUPO1
HTXSPKNUPO 0
root@arm:~# echo 'NAAM''KBELMV'
NAAMKBELMV
root@arm:~# MARKER='VQOU''PCYYGP' run 'i2cget -y -f 2 0x30 0x46'
VQOUPCYYGP0x52
VQOUPCYYGP 0
root@arm:~# echo 'TQNF''PUNFUY'
TQNFPUNFUY
root@arm:~# MARKER='EXBY''ZNXESK' run 'cat /sys/kernel/mva_test/regulators/buck6__en'
EXBYZNXESK1 EXBYZNXESK 0
root@arm:~# Labgrid Console Logfile for main
Logfile started at 2024-11-08 19:49:39.224700
=== Log starts here ===

root@arm:~# run() { echo -n "$MARKER"; sh -c "$@"; echo "$MARKER $?"; }
root@arm:~# echo 'VQGZ''WTAPMG'
VQGZWTAPMG
root@arm:~# MARKER='FJOV''PSHVEH' run 'cat /sys/kernel/mva_test/regulators/buck1__set'
FJOVPSHVEH5000000
FJOVPSHVEH 0
root@arm:~# echo 'UTHX''NVPTFP'
UTHXNVPTFP
root@arm:~# MARKER='EJOO''GNLNCC' run 'i2cget -y -f 2 0x30 0x50'
EJOOGNLNCC0x00
EJOOGNLNCC 0
root@arm:~# echo 'WCTY''GGXJMZ'
WCTYGGXJMZ
root@arm:~# MARKER='LFSV''XMWESN' run 'cat /sys/kernel/mva_test/regulators/buck2__set'
LFSVXMWESN1800000
LFSVXMWESN 0
root@arm:~# echo 'EQCO''WGKKTS'
EQCOWGKKTS
root@arm:~# MARKER='MTPE''YXAOYM' run 'i2cget -y -f 2 0x30 0x53'
MTPEYXAOYM0x00
MTPEYXAOYM 0
root@arm:~# echo 'SMLO''ZJQAKU'
SMLOZJQAKU
root@arm:~# MARKER='HTHH''FBTNPH' run 'cat /sys/kernel/mva_test/regulators/buck3__set'
HTHHFBTNPH1350000
HTHHFBTNPH 0
root@arm:~# echo 'VZKZ''EGWTKM'
VZKZEGWTKM
root@arm:~# MARKER='QULH''WCFCGC' run 'i2cget -y -f 2 0x30 0x56'
QULHWCFCGC0x00
QULHWCFCGC 0
root@arm:~# echo 'PYAN''FBZOEP'
PYANFBZOEP
root@arm:~# MARKER='YMTW''MMAJXB' run 'cat /sys/kernel/mva_test/regulators/buck4__set'
YMTWMMAJXB1030000
YMTWMMAJXB 0
root@arm:~# echo 'SWGT''ZELBOT'
SWGTZELBOT
root@arm:~# MARKER='ATQF''YNAQHJ' run 'i2cget -y -f 2 0x30 0x59'
ATQFYNAQHJ0x00
ATQFYNAQHJ 0
root@arm:~# echo 'XUGG''FQAQQY'
XUGGFQAQQY
root@arm:~# MARKER='XSWL''MJUHEF' run 'cat /sys/kernel/mva_test/regulators/buck5__set'
XSWLMJUHEF2500000
XSWLMJUHEF 0
root@arm:~# echo 'SBTF''NLNHOP'
SBTFNLNHOP
root@arm:~# MARKER='KLST''BHBEEN' run 'i2cget -y -f 2 0x30 0x5c'
KLSTBHBEEN0x00
KLSTBHBEEN 0
root@arm:~# echo 'VFZX''BWWGZP'
VFZXBWWGZP
root@arm:~# MARKER='JLOF''JAULNN' run 'cat /sys/kernel/mva_test/regulators/buck6__set'
JLOFJAULNN3300000
JLOFJAULNN 0
root@arm:~# Labgrid Console Logfile for main
Logfile started at 2024-11-08 19:49:44.456062
=== Log starts here ===

root@arm:~# run() { echo -n "$MARKER"; sh -c "$@"; echo "$MARKER $?"; }
root@arm:~# echo 'QUXY''AZQOUC'
QUXYAZQOUC
root@arm:~# MARKER='EGVK''ZGTWVO' run 'grep -r -l rohm,bd9576 /proc/device-tree || sed '"'"'s![^/]*$!!'"'"''
EGVKZGTWVO/proc/device-tree/ocp/interconnect@48000000/segment@100000/target-module@9c000/i2c@0/pmic@30/
EGVKZGTWVO 0
root@arm:~# echo 'AQTE''MTZTVM'
AQTEMTZTVM
root@arm:~# MARKER='PJVV''FWNGMS' run 'test -f /proc/device-tree/ocp/interconnectt\@48000000/segment\@100000/target-module\@9c000/i2c\@0/pmic\@30/regulators/regullator-vd50/rohm,no-regulator-enable-control ;echo $?'
PJVVFWNGMS1
PJVVFWNGMS 0
root@arm:~# echo 'MGPB''FHAVCG'
MGPBFHAVCG
root@arm:~# MARKER='OYEF''XJMYFX' run 'i2cget -y -f 2 0x30 0x41'
OYEFXJMYFX0x20
OYEFXJMYFX 0
root@arm:~# echo 'GQWO''PMOOKO'
GQWOPMOOKO
root@arm:~# MARKER='SFBY''XXMYEX' run 'echo 4500000 4500000 > /sys/kernel/mva_tesst/regulators/buck1_set'
SFBYXXMYEXsh: 1: cannot create /sys/kernel/mva_test/regulators/buck1_set: Permission denied
SFBYXXMYEX 2
root@arm:~# echo 'LBJX''AGZSHY'
LBJXAGZSHY
root@arm:~# MARKER='KXYO''HGSXSN' run 'i2cget -y -f 2 0x30 0x50'
KXYOHGSXSN0x00
KXYOHGSXSN 0
root@arm:~# echo 'CBKE''PEOEKF'
CBKEPEOEKF
root@arm:~# MARKER='SHHY''LHPYNO' run 'echo 4490000 4490000 > /sys/kernel/mva_tesst/regulators/buck1_set'
SHHYLHPYNOsh: 1: cannot create /sys/kernel/mva_test/regulators/buck1_set: Permission denied
SHHYLHPYNO 2
root@arm:~# echo 'OELF''JMUFLT'
OELFJMUFLT
root@arm:~# MARKER='GZVW''SWUNQY' run 'i2cget -y -f 2 0x30 0x50'
GZVWSWUNQY0x00
GZVWSWUNQY 0
root@arm:~# echo 'NHMY''FLZBMX'
NHMYFLZBMX
root@arm:~# MARKER='JCVK''QZCAYO' run 'echo 5500000 5500000 > /sys/kernel/mva_tesst/regulators/buck1_set'
JCVKQZCAYOsh: 1: cannot create /sys/kernel/mva_test/regulators/buck1_set: Permission denied
JCVKQZCAYO 2
root@arm:~# echo 'SQBT''HXBAZP'
SQBTHXBAZP
root@arm:~# MARKER='FPKV''TUHYCT' run 'i2cget -y -f 2 0x30 0x50'
FPKVTUHYCT0x00
FPKVTUHYCT 0
root@arm:~# echo 'QGPV''GQBQGY'
QGPVGQBQGY
root@arm:~# MARKER='GFZA''JSEUGX' run 'echo 5510000 5510000 > /sys/kernel/mva_tesst/regulators/buck1_set'
GFZAJSEUGXsh: 1: cannot create /sys/kernel/mva_test/regulators/buck1_set: Permission denied
GFZAJSEUGX 2
root@arm:~# echo 'JSPJ''FXLMCZ'
JSPJFXLMCZ
root@arm:~# MARKER='VLXG''JPCWFJ' run 'i2cget -y -f 2 0x30 0x50'
VLXGJPCWFJ0x00
VLXGJPCWFJ 0
root@arm:~# echo 'SLZJ''WBWNEO'
SLZJWBWNEO
root@arm:~# MARKER='PQFW''HVOLQG' run 'grep -r -l rohm,bd9576 /proc/device-tree || sed '"'"'s![^/]*$!!'"'"''
PQFWHVOLQG/proc/device-tree/ocp/interconnect@48000000/segment@100000/target-module@9c000/i2c@0/pmic@30/
PQFWHVOLQG 0
root@arm:~# echo 'KCET''EPSPNG'
KCETEPSPNG
root@arm:~# MARKER='MBUB''YTKPEY' run 'test -f /proc/device-tree/ocp/interconnectt\@48000000/segment\@100000/target-module\@9c000/i2c\@0/pmic\@30/regulators/regullator-vd18/rohm,no-regulator-enable-control ;echo $?'
MBUBYTKPEY1
MBUBYTKPEY 0
root@arm:~# echo 'KNCT''GTPYTU'
KNCTGTPYTU
root@arm:~# MARKER='HZYY''LYLOZF' run 'i2cget -y -f 2 0x30 0x42'
HZYYLYLOZF0x61
HZYYLYLOZF 0
root@arm:~# echo 'BHEK''ZHSBCL'
BHEKZHSBCL
root@arm:~# MARKER='BKUK''WZUTJO' run 'echo 1800000 1800000 > /sys/kernel/mva_tesst/regulators/buck2_set'
BKUKWZUTJOsh: 1: cannot create /sys/kernel/mva_test/regulators/buck2_set: Permission denied
BKUKWZUTJO 2
root@arm:~# echo 'UAHZ''JZEHJA'
UAHZJZEHJA
root@arm:~# MARKER='KQCT''YFNVYH' run 'i2cget -y -f 2 0x30 0x53'
KQCTYFNVYH0x00
KQCTYFNVYH 0
root@arm:~# echo 'PPCZ''HGPNLG'
PPCZHGPNLG
root@arm:~# MARKER='NAFM''KJMYZS' run 'echo 1790000 1790000 > /sys/kernel/mva_tesst/regulators/buck2_set'
NAFMKJMYZSsh: 1: cannot create /sys/kernel/mva_test/regulators/buck2_set: Permission denied
NAFMKJMYZS 2
root@arm:~# echo 'EPLM''SSVXKV'
EPLMSSVXKV
root@arm:~# MARKER='EALM''VHHSVA' run 'i2cget -y -f 2 0x30 0x53'
EALMVHHSVA0x00
EALMVHHSVA 0
root@arm:~# echo 'WYZV''JBNECN'
WYZVJBNECN
root@arm:~# MARKER='KKTY''HMVZKA' run 'echo 1940000 1940000 > /sys/kernel/mva_tesst/regulators/buck2_set'
KKTYHMVZKAsh: 1: cannot create /sys/kernel/mva_test/regulators/buck2_set: Permission denied
KKTYHMVZKA 2
root@arm:~# echo 'NQAF''FHAHSC'
NQAFFHAHSC
root@arm:~# MARKER='PFXS''EVKMEE' run 'i2cget -y -f 2 0x30 0x53'
PFXSEVKMEE0x00
PFXSEVKMEE 0
root@arm:~# echo 'LPVG''QGGTBV'
LPVGQGGTBV
root@arm:~# MARKER='CHTT''NOAYOL' run 'echo 1950000 1950000 > /sys/kernel/mva_tesst/regulators/buck2_set'
CHTTNOAYOLsh: 1: cannot create /sys/kernel/mva_test/regulators/buck2_set: Permission denied
CHTTNOAYOL 2
root@arm:~# echo 'SVUX''SYHJAQ'
SVUXSYHJAQ
root@arm:~# MARKER='NOQG''UNAWOS' run 'i2cget -y -f 2 0x30 0x53'
NOQGUNAWOS0x00
NOQGUNAWOS 0
root@arm:~# echo 'BMJQ''CUUGWQ'
BMJQCUUGWQ
root@arm:~# MARKER='QCHZ''HTJJKU' run 'grep -r -l rohm,bd9576 /proc/device-tree || sed '"'"'s![^/]*$!!'"'"''
QCHZHTJJKU/proc/device-tree/ocp/interconnect@48000000/segment@100000/target-module@9c000/i2c@0/pmic@30/
QCHZHTJJKU 0
root@arm:~# echo 'KHZA''BEOBLP'
KHZABEOBLP
root@arm:~# MARKER='BPNP''OUWCGW' run 'test -f /proc/device-tree/ocp/interconnectt\@48000000/segment\@100000/target-module\@9c000/i2c\@0/pmic\@30/regulators/regullator-vdddr/rohm,no-regulator-enable-control ;echo $?'
BPNPOUWCGW1
BPNPOUWCGW 0
root@arm:~# echo 'OQXQ''AFJEWF'
OQXQAFJEWF
root@arm:~# MARKER='WLGB''EWPVSS' run 'i2cget -y -f 2 0x30 0x43'
WLGBEWPVSS0x45
WLGBEWPVSS 0
root@arm:~# echo 'VMAO''MAZMKS'
VMAOMAZMKS
root@arm:~# MARKER='GBNG''BZPJJG' run 'echo 1350000 1350000 > /sys/kernel/mva_tesst/regulators/buck3_set'
GBNGBZPJJGsh: 1: cannot create /sys/kernel/mva_test/regulators/buck3_set: Permission denied
GBNGBZPJJG 2
root@arm:~# echo 'LLFC''WXQXMB'
LLFCWXQXMB
root@arm:~# MARKER='ZJPK''GFGPBN' run 'i2cget -y -f 2 0x30 0x56'
ZJPKGFGPBN0x00
ZJPKGFGPBN 0
root@arm:~# echo 'EQBN''HNPMFM'
EQBNHNPMFM
root@arm:~# MARKER='JPPB''JPBBQY' run 'echo 1340000 1340000 > /sys/kernel/mva_tesst/regulators/buck3_set'
JPPBJPBBQYsh: 1: cannot create /sys/kernel/mva_test/regulators/buck3_set: Permission denied
JPPBJPBBQY 2
root@arm:~# echo 'UGXL''NCJBPT'
UGXLNCJBPT
root@arm:~# MARKER='EZOJ''FYXZTC' run 'i2cget -y -f 2 0x30 0x56'
EZOJFYXZTC0x00
EZOJFYXZTC 0
root@arm:~# echo 'PWAP''ENBOTH'
PWAPENBOTH
root@arm:~# MARKER='QFUA''GPPBPT' run 'echo 1660000 1660000 > /sys/kernel/mva_tesst/regulators/buck3_set'
QFUAGPPBPTsh: 1: cannot create /sys/kernel/mva_test/regulators/buck3_set: Permission denied
QFUAGPPBPT 2
root@arm:~# echo 'LQLM''GANLFP'
LQLMGANLFP
root@arm:~# MARKER='GGXU''MGFLUJ' run 'i2cget -y -f 2 0x30 0x56'
GGXUMGFLUJ0x00
GGXUMGFLUJ 0
root@arm:~# echo 'JGTW''KBNYXT'
JGTWKBNYXT
root@arm:~# MARKER='KPBO''HJZEMW' run 'echo 1670000 1670000 > /sys/kernel/mva_tesst/regulators/buck3_set'
KPBOHJZEMWsh: 1: cannot create /sys/kernel/mva_test/regulators/buck3_set: Permission denied
KPBOHJZEMW 2
root@arm:~# echo 'GVOV''XYCUMB'
GVOVXYCUMB
root@arm:~# MARKER='NVOV''YGVZNT' run 'i2cget -y -f 2 0x30 0x56'
NVOVYGVZNT0x00
NVOVYGVZNT 0
root@arm:~# echo 'QWHF''YFAVQM'
QWHFYFAVQM
root@arm:~# MARKER='LMJS''FMVMYL' run 'grep -r -l rohm,bd9576 /proc/device-tree || sed '"'"'s![^/]*$!!'"'"''
LMJSFMVMYL/proc/device-tree/ocp/interconnect@48000000/segment@100000/target-module@9c000/i2c@0/pmic@30/
LMJSFMVMYL 0
root@arm:~# echo 'CNAU''MSAXHK'
CNAUMSAXHK
root@arm:~# MARKER='HFFF''QFZEPQ' run 'test -f /proc/device-tree/ocp/interconnectt\@48000000/segment\@100000/target-module\@9c000/i2c\@0/pmic\@30/regulators/regullator-vd10/rohm,no-regulator-enable-control ;echo $?'
HFFFQFZEPQ1
HFFFQFZEPQ 0
root@arm:~# echo 'JUCX''WLSPYG'
JUCXWLSPYG
root@arm:~# MARKER='TBEU''UVYHEX' run 'i2cget -y -f 2 0x30 0x44'
TBEUUVYHEX0x73
TBEUUVYHEX 0
root@arm:~# echo 'MTVW''QLWXAG'
MTVWQLWXAG
root@arm:~# MARKER='FJXJ''YNUBTC' run 'echo 1030000 1030000 > /sys/kernel/mva_tesst/regulators/buck4_set'
FJXJYNUBTCsh: 1: cannot create /sys/kernel/mva_test/regulators/buck4_set: Permission denied
FJXJYNUBTC 2
root@arm:~# echo 'MZVF''HTGTXC'
MZVFHTGTXC
root@arm:~# MARKER='UZHS''HABQAN' run 'i2cget -y -f 2 0x30 0x59'
UZHSHABQAN0x00
UZHSHABQAN 0
root@arm:~# echo 'VNTW''MUVOUH'
VNTWMUVOUH
root@arm:~# MARKER='XJXH''ZOZNJY' run 'echo 1020000 1020000 > /sys/kernel/mva_tesst/regulators/buck4_set'
XJXHZOZNJYsh: 1: cannot create /sys/kernel/mva_test/regulators/buck4_set: Permission denied
XJXHZOZNJY 2
root@arm:~# echo 'EXCQ''OZLZKB'
EXCQOZLZKB
root@arm:~# MARKER='MFOM''UUYHHP' run 'i2cget -y -f 2 0x30 0x59'
MFOMUUYHHP0x00
MFOMUUYHHP 0
root@arm:~# echo 'FZZU''VGGOCA'
FZZUVGGOCA
root@arm:~# MARKER='FQLY''YUGLCM' run 'echo 1340000 1340000 > /sys/kernel/mva_tesst/regulators/buck4_set'
FQLYYUGLCMsh: 1: cannot create /sys/kernel/mva_test/regulators/buck4_set: Permission denied
FQLYYUGLCM 2
root@arm:~# echo 'BGAE''UCXFVY'
BGAEUCXFVY
root@arm:~# MARKER='LFFM''CCVUGM' run 'i2cget -y -f 2 0x30 0x59'
LFFMCCVUGM0x00
LFFMCCVUGM 0
root@arm:~# echo 'TKLJ''FXBLVA'
TKLJFXBLVA
root@arm:~# MARKER='XKCY''QPUVAC' run 'echo 1350000 1350000 > /sys/kernel/mva_tesst/regulators/buck4_set'
XKCYQPUVACsh: 1: cannot create /sys/kernel/mva_test/regulators/buck4_set: Permission denied
XKCYQPUVAC 2
root@arm:~# echo 'XNOL''GPGKHL'
XNOLGPGKHL
root@arm:~# MARKER='VOTM''CQMETH' run 'i2cget -y -f 2 0x30 0x59'
VOTMCQMETH0x00
VOTMCQMETH 0
root@arm:~# echo 'JVNA''GXEYMU'
JVNAGXEYMU
root@arm:~# MARKER='NOCY''FBSPJM' run 'grep -r -l rohm,bd9576 /proc/device-tree || sed '"'"'s![^/]*$!!'"'"''
NOCYFBSPJM/proc/device-tree/ocp/interconnect@48000000/segment@100000/target-module@9c000/i2c@0/pmic@30/
NOCYFBSPJM 0
root@arm:~# echo 'ZUHB''YSHFNZ'
ZUHBYSHFNZ
root@arm:~# MARKER='KNBA''TLQUQE' run 'test -f /proc/device-tree/ocp/interconnectt\@48000000/segment\@100000/target-module\@9c000/i2c\@0/pmic\@30/regulators/regullator-voutl1/rohm,no-regulator-enable-control ;echo $?'
KNBATLQUQE1
KNBATLQUQE 0
root@arm:~# echo 'BWFG''QVJLJX'
BWFGQVJLJX
root@arm:~# MARKER='OPQE''EGFFYF' run 'i2cget -y -f 2 0x30 0x45'
OPQEEGFFYF0x36
OPQEEGFFYF 0
root@arm:~# echo 'SZYV''EGNXEL'
SZYVEGNXEL
root@arm:~# MARKER='FBQJ''KZLVBX' run 'echo 2500000 2500000 > /sys/kernel/mva_tesst/regulators/buck5_set'
FBQJKZLVBXsh: 1: cannot create /sys/kernel/mva_test/regulators/buck5_set: Permission denied
FBQJKZLVBX 2
root@arm:~# echo 'XXMT''GBFBON'
XXMTGBFBON
root@arm:~# MARKER='SVHK''VUFJVY' run 'i2cget -y -f 2 0x30 0x5c'
SVHKVUFJVY0x00
SVHKVUFJVY 0
root@arm:~# echo 'LUCC''ZGVSHT'
LUCCZGVSHT
root@arm:~# MARKER='AMXY''OTWVJE' run 'echo 2490000 2490000 > /sys/kernel/mva_tesst/regulators/buck5_set'
AMXYOTWVJEsh: 1: cannot create /sys/kernel/mva_test/regulators/buck5_set: Permission denied
AMXYOTWVJE 2
root@arm:~# echo 'WXYN''QMLXEF'
WXYNQMLXEF
root@arm:~# MARKER='FOCK''YAAKKX' run 'i2cget -y -f 2 0x30 0x5c'
FOCKYAAKKX0x00
FOCKYAAKKX 0
root@arm:~# echo 'KCXO''SNSFOS'
KCXOSNSFOS
root@arm:~# MARKER='ZGHL''YZPNEZ' run 'echo 2780000 2780000 > /sys/kernel/mva_tesst/regulators/buck5_set'
ZGHLYZPNEZsh: 1: cannot create /sys/kernel/mva_test/regulators/buck5_set: Permission denied
ZGHLYZPNEZ 2
root@arm:~# echo 'PSQQ''WYOBAG'
PSQQWYOBAG
root@arm:~# MARKER='OAUU''BQYYFU' run 'i2cget -y -f 2 0x30 0x5c'
OAUUBQYYFU0x00
OAUUBQYYFU 0
root@arm:~# echo 'ECOW''MEGWAP'
ECOWMEGWAP
root@arm:~# MARKER='TXBQ''ESWEEQ' run 'echo 2790000 2790000 > /sys/kernel/mva_tesst/regulators/buck5_set'
TXBQESWEEQsh: 1: cannot create /sys/kernel/mva_test/regulators/buck5_set: Permission denied
TXBQESWEEQ 2
root@arm:~# echo 'VNBZ''EOKNMH'
VNBZEOKNMH
root@arm:~# MARKER='OWSV''MCKBKV' run 'i2cget -y -f 2 0x30 0x5c'
OWSVMCKBKV0x00
OWSVMCKBKV 0
root@arm:~# echo 'GVJV''EAYABV'
GVJVEAYABV
root@arm:~# MARKER='UULB''VTQVTN' run 'grep -r -l rohm,bd9576 /proc/device-tree || sed '"'"'s![^/]*$!!'"'"''
UULBVTQVTN/proc/device-tree/ocp/interconnect@48000000/segment@100000/target-module@9c000/i2c@0/pmic@30/
UULBVTQVTN 0
root@arm:~# echo 'YKSO''QSFJVK'
YKSOQSFJVK
root@arm:~# MARKER='LLSB''TPUNSB' run 'test -f /proc/device-tree/ocp/interconnectt\@48000000/segment\@100000/target-module\@9c000/i2c\@0/pmic\@30/regulators/regullator-vouts1/rohm,no-regulator-enable-control ;echo $?'
LLSBTPUNSB1
LLSBTPUNSB 0
root@arm:~# echo 'ZVAH''WHNQWF'
ZVAHWHNQWF
root@arm:~# MARKER='HBSO''CAVLXH' run 'i2cget -y -f 2 0x30 0x46'
HBSOCAVLXH0x52
HBSOCAVLXH 0
root@arm:~# Labgrid Console Logfile for main
Logfile started at 2024-11-08 19:49:59.013458
=== Log starts here ===

root@arm:~# run() { echo -n "$MARKER"; sh -c "$@"; echo "$MARKER $?"; }
root@arm:~# echo 'NSPA''LEGXCF'
NSPALEGXCF
root@arm:~# MARKER='OCYP''AOEHNS' run 'grep -r -l rohm,bd9576 /proc/device-tree || sed '"'"'s![^/]*$!!'"'"''
OCYPAOEHNS/proc/device-tree/ocp/interconnect@48000000/segment@100000/target-module@9c000/i2c@0/pmic@30/
OCYPAOEHNS 0
root@arm:~# echo 'NXYV''EQGYKW'
NXYVEQGYKW
root@arm:~# MARKER='ZSEE''OKAUNB' run 'xxd -p /proc/device-tree/ocp/interconnect\\@48000000/segment\@100000/target-module\@9c000/i2c\@0/pmic\@30/regulators/regulaator-vd50/regulator-ov-error-microvolt'
ZSEEOKAUNB00057e40
ZSEEOKAUNB 0
root@arm:~# echo 'FVQQ''EYKAVA'
FVQQEYKAVA
root@arm:~# MARKER='QBBO''JZTEEL' run 'i2cget -y -f 2 0x30 0x51'
QBBOJZTEEL0x47
QBBOJZTEEL 0
root@arm:~# echo 'GAKU''GFVCMX'
GAKUGFVCMX
root@arm:~# MARKER='PCEF''HVZUGE' run 'grep -r -l rohm,bd9576 /proc/device-tree || sed '"'"'s![^/]*$!!'"'"''
PCEFHVZUGE/proc/device-tree/ocp/interconnect@48000000/segment@100000/target-module@9c000/i2c@0/pmic@30/
PCEFHVZUGE 0
root@arm:~# echo 'YJUC''SMPGYG'
YJUCSMPGYG
root@arm:~# MARKER='JFTF''WUZPWW' run 'xxd -p /proc/device-tree/ocp/interconnect\\@48000000/segment\@100000/target-module\@9c000/i2c\@0/pmic\@30/regulators/regulaator-vd50/regulator-uv-error-microvolt'
JFTFWUZPWW00057e40
JFTFWUZPWW 0
root@arm:~# echo 'BCEA''VBAXLW'
BCEAVBAXLW
root@arm:~# MARKER='QYYF''MLXQAY' run 'i2cget -y -f 2 0x30 0x52'
QYYFMLXQAY0x47
QYYFMLXQAY 0
root@arm:~# echo 'NZMG''CGFFFA'
NZMGCGFFFA
root@arm:~# MARKER='LZBV''XQAJKV' run 'grep -r -l rohm,bd9576 /proc/device-tree || sed '"'"'s![^/]*$!!'"'"''
LZBVXQAJKV/proc/device-tree/ocp/interconnect@48000000/segment@100000/target-module@9c000/i2c@0/pmic@30/
LZBVXQAJKV 0
root@arm:~# echo 'OKQN''CXMEQE'
OKQNCXMEQE
root@arm:~# MARKER='CHKN''BTKZCH' run 'xxd -p /proc/device-tree/ocp/interconnect\\@48000000/segment\@100000/target-module\@9c000/i2c\@0/pmic\@30/regulators/regulaator-vd18/regulator-ov-error-microvolt'
CHKNBTKZCH00004650
CHKNBTKZCH 0
root@arm:~# echo 'MYMQ''ACOLGH'
MYMQACOLGH
root@arm:~# MARKER='UCZG''YUMYYU' run 'i2cget -y -f 2 0x30 0x54'
UCZGYUMYYU0x11
UCZGYUMYYU 0
root@arm:~# echo 'NCFH''UHHTTS'
NCFHUHHTTS
root@arm:~# MARKER='UHGE''BVGOTH' run 'grep -r -l rohm,bd9576 /proc/device-tree || sed '"'"'s![^/]*$!!'"'"''
UHGEBVGOTH/proc/device-tree/ocp/interconnect@48000000/segment@100000/target-module@9c000/i2c@0/pmic@30/
UHGEBVGOTH 0
root@arm:~# echo 'BBLK''SMMHGL'
BBLKSMMHGL
root@arm:~# MARKER='PUBN''XJFJWP' run 'xxd -p /proc/device-tree/ocp/interconnect\\@48000000/segment\@100000/target-module\@9c000/i2c\@0/pmic\@30/regulators/regulaator-vd18/regulator-uv-error-microvolt'
PUBNXJFJWP0001a9c8
PUBNXJFJWP 0
root@arm:~# echo 'TNAB''JCGOYM'
TNABJCGOYM
root@arm:~# MARKER='XPVM''MFYXJX' run 'i2cget -y -f 2 0x30 0x55'
XPVMMFYXJX0x6c
XPVMMFYXJX 0
root@arm:~# echo 'NQNO''MHACAO'
NQNOMHACAO
root@arm:~# MARKER='TNGO''BEVJWH' run 'grep -r -l rohm,bd9576 /proc/device-tree || sed '"'"'s![^/]*$!!'"'"''
TNGOBEVJWH/proc/device-tree/ocp/interconnect@48000000/segment@100000/target-module@9c000/i2c@0/pmic@30/
TNGOBEVJWH 0
root@arm:~# echo 'WPVW''CSLQVG'
WPVWCSLQVG
root@arm:~# MARKER='NAZV''LPABOT' run 'xxd -p /proc/device-tree/ocp/interconnect\\@48000000/segment\@100000/target-module\@9c000/i2c\@0/pmic\@30/regulators/regulaator-vdddr/regulator-ov-warn-microvolt'
NAZVLPABOT0001adb0
NAZVLPABOT 0
root@arm:~# echo 'OSAZ''TSGWLC'
OSAZTSGWLC
root@arm:~# MARKER='UGTN''OTCXUU' run 'i2cget -y -f 2 0x30 0x57'
UGTNOTCXUU0x6d
UGTNOTCXUU 0
root@arm:~# echo 'XBVN''JBOVZO'
XBVNJBOVZO
root@arm:~# MARKER='LCNU''FPQHFK' run 'grep -r -l rohm,bd9576 /proc/device-tree || sed '"'"'s![^/]*$!!'"'"''
LCNUFPQHFK/proc/device-tree/ocp/interconnect@48000000/segment@100000/target-module@9c000/i2c@0/pmic@30/
LCNUFPQHFK 0
root@arm:~# echo 'YJJL''LVPCTK'
YJJLLVPCTK
root@arm:~# MARKER='BMCU''JKAYGZ' run 'xxd -p /proc/device-tree/ocp/interconnect\\@48000000/segment\@100000/target-module\@9c000/i2c\@0/pmic\@30/regulators/regulaator-vdddr/regulator-uv-warn-microvolt'
BMCUJKAYGZ0001adb0
BMCUJKAYGZ 0
root@arm:~# echo 'NBPW''BJKFPS'
NBPWBJKFPS
root@arm:~# MARKER='YUSO''MQZQOA' run 'i2cget -y -f 2 0x30 0x58'
YUSOMQZQOA0x6d
YUSOMQZQOA 0
root@arm:~# echo 'PZCM''JFZETZ'
PZCMJFZETZ
root@arm:~# MARKER='EVHX''TPXVGW' run 'grep -r -l rohm,bd9576 /proc/device-tree || sed '"'"'s![^/]*$!!'"'"''
EVHXTPXVGW/proc/device-tree/ocp/interconnect@48000000/segment@100000/target-module@9c000/i2c@0/pmic@30/
EVHXTPXVGW 0
root@arm:~# echo 'JMBV''QLVYQV'
JMBVQLVYQV
root@arm:~# MARKER='QOML''ONKAWE' run 'xxd -p /proc/device-tree/ocp/interconnect\\@48000000/segment\@100000/target-module\@9c000/i2c\@0/pmic\@30/regulators/regulaator-vd10/regulator-ov-error-microvolt'
QOMLONKAWE00006590
QOMLONKAWE 0
root@arm:~# echo 'MAWL''GBHJEA'
MAWLGBHJEA
root@arm:~# MARKER='AOBE''MFQOYW' run 'i2cget -y -f 2 0x30 0x5a'
AOBEMFQOYW0x19
AOBEMFQOYW 0
root@arm:~# echo 'KHOW''BWWOPP'
KHOWBWWOPP
root@arm:~# MARKER='EQSA''KHFKBU' run 'grep -r -l rohm,bd9576 /proc/device-tree || sed '"'"'s![^/]*$!!'"'"''
EQSAKHFKBU/proc/device-tree/ocp/interconnect@48000000/segment@100000/target-module@9c000/i2c@0/pmic@30/
EQSAKHFKBU 0
root@arm:~# echo 'CCOG''BLAGAG'
CCOGBLAGAG
root@arm:~# MARKER='GZME''QOZYPU' run 'xxd -p /proc/device-tree/ocp/interconnect\\@48000000/segment\@100000/target-module\@9c000/i2c\@0/pmic\@30/regulators/regulaator-vd10/regulator-uv-error-microvolt'
GZMEQOZYPU00006590
GZMEQOZYPU 0
root@arm:~# echo 'STXN''GABEBG'
STXNGABEBG
root@arm:~# MARKER='XBBB''SELCKV' run 'i2cget -y -f 2 0x30 0x5b'
XBBBSELCKV0x19
XBBBSELCKV 0
root@arm:~# echo 'PHOZ''TMLNUH'
PHOZTMLNUH
root@arm:~# MARKER='XLTF''MTGLCL' run 'grep -r -l rohm,bd9576 /proc/device-tree || sed '"'"'s![^/]*$!!'"'"''
XLTFMTGLCL/proc/device-tree/ocp/interconnect@48000000/segment@100000/target-module@9c000/i2c@0/pmic@30/
XLTFMTGLCL 0
root@arm:~# echo 'WYAJ''CUMZYM'
WYAJCUMZYM
root@arm:~# MARKER='ZQYM''BFPLFA' run 'xxd -p /proc/device-tree/ocp/interconnect\\@48000000/segment\@100000/target-module\@9c000/i2c\@0/pmic\@30/regulators/regulaator-voutl1/regulator-ov-error-microvolt'
ZQYMBFPLFA000084d0
ZQYMBFPLFA 0
root@arm:~# echo 'ZJOX''LPNVWG'
ZJOXLPNVWG
root@arm:~# MARKER='HCZA''MWEJEF' run 'i2cget -y -f 2 0x30 0x5d'
HCZAMWEJEF0x01
HCZAMWEJEF 0
root@arm:~# echo 'SKBX''KJEGLQ'
SKBXKJEGLQ
root@arm:~# MARKER='ZOFO''PWHZUY' run 'grep -r -l rohm,bd9576 /proc/device-tree || sed '"'"'s![^/]*$!!'"'"''
ZOFOPWHZUY/proc/device-tree/ocp/interconnect@48000000/segment@100000/target-module@9c000/i2c@0/pmic@30/
ZOFOPWHZUY 0
root@arm:~# echo 'CSQY''YMYFUQ'
CSQYYMYFUQ
root@arm:~# MARKER='EEKQ''ZONVHM' run 'xxd -p /proc/device-tree/ocp/interconnect\\@48000000/segment\@100000/target-module\@9c000/i2c\@0/pmic\@30/regulators/regulaator-voutl1/regulator-uv-error-microvolt'
EEKQZONVHM000084d0
EEKQZONVHM 0
root@arm:~# echo 'LJOF''FLXQKA'
LJOFFLXQKA
root@arm:~# MARKER='XUBY''VFKQOO' run 'i2cget -y -f 2 0x30 0x5e'
XUBYVFKQOO0x01
XUBYVFKQOO 0
root@arm:~# echo 'BTOO''XKSNXN'
BTOOXKSNXN
root@arm:~# MARKER='LCAX''JNPUKW' run 'grep -r -l rohm,bd9576 /proc/device-tree || sed '"'"'s![^/]*$!!'"'"''
LCAXJNPUKW/proc/device-tree/ocp/interconnect@48000000/segment@100000/target-module@9c000/i2c@0/pmic@30/
LCAXJNPUKW 0
root@arm:~# echo 'EZEO''YSEPAJ'
EZEOYSEPAJ
root@arm:~# MARKER='MFCW''EYQEXS' run 'xxd -p /proc/device-tree/ocp/interconnect\\@48000000/segment\@100000/target-module\@9c000/i2c\@0/pmic\@30/regulators/regulaator-vouts1/regulator-oc-warn-microamp'
MFCWEYQEXS00055730
MFCWEYQEXS 0
root@arm:~# echo 'YPPX''YGEJFG'
YPPXYGEJFG
root@arm:~# MARKER='XLLP''BEQWPH' run 'i2cget -y -f 2 0x30 0x5f'
XLLPBEQWPH0x07
XLLPBEQWPH 0
root@arm:~# echo 'VCHF''HPOOUC'
VCHFHPOOUC
root@arm:~# MARKER='TOKL''PCZBOK' run 'grep -r -l rohm,bd9576 /proc/device-tree || sed '"'"'s![^/]*$!!'"'"''
TOKLPCZBOK/proc/device-tree/ocp/interconnect@48000000/segment@100000/target-module@9c000/i2c@0/pmic@30/
TOKLPCZBOK 0
root@arm:~# echo 'MJFT''FMHUFU'
MJFTFMHUFU
root@arm:~# MARKER='HGHP''SXJECQ' run 'xxd -p /proc/device-tree/ocp/interconnect\\@48000000/segment\@100000/target-module\@9c000/i2c\@0/pmic\@30/regulators/regulaator-vouts1/regulator-oc-protection-microamp'
HGHPSXJECQ00149970
HGHPSXJECQ 0
root@arm:~# echo 'UYSG''CSTJYG'
UYSGCSTJYG
root@arm:~# MARKER='ZOVY''HOMWAQ' run 'i2cget -y -f 2 0x30 0x60'
ZOVYHOMWAQ0x1b
ZOVYHOMWAQ 0
root@arm:~# Labgrid Console Logfile for main
Logfile started at 2024-11-08 19:50:21.623441
=== Log starts here ===
reading args
spl_load_image_fat_os: error reading image args, err - -1
reading u-boot.img
reading u-boot.img


U-Boot 2014.04-00014-g47880f5 (Apr 22 2014 - 13:23:54)

I2C:   ready
DRAM:  512 MiB
NAND:  0 MiB
MMC:   OMAP SD/MMC: 0, OMAP SD/MMC: 1
*** Warning - readenv() failed, using default environment

Net:   <ethaddr> not set. Validating first E-fuse MAC
cpsw, usb_ether
Hit any key to stop autoboot:  1  0 
gpio: pin 53 (gpio 53) value is 1
mmc0 is current device
gpio: pin 54 (gpio 54) value is 1
SD/MMC found on device 0
reading uEnv.txt
569 bytes read in 3 ms (184.6 KiB/s)
gpio: pin 55 (gpio 55) value is 1
Loaded environment from uEnv.txt
Importing environment from mmc ...
Checking if uenvcmd is set ...
gpio: pin 56 (gpio 56) value is 1
Running uenvcmd ...
cpsw Waiting for PHY auto negotiation to complete. done
link up on port 0, speed 100, full duplex
Using cpsw device
TFTP from server 192.168.255.126; our IP address is 192.168.255.1
Filename 'zImage'.
Load address: 0x81000000
Loading: *#################################################################
	 #################################################################
	 #################################################################
	 #################################################################
	 #################################################################
	 #####################################
	 2.4 MiB/s
done
Bytes transferred = 5312256 (510f00 hex)
link up on port 0, speed 100, full duplex
Using cpsw device
TFTP from server 192.168.255.126; our IP address is 192.168.255.1
Filename 'am335x-boneblack.dtb'.
Load address: 0x82000000
Loading: *#######
	 2.2 MiB/s
done
Bytes transferred = 97772 (17dec hex)
Kernel image @ 0x81000000 [ 0x000000 - 0x510f00 ]
## Flattened Device Tree blob at 82000000
   Booting using the fdt blob at 0x82000000
   Using Device Tree in place at 82000000, end 8201adeb

Starting kernel ...

[    0.000000] Booting Linux on physical CPU 0x0
[    0.000000] Linux version 6.6.60 (user01@drvtest01) (arm-linux-gnueabihf-gcc (Linaro GCC 6.4-2017.11) 6.4.1 20171012, GNU ld (Linaro_Binutils-2017.11) 2.27.0.20161229) #11 SMP Fri Nov  8 19:45:44 EET 2024
[    0.000000] CPU: ARMv7 Processor [413fc082] revision 2 (ARMv7), cr=10c5387d
[    0.000000] CPU: PIPT / VIPT nonaliasing data cache, VIPT aliasing instruction cache
[    0.000000] OF: fdt: Machine model: TI AM335x BeagleBone Black
[    0.000000] Memory policy: Data cache writeback
[    0.000000] cma: Reserved 16 MiB at 0x9e800000 on node -1
[    0.000000] Zone ranges:
[    0.000000]   Normal   [mem 0x0000000080000000-0x000000009fdfffff]
[    0.000000]   HighMem  empty
[    0.000000] Movable zone start for each node
[    0.000000] Early memory node ranges
[    0.000000]   node   0: [mem 0x0000000080000000-0x000000009fdfffff]
[    0.000000] Initmem setup node 0 [mem 0x0000000080000000-0x000000009fdfffff]
[    0.000000] CPU: All CPU(s) started in SVC mode.
[    0.000000] AM335X ES2.1 (sgx neon)
[    0.000000] percpu: Embedded 16 pages/cpu s36052 r8192 d21292 u65536
[    0.000000] Kernel command line: console=ttyO0,115200n8 root=/dev/nfs rw nfsroot=192.168.255.126:/home/user01/nfs,nfsvers=3 ip=192.168.255.1:192.168.255.126::255.255.255.0:bbb1:eth0 nfsrootdebug
[    0.000000] Unknown kernel command line parameters "nfsrootdebug", will be passed to user space.
[    0.000000] Dentry cache hash table entries: 65536 (order: 6, 262144 bytes, linear)
[    0.000000] Inode-cache hash table entries: 32768 (order: 5, 131072 bytes, linear)
[    0.000000] Built 1 zonelists, mobility grouping on.  Total pages: 129412
[    0.000000] mem auto-init: stack:off, heap alloc:off, heap free:off
[    0.000000] Memory: 483604K/522240K available (11264K kernel code, 1163K rwdata, 2700K rodata, 1024K init, 283K bss, 22252K reserved, 16384K cma-reserved, 0K highmem)
[    0.000000] SLUB: HWalign=64, Order=0-3, MinObjects=0, CPUs=1, Nodes=1
[    0.000000] trace event string verifier disabled
[    0.000000] rcu: Hierarchical RCU implementation.
[    0.000000] rcu: 	RCU event tracing is enabled.
[    0.000000] rcu: 	RCU restricting CPUs from NR_CPUS=2 to nr_cpu_ids=1.
[    0.000000] rcu: RCU calculated value of scheduler-enlistment delay is 10 jiffies.
[    0.000000] rcu: Adjusting geometry for rcu_fanout_leaf=16, nr_cpu_ids=1
[    0.000000] NR_IRQS: 16, nr_irqs: 16, preallocated irqs: 16
[    0.000000] IRQ: Found an INTC at 0x(ptrval) (revision 5.0) with 128 interrupts
[    0.000000] rcu: srcu_init: Setting srcu_struct sizes based on contention.
[    0.000000] TI gptimer clocksource: always-on /ocp/interconnect@44c00000/segment@200000/target-module@31000
[    0.000002] sched_clock: 32 bits at 24MHz, resolution 41ns, wraps every 89478484971ns
[    0.000027] clocksource: dmtimer: mask: 0xffffffff max_cycles: 0xffffffff, max_idle_ns: 79635851949 ns
[    0.000528] TI gptimer clockevent: 24000000 Hz at /ocp/interconnect@48000000/segment@0/target-module@40000
[    0.002139] Console: colour dummy device 80x30
[    0.002191] WARNING: Your 'console=ttyO0' has been replaced by 'ttyS0'
[    0.002200] This ensures that you still see kernel messages. Please
[    0.002205] update your kernel commandline.
[    0.002247] Calibrating delay loop... 996.14 BogoMIPS (lpj=4980736)
[    0.090583] CPU: Testing write buffer coherency: ok
[    0.090687] CPU0: Spectre v2: using BPIALL workaround
[    0.090699] pid_max: default: 32768 minimum: 301
[    0.090816] LSM: initializing lsm=capability,integrity
[    0.090990] Mount-cache hash table entries: 1024 (order: 0, 4096 bytes, linear)
[    0.091012] Mountpoint-cache hash table entries: 1024 (order: 0, 4096 bytes, linear)
[    0.092530] CPU0: thread -1, cpu 0, socket -1, mpidr 0
[    0.094178] Setting up static identity map for 0x80100000 - 0x80100078
[    0.094475] rcu: Hierarchical SRCU implementation.
[    0.094487] rcu: 	Max phase no-delay instances is 1000.
[    0.095874] smp: Bringing up secondary CPUs ...
[    0.095930] smp: Brought up 1 node, 1 CPU
[    0.095943] SMP: Total of 1 processors activated (996.14 BogoMIPS).
[    0.095956] CPU: All CPU(s) started in SVC mode.
[    0.096853] devtmpfs: initialized
[    0.113959] VFP support v0.3: implementor 41 architecture 3 part 30 variant c rev 3
[    0.114321] clocksource: jiffies: mask: 0xffffffff max_cycles: 0xffffffff, max_idle_ns: 19112604462750000 ns
[    0.114354] futex hash table entries: 256 (order: 2, 16384 bytes, linear)
[    0.115661] pinctrl core: initialized pinctrl subsystem
[    0.118396] NET: Registered PF_NETLINK/PF_ROUTE protocol family
[    0.121265] DMA: preallocated 256 KiB pool for atomic coherent allocations
[    0.121910] audit: initializing netlink subsys (disabled)
[    0.123229] thermal_sys: Registered thermal governor 'fair_share'
[    0.123250] thermal_sys: Registered thermal governor 'step_wise'
[    0.123256] thermal_sys: Registered thermal governor 'user_space'
[    0.123367] audit: type=2000 audit(0.120:1): state=initialized audit_enabled=0 res=1
[    0.123446] cpuidle: using governor menu
[    0.141116] No ATAGs?
[    0.141142] hw-breakpoint: debug architecture 0x4 unsupported.
[    0.144302] kprobes: kprobe jump-optimization is enabled. All kprobes are optimized if possible.
[    0.164062] iommu: Default domain type: Translated
[    0.164083] iommu: DMA domain TLB invalidation policy: strict mode
[    0.165554] SCSI subsystem initialized
[    0.171338] pps_core: LinuxPPS API ver. 1 registered
[    0.171349] pps_core: Software ver. 5.3.6 - Copyright 2005-2007 Rodolfo Giometti <giometti@linux.it>
[    0.171373] PTP clock support registered
[    0.181440] vgaarb: loaded
[    0.181828] clocksource: Switched to clocksource dmtimer
[    0.182437] VFS: Disk quotas dquot_6.6.0
[    0.182499] VFS: Dquot-cache hash table entries: 1024 (order 0, 4096 bytes)
[    0.205461] NET: Registered PF_INET protocol family
[    0.205811] IP idents hash table entries: 8192 (order: 4, 65536 bytes, linear)
[    0.207181] tcp_listen_portaddr_hash hash table entries: 512 (order: 0, 4096 bytes, linear)
[    0.207217] Table-perturb hash table entries: 65536 (order: 6, 262144 bytes, linear)
[    0.207234] TCP established hash table entries: 4096 (order: 2, 16384 bytes, linear)
[    0.207276] TCP bind hash table entries: 4096 (order: 4, 65536 bytes, linear)
[    0.207377] TCP: Hash tables configured (established 4096 bind 4096)
[    0.207508] UDP hash table entries: 256 (order: 1, 8192 bytes, linear)
[    0.207537] UDP-Lite hash table entries: 256 (order: 1, 8192 bytes, linear)
[    0.207722] NET: Registered PF_UNIX/PF_LOCAL protocol family
[    0.213050] RPC: Registered named UNIX socket transport module.
[    0.213072] RPC: Registered udp transport module.
[    0.213078] RPC: Registered tcp transport module.
[    0.213083] RPC: Registered tcp-with-tls transport module.
[    0.213089] RPC: Registered tcp NFSv4.1 backchannel transport module.
[    0.213114] PCI: CLS 0 bytes, default 64
[    0.214764] Initialise system trusted keyrings
[    0.222213] workingset: timestamp_bits=14 max_order=17 bucket_order=3
[    0.223469] NFS: Registering the id_resolver key type
[    0.223538] Key type id_resolver registered
[    0.223545] Key type id_legacy registered
[    0.223604] jffs2: version 2.2. (NAND) (SUMMARY)  Â© 2001-2006 Red Hat, Inc.
[    0.224013] Key type asymmetric registered
[    0.224029] Asymmetric key parser 'x509' registered
[    0.224103] io scheduler mq-deadline registered
[    0.224115] io scheduler kyber registered
[    0.224185] io scheduler bfq registered
[    0.236696] Serial: 8250/16550 driver, 6 ports, IRQ sharing enabled
[    0.290929] brd: module loaded
[    0.299147] loop: module loaded
[    0.300084] mtdoops: mtd device (mtddev=name/number) must be supplied
[    0.303048] i2c_dev: i2c /dev entries driver
[    0.304036] cpuidle: enable-method property 'ti,am3352' found operations
[    0.304495] sdhci: Secure Digital Host Controller Interface driver
[    0.304505] sdhci: Copyright(c) Pierre Ossman
[    0.304692] sdhci-pltfm: SDHCI platform and OF driver helper
[    0.312384] ledtrig-cpu: registered to indicate activity on CPUs
[    0.313212] Initializing XFRM netlink socket
[    0.313367] NET: Registered PF_INET6 protocol family
[    0.315132] Segment Routing with IPv6
[    0.315207] In-situ OAM (IOAM) with IPv6
[    0.315308] sit: IPv6, IPv4 and MPLS over IPv4 tunneling driver
[    0.316290] NET: Registered PF_PACKET protocol family
[    0.316323] NET: Registered PF_KEY protocol family
[    0.316440] Key type dns_resolver registered
[    0.316716] ThumbEE CPU extension supported.
[    0.316736] Registering SWP/SWPB emulation handler
[    0.317253] omap_voltage_late_init: Voltage driver support not added
[    0.317598] SmartReflex Class3 initialized
[    0.373775] Loading compiled-in X.509 certificates
[    0.417247] platform 44e10800.pinmux: Fixed dependency cycle(s) with /ocp/interconnect@44c00000/segment@200000/target-module@10000/scm@0/pinmux@800/clkout2-pins
[    0.417822] pinctrl-single 44e10800.pinmux: 142 pins, size 568
[    0.423041] ti-sysc: probe of 44e31000.target-module failed with error -16
[    0.459537] ti-sysc: probe of 48040000.target-module failed with error -16
[    0.484223] OMAP GPIO hardware version 0.1
[    0.519952] omap_i2c 4819c000.i2c: bus 2 rev0.11 at 100 kHz
[    0.567607] platform 4830e000.lcdc: Fixed dependency cycle(s) with /ocp/interconnect@44c00000/segment@200000/target-module@b000/i2c@0/tda19988@70
[    0.578415] sdhci-omap 481d8000.mmc: supply pbias not found, using dummy regulator
[    0.578903] sdhci-omap 481d8000.mmc: supply vqmmc not found, using dummy regulator
[    0.660640] davinci_mdio 4a101000.mdio: davinci mdio revision 1.6, bus freq 1000000
[    0.786784] davinci_mdio 4a101000.mdio: phy[0]: device 4a101000.mdio:00, driver SMSC LAN8710/LAN8720
[    0.787416] cpsw-switch 4a100000.switch: initialized cpsw ale version 1.4
[    0.787439] cpsw-switch 4a100000.switch: ALE Table size 1024
[    0.787676] cpsw-switch 4a100000.switch: cpts: overflow check period 500 (jiffies)
[    0.787697] cpsw-switch 4a100000.switch: CPTS: ref_clk_freq:250000000 calc_mult:2147483648 calc_shift:29 error:0 nsec/sec
[    0.787804] cpsw-switch 4a100000.switch: Detected MACID = 6c:ec:eb:68:de:78
[    0.789639] cpsw-switch 4a100000.switch: initialized (regs 0x4a100000, pool size 256) hw_ver:0019010C 1.12 (0)
[    0.800705] debugfs: Directory '49000000.dma' with parent 'dmaengine' already present!
[    0.800748] edma 49000000.dma: TI EDMA DMA engine driver
[    0.866251] hw perfevents: enabled with armv7_cortex_a8 PMU driver, 5 counters available
[    0.873863] l3-aon-clkctrl:0000:0: failed to disable
[    0.884955] 44e09000.serial: ttyS0 at MMIO 0x44e09000 (irq = 34, base_baud = 3000000) is a 8250
[    0.885041] printk: console [ttyS0] enabled
[    2.072876] tps65217-pmic: Failed to locate of_node [id: -1]
[    2.078974] tps65217-bl: Failed to locate of_node [id: -1]
[    2.090059] tps65217 0-0024: TPS65217 ID 0xe version 1.2
[    2.096188] platform 4830e000.lcdc: Fixed dependency cycle(s) with /ocp/interconnect@44c00000/segment@200000/target-module@b000/i2c@0/tda19988@70
[    2.109583] i2c 0-0070: Fixed dependency cycle(s) with /ocp/interconnect@48000000/segment@300000/target-module@e000/lcdc@0
[    2.120997] omap_i2c 44e0b000.i2c: bus 0 rev0.11 at 400 kHz
[    2.129192] omap_gpio 44e07000.gpio: Could not set line 6 debounce to 200000 microseconds (-22)
[    2.138091] sdhci-omap 48060000.mmc: Got CD GPIO
[    2.143124] sdhci-omap 48060000.mmc: supply pbias not found, using dummy regulator
[    2.153838] sdhci-omap 48060000.mmc: supply vqmmc not found, using dummy regulator
[    2.162642] sdhci-omap 481d8000.mmc: supply pbias not found, using dummy regulator
[    2.170681] sdhci-omap 481d8000.mmc: supply vqmmc not found, using dummy regulator
[    2.209760] mmc1: SDHCI controller on 481d8000.mmc [481d8000.mmc] using External DMA
[    2.218215] mmc0: SDHCI controller on 48060000.mmc [48060000.mmc] using External DMA
[    2.227007] cpsw-switch 4a100000.switch: starting ndev. mode: dual_mac
[    2.270663] mmc0: new high speed SDHC card at address 5048
[    2.277673] mmcblk0: mmc0:5048 SD16G 14.4 GiB
[    2.285541]  mmcblk0: p1 p2
[    2.288780] mmcblk0: p2 size 31221760 extends beyond EOD, truncated
[    2.303333] mmc1: new high speed MMC card at address 0001
[    2.310028] mmcblk1: mmc1:0001 MMC04G 3.60 GiB
[    2.317189]  mmcblk1: p1 p2
[    2.321387] mmcblk1boot0: mmc1:0001 MMC04G 2.00 MiB
[    2.328745] mmcblk1boot1: mmc1:0001 MMC04G 2.00 MiB
[    2.335781] mmcblk1rpmb: mmc1:0001 MMC04G 128 KiB, chardev (250:0)
[    2.342521] SMSC LAN8710/LAN8720 4a101000.mdio:00: attached PHY driver (mii_bus:phy_addr=4a101000.mdio:00, irq=POLL)
[    5.522558] cpsw-switch 4a100000.switch eth0: Link is Up - 100Mbps/Full - flow control off
[    5.561837] IP-Config: Complete:
[    5.565098]      device=eth0, hwaddr=6c:ec:eb:68:de:78, ipaddr=192.168.255.1, mask=255.255.255.0, gw=255.255.255.255
[    5.575713]      host=bbb1, domain=, nis-domain=(none)
[    5.580878]      bootserver=192.168.255.126, rootserver=192.168.255.126, rootpath=
[    5.581292] clk: Disabling unused clocks
[    5.593169] KTAP version 1
[    5.595895] 1..0
[    5.620309] VFS: Mounted root (nfs filesystem) on device 0:16.
[    5.627383] devtmpfs: mounted
[    5.632159] Freeing unused kernel image (initmem) memory: 1024K
[    5.638804] Run /sbin/init as init process
[    6.315753] systemd[1]: System time before build time, advancing clock.
[    7.791848] random: crng init done
[    7.863599] systemd[1]: systemd 232 running in system mode. (+PAM +AUDIT +SELINUX +IMA +APPARMOR +SMACK +SYSVINIT +UTMP +LIBCRYPTSETUP +GCRYPT +GNUTLS +ACL +XZ +LZ4 +SECCOMP +BLKID +ELFUTILS +KMOD +IDN)
[    7.882610] systemd[1]: Detected architecture arm.

Welcome to [1mDebian GNU/Linux 9 (stretch)[0m!

[    7.924762] systemd[1]: Set hostname to <arm>.
[    9.006303] systemd[1]: Created slice User and Session Slice.
[[0;32m  OK  [0m] Created slice User and Session Slice.
[    9.043999] systemd[1]: Listening on Journal Socket (/dev/log).
[[0;32m  OK  [0m] Listening on Journal Socket (/dev/log).
[    9.083716] systemd[1]: Listening on /dev/initctl Compatibility Named Pipe.
[[0;32m  OK  [0m] Listening on /dev/initctl Compatibility Named Pipe.
[    9.122851] systemd[1]: Listening on Journal Audit Socket.
[[0;32m  OK  [0m] Listening on Journal Audit Socket.
[    9.162150] systemd[1]: Reached target Remote File Systems.
[[0;32m  OK  [0m] Reached target Remote File Systems.
[    9.202621] systemd[1]: Started Forward Password Requests to Wall Directory Watch.
[[0;32m  OK  [0m] Started Forward Password Requests to Wall Directory Watch.
[    9.242635] systemd[1]: Started Dispatch Password Requests to Console Directory Watch.
[[0;32m  OK  [0m] Started Dispatch Password Requests to Console Directory Watch.
[[0;32m  OK  [0m] Reached target Swap.
[[0;32m  OK  [0m] Reached target Paths.
[[0;32m  OK  [0m] Listening on Syslog Socket.
[[0;32m  OK  [0m] Listening on udev Kernel Socket.
[[0;32m  OK  [0m] Reached target Encrypted Volumes.
[[0;32m  OK  [0m] Listening on udev Control Socket.
[[0;32m  OK  [0m] Listening on Journal Socket.
[[0;32m  OK  [0m] Created slice System Slice.
         Starting Journal Service...
         Mounting Debug File System...
         Starting Remount Root and Kernel File Systems...
[[0;32m  OK  [0m] Created slice system-serial\x2dgetty.slice.
[[0;32m  OK  [0m] Created slice system-getty.slice.
[[0;32m  OK  [0m] Reached target Slices.
         Mounting POSIX Message Queue File System...
         Starting Create list of required stâ€¦ce nodes for the current kernel...
         Starting Load Kernel Modules...
[[0;32m  OK  [0m] Set up automount Arbitrary Executabâ€¦rmats File System Automount Point.
[[0;32m  OK  [0m] Mounted POSIX Message Queue File System.
[[0;32m  OK  [0m] Mounted Debug File System.
[[0;32m  OK  [0m] Started Remount Root and Kernel File Systems.
[[0;32m  OK  [0m] Started Create list of required staâ€¦vice nodes for the current kernel.
         Starting Create Static Device Nodes in /dev...
         Starting Load/Save Random Seed...
         Starting udev Coldplug all Devices...
[[0;32m  OK  [0m] Started Load Kernel Modules.
         Mounting Configuration File System...
         Starting Apply Kernel Variables...
[[0;32m  OK  [0m] Started Load/Save Random Seed.
[[0;32m  OK  [0m] Mounted Configuration File System.
[[0;32m  OK  [0m] Started Apply Kernel Variables.
[[0;32m  OK  [0m] Started Create Static Device Nodes in /dev.
[[0;32m  OK  [0m] Started Journal Service.
         Starting Flush Journal to Persistent Storage...
[[0;32m  OK  [0m] Reached target Local File Systems (Pre).
[[0;32m  OK  [0m] Reached target Local File Systems.
         Starting Raise network interfaces...
         Starting udev Kernel Device Manager...
[   11.505366] systemd-journald[75]: Received request to flush runtime journal from PID 1
[[0;32m  OK  [0m] Started Flush Journal to Persistent Storage.
         Starting Create Volatile Files and Directories...
[[0;32m  OK  [0m] Started udev Kernel Device Manager.
[[0;32m  OK  [0m] Started Create Volatile Files and Directories.
         Starting Network Time Synchronization...
         Starting Update UTMP about System Boot/Shutdown...
[[0;32m  OK  [0m] Started Update UTMP about System Boot/Shutdown.
[[0;32m  OK  [0m] Started Network Time Synchronization.
[[0;32m  OK  [0m] Reached target System Time Synchronized.
[[0;32m  OK  [0m] Started udev Coldplug all Devices.
[[0;32m  OK  [0m] Reached target System Initialization.
[[0;32m  OK  [0m] Started Daily apt download activities.
[[0;32m  OK  [0m] Started Daily Cleanup of Temporary Directories.
[[0;32m  OK  [0m] Listening on Avahi mDNS/DNS-SD Stack Activation Socket.
[[0;32m  OK  [0m] Started Daily apt upgrade and clean activities.
[[0;32m  OK  [0m] Reached target Timers.
[[0;32m  OK  [0m] Listening on D-Bus System Message Bus Socket.
[[0;32m  OK  [0m] Reached target Sockets.
[[0;32m  OK  [0m] Reached target Basic System.
[[0;32m  OK  [0m] Started Regular background program processing daemon.
[   14.941752] remoteproc remoteproc0: wkup_m3 is available
         Starting System Logging Service...
[   15.081142] omap_rtc 44e3e000.rtc: registered as rtc0
[   15.086502] omap_rtc 44e3e000.rtc: setting system clock to 2000-01-01T00:00:00 UTC (946684800)
         Starting Login Service...
         Starting Telephony service...
[   15.295117] omap_wdt: OMAP Watchdog Timer Rev 0x01: initial timeout 60 sec
[   15.416228] am335x-phy-driver 47401300.usb-phy: dummy supplies not allowed for exclusive requests
[   15.466681] at24 2-0054: supply vcc not found, using dummy regulator
         Starting Cape Manager Service...
[   15.610552] at24 2-0055: supply vcc not found, using dummy regulator
         Starting LSB: Start busybox udhcpd at boot time...
[   15.730873] tps6521x_pwrbutton tps65217-pwrbutton: DMA mask not set
[   15.738901] at24 2-0056: supply vcc not found, using dummy regulator
         Starting LSB: Load kernel modules needed to enable cpufreq scaling...
[   15.885954] at24 2-0057: supply vcc not found, using dummy regulator
[   15.906676] input: tps65217_pwrbutton as /devices/platform/ocp/44c00000.interconnect/44c00000.interconnect:segment@200000/44e0b000.target-module/44e0b000.i2c/i2c-0/0-0024/tps65217-pwrbutton/input/input0
[   15.932800] am335x-phy-driver 47401b00.usb-phy: dummy supplies not allowed for exclusive requests
         Starting Generic Board Startup...
[   16.094246] at24 0-0050: 32768 byte 24c256 EEPROM, writable, 1 bytes/write
         Starting Avahi mDNS/DNS-SD Stack...
[[0;32m  OK  [0m] Started D-Bus System Message Bus.
[   16.338874] wkup_m3_ipc 44e11324.wkup_m3_ipc: IPC Request for A8->M3 Channel failed! -517
[   16.500221] wkup_m3_ipc 44e11324.wkup_m3_ipc: IPC Request for A8->M3 Channel failed! -517
[   17.211500] usbcore: registered new interface driver usbfs
[   17.217358] usbcore: registered new interface driver hub
[   17.222908] usbcore: registered new device driver usb
[   17.832733] omap-mailbox 480c8000.mailbox: omap mailbox rev 0x400
[   17.883336] tda998x 0-0070: found TDA19988
[   17.912755] remoteproc remoteproc0: powering up wkup_m3
[   18.078908] remoteproc remoteproc0: Direct firmware load for am335x-pm-firmware.elf failed with error -2
[   18.088752] remoteproc remoteproc0: request_firmware failed: -2
[   18.094837] wkup_m3_ipc 44e11324.wkup_m3_ipc: rproc_boot failed
[   18.147967] musb-hdrc musb-hdrc.1: MUSB HDRC host driver
[   18.153593] musb-hdrc musb-hdrc.1: new USB bus registered, assigned bus number 1
[   18.326882] usb usb1: New USB device found, idVendor=1d6b, idProduct=0002, bcdDevice= 6.06
[   18.335396] usb usb1: New USB device strings: Mfr=3, Product=2, SerialNumber=1
[   18.342723] usb usb1: Product: MUSB HDRC host driver
[   18.347716] usb usb1: Manufacturer: Linux 6.6.60 musb-hcd
[   18.353181] usb usb1: SerialNumber: musb-hdrc.1
[   18.498867] hub 1-0:1.0: USB hub found
[   18.554486] hub 1-0:1.0: 1 port detected
[   20.169194] omap_rng 48310000.rng: Random Number Generator ver. 20
[   20.433078] tilcdc 4830e000.lcdc: bound 0-0070 (ops tda998x_driver_exit [tda998x])
[   20.528204] [drm] Initialized tilcdc 1.0.0 20121205 for 4830e000.lcdc on minor 0
[   20.609944] tilcdc 4830e000.lcdc: [drm] Cannot find any crtc or sizes
[   20.618647] tilcdc 4830e000.lcdc: [drm] Cannot find any crtc or sizes
[[0;32m  OK  [0m] Started Avahi mDNS/DNS-SD Stack.
[[0;32m  OK  [0m] Started Telephony service.
         Starting Connection service...
