Labgrid Console Logfile for main
Logfile started at 2025-09-04 18:35:15.775161
=== Log starts here ===
reading args
spl_load_image_fat_os: error reading image args, err - -1
reading u-boot.img
reading u-boot.img


U-Boot 2014.04-00014-g47880f5 (Apr 22 2014 - 13:23:54)

I2C:   ready
DRAM:  512 MiB
NAND:  0 MiB
MMC:   OMAP SD/MMC: 0, OMAP SD/MMC: 1
*** Warning - readenv() failed, using default environment

Net:   <ethaddr> not set. Validating first E-fuse MAC
Could not get PHY for cpsw: addr 0
cpsw, usb_ether
Hit any key to stop autoboot:  1  0 
gpio: pin 53 (gpio 53) value is 1
mmc0 is current device
gpio: pin 54 (gpio 54) value is 1
SD/MMC found on device 0
reading uEnv.txt
569 bytes read in 3 ms (184.6 KiB/s)
gpio: pin 55 (gpio 55) value is 1
Loaded environment from uEnv.txt
Importing environment from mmc ...
Checking if uenvcmd is set ...
gpio: pin 56 (gpio 56) value is 1
Running uenvcmd ...
Using cpsw device
TFTP from server 192.168.255.126; our IP address is 192.168.255.1
Filename 'zImage'.
Load address: 0x81000000
Loading: *T T T T T T T T T T T T T T T T T T T Labgrid Console Logfile for main
Logfile started at 2025-09-04 18:36:56.956024
=== Log starts here ===
reading args
spl_load_image_fat_os: error reading image args, err - -1
reading u-boot.img
reading u-boot.img


U-Boot 2014.04-00014-g47880f5 (Apr 22 2014 - 13:23:54)

I2C:   ready
DRAM:  512 MiB
NAND:  0 MiB
MMC:   OMAP SD/MMC: 0, OMAP SD/MMC: 1
*** Warning - readenv() failed, using default environment

Net:   <ethaddr> not set. Validating first E-fuse MAC
cpsw, usb_ether
Hit any key to stop autoboot:  1  0 
gpio: pin 53 (gpio 53) value is 1
mmc0 is current device
gpio: pin 54 (gpio 54) value is 1
SD/MMC found on device 0
reading uEnv.txt
569 bytes read in 3 ms (184.6 KiB/s)
gpio: pin 55 (gpio 55) value is 1
Loaded environment from uEnv.txt
Importing environment from mmc ...
Checking if uenvcmd is set ...
gpio: pin 56 (gpio 56) value is 1
Running uenvcmd ...
cpsw Waiting for PHY auto negotiation to complete. done
link up on port 0, speed 100, full duplex
Using cpsw device
TFTP from server 192.168.255.126; our IP address is 192.168.255.1
Filename 'zImage'.
Load address: 0x81000000
Loading: *#################################################################
	 #################################################################
	 #################################################################
	 #################################################################
	 #################################################################
	 ####################################################
	 2.4 MiB/s
done
Bytes transferred = 5531568 (5467b0 hex)
link up on port 0, speed 100, full duplex
Using cpsw device
TFTP from server 192.168.255.126; our IP address is 192.168.255.1
Filename 'am335x-boneblack.dtb'.
Load address: 0x82000000
Loading: *#######
	 2.3 MiB/s
done
Bytes transferred = 98336 (18020 hex)
Kernel image @ 0x81000000 [ 0x000000 - 0x5467b0 ]
## Flattened Device Tree blob at 82000000
   Booting using the fdt blob at 0x82000000
   Using Device Tree in place at 82000000, end 8201b01f

Starting kernel ...

[    0.000000] Booting Linux on physical CPU 0x0
[    0.000000] Linux version 6.12.45 (user01@drvtest01) (arm-none-eabi-gcc (Arm GNU Toolchain 14.2.Rel1 (Build arm-14.52)) 14.2.1 20241119, GNU ld (Arm GNU Toolchain 14.2.Rel1 (Build arm-14.52)) 2.43.1.20241119) #1 SMP Thu Sep  4 18:33:58 EEST 2025
[    0.000000] CPU: ARMv7 Processor [413fc082] revision 2 (ARMv7), cr=10c5387d
[    0.000000] CPU: PIPT / VIPT nonaliasing data cache, VIPT aliasing instruction cache
[    0.000000] OF: fdt: Machine model: TI AM335x BeagleBone Black
[    0.000000] Memory policy: Data cache writeback
[    0.000000] cma: Reserved 16 MiB at 0x9e800000 on node -1
[    0.000000] Zone ranges:
[    0.000000]   Normal   [mem 0x0000000080000000-0x000000009fdfffff]
[    0.000000]   HighMem  empty
[    0.000000] Movable zone start for each node
[    0.000000] Early memory node ranges
[    0.000000]   node   0: [mem 0x0000000080000000-0x000000009fdfffff]
[    0.000000] Initmem setup node 0 [mem 0x0000000080000000-0x000000009fdfffff]
[    0.000000] OF: reserved mem: Reserved memory: No reserved-memory node in the DT
[    0.000000] CPU: All CPU(s) started in SVC mode.
[    0.000000] AM335X ES2.1 (sgx neon)
[    0.000000] percpu: Embedded 17 pages/cpu s40396 r8192 d21044 u69632
[    0.000000] Kernel command line: console=ttyO0,115200n8 root=/dev/nfs rw nfsroot=192.168.255.126:/home/user01/nfs,nfsvers=3 ip=192.168.255.1:192.168.255.126::255.255.255.0:bbb1:eth0 nfsrootdebug
[    0.000000] Unknown kernel command line parameters "nfsrootdebug", will be passed to user space.
[    0.000000] Dentry cache hash table entries: 65536 (order: 6, 262144 bytes, linear)
[    0.000000] Inode-cache hash table entries: 32768 (order: 5, 131072 bytes, linear)
[    0.000000] Built 1 zonelists, mobility grouping on.  Total pages: 130560
[    0.000000] mem auto-init: stack:off, heap alloc:off, heap free:off
[    0.000000] SLUB: HWalign=64, Order=0-3, MinObjects=0, CPUs=1, Nodes=1
[    0.000000] rcu: Hierarchical RCU implementation.
[    0.000000] rcu: 	RCU event tracing is enabled.
[    0.000000] rcu: 	RCU restricting CPUs from NR_CPUS=2 to nr_cpu_ids=1.
[    0.000000] rcu: RCU calculated value of scheduler-enlistment delay is 10 jiffies.
[    0.000000] rcu: Adjusting geometry for rcu_fanout_leaf=16, nr_cpu_ids=1
[    0.000000] NR_IRQS: 16, nr_irqs: 16, preallocated irqs: 16
[    0.000000] IRQ: Found an INTC at 0x(ptrval) (revision 5.0) with 128 interrupts
[    0.000000] rcu: srcu_init: Setting srcu_struct sizes based on contention.
[    0.000000] TI gptimer clocksource: always-on /ocp/interconnect@44c00000/segment@200000/target-module@31000
[    0.000003] sched_clock: 32 bits at 24MHz, resolution 41ns, wraps every 89478484971ns
[    0.000028] clocksource: dmtimer: mask: 0xffffffff max_cycles: 0xffffffff, max_idle_ns: 79635851949 ns
[    0.000491] TI gptimer clockevent: 24000000 Hz at /ocp/interconnect@48000000/segment@0/target-module@40000
[    0.002079] Console: colour dummy device 80x30
[    0.002143] WARNING: Your 'console=ttyO0' has been replaced by 'ttyS0'
[    0.002151] This ensures that you still see kernel messages. Please
[    0.002155] update your kernel commandline.
[    0.002198] Calibrating delay loop... 996.14 BogoMIPS (lpj=4980736)
[    0.090537] CPU: Testing write buffer coherency: ok
[    0.090649] CPU0: Spectre v2: using BPIALL workaround
[    0.090658] pid_max: default: 32768 minimum: 301
[    0.090786] LSM: initializing lsm=capability
[    0.090953] Mount-cache hash table entries: 1024 (order: 0, 4096 bytes, linear)
[    0.090974] Mountpoint-cache hash table entries: 1024 (order: 0, 4096 bytes, linear)
[    0.092546] CPU0: thread -1, cpu 0, socket -1, mpidr 0
[    0.094573] Setting up static identity map for 0x80100000 - 0x80100078
[    0.094880] rcu: Hierarchical SRCU implementation.
[    0.094890] rcu: 	Max phase no-delay instances is 1000.
[    0.096627] smp: Bringing up secondary CPUs ...
[    0.096684] smp: Brought up 1 node, 1 CPU
[    0.096696] SMP: Total of 1 processors activated (996.14 BogoMIPS).
[    0.096708] CPU: All CPU(s) started in SVC mode.
[    0.096894] Memory: 480868K/522240K available (11264K kernel code, 1211K rwdata, 2880K rodata, 1024K init, 295K bss, 23360K reserved, 16384K cma-reserved, 0K highmem)
[    0.097709] devtmpfs: initialized
[    0.114342] VFP support v0.3: implementor 41 architecture 3 part 30 variant c rev 3
[    0.114687] clocksource: jiffies: mask: 0xffffffff max_cycles: 0xffffffff, max_idle_ns: 19112604462750000 ns
[    0.114720] futex hash table entries: 256 (order: 2, 16384 bytes, linear)
[    0.116152] pinctrl core: initialized pinctrl subsystem
[    0.118275] NET: Registered PF_NETLINK/PF_ROUTE protocol family
[    0.121299] DMA: preallocated 256 KiB pool for atomic coherent allocations
[    0.122202] audit: initializing netlink subsys (disabled)
[    0.123545] thermal_sys: Registered thermal governor 'fair_share'
[    0.123561] thermal_sys: Registered thermal governor 'step_wise'
[    0.123571] thermal_sys: Registered thermal governor 'user_space'
[    0.123685] audit: type=2000 audit(0.120:1): state=initialized audit_enabled=0 res=1
[    0.123758] cpuidle: using governor menu
[    0.141487] /ocp/interconnect@44c00000/segment@200000/target-module@b000/i2c@0/tda19988@70: Fixed dependency cycle(s) with /ocp/interconnect@48000000/segment@300000/target-module@e000/lcdc@0
[    0.142609] /ocp/interconnect@48000000/segment@300000/target-module@e000/lcdc@0: Fixed dependency cycle(s) with /ocp/interconnect@44c00000/segment@200000/target-module@b000/i2c@0/tda19988@70
[    0.144772] No ATAGs?
[    0.144790] hw-breakpoint: debug architecture 0x4 unsupported.
[    0.147419] kprobes: kprobe jump-optimization is enabled. All kprobes are optimized if possible.
[    0.154036] iommu: Default domain type: Translated
[    0.154059] iommu: DMA domain TLB invalidation policy: strict mode
[    0.161469] SCSI subsystem initialized
[    0.162314] pps_core: LinuxPPS API ver. 1 registered
[    0.162324] pps_core: Software ver. 5.3.6 - Copyright 2005-2007 Rodolfo Giometti <giometti@linux.it>
[    0.162348] PTP clock support registered
[    0.171148] vgaarb: loaded
[    0.171493] clocksource: Switched to clocksource dmtimer
[    0.172154] VFS: Disk quotas dquot_6.6.0
[    0.172199] VFS: Dquot-cache hash table entries: 1024 (order 0, 4096 bytes)
[    0.196009] NET: Registered PF_INET protocol family
[    0.196352] IP idents hash table entries: 8192 (order: 4, 65536 bytes, linear)
[    0.197726] tcp_listen_portaddr_hash hash table entries: 512 (order: 0, 4096 bytes, linear)
[    0.197762] Table-perturb hash table entries: 65536 (order: 6, 262144 bytes, linear)
[    0.197781] TCP established hash table entries: 4096 (order: 2, 16384 bytes, linear)
[    0.197828] TCP bind hash table entries: 4096 (order: 4, 65536 bytes, linear)
[    0.197928] TCP: Hash tables configured (established 4096 bind 4096)
[    0.198045] UDP hash table entries: 256 (order: 1, 8192 bytes, linear)
[    0.198073] UDP-Lite hash table entries: 256 (order: 1, 8192 bytes, linear)
[    0.198243] NET: Registered PF_UNIX/PF_LOCAL protocol family
[    0.199505] RPC: Registered named UNIX socket transport module.
[    0.199526] RPC: Registered udp transport module.
[    0.199533] RPC: Registered tcp transport module.
[    0.199537] RPC: Registered tcp-with-tls transport module.
[    0.199542] RPC: Registered tcp NFSv4.1 backchannel transport module.
[    0.199566] PCI: CLS 0 bytes, default 64
[    0.200940] Initialise system trusted keyrings
[    0.211840] workingset: timestamp_bits=14 max_order=17 bucket_order=3
[    0.213123] NFS: Registering the id_resolver key type
[    0.213191] Key type id_resolver registered
[    0.213199] Key type id_legacy registered
[    0.213247] jffs2: version 2.2. (NAND) (SUMMARY)  Â© 2001-2006 Red Hat, Inc.
[    0.213651] Key type asymmetric registered
[    0.213666] Asymmetric key parser 'x509' registered
[    0.213734] io scheduler mq-deadline registered
[    0.213743] io scheduler kyber registered
[    0.213808] io scheduler bfq registered
[    0.215630] target-module@4b000000:target-module@140000:pmu@0:fck: device ID is greater than 24
[    0.221839] l3-aon-clkctrl:0000:0: failed to disable
[    0.222103] ledtrig-cpu: registered to indicate activity on CPUs
[    0.232059] Serial: 8250/16550 driver, 6 ports, IRQ sharing enabled
[    0.265591] brd: module loaded
[    0.283288] loop: module loaded
[    0.284212] mtdoops: mtd device (mtddev=name/number) must be supplied
[    0.287285] i2c_dev: i2c /dev entries driver
[    0.288246] cpuidle: enable-method property 'ti,am3352' found operations
[    0.288687] sdhci: Secure Digital Host Controller Interface driver
[    0.288696] sdhci: Copyright(c) Pierre Ossman
[    0.288874] sdhci-pltfm: SDHCI platform and OF driver helper
[    0.314594] hw perfevents: enabled with armv7_cortex_a8 PMU driver, 5 (8000000f) counters available
[    0.315116] Initializing XFRM netlink socket
[    0.315251] NET: Registered PF_INET6 protocol family
[    0.320988] l3-aon-clkctrl:0000:0: failed to disable
[    0.322548] Segment Routing with IPv6
[    0.322633] In-situ OAM (IOAM) with IPv6
[    0.322728] sit: IPv6, IPv4 and MPLS over IPv4 tunneling driver
[    0.323650] NET: Registered PF_PACKET protocol family
[    0.323678] NET: Registered PF_KEY protocol family
[    0.323791] Key type dns_resolver registered
[    0.324017] ThumbEE CPU extension supported.
[    0.324036] Registering SWP/SWPB emulation handler
[    0.324557] omap_voltage_late_init: Voltage driver support not added
[    0.325245] SmartReflex Class3 initialized
[    0.356748] Loading compiled-in X.509 certificates
[    0.396068] /ocp/interconnect@44c00000/segment@200000/target-module@b000/i2c@0/tda19988@70: Fixed dependency cycle(s) with /ocp/interconnect@48000000/segment@300000/target-module@e000/lcdc@0
[    0.402377] /ocp/interconnect@44c00000/segment@200000/target-module@b000/i2c@0/tda19988@70: Fixed dependency cycle(s) with /ocp/interconnect@48000000/segment@300000/target-module@e000/lcdc@0
[    0.431881] /ocp/interconnect@44c00000/segment@200000/target-module@b000/i2c@0/tda19988@70: Fixed dependency cycle(s) with /ocp/interconnect@48000000/segment@300000/target-module@e000/lcdc@0
[    0.432765] /ocp/interconnect@44c00000/segment@200000/target-module@b000/i2c@0/tda19988@70: Fixed dependency cycle(s) with /ocp/interconnect@48000000/segment@300000/target-module@e000/lcdc@0
[    0.436024] /ocp/interconnect@44c00000/segment@200000/target-module@10000/scm@0/pinmux@800: Fixed dependency cycle(s) with /ocp/interconnect@44c00000/segment@200000/target-module@10000/scm@0/pinmux@800/clkout2-pins
[    0.436603] pinctrl-single 44e10800.pinmux: 142 pins, size 568
[    0.441705] ti-sysc 44e31000.target-module: probe with driver ti-sysc failed with error -16
[    0.467726] /ocp/interconnect@48000000/segment@300000/target-module@e000/lcdc@0: Fixed dependency cycle(s) with /ocp/interconnect@44c00000/segment@200000/target-module@b000/i2c@0/tda19988@70
[    0.475449] ti-sysc 48040000.target-module: probe with driver ti-sysc failed with error -16
[    0.532292] OMAP GPIO hardware version 0.1
[    0.546012] omap_i2c 4819c000.i2c: bus 2 rev0.11 at 100 kHz
[    0.575341] 48000000.interconnect:segment@200000:target-module@0:mpu@0:fck: device ID is greater than 24
[    0.576222] /ocp/interconnect@48000000/segment@300000/target-module@e000/lcdc@0: Fixed dependency cycle(s) with /ocp/interconnect@44c00000/segment@200000/target-module@b000/i2c@0/tda19988@70
[    0.578785] /ocp/interconnect@48000000/segment@300000/target-module@e000/lcdc@0: Fixed dependency cycle(s) with /ocp/interconnect@44c00000/segment@200000/target-module@b000/i2c@0/tda19988@70
[    0.579440] /ocp/interconnect@44c00000/segment@200000/target-module@b000/i2c@0/tda19988@70: Fixed dependency cycle(s) with /ocp/interconnect@48000000/segment@300000/target-module@e000/lcdc@0
[    0.579594] /ocp/interconnect@48000000/segment@300000/target-module@e000/lcdc@0: Fixed dependency cycle(s) with /ocp/interconnect@44c00000/segment@200000/target-module@b000/i2c@0/tda19988@70
[    0.590218] sdhci-omap 481d8000.mmc: supply pbias not found, using dummy regulator
[    0.590700] sdhci-omap 481d8000.mmc: supply vqmmc not found, using dummy regulator
[    0.632770] davinci_mdio 4a101000.mdio: davinci mdio revision 1.6, bus freq 1000000
[    0.757686] davinci_mdio 4a101000.mdio: phy[0]: device 4a101000.mdio:00, driver SMSC LAN8710/LAN8720
[    0.758444] cpsw-switch 4a100000.switch: initialized cpsw ale version 1.4
[    0.7 58468] cpsw-switch 4a100000.switch: ALE Table size 1024, Policers 0
[    0.758780] cpsw-switch 4a100000.switch: cpts: overflow check period 500 (jiffies)
[    0.758799] cpsw-switch 4a100000.switch: CPTS: ref_clk_freq:250000000 calc_mult:2147483648 calc_shift:29 error:0 nsec/sec
[    0.758909] cpsw-switch 4a100000.switch: Detected MACID = 6c:ec:eb:68:de:78
[    0.760746] cpsw-switch 4a100000.switch: initialized (regs 0x4a100000, pool size 256) hw_ver:0019010C 1.12 (0)
[    0.771237] debugfs: Directory  '49000000.dma' with parent 'dmaengine' already present!
[    0.771278] edma 49000000.dma: TI EDMA DMA engine driver
[    0.864149] 44e09000.serial: ttyS0 at MMIO 0x44e09000 (irq = 34, base_baud = 3000000) is a 8250
[    0.864238] printk: legacy console [ttyS0] enabled
[    2.312467] tps65217-pmic: Failed to locate of_node [id: -1]
[    2.318524] tps65217-bl: Failed to locate of_node [id: -1]
[    2.329741] tps65217 0-0024: TPS65217 ID 0xe version 1.2
[    2.335863] /ocp/interconnect@48000000/segment@300000/target-module@e000/lcdc@0: Fixed dependency cycle(s) with /ocp/interconnect@44c00000/segment@200000/target-module@b000/i2c@0/tda19988@70
[    2.353234] /ocp/interconnect@44c00000/segment@200000/target-module@b000/i2c@0/tda19988@70: Fixed dependency cycle(s) with /ocp/interconnect@48000000/segment@300000/target-module@e000/lcdc@0
[    2.370589] omap_i2c 44e0b000.i2c: bus 0 rev0.11 at 400 kHz
[    2.378553] omap_gpio 44e07000.gpio: Could not set line 6 debounce to 200000 microseconds (-22)
[    2.387436] sdhci-omap 48060000.mmc: Got CD GPIO
[    2.392485] sdhci-omap 48060000.mmc: supply pbias not found, using dummy regulator
[    2.402357] sdhci-omap 48060000.mmc: supply vqmmc not found, using dummy regulator
[    2.410909] sdhci-omap 481d8000.mmc: supply pbias not found, using dummy regulator
[    2.419482] sdhci-omap 481d8000.mmc: supply vqmmc not found, using dummy regulator
[    2.457985] mmc0: SDHCI controller on 48060000.mmc [48060000.mmc] using External DMA
[    2.466234] mmc1: SDHCI cont
[    5.762283] cpsw-switch 4a100000.switch eth0: Link is Up - 100Mbps/Full - flow control off
[    5.801734] IP-Config: Complete:
[    5.805009]      device=eth0, hwaddr=6c:ec:eb:68:de:78, ipaddr=192.168.255.1, mask=255.255.255.0, gw=255.255.255.255
[    5.815677]      host=bbb1, domain=, nis-domain=(none)
[    5.820844]      bootserver=192.168.255.126, rootserver=192.168.255.126, rootpath=
[    5.821273] clk: Disabling unused clocks
[    5.833111] PM: genpd: Disabling unused power domains
[    5.838225] KTAP version 1
[    5.840946] 1..0
[    5.865168] VFS: Mounted root (nfs filesystem) on device 0:17.
[    5.872012] devtmpfs: mounted
[    5.876450] Freeing unused kernel image (initmem) memory: 1024K
[    5.883360] Run /sbin/init as init process
[    6.588011] systemd[1]: System time before build time, advancing clock.
[    8.071515] random: crng init done
[    8.112353] systemd[1]: systemd 232 running in system mode. (+PAM +AUDIT +SELINUX +IMA +APPARMOR +SMACK +SYSVINIT +UTMP +LIBCRYPTSETUP +GCRYPT +GNUTLS +ACL +XZ +LZ4 +SECCOMP +BLKID +ELFUTILS +KMOD +IDN)
[    8.131321] systemd[1]: Detected architecture arm.

Welcome to [1mDebian GNU/Linux 9 (stretch)[0m!

[    8.164674] systemd[1]: Set hostname to <arm>.
[    9.265377] systemd[1]: Listening on Syslog Socket.
[[0;32m  OK  [0m] Listening on Syslog Socket.
[    9.292162] systemd[1]: Listening on udev Kernel Socket.
[[0;32m  OK  [0m] Listening on udev Kernel Socket.
[    9.322353] systemd[1]: Listening on Journal Socket.
[[0;32m  OK  [0m] Listening on Journal Socket.
[    9.353124] systemd[1]: Created slice User and Session Slice.
[[0;32m  OK  [0m] Created slice User and Session Slice.
[    9.382748] systemd[1]: Created slice System Slice.
[[0;32m  OK  [0m] Created slice System Slice.
[    9.442192] systemd[1]: Mounting Debug File System...
         Mounting Debug File System...
[    9.465108] systemd[1]: Starting Remount Root and Kernel File Systems...
         Starting Remount Root and Kernel File Systems...
         Starting Create list of required stâ€¦ce nodes for the current kernel...
[[0;32m  OK  [0m] Created slice system-getty.slice.
[[0;32m  OK  [0m] Set up automount Arbitrary Executabâ€¦rmats File System Automount Point.
         Mounting POSIX Message Queue File System...
[[0;32m  OK  [0m] Reached target Remote File Systems.
[[0;32m  OK  [0m] Started Forward Password Requests to Wall Directory Watch.
[[0;32m  OK  [0m] Reached target Swap.
[[0;32m  OK  [0m] Listening on Journal Socket (/dev/log).
[[0;32m  OK  [0m] Listening on /dev/initctl Compatibility Named Pipe.
         Starting Load Kernel Modules...
[[0;32m  OK  [0m] Created slice system-serial\x2dgetty.slice.
[[0;32m  OK  [0m] Listening on udev Control Socket.
[[0;32m  OK  [0m] Listening on Journal Audit Socket.
         Starting Journal Service...
[[0;32m  OK  [0m] Started Dispatch Password Requests to Console Directory Watch.
[[0;32m  OK  [0m] Reached target Encrypted Volumes.
[[0;32m  OK  [0m] Reached target Slices.
[[0;32m  OK  [0m] Reached target Paths.
[[0;32m  OK  [0m] Mounted POSIX Message Queue File System.
[[0;32m  OK  [0m] Mounted Debug File System.
[[0;32m  OK  [0m] Started Remount Root and Kernel File Systems.
[[0;32m  OK  [0m] Started Create list of required staâ€¦vice nodes for the current kernel.
[[0;32m  OK  [0m] Started Load Kernel Modules.
         Starting Apply Kernel Variables...
         Mounting Configuration File System...
         Starting Create Static Device Nodes in /dev...
         Starting udev Coldplug all Devices...
         Starting Load/Save Random Seed...
[[0;32m  OK  [0m] Mounted Configuration File System.
[[0;32m  OK  [0m] Started Apply Kernel Variables.
[[0;32m  OK  [0m] Started Load/Save Random Seed.
[[0;32m  OK  [0m] Started Create Static Device Nodes in /dev.
[[0;32m  OK  [0m] Started Journal Service.
         Starting Flush Journal to Persistent Storage...
         Starting udev Kernel Device Manager...
[[0;32m  OK  [0m] Reached target Local File Systems (Pre).
[[0;32m  OK  [0m] Reached target Local File Systems.
         Starting Raise network interfaces...
[   11.319684] systemd-journald[92]: Received request to flush runtime journal from PID 1
[[0;32m  OK  [0m] Started Flush Journal to Persistent Storage.
         Starting Create Volatile Files and Directories...
[[0;32m  OK  [0m] Started udev Kernel Device Manager.
[[0;32m  OK  [0m] Started Create Volatile Files and Directories.
         Starting Update UTMP about System Boot/Shutdown...
         Starting Network Time Synchronization...
[[0;32m  OK  [0m] Started Update UTMP about System Boot/Shutdown.
[[0;32m  OK  [0m] Started udev Coldplug all Devices.
[[0;32m  OK  [0m] Started Network Time Synchronization.
[[0;32m  OK  [0m] Reached target System Time Synchronized.
[[0;32m  OK  [0m] Reached target System Initialization.
[[0;32m  OK  [0m] Started Daily apt download activities.
[[0;32m  OK  [0m] Listening on D-Bus System Message Bus Socket.
[[0;32m  OK  [0m] Listening on Avahi mDNS/DNS-SD Stack Activation Socket.
[[0;32m  OK  [0m] Reached target Sockets.
[[0;32m  OK  [0m] Reached target Basic System.
         Starting DUN service...
[   14.735235] remoteproc remoteproc0: wkup_m3 is available
         Starting Generic Board Startup...
         Starting LSB: Load kernel modules needed to enable cpufreq scaling...
[   15.104280] wkup_m3_ipc 44e11324.wkup_m3_ipc: IPC Request for A8->M3 Channel failed! -517
         Starting Cape Manager Service...
[   15.163324] at24 2-0054: supply vcc not found, using dummy regulator
         Starting Avahi mDNS/DNS-SD Stack...
[   15.272207] omap_wdt: OMAP Watchdog Timer Rev 0x01: initial timeout 60 sec
[   15.287825] wkup_m3_ipc 44e11324.wkup_m3_ipc: IPC Request for A8->M3 Channel failed! -517
[   15.352492] at24 2-0055: supply vcc not found, using dummy regulator
[[0;32m  OK  [0m] Started D-Bus System Message Bus.
[   15.462433] at24 2-0056: supply vcc not found, using dummy regulator
[   15.560467] at24 2-0057: supply vcc not found, using dummy regulator
[   15.662235] at24 0-0050: 32768 byte 24c256 EEPROM, writable, 1 bytes/write
[   15.676653] wkup_m3_ipc 44e11324.wkup_m3_ipc: IPC Request for A8->M3 Channel failed! -517
[   15.845752] tps6521x_pwrbutton tps65217-pwrbutton: DMA mask not set
[   15.900054] omap_rtc 44e3e000.rtc: registered as rtc0
[   15.906515] omap_rtc 44e3e000.rtc: setting system clock to 2000-01-01T00:00:00 UTC (946684800)
[   15.917207] wkup_m3_ipc 44e11324.wkup_m3_ipc: IPC Request for A8->M3 Channel failed! -517
[   15.961039] input: tps65217_pwrbutton as /devices/platform/ocp/44c00000.interconnect/44c00000.interconnect:segment@200000/44e0b000.target-module/44e0b000.i2c/i2c-0/0-0024/tps65217-pwrbutton/input/input0
[   16.033796] wkup_m3_ipc 44e11324.wkup_m3_ipc: IPC Request for A8->M3 Channel failed! -517
[   16.164635] wkup_m3_ipc 44e11324.wkup_m3_ipc: IPC Request for A8->M3 Channel failed! -517
[   16.343338] am335x-phy-driver 47401300.usb-phy: dummy supplies not allowed for exclusive requests (id=vbus)
[   16.513614] am335x-phy-driver 47401b00.usb-phy: dummy supplies not allowed for exclusive requests (id=vbus)
[   16.525942] wkup_m3_ipc 44e11324.wkup_m3_ipc: IPC Request for A8->M3 Channel failed! -517
[   16.673228] wkup_m3_ipc 44e11324.wkup_m3_ipc: IPC Request for A8->M3 Channel failed! -517
[   16.684129] usbcore: registered new interface driver usbfs
[   16.689752] usbcore: registered new interface driver hub
[   16.695447] usbcore: registered new device driver usb
[   17.312488] wkup_m3_ipc 44e11324.wkup_m3_ipc: IPC Request for A8->M3 Channel failed! -517
[   17.377402] musb-hdrc musb-hdrc.1: MUSB HDRC host driver
[   17.383009] musb-hdrc musb-hdrc.1: new USB bus registered, assigned bus number 1
[   17.391233] wkup_m3_ipc 44e11324.wkup_m3_ipc: IPC Request for A8->M3 Channel failed! -517
[   17.436776] tda998x 0-0070: found TDA19988
[   17.605995] wkup_m3_ipc 44e11324.wkup_m3_ipc: IPC Request for A8->M3 Channel failed! -517
[   17.640762] usb usb1: New USB device found, idVendor=1d6b, idProduct=0002, bcdDevice= 6.12
[   17.649289] usb usb1: New USB device strings: Mfr=3, Product=2, SerialNumber=1
[   17.656605] usb usb1: Product: MUSB HDRC host driver
[   17.661625] usb usb1: Manufacturer: Linux 6.12.45 musb-hcd
[   17.667140] usb usb1: SerialNumber: musb-hdrc.1
[   17.741305] omap-mailbox 480c8000.mailbox: omap mailbox rev 0x400
[   17.884530] remoteproc remoteproc0: powering up wkup_m3
[   18.113714] hub 1-0:1.0: USB hub found
[   18.129617] remoteproc remoteproc0: Direct firmware load for am335x-pm-firmware.elf failed with error -2
[   18.139370] remoteproc remoteproc0: request_firmware failed: -2
[   18.145410] wkup_m3_ipc 44e11324.wkup_m3_ipc: rproc_boot failed
[   18.178658] hub 1-0:1.0: 1 port detected
[   19.914598] omap_rng 48310000.rng: Random Number Generator ver. 20
[   20.046358] tilcdc 4830e000.lcdc: bound 0-0070 (ops tda998x_audio_codec_init [tda998x])
[   20.169128] [drm] Initialized tilcdc 1.0.0 for 4830e000.lcdc on minor 0
[   20.269522] tilcdc 4830e000.lcdc: [drm] Cannot find any crtc or sizes
[   20.277751] tilcdc 4830e000.lcdc: [drm] Cannot find any crtc or sizes
[[0;32m  OK  [0m] Started DUN service.
[[0;32m  OK  [0m] Started Avahi mDNS/DNS-SD Stack.
         Starting Connection service...
[[0;32m  OK  [0m] Started Daily Cleanup of Temporary Directories.
         Starting Telephony service...
         Starting System Logging Service...
[[0;32m  OK  [0m] Started Regular background program processing daemon.
         Starting LSB: Start busybox udhcpd at boot time...
[   21.184138] PM: Cannot get wkup_m3_ipc handle
[   21.304556] omap-sham 53100000.sham: hw accel on OMAP rev 4.3
         Starting Login Service...
[[0;32m  OK  [0m] Started Daily apt upgrade and clean activities.
[   21.489762] omap-sham 53100000.sham: will run requests pump with realtime priority
[[0;32m  OK  [0m] Reached target Timers.[   21.503595] PM: Cannot get wkup_m3_ipc handle

[   21.688709] omap-aes 53500000.aes: OMAP AES hw accel rev: 3.2
[[0;32m  OK  [0m] Started Cape Manager Service.
[   21.872464] omap-aes 53500000.aes: will run requests pump with realtime priority
[   21.880883] PM: Cannot get wkup_m3_ipc handle
[[0;32m  OK  [0m] Found device /dev/ttyS0.
[[0;32m  OK  [0m] Started System Logging Service.
[   23.991369] Bluetooth: Core ver 2.22
[   23.995383] NET: Registered PF_BLUETOOTH protocol family
[   24.000735] Bluetooth: HCI device and connection manager initialized
[   24.007265] Bluetooth: HCI socket layer initialized
[   24.012212] Bluetooth: L2CAP socket layer initialized
[   24.017322] Bluetooth: SCO socket layer initialized
[   25.322325] PM: Cannot get wkup_m3_ipc handle
[   25.435994] PM: Cannot get wkup_m3_ipc handle
[[0;32m  OK  [0m] Started LSB: Start busybox udhcpd at boot time.
[   28.009878] configfs-gadget.g_multi gadget.0: HOST MAC 1c:ba:8c:a2:ed:6c
[   28.016867] configfs-gadget.g_multi gadget.0: MAC 1c:ba:8c:a2:ed:70
[   28.024232] configfs-gadget.g_multi gadget.0: HOST MAC 1c:ba:8c:a2:ed:6c
[   28.030998] configfs-gadget.g_multi gadget.0: MAC 1c:ba:8c:a2:ed:6d
[   28.039310] PM: Cannot get wkup_m3_ipc handle
[[0;32m  OK  [0m] Started LSB: Load kernel modules needed to enable cpufreq scaling.
[[0;32m  OK  [0m] Started Raise network interfaces.
[[0;32m  OK  [0m] Started Telephony service.
[[0;32m  OK  [0m] Started Connection service.
[[0;32m  OK  [0m] Started Login Service.
         Starting Hostname Service...
         Starting WPA supplicant...
[[0;32m  OK  [0m] Reached target Sound Card.
         Starting LSB: set CPUFreq kernel parameters...
[[0;32m  OK  [0m] Started WPA supplicant.
[[0;32m  OK  [0m] Started Hostname Service.
         Stopping LSB: Start busybox udhcpd at boot time...
[[0;32m  OK  [0m] Reached target Network.
         Starting OpenBSD Secure Shell server...
[[0;32m  OK  [0m] Reached target Network is Online.
         Starting LSB: Advanced IEEE 802.11 management daemon...
         Starting Permit User Sessions...
         Starting The Apache HTTP Server...
[[0;32m  OK  [0m] Started LSB: set CPUFreq kernel parameters.
[[0;32m  OK  [0m] Started LSB: Advanced IEEE 802.11 management daemon.
[[0;32m  OK  [0m] Started Permit User Sessions.
[[0;32m  OK  [0m] Started Serial Getty on ttyS0.
[[0;32m  OK  [0m] Started Getty on tty1.
[[0;32m  OK  [0m] Reached target Login Prompts.
[[0;32m  OK  [0m] Stopped LSB: Start busybox udhcpd at boot time.
[[0;32m  OK  [0m] Started OpenBSD Secure Shell server.
         Starting dnsmasq - A lightweight DHCP and caching DNS server...
[[0;32m  OK  [0m] Started The Apache HTTP Server.
[[0;32m  OK  [0m] Started dnsmasq - A lightweight DHCP and caching DNS server.
[[0;32m  OK  [0m] Reached target Host and Network Name Lookups.
[[0;32m  OK  [0m] Started Serial Getty on ttyGS0.
[[0;32m  OK  [0m] Started Generic Board Startup.
[[0;32m  OK  [0m] Reached target Multi-User System.
[[0;32m  OK  [0m] Reached target Graphical Interface.
         Starting Update UTMP about System Runlevel Changes...
[[0;32m  OK  [0m] Started Update UTMP about System Runlevel Changes.

Debian GNU/Linux 9 arm ttyS0

default username:password is [debian:temppwd]

arm login: root
Password: 
Last login: Sat Jan  1 00:00:29 UTC 2000 on ttyS0
root
Linux arm 6.12.45 #1 SMP Thu Sep  4 18:33:58 EEST 2025 armv7l

The programs included with the Debian GNU/Linux system are free software;
the exact distribution terms for each program are described in the
individual files in /usr/share/doc/*/copyright.

Debian GNU/Linux comes with ABSOLUTELY NO WARRANTY, to the extent
permitted by applicable law.
root@arm:~# root
-bash: root: command not found
root@arm:~# dmesg -n 1
echo 'PMZO''PBGPUQ'
root@arm:~# echo 'PMZO''PBGPUQ'
PMZOPBGPUQ
root@arm:~# run() { echo -n "$MARKER"; sh -c "$@"; echo "$MARKER $?"; }
root@arm:~# echo 'QXTY''YPBPCA'
QXTYYPBPCA
root@arm:~# MARKER='NWZF''SBKLUH' run 'cat /proc/version'
NWZFSBKLUHLinux version 6.12.45 (user01@drvtest01) (arm-none-eabi-gcc (Arm GNU Toolchain 14.2.Rel1 (Build arm-14.52)) 14.2.1 20241119, GNU ld (Arm GNU Toolchain 14.2.Rel1 (Build arm-14.52)) 2.43.1.20241119) #1 SMP Thu Sep  4 18:33:58 EEST 2025
NWZFSBKLUH 0
root@arm:~# echo 'CKNA''QASMEG'
CKNAQASMEG
root@arm:~# MARKER='MGTL''SOHUJT' run false
MGTLSOHUJTMGTLSOHUJT 1
root@arm:~# Labgrid Console Logfile for main
Logfile started at 2025-09-04 18:37:53.536001
=== Log starts here ===

root@arm:~# run() { echo -n "$MARKER"; sh -c "$@"; echo "$MARKER $?"; }
root@arm:~# echo 'JNUH''LNJPLY'
JNUHLNJPLY
root@arm:~# MARKER='HVMC''CHXZUA' run 'ls /iio_generic_buffer; echo $?'
HVMCCHXZUA/iio_generic_buffer
0
HVMCCHXZUA 0
root@arm:~# Labgrid Console Logfile for main
Logfile started at 2025-09-04 18:37:56.889323
=== Log starts here ===

root@arm:~# run() { echo -n "$MARKER"; sh -c "$@"; echo "$MARKER $?"; }
root@arm:~# echo 'KFWZ''UMOCZV'
KFWZUMOCZV
root@arm:~# MARKER='TMXT''QMXTEQ' run dmesg
TMXTQMXTEQ[    0.000000] Booting Linux on physical CPU 0x0
[    0.000000] Linux version 6.12.45 (user01@drvtest01) (arm-none-eabi-gcc (Arm GNU Toolchain 14.2.Rel1 (Build arm-14.52)) 14.2.1 20241119, GNU ld (Arm GNU Toolchain 14.2.Rel1 (Build arm-14.52)) 2.43.1.20241119) #1 SMP Thu Sep  4 18:33:58 EEST 2025
[    0.000000] CPU: ARMv7 Processor [413fc082] revision 2 (ARMv7), cr=10c5387d
[    0.000000] CPU: PIPT / VIPT nonaliasing data cache, VIPT aliasing instruction cache
[    0.000000] OF: fdt: Machine model: TI AM335x BeagleBone Black
[    0.000000] Memory policy: Data cache writeback
[    0.000000] cma: Reserved 16 MiB at 0x9e800000 on node -1
[    0.000000] Zone ranges:
[    0.000000]   Normal   [mem 0x0000000080000000-0x000000009fdfffff]
[    0.000000]   HighMem  empty
[    0.000000] Movable zone start for each node
[    0.000000] Early memory node ranges
[    0.000000]   node   0: [mem 0x0000000080000000-0x000000009fdfffff]
[    0.000000] Initmem setup node 0 [mem 0x0000000080000000-0x000000009fdfffff]
[    0.000000] OF: reserved mem: Reserved memory: No reserved-memory node in the DT
[    0.000000] CPU: All CPU(s) started in SVC mode.
[    0.000000] AM335X ES2.1 (sgx neon)
[    0.000000] percpu: Embedded 17 pages/cpu s40396 r8192 d21044 u69632
[    0.000000] pcpu-alloc: s40396 r8192 d21044 u69632 alloc=17*4096
[    0.000000] pcpu-alloc: [0] 0 
[    0.000000] Kernel command line: console=ttyO0,115200n8 root=/dev/nfs rw nfsroot=192.168.255.126:/home/user01/nfs,nfsvers=3 ip=192.168.255.1:192.168.255.126::255.255.255.0:bbb1:eth0 nfsrootdebug
[    0.000000] Unknown kernel command line parameters "nfsrootdebug", will be passed to user space.
[    0.000000] Dentry cache hash table entries: 65536 (order: 6, 262144 bytes, linear)
[    0.000000] Inode-cache hash table entries: 32768 (order: 5, 131072 bytes, linear)
[    0.000000] Built 1 zonelists, mobility grouping on.  Total pages: 130560
[    0.000000] mem auto-init: stack:off, heap alloc:off, heap free:off
[    0.000000] SLUB: HWalign=64, Order=0-3, MinObjects=0, CPUs=1, Nodes=1
[    0.000000] rcu: Hierarchical RCU implementation.
[    0.000000] rcu: 	RCU event tracing is enabled.
[    0.000000] rcu: 	RCU restricting CPUs from NR_CPUS=2 to nr_cpu_ids=1.
[    0.000000] rcu: RCU calculated value of scheduler-enlistment delay is 10 jiffies.
[    0.000000] rcu: Adjusting geometry for rcu_fanout_leaf=16, nr_cpu_ids=1
[    0.000000] NR_IRQS: 16, nr_irqs: 16, preallocated irqs: 16
[    0.000000] IRQ: Found an INTC at 0x(ptrval) (revision 5.0) with 128 interrupts
[    0.000000] rcu: srcu_init: Setting srcu_struct sizes based on contention.
[    0.000000] TI gptimer clocksource: always-on /ocp/interconnect@44c00000/segment@200000/target-module@31000
[    0.000003] sched_clock: 32 bits at 24MHz, resolution 41ns, wraps every 89478484971ns
[    0.000028] clocksource: dmtimer: mask: 0xffffffff max_cycles: 0xffffffff, max_idle_ns: 79635851949 ns
[    0.000491] TI gptimer clockevent: 24000000 Hz at /ocp/interconnect@48000000/segment@0/target-module@40000
[    0.002079] Console: colour dummy device 80x30
[    0.002143] WARNING: Your 'console=ttyO0' has been replaced by 'ttyS0'
[    0.002151] This ensures that you still see kernel messages. Please
[    0.002155] update your kernel commandline.
[    0.002198] Calibrating delay loop... 996.14 BogoMIPS (lpj=4980736)
[    0.090537] CPU: Testing write buffer coherency: ok
[    0.090649] CPU0: Spectre v2: using BPIALL workaround
[    0.090658] pid_max: default: 32768 minimum: 301
[    0.090786] LSM: initializing lsm=capability
[    0.090953] Mount-cache hash table entries: 1024 (order: 0, 4096 bytes, linear)
[    0.090974] Mountpoint-cache hash table entries: 1024 (order: 0, 4096 bytes, linear)
[    0.092546] CPU0: thread -1, cpu 0, socket -1, mpidr 0
[    0.094573] Setting up static identity map for 0x80100000 - 0x80100078
[    0.094880] rcu: Hierarchical SRCU implementation.
[    0.094890] rcu: 	Max phase no-delay instances is 1000.
[    0.096627] smp: Bringing up secondary CPUs ...
[    0.096684] smp: Brought up 1 node, 1 CPU
[    0.096696] SMP: Total of 1 processors activated (996.14 BogoMIPS).
[    0.096708] CPU: All CPU(s) started in SVC mode.
[    0.096894] Memory: 480868K/522240K available (11264K kernel code, 1211K rwdata, 2880K rodata, 1024K init, 295K bss, 23360K reserved, 16384K cma-reserved, 0K highmem)
[    0.097709] devtmpfs: initialized
[    0.114342] VFP support v0.3: implementor 41 architecture 3 part 30 variant c rev 3
[    0.114687] clocksource: jiffies: mask: 0xffffffff max_cycles: 0xffffffff, max_idle_ns: 19112604462750000 ns
[    0.114720] futex hash table entries: 256 (order: 2, 16384 bytes, linear)
[    0.116152] pinctrl core: initialized pinctrl subsystem
[    0.118275] NET: Registered PF_NETLINK/PF_ROUTE protocol family
[    0.121299] DMA: preallocated 256 KiB pool for atomic coherent allocations
[    0.122202] audit: initializing netlink subsys (disabled)
[    0.123545] thermal_sys: Registered thermal governor 'fair_share'
[    0.123561] thermal_sys: Registered thermal governor 'step_wise'
[    0.123571] thermal_sys: Registered thermal governor 'user_space'
[    0.123685] audit: type=2000 audit(0.120:1): state=initialized audit_enabled=0 res=1
[    0.123758] cpuidle: using governor menu
[    0.141487] /ocp/interconnect@44c00000/segment@200000/target-module@b000/i2c@0/tda19988@70: Fixed dependency cycle(s) with /ocp/interconnect@48000000/segment@300000/target-module@e000/lcdc@0
[    0.142609] /ocp/interconnect@48000000/segment@300000/target-module@e000/lcdc@0: Fixed dependency cycle(s) with /ocp/interconnect@44c00000/segment@200000/target-module@b000/i2c@0/tda19988@70
[    0.144772] No ATAGs?
[    0.144790] hw-breakpoint: debug architecture 0x4 unsupported.
[    0.147419] kprobes: kprobe jump-optimization is enabled. All kprobes are optimized if possible.
[    0.154036] iommu: Default domain type: Translated
[    0.154059] iommu: DMA domain TLB invalidation policy: strict mode
[    0.155615] reg-fixed-voltage fixedregulator0: using DT '/fixedregulator0' for '(default)' GPIO lookup
[    0.155670] of_get_named_gpiod_flags: can't parse 'gpios' property of node '/fixedregulator0[0]'
[    0.155699] of_get_named_gpiod_flags: can't parse 'gpio' property of node '/fixedregulator0[0]'
[    0.155716] reg-fixed-voltage fixedregulator0: using lookup tables for GPIO lookup
[    0.155726] reg-fixed-voltage fixedregulator0: No GPIO consumer (default) found
[    0.161469] SCSI subsystem initialized
[    0.161949] libata version 3.00 loaded.
[    0.162314] pps_core: LinuxPPS API ver. 1 registered
[    0.162324] pps_core: Software ver. 5.3.6 - Copyright 2005-2007 Rodolfo Giometti <giometti@linux.it>
[    0.162348] PTP clock support registered
[    0.171148] vgaarb: loaded
[    0.171493] clocksource: Switched to clocksource dmtimer
[    0.172154] VFS: Disk quotas dquot_6.6.0
[    0.172199] VFS: Dquot-cache hash table entries: 1024 (order 0, 4096 bytes)
[    0.196009] NET: Registered PF_INET protocol family
[    0.196352] IP idents hash table entries: 8192 (order: 4, 65536 bytes, linear)
[    0.197726] tcp_listen_portaddr_hash hash table entries: 512 (order: 0, 4096 bytes, linear)
[    0.197762] Table-perturb hash table entries: 65536 (order: 6, 262144 bytes, linear)
[    0.197781] TCP established hash table entries: 4096 (order: 2, 16384 bytes, linear)
[    0.197828] TCP bind hash table entries: 4096 (order: 4, 65536 bytes, linear)
[    0.197928] TCP: Hash tables configured (established 4096 bind 4096)
[    0.198045] UDP hash table entries: 256 (order: 1, 8192 bytes, linear)
[    0.198073] UDP-Lite hash table entries: 256 (order: 1, 8192 bytes, linear)
[    0.198243] NET: Registered PF_UNIX/PF_LOCAL protocol family
[    0.199505] RPC: Registered named UNIX socket transport module.
[    0.199526] RPC: Registered udp transport module.
[    0.199533] RPC: Registered tcp transport module.
[    0.199537] RPC: Registered tcp-with-tls transport module.
[    0.199542] RPC: Registered tcp NFSv4.1 backchannel transport module.
[    0.199566] PCI: CLS 0 bytes, default 64
[    0.200940] Initialise system trusted keyrings
[    0.211840] workingset: timestamp_bits=14 max_order=17 bucket_order=3
[    0.213123] NFS: Registering the id_resolver key type
[    0.213191] Key type id_resolver registered
[    0.213199] Key type id_legacy registered
[    0.213247] jffs2: version 2.2. (NAND) (SUMMARY)  Â© 2001-2006 Red Hat, Inc.
[    0.213651] Key type asymmetric registered
[    0.213666] Asymmetric key parser 'x509' registered
[    0.213734] io scheduler mq-deadline registered
[    0.213743] io scheduler kyber registered
[    0.213808] io scheduler bfq registered
[    0.215630] target-module@4b000000:target-module@140000:pmu@0:fck: device ID is greater than 24
[    0.221839] l3-aon-clkctrl:0000:0: failed to disable
[    0.222103] ledtrig-cpu: registered to indicate activity on CPUs
[    0.232059] Serial: 8250/16550 driver, 6 ports, IRQ sharing enabled
[    0.265591] brd: module loaded
[    0.283288] loop: module loaded
[    0.284212] mtdoops: mtd device (mtddev=name/number) must be supplied
[    0.285903] mdio_bus fixed-0: using lookup tables for GPIO lookup
[    0.285927] mdio_bus fixed-0: No GPIO consumer reset found
[    0.287285] i2c_dev: i2c /dev entries driver
[    0.288246] cpuidle: enable-method property 'ti,am3352' found operations
[    0.288687] sdhci: Secure Digital Host Controller Interface driver
[    0.288696] sdhci: Copyright(c) Pierre Ossman
[    0.288874] sdhci-pltfm: SDHCI platform and OF driver helper
[    0.314594] hw perfevents: enabled with armv7_cortex_a8 PMU driver, 5 (8000000f) counters available
[    0.315116] Initializing XFRM netlink socket
[    0.315251] NET: Registered PF_INET6 protocol family
[    0.320988] l3-aon-clkctrl:0000:0: failed to disable
[    0.322548] Segment Routing with IPv6
[    0.322633] In-situ OAM (IOAM) with IPv6
[    0.322728] sit: IPv6, IPv4 and MPLS over IPv4 tunneling driver
[    0.323650] NET: Registered PF_PACKET protocol family
[    0.323678] NET: Registered PF_KEY protocol family
[    0.323791] Key type dns_resolver registered
[    0.324017] ThumbEE CPU extension supported.
[    0.324036] Registering SWP/SWPB emulation handler
[    0.324557] omap_voltage_late_init: Voltage driver support not added
[    0.325245] SmartReflex Class3 initialized
[    0.356748] Loading compiled-in X.509 certificates
[    0.396068] /ocp/interconnect@44c00000/segment@200000/target-module@b000/i2c@0/tda19988@70: Fixed dependency cycle(s) with /ocp/interconnect@48000000/segment@300000/target-module@e000/lcdc@0
[    0.402377] /ocp/interconnect@44c00000/segment@200000/target-module@b000/i2c@0/tda19988@70: Fixed dependency cycle(s) with /ocp/interconnect@48000000/segment@300000/target-module@e000/lcdc@0
[    0.407696] gpiochip_find_base_unlocked: found new base at 512
[    0.431881] /ocp/interconnect@44c00000/segment@200000/target-module@b000/i2c@0/tda19988@70: Fixed dependency cycle(s) with /ocp/interconnect@48000000/segment@300000/target-module@e000/lcdc@0
[    0.432765] /ocp/interconnect@44c00000/segment@200000/target-module@b000/i2c@0/tda19988@70: Fixed dependency cycle(s) with /ocp/interconnect@48000000/segment@300000/target-module@e000/lcdc@0
[    0.436024] /ocp/interconnect@44c00000/segment@200000/target-module@10000/scm@0/pinmux@800: Fixed dependency cycle(s) with /ocp/interconnect@44c00000/segment@200000/target-module@10000/scm@0/pinmux@800/clkout2-pins
[    0.436603] pinctrl-single 44e10800.pinmux: 142 pins, size 568
[    0.441705] ti-sysc 44e31000.target-module: probe with driver ti-sysc failed with error -16
[    0.467726] /ocp/interconnect@48000000/segment@300000/target-module@e000/lcdc@0: Fixed dependency cycle(s) with /ocp/interconnect@44c00000/segment@200000/target-module@b000/i2c@0/tda19988@70
[    0.475449] ti-sysc 48040000.target-module: probe with driver ti-sysc failed with error -16
[    0.486265] gpiochip_find_base_unlocked: found new base at 512
[    0.486363] gpio gpiochip0: (gpio-0-31): created GPIO range 0->7 ==> 44e10800.pinmux PIN 0->7
[    0.486382] gpio gpiochip0: (gpio-0-31): created GPIO range 8->11 ==> 44e10800.pinmux PIN 90->93
[    0.486397] gpio gpiochip0: (gpio-0-31): created GPIO range 12->27 ==> 44e10800.pinmux PIN 12->27
[    0.486413] gpio gpiochip0: (gpio-0-31): created GPIO range 28->31 ==> 44e10800.pinmux PIN 30->33
[    0.532034] gpio gpiochip0: (gpio-0-31): added GPIO chardev (254:0)
[    0.532202] gpio gpiochip0: registered GPIOs 512 to 543 on gpio-0-31
[    0.532292] OMAP GPIO hardware version 0.1
[    0.545024] i2c i2c-2: using DT '/ocp/interconnect@48000000/segment@100000/target-module@9c000/i2c@0' for 'scl' GPIO lookup
[    0.545096] of_get_named_gpiod_flags: can't parse 'scl-gpios' property of node '/ocp/interconnect@48000000/segment@100000/target-module@9c000/i2c@0[0]'
[    0.545139] of_get_named_gpiod_flags: can't parse 'scl-gpio' property of node '/ocp/interconnect@48000000/segment@100000/target-module@9c000/i2c@0[0]'
[    0.545173] i2c i2c-2: using lookup tables for GPIO lookup
[    0.545183] i2c i2c-2: No GPIO consumer scl found
[    0.545204] i2c i2c-2: using DT '/ocp/interconnect@48000000/segment@100000/target-module@9c000/i2c@0' for 'sda' GPIO lookup
[    0.545239] of_get_named_gpiod_flags: can't parse 'sda-gpios' property of node '/ocp/interconnect@48000000/segment@100000/target-module@9c000/i2c@0[0]'
[    0.545275] of_get_named_gpiod_flags: can't parse 'sda-gpio' property of node '/ocp/interconnect@48000000/segment@100000/target-module@9c000/i2c@0[0]'
[    0.545306] i2c i2c-2: using lookup tables for GPIO lookup
[    0.545314] i2c i2c-2: No GPIO consumer sda found
[    0.546012] omap_i2c 4819c000.i2c: bus 2 rev0.11 at 100 kHz
[    0.551143] gpiochip_find_base_unlocked: found new base at 544
[    0.551240] gpio gpiochip1: (gpio-32-63): created GPIO range 0->17 ==> 44e10800.pinmux PIN 34->51
[    0.551259] gpio gpiochip1: (gpio-32-63): created GPIO range 18->21 ==> 44e10800.pinmux PIN 77->80
[    0.551275] gpio gpiochip1: (gpio-32-63): created GPIO range 22->31 ==> 44e10800.pinmux PIN 56->65
[    0.566498] gpio gpiochip1: (gpio-32-63): added GPIO chardev (254:1)
[    0.566675] gpio gpiochip1: registered GPIOs 544 to 575 on gpio-32-63
[    0.568823] gpiochip_find_base_unlocked: found new base at 576
[    0.568915] gpio gpiochip2: (gpio-64-95): created GPIO range 0->4 ==> 44e10800.pinmux PIN 66->70
[    0.568934] gpio gpiochip2: (gpio-64-95): created GPIO range 5->6 ==> 44e10800.pinmux PIN 98->99
[    0.568950] gpio gpiochip2: (gpio-64-95): created GPIO range 7->8 ==> 44e10800.pinmux PIN 75->76
[    0.568966] gpio gpiochip2: (gpio-64-95): created GPIO range 13->13 ==> 44e10800.pinmux PIN 141->141
[    0.568982] gpio gpiochip2: (gpio-64-95): created GPIO range 14->21 ==> 44e10800.pinmux PIN 100->107
[    0.569619] gpio gpiochip2: (gpio-64-95): added GPIO chardev (254:2)
[    0.569747] gpio gpiochip2: registered GPIOs 576 to 607 on gpio-64-95
[    0.575341] 48000000.interconnect:segment@200000:target-module@0:mpu@0:fck: device ID is greater than 24
[    0.576222] /ocp/interconnect@48000000/segment@300000/target-module@e000/lcdc@0: Fixed dependency cycle(s) with /ocp/interconnect@44c00000/segment@200000/target-module@b000/i2c@0/tda19988@70
[    0.578785] /ocp/interconnect@48000000/segment@300000/target-module@e000/lcdc@0: Fixed dependency cycle(s) with /ocp/interconnect@44c00000/segment@200000/target-module@b000/i2c@0/tda19988@70
[    0.579440] /ocp/interconnect@44c00000/segment@200000/target-module@b000/i2c@0/tda19988@70: Fixed dependency cycle(s) with /ocp/interconnect@48000000/segment@300000/target-module@e000/lcdc@0
[    0.579594] /ocp/interconnect@48000000/segment@300000/target-module@e000/lcdc@0: Fixed dependency cycle(s) with /ocp/interconnect@44c00000/segment@200000/target-module@b000/i2c@0/tda19988@70
[    0.588791] mdio_bus 4a101000.mdio: using DT '/ocp/interconnect@4a000000/segment@0/target-module@100000/switch@0/mdio@1000' for 'reset' GPIO lookup
[    0.588863] of_get_named_gpiod_flags: can't parse 'reset-gpios' property of node '/ocp/interconnect@4a000000/segment@0/target-module@100000/switch@0/mdio@1000[0]'
[    0.588909] of_get_named_gpiod_flags: can't parse 'reset-gpio' property of node '/ocp/interconnect@4a000000/segment@0/target-module@100000/switch@0/mdio@1000[0]'
[    0.588955] mdio_bus 4a101000.mdio: using lookup tables for GPIO lookup
[    0.588964] mdio_bus 4a101000.mdio: No GPIO consumer reset found
[    0.589884] sdhci-omap 481d8000.mmc: using DT '/ocp/interconnect@48000000/segment@100000/target-module@d8000/mmc@0' for 'wp' GPIO lookup
[    0.589942] of_get_named_gpiod_flags: can't parse 'wp-gpios' property of node '/ocp/interconnect@48000000/segment@100000/target-module@d8000/mmc@0[0]'
[    0.589983] of_get_named_gpiod_flags: can't parse 'wp-gpio' property of node '/ocp/interconnect@48000000/segment@100000/target-module@d8000/mmc@0[0]'
[    0.590016] sdhci-omap 481d8000.mmc: using lookup tables for GPIO lookup
[    0.590025] sdhci-omap 481d8000.mmc: No GPIO consumer wp found
[    0.590218] sdhci-omap 481d8000.mmc: supply pbias not found, using dummy regulator
[    0.590700] sdhci-omap 481d8000.mmc: supply vqmmc not found, using dummy regulator
[    0.632770] davinci_mdio 4a101000.mdio: davinci mdio revision 1.6, bus freq 1000000
[    0.657618] mdio_bus 4a101000.mdio:00: using DT '/ocp/interconnect@4a000000/segment@0/target-module@100000/switch@0/mdio@1000/ethernet-phy@0' for 'reset' GPIO lookup
[    0.657721] of_get_named_gpiod_flags: parsed 'reset-gpios' property of node '/ocp/interconnect@4a000000/segment@0/target-module@100000/switch@0/mdio@1000/ethernet-phy@0[0]' - status (0)
[    0.657884] gpio gpiochip0: Persistence not supported for GPIO 8
[    0.757686] davinci_mdio 4a101000.mdio: phy[0]: device 4a101000.mdio:00, driver SMSC LAN8710/LAN8720
[    0.758444] cpsw-switch 4a100000.switch: initialized cpsw ale version 1.4
[    0.758468] cpsw-switch 4a100000.switch: ALE Table size 1024, Policers 0
[    0.758780] cpsw-switch 4a100000.switch: cpts: overflow check period 500 (jiffies)
[    0.758799] cpsw-switch 4a100000.switch: CPTS: ref_clk_freq:250000000 calc_mult:2147483648 calc_shift:29 error:0 nsec/sec
[    0.758909] cpsw-switch 4a100000.switch: Detected MACID = 6c:ec:eb:68:de:78
[    0.760746] cpsw-switch 4a100000.switch: initialized (regs 0x4a100000, pool size 256) hw_ver:0019010C 1.12 (0)
[    0.771237] debugfs: Directory '49000000.dma' with parent 'dmaengine' already present!
[    0.771278] edma 49000000.dma: TI EDMA DMA engine driver
[    0.826303] gpio-clk clk_mcasp0: using DT '/clk_mcasp0' for 'enable' GPIO lookup
[    0.826388] of_get_named_gpiod_flags: parsed 'enable-gpios' property of node '/clk_mcasp0[0]' - status (0)
[    0.826430] gpio gpiochip0: Persistence not supported for GPIO 27
[    0.827307] gpiochip_find_base_unlocked: found new base at 608
[    0.827421] gpio gpiochip3: (gpio-96-127): created GPIO range 0->7 ==> 44e10800.pinmux PIN 82->89
[    0.827444] gpio gpiochip3: (gpio-96-127): created GPIO range 8->11 ==> 44e10800.pinmux PIN 52->55
[    0.827460] gpio gpiochip3: (gpio-96-127): created GPIO range 12->15 ==> 44e10800.pinmux PIN 94->97
[    0.827477] gpio gpiochip3: (gpio-96-127): created GPIO range 16->17 ==> 44e10800.pinmux PIN 71->72
[    0.827492] gpio gpiochip3: (gpio-96-127): created GPIO range 18->18 ==> 44e10800.pinmux PIN 135->135
[    0.827508] gpio gpiochip3: (gpio-96-127): created GPIO range 19->20 ==> 44e10800.pinmux PIN 108->109
[    0.827524] gpio gpiochip3: (gpio-96-127): created GPIO range 21->21 ==> 44e10800.pinmux PIN 73->73
[    0.827541] gpio gpiochip3: (gpio-96-127): created GPIO range 22->23 ==> 44e10800.pinmux PIN 8->9
[    0.827558] gpio gpiochip3: (gpio-96-127): created GPIO range 26->27 ==> 44e10800.pinmux PIN 10->11
[    0.827576] gpio gpiochip3: (gpio-96-127): created GPIO range 28->28 ==> 44e10800.pinmux PIN 74->74
[    0.827593] gpio gpiochip3: (gpio-96-127): created GPIO range 29->29 ==> 44e10800.pinmux PIN 81->81
[    0.827611] gpio gpiochip3: (gpio-96-127): created GPIO range 30->31 ==> 44e10800.pinmux PIN 28->29
[    0.847556] gpio gpiochip3: (gpio-96-127): added GPIO chardev (254:3)
[    0.847725] gpio gpiochip3: registered GPIOs 608 to 639 on gpio-96-127
[    0.863417] omap8250 44e09000.serial: using DT '/ocp/interconnect@44c00000/segment@200000/target-module@9000/serial@0' for 'rs485-term' GPIO lookup
[    0.863494] of_get_named_gpiod_flags: can't parse 'rs485-term-gpios' property of node '/ocp/interconnect@44c00000/segment@200000/target-module@9000/serial@0[0]'
[    0.863539] of_get_named_gpiod_flags: can't parse 'rs485-term-gpio' property of node '/ocp/interconnect@44c00000/segment@200000/target-module@9000/serial@0[0]'
[    0.863574] omap8250 44e09000.serial: using lookup tables for GPIO lookup
[    0.863583] omap8250 44e09000.serial: No GPIO consumer rs485-term found
[    0.863593] omap8250 44e09000.serial: using DT '/ocp/interconnect@44c00000/segment@200000/target-module@9000/serial@0' for 'rs485-rx-during-tx' GPIO lookup
[    0.863627] of_get_named_gpiod_flags: can't parse 'rs485-rx-during-tx-gpios' property of node '/ocp/interconnect@44c00000/segment@200000/target-module@9000/serial@0[0]'
[    0.863663] of_get_named_gpiod_flags: can't parse 'rs485-rx-during-tx-gpio' property of node '/ocp/interconnect@44c00000/segment@200000/target-module@9000/serial@0[0]'
[    0.863694] omap8250 44e09000.serial: using lookup tables for GPIO lookup
[    0.863702] omap8250 44e09000.serial: No GPIO consumer rs485-rx-during-tx found
[    0.864149] 44e09000.serial: ttyS0 at MMIO 0x44e09000 (irq = 34, base_baud = 3000000) is a 8250
[    0.864238] printk: legacy console [ttyS0] enabled
[    2.294948] i2c i2c-0: using DT '/ocp/interconnect@44c00000/segment@200000/target-module@b000/i2c@0' for 'scl' GPIO lookup
[    2.295033] of_get_named_gpiod_flags: can't parse 'scl-gpios' property of node '/ocp/interconnect@44c00000/segment@200000/target-module@b000/i2c@0[0]'
[    2.295079] of_get_named_gpiod_flags: can't parse 'scl-gpio' property of node '/ocp/interconnect@44c00000/segment@200000/target-module@b000/i2c@0[0]'
[    2.295120] i2c i2c-0: using lookup tables for GPIO lookup
[    2.295132] i2c i2c-0: No GPIO consumer scl found
[    2.295157] i2c i2c-0: using DT '/ocp/interconnect@44c00000/segment@200000/target-module@b000/i2c@0' for 'sda' GPIO lookup
[    2.295197] of_get_named_gpiod_flags: can't parse 'sda-gpios' property of node '/ocp/interconnect@44c00000/segment@200000/target-module@b000/i2c@0[0]'
[    2.295237] of_get_named_gpiod_flags: can't parse 'sda-gpio' property of node '/ocp/interconnect@44c00000/segment@200000/target-module@b000/i2c@0[0]'
[    2.295271] i2c i2c-0: using lookup tables for GPIO lookup
[    2.295282] i2c i2c-0: No GPIO consumer sda found
[    2.312467] tps65217-pmic: Failed to locate of_node [id: -1]
[    2.318524] tps65217-bl: Failed to locate of_node [id: -1]
[    2.329741] tps65217 0-0024: TPS65217 ID 0xe version 1.2
[    2.335863] /ocp/interconnect@48000000/segment@300000/target-module@e000/lcdc@0: Fixed dependency cycle(s) with /ocp/interconnect@44c00000/segment@200000/target-module@b000/i2c@0/tda19988@70
[    2.353234] /ocp/interconnect@44c00000/segment@200000/target-module@b000/i2c@0/tda19988@70: Fixed dependency cycle(s) with /ocp/interconnect@48000000/segment@300000/target-module@e000/lcdc@0
[    2.370589] omap_i2c 44e0b000.i2c: bus 0 rev0.11 at 400 kHz
[    2.378334] sdhci-omap 48060000.mmc: using DT '/ocp/interconnect@48000000/segment@0/target-module@60000/mmc@0' for 'cd' GPIO lookup
[    2.378444] of_get_named_gpiod_flags: parsed 'cd-gpios' property of node '/ocp/interconnect@48000000/segment@0/target-module@60000/mmc@0[0]' - status (0)
[    2.378510] gpio gpiochip3: Persistence not supported for GPIO 6
[    2.378553] omap_gpio 44e07000.gpio: Could not set line 6 debounce to 200000 microseconds (-22)
[    2.387436] sdhci-omap 48060000.mmc: Got CD GPIO
[    2.392131] sdhci-omap 48060000.mmc: using DT '/ocp/interconnect@48000000/segment@0/target-module@60000/mmc@0' for 'wp' GPIO lookup
[    2.392181] of_get_named_gpiod_flags: can't parse 'wp-gpios' property of node '/ocp/interconnect@48000000/segment@0/target-module@60000/mmc@0[0]'
[    2.392225] of_get_named_gpiod_flags: can't parse 'wp-gpio' property of node '/ocp/interconnect@48000000/segment@0/target-module@60000/mmc@0[0]'
[    2.392263] sdhci-omap 48060000.mmc: using lookup tables for GPIO lookup
[    2.392277] sdhci-omap 48060000.mmc: No GPIO consumer wp found
[    2.392485] sdhci-omap 48060000.mmc: supply pbias not found, using dummy regulator
[    2.401141] sdhci-omap 481d8000.mmc: using DT '/ocp/interconnect@48000000/segment@100000/target-module@d8000/mmc@0' for 'wp' GPIO lookup
[    2.401211] of_get_named_gpiod_flags: can't parse 'wp-gpios' property of node '/ocp/interconnect@48000000/segment@100000/target-module@d8000/mmc@0[0]'
[    2.401259] of_get_named_gpiod_flags: can't parse 'wp-gpio' property of node '/ocp/interconnect@48000000/segment@100000/target-module@d8000/mmc@0[0]'
[    2.401297] sdhci-omap 481d8000.mmc: using lookup tables for GPIO lookup
[    2.401309] sdhci-omap 481d8000.mmc: No GPIO consumer wp found
[    2.402357] sdhci-omap 48060000.mmc: supply vqmmc not found, using dummy regulator
[    2.410909] sdhci-omap 481d8000.mmc: supply pbias not found, using dummy regulator
[    2.419482] sdhci-omap 481d8000.mmc: supply vqmmc not found, using dummy regulator
[    2.457985] mmc0: SDHCI controller on 48060000.mmc [48060000.mmc] using External DMA
[    2.466234] mmc1: SDHCI controller on 481d8000.mmc [481d8000.mmc] using External DMA
[    2.475036] cpsw-switch 4a100000.switch: starting ndev. mode: dual_mac
[    2.541867] mmc1: new high speed MMC card at address 0001
[    2.548711] mmcblk1: mmc1:0001 MMC04G 3.60 GiB
[    2.556385]  mmcblk1: p1 p2
[    2.560166] SMSC LAN8710/LAN8720 4a101000.mdio:00: attached PHY driver (mii_bus:phy_addr=4a101000.mdio:00, irq=POLL)
[    2.571674] mmcblk1boot0: mmc1:0001 MMC04G 2.00 MiB
[    2.584849] mmcblk1boot1: mmc1:0001 MMC04G 2.00 MiB
[    2.591942] mmcblk1rpmb: mmc1:0001 MMC04G 128 KiB, chardev (250:0)
[    2.644643] mmc0: new high speed SDHC card at address aaaa
[    2.651449] mmcblk0: mmc0:aaaa SE32G 29.7 GiB
[    2.660517]  mmcblk0: p1 p2
[    5.762283] cpsw-switch 4a100000.switch eth0: Link is Up - 100Mbps/Full - flow control off
[    5.801734] IP-Config: Complete:
[    5.805009]      device=eth0, hwaddr=6c:ec:eb:68:de:78, ipaddr=192.168.255.1, mask=255.255.255.0, gw=255.255.255.255
[    5.815677]      host=bbb1, domain=, nis-domain=(none)
[    5.820844]      bootserver=192.168.255.126, rootserver=192.168.255.126, rootpath=
[    5.821273] clk: Disabling unused clocks
[    5.833111] PM: genpd: Disabling unused power domains
[    5.838225] KTAP version 1
[    5.840946] 1..0
[    5.865168] VFS: Mounted root (nfs filesystem) on device 0:17.
[    5.872012] devtmpfs: mounted
[    5.876450] Freeing unused kernel image (initmem) memory: 1024K
[    5.883360] Run /sbin/init as init process
[    5.887493]   with arguments:
[    5.887505]     /sbin/init
[    5.887514]     nfsrootdebug
[    5.887524]   with environment:
[    5.887532]     HOME=/
[    5.887541]     TERM=linux
[    6.588011] systemd[1]: System time before build time, advancing clock.
[    8.071515] random: crng init done
[    8.112353] systemd[1]: systemd 232 running in system mode. (+PAM +AUDIT +SELINUX +IMA +APPARMOR +SMACK +SYSVINIT +UTMP +LIBCRYPTSETUP +GCRYPT +GNUTLS +ACL +XZ +LZ4 +SECCOMP +BLKID +ELFUTILS +KMOD +IDN)
[    8.131321] systemd[1]: Detected architecture arm.
[    8.164674] systemd[1]: Set hostname to <arm>.
[    9.265377] systemd[1]: Listening on Syslog Socket.
[    9.292162] systemd[1]: Listening on udev Kernel Socket.
[    9.322353] systemd[1]: Listening on Journal Socket.
[    9.353124] systemd[1]: Created slice User and Session Slice.
[    9.382748] systemd[1]: Created slice System Slice.
[    9.442192] systemd[1]: Mounting Debug File System...
[    9.465108] systemd[1]: Starting Remount Root and Kernel File Systems...
[   11.319684] systemd-journald[92]: Received request to flush runtime journal from PID 1
[   14.215683] leds-gpio leds: using DT '/leds/led2' for '(default)' GPIO lookup
[   14.215790] of_get_named_gpiod_flags: parsed 'gpios' property of node '/leds/led2[0]' - status (0)
[   14.215848] gpio gpiochip0: Persistence not supported for GPIO 21
[   14.215864] gpio-533 (?): no flags found for GPIO (default)
[   14.291852] leds-gpio leds: using DT '/leds/led3' for '(default)' GPIO lookup
[   14.291976] of_get_named_gpiod_flags: parsed 'gpios' property of node '/leds/led3[0]' - status (0)
[   14.292033] gpio gpiochip0: Persistence not supported for GPIO 22
[   14.292048] gpio-534 (?): no flags found for GPIO (default)
[   14.349120] leds-gpio leds: using DT '/leds/led4' for '(default)' GPIO lookup
[   14.349214] of_get_named_gpiod_flags: parsed 'gpios' property of node '/leds/led4[0]' - status (0)
[   14.349265] gpio gpiochip0: Persistence not supported for GPIO 23
[   14.349279] gpio-535 (?): no flags found for GPIO (default)
[   14.374848] leds-gpio leds: using DT '/leds/led5' for '(default)' GPIO lookup
[   14.374937] of_get_named_gpiod_flags: parsed 'gpios' property of node '/leds/led5[0]' - status (0)
[   14.374985] gpio gpiochip0: Persistence not supported for GPIO 24
[   14.375000] gpio-536 (?): no flags found for GPIO (default)
[   14.735235] remoteproc remoteproc0: wkup_m3 is available
[   15.104280] wkup_m3_ipc 44e11324.wkup_m3_ipc: IPC Request for A8->M3 Channel failed! -517
[   15.163324] at24 2-0054: supply vcc not found, using dummy regulator
[   15.272207] omap_wdt: OMAP Watchdog Timer Rev 0x01: initial timeout 60 sec
[   15.287825] wkup_m3_ipc 44e11324.wkup_m3_ipc: IPC Request for A8->M3 Channel failed! -517
[   15.352492] at24 2-0055: supply vcc not found, using dummy regulator
[   15.462433] at24 2-0056: supply vcc not found, using dummy regulator
[   15.560467] at24 2-0057: supply vcc not found, using dummy regulator
[   15.661395] at24 0-0050: using DT '/ocp/interconnect@44c00000/segment@200000/target-module@b000/i2c@0/baseboard_eeprom@50' for 'wp' GPIO lookup
[   15.661763] of_get_named_gpiod_flags: can't parse 'wp-gpios' property of node '/ocp/interconnect@44c00000/segment@200000/target-module@b000/i2c@0/baseboard_eeprom@50[0]'
[   15.661834] of_get_named_gpiod_flags: can't parse 'wp-gpio' property of node '/ocp/interconnect@44c00000/segment@200000/target-module@b000/i2c@0/baseboard_eeprom@50[0]'
[   15.661882] at24 0-0050: using lookup tables for GPIO lookup
[   15.661896] at24 0-0050: No GPIO consumer wp found
[   15.662235] at24 0-0050: 32768 byte 24c256 EEPROM, writable, 1 bytes/write
[   15.676653] wkup_m3_ipc 44e11324.wkup_m3_ipc: IPC Request for A8->M3 Channel failed! -517
[   15.845752] tps6521x_pwrbutton tps65217-pwrbutton: DMA mask not set
[   15.900054] omap_rtc 44e3e000.rtc: registered as rtc0
[   15.906515] omap_rtc 44e3e000.rtc: setting system clock to 2000-01-01T00:00:00 UTC (946684800)
[   15.915370] omap_rtc 44e3e000.rtc: using DT '/ocp/interconnect@44c00000/segment@200000/target-module@3e000/rtc@0' for 'wp' GPIO lookup
[   15.915446] of_get_named_gpiod_flags: can't parse 'wp-gpios' property of node '/ocp/interconnect@44c00000/segment@200000/target-module@3e000/rtc@0[0]'
[   15.915499] of_get_named_gpiod_flags: can't parse 'wp-gpio' property of node '/ocp/interconnect@44c00000/segment@200000/target-module@3e000/rtc@0[0]'
[   15.915539] omap_rtc 44e3e000.rtc: using lookup tables for GPIO lookup
[   15.915552] omap_rtc 44e3e000.rtc: No GPIO consumer wp found
[   15.917207] wkup_m3_ipc 44e11324.wkup_m3_ipc: IPC Request for A8->M3 Channel failed! -517
[   15.961039] input: tps65217_pwrbutton as /devices/platform/ocp/44c00000.interconnect/44c00000.interconnect:segment@200000/44e0b000.target-module/44e0b000.i2c/i2c-0/0-0024/tps65217-pwrbutton/input/input0
[   16.033796] wkup_m3_ipc 44e11324.wkup_m3_ipc: IPC Request for A8->M3 Channel failed! -517
[   16.164635] wkup_m3_ipc 44e11324.wkup_m3_ipc: IPC Request for A8->M3 Channel failed! -517
[   16.342880] am335x-phy-driver 47401300.usb-phy: using DT '/ocp/target-module@47400000/usb-phy@1300' for 'reset' GPIO lookup
[   16.342975] of_get_named_gpiod_flags: can't parse 'reset-gpios' property of node '/ocp/target-module@47400000/usb-phy@1300[0]'
[   16.343022] of_get_named_gpiod_flags: can't parse 'reset-gpio' property of node '/ocp/target-module@47400000/usb-phy@1300[0]'
[   16.343060] am335x-phy-driver 47401300.usb-phy: using lookup tables for GPIO lookup
[   16.343074] am335x-phy-driver 47401300.usb-phy: No GPIO consumer reset found
[   16.343088] am335x-phy-driver 47401300.usb-phy: using DT '/ocp/target-module@47400000/usb-phy@1300' for 'vbus-detect' GPIO lookup
[   16.343118] of_get_named_gpiod_flags: can't parse 'vbus-detect-gpios' property of node '/ocp/target-module@47400000/usb-phy@1300[0]'
[   16.343149] of_get_named_gpiod_flags: can't parse 'vbus-detect-gpio' property of node '/ocp/target-module@47400000/usb-phy@1300[0]'
[   16.343175] am335x-phy-driver 47401300.usb-phy: using lookup tables for GPIO lookup
[   16.343187] am335x-phy-driver 47401300.usb-phy: No GPIO consumer vbus-detect found
[   16.343338] am335x-phy-driver 47401300.usb-phy: dummy supplies not allowed for exclusive requests (id=vbus)
[   16.513162] am335x-phy-driver 47401b00.usb-phy: using DT '/ocp/target-module@47400000/usb-phy@1b00' for 'reset' GPIO lookup
[   16.513252] of_get_named_gpiod_flags: can't parse 'reset-gpios' property of node '/ocp/target-module@47400000/usb-phy@1b00[0]'
[   16.513296] of_get_named_gpiod_flags: can't parse 'reset-gpio' property of node '/ocp/target-module@47400000/usb-phy@1b00[0]'
[   16.513333] am335x-phy-driver 47401b00.usb-phy: using lookup tables for GPIO lookup
[   16.513347] am335x-phy-driver 47401b00.usb-phy: No GPIO consumer reset found
[   16.513362] am335x-phy-driver 47401b00.usb-phy: using DT '/ocp/target-module@47400000/usb-phy@1b00' for 'vbus-detect' GPIO lookup
[   16.513394] of_get_named_gpiod_flags: can't parse 'vbus-detect-gpios' property of node '/ocp/target-module@47400000/usb-phy@1b00[0]'
[   16.513427] of_get_named_gpiod_flags: can't parse 'vbus-detect-gpio' property of node '/ocp/target-module@47400000/usb-phy@1b00[0]'
[   16.513453] am335x-phy-driver 47401b00.usb-phy: using lookup tables for GPIO lookup
[   16.513465] am335x-phy-driver 47401b00.usb-phy: No GPIO consumer vbus-detect found
[   16.513614] am335x-phy-driver 47401b00.usb-phy: dummy supplies not allowed for exclusive requests (id=vbus)
[   16.525942] wkup_m3_ipc 44e11324.wkup_m3_ipc: IPC Request for A8->M3 Channel failed! -517
[   16.673228] wkup_m3_ipc 44e11324.wkup_m3_ipc: IPC Request for A8->M3 Channel failed! -517
[   16.684129] usbcore: registered new interface driver usbfs
[   16.689752] usbcore: registered new interface driver hub
[   16.695447] usbcore: registered new device driver usb
[   17.312488] wkup_m3_ipc 44e11324.wkup_m3_ipc: IPC Request for A8->M3 Channel failed! -517
[   17.377402] musb-hdrc musb-hdrc.1: MUSB HDRC host driver
[   17.383009] musb-hdrc musb-hdrc.1: new USB bus registered, assigned bus number 1
[   17.391233] wkup_m3_ipc 44e11324.wkup_m3_ipc: IPC Request for A8->M3 Channel failed! -517
[   17.436776] tda998x 0-0070: found TDA19988
[   17.605995] wkup_m3_ipc 44e11324.wkup_m3_ipc: IPC Request for A8->M3 Channel failed! -517
[   17.640762] usb usb1: New USB device found, idVendor=1d6b, idProduct=0002, bcdDevice= 6.12
[   17.649289] usb usb1: New USB device strings: Mfr=3, Product=2, SerialNumber=1
[   17.656605] usb usb1: Product: MUSB HDRC host driver
[   17.661625] usb usb1: Manufacturer: Linux 6.12.45 musb-hcd
[   17.667140] usb usb1: SerialNumber: musb-hdrc.1
[   17.741305] omap-mailbox 480c8000.mailbox: omap mailbox rev 0x400
[   17.884530] remoteproc remoteproc0: powering up wkup_m3
[   18.113714] hub 1-0:1.0: USB hub found
[   18.129617] remoteproc remoteproc0: Direct firmware load for am335x-pm-firmware.elf failed with error -2
[   18.139370] remoteproc remoteproc0: request_firmware failed: -2
[   18.145410] wkup_m3_ipc 44e11324.wkup_m3_ipc: rproc_boot failed
[   18.178658] hub 1-0:1.0: 1 port detected
[   19.914598] omap_rng 48310000.rng: Random Number Generator ver. 20
[   20.046358] tilcdc 4830e000.lcdc: bound 0-0070 (ops tda998x_audio_codec_init [tda998x])
[   20.169128] [drm] Initialized tilcdc 1.0.0 for 4830e000.lcdc on minor 0
[   20.269522] tilcdc 4830e000.lcdc: [drm] Cannot find any crtc or sizes
[   20.277751] tilcdc 4830e000.lcdc: [drm] Cannot find any crtc or sizes
[   21.184138] PM: Cannot get wkup_m3_ipc handle
[   21.304556] omap-sham 53100000.sham: hw accel on OMAP rev 4.3
[   21.489762] omap-sham 53100000.sham: will run requests pump with realtime priority
[   21.503595] PM: Cannot get wkup_m3_ipc handle
[   21.688709] omap-aes 53500000.aes: OMAP AES hw accel rev: 3.2
[   21.872464] omap-aes 53500000.aes: will run requests pump with realtime priority
[   21.880883] PM: Cannot get wkup_m3_ipc handle
[   23.991369] Bluetooth: Core ver 2.22
[   23.995383] NET: Registered PF_BLUETOOTH protocol family
[   24.000735] Bluetooth: HCI device and connection manager initialized
[   24.007265] Bluetooth: HCI socket layer initialized
[   24.012212] Bluetooth: L2CAP socket layer initialized
[   24.017322] Bluetooth: SCO socket layer initialized
[   25.322325] PM: Cannot get wkup_m3_ipc handle
[   25.328080] asoc-simple-card sound: using DT '/sound' for 'simple-audio-card,hp-det' GPIO lookup
[   25.328153] of_get_named_gpiod_flags: can't parse 'simple-audio-card,hp-det-gpios' property of node '/sound[0]'
[   25.328190] of_get_named_gpiod_flags: can't parse 'simple-audio-card,hp-det-gpio' property of node '/sound[0]'
[   25.328213] asoc-simple-card sound: using lookup tables for GPIO lookup
[   25.328226] asoc-simple-card sound: No GPIO consumer simple-audio-card,hp-det found
[   25.328241] asoc-simple-card sound: using DT '/sound' for 'simple-audio-card,mic-det' GPIO lookup
[   25.328265] of_get_named_gpiod_flags: can't parse 'simple-audio-card,mic-det-gpios' property of node '/sound[0]'
[   25.328291] of_get_named_gpiod_flags: can't parse 'simple-audio-card,mic-det-gpio' property of node '/sound[0]'
[   25.328310] asoc-simple-card sound: using lookup tables for GPIO lookup
[   25.328321] asoc-simple-card sound: No GPIO consumer simple-audio-card,mic-det found
[   25.435994] PM: Cannot get wkup_m3_ipc handle
[   27.620384] userial_init: registered 8 ttyGS* devices
[   27.900396] rndis_register: configNr = 0
[   28.008630] udc musb-hdrc.0: binding gadget driver [g_multi]
[   28.008724] configfs-gadget.g_multi gadget.0: adding 'rndis'/e8ba6559 to config 'c'/0662f7ca
[   28.009878] configfs-gadget.g_multi gadget.0: HOST MAC 1c:ba:8c:a2:ed:6c
[   28.016867] configfs-gadget.g_multi gadget.0: MAC 1c:ba:8c:a2:ed:70
[   28.023284] rndis_set_param_medium: 0 0
[   28.023306] configfs-gadget.g_multi gadget.0: RNDIS: IN/ep1in OUT/ep1out NOTIFY/ep2in
[   28.023323] configfs-gadget.g_multi gadget.0: adding 'cdc_ethernet'/249c3236 to config 'c'/0662f7ca
[   28.024232] configfs-gadget.g_multi gadget.0: HOST MAC 1c:ba:8c:a2:ed:6c
[   28.030998] configfs-gadget.g_multi gadget.0: MAC 1c:ba:8c:a2:ed:6d
[   28.037462] configfs-gadget.g_multi gadget.0: CDC Ethernet: IN/ep3in OUT/ep2out NOTIFY/ep4in
[   28.037482] configfs-gadget.g_multi gadget.0: adding 'acm'/dc8527cd to config 'c'/0662f7ca
[   28.037519] configfs-gadget.g_multi gadget.0: acm ttyGS0: IN/ep5in OUT/ep3out NOTIFY/ep6in
[   28.039310] PM: Cannot get wkup_m3_ipc handle
[   29.325391] configfs-gadget.g_multi gadget.0: eth_open
[   29.909802] configfs-gadget.g_multi gadget.0: stop stats: rx/tx 0/0, errs 0/0
[   34.734471] gs_open: ttyGS0 (1c3bed93,0d43809a)
[   34.734623] gs_close: ttyGS0 (1c3bed93,0d43809a) ...
[   34.734646] gs_close: ttyGS0 (1c3bed93,0d43809a) done!
[   34.758719] gs_open: ttyGS0 (85d2ef3a,7b947732)
[   34.758841] gs_close: ttyGS0 (85d2ef3a,7b947732) ...
[   34.758865] gs_close: ttyGS0 (85d2ef3a,7b947732) done!
[   34.933082] gs_open: ttyGS0 (a0e58859,69fe427f)
[   34.933319] gs_close: ttyGS0 (a0e58859,69fe427f) ...
[   34.933347] gs_close: ttyGS0 (a0e58859,69fe427f) done!
[   34.937542] gs_open: ttyGS0 (a0e58859,69fe427f)
TMXTQMXTEQ 0
root@arm:~# echo 'BEOV''PWPNKJ'
BEOVPWPNKJ
root@arm:~# MARKER='GTFK''JXQVGX' run 'modprobe test_linear_ranges'
GTFKJXQVGXGTFKJXQVGX 0
root@arm:~# echo 'WVQF''XVWWHW'
WVQFXVWWHW
root@arm:~# MARKER='YAFZ''YFNGPZ' run dmesg
YAFZYFNGPZ[    0.000000] Booting Linux on physical CPU 0x0
[    0.000000] Linux version 6.12.45 (user01@drvtest01) (arm-none-eabi-gcc (Arm GNU Toolchain 14.2.Rel1 (Build arm-14.52)) 14.2.1 20241119, GNU ld (Arm GNU Toolchain 14.2.Rel1 (Build arm-14.52)) 2.43.1.20241119) #1 SMP Thu Sep  4 18:33:58 EEST 2025
[    0.000000] CPU: ARMv7 Processor [413fc082] revision 2 (ARMv7), cr=10c5387d
[    0.000000] CPU: PIPT / VIPT nonaliasing data cache, VIPT aliasing instruction cache
[    0.000000] OF: fdt: Machine model: TI AM335x BeagleBone Black
[    0.000000] Memory policy: Data cache writeback
[    0.000000] cma: Reserved 16 MiB at 0x9e800000 on node -1
[    0.000000] Zone ranges:
[    0.000000]   Normal   [mem 0x0000000080000000-0x000000009fdfffff]
[    0.000000]   HighMem  empty
[    0.000000] Movable zone start for each node
[    0.000000] Early memory node ranges
[    0.000000]   node   0: [mem 0x0000000080000000-0x000000009fdfffff]
[    0.000000] Initmem setup node 0 [mem 0x0000000080000000-0x000000009fdfffff]
[    0.000000] OF: reserved mem: Reserved memory: No reserved-memory node in the DT
[    0.000000] CPU: All CPU(s) started in SVC mode.
[    0.000000] AM335X ES2.1 (sgx neon)
[    0.000000] percpu: Embedded 17 pages/cpu s40396 r8192 d21044 u69632
[    0.000000] pcpu-alloc: s40396 r8192 d21044 u69632 alloc=17*4096
[    0.000000] pcpu-alloc: [0] 0 
[    0.000000] Kernel command line: console=ttyO0,115200n8 root=/dev/nfs rw nfsroot=192.168.255.126:/home/user01/nfs,nfsvers=3 ip=192.168.255.1:192.168.255.126::255.255.255.0:bbb1:eth0 nfsrootdebug
[    0.000000] Unknown kernel command line parameters "nfsrootdebug", will be passed to user space.
[    0.000000] Dentry cache hash table entries: 65536 (order: 6, 262144 bytes, linear)
[    0.000000] Inode-cache hash table entries: 32768 (order: 5, 131072 bytes, linear)
[    0.000000] Built 1 zonelists, mobility grouping on.  Total pages: 130560
[    0.000000] mem auto-init: stack:off, heap alloc:off, heap free:off
[    0.000000] SLUB: HWalign=64, Order=0-3, MinObjects=0, CPUs=1, Nodes=1
[    0.000000] rcu: Hierarchical RCU implementation.
[    0.000000] rcu: 	RCU event tracing is enabled.
[    0.000000] rcu: 	RCU restricting CPUs from NR_CPUS=2 to nr_cpu_ids=1.
[    0.000000] rcu: RCU calculated value of scheduler-enlistment delay is 10 jiffies.
[    0.000000] rcu: Adjusting geometry for rcu_fanout_leaf=16, nr_cpu_ids=1
[    0.000000] NR_IRQS: 16, nr_irqs: 16, preallocated irqs: 16
[    0.000000] IRQ: Found an INTC at 0x(ptrval) (revision 5.0) with 128 interrupts
[    0.000000] rcu: srcu_init: Setting srcu_struct sizes based on contention.
[    0.000000] TI gptimer clocksource: always-on /ocp/interconnect@44c00000/segment@200000/target-module@31000
[    0.000003] sched_clock: 32 bits at 24MHz, resolution 41ns, wraps every 89478484971ns
[    0.000028] clocksource: dmtimer: mask: 0xffffffff max_cycles: 0xffffffff, max_idle_ns: 79635851949 ns
[    0.000491] TI gptimer clockevent: 24000000 Hz at /ocp/interconnect@48000000/segment@0/target-module@40000
[    0.002079] Console: colour dummy device 80x30
[    0.002143] WARNING: Your 'console=ttyO0' has been replaced by 'ttyS0'
[    0.002151] This ensures that you still see kernel messages. Please
[    0.002155] update your kernel commandline.
[    0.002198] Calibrating delay loop... 996.14 BogoMIPS (lpj=4980736)
[    0.090537] CPU: Testing write buffer coherency: ok
[    0.090649] CPU0: Spectre v2: using BPIALL workaround
[    0.090658] pid_max: default: 32768 minimum: 301
[    0.090786] LSM: initializing lsm=capability
[    0.090953] Mount-cache hash table entries: 1024 (order: 0, 4096 bytes, linear)
[    0.090974] Mountpoint-cache hash table entries: 1024 (order: 0, 4096 bytes, linear)
[    0.092546] CPU0: thread -1, cpu 0, socket -1, mpidr 0
[    0.094573] Setting up static identity map for 0x80100000 - 0x80100078
[    0.094880] rcu: Hierarchical SRCU implementation.
[    0.094890] rcu: 	Max phase no-delay instances is 1000.
[    0.096627] smp: Bringing up secondary CPUs ...
[    0.096684] smp: Brought up 1 node, 1 CPU
[    0.096696] SMP: Total of 1 processors activated (996.14 BogoMIPS).
[    0.096708] CPU: All CPU(s) started in SVC mode.
[    0.096894] Memory: 480868K/522240K available (11264K kernel code, 1211K rwdata, 2880K rodata, 1024K init, 295K bss, 23360K reserved, 16384K cma-reserved, 0K highmem)
[    0.097709] devtmpfs: initialized
[    0.114342] VFP support v0.3: implementor 41 architecture 3 part 30 variant c rev 3
[    0.114687] clocksource: jiffies: mask: 0xffffffff max_cycles: 0xffffffff, max_idle_ns: 19112604462750000 ns
[    0.114720] futex hash table entries: 256 (order: 2, 16384 bytes, linear)
[    0.116152] pinctrl core: initialized pinctrl subsystem
[    0.118275] NET: Registered PF_NETLINK/PF_ROUTE protocol family
[    0.121299] DMA: preallocated 256 KiB pool for atomic coherent allocations
[    0.122202] audit: initializing netlink subsys (disabled)
[    0.123545] thermal_sys: Registered thermal governor 'fair_share'
[    0.123561] thermal_sys: Registered thermal governor 'step_wise'
[    0.123571] thermal_sys: Registered thermal governor 'user_space'
[    0.123685] audit: type=2000 audit(0.120:1): state=initialized audit_enabled=0 res=1
[    0.123758] cpuidle: using governor menu
[    0.141487] /ocp/interconnect@44c00000/segment@200000/target-module@b000/i2c@0/tda19988@70: Fixed dependency cycle(s) with /ocp/interconnect@48000000/segment@300000/target-module@e000/lcdc@0
[    0.142609] /ocp/interconnect@48000000/segment@300000/target-module@e000/lcdc@0: Fixed dependency cycle(s) with /ocp/interconnect@44c00000/segment@200000/target-module@b000/i2c@0/tda19988@70
[    0.144772] No ATAGs?
[    0.144790] hw-breakpoint: debug architecture 0x4 unsupported.
[    0.147419] kprobes: kprobe jump-optimization is enabled. All kprobes are optimized if possible.
[    0.154036] iommu: Default domain type: Translated
[    0.154059] iommu: DMA domain TLB invalidation policy: strict mode
[    0.155615] reg-fixed-voltage fixedregulator0: using DT '/fixedregulator0' for '(default)' GPIO lookup
[    0.155670] of_get_named_gpiod_flags: can't parse 'gpios' property of node '/fixedregulator0[0]'
[    0.155699] of_get_named_gpiod_flags: can't parse 'gpio' property of node '/fixedregulator0[0]'
[    0.155716] reg-fixed-voltage fixedregulator0: using lookup tables for GPIO lookup
[    0.155726] reg-fixed-voltage fixedregulator0: No GPIO consumer (default) found
[    0.161469] SCSI subsystem initialized
[    0.161949] libata version 3.00 loaded.
[    0.162314] pps_core: LinuxPPS API ver. 1 registered
[    0.162324] pps_core: Software ver. 5.3.6 - Copyright 2005-2007 Rodolfo Giometti <giometti@linux.it>
[    0.162348] PTP clock support registered
[    0.171148] vgaarb: loaded
[    0.171493] clocksource: Switched to clocksource dmtimer
[    0.172154] VFS: Disk quotas dquot_6.6.0
[    0.172199] VFS: Dquot-cache hash table entries: 1024 (order 0, 4096 bytes)
[    0.196009] NET: Registered PF_INET protocol family
[    0.196352] IP idents hash table entries: 8192 (order: 4, 65536 bytes, linear)
[    0.197726] tcp_listen_portaddr_hash hash table entries: 512 (order: 0, 4096 bytes, linear)
[    0.197762] Table-perturb hash table entries: 65536 (order: 6, 262144 bytes, linear)
[    0.197781] TCP established hash table entries: 4096 (order: 2, 16384 bytes, linear)
[    0.197828] TCP bind hash table entries: 4096 (order: 4, 65536 bytes, linear)
[    0.197928] TCP: Hash tables configured (established 4096 bind 4096)
[    0.198045] UDP hash table entries: 256 (order: 1, 8192 bytes, linear)
[    0.198073] UDP-Lite hash table entries: 256 (order: 1, 8192 bytes, linear)
[    0.198243] NET: Registered PF_UNIX/PF_LOCAL protocol family
[    0.199505] RPC: Registered named UNIX socket transport module.
[    0.199526] RPC: Registered udp transport module.
[    0.199533] RPC: Registered tcp transport module.
[    0.199537] RPC: Registered tcp-with-tls transport module.
[    0.199542] RPC: Registered tcp NFSv4.1 backchannel transport module.
[    0.199566] PCI: CLS 0 bytes, default 64
[    0.200940] Initialise system trusted keyrings
[    0.211840] workingset: timestamp_bits=14 max_order=17 bucket_order=3
[    0.213123] NFS: Registering the id_resolver key type
[    0.213191] Key type id_resolver registered
[    0.213199] Key type id_legacy registered
[    0.213247] jffs2: version 2.2. (NAND) (SUMMARY)  Â© 2001-2006 Red Hat, Inc.
[    0.213651] Key type asymmetric registered
[    0.213666] Asymmetric key parser 'x509' registered
[    0.213734] io scheduler mq-deadline registered
[    0.213743] io scheduler kyber registered
[    0.213808] io scheduler bfq registered
[    0.215630] target-module@4b000000:target-module@140000:pmu@0:fck: device ID is greater than 24
[    0.221839] l3-aon-clkctrl:0000:0: failed to disable
[    0.222103] ledtrig-cpu: registered to indicate activity on CPUs
[    0.232059] Serial: 8250/16550 driver, 6 ports, IRQ sharing enabled
[    0.265591] brd: module loaded
[    0.283288] loop: module loaded
[    0.284212] mtdoops: mtd device (mtddev=name/number) must be supplied
[    0.285903] mdio_bus fixed-0: using lookup tables for GPIO lookup
[    0.285927] mdio_bus fixed-0: No GPIO consumer reset found
[    0.287285] i2c_dev: i2c /dev entries driver
[    0.288246] cpuidle: enable-method property 'ti,am3352' found operations
[    0.288687] sdhci: Secure Digital Host Controller Interface driver
[    0.288696] sdhci: Copyright(c) Pierre Ossman
[    0.288874] sdhci-pltfm: SDHCI platform and OF driver helper
[    0.314594] hw perfevents: enabled with armv7_cortex_a8 PMU driver, 5 (8000000f) counters available
[    0.315116] Initializing XFRM netlink socket
[    0.315251] NET: Registered PF_INET6 protocol family
[    0.320988] l3-aon-clkctrl:0000:0: failed to disable
[    0.322548] Segment Routing with IPv6
[    0.322633] In-situ OAM (IOAM) with IPv6
[    0.322728] sit: IPv6, IPv4 and MPLS over IPv4 tunneling driver
[    0.323650] NET: Registered PF_PACKET protocol family
[    0.323678] NET: Registered PF_KEY protocol family
[    0.323791] Key type dns_resolver registered
[    0.324017] ThumbEE CPU extension supported.
[    0.324036] Registering SWP/SWPB emulation handler
[    0.324557] omap_voltage_late_init: Voltage driver support not added
[    0.325245] SmartReflex Class3 initialized
[    0.356748] Loading compiled-in X.509 certificates
[    0.396068] /ocp/interconnect@44c00000/segment@200000/target-module@b000/i2c@0/tda19988@70: Fixed dependency cycle(s) with /ocp/interconnect@48000000/segment@300000/target-module@e000/lcdc@0
[    0.402377] /ocp/interconnect@44c00000/segment@200000/target-module@b000/i2c@0/tda19988@70: Fixed dependency cycle(s) with /ocp/interconnect@48000000/segment@300000/target-module@e000/lcdc@0
[    0.407696] gpiochip_find_base_unlocked: found new base at 512
[    0.431881] /ocp/interconnect@44c00000/segment@200000/target-module@b000/i2c@0/tda19988@70: Fixed dependency cycle(s) with /ocp/interconnect@48000000/segment@300000/target-module@e000/lcdc@0
[    0.432765] /ocp/interconnect@44c00000/segment@200000/target-module@b000/i2c@0/tda19988@70: Fixed dependency cycle(s) with /ocp/interconnect@48000000/segment@300000/target-module@e000/lcdc@0
[    0.436024] /ocp/interconnect@44c00000/segment@200000/target-module@10000/scm@0/pinmux@800: Fixed dependency cycle(s) with /ocp/interconnect@44c00000/segment@200000/target-module@10000/scm@0/pinmux@800/clkout2-pins
[    0.436603] pinctrl-single 44e10800.pinmux: 142 pins, size 568
[    0.441705] ti-sysc 44e31000.target-module: probe with driver ti-sysc failed with error -16
[    0.467726] /ocp/interconnect@48000000/segment@300000/target-module@e000/lcdc@0: Fixed dependency cycle(s) with /ocp/interconnect@44c00000/segment@200000/target-module@b000/i2c@0/tda19988@70
[    0.475449] ti-sysc 48040000.target-module: probe with driver ti-sysc failed with error -16
[    0.486265] gpiochip_find_base_unlocked: found new base at 512
[    0.486363] gpio gpiochip0: (gpio-0-31): created GPIO range 0->7 ==> 44e10800.pinmux PIN 0->7
[    0.486382] gpio gpiochip0: (gpio-0-31): created GPIO range 8->11 ==> 44e10800.pinmux PIN 90->93
[    0.486397] gpio gpiochip0: (gpio-0-31): created GPIO range 12->27 ==> 44e10800.pinmux PIN 12->27
[    0.486413] gpio gpiochip0: (gpio-0-31): created GPIO range 28->31 ==> 44e10800.pinmux PIN 30->33
[    0.532034] gpio gpiochip0: (gpio-0-31): added GPIO chardev (254:0)
[    0.532202] gpio gpiochip0: registered GPIOs 512 to 543 on gpio-0-31
[    0.532292] OMAP GPIO hardware version 0.1
[    0.545024] i2c i2c-2: using DT '/ocp/interconnect@48000000/segment@100000/target-module@9c000/i2c@0' for 'scl' GPIO lookup
[    0.545096] of_get_named_gpiod_flags: can't parse 'scl-gpios' property of node '/ocp/interconnect@48000000/segment@100000/target-module@9c000/i2c@0[0]'
[    0.545139] of_get_named_gpiod_flags: can't parse 'scl-gpio' property of node '/ocp/interconnect@48000000/segment@100000/target-module@9c000/i2c@0[0]'
[    0.545173] i2c i2c-2: using lookup tables for GPIO lookup
[    0.545183] i2c i2c-2: No GPIO consumer scl found
[    0.545204] i2c i2c-2: using DT '/ocp/interconnect@48000000/segment@100000/target-module@9c000/i2c@0' for 'sda' GPIO lookup
[    0.545239] of_get_named_gpiod_flags: can't parse 'sda-gpios' property of node '/ocp/interconnect@48000000/segment@100000/target-module@9c000/i2c@0[0]'
[    0.545275] of_get_named_gpiod_flags: can't parse 'sda-gpio' property of node '/ocp/interconnect@48000000/segment@100000/target-module@9c000/i2c@0[0]'
[    0.545306] i2c i2c-2: using lookup tables for GPIO lookup
[    0.545314] i2c i2c-2: No GPIO consumer sda found
[    0.546012] omap_i2c 4819c000.i2c: bus 2 rev0.11 at 100 kHz
[    0.551143] gpiochip_find_base_unlocked: found new base at 544
[    0.551240] gpio gpiochip1: (gpio-32-63): created GPIO range 0->17 ==> 44e10800.pinmux PIN 34->51
[    0.551259] gpio gpiochip1: (gpio-32-63): created GPIO range 18->21 ==> 44e10800.pinmux PIN 77->80
[    0.551275] gpio gpiochip1: (gpio-32-63): created GPIO range 22->31 ==> 44e10800.pinmux PIN 56->65
[    0.566498] gpio gpiochip1: (gpio-32-63): added GPIO chardev (254:1)
[    0.566675] gpio gpiochip1: registered GPIOs 544 to 575 on gpio-32-63
[    0.568823] gpiochip_find_base_unlocked: found new base at 576
[    0.568915] gpio gpiochip2: (gpio-64-95): created GPIO range 0->4 ==> 44e10800.pinmux PIN 66->70
[    0.568934] gpio gpiochip2: (gpio-64-95): created GPIO range 5->6 ==> 44e10800.pinmux PIN 98->99
[    0.568950] gpio gpiochip2: (gpio-64-95): created GPIO range 7->8 ==> 44e10800.pinmux PIN 75->76
[    0.568966] gpio gpiochip2: (gpio-64-95): created GPIO range 13->13 ==> 44e10800.pinmux PIN 141->141
[    0.568982] gpio gpiochip2: (gpio-64-95): created GPIO range 14->21 ==> 44e10800.pinmux PIN 100->107
[    0.569619] gpio gpiochip2: (gpio-64-95): added GPIO chardev (254:2)
[    0.569747] gpio gpiochip2: registered GPIOs 576 to 607 on gpio-64-95
[    0.575341] 48000000.interconnect:segment@200000:target-module@0:mpu@0:fck: device ID is greater than 24
[    0.576222] /ocp/interconnect@48000000/segment@300000/target-module@e000/lcdc@0: Fixed dependency cycle(s) with /ocp/interconnect@44c00000/segment@200000/target-module@b000/i2c@0/tda19988@70
[    0.578785] /ocp/interconnect@48000000/segment@300000/target-module@e000/lcdc@0: Fixed dependency cycle(s) with /ocp/interconnect@44c00000/segment@200000/target-module@b000/i2c@0/tda19988@70
[    0.579440] /ocp/interconnect@44c00000/segment@200000/target-module@b000/i2c@0/tda19988@70: Fixed dependency cycle(s) with /ocp/interconnect@48000000/segment@300000/target-module@e000/lcdc@0
[    0.579594] /ocp/interconnect@48000000/segment@300000/target-module@e000/lcdc@0: Fixed dependency cycle(s) with /ocp/interconnect@44c00000/segment@200000/target-module@b000/i2c@0/tda19988@70
[    0.588791] mdio_bus 4a101000.mdio: using DT '/ocp/interconnect@4a000000/segment@0/target-module@100000/switch@0/mdio@1000' for 'reset' GPIO lookup
[    0.588863] of_get_named_gpiod_flags: can't parse 'reset-gpios' property of node '/ocp/interconnect@4a000000/segment@0/target-module@100000/switch@0/mdio@1000[0]'
[    0.588909] of_get_named_gpiod_flags: can't parse 'reset-gpio' property of node '/ocp/interconnect@4a000000/segment@0/target-module@100000/switch@0/mdio@1000[0]'
[    0.588955] mdio_bus 4a101000.mdio: using lookup tables for GPIO lookup
[    0.588964] mdio_bus 4a101000.mdio: No GPIO consumer reset found
[    0.589884] sdhci-omap 481d8000.mmc: using DT '/ocp/interconnect@48000000/segment@100000/target-module@d8000/mmc@0' for 'wp' GPIO lookup
[    0.589942] of_get_named_gpiod_flags: can't parse 'wp-gpios' property of node '/ocp/interconnect@48000000/segment@100000/target-module@d8000/mmc@0[0]'
[    0.589983] of_get_named_gpiod_flags: can't parse 'wp-gpio' property of node '/ocp/interconnect@48000000/segment@100000/target-module@d8000/mmc@0[0]'
[    0.590016] sdhci-omap 481d8000.mmc: using lookup tables for GPIO lookup
[    0.590025] sdhci-omap 481d8000.mmc: No GPIO consumer wp found
[    0.590218] sdhci-omap 481d8000.mmc: supply pbias not found, using dummy regulator
[    0.590700] sdhci-omap 481d8000.mmc: supply vqmmc not found, using dummy regulator
[    0.632770] davinci_mdio 4a101000.mdio: davinci mdio revision 1.6, bus freq 1000000
[    0.657618] mdio_bus 4a101000.mdio:00: using DT '/ocp/interconnect@4a000000/segment@0/target-module@100000/switch@0/mdio@1000/ethernet-phy@0' for 'reset' GPIO lookup
[    0.657721] of_get_named_gpiod_flags: parsed 'reset-gpios' property of node '/ocp/interconnect@4a000000/segment@0/target-module@100000/switch@0/mdio@1000/ethernet-phy@0[0]' - status (0)
[    0.657884] gpio gpiochip0: Persistence not supported for GPIO 8
[    0.757686] davinci_mdio 4a101000.mdio: phy[0]: device 4a101000.mdio:00, driver SMSC LAN8710/LAN8720
[    0.758444] cpsw-switch 4a100000.switch: initialized cpsw ale version 1.4
[    0.758468] cpsw-switch 4a100000.switch: ALE Table size 1024, Policers 0
[    0.758780] cpsw-switch 4a100000.switch: cpts: overflow check period 500 (jiffies)
[    0.758799] cpsw-switch 4a100000.switch: CPTS: ref_clk_freq:250000000 calc_mult:2147483648 calc_shift:29 error:0 nsec/sec
[    0.758909] cpsw-switch 4a100000.switch: Detected MACID = 6c:ec:eb:68:de:78
[    0.760746] cpsw-switch 4a100000.switch: initialized (regs 0x4a100000, pool size 256) hw_ver:0019010C 1.12 (0)
[    0.771237] debugfs: Directory '49000000.dma' with parent 'dmaengine' already present!
[    0.771278] edma 49000000.dma: TI EDMA DMA engine driver
[    0.826303] gpio-clk clk_mcasp0: using DT '/clk_mcasp0' for 'enable' GPIO lookup
[    0.826388] of_get_named_gpiod_flags: parsed 'enable-gpios' property of node '/clk_mcasp0[0]' - status (0)
[    0.826430] gpio gpiochip0: Persistence not supported for GPIO 27
[    0.827307] gpiochip_find_base_unlocked: found new base at 608
[    0.827421] gpio gpiochip3: (gpio-96-127): created GPIO range 0->7 ==> 44e10800.pinmux PIN 82->89
[    0.827444] gpio gpiochip3: (gpio-96-127): created GPIO range 8->11 ==> 44e10800.pinmux PIN 52->55
[    0.827460] gpio gpiochip3: (gpio-96-127): created GPIO range 12->15 ==> 44e10800.pinmux PIN 94->97
[    0.827477] gpio gpiochip3: (gpio-96-127): created GPIO range 16->17 ==> 44e10800.pinmux PIN 71->72
[    0.827492] gpio gpiochip3: (gpio-96-127): created GPIO range 18->18 ==> 44e10800.pinmux PIN 135->135
[    0.827508] gpio gpiochip3: (gpio-96-127): created GPIO range 19->20 ==> 44e10800.pinmux PIN 108->109
[    0.827524] gpio gpiochip3: (gpio-96-127): created GPIO range 21->21 ==> 44e10800.pinmux PIN 73->73
[    0.827541] gpio gpiochip3: (gpio-96-127): created GPIO range 22->23 ==> 44e10800.pinmux PIN 8->9
[    0.827558] gpio gpiochip3: (gpio-96-127): created GPIO range 26->27 ==> 44e10800.pinmux PIN 10->11
[    0.827576] gpio gpiochip3: (gpio-96-127): created GPIO range 28->28 ==> 44e10800.pinmux PIN 74->74
[    0.827593] gpio gpiochip3: (gpio-96-127): created GPIO range 29->29 ==> 44e10800.pinmux PIN 81->81
[    0.827611] gpio gpiochip3: (gpio-96-127): created GPIO range 30->31 ==> 44e10800.pinmux PIN 28->29
[    0.847556] gpio gpiochip3: (gpio-96-127): added GPIO chardev (254:3)
[    0.847725] gpio gpiochip3: registered GPIOs 608 to 639 on gpio-96-127
[    0.863417] omap8250 44e09000.serial: using DT '/ocp/interconnect@44c00000/segment@200000/target-module@9000/serial@0' for 'rs485-term' GPIO lookup
[    0.863494] of_get_named_gpiod_flags: can't parse 'rs485-term-gpios' property of node '/ocp/interconnect@44c00000/segment@200000/target-module@9000/serial@0[0]'
[    0.863539] of_get_named_gpiod_flags: can't parse 'rs485-term-gpio' property of node '/ocp/interconnect@44c00000/segment@200000/target-module@9000/serial@0[0]'
[    0.863574] omap8250 44e09000.serial: using lookup tables for GPIO lookup
[    0.863583] omap8250 44e09000.serial: No GPIO consumer rs485-term found
[    0.863593] omap8250 44e09000.serial: using DT '/ocp/interconnect@44c00000/segment@200000/target-module@9000/serial@0' for 'rs485-rx-during-tx' GPIO lookup
[    0.863627] of_get_named_gpiod_flags: can't parse 'rs485-rx-during-tx-gpios' property of node '/ocp/interconnect@44c00000/segment@200000/target-module@9000/serial@0[0]'
[    0.863663] of_get_named_gpiod_flags: can't parse 'rs485-rx-during-tx-gpio' property of node '/ocp/interconnect@44c00000/segment@200000/target-module@9000/serial@0[0]'
[    0.863694] omap8250 44e09000.serial: using lookup tables for GPIO lookup
[    0.863702] omap8250 44e09000.serial: No GPIO consumer rs485-rx-during-tx found
[    0.864149] 44e09000.serial: ttyS0 at MMIO 0x44e09000 (irq = 34, base_baud = 3000000) is a 8250
[    0.864238] printk: legacy console [ttyS0] enabled
[    2.294948] i2c i2c-0: using DT '/ocp/interconnect@44c00000/segment@200000/target-module@b000/i2c@0' for 'scl' GPIO lookup
[    2.295033] of_get_named_gpiod_flags: can't parse 'scl-gpios' property of node '/ocp/interconnect@44c00000/segment@200000/target-module@b000/i2c@0[0]'
[    2.295079] of_get_named_gpiod_flags: can't parse 'scl-gpio' property of node '/ocp/interconnect@44c00000/segment@200000/target-module@b000/i2c@0[0]'
[    2.295120] i2c i2c-0: using lookup tables for GPIO lookup
[    2.295132] i2c i2c-0: No GPIO consumer scl found
[    2.295157] i2c i2c-0: using DT '/ocp/interconnect@44c00000/segment@200000/target-module@b000/i2c@0' for 'sda' GPIO lookup
[    2.295197] of_get_named_gpiod_flags: can't parse 'sda-gpios' property of node '/ocp/interconnect@44c00000/segment@200000/target-module@b000/i2c@0[0]'
[    2.295237] of_get_named_gpiod_flags: can't parse 'sda-gpio' property of node '/ocp/interconnect@44c00000/segment@200000/target-module@b000/i2c@0[0]'
[    2.295271] i2c i2c-0: using lookup tables for GPIO lookup
[    2.295282] i2c i2c-0: No GPIO consumer sda found
[    2.312467] tps65217-pmic: Failed to locate of_node [id: -1]
[    2.318524] tps65217-bl: Failed to locate of_node [id: -1]
[    2.329741] tps65217 0-0024: TPS65217 ID 0xe version 1.2
[    2.335863] /ocp/interconnect@48000000/segment@300000/target-module@e000/lcdc@0: Fixed dependency cycle(s) with /ocp/interconnect@44c00000/segment@200000/target-module@b000/i2c@0/tda19988@70
[    2.353234] /ocp/interconnect@44c00000/segment@200000/target-module@b000/i2c@0/tda19988@70: Fixed dependency cycle(s) with /ocp/interconnect@48000000/segment@300000/target-module@e000/lcdc@0
[    2.370589] omap_i2c 44e0b000.i2c: bus 0 rev0.11 at 400 kHz
[    2.378334] sdhci-omap 48060000.mmc: using DT '/ocp/interconnect@48000000/segment@0/target-module@60000/mmc@0' for 'cd' GPIO lookup
[    2.378444] of_get_named_gpiod_flags: parsed 'cd-gpios' property of node '/ocp/interconnect@48000000/segment@0/target-module@60000/mmc@0[0]' - status (0)
[    2.378510] gpio gpiochip3: Persistence not supported for GPIO 6
[    2.378553] omap_gpio 44e07000.gpio: Could not set line 6 debounce to 200000 microseconds (-22)
[    2.387436] sdhci-omap 48060000.mmc: Got CD GPIO
[    2.392131] sdhci-omap 48060000.mmc: using DT '/ocp/interconnect@48000000/segment@0/target-module@60000/mmc@0' for 'wp' GPIO lookup
[    2.392181] of_get_named_gpiod_flags: can't parse 'wp-gpios' property of node '/ocp/interconnect@48000000/segment@0/target-module@60000/mmc@0[0]'
[    2.392225] of_get_named_gpiod_flags: can't parse 'wp-gpio' property of node '/ocp/interconnect@48000000/segment@0/target-module@60000/mmc@0[0]'
[    2.392263] sdhci-omap 48060000.mmc: using lookup tables for GPIO lookup
[    2.392277] sdhci-omap 48060000.mmc: No GPIO consumer wp found
[    2.392485] sdhci-omap 48060000.mmc: supply pbias not found, using dummy regulator
[    2.401141] sdhci-omap 481d8000.mmc: using DT '/ocp/interconnect@48000000/segment@100000/target-module@d8000/mmc@0' for 'wp' GPIO lookup
[    2.401211] of_get_named_gpiod_flags: can't parse 'wp-gpios' property of node '/ocp/interconnect@48000000/segment@100000/target-module@d8000/mmc@0[0]'
[    2.401259] of_get_named_gpiod_flags: can't parse 'wp-gpio' property of node '/ocp/interconnect@48000000/segment@100000/target-module@d8000/mmc@0[0]'
[    2.401297] sdhci-omap 481d8000.mmc: using lookup tables for GPIO lookup
[    2.401309] sdhci-omap 481d8000.mmc: No GPIO consumer wp found
[    2.402357] sdhci-omap 48060000.mmc: supply vqmmc not found, using dummy regulator
[    2.410909] sdhci-omap 481d8000.mmc: supply pbias not found, using dummy regulator
