Labgrid Console Logfile for main
Logfile started at 2025-10-19 21:09:00.766602
=== Log starts here ===
reading args
spl_load_image_fat_os: error reading image args, err - -1
reading u-boot.img
reading u-boot.img


U-Boot 2014.04-00014-g47880f5 (Apr 22 2014 - 13:23:54)

I2C:   ready
DRAM:  512 MiB
NAND:  0 MiB
MMC:   OMAP SD/MMC: 0, OMAP SD/MMC: 1
*** Warning - readenv() failed, using default environment

Net:   <ethaddr> not set. Validating first E-fuse MAC
cpsw, usb_ether
Hit any key to stop autoboot:  1  0 
gpio: pin 53 (gpio 53) value is 1
mmc0 is current device
gpio: pin 54 (gpio 54) value is 1
SD/MMC found on device 0
reading uEnv.txt
569 bytes read in 4 ms (138.7 KiB/s)
gpio: pin 55 (gpio 55) value is 1
Loaded environment from uEnv.txt
Importing environment from mmc ...
Checking if uenvcmd is set ...
gpio: pin 56 (gpio 56) value is 1
Running uenvcmd ...
cpsw Waiting for PHY auto negotiation to complete. done
link up on port 0, speed 100, full duplex
Using cpsw device
TFTP from server 192.168.255.126; our IP address is 192.168.255.1
Filename 'zImage'.
Load address: 0x81000000
Loading: *#################################################################
	 #################################################################
	 #################################################################
	 #################################################################
	 #################################################################
	 ############################################################
	 2.4 MiB/s
done
Bytes transferred = 5650104 (5636b8 hex)
link up on port 0, speed 100, full duplex
Using cpsw device
TFTP from server 192.168.255.126; our IP address is 192.168.255.1
Filename 'am335x-boneblack.dtb'.
Load address: 0x82000000
Loading: *#######
	 2.3 MiB/s
done
Bytes transferred = 98244 (17fc4 hex)
Kernel image @ 0x81000000 [ 0x000000 - 0x5636b8 ]
## Flattened Device Tree blob at 82000000
   Booting using the fdt blob at 0x82000000
   Using Device Tree in place at 82000000, end 8201afc3

Starting kernel ...

[    0.000000] Booting Linux on physical CPU 0x0
[    0.000000] Linux version 6.17.4-93351-g7a9479eb30f1 (user01@drvtest01) (arm-none-eabi-gcc (Arm GNU Toolchain 14.2.Rel1 (Build arm-14.52)) 14.2.1 20241119, GNU ld (Arm GNU Toolchain 14.2.Rel1 (Build arm-14.52)) 2.43.1.20241119) #1 SMP Sun Oct 19 21:07:17 EEST 2025
[    0.000000] CPU: ARMv7 Processor [413fc082] revision 2 (ARMv7), cr=10c5387d
[    0.000000] CPU: PIPT / VIPT nonaliasing data cache, VIPT aliasing instruction cache
[    0.000000] OF: fdt: Machine model: TI AM335x BeagleBone Black
[    0.000000] Memory policy: Data cache writeback
[    0.000000] cma: Reserved 16 MiB at 0x9e800000
[    0.000000] Zone ranges:
[    0.000000]   Normal   [mem 0x0000000080000000-0x000000009fdfffff]
[    0.000000]   HighMem  empty
[    0.000000] Movable zone start for each node
[    0.000000] Early memory node ranges
[    0.000000]   node   0: [mem 0x0000000080000000-0x000000009fdfffff]
[    0.000000] Initmem setup node 0 [mem 0x0000000080000000-0x000000009fdfffff]
[    0.000000] On node 0, zone Normal: 512 pages in unavailable ranges
[    0.000000] OF: reserved mem: Reserved memory: No reserved-memory node in the DT
[    0.000000] CPU: All CPU(s) started in SVC mode.
[    0.000000] AM335X ES2.1 (sgx neon)
[    0.000000] percpu: Embedded 17 pages/cpu s39820 r8192 d21620 u69632
[    0.000000] Kernel command line: console=ttyO0,115200n8 root=/dev/nfs rw nfsroot=192.168.255.126:/home/user01/nfs,nfsvers=3 ip=192.168.255.1:192.168.255.126::255.255.255.0:bbb1:eth0 nfsrootdebug
[    0.000000] Unknown kernel command line parameters "nfsrootdebug", will be passed to user space.
[    0.000000] printk: log buffer data + meta data: 65536 + 204800 = 270336 bytes
[    0.000000] Dentry cache hash table entries: 65536 (order: 6, 262144 bytes, linear)
[    0.000000] Inode-cache hash table entries: 32768 (order: 5, 131072 bytes, linear)
[    0.000000] Built 1 zonelists, mobility grouping on.  Total pages: 130560
[    0.000000] mem auto-init: stack:off, heap alloc:off, heap free:off
[    0.000000] SLUB: HWalign=16, Order=0-3, MinObjects=0, CPUs=1, Nodes=1
[    0.000000] rcu: Hierarchical RCU implementation.
[    0.000000] rcu: 	RCU event tracing is enabled.
[    0.000000] rcu: 	RCU restricting CPUs from NR_CPUS=2 to nr_cpu_ids=1.
[    0.000000] 	Tracing variant of Tasks RCU enabled.
[    0.000000] rcu: RCU calculated value of scheduler-enlistment delay is 10 jiffies.
[    0.000000] rcu: Adjusting geometry for rcu_fanout_leaf=16, nr_cpu_ids=1
[    0.000000] RCU Tasks Trace: Setting shift to 0 and lim to 1 rcu_task_cb_adjust=1 rcu_task_cpu_ids=1.
[    0.000000] NR_IRQS: 16, nr_irqs: 16, preallocated irqs: 16
[    0.000000] IRQ: Found an INTC at 0x(ptrval) (revision 5.0) with 128 interrupts
[    0.000000] rcu: srcu_init: Setting srcu_struct sizes based on contention.
[    0.000000] TI gptimer clocksource: always-on /ocp/interconnect@44c00000/segment@200000/target-module@31000
[    0.000002] sched_clock: 32 bits at 24MHz, resolution 41ns, wraps every 89478484971ns
[    0.000028] clocksource: dmtimer: mask: 0xffffffff max_cycles: 0xffffffff, max_idle_ns: 79635851949 ns
[    0.000528] TI gptimer clockevent: 24000000 Hz at /ocp/interconnect@48000000/segment@0/target-module@40000
[    0.002147] Console: colour dummy device 80x30
[    0.002215] WARNING: Your 'console=ttyO0' has been replaced by 'ttyS0'
[    0.002223] This ensures that you still see kernel messages. Please
[    0.002227] update your kernel commandline.
[    0.002272] Calibrating delay loop... 996.14 BogoMIPS (lpj=4980736)
[    0.090576] CPU: Testing write buffer coherency: ok
[    0.090689] CPU0: Spectre v2: using BPIALL workaround
[    0.090700] pid_max: default: 32768 minimum: 301
[    0.090859] LSM: initializing lsm=capability
[    0.091022] Mount-cache hash table entries: 1024 (order: 0, 4096 bytes, linear)
[    0.091040] Mountpoint-cache hash table entries: 1024 (order: 0, 4096 bytes, linear)
[    0.092605] CPU0: thread -1, cpu 0, socket -1, mpidr 0
[    0.092663] cacheinfo: Unable to detect cache hierarchy for CPU 0
[    0.094673] Setting up static identity map for 0x80100000 - 0x80100078
[    0.095024] rcu: Hierarchical SRCU implementation.
[    0.095036] rcu: 	Max phase no-delay instances is 1000.
[    0.096767] smp: Bringing up secondary CPUs ...
[    0.096821] smp: Brought up 1 node, 1 CPU
[    0.096835] SMP: Total of 1 processors activated (996.14 BogoMIPS).
[    0.096845] CPU: All CPU(s) started in SVC mode.
[    0.097048] Memory: 480856K/522240K available (11264K kernel code, 1219K rwdata, 2936K rodata, 1024K init, 253K bss, 23352K reserved, 16384K cma-reserved, 0K highmem)
[    0.097880] devtmpfs: initialized
[    0.115000] VFP support v0.3: implementor 41 architecture 3 part 30 variant c rev 3
[    0.115633] clocksource: jiffies: mask: 0xffffffff max_cycles: 0xffffffff, max_idle_ns: 19112604462750000 ns
[    0.115691] posixtimers hash table entries: 512 (order: 0, 4096 bytes, linear)
[    0.115719] futex hash table entries: 256 (16384 bytes on 1 NUMA nodes, total 16 KiB, linear).
[    0.116861] pinctrl core: initialized pinctrl subsystem
[    0.118998] NET: Registered PF_NETLINK/PF_ROUTE protocol family
[    0.122179] DMA: preallocated 256 KiB pool for atomic coherent allocations
[    0.122797] audit: initializing netlink subsys (disabled)
[    0.124139] thermal_sys: Registered thermal governor 'fair_share'
[    0.124155] thermal_sys: Registered thermal governor 'step_wise'
[    0.124164] thermal_sys: Registered thermal governor 'user_space'
[    0.124276] audit: type=2000 audit(0.120:1): state=initialized audit_enabled=0 res=1
[    0.124349] cpuidle: using governor menu
[    0.142780] /ocp/interconnect@44c00000/segment@200000/target-module@b000/i2c@0/tda19988@70: Fixed dependency cycle(s) with /ocp/interconnect@48000000/segment@300000/target-module@e000/lcdc@0
[    0.143900] /ocp/interconnect@48000000/segment@300000/target-module@e000/lcdc@0: Fixed dependency cycle(s) with /ocp/interconnect@44c00000/segment@200000/target-module@b000/i2c@0/tda19988@70
[    0.146136] No ATAGs?
[    0.146178] hw-breakpoint: debug architecture 0x4 unsupported.
[    0.149283] kprobes: kprobe jump-optimization is enabled. All kprobes are optimized if possible.
[    0.164077] iommu: Default domain type: Translated
[    0.164101] iommu: DMA domain TLB invalidation policy: strict mode
[    0.172056] SCSI subsystem initialized
[    0.172913] pps_core: LinuxPPS API ver. 1 registered
[    0.172923] pps_core: Software ver. 5.3.6 - Copyright 2005-2007 Rodolfo Giometti <giometti@linux.it>
[    0.172947] PTP clock support registered
[    0.174938] vgaarb: loaded
[    0.181018] clocksource: Switched to clocksource dmtimer
[    0.181723] VFS: Disk quotas dquot_6.6.0
[    0.181781] VFS: Dquot-cache hash table entries: 1024 (order 0, 4096 bytes)
[    0.210022] NET: Registered PF_INET protocol family
[    0.210368] IP idents hash table entries: 8192 (order: 4, 65536 bytes, linear)
[    0.211797] tcp_listen_portaddr_hash hash table entries: 512 (order: 0, 4096 bytes, linear)
[    0.211833] Table-perturb hash table entries: 65536 (order: 6, 262144 bytes, linear)
[    0.211851] TCP established hash table entries: 4096 (order: 2, 16384 bytes, linear)
[    0.211898] TCP bind hash table entries: 4096 (order: 4, 65536 bytes, linear)
[    0.211998] TCP: Hash tables configured (established 4096 bind 4096)
[    0.212117] UDP hash table entries: 256 (order: 1, 14336 bytes, linear)
[    0.212153] UDP-Lite hash table entries: 256 (order: 1, 14336 bytes, linear)
[    0.212353] NET: Registered PF_UNIX/PF_LOCAL protocol family
[    0.213641] RPC: Registered named UNIX socket transport module.
[    0.213663] RPC: Registered udp transport module.
[    0.213668] RPC: Registered tcp transport module.
[    0.213673] RPC: Registered tcp-with-tls transport module.
[    0.213678] RPC: Registered tcp NFSv4.1 backchannel transport module.
[    0.213703] PCI: CLS 0 bytes, default 64
[    0.215113] Initialise system trusted keyrings
[    0.216393] workingset: timestamp_bits=14 max_order=17 bucket_order=3
[    0.226106] NFS: Registering the id_resolver key type
[    0.226186] Key type id_resolver registered
[    0.226193] Key type id_legacy registered
[    0.226303] jffs2: version 2.2. (NAND) (SUMMARY)  Â© 2001-2006 Red Hat, Inc.
[    0.226789] Key type asymmetric registered
[    0.226804] Asymmetric key parser 'x509' registered
[    0.226879] io scheduler mq-deadline registered
[    0.226890] io scheduler kyber registered
[    0.226974] io scheduler bfq registered
[    0.228856] target-module@4b000000:target-module@140000:pmu@0:fck: device ID is greater than 24
[    0.235048] l3-aon-clkctrl:0000:0: failed to disable
[    0.235109] ledtrig-cpu: registered to indicate activity on CPUs
[    0.245924] Serial: 8250/16550 driver, 6 ports, IRQ sharing enabled
[    0.284177] brd: module loaded
[    0.312385] loop: module loaded
[    0.313334] mtdoops: mtd device (mtddev=name/number) must be supplied
[    0.316678] i2c_dev: i2c /dev entries driver
[    0.317683] cpuidle: enable-method property 'ti,am3352' found operations
[    0.318129] sdhci: Secure Digital Host Controller Interface driver
[    0.318137] sdhci: Copyright(c) Pierre Ossman
[    0.318322] sdhci-pltfm: SDHCI platform and OF driver helper
[    0.326702] hw perfevents: enabled with armv7_cortex_a8 PMU driver, 5 (8000000f) counters available
[    0.327219] Initializing XFRM netlink socket
[    0.327416] NET: Registered PF_INET6 protocol family
[    0.333070] l3-aon-clkctrl:0000:0: failed to disable
[    0.341426] Segment Routing with IPv6
[    0.341514] In-situ OAM (IOAM) with IPv6
[    0.341610] sit: IPv6, IPv4 and MPLS over IPv4 tunneling driver
[    0.342582] NET: Registered PF_PACKET protocol family
[    0.342609] NET: Registered PF_KEY protocol family
[    0.342745] Key type dns_resolver registered
[    0.342979] ThumbEE CPU extension supported.
[    0.342997] Registering SWP/SWPB emulation handler
[    0.343540] omap_voltage_late_init: Voltage driver support not added
[    0.344233] SmartReflex Class3 initialized
[    0.376679] Loading compiled-in X.509 certificates
[    0.406692] /ocp/interconnect@44c00000/segment@200000/target-module@b000/i2c@0/tda19988@70: Fixed dependency cycle(s) with /ocp/interconnect@48000000/segment@300000/target-module@e000/lcdc@0
[    0.413102] /ocp/interconnect@44c00000/segment@200000/target-module@b000/i2c@0/tda19988@70: Fixed dependency cycle(s) with /ocp/interconnect@48000000/segment@300000/target-module@e000/lcdc@0
[    0.455569] /ocp/interconnect@44c00000/segment@200000/target-module@b000/i2c@0/tda19988@70: Fixed dependency cycle(s) with /ocp/interconnect@48000000/segment@300000/target-module@e000/lcdc@0
[    0.456533] /ocp/interconnect@44c00000/segment@200000/target-module@b000/i2c@0/tda19988@70: Fixed dependency cycle(s) with /ocp/interconnect@48000000/segment@300000/target-module@e000/lcdc@0
[    0.460047] /ocp/interconnect@44c00000/segment@200000/target-module@10000/scm@0/pinmux@800: Fixed dependency cycle(s) with /ocp/interconnect@44c00000/segment@200000/target-module@10000/scm@0/pinmux@800/clkout2-pins
[    0.460643] pinctrl-single 44e10800.pinmux: 142 pins, size 568
[    0.466112] ti-sysc 44e31000.target-module: probe with driver ti-sysc failed with error -16
[    0.482258] /ocp/interconnect@48000000/segment@300000/target-module@e000/lcdc@0: Fixed dependency cycle(s) with /ocp/interconnect@44c00000/segment@200000/target-module@b000/i2c@0/tda19988@70
[    0.490716] ti-sysc 48040000.target-module: probe with driver ti-sysc failed with error -16
[    0.540106] OMAP GPIO hardware version 0.1
[    0.563366] omap_i2c 4819c000.i2c: bus 2 rev0.11 at 100 kHz
[    0.610615] 48000000.interconnect:segment@200000:target-module@0:mpu@0:fck: device ID is greater than 24
[    0.611517] /ocp/interconnect@48000000/segment@300000/target-module@e000/lcdc@0: Fixed dependency cycle(s) with /ocp/interconnect@44c00000/segment@200000/target-module@b000/i2c@0/tda19988@70
[    0.614334] /ocp/interconnect@48000000/segment@300000/target-module@e000/lcdc@0: Fixed dependency cycle(s) with /ocp/interconnect@44c00000/segment@200000/target-module@b000/i2c@0/tda19988@70
[    0.615036] /ocp/interconnect@44c00000/segment@200000/target-module@b000/i2c@0/tda19988@70: Fixed dependency cycle(s) with /ocp/interconnect@48000000/segment@300000/target-module@e000/lcdc@0
[    0.615203] /ocp/interconnect@48000000/segment@300000/target-module@e000/lcdc@0: Fixed dependency cycle(s) with /ocp/interconnect@44c00000/segment@200000/target-module@b000/i2c@0/tda19988@70
[    0.626612] sdhci-omap 481d8000.mmc: supply pbias not found, using dummy regulator
[    0.627093] sdhci-omap 481d8000.mmc: supply vqmmc not found, using dummy regulator
[    0.677023] davinci_mdio 4a101000.mdio: davinci mdio revision 1.6, bus freq 1000000
[    0.837097] davinci_mdio 4a101000.mdio: phy[0]: device 4a101000.mdio:00, driver SMSC LAN8710/LAN8720
[    0.837864] cpsw-switch 4a100000.switch: initialized cpsw ale version 1.4
[    0.837887] cpsw-switch 4a100000.switch: ALE Table size 1024, Policers 0
[    0.838054] cpsw-switch 4a100000.switch: cpts: overflow check period 500 (jiffies)
[    0.838072] cpsw-switch 4a100000.switch: CPTS: ref_clk_freq:250000000 calc_mult:2147483648 calc_shift:29 error:0 nsec/sec
[    0.838177] cpsw-switch 4a100000.switch: Detected MACID = 6c:ec:eb:68:de:78
[    0.840026] cpsw-switch 4a100000.switch: initialized (regs 0x4a100000, pool size 256) hw_ver:0019010C 1.12 (0)
[    0.851089] debugfs: '49000000.dma' already exists in 'dmaengine'
[    0.851134] edma 49000000.dma: TI EDMA DMA engine driver
[    0.887210] 44e09000.serial: ttyS0 at MMIO 0x44e09000 (irq = 34, base_baud = 3000000) is a 8250
[    0.887303] printk: legacy console [ttyS0] enabled
[    2.446256] tps65217-pmic: Failed to locate of_node [id: -1]
[    2.452335] tps65217-bl: Failed to locate of_node [id: -1]
[    2.458420] platform tps65217-charger: DMA mask not set
[    2.464449] platform tps65217-pwrbutton: DMA mask not set
[    2.471738] tps65217 0-0024: TPS65217 ID 0xe version 1.2
[    2.477859] /ocp/interconnect@48000000/segment@300000/target-module@e000/lcdc@0: Fixed dependency cycle(s) with /ocp/interconnect@44c00000/segment@200000/target-module@b000/i2c@0/tda19988@70
[    2.495291] /ocp/interconnect@44c00000/segment@200000/target-module@b000/i2c@0/tda19988@70: Fixed dependency cycle(s) with /ocp/interconnect@48000000/segment@300000/target-module@e000/lcdc@0
[    2.512638] omap_i2c 44e0b000.i2c: bus 0 rev0.11 at 400 kHz
[    2.520522] omap_gpio 44e07000.gpio: Could not set line 6 debounce to 200000 microseconds (-22)
[    2.529445] sdhci-omap 48060000.mmc: Got CD GPIO
[    2.534461] sdhci-omap 48060000.mmc: supply pbias not found, using dummy regulator
[    2.544416] sdhci-omap 48060000.mmc: supply vqmmc not found, using dummy regulator
[    2.553527] sdhci-omap 481d8000.mmc: supply pbias not found, using dummy regulator
[    2.563013] sdhci-omap 481d8000.mmc: supply vqmmc not found, using dummy regulator
[    2.598913] mmc0: SDHCI controller on 48060000.mmc [48060000.mmc] using External DMA
[    2.607241] mmc1: SDHCI controller on 481d8000.mmc [481d8000.mmc] using External DMA
[    2.616098] cpsw-switch 4a100000.switch: starting ndev. mode: dual_mac
[    2.685581] mmc1: new high speed MMC card at address 0001
[    2.692385] mmcblk1: mmc1:0001 MMC04G 3.60 GiB
[    2.700328]  mmcblk1: p1 p2
[    2.704102] SMSC LAN8710/LAN8720 4a101000.mdio:00: attached PHY driver (mii_bus:phy_addr=4a101000.mdio:00, irq=POLL)
[    2.715633] mmcblk1boot0: mmc1:0001 MMC04G 2.00 MiB
[    2.730572] mmcblk1boot1: mmc1:0001 MMC04G 2.00 MiB
[    2.739288] mmcblk1rpmb: mmc1:0001 MMC04G 128 KiB, chardev (249:0)
[    2.788800] mmc0: new high speed SDHC card at address aaaa
[    2.795715] mmcblk0: mmc0:aaaa SE32G 29.7 GiB
[    2.804778]  mmcblk0: p1 p2
[    5.846061] cpsw-switch 4a100000.switch eth0: Link is Up - 100Mbps/Full - flow control off
[    5.885534] IP-Config: Complete:
[    5.888812]      device=eth0, hwaddr=6c:ec:eb:68:de:78, ipaddr=192.168.255.1, mask=255.255.255.0, gw=255.255.255.255
[    5.899481]      host=bbb1, domain=, nis-domain=(none)
[    5.904649]      bootserver=192.168.255.126, rootserver=192.168.255.126, rootpath=
[    5.905067] clk: Disabling unused clocks
[    5.916902] PM: genpd: Disabling unused power domains
[    5.922048] KTAP version 1
[    5.924770] 1..0
[    5.927251] check access for rdinit=/init failed: -2, ignoring
[    5.958715] VFS: Mounted root (nfs filesystem) on device 0:17.
[    5.965729] devtmpfs: mounted
[    5.970217] Freeing unused kernel image (initmem) memory: 1024K
[    5.976937] Run /sbin/init as init process
[    6.651102] systemd[1]: System time before build time, advancing clock.
[    8.195308] random: crng init done
[    8.207852] systemd[1]: systemd 232 running in system mode. (+PAM +AUDIT +SELINUX +IMA +APPARMOR +SMACK +SYSVINIT +UTMP +LIBCRYPTSETUP +GCRYPT +GNUTLS +ACL +XZ +LZ4 +SECCOMP +BLKID +ELFUTILS +KMOD +IDN)
[    8.226968] systemd[1]: Detected architecture arm.

Welcome to [1mDebian GNU/Linux 9 (stretch)[0m!

[    8.258326] systemd[1]: Set hostname to <arm>.
[    9.345749] systemd[1]: Reached target Remote File Systems.
[[0;32m  OK  [0m] Reached target Remote File Systems.
[    9.369318] systemd[1]: systemd-journald-dev-log.socket: SO_PASSSEC failed: Operation not supported
[    9.378984] systemd[1]: Listening on Journal Socket (/dev/log).
[[0;32m  OK  [0m] Listening on Journal Socket (/dev/log).
[    9.405910] systemd[1]: syslog.socket: SO_PASSSEC failed: Operation not supported
[    9.413605] systemd[1]: Listening on Syslog Socket.
[[0;32m  OK  [0m] Listening on Syslog Socket.
[    9.436341] systemd[1]: Listening on Journal Audit Socket.
[[0;32m  OK  [0m] Listening on Journal Audit Socket.
[    9.467416] systemd[1]: Listening on /dev/initctl Compatibility Named Pipe.
[[0;32m  OK  [0m] Listening on /dev/initctl Compatibility Named Pipe.
[[0;32m  OK  [0m] Listening on Journal Socket.
[[0;32m  OK  [0m] Started Dispatch Password Requests to Console Directory Watch.
[[0;32m  OK  [0m] Listening on udev Control Socket.
[[0;32m  OK  [0m] Started Forward Password Requests to Wall Directory Watch.
[[0;32m  OK  [0m] Reached target Paths.
[[0;32m  OK  [0m] Reached target Encrypted Volumes.
[[0;32m  OK  [0m] Reached target Swap.
[[0;32m  OK  [0m] Created slice User and Session Slice.
[[0;32m  OK  [0m] Listening on udev Kernel Socket.
[[0;32m  OK  [0m] Set up automount Arbitrary Executabâ€¦rmats File System Automount Point.
[[0;32m  OK  [0m] Created slice System Slice.
         Starting Load Kernel Modules...
         Starting Journal Service...
[[0;32m  OK  [0m] Reached target Slices.
         Starting Create list of required stâ€¦ce nodes for the current kernel...
[[0;32m  OK  [0m] Created slice system-serial\x2dgetty.slice.
         Starting Remount Root and Kernel File Systems...
[[0;32m  OK  [0m] Created slice system-getty.slice.
         Mounting Debug File System...
         Mounting POSIX Message Queue File System...
[[0;32m  OK  [0m] Started Create list of required staâ€¦vice nodes for the current kernel.
[[0;32m  OK  [0m] Started Load Kernel Modules.
         Mounting Configuration File System...
         Starting Apply Kernel Variables...
         Starting Create Static Device Nodes in /dev...
[[0;32m  OK  [0m] Started Remount Root and Kernel File Systems.
[[0;32m  OK  [0m] Mounted Debug File System.
[[0;32m  OK  [0m] Mounted POSIX Message Queue File System.
         Starting udev Coldplug all Devices...
         Starting Load/Save Random Seed...
[[0;32m  OK  [0m] Mounted Configuration File System.
[[0;32m  OK  [0m] Started Apply Kernel Variables.
[[0;32m  OK  [0m] Started Load/Save Random Seed.
[[0;32m  OK  [0m] Started Create Static Device Nodes in /dev.
[[0;32m  OK  [0m] Reached target Local File Systems (Pre).
[[0;32m  OK  [0m] Reached target Local File Systems.
         Starting Raise network interfaces...
         Starting udev Kernel Device Manager...
[[0;32m  OK  [0m] Started Journal Service.
         Starting Flush Journal to Persistent Storage...
[   11.822144] systemd-journald[87]: Received request to flush runtime journal from PID 1
[[0;32m  OK  [0m] Started Flush Journal to Persistent Storage.
         Starting Create Volatile Files and Directories...
[[0;32m  OK  [0m] Started udev Kernel Device Manager.
[   12.651553] omap_prm 44e00d00.prm: sync_state() pending due to 44d00000.cpu
[[0;32m  OK  [0m] Started Create Volatile Files and Directories.
         Starting Network Time Synchronization...
         Starting Update UTMP about System Boot/Shutdown...
[[0;32m  OK  [0m] Started Update UTMP about System Boot/Shutdown.
[[0;32m  OK  [0m] Started udev Coldplug all Devices.
[   14.990806] remoteproc remoteproc0: wkup_m3 is available
[[0;32m  OK  [0m] Started Network Time Synchronization.
[   15.487012] omap_wdt: OMAP Watchdog Timer Rev 0x01: initial timeout 60 sec
[   15.584839] am335x-phy-driver 47401300.usb-phy: dummy supplies not allowed for exclusive requests (id=vbus)
[   15.654795] at24 2-0054: supply vcc not found, using dummy regulator
[   15.715162] usbcore: registered new interface driver usbfs
[   15.721137] usbcore: registered new interface driver hub
[   15.726990] usbcore: registered new device driver usb
[   15.767133] am335x-phy-driver 47401b00.usb-phy: dummy supplies not allowed for exclusive requests (id=vbus)
[   15.790468] at24 2-0055: supply vcc not found, using dummy regulator
[   15.896660] input: tps65217_pwrbutton as /devices/platform/ocp/44c00000.interconnect/44c00000.interconnect:segment@200000/44e0b000.target-module/44e0b000.i2c/i2c-0/0-0024/tps65217-pwrbutton/input/input0
[   15.943462] at24 2-0056: supply vcc not found, using dummy regulator
[[0;32m  OK  [0m] Found device /dev/ttyS0.
[[0;32m  OK  [0m] Reached target System Initialization.
[   16.142928] at24 2-0057: supply vcc not found, using dummy regulator
[[0;32m  OK  [0m] Listening on D-Bus System Message Bus Socket.
[[0;32m  OK  [0m] Listening on Avahi mDNS/DNS-SD Stack Activat[   16.329509] at24 0-0050: 32768 byte 24c256 EEPROM, writable, 1 bytes/write
ion Socket.
[[0;32m  OK  [0m] Reached target Sockets.
[[0;32m  OK  [0m] Reached target Basic System.
         Starting LSB: Load kernel modules needed to enable cpufreq scaling...
         Starting LSB: Start busybox udhcpd at boot time...
         Starting Login Service...
         Starting Telephony service...
[   16.872094] omap_rtc 44e3e000.rtc: registered as rtc0
[   16.877442] omap_rtc 44e3e000.rtc: setting system clock to 2000-01-01T00:00:00 UTC (946684800)
[[0;32m  OK  [0m] Started D-Bus System Message Bus.
[   17.295126] musb-hdrc musb-hdrc.1: MUSB HDRC host driver
[   17.300791] musb-hdrc musb-hdrc.1: new USB bus registered, assigned bus number 1
[   17.529381] usb usb1: New USB device found, idVendor=1d6b, idProduct=0002, bcdDevice= 6.17
[   17.538076] usb usb1: New USB device strings: Mfr=3, Product=2, SerialNumber=1
[   17.545429] usb usb1: Product: MUSB HDRC host driver
[   17.550445] usb usb1: Manufacturer: Linux 6.17.4-93351-g7a9479eb30f1 musb-hcd
[   17.557665] usb usb1: SerialNumber: musb-hdrc.1
[   17.990113] hub 1-0:1.0: USB hub found
[   18.045051] hub 1-0:1.0: 1 port detected
[   18.081952] tda998x 0-0070: found TDA19988
[   18.700291] omap-mailbox 480c8000.mailbox: omap mailbox rev 0x400
[   18.842277] remoteproc remoteproc0: powering up wkup_m3
[   19.044890] remoteproc remoteproc0: Direct firmware load for am335x-pm-firmware.elf failed with error -2
[   19.054819] remoteproc remoteproc0: request_firmware failed: -2
[   19.060936] wkup_m3_ipc 44e11324.wkup_m3_ipc: rproc_boot failed
[   20.694033] omap_rng 48310000.rng: Random Number Generator ver. 20
[   20.895431] tilcdc 4830e000.lcdc: bound 0-0070 (ops 0xbf19b0f8)
[   20.947268] [drm] Initialized tilcdc 1.0.0 for 4830e000.lcdc on minor 0
[   21.010180] tilcdc 4830e000.lcdc: [drm] Cannot find any crtc or sizes
[   21.023136] tilcdc 4830e000.lcdc: [drm] Cannot find any crtc or sizes
[[0;32m  OK  [0m] Started Telephony service.
         Starting Connection service...
         Starting Generic Board Startup...
         Starting System Logging Service...
[[0;32m  OK  [0m] Started Regular background program processing daemon.
         Starting DUN service...
         Starting Avahi mDNS/DNS-SD Stack...
         Starting Cape Manager Service...
[   22.043349] PM: Cannot get wkup_m3_ipc handle
[[0;32m  OK  [0m] Started Daily Cleanup of Temporary Directories.
[[0;32m  OK  [0m] Reached target System Time Synchronized.
[   22.139494] omap-sham 53100000.sham: hw accel on OMAP rev 4.3
[[0;32m  OK  [0m] Started Daily apt download activities.
[   22.259332] omap-sham 53100000.sham: will run requests pump with realtime priority
[   22.269861] PM: Cannot get wkup_m3_ipc handle
[   22.319536] omap-aes 53500000.aes: OMAP AES hw accel rev: 3.2
[[0;32m  OK  [0m] Started Daily apt upgrade and clean activities.
[[0;32m  OK  [0m] Reached target Timers.
[   22.435590] omap-aes 53500000.aes: will run requests pump with realtime priority
[   22.445054] PM: Cannot get wkup_m3_ipc handle
[   23.734688] Bluetooth: Core ver 2.22
[   23.738786] NET: Registered PF_BLUETOOTH protocol family
[   23.744141] Bluetooth: HCI device and connection manager initialized
[   23.750657] Bluetooth: HCI socket layer initialized
[   23.755723] Bluetooth: L2CAP socket layer initialized
[   23.760845] Bluetooth: SCO socket layer initialized
[[0;32m  OK  [0m] Started System Logging Service.
[[0;32m  OK  [0m] Started Cape Manager Service.
[   25.236542] ------------[ cut here ]------------
[   25.241245] WARNING: CPU: 0 PID: 307 at net/8021q/vlan_core.c:236 vlan_for_each+0x114/0x134
[   25.249789] RTNL: assertion failed at net/8021q/vlan_core.c (236)
[   25.255949] Modules linked in: bluetooth snd_soc_simple_card snd_soc_simple_card_utils omap_aes_driver ecdh_generic omap_sham omap_crypto pm33xx ecc crypto_engine libaes ti_emif_sram tilcdc drm_dma_helper omap_rng drm_client_lib rng_core snd_soc_davinci_mcasp snd_soc_ti_udma snd_soc_ti_edma snd_soc_ti_sdma snd_soc_core snd_pcm_dmaengine snd_pcm omap_mailbox snd_timer snd tda998x soundcore cec drm_kms_helper musb_dsps wkup_m3_ipc musb_hdrc rtc_omap drm udc_core tps65218_pwrbutton drm_panel_orientation_quirks usbcore at24 phy_am335x omap_wdt phy_am335x_control watchdog phy_generic usb_common cppi41 wkup_m3_rproc leds_gpio cpufreq_dt led_class autofs4
[   25.314019] CPU: 0 UID: 107 PID: 307 Comm: avahi-daemon Not tainted 6.17.4-93351-g7a9479eb30f1 #1 NONE 
[   25.314038] Hardware name: Generic AM33XX (Flattened Device Tree)
[   25.314048] Call trace: 
[   25.314064]  unwind_backtrace from show_stack+0x10/0x14
[   25.314099]  show_stack from dump_stack_lvl+0x50/0x64
[   25.314125]  dump_stack_lvl from __warn+0x74/0x12c
[   25.314142]  __warn from warn_slowpath_fmt+0x19c/0x1b0
[   25.314155]  warn_slowpath_fmt from vlan_for_each+0x114/0x134
[   25.314177]  vlan_for_each from cpsw_add_mc_addr+0x40/0xa4
[   25.314208]  cpsw_add_mc_addr from __hw_addr_ref_sync_dev+0x108/0x140
[   25.314244]  __hw_addr_ref_sync_dev from __dev_mc_add+0x7c/0x80
[   25.314263]  __dev_mc_add from igmp6_group_added+0xc8/0xe0
[   25.314289]  igmp6_group_added from __ipv6_dev_mc_inc+0x218/0x364
[   25.314309]  __ipv6_dev_mc_inc from __ipv6_sock_mc_join+0x11c/0x1c0
[   25.314329]  __ipv6_sock_mc_join from do_ipv6_setsockopt+0x1214/0x1310
[   25.314348]  do_ipv6_setsockopt from ipv6_setsockopt+0x60/0xcc
[   25.314360]  ipv6_setsockopt from udpv6_setsockopt+0x2c/0x6c
[   25.314375]  udpv6_setsockopt from sock_common_setsockopt+0x30/0x40
[   25.314392]  sock_common_setsockopt from do_sock_setsockopt+0x50/0x9c
[   25.314417]  do_sock_setsockopt from __sys_setsockopt+0x70/0xbc
[   25.314440]  __sys_setsockopt from ret_fast_syscall+0x0/0x58
[   25.314459] Exception stack(0xe02f5fa8 to 0xe02f5ff0)
[   25.314473] 5fa0:                   00000014 b6fecce8 0000000d 00000029 00000014 be9ef9ec
[   25.314484] 5fc0: 00000014 b6fecce8 00000014 00000126 0000000d b6f95ff4 004be988 004a6558
[   25.314493] 5fe0: b6fab088 be9ef9d8 b6f88309 b6e5f41a
[   25.314500] ---[ end trace 0000000000000000 ]---
[   26.098478] PM: Cannot get wkup_m3_ipc handle
[   26.156784] gpio-537 (nxp,calib): gpiod_direction_output_nonotify: tried to set a GPIO tied to an IRQ as output
[   26.204434] PM: Cannot get wkup_m3_ipc handle
[   26.428731] tda9950 0-0034: TDA9950 CEC interface, hardware version 3.3
[   26.552087] PM: Cannot get wkup_m3_ipc handle
[[0;32m  OK  [0m] Started LSB: Start busybox udhcpd at boot time.
[[0;32m  OK  [0m] Started Raise network interfaces.
[[0;32m  OK  [0m] Started LSB: Load kernel modules needed to enable cpufreq scaling.
[[0;32m  OK  [0m] Started DUN service.
[   29.758441] configfs-gadget.g_multi gadget.0: HOST MAC 1c:ba:8c:a2:ed:6c
[   29.765218] configfs-gadget.g_multi gadget.0: MAC 1c:ba:8c:a2:ed:70
[   29.772809] configfs-gadget.g_multi gadget.0: HOST MAC 1c:ba:8c:a2:ed:6c
[   29.779685] configfs-gadget.g_multi gadget.0: MAC 1c:ba:8c:a2:ed:6d
[   29.788525] PM: Cannot get wkup_m3_ipc handle
[[0;32m  OK  [0m] Started Connection service.
[[0;32m  OK  [0m] Started Avahi mDNS/DNS-SD Stack.
[[0;32m  OK  [0m] Started Login Service.
         Starting Hostname Service...
         Starting WPA supplicant...
[[0;32m  OK  [0m] Reached target Sound Card.
         Starting LSB: set CPUFreq kernel parameters...
[[0;32m  OK  [0m] Started WPA supplicant.
[[0;32m  OK  [0m] Started Hostname Service.
[[0;32m  OK  [0m] Reached target Network.
[[0;32m  OK  [0m] Reached target Network is Online.
         Starting LSB: Advanced IEEE 802.11 management daemon...
         Starting Permit User Sessions...
         Starting The Apache HTTP Server...
         Starting OpenBSD Secure Shell server...
[[0;32m  OK  [0m] Started LSB: Advanced IEEE 802.11 management daemon.
[[0;32m  OK  [0m] Started LSB: set CPUFreq kernel parameters.
[[0;32m  OK  [0m] Started Permit User Sessions.
[[0;32m  OK  [0m] Started Getty on tty1.
[[0;32m  OK  [0m] Started Serial Getty on ttyS0.
[[0;32m  OK  [0m] Reached target Login Prompts.
         Stopping LSB: Start busybox udhcpd at boot time...
[[0;32m  OK  [0m] Started OpenBSD Secure Shell server.
[[0;32m  OK  [0m] Stopped LSB: Start busybox udhcpd at boot time.
         Starting dnsmasq - A lightweight DHCP and caching DNS server...
[[0;32m  OK  [0m] Started The Apache HTTP Server.
[[0;32m  OK  [0m] Started dnsmasq - A lightweight DHCP and caching DNS server.
[[0;32m  OK  [0m] Reached target Host and Network Name Lookups.
[[0;32m  OK  [0m] Started Serial Getty on ttyGS0.
[[0;32m  OK  [0m] Started Generic Board Startup.
[[0;32m  OK  [0m] Reached target Multi-User System.
[[0;32m  OK  [0m] Reached target Graphical Interface.
         Starting Update UTMP about System Runlevel Changes...
[[0;32m  OK  [0m] Started Update UTMP about System Runlevel Changes.

Debian GNU/Linux 9 arm ttyS0

default username:password is [debian:temppwd]

arm login: root
Password: 
Last login: Sat Jan  1 00:00:34 UTC 2000 on ttyS0
root
Linux arm 6.17.4-93351-g7a9479eb30f1 #1 SMP Sun Oct 19 21:07:17 EEST 2025 armv7l

The programs included with the Debian GNU/Linux system are free software;
the exact distribution terms for each program are described in the
individual files in /usr/share/doc/*/copyright.

Debian GNU/Linux comes with ABSOLUTELY NO WARRANTY, to the extent
permitted by applicable law.
root@arm:~# root
dmesg -n 1
-bash: root: command not found
root@arm:~# dmesg -n 1
root@arm:~# echo 'BCLA''LZSSBQ'
BCLALZSSBQ
root@arm:~# run() { echo -n "$MARKER"; sh -c "$@"; echo "$MARKER $?"; }
root@arm:~# echo 'YFSB''POOCCC'
YFSBPOOCCC
root@arm:~# MARKER='NFTB''KHGAEO' run 'cat /proc/version'
NFTBKHGAEOLinux version 6.17.4-93351-g7a9479eb30f1 (user01@drvtest01) (arm-none-eabi-gcc (Arm GNU Toolchain 14.2.Rel1 (Build arm-14.52)) 14.2.1 20241119, GNU ld (Arm GNU Toolchain 14.2.Rel1 (Build arm-14.52)) 2.43.1.20241119) #1 SMP Sun Oct 19 21:07:17 EEST 2025
NFTBKHGAEO 0
root@arm:~# echo 'YMLU''UOOEJC'
YMLUUOOEJC
root@arm:~# MARKER='YOUV''AHECOK' run false
YOUVAHECOKYOUVAHECOK 1
root@arm:~# Labgrid Console Logfile for main
Logfile started at 2025-10-19 21:10:08.248444
=== Log starts here ===

root@arm:~# run() { echo -n "$MARKER"; sh -c "$@"; echo "$MARKER $?"; }
root@arm:~# echo 'WUJX''QQHOLV'
WUJXQQHOLV
root@arm:~# MARKER='EEAN''EKYJEB' run 'ls /iio_generic_buffer; echo $?'
EEANEKYJEB/iio_generic_buffer
0
EEANEKYJEB 0
root@arm:~# Labgrid Console Logfile for main
Logfile started at 2025-10-19 21:10:11.648307
=== Log starts here ===

root@arm:~# run() { echo -n "$MARKER"; sh -c "$@"; echo "$MARKER $?"; }
root@arm:~# echo 'QELK''FSPXGM'
QELKFSPXGM
root@arm:~# MARKER='VTUE''LMTKFF' run dmesg
VTUELMTKFF[    0.000000] Booting Linux on physical CPU 0x0
[    0.000000] Linux version 6.17.4-93351-g7a9479eb30f1 (user01@drvtest01) (arm-none-eabi-gcc (Arm GNU Toolchain 14.2.Rel1 (Build arm-14.52)) 14.2.1 20241119, GNU ld (Arm GNU Toolchain 14.2.Rel1 (Build arm-14.52)) 2.43.1.20241119) #1 SMP Sun Oct 19 21:07:17 EEST 2025
[    0.000000] CPU: ARMv7 Processor [413fc082] revision 2 (ARMv7), cr=10c5387d
[    0.000000] CPU: PIPT / VIPT nonaliasing data cache, VIPT aliasing instruction cache
[    0.000000] OF: fdt: Machine model: TI AM335x BeagleBone Black
[    0.000000] Memory policy: Data cache writeback
[    0.000000] cma: Reserved 16 MiB at 0x9e800000
[    0.000000] Zone ranges:
[    0.000000]   Normal   [mem 0x0000000080000000-0x000000009fdfffff]
[    0.000000]   HighMem  empty
[    0.000000] Movable zone start for each node
[    0.000000] Early memory node ranges
[    0.000000]   node   0: [mem 0x0000000080000000-0x000000009fdfffff]
[    0.000000] Initmem setup node 0 [mem 0x0000000080000000-0x000000009fdfffff]
[    0.000000] On node 0, zone Normal: 512 pages in unavailable ranges
[    0.000000] OF: reserved mem: Reserved memory: No reserved-memory node in the DT
[    0.000000] CPU: All CPU(s) started in SVC mode.
[    0.000000] AM335X ES2.1 (sgx neon)
[    0.000000] percpu: Embedded 17 pages/cpu s39820 r8192 d21620 u69632
[    0.000000] pcpu-alloc: s39820 r8192 d21620 u69632 alloc=17*4096
[    0.000000] pcpu-alloc: [0] 0 
[    0.000000] Kernel command line: console=ttyO0,115200n8 root=/dev/nfs rw nfsroot=192.168.255.126:/home/user01/nfs,nfsvers=3 ip=192.168.255.1:192.168.255.126::255.255.255.0:bbb1:eth0 nfsrootdebug
[    0.000000] Unknown kernel command line parameters "nfsrootdebug", will be passed to user space.
[    0.000000] printk: log buffer data + meta data: 65536 + 204800 = 270336 bytes
[    0.000000] Dentry cache hash table entries: 65536 (order: 6, 262144 bytes, linear)
[    0.000000] Inode-cache hash table entries: 32768 (order: 5, 131072 bytes, linear)
[    0.000000] Built 1 zonelists, mobility grouping on.  Total pages: 130560
[    0.000000] mem auto-init: stack:off, heap alloc:off, heap free:off
[    0.000000] SLUB: HWalign=16, Order=0-3, MinObjects=0, CPUs=1, Nodes=1
[    0.000000] rcu: Hierarchical RCU implementation.
[    0.000000] rcu: 	RCU event tracing is enabled.
[    0.000000] rcu: 	RCU restricting CPUs from NR_CPUS=2 to nr_cpu_ids=1.
[    0.000000] 	Tracing variant of Tasks RCU enabled.
[    0.000000] rcu: RCU calculated value of scheduler-enlistment delay is 10 jiffies.
[    0.000000] rcu: Adjusting geometry for rcu_fanout_leaf=16, nr_cpu_ids=1
[    0.000000] RCU Tasks Trace: Setting shift to 0 and lim to 1 rcu_task_cb_adjust=1 rcu_task_cpu_ids=1.
[    0.000000] NR_IRQS: 16, nr_irqs: 16, preallocated irqs: 16
[    0.000000] IRQ: Found an INTC at 0x(ptrval) (revision 5.0) with 128 interrupts
[    0.000000] rcu: srcu_init: Setting srcu_struct sizes based on contention.
[    0.000000] TI gptimer clocksource: always-on /ocp/interconnect@44c00000/segment@200000/target-module@31000
[    0.000002] sched_clock: 32 bits at 24MHz, resolution 41ns, wraps every 89478484971ns
[    0.000028] clocksource: dmtimer: mask: 0xffffffff max_cycles: 0xffffffff, max_idle_ns: 79635851949 ns
[    0.000528] TI gptimer clockevent: 24000000 Hz at /ocp/interconnect@48000000/segment@0/target-module@40000
[    0.002147] Console: colour dummy device 80x30
[    0.002215] WARNING: Your 'console=ttyO0' has been replaced by 'ttyS0'
[    0.002223] This ensures that you still see kernel messages. Please
[    0.002227] update your kernel commandline.
[    0.002272] Calibrating delay loop... 996.14 BogoMIPS (lpj=4980736)
[    0.090576] CPU: Testing write buffer coherency: ok
[    0.090689] CPU0: Spectre v2: using BPIALL workaround
[    0.090700] pid_max: default: 32768 minimum: 301
[    0.090859] LSM: initializing lsm=capability
[    0.091022] Mount-cache hash table entries: 1024 (order: 0, 4096 bytes, linear)
[    0.091040] Mountpoint-cache hash table entries: 1024 (order: 0, 4096 bytes, linear)
[    0.092605] CPU0: thread -1, cpu 0, socket -1, mpidr 0
[    0.092663] cacheinfo: Unable to detect cache hierarchy for CPU 0
[    0.094673] Setting up static identity map for 0x80100000 - 0x80100078
[    0.095024] rcu: Hierarchical SRCU implementation.
[    0.095036] rcu: 	Max phase no-delay instances is 1000.
[    0.096767] smp: Bringing up secondary CPUs ...
[    0.096821] smp: Brought up 1 node, 1 CPU
[    0.096835] SMP: Total of 1 processors activated (996.14 BogoMIPS).
[    0.096845] CPU: All CPU(s) started in SVC mode.
[    0.097048] Memory: 480856K/522240K available (11264K kernel code, 1219K rwdata, 2936K rodata, 1024K init, 253K bss, 23352K reserved, 16384K cma-reserved, 0K highmem)
[    0.097880] devtmpfs: initialized
[    0.115000] VFP support v0.3: implementor 41 architecture 3 part 30 variant c rev 3
[    0.115633] clocksource: jiffies: mask: 0xffffffff max_cycles: 0xffffffff, max_idle_ns: 19112604462750000 ns
[    0.115691] posixtimers hash table entries: 512 (order: 0, 4096 bytes, linear)
[    0.115719] futex hash table entries: 256 (16384 bytes on 1 NUMA nodes, total 16 KiB, linear).
[    0.116861] pinctrl core: initialized pinctrl subsystem
[    0.118998] NET: Registered PF_NETLINK/PF_ROUTE protocol family
[    0.122179] DMA: preallocated 256 KiB pool for atomic coherent allocations
[    0.122797] audit: initializing netlink subsys (disabled)
[    0.124139] thermal_sys: Registered thermal governor 'fair_share'
[    0.124155] thermal_sys: Registered thermal governor 'step_wise'
[    0.124164] thermal_sys: Registered thermal governor 'user_space'
[    0.124276] audit: type=2000 audit(0.120:1): state=initialized audit_enabled=0 res=1
[    0.124349] cpuidle: using governor menu
[    0.142780] /ocp/interconnect@44c00000/segment@200000/target-module@b000/i2c@0/tda19988@70: Fixed dependency cycle(s) with /ocp/interconnect@48000000/segment@300000/target-module@e000/lcdc@0
[    0.143900] /ocp/interconnect@48000000/segment@300000/target-module@e000/lcdc@0: Fixed dependency cycle(s) with /ocp/interconnect@44c00000/segment@200000/target-module@b000/i2c@0/tda19988@70
[    0.146136] No ATAGs?
[    0.146178] hw-breakpoint: debug architecture 0x4 unsupported.
[    0.149283] kprobes: kprobe jump-optimization is enabled. All kprobes are optimized if possible.
[    0.164077] iommu: Default domain type: Translated
[    0.164101] iommu: DMA domain TLB invalidation policy: strict mode
[    0.165711] reg-fixed-voltage fixedregulator0: using DT '/fixedregulator0' for '(default)' GPIO lookup
[    0.165765] of_get_named_gpiod_flags: can't parse 'gpios' property of node '/fixedregulator0[0]'
[    0.165793] of_get_named_gpiod_flags: can't parse 'gpio' property of node '/fixedregulator0[0]'
[    0.165812] reg-fixed-voltage fixedregulator0: using lookup tables for GPIO lookup
[    0.165822] reg-fixed-voltage fixedregulator0: No GPIO consumer (default) found
[    0.172056] SCSI subsystem initialized
[    0.172528] libata version 3.00 loaded.
[    0.172913] pps_core: LinuxPPS API ver. 1 registered
[    0.172923] pps_core: Software ver. 5.3.6 - Copyright 2005-2007 Rodolfo Giometti <giometti@linux.it>
[    0.172947] PTP clock support registered
[    0.174938] vgaarb: loaded
[    0.181018] clocksource: Switched to clocksource dmtimer
[    0.181723] VFS: Disk quotas dquot_6.6.0
[    0.181781] VFS: Dquot-cache hash table entries: 1024 (order 0, 4096 bytes)
[    0.210022] NET: Registered PF_INET protocol family
[    0.210368] IP idents hash table entries: 8192 (order: 4, 65536 bytes, linear)
[    0.211797] tcp_listen_portaddr_hash hash table entries: 512 (order: 0, 4096 bytes, linear)
[    0.211833] Table-perturb hash table entries: 65536 (order: 6, 262144 bytes, linear)
[    0.211851] TCP established hash table entries: 4096 (order: 2, 16384 bytes, linear)
[    0.211898] TCP bind hash table entries: 4096 (order: 4, 65536 bytes, linear)
[    0.211998] TCP: Hash tables configured (established 4096 bind 4096)
[    0.212117] UDP hash table entries: 256 (order: 1, 14336 bytes, linear)
[    0.212153] UDP-Lite hash table entries: 256 (order: 1, 14336 bytes, linear)
[    0.212353] NET: Registered PF_UNIX/PF_LOCAL protocol family
[    0.213641] RPC: Registered named UNIX socket transport module.
[    0.213663] RPC: Registered udp transport module.
[    0.213668] RPC: Registered tcp transport module.
[    0.213673] RPC: Registered tcp-with-tls transport module.
[    0.213678] RPC: Registered tcp NFSv4.1 backchannel transport module.
[    0.213703] PCI: CLS 0 bytes, default 64
[    0.215113] Initialise system trusted keyrings
[    0.216393] workingset: timestamp_bits=14 max_order=17 bucket_order=3
[    0.226106] NFS: Registering the id_resolver key type
[    0.226186] Key type id_resolver registered
[    0.226193] Key type id_legacy registered
[    0.226303] jffs2: version 2.2. (NAND) (SUMMARY)  Â© 2001-2006 Red Hat, Inc.
[    0.226789] Key type asymmetric registered
[    0.226804] Asymmetric key parser 'x509' registered
[    0.226879] io scheduler mq-deadline registered
[    0.226890] io scheduler kyber registered
[    0.226974] io scheduler bfq registered
[    0.228856] target-module@4b000000:target-module@140000:pmu@0:fck: device ID is greater than 24
[    0.235048] l3-aon-clkctrl:0000:0: failed to disable
[    0.235109] ledtrig-cpu: registered to indicate activity on CPUs
[    0.245924] Serial: 8250/16550 driver, 6 ports, IRQ sharing enabled
[    0.284177] brd: module loaded
[    0.312385] loop: module loaded
[    0.313334] mtdoops: mtd device (mtddev=name/number) must be supplied
[    0.315062] mdio_bus fixed-0: using lookup tables for GPIO lookup
[    0.315085] mdio_bus fixed-0: No GPIO consumer reset found
[    0.316678] i2c_dev: i2c /dev entries driver
[    0.317683] cpuidle: enable-method property 'ti,am3352' found operations
[    0.318129] sdhci: Secure Digital Host Controller Interface driver
[    0.318137] sdhci: Copyright(c) Pierre Ossman
[    0.318322] sdhci-pltfm: SDHCI platform and OF driver helper
[    0.326702] hw perfevents: enabled with armv7_cortex_a8 PMU driver, 5 (8000000f) counters available
[    0.327219] Initializing XFRM netlink socket
[    0.327416] NET: Registered PF_INET6 protocol family
[    0.333070] l3-aon-clkctrl:0000:0: failed to disable
[    0.341426] Segment Routing with IPv6
[    0.341514] In-situ OAM (IOAM) with IPv6
[    0.341610] sit: IPv6, IPv4 and MPLS over IPv4 tunneling driver
[    0.342582] NET: Registered PF_PACKET protocol family
[    0.342609] NET: Registered PF_KEY protocol family
[    0.342745] Key type dns_resolver registered
[    0.342979] ThumbEE CPU extension supported.
[    0.342997] Registering SWP/SWPB emulation handler
[    0.343540] omap_voltage_late_init: Voltage driver support not added
[    0.344233] SmartReflex Class3 initialized
[    0.376679] Loading compiled-in X.509 certificates
[    0.406692] /ocp/interconnect@44c00000/segment@200000/target-module@b000/i2c@0/tda19988@70: Fixed dependency cycle(s) with /ocp/interconnect@48000000/segment@300000/target-module@e000/lcdc@0
[    0.413102] /ocp/interconnect@44c00000/segment@200000/target-module@b000/i2c@0/tda19988@70: Fixed dependency cycle(s) with /ocp/interconnect@48000000/segment@300000/target-module@e000/lcdc@0
[    0.418845] gpiochip_find_base_unlocked: found new base at 512
[    0.455569] /ocp/interconnect@44c00000/segment@200000/target-module@b000/i2c@0/tda19988@70: Fixed dependency cycle(s) with /ocp/interconnect@48000000/segment@300000/target-module@e000/lcdc@0
[    0.456533] /ocp/interconnect@44c00000/segment@200000/target-module@b000/i2c@0/tda19988@70: Fixed dependency cycle(s) with /ocp/interconnect@48000000/segment@300000/target-module@e000/lcdc@0
[    0.460047] /ocp/interconnect@44c00000/segment@200000/target-module@10000/scm@0/pinmux@800: Fixed dependency cycle(s) with /ocp/interconnect@44c00000/segment@200000/target-module@10000/scm@0/pinmux@800/clkout2-pins
[    0.460643] pinctrl-single 44e10800.pinmux: 142 pins, size 568
[    0.466112] ti-sysc 44e31000.target-module: probe with driver ti-sysc failed with error -16
[    0.482258] /ocp/interconnect@48000000/segment@300000/target-module@e000/lcdc@0: Fixed dependency cycle(s) with /ocp/interconnect@44c00000/segment@200000/target-module@b000/i2c@0/tda19988@70
[    0.490716] ti-sysc 48040000.target-module: probe with driver ti-sysc failed with error -16
[    0.502391] gpiochip_find_base_unlocked: found new base at 512
[    0.502494] gpio gpiochip0: (gpio-0-31): created GPIO range 0->7 ==> 44e10800.pinmux PIN 0->7
[    0.502514] gpio gpiochip0: (gpio-0-31): created GPIO range 8->11 ==> 44e10800.pinmux PIN 90->93
[    0.502531] gpio gpiochip0: (gpio-0-31): created GPIO range 12->27 ==> 44e10800.pinmux PIN 12->27
[    0.502546] gpio gpiochip0: (gpio-0-31): created GPIO range 28->31 ==> 44e10800.pinmux PIN 30->33
[    0.539794] gpio gpiochip0: (gpio-0-31): added GPIO chardev (254:0)
[    0.540018] gpio gpiochip0: registered GPIOs 512 to 543 on gpio-0-31
[    0.540106] OMAP GPIO hardware version 0.1
[    0.562357] i2c i2c-2: using DT '/ocp/interconnect@48000000/segment@100000/target-module@9c000/i2c@0' for 'scl' GPIO lookup
[    0.562429] of_get_named_gpiod_flags: can't parse 'scl-gpios' property of node '/ocp/interconnect@48000000/segment@100000/target-module@9c000/i2c@0[0]'
[    0.562472] of_get_named_gpiod_flags: can't parse 'scl-gpio' property of node '/ocp/interconnect@48000000/segment@100000/target-module@9c000/i2c@0[0]'
[    0.562508] i2c i2c-2: using lookup tables for GPIO lookup
[    0.562518] i2c i2c-2: No GPIO consumer scl found
[    0.562539] i2c i2c-2: using DT '/ocp/interconnect@48000000/segment@100000/target-module@9c000/i2c@0' for 'sda' GPIO lookup
[    0.562574] of_get_named_gpiod_flags: can't parse 'sda-gpios' property of node '/ocp/interconnect@48000000/segment@100000/target-module@9c000/i2c@0[0]'
[    0.562611] of_get_named_gpiod_flags: can't parse 'sda-gpio' property of node '/ocp/interconnect@48000000/segment@100000/target-module@9c000/i2c@0[0]'
[    0.562642] i2c i2c-2: using lookup tables for GPIO lookup
[    0.562650] i2c i2c-2: No GPIO consumer sda found
[    0.563366] omap_i2c 4819c000.i2c: bus 2 rev0.11 at 100 kHz
[    0.569331] gpiochip_find_base_unlocked: found new base at 544
[    0.569444] gpio gpiochip1: (gpio-32-63): created GPIO range 0->17 ==> 44e10800.pinmux PIN 34->51
[    0.569465] gpio gpiochip1: (gpio-32-63): created GPIO range 18->21 ==> 44e10800.pinmux PIN 77->80
[    0.569481] gpio gpiochip1: (gpio-32-63): created GPIO range 22->31 ==> 44e10800.pinmux PIN 56->65
[    0.586170] gpio gpiochip1: (gpio-32-63): added GPIO chardev (254:1)
[    0.586408] gpio gpiochip1: registered GPIOs 544 to 575 on gpio-32-63
[    0.588713] gpiochip_find_base_unlocked: found new base at 576
[    0.588807] gpio gpiochip2: (gpio-64-95): created GPIO range 0->4 ==> 44e10800.pinmux PIN 66->70
[    0.588828] gpio gpiochip2: (gpio-64-95): created GPIO range 5->6 ==> 44e10800.pinmux PIN 98->99
[    0.588843] gpio gpiochip2: (gpio-64-95): created GPIO range 7->8 ==> 44e10800.pinmux PIN 75->76
[    0.588858] gpio gpiochip2: (gpio-64-95): created GPIO range 13->13 ==> 44e10800.pinmux PIN 141->141
[    0.588873] gpio gpiochip2: (gpio-64-95): created GPIO range 14->21 ==> 44e10800.pinmux PIN 100->107
[    0.604557] gpio gpiochip2: (gpio-64-95): added GPIO chardev (254:2)
[    0.604784] gpio gpiochip2: registered GPIOs 576 to 607 on gpio-64-95
[    0.610615] 48000000.interconnect:segment@200000:target-module@0:mpu@0:fck: device ID is greater than 24
[    0.611517] /ocp/interconnect@48000000/segment@300000/target-module@e000/lcdc@0: Fixed dependency cycle(s) with /ocp/interconnect@44c00000/segment@200000/target-module@b000/i2c@0/tda19988@70
[    0.614334] /ocp/interconnect@48000000/segment@300000/target-module@e000/lcdc@0: Fixed dependency cycle(s) with /ocp/interconnect@44c00000/segment@200000/target-module@b000/i2c@0/tda19988@70
[    0.615036] /ocp/interconnect@44c00000/segment@200000/target-module@b000/i2c@0/tda19988@70: Fixed dependency cycle(s) with /ocp/interconnect@48000000/segment@300000/target-module@e000/lcdc@0
[    0.615203] /ocp/interconnect@48000000/segment@300000/target-module@e000/lcdc@0: Fixed dependency cycle(s) with /ocp/interconnect@44c00000/segment@200000/target-module@b000/i2c@0/tda19988@70
[    0.624990] mdio_bus 4a101000.mdio: using DT '/ocp/interconnect@4a000000/segment@0/target-module@100000/switch@0/mdio@1000' for 'reset' GPIO lookup
[    0.625063] of_get_named_gpiod_flags: can't parse 'reset-gpios' property of node '/ocp/interconnect@4a000000/segment@0/target-module@100000/switch@0/mdio@1000[0]'
[    0.625110] of_get_named_gpiod_flags: can't parse 'reset-gpio' property of node '/ocp/interconnect@4a000000/segment@0/target-module@100000/switch@0/mdio@1000[0]'
[    0.625157] mdio_bus 4a101000.mdio: using lookup tables for GPIO lookup
[    0.625167] mdio_bus 4a101000.mdio: No GPIO consumer reset found
[    0.626272] sdhci-omap 481d8000.mmc: using DT '/ocp/interconnect@48000000/segment@100000/target-module@d8000/mmc@0' for 'wp' GPIO lookup
[    0.626331] of_get_named_gpiod_flags: can't parse 'wp-gpios' property of node '/ocp/interconnect@48000000/segment@100000/target-module@d8000/mmc@0[0]'
[    0.626372] of_get_named_gpiod_flags: can't parse 'wp-gpio' property of node '/ocp/interconnect@48000000/segment@100000/target-module@d8000/mmc@0[0]'
[    0.626407] sdhci-omap 481d8000.mmc: using lookup tables for GPIO lookup
[    0.626417] sdhci-omap 481d8000.mmc: No GPIO consumer wp found
[    0.626612] sdhci-omap 481d8000.mmc: supply pbias not found, using dummy regulator
[    0.627093] sdhci-omap 481d8000.mmc: supply vqmmc not found, using dummy regulator
[    0.677023] davinci_mdio 4a101000.mdio: davinci mdio revision 1.6, bus freq 1000000
[    0.695405] mdio_bus 4a101000.mdio:00: using DT '/ocp/interconnect@4a000000/segment@0/target-module@100000/switch@0/mdio@1000/ethernet-phy@0' for 'reset' GPIO lookup
[    0.695508] of_get_named_gpiod_flags: parsed 'reset-gpios' property of node '/ocp/interconnect@4a000000/segment@0/target-module@100000/switch@0/mdio@1000/ethernet-phy@0[0]' - status (0)
[    0.695666] gpio gpiochip0: Persistence not supported for GPIO 8
[    0.837097] davinci_mdio 4a101000.mdio: phy[0]: device 4a101000.mdio:00, driver SMSC LAN8710/LAN8720
[    0.837864] cpsw-switch 4a100000.switch: initialized cpsw ale version 1.4
[    0.837887] cpsw-switch 4a100000.switch: ALE Table size 1024, Policers 0
[    0.838054] cpsw-switch 4a100000.switch: cpts: overflow check period 500 (jiffies)
[    0.838072] cpsw-switch 4a100000.switch: CPTS: ref_clk_freq:250000000 calc_mult:2147483648 calc_shift:29 error:0 nsec/sec
[    0.838177] cpsw-switch 4a100000.switch: Detected MACID = 6c:ec:eb:68:de:78
[    0.840026] cpsw-switch 4a100000.switch: initialized (regs 0x4a100000, pool size 256) hw_ver:0019010C 1.12 (0)
[    0.851089] debugfs: '49000000.dma' already exists in 'dmaengine'
[    0.851134] edma 49000000.dma: TI EDMA DMA engine driver
[    0.869012] gpio-clk clk_mcasp0: using DT '/clk_mcasp0' for 'enable' GPIO lookup
[    0.869090] of_get_named_gpiod_flags: parsed 'enable-gpios' property of node '/clk_mcasp0[0]' - status (0)
[    0.869132] gpio gpiochip0: Persistence not supported for GPIO 27
[    0.870034] gpiochip_find_base_unlocked: found new base at 608
[    0.870145] gpio gpiochip3: (gpio-96-127): created GPIO range 0->7 ==> 44e10800.pinmux PIN 82->89
[    0.870165] gpio gpiochip3: (gpio-96-127): created GPIO range 8->11 ==> 44e10800.pinmux PIN 52->55
[    0.870181] gpio gpiochip3: (gpio-96-127): created GPIO range 12->15 ==> 44e10800.pinmux PIN 94->97
[    0.870197] gpio gpiochip3: (gpio-96-127): created GPIO range 16->17 ==> 44e10800.pinmux PIN 71->72
[    0.870213] gpio gpiochip3: (gpio-96-127): created GPIO range 18->18 ==> 44e10800.pinmux PIN 135->135
[    0.870229] gpio gpiochip3: (gpio-96-127): created GPIO range 19->20 ==> 44e10800.pinmux PIN 108->109
[    0.870245] gpio gpiochip3: (gpio-96-127): created GPIO range 21->21 ==> 44e10800.pinmux PIN 73->73
[    0.870262] gpio gpiochip3: (gpio-96-127): created GPIO range 22->23 ==> 44e10800.pinmux PIN 8->9
[    0.870279] gpio gpiochip3: (gpio-96-127): created GPIO range 26->27 ==> 44e10800.pinmux PIN 10->11
[    0.870297] gpio gpiochip3: (gpio-96-127): created GPIO range 28->28 ==> 44e10800.pinmux PIN 74->74
[    0.870315] gpio gpiochip3: (gpio-96-127): created GPIO range 29->29 ==> 44e10800.pinmux PIN 81->81
[    0.870333] gpio gpiochip3: (gpio-96-127): created GPIO range 30->31 ==> 44e10800.pinmux PIN 28->29
[    0.881851] gpio gpiochip3: (gpio-96-127): added GPIO chardev (254:3)
[    0.882094] gpio gpiochip3: registered GPIOs 608 to 639 on gpio-96-127
[    0.886486] omap8250 44e09000.serial: using DT '/ocp/interconnect@44c00000/segment@200000/target-module@9000/serial@0' for 'rs485-term' GPIO lookup
[    0.886558] of_get_named_gpiod_flags: can't parse 'rs485-term-gpios' property of node '/ocp/interconnect@44c00000/segment@200000/target-module@9000/serial@0[0]'
[    0.886602] of_get_named_gpiod_flags: can't parse 'rs485-term-gpio' property of node '/ocp/interconnect@44c00000/segment@200000/target-module@9000/serial@0[0]'
[    0.886639] omap8250 44e09000.serial: using lookup tables for GPIO lookup
[    0.886649] omap8250 44e09000.serial: No GPIO consumer rs485-term found
[    0.886662] omap8250 44e09000.serial: using DT '/ocp/interconnect@44c00000/segment@200000/target-module@9000/serial@0' for 'rs485-rx-during-tx' GPIO lookup
[    0.886697] of_get_named_gpiod_flags: can't parse 'rs485-rx-during-tx-gpios' property of node '/ocp/interconnect@44c00000/segment@200000/target-module@9000/serial@0[0]'
[    0.886733] of_get_named_gpiod_flags: can't parse 'rs485-rx-during-tx-gpio' property of node '/ocp/interconnect@44c00000/segment@200000/target-module@9000/serial@0[0]'
[    0.886764] omap8250 44e09000.serial: using lookup tables for GPIO lookup
[    0.886773] omap8250 44e09000.serial: No GPIO consumer rs485-rx-during-tx found
[    0.887210] 44e09000.serial: ttyS0 at MMIO 0x44e09000 (irq = 34, base_baud = 3000000) is a 8250
[    0.887303] printk: legacy console [ttyS0] enabled
[    2.434007] i2c i2c-0: using DT '/ocp/interconnect@44c00000/segment@200000/target-module@b000/i2c@0' for 'scl' GPIO lookup
[    2.434094] of_get_named_gpiod_flags: can't parse 'scl-gpios' property of node '/ocp/interconnect@44c00000/segment@200000/target-module@b000/i2c@0[0]'
[    2.434142] of_get_named_gpiod_flags: can't parse 'scl-gpio' property of node '/ocp/interconnect@44c00000/segment@200000/target-module@b000/i2c@0[0]'
[    2.434183] i2c i2c-0: using lookup tables for GPIO lookup
[    2.434199] i2c i2c-0: No GPIO consumer scl found
[    2.434226] i2c i2c-0: using DT '/ocp/interconnect@44c00000/segment@200000/target-module@b000/i2c@0' for 'sda' GPIO lookup
[    2.434266] of_get_named_gpiod_flags: can't parse 'sda-gpios' property of node '/ocp/interconnect@44c00000/segment@200000/target-module@b000/i2c@0[0]'
[    2.434307] of_get_named_gpiod_flags: can't parse 'sda-gpio' property of node '/ocp/interconnect@44c00000/segment@200000/target-module@b000/i2c@0[0]'
[    2.434343] i2c i2c-0: using lookup tables for GPIO lookup
[    2.434354] i2c i2c-0: No GPIO consumer sda found
[    2.446256] tps65217-pmic: Failed to locate of_node [id: -1]
[    2.452335] tps65217-bl: Failed to locate of_node [id: -1]
[    2.458420] platform tps65217-charger: DMA mask not set
[    2.464449] platform tps65217-pwrbutton: DMA mask not set
[    2.471738] tps65217 0-0024: TPS65217 ID 0xe version 1.2
[    2.477859] /ocp/interconnect@48000000/segment@300000/target-module@e000/lcdc@0: Fixed dependency cycle(s) with /ocp/interconnect@44c00000/segment@200000/target-module@b000/i2c@0/tda19988@70
[    2.495291] /ocp/interconnect@44c00000/segment@200000/target-module@b000/i2c@0/tda19988@70: Fixed dependency cycle(s) with /ocp/interconnect@48000000/segment@300000/target-module@e000/lcdc@0
[    2.512638] omap_i2c 44e0b000.i2c: bus 0 rev0.11 at 400 kHz
[    2.520319] sdhci-omap 48060000.mmc: using DT '/ocp/interconnect@48000000/segment@0/target-module@60000/mmc@0' for 'cd' GPIO lookup
[    2.520424] of_get_named_gpiod_flags: parsed 'cd-gpios' property of node '/ocp/interconnect@48000000/segment@0/target-module@60000/mmc@0[0]' - status (0)
[    2.520488] gpio gpiochip3: Persistence not supported for GPIO 6
[    2.520522] omap_gpio 44e07000.gpio: Could not set line 6 debounce to 200000 microseconds (-22)
[    2.529445] sdhci-omap 48060000.mmc: Got CD GPIO
[    2.534101] sdhci-omap 48060000.mmc: using DT '/ocp/interconnect@48000000/segment@0/target-module@60000/mmc@0' for 'wp' GPIO lookup
[    2.534151] of_get_named_gpiod_flags: can't parse 'wp-gpios' property of node '/ocp/interconnect@48000000/segment@0/target-module@60000/mmc@0[0]'
[    2.534195] of_get_named_gpiod_flags: can't parse 'wp-gpio' property of node '/ocp/interconnect@48000000/segment@0/target-module@60000/mmc@0[0]'
[    2.534235] sdhci-omap 48060000.mmc: using lookup tables for GPIO lookup
[    2.534251] sdhci-omap 48060000.mmc: No GPIO consumer wp found
[    2.534461] sdhci-omap 48060000.mmc: supply pbias not found, using dummy regulator
[    2.543267] sdhci-omap 481d8000.mmc: using DT '/ocp/interconnect@48000000/segment@100000/target-module@d8000/mmc@0' for 'wp' GPIO lookup
[    2.543345] of_get_named_gpiod_flags: can't parse 'wp-gpios' property of node '/ocp/interconnect@48000000/segment@100000/target-module@d8000/mmc@0[0]'
[    2.543395] of_get_named_gpiod_flags: can't parse 'wp-gpio' property of node '/ocp/interconnect@48000000/segment@100000/target-module@d8000/mmc@0[0]'
[    2.543434] sdhci-omap 481d8000.mmc: using lookup tables for GPIO lookup
[    2.543447] sdhci-omap 481d8000.mmc: No GPIO consumer wp found
[    2.544416] sdhci-omap 48060000.mmc: supply vqmmc not found, using dummy regulator
[    2.553527] sdhci-omap 481d8000.mmc: supply pbias not found, using dummy regulator
[    2.563013] sdhci-omap 481d8000.mmc: supply vqmmc not found, using dummy regulator
[    2.598913] mmc0: SDHCI controller on 48060000.mmc [48060000.mmc] using External DMA
[    2.607241] mmc1: SDHCI controller on 481d8000.mmc [481d8000.mmc] using External DMA
[    2.616098] cpsw-switch 4a100000.switch: starting ndev. mode: dual_mac
[    2.685581] mmc1: new high speed MMC card at address 0001
[    2.692385] mmcblk1: mmc1:0001 MMC04G 3.60 GiB
[    2.700328]  mmcblk1: p1 p2
[    2.704102] SMSC LAN8710/LAN8720 4a101000.mdio:00: attached PHY driver (mii_bus:phy_addr=4a101000.mdio:00, irq=POLL)
[    2.715633] mmcblk1boot0: mmc1:0001 MMC04G 2.00 MiB
[    2.730572] mmcblk1boot1: mmc1:0001 MMC04G 2.00 MiB
[    2.739288] mmcblk1rpmb: mmc1:0001 MMC04G 128 KiB, chardev (249:0)
[    2.788800] mmc0: new high speed SDHC card at address aaaa
[    2.795715] mmcblk0: mmc0:aaaa SE32G 29.7 GiB
[    2.804778]  mmcblk0: p1 p2
[    5.846061] cpsw-switch 4a100000.switch eth0: Link is Up - 100Mbps/Full - flow control off
[    5.885534] IP-Config: Complete:
[    5.888812]      device=eth0, hwaddr=6c:ec:eb:68:de:78, ipaddr=192.168.255.1, mask=255.255.255.0, gw=255.255.255.255
[    5.899481]      host=bbb1, domain=, nis-domain=(none)
[    5.904649]      bootserver=192.168.255.126, rootserver=192.168.255.126, rootpath=
[    5.905067] clk: Disabling unused clocks
[    5.916902] PM: genpd: Disabling unused power domains
[    5.922048] KTAP version 1
[    5.924770] 1..0
[    5.927251] check access for rdinit=/init failed: -2, ignoring
[    5.958715] VFS: Mounted root (nfs filesystem) on device 0:17.
[    5.965729] devtmpfs: mounted
[    5.970217] Freeing unused kernel image (initmem) memory: 1024K
[    5.976937] Run /sbin/init as init process
[    5.981070]   with arguments:
[    5.981083]     /sbin/init
[    5.981092]     nfsrootdebug
[    5.981102]   with environment:
[    5.981110]     HOME=/
[    5.981119]     TERM=linux
[    6.651102] systemd[1]: System time before build time, advancing clock.
[    8.195308] random: crng init done
[    8.207852] systemd[1]: systemd 232 running in system mode. (+PAM +AUDIT +SELINUX +IMA +APPARMOR +SMACK +SYSVINIT +UTMP +LIBCRYPTSETUP +GCRYPT +GNUTLS +ACL +XZ +LZ4 +SECCOMP +BLKID +ELFUTILS +KMOD +IDN)
[    8.226968] systemd[1]: Detected architecture arm.
[    8.258326] systemd[1]: Set hostname to <arm>.
[    9.345749] systemd[1]: Reached target Remote File Systems.
[    9.369318] systemd[1]: systemd-journald-dev-log.socket: SO_PASSSEC failed: Operation not supported
[    9.378984] systemd[1]: Listening on Journal Socket (/dev/log).
[    9.405910] systemd[1]: syslog.socket: SO_PASSSEC failed: Operation not supported
[    9.413605] systemd[1]: Listening on Syslog Socket.
[    9.436341] systemd[1]: Listening on Journal Audit Socket.
[    9.467416] systemd[1]: Listening on /dev/initctl Compatibility Named Pipe.
[   11.822144] systemd-journald[87]: Received request to flush runtime journal from PID 1
[   12.651553] omap_prm 44e00d00.prm: sync_state() pending due to 44d00000.cpu
[   14.592863] leds-gpio leds: using DT '/leds/led2' for '(default)' GPIO lookup
[   14.592969] of_get_named_gpiod_flags: parsed 'gpios' property of node '/leds/led2[0]' - status (0)
[   14.593027] gpio gpiochip0: Persistence not supported for GPIO 21
[   14.593043] gpio-533 (?): no flags found for GPIO (default)
[   14.642134] leds-gpio leds: using DT '/leds/led3' for '(default)' GPIO lookup
[   14.642245] of_get_named_gpiod_flags: parsed 'gpios' property of node '/leds/led3[0]' - status (0)
[   14.642303] gpio gpiochip0: Persistence not supported for GPIO 22
[   14.642318] gpio-534 (?): no flags found for GPIO (default)
[   14.657002] leds-gpio leds: using DT '/leds/led4' for '(default)' GPIO lookup
[   14.657100] of_get_named_gpiod_flags: parsed 'gpios' property of node '/leds/led4[0]' - status (0)
[   14.657150] gpio gpiochip0: Persistence not supported for GPIO 23
[   14.657165] gpio-535 (?): no flags found for GPIO (default)
[   14.688121] leds-gpio leds: using DT '/leds/led5' for '(default)' GPIO lookup
[   14.688222] of_get_named_gpiod_flags: parsed 'gpios' property of node '/leds/led5[0]' - status (0)
[   14.688274] gpio gpiochip0: Persistence not supported for GPIO 24
[   14.688290] gpio-536 (?): no flags found for GPIO (default)
[   14.990806] remoteproc remoteproc0: wkup_m3 is available
[   15.487012] omap_wdt: OMAP Watchdog Timer Rev 0x01: initial timeout 60 sec
[   15.584377] am335x-phy-driver 47401300.usb-phy: using DT '/ocp/target-module@47400000/usb-phy@1300' for 'reset' GPIO lookup
[   15.584473] of_get_named_gpiod_flags: can't parse 'reset-gpios' property of node '/ocp/target-module@47400000/usb-phy@1300[0]'
[   15.584520] of_get_named_gpiod_flags: can't parse 'reset-gpio' property of node '/ocp/target-module@47400000/usb-phy@1300[0]'
[   15.584559] am335x-phy-driver 47401300.usb-phy: using lookup tables for GPIO lookup
[   15.584574] am335x-phy-driver 47401300.usb-phy: No GPIO consumer reset found
[   15.584590] am335x-phy-driver 47401300.usb-phy: using DT '/ocp/target-module@47400000/usb-phy@1300' for 'vbus-detect' GPIO lookup
[   15.584621] of_get_named_gpiod_flags: can't parse 'vbus-detect-gpios' property of node '/ocp/target-module@47400000/usb-phy@1300[0]'
[   15.584653] of_get_named_gpiod_flags: can't parse 'vbus-detect-gpio' property of node '/ocp/target-module@47400000/usb-phy@1300[0]'
[   15.584679] am335x-phy-driver 47401300.usb-phy: using lookup tables for GPIO lookup
[   15.584691] am335x-phy-driver 47401300.usb-phy: No GPIO consumer vbus-detect found
[   15.584839] am335x-phy-driver 47401300.usb-phy: dummy supplies not allowed for exclusive requests (id=vbus)
[   15.654795] at24 2-0054: supply vcc not found, using dummy regulator
[   15.715162] usbcore: registered new interface driver usbfs
[   15.721137] usbcore: registered new interface driver hub
[   15.726990] usbcore: registered new device driver usb
[   15.766676] am335x-phy-driver 47401b00.usb-phy: using DT '/ocp/target-module@47400000/usb-phy@1b00' for 'reset' GPIO lookup
[   15.766768] of_get_named_gpiod_flags: can't parse 'reset-gpios' property of node '/ocp/target-module@47400000/usb-phy@1b00[0]'
[   15.766811] of_get_named_gpiod_flags: can't parse 'reset-gpio' property of node '/ocp/target-module@47400000/usb-phy@1b00[0]'
[   15.766849] am335x-phy-driver 47401b00.usb-phy: using lookup tables for GPIO lookup
[   15.766865] am335x-phy-driver 47401b00.usb-phy: No GPIO consumer reset found
[   15.766880] am335x-phy-driver 47401b00.usb-phy: using DT '/ocp/target-module@47400000/usb-phy@1b00' for 'vbus-detect' GPIO lookup
[   15.766912] of_get_named_gpiod_flags: can't parse 'vbus-detect-gpios' property of node '/ocp/target-module@47400000/usb-phy@1b00[0]'
[   15.766945] of_get_named_gpiod_flags: can't parse 'vbus-detect-gpio' property of node '/ocp/target-module@47400000/usb-phy@1b00[0]'
[   15.766971] am335x-phy-driver 47401b00.usb-phy: using lookup tables for GPIO lookup
[   15.766984] am335x-phy-driver 47401b00.usb-phy: No GPIO consumer vbus-detect found
[   15.767133] am335x-phy-driver 47401b00.usb-phy: dummy supplies not allowed for exclusive requests (id=vbus)
[   15.790468] at24 2-0055: supply vcc not found, using dummy regulator
[   15.896660] input: tps65217_pwrbutton as /devices/platform/ocp/44c00000.interconnect/44c00000.interconnect:segment@200000/44e0b000.target-module/44e0b000.i2c/i2c-0/0-0024/tps65217-pwrbutton/input/input0
[   15.943462] at24 2-0056: supply vcc not found, using dummy regulator
[   16.142928] at24 2-0057: supply vcc not found, using dummy regulator
[   16.328391] at24 0-0050: using DT '/ocp/interconnect@44c00000/segment@200000/target-module@b000/i2c@0/eeprom@50' for 'wp' GPIO lookup
[   16.328601] of_get_named_gpiod_flags: can't parse 'wp-gpios' property of node '/ocp/interconnect@44c00000/segment@200000/target-module@b000/i2c@0/eeprom@50[0]'
[   16.328759] of_get_named_gpiod_flags: can't parse 'wp-gpio' property of node '/ocp/interconnect@44c00000/segment@200000/target-module@b000/i2c@0/eeprom@50[0]'
[   16.328859] at24 0-0050: using lookup tables for GPIO lookup
[   16.328876] at24 0-0050: No GPIO consumer wp found
[   16.329509] at24 0-0050: 32768 byte 24c256 EEPROM, writable, 1 bytes/write
[   16.872094] omap_rtc 44e3e000.rtc: registered as rtc0
[   16.877442] omap_rtc 44e3e000.rtc: setting system clock to 2000-01-01T00:00:00 UTC (946684800)
[   16.886192] omap_rtc 44e3e000.rtc: using DT '/ocp/interconnect@44c00000/segment@200000/target-module@3e000/rtc@0' for 'wp' GPIO lookup
[   16.886265] of_get_named_gpiod_flags: can't parse 'wp-gpios' property of node '/ocp/interconnect@44c00000/segment@200000/target-module@3e000/rtc@0[0]'
[   16.886316] of_get_named_gpiod_flags: can't parse 'wp-gpio' property of node '/ocp/interconnect@44c00000/segment@200000/target-module@3e000/rtc@0[0]'
[   16.886357] omap_rtc 44e3e000.rtc: using lookup tables for GPIO lookup
[   16.886372] omap_rtc 44e3e000.rtc: No GPIO consumer wp found
[   17.295126] musb-hdrc musb-hdrc.1: MUSB HDRC host driver
[   17.300791] musb-hdrc musb-hdrc.1: new USB bus registered, assigned bus number 1
[   17.529381] usb usb1: New USB device found, idVendor=1d6b, idProduct=0002, bcdDevice= 6.17
[   17.538076] usb usb1: New USB device strings: Mfr=3, Product=2, SerialNumber=1
[   17.545429] usb usb1: Product: MUSB HDRC host driver
[   17.550445] usb usb1: Manufacturer: Linux 6.17.4-93351-g7a9479eb30f1 musb-hcd
[   17.557665] usb usb1: SerialNumber: musb-hdrc.1
[   17.990113] hub 1-0:1.0: USB hub found
[   18.045051] hub 1-0:1.0: 1 port detected
[   18.081952] tda998x 0-0070: found TDA19988
[   18.700291] omap-mailbox 480c8000.mailbox: omap mailbox rev 0x400
[   18.842277] remoteproc remoteproc0: powering up wkup_m3
[   19.044890] remoteproc remoteproc0: Direct firmware load for am335x-pm-firmware.elf failed with error -2
[   19.054819] remoteproc remoteproc0: request_firmware failed: -2
[   19.060936] wkup_m3_ipc 44e11324.wkup_m3_ipc: rproc_boot failed
[   20.694033] omap_rng 48310000.rng: Random Number Generator ver. 20
[   20.895431] tilcdc 4830e000.lcdc: bound 0-0070 (ops 0xbf19b0f8)
[   20.947268] [drm] Initialized tilcdc 1.0.0 for 4830e000.lcdc on minor 0
[   21.010180] tilcdc 4830e000.lcdc: [drm] Cannot find any crtc or sizes
[   21.023136] tilcdc 4830e000.lcdc: [drm] Cannot find any crtc or sizes
[   22.043349] PM: Cannot get wkup_m3_ipc handle
[   22.139494] omap-sham 53100000.sham: hw accel on OMAP rev 4.3
[   22.259332] omap-sham 53100000.sham: will run requests pump with realtime priority
[   22.269861] PM: Cannot get wkup_m3_ipc handle
[   22.319536] omap-aes 53500000.aes: OMAP AES hw accel rev: 3.2
[   22.435590] omap-aes 53500000.aes: will run requests pump with realtime priority
[   22.445054] PM: Cannot get wkup_m3_ipc handle
[   23.734688] Bluetooth: Core ver 2.22
[   23.738786] NET: Registered PF_BLUETOOTH protocol family
[   23.744141] Bluetooth: HCI device and connection manager initialized
[   23.750657] Bluetooth: HCI socket layer initialized
[   23.755723] Bluetooth: L2CAP socket layer initialized
[   23.760845] Bluetooth: SCO socket layer initialized
[   25.236542] ------------[ cut here ]------------
[   25.241245] WARNING: CPU: 0 PID: 307 at net/8021q/vlan_core.c:236 vlan_for_each+0x114/0x134
[   25.249789] RTNL: assertion failed at net/8021q/vlan_core.c (236)
[   25.255949] Modules linked in: bluetooth snd_soc_simple_card snd_soc_simple_card_utils omap_aes_driver ecdh_generic omap_sham omap_crypto pm33xx ecc crypto_engine libaes ti_emif_sram tilcdc drm_dma_helper omap_rng drm_client_lib rng_core snd_soc_davinci_mcasp snd_soc_ti_udma snd_soc_ti_edma snd_soc_ti_sdma snd_soc_core snd_pcm_dmaengine snd_pcm omap_mailbox snd_timer snd tda998x soundcore cec drm_kms_helper musb_dsps wkup_m3_ipc musb_hdrc rtc_omap drm udc_core tps65218_pwrbutton drm_panel_orientation_quirks usbcore at24 phy_am335x omap_wdt phy_am335x_control watchdog phy_generic usb_common cppi41 wkup_m3_rproc leds_gpio cpufreq_dt led_class autofs4
[   25.314019] CPU: 0 UID: 107 PID: 307 Comm: avahi-daemon Not tainted 6.17.4-93351-g7a9479eb30f1 #1 NONE 
[   25.314038] Hardware name: Generic AM33XX (Flattened Device Tree)
[   25.314048] Call trace: 
[   25.314064]  unwind_backtrace from show_stack+0x10/0x14
[   25.314099]  show_stack from dump_stack_lvl+0x50/0x64
[   25.314125]  dump_stack_lvl from __warn+0x74/0x12c
[   25.314142]  __warn from warn_slowpath_fmt+0x19c/0x1b0
[   25.314155]  warn_slowpath_fmt from vlan_for_each+0x114/0x134
[   25.314177]  vlan_for_each from cpsw_add_mc_addr+0x40/0xa4
[   25.314208]  cpsw_add_mc_addr from __hw_addr_ref_sync_dev+0x108/0x140
[   25.314244]  __hw_addr_ref_sync_dev from __dev_mc_add+0x7c/0x80
[   25.314263]  __dev_mc_add from igmp6_group_added+0xc8/0xe0
[   25.314289]  igmp6_group_added from __ipv6_dev_mc_inc+0x218/0x364
[   25.314309]  __ipv6_dev_mc_inc from __ipv6_sock_mc_join+0x11c/0x1c0
[   25.314329]  __ipv6_sock_mc_join from do_ipv6_setsockopt+0x1214/0x1310
[   25.314348]  do_ipv6_setsockopt from ipv6_setsockopt+0x60/0xcc
[   25.314360]  ipv6_setsockopt from udpv6_setsockopt+0x2c/0x6c
[   25.314375]  udpv6_setsockopt from sock_common_setsockopt+0x30/0x40
[   25.314392]  sock_common_setsockopt from do_sock_setsockopt+0x50/0x9c
[   25.314417]  do_sock_setsockopt from __sys_setsockopt+0x70/0xbc
[   25.314440]  __sys_setsockopt from ret_fast_syscall+0x0/0x58
[   25.314459] Exception stack(0xe02f5fa8 to 0xe02f5ff0)
[   25.314473] 5fa0:                   00000014 b6fecce8 0000000d 00000029 00000014 be9ef9ec
[   25.314484] 5fc0: 00000014 b6fecce8 00000014 00000126 0000000d b6f95ff4 004be988 004a6558
[   25.314493] 5fe0: b6fab088 be9ef9d8 b6f88309 b6e5f41a
[   25.314500] ---[ end trace 0000000000000000 ]---
[   26.098478] PM: Cannot get wkup_m3_ipc handle
[   26.104297] asoc-simple-card sound: using DT '/sound' for 'simple-audio-card,hp-det' GPIO lookup
[   26.104367] of_get_named_gpiod_flags: can't parse 'simple-audio-card,hp-det-gpios' property of node '/sound[0]'
[   26.104402] of_get_named_gpiod_flags: can't parse 'simple-audio-card,hp-det-gpio' property of node '/sound[0]'
[   26.104428] asoc-simple-card sound: using lookup tables for GPIO lookup
[   26.104443] asoc-simple-card sound: No GPIO consumer simple-audio-card,hp-det found
[   26.104459] asoc-simple-card sound: using DT '/sound' for 'simple-audio-card,mic-det' GPIO lookup
[   26.104483] of_get_named_gpiod_flags: can't parse 'simple-audio-card,mic-det-gpios' property of node '/sound[0]'
[   26.104509] of_get_named_gpiod_flags: can't parse 'simple-audio-card,mic-det-gpio' property of node '/sound[0]'
[   26.104528] asoc-simple-card sound: using lookup tables for GPIO lookup
[   26.104540] asoc-simple-card sound: No GPIO consumer simple-audio-card,mic-det found
[   26.152971] tda998x 0-0070: using DT '/ocp/interconnect@44c00000/segment@200000/target-module@b000/i2c@0/tda19988@70' for 'nxp,calib' GPIO lookup
[   26.153113] of_get_named_gpiod_flags: parsed 'nxp,calib-gpios' property of node '/ocp/interconnect@44c00000/segment@200000/target-module@b000/i2c@0/tda19988@70[0]' - status (0)
[   26.153299] gpio gpiochip0: Persistence not supported for GPIO 25
[   26.153318] gpio-537 (nxp,calib): no flags found for GPIO nxp,calib
[   26.156784] gpio-537 (nxp,calib): gpiod_direction_output_nonotify: tried to set a GPIO tied to an IRQ as output
[   26.204434] PM: Cannot get wkup_m3_ipc handle
[   26.428731] tda9950 0-0034: TDA9950 CEC interface, hardware version 3.3
[   26.552087] PM: Cannot get wkup_m3_ipc handle
[   29.523258] userial_init: registered 8 ttyGS* devices
[   29.696945] rndis_register: configNr = 0
[   29.757121] udc musb-hdrc.0: binding gadget driver [g_multi]
[   29.757219] configfs-gadget.g_multi gadget.0: adding 'rndis'/54d7a1a8 to config 'c'/4a43971f
[   29.758441] configfs-gadget.g_multi gadget.0: HOST MAC 1c:ba:8c:a2:ed:6c
[   29.765218] configfs-gadget.g_multi gadget.0: MAC 1c:ba:8c:a2:ed:70
[   29.771800] rndis_set_param_medium: 0 0
[   29.771828] configfs-gadget.g_multi gadget.0: RNDIS: IN/ep1in OUT/ep1out NOTIFY/ep2in
[   29.771846] configfs-gadget.g_multi gadget.0: adding 'cdc_ethernet'/36b9fdba to config 'c'/4a43971f
[   29.772809] configfs-gadget.g_multi gadget.0: HOST MAC 1c:ba:8c:a2:ed:6c
[   29.779685] configfs-gadget.g_multi gadget.0: MAC 1c:ba:8c:a2:ed:6d
[   29.786050] configfs-gadget.g_multi gadget.0: CDC Ethernet: IN/ep3in OUT/ep2out NOTIFY/ep4in
[   29.786069] configfs-gadget.g_multi gadget.0: adding 'acm'/063de6c1 to config 'c'/4a43971f
[   29.786115] configfs-gadget.g_multi gadget.0: acm ttyGS0: IN/ep5in OUT/ep3out NOTIFY/ep6in
[   29.788525] PM: Cannot get wkup_m3_ipc handle
[   31.724901] configfs-gadget.g_multi gadget.0: eth_open
[   35.472637] gs_open: ttyGS0 (da3b184a,c80608a5)
[   35.472790] gs_close: ttyGS0 (da3b184a,c80608a5) ...
[   35.472812] gs_close: ttyGS0 (da3b184a,c80608a5) done!
[   35.487667] gs_open: ttyGS0 (be65e247,66f01670)
[   35.487813] gs_close: ttyGS0 (be65e247,66f01670) ...
[   35.487835] gs_close: ttyGS0 (be65e247,66f01670) done!
[   35.628625] gs_open: ttyGS0 (b95b60da,c80608a5)
[   35.628867] gs_close: ttyGS0 (b95b60da,c80608a5) ...
[   35.628895] gs_close: ttyGS0 (b95b60da,c80608a5) done!
[   35.631054] gs_open: ttyGS0 (b95b60da,c80608a5)
VTUELMTKFF 0
root@arm:~# echo 'ANVT''JPNTSG'
ANVTJPNTSG
root@arm:~# MARKER='HEBU''FJTYHV' run 'modprobe test_linear_ranges'
HEBUFJTYHVHEBUFJTYHV 0
root@arm:~# echo 'FLXK''LHUQGG'
FLXKLHUQGG
root@arm:~# MARKER='VSLG''VZLYYC' run dmesg
VSLGVZLYYC[    0.000000] Booting Linux on physical CPU 0x0
[    0.000000] Linux version 6.17.4-93351-g7a9479eb30f1 (user01@drvtest01) (arm-none-eabi-gcc (Arm GNU Toolchain 14.2.Rel1 (Build arm-14.52)) 14.2.1 20241119, GNU ld (Arm GNU Toolchain 14.2.Rel1 (Build arm-14.52)) 2.43.1.20241119) #1 SMP Sun Oct 19 21:07:17 EEST 2025
[    0.000000] CPU: ARMv7 Processor [413fc082] revision 2 (ARMv7), cr=10c5387d
[    0.000000] CPU: PIPT / VIPT nonaliasing data cache, VIPT aliasing instruction cache
[    0.000000] OF: fdt: Machine model: TI AM335x BeagleBone Black
[    0.000000] Memory policy: Data cache writeback
[    0.000000] cma: Reserved 16 MiB at 0x9e800000
[    0.000000] Zone ranges:
[    0.000000]   Normal   [mem 0x0000000080000000-0x000000009fdfffff]
[    0.000000]   HighMem  empty
[    0.000000] Movable zone start for each node
[    0.000000] Early memory node ranges
[    0.000000]   node   0: [mem 0x0000000080000000-0x000000009fdfffff]
[    0.000000] Initmem setup node 0 [mem 0x0000000080000000-0x000000009fdfffff]
[    0.000000] On node 0, zone Normal: 512 pages in unavailable ranges
[    0.000000] OF: reserved mem: Reserved memory: No reserved-memory node in the DT
[    0.000000] CPU: All CPU(s) started in SVC mode.
[    0.000000] AM335X ES2.1 (sgx neon)
[    0.000000] percpu: Embedded 17 pages/cpu s39820 r8192 d21620 u69632
[    0.000000] pcpu-alloc: s39820 r8192 d21620 u69632 alloc=17*4096
[    0.000000] pcpu-alloc: [0] 0 
[    0.000000] Kernel command line: console=ttyO0,115200n8 root=/dev/nfs rw nfsroot=192.168.255.126:/home/user01/nfs,nfsvers=3 ip=192.168.255.1:192.168.255.126::255.255.255.0:bbb1:eth0 nfsrootdebug
[    0.000000] Unknown kernel command line parameters "nfsrootdebug", will be passed to user space.
[    0.000000] printk: log buffer data + meta data: 65536 + 204800 = 270336 bytes
[    0.000000] Dentry cache hash table entries: 65536 (order: 6, 262144 bytes, linear)
[    0.000000] Inode-cache hash table entries: 32768 (order: 5, 131072 bytes, linear)
[    0.000000] Built 1 zonelists, mobility grouping on.  Total pages: 130560
[    0.000000] mem auto-init: stack:off, heap alloc:off, heap free:off
[    0.000000] SLUB: HWalign=16, Order=0-3, MinObjects=0, CPUs=1, Nodes=1
[    0.000000] rcu: Hierarchical RCU implementation.
[    0.000000] rcu: 	RCU event tracing is enabled.
[    0.000000] rcu: 	RCU restricting CPUs from NR_CPUS=2 to nr_cpu_ids=1.
[    0.000000] 	Tracing variant of Tasks RCU enabled.
[    0.000000] rcu: RCU calculated value of scheduler-enlistment delay is 10 jiffies.
[    0.000000] rcu: Adjusting geometry for rcu_fanout_leaf=16, nr_cpu_ids=1
[    0.000000] RCU Tasks Trace: Setting shift to 0 and lim to 1 rcu_task_cb_adjust=1 rcu_task_cpu_ids=1.
[    0.000000] NR_IRQS: 16, nr_irqs: 16, preallocated irqs: 16
[    0.000000] IRQ: Found an INTC at 0x(ptrval) (revision 5.0) with 128 interrupts
[    0.000000] rcu: srcu_init: Setting srcu_struct sizes based on contention.
[    0.000000] TI gptimer clocksource: always-on /ocp/interconnect@44c00000/segment@200000/target-module@31000
[    0.000002] sched_clock: 32 bits at 24MHz, resolution 41ns, wraps every 89478484971ns
[    0.000028] clocksource: dmtimer: mask: 0xffffffff max_cycles: 0xffffffff, max_idle_ns: 79635851949 ns
[    0.000528] TI gptimer clockevent: 24000000 Hz at /ocp/interconnect@48000000/segment@0/target-module@40000
[    0.002147] Console: colour dummy device 80x30
[    0.002215] WARNING: Your 'console=ttyO0' has been replaced by 'ttyS0'
[    0.002223] This ensures that you still see kernel messages. Please
[    0.002227] update your kernel commandline.
[    0.002272] Calibrating delay loop... 996.14 BogoMIPS (lpj=4980736)
[    0.090576] CPU: Testing write buffer coherency: ok
[    0.090689] CPU0: Spectre v2: using BPIALL workaround
[    0.090700] pid_max: default: 32768 minimum: 301
[    0.090859] LSM: initializing lsm=capability
[    0.091022] Mount-cache hash table entries: 1024 (order: 0, 4096 bytes, linear)
[    0.091040] Mountpoint-cache hash table entries: 1024 (order: 0, 4096 bytes, linear)
[    0.092605] CPU0: thread -1, cpu 0, socket -1, mpidr 0
[    0.092663] cacheinfo: Unable to detect cache hierarchy for CPU 0
[    0.094673] Setting up static identity map for 0x80100000 - 0x80100078
[    0.095024] rcu: Hierarchical SRCU implementation.
[    0.095036] rcu: 	Max phase no-delay instances is 1000.
[    0.096767] smp: Bringing up secondary CPUs ...
[    0.096821] smp: Brought up 1 node, 1 CPU
[    0.096835] SMP: Total of 1 processors activated (996.14 BogoMIPS).
[    0.096845] CPU: All CPU(s) started in SVC mode.
[    0.097048] Memory: 480856K/522240K available (11264K kernel code, 1219K rwdata, 2936K rodata, 1024K init, 253K bss, 23352K reserved, 16384K cma-reserved, 0K highmem)
[    0.097880] devtmpfs: initialized
[    0.115000] VFP support v0.3: implementor 41 architecture 3 part 30 variant c rev 3
[    0.115633] clocksource: jiffies: mask: 0xffffffff max_cycles: 0xffffffff, max_idle_ns: 19112604462750000 ns
[    0.115691] posixtimers hash table entries: 512 (order: 0, 4096 bytes, linear)
[    0.115719] futex hash table entries: 256 (16384 bytes on 1 NUMA nodes, total 16 KiB, linear).
[    0.116861] pinctrl core: initialized pinctrl subsystem
[    0.118998] NET: Registered PF_NETLINK/PF_ROUTE protocol family
[    0.122179] DMA: preallocated 256 KiB pool for atomic coherent allocations
[    0.122797] audit: initializing netlink subsys (disabled)
[    0.124139] thermal_sys: Registered thermal governor 'fair_share'
[    0.124155] thermal_sys: Registered thermal governor 'step_wise'
[    0.124164] thermal_sys: Registered thermal governor 'user_space'
[    0.124276] audit: type=2000 audit(0.120:1): state=initialized audit_enabled=0 res=1
[    0.124349] cpuidle: using governor menu
[    0.142780] /ocp/interconnect@44c00000/segment@200000/target-module@b000/i2c@0/tda19988@70: Fixed dependency cycle(s) with /ocp/interconnect@48000000/segment@300000/target-module@e000/lcdc@0
[    0.143900] /ocp/interconnect@48000000/segment@300000/target-module@e000/lcdc@0: Fixed dependency cycle(s) with /ocp/interconnect@44c00000/segment@200000/target-module@b000/i2c@0/tda19988@70
[    0.146136] No ATAGs?
[    0.146178] hw-breakpoint: debug architecture 0x4 unsupported.
[    0.149283] kprobes: kprobe jump-optimization is enabled. All kprobes are optimized if possible.
[    0.164077] iommu: Default domain type: Translated
[    0.164101] iommu: DMA domain TLB invalidation policy: strict mode
[    0.165711] reg-fixed-voltage fixedregulator0: using DT '/fixedregulator0' for '(default)' GPIO lookup
[    0.165765] of_get_named_gpiod_flags: can't parse 'gpios' property of node '/fixedregulator0[0]'
[    0.165793] of_get_named_gpiod_flags: can't parse 'gpio' property of node '/fixedregulator0[0]'
[    0.165812] reg-fixed-voltage fixedregulator0: using lookup tables for GPIO lookup
[    0.165822] reg-fixed-voltage fixedregulator0: No GPIO consumer (default) found
[    0.172056] SCSI subsystem initialized
[    0.172528] libata version 3.00 loaded.
[    0.172913] pps_core: LinuxPPS API ver. 1 registered
[    0.172923] pps_core: Software ver. 5.3.6 - Copyright 2005-2007 Rodolfo Giometti <giometti@linux.it>
[    0.172947] PTP clock support registered
[    0.174938] vgaarb: loaded
[    0.181018] clocksource: Switched to clocksource dmtimer
[    0.181723] VFS: Disk quotas dquot_6.6.0
[    0.181781] VFS: Dquot-cache hash table entries: 1024 (order 0, 4096 bytes)
[    0.210022] NET: Registered PF_INET protocol family
[    0.210368] IP idents hash table entries: 8192 (order: 4, 65536 bytes, linear)
[    0.211797] tcp_listen_portaddr_hash hash table entries: 512 (order: 0, 4096 bytes, linear)
[    0.211833] Table-perturb hash table entries: 65536 (order: 6, 262144 bytes, linear)
[    0.211851] TCP established hash table entries: 4096 (order: 2, 16384 bytes, linear)
[    0.211898] TCP bind hash table entries: 4096 (order: 4, 65536 bytes, linear)
[    0.211998] TCP: Hash tables configured (established 4096 bind 4096)
[    0.212117] UDP hash table entries: 256 (order: 1, 14336 bytes, linear)
[    0.212153] UDP-Lite hash table entries: 256 (order: 1, 14336 bytes, linear)
[    0.212353] NET: Registered PF_UNIX/PF_LOCAL protocol family
[    0.213641] RPC: Registered named UNIX socket transport module.
[    0.213663] RPC: Registered udp transport module.
[    0.213668] RPC: Registered tcp transport module.
[    0.213673] RPC: Registered tcp-with-tls transport module.
[    0.213678] RPC: Registered tcp NFSv4.1 backchannel transport module.
[    0.213703] PCI: CLS 0 bytes, default 64
[    0.215113] Initialise system trusted keyrings
[    0.216393] workingset: timestamp_bits=14 max_order=17 bucket_order=3
[    0.226106] NFS: Registering the id_resolver key type
[    0.226186] Key type id_resolver registered
[    0.226193] Key type id_legacy registered
[    0.226303] jffs2: version 2.2. (NAND) (SUMMARY)  Â© 2001-2006 Red Hat, Inc.
[    0.226789] Key type asymmetric registered
[    0.226804] Asymmetric key parser 'x509' registered
[    0.226879] io scheduler mq-deadline registered
[    0.226890] io scheduler kyber registered
[    0.226974] io scheduler bfq registered
[    0.228856] target-module@4b000000:target-module@140000:pmu@0:fck: device ID is greater than 24
[    0.235048] l3-aon-clkctrl:0000:0: failed to disable
[    0.235109] ledtrig-cpu: registered to indicate activity on CPUs
[    0.245924] Serial: 8250/16550 driver, 6 ports, IRQ sharing enabled
[    0.284177] brd: module loaded
[    0.312385] loop: module loaded
[    0.313334] mtdoops: mtd device (mtddev=name/number) must be supplied
[    0.315062] mdio_bus fixed-0: using lookup tables for GPIO lookup
[    0.315085] mdio_bus fixed-0: No GPIO consumer reset found
[    0.316678] i2c_dev: i2c /dev entries driver
[    0.317683] cpuidle: enable-method property 'ti,am3352' found operations
[    0.318129] sdhci: Secure Digital Host Controller Interface driver
[    0.318137] sdhci: Copyright(c) Pierre Ossman
[    0.318322] sdhci-pltfm: SDHCI platform and OF driver helper
[    0.326702] hw perfevents: enabled with armv7_cortex_a8 PMU driver, 5 (8000000f) counters available
[    0.327219] Initializing XFRM netlink socket
[    0.327416] NET: Registered PF_INET6 protocol family
[    0.333070] l3-aon-clkctrl:0000:0: failed to disable
[    0.341426] Segment Routing with IPv6
[    0.341514] In-situ OAM (IOAM) with IPv6
[    0.341610] sit: IPv6, IPv4 and MPLS over IPv4 tunneling driver
[    0.342582] NET: Registered PF_PACKET protocol family
[    0.342609] NET: Registered PF_KEY protocol family
[    0.342745] Key type dns_resolver registered
[    0.342979] ThumbEE CPU extension supported.
[    0.342997] Registering SWP/SWPB emulation handler
[    0.343540] omap_voltage_late_init: Voltage driver support not added
[    0.344233] SmartReflex Class3 initialized
[    0.376679] Loading compiled-in X.509 certificates
[    0.406692] /ocp/interconnect@44c00000/segment@200000/target-module@b000/i2c@0/tda19988@70: Fixed dependency cycle(s) with /ocp/interconnect@48000000/segment@300000/target-module@e000/lcdc@0
[    0.413102] /ocp/interconnect@44c00000/segment@200000/target-module@b000/i2c@0/tda19988@70: Fixed dependency cycle(s) with /ocp/interconnect@48000000/segment@300000/target-module@e000/lcdc@0
[    0.418845] gpiochip_find_base_unlocked: found new base at 512
[    0.455569] /ocp/interconnect@44c00000/segment@200000/target-module@b000/i2c@0/tda19988@70: Fixed dependency cycle(s) with /ocp/interconnect@48000000/segment@300000/target-module@e000/lcdc@0
[    0.456533] /ocp/interconnect@44c00000/segment@200000/target-module@b000/i2c@0/tda19988@70: Fixed dependency cycle(s) with /ocp/interconnect@48000000/segment@300000/target-module@e000/lcdc@0
[    0.460047] /ocp/interconnect@44c00000/segment@200000/target-module@10000/scm@0/pinmux@800: Fixed dependency cycle(s) with /ocp/interconnect@44c00000/segment@200000/target-module@10000/scm@0/pinmux@800/clkout2-pins
[    0.460643] pinctrl-single 44e10800.pinmux: 142 pins, size 568
[    0.466112] ti-sysc 44e31000.target-module: probe with driver ti-sysc failed with error -16
[    0.482258] /ocp/interconnect@48000000/segment@300000/target-module@e000/lcdc@0: Fixed dependency cycle(s) with /ocp/interconnect@44c00000/segment@200000/target-module@b000/i2c@0/tda19988@70
[    0.490716] ti-sysc 48040000.target-module: probe with driver ti-sysc failed with error -16
[    0.502391] gpiochip_find_base_unlocked: found new base at 512
[    0.502494] gpio gpiochip0: (gpio-0-31): created GPIO range 0->7 ==> 44e10800.pinmux PIN 0->7
[    0.502514] gpio gpiochip0: (gpio-0-31): created GPIO range 8->11 ==> 44e10800.pinmux PIN 90->93
[    0.502531] gpio gpiochip0: (gpio-0-31): created GPIO range 12->27 ==> 44e10800.pinmux PIN 12->27
[    0.502546] gpio gpiochip0: (gpio-0-31): created GPIO range 28->31 ==> 44e10800.pinmux PIN 30->33
[    0.539794] gpio gpiochip0: (gpio-0-31): added GPIO chardev (254:0)
[    0.540018] gpio gpiochip0: registered GPIOs 512 to 543 on gpio-0-31
[    0.540106] OMAP GPIO hardware version 0.1
[    0.562357] i2c i2c-2: using DT '/ocp/interconnect@48000000/segment@100000/target-module@9c000/i2c@0' for 'scl' GPIO lookup
[    0.562429] of_get_named_gpiod_flags: can't parse 'scl-gpios' property of node '/ocp/interconnect@48000000/segment@100000/target-module@9c000/i2c@0[0]'
[    0.562472] of_get_named_gpiod_flags: can't parse 'scl-gpio' property of node '/ocp/interconnect@48000000/segment@100000/target-module@9c000/i2c@0[0]'
[    0.562508] i2c i2c-2: using lookup tables for GPIO lookup
[    0.562518] i2c i2c-2: No GPIO consumer scl found
[    0.562539] i2c i2c-2: using DT '/ocp/interconnect@48000000/segment@100000/target-module@9c000/i2c@0' for 'sda' GPIO lookup
[    0.562574] of_get_named_gpiod_flags: can't parse 'sda-gpios' property of node '/ocp/interconnect@48000000/segment@100000/target-module@9c000/i2c@0[0]'
[    0.562611] of_get_named_gpiod_flags: can't parse 'sda-gpio' property of node '/ocp/interconnect@48000000/segment@100000/target-module@9c000/i2c@0[0]'
[    0.562642] i2c i2c-2: using lookup tables for GPIO lookup
[    0.562650] i2c i2c-2: No GPIO consumer sda found
[    0.563366] omap_i2c 4819c000.i2c: bus 2 rev0.11 at 100 kHz
[    0.569331] gpiochip_find_base_unlocked: found new base at 544
[    0.569444] gpio gpiochip1: (gpio-32-63): created GPIO range 0->17 ==> 44e10800.pinmux PIN 34->51
[    0.569465] gpio gpiochip1: (gpio-32-63): created GPIO range 18->21 ==> 44e10800.pinmux PIN 77->80
[    0.569481] gpio gpiochip1: (gpio-32-63): created GPIO range 22->31 ==> 44e10800.pinmux PIN 56->65
[    0.586170] gpio gpiochip1: (gpio-32-63): added GPIO chardev (254:1)
[    0.586408] gpio gpiochip1: registered GPIOs 544 to 575 on gpio-32-63
[    0.588713] gpiochip_find_base_unlocked: found new base at 576
[    0.588807] gpio gpiochip2: (gpio-64-95): created GPIO range 0->4 ==> 44e10800.pinmux PIN 66->70
[    0.588828] gpio gpiochip2: (gpio-64-95): created GPIO range 5->6 ==> 44e10800.pinmux PIN 98->99
[    0.588843] gpio gpiochip2: (gpio-64-95): created GPIO range 7->8 ==> 44e10800.pinmux PIN 75->76
[    0.588858] gpio gpiochip2: (gpio-64-95): created GPIO range 13->13 ==> 44e10800.pinmux PIN 141->141
[    0.588873] gpio gpiochip2: (gpio-64-95): created GPIO range 14->21 ==> 44e10800.pinmux PIN 100->107
[    0.604557] gpio gpiochip2: (gpio-64-95): added GPIO chardev (254:2)
[    0.604784] gpio gpiochip2: registered GPIOs 576 to 607 on gpio-64-95
[    0.610615] 48000000.interconnect:segment@200000:target-module@0:mpu@0:fck: device ID is greater than 24
[    0.611517] /ocp/interconnect@48000000/segment@300000/target-module@e000/lcdc@0: Fixed dependency cycle(s) with /ocp/interconnect@44c00000/segment@200000/target-module@b000/i2c@0/tda19988@70
[    0.614334] /ocp/interconnect@48000000/segment@300000/target-module@e000/lcdc@0: Fixed dependency cycle(s) with /ocp/interconnect@44c00000/segment@200000/target-module@b000/i2c@0/tda19988@70
[    0.615036] /ocp/interconnect@44c00000/segment@200000/target-module@b000/i2c@0/tda19988@70: Fixed dependency cycle(s) with /ocp/interconnect@48000000/segment@300000/target-module@e000/lcdc@0
[    0.615203] /ocp/interconnect@48000000/segment@300000/target-module@e000/lcdc@0: Fixed dependency cycle(s) with /ocp/interconnect@44c00000/segment@200000/target-module@b000/i2c@0/tda19988@70
[    0.624990] mdio_bus 4a101000.mdio: using DT '/ocp/interconnect@4a000000/segment@0/target-module@100000/switch@0/mdio@1000' for 'reset' GPIO lookup
[    0.625063] of_get_named_gpiod_flags: can't parse 'reset-gpios' property of node '/ocp/interconnect@4a000000/segment@0/target-module@100000/switch@0/mdio@1000[0]'
[    0.625110] of_get_named_gpiod_flags: can't parse 'reset-gpio' property of node '/ocp/interconnect@4a000000/segment@0/target-module@100000/switch@0/mdio@1000[0]'
[    0.625157] mdio_bus 4a101000.mdio: using lookup tables for GPIO lookup
[    0.625167] mdio_bus 4a101000.mdio: No GPIO consumer reset found
[    0.626272] sdhci-omap 481d8000.mmc: using DT '/ocp/interconnect@48000000/segment@100000/target-module@d8000/mmc@0' for 'wp' GPIO lookup
[    0.626331] of_get_named_gpiod_flags: can't parse 'wp-gpios' property of node '/ocp/interconnect@48000000/segment@100000/target-module@d8000/mmc@0[0]'
[    0.626372] of_get_named_gpiod_flags: can't parse 'wp-gpio' property of node '/ocp/interconnect@48000000/segment@100000/target-module@d8000/mmc@0[0]'
[    0.626407] sdhci-omap 481d8000.mmc: using lookup tables for GPIO lookup
[    0.626417] sdhci-omap 481d8000.mmc: No GPIO consumer wp found
[    0.626612] sdhci-omap 481d8000.mmc: supply pbias not found, using dummy regulator
[    0.627093] sdhci-omap 481d8000.mmc: supply vqmmc not found, using dummy regulator
[    0.677023] davinci_mdio 4a101000.mdio: davinci mdio revision 1.6, bus freq 1000000
[    0.695405] mdio_bus 4a101000.mdio:00: using DT '/ocp/interconnect@4a000000/segment@0/target-module@100000/switch@0/mdio@1000/ethernet-phy@0' for 'reset' GPIO lookup
[    0.695508] of_get_named_gpiod_flags: parsed 'reset-gpios' property of node '/ocp/interconnect@4a000000/segment@0/target-module@100000/switch@0/mdio@1000/ethernet-phy@0[0]' - status (0)
[    0.695666] gpio gpiochip0: Persistence not supported for GPIO 8
[    0.837097] davinci_mdio 4a101000.mdio: phy[0]: device 4a101000.mdio:00, driver SMSC LAN8710/LAN8720
[    0.837864] cpsw-switch 4a100000.switch: initialized cpsw ale version 1.4
[    0.837887] cpsw-switch 4a100000.switch: ALE Table size 1024, Policers 0
[    0.838054] cpsw-switch 4a100000.switch: cpts: overflow check period 500 (jiffies)
[    0.838072] cpsw-switch 4a100000.switch: CPTS: ref_clk_freq:250000000 calc_mult:2147483648 calc_shift:29 error:0 nsec/sec
[    0.838177] cpsw-switch 4a100000.switch: Detected MACID = 6c:ec:eb:68:de:78
[    0.840026] cpsw-switch 4a100000.switch: initialized (regs 0x4a100000, pool size 256) hw_ver:0019010C 1.12 (0)
[    0.851089] debugfs: '49000000.dma' already exists in 'dmaengine'
[    0.851134] edma 49000000.dma: TI EDMA DMA engine driver
[    0.869012] gpio-clk clk_mcasp0: using DT '/clk_mcasp0' for 'enable' GPIO lookup
[    0.869090] of_get_named_gpiod_flags: parsed 'enable-gpios' property of node '/clk_mcasp0[0]' - status (0)
[    0.869132] gpio gpiochip0: Persistence not supported for GPIO 27
[    0.870034] gpiochip_find_base_unlocked: found new base at 608
[    0.870145] gpio gpiochip3: (gpio-96-127): created GPIO range 0->7 ==> 44e10800.pinmux PIN 82->89
[    0.870165] gpio gpiochip3: (gpio-96-127): created GPIO range 8->11 ==> 44e10800.pinmux PIN 52->55
[    0.870181] gpio gpiochip3: (gpio-96-127): created GPIO range 12->15 ==> 44e10800.pinmux PIN 94->97
[    0.870197] gpio gpiochip3: (gpio-96-127): created GPIO range 16->17 ==> 44e10800.pinmux PIN 71->72
[    0.870213] gpio gpiochip3: (gpio-96-127): created GPIO range 18->18 ==> 44e10800.pinmux PIN 135->135
[    0.870229] gpio gpiochip3: (gpio-96-127): created GPIO range 19->20 ==> 44e10800.pinmux PIN 108->109
[    0.870245] gpio gpiochip3: (gpio-96-127): created GPIO range 21->21 ==> 44e10800.pinmux PIN 73->73
[    0.870262] gpio gpiochip3: (gpio-96-127): created GPIO range 22->23 ==> 44e10800.pinmux PIN 8->9
