Labgrid Console Logfile for main
Logfile started at 2025-08-25 11:47:22.789577
=== Log starts here ===
reading args
spl_load_image_fat_os: error reading image args, err - -1
reading u-boot.img
reading u-boot.img


U-Boot 2014.04-00014-g47880f5 (Apr 22 2014 - 13:23:54)

I2C:   ready
DRAM:  512 MiB
NAND:  0 MiB
MMC:   OMAP SD/MMC: 0, OMAP SD/MMC: 1
*** Warning - readenv() failed, using default environment

Net:   <ethaddr> not set. Validating first E-fuse MAC
cpsw, usb_ether
Hit any key to stop autoboot:  1  0 
gpio: pin 53 (gpio 53) value is 1
mmc0 is current device
gpio: pin 54 (gpio 54) value is 1
SD/MMC found on device 0
reading uEnv.txt
569 bytes read in 3 ms (184.6 KiB/s)
gpio: pin 55 (gpio 55) value is 1
Loaded environment from uEnv.txt
Importing environment from mmc ...
Checking if uenvcmd is set ...
gpio: pin 56 (gpio 56) value is 1
Running uenvcmd ...
cpsw Waiting for PHY auto negotiation to complete. done
link up on port 0, speed 100, full duplex
Using cpsw device
TFTP from server 192.168.255.126; our IP address is 192.168.255.1
Filename 'zImage'.
Load address: 0x81000000
Loading: *T #################################################################
	 #################################################################
	 #################################################################
	 #################################################################
	 #################################################################
	 #############################################################
	 763.7 KiB/s
done
Bytes transferred = 5654072 (564638 hex)
link up on port 0, speed 100, full duplex
Using cpsw device
TFTP from server 192.168.255.126; our IP address is 192.168.255.1
Filename 'am335x-boneblack.dtb'.
Load address: 0x82000000
Loading: *#######
	 2.4 MiB/s
done
Bytes transferred = 98244 (17fc4 hex)
Kernel image @ 0x81000000 [ 0x000000 - 0x564638 ]
## Flattened Device Tree blob at 82000000
   Booting using the fdt blob at 0x82000000
   Using Device Tree in place at 82000000, end 8201afc3

Starting kernel ...

[    0.000000] Booting Linux on physical CPU 0x0
[    0.000000] Linux version 6.17.0-rc3-next-20250825 (user01@drvtest01) (arm-none-eabi-gcc (Arm GNU Toolchain 14.2.Rel1 (Build arm-14.52)) 14.2.1 20241119, GNU ld (Arm GNU Toolchain 14.2.Rel1 (Build arm-14.52)) 2.43.1.20241119) #1 SMP Mon Aug 25 11:43:38 EEST 2025
[    0.000000] CPU: ARMv7 Processor [413fc082] revision 2 (ARMv7), cr=10c5387d
[    0.000000] CPU: PIPT / VIPT nonaliasing data cache, VIPT aliasing instruction cache
[    0.000000] OF: fdt: Machine model: TI AM335x BeagleBone Black
[    0.000000] Memory policy: Data cache writeback
[    0.000000] cma: Reserved 16 MiB at 0x9e800000
[    0.000000] Zone ranges:
[    0.000000]   Normal   [mem 0x0000000080000000-0x000000009fdfffff]
[    0.000000]   HighMem  empty
[    0.000000] Movable zone start for each node
[    0.000000] Early memory node ranges
[    0.000000]   node   0: [mem 0x0000000080000000-0x000000009fdfffff]
[    0.000000] Initmem setup node 0 [mem 0x0000000080000000-0x000000009fdfffff]
[    0.000000] On node 0, zone Normal: 512 pages in unavailable ranges
[    0.000000] OF: reserved mem: Reserved memory: No reserved-memory node in the DT
[    0.000000] CPU: All CPU(s) started in SVC mode.
[    0.000000] AM335X ES2.1 (sgx neon)
[    0.000000] percpu: Embedded 17 pages/cpu s39820 r8192 d21620 u69632
[    0.000000] Kernel command line: console=ttyO0,115200n8 root=/dev/nfs rw nfsroot=192.168.255.126:/home/user01/nfs,nfsvers=3 ip=192.168.255.1:192.168.255.126::255.255.255.0:bbb1:eth0 nfsrootdebug
[    0.000000] Unknown kernel command line parameters "nfsrootdebug", will be passed to user space.
[    0.000000] printk: log buffer data + meta data: 65536 + 204800 = 270336 bytes
[    0.000000] Dentry cache hash table entries: 65536 (order: 6, 262144 bytes, linear)
[    0.000000] Inode-cache hash table entries: 32768 (order: 5, 131072 bytes, linear)
[    0.000000] Built 1 zonelists, mobility grouping on.  Total pages: 130560
[    0.000000] mem auto-init: stack:off, heap alloc:off, heap free:off
[    0.000000] SLUB: HWalign=16, Order=0-3, MinObjects=0, CPUs=1, Nodes=1
[    0.000000] rcu: Hierarchical RCU implementation.
[    0.000000] rcu: 	RCU event tracing is enabled.
[    0.000000] rcu: 	RCU restricting CPUs from NR_CPUS=2 to nr_cpu_ids=1.
[    0.000000] 	Tracing variant of Tasks RCU enabled.
[    0.000000] rcu: RCU calculated value of scheduler-enlistment delay is 10 jiffies.
[    0.000000] rcu: Adjusting geometry for rcu_fanout_leaf=16, nr_cpu_ids=1
[    0.000000] RCU Tasks Trace: Setting shift to 0 and lim to 1 rcu_task_cb_adjust=1 rcu_task_cpu_ids=1.
[    0.000000] NR_IRQS: 16, nr_irqs: 16, preallocated irqs: 16
[    0.000000] IRQ: Found an INTC at 0x(ptrval) (revision 5.0) with 128 interrupts
[    0.000000] rcu: srcu_init: Setting srcu_struct sizes based on contention.
[    0.000000] TI gptimer clocksource: always-on /ocp/interconnect@44c00000/segment@200000/target-module@31000
[    0.000003] sched_clock: 32 bits at 24MHz, resolution 41ns, wraps every 89478484971ns
[    0.000026] clocksource: dmtimer: mask: 0xffffffff max_cycles: 0xffffffff, max_idle_ns: 79635851949 ns
[    0.000526] TI gptimer clockevent: 24000000 Hz at /ocp/interconnect@48000000/segment@0/target-module@40000
[    0.002098] Console: colour dummy device 80x30
[    0.002166] WARNING: Your 'console=ttyO0' has been replaced by 'ttyS0'
[    0.002174] This ensures that you still see kernel messages. Please
[    0.002178] update your kernel commandline.
[    0.002221] Calibrating delay loop... 996.14 BogoMIPS (lpj=4980736)
[    0.090571] CPU: Testing write buffer coherency: ok
[    0.090680] CPU0: Spectre v2: using BPIALL workaround
[    0.090690] pid_max: default: 32768 minimum: 301
[    0.090844] LSM: initializing lsm=capability
[    0.091012] Mount-cache hash table entries: 1024 (order: 0, 4096 bytes, linear)
[    0.091031] Mountpoint-cache hash table entries: 1024 (order: 0, 4096 bytes, linear)
[    0.092609] CPU0: thread -1, cpu 0, socket -1, mpidr 0
[    0.092669] cacheinfo: Unable to detect cache hierarchy for CPU 0
[    0.094689] Setting up static identity map for 0x80100000 - 0x80100078
[    0.095026] rcu: Hierarchical SRCU implementation.
[    0.095038] rcu: 	Max phase no-delay instances is 1000.
[    0.096767] smp: Bringing up secondary CPUs ...
[    0.096824] smp: Brought up 1 node, 1 CPU
[    0.096835] SMP: Total of 1 processors activated (996.14 BogoMIPS).
[    0.096847] CPU: All CPU(s) started in SVC mode.
[    0.097046] Memory: 480880K/522240K available (11264K kernel code, 1218K rwdata, 2936K rodata, 1024K init, 253K bss, 23328K reserved, 16384K cma-reserved, 0K highmem)
[    0.097869] devtmpfs: initialized
[    0.115174] VFP support v0.3: implementor 41 architecture 3 part 30 variant c rev 3
[    0.115811] clocksource: jiffies: mask: 0xffffffff max_cycles: 0xffffffff, max_idle_ns: 19112604462750000 ns
[    0.115869] posixtimers hash table entries: 512 (order: 0, 4096 bytes, linear)
[    0.115896] futex hash table entries: 256 (16384 bytes on 1 NUMA nodes, total 16 KiB, linear).
[    0.117013] pinctrl core: initialized pinctrl subsystem
[    0.119168] NET: Registered PF_NETLINK/PF_ROUTE protocol family
[    0.122307] DMA: preallocated 256 KiB pool for atomic coherent allocations
[    0.122928] audit: initializing netlink subsys (disabled)
[    0.124257] thermal_sys: Registered thermal governor 'fair_share'
[    0.124273] thermal_sys: Registered thermal governor 'step_wise'
[    0.124282] thermal_sys: Registered thermal governor 'user_space'
[    0.124393] audit: type=2000 audit(0.120:1): state=initialized audit_enabled=0 res=1
[    0.124463] cpuidle: using governor menu
[    0.142718] /ocp/interconnect@44c00000/segment@200000/target-module@b000/i2c@0/tda19988@70: Fixed dependency cycle(s) with /ocp/interconnect@48000000/segment@300000/target-module@e000/lcdc@0
[    0.143809] /ocp/interconnect@48000000/segment@300000/target-module@e000/lcdc@0: Fixed dependency cycle(s) with /ocp/interconnect@44c00000/segment@200000/target-module@b000/i2c@0/tda19988@70
[    0.146021] No ATAGs?
[    0.146064] hw-breakpoint: debug architecture 0x4 unsupported.
[    0.149161] kprobes: kprobe jump-optimization is enabled. All kprobes are optimized if possible.
[    0.162662] iommu: Default domain type: Translated
[    0.162687] iommu: DMA domain TLB invalidation policy: strict mode
[    0.164690] SCSI subsystem initialized
[    0.166317] pps_core: LinuxPPS API ver. 1 registered
[    0.166326] pps_core: Software ver. 5.3.6 - Copyright 2005-2007 Rodolfo Giometti <giometti@linux.it>
[    0.166351] PTP clock support registered
[    0.168346] vgaarb: loaded
[    0.168699] clocksource: Switched to clocksource dmtimer
[    0.169363] VFS: Disk quotas dquot_6.6.0
[    0.169418] VFS: Dquot-cache hash table entries: 1024 (order 0, 4096 bytes)
[    0.201976] NET: Registered PF_INET protocol family
[    0.202323] IP idents hash table entries: 8192 (order: 4, 65536 bytes, linear)
[    0.203739] tcp_listen_portaddr_hash hash table entries: 512 (order: 0, 4096 bytes, linear)
[    0.203774] Table-perturb hash table entries: 65536 (order: 6, 262144 bytes, linear)
[    0.203792] TCP established hash table entries: 4096 (order: 2, 16384 bytes, linear)
[    0.203838] TCP bind hash table entries: 4096 (order: 4, 65536 bytes, linear)
[    0.203938] TCP: Hash tables configured (established 4096 bind 4096)
[    0.204060] UDP hash table entries: 256 (order: 1, 14336 bytes, linear)
[    0.204095] UDP-Lite hash table entries: 256 (order: 1, 14336 bytes, linear)
[    0.204295] NET: Registered PF_UNIX/PF_LOCAL protocol family
[    0.205569] RPC: Registered named UNIX socket transport module.
[    0.205589] RPC: Registered udp transport module.
[    0.205594] RPC: Registered tcp transport module.
[    0.205599] RPC: Registered tcp-with-tls transport module.
[    0.205604] RPC: Registered tcp NFSv4.1 backchannel transport module.
[    0.205628] PCI: CLS 0 bytes, default 64
[    0.207044] Initialise system trusted keyrings
[    0.218966] workingset: timestamp_bits=14 max_order=17 bucket_order=3
[    0.220393] NFS: Registering the id_resolver key type
[    0.220463] Key type id_resolver registered
[    0.220470] Key type id_legacy registered
[    0.220579] jffs2: version 2.2. (NAND) (SUMMARY)  Â© 2001-2006 Red Hat, Inc.
[    0.221040] Key type asymmetric registered
[    0.221057] Asymmetric key parser 'x509' registered
[    0.221130] io scheduler mq-deadline registered
[    0.221140] io scheduler kyber registered
[    0.221215] io scheduler bfq registered
[    0.223109] target-module@4b000000:target-module@140000:pmu@0:fck: device ID is greater than 24
[    0.229294] l3-aon-clkctrl:0000:0: failed to disable
[    0.229552] ledtrig-cpu: registered to indicate activity on CPUs
[    0.239134] Serial: 8250/16550 driver, 6 ports, IRQ sharing enabled
[    0.283636] brd: module loaded
[    0.292515] loop: module loaded
[    0.293460] mtdoops: mtd device (mtddev=name/number) must be supplied
[    0.296480] i2c_dev: i2c /dev entries driver
[    0.297501] cpuidle: enable-method property 'ti,am3352' found operations
[    0.297959] sdhci: Secure Digital Host Controller Interface driver
[    0.297968] sdhci: Copyright(c) Pierre Ossman
[    0.298154] sdhci-pltfm: SDHCI platform and OF driver helper
[    0.319168] hw perfevents: enabled with armv7_cortex_a8 PMU driver, 5 (8000000f) counters available
[    0.319712] Initializing XFRM netlink socket
[    0.319890] NET: Registered PF_INET6 protocol family
[    0.325295] l3-aon-clkctrl:0000:0: failed to disable
[    0.326925] Segment Routing with IPv6
[    0.327007] In-situ OAM (IOAM) with IPv6
[    0.327100] sit: IPv6, IPv4 and MPLS over IPv4 tunneling driver
[    0.328058] NET: Registered PF_PACKET protocol family
[    0.328085] NET: Registered PF_KEY protocol family
[    0.328272] Key type dns_resolver registered
[    0.328495] ThumbEE CPU extension supported.
[    0.328517] Registering SWP/SWPB emulation handler
[    0.329253] omap_voltage_late_init: Voltage driver support not added
[    0.329989] SmartReflex Class3 initialized
[    0.360895] Loading compiled-in X.509 certificates
[    0.393273] /ocp/interconnect@44c00000/segment@200000/target-module@b000/i2c@0/tda19988@70: Fixed dependency cycle(s) with /ocp/interconnect@48000000/segment@300000/target-module@e000/lcdc@0
[    0.399889] /ocp/interconnect@44c00000/segment@200000/target-module@b000/i2c@0/tda19988@70: Fixed dependency cycle(s) with /ocp/interconnect@48000000/segment@300000/target-module@e000/lcdc@0
[    0.422669] /ocp/interconnect@44c00000/segment@200000/target-module@b000/i2c@0/tda19988@70: Fixed dependency cycle(s) with /ocp/interconnect@48000000/segment@300000/target-module@e000/lcdc@0
[    0.423554] /ocp/interconnect@44c00000/segment@200000/target-module@b000/i2c@0/tda19988@70: Fixed dependency cycle(s) with /ocp/interconnect@48000000/segment@300000/target-module@e000/lcdc@0
[    0.427012] /ocp/interconnect@44c00000/segment@200000/target-module@10000/scm@0/pinmux@800: Fixed dependency cycle(s) with /ocp/interconnect@44c00000/segment@200000/target-module@10000/scm@0/pinmux@800/clkout2-pins
[    0.427599] pinctrl-single 44e10800.pinmux: 142 pins, size 568
[    0.433233] ti-sysc 44e31000.target-module: probe with driver ti-sysc failed with error -16
[    0.457743] /ocp/interconnect@48000000/segment@300000/target-module@e000/lcdc@0: Fixed dependency cycle(s) with /ocp/interconnect@44c00000/segment@200000/target-module@b000/i2c@0/tda19988@70
[    0.466103] ti-sysc 48040000.target-module: probe with driver ti-sysc failed with error -16
[    0.513068] OMAP GPIO hardware version 0.1
[    0.552809] omap_i2c 4819c000.i2c: bus 2 rev0.11 at 100 kHz
[    0.577766] 48000000.interconnect:segment@200000:target-module@0:mpu@0:fck: device ID is greater than 24
[    0.578858] /ocp/interconnect@48000000/segment@300000/target-module@e000/lcdc@0: Fixed dependency cycle(s) with /ocp/interconnect@44c00000/segment@200000/target-module@b000/i2c@0/tda19988@70
[    0.581809] /ocp/interconnect@48000000/segment@300000/target-module@e000/lcdc@0: Fixed dependency cycle(s) with /ocp/interconnect@44c00000/segment@200000/target-module@b000/i2c@0/tda19988@70
[    0.582537] /ocp/interconnect@44c00000/segment@200000/target-module@b000/i2c@0/tda19988@70: Fixed dependency cycle(s) with /ocp/interconnect@48000000/segment@300000/target-module@e000/lcdc@0
[    0.582696] /ocp/interconnect@48000000/segment@300000/target-module@e000/lcdc@0: Fixed dependency cycle(s) with /ocp/interconnect@44c00000/segment@200000/target-module@b000/i2c@0/tda19988@70
[    0.593959] sdhci-omap 481d8000.mmc: supply pbias not found, using dummy regulator
[    0.594453] sdhci-omap 481d8000.mmc: supply vqmmc not found, using dummy regulator
[    0.652853] davinci_mdio 4a101000.mdio: davinci mdio revision 1.6, bus freq 1000000
[    0.803632] davinci_mdio 4a101000.mdio: phy[0]: device 4a101000.mdio:00, driver SMSC LAN8710/LAN8720
[    0.804417] cpsw-switch 4a100000.switch: initialized cpsw ale version 1.4
[    0.804439] cpsw-switch 4a100000.switch: ALE Table size 1024, Policers 0
[    0.804764] cpsw-switch 4a100000.switch: cpts: overflow check period 500 (jiffies)
[    0.804785] cpsw-switch 4a100000.switch: CPTS: ref_clk_freq:250000000 calc_mult:2147483648 calc_shift:29 error:0 nsec/sec
[    0.804894] cpsw-switch 4a100000.switch: Detected MACID = 6c:ec:eb:68:de:78
[    0.806760] cpsw-switch 4a100000.switch: initialized (regs 0x4a100000, pool size 256) hw_ver:0019010C 1.12 (0)
[    0.817816] debugfs: '49000000.dma' already exists in 'dmaengine'
[    0.817862] edma 49000000.dma: TI EDMA DMA engine driver
[    0.883076] 44e09000.serial: ttyS0 at MMIO 0x44e09000 (irq = 34, base_baud = 3000000) is a 8250
[    0.883170] printk: legacy console [ttyS0] enabled
[    2.449658] tps65217-pmic: Failed to locate of_node [id: -1]
[    2.455731] tps65217-bl: Failed to locate of_node [id: -1]
[    2.461822] platform tps65217-charger: DMA mask not set
[    2.467862] platform tps65217-pwrbutton: DMA mask not set
[    2.475145] tps65217 0-0024: TPS65217 ID 0xe version 1.2
[    2.481275] /ocp/interconnect@48000000/segment@300000/target-module@e000/lcdc@0: Fixed dependency cycle(s) with /ocp/interconnect@44c00000/segment@200000/target-module@b000/i2c@0/tda19988@70
[    2.498653] /ocp/interconnect@44c00000/segment@200000/target-module@b000/i2c@0/tda19988@70: Fixed dependency cycle(s) with /ocp/interconnect@48000000/segment@300000/target-module@e000/lcdc@0
[    2.516040] omap_i2c 44e0b000.i2c: bus 0 rev0.11 at 400 kHz
[    2.523928] omap_gpio 44e07000.gpio: Could not set line 6 debounce to 200000 microseconds (-22)
[    2.532867] sdhci-omap 48060000.mmc: Got CD GPIO
[    2.537889] sdhci-omap 48060000.mmc: supply pbias not found, using dummy regulator
[    2.547835] sdhci-omap 48060000.mmc: supply vqmmc not found, using dummy regulator
[    2.556988] sdhci-omap 481d8000.mmc: supply pbias not found, using dummy regulator
[    2.566728] sdhci-omap 481d8000.mmc: supply vqmmc not found, using dummy regulator
[    2.602413] mmc0: SDHCI controller on 48060000.mmc [48060000.mmc] using External DMA
[    2.610725] mmc1: SDHCI controller on 481d8000.mmc [481d8000.mmc] using External DMA
[    2.619498] cpsw-switch 4a100000.switch: starting ndev. mode: dual_mac
[    2.688986] mmc1: new high speed MMC card at address 0001
[    2.695839] mmcblk1: mmc1:0001 MMC04G 3.60 GiB
[    2.703703]  mmcblk1: p1 p2
[    2.707456] SMSC LAN8710/LAN8720 4a101000.mdio:00: attached PHY driver (mii_bus:phy_addr=4a101000.mdio:00, irq=POLL)
[    2.720021] mmcblk1boot0: mmc1:0001 MMC04G 2.00 MiB
[    2.733894] mmcblk1boot1: mmc1:0001 MMC04G 2.00 MiB
[    2.742546] mmcblk1rpmb: mmc1:0001 MMC04G 128 KiB, chardev (249:0)
[    2.791773] mmc0: new high speed SDHC card at address aaaa
[    2.798596] mmcblk0: mmc0:aaaa SE32G 29.7 GiB
[    2.807874]  mmcblk0: p1 p2
[    5.849469] cpsw-switch 4a100000.switch eth0: Link is Up - 100Mbps/Full - flow control off
[    5.888943] IP-Config: Complete:
[    5.892221]      device=eth0, hwaddr=6c:ec:eb:68:de:78, ipaddr=192.168.255.1, mask=255.255.255.0, gw=255.255.255.255
[    5.902893]      host=bbb1, domain=, nis-domain=(none)
[    5.908062]      bootserver=192.168.255.126, rootserver=192.168.255.126, rootpath=
[    5.908482] clk: Disabling unused clocks
[    5.920374] KTAP version 1
[    5.923105] 1..0
[    5.925537] check access for rdinit=/init failed: -2, ignoring
[    5.966185] VFS: Mounted root (nfs filesystem) on device 0:17.
[    5.973519] devtmpfs: mounted
[    5.978003] Freeing unused kernel image (initmem) memory: 1024K
[    5.984775] Run /sbin/init as init process
[    6.667648] systemd[1]: System time before build time, advancing clock.
[    8.168717] random: crng init done
[    8.185120] systemd[1]: systemd 232 running in system mode. (+PAM +AUDIT +SELINUX +IMA +APPARMOR +SMACK +SYSVINIT +UTMP +LIBCRYPTSETUP +GCRYPT +GNUTLS +ACL +XZ +LZ4 +SECCOMP +BLKID +ELFUTILS +KMOD +IDN)
[    8.204136] systemd[1]: Detected architecture arm.

Welcome to [1mDebian GNU/Linux 9 (stretch)[0m!

[    8.231969] systemd[1]: Set hostname to <arm>.
[    9.337075] systemd[1]: Listening on udev Kernel Socket.
[[0;32m  OK  [0m] Listening on udev Kernel Socket.
[    9.360514] systemd[1]: systemd-journald.socket: SO_PASSSEC failed: Operation not supported
[    9.369452] systemd[1]: systemd-journald.socket: SO_PASSSEC failed: Operation not supported
[    9.378039] systemd[1]: Listening on Journal Socket.
[[0;32m  OK  [0m] Listening on Journal Socket.
[    9.400687] systemd[1]: Listening on udev Control Socket.
[[0;32m  OK  [0m] Listening on udev Control Socket.
[    9.430203] systemd[1]: Created slice System Slice.
[[0;32m  OK  [0m] Created slice System Slice.
[    9.460232] systemd[1]: Created slice system-serial\x2dgetty.slice.
[[0;32m  OK  [0m] Created slice system-serial\x2dgetty.slice.
         Starting Load Kernel Modules...
[[0;32m  OK  [0m] Started Forward Password Requests to Wall Directory Watch.
[[0;32m  OK  [0m] Listening on Journal Audit Socket.
[[0;32m  OK  [0m] Reached target Swap.
[[0;32m  OK  [0m] Started Dispatch Password Requests to Console Directory Watch.
         Starting Remount Root and Kernel File Systems...
         Mounting POSIX Message Queue File System...
[[0;32m  OK  [0m] Reached target Encrypted Volumes.
[[0;32m  OK  [0m] Created slice system-getty.slice.
[[0;32m  OK  [0m] Listening on /dev/initctl Compatibility Named Pipe.
[[0;32m  OK  [0m] Set up automount Arbitrary Executabâ€¦rmats File System Automount Point.
         Mounting Debug File System...
[[0;32m  OK  [0m] Listening on Journal Socket (/dev/log).
[[0;32m  OK  [0m] Listening on Syslog Socket.
         Starting Journal Service...
[[0;32m  OK  [0m] Reached target Paths.
[[0;32m  OK  [0m] Created slice User and Session Slice.
[[0;32m  OK  [0m] Reached target Slices.
[[0;32m  OK  [0m] Reached target Remote File Systems.
         Starting Create list of required stâ€¦ce nodes for the current kernel...
[[0;32m  OK  [0m] Mounted POSIX Message Queue File System.
[[0;32m  OK  [0m] Mounted Debug File System.
[[0;32m  OK  [0m] Started Load Kernel Modules.
[[0;32m  OK  [0m] Started Remount Root and Kernel File Systems.
[[0;32m  OK  [0m] Started Create list of required staâ€¦vice nodes for the current kernel.
         Starting Create Static Device Nodes in /dev...
         Starting udev Coldplug all Devices...
         Starting Load/Save Random Seed...
         Mounting Configuration File System...
         Starting Apply Kernel Variables...
[[0;32m  OK  [0m] Mounted Configuration File System.
[[0;32m  OK  [0m] Started Load/Save Random Seed.
[[0;32m  OK  [0m] Started Apply Kernel Variables.
[[0;32m  OK  [0m] Started Create Static Device Nodes in /dev.
[[0;32m  OK  [0m] Reached target Local File Systems (Pre).
[[0;32m  OK  [0m] Reached target Local File Systems.
         Starting Raise network interfaces...
         Starting udev Kernel Device Manager...
[[0;32m  OK  [0m] Started Journal Service.
         Starting Flush Journal to Persistent Storage...
[   11.621139] systemd-journald[92]: Received request to flush runtime journal from PID 1
[[0;32m  OK  [0m] Started Flush Journal to Persistent Storage.
         Starting Create Volatile Files and Directories...
[[0;32m  OK  [0m] Started udev Kernel Device Manager.
[   12.649554] omap_prm 44e00d00.prm: sync_state() pending due to 44d00000.cpu
[[0;32m  OK  [0m] Started Create Volatile Files and Directories.
         Starting Network Time Synchronization...
         Starting Update UTMP about System Boot/Shutdown...
[[0;32m  OK  [0m] Started Update UTMP about System Boot/Shutdown.
[[0;32m  OK  [0m] Started udev Coldplug all Devices.
[[0;32m  OK  [0m] Started Network Time Synchronization.
[[0;32m  OK  [0m] Reached target System Initialization.
[[0;32m  OK  [0m] Listening on Avahi mDNS/DNS-SD Stack Activation Socket.
[[0;32m  OK  [0m] Listening on D-Bus System Message Bus Socket.
[[0;32m  OK  [0m] Reached target Sockets.
[[0;32m  OK  [0m] Reached target Basic System.
[[0;32m  OK  [0m] Started D-Bus System Message Bus.
[   15.180897] remoteproc remoteproc0: wkup_m3 is available
[   15.250660] am335x-phy-driver 47401300.usb-phy: dummy supplies not allowed for exclusive requests (id=vbus)
[   15.271007] usbcore: registered new interface driver usbfs
[   15.276651] usbcore: registered new interface driver hub
[   15.282323] usbcore: registered new device driver usb
[   15.416498] am335x-phy-driver 47401b00.usb-phy: dummy supplies not allowed for exclusive requests (id=vbus)
[   15.536025] at24 2-0054: supply vcc not found, using dummy regulator
[   15.639405] at24 2-0055: supply vcc not found, using dummy regulator
[   15.715633] at24 2-0056: supply vcc not found, using dummy regulator
[   15.820369] at24 2-0057: supply vcc not found, using dummy regulator
[   15.905656] musb-hdrc musb-hdrc.1: MUSB HDRC host driver
[   15.911293] musb-hdrc musb-hdrc.1: new USB bus registered, assigned bus number 1
[   15.953219] at24 0-0050: 32768 byte 24c256 EEPROM, writable, 1 bytes/write
[   16.053049] input: tps65217_pwrbutton as /devices/platform/ocp/44c00000.interconnect/44c00000.interconnect:segment@200000/44e0b000.target-module/44e0b000.i2c/i2c-0/0-0024/tps65217-pwrbutton/input/input0
[   16.099266] usb usb1: New USB device found, idVendor=1d6b, idProduct=0002, bcdDevice= 6.17
[   16.107629] usb usb1: New USB device strings: Mfr=3, Product=2, SerialNumber=1
[   16.115020] usb usb1: Product: MUSB HDRC host driver
[   16.120069] usb usb1: Manufacturer: Linux 6.17.0-rc3-next-20250825 musb-hcd
[   16.127069] usb usb1: SerialNumber: musb-hdrc.1
[   16.439558] hub 1-0:1.0: USB hub found
[   16.479531] hub 1-0:1.0: 1 port detected
[   16.893618] omap_rtc 44e3e000.rtc: registered as rtc0
[   16.899044] omap_rtc 44e3e000.rtc: setting system clock to 2000-01-01T00:00:00 UTC (946684800)
[   16.952010] omap_wdt: OMAP Watchdog Timer Rev 0x01: initial timeout 60 sec
[   17.555153] omap-mailbox 480c8000.mailbox: omap mailbox rev 0x400
[   17.668957] remoteproc remoteproc0: powering up wkup_m3
[   17.893529] remoteproc remoteproc0: Direct firmware load for am335x-pm-firmware.elf failed with error -2
[   17.903344] remoteproc remoteproc0: request_firmware failed: -2
[   17.909385] wkup_m3_ipc 44e11324.wkup_m3_ipc: rproc_boot failed
[   17.969326] tda998x 0-0070: found TDA19988
         Starting Connection service...
         Starting Telephony service...
         Starting LSB: Load kernel modules needed to enable cpufreq scaling...
         Starting LSB: Start busybox udhcpd at boot time...
         Starting Generic Board Startup...
         Starting System Logging Service...
         Starting DUN service...
[   20.255651] tilcdc 4830e000.lcdc: bound 0-0070 (ops 0xbf1ca0f8)
[   20.302860] omap_rng 48310000.rng: Random Number Generator ver. 20
[   20.364447] [drm] Initialized tilcdc 1.0.0 for 4830e000.lcdc on minor 0
[[0;32m  OK  [0m] Started Regular background program processing daemon.
[   20.506143] tilcdc 4830e000.lcdc: [drm] Cannot find any crtc or sizes
[   20.566114] tilcdc 4830e000.lcdc: [drm] Cannot find any crtc or sizes
         Starting Cape Manager Service...
[[0;32m  OK  [0m] Started Daily Cleanup of Temporary Directories.
         Starting Avahi mDNS/DNS-SD Stack...
         Starting Login Service...
[[0;32m  OK  [0m] Reached target System Time Synchronized.
[[0;32m  OK  [0m] Started Daily apt download activities.
[[0;32m  OK  [0m] Started Daily apt upgrade and clean activities.
[[0;32m  OK  [0m] Reached target Timers.
[   21.867050] PM: Cannot get wkup_m3_ipc handle
[   22.136998] omap-sham 53100000.sham: hw accel on OMAP rev 4.3
[   22.240717] omap-sham 53100000.sham: will run requests pump with realtime priority
[   22.252454] PM: Cannot get wkup_m3_ipc handle
[   22.315896] omap-aes 53500000.aes: OMAP AES hw accel rev: 3.2
[   22.413701] omap-aes 53500000.aes: will run requests pump with realtime priority
[   22.434664] PM: Cannot get wkup_m3_ipc handle
[[0;32m  OK  [0m] Found device /dev/ttyS0.
[[0;32m  OK  [0m] Started System Logging Service.
[   24.119665] Bluetooth: Core ver 2.22
[   24.123480] NET: Registered PF_BLUETOOTH protocol family
[   24.129039] Bluetooth: HCI device and connection manager initialized
[   24.135462] Bluetooth: HCI socket layer initialized
[   24.140463] Bluetooth: L2CAP socket layer initialized
[   24.145581] Bluetooth: SCO socket layer initialized
[[0;32m  OK  [0m] Started Cape Manager Service.
[   24.391369] ------------[ cut here ]------------
[   24.396073] WARNING: net/8021q/vlan_core.c:236 at vlan_for_each+0x114/0x134, CPU#0: avahi-daemon/294
[   24.405441] RTNL: assertion failed at net/8021q/vlan_core.c (236)
[   24.411626] Modules linked in: bluetooth ecdh_generic ecc omap_aes_driver snd_soc_simple_card snd_soc_simple_card_utils omap_crypto omap_sham libaes pm33xx crypto_engine ti_emif_sram omap_rng tilcdc rng_core drm_dma_helper drm_client_lib snd_soc_davinci_mcasp snd_soc_ti_udma snd_soc_ti_edma snd_soc_ti_sdma snd_soc_core snd_pcm_dmaengine snd_pcm tda998x snd_timer cec omap_mailbox snd drm_kms_helper soundcore omap_wdt rtc_omap watchdog drm wkup_m3_ipc drm_panel_orientation_quirks tps65218_pwrbutton musb_dsps musb_hdrc at24 udc_core phy_am335x usbcore wkup_m3_rproc phy_am335x_control phy_generic usb_common cppi41 leds_gpio led_class cpufreq_dt autofs4
[   24.469690] CPU: 0 UID: 107 PID: 294 Comm: avahi-daemon Not tainted 6.17.0-rc3-next-20250825 #1 NONE 
[   24.469710] Hardware name: Generic AM33XX (Flattened Device Tree)
[   24.469719] Call trace: 
[   24.469735]  unwind_backtrace from show_stack+0x10/0x14
[   24.469774]  show_stack from dump_stack_lvl+0x50/0x64
[   24.469800]  dump_stack_lvl from __warn+0x88/0x148
[   24.469818]  __warn from warn_slowpath_fmt+0x19c/0x1b0
[   24.469831]  warn_slowpath_fmt from vlan_for_each+0x114/0x134
[   24.469854]  vlan_for_each from cpsw_add_mc_addr+0x40/0xa4
[   24.469883]  cpsw_add_mc_addr from __hw_addr_ref_sync_dev+0x108/0x140
[   24.469917]  __hw_addr_ref_sync_dev from __dev_mc_add+0x7c/0x80
[   24.469942]  __dev_mc_add from igmp6_group_added+0xc8/0xe0
[   24.469973]  igmp6_group_added from __ipv6_dev_mc_inc+0x218/0x364
[   24.469993]  __ipv6_dev_mc_inc from __ipv6_sock_mc_join+0x11c/0x214
[   24.470012]  __ipv6_sock_mc_join from do_ipv6_setsockopt+0x1214/0x1310
[   24.470047]  do_ipv6_setsockopt from ipv6_setsockopt+0x60/0xcc
[   24.470070]  ipv6_setsockopt from udpv6_setsockopt+0x2c/0x6c
[   24.470090]  udpv6_setsockopt from sock_common_setsockopt+0x30/0x40
[   24.470108]  sock_common_setsockopt from do_sock_setsockopt+0x50/0x9c
[   24.470130]  do_sock_setsockopt from __sys_setsockopt+0x70/0xbc
[   24.470153]  __sys_setsockopt from ret_fast_syscall+0x0/0x58
[   24.470170] Exception stack(0xe0305fa8 to 0xe0305ff0)
[   24.470185] 5fa0:                   00000014 b6fd9ce8 0000000d 00000029 00000014 be9559ec
[   24.470197] 5fc0: 00000014 b6fd9ce8 00000014 00000126 0000000d b6f82ff4 0051e988 00506558
[   24.470206] 5fe0: b6f98088 be9559d8 b6f75309 b6e4c41a
[   24.470214] ---[ end trace 0000000000000000 ]---
[   25.807582] PM: Cannot get wkup_m3_ipc handle
[   25.904846] gpio-537 (nxp,calib): gpiod_direction_output_nonotify: tried to set a GPIO tied to an IRQ as output
[   25.974278] PM: Cannot get wkup_m3_ipc handle
[   26.112385] tda9950 0-0034: TDA9950 CEC interface, hardware version 3.3
[   26.168249] PM: Cannot get wkup_m3_ipc handle
[[0;32m  OK  [0m] Started LSB: Start busybox udhcpd at boot time.
[[0;32m  OK  [0m] Started Raise network interfaces.
[[0;32m  OK  [0m] Started LSB: Load kernel modules needed to enable cpufreq scaling.
[   29.576932] configfs-gadget.g_multi gadget.0: HOST MAC 1c:ba:8c:a2:ed:6c
[   29.583966] configfs-gadget.g_multi gadget.0: MAC 1c:ba:8c:a2:ed:70
[   29.591392] configfs-gadget.g_multi gadget.0: HOST MAC 1c:ba:8c:a2:ed:6c
[   29.598157] configfs-gadget.g_multi gadget.0: MAC 1c:ba:8c:a2:ed:6d
[   29.609437] PM: Cannot get wkup_m3_ipc handle
[[0;32m  OK  [0m] Started DUN service.
[[0;32m  OK  [0m] Started Telephony service.
[[0;32m  OK  [0m] Started Connection service.
[[0;32m  OK  [0m] Started Avahi mDNS/DNS-SD Stack.
[[0;32m  OK  [0m] Started Login Service.
         Starting Hostname Service...
         Starting WPA supplicant...
[[0;32m  OK  [0m] Reached target Sound Card.
         Starting LSB: set CPUFreq kernel parameters...
[[0;32m  OK  [0m] Started Hostname Service.
[[0;32m  OK  [0m] Started WPA supplicant.
[[0;32m  OK  [0m] Reached target Network.
         Starting OpenBSD Secure Shell server...
[[0;32m  OK  [0m] Reached target Network is Online.
         Starting LSB: Advanced IEEE 802.11 management daemon...
         Starting The Apache HTTP Server...
         Starting Permit User Sessions...
[[0;32m  OK  [0m] Started LSB: Advanced IEEE 802.11 management daemon.
[[0;32m  OK  [0m] Started LSB: set CPUFreq kernel parameters.
[[0;32m  OK  [0m] Started Permit User Sessions.
[[0;32m  OK  [0m] Started Getty on tty1.
[[0;32m  OK  [0m] Started Serial Getty on ttyS0.
[[0;32m  OK  [0m] Reached target Login Prompts.
         Stopping LSB: Start busybox udhcpd at boot time...
[[0;32m  OK  [0m] Started OpenBSD Secure Shell server.
[[0;32m  OK  [0m] Stopped LSB: Start busybox udhcpd at boot time.
         Starting dnsmasq - A lightweight DHCP and caching DNS server...
[[0;32m  OK  [0m] Started The Apache HTTP Server.
[[0;32m  OK  [0m] Started dnsmasq - A lightweight DHCP and caching DNS server.
[[0;32m  OK  [0m] Reached target Host and Network Name Lookups.
[[0;32m  OK  [0m] Started Serial Getty on ttyGS0.
[[0;32m  OK  [0m] Started Generic Board Startup.
[[0;32m  OK  [0m] Reached target Multi-User System.
[[0;32m  OK  [0m] Reached target Graphical Interface.
         Starting Update UTMP about System Runlevel Changes...
[[0;32m  OK  [0m] Started Update UTMP about System Runlevel Changes.

Debian GNU/Linux 9 arm ttyS0

default username:password is [debian:temppwd]

arm login: root
Password: 
Last login: Sat Jan  1 00:00:46 UTC 2000 on ttyS0
root
Linux arm 6.17.0-rc3-next-20250825 #1 SMP Mon Aug 25 11:43:38 EEST 2025 armv7l

The programs included with the Debian GNU/Linux system are free software;
the exact distribution terms for each program are described in the
individual files in /usr/share/doc/*/copyright.

Debian GNU/Linux comes with ABSOLUTELY NO WARRANTY, to the extent
permitted by applicable law.
root@arm:~# root
dmesg -n 1
-bash: root: command not found
root@arm:~# dmesg -n 1
root@arm:~# echo 'UYBN''GGLVJY'
UYBNGGLVJY
root@arm:~# run() { echo -n "$MARKER"; sh -c "$@"; echo "$MARKER $?"; }
root@arm:~# echo 'TBZN''KUHZWH'
TBZNKUHZWH
root@arm:~# MARKER='OMSF''MWAXZU' run 'cat /proc/version'
OMSFMWAXZULinux version 6.17.0-rc3-next-20250825 (user01@drvtest01) (arm-none-eabi-gcc (Arm GNU Toolchain 14.2.Rel1 (Build arm-14.52)) 14.2.1 20241119, GNU ld (Arm GNU Toolchain 14.2.Rel1 (Build arm-14.52)) 2.43.1.20241119) #1 SMP Mon Aug 25 11:43:38 EEST 2025
OMSFMWAXZU 0
root@arm:~# echo 'ZYQA''VCESST'
ZYQAVCESST
root@arm:~# MARKER='NTZL''UUKNQU' run false
NTZLUUKNQUNTZLUUKNQU 1
root@arm:~# Labgrid Console Logfile for main
Logfile started at 2025-08-25 11:48:35.204308
=== Log starts here ===

root@arm:~# run() { echo -n "$MARKER"; sh -c "$@"; echo "$MARKER $?"; }
root@arm:~# echo 'GVLY''QKEMKN'
GVLYQKEMKN
root@arm:~# MARKER='QQPV''XCLXAF' run 'ls /iio_generic_buffer; echo $?'
QQPVXCLXAF/iio_generic_buffer
0
QQPVXCLXAF 0
root@arm:~# Labgrid Console Logfile for main
Logfile started at 2025-08-25 11:48:38.576120
=== Log starts here ===

root@arm:~# run() { echo -n "$MARKER"; sh -c "$@"; echo "$MARKER $?"; }
root@arm:~# echo 'VVQY''WEFYSV'
VVQYWEFYSV
root@arm:~# MARKER='FFNY''AEVFVG' run dmesg
FFNYAEVFVG[    0.000000] Booting Linux on physical CPU 0x0
[    0.000000] Linux version 6.17.0-rc3-next-20250825 (user01@drvtest01) (arm-none-eabi-gcc (Arm GNU Toolchain 14.2.Rel1 (Build arm-14.52)) 14.2.1 20241119, GNU ld (Arm GNU Toolchain 14.2.Rel1 (Build arm-14.52)) 2.43.1.20241119) #1 SMP Mon Aug 25 11:43:38 EEST 2025
[    0.000000] CPU: ARMv7 Processor [413fc082] revision 2 (ARMv7), cr=10c5387d
[    0.000000] CPU: PIPT / VIPT nonaliasing data cache, VIPT aliasing instruction cache
[    0.000000] OF: fdt: Machine model: TI AM335x BeagleBone Black
[    0.000000] Memory policy: Data cache writeback
[    0.000000] cma: Reserved 16 MiB at 0x9e800000
[    0.000000] Zone ranges:
[    0.000000]   Normal   [mem 0x0000000080000000-0x000000009fdfffff]
[    0.000000]   HighMem  empty
[    0.000000] Movable zone start for each node
[    0.000000] Early memory node ranges
[    0.000000]   node   0: [mem 0x0000000080000000-0x000000009fdfffff]
[    0.000000] Initmem setup node 0 [mem 0x0000000080000000-0x000000009fdfffff]
[    0.000000] On node 0, zone Normal: 512 pages in unavailable ranges
[    0.000000] OF: reserved mem: Reserved memory: No reserved-memory node in the DT
[    0.000000] CPU: All CPU(s) started in SVC mode.
[    0.000000] AM335X ES2.1 (sgx neon)
[    0.000000] percpu: Embedded 17 pages/cpu s39820 r8192 d21620 u69632
[    0.000000] pcpu-alloc: s39820 r8192 d21620 u69632 alloc=17*4096
[    0.000000] pcpu-alloc: [0] 0 
[    0.000000] Kernel command line: console=ttyO0,115200n8 root=/dev/nfs rw nfsroot=192.168.255.126:/home/user01/nfs,nfsvers=3 ip=192.168.255.1:192.168.255.126::255.255.255.0:bbb1:eth0 nfsrootdebug
[    0.000000] Unknown kernel command line parameters "nfsrootdebug", will be passed to user space.
[    0.000000] printk: log buffer data + meta data: 65536 + 204800 = 270336 bytes
[    0.000000] Dentry cache hash table entries: 65536 (order: 6, 262144 bytes, linear)
[    0.000000] Inode-cache hash table entries: 32768 (order: 5, 131072 bytes, linear)
[    0.000000] Built 1 zonelists, mobility grouping on.  Total pages: 130560
[    0.000000] mem auto-init: stack:off, heap alloc:off, heap free:off
[    0.000000] SLUB: HWalign=16, Order=0-3, MinObjects=0, CPUs=1, Nodes=1
[    0.000000] rcu: Hierarchical RCU implementation.
[    0.000000] rcu: 	RCU event tracing is enabled.
[    0.000000] rcu: 	RCU restricting CPUs from NR_CPUS=2 to nr_cpu_ids=1.
[    0.000000] 	Tracing variant of Tasks RCU enabled.
[    0.000000] rcu: RCU calculated value of scheduler-enlistment delay is 10 jiffies.
[    0.000000] rcu: Adjusting geometry for rcu_fanout_leaf=16, nr_cpu_ids=1
[    0.000000] RCU Tasks Trace: Setting shift to 0 and lim to 1 rcu_task_cb_adjust=1 rcu_task_cpu_ids=1.
[    0.000000] NR_IRQS: 16, nr_irqs: 16, preallocated irqs: 16
[    0.000000] IRQ: Found an INTC at 0x(ptrval) (revision 5.0) with 128 interrupts
[    0.000000] rcu: srcu_init: Setting srcu_struct sizes based on contention.
[    0.000000] TI gptimer clocksource: always-on /ocp/interconnect@44c00000/segment@200000/target-module@31000
[    0.000003] sched_clock: 32 bits at 24MHz, resolution 41ns, wraps every 89478484971ns
[    0.000026] clocksource: dmtimer: mask: 0xffffffff max_cycles: 0xffffffff, max_idle_ns: 79635851949 ns
[    0.000526] TI gptimer clockevent: 24000000 Hz at /ocp/interconnect@48000000/segment@0/target-module@40000
[    0.002098] Console: colour dummy device 80x30
[    0.002166] WARNING: Your 'console=ttyO0' has been replaced by 'ttyS0'
[    0.002174] This ensures that you still see kernel messages. Please
[    0.002178] update your kernel commandline.
[    0.002221] Calibrating delay loop... 996.14 BogoMIPS (lpj=4980736)
[    0.090571] CPU: Testing write buffer coherency: ok
[    0.090680] CPU0: Spectre v2: using BPIALL workaround
[    0.090690] pid_max: default: 32768 minimum: 301
[    0.090844] LSM: initializing lsm=capability
[    0.091012] Mount-cache hash table entries: 1024 (order: 0, 4096 bytes, linear)
[    0.091031] Mountpoint-cache hash table entries: 1024 (order: 0, 4096 bytes, linear)
[    0.092609] CPU0: thread -1, cpu 0, socket -1, mpidr 0
[    0.092669] cacheinfo: Unable to detect cache hierarchy for CPU 0
[    0.094689] Setting up static identity map for 0x80100000 - 0x80100078
[    0.095026] rcu: Hierarchical SRCU implementation.
[    0.095038] rcu: 	Max phase no-delay instances is 1000.
[    0.096767] smp: Bringing up secondary CPUs ...
[    0.096824] smp: Brought up 1 node, 1 CPU
[    0.096835] SMP: Total of 1 processors activated (996.14 BogoMIPS).
[    0.096847] CPU: All CPU(s) started in SVC mode.
[    0.097046] Memory: 480880K/522240K available (11264K kernel code, 1218K rwdata, 2936K rodata, 1024K init, 253K bss, 23328K reserved, 16384K cma-reserved, 0K highmem)
[    0.097869] devtmpfs: initialized
[    0.115174] VFP support v0.3: implementor 41 architecture 3 part 30 variant c rev 3
[    0.115811] clocksource: jiffies: mask: 0xffffffff max_cycles: 0xffffffff, max_idle_ns: 19112604462750000 ns
[    0.115869] posixtimers hash table entries: 512 (order: 0, 4096 bytes, linear)
[    0.115896] futex hash table entries: 256 (16384 bytes on 1 NUMA nodes, total 16 KiB, linear).
[    0.117013] pinctrl core: initialized pinctrl subsystem
[    0.119168] NET: Registered PF_NETLINK/PF_ROUTE protocol family
[    0.122307] DMA: preallocated 256 KiB pool for atomic coherent allocations
[    0.122928] audit: initializing netlink subsys (disabled)
[    0.124257] thermal_sys: Registered thermal governor 'fair_share'
[    0.124273] thermal_sys: Registered thermal governor 'step_wise'
[    0.124282] thermal_sys: Registered thermal governor 'user_space'
[    0.124393] audit: type=2000 audit(0.120:1): state=initialized audit_enabled=0 res=1
[    0.124463] cpuidle: using governor menu
[    0.142718] /ocp/interconnect@44c00000/segment@200000/target-module@b000/i2c@0/tda19988@70: Fixed dependency cycle(s) with /ocp/interconnect@48000000/segment@300000/target-module@e000/lcdc@0
[    0.143809] /ocp/interconnect@48000000/segment@300000/target-module@e000/lcdc@0: Fixed dependency cycle(s) with /ocp/interconnect@44c00000/segment@200000/target-module@b000/i2c@0/tda19988@70
[    0.146021] No ATAGs?
[    0.146064] hw-breakpoint: debug architecture 0x4 unsupported.
[    0.149161] kprobes: kprobe jump-optimization is enabled. All kprobes are optimized if possible.
[    0.162662] iommu: Default domain type: Translated
[    0.162687] iommu: DMA domain TLB invalidation policy: strict mode
[    0.164690] SCSI subsystem initialized
[    0.165247] reg-fixed-voltage fixedregulator0: using DT '/fixedregulator0' for '(default)' GPIO lookup
[    0.165297] of_get_named_gpiod_flags: can't parse 'gpios' property of node '/fixedregulator0[0]'
[    0.165326] of_get_named_gpiod_flags: can't parse 'gpio' property of node '/fixedregulator0[0]'
[    0.165344] reg-fixed-voltage fixedregulator0: using lookup tables for GPIO lookup
[    0.165355] reg-fixed-voltage fixedregulator0: No GPIO consumer (default) found
[    0.165930] libata version 3.00 loaded.
[    0.166317] pps_core: LinuxPPS API ver. 1 registered
[    0.166326] pps_core: Software ver. 5.3.6 - Copyright 2005-2007 Rodolfo Giometti <giometti@linux.it>
[    0.166351] PTP clock support registered
[    0.168346] vgaarb: loaded
[    0.168699] clocksource: Switched to clocksource dmtimer
[    0.169363] VFS: Disk quotas dquot_6.6.0
[    0.169418] VFS: Dquot-cache hash table entries: 1024 (order 0, 4096 bytes)
[    0.201976] NET: Registered PF_INET protocol family
[    0.202323] IP idents hash table entries: 8192 (order: 4, 65536 bytes, linear)
[    0.203739] tcp_listen_portaddr_hash hash table entries: 512 (order: 0, 4096 bytes, linear)
[    0.203774] Table-perturb hash table entries: 65536 (order: 6, 262144 bytes, linear)
[    0.203792] TCP established hash table entries: 4096 (order: 2, 16384 bytes, linear)
[    0.203838] TCP bind hash table entries: 4096 (order: 4, 65536 bytes, linear)
[    0.203938] TCP: Hash tables configured (established 4096 bind 4096)
[    0.204060] UDP hash table entries: 256 (order: 1, 14336 bytes, linear)
[    0.204095] UDP-Lite hash table entries: 256 (order: 1, 14336 bytes, linear)
[    0.204295] NET: Registered PF_UNIX/PF_LOCAL protocol family
[    0.205569] RPC: Registered named UNIX socket transport module.
[    0.205589] RPC: Registered udp transport module.
[    0.205594] RPC: Registered tcp transport module.
[    0.205599] RPC: Registered tcp-with-tls transport module.
[    0.205604] RPC: Registered tcp NFSv4.1 backchannel transport module.
[    0.205628] PCI: CLS 0 bytes, default 64
[    0.207044] Initialise system trusted keyrings
[    0.218966] workingset: timestamp_bits=14 max_order=17 bucket_order=3
[    0.220393] NFS: Registering the id_resolver key type
[    0.220463] Key type id_resolver registered
[    0.220470] Key type id_legacy registered
[    0.220579] jffs2: version 2.2. (NAND) (SUMMARY)  Â© 2001-2006 Red Hat, Inc.
[    0.221040] Key type asymmetric registered
[    0.221057] Asymmetric key parser 'x509' registered
[    0.221130] io scheduler mq-deadline registered
[    0.221140] io scheduler kyber registered
[    0.221215] io scheduler bfq registered
[    0.223109] target-module@4b000000:target-module@140000:pmu@0:fck: device ID is greater than 24
[    0.229294] l3-aon-clkctrl:0000:0: failed to disable
[    0.229552] ledtrig-cpu: registered to indicate activity on CPUs
[    0.239134] Serial: 8250/16550 driver, 6 ports, IRQ sharing enabled
[    0.283636] brd: module loaded
[    0.292515] loop: module loaded
[    0.293460] mtdoops: mtd device (mtddev=name/number) must be supplied
[    0.295039] mdio_bus fixed-0: using lookup tables for GPIO lookup
[    0.295063] mdio_bus fixed-0: No GPIO consumer reset found
[    0.296480] i2c_dev: i2c /dev entries driver
[    0.297501] cpuidle: enable-method property 'ti,am3352' found operations
[    0.297959] sdhci: Secure Digital Host Controller Interface driver
[    0.297968] sdhci: Copyright(c) Pierre Ossman
[    0.298154] sdhci-pltfm: SDHCI platform and OF driver helper
[    0.319168] hw perfevents: enabled with armv7_cortex_a8 PMU driver, 5 (8000000f) counters available
[    0.319712] Initializing XFRM netlink socket
[    0.319890] NET: Registered PF_INET6 protocol family
[    0.325295] l3-aon-clkctrl:0000:0: failed to disable
[    0.326925] Segment Routing with IPv6
[    0.327007] In-situ OAM (IOAM) with IPv6
[    0.327100] sit: IPv6, IPv4 and MPLS over IPv4 tunneling driver
[    0.328058] NET: Registered PF_PACKET protocol family
[    0.328085] NET: Registered PF_KEY protocol family
[    0.328272] Key type dns_resolver registered
[    0.328495] ThumbEE CPU extension supported.
[    0.328517] Registering SWP/SWPB emulation handler
[    0.329253] omap_voltage_late_init: Voltage driver support not added
[    0.329989] SmartReflex Class3 initialized
[    0.360895] Loading compiled-in X.509 certificates
[    0.393273] /ocp/interconnect@44c00000/segment@200000/target-module@b000/i2c@0/tda19988@70: Fixed dependency cycle(s) with /ocp/interconnect@48000000/segment@300000/target-module@e000/lcdc@0
[    0.399889] /ocp/interconnect@44c00000/segment@200000/target-module@b000/i2c@0/tda19988@70: Fixed dependency cycle(s) with /ocp/interconnect@48000000/segment@300000/target-module@e000/lcdc@0
[    0.405509] gpiochip_find_base_unlocked: found new base at 512
[    0.422669] /ocp/interconnect@44c00000/segment@200000/target-module@b000/i2c@0/tda19988@70: Fixed dependency cycle(s) with /ocp/interconnect@48000000/segment@300000/target-module@e000/lcdc@0
[    0.423554] /ocp/interconnect@44c00000/segment@200000/target-module@b000/i2c@0/tda19988@70: Fixed dependency cycle(s) with /ocp/interconnect@48000000/segment@300000/target-module@e000/lcdc@0
[    0.427012] /ocp/interconnect@44c00000/segment@200000/target-module@10000/scm@0/pinmux@800: Fixed dependency cycle(s) with /ocp/interconnect@44c00000/segment@200000/target-module@10000/scm@0/pinmux@800/clkout2-pins
[    0.427599] pinctrl-single 44e10800.pinmux: 142 pins, size 568
[    0.433233] ti-sysc 44e31000.target-module: probe with driver ti-sysc failed with error -16
[    0.457743] /ocp/interconnect@48000000/segment@300000/target-module@e000/lcdc@0: Fixed dependency cycle(s) with /ocp/interconnect@44c00000/segment@200000/target-module@b000/i2c@0/tda19988@70
[    0.466103] ti-sysc 48040000.target-module: probe with driver ti-sysc failed with error -16
[    0.477688] gpiochip_find_base_unlocked: found new base at 512
[    0.477787] gpio gpiochip0: (gpio-0-31): created GPIO range 0->7 ==> 44e10800.pinmux PIN 0->7
[    0.477807] gpio gpiochip0: (gpio-0-31): created GPIO range 8->11 ==> 44e10800.pinmux PIN 90->93
[    0.477822] gpio gpiochip0: (gpio-0-31): created GPIO range 12->27 ==> 44e10800.pinmux PIN 12->27
[    0.477838] gpio gpiochip0: (gpio-0-31): created GPIO range 28->31 ==> 44e10800.pinmux PIN 30->33
[    0.512762] gpio gpiochip0: (gpio-0-31): added GPIO chardev (254:0)
[    0.512984] gpio gpiochip0: registered GPIOs 512 to 543 on gpio-0-31
[    0.513068] OMAP GPIO hardware version 0.1
[    0.551798] i2c i2c-2: using DT '/ocp/interconnect@48000000/segment@100000/target-module@9c000/i2c@0' for 'scl' GPIO lookup
[    0.551876] of_get_named_gpiod_flags: can't parse 'scl-gpios' property of node '/ocp/interconnect@48000000/segment@100000/target-module@9c000/i2c@0[0]'
[    0.551919] of_get_named_gpiod_flags: can't parse 'scl-gpio' property of node '/ocp/interconnect@48000000/segment@100000/target-module@9c000/i2c@0[0]'
[    0.551955] i2c i2c-2: using lookup tables for GPIO lookup
[    0.551965] i2c i2c-2: No GPIO consumer scl found
[    0.551986] i2c i2c-2: using DT '/ocp/interconnect@48000000/segment@100000/target-module@9c000/i2c@0' for 'sda' GPIO lookup
[    0.552021] of_get_named_gpiod_flags: can't parse 'sda-gpios' property of node '/ocp/interconnect@48000000/segment@100000/target-module@9c000/i2c@0[0]'
[    0.552058] of_get_named_gpiod_flags: can't parse 'sda-gpio' property of node '/ocp/interconnect@48000000/segment@100000/target-module@9c000/i2c@0[0]'
[    0.552089] i2c i2c-2: using lookup tables for GPIO lookup
[    0.552097] i2c i2c-2: No GPIO consumer sda found
[    0.552809] omap_i2c 4819c000.i2c: bus 2 rev0.11 at 100 kHz
[    0.558444] gpiochip_find_base_unlocked: found new base at 544
[    0.558550] gpio gpiochip1: (gpio-32-63): created GPIO range 0->17 ==> 44e10800.pinmux PIN 34->51
[    0.558571] gpio gpiochip1: (gpio-32-63): created GPIO range 18->21 ==> 44e10800.pinmux PIN 77->80
[    0.558587] gpio gpiochip1: (gpio-32-63): created GPIO range 22->31 ==> 44e10800.pinmux PIN 56->65
[    0.559685] gpio gpiochip1: (gpio-32-63): added GPIO chardev (254:1)
[    0.559915] gpio gpiochip1: registered GPIOs 544 to 575 on gpio-32-63
[    0.562180] gpiochip_find_base_unlocked: found new base at 576
[    0.562274] gpio gpiochip2: (gpio-64-95): created GPIO range 0->4 ==> 44e10800.pinmux PIN 66->70
[    0.562293] gpio gpiochip2: (gpio-64-95): created GPIO range 5->6 ==> 44e10800.pinmux PIN 98->99
[    0.562319] gpio gpiochip2: (gpio-64-95): created GPIO range 7->8 ==> 44e10800.pinmux PIN 75->76
[    0.562334] gpio gpiochip2: (gpio-64-95): created GPIO range 13->13 ==> 44e10800.pinmux PIN 141->141
[    0.562350] gpio gpiochip2: (gpio-64-95): created GPIO range 14->21 ==> 44e10800.pinmux PIN 100->107
[    0.571850] gpio gpiochip2: (gpio-64-95): added GPIO chardev (254:2)
[    0.572081] gpio gpiochip2: registered GPIOs 576 to 607 on gpio-64-95
[    0.577766] 48000000.interconnect:segment@200000:target-module@0:mpu@0:fck: device ID is greater than 24
[    0.578858] /ocp/interconnect@48000000/segment@300000/target-module@e000/lcdc@0: Fixed dependency cycle(s) with /ocp/interconnect@44c00000/segment@200000/target-module@b000/i2c@0/tda19988@70
[    0.581809] /ocp/interconnect@48000000/segment@300000/target-module@e000/lcdc@0: Fixed dependency cycle(s) with /ocp/interconnect@44c00000/segment@200000/target-module@b000/i2c@0/tda19988@70
[    0.582537] /ocp/interconnect@44c00000/segment@200000/target-module@b000/i2c@0/tda19988@70: Fixed dependency cycle(s) with /ocp/interconnect@48000000/segment@300000/target-module@e000/lcdc@0
[    0.582696] /ocp/interconnect@48000000/segment@300000/target-module@e000/lcdc@0: Fixed dependency cycle(s) with /ocp/interconnect@44c00000/segment@200000/target-module@b000/i2c@0/tda19988@70
[    0.592520] mdio_bus 4a101000.mdio: using DT '/ocp/interconnect@4a000000/segment@0/target-module@100000/switch@0/mdio@1000' for 'reset' GPIO lookup
[    0.592593] of_get_named_gpiod_flags: can't parse 'reset-gpios' property of node '/ocp/interconnect@4a000000/segment@0/target-module@100000/switch@0/mdio@1000[0]'
[    0.592639] of_get_named_gpiod_flags: can't parse 'reset-gpio' property of node '/ocp/interconnect@4a000000/segment@0/target-module@100000/switch@0/mdio@1000[0]'
[    0.592685] mdio_bus 4a101000.mdio: using lookup tables for GPIO lookup
[    0.592695] mdio_bus 4a101000.mdio: No GPIO consumer reset found
[    0.593621] sdhci-omap 481d8000.mmc: using DT '/ocp/interconnect@48000000/segment@100000/target-module@d8000/mmc@0' for 'wp' GPIO lookup
[    0.593680] of_get_named_gpiod_flags: can't parse 'wp-gpios' property of node '/ocp/interconnect@48000000/segment@100000/target-module@d8000/mmc@0[0]'
[    0.593721] of_get_named_gpiod_flags: can't parse 'wp-gpio' property of node '/ocp/interconnect@48000000/segment@100000/target-module@d8000/mmc@0[0]'
[    0.593755] sdhci-omap 481d8000.mmc: using lookup tables for GPIO lookup
[    0.593765] sdhci-omap 481d8000.mmc: No GPIO consumer wp found
[    0.593959] sdhci-omap 481d8000.mmc: supply pbias not found, using dummy regulator
[    0.594453] sdhci-omap 481d8000.mmc: supply vqmmc not found, using dummy regulator
[    0.652853] davinci_mdio 4a101000.mdio: davinci mdio revision 1.6, bus freq 1000000
[    0.667902] mdio_bus 4a101000.mdio:00: using DT '/ocp/interconnect@4a000000/segment@0/target-module@100000/switch@0/mdio@1000/ethernet-phy@0' for 'reset' GPIO lookup
[    0.668004] of_get_named_gpiod_flags: parsed 'reset-gpios' property of node '/ocp/interconnect@4a000000/segment@0/target-module@100000/switch@0/mdio@1000/ethernet-phy@0[0]' - status (0)
[    0.668166] gpio gpiochip0: Persistence not supported for GPIO 8
[    0.803632] davinci_mdio 4a101000.mdio: phy[0]: device 4a101000.mdio:00, driver SMSC LAN8710/LAN8720
[    0.804417] cpsw-switch 4a100000.switch: initialized cpsw ale version 1.4
[    0.804439] cpsw-switch 4a100000.switch: ALE Table size 1024, Policers 0
[    0.804764] cpsw-switch 4a100000.switch: cpts: overflow check period 500 (jiffies)
[    0.804785] cpsw-switch 4a100000.switch: CPTS: ref_clk_freq:250000000 calc_mult:2147483648 calc_shift:29 error:0 nsec/sec
[    0.804894] cpsw-switch 4a100000.switch: Detected MACID = 6c:ec:eb:68:de:78
[    0.806760] cpsw-switch 4a100000.switch: initialized (regs 0x4a100000, pool size 256) hw_ver:0019010C 1.12 (0)
[    0.817816] debugfs: '49000000.dma' already exists in 'dmaengine'
[    0.817862] edma 49000000.dma: TI EDMA DMA engine driver
[    0.867891] gpio-clk clk_mcasp0: using DT '/clk_mcasp0' for 'enable' GPIO lookup
[    0.867974] of_get_named_gpiod_flags: parsed 'enable-gpios' property of node '/clk_mcasp0[0]' - status (0)
[    0.868020] gpio gpiochip0: Persistence not supported for GPIO 27
[    0.869136] gpiochip_find_base_unlocked: found new base at 608
[    0.869252] gpio gpiochip3: (gpio-96-127): created GPIO range 0->7 ==> 44e10800.pinmux PIN 82->89
[    0.869272] gpio gpiochip3: (gpio-96-127): created GPIO range 8->11 ==> 44e10800.pinmux PIN 52->55
[    0.869288] gpio gpiochip3: (gpio-96-127): created GPIO range 12->15 ==> 44e10800.pinmux PIN 94->97
[    0.869303] gpio gpiochip3: (gpio-96-127): created GPIO range 16->17 ==> 44e10800.pinmux PIN 71->72
[    0.869318] gpio gpiochip3: (gpio-96-127): created GPIO range 18->18 ==> 44e10800.pinmux PIN 135->135
[    0.869334] gpio gpiochip3: (gpio-96-127): created GPIO range 19->20 ==> 44e10800.pinmux PIN 108->109
[    0.869350] gpio gpiochip3: (gpio-96-127): created GPIO range 21->21 ==> 44e10800.pinmux PIN 73->73
[    0.869367] gpio gpiochip3: (gpio-96-127): created GPIO range 22->23 ==> 44e10800.pinmux PIN 8->9
[    0.869384] gpio gpiochip3: (gpio-96-127): created GPIO range 26->27 ==> 44e10800.pinmux PIN 10->11
[    0.869401] gpio gpiochip3: (gpio-96-127): created GPIO range 28->28 ==> 44e10800.pinmux PIN 74->74
[    0.869420] gpio gpiochip3: (gpio-96-127): created GPIO range 29->29 ==> 44e10800.pinmux PIN 81->81
[    0.869438] gpio gpiochip3: (gpio-96-127): created GPIO range 30->31 ==> 44e10800.pinmux PIN 28->29
[    0.879651] gpio gpiochip3: (gpio-96-127): added GPIO chardev (254:3)
[    0.879892] gpio gpiochip3: registered GPIOs 608 to 639 on gpio-96-127
[    0.882323] omap8250 44e09000.serial: using DT '/ocp/interconnect@44c00000/segment@200000/target-module@9000/serial@0' for 'rs485-term' GPIO lookup
[    0.882398] of_get_named_gpiod_flags: can't parse 'rs485-term-gpios' property of node '/ocp/interconnect@44c00000/segment@200000/target-module@9000/serial@0[0]'
[    0.882444] of_get_named_gpiod_flags: can't parse 'rs485-term-gpio' property of node '/ocp/interconnect@44c00000/segment@200000/target-module@9000/serial@0[0]'
[    0.882481] omap8250 44e09000.serial: using lookup tables for GPIO lookup
[    0.882491] omap8250 44e09000.serial: No GPIO consumer rs485-term found
[    0.882502] omap8250 44e09000.serial: using DT '/ocp/interconnect@44c00000/segment@200000/target-module@9000/serial@0' for 'rs485-rx-during-tx' GPIO lookup
[    0.882537] of_get_named_gpiod_flags: can't parse 'rs485-rx-during-tx-gpios' property of node '/ocp/interconnect@44c00000/segment@200000/target-module@9000/serial@0[0]'
[    0.882574] of_get_named_gpiod_flags: can't parse 'rs485-rx-during-tx-gpio' property of node '/ocp/interconnect@44c00000/segment@200000/target-module@9000/serial@0[0]'
[    0.882606] omap8250 44e09000.serial: using lookup tables for GPIO lookup
[    0.882613] omap8250 44e09000.serial: No GPIO consumer rs485-rx-during-tx found
[    0.883076] 44e09000.serial: ttyS0 at MMIO 0x44e09000 (irq = 34, base_baud = 3000000) is a 8250
[    0.883170] printk: legacy console [ttyS0] enabled
[    2.432287] i2c i2c-0: using DT '/ocp/interconnect@44c00000/segment@200000/target-module@b000/i2c@0' for 'scl' GPIO lookup
[    2.432375] of_get_named_gpiod_flags: can't parse 'scl-gpios' property of node '/ocp/interconnect@44c00000/segment@200000/target-module@b000/i2c@0[0]'
[    2.432422] of_get_named_gpiod_flags: can't parse 'scl-gpio' property of node '/ocp/interconnect@44c00000/segment@200000/target-module@b000/i2c@0[0]'
[    2.432463] i2c i2c-0: using lookup tables for GPIO lookup
[    2.432477] i2c i2c-0: No GPIO consumer scl found
[    2.432502] i2c i2c-0: using DT '/ocp/interconnect@44c00000/segment@200000/target-module@b000/i2c@0' for 'sda' GPIO lookup
[    2.432542] of_get_named_gpiod_flags: can't parse 'sda-gpios' property of node '/ocp/interconnect@44c00000/segment@200000/target-module@b000/i2c@0[0]'
[    2.432583] of_get_named_gpiod_flags: can't parse 'sda-gpio' property of node '/ocp/interconnect@44c00000/segment@200000/target-module@b000/i2c@0[0]'
[    2.432618] i2c i2c-0: using lookup tables for GPIO lookup
[    2.432629] i2c i2c-0: No GPIO consumer sda found
[    2.449658] tps65217-pmic: Failed to locate of_node [id: -1]
[    2.455731] tps65217-bl: Failed to locate of_node [id: -1]
[    2.461822] platform tps65217-charger: DMA mask not set
[    2.467862] platform tps65217-pwrbutton: DMA mask not set
[    2.475145] tps65217 0-0024: TPS65217 ID 0xe version 1.2
[    2.481275] /ocp/interconnect@48000000/segment@300000/target-module@e000/lcdc@0: Fixed dependency cycle(s) with /ocp/interconnect@44c00000/segment@200000/target-module@b000/i2c@0/tda19988@70
[    2.498653] /ocp/interconnect@44c00000/segment@200000/target-module@b000/i2c@0/tda19988@70: Fixed dependency cycle(s) with /ocp/interconnect@48000000/segment@300000/target-module@e000/lcdc@0
[    2.516040] omap_i2c 44e0b000.i2c: bus 0 rev0.11 at 400 kHz
[    2.523725] sdhci-omap 48060000.mmc: using DT '/ocp/interconnect@48000000/segment@0/target-module@60000/mmc@0' for 'cd' GPIO lookup
[    2.523831] of_get_named_gpiod_flags: parsed 'cd-gpios' property of node '/ocp/interconnect@48000000/segment@0/target-module@60000/mmc@0[0]' - status (0)
[    2.523899] gpio gpiochip3: Persistence not supported for GPIO 6
[    2.523928] omap_gpio 44e07000.gpio: Could not set line 6 debounce to 200000 microseconds (-22)
[    2.532867] sdhci-omap 48060000.mmc: Got CD GPIO
[    2.537521] sdhci-omap 48060000.mmc: using DT '/ocp/interconnect@48000000/segment@0/target-module@60000/mmc@0' for 'wp' GPIO lookup
[    2.537571] of_get_named_gpiod_flags: can't parse 'wp-gpios' property of node '/ocp/interconnect@48000000/segment@0/target-module@60000/mmc@0[0]'
[    2.537616] of_get_named_gpiod_flags: can't parse 'wp-gpio' property of node '/ocp/interconnect@48000000/segment@0/target-module@60000/mmc@0[0]'
[    2.537654] sdhci-omap 48060000.mmc: using lookup tables for GPIO lookup
[    2.537668] sdhci-omap 48060000.mmc: No GPIO consumer wp found
[    2.537889] sdhci-omap 48060000.mmc: supply pbias not found, using dummy regulator
[    2.546679] sdhci-omap 481d8000.mmc: using DT '/ocp/interconnect@48000000/segment@100000/target-module@d8000/mmc@0' for 'wp' GPIO lookup
[    2.546753] of_get_named_gpiod_flags: can't parse 'wp-gpios' property of node '/ocp/interconnect@48000000/segment@100000/target-module@d8000/mmc@0[0]'
[    2.546800] of_get_named_gpiod_flags: can't parse 'wp-gpio' property of node '/ocp/interconnect@48000000/segment@100000/target-module@d8000/mmc@0[0]'
[    2.546838] sdhci-omap 481d8000.mmc: using lookup tables for GPIO lookup
[    2.546851] sdhci-omap 481d8000.mmc: No GPIO consumer wp found
[    2.547835] sdhci-omap 48060000.mmc: supply vqmmc not found, using dummy regulator
[    2.556988] sdhci-omap 481d8000.mmc: supply pbias not found, using dummy regulator
[    2.566728] sdhci-omap 481d8000.mmc: supply vqmmc not found, using dummy regulator
[    2.602413] mmc0: SDHCI controller on 48060000.mmc [48060000.mmc] using External DMA
[    2.610725] mmc1: SDHCI controller on 481d8000.mmc [481d8000.mmc] using External DMA
[    2.619498] cpsw-switch 4a100000.switch: starting ndev. mode: dual_mac
[    2.688986] mmc1: new high speed MMC card at address 0001
[    2.695839] mmcblk1: mmc1:0001 MMC04G 3.60 GiB
[    2.703703]  mmcblk1: p1 p2
[    2.707456] SMSC LAN8710/LAN8720 4a101000.mdio:00: attached PHY driver (mii_bus:phy_addr=4a101000.mdio:00, irq=POLL)
[    2.720021] mmcblk1boot0: mmc1:0001 MMC04G 2.00 MiB
[    2.733894] mmcblk1boot1: mmc1:0001 MMC04G 2.00 MiB
[    2.742546] mmcblk1rpmb: mmc1:0001 MMC04G 128 KiB, chardev (249:0)
[    2.791773] mmc0: new high speed SDHC card at address aaaa
[    2.798596] mmcblk0: mmc0:aaaa SE32G 29.7 GiB
[    2.807874]  mmcblk0: p1 p2
[    5.849469] cpsw-switch 4a100000.switch eth0: Link is Up - 100Mbps/Full - flow control off
[    5.888943] IP-Config: Complete:
[    5.892221]      device=eth0, hwaddr=6c:ec:eb:68:de:78, ipaddr=192.168.255.1, mask=255.255.255.0, gw=255.255.255.255
[    5.902893]      host=bbb1, domain=, nis-domain=(none)
[    5.908062]      bootserver=192.168.255.126, rootserver=192.168.255.126, rootpath=
[    5.908482] clk: Disabling unused clocks
[    5.920374] KTAP version 1
[    5.923105] 1..0
[    5.925537] check access for rdinit=/init failed: -2, ignoring
[    5.966185] VFS: Mounted root (nfs filesystem) on device 0:17.
[    5.973519] devtmpfs: mounted
[    5.978003] Freeing unused kernel image (initmem) memory: 1024K
[    5.984775] Run /sbin/init as init process
[    5.988962]   with arguments:
[    5.988978]     /sbin/init
[    5.988988]     nfsrootdebug
[    5.988997]   with environment:
[    5.989005]     HOME=/
[    5.989014]     TERM=linux
[    6.667648] systemd[1]: System time before build time, advancing clock.
[    8.168717] random: crng init done
[    8.185120] systemd[1]: systemd 232 running in system mode. (+PAM +AUDIT +SELINUX +IMA +APPARMOR +SMACK +SYSVINIT +UTMP +LIBCRYPTSETUP +GCRYPT +GNUTLS +ACL +XZ +LZ4 +SECCOMP +BLKID +ELFUTILS +KMOD +IDN)
[    8.204136] systemd[1]: Detected architecture arm.
[    8.231969] systemd[1]: Set hostname to <arm>.
[    9.337075] systemd[1]: Listening on udev Kernel Socket.
[    9.360514] systemd[1]: systemd-journald.socket: SO_PASSSEC failed: Operation not supported
[    9.369452] systemd[1]: systemd-journald.socket: SO_PASSSEC failed: Operation not supported
[    9.378039] systemd[1]: Listening on Journal Socket.
[    9.400687] systemd[1]: Listening on udev Control Socket.
[    9.430203] systemd[1]: Created slice System Slice.
[    9.460232] systemd[1]: Created slice system-serial\x2dgetty.slice.
[   11.621139] systemd-journald[92]: Received request to flush runtime journal from PID 1
[   12.649554] omap_prm 44e00d00.prm: sync_state() pending due to 44d00000.cpu
[   14.357157] leds-gpio leds: using DT '/leds/led2' for '(default)' GPIO lookup
[   14.357273] of_get_named_gpiod_flags: parsed 'gpios' property of node '/leds/led2[0]' - status (0)
[   14.357334] gpio gpiochip0: Persistence not supported for GPIO 21
[   14.357350] gpio-533 (?): no flags found for GPIO (default)
[   14.430295] leds-gpio leds: using DT '/leds/led3' for '(default)' GPIO lookup
[   14.430403] of_get_named_gpiod_flags: parsed 'gpios' property of node '/leds/led3[0]' - status (0)
[   14.430679] gpio gpiochip0: Persistence not supported for GPIO 22
[   14.430699] gpio-534 (?): no flags found for GPIO (default)
[   14.443212] leds-gpio leds: using DT '/leds/led4' for '(default)' GPIO lookup
[   14.443312] of_get_named_gpiod_flags: parsed 'gpios' property of node '/leds/led4[0]' - status (0)
[   14.443365] gpio gpiochip0: Persistence not supported for GPIO 23
[   14.443380] gpio-535 (?): no flags found for GPIO (default)
[   14.465019] leds-gpio leds: using DT '/leds/led5' for '(default)' GPIO lookup
[   14.465120] of_get_named_gpiod_flags: parsed 'gpios' property of node '/leds/led5[0]' - status (0)
[   14.465174] gpio gpiochip0: Persistence not supported for GPIO 24
[   14.465190] gpio-536 (?): no flags found for GPIO (default)
[   15.180897] remoteproc remoteproc0: wkup_m3 is available
[   15.250203] am335x-phy-driver 47401300.usb-phy: using DT '/ocp/target-module@47400000/usb-phy@1300' for 'reset' GPIO lookup
[   15.250298] of_get_named_gpiod_flags: can't parse 'reset-gpios' property of node '/ocp/target-module@47400000/usb-phy@1300[0]'
[   15.250342] of_get_named_gpiod_flags: can't parse 'reset-gpio' property of node '/ocp/target-module@47400000/usb-phy@1300[0]'
[   15.250380] am335x-phy-driver 47401300.usb-phy: using lookup tables for GPIO lookup
[   15.250394] am335x-phy-driver 47401300.usb-phy: No GPIO consumer reset found
[   15.250409] am335x-phy-driver 47401300.usb-phy: using DT '/ocp/target-module@47400000/usb-phy@1300' for 'vbus-detect' GPIO lookup
[   15.250439] of_get_named_gpiod_flags: can't parse 'vbus-detect-gpios' property of node '/ocp/target-module@47400000/usb-phy@1300[0]'
[   15.250471] of_get_named_gpiod_flags: can't parse 'vbus-detect-gpio' property of node '/ocp/target-module@47400000/usb-phy@1300[0]'
[   15.250499] am335x-phy-driver 47401300.usb-phy: using lookup tables for GPIO lookup
[   15.250510] am335x-phy-driver 47401300.usb-phy: No GPIO consumer vbus-detect found
[   15.250660] am335x-phy-driver 47401300.usb-phy: dummy supplies not allowed for exclusive requests (id=vbus)
[   15.271007] usbcore: registered new interface driver usbfs
[   15.276651] usbcore: registered new interface driver hub
[   15.282323] usbcore: registered new device driver usb
[   15.416045] am335x-phy-driver 47401b00.usb-phy: using DT '/ocp/target-module@47400000/usb-phy@1b00' for 'reset' GPIO lookup
[   15.416138] of_get_named_gpiod_flags: can't parse 'reset-gpios' property of node '/ocp/target-module@47400000/usb-phy@1b00[0]'
[   15.416182] of_get_named_gpiod_flags: can't parse 'reset-gpio' property of node '/ocp/target-module@47400000/usb-phy@1b00[0]'
[   15.416218] am335x-phy-driver 47401b00.usb-phy: using lookup tables for GPIO lookup
[   15.416234] am335x-phy-driver 47401b00.usb-phy: No GPIO consumer reset found
[   15.416248] am335x-phy-driver 47401b00.usb-phy: using DT '/ocp/target-module@47400000/usb-phy@1b00' for 'vbus-detect' GPIO lookup
[   15.416279] of_get_named_gpiod_flags: can't parse 'vbus-detect-gpios' property of node '/ocp/target-module@47400000/usb-phy@1b00[0]'
[   15.416311] of_get_named_gpiod_flags: can't parse 'vbus-detect-gpio' property of node '/ocp/target-module@47400000/usb-phy@1b00[0]'
[   15.416336] am335x-phy-driver 47401b00.usb-phy: using lookup tables for GPIO lookup
[   15.416348] am335x-phy-driver 47401b00.usb-phy: No GPIO consumer vbus-detect found
[   15.416498] am335x-phy-driver 47401b00.usb-phy: dummy supplies not allowed for exclusive requests (id=vbus)
[   15.536025] at24 2-0054: supply vcc not found, using dummy regulator
[   15.639405] at24 2-0055: supply vcc not found, using dummy regulator
[   15.715633] at24 2-0056: supply vcc not found, using dummy regulator
[   15.820369] at24 2-0057: supply vcc not found, using dummy regulator
[   15.905656] musb-hdrc musb-hdrc.1: MUSB HDRC host driver
[   15.911293] musb-hdrc musb-hdrc.1: new USB bus registered, assigned bus number 1
[   15.952631] at24 0-0050: using DT '/ocp/interconnect@44c00000/segment@200000/target-module@b000/i2c@0/eeprom@50' for 'wp' GPIO lookup
[   15.952740] of_get_named_gpiod_flags: can't parse 'wp-gpios' property of node '/ocp/interconnect@44c00000/segment@200000/target-module@b000/i2c@0/eeprom@50[0]'
[   15.952798] of_get_named_gpiod_flags: can't parse 'wp-gpio' property of node '/ocp/interconnect@44c00000/segment@200000/target-module@b000/i2c@0/eeprom@50[0]'
[   15.952844] at24 0-0050: using lookup tables for GPIO lookup
[   15.952859] at24 0-0050: No GPIO consumer wp found
[   15.953219] at24 0-0050: 32768 byte 24c256 EEPROM, writable, 1 bytes/write
[   16.053049] input: tps65217_pwrbutton as /devices/platform/ocp/44c00000.interconnect/44c00000.interconnect:segment@200000/44e0b000.target-module/44e0b000.i2c/i2c-0/0-0024/tps65217-pwrbutton/input/input0
[   16.099266] usb usb1: New USB device found, idVendor=1d6b, idProduct=0002, bcdDevice= 6.17
[   16.107629] usb usb1: New USB device strings: Mfr=3, Product=2, SerialNumber=1
[   16.115020] usb usb1: Product: MUSB HDRC host driver
[   16.120069] usb usb1: Manufacturer: Linux 6.17.0-rc3-next-20250825 musb-hcd
[   16.127069] usb usb1: SerialNumber: musb-hdrc.1
[   16.439558] hub 1-0:1.0: USB hub found
[   16.479531] hub 1-0:1.0: 1 port detected
[   16.893618] omap_rtc 44e3e000.rtc: registered as rtc0
[   16.899044] omap_rtc 44e3e000.rtc: setting system clock to 2000-01-01T00:00:00 UTC (946684800)
[   16.907984] omap_rtc 44e3e000.rtc: using DT '/ocp/interconnect@44c00000/segment@200000/target-module@3e000/rtc@0' for 'wp' GPIO lookup
[   16.908064] of_get_named_gpiod_flags: can't parse 'wp-gpios' property of node '/ocp/interconnect@44c00000/segment@200000/target-module@3e000/rtc@0[0]'
[   16.908116] of_get_named_gpiod_flags: can't parse 'wp-gpio' property of node '/ocp/interconnect@44c00000/segment@200000/target-module@3e000/rtc@0[0]'
[   16.908157] omap_rtc 44e3e000.rtc: using lookup tables for GPIO lookup
[   16.908172] omap_rtc 44e3e000.rtc: No GPIO consumer wp found
[   16.952010] omap_wdt: OMAP Watchdog Timer Rev 0x01: initial timeout 60 sec
[   17.555153] omap-mailbox 480c8000.mailbox: omap mailbox rev 0x400
[   17.668957] remoteproc remoteproc0: powering up wkup_m3
[   17.893529] remoteproc remoteproc0: Direct firmware load for am335x-pm-firmware.elf failed with error -2
[   17.903344] remoteproc remoteproc0: request_firmware failed: -2
[   17.909385] wkup_m3_ipc 44e11324.wkup_m3_ipc: rproc_boot failed
[   17.969326] tda998x 0-0070: found TDA19988
[   20.255651] tilcdc 4830e000.lcdc: bound 0-0070 (ops 0xbf1ca0f8)
[   20.302860] omap_rng 48310000.rng: Random Number Generator ver. 20
[   20.364447] [drm] Initialized tilcdc 1.0.0 for 4830e000.lcdc on minor 0
[   20.506143] tilcdc 4830e000.lcdc: [drm] Cannot find any crtc or sizes
[   20.566114] tilcdc 4830e000.lcdc: [drm] Cannot find any crtc or sizes
[   21.867050] PM: Cannot get wkup_m3_ipc handle
[   22.136998] omap-sham 53100000.sham: hw accel on OMAP rev 4.3
[   22.240717] omap-sham 53100000.sham: will run requests pump with realtime priority
[   22.252454] PM: Cannot get wkup_m3_ipc handle
[   22.315896] omap-aes 53500000.aes: OMAP AES hw accel rev: 3.2
[   22.413701] omap-aes 53500000.aes: will run requests pump with realtime priority
[   22.434664] PM: Cannot get wkup_m3_ipc handle
[   24.119665] Bluetooth: Core ver 2.22
[   24.123480] NET: Registered PF_BLUETOOTH protocol family
[   24.129039] Bluetooth: HCI device and connection manager initialized
[   24.135462] Bluetooth: HCI socket layer initialized
[   24.140463] Bluetooth: L2CAP socket layer initialized
[   24.145581] Bluetooth: SCO socket layer initialized
[   24.391369] ------------[ cut here ]------------
[   24.396073] WARNING: net/8021q/vlan_core.c:236 at vlan_for_each+0x114/0x134, CPU#0: avahi-daemon/294
[   24.405441] RTNL: assertion failed at net/8021q/vlan_core.c (236)
[   24.411626] Modules linked in: bluetooth ecdh_generic ecc omap_aes_driver snd_soc_simple_card snd_soc_simple_card_utils omap_crypto omap_sham libaes pm33xx crypto_engine ti_emif_sram omap_rng tilcdc rng_core drm_dma_helper drm_client_lib snd_soc_davinci_mcasp snd_soc_ti_udma snd_soc_ti_edma snd_soc_ti_sdma snd_soc_core snd_pcm_dmaengine snd_pcm tda998x snd_timer cec omap_mailbox snd drm_kms_helper soundcore omap_wdt rtc_omap watchdog drm wkup_m3_ipc drm_panel_orientation_quirks tps65218_pwrbutton musb_dsps musb_hdrc at24 udc_core phy_am335x usbcore wkup_m3_rproc phy_am335x_control phy_generic usb_common cppi41 leds_gpio led_class cpufreq_dt autofs4
[   24.469690] CPU: 0 UID: 107 PID: 294 Comm: avahi-daemon Not tainted 6.17.0-rc3-next-20250825 #1 NONE 
[   24.469710] Hardware name: Generic AM33XX (Flattened Device Tree)
[   24.469719] Call trace: 
[   24.469735]  unwind_backtrace from show_stack+0x10/0x14
[   24.469774]  show_stack from dump_stack_lvl+0x50/0x64
[   24.469800]  dump_stack_lvl from __warn+0x88/0x148
[   24.469818]  __warn from warn_slowpath_fmt+0x19c/0x1b0
[   24.469831]  warn_slowpath_fmt from vlan_for_each+0x114/0x134
[   24.469854]  vlan_for_each from cpsw_add_mc_addr+0x40/0xa4
[   24.469883]  cpsw_add_mc_addr from __hw_addr_ref_sync_dev+0x108/0x140
[   24.469917]  __hw_addr_ref_sync_dev from __dev_mc_add+0x7c/0x80
[   24.469942]  __dev_mc_add from igmp6_group_added+0xc8/0xe0
[   24.469973]  igmp6_group_added from __ipv6_dev_mc_inc+0x218/0x364
[   24.469993]  __ipv6_dev_mc_inc from __ipv6_sock_mc_join+0x11c/0x214
[   24.470012]  __ipv6_sock_mc_join from do_ipv6_setsockopt+0x1214/0x1310
[   24.470047]  do_ipv6_setsockopt from ipv6_setsockopt+0x60/0xcc
[   24.470070]  ipv6_setsockopt from udpv6_setsockopt+0x2c/0x6c
[   24.470090]  udpv6_setsockopt from sock_common_setsockopt+0x30/0x40
[   24.470108]  sock_common_setsockopt from do_sock_setsockopt+0x50/0x9c
[   24.470130]  do_sock_setsockopt from __sys_setsockopt+0x70/0xbc
[   24.470153]  __sys_setsockopt from ret_fast_syscall+0x0/0x58
[   24.470170] Exception stack(0xe0305fa8 to 0xe0305ff0)
[   24.470185] 5fa0:                   00000014 b6fd9ce8 0000000d 00000029 00000014 be9559ec
[   24.470197] 5fc0: 00000014 b6fd9ce8 00000014 00000126 0000000d b6f82ff4 0051e988 00506558
[   24.470206] 5fe0: b6f98088 be9559d8 b6f75309 b6e4c41a
[   24.470214] ---[ end trace 0000000000000000 ]---
[   25.807582] PM: Cannot get wkup_m3_ipc handle
[   25.813644] asoc-simple-card sound: using DT '/sound' for 'simple-audio-card,hp-det' GPIO lookup
[   25.813717] of_get_named_gpiod_flags: can't parse 'simple-audio-card,hp-det-gpios' property of node '/sound[0]'
[   25.813752] of_get_named_gpiod_flags: can't parse 'simple-audio-card,hp-det-gpio' property of node '/sound[0]'
[   25.813778] asoc-simple-card sound: using lookup tables for GPIO lookup
[   25.813791] asoc-simple-card sound: No GPIO consumer simple-audio-card,hp-det found
[   25.813806] asoc-simple-card sound: using DT '/sound' for 'simple-audio-card,mic-det' GPIO lookup
[   25.813831] of_get_named_gpiod_flags: can't parse 'simple-audio-card,mic-det-gpios' property of node '/sound[0]'
[   25.813856] of_get_named_gpiod_flags: can't parse 'simple-audio-card,mic-det-gpio' property of node '/sound[0]'
[   25.813875] asoc-simple-card sound: using lookup tables for GPIO lookup
[   25.813886] asoc-simple-card sound: No GPIO consumer simple-audio-card,mic-det found
[   25.879559] tda998x 0-0070: using DT '/ocp/interconnect@44c00000/segment@200000/target-module@b000/i2c@0/tda19988@70' for 'nxp,calib' GPIO lookup
[   25.879897] of_get_named_gpiod_flags: parsed 'nxp,calib-gpios' property of node '/ocp/interconnect@44c00000/segment@200000/target-module@b000/i2c@0/tda19988@70[0]' - status (0)
[   25.879991] gpio gpiochip0: Persistence not supported for GPIO 25
[   25.880007] gpio-537 (nxp,calib): no flags found for GPIO nxp,calib
[   25.904846] gpio-537 (nxp,calib): gpiod_direction_output_nonotify: tried to set a GPIO tied to an IRQ as output
[   25.974278] PM: Cannot get wkup_m3_ipc handle
[   26.112385] tda9950 0-0034: TDA9950 CEC interface, hardware version 3.3
[   26.168249] PM: Cannot get wkup_m3_ipc handle
[   29.361514] userial_init: registered 8 ttyGS* devices
[   29.525564] rndis_register: configNr = 0
[   29.575647] udc musb-hdrc.0: binding gadget driver [g_multi]
[   29.575743] configfs-gadget.g_multi gadget.0: adding 'rndis'/dac031ac to config 'c'/be6444e7
[   29.576932] configfs-gadget.g_multi gadget.0: HOST MAC 1c:ba:8c:a2:ed:6c
[   29.583966] configfs-gadget.g_multi gadget.0: MAC 1c:ba:8c:a2:ed:70
[   29.590409] rndis_set_param_medium: 0 0
[   29.590432] configfs-gadget.g_multi gadget.0: RNDIS: IN/ep1in OUT/ep1out NOTIFY/ep2in
[   29.590450] configfs-gadget.g_multi gadget.0: adding 'cdc_ethernet'/fd68a6b2 to config 'c'/be6444e7
[   29.591392] configfs-gadget.g_multi gadget.0: HOST MAC 1c:ba:8c:a2:ed:6c
[   29.598157] configfs-gadget.g_multi gadget.0: MAC 1c:ba:8c:a2:ed:6d
[   29.604579] configfs-gadget.g_multi gadget.0: CDC Ethernet: IN/ep3in OUT/ep2out NOTIFY/ep4in
[   29.604600] configfs-gadget.g_multi gadget.0: adding 'acm'/71ecd332 to config 'c'/be6444e7
[   29.604635] configfs-gadget.g_multi gadget.0: acm ttyGS0: IN/ep5in OUT/ep3out NOTIFY/ep6in
[   29.609437] PM: Cannot get wkup_m3_ipc handle
[   31.060751] configfs-gadget.g_multi gadget.0: eth_open
[   35.302796] gs_open: ttyGS0 (8c762448,e1ef8745)
[   35.302952] gs_close: ttyGS0 (8c762448,e1ef8745) ...
[   35.302977] gs_close: ttyGS0 (8c762448,e1ef8745) done!
[   35.325482] gs_open: ttyGS0 (a533389b,722641b9)
[   35.325609] gs_close: ttyGS0 (a533389b,722641b9) ...
[   35.325632] gs_close: ttyGS0 (a533389b,722641b9) done!
[   35.501107] gs_open: ttyGS0 (8c762448,0a2e2f2c)
[   35.501340] gs_close: ttyGS0 (8c762448,0a2e2f2c) ...
[   35.501370] gs_close: ttyGS0 (8c762448,0a2e2f2c) done!
[   35.502141] gs_open: ttyGS0 (8c762448,0a2e2f2c)
FFNYAEVFVG 0
root@arm:~# echo 'AZXE''JMOSKT'
AZXEJMOSKT
root@arm:~# MARKER='TFWO''AQYJEF' run 'modprobe test_linear_ranges'
TFWOAQYJEFTFWOAQYJEF 0
root@arm:~# echo 'GOBQ''FNQHNP'
GOBQFNQHNP
root@arm:~# MARKER='EHAB''NTPEWP' run dmesg
EHABNTPEWP[    0.000000] Booting Linux on physical CPU 0x0
[    0.000000] Linux version 6.17.0-rc3-next-20250825 (user01@drvtest01) (arm-none-eabi-gcc (Arm GNU Toolchain 14.2.Rel1 (Build arm-14.52)) 14.2.1 20241119, GNU ld (Arm GNU Toolchain 14.2.Rel1 (Build arm-14.52)) 2.43.1.20241119) #1 SMP Mon Aug 25 11:43:38 EEST 2025
[    0.000000] CPU: ARMv7 Processor [413fc082] revision 2 (ARMv7), cr=10c5387d
[    0.000000] CPU: PIPT / VIPT nonaliasing data cache, VIPT aliasing instruction cache
[    0.000000] OF: fdt: Machine model: TI AM335x BeagleBone Black
[    0.000000] Memory policy: Data cache writeback
[    0.000000] cma: Reserved 16 MiB at 0x9e800000
[    0.000000] Zone ranges:
[    0.000000]   Normal   [mem 0x0000000080000000-0x000000009fdfffff]
[    0.000000]   HighMem  empty
[    0.000000] Movable zone start for each node
[    0.000000] Early memory node ranges
[    0.000000]   node   0: [mem 0x0000000080000000-0x000000009fdfffff]
[    0.000000] Initmem setup node 0 [mem 0x0000000080000000-0x000000009fdfffff]
[    0.000000] On node 0, zone Normal: 512 pages in unavailable ranges
[    0.000000] OF: reserved mem: Reserved memory: No reserved-memory node in the DT
[    0.000000] CPU: All CPU(s) started in SVC mode.
[    0.000000] AM335X ES2.1 (sgx neon)
[    0.000000] percpu: Embedded 17 pages/cpu s39820 r8192 d21620 u69632
[    0.000000] pcpu-alloc: s39820 r8192 d21620 u69632 alloc=17*4096
[    0.000000] pcpu-alloc: [0] 0 
[    0.000000] Kernel command line: console=ttyO0,115200n8 root=/dev/nfs rw nfsroot=192.168.255.126:/home/user01/nfs,nfsvers=3 ip=192.168.255.1:192.168.255.126::255.255.255.0:bbb1:eth0 nfsrootdebug
[    0.000000] Unknown kernel command line parameters "nfsrootdebug", will be passed to user space.
[    0.000000] printk: log buffer data + meta data: 65536 + 204800 = 270336 bytes
[    0.000000] Dentry cache hash table entries: 65536 (order: 6, 262144 bytes, linear)
[    0.000000] Inode-cache hash table entries: 32768 (order: 5, 131072 bytes, linear)
[    0.000000] Built 1 zonelists, mobility grouping on.  Total pages: 130560
[    0.000000] mem auto-init: stack:off, heap alloc:off, heap free:off
[    0.000000] SLUB: HWalign=16, Order=0-3, MinObjects=0, CPUs=1, Nodes=1
[    0.000000] rcu: Hierarchical RCU implementation.
[    0.000000] rcu: 	RCU event tracing is enabled.
[    0.000000] rcu: 	RCU restricting CPUs from NR_CPUS=2 to nr_cpu_ids=1.
[    0.000000] 	Tracing variant of Tasks RCU enabled.
[    0.000000] rcu: RCU calculated value of scheduler-enlistment delay is 10 jiffies.
[    0.000000] rcu: Adjusting geometry for rcu_fanout_leaf=16, nr_cpu_ids=1
[    0.000000] RCU Tasks Trace: Setting shift to 0 and lim to 1 rcu_task_cb_adjust=1 rcu_task_cpu_ids=1.
[    0.000000] NR_IRQS: 16, nr_irqs: 16, preallocated irqs: 16
[    0.000000] IRQ: Found an INTC at 0x(ptrval) (revision 5.0) with 128 interrupts
[    0.000000] rcu: srcu_init: Setting srcu_struct sizes based on contention.
[    0.000000] TI gptimer clocksource: always-on /ocp/interconnect@44c00000/segment@200000/target-module@31000
[    0.000003] sched_clock: 32 bits at 24MHz, resolution 41ns, wraps every 89478484971ns
[    0.000026] clocksource: dmtimer: mask: 0xffffffff max_cycles: 0xffffffff, max_idle_ns: 79635851949 ns
[    0.000526] TI gptimer clockevent: 24000000 Hz at /ocp/interconnect@48000000/segment@0/target-module@40000
[    0.002098] Console: colour dummy device 80x30
[    0.002166] WARNING: Your 'console=ttyO0' has been replaced by 'ttyS0'
[    0.002174] This ensures that you still see kernel messages. Please
[    0.002178] update your kernel commandline.
[    0.002221] Calibrating delay loop... 996.14 BogoMIPS (lpj=4980736)
[    0.090571] CPU: Testing write buffer coherency: ok
[    0.090680] CPU0: Spectre v2: using BPIALL workaround
[    0.090690] pid_max: default: 32768 minimum: 301
[    0.090844] LSM: initializing lsm=capability
[    0.091012] Mount-cache hash table entries: 1024 (order: 0, 4096 bytes, linear)
[    0.091031] Mountpoint-cache hash table entries: 1024 (order: 0, 4096 bytes, linear)
[    0.092609] CPU0: thread -1, cpu 0, socket -1, mpidr 0
[    0.092669] cacheinfo: Unable to detect cache hierarchy for CPU 0
[    0.094689] Setting up static identity map for 0x80100000 - 0x80100078
[    0.095026] rcu: Hierarchical SRCU implementation.
[    0.095038] rcu: 	Max phase no-delay instances is 1000.
[    0.096767] smp: Bringing up secondary CPUs ...
[    0.096824] smp: Brought up 1 node, 1 CPU
[    0.096835] SMP: Total of 1 processors activated (996.14 BogoMIPS).
[    0.096847] CPU: All CPU(s) started in SVC mode.
[    0.097046] Memory: 480880K/522240K available (11264K kernel code, 1218K rwdata, 2936K rodata, 1024K init, 253K bss, 23328K reserved, 16384K cma-reserved, 0K highmem)
[    0.097869] devtmpfs: initialized
[    0.115174] VFP support v0.3: implementor 41 architecture 3 part 30 variant c rev 3
[    0.115811] clocksource: jiffies: mask: 0xffffffff max_cycles: 0xffffffff, max_idle_ns: 19112604462750000 ns
[    0.115869] posixtimers hash table entries: 512 (order: 0, 4096 bytes, linear)
[    0.115896] futex hash table entries: 256 (16384 bytes on 1 NUMA nodes, total 16 KiB, linear).
[    0.117013] pinctrl core: initialized pinctrl subsystem
[    0.119168] NET: Registered PF_NETLINK/PF_ROUTE protocol family
[    0.122307] DMA: preallocated 256 KiB pool for atomic coherent allocations
[    0.122928] audit: initializing netlink subsys (disabled)
[    0.124257] thermal_sys: Registered thermal governor 'fair_share'
[    0.124273] thermal_sys: Registered thermal governor 'step_wise'
[    0.124282] thermal_sys: Registered thermal governor 'user_space'
[    0.124393] audit: type=2000 audit(0.120:1): state=initialized audit_enabled=0 res=1
[    0.124463] cpuidle: using governor menu
[    0.142718] /ocp/interconnect@44c00000/segment@200000/target-module@b000/i2c@0/tda19988@70: Fixed dependency cycle(s) with /ocp/interconnect@48000000/segment@300000/target-module@e000/lcdc@0
[    0.143809] /ocp/interconnect@48000000/segment@300000/target-module@e000/lcdc@0: Fixed dependency cycle(s) with /ocp/interconnect@44c00000/segment@200000/target-module@b000/i2c@0/tda19988@70
[    0.146021] No ATAGs?
[    0.146064] hw-breakpoint: debug architecture 0x4 unsupported.
[    0.149161] kprobes: kprobe jump-optimization is enabled. All kprobes are optimized if possible.
[    0.162662] iommu: Default domain type: Translated
[    0.162687] iommu: DMA domain TLB invalidation policy: strict mode
[    0.164690] SCSI subsystem initialized
[    0.165247] reg-fixed-voltage fixedregulator0: using DT '/fixedregulator0' for '(default)' GPIO lookup
[    0.165297] of_get_named_gpiod_flags: can't parse 'gpios' property of node '/fixedregulator0[0]'
[    0.165326] of_get_named_gpiod_flags: can't parse 'gpio' property of node '/fixedregulator0[0]'
[    0.165344] reg-fixed-voltage fixedregulator0: using lookup tables for GPIO lookup
[    0.165355] reg-fixed-voltage fixedregulator0: No GPIO consumer (default) found
[    0.165930] libata version 3.00 loaded.
[    0.166317] pps_core: LinuxPPS API ver. 1 registered
[    0.166326] pps_core: Software ver. 5.3.6 - Copyright 2005-2007 Rodolfo Giometti <giometti@linux.it>
[    0.166351] PTP clock support registered
[    0.168346] vgaarb: loaded
[    0.168699] clocksource: Switched to clocksource dmtimer
[    0.169363] VFS: Disk quotas dquot_6.6.0
[    0.169418] VFS: Dquot-cache hash table entries: 1024 (order 0, 4096 bytes)
[    0.201976] NET: Registered PF_INET protocol family
[    0.202323] IP idents hash table entries: 8192 (order: 4, 65536 bytes, linear)
[    0.203739] tcp_listen_portaddr_hash hash table entries: 512 (order: 0, 4096 bytes, linear)
[    0.203774] Table-perturb hash table entries: 65536 (order: 6, 262144 bytes, linear)
[    0.203792] TCP established hash table entries: 4096 (order: 2, 16384 bytes, linear)
[    0.203838] TCP bind hash table entries: 4096 (order: 4, 65536 bytes, linear)
[    0.203938] TCP: Hash tables configured (established 4096 bind 4096)
[    0.204060] UDP hash table entries: 256 (order: 1, 14336 bytes, linear)
[    0.204095] UDP-Lite hash table entries: 256 (order: 1, 14336 bytes, linear)
[    0.204295] NET: Registered PF_UNIX/PF_LOCAL protocol family
[    0.205569] RPC: Registered named UNIX socket transport module.
[    0.205589] RPC: Registered udp transport module.
[    0.205594] RPC: Registered tcp transport module.
[    0.205599] RPC: Registered tcp-with-tls transport module.
[    0.205604] RPC: Registered tcp NFSv4.1 backchannel transport module.
[    0.205628] PCI: CLS 0 bytes, default 64
[    0.207044] Initialise system trusted keyrings
[    0.218966] workingset: timestamp_bits=14 max_order=17 bucket_order=3
[    0.220393] NFS: Registering the id_resolver key type
[    0.220463] Key type id_resolver registered
[    0.220470] Key type id_legacy registered
[    0.220579] jffs2: version 2.2. (NAND) (SUMMARY)  Â© 2001-2006 Red Hat, Inc.
[    0.221040] Key type asymmetric registered
[    0.221057] Asymmetric key parser 'x509' registered
[    0.221130] io scheduler mq-deadline registered
[    0.221140] io scheduler kyber registered
[    0.221215] io scheduler bfq registered
[    0.223109] target-module@4b000000:target-module@140000:pmu@0:fck: device ID is greater than 24
[    0.229294] l3-aon-clkctrl:0000:0: failed to disable
[    0.229552] ledtrig-cpu: registered to indicate activity on CPUs
[    0.239134] Serial: 8250/16550 driver, 6 ports, IRQ sharing enabled
[    0.283636] brd: module loaded
[    0.292515] loop: module loaded
[    0.293460] mtdoops: mtd device (mtddev=name/number) must be supplied
[    0.295039] mdio_bus fixed-0: using lookup tables for GPIO lookup
[    0.295063] mdio_bus fixed-0: No GPIO consumer reset found
[    0.296480] i2c_dev: i2c /dev entries driver
[    0.297501] cpuidle: enable-method property 'ti,am3352' found operations
[    0.297959] sdhci: Secure Digital Host Controller Interface driver
[    0.297968] sdhci: Copyright(c) Pierre Ossman
[    0.298154] sdhci-pltfm: SDHCI platform and OF driver helper
[    0.319168] hw perfevents: enabled with armv7_cortex_a8 PMU driver, 5 (8000000f) counters available
[    0.319712] Initializing XFRM netlink socket
[    0.319890] NET: Registered PF_INET6 protocol family
[    0.325295] l3-aon-clkctrl:0000:0: failed to disable
[    0.326925] Segment Routing with IPv6
[    0.327007] In-situ OAM (IOAM) with IPv6
[    0.327100] sit: IPv6, IPv4 and MPLS over IPv4 tunneling driver
[    0.328058] NET: Registered PF_PACKET protocol family
[    0.328085] NET: Registered PF_KEY protocol family
[    0.328272] Key type dns_resolver registered
[    0.328495] ThumbEE CPU extension supported.
[    0.328517] Registering SWP/SWPB emulation handler
[    0.329253] omap_voltage_late_init: Voltage driver support not added
[    0.329989] SmartReflex Class3 initialized
[    0.360895] Loading compiled-in X.509 certificates
[    0.393273] /ocp/interconnect@44c00000/segment@200000/target-module@b000/i2c@0/tda19988@70: Fixed dependency cycle(s) with /ocp/interconnect@48000000/segment@300000/target-module@e000/lcdc@0
[    0.399889] /ocp/interconnect@44c00000/segment@200000/target-module@b000/i2c@0/tda19988@70: Fixed dependency cycle(s) with /ocp/interconnect@48000000/segment@300000/target-module@e000/lcdc@0
[    0.405509] gpiochip_find_base_unlocked: found new base at 512
[    0.422669] /ocp/interconnect@44c00000/segment@200000/target-module@b000/i2c@0/tda19988@70: Fixed dependency cycle(s) with /ocp/interconnect@48000000/segment@300000/target-module@e000/lcdc@0
[    0.423554] /ocp/interconnect@44c00000/segment@200000/target-module@b000/i2c@0/tda19988@70: Fixed dependency cycle(s) with /ocp/interconnect@48000000/segment@300000/target-module@e000/lcdc@0
[    0.427012] /ocp/interconnect@44c00000/segment@200000/target-module@10000/scm@0/pinmux@800: Fixed dependency cycle(s) with /ocp/interconnect@44c00000/segment@200000/target-module@10000/scm@0/pinmux@800/clkout2-pins
[    0.427599] pinctrl-single 44e10800.pinmux: 142 pins, size 568
[    0.433233] ti-sysc 44e31000.target-module: probe with driver ti-sysc failed with error -16
[    0.457743] /ocp/interconnect@48000000/segment@300000/target-module@e000/lcdc@0: Fixed dependency cycle(s) with /ocp/interconnect@44c00000/segment@200000/target-module@b000/i2c@0/tda19988@70
[    0.466103] ti-sysc 48040000.target-module: probe with driver ti-sysc failed with error -16
[    0.477688] gpiochip_find_base_unlocked: found new base at 512
[    0.477787] gpio gpiochip0: (gpio-0-31): created GPIO range 0->7 ==> 44e10800.pinmux PIN 0->7
[    0.477807] gpio gpiochip0: (gpio-0-31): created GPIO range 8->11 ==> 44e10800.pinmux PIN 90->93
[    0.477822] gpio gpiochip0: (gpio-0-31): created GPIO range 12->27 ==> 44e10800.pinmux PIN 12->27
[    0.477838] gpio gpiochip0: (gpio-0-31): created GPIO range 28->31 ==> 44e10800.pinmux PIN 30->33
[    0.512762] gpio gpiochip0: (gpio-0-31): added GPIO chardev (254:0)
[    0.512984] gpio gpiochip0: registered GPIOs 512 to 543 on gpio-0-31
[    0.513068] OMAP GPIO hardware version 0.1
[    0.551798] i2c i2c-2: using DT '/ocp/interconnect@48000000/segment@100000/target-module@9c000/i2c@0' for 'scl' GPIO lookup
[    0.551876] of_get_named_gpiod_flags: can't parse 'scl-gpios' property of node '/ocp/interconnect@48000000/segment@100000/target-module@9c000/i2c@0[0]'
[    0.551919] of_get_named_gpiod_flags: can't parse 'scl-gpio' property of node '/ocp/interconnect@48000000/segment@100000/target-module@9c000/i2c@0[0]'
[    0.551955] i2c i2c-2: using lookup tables for GPIO lookup
[    0.551965] i2c i2c-2: No GPIO consumer scl found
[    0.551986] i2c i2c-2: using DT '/ocp/interconnect@48000000/segment@100000/target-module@9c000/i2c@0' for 'sda' GPIO lookup
[    0.552021] of_get_named_gpiod_flags: can't parse 'sda-gpios' property of node '/ocp/interconnect@48000000/segment@100000/target-module@9c000/i2c@0[0]'
[    0.552058] of_get_named_gpiod_flags: can't parse 'sda-gpio' property of node '/ocp/interconnect@48000000/segment@100000/target-module@9c000/i2c@0[0]'
[    0.552089] i2c i2c-2: using lookup tables for GPIO lookup
[    0.552097] i2c i2c-2: No GPIO consumer sda found
[    0.552809] omap_i2c 4819c000.i2c: bus 2 rev0.11 at 100 kHz
[    0.558444] gpiochip_find_base_unlocked: found new base at 544
[    0.558550] gpio gpiochip1: (gpio-32-63): created GPIO range 0->17 ==> 44e10800.pinmux PIN 34->51
[    0.558571] gpio gpiochip1: (gpio-32-63): created GPIO range 18->21 ==> 44e10800.pinmux PIN 77->80
[    0.558587] gpio gpiochip1: (gpio-32-63): created GPIO range 22->31 ==> 44e10800.pinmux PIN 56->65
[    0.559685] gpio gpiochip1: (gpio-32-63): added GPIO chardev (254:1)
[    0.559915] gpio gpiochip1: registered GPIOs 544 to 575 on gpio-32-63
[    0.562180] gpiochip_find_base_unlocked: found new base at 576
[    0.562274] gpio gpiochip2: (gpio-64-95): created GPIO range 0->4 ==> 44e10800.pinmux PIN 66->70
[    0.562293] gpio gpiochip2: (gpio-64-95): created GPIO range 5->6 ==> 44e10800.pinmux PIN 98->99
[    0.562319] gpio gpiochip2: (gpio-64-95): created GPIO range 7->8 ==> 44e10800.pinmux PIN 75->76
[    0.562334] gpio gpiochip2: (gpio-64-95): created GPIO range 13->13 ==> 44e10800.pinmux PIN 141->141
[    0.562350] gpio gpiochip2: (gpio-64-95): created GPIO range 14->21 ==> 44e10800.pinmux PIN 100->107
[    0.571850] gpio gpiochip2: (gpio-64-95): added GPIO chardev (254:2)
[    0.572081] gpio gpiochip2: registered GPIOs 576 to 607 on gpio-64-95
[    0.577766] 48000000.interconnect:segment@200000:target-module@0:mpu@0:fck: device ID is greater than 24
[    0.578858] /ocp/interconnect@48000000/segment@300000/target-module@e000/lcdc@0: Fixed dependency cycle(s) with /ocp/interconnect@44c00000/segment@200000/target-module@b000/i2c@0/tda19988@70
[    0.581809] /ocp/interconnect@48000000/segment@300000/target-module@e000/lcdc@0: Fixed dependency cycle(s) with /ocp/interconnect@44c00000/segment@200000/target-module@b000/i2c@0/tda19988@70
[    0.582537] /ocp/interconnect@44c00000/segment@200000/target-module@b000/i2c@0/tda19988@70: Fixed dependency cycle(s) with /ocp/interconnect@48000000/segment@300000/target-module@e000/lcdc@0
[    0.582696] /ocp/interconnect@48000000/segment@300000/target-module@e000/lcdc@0: Fixed dependency cycle(s) with /ocp/interconnect@44c00000/segment@200000/target-module@b000/i2c@0/tda19988@70
[    0.592520] mdio_bus 4a101000.mdio: using DT '/ocp/interconnect@4a000000/segment@0/target-module@100000/switch@0/mdio@1000' for 'reset' GPIO lookup
[    0.592593] of_get_named_gpiod_flags: can't parse 'reset-gpios' property of node '/ocp/interconnect@4a000000/segment@0/target-module@100000/switch@0/mdio@1000[0]'
[    0.592639] of_get_named_gpiod_flags: can't parse 'reset-gpio' property of node '/ocp/interconnect@4a000000/segment@0/target-module@100000/switch@0/mdio@1000[0]'
[    0.592685] mdio_bus 4a101000.mdio: using lookup tables for GPIO lookup
[    0.592695] mdio_bus 4a101000.mdio: No GPIO consumer reset found
[    0.593621] sdhci-omap 481d8000.mmc: using DT '/ocp/interconnect@48000000/segment@100000/target-module@d8000/mmc@0' for 'wp' GPIO lookup
[    0.593680] of_get_named_gpiod_flags: can't parse 'wp-gpios' property of node '/ocp/interconnect@48000000/segment@100000/target-module@d8000/mmc@0[0]'
[    0.593721] of_get_named_gpiod_flags: can't parse 'wp-gpio' property of node '/ocp/interconnect@48000000/segment@100000/target-module@d8000/mmc@0[0]'
[    0.593755] sdhci-omap 481d8000.mmc: using lookup tables for GPIO lookup
[    0.593765] sdhci-omap 481d8000.mmc: No GPIO consumer wp found
[    0.593959] sdhci-omap 481d8000.mmc: supply pbias not found, using dummy regulator
[    0.594453] sdhci-omap 481d8000.mmc: supply vqmmc not found, using dummy regulator
[    0.652853] davinci_mdio 4a101000.mdio: davinci mdio revision 1.6, bus freq 1000000
[    0.667902] mdio_bus 4a101000.mdio:00: using DT '/ocp/interconnect@4a000000/segment@0/target-module@100000/switch@0/mdio@1000/ethernet-phy@0' for 'reset' GPIO lookup
[    0.668004] of_get_named_gpiod_flags: parsed 'reset-gpios' property of node '/ocp/interconnect@4a000000/segment@0/target-module@100000/switch@0/mdio@1000/ethernet-phy@0[0]' - status (0)
[    0.668166] gpio gpiochip0: Persistence not supported for GPIO 8
[    0.803632] davinci_mdio 4a101000.mdio: phy[0]: device 4a101000.mdio:00, driver SMSC LAN8710/LAN8720
[    0.804417] cpsw-switch 4a100000.switch: initialized cpsw ale version 1.4
[    0.804439] cpsw-switch 4a100000.switch: ALE Table size 1024, Policers 0
[    0.804764] cpsw-switch 4a100000.switch: cpts: overflow check period 500 (jiffies)
[    0.804785] cpsw-switch 4a100000.switch: CPTS: ref_clk_freq:250000000 calc_mult:2147483648 calc_shift:29 error:0 nsec/sec
[    0.804894] cpsw-switch 4a100000.switch: Detected MACID = 6c:ec:eb:68:de:78
[    0.806760] cpsw-switch 4a100000.switch: initialized (regs 0x4a100000, pool size 256) hw_ver:0019010C 1.12 (0)
[    0.817816] debugfs: '49000000.dma' already exists in 'dmaengine'
[    0.817862] edma 49000000.dma: TI EDMA DMA engine driver
[    0.867891] gpio-clk clk_mcasp0: using DT '/clk_mcasp0' for 'enable' GPIO lookup
[    0.867974] of_get_named_gpiod_flags: parsed 'enable-gpios' property of node '/clk_mcasp0[0]' - status (0)
[    0.868020] gpio gpiochip0: Persistence not supported for GPIO 27
[    0.869136] gpiochip_find_base_unlocked: found new base at 608
[    0.869252] gpio gpiochip3: (gpio-96-127): created GPIO range 0->7 ==> 44e10800.pinmux PIN 82->89
[    0.869272] gpio gpiochip3: (gpio-96-127): created GPIO range 8->11 ==> 44e10800.pinmux PIN 52->55
[    0.869288] gpio gpiochip3: (gpio-96-127): created GPIO range 12->15 ==> 44e10800.pinmux PIN 94->97
[    0.869303] gpio gpiochip3: (gpio-96-127): created GPIO range 16->17 ==> 44e10800.pinmux PIN 71->72
[    0.869318] gpio gpiochip3: (gpio-96-127): created GPIO range 18->18 ==> 44e10800.pinmux PIN 135->135
[    0.869334] gpio gpiochip3: (gpio-96-127): created GPIO range 19->20 ==> 44e10800.pinmux PIN 108->109
[    0.869350] gpio gpiochip3: (gpio-96-127): created GPIO range 21->21 ==> 44e10800.pinmux PIN 73->73
[    0.869367] gpio gpiochip3: (gpio-96-127): created GPIO range 22->23 ==> 44e10800.pinmux PIN 8->9
[    0.869384] gpio gpiochip3: (gpio-96-127): created GPIO range 26->27 ==> 44e10800.pinmux PIN 10->11
[    0.869401] gpio gpiochip3: (gpio-96-127): created GPIO range 28->28 ==> 44e10800.pinmux PIN 74->74
