Labgrid Console Logfile for main
Logfile started at 2025-07-28 01:07:05.317267
=== Log starts here ===
reading args
spl_load_image_fat_os: error reading image args, err - -1
reading u-boot.img
reading u-boot.img


U-Boot 2014.04-00014-g47880f5 (Apr 22 2014 - 13:23:54)

I2C:   ready
DRAM:  512 MiB
NAND:  0 MiB
MMC:   OMAP SD/MMC: 0, OMAP SD/MMC: 1
*** Warning - readenv() failed, using default environment

Net:   <ethaddr> not set. Validating first E-fuse MAC
cpsw, usb_ether
Hit any key to stop autoboot:  1  0 
gpio: pin 53 (gpio 53) value is 1
mmc0 is current device
gpio: pin 54 (gpio 54) value is 1
SD/MMC found on device 0
** No partition table - mmc 0 **
Checking if uenvcmd is set ...

uenvcmd was not defined in uEnv.txt ...
gpio: pin 56 (gpio 56) value is 0
gpio: pin 55 (gpio 55) value is 0
gpio: pin 54 (gpio 54) value is 0
mmc1(part 0) is current device
gpio: pin 54 (gpio 54) value is 1
SD/MMC found on device 1
reading uEnv.txt
1430 bytes read in 4 ms (348.6 KiB/s)
gpio: pin 55 (gpio 55) value is 1
Loaded environment from uEnv.txt
Importing environment from mmc ...
Checking if uenvcmd is set ...
gpio: pin 56 (gpio 56) value is 1
Running uenvcmd ...
reading zImage
3717760 bytes read in 205 ms (17.3 MiB/s)
reading initrd.img
2868959 bytes read in 160 ms (17.1 MiB/s)
reading /dtbs/am335x-boneblack.dtb
25080 bytes read in 9 ms (2.7 MiB/s)
Kernel image @ 0x82000000 [ 0x000000 - 0x38ba80 ]
## Flattened Device Tree blob at 88000000
   Booting using the fdt blob at 0x88000000
   Using Device Tree in place at 88000000, end 880091f7

Starting kernel ...

Uncompressing Linux... done, booting the kernel.
[    0.382575] omap2_mbox_probe: platform not supported
[    0.549653] tps65217-bl tps65217-bl: no platform data provided
[    0.614537] bone-capemgr bone_capemgr.9: slot #0: No cape found
[    0.651644] bone-capemgr bone_capemgr.9: slot #1: No cape found
[    0.688751] bone-capemgr bone_capemgr.9: slot #2: No cape found
[    0.725860] bone-capemgr bone_capemgr.9: slot #3: No cape found
[    0.742016] bone-capemgr bone_capemgr.9: slot #6: BB-BONELT-HDMIN conflict P8.45 (#5:BB-BONELT-HDMI)
[    0.751628] bone-capemgr bone_capemgr.9: slot #6: Failed verification
[    0.758387] bone-capemgr bone_capemgr.9: loader: failed to load slot-6 BB-BONELT-HDMIN:00A0 (prio 2)
[    0.774874] omap_hsmmc mmc.5: of_parse_phandle_with_args of 'reset' failed
[    0.837470] pinctrl-single 44e10800.pinmux: pin 44e10854 already requested by 44e10800.pinmux; cannot claim for gpio-leds.8
[    0.849144] pinctrl-single 44e10800.pinmux: pin-21 (gpio-leds.8) status -22
[    0.856442] pinctrl-single 44e10800.pinmux: could not request pin 21 on device pinctrl-single
[    0.884385] mmcblk0: error -84 transferring data, sector 0, nr 8, cmd response 0x900, card status 0xb00
[    0.900661] mmcblk0: error -84 transferring data, sector 0, nr 8, cmd response 0x900, card status 0x0
[    0.910377] end_request: I/O error, dev mmcblk0, sector 0
Loading, please wait...








Gave up waiting for root device.  Common problems:
 - Boot args (cat /proc/cmdline)
   - Check rootdelay= (did the system wait long enough?)
   - Check root= (did the system wait for the right device?)
 - Missing modules (cat /proc/modules; ls /dev)
ALERT!  /dev/disk/by-uuid/68139b2d-c936-46bb-9c2a-56a5b2aa08e1 does not exist.  Dropping to a shell!
modprobe: module i8042 not found in modules.dep
modprobe: module ehci-hcd not found in modules.dep
modprobe: module uhci-hcd not found in modules.dep
modprobe: module ohci-hcd not found in modules.dep


BusyBox v1.20.2 (Debian 1:1.20.0-7) built-in shell (ash)
Enter 'help' for a list of built-in commands.

/bin/sh: can't access tty; job control turned off
(initramfs) 
(initramfs) 
(initramfs) 
(initramfs) 
(initramfs) 
(initramfs) 
(initramfs) 
(initramfs) 
(initramfs) [6n
(initramfs) [6n
(initramfs) [6n
(initramfs) [6n
(initramfs) [6n
(initramfs) [6n
(initramfs) [6n
(initramfs) [6n
(initramfs) [6n
(initramfs) [6nLabgrid Console Logfile for main
Logfile started at 2025-07-28 01:08:21.574190
=== Log starts here ===
reading args
spl_load_image_fat_os: error reading image args, err - -1
reading u-boot.img
reading u-boot.img


U-Boot 2014.04-00014-g47880f5 (Apr 22 2014 - 13:23:54)

I2C:   ready
DRAM:  512 MiB
NAND:  0 MiB
MMC:   OMAP SD/MMC: 0, OMAP SD/MMC: 1
*** Warning - readenv() failed, using default environment

Net:   <ethaddr> not set. Validating first E-fuse MAC
cpsw, usb_ether
Hit any key to stop autoboot:  1  0 
gpio: pin 53 (gpio 53) value is 1
mmc0 is current device
gpio: pin 54 (gpio 54) value is 1
SD/MMC found on device 0
** No partition table - mmc 0 **
Checking if uenvcmd is set ...

uenvcmd was not defined in uEnv.txt ...
gpio: pin 56 (gpio 56) value is 0
gpio: pin 55 (gpio 55) value is 0
gpio: pin 54 (gpio 54) value is 0
mmc1(part 0) is current device
gpio: pin 54 (gpio 54) value is 1
SD/MMC found on device 1
reading uEnv.txt
1430 bytes read in 5 ms (279.3 KiB/s)
gpio: pin 55 (gpio 55) value is 1
Loaded environment from uEnv.txt
Importing environment from mmc ...
Checking if uenvcmd is set ...
gpio: pin 56 (gpio 56) value is 1
Running uenvcmd ...
reading zImage
3717760 bytes read in 206 ms (17.2 MiB/s)
reading initrd.img
2868959 bytes read in 160 ms (17.1 MiB/s)
reading /dtbs/am335x-boneblack.dtb
25080 bytes read in 9 ms (2.7 MiB/s)
Kernel image @ 0x82000000 [ 0x000000 - 0x38ba80 ]
## Flattened Device Tree blob at 88000000
   Booting using the fdt blob at 0x88000000
   Using Device Tree in place at 88000000, end 880091f7

Starting kernel ...

Uncompressing Linux... done, booting the kernel.
[    0.382520] omap2_mbox_probe: platform not supported
[    0.549586] tps65217-bl tps65217-bl: no platform data provided
[    0.614494] bone-capemgr bone_capemgr.9: slot #0: No cape found
[    0.651601] bone-capemgr bone_capemgr.9: slot #1: No cape found
[    0.688708] bone-capemgr bone_capemgr.9: slot #2: No cape found
[    0.725818] bone-capemgr bone_capemgr.9: slot #3: No cape found
[    0.741963] bone-capemgr bone_capemgr.9: slot #6: BB-BONELT-HDMIN conflict P8.45 (#5:BB-BONELT-HDMI)
[    0.751568] bone-capemgr bone_capemgr.9: slot #6: Failed verification
[    0.758319] bone-capemgr bone_capemgr.9: loader: failed to load slot-6 BB-BONELT-HDMIN:00A0 (prio 2)
[    0.774772] omap_hsmmc mmc.5: of_parse_phandle_with_args of 'reset' failed
[    0.837429] pinctrl-single 44e10800.pinmux: pin 44e10854 already requested by 44e10800.pinmux; cannot claim for gpio-leds.8
[    0.849123] pinctrl-single 44e10800.pinmux: pin-21 (gpio-leds.8) status -22
[    0.856415] pinctrl-single 44e10800.pinmux: could not request pin 21 on device pinctrl-single
[    0.884357] mmcblk0: error -84 transferring data, sector 0, nr 8, cmd response 0x900, card status 0xb00
[    0.900600] mmcblk0: error -84 transferring data, sector 0, nr 8, cmd response 0x900, card status 0x0
[    0.910322] end_request: I/O error, dev mmcblk0, sector 0
Loading, please wait...








Gave up waiting for root device.  Common problems:
 - Boot args (cat /proc/cmdline)
   - Check rootdelay= (did the system wait long enough?)
   - Check root= (did the system wait for the right device?)
 - Missing modules (cat /proc/modules; ls /dev)
ALERT!  /dev/disk/by-uuid/68139b2d-c936-46bb-9c2a-56a5b2aa08e1 does not exist.  Dropping to a shell!
modprobe: module i8042 not found in modules.dep
modprobe: module ehci-hcd not found in modules.dep
modprobe: module uhci-hcd not found in modules.dep
modprobe: module ohci-hcd not found in modules.dep


BusyÂox v1.20.2 (Debian 1:1.20.0-7) built-in shell (ash)
Enter 'help' for a list of built-in commands.

/bin/sh: can't access tty; job control turned off
(initramfs) 
(initramfs) 
(initramfs) 
(initramfs) 
(initramfs) 
(initramfs) 
(initramfs) 
(initramfs) 
(initramfs) [6n
(initramfs) [6n
(initramfs) [6n
(initramfs) [6n
(initramfs) [6n
(initramfs) [6n
(initramfs) [6n
(initramfs) [6n
(initramfs) [6n
(initramfs) [6nLabgrid Console Logfile for main
Logfile started at 2025-07-28 01:09:37.862729
=== Log starts here ===
reading args
spl_load_image_fat_os: error reading image args, err - -1
reading u-boot.img
reading u-boot.img


U-Boot 2014.04-00014-g47880f5 (Apr 22 2014 - 13:23:54)

I2C:   ready
DRAM:  512 MiB
NAND:  0 MiB
MMC:   OMAP SD/MMC: 0, OMAP SD/MMC: 1
*** Warning - readenv() failed, using default environment

Net:   <ethaddr> not set. Validating first E-fuse MAC
cpsw, usb_ether
Hit any key to stop autoboot:  1  0 
gpio: pin 53 (gpio 53) value is 1
mmc0 is current device
gpio: pin 54 (gpio 54) value is 1
SD/MMC found on device 0
reading uEnv.txt
569 bytes read in 4 ms (138.7 KiB/s)
gpio: pin 55 (gpio 55) value is 1
Loaded environment from uEnv.txt
Importing environment from mmc ...
Checking if uenvcmd is set ...
gpio: pin 56 (gpio 56) value is 1
Running uenvcmd ...
cpsw Waiting for PHY auto negotiation to complete. done
link up on port 0, speed 100, full duplex
Using cpsw device
TFTP from server 192.168.255.126; our IP address is 192.168.255.1
Filename 'zImage'.
Load address: 0x81000000
Loading: *T #################################################################
	 #################################################################
	 #################################################################
	 #################################################################
	 #################################################################
	 ##########################################################
	 759.8 KiB/s
done
Bytes transferred = 5618568 (55bb88 hex)
link up on port 0, speed 100, full duplex
Using cpsw device
TFTP from server 192.168.255.126; our IP address is 192.168.255.1
Filename 'am335x-boneblack.dtb'.
Load address: 0x82000000
Loading: *#######
	 2.3 MiB/s
done
Bytes transferred = 98244 (17fc4 hex)
Kernel image @ 0x81000000 [ 0x000000 - 0x55bb88 ]
## Flattened Device Tree blob at 82000000
   Booting using the fdt blob at 0x82000000
   Using Device Tree in place at 82000000, end 8201afc3

Starting kernel ...

[    0.000000] Booting Linux on physical CPU 0x0
[    0.000000] Linux version 6.16.0 (user01@drvtest01) (arm-none-eabi-gcc (Arm GNU Toolchain 14.2.Rel1 (Build arm-14.52)) 14.2.1 20241119, GNU ld (Arm GNU Toolchain 14.2.Rel1 (Build arm-14.52)) 2.43.1.20241119) #1 SMP Mon Jul 28 01:04:06 EEST 2025
[    0.000000] CPU: ARMv7 Processor [413fc082] revision 2 (ARMv7), cr=10c5387d
[    0.000000] CPU: PIPT / VIPT nonaliasing data cache, VIPT aliasing instruction cache
[    0.000000] OF: fdt: Machine model: TI AM335x BeagleBone Black
[    0.000000] Memory policy: Data cache writeback
[    0.000000] cma: Reserved 16 MiB at 0x9e800000
[    0.000000] Zone ranges:
[    0.000000]   Normal   [mem 0x0000000080000000-0x000000009fdfffff]
[    0.000000]   HighMem  empty
[    0.000000] Movable zone start for each node
[    0.000000] Early memory node ranges
[    0.000000]   node   0: [mem 0x0000000080000000-0x000000009fdfffff]
[    0.000000] Initmem setup node 0 [mem 0x0000000080000000-0x000000009fdfffff]
[    0.000000] On node 0, zone Normal: 512 pages in unavailable ranges
[    0.000000] OF: reserved mem: Reserved memory: No reserved-memory node in the DT
[    0.000000] CPU: All CPU(s) started in SVC mode.
[    0.000000] AM335X ES2.1 (sgx neon)
[    0.000000] percpu: Embedded 17 pages/cpu s39820 r8192 d21620 u69632
[    0.000000] Kernel command line: console=ttyO0,115200n8 root=/dev/nfs rw nfsroot=192.168.255.126:/home/user01/nfs,nfsvers=3 ip=192.168.255.1:192.168.255.126::255.255.255.0:bbb1:eth0 nfsrootdebug
[    0.000000] Unknown kernel command line parameters "nfsrootdebug", will be passed to user space.
[    0.000000] printk: log buffer data + meta data: 65536 + 204800 = 270336 bytes
[    0.000000] Dentry cache hash table entries: 65536 (order: 6, 262144 bytes, linear)
[    0.000000] Inode-cache hash table entries: 32768 (order: 5, 131072 bytes, linear)
[    0.000000] Built 1 zonelists, mobility grouping on.  Total pages: 130560
[    0.000000] mem auto-init: stack:off, heap alloc:off, heap free:off
[    0.000000] SLUB: HWalign=16, Order=0-3, MinObjects=0, CPUs=1, Nodes=1
[    0.000000] rcu: Hierarchical RCU implementation.
[    0.000000] rcu: 	RCU event tracing is enabled.
[    0.000000] rcu: 	RCU restricting CPUs from NR_CPUS=2 to nr_cpu_ids=1.
[    0.000000] 	Tracing variant of Tasks RCU enabled.
[    0.000000] rcu: RCU calculated value of scheduler-enlistment delay is 10 jiffies.
[    0.000000] rcu: Adjusting geometry for rcu_fanout_leaf=16, nr_cpu_ids=1
[    0.000000] RCU Tasks Trace: Setting shift to 0 and lim to 1 rcu_task_cb_adjust=1 rcu_task_cpu_ids=1.
[    0.000000] NR_IRQS: 16, nr_irqs: 16, preallocated irqs: 16
[    0.000000] IRQ: Found an INTC at 0x(ptrval) (revision 5.0) with 128 interrupts
[    0.000000] rcu: srcu_init: Setting srcu_struct sizes based on contention.
[    0.000000] TI gptimer clocksource: always-on /ocp/interconnect@44c00000/segment@200000/target-module@31000
[    0.000003] sched_clock: 32 bits at 24MHz, resolution 41ns, wraps every 89478484971ns
[    0.000027] clocksource: dmtimer: mask: 0xffffffff max_cycles: 0xffffffff, max_idle_ns: 79635851949 ns
[    0.000512] TI gptimer clockevent: 24000000 Hz at /ocp/interconnect@48000000/segment@0/target-module@40000
[    0.002134] Console: colour dummy device 80x30
[    0.002199] WARNING: Your 'console=ttyO0' has been replaced by 'ttyS0'
[    0.002207] This ensures that you still see kernel messages. Please
[    0.002211] update your kernel commandline.
[    0.002254] Calibrating delay loop... 996.14 BogoMIPS (lpj=4980736)
[    0.090557] CPU: Testing write buffer coherency: ok
[    0.090666] CPU0: Spectre v2: using BPIALL workaround
[    0.090676] pid_max: default: 32768 minimum: 301
[    0.090832] LSM: initializing lsm=capability
[    0.091016] Mount-cache hash table entries: 1024 (order: 0, 4096 bytes, linear)
[    0.091035] Mountpoint-cache hash table entries: 1024 (order: 0, 4096 bytes, linear)
[    0.092674] CPU0: thread -1, cpu 0, socket -1, mpidr 0
[    0.092736] cacheinfo: Unable to detect cache hierarchy for CPU 0
[    0.094809] Setting up static identity map for 0x80100000 - 0x80100078
[    0.095137] rcu: Hierarchical SRCU implementation.
[    0.095147] rcu: 	Max phase no-delay instances is 1000.
[    0.096895] smp: Bringing up secondary CPUs ...
[    0.096950] smp: Brought up 1 node, 1 CPU
[    0.096963] SMP: Total of 1 processors activated (996.14 BogoMIPS).
[    0.096975] CPU: All CPU(s) started in SVC mode.
[    0.097164] Memory: 480820K/522240K available (11264K kernel code, 1220K rwdata, 2924K rodata, 1024K init, 288K bss, 23388K reserved, 16384K cma-reserved, 0K highmem)
[    0.097989] devtmpfs: initialized
[    0.114819] VFP support v0.3: implementor 41 architecture 3 part 30 variant c rev 3
[    0.115457] clocksource: jiffies: mask: 0xffffffff max_cycles: 0xffffffff, max_idle_ns: 19112604462750000 ns
[    0.115512] posixtimers hash table entries: 512 (order: 0, 4096 bytes, linear)
[    0.115537] futex hash table entries: 256 (16384 bytes on 1 NUMA nodes, total 16 KiB, linear).
[    0.116668] pinctrl core: initialized pinctrl subsystem
[    0.118724] NET: Registered PF_NETLINK/PF_ROUTE protocol family
[    0.121838] DMA: preallocated 256 KiB pool for atomic coherent allocations
[    0.122788] audit: initializing netlink subsys (disabled)
[    0.124155] thermal_sys: Registered thermal governor 'fair_share'
[    0.124171] thermal_sys: Registered thermal governor 'step_wise'
[    0.124179] thermal_sys: Registered thermal governor 'user_space'
[    0.124292] audit: type=2000 audit(0.120:1): state=initialized audit_enabled=0 res=1
[    0.124361] cpuidle: using governor menu
[    0.142446] /ocp/interconnect@44c00000/segment@200000/target-module@b000/i2c@0/tda19988@70: Fixed dependency cycle(s) with /ocp/interconnect@48000000/segment@300000/target-module@e000/lcdc@0
[    0.143583] /ocp/interconnect@48000000/segment@300000/target-module@e000/lcdc@0: Fixed dependency cycle(s) with /ocp/interconnect@44c00000/segment@200000/target-module@b000/i2c@0/tda19988@70
[    0.145787] No ATAGs?
[    0.145826] hw-breakpoint: debug architecture 0x4 unsupported.
[    0.148531] kprobes: kprobe jump-optimization is enabled. All kprobes are optimized if possible.
[    0.153864] iommu: Default domain type: Translated
[    0.153885] iommu: DMA domain TLB invalidation policy: strict mode
[    0.161367] SCSI subsystem initialized
[    0.162231] pps_core: LinuxPPS API ver. 1 registered
[    0.162241] pps_core: Software ver. 5.3.6 - Copyright 2005-2007 Rodolfo Giometti <giometti@linux.it>
[    0.162264] PTP clock support registered
[    0.170812] vgaarb: loaded
[    0.171198] clocksource: Switched to clocksource dmtimer
[    0.171868] VFS: Disk quotas dquot_6.6.0
[    0.171922] VFS: Dquot-cache hash table entries: 1024 (order 0, 4096 bytes)
[    0.196513] NET: Registered PF_INET protocol family
[    0.196860] IP idents hash table entries: 8192 (order: 4, 65536 bytes, linear)
[    0.198286] tcp_listen_portaddr_hash hash table entries: 512 (order: 0, 4096 bytes, linear)
[    0.198324] Table-perturb hash table entries: 65536 (order: 6, 262144 bytes, linear)
[    0.198344] TCP established hash table entries: 4096 (order: 2, 16384 bytes, linear)
[    0.198389] TCP bind hash table entries: 4096 (order: 4, 65536 bytes, linear)
[    0.198489] TCP: Hash tables configured (established 4096 bind 4096)
[    0.198607] UDP hash table entries: 256 (order: 1, 14336 bytes, linear)
[    0.198643] UDP-Lite hash table entries: 256 (order: 1, 14336 bytes, linear)
[    0.198825] NET: Registered PF_UNIX/PF_LOCAL protocol family
[    0.200127] RPC: Registered named UNIX socket transport module.
[    0.200145] RPC: Registered udp transport module.
[    0.200150] RPC: Registered tcp transport module.
[    0.200155] RPC: Registered tcp-with-tls transport module.
[    0.200160] RPC: Registered tcp NFSv4.1 backchannel transport module.
[    0.200183] PCI: CLS 0 bytes, default 64
[    0.201705] Initialise system trusted keyrings
[    0.212351] workingset: timestamp_bits=14 max_order=17 bucket_order=3
[    0.213716] NFS: Registering the id_resolver key type
[    0.213782] Key type id_resolver registered
[    0.213789] Key type id_legacy registered
[    0.213898] jffs2: version 2.2. (NAND) (SUMMARY)  Â© 2001-2006 Red Hat, Inc.
[    0.214363] Key type asymmetric registered
[    0.214379] Asymmetric key parser 'x509' registered
[    0.214450] io scheduler mq-deadline registered
[    0.214459] io scheduler kyber registered
[    0.214530] io scheduler bfq registered
[    0.216415] target-module@4b000000:target-module@140000:pmu@0:fck: device ID is greater than 24
[    0.222588] l3-aon-clkctrl:0000:0: failed to disable
[    0.231841] ledtrig-cpu: registered to indicate activity on CPUs
[    0.234727] Serial: 8250/16550 driver, 6 ports, IRQ sharing enabled
[    0.276434] brd: module loaded
[    0.298591] loop: module loaded
[    0.299508] mtdoops: mtd device (mtddev=name/number) must be supplied
[    0.302797] i2c_dev: i2c /dev entries driver
[    0.303797] cpuidle: enable-method property 'ti,am3352' found operations
[    0.304241] sdhci: Secure Digital Host Controller Interface driver
[    0.304249] sdhci: Copyright(c) Pierre Ossman
[    0.304420] sdhci-pltfm: SDHCI platform and OF driver helper
[    0.305889] hw perfevents: enabled with armv7_cortex_a8 PMU driver, 5 (8000000f) counters available
[    0.306399] Initializing XFRM netlink socket
[    0.306580] NET: Registered PF_INET6 protocol family
[    0.312243] l3-aon-clkctrl:0000:0: failed to disable
[    0.326842] Segment Routing with IPv6
[    0.326930] In-situ OAM (IOAM) with IPv6
[    0.327028] sit: IPv6, IPv4 and MPLS over IPv4 tunneling driver
[    0.327978] NET: Registered PF_PACKET protocol family
[    0.328004] NET: Registered PF_KEY protocol family
[    0.328113] Key type dns_resolver registered
[    0.328339] ThumbEE CPU extension supported.
[    0.328360] Registering SWP/SWPB emulation handler
[    0.328896] omap_voltage_late_init: Voltage driver support not added
[    0.329590] SmartReflex Class3 initialized
[    0.377645] Loading compiled-in X.509 certificates
[    0.408505] /ocp/interconnect@44c00000/segment@200000/target-module@b000/i2c@0/tda19988@70: Fixed dependency cycle(s) with /ocp/interconnect@48000000/segment@300000/target-module@e000/lcdc@0
[    0.415208] /ocp/interconnect@44c00000/segment@200000/target-module@b000/i2c@0/tda19988@70: Fixed dependency cycle(s) with /ocp/interconnect@48000000/segment@300000/target-module@e000/lcdc@0
[    0.437889] /ocp/interconnect@44c00000/segment@200000/target-module@b000/i2c@0/tda19988@70: Fixed dependency cycle(s) with /ocp/interconnect@48000000/segment@300000/target-module@e000/lcdc@0
[    0.438766] /ocp/interconnect@44c00000/segment@200000/target-module@b000/i2c@0/tda19988@70: Fixed dependency cycle(s) with /ocp/interconnect@48000000/segment@300000/target-module@e000/lcdc@0
[    0.442629] /ocp/interconnect@44c00000/segment@200000/target-module@10000/scm@0/pinmux@800: Fixed dependency cycle(s) with /ocp/interconnect@44c00000/segment@200000/target-module@10000/scm@0/pinmux@800/clkout2-pins
[    0.443228] pinctrl-single 44e10800.pinmux: 142 pins, size 568
[    0.448598] ti-sysc 44e31000.target-module: probe with driver ti-sysc failed with error -16
[    0.485301] /ocp/interconnect@48000000/segment@300000/target-module@e000/lcdc@0: Fixed dependency cycle(s) with /ocp/interconnect@44c00000/segment@200000/target-module@b000/i2c@0/tda19988@70
[    0.493778] ti-sysc 48040000.target-module: probe with driver ti-sysc failed with error -16
[    0.540070] OMAP GPIO hardware version 0.1
[    0.568465] omap_i2c 4819c000.i2c: bus 2 rev0.11 at 100 kHz
[    0.595344] 48000000.interconnect:segment@200000:target-module@0:mpu@0:fck: device ID is greater than 24
[    0.596257] /ocp/interconnect@48000000/segment@300000/target-module@e000/lcdc@0: Fixed dependency cycle(s) with /ocp/interconnect@44c00000/segment@200000/target-module@b000/i2c@0/tda19988@70
[    0.599131] /ocp/interconnect@48000000/segment@300000/target-module@e000/lcdc@0: Fixed dependency cycle(s) with /ocp/interconnect@44c00000/segment@200000/target-module@b000/i2c@0/tda19988@70
[    0.599841] /ocp/interconnect@44c00000/segment@200000/target-module@b000/i2c@0/tda19988@70: Fixed dependency cycle(s) with /ocp/interconnect@48000000/segment@300000/target-module@e000/lcdc@0
[    0.600014] /ocp/interconnect@48000000/segment@300000/target-module@e000/lcdc@0: Fixed dependency cycle(s) with /ocp/interconnect@44c00000/segment@200000/target-module@b000/i2c@0/tda19988@70
[    0.611818] sdhci-omap 481d8000.mmc: supply pbias not found, using dummy regulator
[    0.612473] sdhci-omap 481d8000.mmc: supply vqmmc not found, using dummy regulator
[    0.667131] davinci_mdio 4a101000.mdio: davinci mdio revision 1.6, bus freq 1000000
[    0.823820] davinci_mdio 4a101000.mdio: phy[0]: device 4a101000.mdio:00, driver SMSC LAN8710/LAN8720
[    0.824597] cpsw-switch 4a100000.switch: initialized cpsw ale version 1.4
[    0.824617] cpsw-switch 4a100000.switch: ALE Table size 1024, Policers 0
[    0.824770] cpsw-switch 4a100000.switch: cpts: overflow check period 500 (jiffies)
[    0.824786] cpsw-switch 4a100000.switch: CPTS: ref_clk_freq:250000000 calc_mult:2147483648 calc_shift:29 error:0 nsec/sec
[    0.824903] cpsw-switch 4a100000.switch: Detected MACID = 6c:ec:eb:68:de:78
[    0.826754] cpsw-switch 4a100000.switch: initialized (regs 0x4a100000, pool size 256) hw_ver:0019010C 1.12 (0)
[    0.837831] debugfs: Directory '49000000.dma' with parent 'dmaengine' already present!
[    0.837871] edma 49000000.dma: TI EDMA DMA engine driver
[    0.898177] 44e09000.serial: ttyS0 at MMIO 0x44e09000 (irq = 34, base_baud = 3000000) is a 8250
[    0.898265] printk: legacy console [ttyS0] enabled
[    2.372173] tps65217-pmic: Failed to locate of_node [id: -1]
[    2.378236] tps65217-bl: Failed to locate of_node [id: -1]
[    2.384280] platform tps65217-charger: DMA mask not set
[    2.390326] platform tps65217-pwrbutton: DMA mask not set
[    2.397680] tps65217 0-0024: TPS65217 ID 0xe version 1.2
[    2.403835] /ocp/interconnect@48000000/segment@300000/target-module@e000/lcdc@0: Fixed dependency cycle(s) with /ocp/interconnect@44c00000/segment@200000/target-module@b000/i2c@0/tda19988@70
[    2.421265] /ocp/interconnect@44c00000/segment@200000/target-module@b000/i2c@0/tda19988@70: Fixed dependency cycle(s) with /ocp/interconnect@48000000/segment@300000/target-module@e000/lcdc@0
[    2.438611] omap_i2c 44e0b000.i2c: bus 0 rev0.11 at 400 kHz
[    2.446504] omap_gpio 44e07000.gpio: Could not set line 6 debounce to 200000 microseconds (-22)
[    2.455428] sdhci-omap 48060000.mmc: Got CD GPIO
[    2.460435] sdhci-omap 48060000.mmc: supply pbias not found, using dummy regulator
[    2.470375] sdhci-omap 48060000.mmc: supply vqmmc not found, using dummy regulator
[    2.479508] sdhci-omap 481d8000.mmc: supply pbias not found, using dummy regulator
[    2.489053] sdhci-omap 481d8000.mmc: supply vqmmc not found, using dummy regulator
[    2.525170] mmc0: SDHCI controller on 48060000.mmc [48060000.mmc] using External DMA
[    2.533492] mmc1: SDHCI controller on 481d8000.mmc [481d8000.mmc] using External DMA
[    2.542227] cpsw-switch 4a100000.switch: starting ndev. mode: dual_mac
[    2.590331] mmc0: new high speed SDHC card at address 5048
[    2.597383] mmcblk0: mmc0:5048 SD16G 14.4 GiB
[    2.605685]  mmcblk0: p1 p2
[    2.609066] mmcblk0: p2 size 31221760 extends beyond EOD, truncated
[    2.622563] SMSC LAN8710/LAN8720 4a101000.mdio:00: attached PHY driver (mii_bus:phy_addr=4a101000.mdio:00, irq=POLL)
[    2.633552] mmc1: new high speed MMC card at address 0001
[    2.646197] mmcblk1: mmc1:0001 MMC04G 3.60 GiB
[    2.653857]  mmcblk1: p1 p2
[    2.658094] mmcblk1boot0: mmc1:0001 MMC04G 2.00 MiB
[    2.666831] mmcblk1boot1: mmc1:0001 MMC04G 2.00 MiB
[    2.676105] mmcblk1rpmb: mmc1:0001 MMC04G 128 KiB, chardev (250:0)
[    5.761986] cpsw-switch 4a100000.switch eth0: Link is Up - 100Mbps/Full - flow control off
[    5.801452] IP-Config: Complete:
[    5.804724]      device=eth0, hwaddr=6c:ec:eb:68:de:78, ipaddr=192.168.255.1, mask=255.255.255.0, gw=255.255.255.255
[    5.815393]      host=bbb1, domain=, nis-domain=(none)
[    5.820561]      bootserver=192.168.255.126, rootserver=192.168.255.126, rootpath=
[    5.821000] clk: Disabling unused clocks
[    5.832861] PM: genpd: Disabling unused power domains
[    5.837979] KTAP version 1
[    5.840700] 1..0
[    5.865622] VFS: Mounted root (nfs filesystem) on device 0:17.
[    5.872649] devtmpfs: mounted
[    5.877125] Freeing unused kernel image (initmem) memory: 1024K
[    5.884136] Run /sbin/init as init process
[    6.593566] systemd[1]: System time before build time, advancing clock.
[    8.081222] random: crng init done
[    8.097570] systemd[1]: systemd 232 running in system mode. (+PAM +AUDIT +SELINUX +IMA +APPARMOR +SMACK +SYSVINIT +UTMP +LIBCRYPTSETUP +GCRYPT +GNUTLS +ACL +XZ +LZ4 +SECCOMP +BLKID +ELFUTILS +KMOD +IDN)
[    8.116760] systemd[1]: Detected architecture arm.

Welcome to [1mDebian GNU/Linux 9 (stretch)[0m!

[    8.144442] systemd[1]: Set hostname to <arm>.
[    9.253231] systemd[1]: Started Dispatch Password Requests to Console Directory Watch.
[[0;32m  OK  [0m] Started Dispatch Password Requests to Console Directory Watch.
[    9.282787] systemd[1]: Created slice User and Session Slice.
[[0;32m  OK  [0m] Created slice User and Session Slice.
[    9.313339] systemd[1]: Listening on udev Control Socket.
[[0;32m  OK  [0m] Listening on udev Control Socket.
[    9.343155] systemd[1]: Listening on /dev/initctl Compatibility Named Pipe.
[[0;32m  OK  [0m] Listening on /dev/initctl Compatibility Named Pipe.
[    9.373004] systemd[1]: systemd-journald-dev-log.socket: SO_PASSSEC failed: Operation not supported
[    9.382695] systemd[1]: Listening on Journal Socket (/dev/log).
[[0;32m  OK  [0m] Listening on Journal Socket (/dev/log).
[    9.411851] systemd[1]: syslog.socket: SO_PASSSEC failed: Operation not supported
[[0;32m  OK  [0m] Listening on Syslog Socket.
[[0;32m  OK  [0m] Reached target Remote File Systems.
[[0;32m  OK  [0m] Set up automount Arbitrary Executabâ€¦rmats File System Automount Point.
[[0;32m  OK  [0m] Started Forward Password Requests to Wall Directory Watch.
[[0;32m  OK  [0m] Reached target Paths.
[[0;32m  OK  [0m] Reached target Encrypted Volumes.
[[0;32m  OK  [0m] Reached target Swap.
[[0;32m  OK  [0m] Listening on Journal Socket.
[[0;32m  OK  [0m] Listening on Journal Audit Socket.
[[0;32m  OK  [0m] Listening on udev Kernel Socket.
[[0;32m  OK  [0m] Created slice System Slice.
[[0;32m  OK  [0m] Reached target Slices.
[[0;32m  OK  [0m] Created slice system-getty.slice.
[[0;32m  OK  [0m] Created slice system-serial\x2dgetty.slice.
         Starting Remount Root and Kernel File Systems...
         Starting Create list of required stâ€¦ce nodes for the current kernel...
         Starting Journal Service...
         Starting Load Kernel Modules...
         Mounting Debug File System...
         Mounting POSIX Message Queue File System...
[[0;32m  OK  [0m] Started Remount Root and Kernel File Systems.
[[0;32m  OK  [0m] Started Create list of required staâ€¦vice nodes for the current kernel.
         Starting Create Static Device Nodes in /dev...
         Starting udev Coldplug all Devices...
         Starting Load/Save Random Seed...
[[0;32m  OK  [0m] Mounted POSIX Message Queue File System.
[[0;32m  OK  [0m] Mounted Debug File System.
[[0;32m  OK  [0m] Started Load Kernel Modules.
         Mounting Configuration File System...
         Starting Apply Kernel Variables...
[[0;32m  OK  [0m] Mounted Configuration File System.
[[0;32m  OK  [0m] Started Load/Save Random Seed.
[[0;32m  OK  [0m] Started Apply Kernel Variables.
[[0;32m  OK  [0m] Started Create Static Device Nodes in /dev.
         Starting udev Kernel Device Manager...
[[0;32m  OK  [0m] Reached target Local File Systems (Pre).
[[0;32m  OK  [0m] Reached target Local File Systems.
         Starting Raise network interfaces...
[[0;32m  OK  [0m] Started Journal Service.
         Starting Flush Journal to Persistent Storage...
[   11.841359] systemd-journald[83]: Received request to flush runtime journal from PID 1
[[0;32m  OK  [0m] Started Flush Journal to Persistent Storage.
         Starting Create Volatile Files and Directories...
[[0;32m  OK  [0m] Started udev Kernel Device Manager.
[[0;32m  OK  [0m] Started Create Volatile Files and Directories.
         Starting Update UTMP about System Boot/Shutdown...
         Starting Network Time Synchronization...
[[0;32m  OK  [0m] Started Update UTMP about System Boot/Shutdown.
[[0;32m  OK  [0m] Started udev Coldplug all Devices.
[   14.985885] remoteproc remoteproc0: wkup_m3 is available
[   15.069458] omap_rtc 44e3e000.rtc: registered as rtc0
[   15.074801] omap_rtc 44e3e000.rtc: setting system clock to 2000-01-01T00:00:00 UTC (946684800)
[   15.200470] omap_wdt: OMAP Watchdog Timer Rev 0x01: initial timeout 60 sec
[   15.304935] am335x-phy-driver 47401300.usb-phy: dummy supplies not allowed for exclusive requests (id=vbus)
[   15.518163] at24 2-0054: supply vcc not found, using dummy regulator
[[0;32m  OK  [0m] Found device /dev/ttyS0.
[   15.540982] input: tps65217_pwrbutton as /devices/platform/ocp/44c00000.interconnect/44c00000.interconnect:segment@200000/44e0b000.target-module/44e0b000.i2c/i2c-0/0-0024/tps65217-pwrbutton/input/input0
[[0;32m  OK  [0m] Started Network Time Synchronization.[   15.568329] am335x-phy-driver 47401b00.usb-phy: dummy supplies not allowed for exclusive requests (id=vbus)

[   15.633186] at24 2-0055: supply vcc not found, using dummy regulator
[   15.733432] at24 2-0056: supply vcc not found, using dummy regulator
[[0;32m  OK  [0m] Reached target System Initialization.
[   15.873884] at24 2-0057: supply vcc not found, using dummy regulator
[[0;32m  OK  [0m] Listening on Avahi mDNS/DNS-SD Stack Activation Socket.
[   15.999121] at24 0-0050: 32768 byte 24c256 EEPROM, writable, 1 bytes/write
[[0;32m  OK  [0m] Listening on D-Bus System Message Bus Socket.
[[0;32m  OK  [0m] Reached target Sockets.
[[0;32m  OK  [0m] Started Daily Cleanup of Temporary Directories.
[[0;32m  OK  [0m] Reached target Basic System.
         Starting Avahi mDNS/DNS-SD Stack...
[   16.336482] usbcore: registered new interface driver usbfs
[   16.342326] usbcore: registered new interface driver hub
[   16.347803] usbcore: registered new device driver usb
         Starting LSB: Start busybox udhcpd at boot time...
         Starting Telephony service...
         Starting System Logging Service...
         Starting DUN service...
[   17.229179] omap-mailbox 480c8000.mailbox: omap mailbox rev 0x400
[[0;32m  OK  [0m] Started Regular background program processing daemon.
[   17.311118] remoteproc remoteproc0: powering up wkup_m3
         Starting Cape Manager Service...
[   17.562660] remoteproc remoteproc0: Direct firmware load for am335x-pm-firmware.elf failed with error -2
[   17.572682] remoteproc remoteproc0: request_firmware failed: -2
[   17.578651] wkup_m3_ipc 44e11324.wkup_m3_ipc: rproc_boot failed
[   17.641120] musb-hdrc musb-hdrc.1: MUSB HDRC host driver
[   17.646709] musb-hdrc musb-hdrc.1: new USB bus registered, assigned bus number 1
         Starting LSB: Load kernel modules needed to enable cpufreq scaling...
         Starting Login Service...
[   17.930379] usb usb1: New USB device found, idVendor=1d6b, idProduct=0002, bcdDevice= 6.16
[   17.938907] usb usb1: New USB device strings: Mfr=3, Product=2, SerialNumber=1
[   17.946251] usb usb1: Product: MUSB HDRC host driver
[   17.951305] usb usb1: Manufacturer: Linux 6.16.0 musb-hcd
[   17.956736] usb usb1: SerialNumber: musb-hdrc.1
         Starting Generic Board Startup...
[   17.985271] tda998x 0-0070: found TDA19988
[[0;32m  OK  [0m] Started D-Bus System Message Bus.
[   18.451898] hub 1-0:1.0: USB hub found
[   18.521530] hub 1-0:1.0: 1 port detected
[   20.010802] omap_rng 48310000.rng: Random Number Generator ver. 20
[   20.293188] tilcdc 4830e000.lcdc: bound 0-0070 (ops tda998x_audio_codec_init [tda998x])
[   20.447965] [drm] Initialized tilcdc 1.0.0 for 4830e000.lcdc on minor 0
[   20.561696] tilcdc 4830e000.lcdc: [drm] Cannot find any crtc or sizes
[   20.675859] tilcdc 4830e000.lcdc: [drm] Cannot find any crtc or sizes
[   21.616065] PM: Cannot get wkup_m3_ipc handle
[   21.637071] omap-sham 53100000.sham: hw accel on OMAP rev 4.3
[   21.744986] omap-sham 53100000.sham: will run requests pump with realtime priority
[   21.769844] PM: Cannot get wkup_m3_ipc handle
[   21.909162] omap-aes 53500000.aes: OMAP AES hw accel rev: 3.2
[   22.033608] omap-aes 53500000.aes: will run requests pump with realtime priority
[   22.042615] PM: Cannot get wkup_m3_ipc handle
[[0;32m  OK  [0m] Started DUN service.
[[0;32m  OK  [0m] Started Avahi mDNS/DNS-SD Stack.
[[0;32m  OK  [0m] Started Telephony service.
         Starting Connection service...
[[0;32m  OK  [0m] Reached target System Time Synchronized.
[[0;32m  OK  [0m] Started Daily apt download activities.
[[0;32m  OK  [0m] Started Daily apt upgrade and clean activities.
[[0;32m  OK  [0m] Reached target Timers.
[[0;32m  OK  [0m] Started System Logging Service.
[[0;32m  OK  [0m] Started Cape Manager Service.
[   23.690491] Bluetooth: Core ver 2.22
[   23.694594] NET: Registered PF_BLUETOOTH protocol family
[   23.699948] Bluetooth: HCI device and connection manager initialized
[   23.706516] Bluetooth: HCI socket layer initialized
[   23.711534] Bluetooth: L2CAP socket layer initialized
[   23.716650] Bluetooth: SCO socket layer initialized
[   25.445025] PM: Cannot get wkup_m3_ipc handle
[   25.471505] gpio-537 (nxp,calib): gpiod_direction_output_nonotify: tried to set a GPIO tied to an IRQ as output
[   25.572182] PM: Cannot get wkup_m3_ipc handle
[   25.730357] tda9950 0-0034: TDA9950 CEC interface, hardware version 3.3
[   25.835998] PM: Cannot get wkup_m3_ipc handle
[[0;32m  OK  [0m] Started LSB: Start busybox udhcpd at boot time.
[[0;32m  OK  [0m] Started Raise network interfaces.
[[0;32m  OK  [0m] Started LSB: Load kernel modules needed to enable cpufreq scaling.
[   28.716967] configfs-gadget.g_multi gadget.0: HOST MAC 1c:ba:8c:a2:ed:6c
[   28.723962] configfs-gadget.g_multi gadget.0: MAC 1c:ba:8c:a2:ed:70
[   28.731448] configfs-gadget.g_multi gadget.0: HOST MAC 1c:ba:8c:a2:ed:6c
[   28.738217] configfs-gadget.g_multi gadget.0: MAC 1c:ba:8c:a2:ed:6d
[   28.749815] PM: Cannot get wkup_m3_ipc handle
[[0;32m  OK  [0m] Started Connection service.
[[0;32m  OK  [0m] Started Login Service.
[[0;32m  OK  [0m] Reached target Sound Card.
         Starting LSB: set CPUFreq kernel parameters...
[[0;32m  OK  [0m] Reached target Network.
[[0;32m  OK  [0m] Reached target Network is Online.
         Starting LSB: Advanced IEEE 802.11 management daemon...
         Starting OpenBSD Secure Shell server...
         Starting Permit User Sessions...
         Starting The Apache HTTP Server...
[[0;32m  OK  [0m] Started LSB: Advanced IEEE 802.11 management daemon.
[[0;32m  OK  [0m] Started Permit User Sessions.
[[0;32m  OK  [0m] Started Serial Getty on ttyS0.
[[0;32m  OK  [0m] Started Getty on tty1.
[[0;32m  OK  [0m] Reached target Login Prompts.
[[0;32m  OK  [0m] Started LSB: set CPUFreq kernel parameters.
         Starting Hostname Service...
         Starting WPA supplicant...
         Stopping LSB: Start busybox udhcpd at boot time...
[[0;32m  OK  [0m] Started WPA supplicant.
[[0;32m  OK  [0m] Started Hostname Service.
[[0;32m  OK  [0m] Started OpenBSD Secure Shell server.
[[0;32m  OK  [0m] Stopped LSB: Start busybox udhcpd at boot time.
         Starting dnsmasq - A lightweight DHCP and caching DNS server...
[[0;32m  OK  [0m] Started The Apache HTTP Server.
[[0;32m  OK  [0m] Started dnsmasq - A lightweight DHCP and caching DNS server.
[[0;32m  OK  [0m] Reached target Host and Network Name Lookups.
[[0;32m  OK  [0m] Started Serial Getty on ttyGS0.
[[0;32m  OK  [0m] Started Generic Board Startup.
[[0;32m  OK  [0m] Reached target Multi-User System.
[[0;32m  OK  [0m] Reached target Graphical Interface.
         Starting Update UTMP about System Runlevel Changes...
[[0;32m  OK  [0m] Started Update UTMP about System Runlevel Changes.

Debian GNU/Linux 9 arm ttyS0

default username:password is [debian:temppwd]

arm login: root
Password: 
Last login: Sat Dec  9 19:10:36 UTC 2017 on ttyS0
root
Linux arm 6.16.0 #1 SMP Mon Jul 28 01:04:06 EEST 2025 armv7l

The programs included with the Debian GNU/Linux system are free software;
the exact distribution terms for each program are described in the
individual files in /usr/share/doc/*/copyright.

Debian GNU/Linux comes with ABSOLUTELY NO WARRANTY, to the extent
permitted by applicable law.
root@arm:~# root
dmesg -n 1
-bash: root: command not found
root@arm:~# dmesg -n 1
root@arm:~# echo 'CAEO''NLXHSG'
CAEONLXHSG
root@arm:~# run() { echo -n "$MARKER"; sh -c "$@"; echo "$MARKER $?"; }
root@arm:~# echo 'OYGM''CWVSHM'
OYGMCWVSHM
root@arm:~# MARKER='CGVK''VEWQWT' run 'cat /proc/version'
CGVKVEWQWTLinux version 6.16.0 (user01@drvtest01) (arm-none-eabi-gcc (Arm GNU Toolchain 14.2.Rel1 (Build arm-14.52)) 14.2.1 20241119, GNU ld (Arm GNU Toolchain 14.2.Rel1 (Build arm-14.52)) 2.43.1.20241119) #1 SMP Mon Jul 28 01:04:06 EEST 2025
CGVKVEWQWT 0
root@arm:~# echo 'CBHN''VNSYBS'
CBHNVNSYBS
root@arm:~# MARKER='KGME''AQGJHN' run false
KGMEAQGJHNKGMEAQGJHN 1
root@arm:~# Labgrid Console Logfile for main
Logfile started at 2025-07-28 01:10:44.970217
=== Log starts here ===

root@arm:~# run() { echo -n "$MARKER"; sh -c "$@"; echo "$MARKER $?"; }
root@arm:~# echo 'QESN''NFLQBA'
QESNNFLQBA
root@arm:~# MARKER='AMAG''EJEOTE' run 'ls /iio_generic_buffer; echo $?'
AMAGEJEOTE/iio_generic_buffer
0
AMAGEJEOTE 0
root@arm:~# Labgrid Console Logfile for main
Logfile started at 2025-07-28 01:10:48.336605
=== Log starts here ===

root@arm:~# run() { echo -n "$MARKER"; sh -c "$@"; echo "$MARKER $?"; }
root@arm:~# echo 'MUKZ''CPZKJC'
MUKZCPZKJC
root@arm:~# MARKER='MBGE''FUFTET' run dmesg
MBGEFUFTET[    0.000000] Booting Linux on physical CPU 0x0
[    0.000000] Linux version 6.16.0 (user01@drvtest01) (arm-none-eabi-gcc (Arm GNU Toolchain 14.2.Rel1 (Build arm-14.52)) 14.2.1 20241119, GNU ld (Arm GNU Toolchain 14.2.Rel1 (Build arm-14.52)) 2.43.1.20241119) #1 SMP Mon Jul 28 01:04:06 EEST 2025
[    0.000000] CPU: ARMv7 Processor [413fc082] revision 2 (ARMv7), cr=10c5387d
[    0.000000] CPU: PIPT / VIPT nonaliasing data cache, VIPT aliasing instruction cache
[    0.000000] OF: fdt: Machine model: TI AM335x BeagleBone Black
[    0.000000] Memory policy: Data cache writeback
[    0.000000] cma: Reserved 16 MiB at 0x9e800000
[    0.000000] Zone ranges:
[    0.000000]   Normal   [mem 0x0000000080000000-0x000000009fdfffff]
[    0.000000]   HighMem  empty
[    0.000000] Movable zone start for each node
[    0.000000] Early memory node ranges
[    0.000000]   node   0: [mem 0x0000000080000000-0x000000009fdfffff]
[    0.000000] Initmem setup node 0 [mem 0x0000000080000000-0x000000009fdfffff]
[    0.000000] On node 0, zone Normal: 512 pages in unavailable ranges
[    0.000000] OF: reserved mem: Reserved memory: No reserved-memory node in the DT
[    0.000000] CPU: All CPU(s) started in SVC mode.
[    0.000000] AM335X ES2.1 (sgx neon)
[    0.000000] percpu: Embedded 17 pages/cpu s39820 r8192 d21620 u69632
[    0.000000] pcpu-alloc: s39820 r8192 d21620 u69632 alloc=17*4096
[    0.000000] pcpu-alloc: [0] 0 
[    0.000000] Kernel command line: console=ttyO0,115200n8 root=/dev/nfs rw nfsroot=192.168.255.126:/home/user01/nfs,nfsvers=3 ip=192.168.255.1:192.168.255.126::255.255.255.0:bbb1:eth0 nfsrootdebug
[    0.000000] Unknown kernel command line parameters "nfsrootdebug", will be passed to user space.
[    0.000000] printk: log buffer data + meta data: 65536 + 204800 = 270336 bytes
[    0.000000] Dentry cache hash table entries: 65536 (order: 6, 262144 bytes, linear)
[    0.000000] Inode-cache hash table entries: 32768 (order: 5, 131072 bytes, linear)
[    0.000000] Built 1 zonelists, mobility grouping on.  Total pages: 130560
[    0.000000] mem auto-init: stack:off, heap alloc:off, heap free:off
[    0.000000] SLUB: HWalign=16, Order=0-3, MinObjects=0, CPUs=1, Nodes=1
[    0.000000] rcu: Hierarchical RCU implementation.
[    0.000000] rcu: 	RCU event tracing is enabled.
[    0.000000] rcu: 	RCU restricting CPUs from NR_CPUS=2 to nr_cpu_ids=1.
[    0.000000] 	Tracing variant of Tasks RCU enabled.
[    0.000000] rcu: RCU calculated value of scheduler-enlistment delay is 10 jiffies.
[    0.000000] rcu: Adjusting geometry for rcu_fanout_leaf=16, nr_cpu_ids=1
[    0.000000] RCU Tasks Trace: Setting shift to 0 and lim to 1 rcu_task_cb_adjust=1 rcu_task_cpu_ids=1.
[    0.000000] NR_IRQS: 16, nr_irqs: 16, preallocated irqs: 16
[    0.000000] IRQ: Found an INTC at 0x(ptrval) (revision 5.0) with 128 interrupts
[    0.000000] rcu: srcu_init: Setting srcu_struct sizes based on contention.
[    0.000000] TI gptimer clocksource: always-on /ocp/interconnect@44c00000/segment@200000/target-module@31000
[    0.000003] sched_clock: 32 bits at 24MHz, resolution 41ns, wraps every 89478484971ns
[    0.000027] clocksource: dmtimer: mask: 0xffffffff max_cycles: 0xffffffff, max_idle_ns: 79635851949 ns
[    0.000512] TI gptimer clockevent: 24000000 Hz at /ocp/interconnect@48000000/segment@0/target-module@40000
[    0.002134] Console: colour dummy device 80x30
[    0.002199] WARNING: Your 'console=ttyO0' has been replaced by 'ttyS0'
[    0.002207] This ensures that you still see kernel messages. Please
[    0.002211] update your kernel commandline.
[    0.002254] Calibrating delay loop... 996.14 BogoMIPS (lpj=4980736)
[    0.090557] CPU: Testing write buffer coherency: ok
[    0.090666] CPU0: Spectre v2: using BPIALL workaround
[    0.090676] pid_max: default: 32768 minimum: 301
[    0.090832] LSM: initializing lsm=capability
[    0.091016] Mount-cache hash table entries: 1024 (order: 0, 4096 bytes, linear)
[    0.091035] Mountpoint-cache hash table entries: 1024 (order: 0, 4096 bytes, linear)
[    0.092674] CPU0: thread -1, cpu 0, socket -1, mpidr 0
[    0.092736] cacheinfo: Unable to detect cache hierarchy for CPU 0
[    0.094809] Setting up static identity map for 0x80100000 - 0x80100078
[    0.095137] rcu: Hierarchical SRCU implementation.
[    0.095147] rcu: 	Max phase no-delay instances is 1000.
[    0.096895] smp: Bringing up secondary CPUs ...
[    0.096950] smp: Brought up 1 node, 1 CPU
[    0.096963] SMP: Total of 1 processors activated (996.14 BogoMIPS).
[    0.096975] CPU: All CPU(s) started in SVC mode.
[    0.097164] Memory: 480820K/522240K available (11264K kernel code, 1220K rwdata, 2924K rodata, 1024K init, 288K bss, 23388K reserved, 16384K cma-reserved, 0K highmem)
[    0.097989] devtmpfs: initialized
[    0.114819] VFP support v0.3: implementor 41 architecture 3 part 30 variant c rev 3
[    0.115457] clocksource: jiffies: mask: 0xffffffff max_cycles: 0xffffffff, max_idle_ns: 19112604462750000 ns
[    0.115512] posixtimers hash table entries: 512 (order: 0, 4096 bytes, linear)
[    0.115537] futex hash table entries: 256 (16384 bytes on 1 NUMA nodes, total 16 KiB, linear).
[    0.116668] pinctrl core: initialized pinctrl subsystem
[    0.118724] NET: Registered PF_NETLINK/PF_ROUTE protocol family
[    0.121838] DMA: preallocated 256 KiB pool for atomic coherent allocations
[    0.122788] audit: initializing netlink subsys (disabled)
[    0.124155] thermal_sys: Registered thermal governor 'fair_share'
[    0.124171] thermal_sys: Registered thermal governor 'step_wise'
[    0.124179] thermal_sys: Registered thermal governor 'user_space'
[    0.124292] audit: type=2000 audit(0.120:1): state=initialized audit_enabled=0 res=1
[    0.124361] cpuidle: using governor menu
[    0.142446] /ocp/interconnect@44c00000/segment@200000/target-module@b000/i2c@0/tda19988@70: Fixed dependency cycle(s) with /ocp/interconnect@48000000/segment@300000/target-module@e000/lcdc@0
[    0.143583] /ocp/interconnect@48000000/segment@300000/target-module@e000/lcdc@0: Fixed dependency cycle(s) with /ocp/interconnect@44c00000/segment@200000/target-module@b000/i2c@0/tda19988@70
[    0.145787] No ATAGs?
[    0.145826] hw-breakpoint: debug architecture 0x4 unsupported.
[    0.148531] kprobes: kprobe jump-optimization is enabled. All kprobes are optimized if possible.
[    0.153864] iommu: Default domain type: Translated
[    0.153885] iommu: DMA domain TLB invalidation policy: strict mode
[    0.155466] reg-fixed-voltage fixedregulator0: using DT '/fixedregulator0' for '(default)' GPIO lookup
[    0.155520] of_get_named_gpiod_flags: can't parse 'gpios' property of node '/fixedregulator0[0]'
[    0.155548] of_get_named_gpiod_flags: can't parse 'gpio' property of node '/fixedregulator0[0]'
[    0.155565] reg-fixed-voltage fixedregulator0: using lookup tables for GPIO lookup
[    0.155575] reg-fixed-voltage fixedregulator0: No GPIO consumer (default) found
[    0.161367] SCSI subsystem initialized
[    0.161866] libata version 3.00 loaded.
[    0.162231] pps_core: LinuxPPS API ver. 1 registered
[    0.162241] pps_core: Software ver. 5.3.6 - Copyright 2005-2007 Rodolfo Giometti <giometti@linux.it>
[    0.162264] PTP clock support registered
[    0.170812] vgaarb: loaded
[    0.171198] clocksource: Switched to clocksource dmtimer
[    0.171868] VFS: Disk quotas dquot_6.6.0
[    0.171922] VFS: Dquot-cache hash table entries: 1024 (order 0, 4096 bytes)
[    0.196513] NET: Registered PF_INET protocol family
[    0.196860] IP idents hash table entries: 8192 (order: 4, 65536 bytes, linear)
[    0.198286] tcp_listen_portaddr_hash hash table entries: 512 (order: 0, 4096 bytes, linear)
[    0.198324] Table-perturb hash table entries: 65536 (order: 6, 262144 bytes, linear)
[    0.198344] TCP established hash table entries: 4096 (order: 2, 16384 bytes, linear)
[    0.198389] TCP bind hash table entries: 4096 (order: 4, 65536 bytes, linear)
[    0.198489] TCP: Hash tables configured (established 4096 bind 4096)
[    0.198607] UDP hash table entries: 256 (order: 1, 14336 bytes, linear)
[    0.198643] UDP-Lite hash table entries: 256 (order: 1, 14336 bytes, linear)
[    0.198825] NET: Registered PF_UNIX/PF_LOCAL protocol family
[    0.200127] RPC: Registered named UNIX socket transport module.
[    0.200145] RPC: Registered udp transport module.
[    0.200150] RPC: Registered tcp transport module.
[    0.200155] RPC: Registered tcp-with-tls transport module.
[    0.200160] RPC: Registered tcp NFSv4.1 backchannel transport module.
[    0.200183] PCI: CLS 0 bytes, default 64
[    0.201705] Initialise system trusted keyrings
[    0.212351] workingset: timestamp_bits=14 max_order=17 bucket_order=3
[    0.213716] NFS: Registering the id_resolver key type
[    0.213782] Key type id_resolver registered
[    0.213789] Key type id_legacy registered
[    0.213898] jffs2: version 2.2. (NAND) (SUMMARY)  Â© 2001-2006 Red Hat, Inc.
[    0.214363] Key type asymmetric registered
[    0.214379] Asymmetric key parser 'x509' registered
[    0.214450] io scheduler mq-deadline registered
[    0.214459] io scheduler kyber registered
[    0.214530] io scheduler bfq registered
[    0.216415] target-module@4b000000:target-module@140000:pmu@0:fck: device ID is greater than 24
[    0.222588] l3-aon-clkctrl:0000:0: failed to disable
[    0.231841] ledtrig-cpu: registered to indicate activity on CPUs
[    0.234727] Serial: 8250/16550 driver, 6 ports, IRQ sharing enabled
[    0.276434] brd: module loaded
[    0.298591] loop: module loaded
[    0.299508] mtdoops: mtd device (mtddev=name/number) must be supplied
[    0.301393] mdio_bus fixed-0: using lookup tables for GPIO lookup
[    0.301418] mdio_bus fixed-0: No GPIO consumer reset found
[    0.302797] i2c_dev: i2c /dev entries driver
[    0.303797] cpuidle: enable-method property 'ti,am3352' found operations
[    0.304241] sdhci: Secure Digital Host Controller Interface driver
[    0.304249] sdhci: Copyright(c) Pierre Ossman
[    0.304420] sdhci-pltfm: SDHCI platform and OF driver helper
[    0.305889] hw perfevents: enabled with armv7_cortex_a8 PMU driver, 5 (8000000f) counters available
[    0.306399] Initializing XFRM netlink socket
[    0.306580] NET: Registered PF_INET6 protocol family
[    0.312243] l3-aon-clkctrl:0000:0: failed to disable
[    0.326842] Segment Routing with IPv6
[    0.326930] In-situ OAM (IOAM) with IPv6
[    0.327028] sit: IPv6, IPv4 and MPLS over IPv4 tunneling driver
[    0.327978] NET: Registered PF_PACKET protocol family
[    0.328004] NET: Registered PF_KEY protocol family
[    0.328113] Key type dns_resolver registered
[    0.328339] ThumbEE CPU extension supported.
[    0.328360] Registering SWP/SWPB emulation handler
[    0.328896] omap_voltage_late_init: Voltage driver support not added
[    0.329590] SmartReflex Class3 initialized
[    0.377645] Loading compiled-in X.509 certificates
[    0.408505] /ocp/interconnect@44c00000/segment@200000/target-module@b000/i2c@0/tda19988@70: Fixed dependency cycle(s) with /ocp/interconnect@48000000/segment@300000/target-module@e000/lcdc@0
[    0.415208] /ocp/interconnect@44c00000/segment@200000/target-module@b000/i2c@0/tda19988@70: Fixed dependency cycle(s) with /ocp/interconnect@48000000/segment@300000/target-module@e000/lcdc@0
[    0.420753] gpiochip_find_base_unlocked: found new base at 512
[    0.437889] /ocp/interconnect@44c00000/segment@200000/target-module@b000/i2c@0/tda19988@70: Fixed dependency cycle(s) with /ocp/interconnect@48000000/segment@300000/target-module@e000/lcdc@0
[    0.438766] /ocp/interconnect@44c00000/segment@200000/target-module@b000/i2c@0/tda19988@70: Fixed dependency cycle(s) with /ocp/interconnect@48000000/segment@300000/target-module@e000/lcdc@0
[    0.442629] /ocp/interconnect@44c00000/segment@200000/target-module@10000/scm@0/pinmux@800: Fixed dependency cycle(s) with /ocp/interconnect@44c00000/segment@200000/target-module@10000/scm@0/pinmux@800/clkout2-pins
[    0.443228] pinctrl-single 44e10800.pinmux: 142 pins, size 568
[    0.448598] ti-sysc 44e31000.target-module: probe with driver ti-sysc failed with error -16
[    0.485301] /ocp/interconnect@48000000/segment@300000/target-module@e000/lcdc@0: Fixed dependency cycle(s) with /ocp/interconnect@44c00000/segment@200000/target-module@b000/i2c@0/tda19988@70
[    0.493778] ti-sysc 48040000.target-module: probe with driver ti-sysc failed with error -16
[    0.505476] gpiochip_find_base_unlocked: found new base at 512
[    0.505574] gpio gpiochip0: (gpio-0-31): created GPIO range 0->7 ==> 44e10800.pinmux PIN 0->7
[    0.505593] gpio gpiochip0: (gpio-0-31): created GPIO range 8->11 ==> 44e10800.pinmux PIN 90->93
[    0.505608] gpio gpiochip0: (gpio-0-31): created GPIO range 12->27 ==> 44e10800.pinmux PIN 12->27
[    0.505623] gpio gpiochip0: (gpio-0-31): created GPIO range 28->31 ==> 44e10800.pinmux PIN 30->33
[    0.539841] gpio gpiochip0: (gpio-0-31): added GPIO chardev (254:0)
[    0.539984] gpio gpiochip0: registered GPIOs 512 to 543 on gpio-0-31
[    0.540070] OMAP GPIO hardware version 0.1
[    0.567460] i2c i2c-2: using DT '/ocp/interconnect@48000000/segment@100000/target-module@9c000/i2c@0' for 'scl' GPIO lookup
[    0.567531] of_get_named_gpiod_flags: can't parse 'scl-gpios' property of node '/ocp/interconnect@48000000/segment@100000/target-module@9c000/i2c@0[0]'
[    0.567573] of_get_named_gpiod_flags: can't parse 'scl-gpio' property of node '/ocp/interconnect@48000000/segment@100000/target-module@9c000/i2c@0[0]'
[    0.567608] i2c i2c-2: using lookup tables for GPIO lookup
[    0.567617] i2c i2c-2: No GPIO consumer scl found
[    0.567637] i2c i2c-2: using DT '/ocp/interconnect@48000000/segment@100000/target-module@9c000/i2c@0' for 'sda' GPIO lookup
[    0.567672] of_get_named_gpiod_flags: can't parse 'sda-gpios' property of node '/ocp/interconnect@48000000/segment@100000/target-module@9c000/i2c@0[0]'
[    0.567708] of_get_named_gpiod_flags: can't parse 'sda-gpio' property of node '/ocp/interconnect@48000000/segment@100000/target-module@9c000/i2c@0[0]'
[    0.567738] i2c i2c-2: using lookup tables for GPIO lookup
[    0.567745] i2c i2c-2: No GPIO consumer sda found
[    0.568465] omap_i2c 4819c000.i2c: bus 2 rev0.11 at 100 kHz
[    0.574536] gpiochip_find_base_unlocked: found new base at 544
[    0.574638] gpio gpiochip1: (gpio-32-63): created GPIO range 0->17 ==> 44e10800.pinmux PIN 34->51
[    0.574657] gpio gpiochip1: (gpio-32-63): created GPIO range 18->21 ==> 44e10800.pinmux PIN 77->80
[    0.574673] gpio gpiochip1: (gpio-32-63): created GPIO range 22->31 ==> 44e10800.pinmux PIN 56->65
[    0.585716] gpio gpiochip1: (gpio-32-63): added GPIO chardev (254:1)
[    0.585873] gpio gpiochip1: registered GPIOs 544 to 575 on gpio-32-63
[    0.588153] gpiochip_find_base_unlocked: found new base at 576
[    0.588247] gpio gpiochip2: (gpio-64-95): created GPIO range 0->4 ==> 44e10800.pinmux PIN 66->70
[    0.588267] gpio gpiochip2: (gpio-64-95): created GPIO range 5->6 ==> 44e10800.pinmux PIN 98->99
[    0.588282] gpio gpiochip2: (gpio-64-95): created GPIO range 7->8 ==> 44e10800.pinmux PIN 75->76
[    0.588303] gpio gpiochip2: (gpio-64-95): created GPIO range 13->13 ==> 44e10800.pinmux PIN 141->141
[    0.588319] gpio gpiochip2: (gpio-64-95): created GPIO range 14->21 ==> 44e10800.pinmux PIN 100->107
[    0.588962] gpio gpiochip2: (gpio-64-95): added GPIO chardev (254:2)
[    0.589100] gpio gpiochip2: registered GPIOs 576 to 607 on gpio-64-95
[    0.595344] 48000000.interconnect:segment@200000:target-module@0:mpu@0:fck: device ID is greater than 24
[    0.596257] /ocp/interconnect@48000000/segment@300000/target-module@e000/lcdc@0: Fixed dependency cycle(s) with /ocp/interconnect@44c00000/segment@200000/target-module@b000/i2c@0/tda19988@70
[    0.599131] /ocp/interconnect@48000000/segment@300000/target-module@e000/lcdc@0: Fixed dependency cycle(s) with /ocp/interconnect@44c00000/segment@200000/target-module@b000/i2c@0/tda19988@70
[    0.599841] /ocp/interconnect@44c00000/segment@200000/target-module@b000/i2c@0/tda19988@70: Fixed dependency cycle(s) with /ocp/interconnect@48000000/segment@300000/target-module@e000/lcdc@0
[    0.600014] /ocp/interconnect@48000000/segment@300000/target-module@e000/lcdc@0: Fixed dependency cycle(s) with /ocp/interconnect@44c00000/segment@200000/target-module@b000/i2c@0/tda19988@70
[    0.609899] mdio_bus 4a101000.mdio: using DT '/ocp/interconnect@4a000000/segment@0/target-module@100000/switch@0/mdio@1000' for 'reset' GPIO lookup
[    0.609980] of_get_named_gpiod_flags: can't parse 'reset-gpios' property of node '/ocp/interconnect@4a000000/segment@0/target-module@100000/switch@0/mdio@1000[0]'
[    0.610026] of_get_named_gpiod_flags: can't parse 'reset-gpio' property of node '/ocp/interconnect@4a000000/segment@0/target-module@100000/switch@0/mdio@1000[0]'
[    0.610072] mdio_bus 4a101000.mdio: using lookup tables for GPIO lookup
[    0.610081] mdio_bus 4a101000.mdio: No GPIO consumer reset found
[    0.611467] sdhci-omap 481d8000.mmc: using DT '/ocp/interconnect@48000000/segment@100000/target-module@d8000/mmc@0' for 'wp' GPIO lookup
[    0.611532] of_get_named_gpiod_flags: can't parse 'wp-gpios' property of node '/ocp/interconnect@48000000/segment@100000/target-module@d8000/mmc@0[0]'
[    0.611573] of_get_named_gpiod_flags: can't parse 'wp-gpio' property of node '/ocp/interconnect@48000000/segment@100000/target-module@d8000/mmc@0[0]'
[    0.611607] sdhci-omap 481d8000.mmc: using lookup tables for GPIO lookup
[    0.611616] sdhci-omap 481d8000.mmc: No GPIO consumer wp found
[    0.611818] sdhci-omap 481d8000.mmc: supply pbias not found, using dummy regulator
[    0.612473] sdhci-omap 481d8000.mmc: supply vqmmc not found, using dummy regulator
[    0.667131] davinci_mdio 4a101000.mdio: davinci mdio revision 1.6, bus freq 1000000
[    0.688379] mdio_bus 4a101000.mdio:00: using DT '/ocp/interconnect@4a000000/segment@0/target-module@100000/switch@0/mdio@1000/ethernet-phy@0' for 'reset' GPIO lookup
[    0.688482] of_get_named_gpiod_flags: parsed 'reset-gpios' property of node '/ocp/interconnect@4a000000/segment@0/target-module@100000/switch@0/mdio@1000/ethernet-phy@0[0]' - status (0)
[    0.688646] gpio gpiochip0: Persistence not supported for GPIO 8
[    0.823820] davinci_mdio 4a101000.mdio: phy[0]: device 4a101000.mdio:00, driver SMSC LAN8710/LAN8720
[    0.824597] cpsw-switch 4a100000.switch: initialized cpsw ale version 1.4
[    0.824617] cpsw-switch 4a100000.switch: ALE Table size 1024, Policers 0
[    0.824770] cpsw-switch 4a100000.switch: cpts: overflow check period 500 (jiffies)
[    0.824786] cpsw-switch 4a100000.switch: CPTS: ref_clk_freq:250000000 calc_mult:2147483648 calc_shift:29 error:0 nsec/sec
[    0.824903] cpsw-switch 4a100000.switch: Detected MACID = 6c:ec:eb:68:de:78
[    0.826754] cpsw-switch 4a100000.switch: initialized (regs 0x4a100000, pool size 256) hw_ver:0019010C 1.12 (0)
[    0.837831] debugfs: Directory '49000000.dma' with parent 'dmaengine' already present!
[    0.837871] edma 49000000.dma: TI EDMA DMA engine driver
[    0.871678] gpio-clk clk_mcasp0: using DT '/clk_mcasp0' for 'enable' GPIO lookup
[    0.871758] of_get_named_gpiod_flags: parsed 'enable-gpios' property of node '/clk_mcasp0[0]' - status (0)
[    0.871804] gpio gpiochip0: Persistence not supported for GPIO 27
[    0.872701] gpiochip_find_base_unlocked: found new base at 608
[    0.872811] gpio gpiochip3: (gpio-96-127): created GPIO range 0->7 ==> 44e10800.pinmux PIN 82->89
[    0.872831] gpio gpiochip3: (gpio-96-127): created GPIO range 8->11 ==> 44e10800.pinmux PIN 52->55
[    0.872846] gpio gpiochip3: (gpio-96-127): created GPIO range 12->15 ==> 44e10800.pinmux PIN 94->97
[    0.872861] gpio gpiochip3: (gpio-96-127): created GPIO range 16->17 ==> 44e10800.pinmux PIN 71->72
[    0.872877] gpio gpiochip3: (gpio-96-127): created GPIO range 18->18 ==> 44e10800.pinmux PIN 135->135
[    0.872893] gpio gpiochip3: (gpio-96-127): created GPIO range 19->20 ==> 44e10800.pinmux PIN 108->109
[    0.872909] gpio gpiochip3: (gpio-96-127): created GPIO range 21->21 ==> 44e10800.pinmux PIN 73->73
[    0.872926] gpio gpiochip3: (gpio-96-127): created GPIO range 22->23 ==> 44e10800.pinmux PIN 8->9
[    0.872943] gpio gpiochip3: (gpio-96-127): created GPIO range 26->27 ==> 44e10800.pinmux PIN 10->11
[    0.872960] gpio gpiochip3: (gpio-96-127): created GPIO range 28->28 ==> 44e10800.pinmux PIN 74->74
[    0.872977] gpio gpiochip3: (gpio-96-127): created GPIO range 29->29 ==> 44e10800.pinmux PIN 81->81
[    0.872996] gpio gpiochip3: (gpio-96-127): created GPIO range 30->31 ==> 44e10800.pinmux PIN 28->29
[    0.884713] gpio gpiochip3: (gpio-96-127): added GPIO chardev (254:3)
[    0.884869] gpio gpiochip3: registered GPIOs 608 to 639 on gpio-96-127
[    0.897457] omap8250 44e09000.serial: using DT '/ocp/interconnect@44c00000/segment@200000/target-module@9000/serial@0' for 'rs485-term' GPIO lookup
[    0.897528] of_get_named_gpiod_flags: can't parse 'rs485-term-gpios' property of node '/ocp/interconnect@44c00000/segment@200000/target-module@9000/serial@0[0]'
[    0.897571] of_get_named_gpiod_flags: can't parse 'rs485-term-gpio' property of node '/ocp/interconnect@44c00000/segment@200000/target-module@9000/serial@0[0]'
[    0.897607] omap8250 44e09000.serial: using lookup tables for GPIO lookup
[    0.897616] omap8250 44e09000.serial: No GPIO consumer rs485-term found
[    0.897625] omap8250 44e09000.serial: using DT '/ocp/interconnect@44c00000/segment@200000/target-module@9000/serial@0' for 'rs485-rx-during-tx' GPIO lookup
[    0.897661] of_get_named_gpiod_flags: can't parse 'rs485-rx-during-tx-gpios' property of node '/ocp/interconnect@44c00000/segment@200000/target-module@9000/serial@0[0]'
[    0.897697] of_get_named_gpiod_flags: can't parse 'rs485-rx-during-tx-gpio' property of node '/ocp/interconnect@44c00000/segment@200000/target-module@9000/serial@0[0]'
[    0.897728] omap8250 44e09000.serial: using lookup tables for GPIO lookup
[    0.897735] omap8250 44e09000.serial: No GPIO consumer rs485-rx-during-tx found
[    0.898177] 44e09000.serial: ttyS0 at MMIO 0x44e09000 (irq = 34, base_baud = 3000000) is a 8250
[    0.898265] printk: legacy console [ttyS0] enabled
[    2.356847] i2c i2c-0: using DT '/ocp/interconnect@44c00000/segment@200000/target-module@b000/i2c@0' for 'scl' GPIO lookup
[    2.356935] of_get_named_gpiod_flags: can't parse 'scl-gpios' property of node '/ocp/interconnect@44c00000/segment@200000/target-module@b000/i2c@0[0]'
[    2.356982] of_get_named_gpiod_flags: can't parse 'scl-gpio' property of node '/ocp/interconnect@44c00000/segment@200000/target-module@b000/i2c@0[0]'
[    2.357021] i2c i2c-0: using lookup tables for GPIO lookup
[    2.357034] i2c i2c-0: No GPIO consumer scl found
[    2.357058] i2c i2c-0: using DT '/ocp/interconnect@44c00000/segment@200000/target-module@b000/i2c@0' for 'sda' GPIO lookup
[    2.357097] of_get_named_gpiod_flags: can't parse 'sda-gpios' property of node '/ocp/interconnect@44c00000/segment@200000/target-module@b000/i2c@0[0]'
[    2.357138] of_get_named_gpiod_flags: can't parse 'sda-gpio' property of node '/ocp/interconnect@44c00000/segment@200000/target-module@b000/i2c@0[0]'
[    2.357173] i2c i2c-0: using lookup tables for GPIO lookup
[    2.357184] i2c i2c-0: No GPIO consumer sda found
[    2.372173] tps65217-pmic: Failed to locate of_node [id: -1]
[    2.378236] tps65217-bl: Failed to locate of_node [id: -1]
[    2.384280] platform tps65217-charger: DMA mask not set
[    2.390326] platform tps65217-pwrbutton: DMA mask not set
[    2.397680] tps65217 0-0024: TPS65217 ID 0xe version 1.2
[    2.403835] /ocp/interconnect@48000000/segment@300000/target-module@e000/lcdc@0: Fixed dependency cycle(s) with /ocp/interconnect@44c00000/segment@200000/target-module@b000/i2c@0/tda19988@70
[    2.421265] /ocp/interconnect@44c00000/segment@200000/target-module@b000/i2c@0/tda19988@70: Fixed dependency cycle(s) with /ocp/interconnect@48000000/segment@300000/target-module@e000/lcdc@0
[    2.438611] omap_i2c 44e0b000.i2c: bus 0 rev0.11 at 400 kHz
[    2.446306] sdhci-omap 48060000.mmc: using DT '/ocp/interconnect@48000000/segment@0/target-module@60000/mmc@0' for 'cd' GPIO lookup
[    2.446413] of_get_named_gpiod_flags: parsed 'cd-gpios' property of node '/ocp/interconnect@48000000/segment@0/target-module@60000/mmc@0[0]' - status (0)
[    2.446479] gpio gpiochip3: Persistence not supported for GPIO 6
[    2.446504] omap_gpio 44e07000.gpio: Could not set line 6 debounce to 200000 microseconds (-22)
[    2.455428] sdhci-omap 48060000.mmc: Got CD GPIO
[    2.460081] sdhci-omap 48060000.mmc: using DT '/ocp/interconnect@48000000/segment@0/target-module@60000/mmc@0' for 'wp' GPIO lookup
[    2.460131] of_get_named_gpiod_flags: can't parse 'wp-gpios' property of node '/ocp/interconnect@48000000/segment@0/target-module@60000/mmc@0[0]'
[    2.460174] of_get_named_gpiod_flags: can't parse 'wp-gpio' property of node '/ocp/interconnect@48000000/segment@0/target-module@60000/mmc@0[0]'
[    2.460213] sdhci-omap 48060000.mmc: using lookup tables for GPIO lookup
[    2.460227] sdhci-omap 48060000.mmc: No GPIO consumer wp found
[    2.460435] sdhci-omap 48060000.mmc: supply pbias not found, using dummy regulator
[    2.469239] sdhci-omap 481d8000.mmc: using DT '/ocp/interconnect@48000000/segment@100000/target-module@d8000/mmc@0' for 'wp' GPIO lookup
[    2.469313] of_get_named_gpiod_flags: can't parse 'wp-gpios' property of node '/ocp/interconnect@48000000/segment@100000/target-module@d8000/mmc@0[0]'
[    2.469361] of_get_named_gpiod_flags: can't parse 'wp-gpio' property of node '/ocp/interconnect@48000000/segment@100000/target-module@d8000/mmc@0[0]'
[    2.469399] sdhci-omap 481d8000.mmc: using lookup tables for GPIO lookup
[    2.469412] sdhci-omap 481d8000.mmc: No GPIO consumer wp found
[    2.470375] sdhci-omap 48060000.mmc: supply vqmmc not found, using dummy regulator
[    2.479508] sdhci-omap 481d8000.mmc: supply pbias not found, using dummy regulator
[    2.489053] sdhci-omap 481d8000.mmc: supply vqmmc not found, using dummy regulator
[    2.525170] mmc0: SDHCI controller on 48060000.mmc [48060000.mmc] using External DMA
[    2.533492] mmc1: SDHCI controller on 481d8000.mmc [481d8000.mmc] using External DMA
[    2.542227] cpsw-switch 4a100000.switch: starting ndev. mode: dual_mac
[    2.590331] mmc0: new high speed SDHC card at address 5048
[    2.597383] mmcblk0: mmc0:5048 SD16G 14.4 GiB
[    2.605685]  mmcblk0: p1 p2
[    2.609066] mmcblk0: p2 size 31221760 extends beyond EOD, truncated
[    2.622563] SMSC LAN8710/LAN8720 4a101000.mdio:00: attached PHY driver (mii_bus:phy_addr=4a101000.mdio:00, irq=POLL)
[    2.633552] mmc1: new high speed MMC card at address 0001
[    2.646197] mmcblk1: mmc1:0001 MMC04G 3.60 GiB
[    2.653857]  mmcblk1: p1 p2
[    2.658094] mmcblk1boot0: mmc1:0001 MMC04G 2.00 MiB
[    2.666831] mmcblk1boot1: mmc1:0001 MMC04G 2.00 MiB
[    2.676105] mmcblk1rpmb: mmc1:0001 MMC04G 128 KiB, chardev (250:0)
[    5.761986] cpsw-switch 4a100000.switch eth0: Link is Up - 100Mbps/Full - flow control off
[    5.801452] IP-Config: Complete:
[    5.804724]      device=eth0, hwaddr=6c:ec:eb:68:de:78, ipaddr=192.168.255.1, mask=255.255.255.0, gw=255.255.255.255
[    5.815393]      host=bbb1, domain=, nis-domain=(none)
[    5.820561]      bootserver=192.168.255.126, rootserver=192.168.255.126, rootpath=
[    5.821000] clk: Disabling unused clocks
[    5.832861] PM: genpd: Disabling unused power domains
[    5.837979] KTAP version 1
[    5.840700] 1..0
[    5.865622] VFS: Mounted root (nfs filesystem) on device 0:17.
[    5.872649] devtmpfs: mounted
[    5.877125] Freeing unused kernel image (initmem) memory: 1024K
[    5.884136] Run /sbin/init as init process
[    5.888274]   with arguments:
[    5.888288]     /sbin/init
[    5.888297]     nfsrootdebug
[    5.888306]   with environment:
[    5.888315]     HOME=/
[    5.888323]     TERM=linux
[    6.593566] systemd[1]: System time before build time, advancing clock.
[    8.081222] random: crng init done
[    8.097570] systemd[1]: systemd 232 running in system mode. (+PAM +AUDIT +SELINUX +IMA +APPARMOR +SMACK +SYSVINIT +UTMP +LIBCRYPTSETUP +GCRYPT +GNUTLS +ACL +XZ +LZ4 +SECCOMP +BLKID +ELFUTILS +KMOD +IDN)
[    8.116760] systemd[1]: Detected architecture arm.
[    8.144442] systemd[1]: Set hostname to <arm>.
[    9.253231] systemd[1]: Started Dispatch Password Requests to Console Directory Watch.
[    9.282787] systemd[1]: Created slice User and Session Slice.
[    9.313339] systemd[1]: Listening on udev Control Socket.
[    9.343155] systemd[1]: Listening on /dev/initctl Compatibility Named Pipe.
[    9.373004] systemd[1]: systemd-journald-dev-log.socket: SO_PASSSEC failed: Operation not supported
[    9.382695] systemd[1]: Listening on Journal Socket (/dev/log).
[    9.411851] systemd[1]: syslog.socket: SO_PASSSEC failed: Operation not supported
[   11.841359] systemd-journald[83]: Received request to flush runtime journal from PID 1
[   14.380903] leds-gpio leds: using DT '/leds/led2' for '(default)' GPIO lookup
[   14.381010] of_get_named_gpiod_flags: parsed 'gpios' property of node '/leds/led2[0]' - status (0)
[   14.381068] gpio gpiochip0: Persistence not supported for GPIO 21
[   14.381083] gpio-533 (?): no flags found for GPIO (default)
[   14.431068] leds-gpio leds: using DT '/leds/led3' for '(default)' GPIO lookup
[   14.431444] of_get_named_gpiod_flags: parsed 'gpios' property of node '/leds/led3[0]' - status (0)
[   14.431510] gpio gpiochip0: Persistence not supported for GPIO 22
[   14.431525] gpio-534 (?): no flags found for GPIO (default)
[   14.499480] leds-gpio leds: using DT '/leds/led4' for '(default)' GPIO lookup
[   14.499585] of_get_named_gpiod_flags: parsed 'gpios' property of node '/leds/led4[0]' - status (0)
[   14.499637] gpio gpiochip0: Persistence not supported for GPIO 23
[   14.499652] gpio-535 (?): no flags found for GPIO (default)
[   14.521772] leds-gpio leds: using DT '/leds/led5' for '(default)' GPIO lookup
[   14.521870] of_get_named_gpiod_flags: parsed 'gpios' property of node '/leds/led5[0]' - status (0)
[   14.521921] gpio gpiochip0: Persistence not supported for GPIO 24
[   14.521935] gpio-536 (?): no flags found for GPIO (default)
[   14.985885] remoteproc remoteproc0: wkup_m3 is available
[   15.069458] omap_rtc 44e3e000.rtc: registered as rtc0
[   15.074801] omap_rtc 44e3e000.rtc: setting system clock to 2000-01-01T00:00:00 UTC (946684800)
[   15.083566] omap_rtc 44e3e000.rtc: using DT '/ocp/interconnect@44c00000/segment@200000/target-module@3e000/rtc@0' for 'wp' GPIO lookup
[   15.083640] of_get_named_gpiod_flags: can't parse 'wp-gpios' property of node '/ocp/interconnect@44c00000/segment@200000/target-module@3e000/rtc@0[0]'
[   15.083690] of_get_named_gpiod_flags: can't parse 'wp-gpio' property of node '/ocp/interconnect@44c00000/segment@200000/target-module@3e000/rtc@0[0]'
[   15.083729] omap_rtc 44e3e000.rtc: using lookup tables for GPIO lookup
[   15.083744] omap_rtc 44e3e000.rtc: No GPIO consumer wp found
[   15.200470] omap_wdt: OMAP Watchdog Timer Rev 0x01: initial timeout 60 sec
[   15.304482] am335x-phy-driver 47401300.usb-phy: using DT '/ocp/target-module@47400000/usb-phy@1300' for 'reset' GPIO lookup
[   15.304577] of_get_named_gpiod_flags: can't parse 'reset-gpios' property of node '/ocp/target-module@47400000/usb-phy@1300[0]'
[   15.304621] of_get_named_gpiod_flags: can't parse 'reset-gpio' property of node '/ocp/target-module@47400000/usb-phy@1300[0]'
[   15.304658] am335x-phy-driver 47401300.usb-phy: using lookup tables for GPIO lookup
[   15.304671] am335x-phy-driver 47401300.usb-phy: No GPIO consumer reset found
[   15.304685] am335x-phy-driver 47401300.usb-phy: using DT '/ocp/target-module@47400000/usb-phy@1300' for 'vbus-detect' GPIO lookup
[   15.304716] of_get_named_gpiod_flags: can't parse 'vbus-detect-gpios' property of node '/ocp/target-module@47400000/usb-phy@1300[0]'
[   15.304747] of_get_named_gpiod_flags: can't parse 'vbus-detect-gpio' property of node '/ocp/target-module@47400000/usb-phy@1300[0]'
[   15.304774] am335x-phy-driver 47401300.usb-phy: using lookup tables for GPIO lookup
[   15.304785] am335x-phy-driver 47401300.usb-phy: No GPIO consumer vbus-detect found
[   15.304935] am335x-phy-driver 47401300.usb-phy: dummy supplies not allowed for exclusive requests (id=vbus)
[   15.518163] at24 2-0054: supply vcc not found, using dummy regulator
[   15.540982] input: tps65217_pwrbutton as /devices/platform/ocp/44c00000.interconnect/44c00000.interconnect:segment@200000/44e0b000.target-module/44e0b000.i2c/i2c-0/0-0024/tps65217-pwrbutton/input/input0
[   15.567882] am335x-phy-driver 47401b00.usb-phy: using DT '/ocp/target-module@47400000/usb-phy@1b00' for 'reset' GPIO lookup
[   15.567973] of_get_named_gpiod_flags: can't parse 'reset-gpios' property of node '/ocp/target-module@47400000/usb-phy@1b00[0]'
[   15.568017] of_get_named_gpiod_flags: can't parse 'reset-gpio' property of node '/ocp/target-module@47400000/usb-phy@1b00[0]'
[   15.568053] am335x-phy-driver 47401b00.usb-phy: using lookup tables for GPIO lookup
[   15.568067] am335x-phy-driver 47401b00.usb-phy: No GPIO consumer reset found
[   15.568081] am335x-phy-driver 47401b00.usb-phy: using DT '/ocp/target-module@47400000/usb-phy@1b00' for 'vbus-detect' GPIO lookup
[   15.568111] of_get_named_gpiod_flags: can't parse 'vbus-detect-gpios' property of node '/ocp/target-module@47400000/usb-phy@1b00[0]'
[   15.568144] of_get_named_gpiod_flags: can't parse 'vbus-detect-gpio' property of node '/ocp/target-module@47400000/usb-phy@1b00[0]'
[   15.568169] am335x-phy-driver 47401b00.usb-phy: using lookup tables for GPIO lookup
[   15.568181] am335x-phy-driver 47401b00.usb-phy: No GPIO consumer vbus-detect found
[   15.568329] am335x-phy-driver 47401b00.usb-phy: dummy supplies not allowed for exclusive requests (id=vbus)
[   15.633186] at24 2-0055: supply vcc not found, using dummy regulator
[   15.733432] at24 2-0056: supply vcc not found, using dummy regulator
[   15.873884] at24 2-0057: supply vcc not found, using dummy regulator
[   15.998535] at24 0-0050: using DT '/ocp/interconnect@44c00000/segment@200000/target-module@b000/i2c@0/eeprom@50' for 'wp' GPIO lookup
[   15.998659] of_get_named_gpiod_flags: can't parse 'wp-gpios' property of node '/ocp/interconnect@44c00000/segment@200000/target-module@b000/i2c@0/eeprom@50[0]'
[   15.998716] of_get_named_gpiod_flags: can't parse 'wp-gpio' property of node '/ocp/interconnect@44c00000/segment@200000/target-module@b000/i2c@0/eeprom@50[0]'
[   15.998762] at24 0-0050: using lookup tables for GPIO lookup
[   15.998776] at24 0-0050: No GPIO consumer wp found
[   15.999121] at24 0-0050: 32768 byte 24c256 EEPROM, writable, 1 bytes/write
[   16.336482] usbcore: registered new interface driver usbfs
[   16.342326] usbcore: registered new interface driver hub
[   16.347803] usbcore: registered new device driver usb
[   17.229179] omap-mailbox 480c8000.mailbox: omap mailbox rev 0x400
[   17.311118] remoteproc remoteproc0: powering up wkup_m3
[   17.562660] remoteproc remoteproc0: Direct firmware load for am335x-pm-firmware.elf failed with error -2
[   17.572682] remoteproc remoteproc0: request_firmware failed: -2
[   17.578651] wkup_m3_ipc 44e11324.wkup_m3_ipc: rproc_boot failed
[   17.641120] musb-hdrc musb-hdrc.1: MUSB HDRC host driver
[   17.646709] musb-hdrc musb-hdrc.1: new USB bus registered, assigned bus number 1
[   17.930379] usb usb1: New USB device found, idVendor=1d6b, idProduct=0002, bcdDevice= 6.16
[   17.938907] usb usb1: New USB device strings: Mfr=3, Product=2, SerialNumber=1
[   17.946251] usb usb1: Product: MUSB HDRC host driver
[   17.951305] usb usb1: Manufacturer: Linux 6.16.0 musb-hcd
[   17.956736] usb usb1: SerialNumber: musb-hdrc.1
[   17.985271] tda998x 0-0070: found TDA19988
[   18.451898] hub 1-0:1.0: USB hub found
[   18.521530] hub 1-0:1.0: 1 port detected
[   20.010802] omap_rng 48310000.rng: Random Number Generator ver. 20
[   20.293188] tilcdc 4830e000.lcdc: bound 0-0070 (ops tda998x_audio_codec_init [tda998x])
[   20.447965] [drm] Initialized tilcdc 1.0.0 for 4830e000.lcdc on minor 0
[   20.561696] tilcdc 4830e000.lcdc: [drm] Cannot find any crtc or sizes
[   20.675859] tilcdc 4830e000.lcdc: [drm] Cannot find any crtc or sizes
[   21.616065] PM: Cannot get wkup_m3_ipc handle
[   21.637071] omap-sham 53100000.sham: hw accel on OMAP rev 4.3
[   21.744986] omap-sham 53100000.sham: will run requests pump with realtime priority
[   21.769844] PM: Cannot get wkup_m3_ipc handle
[   21.909162] omap-aes 53500000.aes: OMAP AES hw accel rev: 3.2
[   22.033608] omap-aes 53500000.aes: will run requests pump with realtime priority
[   22.042615] PM: Cannot get wkup_m3_ipc handle
[   23.690491] Bluetooth: Core ver 2.22
[   23.694594] NET: Registered PF_BLUETOOTH protocol family
[   23.699948] Bluetooth: HCI device and connection manager initialized
[   23.706516] Bluetooth: HCI socket layer initialized
[   23.711534] Bluetooth: L2CAP socket layer initialized
[   23.716650] Bluetooth: SCO socket layer initialized
[   25.445025] PM: Cannot get wkup_m3_ipc handle
[   25.450797] asoc-simple-card sound: using DT '/sound' for 'simple-audio-card,hp-det' GPIO lookup
[   25.450879] of_get_named_gpiod_flags: can't parse 'simple-audio-card,hp-det-gpios' property of node '/sound[0]'
[   25.450919] of_get_named_gpiod_flags: can't parse 'simple-audio-card,hp-det-gpio' property of node '/sound[0]'
[   25.450944] asoc-simple-card sound: using lookup tables for GPIO lookup
[   25.450957] asoc-simple-card sound: No GPIO consumer simple-audio-card,hp-det found
[   25.450972] asoc-simple-card sound: using DT '/sound' for 'simple-audio-card,mic-det' GPIO lookup
[   25.451000] of_get_named_gpiod_flags: can't parse 'simple-audio-card,mic-det-gpios' property of node '/sound[0]'
[   25.451026] of_get_named_gpiod_flags: can't parse 'simple-audio-card,mic-det-gpio' property of node '/sound[0]'
[   25.451046] asoc-simple-card sound: using lookup tables for GPIO lookup
[   25.451057] asoc-simple-card sound: No GPIO consumer simple-audio-card,mic-det found
[   25.454112] tda998x 0-0070: using DT '/ocp/interconnect@44c00000/segment@200000/target-module@b000/i2c@0/tda19988@70' for 'nxp,calib' GPIO lookup
[   25.454301] of_get_named_gpiod_flags: parsed 'nxp,calib-gpios' property of node '/ocp/interconnect@44c00000/segment@200000/target-module@b000/i2c@0/tda19988@70[0]' - status (0)
[   25.454383] gpio gpiochip0: Persistence not supported for GPIO 25
[   25.454398] gpio-537 (nxp,calib): no flags found for GPIO nxp,calib
[   25.471505] gpio-537 (nxp,calib): gpiod_direction_output_nonotify: tried to set a GPIO tied to an IRQ as output
[   25.572182] PM: Cannot get wkup_m3_ipc handle
[   25.730357] tda9950 0-0034: TDA9950 CEC interface, hardware version 3.3
[   25.835998] PM: Cannot get wkup_m3_ipc handle
[   28.429800] userial_init: registered 8 ttyGS* devices
[   28.657636] rndis_register: configNr = 0
[   28.715702] udc musb-hdrc.0: binding gadget driver [g_multi]
[   28.715810] configfs-gadget.g_multi gadget.0: adding 'rndis'/dbcdab04 to config 'c'/5dccb448
[   28.716967] configfs-gadget.g_multi gadget.0: HOST MAC 1c:ba:8c:a2:ed:6c
[   28.723962] configfs-gadget.g_multi gadget.0: MAC 1c:ba:8c:a2:ed:70
[   28.730342] rndis_set_param_medium: 0 0
[   28.730363] configfs-gadget.g_multi gadget.0: RNDIS: IN/ep1in OUT/ep1out NOTIFY/ep2in
[   28.730380] configfs-gadget.g_multi gadget.0: adding 'cdc_ethernet'/51fc75aa to config 'c'/5dccb448
[   28.731448] configfs-gadget.g_multi gadget.0: HOST MAC 1c:ba:8c:a2:ed:6c
[   28.738217] configfs-gadget.g_multi gadget.0: MAC 1c:ba:8c:a2:ed:6d
[   28.744603] configfs-gadget.g_multi gadget.0: CDC Ethernet: IN/ep3in OUT/ep2out NOTIFY/ep4in
[   28.744623] configfs-gadget.g_multi gadget.0: adding 'acm'/04e649ea to config 'c'/5dccb448
[   28.744673] configfs-gadget.g_multi gadget.0: acm ttyGS0: IN/ep5in OUT/ep3out NOTIFY/ep6in
[   28.749815] PM: Cannot get wkup_m3_ipc handle
[   29.874750] configfs-gadget.g_multi gadget.0: eth_open
[   31.355524] configfs-gadget.g_multi gadget.0: stop stats: rx/tx 0/0, errs 0/0
[   35.225608] gs_open: ttyGS0 (ded65395,e1691c13)
[   35.225771] gs_close: ttyGS0 (ded65395,e1691c13) ...
[   35.225796] gs_close: ttyGS0 (ded65395,e1691c13) done!
[   35.245988] gs_open: ttyGS0 (4feac819,963e76e8)
[   35.246129] gs_close: ttyGS0 (4feac819,963e76e8) ...
[   35.246152] gs_close: ttyGS0 (4feac819,963e76e8) done!
[   35.408334] gs_open: ttyGS0 (ded65395,03467be8)
[   35.408578] gs_close: ttyGS0 (ded65395,03467be8) ...
[   35.408606] gs_close: ttyGS0 (ded65395,03467be8) done!
[   35.419979] gs_open: ttyGS0 (ded65395,03467be8)
MBGEFUFTET 0
root@arm:~# echo 'GUNJ''JBKCGJ'
GUNJJBKCGJ
root@arm:~# MARKER='CUGF''XNLXSH' run 'modprobe test_linear_ranges'
CUGFXNLXSHCUGFXNLXSH 0
root@arm:~# echo 'XEJN''NHNTAT'
XEJNNHNTAT
root@arm:~# MARKER='ZANV''ZKBPZF' run dmesg
ZANVZKBPZF[    0.000000] Booting Linux on physical CPU 0x0
[    0.000000] Linux version 6.16.0 (user01@drvtest01) (arm-none-eabi-gcc (Arm GNU Toolchain 14.2.Rel1 (Build arm-14.52)) 14.2.1 20241119, GNU ld (Arm GNU Toolchain 14.2.Rel1 (Build arm-14.52)) 2.43.1.20241119) #1 SMP Mon Jul 28 01:04:06 EEST 2025
[    0.000000] CPU: ARMv7 Processor [413fc082] revision 2 (ARMv7), cr=10c5387d
[    0.000000] CPU: PIPT / VIPT nonaliasing data cache, VIPT aliasing instruction cache
[    0.000000] OF: fdt: Machine model: TI AM335x BeagleBone Black
[    0.000000] Memory policy: Data cache writeback
[    0.000000] cma: Reserved 16 MiB at 0x9e800000
[    0.000000] Zone ranges:
[    0.000000]   Normal   [mem 0x0000000080000000-0x000000009fdfffff]
[    0.000000]   HighMem  empty
[    0.000000] Movable zone start for each node
[    0.000000] Early memory node ranges
[    0.000000]   node   0: [mem 0x0000000080000000-0x000000009fdfffff]
[    0.000000] Initmem setup node 0 [mem 0x0000000080000000-0x000000009fdfffff]
[    0.000000] On node 0, zone Normal: 512 pages in unavailable ranges
[    0.000000] OF: reserved mem: Reserved memory: No reserved-memory node in the DT
[    0.000000] CPU: All CPU(s) started in SVC mode.
[    0.000000] AM335X ES2.1 (sgx neon)
[    0.000000] percpu: Embedded 17 pages/cpu s39820 r8192 d21620 u69632
[    0.000000] pcpu-alloc: s39820 r8192 d21620 u69632 alloc=17*4096
[    0.000000] pcpu-alloc: [0] 0 
[    0.000000] Kernel command line: console=ttyO0,115200n8 root=/dev/nfs rw nfsroot=192.168.255.126:/home/user01/nfs,nfsvers=3 ip=192.168.255.1:192.168.255.126::255.255.255.0:bbb1:eth0 nfsrootdebug
[    0.000000] Unknown kernel command line parameters "nfsrootdebug", will be passed to user space.
[    0.000000] printk: log buffer data + meta data: 65536 + 204800 = 270336 bytes
[    0.000000] Dentry cache hash table entries: 65536 (order: 6, 262144 bytes, linear)
[    0.000000] Inode-cache hash table entries: 32768 (order: 5, 131072 bytes, linear)
[    0.000000] Built 1 zonelists, mobility grouping on.  Total pages: 130560
[    0.000000] mem auto-init: stack:off, heap alloc:off, heap free:off
[    0.000000] SLUB: HWalign=16, Order=0-3, MinObjects=0, CPUs=1, Nodes=1
[    0.000000] rcu: Hierarchical RCU implementation.
[    0.000000] rcu: 	RCU event tracing is enabled.
[    0.000000] rcu: 	RCU restricting CPUs from NR_CPUS=2 to nr_cpu_ids=1.
[    0.000000] 	Tracing variant of Tasks RCU enabled.
[    0.000000] rcu: RCU calculated value of scheduler-enlistment delay is 10 jiffies.
[    0.000000] rcu: Adjusting geometry for rcu_fanout_leaf=16, nr_cpu_ids=1
[    0.000000] RCU Tasks Trace: Setting shift to 0 and lim to 1 rcu_task_cb_adjust=1 rcu_task_cpu_ids=1.
[    0.000000] NR_IRQS: 16, nr_irqs: 16, preallocated irqs: 16
[    0.000000] IRQ: Found an INTC at 0x(ptrval) (revision 5.0) with 128 interrupts
[    0.000000] rcu: srcu_init: Setting srcu_struct sizes based on contention.
[    0.000000] TI gptimer clocksource: always-on /ocp/interconnect@44c00000/segment@200000/target-module@31000
[    0.000003] sched_clock: 32 bits at 24MHz, resolution 41ns, wraps every 89478484971ns
[    0.000027] clocksource: dmtimer: mask: 0xffffffff max_cycles: 0xffffffff, max_idle_ns: 79635851949 ns
[    0.000512] TI gptimer clockevent: 24000000 Hz at /ocp/interconnect@48000000/segment@0/target-module@40000
[    0.002134] Console: colour dummy device 80x30
[    0.002199] WARNING: Your 'console=ttyO0' has been replaced by 'ttyS0'
[    0.002207] This ensures that you still see kernel messages. Please
[    0.002211] update your kernel commandline.
[    0.002254] Calibrating delay loop... 996.14 BogoMIPS (lpj=4980736)
[    0.090557] CPU: Testing write buffer coherency: ok
[    0.090666] CPU0: Spectre v2: using BPIALL workaround
[    0.090676] pid_max: default: 32768 minimum: 301
[    0.090832] LSM: initializing lsm=capability
[    0.091016] Mount-cache hash table entries: 1024 (order: 0, 4096 bytes, linear)
[    0.091035] Mountpoint-cache hash table entries: 1024 (order: 0, 4096 bytes, linear)
[    0.092674] CPU0: thread -1, cpu 0, socket -1, mpidr 0
[    0.092736] cacheinfo: Unable to detect cache hierarchy for CPU 0
[    0.094809] Setting up static identity map for 0x80100000 - 0x80100078
[    0.095137] rcu: Hierarchical SRCU implementation.
[    0.095147] rcu: 	Max phase no-delay instances is 1000.
[    0.096895] smp: Bringing up secondary CPUs ...
[    0.096950] smp: Brought up 1 node, 1 CPU
[    0.096963] SMP: Total of 1 processors activated (996.14 BogoMIPS).
[    0.096975] CPU: All CPU(s) started in SVC mode.
[    0.097164] Memory: 480820K/522240K available (11264K kernel code, 1220K rwdata, 2924K rodata, 1024K init, 288K bss, 23388K reserved, 16384K cma-reserved, 0K highmem)
[    0.097989] devtmpfs: initialized
[    0.114819] VFP support v0.3: implementor 41 architecture 3 part 30 variant c rev 3
[    0.115457] clocksource: jiffies: mask: 0xffffffff max_cycles: 0xffffffff, max_idle_ns: 19112604462750000 ns
[    0.115512] posixtimers hash table entries: 512 (order: 0, 4096 bytes, linear)
[    0.115537] futex hash table entries: 256 (16384 bytes on 1 NUMA nodes, total 16 KiB, linear).
[    0.116668] pinctrl core: initialized pinctrl subsystem
[    0.118724] NET: Registered PF_NETLINK/PF_ROUTE protocol family
[    0.121838] DMA: preallocated 256 KiB pool for atomic coherent allocations
[    0.122788] audit: initializing netlink subsys (disabled)
[    0.124155] thermal_sys: Registered thermal governor 'fair_share'
[    0.124171] thermal_sys: Registered thermal governor 'step_wise'
[    0.124179] thermal_sys: Registered thermal governor 'user_space'
[    0.124292] audit: type=2000 audit(0.120:1): state=initialized audit_enabled=0 res=1
[    0.124361] cpuidle: using governor menu
[    0.142446] /ocp/interconnect@44c00000/segment@200000/target-module@b000/i2c@0/tda19988@70: Fixed dependency cycle(s) with /ocp/interconnect@48000000/segment@300000/target-module@e000/lcdc@0
[    0.143583] /ocp/interconnect@48000000/segment@300000/target-module@e000/lcdc@0: Fixed dependency cycle(s) with /ocp/interconnect@44c00000/segment@200000/target-module@b000/i2c@0/tda19988@70
[    0.145787] No ATAGs?
[    0.145826] hw-breakpoint: debug architecture 0x4 unsupported.
[    0.148531] kprobes: kprobe jump-optimization is enabled. All kprobes are optimized if possible.
[    0.153864] iommu: Default domain type: Translated
[    0.153885] iommu: DMA domain TLB invalidation policy: strict mode
[    0.155466] reg-fixed-voltage fixedregulator0: using DT '/fixedregulator0' for '(default)' GPIO lookup
[    0.155520] of_get_named_gpiod_flags: can't parse 'gpios' property of node '/fixedregulator0[0]'
[    0.155548] of_get_named_gpiod_flags: can't parse 'gpio' property of node '/fixedregulator0[0]'
[    0.155565] reg-fixed-voltage fixedregulator0: using lookup tables for GPIO lookup
[    0.155575] reg-fixed-voltage fixedregulator0: No GPIO consumer (default) found
[    0.161367] SCSI subsystem initialized
[    0.161866] libata version 3.00 loaded.
[    0.162231] pps_core: LinuxPPS API ver. 1 registered
[    0.162241] pps_core: Software ver. 5.3.6 - Copyright 2005-2007 Rodolfo Giometti <giometti@linux.it>
[    0.162264] PTP clock support registered
[    0.170812] vgaarb: loaded
[    0.171198] clocksource: Switched to clocksource dmtimer
[    0.171868] VFS: Disk quotas dquot_6.6.0
[    0.171922] VFS: Dquot-cache hash table entries: 1024 (order 0, 4096 bytes)
[    0.196513] NET: Registered PF_INET protocol family
[    0.196860] IP idents hash table entries: 8192 (order: 4, 65536 bytes, linear)
[    0.198286] tcp_listen_portaddr_hash hash table entries: 512 (order: 0, 4096 bytes, linear)
[    0.198324] Table-perturb hash table entries: 65536 (order: 6, 262144 bytes, linear)
[    0.198344] TCP established hash table entries: 4096 (order: 2, 16384 bytes, linear)
[    0.198389] TCP bind hash table entries: 4096 (order: 4, 65536 bytes, linear)
[    0.198489] TCP: Hash tables configured (established 4096 bind 4096)
[    0.198607] UDP hash table entries: 256 (order: 1, 14336 bytes, linear)
[    0.198643] UDP-Lite hash table entries: 256 (order: 1, 14336 bytes, linear)
[    0.198825] NET: Registered PF_UNIX/PF_LOCAL protocol family
[    0.200127] RPC: Registered named UNIX socket transport module.
[    0.200145] RPC: Registered udp transport module.
[    0.200150] RPC: Registered tcp transport module.
[    0.200155] RPC: Registered tcp-with-tls transport module.
[    0.200160] RPC: Registered tcp NFSv4.1 backchannel transport module.
[    0.200183] PCI: CLS 0 bytes, default 64
[    0.201705] Initialise system trusted keyrings
[    0.212351] workingset: timestamp_bits=14 max_order=17 bucket_order=3
[    0.213716] NFS: Registering the id_resolver key type
[    0.213782] Key type id_resolver registered
[    0.213789] Key type id_legacy registered
[    0.213898] jffs2: version 2.2. (NAND) (SUMMARY)  Â© 2001-2006 Red Hat, Inc.
[    0.214363] Key type asymmetric registered
[    0.214379] Asymmetric key parser 'x509' registered
[    0.214450] io scheduler mq-deadline registered
[    0.214459] io scheduler kyber registered
[    0.214530] io scheduler bfq registered
[    0.216415] target-module@4b000000:target-module@140000:pmu@0:fck: device ID is greater than 24
[    0.222588] l3-aon-clkctrl:0000:0: failed to disable
[    0.231841] ledtrig-cpu: registered to indicate activity on CPUs
[    0.234727] Serial: 8250/16550 driver, 6 ports, IRQ sharing enabled
[    0.276434] brd: module loaded
[    0.298591] loop: module loaded
[    0.299508] mtdoops: mtd device (mtddev=name/number) must be supplied
[    0.301393] mdio_bus fixed-0: using lookup tables for GPIO lookup
[    0.301418] mdio_bus fixed-0: No GPIO consumer reset found
[    0.302797] i2c_dev: i2c /dev entries driver
[    0.303797] cpuidle: enable-method property 'ti,am3352' found operations
[    0.304241] sdhci: Secure Digital Host Controller Interface driver
[    0.304249] sdhci: Copyright(c) Pierre Ossman
[    0.304420] sdhci-pltfm: SDHCI platform and OF driver helper
[    0.305889] hw perfevents: enabled with armv7_cortex_a8 PMU driver, 5 (8000000f) counters available
[    0.306399] Initializing XFRM netlink socket
[    0.306580] NET: Registered PF_INET6 protocol family
[    0.312243] l3-aon-clkctrl:0000:0: failed to disable
[    0.326842] Segment Routing with IPv6
[    0.326930] In-situ OAM (IOAM) with IPv6
[    0.327028] sit: IPv6, IPv4 and MPLS over IPv4 tunneling driver
[    0.327978] NET: Registered PF_PACKET protocol family
[    0.328004] NET: Registered PF_KEY protocol family
[    0.328113] Key type dns_resolver registered
[    0.328339] ThumbEE CPU extension supported.
[    0.328360] Registering SWP/SWPB emulation handler
[    0.328896] omap_voltage_late_init: Voltage driver support not added
[    0.329590] SmartReflex Class3 initialized
[    0.377645] Loading compiled-in X.509 certificates
[    0.408505] /ocp/interconnect@44c00000/segment@200000/target-module@b000/i2c@0/tda19988@70: Fixed dependency cycle(s) with /ocp/interconnect@48000000/segment@300000/target-module@e000/lcdc@0
[    0.415208] /ocp/interconnect@44c00000/segment@200000/target-module@b000/i2c@0/tda19988@70: Fixed dependency cycle(s) with /ocp/interconnect@48000000/segment@300000/target-module@e000/lcdc@0
[    0.420753] gpiochip_find_base_unlocked: found new base at 512
[    0.437889] /ocp/interconnect@44c00000/segment@200000/target-module@b000/i2c@0/tda19988@70: Fixed dependency cycle(s) with /ocp/interconnect@48000000/segment@300000/target-module@e000/lcdc@0
[    0.438766] /ocp/interconnect@44c00000/segment@200000/target-module@b000/i2c@0/tda19988@70: Fixed dependency cycle(s) with /ocp/interconnect@48000000/segment@300000/target-module@e000/lcdc@0
[    0.442629] /ocp/interconnect@44c00000/segment@200000/target-module@10000/scm@0/pinmux@800: Fixed dependency cycle(s) with /ocp/interconnect@44c00000/segment@200000/target-module@10000/scm@0/pinmux@800/clkout2-pins
[    0.443228] pinctrl-single 44e10800.pinmux: 142 pins, size 568
[    0.448598] ti-sysc 44e31000.target-module: probe with driver ti-sysc failed with error -16
[    0.485301] /ocp/interconnect@48000000/segment@300000/target-module@e000/lcdc@0: Fixed dependency cycle(s) with /ocp/interconnect@44c00000/segment@200000/target-module@b000/i2c@0/tda19988@70
[    0.493778] ti-sysc 48040000.target-module: probe with driver ti-sysc failed with error -16
[    0.505476] gpiochip_find_base_unlocked: found new base at 512
[    0.505574] gpio gpiochip0: (gpio-0-31): created GPIO range 0->7 ==> 44e10800.pinmux PIN 0->7
[    0.505593] gpio gpiochip0: (gpio-0-31): created GPIO range 8->11 ==> 44e10800.pinmux PIN 90->93
[    0.505608] gpio gpiochip0: (gpio-0-31): created GPIO range 12->27 ==> 44e10800.pinmux PIN 12->27
[    0.505623] gpio gpiochip0: (gpio-0-31): created GPIO range 28->31 ==> 44e10800.pinmux PIN 30->33
[    0.539841] gpio gpiochip0: (gpio-0-31): added GPIO chardev (254:0)
[    0.539984] gpio gpiochip0: registered GPIOs 512 to 543 on gpio-0-31
[    0.540070] OMAP GPIO hardware version 0.1
[    0.567460] i2c i2c-2: using DT '/ocp/interconnect@48000000/segment@100000/target-module@9c000/i2c@0' for 'scl' GPIO lookup
[    0.567531] of_get_named_gpiod_flags: can't parse 'scl-gpios' property of node '/ocp/interconnect@48000000/segment@100000/target-module@9c000/i2c@0[0]'
[    0.567573] of_get_named_gpiod_flags: can't parse 'scl-gpio' property of node '/ocp/interconnect@48000000/segment@100000/target-module@9c000/i2c@0[0]'
[    0.567608] i2c i2c-2: using lookup tables for GPIO lookup
[    0.567617] i2c i2c-2: No GPIO consumer scl found
[    0.567637] i2c i2c-2: using DT '/ocp/interconnect@48000000/segment@100000/target-module@9c000/i2c@0' for 'sda' GPIO lookup
[    0.567672] of_get_named_gpiod_flags: can't parse 'sda-gpios' property of node '/ocp/interconnect@48000000/segment@100000/target-module@9c000/i2c@0[0]'
[    0.567708] of_get_named_gpiod_flags: can't parse 'sda-gpio' property of node '/ocp/interconnect@48000000/segment@100000/target-module@9c000/i2c@0[0]'
[    0.567738] i2c i2c-2: using lookup tables for GPIO lookup
[    0.567745] i2c i2c-2: No GPIO consumer sda found
[    0.568465] omap_i2c 4819c000.i2c: bus 2 rev0.11 at 100 kHz
[    0.574536] gpiochip_find_base_unlocked: found new base at 544
[    0.574638] gpio gpiochip1: (gpio-32-63): created GPIO range 0->17 ==> 44e10800.pinmux PIN 34->51
[    0.574657] gpio gpiochip1: (gpio-32-63): created GPIO range 18->21 ==> 44e10800.pinmux PIN 77->80
[    0.574673] gpio gpiochip1: (gpio-32-63): created GPIO range 22->31 ==> 44e10800.pinmux PIN 56->65
[    0.585716] gpio gpiochip1: (gpio-32-63): added GPIO chardev (254:1)
[    0.585873] gpio gpiochip1: registered GPIOs 544 to 575 on gpio-32-63
[    0.588153] gpiochip_find_base_unlocked: found new base at 576
[    0.588247] gpio gpiochip2: (gpio-64-95): created GPIO range 0->4 ==> 44e10800.pinmux PIN 66->70
[    0.588267] gpio gpiochip2: (gpio-64-95): created GPIO range 5->6 ==> 44e10800.pinmux PIN 98->99
[    0.588282] gpio gpiochip2: (gpio-64-95): created GPIO range 7->8 ==> 44e10800.pinmux PIN 75->76
[    0.588303] gpio gpiochip2: (gpio-64-95): created GPIO range 13->13 ==> 44e10800.pinmux PIN 141->141
[    0.588319] gpio gpiochip2: (gpio-64-95): created GPIO range 14->21 ==> 44e10800.pinmux PIN 100->107
[    0.588962] gpio gpiochip2: (gpio-64-95): added GPIO chardev (254:2)
[    0.589100] gpio gpiochip2: registered GPIOs 576 to 607 on gpio-64-95
[    0.595344] 48000000.interconnect:segment@200000:target-module@0:mpu@0:fck: device ID is greater than 24
[    0.596257] /ocp/interconnect@48000000/segment@300000/target-module@e000/lcdc@0: Fixed dependency cycle(s) with /ocp/interconnect@44c00000/segment@200000/target-module@b000/i2c@0/tda19988@70
[    0.599131] /ocp/interconnect@48000000/segment@300000/target-module@e000/lcdc@0: Fixed dependency cycle(s) with /ocp/interconnect@44c00000/segment@200000/target-module@b000/i2c@0/tda19988@70
[    0.599841] /ocp/interconnect@44c00000/segment@200000/target-module@b000/i2c@0/tda19988@70: Fixed dependency cycle(s) with /ocp/interconnect@48000000/segment@300000/target-module@e000/lcdc@0
[    0.600014] /ocp/interconnect@48000000/segment@300000/target-module@e000/lcdc@0: Fixed dependency cycle(s) with /ocp/interconnect@44c00000/segment@200000/target-module@b000/i2c@0/tda19988@70
[    0.609899] mdio_bus 4a101000.mdio: using DT '/ocp/interconnect@4a000000/segment@0/target-module@100000/switch@0/mdio@1000' for 'reset' GPIO lookup
[    0.609980] of_get_named_gpiod_flags: can't parse 'reset-gpios' property of node '/ocp/interconnect@4a000000/segment@0/target-module@100000/switch@0/mdio@1000[0]'
[    0.610026] of_get_named_gpiod_flags: can't parse 'reset-gpio' property of node '/ocp/interconnect@4a000000/segment@0/target-module@100000/switch@0/mdio@1000[0]'
[    0.610072] mdio_bus 4a101000.mdio: using lookup tables for GPIO lookup
[    0.610081] mdio_bus 4a101000.mdio: No GPIO consumer reset found
[    0.611467] sdhci-omap 481d8000.mmc: using DT '/ocp/interconnect@48000000/segment@100000/target-module@d8000/mmc@0' for 'wp' GPIO lookup
[    0.611532] of_get_named_gpiod_flags: can't parse 'wp-gpios' property of node '/ocp/interconnect@48000000/segment@100000/target-module@d8000/mmc@0[0]'
[    0.611573] of_get_named_gpiod_flags: can't parse 'wp-gpio' property of node '/ocp/interconnect@48000000/segment@100000/target-module@d8000/mmc@0[0]'
