Labgrid Console Logfile for main
Logfile started at 2024-10-17 17:13:21.116903
=== Log starts here ===
reading args
spl_load_image_fat_os: error reading image args, err - -1
reading u-boot.img
reading u-boot.img


U-Boot 2014.04-00014-g47880f5 (Apr 22 2014 - 13:23:54)

I2C:   ready
DRAM:  512 MiB
NAND:  0 MiB
MMC:   OMAP SD/MMC: 0, OMAP SD/MMC: 1
*** Warning - readenv() failed, using default environment

Net:   <ethaddr> not set. Validating first E-fuse MAC
cpsw, usb_ether
Hit any key to stop autoboot:  1  0 
gpio: pin 53 (gpio 53) value is 1
mmc0 is current device
gpio: pin 54 (gpio 54) value is 1
SD/MMC found on device 0
reading uEnv.txt
569 bytes read in 4 ms (138.7 KiB/s)
gpio: pin 55 (gpio 55) value is 1
Loaded environment from uEnv.txt
Importing environment from mmc ...
Checking if uenvcmd is set ...
gpio: pin 56 (gpio 56) value is 1
Running uenvcmd ...
cpsw Waiting for PHY auto negotiation to complete. done
link up on port 0, speed 100, full duplex
Using cpsw device
TFTP from server 192.168.255.126; our IP address is 192.168.255.1
Filename 'zImage'.
Load address: 0x81000000
Loading: *#################################################################
	 #################################################################
	 #################################################################
	 #################################################################
	 #################################################################
	 ###############################################
	 2.4 MiB/s
done
Bytes transferred = 5449672 (5327c8 hex)
link up on port 0, speed 100, full duplex
Using cpsw device
TFTP from server 192.168.255.126; our IP address is 192.168.255.1
Filename 'am335x-boneblack.dtb'.
Load address: 0x82000000
Loading: *#######
	 1.7 MiB/s
done
Bytes transferred = 97996 (17ecc hex)
Kernel image @ 0x81000000 [ 0x000000 - 0x5327c8 ]
## Flattened Device Tree blob at 82000000
   Booting using the fdt blob at 0x82000000
   Using Device Tree in place at 82000000, end 8201aecb

Starting kernel ...

[    0.000000] Booting Linux on physical CPU 0x0
[    0.000000] Linux version 6.11.4 (user01@drvtest01) (arm-linux-gnueabihf-gcc (Linaro GCC 6.4-2017.11) 6.4.1 20171012, GNU ld (Linaro_Binutils-2017.11) 2.27.0.20161229) #1 SMP Thu Oct 17 17:11:04 EEST 2024
[    0.000000] CPU: ARMv7 Processor [413fc082] revision 2 (ARMv7), cr=10c5387d
[    0.000000] CPU: PIPT / VIPT nonaliasing data cache, VIPT aliasing instruction cache
[    0.000000] OF: fdt: Machine model: TI AM335x BeagleBone Black
[    0.000000] Memory policy: Data cache writeback
[    0.000000] cma: Reserved 16 MiB at 0x9e800000 on node -1
[    0.000000] Zone ranges:
[    0.000000]   Normal   [mem 0x0000000080000000-0x000000009fdfffff]
[    0.000000]   HighMem  empty
[    0.000000] Movable zone start for each node
[    0.000000] Early memory node ranges
[    0.000000]   node   0: [mem 0x0000000080000000-0x000000009fdfffff]
[    0.000000] Initmem setup node 0 [mem 0x0000000080000000-0x000000009fdfffff]
[    0.000000] CPU: All CPU(s) started in SVC mode.
[    0.000000] AM335X ES2.1 (sgx neon)
[    0.000000] percpu: Embedded 17 pages/cpu s39628 r8192 d21812 u69632
[    0.000000] Kernel command line: console=ttyO0,115200n8 root=/dev/nfs rw nfsroot=192.168.255.126:/home/user01/nfs,nfsvers=3 ip=192.168.255.1:192.168.255.126::255.255.255.0:bbb1:eth0 nfsrootdebug
[    0.000000] Unknown kernel command line parameters "nfsrootdebug", will be passed to user space.
[    0.000000] Dentry cache hash table entries: 65536 (order: 6, 262144 bytes, linear)
[    0.000000] Inode-cache hash table entries: 32768 (order: 5, 131072 bytes, linear)
[    0.000000] Built 1 zonelists, mobility grouping on.  Total pages: 130560
[    0.000000] mem auto-init: stack:off, heap alloc:off, heap free:off
[    0.000000] SLUB: HWalign=64, Order=0-3, MinObjects=0, CPUs=1, Nodes=1
[    0.000000] trace event string verifier disabled
[    0.000000] rcu: Hierarchical RCU implementation.
[    0.000000] rcu: 	RCU event tracing is enabled.
[    0.000000] rcu: 	RCU restricting CPUs from NR_CPUS=2 to nr_cpu_ids=1.
[    0.000000] rcu: RCU calculated value of scheduler-enlistment delay is 10 jiffies.
[    0.000000] rcu: Adjusting geometry for rcu_fanout_leaf=16, nr_cpu_ids=1
[    0.000000] NR_IRQS: 16, nr_irqs: 16, preallocated irqs: 16
[    0.000000] IRQ: Found an INTC at 0x(ptrval) (revision 5.0) with 128 interrupts
[    0.000000] rcu: srcu_init: Setting srcu_struct sizes based on contention.
[    0.000000] TI gptimer clocksource: always-on /ocp/interconnect@44c00000/segment@200000/target-module@31000
[    0.000002] sched_clock: 32 bits at 24MHz, resolution 41ns, wraps every 89478484971ns
[    0.000027] clocksource: dmtimer: mask: 0xffffffff max_cycles: 0xffffffff, max_idle_ns: 79635851949 ns
[    0.000504] TI gptimer clockevent: 24000000 Hz at /ocp/interconnect@48000000/segment@0/target-module@40000
[    0.002135] Console: colour dummy device 80x30
[    0.002203] WARNING: Your 'console=ttyO0' has been replaced by 'ttyS0'
[    0.002212] This ensures that you still see kernel messages. Please
[    0.002218] update your kernel commandline.
[    0.002260] Calibrating delay loop... 996.14 BogoMIPS (lpj=4980736)
[    0.090564] CPU: Testing write buffer coherency: ok
[    0.090670] CPU0: Spectre v2: using BPIALL workaround
[    0.090684] pid_max: default: 32768 minimum: 301
[    0.090808] LSM: initializing lsm=capability
[    0.090977] Mount-cache hash table entries: 1024 (order: 0, 4096 bytes, linear)
[    0.091000] Mountpoint-cache hash table entries: 1024 (order: 0, 4096 bytes, linear)
[    0.092518] CPU0: thread -1, cpu 0, socket -1, mpidr 0
[    0.094243] Setting up static identity map for 0x80100000 - 0x80100078
[    0.094553] rcu: Hierarchical SRCU implementation.
[    0.094565] rcu: 	Max phase no-delay instances is 1000.
[    0.096232] smp: Bringing up secondary CPUs ...
[    0.096291] smp: Brought up 1 node, 1 CPU
[    0.096306] SMP: Total of 1 processors activated (996.14 BogoMIPS).
[    0.096320] CPU: All CPU(s) started in SVC mode.
[    0.096515] Memory: 480876K/522240K available (11264K kernel code, 1197K rwdata, 2856K rodata, 1024K init, 297K bss, 23344K reserved, 16384K cma-reserved, 0K highmem)
[    0.097307] devtmpfs: initialized
[    0.113641] VFP support v0.3: implementor 41 architecture 3 part 30 variant c rev 3
[    0.113995] clocksource: jiffies: mask: 0xffffffff max_cycles: 0xffffffff, max_idle_ns: 19112604462750000 ns
[    0.114035] futex hash table entries: 256 (order: 2, 16384 bytes, linear)
[    0.115300] pinctrl core: initialized pinctrl subsystem
[    0.118040] NET: Registered PF_NETLINK/PF_ROUTE protocol family
[    0.121054] DMA: preallocated 256 KiB pool for atomic coherent allocations
[    0.122016] audit: initializing netlink subsys (disabled)
[    0.123379] thermal_sys: Registered thermal governor 'fair_share'
[    0.123402] thermal_sys: Registered thermal governor 'step_wise'
[    0.123414] thermal_sys: Registered thermal governor 'user_space'
[    0.123529] audit: type=2000 audit(0.120:1): state=initialized audit_enabled=0 res=1
[    0.123601] cpuidle: using governor menu
[    0.142529] No ATAGs?
[    0.142563] hw-breakpoint: debug architecture 0x4 unsupported.
[    0.145440] kprobes: kprobe jump-optimization is enabled. All kprobes are optimized if possible.
[    0.164352] iommu: Default domain type: Translated
[    0.164379] iommu: DMA domain TLB invalidation policy: strict mode
[    0.171459] SCSI subsystem initialized
[    0.181658] pps_core: LinuxPPS API ver. 1 registered
[    0.181673] pps_core: Software ver. 5.3.6 - Copyright 2005-2007 Rodolfo Giometti <giometti@linux.it>
[    0.181700] PTP clock support registered
[    0.183632] vgaarb: loaded
[    0.184023] clocksource: Switched to clocksource dmtimer
[    0.184625] VFS: Disk quotas dquot_6.6.0
[    0.184673] VFS: Dquot-cache hash table entries: 1024 (order 0, 4096 bytes)
[    0.210321] NET: Registered PF_INET protocol family
[    0.210672] IP idents hash table entries: 8192 (order: 4, 65536 bytes, linear)
[    0.212081] tcp_listen_portaddr_hash hash table entries: 512 (order: 0, 4096 bytes, linear)
[    0.212121] Table-perturb hash table entries: 65536 (order: 6, 262144 bytes, linear)
[    0.212140] TCP established hash table entries: 4096 (order: 2, 16384 bytes, linear)
[    0.212185] TCP bind hash table entries: 4096 (order: 4, 65536 bytes, linear)
[    0.212286] TCP: Hash tables configured (established 4096 bind 4096)
[    0.212412] UDP hash table entries: 256 (order: 1, 8192 bytes, linear)
[    0.212442] UDP-Lite hash table entries: 256 (order: 1, 8192 bytes, linear)
[    0.212616] NET: Registered PF_UNIX/PF_LOCAL protocol family
[    0.225149] RPC: Registered named UNIX socket transport module.
[    0.225178] RPC: Registered udp transport module.
[    0.225185] RPC: Registered tcp transport module.
[    0.225192] RPC: Registered tcp-with-tls transport module.
[    0.225199] RPC: Registered tcp NFSv4.1 backchannel transport module.
[    0.225226] PCI: CLS 0 bytes, default 64
[    0.226675] Initialise system trusted keyrings
[    0.227764] workingset: timestamp_bits=14 max_order=17 bucket_order=3
[    0.229020] NFS: Registering the id_resolver key type
[    0.229104] Key type id_resolver registered
[    0.229114] Key type id_legacy registered
[    0.229166] jffs2: version 2.2. (NAND) (SUMMARY)  Â© 2001-2006 Red Hat, Inc.
[    0.229625] Key type asymmetric registered
[    0.229642] Asymmetric key parser 'x509' registered
[    0.229710] io scheduler mq-deadline registered
[    0.229722] io scheduler kyber registered
[    0.229796] io scheduler bfq registered
[    0.244226] Serial: 8250/16550 driver, 6 ports, IRQ sharing enabled
[    0.306865] brd: module loaded
[    0.318009] loop: module loaded
[    0.318938] mtdoops: mtd device (mtddev=name/number) must be supplied
[    0.336297] i2c_dev: i2c /dev entries driver
[    0.337280] cpuidle: enable-method property 'ti,am3352' found operations
[    0.337727] sdhci: Secure Digital Host Controller Interface driver
[    0.337739] sdhci: Copyright(c) Pierre Ossman
[    0.337920] sdhci-pltfm: SDHCI platform and OF driver helper
[    0.338203] ledtrig-cpu: registered to indicate activity on CPUs
[    0.339130] Initializing XFRM netlink socket
[    0.339256] NET: Registered PF_INET6 protocol family
[    0.341131] Segment Routing with IPv6
[    0.341228] In-situ OAM (IOAM) with IPv6
[    0.341328] sit: IPv6, IPv4 and MPLS over IPv4 tunneling driver
[    0.342272] NET: Registered PF_PACKET protocol family
[    0.342314] NET: Registered PF_KEY protocol family
[    0.342433] Key type dns_resolver registered
[    0.342706] ThumbEE CPU extension supported.
[    0.342731] Registering SWP/SWPB emulation handler
[    0.343255] omap_voltage_late_init: Voltage driver support not added
[    0.343609] SmartReflex Class3 initialized
[    0.364467] Loading compiled-in X.509 certificates
[    0.431590] platform 44e10800.pinmux: Fixed dependency cycle(s) with /ocp/interconnect@44c00000/segment@200000/target-module@10000/scm@0/pinmux@800/clkout2-pins
[    0.432151] pinctrl-single 44e10800.pinmux: 142 pins, size 568
[    0.437543] ti-sysc 44e31000.target-module: probe with driver ti-sysc failed with error -16
[    0.475224] ti-sysc 48040000.target-module: probe with driver ti-sysc failed with error -16
[    0.524540] OMAP GPIO hardware version 0.1
[    0.551510] omap_i2c 4819c000.i2c: bus 2 rev0.11 at 100 kHz
[    0.583904] 48000000.interconnect:segment@200000:target-module@0:mpu@0:fck: device ID is greater than 24
[    0.588366] platform 4830e000.lcdc: Fixed dependency cycle(s) with /ocp/interconnect@44c00000/segment@200000/target-module@b000/i2c@0/tda19988@70
[    0.599313] sdhci-omap 481d8000.mmc: supply pbias not found, using dummy regulator
[    0.599780] sdhci-omap 481d8000.mmc: supply vqmmc not found, using dummy regulator
[    0.677139] davinci_mdio 4a101000.mdio: davinci mdio revision 1.6, bus freq 1000000
[    0.794429] davinci_mdio 4a101000.mdio: phy[0]: device 4a101000.mdio:00, driver SMSC LAN8710/LAN8720
[    0.795082] cpsw-switch 4a100000.switch: initialized cpsw ale version 1.4
[    0.795108] cpsw-switch 4a100000.switch: ALE Table size 1024
[    0.795250] cpsw-switch 4a100000.switch: cpts: overflow check period 500 (jiffies)
[    0.795271] cpsw-switch 4a100000.switch: CPTS: ref_clk_freq:250000000 calc_mult:2147483648 calc_shift:29 error:0 nsec/sec
[    0.795378] cpsw-switch 4a100000.switch: Detected MACID = 6c:ec:eb:68:de:78
[    0.797187] cpsw-switch 4a100000.switch: initialized (regs 0x4a100000, pool size 256) hw_ver:0019010C 1.12 (0)
[    0.808241] debugfs: Directory '49000000.dma' with parent 'dmaengine' already present!
[    0.808288] edma 49000000.dma: TI EDMA DMA engine driver
[    0.845648] target-module@4b000000:target-module@140000:pmu@0:fck: device ID is greater than 24
[    0.860032] hw perfevents: enabled with armv7_cortex_a8 PMU driver, 5 counters available
[    0.868170] l3-aon-clkctrl:0000:0: failed to disable
[    0.883304] 44e09000.serial: ttyS0 at MMIO 0x44e09000 (irq = 34, base_baud = 3000000) is a 8250
[    0.883391] printk: legacy console [ttyS0] enabled
 [    2.114343] tps65217-pmic: Failed to locate of_node [id: -1]
[    2.120431] tps65217-bl: Failed to locate of_node [id: -1]
[    2.154607] tps65217 0-0024: TPS65217 ID 0xe version 1.2
[    2.160638] platform 4830e000.lcdc: Fixed dependency cycle(s) wicblk1: mmc1:0001 MMC04G 3.60 GiB
[    2.390091]  mmcblk1: p1 p2
[    2.394492] mmcblk1boot0: mmc1:0001 MMC04G 2.00 MiB
[    2.401660] mmcblk1boot1: mmc1:0001 MMC04G 2.00 MiB
[    2.408943] mmcblk1rpmb: mmc1:0001 MMC04G 128 KiB, chardev (250:0)
[    2.415472] SMSC LAN8710/LAN8720 4a101000.mdio:00: attached PHY driver (mii_bus:phy_addr=4a101000.mdio:00, irq=POLL)
[    5.524782] cpsw-switch 4a100000.switch eth0: Link is Up - 100Mbps/Full - flow control off
[    5.574104] IP-Config: Complete:
[    5.577379]      device=eth0, hwaddr=6c:ec:eb:68:de:78, ipaddr=192.168.255.1, mask=255.255.255.0, gw=255.255.255.255
[    5.588023]      host=bbb1, domain=, nis-domain=(none)
[    5.593191]      bootserver=192.168.255.126, rootserver=192.168.255.126, rootpath=
[    5.593613] clk: Disabling unused clocks
[    5.605464] PM: genpd: Disabling unused power domains
[    5.610582] KTAP version 1
[    5.613304] 1..0
[    5.651338] VFS: Mounted root (nfs filesystem) on device 0:17.
[    5.658461] devtmpfs: mounted
[    5.663110] Freeing unused kernel image (initmem) memory: 1024K
[    5.669888] Run /sbin/init as init process
[    6.373504] systemd[1]: System time before build time, advancing clock.
[    7.834045] random: crng init done
[    7.905524] systemd[1]: systemd 232 running in system mode. (+PAM +AUDIT +SELINUX +IMA +APPARMOR +SMACK +SYSVINIT +UTMP +LIBCRYPTSETUP +GCRYPT +GNUTLS +ACL +XZ +LZ4 +SECCOMP +BLKID +ELFUTILS +KMOD +IDN)
[    7.924537] systemd[1]: Detected architecture arm.

Welcome to [1mDebian GNU/Linux 9 (stretch)[0m!

[    7.967178] systemd[1]: Set hostname to <arm>.
[    9.086544] systemd[1]: Reached target Swap.
[[0;32m  OK  [0m] Reached target Swap.
[    9.114929] systemd[1]: Started Dispatch Password Requests to Console Directory Watch.
[[0;32m  OK  [0m] Started Dispatch Password Requests to Console Directory Watch.
[    9.154632] systemd[1]: Listening on udev Kernel Socket.
[[0;32m  OK  [0m] Listening on udev Kernel Socket.
[    9.195917] systemd[1]: Listening on /dev/initctl Compatibility Named Pipe.
[[0;32m  OK  [0m] Listening on /dev/initctl Compatibility Named Pipe.
[    9.236025] systemd[1]: Listening on Journal Socket (/dev/log).
[[0;32m  OK  [0m] Listening on Journal Socket (/dev/log).
[    9.275609] systemd[1]: Created slice System Slice.
[[0;32m  OK  [0m] Created slice System Slice.
[    9.315388] systemd[1]: Created slice system-getty.slice.
[[0;32m  OK  [0m] Created slice system-getty.slice.
[[0;32m  OK  [0m] Reached target Remote File Systems.
[[0;32m  OK  [0m] Listening on Journal Socket.
         Starting Load Kernel Modules...
         Starting Create list of required stâ€¦ce nodes for the current kernel...
[[0;32m  OK  [0m] Started Forward Password Requests to Wall Directory Watch.
[[0;32m  OK  [0m] Reached target Paths.
         Starting Remount Root and Kernel File Systems...
         Mounting Debug File System...
[[0;32m  OK  [0m] Listening on udev Control Socket.
[[0;32m  OK  [0m] Created slice system-serial\x2dgetty.slice.
[[0;32m  OK  [0m] Listening on Journal Audit Socket.
[[0;32m  OK  [0m] Created slice User and Session Slice.
[[0;32m  OK  [0m] Reached target Slices.
         Mounting POSIX Message Queue File System...
[[0;32m  OK  [0m] Set up automount Arbitrary Executabâ€¦rmats File System Automount Point.
[[0;32m  OK  [0m] Listening on Syslog Socket.
         Starting Journal Service...
[[0;32m  OK  [0m] Reached target Encrypted Volumes.
[[0;32m  OK  [0m] Mounted POSIX Message Queue File System.
[[0;32m  OK  [0m] Mounted Debug File System.
[[0;32m  OK  [0m] Started Load Kernel Modules.
[[0;32m  OK  [0m] Started Create list of required staâ€¦vice nodes for the current kernel.
[[0;32m  OK  [0m] Started Remount Root and Kernel File Systems.
         Starting udev Coldplug all Devices...
         Starting Load/Save Random Seed...
         Starting Create Static Device Nodes in /dev...
         Mounting Configuration File System...
         Starting Apply Kernel Variables...
[[0;32m  OK  [0m] Mounted Configuration File System.
[[0;32m  OK  [0m] Started Load/Save Random Seed.
[[0;32m  OK  [0m] Started Apply Kernel Variables.
[[0;32m  OK  [0m] Started Journal Service.
         Starting Flush Journal to Persistent Storage...
[[0;32m  OK  [0m] Started Create Static Device Nodes in /dev.
         Starting udev Kernel Device Manager...
[[0;32m  OK  [0m] Reached target Local File Systems (Pre).
[[0;32m  OK  [0m] Reached target Local File Systems.
         Starting Raise network interfaces...
[   11.374232] systemd-journald[95]: Received request to flush runtime journal from PID 1
[[0;32m  OK  [0m] Started Flush Journal to Persistent Storage.
         Starting Create Volatile Files and Directories...
[[0;32m  OK  [0m] Started udev Kernel Device Manager.
[[0;32m  OK  [0m] Started Create Volatile Files and Directories.
         Starting Network Time Synchronization...
         Starting Update UTMP about System Boot/Shutdown...
[[0;32m  OK  [0m] Started Update UTMP about System Boot/Shutdown.
[[0;32m  OK  [0m] Started udev Coldplug all Devices.
[[0;32m  OK  [0m] Started Network Time Synchronization.
[[0;32m  OK  [0m] Reached target System Initialization.
[[0;32m  OK  [0m] Listening on Avahi mDNS/DNS-SD Stack Activation Socket.
[   14.708103] remoteproc remoteproc0: wkup_m3 is available
[[0;32m  OK  [0m] Listening on D-Bus System Message Bus Socket.
[[0;32m  OK  [0m] Reached target Sockets.
[   14.789166] am335x-phy-driver 47401300.usb-phy: dummy supplies not allowed for exclusive requests (id=vbus)
[[0;32m  OK  [0m] Started Daily Cleanup of Temporary Directories.
[[0;32m  OK  [0m] Reached target Basic System.
[   14.830141] usbcore: registered new interface driver usbfs
[   14.835982] usbcore: registered new interface driver hub
[   14.841429] usbcore: registered new device driver usb
         Starting Cape Manager Service...
         Starting Login Service...
         Starting Generic Board Startup...
[   15.249124] am335x-phy-driver 47401b00.usb-phy: dummy supplies not allowed for exclusive requests (id=vbus)
[   15.315822] at24 2-0054: supply vcc not found, using dummy regulator
[[0;32m  OK  [0m] Started Regular background program processing daemon.
[   15.469944] at24 2-0055: supply vcc not found, using dummy regulator
[   15.578954] musb-hdrc musb-hdrc.1: MUSB HDRC host driver
[   15.584512] musb-hdrc musb-hdrc.1: new USB bus registered, assigned bus number 1
         Starting Telephony service...
[   15.624802] at24 2-0056: supply vcc not found, using dummy regulator
[   15.745701] at24 2-0057: supply vcc not found, using dummy regulator
         Starting Avahi mDNS/DNS-SD Stack...
[   15.777250] usb usb1: New USB device found, idVendor=1d6b, idProduct=0002, bcdDevice= 6.11
[   15.786646] usb usb1: New USB device strings: Mfr=3, Product=2, SerialNumber=1
[   15.794080] usb usb1: Product: MUSB HDRC host driver
[   15.799076] usb usb1: Manufacturer: Linux 6.11.4 musb-hcd
[   15.804540] usb usb1: SerialNumber: musb-hdrc.1
         Starting System Logging Service...[   15.942994] at24 0-0050: 32768 byte 24c256 EEPROM, writable, 1 bytes/write

[   15.984453] hub 1-0:1.0: USB hub found
[   16.074492] hub 1-0:1.0: 1 port detected
         Starting DUN service...
[   16.139632] tps6521x_pwrbutton tps65217-pwrbutton: DMA mask not set
         Starting LSB: Start busybox udhcpd at boot time...
[   16.355721] input: tps65217_pwrbutton as /devices/platform/ocp/44c00000.interconnect/44c00000.interconnect:segment@200000/44e0b000.target-module/44e0b000.i2c/i2c-0/0-0024/tps65217-pwrbutton/input/input0
         Starting LSB: Load kernel modules needed to enable cpufreq scaling...
[   16.559520] wkup_m3_ipc 44e11324.wkup_m3_ipc: IPC Request for A8->M3 Channel failed! -517
[[0;32m  OK  [0m] Started D-Bus System Message Bus.
[   16.823330] omap_wdt: OMAP Watchdog Timer Rev 0x01: initial timeout 60 sec
[   16.831941] wkup_m3_ipc 44e11324.wkup_m3_ipc: IPC Request for A8->M3 Channel failed! -517
[   17.015055] omap_rtc 44e3e000.rtc: registered as rtc0
[   17.020732] omap_rtc 44e3e000.rtc: setting system clock to 2000-01-01T00:00:00 UTC (946684800)
[   17.031393] wkup_m3_ipc 44e11324.wkup_m3_ipc: IPC Request for A8->M3 Channel failed! -517
[   17.744326] tda998x 0-0070: found TDA19988
[   17.889019] wkup_m3_ipc 44e11324.wkup_m3_ipc: IPC Request for A8->M3 Channel failed! -517
[   18.078787] omap-mailbox 480c8000.mailbox: omap mailbox rev 0x400
[   18.183741] remoteproc remoteproc0: powering up wkup_m3
[   18.376115] remoteproc remoteproc0: Direct firmware load for am335x-pm-firmware.elf failed with error -2
[   18.386071] remoteproc remoteproc0: request_firmware failed: -2
[   18.392038] wkup_m3_ipc 44e11324.wkup_m3_ipc: rproc_boot failed
[   20.362140] tilcdc 4830e000.lcdc: bound 0-0070 (ops 0xbf0bc030)
[   20.480615] [drm] Initialized tilcdc 1.0.0 for 4830e000.lcdc on minor 0
[   20.488170] omap_rng 48310000.rng: Random Number Generator ver. 20
[   20.572894] tilcdc 4830e000.lcdc: [drm] Cannot find any crtc or sizes
[   20.609259] tilcdc 4830e000.lcdc: [drm] Cannot find any crtc or sizes
[[0;32m  OK  [0m] Started DUN service.
[[0;32m  OK  [0m] Started Telephony service.
[[0;32m  OK  [0m] Started Avahi mDNS/DNS-SD Stack.
         Starting Connection service...
[[0;32m  OK  [0m] Reached target System Time Synchronized.
[[0;32m  OK  [0m] Started Daily apt download activities.
[[0;32m  OK  [0m] Started Daily apt upgrade and clean activities.
[[0;32m  OK  [0m] Reached target Timers.
[   21.538296] PM: Cannot get wkup_m3_ipc handle
[   21.576678] omap-sham 53100000.sham: hw accel on OMAP rev 4.3
[   21.734324] omap-sham 53100000.sham: will run requests pump with realtime priority
[   21.746446] PM: Cannot get wkup_m3_ipc handle
[[0;32m  OK  [0m] Started System Logging Service.
[[0;32m  OK  [0m] Started Cape Manager Service.
[   21.822674] omap-aes 53500000.aes: OMAP AES hw accel rev: 3.2
[   21.947574] omap-aes 53500000.aes: will run requests pump with realtime priority
[   21.980559] PM: Cannot get wkup_m3_ipc handle
[[0;32m  OK  [0m] Found device /dev/ttyS0.
[   22.881762] Bluetooth: Core ver 2.22
[   22.885775] NET: Registered PF_BLUETOOTH protocol family
[   22.891127] Bluetooth: HCI device and connection manager initialized
[   22.897626] Bluetooth: HCI socket layer initialized
[   22.902543] Bluetooth: L2CAP socket layer initialized
[   22.907690] Bluetooth: SCO socket layer initialized
[   25.392489] PM: Cannot get wkup_m3_ipc handle
[   25.558574] PM: Cannot get wkup_m3_ipc handle
[[0;32m  OK  [0m] Started LSB: Start busybox udhcpd at boot time.
[[0;32m  OK  [0m] Started LSB: Load kernel modules needed to enable cpufreq scaling.
[   28.042597] configfs-gadget.g_multi gadget.0: HOST MAC 1c:ba:8c:a2:ed:6c
[   28.049583] configfs-gadget.g_multi gadget.0: MAC 1c:ba:8c:a2:ed:70
[   28.056976] configfs-gadget.g_multi gadget.0: HOST MAC 1c:ba:8c:a2:ed:6c
[   28.063740] configfs-gadget.g_multi gadget.0: MAC 1c:ba:8c:a2:ed:6d
[   28.073336] PM: Cannot get wkup_m3_ipc handle
[[0;32m  OK  [0m] Started Raise network interfaces.
[[0;32m  OK  [0m] Started Connection service.
[[0;32m  OK  [0m] Started Login Service.
[[0;32m  OK  [0m] Reached target Sound Card.
[[0;32m  OK  [0m] Reached target Network.
         Starting OpenBSD Secure Shell server...
         Starting Permit User Sessions...
         Starting The Apache HTTP Server...
[[0;32m  OK  [0m] Reached target Network is Online.
         Starting LSB: Advanced IEEE 802.11 management daemon...
         Starting LSB: set CPUFreq kernel parameters...
[[0;32m  OK  [0m] Started Permit User Sessions.
[[0;32m  OK  [0m] Started LSB: Advanced IEEE 802.11 management daemon.
         Starting Hostname Service...
         Starting WPA supplicant...
[[0;32m  OK  [0m] Started Getty on tty1.
[[0;32m  OK  [0m] Started Serial Getty on ttyS0.
[[0;32m  OK  [0m] Reached target Login Prompts.
[[0;32m  OK  [0m] Started LSB: set CPUFreq kernel parameters.
[[0;32m  OK  [0m] Started WPA supplicant.
[[0;32m  OK  [0m] Started Hostname Service.
[[0;32m  OK  [0m] Started OpenBSD Secure Shell server.
         Stopping LSB: Start busybox udhcpd at boot time...
[[0;32m  OK  [0m] Stopped LSB: Start busybox udhcpd at boot time.
         Starting dnsmasq - A lightweight DHCP and caching DNS server...
[[0;32m  OK  [0m] Started The Apache HTTP Server.
[[0;32m  OK  [0m] Started dnsmasq - A lightweight DHCP and caching DNS server.
[[0;32m  OK  [0m] Reached target Host and Network Name Lookups.
[[0;32m  OK  [0m] Started Serial Getty on ttyGS0.
[[0;32m  OK  [0m] Started Generic Board Startup.
[[0;32m  OK  [0m] Reached target Multi-User System.
[[0;32m  OK  [0m] Reached target Graphical Interface.
         Starting Update UTMP about System Runlevel Changes...
[[0;32m  OK  [0m] Started Update UTMP about System Runlevel Changes.

Debian GNU/Linux 9 arm ttyS0

default username:password is [debian:temppwd]

arm login: root
Password: 
Last login: Sat Jan  1 00:00:35 UTC 2000 on ttyS0
root
Linux arm 6.11.4 #1 SMP Thu Oct 17 17:11:04 EEST 2024 armv7l

The programs included with the Debian GNU/Linux system are free software;
the exact distribution terms for each program are described in the
individual files in /usr/share/doc/*/copyright.

Debian GNU/Linux comes with ABSOLUTELY NO WARRANTY, to the extent
permitted by applicable law.
root@arm:~# root
-bash: root: command not found
root@arm:~# dmesg -n 1
root@arm:~# echo 'GNHS''YGVLZW'
GNHSYGVLZW
root@arm:~# run() { echo -n "$MARKER"; sh -c "$@"; echo "$MARKER $?"; }
root@arm:~# echo 'TXQV''FZCXJJ'
TXQVFZCXJJ
root@arm:~# MARKER='ATYA''FNPJQN' run 'cat /proc/version'
ATYAFNPJQNLinux version 6.11.4 (user01@drvtest01) (arm-linux-gnueabihf-gcc (Linaro GCC 6.4-2017.11) 6.4.1 20171012, GNU ld (Linaro_Binutils-2017.11) 2.27.0.20161229) #1 SMP Thu Oct 17 17:11:04 EEST 2024
ATYAFNPJQN 0
root@arm:~# echo 'FGZW''FYXYUQ'
FGZWFYXYUQ
root@arm:~# MARKER='GXAS''UXEZNZ' run false
GXASUXEZNZGXASUXEZNZ 1
root@arm:~# Labgrid Console Logfile for main
Logfile started at 2024-10-17 17:14:16.635537
=== Log starts here ===

root@arm:~# run() { echo -n "$MARKER"; sh -c "$@"; echo "$MARKER $?"; }
root@arm:~# echo 'SMQO''QJXWEK'
SMQOQJXWEK
root@arm:~# MARKER='QHCG''BWNXWW' run dmesg
QHCGBWNXWW[    0.000000] Booting Linux on physical CPU 0x0
[    0.000000] Linux version 6.11.4 (user01@drvtest01) (arm-linux-gnueabihf-gcc (Linaro GCC 6.4-2017.11) 6.4.1 20171012, GNU ld (Linaro_Binutils-2017.11) 2.27.0.20161229) #1 SMP Thu Oct 17 17:11:04 EEST 2024
[    0.000000] CPU: ARMv7 Processor [413fc082] revision 2 (ARMv7), cr=10c5387d
[    0.000000] CPU: PIPT / VIPT nonaliasing data cache, VIPT aliasing instruction cache
[    0.000000] OF: fdt: Machine model: TI AM335x BeagleBone Black
[    0.000000] Memory policy: Data cache writeback
[    0.000000] cma: Reserved 16 MiB at 0x9e800000 on node -1
[    0.000000] Zone ranges:
[    0.000000]   Normal   [mem 0x0000000080000000-0x000000009fdfffff]
[    0.000000]   HighMem  empty
[    0.000000] Movable zone start for each node
[    0.000000] Early memory node ranges
[    0.000000]   node   0: [mem 0x0000000080000000-0x000000009fdfffff]
[    0.000000] Initmem setup node 0 [mem 0x0000000080000000-0x000000009fdfffff]
[    0.000000] CPU: All CPU(s) started in SVC mode.
[    0.000000] AM335X ES2.1 (sgx neon)
[    0.000000] percpu: Embedded 17 pages/cpu s39628 r8192 d21812 u69632
[    0.000000] pcpu-alloc: s39628 r8192 d21812 u69632 alloc=17*4096
[    0.000000] pcpu-alloc: [0] 0 
[    0.000000] Kernel command line: console=ttyO0,115200n8 root=/dev/nfs rw nfsroot=192.168.255.126:/home/user01/nfs,nfsvers=3 ip=192.168.255.1:192.168.255.126::255.255.255.0:bbb1:eth0 nfsrootdebug
[    0.000000] Unknown kernel command line parameters "nfsrootdebug", will be passed to user space.
[    0.000000] Dentry cache hash table entries: 65536 (order: 6, 262144 bytes, linear)
[    0.000000] Inode-cache hash table entries: 32768 (order: 5, 131072 bytes, linear)
[    0.000000] Built 1 zonelists, mobility grouping on.  Total pages: 130560
[    0.000000] mem auto-init: stack:off, heap alloc:off, heap free:off
[    0.000000] SLUB: HWalign=64, Order=0-3, MinObjects=0, CPUs=1, Nodes=1
[    0.000000] trace event string verifier disabled
[    0.000000] rcu: Hierarchical RCU implementation.
[    0.000000] rcu: 	RCU event tracing is enabled.
[    0.000000] rcu: 	RCU restricting CPUs from NR_CPUS=2 to nr_cpu_ids=1.
[    0.000000] rcu: RCU calculated value of scheduler-enlistment delay is 10 jiffies.
[    0.000000] rcu: Adjusting geometry for rcu_fanout_leaf=16, nr_cpu_ids=1
[    0.000000] NR_IRQS: 16, nr_irqs: 16, preallocated irqs: 16
[    0.000000] IRQ: Found an INTC at 0x(ptrval) (revision 5.0) with 128 interrupts
[    0.000000] rcu: srcu_init: Setting srcu_struct sizes based on contention.
[    0.000000] TI gptimer clocksource: always-on /ocp/interconnect@44c00000/segment@200000/target-module@31000
[    0.000002] sched_clock: 32 bits at 24MHz, resolution 41ns, wraps every 89478484971ns
[    0.000027] clocksource: dmtimer: mask: 0xffffffff max_cycles: 0xffffffff, max_idle_ns: 79635851949 ns
[    0.000504] TI gptimer clockevent: 24000000 Hz at /ocp/interconnect@48000000/segment@0/target-module@40000
[    0.002135] Console: colour dummy device 80x30
[    0.002203] WARNING: Your 'console=ttyO0' has been replaced by 'ttyS0'
[    0.002212] This ensures that you still see kernel messages. Please
[    0.002218] update your kernel commandline.
[    0.002260] Calibrating delay loop... 996.14 BogoMIPS (lpj=4980736)
[    0.090564] CPU: Testing write buffer coherency: ok
[    0.090670] CPU0: Spectre v2: using BPIALL workaround
[    0.090684] pid_max: default: 32768 minimum: 301
[    0.090808] LSM: initializing lsm=capability
[    0.090977] Mount-cache hash table entries: 1024 (order: 0, 4096 bytes, linear)
[    0.091000] Mountpoint-cache hash table entries: 1024 (order: 0, 4096 bytes, linear)
[    0.092518] CPU0: thread -1, cpu 0, socket -1, mpidr 0
[    0.094243] Setting up static identity map for 0x80100000 - 0x80100078
[    0.094553] rcu: Hierarchical SRCU implementation.
[    0.094565] rcu: 	Max phase no-delay instances is 1000.
[    0.096232] smp: Bringing up secondary CPUs ...
[    0.096291] smp: Brought up 1 node, 1 CPU
[    0.096306] SMP: Total of 1 processors activated (996.14 BogoMIPS).
[    0.096320] CPU: All CPU(s) started in SVC mode.
[    0.096515] Memory: 480876K/522240K available (11264K kernel code, 1197K rwdata, 2856K rodata, 1024K init, 297K bss, 23344K reserved, 16384K cma-reserved, 0K highmem)
[    0.097307] devtmpfs: initialized
[    0.113641] VFP support v0.3: implementor 41 architecture 3 part 30 variant c rev 3
[    0.113995] clocksource: jiffies: mask: 0xffffffff max_cycles: 0xffffffff, max_idle_ns: 19112604462750000 ns
[    0.114035] futex hash table entries: 256 (order: 2, 16384 bytes, linear)
[    0.115300] pinctrl core: initialized pinctrl subsystem
[    0.118040] NET: Registered PF_NETLINK/PF_ROUTE protocol family
[    0.121054] DMA: preallocated 256 KiB pool for atomic coherent allocations
[    0.122016] audit: initializing netlink subsys (disabled)
[    0.123379] thermal_sys: Registered thermal governor 'fair_share'
[    0.123402] thermal_sys: Registered thermal governor 'step_wise'
[    0.123414] thermal_sys: Registered thermal governor 'user_space'
[    0.123529] audit: type=2000 audit(0.120:1): state=initialized audit_enabled=0 res=1
[    0.123601] cpuidle: using governor menu
[    0.142529] No ATAGs?
[    0.142563] hw-breakpoint: debug architecture 0x4 unsupported.
[    0.145440] kprobes: kprobe jump-optimization is enabled. All kprobes are optimized if possible.
[    0.164352] iommu: Default domain type: Translated
[    0.164379] iommu: DMA domain TLB invalidation policy: strict mode
[    0.165960] reg-fixed-voltage fixedregulator0: using DT '/fixedregulator0' for '(default)' GPIO lookup
[    0.166023] of_get_named_gpiod_flags: can't parse 'gpios' property of node '/fixedregulator0[0]'
[    0.166054] of_get_named_gpiod_flags: can't parse 'gpio' property of node '/fixedregulator0[0]'
[    0.166075] reg-fixed-voltage fixedregulator0: using lookup tables for GPIO lookup
[    0.166088] reg-fixed-voltage fixedregulator0: No GPIO consumer (default) found
[    0.171459] SCSI subsystem initialized
[    0.181282] libata version 3.00 loaded.
[    0.181658] pps_core: LinuxPPS API ver. 1 registered
[    0.181673] pps_core: Software ver. 5.3.6 - Copyright 2005-2007 Rodolfo Giometti <giometti@linux.it>
[    0.181700] PTP clock support registered
[    0.183632] vgaarb: loaded
[    0.184023] clocksource: Switched to clocksource dmtimer
[    0.184625] VFS: Disk quotas dquot_6.6.0
[    0.184673] VFS: Dquot-cache hash table entries: 1024 (order 0, 4096 bytes)
[    0.210321] NET: Registered PF_INET protocol family
[    0.210672] IP idents hash table entries: 8192 (order: 4, 65536 bytes, linear)
[    0.212081] tcp_listen_portaddr_hash hash table entries: 512 (order: 0, 4096 bytes, linear)
[    0.212121] Table-perturb hash table entries: 65536 (order: 6, 262144 bytes, linear)
[    0.212140] TCP established hash table entries: 4096 (order: 2, 16384 bytes, linear)
[    0.212185] TCP bind hash table entries: 4096 (order: 4, 65536 bytes, linear)
[    0.212286] TCP: Hash tables configured (established 4096 bind 4096)
[    0.212412] UDP hash table entries: 256 (order: 1, 8192 bytes, linear)
[    0.212442] UDP-Lite hash table entries: 256 (order: 1, 8192 bytes, linear)
[    0.212616] NET: Registered PF_UNIX/PF_LOCAL protocol family
[    0.225149] RPC: Registered named UNIX socket transport module.
[    0.225178] RPC: Registered udp transport module.
[    0.225185] RPC: Registered tcp transport module.
[    0.225192] RPC: Registered tcp-with-tls transport module.
[    0.225199] RPC: Registered tcp NFSv4.1 backchannel transport module.
[    0.225226] PCI: CLS 0 bytes, default 64
[    0.226675] Initialise system trusted keyrings
[    0.227764] workingset: timestamp_bits=14 max_order=17 bucket_order=3
[    0.229020] NFS: Registering the id_resolver key type
[    0.229104] Key type id_resolver registered
[    0.229114] Key type id_legacy registered
[    0.229166] jffs2: version 2.2. (NAND) (SUMMARY)  Â© 2001-2006 Red Hat, Inc.
[    0.229625] Key type asymmetric registered
[    0.229642] Asymmetric key parser 'x509' registered
[    0.229710] io scheduler mq-deadline registered
[    0.229722] io scheduler kyber registered
[    0.229796] io scheduler bfq registered
[    0.244226] Serial: 8250/16550 driver, 6 ports, IRQ sharing enabled
[    0.306865] brd: module loaded
[    0.318009] loop: module loaded
[    0.318938] mtdoops: mtd device (mtddev=name/number) must be supplied
[    0.334869] mdio_bus fixed-0: using lookup tables for GPIO lookup
[    0.334905] mdio_bus fixed-0: No GPIO consumer reset found
[    0.336297] i2c_dev: i2c /dev entries driver
[    0.337280] cpuidle: enable-method property 'ti,am3352' found operations
[    0.337727] sdhci: Secure Digital Host Controller Interface driver
[    0.337739] sdhci: Copyright(c) Pierre Ossman
[    0.337920] sdhci-pltfm: SDHCI platform and OF driver helper
[    0.338203] ledtrig-cpu: registered to indicate activity on CPUs
[    0.339130] Initializing XFRM netlink socket
[    0.339256] NET: Registered PF_INET6 protocol family
[    0.341131] Segment Routing with IPv6
[    0.341228] In-situ OAM (IOAM) with IPv6
[    0.341328] sit: IPv6, IPv4 and MPLS over IPv4 tunneling driver
[    0.342272] NET: Registered PF_PACKET protocol family
[    0.342314] NET: Registered PF_KEY protocol family
[    0.342433] Key type dns_resolver registered
[    0.342706] ThumbEE CPU extension supported.
[    0.342731] Registering SWP/SWPB emulation handler
[    0.343255] omap_voltage_late_init: Voltage driver support not added
[    0.343609] SmartReflex Class3 initialized
[    0.364467] Loading compiled-in X.509 certificates
[    0.423681] gpiochip_find_base_unlocked: found new base at 512
[    0.431590] platform 44e10800.pinmux: Fixed dependency cycle(s) with /ocp/interconnect@44c00000/segment@200000/target-module@10000/scm@0/pinmux@800/clkout2-pins
[    0.432151] pinctrl-single 44e10800.pinmux: 142 pins, size 568
[    0.437543] ti-sysc 44e31000.target-module: probe with driver ti-sysc failed with error -16
[    0.475224] ti-sysc 48040000.target-module: probe with driver ti-sysc failed with error -16
[    0.486309] gpiochip_find_base_unlocked: found new base at 512
[    0.486423] gpio gpiochip0: (gpio-0-31): created GPIO range 0->7 ==> 44e10800.pinmux PIN 0->7
[    0.486445] gpio gpiochip0: (gpio-0-31): created GPIO range 8->11 ==> 44e10800.pinmux PIN 90->93
[    0.486463] gpio gpiochip0: (gpio-0-31): created GPIO range 12->27 ==> 44e10800.pinmux PIN 12->27
[    0.486480] gpio gpiochip0: (gpio-0-31): created GPIO range 28->31 ==> 44e10800.pinmux PIN 30->33
[    0.524257] gpio gpiochip0: (gpio-0-31): added GPIO chardev (254:0)
[    0.524449] gpio gpiochip0: registered GPIOs 512 to 543 on gpio-0-31
[    0.524540] OMAP GPIO hardware version 0.1
[    0.550443] i2c i2c-2: using DT '/ocp/interconnect@48000000/segment@100000/target-module@9c000/i2c@0' for 'scl' GPIO lookup
[    0.550525] of_get_named_gpiod_flags: can't parse 'scl-gpios' property of node '/ocp/interconnect@48000000/segment@100000/target-module@9c000/i2c@0[0]'
[    0.550573] of_get_named_gpiod_flags: can't parse 'scl-gpio' property of node '/ocp/interconnect@48000000/segment@100000/target-module@9c000/i2c@0[0]'
[    0.550612] i2c i2c-2: using lookup tables for GPIO lookup
[    0.550624] i2c i2c-2: No GPIO consumer scl found
[    0.550647] i2c i2c-2: using DT '/ocp/interconnect@48000000/segment@100000/target-module@9c000/i2c@0' for 'sda' GPIO lookup
[    0.550687] of_get_named_gpiod_flags: can't parse 'sda-gpios' property of node '/ocp/interconnect@48000000/segment@100000/target-module@9c000/i2c@0[0]'
[    0.550728] of_get_named_gpiod_flags: can't parse 'sda-gpio' property of node '/ocp/interconnect@48000000/segment@100000/target-module@9c000/i2c@0[0]'
[    0.550763] i2c i2c-2: using lookup tables for GPIO lookup
[    0.550772] i2c i2c-2: No GPIO consumer sda found
[    0.551510] omap_i2c 4819c000.i2c: bus 2 rev0.11 at 100 kHz
[    0.557169] gpiochip_find_base_unlocked: found new base at 544
[    0.557281] gpio gpiochip1: (gpio-32-63): created GPIO range 0->17 ==> 44e10800.pinmux PIN 34->51
[    0.557304] gpio gpiochip1: (gpio-32-63): created GPIO range 18->21 ==> 44e10800.pinmux PIN 77->80
[    0.557322] gpio gpiochip1: (gpio-32-63): created GPIO range 22->31 ==> 44e10800.pinmux PIN 56->65
[    0.574703] gpio gpiochip1: (gpio-32-63): added GPIO chardev (254:1)
[    0.574874] gpio gpiochip1: registered GPIOs 544 to 575 on gpio-32-63
[    0.577096] gpiochip_find_base_unlocked: found new base at 576
[    0.577202] gpio gpiochip2: (gpio-64-95): created GPIO range 0->4 ==> 44e10800.pinmux PIN 66->70
[    0.577224] gpio gpiochip2: (gpio-64-95): created GPIO range 5->6 ==> 44e10800.pinmux PIN 98->99
[    0.577241] gpio gpiochip2: (gpio-64-95): created GPIO range 7->8 ==> 44e10800.pinmux PIN 75->76
[    0.577258] gpio gpiochip2: (gpio-64-95): created GPIO range 13->13 ==> 44e10800.pinmux PIN 141->141
[    0.577292] gpio gpiochip2: (gpio-64-95): created GPIO range 14->21 ==> 44e10800.pinmux PIN 100->107
[    0.578314] gpio gpiochip2: (gpio-64-95): added GPIO chardev (254:2)
[    0.578478] gpio gpiochip2: registered GPIOs 576 to 607 on gpio-64-95
[    0.583904] 48000000.interconnect:segment@200000:target-module@0:mpu@0:fck: device ID is greater than 24
[    0.588366] platform 4830e000.lcdc: Fixed dependency cycle(s) with /ocp/interconnect@44c00000/segment@200000/target-module@b000/i2c@0/tda19988@70
[    0.597713] mdio_bus 4a101000.mdio: using DT '/ocp/interconnect@4a000000/segment@0/target-module@100000/switch@0/mdio@1000' for 'reset' GPIO lookup
[    0.597794] of_get_named_gpiod_flags: can't parse 'reset-gpios' property of node '/ocp/interconnect@4a000000/segment@0/target-module@100000/switch@0/mdio@1000[0]'
[    0.597846] of_get_named_gpiod_flags: can't parse 'reset-gpio' property of node '/ocp/interconnect@4a000000/segment@0/target-module@100000/switch@0/mdio@1000[0]'
[    0.597897] mdio_bus 4a101000.mdio: using lookup tables for GPIO lookup
[    0.597909] mdio_bus 4a101000.mdio: No GPIO consumer reset found
[    0.598955] sdhci-omap 481d8000.mmc: using DT '/ocp/interconnect@48000000/segment@100000/target-module@d8000/mmc@0' for 'wp' GPIO lookup
[    0.599023] of_get_named_gpiod_flags: can't parse 'wp-gpios' property of node '/ocp/interconnect@48000000/segment@100000/target-module@d8000/mmc@0[0]'
[    0.599070] of_get_named_gpiod_flags: can't parse 'wp-gpio' property of node '/ocp/interconnect@48000000/segment@100000/target-module@d8000/mmc@0[0]'
[    0.599108] sdhci-omap 481d8000.mmc: using lookup tables for GPIO lookup
[    0.599120] sdhci-omap 481d8000.mmc: No GPIO consumer wp found
[    0.599313] sdhci-omap 481d8000.mmc: supply pbias not found, using dummy regulator
[    0.599780] sdhci-omap 481d8000.mmc: supply vqmmc not found, using dummy regulator
[    0.677139] davinci_mdio 4a101000.mdio: davinci mdio revision 1.6, bus freq 1000000
[    0.701503] mdio_bus 4a101000.mdio:00: using DT '/ocp/interconnect@4a000000/segment@0/target-module@100000/switch@0/mdio@1000/ethernet-phy@0' for 'reset' GPIO lookup
[    0.701612] of_get_named_gpiod_flags: parsed 'reset-gpios' property of node '/ocp/interconnect@4a000000/segment@0/target-module@100000/switch@0/mdio@1000/ethernet-phy@0[0]' - status (0)
[    0.701784] gpio gpiochip0: Persistence not supported for GPIO 8
[    0.794429] davinci_mdio 4a101000.mdio: phy[0]: device 4a101000.mdio:00, driver SMSC LAN8710/LAN8720
[    0.795082] cpsw-switch 4a100000.switch: initialized cpsw ale version 1.4
[    0.795108] cpsw-switch 4a100000.switch: ALE Table size 1024
[    0.795250] cpsw-switch 4a100000.switch: cpts: overflow check period 500 (jiffies)
[    0.795271] cpsw-switch 4a100000.switch: CPTS: ref_clk_freq:250000000 calc_mult:2147483648 calc_shift:29 error:0 nsec/sec
[    0.795378] cpsw-switch 4a100000.switch: Detected MACID = 6c:ec:eb:68:de:78
[    0.797187] cpsw-switch 4a100000.switch: initialized (regs 0x4a100000, pool size 256) hw_ver:0019010C 1.12 (0)
[    0.808241] debugfs: Directory '49000000.dma' with parent 'dmaengine' already present!
[    0.808288] edma 49000000.dma: TI EDMA DMA engine driver
[    0.845648] target-module@4b000000:target-module@140000:pmu@0:fck: device ID is greater than 24
[    0.860032] hw perfevents: enabled with armv7_cortex_a8 PMU driver, 5 counters available
[    0.860917] gpio-clk clk_mcasp0: using DT '/clk_mcasp0' for 'enable' GPIO lookup
[    0.860989] of_get_named_gpiod_flags: parsed 'enable-gpios' property of node '/clk_mcasp0[0]' - status (0)
[    0.861036] gpio gpiochip0: Persistence not supported for GPIO 27
[    0.861842] gpiochip_find_base_unlocked: found new base at 608
[    0.861966] gpio gpiochip3: (gpio-96-127): created GPIO range 0->7 ==> 44e10800.pinmux PIN 82->89
[    0.861988] gpio gpiochip3: (gpio-96-127): created GPIO range 8->11 ==> 44e10800.pinmux PIN 52->55
[    0.862006] gpio gpiochip3: (gpio-96-127): created GPIO range 12->15 ==> 44e10800.pinmux PIN 94->97
[    0.862024] gpio gpiochip3: (gpio-96-127): created GPIO range 16->17 ==> 44e10800.pinmux PIN 71->72
[    0.862041] gpio gpiochip3: (gpio-96-127): created GPIO range 18->18 ==> 44e10800.pinmux PIN 135->135
[    0.862059] gpio gpiochip3: (gpio-96-127): created GPIO range 19->20 ==> 44e10800.pinmux PIN 108->109
[    0.862078] gpio gpiochip3: (gpio-96-127): created GPIO range 21->21 ==> 44e10800.pinmux PIN 73->73
[    0.862096] gpio gpiochip3: (gpio-96-127): created GPIO range 22->23 ==> 44e10800.pinmux PIN 8->9
[    0.862115] gpio gpiochip3: (gpio-96-127): created GPIO range 26->27 ==> 44e10800.pinmux PIN 10->11
[    0.862135] gpio gpiochip3: (gpio-96-127): created GPIO range 28->28 ==> 44e10800.pinmux PIN 74->74
[    0.862156] gpio gpiochip3: (gpio-96-127): created GPIO range 29->29 ==> 44e10800.pinmux PIN 81->81
[    0.862176] gpio gpiochip3: (gpio-96-127): created GPIO range 30->31 ==> 44e10800.pinmux PIN 28->29
[    0.868170] l3-aon-clkctrl:0000:0: failed to disable
[    0.880525] gpio gpiochip3: (gpio-96-127): added GPIO chardev (254:3)
[    0.880697] gpio gpiochip3: registered GPIOs 608 to 639 on gpio-96-127
[    0.882600] omap8250 44e09000.serial: using DT '/ocp/interconnect@44c00000/segment@200000/target-module@9000/serial@0' for 'rs485-term' GPIO lookup
[    0.882677] of_get_named_gpiod_flags: can't parse 'rs485-term-gpios' property of node '/ocp/interconnect@44c00000/segment@200000/target-module@9000/serial@0[0]'
[    0.882724] of_get_named_gpiod_flags: can't parse 'rs485-term-gpio' property of node '/ocp/interconnect@44c00000/segment@200000/target-module@9000/serial@0[0]'
[    0.882764] omap8250 44e09000.serial: using lookup tables for GPIO lookup
[    0.882775] omap8250 44e09000.serial: No GPIO consumer rs485-term found
[    0.882787] omap8250 44e09000.serial: using DT '/ocp/interconnect@44c00000/segment@200000/target-module@9000/serial@0' for 'rs485-rx-during-tx' GPIO lookup
[    0.882826] of_get_named_gpiod_flags: can't parse 'rs485-rx-during-tx-gpios' property of node '/ocp/interconnect@44c00000/segment@200000/target-module@9000/serial@0[0]'
[    0.882867] of_get_named_gpiod_flags: can't parse 'rs485-rx-during-tx-gpio' property of node '/ocp/interconnect@44c00000/segment@200000/target-module@9000/serial@0[0]'
[    0.882902] omap8250 44e09000.serial: using lookup tables for GPIO lookup
[    0.882911] omap8250 44e09000.serial: No GPIO consumer rs485-rx-during-tx found
[    0.883304] 44e09000.serial: ttyS0 at MMIO 0x44e09000 (irq = 34, base_baud = 3000000) is a 8250
[    0.883391] printk: legacy console [ttyS0] enabled
[    2.076316] i2c i2c-0: using DT '/ocp/interconnect@44c00000/segment@200000/target-module@b000/i2c@0' for 'scl' GPIO lookup
[    2.076406] of_get_named_gpiod_flags: can't parse 'scl-gpios' property of node '/ocp/interconnect@44c00000/segment@200000/target-module@b000/i2c@0[0]'
[    2.076455] of_get_named_gpiod_flags: can't parse 'scl-gpio' property of node '/ocp/interconnect@44c00000/segment@200000/target-module@b000/i2c@0[0]'
[    2.076498] i2c i2c-0: using lookup tables for GPIO lookup
[    2.076513] i2c i2c-0: No GPIO consumer scl found
[    2.076538] i2c i2c-0: using DT '/ocp/interconnect@44c00000/segment@200000/target-module@b000/i2c@0' for 'sda' GPIO lookup
[    2.076579] of_get_named_gpiod_flags: can't parse 'sda-gpios' property of node '/ocp/interconnect@44c00000/segment@200000/target-module@b000/i2c@0[0]'
[    2.076622] of_get_named_gpiod_flags: can't parse 'sda-gpio' property of node '/ocp/interconnect@44c00000/segment@200000/target-module@b000/i2c@0[0]'
[    2.076659] i2c i2c-0: using lookup tables for GPIO lookup
[    2.076670] i2c i2c-0: No GPIO consumer sda found
[    2.114343] tps65217-pmic: Failed to locate of_node [id: -1]
[    2.120431] tps65217-bl: Failed to locate of_node [id: -1]
[    2.154607] tps65217 0-0024: TPS65217 ID 0xe version 1.2
[    2.160638] platform 4830e000.lcdc: Fixed dependency cycle(s) with /ocp/interconnect@44c00000/segment@200000/target-module@b000/i2c@0/tda19988@70
[    2.174161] i2c 0-0070: Fixed dependency cycle(s) with /ocp/interconnect@48000000/segment@300000/target-module@e000/lcdc@0
[    2.185583] omap_i2c 44e0b000.i2c: bus 0 rev0.11 at 400 kHz
[    2.201068] sdhci-omap 48060000.mmc: using DT '/ocp/interconnect@48000000/segment@0/target-module@60000/mmc@0' for 'cd' GPIO lookup
[    2.201185] of_get_named_gpiod_flags: parsed 'cd-gpios' property of node '/ocp/interconnect@48000000/segment@0/target-module@60000/mmc@0[0]' - status (0)
[    2.201252] gpio gpiochip3: Persistence not supported for GPIO 6
[    2.201276] omap_gpio 44e07000.gpio: Could not set line 6 debounce to 200000 microseconds (-22)
[    2.210241] sdhci-omap 48060000.mmc: Got CD GPIO
[    2.214963] sdhci-omap 48060000.mmc: using DT '/ocp/interconnect@48000000/segment@0/target-module@60000/mmc@0' for 'wp' GPIO lookup
[    2.215018] of_get_named_gpiod_flags: can't parse 'wp-gpios' property of node '/ocp/interconnect@48000000/segment@0/target-module@60000/mmc@0[0]'
[    2.215065] of_get_named_gpiod_flags: can't parse 'wp-gpio' property of node '/ocp/interconnect@48000000/segment@0/target-module@60000/mmc@0[0]'
[    2.215105] sdhci-omap 48060000.mmc: using lookup tables for GPIO lookup
[    2.215120] sdhci-omap 48060000.mmc: No GPIO consumer wp found
[    2.215334] sdhci-omap 48060000.mmc: supply pbias not found, using dummy regulator
[    2.227320] sdhci-omap 481d8000.mmc: using DT '/ocp/interconnect@48000000/segment@100000/target-module@d8000/mmc@0' for 'wp' GPIO lookup
[    2.227413] of_get_named_gpiod_flags: can't parse 'wp-gpios' property of node '/ocp/interconnect@48000000/segment@100000/target-module@d8000/mmc@0[0]'
[    2.227463] of_get_named_gpiod_flags: can't parse 'wp-gpio' property of node '/ocp/interconnect@48000000/segment@100000/target-module@d8000/mmc@0[0]'
[    2.227506] sdhci-omap 481d8000.mmc: using lookup tables for GPIO lookup
[    2.227521] sdhci-omap 481d8000.mmc: No GPIO consumer wp found
[    2.228238] sdhci-omap 48060000.mmc: supply vqmmc not found, using dummy regulator
[    2.237352] sdhci-omap 481d8000.mmc: supply pbias not found, using dummy regulator
[    2.245807] sdhci-omap 481d8000.mmc: supply vqmmc not found, using dummy regulator
[    2.284640] mmc1: SDHCI controller on 481d8000.mmc [481d8000.mmc] using External DMA
[    2.292998] mmc0: SDHCI controller on 48060000.mmc [48060000.mmc] using External DMA
[    2.301876] cpsw-switch 4a100000.switch: starting ndev. mode: dual_mac
[    2.343225] mmc0: new high speed SDHC card at address 5048
[    2.350238] mmcblk0: mmc0:5048 SD16G 14.4 GiB
[    2.358117]  mmcblk0: p1 p2
[    2.361494] mmcblk0: p2 size 31221760 extends beyond EOD, truncated
[    2.375958] mmc1: new high speed MMC card at address 0001
[    2.382708] mmcblk1: mmc1:0001 MMC04G 3.60 GiB
[    2.390091]  mmcblk1: p1 p2
[    2.394492] mmcblk1boot0: mmc1:0001 MMC04G 2.00 MiB
[    2.401660] mmcblk1boot1: mmc1:0001 MMC04G 2.00 MiB
[    2.408943] mmcblk1rpmb: mmc1:0001 MMC04G 128 KiB, chardev (250:0)
[    2.415472] SMSC LAN8710/LAN8720 4a101000.mdio:00: attached PHY driver (mii_bus:phy_addr=4a101000.mdio:00, irq=POLL)
[    5.524782] cpsw-switch 4a100000.switch eth0: Link is Up - 100Mbps/Full - flow control off
[    5.574104] IP-Config: Complete:
[    5.577379]      device=eth0, hwaddr=6c:ec:eb:68:de:78, ipaddr=192.168.255.1, mask=255.255.255.0, gw=255.255.255.255
[    5.588023]      host=bbb1, domain=, nis-domain=(none)
[    5.593191]      bootserver=192.168.255.126, rootserver=192.168.255.126, rootpath=
[    5.593613] clk: Disabling unused clocks
[    5.605464] PM: genpd: Disabling unused power domains
[    5.610582] KTAP version 1
[    5.613304] 1..0
[    5.651338] VFS: Mounted root (nfs filesystem) on device 0:17.
[    5.658461] devtmpfs: mounted
[    5.663110] Freeing unused kernel image (initmem) memory: 1024K
[    5.669888] Run /sbin/init as init process
[    5.674086]   with arguments:
[    5.674101]     /sbin/init
[    5.674111]     nfsrootdebug
[    5.674120]   with environment:
[    5.674129]     HOME=/
[    5.674138]     TERM=linux
[    6.373504] systemd[1]: System time before build time, advancing clock.
[    7.834045] random: crng init done
[    7.905524] systemd[1]: systemd 232 running in system mode. (+PAM +AUDIT +SELINUX +IMA +APPARMOR +SMACK +SYSVINIT +UTMP +LIBCRYPTSETUP +GCRYPT +GNUTLS +ACL +XZ +LZ4 +SECCOMP +BLKID +ELFUTILS +KMOD +IDN)
[    7.924537] systemd[1]: Detected architecture arm.
[    7.967178] systemd[1]: Set hostname to <arm>.
[    9.086544] systemd[1]: Reached target Swap.
[    9.114929] systemd[1]: Started Dispatch Password Requests to Console Directory Watch.
[    9.154632] systemd[1]: Listening on udev Kernel Socket.
[    9.195917] systemd[1]: Listening on /dev/initctl Compatibility Named Pipe.
[    9.236025] systemd[1]: Listening on Journal Socket (/dev/log).
[    9.275609] systemd[1]: Created slice System Slice.
[    9.315388] systemd[1]: Created slice system-getty.slice.
[   11.374232] systemd-journald[95]: Received request to flush runtime journal from PID 1
[   14.075100] leds-gpio leds: using DT '/leds/led2' for '(default)' GPIO lookup
[   14.075202] of_get_named_gpiod_flags: parsed 'gpios' property of node '/leds/led2[0]' - status (0)
[   14.075261] gpio gpiochip0: Persistence not supported for GPIO 21
[   14.075278] gpio-533 (?): no flags found for GPIO (default)
[   14.128203] leds-gpio leds: using DT '/leds/led3' for '(default)' GPIO lookup
[   14.128314] of_get_named_gpiod_flags: parsed 'gpios' property of node '/leds/led3[0]' - status (0)
[   14.128538] gpio gpiochip0: Persistence not supported for GPIO 22
[   14.128563] gpio-534 (?): no flags found for GPIO (default)
[   14.164547] leds-gpio leds: using DT '/leds/led4' for '(default)' GPIO lookup
[   14.164646] of_get_named_gpiod_flags: parsed 'gpios' property of node '/leds/led4[0]' - status (0)
[   14.164698] gpio gpiochip0: Persistence not supported for GPIO 23
[   14.164714] gpio-535 (?): no flags found for GPIO (default)
[   14.205641] leds-gpio leds: using DT '/leds/led5' for '(default)' GPIO lookup
[   14.205951] of_get_named_gpiod_flags: parsed 'gpios' property of node '/leds/led5[0]' - status (0)
[   14.206013] gpio gpiochip0: Persistence not supported for GPIO 24
[   14.206029] gpio-536 (?): no flags found for GPIO (default)
[   14.708103] remoteproc remoteproc0: wkup_m3 is available
[   14.788678] am335x-phy-driver 47401300.usb-phy: using DT '/ocp/target-module@47400000/usb-phy@1300' for 'reset' GPIO lookup
[   14.788798] of_get_named_gpiod_flags: can't parse 'reset-gpios' property of node '/ocp/target-module@47400000/usb-phy@1300[0]'
[   14.788845] of_get_named_gpiod_flags: can't parse 'reset-gpio' property of node '/ocp/target-module@47400000/usb-phy@1300[0]'
[   14.788884] am335x-phy-driver 47401300.usb-phy: using lookup tables for GPIO lookup
[   14.788900] am335x-phy-driver 47401300.usb-phy: No GPIO consumer reset found
[   14.788914] am335x-phy-driver 47401300.usb-phy: using DT '/ocp/target-module@47400000/usb-phy@1300' for 'vbus-detect' GPIO lookup
[   14.788947] of_get_named_gpiod_flags: can't parse 'vbus-detect-gpios' property of node '/ocp/target-module@47400000/usb-phy@1300[0]'
[   14.788980] of_get_named_gpiod_flags: can't parse 'vbus-detect-gpio' property of node '/ocp/target-module@47400000/usb-phy@1300[0]'
[   14.789009] am335x-phy-driver 47401300.usb-phy: using lookup tables for GPIO lookup
[   14.789021] am335x-phy-driver 47401300.usb-phy: No GPIO consumer vbus-detect found
[   14.789166] am335x-phy-driver 47401300.usb-phy: dummy supplies not allowed for exclusive requests (id=vbus)
[   14.830141] usbcore: registered new interface driver usbfs
[   14.835982] usbcore: registered new interface driver hub
[   14.841429] usbcore: registered new device driver usb
[   15.248666] am335x-phy-driver 47401b00.usb-phy: using DT '/ocp/target-module@47400000/usb-phy@1b00' for 'reset' GPIO lookup
[   15.248758] of_get_named_gpiod_flags: can't parse 'reset-gpios' property of node '/ocp/target-module@47400000/usb-phy@1b00[0]'
[   15.248801] of_get_named_gpiod_flags: can't parse 'reset-gpio' property of node '/ocp/target-module@47400000/usb-phy@1b00[0]'
[   15.248840] am335x-phy-driver 47401b00.usb-phy: using lookup tables for GPIO lookup
[   15.248855] am335x-phy-driver 47401b00.usb-phy: No GPIO consumer reset found
[   15.248869] am335x-phy-driver 47401b00.usb-phy: using DT '/ocp/target-module@47400000/usb-phy@1b00' for 'vbus-detect' GPIO lookup
[   15.248902] of_get_named_gpiod_flags: can't parse 'vbus-detect-gpios' property of node '/ocp/target-module@47400000/usb-phy@1b00[0]'
[   15.248937] of_get_named_gpiod_flags: can't parse 'vbus-detect-gpio' property of node '/ocp/target-module@47400000/usb-phy@1b00[0]'
[   15.248964] am335x-phy-driver 47401b00.usb-phy: using lookup tables for GPIO lookup
[   15.248976] am335x-phy-driver 47401b00.usb-phy: No GPIO consumer vbus-detect found
[   15.249124] am335x-phy-driver 47401b00.usb-phy: dummy supplies not allowed for exclusive requests (id=vbus)
[   15.315822] at24 2-0054: supply vcc not found, using dummy regulator
[   15.469944] at24 2-0055: supply vcc not found, using dummy regulator
[   15.578954] musb-hdrc musb-hdrc.1: MUSB HDRC host driver
[   15.584512] musb-hdrc musb-hdrc.1: new USB bus registered, assigned bus number 1
[   15.624802] at24 2-0056: supply vcc not found, using dummy regulator
[   15.745701] at24 2-0057: supply vcc not found, using dummy regulator
[   15.777250] usb usb1: New USB device found, idVendor=1d6b, idProduct=0002, bcdDevice= 6.11
[   15.786646] usb usb1: New USB device strings: Mfr=3, Product=2, SerialNumber=1
[   15.794080] usb usb1: Product: MUSB HDRC host driver
[   15.799076] usb usb1: Manufacturer: Linux 6.11.4 musb-hcd
[   15.804540] usb usb1: SerialNumber: musb-hdrc.1
[   15.942456] at24 0-0050: using DT '/ocp/interconnect@44c00000/segment@200000/target-module@b000/i2c@0/baseboard_eeprom@50' for 'wp' GPIO lookup
[   15.942572] of_get_named_gpiod_flags: can't parse 'wp-gpios' property of node '/ocp/interconnect@44c00000/segment@200000/target-module@b000/i2c@0/baseboard_eeprom@50[0]'
[   15.942635] of_get_named_gpiod_flags: can't parse 'wp-gpio' property of node '/ocp/interconnect@44c00000/segment@200000/target-module@b000/i2c@0/baseboard_eeprom@50[0]'
[   15.942684] at24 0-0050: using lookup tables for GPIO lookup
[   15.942698] at24 0-0050: No GPIO consumer wp found
[   15.942994] at24 0-0050: 32768 byte 24c256 EEPROM, writable, 1 bytes/write
[   15.984453] hub 1-0:1.0: USB hub found
[   16.074492] hub 1-0:1.0: 1 port detected
[   16.139632] tps6521x_pwrbutton tps65217-pwrbutton: DMA mask not set
[   16.355721] input: tps65217_pwrbutton as /devices/platform/ocp/44c00000.interconnect/44c00000.interconnect:segment@200000/44e0b000.target-module/44e0b000.i2c/i2c-0/0-0024/tps65217-pwrbutton/input/input0
[   16.559520] wkup_m3_ipc 44e11324.wkup_m3_ipc: IPC Request for A8->M3 Channel failed! -517
[   16.823330] omap_wdt: OMAP Watchdog Timer Rev 0x01: initial timeout 60 sec
[   16.831941] wkup_m3_ipc 44e11324.wkup_m3_ipc: IPC Request for A8->M3 Channel failed! -517
[   17.015055] omap_rtc 44e3e000.rtc: registered as rtc0
[   17.020732] omap_rtc 44e3e000.rtc: setting system clock to 2000-01-01T00:00:00 UTC (946684800)
[   17.029544] omap_rtc 44e3e000.rtc: using DT '/ocp/interconnect@44c00000/segment@200000/target-module@3e000/rtc@0' for 'wp' GPIO lookup
[   17.029623] of_get_named_gpiod_flags: can't parse 'wp-gpios' property of node '/ocp/interconnect@44c00000/segment@200000/target-module@3e000/rtc@0[0]'
[   17.029675] of_get_named_gpiod_flags: can't parse 'wp-gpio' property of node '/ocp/interconnect@44c00000/segment@200000/target-module@3e000/rtc@0[0]'
[   17.029717] omap_rtc 44e3e000.rtc: using lookup tables for GPIO lookup
[   17.029732] omap_rtc 44e3e000.rtc: No GPIO consumer wp found
[   17.031393] wkup_m3_ipc 44e11324.wkup_m3_ipc: IPC Request for A8->M3 Channel failed! -517
[   17.744326] tda998x 0-0070: found TDA19988
[   17.889019] wkup_m3_ipc 44e11324.wkup_m3_ipc: IPC Request for A8->M3 Channel failed! -517
[   18.078787] omap-mailbox 480c8000.mailbox: omap mailbox rev 0x400
[   18.183741] remoteproc remoteproc0: powering up wkup_m3
[   18.376115] remoteproc remoteproc0: Direct firmware load for am335x-pm-firmware.elf failed with error -2
[   18.386071] remoteproc remoteproc0: request_firmware failed: -2
[   18.392038] wkup_m3_ipc 44e11324.wkup_m3_ipc: rproc_boot failed
[   20.362140] tilcdc 4830e000.lcdc: bound 0-0070 (ops 0xbf0bc030)
[   20.480615] [drm] Initialized tilcdc 1.0.0 for 4830e000.lcdc on minor 0
[   20.488170] omap_rng 48310000.rng: Random Number Generator ver. 20
[   20.572894] tilcdc 4830e000.lcdc: [drm] Cannot find any crtc or sizes
[   20.609259] tilcdc 4830e000.lcdc: [drm] Cannot find any crtc or sizes
[   21.538296] PM: Cannot get wkup_m3_ipc handle
[   21.576678] omap-sham 53100000.sham: hw accel on OMAP rev 4.3
[   21.734324] omap-sham 53100000.sham: will run requests pump with realtime priority
[   21.746446] PM: Cannot get wkup_m3_ipc handle
[   21.822674] omap-aes 53500000.aes: OMAP AES hw accel rev: 3.2
[   21.947574] omap-aes 53500000.aes: will run requests pump with realtime priority
[   21.980559] PM: Cannot get wkup_m3_ipc handle
[   22.881762] Bluetooth: Core ver 2.22
[   22.885775] NET: Registered PF_BLUETOOTH protocol family
[   22.891127] Bluetooth: HCI device and connection manager initialized
[   22.897626] Bluetooth: HCI socket layer initialized
[   22.902543] Bluetooth: L2CAP socket layer initialized
[   22.907690] Bluetooth: SCO socket layer initialized
[   25.392489] PM: Cannot get wkup_m3_ipc handle
[   25.398518] asoc-simple-card sound: using DT '/sound' for 'simple-audio-card,hp-det' GPIO lookup
[   25.398593] of_get_named_gpiod_flags: can't parse 'simple-audio-card,hp-det-gpios' property of node '/sound[0]'
[   25.398630] of_get_named_gpiod_flags: can't parse 'simple-audio-card,hp-det-gpio' property of node '/sound[0]'
[   25.398655] asoc-simple-card sound: using lookup tables for GPIO lookup
[   25.398670] asoc-simple-card sound: No GPIO consumer simple-audio-card,hp-det found
[   25.398685] asoc-simple-card sound: using DT '/sound' for 'simple-audio-card,mic-det' GPIO lookup
[   25.398710] of_get_named_gpiod_flags: can't parse 'simple-audio-card,mic-det-gpios' property of node '/sound[0]'
[   25.398737] of_get_named_gpiod_flags: can't parse 'simple-audio-card,mic-det-gpio' property of node '/sound[0]'
[   25.398758] asoc-simple-card sound: using lookup tables for GPIO lookup
[   25.398769] asoc-simple-card sound: No GPIO consumer simple-audio-card,mic-det found
[   25.558574] PM: Cannot get wkup_m3_ipc handle
[   27.622533] userial_init: registered 8 ttyGS* devices
[   27.919945] rndis_register: configNr = 0
[   28.041348] udc musb-hdrc.0: binding gadget driver [g_multi]
[   28.041449] configfs-gadget.g_multi gadget.0: adding 'rndis'/a45a415c to config 'c'/dbf2dfd2
[   28.042597] configfs-gadget.g_multi gadget.0: HOST MAC 1c:ba:8c:a2:ed:6c
[   28.049583] configfs-gadget.g_multi gadget.0: MAC 1c:ba:8c:a2:ed:70
[   28.056017] rndis_set_param_medium: 0 0
[   28.056040] configfs-gadget.g_multi gadget.0: RNDIS: IN/ep1in OUT/ep1out NOTIFY/ep2in
[   28.056058] configfs-gadget.g_multi gadget.0: adding 'cdc_ethernet'/5be02e16 to config 'c'/dbf2dfd2
[   28.056976] configfs-gadget.g_multi gadget.0: HOST MAC 1c:ba:8c:a2:ed:6c
[   28.063740] configfs-gadget.g_multi gadget.0: MAC 1c:ba:8c:a2:ed:6d
[   28.070195] configfs-gadget.g_multi gadget.0: CDC Ethernet: IN/ep3in OUT/ep2out NOTIFY/ep4in
[   28.070217] configfs-gadget.g_multi gadget.0: adding 'acm'/99d2d034 to config 'c'/dbf2dfd2
[   28.070252] configfs-gadget.g_multi gadget.0: acm ttyGS0: IN/ep5in OUT/ep3out NOTIFY/ep6in
[   28.073336] PM: Cannot get wkup_m3_ipc handle
[   29.342602] configfs-gadget.g_multi gadget.0: eth_open
[   30.394297] configfs-gadget.g_multi gadget.0: stop stats: rx/tx 0/0, errs 0/0
[   34.806932] gs_open: ttyGS0 (f220149d,394e59b5)
[   34.807085] gs_close: ttyGS0 (f220149d,394e59b5) ...
[   34.807109] gs_close: ttyGS0 (f220149d,394e59b5) done!
[   34.807289] gs_open: ttyGS0 (d9412030,394e59b5)
[   34.807363] gs_close: ttyGS0 (d9412030,394e59b5) ...
[   34.807382] gs_close: ttyGS0 (d9412030,394e59b5) done!
[   35.001498] gs_open: ttyGS0 (7d14c8fd,cdd9cfbc)
[   35.001730] gs_close: ttyGS0 (7d14c8fd,cdd9cfbc) ...
[   35.001761] gs_close: ttyGS0 (7d14c8fd,cdd9cfbc) done!
[   35.002547] gs_open: ttyGS0 (7d14c8fd,cdd9cfbc)
QHCGBWNXWW 0
root@arm:~# echo 'TVHA''TFUOWF'
TVHATFUOWF
root@arm:~# MARKER='GQZZ''MXTXAS' run 'modprobe test_linear_ranges'
GQZZMXTXASGQZZMXTXAS 0
root@arm:~# echo 'HUFO''MKWHLC'
HUFOMKWHLC
root@arm:~# MARKER='YFUC''HYANLY' run dmesg
YFUCHYANLY[    0.000000] Booting Linux on physical CPU 0x0
[    0.000000] Linux version 6.11.4 (user01@drvtest01) (arm-linux-gnueabihf-gcc (Linaro GCC 6.4-2017.11) 6.4.1 20171012, GNU ld (Linaro_Binutils-2017.11) 2.27.0.20161229) #1 SMP Thu Oct 17 17:11:04 EEST 2024
[    0.000000] CPU: ARMv7 Processor [413fc082] revision 2 (ARMv7), cr=10c5387d
[    0.000000] CPU: PIPT / VIPT nonaliasing data cache, VIPT aliasing instruction cache
[    0.000000] OF: fdt: Machine model: TI AM335x BeagleBone Black
[    0.000000] Memory policy: Data cache writeback
[    0.000000] cma: Reserved 16 MiB at 0x9e800000 on node -1
[    0.000000] Zone ranges:
[    0.000000]   Normal   [mem 0x0000000080000000-0x000000009fdfffff]
[    0.000000]   HighMem  empty
[    0.000000] Movable zone start for each node
[    0.000000] Early memory node ranges
[    0.000000]   node   0: [mem 0x0000000080000000-0x000000009fdfffff]
[    0.000000] Initmem setup node 0 [mem 0x0000000080000000-0x000000009fdfffff]
[    0.000000] CPU: All CPU(s) started in SVC mode.
[    0.000000] AM335X ES2.1 (sgx neon)
[    0.000000] percpu: Embedded 17 pages/cpu s39628 r8192 d21812 u69632
[    0.000000] pcpu-alloc: s39628 r8192 d21812 u69632 alloc=17*4096
[    0.000000] pcpu-alloc: [0] 0 
[    0.000000] Kernel command line: console=ttyO0,115200n8 root=/dev/nfs rw nfsroot=192.168.255.126:/home/user01/nfs,nfsvers=3 ip=192.168.255.1:192.168.255.126::255.255.255.0:bbb1:eth0 nfsrootdebug
[    0.000000] Unknown kernel command line parameters "nfsrootdebug", will be passed to user space.
[    0.000000] Dentry cache hash table entries: 65536 (order: 6, 262144 bytes, linear)
[    0.000000] Inode-cache hash table entries: 32768 (order: 5, 131072 bytes, linear)
[    0.000000] Built 1 zonelists, mobility grouping on.  Total pages: 130560
[    0.000000] mem auto-init: stack:off, heap alloc:off, heap free:off
[    0.000000] SLUB: HWalign=64, Order=0-3, MinObjects=0, CPUs=1, Nodes=1
[    0.000000] trace event string verifier disabled
[    0.000000] rcu: Hierarchical RCU implementation.
[    0.000000] rcu: 	RCU event tracing is enabled.
[    0.000000] rcu: 	RCU restricting CPUs from NR_CPUS=2 to nr_cpu_ids=1.
[    0.000000] rcu: RCU calculated value of scheduler-enlistment delay is 10 jiffies.
[    0.000000] rcu: Adjusting geometry for rcu_fanout_leaf=16, nr_cpu_ids=1
[    0.000000] NR_IRQS: 16, nr_irqs: 16, preallocated irqs: 16
[    0.000000] IRQ: Found an INTC at 0x(ptrval) (revision 5.0) with 128 interrupts
[    0.000000] rcu: srcu_init: Setting srcu_struct sizes based on contention.
[    0.000000] TI gptimer clocksource: always-on /ocp/interconnect@44c00000/segment@200000/target-module@31000
[    0.000002] sched_clock: 32 bits at 24MHz, resolution 41ns, wraps every 89478484971ns
[    0.000027] clocksource: dmtimer: mask: 0xffffffff max_cycles: 0xffffffff, max_idle_ns: 79635851949 ns
[    0.000504] TI gptimer clockevent: 24000000 Hz at /ocp/interconnect@48000000/segment@0/target-module@40000
[    0.002135] Console: colour dummy device 80x30
[    0.002203] WARNING: Your 'console=ttyO0' has been replaced by 'ttyS0'
[    0.002212] This ensures that you still see kernel messages. Please
[    0.002218] update your kernel commandline.
[    0.002260] Calibrating delay loop... 996.14 BogoMIPS (lpj=4980736)
[    0.090564] CPU: Testing write buffer coherency: ok
[    0.090670] CPU0: Spectre v2: using BPIALL workaround
[    0.090684] pid_max: default: 32768 minimum: 301
[    0.090808] LSM: initializing lsm=capability
[    0.090977] Mount-cache hash table entries: 1024 (order: 0, 4096 bytes, linear)
[    0.091000] Mountpoint-cache hash table entries: 1024 (order: 0, 4096 bytes, linear)
[    0.092518] CPU0: thread -1, cpu 0, socket -1, mpidr 0
[    0.094243] Setting up static identity map for 0x80100000 - 0x80100078
[    0.094553] rcu: Hierarchical SRCU implementation.
[    0.094565] rcu: 	Max phase no-delay instances is 1000.
[    0.096232] smp: Bringing up secondary CPUs ...
[    0.096291] smp: Brought up 1 node, 1 CPU
[    0.096306] SMP: Total of 1 processors activated (996.14 BogoMIPS).
[    0.096320] CPU: All CPU(s) started in SVC mode.
[    0.096515] Memory: 480876K/522240K available (11264K kernel code, 1197K rwdata, 2856K rodata, 1024K init, 297K bss, 23344K reserved, 16384K cma-reserved, 0K highmem)
[    0.097307] devtmpfs: initialized
[    0.113641] VFP support v0.3: implementor 41 architecture 3 part 30 variant c rev 3
[    0.113995] clocksource: jiffies: mask: 0xffffffff max_cycles: 0xffffffff, max_idle_ns: 19112604462750000 ns
[    0.114035] futex hash table entries: 256 (order: 2, 16384 bytes, linear)
[    0.115300] pinctrl core: initialized pinctrl subsystem
[    0.118040] NET: Registered PF_NETLINK/PF_ROUTE protocol family
[    0.121054] DMA: preallocated 256 KiB pool for atomic coherent allocations
[    0.122016] audit: initializing netlink subsys (disabled)
[    0.123379] thermal_sys: Registered thermal governor 'fair_share'
[    0.123402] thermal_sys: Registered thermal governor 'step_wise'
[    0.123414] thermal_sys: Registered thermal governor 'user_space'
[    0.123529] audit: type=2000 audit(0.120:1): state=initialized audit_enabled=0 res=1
[    0.123601] cpuidle: using governor menu
[    0.142529] No ATAGs?
[    0.142563] hw-breakpoint: debug architecture 0x4 unsupported.
[    0.145440] kprobes: kprobe jump-optimization is enabled. All kprobes are optimized if possible.
[    0.164352] iommu: Default domain type: Translated
[    0.164379] iommu: DMA domain TLB invalidation policy: strict mode
[    0.165960] reg-fixed-voltage fixedregulator0: using DT '/fixedregulator0' for '(default)' GPIO lookup
[    0.166023] of_get_named_gpiod_flags: can't parse 'gpios' property of node '/fixedregulator0[0]'
[    0.166054] of_get_named_gpiod_flags: can't parse 'gpio' property of node '/fixedregulator0[0]'
[    0.166075] reg-fixed-voltage fixedregulator0: using lookup tables for GPIO lookup
[    0.166088] reg-fixed-voltage fixedregulator0: No GPIO consumer (default) found
[    0.171459] SCSI subsystem initialized
[    0.181282] libata version 3.00 loaded.
[    0.181658] pps_core: LinuxPPS API ver. 1 registered
[    0.181673] pps_core: Software ver. 5.3.6 - Copyright 2005-2007 Rodolfo Giometti <giometti@linux.it>
[    0.181700] PTP clock support registered
[    0.183632] vgaarb: loaded
[    0.184023] clocksource: Switched to clocksource dmtimer
[    0.184625] VFS: Disk quotas dquot_6.6.0
[    0.184673] VFS: Dquot-cache hash table entries: 1024 (order 0, 4096 bytes)
[    0.210321] NET: Registered PF_INET protocol family
[    0.210672] IP idents hash table entries: 8192 (order: 4, 65536 bytes, linear)
[    0.212081] tcp_listen_portaddr_hash hash table entries: 512 (order: 0, 4096 bytes, linear)
[    0.212121] Table-perturb hash table entries: 65536 (order: 6, 262144 bytes, linear)
[    0.212140] TCP established hash table entries: 4096 (order: 2, 16384 bytes, linear)
[    0.212185] TCP bind hash table entries: 4096 (order: 4, 65536 bytes, linear)
[    0.212286] TCP: Hash tables configured (established 4096 bind 4096)
[    0.212412] UDP hash table entries: 256 (order: 1, 8192 bytes, linear)
[    0.212442] UDP-Lite hash table entries: 256 (order: 1, 8192 bytes, linear)
[    0.212616] NET: Registered PF_UNIX/PF_LOCAL protocol family
[    0.225149] RPC: Registered named UNIX socket transport module.
[    0.225178] RPC: Registered udp transport module.
[    0.225185] RPC: Registered tcp transport module.
[    0.225192] RPC: Registered tcp-with-tls transport module.
[    0.225199] RPC: Registered tcp NFSv4.1 backchannel transport module.
[    0.225226] PCI: CLS 0 bytes, default 64
[    0.226675] Initialise system trusted keyrings
[    0.227764] workingset: timestamp_bits=14 max_order=17 bucket_order=3
[    0.229020] NFS: Registering the id_resolver key type
[    0.229104] Key type id_resolver registered
[    0.229114] Key type id_legacy registered
[    0.229166] jffs2: version 2.2. (NAND) (SUMMARY)  Â© 2001-2006 Red Hat, Inc.
[    0.229625] Key type asymmetric registered
[    0.229642] Asymmetric key parser 'x509' registered
[    0.229710] io scheduler mq-deadline registered
[    0.229722] io scheduler kyber registered
[    0.229796] io scheduler bfq registered
[    0.244226] Serial: 8250/16550 driver, 6 ports, IRQ sharing enabled
[    0.306865] brd: module loaded
[    0.318009] loop: module loaded
[    0.318938] mtdoops: mtd device (mtddev=name/number) must be supplied
[    0.334869] mdio_bus fixed-0: using lookup tables for GPIO lookup
[    0.334905] mdio_bus fixed-0: No GPIO consumer reset found
[    0.336297] i2c_dev: i2c /dev entries driver
[    0.337280] cpuidle: enable-method property 'ti,am3352' found operations
[    0.337727] sdhci: Secure Digital Host Controller Interface driver
[    0.337739] sdhci: Copyright(c) Pierre Ossman
[    0.337920] sdhci-pltfm: SDHCI platform and OF driver helper
[    0.338203] ledtrig-cpu: registered to indicate activity on CPUs
[    0.339130] Initializing XFRM netlink socket
[    0.339256] NET: Registered PF_INET6 protocol family
[    0.341131] Segment Routing with IPv6
[    0.341228] In-situ OAM (IOAM) with IPv6
[    0.341328] sit: IPv6, IPv4 and MPLS over IPv4 tunneling driver
[    0.342272] NET: Registered PF_PACKET protocol family
[    0.342314] NET: Registered PF_KEY protocol family
[    0.342433] Key type dns_resolver registered
[    0.342706] ThumbEE CPU extension supported.
[    0.342731] Registering SWP/SWPB emulation handler
[    0.343255] omap_voltage_late_init: Voltage driver support not added
[    0.343609] SmartReflex Class3 initialized
[    0.364467] Loading compiled-in X.509 certificates
[    0.423681] gpiochip_find_base_unlocked: found new base at 512
[    0.431590] platform 44e10800.pinmux: Fixed dependency cycle(s) with /ocp/interconnect@44c00000/segment@200000/target-module@10000/scm@0/pinmux@800/clkout2-pins
[    0.432151] pinctrl-single 44e10800.pinmux: 142 pins, size 568
[    0.437543] ti-sysc 44e31000.target-module: probe with driver ti-sysc failed with error -16
[    0.475224] ti-sysc 48040000.target-module: probe with driver ti-sysc failed with error -16
[    0.486309] gpiochip_find_base_unlocked: found new base at 512
[    0.486423] gpio gpiochip0: (gpio-0-31): created GPIO range 0->7 ==> 44e10800.pinmux PIN 0->7
[    0.486445] gpio gpiochip0: (gpio-0-31): created GPIO range 8->11 ==> 44e10800.pinmux PIN 90->93
[    0.486463] gpio gpiochip0: (gpio-0-31): created GPIO range 12->27 ==> 44e10800.pinmux PIN 12->27
[    0.486480] gpio gpiochip0: (gpio-0-31): created GPIO range 28->31 ==> 44e10800.pinmux PIN 30->33
[    0.524257] gpio gpiochip0: (gpio-0-31): added GPIO chardev (254:0)
[    0.524449] gpio gpiochip0: registered GPIOs 512 to 543 on gpio-0-31
[    0.524540] OMAP GPIO hardware version 0.1
[    0.550443] i2c i2c-2: using DT '/ocp/interconnect@48000000/segment@100000/target-module@9c000/i2c@0' for 'scl' GPIO lookup
[    0.550525] of_get_named_gpiod_flags: can't parse 'scl-gpios' property of node '/ocp/interconnect@48000000/segment@100000/target-module@9c000/i2c@0[0]'
[    0.550573] of_get_named_gpiod_flags: can't parse 'scl-gpio' property of node '/ocp/interconnect@48000000/segment@100000/target-module@9c000/i2c@0[0]'
[    0.550612] i2c i2c-2: using lookup tables for GPIO lookup
[    0.550624] i2c i2c-2: No GPIO consumer scl found
[    0.550647] i2c i2c-2: using DT '/ocp/interconnect@48000000/segment@100000/target-module@9c000/i2c@0' for 'sda' GPIO lookup
[    0.550687] of_get_named_gpiod_flags: can't parse 'sda-gpios' property of node '/ocp/interconnect@48000000/segment@100000/target-module@9c000/i2c@0[0]'
[    0.550728] of_get_named_gpiod_flags: can't parse 'sda-gpio' property of node '/ocp/interconnect@48000000/segment@100000/target-module@9c000/i2c@0[0]'
[    0.550763] i2c i2c-2: using lookup tables for GPIO lookup
[    0.550772] i2c i2c-2: No GPIO consumer sda found
[    0.551510] omap_i2c 4819c000.i2c: bus 2 rev0.11 at 100 kHz
[    0.557169] gpiochip_find_base_unlocked: found new base at 544
[    0.557281] gpio gpiochip1: (gpio-32-63): created GPIO range 0->17 ==> 44e10800.pinmux PIN 34->51
[    0.557304] gpio gpiochip1: (gpio-32-63): created GPIO range 18->21 ==> 44e10800.pinmux PIN 77->80
[    0.557322] gpio gpiochip1: (gpio-32-63): created GPIO range 22->31 ==> 44e10800.pinmux PIN 56->65
[    0.574703] gpio gpiochip1: (gpio-32-63): added GPIO chardev (254:1)
[    0.574874] gpio gpiochip1: registered GPIOs 544 to 575 on gpio-32-63
[    0.577096] gpiochip_find_base_unlocked: found new base at 576
[    0.577202] gpio gpiochip2: (gpio-64-95): created GPIO range 0->4 ==> 44e10800.pinmux PIN 66->70
[    0.577224] gpio gpiochip2: (gpio-64-95): created GPIO range 5->6 ==> 44e10800.pinmux PIN 98->99
[    0.577241] gpio gpiochip2: (gpio-64-95): created GPIO range 7->8 ==> 44e10800.pinmux PIN 75->76
[    0.577258] gpio gpiochip2: (gpio-64-95): created GPIO range 13->13 ==> 44e10800.pinmux PIN 141->141
[    0.577292] gpio gpiochip2: (gpio-64-95): created GPIO range 14->21 ==> 44e10800.pinmux PIN 100->107
[    0.578314] gpio gpiochip2: (gpio-64-95): added GPIO chardev (254:2)
[    0.578478] gpio gpiochip2: registered GPIOs 576 to 607 on gpio-64-95
[    0.583904] 48000000.interconnect:segment@200000:target-module@0:mpu@0:fck: device ID is greater than 24
[    0.588366] platform 4830e000.lcdc: Fixed dependency cycle(s) with /ocp/interconnect@44c00000/segment@200000/target-module@b000/i2c@0/tda19988@70
[    0.597713] mdio_bus 4a101000.mdio: using DT '/ocp/interconnect@4a000000/segment@0/target-module@100000/switch@0/mdio@1000' for 'reset' GPIO lookup
[    0.597794] of_get_named_gpiod_flags: can't parse 'reset-gpios' property of node '/ocp/interconnect@4a000000/segment@0/target-module@100000/switch@0/mdio@1000[0]'
[    0.597846] of_get_named_gpiod_flags: can't parse 'reset-gpio' property of node '/ocp/interconnect@4a000000/segment@0/target-module@100000/switch@0/mdio@1000[0]'
[    0.597897] mdio_bus 4a101000.mdio: using lookup tables for GPIO lookup
[    0.597909] mdio_bus 4a101000.mdio: No GPIO consumer reset found
[    0.598955] sdhci-omap 481d8000.mmc: using DT '/ocp/interconnect@48000000/segment@100000/target-module@d8000/mmc@0' for 'wp' GPIO lookup
[    0.599023] of_get_named_gpiod_flags: can't parse 'wp-gpios' property of node '/ocp/interconnect@48000000/segment@100000/target-module@d8000/mmc@0[0]'
[    0.599070] of_get_named_gpiod_flags: can't parse 'wp-gpio' property of node '/ocp/interconnect@48000000/segment@100000/target-module@d8000/mmc@0[0]'
[    0.599108] sdhci-omap 481d8000.mmc: using lookup tables for GPIO lookup
[    0.599120] sdhci-omap 481d8000.mmc: No GPIO consumer wp found
[    0.599313] sdhci-omap 481d8000.mmc: supply pbias not found, using dummy regulator
[    0.599780] sdhci-omap 481d8000.mmc: supply vqmmc not found, using dummy regulator
[    0.677139] davinci_mdio 4a101000.mdio: davinci mdio revision 1.6, bus freq 1000000
[    0.701503] mdio_bus 4a101000.mdio:00: using DT '/ocp/interconnect@4a000000/segment@0/target-module@100000/switch@0/mdio@1000/ethernet-phy@0' for 'reset' GPIO lookup
[    0.701612] of_get_named_gpiod_flags: parsed 'reset-gpios' property of node '/ocp/interconnect@4a000000/segment@0/target-module@100000/switch@0/mdio@1000/ethernet-phy@0[0]' - status (0)
[    0.701784] gpio gpiochip0: Persistence not supported for GPIO 8
[    0.794429] davinci_mdio 4a101000.mdio: phy[0]: device 4a101000.mdio:00, driver SMSC LAN8710/LAN8720
[    0.795082] cpsw-switch 4a100000.switch: initialized cpsw ale version 1.4
[    0.795108] cpsw-switch 4a100000.switch: ALE Table size 1024
[    0.795250] cpsw-switch 4a100000.switch: cpts: overflow check period 500 (jiffies)
[    0.795271] cpsw-switch 4a100000.switch: CPTS: ref_clk_freq:250000000 calc_mult:2147483648 calc_shift:29 error:0 nsec/sec
[    0.795378] cpsw-switch 4a100000.switch: Detected MACID = 6c:ec:eb:68:de:78
[    0.797187] cpsw-switch 4a100000.switch: initialized (regs 0x4a100000, pool size 256) hw_ver:0019010C 1.12 (0)
[    0.808241] debugfs: Directory '49000000.dma' with parent 'dmaengine' already present!
[    0.808288] edma 49000000.dma: TI EDMA DMA engine driver
[    0.845648] target-module@4b000000:target-module@140000:pmu@0:fck: device ID is greater than 24
[    0.860032] hw perfevents: enabled with armv7_cortex_a8 PMU driver, 5 counters available
[    0.860917] gpio-clk clk_mcasp0: using DT '/clk_mcasp0' for 'enable' GPIO lookup
[    0.860989] of_get_named_gpiod_flags: parsed 'enable-gpios' property of node '/clk_mcasp0[0]' - status (0)
[    0.861036] gpio gpiochip0: Persistence not supported for GPIO 27
[    0.861842] gpiochip_find_base_unlocked: found new base at 608
[    0.861966] gpio gpiochip3: (gpio-96-127): created GPIO range 0->7 ==> 44e10800.pinmux PIN 82->89
[    0.861988] gpio gpiochip3: (gpio-96-127): created GPIO range 8->11 ==> 44e10800.pinmux PIN 52->55
[    0.862006] gpio gpiochip3: (gpio-96-127): created GPIO range 12->15 ==> 44e10800.pinmux PIN 94->97
[    0.862024] gpio gpiochip3: (gpio-96-127): created GPIO range 16->17 ==> 44e10800.pinmux PIN 71->72
[    0.862041] gpio gpiochip3: (gpio-96-127): created GPIO range 18->18 ==> 44e10800.pinmux PIN 135->135
[    0.862059] gpio gpiochip3: (gpio-96-127): created GPIO range 19->20 ==> 44e10800.pinmux PIN 108->109
[    0.862078] gpio gpiochip3: (gpio-96-127): created GPIO range 21->21 ==> 44e10800.pinmux PIN 73->73
[    0.862096] gpio gpiochip3: (gpio-96-127): created GPIO range 22->23 ==> 44e10800.pinmux PIN 8->9
[    0.862115] gpio gpiochip3: (gpio-96-127): created GPIO range 26->27 ==> 44e10800.pinmux PIN 10->11
[    0.862135] gpio gpiochip3: (gpio-96-127): created GPIO range 28->28 ==> 44e10800.pinmux PIN 74->74
[    0.862156] gpio gpiochip3: (gpio-96-127): created GPIO range 29->29 ==> 44e10800.pinmux PIN 81->81
[    0.862176] gpio gpiochip3: (gpio-96-127): created GPIO range 30->31 ==> 44e10800.pinmux PIN 28->29
[    0.868170] l3-aon-clkctrl:0000:0: failed to disable
[    0.880525] gpio gpiochip3: (gpio-96-127): added GPIO chardev (254:3)
[    0.880697] gpio gpiochip3: registered GPIOs 608 to 639 on gpio-96-127
[    0.882600] omap8250 44e09000.serial: using DT '/ocp/interconnect@44c00000/segment@200000/target-module@9000/serial@0' for 'rs485-term' GPIO lookup
[    0.882677] of_get_named_gpiod_flags: can't parse 'rs485-term-gpios' property of node '/ocp/interconnect@44c00000/segment@200000/target-module@9000/serial@0[0]'
[    0.882724] of_get_named_gpiod_flags: can't parse 'rs485-term-gpio' property of node '/ocp/interconnect@44c00000/segment@200000/target-module@9000/serial@0[0]'
[    0.882764] omap8250 44e09000.serial: using lookup tables for GPIO lookup
[    0.882775] omap8250 44e09000.serial: No GPIO consumer rs485-term found
[    0.882787] omap8250 44e09000.serial: using DT '/ocp/interconnect@44c00000/segment@200000/target-module@9000/serial@0' for 'rs485-rx-during-tx' GPIO lookup
[    0.882826] of_get_named_gpiod_flags: can't parse 'rs485-rx-during-tx-gpios' property of node '/ocp/interconnect@44c00000/segment@200000/target-module@9000/serial@0[0]'
[    0.882867] of_get_named_gpiod_flags: can't parse 'rs485-rx-during-tx-gpio' property of node '/ocp/interconnect@44c00000/segment@200000/target-module@9000/serial@0[0]'
[    0.882902] omap8250 44e09000.serial: using lookup tables for GPIO lookup
[    0.882911] omap8250 44e09000.serial: No GPIO consumer rs485-rx-during-tx found
[    0.883304] 44e09000.serial: ttyS0 at MMIO 0x44e09000 (irq = 34, base_baud = 3000000) is a 8250
[    0.883391] printk: legacy console [ttyS0] enabled
[    2.076316] i2c i2c-0: using DT '/ocp/interconnect@44c00000/segment@200000/target-module@b000/i2c@0' for 'scl' GPIO lookup
[    2.076406] of_get_named_gpiod_flags: can't parse 'scl-gpios' property of node '/ocp/interconnect@44c00000/segment@200000/target-module@b000/i2c@0[0]'
[    2.076455] of_get_named_gpiod_flags: can't parse 'scl-gpio' property of node '/ocp/interconnect@44c00000/segment@200000/target-module@b000/i2c@0[0]'
[    2.076498] i2c i2c-0: using lookup tables for GPIO lookup
[    2.076513] i2c i2c-0: No GPIO consumer scl found
[    2.076538] i2c i2c-0: using DT '/ocp/interconnect@44c00000/segment@200000/target-module@b000/i2c@0' for 'sda' GPIO lookup
[    2.076579] of_get_named_gpiod_flags: can't parse 'sda-gpios' property of node '/ocp/interconnect@44c00000/segment@200000/target-module@b000/i2c@0[0]'
[    2.076622] of_get_named_gpiod_flags: can't parse 'sda-gpio' property of node '/ocp/interconnect@44c00000/segment@200000/target-module@b000/i2c@0[0]'
[    2.076659] i2c i2c-0: using lookup tables for GPIO lookup
[    2.076670] i2c i2c-0: No GPIO consumer sda found
[    2.114343] tps65217-pmic: Failed to locate of_node [id: -1]
[    2.120431] tps65217-bl: Failed to locate of_node [id: -1]
[    2.154607] tps65217 0-0024: TPS65217 ID 0xe version 1.2
[    2.160638] platform 4830e000.lcdc: Fixed dependency cycle(s) with /ocp/interconnect@44c00000/segment@200000/target-module@b000/i2c@0/tda19988@70
[    2.174161] i2c 0-0070: Fixed dependency cycle(s) with /ocp/interconnect@48000000/segment@300000/target-module@e000/lcdc@0
[    2.185583] omap_i2c 44e0b000.i2c: bus 0 rev0.11 at 400 kHz
[    2.201068] sdhci-omap 48060000.mmc: using DT '/ocp/interconnect@48000000/segment@0/target-module@60000/mmc@0' for 'cd' GPIO lookup
[    2.201185] of_get_named_gpiod_flags: parsed 'cd-gpios' property of node '/ocp/interconnect@48000000/segment@0/target-module@60000/mmc@0[0]' - status (0)
[    2.201252] gpio gpiochip3: Persistence not supported for GPIO 6
[    2.201276] omap_gpio 44e07000.gpio: Could not set line 6 debounce to 200000 microseconds (-22)
[    2.210241] sdhci-omap 48060000.mmc: Got CD GPIO
[    2.214963] sdhci-omap 48060000.mmc: using DT '/ocp/interconnect@48000000/segment@0/target-module@60000/mmc@0' for 'wp' GPIO lookup
[    2.215018] of_get_named_gpiod_flags: can't parse 'wp-gpios' property of node '/ocp/interconnect@48000000/segment@0/target-module@60000/mmc@0[0]'
[    2.215065] of_get_named_gpiod_flags: can't parse 'wp-gpio' property of node '/ocp/interconnect@48000000/segment@0/target-module@60000/mmc@0[0]'
[    2.215105] sdhci-omap 48060000.mmc: using lookup tables for GPIO lookup
[    2.215120] sdhci-omap 48060000.mmc: No GPIO consumer wp found
[    2.215334] sdhci-omap 48060000.mmc: supply pbias not found, using dummy regulator
[    2.227320] sdhci-omap 481d8000.mmc: using DT '/ocp/interconnect@48000000/segment@100000/target-module@d8000/mmc@0' for 'wp' GPIO lookup
[    2.227413] of_get_named_gpiod_flags: can't parse 'wp-gpios' property of node '/ocp/interconnect@48000000/segment@100000/target-module@d8000/mmc@0[0]'
[    2.227463] of_get_named_gpiod_flags: can't parse 'wp-gpio' property of node '/ocp/interconnect@48000000/segment@100000/target-module@d8000/mmc@0[0]'
[    2.227506] sdhci-omap 481d8000.mmc: using lookup tables for GPIO lookup
[    2.227521] sdhci-omap 481d8000.mmc: No GPIO consumer wp found
[    2.228238] sdhci-omap 48060000.mmc: supply vqmmc not found, using dummy regulator
[    2.237352] sdhci-omap 481d8000.mmc: supply pbias not found, using dummy regulator
[    2.245807] sdhci-omap 481d8000.mmc: supply vqmmc not found, using dummy regulator
[    2.284640] mmc1: SDHCI controller on 481d8000.mmc [481d8000.mmc] using External DMA
[    2.292998] mmc0: SDHCI controller on 48060000.mmc [48060000.mmc] using External DMA
[    2.301876] cpsw-switch 4a100000.switch: starting ndev. mode: dual_mac
[    2.343225] mmc0: new high speed SDHC card at address 5048
[    2.350238] mmcblk0: mmc0:5048 SD16G 14.4 GiB
[    2.358117]  mmcblk0: p1 p2
[    2.361494] mmcblk0: p2 size 31221760 extends beyond EOD, truncated
[    2.375958] mmc1: new high speed MMC card at address 0001
[    2.382708] mmcblk1: mmc1:0001 MMC04G 3.60 GiB
[    2.390091]  mmcblk1: p1 p2
[    2.394492] mmcblk1boot0: mmc1:0001 MMC04G 2.00 MiB
[    2.401660] mmcblk1boot1: mmc1:0001 MMC04G 2.00 MiB
[    2.408943] mmcblk1rpmb: mmc1:0001 MMC04G 128 KiB, chardev (250:0)
[    2.415472] SMSC LAN8710/LAN8720 4a101000.mdio:00: attached PHY driver (mii_bus:phy_addr=4a101000.mdio:00, irq=POLL)
[    5.524782] cpsw-switch 4a100000.switch eth0: Link is Up - 100Mbps/Full - flow control off
[    5.574104] IP-Config: Complete:
[    5.577379]      device=eth0, hwaddr=6c:ec:eb:68:de:78, ipaddr=192.168.255.1, mask=255.255.255.0, gw=255.255.255.255
[    5.588023]      host=bbb1, domain=, nis-domain=(none)
[    5.593191]      bootserver=192.168.255.126, rootserver=192.168.255.126, rootpath=
[    5.593613] clk: Disabling unused clocks
[    5.605464] PM: genpd: Disabling unused power domains
[    5.610582] KTAP version 1
[    5.613304] 1..0
[    5.651338] VFS: Mounted root (nfs filesystem) on device 0:17.
[    5.658461] devtmpfs: mounted
[    5.663110] Freeing unused kernel image (initmem) memory: 1024K
[    5.669888] Run /sbin/init as init process
[    5.674086]   with arguments:
[    5.674101]     /sbin/init
[    5.674111]     nfsrootdebug
[    5.674120]   with environment:
[    5.674129]     HOME=/
[    5.674138]     TERM=linux
[    6.373504] systemd[1]: System time before build time, advancing clock.
[    7.834045] random: crng init done
[    7.905524] systemd[1]: systemd 232 running in system mode. (+PAM +AUDIT +SELINUX +IMA +APPARMOR +SMACK +SYSVINIT +UTMP +LIBCRYPTSETUP +GCRYPT +GNUTLS +ACL +XZ +LZ4 +SECCOMP +BLKID +ELFUTILS +KMOD +IDN)
[    7.924537] systemd[1]: Detected architecture arm.
[    7.967178] systemd[1]: Set hostname to <arm>.
[    9.086544] systemd[1]: Reached target Swap.
[    9.114929] systemd[1]: Started Dispatch Password Requests to Console Directory Watch.
[    9.154632] systemd[1]: Listening on udev Kernel Socket.
[    9.195917] systemd[1]: Listening on /dev/initctl Compatibility Named Pipe.
[    9.236025] systemd[1]: Listening on Journal Socket (/dev/log).
[    9.275609] systemd[1]: Created slice System Slice.
[    9.315388] systemd[1]: Created slice system-getty.slice.
[   11.374232] systemd-journald[95]: Received request to flush runtime journal from PID 1
[   14.075100] leds-gpio leds: using DT '/leds/led2' for '(default)' GPIO lookup
[   14.075202] of_get_named_gpiod_flags: parsed 'gpios' property of node '/leds/led2[0]' - status (0)
[   14.075261] gpio gpiochip0: Persistence not supported for GPIO 21
[   14.075278] gpio-533 (?): no flags found for GPIO (default)
[   14.128203] leds-gpio leds: using DT '/leds/led3' for '(default)' GPIO lookup
[   14.128314] of_get_named_gpiod_flags: parsed 'gpios' property of node '/leds/led3[0]' - status (0)
[   14.128538] gpio gpiochip0: Persistence not supported for GPIO 22
[   14.128563] gpio-534 (?): no flags found for GPIO (default)
[   14.164547] leds-gpio leds: using DT '/leds/led4' for '(default)' GPIO lookup
[   14.164646] of_get_named_gpiod_flags: parsed 'gpios' property of node '/leds/led4[0]' - status (0)
[   14.164698] gpio gpiochip0: Persistence not supported for GPIO 23
[   14.164714] gpio-535 (?): no flags found for GPIO (default)
[   14.205641] leds-gpio leds: using DT '/leds/led5' for '(default)' GPIO lookup
[   14.205951] of_get_named_gpiod_flags: parsed 'gpios' property of node '/leds/led5[0]' - status (0)
[   14.206013] gpio gpiochip0: Persistence not supported for GPIO 24
[   14.206029] gpio-536 (?): no flags found for GPIO (default)
[   14.708103] remoteproc remoteproc0: wkup_m3 is available
[   14.788678] am335x-phy-driver 47401300.usb-phy: using DT '/ocp/target-module@47400000/usb-phy@1300' for 'reset' GPIO lookup
[   14.788798] of_get_named_gpiod_flags: can't parse 'reset-gpios' property of node '/ocp/target-module@47400000/usb-phy@1300[0]'
[   14.788845] of_get_named_gpiod_flags: can't parse 'reset-gpio' property of node '/ocp/target-module@47400000/usb-phy@1300[0]'
[   14.788884] am335x-phy-driver 47401300.usb-phy: using lookup tables for GPIO lookup
[   14.788900] am335x-phy-driver 47401300.usb-phy: No GPIO consumer reset found
[   14.788914] am335x-phy-driver 47401300.usb-phy: using DT '/ocp/target-module@47400000/usb-phy@1300' for 'vbus-detect' GPIO lookup
[   14.788947] of_get_named_gpiod_flags: can't parse 'vbus-detect-gpios' property of node '/ocp/target-module@47400000/usb-phy@1300[0]'
[   14.788980] of_get_named_gpiod_flags: can't parse 'vbus-detect-gpio' property of node '/ocp/target-module@47400000/usb-phy@1300[0]'
[   14.789009] am335x-phy-driver 47401300.usb-phy: using lookup tables for GPIO lookup
[   14.789021] am335x-phy-driver 47401300.usb-phy: No GPIO consumer vbus-detect found
[   14.789166] am335x-phy-driver 47401300.usb-phy: dummy supplies not allowed for exclusive requests (id=vbus)
[   14.830141] usbcore: registered new interface driver usbfs
[   14.835982] usbcore: registered new interface driver hub
[   14.841429] usbcore: registered new device driver usb
[   15.248666] am335x-phy-driver 47401b00.usb-phy: using DT '/ocp/target-module@47400000/usb-phy@1b00' for 'reset' GPIO lookup
[   15.248758] of_get_named_gpiod_flags: can't parse 'reset-gpios' property of node '/ocp/target-module@47400000/usb-phy@1b00[0]'
[   15.248801] of_get_named_gpiod_flags: can't parse 'reset-gpio' property of node '/ocp/target-module@47400000/usb-phy@1b00[0]'
[   15.248840] am335x-phy-driver 47401b00.usb-phy: using lookup tables for GPIO lookup
[   15.248855] am335x-phy-driver 47401b00.usb-phy: No GPIO consumer reset found
[   15.248869] am335x-phy-driver 47401b00.usb-phy: using DT '/ocp/target-module@47400000/usb-phy@1b00' for 'vbus-detect' GPIO lookup
[   15.248902] of_get_named_gpiod_flags: can't parse 'vbus-detect-gpios' property of node '/ocp/target-module@47400000/usb-phy@1b00[0]'
[   15.248937] of_get_named_gpiod_flags: can't parse 'vbus-detect-gpio' property of node '/ocp/target-module@47400000/usb-phy@1b00[0]'
[   15.248964] am335x-phy-driver 47401b00.usb-phy: using lookup tables for GPIO lookup
[   15.248976] am335x-phy-driver 47401b00.usb-phy: No GPIO consumer vbus-detect found
[   15.249124] am335x-phy-driver 47401b00.usb-phy: dummy supplies not allowed for exclusive requests (id=vbus)
[   15.315822] at24 2-0054: supply vcc not found, using dummy regulator
[   15.469944] at24 2-0055: supply vcc not found, using dummy regulator
[   15.578954] musb-hdrc musb-hdrc.1: MUSB HDRC host driver
[   15.584512] musb-hdrc musb-hdrc.1: new USB bus registered, assigned bus number 1
[   15.624802] at24 2-0056: supply vcc not found, using dummy regulator
[   15.745701] at24 2-0057: supply vcc not found, using dummy regulator
[   15.777250] usb usb1: New USB device found, idVendor=1d6b, idProduct=0002, bcdDevice= 6.11
[   15.786646] usb usb1: New USB device strings: Mfr=3, Product=2, SerialNumber=1
[   15.794080] usb usb1: Product: MUSB HDRC host driver
[   15.799076] usb usb1: Manufacturer: Linux 6.11.4 musb-hcd
[   15.804540] usb usb1: SerialNumber: musb-hdrc.1
[   15.942456] at24 0-0050: using DT '/ocp/interconnect@44c00000/segment@200000/target-module@b000/i2c@0/baseboard_eeprom@50' for 'wp' GPIO lookup
[   15.942572] of_get_named_gpiod_flags: can't parse 'wp-gpios' property of node '/ocp/interconnect@44c00000/segment@200000/target-module@b000/i2c@0/baseboard_eeprom@50[0]'
[   15.942635] of_get_named_gpiod_flags: can't parse 'wp-gpio' property of node '/ocp/interconnect@44c00000/segment@200000/target-module@b000/i2c@0/baseboard_eeprom@50[0]'
[   15.942684] at24 0-0050: using lookup tables for GPIO lookup
[   15.942698] at24 0-0050: No GPIO consumer wp found
[   15.942994] at24 0-0050: 32768 byte 24c256 EEPROM, writable, 1 bytes/write
[   15.984453] hub 1-0:1.0: USB hub found
[   16.074492] hub 1-0:1.0: 1 port detected
[   16.139632] tps6521x_pwrbutton tps65217-pwrbutton: DMA mask not set
[   16.355721] input: tps65217_pwrbutton as /devices/platform/ocp/44c00000.interconnect/44c00000.interconnect:segment@200000/44e0b000.target-module/44e0b000.i2c/i2c-0/0-0024/tps65217-pwrbutton/input/input0
[   16.559520] wkup_m3_ipc 44e11324.wkup_m3_ipc: IPC Request for A8->M3 Channel failed! -517
[   16.823330] omap_wdt: OMAP Watchdog Timer Rev 0x01: initial timeout 60 sec
[   16.831941] wkup_m3_ipc 44e11324.wkup_m3_ipc: IPC Request for A8->M3 Channel failed! -517
[   17.015055] omap_rtc 44e3e000.rtc: registered as rtc0
[   17.020732] omap_rtc 44e3e000.rtc: setting system clock to 2000-01-01T00:00:00 UTC (946684800)
[   17.029544] omap_rtc 44e3e000.rtc: using DT '/ocp/interconnect@44c00000/segment@200000/target-module@3e000/rtc@0' for 'wp' GPIO lookup
[   17.029623] of_get_named_gpiod_flags: can't parse 'wp-gpios' property of node '/ocp/interconnect@44c00000/segment@200000/target-module@3e000/rtc@0[0]'
[   17.029675] of_get_named_gpiod_flags: can't parse 'wp-gpio' property of node '/ocp/interconnect@44c00000/segment@200000/target-module@3e000/rtc@0[0]'
[   17.029717] omap_rtc 44e3e000.rtc: using lookup tables for GPIO lookup
[   17.029732] omap_rtc 44e3e000.rtc: No GPIO consumer wp found
[   17.031393] wkup_m3_ipc 44e11324.wkup_m3_ipc: IPC Request for A8->M3 Channel failed! -517
[   17.744326] tda998x 0-0070: found TDA19988
[   17.889019] wkup_m3_ipc 44e11324.wkup_m3_ipc: IPC Request for A8->M3 Channel failed! -517
[   18.078787] omap-mailbox 480c8000.mailbox: omap mailbox rev 0x400
[   18.183741] remoteproc remoteproc0: powering up wkup_m3
