Labgrid Console Logfile for main
Logfile started at 2024-12-11 06:24:28.415708
=== Log starts here ===

U-Boot SPL 2014.04-00014-g47880f5 (Apr 22 2014 - 13:23:54)
reading args
spl_load_image_fat_os: error reading image args, err - -1
reading u-boot.img
reading u-boot.img


U-Boot 2014.04-00014-g47880f5 (Apr 22 2014 - 13:23:54)

I2C:   ready
DRAM:  512 MiB
NAND:  0 MiB
MMC:   OMAP SD/MMC: 0, OMAP SD/MMC: 1
*** Warning - readenv() failed, using default environment

Net:   <ethaddr> not set. Validating first E-fuse MAC
cpsw, usb_ether
Hit any key to stop autoboot:  1  0 
gpio: pin 53 (gpio 53) value is 1
mmc0 is current device
gpio: pin 54 (gpio 54) value is 1
SD/MMC found on device 0
reading uEnv.txt
569 bytes read in 4 ms (138.7 KiB/s)
gpio: pin 55 (gpio 55) value is 1
Loaded environment from uEnv.txt
Importing environment from mmc ...
Checking if uenvcmd is set ...
gpio: pin 56 (gpio 56) value is 1
Running uenvcmd ...
cpsw Waiting for PHY auto negotiation to complete. done
link up on port 0, speed 100, full duplex
Using cpsw device
TFTP from server 192.168.255.126; our IP address is 192.168.255.1
Filename 'zImage'.
Load address: 0x81000000
Loading: *T #################################################################
	 #################################################################
	 #################################################################
	 #################################################################
	 #################################################################
	 #####################################################
	 752.9 KiB/s
done
Bytes transferred = 5541976 (549058 hex)
link up on port 0, speed 100, full duplex
Using cpsw device
TFTP from server 192.168.255.126; our IP address is 192.168.255.1
Filename 'am335x-boneblack.dtb'.
Load address: 0x82000000
Loading: *#######
	 2.3 MiB/s
done
Bytes transferred = 98244 (17fc4 hex)
Kernel image @ 0x81000000 [ 0x000000 - 0x549058 ]
## Flattened Device Tree blob at 82000000
   Booting using the fdt blob at 0x82000000
   Using Device Tree in place at 82000000, end 8201afc3

Starting kernel ...

[    0.000000] Booting Linux on physical CPU 0x0
[    0.000000] Linux version 6.13.0-rc2-next-20241211 (user01@drvtest01) (arm-linux-gnueabihf-gcc (Linaro GCC 6.4-2017.11) 6.4.1 20171012, GNU ld (Linaro_Binutils-2017.11) 2.27.0.20161229) #154 SMP Wed Dec 11 06:23:44 EET 2024
[    0.000000] CPU: ARMv7 Processor [413fc082] revision 2 (ARMv7), cr=10c5387d
[    0.000000] CPU: PIPT / VIPT nonaliasing data cache, VIPT aliasing instruction cache
[    0.000000] OF: fdt: Machine model: TI AM335x BeagleBone Black
[    0.000000] Memory policy: Data cache writeback
[    0.000000] cma: Reserved 16 MiB at 0x9e800000 on node -1
[    0.000000] Zone ranges:
[    0.000000]   Normal   [mem 0x0000000080000000-0x000000009fdfffff]
[    0.000000]   HighMem  empty
[    0.000000] Movable zone start for each node
[    0.000000] Early memory node ranges
[    0.000000]   node   0: [mem 0x0000000080000000-0x000000009fdfffff]
[    0.000000] Initmem setup node 0 [mem 0x0000000080000000-0x000000009fdfffff]
[    0.000000] OF: reserved mem: Reserved memory: No reserved-memory node in the DT
[    0.000000] CPU: All CPU(s) started in SVC mode.
[    0.000000] AM335X ES2.1 (sgx neon)
[    0.000000] percpu: Embedded 17 pages/cpu s39628 r8192 d21812 u69632
[    0.000000] Kernel command line: console=ttyO0,115200n8 root=/dev/nfs rw nfsroot=192.168.255.126:/home/user01/nfs,nfsvers=3 ip=192.168.255.1:192.168.255.126::255.255.255.0:bbb1:eth0 nfsrootdebug
[    0.000000] Unknown kernel command line parameters "nfsrootdebug", will be passed to user space.
[    0.000000] printk: log buffer data + meta data: 65536 + 204800 = 270336 bytes
[    0.000000] Dentry cache hash table entries: 65536 (order: 6, 262144 bytes, linear)
[    0.000000] Inode-cache hash table entries: 32768 (order: 5, 131072 bytes, linear)
[    0.000000] Built 1 zonelists, mobility grouping on.  Total pages: 130560
[    0.000000] mem auto-init: stack:off, heap alloc:off, heap free:off
[    0.000000] SLUB: HWalign=64, Order=0-3, MinObjects=0, CPUs=1, Nodes=1
[    0.000000] trace event string verifier disabled
[    0.000000] rcu: Hierarchical RCU implementation.
[    0.000000] rcu: 	RCU event tracing is enabled.
[    0.000000] rcu: 	RCU restricting CPUs from NR_CPUS=2 to nr_cpu_ids=1.
[    0.000000] 	Tracing variant of Tasks RCU enabled.
[    0.000000] rcu: RCU calculated value of scheduler-enlistment delay is 10 jiffies.
[    0.000000] rcu: Adjusting geometry for rcu_fanout_leaf=16, nr_cpu_ids=1
[    0.000000] RCU Tasks Trace: Setting shift to 0 and lim to 1 rcu_task_cb_adjust=1 rcu_task_cpu_ids=1.
[    0.000000] NR_IRQS: 16, nr_irqs: 16, preallocated irqs: 16
[    0.000000] IRQ: Found an INTC at 0x(ptrval) (revision 5.0) with 128 interrupts
[    0.000000] rcu: srcu_init: Setting srcu_struct sizes based on contention.
[    0.000000] TI gptimer clocksource: always-on /ocp/interconnect@44c00000/segment@200000/target-module@31000
[    0.000003] sched_clock: 32 bits at 24MHz, resolution 41ns, wraps every 89478484971ns
[    0.000026] clocksource: dmtimer: mask: 0xffffffff max_cycles: 0xffffffff, max_idle_ns: 79635851949 ns
[    0.000503] TI gptimer clockevent: 24000000 Hz at /ocp/interconnect@48000000/segment@0/target-module@40000
[    0.002151] Console: colour dummy device 80x30
[    0.002215] WARNING: Your 'console=ttyO0' has been replaced by 'ttyS0'
[    0.002224] This ensures that you still see kernel messages. Please
[    0.002229] update your kernel commandline.
[    0.002273] Calibrating delay loop... 996.14 BogoMIPS (lpj=4980736)
[    0.090553] CPU: Testing write buffer coherency: ok
[    0.090675] CPU0: Spectre v2: using BPIALL workaround
[    0.090686] pid_max: default: 32768 minimum: 301
[    0.090805] LSM: initializing lsm=capability
[    0.090988] Mount-cache hash table entries: 1024 (order: 0, 4096 bytes, linear)
[    0.091009] Mountpoint-cache hash table entries: 1024 (order: 0, 4096 bytes, linear)
[    0.092689] CPU0: thread -1, cpu 0, socket -1, mpidr 0
[    0.160933] Setting up static identity map for 0x80100000 - 0x80100078
[    0.170700] rcu: Hierarchical SRCU implementation.
[    0.170713] rcu: 	Max phase no-delay instances is 1000.
[    0.190761] smp: Bringing up secondary CPUs ...
[    0.190821] smp: Brought up 1 node, 1 CPU
[    0.190837] SMP: Total of 1 processors activated (996.14 BogoMIPS).
[    0.190849] CPU: All CPU(s) started in SVC mode.
[    0.191033] Memory: 480840K/522240K available (11264K kernel code, 1215K rwdata, 2900K rodata, 1024K init, 296K bss, 23388K reserved, 16384K cma-reserved, 0K highmem)
[    0.191903] devtmpfs: initialized
[    0.208592] VFP support v0.3: implementor 41 architecture 3 part 30 variant c rev 3
[    0.208949] clocksource: jiffies: mask: 0xffffffff max_cycles: 0xffffffff, max_idle_ns: 19112604462750000 ns
[    0.208985] futex hash table entries: 256 (order: 2, 16384 bytes, linear)
[    0.210260] pinctrl core: initialized pinctrl subsystem
[    0.213291] NET: Registered PF_NETLINK/PF_ROUTE protocol family
[    0.216106] DMA: preallocated 256 KiB pool for atomic coherent allocations
[    0.217013] audit: initializing netlink subsys (disabled)
[    0.218480] thermal_sys: Registered thermal governor 'fair_share'
[    0.218498] thermal_sys: Registered thermal governor 'step_wise'
[    0.218509] thermal_sys: Registered thermal governor 'user_space'
[    0.218667] audit: type=2000 audit(0.210:1): state=initialized audit_enabled=0 res=1
[    0.218705] cpuidle: using governor menu
[    0.237138] /ocp/interconnect@44c00000/segment@200000/target-module@b000/i2c@0/tda19988@70: Fixed dependency cycle(s) with /ocp/interconnect@48000000/segment@300000/target-module@e000/lcdc@0
[    0.238314] /ocp/interconnect@48000000/segment@300000/target-module@e000/lcdc@0: Fixed dependency cycle(s) with /ocp/interconnect@44c00000/segment@200000/target-module@b000/i2c@0/tda19988@70
[    0.240521] No ATAGs?
[    0.240539] hw-breakpoint: debug architecture 0x4 unsupported.
[    0.243525] kprobes: kprobe jump-optimization is enabled. All kprobes are optimized if possible.
[    0.254170] iommu: Default domain type: Translated
[    0.254194] iommu: DMA domain TLB invalidation policy: strict mode
[    0.261903] SCSI subsystem initialized
[    0.262780] pps_core: LinuxPPS API ver. 1 registered
[    0.262790] pps_core: Software ver. 5.3.6 - Copyright 2005-2007 Rodolfo Giometti <giometti@linux.it>
[    0.262814] PTP clock support registered
[    0.271193] vgaarb: loaded
[    0.271609] clocksource: Switched to clocksource dmtimer
[    0.272280] VFS: Disk quotas dquot_6.6.0
[    0.272327] VFS: Dquot-cache hash table entries: 1024 (order 0, 4096 bytes)
[    0.296806] NET: Registered PF_INET protocol family
[    0.297166] IP idents hash table entries: 8192 (order: 4, 65536 bytes, linear)
[    0.298598] tcp_listen_portaddr_hash hash table entries: 512 (order: 0, 4096 bytes, linear)
[    0.298635] Table-perturb hash table entries: 65536 (order: 6, 262144 bytes, linear)
[    0.298655] TCP established hash table entries: 4096 (order: 2, 16384 bytes, linear)
[    0.298700] TCP bind hash table entries: 4096 (order: 4, 65536 bytes, linear)
[    0.298800] TCP: Hash tables configured (established 4096 bind 4096)
[    0.298921] UDP hash table entries: 256 (order: 1, 14336 bytes, linear)
[    0.298958] UDP-Lite hash table entries: 256 (order: 1, 14336 bytes, linear)
[    0.299151] NET: Registered PF_UNIX/PF_LOCAL protocol family
[    0.302532] RPC: Registered named UNIX socket transport module.
[    0.302558] RPC: Registered udp transport module.
[    0.302564] RPC: Registered tcp transport module.
[    0.302569] RPC: Registered tcp-with-tls transport module.
[    0.302574] RPC: Registered tcp NFSv4.1 backchannel transport module.
[    0.302601] PCI: CLS 0 bytes, default 64
[    0.304095] Initialise system trusted keyrings
[    0.312449] workingset: timestamp_bits=14 max_order=17 bucket_order=3
[    0.313793] NFS: Registering the id_resolver key type
[    0.313879] Key type id_resolver registered
[    0.313888] Key type id_legacy registered
[    0.313937] jffs2: version 2.2. (NAND) (SUMMARY)  Â© 2001-2006 Red Hat, Inc.
[    0.314352] Key type asymmetric registered
[    0.314367] Asymmetric key parser 'x509' registered
[    0.314434] io scheduler mq-deadline registered
[    0.314445] io scheduler kyber registered
[    0.314518] io scheduler bfq registered
[    0.316162] ledtrig-cpu: registered to indicate activity on CPUs
[    0.322552] Serial: 8250/16550 driver, 6 ports, IRQ sharing enabled
[    0.387810] brd: module loaded
[    0.396709] loop: module loaded
[    0.397647] mtdoops: mtd device (mtddev=name/number) must be supplied
[    0.400821] i2c_dev: i2c /dev entries driver
[    0.401983] cpuidle: enable-method property 'ti,am3352' found operations
[    0.402455] sdhci: Secure Digital Host Controller Interface driver
[    0.402465] sdhci: Copyright(c) Pierre Ossman
[    0.402638] sdhci-pltfm: SDHCI platform and OF driver helper
[    0.403663] Initializing XFRM netlink socket
[    0.403812] NET: Registered PF_INET6 protocol family
[    0.413828] Segment Routing with IPv6
[    0.413921] In-situ OAM (IOAM) with IPv6
[    0.414020] sit: IPv6, IPv4 and MPLS over IPv4 tunneling driver
[    0.414982] NET: Registered PF_PACKET protocol family
[    0.415017] NET: Registered PF_KEY protocol family
[    0.415161] Key type dns_resolver registered
[    0.415433] ThumbEE CPU extension supported.
[    0.415454] Registering SWP/SWPB emulation handler
[    0.415996] omap_voltage_late_init: Voltage driver support not added
[    0.416374] SmartReflex Class3 initialized
[    0.442843] Loading compiled-in X.509 certificates
[    0.491385] /ocp/interconnect@44c00000/segment@200000/target-module@b000/i2c@0/tda19988@70: Fixed dependency cycle(s) with /ocp/interconnect@48000000/segment@300000/target-module@e000/lcdc@0
[    0.498026] /ocp/interconnect@44c00000/segment@200000/target-module@b000/i2c@0/tda19988@70: Fixed dependency cycle(s) with /ocp/interconnect@48000000/segment@300000/target-module@e000/lcdc@0
[    0.542651] /ocp/interconnect@44c00000/segment@200000/target-module@b000/i2c@0/tda19988@70: Fixed dependency cycle(s) with /ocp/interconnect@48000000/segment@300000/target-module@e000/lcdc@0
[    0.543564] /ocp/interconnect@44c00000/segment@200000/target-module@b000/i2c@0/tda19988@70: Fixed dependency cycle(s) with /ocp/interconnect@48000000/segment@300000/target-module@e000/lcdc@0
[    0.547058] /ocp/interconnect@44c00000/segment@200000/target-module@10000/scm@0/pinmux@800: Fixed dependency cycle(s) with /ocp/interconnect@44c00000/segment@200000/target-module@10000/scm@0/pinmux@800/clkout2-pins
[    0.547631] pinctrl-single 44e10800.pinmux: 142 pins, size 568
[    0.553052] ti-sysc 44e31000.target-module: probe with driver ti-sysc failed with error -16
[    0.581080] /ocp/interconnect@48000000/segment@300000/target-module@e000/lcdc@0: Fixed dependency cycle(s) with /ocp/interconnect@44c00000/segment@200000/target-module@b000/i2c@0/tda19988@70
[    0.589169] ti-sysc 48040000.target-module: probe with driver ti-sysc failed with error -16
[    0.640785] OMAP GPIO hardware version 0.1
[    0.669052] omap_i2c 4819c000.i2c: bus 2 rev0.11 at 100 kHz
[    0.700894] 48000000.interconnect:segment@200000:target-module@0:mpu@0:fck: device ID is greater than 24
[    0.702049] /ocp/interconnect@48000000/segment@300000/target-module@e000/lcdc@0: Fixed dependency cycle(s) with /ocp/interconnect@44c00000/segment@200000/target-module@b000/i2c@0/tda19988@70
[    0.704897] /ocp/interconnect@48000000/segment@300000/target-module@e000/lcdc@0: Fixed dependency cycle(s) with /ocp/interconnect@44c00000/segment@200000/target-module@b000/i2c@0/tda19988@70
[    0.705606] /ocp/interconnect@44c00000/segment@200000/target-module@b000/i2c@0/tda19988 @70: Fixed dependency cycle(s) with /ocp/interconnect@48000000 /segment@300000/target-module@e000/lcdc@0
[    0.705787] /ocp/interconnect@48000000/segment@300000/target-module@e000/lcdc@0: Fixed dependency cycle(s) with /ocp/interconnect@44c00000/segment@200/i2c@0/tda19988@70
[    0.717264] sdhci-omap 481d8000.mmc: supply pbias not found, using dummy regulator
[    0.717761] sdhci-omap 481d8000.mmc: supply vqmmc not found, using dummy regulator
[    0.765993] davinci_mdio 4a101000.mdio: davinci mdio revision 1.6, bus freq 1000000
[    0.928835] davinci_mdio 4a101000.mdio: phy[0]: device 4a101000.mdio:00, driver SMSC LAN8710/LAN8720
[    0.929619] cpsw-switch 4a100000.switch: initialized cpsw ale version 1.4
[    0.929641] cpsw-switch 4a100000.switch: ALE Table size 1024, Policers 0
[    0.929799] cpsw-switch 4a100000.switch: cpts: overflow check period 500 (jiffies)
[    0.929816] cpsw-switch 4a100000.switch: CPTS: ref_clk_freq:250000000 calc_mult:2147483648 calc_shift:29 error:0 nsec/sec
[    0.929923] cpsw-switch 4a100000.switch: Detected MACID = 6c:ec:eb:68:de:78
[    0.931915] cpsw-switch 4a100000.switch: initialized (regs 0x4a100000, pool size 256) hw_ver:0019010C 1.12 (0)
[    0.942896] debugfs: Directory '49000000.dma' with parent 'dmaengine' already present!
[    0.942937] edma 49000000.dma: TI EDMA DMA engine driver
[    0.995237] target-module@4b000000:target-module@140000:pmu@0:fck: device ID is greater than 24
[    1.018692] hw perfevents: enabled with armv7_cortex_a8 PMU driver, 5 (8000000f) counters available
[    1.042304] l3-aon-clkctrl:0000:0: failed to disable
[    1.045169] 44e09000.serial: ttyS0 at MMIO 0x44e09000 (irq = 34, base_baud = 3000000) is a 8250
[    1.045257] printk: legacy console [ttyS0] enabled
[    2.502619] tps65217-pmic: Failed to locate of_node [id: -1]
[    2.508681] tps65217-bl: Failed to locate of_node [id: -1]
[    2.520248] tps65217 0-0024: TPS65217 ID 0xe version 1.2
[    2.526414] /ocp/interconnect@48000000/segment@300000/target-module@e000/lcdc@0: Fixed dependency cycle(s) with /ocp/interconnect@44c00000/segment@200000/target-module@b000/i2c@0/tda19988@70
[    2.543790] /ocp/interconnect@44c00000/segment@200000/target-module@b000/i2c@0/tda19988@70: Fixed dependency cycle(s) with /ocp/interconnect@48000000/segment@300000/target-module@e000/lcdc@0
[    2.561186] omap_i2c 44e0b000.i2c: bus 0 rev0.11 at 400 kHz
[    2.569250] omap_gpio 44e07000.gpio: Could not set line 6 debounce to 200000 microseconds (-22)
[    2.578130] sdhci-omap 48060000.mmc: Got CD GPIO
[    2.583203] sdhci-omap 48060000.mmc: supply pbias not found, using dummy regulator
[    2.593682] sdhci-omap 48060000.mmc: supply vqmmc not found, using dummy regulator
[    2.602521] sdhci-omap 481d8000.mmc: supply pbias not found, using dummy regulator
[    2.610525] sdhci-omap 481d8000.mmc: supply vqmmc not found, using dummy regulator
 [    2.647950] mmc0: SDHCI controller on 48060000.mmc [4806000 0.mmc] using External DMA
[    2.656306] mmc1: SDHCI controll er on 481d8000.mmc [481d8000.mmc] using External DMA
[    2.6 65182] cpsw-switch 4a100000.switch: starting ndev. mode: dual_ mac
[  
[    5.922380] cpsw-switch 4a100000.switch eth0: Link is Up - 100Mbps/Full - flow control off
[    5.951629] IP-Config: Complete:
[    5.954906]      device=eth0, hwaddr=6c:ec:eb:68:de:78, ipaddr=192.168.255.1, mask=255.255.255.0, gw=255.255.255.255
[    5.965554]      host=bbb1, domain=, nis-domain=(none)
[    5.970724]      bootserver=192.168.255.126, rootserver=192.168.255.126, rootpath=
[    5.971148] clk: Disabling unused clocks
[    5.983015] PM: genpd: Disabling unused power domains
[    5.988132] KTAP version 1
[    5.990856] 1..0
[    6.026631] VFS: Mounted root (nfs filesystem) on device 0:17.
[    6.033687] devtmpfs: mounted
[    6.038360] Freeing unused kernel image (initmem) memory: 1024K
[    6.045301] Run /sbin/init as init process
[    6.780843] systemd[1]: System time before build time, advancing clock.
[    8.221634] random: crng init done
[    8.262521] systemd[1]: systemd 232 running in system mode. (+PAM +AUDIT +SELINUX +IMA +APPARMOR +SMACK +SYSVINIT +UTMP +LIBCRYPTSETUP +GCRYPT +GNUTLS +ACL +XZ +LZ4 +SECCOMP +BLKID +ELFUTILS +KMOD +IDN)
[    8.281512] systemd[1]: Detected architecture arm.

Welcome to [1mDebian GNU/Linux 9 (stretch)[0m!

[    8.314823] systemd[1]: Set hostname to <arm>.
[    9.450741] systemd[1]: Listening on Syslog Socket.
[[0;32m  OK  [0m] Listening on Syslog Socket.
[    9.472461] systemd[1]: Started Forward Password Requests to Wall Directory Watch.
[[0;32m  OK  [0m] Started Forward Password Requests to Wall Directory Watch.
[    9.502298] systemd[1]: Listening on udev Kernel Socket.
[[0;32m  OK  [0m] Listening on udev Kernel Socket.
[    9.533676] systemd[1]: Listening on /dev/initctl Compatibility Named Pipe.
[[0;32m  OK  [0m] Listening on /dev/initctl Compatibility Named Pipe.
[    9.562559] systemd[1]: Started Dispatch Password Requests to Console Directory Watch.
[[0;32m  OK  [0m] Started Dispatch Password Requests to Console Directory Watch.
[    9.592651] systemd[1]: Listening on Journal Audit Socket.
[[0;32m  OK  [0m] Listening on Journal Audit Socket.
[    9.623205] systemd[1]: Created slice User and Session Slice.
[[0;32m  OK  [0m] Created slice User and Session Slice.
[[0;32m  OK  [0m] Listening on udev Control Socket.
[[0;32m  OK  [0m] Reached target Encrypted Volumes.
[[0;32m  OK  [0m] Listening on Journal Socket.
[[0;32m  OK  [0m] Listening on Journal Socket (/dev/log).
[[0;32m  OK  [0m] Reached target Remote File Systems.
[[0;32m  OK  [0m] Set up automount Arbitrary Executabâ€¦rmats File System Automount Point.
[[0;32m  OK  [0m] Reached target Swap.
[[0;32m  OK  [0m] Created slice System Slice.
         Starting Create list of required stâ€¦ce nodes for the current kernel...
         Mounting POSIX Message Queue File System...
[[0;32m  OK  [0m] Created slice system-serial\x2dgetty.slice.
[[0;32m  OK  [0m] Created slice system-getty.slice.
[[0;32m  OK  [0m] Reached target Slices.
         Starting Journal Service...
         Starting Remount Root and Kernel File Systems...
         Mounting Debug File System...
         Starting Load Kernel Modules...
[[0;32m  OK  [0m] Reached target Paths.
[[0;32m  OK  [0m] Mounted POSIX Message Queue File System.
[[0;32m  OK  [0m] Mounted Debug File System.
[[0;32m  OK  [0m] Started Create list of required staâ€¦vice nodes for the current kernel.
[[0;32m  OK  [0m] Started Remount Root and Kernel File Systems.
         Starting Load/Save Random Seed...
         Starting udev Coldplug all Devices...
         Starting Create Static Device Nodes in /dev...
[[0;32m  OK  [0m] Started Load Kernel Modules.
         Mounting Configuration File System...
         Starting Apply Kernel Variables...
[[0;32m  OK  [0m] Started Load/Save Random Seed.
[[0;32m  OK  [0m] Mounted Configuration File System.
[[0;32m  OK  [0m] Started Apply Kernel Variables.
[[0;32m  OK  [0m] Started Journal Service.
         Starting Flush Journal to Persistent Storage...
[[0;32m  OK  [0m] Started Create Static Device Nodes in /dev.
[[0;32m  OK  [0m] Reached target Local File Systems (Pre).
[[0;32m  OK  [0m] Reached target Local File Systems.
         Starting Raise network interfaces...
         Starting udev Kernel Device Manager...
[   11.704549] systemd-journald[87]: Received request to flush runtime journal from PID 1
[[0;32m  OK  [0m] Started Flush Journal to Persistent Storage.
         Starting Create Volatile Files and Directories...
[[0;32m  OK  [0m] Started udev Kernel Device Manager.
[[0;32m  OK  [0m] Started Create Volatile Files and Directories.
         Starting Network Time Synchronization...
         Starting Update UTMP about System Boot/Shutdown...
[[0;32m  OK  [0m] Started Update UTMP about System Boot/Shutdown.
[[0;32m  OK  [0m] Started udev Coldplug all Devices.
[[0;32m  OK  [0m] Started Network Time Synchronization.
[[0;32m  OK  [0m] Reached target System Initialization.
[[0;32m  OK  [0m] Started Daily Cleanup of Temporary Directories.
[[0;32m  OK  [0m] Listening on Avahi mDNS/DNS-SD Stack Activation Socket.
[   15.022146] remoteproc remoteproc0: wkup_m3 is available
[[0;32m  OK  [0m] Listening on D-Bus System Message Bus Socket.
[[0;32m  OK  [0m] Reached target Sockets.
[[0;32m  OK  [0m] Reached target Basic System.
[   15.151454] omap_rtc 44e3e000.rtc: registered as rtc0
[   15.156796] omap_rtc 44e3e000.rtc: setting system clock to 2000-01-01T00:00:00 UTC (946684800)
[   15.197531] omap_wdt: OMAP Watchdog Timer Rev 0x01: initial timeout 60 sec
         Starting Cape Manager Service...
[   15.317143] at24 2-0054: supply vcc not found, using dummy regulator
         Starting System Logging Service...
[   15.462301] at24 2-0055: supply vcc not found, using dummy regulator
         Starting LSB: Start busybox udhcpd at boot time...
[   15.620907] at24 2-0056: supply vcc not found, using dummy regulator
[   15.710022] at24 2-0057: supply vcc not found, using dummy regulator
[[0;32m  OK  [0m] Started D-Bus System Message Bus.
[   15.882509] at24 0-0050: 32768 byte 24c256 EEPROM, writable, 1 bytes/write
[   16.075662] tps6521x_pwrbutton tps65217-pwrbutton: DMA mask not set
[   16.109496] wkup_m3_ipc 44e11324.wkup_m3_ipc: IPC Request for A8->M3 Channel failed! -517
[   16.158908] input: tps65217_pwrbutton as /devices/platform/ocp/44c00000.interconnect/44c00000.interconnect:segment@200000/44e0b000.target-module/44e0b000.i2c/i2c-0/0-0024/tps65217-pwrbutton/input/input0
[   16.180238] wkup_m3_ipc 44e11324.wkup_m3_ipc: IPC Request for A8->M3 Channel failed! -517
[   16.313149] wkup_m3_ipc 44e11324.wkup_m3_ipc: IPC Request for A8->M3 Channel failed! -517
[   16.606755] am335x-phy-driver 47401300.usb-phy: dummy supplies not allowed for exclusive requests (id=vbus)
[   16.759898] am335x-phy-driver 47401b00.usb-phy: dummy supplies not allowed for exclusive requests (id=vbus)
[   16.771126] wkup_m3_ipc 44e11324.wkup_m3_ipc: IPC Request for A8->M3 Channel failed! -517
[   16.792436] usbcore: registered new interface driver usbfs
[   16.798072] usbcore: registered new interface driver hub
[   16.803673] usbcore: registered new device driver usb
[   16.963915] wkup_m3_ipc 44e11324.wkup_m3_ipc: IPC Request for A8->M3 Channel failed! -517
[   17.306377] tda998x 0-0070: found TDA19988
[   17.436220] wkup_m3_ipc 44e11324.wkup_m3_ipc: IPC Request for A8->M3 Channel failed! -517
[   17.565239] musb-hdrc musb-hdrc.1: MUSB HDRC host driver
[   17.570662] musb-hdrc musb-hdrc.1: new USB bus registered, assigned bus number 1
[   17.587662] wkup_m3_ipc 44e11324.wkup_m3_ipc: IPC Request for A8->M3 Channel failed! -517
[   17.843945] usb usb1: New USB device found, idVendor=1d6b, idProduct=0002, bcdDevice= 6.13
[   17.852480] usb usb1: New USB device strings: Mfr=3, Product=2, SerialNumber=1
[   17.859752] usb usb1: Product: MUSB HDRC host driver
[   17.864809] usb usb1: Manufacturer: Linux 6.13.0-rc2-next-20241211 musb-hcd
[   17.871841] usb usb1: SerialNumber: musb-hdrc.1
[   17.984612] omap-mailbox 480c8000.mailbox: omap mailbox rev 0x400
[   18.077620] remoteproc remoteproc0: powering up wkup_m3
[   18.203508] remoteproc remoteproc0: Direct firmware load for am335x-pm-firmware.elf failed with error -2
[   18.213301] remoteproc remoteproc0: request_firmware failed: -2
[   18.219267] wkup_m3_ipc 44e11324.wkup_m3_ipc: rproc_boot failed
[   18.265932] hub 1-0:1.0: USB hub found
[   18.334176] hub 1-0:1.0: 1 port detected
[   19.956558] omap_rng 48310000.rng: Random Number Generator ver. 20
         Starting Connection service...
[   20.200353] tilcdc 4830e000.lcdc: bound 0-0070 (ops tda998x_driver_exit [tda998x])
         Starting Login Service...[   20.286745] [drm] Initialized tilcdc 1.0.0 for 4830e000.lcdc on minor 0

         Starting Generic Board Startup...
[   20.380964] tilcdc 4830e000.lcdc: [drm] Cannot find any crtc or sizes
[   20.396712] tilcdc 4830e000.lcdc: [drm] Cannot find any crtc or sizes
         Starting LSB: Load kernel modules needed to enable cpufreq scaling...
         Starting Telephony service...
         Starting DUN service...
[[0;32m  OK  [0m] Started Regular background program processing daemon.
         Starting Avahi mDNS/DNS-SD Stack...
[[0;32m  OK  [0m] Reached target System Time Synchronized.
[   21.272171] omap-sham 53100000.sham: hw accel on OMAP rev 4.3
[[0;32m  OK  [0m] Started Daily apt download activities.
[   21.333939] PM: Cannot get wkup_m3_ipc handle
[[0;32m  OK  [0m] Started Daily apt upgrade and clean activities.
[[0;32m  OK  [0m] Reached target Timers.
[   21.452940] omap-sham 53100000.sham: will run requests pump with realtime priority
[   21.462151] PM: Cannot get wkup_m3_ipc handle
[[0;32m  OK  [0m] Started System Logging Service.
[   21.712946] omap-aes 53500000.aes: OMAP AES hw accel rev: 3.2
[[0;32m  OK  [0m] Started Cape Manager Service.
[   21.815720] omap-aes 53500000.aes: will run requests pump with realtime priority
[   21.853106] PM: Cannot get wkup_m3_ipc handle
[[0;32m  OK  [0m] Found device /dev/ttyS0.
[   23.966893] Bluetooth: Core ver 2.22
[   23.970708] NET: Registered PF_BLUETOOTH protocol family
[   23.976299] Bluetooth: HCI device and connection manager initialized
[   23.982796] Bluetooth: HCI socket layer initialized
[   23.987713] Bluetooth: L2CAP socket layer initialized
[   23.992860] Bluetooth: SCO socket layer initialized
[   25.234407] PM: Cannot get wkup_m3_ipc handle
[   25.355219] PM: Cannot get wkup_m3_ipc handle
[[0;32m  OK  [0m] Started LSB: Start busybox udhcpd at boot time.
[[0;32m  OK  [0m] Started Raise network interfaces.
[[0;32m  OK  [0m] Started LSB: Load kernel modules needed to enable cpufreq scaling.
[   29.221005] configfs-gadget.g_multi gadget.0: HOST MAC 1c:ba:8c:a2:ed:6c
[   29.228053] configfs-gadget.g_multi gadget.0: MAC 1c:ba:8c:a2:ed:70
[   29.235458] configfs-gadget.g_multi gadget.0: HOST MAC 1c:ba:8c:a2:ed:6c
[   29.242321] configfs-gadget.g_multi gadget.0: MAC 1c:ba:8c:a2:ed:6d
[   29.265595] PM: Cannot get wkup_m3_ipc handle
[[0;32m  OK  [0m] Started DUN service.
[[0;32m  OK  [0m] Started Telephony service.
[[0;32m  OK  [0m] Started Connection service.
[[0;32m  OK  [0m] Started Avahi mDNS/DNS-SD Stack.
[[0;32m  OK  [0m] Started Login Service.
[[0;32m  OK  [0m] Reached target Sound Card.
         Starting LSB: set CPUFreq kernel parameters...
[[0;32m  OK  [0m] Reached target Network.
         Starting OpenBSD Secure Shell server...
[[0;32m  OK  [0m] Reached target Network is Online.
         Starting LSB: Advanced IEEE 802.11 management daemon...
         Starting Permit User Sessions...
         Starting The Apache HTTP Server...
[[0;32m  OK  [0m] Started LSB: Advanced IEEE 802.11 management daemon.
[[0;32m  OK  [0m] Started Permit User Sessions.
         Starting Hostname Service...
[[0;32m  OK  [0m] Started Getty on tty1.
[[0;32m  OK  [0m] Started Serial Getty on ttyS0.
[[0;32m  OK  [0m] Reached target Login Prompts.
         Starting WPA supplicant...
[[0;32m  OK  [0m] Started LSB: set CPUFreq kernel parameters.
[[0;32m  OK  [0m] Started Hostname Service.
[[0;32m  OK  [0m] Started WPA supplicant.
[[0;32m  OK  [0m] Started OpenBSD Secure Shell server.
         Stopping LSB: Start busybox udhcpd at boot time...
[[0;32m  OK  [0m] Stopped LSB: Start busybox udhcpd at boot time.
[[0;32m  OK  [0m] Started The Apache HTTP Server.
         Starting dnsmasq - A lightweight DHCP and caching DNS server...
[[0;32m  OK  [0m] Started dnsmasq - A lightweight DHCP and caching DNS server.
[[0;32m  OK  [0m] Reached target Host and Network Name Lookups.
[[0;32m  OK  [0m] Started Serial Getty on ttyGS0.
[[0;32m  OK  [0m] Started Generic Board Startup.
[[0;32m  OK  [0m] Reached target Multi-User System.
[[0;32m  OK  [0m] Reached target Graphical Interface.
         Starting Update UTMP about System Runlevel Changes...
[[0;32m  OK  [0m] Started Update UTMP about System Runlevel Changes.

Debian GNU/Linux 9 arm ttyS0

default username:password is [debian:temppwd]

arm login: root
Password: 
Last login: Sat Jan  1 00:00:28 UTC 2000 on ttyS0
root
Linux arm 6.13.0-rc2-next-20241211 #154 SMP Wed Dec 11 06:23:44 EET 2024 armv7l

The programs included with the Debian GNU/Linux system are free software;
the exact distribution terms for each program are described in the
individual files in /usr/share/doc/*/copyright.

Debian GNU/Linux comes with ABSOLUTELY NO WARRANTY, to the extent
permitted by applicable law.
root@arm:~# root
-bash: root: command not found
root@arm:~# dmesg -n 1
root@arm:~# echo 'EXVX''MNTPCN'
EXVXMNTPCN
root@arm:~# run() { echo -n "$MARKER"; sh -c "$@"; echo "$MARKER $?"; }
root@arm:~# echo 'GYST''PVFWWY'
GYSTPVFWWY
root@arm:~# MARKER='WAGV''FWMECG' run 'cat /proc/version'
WAGVFWMECGLinux version 6.13.0-rc2-next-20241211 (user01@drvtest01) (arm-linux-gnueabihf-gcc (Linaro GCC 6.4-2017.11) 6.4.1 20171012, GNU ld (Linaro_Binutils-2017.11) 2.27.0.20161229) #154 SMP Wed Dec 11 06:23:44 EET 2024
WAGVFWMECG 0
root@arm:~# echo 'QELF''YJMYZB'
QELFYJMYZB
root@arm:~# MARKER='ZXUG''GFJXQX' run false
ZXUGGFJXQXZXUGGFJXQX 1
root@arm:~# Labgrid Console Logfile for main
Logfile started at 2024-12-11 06:25:29.816918
=== Log starts here ===

root@arm:~# run() { echo -n "$MARKER"; sh -c "$@"; echo "$MARKER $?"; }
root@arm:~# echo 'VKZX''HJNGZX'
VKZXHJNGZX
root@arm:~# MARKER='TNLC''NBCTYV' run dmesg
TNLCNBCTYV[    0.000000] Booting Linux on physical CPU 0x0
[    0.000000] Linux version 6.13.0-rc2-next-20241211 (user01@drvtest01) (arm-linux-gnueabihf-gcc (Linaro GCC 6.4-2017.11) 6.4.1 20171012, GNU ld (Linaro_Binutils-2017.11) 2.27.0.20161229) #154 SMP Wed Dec 11 06:23:44 EET 2024
[    0.000000] CPU: ARMv7 Processor [413fc082] revision 2 (ARMv7), cr=10c5387d
[    0.000000] CPU: PIPT / VIPT nonaliasing data cache, VIPT aliasing instruction cache
[    0.000000] OF: fdt: Machine model: TI AM335x BeagleBone Black
[    0.000000] Memory policy: Data cache writeback
[    0.000000] cma: Reserved 16 MiB at 0x9e800000 on node -1
[    0.000000] Zone ranges:
[    0.000000]   Normal   [mem 0x0000000080000000-0x000000009fdfffff]
[    0.000000]   HighMem  empty
[    0.000000] Movable zone start for each node
[    0.000000] Early memory node ranges
[    0.000000]   node   0: [mem 0x0000000080000000-0x000000009fdfffff]
[    0.000000] Initmem setup node 0 [mem 0x0000000080000000-0x000000009fdfffff]
[    0.000000] OF: reserved mem: Reserved memory: No reserved-memory node in the DT
[    0.000000] CPU: All CPU(s) started in SVC mode.
[    0.000000] AM335X ES2.1 (sgx neon)
[    0.000000] percpu: Embedded 17 pages/cpu s39628 r8192 d21812 u69632
[    0.000000] pcpu-alloc: s39628 r8192 d21812 u69632 alloc=17*4096
[    0.000000] pcpu-alloc: [0] 0 
[    0.000000] Kernel command line: console=ttyO0,115200n8 root=/dev/nfs rw nfsroot=192.168.255.126:/home/user01/nfs,nfsvers=3 ip=192.168.255.1:192.168.255.126::255.255.255.0:bbb1:eth0 nfsrootdebug
[    0.000000] Unknown kernel command line parameters "nfsrootdebug", will be passed to user space.
[    0.000000] printk: log buffer data + meta data: 65536 + 204800 = 270336 bytes
[    0.000000] Dentry cache hash table entries: 65536 (order: 6, 262144 bytes, linear)
[    0.000000] Inode-cache hash table entries: 32768 (order: 5, 131072 bytes, linear)
[    0.000000] Built 1 zonelists, mobility grouping on.  Total pages: 130560
[    0.000000] mem auto-init: stack:off, heap alloc:off, heap free:off
[    0.000000] SLUB: HWalign=64, Order=0-3, MinObjects=0, CPUs=1, Nodes=1
[    0.000000] trace event string verifier disabled
[    0.000000] rcu: Hierarchical RCU implementation.
[    0.000000] rcu: 	RCU event tracing is enabled.
[    0.000000] rcu: 	RCU restricting CPUs from NR_CPUS=2 to nr_cpu_ids=1.
[    0.000000] 	Tracing variant of Tasks RCU enabled.
[    0.000000] rcu: RCU calculated value of scheduler-enlistment delay is 10 jiffies.
[    0.000000] rcu: Adjusting geometry for rcu_fanout_leaf=16, nr_cpu_ids=1
[    0.000000] RCU Tasks Trace: Setting shift to 0 and lim to 1 rcu_task_cb_adjust=1 rcu_task_cpu_ids=1.
[    0.000000] NR_IRQS: 16, nr_irqs: 16, preallocated irqs: 16
[    0.000000] IRQ: Found an INTC at 0x(ptrval) (revision 5.0) with 128 interrupts
[    0.000000] rcu: srcu_init: Setting srcu_struct sizes based on contention.
[    0.000000] TI gptimer clocksource: always-on /ocp/interconnect@44c00000/segment@200000/target-module@31000
[    0.000003] sched_clock: 32 bits at 24MHz, resolution 41ns, wraps every 89478484971ns
[    0.000026] clocksource: dmtimer: mask: 0xffffffff max_cycles: 0xffffffff, max_idle_ns: 79635851949 ns
[    0.000503] TI gptimer clockevent: 24000000 Hz at /ocp/interconnect@48000000/segment@0/target-module@40000
[    0.002151] Console: colour dummy device 80x30
[    0.002215] WARNING: Your 'console=ttyO0' has been replaced by 'ttyS0'
[    0.002224] This ensures that you still see kernel messages. Please
[    0.002229] update your kernel commandline.
[    0.002273] Calibrating delay loop... 996.14 BogoMIPS (lpj=4980736)
[    0.090553] CPU: Testing write buffer coherency: ok
[    0.090675] CPU0: Spectre v2: using BPIALL workaround
[    0.090686] pid_max: default: 32768 minimum: 301
[    0.090805] LSM: initializing lsm=capability
[    0.090988] Mount-cache hash table entries: 1024 (order: 0, 4096 bytes, linear)
[    0.091009] Mountpoint-cache hash table entries: 1024 (order: 0, 4096 bytes, linear)
[    0.092689] CPU0: thread -1, cpu 0, socket -1, mpidr 0
[    0.160933] Setting up static identity map for 0x80100000 - 0x80100078
[    0.170700] rcu: Hierarchical SRCU implementation.
[    0.170713] rcu: 	Max phase no-delay instances is 1000.
[    0.190761] smp: Bringing up secondary CPUs ...
[    0.190821] smp: Brought up 1 node, 1 CPU
[    0.190837] SMP: Total of 1 processors activated (996.14 BogoMIPS).
[    0.190849] CPU: All CPU(s) started in SVC mode.
[    0.191033] Memory: 480840K/522240K available (11264K kernel code, 1215K rwdata, 2900K rodata, 1024K init, 296K bss, 23388K reserved, 16384K cma-reserved, 0K highmem)
[    0.191903] devtmpfs: initialized
[    0.208592] VFP support v0.3: implementor 41 architecture 3 part 30 variant c rev 3
[    0.208949] clocksource: jiffies: mask: 0xffffffff max_cycles: 0xffffffff, max_idle_ns: 19112604462750000 ns
[    0.208985] futex hash table entries: 256 (order: 2, 16384 bytes, linear)
[    0.210260] pinctrl core: initialized pinctrl subsystem
[    0.213291] NET: Registered PF_NETLINK/PF_ROUTE protocol family
[    0.216106] DMA: preallocated 256 KiB pool for atomic coherent allocations
[    0.217013] audit: initializing netlink subsys (disabled)
[    0.218480] thermal_sys: Registered thermal governor 'fair_share'
[    0.218498] thermal_sys: Registered thermal governor 'step_wise'
[    0.218509] thermal_sys: Registered thermal governor 'user_space'
[    0.218667] audit: type=2000 audit(0.210:1): state=initialized audit_enabled=0 res=1
[    0.218705] cpuidle: using governor menu
[    0.237138] /ocp/interconnect@44c00000/segment@200000/target-module@b000/i2c@0/tda19988@70: Fixed dependency cycle(s) with /ocp/interconnect@48000000/segment@300000/target-module@e000/lcdc@0
[    0.238314] /ocp/interconnect@48000000/segment@300000/target-module@e000/lcdc@0: Fixed dependency cycle(s) with /ocp/interconnect@44c00000/segment@200000/target-module@b000/i2c@0/tda19988@70
[    0.240521] No ATAGs?
[    0.240539] hw-breakpoint: debug architecture 0x4 unsupported.
[    0.243525] kprobes: kprobe jump-optimization is enabled. All kprobes are optimized if possible.
[    0.254170] iommu: Default domain type: Translated
[    0.254194] iommu: DMA domain TLB invalidation policy: strict mode
[    0.255877] reg-fixed-voltage fixedregulator0: using DT '/fixedregulator0' for '(default)' GPIO lookup
[    0.255935] of_get_named_gpiod_flags: can't parse 'gpios' property of node '/fixedregulator0[0]'
[    0.255965] of_get_named_gpiod_flags: can't parse 'gpio' property of node '/fixedregulator0[0]'
[    0.255984] reg-fixed-voltage fixedregulator0: using lookup tables for GPIO lookup
[    0.255995] reg-fixed-voltage fixedregulator0: No GPIO consumer (default) found
[    0.261903] SCSI subsystem initialized
[    0.262417] libata version 3.00 loaded.
[    0.262780] pps_core: LinuxPPS API ver. 1 registered
[    0.262790] pps_core: Software ver. 5.3.6 - Copyright 2005-2007 Rodolfo Giometti <giometti@linux.it>
[    0.262814] PTP clock support registered
[    0.271193] vgaarb: loaded
[    0.271609] clocksource: Switched to clocksource dmtimer
[    0.272280] VFS: Disk quotas dquot_6.6.0
[    0.272327] VFS: Dquot-cache hash table entries: 1024 (order 0, 4096 bytes)
[    0.296806] NET: Registered PF_INET protocol family
[    0.297166] IP idents hash table entries: 8192 (order: 4, 65536 bytes, linear)
[    0.298598] tcp_listen_portaddr_hash hash table entries: 512 (order: 0, 4096 bytes, linear)
[    0.298635] Table-perturb hash table entries: 65536 (order: 6, 262144 bytes, linear)
[    0.298655] TCP established hash table entries: 4096 (order: 2, 16384 bytes, linear)
[    0.298700] TCP bind hash table entries: 4096 (order: 4, 65536 bytes, linear)
[    0.298800] TCP: Hash tables configured (established 4096 bind 4096)
[    0.298921] UDP hash table entries: 256 (order: 1, 14336 bytes, linear)
[    0.298958] UDP-Lite hash table entries: 256 (order: 1, 14336 bytes, linear)
[    0.299151] NET: Registered PF_UNIX/PF_LOCAL protocol family
[    0.302532] RPC: Registered named UNIX socket transport module.
[    0.302558] RPC: Registered udp transport module.
[    0.302564] RPC: Registered tcp transport module.
[    0.302569] RPC: Registered tcp-with-tls transport module.
[    0.302574] RPC: Registered tcp NFSv4.1 backchannel transport module.
[    0.302601] PCI: CLS 0 bytes, default 64
[    0.304095] Initialise system trusted keyrings
[    0.312449] workingset: timestamp_bits=14 max_order=17 bucket_order=3
[    0.313793] NFS: Registering the id_resolver key type
[    0.313879] Key type id_resolver registered
[    0.313888] Key type id_legacy registered
[    0.313937] jffs2: version 2.2. (NAND) (SUMMARY)  Â© 2001-2006 Red Hat, Inc.
[    0.314352] Key type asymmetric registered
[    0.314367] Asymmetric key parser 'x509' registered
[    0.314434] io scheduler mq-deadline registered
[    0.314445] io scheduler kyber registered
[    0.314518] io scheduler bfq registered
[    0.316162] ledtrig-cpu: registered to indicate activity on CPUs
[    0.322552] Serial: 8250/16550 driver, 6 ports, IRQ sharing enabled
[    0.387810] brd: module loaded
[    0.396709] loop: module loaded
[    0.397647] mtdoops: mtd device (mtddev=name/number) must be supplied
[    0.399425] mdio_bus fixed-0: using lookup tables for GPIO lookup
[    0.399446] mdio_bus fixed-0: No GPIO consumer reset found
[    0.400821] i2c_dev: i2c /dev entries driver
[    0.401983] cpuidle: enable-method property 'ti,am3352' found operations
[    0.402455] sdhci: Secure Digital Host Controller Interface driver
[    0.402465] sdhci: Copyright(c) Pierre Ossman
[    0.402638] sdhci-pltfm: SDHCI platform and OF driver helper
[    0.403663] Initializing XFRM netlink socket
[    0.403812] NET: Registered PF_INET6 protocol family
[    0.413828] Segment Routing with IPv6
[    0.413921] In-situ OAM (IOAM) with IPv6
[    0.414020] sit: IPv6, IPv4 and MPLS over IPv4 tunneling driver
[    0.414982] NET: Registered PF_PACKET protocol family
[    0.415017] NET: Registered PF_KEY protocol family
[    0.415161] Key type dns_resolver registered
[    0.415433] ThumbEE CPU extension supported.
[    0.415454] Registering SWP/SWPB emulation handler
[    0.415996] omap_voltage_late_init: Voltage driver support not added
[    0.416374] SmartReflex Class3 initialized
[    0.442843] Loading compiled-in X.509 certificates
[    0.491385] /ocp/interconnect@44c00000/segment@200000/target-module@b000/i2c@0/tda19988@70: Fixed dependency cycle(s) with /ocp/interconnect@48000000/segment@300000/target-module@e000/lcdc@0
[    0.498026] /ocp/interconnect@44c00000/segment@200000/target-module@b000/i2c@0/tda19988@70: Fixed dependency cycle(s) with /ocp/interconnect@48000000/segment@300000/target-module@e000/lcdc@0
[    0.503845] gpiochip_find_base_unlocked: found new base at 512
[    0.542651] /ocp/interconnect@44c00000/segment@200000/target-module@b000/i2c@0/tda19988@70: Fixed dependency cycle(s) with /ocp/interconnect@48000000/segment@300000/target-module@e000/lcdc@0
[    0.543564] /ocp/interconnect@44c00000/segment@200000/target-module@b000/i2c@0/tda19988@70: Fixed dependency cycle(s) with /ocp/interconnect@48000000/segment@300000/target-module@e000/lcdc@0
[    0.547058] /ocp/interconnect@44c00000/segment@200000/target-module@10000/scm@0/pinmux@800: Fixed dependency cycle(s) with /ocp/interconnect@44c00000/segment@200000/target-module@10000/scm@0/pinmux@800/clkout2-pins
[    0.547631] pinctrl-single 44e10800.pinmux: 142 pins, size 568
[    0.553052] ti-sysc 44e31000.target-module: probe with driver ti-sysc failed with error -16
[    0.581080] /ocp/interconnect@48000000/segment@300000/target-module@e000/lcdc@0: Fixed dependency cycle(s) with /ocp/interconnect@44c00000/segment@200000/target-module@b000/i2c@0/tda19988@70
[    0.589169] ti-sysc 48040000.target-module: probe with driver ti-sysc failed with error -16
[    0.600479] gpiochip_find_base_unlocked: found new base at 512
[    0.600579] gpio gpiochip0: (gpio-0-31): created GPIO range 0->7 ==> 44e10800.pinmux PIN 0->7
[    0.600599] gpio gpiochip0: (gpio-0-31): created GPIO range 8->11 ==> 44e10800.pinmux PIN 90->93
[    0.600615] gpio gpiochip0: (gpio-0-31): created GPIO range 12->27 ==> 44e10800.pinmux PIN 12->27
[    0.600631] gpio gpiochip0: (gpio-0-31): created GPIO range 28->31 ==> 44e10800.pinmux PIN 30->33
[    0.640537] gpio gpiochip0: (gpio-0-31): added GPIO chardev (254:0)
[    0.640696] gpio gpiochip0: registered GPIOs 512 to 543 on gpio-0-31
[    0.640785] OMAP GPIO hardware version 0.1
[    0.668006] i2c i2c-2: using DT '/ocp/interconnect@48000000/segment@100000/target-module@9c000/i2c@0' for 'scl' GPIO lookup
[    0.668081] of_get_named_gpiod_flags: can't parse 'scl-gpios' property of node '/ocp/interconnect@48000000/segment@100000/target-module@9c000/i2c@0[0]'
[    0.668126] of_get_named_gpiod_flags: can't parse 'scl-gpio' property of node '/ocp/interconnect@48000000/segment@100000/target-module@9c000/i2c@0[0]'
[    0.668164] i2c i2c-2: using lookup tables for GPIO lookup
[    0.668175] i2c i2c-2: No GPIO consumer scl found
[    0.668197] i2c i2c-2: using DT '/ocp/interconnect@48000000/segment@100000/target-module@9c000/i2c@0' for 'sda' GPIO lookup
[    0.668234] of_get_named_gpiod_flags: can't parse 'sda-gpios' property of node '/ocp/interconnect@48000000/segment@100000/target-module@9c000/i2c@0[0]'
[    0.668272] of_get_named_gpiod_flags: can't parse 'sda-gpio' property of node '/ocp/interconnect@48000000/segment@100000/target-module@9c000/i2c@0[0]'
[    0.668305] i2c i2c-2: using lookup tables for GPIO lookup
[    0.668313] i2c i2c-2: No GPIO consumer sda found
[    0.669052] omap_i2c 4819c000.i2c: bus 2 rev0.11 at 100 kHz
[    0.674901] gpiochip_find_base_unlocked: found new base at 544
[    0.675008] gpio gpiochip1: (gpio-32-63): created GPIO range 0->17 ==> 44e10800.pinmux PIN 34->51
[    0.675029] gpio gpiochip1: (gpio-32-63): created GPIO range 18->21 ==> 44e10800.pinmux PIN 77->80
[    0.675047] gpio gpiochip1: (gpio-32-63): created GPIO range 22->31 ==> 44e10800.pinmux PIN 56->65
[    0.691974] gpio gpiochip1: (gpio-32-63): added GPIO chardev (254:1)
[    0.692134] gpio gpiochip1: registered GPIOs 544 to 575 on gpio-32-63
[    0.694411] gpiochip_find_base_unlocked: found new base at 576
[    0.694504] gpio gpiochip2: (gpio-64-95): created GPIO range 0->4 ==> 44e10800.pinmux PIN 66->70
[    0.694524] gpio gpiochip2: (gpio-64-95): created GPIO range 5->6 ==> 44e10800.pinmux PIN 98->99
[    0.694540] gpio gpiochip2: (gpio-64-95): created GPIO range 7->8 ==> 44e10800.pinmux PIN 75->76
[    0.694555] gpio gpiochip2: (gpio-64-95): created GPIO range 13->13 ==> 44e10800.pinmux PIN 141->141
[    0.694572] gpio gpiochip2: (gpio-64-95): created GPIO range 14->21 ==> 44e10800.pinmux PIN 100->107
[    0.695254] gpio gpiochip2: (gpio-64-95): added GPIO chardev (254:2)
[    0.695405] gpio gpiochip2: registered GPIOs 576 to 607 on gpio-64-95
[    0.700894] 48000000.interconnect:segment@200000:target-module@0:mpu@0:fck: device ID is greater than 24
[    0.702049] /ocp/interconnect@48000000/segment@300000/target-module@e000/lcdc@0: Fixed dependency cycle(s) with /ocp/interconnect@44c00000/segment@200000/target-module@b000/i2c@0/tda19988@70
[    0.704897] /ocp/interconnect@48000000/segment@300000/target-module@e000/lcdc@0: Fixed dependency cycle(s) with /ocp/interconnect@44c00000/segment@200000/target-module@b000/i2c@0/tda19988@70
[    0.705606] /ocp/interconnect@44c00000/segment@200000/target-module@b000/i2c@0/tda19988@70: Fixed dependency cycle(s) with /ocp/interconnect@48000000/segment@300000/target-module@e000/lcdc@0
[    0.705787] /ocp/interconnect@48000000/segment@300000/target-module@e000/lcdc@0: Fixed dependency cycle(s) with /ocp/interconnect@44c00000/segment@200000/target-module@b000/i2c@0/tda19988@70
[    0.715475] mdio_bus 4a101000.mdio: using DT '/ocp/interconnect@4a000000/segment@0/target-module@100000/switch@0/mdio@1000' for 'reset' GPIO lookup
[    0.715551] of_get_named_gpiod_flags: can't parse 'reset-gpios' property of node '/ocp/interconnect@4a000000/segment@0/target-module@100000/switch@0/mdio@1000[0]'
[    0.715602] of_get_named_gpiod_flags: can't parse 'reset-gpio' property of node '/ocp/interconnect@4a000000/segment@0/target-module@100000/switch@0/mdio@1000[0]'
[    0.715651] mdio_bus 4a101000.mdio: using lookup tables for GPIO lookup
[    0.715662] mdio_bus 4a101000.mdio: No GPIO consumer reset found
[    0.716916] sdhci-omap 481d8000.mmc: using DT '/ocp/interconnect@48000000/segment@100000/target-module@d8000/mmc@0' for 'wp' GPIO lookup
[    0.716980] of_get_named_gpiod_flags: can't parse 'wp-gpios' property of node '/ocp/interconnect@48000000/segment@100000/target-module@d8000/mmc@0[0]'
[    0.717024] of_get_named_gpiod_flags: can't parse 'wp-gpio' property of node '/ocp/interconnect@48000000/segment@100000/target-module@d8000/mmc@0[0]'
[    0.717060] sdhci-omap 481d8000.mmc: using lookup tables for GPIO lookup
[    0.717070] sdhci-omap 481d8000.mmc: No GPIO consumer wp found
[    0.717264] sdhci-omap 481d8000.mmc: supply pbias not found, using dummy regulator
[    0.717761] sdhci-omap 481d8000.mmc: supply vqmmc not found, using dummy regulator
[    0.765993] davinci_mdio 4a101000.mdio: davinci mdio revision 1.6, bus freq 1000000
[    0.783343] mdio_bus 4a101000.mdio:00: using DT '/ocp/interconnect@4a000000/segment@0/target-module@100000/switch@0/mdio@1000/ethernet-phy@0' for 'reset' GPIO lookup
[    0.783448] of_get_named_gpiod_flags: parsed 'reset-gpios' property of node '/ocp/interconnect@4a000000/segment@0/target-module@100000/switch@0/mdio@1000/ethernet-phy@0[0]' - status (0)
[    0.783611] gpio gpiochip0: Persistence not supported for GPIO 8
[    0.928835] davinci_mdio 4a101000.mdio: phy[0]: device 4a101000.mdio:00, driver SMSC LAN8710/LAN8720
[    0.929619] cpsw-switch 4a100000.switch: initialized cpsw ale version 1.4
[    0.929641] cpsw-switch 4a100000.switch: ALE Table size 1024, Policers 0
[    0.929799] cpsw-switch 4a100000.switch: cpts: overflow check period 500 (jiffies)
[    0.929816] cpsw-switch 4a100000.switch: CPTS: ref_clk_freq:250000000 calc_mult:2147483648 calc_shift:29 error:0 nsec/sec
[    0.929923] cpsw-switch 4a100000.switch: Detected MACID = 6c:ec:eb:68:de:78
[    0.931915] cpsw-switch 4a100000.switch: initialized (regs 0x4a100000, pool size 256) hw_ver:0019010C 1.12 (0)
[    0.942896] debugfs: Directory '49000000.dma' with parent 'dmaengine' already present!
[    0.942937] edma 49000000.dma: TI EDMA DMA engine driver
[    0.995237] target-module@4b000000:target-module@140000:pmu@0:fck: device ID is greater than 24
[    1.018692] hw perfevents: enabled with armv7_cortex_a8 PMU driver, 5 (8000000f) counters available
[    1.019660] gpio-clk clk_mcasp0: using DT '/clk_mcasp0' for 'enable' GPIO lookup
[    1.019730] of_get_named_gpiod_flags: parsed 'enable-gpios' property of node '/clk_mcasp0[0]' - status (0)
[    1.019774] gpio gpiochip0: Persistence not supported for GPIO 27
[    1.020582] gpiochip_find_base_unlocked: found new base at 608
[    1.020688] gpio gpiochip3: (gpio-96-127): created GPIO range 0->7 ==> 44e10800.pinmux PIN 82->89
[    1.020710] gpio gpiochip3: (gpio-96-127): created GPIO range 8->11 ==> 44e10800.pinmux PIN 52->55
[    1.020726] gpio gpiochip3: (gpio-96-127): created GPIO range 12->15 ==> 44e10800.pinmux PIN 94->97
[    1.020741] gpio gpiochip3: (gpio-96-127): created GPIO range 16->17 ==> 44e10800.pinmux PIN 71->72
[    1.020757] gpio gpiochip3: (gpio-96-127): created GPIO range 18->18 ==> 44e10800.pinmux PIN 135->135
[    1.020774] gpio gpiochip3: (gpio-96-127): created GPIO range 19->20 ==> 44e10800.pinmux PIN 108->109
[    1.020790] gpio gpiochip3: (gpio-96-127): created GPIO range 21->21 ==> 44e10800.pinmux PIN 73->73
[    1.020807] gpio gpiochip3: (gpio-96-127): created GPIO range 22->23 ==> 44e10800.pinmux PIN 8->9
[    1.020824] gpio gpiochip3: (gpio-96-127): created GPIO range 26->27 ==> 44e10800.pinmux PIN 10->11
[    1.020842] gpio gpiochip3: (gpio-96-127): created GPIO range 28->28 ==> 44e10800.pinmux PIN 74->74
[    1.020860] gpio gpiochip3: (gpio-96-127): created GPIO range 29->29 ==> 44e10800.pinmux PIN 81->81
[    1.020878] gpio gpiochip3: (gpio-96-127): created GPIO range 30->31 ==> 44e10800.pinmux PIN 28->29
[    1.042304] l3-aon-clkctrl:0000:0: failed to disable
[    1.042543] gpio gpiochip3: (gpio-96-127): added GPIO chardev (254:3)
[    1.042689] gpio gpiochip3: registered GPIOs 608 to 639 on gpio-96-127
[    1.044502] omap8250 44e09000.serial: using DT '/ocp/interconnect@44c00000/segment@200000/target-module@9000/serial@0' for 'rs485-term' GPIO lookup
[    1.044573] of_get_named_gpiod_flags: can't parse 'rs485-term-gpios' property of node '/ocp/interconnect@44c00000/segment@200000/target-module@9000/serial@0[0]'
[    1.044619] of_get_named_gpiod_flags: can't parse 'rs485-term-gpio' property of node '/ocp/interconnect@44c00000/segment@200000/target-module@9000/serial@0[0]'
[    1.044658] omap8250 44e09000.serial: using lookup tables for GPIO lookup
[    1.044668] omap8250 44e09000.serial: No GPIO consumer rs485-term found
[    1.044679] omap8250 44e09000.serial: using DT '/ocp/interconnect@44c00000/segment@200000/target-module@9000/serial@0' for 'rs485-rx-during-tx' GPIO lookup
[    1.044715] of_get_named_gpiod_flags: can't parse 'rs485-rx-during-tx-gpios' property of node '/ocp/interconnect@44c00000/segment@200000/target-module@9000/serial@0[0]'
[    1.044754] of_get_named_gpiod_flags: can't parse 'rs485-rx-during-tx-gpio' property of node '/ocp/interconnect@44c00000/segment@200000/target-module@9000/serial@0[0]'
[    1.044787] omap8250 44e09000.serial: using lookup tables for GPIO lookup
[    1.044795] omap8250 44e09000.serial: No GPIO consumer rs485-rx-during-tx found
[    1.045169] 44e09000.serial: ttyS0 at MMIO 0x44e09000 (irq = 34, base_baud = 3000000) is a 8250
[    1.045257] printk: legacy console [ttyS0] enabled
[    2.484491] i2c i2c-0: using DT '/ocp/interconnect@44c00000/segment@200000/target-module@b000/i2c@0' for 'scl' GPIO lookup
[    2.484585] of_get_named_gpiod_flags: can't parse 'scl-gpios' property of node '/ocp/interconnect@44c00000/segment@200000/target-module@b000/i2c@0[0]'
[    2.484634] of_get_named_gpiod_flags: can't parse 'scl-gpio' property of node '/ocp/interconnect@44c00000/segment@200000/target-module@b000/i2c@0[0]'
[    2.484675] i2c i2c-0: using lookup tables for GPIO lookup
[    2.484690] i2c i2c-0: No GPIO consumer scl found
[    2.484716] i2c i2c-0: using DT '/ocp/interconnect@44c00000/segment@200000/target-module@b000/i2c@0' for 'sda' GPIO lookup
[    2.484758] of_get_named_gpiod_flags: can't parse 'sda-gpios' property of node '/ocp/interconnect@44c00000/segment@200000/target-module@b000/i2c@0[0]'
[    2.484801] of_get_named_gpiod_flags: can't parse 'sda-gpio' property of node '/ocp/interconnect@44c00000/segment@200000/target-module@b000/i2c@0[0]'
[    2.484838] i2c i2c-0: using lookup tables for GPIO lookup
[    2.484851] i2c i2c-0: No GPIO consumer sda found
[    2.502619] tps65217-pmic: Failed to locate of_node [id: -1]
[    2.508681] tps65217-bl: Failed to locate of_node [id: -1]
[    2.520248] tps65217 0-0024: TPS65217 ID 0xe version 1.2
[    2.526414] /ocp/interconnect@48000000/segment@300000/target-module@e000/lcdc@0: Fixed dependency cycle(s) with /ocp/interconnect@44c00000/segment@200000/target-module@b000/i2c@0/tda19988@70
[    2.543790] /ocp/interconnect@44c00000/segment@200000/target-module@b000/i2c@0/tda19988@70: Fixed dependency cycle(s) with /ocp/interconnect@48000000/segment@300000/target-module@e000/lcdc@0
[    2.561186] omap_i2c 44e0b000.i2c: bus 0 rev0.11 at 400 kHz
[    2.569042] sdhci-omap 48060000.mmc: using DT '/ocp/interconnect@48000000/segment@0/target-module@60000/mmc@0' for 'cd' GPIO lookup
[    2.569157] of_get_named_gpiod_flags: parsed 'cd-gpios' property of node '/ocp/interconnect@48000000/segment@0/target-module@60000/mmc@0[0]' - status (0)
[    2.569224] gpio gpiochip3: Persistence not supported for GPIO 6
[    2.569250] omap_gpio 44e07000.gpio: Could not set line 6 debounce to 200000 microseconds (-22)
[    2.578130] sdhci-omap 48060000.mmc: Got CD GPIO
[    2.582813] sdhci-omap 48060000.mmc: using DT '/ocp/interconnect@48000000/segment@0/target-module@60000/mmc@0' for 'wp' GPIO lookup
[    2.582889] of_get_named_gpiod_flags: can't parse 'wp-gpios' property of node '/ocp/interconnect@48000000/segment@0/target-module@60000/mmc@0[0]'
[    2.582937] of_get_named_gpiod_flags: can't parse 'wp-gpio' property of node '/ocp/interconnect@48000000/segment@0/target-module@60000/mmc@0[0]'
[    2.582978] sdhci-omap 48060000.mmc: using lookup tables for GPIO lookup
[    2.582994] sdhci-omap 48060000.mmc: No GPIO consumer wp found
[    2.583203] sdhci-omap 48060000.mmc: supply pbias not found, using dummy regulator
[    2.591983] sdhci-omap 481d8000.mmc: using DT '/ocp/interconnect@48000000/segment@100000/target-module@d8000/mmc@0' for 'wp' GPIO lookup
[    2.592059] of_get_named_gpiod_flags: can't parse 'wp-gpios' property of node '/ocp/interconnect@48000000/segment@100000/target-module@d8000/mmc@0[0]'
[    2.592109] of_get_named_gpiod_flags: can't parse 'wp-gpio' property of node '/ocp/interconnect@48000000/segment@100000/target-module@d8000/mmc@0[0]'
[    2.592150] sdhci-omap 481d8000.mmc: using lookup tables for GPIO lookup
[    2.592163] sdhci-omap 481d8000.mmc: No GPIO consumer wp found
[    2.593682] sdhci-omap 48060000.mmc: supply vqmmc not found, using dummy regulator
[    2.602521] sdhci-omap 481d8000.mmc: supply pbias not found, using dummy regulator
[    2.610525] sdhci-omap 481d8000.mmc: supply vqmmc not found, using dummy regulator
[    2.647950] mmc0: SDHCI controller on 48060000.mmc [48060000.mmc] using External DMA
[    2.656306] mmc1: SDHCI controller on 481d8000.mmc [481d8000.mmc] using External DMA
[    2.665182] cpsw-switch 4a100000.switch: starting ndev. mode: dual_mac
[    2.710843] mmc0: new high speed SDHC card at address 5048
[    2.717939] mmcblk0: mmc0:5048 SD16G 14.4 GiB
[    2.726145]  mmcblk0: p1 p2
[    2.729559] mmcblk0: p2 size 31221760 extends beyond EOD, truncated
[    2.742857] SMSC LAN8710/LAN8720 4a101000.mdio:00: attached PHY driver (mii_bus:phy_addr=4a101000.mdio:00, irq=POLL)
[    2.755533] mmc1: new high speed MMC card at address 0001
[    2.762503] mmcblk1: mmc1:0001 MMC04G 3.60 GiB
[    2.774064]  mmcblk1: p1 p2
[    2.778383] mmcblk1boot0: mmc1:0001 MMC04G 2.00 MiB
[    2.785824] mmcblk1boot1: mmc1:0001 MMC04G 2.00 MiB
[    2.793273] mmcblk1rpmb: mmc1:0001 MMC04G 128 KiB, chardev (250:0)
[    5.922380] cpsw-switch 4a100000.switch eth0: Link is Up - 100Mbps/Full - flow control off
[    5.951629] IP-Config: Complete:
[    5.954906]      device=eth0, hwaddr=6c:ec:eb:68:de:78, ipaddr=192.168.255.1, mask=255.255.255.0, gw=255.255.255.255
[    5.965554]      host=bbb1, domain=, nis-domain=(none)
[    5.970724]      bootserver=192.168.255.126, rootserver=192.168.255.126, rootpath=
[    5.971148] clk: Disabling unused clocks
[    5.983015] PM: genpd: Disabling unused power domains
[    5.988132] KTAP version 1
[    5.990856] 1..0
[    6.026631] VFS: Mounted root (nfs filesystem) on device 0:17.
[    6.033687] devtmpfs: mounted
[    6.038360] Freeing unused kernel image (initmem) memory: 1024K
[    6.045301] Run /sbin/init as init process
[    6.049441]   with arguments:
[    6.049454]     /sbin/init
[    6.049464]     nfsrootdebug
[    6.049474]   with environment:
[    6.049483]     HOME=/
[    6.049493]     TERM=linux
[    6.780843] systemd[1]: System time before build time, advancing clock.
[    8.221634] random: crng init done
[    8.262521] systemd[1]: systemd 232 running in system mode. (+PAM +AUDIT +SELINUX +IMA +APPARMOR +SMACK +SYSVINIT +UTMP +LIBCRYPTSETUP +GCRYPT +GNUTLS +ACL +XZ +LZ4 +SECCOMP +BLKID +ELFUTILS +KMOD +IDN)
[    8.281512] systemd[1]: Detected architecture arm.
[    8.314823] systemd[1]: Set hostname to <arm>.
[    9.450741] systemd[1]: Listening on Syslog Socket.
[    9.472461] systemd[1]: Started Forward Password Requests to Wall Directory Watch.
[    9.502298] systemd[1]: Listening on udev Kernel Socket.
[    9.533676] systemd[1]: Listening on /dev/initctl Compatibility Named Pipe.
[    9.562559] systemd[1]: Started Dispatch Password Requests to Console Directory Watch.
[    9.592651] systemd[1]: Listening on Journal Audit Socket.
[    9.623205] systemd[1]: Created slice User and Session Slice.
[   11.704549] systemd-journald[87]: Received request to flush runtime journal from PID 1
[   14.617972] leds-gpio leds: using DT '/leds/led2' for '(default)' GPIO lookup
[   14.618081] of_get_named_gpiod_flags: parsed 'gpios' property of node '/leds/led2[0]' - status (0)
[   14.618141] gpio gpiochip0: Persistence not supported for GPIO 21
[   14.618156] gpio-533 (?): no flags found for GPIO (default)
[   14.703647] leds-gpio leds: using DT '/leds/led3' for '(default)' GPIO lookup
[   14.703761] of_get_named_gpiod_flags: parsed 'gpios' property of node '/leds/led3[0]' - status (0)
[   14.703820] gpio gpiochip0: Persistence not supported for GPIO 22
[   14.703835] gpio-534 (?): no flags found for GPIO (default)
[   14.751992] leds-gpio leds: using DT '/leds/led4' for '(default)' GPIO lookup
[   14.752092] of_get_named_gpiod_flags: parsed 'gpios' property of node '/leds/led4[0]' - status (0)
[   14.752144] gpio gpiochip0: Persistence not supported for GPIO 23
[   14.752159] gpio-535 (?): no flags found for GPIO (default)
[   14.782119] leds-gpio leds: using DT '/leds/led5' for '(default)' GPIO lookup
[   14.782219] of_get_named_gpiod_flags: parsed 'gpios' property of node '/leds/led5[0]' - status (0)
[   14.782274] gpio gpiochip0: Persistence not supported for GPIO 24
[   14.782290] gpio-536 (?): no flags found for GPIO (default)
[   15.022146] remoteproc remoteproc0: wkup_m3 is available
[   15.151454] omap_rtc 44e3e000.rtc: registered as rtc0
[   15.156796] omap_rtc 44e3e000.rtc: setting system clock to 2000-01-01T00:00:00 UTC (946684800)
[   15.165549] omap_rtc 44e3e000.rtc: using DT '/ocp/interconnect@44c00000/segment@200000/target-module@3e000/rtc@0' for 'wp' GPIO lookup
[   15.165649] of_get_named_gpiod_flags: can't parse 'wp-gpios' property of node '/ocp/interconnect@44c00000/segment@200000/target-module@3e000/rtc@0[0]'
[   15.165704] of_get_named_gpiod_flags: can't parse 'wp-gpio' property of node '/ocp/interconnect@44c00000/segment@200000/target-module@3e000/rtc@0[0]'
[   15.165747] omap_rtc 44e3e000.rtc: using lookup tables for GPIO lookup
[   15.165762] omap_rtc 44e3e000.rtc: No GPIO consumer wp found
[   15.197531] omap_wdt: OMAP Watchdog Timer Rev 0x01: initial timeout 60 sec
[   15.317143] at24 2-0054: supply vcc not found, using dummy regulator
[   15.462301] at24 2-0055: supply vcc not found, using dummy regulator
[   15.620907] at24 2-0056: supply vcc not found, using dummy regulator
[   15.710022] at24 2-0057: supply vcc not found, using dummy regulator
[   15.881905] at24 0-0050: using DT '/ocp/interconnect@44c00000/segment@200000/target-module@b000/i2c@0/eeprom@50' for 'wp' GPIO lookup
[   15.882035] of_get_named_gpiod_flags: can't parse 'wp-gpios' property of node '/ocp/interconnect@44c00000/segment@200000/target-module@b000/i2c@0/eeprom@50[0]'
[   15.882102] of_get_named_gpiod_flags: can't parse 'wp-gpio' property of node '/ocp/interconnect@44c00000/segment@200000/target-module@b000/i2c@0/eeprom@50[0]'
[   15.882151] at24 0-0050: using lookup tables for GPIO lookup
[   15.882167] at24 0-0050: No GPIO consumer wp found
[   15.882509] at24 0-0050: 32768 byte 24c256 EEPROM, writable, 1 bytes/write
[   16.075662] tps6521x_pwrbutton tps65217-pwrbutton: DMA mask not set
[   16.109496] wkup_m3_ipc 44e11324.wkup_m3_ipc: IPC Request for A8->M3 Channel failed! -517
[   16.158908] input: tps65217_pwrbutton as /devices/platform/ocp/44c00000.interconnect/44c00000.interconnect:segment@200000/44e0b000.target-module/44e0b000.i2c/i2c-0/0-0024/tps65217-pwrbutton/input/input0
[   16.180238] wkup_m3_ipc 44e11324.wkup_m3_ipc: IPC Request for A8->M3 Channel failed! -517
[   16.313149] wkup_m3_ipc 44e11324.wkup_m3_ipc: IPC Request for A8->M3 Channel failed! -517
[   16.606277] am335x-phy-driver 47401300.usb-phy: using DT '/ocp/target-module@47400000/usb-phy@1300' for 'reset' GPIO lookup
[   16.606375] of_get_named_gpiod_flags: can't parse 'reset-gpios' property of node '/ocp/target-module@47400000/usb-phy@1300[0]'
[   16.606423] of_get_named_gpiod_flags: can't parse 'reset-gpio' property of node '/ocp/target-module@47400000/usb-phy@1300[0]'
[   16.606464] am335x-phy-driver 47401300.usb-phy: using lookup tables for GPIO lookup
[   16.606480] am335x-phy-driver 47401300.usb-phy: No GPIO consumer reset found
[   16.606497] am335x-phy-driver 47401300.usb-phy: using DT '/ocp/target-module@47400000/usb-phy@1300' for 'vbus-detect' GPIO lookup
[   16.606530] of_get_named_gpiod_flags: can't parse 'vbus-detect-gpios' property of node '/ocp/target-module@47400000/usb-phy@1300[0]'
[   16.606563] of_get_named_gpiod_flags: can't parse 'vbus-detect-gpio' property of node '/ocp/target-module@47400000/usb-phy@1300[0]'
[   16.606592] am335x-phy-driver 47401300.usb-phy: using lookup tables for GPIO lookup
[   16.606604] am335x-phy-driver 47401300.usb-phy: No GPIO consumer vbus-detect found
[   16.606755] am335x-phy-driver 47401300.usb-phy: dummy supplies not allowed for exclusive requests (id=vbus)
[   16.759426] am335x-phy-driver 47401b00.usb-phy: using DT '/ocp/target-module@47400000/usb-phy@1b00' for 'reset' GPIO lookup
[   16.759521] of_get_named_gpiod_flags: can't parse 'reset-gpios' property of node '/ocp/target-module@47400000/usb-phy@1b00[0]'
[   16.759569] of_get_named_gpiod_flags: can't parse 'reset-gpio' property of node '/ocp/target-module@47400000/usb-phy@1b00[0]'
[   16.759608] am335x-phy-driver 47401b00.usb-phy: using lookup tables for GPIO lookup
[   16.759624] am335x-phy-driver 47401b00.usb-phy: No GPIO consumer reset found
[   16.759641] am335x-phy-driver 47401b00.usb-phy: using DT '/ocp/target-module@47400000/usb-phy@1b00' for 'vbus-detect' GPIO lookup
[   16.759673] of_get_named_gpiod_flags: can't parse 'vbus-detect-gpios' property of node '/ocp/target-module@47400000/usb-phy@1b00[0]'
[   16.759706] of_get_named_gpiod_flags: can't parse 'vbus-detect-gpio' property of node '/ocp/target-module@47400000/usb-phy@1b00[0]'
[   16.759734] am335x-phy-driver 47401b00.usb-phy: using lookup tables for GPIO lookup
[   16.759747] am335x-phy-driver 47401b00.usb-phy: No GPIO consumer vbus-detect found
[   16.759898] am335x-phy-driver 47401b00.usb-phy: dummy supplies not allowed for exclusive requests (id=vbus)
[   16.771126] wkup_m3_ipc 44e11324.wkup_m3_ipc: IPC Request for A8->M3 Channel failed! -517
[   16.792436] usbcore: registered new interface driver usbfs
[   16.798072] usbcore: registered new interface driver hub
[   16.803673] usbcore: registered new device driver usb
[   16.963915] wkup_m3_ipc 44e11324.wkup_m3_ipc: IPC Request for A8->M3 Channel failed! -517
[   17.306377] tda998x 0-0070: found TDA19988
[   17.436220] wkup_m3_ipc 44e11324.wkup_m3_ipc: IPC Request for A8->M3 Channel failed! -517
[   17.565239] musb-hdrc musb-hdrc.1: MUSB HDRC host driver
[   17.570662] musb-hdrc musb-hdrc.1: new USB bus registered, assigned bus number 1
[   17.587662] wkup_m3_ipc 44e11324.wkup_m3_ipc: IPC Request for A8->M3 Channel failed! -517
[   17.843945] usb usb1: New USB device found, idVendor=1d6b, idProduct=0002, bcdDevice= 6.13
[   17.852480] usb usb1: New USB device strings: Mfr=3, Product=2, SerialNumber=1
[   17.859752] usb usb1: Product: MUSB HDRC host driver
[   17.864809] usb usb1: Manufacturer: Linux 6.13.0-rc2-next-20241211 musb-hcd
[   17.871841] usb usb1: SerialNumber: musb-hdrc.1
[   17.984612] omap-mailbox 480c8000.mailbox: omap mailbox rev 0x400
[   18.077620] remoteproc remoteproc0: powering up wkup_m3
[   18.203508] remoteproc remoteproc0: Direct firmware load for am335x-pm-firmware.elf failed with error -2
[   18.213301] remoteproc remoteproc0: request_firmware failed: -2
[   18.219267] wkup_m3_ipc 44e11324.wkup_m3_ipc: rproc_boot failed
[   18.265932] hub 1-0:1.0: USB hub found
[   18.334176] hub 1-0:1.0: 1 port detected
[   19.956558] omap_rng 48310000.rng: Random Number Generator ver. 20
[   20.200353] tilcdc 4830e000.lcdc: bound 0-0070 (ops tda998x_driver_exit [tda998x])
[   20.286745] [drm] Initialized tilcdc 1.0.0 for 4830e000.lcdc on minor 0
[   20.380964] tilcdc 4830e000.lcdc: [drm] Cannot find any crtc or sizes
[   20.396712] tilcdc 4830e000.lcdc: [drm] Cannot find any crtc or sizes
[   21.272171] omap-sham 53100000.sham: hw accel on OMAP rev 4.3
[   21.333939] PM: Cannot get wkup_m3_ipc handle
[   21.452940] omap-sham 53100000.sham: will run requests pump with realtime priority
[   21.462151] PM: Cannot get wkup_m3_ipc handle
[   21.712946] omap-aes 53500000.aes: OMAP AES hw accel rev: 3.2
[   21.815720] omap-aes 53500000.aes: will run requests pump with realtime priority
[   21.853106] PM: Cannot get wkup_m3_ipc handle
[   23.966893] Bluetooth: Core ver 2.22
[   23.970708] NET: Registered PF_BLUETOOTH protocol family
[   23.976299] Bluetooth: HCI device and connection manager initialized
[   23.982796] Bluetooth: HCI socket layer initialized
[   23.987713] Bluetooth: L2CAP socket layer initialized
[   23.992860] Bluetooth: SCO socket layer initialized
[   25.234407] PM: Cannot get wkup_m3_ipc handle
[   25.240381] asoc-simple-card sound: using DT '/sound' for 'simple-audio-card,hp-det' GPIO lookup
[   25.240461] of_get_named_gpiod_flags: can't parse 'simple-audio-card,hp-det-gpios' property of node '/sound[0]'
[   25.240499] of_get_named_gpiod_flags: can't parse 'simple-audio-card,hp-det-gpio' property of node '/sound[0]'
[   25.240525] asoc-simple-card sound: using lookup tables for GPIO lookup
[   25.240540] asoc-simple-card sound: No GPIO consumer simple-audio-card,hp-det found
[   25.240556] asoc-simple-card sound: using DT '/sound' for 'simple-audio-card,mic-det' GPIO lookup
[   25.240581] of_get_named_gpiod_flags: can't parse 'simple-audio-card,mic-det-gpios' property of node '/sound[0]'
[   25.240608] of_get_named_gpiod_flags: can't parse 'simple-audio-card,mic-det-gpio' property of node '/sound[0]'
[   25.240628] asoc-simple-card sound: using lookup tables for GPIO lookup
[   25.240641] asoc-simple-card sound: No GPIO consumer simple-audio-card,mic-det found
[   25.355219] PM: Cannot get wkup_m3_ipc handle
[   28.968789] userial_init: registered 8 ttyGS* devices
[   29.156043] rndis_register: configNr = 0
[   29.219757] udc musb-hdrc.0: binding gadget driver [g_multi]
[   29.219859] configfs-gadget.g_multi gadget.0: adding 'rndis'/4ae9ec22 to config 'c'/5d896016
[   29.221005] configfs-gadget.g_multi gadget.0: HOST MAC 1c:ba:8c:a2:ed:6c
[   29.228053] configfs-gadget.g_multi gadget.0: MAC 1c:ba:8c:a2:ed:70
[   29.234502] rndis_set_param_medium: 0 0
[   29.234528] configfs-gadget.g_multi gadget.0: RNDIS: IN/ep1in OUT/ep1out NOTIFY/ep2in
[   29.234546] configfs-gadget.g_multi gadget.0: adding 'cdc_ethernet'/11dbcf2a to config 'c'/5d896016
[   29.235458] configfs-gadget.g_multi gadget.0: HOST MAC 1c:ba:8c:a2:ed:6c
[   29.242321] configfs-gadget.g_multi gadget.0: MAC 1c:ba:8c:a2:ed:6d
[   29.248662] configfs-gadget.g_multi gadget.0: CDC Ethernet: IN/ep3in OUT/ep2out NOTIFY/ep4in
[   29.248680] configfs-gadget.g_multi gadget.0: adding 'acm'/26a0e063 to config 'c'/5d896016
[   29.248719] configfs-gadget.g_multi gadget.0: acm ttyGS0: IN/ep5in OUT/ep3out NOTIFY/ep6in
[   29.265595] PM: Cannot get wkup_m3_ipc handle
[   31.410760] configfs-gadget.g_multi gadget.0: eth_open
[   35.451483] gs_open: ttyGS0 (6d161b0f,fb29fbef)
[   35.456261] gs_close: ttyGS0 (6d161b0f,fb29fbef) ...
[   35.456330] gs_close: ttyGS0 (6d161b0f,fb29fbef) done!
[   35.456630] gs_open: ttyGS0 (8db1776a,1b8e19c2)
[   35.456729] gs_close: ttyGS0 (8db1776a,1b8e19c2) ...
[   35.456751] gs_close: ttyGS0 (8db1776a,1b8e19c2) done!
[   35.618047] gs_open: ttyGS0 (8db1776a,a7a06772)
[   35.618299] gs_close: ttyGS0 (8db1776a,a7a06772) ...
[   35.618330] gs_close: ttyGS0 (8db1776a,a7a06772) done!
[   35.621270] gs_open: ttyGS0 (8db1776a,874ccbc3)
TNLCNBCTYV 0
root@arm:~# echo 'HACT''WEGZJB'
HACTWEGZJB
root@arm:~# MARKER='CMCQ''OYOOWG' run 'modprobe test_linear_ranges'
CMCQOYOOWGCMCQOYOOWG 0
root@arm:~# echo 'LJWV''HNZVZA'
LJWVHNZVZA
root@arm:~# MARKER='XVCG''APHBLL' run dmesg
XVCGAPHBLL[    0.000000] Booting Linux on physical CPU 0x0
[    0.000000] Linux version 6.13.0-rc2-next-20241211 (user01@drvtest01) (arm-linux-gnueabihf-gcc (Linaro GCC 6.4-2017.11) 6.4.1 20171012, GNU ld (Linaro_Binutils-2017.11) 2.27.0.20161229) #154 SMP Wed Dec 11 06:23:44 EET 2024
[    0.000000] CPU: ARMv7 Processor [413fc082] revision 2 (ARMv7), cr=10c5387d
[    0.000000] CPU: PIPT / VIPT nonaliasing data cache, VIPT aliasing instruction cache
[    0.000000] OF: fdt: Machine model: TI AM335x BeagleBone Black
[    0.000000] Memory policy: Data cache writeback
[    0.000000] cma: Reserved 16 MiB at 0x9e800000 on node -1
[    0.000000] Zone ranges:
[    0.000000]   Normal   [mem 0x0000000080000000-0x000000009fdfffff]
[    0.000000]   HighMem  empty
[    0.000000] Movable zone start for each node
[    0.000000] Early memory node ranges
[    0.000000]   node   0: [mem 0x0000000080000000-0x000000009fdfffff]
[    0.000000] Initmem setup node 0 [mem 0x0000000080000000-0x000000009fdfffff]
[    0.000000] OF: reserved mem: Reserved memory: No reserved-memory node in the DT
[    0.000000] CPU: All CPU(s) started in SVC mode.
[    0.000000] AM335X ES2.1 (sgx neon)
[    0.000000] percpu: Embedded 17 pages/cpu s39628 r8192 d21812 u69632
[    0.000000] pcpu-alloc: s39628 r8192 d21812 u69632 alloc=17*4096
[    0.000000] pcpu-alloc: [0] 0 
[    0.000000] Kernel command line: console=ttyO0,115200n8 root=/dev/nfs rw nfsroot=192.168.255.126:/home/user01/nfs,nfsvers=3 ip=192.168.255.1:192.168.255.126::255.255.255.0:bbb1:eth0 nfsrootdebug
[    0.000000] Unknown kernel command line parameters "nfsrootdebug", will be passed to user space.
[    0.000000] printk: log buffer data + meta data: 65536 + 204800 = 270336 bytes
[    0.000000] Dentry cache hash table entries: 65536 (order: 6, 262144 bytes, linear)
[    0.000000] Inode-cache hash table entries: 32768 (order: 5, 131072 bytes, linear)
[    0.000000] Built 1 zonelists, mobility grouping on.  Total pages: 130560
[    0.000000] mem auto-init: stack:off, heap alloc:off, heap free:off
[    0.000000] SLUB: HWalign=64, Order=0-3, MinObjects=0, CPUs=1, Nodes=1
[    0.000000] trace event string verifier disabled
[    0.000000] rcu: Hierarchical RCU implementation.
[    0.000000] rcu: 	RCU event tracing is enabled.
[    0.000000] rcu: 	RCU restricting CPUs from NR_CPUS=2 to nr_cpu_ids=1.
[    0.000000] 	Tracing variant of Tasks RCU enabled.
[    0.000000] rcu: RCU calculated value of scheduler-enlistment delay is 10 jiffies.
[    0.000000] rcu: Adjusting geometry for rcu_fanout_leaf=16, nr_cpu_ids=1
[    0.000000] RCU Tasks Trace: Setting shift to 0 and lim to 1 rcu_task_cb_adjust=1 rcu_task_cpu_ids=1.
[    0.000000] NR_IRQS: 16, nr_irqs: 16, preallocated irqs: 16
[    0.000000] IRQ: Found an INTC at 0x(ptrval) (revision 5.0) with 128 interrupts
[    0.000000] rcu: srcu_init: Setting srcu_struct sizes based on contention.
[    0.000000] TI gptimer clocksource: always-on /ocp/interconnect@44c00000/segment@200000/target-module@31000
[    0.000003] sched_clock: 32 bits at 24MHz, resolution 41ns, wraps every 89478484971ns
[    0.000026] clocksource: dmtimer: mask: 0xffffffff max_cycles: 0xffffffff, max_idle_ns: 79635851949 ns
[    0.000503] TI gptimer clockevent: 24000000 Hz at /ocp/interconnect@48000000/segment@0/target-module@40000
[    0.002151] Console: colour dummy device 80x30
[    0.002215] WARNING: Your 'console=ttyO0' has been replaced by 'ttyS0'
[    0.002224] This ensures that you still see kernel messages. Please
[    0.002229] update your kernel commandline.
[    0.002273] Calibrating delay loop... 996.14 BogoMIPS (lpj=4980736)
[    0.090553] CPU: Testing write buffer coherency: ok
[    0.090675] CPU0: Spectre v2: using BPIALL workaround
[    0.090686] pid_max: default: 32768 minimum: 301
[    0.090805] LSM: initializing lsm=capability
[    0.090988] Mount-cache hash table entries: 1024 (order: 0, 4096 bytes, linear)
[    0.091009] Mountpoint-cache hash table entries: 1024 (order: 0, 4096 bytes, linear)
[    0.092689] CPU0: thread -1, cpu 0, socket -1, mpidr 0
[    0.160933] Setting up static identity map for 0x80100000 - 0x80100078
[    0.170700] rcu: Hierarchical SRCU implementation.
[    0.170713] rcu: 	Max phase no-delay instances is 1000.
[    0.190761] smp: Bringing up secondary CPUs ...
[    0.190821] smp: Brought up 1 node, 1 CPU
[    0.190837] SMP: Total of 1 processors activated (996.14 BogoMIPS).
[    0.190849] CPU: All CPU(s) started in SVC mode.
[    0.191033] Memory: 480840K/522240K available (11264K kernel code, 1215K rwdata, 2900K rodata, 1024K init, 296K bss, 23388K reserved, 16384K cma-reserved, 0K highmem)
[    0.191903] devtmpfs: initialized
[    0.208592] VFP support v0.3: implementor 41 architecture 3 part 30 variant c rev 3
[    0.208949] clocksource: jiffies: mask: 0xffffffff max_cycles: 0xffffffff, max_idle_ns: 19112604462750000 ns
[    0.208985] futex hash table entries: 256 (order: 2, 16384 bytes, linear)
[    0.210260] pinctrl core: initialized pinctrl subsystem
[    0.213291] NET: Registered PF_NETLINK/PF_ROUTE protocol family
[    0.216106] DMA: preallocated 256 KiB pool for atomic coherent allocations
[    0.217013] audit: initializing netlink subsys (disabled)
[    0.218480] thermal_sys: Registered thermal governor 'fair_share'
[    0.218498] thermal_sys: Registered thermal governor 'step_wise'
[    0.218509] thermal_sys: Registered thermal governor 'user_space'
[    0.218667] audit: type=2000 audit(0.210:1): state=initialized audit_enabled=0 res=1
[    0.218705] cpuidle: using governor menu
[    0.237138] /ocp/interconnect@44c00000/segment@200000/target-module@b000/i2c@0/tda19988@70: Fixed dependency cycle(s) with /ocp/interconnect@48000000/segment@300000/target-module@e000/lcdc@0
[    0.238314] /ocp/interconnect@48000000/segment@300000/target-module@e000/lcdc@0: Fixed dependency cycle(s) with /ocp/interconnect@44c00000/segment@200000/target-module@b000/i2c@0/tda19988@70
[    0.240521] No ATAGs?
[    0.240539] hw-breakpoint: debug architecture 0x4 unsupported.
[    0.243525] kprobes: kprobe jump-optimization is enabled. All kprobes are optimized if possible.
[    0.254170] iommu: Default domain type: Translated
[    0.254194] iommu: DMA domain TLB invalidation policy: strict mode
[    0.255877] reg-fixed-voltage fixedregulator0: using DT '/fixedregulator0' for '(default)' GPIO lookup
[    0.255935] of_get_named_gpiod_flags: can't parse 'gpios' property of node '/fixedregulator0[0]'
[    0.255965] of_get_named_gpiod_flags: can't parse 'gpio' property of node '/fixedregulator0[0]'
[    0.255984] reg-fixed-voltage fixedregulator0: using lookup tables for GPIO lookup
[    0.255995] reg-fixed-voltage fixedregulator0: No GPIO consumer (default) found
[    0.261903] SCSI subsystem initialized
[    0.262417] libata version 3.00 loaded.
[    0.262780] pps_core: LinuxPPS API ver. 1 registered
[    0.262790] pps_core: Software ver. 5.3.6 - Copyright 2005-2007 Rodolfo Giometti <giometti@linux.it>
[    0.262814] PTP clock support registered
[    0.271193] vgaarb: loaded
[    0.271609] clocksource: Switched to clocksource dmtimer
[    0.272280] VFS: Disk quotas dquot_6.6.0
[    0.272327] VFS: Dquot-cache hash table entries: 1024 (order 0, 4096 bytes)
[    0.296806] NET: Registered PF_INET protocol family
[    0.297166] IP idents hash table entries: 8192 (order: 4, 65536 bytes, linear)
[    0.298598] tcp_listen_portaddr_hash hash table entries: 512 (order: 0, 4096 bytes, linear)
[    0.298635] Table-perturb hash table entries: 65536 (order: 6, 262144 bytes, linear)
[    0.298655] TCP established hash table entries: 4096 (order: 2, 16384 bytes, linear)
[    0.298700] TCP bind hash table entries: 4096 (order: 4, 65536 bytes, linear)
[    0.298800] TCP: Hash tables configured (established 4096 bind 4096)
[    0.298921] UDP hash table entries: 256 (order: 1, 14336 bytes, linear)
[    0.298958] UDP-Lite hash table entries: 256 (order: 1, 14336 bytes, linear)
[    0.299151] NET: Registered PF_UNIX/PF_LOCAL protocol family
[    0.302532] RPC: Registered named UNIX socket transport module.
[    0.302558] RPC: Registered udp transport module.
[    0.302564] RPC: Registered tcp transport module.
[    0.302569] RPC: Registered tcp-with-tls transport module.
[    0.302574] RPC: Registered tcp NFSv4.1 backchannel transport module.
[    0.302601] PCI: CLS 0 bytes, default 64
[    0.304095] Initialise system trusted keyrings
[    0.312449] workingset: timestamp_bits=14 max_order=17 bucket_order=3
[    0.313793] NFS: Registering the id_resolver key type
[    0.313879] Key type id_resolver registered
[    0.313888] Key type id_legacy registered
[    0.313937] jffs2: version 2.2. (NAND) (SUMMARY)  Â© 2001-2006 Red Hat, Inc.
[    0.314352] Key type asymmetric registered
[    0.314367] Asymmetric key parser 'x509' registered
[    0.314434] io scheduler mq-deadline registered
[    0.314445] io scheduler kyber registered
[    0.314518] io scheduler bfq registered
[    0.316162] ledtrig-cpu: registered to indicate activity on CPUs
[    0.322552] Serial: 8250/16550 driver, 6 ports, IRQ sharing enabled
[    0.387810] brd: module loaded
[    0.396709] loop: module loaded
[    0.397647] mtdoops: mtd device (mtddev=name/number) must be supplied
[    0.399425] mdio_bus fixed-0: using lookup tables for GPIO lookup
[    0.399446] mdio_bus fixed-0: No GPIO consumer reset found
[    0.400821] i2c_dev: i2c /dev entries driver
[    0.401983] cpuidle: enable-method property 'ti,am3352' found operations
[    0.402455] sdhci: Secure Digital Host Controller Interface driver
[    0.402465] sdhci: Copyright(c) Pierre Ossman
[    0.402638] sdhci-pltfm: SDHCI platform and OF driver helper
[    0.403663] Initializing XFRM netlink socket
[    0.403812] NET: Registered PF_INET6 protocol family
[    0.413828] Segment Routing with IPv6
[    0.413921] In-situ OAM (IOAM) with IPv6
[    0.414020] sit: IPv6, IPv4 and MPLS over IPv4 tunneling driver
[    0.414982] NET: Registered PF_PACKET protocol family
[    0.415017] NET: Registered PF_KEY protocol family
[    0.415161] Key type dns_resolver registered
[    0.415433] ThumbEE CPU extension supported.
[    0.415454] Registering SWP/SWPB emulation handler
[    0.415996] omap_voltage_late_init: Voltage driver support not added
[    0.416374] SmartReflex Class3 initialized
[    0.442843] Loading compiled-in X.509 certificates
[    0.491385] /ocp/interconnect@44c00000/segment@200000/target-module@b000/i2c@0/tda19988@70: Fixed dependency cycle(s) with /ocp/interconnect@48000000/segment@300000/target-module@e000/lcdc@0
[    0.498026] /ocp/interconnect@44c00000/segment@200000/target-module@b000/i2c@0/tda19988@70: Fixed dependency cycle(s) with /ocp/interconnect@48000000/segment@300000/target-module@e000/lcdc@0
[    0.503845] gpiochip_find_base_unlocked: found new base at 512
[    0.542651] /ocp/interconnect@44c00000/segment@200000/target-module@b000/i2c@0/tda19988@70: Fixed dependency cycle(s) with /ocp/interconnect@48000000/segment@300000/target-module@e000/lcdc@0
[    0.543564] /ocp/interconnect@44c00000/segment@200000/target-module@b000/i2c@0/tda19988@70: Fixed dependency cycle(s) with /ocp/interconnect@48000000/segment@300000/target-module@e000/lcdc@0
[    0.547058] /ocp/interconnect@44c00000/segment@200000/target-module@10000/scm@0/pinmux@800: Fixed dependency cycle(s) with /ocp/interconnect@44c00000/segment@200000/target-module@10000/scm@0/pinmux@800/clkout2-pins
[    0.547631] pinctrl-single 44e10800.pinmux: 142 pins, size 568
[    0.553052] ti-sysc 44e31000.target-module: probe with driver ti-sysc failed with error -16
[    0.581080] /ocp/interconnect@48000000/segment@300000/target-module@e000/lcdc@0: Fixed dependency cycle(s) with /ocp/interconnect@44c00000/segment@200000/target-module@b000/i2c@0/tda19988@70
[    0.589169] ti-sysc 48040000.target-module: probe with driver ti-sysc failed with error -16
[    0.600479] gpiochip_find_base_unlocked: found new base at 512
[    0.600579] gpio gpiochip0: (gpio-0-31): created GPIO range 0->7 ==> 44e10800.pinmux PIN 0->7
[    0.600599] gpio gpiochip0: (gpio-0-31): created GPIO range 8->11 ==> 44e10800.pinmux PIN 90->93
[    0.600615] gpio gpiochip0: (gpio-0-31): created GPIO range 12->27 ==> 44e10800.pinmux PIN 12->27
[    0.600631] gpio gpiochip0: (gpio-0-31): created GPIO range 28->31 ==> 44e10800.pinmux PIN 30->33
[    0.640537] gpio gpiochip0: (gpio-0-31): added GPIO chardev (254:0)
[    0.640696] gpio gpiochip0: registered GPIOs 512 to 543 on gpio-0-31
[    0.640785] OMAP GPIO hardware version 0.1
[    0.668006] i2c i2c-2: using DT '/ocp/interconnect@48000000/segment@100000/target-module@9c000/i2c@0' for 'scl' GPIO lookup
[    0.668081] of_get_named_gpiod_flags: can't parse 'scl-gpios' property of node '/ocp/interconnect@48000000/segment@100000/target-module@9c000/i2c@0[0]'
[    0.668126] of_get_named_gpiod_flags: can't parse 'scl-gpio' property of node '/ocp/interconnect@48000000/segment@100000/target-module@9c000/i2c@0[0]'
[    0.668164] i2c i2c-2: using lookup tables for GPIO lookup
[    0.668175] i2c i2c-2: No GPIO consumer scl found
[    0.668197] i2c i2c-2: using DT '/ocp/interconnect@48000000/segment@100000/target-module@9c000/i2c@0' for 'sda' GPIO lookup
[    0.668234] of_get_named_gpiod_flags: can't parse 'sda-gpios' property of node '/ocp/interconnect@48000000/segment@100000/target-module@9c000/i2c@0[0]'
[    0.668272] of_get_named_gpiod_flags: can't parse 'sda-gpio' property of node '/ocp/interconnect@48000000/segment@100000/target-module@9c000/i2c@0[0]'
[    0.668305] i2c i2c-2: using lookup tables for GPIO lookup
[    0.668313] i2c i2c-2: No GPIO consumer sda found
[    0.669052] omap_i2c 4819c000.i2c: bus 2 rev0.11 at 100 kHz
[    0.674901] gpiochip_find_base_unlocked: found new base at 544
[    0.675008] gpio gpiochip1: (gpio-32-63): created GPIO range 0->17 ==> 44e10800.pinmux PIN 34->51
[    0.675029] gpio gpiochip1: (gpio-32-63): created GPIO range 18->21 ==> 44e10800.pinmux PIN 77->80
[    0.675047] gpio gpiochip1: (gpio-32-63): created GPIO range 22->31 ==> 44e10800.pinmux PIN 56->65
[    0.691974] gpio gpiochip1: (gpio-32-63): added GPIO chardev (254:1)
[    0.692134] gpio gpiochip1: registered GPIOs 544 to 575 on gpio-32-63
[    0.694411] gpiochip_find_base_unlocked: found new base at 576
[    0.694504] gpio gpiochip2: (gpio-64-95): created GPIO range 0->4 ==> 44e10800.pinmux PIN 66->70
[    0.694524] gpio gpiochip2: (gpio-64-95): created GPIO range 5->6 ==> 44e10800.pinmux PIN 98->99
[    0.694540] gpio gpiochip2: (gpio-64-95): created GPIO range 7->8 ==> 44e10800.pinmux PIN 75->76
[    0.694555] gpio gpiochip2: (gpio-64-95): created GPIO range 13->13 ==> 44e10800.pinmux PIN 141->141
[    0.694572] gpio gpiochip2: (gpio-64-95): created GPIO range 14->21 ==> 44e10800.pinmux PIN 100->107
[    0.695254] gpio gpiochip2: (gpio-64-95): added GPIO chardev (254:2)
[    0.695405] gpio gpiochip2: registered GPIOs 576 to 607 on gpio-64-95
[    0.700894] 48000000.interconnect:segment@200000:target-module@0:mpu@0:fck: device ID is greater than 24
[    0.702049] /ocp/interconnect@48000000/segment@300000/target-module@e000/lcdc@0: Fixed dependency cycle(s) with /ocp/interconnect@44c00000/segment@200000/target-module@b000/i2c@0/tda19988@70
[    0.704897] /ocp/interconnect@48000000/segment@300000/target-module@e000/lcdc@0: Fixed dependency cycle(s) with /ocp/interconnect@44c00000/segment@200000/target-module@b000/i2c@0/tda19988@70
[    0.705606] /ocp/interconnect@44c00000/segment@200000/target-module@b000/i2c@0/tda19988@70: Fixed dependency cycle(s) with /ocp/interconnect@48000000/segment@300000/target-module@e000/lcdc@0
[    0.705787] /ocp/interconnect@48000000/segment@300000/target-module@e000/lcdc@0: Fixed dependency cycle(s) with /ocp/interconnect@44c00000/segment@200000/target-module@b000/i2c@0/tda19988@70
[    0.715475] mdio_bus 4a101000.mdio: using DT '/ocp/interconnect@4a000000/segment@0/target-module@100000/switch@0/mdio@1000' for 'reset' GPIO lookup
[    0.715551] of_get_named_gpiod_flags: can't parse 'reset-gpios' property of node '/ocp/interconnect@4a000000/segment@0/target-module@100000/switch@0/mdio@1000[0]'
[    0.715602] of_get_named_gpiod_flags: can't parse 'reset-gpio' property of node '/ocp/interconnect@4a000000/segment@0/target-module@100000/switch@0/mdio@1000[0]'
[    0.715651] mdio_bus 4a101000.mdio: using lookup tables for GPIO lookup
[    0.715662] mdio_bus 4a101000.mdio: No GPIO consumer reset found
[    0.716916] sdhci-omap 481d8000.mmc: using DT '/ocp/interconnect@48000000/segment@100000/target-module@d8000/mmc@0' for 'wp' GPIO lookup
[    0.716980] of_get_named_gpiod_flags: can't parse 'wp-gpios' property of node '/ocp/interconnect@48000000/segment@100000/target-module@d8000/mmc@0[0]'
[    0.717024] of_get_named_gpiod_flags: can't parse 'wp-gpio' property of node '/ocp/interconnect@48000000/segment@100000/target-module@d8000/mmc@0[0]'
[    0.717060] sdhci-omap 481d8000.mmc: using lookup tables for GPIO lookup
[    0.717070] sdhci-omap 481d8000.mmc: No GPIO consumer wp found
[    0.717264] sdhci-omap 481d8000.mmc: supply pbias not found, using dummy regulator
[    0.717761] sdhci-omap 481d8000.mmc: supply vqmmc not found, using dummy regulator
[    0.765993] davinci_mdio 4a101000.mdio: davinci mdio revision 1.6, bus freq 1000000
[    0.783343] mdio_bus 4a101000.mdio:00: using DT '/ocp/interconnect@4a000000/segment@0/target-module@100000/switch@0/mdio@1000/ethernet-phy@0' for 'reset' GPIO lookup
[    0.783448] of_get_named_gpiod_flags: parsed 'reset-gpios' property of node '/ocp/interconnect@4a000000/segment@0/target-module@100000/switch@0/mdio@1000/ethernet-phy@0[0]' - status (0)
[    0.783611] gpio gpiochip0: Persistence not supported for GPIO 8
[    0.928835] davinci_mdio 4a101000.mdio: phy[0]: device 4a101000.mdio:00, driver SMSC LAN8710/LAN8720
[    0.929619] cpsw-switch 4a100000.switch: initialized cpsw ale version 1.4
[    0.929641] cpsw-switch 4a100000.switch: ALE Table size 1024, Policers 0
[    0.929799] cpsw-switch 4a100000.switch: cpts: overflow check period 500 (jiffies)
[    0.929816] cpsw-switch 4a100000.switch: CPTS: ref_clk_freq:250000000 calc_mult:2147483648 calc_shift:29 error:0 nsec/sec
[    0.929923] cpsw-switch 4a100000.switch: Detected MACID = 6c:ec:eb:68:de:78
[    0.931915] cpsw-switch 4a100000.switch: initialized (regs 0x4a100000, pool size 256) hw_ver:0019010C 1.12 (0)
[    0.942896] debugfs: Directory '49000000.dma' with parent 'dmaengine' already present!
[    0.942937] edma 49000000.dma: TI EDMA DMA engine driver
[    0.995237] target-module@4b000000:target-module@140000:pmu@0:fck: device ID is greater than 24
[    1.018692] hw perfevents: enabled with armv7_cortex_a8 PMU driver, 5 (8000000f) counters available
[    1.019660] gpio-clk clk_mcasp0: using DT '/clk_mcasp0' for 'enable' GPIO lookup
[    1.019730] of_get_named_gpiod_flags: parsed 'enable-gpios' property of node '/clk_mcasp0[0]' - status (0)
[    1.019774] gpio gpiochip0: Persistence not supported for GPIO 27
[    1.020582] gpiochip_find_base_unlocked: found new base at 608
[    1.020688] gpio gpiochip3: (gpio-96-127): created GPIO range 0->7 ==> 44e10800.pinmux PIN 82->89
[    1.020710] gpio gpiochip3: (gpio-96-127): created GPIO range 8->11 ==> 44e10800.pinmux PIN 52->55
[    1.020726] gpio gpiochip3: (gpio-96-127): created GPIO range 12->15 ==> 44e10800.pinmux PIN 94->97
[    1.020741] gpio gpiochip3: (gpio-96-127): created GPIO range 16->17 ==> 44e10800.pinmux PIN 71->72
[    1.020757] gpio gpiochip3: (gpio-96-127): created GPIO range 18->18 ==> 44e10800.pinmux PIN 135->135
[    1.020774] gpio gpiochip3: (gpio-96-127): created GPIO range 19->20 ==> 44e10800.pinmux PIN 108->109
[    1.020790] gpio gpiochip3: (gpio-96-127): created GPIO range 21->21 ==> 44e10800.pinmux PIN 73->73
[    1.020807] gpio gpiochip3: (gpio-96-127): created GPIO range 22->23 ==> 44e10800.pinmux PIN 8->9
[    1.020824] gpio gpiochip3: (gpio-96-127): created GPIO range 26->27 ==> 44e10800.pinmux PIN 10->11
[    1.020842] gpio gpiochip3: (gpio-96-127): created GPIO range 28->28 ==> 44e10800.pinmux PIN 74->74
[    1.020860] gpio gpiochip3: (gpio-96-127): created GPIO range 29->29 ==> 44e10800.pinmux PIN 81->81
[    1.020878] gpio gpiochip3: (gpio-96-127): created GPIO range 30->31 ==> 44e10800.pinmux PIN 28->29
[    1.042304] l3-aon-clkctrl:0000:0: failed to disable
[    1.042543] gpio gpiochip3: (gpio-96-127): added GPIO chardev (254:3)
[    1.042689] gpio gpiochip3: registered GPIOs 608 to 639 on gpio-96-127
[    1.044502] omap8250 44e09000.serial: using DT '/ocp/interconnect@44c00000/segment@200000/target-module@9000/serial@0' for 'rs485-term' GPIO lookup
[    1.044573] of_get_named_gpiod_flags: can't parse 'rs485-term-gpios' property of node '/ocp/interconnect@44c00000/segment@200000/target-module@9000/serial@0[0]'
[    1.044619] of_get_named_gpiod_flags: can't parse 'rs485-term-gpio' property of node '/ocp/interconnect@44c00000/segment@200000/target-module@9000/serial@0[0]'
[    1.044658] omap8250 44e09000.serial: using lookup tables for GPIO lookup
[    1.044668] omap8250 44e09000.serial: No GPIO consumer rs485-term found
[    1.044679] omap8250 44e09000.serial: using DT '/ocp/interconnect@44c00000/segment@200000/target-module@9000/serial@0' for 'rs485-rx-during-tx' GPIO lookup
[    1.044715] of_get_named_gpiod_flags: can't parse 'rs485-rx-during-tx-gpios' property of node '/ocp/interconnect@44c00000/segment@200000/target-module@9000/serial@0[0]'
[    1.044754] of_get_named_gpiod_flags: can't parse 'rs485-rx-during-tx-gpio' property of node '/ocp/interconnect@44c00000/segment@200000/target-module@9000/serial@0[0]'
[    1.044787] omap8250 44e09000.serial: using lookup tables for GPIO lookup
[    1.044795] omap8250 44e09000.serial: No GPIO consumer rs485-rx-during-tx found
[    1.045169] 44e09000.serial: ttyS0 at MMIO 0x44e09000 (irq = 34, base_baud = 3000000) is a 8250
[    1.045257] printk: legacy console [ttyS0] enabled
[    2.484491] i2c i2c-0: using DT '/ocp/interconnect@44c00000/segment@200000/target-module@b000/i2c@0' for 'scl' GPIO lookup
[    2.484585] of_get_named_gpiod_flags: can't parse 'scl-gpios' property of node '/ocp/interconnect@44c00000/segment@200000/target-module@b000/i2c@0[0]'
[    2.484634] of_get_named_gpiod_flags: can't parse 'scl-gpio' property of node '/ocp/interconnect@44c00000/segment@200000/target-module@b000/i2c@0[0]'
[    2.484675] i2c i2c-0: using lookup tables for GPIO lookup
[    2.484690] i2c i2c-0: No GPIO consumer scl found
[    2.484716] i2c i2c-0: using DT '/ocp/interconnect@44c00000/segment@200000/target-module@b000/i2c@0' for 'sda' GPIO lookup
[    2.484758] of_get_named_gpiod_flags: can't parse 'sda-gpios' property of node '/ocp/interconnect@44c00000/segment@200000/target-module@b000/i2c@0[0]'
[    2.484801] of_get_named_gpiod_flags: can't parse 'sda-gpio' property of node '/ocp/interconnect@44c00000/segment@200000/target-module@b000/i2c@0[0]'
[    2.484838] i2c i2c-0: using lookup tables for GPIO lookup
[    2.484851] i2c i2c-0: No GPIO consumer sda found
[    2.502619] tps65217-pmic: Failed to locate of_node [id: -1]
[    2.508681] tps65217-bl: Failed to locate of_node [id: -1]
[    2.520248] tps65217 0-0024: TPS65217 ID 0xe version 1.2
[    2.526414] /ocp/interconnect@48000000/segment@300000/target-module@e000/lcdc@0: Fixed dependency cycle(s) with /ocp/interconnect@44c00000/segment@200000/target-module@b000/i2c@0/tda19988@70
[    2.543790] /ocp/interconnect@44c00000/segment@200000/target-module@b000/i2c@0/tda19988@70: Fixed dependency cycle(s) with /ocp/interconnect@48000000/segment@300000/target-module@e000/lcdc@0
[    2.561186] omap_i2c 44e0b000.i2c: bus 0 rev0.11 at 400 kHz
[    2.569042] sdhci-omap 48060000.mmc: using DT '/ocp/interconnect@48000000/segment@0/target-module@60000/mmc@0' for 'cd' GPIO lookup
[    2.569157] of_get_named_gpiod_flags: parsed 'cd-gpios' property of node '/ocp/interconnect@48000000/segment@0/target-module@60000/mmc@0[0]' - status (0)
[    2.569224] gpio gpiochip3: Persistence not supported for GPIO 6
[    2.569250] omap_gpio 44e07000.gpio: Could not set line 6 debounce to 200000 microseconds (-22)
[    2.578130] sdhci-omap 48060000.mmc: Got CD GPIO
[    2.582813] sdhci-omap 48060000.mmc: using DT '/ocp/interconnect@48000000/segment@0/target-module@60000/mmc@0' for 'wp' GPIO lookup
[    2.582889] of_get_named_gpiod_flags: can't parse 'wp-gpios' property of node '/ocp/interconnect@48000000/segment@0/target-module@60000/mmc@0[0]'
[    2.582937] of_get_named_gpiod_flags: can't parse 'wp-gpio' property of node '/ocp/interconnect@48000000/segment@0/target-module@60000/mmc@0[0]'
[    2.582978] sdhci-omap 48060000.mmc: using lookup tables for GPIO lookup
[    2.582994] sdhci-omap 48060000.mmc: No GPIO consumer wp found
[    2.583203] sdhci-omap 48060000.mmc: supply pbias not found, using dummy regulator
[    2.591983] sdhci-omap 481d8000.mmc: using DT '/ocp/interconnect@48000000/segment@100000/target-module@d8000/mmc@0' for 'wp' GPIO lookup
[    2.592059] of_get_named_gpiod_flags: can't parse 'wp-gpios' property of node '/ocp/interconnect@48000000/segment@100000/target-module@d8000/mmc@0[0]'
[    2.592109] of_get_named_gpiod_flags: can't parse 'wp-gpio' property of node '/ocp/interconnect@48000000/segment@100000/target-module@d8000/mmc@0[0]'
[    2.592150] sdhci-omap 481d8000.mmc: using lookup tables for GPIO lookup
[    2.592163] sdhci-omap 481d8000.mmc: No GPIO consumer wp found
[    2.593682] sdhci-omap 48060000.mmc: supply vqmmc not found, using dummy regulator
[    2.602521] sdhci-omap 481d8000.mmc: supply pbias not found, using dummy regulator
[    2.610525] sdhci-omap 481d8000.mmc: supply vqmmc not found, using dummy regulator
[    2.647950] mmc0: SDHCI controller on 48060000.mmc [48060000.mmc] using External DMA
[    2.656306] mmc1: SDHCI controller on 481d8000.mmc [481d8000.mmc] using External DMA
[    2.665182] cpsw-switch 4a100000.switch: starting ndev. mode: dual_mac
[    2.710843] mmc0: new high speed SDHC card at address 5048
[    2.717939] mmcblk0: mmc0:5048 SD16G 14.4 GiB
[    2.726145]  mmcblk0: p1 p2
[    2.729559] mmcblk0: p2 size 31221760 extends beyond EOD, truncated
[    2.742857] SMSC LAN8710/LAN8720 4a101000.mdio:00: attached PHY driver (mii_bus:phy_addr=4a101000.mdio:00, irq=POLL)
[    2.755533] mmc1: new high speed MMC card at address 0001
[    2.762503] mmcblk1: mmc1:0001 MMC04G 3.60 GiB
[    2.774064]  mmcblk1: p1 p2
[    2.778383] mmcblk1boot0: mmc1:0001 MMC04G 2.00 MiB
[    2.785824] mmcblk1boot1: mmc1:0001 MMC04G 2.00 MiB
[    2.793273] mmcblk1rpmb: mmc1:0001 MMC04G 128 KiB, chardev (250:0)
[    5.922380] cpsw-switch 4a100000.switch eth0: Link is Up - 100Mbps/Full - flow control off
[    5.951629] IP-Config: Complete:
[    5.954906]      device=eth0, hwaddr=6c:ec:eb:68:de:78, ipaddr=192.168.255.1, mask=255.255.255.0, gw=255.255.255.255
[    5.965554]      host=bbb1, domain=, nis-domain=(none)
