Labgrid Console Logfile for main
Logfile started at 2024-10-10 16:44:01.330149
=== Log starts here ===
reading args
spl_load_image_fat_os: error reading image args, err - -1
reading u-boot.img
reading u-boot.img


U-Boot 2014.04-00014-g47880f5 (Apr 22 2014 - 13:23:54)

I2C:   ready
DRAM:  512 MiB
NAND:  0 MiB
MMC:   OMAP SD/MMC: 0, OMAP SD/MMC: 1
*** Warning - readenv() failed, using default environment

Net:   <ethaddr> not set. Validating first E-fuse MAC
cpsw, usb_ether
Hit any key to stop autoboot:  1  0 
gpio: pin 53 (gpio 53) value is 1
mmc0 is current device
gpio: pin 54 (gpio 54) value is 1
SD/MMC found on device 0
reading uEnv.txt
569 bytes read in 4 ms (138.7 KiB/s)
gpio: pin 55 (gpio 55) value is 1
Loaded environment from uEnv.txt
Importing environment from mmc ...
Checking if uenvcmd is set ...
gpio: pin 56 (gpio 56) value is 1
Running uenvcmd ...
cpsw Waiting for PHY auto negotiation to complete. done
link up on port 0, speed 100, full duplex
Using cpsw device
TFTP from server 192.168.255.126; our IP address is 192.168.255.1
Filename 'zImage'.
Load address: 0x81000000
Loading: *#################################################################
	 #################################################################
	 #################################################################
	 #################################################################
	 #################################################################
	 ######################################
	 2.4 MiB/s
done
Bytes transferred = 5314256 (5116d0 hex)
link up on port 0, speed 100, full duplex
Using cpsw device
TFTP from server 192.168.255.126; our IP address is 192.168.255.1
Filename 'am335x-boneblack.dtb'.
Load address: 0x82000000
Loading: *#######
	 2.2 MiB/s
done
Bytes transferred = 97772 (17dec hex)
Kernel image @ 0x81000000 [ 0x000000 - 0x5116d0 ]
## Flattened Device Tree blob at 82000000
   Booting using the fdt blob at 0x82000000
   Using Device Tree in place at 82000000, end 8201adeb

Starting kernel ...

[    0.000000] Booting Linux on physical CPU 0x0
[    0.000000] Linux version 6.6.56 (user01@drvtest01) (arm-linux-gnueabihf-gcc (Linaro GCC 6.4-2017.11) 6.4.1 20171012, GNU ld (Linaro_Binutils-2017.11) 2.27.0.20161229) #7 SMP Thu Oct 10 16:41:45 EEST 2024
[    0.000000] CPU: ARMv7 Processor [413fc082] revision 2 (ARMv7), cr=10c5387d
[    0.000000] CPU: PIPT / VIPT nonaliasing data cache, VIPT aliasing instruction cache
[    0.000000] OF: fdt: Machine model: TI AM335x BeagleBone Black
[    0.000000] Memory policy: Data cache writeback
[    0.000000] cma: Reserved 16 MiB at 0x9e800000 on node -1
[    0.000000] Zone ranges:
[    0.000000]   Normal   [mem 0x0000000080000000-0x000000009fdfffff]
[    0.000000]   HighMem  empty
[    0.000000] Movable zone start for each node
[    0.000000] Early memory node ranges
[    0.000000]   node   0: [mem 0x0000000080000000-0x000000009fdfffff]
[    0.000000] Initmem setup node 0 [mem 0x0000000080000000-0x000000009fdfffff]
[    0.000000] CPU: All CPU(s) started in SVC mode.
[    0.000000] AM335X ES2.1 (sgx neon)
[    0.000000] percpu: Embedded 16 pages/cpu s36052 r8192 d21292 u65536
[    0.000000] Kernel command line: console=ttyO0,115200n8 root=/dev/nfs rw nfsroot=192.168.255.126:/home/user01/nfs,nfsvers=3 ip=192.168.255.1:192.168.255.126::255.255.255.0:bbb1:eth0 nfsrootdebug
[    0.000000] Unknown kernel command line parameters "nfsrootdebug", will be passed to user space.
[    0.000000] Dentry cache hash table entries: 65536 (order: 6, 262144 bytes, linear)
[    0.000000] Inode-cache hash table entries: 32768 (order: 5, 131072 bytes, linear)
[    0.000000] Built 1 zonelists, mobility grouping on.  Total pages: 129412
[    0.000000] mem auto-init: stack:off, heap alloc:off, heap free:off
[    0.000000] Memory: 483604K/522240K available (11264K kernel code, 1163K rwdata, 2700K rodata, 1024K init, 283K bss, 22252K reserved, 16384K cma-reserved, 0K highmem)
[    0.000000] SLUB: HWalign=64, Order=0-3, MinObjects=0, CPUs=1, Nodes=1
[    0.000000] trace event string verifier disabled
[    0.000000] rcu: Hierarchical RCU implementation.
[    0.000000] rcu: 	RCU event tracing is enabled.
[    0.000000] rcu: 	RCU restricting CPUs from NR_CPUS=2 to nr_cpu_ids=1.
[    0.000000] rcu: RCU calculated value of scheduler-enlistment delay is 10 jiffies.
[    0.000000] rcu: Adjusting geometry for rcu_fanout_leaf=16, nr_cpu_ids=1
[    0.000000] NR_IRQS: 16, nr_irqs: 16, preallocated irqs: 16
[    0.000000] IRQ: Found an INTC at 0x(ptrval) (revision 5.0) with 128 interrupts
[    0.000000] rcu: srcu_init: Setting srcu_struct sizes based on contention.
[    0.000000] TI gptimer clocksource: always-on /ocp/interconnect@44c00000/segment@200000/target-module@31000
[    0.000002] sched_clock: 32 bits at 24MHz, resolution 41ns, wraps every 89478484971ns
[    0.000027] clocksource: dmtimer: mask: 0xffffffff max_cycles: 0xffffffff, max_idle_ns: 79635851949 ns
[    0.000531] TI gptimer clockevent: 24000000 Hz at /ocp/interconnect@48000000/segment@0/target-module@40000
[    0.002141] Console: colour dummy device 80x30
[    0.002194] WARNING: Your 'console=ttyO0' has been replaced by 'ttyS0'
[    0.002202] This ensures that you still see kernel messages. Please
[    0.002207] update your kernel commandline.
[    0.002248] Calibrating delay loop... 996.14 BogoMIPS (lpj=4980736)
[    0.090586] CPU: Testing write buffer coherency: ok
[    0.090697] CPU0: Spectre v2: using BPIALL workaround
[    0.090708] pid_max: default: 32768 minimum: 301
[    0.090821] LSM: initializing lsm=capability,integrity
[    0.090991] Mount-cache hash table entries: 1024 (order: 0, 4096 bytes, linear)
[    0.091011] Mountpoint-cache hash table entries: 1024 (order: 0, 4096 bytes, linear)
[    0.092521] CPU0: thread -1, cpu 0, socket -1, mpidr 0
[    0.094221] Setting up static identity map for 0x80100000 - 0x80100078
[    0.094526] rcu: Hierarchical SRCU implementation.
[    0.094538] rcu: 	Max phase no-delay instances is 1000.
[    0.095924] smp: Bringing up secondary CPUs ...
[    0.095981] smp: Brought up 1 node, 1 CPU
[    0.095995] SMP: Total of 1 processors activated (996.14 BogoMIPS).
[    0.096006] CPU: All CPU(s) started in SVC mode.
[    0.096931] devtmpfs: initialized
[    0.114552] VFP support v0.3: implementor 41 architecture 3 part 30 variant c rev 3
[    0.114919] clocksource: jiffies: mask: 0xffffffff max_cycles: 0xffffffff, max_idle_ns: 19112604462750000 ns
[    0.114952] futex hash table entries: 256 (order: 2, 16384 bytes, linear)
[    0.116242] pinctrl core: initialized pinctrl subsystem
[    0.119002] NET: Registered PF_NETLINK/PF_ROUTE protocol family
[    0.121809] DMA: preallocated 256 KiB pool for atomic coherent allocations
[    0.122472] audit: initializing netlink subsys (disabled)
[    0.123810] thermal_sys: Registered thermal governor 'fair_share'
[    0.123833] thermal_sys: Registered thermal governor 'step_wise'
[    0.123839] thermal_sys: Registered thermal governor 'user_space'
[    0.123953] audit: type=2000 audit(0.120:1): state=initialized audit_enabled=0 res=1
[    0.124033] cpuidle: using governor menu
[    0.141699] No ATAGs?
[    0.141727] hw-breakpoint: debug architecture 0x4 unsupported.
[    0.144888] kprobes: kprobe jump-optimization is enabled. All kprobes are optimized if possible.
[    0.163990] iommu: Default domain type: Translated
[    0.164012] iommu: DMA domain TLB invalidation policy: strict mode
[    0.165494] SCSI subsystem initialized
[    0.171355] pps_core: LinuxPPS API ver. 1 registered
[    0.171368] pps_core: Software ver. 5.3.6 - Copyright 2005-2007 Rodolfo Giometti <giometti@linux.it>
[    0.171392] PTP clock support registered
[    0.180807] vgaarb: loaded
[    0.181185] clocksource: Switched to clocksource dmtimer
[    0.181808] VFS: Disk quotas dquot_6.6.0
[    0.181873] VFS: Dquot-cache hash table entries: 1024 (order 0, 4096 bytes)
[    0.204496] NET: Registered PF_INET protocol family
[    0.204845] IP idents hash table entries: 8192 (order: 4, 65536 bytes, linear)
[    0.206220] tcp_listen_portaddr_hash hash table entries: 512 (order: 0, 4096 bytes, linear)
[    0.206257] Table-perturb hash table entries: 65536 (order: 6, 262144 bytes, linear)
[    0.206274] TCP established hash table entries: 4096 (order: 2, 16384 bytes, linear)
[    0.206319] TCP bind hash table entries: 4096 (order: 4, 65536 bytes, linear)
[    0.206419] TCP: Hash tables configured (established 4096 bind 4096)
[    0.206550] UDP hash table entries: 256 (order: 1, 8192 bytes, linear)
[    0.206578] UDP-Lite hash table entries: 256 (order: 1, 8192 bytes, linear)
[    0.206761] NET: Registered PF_UNIX/PF_LOCAL protocol family
[    0.212053] RPC: Registered named UNIX socket transport module.
[    0.212077] RPC: Registered udp transport module.
[    0.212083] RPC: Registered tcp transport module.
[    0.212089] RPC: Registered tcp-with-tls transport module.
[    0.212095] RPC: Registered tcp NFSv4.1 backchannel transport module.
[    0.212120] PCI: CLS 0 bytes, default 64
[    0.213812] Initialise system trusted keyrings
[    0.221473] workingset: timestamp_bits=14 max_order=17 bucket_order=3
[    0.222764] NFS: Registering the id_resolver key type
[    0.222862] Key type id_resolver registered
[    0.222869] Key type id_legacy registered
[    0.222927] jffs2: version 2.2. (NAND) (SUMMARY)  Â© 2001-2006 Red Hat, Inc.
[    0.223411] Key type asymmetric registered
[    0.223428] Asymmetric key parser 'x509' registered
[    0.223503] io scheduler mq-deadline registered
[    0.223514] io scheduler kyber registered
[    0.223585] io scheduler bfq registered
[    0.243206] Serial: 8250/16550 driver, 6 ports, IRQ sharing enabled
[    0.293039] brd: module loaded
[    0.308859] loop: module loaded
[    0.309790] mtdoops: mtd device (mtddev=name/number) must be supplied
[    0.312836] i2c_dev: i2c /dev entries driver
[    0.313836] cpuidle: enable-method property 'ti,am3352' found operations
[    0.314303] sdhci: Secure Digital Host Controller Interface driver
[    0.314315] sdhci: Copyright(c) Pierre Ossman
[    0.314501] sdhci-pltfm: SDHCI platform and OF driver helper
[    0.330685] ledtrig-cpu: registered to indicate activity on CPUs
[    0.331638] Initializing XFRM netlink socket
[    0.331800] NET: Registered PF_INET6 protocol family
[    0.344377] Segment Routing with IPv6
[    0.344460] In-situ OAM (IOAM) with IPv6
[    0.344562] sit: IPv6, IPv4 and MPLS over IPv4 tunneling driver
[    0.345557] NET: Registered PF_PACKET protocol family
[    0.345595] NET: Registered PF_KEY protocol family
[    0.345712] Key type dns_resolver registered
[    0.345989] ThumbEE CPU extension supported.
[    0.346008] Registering SWP/SWPB emulation handler
[    0.346526] omap_voltage_late_init: Voltage driver support not added
[    0.346873] SmartReflex Class3 initialized
[    0.363234] Loading compiled-in X.509 certificates
[    0.420661] platform 44e10800.pinmux: Fixed dependency cycle(s) with /ocp/interconnect@44c00000/segment@200000/target-module@10000/scm@0/pinmux@800/clkout2-pins
[    0.421422] pinctrl-single 44e10800.pinmux: 142 pins, size 568
[    0.426522] ti-sysc: probe of 44e31000.target-module failed with error -16
[    0.474633] ti-sysc: probe of 48040000.target-module failed with error -16
[    0.522018] OMAP GPIO hardware version 0.1
[    0.535813] omap_i2c 4819c000.i2c: bus 2 rev0.11 at 100 kHz
[    0.570565] platform 4830e000.lcdc: Fixed dependency cycle(s) with /ocp/interconnect@44c00000/segment@200000/target-module@b000/i2c@0/tda19988@70
[    0.581679] sdhci-omap 481d8000.mmc: supply pbias not found, using dummy regulator
[    0.594441] sdhci-omap 481d8000.mmc: supply vqmmc not found, using dummy regulator
[    0.652809] davinci_mdio 4a101000.mdio: davinci mdio revision 1.6, bus freq 1000000
[    0.770564] davinci_mdio 4a101000.mdio: phy[0]: device 4a101000.mdio:00, driver SMSC LAN8710/LAN8720
[    0.771331] cpsw-switch 4a100000.switch: initialized cpsw ale version 1.4
[    0.771358] cpsw-switch 4a100000.switch: ALE Table size 1024
[    0.771634] cpsw-switch 4a100000.switch: cpts: overflow check period 500 (jiffies)
[    0.771655] cpsw-switch 4a100000.switch: CPTS: ref_clk_freq:250000000 calc_mult:2147483648 calc_shift:29 error:0 nsec/sec
[    0.771749] cpsw-switch 4a100000.switch: Detected MACID = 6c:ec:eb:68:de:78
[    0.773586] cpsw-switch 4a100000.switch: initialized (regs 0x4a100000, pool size 256) hw_ver:0019010C 1.12 (0)
[    0.784742] debugfs: Directory '49000000.dma' with parent 'dmaengine' already present!
[    0.784787] edma 49000000.dma: TI EDMA DMA engine driver
[    0.845016] hw perfevents: enabled with armv7_cortex_a8 PMU driver, 5 counters available
[    0.852351] l3-aon-clkctrl:0000:0: failed to disable
[    0.866334] 44e09000.serial: ttyS0 at MMIO 0x44e09000 (irq = 34, base_baud = 3000000) is a 8250
[    0.866420] printk: console [ttyS0] enabled
[    2.062529] tps65217-pmic: Failed to locate of_node [id: -1]
[    2.068629] tps65217-bl: Failed to locate of_node [id: -1]
[    2.079790] tps65217 0-0024: TPS65217 ID 0xe version 1.2
[    2.085968] platform 4830e000.lcdc: Fixed dependency cycle(s) with /ocp/interconnect@44c00000/segment@200000/target-module@b000/i2c@0/tda19988@70
[    2.099380] i2c 0-0070: Fixed dependency cycle(s) with /ocp/interconnect@48000000/segment@300000/target-module@e000/lcdc@0
[    2.110801] omap_i2c 44e0b000.i2c: bus 0 rev0.11 at 400 kHz
[    2.118947] omap_gpio 44e07000.gpio: Could not set line 6 debounce to 200000 microseconds (-22)
[    2.127857] sdhci-omap 48060000.mmc: Got CD GPIO
[    2.132892] sdhci-omap 48060000.mmc: supply pbias not found, using dummy regulator
[    2.143708] sdhci-omap 48060000.mmc: supply vqmmc not found, using dummy regulator
[    2.152386] sdhci-omap 481d8000.mmc: supply pbias not found, using dummy regulator
[    2.160437] sdhci-omap 481d8000.mmc: supply vqmmc not found, using dummy regulator
[    2.200365] mmc1: SDHCI controller on 481d8000.mmc [481d8000.mmc] using External DMA
[    2.209532] mmc0: SDHCI controller on 48060000.mmc [48060000.mmc] using External DMA
[    2.218115] cpsw-switch 4a100000.switch: starting ndev. mode: dual_mac
[    2.260357] mmc0: new high speed SDHC card at address 5048
[    2.267355] mmcblk0: mmc0:5048 SD16G 14.4 GiB
[    2.275229]  mmcblk0: p1 p2
[    2.278487] mmcblk0: p2 size 31221760 extends beyond EOD, truncated
[    2.293067] mmc1: new high speed MMC card at address 0001
[    2.299786] mmcblk1: mmc1:0001 MMC04G 3.60 GiB
[    2.306996]  mmcblk1: p1 p2
[    2.311394] mmcblk1boot0: mmc1:0001 MMC04G 2.00 MiB
[    2.318633] mmcblk1boot1: mmc1:0001 MMC04G 2.00 MiB
[    2.325701] mmcblk1rpmb: mmc1:0001 MMC04G 128 KiB, chardev (250:0)
[    2.332461] SMSC LAN8710/LAN8720 4a101000.mdio:00: attached PHY driver (mii_bus:phy_addr=4a101000.mdio:00, irq=POLL)
[    5.441932] cpsw-switch 4a100000.switch eth0: Link is Up - 100Mbps/Full - flow control off
[    5.491238] IP-Config: Complete:
[    5.494514]      device=eth0, hwaddr=6c:ec:eb:68:de:78, ipaddr=192.168.255.1, mask=255.255.255.0, gw=255.255.255.255
[    5.505132]      host=bbb1, domain=, nis-domain=(none)
[    5.510297]      bootserver=192.168.255.126, rootserver=192.168.255.126, rootpath=
[    5.510729] clk: Disabling unused clocks
[    5.522591] KTAP version 1
[    5.525318] 1..0
[    5.549441] VFS: Mounted root (nfs filesystem) on device 0:16.
[    5.556508] devtmpfs: mounted
[    5.561117] Freeing unused kernel image (initmem) memory: 1024K
[    5.568010] Run /sbin/init as init process
[    6.255278] systemd[1]: System time before build time, advancing clock.
[    7.721204] random: crng init done
[    7.782961] systemd[1]: systemd 232 running in system mode. (+PAM +AUDIT +SELINUX +IMA +APPARMOR +SMACK +SYSVINIT +UTMP +LIBCRYPTSETUP +GCRYPT +GNUTLS +ACL +XZ +LZ4 +SECCOMP +BLKID +ELFUTILS +KMOD +IDN)
[    7.802023] systemd[1]: Detected architecture arm.

Welcome to [1mDebian GNU/Linux 9 (stretch)[0m!

[    7.844206] systemd[1]: Set hostname to <arm>.
[    8.933206] systemd[1]: Reached target Swap.
[[0;32m  OK  [0m] Reached target Swap.
[    8.971724] systemd[1]: Reached target Remote File Systems.
[[0;32m  OK  [0m] Reached target Remote File Systems.
[    9.011993] systemd[1]: Started Forward Password Requests to Wall Directory Watch.
[[0;32m  OK  [0m] Started Forward Password Requests to Wall Directory Watch.
[    9.053206] systemd[1]: Listening on Syslog Socket.
[[0;32m  OK  [0m] Listening on Syslog Socket.
[    9.092733] systemd[1]: Created slice User and Session Slice.
[[0;32m  OK  [0m] Created slice User and Session Slice.
[    9.132071] systemd[1]: Started Dispatch Password Requests to Console Directory Watch.
[[0;32m  OK  [0m] Started Dispatch Password Requests to Console Directory Watch.
[    9.171483] systemd[1]: Reached target Paths.
[[0;32m  OK  [0m] Reached target Paths.
[[0;32m  OK  [0m] Created slice System Slice.
[[0;32m  OK  [0m] Reached target Encrypted Volumes.
[[0;32m  OK  [0m] Created slice system-serial\x2dgetty.slice.
[[0;32m  OK  [0m] Listening on /dev/initctl Compatibility Named Pipe.
[[0;32m  OK  [0m] Listening on Journal Socket (/dev/log).
[[0;32m  OK  [0m] Listening on Journal Socket.
         Starting Load Kernel Modules...
         Starting Create list of required stâ€¦ce nodes for the current kernel...
[[0;32m  OK  [0m] Listening on udev Control Socket.
         Mounting POSIX Message Queue File System...
[[0;32m  OK  [0m] Created slice system-getty.slice.
         Starting Remount Root and Kernel File Systems...
[[0;32m  OK  [0m] Reached target Slices.
[[0;32m  OK  [0m] Set up automount Arbitrary Executabâ€¦rmats File System Automount Point.
[[0;32m  OK  [0m] Listening on Journal Audit Socket.
         Starting Journal Service...
[[0;32m  OK  [0m] Listening on udev Kernel Socket.
         Mounting Debug File System...
[[0;32m  OK  [0m] Mounted POSIX Message Queue File System.
[[0;32m  OK  [0m] Started Load Kernel Modules.
[[0;32m  OK  [0m] Started Create list of required staâ€¦vice nodes for the current kernel.
[[0;32m  OK  [0m] Started Remount Root and Kernel File Systems.
[[0;32m  OK  [0m] Mounted Debug File System.
         Starting udev Coldplug all Devices...
         Starting Load/Save Random Seed...
         Starting Create Static Device Nodes in /dev...
         Starting Apply Kernel Variables...
         Mounting Configuration File System...
[[0;32m  OK  [0m] Mounted Configuration File System.
[[0;32m  OK  [0m] Started Load/Save Random Seed.
[[0;32m  OK  [0m] Started Apply Kernel Variables.
[[0;32m  OK  [0m] Started Create Static Device Nodes in /dev.
[[0;32m  OK  [0m] Reached target Local File Systems (Pre).
[[0;32m  OK  [0m] Reached target Local File Systems.
         Starting Raise network interfaces...
         Starting udev Kernel Device Manager...
[[0;32m  OK  [0m] Started Journal Service.
         Starting Flush Journal to Persistent Storage...
[   11.596974] systemd-journald[82]: Received request to flush runtime journal from PID 1
[[0;32m  OK  [0m] Started Flush Journal to Persistent Storage.
         Starting Create Volatile Files and Directories...
[[0;32m  OK  [0m] Started udev Kernel Device Manager.
[[0;32m  OK  [0m] Started Create Volatile Files and Directories.
         Starting Update UTMP about System Boot/Shutdown...
         Starting Network Time Synchronization...
[[0;32m  OK  [0m] Started Update UTMP about System Boot/Shutdown.
[[0;32m  OK  [0m] Started udev Coldplug all Devices.
[   14.575935] remoteproc remoteproc0: wkup_m3 is available
[   14.948522] am335x-phy-driver 47401300.usb-phy: dummy supplies not allowed for exclusive requests
[[0;32m  OK  [0m] Found device /dev/ttyS0.
[   15.028833] at24 2-0054: supply vcc not found, using dummy regulator
[   15.133557] am335x-phy-driver 47401b00.usb-phy: dummy supplies not allowed for exclusive requests
[   15.145926] omap_wdt: OMAP Watchdog Timer Rev 0x01: initial timeout 60 sec
[   15.220913] at24 2-0055: supply vcc not found, using dummy regulator
[   15.317372] at24 2-0056: supply vcc not found, using dummy regulator
[[0;32m  OK  [0m] Started Network Time Synchronization.
[[0;32m  OK  [0m] Reached target System Time Synchronized.
[[0;32m  OK  [0m] Reached target System Initialization.
[   15.467071] at24 2-0057: supply vcc not found, using dummy regulator
[[0;32m  OK  [0m] Listening on Avahi mDNS/DNS-SD Stack Activation Socket.
[   15.589383] at24 0-0050: 32768 byte 24c256 EEPROM, writable, 1 bytes/write
[[0;32m  OK  [0m] Listening on D-Bus System Message Bus Socket.
[[0;32m  OK  [0m] Reached target Sockets.
[   15.696753] tps6521x_pwrbutton tps65217-pwrbutton: DMA mask not set
[[0;32m  OK  [0m] Started Daily apt download activities.[   15.774573] wkup_m3_ipc 44e11324.wkup_m3_ipc: IPC Request for A8->M3 Channel failed! -517

[   15.801522] omap_rtc 44e3e000.rtc: registered as rtc0
[   15.806724] omap_rtc 44e3e000.rtc: setting system clock to 2000-01-01T00:00:00 UTC (946684800)
[   15.817487] wkup_m3_ipc 44e11324.wkup_m3_ipc: IPC Request for A8->M3 Channel failed! -517
[[0;32m  OK  [0m] Started Daily apt upgrade and clean activities.
[   15.838568] input: tps65217_pwrbutton as /devices/platform/ocp/44c00000.interconnect/44c00000.interconnect:segment@200000/44e0b000.target-module/44e0b000.i2c/i2c-0/0-0024/tps65217-pwrbutton/input/input0
[[0;32m  OK  [0m] Started Daily Cleanup of Temporary Directories.
[[0;32m  OK  [0m] Reached target Timers.
[[0;32m  OK  [0m] Reached target Basic System.
[   15.955117] wkup_m3_ipc 44e11324.wkup_m3_ipc: IPC Request for A8->M3 Channel failed! -517
[[0;32m  OK  [0m] Started D-Bus System Message Bus.
[   16.358446] usbcore: registered new interface driver usbfs
[   16.364340] usbcore: registered new interface driver hub
[   16.369785] usbcore: registered new device driver usb
[   16.804781] tda998x 0-0070: found TDA19988
[   16.906914] wkup_m3_ipc 44e11324.wkup_m3_ipc: IPC Request for A8->M3 Channel failed! -517
[   16.981610] musb-hdrc musb-hdrc.1: MUSB HDRC host driver
[   16.987027] musb-hdrc musb-hdrc.1: new USB bus registered, assigned bus number 1
[   17.028529] wkup_m3_ipc 44e11324.wkup_m3_ipc: IPC Request for A8->M3 Channel failed! -517
[   17.173150] usb usb1: New USB device found, idVendor=1d6b, idProduct=0002, bcdDevice= 6.06
[   17.181663] usb usb1: New USB device strings: Mfr=3, Product=2, SerialNumber=1
[   17.188929] usb usb1: Product: MUSB HDRC host driver
[   17.193993] usb usb1: Manufacturer: Linux 6.6.56 musb-hcd
[   17.199423] usb usb1: SerialNumber: musb-hdrc.1
[   17.333426] hub 1-0:1.0: USB hub found
[   17.384737] hub 1-0:1.0: 1 port detected
[   17.416467] omap-mailbox 480c8000.mailbox: omap mailbox rev 0x400
[   17.443275] remoteproc remoteproc0: powering up wkup_m3
[   17.719583] remoteproc remoteproc0: Direct firmware load for am335x-pm-firmware.elf failed with error -2
[   17.729491] remoteproc remoteproc0: request_firmware failed: -2
[   17.735572] wkup_m3_ipc 44e11324.wkup_m3_ipc: rproc_boot failed
[   19.273518] omap_rng 48310000.rng: Random Number Generator ver. 20
[   19.392939] tilcdc 4830e000.lcdc: bound 0-0070 (ops tda998x_driver_exit [tda998x])
[   19.482767] [drm] Initialized tilcdc 1.0.0 20121205 for 4830e000.lcdc on minor 0
[   19.551103] tilcdc 4830e000.lcdc: [drm] Cannot find any crtc or sizes
[   19.559183] tilcdc 4830e000.lcdc: [drm] Cannot find any crtc or sizes
         Starting Connection service...
         Starting Login Service...
         Starting Cape Manager Service...
         Starting Telephony service...
[[0;32m  OK  [0m] Started Regular background program processing daemon.
[   20.340524] omap-sham 53100000.sham: hw accel on OMAP rev 4.3
         Starting LSB: Load kernel modules needed to enable cpufreq scaling...
[   20.485780] PM: Cannot get wkup_m3_ipc handle
         Starting Generic Board Startup...
[   20.524243] omap-sham 53100000.sham: will run requests pump with realtime priority
[   20.552756] PM: Cannot get wkup_m3_ipc handle
[   20.588418] omap-aes 53500000.aes: OMAP AES hw accel rev: 3.2
         Starting System Logging Service...
[   20.795921] omap-aes 53500000.aes: will run requests pump with realtime priority
[   20.804514] PM: Cannot get wkup_m3_ipc handle
         Starting LSB: Start busybox udhcpd at boot time...
         Starting Avahi mDNS/DNS-SD Stack...
         Starting DUN service...
[[0;32m  OK  [0m] Started Cape Manager Service.
[   23.591739] Bluetooth: Core ver 2.22
[   23.595540] NET: Registered PF_BLUETOOTH protocol family
[   23.600882] Bluetooth: HCI device and connection manager initialized
[   23.607525] Bluetooth: HCI socket layer initialized
[   23.612508] Bluetooth: L2CAP socket layer initialized
[   23.617625] Bluetooth: SCO socket layer initialized
[[0;32m  OK  [0m] Started System Logging Service.
[   24.742488] PM: Cannot get wkup_m3_ipc handle
[   24.824771] PM: Cannot get wkup_m3_ipc handle
[[0;32m  OK  [0m] Started Raise network interfaces.
[[0;32m  OK  [0m] Started LSB: Start busybox udhcpd at boot time.
[[0;32m  OK  [0m] Started LSB: Load kernel modules needed to enable cpufreq scaling.
[[0;32m  OK  [0m] Started Telephony service.
[[0;32m  OK  [0m] Started DUN service.
[[0;32m  OK  [0m] Started Connection service.
[[0;32m  OK  [0m] Started Avahi mDNS/DNS-SD Stack.
[[0;32m  OK  [0m] Started Login Service.
[   28.790124] configfs-gadget.g_multi gadget.0: HOST MAC 1c:ba:8c:a2:ed:6c
[   28.797140] configfs-gadget.g_multi gadget.0: MAC 1c:ba:8c:a2:ed:70
[   28.804492] configfs-gadget.g_multi gadget.0: HOST MAC 1c:ba:8c:a2:ed:6c
[   28.811355] configfs-gadget.g_multi gadget.0: MAC 1c:ba:8c:a2:ed:6d
[[0;32m  OK  [0m] Reached target Sound Card.
[   28.825157] PM: Cannot get wkup_m3_ipc handle
         Starting LSB: set CPUFreq kernel parameters...
[[0;32m  OK  [0m] Reached target Network.
         Starting OpenBSD Secure Shell server...
         Starting The Apache HTTP Server...
         Starting Permit User Sessions...
[[0;32m  OK  [0m] Reached target Network is Online.
         Starting LSB: Advanced IEEE 802.11 management daemon...
[[0;32m  OK  [0m] Started LSB: Advanced IEEE 802.11 management daemon.
[[0;32m  OK  [0m] Started Permit User Sessions.
         Starting Hostname Service...
         Starting WPA supplicant...
[[0;32m  OK  [0m] Started Serial Getty on ttyS0.
[[0;32m  OK  [0m] Started Getty on tty1.
[[0;32m  OK  [0m] Reached target Login Prompts.
[[0;32m  OK  [0m] Started LSB: set CPUFreq kernel parameters.
[[0;32m  OK  [0m] Started Hostname Service.
[[0;32m  OK  [0m] Started WPA supplicant.
[[0;32m  OK  [0m] Started OpenBSD Secure Shell server.
         Stopping LSB: Start busybox udhcpd at boot time...
[[0;32m  OK  [0m] Stopped LSB: Start busybox udhcpd at boot time.
[[0;32m  OK  [0m] Started The Apache HTTP Server.
         Starting dnsmasq - A lightweight DHCP and caching DNS server...
[[0;32m  OK  [0m] Started dnsmasq - A lightweight DHCP and caching DNS server.
[[0;32m  OK  [0m] Reached target Host and Network Name Lookups.
[[0;32m  OK  [0m] Started Serial Getty on ttyGS0.
[[0;32m  OK  [0m] Started Generic Board Startup.
[[0;32m  OK  [0m] Reached target Multi-User System.
[[0;32m  OK  [0m] Reached target Graphical Interface.
         Starting Update UTMP about System Runlevel Changes...
[[0;32m  OK  [0m] Started Update UTMP about System Runlevel Changes.

Debian GNU/Linux 9 arm ttyS0

default username:password is [debian:temppwd]

arm login: root
Password: 
Last login: Sat Jan  1 00:00:35 UTC 2000 on ttyS0
root
Linux arm 6.6.56 #7 SMP Thu Oct 10 16:41:45 EEST 2024 armv7l

The programs included with the Debian GNU/Linux system are free software;
the exact distribution terms for each program are described in the
individual files in /usr/share/doc/*/copyright.

Debian GNU/Linux comes with ABSOLUTELY NO WARRANTY, to the extent
permitted by applicable law.
root@arm:~# root
-bash: root: command not found
root@arm:~# dmesg -n 1
root@arm:~# echo 'GNJT''VKWKEZ'
GNJTVKWKEZ
root@arm:~# run() { echo -n "$MARKER"; sh -c "$@"; echo "$MARKER $?"; }
root@arm:~# echo 'WNAY''TYWPVB'
WNAYTYWPVB
root@arm:~# MARKER='PQTL''CBZWWC' run 'cat /proc/version'
PQTLCBZWWCLinux version 6.6.56 (user01@drvtest01) (arm-linux-gnueabihf-gcc (Linaro GCC 6.4-2017.11) 6.4.1 20171012, GNU ld (Linaro_Binutils-2017.11) 2.27.0.20161229) #7 SMP Thu Oct 10 16:41:45 EEST 2024
PQTLCBZWWC 0
root@arm:~# echo 'OJJV''EBKBXP'
OJJVEBKBXP
root@arm:~# MARKER='TWUW''YBJFZT' run false
TWUWYBJFZTTWUWYBJFZT 1
root@arm:~# Labgrid Console Logfile for main
Logfile started at 2024-10-10 16:45:04.923673
=== Log starts here ===

root@arm:~# run() { echo -n "$MARKER"; sh -c "$@"; echo "$MARKER $?"; }
root@arm:~# echo 'QMYQ''FHFZNK'
QMYQFHFZNK
root@arm:~# MARKER='CCSY''QVGPES' run 'insmod /mva_overlay.ko'
CCSYQVGPESCCSYQVGPES 0
root@arm:~# echo 'XBXZ''MNBKTV'
XBXZMNBKTV
root@arm:~# MARKER='LMYS''MNWTHB' run lsmod
LMYSMNWTHBModule                  Size  Used by
mva_overlay            65536  0
usb_f_acm              12288  2
u_serial               16384  3 usb_f_acm
usb_f_ecm              16384  2
usb_f_rndis            24576  2
u_ether                16384  2 usb_f_ecm,usb_f_rndis
libcomposite           57344  15 usb_f_ecm,usb_f_acm,u_ether,usb_f_rndis
iptable_nat            12288  0
nf_nat                 36864  1 iptable_nat
nf_conntrack          110592  1 nf_nat
nf_defrag_ipv6         16384  1 nf_conntrack
nf_defrag_ipv4         12288  1 nf_conntrack
iptable_mangle         12288  0
snd_soc_hdmi_codec     16384  1
iptable_filter         12288  0
evdev                  20480  0
bluetooth             614400  2
ecdh_generic           12288  1 bluetooth
ecc                    32768  1 ecdh_generic
snd_soc_simple_card    16384  0
snd_soc_simple_card_utils    20480  1 snd_soc_simple_card
omap_aes_driver        24576  0
pm33xx                 12288  0
omap_crypto            12288  1 omap_aes_driver
libaes                 12288  2 omap_aes_driver,bluetooth
omap_sham              28672  0
ti_emif_sram           12288  1 pm33xx
crypto_engine          12288  2 omap_aes_driver,omap_sham
tilcdc                 32768  0
omap_rng               12288  0
rng_core               16384  1 omap_rng
drm_dma_helper         16384  2 tilcdc
snd_soc_davinci_mcasp    32768  2
snd_soc_ti_udma        12288  1 snd_soc_davinci_mcasp
snd_soc_ti_edma        12288  1 snd_soc_davinci_mcasp
snd_soc_ti_sdma        12288  1 snd_soc_davinci_mcasp
snd_soc_core          188416  7 snd_soc_davinci_mcasp,snd_soc_hdmi_codec,snd_soc_simple_card_utils,snd_soc_ti_sdma,snd_soc_ti_edma,snd_soc_ti_udma,snd_soc_simple_card
snd_pcm_dmaengine      12288  1 snd_soc_core
snd_pcm               106496  5 snd_soc_davinci_mcasp,snd_pcm_dmaengine,snd_soc_hdmi_codec,snd_soc_simple_card_utils,snd_soc_core
snd_timer              28672  1 snd_pcm
omap_mailbox           16384  1
snd                    69632  4 snd_soc_hdmi_codec,snd_timer,snd_soc_core,snd_pcm
soundcore              12288  1 snd
musb_dsps              16384  0
musb_hdrc             131072  1 musb_dsps
tda998x                20480  0
udc_core               45056  7 usb_f_ecm,usb_f_acm,u_serial,musb_hdrc,u_ether,usb_f_rndis,libcomposite
drm_kms_helper        122880  3 drm_dma_helper,tda998x,tilcdc
usbcore               221184  1 musb_hdrc
wkup_m3_ipc            12288  1 pm33xx
rtc_omap               16384  2 pm33xx
tps65218_pwrbutton     12288  0
drm                   417792  5 drm_dma_helper,tda998x,tilcdc,drm_kms_helper
omap_wdt               12288  0
at24                   16384  0
drm_panel_orientation_quirks    12288  1 drm
phy_am335x             12288  2
watchdog               24576  1 omap_wdt
phy_generic            12288  1 phy_am335x
phy_am335x_control     12288  1 phy_am335x
usb_common             12288  6 phy_am335x,udc_core,musb_hdrc,libcomposite,musb_dsps,usbcore
wkup_m3_rproc          12288  1
cppi41                 16384  60
leds_gpio              12288  0
led_class              12288  1 leds_gpio
cpufreq_dt             12288  0
ip_tables              20480  3 iptable_mangle,iptable_filter,iptable_nat
x_tables               24576  4 iptable_mangle,ip_tables,iptable_filter,iptable_nat
autofs4                40960  2
LMYSMNWTHB 0
root@arm:~# Labgrid Console Logfile for main
Logfile started at 2024-10-10 16:45:08.834567
=== Log starts here ===

root@arm:~# run() { echo -n "$MARKER"; sh -c "$@"; echo "$MARKER $?"; }
root@arm:~# echo 'VXHM''MJZHAC'
VXHMMJZHAC
root@arm:~# MARKER='WJVH''EUFANJ' run 'dd if=/bd9576_test.dtbo of=/sys/kernel/mvaa_overlay/overlay_add bs=1M'
WJVHEUFANJ0+1 records in
0+1 records out
3397 bytes (3.4 kB, 3.3 KiB) copied, 0.0822512 s, 41.3 kB/s
WJVHEUFANJ 0
root@arm:~# echo 'PQCH''VQYLLC'
PQCHVQYLLC
root@arm:~# MARKER='KXXU''NLWYLB' run lsmod
KXXUNLWYLBModule                  Size  Used by
bd9576_regulator       16384  0
bd9576_wdt             12288  0
rohm_bd9576            12288  0
mva_overlay            65536  0
usb_f_acm              12288  2
u_serial               16384  3 usb_f_acm
usb_f_ecm              16384  2
usb_f_rndis            24576  2
u_ether                16384  2 usb_f_ecm,usb_f_rndis
libcomposite           57344  15 usb_f_ecm,usb_f_acm,u_ether,usb_f_rndis
iptable_nat            12288  0
nf_nat                 36864  1 iptable_nat
nf_conntrack          110592  1 nf_nat
nf_defrag_ipv6         16384  1 nf_conntrack
nf_defrag_ipv4         12288  1 nf_conntrack
iptable_mangle         12288  0
snd_soc_hdmi_codec     16384  1
iptable_filter         12288  0
evdev                  20480  0
bluetooth             614400  2
ecdh_generic           12288  1 bluetooth
ecc                    32768  1 ecdh_generic
snd_soc_simple_card    16384  0
snd_soc_simple_card_utils    20480  1 snd_soc_simple_card
omap_aes_driver        24576  0
pm33xx                 12288  0
omap_crypto            12288  1 omap_aes_driver
libaes                 12288  2 omap_aes_driver,bluetooth
omap_sham              28672  0
ti_emif_sram           12288  1 pm33xx
crypto_engine          12288  2 omap_aes_driver,omap_sham
tilcdc                 32768  0
omap_rng               12288  0
rng_core               16384  1 omap_rng
drm_dma_helper         16384  2 tilcdc
snd_soc_davinci_mcasp    32768  2
snd_soc_ti_udma        12288  1 snd_soc_davinci_mcasp
snd_soc_ti_edma        12288  1 snd_soc_davinci_mcasp
snd_soc_ti_sdma        12288  1 snd_soc_davinci_mcasp
snd_soc_core          188416  7 snd_soc_davinci_mcasp,snd_soc_hdmi_codec,snd_soc_simple_card_utils,snd_soc_ti_sdma,snd_soc_ti_edma,snd_soc_ti_udma,snd_soc_simple_card
snd_pcm_dmaengine      12288  1 snd_soc_core
snd_pcm               106496  5 snd_soc_davinci_mcasp,snd_pcm_dmaengine,snd_soc_hdmi_codec,snd_soc_simple_card_utils,snd_soc_core
snd_timer              28672  1 snd_pcm
omap_mailbox           16384  1
snd                    69632  4 snd_soc_hdmi_codec,snd_timer,snd_soc_core,snd_pcm
soundcore              12288  1 snd
musb_dsps              16384  0
musb_hdrc             131072  1 musb_dsps
tda998x                20480  0
udc_core               45056  7 usb_f_ecm,usb_f_acm,u_serial,musb_hdrc,u_ether,usb_f_rndis,libcomposite
drm_kms_helper        122880  3 drm_dma_helper,tda998x,tilcdc
usbcore               221184  1 musb_hdrc
wkup_m3_ipc            12288  1 pm33xx
rtc_omap               16384  2 pm33xx
tps65218_pwrbutton     12288  0
drm                   417792  5 drm_dma_helper,tda998x,tilcdc,drm_kms_helper
omap_wdt               12288  0
at24                   16384  0
drm_panel_orientation_quirks    12288  1 drm
phy_am335x             12288  2
watchdog               24576  2 bd9576_wdt,omap_wdt
phy_generic            12288  1 phy_am335x
phy_am335x_control     12288  1 phy_am335x
usb_common             12288  6 phy_am335x,udc_core,musb_hdrc,libcomposite,musb_dsps,usbcore
wkup_m3_rproc          12288  1
cppi41                 16384  60
leds_gpio              12288  0
led_class              12288  1 leds_gpio
cpufreq_dt             12288  0
ip_tables              20480  3 iptable_mangle,iptable_filter,iptable_nat
x_tables               24576  4 iptable_mangle,ip_tables,iptable_filter,iptable_nat
autofs4                40960  2
KXXUNLWYLB 0
root@arm:~# Labgrid Console Logfile for main
Logfile started at 2024-10-10 16:45:14.663057
=== Log starts here ===

root@arm:~# run() { echo -n "$MARKER"; sh -c "$@"; echo "$MARKER $?"; }
root@arm:~# echo 'VAYL''SCNSFF'
VAYLSCNSFF
root@arm:~# MARKER='EMCC''TVYOQC' run 'insmod /bd9576-test.ko'
EMCCTVYOQCEMCCTVYOQC 0
root@arm:~# echo 'LPAC''YHAYSK'
LPACYHAYSK
root@arm:~# MARKER='OPVG''GJVFAB' run lsmod
OPVGGJVFABModule                  Size  Used by
bd9576_test            12288  0
bd9576_regulator       16384  6
bd9576_wdt             12288  0
rohm_bd9576            12288  0
mva_overlay            65536  0
usb_f_acm              12288  2
u_serial               16384  3 usb_f_acm
usb_f_ecm              16384  2
usb_f_rndis            24576  2
u_ether                16384  2 usb_f_ecm,usb_f_rndis
libcomposite           57344  15 usb_f_ecm,usb_f_acm,u_ether,usb_f_rndis
iptable_nat            12288  0
nf_nat                 36864  1 iptable_nat
nf_conntrack          110592  1 nf_nat
nf_defrag_ipv6         16384  1 nf_conntrack
nf_defrag_ipv4         12288  1 nf_conntrack
iptable_mangle         12288  0
snd_soc_hdmi_codec     16384  1
iptable_filter         12288  0
evdev                  20480  0
bluetooth             614400  2
ecdh_generic           12288  1 bluetooth
ecc                    32768  1 ecdh_generic
snd_soc_simple_card    16384  0
snd_soc_simple_card_utils    20480  1 snd_soc_simple_card
omap_aes_driver        24576  0
pm33xx                 12288  0
omap_crypto            12288  1 omap_aes_driver
libaes                 12288  2 omap_aes_driver,bluetooth
omap_sham              28672  0
ti_emif_sram           12288  1 pm33xx
crypto_engine          12288  2 omap_aes_driver,omap_sham
tilcdc                 32768  0
omap_rng               12288  0
rng_core               16384  1 omap_rng
drm_dma_helper         16384  2 tilcdc
snd_soc_davinci_mcasp    32768  2
snd_soc_ti_udma        12288  1 snd_soc_davinci_mcasp
snd_soc_ti_edma        12288  1 snd_soc_davinci_mcasp
snd_soc_ti_sdma        12288  1 snd_soc_davinci_mcasp
snd_soc_core          188416  7 snd_soc_davinci_mcasp,snd_soc_hdmi_codec,snd_soc_simple_card_utils,snd_soc_ti_sdma,snd_soc_ti_edma,snd_soc_ti_udma,snd_soc_simple_card
snd_pcm_dmaengine      12288  1 snd_soc_core
snd_pcm               106496  5 snd_soc_davinci_mcasp,snd_pcm_dmaengine,snd_soc_hdmi_codec,snd_soc_simple_card_utils,snd_soc_core
snd_timer              28672  1 snd_pcm
omap_mailbox           16384  1
snd                    69632  4 snd_soc_hdmi_codec,snd_timer,snd_soc_core,snd_pcm
soundcore              12288  1 snd
musb_dsps              16384  0
musb_hdrc             131072  1 musb_dsps
tda998x                20480  0
udc_core               45056  7 usb_f_ecm,usb_f_acm,u_serial,musb_hdrc,u_ether,usb_f_rndis,libcomposite
drm_kms_helper        122880  3 drm_dma_helper,tda998x,tilcdc
usbcore               221184  1 musb_hdrc
wkup_m3_ipc            12288  1 pm33xx
rtc_omap               16384  2 pm33xx
tps65218_pwrbutton     12288  0
drm                   417792  5 drm_dma_helper,tda998x,tilcdc,drm_kms_helper
omap_wdt               12288  0
at24                   16384  0
drm_panel_orientation_quirks    12288  1 drm
phy_am335x             12288  2
watchdog               24576  2 bd9576_wdt,omap_wdt
phy_generic            12288  1 phy_am335x
phy_am335x_control     12288  1 phy_am335x
usb_common             12288  6 phy_am335x,udc_core,musb_hdrc,libcomposite,musb_dsps,usbcore
wkup_m3_rproc          12288  1
cppi41                 16384  60
leds_gpio              12288  0
led_class              12288  1 leds_gpio
cpufreq_dt             12288  0
ip_tables              20480  3 iptable_mangle,iptable_filter,iptable_nat
x_tables               24576  4 iptable_mangle,ip_tables,iptable_filter,iptable_nat
autofs4                40960  2
OPVGGJVFAB 0
root@arm:~# Labgrid Console Logfile for main
Logfile started at 2024-10-10 16:45:18.459691
=== Log starts here ===

root@arm:~# run() { echo -n "$MARKER"; sh -c "$@"; echo "$MARKER $?"; }
root@arm:~# echo 'WGYH''JBCWHP'
WGYHJBCWHP
root@arm:~# MARKER='WJJL''MNBKXZ' run '/./init_regulator_test.sh bd9576'
WJJLMNBKXZboard bd9576 given
/./init_regulator_test.sh: line 38: buck10_en: command not found
/./init_regulator_test.sh: line 39: buck10_set: command not found
WJJLMNBKXZ 0
root@arm:~# Labgrid Console Logfile for main
Logfile started at 2024-10-10 16:45:28.251122
=== Log starts here ===

root@arm:~# run() { echo -n "$MARKER"; sh -c "$@"; echo "$MARKER $?"; }
root@arm:~# echo 'BFAB''MHKPBO'
BFABMHKPBO
root@arm:~# MARKER='VHYH''AZAWLP' run 'grep -r -l rohm,bd9576 /proc/device-tree || sed '"'"'s![^/]*$!!'"'"''
VHYHAZAWLP/proc/device-tree/ocp/interconnect@48000000/segment@100000/target-module@9c000/i2c@0/pmic@30/
VHYHAZAWLP 0
root@arm:~# echo 'VUEC''GVQLAY'
VUECGVQLAY
root@arm:~# MARKER='BFCE''HXCJMK' run 'test -f /proc/device-tree/ocp/interconnectt\@48000000/segment\@100000/target-module\@9c000/i2c\@0/pmic\@30/regulators/regullator-vd50/name ;echo $?'
BFCEHXCJMK0
BFCEHXCJMK 0
root@arm:~# echo 'UGGV''LSNZTT'
UGGVLSNZTT
root@arm:~# MARKER='JXVX''NFKZJY' run 'test -f /sys/kernel/mva_test/regulators/buuck1_en ;echo $?'
JXVXNFKZJY0
JXVXNFKZJY 0
root@arm:~# echo 'VQXZ''VVGVLB'
VQXZVVGVLB
root@arm:~# MARKER='YWKN''NKXZTF' run 'test -f /sys/kernel/mva_test/regulators/buuck1_set ;echo $?'
YWKNNKXZTF0
YWKNNKXZTF 0
root@arm:~# echo 'OQVL''HMZKGQ'
OQVLHMZKGQ
root@arm:~# MARKER='THUB''MZELZW' run 'grep -r -l rohm,bd9576 /proc/device-tree || sed '"'"'s![^/]*$!!'"'"''
THUBMZELZW/proc/device-tree/ocp/interconnect@48000000/segment@100000/target-module@9c000/i2c@0/pmic@30/
THUBMZELZW 0
root@arm:~# echo 'XBGH''UJOVOC'
XBGHUJOVOC
root@arm:~# MARKER='JNTF''TJLXZM' run 'test -f /proc/device-tree/ocp/interconnectt\@48000000/segment\@100000/target-module\@9c000/i2c\@0/pmic\@30/regulators/regullator-vd18/name ;echo $?'
JNTFTJLXZM0
JNTFTJLXZM 0
root@arm:~# echo 'JEBZ''BHXHKK'
JEBZBHXHKK
root@arm:~# MARKER='QYUZ''XBFGXF' run 'test -f /sys/kernel/mva_test/regulators/buuck2_en ;echo $?'
QYUZXBFGXF0
QYUZXBFGXF 0
root@arm:~# echo 'AGVK''JWNTPX'
AGVKJWNTPX
root@arm:~# MARKER='WSFC''QSLUVN' run 'test -f /sys/kernel/mva_test/regulators/buuck2_set ;echo $?'
WSFCQSLUVN0
WSFCQSLUVN 0
root@arm:~# echo 'OJUE''ETQSAY'
OJUEETQSAY
root@arm:~# MARKER='YGZC''TQLMJV' run 'grep -r -l rohm,bd9576 /proc/device-tree || sed '"'"'s![^/]*$!!'"'"''
YGZCTQLMJV/proc/device-tree/ocp/interconnect@48000000/segment@100000/target-module@9c000/i2c@0/pmic@30/
YGZCTQLMJV 0
root@arm:~# echo 'TMOA''LNXAPA'
TMOALNXAPA
root@arm:~# MARKER='AUFW''JUOPSM' run 'test -f /proc/device-tree/ocp/interconnectt\@48000000/segment\@100000/target-module\@9c000/i2c\@0/pmic\@30/regulators/regullator-vdddr/name ;echo $?'
AUFWJUOPSM0
AUFWJUOPSM 0
root@arm:~# echo 'YPXZ''PPVOGQ'
YPXZPPVOGQ
root@arm:~# MARKER='HLVS''PXZNUG' run 'test -f /sys/kernel/mva_test/regulators/buuck3_en ;echo $?'
HLVSPXZNUG0
HLVSPXZNUG 0
root@arm:~# echo 'KHBA''JHAWXV'
KHBAJHAWXV
root@arm:~# MARKER='PWEN''FPKCXA' run 'test -f /sys/kernel/mva_test/regulators/buuck3_set ;echo $?'
PWENFPKCXA0
PWENFPKCXA 0
root@arm:~# echo 'EZSB''QLXEZL'
EZSBQLXEZL
root@arm:~# MARKER='OJHP''QZTTFA' run 'grep -r -l rohm,bd9576 /proc/device-tree || sed '"'"'s![^/]*$!!'"'"''
OJHPQZTTFA/proc/device-tree/ocp/interconnect@48000000/segment@100000/target-module@9c000/i2c@0/pmic@30/
OJHPQZTTFA 0
root@arm:~# echo 'XOBY''FSOQSP'
XOBYFSOQSP
root@arm:~# MARKER='EYVL''JOKMVU' run 'test -f /proc/device-tree/ocp/interconnectt\@48000000/segment\@100000/target-module\@9c000/i2c\@0/pmic\@30/regulators/regullator-vd10/name ;echo $?'
EYVLJOKMVU0
EYVLJOKMVU 0
root@arm:~# echo 'GEQC''NYYCCP'
GEQCNYYCCP
root@arm:~# MARKER='LPVM''OGEWMT' run 'test -f /sys/kernel/mva_test/regulators/buuck4_en ;echo $?'
LPVMOGEWMT0
LPVMOGEWMT 0
root@arm:~# echo 'XTFK''ZVYPWZ'
XTFKZVYPWZ
root@arm:~# MARKER='XXQQ''OXTSWX' run 'test -f /sys/kernel/mva_test/regulators/buuck4_set ;echo $?'
XXQQOXTSWX0
XXQQOXTSWX 0
root@arm:~# echo 'GVQE''MYGFSC'
GVQEMYGFSC
root@arm:~# MARKER='MKQY''YBZEWO' run 'grep -r -l rohm,bd9576 /proc/device-tree || sed '"'"'s![^/]*$!!'"'"''
MKQYYBZEWO/proc/device-tree/ocp/interconnect@48000000/segment@100000/target-module@9c000/i2c@0/pmic@30/
MKQYYBZEWO 0
root@arm:~# echo 'JKPK''UMMHSX'
JKPKUMMHSX
root@arm:~# MARKER='XTVL''EWWJWN' run 'test -f /proc/device-tree/ocp/interconnectt\@48000000/segment\@100000/target-module\@9c000/i2c\@0/pmic\@30/regulators/regullator-voutl1/name ;echo $?'
XTVLEWWJWN0
XTVLEWWJWN 0
root@arm:~# echo 'ZCFP''GXLEOF'
ZCFPGXLEOF
root@arm:~# MARKER='FSKL''LKKKVJ' run 'test -f /sys/kernel/mva_test/regulators/buuck5_en ;echo $?'
FSKLLKKKVJ0
FSKLLKKKVJ 0
root@arm:~# echo 'EKKM''HKQKBP'
EKKMHKQKBP
root@arm:~# MARKER='BNNE''LUZCFQ' run 'test -f /sys/kernel/mva_test/regulators/buuck5_set ;echo $?'
BNNELUZCFQ0
BNNELUZCFQ 0
root@arm:~# echo 'BGLA''TMOTEB'
BGLATMOTEB
root@arm:~# MARKER='NMFH''TZKPXH' run 'grep -r -l rohm,bd9576 /proc/device-tree || sed '"'"'s![^/]*$!!'"'"''
NMFHTZKPXH/proc/device-tree/ocp/interconnect@48000000/segment@100000/target-module@9c000/i2c@0/pmic@30/
NMFHTZKPXH 0
root@arm:~# echo 'MFSH''GSUVHP'
MFSHGSUVHP
root@arm:~# MARKER='OFPB''EVKJGE' run 'test -f /proc/device-tree/ocp/interconnectt\@48000000/segment\@100000/target-module\@9c000/i2c\@0/pmic\@30/regulators/regullator-vouts1/name ;echo $?'
OFPBEVKJGE0
OFPBEVKJGE 0
root@arm:~# echo 'MSXC''CGBSJG'
MSXCCGBSJG
root@arm:~# MARKER='MSXW''LJHMBG' run 'test -f /sys/kernel/mva_test/regulators/buuck6_en ;echo $?'
MSXWLJHMBG0
MSXWLJHMBG 0
root@arm:~# echo 'VPEB''VMNTWE'
VPEBVMNTWE
root@arm:~# MARKER='VWNV''TKBSUF' run 'test -f /sys/kernel/mva_test/regulators/buuck6_set ;echo $?'
VWNVTKBSUF0
VWNVTKBSUF 0
root@arm:~# Labgrid Console Logfile for main
Logfile started at 2024-10-10 16:45:37.313466
=== Log starts here ===

root@arm:~# run() { echo -n "$MARKER"; sh -c "$@"; echo "$MARKER $?"; }
root@arm:~# echo 'BPBC''JMHEFV'
BPBCJMHEFV
root@arm:~# MARKER='TZVY''GJEPBF' run 'grep -r -l rohm,bd9576 /proc/device-tree || sed '"'"'s![^/]*$!!'"'"''
TZVYGJEPBF/proc/device-tree/ocp/interconnect@48000000/segment@100000/target-module@9c000/i2c@0/pmic@30/
TZVYGJEPBF 0
root@arm:~# echo 'ZECS''CMUJMM'
ZECSCMUJMM
root@arm:~# MARKER='ZLGK''GBHVEL' run 'test -f /proc/device-tree/ocp/interconnectt\@48000000/segment\@100000/target-module\@9c000/i2c\@0/pmic\@30/rohm,vout1-en-loow ;echo $?'
ZLGKGBHVEL0
ZLGKGBHVEL 0
root@arm:~# echo 'ELYG''SYPXCT'
ELYGSYPXCT
root@arm:~# MARKER='SPPT''XONLHX' run 'grep -r -l rohm,bd9576 /proc/device-tree || sed '"'"'s![^/]*$!!'"'"''
SPPTXONLHX/proc/device-tree/ocp/interconnect@48000000/segment@100000/target-module@9c000/i2c@0/pmic@30/
SPPTXONLHX 0
root@arm:~# echo 'BSTE''PSOFCO'
BSTEPSOFCO
root@arm:~# MARKER='TZGN''HTVZLZ' run 'test -f /proc/device-tree/ocp/interconnectt\@48000000/segment\@100000/target-module\@9c000/i2c\@0/pmic\@30/regulators/regullator-vd50/rohm,no-regulator-enable-control ;echo $?'
TZGNHTVZLZ1
TZGNHTVZLZ 0
root@arm:~# echo 'OYUL''QMONMJ'
OYULQMONMJ
root@arm:~# MARKER='CTPF''FJWZCE' run 'i2cget -y -f 2 0x30 0x41'
CTPFFJWZCE0x20
CTPFFJWZCE 0
root@arm:~# echo 'HUMA''WYJUFQ'
HUMAWYJUFQ
root@arm:~# MARKER='VQBA''BSNGWS' run 'cat /sys/kernel/mva_test/regulators/buck1__en'
VQBABSNGWS0 VQBABSNGWS 0
root@arm:~# echo 'YSEM''SJCMEY'
YSEMSJCMEY
root@arm:~# MARKER='CVHC''WBLEGW' run 'grep -r -l rohm,bd9576 /proc/device-tree || sed '"'"'s![^/]*$!!'"'"''
CVHCWBLEGW/proc/device-tree/ocp/interconnect@48000000/segment@100000/target-module@9c000/i2c@0/pmic@30/
CVHCWBLEGW 0
root@arm:~# echo 'XLZG''XPJBTM'
XLZGXPJBTM
root@arm:~# MARKER='OUPH''OGVPZV' run 'test -f /proc/device-tree/ocp/interconnectt\@48000000/segment\@100000/target-module\@9c000/i2c\@0/pmic\@30/regulators/regullator-vd18/rohm,no-regulator-enable-control ;echo $?'
OUPHOGVPZV1
OUPHOGVPZV 0
root@arm:~# echo 'APPC''UKJWKY'
APPCUKJWKY
root@arm:~# MARKER='SBYY''EXWUHX' run 'i2cget -y -f 2 0x30 0x42'
SBYYEXWUHX0x61
SBYYEXWUHX 0
root@arm:~# echo 'USNA''PHXLNX'
USNAPHXLNX
root@arm:~# MARKER='VAVY''LTVEXU' run 'cat /sys/kernel/mva_test/regulators/buck2__en'
VAVYLTVEXU1 VAVYLTVEXU 0
root@arm:~# echo 'BVOK''QQJFEB'
BVOKQQJFEB
root@arm:~# MARKER='JPOC''KWEVGG' run 'grep -r -l rohm,bd9576 /proc/device-tree || sed '"'"'s![^/]*$!!'"'"''
JPOCKWEVGG/proc/device-tree/ocp/interconnect@48000000/segment@100000/target-module@9c000/i2c@0/pmic@30/
JPOCKWEVGG 0
root@arm:~# echo 'WOSN''WTHFUT'
WOSNWTHFUT
root@arm:~# MARKER='TAPL''EFAQCG' run 'test -f /proc/device-tree/ocp/interconnectt\@48000000/segment\@100000/target-module\@9c000/i2c\@0/pmic\@30/regulators/regullator-vdddr/rohm,no-regulator-enable-control ;echo $?'
TAPLEFAQCG1
TAPLEFAQCG 0
root@arm:~# echo 'SAGB''OLJWSP'
SAGBOLJWSP
root@arm:~# MARKER='YVPV''BWAUOF' run 'i2cget -y -f 2 0x30 0x43'
YVPVBWAUOF0x45
YVPVBWAUOF 0
root@arm:~# echo 'WNAY''UUPAWA'
WNAYUUPAWA
root@arm:~# MARKER='HKXS''NNVFTL' run 'cat /sys/kernel/mva_test/regulators/buck3__en'
HKXSNNVFTL1 HKXSNNVFTL 0
root@arm:~# echo 'YHVA''JJZPPK'
YHVAJJZPPK
root@arm:~# MARKER='QFUM''SCUGMP' run 'grep -r -l rohm,bd9576 /proc/device-tree || sed '"'"'s![^/]*$!!'"'"''
QFUMSCUGMP/proc/device-tree/ocp/interconnect@48000000/segment@100000/target-module@9c000/i2c@0/pmic@30/
QFUMSCUGMP 0
root@arm:~# echo 'AWBJ''EKVAPU'
AWBJEKVAPU
root@arm:~# MARKER='SFEU''QJOSLN' run 'test -f /proc/device-tree/ocp/interconnectt\@48000000/segment\@100000/target-module\@9c000/i2c\@0/pmic\@30/regulators/regullator-vd10/rohm,no-regulator-enable-control ;echo $?'
SFEUQJOSLN1
SFEUQJOSLN 0
root@arm:~# echo 'GUTH''ALBGAQ'
GUTHALBGAQ
root@arm:~# MARKER='NOUY''XAMEKN' run 'i2cget -y -f 2 0x30 0x44'
NOUYXAMEKN0x73
NOUYXAMEKN 0
root@arm:~# echo 'MNZS''CWQFNQ'
MNZSCWQFNQ
root@arm:~# MARKER='LZBC''JHPOTK' run 'cat /sys/kernel/mva_test/regulators/buck4__en'
LZBCJHPOTK1 LZBCJHPOTK 0
root@arm:~# echo 'EBFC''JOTMYC'
EBFCJOTMYC
root@arm:~# MARKER='WJSL''TZQPOW' run 'grep -r -l rohm,bd9576 /proc/device-tree || sed '"'"'s![^/]*$!!'"'"''
WJSLTZQPOW/proc/device-tree/ocp/interconnect@48000000/segment@100000/target-module@9c000/i2c@0/pmic@30/
WJSLTZQPOW 0
root@arm:~# echo 'BLVP''VTQBTW'
BLVPVTQBTW
root@arm:~# MARKER='FNOK''YQOMZU' run 'test -f /proc/device-tree/ocp/interconnectt\@48000000/segment\@100000/target-module\@9c000/i2c\@0/pmic\@30/regulators/regullator-voutl1/rohm,no-regulator-enable-control ;echo $?'
FNOKYQOMZU1
FNOKYQOMZU 0
root@arm:~# echo 'BBKX''TNTVHX'
BBKXTNTVHX
root@arm:~# MARKER='EUHW''JGJCLO' run 'i2cget -y -f 2 0x30 0x45'
EUHWJGJCLO0x36
EUHWJGJCLO 0
root@arm:~# echo 'SVKH''ZBLXNO'
SVKHZBLXNO
root@arm:~# MARKER='QANG''UQGPXG' run 'cat /sys/kernel/mva_test/regulators/buck5__en'
QANGUQGPXG1 QANGUQGPXG 0
root@arm:~# echo 'ZFCS''WJZWNC'
ZFCSWJZWNC
root@arm:~# MARKER='EMAP''GWEOCP' run 'grep -r -l rohm,bd9576 /proc/device-tree || sed '"'"'s![^/]*$!!'"'"''
EMAPGWEOCP/proc/device-tree/ocp/interconnect@48000000/segment@100000/target-module@9c000/i2c@0/pmic@30/
EMAPGWEOCP 0
root@arm:~# echo 'HCZJ''CHEVAH'
HCZJCHEVAH
root@arm:~# MARKER='OHZK''FXXCJF' run 'test -f /proc/device-tree/ocp/interconnectt\@48000000/segment\@100000/target-module\@9c000/i2c\@0/pmic\@30/regulators/regullator-vouts1/rohm,no-regulator-enable-control ;echo $?'
OHZKFXXCJF1
OHZKFXXCJF 0
root@arm:~# echo 'HFOO''XNJJHL'
HFOOXNJJHL
root@arm:~# MARKER='JZGN''NQBXXJ' run 'i2cget -y -f 2 0x30 0x46'
JZGNNQBXXJ0x52
JZGNNQBXXJ 0
root@arm:~# echo 'GVJF''WVSSSE'
GVJFWVSSSE
root@arm:~# MARKER='UUVM''NVNVFP' run 'cat /sys/kernel/mva_test/regulators/buck6__en'
UUVMNVNVFP1 UUVMNVNVFP 0
root@arm:~# Labgrid Console Logfile for main
Logfile started at 2024-10-10 16:45:46.471496
=== Log starts here ===

root@arm:~# run() { echo -n "$MARKER"; sh -c "$@"; echo "$MARKER $?"; }
root@arm:~# echo 'HFCE''TXNEYG'
HFCETXNEYG
root@arm:~# MARKER='LTCA''ZPLJXV' run 'cat /sys/kernel/mva_test/regulators/buck1__set'
LTCAZPLJXV5000000
LTCAZPLJXV 0
root@arm:~# echo 'HVFN''JMGJLC'
HVFNJMGJLC
root@arm:~# MARKER='SZJX''EAOGKP' run 'i2cget -y -f 2 0x30 0x50'
SZJXEAOGKP0x00
SZJXEAOGKP 0
root@arm:~# echo 'JLYZ''ZNKOFB'
JLYZZNKOFB
root@arm:~# MARKER='EBMA''QCCEEG' run 'cat /sys/kernel/mva_test/regulators/buck2__set'
EBMAQCCEEG1800000
EBMAQCCEEG 0
root@arm:~# echo 'UOUP''YLNMYP'
UOUPYLNMYP
root@arm:~# MARKER='AVUT''MYCNSG' run 'i2cget -y -f 2 0x30 0x53'
AVUTMYCNSG0x00
AVUTMYCNSG 0
root@arm:~# echo 'PNLQ''FEEBSY'
PNLQFEEBSY
root@arm:~# MARKER='MSVG''KVXFPG' run 'cat /sys/kernel/mva_test/regulators/buck3__set'
MSVGKVXFPG1350000
MSVGKVXFPG 0
root@arm:~# echo 'SSAJ''TMCQSA'
SSAJTMCQSA
root@arm:~# MARKER='FHVC''JVTGKK' run 'i2cget -y -f 2 0x30 0x56'
FHVCJVTGKK0x00
FHVCJVTGKK 0
root@arm:~# echo 'NXKK''UEASNB'
NXKKUEASNB
root@arm:~# MARKER='AGLO''ZHQVWF' run 'cat /sys/kernel/mva_test/regulators/buck4__set'
AGLOZHQVWF1030000
AGLOZHQVWF 0
root@arm:~# echo 'ZLCJ''ZBSAPS'
ZLCJZBSAPS
root@arm:~# MARKER='FGCN''YYFLES' run 'i2cget -y -f 2 0x30 0x59'
FGCNYYFLES0x00
FGCNYYFLES 0
root@arm:~# echo 'UQAE''MXMACA'
UQAEMXMACA
root@arm:~# MARKER='EFBB''ABKGYQ' run 'cat /sys/kernel/mva_test/regulators/buck5__set'
EFBBABKGYQ2500000
EFBBABKGYQ 0
root@arm:~# echo 'KHZE''FQKOYC'
KHZEFQKOYC
root@arm:~# MARKER='YQNT''MAGBKX' run 'i2cget -y -f 2 0x30 0x5c'
YQNTMAGBKX0x00
YQNTMAGBKX 0
root@arm:~# echo 'OEJE''MTHEXJ'
OEJEMTHEXJ
root@arm:~# MARKER='EMQQ''TYVTTS' run 'cat /sys/kernel/mva_test/regulators/buck6__set'
EMQQTYVTTS3300000
EMQQTYVTTS 0
root@arm:~# Labgrid Console Logfile for main
Logfile started at 2024-10-10 16:45:51.546213
=== Log starts here ===

root@arm:~# run() { echo -n "$MARKER"; sh -c "$@"; echo "$MARKER $?"; }
root@arm:~# echo 'ACZC''HQZUFC'
ACZCHQZUFC
root@arm:~# MARKER='ZLQE''TCTHBZ' run 'grep -r -l rohm,bd9576 /proc/device-tree || sed '"'"'s![^/]*$!!'"'"''
ZLQETCTHBZ/proc/device-tree/ocp/interconnect@48000000/segment@100000/target-module@9c000/i2c@0/pmic@30/
ZLQETCTHBZ 0
root@arm:~# echo 'TVFN''JOJZMG'
TVFNJOJZMG
root@arm:~# MARKER='OLUW''YZLSST' run 'test -f /proc/device-tree/ocp/interconnectt\@48000000/segment\@100000/target-module\@9c000/i2c\@0/pmic\@30/regulators/regullator-vd50/rohm,no-regulator-enable-control ;echo $?'
OLUWYZLSST1
OLUWYZLSST 0
root@arm:~# echo 'VWMW''CVBJWY'
VWMWCVBJWY
root@arm:~# MARKER='CXCQ''WJSEPP' run 'i2cget -y -f 2 0x30 0x41'
CXCQWJSEPP0x20
CXCQWJSEPP 0
root@arm:~# echo 'BFQS''LFHMST'
BFQSLFHMST
root@arm:~# MARKER='UMSC''PMEQUU' run 'echo 4500000 4500000 > /sys/kernel/mva_tesst/regulators/buck1_set'
UMSCPMEQUUsh: 1: cannot create /sys/kernel/mva_test/regulators/buck1_set: Permission denied
UMSCPMEQUU 2
root@arm:~# echo 'AZWU''OALYBQ'
AZWUOALYBQ
root@arm:~# MARKER='JQNS''CPOJMJ' run 'i2cget -y -f 2 0x30 0x50'
JQNSCPOJMJ0x00
JQNSCPOJMJ 0
root@arm:~# echo 'KNKV''XJHSPW'
KNKVXJHSPW
root@arm:~# MARKER='FFQO''MQSKKH' run 'echo 4490000 4490000 > /sys/kernel/mva_tesst/regulators/buck1_set'
FFQOMQSKKHsh: 1: cannot create /sys/kernel/mva_test/regulators/buck1_set: Permission denied
FFQOMQSKKH 2
root@arm:~# echo 'XGSX''YLCLAU'
XGSXYLCLAU
root@arm:~# MARKER='EUKU''NXXFFV' run 'i2cget -y -f 2 0x30 0x50'
EUKUNXXFFV0x00
EUKUNXXFFV 0
root@arm:~# echo 'OUBJ''BWKOMQ'
OUBJBWKOMQ
root@arm:~# MARKER='XOTE''NXBHWV' run 'echo 5500000 5500000 > /sys/kernel/mva_tesst/regulators/buck1_set'
XOTENXBHWVsh: 1: cannot create /sys/kernel/mva_test/regulators/buck1_set: Permission denied
XOTENXBHWV 2
root@arm:~# echo 'WGVL''BAGAZF'
WGVLBAGAZF
root@arm:~# MARKER='OKKY''OESYAZ' run 'i2cget -y -f 2 0x30 0x50'
OKKYOESYAZ0x00
OKKYOESYAZ 0
root@arm:~# echo 'CTOL''MAHFPB'
CTOLMAHFPB
root@arm:~# MARKER='OGAY''NPLPAM' run 'echo 5510000 5510000 > /sys/kernel/mva_tesst/regulators/buck1_set'
OGAYNPLPAMsh: 1: cannot create /sys/kernel/mva_test/regulators/buck1_set: Permission denied
OGAYNPLPAM 2
root@arm:~# echo 'QKTA''LCZOKS'
QKTALCZOKS
root@arm:~# MARKER='AGYQ''JYNGBB' run 'i2cget -y -f 2 0x30 0x50'
AGYQJYNGBB0x00
AGYQJYNGBB 0
root@arm:~# echo 'WGSX''LJWJUN'
WGSXLJWJUN
root@arm:~# MARKER='VMOE''MLGMLA' run 'grep -r -l rohm,bd9576 /proc/device-tree || sed '"'"'s![^/]*$!!'"'"''
VMOEMLGMLA/proc/device-tree/ocp/interconnect@48000000/segment@100000/target-module@9c000/i2c@0/pmic@30/
VMOEMLGMLA 0
root@arm:~# echo 'UHUW''TEMLFE'
UHUWTEMLFE
root@arm:~# MARKER='JSAN''WMQPLX' run 'test -f /proc/device-tree/ocp/interconnectt\@48000000/segment\@100000/target-module\@9c000/i2c\@0/pmic\@30/regulators/regullator-vd18/rohm,no-regulator-enable-control ;echo $?'
JSANWMQPLX1
JSANWMQPLX 0
root@arm:~# echo 'HAVT''MYNYZS'
HAVTMYNYZS
root@arm:~# MARKER='XJSV''MMOAYP' run 'i2cget -y -f 2 0x30 0x42'
XJSVMMOAYP0x61
XJSVMMOAYP 0
root@arm:~# echo 'QOTL''QCYFAG'
QOTLQCYFAG
root@arm:~# MARKER='EQGB''LTLFSK' run 'echo 1800000 1800000 > /sys/kernel/mva_tesst/regulators/buck2_set'
EQGBLTLFSKsh: 1: cannot create /sys/kernel/mva_test/regulators/buck2_set: Permission denied
EQGBLTLFSK 2
root@arm:~# echo 'GZXH''SBNXKE'
GZXHSBNXKE
root@arm:~# MARKER='BUWG''CVFLAC' run 'i2cget -y -f 2 0x30 0x53'
BUWGCVFLAC0x00
BUWGCVFLAC 0
root@arm:~# echo 'SCPA''NVCJVN'
SCPANVCJVN
root@arm:~# MARKER='ZPQX''CVBOHV' run 'echo 1790000 1790000 > /sys/kernel/mva_tesst/regulators/buck2_set'
ZPQXCVBOHVsh: 1: cannot create /sys/kernel/mva_test/regulators/buck2_set: Permission denied
ZPQXCVBOHV 2
root@arm:~# echo 'ZCXY''OPUZWH'
ZCXYOPUZWH
root@arm:~# MARKER='MZZN''FFPQNO' run 'i2cget -y -f 2 0x30 0x53'
MZZNFFPQNO0x00
MZZNFFPQNO 0
root@arm:~# echo 'OFQE''UBEHAU'
OFQEUBEHAU
root@arm:~# MARKER='PHSK''QPUBBN' run 'echo 1940000 1940000 > /sys/kernel/mva_tesst/regulators/buck2_set'
PHSKQPUBBNsh: 1: cannot create /sys/kernel/mva_test/regulators/buck2_set: Permission denied
PHSKQPUBBN 2
root@arm:~# echo 'PYGT''BVASKS'
PYGTBVASKS
root@arm:~# MARKER='BEQN''BTFXQP' run 'i2cget -y -f 2 0x30 0x53'
BEQNBTFXQP0x00
BEQNBTFXQP 0
root@arm:~# echo 'CTOF''LLZJCX'
CTOFLLZJCX
root@arm:~# MARKER='AMSJ''LUWKFV' run 'echo 1950000 1950000 > /sys/kernel/mva_tesst/regulators/buck2_set'
AMSJLUWKFVsh: 1: cannot create /sys/kernel/mva_test/regulators/buck2_set: Permission denied
AMSJLUWKFV 2
root@arm:~# echo 'PYLX''HWTPPW'
PYLXHWTPPW
root@arm:~# MARKER='NJES''GNLUJN' run 'i2cget -y -f 2 0x30 0x53'
NJESGNLUJN0x00
NJESGNLUJN 0
root@arm:~# echo 'EXCM''VLAWFN'
EXCMVLAWFN
root@arm:~# MARKER='AXHE''OXMNNZ' run 'grep -r -l rohm,bd9576 /proc/device-tree || sed '"'"'s![^/]*$!!'"'"''
AXHEOXMNNZ/proc/device-tree/ocp/interconnect@48000000/segment@100000/target-module@9c000/i2c@0/pmic@30/
AXHEOXMNNZ 0
root@arm:~# echo 'XNJG''EYOPKO'
XNJGEYOPKO
root@arm:~# MARKER='KHLF''YXYEFQ' run 'test -f /proc/device-tree/ocp/interconnectt\@48000000/segment\@100000/target-module\@9c000/i2c\@0/pmic\@30/regulators/regullator-vdddr/rohm,no-regulator-enable-control ;echo $?'
KHLFYXYEFQ1
KHLFYXYEFQ 0
root@arm:~# echo 'PJUO''OEPCON'
PJUOOEPCON
root@arm:~# MARKER='PPHF''HPWYBK' run 'i2cget -y -f 2 0x30 0x43'
PPHFHPWYBK0x45
PPHFHPWYBK 0
root@arm:~# echo 'NWXQ''FCLALM'
NWXQFCLALM
root@arm:~# MARKER='JNHZ''KKZQVA' run 'echo 1350000 1350000 > /sys/kernel/mva_tesst/regulators/buck3_set'
JNHZKKZQVAsh: 1: cannot create /sys/kernel/mva_test/regulators/buck3_set: Permission denied
JNHZKKZQVA 2
root@arm:~# echo 'MSVW''LUAATA'
MSVWLUAATA
root@arm:~# MARKER='TNAH''BAHVFY' run 'i2cget -y -f 2 0x30 0x56'
TNAHBAHVFY0x00
TNAHBAHVFY 0
root@arm:~# echo 'GZXB''LAKCAL'
GZXBLAKCAL
root@arm:~# MARKER='CLBS''CBJHXB' run 'echo 1340000 1340000 > /sys/kernel/mva_tesst/regulators/buck3_set'
CLBSCBJHXBsh: 1: cannot create /sys/kernel/mva_test/regulators/buck3_set: Permission denied
CLBSCBJHXB 2
root@arm:~# echo 'WBJN''WYZAPM'
WBJNWYZAPM
root@arm:~# MARKER='UVWF''UJCQNE' run 'i2cget -y -f 2 0x30 0x56'
UVWFUJCQNE0x00
UVWFUJCQNE 0
root@arm:~# echo 'AXYX''LHZOYJ'
AXYXLHZOYJ
root@arm:~# MARKER='ANMT''OPSTXJ' run 'echo 1660000 1660000 > /sys/kernel/mva_tesst/regulators/buck3_set'
ANMTOPSTXJsh: 1: cannot create /sys/kernel/mva_test/regulators/buck3_set: Permission denied
ANMTOPSTXJ 2
root@arm:~# echo 'WBPM''SAMVOV'
WBPMSAMVOV
root@arm:~# MARKER='EVOJ''HYOVWQ' run 'i2cget -y -f 2 0x30 0x56'
EVOJHYOVWQ0x00
EVOJHYOVWQ 0
root@arm:~# echo 'TXYP''LAYONB'
TXYPLAYONB
root@arm:~# MARKER='BVYV''ZLXCNG' run 'echo 1670000 1670000 > /sys/kernel/mva_tesst/regulators/buck3_set'
BVYVZLXCNGsh: 1: cannot create /sys/kernel/mva_test/regulators/buck3_set: Permission denied
BVYVZLXCNG 2
root@arm:~# echo 'FCGE''NNNHQN'
FCGENNNHQN
root@arm:~# MARKER='QKZJ''YQCFYT' run 'i2cget -y -f 2 0x30 0x56'
QKZJYQCFYT0x00
QKZJYQCFYT 0
root@arm:~# echo 'YUJJ''ZWZUVJ'
YUJJZWZUVJ
root@arm:~# MARKER='UNAY''QOLVWS' run 'grep -r -l rohm,bd9576 /proc/device-tree || sed '"'"'s![^/]*$!!'"'"''
UNAYQOLVWS/proc/device-tree/ocp/interconnect@48000000/segment@100000/target-module@9c000/i2c@0/pmic@30/
UNAYQOLVWS 0
root@arm:~# echo 'MBTJ''MAEKFT'
MBTJMAEKFT
root@arm:~# MARKER='JFLV''EZMSUV' run 'test -f /proc/device-tree/ocp/interconnectt\@48000000/segment\@100000/target-module\@9c000/i2c\@0/pmic\@30/regulators/regullator-vd10/rohm,no-regulator-enable-control ;echo $?'
JFLVEZMSUV1
JFLVEZMSUV 0
root@arm:~# echo 'EUNB''TEUPPL'
EUNBTEUPPL
root@arm:~# MARKER='YUOJ''FWYVGG' run 'i2cget -y -f 2 0x30 0x44'
YUOJFWYVGG0x73
YUOJFWYVGG 0
root@arm:~# echo 'GUGO''COSAZE'
GUGOCOSAZE
root@arm:~# MARKER='SHZU''WWOVWH' run 'echo 1030000 1030000 > /sys/kernel/mva_tesst/regulators/buck4_set'
SHZUWWOVWHsh: 1: cannot create /sys/kernel/mva_test/regulators/buck4_set: Permission denied
SHZUWWOVWH 2
root@arm:~# echo 'QSBM''OVKXGO'
QSBMOVKXGO
root@arm:~# MARKER='KTTU''UWSEKO' run 'i2cget -y -f 2 0x30 0x59'
KTTUUWSEKO0x00
KTTUUWSEKO 0
root@arm:~# echo 'SCXZ''AZTAVE'
SCXZAZTAVE
root@arm:~# MARKER='EOCH''WEVXCC' run 'echo 1020000 1020000 > /sys/kernel/mva_tesst/regulators/buck4_set'
EOCHWEVXCCsh: 1: cannot create /sys/kernel/mva_test/regulators/buck4_set: Permission denied
EOCHWEVXCC 2
root@arm:~# echo 'FKVW''EGSBNU'
FKVWEGSBNU
root@arm:~# MARKER='FEKP''EYTMOC' run 'i2cget -y -f 2 0x30 0x59'
FEKPEYTMOC0x00
FEKPEYTMOC 0
root@arm:~# echo 'ULEZ''KYWMJL'
ULEZKYWMJL
root@arm:~# MARKER='PNZA''QZMSFH' run 'echo 1340000 1340000 > /sys/kernel/mva_tesst/regulators/buck4_set'
PNZAQZMSFHsh: 1: cannot create /sys/kernel/mva_test/regulators/buck4_set: Permission denied
PNZAQZMSFH 2
root@arm:~# echo 'ABMM''TYZOLA'
ABMMTYZOLA
root@arm:~# MARKER='EYWV''FVNUOS' run 'i2cget -y -f 2 0x30 0x59'
EYWVFVNUOS0x00
EYWVFVNUOS 0
root@arm:~# echo 'ZLWT''XVQHCS'
ZLWTXVQHCS
root@arm:~# MARKER='PAPO''KCCWBV' run 'echo 1350000 1350000 > /sys/kernel/mva_tesst/regulators/buck4_set'
PAPOKCCWBVsh: 1: cannot create /sys/kernel/mva_test/regulators/buck4_set: Permission denied
PAPOKCCWBV 2
root@arm:~# echo 'TTKM''GTFWVP'
TTKMGTFWVP
root@arm:~# MARKER='VGWL''CBZAZY' run 'i2cget -y -f 2 0x30 0x59'
VGWLCBZAZY0x00
VGWLCBZAZY 0
root@arm:~# echo 'TTJE''SOMVXX'
TTJESOMVXX
root@arm:~# MARKER='BPCN''TCFNXP' run 'grep -r -l rohm,bd9576 /proc/device-tree || sed '"'"'s![^/]*$!!'"'"''
BPCNTCFNXP/proc/device-tree/ocp/interconnect@48000000/segment@100000/target-module@9c000/i2c@0/pmic@30/
BPCNTCFNXP 0
root@arm:~# echo 'XWYC''TGWMPS'
XWYCTGWMPS
root@arm:~# MARKER='VHAY''BQEZBU' run 'test -f /proc/device-tree/ocp/interconnectt\@48000000/segment\@100000/target-module\@9c000/i2c\@0/pmic\@30/regulators/regullator-voutl1/rohm,no-regulator-enable-control ;echo $?'
VHAYBQEZBU1
VHAYBQEZBU 0
root@arm:~# echo 'VPVT''YFUFAH'
VPVTYFUFAH
root@arm:~# MARKER='ACXS''AKPPQU' run 'i2cget -y -f 2 0x30 0x45'
ACXSAKPPQU0x36
ACXSAKPPQU 0
root@arm:~# echo 'EFUP''XZLPKO'
EFUPXZLPKO
root@arm:~# MARKER='GAWL''JGAOFF' run 'echo 2500000 2500000 > /sys/kernel/mva_tesst/regulators/buck5_set'
GAWLJGAOFFsh: 1: cannot create /sys/kernel/mva_test/regulators/buck5_set: Permission denied
GAWLJGAOFF 2
root@arm:~# echo 'MLHB''HOXZGN'
MLHBHOXZGN
root@arm:~# MARKER='FKQF''GVBKXW' run 'i2cget -y -f 2 0x30 0x5c'
FKQFGVBKXW0x00
FKQFGVBKXW 0
root@arm:~# echo 'CQBZ''YUBGKV'
CQBZYUBGKV
root@arm:~# MARKER='CQJZ''OPAQVX' run 'echo 2490000 2490000 > /sys/kernel/mva_tesst/regulators/buck5_set'
CQJZOPAQVXsh: 1: cannot create /sys/kernel/mva_test/regulators/buck5_set: Permission denied
CQJZOPAQVX 2
root@arm:~# echo 'WTYL''KSCPXQ'
WTYLKSCPXQ
root@arm:~# MARKER='ZPQN''BHVEBK' run 'i2cget -y -f 2 0x30 0x5c'
ZPQNBHVEBK0x00
ZPQNBHVEBK 0
root@arm:~# echo 'JOLN''GBJXOY'
JOLNGBJXOY
root@arm:~# MARKER='QWHJ''CPVLNO' run 'echo 2780000 2780000 > /sys/kernel/mva_tesst/regulators/buck5_set'
QWHJCPVLNOsh: 1: cannot create /sys/kernel/mva_test/regulators/buck5_set: Permission denied
QWHJCPVLNO 2
root@arm:~# echo 'EOYU''YXQWFB'
EOYUYXQWFB
root@arm:~# MARKER='CQKQ''LPSCSG' run 'i2cget -y -f 2 0x30 0x5c'
CQKQLPSCSG0x00
CQKQLPSCSG 0
root@arm:~# echo 'KJZC''XCXQYS'
KJZCXCXQYS
root@arm:~# MARKER='WEWX''QVSVNY' run 'echo 2790000 2790000 > /sys/kernel/mva_tesst/regulators/buck5_set'
WEWXQVSVNYsh: 1: cannot create /sys/kernel/mva_test/regulators/buck5_set: Permission denied
WEWXQVSVNY 2
root@arm:~# echo 'QXPC''MLECUC'
QXPCMLECUC
root@arm:~# MARKER='KGUP''ZHYLUU' run 'i2cget -y -f 2 0x30 0x5c'
KGUPZHYLUU0x00
KGUPZHYLUU 0
root@arm:~# echo 'GQHH''KQXUOK'
GQHHKQXUOK
root@arm:~# MARKER='OUYA''AJCXYC' run 'grep -r -l rohm,bd9576 /proc/device-tree || sed '"'"'s![^/]*$!!'"'"''
OUYAAJCXYC/proc/device-tree/ocp/interconnect@48000000/segment@100000/target-module@9c000/i2c@0/pmic@30/
OUYAAJCXYC 0
root@arm:~# echo 'GZVX''VSLCLW'
GZVXVSLCLW
root@arm:~# MARKER='OUFG''YZGBHP' run 'test -f /proc/device-tree/ocp/interconnectt\@48000000/segment\@100000/target-module\@9c000/i2c\@0/pmic\@30/regulators/regullator-vouts1/rohm,no-regulator-enable-control ;echo $?'
OUFGYZGBHP1
OUFGYZGBHP 0
root@arm:~# echo 'ZGLN''TUTVLY'
ZGLNTUTVLY
root@arm:~# MARKER='JKPP''MNBJYM' run 'i2cget -y -f 2 0x30 0x46'
JKPPMNBJYM0x52
JKPPMNBJYM 0
root@arm:~# Labgrid Console Logfile for main
Logfile started at 2024-10-10 16:46:05.901977
=== Log starts here ===

root@arm:~# run() { echo -n "$MARKER"; sh -c "$@"; echo "$MARKER $?"; }
root@arm:~# echo 'SVVQ''ANGKUT'
SVVQANGKUT
root@arm:~# MARKER='FCXB''JJNPPH' run 'grep -r -l rohm,bd9576 /proc/device-tree || sed '"'"'s![^/]*$!!'"'"''
FCXBJJNPPH/proc/device-tree/ocp/interconnect@48000000/segment@100000/target-module@9c000/i2c@0/pmic@30/
FCXBJJNPPH 0
root@arm:~# echo 'PUSL''XZQGSU'
PUSLXZQGSU
root@arm:~# MARKER='YNOJ''SSQKUK' run 'xxd -p /proc/device-tree/ocp/interconnect\\@48000000/segment\@100000/target-module\@9c000/i2c\@0/pmic\@30/regulators/regulaator-vd50/regulator-ov-error-microvolt'
YNOJSSQKUK00057e40
YNOJSSQKUK 0
root@arm:~# echo 'CLOH''XWBHQL'
CLOHXWBHQL
root@arm:~# MARKER='YBMX''GZFLWX' run 'i2cget -y -f 2 0x30 0x51'
YBMXGZFLWX0x47
YBMXGZFLWX 0
root@arm:~# echo 'FWHQ''WYGBKE'
FWHQWYGBKE
root@arm:~# MARKER='BMOG''FNVKZZ' run 'grep -r -l rohm,bd9576 /proc/device-tree || sed '"'"'s![^/]*$!!'"'"''
BMOGFNVKZZ/proc/device-tree/ocp/interconnect@48000000/segment@100000/target-module@9c000/i2c@0/pmic@30/
BMOGFNVKZZ 0
root@arm:~# echo 'FZLF''KBOMTV'
FZLFKBOMTV
root@arm:~# MARKER='WLHF''EMGBAT' run 'xxd -p /proc/device-tree/ocp/interconnect\\@48000000/segment\@100000/target-module\@9c000/i2c\@0/pmic\@30/regulators/regulaator-vd50/regulator-uv-error-microvolt'
WLHFEMGBAT00057e40
WLHFEMGBAT 0
root@arm:~# echo 'LQSB''XBPJCE'
LQSBXBPJCE
root@arm:~# MARKER='OYGL''LOTFGM' run 'i2cget -y -f 2 0x30 0x52'
OYGLLOTFGM0x47
OYGLLOTFGM 0
root@arm:~# echo 'GMUE''OVSSCP'
GMUEOVSSCP
root@arm:~# MARKER='KGTU''TOTBLZ' run 'grep -r -l rohm,bd9576 /proc/device-tree || sed '"'"'s![^/]*$!!'"'"''
KGTUTOTBLZ/proc/device-tree/ocp/interconnect@48000000/segment@100000/target-module@9c000/i2c@0/pmic@30/
KGTUTOTBLZ 0
root@arm:~# echo 'KANL''SFGPFW'
KANLSFGPFW
root@arm:~# MARKER='MYKE''ZOFYYT' run 'xxd -p /proc/device-tree/ocp/interconnect\\@48000000/segment\@100000/target-module\@9c000/i2c\@0/pmic\@30/regulators/regulaator-vd18/regulator-ov-error-microvolt'
MYKEZOFYYT00004650
MYKEZOFYYT 0
root@arm:~# echo 'GSGM''JAUSAZ'
GSGMJAUSAZ
root@arm:~# MARKER='OEVW''VOFQNG' run 'i2cget -y -f 2 0x30 0x54'
OEVWVOFQNG0x11
OEVWVOFQNG 0
root@arm:~# echo 'WKUM''JAEQOZ'
WKUMJAEQOZ
root@arm:~# MARKER='ULCV''LAMPZB' run 'grep -r -l rohm,bd9576 /proc/device-tree || sed '"'"'s![^/]*$!!'"'"''
ULCVLAMPZB/proc/device-tree/ocp/interconnect@48000000/segment@100000/target-module@9c000/i2c@0/pmic@30/
ULCVLAMPZB 0
root@arm:~# echo 'PNHN''MEVFOE'
PNHNMEVFOE
root@arm:~# MARKER='WSXL''GSTPPV' run 'xxd -p /proc/device-tree/ocp/interconnect\\@48000000/segment\@100000/target-module\@9c000/i2c\@0/pmic\@30/regulators/regulaator-vd18/regulator-uv-error-microvolt'
WSXLGSTPPV0001a9c8
WSXLGSTPPV 0
root@arm:~# echo 'KAKX''HYXMNG'
KAKXHYXMNG
root@arm:~# MARKER='SCCB''QPXJZC' run 'i2cget -y -f 2 0x30 0x55'
SCCBQPXJZC0x6c
SCCBQPXJZC 0
root@arm:~# echo 'GOCL''FJFXNZ'
GOCLFJFXNZ
root@arm:~# MARKER='VUNC''ZWXMBC' run 'grep -r -l rohm,bd9576 /proc/device-tree || sed '"'"'s![^/]*$!!'"'"''
VUNCZWXMBC/proc/device-tree/ocp/interconnect@48000000/segment@100000/target-module@9c000/i2c@0/pmic@30/
VUNCZWXMBC 0
root@arm:~# echo 'MJJO''SOUSEO'
MJJOSOUSEO
root@arm:~# MARKER='BPEE''OPNTZU' run 'xxd -p /proc/device-tree/ocp/interconnect\\@48000000/segment\@100000/target-module\@9c000/i2c\@0/pmic\@30/regulators/regulaator-vdddr/regulator-ov-warn-microvolt'
BPEEOPNTZU0001adb0
BPEEOPNTZU 0
root@arm:~# echo 'AHHU''PTTUBY'
AHHUPTTUBY
root@arm:~# MARKER='CHPC''ZTGWHH' run 'i2cget -y -f 2 0x30 0x57'
CHPCZTGWHH0x6d
CHPCZTGWHH 0
root@arm:~# echo 'SNFH''HHMMKM'
SNFHHHMMKM
root@arm:~# MARKER='FQXO''JFJYBT' run 'grep -r -l rohm,bd9576 /proc/device-tree || sed '"'"'s![^/]*$!!'"'"''
FQXOJFJYBT/proc/device-tree/ocp/interconnect@48000000/segment@100000/target-module@9c000/i2c@0/pmic@30/
FQXOJFJYBT 0
root@arm:~# echo 'VEPS''WTMKXB'
VEPSWTMKXB
root@arm:~# MARKER='MXLK''FJFVQJ' run 'xxd -p /proc/device-tree/ocp/interconnect\\@48000000/segment\@100000/target-module\@9c000/i2c\@0/pmic\@30/regulators/regulaator-vdddr/regulator-uv-warn-microvolt'
MXLKFJFVQJ0001adb0
MXLKFJFVQJ 0
root@arm:~# echo 'YSPA''GTBQON'
YSPAGTBQON
root@arm:~# MARKER='APAK''SZNZXL' run 'i2cget -y -f 2 0x30 0x58'
APAKSZNZXL0x6d
APAKSZNZXL 0
root@arm:~# echo 'XJVF''NTTMHQ'
XJVFNTTMHQ
root@arm:~# MARKER='FOTN''QMSOMV' run 'grep -r -l rohm,bd9576 /proc/device-tree || sed '"'"'s![^/]*$!!'"'"''
FOTNQMSOMV/proc/device-tree/ocp/interconnect@48000000/segment@100000/target-module@9c000/i2c@0/pmic@30/
FOTNQMSOMV 0
root@arm:~# echo 'HGBA''WCPQXM'
HGBAWCPQXM
root@arm:~# MARKER='AJPN''CKTBSX' run 'xxd -p /proc/device-tree/ocp/interconnect\\@48000000/segment\@100000/target-module\@9c000/i2c\@0/pmic\@30/regulators/regulaator-vd10/regulator-ov-error-microvolt'
AJPNCKTBSX00006590
AJPNCKTBSX 0
root@arm:~# echo 'OOWN''LCZXQH'
OOWNLCZXQH
root@arm:~# MARKER='GQFY''XWNZVO' run 'i2cget -y -f 2 0x30 0x5a'
GQFYXWNZVO0x19
GQFYXWNZVO 0
root@arm:~# echo 'QHKT''BYFTAM'
QHKTBYFTAM
root@arm:~# MARKER='LPQT''SPXCFJ' run 'grep -r -l rohm,bd9576 /proc/device-tree || sed '"'"'s![^/]*$!!'"'"''
LPQTSPXCFJ/proc/device-tree/ocp/interconnect@48000000/segment@100000/target-module@9c000/i2c@0/pmic@30/
LPQTSPXCFJ 0
root@arm:~# echo 'EFWO''AVJWBB'
EFWOAVJWBB
root@arm:~# MARKER='WWKX''VENEYV' run 'xxd -p /proc/device-tree/ocp/interconnect\\@48000000/segment\@100000/target-module\@9c000/i2c\@0/pmic\@30/regulators/regulaator-vd10/regulator-uv-error-microvolt'
WWKXVENEYV00006590
WWKXVENEYV 0
root@arm:~# echo 'OMQH''XAVMXE'
OMQHXAVMXE
root@arm:~# MARKER='ASHQ''YKCCNC' run 'i2cget -y -f 2 0x30 0x5b'
ASHQYKCCNC0x19
ASHQYKCCNC 0
root@arm:~# echo 'NLOV''MNWBKT'
NLOVMNWBKT
root@arm:~# MARKER='NXOS''VXAWOK' run 'grep -r -l rohm,bd9576 /proc/device-tree || sed '"'"'s![^/]*$!!'"'"''
NXOSVXAWOK/proc/device-tree/ocp/interconnect@48000000/segment@100000/target-module@9c000/i2c@0/pmic@30/
NXOSVXAWOK 0
root@arm:~# echo 'HUFP''YOXXWY'
HUFPYOXXWY
root@arm:~# MARKER='ZUKG''GPAUBK' run 'xxd -p /proc/device-tree/ocp/interconnect\\@48000000/segment\@100000/target-module\@9c000/i2c\@0/pmic\@30/regulators/regulaator-voutl1/regulator-ov-error-microvolt'
ZUKGGPAUBK000084d0
ZUKGGPAUBK 0
root@arm:~# echo 'NMFM''KXZYLX'
NMFMKXZYLX
root@arm:~# MARKER='UYLC''NSJFJJ' run 'i2cget -y -f 2 0x30 0x5d'
UYLCNSJFJJ0x01
UYLCNSJFJJ 0
root@arm:~# echo 'EGWT''OWUNFO'
EGWTOWUNFO
root@arm:~# MARKER='ONTN''UBYXFT' run 'grep -r -l rohm,bd9576 /proc/device-tree || sed '"'"'s![^/]*$!!'"'"''
ONTNUBYXFT/proc/device-tree/ocp/interconnect@48000000/segment@100000/target-module@9c000/i2c@0/pmic@30/
ONTNUBYXFT 0
root@arm:~# echo 'MNQF''NBBEOH'
MNQFNBBEOH
root@arm:~# MARKER='UBYS''BTHKTP' run 'xxd -p /proc/device-tree/ocp/interconnect\\@48000000/segment\@100000/target-module\@9c000/i2c\@0/pmic\@30/regulators/regulaator-voutl1/regulator-uv-error-microvolt'
UBYSBTHKTP000084d0
UBYSBTHKTP 0
root@arm:~# echo 'VPFX''UCAYNC'
VPFXUCAYNC
root@arm:~# MARKER='XLLJ''BXLYKA' run 'i2cget -y -f 2 0x30 0x5e'
XLLJBXLYKA0x01
XLLJBXLYKA 0
root@arm:~# echo 'YXYH''ASLGAA'
YXYHASLGAA
root@arm:~# MARKER='KYKV''FLZUQM' run 'grep -r -l rohm,bd9576 /proc/device-tree || sed '"'"'s![^/]*$!!'"'"''
KYKVFLZUQM/proc/device-tree/ocp/interconnect@48000000/segment@100000/target-module@9c000/i2c@0/pmic@30/
KYKVFLZUQM 0
root@arm:~# echo 'XACA''THNHGE'
XACATHNHGE
root@arm:~# MARKER='ASNH''CPSOCV' run 'xxd -p /proc/device-tree/ocp/interconnect\\@48000000/segment\@100000/target-module\@9c000/i2c\@0/pmic\@30/regulators/regulaator-vouts1/regulator-oc-warn-microamp'
ASNHCPSOCV00055730
ASNHCPSOCV 0
root@arm:~# echo 'NUPG''ZVHHKS'
NUPGZVHHKS
root@arm:~# MARKER='VJTG''FPFPZP' run 'i2cget -y -f 2 0x30 0x5f'
VJTGFPFPZP0x07
VJTGFPFPZP 0
root@arm:~# echo 'TMLV''JLNEUP'
TMLVJLNEUP
root@arm:~# MARKER='ZEEJ''AOCNYV' run 'grep -r -l rohm,bd9576 /proc/device-tree || sed '"'"'s![^/]*$!!'"'"''
ZEEJAOCNYV/proc/device-tree/ocp/interconnect@48000000/segment@100000/target-module@9c000/i2c@0/pmic@30/
ZEEJAOCNYV 0
root@arm:~# echo 'JGVF''MWLJVY'
JGVFMWLJVY
root@arm:~# MARKER='UTPQ''JKNTMW' run 'xxd -p /proc/device-tree/ocp/interconnect\\@48000000/segment\@100000/target-module\@9c000/i2c\@0/pmic\@30/regulators/regulaator-vouts1/regulator-oc-protection-microamp'
UTPQJKNTMW00149970
UTPQJKNTMW 0
root@arm:~# echo 'BHOZ''QXGENQ'
BHOZQXGENQ
root@arm:~# MARKER='SGMK''BBPUHO' run 'i2cget -y -f 2 0x30 0x60'
SGMKBBPUHO0x1b
SGMKBBPUHO 0
root@arm:~# Labgrid Console Logfile for main
Logfile started at 2024-10-10 16:46:28.175469
=== Log starts here ===
reading args
spl_load_image_fat_os: error reading image args, err - -1
reading u-boot.img
reading u-boot.img


U-Boot 2014.04-00014-g47880f5 (Apr 22 2014 - 13:23:54)

I2C:   ready
DRAM:  512 MiB
NAND:  0 MiB
MMC:   OMAP SD/MMC: 0, OMAP SD/MMC: 1
*** Warning - readenv() failed, using default environment

Net:   <ethaddr> not set. Validating first E-fuse MAC
cpsw, usb_ether
Hit any key to stop autoboot:  1  0 
gpio: pin 53 (gpio 53) value is 1
mmc0 is current device
gpio: pin 54 (gpio 54) value is 1
SD/MMC found on device 0
reading uEnv.txt
569 bytes read in 4 ms (138.7 KiB/s)
gpio: pin 55 (gpio 55) value is 1
Loaded environment from uEnv.txt
Importing environment from mmc ...
Checking if uenvcmd is set ...
gpio: pin 56 (gpio 56) value is 1
Running uenvcmd ...
cpsw Waiting for PHY auto negotiation to complete. done
link up on port 0, speed 100, full duplex
Using cpsw device
TFTP from server 192.168.255.126; our IP address is 192.168.255.1
Filename 'zImage'.
Load address: 0x81000000
Loading: *#################################################################
	 #################################################################
	 #################################################################
	 #################################################################
	 #################################################################
	 ######################################
	 2.4 MiB/s
done
Bytes transferred = 5314256 (5116d0 hex)
link up on port 0, speed 100, full duplex
Using cpsw device
TFTP from server 192.168.255.126; our IP address is 192.168.255.1
Filename 'am335x-boneblack.dtb'.
Load address: 0x82000000
Loading: *#######
	 2.2 MiB/s
done
Bytes transferred = 97772 (17dec hex)
Kernel image @ 0x81000000 [ 0x000000 - 0x5116d0 ]
## Flattened Device Tree blob at 82000000
   Booting using the fdt blob at 0x82000000
   Using Device Tree in place at 82000000, end 8201adeb

Starting kernel ...

[    0.000000] Booting Linux on physical CPU 0x0
[    0.000000] Linux version 6.6.56 (user01@drvtest01) (arm-linux-gnueabihf-gcc (Linaro GCC 6.4-2017.11) 6.4.1 20171012, GNU ld (Linaro_Binutils-2017.11) 2.27.0.20161229) #7 SMP Thu Oct 10 16:41:45 EEST 2024
[    0.000000] CPU: ARMv7 Processor [413fc082] revision 2 (ARMv7), cr=10c5387d
[    0.000000] CPU: PIPT / VIPT nonaliasing data cache, VIPT aliasing instruction cache
[    0.000000] OF: fdt: Machine model: TI AM335x BeagleBone Black
[    0.000000] Memory policy: Data cache writeback
[    0.000000] cma: Reserved 16 MiB at 0x9e800000 on node -1
[    0.000000] Zone ranges:
[    0.000000]   Normal   [mem 0x0000000080000000-0x000000009fdfffff]
[    0.000000]   HighMem  empty
[    0.000000] Movable zone start for each node
[    0.000000] Early memory node ranges
[    0.000000]   node   0: [mem 0x0000000080000000-0x000000009fdfffff]
[    0.000000] Initmem setup node 0 [mem 0x0000000080000000-0x000000009fdfffff]
[    0.000000] CPU: All CPU(s) started in SVC mode.
[    0.000000] AM335X ES2.1 (sgx neon)
[    0.000000] percpu: Embedded 16 pages/cpu s36052 r8192 d21292 u65536
[    0.000000] Kernel command line: console=ttyO0,115200n8 root=/dev/nfs rw nfsroot=192.168.255.126:/home/user01/nfs,nfsvers=3 ip=192.168.255.1:192.168.255.126::255.255.255.0:bbb1:eth0 nfsrootdebug
[    0.000000] Unknown kernel command line parameters "nfsrootdebug", will be passed to user space.
[    0.000000] Dentry cache hash table entries: 65536 (order: 6, 262144 bytes, linear)
[    0.000000] Inode-cache hash table entries: 32768 (order: 5, 131072 bytes, linear)
[    0.000000] Built 1 zonelists, mobility grouping on.  Total pages: 129412
[    0.000000] mem auto-init: stack:off, heap alloc:off, heap free:off
[    0.000000] Memory: 483604K/522240K available (11264K kernel code, 1163K rwdata, 2700K rodata, 1024K init, 283K bss, 22252K reserved, 16384K cma-reserved, 0K highmem)
[    0.000000] SLUB: HWalign=64, Order=0-3, MinObjects=0, CPUs=1, Nodes=1
[    0.000000] trace event string verifier disabled
[    0.000000] rcu: Hierarchical RCU implementation.
[    0.000000] rcu: 	RCU event tracing is enabled.
[    0.000000] rcu: 	RCU restricting CPUs from NR_CPUS=2 to nr_cpu_ids=1.
[    0.000000] rcu: RCU calculated value of scheduler-enlistment delay is 10 jiffies.
[    0.000000] rcu: Adjusting geometry for rcu_fanout_leaf=16, nr_cpu_ids=1
[    0.000000] NR_IRQS: 16, nr_irqs: 16, preallocated irqs: 16
[    0.000000] IRQ: Found an INTC at 0x(ptrval) (revision 5.0) with 128 interrupts
[    0.000000] rcu: srcu_init: Setting srcu_struct sizes based on contention.
[    0.000000] TI gptimer clocksource: always-on /ocp/interconnect@44c00000/segment@200000/target-module@31000
[    0.000002] sched_clock: 32 bits at 24MHz, resolution 41ns, wraps every 89478484971ns
[    0.000026] clocksource: dmtimer: mask: 0xffffffff max_cycles: 0xffffffff, max_idle_ns: 79635851949 ns
[    0.000521] TI gptimer clockevent: 24000000 Hz at /ocp/interconnect@48000000/segment@0/target-module@40000
[    0.002121] Console: colour dummy device 80x30
[    0.002174] WARNING: Your 'console=ttyO0' has been replaced by 'ttyS0'
[    0.002182] This ensures that you still see kernel messages. Please
[    0.002187] update your kernel commandline.
[    0.002227] Calibrating delay loop... 996.14 BogoMIPS (lpj=4980736)
[    0.090573] CPU: Testing write buffer coherency: ok
[    0.090682] CPU0: Spectre v2: using BPIALL workaround
[    0.090694] pid_max: default: 32768 minimum: 301
[    0.090812] LSM: initializing lsm=capability,integrity
[    0.090983] Mount-cache hash table entries: 1024 (order: 0, 4096 bytes, linear)
[    0.091002] Mountpoint-cache hash table entries: 1024 (order: 0, 4096 bytes, linear)
[    0.092526] CPU0: thread -1, cpu 0, socket -1, mpidr 0
[    0.094206] Setting up static identity map for 0x80100000 - 0x80100078
[    0.094513] rcu: Hierarchical SRCU implementation.
[    0.094525] rcu: 	Max phase no-delay instances is 1000.
[    0.095927] smp: Bringing up secondary CPUs ...
[    0.095987] smp: Brought up 1 node, 1 CPU
[    0.096001] SMP: Total of 1 processors activated (996.14 BogoMIPS).
[    0.096013] CPU: All CPU(s) started in SVC mode.
[    0.096921] devtmpfs: initialized
[    0.114538] VFP support v0.3: implementor 41 architecture 3 part 30 variant c rev 3
[    0.114904] clocksource: jiffies: mask: 0xffffffff max_cycles: 0xffffffff, max_idle_ns: 19112604462750000 ns
[    0.114937] futex hash table entries: 256 (order: 2, 16384 bytes, linear)
[    0.116216] pinctrl core: initialized pinctrl subsystem
[    0.118978] NET: Registered PF_NETLINK/PF_ROUTE protocol family
[    0.121776] DMA: preallocated 256 KiB pool for atomic coherent allocations
[    0.122429] audit: initializing netlink subsys (disabled)
[    0.123753] thermal_sys: Registered thermal governor 'fair_share'
[    0.123773] thermal_sys: Registered thermal governor 'step_wise'
[    0.123780] thermal_sys: Registered thermal governor 'user_space'
[    0.123890] audit: type=2000 audit(0.120:1): state=initialized audit_enabled=0 res=1
[    0.123972] cpuidle: using governor menu
[    0.141691] No ATAGs?
[    0.141718] hw-breakpoint: debug architecture 0x4 unsupported.
[    0.144872] kprobes: kprobe jump-optimization is enabled. All kprobes are optimized if possible.
[    0.163956] iommu: Default domain type: Translated
[    0.163979] iommu: DMA domain TLB invalidation policy: strict mode
[    0.165452] SCSI subsystem initialized
[    0.171304] pps_core: LinuxPPS API ver. 1 registered
[    0.171315] pps_core: Software ver. 5.3.6 - Copyright 2005-2007 Rodolfo Giometti <giometti@linux.it>
[    0.171339] PTP clock support registered
[    0.181392] vgaarb: loaded
[    0.181776] clocksource: Switched to clocksource dmtimer
[    0.182401] VFS: Disk quotas dquot_6.6.0
[    0.182461] VFS: Dquot-cache hash table entries: 1024 (order 0, 4096 bytes)
[    0.206711] NET: Registered PF_INET protocol family
[    0.207053] IP idents hash table entries: 8192 (order: 4, 65536 bytes, linear)
[    0.208429] tcp_listen_portaddr_hash hash table entries: 512 (order: 0, 4096 bytes, linear)
[    0.208468] Table-perturb hash table entries: 65536 (order: 6, 262144 bytes, linear)
[    0.208486] TCP established hash table entries: 4096 (order: 2, 16384 bytes, linear)
[    0.208530] TCP bind hash table entries: 4096 (order: 4, 65536 bytes, linear)
[    0.208628] TCP: Hash tables configured (established 4096 bind 4096)
[    0.208759] UDP hash table entries: 256 (order: 1, 8192 bytes, linear)
[    0.208789] UDP-Lite hash table entries: 256 (order: 1, 8192 bytes, linear)
[    0.208971] NET: Registered PF_UNIX/PF_LOCAL protocol family
[    0.222811] RPC: Registered named UNIX socket transport module.
[    0.222834] RPC: Registered udp transport module.
[    0.222841] RPC: Registered tcp transport module.
[    0.222846] RPC: Registered tcp-with-tls transport module.
[    0.222852] RPC: Registered tcp NFSv4.1 backchannel transport module.
[    0.222878] PCI: CLS 0 bytes, default 64
[    0.224580] Initialise system trusted keyrings
[    0.225664] workingset: timestamp_bits=14 max_order=17 bucket_order=3
[    0.226917] NFS: Registering the id_resolver key type
[    0.226991] Key type id_resolver registered
[    0.226998] Key type id_legacy registered
[    0.227057] jffs2: version 2.2. (NAND) (SUMMARY)  Â© 2001-2006 Red Hat, Inc.
[    0.227530] Key type asymmetric registered
[    0.227547] Asymmetric key parser 'x509' registered
[    0.227619] io scheduler mq-deadline registered
[    0.227630] io scheduler kyber registered
[    0.227705] io scheduler bfq registered
[    0.242902] Serial: 8250/16550 driver, 6 ports, IRQ sharing enabled
[    0.300066] brd: module loaded
[    0.308551] loop: module loaded
[    0.309489] mtdoops: mtd device (mtddev=name/number) must be supplied
[    0.312535] i2c_dev: i2c /dev entries driver
[    0.313532] cpuidle: enable-method property 'ti,am3352' found operations
[    0.314004] sdhci: Secure Digital Host Controller Interface driver
[    0.314015] sdhci: Copyright(c) Pierre Ossman
[    0.314197] sdhci-pltfm: SDHCI platform and OF driver helper
[    0.330373] ledtrig-cpu: registered to indicate activity on CPUs
[    0.331219] Initializing XFRM netlink socket
[    0.331381] NET: Registered PF_INET6 protocol family
[    0.344087] Segment Routing with IPv6
[    0.344171] In-situ OAM (IOAM) with IPv6
[    0.344272] sit: IPv6, IPv4 and MPLS over IPv4 tunneling driver
[    0.345254] NET: Registered PF_PACKET protocol family
[    0.345289] NET: Registered PF_KEY protocol family
[    0.345426] Key type dns_resolver registered
[    0.345698] ThumbEE CPU extension supported.
[    0.345719] Registering SWP/SWPB emulation handler
[    0.346237] omap_voltage_late_init: Voltage driver support not added
[    0.346580] SmartReflex Class3 initialized
[    0.376880] Loading compiled-in X.509 certificates
[    0.430145] platform 44e10800.pinmux: Fixed dependency cycle(s) with /ocp/interconnect@44c00000/segment@200000/target-module@10000/scm@0/pinmux@800/clkout2-pins
[    0.430721] pinctrl-single 44e10800.pinmux: 142 pins, size 568
[    0.436018] ti-sysc: probe of 44e31000.target-module failed with error -16
[    0.495704] ti-sysc: probe of 48040000.target-module failed with error -16
[    0.536145] OMAP GPIO hardware version 0.1
[    0.560768] omap_i2c 4819c000.i2c: bus 2 rev0.11 at 100 kHz
[    0.596158] platform 4830e000.lcdc: Fixed dependency cycle(s) with /ocp/interconnect@44c00000/segment@200000/target-module@b000/i2c@0/tda19988@70
[    0.607952] sdhci-omap 481d8000.mmc: supply pbias not found, using dummy regulator
[    0.608438] sdhci-omap 481d8000.mmc: supply vqmmc not found, using dummy regulator
[    0.682305] davinci_mdio 4a101000.mdio: davinci mdio revision 1.6, bus freq 1000000
[    0.833979] davinci_mdio 4a101000.mdio: phy[0]: device 4a101000.mdio:00, driver SMSC LAN8710/LAN8720
[    0.834632] cpsw-switch 4a100000.switch: initialized cpsw ale version 1.4
[    0.834654] cpsw-switch 4a100000.switch: ALE Table size 1024
[    0.834790] cpsw-switch 4a100000.switch: cpts: overflow check period 500 (jiffies)
[    0.834806] cpsw-switch 4a100000.switch: CPTS: ref_clk_freq:250000000 calc_mult:2147483648 calc_shift:29 error:0 nsec/sec
[    0.834911] cpsw-switch 4a100000.switch: Detected MACID = 6c:ec:eb:68:de:78
[    0.836731] cpsw-switch 4a100000.switch: initialized (regs 0x4a100000, pool size 256) hw_ver:0019010C 1.12 (0)
[    0.847843] debugfs: Directory '49000000.dma' with parent 'dmaengine' already present!
[    0.847888] edma 49000000.dma: TI EDMA DMA engine driver
[    0.916834] hw perfevents: enabled with armv7_cortex_a8 PMU driver, 5 counters available
[    0.924405] l3-aon-clkctrl:0000:0: failed to disable
[    0.927341] 44e09000.serial: ttyS0 at MMIO 0x44e09000 (irq = 34, base_baud = 3000000) is a 8250
[    0.927426] printk: console [ttyS0] enabled
[    2.082701] tps65217-pmic: Failed to locate of_node [id: -1]
[    2.088764] tps65217-bl: Failed to locate of_node [id: -1]
[    2.099883] tps65217 0-0024: TPS65217 ID 0xe version 1.2
[    2.106037] platform 4830e000.lcdc: Fixed dependency cycle(s) with /ocp/interconnect@44c00000/segment@200000/target-module@b000/i2c@0/tda19988@70
[    2.119457] i2c 0-0070: Fixed dependency cycle(s) with /ocp/interconnect@48000000/segment@300000/target-module@e000/lcdc@0
[    2.130872] omap_i2c 44e0b000.i2c: bus 0 rev0.11 at 400 kHz
[    2.139047] omap_gpio 44e07000.gpio: Could not set line 6 debounce to 200000 microseconds (-22)
[    2.147957] sdhci-omap 48060000.mmc: Got CD GPIO
[    2.152993] sdhci-omap 48060000.mmc: supply pbias not found, using dummy regulator
[    2.163933] sdhci-omap 48060000.mmc: supply vqmmc not found, using dummy regulator
[    2.172819] sdhci-omap 481d8000.mmc: supply pbias not found, using dummy regulator
[    2.180842] sdhci-omap 481d8000.mmc: supply vqmmc not found, using dummy regulator
[    2.218890] mmc0: SDHCI controller on 48060000.mmc [48060000.mmc] using External DMA
[    2.227179] mmc1: SDHCI controller on 481d8000.mmc [481d8000.mmc] using External DMA
[    2.235943] cpsw-switch 4a100000.switch: starting ndev. mode: dual_mac
[    2.279174] mmc0: new high speed SDHC card at address 5048
[    2.286211] mmcblk0: mmc0:5048 SD16G 14.4 GiB
[    2.294071]  mmcblk0: p1 p2
[    2.297332] mmcblk0: p2 size 31221760 extends beyond EOD, truncated
[    2.311866] mmc1: new high speed MMC card at address 0001
[    2.318570] mmcblk1: mmc1:0001 MMC04G 3.60 GiB
[    2.325744]  mmcblk1: p1 p2
[    2.330003] mmcblk1boot0: mmc1:0001 MMC04G 2.00 MiB
[    2.337395] mmcblk1boot1: mmc1:0001 MMC04G 2.00 MiB
[    2.344444] mmcblk1rpmb: mmc1:0001 MMC04G 128 KiB, chardev (250:0)
[    2.351165] SMSC LAN8710/LAN8720 4a101000.mdio:00: attached PHY driver (mii_bus:phy_addr=4a101000.mdio:00, irq=POLL)
[    5.522529] cpsw-switch 4a100000.switch eth0: Link is Up - 100Mbps/Full - flow control off
[    5.571822] IP-Config: Complete:
[    5.575097]      device=eth0, hwaddr=6c:ec:eb:68:de:78, ipaddr=192.168.255.1, mask=255.255.255.0, gw=255.255.255.255
[    5.585716]      host=bbb1, domain=, nis-domain=(none)
[    5.590879]      bootserver=192.168.255.126, rootserver=192.168.255.126, rootpath=
[    5.591339] clk: Disabling unused clocks
[    5.603209] KTAP version 1
[    5.605936] 1..0
[    5.630063] VFS: Mounted root (nfs filesystem) on device 0:16.
[    5.637174] devtmpfs: mounted
[    5.641952] Freeing unused kernel image (initmem) memory: 1024K
[    5.648667] Run /sbin/init as init process
[    6.334134] systemd[1]: System time before build time, advancing clock.
[    7.801798] random: crng init done
[    7.873424] systemd[1]: systemd 232 running in system mode. (+PAM +AUDIT +SELINUX +IMA +APPARMOR +SMACK +SYSVINIT +UTMP +LIBCRYPTSETUP +GCRYPT +GNUTLS +ACL +XZ +LZ4 +SECCOMP +BLKID +ELFUTILS +KMOD +IDN)
[    7.892464] systemd[1]: Detected architecture arm.

Welcome to [1mDebian GNU/Linux 9 (stretch)[0m!

[    7.934817] systemd[1]: Set hostname to <arm>.
[    9.014943] systemd[1]: Reached target Remote File Systems.
[[0;32m  OK  [0m] Reached target Remote File Systems.
[    9.053013] systemd[1]: Listening on Journal Audit Socket.
[[0;32m  OK  [0m] Listening on Journal Audit Socket.
[    9.093659] systemd[1]: Listening on Syslog Socket.
[[0;32m  OK  [0m] Listening on Syslog Socket.
[    9.133757] systemd[1]: Listening on udev Control Socket.
[[0;32m  OK  [0m] Listening on udev Control Socket.
[    9.172673] systemd[1]: Started Dispatch Password Requests to Console Directory Watch.
[[0;32m  OK  [0m] Started Dispatch Password Requests to Console Directory Watch.
[    9.213675] systemd[1]: Listening on /dev/initctl Compatibility Named Pipe.
[[0;32m  OK  [0m] Listening on /dev/initctl Compatibility Named Pipe.
[    9.252125] systemd[1]: Reached target Swap.
[[0;32m  OK  [0m] Reached target Swap.
[[0;32m  OK  [0m] Created slice User and Session Slice.
[[0;32m  OK  [0m] Listening on Journal Socket.
[[0;32m  OK  [0m] Listening on udev Kernel Socket.
[[0;32m  OK  [0m] Listening on Journal Socket (/dev/log).
[[0;32m  OK  [0m] Set up automount Arbitrary Executabâ€¦rmats File System Automount Point.
[[0;32m  OK  [0m] Created slice System Slice.
         Starting Remount Root and Kernel File Systems...
         Starting Load Kernel Modules...
[[0;32m  OK  [0m] Reached target Slices.
         Starting Journal Service...
         Mounting POSIX Message Queue File System...
         Starting Create list of required stâ€¦ce nodes for the current kernel...
         Mounting Debug File System...
[[0;32m  OK  [0m] Created slice system-getty.slice.
[[0;32m  OK  [0m] Created slice system-serial\x2dgetty.slice.
[[0;32m  OK  [0m] Started Forward Password Requests to Wall Directory Watch.
[[0;32m  OK  [0m] Reached target Encrypted Volumes.
[[0;32m  OK  [0m] Reached target Paths.
[[0;32m  OK  [0m] Mounted POSIX Message Queue File System.
[[0;32m  OK  [0m] Mounted Debug File System.
[[0;32m  OK  [0m] Started Remount Root and Kernel File Systems.
[[0;32m  OK  [0m] Started Load Kernel Modules.
[[0;32m  OK  [0m] Started Create list of required staâ€¦vice nodes for the current kernel.
         Starting Create Static Device Nodes in /dev...
         Starting Apply Kernel Variables...
         Mounting Configuration File System...
         Starting Load/Save Random Seed...
         Starting udev Coldplug all Devices...
[[0;32m  OK  [0m] Mounted Configuration File System.
[[0;32m  OK  [0m] Started Apply Kernel Variables.
[[0;32m  OK  [0m] Started Load/Save Random Seed.
[[0;32m  OK  [0m] Started Journal Service.
         Starting Flush Journal to Persistent Storage...
[[0;32m  OK  [0m] Started Create Static Device Nodes in /dev.
[[0;32m  OK  [0m] Reached target Local File Systems (Pre).
[[0;32m  OK  [0m] Reached target Local File Systems.
         Starting Raise network interfaces...
         Starting udev Kernel Device Manager...
[   11.234470] systemd-journald[81]: Received request to flush runtime journal from PID 1
[[0;32m  OK  [0m] Started Flush Journal to Persistent Storage.
         Starting Create Volatile Files and Directories...
[[0;32m  OK  [0m] Started udev Kernel Device Manager.
[[0;32m  OK  [0m] Started Create Volatile Files and Directories.
         Starting Network Time Synchronization...
         Starting Update UTMP about System Boot/Shutdown...
[[0;32m  OK  [0m] Started Update UTMP about System Boot/Shutdown.
[[0;32m  OK  [0m] Started Network Time Synchronization.
[[0;32m  OK  [0m] Reached target System Time Synchronized.
[[0;32m  OK  [0m] Started udev Coldplug all Devices.
[[0;32m  OK  [0m] Reached target System Initialization.
[[0;32m  OK  [0m] Listening on Avahi mDNS/DNS-SD Stack Activation Socket.
[[0;32m  OK  [0m] Started Daily apt download activities.
[[0;32m  OK  [0m] Started Daily Cleanup of Temporary Directories.
[[0;32m  OK  [0m] Listening on D-Bus System Message Bus Socket.
[[0;32m  OK  [0m] Reached target Sockets.
[[0;32m  OK  [0m] Reached target Basic System.
         Starting LSB: Start busybox udhcpd at boot time...
[   15.036793] remoteproc remoteproc0: wkup_m3 is available
[   15.235750] am335x-phy-driver 47401300.usb-phy: dummy supplies not allowed for exclusive requests
[[0;32m  OK  [0m] Started Regular background program processing daemon.
[   15.367693] usbcore: registered new interface driver usbfs
[   15.373530] usbcore: registered new interface driver hub
[   15.378973] usbcore: registered new device driver usb
[   15.487840] am335x-phy-driver 47401b00.usb-phy: dummy supplies not allowed for exclusive requests
         Starting Cape Manager Service...
         Starting Telephony service...
[   15.645736] at24 2-0054: supply vcc not found, using dummy regulator
[   15.789659] at24 2-0055: supply vcc not found, using dummy regulator
         Starting System Logging Service...
[   15.902628] at24 2-0056: supply vcc not found, using dummy regulator
[   16.040217] at24 2-0057: supply vcc not found, using dummy regulator
         Starting Generic Board Startup...
[[0;32m  OK  [0m] Started D-Bus System Message Bus.
[   16.142082] musb-hdrc musb-hdrc.1: MUSB HDRC host driver
[   16.147742] musb-hdrc musb-hdrc.1: new USB bus registered, assigned bus number 1
[   16.200164] at24 0-0050: 32768 byte 24c256 EEPROM, writable, 1 bytes/write
[   16.350413] usb usb1: New USB device found, idVendor=1d6b, idProduct=0002, bcdDevice= 6.06
[   16.358978] usb usb1: New USB device strings: Mfr=3, Product=2, SerialNumber=1
[   16.366313] usb usb1: Product: MUSB HDRC host driver
[   16.371305] usb usb1: Manufacturer: Linux 6.6.56 musb-hcd
[   16.376770] usb usb1: SerialNumber: musb-hdrc.1
[   16.543695] hub 1-0:1.0: USB hub found
[   16.563218] tps6521x_pwrbutton tps65217-pwrbutton: DMA mask not set
[   16.639582] hub 1-0:1.0: 1 port detected
[   16.674346] wkup_m3_ipc 44e11324.wkup_m3_ipc: IPC Request for A8->M3 Channel failed! -517
[   16.718635] input: tps65217_pwrbutton as /devices/platform/ocp/44c00000.interconnect/44c00000.interconnect:segment@200000/44e0b000.target-module/44e0b000.i2c/i2c-0/0-0024/tps65217-pwrbutton/input/input0
[   16.741723] wkup_m3_ipc 44e11324.wkup_m3_ipc: IPC Request for A8->M3 Channel failed! -517
[   16.945261] wkup_m3_ipc 44e11324.wkup_m3_ipc: IPC Request for A8->M3 Channel failed! -517
[   17.162729] omap_rtc 44e3e000.rtc: registered as rtc0
[   17.167902] omap_rtc 44e3e000.rtc: setting system clock to 2000-01-01T00:00:00 UTC (946684800)
[   17.184140] wkup_m3_ipc 44e11324.wkup_m3_ipc: IPC Request for A8->M3 Channel failed! -517
[   17.673064] tda998x 0-0070: found TDA19988
[   17.706205] omap_wdt: OMAP Watchdog Timer Rev 0x01: initial timeout 60 sec
[   17.722000] wkup_m3_ipc 44e11324.wkup_m3_ipc: IPC Request for A8->M3 Channel failed! -517
[   17.829376] wkup_m3_ipc 44e11324.wkup_m3_ipc: IPC Request for A8->M3 Channel failed! -517
[   18.351539] omap-mailbox 480c8000.mailbox: omap mailbox rev 0x400
[   18.385518] remoteproc remoteproc0: powering up wkup_m3
[   18.500208] remoteproc remoteproc0: Direct firmware load for am335x-pm-firmware.elf failed with error -2
[   18.510082] remoteproc remoteproc0: request_firmware failed: -2
[   18.516187] wkup_m3_ipc 44e11324.wkup_m3_ipc: rproc_boot failed
[[0;32m  OK  [0m] Started Telephony service.
[   20.699096] omap_rng 48310000.rng: Random Number Generator ver. 20
         Starting Avahi mDNS/DNS-SD Stack...
         Starting Login Service...
[   20.826469] tilcdc 4830e000.lcdc: bound 0-0070 (ops tda998x_driver_exit [tda998x])
         Starting Connection service...
         Starting DUN service...
[   20.946500] [drm] Initialized tilcdc 1.0.0 20121205 for 4830e000.lcdc on minor 0
         Starting LSB: Load kernel modules needed to enable cpufreq scaling...
[   21.056239] tilcdc 4830e000.lcdc: [drm] Cannot find any crtc or sizes
[   21.069700] tilcdc 4830e000.lcdc: [drm] Cannot find any crtc or sizes
