Labgrid Console Logfile for main
Logfile started at 2025-08-01 12:27:18.087815
=== Log starts here ===
reading args
spl_load_image_fat_os: error reading image args, err - -1
reading u-boot.img
reading u-boot.img


U-Boot 2014.04-00014-g47880f5 (Apr 22 2014 - 13:23:54)

I2C:   ready
DRAM:  512 MiB
NAND:  0 MiB
MMC:   OMAP SD/MMC: 0, OMAP SD/MMC: 1
*** Warning - readenv() failed, using default environment

Net:   <ethaddr> not set. Validating first E-fuse MAC
cpsw, usb_ether
Hit any key to stop autoboot:  1  0 
gpio: pin 53 (gpio 53) value is 1
mmc0 is current device
gpio: pin 54 (gpio 54) value is 1
SD/MMC found on device 0
reading uEnv.txt
569 bytes read in 3 ms (184.6 KiB/s)
gpio: pin 55 (gpio 55) value is 1
Loaded environment from uEnv.txt
Importing environment from mmc ...
Checking if uenvcmd is set ...
gpio: pin 56 (gpio 56) value is 1
Running uenvcmd ...
cpsw Waiting for PHY auto negotiation to complete. done
link up on port 0, speed 100, full duplex
Using cpsw device
TFTP from server 192.168.255.126; our IP address is 192.168.255.1
Filename 'zImage'.
Load address: 0x81000000
Loading: *#################################################################
	 #################################################################
	 #################################################################
	 #################################################################
	 #################################################################
	 ####################################################
	 2.4 MiB/s
done
Bytes transferred = 5527440 (545790 hex)
link up on port 0, speed 100, full duplex
Using cpsw device
TFTP from server 192.168.255.126; our IP address is 192.168.255.1
Filename 'am335x-boneblack.dtb'.
Load address: 0x82000000
Loading: *#######
	 2.4 MiB/s
done
Bytes transferred = 98336 (18020 hex)
Kernel image @ 0x81000000 [ 0x000000 - 0x545790 ]
## Flattened Device Tree blob at 82000000
   Booting using the fdt blob at 0x82000000
   Using Device Tree in place at 82000000, end 8201b01f

Starting kernel ...

[    0.000000] Booting Linux on physical CPU 0x0
[    0.000000] Linux version 6.12.41 (user01@drvtest01) (arm-none-eabi-gcc (Arm GNU Toolchain 14.2.Rel1 (Build arm-14.52)) 14.2.1 20241119, GNU ld (Arm GNU Toolchain 14.2.Rel1 (Build arm-14.52)) 2.43.1.20241119) #1 SMP Fri Aug  1 12:23:57 EEST 2025
[    0.000000] CPU: ARMv7 Processor [413fc082] revision 2 (ARMv7), cr=10c5387d
[    0.000000] CPU: PIPT / VIPT nonaliasing data cache, VIPT aliasing instruction cache
[    0.000000] OF: fdt: Machine model: TI AM335x BeagleBone Black
[    0.000000] Memory policy: Data cache writeback
[    0.000000] cma: Reserved 16 MiB at 0x9e800000 on node -1
[    0.000000] Zone ranges:
[    0.000000]   Normal   [mem 0x0000000080000000-0x000000009fdfffff]
[    0.000000]   HighMem  empty
[    0.000000] Movable zone start for each node
[    0.000000] Early memory node ranges
[    0.000000]   node   0: [mem 0x0000000080000000-0x000000009fdfffff]
[    0.000000] Initmem setup node 0 [mem 0x0000000080000000-0x000000009fdfffff]
[    0.000000] OF: reserved mem: Reserved memory: No reserved-memory node in the DT
[    0.000000] CPU: All CPU(s) started in SVC mode.
[    0.000000] AM335X ES2.1 (sgx neon)
[    0.000000] percpu: Embedded 17 pages/cpu s40396 r8192 d21044 u69632
[    0.000000] Kernel command line: console=ttyO0,115200n8 root=/dev/nfs rw nfsroot=192.168.255.126:/home/user01/nfs,nfsvers=3 ip=192.168.255.1:192.168.255.126::255.255.255.0:bbb1:eth0 nfsrootdebug
[    0.000000] Unknown kernel command line parameters "nfsrootdebug", will be passed to user space.
[    0.000000] Dentry cache hash table entries: 65536 (order: 6, 262144 bytes, linear)
[    0.000000] Inode-cache hash table entries: 32768 (order: 5, 131072 bytes, linear)
[    0.000000] Built 1 zonelists, mobility grouping on.  Total pages: 130560
[    0.000000] mem auto-init: stack:off, heap alloc:off, heap free:off
[    0.000000] SLUB: HWalign=64, Order=0-3, MinObjects=0, CPUs=1, Nodes=1
[    0.000000] rcu: Hierarchical RCU implementation.
[    0.000000] rcu: 	RCU event tracing is enabled.
[    0.000000] rcu: 	RCU restricting CPUs from NR_CPUS=2 to nr_cpu_ids=1.
[    0.000000] rcu: RCU calculated value of scheduler-enlistment delay is 10 jiffies.
[    0.000000] rcu: Adjusting geometry for rcu_fanout_leaf=16, nr_cpu_ids=1
[    0.000000] NR_IRQS: 16, nr_irqs: 16, preallocated irqs: 16
[    0.000000] IRQ: Found an INTC at 0x(ptrval) (revision 5.0) with 128 interrupts
[    0.000000] rcu: srcu_init: Setting srcu_struct sizes based on contention.
[    0.000000] TI gptimer clocksource: always-on /ocp/interconnect@44c00000/segment@200000/target-module@31000
[    0.000004] sched_clock: 32 bits at 24MHz, resolution 41ns, wraps every 89478484971ns
[    0.000028] clocksource: dmtimer: mask: 0xffffffff max_cycles: 0xffffffff, max_idle_ns: 79635851949 ns
[    0.000491] TI gptimer clockevent: 24000000 Hz at /ocp/interconnect@48000000/segment@0/target-module@40000
[    0.002088] Console: colour dummy device 80x30
[    0.002152] WARNING: Your 'console=ttyO0' has been replaced by 'ttyS0'
[    0.002161] This ensures that you still see kernel messages. Please
[    0.002166] update your kernel commandline.
[    0.002207] Calibrating delay loop... 996.14 BogoMIPS (lpj=4980736)
[    0.090540] CPU: Testing write buffer coherency: ok
[    0.090654] CPU0: Spectre v2: using BPIALL workaround
[    0.090663] pid_max: default: 32768 minimum: 301
[    0.090789] LSM: initializing lsm=capability
[    0.090962] Mount-cache hash table entries: 1024 (order: 0, 4096 bytes, linear)
[    0.090982] Mountpoint-cache hash table entries: 1024 (order: 0, 4096 bytes, linear)
[    0.092537] CPU0: thread -1, cpu 0, socket -1, mpidr 0
[    0.094563] Setting up static identity map for 0x80100000 - 0x80100078
[    0.094869] rcu: Hierarchical SRCU implementation.
[    0.094880] rcu: 	Max phase no-delay instances is 1000.
[    0.096624] smp: Bringing up secondary CPUs ...
[    0.096681] smp: Brought up 1 node, 1 CPU
[    0.096695] SMP: Total of 1 processors activated (996.14 BogoMIPS).
[    0.096706] CPU: All CPU(s) started in SVC mode.
[    0.096894] Memory: 480868K/522240K available (11264K kernel code, 1211K rwdata, 2880K rodata, 1024K init, 295K bss, 23360K reserved, 16384K cma-reserved, 0K highmem)
[    0.097712] devtmpfs: initialized
[    0.113719] VFP support v0.3: implementor 41 architecture 3 part 30 variant c rev 3
[    0.114062] clocksource: jiffies: mask: 0xffffffff max_cycles: 0xffffffff, max_idle_ns: 19112604462750000 ns
[    0.114098] futex hash table entries: 256 (order: 2, 16384 bytes, linear)
[    0.115384] pinctrl core: initialized pinctrl subsystem
[    0.117483] NET: Registered PF_NETLINK/PF_ROUTE protocol family
[    0.120211] DMA: preallocated 256 KiB pool for atomic coherent allocations
[    0.121327] audit: initializing netlink subsys (disabled)
[    0.122763] thermal_sys: Registered thermal governor 'fair_share'
[    0.122780] thermal_sys: Registered thermal governor 'step_wise'
[    0.122790] thermal_sys: Registered thermal governor 'user_space'
[    0.122937] audit: type=2000 audit(0.120:1): state=initialized audit_enabled=0 res=1
[    0.122973] cpuidle: using governor menu
[    0.140703] /ocp/interconnect@44c00000/segment@200000/target-module@b000/i2c@0/tda19988@70: Fixed dependency cycle(s) with /ocp/interconnect@48000000/segment@300000/target-module@e000/lcdc@0
[    0.141825] /ocp/interconnect@48000000/segment@300000/target-module@e000/lcdc@0: Fixed dependency cycle(s) with /ocp/interconnect@44c00000/segment@200000/target-module@b000/i2c@0/tda19988@70
[    0.143973] No ATAGs?
[    0.143989] hw-breakpoint: debug architecture 0x4 unsupported.
[    0.146611] kprobes: kprobe jump-optimization is enabled. All kprobes are optimized if possible.
[    0.153647] iommu: Default domain type: Translated
[    0.153669] iommu: DMA domain TLB invalidation policy: strict mode
[    0.161346] SCSI subsystem initialized
[    0.162189] pps_core: LinuxPPS API ver. 1 registered
[    0.162199] pps_core: Software ver. 5.3.6 - Copyright 2005-2007 Rodolfo Giometti <giometti@linux.it>
[    0.162223] PTP clock support registered
[    0.164112] vgaarb: loaded
[    0.170955] clocksource: Switched to clocksource dmtimer
[    0.171651] VFS: Disk quotas dquot_6.6.0
[    0.171695] VFS: Dquot-cache hash table entries: 1024 (order 0, 4096 bytes)
[    0.198452] NET: Registered PF_INET protocol family
[    0.198791] IP idents hash table entries: 8192 (order: 4, 65536 bytes, linear)
[    0.200161] tcp_listen_portaddr_hash hash table entries: 512 (order: 0, 4096 bytes, linear)
[    0.200201] Table-perturb hash table entries: 65536 (order: 6, 262144 bytes, linear)
[    0.200216] TCP established hash table entries: 4096 (order: 2, 16384 bytes, linear)
[    0.200263] TCP bind hash table entries: 4096 (order: 4, 65536 bytes, linear)
[    0.200363] TCP: Hash tables configured (established 4096 bind 4096)
[    0.200485] UDP hash table entries: 256 (order: 1, 8192 bytes, linear)
[    0.200513] UDP-Lite hash table entries: 256 (order: 1, 8192 bytes, linear)
[    0.200682] NET: Registered PF_UNIX/PF_LOCAL protocol family
[    0.201938] RPC: Registered named UNIX socket transport module.
[    0.201960] RPC: Registered udp transport module.
[    0.201965] RPC: Registered tcp transport module.
[    0.201971] RPC: Registered tcp-with-tls transport module.
[    0.201976] RPC: Registered tcp NFSv4.1 backchannel transport module.
[    0.201998] PCI: CLS 0 bytes, default 64
[    0.203381] Initialise system trusted keyrings
[    0.215510] workingset: timestamp_bits=14 max_order=17 bucket_order=3
[    0.216780] NFS: Registering the id_resolver key type
[    0.216893] Key type id_resolver registered
[    0.216901] Key type id_legacy registered
[    0.216949] jffs2: version 2.2. (NAND) (SUMMARY)  Â© 2001-2006 Red Hat, Inc.
[    0.217352] Key type asymmetric registered
[    0.217368] Asymmetric key parser 'x509' registered
[    0.217436] io scheduler mq-deadline registered
[    0.217446] io scheduler kyber registered
[    0.217509] io scheduler bfq registered
[    0.219348] target-module@4b000000:target-module@140000:pmu@0:fck: device ID is greater than 24
[    0.225546] l3-aon-clkctrl:0000:0: failed to disable
[    0.225797] ledtrig-cpu: registered to indicate activity on CPUs
[    0.228575] Serial: 8250/16550 driver, 6 ports, IRQ sharing enabled
[    0.266942] brd: module loaded
[    0.281168] loop: module loaded
[    0.282094] mtdoops: mtd device (mtddev=name/number) must be supplied
[    0.295624] i2c_dev: i2c /dev entries driver
[    0.296601] cpuidle: enable-method property 'ti,am3352' found operations
[    0.297036] sdhci: Secure Digital Host Controller Interface driver
[    0.297045] sdhci: Copyright(c) Pierre Ossman
[    0.297220] sdhci-pltfm: SDHCI platform and OF driver helper
[    0.298690] hw perfevents: enabled with armv7_cortex_a8 PMU driver, 5 (8000000f) counters available
[    0.299196] Initializing XFRM netlink socket
[    0.299332] NET: Registered PF_INET6 protocol family
[    0.304971] l3-aon-clkctrl:0000:0: failed to disable
[    0.319429] Segment Routing with IPv6
[    0.319518] In-situ OAM (IOAM) with IPv6
[    0.319615] sit: IPv6, IPv4 and MPLS over IPv4 tunneling driver
[    0.320552] NET: Registered PF_PACKET protocol family
[    0.320578] NET: Registered PF_KEY protocol family
[    0.320702] Key type dns_resolver registered
[    0.320921] ThumbEE CPU extension supported.
[    0.320942] Registering SWP/SWPB emulation handler
[    0.321459] omap_voltage_late_init: Voltage driver support not added
[    0.322147] SmartReflex Class3 initialized
[    0.353091] Loading compiled-in X.509 certificates
[    0.392074] /ocp/interconnect@44c00000/segment@200000/target-module@b000/i2c@0/tda19988@70: Fixed dependency cycle(s) with /ocp/interconnect@48000000/segment@300000/target-module@e000/lcdc@0
[    0.398473] /ocp/interconnect@44c00000/segment@200000/target-module@b000/i2c@0/tda19988@70: Fixed dependency cycle(s) with /ocp/interconnect@48000000/segment@300000/target-module@e000/lcdc@0
[    0.427244] /ocp/interconnect@44c00000/segment@200000/target-module@b000/i2c@0/tda19988@70: Fixed dependency cycle(s) with /ocp/interconnect@48000000/segment@300000/target-module@e000/lcdc@0
[    0.428100] /ocp/interconnect@44c00000/segment@200000/target-module@b000/i2c@0/tda19988@70: Fixed dependency cycle(s) with /ocp/interconnect@48000000/segment@300000/target-module@e000/lcdc@0
[    0.431315] /ocp/interconnect@44c00000/segment@200000/target-module@10000/scm@0/pinmux@800: Fixed dependency cycle(s) with /ocp/interconnect@44c00000/segment@200000/target-module@10000/scm@0/pinmux@800/clkout2-pins
[    0.431905] pinctrl-single 44e10800.pinmux: 142 pins, size 568
[    0.437173] ti-sysc 44e31000.target-module: probe with driver ti-sysc failed with error -16
[    0.461267] /ocp/interconnect@48000000/segment@300000/target-module@e000/lcdc@0: Fixed dependency cycle(s) with /ocp/interconnect@44c00000/segment@200000/target-module@b000/i2c@0/tda19988@70
[    0.469019] ti-sysc 48040000.target-module: probe with driver ti-sysc failed with error -16
[    0.526220] OMAP GPIO hardware version 0.1
[    0.539569] omap_i2c 4819c000.i2c: bus 2 rev0.11 at 100 kHz
[    0.569641] 48000000.interconnect:segment@200000:target-module@0:mpu@0:fck: device ID is greater than 24
[    0.570512] /ocp/interconnect@48000000/segment@300000/target-module@e000/lcdc@0: Fixed dependency cycle(s) with /ocp/interconnect@44c00000/segment@200000/target-module@b000/i2c@0/tda19988@70
[    0.573102] /ocp/interconnect@48000000/segment@300000/target-module@e000/lcdc@0: Fixed dependency cycle(s) with /ocp/interconnect@44c00000/segment@200000/target-module@b000/i2c@0/tda19988@70
[    0.573750] /ocp/interconnect@44c00000/segment@200000/target-module@b000/i2c@0/tda19988@70: Fixed dependency cycle(s) with /ocp/interconnect@48000000/segment@300000/target-module@e000/lcdc@0
[    0.573903] /ocp/interconnect@48000000/segment@300000/target-module@e000/lcdc@0: Fixed dependency cycle(s) with /ocp/interconnect@44c00000/segment@200000/target-module@b000/i2c@0/tda19988@70
[    0.584840] sdhci-omap 481d8000.mmc: supply pbias not found, using dummy regulator
[    0.596645] sdhci-omap 481d8000.mmc: supply vqmmc not found, using dummy regulator
[    0.626487] davinci_mdio 4a101000.mdio: davinci mdio revision 1.6, bus freq 1000000
[    0.748237] davinci_mdio 4a101000.mdio: phy[0]: device 4a101000.mdio:00, driver SMSC LAN8710/LAN8720
[    0.748990] cpsw-switch 4a100000.switch: initialized cpsw ale version 1.4
[    0.749015] cpsw-switch 4a100000.switch: ALE Table size 1024, Policers 0
[    0.749165] cpsw-switch 4a100000.switch: cpts: overflow check period 500 (jiffies)
[    0.749183] cpsw-switch 4a100000.switch: CPTS: ref_clk_freq:250000000 calc_mult:2147483648 calc_shift:29 error:0 nsec/sec
[    0.749290] cpsw-switch 4a100000.switch: Detected MACID = 6c:ec:eb:68:de:78
[    0.751115] cpsw-switch 4a100000.switch: initialized (regs 0x4a100000, pool size 256) hw_ver:0019010C 1.12 (0)
[    0.761727] debugfs: Directory '49000000.dma' with parent 'dmaengine' already present!
[    0.761769] edma 49000000.dma: TI EDMA DMA engine driver
[    0.829980] 44e09000.serial: ttyS0 at MMIO 0x44e09000 (irq = 34, base_baud = 3000000) is a 8250
[    0.830067] printk: legacy console [ttyS0] enabled
[    2.295407] tps65217-pmic: Failed to locate of_node [id: -1]
[    2.301456] tps65217-bl: Failed to locate of_node [id: -1]
[    2.312774] tps65217 0-0024: TPS65217 ID 0xe version 1.2
[    2.318892] /ocp/interconnect@48000000/segment@300000/target-module@e000/lcdc@0: Fixed dependency cycle(s) with /ocp/interconnect@44c00000/segment@200000/target-module@b000/i2c@0/tda19988@70
[    2.336241] /ocp/interconnect@44c00000/segment@200000/target-module@b000/i2c@0/tda19988@70: Fixed dependency cycle(s) with /ocp/interconnect@48000000/segment@300000/target-module@e000/lcdc@0
[    2.353593] omap_i2c 44e0b000.i2c: bus 0 rev0.11 at 400 kHz
[    2.361585] omap_gpio 44e07000.gpio: Could not set line 6 debounce to 200000 microseconds (-22)
[    2.370469] sdhci-omap 48060000.mmc: Got CD GPIO
[    2.375505] sdhci-omap 48060000.mmc: supply pbias not found, using dummy regulator
[    2.385398] sdhci-omap 48060000.mmc: supply vqmmc not found, using dummy regulator
[    2.393934] sdhci-omap 481d8000.mmc: supply pbias not found, using dummy regulator
[    2.402533] sdhci-omap 481d8000.mmc: supply vqmmc not found, using dummy regulator
[    2.440742] mmc1: SDHCI controller on 481d8000.mmc [481d8000.mmc] using External DMA
[    2.449785] mmc0: SDHCI controller on 48060000.mmc [48060000.mmc] using External DMA
[    2.458637] cpsw-switch 4a100000.switch: starting ndev. mode: dual_mac
[    2.503709] mmc0: new high speed SDHC card at address 5048
[    2.510748] mmcblk0: mmc0:5048 SD16G 14.4 GiB
[    2.518769]  mmcblk0: p1 p2
[    2.522142] mmcblk0: p2 size 31221760 extends beyond EOD, truncated
[    2.535715] SMSC LAN8710/LAN8720 4a101000.mdio:00: attached PHY driver (mii_bus:phy_addr=4a101000.mdio:00, irq=POLL)
[    2.547915] mmc1: new high speed MMC card at address 0001
[    2.554820] mmcblk1: mmc1:0001 MMC04G 3.60 GiB
[    2.566641]  mmcblk1: p1 p2
[    2.570892] mmcblk1boot0: mmc1:0001 MMC04G 2.00 MiB
[    2.578210] mmcblk1boot1: mmc1:0001 MMC04G 2.00 MiB
[    2.585596] mmcblk1rpmb: mmc1:0001 MMC04G 128 KiB, chardev (250:0)
[    5.685209] cpsw-switch 4a100000.switch eth0: Link is Up - 100Mbps/Full - flow control off
[    5.714465] IP-Config: Complete:
[    5.717737]      device=eth0, hwaddr=6c:ec:eb:68:de:78, ipaddr=192.168.255.1, mask=255.255.255.0, gw=255.255.255.255
[    5.728375]      host=bbb1, domain=, nis-domain=(none)
[    5.733542]      bootserver=192.168.255.126, rootserver=192.168.255.126, rootpath=
[    5.733982] clk: Disabling unused clocks
[    5.745855] PM: genpd: Disabling unused power domains
[    5.750976] KTAP version 1
[    5.753697] 1..0
[    5.778226] VFS: Mounted root (nfs filesystem) on device 0:17.
[    5.785094] devtmpfs: mounted
[    5.789501] Freeing unused kernel image (initmem) memory: 1024K
[    5.796261] Run /sbin/init as init process
[    6.499723] systemd[1]: System time before build time, advancing clock.
[    7.954471] random: crng init done
[    7.996413] systemd[1]: systemd 232 running in system mode. (+PAM +AUDIT +SELINUX +IMA +APPARMOR +SMACK +SYSVINIT +UTMP +LIBCRYPTSETUP +GCRYPT +GNUTLS +ACL +XZ +LZ4 +SECCOMP +BLKID +ELFUTILS +KMOD +IDN)
[    8.015390] systemd[1]: Detected architecture arm.

Welcome to [1mDebian GNU/Linux 9 (stretch)[0m!

[    8.047853] systemd[1]: Set hostname to <arm>.
[    9.160335] systemd[1]: Set up automount Arbitrary Executable File Formats File System Automount Point.
[[0;32m  OK  [0m] Set up automount Arbitrary Executabâ€¦rmats File System Automount Point.
[    9.196674] systemd[1]: Listening on udev Control Socket.
[[0;32m  OK  [0m] Listening on udev Control Socket.
[    9.226386] systemd[1]: Listening on /dev/initctl Compatibility Named Pipe.
[[0;32m  OK  [0m] Listening on /dev/initctl Compatibility Named Pipe.
[    9.254880] systemd[1]: Reached target Remote File Systems.
[[0;32m  OK  [0m] Reached target Remote File Systems.
[    9.286066] systemd[1]: Created slice System Slice.
[[0;32m  OK  [0m] Created slice System Slice.
[    9.315842] systemd[1]: Created slice system-getty.slice.
[[0;32m  OK  [0m] Created slice system-getty.slice.
[    9.344923] systemd[1]: dev-hugepages.mount: Couldn't determine result for ConditionVirtualization=!private-users, assuming failed: No such file or directory
[[0;32m  OK  [0m] Listening on Syslog Socket.
[[0;32m  OK  [0m] Created slice system-serial\x2dgetty.slice.
[[0;32m  OK  [0m] Started Dispatch Password Requests to Console Directory Watch.
[[0;32m  OK  [0m] Created slice User and Session Slice.
[[0;32m  OK  [0m] Reached target Slices.
[[0;32m  OK  [0m] Listening on Journal Audit Socket.
[[0;32m  OK  [0m] Started Forward Password Requests to Wall Directory Watch.
[[0;32m  OK  [0m] Reached target Encrypted Volumes.
[[0;32m  OK  [0m] Reached target Paths.
[[0;32m  OK  [0m] Listening on Journal Socket.
         Starting Remount Root and Kernel File Systems...
[[0;32m  OK  [0m] Listening on udev Kernel Socket.
         Mounting Debug File System...
         Mounting POSIX Message Queue File System...
[[0;32m  OK  [0m] Reached target Swap.
         Starting Create list of required stâ€¦ce nodes for the current kernel...
         Starting Load Kernel Modules...
[[0;32m  OK  [0m] Listening on Journal Socket (/dev/log).
         Starting Journal Service...
[[0;32m  OK  [0m] Mounted POSIX Message Queue File System.
[[0;32m  OK  [0m] Mounted Debug File System.
[[0;32m  OK  [0m] Started Remount Root and Kernel File Systems.
[[0;32m  OK  [0m] Started Create list of required staâ€¦vice nodes for the current kernel.
         Starting Create Static Device Nodes in /dev...
         Starting udev Coldplug all Devices...
         Starting Load/Save Random Seed...
[[0;32m  OK  [0m] Started Load Kernel Modules.
         Starting Apply Kernel Variables...
         Mounting Configuration File System...
[[0;32m  OK  [0m] Mounted Configuration File System.
[[0;32m  OK  [0m] Started Load/Save Random Seed.
[[0;32m  OK  [0m] Started Apply Kernel Variables.
[[0;32m  OK  [0m] Started Create Static Device Nodes in /dev.
[[0;32m  OK  [0m] Reached target Local File Systems (Pre).
[[0;32m  OK  [0m] Reached target Local File Systems.
         Starting Raise network interfaces...
         Starting udev Kernel Device Manager...
[[0;32m  OK  [0m] Started Journal Service.
         Starting Flush Journal to Persistent Storage...
[   11.785880] systemd-journald[90]: Received request to flush runtime journal from PID 1
[[0;32m  OK  [0m] Started Flush Journal to Persistent Storage.
         Starting Create Volatile Files and Directories...
[[0;32m  OK  [0m] Started udev Kernel Device Manager.
[[0;32m  OK  [0m] Started Create Volatile Files and Directories.
         Starting Update UTMP about System Boot/Shutdown...
         Starting Network Time Synchronization...
[[0;32m  OK  [0m] Started Update UTMP about System Boot/Shutdown.
[[0;32m  OK  [0m] Started udev Coldplug all Devices.
[   14.756395] remoteproc remoteproc0: wkup_m3 is available
[   15.098772] am335x-phy-driver 47401300.usb-phy: dummy supplies not allowed for exclusive requests (id=vbus)
[   15.231759] at24 2-0054: supply vcc not found, using dummy regulator
[   15.250536] am335x-phy-driver 47401b00.usb-phy: dummy supplies not allowed for exclusive requests (id=vbus)
[   15.276556] usbcore: registered new interface driver usbfs
[   15.282213] usbcore: registered new interface driver hub
[   15.287858] usbcore: registered new device driver usb
[[0;32m  OK  [0m] Started Network Time Synchronization.
[[0;32m  OK  [0m] Reached target System Time Synchronized.
[   15.390981] at24 2-0055: supply vcc not found, using dummy regulator
[[0;32m  OK  [0m] Reached target System Initialization.
[   15.476004] at24 2-0056: supply vcc not found, using dummy regulator
[   15.572903] at24 2-0057: supply vcc not found, using dummy regulator
[[0;32m  OK  [0m] Listening on Avahi mDNS/DNS-SD Stack Activation Socket.
[[0;32m  OK  [0m] Started Daily Cleanup of Temporary Directories.
[   15.715398] at24 0-0050: 32768 byte 24c256 EEPROM, writable, 1 bytes/write
[[0;32m  OK  [0m] Started Daily apt download activities.
[[0;32m  OK  [0m] Started Daily apt upgrade and clean activities.
[[0;32m  OK  [0m] Reached target Timers.
[   15.997675] tps6521x_pwrbutton tps65217-pwrbutton: DMA mask not set
[[0;32m  OK  [0m] Listening on D-Bus System Message Bus Socket.
[[0;32m  OK  [0m] Reached target Sockets.
[   16.116310] input: tps65217_pwrbutton as /devices/platform/ocp/44c00000.interconnect/44c00000.interconnect:segment@200000/44e0b000.target-module/44e0b000.i2c/i2c-0/0-0024/tps65217-pwrbutton/input/input0
[   16.160170] musb-hdrc musb-hdrc.1: MUSB HDRC host driver
[   16.165905] musb-hdrc musb-hdrc.1: new USB bus registered, assigned bus number 1
[[0;32m  OK  [0m] Reached target Basic System.
[   16.227629] wkup_m3_ipc 44e11324.wkup_m3_ipc: IPC Request for A8->M3 Channel failed! -517
[   16.244918] usb usb1: New USB device found, idVendor=1d6b, idProduct=0002, bcdDevice= 6.12
[   16.253678] usb usb1: New USB device strings: Mfr=3, Product=2, SerialNumber=1
[   16.261045] usb usb1: Product: MUSB HDRC host driver
[   16.266069] usb usb1: Manufacturer: Linux 6.12.41 musb-hcd
[   16.272005] usb usb1: SerialNumber: musb-hdrc.1
         Starting Generic Board Startup...
         Starting LSB: Start busybox udhcpd at boot time...
[   16.414377] omap_rtc 44e3e000.rtc: registered as rtc0
[   16.419782] omap_rtc 44e3e000.rtc: setting system clock to 2000-01-01T00:00:00 UTC (946684800)
[   16.435782] wkup_m3_ipc 44e11324.wkup_m3_ipc: IPC Request for A8->M3 Channel failed! -517
         Starting Cape Manager Service...
         Starting LSB: Load kernel modules needed to enable cpufreq scaling...
         Starting System Logging Service...
[   16.732665] omap_wdt: OMAP Watchdog Timer Rev 0x01: initial timeout 60 sec
[   16.745484] hub 1-0:1.0: USB hub found
[   16.763055] wkup_m3_ipc 44e11324.wkup_m3_ipc: IPC Request for A8->M3 Channel failed! -517
[   16.835073] hub 1-0:1.0: 1 port detected
[   16.979217] wkup_m3_ipc 44e11324.wkup_m3_ipc: IPC Request for A8->M3 Channel failed! -517
[[0;32m  OK  [0m] Started D-Bus System Message Bus.
[   17.513479] tda998x 0-0070: found TDA19988
[   17.687303] wkup_m3_ipc 44e11324.wkup_m3_ipc: IPC Request for A8->M3 Channel failed! -517
[   17.863916] omap-mailbox 480c8000.mailbox: omap mailbox rev 0x400
[   17.986954] remoteproc remoteproc0: powering up wkup_m3
[   18.237168] remoteproc remoteproc0: Direct firmware load for am335x-pm-firmware.elf failed with error -2
[   18.246915] remoteproc remoteproc0: request_firmware failed: -2
[   18.252879] wkup_m3_ipc 44e11324.wkup_m3_ipc: rproc_boot failed
[   20.265872] tilcdc 4830e000.lcdc: bound 0-0070 (ops 0xbf0e80fc)
[   20.352160] [drm] Initialized tilcdc 1.0.0 for 4830e000.lcdc on minor 0
[   20.362163] omap_rng 48310000.rng: Random Number Generator ver. 20
[   20.437216] tilcdc 4830e000.lcdc: [drm] Cannot find any crtc or sizes
[   20.445985] tilcdc 4830e000.lcdc: [drm] Cannot find any crtc or sizes
         Starting Avahi mDNS/DNS-SD Stack...
         Starting Connection service...
         Starting Telephony service...
         Starting DUN service...
         Starting Login Service...
[[0;32m  OK  [0m] Started Regular background program processing daemon.
[   21.427111] PM: Cannot get wkup_m3_ipc handle
[   21.507289] omap-sham 53100000.sham: hw accel on OMAP rev 4.3
[   21.665636] omap-sham 53100000.sham: will run requests pump with realtime priority
[   21.674832] PM: Cannot get wkup_m3_ipc handle
[[0;32m  OK  [0m] Started System Logging Service.
[[0;32m  OK  [0m] Started Cape Manager Service.
[   21.715507] omap-aes 53500000.aes: OMAP AES hw accel rev: 3.2
[   21.864677] omap-aes 53500000.aes: will run requests pump with realtime priority
[   21.876565] PM: Cannot get wkup_m3_ipc handle
[[0;32m  OK  [0m] Found device /dev/ttyS0.
[   24.494125] Bluetooth: Core ver 2.22
[   24.498158] NET: Registered PF_BLUETOOTH protocol family
[   24.503509] Bluetooth: HCI device and connection manager initialized
[   24.510045] Bluetooth: HCI socket layer initialized
[   24.515006] Bluetooth: L2CAP socket layer initialized
[   24.520119] Bluetooth: SCO socket layer initialized
[   25.558487] PM: Cannot get wkup_m3_ipc handle
[   25.671764] PM: Cannot get wkup_m3_ipc handle
[[0;32m  OK  [0m] Started LSB: Start busybox udhcpd at boot time.
[[0;32m  OK  [0m] Started Raise network interfaces.
[[0;32m  OK  [0m] Started LSB: Load kernel modules needed to enable cpufreq scaling.
[   28.393437] configfs-gadget.g_multi gadget.0: HOST MAC 1c:ba:8c:a2:ed:6c
[   28.400452] configfs-gadget.g_multi gadget.0: MAC 1c:ba:8c:a2:ed:70
[   28.407857] configfs-gadget.g_multi gadget.0: HOST MAC 1c:ba:8c:a2:ed:6c
[   28.414720] configfs-gadget.g_multi gadget.0: MAC 1c:ba:8c:a2:ed:6d
[   28.423531] PM: Cannot get wkup_m3_ipc handle
[[0;32m  OK  [0m] Started DUN service.
[[0;32m  OK  [0m] Started Telephony service.
[[0;32m  OK  [0m] Started Avahi mDNS/DNS-SD Stack.
[[0;32m  OK  [0m] Started Connection service.
[[0;32m  OK  [0m] Started Login Service.
[[0;32m  OK  [0m] Reached target Sound Card.
         Starting LSB: set CPUFreq kernel parameters...
[[0;32m  OK  [0m] Reached target Network.
         Starting The Apache HTTP Server...
         Starting Permit User Sessions...
[[0;32m  OK  [0m] Reached target Network is Online.
         Starting LSB: Advanced IEEE 802.11 management daemon...
         Starting OpenBSD Secure Shell server...
[[0;32m  OK  [0m] Started LSB: Advanced IEEE 802.11 management daemon.
[[0;32m  OK  [0m] Started Permit User Sessions.
         Starting Hostname Service...
         Starting WPA supplicant...
[[0;32m  OK  [0m] Started Getty on tty1.
[[0;32m  OK  [0m] Started Serial Getty on ttyS0.
[[0;32m  OK  [0m] Reached target Login Prompts.
[[0;32m  OK  [0m] Started LSB: set CPUFreq kernel parameters.
[[0;32m  OK  [0m] Started WPA supplicant.
[[0;32m  OK  [0m] Started Hostname Service.
[[0;32m  OK  [0m] Started OpenBSD Secure Shell server.
         Stopping LSB: Start busybox udhcpd at boot time...
[[0;32m  OK  [0m] Stopped LSB: Start busybox udhcpd at boot time.
[[0;32m  OK  [0m] Started The Apache HTTP Server.
         Starting dnsmasq - A lightweight DHCP and caching DNS server...
[[0;32m  OK  [0m] Started dnsmasq - A lightweight DHCP and caching DNS server.
[[0;32m  OK  [0m] Reached target Host and Network Name Lookups.
[[0;32m  OK  [0m] Started Serial Getty on ttyGS0.
[[0;32m  OK  [0m] Started Generic Board Startup.
[[0;32m  OK  [0m] Reached target Multi-User System.
[[0;32m  OK  [0m] Reached target Graphical Interface.
         Starting Update UTMP about System Runlevel Changes...
[[0;32m  OK  [0m] Started Update UTMP about System Runlevel Changes.

Debian GNU/Linux 9 arm ttyS0

default username:password is [debian:temppwd]

arm login: root
Password: 
Last login: Sat Jan  1 00:00:44 UTC 2000 on ttyS0
root
Linux arm 6.12.41 #1 SMP Fri Aug  1 12:23:57 EEST 2025 armv7l

The programs included with the Debian GNU/Linux system are free software;
the exact distribution terms for each program are described in the
individual files in /usr/share/doc/*/copyright.

Debian GNU/Linux comes with ABSOLUTELY NO WARRANTY, to the extent
permitted by applicable law.
root@arm:~# root
-bash: root: command not found
root@arm:~# dmesg -n 1
echo 'UZLL''APTBJG'
root@arm:~# echo 'UZLL''APTBJG'
UZLLAPTBJG
root@arm:~# run() { echo -n "$MARKER"; sh -c "$@"; echo "$MARKER $?"; }
root@arm:~# echo 'GQNQ''HWANCF'
GQNQHWANCF
root@arm:~# MARKER='WENQ''OOCZUL' run 'cat /proc/version'
WENQOOCZULLinux version 6.12.41 (user01@drvtest01) (arm-none-eabi-gcc (Arm GNU Toolchain 14.2.Rel1 (Build arm-14.52)) 14.2.1 20241119, GNU ld (Arm GNU Toolchain 14.2.Rel1 (Build arm-14.52)) 2.43.1.20241119) #1 SMP Fri Aug  1 12:23:57 EEST 2025
WENQOOCZUL 0
root@arm:~# echo 'PHHW''SAKFVX'
PHHWSAKFVX
root@arm:~# MARKER='MZAA''UOYVZG' run false
MZAAUOYVZGMZAAUOYVZG 1
root@arm:~# Labgrid Console Logfile for main
Logfile started at 2025-08-01 12:28:14.624672
=== Log starts here ===

root@arm:~# run() { echo -n "$MARKER"; sh -c "$@"; echo "$MARKER $?"; }
root@arm:~# echo 'KZZA''PVCHNC'
KZZAPVCHNC
root@arm:~# MARKER='YPXM''CGEJVY' run 'ls /iio_generic_buffer; echo $?'
YPXMCGEJVY/iio_generic_buffer
0
YPXMCGEJVY 0
root@arm:~# Labgrid Console Logfile for main
Logfile started at 2025-08-01 12:28:17.982513
=== Log starts here ===

root@arm:~# run() { echo -n "$MARKER"; sh -c "$@"; echo "$MARKER $?"; }
root@arm:~# echo 'WEGJ''OMJKTL'
WEGJOMJKTL
root@arm:~# MARKER='CUHX''KXJXGT' run dmesg
CUHXKXJXGT[    0.000000] Booting Linux on physical CPU 0x0
[    0.000000] Linux version 6.12.41 (user01@drvtest01) (arm-none-eabi-gcc (Arm GNU Toolchain 14.2.Rel1 (Build arm-14.52)) 14.2.1 20241119, GNU ld (Arm GNU Toolchain 14.2.Rel1 (Build arm-14.52)) 2.43.1.20241119) #1 SMP Fri Aug  1 12:23:57 EEST 2025
[    0.000000] CPU: ARMv7 Processor [413fc082] revision 2 (ARMv7), cr=10c5387d
[    0.000000] CPU: PIPT / VIPT nonaliasing data cache, VIPT aliasing instruction cache
[    0.000000] OF: fdt: Machine model: TI AM335x BeagleBone Black
[    0.000000] Memory policy: Data cache writeback
[    0.000000] cma: Reserved 16 MiB at 0x9e800000 on node -1
[    0.000000] Zone ranges:
[    0.000000]   Normal   [mem 0x0000000080000000-0x000000009fdfffff]
[    0.000000]   HighMem  empty
[    0.000000] Movable zone start for each node
[    0.000000] Early memory node ranges
[    0.000000]   node   0: [mem 0x0000000080000000-0x000000009fdfffff]
[    0.000000] Initmem setup node 0 [mem 0x0000000080000000-0x000000009fdfffff]
[    0.000000] OF: reserved mem: Reserved memory: No reserved-memory node in the DT
[    0.000000] CPU: All CPU(s) started in SVC mode.
[    0.000000] AM335X ES2.1 (sgx neon)
[    0.000000] percpu: Embedded 17 pages/cpu s40396 r8192 d21044 u69632
[    0.000000] pcpu-alloc: s40396 r8192 d21044 u69632 alloc=17*4096
[    0.000000] pcpu-alloc: [0] 0 
[    0.000000] Kernel command line: console=ttyO0,115200n8 root=/dev/nfs rw nfsroot=192.168.255.126:/home/user01/nfs,nfsvers=3 ip=192.168.255.1:192.168.255.126::255.255.255.0:bbb1:eth0 nfsrootdebug
[    0.000000] Unknown kernel command line parameters "nfsrootdebug", will be passed to user space.
[    0.000000] Dentry cache hash table entries: 65536 (order: 6, 262144 bytes, linear)
[    0.000000] Inode-cache hash table entries: 32768 (order: 5, 131072 bytes, linear)
[    0.000000] Built 1 zonelists, mobility grouping on.  Total pages: 130560
[    0.000000] mem auto-init: stack:off, heap alloc:off, heap free:off
[    0.000000] SLUB: HWalign=64, Order=0-3, MinObjects=0, CPUs=1, Nodes=1
[    0.000000] rcu: Hierarchical RCU implementation.
[    0.000000] rcu: 	RCU event tracing is enabled.
[    0.000000] rcu: 	RCU restricting CPUs from NR_CPUS=2 to nr_cpu_ids=1.
[    0.000000] rcu: RCU calculated value of scheduler-enlistment delay is 10 jiffies.
[    0.000000] rcu: Adjusting geometry for rcu_fanout_leaf=16, nr_cpu_ids=1
[    0.000000] NR_IRQS: 16, nr_irqs: 16, preallocated irqs: 16
[    0.000000] IRQ: Found an INTC at 0x(ptrval) (revision 5.0) with 128 interrupts
[    0.000000] rcu: srcu_init: Setting srcu_struct sizes based on contention.
[    0.000000] TI gptimer clocksource: always-on /ocp/interconnect@44c00000/segment@200000/target-module@31000
[    0.000004] sched_clock: 32 bits at 24MHz, resolution 41ns, wraps every 89478484971ns
[    0.000028] clocksource: dmtimer: mask: 0xffffffff max_cycles: 0xffffffff, max_idle_ns: 79635851949 ns
[    0.000491] TI gptimer clockevent: 24000000 Hz at /ocp/interconnect@48000000/segment@0/target-module@40000
[    0.002088] Console: colour dummy device 80x30
[    0.002152] WARNING: Your 'console=ttyO0' has been replaced by 'ttyS0'
[    0.002161] This ensures that you still see kernel messages. Please
[    0.002166] update your kernel commandline.
[    0.002207] Calibrating delay loop... 996.14 BogoMIPS (lpj=4980736)
[    0.090540] CPU: Testing write buffer coherency: ok
[    0.090654] CPU0: Spectre v2: using BPIALL workaround
[    0.090663] pid_max: default: 32768 minimum: 301
[    0.090789] LSM: initializing lsm=capability
[    0.090962] Mount-cache hash table entries: 1024 (order: 0, 4096 bytes, linear)
[    0.090982] Mountpoint-cache hash table entries: 1024 (order: 0, 4096 bytes, linear)
[    0.092537] CPU0: thread -1, cpu 0, socket -1, mpidr 0
[    0.094563] Setting up static identity map for 0x80100000 - 0x80100078
[    0.094869] rcu: Hierarchical SRCU implementation.
[    0.094880] rcu: 	Max phase no-delay instances is 1000.
[    0.096624] smp: Bringing up secondary CPUs ...
[    0.096681] smp: Brought up 1 node, 1 CPU
[    0.096695] SMP: Total of 1 processors activated (996.14 BogoMIPS).
[    0.096706] CPU: All CPU(s) started in SVC mode.
[    0.096894] Memory: 480868K/522240K available (11264K kernel code, 1211K rwdata, 2880K rodata, 1024K init, 295K bss, 23360K reserved, 16384K cma-reserved, 0K highmem)
[    0.097712] devtmpfs: initialized
[    0.113719] VFP support v0.3: implementor 41 architecture 3 part 30 variant c rev 3
[    0.114062] clocksource: jiffies: mask: 0xffffffff max_cycles: 0xffffffff, max_idle_ns: 19112604462750000 ns
[    0.114098] futex hash table entries: 256 (order: 2, 16384 bytes, linear)
[    0.115384] pinctrl core: initialized pinctrl subsystem
[    0.117483] NET: Registered PF_NETLINK/PF_ROUTE protocol family
[    0.120211] DMA: preallocated 256 KiB pool for atomic coherent allocations
[    0.121327] audit: initializing netlink subsys (disabled)
[    0.122763] thermal_sys: Registered thermal governor 'fair_share'
[    0.122780] thermal_sys: Registered thermal governor 'step_wise'
[    0.122790] thermal_sys: Registered thermal governor 'user_space'
[    0.122937] audit: type=2000 audit(0.120:1): state=initialized audit_enabled=0 res=1
[    0.122973] cpuidle: using governor menu
[    0.140703] /ocp/interconnect@44c00000/segment@200000/target-module@b000/i2c@0/tda19988@70: Fixed dependency cycle(s) with /ocp/interconnect@48000000/segment@300000/target-module@e000/lcdc@0
[    0.141825] /ocp/interconnect@48000000/segment@300000/target-module@e000/lcdc@0: Fixed dependency cycle(s) with /ocp/interconnect@44c00000/segment@200000/target-module@b000/i2c@0/tda19988@70
[    0.143973] No ATAGs?
[    0.143989] hw-breakpoint: debug architecture 0x4 unsupported.
[    0.146611] kprobes: kprobe jump-optimization is enabled. All kprobes are optimized if possible.
[    0.153647] iommu: Default domain type: Translated
[    0.153669] iommu: DMA domain TLB invalidation policy: strict mode
[    0.155202] reg-fixed-voltage fixedregulator0: using DT '/fixedregulator0' for '(default)' GPIO lookup
[    0.155256] of_get_named_gpiod_flags: can't parse 'gpios' property of node '/fixedregulator0[0]'
[    0.155285] of_get_named_gpiod_flags: can't parse 'gpio' property of node '/fixedregulator0[0]'
[    0.155302] reg-fixed-voltage fixedregulator0: using lookup tables for GPIO lookup
[    0.155312] reg-fixed-voltage fixedregulator0: No GPIO consumer (default) found
[    0.161346] SCSI subsystem initialized
[    0.161835] libata version 3.00 loaded.
[    0.162189] pps_core: LinuxPPS API ver. 1 registered
[    0.162199] pps_core: Software ver. 5.3.6 - Copyright 2005-2007 Rodolfo Giometti <giometti@linux.it>
[    0.162223] PTP clock support registered
[    0.164112] vgaarb: loaded
[    0.170955] clocksource: Switched to clocksource dmtimer
[    0.171651] VFS: Disk quotas dquot_6.6.0
[    0.171695] VFS: Dquot-cache hash table entries: 1024 (order 0, 4096 bytes)
[    0.198452] NET: Registered PF_INET protocol family
[    0.198791] IP idents hash table entries: 8192 (order: 4, 65536 bytes, linear)
[    0.200161] tcp_listen_portaddr_hash hash table entries: 512 (order: 0, 4096 bytes, linear)
[    0.200201] Table-perturb hash table entries: 65536 (order: 6, 262144 bytes, linear)
[    0.200216] TCP established hash table entries: 4096 (order: 2, 16384 bytes, linear)
[    0.200263] TCP bind hash table entries: 4096 (order: 4, 65536 bytes, linear)
[    0.200363] TCP: Hash tables configured (established 4096 bind 4096)
[    0.200485] UDP hash table entries: 256 (order: 1, 8192 bytes, linear)
[    0.200513] UDP-Lite hash table entries: 256 (order: 1, 8192 bytes, linear)
[    0.200682] NET: Registered PF_UNIX/PF_LOCAL protocol family
[    0.201938] RPC: Registered named UNIX socket transport module.
[    0.201960] RPC: Registered udp transport module.
[    0.201965] RPC: Registered tcp transport module.
[    0.201971] RPC: Registered tcp-with-tls transport module.
[    0.201976] RPC: Registered tcp NFSv4.1 backchannel transport module.
[    0.201998] PCI: CLS 0 bytes, default 64
[    0.203381] Initialise system trusted keyrings
[    0.215510] workingset: timestamp_bits=14 max_order=17 bucket_order=3
[    0.216780] NFS: Registering the id_resolver key type
[    0.216893] Key type id_resolver registered
[    0.216901] Key type id_legacy registered
[    0.216949] jffs2: version 2.2. (NAND) (SUMMARY)  Â© 2001-2006 Red Hat, Inc.
[    0.217352] Key type asymmetric registered
[    0.217368] Asymmetric key parser 'x509' registered
[    0.217436] io scheduler mq-deadline registered
[    0.217446] io scheduler kyber registered
[    0.217509] io scheduler bfq registered
[    0.219348] target-module@4b000000:target-module@140000:pmu@0:fck: device ID is greater than 24
[    0.225546] l3-aon-clkctrl:0000:0: failed to disable
[    0.225797] ledtrig-cpu: registered to indicate activity on CPUs
[    0.228575] Serial: 8250/16550 driver, 6 ports, IRQ sharing enabled
[    0.266942] brd: module loaded
[    0.281168] loop: module loaded
[    0.282094] mtdoops: mtd device (mtddev=name/number) must be supplied
[    0.294119] mdio_bus fixed-0: using lookup tables for GPIO lookup
[    0.294146] mdio_bus fixed-0: No GPIO consumer reset found
[    0.295624] i2c_dev: i2c /dev entries driver
[    0.296601] cpuidle: enable-method property 'ti,am3352' found operations
[    0.297036] sdhci: Secure Digital Host Controller Interface driver
[    0.297045] sdhci: Copyright(c) Pierre Ossman
[    0.297220] sdhci-pltfm: SDHCI platform and OF driver helper
[    0.298690] hw perfevents: enabled with armv7_cortex_a8 PMU driver, 5 (8000000f) counters available
[    0.299196] Initializing XFRM netlink socket
[    0.299332] NET: Registered PF_INET6 protocol family
[    0.304971] l3-aon-clkctrl:0000:0: failed to disable
[    0.319429] Segment Routing with IPv6
[    0.319518] In-situ OAM (IOAM) with IPv6
[    0.319615] sit: IPv6, IPv4 and MPLS over IPv4 tunneling driver
[    0.320552] NET: Registered PF_PACKET protocol family
[    0.320578] NET: Registered PF_KEY protocol family
[    0.320702] Key type dns_resolver registered
[    0.320921] ThumbEE CPU extension supported.
[    0.320942] Registering SWP/SWPB emulation handler
[    0.321459] omap_voltage_late_init: Voltage driver support not added
[    0.322147] SmartReflex Class3 initialized
[    0.353091] Loading compiled-in X.509 certificates
[    0.392074] /ocp/interconnect@44c00000/segment@200000/target-module@b000/i2c@0/tda19988@70: Fixed dependency cycle(s) with /ocp/interconnect@48000000/segment@300000/target-module@e000/lcdc@0
[    0.398473] /ocp/interconnect@44c00000/segment@200000/target-module@b000/i2c@0/tda19988@70: Fixed dependency cycle(s) with /ocp/interconnect@48000000/segment@300000/target-module@e000/lcdc@0
[    0.403713] gpiochip_find_base_unlocked: found new base at 512
[    0.427244] /ocp/interconnect@44c00000/segment@200000/target-module@b000/i2c@0/tda19988@70: Fixed dependency cycle(s) with /ocp/interconnect@48000000/segment@300000/target-module@e000/lcdc@0
[    0.428100] /ocp/interconnect@44c00000/segment@200000/target-module@b000/i2c@0/tda19988@70: Fixed dependency cycle(s) with /ocp/interconnect@48000000/segment@300000/target-module@e000/lcdc@0
[    0.431315] /ocp/interconnect@44c00000/segment@200000/target-module@10000/scm@0/pinmux@800: Fixed dependency cycle(s) with /ocp/interconnect@44c00000/segment@200000/target-module@10000/scm@0/pinmux@800/clkout2-pins
[    0.431905] pinctrl-single 44e10800.pinmux: 142 pins, size 568
[    0.437173] ti-sysc 44e31000.target-module: probe with driver ti-sysc failed with error -16
[    0.461267] /ocp/interconnect@48000000/segment@300000/target-module@e000/lcdc@0: Fixed dependency cycle(s) with /ocp/interconnect@44c00000/segment@200000/target-module@b000/i2c@0/tda19988@70
[    0.469019] ti-sysc 48040000.target-module: probe with driver ti-sysc failed with error -16
[    0.479782] gpiochip_find_base_unlocked: found new base at 512
[    0.479879] gpio gpiochip0: (gpio-0-31): created GPIO range 0->7 ==> 44e10800.pinmux PIN 0->7
[    0.479898] gpio gpiochip0: (gpio-0-31): created GPIO range 8->11 ==> 44e10800.pinmux PIN 90->93
[    0.479914] gpio gpiochip0: (gpio-0-31): created GPIO range 12->27 ==> 44e10800.pinmux PIN 12->27
[    0.479929] gpio gpiochip0: (gpio-0-31): created GPIO range 28->31 ==> 44e10800.pinmux PIN 30->33
[    0.525955] gpio gpiochip0: (gpio-0-31): added GPIO chardev (254:0)
[    0.526133] gpio gpiochip0: registered GPIOs 512 to 543 on gpio-0-31
[    0.526220] OMAP GPIO hardware version 0.1
[    0.538572] i2c i2c-2: using DT '/ocp/interconnect@48000000/segment@100000/target-module@9c000/i2c@0' for 'scl' GPIO lookup
[    0.538647] of_get_named_gpiod_flags: can't parse 'scl-gpios' property of node '/ocp/interconnect@48000000/segment@100000/target-module@9c000/i2c@0[0]'
[    0.538689] of_get_named_gpiod_flags: can't parse 'scl-gpio' property of node '/ocp/interconnect@48000000/segment@100000/target-module@9c000/i2c@0[0]'
[    0.538725] i2c i2c-2: using lookup tables for GPIO lookup
[    0.538735] i2c i2c-2: No GPIO consumer scl found
[    0.538756] i2c i2c-2: using DT '/ocp/interconnect@48000000/segment@100000/target-module@9c000/i2c@0' for 'sda' GPIO lookup
[    0.538792] of_get_named_gpiod_flags: can't parse 'sda-gpios' property of node '/ocp/interconnect@48000000/segment@100000/target-module@9c000/i2c@0[0]'
[    0.538829] of_get_named_gpiod_flags: can't parse 'sda-gpio' property of node '/ocp/interconnect@48000000/segment@100000/target-module@9c000/i2c@0[0]'
[    0.538860] i2c i2c-2: using lookup tables for GPIO lookup
[    0.538867] i2c i2c-2: No GPIO consumer sda found
[    0.539569] omap_i2c 4819c000.i2c: bus 2 rev0.11 at 100 kHz
[    0.544853] gpiochip_find_base_unlocked: found new base at 544
[    0.544959] gpio gpiochip1: (gpio-32-63): created GPIO range 0->17 ==> 44e10800.pinmux PIN 34->51
[    0.544979] gpio gpiochip1: (gpio-32-63): created GPIO range 18->21 ==> 44e10800.pinmux PIN 77->80
[    0.544994] gpio gpiochip1: (gpio-32-63): created GPIO range 22->31 ==> 44e10800.pinmux PIN 56->65
[    0.560777] gpio gpiochip1: (gpio-32-63): added GPIO chardev (254:1)
[    0.560958] gpio gpiochip1: registered GPIOs 544 to 575 on gpio-32-63
[    0.563185] gpiochip_find_base_unlocked: found new base at 576
[    0.563280] gpio gpiochip2: (gpio-64-95): created GPIO range 0->4 ==> 44e10800.pinmux PIN 66->70
[    0.563300] gpio gpiochip2: (gpio-64-95): created GPIO range 5->6 ==> 44e10800.pinmux PIN 98->99
[    0.563315] gpio gpiochip2: (gpio-64-95): created GPIO range 7->8 ==> 44e10800.pinmux PIN 75->76
[    0.563330] gpio gpiochip2: (gpio-64-95): created GPIO range 13->13 ==> 44e10800.pinmux PIN 141->141
[    0.563346] gpio gpiochip2: (gpio-64-95): created GPIO range 14->21 ==> 44e10800.pinmux PIN 100->107
[    0.563977] gpio gpiochip2: (gpio-64-95): added GPIO chardev (254:2)
[    0.564119] gpio gpiochip2: registered GPIOs 576 to 607 on gpio-64-95
[    0.569641] 48000000.interconnect:segment@200000:target-module@0:mpu@0:fck: device ID is greater than 24
[    0.570512] /ocp/interconnect@48000000/segment@300000/target-module@e000/lcdc@0: Fixed dependency cycle(s) with /ocp/interconnect@44c00000/segment@200000/target-module@b000/i2c@0/tda19988@70
[    0.573102] /ocp/interconnect@48000000/segment@300000/target-module@e000/lcdc@0: Fixed dependency cycle(s) with /ocp/interconnect@44c00000/segment@200000/target-module@b000/i2c@0/tda19988@70
[    0.573750] /ocp/interconnect@44c00000/segment@200000/target-module@b000/i2c@0/tda19988@70: Fixed dependency cycle(s) with /ocp/interconnect@48000000/segment@300000/target-module@e000/lcdc@0
[    0.573903] /ocp/interconnect@48000000/segment@300000/target-module@e000/lcdc@0: Fixed dependency cycle(s) with /ocp/interconnect@44c00000/segment@200000/target-module@b000/i2c@0/tda19988@70
[    0.583208] mdio_bus 4a101000.mdio: using DT '/ocp/interconnect@4a000000/segment@0/target-module@100000/switch@0/mdio@1000' for 'reset' GPIO lookup
[    0.583294] of_get_named_gpiod_flags: can't parse 'reset-gpios' property of node '/ocp/interconnect@4a000000/segment@0/target-module@100000/switch@0/mdio@1000[0]'
[    0.583341] of_get_named_gpiod_flags: can't parse 'reset-gpio' property of node '/ocp/interconnect@4a000000/segment@0/target-module@100000/switch@0/mdio@1000[0]'
[    0.583388] mdio_bus 4a101000.mdio: using lookup tables for GPIO lookup
[    0.583397] mdio_bus 4a101000.mdio: No GPIO consumer reset found
[    0.584332] sdhci-omap 481d8000.mmc: using DT '/ocp/interconnect@48000000/segment@100000/target-module@d8000/mmc@0' for 'wp' GPIO lookup
[    0.584394] of_get_named_gpiod_flags: can't parse 'wp-gpios' property of node '/ocp/interconnect@48000000/segment@100000/target-module@d8000/mmc@0[0]'
[    0.584589] of_get_named_gpiod_flags: can't parse 'wp-gpio' property of node '/ocp/interconnect@48000000/segment@100000/target-module@d8000/mmc@0[0]'
[    0.584630] sdhci-omap 481d8000.mmc: using lookup tables for GPIO lookup
[    0.584639] sdhci-omap 481d8000.mmc: No GPIO consumer wp found
[    0.584840] sdhci-omap 481d8000.mmc: supply pbias not found, using dummy regulator
[    0.596645] sdhci-omap 481d8000.mmc: supply vqmmc not found, using dummy regulator
[    0.626487] davinci_mdio 4a101000.mdio: davinci mdio revision 1.6, bus freq 1000000
[    0.640841] mdio_bus 4a101000.mdio:00: using DT '/ocp/interconnect@4a000000/segment@0/target-module@100000/switch@0/mdio@1000/ethernet-phy@0' for 'reset' GPIO lookup
[    0.640944] of_get_named_gpiod_flags: parsed 'reset-gpios' property of node '/ocp/interconnect@4a000000/segment@0/target-module@100000/switch@0/mdio@1000/ethernet-phy@0[0]' - status (0)
[    0.641112] gpio gpiochip0: Persistence not supported for GPIO 8
[    0.748237] davinci_mdio 4a101000.mdio: phy[0]: device 4a101000.mdio:00, driver SMSC LAN8710/LAN8720
[    0.748990] cpsw-switch 4a100000.switch: initialized cpsw ale version 1.4
[    0.749015] cpsw-switch 4a100000.switch: ALE Table size 1024, Policers 0
[    0.749165] cpsw-switch 4a100000.switch: cpts: overflow check period 500 (jiffies)
[    0.749183] cpsw-switch 4a100000.switch: CPTS: ref_clk_freq:250000000 calc_mult:2147483648 calc_shift:29 error:0 nsec/sec
[    0.749290] cpsw-switch 4a100000.switch: Detected MACID = 6c:ec:eb:68:de:78
[    0.751115] cpsw-switch 4a100000.switch: initialized (regs 0x4a100000, pool size 256) hw_ver:0019010C 1.12 (0)
[    0.761727] debugfs: Directory '49000000.dma' with parent 'dmaengine' already present!
[    0.761769] edma 49000000.dma: TI EDMA DMA engine driver
[    0.797173] gpio-clk clk_mcasp0: using DT '/clk_mcasp0' for 'enable' GPIO lookup
[    0.797252] of_get_named_gpiod_flags: parsed 'enable-gpios' property of node '/clk_mcasp0[0]' - status (0)
[    0.797298] gpio gpiochip0: Persistence not supported for GPIO 27
[    0.798167] gpiochip_find_base_unlocked: found new base at 608
[    0.798281] gpio gpiochip3: (gpio-96-127): created GPIO range 0->7 ==> 44e10800.pinmux PIN 82->89
[    0.798301] gpio gpiochip3: (gpio-96-127): created GPIO range 8->11 ==> 44e10800.pinmux PIN 52->55
[    0.798317] gpio gpiochip3: (gpio-96-127): created GPIO range 12->15 ==> 44e10800.pinmux PIN 94->97
[    0.798333] gpio gpiochip3: (gpio-96-127): created GPIO range 16->17 ==> 44e10800.pinmux PIN 71->72
[    0.798349] gpio gpiochip3: (gpio-96-127): created GPIO range 18->18 ==> 44e10800.pinmux PIN 135->135
[    0.798365] gpio gpiochip3: (gpio-96-127): created GPIO range 19->20 ==> 44e10800.pinmux PIN 108->109
[    0.798382] gpio gpiochip3: (gpio-96-127): created GPIO range 21->21 ==> 44e10800.pinmux PIN 73->73
[    0.798399] gpio gpiochip3: (gpio-96-127): created GPIO range 22->23 ==> 44e10800.pinmux PIN 8->9
[    0.798416] gpio gpiochip3: (gpio-96-127): created GPIO range 26->27 ==> 44e10800.pinmux PIN 10->11
[    0.798451] gpio gpiochip3: (gpio-96-127): created GPIO range 28->28 ==> 44e10800.pinmux PIN 74->74
[    0.798470] gpio gpiochip3: (gpio-96-127): created GPIO range 29->29 ==> 44e10800.pinmux PIN 81->81
[    0.798488] gpio gpiochip3: (gpio-96-127): created GPIO range 30->31 ==> 44e10800.pinmux PIN 28->29
[    0.820003] gpio gpiochip3: (gpio-96-127): added GPIO chardev (254:3)
[    0.820160] gpio gpiochip3: registered GPIOs 608 to 639 on gpio-96-127
[    0.829219] omap8250 44e09000.serial: using DT '/ocp/interconnect@44c00000/segment@200000/target-module@9000/serial@0' for 'rs485-term' GPIO lookup
[    0.829299] of_get_named_gpiod_flags: can't parse 'rs485-term-gpios' property of node '/ocp/interconnect@44c00000/segment@200000/target-module@9000/serial@0[0]'
[    0.829343] of_get_named_gpiod_flags: can't parse 'rs485-term-gpio' property of node '/ocp/interconnect@44c00000/segment@200000/target-module@9000/serial@0[0]'
[    0.829378] omap8250 44e09000.serial: using lookup tables for GPIO lookup
[    0.829388] omap8250 44e09000.serial: No GPIO consumer rs485-term found
[    0.829399] omap8250 44e09000.serial: using DT '/ocp/interconnect@44c00000/segment@200000/target-module@9000/serial@0' for 'rs485-rx-during-tx' GPIO lookup
[    0.829434] of_get_named_gpiod_flags: can't parse 'rs485-rx-during-tx-gpios' property of node '/ocp/interconnect@44c00000/segment@200000/target-module@9000/serial@0[0]'
[    0.829471] of_get_named_gpiod_flags: can't parse 'rs485-rx-during-tx-gpio' property of node '/ocp/interconnect@44c00000/segment@200000/target-module@9000/serial@0[0]'
[    0.829502] omap8250 44e09000.serial: using lookup tables for GPIO lookup
[    0.829510] omap8250 44e09000.serial: No GPIO consumer rs485-rx-during-tx found
[    0.829980] 44e09000.serial: ttyS0 at MMIO 0x44e09000 (irq = 34, base_baud = 3000000) is a 8250
[    0.830067] printk: legacy console [ttyS0] enabled
[    2.278330] i2c i2c-0: using DT '/ocp/interconnect@44c00000/segment@200000/target-module@b000/i2c@0' for 'scl' GPIO lookup
[    2.278419] of_get_named_gpiod_flags: can't parse 'scl-gpios' property of node '/ocp/interconnect@44c00000/segment@200000/target-module@b000/i2c@0[0]'
[    2.278466] of_get_named_gpiod_flags: can't parse 'scl-gpio' property of node '/ocp/interconnect@44c00000/segment@200000/target-module@b000/i2c@0[0]'
[    2.278506] i2c i2c-0: using lookup tables for GPIO lookup
[    2.278519] i2c i2c-0: No GPIO consumer scl found
[    2.278544] i2c i2c-0: using DT '/ocp/interconnect@44c00000/segment@200000/target-module@b000/i2c@0' for 'sda' GPIO lookup
[    2.278583] of_get_named_gpiod_flags: can't parse 'sda-gpios' property of node '/ocp/interconnect@44c00000/segment@200000/target-module@b000/i2c@0[0]'
[    2.278624] of_get_named_gpiod_flags: can't parse 'sda-gpio' property of node '/ocp/interconnect@44c00000/segment@200000/target-module@b000/i2c@0[0]'
[    2.278659] i2c i2c-0: using lookup tables for GPIO lookup
[    2.278671] i2c i2c-0: No GPIO consumer sda found
[    2.295407] tps65217-pmic: Failed to locate of_node [id: -1]
[    2.301456] tps65217-bl: Failed to locate of_node [id: -1]
[    2.312774] tps65217 0-0024: TPS65217 ID 0xe version 1.2
[    2.318892] /ocp/interconnect@48000000/segment@300000/target-module@e000/lcdc@0: Fixed dependency cycle(s) with /ocp/interconnect@44c00000/segment@200000/target-module@b000/i2c@0/tda19988@70
[    2.336241] /ocp/interconnect@44c00000/segment@200000/target-module@b000/i2c@0/tda19988@70: Fixed dependency cycle(s) with /ocp/interconnect@48000000/segment@300000/target-module@e000/lcdc@0
[    2.353593] omap_i2c 44e0b000.i2c: bus 0 rev0.11 at 400 kHz
[    2.361380] sdhci-omap 48060000.mmc: using DT '/ocp/interconnect@48000000/segment@0/target-module@60000/mmc@0' for 'cd' GPIO lookup
[    2.361488] of_get_named_gpiod_flags: parsed 'cd-gpios' property of node '/ocp/interconnect@48000000/segment@0/target-module@60000/mmc@0[0]' - status (0)
[    2.361559] gpio gpiochip3: Persistence not supported for GPIO 6
[    2.361585] omap_gpio 44e07000.gpio: Could not set line 6 debounce to 200000 microseconds (-22)
[    2.370469] sdhci-omap 48060000.mmc: Got CD GPIO
[    2.375149] sdhci-omap 48060000.mmc: using DT '/ocp/interconnect@48000000/segment@0/target-module@60000/mmc@0' for 'wp' GPIO lookup
[    2.375197] of_get_named_gpiod_flags: can't parse 'wp-gpios' property of node '/ocp/interconnect@48000000/segment@0/target-module@60000/mmc@0[0]'
[    2.375242] of_get_named_gpiod_flags: can't parse 'wp-gpio' property of node '/ocp/interconnect@48000000/segment@0/target-module@60000/mmc@0[0]'
[    2.375280] sdhci-omap 48060000.mmc: using lookup tables for GPIO lookup
[    2.375294] sdhci-omap 48060000.mmc: No GPIO consumer wp found
[    2.375505] sdhci-omap 48060000.mmc: supply pbias not found, using dummy regulator
[    2.384162] sdhci-omap 481d8000.mmc: using DT '/ocp/interconnect@48000000/segment@100000/target-module@d8000/mmc@0' for 'wp' GPIO lookup
[    2.384237] of_get_named_gpiod_flags: can't parse 'wp-gpios' property of node '/ocp/interconnect@48000000/segment@100000/target-module@d8000/mmc@0[0]'
[    2.384285] of_get_named_gpiod_flags: can't parse 'wp-gpio' property of node '/ocp/interconnect@48000000/segment@100000/target-module@d8000/mmc@0[0]'
[    2.384324] sdhci-omap 481d8000.mmc: using lookup tables for GPIO lookup
[    2.384337] sdhci-omap 481d8000.mmc: No GPIO consumer wp found
[    2.385398] sdhci-omap 48060000.mmc: supply vqmmc not found, using dummy regulator
[    2.393934] sdhci-omap 481d8000.mmc: supply pbias not found, using dummy regulator
[    2.402533] sdhci-omap 481d8000.mmc: supply vqmmc not found, using dummy regulator
[    2.440742] mmc1: SDHCI controller on 481d8000.mmc [481d8000.mmc] using External DMA
[    2.449785] mmc0: SDHCI controller on 48060000.mmc [48060000.mmc] using External DMA
[    2.458637] cpsw-switch 4a100000.switch: starting ndev. mode: dual_mac
[    2.503709] mmc0: new high speed SDHC card at address 5048
[    2.510748] mmcblk0: mmc0:5048 SD16G 14.4 GiB
[    2.518769]  mmcblk0: p1 p2
[    2.522142] mmcblk0: p2 size 31221760 extends beyond EOD, truncated
[    2.535715] SMSC LAN8710/LAN8720 4a101000.mdio:00: attached PHY driver (mii_bus:phy_addr=4a101000.mdio:00, irq=POLL)
[    2.547915] mmc1: new high speed MMC card at address 0001
[    2.554820] mmcblk1: mmc1:0001 MMC04G 3.60 GiB
[    2.566641]  mmcblk1: p1 p2
[    2.570892] mmcblk1boot0: mmc1:0001 MMC04G 2.00 MiB
[    2.578210] mmcblk1boot1: mmc1:0001 MMC04G 2.00 MiB
[    2.585596] mmcblk1rpmb: mmc1:0001 MMC04G 128 KiB, chardev (250:0)
[    5.685209] cpsw-switch 4a100000.switch eth0: Link is Up - 100Mbps/Full - flow control off
[    5.714465] IP-Config: Complete:
[    5.717737]      device=eth0, hwaddr=6c:ec:eb:68:de:78, ipaddr=192.168.255.1, mask=255.255.255.0, gw=255.255.255.255
[    5.728375]      host=bbb1, domain=, nis-domain=(none)
[    5.733542]      bootserver=192.168.255.126, rootserver=192.168.255.126, rootpath=
[    5.733982] clk: Disabling unused clocks
[    5.745855] PM: genpd: Disabling unused power domains
[    5.750976] KTAP version 1
[    5.753697] 1..0
[    5.778226] VFS: Mounted root (nfs filesystem) on device 0:17.
[    5.785094] devtmpfs: mounted
[    5.789501] Freeing unused kernel image (initmem) memory: 1024K
[    5.796261] Run /sbin/init as init process
[    5.800392]   with arguments:
[    5.800405]     /sbin/init
[    5.800414]     nfsrootdebug
[    5.800423]   with environment:
[    5.800432]     HOME=/
[    5.800441]     TERM=linux
[    6.499723] systemd[1]: System time before build time, advancing clock.
[    7.954471] random: crng init done
[    7.996413] systemd[1]: systemd 232 running in system mode. (+PAM +AUDIT +SELINUX +IMA +APPARMOR +SMACK +SYSVINIT +UTMP +LIBCRYPTSETUP +GCRYPT +GNUTLS +ACL +XZ +LZ4 +SECCOMP +BLKID +ELFUTILS +KMOD +IDN)
[    8.015390] systemd[1]: Detected architecture arm.
[    8.047853] systemd[1]: Set hostname to <arm>.
[    9.160335] systemd[1]: Set up automount Arbitrary Executable File Formats File System Automount Point.
[    9.196674] systemd[1]: Listening on udev Control Socket.
[    9.226386] systemd[1]: Listening on /dev/initctl Compatibility Named Pipe.
[    9.254880] systemd[1]: Reached target Remote File Systems.
[    9.286066] systemd[1]: Created slice System Slice.
[    9.315842] systemd[1]: Created slice system-getty.slice.
[    9.344923] systemd[1]: dev-hugepages.mount: Couldn't determine result for ConditionVirtualization=!private-users, assuming failed: No such file or directory
[   11.785880] systemd-journald[90]: Received request to flush runtime journal from PID 1
[   14.347088] leds-gpio leds: using DT '/leds/led2' for '(default)' GPIO lookup
[   14.347196] of_get_named_gpiod_flags: parsed 'gpios' property of node '/leds/led2[0]' - status (0)
[   14.347254] gpio gpiochip0: Persistence not supported for GPIO 21
[   14.347270] gpio-533 (?): no flags found for GPIO (default)
[   14.414802] leds-gpio leds: using DT '/leds/led3' for '(default)' GPIO lookup
[   14.414913] of_get_named_gpiod_flags: parsed 'gpios' property of node '/leds/led3[0]' - status (0)
[   14.414971] gpio gpiochip0: Persistence not supported for GPIO 22
[   14.414986] gpio-534 (?): no flags found for GPIO (default)
[   14.430318] leds-gpio leds: using DT '/leds/led4' for '(default)' GPIO lookup
[   14.430613] of_get_named_gpiod_flags: parsed 'gpios' property of node '/leds/led4[0]' - status (0)
[   14.430675] gpio gpiochip0: Persistence not supported for GPIO 23
[   14.430690] gpio-535 (?): no flags found for GPIO (default)
[   14.509267] leds-gpio leds: using DT '/leds/led5' for '(default)' GPIO lookup
[   14.509366] of_get_named_gpiod_flags: parsed 'gpios' property of node '/leds/led5[0]' - status (0)
[   14.509418] gpio gpiochip0: Persistence not supported for GPIO 24
[   14.509433] gpio-536 (?): no flags found for GPIO (default)
[   14.756395] remoteproc remoteproc0: wkup_m3 is available
[   15.098020] am335x-phy-driver 47401300.usb-phy: using DT '/ocp/target-module@47400000/usb-phy@1300' for 'reset' GPIO lookup
[   15.098116] of_get_named_gpiod_flags: can't parse 'reset-gpios' property of node '/ocp/target-module@47400000/usb-phy@1300[0]'
[   15.098161] of_get_named_gpiod_flags: can't parse 'reset-gpio' property of node '/ocp/target-module@47400000/usb-phy@1300[0]'
[   15.098198] am335x-phy-driver 47401300.usb-phy: using lookup tables for GPIO lookup
[   15.098212] am335x-phy-driver 47401300.usb-phy: No GPIO consumer reset found
[   15.098227] am335x-phy-driver 47401300.usb-phy: using DT '/ocp/target-module@47400000/usb-phy@1300' for 'vbus-detect' GPIO lookup
[   15.098259] of_get_named_gpiod_flags: can't parse 'vbus-detect-gpios' property of node '/ocp/target-module@47400000/usb-phy@1300[0]'
[   15.098291] of_get_named_gpiod_flags: can't parse 'vbus-detect-gpio' property of node '/ocp/target-module@47400000/usb-phy@1300[0]'
[   15.098318] am335x-phy-driver 47401300.usb-phy: using lookup tables for GPIO lookup
[   15.098329] am335x-phy-driver 47401300.usb-phy: No GPIO consumer vbus-detect found
[   15.098772] am335x-phy-driver 47401300.usb-phy: dummy supplies not allowed for exclusive requests (id=vbus)
[   15.231759] at24 2-0054: supply vcc not found, using dummy regulator
[   15.250087] am335x-phy-driver 47401b00.usb-phy: using DT '/ocp/target-module@47400000/usb-phy@1b00' for 'reset' GPIO lookup
[   15.250178] of_get_named_gpiod_flags: can't parse 'reset-gpios' property of node '/ocp/target-module@47400000/usb-phy@1b00[0]'
[   15.250221] of_get_named_gpiod_flags: can't parse 'reset-gpio' property of node '/ocp/target-module@47400000/usb-phy@1b00[0]'
[   15.250258] am335x-phy-driver 47401b00.usb-phy: using lookup tables for GPIO lookup
[   15.250273] am335x-phy-driver 47401b00.usb-phy: No GPIO consumer reset found
[   15.250287] am335x-phy-driver 47401b00.usb-phy: using DT '/ocp/target-module@47400000/usb-phy@1b00' for 'vbus-detect' GPIO lookup
[   15.250318] of_get_named_gpiod_flags: can't parse 'vbus-detect-gpios' property of node '/ocp/target-module@47400000/usb-phy@1b00[0]'
[   15.250350] of_get_named_gpiod_flags: can't parse 'vbus-detect-gpio' property of node '/ocp/target-module@47400000/usb-phy@1b00[0]'
[   15.250376] am335x-phy-driver 47401b00.usb-phy: using lookup tables for GPIO lookup
[   15.250388] am335x-phy-driver 47401b00.usb-phy: No GPIO consumer vbus-detect found
[   15.250536] am335x-phy-driver 47401b00.usb-phy: dummy supplies not allowed for exclusive requests (id=vbus)
[   15.276556] usbcore: registered new interface driver usbfs
[   15.282213] usbcore: registered new interface driver hub
[   15.287858] usbcore: registered new device driver usb
[   15.390981] at24 2-0055: supply vcc not found, using dummy regulator
[   15.476004] at24 2-0056: supply vcc not found, using dummy regulator
[   15.572903] at24 2-0057: supply vcc not found, using dummy regulator
[   15.714794] at24 0-0050: using DT '/ocp/interconnect@44c00000/segment@200000/target-module@b000/i2c@0/baseboard_eeprom@50' for 'wp' GPIO lookup
[   15.714922] of_get_named_gpiod_flags: can't parse 'wp-gpios' property of node '/ocp/interconnect@44c00000/segment@200000/target-module@b000/i2c@0/baseboard_eeprom@50[0]'
[   15.714983] of_get_named_gpiod_flags: can't parse 'wp-gpio' property of node '/ocp/interconnect@44c00000/segment@200000/target-module@b000/i2c@0/baseboard_eeprom@50[0]'
[   15.715029] at24 0-0050: using lookup tables for GPIO lookup
[   15.715044] at24 0-0050: No GPIO consumer wp found
[   15.715398] at24 0-0050: 32768 byte 24c256 EEPROM, writable, 1 bytes/write
[   15.997675] tps6521x_pwrbutton tps65217-pwrbutton: DMA mask not set
[   16.116310] input: tps65217_pwrbutton as /devices/platform/ocp/44c00000.interconnect/44c00000.interconnect:segment@200000/44e0b000.target-module/44e0b000.i2c/i2c-0/0-0024/tps65217-pwrbutton/input/input0
[   16.160170] musb-hdrc musb-hdrc.1: MUSB HDRC host driver
[   16.165905] musb-hdrc musb-hdrc.1: new USB bus registered, assigned bus number 1
[   16.227629] wkup_m3_ipc 44e11324.wkup_m3_ipc: IPC Request for A8->M3 Channel failed! -517
[   16.244918] usb usb1: New USB device found, idVendor=1d6b, idProduct=0002, bcdDevice= 6.12
[   16.253678] usb usb1: New USB device strings: Mfr=3, Product=2, SerialNumber=1
[   16.261045] usb usb1: Product: MUSB HDRC host driver
[   16.266069] usb usb1: Manufacturer: Linux 6.12.41 musb-hcd
[   16.272005] usb usb1: SerialNumber: musb-hdrc.1
[   16.414377] omap_rtc 44e3e000.rtc: registered as rtc0
[   16.419782] omap_rtc 44e3e000.rtc: setting system clock to 2000-01-01T00:00:00 UTC (946684800)
[   16.428540] omap_rtc 44e3e000.rtc: using DT '/ocp/interconnect@44c00000/segment@200000/target-module@3e000/rtc@0' for 'wp' GPIO lookup
[   16.428615] of_get_named_gpiod_flags: can't parse 'wp-gpios' property of node '/ocp/interconnect@44c00000/segment@200000/target-module@3e000/rtc@0[0]'
[   16.428666] of_get_named_gpiod_flags: can't parse 'wp-gpio' property of node '/ocp/interconnect@44c00000/segment@200000/target-module@3e000/rtc@0[0]'
[   16.428706] omap_rtc 44e3e000.rtc: using lookup tables for GPIO lookup
[   16.428720] omap_rtc 44e3e000.rtc: No GPIO consumer wp found
[   16.435782] wkup_m3_ipc 44e11324.wkup_m3_ipc: IPC Request for A8->M3 Channel failed! -517
[   16.732665] omap_wdt: OMAP Watchdog Timer Rev 0x01: initial timeout 60 sec
[   16.745484] hub 1-0:1.0: USB hub found
[   16.763055] wkup_m3_ipc 44e11324.wkup_m3_ipc: IPC Request for A8->M3 Channel failed! -517
[   16.835073] hub 1-0:1.0: 1 port detected
[   16.979217] wkup_m3_ipc 44e11324.wkup_m3_ipc: IPC Request for A8->M3 Channel failed! -517
[   17.513479] tda998x 0-0070: found TDA19988
[   17.687303] wkup_m3_ipc 44e11324.wkup_m3_ipc: IPC Request for A8->M3 Channel failed! -517
[   17.863916] omap-mailbox 480c8000.mailbox: omap mailbox rev 0x400
[   17.986954] remoteproc remoteproc0: powering up wkup_m3
[   18.237168] remoteproc remoteproc0: Direct firmware load for am335x-pm-firmware.elf failed with error -2
[   18.246915] remoteproc remoteproc0: request_firmware failed: -2
[   18.252879] wkup_m3_ipc 44e11324.wkup_m3_ipc: rproc_boot failed
[   20.265872] tilcdc 4830e000.lcdc: bound 0-0070 (ops 0xbf0e80fc)
[   20.352160] [drm] Initialized tilcdc 1.0.0 for 4830e000.lcdc on minor 0
[   20.362163] omap_rng 48310000.rng: Random Number Generator ver. 20
[   20.437216] tilcdc 4830e000.lcdc: [drm] Cannot find any crtc or sizes
[   20.445985] tilcdc 4830e000.lcdc: [drm] Cannot find any crtc or sizes
[   21.427111] PM: Cannot get wkup_m3_ipc handle
[   21.507289] omap-sham 53100000.sham: hw accel on OMAP rev 4.3
[   21.665636] omap-sham 53100000.sham: will run requests pump with realtime priority
[   21.674832] PM: Cannot get wkup_m3_ipc handle
[   21.715507] omap-aes 53500000.aes: OMAP AES hw accel rev: 3.2
[   21.864677] omap-aes 53500000.aes: will run requests pump with realtime priority
[   21.876565] PM: Cannot get wkup_m3_ipc handle
[   24.494125] Bluetooth: Core ver 2.22
[   24.498158] NET: Registered PF_BLUETOOTH protocol family
[   24.503509] Bluetooth: HCI device and connection manager initialized
[   24.510045] Bluetooth: HCI socket layer initialized
[   24.515006] Bluetooth: L2CAP socket layer initialized
[   24.520119] Bluetooth: SCO socket layer initialized
[   25.558487] PM: Cannot get wkup_m3_ipc handle
[   25.564248] asoc-simple-card sound: using DT '/sound' for 'simple-audio-card,hp-det' GPIO lookup
[   25.564331] of_get_named_gpiod_flags: can't parse 'simple-audio-card,hp-det-gpios' property of node '/sound[0]'
[   25.564368] of_get_named_gpiod_flags: can't parse 'simple-audio-card,hp-det-gpio' property of node '/sound[0]'
[   25.564393] asoc-simple-card sound: using lookup tables for GPIO lookup
[   25.564608] asoc-simple-card sound: No GPIO consumer simple-audio-card,hp-det found
[   25.564637] asoc-simple-card sound: using DT '/sound' for 'simple-audio-card,mic-det' GPIO lookup
[   25.564670] of_get_named_gpiod_flags: can't parse 'simple-audio-card,mic-det-gpios' property of node '/sound[0]'
[   25.564699] of_get_named_gpiod_flags: can't parse 'simple-audio-card,mic-det-gpio' property of node '/sound[0]'
[   25.564720] asoc-simple-card sound: using lookup tables for GPIO lookup
[   25.564732] asoc-simple-card sound: No GPIO consumer simple-audio-card,mic-det found
[   25.671764] PM: Cannot get wkup_m3_ipc handle
[   28.068884] userial_init: registered 8 ttyGS* devices
[   28.315521] rndis_register: configNr = 0
[   28.392226] udc musb-hdrc.0: binding gadget driver [g_multi]
[   28.392339] configfs-gadget.g_multi gadget.0: adding 'rndis'/d1bceb2a to config 'c'/84342d3a
[   28.393437] configfs-gadget.g_multi gadget.0: HOST MAC 1c:ba:8c:a2:ed:6c
[   28.400452] configfs-gadget.g_multi gadget.0: MAC 1c:ba:8c:a2:ed:70
[   28.406884] rndis_set_param_medium: 0 0
[   28.406907] configfs-gadget.g_multi gadget.0: RNDIS: IN/ep1in OUT/ep1out NOTIFY/ep2in
[   28.406924] configfs-gadget.g_multi gadget.0: adding 'cdc_ethernet'/d73b4a3f to config 'c'/84342d3a
[   28.407857] configfs-gadget.g_multi gadget.0: HOST MAC 1c:ba:8c:a2:ed:6c
[   28.414720] configfs-gadget.g_multi gadget.0: MAC 1c:ba:8c:a2:ed:6d
[   28.421068] configfs-gadget.g_multi gadget.0: CDC Ethernet: IN/ep3in OUT/ep2out NOTIFY/ep4in
[   28.421087] configfs-gadget.g_multi gadget.0: adding 'acm'/cbfb22a3 to config 'c'/84342d3a
[   28.421123] configfs-gadget.g_multi gadget.0: acm ttyGS0: IN/ep5in OUT/ep3out NOTIFY/ep6in
[   28.423531] PM: Cannot get wkup_m3_ipc handle
[   29.537119] configfs-gadget.g_multi gadget.0: eth_open
[   30.663009] configfs-gadget.g_multi gadget.0: stop stats: rx/tx 0/0, errs 0/0
[   34.967289] gs_open: ttyGS0 (24083878,80e216c1)
[   34.967443] gs_close: ttyGS0 (24083878,80e216c1) ...
[   34.967467] gs_close: ttyGS0 (24083878,80e216c1) done!
[   34.967634] gs_open: ttyGS0 (f6758adb,80e216c1)
[   34.967704] gs_close: ttyGS0 (f6758adb,80e216c1) ...
[   34.967722] gs_close: ttyGS0 (f6758adb,80e216c1) done!
[   35.156901] gs_open: ttyGS0 (8b0a6d6e,e8500c82)
[   35.157138] gs_close: ttyGS0 (8b0a6d6e,e8500c82) ...
[   35.157167] gs_close: ttyGS0 (8b0a6d6e,e8500c82) done!
[   35.166203] gs_open: ttyGS0 (8b0a6d6e,e8500c82)
CUHXKXJXGT 0
root@arm:~# echo 'ULLT''MLTTSB'
ULLTMLTTSB
root@arm:~# MARKER='EQSU''OLCCWQ' run 'modprobe test_linear_ranges'
EQSUOLCCWQEQSUOLCCWQ 0
root@arm:~# echo 'WUGX''THLYYS'
WUGXTHLYYS
root@arm:~# MARKER='XNGH''AZCLLU' run dmesg
XNGHAZCLLU[    0.000000] Booting Linux on physical CPU 0x0
[    0.000000] Linux version 6.12.41 (user01@drvtest01) (arm-none-eabi-gcc (Arm GNU Toolchain 14.2.Rel1 (Build arm-14.52)) 14.2.1 20241119, GNU ld (Arm GNU Toolchain 14.2.Rel1 (Build arm-14.52)) 2.43.1.20241119) #1 SMP Fri Aug  1 12:23:57 EEST 2025
[    0.000000] CPU: ARMv7 Processor [413fc082] revision 2 (ARMv7), cr=10c5387d
[    0.000000] CPU: PIPT / VIPT nonaliasing data cache, VIPT aliasing instruction cache
[    0.000000] OF: fdt: Machine model: TI AM335x BeagleBone Black
[    0.000000] Memory policy: Data cache writeback
[    0.000000] cma: Reserved 16 MiB at 0x9e800000 on node -1
[    0.000000] Zone ranges:
[    0.000000]   Normal   [mem 0x0000000080000000-0x000000009fdfffff]
[    0.000000]   HighMem  empty
[    0.000000] Movable zone start for each node
[    0.000000] Early memory node ranges
[    0.000000]   node   0: [mem 0x0000000080000000-0x000000009fdfffff]
[    0.000000] Initmem setup node 0 [mem 0x0000000080000000-0x000000009fdfffff]
[    0.000000] OF: reserved mem: Reserved memory: No reserved-memory node in the DT
[    0.000000] CPU: All CPU(s) started in SVC mode.
[    0.000000] AM335X ES2.1 (sgx neon)
[    0.000000] percpu: Embedded 17 pages/cpu s40396 r8192 d21044 u69632
[    0.000000] pcpu-alloc: s40396 r8192 d21044 u69632 alloc=17*4096
[    0.000000] pcpu-alloc: [0] 0 
[    0.000000] Kernel command line: console=ttyO0,115200n8 root=/dev/nfs rw nfsroot=192.168.255.126:/home/user01/nfs,nfsvers=3 ip=192.168.255.1:192.168.255.126::255.255.255.0:bbb1:eth0 nfsrootdebug
[    0.000000] Unknown kernel command line parameters "nfsrootdebug", will be passed to user space.
[    0.000000] Dentry cache hash table entries: 65536 (order: 6, 262144 bytes, linear)
[    0.000000] Inode-cache hash table entries: 32768 (order: 5, 131072 bytes, linear)
[    0.000000] Built 1 zonelists, mobility grouping on.  Total pages: 130560
[    0.000000] mem auto-init: stack:off, heap alloc:off, heap free:off
[    0.000000] SLUB: HWalign=64, Order=0-3, MinObjects=0, CPUs=1, Nodes=1
[    0.000000] rcu: Hierarchical RCU implementation.
[    0.000000] rcu: 	RCU event tracing is enabled.
[    0.000000] rcu: 	RCU restricting CPUs from NR_CPUS=2 to nr_cpu_ids=1.
[    0.000000] rcu: RCU calculated value of scheduler-enlistment delay is 10 jiffies.
[    0.000000] rcu: Adjusting geometry for rcu_fanout_leaf=16, nr_cpu_ids=1
[    0.000000] NR_IRQS: 16, nr_irqs: 16, preallocated irqs: 16
[    0.000000] IRQ: Found an INTC at 0x(ptrval) (revision 5.0) with 128 interrupts
[    0.000000] rcu: srcu_init: Setting srcu_struct sizes based on contention.
[    0.000000] TI gptimer clocksource: always-on /ocp/interconnect@44c00000/segment@200000/target-module@31000
[    0.000004] sched_clock: 32 bits at 24MHz, resolution 41ns, wraps every 89478484971ns
[    0.000028] clocksource: dmtimer: mask: 0xffffffff max_cycles: 0xffffffff, max_idle_ns: 79635851949 ns
[    0.000491] TI gptimer clockevent: 24000000 Hz at /ocp/interconnect@48000000/segment@0/target-module@40000
[    0.002088] Console: colour dummy device 80x30
[    0.002152] WARNING: Your 'console=ttyO0' has been replaced by 'ttyS0'
[    0.002161] This ensures that you still see kernel messages. Please
[    0.002166] update your kernel commandline.
[    0.002207] Calibrating delay loop... 996.14 BogoMIPS (lpj=4980736)
[    0.090540] CPU: Testing write buffer coherency: ok
[    0.090654] CPU0: Spectre v2: using BPIALL workaround
[    0.090663] pid_max: default: 32768 minimum: 301
[    0.090789] LSM: initializing lsm=capability
[    0.090962] Mount-cache hash table entries: 1024 (order: 0, 4096 bytes, linear)
[    0.090982] Mountpoint-cache hash table entries: 1024 (order: 0, 4096 bytes, linear)
[    0.092537] CPU0: thread -1, cpu 0, socket -1, mpidr 0
[    0.094563] Setting up static identity map for 0x80100000 - 0x80100078
[    0.094869] rcu: Hierarchical SRCU implementation.
[    0.094880] rcu: 	Max phase no-delay instances is 1000.
[    0.096624] smp: Bringing up secondary CPUs ...
[    0.096681] smp: Brought up 1 node, 1 CPU
[    0.096695] SMP: Total of 1 processors activated (996.14 BogoMIPS).
[    0.096706] CPU: All CPU(s) started in SVC mode.
[    0.096894] Memory: 480868K/522240K available (11264K kernel code, 1211K rwdata, 2880K rodata, 1024K init, 295K bss, 23360K reserved, 16384K cma-reserved, 0K highmem)
[    0.097712] devtmpfs: initialized
[    0.113719] VFP support v0.3: implementor 41 architecture 3 part 30 variant c rev 3
[    0.114062] clocksource: jiffies: mask: 0xffffffff max_cycles: 0xffffffff, max_idle_ns: 19112604462750000 ns
[    0.114098] futex hash table entries: 256 (order: 2, 16384 bytes, linear)
[    0.115384] pinctrl core: initialized pinctrl subsystem
[    0.117483] NET: Registered PF_NETLINK/PF_ROUTE protocol family
[    0.120211] DMA: preallocated 256 KiB pool for atomic coherent allocations
[    0.121327] audit: initializing netlink subsys (disabled)
[    0.122763] thermal_sys: Registered thermal governor 'fair_share'
[    0.122780] thermal_sys: Registered thermal governor 'step_wise'
[    0.122790] thermal_sys: Registered thermal governor 'user_space'
[    0.122937] audit: type=2000 audit(0.120:1): state=initialized audit_enabled=0 res=1
[    0.122973] cpuidle: using governor menu
[    0.140703] /ocp/interconnect@44c00000/segment@200000/target-module@b000/i2c@0/tda19988@70: Fixed dependency cycle(s) with /ocp/interconnect@48000000/segment@300000/target-module@e000/lcdc@0
[    0.141825] /ocp/interconnect@48000000/segment@300000/target-module@e000/lcdc@0: Fixed dependency cycle(s) with /ocp/interconnect@44c00000/segment@200000/target-module@b000/i2c@0/tda19988@70
[    0.143973] No ATAGs?
[    0.143989] hw-breakpoint: debug architecture 0x4 unsupported.
[    0.146611] kprobes: kprobe jump-optimization is enabled. All kprobes are optimized if possible.
[    0.153647] iommu: Default domain type: Translated
[    0.153669] iommu: DMA domain TLB invalidation policy: strict mode
[    0.155202] reg-fixed-voltage fixedregulator0: using DT '/fixedregulator0' for '(default)' GPIO lookup
[    0.155256] of_get_named_gpiod_flags: can't parse 'gpios' property of node '/fixedregulator0[0]'
[    0.155285] of_get_named_gpiod_flags: can't parse 'gpio' property of node '/fixedregulator0[0]'
[    0.155302] reg-fixed-voltage fixedregulator0: using lookup tables for GPIO lookup
[    0.155312] reg-fixed-voltage fixedregulator0: No GPIO consumer (default) found
[    0.161346] SCSI subsystem initialized
[    0.161835] libata version 3.00 loaded.
[    0.162189] pps_core: LinuxPPS API ver. 1 registered
[    0.162199] pps_core: Software ver. 5.3.6 - Copyright 2005-2007 Rodolfo Giometti <giometti@linux.it>
[    0.162223] PTP clock support registered
[    0.164112] vgaarb: loaded
[    0.170955] clocksource: Switched to clocksource dmtimer
[    0.171651] VFS: Disk quotas dquot_6.6.0
[    0.171695] VFS: Dquot-cache hash table entries: 1024 (order 0, 4096 bytes)
[    0.198452] NET: Registered PF_INET protocol family
[    0.198791] IP idents hash table entries: 8192 (order: 4, 65536 bytes, linear)
[    0.200161] tcp_listen_portaddr_hash hash table entries: 512 (order: 0, 4096 bytes, linear)
[    0.200201] Table-perturb hash table entries: 65536 (order: 6, 262144 bytes, linear)
[    0.200216] TCP established hash table entries: 4096 (order: 2, 16384 bytes, linear)
[    0.200263] TCP bind hash table entries: 4096 (order: 4, 65536 bytes, linear)
[    0.200363] TCP: Hash tables configured (established 4096 bind 4096)
[    0.200485] UDP hash table entries: 256 (order: 1, 8192 bytes, linear)
[    0.200513] UDP-Lite hash table entries: 256 (order: 1, 8192 bytes, linear)
[    0.200682] NET: Registered PF_UNIX/PF_LOCAL protocol family
[    0.201938] RPC: Registered named UNIX socket transport module.
[    0.201960] RPC: Registered udp transport module.
[    0.201965] RPC: Registered tcp transport module.
[    0.201971] RPC: Registered tcp-with-tls transport module.
[    0.201976] RPC: Registered tcp NFSv4.1 backchannel transport module.
[    0.201998] PCI: CLS 0 bytes, default 64
[    0.203381] Initialise system trusted keyrings
[    0.215510] workingset: timestamp_bits=14 max_order=17 bucket_order=3
[    0.216780] NFS: Registering the id_resolver key type
[    0.216893] Key type id_resolver registered
[    0.216901] Key type id_legacy registered
[    0.216949] jffs2: version 2.2. (NAND) (SUMMARY)  Â© 2001-2006 Red Hat, Inc.
[    0.217352] Key type asymmetric registered
[    0.217368] Asymmetric key parser 'x509' registered
[    0.217436] io scheduler mq-deadline registered
[    0.217446] io scheduler kyber registered
[    0.217509] io scheduler bfq registered
[    0.219348] target-module@4b000000:target-module@140000:pmu@0:fck: device ID is greater than 24
[    0.225546] l3-aon-clkctrl:0000:0: failed to disable
[    0.225797] ledtrig-cpu: registered to indicate activity on CPUs
[    0.228575] Serial: 8250/16550 driver, 6 ports, IRQ sharing enabled
[    0.266942] brd: module loaded
[    0.281168] loop: module loaded
[    0.282094] mtdoops: mtd device (mtddev=name/number) must be supplied
[    0.294119] mdio_bus fixed-0: using lookup tables for GPIO lookup
[    0.294146] mdio_bus fixed-0: No GPIO consumer reset found
[    0.295624] i2c_dev: i2c /dev entries driver
[    0.296601] cpuidle: enable-method property 'ti,am3352' found operations
[    0.297036] sdhci: Secure Digital Host Controller Interface driver
[    0.297045] sdhci: Copyright(c) Pierre Ossman
[    0.297220] sdhci-pltfm: SDHCI platform and OF driver helper
[    0.298690] hw perfevents: enabled with armv7_cortex_a8 PMU driver, 5 (8000000f) counters available
[    0.299196] Initializing XFRM netlink socket
[    0.299332] NET: Registered PF_INET6 protocol family
[    0.304971] l3-aon-clkctrl:0000:0: failed to disable
[    0.319429] Segment Routing with IPv6
[    0.319518] In-situ OAM (IOAM) with IPv6
[    0.319615] sit: IPv6, IPv4 and MPLS over IPv4 tunneling driver
[    0.320552] NET: Registered PF_PACKET protocol family
[    0.320578] NET: Registered PF_KEY protocol family
[    0.320702] Key type dns_resolver registered
[    0.320921] ThumbEE CPU extension supported.
[    0.320942] Registering SWP/SWPB emulation handler
[    0.321459] omap_voltage_late_init: Voltage driver support not added
[    0.322147] SmartReflex Class3 initialized
[    0.353091] Loading compiled-in X.509 certificates
[    0.392074] /ocp/interconnect@44c00000/segment@200000/target-module@b000/i2c@0/tda19988@70: Fixed dependency cycle(s) with /ocp/interconnect@48000000/segment@300000/target-module@e000/lcdc@0
[    0.398473] /ocp/interconnect@44c00000/segment@200000/target-module@b000/i2c@0/tda19988@70: Fixed dependency cycle(s) with /ocp/interconnect@48000000/segment@300000/target-module@e000/lcdc@0
[    0.403713] gpiochip_find_base_unlocked: found new base at 512
[    0.427244] /ocp/interconnect@44c00000/segment@200000/target-module@b000/i2c@0/tda19988@70: Fixed dependency cycle(s) with /ocp/interconnect@48000000/segment@300000/target-module@e000/lcdc@0
[    0.428100] /ocp/interconnect@44c00000/segment@200000/target-module@b000/i2c@0/tda19988@70: Fixed dependency cycle(s) with /ocp/interconnect@48000000/segment@300000/target-module@e000/lcdc@0
[    0.431315] /ocp/interconnect@44c00000/segment@200000/target-module@10000/scm@0/pinmux@800: Fixed dependency cycle(s) with /ocp/interconnect@44c00000/segment@200000/target-module@10000/scm@0/pinmux@800/clkout2-pins
[    0.431905] pinctrl-single 44e10800.pinmux: 142 pins, size 568
[    0.437173] ti-sysc 44e31000.target-module: probe with driver ti-sysc failed with error -16
[    0.461267] /ocp/interconnect@48000000/segment@300000/target-module@e000/lcdc@0: Fixed dependency cycle(s) with /ocp/interconnect@44c00000/segment@200000/target-module@b000/i2c@0/tda19988@70
[    0.469019] ti-sysc 48040000.target-module: probe with driver ti-sysc failed with error -16
[    0.479782] gpiochip_find_base_unlocked: found new base at 512
[    0.479879] gpio gpiochip0: (gpio-0-31): created GPIO range 0->7 ==> 44e10800.pinmux PIN 0->7
[    0.479898] gpio gpiochip0: (gpio-0-31): created GPIO range 8->11 ==> 44e10800.pinmux PIN 90->93
[    0.479914] gpio gpiochip0: (gpio-0-31): created GPIO range 12->27 ==> 44e10800.pinmux PIN 12->27
[    0.479929] gpio gpiochip0: (gpio-0-31): created GPIO range 28->31 ==> 44e10800.pinmux PIN 30->33
[    0.525955] gpio gpiochip0: (gpio-0-31): added GPIO chardev (254:0)
[    0.526133] gpio gpiochip0: registered GPIOs 512 to 543 on gpio-0-31
[    0.526220] OMAP GPIO hardware version 0.1
[    0.538572] i2c i2c-2: using DT '/ocp/interconnect@48000000/segment@100000/target-module@9c000/i2c@0' for 'scl' GPIO lookup
[    0.538647] of_get_named_gpiod_flags: can't parse 'scl-gpios' property of node '/ocp/interconnect@48000000/segment@100000/target-module@9c000/i2c@0[0]'
[    0.538689] of_get_named_gpiod_flags: can't parse 'scl-gpio' property of node '/ocp/interconnect@48000000/segment@100000/target-module@9c000/i2c@0[0]'
[    0.538725] i2c i2c-2: using lookup tables for GPIO lookup
[    0.538735] i2c i2c-2: No GPIO consumer scl found
[    0.538756] i2c i2c-2: using DT '/ocp/interconnect@48000000/segment@100000/target-module@9c000/i2c@0' for 'sda' GPIO lookup
[    0.538792] of_get_named_gpiod_flags: can't parse 'sda-gpios' property of node '/ocp/interconnect@48000000/segment@100000/target-module@9c000/i2c@0[0]'
[    0.538829] of_get_named_gpiod_flags: can't parse 'sda-gpio' property of node '/ocp/interconnect@48000000/segment@100000/target-module@9c000/i2c@0[0]'
[    0.538860] i2c i2c-2: using lookup tables for GPIO lookup
[    0.538867] i2c i2c-2: No GPIO consumer sda found
[    0.539569] omap_i2c 4819c000.i2c: bus 2 rev0.11 at 100 kHz
[    0.544853] gpiochip_find_base_unlocked: found new base at 544
[    0.544959] gpio gpiochip1: (gpio-32-63): created GPIO range 0->17 ==> 44e10800.pinmux PIN 34->51
[    0.544979] gpio gpiochip1: (gpio-32-63): created GPIO range 18->21 ==> 44e10800.pinmux PIN 77->80
[    0.544994] gpio gpiochip1: (gpio-32-63): created GPIO range 22->31 ==> 44e10800.pinmux PIN 56->65
[    0.560777] gpio gpiochip1: (gpio-32-63): added GPIO chardev (254:1)
[    0.560958] gpio gpiochip1: registered GPIOs 544 to 575 on gpio-32-63
[    0.563185] gpiochip_find_base_unlocked: found new base at 576
[    0.563280] gpio gpiochip2: (gpio-64-95): created GPIO range 0->4 ==> 44e10800.pinmux PIN 66->70
[    0.563300] gpio gpiochip2: (gpio-64-95): created GPIO range 5->6 ==> 44e10800.pinmux PIN 98->99
[    0.563315] gpio gpiochip2: (gpio-64-95): created GPIO range 7->8 ==> 44e10800.pinmux PIN 75->76
[    0.563330] gpio gpiochip2: (gpio-64-95): created GPIO range 13->13 ==> 44e10800.pinmux PIN 141->141
[    0.563346] gpio gpiochip2: (gpio-64-95): created GPIO range 14->21 ==> 44e10800.pinmux PIN 100->107
[    0.563977] gpio gpiochip2: (gpio-64-95): added GPIO chardev (254:2)
[    0.564119] gpio gpiochip2: registered GPIOs 576 to 607 on gpio-64-95
[    0.569641] 48000000.interconnect:segment@200000:target-module@0:mpu@0:fck: device ID is greater than 24
[    0.570512] /ocp/interconnect@48000000/segment@300000/target-module@e000/lcdc@0: Fixed dependency cycle(s) with /ocp/interconnect@44c00000/segment@200000/target-module@b000/i2c@0/tda19988@70
[    0.573102] /ocp/interconnect@48000000/segment@300000/target-module@e000/lcdc@0: Fixed dependency cycle(s) with /ocp/interconnect@44c00000/segment@200000/target-module@b000/i2c@0/tda19988@70
[    0.573750] /ocp/interconnect@44c00000/segment@200000/target-module@b000/i2c@0/tda19988@70: Fixed dependency cycle(s) with /ocp/interconnect@48000000/segment@300000/target-module@e000/lcdc@0
[    0.573903] /ocp/interconnect@48000000/segment@300000/target-module@e000/lcdc@0: Fixed dependency cycle(s) with /ocp/interconnect@44c00000/segment@200000/target-module@b000/i2c@0/tda19988@70
[    0.583208] mdio_bus 4a101000.mdio: using DT '/ocp/interconnect@4a000000/segment@0/target-module@100000/switch@0/mdio@1000' for 'reset' GPIO lookup
[    0.583294] of_get_named_gpiod_flags: can't parse 'reset-gpios' property of node '/ocp/interconnect@4a000000/segment@0/target-module@100000/switch@0/mdio@1000[0]'
[    0.583341] of_get_named_gpiod_flags: can't parse 'reset-gpio' property of node '/ocp/interconnect@4a000000/segment@0/target-module@100000/switch@0/mdio@1000[0]'
[    0.583388] mdio_bus 4a101000.mdio: using lookup tables for GPIO lookup
[    0.583397] mdio_bus 4a101000.mdio: No GPIO consumer reset found
[    0.584332] sdhci-omap 481d8000.mmc: using DT '/ocp/interconnect@48000000/segment@100000/target-module@d8000/mmc@0' for 'wp' GPIO lookup
[    0.584394] of_get_named_gpiod_flags: can't parse 'wp-gpios' property of node '/ocp/interconnect@48000000/segment@100000/target-module@d8000/mmc@0[0]'
[    0.584589] of_get_named_gpiod_flags: can't parse 'wp-gpio' property of node '/ocp/interconnect@48000000/segment@100000/target-module@d8000/mmc@0[0]'
[    0.584630] sdhci-omap 481d8000.mmc: using lookup tables for GPIO lookup
[    0.584639] sdhci-omap 481d8000.mmc: No GPIO consumer wp found
[    0.584840] sdhci-omap 481d8000.mmc: supply pbias not found, using dummy regulator
[    0.596645] sdhci-omap 481d8000.mmc: supply vqmmc not found, using dummy regulator
[    0.626487] davinci_mdio 4a101000.mdio: davinci mdio revision 1.6, bus freq 1000000
[    0.640841] mdio_bus 4a101000.mdio:00: using DT '/ocp/interconnect@4a000000/segment@0/target-module@100000/switch@0/mdio@1000/ethernet-phy@0' for 'reset' GPIO lookup
[    0.640944] of_get_named_gpiod_flags: parsed 'reset-gpios' property of node '/ocp/interconnect@4a000000/segment@0/target-module@100000/switch@0/mdio@1000/ethernet-phy@0[0]' - status (0)
[    0.641112] gpio gpiochip0: Persistence not supported for GPIO 8
[    0.748237] davinci_mdio 4a101000.mdio: phy[0]: device 4a101000.mdio:00, driver SMSC LAN8710/LAN8720
[    0.748990] cpsw-switch 4a100000.switch: initialized cpsw ale version 1.4
[    0.749015] cpsw-switch 4a100000.switch: ALE Table size 1024, Policers 0
[    0.749165] cpsw-switch 4a100000.switch: cpts: overflow check period 500 (jiffies)
[    0.749183] cpsw-switch 4a100000.switch: CPTS: ref_clk_freq:250000000 calc_mult:2147483648 calc_shift:29 error:0 nsec/sec
[    0.749290] cpsw-switch 4a100000.switch: Detected MACID = 6c:ec:eb:68:de:78
[    0.751115] cpsw-switch 4a100000.switch: initialized (regs 0x4a100000, pool size 256) hw_ver:0019010C 1.12 (0)
[    0.761727] debugfs: Directory '49000000.dma' with parent 'dmaengine' already present!
[    0.761769] edma 49000000.dma: TI EDMA DMA engine driver
[    0.797173] gpio-clk clk_mcasp0: using DT '/clk_mcasp0' for 'enable' GPIO lookup
[    0.797252] of_get_named_gpiod_flags: parsed 'enable-gpios' property of node '/clk_mcasp0[0]' - status (0)
[    0.797298] gpio gpiochip0: Persistence not supported for GPIO 27
[    0.798167] gpiochip_find_base_unlocked: found new base at 608
[    0.798281] gpio gpiochip3: (gpio-96-127): created GPIO range 0->7 ==> 44e10800.pinmux PIN 82->89
[    0.798301] gpio gpiochip3: (gpio-96-127): created GPIO range 8->11 ==> 44e10800.pinmux PIN 52->55
[    0.798317] gpio gpiochip3: (gpio-96-127): created GPIO range 12->15 ==> 44e10800.pinmux PIN 94->97
[    0.798333] gpio gpiochip3: (gpio-96-127): created GPIO range 16->17 ==> 44e10800.pinmux PIN 71->72
[    0.798349] gpio gpiochip3: (gpio-96-127): created GPIO range 18->18 ==> 44e10800.pinmux PIN 135->135
[    0.798365] gpio gpiochip3: (gpio-96-127): created GPIO range 19->20 ==> 44e10800.pinmux PIN 108->109
[    0.798382] gpio gpiochip3: (gpio-96-127): created GPIO range 21->21 ==> 44e10800.pinmux PIN 73->73
[    0.798399] gpio gpiochip3: (gpio-96-127): created GPIO range 22->23 ==> 44e10800.pinmux PIN 8->9
[    0.798416] gpio gpiochip3: (gpio-96-127): created GPIO range 26->27 ==> 44e10800.pinmux PIN 10->11
[    0.798451] gpio gpiochip3: (gpio-96-127): created GPIO range 28->28 ==> 44e10800.pinmux PIN 74->74
[    0.798470] gpio gpiochip3: (gpio-96-127): created GPIO range 29->29 ==> 44e10800.pinmux PIN 81->81
[    0.798488] gpio gpiochip3: (gpio-96-127): created GPIO range 30->31 ==> 44e10800.pinmux PIN 28->29
[    0.820003] gpio gpiochip3: (gpio-96-127): added GPIO chardev (254:3)
[    0.820160] gpio gpiochip3: registered GPIOs 608 to 639 on gpio-96-127
[    0.829219] omap8250 44e09000.serial: using DT '/ocp/interconnect@44c00000/segment@200000/target-module@9000/serial@0' for 'rs485-term' GPIO lookup
[    0.829299] of_get_named_gpiod_flags: can't parse 'rs485-term-gpios' property of node '/ocp/interconnect@44c00000/segment@200000/target-module@9000/serial@0[0]'
[    0.829343] of_get_named_gpiod_flags: can't parse 'rs485-term-gpio' property of node '/ocp/interconnect@44c00000/segment@200000/target-module@9000/serial@0[0]'
[    0.829378] omap8250 44e09000.serial: using lookup tables for GPIO lookup
[    0.829388] omap8250 44e09000.serial: No GPIO consumer rs485-term found
[    0.829399] omap8250 44e09000.serial: using DT '/ocp/interconnect@44c00000/segment@200000/target-module@9000/serial@0' for 'rs485-rx-during-tx' GPIO lookup
[    0.829434] of_get_named_gpiod_flags: can't parse 'rs485-rx-during-tx-gpios' property of node '/ocp/interconnect@44c00000/segment@200000/target-module@9000/serial@0[0]'
[    0.829471] of_get_named_gpiod_flags: can't parse 'rs485-rx-during-tx-gpio' property of node '/ocp/interconnect@44c00000/segment@200000/target-module@9000/serial@0[0]'
[    0.829502] omap8250 44e09000.serial: using lookup tables for GPIO lookup
[    0.829510] omap8250 44e09000.serial: No GPIO consumer rs485-rx-during-tx found
[    0.829980] 44e09000.serial: ttyS0 at MMIO 0x44e09000 (irq = 34, base_baud = 3000000) is a 8250
[    0.830067] printk: legacy console [ttyS0] enabled
[    2.278330] i2c i2c-0: using DT '/ocp/interconnect@44c00000/segment@200000/target-module@b000/i2c@0' for 'scl' GPIO lookup
[    2.278419] of_get_named_gpiod_flags: can't parse 'scl-gpios' property of node '/ocp/interconnect@44c00000/segment@200000/target-module@b000/i2c@0[0]'
[    2.278466] of_get_named_gpiod_flags: can't parse 'scl-gpio' property of node '/ocp/interconnect@44c00000/segment@200000/target-module@b000/i2c@0[0]'
[    2.278506] i2c i2c-0: using lookup tables for GPIO lookup
[    2.278519] i2c i2c-0: No GPIO consumer scl found
[    2.278544] i2c i2c-0: using DT '/ocp/interconnect@44c00000/segment@200000/target-module@b000/i2c@0' for 'sda' GPIO lookup
[    2.278583] of_get_named_gpiod_flags: can't parse 'sda-gpios' property of node '/ocp/interconnect@44c00000/segment@200000/target-module@b000/i2c@0[0]'
[    2.278624] of_get_named_gpiod_flags: can't parse 'sda-gpio' property of node '/ocp/interconnect@44c00000/segment@200000/target-module@b000/i2c@0[0]'
[    2.278659] i2c i2c-0: using lookup tables for GPIO lookup
[    2.278671] i2c i2c-0: No GPIO consumer sda found
[    2.295407] tps65217-pmic: Failed to locate of_node [id: -1]
[    2.301456] tps65217-bl: Failed to locate of_node [id: -1]
[    2.312774] tps65217 0-0024: TPS65217 ID 0xe version 1.2
[    2.318892] /ocp/interconnect@48000000/segment@300000/target-module@e000/lcdc@0: Fixed dependency cycle(s) with /ocp/interconnect@44c00000/segment@200000/target-module@b000/i2c@0/tda19988@70
[    2.336241] /ocp/interconnect@44c00000/segment@200000/target-module@b000/i2c@0/tda19988@70: Fixed dependency cycle(s) with /ocp/interconnect@48000000/segment@300000/target-module@e000/lcdc@0
[    2.353593] omap_i2c 44e0b000.i2c: bus 0 rev0.11 at 400 kHz
[    2.361380] sdhci-omap 48060000.mmc: using DT '/ocp/interconnect@48000000/segment@0/target-module@60000/mmc@0' for 'cd' GPIO lookup
[    2.361488] of_get_named_gpiod_flags: parsed 'cd-gpios' property of node '/ocp/interconnect@48000000/segment@0/target-module@60000/mmc@0[0]' - status (0)
[    2.361559] gpio gpiochip3: Persistence not supported for GPIO 6
[    2.361585] omap_gpio 44e07000.gpio: Could not set line 6 debounce to 200000 microseconds (-22)
[    2.370469] sdhci-omap 48060000.mmc: Got CD GPIO
[    2.375149] sdhci-omap 48060000.mmc: using DT '/ocp/interconnect@48000000/segment@0/target-module@60000/mmc@0' for 'wp' GPIO lookup
[    2.375197] of_get_named_gpiod_flags: can't parse 'wp-gpios' property of node '/ocp/interconnect@48000000/segment@0/target-module@60000/mmc@0[0]'
[    2.375242] of_get_named_gpiod_flags: can't parse 'wp-gpio' property of node '/ocp/interconnect@48000000/segment@0/target-module@60000/mmc@0[0]'
[    2.375280] sdhci-omap 48060000.mmc: using lookup tables for GPIO lookup
[    2.375294] sdhci-omap 48060000.mmc: No GPIO consumer wp found
[    2.375505] sdhci-omap 48060000.mmc: supply pbias not found, using dummy regulator
[    2.384162] sdhci-omap 481d8000.mmc: using DT '/ocp/interconnect@48000000/segment@100000/target-module@d8000/mmc@0' for 'wp' GPIO lookup
[    2.384237] of_get_named_gpiod_flags: can't parse 'wp-gpios' property of node '/ocp/interconnect@48000000/segment@100000/target-module@d8000/mmc@0[0]'
[    2.384285] of_get_named_gpiod_flags: can't parse 'wp-gpio' property of node '/ocp/interconnect@48000000/segment@100000/target-module@d8000/mmc@0[0]'
[    2.384324] sdhci-omap 481d8000.mmc: using lookup tables for GPIO lookup
[    2.384337] sdhci-omap 481d8000.mmc: No GPIO consumer wp found
[    2.385398] sdhci-omap 48060000.mmc: supply vqmmc not found, using dummy regulator
[    2.393934] sdhci-omap 481d8000.mmc: supply pbias not found, using dummy regulator
[    2.402533] sdhci-omap 481d8000.mmc: supply vqmmc not found, using dummy regulator
[    2.440742] mmc1: SDHCI controller on 481d8000.mmc [481d8000.mmc] using External DMA
[    2.449785] mmc0: SDHCI controller on 48060000.mmc [48060000.mmc] using External DMA
[    2.458637] cpsw-switch 4a100000.switch: starting ndev. mode: dual_mac
[    2.503709] mmc0: new high speed SDHC card at address 5048
[    2.510748] mmcblk0: mmc0:5048 SD16G 14.4 GiB
[    2.518769]  mmcblk0: p1 p2
[    2.522142] mmcblk0: p2 size 31221760 extends beyond EOD, truncated
[    2.535715] SMSC LAN8710/LAN8720 4a101000.mdio:00: attached PHY driver (mii_bus:phy_addr=4a101000.mdio:00, irq=POLL)
[    2.547915] mmc1: new high speed MMC card at address 0001
[    2.554820] mmcblk1: mmc1:0001 MMC04G 3.60 GiB
[    2.566641]  mmcblk1: p1 p2
[    2.570892] mmcblk1boot0: mmc1:0001 MMC04G 2.00 MiB
[    2.578210] mmcblk1boot1: mmc1:0001 MMC04G 2.00 MiB
[    2.585596] mmcblk1rpmb: mmc1:0001 MMC04G 128 KiB, chardev (250:0)
[    5.685209] cpsw-switch 4a100000.switch eth0: Link is Up - 100Mbps/Full - flow control off
[    5.714465] IP-Config: Complete:
