Labgrid Console Logfile for main
Logfile started at 2025-10-23 19:33:10.848637
=== Log starts here ===
reading args
spl_load_image_fat_os: error reading image args, err - -1
reading u-boot.img
reading u-boot.img


U-Boot 2014.04-00014-g47880f5 (Apr 22 2014 - 13:23:54)

I2C:   ready
DRAM:  512 MiB
NAND:  0 MiB
MMC:   OMAP SD/MMC: 0, OMAP SD/MMC: 1
*** Warning - readenv() failed, using default environment

Net:   <ethaddr> not set. Validating first E-fuse MAC
cpsw, usb_ether
Hit any key to stop autoboot:  1  0 
gpio: pin 53 (gpio 53) value is 1
mmc0 is current device
gpio: pin 54 (gpio 54) value is 1
SD/MMC found on device 0
reading uEnv.txt
569 bytes read in 3 ms (184.6 KiB/s)
gpio: pin 55 (gpio 55) value is 1
Loaded environment from uEnv.txt
Importing environment from mmc ...
Checking if uenvcmd is set ...
gpio: pin 56 (gpio 56) value is 1
Running uenvcmd ...
cpsw Waiting for PHY auto negotiation to complete. done
link up on port 0, speed 100, full duplex
Using cpsw device
TFTP from server 192.168.255.126; our IP address is 192.168.255.1
Filename 'zImage'.
Load address: 0x81000000
Loading: *#################################################################
	 #################################################################
	 #################################################################
	 #################################################################
	 #################################################################
	 #############################################################
	 2.4 MiB/s
done
Bytes transferred = 5652360 (563f88 hex)
link up on port 0, speed 100, full duplex
Using cpsw device
TFTP from server 192.168.255.126; our IP address is 192.168.255.1
Filename 'am335x-boneblack.dtb'.
Load address: 0x82000000
Loading: *#######
	 2.4 MiB/s
done
Bytes transferred = 98244 (17fc4 hex)
Kernel image @ 0x81000000 [ 0x000000 - 0x563f88 ]
## Flattened Device Tree blob at 82000000
   Booting using the fdt blob at 0x82000000
   Using Device Tree in place at 82000000, end 8201afc3

Starting kernel ...

[    0.000000] Booting Linux on physical CPU 0x0
[    0.000000] Linux version 6.17.5-93352-g53edb6a8231f (user01@drvtest01) (arm-none-eabi-gcc (Arm GNU Toolchain 14.2.Rel1 (Build arm-14.52)) 14.2.1 20241119, GNU ld (Arm GNU Toolchain 14.2.Rel1 (Build arm-14.52)) 2.43.1.20241119) #1 SMP Thu Oct 23 19:31:26 EEST 2025
[    0.000000] CPU: ARMv7 Processor [413fc082] revision 2 (ARMv7), cr=10c5387d
[    0.000000] CPU: PIPT / VIPT nonaliasing data cache, VIPT aliasing instruction cache
[    0.000000] OF: fdt: Machine model: TI AM335x BeagleBone Black
[    0.000000] Memory policy: Data cache writeback
[    0.000000] cma: Reserved 16 MiB at 0x9e800000
[    0.000000] Zone ranges:
[    0.000000]   Normal   [mem 0x0000000080000000-0x000000009fdfffff]
[    0.000000]   HighMem  empty
[    0.000000] Movable zone start for each node
[    0.000000] Early memory node ranges
[    0.000000]   node   0: [mem 0x0000000080000000-0x000000009fdfffff]
[    0.000000] Initmem setup node 0 [mem 0x0000000080000000-0x000000009fdfffff]
[    0.000000] On node 0, zone Normal: 512 pages in unavailable ranges
[    0.000000] OF: reserved mem: Reserved memory: No reserved-memory node in the DT
[    0.000000] CPU: All CPU(s) started in SVC mode.
[    0.000000] AM335X ES2.1 (sgx neon)
[    0.000000] percpu: Embedded 17 pages/cpu s39820 r8192 d21620 u69632
[    0.000000] Kernel command line: console=ttyO0,115200n8 root=/dev/nfs rw nfsroot=192.168.255.126:/home/user01/nfs,nfsvers=3 ip=192.168.255.1:192.168.255.126::255.255.255.0:bbb1:eth0 nfsrootdebug
[    0.000000] Unknown kernel command line parameters "nfsrootdebug", will be passed to user space.
[    0.000000] printk: log buffer data + meta data: 65536 + 204800 = 270336 bytes
[    0.000000] Dentry cache hash table entries: 65536 (order: 6, 262144 bytes, linear)
[    0.000000] Inode-cache hash table entries: 32768 (order: 5, 131072 bytes, linear)
[    0.000000] Built 1 zonelists, mobility grouping on.  Total pages: 130560
[    0.000000] mem auto-init: stack:off, heap alloc:off, heap free:off
[    0.000000] SLUB: HWalign=16, Order=0-3, MinObjects=0, CPUs=1, Nodes=1
[    0.000000] rcu: Hierarchical RCU implementation.
[    0.000000] rcu: 	RCU event tracing is enabled.
[    0.000000] rcu: 	RCU restricting CPUs from NR_CPUS=2 to nr_cpu_ids=1.
[    0.000000] 	Tracing variant of Tasks RCU enabled.
[    0.000000] rcu: RCU calculated value of scheduler-enlistment delay is 10 jiffies.
[    0.000000] rcu: Adjusting geometry for rcu_fanout_leaf=16, nr_cpu_ids=1
[    0.000000] RCU Tasks Trace: Setting shift to 0 and lim to 1 rcu_task_cb_adjust=1 rcu_task_cpu_ids=1.
[    0.000000] NR_IRQS: 16, nr_irqs: 16, preallocated irqs: 16
[    0.000000] IRQ: Found an INTC at 0x(ptrval) (revision 5.0) with 128 interrupts
[    0.000000] rcu: srcu_init: Setting srcu_struct sizes based on contention.
[    0.000000] TI gptimer clocksource: always-on /ocp/interconnect@44c00000/segment@200000/target-module@31000
[    0.000003] sched_clock: 32 bits at 24MHz, resolution 41ns, wraps every 89478484971ns
[    0.000026] clocksource: dmtimer: mask: 0xffffffff max_cycles: 0xffffffff, max_idle_ns: 79635851949 ns
[    0.000526] TI gptimer clockevent: 24000000 Hz at /ocp/interconnect@48000000/segment@0/target-module@40000
[    0.002131] Console: colour dummy device 80x30
[    0.002196] WARNING: Your 'console=ttyO0' has been replaced by 'ttyS0'
[    0.002203] This ensures that you still see kernel messages. Please
[    0.002208] update your kernel commandline.
[    0.002252] Calibrating delay loop... 996.14 BogoMIPS (lpj=4980736)
[    0.090574] CPU: Testing write buffer coherency: ok
[    0.090684] CPU0: Spectre v2: using BPIALL workaround
[    0.090694] pid_max: default: 32768 minimum: 301
[    0.090856] LSM: initializing lsm=capability
[    0.091019] Mount-cache hash table entries: 1024 (order: 0, 4096 bytes, linear)
[    0.091037] Mountpoint-cache hash table entries: 1024 (order: 0, 4096 bytes, linear)
[    0.092608] CPU0: thread -1, cpu 0, socket -1, mpidr 0
[    0.092666] cacheinfo: Unable to detect cache hierarchy for CPU 0
[    0.094679] Setting up static identity map for 0x80100000 - 0x80100078
[    0.095033] rcu: Hierarchical SRCU implementation.
[    0.095046] rcu: 	Max phase no-delay instances is 1000.
[    0.096784] smp: Bringing up secondary CPUs ...
[    0.096840] smp: Brought up 1 node, 1 CPU
[    0.096854] SMP: Total of 1 processors activated (996.14 BogoMIPS).
[    0.096865] CPU: All CPU(s) started in SVC mode.
[    0.097068] Memory: 480856K/522240K available (11264K kernel code, 1219K rwdata, 2936K rodata, 1024K init, 253K bss, 23352K reserved, 16384K cma-reserved, 0K highmem)
[    0.097899] devtmpfs: initialized
[    0.115100] VFP support v0.3: implementor 41 architecture 3 part 30 variant c rev 3
[    0.115747] clocksource: jiffies: mask: 0xffffffff max_cycles: 0xffffffff, max_idle_ns: 19112604462750000 ns
[    0.115804] posixtimers hash table entries: 512 (order: 0, 4096 bytes, linear)
[    0.115832] futex hash table entries: 256 (16384 bytes on 1 NUMA nodes, total 16 KiB, linear).
[    0.116973] pinctrl core: initialized pinctrl subsystem
[    0.119132] NET: Registered PF_NETLINK/PF_ROUTE protocol family
[    0.122302] DMA: preallocated 256 KiB pool for atomic coherent allocations
[    0.122928] audit: initializing netlink subsys (disabled)
[    0.124291] thermal_sys: Registered thermal governor 'fair_share'
[    0.124307] thermal_sys: Registered thermal governor 'step_wise'
[    0.124316] thermal_sys: Registered thermal governor 'user_space'
[    0.124429] audit: type=2000 audit(0.120:1): state=initialized audit_enabled=0 res=1
[    0.124502] cpuidle: using governor menu
[    0.142893] /ocp/interconnect@44c00000/segment@200000/target-module@b000/i2c@0/tda19988@70: Fixed dependency cycle(s) with /ocp/interconnect@48000000/segment@300000/target-module@e000/lcdc@0
[    0.144001] /ocp/interconnect@48000000/segment@300000/target-module@e000/lcdc@0: Fixed dependency cycle(s) with /ocp/interconnect@44c00000/segment@200000/target-module@b000/i2c@0/tda19988@70
[    0.146238] No ATAGs?
[    0.146281] hw-breakpoint: debug architecture 0x4 unsupported.
[    0.149379] kprobes: kprobe jump-optimization is enabled. All kprobes are optimized if possible.
[    0.164122] iommu: Default domain type: Translated
[    0.164147] iommu: DMA domain TLB invalidation policy: strict mode
[    0.171389] SCSI subsystem initialized
[    0.172249] pps_core: LinuxPPS API ver. 1 registered
[    0.172260] pps_core: Software ver. 5.3.6 - Copyright 2005-2007 Rodolfo Giometti <giometti@linux.it>
[    0.172286] PTP clock support registered
[    0.174298] vgaarb: loaded
[    0.181028] clocksource: Switched to clocksource dmtimer
[    0.181758] VFS: Disk quotas dquot_6.6.0
[    0.181818] VFS: Dquot-cache hash table entries: 1024 (order 0, 4096 bytes)
[    0.210085] NET: Registered PF_INET protocol family
[    0.210432] IP idents hash table entries: 8192 (order: 4, 65536 bytes, linear)
[    0.211860] tcp_listen_portaddr_hash hash table entries: 512 (order: 0, 4096 bytes, linear)
[    0.211900] Table-perturb hash table entries: 65536 (order: 6, 262144 bytes, linear)
[    0.211920] TCP established hash table entries: 4096 (order: 2, 16384 bytes, linear)
[    0.211965] TCP bind hash table entries: 4096 (order: 4, 65536 bytes, linear)
[    0.212065] TCP: Hash tables configured (established 4096 bind 4096)
[    0.212187] UDP hash table entries: 256 (order: 1, 14336 bytes, linear)
[    0.212224] UDP-Lite hash table entries: 256 (order: 1, 14336 bytes, linear)
[    0.212425] NET: Registered PF_UNIX/PF_LOCAL protocol family
[    0.213714] RPC: Registered named UNIX socket transport module.
[    0.213737] RPC: Registered udp transport module.
[    0.213742] RPC: Registered tcp transport module.
[    0.213748] RPC: Registered tcp-with-tls transport module.
[    0.213753] RPC: Registered tcp NFSv4.1 backchannel transport module.
[    0.213780] PCI: CLS 0 bytes, default 64
[    0.215370] Initialise system trusted keyrings
[    0.225415] workingset: timestamp_bits=14 max_order=17 bucket_order=3
[    0.226854] NFS: Registering the id_resolver key type
[    0.226939] Key type id_resolver registered
[    0.226947] Key type id_legacy registered
[    0.227055] jffs2: version 2.2. (NAND) (SUMMARY)  Â© 2001-2006 Red Hat, Inc.
[    0.227523] Key type asymmetric registered
[    0.227537] Asymmetric key parser 'x509' registered
[    0.227610] io scheduler mq-deadline registered
[    0.227622] io scheduler kyber registered
[    0.227708] io scheduler bfq registered
[    0.229615] target-module@4b000000:target-module@140000:pmu@0:fck: device ID is greater than 24
[    0.235812] l3-aon-clkctrl:0000:0: failed to disable
[    0.236079] ledtrig-cpu: registered to indicate activity on CPUs
[    0.245186] Serial: 8250/16550 driver, 6 ports, IRQ sharing enabled
[    0.285421] brd: module loaded
[    0.312041] loop: module loaded
[    0.312989] mtdoops: mtd device (mtddev=name/number) must be supplied
[    0.316383] i2c_dev: i2c /dev entries driver
[    0.317391] cpuidle: enable-method property 'ti,am3352' found operations
[    0.317843] sdhci: Secure Digital Host Controller Interface driver
[    0.317852] sdhci: Copyright(c) Pierre Ossman
[    0.318034] sdhci-pltfm: SDHCI platform and OF driver helper
[    0.319506] hw perfevents: enabled with armv7_cortex_a8 PMU driver, 5 (8000000f) counters available
[    0.320019] Initializing XFRM netlink socket
[    0.320209] NET: Registered PF_INET6 protocol family
[    0.325855] l3-aon-clkctrl:0000:0: failed to disable
[    0.327446] Segment Routing with IPv6
[    0.327530] In-situ OAM (IOAM) with IPv6
[    0.327627] sit: IPv6, IPv4 and MPLS over IPv4 tunneling driver
[    0.328613] NET: Registered PF_PACKET protocol family
[    0.328643] NET: Registered PF_KEY protocol family
[    0.328759] Key type dns_resolver registered
[    0.328989] ThumbEE CPU extension supported.
[    0.329008] Registering SWP/SWPB emulation handler
[    0.329544] omap_voltage_late_init: Voltage driver support not added
[    0.330235] SmartReflex Class3 initialized
[    0.361435] Loading compiled-in X.509 certificates
[    0.407027] /ocp/interconnect@44c00000/segment@200000/target-module@b000/i2c@0/tda19988@70: Fixed dependency cycle(s) with /ocp/interconnect@48000000/segment@300000/target-module@e000/lcdc@0
[    0.413432] /ocp/interconnect@44c00000/segment@200000/target-module@b000/i2c@0/tda19988@70: Fixed dependency cycle(s) with /ocp/interconnect@48000000/segment@300000/target-module@e000/lcdc@0
[    0.440767] /ocp/interconnect@44c00000/segment@200000/target-module@b000/i2c@0/tda19988@70: Fixed dependency cycle(s) with /ocp/interconnect@48000000/segment@300000/target-module@e000/lcdc@0
[    0.441677] /ocp/interconnect@44c00000/segment@200000/target-module@b000/i2c@0/tda19988@70: Fixed dependency cycle(s) with /ocp/interconnect@48000000/segment@300000/target-module@e000/lcdc@0
[    0.445472] /ocp/interconnect@44c00000/segment@200000/target-module@10000/scm@0/pinmux@800: Fixed dependency cycle(s) with /ocp/interconnect@44c00000/segment@200000/target-module@10000/scm@0/pinmux@800/clkout2-pins
[    0.446086] pinctrl-single 44e10800.pinmux: 142 pins, size 568
[    0.451407] ti-sysc 44e31000.target-module: probe with driver ti-sysc failed with error -16
[    0.480853] /ocp/interconnect@48000000/segment@300000/target-module@e000/lcdc@0: Fixed dependency cycle(s) with /ocp/interconnect@44c00000/segment@200000/target-module@b000/i2c@0/tda19988@70
[    0.489225] ti-sysc 48040000.target-module: probe with driver ti-sysc failed with error -16
[    0.537899] OMAP GPIO hardware version 0.1
[    0.576652] omap_i2c 4819c000.i2c: bus 2 rev0.11 at 100 kHz
[    0.607533] 48000000.interconnect:segment@200000:target-module@0:mpu@0:fck: device ID is greater than 24
[    0.608442] /ocp/interconnect@48000000/segment@300000/target-module@e000/lcdc@0: Fixed dependency cycle(s) with /ocp/interconnect@44c00000/segment@200000/target-module@b000/i2c@0/tda19988@70
[    0.611269] /ocp/interconnect@48000000/segment@300000/target-module@e000/lcdc@0: Fixed dependency cycle(s) with /ocp/interconnect@44c00000/segment@200000/target-module@b000/i2c@0/tda19988@70
[    0.611994] /ocp/interconnect@44c00000/segment@200000/target-module@b000/i2c@0/tda19988@70: Fixed dependency cycle(s) with /ocp/interconnect@48000000/segment@300000/target-module@e000/lcdc@0
[    0.612157] /ocp/interconnect@48000000/segment@300000/target-module@e000/lcdc@0: Fixed dependency cycle(s) with /ocp/interconnect@44c00000/segment@200000/target-module@b000/i2c@0/tda19988@70
[    0.623399] sdhci-omap 481d8000.mmc: supply pbias not found, using dummy regulator
[    0.623884] sdhci-omap 481d8000.mmc: supply vqmmc not found, using dummy regulator
[    0.666717] davinci_mdio 4a101000.mdio: davinci mdio revision 1.6, bus freq 1000000
[    0.831221] davinci_mdio 4a101000.mdio: phy[0]: device 4a101000.mdio:00, driver SMSC LAN8710/LAN8720
[    0.831998] cpsw-switch 4a100000.switch: initialized cpsw ale version 1.4
[    0.832022] cpsw-switch 4a100000.switch: ALE Table size 1024, Policers 0
[    0.832186] cpsw-switch 4a100000.switch: cpts: overflow check period 500 (jiffies)
[    0.832202] cpsw-switch 4a100000.switch: CPTS: ref_clk_freq:250000000 calc_mult:2147483648 calc_shift:29 error:0 nsec/sec
[    0.832310] cpsw-switch 4a100000.switch: Detected MACID = 6c:ec:eb:68:de:78
[    0.834198] cpsw-switch 4a100000.switch: initialized (regs 0x4a100000, pool size 256) hw_ver:0019010C 1.12 (0)
[    0.845600] debugfs: '49000000.dma' already exists in 'dmaengine'
[    0.845644] edma 49000000.dma: TI EDMA DMA engine driver
[    0.913466] 44e09000.serial: ttyS0 at MMIO 0x44e09000 (irq = 34, base_baud = 3000000) is a 8250
[    0.913559] printk: legacy console [ttyS0] enabled
[    2.445628] tps65217-pmic: Failed to locate of_node [id: -1]
[    2.451687] tps65217-bl: Failed to locate of_node [id: -1]
[    2.457778] platform tps65217-charger: DMA mask not set
[    2.463816] platform tps65217-pwrbutton: DMA mask not set
[    2.471137] tps65217 0-0024: TPS65217 ID 0xe version 1.2
[    2.477272] /ocp/interconnect@48000000/segment@300000/target-module@e000/lcdc@0: Fixed dependency cycle(s) with /ocp/interconnect@44c00000/segment@200000/target-module@b000/i2c@0/tda19988@70
[    2.494678] /ocp/interconnect@44c00000/segment@200000/target-module@b000/i2c@0/tda19988@70: Fixed dependency cycle(s) with /ocp/interconnect@48000000/segment@300000/target-module@e000/lcdc@0
[    2.512034] omap_i2c 44e0b000.i2c: bus 0 rev0.11 at 400 kHz
[    2.519888] omap_gpio 44e07000.gpio: Could not set line 6 debounce to 200000 microseconds (-22)
[    2.528828] sdhci-omap 48060000.mmc: Got CD GPIO
[    2.533844] sdhci-omap 48060000.mmc: supply pbias not found, using dummy regulator
[    2.543880] sdhci-omap 48060000.mmc: supply vqmmc not found, using dummy regulator
[    2.553147] sdhci-omap 481d8000.mmc: supply pbias not found, using dummy regulator
[    2.562833] sdhci-omap 481d8000.mmc: supply vqmmc not found, using dummy regulator
[    2.598372] mmc0: SDHCI controller on 48060000.mmc [48060000.mmc] using External DMA
[    2.606688] mmc1: SDHCI controller on 481d8000.mmc [481d8000.mmc] using External DMA
[    2.615537] cpsw-switch 4a100000.switch: starting ndev. mode: dual_mac
[    2.684960] mmc1: new high speed MMC card at address 0001
[    2.691787] mmcblk1: mmc1:0001 MMC04G 3.60 GiB
[    2.699699]  mmcblk1: p1 p2
[    2.703471] SMSC LAN8710/LAN8720 4a101000.mdio:00: attached PHY driver (mii_bus:phy_addr=4a101000.mdio:00, irq=POLL)
[    2.716130] mmcblk1boot0: mmc1:0001 MMC04G 2.00 MiB
[    2.730022] mmcblk1boot1: mmc1:0001 MMC04G 2.00 MiB
[    2.738985] mmcblk1rpmb: mmc1:0001 MMC04G 128 KiB, chardev (249:0)
[    2.788150] mmc0: new high speed SDHC card at address aaaa
[    2.795082] mmcblk0: mmc0:aaaa SE32G 29.7 GiB
[    2.804148]  mmcblk0: p1 p2
[    5.845426] cpsw-switch 4a100000.switch eth0: Link is Up - 100Mbps/Full - flow control off
[    5.884899] IP-Config: Complete:
[    5.888179]      device=eth0, hwaddr=6c:ec:eb:68:de:78, ipaddr=192.168.255.1, mask=255.255.255.0, gw=255.255.255.255
[    5.898856]      host=bbb1, domain=, nis-domain=(none)
[    5.904025]      bootserver=192.168.255.126, rootserver=192.168.255.126, rootpath=
[    5.904448] clk: Disabling unused clocks
[    5.916286] PM: genpd: Disabling unused power domains
[    5.921434] KTAP version 1
[    5.924157] 1..0
[    5.926648] check access for rdinit=/init failed: -2, ignoring
[    5.954885] VFS: Mounted root (nfs filesystem) on device 0:17.
[    5.961737] devtmpfs: mounted
[    5.966564] Freeing unused kernel image (initmem) memory: 1024K
[    5.973187] Run /sbin/init as init process
[    6.649876] systemd[1]: System time before build time, advancing clock.
[    8.194670] random: crng init done
[    8.207278] systemd[1]: systemd 232 running in system mode. (+PAM +AUDIT +SELINUX +IMA +APPARMOR +SMACK +SYSVINIT +UTMP +LIBCRYPTSETUP +GCRYPT +GNUTLS +ACL +XZ +LZ4 +SECCOMP +BLKID +ELFUTILS +KMOD +IDN)
[    8.226405] systemd[1]: Detected architecture arm.

Welcome to [1mDebian GNU/Linux 9 (stretch)[0m!

[    8.257838] systemd[1]: Set hostname to <arm>.
[    9.351037] systemd[1]: Set up automount Arbitrary Executable File Formats File System Automount Point.
[[0;32m  OK  [0m] Set up automount Arbitrary Executabâ€¦rmats File System Automount Point.
[    9.385695] systemd[1]: Started Forward Password Requests to Wall Directory Watch.
[[0;32m  OK  [0m] Started Forward Password Requests to Wall Directory Watch.
[    9.418560] systemd[1]: systemd-journald.socket: SO_PASSSEC failed: Operation not supported
[    9.427479] systemd[1]: systemd-journald.socket: SO_PASSSEC failed: Operation not supported
[    9.436222] systemd[1]: Listening on Journal Socket.
[[0;32m  OK  [0m] Listening on Journal Socket.
[    9.466407] systemd[1]: Created slice User and Session Slice.
[[0;32m  OK  [0m] Created slice User and Session Slice.
[    9.495725] systemd[1]: Listening on Journal Audit Socket.
[[0;32m  OK  [0m] Listening on Journal Audit Socket.
[[0;32m  OK  [0m] Listening on Journal Socket (/dev/log).
[[0;32m  OK  [0m] Reached target Swap.
[[0;32m  OK  [0m] Reached target Remote File Systems.
[[0;32m  OK  [0m] Listening on Syslog Socket.
[[0;32m  OK  [0m] Started Dispatch Password Requests to Console Directory Watch.
[[0;32m  OK  [0m] Reached target Paths.
[[0;32m  OK  [0m] Reached target Encrypted Volumes.
[[0;32m  OK  [0m] Created slice System Slice.
         Starting Create list of required stâ€¦ce nodes for the current kernel...
         Starting Journal Service...
         Starting Load Kernel Modules...
         Starting Remount Root and Kernel File Systems...
[[0;32m  OK  [0m] Created slice system-getty.slice.
         Mounting Debug File System...
[[0;32m  OK  [0m] Listening on /dev/initctl Compatibility Named Pipe.
         Mounting POSIX Message Queue File System...
[[0;32m  OK  [0m] Created slice system-serial\x2dgetty.slice.
[[0;32m  OK  [0m] Listening on udev Control Socket.
[[0;32m  OK  [0m] Listening on udev Kernel Socket.
[[0;32m  OK  [0m] Reached target Slices.
[[0;32m  OK  [0m] Started Create list of required staâ€¦vice nodes for the current kernel.
[[0;32m  OK  [0m] Started Remount Root and Kernel File Systems.
         Starting udev Coldplug all Devices...
         Starting Load/Save Random Seed...
         Starting Create Static Device Nodes in /dev...
[[0;32m  OK  [0m] Mounted POSIX Message Queue File System.
[[0;32m  OK  [0m] Mounted Debug File System.
[[0;32m  OK  [0m] Started Load Kernel Modules.
         Mounting Configuration File System...
         Starting Apply Kernel Variables...
[[0;32m  OK  [0m] Mounted Configuration File System.
[[0;32m  OK  [0m] Started Load/Save Random Seed.
[[0;32m  OK  [0m] Started Apply Kernel Variables.
[[0;32m  OK  [0m] Started Journal Service.
         Starting Flush Journal to Persistent Storage...
[[0;32m  OK  [0m] Started Create Static Device Nodes in /dev.
         Starting udev Kernel Device Manager...
[[0;32m  OK  [0m] Reached target Local File Systems (Pre).
[[0;32m  OK  [0m] Reached target Local File Systems.
         Starting Raise network interfaces...
[   11.561279] systemd-journald[83]: Received request to flush runtime journal from PID 1
[[0;32m  OK  [0m] Started Flush Journal to Persistent Storage.
         Starting Create Volatile Files and Directories...
[[0;32m  OK  [0m] Started udev Kernel Device Manager.
[   12.649890] omap_prm 44e00d00.prm: sync_state() pending due to 44d00000.cpu
[[0;32m  OK  [0m] Started Create Volatile Files and Directories.
         Starting Network Time Synchronization...
         Starting Update UTMP about System Boot/Shutdown...
[[0;32m  OK  [0m] Started Update UTMP about System Boot/Shutdown.
[[0;32m  OK  [0m] Started udev Coldplug all Devices.
[   14.788079] remoteproc remoteproc0: wkup_m3 is available
[[0;32m  OK  [0m] Started Network Time Synchronization.
[[0;32m  OK  [0m] Reached target System Initialization.
[[0;32m  OK  [0m] Listening on Avahi mDNS/DNS-SD Stack Activation Socket.
[[0;32m  OK  [0m] Started Daily Cleanup of Temporary Directori[   15.142411] omap_wdt: OMAP Watchdog Timer Rev 0x01: initial timeout 60 sec
es.
[[0;32m  OK  [0m] Listening on D-Bus System Message Bus Socket.
[[0;32m  OK  [0m] Reached target Sockets.
[[0;32m  OK  [0m] Reached target Basic System.
[   15.431817] am335x-phy-driver 47401300.usb-phy: dummy supplies not allowed for exclusive requests (id=vbus)
[   15.475869] at24 2-0054: supply vcc not found, using dummy regulator
         Starting LSB: Load kernel modules needed to enable cpufreq scaling...
[   15.590001] usbcore: registered new interface driver usbfs
[   15.595762] usbcore: registered new interface driver hub
[   15.601200] usbcore: registered new device driver usb
[   15.607436] at24 2-0055: supply vcc not found, using dummy regulator
         Starting LSB: Start busybox udhcpd at boot time...
[   15.672591] input: tps65217_pwrbutton as /devices/platform/ocp/44c00000.interconnect/44c00000.interconnect:segment@200000/44e0b000.target-module/44e0b000.i2c/i2c-0/0-0024/tps65217-pwrbutton/input/input0
[   15.745266] at24 2-0056: supply vcc not found, using dummy regulator
         Starting DUN service...
[   15.892090] at24 2-0057: supply vcc not found, using dummy regulator
[   15.912078] am335x-phy-driver 47401b00.usb-phy: dummy supplies not allowed for exclusive requests (id=vbus)
         Starting Avahi mDNS/DNS-SD Stack...
[   16.039719] at24 0-0050: 32768 byte 24c256 EEPROM, writable, 1 bytes/write
         Starting Generic Board Startup...
[[0;32m  OK  [0m] Started Regular background program processing daemon.
         Starting Login Service...
[   16.606497] omap_rtc 44e3e000.rtc: registered as rtc0
[   16.612323] omap_rtc 44e3e000.rtc: setting system clock to 2000-01-01T00:00:00 UTC (946684800)
         Starting Cape Manager Service...
         Starting Telephony service...
         Starting System Logging Service...
[   17.027067] musb-hdrc musb-hdrc.1: MUSB HDRC host driver
[   17.032486] musb-hdrc musb-hdrc.1: new USB bus registered, assigned bus number 1
[[0;32m  OK  [0m] Started D-Bus System Message Bus.
[   17.370364] usb usb1: New USB device found, idVendor=1d6b, idProduct=0002, bcdDevice= 6.17
[   17.378920] usb usb1: New USB device strings: Mfr=3, Product=2, SerialNumber=1
[   17.386281] usb usb1: Product: MUSB HDRC host driver
[   17.391279] usb usb1: Manufacturer: Linux 6.17.5-93352-g53edb6a8231f musb-hcd
[   17.398482] usb usb1: SerialNumber: musb-hdrc.1
[   17.905392] hub 1-0:1.0: USB hub found
[   17.977240] hub 1-0:1.0: 1 port detected
[   18.315250] tda998x 0-0070: found TDA19988
[   18.653913] omap-mailbox 480c8000.mailbox: omap mailbox rev 0x400
[   18.745704] remoteproc remoteproc0: powering up wkup_m3
[   19.061203] remoteproc remoteproc0: Direct firmware load for am335x-pm-firmware.elf failed with error -2
[   19.071202] remoteproc remoteproc0: request_firmware failed: -2
[   19.077267] wkup_m3_ipc 44e11324.wkup_m3_ipc: rproc_boot failed
[   21.360241] tilcdc 4830e000.lcdc: bound 0-0070 (ops tda998x_audio_codec_init [tda998x])
[   21.383697] omap_rng 48310000.rng: Random Number Generator ver. 20
[   21.472318] [drm] Initialized tilcdc 1.0.0 for 4830e000.lcdc on minor 0
[   21.590566] tilcdc 4830e000.lcdc: [drm] Cannot find any crtc or sizes
[[0;32m  OK  [0m] Started Telephony service.
[   21.627791] tilcdc 4830e000.lcdc: [drm] Cannot find any crtc or sizes
[[0;32m  OK  [0m] Started Avahi mDNS/DNS-SD Stack.
[   21.719639] ------------[ cut here ]------------
[   21.724335] WARNING: CPU: 0 PID: 175 at net/8021q/vlan_core.c:236 vlan_for_each+0x114/0x134
[   21.732934] RTNL: assertion failed at net/8021q/vlan_core.c (236)
[   21.739094] Modules linked in: omap_rng tilcdc rng_core drm_dma_helper drm_client_lib snd_soc_davinci_mcasp snd_soc_ti_udma snd_soc_ti_edma snd_soc_ti_sdma snd_soc_core snd_pcm_dmaengine snd_pcm snd_timer omap_mailbox snd tda998x soundcore cec drm_kms_helper drm musb_dsps wkup_m3_ipc musb_hdrc rtc_omap udc_core drm_panel_orientation_quirks tps65218_pwrbutton at24 phy_am335x usbcore phy_am335x_control omap_wdt phy_generic usb_common watchdog cppi41 wkup_m3_rproc leds_gpio cpufreq_dt led_class autofs4
[   21.783840] CPU: 0 UID: 107 PID: 175 Comm: avahi-daemon Not tainted 6.17.5-93352-g53edb6a8231f #1 NONE 
[   21.783859] Hardware name: Generic AM33XX (Flattened Device Tree)
[   21.783868] Call trace: 
[   21.783884]  unwind_backtrace from show_stack+0x10/0x14
[   21.783921]  show_stack from dump_stack_lvl+0x50/0x64
[   21.783947]  dump_stack_lvl from __warn+0x74/0x12c
[   21.783964]  __warn from warn_slowpath_fmt+0x19c/0x1b0
[   21.783977]  warn_slowpath_fmt from vlan_for_each+0x114/0x134
[   21.783998]  vlan_for_each from cpsw_add_mc_addr+0x40/0xa4
[   21.784031]  cpsw_add_mc_addr from __hw_addr_ref_sync_dev+0x108/0x140
[   21.784066]  __hw_addr_ref_sync_dev from __dev_mc_add+0x7c/0x80
[   21.784085]  __dev_mc_add from igmp6_group_added+0xc8/0xe0
[   21.784112]  igmp6_group_added from __ipv6_dev_mc_inc+0x218/0x364
[   21.784131]  __ipv6_dev_mc_inc from __ipv6_sock_mc_join+0x11c/0x1c0
[   21.784152]  __ipv6_sock_mc_join from do_ipv6_setsockopt+0x1214/0x1310
[   21.784171]  do_ipv6_setsockopt from ipv6_setsockopt+0x60/0xcc
[   21.784183]  ipv6_setsockopt from udpv6_setsockopt+0x2c/0x6c
[   21.784198]  udpv6_setsockopt from sock_common_setsockopt+0x30/0x40
[   21.784216]  sock_common_setsockopt from do_sock_setsockopt+0x50/0x9c
[   21.784241]  do_sock_setsockopt from __sys_setsockopt+0x70/0xbc
[   21.784266]  __sys_setsockopt from ret_fast_syscall+0x0/0x58
[   21.784285] Exception stack(0xe0139fa8 to 0xe0139ff0)
[   21.784299] 9fa0:                   00000014 b6fa9ce8 0000000d 00000029 00000014 bea119ec
[   21.784311] 9fc0: 00000014 b6fa9ce8 00000014 00000126 0000000d b6f52ff4 004ee988 004d6558
[   21.784319] 9fe0: b6f68088 bea119d8 b6f45309 b6e1c41a
[   21.784327] ---[ end trace 0000000000000000 ]---
[[0;32m  OK  [0m] Started DUN service.
         Starting Connection service...
[[0;32m  OK  [0m] Reached target System Time Synchronized.
[[0;32m  OK  [0m] Started Daily apt download activities.
[[0;32m  OK  [0m] Started Daily apt upgrade and clean activities.
[[0;32m  OK  [0m] Reached target Timers.
[[0;32m  OK  [0m] Started System Logging Service.
[[0;32m  OK  [0m] Started Cape Manager Service.
[   22.826784] PM: Cannot get wkup_m3_ipc handle
[   22.847943] omap-sham 53100000.sham: hw accel on OMAP rev 4.3
[   22.925249] omap-aes 53500000.aes: OMAP AES hw accel rev: 3.2
[   22.965739] omap-sham 53100000.sham: will run requests pump with realtime priority
[   22.980451] PM: Cannot get wkup_m3_ipc handle
[   23.044093] omap-aes 53500000.aes: will run requests pump with realtime priority
[   23.060416] PM: Cannot get wkup_m3_ipc handle
[[0;32m  OK  [0m] Found device /dev/ttyS0.
[   24.034529] Bluetooth: Core ver 2.22
[   24.038590] NET: Registered PF_BLUETOOTH protocol family
[   24.043942] Bluetooth: HCI device and connection manager initialized
[   24.050471] Bluetooth: HCI socket layer initialized
[   24.055432] Bluetooth: L2CAP socket layer initialized
[   24.060543] Bluetooth: SCO socket layer initialized
[   26.813589] PM: Cannot get wkup_m3_ipc handle
[   26.845463] gpio-537 (nxp,calib): gpiod_direction_output_nonotify: tried to set a GPIO tied to an IRQ as output
[   27.008935] PM: Cannot get wkup_m3_ipc handle
[   27.237388] tda9950 0-0034: TDA9950 CEC interface, hardware version 3.3
[   27.323978] PM: Cannot get wkup_m3_ipc handle
[[0;32m  OK  [0m] Started LSB: Start busybox udhcpd at boot time.
[[0;32m  OK  [0m] Started LSB: Load kernel modules needed to enable cpufreq scaling.
[[0;32m  OK  [0m] Started Raise network interfaces.
[   29.223036] configfs-gadget.g_multi gadget.0: HOST MAC 1c:ba:8c:a2:ed:6c
[   29.230070] configfs-gadget.g_multi gadget.0: MAC 1c:ba:8c:a2:ed:70
[   29.237614] configfs-gadget.g_multi gadget.0: HOST MAC 1c:ba:8c:a2:ed:6c
[   29.244379] configfs-gadget.g_multi gadget.0: MAC 1c:ba:8c:a2:ed:6d
[   29.265274] PM: Cannot get wkup_m3_ipc handle
[[0;32m  OK  [0m] Started Connection service.
[[0;32m  OK  [0m] Started Login Service.
         Starting Hostname Service...
         Starting WPA supplicant...
[[0;32m  OK  [0m] Reached target Sound Card.
         Starting LSB: set CPUFreq kernel parameters...
[[0;32m  OK  [0m] Started WPA supplicant.
[[0;32m  OK  [0m] Started Hostname Service.
[[0;32m  OK  [0m] Reached target Network.
[[0;32m  OK  [0m] Reached target Network is Online.
         Starting LSB: Advanced IEEE 802.11 management daemon...
         Starting Permit User Sessions...
         Starting OpenBSD Secure Shell server...
         Starting The Apache HTTP Server...
[[0;32m  OK  [0m] Started LSB: set CPUFreq kernel parameters.
[[0;32m  OK  [0m] Started LSB: Advanced IEEE 802.11 management daemon.
[[0;32m  OK  [0m] Started Permit User Sessions.
[[0;32m  OK  [0m] Started Getty on tty1.
[[0;32m  OK  [0m] Started Serial Getty on ttyS0.
[[0;32m  OK  [0m] Reached target Login Prompts.
         Stopping LSB: Start busybox udhcpd at boot time...
[[0;32m  OK  [0m] Stopped LSB: Start busybox udhcpd at boot time.
[[0;32m  OK  [0m] Started OpenBSD Secure Shell server.
         Starting dnsmasq - A lightweight DHCP and caching DNS server...
[[0;32m  OK  [0m] Started The Apache HTTP Server.
[[0;32m  OK  [0m] Started dnsmasq - A lightweight DHCP and caching DNS server.
[[0;32m  OK  [0m] Reached target Host and Network Name Lookups.
[[0;32m  OK  [0m] Started Serial Getty on ttyGS0.
[[0;32m  OK  [0m] Started Generic Board Startup.
[[0;32m  OK  [0m] Reached target Multi-User System.
[[0;32m  OK  [0m] Reached target Graphical Interface.
         Starting Update UTMP about System Runlevel Changes...
[[0;32m  OK  [0m] Started Update UTMP about System Runlevel Changes.

Debian GNU/Linux 9 arm ttyS0

default username:password is [debian:temppwd]

arm login: root
Password: 
Last login: Sat Jan  1 00:00:34 UTC 2000 on ttyS0
root
Linux arm 6.17.5-93352-g53edb6a8231f #1 SMP Thu Oct 23 19:31:26 EEST 2025 armv7l

The programs included with the Debian GNU/Linux system are free software;
the exact distribution terms for each program are described in the
individual files in /usr/share/doc/*/copyright.

Debian GNU/Linux comes with ABSOLUTELY NO WARRANTY, to the extent
permitted by applicable law.
root@arm:~# root
-bash: root: command not found
root@arm:~# dmesg -n 1
root@arm:~# echo 'PZLY''QZHAGL'
PZLYQZHAGL
root@arm:~# run() { echo -n "$MARKER"; sh -c "$@"; echo "$MARKER $?"; }
root@arm:~# echo 'BCCX''MHLQOM'
BCCXMHLQOM
root@arm:~# MARKER='NQTQ''FHZOJQ' run 'cat /proc/version'
NQTQFHZOJQLinux version 6.17.5-93352-g53edb6a8231f (user01@drvtest01) (arm-none-eabi-gcc (Arm GNU Toolchain 14.2.Rel1 (Build arm-14.52)) 14.2.1 20241119, GNU ld (Arm GNU Toolchain 14.2.Rel1 (Build arm-14.52)) 2.43.1.20241119) #1 SMP Thu Oct 23 19:31:26 EEST 2025
NQTQFHZOJQ 0
root@arm:~# echo 'GKTK''JEKMHH'
GKTKJEKMHH
root@arm:~# MARKER='YZCC''ZBXAZM' run false
YZCCZBXAZMYZCCZBXAZM 1
root@arm:~# Labgrid Console Logfile for main
Logfile started at 2025-10-23 19:34:18.470803
=== Log starts here ===

root@arm:~# run() { echo -n "$MARKER"; sh -c "$@"; echo "$MARKER $?"; }
root@arm:~# echo 'ZATW''NEYONZ'
ZATWNEYONZ
root@arm:~# MARKER='HEWL''UHUPXO' run 'ls /iio_generic_buffer; echo $?'
HEWLUHUPXO/iio_generic_buffer
0
HEWLUHUPXO 0
root@arm:~# Labgrid Console Logfile for main
Logfile started at 2025-10-23 19:34:21.885109
=== Log starts here ===

root@arm:~# run() { echo -n "$MARKER"; sh -c "$@"; echo "$MARKER $?"; }
root@arm:~# echo 'AMXV''MXSQKQ'
AMXVMXSQKQ
root@arm:~# MARKER='LEGF''CAJJZJ' run dmesg
LEGFCAJJZJ[    0.000000] Booting Linux on physical CPU 0x0
[    0.000000] Linux version 6.17.5-93352-g53edb6a8231f (user01@drvtest01) (arm-none-eabi-gcc (Arm GNU Toolchain 14.2.Rel1 (Build arm-14.52)) 14.2.1 20241119, GNU ld (Arm GNU Toolchain 14.2.Rel1 (Build arm-14.52)) 2.43.1.20241119) #1 SMP Thu Oct 23 19:31:26 EEST 2025
[    0.000000] CPU: ARMv7 Processor [413fc082] revision 2 (ARMv7), cr=10c5387d
[    0.000000] CPU: PIPT / VIPT nonaliasing data cache, VIPT aliasing instruction cache
[    0.000000] OF: fdt: Machine model: TI AM335x BeagleBone Black
[    0.000000] Memory policy: Data cache writeback
[    0.000000] cma: Reserved 16 MiB at 0x9e800000
[    0.000000] Zone ranges:
[    0.000000]   Normal   [mem 0x0000000080000000-0x000000009fdfffff]
[    0.000000]   HighMem  empty
[    0.000000] Movable zone start for each node
[    0.000000] Early memory node ranges
[    0.000000]   node   0: [mem 0x0000000080000000-0x000000009fdfffff]
[    0.000000] Initmem setup node 0 [mem 0x0000000080000000-0x000000009fdfffff]
[    0.000000] On node 0, zone Normal: 512 pages in unavailable ranges
[    0.000000] OF: reserved mem: Reserved memory: No reserved-memory node in the DT
[    0.000000] CPU: All CPU(s) started in SVC mode.
[    0.000000] AM335X ES2.1 (sgx neon)
[    0.000000] percpu: Embedded 17 pages/cpu s39820 r8192 d21620 u69632
[    0.000000] pcpu-alloc: s39820 r8192 d21620 u69632 alloc=17*4096
[    0.000000] pcpu-alloc: [0] 0 
[    0.000000] Kernel command line: console=ttyO0,115200n8 root=/dev/nfs rw nfsroot=192.168.255.126:/home/user01/nfs,nfsvers=3 ip=192.168.255.1:192.168.255.126::255.255.255.0:bbb1:eth0 nfsrootdebug
[    0.000000] Unknown kernel command line parameters "nfsrootdebug", will be passed to user space.
[    0.000000] printk: log buffer data + meta data: 65536 + 204800 = 270336 bytes
[    0.000000] Dentry cache hash table entries: 65536 (order: 6, 262144 bytes, linear)
[    0.000000] Inode-cache hash table entries: 32768 (order: 5, 131072 bytes, linear)
[    0.000000] Built 1 zonelists, mobility grouping on.  Total pages: 130560
[    0.000000] mem auto-init: stack:off, heap alloc:off, heap free:off
[    0.000000] SLUB: HWalign=16, Order=0-3, MinObjects=0, CPUs=1, Nodes=1
[    0.000000] rcu: Hierarchical RCU implementation.
[    0.000000] rcu: 	RCU event tracing is enabled.
[    0.000000] rcu: 	RCU restricting CPUs from NR_CPUS=2 to nr_cpu_ids=1.
[    0.000000] 	Tracing variant of Tasks RCU enabled.
[    0.000000] rcu: RCU calculated value of scheduler-enlistment delay is 10 jiffies.
[    0.000000] rcu: Adjusting geometry for rcu_fanout_leaf=16, nr_cpu_ids=1
[    0.000000] RCU Tasks Trace: Setting shift to 0 and lim to 1 rcu_task_cb_adjust=1 rcu_task_cpu_ids=1.
[    0.000000] NR_IRQS: 16, nr_irqs: 16, preallocated irqs: 16
[    0.000000] IRQ: Found an INTC at 0x(ptrval) (revision 5.0) with 128 interrupts
[    0.000000] rcu: srcu_init: Setting srcu_struct sizes based on contention.
[    0.000000] TI gptimer clocksource: always-on /ocp/interconnect@44c00000/segment@200000/target-module@31000
[    0.000003] sched_clock: 32 bits at 24MHz, resolution 41ns, wraps every 89478484971ns
[    0.000026] clocksource: dmtimer: mask: 0xffffffff max_cycles: 0xffffffff, max_idle_ns: 79635851949 ns
[    0.000526] TI gptimer clockevent: 24000000 Hz at /ocp/interconnect@48000000/segment@0/target-module@40000
[    0.002131] Console: colour dummy device 80x30
[    0.002196] WARNING: Your 'console=ttyO0' has been replaced by 'ttyS0'
[    0.002203] This ensures that you still see kernel messages. Please
[    0.002208] update your kernel commandline.
[    0.002252] Calibrating delay loop... 996.14 BogoMIPS (lpj=4980736)
[    0.090574] CPU: Testing write buffer coherency: ok
[    0.090684] CPU0: Spectre v2: using BPIALL workaround
[    0.090694] pid_max: default: 32768 minimum: 301
[    0.090856] LSM: initializing lsm=capability
[    0.091019] Mount-cache hash table entries: 1024 (order: 0, 4096 bytes, linear)
[    0.091037] Mountpoint-cache hash table entries: 1024 (order: 0, 4096 bytes, linear)
[    0.092608] CPU0: thread -1, cpu 0, socket -1, mpidr 0
[    0.092666] cacheinfo: Unable to detect cache hierarchy for CPU 0
[    0.094679] Setting up static identity map for 0x80100000 - 0x80100078
[    0.095033] rcu: Hierarchical SRCU implementation.
[    0.095046] rcu: 	Max phase no-delay instances is 1000.
[    0.096784] smp: Bringing up secondary CPUs ...
[    0.096840] smp: Brought up 1 node, 1 CPU
[    0.096854] SMP: Total of 1 processors activated (996.14 BogoMIPS).
[    0.096865] CPU: All CPU(s) started in SVC mode.
[    0.097068] Memory: 480856K/522240K available (11264K kernel code, 1219K rwdata, 2936K rodata, 1024K init, 253K bss, 23352K reserved, 16384K cma-reserved, 0K highmem)
[    0.097899] devtmpfs: initialized
[    0.115100] VFP support v0.3: implementor 41 architecture 3 part 30 variant c rev 3
[    0.115747] clocksource: jiffies: mask: 0xffffffff max_cycles: 0xffffffff, max_idle_ns: 19112604462750000 ns
[    0.115804] posixtimers hash table entries: 512 (order: 0, 4096 bytes, linear)
[    0.115832] futex hash table entries: 256 (16384 bytes on 1 NUMA nodes, total 16 KiB, linear).
[    0.116973] pinctrl core: initialized pinctrl subsystem
[    0.119132] NET: Registered PF_NETLINK/PF_ROUTE protocol family
[    0.122302] DMA: preallocated 256 KiB pool for atomic coherent allocations
[    0.122928] audit: initializing netlink subsys (disabled)
[    0.124291] thermal_sys: Registered thermal governor 'fair_share'
[    0.124307] thermal_sys: Registered thermal governor 'step_wise'
[    0.124316] thermal_sys: Registered thermal governor 'user_space'
[    0.124429] audit: type=2000 audit(0.120:1): state=initialized audit_enabled=0 res=1
[    0.124502] cpuidle: using governor menu
[    0.142893] /ocp/interconnect@44c00000/segment@200000/target-module@b000/i2c@0/tda19988@70: Fixed dependency cycle(s) with /ocp/interconnect@48000000/segment@300000/target-module@e000/lcdc@0
[    0.144001] /ocp/interconnect@48000000/segment@300000/target-module@e000/lcdc@0: Fixed dependency cycle(s) with /ocp/interconnect@44c00000/segment@200000/target-module@b000/i2c@0/tda19988@70
[    0.146238] No ATAGs?
[    0.146281] hw-breakpoint: debug architecture 0x4 unsupported.
[    0.149379] kprobes: kprobe jump-optimization is enabled. All kprobes are optimized if possible.
[    0.164122] iommu: Default domain type: Translated
[    0.164147] iommu: DMA domain TLB invalidation policy: strict mode
[    0.165757] reg-fixed-voltage fixedregulator0: using DT '/fixedregulator0' for '(default)' GPIO lookup
[    0.165813] of_get_named_gpiod_flags: can't parse 'gpios' property of node '/fixedregulator0[0]'
[    0.165840] of_get_named_gpiod_flags: can't parse 'gpio' property of node '/fixedregulator0[0]'
[    0.165859] reg-fixed-voltage fixedregulator0: using lookup tables for GPIO lookup
[    0.165869] reg-fixed-voltage fixedregulator0: No GPIO consumer (default) found
[    0.171389] SCSI subsystem initialized
[    0.171856] libata version 3.00 loaded.
[    0.172249] pps_core: LinuxPPS API ver. 1 registered
[    0.172260] pps_core: Software ver. 5.3.6 - Copyright 2005-2007 Rodolfo Giometti <giometti@linux.it>
[    0.172286] PTP clock support registered
[    0.174298] vgaarb: loaded
[    0.181028] clocksource: Switched to clocksource dmtimer
[    0.181758] VFS: Disk quotas dquot_6.6.0
[    0.181818] VFS: Dquot-cache hash table entries: 1024 (order 0, 4096 bytes)
[    0.210085] NET: Registered PF_INET protocol family
[    0.210432] IP idents hash table entries: 8192 (order: 4, 65536 bytes, linear)
[    0.211860] tcp_listen_portaddr_hash hash table entries: 512 (order: 0, 4096 bytes, linear)
[    0.211900] Table-perturb hash table entries: 65536 (order: 6, 262144 bytes, linear)
[    0.211920] TCP established hash table entries: 4096 (order: 2, 16384 bytes, linear)
[    0.211965] TCP bind hash table entries: 4096 (order: 4, 65536 bytes, linear)
[    0.212065] TCP: Hash tables configured (established 4096 bind 4096)
[    0.212187] UDP hash table entries: 256 (order: 1, 14336 bytes, linear)
[    0.212224] UDP-Lite hash table entries: 256 (order: 1, 14336 bytes, linear)
[    0.212425] NET: Registered PF_UNIX/PF_LOCAL protocol family
[    0.213714] RPC: Registered named UNIX socket transport module.
[    0.213737] RPC: Registered udp transport module.
[    0.213742] RPC: Registered tcp transport module.
[    0.213748] RPC: Registered tcp-with-tls transport module.
[    0.213753] RPC: Registered tcp NFSv4.1 backchannel transport module.
[    0.213780] PCI: CLS 0 bytes, default 64
[    0.215370] Initialise system trusted keyrings
[    0.225415] workingset: timestamp_bits=14 max_order=17 bucket_order=3
[    0.226854] NFS: Registering the id_resolver key type
[    0.226939] Key type id_resolver registered
[    0.226947] Key type id_legacy registered
[    0.227055] jffs2: version 2.2. (NAND) (SUMMARY)  Â© 2001-2006 Red Hat, Inc.
[    0.227523] Key type asymmetric registered
[    0.227537] Asymmetric key parser 'x509' registered
[    0.227610] io scheduler mq-deadline registered
[    0.227622] io scheduler kyber registered
[    0.227708] io scheduler bfq registered
[    0.229615] target-module@4b000000:target-module@140000:pmu@0:fck: device ID is greater than 24
[    0.235812] l3-aon-clkctrl:0000:0: failed to disable
[    0.236079] ledtrig-cpu: registered to indicate activity on CPUs
[    0.245186] Serial: 8250/16550 driver, 6 ports, IRQ sharing enabled
[    0.285421] brd: module loaded
[    0.312041] loop: module loaded
[    0.312989] mtdoops: mtd device (mtddev=name/number) must be supplied
[    0.314914] mdio_bus fixed-0: using lookup tables for GPIO lookup
[    0.314938] mdio_bus fixed-0: No GPIO consumer reset found
[    0.316383] i2c_dev: i2c /dev entries driver
[    0.317391] cpuidle: enable-method property 'ti,am3352' found operations
[    0.317843] sdhci: Secure Digital Host Controller Interface driver
[    0.317852] sdhci: Copyright(c) Pierre Ossman
[    0.318034] sdhci-pltfm: SDHCI platform and OF driver helper
[    0.319506] hw perfevents: enabled with armv7_cortex_a8 PMU driver, 5 (8000000f) counters available
[    0.320019] Initializing XFRM netlink socket
[    0.320209] NET: Registered PF_INET6 protocol family
[    0.325855] l3-aon-clkctrl:0000:0: failed to disable
[    0.327446] Segment Routing with IPv6
[    0.327530] In-situ OAM (IOAM) with IPv6
[    0.327627] sit: IPv6, IPv4 and MPLS over IPv4 tunneling driver
[    0.328613] NET: Registered PF_PACKET protocol family
[    0.328643] NET: Registered PF_KEY protocol family
[    0.328759] Key type dns_resolver registered
[    0.328989] ThumbEE CPU extension supported.
[    0.329008] Registering SWP/SWPB emulation handler
[    0.329544] omap_voltage_late_init: Voltage driver support not added
[    0.330235] SmartReflex Class3 initialized
[    0.361435] Loading compiled-in X.509 certificates
[    0.407027] /ocp/interconnect@44c00000/segment@200000/target-module@b000/i2c@0/tda19988@70: Fixed dependency cycle(s) with /ocp/interconnect@48000000/segment@300000/target-module@e000/lcdc@0
[    0.413432] /ocp/interconnect@44c00000/segment@200000/target-module@b000/i2c@0/tda19988@70: Fixed dependency cycle(s) with /ocp/interconnect@48000000/segment@300000/target-module@e000/lcdc@0
[    0.419192] gpiochip_find_base_unlocked: found new base at 512
[    0.440767] /ocp/interconnect@44c00000/segment@200000/target-module@b000/i2c@0/tda19988@70: Fixed dependency cycle(s) with /ocp/interconnect@48000000/segment@300000/target-module@e000/lcdc@0
[    0.441677] /ocp/interconnect@44c00000/segment@200000/target-module@b000/i2c@0/tda19988@70: Fixed dependency cycle(s) with /ocp/interconnect@48000000/segment@300000/target-module@e000/lcdc@0
[    0.445472] /ocp/interconnect@44c00000/segment@200000/target-module@10000/scm@0/pinmux@800: Fixed dependency cycle(s) with /ocp/interconnect@44c00000/segment@200000/target-module@10000/scm@0/pinmux@800/clkout2-pins
[    0.446086] pinctrl-single 44e10800.pinmux: 142 pins, size 568
[    0.451407] ti-sysc 44e31000.target-module: probe with driver ti-sysc failed with error -16
[    0.480853] /ocp/interconnect@48000000/segment@300000/target-module@e000/lcdc@0: Fixed dependency cycle(s) with /ocp/interconnect@44c00000/segment@200000/target-module@b000/i2c@0/tda19988@70
[    0.489225] ti-sysc 48040000.target-module: probe with driver ti-sysc failed with error -16
[    0.500850] gpiochip_find_base_unlocked: found new base at 512
[    0.500960] gpio gpiochip0: (gpio-0-31): created GPIO range 0->7 ==> 44e10800.pinmux PIN 0->7
[    0.500980] gpio gpiochip0: (gpio-0-31): created GPIO range 8->11 ==> 44e10800.pinmux PIN 90->93
[    0.500996] gpio gpiochip0: (gpio-0-31): created GPIO range 12->27 ==> 44e10800.pinmux PIN 12->27
[    0.501012] gpio gpiochip0: (gpio-0-31): created GPIO range 28->31 ==> 44e10800.pinmux PIN 30->33
[    0.537585] gpio gpiochip0: (gpio-0-31): added GPIO chardev (254:0)
[    0.537810] gpio gpiochip0: registered GPIOs 512 to 543 on gpio-0-31
[    0.537899] OMAP GPIO hardware version 0.1
[    0.575641] i2c i2c-2: using DT '/ocp/interconnect@48000000/segment@100000/target-module@9c000/i2c@0' for 'scl' GPIO lookup
[    0.575724] of_get_named_gpiod_flags: can't parse 'scl-gpios' property of node '/ocp/interconnect@48000000/segment@100000/target-module@9c000/i2c@0[0]'
[    0.575766] of_get_named_gpiod_flags: can't parse 'scl-gpio' property of node '/ocp/interconnect@48000000/segment@100000/target-module@9c000/i2c@0[0]'
[    0.575803] i2c i2c-2: using lookup tables for GPIO lookup
[    0.575813] i2c i2c-2: No GPIO consumer scl found
[    0.575835] i2c i2c-2: using DT '/ocp/interconnect@48000000/segment@100000/target-module@9c000/i2c@0' for 'sda' GPIO lookup
[    0.575870] of_get_named_gpiod_flags: can't parse 'sda-gpios' property of node '/ocp/interconnect@48000000/segment@100000/target-module@9c000/i2c@0[0]'
[    0.575907] of_get_named_gpiod_flags: can't parse 'sda-gpio' property of node '/ocp/interconnect@48000000/segment@100000/target-module@9c000/i2c@0[0]'
[    0.575938] i2c i2c-2: using lookup tables for GPIO lookup
[    0.575945] i2c i2c-2: No GPIO consumer sda found
[    0.576652] omap_i2c 4819c000.i2c: bus 2 rev0.11 at 100 kHz
[    0.582297] gpiochip_find_base_unlocked: found new base at 544
[    0.582412] gpio gpiochip1: (gpio-32-63): created GPIO range 0->17 ==> 44e10800.pinmux PIN 34->51
[    0.582432] gpio gpiochip1: (gpio-32-63): created GPIO range 18->21 ==> 44e10800.pinmux PIN 77->80
[    0.582449] gpio gpiochip1: (gpio-32-63): created GPIO range 22->31 ==> 44e10800.pinmux PIN 56->65
[    0.598044] gpio gpiochip1: (gpio-32-63): added GPIO chardev (254:1)
[    0.598286] gpio gpiochip1: registered GPIOs 544 to 575 on gpio-32-63
[    0.600578] gpiochip_find_base_unlocked: found new base at 576
[    0.600673] gpio gpiochip2: (gpio-64-95): created GPIO range 0->4 ==> 44e10800.pinmux PIN 66->70
[    0.600693] gpio gpiochip2: (gpio-64-95): created GPIO range 5->6 ==> 44e10800.pinmux PIN 98->99
[    0.600708] gpio gpiochip2: (gpio-64-95): created GPIO range 7->8 ==> 44e10800.pinmux PIN 75->76
[    0.600723] gpio gpiochip2: (gpio-64-95): created GPIO range 13->13 ==> 44e10800.pinmux PIN 141->141
[    0.600739] gpio gpiochip2: (gpio-64-95): created GPIO range 14->21 ==> 44e10800.pinmux PIN 100->107
[    0.601389] gpio gpiochip2: (gpio-64-95): added GPIO chardev (254:2)
[    0.601602] gpio gpiochip2: registered GPIOs 576 to 607 on gpio-64-95
[    0.607533] 48000000.interconnect:segment@200000:target-module@0:mpu@0:fck: device ID is greater than 24
[    0.608442] /ocp/interconnect@48000000/segment@300000/target-module@e000/lcdc@0: Fixed dependency cycle(s) with /ocp/interconnect@44c00000/segment@200000/target-module@b000/i2c@0/tda19988@70
[    0.611269] /ocp/interconnect@48000000/segment@300000/target-module@e000/lcdc@0: Fixed dependency cycle(s) with /ocp/interconnect@44c00000/segment@200000/target-module@b000/i2c@0/tda19988@70
[    0.611994] /ocp/interconnect@44c00000/segment@200000/target-module@b000/i2c@0/tda19988@70: Fixed dependency cycle(s) with /ocp/interconnect@48000000/segment@300000/target-module@e000/lcdc@0
[    0.612157] /ocp/interconnect@48000000/segment@300000/target-module@e000/lcdc@0: Fixed dependency cycle(s) with /ocp/interconnect@44c00000/segment@200000/target-module@b000/i2c@0/tda19988@70
[    0.621959] mdio_bus 4a101000.mdio: using DT '/ocp/interconnect@4a000000/segment@0/target-module@100000/switch@0/mdio@1000' for 'reset' GPIO lookup
[    0.622030] of_get_named_gpiod_flags: can't parse 'reset-gpios' property of node '/ocp/interconnect@4a000000/segment@0/target-module@100000/switch@0/mdio@1000[0]'
[    0.622076] of_get_named_gpiod_flags: can't parse 'reset-gpio' property of node '/ocp/interconnect@4a000000/segment@0/target-module@100000/switch@0/mdio@1000[0]'
[    0.622124] mdio_bus 4a101000.mdio: using lookup tables for GPIO lookup
[    0.622134] mdio_bus 4a101000.mdio: No GPIO consumer reset found
[    0.623060] sdhci-omap 481d8000.mmc: using DT '/ocp/interconnect@48000000/segment@100000/target-module@d8000/mmc@0' for 'wp' GPIO lookup
[    0.623122] of_get_named_gpiod_flags: can't parse 'wp-gpios' property of node '/ocp/interconnect@48000000/segment@100000/target-module@d8000/mmc@0[0]'
[    0.623164] of_get_named_gpiod_flags: can't parse 'wp-gpio' property of node '/ocp/interconnect@48000000/segment@100000/target-module@d8000/mmc@0[0]'
[    0.623199] sdhci-omap 481d8000.mmc: using lookup tables for GPIO lookup
[    0.623209] sdhci-omap 481d8000.mmc: No GPIO consumer wp found
[    0.623399] sdhci-omap 481d8000.mmc: supply pbias not found, using dummy regulator
[    0.623884] sdhci-omap 481d8000.mmc: supply vqmmc not found, using dummy regulator
[    0.666717] davinci_mdio 4a101000.mdio: davinci mdio revision 1.6, bus freq 1000000
[    0.691796] mdio_bus 4a101000.mdio:00: using DT '/ocp/interconnect@4a000000/segment@0/target-module@100000/switch@0/mdio@1000/ethernet-phy@0' for 'reset' GPIO lookup
[    0.691898] of_get_named_gpiod_flags: parsed 'reset-gpios' property of node '/ocp/interconnect@4a000000/segment@0/target-module@100000/switch@0/mdio@1000/ethernet-phy@0[0]' - status (0)
[    0.692058] gpio gpiochip0: Persistence not supported for GPIO 8
[    0.831221] davinci_mdio 4a101000.mdio: phy[0]: device 4a101000.mdio:00, driver SMSC LAN8710/LAN8720
[    0.831998] cpsw-switch 4a100000.switch: initialized cpsw ale version 1.4
[    0.832022] cpsw-switch 4a100000.switch: ALE Table size 1024, Policers 0
[    0.832186] cpsw-switch 4a100000.switch: cpts: overflow check period 500 (jiffies)
[    0.832202] cpsw-switch 4a100000.switch: CPTS: ref_clk_freq:250000000 calc_mult:2147483648 calc_shift:29 error:0 nsec/sec
[    0.832310] cpsw-switch 4a100000.switch: Detected MACID = 6c:ec:eb:68:de:78
[    0.834198] cpsw-switch 4a100000.switch: initialized (regs 0x4a100000, pool size 256) hw_ver:0019010C 1.12 (0)
[    0.845600] debugfs: '49000000.dma' already exists in 'dmaengine'
[    0.845644] edma 49000000.dma: TI EDMA DMA engine driver
[    0.887755] gpio-clk clk_mcasp0: using DT '/clk_mcasp0' for 'enable' GPIO lookup
[    0.887831] of_get_named_gpiod_flags: parsed 'enable-gpios' property of node '/clk_mcasp0[0]' - status (0)
[    0.887876] gpio gpiochip0: Persistence not supported for GPIO 27
[    0.888762] gpiochip_find_base_unlocked: found new base at 608
[    0.888877] gpio gpiochip3: (gpio-96-127): created GPIO range 0->7 ==> 44e10800.pinmux PIN 82->89
[    0.888898] gpio gpiochip3: (gpio-96-127): created GPIO range 8->11 ==> 44e10800.pinmux PIN 52->55
[    0.888913] gpio gpiochip3: (gpio-96-127): created GPIO range 12->15 ==> 44e10800.pinmux PIN 94->97
[    0.888930] gpio gpiochip3: (gpio-96-127): created GPIO range 16->17 ==> 44e10800.pinmux PIN 71->72
[    0.888946] gpio gpiochip3: (gpio-96-127): created GPIO range 18->18 ==> 44e10800.pinmux PIN 135->135
[    0.888963] gpio gpiochip3: (gpio-96-127): created GPIO range 19->20 ==> 44e10800.pinmux PIN 108->109
[    0.888980] gpio gpiochip3: (gpio-96-127): created GPIO range 21->21 ==> 44e10800.pinmux PIN 73->73
[    0.888997] gpio gpiochip3: (gpio-96-127): created GPIO range 22->23 ==> 44e10800.pinmux PIN 8->9
[    0.889014] gpio gpiochip3: (gpio-96-127): created GPIO range 26->27 ==> 44e10800.pinmux PIN 10->11
[    0.889032] gpio gpiochip3: (gpio-96-127): created GPIO range 28->28 ==> 44e10800.pinmux PIN 74->74
[    0.889049] gpio gpiochip3: (gpio-96-127): created GPIO range 29->29 ==> 44e10800.pinmux PIN 81->81
[    0.889077] gpio gpiochip3: (gpio-96-127): created GPIO range 30->31 ==> 44e10800.pinmux PIN 28->29
[    0.910588] gpio gpiochip3: (gpio-96-127): added GPIO chardev (254:3)
[    0.910851] gpio gpiochip3: registered GPIOs 608 to 639 on gpio-96-127
[    0.912740] omap8250 44e09000.serial: using DT '/ocp/interconnect@44c00000/segment@200000/target-module@9000/serial@0' for 'rs485-term' GPIO lookup
[    0.912811] of_get_named_gpiod_flags: can't parse 'rs485-term-gpios' property of node '/ocp/interconnect@44c00000/segment@200000/target-module@9000/serial@0[0]'
[    0.912853] of_get_named_gpiod_flags: can't parse 'rs485-term-gpio' property of node '/ocp/interconnect@44c00000/segment@200000/target-module@9000/serial@0[0]'
[    0.912890] omap8250 44e09000.serial: using lookup tables for GPIO lookup
[    0.912900] omap8250 44e09000.serial: No GPIO consumer rs485-term found
[    0.912911] omap8250 44e09000.serial: using DT '/ocp/interconnect@44c00000/segment@200000/target-module@9000/serial@0' for 'rs485-rx-during-tx' GPIO lookup
[    0.912947] of_get_named_gpiod_flags: can't parse 'rs485-rx-during-tx-gpios' property of node '/ocp/interconnect@44c00000/segment@200000/target-module@9000/serial@0[0]'
[    0.912983] of_get_named_gpiod_flags: can't parse 'rs485-rx-during-tx-gpio' property of node '/ocp/interconnect@44c00000/segment@200000/target-module@9000/serial@0[0]'
[    0.913015] omap8250 44e09000.serial: using lookup tables for GPIO lookup
[    0.913023] omap8250 44e09000.serial: No GPIO consumer rs485-rx-during-tx found
[    0.913466] 44e09000.serial: ttyS0 at MMIO 0x44e09000 (irq = 34, base_baud = 3000000) is a 8250
[    0.913559] printk: legacy console [ttyS0] enabled
[    2.426302] i2c i2c-0: using DT '/ocp/interconnect@44c00000/segment@200000/target-module@b000/i2c@0' for 'scl' GPIO lookup
[    2.426393] of_get_named_gpiod_flags: can't parse 'scl-gpios' property of node '/ocp/interconnect@44c00000/segment@200000/target-module@b000/i2c@0[0]'
[    2.426442] of_get_named_gpiod_flags: can't parse 'scl-gpio' property of node '/ocp/interconnect@44c00000/segment@200000/target-module@b000/i2c@0[0]'
[    2.426484] i2c i2c-0: using lookup tables for GPIO lookup
[    2.426498] i2c i2c-0: No GPIO consumer scl found
[    2.426525] i2c i2c-0: using DT '/ocp/interconnect@44c00000/segment@200000/target-module@b000/i2c@0' for 'sda' GPIO lookup
[    2.426565] of_get_named_gpiod_flags: can't parse 'sda-gpios' property of node '/ocp/interconnect@44c00000/segment@200000/target-module@b000/i2c@0[0]'
[    2.426607] of_get_named_gpiod_flags: can't parse 'sda-gpio' property of node '/ocp/interconnect@44c00000/segment@200000/target-module@b000/i2c@0[0]'
[    2.426642] i2c i2c-0: using lookup tables for GPIO lookup
[    2.426654] i2c i2c-0: No GPIO consumer sda found
[    2.445628] tps65217-pmic: Failed to locate of_node [id: -1]
[    2.451687] tps65217-bl: Failed to locate of_node [id: -1]
[    2.457778] platform tps65217-charger: DMA mask not set
[    2.463816] platform tps65217-pwrbutton: DMA mask not set
[    2.471137] tps65217 0-0024: TPS65217 ID 0xe version 1.2
[    2.477272] /ocp/interconnect@48000000/segment@300000/target-module@e000/lcdc@0: Fixed dependency cycle(s) with /ocp/interconnect@44c00000/segment@200000/target-module@b000/i2c@0/tda19988@70
[    2.494678] /ocp/interconnect@44c00000/segment@200000/target-module@b000/i2c@0/tda19988@70: Fixed dependency cycle(s) with /ocp/interconnect@48000000/segment@300000/target-module@e000/lcdc@0
[    2.512034] omap_i2c 44e0b000.i2c: bus 0 rev0.11 at 400 kHz
[    2.519683] sdhci-omap 48060000.mmc: using DT '/ocp/interconnect@48000000/segment@0/target-module@60000/mmc@0' for 'cd' GPIO lookup
[    2.519794] of_get_named_gpiod_flags: parsed 'cd-gpios' property of node '/ocp/interconnect@48000000/segment@0/target-module@60000/mmc@0[0]' - status (0)
[    2.519862] gpio gpiochip3: Persistence not supported for GPIO 6
[    2.519888] omap_gpio 44e07000.gpio: Could not set line 6 debounce to 200000 microseconds (-22)
[    2.528828] sdhci-omap 48060000.mmc: Got CD GPIO
[    2.533486] sdhci-omap 48060000.mmc: using DT '/ocp/interconnect@48000000/segment@0/target-module@60000/mmc@0' for 'wp' GPIO lookup
[    2.533536] of_get_named_gpiod_flags: can't parse 'wp-gpios' property of node '/ocp/interconnect@48000000/segment@0/target-module@60000/mmc@0[0]'
[    2.533579] of_get_named_gpiod_flags: can't parse 'wp-gpio' property of node '/ocp/interconnect@48000000/segment@0/target-module@60000/mmc@0[0]'
[    2.533619] sdhci-omap 48060000.mmc: using lookup tables for GPIO lookup
[    2.533633] sdhci-omap 48060000.mmc: No GPIO consumer wp found
[    2.533844] sdhci-omap 48060000.mmc: supply pbias not found, using dummy regulator
[    2.542669] sdhci-omap 481d8000.mmc: using DT '/ocp/interconnect@48000000/segment@100000/target-module@d8000/mmc@0' for 'wp' GPIO lookup
[    2.542747] of_get_named_gpiod_flags: can't parse 'wp-gpios' property of node '/ocp/interconnect@48000000/segment@100000/target-module@d8000/mmc@0[0]'
[    2.542794] of_get_named_gpiod_flags: can't parse 'wp-gpio' property of node '/ocp/interconnect@48000000/segment@100000/target-module@d8000/mmc@0[0]'
[    2.542834] sdhci-omap 481d8000.mmc: using lookup tables for GPIO lookup
[    2.542848] sdhci-omap 481d8000.mmc: No GPIO consumer wp found
[    2.543880] sdhci-omap 48060000.mmc: supply vqmmc not found, using dummy regulator
[    2.553147] sdhci-omap 481d8000.mmc: supply pbias not found, using dummy regulator
[    2.562833] sdhci-omap 481d8000.mmc: supply vqmmc not found, using dummy regulator
[    2.598372] mmc0: SDHCI controller on 48060000.mmc [48060000.mmc] using External DMA
[    2.606688] mmc1: SDHCI controller on 481d8000.mmc [481d8000.mmc] using External DMA
[    2.615537] cpsw-switch 4a100000.switch: starting ndev. mode: dual_mac
[    2.684960] mmc1: new high speed MMC card at address 0001
[    2.691787] mmcblk1: mmc1:0001 MMC04G 3.60 GiB
[    2.699699]  mmcblk1: p1 p2
[    2.703471] SMSC LAN8710/LAN8720 4a101000.mdio:00: attached PHY driver (mii_bus:phy_addr=4a101000.mdio:00, irq=POLL)
[    2.716130] mmcblk1boot0: mmc1:0001 MMC04G 2.00 MiB
[    2.730022] mmcblk1boot1: mmc1:0001 MMC04G 2.00 MiB
[    2.738985] mmcblk1rpmb: mmc1:0001 MMC04G 128 KiB, chardev (249:0)
[    2.788150] mmc0: new high speed SDHC card at address aaaa
[    2.795082] mmcblk0: mmc0:aaaa SE32G 29.7 GiB
[    2.804148]  mmcblk0: p1 p2
[    5.845426] cpsw-switch 4a100000.switch eth0: Link is Up - 100Mbps/Full - flow control off
[    5.884899] IP-Config: Complete:
[    5.888179]      device=eth0, hwaddr=6c:ec:eb:68:de:78, ipaddr=192.168.255.1, mask=255.255.255.0, gw=255.255.255.255
[    5.898856]      host=bbb1, domain=, nis-domain=(none)
[    5.904025]      bootserver=192.168.255.126, rootserver=192.168.255.126, rootpath=
[    5.904448] clk: Disabling unused clocks
[    5.916286] PM: genpd: Disabling unused power domains
[    5.921434] KTAP version 1
[    5.924157] 1..0
[    5.926648] check access for rdinit=/init failed: -2, ignoring
[    5.954885] VFS: Mounted root (nfs filesystem) on device 0:17.
[    5.961737] devtmpfs: mounted
[    5.966564] Freeing unused kernel image (initmem) memory: 1024K
[    5.973187] Run /sbin/init as init process
[    5.977386]   with arguments:
[    5.977401]     /sbin/init
[    5.977411]     nfsrootdebug
[    5.977420]   with environment:
[    5.977429]     HOME=/
[    5.977438]     TERM=linux
[    6.649876] systemd[1]: System time before build time, advancing clock.
[    8.194670] random: crng init done
[    8.207278] systemd[1]: systemd 232 running in system mode. (+PAM +AUDIT +SELINUX +IMA +APPARMOR +SMACK +SYSVINIT +UTMP +LIBCRYPTSETUP +GCRYPT +GNUTLS +ACL +XZ +LZ4 +SECCOMP +BLKID +ELFUTILS +KMOD +IDN)
[    8.226405] systemd[1]: Detected architecture arm.
[    8.257838] systemd[1]: Set hostname to <arm>.
[    9.351037] systemd[1]: Set up automount Arbitrary Executable File Formats File System Automount Point.
[    9.385695] systemd[1]: Started Forward Password Requests to Wall Directory Watch.
[    9.418560] systemd[1]: systemd-journald.socket: SO_PASSSEC failed: Operation not supported
[    9.427479] systemd[1]: systemd-journald.socket: SO_PASSSEC failed: Operation not supported
[    9.436222] systemd[1]: Listening on Journal Socket.
[    9.466407] systemd[1]: Created slice User and Session Slice.
[    9.495725] systemd[1]: Listening on Journal Audit Socket.
[   11.561279] systemd-journald[83]: Received request to flush runtime journal from PID 1
[   12.649890] omap_prm 44e00d00.prm: sync_state() pending due to 44d00000.cpu
[   14.440941] leds-gpio leds: using DT '/leds/led2' for '(default)' GPIO lookup
[   14.441052] of_get_named_gpiod_flags: parsed 'gpios' property of node '/leds/led2[0]' - status (0)
[   14.441110] gpio gpiochip0: Persistence not supported for GPIO 21
[   14.441125] gpio-533 (?): no flags found for GPIO (default)
[   14.525168] leds-gpio leds: using DT '/leds/led3' for '(default)' GPIO lookup
[   14.525276] of_get_named_gpiod_flags: parsed 'gpios' property of node '/leds/led3[0]' - status (0)
[   14.525334] gpio gpiochip0: Persistence not supported for GPIO 22
[   14.525349] gpio-534 (?): no flags found for GPIO (default)
[   14.591695] leds-gpio leds: using DT '/leds/led4' for '(default)' GPIO lookup
[   14.591806] of_get_named_gpiod_flags: parsed 'gpios' property of node '/leds/led4[0]' - status (0)
[   14.591864] gpio gpiochip0: Persistence not supported for GPIO 23
[   14.591879] gpio-535 (?): no flags found for GPIO (default)
[   14.605384] leds-gpio leds: using DT '/leds/led5' for '(default)' GPIO lookup
[   14.605494] of_get_named_gpiod_flags: parsed 'gpios' property of node '/leds/led5[0]' - status (0)
[   14.605546] gpio gpiochip0: Persistence not supported for GPIO 24
[   14.605561] gpio-536 (?): no flags found for GPIO (default)
[   14.788079] remoteproc remoteproc0: wkup_m3 is available
[   15.142411] omap_wdt: OMAP Watchdog Timer Rev 0x01: initial timeout 60 sec
[   15.431353] am335x-phy-driver 47401300.usb-phy: using DT '/ocp/target-module@47400000/usb-phy@1300' for 'reset' GPIO lookup
[   15.431453] of_get_named_gpiod_flags: can't parse 'reset-gpios' property of node '/ocp/target-module@47400000/usb-phy@1300[0]'
[   15.431498] of_get_named_gpiod_flags: can't parse 'reset-gpio' property of node '/ocp/target-module@47400000/usb-phy@1300[0]'
[   15.431537] am335x-phy-driver 47401300.usb-phy: using lookup tables for GPIO lookup
[   15.431552] am335x-phy-driver 47401300.usb-phy: No GPIO consumer reset found
[   15.431567] am335x-phy-driver 47401300.usb-phy: using DT '/ocp/target-module@47400000/usb-phy@1300' for 'vbus-detect' GPIO lookup
[   15.431599] of_get_named_gpiod_flags: can't parse 'vbus-detect-gpios' property of node '/ocp/target-module@47400000/usb-phy@1300[0]'
[   15.431630] of_get_named_gpiod_flags: can't parse 'vbus-detect-gpio' property of node '/ocp/target-module@47400000/usb-phy@1300[0]'
[   15.431657] am335x-phy-driver 47401300.usb-phy: using lookup tables for GPIO lookup
[   15.431670] am335x-phy-driver 47401300.usb-phy: No GPIO consumer vbus-detect found
[   15.431817] am335x-phy-driver 47401300.usb-phy: dummy supplies not allowed for exclusive requests (id=vbus)
[   15.475869] at24 2-0054: supply vcc not found, using dummy regulator
[   15.590001] usbcore: registered new interface driver usbfs
[   15.595762] usbcore: registered new interface driver hub
[   15.601200] usbcore: registered new device driver usb
[   15.607436] at24 2-0055: supply vcc not found, using dummy regulator
[   15.672591] input: tps65217_pwrbutton as /devices/platform/ocp/44c00000.interconnect/44c00000.interconnect:segment@200000/44e0b000.target-module/44e0b000.i2c/i2c-0/0-0024/tps65217-pwrbutton/input/input0
[   15.745266] at24 2-0056: supply vcc not found, using dummy regulator
[   15.892090] at24 2-0057: supply vcc not found, using dummy regulator
[   15.911622] am335x-phy-driver 47401b00.usb-phy: using DT '/ocp/target-module@47400000/usb-phy@1b00' for 'reset' GPIO lookup
[   15.911716] of_get_named_gpiod_flags: can't parse 'reset-gpios' property of node '/ocp/target-module@47400000/usb-phy@1b00[0]'
[   15.911758] of_get_named_gpiod_flags: can't parse 'reset-gpio' property of node '/ocp/target-module@47400000/usb-phy@1b00[0]'
[   15.911796] am335x-phy-driver 47401b00.usb-phy: using lookup tables for GPIO lookup
[   15.911811] am335x-phy-driver 47401b00.usb-phy: No GPIO consumer reset found
[   15.911826] am335x-phy-driver 47401b00.usb-phy: using DT '/ocp/target-module@47400000/usb-phy@1b00' for 'vbus-detect' GPIO lookup
[   15.911857] of_get_named_gpiod_flags: can't parse 'vbus-detect-gpios' property of node '/ocp/target-module@47400000/usb-phy@1b00[0]'
[   15.911889] of_get_named_gpiod_flags: can't parse 'vbus-detect-gpio' property of node '/ocp/target-module@47400000/usb-phy@1b00[0]'
[   15.911916] am335x-phy-driver 47401b00.usb-phy: using lookup tables for GPIO lookup
[   15.911929] am335x-phy-driver 47401b00.usb-phy: No GPIO consumer vbus-detect found
[   15.912078] am335x-phy-driver 47401b00.usb-phy: dummy supplies not allowed for exclusive requests (id=vbus)
[   16.039134] at24 0-0050: using DT '/ocp/interconnect@44c00000/segment@200000/target-module@b000/i2c@0/eeprom@50' for 'wp' GPIO lookup
[   16.039252] of_get_named_gpiod_flags: can't parse 'wp-gpios' property of node '/ocp/interconnect@44c00000/segment@200000/target-module@b000/i2c@0/eeprom@50[0]'
[   16.039312] of_get_named_gpiod_flags: can't parse 'wp-gpio' property of node '/ocp/interconnect@44c00000/segment@200000/target-module@b000/i2c@0/eeprom@50[0]'
[   16.039361] at24 0-0050: using lookup tables for GPIO lookup
[   16.039375] at24 0-0050: No GPIO consumer wp found
[   16.039719] at24 0-0050: 32768 byte 24c256 EEPROM, writable, 1 bytes/write
[   16.606497] omap_rtc 44e3e000.rtc: registered as rtc0
[   16.612323] omap_rtc 44e3e000.rtc: setting system clock to 2000-01-01T00:00:00 UTC (946684800)
[   16.621341] omap_rtc 44e3e000.rtc: using DT '/ocp/interconnect@44c00000/segment@200000/target-module@3e000/rtc@0' for 'wp' GPIO lookup
[   16.621417] of_get_named_gpiod_flags: can't parse 'wp-gpios' property of node '/ocp/interconnect@44c00000/segment@200000/target-module@3e000/rtc@0[0]'
[   16.621469] of_get_named_gpiod_flags: can't parse 'wp-gpio' property of node '/ocp/interconnect@44c00000/segment@200000/target-module@3e000/rtc@0[0]'
[   16.621512] omap_rtc 44e3e000.rtc: using lookup tables for GPIO lookup
[   16.621527] omap_rtc 44e3e000.rtc: No GPIO consumer wp found
[   17.027067] musb-hdrc musb-hdrc.1: MUSB HDRC host driver
[   17.032486] musb-hdrc musb-hdrc.1: new USB bus registered, assigned bus number 1
[   17.370364] usb usb1: New USB device found, idVendor=1d6b, idProduct=0002, bcdDevice= 6.17
[   17.378920] usb usb1: New USB device strings: Mfr=3, Product=2, SerialNumber=1
[   17.386281] usb usb1: Product: MUSB HDRC host driver
[   17.391279] usb usb1: Manufacturer: Linux 6.17.5-93352-g53edb6a8231f musb-hcd
[   17.398482] usb usb1: SerialNumber: musb-hdrc.1
[   17.905392] hub 1-0:1.0: USB hub found
[   17.977240] hub 1-0:1.0: 1 port detected
[   18.315250] tda998x 0-0070: found TDA19988
[   18.653913] omap-mailbox 480c8000.mailbox: omap mailbox rev 0x400
[   18.745704] remoteproc remoteproc0: powering up wkup_m3
[   19.061203] remoteproc remoteproc0: Direct firmware load for am335x-pm-firmware.elf failed with error -2
[   19.071202] remoteproc remoteproc0: request_firmware failed: -2
[   19.077267] wkup_m3_ipc 44e11324.wkup_m3_ipc: rproc_boot failed
[   21.360241] tilcdc 4830e000.lcdc: bound 0-0070 (ops tda998x_audio_codec_init [tda998x])
[   21.383697] omap_rng 48310000.rng: Random Number Generator ver. 20
[   21.472318] [drm] Initialized tilcdc 1.0.0 for 4830e000.lcdc on minor 0
[   21.590566] tilcdc 4830e000.lcdc: [drm] Cannot find any crtc or sizes
[   21.627791] tilcdc 4830e000.lcdc: [drm] Cannot find any crtc or sizes
[   21.719639] ------------[ cut here ]------------
[   21.724335] WARNING: CPU: 0 PID: 175 at net/8021q/vlan_core.c:236 vlan_for_each+0x114/0x134
[   21.732934] RTNL: assertion failed at net/8021q/vlan_core.c (236)
[   21.739094] Modules linked in: omap_rng tilcdc rng_core drm_dma_helper drm_client_lib snd_soc_davinci_mcasp snd_soc_ti_udma snd_soc_ti_edma snd_soc_ti_sdma snd_soc_core snd_pcm_dmaengine snd_pcm snd_timer omap_mailbox snd tda998x soundcore cec drm_kms_helper drm musb_dsps wkup_m3_ipc musb_hdrc rtc_omap udc_core drm_panel_orientation_quirks tps65218_pwrbutton at24 phy_am335x usbcore phy_am335x_control omap_wdt phy_generic usb_common watchdog cppi41 wkup_m3_rproc leds_gpio cpufreq_dt led_class autofs4
[   21.783840] CPU: 0 UID: 107 PID: 175 Comm: avahi-daemon Not tainted 6.17.5-93352-g53edb6a8231f #1 NONE 
[   21.783859] Hardware name: Generic AM33XX (Flattened Device Tree)
[   21.783868] Call trace: 
[   21.783884]  unwind_backtrace from show_stack+0x10/0x14
[   21.783921]  show_stack from dump_stack_lvl+0x50/0x64
[   21.783947]  dump_stack_lvl from __warn+0x74/0x12c
[   21.783964]  __warn from warn_slowpath_fmt+0x19c/0x1b0
[   21.783977]  warn_slowpath_fmt from vlan_for_each+0x114/0x134
[   21.783998]  vlan_for_each from cpsw_add_mc_addr+0x40/0xa4
[   21.784031]  cpsw_add_mc_addr from __hw_addr_ref_sync_dev+0x108/0x140
[   21.784066]  __hw_addr_ref_sync_dev from __dev_mc_add+0x7c/0x80
[   21.784085]  __dev_mc_add from igmp6_group_added+0xc8/0xe0
[   21.784112]  igmp6_group_added from __ipv6_dev_mc_inc+0x218/0x364
[   21.784131]  __ipv6_dev_mc_inc from __ipv6_sock_mc_join+0x11c/0x1c0
[   21.784152]  __ipv6_sock_mc_join from do_ipv6_setsockopt+0x1214/0x1310
[   21.784171]  do_ipv6_setsockopt from ipv6_setsockopt+0x60/0xcc
[   21.784183]  ipv6_setsockopt from udpv6_setsockopt+0x2c/0x6c
[   21.784198]  udpv6_setsockopt from sock_common_setsockopt+0x30/0x40
[   21.784216]  sock_common_setsockopt from do_sock_setsockopt+0x50/0x9c
[   21.784241]  do_sock_setsockopt from __sys_setsockopt+0x70/0xbc
[   21.784266]  __sys_setsockopt from ret_fast_syscall+0x0/0x58
[   21.784285] Exception stack(0xe0139fa8 to 0xe0139ff0)
[   21.784299] 9fa0:                   00000014 b6fa9ce8 0000000d 00000029 00000014 bea119ec
[   21.784311] 9fc0: 00000014 b6fa9ce8 00000014 00000126 0000000d b6f52ff4 004ee988 004d6558
[   21.784319] 9fe0: b6f68088 bea119d8 b6f45309 b6e1c41a
[   21.784327] ---[ end trace 0000000000000000 ]---
[   22.826784] PM: Cannot get wkup_m3_ipc handle
[   22.847943] omap-sham 53100000.sham: hw accel on OMAP rev 4.3
[   22.925249] omap-aes 53500000.aes: OMAP AES hw accel rev: 3.2
[   22.965739] omap-sham 53100000.sham: will run requests pump with realtime priority
[   22.980451] PM: Cannot get wkup_m3_ipc handle
[   23.044093] omap-aes 53500000.aes: will run requests pump with realtime priority
[   23.060416] PM: Cannot get wkup_m3_ipc handle
[   24.034529] Bluetooth: Core ver 2.22
[   24.038590] NET: Registered PF_BLUETOOTH protocol family
[   24.043942] Bluetooth: HCI device and connection manager initialized
[   24.050471] Bluetooth: HCI socket layer initialized
[   24.055432] Bluetooth: L2CAP socket layer initialized
[   24.060543] Bluetooth: SCO socket layer initialized
[   26.813589] PM: Cannot get wkup_m3_ipc handle
[   26.819658] asoc-simple-card sound: using DT '/sound' for 'simple-audio-card,hp-det' GPIO lookup
[   26.819740] of_get_named_gpiod_flags: can't parse 'simple-audio-card,hp-det-gpios' property of node '/sound[0]'
[   26.819776] of_get_named_gpiod_flags: can't parse 'simple-audio-card,hp-det-gpio' property of node '/sound[0]'
[   26.819803] asoc-simple-card sound: using lookup tables for GPIO lookup
[   26.819817] asoc-simple-card sound: No GPIO consumer simple-audio-card,hp-det found
[   26.819833] asoc-simple-card sound: using DT '/sound' for 'simple-audio-card,mic-det' GPIO lookup
[   26.819857] of_get_named_gpiod_flags: can't parse 'simple-audio-card,mic-det-gpios' property of node '/sound[0]'
[   26.819882] of_get_named_gpiod_flags: can't parse 'simple-audio-card,mic-det-gpio' property of node '/sound[0]'
[   26.819902] asoc-simple-card sound: using lookup tables for GPIO lookup
[   26.819914] asoc-simple-card sound: No GPIO consumer simple-audio-card,mic-det found
[   26.832584] tda998x 0-0070: using DT '/ocp/interconnect@44c00000/segment@200000/target-module@b000/i2c@0/tda19988@70' for 'nxp,calib' GPIO lookup
[   26.832723] of_get_named_gpiod_flags: parsed 'nxp,calib-gpios' property of node '/ocp/interconnect@44c00000/segment@200000/target-module@b000/i2c@0/tda19988@70[0]' - status (0)
[   26.832805] gpio gpiochip0: Persistence not supported for GPIO 25
[   26.832820] gpio-537 (nxp,calib): no flags found for GPIO nxp,calib
[   26.845463] gpio-537 (nxp,calib): gpiod_direction_output_nonotify: tried to set a GPIO tied to an IRQ as output
[   27.008935] PM: Cannot get wkup_m3_ipc handle
[   27.237388] tda9950 0-0034: TDA9950 CEC interface, hardware version 3.3
[   27.323978] PM: Cannot get wkup_m3_ipc handle
[   28.930314] userial_init: registered 8 ttyGS* devices
[   29.159344] rndis_register: configNr = 0
[   29.221754] udc musb-hdrc.0: binding gadget driver [g_multi]
[   29.221853] configfs-gadget.g_multi gadget.0: adding 'rndis'/13b73e2b to config 'c'/e6447d63
[   29.223036] configfs-gadget.g_multi gadget.0: HOST MAC 1c:ba:8c:a2:ed:6c
[   29.230070] configfs-gadget.g_multi gadget.0: MAC 1c:ba:8c:a2:ed:70
[   29.236595] rndis_set_param_medium: 0 0
[   29.236623] configfs-gadget.g_multi gadget.0: RNDIS: IN/ep1in OUT/ep1out NOTIFY/ep2in
[   29.236641] configfs-gadget.g_multi gadget.0: adding 'cdc_ethernet'/ba0653d6 to config 'c'/e6447d63
[   29.237614] configfs-gadget.g_multi gadget.0: HOST MAC 1c:ba:8c:a2:ed:6c
[   29.244379] configfs-gadget.g_multi gadget.0: MAC 1c:ba:8c:a2:ed:6d
[   29.250808] configfs-gadget.g_multi gadget.0: CDC Ethernet: IN/ep3in OUT/ep2out NOTIFY/ep4in
[   29.250828] configfs-gadget.g_multi gadget.0: adding 'acm'/1d4574fc to config 'c'/e6447d63
[   29.250864] configfs-gadget.g_multi gadget.0: acm ttyGS0: IN/ep5in OUT/ep3out NOTIFY/ep6in
[   29.265274] PM: Cannot get wkup_m3_ipc handle
[   30.497119] configfs-gadget.g_multi gadget.0: eth_open
[   35.511412] gs_open: ttyGS0 (44ba5bc0,377a6e53)
[   35.511574] gs_close: ttyGS0 (44ba5bc0,377a6e53) ...
[   35.511596] gs_close: ttyGS0 (44ba5bc0,377a6e53) done!
[   35.520252] gs_open: ttyGS0 (44ba5bc0,70a2e5de)
[   35.520374] gs_close: ttyGS0 (44ba5bc0,70a2e5de) ...
[   35.520395] gs_close: ttyGS0 (44ba5bc0,70a2e5de) done!
[   35.651579] gs_open: ttyGS0 (838c9a7d,30d8564c)
[   35.651822] gs_close: ttyGS0 (838c9a7d,30d8564c) ...
[   35.651850] gs_close: ttyGS0 (838c9a7d,30d8564c) done!
[   35.653966] gs_open: ttyGS0 (838c9a7d,3278dc16)
LEGFCAJJZJ 0
root@arm:~# echo 'UXZX''ZZTVHS'
UXZXZZTVHS
root@arm:~# MARKER='BFBF''WQGBKZ' run 'modprobe test_linear_ranges'
BFBFWQGBKZBFBFWQGBKZ 0
root@arm:~# echo 'GQHK''HFTAKB'
GQHKHFTAKB
root@arm:~# MARKER='XAVZ''QFVCFL' run dmesg
XAVZQFVCFL[    0.000000] Booting Linux on physical CPU 0x0
[    0.000000] Linux version 6.17.5-93352-g53edb6a8231f (user01@drvtest01) (arm-none-eabi-gcc (Arm GNU Toolchain 14.2.Rel1 (Build arm-14.52)) 14.2.1 20241119, GNU ld (Arm GNU Toolchain 14.2.Rel1 (Build arm-14.52)) 2.43.1.20241119) #1 SMP Thu Oct 23 19:31:26 EEST 2025
[    0.000000] CPU: ARMv7 Processor [413fc082] revision 2 (ARMv7), cr=10c5387d
[    0.000000] CPU: PIPT / VIPT nonaliasing data cache, VIPT aliasing instruction cache
[    0.000000] OF: fdt: Machine model: TI AM335x BeagleBone Black
[    0.000000] Memory policy: Data cache writeback
[    0.000000] cma: Reserved 16 MiB at 0x9e800000
[    0.000000] Zone ranges:
[    0.000000]   Normal   [mem 0x0000000080000000-0x000000009fdfffff]
[    0.000000]   HighMem  empty
[    0.000000] Movable zone start for each node
[    0.000000] Early memory node ranges
[    0.000000]   node   0: [mem 0x0000000080000000-0x000000009fdfffff]
[    0.000000] Initmem setup node 0 [mem 0x0000000080000000-0x000000009fdfffff]
[    0.000000] On node 0, zone Normal: 512 pages in unavailable ranges
[    0.000000] OF: reserved mem: Reserved memory: No reserved-memory node in the DT
[    0.000000] CPU: All CPU(s) started in SVC mode.
[    0.000000] AM335X ES2.1 (sgx neon)
[    0.000000] percpu: Embedded 17 pages/cpu s39820 r8192 d21620 u69632
[    0.000000] pcpu-alloc: s39820 r8192 d21620 u69632 alloc=17*4096
[    0.000000] pcpu-alloc: [0] 0 
[    0.000000] Kernel command line: console=ttyO0,115200n8 root=/dev/nfs rw nfsroot=192.168.255.126:/home/user01/nfs,nfsvers=3 ip=192.168.255.1:192.168.255.126::255.255.255.0:bbb1:eth0 nfsrootdebug
[    0.000000] Unknown kernel command line parameters "nfsrootdebug", will be passed to user space.
[    0.000000] printk: log buffer data + meta data: 65536 + 204800 = 270336 bytes
[    0.000000] Dentry cache hash table entries: 65536 (order: 6, 262144 bytes, linear)
[    0.000000] Inode-cache hash table entries: 32768 (order: 5, 131072 bytes, linear)
[    0.000000] Built 1 zonelists, mobility grouping on.  Total pages: 130560
[    0.000000] mem auto-init: stack:off, heap alloc:off, heap free:off
[    0.000000] SLUB: HWalign=16, Order=0-3, MinObjects=0, CPUs=1, Nodes=1
[    0.000000] rcu: Hierarchical RCU implementation.
[    0.000000] rcu: 	RCU event tracing is enabled.
[    0.000000] rcu: 	RCU restricting CPUs from NR_CPUS=2 to nr_cpu_ids=1.
[    0.000000] 	Tracing variant of Tasks RCU enabled.
[    0.000000] rcu: RCU calculated value of scheduler-enlistment delay is 10 jiffies.
[    0.000000] rcu: Adjusting geometry for rcu_fanout_leaf=16, nr_cpu_ids=1
[    0.000000] RCU Tasks Trace: Setting shift to 0 and lim to 1 rcu_task_cb_adjust=1 rcu_task_cpu_ids=1.
[    0.000000] NR_IRQS: 16, nr_irqs: 16, preallocated irqs: 16
[    0.000000] IRQ: Found an INTC at 0x(ptrval) (revision 5.0) with 128 interrupts
[    0.000000] rcu: srcu_init: Setting srcu_struct sizes based on contention.
[    0.000000] TI gptimer clocksource: always-on /ocp/interconnect@44c00000/segment@200000/target-module@31000
[    0.000003] sched_clock: 32 bits at 24MHz, resolution 41ns, wraps every 89478484971ns
[    0.000026] clocksource: dmtimer: mask: 0xffffffff max_cycles: 0xffffffff, max_idle_ns: 79635851949 ns
[    0.000526] TI gptimer clockevent: 24000000 Hz at /ocp/interconnect@48000000/segment@0/target-module@40000
[    0.002131] Console: colour dummy device 80x30
[    0.002196] WARNING: Your 'console=ttyO0' has been replaced by 'ttyS0'
[    0.002203] This ensures that you still see kernel messages. Please
[    0.002208] update your kernel commandline.
[    0.002252] Calibrating delay loop... 996.14 BogoMIPS (lpj=4980736)
[    0.090574] CPU: Testing write buffer coherency: ok
[    0.090684] CPU0: Spectre v2: using BPIALL workaround
[    0.090694] pid_max: default: 32768 minimum: 301
[    0.090856] LSM: initializing lsm=capability
[    0.091019] Mount-cache hash table entries: 1024 (order: 0, 4096 bytes, linear)
[    0.091037] Mountpoint-cache hash table entries: 1024 (order: 0, 4096 bytes, linear)
[    0.092608] CPU0: thread -1, cpu 0, socket -1, mpidr 0
[    0.092666] cacheinfo: Unable to detect cache hierarchy for CPU 0
[    0.094679] Setting up static identity map for 0x80100000 - 0x80100078
[    0.095033] rcu: Hierarchical SRCU implementation.
[    0.095046] rcu: 	Max phase no-delay instances is 1000.
[    0.096784] smp: Bringing up secondary CPUs ...
[    0.096840] smp: Brought up 1 node, 1 CPU
[    0.096854] SMP: Total of 1 processors activated (996.14 BogoMIPS).
[    0.096865] CPU: All CPU(s) started in SVC mode.
[    0.097068] Memory: 480856K/522240K available (11264K kernel code, 1219K rwdata, 2936K rodata, 1024K init, 253K bss, 23352K reserved, 16384K cma-reserved, 0K highmem)
[    0.097899] devtmpfs: initialized
[    0.115100] VFP support v0.3: implementor 41 architecture 3 part 30 variant c rev 3
[    0.115747] clocksource: jiffies: mask: 0xffffffff max_cycles: 0xffffffff, max_idle_ns: 19112604462750000 ns
[    0.115804] posixtimers hash table entries: 512 (order: 0, 4096 bytes, linear)
[    0.115832] futex hash table entries: 256 (16384 bytes on 1 NUMA nodes, total 16 KiB, linear).
[    0.116973] pinctrl core: initialized pinctrl subsystem
[    0.119132] NET: Registered PF_NETLINK/PF_ROUTE protocol family
[    0.122302] DMA: preallocated 256 KiB pool for atomic coherent allocations
[    0.122928] audit: initializing netlink subsys (disabled)
[    0.124291] thermal_sys: Registered thermal governor 'fair_share'
[    0.124307] thermal_sys: Registered thermal governor 'step_wise'
[    0.124316] thermal_sys: Registered thermal governor 'user_space'
[    0.124429] audit: type=2000 audit(0.120:1): state=initialized audit_enabled=0 res=1
[    0.124502] cpuidle: using governor menu
[    0.142893] /ocp/interconnect@44c00000/segment@200000/target-module@b000/i2c@0/tda19988@70: Fixed dependency cycle(s) with /ocp/interconnect@48000000/segment@300000/target-module@e000/lcdc@0
[    0.144001] /ocp/interconnect@48000000/segment@300000/target-module@e000/lcdc@0: Fixed dependency cycle(s) with /ocp/interconnect@44c00000/segment@200000/target-module@b000/i2c@0/tda19988@70
[    0.146238] No ATAGs?
[    0.146281] hw-breakpoint: debug architecture 0x4 unsupported.
[    0.149379] kprobes: kprobe jump-optimization is enabled. All kprobes are optimized if possible.
[    0.164122] iommu: Default domain type: Translated
[    0.164147] iommu: DMA domain TLB invalidation policy: strict mode
[    0.165757] reg-fixed-voltage fixedregulator0: using DT '/fixedregulator0' for '(default)' GPIO lookup
[    0.165813] of_get_named_gpiod_flags: can't parse 'gpios' property of node '/fixedregulator0[0]'
[    0.165840] of_get_named_gpiod_flags: can't parse 'gpio' property of node '/fixedregulator0[0]'
[    0.165859] reg-fixed-voltage fixedregulator0: using lookup tables for GPIO lookup
[    0.165869] reg-fixed-voltage fixedregulator0: No GPIO consumer (default) found
[    0.171389] SCSI subsystem initialized
[    0.171856] libata version 3.00 loaded.
[    0.172249] pps_core: LinuxPPS API ver. 1 registered
[    0.172260] pps_core: Software ver. 5.3.6 - Copyright 2005-2007 Rodolfo Giometti <giometti@linux.it>
[    0.172286] PTP clock support registered
[    0.174298] vgaarb: loaded
[    0.181028] clocksource: Switched to clocksource dmtimer
[    0.181758] VFS: Disk quotas dquot_6.6.0
[    0.181818] VFS: Dquot-cache hash table entries: 1024 (order 0, 4096 bytes)
[    0.210085] NET: Registered PF_INET protocol family
[    0.210432] IP idents hash table entries: 8192 (order: 4, 65536 bytes, linear)
[    0.211860] tcp_listen_portaddr_hash hash table entries: 512 (order: 0, 4096 bytes, linear)
[    0.211900] Table-perturb hash table entries: 65536 (order: 6, 262144 bytes, linear)
[    0.211920] TCP established hash table entries: 4096 (order: 2, 16384 bytes, linear)
[    0.211965] TCP bind hash table entries: 4096 (order: 4, 65536 bytes, linear)
[    0.212065] TCP: Hash tables configured (established 4096 bind 4096)
[    0.212187] UDP hash table entries: 256 (order: 1, 14336 bytes, linear)
[    0.212224] UDP-Lite hash table entries: 256 (order: 1, 14336 bytes, linear)
[    0.212425] NET: Registered PF_UNIX/PF_LOCAL protocol family
[    0.213714] RPC: Registered named UNIX socket transport module.
[    0.213737] RPC: Registered udp transport module.
[    0.213742] RPC: Registered tcp transport module.
[    0.213748] RPC: Registered tcp-with-tls transport module.
[    0.213753] RPC: Registered tcp NFSv4.1 backchannel transport module.
[    0.213780] PCI: CLS 0 bytes, default 64
[    0.215370] Initialise system trusted keyrings
[    0.225415] workingset: timestamp_bits=14 max_order=17 bucket_order=3
[    0.226854] NFS: Registering the id_resolver key type
[    0.226939] Key type id_resolver registered
[    0.226947] Key type id_legacy registered
[    0.227055] jffs2: version 2.2. (NAND) (SUMMARY)  Â© 2001-2006 Red Hat, Inc.
[    0.227523] Key type asymmetric registered
[    0.227537] Asymmetric key parser 'x509' registered
[    0.227610] io scheduler mq-deadline registered
[    0.227622] io scheduler kyber registered
[    0.227708] io scheduler bfq registered
[    0.229615] target-module@4b000000:target-module@140000:pmu@0:fck: device ID is greater than 24
[    0.235812] l3-aon-clkctrl:0000:0: failed to disable
[    0.236079] ledtrig-cpu: registered to indicate activity on CPUs
[    0.245186] Serial: 8250/16550 driver, 6 ports, IRQ sharing enabled
[    0.285421] brd: module loaded
[    0.312041] loop: module loaded
[    0.312989] mtdoops: mtd device (mtddev=name/number) must be supplied
[    0.314914] mdio_bus fixed-0: using lookup tables for GPIO lookup
[    0.314938] mdio_bus fixed-0: No GPIO consumer reset found
[    0.316383] i2c_dev: i2c /dev entries driver
[    0.317391] cpuidle: enable-method property 'ti,am3352' found operations
[    0.317843] sdhci: Secure Digital Host Controller Interface driver
[    0.317852] sdhci: Copyright(c) Pierre Ossman
[    0.318034] sdhci-pltfm: SDHCI platform and OF driver helper
[    0.319506] hw perfevents: enabled with armv7_cortex_a8 PMU driver, 5 (8000000f) counters available
[    0.320019] Initializing XFRM netlink socket
[    0.320209] NET: Registered PF_INET6 protocol family
[    0.325855] l3-aon-clkctrl:0000:0: failed to disable
[    0.327446] Segment Routing with IPv6
[    0.327530] In-situ OAM (IOAM) with IPv6
[    0.327627] sit: IPv6, IPv4 and MPLS over IPv4 tunneling driver
[    0.328613] NET: Registered PF_PACKET protocol family
[    0.328643] NET: Registered PF_KEY protocol family
[    0.328759] Key type dns_resolver registered
[    0.328989] ThumbEE CPU extension supported.
[    0.329008] Registering SWP/SWPB emulation handler
[    0.329544] omap_voltage_late_init: Voltage driver support not added
[    0.330235] SmartReflex Class3 initialized
[    0.361435] Loading compiled-in X.509 certificates
[    0.407027] /ocp/interconnect@44c00000/segment@200000/target-module@b000/i2c@0/tda19988@70: Fixed dependency cycle(s) with /ocp/interconnect@48000000/segment@300000/target-module@e000/lcdc@0
[    0.413432] /ocp/interconnect@44c00000/segment@200000/target-module@b000/i2c@0/tda19988@70: Fixed dependency cycle(s) with /ocp/interconnect@48000000/segment@300000/target-module@e000/lcdc@0
[    0.419192] gpiochip_find_base_unlocked: found new base at 512
[    0.440767] /ocp/interconnect@44c00000/segment@200000/target-module@b000/i2c@0/tda19988@70: Fixed dependency cycle(s) with /ocp/interconnect@48000000/segment@300000/target-module@e000/lcdc@0
[    0.441677] /ocp/interconnect@44c00000/segment@200000/target-module@b000/i2c@0/tda19988@70: Fixed dependency cycle(s) with /ocp/interconnect@48000000/segment@300000/target-module@e000/lcdc@0
[    0.445472] /ocp/interconnect@44c00000/segment@200000/target-module@10000/scm@0/pinmux@800: Fixed dependency cycle(s) with /ocp/interconnect@44c00000/segment@200000/target-module@10000/scm@0/pinmux@800/clkout2-pins
[    0.446086] pinctrl-single 44e10800.pinmux: 142 pins, size 568
[    0.451407] ti-sysc 44e31000.target-module: probe with driver ti-sysc failed with error -16
[    0.480853] /ocp/interconnect@48000000/segment@300000/target-module@e000/lcdc@0: Fixed dependency cycle(s) with /ocp/interconnect@44c00000/segment@200000/target-module@b000/i2c@0/tda19988@70
[    0.489225] ti-sysc 48040000.target-module: probe with driver ti-sysc failed with error -16
[    0.500850] gpiochip_find_base_unlocked: found new base at 512
[    0.500960] gpio gpiochip0: (gpio-0-31): created GPIO range 0->7 ==> 44e10800.pinmux PIN 0->7
[    0.500980] gpio gpiochip0: (gpio-0-31): created GPIO range 8->11 ==> 44e10800.pinmux PIN 90->93
[    0.500996] gpio gpiochip0: (gpio-0-31): created GPIO range 12->27 ==> 44e10800.pinmux PIN 12->27
[    0.501012] gpio gpiochip0: (gpio-0-31): created GPIO range 28->31 ==> 44e10800.pinmux PIN 30->33
[    0.537585] gpio gpiochip0: (gpio-0-31): added GPIO chardev (254:0)
[    0.537810] gpio gpiochip0: registered GPIOs 512 to 543 on gpio-0-31
[    0.537899] OMAP GPIO hardware version 0.1
[    0.575641] i2c i2c-2: using DT '/ocp/interconnect@48000000/segment@100000/target-module@9c000/i2c@0' for 'scl' GPIO lookup
[    0.575724] of_get_named_gpiod_flags: can't parse 'scl-gpios' property of node '/ocp/interconnect@48000000/segment@100000/target-module@9c000/i2c@0[0]'
[    0.575766] of_get_named_gpiod_flags: can't parse 'scl-gpio' property of node '/ocp/interconnect@48000000/segment@100000/target-module@9c000/i2c@0[0]'
[    0.575803] i2c i2c-2: using lookup tables for GPIO lookup
[    0.575813] i2c i2c-2: No GPIO consumer scl found
[    0.575835] i2c i2c-2: using DT '/ocp/interconnect@48000000/segment@100000/target-module@9c000/i2c@0' for 'sda' GPIO lookup
[    0.575870] of_get_named_gpiod_flags: can't parse 'sda-gpios' property of node '/ocp/interconnect@48000000/segment@100000/target-module@9c000/i2c@0[0]'
[    0.575907] of_get_named_gpiod_flags: can't parse 'sda-gpio' property of node '/ocp/interconnect@48000000/segment@100000/target-module@9c000/i2c@0[0]'
[    0.575938] i2c i2c-2: using lookup tables for GPIO lookup
[    0.575945] i2c i2c-2: No GPIO consumer sda found
[    0.576652] omap_i2c 4819c000.i2c: bus 2 rev0.11 at 100 kHz
[    0.582297] gpiochip_find_base_unlocked: found new base at 544
[    0.582412] gpio gpiochip1: (gpio-32-63): created GPIO range 0->17 ==> 44e10800.pinmux PIN 34->51
[    0.582432] gpio gpiochip1: (gpio-32-63): created GPIO range 18->21 ==> 44e10800.pinmux PIN 77->80
[    0.582449] gpio gpiochip1: (gpio-32-63): created GPIO range 22->31 ==> 44e10800.pinmux PIN 56->65
[    0.598044] gpio gpiochip1: (gpio-32-63): added GPIO chardev (254:1)
[    0.598286] gpio gpiochip1: registered GPIOs 544 to 575 on gpio-32-63
[    0.600578] gpiochip_find_base_unlocked: found new base at 576
[    0.600673] gpio gpiochip2: (gpio-64-95): created GPIO range 0->4 ==> 44e10800.pinmux PIN 66->70
[    0.600693] gpio gpiochip2: (gpio-64-95): created GPIO range 5->6 ==> 44e10800.pinmux PIN 98->99
[    0.600708] gpio gpiochip2: (gpio-64-95): created GPIO range 7->8 ==> 44e10800.pinmux PIN 75->76
[    0.600723] gpio gpiochip2: (gpio-64-95): created GPIO range 13->13 ==> 44e10800.pinmux PIN 141->141
[    0.600739] gpio gpiochip2: (gpio-64-95): created GPIO range 14->21 ==> 44e10800.pinmux PIN 100->107
[    0.601389] gpio gpiochip2: (gpio-64-95): added GPIO chardev (254:2)
[    0.601602] gpio gpiochip2: registered GPIOs 576 to 607 on gpio-64-95
[    0.607533] 48000000.interconnect:segment@200000:target-module@0:mpu@0:fck: device ID is greater than 24
[    0.608442] /ocp/interconnect@48000000/segment@300000/target-module@e000/lcdc@0: Fixed dependency cycle(s) with /ocp/interconnect@44c00000/segment@200000/target-module@b000/i2c@0/tda19988@70
[    0.611269] /ocp/interconnect@48000000/segment@300000/target-module@e000/lcdc@0: Fixed dependency cycle(s) with /ocp/interconnect@44c00000/segment@200000/target-module@b000/i2c@0/tda19988@70
[    0.611994] /ocp/interconnect@44c00000/segment@200000/target-module@b000/i2c@0/tda19988@70: Fixed dependency cycle(s) with /ocp/interconnect@48000000/segment@300000/target-module@e000/lcdc@0
[    0.612157] /ocp/interconnect@48000000/segment@300000/target-module@e000/lcdc@0: Fixed dependency cycle(s) with /ocp/interconnect@44c00000/segment@200000/target-module@b000/i2c@0/tda19988@70
[    0.621959] mdio_bus 4a101000.mdio: using DT '/ocp/interconnect@4a000000/segment@0/target-module@100000/switch@0/mdio@1000' for 'reset' GPIO lookup
[    0.622030] of_get_named_gpiod_flags: can't parse 'reset-gpios' property of node '/ocp/interconnect@4a000000/segment@0/target-module@100000/switch@0/mdio@1000[0]'
[    0.622076] of_get_named_gpiod_flags: can't parse 'reset-gpio' property of node '/ocp/interconnect@4a000000/segment@0/target-module@100000/switch@0/mdio@1000[0]'
[    0.622124] mdio_bus 4a101000.mdio: using lookup tables for GPIO lookup
[    0.622134] mdio_bus 4a101000.mdio: No GPIO consumer reset found
[    0.623060] sdhci-omap 481d8000.mmc: using DT '/ocp/interconnect@48000000/segment@100000/target-module@d8000/mmc@0' for 'wp' GPIO lookup
[    0.623122] of_get_named_gpiod_flags: can't parse 'wp-gpios' property of node '/ocp/interconnect@48000000/segment@100000/target-module@d8000/mmc@0[0]'
[    0.623164] of_get_named_gpiod_flags: can't parse 'wp-gpio' property of node '/ocp/interconnect@48000000/segment@100000/target-module@d8000/mmc@0[0]'
[    0.623199] sdhci-omap 481d8000.mmc: using lookup tables for GPIO lookup
[    0.623209] sdhci-omap 481d8000.mmc: No GPIO consumer wp found
[    0.623399] sdhci-omap 481d8000.mmc: supply pbias not found, using dummy regulator
[    0.623884] sdhci-omap 481d8000.mmc: supply vqmmc not found, using dummy regulator
[    0.666717] davinci_mdio 4a101000.mdio: davinci mdio revision 1.6, bus freq 1000000
[    0.691796] mdio_bus 4a101000.mdio:00: using DT '/ocp/interconnect@4a000000/segment@0/target-module@100000/switch@0/mdio@1000/ethernet-phy@0' for 'reset' GPIO lookup
[    0.691898] of_get_named_gpiod_flags: parsed 'reset-gpios' property of node '/ocp/interconnect@4a000000/segment@0/target-module@100000/switch@0/mdio@1000/ethernet-phy@0[0]' - status (0)
[    0.692058] gpio gpiochip0: Persistence not supported for GPIO 8
[    0.831221] davinci_mdio 4a101000.mdio: phy[0]: device 4a101000.mdio:00, driver SMSC LAN8710/LAN8720
[    0.831998] cpsw-switch 4a100000.switch: initialized cpsw ale version 1.4
[    0.832022] cpsw-switch 4a100000.switch: ALE Table size 1024, Policers 0
[    0.832186] cpsw-switch 4a100000.switch: cpts: overflow check period 500 (jiffies)
[    0.832202] cpsw-switch 4a100000.switch: CPTS: ref_clk_freq:250000000 calc_mult:2147483648 calc_shift:29 error:0 nsec/sec
[    0.832310] cpsw-switch 4a100000.switch: Detected MACID = 6c:ec:eb:68:de:78
[    0.834198] cpsw-switch 4a100000.switch: initialized (regs 0x4a100000, pool size 256) hw_ver:0019010C 1.12 (0)
[    0.845600] debugfs: '49000000.dma' already exists in 'dmaengine'
[    0.845644] edma 49000000.dma: TI EDMA DMA engine driver
[    0.887755] gpio-clk clk_mcasp0: using DT '/clk_mcasp0' for 'enable' GPIO lookup
[    0.887831] of_get_named_gpiod_flags: parsed 'enable-gpios' property of node '/clk_mcasp0[0]' - status (0)
[    0.887876] gpio gpiochip0: Persistence not supported for GPIO 27
[    0.888762] gpiochip_find_base_unlocked: found new base at 608
[    0.888877] gpio gpiochip3: (gpio-96-127): created GPIO range 0->7 ==> 44e10800.pinmux PIN 82->89
[    0.888898] gpio gpiochip3: (gpio-96-127): created GPIO range 8->11 ==> 44e10800.pinmux PIN 52->55
[    0.888913] gpio gpiochip3: (gpio-96-127): created GPIO range 12->15 ==> 44e10800.pinmux PIN 94->97
[    0.888930] gpio gpiochip3: (gpio-96-127): created GPIO range 16->17 ==> 44e10800.pinmux PIN 71->72
[    0.888946] gpio gpiochip3: (gpio-96-127): created GPIO range 18->18 ==> 44e10800.pinmux PIN 135->135
[    0.888963] gpio gpiochip3: (gpio-96-127): created GPIO range 19->20 ==> 44e10800.pinmux PIN 108->109
[    0.888980] gpio gpiochip3: (gpio-96-127): created GPIO range 21->21 ==> 44e10800.pinmux PIN 73->73
[    0.888997] gpio gpiochip3: (gpio-96-127): created GPIO range 22->23 ==> 44e10800.pinmux PIN 8->9
[    0.889014] gpio gpiochip3: (gpio-96-127): created GPIO range 26->27 ==> 44e10800.pinmux PIN 10->11
[    0.889032] gpio gpiochip3: (gpio-96-127): created GPIO range 28->28 ==> 44e10800.pinmux PIN 74->74
