Labgrid Console Logfile for main
Logfile started at 2025-10-10 16:02:21.952503
=== Log starts here ===
reading args
spl_load_image_fat_os: error reading image args, err - -1
reading u-boot.img
reading u-boot.img


U-Boot 2014.04-00014-g47880f5 (Apr 22 2014 - 13:23:54)

I2C:   ready
DRAM:  512 MiB
NAND:  0 MiB
MMC:   OMAP SD/MMC: 0, OMAP SD/MMC: 1
*** Warning - readenv() failed, using default environment

Net:   <ethaddr> not set. Validating first E-fuse MAC
Could not get PHY for cpsw: addr 0
cpsw, usb_ether
Hit any key to stop autoboot:  1  0 
gpio: pin 53 (gpio 53) value is 1
mmc0 is current device
gpio: pin 54 (gpio 54) value is 1
SD/MMC found on device 0
reading uEnv.txt
569 bytes read in 4 ms (138.7 KiB/s)
gpio: pin 55 (gpio 55) value is 1
Loaded environment from uEnv.txt
Importing environment from mmc ...
Checking if uenvcmd is set ...
gpio: pin 56 (gpio 56) value is 1
Running uenvcmd ...
Using cpsw device
TFTP from server 192.168.255.126; our IP address is 192.168.255.1
Filename 'zImage'.
Load address: 0x81000000
Loading: *T T T T T T T T T T T T T T T T T T T Labgrid Console Logfile for main
Logfile started at 2025-10-10 16:04:03.193880
=== Log starts here ===
reading args
spl_load_image_fat_os: error reading image args, err - -1
reading u-boot.img
reading u-boot.img


U-Boot 2014.04-00014-g47880f5 (Apr 22 2014 - 13:23:54)

I2C:   ready
DRAM:  512 MiB
NAND:  0 MiB
MMC:   OMAP SD/MMC: 0, OMAP SD/MMC: 1
*** Warning - readenv() failed, using default environment

Net:   <ethaddr> not set. Validating first E-fuse MAC
cpsw, usb_ether
Hit any key to stop autoboot:  1  0 
gpio: pin 53 (gpio 53) value is 1
mmc0 is current device
gpio: pin 54 (gpio 54) value is 1
SD/MMC found on device 0
reading uEnv.txt
569 bytes read in 4 ms (138.7 KiB/s)
gpio: pin 55 (gpio 55) value is 1
Loaded environment from uEnv.txt
Importing environment from mmc ...
Checking if uenvcmd is set ...
gpio: pin 56 (gpio 56) value is 1
Running uenvcmd ...
cpsw Waiting for PHY auto negotiation to complete. done
link up on port 0, speed 100, full duplex
Using cpsw device
TFTP from server 192.168.255.126; our IP address is 192.168.255.1
Filename 'zImage'.
Load address: 0x81000000
Loading: *T #################################################################
	 #################################################################
	 #################################################################
	 #################################################################
	 #################################################################
	 ###############################################################
	 764.6 KiB/s
done
Bytes transferred = 5683568 (56b970 hex)
link up on port 0, speed 100, full duplex
Using cpsw device
TFTP from server 192.168.255.126; our IP address is 192.168.255.1
Filename 'am335x-boneblack.dtb'.
Load address: 0x82000000
Loading: *#######
	 2.3 MiB/s
done
Bytes transferred = 98148 (17f64 hex)
Kernel image @ 0x81000000 [ 0x000000 - 0x56b970 ]
## Flattened Device Tree blob at 82000000
   Booting using the fdt blob at 0x82000000
   Using Device Tree in place at 82000000, end 8201af63

Starting kernel ...

[    0.000000] Booting Linux on physical CPU 0x0
[    0.000000] Linux version 6.17.0-next-20251010 (user01@drvtest01) (arm-none-eabi-gcc (Arm GNU Toolchain 14.2.Rel1 (Build arm-14.52)) 14.2.1 20241119, GNU ld (Arm GNU Toolchain 14.2.Rel1 (Build arm-14.52)) 2.43.1.20241119) #1 SMP Fri Oct 10 16:00:37 EEST 2025
[    0.000000] CPU: ARMv7 Processor [413fc082] revision 2 (ARMv7), cr=10c5387d
[    0.000000] CPU: PIPT / VIPT nonaliasing data cache, VIPT aliasing instruction cache
[    0.000000] OF: fdt: Machine model: TI AM335x BeagleBone Black
[    0.000000] Memory policy: Data cache writeback
[    0.000000] cma: Reserved 16 MiB at 0x9e800000
[    0.000000] Zone ranges:
[    0.000000]   Normal   [mem 0x0000000080000000-0x000000009fdfffff]
[    0.000000]   HighMem  empty
[    0.000000] Movable zone start for each node
[    0.000000] Early memory node ranges
[    0.000000]   node   0: [mem 0x0000000080000000-0x000000009fdfffff]
[    0.000000] Initmem setup node 0 [mem 0x0000000080000000-0x000000009fdfffff]
[    0.000000] On node 0, zone Normal: 512 pages in unavailable ranges
[    0.000000] OF: reserved mem: Reserved memory: No reserved-memory node in the DT
[    0.000000] CPU: All CPU(s) started in SVC mode.
[    0.000000] AM335X ES2.1 (sgx neon)
[    0.000000] percpu: Embedded 17 pages/cpu s39884 r8192 d21556 u69632
[    0.000000] Kernel command line: console=ttyO0,115200n8 root=/dev/nfs rw nfsroot=192.168.255.126:/home/user01/nfs,nfsvers=3 ip=192.168.255.1:192.168.255.126::255.255.255.0:bbb1:eth0 nfsrootdebug
[    0.000000] Unknown kernel command line parameters "nfsrootdebug", will be passed to user space.
[    0.000000] printk: log buffer data + meta data: 65536 + 204800 = 270336 bytes
[    0.000000] Dentry cache hash table entries: 65536 (order: 6, 262144 bytes, linear)
[    0.000000] Inode-cache hash table entries: 32768 (order: 5, 131072 bytes, linear)
[    0.000000] Built 1 zonelists, mobility grouping on.  Total pages: 130560
[    0.000000] mem auto-init: stack:off, heap alloc:off, heap free:off
[    0.000000] SLUB: HWalign=16, Order=0-3, MinObjects=0, CPUs=1, Nodes=1
[    0.000000] rcu: Hierarchical RCU implementation.
[    0.000000] rcu: 	RCU event tracing is enabled.
[    0.000000] rcu: 	RCU restricting CPUs from NR_CPUS=2 to nr_cpu_ids=1.
[    0.000000] 	Tracing variant of Tasks RCU enabled.
[    0.000000] rcu: RCU calculated value of scheduler-enlistment delay is 10 jiffies.
[    0.000000] rcu: Adjusting geometry for rcu_fanout_leaf=16, nr_cpu_ids=1
[    0.000000] RCU Tasks Trace: Setting shift to 0 and lim to 1 rcu_task_cb_adjust=1 rcu_task_cpu_ids=1.
[    0.000000] NR_IRQS: 16, nr_irqs: 16, preallocated irqs: 16
[    0.000000] IRQ: Found an INTC at 0x(ptrval) (revision 5.0) with 128 interrupts
[    0.000000] rcu: srcu_init: Setting srcu_struct sizes based on contention.
[    0.000000] TI gptimer clocksource: always-on /ocp/interconnect@44c00000/segment@200000/target-module@31000
[    0.000002] sched_clock: 32 bits at 24MHz, resolution 41ns, wraps every 89478484971ns
[    0.000025] clocksource: dmtimer: mask: 0xffffffff max_cycles: 0xffffffff, max_idle_ns: 79635851949 ns
[    0.000489] TI gptimer clockevent: 24000000 Hz at /ocp/interconnect@48000000/segment@0/target-module@40000
[    0.002040] Console: colour dummy device 80x30
[    0.002104] WARNING: Your 'console=ttyO0' has been replaced by 'ttyS0'
[    0.002112] This ensures that you still see kernel messages. Please
[    0.002116] update your kernel commandline.
[    0.002159] Calibrating delay loop... 996.14 BogoMIPS (lpj=4980736)
[    0.090537] CPU: Testing write buffer coherency: ok
[    0.090651] CPU0: Spectre v2: using BPIALL workaround
[    0.090661] pid_max: default: 32768 minimum: 301
[    0.090836] LSM: initializing lsm=capability
[    0.090996] Mount-cache hash table entries: 1024 (order: 0, 4096 bytes, linear)
[    0.091015] Mountpoint-cache hash table entries: 1024 (order: 0, 4096 bytes, linear)
[    0.092589] CPU0: thread -1, cpu 0, socket -1, mpidr 0
[    0.092647] cacheinfo: Unable to detect cache hierarchy for CPU 0
[    0.094649] Setting up static identity map for 0x80100000 - 0x80100078
[    0.094956] rcu: Hierarchical SRCU implementation.
[    0.094965] rcu: 	Max phase no-delay instances is 1000.
[    0.096650] smp: Bringing up secondary CPUs ...
[    0.096703] smp: Brought up 1 node, 1 CPU
[    0.096716] SMP: Total of 1 processors activated (996.14 BogoMIPS).
[    0.096727] CPU: All CPU(s) started in SVC mode.
[    0.096926] Memory: 480864K/522240K available (11264K kernel code, 1226K rwdata, 2952K rodata, 1024K init, 256K bss, 23336K reserved, 16384K cma-reserved, 0K highmem)
[    0.097755] devtmpfs: initialized
[    0.115268] VFP support v0.3: implementor 41 architecture 3 part 30 variant c rev 3
[    0.115915] clocksource: jiffies: mask: 0xffffffff max_cycles: 0xffffffff, max_idle_ns: 19112604462750000 ns
[    0.115970] posixtimers hash table entries: 512 (order: 0, 4096 bytes, linear)
[    0.115997] futex hash table entries: 256 (16384 bytes on 1 NUMA nodes, total 16 KiB, linear).
[    0.117126] pinctrl core: initialized pinctrl subsystem
[    0.119219] NET: Registered PF_NETLINK/PF_ROUTE protocol family
[    0.122282] DMA: preallocated 256 KiB pool for atomic coherent allocations
[    0.122878] audit: initializing netlink subsys (disabled)
[    0.124219] thermal_sys: Registered thermal governor 'fair_share'
[    0.124233] thermal_sys: Registered thermal governor 'step_wise'
[    0.124242] thermal_sys: Registered thermal governor 'user_space'
[    0.124346] audit: type=2000 audit(0.120:1): state=initialized audit_enabled=0 res=1
[    0.124415] cpuidle: using governor menu
[    0.142286] /ocp/interconnect@44c00000/segment@200000/target-module@b000/i2c@0/tda19988@70: Fixed dependency cycle(s) with /ocp/interconnect@48000000/segment@300000/target-module@e000/lcdc@0
[    0.143401] /ocp/interconnect@48000000/segment@300000/target-module@e000/lcdc@0: Fixed dependency cycle(s) with /ocp/interconnect@44c00000/segment@200000/target-module@b000/i2c@0/tda19988@70
[    0.145608] No ATAGs?
[    0.145646] hw-breakpoint: debug architecture 0x4 unsupported.
[    0.148710] kprobes: kprobe jump-optimization is enabled. All kprobes are optimized if possible.
[    0.153802] iommu: Default domain type: Translated
[    0.153824] iommu: DMA domain TLB invalidation policy: strict mode
[    0.161704] SCSI subsystem initialized
[    0.162562] pps_core: LinuxPPS API ver. 1 registered
[    0.162572] pps_core: Software ver. 5.3.6 - Copyright 2005-2007 Rodolfo Giometti <giometti@linux.it>
[    0.162596] PTP clock support registered
[    0.171124] vgaarb: loaded
[    0.171500] clocksource: Switched to clocksource dmtimer
[    0.172170] VFS: Disk quotas dquot_6.6.0
[    0.172232] VFS: Dquot-cache hash table entries: 1024 (order 0, 4096 bytes)
[    0.196896] NET: Registered PF_INET protocol family
[    0.197235] IP idents hash table entries: 8192 (order: 4, 65536 bytes, linear)
[    0.198675] tcp_listen_portaddr_hash hash table entries: 512 (order: 0, 4096 bytes, linear)
[    0.198710] Table-perturb hash table entries: 65536 (order: 6, 262144 bytes, linear)
[    0.198727] TCP established hash table entries: 4096 (order: 2, 16384 bytes, linear)
[    0.198771] TCP bind hash table entries: 4096 (order: 4, 65536 bytes, linear)
[    0.198871] TCP: Hash tables configured (established 4096 bind 4096)
[    0.199000] UDP hash table entries: 256 (order: 1, 14336 bytes, linear)
[    0.199034] UDP-Lite hash table entries: 256 (order: 1, 14336 bytes, linear)
[    0.199237] NET: Registered PF_UNIX/PF_LOCAL protocol family
[    0.202705] RPC: Registered named UNIX socket transport module.
[    0.202728] RPC: Registered udp transport module.
[    0.202733] RPC: Registered tcp transport module.
[    0.202738] RPC: Registered tcp-with-tls transport module.
[    0.202743] RPC: Registered tcp NFSv4.1 backchannel transport module.
[    0.202769] PCI: CLS 0 bytes, default 64
[    0.204175] Initialise system trusted keyrings
[    0.212231] workingset: timestamp_bits=14 max_order=17 bucket_order=3
[    0.213669] NFS: Registering the id_resolver key type
[    0.213756] Key type id_resolver registered
[    0.213764] Key type id_legacy registered
[    0.213880] jffs2: version 2.2. (NAND) (SUMMARY)  Â© 2001-2006 Red Hat, Inc.
[    0.214351] Key type asymmetric registered
[    0.214368] Asymmetric key parser 'x509' registered
[    0.214447] io scheduler mq-deadline registered
[    0.214457] io scheduler kyber registered
[    0.214541] io scheduler bfq registered
[    0.216400] target-module@4b000000:target-module@140000:pmu@0:fck: device ID is greater than 24
[    0.221742] ledtrig-cpu: registered to indicate activity on CPUs
[    0.232129] Serial: 8250/16550 driver, 6 ports, IRQ sharing enabled
[    0.267207] brd: module loaded
[    0.287566] loop: module loaded
[    0.288494] mtdoops: mtd device (mtddev=name/number) must be supplied
[    0.291615] i2c_dev: i2c /dev entries driver
[    0.292671] cpuidle: enable-method property 'ti,am3352' found operations
[    0.293126] sdhci: Secure Digital Host Controller Interface driver
[    0.293136] sdhci: Copyright(c) Pierre Ossman
[    0.293326] sdhci-pltfm: SDHCI platform and OF driver helper
[    0.301937] hw perfevents: enabled with armv7_cortex_a8 PMU driver, 5 (8000000f) counters available
[    0.302493] Initializing XFRM netlink socket
[    0.302665] NET: Registered PF_INET6 protocol family
[    0.304656] Segment Routing with IPv6
[    0.304739] In-situ OAM (IOAM) with IPv6
[    0.304832] sit: IPv6, IPv4 and MPLS over IPv4 tunneling driver
[    0.305788] NET: Registered PF_PACKET protocol family
[    0.305816] NET: Registered PF_KEY protocol family
[    0.305940] Key type dns_resolver registered
[    0.306171] ThumbEE CPU extension supported.
[    0.306190] Registering SWP/SWPB emulation handler
[    0.306716] omap_voltage_late_init: Voltage driver support not added
[    0.307371] SmartReflex Class3 initialized
[    0.343357] Loading compiled-in X.509 certificates
[    0.380622] /ocp/interconnect@44c00000/segment@200000/target-module@b000/i2c@0/tda19988@70: Fixed dependency cycle(s) with /ocp/interconnect@48000000/segment@300000/target-module@e000/lcdc@0
[    0.387121] /ocp/interconnect@44c00000/segment@200000/target-module@b000/i2c@0/tda19988@70: Fixed dependency cycle(s) with /ocp/interconnect@48000000/segment@300000/target-module@e000/lcdc@0
[    0.429743] /ocp/interconnect@44c00000/segment@200000/target-module@b000/i2c@0/tda19988@70: Fixed dependency cycle(s) with /ocp/interconnect@48000000/segment@300000/target-module@e000/lcdc@0
[    0.430624] /ocp/interconnect@44c00000/segment@200000/target-module@b000/i2c@0/tda19988@70: Fixed dependency cycle(s) with /ocp/interconnect@48000000/segment@300000/target-module@e000/lcdc@0
[    0.434437] /ocp/interconnect@44c00000/segment@200000/target-module@10000/scm@0/pinmux@800: Fixed dependency cycle(s) with /ocp/interconnect@44c00000/segment@200000/target-module@10000/scm@0/pinmux@800/clkout2-pins
[    0.435039] pinctrl-single 44e10800.pinmux: 142 pins, size 568
[    0.440318] ti-sysc 44e31000.target-module: probe with driver ti-sysc failed with error -16
[    0.478937] /ocp/interconnect@48000000/segment@300000/target-module@e000/lcdc@0: Fixed dependency cycle(s) with /ocp/interconnect@44c00000/segment@200000/target-module@b000/i2c@0/tda19988@70
[    0.487280] ti-sysc 48040000.target-module: probe with driver ti-sysc failed with error -16
[    0.526321] OMAP GPIO hardware version 0.1
[    0.562108] omap_i2c 4819c000.i2c: bus 2 rev0.11 at 100 kHz
[    0.595987] 48000000.interconnect:segment@200000:target-module@0:mpu@0:fck: device ID is greater than 24
[    0.596900] /ocp/interconnect@48000000/segment@300000/target-module@e000/lcdc@0: Fixed dependency cycle(s) with /ocp/interconnect@44c00000/segment@200000/target-module@b000/i2c@0/tda19988@70
[    0.599716] /ocp/interconnect@48000000/segment@300000/target-module@e000/lcdc@0: Fixed dependency cycle(s) with /ocp/interconnect@44c00000/segment@200000/target-module@b000/i2c@0/tda19988@70
[    0.600409] /ocp/interconnect@44c00000/segment@200000/target-module@b000/i2c@0/tda19988@70: Fixed dependency cycle(s) with /ocp/interconnect@48000000/segment@300000/target-module@e000/lcdc@0
[    0.600585] /ocp/interconnect@48000000/segment@300000/target-module@e000/lcdc@0: Fixed dependency cycle(s) with /ocp/interconnect@44c00000/segment@200000/target-module@b000/i2c@0/tda19988@70
[    0.608307] sdhci-omap 481d8000.mmc: supply pbias not found, using dummy regulator
[    0.608795] sdhci-omap 481d8000.mmc: supply vqmmc not found, using dummy regulator
[    0.700412] davinci_mdio 4a101000.mdio: davinci mdio revision 1.6, bus freq 1000000
[    0.841289] davinci_mdio 4a101000.mdio: phy[0]: device 4a101000.mdio:00, driver SMSC LAN8710/LAN8720
[    0.842148] cpsw-switch 4a100000.switch: initialized cpsw ale version 1.4
[    0.842172] cpsw-switch 4a100000.switch: ALE Table size 1024, Policers 0
[    0.856168] cpsw-switch 4a100000.switch: cpts: overflow check period 500 (jiffies)
[    0.856194] cpsw-switch 4a100000.switch: CPTS: ref_clk_freq:250000000 calc_mult:2147483648 calc_shift:29 error:0 nsec/sec
[    0.856300] cpsw-switch 4a100000.switch: Detected MACID = 6c:ec:eb:68:de:78
[    0.858182] cpsw-switch 4a100000.switch: initialized (regs 0x4a100000, pool size 256) hw_ver:0019010C 1.12 (0)
[    0.870492] debugfs: '49000000.dma' already exists in 'dmaengine'
[    0.870536] edma 49000000.dma: TI EDMA DMA engine driver
[    0.963435] 44e09000.serial: ttyS0 at MMIO 0x44e09000 (irq = 34, base_baud = 3000000) is a 8250
[    0.963527] printk: legacy console [ttyS0] enabled
[    2.432464] tps65217-pmic: Failed to locate of_node [id: -1]
[    2.438532] tps65217-bl: Failed to locate of_node [id: -1]
[    2.444594] platform tps65217-charger: DMA mask not set
[    2.450623] platform tps65217-pwrbutton: DMA mask not set
[    2.457893] tps65217 0-0024: TPS65217 ID 0xe version 1.2
[    2.464020] /ocp/interconnect@48000000/segment@300000/target-module@e000/lcdc@0: Fixed dependency cycle(s) with /ocp/interconnect@44c00000/segment@200000/target-module@b000/i2c@0/tda19988@70
[    2.481444] /ocp/interconnect@44c00000/segment@200000/target-module@b000/i2c@0/tda19988@70: Fixed dependency cycle(s) with /ocp/interconnect@48000000/segment@300000/target-module@e000/lcdc@0
[    2.498876] omap_i2c 44e0b000.i2c: bus 0 rev0.11 at 400 kHz
[    2.506873] omap_gpio 44e07000.gpio: Could not set line 6 debounce to 200000 microseconds (-22)
[    2.515761] sdhci-omap 48060000.mmc: Got CD GPIO
[    2.520766] sdhci-omap 48060000.mmc: supply pbias not found, using dummy regulator
[    2.530982] sdhci-omap 48060000.mmc: supply vqmmc not found, using dummy regulator
[    2.539880] sdhci-omap 481d8000.mmc: supply pbias not found, using dummy regulator
[    2.548511] sdhci-omap 481d8000.mmc: supply vqmmc not found, using dummy regulator
[    2.587082] mmc1: SDHCI controller on 481d8000.mmc [481d8000.mmc] using External DMA
[    2.596140] mmc0: SDHCI controller on 48060000.mmc [48060000.mmc] using External DMA
[    2.605024] cpsw-switch 4a100000.switch: starting ndev. mode: dual_mac
[    2.671832] mmc1: new high speed MMC card at address 0001
[    2.678668] mmcblk1: mmc1:0001 MMC04G 3.60 GiB
[    2.686579]  mmcblk1: p1 p2
[    2.690327] SMSC LAN8710/LAN8720 4a101000.mdio:00: attached PHY driver (mii_bus:phy_addr=4a101000.mdio:00, irq=POLL)
[    2.702985] mmcblk1boot0: mmc1:0001 MMC04G 2.00 MiB
[    2.716807] mmcblk1boot1: mmc1:0001 MMC04G 2.00 MiB
[    2.725540] mmcblk1rpmb: mmc1:0001 MMC04G 128 KiB, chardev (249:0)
[    2.775018] mmc0: new high speed SDHC card at address aaaa
[    2.781976] mmcblk0: mmc0:aaaa SE32G 29.7 GiB
[    2.791055]  mmcblk0: p1 p2
[    5.842258] cpsw-switch 4a100000.switch eth0: Link is Up - 100Mbps/Full - flow control off
[    5.871511] IP-Config: Complete:
[    5.874781]      device=eth0, hwaddr=6c:ec:eb:68:de:78, ipaddr=192.168.255.1, mask=255.255.255.0, gw=255.255.255.255
[    5.885424]      host=bbb1, domain=, nis-domain=(none)
[    5.890593]      bootserver=192.168.255.126, rootserver=192.168.255.126, rootpath=
[    5.891011] clk: Disabling unused clocks
[    5.902859] PM: genpd: Disabling unused power domains
[    5.908007] KTAP version 1
[    5.910728] 1..0
[    5.913482] check access for rdinit=/init failed: -2, ignoring
[    5.945102] VFS: Mounted root (nfs filesystem) on device 0:17.
[    5.952028] devtmpfs: mounted
[    5.956534] Freeing unused kernel image (initmem) memory: 1024K
[    5.963390] Run /sbin/init as init process
[    6.649055] systemd[1]: System time before build time, advancing clock.
[    8.181519] random: crng init done
[    8.214245] systemd[1]: systemd 232 running in system mode. (+PAM +AUDIT +SELINUX +IMA +APPARMOR +SMACK +SYSVINIT +UTMP +LIBCRYPTSETUP +GCRYPT +GNUTLS +ACL +XZ +LZ4 +SECCOMP +BLKID +ELFUTILS +KMOD +IDN)
[    8.233363] systemd[1]: Detected architecture arm.

Welcome to [1mDebian GNU/Linux 9 (stretch)[0m!

[    8.264913] systemd[1]: Set hostname to <arm>.
[    9.380524] systemd[1]: Started Forward Password Requests to Wall Directory Watch.
[[0;32m  OK  [0m] Started Forward Password Requests to Wall Directory Watch.
[    9.411843] systemd[1]: Reached target Swap.
[[0;32m  OK  [0m] Reached target Swap.
[    9.435668] systemd[1]: Listening on udev Control Socket.
[[0;32m  OK  [0m] Listening on udev Control Socket.
[    9.463345] systemd[1]: systemd-journald.socket: SO_PASSSEC failed: Operation not supported
[    9.472245] systemd[1]: systemd-journald.socket: SO_PASSSEC failed: Operation not supported
[    9.480830] systemd[1]: Listening on Journal Socket.
[[0;32m  OK  [0m] Listening on Journal Socket.
[    9.501954] systemd[1]: Reached target Remote File Systems.
[[0;32m  OK  [0m] Reached target Remote File Systems.
[[0;32m  OK  [0m] Listening on /dev/initctl Compatibility Named Pipe.
[[0;32m  OK  [0m] Listening on Journal Audit Socket.
[[0;32m  OK  [0m] Started Dispatch Password Requests to Console Directory Watch.
[[0;32m  OK  [0m] Reached target Encrypted Volumes.
[[0;32m  OK  [0m] Listening on Syslog Socket.
[[0;32m  OK  [0m] Listening on Journal Socket (/dev/log).
[[0;32m  OK  [0m] Created slice System Slice.
         Starting Journal Service...
[[0;32m  OK  [0m] Created slice system-getty.slice.
         Starting Create list of required stâ€¦ce nodes for the current kernel...
[[0;32m  OK  [0m] Created slice system-serial\x2dgetty.slice.
         Mounting Debug File System...
         Mounting POSIX Message Queue File System...
         Starting Load Kernel Modules...
         Starting Remount Root and Kernel File Systems...
[[0;32m  OK  [0m] Set up automount Arbitrary Executabâ€¦rmats File System Automount Point.
[[0;32m  OK  [0m] Created slice User and Session Slice.
[[0;32m  OK  [0m] Reached target Slices.
[[0;32m  OK  [0m] Reached target Paths.
[[0;32m  OK  [0m] Listening on udev Kernel Socket.
[[0;32m  OK  [0m] Mounted POSIX Message Queue File System.
[[0;32m  OK  [0m] Mounted Debug File System.
[[0;32m  OK  [0m] Started Create list of required staâ€¦vice nodes for the current kernel.
         Starting Create Static Device Nodes in /dev...
[[0;32m  OK  [0m] Started Remount Root and Kernel File Systems.
[[0;32m  OK  [0m] Started Load Kernel Modules.
         Mounting Configuration File System...
         Starting Apply Kernel Variables...
         Starting udev Coldplug all Devices...
         Starting Load/Save Random Seed...
[[0;32m  OK  [0m] Mounted Configuration File System.
[[0;32m  OK  [0m] Started Apply Kernel Variables.
[[0;32m  OK  [0m] Started Load/Save Random Seed.
[[0;32m  OK  [0m] Started Journal Service.
         Starting Flush Journal to Persistent Storage...
[[0;32m  OK  [0m] Started Create Static Device Nodes in /dev.
[[0;32m  OK  [0m] Reached target Local File Systems (Pre).
[[0;32m  OK  [0m] Reached target Local File Systems.
         Starting Raise network interfaces...
         Starting udev Kernel Device Manager...
[   11.440301] systemd-journald[75]: Received request to flush runtime journal from PID 1
[[0;32m  OK  [0m] Started Flush Journal to Persistent Storage.
         Starting Create Volatile Files and Directories...
[[0;32m  OK  [0m] Started udev Kernel Device Manager.
[   12.642020] omap_prm 44e00d00.prm: sync_state() pending due to 44d00000.cpu
[[0;32m  OK  [0m] Started Create Volatile Files and Directories.
         Starting Network Time Synchronization...
         Starting Update UTMP about System Boot/Shutdown...
[[0;32m  OK  [0m] Started Update UTMP about System Boot/Shutdown.
[[0;32m  OK  [0m] Started udev Coldplug all Devices.
[[0;32m  OK  [0m] Started Network Time Synchronization.
[[0;32m  OK  [0m] Reached target System Time Synchronized.
[[0;32m  OK  [0m] Reached target System Initialization.
[[0;32m  OK  [0m] Started Daily Cleanup of Temporary Directories.
[[0;32m  OK  [0m] Listening on Avahi mDNS/DNS-SD Stack Activation Socket.
[[0;32m  OK  [0m] Started Daily apt download activities.
[[0;32m  OK  [0m] Started Daily apt upgrade and clean activities.
[[0;32m  OK  [0m] Reached target Timers.
[[0;32m  OK  [0m] Listening on D-Bus System Message Bus Socket.
[   14.956855] remoteproc remoteproc0: wkup_m3 is available
[[0;32m  OK  [0m] Reached target Sockets.
[[0;32m  OK  [0m] Reached target Basic System.
         Starting Telephony service...
[[0;32m  OK  [0m] Started Regular background program processing daemon.
         Starting LSB: Load kernel modules needed to enable cpufreq scaling...
         Starting Avahi mDNS/DNS-SD Stack...
         Starting Generic Board Startup...
[   15.699608] am335x-phy-driver 47401300.usb-phy: dummy supplies not allowed for exclusive requests (id=vbus)
         Starting System Logging Service...
         Starting Cape Manager Service...
[   15.966478] am335x-phy-driver 47401b00.usb-phy: dummy supplies not allowed for exclusive requests (id=vbus)
[   16.016596] at24 2-0054: supply vcc not found, using dummy regulator
[   16.054517] input: tps65217_pwrbutton as /devices/platform/ocp/44c00000.interconnect/44c00000.interconnect:segment@200000/44e0b000.target-module/44e0b000.i2c/i2c-0/0-0024/tps65217-pwrbutton/input/input0
[   16.139956] usbcore: registered new interface driver usbfs
[   16.145867] usbcore: registered new interface driver hub
[   16.151326] usbcore: registered new device driver usb
         Starting LSB: Start busybox udhcpd at boot time...
[   16.183017] at24 2-0055: supply vcc not found, using dummy regulator
[   16.318348] at24 2-0056: supply vcc not found, using dummy regulator
[[0;32m  OK  [0m] Started D-Bus System Message Bus.
[   16.475930] at24 2-0057: supply vcc not found, using dummy regulator
[   16.584680] at24 0-0050: 32768 byte 24c256 EEPROM, writable, 1 bytes/write
[   16.631349] omap_rtc 44e3e000.rtc: registered as rtc0
[   16.636759] omap_rtc 44e3e000.rtc: setting system clock to 2000-01-01T00:00:00 UTC (946684800)
[   17.082051] omap_wdt: OMAP Watchdog Timer Rev 0x01: initial timeout 60 sec
[   17.609008] musb-hdrc musb-hdrc.1: MUSB HDRC host driver
[   17.614649] musb-hdrc musb-hdrc.1: new USB bus registered, assigned bus number 1
[   17.919131] usb usb1: New USB device found, idVendor=1d6b, idProduct=0002, bcdDevice= 6.17
[   17.927810] usb usb1: New USB device strings: Mfr=3, Product=2, SerialNumber=1
[   17.935158] usb usb1: Product: MUSB HDRC host driver
[   17.940154] usb usb1: Manufacturer: Linux 6.17.0-next-20251010 musb-hcd
[   17.946834] usb usb1: SerialNumber: musb-hdrc.1
[   18.462132] hub 1-0:1.0: USB hub found
[   18.518737] hub 1-0:1.0: 1 port detected
[   18.885770] tda998x 0-0070: found TDA19988
[   18.985767] omap-mailbox 480c8000.mailbox: omap mailbox rev 0x400
[   19.034158] remoteproc remoteproc0: powering up wkup_m3
[   19.231121] remoteproc remoteproc0: Direct firmware load for am335x-pm-firmware.elf failed with error -2
[   19.240854] remoteproc remoteproc0: request_firmware failed: -2
[   19.246880] wkup_m3_ipc 44e11324.wkup_m3_ipc: rproc_boot failed
[[0;32m  OK  [0m] Started Avahi mDNS/DNS-SD Stack.
[[0;32m  OK  [0m] Started Telephony service.
[   21.096109] ------------[ cut here ]------------
[   21.100805] WARNING: net/8021q/vlan_core.c:236 at vlan_for_each+0x114/0x134, CPU#0: avahi-daemon/168
[   21.110196] RTNL: assertion failed at net/8021q/vlan_core.c (236)
[   21.116388] Modules linked in: snd_soc_davinci_mcasp snd_soc_ti_udma snd_soc_ti_edma snd_soc_ti_sdma snd_soc_core omap_mailbox snd_pcm_dmaengine tda998x snd_pcm cec snd_timer snd drm_kms_helper soundcore musb_dsps drm musb_hdrc omap_wdt udc_core watchdog rtc_omap wkup_m3_ipc drm_panel_orientation_quirks at24 tps65218_pwrbutton usbcore phy_am335x phy_am335x_control phy_generic cppi41 usb_common wkup_m3_rproc leds_gpio led_class cpufreq_dt autofs4
[   21.156309] CPU: 0 UID: 107 PID: 168 Comm: avahi-daemon Not tainted 6.17.0-next-20251010 #1 NONE 
[   21.156329] Hardware name: Generic AM33XX (Flattened Device Tree)
[   21.156337] Call trace: 
[   21.156353]  unwind_backtrace from show_stack+0x10/0x14
[   21.156392]  show_stack from dump_stack_lvl+0x50/0x64
[   21.156417]  dump_stack_lvl from __warn+0x88/0x148
[   21.156435]  __warn from warn_slowpath_fmt+0x19c/0x1b0
[   21.156449]  warn_slowpath_fmt from vlan_for_each+0x114/0x134
[   21.156471]  vlan_for_each from cpsw_add_mc_addr+0x40/0xa4
[   21.156497]  cpsw_add_mc_addr from __hw_addr_ref_sync_dev+0x108/0x140
[   21.156527]  __hw_addr_ref_sync_dev from __dev_mc_add+0x7c/0x80
[   21.156550]  __dev_mc_add from igmp6_group_added+0xc8/0xe0
[   21.156578]  igmp6_group_added from __ipv6_dev_mc_inc+0x218/0x364
[   21.156596]  __ipv6_dev_mc_inc from __ipv6_sock_mc_join+0x11c/0x1c0
[   21.156615]  __ipv6_sock_mc_join from do_ipv6_setsockopt+0x1214/0x1310
[   21.156647]  do_ipv6_setsockopt from ipv6_setsockopt+0x60/0xcc
[   21.156669]  ipv6_setsockopt from udpv6_setsockopt+0x2c/0x6c
[   21.156687]  udpv6_setsockopt from sock_common_setsockopt+0x30/0x40
[   21.156717]  sock_common_setsockopt from do_sock_setsockopt+0x50/0x9c
[   21.156739]  do_sock_setsockopt from __sys_setsockopt+0x70/0xbc
[   21.156758]  __sys_setsockopt from ret_fast_syscall+0x0/0x58
[   21.156776] Exception stack(0xe0159fa8 to 0xe0159ff0)
[   21.156790] 9fa0:                   00000014 b6f14ce8 0000000d 00000029 00000014 beb819ec
[   21.156801] 9fc0: 00000014 b6f14ce8 00000014 00000126 0000000d b6ebdff4 0050e988 004f6558
[   21.156811] 9fe0: b6ed3088 beb819d8 b6eb0309 b6d8741a
[   21.156818] ---[ end trace 0000000000000000 ]---
         Starting Connection service...
         Starting Login Service...
[   21.673188] tilcdc 4830e000.lcdc: bound 0-0070 (ops 0xbf1d00f8)
         Starting DUN service...
[[0;32m  OK  [0m] Started System Logging Service.
[   21.889593] [drm] Initialized tilcdc 1.0.0 for 4830e000.lcdc on minor 0
[[0;32m  OK  [0m] Started Cape Manager Service.
[   21.983190] tilcdc 4830e000.lcdc: [drm] Cannot find any crtc or sizes
[   21.998645] tilcdc 4830e000.lcdc: [drm] Cannot find any crtc or sizes
[   22.096444] omap_rng 48310000.rng: Random Number Generator ver. 20
[[0;32m  OK  [0m] Found device /dev/ttyS0.
[   23.593435] PM: Cannot get wkup_m3_ipc handle
[   23.608921] omap-sham 53100000.sham: hw accel on OMAP rev 4.3
[   23.648611] Bluetooth: Core ver 2.22
[   23.652621] NET: Registered PF_BLUETOOTH protocol family
[   23.658144] Bluetooth: HCI device and connection manager initialized
[   23.664675] Bluetooth: HCI socket layer initialized
[   23.669593] Bluetooth: L2CAP socket layer initialized
[   23.674767] Bluetooth: SCO socket layer initialized
[   23.759354] omap-aes 53500000.aes: OMAP AES hw accel rev: 3.2
[   23.778616] omap-sham 53100000.sham: will run requests pump with realtime priority
[   23.788094] PM: Cannot get wkup_m3_ipc handle
[   23.879860] omap-aes 53500000.aes: will run requests pump with realtime priority
[   23.888734] PM: Cannot get wkup_m3_ipc handle
[   27.568668] gpio-537 (nxp,calib): gpiod_direction_output_nonotify: tried to set a GPIO tied to an IRQ as output
[   27.586159] PM: Cannot get wkup_m3_ipc handle
[   27.725564] PM: Cannot get wkup_m3_ipc handle
[[0;32m  OK  [0m] Started LSB: Start busybox udhcpd at boot time.
[   27.882391] tda9950 0-0034: TDA9950 CEC interface, hardware version 3.3
[   27.959588] PM: Cannot get wkup_m3_ipc handle
[[0;32m  OK  [0m] Started Raise network interfaces.
[[0;32m  OK  [0m] Started LSB: Load kernel modules needed to enable cpufreq scaling.
[   29.339965] configfs-gadget.g_multi gadget.0: HOST MAC 1c:ba:8c:a2:ed:6c
[   29.346970] configfs-gadget.g_multi gadget.0: MAC 1c:ba:8c:a2:ed:70
[   29.354303] configfs-gadget.g_multi gadget.0: HOST MAC 1c:ba:8c:a2:ed:6c
[   29.361065] configfs-gadget.g_multi gadget.0: MAC 1c:ba:8c:a2:ed:6d
[   29.370838] PM: Cannot get wkup_m3_ipc handle
[[0;32m  OK  [0m] Started DUN service.
[[0;32m  OK  [0m] Started Connection service.
[[0;32m  OK  [0m] Started Login Service.
         Starting Hostname Service...
         Starting WPA supplicant...
[[0;32m  OK  [0m] Reached target Sound Card.
         Starting LSB: set CPUFreq kernel parameters...
[[0;32m  OK  [0m] Started WPA supplicant.
[[0;32m  OK  [0m] Started Hostname Service.
[[0;32m  OK  [0m] Reached target Network.
         Starting OpenBSD Secure Shell server...
[[0;32m  OK  [0m] Reached target Network is Online.
         Starting LSB: Advanced IEEE 802.11 management daemon...
         Starting The Apache HTTP Server...
         Starting Permit User Sessions...
[[0;32m  OK  [0m] Started LSB: set CPUFreq kernel parameters.
[[0;32m  OK  [0m] Started LSB: Advanced IEEE 802.11 management daemon.
[[0;32m  OK  [0m] Started Permit User Sessions.
[[0;32m  OK  [0m] Started Getty on tty1.
[[0;32m  OK  [0m] Started Serial Getty on ttyS0.
[[0;32m  OK  [0m] Reached target Login Prompts.
         Stopping LSB: Start busybox udhcpd at boot time...
[[0;32m  OK  [0m] Stopped LSB: Start busybox udhcpd at boot time.
[[0;32m  OK  [0m] Started OpenBSD Secure Shell server.
         Starting dnsmasq - A lightweight DHCP and caching DNS server...
[[0;32m  OK  [0m] Started The Apache HTTP Server.
[[0;32m  OK  [0m] Started dnsmasq - A lightweight DHCP and caching DNS server.
[[0;32m  OK  [0m] Reached target Host and Network Name Lookups.
[[0;32m  OK  [0m] Started Serial Getty on ttyGS0.
[[0;32m  OK  [0m] Started Generic Board Startup.
[[0;32m  OK  [0m] Reached target Multi-User System.
[[0;32m  OK  [0m] Reached target Graphical Interface.
         Starting Update UTMP about System Runlevel Changes...
[[0;32m  OK  [0m] Started Update UTMP about System Runlevel Changes.

Debian GNU/Linux 9 arm ttyS0

default username:password is [debian:temppwd]

arm login: root
Password: 
Last login: Sat Jan  1 00:00:31 UTC 2000 on ttyS0
root
Linux arm 6.17.0-next-20251010 #1 SMP Fri Oct 10 16:00:37 EEST 2025 armv7l

The programs included with the Debian GNU/Linux system are free software;
the exact distribution terms for each program are described in the
individual files in /usr/share/doc/*/copyright.

Debian GNU/Linux comes with ABSOLUTELY NO WARRANTY, to the extent
permitted by applicable law.
root@arm:~# root
-bash: root: command not found
root@arm:~# dmesg -n 1
root@arm:~# echo 'KEMJ''CFVPKW'
KEMJCFVPKW
root@arm:~# run() { echo -n "$MARKER"; sh -c "$@"; echo "$MARKER $?"; }
root@arm:~# echo 'OTWS''OFSMMC'
OTWSOFSMMC
root@arm:~# MARKER='NYZQ''KTZKAZ' run 'cat /proc/version'
NYZQKTZKAZLinux version 6.17.0-next-20251010 (user01@drvtest01) (arm-none-eabi-gcc (Arm GNU Toolchain 14.2.Rel1 (Build arm-14.52)) 14.2.1 20241119, GNU ld (Arm GNU Toolchain 14.2.Rel1 (Build arm-14.52)) 2.43.1.20241119) #1 SMP Fri Oct 10 16:00:37 EEST 2025
NYZQKTZKAZ 0
root@arm:~# echo 'PQBG''SWJFZQ'
PQBGSWJFZQ
root@arm:~# MARKER='CVHJ''ZAPOFX' run false
CVHJZAPOFXCVHJZAPOFX 1
root@arm:~# Labgrid Console Logfile for main
Logfile started at 2025-10-10 16:05:12.179891
=== Log starts here ===

root@arm:~# run() { echo -n "$MARKER"; sh -c "$@"; echo "$MARKER $?"; }
root@arm:~# echo 'XEUV''HHJFMB'
XEUVHHJFMB
root@arm:~# MARKER='HLFV''XOUXCP' run 'ls /iio_generic_buffer; echo $?'
HLFVXOUXCP/iio_generic_buffer
0
HLFVXOUXCP 0
root@arm:~# Labgrid Console Logfile for main
Logfile started at 2025-10-10 16:05:15.551877
=== Log starts here ===

root@arm:~# run() { echo -n "$MARKER"; sh -c "$@"; echo "$MARKER $?"; }
root@arm:~# echo 'XNWF''FMXHET'
XNWFFMXHET
root@arm:~# MARKER='KLLO''FLGNPG' run dmesg
KLLOFLGNPG[    0.000000] Booting Linux on physical CPU 0x0
[    0.000000] Linux version 6.17.0-next-20251010 (user01@drvtest01) (arm-none-eabi-gcc (Arm GNU Toolchain 14.2.Rel1 (Build arm-14.52)) 14.2.1 20241119, GNU ld (Arm GNU Toolchain 14.2.Rel1 (Build arm-14.52)) 2.43.1.20241119) #1 SMP Fri Oct 10 16:00:37 EEST 2025
[    0.000000] CPU: ARMv7 Processor [413fc082] revision 2 (ARMv7), cr=10c5387d
[    0.000000] CPU: PIPT / VIPT nonaliasing data cache, VIPT aliasing instruction cache
[    0.000000] OF: fdt: Machine model: TI AM335x BeagleBone Black
[    0.000000] Memory policy: Data cache writeback
[    0.000000] cma: Reserved 16 MiB at 0x9e800000
[    0.000000] Zone ranges:
[    0.000000]   Normal   [mem 0x0000000080000000-0x000000009fdfffff]
[    0.000000]   HighMem  empty
[    0.000000] Movable zone start for each node
[    0.000000] Early memory node ranges
[    0.000000]   node   0: [mem 0x0000000080000000-0x000000009fdfffff]
[    0.000000] Initmem setup node 0 [mem 0x0000000080000000-0x000000009fdfffff]
[    0.000000] On node 0, zone Normal: 512 pages in unavailable ranges
[    0.000000] OF: reserved mem: Reserved memory: No reserved-memory node in the DT
[    0.000000] CPU: All CPU(s) started in SVC mode.
[    0.000000] AM335X ES2.1 (sgx neon)
[    0.000000] percpu: Embedded 17 pages/cpu s39884 r8192 d21556 u69632
[    0.000000] pcpu-alloc: s39884 r8192 d21556 u69632 alloc=17*4096
[    0.000000] pcpu-alloc: [0] 0 
[    0.000000] Kernel command line: console=ttyO0,115200n8 root=/dev/nfs rw nfsroot=192.168.255.126:/home/user01/nfs,nfsvers=3 ip=192.168.255.1:192.168.255.126::255.255.255.0:bbb1:eth0 nfsrootdebug
[    0.000000] Unknown kernel command line parameters "nfsrootdebug", will be passed to user space.
[    0.000000] printk: log buffer data + meta data: 65536 + 204800 = 270336 bytes
[    0.000000] Dentry cache hash table entries: 65536 (order: 6, 262144 bytes, linear)
[    0.000000] Inode-cache hash table entries: 32768 (order: 5, 131072 bytes, linear)
[    0.000000] Built 1 zonelists, mobility grouping on.  Total pages: 130560
[    0.000000] mem auto-init: stack:off, heap alloc:off, heap free:off
[    0.000000] SLUB: HWalign=16, Order=0-3, MinObjects=0, CPUs=1, Nodes=1
[    0.000000] rcu: Hierarchical RCU implementation.
[    0.000000] rcu: 	RCU event tracing is enabled.
[    0.000000] rcu: 	RCU restricting CPUs from NR_CPUS=2 to nr_cpu_ids=1.
[    0.000000] 	Tracing variant of Tasks RCU enabled.
[    0.000000] rcu: RCU calculated value of scheduler-enlistment delay is 10 jiffies.
[    0.000000] rcu: Adjusting geometry for rcu_fanout_leaf=16, nr_cpu_ids=1
[    0.000000] RCU Tasks Trace: Setting shift to 0 and lim to 1 rcu_task_cb_adjust=1 rcu_task_cpu_ids=1.
[    0.000000] NR_IRQS: 16, nr_irqs: 16, preallocated irqs: 16
[    0.000000] IRQ: Found an INTC at 0x(ptrval) (revision 5.0) with 128 interrupts
[    0.000000] rcu: srcu_init: Setting srcu_struct sizes based on contention.
[    0.000000] TI gptimer clocksource: always-on /ocp/interconnect@44c00000/segment@200000/target-module@31000
[    0.000002] sched_clock: 32 bits at 24MHz, resolution 41ns, wraps every 89478484971ns
[    0.000025] clocksource: dmtimer: mask: 0xffffffff max_cycles: 0xffffffff, max_idle_ns: 79635851949 ns
[    0.000489] TI gptimer clockevent: 24000000 Hz at /ocp/interconnect@48000000/segment@0/target-module@40000
[    0.002040] Console: colour dummy device 80x30
[    0.002104] WARNING: Your 'console=ttyO0' has been replaced by 'ttyS0'
[    0.002112] This ensures that you still see kernel messages. Please
[    0.002116] update your kernel commandline.
[    0.002159] Calibrating delay loop... 996.14 BogoMIPS (lpj=4980736)
[    0.090537] CPU: Testing write buffer coherency: ok
[    0.090651] CPU0: Spectre v2: using BPIALL workaround
[    0.090661] pid_max: default: 32768 minimum: 301
[    0.090836] LSM: initializing lsm=capability
[    0.090996] Mount-cache hash table entries: 1024 (order: 0, 4096 bytes, linear)
[    0.091015] Mountpoint-cache hash table entries: 1024 (order: 0, 4096 bytes, linear)
[    0.092589] CPU0: thread -1, cpu 0, socket -1, mpidr 0
[    0.092647] cacheinfo: Unable to detect cache hierarchy for CPU 0
[    0.094649] Setting up static identity map for 0x80100000 - 0x80100078
[    0.094956] rcu: Hierarchical SRCU implementation.
[    0.094965] rcu: 	Max phase no-delay instances is 1000.
[    0.096650] smp: Bringing up secondary CPUs ...
[    0.096703] smp: Brought up 1 node, 1 CPU
[    0.096716] SMP: Total of 1 processors activated (996.14 BogoMIPS).
[    0.096727] CPU: All CPU(s) started in SVC mode.
[    0.096926] Memory: 480864K/522240K available (11264K kernel code, 1226K rwdata, 2952K rodata, 1024K init, 256K bss, 23336K reserved, 16384K cma-reserved, 0K highmem)
[    0.097755] devtmpfs: initialized
[    0.115268] VFP support v0.3: implementor 41 architecture 3 part 30 variant c rev 3
[    0.115915] clocksource: jiffies: mask: 0xffffffff max_cycles: 0xffffffff, max_idle_ns: 19112604462750000 ns
[    0.115970] posixtimers hash table entries: 512 (order: 0, 4096 bytes, linear)
[    0.115997] futex hash table entries: 256 (16384 bytes on 1 NUMA nodes, total 16 KiB, linear).
[    0.117126] pinctrl core: initialized pinctrl subsystem
[    0.119219] NET: Registered PF_NETLINK/PF_ROUTE protocol family
[    0.122282] DMA: preallocated 256 KiB pool for atomic coherent allocations
[    0.122878] audit: initializing netlink subsys (disabled)
[    0.124219] thermal_sys: Registered thermal governor 'fair_share'
[    0.124233] thermal_sys: Registered thermal governor 'step_wise'
[    0.124242] thermal_sys: Registered thermal governor 'user_space'
[    0.124346] audit: type=2000 audit(0.120:1): state=initialized audit_enabled=0 res=1
[    0.124415] cpuidle: using governor menu
[    0.142286] /ocp/interconnect@44c00000/segment@200000/target-module@b000/i2c@0/tda19988@70: Fixed dependency cycle(s) with /ocp/interconnect@48000000/segment@300000/target-module@e000/lcdc@0
[    0.143401] /ocp/interconnect@48000000/segment@300000/target-module@e000/lcdc@0: Fixed dependency cycle(s) with /ocp/interconnect@44c00000/segment@200000/target-module@b000/i2c@0/tda19988@70
[    0.145608] No ATAGs?
[    0.145646] hw-breakpoint: debug architecture 0x4 unsupported.
[    0.148710] kprobes: kprobe jump-optimization is enabled. All kprobes are optimized if possible.
[    0.153802] iommu: Default domain type: Translated
[    0.153824] iommu: DMA domain TLB invalidation policy: strict mode
[    0.155381] reg-fixed-voltage fixedregulator0: using DT '/fixedregulator0' for '(default)' GPIO lookup
[    0.155432] of_get_named_gpiod_flags: can't parse 'gpios' property of node '/fixedregulator0[0]'
[    0.155460] of_get_named_gpiod_flags: can't parse 'gpio' property of node '/fixedregulator0[0]'
[    0.155479] reg-fixed-voltage fixedregulator0: using lookup tables for GPIO lookup
[    0.155489] reg-fixed-voltage fixedregulator0: No GPIO consumer (default) found
[    0.161704] SCSI subsystem initialized
[    0.162176] libata version 3.00 loaded.
[    0.162562] pps_core: LinuxPPS API ver. 1 registered
[    0.162572] pps_core: Software ver. 5.3.6 - Copyright 2005-2007 Rodolfo Giometti <giometti@linux.it>
[    0.162596] PTP clock support registered
[    0.171124] vgaarb: loaded
[    0.171500] clocksource: Switched to clocksource dmtimer
[    0.172170] VFS: Disk quotas dquot_6.6.0
[    0.172232] VFS: Dquot-cache hash table entries: 1024 (order 0, 4096 bytes)
[    0.196896] NET: Registered PF_INET protocol family
[    0.197235] IP idents hash table entries: 8192 (order: 4, 65536 bytes, linear)
[    0.198675] tcp_listen_portaddr_hash hash table entries: 512 (order: 0, 4096 bytes, linear)
[    0.198710] Table-perturb hash table entries: 65536 (order: 6, 262144 bytes, linear)
[    0.198727] TCP established hash table entries: 4096 (order: 2, 16384 bytes, linear)
[    0.198771] TCP bind hash table entries: 4096 (order: 4, 65536 bytes, linear)
[    0.198871] TCP: Hash tables configured (established 4096 bind 4096)
[    0.199000] UDP hash table entries: 256 (order: 1, 14336 bytes, linear)
[    0.199034] UDP-Lite hash table entries: 256 (order: 1, 14336 bytes, linear)
[    0.199237] NET: Registered PF_UNIX/PF_LOCAL protocol family
[    0.202705] RPC: Registered named UNIX socket transport module.
[    0.202728] RPC: Registered udp transport module.
[    0.202733] RPC: Registered tcp transport module.
[    0.202738] RPC: Registered tcp-with-tls transport module.
[    0.202743] RPC: Registered tcp NFSv4.1 backchannel transport module.
[    0.202769] PCI: CLS 0 bytes, default 64
[    0.204175] Initialise system trusted keyrings
[    0.212231] workingset: timestamp_bits=14 max_order=17 bucket_order=3
[    0.213669] NFS: Registering the id_resolver key type
[    0.213756] Key type id_resolver registered
[    0.213764] Key type id_legacy registered
[    0.213880] jffs2: version 2.2. (NAND) (SUMMARY)  Â© 2001-2006 Red Hat, Inc.
[    0.214351] Key type asymmetric registered
[    0.214368] Asymmetric key parser 'x509' registered
[    0.214447] io scheduler mq-deadline registered
[    0.214457] io scheduler kyber registered
[    0.214541] io scheduler bfq registered
[    0.216400] target-module@4b000000:target-module@140000:pmu@0:fck: device ID is greater than 24
[    0.221742] ledtrig-cpu: registered to indicate activity on CPUs
[    0.232129] Serial: 8250/16550 driver, 6 ports, IRQ sharing enabled
[    0.267207] brd: module loaded
[    0.287566] loop: module loaded
[    0.288494] mtdoops: mtd device (mtddev=name/number) must be supplied
[    0.290040] mdio_bus fixed-0: using lookup tables for GPIO lookup
[    0.290062] mdio_bus fixed-0: No GPIO consumer reset found
[    0.291615] i2c_dev: i2c /dev entries driver
[    0.292671] cpuidle: enable-method property 'ti,am3352' found operations
[    0.293126] sdhci: Secure Digital Host Controller Interface driver
[    0.293136] sdhci: Copyright(c) Pierre Ossman
[    0.293326] sdhci-pltfm: SDHCI platform and OF driver helper
[    0.301937] hw perfevents: enabled with armv7_cortex_a8 PMU driver, 5 (8000000f) counters available
[    0.302493] Initializing XFRM netlink socket
[    0.302665] NET: Registered PF_INET6 protocol family
[    0.304656] Segment Routing with IPv6
[    0.304739] In-situ OAM (IOAM) with IPv6
[    0.304832] sit: IPv6, IPv4 and MPLS over IPv4 tunneling driver
[    0.305788] NET: Registered PF_PACKET protocol family
[    0.305816] NET: Registered PF_KEY protocol family
[    0.305940] Key type dns_resolver registered
[    0.306171] ThumbEE CPU extension supported.
[    0.306190] Registering SWP/SWPB emulation handler
[    0.306716] omap_voltage_late_init: Voltage driver support not added
[    0.307371] SmartReflex Class3 initialized
[    0.343357] Loading compiled-in X.509 certificates
[    0.380622] /ocp/interconnect@44c00000/segment@200000/target-module@b000/i2c@0/tda19988@70: Fixed dependency cycle(s) with /ocp/interconnect@48000000/segment@300000/target-module@e000/lcdc@0
[    0.387121] /ocp/interconnect@44c00000/segment@200000/target-module@b000/i2c@0/tda19988@70: Fixed dependency cycle(s) with /ocp/interconnect@48000000/segment@300000/target-module@e000/lcdc@0
[    0.392776] gpiochip_find_base_unlocked: found new base at 512
[    0.429743] /ocp/interconnect@44c00000/segment@200000/target-module@b000/i2c@0/tda19988@70: Fixed dependency cycle(s) with /ocp/interconnect@48000000/segment@300000/target-module@e000/lcdc@0
[    0.430624] /ocp/interconnect@44c00000/segment@200000/target-module@b000/i2c@0/tda19988@70: Fixed dependency cycle(s) with /ocp/interconnect@48000000/segment@300000/target-module@e000/lcdc@0
[    0.434437] /ocp/interconnect@44c00000/segment@200000/target-module@10000/scm@0/pinmux@800: Fixed dependency cycle(s) with /ocp/interconnect@44c00000/segment@200000/target-module@10000/scm@0/pinmux@800/clkout2-pins
[    0.435039] pinctrl-single 44e10800.pinmux: 142 pins, size 568
[    0.440318] ti-sysc 44e31000.target-module: probe with driver ti-sysc failed with error -16
[    0.478937] /ocp/interconnect@48000000/segment@300000/target-module@e000/lcdc@0: Fixed dependency cycle(s) with /ocp/interconnect@44c00000/segment@200000/target-module@b000/i2c@0/tda19988@70
[    0.487280] ti-sysc 48040000.target-module: probe with driver ti-sysc failed with error -16
[    0.498866] gpiochip_find_base_unlocked: found new base at 512
[    0.498968] gpio gpiochip0: (gpio-0-31): created GPIO range 0->7 ==> 44e10800.pinmux PIN 0->7
[    0.498995] gpio gpiochip0: (gpio-0-31): created GPIO range 8->11 ==> 44e10800.pinmux PIN 90->93
[    0.499013] gpio gpiochip0: (gpio-0-31): created GPIO range 12->27 ==> 44e10800.pinmux PIN 12->27
[    0.499029] gpio gpiochip0: (gpio-0-31): created GPIO range 28->31 ==> 44e10800.pinmux PIN 30->33
[    0.525984] gpio gpiochip0: (gpio-0-31): added GPIO chardev (254:0)
[    0.526234] gpio gpiochip0: registered GPIOs 512 to 543 on gpio-0-31
[    0.526321] OMAP GPIO hardware version 0.1
[    0.560889] i2c i2c-2: using DT '/ocp/interconnect@48000000/segment@100000/target-module@9c000/i2c@0' for 'scl' GPIO lookup
[    0.560960] of_get_named_gpiod_flags: can't parse 'scl-gpios' property of node '/ocp/interconnect@48000000/segment@100000/target-module@9c000/i2c@0[0]'
[    0.561003] of_get_named_gpiod_flags: can't parse 'scl-gpio' property of node '/ocp/interconnect@48000000/segment@100000/target-module@9c000/i2c@0[0]'
[    0.561040] i2c i2c-2: using lookup tables for GPIO lookup
[    0.561050] i2c i2c-2: No GPIO consumer scl found
[    0.561072] i2c i2c-2: using DT '/ocp/interconnect@48000000/segment@100000/target-module@9c000/i2c@0' for 'sda' GPIO lookup
[    0.561107] of_get_named_gpiod_flags: can't parse 'sda-gpios' property of node '/ocp/interconnect@48000000/segment@100000/target-module@9c000/i2c@0[0]'
[    0.561144] of_get_named_gpiod_flags: can't parse 'sda-gpio' property of node '/ocp/interconnect@48000000/segment@100000/target-module@9c000/i2c@0[0]'
[    0.561175] i2c i2c-2: using lookup tables for GPIO lookup
[    0.561182] i2c i2c-2: No GPIO consumer sda found
[    0.562108] omap_i2c 4819c000.i2c: bus 2 rev0.11 at 100 kHz
[    0.567671] gpiochip_find_base_unlocked: found new base at 544
[    0.567782] gpio gpiochip1: (gpio-32-63): created GPIO range 0->17 ==> 44e10800.pinmux PIN 34->51
[    0.567802] gpio gpiochip1: (gpio-32-63): created GPIO range 18->21 ==> 44e10800.pinmux PIN 77->80
[    0.567818] gpio gpiochip1: (gpio-32-63): created GPIO range 22->31 ==> 44e10800.pinmux PIN 56->65
[    0.586536] gpio gpiochip1: (gpio-32-63): added GPIO chardev (254:1)
[    0.586767] gpio gpiochip1: registered GPIOs 544 to 575 on gpio-32-63
[    0.589076] gpiochip_find_base_unlocked: found new base at 576
[    0.589169] gpio gpiochip2: (gpio-64-95): created GPIO range 0->4 ==> 44e10800.pinmux PIN 66->70
[    0.589189] gpio gpiochip2: (gpio-64-95): created GPIO range 5->6 ==> 44e10800.pinmux PIN 98->99
[    0.589204] gpio gpiochip2: (gpio-64-95): created GPIO range 7->8 ==> 44e10800.pinmux PIN 75->76
[    0.589219] gpio gpiochip2: (gpio-64-95): created GPIO range 13->13 ==> 44e10800.pinmux PIN 141->141
[    0.589235] gpio gpiochip2: (gpio-64-95): created GPIO range 14->21 ==> 44e10800.pinmux PIN 100->107
[    0.589890] gpio gpiochip2: (gpio-64-95): added GPIO chardev (254:2)
[    0.590082] gpio gpiochip2: registered GPIOs 576 to 607 on gpio-64-95
[    0.595987] 48000000.interconnect:segment@200000:target-module@0:mpu@0:fck: device ID is greater than 24
[    0.596900] /ocp/interconnect@48000000/segment@300000/target-module@e000/lcdc@0: Fixed dependency cycle(s) with /ocp/interconnect@44c00000/segment@200000/target-module@b000/i2c@0/tda19988@70
[    0.599716] /ocp/interconnect@48000000/segment@300000/target-module@e000/lcdc@0: Fixed dependency cycle(s) with /ocp/interconnect@44c00000/segment@200000/target-module@b000/i2c@0/tda19988@70
[    0.600409] /ocp/interconnect@44c00000/segment@200000/target-module@b000/i2c@0/tda19988@70: Fixed dependency cycle(s) with /ocp/interconnect@48000000/segment@300000/target-module@e000/lcdc@0
[    0.600585] /ocp/interconnect@48000000/segment@300000/target-module@e000/lcdc@0: Fixed dependency cycle(s) with /ocp/interconnect@44c00000/segment@200000/target-module@b000/i2c@0/tda19988@70
[    0.607949] sdhci-omap 481d8000.mmc: using DT '/ocp/interconnect@48000000/segment@100000/target-module@d8000/mmc@0' for 'wp' GPIO lookup
[    0.608022] of_get_named_gpiod_flags: can't parse 'wp-gpios' property of node '/ocp/interconnect@48000000/segment@100000/target-module@d8000/mmc@0[0]'
[    0.608065] of_get_named_gpiod_flags: can't parse 'wp-gpio' property of node '/ocp/interconnect@48000000/segment@100000/target-module@d8000/mmc@0[0]'
[    0.608102] sdhci-omap 481d8000.mmc: using lookup tables for GPIO lookup
[    0.608112] sdhci-omap 481d8000.mmc: No GPIO consumer wp found
[    0.608307] sdhci-omap 481d8000.mmc: supply pbias not found, using dummy regulator
[    0.608795] sdhci-omap 481d8000.mmc: supply vqmmc not found, using dummy regulator
[    0.640407] mdio_bus 4a101000.mdio: using DT '/ocp/interconnect@4a000000/segment@0/target-module@100000/switch@0/mdio@1000' for 'reset' GPIO lookup
[    0.640486] of_get_named_gpiod_flags: can't parse 'reset-gpios' property of node '/ocp/interconnect@4a000000/segment@0/target-module@100000/switch@0/mdio@1000[0]'
[    0.640533] of_get_named_gpiod_flags: can't parse 'reset-gpio' property of node '/ocp/interconnect@4a000000/segment@0/target-module@100000/switch@0/mdio@1000[0]'
[    0.640581] mdio_bus 4a101000.mdio: using lookup tables for GPIO lookup
[    0.640591] mdio_bus 4a101000.mdio: No GPIO consumer reset found
[    0.700412] davinci_mdio 4a101000.mdio: davinci mdio revision 1.6, bus freq 1000000
[    0.715384] mdio_bus 4a101000.mdio:00: using DT '/ocp/interconnect@4a000000/segment@0/target-module@100000/switch@0/mdio@1000/ethernet-phy@0' for 'reset' GPIO lookup
[    0.715481] of_get_named_gpiod_flags: parsed 'reset-gpios' property of node '/ocp/interconnect@4a000000/segment@0/target-module@100000/switch@0/mdio@1000/ethernet-phy@0[0]' - status (0)
[    0.715646] gpio gpiochip0: Persistence not supported for GPIO 8
[    0.841289] davinci_mdio 4a101000.mdio: phy[0]: device 4a101000.mdio:00, driver SMSC LAN8710/LAN8720
[    0.842148] cpsw-switch 4a100000.switch: initialized cpsw ale version 1.4
[    0.842172] cpsw-switch 4a100000.switch: ALE Table size 1024, Policers 0
[    0.856168] cpsw-switch 4a100000.switch: cpts: overflow check period 500 (jiffies)
[    0.856194] cpsw-switch 4a100000.switch: CPTS: ref_clk_freq:250000000 calc_mult:2147483648 calc_shift:29 error:0 nsec/sec
[    0.856300] cpsw-switch 4a100000.switch: Detected MACID = 6c:ec:eb:68:de:78
[    0.858182] cpsw-switch 4a100000.switch: initialized (regs 0x4a100000, pool size 256) hw_ver:0019010C 1.12 (0)
[    0.870492] debugfs: '49000000.dma' already exists in 'dmaengine'
[    0.870536] edma 49000000.dma: TI EDMA DMA engine driver
[    0.951220] gpio-clk clk_mcasp0: using DT '/clk_mcasp0' for 'enable' GPIO lookup
[    0.951298] of_get_named_gpiod_flags: parsed 'enable-gpios' property of node '/clk_mcasp0[0]' - status (0)
[    0.951343] gpio gpiochip0: Persistence not supported for GPIO 27
[    0.952380] gpiochip_find_base_unlocked: found new base at 608
[    0.952494] gpio gpiochip3: (gpio-96-127): created GPIO range 0->7 ==> 44e10800.pinmux PIN 82->89
[    0.952515] gpio gpiochip3: (gpio-96-127): created GPIO range 8->11 ==> 44e10800.pinmux PIN 52->55
[    0.952531] gpio gpiochip3: (gpio-96-127): created GPIO range 12->15 ==> 44e10800.pinmux PIN 94->97
[    0.952546] gpio gpiochip3: (gpio-96-127): created GPIO range 16->17 ==> 44e10800.pinmux PIN 71->72
[    0.952562] gpio gpiochip3: (gpio-96-127): created GPIO range 18->18 ==> 44e10800.pinmux PIN 135->135
[    0.952577] gpio gpiochip3: (gpio-96-127): created GPIO range 19->20 ==> 44e10800.pinmux PIN 108->109
[    0.952594] gpio gpiochip3: (gpio-96-127): created GPIO range 21->21 ==> 44e10800.pinmux PIN 73->73
[    0.952612] gpio gpiochip3: (gpio-96-127): created GPIO range 22->23 ==> 44e10800.pinmux PIN 8->9
[    0.952630] gpio gpiochip3: (gpio-96-127): created GPIO range 26->27 ==> 44e10800.pinmux PIN 10->11
[    0.952648] gpio gpiochip3: (gpio-96-127): created GPIO range 28->28 ==> 44e10800.pinmux PIN 74->74
[    0.952665] gpio gpiochip3: (gpio-96-127): created GPIO range 29->29 ==> 44e10800.pinmux PIN 81->81
[    0.952684] gpio gpiochip3: (gpio-96-127): created GPIO range 30->31 ==> 44e10800.pinmux PIN 28->29
[    0.953880] gpio gpiochip3: (gpio-96-127): added GPIO chardev (254:3)
[    0.954121] gpio gpiochip3: registered GPIOs 608 to 639 on gpio-96-127
[    0.962684] omap8250 44e09000.serial: using DT '/ocp/interconnect@44c00000/segment@200000/target-module@9000/serial@0' for 'rs485-term' GPIO lookup
[    0.962760] of_get_named_gpiod_flags: can't parse 'rs485-term-gpios' property of node '/ocp/interconnect@44c00000/segment@200000/target-module@9000/serial@0[0]'
[    0.962805] of_get_named_gpiod_flags: can't parse 'rs485-term-gpio' property of node '/ocp/interconnect@44c00000/segment@200000/target-module@9000/serial@0[0]'
[    0.962843] omap8250 44e09000.serial: using lookup tables for GPIO lookup
[    0.962853] omap8250 44e09000.serial: No GPIO consumer rs485-term found
[    0.962863] omap8250 44e09000.serial: using DT '/ocp/interconnect@44c00000/segment@200000/target-module@9000/serial@0' for 'rs485-rx-during-tx' GPIO lookup
[    0.962898] of_get_named_gpiod_flags: can't parse 'rs485-rx-during-tx-gpios' property of node '/ocp/interconnect@44c00000/segment@200000/target-module@9000/serial@0[0]'
[    0.962935] of_get_named_gpiod_flags: can't parse 'rs485-rx-during-tx-gpio' property of node '/ocp/interconnect@44c00000/segment@200000/target-module@9000/serial@0[0]'
[    0.962967] omap8250 44e09000.serial: using lookup tables for GPIO lookup
[    0.962975] omap8250 44e09000.serial: No GPIO consumer rs485-rx-during-tx found
[    0.963435] 44e09000.serial: ttyS0 at MMIO 0x44e09000 (irq = 34, base_baud = 3000000) is a 8250
[    0.963527] printk: legacy console [ttyS0] enabled
[    2.419169] i2c i2c-0: using DT '/ocp/interconnect@44c00000/segment@200000/target-module@b000/i2c@0' for 'scl' GPIO lookup
[    2.419255] of_get_named_gpiod_flags: can't parse 'scl-gpios' property of node '/ocp/interconnect@44c00000/segment@200000/target-module@b000/i2c@0[0]'
[    2.419303] of_get_named_gpiod_flags: can't parse 'scl-gpio' property of node '/ocp/interconnect@44c00000/segment@200000/target-module@b000/i2c@0[0]'
[    2.419344] i2c i2c-0: using lookup tables for GPIO lookup
[    2.419358] i2c i2c-0: No GPIO consumer scl found
[    2.419384] i2c i2c-0: using DT '/ocp/interconnect@44c00000/segment@200000/target-module@b000/i2c@0' for 'sda' GPIO lookup
[    2.419424] of_get_named_gpiod_flags: can't parse 'sda-gpios' property of node '/ocp/interconnect@44c00000/segment@200000/target-module@b000/i2c@0[0]'
[    2.419465] of_get_named_gpiod_flags: can't parse 'sda-gpio' property of node '/ocp/interconnect@44c00000/segment@200000/target-module@b000/i2c@0[0]'
[    2.419501] i2c i2c-0: using lookup tables for GPIO lookup
[    2.419513] i2c i2c-0: No GPIO consumer sda found
[    2.432464] tps65217-pmic: Failed to locate of_node [id: -1]
[    2.438532] tps65217-bl: Failed to locate of_node [id: -1]
[    2.444594] platform tps65217-charger: DMA mask not set
[    2.450623] platform tps65217-pwrbutton: DMA mask not set
[    2.457893] tps65217 0-0024: TPS65217 ID 0xe version 1.2
[    2.464020] /ocp/interconnect@48000000/segment@300000/target-module@e000/lcdc@0: Fixed dependency cycle(s) with /ocp/interconnect@44c00000/segment@200000/target-module@b000/i2c@0/tda19988@70
[    2.481444] /ocp/interconnect@44c00000/segment@200000/target-module@b000/i2c@0/tda19988@70: Fixed dependency cycle(s) with /ocp/interconnect@48000000/segment@300000/target-module@e000/lcdc@0
[    2.498876] omap_i2c 44e0b000.i2c: bus 0 rev0.11 at 400 kHz
[    2.506671] sdhci-omap 48060000.mmc: using DT '/ocp/interconnect@48000000/segment@0/target-module@60000/mmc@0' for 'cd' GPIO lookup
[    2.506777] of_get_named_gpiod_flags: parsed 'cd-gpios' property of node '/ocp/interconnect@48000000/segment@0/target-module@60000/mmc@0[0]' - status (0)
[    2.506846] gpio gpiochip3: Persistence not supported for GPIO 6
[    2.506873] omap_gpio 44e07000.gpio: Could not set line 6 debounce to 200000 microseconds (-22)
[    2.515761] sdhci-omap 48060000.mmc: Got CD GPIO
[    2.520412] sdhci-omap 48060000.mmc: using DT '/ocp/interconnect@48000000/segment@0/target-module@60000/mmc@0' for 'wp' GPIO lookup
[    2.520460] of_get_named_gpiod_flags: can't parse 'wp-gpios' property of node '/ocp/interconnect@48000000/segment@0/target-module@60000/mmc@0[0]'
[    2.520503] of_get_named_gpiod_flags: can't parse 'wp-gpio' property of node '/ocp/interconnect@48000000/segment@0/target-module@60000/mmc@0[0]'
[    2.520542] sdhci-omap 48060000.mmc: using lookup tables for GPIO lookup
[    2.520556] sdhci-omap 48060000.mmc: No GPIO consumer wp found
[    2.520766] sdhci-omap 48060000.mmc: supply pbias not found, using dummy regulator
[    2.529586] sdhci-omap 481d8000.mmc: using DT '/ocp/interconnect@48000000/segment@100000/target-module@d8000/mmc@0' for 'wp' GPIO lookup
[    2.529662] of_get_named_gpiod_flags: can't parse 'wp-gpios' property of node '/ocp/interconnect@48000000/segment@100000/target-module@d8000/mmc@0[0]'
[    2.529710] of_get_named_gpiod_flags: can't parse 'wp-gpio' property of node '/ocp/interconnect@48000000/segment@100000/target-module@d8000/mmc@0[0]'
[    2.529749] sdhci-omap 481d8000.mmc: using lookup tables for GPIO lookup
[    2.529763] sdhci-omap 481d8000.mmc: No GPIO consumer wp found
[    2.530982] sdhci-omap 48060000.mmc: supply vqmmc not found, using dummy regulator
[    2.539880] sdhci-omap 481d8000.mmc: supply pbias not found, using dummy regulator
[    2.548511] sdhci-omap 481d8000.mmc: supply vqmmc not found, using dummy regulator
[    2.587082] mmc1: SDHCI controller on 481d8000.mmc [481d8000.mmc] using External DMA
[    2.596140] mmc0: SDHCI controller on 48060000.mmc [48060000.mmc] using External DMA
[    2.605024] cpsw-switch 4a100000.switch: starting ndev. mode: dual_mac
[    2.671832] mmc1: new high speed MMC card at address 0001
[    2.678668] mmcblk1: mmc1:0001 MMC04G 3.60 GiB
[    2.686579]  mmcblk1: p1 p2
[    2.690327] SMSC LAN8710/LAN8720 4a101000.mdio:00: attached PHY driver (mii_bus:phy_addr=4a101000.mdio:00, irq=POLL)
[    2.702985] mmcblk1boot0: mmc1:0001 MMC04G 2.00 MiB
[    2.716807] mmcblk1boot1: mmc1:0001 MMC04G 2.00 MiB
[    2.725540] mmcblk1rpmb: mmc1:0001 MMC04G 128 KiB, chardev (249:0)
[    2.775018] mmc0: new high speed SDHC card at address aaaa
[    2.781976] mmcblk0: mmc0:aaaa SE32G 29.7 GiB
[    2.791055]  mmcblk0: p1 p2
[    5.842258] cpsw-switch 4a100000.switch eth0: Link is Up - 100Mbps/Full - flow control off
[    5.871511] IP-Config: Complete:
[    5.874781]      device=eth0, hwaddr=6c:ec:eb:68:de:78, ipaddr=192.168.255.1, mask=255.255.255.0, gw=255.255.255.255
[    5.885424]      host=bbb1, domain=, nis-domain=(none)
[    5.890593]      bootserver=192.168.255.126, rootserver=192.168.255.126, rootpath=
[    5.891011] clk: Disabling unused clocks
[    5.902859] PM: genpd: Disabling unused power domains
[    5.908007] KTAP version 1
[    5.910728] 1..0
[    5.913482] check access for rdinit=/init failed: -2, ignoring
[    5.945102] VFS: Mounted root (nfs filesystem) on device 0:17.
[    5.952028] devtmpfs: mounted
[    5.956534] Freeing unused kernel image (initmem) memory: 1024K
[    5.963390] Run /sbin/init as init process
[    5.967524]   with arguments:
[    5.967536]     /sbin/init
[    5.967545]     nfsrootdebug
[    5.967554]   with environment:
[    5.967563]     HOME=/
[    5.967572]     TERM=linux
[    6.649055] systemd[1]: System time before build time, advancing clock.
[    8.181519] random: crng init done
[    8.214245] systemd[1]: systemd 232 running in system mode. (+PAM +AUDIT +SELINUX +IMA +APPARMOR +SMACK +SYSVINIT +UTMP +LIBCRYPTSETUP +GCRYPT +GNUTLS +ACL +XZ +LZ4 +SECCOMP +BLKID +ELFUTILS +KMOD +IDN)
[    8.233363] systemd[1]: Detected architecture arm.
[    8.264913] systemd[1]: Set hostname to <arm>.
[    9.380524] systemd[1]: Started Forward Password Requests to Wall Directory Watch.
[    9.411843] systemd[1]: Reached target Swap.
[    9.435668] systemd[1]: Listening on udev Control Socket.
[    9.463345] systemd[1]: systemd-journald.socket: SO_PASSSEC failed: Operation not supported
[    9.472245] systemd[1]: systemd-journald.socket: SO_PASSSEC failed: Operation not supported
[    9.480830] systemd[1]: Listening on Journal Socket.
[    9.501954] systemd[1]: Reached target Remote File Systems.
[   11.440301] systemd-journald[75]: Received request to flush runtime journal from PID 1
[   12.642020] omap_prm 44e00d00.prm: sync_state() pending due to 44d00000.cpu
[   14.606353] leds-gpio leds: using DT '/leds/led2' for '(default)' GPIO lookup
[   14.606454] of_get_named_gpiod_flags: parsed 'gpios' property of node '/leds/led2[0]' - status (0)
[   14.606515] gpio gpiochip0: Persistence not supported for GPIO 21
[   14.606530] gpio-533 (?): no flags found for GPIO (default)
[   14.654009] leds-gpio leds: using DT '/leds/led3' for '(default)' GPIO lookup
[   14.654117] of_get_named_gpiod_flags: parsed 'gpios' property of node '/leds/led3[0]' - status (0)
[   14.654174] gpio gpiochip0: Persistence not supported for GPIO 22
[   14.654189] gpio-534 (?): no flags found for GPIO (default)
[   14.723805] leds-gpio leds: using DT '/leds/led4' for '(default)' GPIO lookup
[   14.723908] of_get_named_gpiod_flags: parsed 'gpios' property of node '/leds/led4[0]' - status (0)
[   14.723965] gpio gpiochip0: Persistence not supported for GPIO 23
[   14.723980] gpio-535 (?): no flags found for GPIO (default)
[   14.823114] leds-gpio leds: using DT '/leds/led5' for '(default)' GPIO lookup
[   14.823337] of_get_named_gpiod_flags: parsed 'gpios' property of node '/leds/led5[0]' - status (0)
[   14.823397] gpio gpiochip0: Persistence not supported for GPIO 24
[   14.823413] gpio-536 (?): no flags found for GPIO (default)
[   14.956855] remoteproc remoteproc0: wkup_m3 is available
[   15.699144] am335x-phy-driver 47401300.usb-phy: using DT '/ocp/target-module@47400000/usb-phy@1300' for 'reset' GPIO lookup
[   15.699239] of_get_named_gpiod_flags: can't parse 'reset-gpios' property of node '/ocp/target-module@47400000/usb-phy@1300[0]'
[   15.699285] of_get_named_gpiod_flags: can't parse 'reset-gpio' property of node '/ocp/target-module@47400000/usb-phy@1300[0]'
[   15.699325] am335x-phy-driver 47401300.usb-phy: using lookup tables for GPIO lookup
[   15.699340] am335x-phy-driver 47401300.usb-phy: No GPIO consumer reset found
[   15.699354] am335x-phy-driver 47401300.usb-phy: using DT '/ocp/target-module@47400000/usb-phy@1300' for 'vbus-detect' GPIO lookup
[   15.699386] of_get_named_gpiod_flags: can't parse 'vbus-detect-gpios' property of node '/ocp/target-module@47400000/usb-phy@1300[0]'
[   15.699419] of_get_named_gpiod_flags: can't parse 'vbus-detect-gpio' property of node '/ocp/target-module@47400000/usb-phy@1300[0]'
[   15.699446] am335x-phy-driver 47401300.usb-phy: using lookup tables for GPIO lookup
[   15.699458] am335x-phy-driver 47401300.usb-phy: No GPIO consumer vbus-detect found
[   15.699608] am335x-phy-driver 47401300.usb-phy: dummy supplies not allowed for exclusive requests (id=vbus)
[   15.966013] am335x-phy-driver 47401b00.usb-phy: using DT '/ocp/target-module@47400000/usb-phy@1b00' for 'reset' GPIO lookup
[   15.966110] of_get_named_gpiod_flags: can't parse 'reset-gpios' property of node '/ocp/target-module@47400000/usb-phy@1b00[0]'
[   15.966154] of_get_named_gpiod_flags: can't parse 'reset-gpio' property of node '/ocp/target-module@47400000/usb-phy@1b00[0]'
[   15.966194] am335x-phy-driver 47401b00.usb-phy: using lookup tables for GPIO lookup
[   15.966209] am335x-phy-driver 47401b00.usb-phy: No GPIO consumer reset found
[   15.966225] am335x-phy-driver 47401b00.usb-phy: using DT '/ocp/target-module@47400000/usb-phy@1b00' for 'vbus-detect' GPIO lookup
[   15.966256] of_get_named_gpiod_flags: can't parse 'vbus-detect-gpios' property of node '/ocp/target-module@47400000/usb-phy@1b00[0]'
[   15.966289] of_get_named_gpiod_flags: can't parse 'vbus-detect-gpio' property of node '/ocp/target-module@47400000/usb-phy@1b00[0]'
[   15.966315] am335x-phy-driver 47401b00.usb-phy: using lookup tables for GPIO lookup
[   15.966328] am335x-phy-driver 47401b00.usb-phy: No GPIO consumer vbus-detect found
[   15.966478] am335x-phy-driver 47401b00.usb-phy: dummy supplies not allowed for exclusive requests (id=vbus)
[   16.016596] at24 2-0054: supply vcc not found, using dummy regulator
[   16.054517] input: tps65217_pwrbutton as /devices/platform/ocp/44c00000.interconnect/44c00000.interconnect:segment@200000/44e0b000.target-module/44e0b000.i2c/i2c-0/0-0024/tps65217-pwrbutton/input/input0
[   16.139956] usbcore: registered new interface driver usbfs
[   16.145867] usbcore: registered new interface driver hub
[   16.151326] usbcore: registered new device driver usb
[   16.183017] at24 2-0055: supply vcc not found, using dummy regulator
[   16.318348] at24 2-0056: supply vcc not found, using dummy regulator
[   16.475930] at24 2-0057: supply vcc not found, using dummy regulator
[   16.584124] at24 0-0050: using DT '/ocp/interconnect@44c00000/segment@200000/target-module@b000/i2c@0/eeprom@50' for 'wp' GPIO lookup
[   16.584238] of_get_named_gpiod_flags: can't parse 'wp-gpios' property of node '/ocp/interconnect@44c00000/segment@200000/target-module@b000/i2c@0/eeprom@50[0]'
[   16.584296] of_get_named_gpiod_flags: can't parse 'wp-gpio' property of node '/ocp/interconnect@44c00000/segment@200000/target-module@b000/i2c@0/eeprom@50[0]'
[   16.584343] at24 0-0050: using lookup tables for GPIO lookup
[   16.584358] at24 0-0050: No GPIO consumer wp found
[   16.584680] at24 0-0050: 32768 byte 24c256 EEPROM, writable, 1 bytes/write
[   16.631349] omap_rtc 44e3e000.rtc: registered as rtc0
[   16.636759] omap_rtc 44e3e000.rtc: setting system clock to 2000-01-01T00:00:00 UTC (946684800)
[   16.646732] omap_rtc 44e3e000.rtc: using DT '/ocp/interconnect@44c00000/segment@200000/target-module@3e000/rtc@0' for 'wp' GPIO lookup
[   16.646810] of_get_named_gpiod_flags: can't parse 'wp-gpios' property of node '/ocp/interconnect@44c00000/segment@200000/target-module@3e000/rtc@0[0]'
[   16.646861] of_get_named_gpiod_flags: can't parse 'wp-gpio' property of node '/ocp/interconnect@44c00000/segment@200000/target-module@3e000/rtc@0[0]'
[   16.646903] omap_rtc 44e3e000.rtc: using lookup tables for GPIO lookup
[   16.646917] omap_rtc 44e3e000.rtc: No GPIO consumer wp found
[   17.082051] omap_wdt: OMAP Watchdog Timer Rev 0x01: initial timeout 60 sec
[   17.609008] musb-hdrc musb-hdrc.1: MUSB HDRC host driver
[   17.614649] musb-hdrc musb-hdrc.1: new USB bus registered, assigned bus number 1
[   17.919131] usb usb1: New USB device found, idVendor=1d6b, idProduct=0002, bcdDevice= 6.17
[   17.927810] usb usb1: New USB device strings: Mfr=3, Product=2, SerialNumber=1
[   17.935158] usb usb1: Product: MUSB HDRC host driver
[   17.940154] usb usb1: Manufacturer: Linux 6.17.0-next-20251010 musb-hcd
[   17.946834] usb usb1: SerialNumber: musb-hdrc.1
[   18.462132] hub 1-0:1.0: USB hub found
[   18.518737] hub 1-0:1.0: 1 port detected
[   18.885770] tda998x 0-0070: found TDA19988
[   18.985767] omap-mailbox 480c8000.mailbox: omap mailbox rev 0x400
[   19.034158] remoteproc remoteproc0: powering up wkup_m3
[   19.231121] remoteproc remoteproc0: Direct firmware load for am335x-pm-firmware.elf failed with error -2
[   19.240854] remoteproc remoteproc0: request_firmware failed: -2
[   19.246880] wkup_m3_ipc 44e11324.wkup_m3_ipc: rproc_boot failed
[   21.096109] ------------[ cut here ]------------
[   21.100805] WARNING: net/8021q/vlan_core.c:236 at vlan_for_each+0x114/0x134, CPU#0: avahi-daemon/168
[   21.110196] RTNL: assertion failed at net/8021q/vlan_core.c (236)
[   21.116388] Modules linked in: snd_soc_davinci_mcasp snd_soc_ti_udma snd_soc_ti_edma snd_soc_ti_sdma snd_soc_core omap_mailbox snd_pcm_dmaengine tda998x snd_pcm cec snd_timer snd drm_kms_helper soundcore musb_dsps drm musb_hdrc omap_wdt udc_core watchdog rtc_omap wkup_m3_ipc drm_panel_orientation_quirks at24 tps65218_pwrbutton usbcore phy_am335x phy_am335x_control phy_generic cppi41 usb_common wkup_m3_rproc leds_gpio led_class cpufreq_dt autofs4
[   21.156309] CPU: 0 UID: 107 PID: 168 Comm: avahi-daemon Not tainted 6.17.0-next-20251010 #1 NONE 
[   21.156329] Hardware name: Generic AM33XX (Flattened Device Tree)
[   21.156337] Call trace: 
[   21.156353]  unwind_backtrace from show_stack+0x10/0x14
[   21.156392]  show_stack from dump_stack_lvl+0x50/0x64
[   21.156417]  dump_stack_lvl from __warn+0x88/0x148
[   21.156435]  __warn from warn_slowpath_fmt+0x19c/0x1b0
[   21.156449]  warn_slowpath_fmt from vlan_for_each+0x114/0x134
[   21.156471]  vlan_for_each from cpsw_add_mc_addr+0x40/0xa4
[   21.156497]  cpsw_add_mc_addr from __hw_addr_ref_sync_dev+0x108/0x140
[   21.156527]  __hw_addr_ref_sync_dev from __dev_mc_add+0x7c/0x80
[   21.156550]  __dev_mc_add from igmp6_group_added+0xc8/0xe0
[   21.156578]  igmp6_group_added from __ipv6_dev_mc_inc+0x218/0x364
[   21.156596]  __ipv6_dev_mc_inc from __ipv6_sock_mc_join+0x11c/0x1c0
[   21.156615]  __ipv6_sock_mc_join from do_ipv6_setsockopt+0x1214/0x1310
[   21.156647]  do_ipv6_setsockopt from ipv6_setsockopt+0x60/0xcc
[   21.156669]  ipv6_setsockopt from udpv6_setsockopt+0x2c/0x6c
[   21.156687]  udpv6_setsockopt from sock_common_setsockopt+0x30/0x40
[   21.156717]  sock_common_setsockopt from do_sock_setsockopt+0x50/0x9c
[   21.156739]  do_sock_setsockopt from __sys_setsockopt+0x70/0xbc
[   21.156758]  __sys_setsockopt from ret_fast_syscall+0x0/0x58
[   21.156776] Exception stack(0xe0159fa8 to 0xe0159ff0)
[   21.156790] 9fa0:                   00000014 b6f14ce8 0000000d 00000029 00000014 beb819ec
[   21.156801] 9fc0: 00000014 b6f14ce8 00000014 00000126 0000000d b6ebdff4 0050e988 004f6558
[   21.156811] 9fe0: b6ed3088 beb819d8 b6eb0309 b6d8741a
[   21.156818] ---[ end trace 0000000000000000 ]---
[   21.673188] tilcdc 4830e000.lcdc: bound 0-0070 (ops 0xbf1d00f8)
[   21.889593] [drm] Initialized tilcdc 1.0.0 for 4830e000.lcdc on minor 0
[   21.983190] tilcdc 4830e000.lcdc: [drm] Cannot find any crtc or sizes
[   21.998645] tilcdc 4830e000.lcdc: [drm] Cannot find any crtc or sizes
[   22.096444] omap_rng 48310000.rng: Random Number Generator ver. 20
[   23.593435] PM: Cannot get wkup_m3_ipc handle
[   23.608921] omap-sham 53100000.sham: hw accel on OMAP rev 4.3
[   23.648611] Bluetooth: Core ver 2.22
[   23.652621] NET: Registered PF_BLUETOOTH protocol family
[   23.658144] Bluetooth: HCI device and connection manager initialized
[   23.664675] Bluetooth: HCI socket layer initialized
[   23.669593] Bluetooth: L2CAP socket layer initialized
[   23.674767] Bluetooth: SCO socket layer initialized
[   23.759354] omap-aes 53500000.aes: OMAP AES hw accel rev: 3.2
[   23.778616] omap-sham 53100000.sham: will run requests pump with realtime priority
[   23.788094] PM: Cannot get wkup_m3_ipc handle
[   23.879860] omap-aes 53500000.aes: will run requests pump with realtime priority
[   23.888734] PM: Cannot get wkup_m3_ipc handle
[   27.552347] tda998x 0-0070: using DT '/ocp/interconnect@44c00000/segment@200000/target-module@b000/i2c@0/tda19988@70' for 'nxp,calib' GPIO lookup
[   27.552619] of_get_named_gpiod_flags: parsed 'nxp,calib-gpios' property of node '/ocp/interconnect@44c00000/segment@200000/target-module@b000/i2c@0/tda19988@70[0]' - status (0)
[   27.552713] gpio gpiochip0: Persistence not supported for GPIO 25
[   27.552729] gpio-537 (nxp,calib): no flags found for GPIO nxp,calib
[   27.568668] gpio-537 (nxp,calib): gpiod_direction_output_nonotify: tried to set a GPIO tied to an IRQ as output
[   27.586159] PM: Cannot get wkup_m3_ipc handle
[   27.592175] asoc-simple-card sound: using DT '/sound' for 'simple-audio-card,hp-det' GPIO lookup
[   27.592248] of_get_named_gpiod_flags: can't parse 'simple-audio-card,hp-det-gpios' property of node '/sound[0]'
[   27.592285] of_get_named_gpiod_flags: can't parse 'simple-audio-card,hp-det-gpio' property of node '/sound[0]'
[   27.592310] asoc-simple-card sound: using lookup tables for GPIO lookup
[   27.592324] asoc-simple-card sound: No GPIO consumer simple-audio-card,hp-det found
[   27.592340] asoc-simple-card sound: using DT '/sound' for 'simple-audio-card,mic-det' GPIO lookup
[   27.592364] of_get_named_gpiod_flags: can't parse 'simple-audio-card,mic-det-gpios' property of node '/sound[0]'
[   27.592390] of_get_named_gpiod_flags: can't parse 'simple-audio-card,mic-det-gpio' property of node '/sound[0]'
[   27.592409] asoc-simple-card sound: using lookup tables for GPIO lookup
[   27.592421] asoc-simple-card sound: No GPIO consumer simple-audio-card,mic-det found
[   27.725564] PM: Cannot get wkup_m3_ipc handle
[   27.882391] tda9950 0-0034: TDA9950 CEC interface, hardware version 3.3
[   27.959588] PM: Cannot get wkup_m3_ipc handle
[   28.970631] userial_init: registered 8 ttyGS* devices
[   29.230807] rndis_register: configNr = 0
[   29.338716] udc musb-hdrc.0: binding gadget driver [g_multi]
[   29.338812] configfs-gadget.g_multi gadget.0: adding 'rndis'/91339528 to config 'c'/3e70bf77
[   29.339965] configfs-gadget.g_multi gadget.0: HOST MAC 1c:ba:8c:a2:ed:6c
[   29.346970] configfs-gadget.g_multi gadget.0: MAC 1c:ba:8c:a2:ed:70
[   29.353368] rndis_set_param_medium: 0 0
[   29.353389] configfs-gadget.g_multi gadget.0: RNDIS: IN/ep1in OUT/ep1out NOTIFY/ep2in
[   29.353407] configfs-gadget.g_multi gadget.0: adding 'cdc_ethernet'/b3714d9e to config 'c'/3e70bf77
[   29.354303] configfs-gadget.g_multi gadget.0: HOST MAC 1c:ba:8c:a2:ed:6c
[   29.361065] configfs-gadget.g_multi gadget.0: MAC 1c:ba:8c:a2:ed:6d
[   29.367505] configfs-gadget.g_multi gadget.0: CDC Ethernet: IN/ep3in OUT/ep2out NOTIFY/ep4in
[   29.367528] configfs-gadget.g_multi gadget.0: adding 'acm'/a13b1be2 to config 'c'/3e70bf77
[   29.367576] configfs-gadget.g_multi gadget.0: acm ttyGS0: IN/ep5in OUT/ep3out NOTIFY/ep6in
[   29.370838] PM: Cannot get wkup_m3_ipc handle
[   30.540105] configfs-gadget.g_multi gadget.0: eth_open
[   30.619959] configfs-gadget.g_multi gadget.0: stop stats: rx/tx 0/0, errs 0/0
[   35.657689] gs_open: ttyGS0 (edade005,8863fb4d)
[   35.657842] gs_close: ttyGS0 (edade005,8863fb4d) ...
[   35.657864] gs_close: ttyGS0 (edade005,8863fb4d) done!
[   35.669838] gs_open: ttyGS0 (edade005,3691bda8)
[   35.669973] gs_close: ttyGS0 (edade005,3691bda8) ...
[   35.669994] gs_close: ttyGS0 (edade005,3691bda8) done!
[   35.887610] gs_open: ttyGS0 (9d1fe4c7,26e51d8c)
[   35.887847] gs_close: ttyGS0 (9d1fe4c7,26e51d8c) ...
[   35.887875] gs_close: ttyGS0 (9d1fe4c7,26e51d8c) done!
[   35.888252] gs_open: ttyGS0 (9d1fe4c7,26e51d8c)
KLLOFLGNPG 0
root@arm:~# echo 'QKSJ''JFNLUZ'
QKSJJFNLUZ
root@arm:~# MARKER='NKPF''WUEKPL' run 'modprobe test_linear_ranges'
NKPFWUEKPLNKPFWUEKPL 0
root@arm:~# echo 'TMNZ''CXUTGG'
TMNZCXUTGG
root@arm:~# MARKER='AEUV''AELCQC' run dmesg
AEUVAELCQC[    0.000000] Booting Linux on physical CPU 0x0
[    0.000000] Linux version 6.17.0-next-20251010 (user01@drvtest01) (arm-none-eabi-gcc (Arm GNU Toolchain 14.2.Rel1 (Build arm-14.52)) 14.2.1 20241119, GNU ld (Arm GNU Toolchain 14.2.Rel1 (Build arm-14.52)) 2.43.1.20241119) #1 SMP Fri Oct 10 16:00:37 EEST 2025
[    0.000000] CPU: ARMv7 Processor [413fc082] revision 2 (ARMv7), cr=10c5387d
[    0.000000] CPU: PIPT / VIPT nonaliasing data cache, VIPT aliasing instruction cache
[    0.000000] OF: fdt: Machine model: TI AM335x BeagleBone Black
[    0.000000] Memory policy: Data cache writeback
[    0.000000] cma: Reserved 16 MiB at 0x9e800000
[    0.000000] Zone ranges:
[    0.000000]   Normal   [mem 0x0000000080000000-0x000000009fdfffff]
[    0.000000]   HighMem  empty
[    0.000000] Movable zone start for each node
[    0.000000] Early memory node ranges
[    0.000000]   node   0: [mem 0x0000000080000000-0x000000009fdfffff]
[    0.000000] Initmem setup node 0 [mem 0x0000000080000000-0x000000009fdfffff]
[    0.000000] On node 0, zone Normal: 512 pages in unavailable ranges
[    0.000000] OF: reserved mem: Reserved memory: No reserved-memory node in the DT
[    0.000000] CPU: All CPU(s) started in SVC mode.
[    0.000000] AM335X ES2.1 (sgx neon)
[    0.000000] percpu: Embedded 17 pages/cpu s39884 r8192 d21556 u69632
[    0.000000] pcpu-alloc: s39884 r8192 d21556 u69632 alloc=17*4096
[    0.000000] pcpu-alloc: [0] 0 
[    0.000000] Kernel command line: console=ttyO0,115200n8 root=/dev/nfs rw nfsroot=192.168.255.126:/home/user01/nfs,nfsvers=3 ip=192.168.255.1:192.168.255.126::255.255.255.0:bbb1:eth0 nfsrootdebug
[    0.000000] Unknown kernel command line parameters "nfsrootdebug", will be passed to user space.
[    0.000000] printk: log buffer data + meta data: 65536 + 204800 = 270336 bytes
[    0.000000] Dentry cache hash table entries: 65536 (order: 6, 262144 bytes, linear)
[    0.000000] Inode-cache hash table entries: 32768 (order: 5, 131072 bytes, linear)
[    0.000000] Built 1 zonelists, mobility grouping on.  Total pages: 130560
[    0.000000] mem auto-init: stack:off, heap alloc:off, heap free:off
[    0.000000] SLUB: HWalign=16, Order=0-3, MinObjects=0, CPUs=1, Nodes=1
[    0.000000] rcu: Hierarchical RCU implementation.
[    0.000000] rcu: 	RCU event tracing is enabled.
[    0.000000] rcu: 	RCU restricting CPUs from NR_CPUS=2 to nr_cpu_ids=1.
[    0.000000] 	Tracing variant of Tasks RCU enabled.
[    0.000000] rcu: RCU calculated value of scheduler-enlistment delay is 10 jiffies.
[    0.000000] rcu: Adjusting geometry for rcu_fanout_leaf=16, nr_cpu_ids=1
[    0.000000] RCU Tasks Trace: Setting shift to 0 and lim to 1 rcu_task_cb_adjust=1 rcu_task_cpu_ids=1.
[    0.000000] NR_IRQS: 16, nr_irqs: 16, preallocated irqs: 16
[    0.000000] IRQ: Found an INTC at 0x(ptrval) (revision 5.0) with 128 interrupts
[    0.000000] rcu: srcu_init: Setting srcu_struct sizes based on contention.
[    0.000000] TI gptimer clocksource: always-on /ocp/interconnect@44c00000/segment@200000/target-module@31000
[    0.000002] sched_clock: 32 bits at 24MHz, resolution 41ns, wraps every 89478484971ns
[    0.000025] clocksource: dmtimer: mask: 0xffffffff max_cycles: 0xffffffff, max_idle_ns: 79635851949 ns
[    0.000489] TI gptimer clockevent: 24000000 Hz at /ocp/interconnect@48000000/segment@0/target-module@40000
[    0.002040] Console: colour dummy device 80x30
[    0.002104] WARNING: Your 'console=ttyO0' has been replaced by 'ttyS0'
[    0.002112] This ensures that you still see kernel messages. Please
[    0.002116] update your kernel commandline.
[    0.002159] Calibrating delay loop... 996.14 BogoMIPS (lpj=4980736)
[    0.090537] CPU: Testing write buffer coherency: ok
[    0.090651] CPU0: Spectre v2: using BPIALL workaround
[    0.090661] pid_max: default: 32768 minimum: 301
[    0.090836] LSM: initializing lsm=capability
[    0.090996] Mount-cache hash table entries: 1024 (order: 0, 4096 bytes, linear)
[    0.091015] Mountpoint-cache hash table entries: 1024 (order: 0, 4096 bytes, linear)
[    0.092589] CPU0: thread -1, cpu 0, socket -1, mpidr 0
[    0.092647] cacheinfo: Unable to detect cache hierarchy for CPU 0
[    0.094649] Setting up static identity map for 0x80100000 - 0x80100078
[    0.094956] rcu: Hierarchical SRCU implementation.
[    0.094965] rcu: 	Max phase no-delay instances is 1000.
[    0.096650] smp: Bringing up secondary CPUs ...
[    0.096703] smp: Brought up 1 node, 1 CPU
[    0.096716] SMP: Total of 1 processors activated (996.14 BogoMIPS).
[    0.096727] CPU: All CPU(s) started in SVC mode.
[    0.096926] Memory: 480864K/522240K available (11264K kernel code, 1226K rwdata, 2952K rodata, 1024K init, 256K bss, 23336K reserved, 16384K cma-reserved, 0K highmem)
[    0.097755] devtmpfs: initialized
[    0.115268] VFP support v0.3: implementor 41 architecture 3 part 30 variant c rev 3
[    0.115915] clocksource: jiffies: mask: 0xffffffff max_cycles: 0xffffffff, max_idle_ns: 19112604462750000 ns
[    0.115970] posixtimers hash table entries: 512 (order: 0, 4096 bytes, linear)
[    0.115997] futex hash table entries: 256 (16384 bytes on 1 NUMA nodes, total 16 KiB, linear).
[    0.117126] pinctrl core: initialized pinctrl subsystem
[    0.119219] NET: Registered PF_NETLINK/PF_ROUTE protocol family
[    0.122282] DMA: preallocated 256 KiB pool for atomic coherent allocations
[    0.122878] audit: initializing netlink subsys (disabled)
[    0.124219] thermal_sys: Registered thermal governor 'fair_share'
[    0.124233] thermal_sys: Registered thermal governor 'step_wise'
[    0.124242] thermal_sys: Registered thermal governor 'user_space'
[    0.124346] audit: type=2000 audit(0.120:1): state=initialized audit_enabled=0 res=1
[    0.124415] cpuidle: using governor menu
[    0.142286] /ocp/interconnect@44c00000/segment@200000/target-module@b000/i2c@0/tda19988@70: Fixed dependency cycle(s) with /ocp/interconnect@48000000/segment@300000/target-module@e000/lcdc@0
[    0.143401] /ocp/interconnect@48000000/segment@300000/target-module@e000/lcdc@0: Fixed dependency cycle(s) with /ocp/interconnect@44c00000/segment@200000/target-module@b000/i2c@0/tda19988@70
[    0.145608] No ATAGs?
[    0.145646] hw-breakpoint: debug architecture 0x4 unsupported.
[    0.148710] kprobes: kprobe jump-optimization is enabled. All kprobes are optimized if possible.
[    0.153802] iommu: Default domain type: Translated
[    0.153824] iommu: DMA domain TLB invalidation policy: strict mode
[    0.155381] reg-fixed-voltage fixedregulator0: using DT '/fixedregulator0' for '(default)' GPIO lookup
[    0.155432] of_get_named_gpiod_flags: can't parse 'gpios' property of node '/fixedregulator0[0]'
[    0.155460] of_get_named_gpiod_flags: can't parse 'gpio' property of node '/fixedregulator0[0]'
[    0.155479] reg-fixed-voltage fixedregulator0: using lookup tables for GPIO lookup
[    0.155489] reg-fixed-voltage fixedregulator0: No GPIO consumer (default) found
[    0.161704] SCSI subsystem initialized
[    0.162176] libata version 3.00 loaded.
[    0.162562] pps_core: LinuxPPS API ver. 1 registered
[    0.162572] pps_core: Software ver. 5.3.6 - Copyright 2005-2007 Rodolfo Giometti <giometti@linux.it>
[    0.162596] PTP clock support registered
[    0.171124] vgaarb: loaded
[    0.171500] clocksource: Switched to clocksource dmtimer
[    0.172170] VFS: Disk quotas dquot_6.6.0
[    0.172232] VFS: Dquot-cache hash table entries: 1024 (order 0, 4096 bytes)
[    0.196896] NET: Registered PF_INET protocol family
[    0.197235] IP idents hash table entries: 8192 (order: 4, 65536 bytes, linear)
[    0.198675] tcp_listen_portaddr_hash hash table entries: 512 (order: 0, 4096 bytes, linear)
[    0.198710] Table-perturb hash table entries: 65536 (order: 6, 262144 bytes, linear)
[    0.198727] TCP established hash table entries: 4096 (order: 2, 16384 bytes, linear)
[    0.198771] TCP bind hash table entries: 4096 (order: 4, 65536 bytes, linear)
[    0.198871] TCP: Hash tables configured (established 4096 bind 4096)
[    0.199000] UDP hash table entries: 256 (order: 1, 14336 bytes, linear)
[    0.199034] UDP-Lite hash table entries: 256 (order: 1, 14336 bytes, linear)
[    0.199237] NET: Registered PF_UNIX/PF_LOCAL protocol family
[    0.202705] RPC: Registered named UNIX socket transport module.
[    0.202728] RPC: Registered udp transport module.
[    0.202733] RPC: Registered tcp transport module.
[    0.202738] RPC: Registered tcp-with-tls transport module.
[    0.202743] RPC: Registered tcp NFSv4.1 backchannel transport module.
[    0.202769] PCI: CLS 0 bytes, default 64
[    0.204175] Initialise system trusted keyrings
[    0.212231] workingset: timestamp_bits=14 max_order=17 bucket_order=3
[    0.213669] NFS: Registering the id_resolver key type
[    0.213756] Key type id_resolver registered
[    0.213764] Key type id_legacy registered
[    0.213880] jffs2: version 2.2. (NAND) (SUMMARY)  Â© 2001-2006 Red Hat, Inc.
[    0.214351] Key type asymmetric registered
[    0.214368] Asymmetric key parser 'x509' registered
[    0.214447] io scheduler mq-deadline registered
[    0.214457] io scheduler kyber registered
[    0.214541] io scheduler bfq registered
[    0.216400] target-module@4b000000:target-module@140000:pmu@0:fck: device ID is greater than 24
[    0.221742] ledtrig-cpu: registered to indicate activity on CPUs
[    0.232129] Serial: 8250/16550 driver, 6 ports, IRQ sharing enabled
[    0.267207] brd: module loaded
[    0.287566] loop: module loaded
[    0.288494] mtdoops: mtd device (mtddev=name/number) must be supplied
[    0.290040] mdio_bus fixed-0: using lookup tables for GPIO lookup
[    0.290062] mdio_bus fixed-0: No GPIO consumer reset found
[    0.291615] i2c_dev: i2c /dev entries driver
[    0.292671] cpuidle: enable-method property 'ti,am3352' found operations
[    0.293126] sdhci: Secure Digital Host Controller Interface driver
[    0.293136] sdhci: Copyright(c) Pierre Ossman
[    0.293326] sdhci-pltfm: SDHCI platform and OF driver helper
[    0.301937] hw perfevents: enabled with armv7_cortex_a8 PMU driver, 5 (8000000f) counters available
[    0.302493] Initializing XFRM netlink socket
[    0.302665] NET: Registered PF_INET6 protocol family
[    0.304656] Segment Routing with IPv6
[    0.304739] In-situ OAM (IOAM) with IPv6
[    0.304832] sit: IPv6, IPv4 and MPLS over IPv4 tunneling driver
[    0.305788] NET: Registered PF_PACKET protocol family
[    0.305816] NET: Registered PF_KEY protocol family
[    0.305940] Key type dns_resolver registered
[    0.306171] ThumbEE CPU extension supported.
[    0.306190] Registering SWP/SWPB emulation handler
[    0.306716] omap_voltage_late_init: Voltage driver support not added
[    0.307371] SmartReflex Class3 initialized
[    0.343357] Loading compiled-in X.509 certificates
[    0.380622] /ocp/interconnect@44c00000/segment@200000/target-module@b000/i2c@0/tda19988@70: Fixed dependency cycle(s) with /ocp/interconnect@48000000/segment@300000/target-module@e000/lcdc@0
[    0.387121] /ocp/interconnect@44c00000/segment@200000/target-module@b000/i2c@0/tda19988@70: Fixed dependency cycle(s) with /ocp/interconnect@48000000/segment@300000/target-module@e000/lcdc@0
[    0.392776] gpiochip_find_base_unlocked: found new base at 512
[    0.429743] /ocp/interconnect@44c00000/segment@200000/target-module@b000/i2c@0/tda19988@70: Fixed dependency cycle(s) with /ocp/interconnect@48000000/segment@300000/target-module@e000/lcdc@0
[    0.430624] /ocp/interconnect@44c00000/segment@200000/target-module@b000/i2c@0/tda19988@70: Fixed dependency cycle(s) with /ocp/interconnect@48000000/segment@300000/target-module@e000/lcdc@0
[    0.434437] /ocp/interconnect@44c00000/segment@200000/target-module@10000/scm@0/pinmux@800: Fixed dependency cycle(s) with /ocp/interconnect@44c00000/segment@200000/target-module@10000/scm@0/pinmux@800/clkout2-pins
[    0.435039] pinctrl-single 44e10800.pinmux: 142 pins, size 568
[    0.440318] ti-sysc 44e31000.target-module: probe with driver ti-sysc failed with error -16
[    0.478937] /ocp/interconnect@48000000/segment@300000/target-module@e000/lcdc@0: Fixed dependency cycle(s) with /ocp/interconnect@44c00000/segment@200000/target-module@b000/i2c@0/tda19988@70
[    0.487280] ti-sysc 48040000.target-module: probe with driver ti-sysc failed with error -16
[    0.498866] gpiochip_find_base_unlocked: found new base at 512
[    0.498968] gpio gpiochip0: (gpio-0-31): created GPIO range 0->7 ==> 44e10800.pinmux PIN 0->7
[    0.498995] gpio gpiochip0: (gpio-0-31): created GPIO range 8->11 ==> 44e10800.pinmux PIN 90->93
[    0.499013] gpio gpiochip0: (gpio-0-31): created GPIO range 12->27 ==> 44e10800.pinmux PIN 12->27
[    0.499029] gpio gpiochip0: (gpio-0-31): created GPIO range 28->31 ==> 44e10800.pinmux PIN 30->33
[    0.525984] gpio gpiochip0: (gpio-0-31): added GPIO chardev (254:0)
[    0.526234] gpio gpiochip0: registered GPIOs 512 to 543 on gpio-0-31
[    0.526321] OMAP GPIO hardware version 0.1
[    0.560889] i2c i2c-2: using DT '/ocp/interconnect@48000000/segment@100000/target-module@9c000/i2c@0' for 'scl' GPIO lookup
[    0.560960] of_get_named_gpiod_flags: can't parse 'scl-gpios' property of node '/ocp/interconnect@48000000/segment@100000/target-module@9c000/i2c@0[0]'
[    0.561003] of_get_named_gpiod_flags: can't parse 'scl-gpio' property of node '/ocp/interconnect@48000000/segment@100000/target-module@9c000/i2c@0[0]'
[    0.561040] i2c i2c-2: using lookup tables for GPIO lookup
[    0.561050] i2c i2c-2: No GPIO consumer scl found
[    0.561072] i2c i2c-2: using DT '/ocp/interconnect@48000000/segment@100000/target-module@9c000/i2c@0' for 'sda' GPIO lookup
[    0.561107] of_get_named_gpiod_flags: can't parse 'sda-gpios' property of node '/ocp/interconnect@48000000/segment@100000/target-module@9c000/i2c@0[0]'
[    0.561144] of_get_named_gpiod_flags: can't parse 'sda-gpio' property of node '/ocp/interconnect@48000000/segment@100000/target-module@9c000/i2c@0[0]'
[    0.561175] i2c i2c-2: using lookup tables for GPIO lookup
[    0.561182] i2c i2c-2: No GPIO consumer sda found
[    0.562108] omap_i2c 4819c000.i2c: bus 2 rev0.11 at 100 kHz
[    0.567671] gpiochip_find_base_unlocked: found new base at 544
[    0.567782] gpio gpiochip1: (gpio-32-63): created GPIO range 0->17 ==> 44e10800.pinmux PIN 34->51
[    0.567802] gpio gpiochip1: (gpio-32-63): created GPIO range 18->21 ==> 44e10800.pinmux PIN 77->80
[    0.567818] gpio gpiochip1: (gpio-32-63): created GPIO range 22->31 ==> 44e10800.pinmux PIN 56->65
[    0.586536] gpio gpiochip1: (gpio-32-63): added GPIO chardev (254:1)
[    0.586767] gpio gpiochip1: registered GPIOs 544 to 575 on gpio-32-63
[    0.589076] gpiochip_find_base_unlocked: found new base at 576
[    0.589169] gpio gpiochip2: (gpio-64-95): created GPIO range 0->4 ==> 44e10800.pinmux PIN 66->70
[    0.589189] gpio gpiochip2: (gpio-64-95): created GPIO range 5->6 ==> 44e10800.pinmux PIN 98->99
[    0.589204] gpio gpiochip2: (gpio-64-95): created GPIO range 7->8 ==> 44e10800.pinmux PIN 75->76
[    0.589219] gpio gpiochip2: (gpio-64-95): created GPIO range 13->13 ==> 44e10800.pinmux PIN 141->141
[    0.589235] gpio gpiochip2: (gpio-64-95): created GPIO range 14->21 ==> 44e10800.pinmux PIN 100->107
[    0.589890] gpio gpiochip2: (gpio-64-95): added GPIO chardev (254:2)
[    0.590082] gpio gpiochip2: registered GPIOs 576 to 607 on gpio-64-95
[    0.595987] 48000000.interconnect:segment@200000:target-module@0:mpu@0:fck: device ID is greater than 24
[    0.596900] /ocp/interconnect@48000000/segment@300000/target-module@e000/lcdc@0: Fixed dependency cycle(s) with /ocp/interconnect@44c00000/segment@200000/target-module@b000/i2c@0/tda19988@70
[    0.599716] /ocp/interconnect@48000000/segment@300000/target-module@e000/lcdc@0: Fixed dependency cycle(s) with /ocp/interconnect@44c00000/segment@200000/target-module@b000/i2c@0/tda19988@70
[    0.600409] /ocp/interconnect@44c00000/segment@200000/target-module@b000/i2c@0/tda19988@70: Fixed dependency cycle(s) with /ocp/interconnect@48000000/segment@300000/target-module@e000/lcdc@0
[    0.600585] /ocp/interconnect@48000000/segment@300000/target-module@e000/lcdc@0: Fixed dependency cycle(s) with /ocp/interconnect@44c00000/segment@200000/target-module@b000/i2c@0/tda19988@70
[    0.607949] sdhci-omap 481d8000.mmc: using DT '/ocp/interconnect@48000000/segment@100000/target-module@d8000/mmc@0' for 'wp' GPIO lookup
[    0.608022] of_get_named_gpiod_flags: can't parse 'wp-gpios' property of node '/ocp/interconnect@48000000/segment@100000/target-module@d8000/mmc@0[0]'
[    0.608065] of_get_named_gpiod_flags: can't parse 'wp-gpio' property of node '/ocp/interconnect@48000000/segment@100000/target-module@d8000/mmc@0[0]'
[    0.608102] sdhci-omap 481d8000.mmc: using lookup tables for GPIO lookup
[    0.608112] sdhci-omap 481d8000.mmc: No GPIO consumer wp found
[    0.608307] sdhci-omap 481d8000.mmc: supply pbias not found, using dummy regulator
[    0.608795] sdhci-omap 481d8000.mmc: supply vqmmc not found, using dummy regulator
[    0.640407] mdio_bus 4a101000.mdio: using DT '/ocp/interconnect@4a000000/segment@0/target-module@100000/switch@0/mdio@1000' for 'reset' GPIO lookup
[    0.640486] of_get_named_gpiod_flags: can't parse 'reset-gpios' property of node '/ocp/interconnect@4a000000/segment@0/target-module@100000/switch@0/mdio@1000[0]'
[    0.640533] of_get_named_gpiod_flags: can't parse 'reset-gpio' property of node '/ocp/interconnect@4a000000/segment@0/target-module@100000/switch@0/mdio@1000[0]'
[    0.640581] mdio_bus 4a101000.mdio: using lookup tables for GPIO lookup
[    0.640591] mdio_bus 4a101000.mdio: No GPIO consumer reset found
[    0.700412] davinci_mdio 4a101000.mdio: davinci mdio revision 1.6, bus freq 1000000
[    0.715384] mdio_bus 4a101000.mdio:00: using DT '/ocp/interconnect@4a000000/segment@0/target-module@100000/switch@0/mdio@1000/ethernet-phy@0' for 'reset' GPIO lookup
[    0.715481] of_get_named_gpiod_flags: parsed 'reset-gpios' property of node '/ocp/interconnect@4a000000/segment@0/target-module@100000/switch@0/mdio@1000/ethernet-phy@0[0]' - status (0)
[    0.715646] gpio gpiochip0: Persistence not supported for GPIO 8
[    0.841289] davinci_mdio 4a101000.mdio: phy[0]: device 4a101000.mdio:00, driver SMSC LAN8710/LAN8720
[    0.842148] cpsw-switch 4a100000.switch: initialized cpsw ale version 1.4
[    0.842172] cpsw-switch 4a100000.switch: ALE Table size 1024, Policers 0
[    0.856168] cpsw-switch 4a100000.switch: cpts: overflow check period 500 (jiffies)
[    0.856194] cpsw-switch 4a100000.switch: CPTS: ref_clk_freq:250000000 calc_mult:2147483648 calc_shift:29 error:0 nsec/sec
[    0.856300] cpsw-switch 4a100000.switch: Detected MACID = 6c:ec:eb:68:de:78
[    0.858182] cpsw-switch 4a100000.switch: initialized (regs 0x4a100000, pool size 256) hw_ver:0019010C 1.12 (0)
[    0.870492] debugfs: '49000000.dma' already exists in 'dmaengine'
[    0.870536] edma 49000000.dma: TI EDMA DMA engine driver
[    0.951220] gpio-clk clk_mcasp0: using DT '/clk_mcasp0' for 'enable' GPIO lookup
[    0.951298] of_get_named_gpiod_flags: parsed 'enable-gpios' property of node '/clk_mcasp0[0]' - status (0)
[    0.951343] gpio gpiochip0: Persistence not supported for GPIO 27
[    0.952380] gpiochip_find_base_unlocked: found new base at 608
[    0.952494] gpio gpiochip3: (gpio-96-127): created GPIO range 0->7 ==> 44e10800.pinmux PIN 82->89
[    0.952515] gpio gpiochip3: (gpio-96-127): created GPIO range 8->11 ==> 44e10800.pinmux PIN 52->55
[    0.952531] gpio gpiochip3: (gpio-96-127): created GPIO range 12->15 ==> 44e10800.pinmux PIN 94->97
[    0.952546] gpio gpiochip3: (gpio-96-127): created GPIO range 16->17 ==> 44e10800.pinmux PIN 71->72
