Labgrid Console Logfile for main
Logfile started at 2025-09-25 12:30:06.439944
=== Log starts here ===
reading args
spl_load_image_fat_os: error reading image args, err - -1
reading u-boot.img
reading u-boot.img


U-Boot 2014.04-00014-g47880f5 (Apr 22 2014 - 13:23:54)

I2C:   ready
DRAM:  512 MiB
NAND:  0 MiB
MMC:   OMAP SD/MMC: 0, OMAP SD/MMC: 1
*** Warning - readenv() failed, using default environment

Net:   <ethaddr> not set. Validating first E-fuse MAC
cpsw, usb_ether
Hit any key to stop autoboot:  1  0 
gpio: pin 53 (gpio 53) value is 1
mmc0 is current device
gpio: pin 54 (gpio 54) value is 1
SD/MMC found on device 0
reading uEnv.txt
569 bytes read in 4 ms (138.7 KiB/s)
gpio: pin 55 (gpio 55) value is 1
Loaded environment from uEnv.txt
Importing environment from mmc ...
Checking if uenvcmd is set ...
gpio: pin 56 (gpio 56) value is 1
Running uenvcmd ...
cpsw Waiting for PHY auto negotiation to complete. done
link up on port 0, speed 100, full duplex
Using cpsw device
TFTP from server 192.168.255.126; our IP address is 192.168.255.1
Filename 'zImage'.
Load address: 0x81000000
Loading: *#################################################################
	 #################################################################
	 #################################################################
	 #################################################################
	 #################################################################
	 #############################
	 2.4 MiB/s
done
Bytes transferred = 5187672 (4f2858 hex)
link up on port 0, speed 100, full duplex
Using cpsw device
TFTP from server 192.168.255.126; our IP address is 192.168.255.1
Filename 'am335x-boneblack.dtb'.
Load address: 0x82000000
Loading: *#######
	 1.8 MiB/s
done
Bytes transferred = 97756 (17ddc hex)
Kernel image @ 0x81000000 [ 0x000000 - 0x4f2858 ]
## Flattened Device Tree blob at 82000000
   Booting using the fdt blob at 0x82000000
   Using Device Tree in place at 82000000, end 8201addb

Starting kernel ...

[    0.000000] Booting Linux on physical CPU 0x0
[    0.000000] Linux version 6.1.154 (user01@drvtest01) (arm-none-eabi-gcc (Arm GNU Toolchain 14.2.Rel1 (Build arm-14.52)) 14.2.1 20241119, GNU ld (Arm GNU Toolchain 14.2.Rel1 (Build arm-14.52)) 2.43.1.20241119) #1 SMP Thu Sep 25 12:28:34 EEST 2025
[    0.000000] CPU: ARMv7 Processor [413fc082] revision 2 (ARMv7), cr=10c5387d
[    0.000000] CPU: PIPT / VIPT nonaliasing data cache, VIPT aliasing instruction cache
[    0.000000] OF: fdt: Machine model: TI AM335x BeagleBone Black
[    0.000000] Memory policy: Data cache writeback
[    0.000000] cma: Reserved 16 MiB at 0x9ec00000
[    0.000000] Zone ranges:
[    0.000000]   Normal   [mem 0x0000000080000000-0x000000009fdfffff]
[    0.000000]   HighMem  empty
[    0.000000] Movable zone start for each node
[    0.000000] Early memory node ranges
[    0.000000]   node   0: [mem 0x0000000080000000-0x000000009fdfffff]
[    0.000000] Initmem setup node 0 [mem 0x0000000080000000-0x000000009fdfffff]
[    0.000000] CPU: All CPU(s) started in SVC mode.
[    0.000000] AM335X ES2.1 (sgx neon)
[    0.000000] percpu: Embedded 16 pages/cpu s34196 r8192 d23148 u65536
[    0.000000] Built 1 zonelists, mobility grouping on.  Total pages: 129412
[    0.000000] Kernel command line: console=ttyO0,115200n8 root=/dev/nfs rw nfsroot=192.168.255.126:/home/user01/nfs,nfsvers=3 ip=192.168.255.1:192.168.255.126::255.255.255.0:bbb1:eth0 nfsrootdebug
[    0.000000] Unknown kernel command line parameters "nfsrootdebug", will be passed to user space.
[    0.000000] Dentry cache hash table entries: 65536 (order: 6, 262144 bytes, linear)
[    0.000000] Inode-cache hash table entries: 32768 (order: 5, 131072 bytes, linear)
[    0.000000] mem auto-init: stack:off, heap alloc:off, heap free:off
[    0.000000] Memory: 484644K/522240K available (10240K kernel code, 1145K rwdata, 2604K rodata, 1024K init, 286K bss, 21212K reserved, 16384K cma-reserved, 0K highmem)
[    0.000000] SLUB: HWalign=64, Order=0-3, MinObjects=0, CPUs=1, Nodes=1
[    0.000000] trace event string verifier disabled
[    0.000000] rcu: Hierarchical RCU implementation.
[    0.000000] rcu: 	RCU event tracing is enabled.
[    0.000000] rcu: 	RCU restricting CPUs from NR_CPUS=2 to nr_cpu_ids=1.
[    0.000000] rcu: RCU calculated value of scheduler-enlistment delay is 10 jiffies.
[    0.000000] rcu: Adjusting geometry for rcu_fanout_leaf=16, nr_cpu_ids=1
[    0.000000] NR_IRQS: 16, nr_irqs: 16, preallocated irqs: 16
[    0.000000] IRQ: Found an INTC at 0x(ptrval) (revision 5.0) with 128 interrupts
[    0.000000] rcu: srcu_init: Setting srcu_struct sizes based on contention.
[    0.000000] TI gptimer clocksource: always-on /ocp/interconnect@44c00000/segment@200000/target-module@31000
[    0.000003] sched_clock: 32 bits at 24MHz, resolution 41ns, wraps every 89478484971ns
[    0.000027] clocksource: dmtimer: mask: 0xffffffff max_cycles: 0xffffffff, max_idle_ns: 79635851949 ns
[    0.000453] TI gptimer clockevent: 24000000 Hz at /ocp/interconnect@48000000/segment@0/target-module@40000
[    0.002013] Console: colour dummy device 80x30
[    0.002060] WARNING: Your 'console=ttyO0' has been replaced by 'ttyS0'
[    0.002067] This ensures that you still see kernel messages. Please
[    0.002072] update your kernel commandline.
[    0.002115] Calibrating delay loop... 996.14 BogoMIPS (lpj=4980736)
[    0.090497] CPU: Testing write buffer coherency: ok
[    0.090593] CPU0: Spectre v2: using BPIALL workaround
[    0.090604] pid_max: default: 32768 minimum: 301
[    0.090735] LSM: Security Framework initializing
[    0.090905] Mount-cache hash table entries: 1024 (order: 0, 4096 bytes, linear)
[    0.090924] Mountpoint-cache hash table entries: 1024 (order: 0, 4096 bytes, linear)
[    0.092410] CPU0: thread -1, cpu 0, socket -1, mpidr 0
[    0.093655] Setting up static identity map for 0x80100000 - 0x80100078
[    0.093888] rcu: Hierarchical SRCU implementation.
[    0.093896] rcu: 	Max phase no-delay instances is 1000.
[    0.095193] smp: Bringing up secondary CPUs ...
[    0.095211] smp: Brought up 1 node, 1 CPU
[    0.095221] SMP: Total of 1 processors activated (996.14 BogoMIPS).
[    0.095233] CPU: All CPU(s) started in SVC mode.
[    0.096119] devtmpfs: initialized
[    0.111054] VFP support v0.3: implementor 41 architecture 3 part 30 variant c rev 3
[    0.111371] clocksource: jiffies: mask: 0xffffffff max_cycles: 0xffffffff, max_idle_ns: 19112604462750000 ns
[    0.111406] futex hash table entries: 256 (order: 2, 16384 bytes, linear)
[    0.112729] pinctrl core: initialized pinctrl subsystem
[    0.114623] NET: Registered PF_NETLINK/PF_ROUTE protocol family
[    0.116631] DMA: preallocated 256 KiB pool for atomic coherent allocations
[    0.117187] audit: initializing netlink subsys (disabled)
[    0.118368] thermal_sys: Registered thermal governor 'fair_share'
[    0.118386] thermal_sys: Registered thermal governor 'step_wise'
[    0.118391] thermal_sys: Registered thermal governor 'user_space'
[    0.118510] cpuidle: using governor menu
[    0.135160] /ocp/interconnect@44c00000/segment@200000/target-module@b000/i2c@0/tda19988@70: Fixed dependency cycle(s) with /ocp/interconnect@48000000/segment@300000/target-module@e000/lcdc@0
[    0.136202] /ocp/interconnect@48000000/segment@300000/target-module@e000/lcdc@0: Fixed dependency cycle(s) with /ocp/interconnect@44c00000/segment@200000/target-module@b000/i2c@0/tda19988@70
[    0.138207] No ATAGs?
[    0.138226] hw-breakpoint: debug architecture 0x4 unsupported.
[    0.146782] audit: type=2000 audit(0.110:1): state=initialized audit_enabled=0 res=1
[    0.147074] kprobes: kprobe jump-optimization is enabled. All kprobes are optimized if possible.
[    0.164660] iommu: Default domain type: Translated 
[    0.164673] iommu: DMA domain TLB invalidation policy: strict mode 
[    0.166092] SCSI subsystem initialized
[    0.166935] pps_core: LinuxPPS API ver. 1 registered
[    0.166945] pps_core: Software ver. 5.3.6 - Copyright 2005-2007 Rodolfo Giometti <giometti@linux.it>
[    0.166967] PTP clock support registered
[    0.168398] vgaarb: loaded
[    0.180580] clocksource: Switched to clocksource dmtimer
[    0.181211] VFS: Disk quotas dquot_6.6.0
[    0.181281] VFS: Dquot-cache hash table entries: 1024 (order 0, 4096 bytes)
[    0.193011] NET: Registered PF_INET protocol family
[    0.193342] IP idents hash table entries: 8192 (order: 4, 65536 bytes, linear)
[    0.194709] tcp_listen_portaddr_hash hash table entries: 512 (order: 0, 4096 bytes, linear)
[    0.194756] Table-perturb hash table entries: 65536 (order: 6, 262144 bytes, linear)
[    0.194776] TCP established hash table entries: 4096 (order: 2, 16384 bytes, linear)
[    0.194825] TCP bind hash table entries: 4096 (order: 4, 65536 bytes, linear)
[    0.194925] TCP: Hash tables configured (established 4096 bind 4096)
[    0.195041] UDP hash table entries: 256 (order: 1, 8192 bytes, linear)
[    0.195069] UDP-Lite hash table entries: 256 (order: 1, 8192 bytes, linear)
[    0.195243] NET: Registered PF_UNIX/PF_LOCAL protocol family
[    0.196432] RPC: Registered named UNIX socket transport module.
[    0.196451] RPC: Registered udp transport module.
[    0.196457] RPC: Registered tcp transport module.
[    0.196462] RPC: Registered tcp NFSv4.1 backchannel transport module.
[    0.196480] PCI: CLS 0 bytes, default 64
[    0.197914] Initialise system trusted keyrings
[    0.209237] workingset: timestamp_bits=14 max_order=17 bucket_order=3
[    0.218204] NFS: Registering the id_resolver key type
[    0.218304] Key type id_resolver registered
[    0.218312] Key type id_legacy registered
[    0.218368] jffs2: version 2.2. (NAND) (SUMMARY)  Â© 2001-2006 Red Hat, Inc.
[    0.219349] Key type asymmetric registered
[    0.219369] Asymmetric key parser 'x509' registered
[    0.219511] io scheduler mq-deadline registered
[    0.219521] io scheduler kyber registered
[    0.219759] io scheduler bfq registered
[    0.233109] hw perfevents: enabled with armv7_cortex_a8 PMU driver, 5 counters available
[    0.241330] l3-aon-clkctrl:0000:0: failed to disable
[    0.241667] Serial: 8250/16550 driver, 6 ports, IRQ sharing enabled
[    0.290845] brd: module loaded
[    0.298081] loop: module loaded
[    0.299123] mtdoops: mtd device (mtddev=name/number) must be supplied
[    0.301578] i2c_dev: i2c /dev entries driver
[    0.302467] cpuidle: enable-method property 'ti,am3352' found operations
[    0.302886] sdhci: Secure Digital Host Controller Interface driver
[    0.302897] sdhci: Copyright(c) Pierre Ossman
[    0.303069] sdhci-pltfm: SDHCI platform and OF driver helper
[    0.303326] ledtrig-cpu: registered to indicate activity on CPUs
[    0.304053] Initializing XFRM netlink socket
[    0.304613] NET: Registered PF_INET6 protocol family
[    0.315868] Segment Routing with IPv6
[    0.315944] In-situ OAM (IOAM) with IPv6
[    0.316038] sit: IPv6, IPv4 and MPLS over IPv4 tunneling driver
[    0.316919] NET: Registered PF_PACKET protocol family
[    0.316948] NET: Registered PF_KEY protocol family
[    0.317048] Key type dns_resolver registered
[    0.317160] ThumbEE CPU extension supported.
[    0.317176] Registering SWP/SWPB emulation handler
[    0.317686] omap_voltage_late_init: Voltage driver support not added
[    0.318311] SmartReflex Class3 initialized
[    0.319495] Loading compiled-in X.509 certificates
[    0.379936] /ocp/interconnect@44c00000/segment@200000/target-module@b000/i2c@0/tda19988@70: Fixed dependency cycle(s) with /ocp/interconnect@48000000/segment@300000/target-module@e000/lcdc@0
[    0.385875] /ocp/interconnect@44c00000/segment@200000/target-module@b000/i2c@0/tda19988@70: Fixed dependency cycle(s) with /ocp/interconnect@48000000/segment@300000/target-module@e000/lcdc@0
[    0.393578] /ocp/interconnect@44c00000/segment@200000/target-module@b000/i2c@0/tda19988@70: Fixed dependency cycle(s) with /ocp/interconnect@48000000/segment@300000/target-module@e000/lcdc@0
[    0.394380] /ocp/interconnect@44c00000/segment@200000/target-module@b000/i2c@0/tda19988@70: Fixed dependency cycle(s) with /ocp/interconnect@48000000/segment@300000/target-module@e000/lcdc@0
[    0.397444] /ocp/interconnect@44c00000/segment@200000/target-module@10000/scm@0/pinmux@800: Fixed dependency cycle(s) with /ocp/interconnect@44c00000/segment@200000/target-module@10000/scm@0/pinmux@800/pinmux_clkout2_pin
[    0.398039] pinctrl-single 44e10800.pinmux: 142 pins, size 568
[    0.402928] ti-sysc: probe of 44e31000.target-module failed with error -16
[    0.451243] /ocp/interconnect@48000000/segment@300000/target-module@e000/lcdc@0: Fixed dependency cycle(s) with /ocp/interconnect@44c00000/segment@200000/target-module@b000/i2c@0/tda19988@70
[    0.458404] ti-sysc: probe of 48040000.target-module failed with error -16
[    0.469018] gpio gpiochip0: (gpio-0-31): not an immutable chip, please consider fixing it!
[    0.499401] OMAP GPIO hardware version 0.1
[    0.524999] omap_i2c 4819c000.i2c: bus 2 rev0.11 at 100 kHz
[    0.530453] gpio gpiochip1: (gpio-32-63): not an immutable chip, please consider fixing it!
[    0.546422] gpio gpiochip2: (gpio-64-95): not an imm utable chip, please consider fixing it!
[    0.552977] /ocp/interconnect@48000000/segment@300000/target-module@e000/lcdc@0: Fixed dependency cycle(s) with /ocp/interconnect@44c00000/segment@200000/target-module@b000/i2c@0/tda19988@70
[    0.555571] /ocp/interconnect@48000000/segment@300000/target-module@e000/lcdc@0: Fixed dependency cycle(s) with /ocp/interconnect@44c00000/segment@200000/target-module@b000/i2c@0/tda19988@70
[    0.556208] /ocp/interconnect@44c00000/segment@200000/target-module@b000/i2c @0/tda19988@70: Fixed dependency cycle(s) with /ocp/interconnect@48000000/segment@300000/target-module@e000/lcdc@0
[    0.556362] /ocp/interconnect@48000000/segment@300000/target-module@e000/lcdc@0: Fixed dependency cycle(s) with /ocp/interconnect@44c00000/segment@200000/target-module@b000/i2c@0/tda19988@70
[    0.566549] sdhci-omap 481d8000.mmc: supply pbias not found, using dummy regulator
[    0.566984] sdhci-omap 481d8000.mmc: supply vqmmc not found, using dummy regulator
[    0.624355] davinci_mdio 4a101000.mdio: davinci mdio revision 1.6, bus freq 1000000
[    0.795370] davinci_mdio 4a101000.mdio: phy[0]: device 4a101000.mdio:00, driver SMSC LAN8710/LAN8720
[    0.795970] cpsw-switch 4a100000.switch: initialized cpsw ale version 1.4
[    0.795991] cpsw-switch 4a100000.switch: ALE Table size 1024
[    0.809573] cpsw-switch 4a100000.switch: cpts: overflow check period 500 (jiffies)
[    0.809597] cpsw-switch 4a100000.switch: CPTS: ref_clk_freq:250000000 calc_mult:2147483648 calc_shift:29 error:0 nsec/sec
[    0.809689] cpsw-switch 4a100000.switch: Detected MACID = 6c:ec:eb:68:de:78
[    0.811362] cpsw-switch 4a100000.switch: initialized (regs 0x4a100000, pool size 256) hw_ver:0019010C 1.12 (0)
[    0.821290] debugfs: Directory '49000000.dma' with parent 'dmaengine' already present!
[    0.821330] edma 49000000.dma: TI EDMA DMA engine driver
[    0.848453] gpio gpiochip3: (gpio-96-127): not an immutable chip, please consider fixing it!
[    0.864697] 44e09000.serial: ttyS0 at MMIO 0x44e09000 (ir
[    5.689421] cpsw-switch 4a100000.switch eth0: Link is Up - 100Mbps/Full - flow control off
[    5.697812] IPv6: ADDRCONF(NETDEV_CHANGE): eth0: link becomes ready
[    5.728707] IP-Config: Complete:
[    5.731965]      device=eth0, hwaddr=6c:ec:eb:68:de:78, ipaddr=192.168.255.1, mask=255.255.255.0, gw=255.255.255.255
[    5.742576]      host=bbb1, domain=, nis-domain=(none)
[    5.747740]      bootserver=192.168.255.126, rootserver=192.168.255.126, rootpath=
[    5.748134] clk: Disabling unused clocks
[    5.759999] KTAP version 1
[    5.762728] 1..0
[    5.790537] VFS: Mounted root (nfs filesystem) on device 0:16.
[    5.797256] devtmpfs: mounted
[    5.801760] Freeing unused kernel image (initmem) memory: 1024K
[    5.808267] Run /sbin/init as init process
[    6.479909] systemd[1]: System time before build time, advancing clock.
[    7.948700] random: crng init done
[    8.020030] systemd[1]: systemd 232 running in system mode. (+PAM +AUDIT +SELINUX +IMA +APPARMOR +SMACK +SYSVINIT +UTMP +LIBCRYPTSETUP +GCRYPT +GNUTLS +ACL +XZ +LZ4 +SECCOMP +BLKID +ELFUTILS +KMOD +IDN)
[    8.039244] systemd[1]: Detected architecture arm.

Welcome to [1mDebian GNU/Linux 9 (stretch)[0m!

[    8.100131] systemd[1]: Set hostname to <arm>.
[    9.190444] systemd[1]: Started Forward Password Requests to Wall Directory Watch.
[[0;32m  OK  [0m] Started Forward Password Requests to Wall Directory Watch.
[    9.230448] systemd[1]: Created slice System Slice.
[[0;32m  OK  [0m] Created slice System Slice.
[    9.269361] systemd[1]: Listening on udev Kernel Socket.
[[0;32m  OK  [0m] Listening on udev Kernel Socket.
[    9.310514] systemd[1]: Listening on /dev/initctl Compatibility Named Pipe.
[[0;32m  OK  [0m] Listening on /dev/initctl Compatibility Named Pipe.
[    9.349083] systemd[1]: Reached target Remote File Systems.
[[0;32m  OK  [0m] Reached target Remote File Systems.
[    9.389082] systemd[1]: dev-hugepages.mount: Couldn't determine result for ConditionVirtualization=!private-users, assuming failed: No such file or directory
[    9.404565] systemd[1]: Created slice system-getty.slice.
[[0;32m  OK  [0m] Created slice system-getty.slice.
         Mounting POSIX Message Queue File System...
[[0;32m  OK  [0m] Listening on udev Control Socket.
[[0;32m  OK  [0m] Set up automount Arbitrary Executabâ€¦rmats File System Automount Point.
[[0;32m  OK  [0m] Listening on Journal Audit Socket.
[[0;32m  OK  [0m] Started Dispatch Password Requests to Console Directory Watch.
[[0;32m  OK  [0m] Reached target Paths.
[[0;32m  OK  [0m] Created slice system-serial\x2dgetty.slice.
[[0;32m  OK  [0m] Created slice User and Session Slice.
[[0;32m  OK  [0m] Reached target Slices.
[[0;32m  OK  [0m] Reached target Swap.
[[0;32m  OK  [0m] Reached target Encrypted Volumes.
[[0;32m  OK  [0m] Listening on Syslog Socket.
[[0;32m  OK  [0m] Listening on Journal Socket.
         Starting Create list of required stâ€¦ce nodes for the current kernel...
         Starting Remount Root and Kernel File Systems...
         Starting Load Kernel Modules...
[[0;32m  OK  [0m] Listening on Journal Socket (/dev/log).
         Starting Journal Service...
         Mounting Debug File System...
[[0;32m  OK  [0m] Mounted POSIX Message Queue File System.
[[0;32m  OK  [0m] Started Create list of required staâ€¦vice nodes for the current kernel.
[[0;32m  OK  [0m] Started Remount Root and Kernel File Systems.
[[0;32m  OK  [0m] Mounted Debug File System.
         Starting udev Coldplug all Devices...
         Starting Load/Save Random Seed...
         Starting Create Static Device Nodes in /dev...
[[0;32m  OK  [0m] Started Load Kernel Modules.
         Starting Apply Kernel Variables...
         Mounting Configuration File System...
[[0;32m  OK  [0m] Started Load/Save Random Seed.
[[0;32m  OK  [0m] Mounted Configuration File System.
[[0;32m  OK  [0m] Started Apply Kernel Variables.
[[0;32m  OK  [0m] Started Create Static Device Nodes in /dev.
         Starting udev Kernel Device Manager...
[[0;32m  OK  [0m] Reached target Local File Systems (Pre).
[[0;32m  OK  [0m] Reached target Local File Systems.
         Starting Raise network interfaces...
[[0;32m  OK  [0m] Started Journal Service.
         Starting Flush Journal to Persistent Storage...
[   12.018019] systemd-journald[101]: Received request to flush runtime journal from PID 1
[[0;32m  OK  [0m] Started Flush Journal to Persistent Storage.
         Starting Create Volatile Files and Directories...
[[0;32m  OK  [0m] Started udev Kernel Device Manager.
[[0;32m  OK  [0m] Started Create Volatile Files and Directories.
         Starting Update UTMP about System Boot/Shutdown...
         Starting Network Time Synchronization...
[[0;32m  OK  [0m] Started Update UTMP about System Boot/Shutdown.
[[0;32m  OK  [0m] Started Network Time Synchronization.
[[0;32m  OK  [0m] Reached target System Time Synchronized.
[[0;32m  OK  [0m] Started udev Coldplug all Devices.
[[0;32m  OK  [0m] Reached target System Initialization.
[[0;32m  OK  [0m] Listening on Avahi mDNS/DNS-SD Stack Activation Socket.
[[0;32m  OK  [0m] Started Daily Cleanup of Temporary Directories.
[[0;32m  OK  [0m] Listening on D-Bus System Message Bus Socket.
[[0;32m  OK  [0m] Reached target Sockets.
[[0;32m  OK  [0m] Reached target Basic System.
[   14.907194] remoteproc remoteproc0: wkup_m3 is available
[[0;32m  OK  [0m] Started Regular background program processing daemon.
[   15.180769] at24 2-0054: supply vcc not found, using dummy regulator
         Starting DUN service...
         Starting Generic Board Startup...
[   15.339626] at24 2-0055: supply vcc not found, using dummy regulator
         Starting LSB: Start busybox udhcpd at boot time...
[   15.440036] tps6521x_pwrbutton tps65217-pwrbutton: DMA mask not set
[   15.471567] at24 2-0056: supply vcc not found, using dummy regulator
         Starting System Logging Service...
[   15.613047] omap_rtc 44e3e000.rtc: registered as rtc0
[   15.618245] omap_rtc 44e3e000.rtc: setting system clock to 2000-01-01T00:00:00 UTC (946684800)
[   15.649031] omap_wdt: OMAP Watchdog Timer Rev 0x01: initial timeout 60 sec
[   15.659925] input: tps65217_pwrbutton as /devices/platform/ocp/44c00000.interconnect/44c00000.interconnect:segment@200000/44e0b000.target-module/44e0b000.i2c/i2c-0/0-0024/tps65217-pwrbutton/input/input0
[   15.683681] at24 2-0057: supply vcc not found, using dummy regulator
         Starting Telephony service...
[   15.849792] at24 0-0050: 32768 byte 24c256 EEPROM, writable, 1 bytes/write
         Starting Avahi mDNS/DNS-SD Stack...
[[0;32m  OK  [0m] Started Daily apt download activities.
[[0;32m  OK  [0m] Started D-Bus System Message Bus.
[   16.391060] wkup_m3_ipc 44e11324.wkup_m3_ipc: IPC Request for A8->M3 Channel failed! -517
[   16.448819] wkup_m3_ipc 44e11324.wkup_m3_ipc: IPC Request for A8->M3 Channel failed! -517
[   16.992770] am335x-phy-driver 47401300.usb-phy: supply vcc not found, using dummy regulator
[   17.001777] am335x-phy-driver 47401300.usb-phy: dummy supplies not allowed for exclusive requests
[   17.195007] usbcore: registered new interface driver usbfs
[   17.200806] usbcore: registered new interface driver hub
[   17.206244] usbcore: registered new device driver usb
[   17.250652] am335x-phy-driver 47401b00.usb-phy: supply vcc not found, using dummy regulator
[   17.259825] am335x-phy-driver 47401b00.usb-phy: dummy supplies not allowed for exclusive requests
[   17.269830] wkup_m3_ipc 44e11324.wkup_m3_ipc: IPC Request for A8->M3 Channel failed! -517
[   17.524781] wkup_m3_ipc 44e11324.wkup_m3_ipc: IPC Request for A8->M3 Channel failed! -517
[   18.189270] omap-mailbox 480c8000.mailbox: omap mailbox rev 0x400
[   18.213913] remoteproc remoteproc0: powering up wkup_m3
[   18.297079] musb-hdrc musb-hdrc.1: MUSB HDRC host driver
[   18.302637] musb-hdrc musb-hdrc.1: new USB bus registered, assigned bus number 1
[   18.459114] remoteproc remoteproc0: Direct firmware load for am335x-pm-firmware.elf failed with error -2
[   18.468795] remoteproc remoteproc0: request_firmware failed: -2
[   18.474753] wkup_m3_ipc 44e11324.wkup_m3_ipc: rproc_boot failed
[   18.605258] usb usb1: New USB device found, idVendor=1d6b, idProduct=0002, bcdDevice= 6.01
[   18.615304] usb usb1: New USB device strings: Mfr=3, Product=2, SerialNumber=1
[   18.622671] usb usb1: Product: MUSB HDRC host driver
[   18.627664] usb usb1: Manufacturer: Linux 6.1.154 musb-hcd
[   18.633203] usb usb1: SerialNumber: musb-hdrc.1
[   18.864398] tda998x 0-0070: found TDA19988
[   19.184820] hub 1-0:1.0: USB hub found
[   19.188850] hub 1-0:1.0: 1 port detected
[   20.323880] omap_rng 48310000.rng: Random Number Generator ver. 20
[   20.509419] tilcdc 4830e000.lcdc: bound 0-0070 (ops tda998x_audio_codec_init [tda998x])
[   20.665057] [drm] Initialized tilcdc 1.0.0 20121205 for 4830e000.lcdc on minor 0
[[0;32m  OK  [0m] Started DUN service.
[[0;32m  OK  [0m] Started Telephony service.
[[0;32m  OK  [0m] Started Avahi mDNS/DNS-SD Stack.
[   20.826420] tilcdc 4830e000.lcdc: [drm] Cannot find any crtc or sizes
[   20.838841] tilcdc 4830e000.lcdc: [drm] Cannot find any crtc or sizes
         Starting Connection service...
         Starting Login Service...
[[0;32m  OK  [0m] Started Daily apt upgrade and clean activities.
[[0;32m  OK  [0m] Reached target Timers.
         Starting Cape Manager Service...
         Starting LSB: Load kernel modules needed to enable cpufreq scaling...
[[0;32m  OK  [0m] Started System Logging Service.
[   22.381011] PM: Cannot get wkup_m3_ipc handle
[   22.411810] omap-sham 53100000.sham: hw accel on OMAP rev 4.3
[   22.456566] omap-aes 53500000.aes: OMAP AES hw accel rev: 3.2
[   22.486762] Bluetooth: Core ver 2.22
[   22.490754] NET: Registered PF_BLUETOOTH protocol family
[   22.496103] Bluetooth: HCI device and connection manager initialized
[   22.502581] Bluetooth: HCI socket layer initialized
[   22.507495] Bluetooth: L2CAP socket layer initialized
[   22.512634] Bluetooth: SCO socket layer initialized
[   22.555069] omap-sham 53100000.sham: will run requests pump with realtime priority
[   22.595489] omap-aes 53500000.aes: will run requests pump with realtime priority
[[0;32m  OK  [0m] Found device /dev/ttyS0.
[   22.852030] PM: Cannot get wkup_m3_ipc handle
[   22.938649] PM: Cannot get wkup_m3_ipc handle
[[0;32m  OK  [0m] Started Cape Manager Service.
[[0;32m  OK  [0m] Started Raise network interfaces.
[   26.103624] PM: Cannot get wkup_m3_ipc handle
[[0;32m  OK  [0m] Started LSB: Start busybox udhcpd at boot time.
[   26.261565] PM: Cannot get wkup_m3_ipc handle
[   27.312334] using random self ethernet address
[   27.316850] using random host ethernet address
[   27.589082] using random self ethernet address
[   27.593597] using random host ethernet address
[   28.270876] usb0: HOST MAC 1c:ba:8c:a2:ed:6c
[   28.275198] usb0: MAC 1c:ba:8c:a2:ed:70
[   28.280034] usb1: HOST MAC 1c:ba:8c:a2:ed:6c
[   28.284343] usb1: MAC 1c:ba:8c:a2:ed:6d
[   28.299902] PM: Cannot get wkup_m3_ipc handle
[[0;32m  OK  [0m] Started LSB: Load kernel modules needed to enable cpufreq scaling.
[[0;32m  OK  [0m] Started Connection service.
[[0;32m  OK  [0m] Started Login Service.
         Starting Hostname Service...
         Starting WPA supplicant...
[[0;32m  OK  [0m] Reached target Sound Card.
         Starting LSB: set CPUFreq kernel parameters...
[[0;32m  OK  [0m] Started WPA supplicant.
[[0;32m  OK  [0m] Reached target Network.
         Starting The Apache HTTP Server...
[[0;32m  OK  [0m] Reached target Network is Online.
         Starting LSB: Advanced IEEE 802.11 management daemon...
         Starting OpenBSD Secure Shell server...
         Starting Permit User Sessions...
[[0;32m  OK  [0m] Started LSB: Advanced IEEE 802.11 management daemon.
[[0;32m  OK  [0m] Started Hostname Service.
[[0;32m  OK  [0m] Started Permit User Sessions.
[[0;32m  OK  [0m] Started Serial Getty on ttyS0.
[[0;32m  OK  [0m] Started Getty on tty1.
[[0;32m  OK  [0m] Reached target Login Prompts.
[[0;32m  OK  [0m] Started LSB: set CPUFreq kernel parameters.
         Stopping LSB: Start busybox udhcpd at boot time...
[[0;32m  OK  [0m] Started OpenBSD Secure Shell server.
[[0;32m  OK  [0m] Stopped LSB: Start busybox udhcpd at boot time.
         Starting dnsmasq - A lightweight DHCP and caching DNS server...
[[0;32m  OK  [0m] Started The Apache HTTP Server.
[[0;32m  OK  [0m] Started dnsmasq - A lightweight DHCP and caching DNS server.
[[0;32m  OK  [0m] Reached target Host and Network Name Lookups.
[[0;32m  OK  [0m] Started Serial Getty on ttyGS0.
[[0;32m  OK  [0m] Started Generic Board Startup.
[[0;32m  OK  [0m] Reached target Multi-User System.
[[0;32m  OK  [0m] Reached target Graphical Interface.
         Starting Update UTMP about System Runlevel Changes...
[[0;32m  OK  [0m] Started Update UTMP about System Runlevel Changes.

Debian GNU/Linux 9 arm ttyS0

default username:password is [debian:temppwd]

arm login: rooÿ
Password: 
Last login: Sat Dec  9 19:10:37 UTC 2017 on ttyS0
root
Linux arm 6.1.154 #1 SMP Thu Sep 25 12:28:34 EEST 2025 armv7l

The programs included with the Debian GNU/Linux system are free software;
the exact distribution terms for each program are described in the
individual files in /usr/share/doc/*/copyright.

Debian GNU/Linux comes with ABSOLUTELY NO WARRANTY, to the extent
permitted by applicable law.
root@arm:~# root
-bash: root: command not found
root@arm:~# dmesg -n 1
root@arm:~# echo 'FTHA''NFJGBB'
FTHANFJGBB
root@arm:~# run() { echo -n "$MARKER"; sh -c "$@"; echo "$MARKER $?"; }
root@arm:~# echo 'VCBU''CHLXAB'
VCBUCHLXAB
root@arm:~# MARKER='WYBG''ZEKNNO' run 'cat /proc/version'
WYBGZEKNNOLinux version 6.1.154 (user01@drvtest01) (arm-none-eabi-gcc (Arm GNU Toolchain 14.2.Rel1 (Build arm-14.52)) 14.2.1 20241119, GNU ld (Arm GNU Toolchain 14.2.Rel1 (Build arm-14.52)) 2.43.1.20241119) #1 SMP Thu Sep 25 12:28:34 EEST 2025
WYBGZEKNNO 0
root@arm:~# echo 'ZWOJ''CZGMKH'
ZWOJCZGMKH
root@arm:~# MARKER='PFKA''WPAGBM' run false
PFKAWPAGBMPFKAWPAGBM 1
root@arm:~# Labgrid Console Logfile for main
Logfile started at 2025-09-25 12:31:09.070492
=== Log starts here ===

root@arm:~# run() { echo -n "$MARKER"; sh -c "$@"; echo "$MARKER $?"; }
root@arm:~# echo 'NLJC''XWFNTO'
NLJCXWFNTO
root@arm:~# MARKER='WOHZ''ZANASG' run 'ls /iio_generic_buffer; echo $?'
WOHZZANASG/iio_generic_buffer
0
WOHZZANASG 0
root@arm:~# Labgrid Console Logfile for main
Logfile started at 2025-09-25 12:31:12.441326
=== Log starts here ===

root@arm:~# run() { echo -n "$MARKER"; sh -c "$@"; echo "$MARKER $?"; }
root@arm:~# echo 'WULT''SZYFWK'
WULTSZYFWK
root@arm:~# MARKER='GEGJ''KQMAYF' run dmesg
GEGJKQMAYF[    0.000000] Booting Linux on physical CPU 0x0
[    0.000000] Linux version 6.1.154 (user01@drvtest01) (arm-none-eabi-gcc (Arm GNU Toolchain 14.2.Rel1 (Build arm-14.52)) 14.2.1 20241119, GNU ld (Arm GNU Toolchain 14.2.Rel1 (Build arm-14.52)) 2.43.1.20241119) #1 SMP Thu Sep 25 12:28:34 EEST 2025
[    0.000000] CPU: ARMv7 Processor [413fc082] revision 2 (ARMv7), cr=10c5387d
[    0.000000] CPU: PIPT / VIPT nonaliasing data cache, VIPT aliasing instruction cache
[    0.000000] OF: fdt: Machine model: TI AM335x BeagleBone Black
[    0.000000] Memory policy: Data cache writeback
[    0.000000] cma: Reserved 16 MiB at 0x9ec00000
[    0.000000] Zone ranges:
[    0.000000]   Normal   [mem 0x0000000080000000-0x000000009fdfffff]
[    0.000000]   HighMem  empty
[    0.000000] Movable zone start for each node
[    0.000000] Early memory node ranges
[    0.000000]   node   0: [mem 0x0000000080000000-0x000000009fdfffff]
[    0.000000] Initmem setup node 0 [mem 0x0000000080000000-0x000000009fdfffff]
[    0.000000] CPU: All CPU(s) started in SVC mode.
[    0.000000] AM335X ES2.1 (sgx neon)
[    0.000000] percpu: Embedded 16 pages/cpu s34196 r8192 d23148 u65536
[    0.000000] pcpu-alloc: s34196 r8192 d23148 u65536 alloc=16*4096
[    0.000000] pcpu-alloc: [0] 0 
[    0.000000] Built 1 zonelists, mobility grouping on.  Total pages: 129412
[    0.000000] Kernel command line: console=ttyO0,115200n8 root=/dev/nfs rw nfsroot=192.168.255.126:/home/user01/nfs,nfsvers=3 ip=192.168.255.1:192.168.255.126::255.255.255.0:bbb1:eth0 nfsrootdebug
[    0.000000] Unknown kernel command line parameters "nfsrootdebug", will be passed to user space.
[    0.000000] Dentry cache hash table entries: 65536 (order: 6, 262144 bytes, linear)
[    0.000000] Inode-cache hash table entries: 32768 (order: 5, 131072 bytes, linear)
[    0.000000] mem auto-init: stack:off, heap alloc:off, heap free:off
[    0.000000] Memory: 484644K/522240K available (10240K kernel code, 1145K rwdata, 2604K rodata, 1024K init, 286K bss, 21212K reserved, 16384K cma-reserved, 0K highmem)
[    0.000000] SLUB: HWalign=64, Order=0-3, MinObjects=0, CPUs=1, Nodes=1
[    0.000000] trace event string verifier disabled
[    0.000000] rcu: Hierarchical RCU implementation.
[    0.000000] rcu: 	RCU event tracing is enabled.
[    0.000000] rcu: 	RCU restricting CPUs from NR_CPUS=2 to nr_cpu_ids=1.
[    0.000000] rcu: RCU calculated value of scheduler-enlistment delay is 10 jiffies.
[    0.000000] rcu: Adjusting geometry for rcu_fanout_leaf=16, nr_cpu_ids=1
[    0.000000] NR_IRQS: 16, nr_irqs: 16, preallocated irqs: 16
[    0.000000] IRQ: Found an INTC at 0x(ptrval) (revision 5.0) with 128 interrupts
[    0.000000] rcu: srcu_init: Setting srcu_struct sizes based on contention.
[    0.000000] TI gptimer clocksource: always-on /ocp/interconnect@44c00000/segment@200000/target-module@31000
[    0.000003] sched_clock: 32 bits at 24MHz, resolution 41ns, wraps every 89478484971ns
[    0.000027] clocksource: dmtimer: mask: 0xffffffff max_cycles: 0xffffffff, max_idle_ns: 79635851949 ns
[    0.000453] TI gptimer clockevent: 24000000 Hz at /ocp/interconnect@48000000/segment@0/target-module@40000
[    0.002013] Console: colour dummy device 80x30
[    0.002060] WARNING: Your 'console=ttyO0' has been replaced by 'ttyS0'
[    0.002067] This ensures that you still see kernel messages. Please
[    0.002072] update your kernel commandline.
[    0.002115] Calibrating delay loop... 996.14 BogoMIPS (lpj=4980736)
[    0.090497] CPU: Testing write buffer coherency: ok
[    0.090593] CPU0: Spectre v2: using BPIALL workaround
[    0.090604] pid_max: default: 32768 minimum: 301
[    0.090735] LSM: Security Framework initializing
[    0.090905] Mount-cache hash table entries: 1024 (order: 0, 4096 bytes, linear)
[    0.090924] Mountpoint-cache hash table entries: 1024 (order: 0, 4096 bytes, linear)
[    0.092410] CPU0: thread -1, cpu 0, socket -1, mpidr 0
[    0.093655] Setting up static identity map for 0x80100000 - 0x80100078
[    0.093888] rcu: Hierarchical SRCU implementation.
[    0.093896] rcu: 	Max phase no-delay instances is 1000.
[    0.095193] smp: Bringing up secondary CPUs ...
[    0.095211] smp: Brought up 1 node, 1 CPU
[    0.095221] SMP: Total of 1 processors activated (996.14 BogoMIPS).
[    0.095233] CPU: All CPU(s) started in SVC mode.
[    0.096119] devtmpfs: initialized
[    0.111054] VFP support v0.3: implementor 41 architecture 3 part 30 variant c rev 3
[    0.111371] clocksource: jiffies: mask: 0xffffffff max_cycles: 0xffffffff, max_idle_ns: 19112604462750000 ns
[    0.111406] futex hash table entries: 256 (order: 2, 16384 bytes, linear)
[    0.112729] pinctrl core: initialized pinctrl subsystem
[    0.114623] NET: Registered PF_NETLINK/PF_ROUTE protocol family
[    0.116631] DMA: preallocated 256 KiB pool for atomic coherent allocations
[    0.117187] audit: initializing netlink subsys (disabled)
[    0.118368] thermal_sys: Registered thermal governor 'fair_share'
[    0.118386] thermal_sys: Registered thermal governor 'step_wise'
[    0.118391] thermal_sys: Registered thermal governor 'user_space'
[    0.118510] cpuidle: using governor menu
[    0.135160] /ocp/interconnect@44c00000/segment@200000/target-module@b000/i2c@0/tda19988@70: Fixed dependency cycle(s) with /ocp/interconnect@48000000/segment@300000/target-module@e000/lcdc@0
[    0.136202] /ocp/interconnect@48000000/segment@300000/target-module@e000/lcdc@0: Fixed dependency cycle(s) with /ocp/interconnect@44c00000/segment@200000/target-module@b000/i2c@0/tda19988@70
[    0.138207] No ATAGs?
[    0.138226] hw-breakpoint: debug architecture 0x4 unsupported.
[    0.146782] audit: type=2000 audit(0.110:1): state=initialized audit_enabled=0 res=1
[    0.147074] kprobes: kprobe jump-optimization is enabled. All kprobes are optimized if possible.
[    0.163388] reg-fixed-voltage fixedregulator0: GPIO lookup for consumer (null)
[    0.163415] reg-fixed-voltage fixedregulator0: using device tree for GPIO lookup
[    0.163436] of_get_named_gpiod_flags: can't parse 'gpios' property of node '/fixedregulator0[0]'
[    0.163473] of_get_named_gpiod_flags: can't parse 'gpio' property of node '/fixedregulator0[0]'
[    0.163495] reg-fixed-voltage fixedregulator0: using lookup tables for GPIO lookup
[    0.163505] reg-fixed-voltage fixedregulator0: No GPIO consumer (null) found
[    0.164660] iommu: Default domain type: Translated 
[    0.164673] iommu: DMA domain TLB invalidation policy: strict mode 
[    0.166092] SCSI subsystem initialized
[    0.166600] libata version 3.00 loaded.
[    0.166935] pps_core: LinuxPPS API ver. 1 registered
[    0.166945] pps_core: Software ver. 5.3.6 - Copyright 2005-2007 Rodolfo Giometti <giometti@linux.it>
[    0.166967] PTP clock support registered
[    0.168398] vgaarb: loaded
[    0.180580] clocksource: Switched to clocksource dmtimer
[    0.181211] VFS: Disk quotas dquot_6.6.0
[    0.181281] VFS: Dquot-cache hash table entries: 1024 (order 0, 4096 bytes)
[    0.193011] NET: Registered PF_INET protocol family
[    0.193342] IP idents hash table entries: 8192 (order: 4, 65536 bytes, linear)
[    0.194709] tcp_listen_portaddr_hash hash table entries: 512 (order: 0, 4096 bytes, linear)
[    0.194756] Table-perturb hash table entries: 65536 (order: 6, 262144 bytes, linear)
[    0.194776] TCP established hash table entries: 4096 (order: 2, 16384 bytes, linear)
[    0.194825] TCP bind hash table entries: 4096 (order: 4, 65536 bytes, linear)
[    0.194925] TCP: Hash tables configured (established 4096 bind 4096)
[    0.195041] UDP hash table entries: 256 (order: 1, 8192 bytes, linear)
[    0.195069] UDP-Lite hash table entries: 256 (order: 1, 8192 bytes, linear)
[    0.195243] NET: Registered PF_UNIX/PF_LOCAL protocol family
[    0.196432] RPC: Registered named UNIX socket transport module.
[    0.196451] RPC: Registered udp transport module.
[    0.196457] RPC: Registered tcp transport module.
[    0.196462] RPC: Registered tcp NFSv4.1 backchannel transport module.
[    0.196480] PCI: CLS 0 bytes, default 64
[    0.197914] Initialise system trusted keyrings
[    0.209237] workingset: timestamp_bits=14 max_order=17 bucket_order=3
[    0.218204] NFS: Registering the id_resolver key type
[    0.218304] Key type id_resolver registered
[    0.218312] Key type id_legacy registered
[    0.218368] jffs2: version 2.2. (NAND) (SUMMARY)  Â© 2001-2006 Red Hat, Inc.
[    0.219349] Key type asymmetric registered
[    0.219369] Asymmetric key parser 'x509' registered
[    0.219511] io scheduler mq-deadline registered
[    0.219521] io scheduler kyber registered
[    0.219759] io scheduler bfq registered
[    0.233109] hw perfevents: enabled with armv7_cortex_a8 PMU driver, 5 counters available
[    0.241330] l3-aon-clkctrl:0000:0: failed to disable
[    0.241667] Serial: 8250/16550 driver, 6 ports, IRQ sharing enabled
[    0.290845] brd: module loaded
[    0.298081] loop: module loaded
[    0.299123] mtdoops: mtd device (mtddev=name/number) must be supplied
[    0.300462] mdio_bus fixed-0: GPIO lookup for consumer reset
[    0.300481] mdio_bus fixed-0: using lookup tables for GPIO lookup
[    0.300491] mdio_bus fixed-0: No GPIO consumer reset found
[    0.301578] i2c_dev: i2c /dev entries driver
[    0.302467] cpuidle: enable-method property 'ti,am3352' found operations
[    0.302886] sdhci: Secure Digital Host Controller Interface driver
[    0.302897] sdhci: Copyright(c) Pierre Ossman
[    0.303069] sdhci-pltfm: SDHCI platform and OF driver helper
[    0.303326] ledtrig-cpu: registered to indicate activity on CPUs
[    0.304053] Initializing XFRM netlink socket
[    0.304613] NET: Registered PF_INET6 protocol family
[    0.315868] Segment Routing with IPv6
[    0.315944] In-situ OAM (IOAM) with IPv6
[    0.316038] sit: IPv6, IPv4 and MPLS over IPv4 tunneling driver
[    0.316919] NET: Registered PF_PACKET protocol family
[    0.316948] NET: Registered PF_KEY protocol family
[    0.317048] Key type dns_resolver registered
[    0.317160] ThumbEE CPU extension supported.
[    0.317176] Registering SWP/SWPB emulation handler
[    0.317686] omap_voltage_late_init: Voltage driver support not added
[    0.318311] SmartReflex Class3 initialized
[    0.319495] Loading compiled-in X.509 certificates
[    0.379936] /ocp/interconnect@44c00000/segment@200000/target-module@b000/i2c@0/tda19988@70: Fixed dependency cycle(s) with /ocp/interconnect@48000000/segment@300000/target-module@e000/lcdc@0
[    0.385875] /ocp/interconnect@44c00000/segment@200000/target-module@b000/i2c@0/tda19988@70: Fixed dependency cycle(s) with /ocp/interconnect@48000000/segment@300000/target-module@e000/lcdc@0
[    0.393578] /ocp/interconnect@44c00000/segment@200000/target-module@b000/i2c@0/tda19988@70: Fixed dependency cycle(s) with /ocp/interconnect@48000000/segment@300000/target-module@e000/lcdc@0
[    0.394380] /ocp/interconnect@44c00000/segment@200000/target-module@b000/i2c@0/tda19988@70: Fixed dependency cycle(s) with /ocp/interconnect@48000000/segment@300000/target-module@e000/lcdc@0
[    0.397444] /ocp/interconnect@44c00000/segment@200000/target-module@10000/scm@0/pinmux@800: Fixed dependency cycle(s) with /ocp/interconnect@44c00000/segment@200000/target-module@10000/scm@0/pinmux@800/pinmux_clkout2_pin
[    0.398039] pinctrl-single 44e10800.pinmux: 142 pins, size 568
[    0.402928] ti-sysc: probe of 44e31000.target-module failed with error -16
[    0.451243] /ocp/interconnect@48000000/segment@300000/target-module@e000/lcdc@0: Fixed dependency cycle(s) with /ocp/interconnect@44c00000/segment@200000/target-module@b000/i2c@0/tda19988@70
[    0.458404] ti-sysc: probe of 48040000.target-module failed with error -16
[    0.468886] gpio gpiochip0: (gpio-0-31): created GPIO range 0->7 ==> 44e10800.pinmux PIN 0->7
[    0.468922] gpio gpiochip0: (gpio-0-31): created GPIO range 8->11 ==> 44e10800.pinmux PIN 90->93
[    0.468937] gpio gpiochip0: (gpio-0-31): created GPIO range 12->27 ==> 44e10800.pinmux PIN 12->27
[    0.468952] gpio gpiochip0: (gpio-0-31): created GPIO range 28->31 ==> 44e10800.pinmux PIN 30->33
[    0.469018] gpio gpiochip0: (gpio-0-31): not an immutable chip, please consider fixing it!
[    0.499146] gpio gpiochip0: (gpio-0-31): added GPIO chardev (254:0)
[    0.499315] gpio gpiochip0: registered GPIOs 0 to 31 on gpio-0-31
[    0.499401] OMAP GPIO hardware version 0.1
[    0.524087] i2c i2c-2: GPIO lookup for consumer scl
[    0.524114] i2c i2c-2: using device tree for GPIO lookup
[    0.524139] of_get_named_gpiod_flags: can't parse 'scl-gpios' property of node '/ocp/interconnect@48000000/segment@100000/target-module@9c000/i2c@0[0]'
[    0.524184] of_get_named_gpiod_flags: can't parse 'scl-gpio' property of node '/ocp/interconnect@48000000/segment@100000/target-module@9c000/i2c@0[0]'
[    0.524223] i2c i2c-2: using lookup tables for GPIO lookup
[    0.524233] i2c i2c-2: No GPIO consumer scl found
[    0.524254] i2c i2c-2: GPIO lookup for consumer sda
[    0.524261] i2c i2c-2: using device tree for GPIO lookup
[    0.524274] of_get_named_gpiod_flags: can't parse 'sda-gpios' property of node '/ocp/interconnect@48000000/segment@100000/target-module@9c000/i2c@0[0]'
[    0.524311] of_get_named_gpiod_flags: can't parse 'sda-gpio' property of node '/ocp/interconnect@48000000/segment@100000/target-module@9c000/i2c@0[0]'
[    0.524345] i2c i2c-2: using lookup tables for GPIO lookup
[    0.524352] i2c i2c-2: No GPIO consumer sda found
[    0.524999] omap_i2c 4819c000.i2c: bus 2 rev0.11 at 100 kHz
[    0.530340] gpio gpiochip1: (gpio-32-63): created GPIO range 0->17 ==> 44e10800.pinmux PIN 34->51
[    0.530372] gpio gpiochip1: (gpio-32-63): created GPIO range 18->21 ==> 44e10800.pinmux PIN 77->80
[    0.530388] gpio gpiochip1: (gpio-32-63): created GPIO range 22->31 ==> 44e10800.pinmux PIN 56->65
[    0.530453] gpio gpiochip1: (gpio-32-63): not an immutable chip, please consider fixing it!
[    0.544069] gpio gpiochip1: (gpio-32-63): added GPIO chardev (254:1)
[    0.544198] gpio gpiochip1: registered GPIOs 32 to 63 on gpio-32-63
[    0.546281] gpio gpiochip2: (gpio-64-95): created GPIO range 0->4 ==> 44e10800.pinmux PIN 66->70
[    0.546309] gpio gpiochip2: (gpio-64-95): created GPIO range 5->6 ==> 44e10800.pinmux PIN 98->99
[    0.546324] gpio gpiochip2: (gpio-64-95): created GPIO range 7->8 ==> 44e10800.pinmux PIN 75->76
[    0.546339] gpio gpiochip2: (gpio-64-95): created GPIO range 13->13 ==> 44e10800.pinmux PIN 141->141
[    0.546355] gpio gpiochip2: (gpio-64-95): created GPIO range 14->21 ==> 44e10800.pinmux PIN 100->107
[    0.546422] gpio gpiochip2: (gpio-64-95): not an immutable chip, please consider fixing it!
[    0.546870] gpio gpiochip2: (gpio-64-95): added GPIO chardev (254:2)
[    0.546984] gpio gpiochip2: registered GPIOs 64 to 95 on gpio-64-95
[    0.552977] /ocp/interconnect@48000000/segment@300000/target-module@e000/lcdc@0: Fixed dependency cycle(s) with /ocp/interconnect@44c00000/segment@200000/target-module@b000/i2c@0/tda19988@70
[    0.555571] /ocp/interconnect@48000000/segment@300000/target-module@e000/lcdc@0: Fixed dependency cycle(s) with /ocp/interconnect@44c00000/segment@200000/target-module@b000/i2c@0/tda19988@70
[    0.556208] /ocp/interconnect@44c00000/segment@200000/target-module@b000/i2c@0/tda19988@70: Fixed dependency cycle(s) with /ocp/interconnect@48000000/segment@300000/target-module@e000/lcdc@0
[    0.556362] /ocp/interconnect@48000000/segment@300000/target-module@e000/lcdc@0: Fixed dependency cycle(s) with /ocp/interconnect@44c00000/segment@200000/target-module@b000/i2c@0/tda19988@70
[    0.565035] mdio_bus 4a101000.mdio: GPIO lookup for consumer reset
[    0.565061] mdio_bus 4a101000.mdio: using device tree for GPIO lookup
[    0.565083] of_get_named_gpiod_flags: can't parse 'reset-gpios' property of node '/ocp/interconnect@4a000000/segment@0/target-module@100000/switch@0/mdio@1000[0]'
[    0.565131] of_get_named_gpiod_flags: can't parse 'reset-gpio' property of node '/ocp/interconnect@4a000000/segment@0/target-module@100000/switch@0/mdio@1000[0]'
[    0.565176] mdio_bus 4a101000.mdio: using lookup tables for GPIO lookup
[    0.565185] mdio_bus 4a101000.mdio: No GPIO consumer reset found
[    0.566223] sdhci-omap 481d8000.mmc: GPIO lookup for consumer wp
[    0.566245] sdhci-omap 481d8000.mmc: using device tree for GPIO lookup
[    0.566265] of_get_named_gpiod_flags: can't parse 'wp-gpios' property of node '/ocp/interconnect@48000000/segment@100000/target-module@d8000/mmc@0[0]'
[    0.566315] of_get_named_gpiod_flags: can't parse 'wp-gpio' property of node '/ocp/interconnect@48000000/segment@100000/target-module@d8000/mmc@0[0]'
[    0.566351] sdhci-omap 481d8000.mmc: using lookup tables for GPIO lookup
[    0.566361] sdhci-omap 481d8000.mmc: No GPIO consumer wp found
[    0.566549] sdhci-omap 481d8000.mmc: supply pbias not found, using dummy regulator
[    0.566984] sdhci-omap 481d8000.mmc: supply vqmmc not found, using dummy regulator
[    0.624355] davinci_mdio 4a101000.mdio: davinci mdio revision 1.6, bus freq 1000000
[    0.641345] mdio_bus 4a101000.mdio:00: GPIO lookup for consumer reset
[    0.641367] mdio_bus 4a101000.mdio:00: using device tree for GPIO lookup
[    0.641405] of_get_named_gpiod_flags: parsed 'reset-gpios' property of node '/ocp/interconnect@4a000000/segment@0/target-module@100000/switch@0/mdio@1000/ethernet-phy@0[0]' - status (0)
[    0.641575] gpio gpiochip0: Persistence not supported for GPIO 8
[    0.795370] davinci_mdio 4a101000.mdio: phy[0]: device 4a101000.mdio:00, driver SMSC LAN8710/LAN8720
[    0.795970] cpsw-switch 4a100000.switch: initialized cpsw ale version 1.4
[    0.795991] cpsw-switch 4a100000.switch: ALE Table size 1024
[    0.809573] cpsw-switch 4a100000.switch: cpts: overflow check period 500 (jiffies)
[    0.809597] cpsw-switch 4a100000.switch: CPTS: ref_clk_freq:250000000 calc_mult:2147483648 calc_shift:29 error:0 nsec/sec
[    0.809689] cpsw-switch 4a100000.switch: Detected MACID = 6c:ec:eb:68:de:78
[    0.811362] cpsw-switch 4a100000.switch: initialized (regs 0x4a100000, pool size 256) hw_ver:0019010C 1.12 (0)
[    0.821290] debugfs: Directory '49000000.dma' with parent 'dmaengine' already present!
[    0.821330] edma 49000000.dma: TI EDMA DMA engine driver
[    0.847176] gpio-clk clk_mcasp0: GPIO lookup for consumer enable
[    0.847206] gpio-clk clk_mcasp0: using device tree for GPIO lookup
[    0.847246] of_get_named_gpiod_flags: parsed 'enable-gpios' property of node '/clk_mcasp0[0]' - status (0)
[    0.847293] gpio gpiochip0: Persistence not supported for GPIO 27
[    0.848186] gpio gpiochip3: (gpio-96-127): created GPIO range 0->7 ==> 44e10800.pinmux PIN 82->89
[    0.848221] gpio gpiochip3: (gpio-96-127): created GPIO range 8->11 ==> 44e10800.pinmux PIN 52->55
[    0.848237] gpio gpiochip3: (gpio-96-127): created GPIO range 12->15 ==> 44e10800.pinmux PIN 94->97
[    0.848254] gpio gpiochip3: (gpio-96-127): created GPIO range 16->17 ==> 44e10800.pinmux PIN 71->72
[    0.848269] gpio gpiochip3: (gpio-96-127): created GPIO range 18->18 ==> 44e10800.pinmux PIN 135->135
[    0.848285] gpio gpiochip3: (gpio-96-127): created GPIO range 19->20 ==> 44e10800.pinmux PIN 108->109
[    0.848301] gpio gpiochip3: (gpio-96-127): created GPIO range 21->21 ==> 44e10800.pinmux PIN 73->73
[    0.848318] gpio gpiochip3: (gpio-96-127): created GPIO range 22->23 ==> 44e10800.pinmux PIN 8->9
[    0.848334] gpio gpiochip3: (gpio-96-127): created GPIO range 26->27 ==> 44e10800.pinmux PIN 10->11
[    0.848352] gpio gpiochip3: (gpio-96-127): created GPIO range 28->28 ==> 44e10800.pinmux PIN 74->74
[    0.848369] gpio gpiochip3: (gpio-96-127): created GPIO range 29->29 ==> 44e10800.pinmux PIN 81->81
[    0.848387] gpio gpiochip3: (gpio-96-127): created GPIO range 30->31 ==> 44e10800.pinmux PIN 28->29
[    0.848453] gpio gpiochip3: (gpio-96-127): not an immutable chip, please consider fixing it!
[    0.862769] gpio gpiochip3: (gpio-96-127): added GPIO chardev (254:3)
[    0.862914] gpio gpiochip3: registered GPIOs 96 to 127 on gpio-96-127
[    0.864502] omap8250 44e09000.serial: GPIO lookup for consumer rs485-term
[    0.864526] omap8250 44e09000.serial: using device tree for GPIO lookup
[    0.864550] of_get_named_gpiod_flags: can't parse 'rs485-term-gpios' property of node '/ocp/interconnect@44c00000/segment@200000/target-module@9000/serial@0[0]'
[    0.864598] of_get_named_gpiod_flags: can't parse 'rs485-term-gpio' property of node '/ocp/interconnect@44c00000/segment@200000/target-module@9000/serial@0[0]'
[    0.864639] omap8250 44e09000.serial: using lookup tables for GPIO lookup
[    0.864648] omap8250 44e09000.serial: No GPIO consumer rs485-term found
[    0.864697] 44e09000.serial: ttyS0 at MMIO 0x44e09000 (irq = 34, base_baud = 3000000) is a 8250
[    2.181086] printk: console [ttyS0] enabled
[    2.187880] i2c i2c-0: GPIO lookup for consumer scl
[    2.187915] i2c i2c-0: using device tree for GPIO lookup
[    2.187942] of_get_named_gpiod_flags: can't parse 'scl-gpios' property of node '/ocp/interconnect@44c00000/segment@200000/target-module@b000/i2c@0[0]'
[    2.187989] of_get_named_gpiod_flags: can't parse 'scl-gpio' property of node '/ocp/interconnect@44c00000/segment@200000/target-module@b000/i2c@0[0]'
[    2.188031] i2c i2c-0: using lookup tables for GPIO lookup
[    2.188042] i2c i2c-0: No GPIO consumer scl found
[    2.188064] i2c i2c-0: GPIO lookup for consumer sda
[    2.188073] i2c i2c-0: using device tree for GPIO lookup
[    2.188088] of_get_named_gpiod_flags: can't parse 'sda-gpios' property of node '/ocp/interconnect@44c00000/segment@200000/target-module@b000/i2c@0[0]'
[    2.188127] of_get_named_gpiod_flags: can't parse 'sda-gpio' property of node '/ocp/interconnect@44c00000/segment@200000/target-module@b000/i2c@0[0]'
[    2.188162] i2c i2c-0: using lookup tables for GPIO lookup
[    2.188172] i2c i2c-0: No GPIO consumer sda found
[    2.219539] tps65217-pmic: Failed to locate of_node [id: -1]
[    2.235383] tps65217-bl: Failed to locate of_node [id: -1]
[    2.243962] tps65217 0-0024: TPS65217 ID 0xe version 1.2
[    2.250017] /ocp/interconnect@48000000/segment@300000/target-module@e000/lcdc@0: Fixed dependency cycle(s) with /ocp/interconnect@44c00000/segment@200000/target-module@b000/i2c@0/tda19988@70
[    2.267330] /ocp/interconnect@44c00000/segment@200000/target-module@b000/i2c@0/tda19988@70: Fixed dependency cycle(s) with /ocp/interconnect@48000000/segment@300000/target-module@e000/lcdc@0
[    2.284661] omap_i2c 44e0b000.i2c: bus 0 rev0.11 at 400 kHz
[    2.291992] sdhci-omap 48060000.mmc: GPIO lookup for consumer cd
[    2.292022] sdhci-omap 48060000.mmc: using device tree for GPIO lookup
[    2.292063] of_get_named_gpiod_flags: parsed 'cd-gpios' property of node '/ocp/interconnect@48000000/segment@0/target-module@60000/mmc@0[0]' - status (0)
[    2.292186] gpio gpiochip3: Persistence not supported for GPIO 6
[    2.292211] omap_gpio 44e07000.gpio: Could not set line 6 debounce to 200000 microseconds (-22)
[    2.301075] sdhci-omap 48060000.mmc: Got CD GPIO
[    2.305722] sdhci-omap 48060000.mmc: GPIO lookup for consumer wp
[    2.305733] sdhci-omap 48060000.mmc: using device tree for GPIO lookup
[    2.305754] of_get_named_gpiod_flags: can't parse 'wp-gpios' property of node '/ocp/interconnect@48000000/segment@0/target-module@60000/mmc@0[0]'
[    2.305799] of_get_named_gpiod_flags: can't parse 'wp-gpio' property of node '/ocp/interconnect@48000000/segment@0/target-module@60000/mmc@0[0]'
[    2.305839] sdhci-omap 48060000.mmc: using lookup tables for GPIO lookup
[    2.305851] sdhci-omap 48060000.mmc: No GPIO consumer wp found
[    2.306049] sdhci-omap 48060000.mmc: supply pbias not found, using dummy regulator
[    2.314780] sdhci-omap 481d8000.mmc: GPIO lookup for consumer wp
[    2.314810] sdhci-omap 481d8000.mmc: using device tree for GPIO lookup
[    2.314832] of_get_named_gpiod_flags: can't parse 'wp-gpios' property of node '/ocp/interconnect@48000000/segment@100000/target-module@d8000/mmc@0[0]'
[    2.314885] of_get_named_gpiod_flags: can't parse 'wp-gpio' property of node '/ocp/interconnect@48000000/segment@100000/target-module@d8000/mmc@0[0]'
[    2.314923] sdhci-omap 481d8000.mmc: using lookup tables for GPIO lookup
[    2.314935] sdhci-omap 481d8000.mmc: No GPIO consumer wp found
[    2.315523] sdhci-omap 48060000.mmc: supply vqmmc not found, using dummy regulator
[    2.323899] sdhci-omap 481d8000.mmc: supply pbias not found, using dummy regulator
[    2.332053] sdhci-omap 481d8000.mmc: supply vqmmc not found, using dummy regulator
[    2.368734] mmc1: SDHCI controller on 481d8000.mmc [481d8000.mmc] using External DMA
[    2.377542] mmc0: SDHCI controller on 48060000.mmc [48060000.mmc] using External DMA
[    2.386266] cpsw-switch 4a100000.switch: starting ndev. mode: dual_mac
[    2.448948] mmc1: new high speed MMC card at address 0001
[    2.455718] mmcblk1: mmc1:0001 MMC04G 3.60 GiB 
[    2.463252]  mmcblk1: p1 p2
[    2.466667] mmc0: new high speed SDHC card at address aaaa
[    2.473852] mmcblk1boot0: mmc1:0001 MMC04G 2.00 MiB 
[    2.480244] mmcblk0: mmc0:aaaa SE32G 29.7 GiB 
[    2.486588] mmcblk1boot1: mmc1:0001 MMC04G 2.00 MiB 
[    2.494681] mmcblk1rpmb: mmc1:0001 MMC04G 128 KiB, chardev (250:0)
[    2.501391]  mmcblk0: p1 p2
[    2.539858] SMSC LAN8710/LAN8720 4a101000.mdio:00: attached PHY driver (mii_bus:phy_addr=4a101000.mdio:00, irq=POLL)
[    5.689421] cpsw-switch 4a100000.switch eth0: Link is Up - 100Mbps/Full - flow control off
[    5.697812] IPv6: ADDRCONF(NETDEV_CHANGE): eth0: link becomes ready
[    5.728707] IP-Config: Complete:
[    5.731965]      device=eth0, hwaddr=6c:ec:eb:68:de:78, ipaddr=192.168.255.1, mask=255.255.255.0, gw=255.255.255.255
[    5.742576]      host=bbb1, domain=, nis-domain=(none)
[    5.747740]      bootserver=192.168.255.126, rootserver=192.168.255.126, rootpath=
[    5.748134] clk: Disabling unused clocks
[    5.759999] KTAP version 1
[    5.762728] 1..0
[    5.790537] VFS: Mounted root (nfs filesystem) on device 0:16.
[    5.797256] devtmpfs: mounted
[    5.801760] Freeing unused kernel image (initmem) memory: 1024K
[    5.808267] Run /sbin/init as init process
[    5.812490]   with arguments:
[    5.812505]     /sbin/init
[    5.812513]     nfsrootdebug
[    5.812520]   with environment:
[    5.812527]     HOME=/
[    5.812534]     TERM=linux
[    6.479909] systemd[1]: System time before build time, advancing clock.
[    7.948700] random: crng init done
[    8.020030] systemd[1]: systemd 232 running in system mode. (+PAM +AUDIT +SELINUX +IMA +APPARMOR +SMACK +SYSVINIT +UTMP +LIBCRYPTSETUP +GCRYPT +GNUTLS +ACL +XZ +LZ4 +SECCOMP +BLKID +ELFUTILS +KMOD +IDN)
[    8.039244] systemd[1]: Detected architecture arm.
[    8.100131] systemd[1]: Set hostname to <arm>.
[    9.190444] systemd[1]: Started Forward Password Requests to Wall Directory Watch.
[    9.230448] systemd[1]: Created slice System Slice.
[    9.269361] systemd[1]: Listening on udev Kernel Socket.
[    9.310514] systemd[1]: Listening on /dev/initctl Compatibility Named Pipe.
[    9.349083] systemd[1]: Reached target Remote File Systems.
[    9.389082] systemd[1]: dev-hugepages.mount: Couldn't determine result for ConditionVirtualization=!private-users, assuming failed: No such file or directory
[    9.404565] systemd[1]: Created slice system-getty.slice.
[   12.018019] systemd-journald[101]: Received request to flush runtime journal from PID 1
[   14.549305] of_get_named_gpiod_flags: parsed 'gpios' property of node '/leds/led2[0]' - status (0)
[   14.549397] gpio gpiochip0: Persistence not supported for GPIO 21
[   14.549410] gpio-21 (?): no flags found for gpios
[   14.549652] of_get_named_gpiod_flags: parsed 'gpios' property of node '/leds/led3[0]' - status (0)
[   14.549693] gpio gpiochip0: Persistence not supported for GPIO 22
[   14.549703] gpio-22 (?): no flags found for gpios
[   14.563885] of_get_named_gpiod_flags: parsed 'gpios' property of node '/leds/led4[0]' - status (0)
[   14.563959] gpio gpiochip0: Persistence not supported for GPIO 23
[   14.563972] gpio-23 (?): no flags found for gpios
[   14.579413] of_get_named_gpiod_flags: parsed 'gpios' property of node '/leds/led5[0]' - status (0)
[   14.579493] gpio gpiochip0: Persistence not supported for GPIO 24
[   14.579506] gpio-24 (?): no flags found for gpios
[   14.907194] remoteproc remoteproc0: wkup_m3 is available
[   15.180769] at24 2-0054: supply vcc not found, using dummy regulator
[   15.339626] at24 2-0055: supply vcc not found, using dummy regulator
[   15.440036] tps6521x_pwrbutton tps65217-pwrbutton: DMA mask not set
[   15.471567] at24 2-0056: supply vcc not found, using dummy regulator
[   15.613047] omap_rtc 44e3e000.rtc: registered as rtc0
[   15.618245] omap_rtc 44e3e000.rtc: setting system clock to 2000-01-01T00:00:00 UTC (946684800)
[   15.627105] omap_rtc 44e3e000.rtc: GPIO lookup for consumer wp
[   15.627122] omap_rtc 44e3e000.rtc: using device tree for GPIO lookup
[   15.627152] of_get_named_gpiod_flags: can't parse 'wp-gpios' property of node '/ocp/interconnect@44c00000/segment@200000/target-module@3e000/rtc@0[0]'
[   15.627214] of_get_named_gpiod_flags: can't parse 'wp-gpio' property of node '/ocp/interconnect@44c00000/segment@200000/target-module@3e000/rtc@0[0]'
[   15.627257] omap_rtc 44e3e000.rtc: using lookup tables for GPIO lookup
[   15.627270] omap_rtc 44e3e000.rtc: No GPIO consumer wp found
[   15.649031] omap_wdt: OMAP Watchdog Timer Rev 0x01: initial timeout 60 sec
[   15.659925] input: tps65217_pwrbutton as /devices/platform/ocp/44c00000.interconnect/44c00000.interconnect:segment@200000/44e0b000.target-module/44e0b000.i2c/i2c-0/0-0024/tps65217-pwrbutton/input/input0
[   15.683681] at24 2-0057: supply vcc not found, using dummy regulator
[   15.849326] at24 0-0050: GPIO lookup for consumer wp
[   15.849370] at24 0-0050: using device tree for GPIO lookup
[   15.849404] of_get_named_gpiod_flags: can't parse 'wp-gpios' property of node '/ocp/interconnect@44c00000/segment@200000/target-module@b000/i2c@0/baseboard_eeprom@50[0]'
[   15.849472] of_get_named_gpiod_flags: can't parse 'wp-gpio' property of node '/ocp/interconnect@44c00000/segment@200000/target-module@b000/i2c@0/baseboard_eeprom@50[0]'
[   15.849521] at24 0-0050: using lookup tables for GPIO lookup
[   15.849534] at24 0-0050: No GPIO consumer wp found
[   15.849792] at24 0-0050: 32768 byte 24c256 EEPROM, writable, 1 bytes/write
[   16.391060] wkup_m3_ipc 44e11324.wkup_m3_ipc: IPC Request for A8->M3 Channel failed! -517
[   16.448819] wkup_m3_ipc 44e11324.wkup_m3_ipc: IPC Request for A8->M3 Channel failed! -517
[   16.992344] am335x-phy-driver 47401300.usb-phy: GPIO lookup for consumer reset
[   16.992389] am335x-phy-driver 47401300.usb-phy: using device tree for GPIO lookup
[   16.992426] of_get_named_gpiod_flags: can't parse 'reset-gpios' property of node '/ocp/target-module@47400000/usb-phy@1300[0]'
[   16.992482] of_get_named_gpiod_flags: can't parse 'reset-gpio' property of node '/ocp/target-module@47400000/usb-phy@1300[0]'
[   16.992517] am335x-phy-driver 47401300.usb-phy: using lookup tables for GPIO lookup
[   16.992529] am335x-phy-driver 47401300.usb-phy: No GPIO consumer reset found
[   16.992542] am335x-phy-driver 47401300.usb-phy: GPIO lookup for consumer vbus-detect
[   16.992552] am335x-phy-driver 47401300.usb-phy: using device tree for GPIO lookup
[   16.992569] of_get_named_gpiod_flags: can't parse 'vbus-detect-gpios' property of node '/ocp/target-module@47400000/usb-phy@1300[0]'
[   16.992600] of_get_named_gpiod_flags: can't parse 'vbus-detect-gpio' property of node '/ocp/target-module@47400000/usb-phy@1300[0]'
[   16.992627] am335x-phy-driver 47401300.usb-phy: using lookup tables for GPIO lookup
[   16.992637] am335x-phy-driver 47401300.usb-phy: No GPIO consumer vbus-detect found
[   16.992770] am335x-phy-driver 47401300.usb-phy: supply vcc not found, using dummy regulator
[   17.001777] am335x-phy-driver 47401300.usb-phy: dummy supplies not allowed for exclusive requests
[   17.195007] usbcore: registered new interface driver usbfs
[   17.200806] usbcore: registered new interface driver hub
[   17.206244] usbcore: registered new device driver usb
[   17.250227] am335x-phy-driver 47401b00.usb-phy: GPIO lookup for consumer reset
[   17.250272] am335x-phy-driver 47401b00.usb-phy: using device tree for GPIO lookup
[   17.250315] of_get_named_gpiod_flags: can't parse 'reset-gpios' property of node '/ocp/target-module@47400000/usb-phy@1b00[0]'
[   17.250366] of_get_named_gpiod_flags: can't parse 'reset-gpio' property of node '/ocp/target-module@47400000/usb-phy@1b00[0]'
[   17.250399] am335x-phy-driver 47401b00.usb-phy: using lookup tables for GPIO lookup
[   17.250412] am335x-phy-driver 47401b00.usb-phy: No GPIO consumer reset found
[   17.250424] am335x-phy-driver 47401b00.usb-phy: GPIO lookup for consumer vbus-detect
[   17.250434] am335x-phy-driver 47401b00.usb-phy: using device tree for GPIO lookup
[   17.250450] of_get_named_gpiod_flags: can't parse 'vbus-detect-gpios' property of node '/ocp/target-module@47400000/usb-phy@1b00[0]'
[   17.250481] of_get_named_gpiod_flags: can't parse 'vbus-detect-gpio' property of node '/ocp/target-module@47400000/usb-phy@1b00[0]'
[   17.250508] am335x-phy-driver 47401b00.usb-phy: using lookup tables for GPIO lookup
[   17.250518] am335x-phy-driver 47401b00.usb-phy: No GPIO consumer vbus-detect found
[   17.250652] am335x-phy-driver 47401b00.usb-phy: supply vcc not found, using dummy regulator
[   17.259825] am335x-phy-driver 47401b00.usb-phy: dummy supplies not allowed for exclusive requests
[   17.269830] wkup_m3_ipc 44e11324.wkup_m3_ipc: IPC Request for A8->M3 Channel failed! -517
[   17.524781] wkup_m3_ipc 44e11324.wkup_m3_ipc: IPC Request for A8->M3 Channel failed! -517
[   18.189270] omap-mailbox 480c8000.mailbox: omap mailbox rev 0x400
[   18.213913] remoteproc remoteproc0: powering up wkup_m3
[   18.297079] musb-hdrc musb-hdrc.1: MUSB HDRC host driver
[   18.302637] musb-hdrc musb-hdrc.1: new USB bus registered, assigned bus number 1
[   18.459114] remoteproc remoteproc0: Direct firmware load for am335x-pm-firmware.elf failed with error -2
[   18.468795] remoteproc remoteproc0: request_firmware failed: -2
[   18.474753] wkup_m3_ipc 44e11324.wkup_m3_ipc: rproc_boot failed
[   18.605258] usb usb1: New USB device found, idVendor=1d6b, idProduct=0002, bcdDevice= 6.01
[   18.615304] usb usb1: New USB device strings: Mfr=3, Product=2, SerialNumber=1
[   18.622671] usb usb1: Product: MUSB HDRC host driver
[   18.627664] usb usb1: Manufacturer: Linux 6.1.154 musb-hcd
[   18.633203] usb usb1: SerialNumber: musb-hdrc.1
[   18.864398] tda998x 0-0070: found TDA19988
[   19.184820] hub 1-0:1.0: USB hub found
[   19.188850] hub 1-0:1.0: 1 port detected
[   20.323880] omap_rng 48310000.rng: Random Number Generator ver. 20
[   20.509419] tilcdc 4830e000.lcdc: bound 0-0070 (ops tda998x_audio_codec_init [tda998x])
[   20.665057] [drm] Initialized tilcdc 1.0.0 20121205 for 4830e000.lcdc on minor 0
[   20.826420] tilcdc 4830e000.lcdc: [drm] Cannot find any crtc or sizes
[   20.838841] tilcdc 4830e000.lcdc: [drm] Cannot find any crtc or sizes
[   22.381011] PM: Cannot get wkup_m3_ipc handle
[   22.411810] omap-sham 53100000.sham: hw accel on OMAP rev 4.3
[   22.456566] omap-aes 53500000.aes: OMAP AES hw accel rev: 3.2
[   22.486762] Bluetooth: Core ver 2.22
[   22.490754] NET: Registered PF_BLUETOOTH protocol family
[   22.496103] Bluetooth: HCI device and connection manager initialized
[   22.502581] Bluetooth: HCI socket layer initialized
[   22.507495] Bluetooth: L2CAP socket layer initialized
[   22.512634] Bluetooth: SCO socket layer initialized
[   22.555069] omap-sham 53100000.sham: will run requests pump with realtime priority
[   22.595489] omap-aes 53500000.aes: will run requests pump with realtime priority
[   22.852030] PM: Cannot get wkup_m3_ipc handle
[   22.938649] PM: Cannot get wkup_m3_ipc handle
[   26.103624] PM: Cannot get wkup_m3_ipc handle
[   26.109604] asoc-simple-card sound: GPIO lookup for consumer simple-audio-card,hp-det
[   26.109638] asoc-simple-card sound: using device tree for GPIO lookup
[   26.109672] of_get_named_gpiod_flags: can't parse 'simple-audio-card,hp-det-gpios' property of node '/sound[0]'
[   26.109717] of_get_named_gpiod_flags: can't parse 'simple-audio-card,hp-det-gpio' property of node '/sound[0]'
[   26.109743] asoc-simple-card sound: using lookup tables for GPIO lookup
[   26.109755] asoc-simple-card sound: No GPIO consumer simple-audio-card,hp-det found
[   26.109768] asoc-simple-card sound: GPIO lookup for consumer simple-audio-card,mic-det
[   26.109777] asoc-simple-card sound: using device tree for GPIO lookup
[   26.109795] of_get_named_gpiod_flags: can't parse 'simple-audio-card,mic-det-gpios' property of node '/sound[0]'
[   26.109821] of_get_named_gpiod_flags: can't parse 'simple-audio-card,mic-det-gpio' property of node '/sound[0]'
[   26.109840] asoc-simple-card sound: using lookup tables for GPIO lookup
[   26.109850] asoc-simple-card sound: No GPIO consumer simple-audio-card,mic-det found
[   26.261565] PM: Cannot get wkup_m3_ipc handle
[   27.312334] using random self ethernet address
[   27.316850] using random host ethernet address
[   27.589082] using random self ethernet address
[   27.593597] using random host ethernet address
[   27.893881] userial_init: registered 8 ttyGS* devices
[   28.156696] rndis_register: configNr = 0
[   28.269739] udc musb-hdrc.0: binding gadget driver [g_multi]
[   28.269822] configfs-gadget.g_multi gadget.0: adding 'rndis'/762abf02 to config 'c'/463269bc
[   28.270876] usb0: HOST MAC 1c:ba:8c:a2:ed:6c
[   28.275198] usb0: MAC 1c:ba:8c:a2:ed:70
[   28.279219] rndis_set_param_medium: 0 0
[   28.279243] configfs-gadget.g_multi gadget.0: RNDIS: dual speed IN/ep1in OUT/ep1out NOTIFY/ep2in
[   28.279258] configfs-gadget.g_multi gadget.0: adding 'cdc_ethernet'/08532b3c to config 'c'/463269bc
[   28.280034] usb1: HOST MAC 1c:ba:8c:a2:ed:6c
[   28.284343] usb1: MAC 1c:ba:8c:a2:ed:6d
[   28.288221] configfs-gadget.g_multi gadget.0: CDC Ethernet: dual speed IN/ep3in OUT/ep2out NOTIFY/ep4in
[   28.288237] configfs-gadget.g_multi gadget.0: adding 'acm'/e80e3dfb to config 'c'/463269bc
[   28.288267] configfs-gadget.g_multi gadget.0: acm ttyGS0: dual speed IN/ep5in OUT/ep3out NOTIFY/ep6in
[   28.299902] PM: Cannot get wkup_m3_ipc handle
[   29.671700] usb1: eth_open
[   34.638456] gs_open: ttyGS0 (9fbe77a8,105a70b7)
[   34.638629] gs_close: ttyGS0 (9fbe77a8,105a70b7) ...
[   34.638655] gs_close: ttyGS0 (9fbe77a8,105a70b7) done!
[   34.655547] gs_open: ttyGS0 (c28eb82f,ed313884)
[   34.655703] gs_close: ttyGS0 (c28eb82f,ed313884) ...
[   34.655729] gs_close: ttyGS0 (c28eb82f,ed313884) done!
[   34.813600] gs_open: ttyGS0 (76d5e669,f95d671f)
[   34.813821] gs_close: ttyGS0 (76d5e669,f95d671f) ...
[   34.813845] gs_close: ttyGS0 (76d5e669,f95d671f) done!
[   34.826627] gs_open: ttyGS0 (76d5e669,b03cc5ec)
GEGJKQMAYF 0
root@arm:~# echo 'EQML''FHUMKL'
EQMLFHUMKL
root@arm:~# MARKER='UUJW''ZYTUWE' run 'modprobe test_linear_ranges'
UUJWZYTUWEUUJWZYTUWE 0
root@arm:~# echo 'FUEM''CJZVWZ'
FUEMCJZVWZ
root@arm:~# MARKER='ABMM''CJMASB' run dmesg
ABMMCJMASB[    0.000000] Booting Linux on physical CPU 0x0
[    0.000000] Linux version 6.1.154 (user01@drvtest01) (arm-none-eabi-gcc (Arm GNU Toolchain 14.2.Rel1 (Build arm-14.52)) 14.2.1 20241119, GNU ld (Arm GNU Toolchain 14.2.Rel1 (Build arm-14.52)) 2.43.1.20241119) #1 SMP Thu Sep 25 12:28:34 EEST 2025
[    0.000000] CPU: ARMv7 Processor [413fc082] revision 2 (ARMv7), cr=10c5387d
[    0.000000] CPU: PIPT / VIPT nonaliasing data cache, VIPT aliasing instruction cache
[    0.000000] OF: fdt: Machine model: TI AM335x BeagleBone Black
[    0.000000] Memory policy: Data cache writeback
[    0.000000] cma: Reserved 16 MiB at 0x9ec00000
[    0.000000] Zone ranges:
[    0.000000]   Normal   [mem 0x0000000080000000-0x000000009fdfffff]
[    0.000000]   HighMem  empty
[    0.000000] Movable zone start for each node
[    0.000000] Early memory node ranges
[    0.000000]   node   0: [mem 0x0000000080000000-0x000000009fdfffff]
[    0.000000] Initmem setup node 0 [mem 0x0000000080000000-0x000000009fdfffff]
[    0.000000] CPU: All CPU(s) started in SVC mode.
[    0.000000] AM335X ES2.1 (sgx neon)
[    0.000000] percpu: Embedded 16 pages/cpu s34196 r8192 d23148 u65536
[    0.000000] pcpu-alloc: s34196 r8192 d23148 u65536 alloc=16*4096
[    0.000000] pcpu-alloc: [0] 0 
[    0.000000] Built 1 zonelists, mobility grouping on.  Total pages: 129412
[    0.000000] Kernel command line: console=ttyO0,115200n8 root=/dev/nfs rw nfsroot=192.168.255.126:/home/user01/nfs,nfsvers=3 ip=192.168.255.1:192.168.255.126::255.255.255.0:bbb1:eth0 nfsrootdebug
[    0.000000] Unknown kernel command line parameters "nfsrootdebug", will be passed to user space.
[    0.000000] Dentry cache hash table entries: 65536 (order: 6, 262144 bytes, linear)
[    0.000000] Inode-cache hash table entries: 32768 (order: 5, 131072 bytes, linear)
[    0.000000] mem auto-init: stack:off, heap alloc:off, heap free:off
[    0.000000] Memory: 484644K/522240K available (10240K kernel code, 1145K rwdata, 2604K rodata, 1024K init, 286K bss, 21212K reserved, 16384K cma-reserved, 0K highmem)
[    0.000000] SLUB: HWalign=64, Order=0-3, MinObjects=0, CPUs=1, Nodes=1
[    0.000000] trace event string verifier disabled
[    0.000000] rcu: Hierarchical RCU implementation.
[    0.000000] rcu: 	RCU event tracing is enabled.
[    0.000000] rcu: 	RCU restricting CPUs from NR_CPUS=2 to nr_cpu_ids=1.
[    0.000000] rcu: RCU calculated value of scheduler-enlistment delay is 10 jiffies.
[    0.000000] rcu: Adjusting geometry for rcu_fanout_leaf=16, nr_cpu_ids=1
[    0.000000] NR_IRQS: 16, nr_irqs: 16, preallocated irqs: 16
[    0.000000] IRQ: Found an INTC at 0x(ptrval) (revision 5.0) with 128 interrupts
[    0.000000] rcu: srcu_init: Setting srcu_struct sizes based on contention.
[    0.000000] TI gptimer clocksource: always-on /ocp/interconnect@44c00000/segment@200000/target-module@31000
[    0.000003] sched_clock: 32 bits at 24MHz, resolution 41ns, wraps every 89478484971ns
[    0.000027] clocksource: dmtimer: mask: 0xffffffff max_cycles: 0xffffffff, max_idle_ns: 79635851949 ns
[    0.000453] TI gptimer clockevent: 24000000 Hz at /ocp/interconnect@48000000/segment@0/target-module@40000
[    0.002013] Console: colour dummy device 80x30
[    0.002060] WARNING: Your 'console=ttyO0' has been replaced by 'ttyS0'
[    0.002067] This ensures that you still see kernel messages. Please
[    0.002072] update your kernel commandline.
[    0.002115] Calibrating delay loop... 996.14 BogoMIPS (lpj=4980736)
[    0.090497] CPU: Testing write buffer coherency: ok
[    0.090593] CPU0: Spectre v2: using BPIALL workaround
[    0.090604] pid_max: default: 32768 minimum: 301
[    0.090735] LSM: Security Framework initializing
[    0.090905] Mount-cache hash table entries: 1024 (order: 0, 4096 bytes, linear)
[    0.090924] Mountpoint-cache hash table entries: 1024 (order: 0, 4096 bytes, linear)
[    0.092410] CPU0: thread -1, cpu 0, socket -1, mpidr 0
[    0.093655] Setting up static identity map for 0x80100000 - 0x80100078
[    0.093888] rcu: Hierarchical SRCU implementation.
[    0.093896] rcu: 	Max phase no-delay instances is 1000.
[    0.095193] smp: Bringing up secondary CPUs ...
[    0.095211] smp: Brought up 1 node, 1 CPU
[    0.095221] SMP: Total of 1 processors activated (996.14 BogoMIPS).
[    0.095233] CPU: All CPU(s) started in SVC mode.
[    0.096119] devtmpfs: initialized
[    0.111054] VFP support v0.3: implementor 41 architecture 3 part 30 variant c rev 3
[    0.111371] clocksource: jiffies: mask: 0xffffffff max_cycles: 0xffffffff, max_idle_ns: 19112604462750000 ns
[    0.111406] futex hash table entries: 256 (order: 2, 16384 bytes, linear)
[    0.112729] pinctrl core: initialized pinctrl subsystem
[    0.114623] NET: Registered PF_NETLINK/PF_ROUTE protocol family
[    0.116631] DMA: preallocated 256 KiB pool for atomic coherent allocations
[    0.117187] audit: initializing netlink subsys (disabled)
[    0.118368] thermal_sys: Registered thermal governor 'fair_share'
[    0.118386] thermal_sys: Registered thermal governor 'step_wise'
[    0.118391] thermal_sys: Registered thermal governor 'user_space'
[    0.118510] cpuidle: using governor menu
[    0.135160] /ocp/interconnect@44c00000/segment@200000/target-module@b000/i2c@0/tda19988@70: Fixed dependency cycle(s) with /ocp/interconnect@48000000/segment@300000/target-module@e000/lcdc@0
[    0.136202] /ocp/interconnect@48000000/segment@300000/target-module@e000/lcdc@0: Fixed dependency cycle(s) with /ocp/interconnect@44c00000/segment@200000/target-module@b000/i2c@0/tda19988@70
[    0.138207] No ATAGs?
[    0.138226] hw-breakpoint: debug architecture 0x4 unsupported.
[    0.146782] audit: type=2000 audit(0.110:1): state=initialized audit_enabled=0 res=1
[    0.147074] kprobes: kprobe jump-optimization is enabled. All kprobes are optimized if possible.
[    0.163388] reg-fixed-voltage fixedregulator0: GPIO lookup for consumer (null)
[    0.163415] reg-fixed-voltage fixedregulator0: using device tree for GPIO lookup
[    0.163436] of_get_named_gpiod_flags: can't parse 'gpios' property of node '/fixedregulator0[0]'
[    0.163473] of_get_named_gpiod_flags: can't parse 'gpio' property of node '/fixedregulator0[0]'
[    0.163495] reg-fixed-voltage fixedregulator0: using lookup tables for GPIO lookup
[    0.163505] reg-fixed-voltage fixedregulator0: No GPIO consumer (null) found
[    0.164660] iommu: Default domain type: Translated 
[    0.164673] iommu: DMA domain TLB invalidation policy: strict mode 
[    0.166092] SCSI subsystem initialized
[    0.166600] libata version 3.00 loaded.
[    0.166935] pps_core: LinuxPPS API ver. 1 registered
[    0.166945] pps_core: Software ver. 5.3.6 - Copyright 2005-2007 Rodolfo Giometti <giometti@linux.it>
[    0.166967] PTP clock support registered
[    0.168398] vgaarb: loaded
[    0.180580] clocksource: Switched to clocksource dmtimer
[    0.181211] VFS: Disk quotas dquot_6.6.0
[    0.181281] VFS: Dquot-cache hash table entries: 1024 (order 0, 4096 bytes)
[    0.193011] NET: Registered PF_INET protocol family
[    0.193342] IP idents hash table entries: 8192 (order: 4, 65536 bytes, linear)
[    0.194709] tcp_listen_portaddr_hash hash table entries: 512 (order: 0, 4096 bytes, linear)
[    0.194756] Table-perturb hash table entries: 65536 (order: 6, 262144 bytes, linear)
[    0.194776] TCP established hash table entries: 4096 (order: 2, 16384 bytes, linear)
[    0.194825] TCP bind hash table entries: 4096 (order: 4, 65536 bytes, linear)
[    0.194925] TCP: Hash tables configured (established 4096 bind 4096)
[    0.195041] UDP hash table entries: 256 (order: 1, 8192 bytes, linear)
[    0.195069] UDP-Lite hash table entries: 256 (order: 1, 8192 bytes, linear)
[    0.195243] NET: Registered PF_UNIX/PF_LOCAL protocol family
[    0.196432] RPC: Registered named UNIX socket transport module.
[    0.196451] RPC: Registered udp transport module.
[    0.196457] RPC: Registered tcp transport module.
[    0.196462] RPC: Registered tcp NFSv4.1 backchannel transport module.
[    0.196480] PCI: CLS 0 bytes, default 64
[    0.197914] Initialise system trusted keyrings
[    0.209237] workingset: timestamp_bits=14 max_order=17 bucket_order=3
[    0.218204] NFS: Registering the id_resolver key type
[    0.218304] Key type id_resolver registered
[    0.218312] Key type id_legacy registered
[    0.218368] jffs2: version 2.2. (NAND) (SUMMARY)  Â© 2001-2006 Red Hat, Inc.
[    0.219349] Key type asymmetric registered
[    0.219369] Asymmetric key parser 'x509' registered
[    0.219511] io scheduler mq-deadline registered
[    0.219521] io scheduler kyber registered
[    0.219759] io scheduler bfq registered
[    0.233109] hw perfevents: enabled with armv7_cortex_a8 PMU driver, 5 counters available
[    0.241330] l3-aon-clkctrl:0000:0: failed to disable
[    0.241667] Serial: 8250/16550 driver, 6 ports, IRQ sharing enabled
[    0.290845] brd: module loaded
[    0.298081] loop: module loaded
[    0.299123] mtdoops: mtd device (mtddev=name/number) must be supplied
[    0.300462] mdio_bus fixed-0: GPIO lookup for consumer reset
[    0.300481] mdio_bus fixed-0: using lookup tables for GPIO lookup
[    0.300491] mdio_bus fixed-0: No GPIO consumer reset found
[    0.301578] i2c_dev: i2c /dev entries driver
[    0.302467] cpuidle: enable-method property 'ti,am3352' found operations
[    0.302886] sdhci: Secure Digital Host Controller Interface driver
[    0.302897] sdhci: Copyright(c) Pierre Ossman
[    0.303069] sdhci-pltfm: SDHCI platform and OF driver helper
[    0.303326] ledtrig-cpu: registered to indicate activity on CPUs
[    0.304053] Initializing XFRM netlink socket
[    0.304613] NET: Registered PF_INET6 protocol family
[    0.315868] Segment Routing with IPv6
[    0.315944] In-situ OAM (IOAM) with IPv6
[    0.316038] sit: IPv6, IPv4 and MPLS over IPv4 tunneling driver
[    0.316919] NET: Registered PF_PACKET protocol family
[    0.316948] NET: Registered PF_KEY protocol family
[    0.317048] Key type dns_resolver registered
[    0.317160] ThumbEE CPU extension supported.
[    0.317176] Registering SWP/SWPB emulation handler
[    0.317686] omap_voltage_late_init: Voltage driver support not added
[    0.318311] SmartReflex Class3 initialized
[    0.319495] Loading compiled-in X.509 certificates
[    0.379936] /ocp/interconnect@44c00000/segment@200000/target-module@b000/i2c@0/tda19988@70: Fixed dependency cycle(s) with /ocp/interconnect@48000000/segment@300000/target-module@e000/lcdc@0
[    0.385875] /ocp/interconnect@44c00000/segment@200000/target-module@b000/i2c@0/tda19988@70: Fixed dependency cycle(s) with /ocp/interconnect@48000000/segment@300000/target-module@e000/lcdc@0
[    0.393578] /ocp/interconnect@44c00000/segment@200000/target-module@b000/i2c@0/tda19988@70: Fixed dependency cycle(s) with /ocp/interconnect@48000000/segment@300000/target-module@e000/lcdc@0
[    0.394380] /ocp/interconnect@44c00000/segment@200000/target-module@b000/i2c@0/tda19988@70: Fixed dependency cycle(s) with /ocp/interconnect@48000000/segment@300000/target-module@e000/lcdc@0
[    0.397444] /ocp/interconnect@44c00000/segment@200000/target-module@10000/scm@0/pinmux@800: Fixed dependency cycle(s) with /ocp/interconnect@44c00000/segment@200000/target-module@10000/scm@0/pinmux@800/pinmux_clkout2_pin
[    0.398039] pinctrl-single 44e10800.pinmux: 142 pins, size 568
[    0.402928] ti-sysc: probe of 44e31000.target-module failed with error -16
[    0.451243] /ocp/interconnect@48000000/segment@300000/target-module@e000/lcdc@0: Fixed dependency cycle(s) with /ocp/interconnect@44c00000/segment@200000/target-module@b000/i2c@0/tda19988@70
[    0.458404] ti-sysc: probe of 48040000.target-module failed with error -16
[    0.468886] gpio gpiochip0: (gpio-0-31): created GPIO range 0->7 ==> 44e10800.pinmux PIN 0->7
[    0.468922] gpio gpiochip0: (gpio-0-31): created GPIO range 8->11 ==> 44e10800.pinmux PIN 90->93
[    0.468937] gpio gpiochip0: (gpio-0-31): created GPIO range 12->27 ==> 44e10800.pinmux PIN 12->27
[    0.468952] gpio gpiochip0: (gpio-0-31): created GPIO range 28->31 ==> 44e10800.pinmux PIN 30->33
[    0.469018] gpio gpiochip0: (gpio-0-31): not an immutable chip, please consider fixing it!
[    0.499146] gpio gpiochip0: (gpio-0-31): added GPIO chardev (254:0)
[    0.499315] gpio gpiochip0: registered GPIOs 0 to 31 on gpio-0-31
[    0.499401] OMAP GPIO hardware version 0.1
[    0.524087] i2c i2c-2: GPIO lookup for consumer scl
[    0.524114] i2c i2c-2: using device tree for GPIO lookup
[    0.524139] of_get_named_gpiod_flags: can't parse 'scl-gpios' property of node '/ocp/interconnect@48000000/segment@100000/target-module@9c000/i2c@0[0]'
[    0.524184] of_get_named_gpiod_flags: can't parse 'scl-gpio' property of node '/ocp/interconnect@48000000/segment@100000/target-module@9c000/i2c@0[0]'
[    0.524223] i2c i2c-2: using lookup tables for GPIO lookup
[    0.524233] i2c i2c-2: No GPIO consumer scl found
[    0.524254] i2c i2c-2: GPIO lookup for consumer sda
[    0.524261] i2c i2c-2: using device tree for GPIO lookup
[    0.524274] of_get_named_gpiod_flags: can't parse 'sda-gpios' property of node '/ocp/interconnect@48000000/segment@100000/target-module@9c000/i2c@0[0]'
[    0.524311] of_get_named_gpiod_flags: can't parse 'sda-gpio' property of node '/ocp/interconnect@48000000/segment@100000/target-module@9c000/i2c@0[0]'
[    0.524345] i2c i2c-2: using lookup tables for GPIO lookup
[    0.524352] i2c i2c-2: No GPIO consumer sda found
[    0.524999] omap_i2c 4819c000.i2c: bus 2 rev0.11 at 100 kHz
[    0.530340] gpio gpiochip1: (gpio-32-63): created GPIO range 0->17 ==> 44e10800.pinmux PIN 34->51
[    0.530372] gpio gpiochip1: (gpio-32-63): created GPIO range 18->21 ==> 44e10800.pinmux PIN 77->80
[    0.530388] gpio gpiochip1: (gpio-32-63): created GPIO range 22->31 ==> 44e10800.pinmux PIN 56->65
[    0.530453] gpio gpiochip1: (gpio-32-63): not an immutable chip, please consider fixing it!
[    0.544069] gpio gpiochip1: (gpio-32-63): added GPIO chardev (254:1)
[    0.544198] gpio gpiochip1: registered GPIOs 32 to 63 on gpio-32-63
[    0.546281] gpio gpiochip2: (gpio-64-95): created GPIO range 0->4 ==> 44e10800.pinmux PIN 66->70
[    0.546309] gpio gpiochip2: (gpio-64-95): created GPIO range 5->6 ==> 44e10800.pinmux PIN 98->99
[    0.546324] gpio gpiochip2: (gpio-64-95): created GPIO range 7->8 ==> 44e10800.pinmux PIN 75->76
[    0.546339] gpio gpiochip2: (gpio-64-95): created GPIO range 13->13 ==> 44e10800.pinmux PIN 141->141
[    0.546355] gpio gpiochip2: (gpio-64-95): created GPIO range 14->21 ==> 44e10800.pinmux PIN 100->107
[    0.546422] gpio gpiochip2: (gpio-64-95): not an immutable chip, please consider fixing it!
[    0.546870] gpio gpiochip2: (gpio-64-95): added GPIO chardev (254:2)
[    0.546984] gpio gpiochip2: registered GPIOs 64 to 95 on gpio-64-95
[    0.552977] /ocp/interconnect@48000000/segment@300000/target-module@e000/lcdc@0: Fixed dependency cycle(s) with /ocp/interconnect@44c00000/segment@200000/target-module@b000/i2c@0/tda19988@70
[    0.555571] /ocp/interconnect@48000000/segment@300000/target-module@e000/lcdc@0: Fixed dependency cycle(s) with /ocp/interconnect@44c00000/segment@200000/target-module@b000/i2c@0/tda19988@70
[    0.556208] /ocp/interconnect@44c00000/segment@200000/target-module@b000/i2c@0/tda19988@70: Fixed dependency cycle(s) with /ocp/interconnect@48000000/segment@300000/target-module@e000/lcdc@0
[    0.556362] /ocp/interconnect@48000000/segment@300000/target-module@e000/lcdc@0: Fixed dependency cycle(s) with /ocp/interconnect@44c00000/segment@200000/target-module@b000/i2c@0/tda19988@70
[    0.565035] mdio_bus 4a101000.mdio: GPIO lookup for consumer reset
[    0.565061] mdio_bus 4a101000.mdio: using device tree for GPIO lookup
[    0.565083] of_get_named_gpiod_flags: can't parse 'reset-gpios' property of node '/ocp/interconnect@4a000000/segment@0/target-module@100000/switch@0/mdio@1000[0]'
[    0.565131] of_get_named_gpiod_flags: can't parse 'reset-gpio' property of node '/ocp/interconnect@4a000000/segment@0/target-module@100000/switch@0/mdio@1000[0]'
[    0.565176] mdio_bus 4a101000.mdio: using lookup tables for GPIO lookup
[    0.565185] mdio_bus 4a101000.mdio: No GPIO consumer reset found
[    0.566223] sdhci-omap 481d8000.mmc: GPIO lookup for consumer wp
[    0.566245] sdhci-omap 481d8000.mmc: using device tree for GPIO lookup
[    0.566265] of_get_named_gpiod_flags: can't parse 'wp-gpios' property of node '/ocp/interconnect@48000000/segment@100000/target-module@d8000/mmc@0[0]'
[    0.566315] of_get_named_gpiod_flags: can't parse 'wp-gpio' property of node '/ocp/interconnect@48000000/segment@100000/target-module@d8000/mmc@0[0]'
[    0.566351] sdhci-omap 481d8000.mmc: using lookup tables for GPIO lookup
[    0.566361] sdhci-omap 481d8000.mmc: No GPIO consumer wp found
[    0.566549] sdhci-omap 481d8000.mmc: supply pbias not found, using dummy regulator
[    0.566984] sdhci-omap 481d8000.mmc: supply vqmmc not found, using dummy regulator
[    0.624355] davinci_mdio 4a101000.mdio: davinci mdio revision 1.6, bus freq 1000000
[    0.641345] mdio_bus 4a101000.mdio:00: GPIO lookup for consumer reset
[    0.641367] mdio_bus 4a101000.mdio:00: using device tree for GPIO lookup
[    0.641405] of_get_named_gpiod_flags: parsed 'reset-gpios' property of node '/ocp/interconnect@4a000000/segment@0/target-module@100000/switch@0/mdio@1000/ethernet-phy@0[0]' - status (0)
[    0.641575] gpio gpiochip0: Persistence not supported for GPIO 8
[    0.795370] davinci_mdio 4a101000.mdio: phy[0]: device 4a101000.mdio:00, driver SMSC LAN8710/LAN8720
[    0.795970] cpsw-switch 4a100000.switch: initialized cpsw ale version 1.4
[    0.795991] cpsw-switch 4a100000.switch: ALE Table size 1024
[    0.809573] cpsw-switch 4a100000.switch: cpts: overflow check period 500 (jiffies)
[    0.809597] cpsw-switch 4a100000.switch: CPTS: ref_clk_freq:250000000 calc_mult:2147483648 calc_shift:29 error:0 nsec/sec
[    0.809689] cpsw-switch 4a100000.switch: Detected MACID = 6c:ec:eb:68:de:78
[    0.811362] cpsw-switch 4a100000.switch: initialized (regs 0x4a100000, pool size 256) hw_ver:0019010C 1.12 (0)
[    0.821290] debugfs: Directory '49000000.dma' with parent 'dmaengine' already present!
[    0.821330] edma 49000000.dma: TI EDMA DMA engine driver
[    0.847176] gpio-clk clk_mcasp0: GPIO lookup for consumer enable
[    0.847206] gpio-clk clk_mcasp0: using device tree for GPIO lookup
[    0.847246] of_get_named_gpiod_flags: parsed 'enable-gpios' property of node '/clk_mcasp0[0]' - status (0)
[    0.847293] gpio gpiochip0: Persistence not supported for GPIO 27
[    0.848186] gpio gpiochip3: (gpio-96-127): created GPIO range 0->7 ==> 44e10800.pinmux PIN 82->89
[    0.848221] gpio gpiochip3: (gpio-96-127): created GPIO range 8->11 ==> 44e10800.pinmux PIN 52->55
[    0.848237] gpio gpiochip3: (gpio-96-127): created GPIO range 12->15 ==> 44e10800.pinmux PIN 94->97
[    0.848254] gpio gpiochip3: (gpio-96-127): created GPIO range 16->17 ==> 44e10800.pinmux PIN 71->72
[    0.848269] gpio gpiochip3: (gpio-96-127): created GPIO range 18->18 ==> 44e10800.pinmux PIN 135->135
[    0.848285] gpio gpiochip3: (gpio-96-127): created GPIO range 19->20 ==> 44e10800.pinmux PIN 108->109
[    0.848301] gpio gpiochip3: (gpio-96-127): created GPIO range 21->21 ==> 44e10800.pinmux PIN 73->73
[    0.848318] gpio gpiochip3: (gpio-96-127): created GPIO range 22->23 ==> 44e10800.pinmux PIN 8->9
[    0.848334] gpio gpiochip3: (gpio-96-127): created GPIO range 26->27 ==> 44e10800.pinmux PIN 10->11
[    0.848352] gpio gpiochip3: (gpio-96-127): created GPIO range 28->28 ==> 44e10800.pinmux PIN 74->74
[    0.848369] gpio gpiochip3: (gpio-96-127): created GPIO range 29->29 ==> 44e10800.pinmux PIN 81->81
[    0.848387] gpio gpiochip3: (gpio-96-127): created GPIO range 30->31 ==> 44e10800.pinmux PIN 28->29
[    0.848453] gpio gpiochip3: (gpio-96-127): not an immutable chip, please consider fixing it!
[    0.862769] gpio gpiochip3: (gpio-96-127): added GPIO chardev (254:3)
[    0.862914] gpio gpiochip3: registered GPIOs 96 to 127 on gpio-96-127
[    0.864502] omap8250 44e09000.serial: GPIO lookup for consumer rs485-term
[    0.864526] omap8250 44e09000.serial: using device tree for GPIO lookup
[    0.864550] of_get_named_gpiod_flags: can't parse 'rs485-term-gpios' property of node '/ocp/interconnect@44c00000/segment@200000/target-module@9000/serial@0[0]'
[    0.864598] of_get_named_gpiod_flags: can't parse 'rs485-term-gpio' property of node '/ocp/interconnect@44c00000/segment@200000/target-module@9000/serial@0[0]'
[    0.864639] omap8250 44e09000.serial: using lookup tables for GPIO lookup
[    0.864648] omap8250 44e09000.serial: No GPIO consumer rs485-term found
[    0.864697] 44e09000.serial: ttyS0 at MMIO 0x44e09000 (irq = 34, base_baud = 3000000) is a 8250
[    2.181086] printk: console [ttyS0] enabled
[    2.187880] i2c i2c-0: GPIO lookup for consumer scl
[    2.187915] i2c i2c-0: using device tree for GPIO lookup
[    2.187942] of_get_named_gpiod_flags: can't parse 'scl-gpios' property of node '/ocp/interconnect@44c00000/segment@200000/target-module@b000/i2c@0[0]'
[    2.187989] of_get_named_gpiod_flags: can't parse 'scl-gpio' property of node '/ocp/interconnect@44c00000/segment@200000/target-module@b000/i2c@0[0]'
[    2.188031] i2c i2c-0: using lookup tables for GPIO lookup
[    2.188042] i2c i2c-0: No GPIO consumer scl found
[    2.188064] i2c i2c-0: GPIO lookup for consumer sda
[    2.188073] i2c i2c-0: using device tree for GPIO lookup
[    2.188088] of_get_named_gpiod_flags: can't parse 'sda-gpios' property of node '/ocp/interconnect@44c00000/segment@200000/target-module@b000/i2c@0[0]'
[    2.188127] of_get_named_gpiod_flags: can't parse 'sda-gpio' property of node '/ocp/interconnect@44c00000/segment@200000/target-module@b000/i2c@0[0]'
[    2.188162] i2c i2c-0: using lookup tables for GPIO lookup
[    2.188172] i2c i2c-0: No GPIO consumer sda found
[    2.219539] tps65217-pmic: Failed to locate of_node [id: -1]
[    2.235383] tps65217-bl: Failed to locate of_node [id: -1]
[    2.243962] tps65217 0-0024: TPS65217 ID 0xe version 1.2
[    2.250017] /ocp/interconnect@48000000/segment@300000/target-module@e000/lcdc@0: Fixed dependency cycle(s) with /ocp/interconnect@44c00000/segment@200000/target-module@b000/i2c@0/tda19988@70
[    2.267330] /ocp/interconnect@44c00000/segment@200000/target-module@b000/i2c@0/tda19988@70: Fixed dependency cycle(s) with /ocp/interconnect@48000000/segment@300000/target-module@e000/lcdc@0
[    2.284661] omap_i2c 44e0b000.i2c: bus 0 rev0.11 at 400 kHz
[    2.291992] sdhci-omap 48060000.mmc: GPIO lookup for consumer cd
[    2.292022] sdhci-omap 48060000.mmc: using device tree for GPIO lookup
[    2.292063] of_get_named_gpiod_flags: parsed 'cd-gpios' property of node '/ocp/interconnect@48000000/segment@0/target-module@60000/mmc@0[0]' - status (0)
[    2.292186] gpio gpiochip3: Persistence not supported for GPIO 6
[    2.292211] omap_gpio 44e07000.gpio: Could not set line 6 debounce to 200000 microseconds (-22)
[    2.301075] sdhci-omap 48060000.mmc: Got CD GPIO
[    2.305722] sdhci-omap 48060000.mmc: GPIO lookup for consumer wp
[    2.305733] sdhci-omap 48060000.mmc: using device tree for GPIO lookup
[    2.305754] of_get_named_gpiod_flags: can't parse 'wp-gpios' property of node '/ocp/interconnect@48000000/segment@0/target-module@60000/mmc@0[0]'
[    2.305799] of_get_named_gpiod_flags: can't parse 'wp-gpio' property of node '/ocp/interconnect@48000000/segment@0/target-module@60000/mmc@0[0]'
[    2.305839] sdhci-omap 48060000.mmc: using lookup tables for GPIO lookup
[    2.305851] sdhci-omap 48060000.mmc: No GPIO consumer wp found
[    2.306049] sdhci-omap 48060000.mmc: supply pbias not found, using dummy regulator
[    2.314780] sdhci-omap 481d8000.mmc: GPIO lookup for consumer wp
[    2.314810] sdhci-omap 481d8000.mmc: using device tree for GPIO lookup
[    2.314832] of_get_named_gpiod_flags: can't parse 'wp-gpios' property of node '/ocp/interconnect@48000000/segment@100000/target-module@d8000/mmc@0[0]'
[    2.314885] of_get_named_gpiod_flags: can't parse 'wp-gpio' property of node '/ocp/interconnect@48000000/segment@100000/target-module@d8000/mmc@0[0]'
[    2.314923] sdhci-omap 481d8000.mmc: using lookup tables for GPIO lookup
[    2.314935] sdhci-omap 481d8000.mmc: No GPIO consumer wp found
[    2.315523] sdhci-omap 48060000.mmc: supply vqmmc not found, using dummy regulator
[    2.323899] sdhci-omap 481d8000.mmc: supply pbias not found, using dummy regulator
[    2.332053] sdhci-omap 481d8000.mmc: supply vqmmc not found, using dummy regulator
[    2.368734] mmc1: SDHCI controller on 481d8000.mmc [481d8000.mmc] using External DMA
[    2.377542] mmc0: SDHCI controller on 48060000.mmc [48060000.mmc] using External DMA
[    2.386266] cpsw-switch 4a100000.switch: starting ndev. mode: dual_mac
[    2.448948] mmc1: new high speed MMC card at address 0001
[    2.455718] mmcblk1: mmc1:0001 MMC04G 3.60 GiB 
[    2.463252]  mmcblk1: p1 p2
[    2.466667] mmc0: new high speed SDHC card at address aaaa
[    2.473852] mmcblk1boot0: mmc1:0001 MMC04G 2.00 MiB 
[    2.480244] mmcblk0: mmc0:aaaa SE32G 29.7 GiB 
[    2.486588] mmcblk1boot1: mmc1:0001 MMC04G 2.00 MiB 
[    2.494681] mmcblk1rpmb: mmc1:0001 MMC04G 128 KiB, chardev (250:0)
[    2.501391]  mmcblk0: p1 p2
[    2.539858] SMSC LAN8710/LAN8720 4a101000.mdio:00: attached PHY driver (mii_bus:phy_addr=4a101000.mdio:00, irq=POLL)
[    5.689421] cpsw-switch 4a100000.switch eth0: Link is Up - 100Mbps/Full - flow control off
[    5.697812] IPv6: ADDRCONF(NETDEV_CHANGE): eth0: link becomes ready
[    5.728707] IP-Config: Complete:
[    5.731965]      device=eth0, hwaddr=6c:ec:eb:68:de:78, ipaddr=192.168.255.1, mask=255.255.255.0, gw=255.255.255.255
[    5.742576]      host=bbb1, domain=, nis-domain=(none)
[    5.747740]      bootserver=192.168.255.126, rootserver=192.168.255.126, rootpath=
[    5.748134] clk: Disabling unused clocks
[    5.759999] KTAP version 1
[    5.762728] 1..0
[    5.790537] VFS: Mounted root (nfs filesystem) on device 0:16.
[    5.797256] devtmpfs: mounted
[    5.801760] Freeing unused kernel image (initmem) memory: 1024K
[    5.808267] Run /sbin/init as init process
[    5.812490]   with arguments:
[    5.812505]     /sbin/init
[    5.812513]     nfsrootdebug
[    5.812520]   with environment:
[    5.812527]     HOME=/
[    5.812534]     TERM=linux
[    6.479909] systemd[1]: System time before build time, advancing clock.
[    7.948700] random: crng init done
[    8.020030] systemd[1]: systemd 232 running in system mode. (+PAM +AUDIT +SELINUX +IMA +APPARMOR +SMACK +SYSVINIT +UTMP +LIBCRYPTSETUP +GCRYPT +GNUTLS +ACL +XZ +LZ4 +SECCOMP +BLKID +ELFUTILS +KMOD +IDN)
[    8.039244] systemd[1]: Detected architecture arm.
[    8.100131] systemd[1]: Set hostname to <arm>.
[    9.190444] systemd[1]: Started Forward Password Requests to Wall Directory Watch.
[    9.230448] systemd[1]: Created slice System Slice.
[    9.269361] systemd[1]: Listening on udev Kernel Socket.
[    9.310514] systemd[1]: Listening on /dev/initctl Compatibility Named Pipe.
[    9.349083] systemd[1]: Reached target Remote File Systems.
[    9.389082] systemd[1]: dev-hugepages.mount: Couldn't determine result for ConditionVirtualization=!private-users, assuming failed: No such file or directory
[    9.404565] systemd[1]: Created slice system-getty.slice.
[   12.018019] systemd-journald[101]: Received request to flush runtime journal from PID 1
[   14.549305] of_get_named_gpiod_flags: parsed 'gpios' property of node '/leds/led2[0]' - status (0)
[   14.549397] gpio gpiochip0: Persistence not supported for GPIO 21
[   14.549410] gpio-21 (?): no flags found for gpios
[   14.549652] of_get_named_gpiod_flags: parsed 'gpios' property of node '/leds/led3[0]' - status (0)
[   14.549693] gpio gpiochip0: Persistence not supported for GPIO 22
[   14.549703] gpio-22 (?): no flags found for gpios
[   14.563885] of_get_named_gpiod_flags: parsed 'gpios' property of node '/leds/led4[0]' - status (0)
[   14.563959] gpio gpiochip0: Persistence not supported for GPIO 23
[   14.563972] gpio-23 (?): no flags found for gpios
[   14.579413] of_get_named_gpiod_flags: parsed 'gpios' property of node '/leds/led5[0]' - status (0)
[   14.579493] gpio gpiochip0: Persistence not supported for GPIO 24
[   14.579506] gpio-24 (?): no flags found for gpios
[   14.907194] remoteproc remoteproc0: wkup_m3 is available
[   15.180769] at24 2-0054: supply vcc not found, using dummy regulator
[   15.339626] at24 2-0055: supply vcc not found, using dummy regulator
[   15.440036] tps6521x_pwrbutton tps65217-pwrbutton: DMA mask not set
[   15.471567] at24 2-0056: supply vcc not found, using dummy regulator
[   15.613047] omap_rtc 44e3e000.rtc: registered as rtc0
[   15.618245] omap_rtc 44e3e000.rtc: setting system clock to 2000-01-01T00:00:00 UTC (946684800)
[   15.627105] omap_rtc 44e3e000.rtc: GPIO lookup for consumer wp
[   15.627122] omap_rtc 44e3e000.rtc: using device tree for GPIO lookup
[   15.627152] of_get_named_gpiod_flags: can't parse 'wp-gpios' property of node '/ocp/interconnect@44c00000/segment@200000/target-module@3e000/rtc@0[0]'
[   15.627214] of_get_named_gpiod_flags: can't parse 'wp-gpio' property of node '/ocp/interconnect@44c00000/segment@200000/target-module@3e000/rtc@0[0]'
[   15.627257] omap_rtc 44e3e000.rtc: using lookup tables for GPIO lookup
[   15.627270] omap_rtc 44e3e000.rtc: No GPIO consumer wp found
