Labgrid Console Logfile for main
Logfile started at 2025-09-04 16:03:14.438624
=== Log starts here ===
reading args
spl_load_image_fat_os: error reading image args, err - -1
reading u-boot.img
reading u-boot.img


U-Boot 2014.04-00014-g47880f5 (Apr 22 2014 - 13:23:54)

I2C:   ready
DRAM:  512 MiB
NAND:  0 MiB
MMC:   OMAP SD/MMC: 0, OMAP SD/MMC: 1
*** Warning - readenv() failed, using default environment

Net:   <ethaddr> not set. Validating first E-fuse MAC
cpsw, usb_ether
Hit any key to stop autoboot:  1  0 
gpio: pin 53 (gpio 53) value is 1
mmc0 is current device
gpio: pin 54 (gpio 54) value is 1
SD/MMC found on device 0
reading uEnv.txt
569 bytes read in 3 ms (184.6 KiB/s)
gpio: pin 55 (gpio 55) value is 1
Loaded environment from uEnv.txt
Importing environment from mmc ...
Checking if uenvcmd is set ...
gpio: pin 56 (gpio 56) value is 1
Running uenvcmd ...
cpsw Waiting for PHY auto negotiation to complete. done
link up on port 0, speed 100, full duplex
Using cpsw device
TFTP from server 192.168.255.126; our IP address is 192.168.255.1
Filename 'zImage'.
Load address: 0x81000000
Loading: *#################################################################
	 #################################################################
	 #################################################################
	 #################################################################
	 #################################################################
	 ########
	 2.4 MiB/s
done
Bytes transferred = 4875008 (4a6300 hex)
link up on port 0, speed 100, full duplex
Using cpsw device
TFTP from server 192.168.255.126; our IP address is 192.168.255.1
Filename 'am335x-boneblack.dtb'.
Load address: 0x82000000
Loading: *#######
	 2.4 MiB/s
done
Bytes transferred = 94874 (1729a hex)
Kernel image @ 0x81000000 [ 0x000000 - 0x4a6300 ]
## Flattened Device Tree blob at 82000000
   Booting using the fdt blob at 0x82000000
   Using Device Tree in place at 82000000, end 8201a299

Starting kernel ...

[    0.000000] Booting Linux on physical CPU 0x0
[    0.000000] Linux version 5.15.191 (user01@drvtest01) (arm-none-eabi-gcc (Arm GNU Toolchain 14.2.Rel1 (Build arm-14.52)) 14.2.1 20241119, GNU ld (Arm GNU Toolchain 14.2.Rel1 (Build arm-14.52)) 2.43.1.20241119) #1 SMP Thu Sep 4 15:51:43 EEST 2025
[    0.000000] CPU: ARMv7 Processor [413fc082] revision 2 (ARMv7), cr=10c5387d
[    0.000000] CPU: PIPT / VIPT nonaliasing data cache, VIPT aliasing instruction cache
[    0.000000] OF: fdt: Machine model: TI AM335x BeagleBone Black
[    0.000000] Memory policy: Data cache writeback
[    0.000000] cma: Reserved 16 MiB at 0x9e800000
[    0.000000] Zone ranges:
[    0.000000]   Normal   [mem 0x0000000080000000-0x000000009fdfffff]
[    0.000000]   HighMem  empty
[    0.000000] Movable zone start for each node
[    0.000000] Early memory node ranges
[    0.000000]   node   0: [mem 0x0000000080000000-0x000000009fdfffff]
[    0.000000] Initmem setup node 0 [mem 0x0000000080000000-0x000000009fdfffff]
[    0.000000] CPU: All CPU(s) started in SVC mode.
[    0.000000] AM335X ES2.1 (sgx neon)
[    0.000000] percpu: Embedded 16 pages/cpu s33804 r8192 d23540 u65536
[    0.000000] Built 1 zonelists, mobility grouping on.  Total pages: 129412
[    0.000000] Kernel command line: console=ttyO0,115200n8 root=/dev/nfs rw nfsroot=192.168.255.126:/home/user01/nfs,nfsvers=3 ip=192.168.255.1:192.168.255.126::255.255.255.0:bbb1:eth0 nfsrootdebug
[    0.000000] Unknown kernel command line parameters "nfsrootdebug", will be passed to user space.
[    0.000000] Dentry cache hash table entries: 65536 (order: 6, 262144 bytes, linear)
[    0.000000] Inode-cache hash table entries: 32768 (order: 5, 131072 bytes, linear)
[    0.000000] mem auto-init: stack:off, heap alloc:off, heap free:off
[    0.000000] Memory: 484756K/522240K available (10240K kernel code, 1079K rwdata, 2396K rodata, 1024K init, 242K bss, 21100K reserved, 16384K cma-reserved, 0K highmem)
[    0.000000] trace event string verifier disabled
[    0.000000] rcu: Hierarchical RCU implementation.
[    0.000000] rcu: 	RCU event tracing is enabled.
[    0.000000] rcu: 	RCU restricting CPUs from NR_CPUS=2 to nr_cpu_ids=1.
[    0.000000] rcu: RCU calculated value of scheduler-enlistment delay is 10 jiffies.
[    0.000000] rcu: Adjusting geometry for rcu_fanout_leaf=16, nr_cpu_ids=1
[    0.000000] NR_IRQS: 16, nr_irqs: 16, preallocated irqs: 16
[    0.000000] IRQ: Found an INTC at 0x(ptrval) (revision 5.0) with 128 interrupts
[    0.000000] TI gptimer clocksource: always-on /ocp/interconnect@44c00000/segment@200000/target-module@31000
[    0.000002] sched_clock: 32 bits at 24MHz, resolution 41ns, wraps every 89478484971ns
[    0.000028] clocksource: dmtimer: mask: 0xffffffff max_cycles: 0xffffffff, max_idle_ns: 79635851949 ns
[    0.000450] TI gptimer clockevent: 24000000 Hz at /ocp/interconnect@48000000/segment@0/target-module@40000
[    0.002295] Console: colour dummy device 80x30
[    0.002353] WARNING: Your 'console=ttyO0' has been replaced by 'ttyS0'
[    0.002364] This ensures that you still see kernel messages. Please
[    0.002373] update your kernel commandline.
[    0.002421] Calibrating delay loop... 996.14 BogoMIPS (lpj=4980736)
[    0.090565] CPU: Testing write buffer coherency: ok
[    0.090655] CPU0: Spectre v2: using BPIALL workaround
[    0.090668] pid_max: default: 32768 minimum: 301
[    0.090808] LSM: Security Framework initializing
[    0.090986] Mount-cache hash table entries: 1024 (order: 0, 4096 bytes, linear)
[    0.091012] Mountpoint-cache hash table entries: 1024 (order: 0, 4096 bytes, linear)
[    0.092585] CPU0: thread -1, cpu 0, socket -1, mpidr 0
[    0.093629] Setting up static identity map for 0x80100000 - 0x80100078
[    0.093850] rcu: Hierarchical SRCU implementation.
[    0.095051] smp: Bringing up secondary CPUs ...
[    0.095081] smp: Brought up 1 node, 1 CPU
[    0.095096] SMP: Total of 1 processors activated (996.14 BogoMIPS).
[    0.095109] CPU: All CPU(s) started in SVC mode.
[    0.095880] devtmpfs: initialized
[    0.110189] VFP support v0.3: implementor 41 architecture 3 part 30 variant c rev 3
[    0.110510] clocksource: jiffies: mask: 0xffffffff max_cycles: 0xffffffff, max_idle_ns: 19112604462750000 ns
[    0.110638] futex hash table entries: 256 (order: 2, 16384 bytes, linear)
[    0.111996] pinctrl core: initialized pinctrl subsystem
[    0.113913] NET: Registered PF_NETLINK/PF_ROUTE protocol family
[    0.116692] DMA: preallocated 256 KiB pool for atomic coherent allocations
[    0.117247] audit: initializing netlink subsys (disabled)
[    0.118447] thermal_sys: Registered thermal governor 'fair_share'
[    0.118468] thermal_sys: Registered thermal governor 'step_wise'
[    0.118482] thermal_sys: Registered thermal governor 'user_space'
[    0.118837] cpuidle: using governor menu
[    0.135291] No ATAGs?
[    0.135330] hw-breakpoint: debug architecture 0x4 unsupported.
[    0.143271] kprobes: kprobe jump-optimization is enabled. All kprobes are optimized if possible.
[    0.143614] audit: type=2000 audit(0.110:1): state=initialized audit_enabled=0 res=1
[    0.149712] iommu: Default domain type: Translated 
[    0.149736] iommu: DMA domain TLB invalidation policy: strict mode 
[    0.151144] vgaarb: loaded
[    0.151675] SCSI subsystem initialized
[    0.152406] pps_core: LinuxPPS API ver. 1 registered
[    0.152422] pps_core: Software ver. 5.3.6 - Copyright 2005-2007 Rodolfo Giometti <giometti@linux.it>
[    0.152451] PTP clock support registered
[    0.153765] clocksource: Switched to clocksource dmtimer
[    0.198731] VFS: Disk quotas dquot_6.6.0
[    0.198851] VFS: Dquot-cache hash table entries: 1024 (order 0, 4096 bytes)
[    0.266515] NET: Registered PF_INET protocol family
[    0.266848] IP idents hash table entries: 8192 (order: 4, 65536 bytes, linear)
[    0.267792] tcp_listen_portaddr_hash hash table entries: 512 (order: 0, 4096 bytes, linear)
[    0.267845] Table-perturb hash table entries: 65536 (order: 6, 262144 bytes, linear)
[    0.267874] TCP established hash table entries: 4096 (order: 2, 16384 bytes, linear)
[    0.267923] TCP bind hash table entries: 4096 (order: 3, 32768 bytes, linear)
[    0.267987] TCP: Hash tables configured (established 4096 bind 4096)
[    0.268112] UDP hash table entries: 256 (order: 1, 8192 bytes, linear)
[    0.268141] UDP-Lite hash table entries: 256 (order: 1, 8192 bytes, linear)
[    0.268324] NET: Registered PF_UNIX/PF_LOCAL protocol family
[    0.269420] RPC: Registered named UNIX socket transport module.
[    0.269452] RPC: Registered udp transport module.
[    0.269462] RPC: Registered tcp transport module.
[    0.269470] RPC: Registered tcp NFSv4.1 backchannel transport module.
[    0.269491] PCI: CLS 0 bytes, default 64
[    0.270864] Initialise system trusted keyrings
[    0.274384] workingset: timestamp_bits=14 max_order=17 bucket_order=3
[    0.275645] NFS: Registering the id_resolver key type
[    0.275717] Key type id_resolver registered
[    0.275729] Key type id_legacy registered
[    0.275784] jffs2: version 2.2. (NAND) (SUMMARY)  Â© 2001-2006 Red Hat, Inc.
[    0.276166] Key type asymmetric registered
[    0.276189] Asymmetric key parser 'x509' registered
[    0.276253] io scheduler mq-deadline registered
[    0.276268] io scheduler kyber registered
[    0.290202] hw perfevents: enabled with armv7_cortex_a8 PMU driver, 5 counters available
[    0.298144] l3-aon-clkctrl:0000:0: failed to disable
[    0.298548] Serial: 8250/16550 driver, 6 ports, IRQ sharing enabled
[    0.356419] brd: module loaded
[    0.385355] loop: module loaded
[    0.386273] mtdoops: mtd device (mtddev=name/number) must be supplied
[    0.388560] i2c_dev: i2c /dev entries driver
[    0.389461] cpuidle: enable-method property 'ti,am3352' found operations
[    0.389869] sdhci: Secure Digital Host Controller Interface driver
[    0.389884] sdhci: Copyright(c) Pierre Ossman
[    0.390055] sdhci-pltfm: SDHCI platform and OF driver helper
[    0.390291] ledtrig-cpu: registered to indicate activity on CPUs
[    0.390835] Initializing XFRM netlink socket
[    0.391039] NET: Registered PF_INET6 protocol family
[    0.392575] Segment Routing with IPv6
[    0.392661] In-situ OAM (IOAM) with IPv6
[    0.392758] sit: IPv6, IPv4 and MPLS over IPv4 tunneling driver
[    0.393559] NET: Registered PF_PACKET protocol family
[    0.393612] NET: Registered PF_KEY protocol family
[    0.393841] Key type dns_resolver registered
[    0.393952] ThumbEE CPU extension supported.
[    0.393977] Registering SWP/SWPB emulation handler
[    0.394480] omap_voltage_late_init: Voltage driver support not added
[    0.395120] SmartReflex Class3 initialized
[    0.395966] Loading compiled-in X.509 certificates
[    0.428002] pinctrl-single 44e10800.pinmux: 142 pins, size 568
[    0.432246] ti-sysc: probe of 44e31000.target-module failed with error -16
[    0.466366] ti-sysc: probe of 48040000.target-module failed with error -16
[    0.504919] OMAP GPIO hardware version 0.1
[    0.529915] omap_i2c 4819c000.i2c: bus 2 rev0.11 at 100 kHz
[    0.570264] sdhci-omap 481d8000.mmc: supply vqmmc not found, using dummy regulator
[    0.625905] davinci_mdio 4a101000.mdio: davinci mdio revision 1.6, bus freq 1000000
[    0.810747] davinci_mdio 4a101000.mdio: phy[0]: device 4a101000.mdio:00, driver SMSC LAN8710/LAN8720
[    0.811328] cpsw-switch 4a100000.switch: initialized cpsw ale version 1.4
[    0.811361] cpsw-switch 4a100000.switch: ALE Table size 1024
[    0.825259] cpsw-switch 4a100000.switch: cpts: overflow check period 500 (jiffies)
[    0.825289] cpsw-switch 4a100000.switch: CPTS: ref_clk_freq:250000000 calc_mult:2147483648 calc_shift:29 error:0 nsec/sec
[    0.825402] cpsw-switch 4a100000.switch: Detected MACID = 6c:ec:eb:68:de:78
[    0.826963] cpsw-switch 4a100000.switch: initialized (regs 0x4a100000, pool size 256) hw_ver:0019010C 1.12 (0)
[    0.836308] debugfs: Directory '49000000.dma' with parent 'dmaengine' already present!
[    0.836365] edma 49000000.dma: TI EDMA DMA engine driver
[    0.876896] 44e09000.serial: ttyS0 at MMIO 0x44e09000 (irq = 19, base_baud = 3000000) is a 8250
[    1.829680] printk: console [ttyS0] enabled
[    1.864522] tps65217-pmic: Failed to locate of_node [id: -1]
[    1.879647] tps65217-bl: Failed to locate of_node [id: -1]
[    1.888110] tps65217 0-0024: TPS65217 ID 0xe version 1.2
[    1.894115] i2c 0-0070: Fixing up cyclic dependency with 4830e000.lcdc
[    1.900967] omap_i2c 44e0b000.i2c: bus 0 rev0.11 at 400 kHz
[    1.908391] omap_gpio 44e07000.gpio: Could not set line 6 debounce to 200000 microseconds (-22)
[    1.917250] sdhci-omap 48060000.mmc: Got CD GPIO
[    1.922210] sdhci-omap 48060000.mmc: supply vqmmc not found, using dummy regulator
[    1.934491] sdhci-omap 481d8000.mmc: supply vqmmc not found, using dummy regulator
[    1.969450] mmc1: SDHCI controller on 481d8000.mmc [481d8000.mmc] using External DMA
[    1.977734] mmc0: SDHCI controller on 48060000.mmc [48060000.mmc] using External DMA
[    1.986362] cpsw-switch 4a100000.switch: starting ndev. mode: dual_mac
[    2.059685] mmc0: new high speed SDHC card at address aaaa
[    2.066646] mmcblk0: mmc0:aaaa SE32G 29.7 GiB 
[    2.075846]  mmcblk0: p1 p2
[    2.080694] mmc1: new high speed MMC card at address 0001
[    2.087340] mmcblk1: mmc1:0001 MMC04G 3.60 GiB 
[    2.094526]  mmcblk1: p1 p2
[    2.098526] mmcblk1boot0: mmc1:0001 MMC04G 2.00 MiB 
[    2.105643] mmcblk1boot1: mmc1:0001 MMC04G 2.00 MiB 
[    2.112392] mmcblk1rpmb: mmc1:0001 MMC04G 128 KiB, chardev (250:0)
[    2.145585] SMSC LAN8710/LAN8720 4a101000.mdio:00: attached PHY driver (mii_bus:phy_addr=4a101000.mdio:00, irq=POLL)
[    5.284492] cpsw-switch 4a100000.switch eth0: Link is Up - 100Mbps/Full - flow control off
[    5.303812] IPv6: ADDRCONF(NETDEV_CHANGE): eth0: link becomes ready
[    5.333769] IP-Config: Complete:
[    5.337026]      device=eth0, hwaddr=6c:ec:eb:68:de:78, ipaddr=192.168.255.1, mask=255.255.255.0, gw=255.255.255.255
[    5.347640]      host=bbb1, domain=, nis-domain=(none)
[    5.352802]      bootserver=192.168.255.126, rootserver=192.168.255.126, rootpath=
[    5.353171] clk: Disabling unused clocks
[    5.365015] TAP version 14
[    5.367736] 1..0
[    5.403525] VFS: Mounted root (nfs filesystem) on device 0:16.
[    5.410450] devtmpfs: mounted
[    5.414881] Freeing unused kernel image (initmem) memory: 1024K
[    5.421377] Run /sbin/init as init process
[    6.118106] systemd[1]: System time before build time, advancing clock.
[    6.315383] random: systemd: uninitialized urandom read (16 bytes read)
[    6.327516] random: systemd: uninitialized urandom read (16 bytes read)
[    6.337959] systemd[1]: systemd 232 running in system mode. (+PAM +AUDIT +SELINUX +IMA +APPARMOR +SMACK +SYSVINIT +UTMP +LIBCRYPTSETUP +GCRYPT +GNUTLS +ACL +XZ +LZ4 +SECCOMP +BLKID +ELFUTILS +KMOD +IDN)
[    6.357103] systemd[1]: Detected architecture arm.

Welcome to [1mDebian GNU/Linux 9 (stretch)[0m!

[    6.396655] systemd[1]: Set hostname to <arm>.
[    6.780468] random: systemd-cryptse: uninitialized urandom read (16 bytes read)
[    7.328324] random: systemd: uninitialized urandom read (16 bytes read)
[    7.370556] random: systemd: uninitialized urandom read (16 bytes read)
[    7.377842] random: systemd: uninitialized urandom read (16 bytes read)
[    7.391845] systemd[1]: Listening on Syslog Socket.
[[0;32m  OK  [0m] Listening on Syslog Socket.
[    7.424836] systemd[1]: Listening on Journal Audit Socket.
[[0;32m  OK  [0m] Listening on Journal Audit Socket.
[    7.464172] systemd[1]: Reached target Swap.
[[0;32m  OK  [0m] Reached target Swap.
[    7.494359] systemd[1]: Listening on udev Kernel Socket.
[[0;32m  OK  [0m] Listening on udev Kernel Socket.
[    7.535211] systemd[1]: Created slice User and Session Slice.
[[0;32m  OK  [0m] Created slice User and Session Slice.
[    7.574656] systemd[1]: Started Dispatch Password Requests to Console Directory Watch.
[[0;32m  OK  [0m] Started Dispatch Password Requests to Console Directory Watch.
[    7.615350] systemd[1]: Set up automount Arbitrary Executable File Formats File System Automount Point.
[[0;32m  OK  [0m] Set up automount Arbitrary Executabâ€¦rmats File System Automount Point.
[[0;32m  OK  [0m] Started Forward Password Requests to Wall Directory Watch.
[[0;32m  OK  [0m] Reached target Encrypted Volumes.
[[0;32m  OK  [0m] Reached target Remote File Systems.
[[0;32m  OK  [0m] Listening on Journal Socket (/dev/log).
[[0;32m  OK  [0m] Reached target Paths.
[[0;32m  OK  [0m] Listening on Journal Socket.
[[0;32m  OK  [0m] Created slice System Slice.
         Mounting Debug File System...
         Starting Remount Root and Kernel File Systems...
[[0;32m  OK  [0m] Created slice system-serial\x2dgetty.slice.
[[0;32m  OK  [0m] Reached target Slices.
         Starting Load Kernel Modules...
[[0;32m  OK  [0m] Created slice system-getty.slice.
         Mounting POSIX Message Queue File System...
         Starting Create list of required stâ€¦ce nodes for the current kernel...
[[0;32m  OK  [0m] Listening on udev Control Socket.
[[0;32m  OK  [0m] Listening on /dev/initctl Compatibility Named Pipe.
         Starting Journal Service...
[[0;32m  OK  [0m] Mounted POSIX Message Queue File System.
[[0;32m  OK  [0m] Mounted Debug File System.
[[0;32m  OK  [0m] Started Remount Root and Kernel File Systems.
[[0;32m  OK  [0m] Started Load Kernel Modules.
[[0;32m  OK  [0m] Started Create list of required staâ€¦vice nodes for the current kernel.
[    8.379252] random: systemd: uninitialized urandom read (16 bytes read)
         Starting Create Static Device Nodes in /dev...
[    8.441084] random: systemd: uninitialized urandom read (16 bytes read)
[    8.448656] random: systemd-journal: uninitialized urandom read (16 bytes read)
         Mounting Configuration File System...
         Starting Apply Kernel Variables...
         Starting Load/Save Random Seed...
         Starting udev Coldplug all Devices...
[[0;32m  OK  [0m] Mounted Configuration File System.
[[0;32m  OK  [0m] Started Load/Save Random Seed.
[[0;32m  OK  [0m] Started Apply Kernel Variables.
[[0;32m  OK  [0m] Started Create Static Device Nodes in /dev.
         Starting udev Kernel Device Manager...
[[0;32m  OK  [0m] Reached target Local File Systems (Pre).
[[0;32m  OK  [0m] Reached target Local File Systems.
         Starting Raise network interfaces...
[    9.388796] random: systemd-udevd: uninitialized urandom read (16 bytes read)
[[0;32m  OK  [0m] Started Journal Service.
         Starting Flush Journal to Persistent Storage...
[    9.965242] systemd-journald[97]: Received request to flush runtime journal from PID 1
[[0;32m  OK  [0m] Started udev Kernel Device Manager.
[[0;32m  OK  [0m] Started Flush Journal to Persistent Storage.
         Starting Create Volatile Files and Directories...
[[0;32m  OK  [0m] Started Create Volatile Files and Directories.
         Starting Network Time Synchronization...
         Starting Update UTMP about System Boot/Shutdown...
[[0;32m  OK  [0m] Started Update UTMP about System Boot/Shutdown.
[   11.963893] random: crng init done
[   11.967357] random: 454 urandom warning(s) missed due to ratelimiting
[[0;32m  OK  [0m] Started Network Time Synchronization.
[[0;32m  OK  [0m] Reached target System Time Synchronized.
[[0;32m  OK  [0m] Started udev Coldplug all Devices.
[[0;32m  OK  [0m] Reached target System Initialization.
[[0;32m  OK  [0m] Started Daily Cleanup of Temporary Directories.
[[0;32m  OK  [0m] Listening on D-Bus System Message Bus Socket.
[[0;32m  OK  [0m] Started Daily apt download activities.
[[0;32m  OK  [0m] Started Daily apt upgrade and clean activities.
[[0;32m  OK  [0m] Reached target Timers.
[[0;32m  OK  [0m] Listening on Avahi mDNS/DNS-SD Stack Activation Socket.
[[0;32m  OK  [0m] Reached target Sockets.
[[0;32m  OK  [0m] Reached target Basic System.
         Starting LSB: Load kernel modules needed to enable cpufreq scaling...
[   12.953005] remoteproc remoteproc0: wkup_m3 is available
         Starting DUN service...
[   13.045706] at24 2-0054: supply vcc not found, using dummy regulator
         Starting Generic Board Startup...
[   13.108244] omap_rtc 44e3e000.rtc: registered as rtc0
[   13.113436] omap_rtc 44e3e000.rtc: setting system clock to 2000-01-01T00:00:00 UTC (946684800)
[   13.232118] at24 2-0055: supply vcc not found, using dummy regulator
[[0;32m  OK  [0m] Started Regular background program processing daemon.
         Starting Cape Manager Service...
[   13.422447] at24 2-0056: supply vcc not found, using dummy regulator
         Starting Telephony service...
[   13.514520] at24 2-0057: supply vcc not found, using dummy regulator
         Starting System Logging Service...
[   13.617017] at24 0-0050: supply vcc not found, using dummy regulator
[[0;32m  OK  [0m] Started D-Bus System Message Bus.
[   13.718115] tps6521x_pwrbutton tps65217-pwrbutton: DMA mask not set
[   13.767792] at24 0-0050: 32768 byte 24c256 EEPROM, writable, 1 bytes/write
[   13.844990] input: tps65217_pwrbutton as /devices/platform/ocp/44c00000.interconnect/44c00000.interconnect:segment@200000/44e0b000.target-module/44e0b000.i2c/i2c-0/0-0024/tps65217-pwrbutton/input/input0
[   13.956283] omap_wdt: OMAP Watchdog Timer Rev 0x01: initial timeout 60 sec
[   14.146541] am335x-phy-driver 47401300.usb-phy: supply vcc not found, using dummy regulator
[   14.355856] am335x-phy-driver 47401b00.usb-phy: supply vcc not found, using dummy regulator
[   14.610574] usbcore: registered new interface driver usbfs
[   14.616324] usbcore: registered new interface driver hub
[   14.621748] usbcore: registered new device driver usb
[   15.256034] musb-hdrc musb-hdrc.1: MUSB HDRC host driver
[   15.261442] musb-hdrc musb-hdrc.1: new USB bus registered, assigned bus number 1
[   15.590713] omap-mailbox 480c8000.mailbox: omap mailbox rev 0x400
[   15.611041] tda998x 0-0070: found TDA19988
[   15.627145] remoteproc remoteproc0: powering up wkup_m3
[   15.637685] usb usb1: New USB device found, idVendor=1d6b, idProduct=0002, bcdDevice= 5.15
[   15.646213] usb usb1: New USB device strings: Mfr=3, Product=2, SerialNumber=1
[   15.653475] usb usb1: Product: MUSB HDRC host driver
[   15.658508] usb usb1: Manufacturer: Linux 5.15.191 musb-hcd
[   15.664128] usb usb1: SerialNumber: musb-hdrc.1
[   15.762549] remoteproc remoteproc0: Direct firmware load for am335x-pm-firmware.elf failed with error -2
[   15.772348] remoteproc remoteproc0: request_firmware failed: -2
[   15.778356] wkup_m3_ipc 44e11324.wkup_m3_ipc: rproc_boot failed
[   16.181315] hub 1-0:1.0: USB hub found
[   16.254392] hub 1-0:1.0: 1 port detected
[[0;32m  OK  [0m] Started DUN service.
[[0;32m  OK  [0m] Started Telephony service.
         Starting Connection service...
[   17.171306] omap_rng 48310000.rng: Random Number Generator ver. 20
         Starting Login Service...
         Starting Avahi mDNS/DNS-SD Stack...
         Starting LSB: Start busybox udhcpd at boot time...
[[0;32m  OK  [0m] Started System Logging Service.
[   17.872699] tilcdc 4830e000.lcdc: bound 0-0070 (ops tda998x_driver_exit [tda998x])
[   17.985647] [drm] Initialized tilcdc 1.0.0 20121205 for 4830e000.lcdc on minor 0
[[0;32m  OK  [0m] Started Cape Manager Service.
[   18.165335] tilcdc 4830e000.lcdc: [drm] Cannot find any crtc or sizes
[   18.186644] tilcdc 4830e000.lcdc: [drm] Cannot find any crtc or sizes
[   18.260888] Bluetooth: Core ver 2.22
[   18.264799] NET: Registered PF_BLUETOOTH protocol family
[   18.270144] Bluetooth: HCI device and connection manager initialized
[   18.276633] Bluetooth: HCI socket layer initialized
[   18.281543] Bluetooth: L2CAP socket layer initialized
[   18.286675] Bluetooth: SCO socket layer initialized
[[0;32m  OK  [0m] Found device /dev/ttyS0.
[   18.928003] PM: Cannot get wkup_m3_ipc handle
[   19.023292] omap-sham 53100000.sham: hw accel on OMAP rev 4.3
[   19.108409] omap-aes 53500000.aes: OMAP AES hw accel rev: 3.2
[   19.184069] omap-sham 53100000.sham: will run requests pump with realtime priority
[   19.221789] omap-aes 53500000.aes: will run requests pump with realtime priority
[   19.497811] PM: Cannot get wkup_m3_ipc handle
[   19.547795] PM: Cannot get wkup_m3_ipc handle
[[0;32m  OK  [0m] Started Raise network interfaces.
[   22.888699] using random self ethernet address
[   22.893206] using random host ethernet address
[   22.945736] PM: Cannot get wkup_m3_ipc handle
[[0;32m  OK  [0m] Started LSB: Start busybox udhcpd at boot time.
[   23.109416] PM: Cannot get wkup_m3_ipc handle
[   23.421422] using random self ethernet address
[   23.426073] using random host ethernet address
[   23.972670] usb0: HOST MAC 1c:ba:8c:a2:ed:6c
[   23.977170] usb0: MAC 1c:ba:8c:a2:ed:70
[   23.981873] usb1: HOST MAC 1c:ba:8c:a2:ed:6c
[   23.986274] usb1: MAC 1c:ba:8c:a2:ed:6d
[[0;32m  OK  [0m] Started LSB: Load kernel modules needed to enable cpufreq scaling.
[[0;32m  OK  [0m] Started Avahi mDNS/DNS-SD Stack.
[[0;32m  OK  [0m] Started Connection service.
[[0;32m  OK  [0m] Started Login Service.
         Starting Hostname Service...
         Starting WPA supplicant...
[[0;32m  OK  [0m] Reached target Sound Card.
         Starting LSB: set CPUFreq kernel parameters...
[[0;32m  OK  [0m] Started WPA supplicant.
[[0;32m  OK  [0m] Started Hostname Service.
         Stopping LSB: Start busybox udhcpd at boot time...
[[0;32m  OK  [0m] Reached target Network.
         Starting The Apache HTTP Server...
         Starting OpenBSD Secure Shell server...
[[0;32m  OK  [0m] Reached target Network is Online.
         Starting LSB: Advanced IEEE 802.11 management daemon...
         Starting Permit User Sessions...
[[0;32m  OK  [0m] Started LSB: set CPUFreq kernel parameters.
[[0;32m  OK  [0m] Started LSB: Advanced IEEE 802.11 management daemon.
[[0;32m  OK  [0m] Started Permit User Sessions.
[[0;32m  OK  [0m] Started Serial Getty on ttyS0.
[[0;32m  OK  [0m] Started Getty on tty1.
[[0;32m  OK  [0m] Reached target Login Prompts.
[[0;32m  OK  [0m] Stopped LSB: Start busybox udhcpd at boot time.
[[0;32m  OK  [0m] Started OpenBSD Secure Shell server.
         Starting dnsmasq - A lightweight DHCP and caching DNS server...
[[0;32m  OK  [0m] Started The Apache HTTP Server.
[[0;32m  OK  [0m] Started dnsmasq - A lightweight DHCP and caching DNS server.
[[0;32m  OK  [0m] Reached target Host and Network Name Lookups.
[[0;32m  OK  [0m] Started Serial Getty on ttyGS0.
[[0;32m  OK  [0m] Started Generic Board Startup.
[[0;32m  OK  [0m] Reached target Multi-User System.
[[0;32m  OK  [0m] Reached target Graphical Interface.
         Starting Update UTMP about System Runlevel Changes...
[[0;32m  OK  [0m] Started Update UTMP about System Runlevel Changes.

Debian GNU/Linux 9 arm ttyS0

default username:password is [debian:temppwd]

arm login: roo
Password: 
Last login: Sat Jan  1 00:00:44 UTC 2000 on ttyS0
root
Linux arm 5.15.191 #1 SMP Thu Sep 4 15:51:43 EEST 2025 armv7l

The programs included with the Debian GNU/Linux system are free software;
the exact distribution terms for each program are described in the
individual files in /usr/share/doc/*/copyright.

Debian GNU/Linux comes with ABSOLUTELY NO WARRANTY, to the extent
permitted by applicable law.
root@arm:~# root
-bash: root: command not found
root@arm:~# dmesg -n 1
root@arm:~# echo 'MQUP''TKULUQ'
MQUPTKULUQ
root@arm:~# run() { echo -n "$MARKER"; sh -c "$@"; echo "$MARKER $?"; }
root@arm:~# echo 'XWUT''EAHFHM'
XWUTEAHFHM
root@arm:~# MARKER='LXSY''UQTLYG' run 'cat /proc/version'
LXSYUQTLYGLinux version 5.15.191 (user01@drvtest01) (arm-none-eabi-gcc (Arm GNU Toolchain 14.2.Rel1 (Build arm-14.52)) 14.2.1 20241119, GNU ld (Arm GNU Toolchain 14.2.Rel1 (Build arm-14.52)) 2.43.1.20241119) #1 SMP Thu Sep 4 15:51:43 EEST 2025
LXSYUQTLYG 0
root@arm:~# echo 'CZJY''CKYLZJ'
CZJYCKYLZJ
root@arm:~# MARKER='CJOJ''BPXXFN' run false
CJOJBPXXFNCJOJBPXXFN 1
root@arm:~# Labgrid Console Logfile for main
Logfile started at 2025-09-04 16:04:10.597349
=== Log starts here ===

root@arm:~# run() { echo -n "$MARKER"; sh -c "$@"; echo "$MARKER $?"; }
root@arm:~# echo 'CYVN''WNGGHW'
CYVNWNGGHW
root@arm:~# MARKER='JGCX''GBNPCB' run 'ls /iio_generic_buffer; echo $?'
JGCXGBNPCB/iio_generic_buffer
0
JGCXGBNPCB 0
root@arm:~# Labgrid Console Logfile for main
Logfile started at 2025-09-04 16:04:13.982551
=== Log starts here ===

root@arm:~# run() { echo -n "$MARKER"; sh -c "$@"; echo "$MARKER $?"; }
root@arm:~# echo 'VJHN''QNKPZM'
VJHNQNKPZM
root@arm:~# MARKER='ELTG''WSAZMU' run dmesg
ELTGWSAZMU[    0.000000] Booting Linux on physical CPU 0x0
[    0.000000] Linux version 5.15.191 (user01@drvtest01) (arm-none-eabi-gcc (Arm GNU Toolchain 14.2.Rel1 (Build arm-14.52)) 14.2.1 20241119, GNU ld (Arm GNU Toolchain 14.2.Rel1 (Build arm-14.52)) 2.43.1.20241119) #1 SMP Thu Sep 4 15:51:43 EEST 2025
[    0.000000] CPU: ARMv7 Processor [413fc082] revision 2 (ARMv7), cr=10c5387d
[    0.000000] CPU: PIPT / VIPT nonaliasing data cache, VIPT aliasing instruction cache
[    0.000000] OF: fdt: Machine model: TI AM335x BeagleBone Black
[    0.000000] Memory policy: Data cache writeback
[    0.000000] cma: Reserved 16 MiB at 0x9e800000
[    0.000000] Zone ranges:
[    0.000000]   Normal   [mem 0x0000000080000000-0x000000009fdfffff]
[    0.000000]   HighMem  empty
[    0.000000] Movable zone start for each node
[    0.000000] Early memory node ranges
[    0.000000]   node   0: [mem 0x0000000080000000-0x000000009fdfffff]
[    0.000000] Initmem setup node 0 [mem 0x0000000080000000-0x000000009fdfffff]
[    0.000000] CPU: All CPU(s) started in SVC mode.
[    0.000000] AM335X ES2.1 (sgx neon)
[    0.000000] percpu: Embedded 16 pages/cpu s33804 r8192 d23540 u65536
[    0.000000] pcpu-alloc: s33804 r8192 d23540 u65536 alloc=16*4096
[    0.000000] pcpu-alloc: [0] 0 
[    0.000000] Built 1 zonelists, mobility grouping on.  Total pages: 129412
[    0.000000] Kernel command line: console=ttyO0,115200n8 root=/dev/nfs rw nfsroot=192.168.255.126:/home/user01/nfs,nfsvers=3 ip=192.168.255.1:192.168.255.126::255.255.255.0:bbb1:eth0 nfsrootdebug
[    0.000000] Unknown kernel command line parameters "nfsrootdebug", will be passed to user space.
[    0.000000] Dentry cache hash table entries: 65536 (order: 6, 262144 bytes, linear)
[    0.000000] Inode-cache hash table entries: 32768 (order: 5, 131072 bytes, linear)
[    0.000000] mem auto-init: stack:off, heap alloc:off, heap free:off
[    0.000000] Memory: 484756K/522240K available (10240K kernel code, 1079K rwdata, 2396K rodata, 1024K init, 242K bss, 21100K reserved, 16384K cma-reserved, 0K highmem)
[    0.000000] trace event string verifier disabled
[    0.000000] rcu: Hierarchical RCU implementation.
[    0.000000] rcu: 	RCU event tracing is enabled.
[    0.000000] rcu: 	RCU restricting CPUs from NR_CPUS=2 to nr_cpu_ids=1.
[    0.000000] rcu: RCU calculated value of scheduler-enlistment delay is 10 jiffies.
[    0.000000] rcu: Adjusting geometry for rcu_fanout_leaf=16, nr_cpu_ids=1
[    0.000000] NR_IRQS: 16, nr_irqs: 16, preallocated irqs: 16
[    0.000000] IRQ: Found an INTC at 0x(ptrval) (revision 5.0) with 128 interrupts
[    0.000000] TI gptimer clocksource: always-on /ocp/interconnect@44c00000/segment@200000/target-module@31000
[    0.000002] sched_clock: 32 bits at 24MHz, resolution 41ns, wraps every 89478484971ns
[    0.000028] clocksource: dmtimer: mask: 0xffffffff max_cycles: 0xffffffff, max_idle_ns: 79635851949 ns
[    0.000450] TI gptimer clockevent: 24000000 Hz at /ocp/interconnect@48000000/segment@0/target-module@40000
[    0.002295] Console: colour dummy device 80x30
[    0.002353] WARNING: Your 'console=ttyO0' has been replaced by 'ttyS0'
[    0.002364] This ensures that you still see kernel messages. Please
[    0.002373] update your kernel commandline.
[    0.002421] Calibrating delay loop... 996.14 BogoMIPS (lpj=4980736)
[    0.090565] CPU: Testing write buffer coherency: ok
[    0.090655] CPU0: Spectre v2: using BPIALL workaround
[    0.090668] pid_max: default: 32768 minimum: 301
[    0.090808] LSM: Security Framework initializing
[    0.090986] Mount-cache hash table entries: 1024 (order: 0, 4096 bytes, linear)
[    0.091012] Mountpoint-cache hash table entries: 1024 (order: 0, 4096 bytes, linear)
[    0.092585] CPU0: thread -1, cpu 0, socket -1, mpidr 0
[    0.093629] Setting up static identity map for 0x80100000 - 0x80100078
[    0.093850] rcu: Hierarchical SRCU implementation.
[    0.095051] smp: Bringing up secondary CPUs ...
[    0.095081] smp: Brought up 1 node, 1 CPU
[    0.095096] SMP: Total of 1 processors activated (996.14 BogoMIPS).
[    0.095109] CPU: All CPU(s) started in SVC mode.
[    0.095880] devtmpfs: initialized
[    0.110189] VFP support v0.3: implementor 41 architecture 3 part 30 variant c rev 3
[    0.110510] clocksource: jiffies: mask: 0xffffffff max_cycles: 0xffffffff, max_idle_ns: 19112604462750000 ns
[    0.110638] futex hash table entries: 256 (order: 2, 16384 bytes, linear)
[    0.111996] pinctrl core: initialized pinctrl subsystem
[    0.113913] NET: Registered PF_NETLINK/PF_ROUTE protocol family
[    0.116692] DMA: preallocated 256 KiB pool for atomic coherent allocations
[    0.117247] audit: initializing netlink subsys (disabled)
[    0.118447] thermal_sys: Registered thermal governor 'fair_share'
[    0.118468] thermal_sys: Registered thermal governor 'step_wise'
[    0.118482] thermal_sys: Registered thermal governor 'user_space'
[    0.118837] cpuidle: using governor menu
[    0.135291] No ATAGs?
[    0.135330] hw-breakpoint: debug architecture 0x4 unsupported.
[    0.143271] kprobes: kprobe jump-optimization is enabled. All kprobes are optimized if possible.
[    0.143614] audit: type=2000 audit(0.110:1): state=initialized audit_enabled=0 res=1
[    0.148491] reg-fixed-voltage fixedregulator0: GPIO lookup for consumer (null)
[    0.148520] reg-fixed-voltage fixedregulator0: using device tree for GPIO lookup
[    0.148542] of_get_named_gpiod_flags: can't parse 'gpios' property of node '/fixedregulator0[0]'
[    0.148578] of_get_named_gpiod_flags: can't parse 'gpio' property of node '/fixedregulator0[0]'
[    0.148600] reg-fixed-voltage fixedregulator0: using lookup tables for GPIO lookup
[    0.148611] reg-fixed-voltage fixedregulator0: No GPIO consumer (null) found
[    0.149712] iommu: Default domain type: Translated 
[    0.149736] iommu: DMA domain TLB invalidation policy: strict mode 
[    0.151144] vgaarb: loaded
[    0.151675] SCSI subsystem initialized
[    0.152080] libata version 3.00 loaded.
[    0.152406] pps_core: LinuxPPS API ver. 1 registered
[    0.152422] pps_core: Software ver. 5.3.6 - Copyright 2005-2007 Rodolfo Giometti <giometti@linux.it>
[    0.152451] PTP clock support registered
[    0.153765] clocksource: Switched to clocksource dmtimer
[    0.198731] VFS: Disk quotas dquot_6.6.0
[    0.198851] VFS: Dquot-cache hash table entries: 1024 (order 0, 4096 bytes)
[    0.266515] NET: Registered PF_INET protocol family
[    0.266848] IP idents hash table entries: 8192 (order: 4, 65536 bytes, linear)
[    0.267792] tcp_listen_portaddr_hash hash table entries: 512 (order: 0, 4096 bytes, linear)
[    0.267845] Table-perturb hash table entries: 65536 (order: 6, 262144 bytes, linear)
[    0.267874] TCP established hash table entries: 4096 (order: 2, 16384 bytes, linear)
[    0.267923] TCP bind hash table entries: 4096 (order: 3, 32768 bytes, linear)
[    0.267987] TCP: Hash tables configured (established 4096 bind 4096)
[    0.268112] UDP hash table entries: 256 (order: 1, 8192 bytes, linear)
[    0.268141] UDP-Lite hash table entries: 256 (order: 1, 8192 bytes, linear)
[    0.268324] NET: Registered PF_UNIX/PF_LOCAL protocol family
[    0.269420] RPC: Registered named UNIX socket transport module.
[    0.269452] RPC: Registered udp transport module.
[    0.269462] RPC: Registered tcp transport module.
[    0.269470] RPC: Registered tcp NFSv4.1 backchannel transport module.
[    0.269491] PCI: CLS 0 bytes, default 64
[    0.270864] Initialise system trusted keyrings
[    0.274384] workingset: timestamp_bits=14 max_order=17 bucket_order=3
[    0.275645] NFS: Registering the id_resolver key type
[    0.275717] Key type id_resolver registered
[    0.275729] Key type id_legacy registered
[    0.275784] jffs2: version 2.2. (NAND) (SUMMARY)  Â© 2001-2006 Red Hat, Inc.
[    0.276166] Key type asymmetric registered
[    0.276189] Asymmetric key parser 'x509' registered
[    0.276253] io scheduler mq-deadline registered
[    0.276268] io scheduler kyber registered
[    0.290202] hw perfevents: enabled with armv7_cortex_a8 PMU driver, 5 counters available
[    0.298144] l3-aon-clkctrl:0000:0: failed to disable
[    0.298548] Serial: 8250/16550 driver, 6 ports, IRQ sharing enabled
[    0.356419] brd: module loaded
[    0.385355] loop: module loaded
[    0.386273] mtdoops: mtd device (mtddev=name/number) must be supplied
[    0.387504] mdio_bus fixed-0: GPIO lookup for consumer reset
[    0.387527] mdio_bus fixed-0: using lookup tables for GPIO lookup
[    0.387538] mdio_bus fixed-0: No GPIO consumer reset found
[    0.388560] i2c_dev: i2c /dev entries driver
[    0.389461] cpuidle: enable-method property 'ti,am3352' found operations
[    0.389869] sdhci: Secure Digital Host Controller Interface driver
[    0.389884] sdhci: Copyright(c) Pierre Ossman
[    0.390055] sdhci-pltfm: SDHCI platform and OF driver helper
[    0.390291] ledtrig-cpu: registered to indicate activity on CPUs
[    0.390835] Initializing XFRM netlink socket
[    0.391039] NET: Registered PF_INET6 protocol family
[    0.392575] Segment Routing with IPv6
[    0.392661] In-situ OAM (IOAM) with IPv6
[    0.392758] sit: IPv6, IPv4 and MPLS over IPv4 tunneling driver
[    0.393559] NET: Registered PF_PACKET protocol family
[    0.393612] NET: Registered PF_KEY protocol family
[    0.393841] Key type dns_resolver registered
[    0.393952] ThumbEE CPU extension supported.
[    0.393977] Registering SWP/SWPB emulation handler
[    0.394480] omap_voltage_late_init: Voltage driver support not added
[    0.395120] SmartReflex Class3 initialized
[    0.395966] Loading compiled-in X.509 certificates
[    0.428002] pinctrl-single 44e10800.pinmux: 142 pins, size 568
[    0.432246] ti-sysc: probe of 44e31000.target-module failed with error -16
[    0.466366] ti-sysc: probe of 48040000.target-module failed with error -16
[    0.476526] gpio gpiochip0: (gpio-0-31): created GPIO range 0->7 ==> 44e10800.pinmux PIN 0->7
[    0.476569] gpio gpiochip0: (gpio-0-31): created GPIO range 8->11 ==> 44e10800.pinmux PIN 90->93
[    0.476586] gpio gpiochip0: (gpio-0-31): created GPIO range 12->27 ==> 44e10800.pinmux PIN 12->27
[    0.476603] gpio gpiochip0: (gpio-0-31): created GPIO range 28->31 ==> 44e10800.pinmux PIN 30->33
[    0.504665] gpio gpiochip0: (gpio-0-31): added GPIO chardev (254:0)
[    0.504831] gpio gpiochip0: registered GPIOs 0 to 31 on gpio-0-31
[    0.504919] OMAP GPIO hardware version 0.1
[    0.528966] i2c i2c-2: GPIO lookup for consumer scl
[    0.529002] i2c i2c-2: using device tree for GPIO lookup
[    0.529029] of_get_named_gpiod_flags: can't parse 'scl-gpios' property of node '/ocp/interconnect@48000000/segment@100000/target-module@9c000/i2c@0[0]'
[    0.529075] of_get_named_gpiod_flags: can't parse 'scl-gpio' property of node '/ocp/interconnect@48000000/segment@100000/target-module@9c000/i2c@0[0]'
[    0.529117] i2c i2c-2: using lookup tables for GPIO lookup
[    0.529128] i2c i2c-2: No GPIO consumer scl found
[    0.529150] i2c i2c-2: GPIO lookup for consumer sda
[    0.529158] i2c i2c-2: using device tree for GPIO lookup
[    0.529173] of_get_named_gpiod_flags: can't parse 'sda-gpios' property of node '/ocp/interconnect@48000000/segment@100000/target-module@9c000/i2c@0[0]'
[    0.529211] of_get_named_gpiod_flags: can't parse 'sda-gpio' property of node '/ocp/interconnect@48000000/segment@100000/target-module@9c000/i2c@0[0]'
[    0.529246] i2c i2c-2: using lookup tables for GPIO lookup
[    0.529255] i2c i2c-2: No GPIO consumer sda found
[    0.529915] omap_i2c 4819c000.i2c: bus 2 rev0.11 at 100 kHz
[    0.535249] gpio gpiochip1: (gpio-32-63): created GPIO range 0->17 ==> 44e10800.pinmux PIN 34->51
[    0.535291] gpio gpiochip1: (gpio-32-63): created GPIO range 18->21 ==> 44e10800.pinmux PIN 77->80
[    0.535308] gpio gpiochip1: (gpio-32-63): created GPIO range 22->31 ==> 44e10800.pinmux PIN 56->65
[    0.548467] gpio gpiochip1: (gpio-32-63): added GPIO chardev (254:1)
[    0.548606] gpio gpiochip1: registered GPIOs 32 to 63 on gpio-32-63
[    0.550692] gpio gpiochip2: (gpio-64-95): created GPIO range 0->4 ==> 44e10800.pinmux PIN 66->70
[    0.550727] gpio gpiochip2: (gpio-64-95): created GPIO range 5->6 ==> 44e10800.pinmux PIN 98->99
[    0.550744] gpio gpiochip2: (gpio-64-95): created GPIO range 7->8 ==> 44e10800.pinmux PIN 75->76
[    0.550760] gpio gpiochip2: (gpio-64-95): created GPIO range 13->13 ==> 44e10800.pinmux PIN 141->141
[    0.550777] gpio gpiochip2: (gpio-64-95): created GPIO range 14->21 ==> 44e10800.pinmux PIN 100->107
[    0.551185] gpio gpiochip2: (gpio-64-95): added GPIO chardev (254:2)
[    0.551306] gpio gpiochip2: registered GPIOs 64 to 95 on gpio-64-95
[    0.568809] mdio_bus 4a101000.mdio: GPIO lookup for consumer reset
[    0.568845] mdio_bus 4a101000.mdio: using device tree for GPIO lookup
[    0.568871] of_get_named_gpiod_flags: can't parse 'reset-gpios' property of node '/ocp/interconnect@4a000000/segment@0/target-module@100000/switch@0/mdio@1000[0]'
[    0.568923] of_get_named_gpiod_flags: can't parse 'reset-gpio' property of node '/ocp/interconnect@4a000000/segment@0/target-module@100000/switch@0/mdio@1000[0]'
[    0.568971] mdio_bus 4a101000.mdio: using lookup tables for GPIO lookup
[    0.568982] mdio_bus 4a101000.mdio: No GPIO consumer reset found
[    0.569950] sdhci-omap 481d8000.mmc: GPIO lookup for consumer wp
[    0.569974] sdhci-omap 481d8000.mmc: using device tree for GPIO lookup
[    0.569994] of_get_named_gpiod_flags: can't parse 'wp-gpios' property of node '/ocp/interconnect@48000000/segment@100000/target-module@d8000/mmc@0[0]'
[    0.570046] of_get_named_gpiod_flags: can't parse 'wp-gpio' property of node '/ocp/interconnect@48000000/segment@100000/target-module@d8000/mmc@0[0]'
[    0.570085] sdhci-omap 481d8000.mmc: using lookup tables for GPIO lookup
[    0.570095] sdhci-omap 481d8000.mmc: No GPIO consumer wp found
[    0.570264] sdhci-omap 481d8000.mmc: supply vqmmc not found, using dummy regulator
[    0.625905] davinci_mdio 4a101000.mdio: davinci mdio revision 1.6, bus freq 1000000
[    0.655104] mdio_bus 4a101000.mdio:00: GPIO lookup for consumer reset
[    0.655132] mdio_bus 4a101000.mdio:00: using device tree for GPIO lookup
[    0.655176] of_get_named_gpiod_flags: parsed 'reset-gpios' property of node '/ocp/interconnect@4a000000/segment@0/target-module@100000/switch@0/mdio@1000/ethernet-phy@0[0]' - status (0)
[    0.655343] gpio gpiochip0: Persistence not supported for GPIO 8
[    0.810747] davinci_mdio 4a101000.mdio: phy[0]: device 4a101000.mdio:00, driver SMSC LAN8710/LAN8720
[    0.811328] cpsw-switch 4a100000.switch: initialized cpsw ale version 1.4
[    0.811361] cpsw-switch 4a100000.switch: ALE Table size 1024
[    0.825259] cpsw-switch 4a100000.switch: cpts: overflow check period 500 (jiffies)
[    0.825289] cpsw-switch 4a100000.switch: CPTS: ref_clk_freq:250000000 calc_mult:2147483648 calc_shift:29 error:0 nsec/sec
[    0.825402] cpsw-switch 4a100000.switch: Detected MACID = 6c:ec:eb:68:de:78
[    0.826963] cpsw-switch 4a100000.switch: initialized (regs 0x4a100000, pool size 256) hw_ver:0019010C 1.12 (0)
[    0.836308] debugfs: Directory '49000000.dma' with parent 'dmaengine' already present!
[    0.836365] edma 49000000.dma: TI EDMA DMA engine driver
[    0.861351] gpio-clk clk_mcasp0: GPIO lookup for consumer enable
[    0.861389] gpio-clk clk_mcasp0: using device tree for GPIO lookup
[    0.861428] of_get_named_gpiod_flags: parsed 'enable-gpios' property of node '/clk_mcasp0[0]' - status (0)
[    0.861472] gpio gpiochip0: Persistence not supported for GPIO 27
[    0.862205] gpio gpiochip3: (gpio-96-127): created GPIO range 0->7 ==> 44e10800.pinmux PIN 82->89
[    0.862236] gpio gpiochip3: (gpio-96-127): created GPIO range 8->11 ==> 44e10800.pinmux PIN 52->55
[    0.862253] gpio gpiochip3: (gpio-96-127): created GPIO range 12->15 ==> 44e10800.pinmux PIN 94->97
[    0.862270] gpio gpiochip3: (gpio-96-127): created GPIO range 16->17 ==> 44e10800.pinmux PIN 71->72
[    0.862287] gpio gpiochip3: (gpio-96-127): created GPIO range 18->18 ==> 44e10800.pinmux PIN 135->135
[    0.862303] gpio gpiochip3: (gpio-96-127): created GPIO range 19->20 ==> 44e10800.pinmux PIN 108->109
[    0.862321] gpio gpiochip3: (gpio-96-127): created GPIO range 21->21 ==> 44e10800.pinmux PIN 73->73
[    0.862338] gpio gpiochip3: (gpio-96-127): created GPIO range 22->23 ==> 44e10800.pinmux PIN 8->9
[    0.862357] gpio gpiochip3: (gpio-96-127): created GPIO range 26->27 ==> 44e10800.pinmux PIN 10->11
[    0.862375] gpio gpiochip3: (gpio-96-127): created GPIO range 28->28 ==> 44e10800.pinmux PIN 74->74
[    0.862393] gpio gpiochip3: (gpio-96-127): created GPIO range 29->29 ==> 44e10800.pinmux PIN 81->81
[    0.862412] gpio gpiochip3: (gpio-96-127): created GPIO range 30->31 ==> 44e10800.pinmux PIN 28->29
[    0.875125] gpio gpiochip3: (gpio-96-127): added GPIO chardev (254:3)
[    0.875266] gpio gpiochip3: registered GPIOs 96 to 127 on gpio-96-127
[    0.876687] omap8250 44e09000.serial: GPIO lookup for consumer rs485-term
[    0.876717] omap8250 44e09000.serial: using device tree for GPIO lookup
[    0.876742] of_get_named_gpiod_flags: can't parse 'rs485-term-gpios' property of node '/ocp/interconnect@44c00000/segment@200000/target-module@9000/serial@0[0]'
[    0.876793] of_get_named_gpiod_flags: can't parse 'rs485-term-gpio' property of node '/ocp/interconnect@44c00000/segment@200000/target-module@9000/serial@0[0]'
[    0.876834] omap8250 44e09000.serial: using lookup tables for GPIO lookup
[    0.876845] omap8250 44e09000.serial: No GPIO consumer rs485-term found
[    0.876896] 44e09000.serial: ttyS0 at MMIO 0x44e09000 (irq = 19, base_baud = 3000000) is a 8250
[    1.829680] printk: console [ttyS0] enabled
[    1.836136] i2c i2c-0: GPIO lookup for consumer scl
[    1.836169] i2c i2c-0: using device tree for GPIO lookup
[    1.836195] of_get_named_gpiod_flags: can't parse 'scl-gpios' property of node '/ocp/interconnect@44c00000/segment@200000/target-module@b000/i2c@0[0]'
[    1.836242] of_get_named_gpiod_flags: can't parse 'scl-gpio' property of node '/ocp/interconnect@44c00000/segment@200000/target-module@b000/i2c@0[0]'
[    1.836284] i2c i2c-0: using lookup tables for GPIO lookup
[    1.836295] i2c i2c-0: No GPIO consumer scl found
[    1.836316] i2c i2c-0: GPIO lookup for consumer sda
[    1.836325] i2c i2c-0: using device tree for GPIO lookup
[    1.836339] of_get_named_gpiod_flags: can't parse 'sda-gpios' property of node '/ocp/interconnect@44c00000/segment@200000/target-module@b000/i2c@0[0]'
[    1.836377] of_get_named_gpiod_flags: can't parse 'sda-gpio' property of node '/ocp/interconnect@44c00000/segment@200000/target-module@b000/i2c@0[0]'
[    1.836412] i2c i2c-0: using lookup tables for GPIO lookup
[    1.836421] i2c i2c-0: No GPIO consumer sda found
[    1.864522] tps65217-pmic: Failed to locate of_node [id: -1]
[    1.879647] tps65217-bl: Failed to locate of_node [id: -1]
[    1.888110] tps65217 0-0024: TPS65217 ID 0xe version 1.2
[    1.894115] i2c 0-0070: Fixing up cyclic dependency with 4830e000.lcdc
[    1.900967] omap_i2c 44e0b000.i2c: bus 0 rev0.11 at 400 kHz
[    1.908183] sdhci-omap 48060000.mmc: GPIO lookup for consumer cd
[    1.908210] sdhci-omap 48060000.mmc: using device tree for GPIO lookup
[    1.908251] of_get_named_gpiod_flags: parsed 'cd-gpios' property of node '/ocp/interconnect@48000000/segment@0/target-module@60000/mmc@0[0]' - status (0)
[    1.908370] gpio gpiochip3: Persistence not supported for GPIO 6
[    1.908391] omap_gpio 44e07000.gpio: Could not set line 6 debounce to 200000 microseconds (-22)
[    1.917250] sdhci-omap 48060000.mmc: Got CD GPIO
[    1.921896] sdhci-omap 48060000.mmc: GPIO lookup for consumer wp
[    1.921906] sdhci-omap 48060000.mmc: using device tree for GPIO lookup
[    1.921925] of_get_named_gpiod_flags: can't parse 'wp-gpios' property of node '/ocp/interconnect@48000000/segment@0/target-module@60000/mmc@0[0]'
[    1.921971] of_get_named_gpiod_flags: can't parse 'wp-gpio' property of node '/ocp/interconnect@48000000/segment@0/target-module@60000/mmc@0[0]'
[    1.922010] sdhci-omap 48060000.mmc: using lookup tables for GPIO lookup
[    1.922022] sdhci-omap 48060000.mmc: No GPIO consumer wp found
[    1.922210] sdhci-omap 48060000.mmc: supply vqmmc not found, using dummy regulator
[    1.930896] sdhci-omap 481d8000.mmc: GPIO lookup for consumer wp
[    1.930922] sdhci-omap 481d8000.mmc: using device tree for GPIO lookup
[    1.930945] of_get_named_gpiod_flags: can't parse 'wp-gpios' property of node '/ocp/interconnect@48000000/segment@100000/target-module@d8000/mmc@0[0]'
[    1.930996] of_get_named_gpiod_flags: can't parse 'wp-gpio' property of node '/ocp/interconnect@48000000/segment@100000/target-module@d8000/mmc@0[0]'
[    1.931034] sdhci-omap 481d8000.mmc: using lookup tables for GPIO lookup
[    1.931045] sdhci-omap 481d8000.mmc: No GPIO consumer wp found
[    1.934491] sdhci-omap 481d8000.mmc: supply vqmmc not found, using dummy regulator
[    1.969450] mmc1: SDHCI controller on 481d8000.mmc [481d8000.mmc] using External DMA
[    1.977734] mmc0: SDHCI controller on 48060000.mmc [48060000.mmc] using External DMA
[    1.986362] cpsw-switch 4a100000.switch: starting ndev. mode: dual_mac
[    2.059685] mmc0: new high speed SDHC card at address aaaa
[    2.066646] mmcblk0: mmc0:aaaa SE32G 29.7 GiB 
[    2.075846]  mmcblk0: p1 p2
[    2.080694] mmc1: new high speed MMC card at address 0001
[    2.087340] mmcblk1: mmc1:0001 MMC04G 3.60 GiB 
[    2.094526]  mmcblk1: p1 p2
[    2.098526] mmcblk1boot0: mmc1:0001 MMC04G 2.00 MiB 
[    2.105643] mmcblk1boot1: mmc1:0001 MMC04G 2.00 MiB 
[    2.112392] mmcblk1rpmb: mmc1:0001 MMC04G 128 KiB, chardev (250:0)
[    2.145585] SMSC LAN8710/LAN8720 4a101000.mdio:00: attached PHY driver (mii_bus:phy_addr=4a101000.mdio:00, irq=POLL)
[    5.284492] cpsw-switch 4a100000.switch eth0: Link is Up - 100Mbps/Full - flow control off
[    5.303812] IPv6: ADDRCONF(NETDEV_CHANGE): eth0: link becomes ready
[    5.333769] IP-Config: Complete:
[    5.337026]      device=eth0, hwaddr=6c:ec:eb:68:de:78, ipaddr=192.168.255.1, mask=255.255.255.0, gw=255.255.255.255
[    5.347640]      host=bbb1, domain=, nis-domain=(none)
[    5.352802]      bootserver=192.168.255.126, rootserver=192.168.255.126, rootpath=
[    5.353171] clk: Disabling unused clocks
[    5.365015] TAP version 14
[    5.367736] 1..0
[    5.403525] VFS: Mounted root (nfs filesystem) on device 0:16.
[    5.410450] devtmpfs: mounted
[    5.414881] Freeing unused kernel image (initmem) memory: 1024K
[    5.421377] Run /sbin/init as init process
[    5.425569]   with arguments:
[    5.425582]     /sbin/init
[    5.425588]     nfsrootdebug
[    5.425596]   with environment:
[    5.425602]     HOME=/
[    5.425608]     TERM=linux
[    6.118106] systemd[1]: System time before build time, advancing clock.
[    6.315383] random: systemd: uninitialized urandom read (16 bytes read)
[    6.327516] random: systemd: uninitialized urandom read (16 bytes read)
[    6.337959] systemd[1]: systemd 232 running in system mode. (+PAM +AUDIT +SELINUX +IMA +APPARMOR +SMACK +SYSVINIT +UTMP +LIBCRYPTSETUP +GCRYPT +GNUTLS +ACL +XZ +LZ4 +SECCOMP +BLKID +ELFUTILS +KMOD +IDN)
[    6.357103] systemd[1]: Detected architecture arm.
[    6.396655] systemd[1]: Set hostname to <arm>.
[    6.780468] random: systemd-cryptse: uninitialized urandom read (16 bytes read)
[    7.328324] random: systemd: uninitialized urandom read (16 bytes read)
[    7.370556] random: systemd: uninitialized urandom read (16 bytes read)
[    7.377842] random: systemd: uninitialized urandom read (16 bytes read)
[    7.391845] systemd[1]: Listening on Syslog Socket.
[    7.424836] systemd[1]: Listening on Journal Audit Socket.
[    7.464172] systemd[1]: Reached target Swap.
[    7.494359] systemd[1]: Listening on udev Kernel Socket.
[    7.535211] systemd[1]: Created slice User and Session Slice.
[    7.574656] systemd[1]: Started Dispatch Password Requests to Console Directory Watch.
[    7.615350] systemd[1]: Set up automount Arbitrary Executable File Formats File System Automount Point.
[    8.379252] random: systemd: uninitialized urandom read (16 bytes read)
[    8.441084] random: systemd: uninitialized urandom read (16 bytes read)
[    8.448656] random: systemd-journal: uninitialized urandom read (16 bytes read)
[    9.388796] random: systemd-udevd: uninitialized urandom read (16 bytes read)
[    9.965242] systemd-journald[97]: Received request to flush runtime journal from PID 1
[   11.963893] random: crng init done
[   11.967357] random: 454 urandom warning(s) missed due to ratelimiting
[   12.498348] of_get_named_gpiod_flags: parsed 'gpios' property of node '/leds/led2[0]' - status (0)
[   12.498436] gpio gpiochip0: Persistence not supported for GPIO 21
[   12.498448] gpio-21 (?): no flags found for gpios
[   12.498679] of_get_named_gpiod_flags: parsed 'gpios' property of node '/leds/led3[0]' - status (0)
[   12.498719] gpio gpiochip0: Persistence not supported for GPIO 22
[   12.498728] gpio-22 (?): no flags found for gpios
[   12.498919] of_get_named_gpiod_flags: parsed 'gpios' property of node '/leds/led4[0]' - status (0)
[   12.498957] gpio gpiochip0: Persistence not supported for GPIO 23
[   12.498966] gpio-23 (?): no flags found for gpios
[   12.499130] of_get_named_gpiod_flags: parsed 'gpios' property of node '/leds/led5[0]' - status (0)
[   12.499163] gpio gpiochip0: Persistence not supported for GPIO 24
[   12.499172] gpio-24 (?): no flags found for gpios
[   12.953005] remoteproc remoteproc0: wkup_m3 is available
[   13.045706] at24 2-0054: supply vcc not found, using dummy regulator
[   13.108244] omap_rtc 44e3e000.rtc: registered as rtc0
[   13.113436] omap_rtc 44e3e000.rtc: setting system clock to 2000-01-01T00:00:00 UTC (946684800)
[   13.122282] omap_rtc 44e3e000.rtc: GPIO lookup for consumer wp
[   13.122298] omap_rtc 44e3e000.rtc: using device tree for GPIO lookup
[   13.122329] of_get_named_gpiod_flags: can't parse 'wp-gpios' property of node '/ocp/interconnect@44c00000/segment@200000/target-module@3e000/rtc@0[0]'
[   13.122389] of_get_named_gpiod_flags: can't parse 'wp-gpio' property of node '/ocp/interconnect@44c00000/segment@200000/target-module@3e000/rtc@0[0]'
[   13.122433] omap_rtc 44e3e000.rtc: using lookup tables for GPIO lookup
[   13.122444] omap_rtc 44e3e000.rtc: No GPIO consumer wp found
[   13.232118] at24 2-0055: supply vcc not found, using dummy regulator
[   13.422447] at24 2-0056: supply vcc not found, using dummy regulator
[   13.514520] at24 2-0057: supply vcc not found, using dummy regulator
[   13.617017] at24 0-0050: supply vcc not found, using dummy regulator
[   13.718115] tps6521x_pwrbutton tps65217-pwrbutton: DMA mask not set
[   13.767318] at24 0-0050: GPIO lookup for consumer wp
[   13.767359] at24 0-0050: using device tree for GPIO lookup
[   13.767392] of_get_named_gpiod_flags: can't parse 'wp-gpios' property of node '/ocp/interconnect@44c00000/segment@200000/target-module@b000/i2c@0/baseboard_eeprom@50[0]'
[   13.767466] of_get_named_gpiod_flags: can't parse 'wp-gpio' property of node '/ocp/interconnect@44c00000/segment@200000/target-module@b000/i2c@0/baseboard_eeprom@50[0]'
[   13.767516] at24 0-0050: using lookup tables for GPIO lookup
[   13.767528] at24 0-0050: No GPIO consumer wp found
[   13.767792] at24 0-0050: 32768 byte 24c256 EEPROM, writable, 1 bytes/write
[   13.844990] input: tps65217_pwrbutton as /devices/platform/ocp/44c00000.interconnect/44c00000.interconnect:segment@200000/44e0b000.target-module/44e0b000.i2c/i2c-0/0-0024/tps65217-pwrbutton/input/input0
[   13.956283] omap_wdt: OMAP Watchdog Timer Rev 0x01: initial timeout 60 sec
[   14.146151] am335x-phy-driver 47401300.usb-phy: GPIO lookup for consumer reset
[   14.146193] am335x-phy-driver 47401300.usb-phy: using device tree for GPIO lookup
[   14.146223] of_get_named_gpiod_flags: can't parse 'reset-gpios' property of node '/ocp/target-module@47400000/usb-phy@1300[0]'
[   14.146275] of_get_named_gpiod_flags: can't parse 'reset-gpio' property of node '/ocp/target-module@47400000/usb-phy@1300[0]'
[   14.146308] am335x-phy-driver 47401300.usb-phy: using lookup tables for GPIO lookup
[   14.146320] am335x-phy-driver 47401300.usb-phy: No GPIO consumer reset found
[   14.146332] am335x-phy-driver 47401300.usb-phy: GPIO lookup for consumer vbus-detect
[   14.146341] am335x-phy-driver 47401300.usb-phy: using device tree for GPIO lookup
[   14.146356] of_get_named_gpiod_flags: can't parse 'vbus-detect-gpios' property of node '/ocp/target-module@47400000/usb-phy@1300[0]'
[   14.146385] of_get_named_gpiod_flags: can't parse 'vbus-detect-gpio' property of node '/ocp/target-module@47400000/usb-phy@1300[0]'
[   14.146412] am335x-phy-driver 47401300.usb-phy: using lookup tables for GPIO lookup
[   14.146421] am335x-phy-driver 47401300.usb-phy: No GPIO consumer vbus-detect found
[   14.146541] am335x-phy-driver 47401300.usb-phy: supply vcc not found, using dummy regulator
[   14.355473] am335x-phy-driver 47401b00.usb-phy: GPIO lookup for consumer reset
[   14.355514] am335x-phy-driver 47401b00.usb-phy: using device tree for GPIO lookup
[   14.355543] of_get_named_gpiod_flags: can't parse 'reset-gpios' property of node '/ocp/target-module@47400000/usb-phy@1b00[0]'
[   14.355589] of_get_named_gpiod_flags: can't parse 'reset-gpio' property of node '/ocp/target-module@47400000/usb-phy@1b00[0]'
[   14.355622] am335x-phy-driver 47401b00.usb-phy: using lookup tables for GPIO lookup
[   14.355635] am335x-phy-driver 47401b00.usb-phy: No GPIO consumer reset found
[   14.355647] am335x-phy-driver 47401b00.usb-phy: GPIO lookup for consumer vbus-detect
[   14.355657] am335x-phy-driver 47401b00.usb-phy: using device tree for GPIO lookup
[   14.355671] of_get_named_gpiod_flags: can't parse 'vbus-detect-gpios' property of node '/ocp/target-module@47400000/usb-phy@1b00[0]'
[   14.355700] of_get_named_gpiod_flags: can't parse 'vbus-detect-gpio' property of node '/ocp/target-module@47400000/usb-phy@1b00[0]'
[   14.355726] am335x-phy-driver 47401b00.usb-phy: using lookup tables for GPIO lookup
[   14.355735] am335x-phy-driver 47401b00.usb-phy: No GPIO consumer vbus-detect found
[   14.355856] am335x-phy-driver 47401b00.usb-phy: supply vcc not found, using dummy regulator
[   14.610574] usbcore: registered new interface driver usbfs
[   14.616324] usbcore: registered new interface driver hub
[   14.621748] usbcore: registered new device driver usb
[   15.256034] musb-hdrc musb-hdrc.1: MUSB HDRC host driver
[   15.261442] musb-hdrc musb-hdrc.1: new USB bus registered, assigned bus number 1
[   15.590713] omap-mailbox 480c8000.mailbox: omap mailbox rev 0x400
[   15.611041] tda998x 0-0070: found TDA19988
[   15.627145] remoteproc remoteproc0: powering up wkup_m3
[   15.637685] usb usb1: New USB device found, idVendor=1d6b, idProduct=0002, bcdDevice= 5.15
[   15.646213] usb usb1: New USB device strings: Mfr=3, Product=2, SerialNumber=1
[   15.653475] usb usb1: Product: MUSB HDRC host driver
[   15.658508] usb usb1: Manufacturer: Linux 5.15.191 musb-hcd
[   15.664128] usb usb1: SerialNumber: musb-hdrc.1
[   15.762549] remoteproc remoteproc0: Direct firmware load for am335x-pm-firmware.elf failed with error -2
[   15.772348] remoteproc remoteproc0: request_firmware failed: -2
[   15.778356] wkup_m3_ipc 44e11324.wkup_m3_ipc: rproc_boot failed
[   16.181315] hub 1-0:1.0: USB hub found
[   16.254392] hub 1-0:1.0: 1 port detected
[   17.171306] omap_rng 48310000.rng: Random Number Generator ver. 20
[   17.872699] tilcdc 4830e000.lcdc: bound 0-0070 (ops tda998x_driver_exit [tda998x])
[   17.985647] [drm] Initialized tilcdc 1.0.0 20121205 for 4830e000.lcdc on minor 0
[   18.165335] tilcdc 4830e000.lcdc: [drm] Cannot find any crtc or sizes
[   18.186644] tilcdc 4830e000.lcdc: [drm] Cannot find any crtc or sizes
[   18.260888] Bluetooth: Core ver 2.22
[   18.264799] NET: Registered PF_BLUETOOTH protocol family
[   18.270144] Bluetooth: HCI device and connection manager initialized
[   18.276633] Bluetooth: HCI socket layer initialized
[   18.281543] Bluetooth: L2CAP socket layer initialized
[   18.286675] Bluetooth: SCO socket layer initialized
[   18.928003] PM: Cannot get wkup_m3_ipc handle
[   19.023292] omap-sham 53100000.sham: hw accel on OMAP rev 4.3
[   19.108409] omap-aes 53500000.aes: OMAP AES hw accel rev: 3.2
[   19.184069] omap-sham 53100000.sham: will run requests pump with realtime priority
[   19.221789] omap-aes 53500000.aes: will run requests pump with realtime priority
[   19.497811] PM: Cannot get wkup_m3_ipc handle
[   19.547795] PM: Cannot get wkup_m3_ipc handle
[   22.888699] using random self ethernet address
[   22.893206] using random host ethernet address
[   22.945736] PM: Cannot get wkup_m3_ipc handle
[   22.951352] of_get_named_gpiod_flags: can't parse 'simple-audio-card,hp-det-gpio' property of node '/sound[0]'
[   22.951408] of_get_named_gpiod_flags: can't parse 'simple-audio-card,mic-det-gpio' property of node '/sound[0]'
[   23.109416] PM: Cannot get wkup_m3_ipc handle
[   23.421422] using random self ethernet address
[   23.426073] using random host ethernet address
[   23.654238] userial_init: registered 8 ttyGS* devices
[   23.872930] rndis_register: configNr = 0
[   23.971535] udc musb-hdrc.0: registering UDC driver [g_multi]
[   23.971632] configfs-gadget gadget: adding 'rndis'/ec51662c to config 'c'/d179abd4
[   23.972670] usb0: HOST MAC 1c:ba:8c:a2:ed:6c
[   23.977170] usb0: MAC 1c:ba:8c:a2:ed:70
[   23.981078] rndis_set_param_medium: 0 0
[   23.981095] configfs-gadget gadget: RNDIS: dual speed IN/ep1in OUT/ep1out NOTIFY/ep2in
[   23.981110] configfs-gadget gadget: adding 'cdc_ethernet'/ccf73b91 to config 'c'/d179abd4
[   23.981873] usb1: HOST MAC 1c:ba:8c:a2:ed:6c
[   23.986274] usb1: MAC 1c:ba:8c:a2:ed:6d
[   23.990154] configfs-gadget gadget: CDC Ethernet: dual speed IN/ep3in OUT/ep2out NOTIFY/ep4in
[   23.990171] configfs-gadget gadget: adding 'acm'/40bf0098 to config 'c'/d179abd4
[   23.990197] configfs-gadget gadget: acm ttyGS0: dual speed IN/ep5in OUT/ep3out NOTIFY/ep6in
[   25.153333] usb1: eth_open
[   29.900658] gs_open: ttyGS0 (32cb17c4,dbc979ae)
[   29.900810] gs_close: ttyGS0 (32cb17c4,dbc979ae) ...
[   29.900832] gs_close: ttyGS0 (32cb17c4,dbc979ae) done!
[   29.915147] gs_open: ttyGS0 (32cb17c4,b6a9cba7)
[   29.915249] gs_close: ttyGS0 (32cb17c4,b6a9cba7) ...
[   29.915265] gs_close: ttyGS0 (32cb17c4,b6a9cba7) done!
[   30.067189] gs_open: ttyGS0 (1c04b54b,f8afbc94)
[   30.068252] gs_close: ttyGS0 (1c04b54b,f8afbc94) ...
[   30.068298] gs_close: ttyGS0 (1c04b54b,f8afbc94) done!
[   30.068804] gs_open: ttyGS0 (1c04b54b,20592800)
ELTGWSAZMU 0
root@arm:~# echo 'BNKM''BVJOVB'
BNKMBVJOVB
root@arm:~# MARKER='HUVT''SYTGZX' run 'modprobe test_linear_ranges'
HUVTSYTGZXHUVTSYTGZX 0
root@arm:~# echo 'GYNH''CKBCFH'
GYNHCKBCFH
root@arm:~# MARKER='SZEZ''FNHTSZ' run dmesg
SZEZFNHTSZ[    0.000000] Booting Linux on physical CPU 0x0
[    0.000000] Linux version 5.15.191 (user01@drvtest01) (arm-none-eabi-gcc (Arm GNU Toolchain 14.2.Rel1 (Build arm-14.52)) 14.2.1 20241119, GNU ld (Arm GNU Toolchain 14.2.Rel1 (Build arm-14.52)) 2.43.1.20241119) #1 SMP Thu Sep 4 15:51:43 EEST 2025
[    0.000000] CPU: ARMv7 Processor [413fc082] revision 2 (ARMv7), cr=10c5387d
[    0.000000] CPU: PIPT / VIPT nonaliasing data cache, VIPT aliasing instruction cache
[    0.000000] OF: fdt: Machine model: TI AM335x BeagleBone Black
[    0.000000] Memory policy: Data cache writeback
[    0.000000] cma: Reserved 16 MiB at 0x9e800000
[    0.000000] Zone ranges:
[    0.000000]   Normal   [mem 0x0000000080000000-0x000000009fdfffff]
[    0.000000]   HighMem  empty
[    0.000000] Movable zone start for each node
[    0.000000] Early memory node ranges
[    0.000000]   node   0: [mem 0x0000000080000000-0x000000009fdfffff]
[    0.000000] Initmem setup node 0 [mem 0x0000000080000000-0x000000009fdfffff]
[    0.000000] CPU: All CPU(s) started in SVC mode.
[    0.000000] AM335X ES2.1 (sgx neon)
[    0.000000] percpu: Embedded 16 pages/cpu s33804 r8192 d23540 u65536
[    0.000000] pcpu-alloc: s33804 r8192 d23540 u65536 alloc=16*4096
[    0.000000] pcpu-alloc: [0] 0 
[    0.000000] Built 1 zonelists, mobility grouping on.  Total pages: 129412
[    0.000000] Kernel command line: console=ttyO0,115200n8 root=/dev/nfs rw nfsroot=192.168.255.126:/home/user01/nfs,nfsvers=3 ip=192.168.255.1:192.168.255.126::255.255.255.0:bbb1:eth0 nfsrootdebug
[    0.000000] Unknown kernel command line parameters "nfsrootdebug", will be passed to user space.
[    0.000000] Dentry cache hash table entries: 65536 (order: 6, 262144 bytes, linear)
[    0.000000] Inode-cache hash table entries: 32768 (order: 5, 131072 bytes, linear)
[    0.000000] mem auto-init: stack:off, heap alloc:off, heap free:off
[    0.000000] Memory: 484756K/522240K available (10240K kernel code, 1079K rwdata, 2396K rodata, 1024K init, 242K bss, 21100K reserved, 16384K cma-reserved, 0K highmem)
[    0.000000] trace event string verifier disabled
[    0.000000] rcu: Hierarchical RCU implementation.
[    0.000000] rcu: 	RCU event tracing is enabled.
[    0.000000] rcu: 	RCU restricting CPUs from NR_CPUS=2 to nr_cpu_ids=1.
[    0.000000] rcu: RCU calculated value of scheduler-enlistment delay is 10 jiffies.
[    0.000000] rcu: Adjusting geometry for rcu_fanout_leaf=16, nr_cpu_ids=1
[    0.000000] NR_IRQS: 16, nr_irqs: 16, preallocated irqs: 16
[    0.000000] IRQ: Found an INTC at 0x(ptrval) (revision 5.0) with 128 interrupts
[    0.000000] TI gptimer clocksource: always-on /ocp/interconnect@44c00000/segment@200000/target-module@31000
[    0.000002] sched_clock: 32 bits at 24MHz, resolution 41ns, wraps every 89478484971ns
[    0.000028] clocksource: dmtimer: mask: 0xffffffff max_cycles: 0xffffffff, max_idle_ns: 79635851949 ns
[    0.000450] TI gptimer clockevent: 24000000 Hz at /ocp/interconnect@48000000/segment@0/target-module@40000
[    0.002295] Console: colour dummy device 80x30
[    0.002353] WARNING: Your 'console=ttyO0' has been replaced by 'ttyS0'
[    0.002364] This ensures that you still see kernel messages. Please
[    0.002373] update your kernel commandline.
[    0.002421] Calibrating delay loop... 996.14 BogoMIPS (lpj=4980736)
[    0.090565] CPU: Testing write buffer coherency: ok
[    0.090655] CPU0: Spectre v2: using BPIALL workaround
[    0.090668] pid_max: default: 32768 minimum: 301
[    0.090808] LSM: Security Framework initializing
[    0.090986] Mount-cache hash table entries: 1024 (order: 0, 4096 bytes, linear)
[    0.091012] Mountpoint-cache hash table entries: 1024 (order: 0, 4096 bytes, linear)
[    0.092585] CPU0: thread -1, cpu 0, socket -1, mpidr 0
[    0.093629] Setting up static identity map for 0x80100000 - 0x80100078
[    0.093850] rcu: Hierarchical SRCU implementation.
[    0.095051] smp: Bringing up secondary CPUs ...
[    0.095081] smp: Brought up 1 node, 1 CPU
[    0.095096] SMP: Total of 1 processors activated (996.14 BogoMIPS).
[    0.095109] CPU: All CPU(s) started in SVC mode.
[    0.095880] devtmpfs: initialized
[    0.110189] VFP support v0.3: implementor 41 architecture 3 part 30 variant c rev 3
[    0.110510] clocksource: jiffies: mask: 0xffffffff max_cycles: 0xffffffff, max_idle_ns: 19112604462750000 ns
[    0.110638] futex hash table entries: 256 (order: 2, 16384 bytes, linear)
[    0.111996] pinctrl core: initialized pinctrl subsystem
[    0.113913] NET: Registered PF_NETLINK/PF_ROUTE protocol family
[    0.116692] DMA: preallocated 256 KiB pool for atomic coherent allocations
[    0.117247] audit: initializing netlink subsys (disabled)
[    0.118447] thermal_sys: Registered thermal governor 'fair_share'
[    0.118468] thermal_sys: Registered thermal governor 'step_wise'
[    0.118482] thermal_sys: Registered thermal governor 'user_space'
[    0.118837] cpuidle: using governor menu
[    0.135291] No ATAGs?
[    0.135330] hw-breakpoint: debug architecture 0x4 unsupported.
[    0.143271] kprobes: kprobe jump-optimization is enabled. All kprobes are optimized if possible.
[    0.143614] audit: type=2000 audit(0.110:1): state=initialized audit_enabled=0 res=1
[    0.148491] reg-fixed-voltage fixedregulator0: GPIO lookup for consumer (null)
[    0.148520] reg-fixed-voltage fixedregulator0: using device tree for GPIO lookup
[    0.148542] of_get_named_gpiod_flags: can't parse 'gpios' property of node '/fixedregulator0[0]'
[    0.148578] of_get_named_gpiod_flags: can't parse 'gpio' property of node '/fixedregulator0[0]'
[    0.148600] reg-fixed-voltage fixedregulator0: using lookup tables for GPIO lookup
[    0.148611] reg-fixed-voltage fixedregulator0: No GPIO consumer (null) found
[    0.149712] iommu: Default domain type: Translated 
[    0.149736] iommu: DMA domain TLB invalidation policy: strict mode 
[    0.151144] vgaarb: loaded
[    0.151675] SCSI subsystem initialized
[    0.152080] libata version 3.00 loaded.
[    0.152406] pps_core: LinuxPPS API ver. 1 registered
[    0.152422] pps_core: Software ver. 5.3.6 - Copyright 2005-2007 Rodolfo Giometti <giometti@linux.it>
[    0.152451] PTP clock support registered
[    0.153765] clocksource: Switched to clocksource dmtimer
[    0.198731] VFS: Disk quotas dquot_6.6.0
[    0.198851] VFS: Dquot-cache hash table entries: 1024 (order 0, 4096 bytes)
[    0.266515] NET: Registered PF_INET protocol family
[    0.266848] IP idents hash table entries: 8192 (order: 4, 65536 bytes, linear)
[    0.267792] tcp_listen_portaddr_hash hash table entries: 512 (order: 0, 4096 bytes, linear)
[    0.267845] Table-perturb hash table entries: 65536 (order: 6, 262144 bytes, linear)
[    0.267874] TCP established hash table entries: 4096 (order: 2, 16384 bytes, linear)
[    0.267923] TCP bind hash table entries: 4096 (order: 3, 32768 bytes, linear)
[    0.267987] TCP: Hash tables configured (established 4096 bind 4096)
[    0.268112] UDP hash table entries: 256 (order: 1, 8192 bytes, linear)
[    0.268141] UDP-Lite hash table entries: 256 (order: 1, 8192 bytes, linear)
[    0.268324] NET: Registered PF_UNIX/PF_LOCAL protocol family
[    0.269420] RPC: Registered named UNIX socket transport module.
[    0.269452] RPC: Registered udp transport module.
[    0.269462] RPC: Registered tcp transport module.
[    0.269470] RPC: Registered tcp NFSv4.1 backchannel transport module.
[    0.269491] PCI: CLS 0 bytes, default 64
[    0.270864] Initialise system trusted keyrings
[    0.274384] workingset: timestamp_bits=14 max_order=17 bucket_order=3
[    0.275645] NFS: Registering the id_resolver key type
[    0.275717] Key type id_resolver registered
[    0.275729] Key type id_legacy registered
[    0.275784] jffs2: version 2.2. (NAND) (SUMMARY)  Â© 2001-2006 Red Hat, Inc.
[    0.276166] Key type asymmetric registered
[    0.276189] Asymmetric key parser 'x509' registered
[    0.276253] io scheduler mq-deadline registered
[    0.276268] io scheduler kyber registered
[    0.290202] hw perfevents: enabled with armv7_cortex_a8 PMU driver, 5 counters available
[    0.298144] l3-aon-clkctrl:0000:0: failed to disable
[    0.298548] Serial: 8250/16550 driver, 6 ports, IRQ sharing enabled
[    0.356419] brd: module loaded
[    0.385355] loop: module loaded
[    0.386273] mtdoops: mtd device (mtddev=name/number) must be supplied
[    0.387504] mdio_bus fixed-0: GPIO lookup for consumer reset
[    0.387527] mdio_bus fixed-0: using lookup tables for GPIO lookup
[    0.387538] mdio_bus fixed-0: No GPIO consumer reset found
[    0.388560] i2c_dev: i2c /dev entries driver
[    0.389461] cpuidle: enable-method property 'ti,am3352' found operations
[    0.389869] sdhci: Secure Digital Host Controller Interface driver
[    0.389884] sdhci: Copyright(c) Pierre Ossman
[    0.390055] sdhci-pltfm: SDHCI platform and OF driver helper
[    0.390291] ledtrig-cpu: registered to indicate activity on CPUs
[    0.390835] Initializing XFRM netlink socket
[    0.391039] NET: Registered PF_INET6 protocol family
[    0.392575] Segment Routing with IPv6
[    0.392661] In-situ OAM (IOAM) with IPv6
[    0.392758] sit: IPv6, IPv4 and MPLS over IPv4 tunneling driver
[    0.393559] NET: Registered PF_PACKET protocol family
[    0.393612] NET: Registered PF_KEY protocol family
[    0.393841] Key type dns_resolver registered
[    0.393952] ThumbEE CPU extension supported.
[    0.393977] Registering SWP/SWPB emulation handler
[    0.394480] omap_voltage_late_init: Voltage driver support not added
[    0.395120] SmartReflex Class3 initialized
[    0.395966] Loading compiled-in X.509 certificates
[    0.428002] pinctrl-single 44e10800.pinmux: 142 pins, size 568
[    0.432246] ti-sysc: probe of 44e31000.target-module failed with error -16
[    0.466366] ti-sysc: probe of 48040000.target-module failed with error -16
[    0.476526] gpio gpiochip0: (gpio-0-31): created GPIO range 0->7 ==> 44e10800.pinmux PIN 0->7
[    0.476569] gpio gpiochip0: (gpio-0-31): created GPIO range 8->11 ==> 44e10800.pinmux PIN 90->93
[    0.476586] gpio gpiochip0: (gpio-0-31): created GPIO range 12->27 ==> 44e10800.pinmux PIN 12->27
[    0.476603] gpio gpiochip0: (gpio-0-31): created GPIO range 28->31 ==> 44e10800.pinmux PIN 30->33
[    0.504665] gpio gpiochip0: (gpio-0-31): added GPIO chardev (254:0)
[    0.504831] gpio gpiochip0: registered GPIOs 0 to 31 on gpio-0-31
[    0.504919] OMAP GPIO hardware version 0.1
[    0.528966] i2c i2c-2: GPIO lookup for consumer scl
[    0.529002] i2c i2c-2: using device tree for GPIO lookup
[    0.529029] of_get_named_gpiod_flags: can't parse 'scl-gpios' property of node '/ocp/interconnect@48000000/segment@100000/target-module@9c000/i2c@0[0]'
[    0.529075] of_get_named_gpiod_flags: can't parse 'scl-gpio' property of node '/ocp/interconnect@48000000/segment@100000/target-module@9c000/i2c@0[0]'
[    0.529117] i2c i2c-2: using lookup tables for GPIO lookup
[    0.529128] i2c i2c-2: No GPIO consumer scl found
[    0.529150] i2c i2c-2: GPIO lookup for consumer sda
[    0.529158] i2c i2c-2: using device tree for GPIO lookup
[    0.529173] of_get_named_gpiod_flags: can't parse 'sda-gpios' property of node '/ocp/interconnect@48000000/segment@100000/target-module@9c000/i2c@0[0]'
[    0.529211] of_get_named_gpiod_flags: can't parse 'sda-gpio' property of node '/ocp/interconnect@48000000/segment@100000/target-module@9c000/i2c@0[0]'
[    0.529246] i2c i2c-2: using lookup tables for GPIO lookup
[    0.529255] i2c i2c-2: No GPIO consumer sda found
[    0.529915] omap_i2c 4819c000.i2c: bus 2 rev0.11 at 100 kHz
[    0.535249] gpio gpiochip1: (gpio-32-63): created GPIO range 0->17 ==> 44e10800.pinmux PIN 34->51
[    0.535291] gpio gpiochip1: (gpio-32-63): created GPIO range 18->21 ==> 44e10800.pinmux PIN 77->80
[    0.535308] gpio gpiochip1: (gpio-32-63): created GPIO range 22->31 ==> 44e10800.pinmux PIN 56->65
[    0.548467] gpio gpiochip1: (gpio-32-63): added GPIO chardev (254:1)
[    0.548606] gpio gpiochip1: registered GPIOs 32 to 63 on gpio-32-63
[    0.550692] gpio gpiochip2: (gpio-64-95): created GPIO range 0->4 ==> 44e10800.pinmux PIN 66->70
[    0.550727] gpio gpiochip2: (gpio-64-95): created GPIO range 5->6 ==> 44e10800.pinmux PIN 98->99
[    0.550744] gpio gpiochip2: (gpio-64-95): created GPIO range 7->8 ==> 44e10800.pinmux PIN 75->76
[    0.550760] gpio gpiochip2: (gpio-64-95): created GPIO range 13->13 ==> 44e10800.pinmux PIN 141->141
[    0.550777] gpio gpiochip2: (gpio-64-95): created GPIO range 14->21 ==> 44e10800.pinmux PIN 100->107
[    0.551185] gpio gpiochip2: (gpio-64-95): added GPIO chardev (254:2)
[    0.551306] gpio gpiochip2: registered GPIOs 64 to 95 on gpio-64-95
[    0.568809] mdio_bus 4a101000.mdio: GPIO lookup for consumer reset
[    0.568845] mdio_bus 4a101000.mdio: using device tree for GPIO lookup
[    0.568871] of_get_named_gpiod_flags: can't parse 'reset-gpios' property of node '/ocp/interconnect@4a000000/segment@0/target-module@100000/switch@0/mdio@1000[0]'
[    0.568923] of_get_named_gpiod_flags: can't parse 'reset-gpio' property of node '/ocp/interconnect@4a000000/segment@0/target-module@100000/switch@0/mdio@1000[0]'
[    0.568971] mdio_bus 4a101000.mdio: using lookup tables for GPIO lookup
[    0.568982] mdio_bus 4a101000.mdio: No GPIO consumer reset found
[    0.569950] sdhci-omap 481d8000.mmc: GPIO lookup for consumer wp
[    0.569974] sdhci-omap 481d8000.mmc: using device tree for GPIO lookup
[    0.569994] of_get_named_gpiod_flags: can't parse 'wp-gpios' property of node '/ocp/interconnect@48000000/segment@100000/target-module@d8000/mmc@0[0]'
[    0.570046] of_get_named_gpiod_flags: can't parse 'wp-gpio' property of node '/ocp/interconnect@48000000/segment@100000/target-module@d8000/mmc@0[0]'
[    0.570085] sdhci-omap 481d8000.mmc: using lookup tables for GPIO lookup
[    0.570095] sdhci-omap 481d8000.mmc: No GPIO consumer wp found
[    0.570264] sdhci-omap 481d8000.mmc: supply vqmmc not found, using dummy regulator
[    0.625905] davinci_mdio 4a101000.mdio: davinci mdio revision 1.6, bus freq 1000000
[    0.655104] mdio_bus 4a101000.mdio:00: GPIO lookup for consumer reset
[    0.655132] mdio_bus 4a101000.mdio:00: using device tree for GPIO lookup
[    0.655176] of_get_named_gpiod_flags: parsed 'reset-gpios' property of node '/ocp/interconnect@4a000000/segment@0/target-module@100000/switch@0/mdio@1000/ethernet-phy@0[0]' - status (0)
[    0.655343] gpio gpiochip0: Persistence not supported for GPIO 8
[    0.810747] davinci_mdio 4a101000.mdio: phy[0]: device 4a101000.mdio:00, driver SMSC LAN8710/LAN8720
[    0.811328] cpsw-switch 4a100000.switch: initialized cpsw ale version 1.4
[    0.811361] cpsw-switch 4a100000.switch: ALE Table size 1024
[    0.825259] cpsw-switch 4a100000.switch: cpts: overflow check period 500 (jiffies)
[    0.825289] cpsw-switch 4a100000.switch: CPTS: ref_clk_freq:250000000 calc_mult:2147483648 calc_shift:29 error:0 nsec/sec
[    0.825402] cpsw-switch 4a100000.switch: Detected MACID = 6c:ec:eb:68:de:78
[    0.826963] cpsw-switch 4a100000.switch: initialized (regs 0x4a100000, pool size 256) hw_ver:0019010C 1.12 (0)
[    0.836308] debugfs: Directory '49000000.dma' with parent 'dmaengine' already present!
[    0.836365] edma 49000000.dma: TI EDMA DMA engine driver
[    0.861351] gpio-clk clk_mcasp0: GPIO lookup for consumer enable
[    0.861389] gpio-clk clk_mcasp0: using device tree for GPIO lookup
[    0.861428] of_get_named_gpiod_flags: parsed 'enable-gpios' property of node '/clk_mcasp0[0]' - status (0)
[    0.861472] gpio gpiochip0: Persistence not supported for GPIO 27
[    0.862205] gpio gpiochip3: (gpio-96-127): created GPIO range 0->7 ==> 44e10800.pinmux PIN 82->89
[    0.862236] gpio gpiochip3: (gpio-96-127): created GPIO range 8->11 ==> 44e10800.pinmux PIN 52->55
[    0.862253] gpio gpiochip3: (gpio-96-127): created GPIO range 12->15 ==> 44e10800.pinmux PIN 94->97
[    0.862270] gpio gpiochip3: (gpio-96-127): created GPIO range 16->17 ==> 44e10800.pinmux PIN 71->72
[    0.862287] gpio gpiochip3: (gpio-96-127): created GPIO range 18->18 ==> 44e10800.pinmux PIN 135->135
[    0.862303] gpio gpiochip3: (gpio-96-127): created GPIO range 19->20 ==> 44e10800.pinmux PIN 108->109
[    0.862321] gpio gpiochip3: (gpio-96-127): created GPIO range 21->21 ==> 44e10800.pinmux PIN 73->73
[    0.862338] gpio gpiochip3: (gpio-96-127): created GPIO range 22->23 ==> 44e10800.pinmux PIN 8->9
[    0.862357] gpio gpiochip3: (gpio-96-127): created GPIO range 26->27 ==> 44e10800.pinmux PIN 10->11
[    0.862375] gpio gpiochip3: (gpio-96-127): created GPIO range 28->28 ==> 44e10800.pinmux PIN 74->74
[    0.862393] gpio gpiochip3: (gpio-96-127): created GPIO range 29->29 ==> 44e10800.pinmux PIN 81->81
[    0.862412] gpio gpiochip3: (gpio-96-127): created GPIO range 30->31 ==> 44e10800.pinmux PIN 28->29
[    0.875125] gpio gpiochip3: (gpio-96-127): added GPIO chardev (254:3)
[    0.875266] gpio gpiochip3: registered GPIOs 96 to 127 on gpio-96-127
[    0.876687] omap8250 44e09000.serial: GPIO lookup for consumer rs485-term
[    0.876717] omap8250 44e09000.serial: using device tree for GPIO lookup
[    0.876742] of_get_named_gpiod_flags: can't parse 'rs485-term-gpios' property of node '/ocp/interconnect@44c00000/segment@200000/target-module@9000/serial@0[0]'
[    0.876793] of_get_named_gpiod_flags: can't parse 'rs485-term-gpio' property of node '/ocp/interconnect@44c00000/segment@200000/target-module@9000/serial@0[0]'
[    0.876834] omap8250 44e09000.serial: using lookup tables for GPIO lookup
[    0.876845] omap8250 44e09000.serial: No GPIO consumer rs485-term found
[    0.876896] 44e09000.serial: ttyS0 at MMIO 0x44e09000 (irq = 19, base_baud = 3000000) is a 8250
[    1.829680] printk: console [ttyS0] enabled
[    1.836136] i2c i2c-0: GPIO lookup for consumer scl
[    1.836169] i2c i2c-0: using device tree for GPIO lookup
[    1.836195] of_get_named_gpiod_flags: can't parse 'scl-gpios' property of node '/ocp/interconnect@44c00000/segment@200000/target-module@b000/i2c@0[0]'
[    1.836242] of_get_named_gpiod_flags: can't parse 'scl-gpio' property of node '/ocp/interconnect@44c00000/segment@200000/target-module@b000/i2c@0[0]'
[    1.836284] i2c i2c-0: using lookup tables for GPIO lookup
[    1.836295] i2c i2c-0: No GPIO consumer scl found
[    1.836316] i2c i2c-0: GPIO lookup for consumer sda
[    1.836325] i2c i2c-0: using device tree for GPIO lookup
[    1.836339] of_get_named_gpiod_flags: can't parse 'sda-gpios' property of node '/ocp/interconnect@44c00000/segment@200000/target-module@b000/i2c@0[0]'
[    1.836377] of_get_named_gpiod_flags: can't parse 'sda-gpio' property of node '/ocp/interconnect@44c00000/segment@200000/target-module@b000/i2c@0[0]'
[    1.836412] i2c i2c-0: using lookup tables for GPIO lookup
[    1.836421] i2c i2c-0: No GPIO consumer sda found
[    1.864522] tps65217-pmic: Failed to locate of_node [id: -1]
[    1.879647] tps65217-bl: Failed to locate of_node [id: -1]
[    1.888110] tps65217 0-0024: TPS65217 ID 0xe version 1.2
[    1.894115] i2c 0-0070: Fixing up cyclic dependency with 4830e000.lcdc
[    1.900967] omap_i2c 44e0b000.i2c: bus 0 rev0.11 at 400 kHz
[    1.908183] sdhci-omap 48060000.mmc: GPIO lookup for consumer cd
[    1.908210] sdhci-omap 48060000.mmc: using device tree for GPIO lookup
[    1.908251] of_get_named_gpiod_flags: parsed 'cd-gpios' property of node '/ocp/interconnect@48000000/segment@0/target-module@60000/mmc@0[0]' - status (0)
[    1.908370] gpio gpiochip3: Persistence not supported for GPIO 6
[    1.908391] omap_gpio 44e07000.gpio: Could not set line 6 debounce to 200000 microseconds (-22)
[    1.917250] sdhci-omap 48060000.mmc: Got CD GPIO
[    1.921896] sdhci-omap 48060000.mmc: GPIO lookup for consumer wp
[    1.921906] sdhci-omap 48060000.mmc: using device tree for GPIO lookup
[    1.921925] of_get_named_gpiod_flags: can't parse 'wp-gpios' property of node '/ocp/interconnect@48000000/segment@0/target-module@60000/mmc@0[0]'
[    1.921971] of_get_named_gpiod_flags: can't parse 'wp-gpio' property of node '/ocp/interconnect@48000000/segment@0/target-module@60000/mmc@0[0]'
[    1.922010] sdhci-omap 48060000.mmc: using lookup tables for GPIO lookup
[    1.922022] sdhci-omap 48060000.mmc: No GPIO consumer wp found
[    1.922210] sdhci-omap 48060000.mmc: supply vqmmc not found, using dummy regulator
[    1.930896] sdhci-omap 481d8000.mmc: GPIO lookup for consumer wp
[    1.930922] sdhci-omap 481d8000.mmc: using device tree for GPIO lookup
[    1.930945] of_get_named_gpiod_flags: can't parse 'wp-gpios' property of node '/ocp/interconnect@48000000/segment@100000/target-module@d8000/mmc@0[0]'
[    1.930996] of_get_named_gpiod_flags: can't parse 'wp-gpio' property of node '/ocp/interconnect@48000000/segment@100000/target-module@d8000/mmc@0[0]'
[    1.931034] sdhci-omap 481d8000.mmc: using lookup tables for GPIO lookup
[    1.931045] sdhci-omap 481d8000.mmc: No GPIO consumer wp found
[    1.934491] sdhci-omap 481d8000.mmc: supply vqmmc not found, using dummy regulator
[    1.969450] mmc1: SDHCI controller on 481d8000.mmc [481d8000.mmc] using External DMA
[    1.977734] mmc0: SDHCI controller on 48060000.mmc [48060000.mmc] using External DMA
[    1.986362] cpsw-switch 4a100000.switch: starting ndev. mode: dual_mac
[    2.059685] mmc0: new high speed SDHC card at address aaaa
[    2.066646] mmcblk0: mmc0:aaaa SE32G 29.7 GiB 
[    2.075846]  mmcblk0: p1 p2
[    2.080694] mmc1: new high speed MMC card at address 0001
[    2.087340] mmcblk1: mmc1:0001 MMC04G 3.60 GiB 
[    2.094526]  mmcblk1: p1 p2
[    2.098526] mmcblk1boot0: mmc1:0001 MMC04G 2.00 MiB 
[    2.105643] mmcblk1boot1: mmc1:0001 MMC04G 2.00 MiB 
[    2.112392] mmcblk1rpmb: mmc1:0001 MMC04G 128 KiB, chardev (250:0)
[    2.145585] SMSC LAN8710/LAN8720 4a101000.mdio:00: attached PHY driver (mii_bus:phy_addr=4a101000.mdio:00, irq=POLL)
[    5.284492] cpsw-switch 4a100000.switch eth0: Link is Up - 100Mbps/Full - flow control off
[    5.303812] IPv6: ADDRCONF(NETDEV_CHANGE): eth0: link becomes ready
[    5.333769] IP-Config: Complete:
[    5.337026]      device=eth0, hwaddr=6c:ec:eb:68:de:78, ipaddr=192.168.255.1, mask=255.255.255.0, gw=255.255.255.255
[    5.347640]      host=bbb1, domain=, nis-domain=(none)
[    5.352802]      bootserver=192.168.255.126, rootserver=192.168.255.126, rootpath=
[    5.353171] clk: Disabling unused clocks
[    5.365015] TAP version 14
[    5.367736] 1..0
[    5.403525] VFS: Mounted root (nfs filesystem) on device 0:16.
[    5.410450] devtmpfs: mounted
[    5.414881] Freeing unused kernel image (initmem) memory: 1024K
[    5.421377] Run /sbin/init as init process
[    5.425569]   with arguments:
[    5.425582]     /sbin/init
[    5.425588]     nfsrootdebug
[    5.425596]   with environment:
[    5.425602]     HOME=/
[    5.425608]     TERM=linux
[    6.118106] systemd[1]: System time before build time, advancing clock.
[    6.315383] random: systemd: uninitialized urandom read (16 bytes read)
[    6.327516] random: systemd: uninitialized urandom read (16 bytes read)
[    6.337959] systemd[1]: systemd 232 running in system mode. (+PAM +AUDIT +SELINUX +IMA +APPARMOR +SMACK +SYSVINIT +UTMP +LIBCRYPTSETUP +GCRYPT +GNUTLS +ACL +XZ +LZ4 +SECCOMP +BLKID +ELFUTILS +KMOD +IDN)
[    6.357103] systemd[1]: Detected architecture arm.
[    6.396655] systemd[1]: Set hostname to <arm>.
[    6.780468] random: systemd-cryptse: uninitialized urandom read (16 bytes read)
[    7.328324] random: systemd: uninitialized urandom read (16 bytes read)
[    7.370556] random: systemd: uninitialized urandom read (16 bytes read)
[    7.377842] random: systemd: uninitialized urandom read (16 bytes read)
[    7.391845] systemd[1]: Listening on Syslog Socket.
[    7.424836] systemd[1]: Listening on Journal Audit Socket.
[    7.464172] systemd[1]: Reached target Swap.
[    7.494359] systemd[1]: Listening on udev Kernel Socket.
[    7.535211] systemd[1]: Created slice User and Session Slice.
[    7.574656] systemd[1]: Started Dispatch Password Requests to Console Directory Watch.
[    7.615350] systemd[1]: Set up automount Arbitrary Executable File Formats File System Automount Point.
[    8.379252] random: systemd: uninitialized urandom read (16 bytes read)
[    8.441084] random: systemd: uninitialized urandom read (16 bytes read)
[    8.448656] random: systemd-journal: uninitialized urandom read (16 bytes read)
[    9.388796] random: systemd-udevd: uninitialized urandom read (16 bytes read)
[    9.965242] systemd-journald[97]: Received request to flush runtime journal from PID 1
[   11.963893] random: crng init done
[   11.967357] random: 454 urandom warning(s) missed due to ratelimiting
[   12.498348] of_get_named_gpiod_flags: parsed 'gpios' property of node '/leds/led2[0]' - status (0)
[   12.498436] gpio gpiochip0: Persistence not supported for GPIO 21
[   12.498448] gpio-21 (?): no flags found for gpios
[   12.498679] of_get_named_gpiod_flags: parsed 'gpios' property of node '/leds/led3[0]' - status (0)
[   12.498719] gpio gpiochip0: Persistence not supported for GPIO 22
[   12.498728] gpio-22 (?): no flags found for gpios
[   12.498919] of_get_named_gpiod_flags: parsed 'gpios' property of node '/leds/led4[0]' - status (0)
[   12.498957] gpio gpiochip0: Persistence not supported for GPIO 23
[   12.498966] gpio-23 (?): no flags found for gpios
[   12.499130] of_get_named_gpiod_flags: parsed 'gpios' property of node '/leds/led5[0]' - status (0)
[   12.499163] gpio gpiochip0: Persistence not supported for GPIO 24
[   12.499172] gpio-24 (?): no flags found for gpios
[   12.953005] remoteproc remoteproc0: wkup_m3 is available
[   13.045706] at24 2-0054: supply vcc not found, using dummy regulator
[   13.108244] omap_rtc 44e3e000.rtc: registered as rtc0
[   13.113436] omap_rtc 44e3e000.rtc: setting system clock to 2000-01-01T00:00:00 UTC (946684800)
[   13.122282] omap_rtc 44e3e000.rtc: GPIO lookup for consumer wp
[   13.122298] omap_rtc 44e3e000.rtc: using device tree for GPIO lookup
[   13.122329] of_get_named_gpiod_flags: can't parse 'wp-gpios' property of node '/ocp/interconnect@44c00000/segment@200000/target-module@3e000/rtc@0[0]'
[   13.122389] of_get_named_gpiod_flags: can't parse 'wp-gpio' property of node '/ocp/interconnect@44c00000/segment@200000/target-module@3e000/rtc@0[0]'
[   13.122433] omap_rtc 44e3e000.rtc: using lookup tables for GPIO lookup
[   13.122444] omap_rtc 44e3e000.rtc: No GPIO consumer wp found
[   13.232118] at24 2-0055: supply vcc not found, using dummy regulator
[   13.422447] at24 2-0056: supply vcc not found, using dummy regulator
[   13.514520] at24 2-0057: supply vcc not found, using dummy regulator
[   13.617017] at24 0-0050: supply vcc not found, using dummy regulator
[   13.718115] tps6521x_pwrbutton tps65217-pwrbutton: DMA mask not set
[   13.767318] at24 0-0050: GPIO lookup for consumer wp
[   13.767359] at24 0-0050: using device tree for GPIO lookup
[   13.767392] of_get_named_gpiod_flags: can't parse 'wp-gpios' property of node '/ocp/interconnect@44c00000/segment@200000/target-module@b000/i2c@0/baseboard_eeprom@50[0]'
[   13.767466] of_get_named_gpiod_flags: can't parse 'wp-gpio' property of node '/ocp/interconnect@44c00000/segment@200000/target-module@b000/i2c@0/baseboard_eeprom@50[0]'
[   13.767516] at24 0-0050: using lookup tables for GPIO lookup
[   13.767528] at24 0-0050: No GPIO consumer wp found
[   13.767792] at24 0-0050: 32768 byte 24c256 EEPROM, writable, 1 bytes/write
[   13.844990] input: tps65217_pwrbutton as /devices/platform/ocp/44c00000.interconnect/44c00000.interconnect:segment@200000/44e0b000.target-module/44e0b000.i2c/i2c-0/0-0024/tps65217-pwrbutton/input/input0
[   13.956283] omap_wdt: OMAP Watchdog Timer Rev 0x01: initial timeout 60 sec
[   14.146151] am335x-phy-driver 47401300.usb-phy: GPIO lookup for consumer reset
[   14.146193] am335x-phy-driver 47401300.usb-phy: using device tree for GPIO lookup
[   14.146223] of_get_named_gpiod_flags: can't parse 'reset-gpios' property of node '/ocp/target-module@47400000/usb-phy@1300[0]'
[   14.146275] of_get_named_gpiod_flags: can't parse 'reset-gpio' property of node '/ocp/target-module@47400000/usb-phy@1300[0]'
[   14.146308] am335x-phy-driver 47401300.usb-phy: using lookup tables for GPIO lookup
[   14.146320] am335x-phy-driver 47401300.usb-phy: No GPIO consumer reset found
[   14.146332] am335x-phy-driver 47401300.usb-phy: GPIO lookup for consumer vbus-detect
[   14.146341] am335x-phy-driver 47401300.usb-phy: using device tree for GPIO lookup
[   14.146356] of_get_named_gpiod_flags: can't parse 'vbus-detect-gpios' property of node '/ocp/target-module@47400000/usb-phy@1300[0]'
[   14.146385] of_get_named_gpiod_flags: can't parse 'vbus-detect-gpio' property of node '/ocp/target-module@47400000/usb-phy@1300[0]'
[   14.146412] am335x-phy-driver 47401300.usb-phy: using lookup tables for GPIO lookup
[   14.146421] am335x-phy-driver 47401300.usb-phy: No GPIO consumer vbus-detect found
[   14.146541] am335x-phy-driver 47401300.usb-phy: supply vcc not found, using dummy regulator
[   14.355473] am335x-phy-driver 47401b00.usb-phy: GPIO lookup for consumer reset
[   14.355514] am335x-phy-driver 47401b00.usb-phy: using device tree for GPIO lookup
[   14.355543] of_get_named_gpiod_flags: can't parse 'reset-gpios' property of node '/ocp/target-module@47400000/usb-phy@1b00[0]'
[   14.355589] of_get_named_gpiod_flags: can't parse 'reset-gpio' property of node '/ocp/target-module@47400000/usb-phy@1b00[0]'
[   14.355622] am335x-phy-driver 47401b00.usb-phy: using lookup tables for GPIO lookup
[   14.355635] am335x-phy-driver 47401b00.usb-phy: No GPIO consumer reset found
[   14.355647] am335x-phy-driver 47401b00.usb-phy: GPIO lookup for consumer vbus-detect
[   14.355657] am335x-phy-driver 47401b00.usb-phy: using device tree for GPIO lookup
[   14.355671] of_get_named_gpiod_flags: can't parse 'vbus-detect-gpios' property of node '/ocp/target-module@47400000/usb-phy@1b00[0]'
[   14.355700] of_get_named_gpiod_flags: can't parse 'vbus-detect-gpio' property of node '/ocp/target-module@47400000/usb-phy@1b00[0]'
[   14.355726] am335x-phy-driver 47401b00.usb-phy: using lookup tables for GPIO lookup
[   14.355735] am335x-phy-driver 47401b00.usb-phy: No GPIO consumer vbus-detect found
[   14.355856] am335x-phy-driver 47401b00.usb-phy: supply vcc not found, using dummy regulator
[   14.610574] usbcore: registered new interface driver usbfs
[   14.616324] usbcore: registered new interface driver hub
[   14.621748] usbcore: registered new device driver usb
[   15.256034] musb-hdrc musb-hdrc.1: MUSB HDRC host driver
[   15.261442] musb-hdrc musb-hdrc.1: new USB bus registered, assigned bus number 1
[   15.590713] omap-mailbox 480c8000.mailbox: omap mailbox rev 0x400
[   15.611041] tda998x 0-0070: found TDA19988
[   15.627145] remoteproc remoteproc0: powering up wkup_m3
[   15.637685] usb usb1: New USB device found, idVendor=1d6b, idProduct=0002, bcdDevice= 5.15
[   15.646213] usb usb1: New USB device strings: Mfr=3, Product=2, SerialNumber=1
[   15.653475] usb usb1: Product: MUSB HDRC host driver
[   15.658508] usb usb1: Manufacturer: Linux 5.15.191 musb-hcd
[   15.664128] usb usb1: SerialNumber: musb-hdrc.1
[   15.762549] remoteproc remoteproc0: Direct firmware load for am335x-pm-firmware.elf failed with error -2
[   15.772348] remoteproc remoteproc0: request_firmware failed: -2
[   15.778356] wkup_m3_ipc 44e11324.wkup_m3_ipc: rproc_boot failed
[   16.181315] hub 1-0:1.0: USB hub found
[   16.254392] hub 1-0:1.0: 1 port detected
[   17.171306] omap_rng 48310000.rng: Random Number Generator ver. 20
[   17.872699] tilcdc 4830e000.lcdc: bound 0-0070 (ops tda998x_driver_exit [tda998x])
[   17.985647] [drm] Initialized tilcdc 1.0.0 20121205 for 4830e000.lcdc on minor 0
[   18.165335] tilcdc 4830e000.lcdc: [drm] Cannot find any crtc or sizes
[   18.186644] tilcdc 4830e000.lcdc: [drm] Cannot find any crtc or sizes
[   18.260888] Bluetooth: Core ver 2.22
[   18.264799] NET: Registered PF_BLUETOOTH protocol family
[   18.270144] Bluetooth: HCI device and connection manager initialized
[   18.276633] Bluetooth: HCI socket layer initialized
[   18.281543] Bluetooth: L2CAP socket layer initialized
[   18.286675] Bluetooth: SCO socket layer initialized
[   18.928003] PM: Cannot get wkup_m3_ipc handle
[   19.023292] omap-sham 53100000.sham: hw accel on OMAP rev 4.3
[   19.108409] omap-aes 53500000.aes: OMAP AES hw accel rev: 3.2
[   19.184069] omap-sham 53100000.sham: will run requests pump with realtime priority
[   19.221789] omap-aes 53500000.aes: will run requests pump with realtime priority
[   19.497811] PM: Cannot get wkup_m3_ipc handle
[   19.547795] PM: Cannot get wkup_m3_ipc handle
[   22.888699] using random self ethernet address
[   22.893206] using random host ethernet address
[   22.945736] PM: Cannot get wkup_m3_ipc handle
[   22.951352] of_get_named_gpiod_flags: can't parse 'simple-audio-card,hp-det-gpio' property of node '/sound[0]'
[   22.951408] of_get_named_gpiod_flags: can't parse 'simple-audio-card,mic-det-gpio' property of node '/sound[0]'
[   23.109416] PM: Cannot get wkup_m3_ipc handle
[   23.421422] using random self ethernet address
[   23.426073] using random host ethernet address
[   23.654238] userial_init: registered 8 ttyGS* devices
[   23.872930] rndis_register: configNr = 0
[   23.971535] udc musb-hdrc.0: registering UDC driver [g_multi]
[   23.971632] configfs-gadget gadget: adding 'rndis'/ec51662c to config 'c'/d179abd4
[   23.972670] usb0: HOST MAC 1c:ba:8c:a2:ed:6c
[   23.977170] usb0: MAC 1c:ba:8c:a2:ed:70
[   23.981078] rndis_set_param_medium: 0 0
[   23.981095] configfs-gadget gadget: RNDIS: dual speed IN/ep1in OUT/ep1out NOTIFY/ep2in
[   23.981110] configfs-gadget gadget: adding 'cdc_ethernet'/ccf73b91 to config 'c'/d179abd4
[   23.981873] usb1: HOST MAC 1c:ba:8c:a2:ed:6c
[   23.986274] usb1: MAC 1c:ba:8c:a2:ed:6d
[   23.990154] configfs-gadget gadget: CDC Ethernet: dual speed IN/ep3in OUT/ep2out NOTIFY/ep4in
[   23.990171] configfs-gadget gadget: adding 'acm'/40bf0098 to config 'c'/d179abd4
[   23.990197] configfs-gadget gadget: acm ttyGS0: dual speed IN/ep5in OUT/ep3out NOTIFY/ep6in
[   25.153333] usb1: eth_open
[   29.900658] gs_open: ttyGS0 (32cb17c4,dbc979ae)
[   29.900810] gs_close: ttyGS0 (32cb17c4,dbc979ae) ...
[   29.900832] gs_close: ttyGS0 (32cb17c4,dbc979ae) done!
[   29.915147] gs_open: ttyGS0 (32cb17c4,b6a9cba7)
[   29.915249] gs_close: ttyGS0 (32cb17c4,b6a9cba7) ...
[   29.915265] gs_close: ttyGS0 (32cb17c4,b6a9cba7) done!
[   30.067189] gs_open: ttyGS0 (1c04b54b,f8afbc94)
[   30.068252] gs_close: ttyGS0 (1c04b54b,f8afbc94) ...
[   30.068298] gs_close: ttyGS0 (1c04b54b,f8afbc94) done!
[   30.068804] gs_open: ttyGS0 (1c04b54b,20592800)
[   55.272101]     # Subtest: linear-ranges-test
[   55.272145]     1..4
[   55.272605]     ok 1 - range_test_get_value_amount
[   55.272893]     ok 2 - range_test_get_selector_high
[   55.273158]     ok 3 - range_test_get_selector_low
[   55.273392]     ok 4 - range_test_get_value
