Labgrid Console Logfile for main
Logfile started at 2025-11-19 06:25:07.472458
=== Log starts here ===
reading args
spl_load_image_fat_os: error reading image args, err - -1
reading u-boot.img
reading u-boot.img


U-Boot 2014.04-00014-g47880f5 (Apr 22 2014 - 13:23:54)

I2C:   ready
DRAM:  512 MiB
NAND:  0 MiB
MMC:   OMAP SD/MMC: 0, OMAP SD/MMC: 1
*** Warning - readenv() failed, using default environment

Net:   <ethaddr> not set. Validating first E-fuse MAC
Could not get PHY for cpsw: addr 0
cpsw, usb_ether
Hit any key to stop autoboot:  1  0 
gpio: pin 53 (gpio 53) value is 1
mmc0 is current device
gpio: pin 54 (gpio 54) value is 1
SD/MMC found on device 0
reading uEnv.txt
569 bytes read in 4 ms (138.7 KiB/s)
gpio: pin 55 (gpio 55) value is 1
Loaded environment from uEnv.txt
Importing environment from mmc ...
Checking if uenvcmd is set ...
gpio: pin 56 (gpio 56) value is 1
Running uenvcmd ...
Using cpsw device
TFTP from server 192.168.255.126; our IP address is 192.168.255.1
Filename 'zImage'.
Load address: 0x81000000
Loading: *T T T T T T T T T T T T T T T T T T T Labgrid Console Logfile for main
Logfile started at 2025-11-19 06:26:48.678382
=== Log starts here ===
reading args
spl_load_image_fat_os: error reading image args, err - -1
reading u-boot.img
reading u-boot.img


U-Boot 2014.04-00014-g47880f5 (Apr 22 2014 - 13:23:54)

I2C:   ready
DRAM:  512 MiB
NAND:  0 MiB
MMC:   OMAP SD/MMC: 0, OMAP SD/MMC: 1
*** Warning - readenv() failed, using default environment

Net:   <ethaddr> not set. Validating first E-fuse MAC
cpsw, usb_ether
Hit any key to stop autoboot:  1  0 
gpio: pin 53 (gpio 53) value is 1
mmc0 is current device
gpio: pin 54 (gpio 54) value is 1
SD/MMC found on device 0
reading uEnv.txt
569 bytes read in 4 ms (138.7 KiB/s)
gpio: pin 55 (gpio 55) value is 1
Loaded environment from uEnv.txt
Importing environment from mmc ...
Checking if uenvcmd is set ...
gpio: pin 56 (gpio 56) value is 1
Running uenvcmd ...
cpsw Waiting for PHY auto negotiation to complete. done
link up on port 0, speed 100, full duplex
Using cpsw device
TFTP from server 192.168.255.126; our IP address is 192.168.255.1
Filename 'zImage'.
Load address: 0x81000000
Loading: *T #################################################################
	 #################################################################
	 #################################################################
	 #################################################################
	 #################################################################
	 #################################################################
	 765.6 KiB/s
done
Bytes transferred = 5714864 (5733b0 hex)
link up on port 0, speed 100, full duplex
Using cpsw device
TFTP from server 192.168.255.126; our IP address is 192.168.255.1
Filename 'am335x-boneblack.dtb'.
Load address: 0x82000000
Loading: *#######
	 2.3 MiB/s
done
Bytes transferred = 98077 (17f1d hex)
Kernel image @ 0x81000000 [ 0x000000 - 0x5733b0 ]
## Flattened Device Tree blob at 82000000
   Booting using the fdt blob at 0x82000000
   Using Device Tree in place at 82000000, end 8201af1c

Starting kernel ...

[    0.000000] Booting Linux on physical CPU 0x0
[    0.000000] Linux version 6.18.0-rc6-next-20251119 (user01@drvtest01) (arm-none-eabi-gcc (Arm GNU Toolchain 14.2.Rel1 (Build arm-14.52)) 14.2.1 20241119, GNU ld (Arm GNU Toolchain 14.2.Rel1 (Build arm-14.52)) 2.43.1.20241119) #1 SMP Wed Nov 19 06:23:17 EET 2025
[    0.000000] CPU: ARMv7 Processor [413fc082] revision 2 (ARMv7), cr=10c5387d
[    0.000000] CPU: PIPT / VIPT nonaliasing data cache, VIPT aliasing instruction cache
[    0.000000] OF: fdt: Machine model: TI AM335x BeagleBone Black
[    0.000000] Memory policy: Data cache writeback
[    0.000000] cma: Reserved 16 MiB at 0x9e800000
[    0.000000] Zone ranges:
[    0.000000]   Normal   [mem 0x0000000080000000-0x000000009fdfffff]
[    0.000000]   HighMem  empty
[    0.000000] Movable zone start for each node
[    0.000000] Early memory node ranges
[    0.000000]   node   0: [mem 0x0000000080000000-0x000000009fdfffff]
[    0.000000] Initmem setup node 0 [mem 0x0000000080000000-0x000000009fdfffff]
[    0.000000] On node 0, zone Normal: 512 pages in unavailable ranges
[    0.000000] OF: reserved mem: Reserved memory: No reserved-memory node in the DT
[    0.000000] CPU: All CPU(s) started in SVC mode.
[    0.000000] AM335X ES2.1 (sgx neon)
[    0.000000] percpu: Embedded 17 pages/cpu s39948 r8192 d21492 u69632
[    0.000000] Kernel command line: console=ttyO0,115200n8 root=/dev/nfs rw nfsroot=192.168.255.126:/home/user01/nfs,nfsvers=3 ip=192.168.255.1:192.168.255.126::255.255.255.0:bbb1:eth0 nfsrootdebug
[    0.000000] Unknown kernel command line parameters "nfsrootdebug", will be passed to user space.
[    0.000000] printk: log buffer data + meta data: 65536 + 204800 = 270336 bytes
[    0.000000] Dentry cache hash table entries: 65536 (order: 6, 262144 bytes, linear)
[    0.000000] Inode-cache hash table entries: 32768 (order: 5, 131072 bytes, linear)
[    0.000000] Built 1 zonelists, mobility grouping on.  Total pages: 130560
[    0.000000] mem auto-init: stack:off, heap alloc:off, heap free:off
[    0.000000] SLUB: HWalign=16, Order=0-3, MinObjects=0, CPUs=1, Nodes=1
[    0.000000] rcu: Hierarchical RCU implementation.
[    0.000000] rcu: 	RCU event tracing is enabled.
[    0.000000] rcu: 	RCU restricting CPUs from NR_CPUS=2 to nr_cpu_ids=1.
[    0.000000] 	Tracing variant of Tasks RCU enabled.
[    0.000000] rcu: RCU calculated value of scheduler-enlistment delay is 10 jiffies.
[    0.000000] rcu: Adjusting geometry for rcu_fanout_leaf=16, nr_cpu_ids=1
[    0.000000] RCU Tasks Trace: Setting shift to 0 and lim to 1 rcu_task_cb_adjust=1 rcu_task_cpu_ids=1.
[    0.000000] NR_IRQS: 16, nr_irqs: 16, preallocated irqs: 16
[    0.000000] IRQ: Found an INTC at 0x(ptrval) (revision 5.0) with 128 interrupts
[    0.000000] rcu: srcu_init: Setting srcu_struct sizes based on contention.
[    0.000000] TI gptimer clocksource: always-on /ocp/interconnect@44c00000/segment@200000/target-module@31000
[    0.000003] sched_clock: 32 bits at 24MHz, resolution 41ns, wraps every 89478484971ns
[    0.000026] clocksource: dmtimer: mask: 0xffffffff max_cycles: 0xffffffff, max_idle_ns: 79635851949 ns
[    0.000567] TI gptimer clockevent: 24000000 Hz at /ocp/interconnect@48000000/segment@0/target-module@40000
[    0.002130] Console: colour dummy device 80x30
[    0.002199] WARNING: Your 'console=ttyO0' has been replaced by 'ttyS0'
[    0.002208] This ensures that you still see kernel messages. Please
[    0.002212] update your kernel commandline.
[    0.002255] Calibrating delay loop... 996.14 BogoMIPS (lpj=4980736)
[    0.090681] CPU: Testing write buffer coherency: ok
[    0.090764] CPU0: Spectre v2: using BPIALL workaround
[    0.090772] pid_max: default: 32768 minimum: 301
[    0.091087] Mount-cache hash table entries: 1024 (order: 0, 4096 bytes, linear)
[    0.091105] Mountpoint-cache hash table entries: 1024 (order: 0, 4096 bytes, linear)
[    0.092711] CPU0: thread -1, cpu 0, socket -1, mpidr 0
[    0.092766] cacheinfo: Unable to detect cache hierarchy for CPU 0
[    0.094781] Setting up static identity map for 0x80100000 - 0x80100078
[    0.095100] rcu: Hierarchical SRCU implementation.
[    0.095110] rcu: 	Max phase no-delay instances is 1000.
[    0.096855] smp: Bringing up secondary CPUs ...
[    0.096909] smp: Brought up 1 node, 1 CPU
[    0.096922] SMP: Total of 1 processors activated (996.14 BogoMIPS).
[    0.096934] CPU: All CPU(s) started in SVC mode.
[    0.097182] Memory: 479964K/522240K available (12288K kernel code, 1231K rwdata, 2956K rodata, 1024K init, 256K bss, 24364K reserved, 16384K cma-reserved, 0K highmem)
[    0.098041] devtmpfs: initialized
[    0.115493] VFP support v0.3: implementor 41 architecture 3 part 30 variant c rev 3
[    0.116170] clocksource: jiffies: mask: 0xffffffff max_cycles: 0xffffffff, max_idle_ns: 19112604462750000 ns
[    0.116225] posixtimers hash table entries: 512 (order: 0, 4096 bytes, linear)
[    0.116252] futex hash table entries: 256 (16384 bytes on 1 NUMA nodes, total 16 KiB, linear).
[    0.119443] NET: Registered PF_NETLINK/PF_ROUTE protocol family
[    0.122560] DMA: preallocated 256 KiB pool for atomic coherent allocations
[    0.123537] audit: initializing netlink subsys (disabled)
[    0.124905] thermal_sys: Registered thermal governor 'fair_share'
[    0.124919] thermal_sys: Registered thermal governor 'step_wise'
[    0.124927] thermal_sys: Registered thermal governor 'user_space'
[    0.125035] audit: type=2000 audit(0.120:1): state=initialized audit_enabled=0 res=1
[    0.125105] cpuidle: using governor menu
[    0.143224] /ocp/interconnect@44c00000/segment@200000/target-module@b000/i2c@0/tda19988@70: Fixed dependency cycle(s) with /ocp/interconnect@48000000/segment@300000/target-module@e000/lcdc@0
[    0.144305] /ocp/interconnect@48000000/segment@300000/target-module@e000/lcdc@0: Fixed dependency cycle(s) with /ocp/interconnect@44c00000/segment@200000/target-module@b000/i2c@0/tda19988@70
[    0.146505] No ATAGs?
[    0.146542] hw-breakpoint: debug architecture 0x4 unsupported.
[    0.149176] kprobes: kprobe jump-optimization is enabled. All kprobes are optimized if possible.
[    0.163810] iommu: Default domain type: Translated
[    0.163833] iommu: DMA domain TLB invalidation policy: strict mode
[    0.166605] SCSI subsystem initialized
[    0.167435] pps_core: LinuxPPS API ver. 1 registered
[    0.167445] pps_core: Software ver. 5.3.6 - Copyright 2005-2007 Rodolfo Giometti <giometti@linux.it>
[    0.167470] PTP clock support registered
[    0.171106] vgaarb: loaded
[    0.180837] clocksource: Switched to clocksource dmtimer
[    0.181474] VFS: Disk quotas dquot_6.6.0
[    0.181539] VFS: Dquot-cache hash table entries: 1024 (order 0, 4096 bytes)
[    0.206156] NET: Registered PF_INET protocol family
[    0.206488] IP idents hash table entries: 8192 (order: 4, 65536 bytes, linear)
[    0.207916] tcp_listen_portaddr_hash hash table entries: 512 (order: 0, 4096 bytes, linear)
[    0.207952] Table-perturb hash table entries: 65536 (order: 6, 262144 bytes, linear)
[    0.207970] TCP established hash table entries: 4096 (order: 2, 16384 bytes, linear)
[    0.208015] TCP bind hash table entries: 4096 (order: 4, 65536 bytes, linear)
[    0.208116] TCP: Hash tables configured (established 4096 bind 4096)
[    0.208236] UDP hash table entries: 256 (order: 2, 14336 bytes, linear)
[    0.208269] UDP-Lite hash table entries: 256 (order: 2, 14336 bytes, linear)
[    0.208483] NET: Registered PF_UNIX/PF_LOCAL protocol family
[    0.209756] RPC: Registered named UNIX socket transport module.
[    0.209777] RPC: Registered udp transport module.
[    0.209782] RPC: Registered tcp transport module.
[    0.209786] RPC: Registered tcp-with-tls transport module.
[    0.209791] RPC: Registered tcp NFSv4.1 backchannel transport module.
[    0.209816] PCI: CLS 0 bytes, default 64
[    0.211259] Initialise system trusted keyrings
[    0.222274] workingset: timestamp_bits=14 max_order=17 bucket_order=3
[    0.223726] NFS: Registering the id_resolver key type
[    0.223781] Key type id_resolver registered
[    0.223790] Key type id_legacy registered
[    0.223898] jffs2: version 2.2. (NAND) (SUMMARY)  Â© 2001-2006 Red Hat, Inc.
[    0.224449] Key type asymmetric registered
[    0.224465] Asymmetric key parser 'x509' registered
[    0.224537] io scheduler mq-deadline registered
[    0.224548] io scheduler kyber registered
[    0.224632] io scheduler bfq registered
[    0.226449] target-module@4b000000:target-module@140000:pmu@0:fck: device ID is greater than 24
[    0.227585] ledtrig-cpu: registered to indicate activity on CPUs
[    0.242264] Serial: 8250/16550 driver, 6 ports, IRQ sharing enabled
[    0.283182] brd: module loaded
[    0.304966] loop: module loaded
[    0.305885] mtdoops: mtd device (mtddev=name/number) must be supplied
[    0.308866] i2c_dev: i2c /dev entries driver
[    0.309883] cpuidle: enable-method property 'ti,am3352' found operations
[    0.310340] sdhci: Secure Digital Host Controller Interface driver
[    0.310350] sdhci: Copyright(c) Pierre Ossman
[    0.310530] sdhci-pltfm: SDHCI platform and OF driver helper
[    0.312226] hw perfevents: enabled with armv7_cortex_a8 PMU driver, 5 (8000000f) counters available
[    0.312758] Initializing XFRM netlink socket
[    0.312930] NET: Registered PF_INET6 protocol family
[    0.314947] Segment Routing with IPv6
[    0.315028] In-situ OAM (IOAM) with IPv6
[    0.315126] sit: IPv6, IPv4 and MPLS over IPv4 tunneling driver
[    0.316125] NET: Registered PF_PACKET protocol family
[    0.316143] PFKEY is deprecated and scheduled to be removed in 2027, please contact the netdev mailing list
[    0.316158] NET: Registered PF_KEY protocol family
[    0.316295] Key type dns_resolver registered
[    0.316518] ThumbEE CPU extension supported.
[    0.316538] Registering SWP/SWPB emulation handler
[    0.317057] omap_voltage_late_init: Voltage driver support not added
[    0.317714] SmartReflex Class3 initialized
[    0.364079] Loading compiled-in X.509 certificates
[    0.392268] /ocp/interconnect@44c00000/segment@200000/target-module@b000/i2c@0/tda19988@70: Fixed dependency cycle(s) with /ocp/interconnect@48000000/segment@300000/target-module@e000/lcdc@0
[    0.398689] /ocp/interconnect@44c00000/segment@200000/target-module@b000/i2c@0/tda19988@70: Fixed dependency cycle(s) with /ocp/interconnect@48000000/segment@300000/target-module@e000/lcdc@0
[    0.426401] /ocp/interconnect@44c00000/segment@200000/target-module@b000/i2c@0/tda19988@70: Fixed dependency cycle(s) with /ocp/interconnect@48000000/segment@300000/target-module@e000/lcdc@0
[    0.427281] /ocp/interconnect@44c00000/segment@200000/target-module@b000/i2c@0/tda19988@70: Fixed dependency cycle(s) with /ocp/interconnect@48000000/segment@300000/target-module@e000/lcdc@0
[    0.430760] /ocp/interconnect@44c00000/segment@200000/target-module@10000/scm@0/pinmux@800: Fixed dependency cycle(s) with /ocp/interconnect@44c00000/segment@200000/target-module@10000/scm@0/pinmux@800/clkout2-pins
[    0.431359] pinctrl-single 44e10800.pinmux: 142 pins, size 568
[    0.467677] /ocp/interconnect@48000000/segment@300000/target-module@e000/lcdc@0: Fixed dependency cycle(s) with /ocp/interconnect@44c00000/segment@200000/target-module@b000/i2c@0/tda19988@70
[    0.513017] OMAP GPIO hardware version 0.1
[    0.548695] omap_i2c 4819c000.i2c: bus 2 rev0.11 at 100 kHz
[    0.595630] 48000000.interconnect:segment@200000:target-module@0:mpu@0:fck: device ID is greater than 24
[    0.596547] /ocp/interconnect@48000000/segment@300000/target-module@e000/lcdc@0: Fixed dependency cycle(s) with /ocp/interconnect@44c00000/segment@200000/target-module@b000/i2c@0/tda19988@70
[    0.599410] /ocp/interconnect@48000000/segment@300000/target-module@e000/lcdc@0: Fixed dependency cycle(s) with /ocp/interconnect@44c00000/segment@200000/target-module@b000/i2c@0/tda19988@70
[    0.600111] /ocp/interconnect@44c00000/segment@200000/target-module@b000/i2c@0/tda19988@70: Fixed dependency cycle(s) with /ocp/interconnect@48000000/segment@300000/target-module@e000/lcdc@0
[    0.600285] /ocp/interconnect@48000000/segment@300000/target-module@e000/lcdc@0: Fixed dependency cycle(s) with /ocp/interconnect@44c00000/segment@200000/target-module@b000/i2c@0/tda19988@70
[    0.608891] sdhci-omap 481d8000.mmc: supply pbias not found, using dummy regulator
[    0.609644] sdhci-omap 481d8000.mmc: supply vqmmc not found, using dummy regulator
[    0.701282] davinci_mdio 4a101000.mdio: davinci mdio revision 1.6, bus freq 1000000
[    0.855928] davinci_mdio 4a101000.mdio: phy[0]: device 4a101000.mdio:00, driver SMSC LAN8710/LAN8720
[    0.856701] cpsw-switch 4a100000.switch: initialized cpsw ale version 1.4
[    0.856724] cpsw-switch 4a100000.switch: ALE Table size 1024, Policers 0
[    0.857089] cpsw-switch 4a100000.switch: cpts: overflow check period 500 (jiffies)
[    0.857110] cpsw-switch 4a100000.switch: CPTS: ref_clk_freq:250000000 calc_mult:2147483648 calc_shift:29 error:0 nsec/sec
[    0.857208] cpsw-switch 4a100000.switch: Detected MACID = 6c:ec:eb:68:de:78
[    0.859064] cpsw-switch 4a100000.switch: initialized (regs 0x4a100000, pool size 256) hw_ver:0019010C 1.12 (0)
[    0.890512] debugfs: '49000000.dma' already exists in 'dmaengine'
[    0.890557] edma 49000000.dma: TI EDMA DMA engine driver
[    0.930466] ti-sysc 44e31000.target-module: Failed to create device link (0x180) with supplier ocp for /ocp/interconnect@44c00000/segment@200000/target-module@31000/timer@0
[    0.930526] ti-sysc 48040000.target-module: Failed to create device link (0x180) with supplier ocp for /ocp/interconnect@48000000/segment@0/target-module@40000/timer@0
[    0.946566] 44e09000.serial: ttyS0 at MMIO 0x44e09000 (irq = 34, base_baud = 3000000) is a 8250
[    0.946685] printk: legacy console [ttyS0] enabled
[    2.452480] tps65217-pmic: Failed to locate of_node [id: -1]
[    2.458541] tps65217-bl: Failed to locate of_node [id: -1]
[    2.466031] platform tps65217-charger: DMA mask not set
[    2.473089] platform tps65217-pwrbutton: DMA mask not set
[    2.480902] tps65217 0-0024: TPS65217 ID 0xe version 1.2
[    2.486968] /ocp/interconnect@48000000/segment@300000/target-module@e000/lcdc@0: Fixed dependency cycle(s) with /ocp/interconnect@44c00000/segment@200000/target-module@b000/i2c@0/tda19988@70
[    2.504403] /ocp/interconnect@44c00000/segment@200000/target-module@b000/i2c@0/tda19988@70: Fixed dependency cycle(s) with /ocp/interconnect@48000000/segment@300000/target-module@e000/lcdc@0
[    2.521796] omap_i2c 44e0b000.i2c: bus 0 rev0.11 at 400 kHz
[    2.529837] omap_gpio 44e07000.gpio: Could not set line 6 debounce to 200000 microseconds (-22)
[    2.538721] sdhci-omap 48060000.mmc: Got CD GPIO
[    2.543765] sdhci-omap 48060000.mmc: supply pbias not found, using dummy regulator
[    2.554245] sdhci-omap 48060000.mmc: supply vqmmc not found, using dummy regulator
[    2.563402] sdhci-omap 481d8000.mmc: supply pbias not found, using dummy regulator
[    2.571890] sdhci-omap 481d8000.mmc: supply vqmmc not found, using dummy regulator
[    2.609178] mmc1: SDHCI controller on 481d8000.mmc [481d8000.mmc] using External DMA
[    2.617591] mmc0: SDHCI controller on 48060000.mmc [48060000.mmc] using External DMA
[    2.626422] cpsw-switch 4a100000.switch: starting ndev. mode: dual_mac
[    2.691758] mmc1: new high speed MMC card at address 0001
[    2.698591] mmcblk1: mmc1:0001 MMC04G 3.60 GiB
[    2.706384]  mmcblk1: p1 p2
[    2.710178] SMSC LAN8710/LAN8720 4a101000.mdio:00: attached PHY driver (mii_bus:phy_addr=4a101000.mdio:00, irq=POLL)
[    2.722797] mmcblk1boot0: mmc1:0001 MMC04G 2.00 MiB
[    2.736581] mmcblk1boot1: mmc1:0001 MMC04G 2.00 MiB
[    2.745258] mmcblk1rpmb: mmc1:0001 MMC04G 128 KiB, chardev (249:0)
[    2.795063] mmc0: new high speed SDHC card at address aaaa
[    2.801990] mmcblk0: mmc0:aaaa SE32G 29.7 GiB
[    2.810986]  mmcblk0: p1 p2
[    7.922250] cpsw-switch 4a100000.switch eth0: Link is Up - 100Mbps/Full - flow control off
[    7.951502] IP-Config: Complete:
[    7.954771]      device=eth0, hwaddr=6c:ec:eb:68:de:78, ipaddr=192.168.255.1, mask=255.255.255.0, gw=255.255.255.255
[    7.965417]      host=bbb1, domain=, nis-domain=(none)
[    7.970584]      bootserver=192.168.255.126, rootserver=192.168.255.126, rootpath=
[    7.971012] clk: Disabling unused clocks
[    7.982872] PM: genpd: Disabling unused power domains
[    7.988037] KTAP version 1
[    7.990760] 1..0
[    7.993576] check access for rdinit=/init failed: -2, ignoring
[    8.025422] VFS: Mounted root (nfs filesystem) on device 0:17.
[    8.032384] devtmpfs: mounted
[    8.036880] Freeing unused kernel image (initmem) memory: 1024K
[    8.043809] Run /sbin/init as init process
[    8.768395] systemd[1]: System time before build time, advancing clock.
[   10.291518] random: crng init done
[   10.324238] systemd[1]: systemd 232 running in system mode. (+PAM +AUDIT +SELINUX +IMA +APPARMOR +SMACK +SYSVINIT +UTMP +LIBCRYPTSETUP +GCRYPT +GNUTLS +ACL +XZ +LZ4 +SECCOMP +BLKID +ELFUTILS +KMOD +IDN)
[   10.343388] systemd[1]: Detected architecture arm.

Welcome to [1mDebian GNU/Linux 9 (stretch)[0m!

[   10.374596] systemd[1]: Set hostname to <arm>.
[   11.528724] systemd[1]: Listening on udev Control Socket.
[[0;32m  OK  [0m] Listening on udev Control Socket.
[   11.553001] systemd[1]: Created slice User and Session Slice.
[[0;32m  OK  [0m] Created slice User and Session Slice.
[   11.583395] systemd[1]: systemd-journald.socket: SO_PASSSEC failed: Operation not supported
[   11.592325] systemd[1]: systemd-journald.socket: SO_PASSSEC failed: Operation not supported
[   11.600907] systemd[1]: Listening on Journal Socket.
[[0;32m  OK  [0m] Listening on Journal Socket.
[   11.622449] systemd[1]: Started Forward Password Requests to Wall Directory Watch.
[[0;32m  OK  [0m] Started Forward Password Requests to Wall Directory Watch.
[   11.651847] systemd[1]: Reached target Remote File Systems.
[[0;32m  OK  [0m] Reached target Remote File Systems.
[[0;32m  OK  [0m] Listening on /dev/initctl Compatibility Named Pipe.
[[0;32m  OK  [0m] Listening on udev Kernel Socket.
[[0;32m  OK  [0m] Listening on Journal Audit Socket.
[[0;32m  OK  [0m] Listening on Journal Socket (/dev/log).
[[0;32m  OK  [0m] Listening on Syslog Socket.
[[0;32m  OK  [0m] Reached target Swap.
[[0;32m  OK  [0m] Started Dispatch Password Requests to Console Directory Watch.
[[0;32m  OK  [0m] Reached target Paths.
[[0;32m  OK  [0m] Reached target Encrypted Volumes.
[[0;32m  OK  [0m] Set up automount Arbitrary Executabâ€¦rmats File System Automount Point.
[[0;32m  OK  [0m] Created slice System Slice.
         Mounting POSIX Message Queue File System...
[[0;32m  OK  [0m] Reached target Slices.
[[0;32m  OK  [0m] Created slice system-serial\x2dgetty.slice.
         Starting Remount Root and Kernel File Systems...
         Starting Load Kernel Modules...
         Starting Create list of required stâ€¦ce nodes for the current kernel...
         Mounting Debug File System...
         Starting Journal Service...
[[0;32m  OK  [0m] Created slice system-getty.slice.
[[0;32m  OK  [0m] Mounted POSIX Message Queue File System.
[[0;32m  OK  [0m] Started Remount Root and Kernel File Systems.
[[0;32m  OK  [0m] Started Create list of required staâ€¦vice nodes for the current kernel.
[[0;32m  OK  [0m] Mounted Debug File System.
         Starting Create Static Device Nodes in /dev...
         Starting Load/Save Random Seed...
         Starting udev Coldplug all Devices...[   12.648858] omap_prm 44e00d00.prm: sync_state() pending due to 44d00000.cpu

[[0;32m  OK  [0m] Started Load Kernel Modules.
         Starting Apply Kernel Variables...
         Mounting Configuration File System...
[[0;32m  OK  [0m] Started Load/Save Random Seed.
[[0;32m  OK  [0m] Mounted Configuration File System.
[[0;32m  OK  [0m] Started Apply Kernel Variables.
[[0;32m  OK  [0m] Started Create Static Device Nodes in /dev.
[[0;32m  OK  [0m] Reached target Local File Systems (Pre).
[[0;32m  OK  [0m] Reached target Local File Systems.
         Starting Raise network interfaces...
         Starting udev Kernel Device Manager...
[[0;32m  OK  [0m] Started Journal Service.
         Starting Flush Journal to Persistent Storage...
[   14.163738] systemd-journald[103]: Received request to flush runtime journal from PID 1
[[0;32m  OK  [0m] Started Flush Journal to Persistent Storage.
         Starting Create Volatile Files and Directories...
[[0;32m  OK  [0m] Started udev Kernel Device Manager.
[[0;32m  OK  [0m] Started Create Volatile Files and Directories.
         Starting Update UTMP about System Boot/Shutdown...
         Starting Network Time Synchronization...
[[0;32m  OK  [0m] Started Update UTMP about System Boot/Shutdown.
[[0;32m  OK  [0m] Started udev Coldplug all Devices.
[   17.392351] omap_rtc 44e3e000.rtc: registered as rtc0
[   17.397529] omap_rtc 44e3e000.rtc: setting system clock to 2000-01-01T00:00:01 UTC (946684801)
[   17.409860] remoteproc remoteproc0: wkup_m3 is available
[   17.737006] omap_wdt: OMAP Watchdog Timer Rev 0x01: initial timeout 60 sec
[   17.970797] am335x-phy-driver 47401300.usb-phy: dummy supplies not allowed for exclusive requests (id=vbus)
[   18.045013] at24 2-0054: supply vcc not found, using dummy regulator
[   18.135995] am335x-phy-driver 47401b00.usb-phy: dummy supplies not allowed for exclusive requests (id=vbus)
[   18.151381] at24 2-0055: supply vcc not found, using dummy regulator
[   18.174230] usbcore: registered new interface driver usbfs
[   18.179866] usbcore: registered new interface driver hub
[   18.185513] usbcore: registered new device driver usb
[[0;32m  OK  [0m] Found device /dev/ttyS0.
[[0;32m  OK  [0m] Started Network Time Synchronization.
[   18.282831] at24 2-0056: supply vcc not found, using dummy regulator
[   18.296189] input: tps65217_pwrbutton as /devices/platform/ocp/44c00000.interconnect/44c00000.interconnect:segment@200000/44e0b000.target-module/44e0b000.i2c/i2c-0/0-0024/tps65217-pwrbutton/input/input0
[[0;32m  OK  [0m] Reached target System Initialization.
[   18.474513] at24 2-0057: supply vcc not found, using dummy regulator
[   18.607010] at24 0-0050: 4096 byte 24c32 EEPROM, writable, 1 bytes/write
[[0;32m  OK  [0m] Listening on Avahi mDNS/DNS-SD Stack Activation Socket.
[[0;32m  OK  [0m] Started Daily Cleanup of Temporary Directories.
[[0;32m  OK  [0m] Listening on D-Bus System Message Bus Socket.
[[0;32m  OK  [0m] Reached target Sockets.
[[0;32m  OK  [0m] Reached target Basic System.
[[0;32m  OK  [0m] Started D-Bus System Message Bus.
[   19.549483] musb-hdrc musb-hdrc.1: MUSB HDRC host driver
[   19.555159] musb-hdrc musb-hdrc.1: new USB bus registered, assigned bus number 1
[   19.768938] usb usb1: New USB device found, idVendor=1d6b, idProduct=0002, bcdDevice= 6.18
[   19.777485] usb usb1: New USB device strings: Mfr=3, Product=2, SerialNumber=1
[   19.784829] usb usb1: Product: MUSB HDRC host driver
[   19.789824] usb usb1: Manufacturer: Linux 6.18.0-rc6-next-20251119 musb-hcd
[   19.796850] usb usb1: SerialNumber: musb-hdrc.1
[   20.162697] hub 1-0:1.0: USB hub found
[   20.201742] hub 1-0:1.0: 1 port detected
[   20.303406] tda998x 0-0070: found TDA19988
[   20.874340] omap-mailbox 480c8000.mailbox: omap mailbox rev 0x400
[   20.899844] remoteproc remoteproc0: powering up wkup_m3
[   21.004786] remoteproc remoteproc0: Direct firmware load for am335x-pm-firmware.elf failed with error -2
[   21.014638] remoteproc remoteproc0: request_firmware failed: -2
[   21.020606] wkup_m3_ipc 44e11324.wkup_m3_ipc: rproc_boot failed
[   22.857556] omap_rng 48310000.rng: Random Number Generator ver. 20
         Starting Connection service...
         Starting LSB: Start busybox udhcpd at boot time...
[   23.159959] tilcdc 4830e000.lcdc: bound 0-0070 (ops tda998x_driver_exit [tda998x])
         Starting Login Service...
[   23.263932] [drm] Initialized tilcdc 1.0.0 for 4830e000.lcdc on minor 0
         Starting System Logging Service...
[   23.378394] tilcdc 4830e000.lcdc: [drm] Cannot find any crtc or sizes
[   23.408914] tilcdc 4830e000.lcdc: [drm] Cannot find any crtc or sizes
         Starting Avahi mDNS/DNS-SD Stack...
         Starting Cape Manager Service...
         Starting DUN service...
         Starting Telephony service...
[[0;32m  OK  [0m] Started Regular background program processing daemon.
         Starting Generic Board Startup...
         Starting LSB: Load kernel modules needed to enable cpufreq scaling...
[[0;32m  OK  [0m] Reached target System Time Synchronized.
[[0;32m  OK  [0m] Started Daily apt download activities.
[[0;32m  OK  [0m] Started Daily apt upgrade and clean activities.
[   24.823925] PM: Cannot get wkup_m3_ipc handle
[[0;32m  OK  [0m] Reached target Timers.
[   25.054810] omap-sham 53100000.sham: hw accel on OMAP rev 4.3
[   25.151965] omap-sham 53100000.sham: will run requests pump with realtime priority
[   25.162325] PM: Cannot get wkup_m3_ipc handle
[   25.488426] omap-aes 53500000.aes: OMAP AES hw accel rev: 3.2
[   25.567059] omap-aes 53500000.aes: will run requests pump with realtime priority
[   25.577139] PM: Cannot get wkup_m3_ipc handle
[[0;32m  OK  [0m] Started System Logging Service.
[[0;32m  OK  [0m] Started Cape Manager Service.
[   27.295542] ------------[ cut here ]------------
[   27.300244] WARNING: net/8021q/vlan_core.c:236 at vlan_for_each+0x114/0x134, CPU#0: avahi-daemon/317
[   27.309606] RTNL: assertion failed at net/8021q/vlan_core.c (236)
[   27.315786] Modules linked in: ecdh_generic ecc snd_soc_simple_card omap_aes_driver snd_soc_simple_card_utils omap_crypto omap_sham libaes pm33xx crypto_engine ti_emif_sram tilcdc drm_dma_helper omap_rng drm_client_lib rng_core snd_soc_davinci_mcasp snd_soc_ti_udma snd_soc_ti_edma snd_soc_ti_sdma snd_soc_core snd_pcm_dmaengine omap_mailbox snd_pcm snd_timer snd tda998x soundcore cec drm_kms_helper musb_dsps drm musb_hdrc wkup_m3_ipc udc_core tps65218_pwrbutton drm_panel_orientation_quirks usbcore at24 phy_am335x omap_wdt phy_am335x_control phy_generic watchdog usb_common wkup_m3_rproc cppi41 rtc_omap leds_gpio cpufreq_dt led_class autofs4
[   27.372962] CPU: 0 UID: 107 PID: 317 Comm: avahi-daemon Not tainted 6.18.0-rc6-next-20251119 #1 NONE 
[   27.372980] Hardware name: Generic AM33XX (Flattened Device Tree)
[   27.372988] Call trace: 
[   27.373005]  unwind_backtrace from show_stack+0x10/0x14
[   27.373044]  show_stack from dump_stack_lvl+0x50/0x64
[   27.373069]  dump_stack_lvl from __warn+0x88/0x148
[   27.373088]  __warn from warn_slowpath_fmt+0x19c/0x1b0
[   27.373100]  warn_slowpath_fmt from vlan_for_each+0x114/0x134
[   27.373119]  vlan_for_each from cpsw_add_mc_addr+0x40/0xa4
[   27.373151]  cpsw_add_mc_addr from __hw_addr_ref_sync_dev+0x108/0x140
[   27.373179]  __hw_addr_ref_sync_dev from __dev_mc_add+0x7c/0x80
[   27.373198]  __dev_mc_add from igmp6_group_added+0xc8/0xe0
[   27.373219]  igmp6_group_added from __ipv6_dev_mc_inc+0x218/0x364
[   27.373233]  __ipv6_dev_mc_inc from __ipv6_sock_mc_join+0x11c/0x1c0
[   27.373247]  __ipv6_sock_mc_join from do_ipv6_setsockopt+0x1214/0x1310
[   27.373271]  do_ipv6_setsockopt from ipv6_setsockopt+0x60/0xcc
[   27.373289]  ipv6_setsockopt from udpv6_setsockopt+0x2c/0x6c
[   27.373310]  udpv6_setsockopt from sock_common_setsockopt+0x30/0x40
[   27.373335]  sock_common_setsockopt from do_sock_setsockopt+0x50/0x9c
[   27.373353]  do_sock_setsockopt from __sys_setsockopt+0x70/0xbc
[   27.373368]  __sys_setsockopt from ret_fast_syscall+0x0/0x58
[   27.373383] Exception stack(0xe02d5fa8 to 0xe02d5ff0)
[   27.373398] 5fa0:                   00000014 b6fe6ce8 0000000d 00000029 00000014 be9e49ec
[   27.373409] 5fc0: 00000014 b6fe6ce8 00000014 00000126 0000000d b6f8fff4 004be988 004a6558
[   27.373418] 5fe0: b6fa5088 be9e49d8 b6f82309 b6e5941a
[   27.373425] ---[ end trace 0000000000000000 ]---
[   28.278593] Bluetooth: Core ver 2.22
[   28.282517] NET: Registered PF_BLUETOOTH protocol family
[   28.287864] Bluetooth: HCI device and connection manager initialized
[   28.294422] Bluetooth: HCI socket layer initialized
[   28.299341] Bluetooth: L2CAP socket layer initialized
[   28.304491] Bluetooth: SCO socket layer initialized
[   28.761436] PM: Cannot get wkup_m3_ipc handle
[   28.933142] PM: Cannot get wkup_m3_ipc handle
[   29.020196] gpio-537 (nxp,calib): gpiod_direction_output_nonotify: tried to set a GPIO tied to an IRQ as output
[   29.181761] tda9950 0-0034: TDA9950 CEC interface, hardware version 3.3
[   29.256335] PM: Cannot get wkup_m3_ipc handle
[[0;32m  OK  [0m] Started Raise network interfaces.
[[0;32m  OK  [0m] Started LSB: Start busybox udhcpd at boot time.
[[0;32m  OK  [0m] Started LSB: Load kernel modules needed to enable cpufreq scaling.
[[0;32m  OK  [0m] Started DUN service.
[[0;32m  OK  [0m] Started Telephony service.
[[0;32m  OK  [0m] Started Avahi mDNS/DNS-SD Stack.
[[0;32m  OK  [0m] Started Connection service.
[[0;32m  OK  [0m] Started Login Service.
[   33.030194] configfs-gadget.g_multi gadget.0: HOST MAC 1c:ba:8c:a2:ed:6c
[   33.037233] configfs-gadget.g_multi gadget.0: MAC 1c:ba:8c:a2:ed:70
[   33.044597] configfs-gadget.g_multi gadget.0: HOST MAC 1c:ba:8c:a2:ed:6c
[   33.051360] configfs-gadget.g_multi gadget.0: MAC 1c:ba:8c:a2:ed:6d
[   33.062227] PM: Cannot get wkup_m3_ipc handle
         Starting Hostname Service...
         Starting WPA supplicant...
[[0;32m  OK  [0m] Reached target Sound Card.
         Starting LSB: set CPUFreq kernel parameters...
[[0;32m  OK  [0m] Started WPA supplicant.
[[0;32m  OK  [0m] Started Hostname Service.
[[0;32m  OK  [0m] Reached target Network.
         Starting The Apache HTTP Server...
[[0;32m  OK  [0m] Reached target Network is Online.
         Starting LSB: Advanced IEEE 802.11 management daemon...
         Starting OpenBSD Secure Shell server...
         Starting Permit User Sessions...
[[0;32m  OK  [0m] Started LSB: Advanced IEEE 802.11 management daemon.
[[0;32m  OK  [0m] Started LSB: set CPUFreq kernel parameters.
[[0;32m  OK  [0m] Started Permit User Sessions.
[[0;32m  OK  [0m] Started Serial Getty on ttyS0.
[[0;32m  OK  [0m] Started Getty on tty1.
[[0;32m  OK  [0m] Reached target Login Prompts.
[[0;32m  OK  [0m] Started OpenBSD Secure Shell server.
         Stopping LSB: Start busybox udhcpd at boot time...
[[0;32m  OK  [0m] Stopped LSB: Start busybox udhcpd at boot time.
[[0;32m  OK  [0m] Started The Apache HTTP Server.
         Starting dnsmasq - A lightweight DHCP and caching DNS server...
[[0;32m  OK  [0m] Started dnsmasq - A lightweight DHCP and caching DNS server.
[[0;32m  OK  [0m] Reached target Host and Network Name Lookups.
[[0;32m  OK  [0m] Started Serial Getty on ttyGS0.
[[0;32m  OK  [0m] Started Generic Board Startup.
[[0;32m  OK  [0m] Reached target Multi-User System.
[[0;32m  OK  [0m] Reached target Graphical Interface.
         Starting Update UTMP about System Runlevel Changes...
[[0;32m  OK  [0m] Started Update UTMP about System Runlevel Changes.

Debian GNU/Linux 9 arm ttyS0

default username:password is [debian:temppwd]

arm login: root
Password: 
Last login: Sat Jan  1 00:00:39 UTC 2000 on ttyS0
root
Linux arm 6.18.0-rc6-next-20251119 #1 SMP Wed Nov 19 06:23:17 EET 2025 armv7l

The programs included with the Debian GNU/Linux system are free software;
the exact distribution terms for each program are described in the
individual files in /usr/share/doc/*/copyright.

Debian GNU/Linux comes with ABSOLUTELY NO WARRANTY, to the extent
permitted by applicable law.
root@arm:~# root
dmesg -n 1
-bash: root: command not found
root@arm:~# dmesg -n 1
root@arm:~# echo 'HWQP''SBYEBP'
HWQPSBYEBP
root@arm:~# run() { echo -n "$MARKER"; sh -c "$@"; echo "$MARKER $?"; }
root@arm:~# echo 'MCYX''VLCEFU'
MCYXVLCEFU
root@arm:~# MARKER='FQXO''CXEFUN' run 'cat /proc/version'
FQXOCXEFUNLinux version 6.18.0-rc6-next-20251119 (user01@drvtest01) (arm-none-eabi-gcc (Arm GNU Toolchain 14.2.Rel1 (Build arm-14.52)) 14.2.1 20241119, GNU ld (Arm GNU Toolchain 14.2.Rel1 (Build arm-14.52)) 2.43.1.20241119) #1 SMP Wed Nov 19 06:23:17 EET 2025
FQXOCXEFUN 0
root@arm:~# echo 'TFWX''PNAVFU'
TFWXPNAVFU
root@arm:~# MARKER='EZBN''QLVWFV' run false
EZBNQLVWFVEZBNQLVWFV 1
root@arm:~# Labgrid Console Logfile for main
Logfile started at 2025-11-19 06:27:59.624559
=== Log starts here ===

root@arm:~# run() { echo -n "$MARKER"; sh -c "$@"; echo "$MARKER $?"; }
root@arm:~# echo 'ZOZU''WMTQPE'
ZOZUWMTQPE
root@arm:~# MARKER='SPGM''EJTUPF' run 'ls /iio_generic_buffer; echo $?'
SPGMEJTUPF/iio_generic_buffer
0
SPGMEJTUPF 0
root@arm:~# Labgrid Console Logfile for main
Logfile started at 2025-11-19 06:28:03.027336
=== Log starts here ===

root@arm:~# run() { echo -n "$MARKER"; sh -c "$@"; echo "$MARKER $?"; }
root@arm:~# echo 'JWHY''GSOFVZ'
JWHYGSOFVZ
root@arm:~# MARKER='SEWE''HTTBZC' run dmesg
SEWEHTTBZC[    0.000000] Booting Linux on physical CPU 0x0
[    0.000000] Linux version 6.18.0-rc6-next-20251119 (user01@drvtest01) (arm-none-eabi-gcc (Arm GNU Toolchain 14.2.Rel1 (Build arm-14.52)) 14.2.1 20241119, GNU ld (Arm GNU Toolchain 14.2.Rel1 (Build arm-14.52)) 2.43.1.20241119) #1 SMP Wed Nov 19 06:23:17 EET 2025
[    0.000000] CPU: ARMv7 Processor [413fc082] revision 2 (ARMv7), cr=10c5387d
[    0.000000] CPU: PIPT / VIPT nonaliasing data cache, VIPT aliasing instruction cache
[    0.000000] OF: fdt: Machine model: TI AM335x BeagleBone Black
[    0.000000] Memory policy: Data cache writeback
[    0.000000] cma: Reserved 16 MiB at 0x9e800000
[    0.000000] Zone ranges:
[    0.000000]   Normal   [mem 0x0000000080000000-0x000000009fdfffff]
[    0.000000]   HighMem  empty
[    0.000000] Movable zone start for each node
[    0.000000] Early memory node ranges
[    0.000000]   node   0: [mem 0x0000000080000000-0x000000009fdfffff]
[    0.000000] Initmem setup node 0 [mem 0x0000000080000000-0x000000009fdfffff]
[    0.000000] On node 0, zone Normal: 512 pages in unavailable ranges
[    0.000000] OF: reserved mem: Reserved memory: No reserved-memory node in the DT
[    0.000000] CPU: All CPU(s) started in SVC mode.
[    0.000000] AM335X ES2.1 (sgx neon)
[    0.000000] percpu: Embedded 17 pages/cpu s39948 r8192 d21492 u69632
[    0.000000] pcpu-alloc: s39948 r8192 d21492 u69632 alloc=17*4096
[    0.000000] pcpu-alloc: [0] 0 
[    0.000000] Kernel command line: console=ttyO0,115200n8 root=/dev/nfs rw nfsroot=192.168.255.126:/home/user01/nfs,nfsvers=3 ip=192.168.255.1:192.168.255.126::255.255.255.0:bbb1:eth0 nfsrootdebug
[    0.000000] Unknown kernel command line parameters "nfsrootdebug", will be passed to user space.
[    0.000000] printk: log buffer data + meta data: 65536 + 204800 = 270336 bytes
[    0.000000] Dentry cache hash table entries: 65536 (order: 6, 262144 bytes, linear)
[    0.000000] Inode-cache hash table entries: 32768 (order: 5, 131072 bytes, linear)
[    0.000000] Built 1 zonelists, mobility grouping on.  Total pages: 130560
[    0.000000] mem auto-init: stack:off, heap alloc:off, heap free:off
[    0.000000] SLUB: HWalign=16, Order=0-3, MinObjects=0, CPUs=1, Nodes=1
[    0.000000] rcu: Hierarchical RCU implementation.
[    0.000000] rcu: 	RCU event tracing is enabled.
[    0.000000] rcu: 	RCU restricting CPUs from NR_CPUS=2 to nr_cpu_ids=1.
[    0.000000] 	Tracing variant of Tasks RCU enabled.
[    0.000000] rcu: RCU calculated value of scheduler-enlistment delay is 10 jiffies.
[    0.000000] rcu: Adjusting geometry for rcu_fanout_leaf=16, nr_cpu_ids=1
[    0.000000] RCU Tasks Trace: Setting shift to 0 and lim to 1 rcu_task_cb_adjust=1 rcu_task_cpu_ids=1.
[    0.000000] NR_IRQS: 16, nr_irqs: 16, preallocated irqs: 16
[    0.000000] IRQ: Found an INTC at 0x(ptrval) (revision 5.0) with 128 interrupts
[    0.000000] rcu: srcu_init: Setting srcu_struct sizes based on contention.
[    0.000000] TI gptimer clocksource: always-on /ocp/interconnect@44c00000/segment@200000/target-module@31000
[    0.000003] sched_clock: 32 bits at 24MHz, resolution 41ns, wraps every 89478484971ns
[    0.000026] clocksource: dmtimer: mask: 0xffffffff max_cycles: 0xffffffff, max_idle_ns: 79635851949 ns
[    0.000567] TI gptimer clockevent: 24000000 Hz at /ocp/interconnect@48000000/segment@0/target-module@40000
[    0.002130] Console: colour dummy device 80x30
[    0.002199] WARNING: Your 'console=ttyO0' has been replaced by 'ttyS0'
[    0.002208] This ensures that you still see kernel messages. Please
[    0.002212] update your kernel commandline.
[    0.002255] Calibrating delay loop... 996.14 BogoMIPS (lpj=4980736)
[    0.090681] CPU: Testing write buffer coherency: ok
[    0.090764] CPU0: Spectre v2: using BPIALL workaround
[    0.090772] pid_max: default: 32768 minimum: 301
[    0.091087] Mount-cache hash table entries: 1024 (order: 0, 4096 bytes, linear)
[    0.091105] Mountpoint-cache hash table entries: 1024 (order: 0, 4096 bytes, linear)
[    0.092711] CPU0: thread -1, cpu 0, socket -1, mpidr 0
[    0.092766] cacheinfo: Unable to detect cache hierarchy for CPU 0
[    0.094781] Setting up static identity map for 0x80100000 - 0x80100078
[    0.095100] rcu: Hierarchical SRCU implementation.
[    0.095110] rcu: 	Max phase no-delay instances is 1000.
[    0.096855] smp: Bringing up secondary CPUs ...
[    0.096909] smp: Brought up 1 node, 1 CPU
[    0.096922] SMP: Total of 1 processors activated (996.14 BogoMIPS).
[    0.096934] CPU: All CPU(s) started in SVC mode.
[    0.097182] Memory: 479964K/522240K available (12288K kernel code, 1231K rwdata, 2956K rodata, 1024K init, 256K bss, 24364K reserved, 16384K cma-reserved, 0K highmem)
[    0.098041] devtmpfs: initialized
[    0.115493] VFP support v0.3: implementor 41 architecture 3 part 30 variant c rev 3
[    0.116170] clocksource: jiffies: mask: 0xffffffff max_cycles: 0xffffffff, max_idle_ns: 19112604462750000 ns
[    0.116225] posixtimers hash table entries: 512 (order: 0, 4096 bytes, linear)
[    0.116252] futex hash table entries: 256 (16384 bytes on 1 NUMA nodes, total 16 KiB, linear).
[    0.119443] NET: Registered PF_NETLINK/PF_ROUTE protocol family
[    0.122560] DMA: preallocated 256 KiB pool for atomic coherent allocations
[    0.123537] audit: initializing netlink subsys (disabled)
[    0.124905] thermal_sys: Registered thermal governor 'fair_share'
[    0.124919] thermal_sys: Registered thermal governor 'step_wise'
[    0.124927] thermal_sys: Registered thermal governor 'user_space'
[    0.125035] audit: type=2000 audit(0.120:1): state=initialized audit_enabled=0 res=1
[    0.125105] cpuidle: using governor menu
[    0.143224] /ocp/interconnect@44c00000/segment@200000/target-module@b000/i2c@0/tda19988@70: Fixed dependency cycle(s) with /ocp/interconnect@48000000/segment@300000/target-module@e000/lcdc@0
[    0.144305] /ocp/interconnect@48000000/segment@300000/target-module@e000/lcdc@0: Fixed dependency cycle(s) with /ocp/interconnect@44c00000/segment@200000/target-module@b000/i2c@0/tda19988@70
[    0.146505] No ATAGs?
[    0.146542] hw-breakpoint: debug architecture 0x4 unsupported.
[    0.149176] kprobes: kprobe jump-optimization is enabled. All kprobes are optimized if possible.
[    0.163810] iommu: Default domain type: Translated
[    0.163833] iommu: DMA domain TLB invalidation policy: strict mode
[    0.165406] reg-fixed-voltage fixedregulator0: using DT '/fixedregulator0' for '(default)' GPIO lookup
[    0.165460] of_get_named_gpiod_flags: can't parse 'gpios' property of node '/fixedregulator0[0]'
[    0.165489] of_get_named_gpiod_flags: can't parse 'gpio' property of node '/fixedregulator0[0]'
[    0.165507] reg-fixed-voltage fixedregulator0: using lookup tables for GPIO lookup
[    0.165517] reg-fixed-voltage fixedregulator0: No GPIO consumer (default) found
[    0.166605] SCSI subsystem initialized
[    0.167059] libata version 3.00 loaded.
[    0.167435] pps_core: LinuxPPS API ver. 1 registered
[    0.167445] pps_core: Software ver. 5.3.6 - Copyright 2005-2007 Rodolfo Giometti <giometti@linux.it>
[    0.167470] PTP clock support registered
[    0.171106] vgaarb: loaded
[    0.180837] clocksource: Switched to clocksource dmtimer
[    0.181474] VFS: Disk quotas dquot_6.6.0
[    0.181539] VFS: Dquot-cache hash table entries: 1024 (order 0, 4096 bytes)
[    0.206156] NET: Registered PF_INET protocol family
[    0.206488] IP idents hash table entries: 8192 (order: 4, 65536 bytes, linear)
[    0.207916] tcp_listen_portaddr_hash hash table entries: 512 (order: 0, 4096 bytes, linear)
[    0.207952] Table-perturb hash table entries: 65536 (order: 6, 262144 bytes, linear)
[    0.207970] TCP established hash table entries: 4096 (order: 2, 16384 bytes, linear)
[    0.208015] TCP bind hash table entries: 4096 (order: 4, 65536 bytes, linear)
[    0.208116] TCP: Hash tables configured (established 4096 bind 4096)
[    0.208236] UDP hash table entries: 256 (order: 2, 14336 bytes, linear)
[    0.208269] UDP-Lite hash table entries: 256 (order: 2, 14336 bytes, linear)
[    0.208483] NET: Registered PF_UNIX/PF_LOCAL protocol family
[    0.209756] RPC: Registered named UNIX socket transport module.
[    0.209777] RPC: Registered udp transport module.
[    0.209782] RPC: Registered tcp transport module.
[    0.209786] RPC: Registered tcp-with-tls transport module.
[    0.209791] RPC: Registered tcp NFSv4.1 backchannel transport module.
[    0.209816] PCI: CLS 0 bytes, default 64
[    0.211259] Initialise system trusted keyrings
[    0.222274] workingset: timestamp_bits=14 max_order=17 bucket_order=3
[    0.223726] NFS: Registering the id_resolver key type
[    0.223781] Key type id_resolver registered
[    0.223790] Key type id_legacy registered
[    0.223898] jffs2: version 2.2. (NAND) (SUMMARY)  Â© 2001-2006 Red Hat, Inc.
[    0.224449] Key type asymmetric registered
[    0.224465] Asymmetric key parser 'x509' registered
[    0.224537] io scheduler mq-deadline registered
[    0.224548] io scheduler kyber registered
[    0.224632] io scheduler bfq registered
[    0.226449] target-module@4b000000:target-module@140000:pmu@0:fck: device ID is greater than 24
[    0.227585] ledtrig-cpu: registered to indicate activity on CPUs
[    0.242264] Serial: 8250/16550 driver, 6 ports, IRQ sharing enabled
[    0.283182] brd: module loaded
[    0.304966] loop: module loaded
[    0.305885] mtdoops: mtd device (mtddev=name/number) must be supplied
[    0.307428] mdio_bus fixed-0: using lookup tables for GPIO lookup
[    0.307449] mdio_bus fixed-0: No GPIO consumer reset found
[    0.308866] i2c_dev: i2c /dev entries driver
[    0.309883] cpuidle: enable-method property 'ti,am3352' found operations
[    0.310340] sdhci: Secure Digital Host Controller Interface driver
[    0.310350] sdhci: Copyright(c) Pierre Ossman
[    0.310530] sdhci-pltfm: SDHCI platform and OF driver helper
[    0.312226] hw perfevents: enabled with armv7_cortex_a8 PMU driver, 5 (8000000f) counters available
[    0.312758] Initializing XFRM netlink socket
[    0.312930] NET: Registered PF_INET6 protocol family
[    0.314947] Segment Routing with IPv6
[    0.315028] In-situ OAM (IOAM) with IPv6
[    0.315126] sit: IPv6, IPv4 and MPLS over IPv4 tunneling driver
[    0.316125] NET: Registered PF_PACKET protocol family
[    0.316143] PFKEY is deprecated and scheduled to be removed in 2027, please contact the netdev mailing list
[    0.316158] NET: Registered PF_KEY protocol family
[    0.316295] Key type dns_resolver registered
[    0.316518] ThumbEE CPU extension supported.
[    0.316538] Registering SWP/SWPB emulation handler
[    0.317057] omap_voltage_late_init: Voltage driver support not added
[    0.317714] SmartReflex Class3 initialized
[    0.364079] Loading compiled-in X.509 certificates
[    0.392268] /ocp/interconnect@44c00000/segment@200000/target-module@b000/i2c@0/tda19988@70: Fixed dependency cycle(s) with /ocp/interconnect@48000000/segment@300000/target-module@e000/lcdc@0
[    0.398689] /ocp/interconnect@44c00000/segment@200000/target-module@b000/i2c@0/tda19988@70: Fixed dependency cycle(s) with /ocp/interconnect@48000000/segment@300000/target-module@e000/lcdc@0
[    0.404427] gpiochip_find_base_unlocked: found new base at 512
[    0.426401] /ocp/interconnect@44c00000/segment@200000/target-module@b000/i2c@0/tda19988@70: Fixed dependency cycle(s) with /ocp/interconnect@48000000/segment@300000/target-module@e000/lcdc@0
[    0.427281] /ocp/interconnect@44c00000/segment@200000/target-module@b000/i2c@0/tda19988@70: Fixed dependency cycle(s) with /ocp/interconnect@48000000/segment@300000/target-module@e000/lcdc@0
[    0.430760] /ocp/interconnect@44c00000/segment@200000/target-module@10000/scm@0/pinmux@800: Fixed dependency cycle(s) with /ocp/interconnect@44c00000/segment@200000/target-module@10000/scm@0/pinmux@800/clkout2-pins
[    0.431359] pinctrl-single 44e10800.pinmux: 142 pins, size 568
[    0.467677] /ocp/interconnect@48000000/segment@300000/target-module@e000/lcdc@0: Fixed dependency cycle(s) with /ocp/interconnect@44c00000/segment@200000/target-module@b000/i2c@0/tda19988@70
[    0.487582] gpiochip_find_base_unlocked: found new base at 512
[    0.487686] gpio gpiochip0: (gpio-0-31): created GPIO range 0->7 ==> 44e10800.pinmux PIN 0->7
[    0.487707] gpio gpiochip0: (gpio-0-31): created GPIO range 8->11 ==> 44e10800.pinmux PIN 90->93
[    0.487724] gpio gpiochip0: (gpio-0-31): created GPIO range 12->27 ==> 44e10800.pinmux PIN 12->27
[    0.487739] gpio gpiochip0: (gpio-0-31): created GPIO range 28->31 ==> 44e10800.pinmux PIN 30->33
[    0.512695] gpio gpiochip0: (gpio-0-31): added GPIO chardev (254:0)
[    0.512931] gpio gpiochip0: registered GPIOs 512 to 543 on gpio-0-31
[    0.513017] OMAP GPIO hardware version 0.1
[    0.547699] i2c i2c-2: using DT '/ocp/interconnect@48000000/segment@100000/target-module@9c000/i2c@0' for 'scl' GPIO lookup
[    0.547770] of_get_named_gpiod_flags: can't parse 'scl-gpios' property of node '/ocp/interconnect@48000000/segment@100000/target-module@9c000/i2c@0[0]'
[    0.547812] of_get_named_gpiod_flags: can't parse 'scl-gpio' property of node '/ocp/interconnect@48000000/segment@100000/target-module@9c000/i2c@0[0]'
[    0.547848] i2c i2c-2: using lookup tables for GPIO lookup
[    0.547858] i2c i2c-2: No GPIO consumer scl found
[    0.547880] i2c i2c-2: using DT '/ocp/interconnect@48000000/segment@100000/target-module@9c000/i2c@0' for 'sda' GPIO lookup
[    0.547914] of_get_named_gpiod_flags: can't parse 'sda-gpios' property of node '/ocp/interconnect@48000000/segment@100000/target-module@9c000/i2c@0[0]'
[    0.547951] of_get_named_gpiod_flags: can't parse 'sda-gpio' property of node '/ocp/interconnect@48000000/segment@100000/target-module@9c000/i2c@0[0]'
[    0.547982] i2c i2c-2: using lookup tables for GPIO lookup
[    0.547989] i2c i2c-2: No GPIO consumer sda found
[    0.548695] omap_i2c 4819c000.i2c: bus 2 rev0.11 at 100 kHz
[    0.554698] gpiochip_find_base_unlocked: found new base at 544
[    0.554804] gpio gpiochip1: (gpio-32-63): created GPIO range 0->17 ==> 44e10800.pinmux PIN 34->51
[    0.554825] gpio gpiochip1: (gpio-32-63): created GPIO range 18->21 ==> 44e10800.pinmux PIN 77->80
[    0.554841] gpio gpiochip1: (gpio-32-63): created GPIO range 22->31 ==> 44e10800.pinmux PIN 56->65
[    0.572422] gpio gpiochip1: (gpio-32-63): added GPIO chardev (254:1)
[    0.572651] gpio gpiochip1: registered GPIOs 544 to 575 on gpio-32-63
[    0.574954] gpiochip_find_base_unlocked: found new base at 576
[    0.575039] gpio gpiochip2: (gpio-64-95): created GPIO range 0->4 ==> 44e10800.pinmux PIN 66->70
[    0.575058] gpio gpiochip2: (gpio-64-95): created GPIO range 5->6 ==> 44e10800.pinmux PIN 98->99
[    0.575074] gpio gpiochip2: (gpio-64-95): created GPIO range 7->8 ==> 44e10800.pinmux PIN 75->76
[    0.575090] gpio gpiochip2: (gpio-64-95): created GPIO range 13->13 ==> 44e10800.pinmux PIN 141->141
[    0.575106] gpio gpiochip2: (gpio-64-95): created GPIO range 14->21 ==> 44e10800.pinmux PIN 100->107
[    0.589444] gpio gpiochip2: (gpio-64-95): added GPIO chardev (254:2)
[    0.589693] gpio gpiochip2: registered GPIOs 576 to 607 on gpio-64-95
[    0.595630] 48000000.interconnect:segment@200000:target-module@0:mpu@0:fck: device ID is greater than 24
[    0.596547] /ocp/interconnect@48000000/segment@300000/target-module@e000/lcdc@0: Fixed dependency cycle(s) with /ocp/interconnect@44c00000/segment@200000/target-module@b000/i2c@0/tda19988@70
[    0.599410] /ocp/interconnect@48000000/segment@300000/target-module@e000/lcdc@0: Fixed dependency cycle(s) with /ocp/interconnect@44c00000/segment@200000/target-module@b000/i2c@0/tda19988@70
[    0.600111] /ocp/interconnect@44c00000/segment@200000/target-module@b000/i2c@0/tda19988@70: Fixed dependency cycle(s) with /ocp/interconnect@48000000/segment@300000/target-module@e000/lcdc@0
[    0.600285] /ocp/interconnect@48000000/segment@300000/target-module@e000/lcdc@0: Fixed dependency cycle(s) with /ocp/interconnect@44c00000/segment@200000/target-module@b000/i2c@0/tda19988@70
[    0.608529] sdhci-omap 481d8000.mmc: using DT '/ocp/interconnect@48000000/segment@100000/target-module@d8000/mmc@0' for 'wp' GPIO lookup
[    0.608602] of_get_named_gpiod_flags: can't parse 'wp-gpios' property of node '/ocp/interconnect@48000000/segment@100000/target-module@d8000/mmc@0[0]'
[    0.608644] of_get_named_gpiod_flags: can't parse 'wp-gpio' property of node '/ocp/interconnect@48000000/segment@100000/target-module@d8000/mmc@0[0]'
[    0.608680] sdhci-omap 481d8000.mmc: using lookup tables for GPIO lookup
[    0.608689] sdhci-omap 481d8000.mmc: No GPIO consumer wp found
[    0.608891] sdhci-omap 481d8000.mmc: supply pbias not found, using dummy regulator
[    0.609644] sdhci-omap 481d8000.mmc: supply vqmmc not found, using dummy regulator
[    0.648276] mdio_bus 4a101000.mdio: using DT '/ocp/interconnect@4a000000/segment@0/target-module@100000/switch@0/mdio@1000' for 'reset' GPIO lookup
[    0.648355] of_get_named_gpiod_flags: can't parse 'reset-gpios' property of node '/ocp/interconnect@4a000000/segment@0/target-module@100000/switch@0/mdio@1000[0]'
[    0.648401] of_get_named_gpiod_flags: can't parse 'reset-gpio' property of node '/ocp/interconnect@4a000000/segment@0/target-module@100000/switch@0/mdio@1000[0]'
[    0.648447] mdio_bus 4a101000.mdio: using lookup tables for GPIO lookup
[    0.648457] mdio_bus 4a101000.mdio: No GPIO consumer reset found
[    0.701282] davinci_mdio 4a101000.mdio: davinci mdio revision 1.6, bus freq 1000000
[    0.723267] mdio_bus 4a101000.mdio:00: using DT '/ocp/interconnect@4a000000/segment@0/target-module@100000/switch@0/mdio@1000/ethernet-phy@0' for 'reset' GPIO lookup
[    0.723364] of_get_named_gpiod_flags: parsed 'reset-gpios' property of node '/ocp/interconnect@4a000000/segment@0/target-module@100000/switch@0/mdio@1000/ethernet-phy@0[0]' - status (0)
[    0.723519] gpio gpiochip0: Persistence not supported for GPIO 8
[    0.855928] davinci_mdio 4a101000.mdio: phy[0]: device 4a101000.mdio:00, driver SMSC LAN8710/LAN8720
[    0.856701] cpsw-switch 4a100000.switch: initialized cpsw ale version 1.4
[    0.856724] cpsw-switch 4a100000.switch: ALE Table size 1024, Policers 0
[    0.857089] cpsw-switch 4a100000.switch: cpts: overflow check period 500 (jiffies)
[    0.857110] cpsw-switch 4a100000.switch: CPTS: ref_clk_freq:250000000 calc_mult:2147483648 calc_shift:29 error:0 nsec/sec
[    0.857208] cpsw-switch 4a100000.switch: Detected MACID = 6c:ec:eb:68:de:78
[    0.859064] cpsw-switch 4a100000.switch: initialized (regs 0x4a100000, pool size 256) hw_ver:0019010C 1.12 (0)
[    0.890512] debugfs: '49000000.dma' already exists in 'dmaengine'
[    0.890557] edma 49000000.dma: TI EDMA DMA engine driver
[    0.930466] ti-sysc 44e31000.target-module: Failed to create device link (0x180) with supplier ocp for /ocp/interconnect@44c00000/segment@200000/target-module@31000/timer@0
[    0.930526] ti-sysc 48040000.target-module: Failed to create device link (0x180) with supplier ocp for /ocp/interconnect@48000000/segment@0/target-module@40000/timer@0
[    0.931654] gpio-clk clk_mcasp0: using DT '/clk_mcasp0' for 'enable' GPIO lookup
[    0.931730] of_get_named_gpiod_flags: parsed 'enable-gpios' property of node '/clk_mcasp0[0]' - status (0)
[    0.931773] gpio gpiochip0: Persistence not supported for GPIO 27
[    0.932555] gpiochip_find_base_unlocked: found new base at 608
[    0.932666] gpio gpiochip3: (gpio-96-127): created GPIO range 0->7 ==> 44e10800.pinmux PIN 82->89
[    0.932686] gpio gpiochip3: (gpio-96-127): created GPIO range 8->11 ==> 44e10800.pinmux PIN 52->55
[    0.932705] gpio gpiochip3: (gpio-96-127): created GPIO range 12->15 ==> 44e10800.pinmux PIN 94->97
[    0.932721] gpio gpiochip3: (gpio-96-127): created GPIO range 16->17 ==> 44e10800.pinmux PIN 71->72
[    0.932738] gpio gpiochip3: (gpio-96-127): created GPIO range 18->18 ==> 44e10800.pinmux PIN 135->135
[    0.932768] gpio gpiochip3: (gpio-96-127): created GPIO range 19->20 ==> 44e10800.pinmux PIN 108->109
[    0.932786] gpio gpiochip3: (gpio-96-127): created GPIO range 21->21 ==> 44e10800.pinmux PIN 73->73
[    0.932804] gpio gpiochip3: (gpio-96-127): created GPIO range 22->23 ==> 44e10800.pinmux PIN 8->9
[    0.932821] gpio gpiochip3: (gpio-96-127): created GPIO range 26->27 ==> 44e10800.pinmux PIN 10->11
[    0.932839] gpio gpiochip3: (gpio-96-127): created GPIO range 28->28 ==> 44e10800.pinmux PIN 74->74
[    0.932857] gpio gpiochip3: (gpio-96-127): created GPIO range 29->29 ==> 44e10800.pinmux PIN 81->81
[    0.932876] gpio gpiochip3: (gpio-96-127): created GPIO range 30->31 ==> 44e10800.pinmux PIN 28->29
[    0.943648] gpio gpiochip3: (gpio-96-127): added GPIO chardev (254:3)
[    0.943900] gpio gpiochip3: registered GPIOs 608 to 639 on gpio-96-127
[    0.945836] omap8250 44e09000.serial: using DT '/ocp/interconnect@44c00000/segment@200000/target-module@9000/serial@0' for 'rs485-term' GPIO lookup
[    0.945908] of_get_named_gpiod_flags: can't parse 'rs485-term-gpios' property of node '/ocp/interconnect@44c00000/segment@200000/target-module@9000/serial@0[0]'
[    0.945951] of_get_named_gpiod_flags: can't parse 'rs485-term-gpio' property of node '/ocp/interconnect@44c00000/segment@200000/target-module@9000/serial@0[0]'
[    0.945987] omap8250 44e09000.serial: using lookup tables for GPIO lookup
[    0.945997] omap8250 44e09000.serial: No GPIO consumer rs485-term found
[    0.946007] omap8250 44e09000.serial: using DT '/ocp/interconnect@44c00000/segment@200000/target-module@9000/serial@0' for 'rs485-rx-during-tx' GPIO lookup
[    0.946042] of_get_named_gpiod_flags: can't parse 'rs485-rx-during-tx-gpios' property of node '/ocp/interconnect@44c00000/segment@200000/target-module@9000/serial@0[0]'
[    0.946079] of_get_named_gpiod_flags: can't parse 'rs485-rx-during-tx-gpio' property of node '/ocp/interconnect@44c00000/segment@200000/target-module@9000/serial@0[0]'
[    0.946110] omap8250 44e09000.serial: using lookup tables for GPIO lookup
[    0.946118] omap8250 44e09000.serial: No GPIO consumer rs485-rx-during-tx found
[    0.946566] 44e09000.serial: ttyS0 at MMIO 0x44e09000 (irq = 34, base_baud = 3000000) is a 8250
[    0.946685] printk: legacy console [ttyS0] enabled
[    2.436099] i2c i2c-0: using DT '/ocp/interconnect@44c00000/segment@200000/target-module@b000/i2c@0' for 'scl' GPIO lookup
[    2.436187] of_get_named_gpiod_flags: can't parse 'scl-gpios' property of node '/ocp/interconnect@44c00000/segment@200000/target-module@b000/i2c@0[0]'
[    2.436233] of_get_named_gpiod_flags: can't parse 'scl-gpio' property of node '/ocp/interconnect@44c00000/segment@200000/target-module@b000/i2c@0[0]'
[    2.436273] i2c i2c-0: using lookup tables for GPIO lookup
[    2.436287] i2c i2c-0: No GPIO consumer scl found
[    2.436312] i2c i2c-0: using DT '/ocp/interconnect@44c00000/segment@200000/target-module@b000/i2c@0' for 'sda' GPIO lookup
[    2.436352] of_get_named_gpiod_flags: can't parse 'sda-gpios' property of node '/ocp/interconnect@44c00000/segment@200000/target-module@b000/i2c@0[0]'
[    2.436393] of_get_named_gpiod_flags: can't parse 'sda-gpio' property of node '/ocp/interconnect@44c00000/segment@200000/target-module@b000/i2c@0[0]'
[    2.436428] i2c i2c-0: using lookup tables for GPIO lookup
[    2.436440] i2c i2c-0: No GPIO consumer sda found
[    2.452480] tps65217-pmic: Failed to locate of_node [id: -1]
[    2.458541] tps65217-bl: Failed to locate of_node [id: -1]
[    2.466031] platform tps65217-charger: DMA mask not set
[    2.473089] platform tps65217-pwrbutton: DMA mask not set
[    2.480902] tps65217 0-0024: TPS65217 ID 0xe version 1.2
[    2.486968] /ocp/interconnect@48000000/segment@300000/target-module@e000/lcdc@0: Fixed dependency cycle(s) with /ocp/interconnect@44c00000/segment@200000/target-module@b000/i2c@0/tda19988@70
[    2.504403] /ocp/interconnect@44c00000/segment@200000/target-module@b000/i2c@0/tda19988@70: Fixed dependency cycle(s) with /ocp/interconnect@48000000/segment@300000/target-module@e000/lcdc@0
[    2.521796] omap_i2c 44e0b000.i2c: bus 0 rev0.11 at 400 kHz
[    2.529630] sdhci-omap 48060000.mmc: using DT '/ocp/interconnect@48000000/segment@0/target-module@60000/mmc@0' for 'cd' GPIO lookup
[    2.529746] of_get_named_gpiod_flags: parsed 'cd-gpios' property of node '/ocp/interconnect@48000000/segment@0/target-module@60000/mmc@0[0]' - status (0)
[    2.529812] gpio gpiochip3: Persistence not supported for GPIO 6
[    2.529837] omap_gpio 44e07000.gpio: Could not set line 6 debounce to 200000 microseconds (-22)
[    2.538721] sdhci-omap 48060000.mmc: Got CD GPIO
[    2.543401] sdhci-omap 48060000.mmc: using DT '/ocp/interconnect@48000000/segment@0/target-module@60000/mmc@0' for 'wp' GPIO lookup
[    2.543455] of_get_named_gpiod_flags: can't parse 'wp-gpios' property of node '/ocp/interconnect@48000000/segment@0/target-module@60000/mmc@0[0]'
[    2.543500] of_get_named_gpiod_flags: can't parse 'wp-gpio' property of node '/ocp/interconnect@48000000/segment@0/target-module@60000/mmc@0[0]'
[    2.543539] sdhci-omap 48060000.mmc: using lookup tables for GPIO lookup
[    2.543553] sdhci-omap 48060000.mmc: No GPIO consumer wp found
[    2.543765] sdhci-omap 48060000.mmc: supply pbias not found, using dummy regulator
[    2.552681] sdhci-omap 481d8000.mmc: using DT '/ocp/interconnect@48000000/segment@100000/target-module@d8000/mmc@0' for 'wp' GPIO lookup
[    2.552757] of_get_named_gpiod_flags: can't parse 'wp-gpios' property of node '/ocp/interconnect@48000000/segment@100000/target-module@d8000/mmc@0[0]'
[    2.552804] of_get_named_gpiod_flags: can't parse 'wp-gpio' property of node '/ocp/interconnect@48000000/segment@100000/target-module@d8000/mmc@0[0]'
[    2.552843] sdhci-omap 481d8000.mmc: using lookup tables for GPIO lookup
[    2.552856] sdhci-omap 481d8000.mmc: No GPIO consumer wp found
[    2.554245] sdhci-omap 48060000.mmc: supply vqmmc not found, using dummy regulator
[    2.563402] sdhci-omap 481d8000.mmc: supply pbias not found, using dummy regulator
[    2.571890] sdhci-omap 481d8000.mmc: supply vqmmc not found, using dummy regulator
[    2.609178] mmc1: SDHCI controller on 481d8000.mmc [481d8000.mmc] using External DMA
[    2.617591] mmc0: SDHCI controller on 48060000.mmc [48060000.mmc] using External DMA
[    2.626422] cpsw-switch 4a100000.switch: starting ndev. mode: dual_mac
[    2.691758] mmc1: new high speed MMC card at address 0001
[    2.698591] mmcblk1: mmc1:0001 MMC04G 3.60 GiB
[    2.706384]  mmcblk1: p1 p2
[    2.710178] SMSC LAN8710/LAN8720 4a101000.mdio:00: attached PHY driver (mii_bus:phy_addr=4a101000.mdio:00, irq=POLL)
[    2.722797] mmcblk1boot0: mmc1:0001 MMC04G 2.00 MiB
[    2.736581] mmcblk1boot1: mmc1:0001 MMC04G 2.00 MiB
[    2.745258] mmcblk1rpmb: mmc1:0001 MMC04G 128 KiB, chardev (249:0)
[    2.795063] mmc0: new high speed SDHC card at address aaaa
[    2.801990] mmcblk0: mmc0:aaaa SE32G 29.7 GiB
[    2.810986]  mmcblk0: p1 p2
[    7.922250] cpsw-switch 4a100000.switch eth0: Link is Up - 100Mbps/Full - flow control off
[    7.951502] IP-Config: Complete:
[    7.954771]      device=eth0, hwaddr=6c:ec:eb:68:de:78, ipaddr=192.168.255.1, mask=255.255.255.0, gw=255.255.255.255
[    7.965417]      host=bbb1, domain=, nis-domain=(none)
[    7.970584]      bootserver=192.168.255.126, rootserver=192.168.255.126, rootpath=
[    7.971012] clk: Disabling unused clocks
[    7.982872] PM: genpd: Disabling unused power domains
[    7.988037] KTAP version 1
[    7.990760] 1..0
[    7.993576] check access for rdinit=/init failed: -2, ignoring
[    8.025422] VFS: Mounted root (nfs filesystem) on device 0:17.
[    8.032384] devtmpfs: mounted
[    8.036880] Freeing unused kernel image (initmem) memory: 1024K
[    8.043809] Run /sbin/init as init process
[    8.047943]   with arguments:
[    8.047955]     /sbin/init
[    8.047964]     nfsrootdebug
[    8.047974]   with environment:
[    8.047983]     HOME=/
[    8.047991]     TERM=linux
[    8.768395] systemd[1]: System time before build time, advancing clock.
[   10.291518] random: crng init done
[   10.324238] systemd[1]: systemd 232 running in system mode. (+PAM +AUDIT +SELINUX +IMA +APPARMOR +SMACK +SYSVINIT +UTMP +LIBCRYPTSETUP +GCRYPT +GNUTLS +ACL +XZ +LZ4 +SECCOMP +BLKID +ELFUTILS +KMOD +IDN)
[   10.343388] systemd[1]: Detected architecture arm.
[   10.374596] systemd[1]: Set hostname to <arm>.
[   11.528724] systemd[1]: Listening on udev Control Socket.
[   11.553001] systemd[1]: Created slice User and Session Slice.
[   11.583395] systemd[1]: systemd-journald.socket: SO_PASSSEC failed: Operation not supported
[   11.592325] systemd[1]: systemd-journald.socket: SO_PASSSEC failed: Operation not supported
[   11.600907] systemd[1]: Listening on Journal Socket.
[   11.622449] systemd[1]: Started Forward Password Requests to Wall Directory Watch.
[   11.651847] systemd[1]: Reached target Remote File Systems.
[   12.648858] omap_prm 44e00d00.prm: sync_state() pending due to 44d00000.cpu
[   14.163738] systemd-journald[103]: Received request to flush runtime journal from PID 1
[   16.883805] leds-gpio leds: using DT '/leds/led2' for '(default)' GPIO lookup
[   16.883910] of_get_named_gpiod_flags: parsed 'gpios' property of node '/leds/led2[0]' - status (0)
[   16.883966] gpio gpiochip0: Persistence not supported for GPIO 21
[   16.883981] gpio-533 (?): no flags found for GPIO (default)
[   16.942779] leds-gpio leds: using DT '/leds/led3' for '(default)' GPIO lookup
[   16.943096] of_get_named_gpiod_flags: parsed 'gpios' property of node '/leds/led3[0]' - status (0)
[   16.943172] gpio gpiochip0: Persistence not supported for GPIO 22
[   16.943186] gpio-534 (?): no flags found for GPIO (default)
[   16.969606] leds-gpio leds: using DT '/leds/led4' for '(default)' GPIO lookup
[   16.969707] of_get_named_gpiod_flags: parsed 'gpios' property of node '/leds/led4[0]' - status (0)
[   16.969757] gpio gpiochip0: Persistence not supported for GPIO 23
[   16.969773] gpio-535 (?): no flags found for GPIO (default)
[   16.991991] leds-gpio leds: using DT '/leds/led5' for '(default)' GPIO lookup
[   16.992093] of_get_named_gpiod_flags: parsed 'gpios' property of node '/leds/led5[0]' - status (0)
[   16.992146] gpio gpiochip0: Persistence not supported for GPIO 24
[   16.992161] gpio-536 (?): no flags found for GPIO (default)
[   17.392351] omap_rtc 44e3e000.rtc: registered as rtc0
[   17.397529] omap_rtc 44e3e000.rtc: setting system clock to 2000-01-01T00:00:01 UTC (946684801)
[   17.406804] omap_rtc 44e3e000.rtc: using DT '/ocp/interconnect@44c00000/segment@200000/target-module@3e000/rtc@0' for 'wp' GPIO lookup
[   17.406882] of_get_named_gpiod_flags: can't parse 'wp-gpios' property of node '/ocp/interconnect@44c00000/segment@200000/target-module@3e000/rtc@0[0]'
[   17.406934] of_get_named_gpiod_flags: can't parse 'wp-gpio' property of node '/ocp/interconnect@44c00000/segment@200000/target-module@3e000/rtc@0[0]'
[   17.406975] omap_rtc 44e3e000.rtc: using lookup tables for GPIO lookup
[   17.406989] omap_rtc 44e3e000.rtc: No GPIO consumer wp found
[   17.409860] remoteproc remoteproc0: wkup_m3 is available
[   17.737006] omap_wdt: OMAP Watchdog Timer Rev 0x01: initial timeout 60 sec
[   17.970336] am335x-phy-driver 47401300.usb-phy: using DT '/ocp/target-module@47400000/usb-phy@1300' for 'reset' GPIO lookup
[   17.970433] of_get_named_gpiod_flags: can't parse 'reset-gpios' property of node '/ocp/target-module@47400000/usb-phy@1300[0]'
[   17.970477] of_get_named_gpiod_flags: can't parse 'reset-gpio' property of node '/ocp/target-module@47400000/usb-phy@1300[0]'
[   17.970515] am335x-phy-driver 47401300.usb-phy: using lookup tables for GPIO lookup
[   17.970530] am335x-phy-driver 47401300.usb-phy: No GPIO consumer reset found
[   17.970544] am335x-phy-driver 47401300.usb-phy: using DT '/ocp/target-module@47400000/usb-phy@1300' for 'vbus-detect' GPIO lookup
[   17.970576] of_get_named_gpiod_flags: can't parse 'vbus-detect-gpios' property of node '/ocp/target-module@47400000/usb-phy@1300[0]'
[   17.970608] of_get_named_gpiod_flags: can't parse 'vbus-detect-gpio' property of node '/ocp/target-module@47400000/usb-phy@1300[0]'
[   17.970634] am335x-phy-driver 47401300.usb-phy: using lookup tables for GPIO lookup
[   17.970646] am335x-phy-driver 47401300.usb-phy: No GPIO consumer vbus-detect found
[   17.970797] am335x-phy-driver 47401300.usb-phy: dummy supplies not allowed for exclusive requests (id=vbus)
[   18.045013] at24 2-0054: supply vcc not found, using dummy regulator
[   18.135540] am335x-phy-driver 47401b00.usb-phy: using DT '/ocp/target-module@47400000/usb-phy@1b00' for 'reset' GPIO lookup
[   18.135634] of_get_named_gpiod_flags: can't parse 'reset-gpios' property of node '/ocp/target-module@47400000/usb-phy@1b00[0]'
[   18.135678] of_get_named_gpiod_flags: can't parse 'reset-gpio' property of node '/ocp/target-module@47400000/usb-phy@1b00[0]'
[   18.135715] am335x-phy-driver 47401b00.usb-phy: using lookup tables for GPIO lookup
[   18.135729] am335x-phy-driver 47401b00.usb-phy: No GPIO consumer reset found
[   18.135743] am335x-phy-driver 47401b00.usb-phy: using DT '/ocp/target-module@47400000/usb-phy@1b00' for 'vbus-detect' GPIO lookup
[   18.135774] of_get_named_gpiod_flags: can't parse 'vbus-detect-gpios' property of node '/ocp/target-module@47400000/usb-phy@1b00[0]'
[   18.135806] of_get_named_gpiod_flags: can't parse 'vbus-detect-gpio' property of node '/ocp/target-module@47400000/usb-phy@1b00[0]'
[   18.135832] am335x-phy-driver 47401b00.usb-phy: using lookup tables for GPIO lookup
[   18.135844] am335x-phy-driver 47401b00.usb-phy: No GPIO consumer vbus-detect found
[   18.135995] am335x-phy-driver 47401b00.usb-phy: dummy supplies not allowed for exclusive requests (id=vbus)
[   18.151381] at24 2-0055: supply vcc not found, using dummy regulator
[   18.174230] usbcore: registered new interface driver usbfs
[   18.179866] usbcore: registered new interface driver hub
[   18.185513] usbcore: registered new device driver usb
[   18.282831] at24 2-0056: supply vcc not found, using dummy regulator
[   18.296189] input: tps65217_pwrbutton as /devices/platform/ocp/44c00000.interconnect/44c00000.interconnect:segment@200000/44e0b000.target-module/44e0b000.i2c/i2c-0/0-0024/tps65217-pwrbutton/input/input0
[   18.474513] at24 2-0057: supply vcc not found, using dummy regulator
[   18.606265] at24 0-0050: using DT '/ocp/interconnect@44c00000/segment@200000/target-module@b000/i2c@0/eeprom@50' for 'wp' GPIO lookup
[   18.606390] of_get_named_gpiod_flags: can't parse 'wp-gpios' property of node '/ocp/interconnect@44c00000/segment@200000/target-module@b000/i2c@0/eeprom@50[0]'
[   18.606578] of_get_named_gpiod_flags: can't parse 'wp-gpio' property of node '/ocp/interconnect@44c00000/segment@200000/target-module@b000/i2c@0/eeprom@50[0]'
[   18.606632] at24 0-0050: using lookup tables for GPIO lookup
[   18.606646] at24 0-0050: No GPIO consumer wp found
[   18.607010] at24 0-0050: 4096 byte 24c32 EEPROM, writable, 1 bytes/write
[   19.549483] musb-hdrc musb-hdrc.1: MUSB HDRC host driver
[   19.555159] musb-hdrc musb-hdrc.1: new USB bus registered, assigned bus number 1
[   19.768938] usb usb1: New USB device found, idVendor=1d6b, idProduct=0002, bcdDevice= 6.18
[   19.777485] usb usb1: New USB device strings: Mfr=3, Product=2, SerialNumber=1
[   19.784829] usb usb1: Product: MUSB HDRC host driver
[   19.789824] usb usb1: Manufacturer: Linux 6.18.0-rc6-next-20251119 musb-hcd
[   19.796850] usb usb1: SerialNumber: musb-hdrc.1
[   20.162697] hub 1-0:1.0: USB hub found
[   20.201742] hub 1-0:1.0: 1 port detected
[   20.303406] tda998x 0-0070: found TDA19988
[   20.874340] omap-mailbox 480c8000.mailbox: omap mailbox rev 0x400
[   20.899844] remoteproc remoteproc0: powering up wkup_m3
[   21.004786] remoteproc remoteproc0: Direct firmware load for am335x-pm-firmware.elf failed with error -2
[   21.014638] remoteproc remoteproc0: request_firmware failed: -2
[   21.020606] wkup_m3_ipc 44e11324.wkup_m3_ipc: rproc_boot failed
[   22.857556] omap_rng 48310000.rng: Random Number Generator ver. 20
[   23.159959] tilcdc 4830e000.lcdc: bound 0-0070 (ops tda998x_driver_exit [tda998x])
[   23.263932] [drm] Initialized tilcdc 1.0.0 for 4830e000.lcdc on minor 0
[   23.378394] tilcdc 4830e000.lcdc: [drm] Cannot find any crtc or sizes
[   23.408914] tilcdc 4830e000.lcdc: [drm] Cannot find any crtc or sizes
[   24.823925] PM: Cannot get wkup_m3_ipc handle
[   25.054810] omap-sham 53100000.sham: hw accel on OMAP rev 4.3
[   25.151965] omap-sham 53100000.sham: will run requests pump with realtime priority
[   25.162325] PM: Cannot get wkup_m3_ipc handle
[   25.488426] omap-aes 53500000.aes: OMAP AES hw accel rev: 3.2
[   25.567059] omap-aes 53500000.aes: will run requests pump with realtime priority
[   25.577139] PM: Cannot get wkup_m3_ipc handle
[   27.295542] ------------[ cut here ]------------
[   27.300244] WARNING: net/8021q/vlan_core.c:236 at vlan_for_each+0x114/0x134, CPU#0: avahi-daemon/317
[   27.309606] RTNL: assertion failed at net/8021q/vlan_core.c (236)
[   27.315786] Modules linked in: ecdh_generic ecc snd_soc_simple_card omap_aes_driver snd_soc_simple_card_utils omap_crypto omap_sham libaes pm33xx crypto_engine ti_emif_sram tilcdc drm_dma_helper omap_rng drm_client_lib rng_core snd_soc_davinci_mcasp snd_soc_ti_udma snd_soc_ti_edma snd_soc_ti_sdma snd_soc_core snd_pcm_dmaengine omap_mailbox snd_pcm snd_timer snd tda998x soundcore cec drm_kms_helper musb_dsps drm musb_hdrc wkup_m3_ipc udc_core tps65218_pwrbutton drm_panel_orientation_quirks usbcore at24 phy_am335x omap_wdt phy_am335x_control phy_generic watchdog usb_common wkup_m3_rproc cppi41 rtc_omap leds_gpio cpufreq_dt led_class autofs4
[   27.372962] CPU: 0 UID: 107 PID: 317 Comm: avahi-daemon Not tainted 6.18.0-rc6-next-20251119 #1 NONE 
[   27.372980] Hardware name: Generic AM33XX (Flattened Device Tree)
[   27.372988] Call trace: 
[   27.373005]  unwind_backtrace from show_stack+0x10/0x14
[   27.373044]  show_stack from dump_stack_lvl+0x50/0x64
[   27.373069]  dump_stack_lvl from __warn+0x88/0x148
[   27.373088]  __warn from warn_slowpath_fmt+0x19c/0x1b0
[   27.373100]  warn_slowpath_fmt from vlan_for_each+0x114/0x134
[   27.373119]  vlan_for_each from cpsw_add_mc_addr+0x40/0xa4
[   27.373151]  cpsw_add_mc_addr from __hw_addr_ref_sync_dev+0x108/0x140
[   27.373179]  __hw_addr_ref_sync_dev from __dev_mc_add+0x7c/0x80
[   27.373198]  __dev_mc_add from igmp6_group_added+0xc8/0xe0
[   27.373219]  igmp6_group_added from __ipv6_dev_mc_inc+0x218/0x364
[   27.373233]  __ipv6_dev_mc_inc from __ipv6_sock_mc_join+0x11c/0x1c0
[   27.373247]  __ipv6_sock_mc_join from do_ipv6_setsockopt+0x1214/0x1310
[   27.373271]  do_ipv6_setsockopt from ipv6_setsockopt+0x60/0xcc
[   27.373289]  ipv6_setsockopt from udpv6_setsockopt+0x2c/0x6c
[   27.373310]  udpv6_setsockopt from sock_common_setsockopt+0x30/0x40
[   27.373335]  sock_common_setsockopt from do_sock_setsockopt+0x50/0x9c
[   27.373353]  do_sock_setsockopt from __sys_setsockopt+0x70/0xbc
[   27.373368]  __sys_setsockopt from ret_fast_syscall+0x0/0x58
[   27.373383] Exception stack(0xe02d5fa8 to 0xe02d5ff0)
[   27.373398] 5fa0:                   00000014 b6fe6ce8 0000000d 00000029 00000014 be9e49ec
[   27.373409] 5fc0: 00000014 b6fe6ce8 00000014 00000126 0000000d b6f8fff4 004be988 004a6558
[   27.373418] 5fe0: b6fa5088 be9e49d8 b6f82309 b6e5941a
[   27.373425] ---[ end trace 0000000000000000 ]---
[   28.278593] Bluetooth: Core ver 2.22
[   28.282517] NET: Registered PF_BLUETOOTH protocol family
[   28.287864] Bluetooth: HCI device and connection manager initialized
[   28.294422] Bluetooth: HCI socket layer initialized
[   28.299341] Bluetooth: L2CAP socket layer initialized
[   28.304491] Bluetooth: SCO socket layer initialized
[   28.761436] PM: Cannot get wkup_m3_ipc handle
[   28.767451] asoc-simple-card sound: using DT '/sound' for 'simple-audio-card,hp-det' GPIO lookup
[   28.767527] of_get_named_gpiod_flags: can't parse 'simple-audio-card,hp-det-gpios' property of node '/sound[0]'
[   28.767562] of_get_named_gpiod_flags: can't parse 'simple-audio-card,hp-det-gpio' property of node '/sound[0]'
[   28.767586] asoc-simple-card sound: using lookup tables for GPIO lookup
[   28.767599] asoc-simple-card sound: No GPIO consumer simple-audio-card,hp-det found
[   28.767614] asoc-simple-card sound: using DT '/sound' for 'simple-audio-card,mic-det' GPIO lookup
[   28.767638] of_get_named_gpiod_flags: can't parse 'simple-audio-card,mic-det-gpios' property of node '/sound[0]'
[   28.767663] of_get_named_gpiod_flags: can't parse 'simple-audio-card,mic-det-gpio' property of node '/sound[0]'
[   28.767682] asoc-simple-card sound: using lookup tables for GPIO lookup
[   28.767694] asoc-simple-card sound: No GPIO consumer simple-audio-card,mic-det found
[   28.933142] PM: Cannot get wkup_m3_ipc handle
[   28.994008] tda998x 0-0070: using DT '/ocp/interconnect@44c00000/segment@200000/target-module@b000/i2c@0/tda19988@70' for 'nxp,calib' GPIO lookup
[   28.994150] of_get_named_gpiod_flags: parsed 'nxp,calib-gpios' property of node '/ocp/interconnect@44c00000/segment@200000/target-module@b000/i2c@0/tda19988@70[0]' - status (0)
[   28.994233] gpio gpiochip0: Persistence not supported for GPIO 25
[   28.994249] gpio-537 (nxp,calib): no flags found for GPIO nxp,calib
[   29.020196] gpio-537 (nxp,calib): gpiod_direction_output_nonotify: tried to set a GPIO tied to an IRQ as output
[   29.181761] tda9950 0-0034: TDA9950 CEC interface, hardware version 3.3
[   29.256335] PM: Cannot get wkup_m3_ipc handle
[   32.733434] userial_init: registered 8 ttyGS* devices
[   32.968626] rndis_register: configNr = 0
[   33.028942] udc musb-hdrc.0: binding gadget driver [g_multi]
[   33.029042] configfs-gadget.g_multi gadget.0: adding 'rndis'/1f060372 to config 'c'/f4330c41
[   33.030194] configfs-gadget.g_multi gadget.0: HOST MAC 1c:ba:8c:a2:ed:6c
[   33.037233] configfs-gadget.g_multi gadget.0: MAC 1c:ba:8c:a2:ed:70
[   33.043649] rndis_set_param_medium: 0 0
[   33.043673] configfs-gadget.g_multi gadget.0: RNDIS: IN/ep1in OUT/ep1out NOTIFY/ep2in
[   33.043691] configfs-gadget.g_multi gadget.0: adding 'cdc_ethernet'/69584034 to config 'c'/f4330c41
[   33.044597] configfs-gadget.g_multi gadget.0: HOST MAC 1c:ba:8c:a2:ed:6c
[   33.051360] configfs-gadget.g_multi gadget.0: MAC 1c:ba:8c:a2:ed:6d
[   33.057786] configfs-gadget.g_multi gadget.0: CDC Ethernet: IN/ep3in OUT/ep2out NOTIFY/ep4in
[   33.057806] configfs-gadget.g_multi gadget.0: adding 'acm'/f5d33bbb to config 'c'/f4330c41
[   33.057852] configfs-gadget.g_multi gadget.0: acm ttyGS0: IN/ep5in OUT/ep3out NOTIFY/ep6in
[   33.062227] PM: Cannot get wkup_m3_ipc handle
[   35.047225] configfs-gadget.g_multi gadget.0: eth_open
[   38.758266] gs_open: ttyGS0 (d8aa0251,b0c7be9f)
[   38.758429] gs_close: ttyGS0 (d8aa0251,b0c7be9f) ...
[   38.758452] gs_close: ttyGS0 (d8aa0251,b0c7be9f) done!
[   38.774187] gs_open: ttyGS0 (cb3973b7,b0c7be9f)
[   38.774290] gs_close: ttyGS0 (cb3973b7,b0c7be9f) ...
[   38.774310] gs_close: ttyGS0 (cb3973b7,b0c7be9f) done!
[   38.985732] gs_open: ttyGS0 (cb3973b7,6e096bc6)
[   38.985976] gs_close: ttyGS0 (cb3973b7,6e096bc6) ...
[   38.986004] gs_close: ttyGS0 (cb3973b7,6e096bc6) done!
[   38.986822] gs_open: ttyGS0 (cb3973b7,6e096bc6)
SEWEHTTBZC 0
root@arm:~# echo 'XTTJ''ZQACZA'
XTTJZQACZA
root@arm:~# MARKER='HBSG''JGJLXZ' run 'modprobe test_linear_ranges'
HBSGJGJLXZHBSGJGJLXZ 0
root@arm:~# echo 'OCZC''MZATSJ'
OCZCMZATSJ
root@arm:~# MARKER='KCUL''SCAXEK' run dmesg
KCULSCAXEK[    0.000000] Booting Linux on physical CPU 0x0
[    0.000000] Linux version 6.18.0-rc6-next-20251119 (user01@drvtest01) (arm-none-eabi-gcc (Arm GNU Toolchain 14.2.Rel1 (Build arm-14.52)) 14.2.1 20241119, GNU ld (Arm GNU Toolchain 14.2.Rel1 (Build arm-14.52)) 2.43.1.20241119) #1 SMP Wed Nov 19 06:23:17 EET 2025
[    0.000000] CPU: ARMv7 Processor [413fc082] revision 2 (ARMv7), cr=10c5387d
[    0.000000] CPU: PIPT / VIPT nonaliasing data cache, VIPT aliasing instruction cache
[    0.000000] OF: fdt: Machine model: TI AM335x BeagleBone Black
[    0.000000] Memory policy: Data cache writeback
[    0.000000] cma: Reserved 16 MiB at 0x9e800000
[    0.000000] Zone ranges:
[    0.000000]   Normal   [mem 0x0000000080000000-0x000000009fdfffff]
[    0.000000]   HighMem  empty
[    0.000000] Movable zone start for each node
[    0.000000] Early memory node ranges
[    0.000000]   node   0: [mem 0x0000000080000000-0x000000009fdfffff]
[    0.000000] Initmem setup node 0 [mem 0x0000000080000000-0x000000009fdfffff]
[    0.000000] On node 0, zone Normal: 512 pages in unavailable ranges
[    0.000000] OF: reserved mem: Reserved memory: No reserved-memory node in the DT
[    0.000000] CPU: All CPU(s) started in SVC mode.
[    0.000000] AM335X ES2.1 (sgx neon)
[    0.000000] percpu: Embedded 17 pages/cpu s39948 r8192 d21492 u69632
[    0.000000] pcpu-alloc: s39948 r8192 d21492 u69632 alloc=17*4096
[    0.000000] pcpu-alloc: [0] 0 
[    0.000000] Kernel command line: console=ttyO0,115200n8 root=/dev/nfs rw nfsroot=192.168.255.126:/home/user01/nfs,nfsvers=3 ip=192.168.255.1:192.168.255.126::255.255.255.0:bbb1:eth0 nfsrootdebug
[    0.000000] Unknown kernel command line parameters "nfsrootdebug", will be passed to user space.
[    0.000000] printk: log buffer data + meta data: 65536 + 204800 = 270336 bytes
[    0.000000] Dentry cache hash table entries: 65536 (order: 6, 262144 bytes, linear)
[    0.000000] Inode-cache hash table entries: 32768 (order: 5, 131072 bytes, linear)
[    0.000000] Built 1 zonelists, mobility grouping on.  Total pages: 130560
[    0.000000] mem auto-init: stack:off, heap alloc:off, heap free:off
[    0.000000] SLUB: HWalign=16, Order=0-3, MinObjects=0, CPUs=1, Nodes=1
[    0.000000] rcu: Hierarchical RCU implementation.
[    0.000000] rcu: 	RCU event tracing is enabled.
[    0.000000] rcu: 	RCU restricting CPUs from NR_CPUS=2 to nr_cpu_ids=1.
[    0.000000] 	Tracing variant of Tasks RCU enabled.
[    0.000000] rcu: RCU calculated value of scheduler-enlistment delay is 10 jiffies.
[    0.000000] rcu: Adjusting geometry for rcu_fanout_leaf=16, nr_cpu_ids=1
[    0.000000] RCU Tasks Trace: Setting shift to 0 and lim to 1 rcu_task_cb_adjust=1 rcu_task_cpu_ids=1.
[    0.000000] NR_IRQS: 16, nr_irqs: 16, preallocated irqs: 16
[    0.000000] IRQ: Found an INTC at 0x(ptrval) (revision 5.0) with 128 interrupts
[    0.000000] rcu: srcu_init: Setting srcu_struct sizes based on contention.
[    0.000000] TI gptimer clocksource: always-on /ocp/interconnect@44c00000/segment@200000/target-module@31000
[    0.000003] sched_clock: 32 bits at 24MHz, resolution 41ns, wraps every 89478484971ns
[    0.000026] clocksource: dmtimer: mask: 0xffffffff max_cycles: 0xffffffff, max_idle_ns: 79635851949 ns
[    0.000567] TI gptimer clockevent: 24000000 Hz at /ocp/interconnect@48000000/segment@0/target-module@40000
[    0.002130] Console: colour dummy device 80x30
[    0.002199] WARNING: Your 'console=ttyO0' has been replaced by 'ttyS0'
[    0.002208] This ensures that you still see kernel messages. Please
[    0.002212] update your kernel commandline.
[    0.002255] Calibrating delay loop... 996.14 BogoMIPS (lpj=4980736)
[    0.090681] CPU: Testing write buffer coherency: ok
[    0.090764] CPU0: Spectre v2: using BPIALL workaround
[    0.090772] pid_max: default: 32768 minimum: 301
[    0.091087] Mount-cache hash table entries: 1024 (order: 0, 4096 bytes, linear)
[    0.091105] Mountpoint-cache hash table entries: 1024 (order: 0, 4096 bytes, linear)
[    0.092711] CPU0: thread -1, cpu 0, socket -1, mpidr 0
[    0.092766] cacheinfo: Unable to detect cache hierarchy for CPU 0
[    0.094781] Setting up static identity map for 0x80100000 - 0x80100078
[    0.095100] rcu: Hierarchical SRCU implementation.
[    0.095110] rcu: 	Max phase no-delay instances is 1000.
[    0.096855] smp: Bringing up secondary CPUs ...
[    0.096909] smp: Brought up 1 node, 1 CPU
[    0.096922] SMP: Total of 1 processors activated (996.14 BogoMIPS).
[    0.096934] CPU: All CPU(s) started in SVC mode.
[    0.097182] Memory: 479964K/522240K available (12288K kernel code, 1231K rwdata, 2956K rodata, 1024K init, 256K bss, 24364K reserved, 16384K cma-reserved, 0K highmem)
[    0.098041] devtmpfs: initialized
[    0.115493] VFP support v0.3: implementor 41 architecture 3 part 30 variant c rev 3
[    0.116170] clocksource: jiffies: mask: 0xffffffff max_cycles: 0xffffffff, max_idle_ns: 19112604462750000 ns
[    0.116225] posixtimers hash table entries: 512 (order: 0, 4096 bytes, linear)
[    0.116252] futex hash table entries: 256 (16384 bytes on 1 NUMA nodes, total 16 KiB, linear).
[    0.119443] NET: Registered PF_NETLINK/PF_ROUTE protocol family
[    0.122560] DMA: preallocated 256 KiB pool for atomic coherent allocations
[    0.123537] audit: initializing netlink subsys (disabled)
[    0.124905] thermal_sys: Registered thermal governor 'fair_share'
[    0.124919] thermal_sys: Registered thermal governor 'step_wise'
[    0.124927] thermal_sys: Registered thermal governor 'user_space'
[    0.125035] audit: type=2000 audit(0.120:1): state=initialized audit_enabled=0 res=1
[    0.125105] cpuidle: using governor menu
[    0.143224] /ocp/interconnect@44c00000/segment@200000/target-module@b000/i2c@0/tda19988@70: Fixed dependency cycle(s) with /ocp/interconnect@48000000/segment@300000/target-module@e000/lcdc@0
[    0.144305] /ocp/interconnect@48000000/segment@300000/target-module@e000/lcdc@0: Fixed dependency cycle(s) with /ocp/interconnect@44c00000/segment@200000/target-module@b000/i2c@0/tda19988@70
[    0.146505] No ATAGs?
[    0.146542] hw-breakpoint: debug architecture 0x4 unsupported.
[    0.149176] kprobes: kprobe jump-optimization is enabled. All kprobes are optimized if possible.
[    0.163810] iommu: Default domain type: Translated
[    0.163833] iommu: DMA domain TLB invalidation policy: strict mode
[    0.165406] reg-fixed-voltage fixedregulator0: using DT '/fixedregulator0' for '(default)' GPIO lookup
[    0.165460] of_get_named_gpiod_flags: can't parse 'gpios' property of node '/fixedregulator0[0]'
[    0.165489] of_get_named_gpiod_flags: can't parse 'gpio' property of node '/fixedregulator0[0]'
[    0.165507] reg-fixed-voltage fixedregulator0: using lookup tables for GPIO lookup
[    0.165517] reg-fixed-voltage fixedregulator0: No GPIO consumer (default) found
[    0.166605] SCSI subsystem initialized
[    0.167059] libata version 3.00 loaded.
[    0.167435] pps_core: LinuxPPS API ver. 1 registered
[    0.167445] pps_core: Software ver. 5.3.6 - Copyright 2005-2007 Rodolfo Giometti <giometti@linux.it>
[    0.167470] PTP clock support registered
[    0.171106] vgaarb: loaded
[    0.180837] clocksource: Switched to clocksource dmtimer
[    0.181474] VFS: Disk quotas dquot_6.6.0
[    0.181539] VFS: Dquot-cache hash table entries: 1024 (order 0, 4096 bytes)
[    0.206156] NET: Registered PF_INET protocol family
[    0.206488] IP idents hash table entries: 8192 (order: 4, 65536 bytes, linear)
[    0.207916] tcp_listen_portaddr_hash hash table entries: 512 (order: 0, 4096 bytes, linear)
[    0.207952] Table-perturb hash table entries: 65536 (order: 6, 262144 bytes, linear)
[    0.207970] TCP established hash table entries: 4096 (order: 2, 16384 bytes, linear)
[    0.208015] TCP bind hash table entries: 4096 (order: 4, 65536 bytes, linear)
[    0.208116] TCP: Hash tables configured (established 4096 bind 4096)
[    0.208236] UDP hash table entries: 256 (order: 2, 14336 bytes, linear)
[    0.208269] UDP-Lite hash table entries: 256 (order: 2, 14336 bytes, linear)
[    0.208483] NET: Registered PF_UNIX/PF_LOCAL protocol family
[    0.209756] RPC: Registered named UNIX socket transport module.
[    0.209777] RPC: Registered udp transport module.
[    0.209782] RPC: Registered tcp transport module.
[    0.209786] RPC: Registered tcp-with-tls transport module.
[    0.209791] RPC: Registered tcp NFSv4.1 backchannel transport module.
[    0.209816] PCI: CLS 0 bytes, default 64
[    0.211259] Initialise system trusted keyrings
[    0.222274] workingset: timestamp_bits=14 max_order=17 bucket_order=3
[    0.223726] NFS: Registering the id_resolver key type
[    0.223781] Key type id_resolver registered
[    0.223790] Key type id_legacy registered
[    0.223898] jffs2: version 2.2. (NAND) (SUMMARY)  Â© 2001-2006 Red Hat, Inc.
[    0.224449] Key type asymmetric registered
[    0.224465] Asymmetric key parser 'x509' registered
[    0.224537] io scheduler mq-deadline registered
[    0.224548] io scheduler kyber registered
[    0.224632] io scheduler bfq registered
[    0.226449] target-module@4b000000:target-module@140000:pmu@0:fck: device ID is greater than 24
[    0.227585] ledtrig-cpu: registered to indicate activity on CPUs
[    0.242264] Serial: 8250/16550 driver, 6 ports, IRQ sharing enabled
[    0.283182] brd: module loaded
[    0.304966] loop: module loaded
[    0.305885] mtdoops: mtd device (mtddev=name/number) must be supplied
[    0.307428] mdio_bus fixed-0: using lookup tables for GPIO lookup
[    0.307449] mdio_bus fixed-0: No GPIO consumer reset found
[    0.308866] i2c_dev: i2c /dev entries driver
[    0.309883] cpuidle: enable-method property 'ti,am3352' found operations
[    0.310340] sdhci: Secure Digital Host Controller Interface driver
[    0.310350] sdhci: Copyright(c) Pierre Ossman
[    0.310530] sdhci-pltfm: SDHCI platform and OF driver helper
[    0.312226] hw perfevents: enabled with armv7_cortex_a8 PMU driver, 5 (8000000f) counters available
[    0.312758] Initializing XFRM netlink socket
[    0.312930] NET: Registered PF_INET6 protocol family
[    0.314947] Segment Routing with IPv6
[    0.315028] In-situ OAM (IOAM) with IPv6
[    0.315126] sit: IPv6, IPv4 and MPLS over IPv4 tunneling driver
[    0.316125] NET: Registered PF_PACKET protocol family
[    0.316143] PFKEY is deprecated and scheduled to be removed in 2027, please contact the netdev mailing list
[    0.316158] NET: Registered PF_KEY protocol family
[    0.316295] Key type dns_resolver registered
[    0.316518] ThumbEE CPU extension supported.
[    0.316538] Registering SWP/SWPB emulation handler
[    0.317057] omap_voltage_late_init: Voltage driver support not added
[    0.317714] SmartReflex Class3 initialized
[    0.364079] Loading compiled-in X.509 certificates
[    0.392268] /ocp/interconnect@44c00000/segment@200000/target-module@b000/i2c@0/tda19988@70: Fixed dependency cycle(s) with /ocp/interconnect@48000000/segment@300000/target-module@e000/lcdc@0
[    0.398689] /ocp/interconnect@44c00000/segment@200000/target-module@b000/i2c@0/tda19988@70: Fixed dependency cycle(s) with /ocp/interconnect@48000000/segment@300000/target-module@e000/lcdc@0
[    0.404427] gpiochip_find_base_unlocked: found new base at 512
[    0.426401] /ocp/interconnect@44c00000/segment@200000/target-module@b000/i2c@0/tda19988@70: Fixed dependency cycle(s) with /ocp/interconnect@48000000/segment@300000/target-module@e000/lcdc@0
[    0.427281] /ocp/interconnect@44c00000/segment@200000/target-module@b000/i2c@0/tda19988@70: Fixed dependency cycle(s) with /ocp/interconnect@48000000/segment@300000/target-module@e000/lcdc@0
[    0.430760] /ocp/interconnect@44c00000/segment@200000/target-module@10000/scm@0/pinmux@800: Fixed dependency cycle(s) with /ocp/interconnect@44c00000/segment@200000/target-module@10000/scm@0/pinmux@800/clkout2-pins
[    0.431359] pinctrl-single 44e10800.pinmux: 142 pins, size 568
[    0.467677] /ocp/interconnect@48000000/segment@300000/target-module@e000/lcdc@0: Fixed dependency cycle(s) with /ocp/interconnect@44c00000/segment@200000/target-module@b000/i2c@0/tda19988@70
[    0.487582] gpiochip_find_base_unlocked: found new base at 512
[    0.487686] gpio gpiochip0: (gpio-0-31): created GPIO range 0->7 ==> 44e10800.pinmux PIN 0->7
[    0.487707] gpio gpiochip0: (gpio-0-31): created GPIO range 8->11 ==> 44e10800.pinmux PIN 90->93
[    0.487724] gpio gpiochip0: (gpio-0-31): created GPIO range 12->27 ==> 44e10800.pinmux PIN 12->27
[    0.487739] gpio gpiochip0: (gpio-0-31): created GPIO range 28->31 ==> 44e10800.pinmux PIN 30->33
[    0.512695] gpio gpiochip0: (gpio-0-31): added GPIO chardev (254:0)
[    0.512931] gpio gpiochip0: registered GPIOs 512 to 543 on gpio-0-31
[    0.513017] OMAP GPIO hardware version 0.1
[    0.547699] i2c i2c-2: using DT '/ocp/interconnect@48000000/segment@100000/target-module@9c000/i2c@0' for 'scl' GPIO lookup
[    0.547770] of_get_named_gpiod_flags: can't parse 'scl-gpios' property of node '/ocp/interconnect@48000000/segment@100000/target-module@9c000/i2c@0[0]'
[    0.547812] of_get_named_gpiod_flags: can't parse 'scl-gpio' property of node '/ocp/interconnect@48000000/segment@100000/target-module@9c000/i2c@0[0]'
[    0.547848] i2c i2c-2: using lookup tables for GPIO lookup
[    0.547858] i2c i2c-2: No GPIO consumer scl found
[    0.547880] i2c i2c-2: using DT '/ocp/interconnect@48000000/segment@100000/target-module@9c000/i2c@0' for 'sda' GPIO lookup
[    0.547914] of_get_named_gpiod_flags: can't parse 'sda-gpios' property of node '/ocp/interconnect@48000000/segment@100000/target-module@9c000/i2c@0[0]'
[    0.547951] of_get_named_gpiod_flags: can't parse 'sda-gpio' property of node '/ocp/interconnect@48000000/segment@100000/target-module@9c000/i2c@0[0]'
[    0.547982] i2c i2c-2: using lookup tables for GPIO lookup
[    0.547989] i2c i2c-2: No GPIO consumer sda found
[    0.548695] omap_i2c 4819c000.i2c: bus 2 rev0.11 at 100 kHz
[    0.554698] gpiochip_find_base_unlocked: found new base at 544
[    0.554804] gpio gpiochip1: (gpio-32-63): created GPIO range 0->17 ==> 44e10800.pinmux PIN 34->51
[    0.554825] gpio gpiochip1: (gpio-32-63): created GPIO range 18->21 ==> 44e10800.pinmux PIN 77->80
[    0.554841] gpio gpiochip1: (gpio-32-63): created GPIO range 22->31 ==> 44e10800.pinmux PIN 56->65
[    0.572422] gpio gpiochip1: (gpio-32-63): added GPIO chardev (254:1)
[    0.572651] gpio gpiochip1: registered GPIOs 544 to 575 on gpio-32-63
[    0.574954] gpiochip_find_base_unlocked: found new base at 576
[    0.575039] gpio gpiochip2: (gpio-64-95): created GPIO range 0->4 ==> 44e10800.pinmux PIN 66->70
[    0.575058] gpio gpiochip2: (gpio-64-95): created GPIO range 5->6 ==> 44e10800.pinmux PIN 98->99
[    0.575074] gpio gpiochip2: (gpio-64-95): created GPIO range 7->8 ==> 44e10800.pinmux PIN 75->76
[    0.575090] gpio gpiochip2: (gpio-64-95): created GPIO range 13->13 ==> 44e10800.pinmux PIN 141->141
[    0.575106] gpio gpiochip2: (gpio-64-95): created GPIO range 14->21 ==> 44e10800.pinmux PIN 100->107
[    0.589444] gpio gpiochip2: (gpio-64-95): added GPIO chardev (254:2)
[    0.589693] gpio gpiochip2: registered GPIOs 576 to 607 on gpio-64-95
[    0.595630] 48000000.interconnect:segment@200000:target-module@0:mpu@0:fck: device ID is greater than 24
[    0.596547] /ocp/interconnect@48000000/segment@300000/target-module@e000/lcdc@0: Fixed dependency cycle(s) with /ocp/interconnect@44c00000/segment@200000/target-module@b000/i2c@0/tda19988@70
[    0.599410] /ocp/interconnect@48000000/segment@300000/target-module@e000/lcdc@0: Fixed dependency cycle(s) with /ocp/interconnect@44c00000/segment@200000/target-module@b000/i2c@0/tda19988@70
[    0.600111] /ocp/interconnect@44c00000/segment@200000/target-module@b000/i2c@0/tda19988@70: Fixed dependency cycle(s) with /ocp/interconnect@48000000/segment@300000/target-module@e000/lcdc@0
[    0.600285] /ocp/interconnect@48000000/segment@300000/target-module@e000/lcdc@0: Fixed dependency cycle(s) with /ocp/interconnect@44c00000/segment@200000/target-module@b000/i2c@0/tda19988@70
[    0.608529] sdhci-omap 481d8000.mmc: using DT '/ocp/interconnect@48000000/segment@100000/target-module@d8000/mmc@0' for 'wp' GPIO lookup
[    0.608602] of_get_named_gpiod_flags: can't parse 'wp-gpios' property of node '/ocp/interconnect@48000000/segment@100000/target-module@d8000/mmc@0[0]'
[    0.608644] of_get_named_gpiod_flags: can't parse 'wp-gpio' property of node '/ocp/interconnect@48000000/segment@100000/target-module@d8000/mmc@0[0]'
[    0.608680] sdhci-omap 481d8000.mmc: using lookup tables for GPIO lookup
[    0.608689] sdhci-omap 481d8000.mmc: No GPIO consumer wp found
[    0.608891] sdhci-omap 481d8000.mmc: supply pbias not found, using dummy regulator
[    0.609644] sdhci-omap 481d8000.mmc: supply vqmmc not found, using dummy regulator
[    0.648276] mdio_bus 4a101000.mdio: using DT '/ocp/interconnect@4a000000/segment@0/target-module@100000/switch@0/mdio@1000' for 'reset' GPIO lookup
[    0.648355] of_get_named_gpiod_flags: can't parse 'reset-gpios' property of node '/ocp/interconnect@4a000000/segment@0/target-module@100000/switch@0/mdio@1000[0]'
[    0.648401] of_get_named_gpiod_flags: can't parse 'reset-gpio' property of node '/ocp/interconnect@4a000000/segment@0/target-module@100000/switch@0/mdio@1000[0]'
[    0.648447] mdio_bus 4a101000.mdio: using lookup tables for GPIO lookup
[    0.648457] mdio_bus 4a101000.mdio: No GPIO consumer reset found
[    0.701282] davinci_mdio 4a101000.mdio: davinci mdio revision 1.6, bus freq 1000000
[    0.723267] mdio_bus 4a101000.mdio:00: using DT '/ocp/interconnect@4a000000/segment@0/target-module@100000/switch@0/mdio@1000/ethernet-phy@0' for 'reset' GPIO lookup
[    0.723364] of_get_named_gpiod_flags: parsed 'reset-gpios' property of node '/ocp/interconnect@4a000000/segment@0/target-module@100000/switch@0/mdio@1000/ethernet-phy@0[0]' - status (0)
[    0.723519] gpio gpiochip0: Persistence not supported for GPIO 8
[    0.855928] davinci_mdio 4a101000.mdio: phy[0]: device 4a101000.mdio:00, driver SMSC LAN8710/LAN8720
[    0.856701] cpsw-switch 4a100000.switch: initialized cpsw ale version 1.4
[    0.856724] cpsw-switch 4a100000.switch: ALE Table size 1024, Policers 0
[    0.857089] cpsw-switch 4a100000.switch: cpts: overflow check period 500 (jiffies)
[    0.857110] cpsw-switch 4a100000.switch: CPTS: ref_clk_freq:250000000 calc_mult:2147483648 calc_shift:29 error:0 nsec/sec
[    0.857208] cpsw-switch 4a100000.switch: Detected MACID = 6c:ec:eb:68:de:78
[    0.859064] cpsw-switch 4a100000.switch: initialized (regs 0x4a100000, pool size 256) hw_ver:0019010C 1.12 (0)
[    0.890512] debugfs: '49000000.dma' already exists in 'dmaengine'
[    0.890557] edma 49000000.dma: TI EDMA DMA engine driver
[    0.930466] ti-sysc 44e31000.target-module: Failed to create device link (0x180) with supplier ocp for /ocp/interconnect@44c00000/segment@200000/target-module@31000/timer@0
