Labgrid Console Logfile for main
Logfile started at 2025-06-18 10:26:27.498061
=== Log starts here ===
reading args
spl_load_image_fat_os: error reading image args, err - -1
reading u-boot.img
reading u-boot.img


U-Boot 2014.04-00014-g47880f5 (Apr 22 2014 - 13:23:54)

I2C:   ready
DRAM:  512 MiB
NAND:  0 MiB
MMC:   OMAP SD/MMC: 0, OMAP SD/MMC: 1
*** Warning - readenv() failed, using default environment

Net:   <ethaddr> not set. Validating first E-fuse MAC
cpsw, usb_ether
Hit any key to stop autoboot:  1  0 
gpio: pin 53 (gpio 53) value is 1
mmc0 is current device
gpio: pin 54 (gpio 54) value is 1
SD/MMC found on device 0
reading uEnv.txt
569 bytes read in 3 ms (184.6 KiB/s)
gpio: pin 55 (gpio 55) value is 1
Loaded environment from uEnv.txt
Importing environment from mmc ...
Checking if uenvcmd is set ...
gpio: pin 56 (gpio 56) value is 1
Running uenvcmd ...
cpsw Waiting for PHY auto negotiation to complete. done
link up on port 0, speed 100, full duplex
Using cpsw device
TFTP from server 192.168.255.126; our IP address is 192.168.255.1
Filename 'zImage'.
Load address: 0x81000000
Loading: *#################################################################
	 #################################################################
	 #################################################################
	 #################################################################
	 #################################################################
	 ###########################################################
	 2.4 MiB/s
done
Bytes transferred = 5622544 (55cb10 hex)
link up on port 0, speed 100, full duplex
Using cpsw device
TFTP from server 192.168.255.126; our IP address is 192.168.255.1
Filename 'am335x-boneblack.dtb'.
Load address: 0x82000000
Loading: *#######
	 2.4 MiB/s
done
Bytes transferred = 98244 (17fc4 hex)
Kernel image @ 0x81000000 [ 0x000000 - 0x55cb10 ]
## Flattened Device Tree blob at 82000000
   Booting using the fdt blob at 0x82000000
   Using Device Tree in place at 82000000, end 8201afc3

Starting kernel ...

[    0.000000] Booting Linux on physical CPU 0x0
[    0.000000] Linux version 6.16.0-rc2-next-20250618 (user01@drvtest01) (arm-none-eabi-gcc (Arm GNU Toolchain 14.2.Rel1 (Build arm-14.52)) 14.2.1 20241119, GNU ld (Arm GNU Toolchain 14.2.Rel1 (Build arm-14.52)) 2.43.1.20241119) #1 SMP Wed Jun 18 10:23:04 EEST 2025
[    0.000000] CPU: ARMv7 Processor [413fc082] revision 2 (ARMv7), cr=10c5387d
[    0.000000] CPU: PIPT / VIPT nonaliasing data cache, VIPT aliasing instruction cache
[    0.000000] OF: fdt: Machine model: TI AM335x BeagleBone Black
[    0.000000] Memory policy: Data cache writeback
[    0.000000] cma: Reserved 16 MiB at 0x9e800000
[    0.000000] Zone ranges:
[    0.000000]   Normal   [mem 0x0000000080000000-0x000000009fdfffff]
[    0.000000]   HighMem  empty
[    0.000000] Movable zone start for each node
[    0.000000] Early memory node ranges
[    0.000000]   node   0: [mem 0x0000000080000000-0x000000009fdfffff]
[    0.000000] Initmem setup node 0 [mem 0x0000000080000000-0x000000009fdfffff]
[    0.000000] On node 0, zone Normal: 512 pages in unavailable ranges
[    0.000000] OF: reserved mem: Reserved memory: No reserved-memory node in the DT
[    0.000000] CPU: All CPU(s) started in SVC mode.
[    0.000000] AM335X ES2.1 (sgx neon)
[    0.000000] percpu: Embedded 17 pages/cpu s39820 r8192 d21620 u69632
[    0.000000] Kernel command line: console=ttyO0,115200n8 root=/dev/nfs rw nfsroot=192.168.255.126:/home/user01/nfs,nfsvers=3 ip=192.168.255.1:192.168.255.126::255.255.255.0:bbb1:eth0 nfsrootdebug
[    0.000000] Unknown kernel command line parameters "nfsrootdebug", will be passed to user space.
[    0.000000] printk: log buffer data + meta data: 65536 + 204800 = 270336 bytes
[    0.000000] Dentry cache hash table entries: 65536 (order: 6, 262144 bytes, linear)
[    0.000000] Inode-cache hash table entries: 32768 (order: 5, 131072 bytes, linear)
[    0.000000] Built 1 zonelists, mobility grouping on.  Total pages: 130560
[    0.000000] mem auto-init: stack:off, heap alloc:off, heap free:off
[    0.000000] SLUB: HWalign=16, Order=0-3, MinObjects=0, CPUs=1, Nodes=1
[    0.000000] rcu: Hierarchical RCU implementation.
[    0.000000] rcu: 	RCU event tracing is enabled.
[    0.000000] rcu: 	RCU restricting CPUs from NR_CPUS=2 to nr_cpu_ids=1.
[    0.000000] 	Tracing variant of Tasks RCU enabled.
[    0.000000] rcu: RCU calculated value of scheduler-enlistment delay is 10 jiffies.
[    0.000000] rcu: Adjusting geometry for rcu_fanout_leaf=16, nr_cpu_ids=1
[    0.000000] RCU Tasks Trace: Setting shift to 0 and lim to 1 rcu_task_cb_adjust=1 rcu_task_cpu_ids=1.
[    0.000000] NR_IRQS: 16, nr_irqs: 16, preallocated irqs: 16
[    0.000000] IRQ: Found an INTC at 0x(ptrval) (revision 5.0) with 128 interrupts
[    0.000000] rcu: srcu_init: Setting srcu_struct sizes based on contention.
[    0.000000] TI gptimer clocksource: always-on /ocp/interconnect@44c00000/segment@200000/target-module@31000
[    0.000003] sched_clock: 32 bits at 24MHz, resolution 41ns, wraps every 89478484971ns
[    0.000027] clocksource: dmtimer: mask: 0xffffffff max_cycles: 0xffffffff, max_idle_ns: 79635851949 ns
[    0.000538] TI gptimer clockevent: 24000000 Hz at /ocp/interconnect@48000000/segment@0/target-module@40000
[    0.002158] Console: colour dummy device 80x30
[    0.002225] WARNING: Your 'console=ttyO0' has been replaced by 'ttyS0'
[    0.002232] This ensures that you still see kernel messages. Please
[    0.002236] update your kernel commandline.
[    0.002279] Calibrating delay loop... 996.14 BogoMIPS (lpj=4980736)
[    0.090585] CPU: Testing write buffer coherency: ok
[    0.090698] CPU0: Spectre v2: using BPIALL workaround
[    0.090707] pid_max: default: 32768 minimum: 301
[    0.090873] LSM: initializing lsm=capability
[    0.091056] Mount-cache hash table entries: 1024 (order: 0, 4096 bytes, linear)
[    0.091075] Mountpoint-cache hash table entries: 1024 (order: 0, 4096 bytes, linear)
[    0.092685] CPU0: thread -1, cpu 0, socket -1, mpidr 0
[    0.092741] cacheinfo: Unable to detect cache hierarchy for CPU 0
[    0.094831] Setting up static identity map for 0x80100000 - 0x80100078
[    0.095155] rcu: Hierarchical SRCU implementation.
[    0.095166] rcu: 	Max phase no-delay instances is 1000.
[    0.096921] smp: Bringing up secondary CPUs ...
[    0.096973] smp: Brought up 1 node, 1 CPU
[    0.096985] SMP: Total of 1 processors activated (996.14 BogoMIPS).
[    0.096996] CPU: All CPU(s) started in SVC mode.
[    0.097187] Memory: 480828K/522240K available (11264K kernel code, 1215K rwdata, 2924K rodata, 1024K init, 285K bss, 23380K reserved, 16384K cma-reserved, 0K highmem)
[    0.098013] devtmpfs: initialized
[    0.114980] VFP support v0.3: implementor 41 architecture 3 part 30 variant c rev 3
[    0.115623] clocksource: jiffies: mask: 0xffffffff max_cycles: 0xffffffff, max_idle_ns: 19112604462750000 ns
[    0.115679] posixtimers hash table entries: 512 (order: 0, 4096 bytes, linear)
[    0.115705] futex hash table entries: 256 (16384 bytes on 1 NUMA nodes, total 16 KiB, linear).
[    0.116830] pinctrl core: initialized pinctrl subsystem
[    0.118866] NET: Registered PF_NETLINK/PF_ROUTE protocol family
[    0.121988] DMA: preallocated 256 KiB pool for atomic coherent allocations
[    0.122936] audit: initializing netlink subsys (disabled)
[    0.124282] thermal_sys: Registered thermal governor 'fair_share'
[    0.124298] thermal_sys: Registered thermal governor 'step_wise'
[    0.124307] thermal_sys: Registered thermal governor 'user_space'
[    0.124419] audit: type=2000 audit(0.120:1): state=initialized audit_enabled=0 res=1
[    0.124490] cpuidle: using governor menu
[    0.142367] /ocp/interconnect@44c00000/segment@200000/target-module@b000/i2c@0/tda19988@70: Fixed dependency cycle(s) with /ocp/interconnect@48000000/segment@300000/target-module@e000/lcdc@0
[    0.143524] /ocp/interconnect@48000000/segment@300000/target-module@e000/lcdc@0: Fixed dependency cycle(s) with /ocp/interconnect@44c00000/segment@200000/target-module@b000/i2c@0/tda19988@70
[    0.145709] No ATAGs?
[    0.145752] hw-breakpoint: debug architecture 0x4 unsupported.
[    0.148481] kprobes: kprobe jump-optimization is enabled. All kprobes are optimized if possible.
[    0.153827] iommu: Default domain type: Translated
[    0.153850] iommu: DMA domain TLB invalidation policy: strict mode
[    0.161435] SCSI subsystem initialized
[    0.162309] pps_core: LinuxPPS API ver. 1 registered
[    0.162320] pps_core: Software ver. 5.3.6 - Copyright 2005-2007 Rodolfo Giometti <giometti@linux.it>
[    0.162344] PTP clock support registered
[    0.171429] vgaarb: loaded
[    0.171801] clocksource: Switched to clocksource dmtimer
[    0.172456] VFS: Disk quotas dquot_6.6.0
[    0.172515] VFS: Dquot-cache hash table entries: 1024 (order 0, 4096 bytes)
[    0.197894] NET: Registered PF_INET protocol family
[    0.198236] IP idents hash table entries: 8192 (order: 4, 65536 bytes, linear)
[    0.199656] tcp_listen_portaddr_hash hash table entries: 512 (order: 0, 4096 bytes, linear)
[    0.199691] Table-perturb hash table entries: 65536 (order: 6, 262144 bytes, linear)
[    0.199710] TCP established hash table entries: 4096 (order: 2, 16384 bytes, linear)
[    0.199755] TCP bind hash table entries: 4096 (order: 4, 65536 bytes, linear)
[    0.199855] TCP: Hash tables configured (established 4096 bind 4096)
[    0.199975] UDP hash table entries: 256 (order: 1, 14336 bytes, linear)
[    0.200009] UDP-Lite hash table entries: 256 (order: 1, 14336 bytes, linear)
[    0.200197] NET: Registered PF_UNIX/PF_LOCAL protocol family
[    0.201482] RPC: Registered named UNIX socket transport module.
[    0.201499] RPC: Registered udp transport module.
[    0.201505] RPC: Registered tcp transport module.
[    0.201509] RPC: Registered tcp-with-tls transport module.
[    0.201515] RPC: Registered tcp NFSv4.1 backchannel transport module.
[    0.201541] PCI: CLS 0 bytes, default 64
[    0.203035] Initialise system trusted keyrings
[    0.212393] workingset: timestamp_bits=14 max_order=17 bucket_order=3
[    0.213747] NFS: Registering the id_resolver key type
[    0.213810] Key type id_resolver registered
[    0.213818] Key type id_legacy registered
[    0.213923] jffs2: version 2.2. (NAND) (SUMMARY)  Â© 2001-2006 Red Hat, Inc.
[    0.214398] Key type asymmetric registered
[    0.214412] Asymmetric key parser 'x509' registered
[    0.214486] io scheduler mq-deadline registered
[    0.214496] io scheduler kyber registered
[    0.214573] io scheduler bfq registered
[    0.216451] target-module@4b000000:target-module@140000:pmu@0:fck: device ID is greater than 24
[    0.222647] l3-aon-clkctrl:0000:0: failed to disable
[    0.222918] ledtrig-cpu: registered to indicate activity on CPUs
[    0.232524] Serial: 8250/16550 driver, 6 ports, IRQ sharing enabled
[    0.270142] brd: module loaded
[    0.297152] loop: module loaded
[    0.298094] mtdoops: mtd device (mtddev=name/number) must be supplied
[    0.301145] i2c_dev: i2c /dev entries driver
[    0.302352] cpuidle: enable-method property 'ti,am3352' found operations
[    0.302805] sdhci: Secure Digital Host Controller Interface driver
[    0.302815] sdhci: Copyright(c) Pierre Ossman
[    0.302994] sdhci-pltfm: SDHCI platform and OF driver helper
[    0.304456] hw perfevents: enabled with armv7_cortex_a8 PMU driver, 5 (8000000f) counters available
[    0.304965] Initializing XFRM netlink socket
[    0.305150] NET: Registered PF_INET6 protocol family
[    0.310805] l3-aon-clkctrl:0000:0: failed to disable
[    0.312379] Segment Routing with IPv6
[    0.312463] In-situ OAM (IOAM) with IPv6
[    0.312559] sit: IPv6, IPv4 and MPLS over IPv4 tunneling driver
[    0.313511] NET: Registered PF_PACKET protocol family
[    0.313537] NET: Registered PF_KEY protocol family
[    0.313651] Key type dns_resolver registered
[    0.313880] ThumbEE CPU extension supported.
[    0.313900] Registering SWP/SWPB emulation handler
[    0.314435] omap_voltage_late_init: Voltage driver support not added
[    0.315095] SmartReflex Class3 initialized
[    0.359614] Loading compiled-in X.509 certificates
[    0.389964] /ocp/interconnect@44c00000/segment@200000/target-module@b000/i2c@0/tda19988@70: Fixed dependency cycle(s) with /ocp/interconnect@48000000/segment@300000/target-module@e000/lcdc@0
[    0.396575] /ocp/interconnect@44c00000/segment@200000/target-module@b000/i2c@0/tda19988@70: Fixed dependency cycle(s) with /ocp/interconnect@48000000/segment@300000/target-module@e000/lcdc@0
[    0.435900] /ocp/interconnect@44c00000/segment@200000/target-module@b000/i2c@0/tda19988@70: Fixed dependency cycle(s) with /ocp/interconnect@48000000/segment@300000/target-module@e000/lcdc@0
[    0.436813] /ocp/interconnect@44c00000/segment@200000/target-module@b000/i2c@0/tda19988@70: Fixed dependency cycle(s) with /ocp/interconnect@48000000/segment@300000/target-module@e000/lcdc@0
[    0.440258] /ocp/interconnect@44c00000/segment@200000/target-module@10000/scm@0/pinmux@800: Fixed dependency cycle(s) with /ocp/interconnect@44c00000/segment@200000/target-module@10000/scm@0/pinmux@800/clkout2-pins
[    0.440836] pinctrl-single 44e10800.pinmux: 142 pins, size 568
[    0.446388] ti-sysc 44e31000.target-module: probe with driver ti-sysc failed with error -16
[    0.470918] /ocp/interconnect@48000000/segment@300000/target-module@e000/lcdc@0: Fixed dependency cycle(s) with /ocp/interconnect@44c00000/segment@200000/target-module@b000/i2c@0/tda19988@70
[    0.479189] ti-sysc 48040000.target-module: probe with driver ti-sysc failed with error -16
[    0.525473] OMAP GPIO hardware version 0.1
[    0.554845] omap_i2c 4819c000.i2c: bus 2 rev0.11 at 100 kHz
[    0.582202] 48000000.interconnect:segment@200000:target-module@0:mpu@0:fck: device ID is greater than 24
[    0.583172] /ocp/interconnect@48000000/segment@300000/target-module@e000/lcdc@0: Fixed dependency cycle(s) with /ocp/interconnect@44c00000/segment@200000/target-module@b000/i2c@0/tda19988@70
[    0.586016] /ocp/interconnect@48000000/segment@300000/target-module@e000/lcdc@0: Fixed dependency cycle(s) with /ocp/interconnect@44c00000/segment@200000/target-module@b000/i2c@0/tda19988@70
[    0.586719] /ocp/interconnect@44c00000/segment@200000/target-module@b000/i2c@0/tda19988@70: Fixed dependency cycle(s) with /ocp/interconnect@48000000/segment@300000/target-module@e000/lcdc@0
[    0.586880] /ocp/interconnect@48000000/segment@300000/target-module@e000/lcdc@0: Fixed dependency cycle(s) with /ocp/interconnect@44c00000/segment@200000/target-module@b000/i2c@0/tda19988@70
[    0.598111] sdhci-omap 481d8000.mmc: supply pbias not found, using dummy regulator
[    0.598609] sdhci-omap 481d8000.mmc: supply vqmmc not found, using dumm y regulator
[    0.653492] davinci_mdio 4a101000.mdio: davinci mdio revision 1.6, bus freq 1000000
[    0.813832] davinci_mdio 4a101000.mdio: phy[0]: device 4a101000.mdio:00, driver SMSC LAN8710/LAN8720
[    0.814604] cpsw-switch 4a100000.switch: initialized cpsw ale version 1.4
[    0.814627] cpsw-switch 4a100000.switch: ALE Table size 1024, Policers 0
[    0.814785] cpsw-switch 4a100000.switch: cpts: overflow check period 500 (jiffies)
[    0.814803] cpsw-switch 4a100000.switch: CPTS: ref_clk_freq :250000000 calc_mult:2147483648 calc_shift:29 error:0 nsec/sec
[    0.814922] cpsw-switch 4a100000.switch: Detected MACID = 6c:ec:eb:68:de:78
[    0.816760] cpsw-switch 4a100000.switch: initialized (regs 0x4a100000, pool size 256) hw_ver:0019010C 1.12 (0)
[    0.827658] debugfs: Directory '49000000.dma' with parent 'dmaengine' already present!
[    0.827701] edma 49000000.dma: TI EDMA DMA engine driver
[    0.883614] 44e09000.serial: ttyS0 at MMIO 0x44e09000 (irq = 34, base_baud = 3000000) is a 8250
[    0.883705] printk: legacy console [ttyS0] enabled
[    2.372776] tps65217-pmic: Failed to locate of_node [id: -1]
[    2.378835] tps65217-bl: Failed to locate of_node [id: -1]
[    2.384896] platform tps65217-charger: DMA mask not set
[    2.390919] platform tps65217-pwrbutton: DMA mask not set
[    2.398335] tps65217 0-0024: TPS65217 ID 0xe version 1.2
[    2.404480] /ocp/interconnect@48000000/segment@300000/target-module@e000/lcdc@0: Fixed dependency cycle(s) with /ocp/interconnect@44c00000/segment@200000/target-module@b000/i2c@0/tda19988@70
[    2.421885] /ocp/interconnect@44c00000/segment@200000/target-module@b000/i2c@0/tda19988@70: Fixed dependency cycle(s) with /ocp/interconnect@48000000/segment@300000/target-module@e000/lcdc@0
[    2.439214] omap_i2c 44e0b000.i2c: bus 0 rev0.11 at 400 kHz
[    2.447067] omap_gpio 44e07000.gpio: Could not set line 6 debounce to 200000 microseconds (-22)
[    2.455999] sdhci-omap 48060000.mmc: Got CD GPIO
[    2.461010] sdhci-omap 48060000.mmc: supply pbias nc: supply vqmmc not found, using dummy regulator
[    2.480259] sdhci-omap 481d8000.mmc: supply pbias not found, using dummy regulator
[    2.490008] sdhci-omap 481d8000.mmc: supply vqmmc not found, using dummy regulator
[    2.525582] mmc0: SDHCI controller on 48060000.mmc [48060000.mmc] using External DMA
[    2.533900] mmc1: SDHCI controller on 481d8000.mmc [481d8000.mmc] using External DMA
[    2.542688] cpsw-switch 4a100000.switch: starting ndev. mode: dual_mac
[    2.590971] mmc0: new high speed SDHC card at address 5048
[    2.598006] mmcblk0: mmc0:5048 SD16G 14.4 GiB
[    2.606302]  mmcblk0: p1 p2
[    2.609686] mmcblk0: p2 size 31221760 extends beyond EOD, truncated
[    2.623193] SMSC LAN8710/LAN8720 4a101000.mdio:00: attached PHY driver (mii_bus:phy_addr=4a101000.mdio:00, irq=POLL)
[    2.634191] mmc1: new high speed MMC card at address 0001
[    2.646633] mmcblk1: mmc1:0001 MMC04G 3.60 GiB
[    2.654260]  mmcblk1: p1 p2
[    2.658712] mmcblk1boot0: mmc1:0001 MMC04G 2.00 MiB
[    2.667634] mmcblk1boot1: mmc1:0001 MMC04G 2.00 MiB
[    2.676581] mmcblk1rpmb: mmc1:0001 MMC04G 128 KiB, chardev (248:0)
[    5.762590] cpsw-switch 4a100000.switch eth0: Link is Up - 100Mbps/Full - flow control off
[    5.802054] IP-Config: Complete:
[    5.805330]      device=eth0, hwaddr=6c:ec:eb:68:de:78, ipaddr=192.168.255.1, mask=255.255.255.0, gw=255.255.255.255
[    5.816012]      host=bbb1, domain=, nis-domain=(none)
[    5.821182]      bootserver=192.168.255.126, rootserver=192.168.255.126, rootpath=
[    5.821601] clk: Disabling unused clocks
[    5.833453] PM: genpd: Disabling unused power domains
[    5.838572] KTAP version 1
[    5.841292] 1..0
[    5.876893] VFS: Mounted root (nfs filesystem) on device 0:17.
[    5.884193] devtmpfs: mounted
[    5.888672] Freeing unused kernel image (initmem) memory: 1024K
[    5.895476] Run /sbin/init as init process
[    6.570625] systemd[1]: System time before build time, advancing clock.
[    8.111821] random: crng init done
[    8.128498] systemd[1]: systemd 232 running in system mode. (+PAM +AUDIT +SELINUX +IMA +APPARMOR +SMACK +SYSVINIT +UTMP +LIBCRYPTSETUP +GCRYPT +GNUTLS +ACL +XZ +LZ4 +SECCOMP +BLKID +ELFUTILS +KMOD +IDN)
[    8.147517] systemd[1]: Detected architecture arm.

Welcome to [1mDebian GNU/Linux 9 (stretch)[0m!

[    8.175192] systemd[1]: Set hostname to <arm>.
[    9.301639] systemd[1]: Started Forward Password Requests to Wall Directory Watch.
[[0;32m  OK  [0m] Started Forward Password Requests to Wall Directory Watch.
[    9.335953] systemd[1]: Listening on /dev/initctl Compatibility Named Pipe.
[[0;32m  OK  [0m] Listening on /dev/initctl Compatibility Named Pipe.
[    9.363602] systemd[1]: Set up automount Arbitrary Executable File Formats File System Automount Point.
[[0;32m  OK  [0m] Set up automount Arbitrary Executabâ€¦rmats File System Automount Point.
[    9.393329] systemd[1]: Created slice User and Session Slice.
[[0;32m  OK  [0m] Created slice User and Session Slice.
[    9.423886] systemd[1]: Listening on udev Control Socket.
[[0;32m  OK  [0m] Listening on udev Control Socket.
[    9.452251] systemd[1]: Reached target Remote File Systems.
[[0;32m  OK  [0m] Reached target Remote File Systems.
[    9.483141] systemd[1]: Created slice System Slice.
[[0;32m  OK  [0m] Created slice System Slice.
         Mounting POSIX Message Queue File System...
         Mounting Debug File System...
[[0;32m  OK  [0m] Created slice system-getty.slice.
[[0;32m  OK  [0m] Reached target Slices.
[[0;32m  OK  [0m] Listening on Syslog Socket.
[[0;32m  OK  [0m] Reached target Swap.
[[0;32m  OK  [0m] Listening on Journal Audit Socket.
[[0;32m  OK  [0m] Listening on Journal Socket.
         Starting Remount Root and Kernel File Systems...
         Starting Load Kernel Modules...
         Starting Create list of required stâ€¦ce nodes for the current kernel...
[[0;32m  OK  [0m] Listening on Journal Socket (/dev/log).
         Starting Journal Service...
[[0;32m  OK  [0m] Started Dispatch Password Requests to Console Directory Watch.
[[0;32m  OK  [0m] Reached target Encrypted Volumes.
[[0;32m  OK  [0m] Created slice system-serial\x2dgetty.slice.
[[0;32m  OK  [0m] Listening on udev Kernel Socket.
[[0;32m  OK  [0m] Reached target Paths.
[[0;32m  OK  [0m] Mounted POSIX Message Queue File System.
[[0;32m  OK  [0m] Mounted Debug File System.
[[0;32m  OK  [0m] Started Remount Root and Kernel File Systems.
[[0;32m  OK  [0m] Started Create list of required staâ€¦vice nodes for the current kernel.
[[0;32m  OK  [0m] Started Load Kernel Modules.
         Mounting Configuration File System...
         Starting Apply Kernel Variables...
         Starting Create Static Device Nodes in /dev...
         Starting Load/Save Random Seed...
         Starting udev Coldplug all Devices...
[[0;32m  OK  [0m] Mounted Configuration File System.
[[0;32m  OK  [0m] Started Apply Kernel Variables.
[[0;32m  OK  [0m] Started Load/Save Random Seed.
[[0;32m  OK  [0m] Started Create Static Device Nodes in /dev.
         Starting udev Kernel Device Manager...
[[0;32m  OK  [0m] Reached target Local File Systems (Pre).
[[0;32m  OK  [0m] Reached target Local File Systems.
         Starting Raise network interfaces...
[[0;32m  OK  [0m] Started Journal Service.
         Starting Flush Journal to Persistent Storage...
[   11.653933] systemd-journald[88]: Received request to flush runtime journal from PID 1
[[0;32m  OK  [0m] Started Flush Journal to Persistent Storage.
         Starting Create Volatile Files and Directories...
[[0;32m  OK  [0m] Started udev Kernel Device Manager.
[[0;32m  OK  [0m] Started Create Volatile Files and Directories.
         Starting Network Time Synchronization...
         Starting Update UTMP about System Boot/Shutdown...
[[0;32m  OK  [0m] Started Update UTMP about System Boot/Shutdown.
[[0;32m  OK  [0m] Started udev Coldplug all Devices.
[   14.823369] remoteproc remoteproc0: wkup_m3 is available
[[0;32m  OK  [0m] Started Network Time Synchronization.
[   14.998070] omap_rtc 44e3e000.rtc: registered as rtc0
[   15.003490] omap_rtc 44e3e000.rtc: setting system clock to 2000-01-01T00:00:00 UTC (946684800)
[   15.036548] at24 2-0054: supply vcc not found, using dummy regulator
[   15.128993] at24 2-0055: supply vcc not found, using dummy regulator
[   15.185065] am335x-phy-driver 47401300.usb-phy: dummy supplies not allowed for exclusive requests (id=vbus)
[   15.244798] at24 2-0056: supply vcc not found, using dummy regulator
[   15.342475] am335x-phy-driver 47401b00.usb-phy: dummy supplies not allowed for exclusive requests (id=vbus)
[   15.356142] at24 2-0057: supply vcc not found, using dummy regulator
[   15.481227] at24 0-0050: 32768 byte 24c256 EEPROM, writable, 1 bytes/write
[   15.775250] input: tps65217_pwrbutton as /devices/platform/ocp/44c00000.interconnect/44c00000.interconnect:segment@200000/44e0b000.target-module/44e0b000.i2c/i2c-0/0-0024/tps65217-pwrbutton/input/input0
[[0;32m  OK  [0m] Found device /dev/ttyS0.
[   16.081734] omap_wdt: OMAP Watchdog Timer Rev 0x01: initial timeout 60 sec
[[0;32m  OK  [0m] Reached target System Time Synchronized.
[[0;32m  OK  [0m] Reached target System Initialization.
[[0;32m  OK  [0m] Started Daily Cleanup of Temporary Directories.
[[0;32m  OK  [0m] Listening on Avahi mDNS/DNS-SD Stack Activation Socket.
[   16.505091] usbcore: registered new interface driver usbfs
[   16.510748] usbcore: registered new interface driver hub
[   16.516456] usbcore: registered new device driver usb
[[0;32m  OK  [0m] Started Daily apt download activities.
[[0;32m  OK  [0m] Started Daily apt upgrade and clean activities.
[[0;32m  OK  [0m] Reached target Timers.
[[0;32m  OK  [0m] Listening on D-Bus System Message Bus Socket.
[[0;32m  OK  [0m] Reached target Sockets.
[[0;32m  OK  [0m] Reached target Basic System.
[[0;32m  OK  [0m] Started Regular background program processing daemon.
[   17.082391] omap-mailbox 480c8000.mailbox: omap mailbox rev 0x400
[   17.116799] tda998x 0-0070: found TDA19988
[   17.153019] remoteproc remoteproc0: powering up wkup_m3
         Starting Generic Board Startup...
[   17.298439] remoteproc remoteproc0: Direct firmware load for am335x-pm-firmware.elf failed with error -2
[   17.308299] remoteproc remoteproc0: request_firmware failed: -2
[   17.314388] wkup_m3_ipc 44e11324.wkup_m3_ipc: rproc_boot failed
[   17.360234] musb-hdrc musb-hdrc.1: MUSB HDRC host driver
[   17.365893] musb-hdrc musb-hdrc.1: new USB bus registered, assigned bus number 1
         Starting Avahi mDNS/DNS-SD Stack...
         Starting System Logging Service...
[   17.632397] usb usb1: New USB device found, idVendor=1d6b, idProduct=0002, bcdDevice= 6.16
[   17.640840] usb usb1: New USB device strings: Mfr=3, Product=2, SerialNumber=1
[   17.648196] usb usb1: Product: MUSB HDRC host driver
[   17.653233] usb usb1: Manufacturer: Linux 6.16.0-rc2-next-20250618 musb-hcd
[   17.660233] usb usb1: SerialNumber: musb-hdrc.1
         Starting Login Service...
         Starting Telephony service...
         Starting LSB: Load kernel modules needed to enable cpufreq scaling...
         Starting LSB: Start busybox udhcpd at boot time...[   18.146130] hub 1-0:1.0: USB hub found

[   18.282178] hub 1-0:1.0: 1 port detected
         Starting DUN service...
[[0;32m  OK  [0m] Started D-Bus System Message Bus.
[   20.662053] omap_rng 48310000.rng: Random Number Generator ver. 20
[   20.715926] tilcdc 4830e000.lcdc: bound 0-0070 (ops tda998x_audio_codec_init [tda998x])
[   20.810337] [drm] Initialized tilcdc 1.0.0 for 4830e000.lcdc on minor 0
[   20.865426] tilcdc 4830e000.lcdc: [drm] Cannot find any crtc or sizes
[   20.873528] tilcdc 4830e000.lcdc: [drm] Cannot find any crtc or sizes
[   21.310891] PM: Cannot get wkup_m3_ipc handle
[   21.497407] omap-sham 53100000.sham: hw accel on OMAP rev 4.3
[   21.606668] omap-aes 53500000.aes: OMAP AES hw accel rev: 3.2
[   21.619598] omap-sham 53100000.sham: will run requests pump with realtime priority
[   21.628637] PM: Cannot get wkup_m3_ipc handle
[   21.719542] omap-aes 53500000.aes: will run requests pump with realtime priority
[   21.728049] PM: Cannot get wkup_m3_ipc handle
[[0;32m  OK  [0m] Started DUN service.
[[0;32m  OK  [0m] Started Avahi mDNS/DNS-SD Stack.
[[0;32m  OK  [0m] Started Telephony service.
         Starting Connection service...
         Starting Cape Manager Service...
[[0;32m  OK  [0m] Started System Logging Service.
[   24.064127] Bluetooth: Core ver 2.22
[   24.067949] NET: Registered PF_BLUETOOTH protocol family
[   24.073538] Bluetooth: HCI device and connection manager initialized
[   24.079957] Bluetooth: HCI socket layer initialized
[   24.084961] Bluetooth: L2CAP socket layer initialized
[   24.090080] Bluetooth: SCO socket layer initialized
[[0;32m  OK  [0m] Started Cape Manager Service.
[   25.366193] PM: Cannot get wkup_m3_ipc handle
[   25.423031] gpio-537 (nxp,calib): gpiod_direction_output_nonotify: tried to set a GPIO tied to an IRQ as output
[   25.492817] PM: Cannot get wkup_m3_ipc handle
[   25.681583] tda9950 0-0034: TDA9950 CEC interface, hardware version 3.3
[   25.756789] PM: Cannot get wkup_m3_ipc handle
[[0;32m  OK  [0m] Started Raise network interfaces.
[[0;32m  OK  [0m] Started LSB: Start busybox udhcpd at boot time.
[[0;32m  OK  [0m] Started LSB: Load kernel modules needed to enable cpufreq scaling.
[   28.409200] configfs-gadget.g_multi gadget.0: HOST MAC 1c:ba:8c:a2:ed:6c
[   28.416226] configfs-gadget.g_multi gadget.0: MAC 1c:ba:8c:a2:ed:70
[   28.423866] configfs-gadget.g_multi gadget.0: HOST MAC 1c:ba:8c:a2:ed:6c
[   28.430630] configfs-gadget.g_multi gadget.0: MAC 1c:ba:8c:a2:ed:6d
[   28.437920] PM: Cannot get wkup_m3_ipc handle
[[0;32m  OK  [0m] Started Connection service.
[[0;32m  OK  [0m] Started Login Service.
[[0;32m  OK  [0m] Reached target Sound Card.
         Starting LSB: set CPUFreq kernel parameters...
[[0;32m  OK  [0m] Reached target Network.
         Starting The Apache HTTP Server...
         Starting OpenBSD Secure Shell server...
         Starting Permit User Sessions...
[[0;32m  OK  [0m] Reached target Network is Online.
         Starting LSB: Advanced IEEE 802.11 management daemon...
[[0;32m  OK  [0m] Started LSB: Advanced IEEE 802.11 management daemon.
[[0;32m  OK  [0m] Started Permit User Sessions.
         Starting Hostname Service...
         Starting WPA supplicant...
[[0;32m  OK  [0m] Started Getty on tty1.
[[0;32m  OK  [0m] Started Serial Getty on ttyS0.
[[0;32m  OK  [0m] Reached target Login Prompts.
[[0;32m  OK  [0m] Started LSB: set CPUFreq kernel parameters.
         Stopping LSB: Start busybox udhcpd at boot time...
[[0;32m  OK  [0m] Started WPA supplicant.
[[0;32m  OK  [0m] Started Hostname Service.
[[0;32m  OK  [0m] Started OpenBSD Secure Shell server.
[[0;32m  OK  [0m] Stopped LSB: Start busybox udhcpd at boot time.
         Starting dnsmasq - A lightweight DHCP and caching DNS server...
[[0;32m  OK  [0m] Started The Apache HTTP Server.
[[0;32m  OK  [0m] Started dnsmasq - A lightweight DHCP and caching DNS server.
[[0;32m  OK  [0m] Reached target Host and Network Name Lookups.
[[0;32m  OK  [0m] Started Serial Getty on ttyGS0.
[[0;32m  OK  [0m] Started Generic Board Startup.
[[0;32m  OK  [0m] Reached target Multi-User System.
[[0;32m  OK  [0m] Reached target Graphical Interface.
         Starting Update UTMP about System Runlevel Changes...
[[0;32m  OK  [0m] Started Update UTMP about System Runlevel Changes.

Debian GNU/Linux 9 arm ttyS0

default username:password is [debian:temppwd]

arm login: root
Password: 
Last login: Sat Jan  1 00:00:30 UTC 2000 on ttyS0
root
Linux arm 6.16.0-rc2-next-20250618 #1 SMP Wed Jun 18 10:23:04 EEST 2025 armv7l

The programs included with the Debian GNU/Linux system are free software;
the exact distribution terms for each program are described in the
individual files in /usr/share/doc/*/copyright.

Debian GNU/Linux comes with ABSOLUTELY NO WARRANTY, to the extent
permitted by applicable law.
root@arm:~# root
-bash: root: command not found
root@arm:~# dmesg -n 1
root@arm:~# echo 'VPGS''EESYBH'
VPGSEESYBH
root@arm:~# run() { echo -n "$MARKER"; sh -c "$@"; echo "$MARKER $?"; }
root@arm:~# echo 'OEZY''JVOLJQ'
OEZYJVOLJQ
root@arm:~# MARKER='LABP''VLFKHO' run 'cat /proc/version'
LABPVLFKHOLinux version 6.16.0-rc2-next-20250618 (user01@drvtest01) (arm-none-eabi-gcc (Arm GNU Toolchain 14.2.Rel1 (Build arm-14.52)) 14.2.1 20241119, GNU ld (Arm GNU Toolchain 14.2.Rel1 (Build arm-14.52)) 2.43.1.20241119) #1 SMP Wed Jun 18 10:23:04 EEST 2025
LABPVLFKHO 0
root@arm:~# echo 'FXMK''JVLWYE'
FXMKJVLWYE
root@arm:~# MARKER='SMEP''KEWHSQ' run false
SMEPKEWHSQSMEPKEWHSQ 1
root@arm:~# Labgrid Console Logfile for main
Logfile started at 2025-06-18 10:27:28.513642
=== Log starts here ===

root@arm:~# run() { echo -n "$MARKER"; sh -c "$@"; echo "$MARKER $?"; }
root@arm:~# echo 'OLMN''FNZEXL'
OLMNFNZEXL
root@arm:~# MARKER='VGXQ''JWHWJG' run 'ls /iio_generic_buffer; echo $?'
VGXQJWHWJG/iio_generic_buffer
0
VGXQJWHWJG 0
root@arm:~# Labgrid Console Logfile for main
Logfile started at 2025-06-18 10:27:31.903391
=== Log starts here ===

root@arm:~# run() { echo -n "$MARKER"; sh -c "$@"; echo "$MARKER $?"; }
root@arm:~# echo 'PYOQ''AVKOAX'
PYOQAVKOAX
root@arm:~# MARKER='TYYF''AZGNVL' run dmesg
TYYFAZGNVL[    0.000000] Booting Linux on physical CPU 0x0
[    0.000000] Linux version 6.16.0-rc2-next-20250618 (user01@drvtest01) (arm-none-eabi-gcc (Arm GNU Toolchain 14.2.Rel1 (Build arm-14.52)) 14.2.1 20241119, GNU ld (Arm GNU Toolchain 14.2.Rel1 (Build arm-14.52)) 2.43.1.20241119) #1 SMP Wed Jun 18 10:23:04 EEST 2025
[    0.000000] CPU: ARMv7 Processor [413fc082] revision 2 (ARMv7), cr=10c5387d
[    0.000000] CPU: PIPT / VIPT nonaliasing data cache, VIPT aliasing instruction cache
[    0.000000] OF: fdt: Machine model: TI AM335x BeagleBone Black
[    0.000000] Memory policy: Data cache writeback
[    0.000000] cma: Reserved 16 MiB at 0x9e800000
[    0.000000] Zone ranges:
[    0.000000]   Normal   [mem 0x0000000080000000-0x000000009fdfffff]
[    0.000000]   HighMem  empty
[    0.000000] Movable zone start for each node
[    0.000000] Early memory node ranges
[    0.000000]   node   0: [mem 0x0000000080000000-0x000000009fdfffff]
[    0.000000] Initmem setup node 0 [mem 0x0000000080000000-0x000000009fdfffff]
[    0.000000] On node 0, zone Normal: 512 pages in unavailable ranges
[    0.000000] OF: reserved mem: Reserved memory: No reserved-memory node in the DT
[    0.000000] CPU: All CPU(s) started in SVC mode.
[    0.000000] AM335X ES2.1 (sgx neon)
[    0.000000] percpu: Embedded 17 pages/cpu s39820 r8192 d21620 u69632
[    0.000000] pcpu-alloc: s39820 r8192 d21620 u69632 alloc=17*4096
[    0.000000] pcpu-alloc: [0] 0 
[    0.000000] Kernel command line: console=ttyO0,115200n8 root=/dev/nfs rw nfsroot=192.168.255.126:/home/user01/nfs,nfsvers=3 ip=192.168.255.1:192.168.255.126::255.255.255.0:bbb1:eth0 nfsrootdebug
[    0.000000] Unknown kernel command line parameters "nfsrootdebug", will be passed to user space.
[    0.000000] printk: log buffer data + meta data: 65536 + 204800 = 270336 bytes
[    0.000000] Dentry cache hash table entries: 65536 (order: 6, 262144 bytes, linear)
[    0.000000] Inode-cache hash table entries: 32768 (order: 5, 131072 bytes, linear)
[    0.000000] Built 1 zonelists, mobility grouping on.  Total pages: 130560
[    0.000000] mem auto-init: stack:off, heap alloc:off, heap free:off
[    0.000000] SLUB: HWalign=16, Order=0-3, MinObjects=0, CPUs=1, Nodes=1
[    0.000000] rcu: Hierarchical RCU implementation.
[    0.000000] rcu: 	RCU event tracing is enabled.
[    0.000000] rcu: 	RCU restricting CPUs from NR_CPUS=2 to nr_cpu_ids=1.
[    0.000000] 	Tracing variant of Tasks RCU enabled.
[    0.000000] rcu: RCU calculated value of scheduler-enlistment delay is 10 jiffies.
[    0.000000] rcu: Adjusting geometry for rcu_fanout_leaf=16, nr_cpu_ids=1
[    0.000000] RCU Tasks Trace: Setting shift to 0 and lim to 1 rcu_task_cb_adjust=1 rcu_task_cpu_ids=1.
[    0.000000] NR_IRQS: 16, nr_irqs: 16, preallocated irqs: 16
[    0.000000] IRQ: Found an INTC at 0x(ptrval) (revision 5.0) with 128 interrupts
[    0.000000] rcu: srcu_init: Setting srcu_struct sizes based on contention.
[    0.000000] TI gptimer clocksource: always-on /ocp/interconnect@44c00000/segment@200000/target-module@31000
[    0.000003] sched_clock: 32 bits at 24MHz, resolution 41ns, wraps every 89478484971ns
[    0.000027] clocksource: dmtimer: mask: 0xffffffff max_cycles: 0xffffffff, max_idle_ns: 79635851949 ns
[    0.000538] TI gptimer clockevent: 24000000 Hz at /ocp/interconnect@48000000/segment@0/target-module@40000
[    0.002158] Console: colour dummy device 80x30
[    0.002225] WARNING: Your 'console=ttyO0' has been replaced by 'ttyS0'
[    0.002232] This ensures that you still see kernel messages. Please
[    0.002236] update your kernel commandline.
[    0.002279] Calibrating delay loop... 996.14 BogoMIPS (lpj=4980736)
[    0.090585] CPU: Testing write buffer coherency: ok
[    0.090698] CPU0: Spectre v2: using BPIALL workaround
[    0.090707] pid_max: default: 32768 minimum: 301
[    0.090873] LSM: initializing lsm=capability
[    0.091056] Mount-cache hash table entries: 1024 (order: 0, 4096 bytes, linear)
[    0.091075] Mountpoint-cache hash table entries: 1024 (order: 0, 4096 bytes, linear)
[    0.092685] CPU0: thread -1, cpu 0, socket -1, mpidr 0
[    0.092741] cacheinfo: Unable to detect cache hierarchy for CPU 0
[    0.094831] Setting up static identity map for 0x80100000 - 0x80100078
[    0.095155] rcu: Hierarchical SRCU implementation.
[    0.095166] rcu: 	Max phase no-delay instances is 1000.
[    0.096921] smp: Bringing up secondary CPUs ...
[    0.096973] smp: Brought up 1 node, 1 CPU
[    0.096985] SMP: Total of 1 processors activated (996.14 BogoMIPS).
[    0.096996] CPU: All CPU(s) started in SVC mode.
[    0.097187] Memory: 480828K/522240K available (11264K kernel code, 1215K rwdata, 2924K rodata, 1024K init, 285K bss, 23380K reserved, 16384K cma-reserved, 0K highmem)
[    0.098013] devtmpfs: initialized
[    0.114980] VFP support v0.3: implementor 41 architecture 3 part 30 variant c rev 3
[    0.115623] clocksource: jiffies: mask: 0xffffffff max_cycles: 0xffffffff, max_idle_ns: 19112604462750000 ns
[    0.115679] posixtimers hash table entries: 512 (order: 0, 4096 bytes, linear)
[    0.115705] futex hash table entries: 256 (16384 bytes on 1 NUMA nodes, total 16 KiB, linear).
[    0.116830] pinctrl core: initialized pinctrl subsystem
[    0.118866] NET: Registered PF_NETLINK/PF_ROUTE protocol family
[    0.121988] DMA: preallocated 256 KiB pool for atomic coherent allocations
[    0.122936] audit: initializing netlink subsys (disabled)
[    0.124282] thermal_sys: Registered thermal governor 'fair_share'
[    0.124298] thermal_sys: Registered thermal governor 'step_wise'
[    0.124307] thermal_sys: Registered thermal governor 'user_space'
[    0.124419] audit: type=2000 audit(0.120:1): state=initialized audit_enabled=0 res=1
[    0.124490] cpuidle: using governor menu
[    0.142367] /ocp/interconnect@44c00000/segment@200000/target-module@b000/i2c@0/tda19988@70: Fixed dependency cycle(s) with /ocp/interconnect@48000000/segment@300000/target-module@e000/lcdc@0
[    0.143524] /ocp/interconnect@48000000/segment@300000/target-module@e000/lcdc@0: Fixed dependency cycle(s) with /ocp/interconnect@44c00000/segment@200000/target-module@b000/i2c@0/tda19988@70
[    0.145709] No ATAGs?
[    0.145752] hw-breakpoint: debug architecture 0x4 unsupported.
[    0.148481] kprobes: kprobe jump-optimization is enabled. All kprobes are optimized if possible.
[    0.153827] iommu: Default domain type: Translated
[    0.153850] iommu: DMA domain TLB invalidation policy: strict mode
[    0.155445] reg-fixed-voltage fixedregulator0: using DT '/fixedregulator0' for '(default)' GPIO lookup
[    0.155499] of_get_named_gpiod_flags: can't parse 'gpios' property of node '/fixedregulator0[0]'
[    0.155528] of_get_named_gpiod_flags: can't parse 'gpio' property of node '/fixedregulator0[0]'
[    0.155546] reg-fixed-voltage fixedregulator0: using lookup tables for GPIO lookup
[    0.155556] reg-fixed-voltage fixedregulator0: No GPIO consumer (default) found
[    0.161435] SCSI subsystem initialized
[    0.161941] libata version 3.00 loaded.
[    0.162309] pps_core: LinuxPPS API ver. 1 registered
[    0.162320] pps_core: Software ver. 5.3.6 - Copyright 2005-2007 Rodolfo Giometti <giometti@linux.it>
[    0.162344] PTP clock support registered
[    0.171429] vgaarb: loaded
[    0.171801] clocksource: Switched to clocksource dmtimer
[    0.172456] VFS: Disk quotas dquot_6.6.0
[    0.172515] VFS: Dquot-cache hash table entries: 1024 (order 0, 4096 bytes)
[    0.197894] NET: Registered PF_INET protocol family
[    0.198236] IP idents hash table entries: 8192 (order: 4, 65536 bytes, linear)
[    0.199656] tcp_listen_portaddr_hash hash table entries: 512 (order: 0, 4096 bytes, linear)
[    0.199691] Table-perturb hash table entries: 65536 (order: 6, 262144 bytes, linear)
[    0.199710] TCP established hash table entries: 4096 (order: 2, 16384 bytes, linear)
[    0.199755] TCP bind hash table entries: 4096 (order: 4, 65536 bytes, linear)
[    0.199855] TCP: Hash tables configured (established 4096 bind 4096)
[    0.199975] UDP hash table entries: 256 (order: 1, 14336 bytes, linear)
[    0.200009] UDP-Lite hash table entries: 256 (order: 1, 14336 bytes, linear)
[    0.200197] NET: Registered PF_UNIX/PF_LOCAL protocol family
[    0.201482] RPC: Registered named UNIX socket transport module.
[    0.201499] RPC: Registered udp transport module.
[    0.201505] RPC: Registered tcp transport module.
[    0.201509] RPC: Registered tcp-with-tls transport module.
[    0.201515] RPC: Registered tcp NFSv4.1 backchannel transport module.
[    0.201541] PCI: CLS 0 bytes, default 64
[    0.203035] Initialise system trusted keyrings
[    0.212393] workingset: timestamp_bits=14 max_order=17 bucket_order=3
[    0.213747] NFS: Registering the id_resolver key type
[    0.213810] Key type id_resolver registered
[    0.213818] Key type id_legacy registered
[    0.213923] jffs2: version 2.2. (NAND) (SUMMARY)  Â© 2001-2006 Red Hat, Inc.
[    0.214398] Key type asymmetric registered
[    0.214412] Asymmetric key parser 'x509' registered
[    0.214486] io scheduler mq-deadline registered
[    0.214496] io scheduler kyber registered
[    0.214573] io scheduler bfq registered
[    0.216451] target-module@4b000000:target-module@140000:pmu@0:fck: device ID is greater than 24
[    0.222647] l3-aon-clkctrl:0000:0: failed to disable
[    0.222918] ledtrig-cpu: registered to indicate activity on CPUs
[    0.232524] Serial: 8250/16550 driver, 6 ports, IRQ sharing enabled
[    0.270142] brd: module loaded
[    0.297152] loop: module loaded
[    0.298094] mtdoops: mtd device (mtddev=name/number) must be supplied
[    0.299764] mdio_bus fixed-0: using lookup tables for GPIO lookup
[    0.299788] mdio_bus fixed-0: No GPIO consumer reset found
[    0.301145] i2c_dev: i2c /dev entries driver
[    0.302352] cpuidle: enable-method property 'ti,am3352' found operations
[    0.302805] sdhci: Secure Digital Host Controller Interface driver
[    0.302815] sdhci: Copyright(c) Pierre Ossman
[    0.302994] sdhci-pltfm: SDHCI platform and OF driver helper
[    0.304456] hw perfevents: enabled with armv7_cortex_a8 PMU driver, 5 (8000000f) counters available
[    0.304965] Initializing XFRM netlink socket
[    0.305150] NET: Registered PF_INET6 protocol family
[    0.310805] l3-aon-clkctrl:0000:0: failed to disable
[    0.312379] Segment Routing with IPv6
[    0.312463] In-situ OAM (IOAM) with IPv6
[    0.312559] sit: IPv6, IPv4 and MPLS over IPv4 tunneling driver
[    0.313511] NET: Registered PF_PACKET protocol family
[    0.313537] NET: Registered PF_KEY protocol family
[    0.313651] Key type dns_resolver registered
[    0.313880] ThumbEE CPU extension supported.
[    0.313900] Registering SWP/SWPB emulation handler
[    0.314435] omap_voltage_late_init: Voltage driver support not added
[    0.315095] SmartReflex Class3 initialized
[    0.359614] Loading compiled-in X.509 certificates
[    0.389964] /ocp/interconnect@44c00000/segment@200000/target-module@b000/i2c@0/tda19988@70: Fixed dependency cycle(s) with /ocp/interconnect@48000000/segment@300000/target-module@e000/lcdc@0
[    0.396575] /ocp/interconnect@44c00000/segment@200000/target-module@b000/i2c@0/tda19988@70: Fixed dependency cycle(s) with /ocp/interconnect@48000000/segment@300000/target-module@e000/lcdc@0
[    0.402244] gpiochip_find_base_unlocked: found new base at 512
[    0.435900] /ocp/interconnect@44c00000/segment@200000/target-module@b000/i2c@0/tda19988@70: Fixed dependency cycle(s) with /ocp/interconnect@48000000/segment@300000/target-module@e000/lcdc@0
[    0.436813] /ocp/interconnect@44c00000/segment@200000/target-module@b000/i2c@0/tda19988@70: Fixed dependency cycle(s) with /ocp/interconnect@48000000/segment@300000/target-module@e000/lcdc@0
[    0.440258] /ocp/interconnect@44c00000/segment@200000/target-module@10000/scm@0/pinmux@800: Fixed dependency cycle(s) with /ocp/interconnect@44c00000/segment@200000/target-module@10000/scm@0/pinmux@800/clkout2-pins
[    0.440836] pinctrl-single 44e10800.pinmux: 142 pins, size 568
[    0.446388] ti-sysc 44e31000.target-module: probe with driver ti-sysc failed with error -16
[    0.470918] /ocp/interconnect@48000000/segment@300000/target-module@e000/lcdc@0: Fixed dependency cycle(s) with /ocp/interconnect@44c00000/segment@200000/target-module@b000/i2c@0/tda19988@70
[    0.479189] ti-sysc 48040000.target-module: probe with driver ti-sysc failed with error -16
[    0.490583] gpiochip_find_base_unlocked: found new base at 512
[    0.490683] gpio gpiochip0: (gpio-0-31): created GPIO range 0->7 ==> 44e10800.pinmux PIN 0->7
[    0.490701] gpio gpiochip0: (gpio-0-31): created GPIO range 8->11 ==> 44e10800.pinmux PIN 90->93
[    0.490717] gpio gpiochip0: (gpio-0-31): created GPIO range 12->27 ==> 44e10800.pinmux PIN 12->27
[    0.490732] gpio gpiochip0: (gpio-0-31): created GPIO range 28->31 ==> 44e10800.pinmux PIN 30->33
[    0.525234] gpio gpiochip0: (gpio-0-31): added GPIO chardev (254:0)
[    0.525386] gpio gpiochip0: registered GPIOs 512 to 543 on gpio-0-31
[    0.525473] OMAP GPIO hardware version 0.1
[    0.553832] i2c i2c-2: using DT '/ocp/interconnect@48000000/segment@100000/target-module@9c000/i2c@0' for 'scl' GPIO lookup
[    0.553907] of_get_named_gpiod_flags: can't parse 'scl-gpios' property of node '/ocp/interconnect@48000000/segment@100000/target-module@9c000/i2c@0[0]'
[    0.553948] of_get_named_gpiod_flags: can't parse 'scl-gpio' property of node '/ocp/interconnect@48000000/segment@100000/target-module@9c000/i2c@0[0]'
[    0.553983] i2c i2c-2: using lookup tables for GPIO lookup
[    0.553993] i2c i2c-2: No GPIO consumer scl found
[    0.554013] i2c i2c-2: using DT '/ocp/interconnect@48000000/segment@100000/target-module@9c000/i2c@0' for 'sda' GPIO lookup
[    0.554048] of_get_named_gpiod_flags: can't parse 'sda-gpios' property of node '/ocp/interconnect@48000000/segment@100000/target-module@9c000/i2c@0[0]'
[    0.554084] of_get_named_gpiod_flags: can't parse 'sda-gpio' property of node '/ocp/interconnect@48000000/segment@100000/target-module@9c000/i2c@0[0]'
[    0.554115] i2c i2c-2: using lookup tables for GPIO lookup
[    0.554122] i2c i2c-2: No GPIO consumer sda found
[    0.554845] omap_i2c 4819c000.i2c: bus 2 rev0.11 at 100 kHz
[    0.560397] gpiochip_find_base_unlocked: found new base at 544
[    0.560500] gpio gpiochip1: (gpio-32-63): created GPIO range 0->17 ==> 44e10800.pinmux PIN 34->51
[    0.560519] gpio gpiochip1: (gpio-32-63): created GPIO range 18->21 ==> 44e10800.pinmux PIN 77->80
[    0.560536] gpio gpiochip1: (gpio-32-63): created GPIO range 22->31 ==> 44e10800.pinmux PIN 56->65
[    0.572684] gpio gpiochip1: (gpio-32-63): added GPIO chardev (254:1)
[    0.572855] gpio gpiochip1: registered GPIOs 544 to 575 on gpio-32-63
[    0.575133] gpiochip_find_base_unlocked: found new base at 576
[    0.575224] gpio gpiochip2: (gpio-64-95): created GPIO range 0->4 ==> 44e10800.pinmux PIN 66->70
[    0.575244] gpio gpiochip2: (gpio-64-95): created GPIO range 5->6 ==> 44e10800.pinmux PIN 98->99
[    0.575259] gpio gpiochip2: (gpio-64-95): created GPIO range 7->8 ==> 44e10800.pinmux PIN 75->76
[    0.575274] gpio gpiochip2: (gpio-64-95): created GPIO range 13->13 ==> 44e10800.pinmux PIN 141->141
[    0.575290] gpio gpiochip2: (gpio-64-95): created GPIO range 14->21 ==> 44e10800.pinmux PIN 100->107
[    0.575939] gpio gpiochip2: (gpio-64-95): added GPIO chardev (254:2)
[    0.576068] gpio gpiochip2: registered GPIOs 576 to 607 on gpio-64-95
[    0.582202] 48000000.interconnect:segment@200000:target-module@0:mpu@0:fck: device ID is greater than 24
[    0.583172] /ocp/interconnect@48000000/segment@300000/target-module@e000/lcdc@0: Fixed dependency cycle(s) with /ocp/interconnect@44c00000/segment@200000/target-module@b000/i2c@0/tda19988@70
[    0.586016] /ocp/interconnect@48000000/segment@300000/target-module@e000/lcdc@0: Fixed dependency cycle(s) with /ocp/interconnect@44c00000/segment@200000/target-module@b000/i2c@0/tda19988@70
[    0.586719] /ocp/interconnect@44c00000/segment@200000/target-module@b000/i2c@0/tda19988@70: Fixed dependency cycle(s) with /ocp/interconnect@48000000/segment@300000/target-module@e000/lcdc@0
[    0.586880] /ocp/interconnect@48000000/segment@300000/target-module@e000/lcdc@0: Fixed dependency cycle(s) with /ocp/interconnect@44c00000/segment@200000/target-module@b000/i2c@0/tda19988@70
[    0.596661] mdio_bus 4a101000.mdio: using DT '/ocp/interconnect@4a000000/segment@0/target-module@100000/switch@0/mdio@1000' for 'reset' GPIO lookup
[    0.596734] of_get_named_gpiod_flags: can't parse 'reset-gpios' property of node '/ocp/interconnect@4a000000/segment@0/target-module@100000/switch@0/mdio@1000[0]'
[    0.596781] of_get_named_gpiod_flags: can't parse 'reset-gpio' property of node '/ocp/interconnect@4a000000/segment@0/target-module@100000/switch@0/mdio@1000[0]'
[    0.596828] mdio_bus 4a101000.mdio: using lookup tables for GPIO lookup
[    0.596837] mdio_bus 4a101000.mdio: No GPIO consumer reset found
[    0.597769] sdhci-omap 481d8000.mmc: using DT '/ocp/interconnect@48000000/segment@100000/target-module@d8000/mmc@0' for 'wp' GPIO lookup
[    0.597831] of_get_named_gpiod_flags: can't parse 'wp-gpios' property of node '/ocp/interconnect@48000000/segment@100000/target-module@d8000/mmc@0[0]'
[    0.597873] of_get_named_gpiod_flags: can't parse 'wp-gpio' property of node '/ocp/interconnect@48000000/segment@100000/target-module@d8000/mmc@0[0]'
[    0.597907] sdhci-omap 481d8000.mmc: using lookup tables for GPIO lookup
[    0.597916] sdhci-omap 481d8000.mmc: No GPIO consumer wp found
[    0.598111] sdhci-omap 481d8000.mmc: supply pbias not found, using dummy regulator
[    0.598609] sdhci-omap 481d8000.mmc: supply vqmmc not found, using dummy regulator
[    0.653492] davinci_mdio 4a101000.mdio: davinci mdio revision 1.6, bus freq 1000000
[    0.674791] mdio_bus 4a101000.mdio:00: using DT '/ocp/interconnect@4a000000/segment@0/target-module@100000/switch@0/mdio@1000/ethernet-phy@0' for 'reset' GPIO lookup
[    0.674894] of_get_named_gpiod_flags: parsed 'reset-gpios' property of node '/ocp/interconnect@4a000000/segment@0/target-module@100000/switch@0/mdio@1000/ethernet-phy@0[0]' - status (0)
[    0.675060] gpio gpiochip0: Persistence not supported for GPIO 8
[    0.813832] davinci_mdio 4a101000.mdio: phy[0]: device 4a101000.mdio:00, driver SMSC LAN8710/LAN8720
[    0.814604] cpsw-switch 4a100000.switch: initialized cpsw ale version 1.4
[    0.814627] cpsw-switch 4a100000.switch: ALE Table size 1024, Policers 0
[    0.814785] cpsw-switch 4a100000.switch: cpts: overflow check period 500 (jiffies)
[    0.814803] cpsw-switch 4a100000.switch: CPTS: ref_clk_freq:250000000 calc_mult:2147483648 calc_shift:29 error:0 nsec/sec
[    0.814922] cpsw-switch 4a100000.switch: Detected MACID = 6c:ec:eb:68:de:78
[    0.816760] cpsw-switch 4a100000.switch: initialized (regs 0x4a100000, pool size 256) hw_ver:0019010C 1.12 (0)
[    0.827658] debugfs: Directory '49000000.dma' with parent 'dmaengine' already present!
[    0.827701] edma 49000000.dma: TI EDMA DMA engine driver
[    0.854471] gpio-clk clk_mcasp0: using DT '/clk_mcasp0' for 'enable' GPIO lookup
[    0.854548] of_get_named_gpiod_flags: parsed 'enable-gpios' property of node '/clk_mcasp0[0]' - status (0)
[    0.854592] gpio gpiochip0: Persistence not supported for GPIO 27
[    0.855472] gpiochip_find_base_unlocked: found new base at 608
[    0.855582] gpio gpiochip3: (gpio-96-127): created GPIO range 0->7 ==> 44e10800.pinmux PIN 82->89
[    0.855603] gpio gpiochip3: (gpio-96-127): created GPIO range 8->11 ==> 44e10800.pinmux PIN 52->55
[    0.855619] gpio gpiochip3: (gpio-96-127): created GPIO range 12->15 ==> 44e10800.pinmux PIN 94->97
[    0.855634] gpio gpiochip3: (gpio-96-127): created GPIO range 16->17 ==> 44e10800.pinmux PIN 71->72
[    0.855649] gpio gpiochip3: (gpio-96-127): created GPIO range 18->18 ==> 44e10800.pinmux PIN 135->135
[    0.855665] gpio gpiochip3: (gpio-96-127): created GPIO range 19->20 ==> 44e10800.pinmux PIN 108->109
[    0.855682] gpio gpiochip3: (gpio-96-127): created GPIO range 21->21 ==> 44e10800.pinmux PIN 73->73
[    0.855698] gpio gpiochip3: (gpio-96-127): created GPIO range 22->23 ==> 44e10800.pinmux PIN 8->9
[    0.855715] gpio gpiochip3: (gpio-96-127): created GPIO range 26->27 ==> 44e10800.pinmux PIN 10->11
[    0.855732] gpio gpiochip3: (gpio-96-127): created GPIO range 28->28 ==> 44e10800.pinmux PIN 74->74
[    0.855749] gpio gpiochip3: (gpio-96-127): created GPIO range 29->29 ==> 44e10800.pinmux PIN 81->81
[    0.855768] gpio gpiochip3: (gpio-96-127): created GPIO range 30->31 ==> 44e10800.pinmux PIN 28->29
[    0.880629] gpio gpiochip3: (gpio-96-127): added GPIO chardev (254:3)
[    0.880795] gpio gpiochip3: registered GPIOs 608 to 639 on gpio-96-127
[    0.882951] omap8250 44e09000.serial: using DT '/ocp/interconnect@44c00000/segment@200000/target-module@9000/serial@0' for 'rs485-term' GPIO lookup
[    0.883025] of_get_named_gpiod_flags: can't parse 'rs485-term-gpios' property of node '/ocp/interconnect@44c00000/segment@200000/target-module@9000/serial@0[0]'
[    0.883070] of_get_named_gpiod_flags: can't parse 'rs485-term-gpio' property of node '/ocp/interconnect@44c00000/segment@200000/target-module@9000/serial@0[0]'
[    0.883106] omap8250 44e09000.serial: using lookup tables for GPIO lookup
[    0.883115] omap8250 44e09000.serial: No GPIO consumer rs485-term found
[    0.883124] omap8250 44e09000.serial: using DT '/ocp/interconnect@44c00000/segment@200000/target-module@9000/serial@0' for 'rs485-rx-during-tx' GPIO lookup
[    0.883160] of_get_named_gpiod_flags: can't parse 'rs485-rx-during-tx-gpios' property of node '/ocp/interconnect@44c00000/segment@200000/target-module@9000/serial@0[0]'
[    0.883196] of_get_named_gpiod_flags: can't parse 'rs485-rx-during-tx-gpio' property of node '/ocp/interconnect@44c00000/segment@200000/target-module@9000/serial@0[0]'
[    0.883228] omap8250 44e09000.serial: using lookup tables for GPIO lookup
[    0.883235] omap8250 44e09000.serial: No GPIO consumer rs485-rx-during-tx found
[    0.883614] 44e09000.serial: ttyS0 at MMIO 0x44e09000 (irq = 34, base_baud = 3000000) is a 8250
[    0.883705] printk: legacy console [ttyS0] enabled
[    2.355227] i2c i2c-0: using DT '/ocp/interconnect@44c00000/segment@200000/target-module@b000/i2c@0' for 'scl' GPIO lookup
[    2.355328] of_get_named_gpiod_flags: can't parse 'scl-gpios' property of node '/ocp/interconnect@44c00000/segment@200000/target-module@b000/i2c@0[0]'
[    2.355375] of_get_named_gpiod_flags: can't parse 'scl-gpio' property of node '/ocp/interconnect@44c00000/segment@200000/target-module@b000/i2c@0[0]'
[    2.355414] i2c i2c-0: using lookup tables for GPIO lookup
[    2.355428] i2c i2c-0: No GPIO consumer scl found
[    2.355453] i2c i2c-0: using DT '/ocp/interconnect@44c00000/segment@200000/target-module@b000/i2c@0' for 'sda' GPIO lookup
[    2.355492] of_get_named_gpiod_flags: can't parse 'sda-gpios' property of node '/ocp/interconnect@44c00000/segment@200000/target-module@b000/i2c@0[0]'
[    2.355533] of_get_named_gpiod_flags: can't parse 'sda-gpio' property of node '/ocp/interconnect@44c00000/segment@200000/target-module@b000/i2c@0[0]'
[    2.355568] i2c i2c-0: using lookup tables for GPIO lookup
[    2.355579] i2c i2c-0: No GPIO consumer sda found
[    2.372776] tps65217-pmic: Failed to locate of_node [id: -1]
[    2.378835] tps65217-bl: Failed to locate of_node [id: -1]
[    2.384896] platform tps65217-charger: DMA mask not set
[    2.390919] platform tps65217-pwrbutton: DMA mask not set
[    2.398335] tps65217 0-0024: TPS65217 ID 0xe version 1.2
[    2.404480] /ocp/interconnect@48000000/segment@300000/target-module@e000/lcdc@0: Fixed dependency cycle(s) with /ocp/interconnect@44c00000/segment@200000/target-module@b000/i2c@0/tda19988@70
[    2.421885] /ocp/interconnect@44c00000/segment@200000/target-module@b000/i2c@0/tda19988@70: Fixed dependency cycle(s) with /ocp/interconnect@48000000/segment@300000/target-module@e000/lcdc@0
[    2.439214] omap_i2c 44e0b000.i2c: bus 0 rev0.11 at 400 kHz
[    2.446869] sdhci-omap 48060000.mmc: using DT '/ocp/interconnect@48000000/segment@0/target-module@60000/mmc@0' for 'cd' GPIO lookup
[    2.446975] of_get_named_gpiod_flags: parsed 'cd-gpios' property of node '/ocp/interconnect@48000000/segment@0/target-module@60000/mmc@0[0]' - status (0)
[    2.447041] gpio gpiochip3: Persistence not supported for GPIO 6
[    2.447067] omap_gpio 44e07000.gpio: Could not set line 6 debounce to 200000 microseconds (-22)
[    2.455999] sdhci-omap 48060000.mmc: Got CD GPIO
[    2.460651] sdhci-omap 48060000.mmc: using DT '/ocp/interconnect@48000000/segment@0/target-module@60000/mmc@0' for 'wp' GPIO lookup
[    2.460703] of_get_named_gpiod_flags: can't parse 'wp-gpios' property of node '/ocp/interconnect@48000000/segment@0/target-module@60000/mmc@0[0]'
[    2.460748] of_get_named_gpiod_flags: can't parse 'wp-gpio' property of node '/ocp/interconnect@48000000/segment@0/target-module@60000/mmc@0[0]'
[    2.460787] sdhci-omap 48060000.mmc: using lookup tables for GPIO lookup
[    2.460800] sdhci-omap 48060000.mmc: No GPIO consumer wp found
[    2.461010] sdhci-omap 48060000.mmc: supply pbias not found, using dummy regulator
[    2.469802] sdhci-omap 481d8000.mmc: using DT '/ocp/interconnect@48000000/segment@100000/target-module@d8000/mmc@0' for 'wp' GPIO lookup
[    2.469880] of_get_named_gpiod_flags: can't parse 'wp-gpios' property of node '/ocp/interconnect@48000000/segment@100000/target-module@d8000/mmc@0[0]'
[    2.469929] of_get_named_gpiod_flags: can't parse 'wp-gpio' property of node '/ocp/interconnect@48000000/segment@100000/target-module@d8000/mmc@0[0]'
[    2.469968] sdhci-omap 481d8000.mmc: using lookup tables for GPIO lookup
[    2.469981] sdhci-omap 481d8000.mmc: No GPIO consumer wp found
[    2.470945] sdhci-omap 48060000.mmc: supply vqmmc not found, using dummy regulator
[    2.480259] sdhci-omap 481d8000.mmc: supply pbias not found, using dummy regulator
[    2.490008] sdhci-omap 481d8000.mmc: supply vqmmc not found, using dummy regulator
[    2.525582] mmc0: SDHCI controller on 48060000.mmc [48060000.mmc] using External DMA
[    2.533900] mmc1: SDHCI controller on 481d8000.mmc [481d8000.mmc] using External DMA
[    2.542688] cpsw-switch 4a100000.switch: starting ndev. mode: dual_mac
[    2.590971] mmc0: new high speed SDHC card at address 5048
[    2.598006] mmcblk0: mmc0:5048 SD16G 14.4 GiB
[    2.606302]  mmcblk0: p1 p2
[    2.609686] mmcblk0: p2 size 31221760 extends beyond EOD, truncated
[    2.623193] SMSC LAN8710/LAN8720 4a101000.mdio:00: attached PHY driver (mii_bus:phy_addr=4a101000.mdio:00, irq=POLL)
[    2.634191] mmc1: new high speed MMC card at address 0001
[    2.646633] mmcblk1: mmc1:0001 MMC04G 3.60 GiB
[    2.654260]  mmcblk1: p1 p2
[    2.658712] mmcblk1boot0: mmc1:0001 MMC04G 2.00 MiB
[    2.667634] mmcblk1boot1: mmc1:0001 MMC04G 2.00 MiB
[    2.676581] mmcblk1rpmb: mmc1:0001 MMC04G 128 KiB, chardev (248:0)
[    5.762590] cpsw-switch 4a100000.switch eth0: Link is Up - 100Mbps/Full - flow control off
[    5.802054] IP-Config: Complete:
[    5.805330]      device=eth0, hwaddr=6c:ec:eb:68:de:78, ipaddr=192.168.255.1, mask=255.255.255.0, gw=255.255.255.255
[    5.816012]      host=bbb1, domain=, nis-domain=(none)
[    5.821182]      bootserver=192.168.255.126, rootserver=192.168.255.126, rootpath=
[    5.821601] clk: Disabling unused clocks
[    5.833453] PM: genpd: Disabling unused power domains
[    5.838572] KTAP version 1
[    5.841292] 1..0
[    5.876893] VFS: Mounted root (nfs filesystem) on device 0:17.
[    5.884193] devtmpfs: mounted
[    5.888672] Freeing unused kernel image (initmem) memory: 1024K
[    5.895476] Run /sbin/init as init process
[    5.899607]   with arguments:
[    5.899619]     /sbin/init
[    5.899629]     nfsrootdebug
[    5.899638]   with environment:
[    5.899646]     HOME=/
[    5.899655]     TERM=linux
[    6.570625] systemd[1]: System time before build time, advancing clock.
[    8.111821] random: crng init done
[    8.128498] systemd[1]: systemd 232 running in system mode. (+PAM +AUDIT +SELINUX +IMA +APPARMOR +SMACK +SYSVINIT +UTMP +LIBCRYPTSETUP +GCRYPT +GNUTLS +ACL +XZ +LZ4 +SECCOMP +BLKID +ELFUTILS +KMOD +IDN)
[    8.147517] systemd[1]: Detected architecture arm.
[    8.175192] systemd[1]: Set hostname to <arm>.
[    9.301639] systemd[1]: Started Forward Password Requests to Wall Directory Watch.
[    9.335953] systemd[1]: Listening on /dev/initctl Compatibility Named Pipe.
[    9.363602] systemd[1]: Set up automount Arbitrary Executable File Formats File System Automount Point.
[    9.393329] systemd[1]: Created slice User and Session Slice.
[    9.423886] systemd[1]: Listening on udev Control Socket.
[    9.452251] systemd[1]: Reached target Remote File Systems.
[    9.483141] systemd[1]: Created slice System Slice.
[   11.653933] systemd-journald[88]: Received request to flush runtime journal from PID 1
[   14.265898] leds-gpio leds: using DT '/leds/led2' for '(default)' GPIO lookup
[   14.266007] of_get_named_gpiod_flags: parsed 'gpios' property of node '/leds/led2[0]' - status (0)
[   14.266066] gpio gpiochip0: Persistence not supported for GPIO 21
[   14.266081] gpio-533 (?): no flags found for GPIO (default)
[   14.306197] leds-gpio leds: using DT '/leds/led3' for '(default)' GPIO lookup
[   14.306317] of_get_named_gpiod_flags: parsed 'gpios' property of node '/leds/led3[0]' - status (0)
[   14.306377] gpio gpiochip0: Persistence not supported for GPIO 22
[   14.306392] gpio-534 (?): no flags found for GPIO (default)
[   14.332498] leds-gpio leds: using DT '/leds/led4' for '(default)' GPIO lookup
[   14.332599] of_get_named_gpiod_flags: parsed 'gpios' property of node '/leds/led4[0]' - status (0)
[   14.332649] gpio gpiochip0: Persistence not supported for GPIO 23
[   14.332665] gpio-535 (?): no flags found for GPIO (default)
[   14.366432] leds-gpio leds: using DT '/leds/led5' for '(default)' GPIO lookup
[   14.366556] of_get_named_gpiod_flags: parsed 'gpios' property of node '/leds/led5[0]' - status (0)
[   14.366611] gpio gpiochip0: Persistence not supported for GPIO 24
[   14.366627] gpio-536 (?): no flags found for GPIO (default)
[   14.823369] remoteproc remoteproc0: wkup_m3 is available
[   14.998070] omap_rtc 44e3e000.rtc: registered as rtc0
[   15.003490] omap_rtc 44e3e000.rtc: setting system clock to 2000-01-01T00:00:00 UTC (946684800)
[   15.012461] omap_rtc 44e3e000.rtc: using DT '/ocp/interconnect@44c00000/segment@200000/target-module@3e000/rtc@0' for 'wp' GPIO lookup
[   15.012542] of_get_named_gpiod_flags: can't parse 'wp-gpios' property of node '/ocp/interconnect@44c00000/segment@200000/target-module@3e000/rtc@0[0]'
[   15.012595] of_get_named_gpiod_flags: can't parse 'wp-gpio' property of node '/ocp/interconnect@44c00000/segment@200000/target-module@3e000/rtc@0[0]'
[   15.012635] omap_rtc 44e3e000.rtc: using lookup tables for GPIO lookup
[   15.012650] omap_rtc 44e3e000.rtc: No GPIO consumer wp found
[   15.036548] at24 2-0054: supply vcc not found, using dummy regulator
[   15.128993] at24 2-0055: supply vcc not found, using dummy regulator
[   15.184606] am335x-phy-driver 47401300.usb-phy: using DT '/ocp/target-module@47400000/usb-phy@1300' for 'reset' GPIO lookup
[   15.184703] of_get_named_gpiod_flags: can't parse 'reset-gpios' property of node '/ocp/target-module@47400000/usb-phy@1300[0]'
[   15.184749] of_get_named_gpiod_flags: can't parse 'reset-gpio' property of node '/ocp/target-module@47400000/usb-phy@1300[0]'
[   15.184786] am335x-phy-driver 47401300.usb-phy: using lookup tables for GPIO lookup
[   15.184802] am335x-phy-driver 47401300.usb-phy: No GPIO consumer reset found
[   15.184817] am335x-phy-driver 47401300.usb-phy: using DT '/ocp/target-module@47400000/usb-phy@1300' for 'vbus-detect' GPIO lookup
[   15.184847] of_get_named_gpiod_flags: can't parse 'vbus-detect-gpios' property of node '/ocp/target-module@47400000/usb-phy@1300[0]'
[   15.184880] of_get_named_gpiod_flags: can't parse 'vbus-detect-gpio' property of node '/ocp/target-module@47400000/usb-phy@1300[0]'
[   15.184906] am335x-phy-driver 47401300.usb-phy: using lookup tables for GPIO lookup
[   15.184918] am335x-phy-driver 47401300.usb-phy: No GPIO consumer vbus-detect found
[   15.185065] am335x-phy-driver 47401300.usb-phy: dummy supplies not allowed for exclusive requests (id=vbus)
[   15.244798] at24 2-0056: supply vcc not found, using dummy regulator
[   15.342017] am335x-phy-driver 47401b00.usb-phy: using DT '/ocp/target-module@47400000/usb-phy@1b00' for 'reset' GPIO lookup
[   15.342110] of_get_named_gpiod_flags: can't parse 'reset-gpios' property of node '/ocp/target-module@47400000/usb-phy@1b00[0]'
[   15.342156] of_get_named_gpiod_flags: can't parse 'reset-gpio' property of node '/ocp/target-module@47400000/usb-phy@1b00[0]'
[   15.342193] am335x-phy-driver 47401b00.usb-phy: using lookup tables for GPIO lookup
[   15.342209] am335x-phy-driver 47401b00.usb-phy: No GPIO consumer reset found
[   15.342223] am335x-phy-driver 47401b00.usb-phy: using DT '/ocp/target-module@47400000/usb-phy@1b00' for 'vbus-detect' GPIO lookup
[   15.342254] of_get_named_gpiod_flags: can't parse 'vbus-detect-gpios' property of node '/ocp/target-module@47400000/usb-phy@1b00[0]'
[   15.342286] of_get_named_gpiod_flags: can't parse 'vbus-detect-gpio' property of node '/ocp/target-module@47400000/usb-phy@1b00[0]'
[   15.342312] am335x-phy-driver 47401b00.usb-phy: using lookup tables for GPIO lookup
[   15.342324] am335x-phy-driver 47401b00.usb-phy: No GPIO consumer vbus-detect found
[   15.342475] am335x-phy-driver 47401b00.usb-phy: dummy supplies not allowed for exclusive requests (id=vbus)
[   15.356142] at24 2-0057: supply vcc not found, using dummy regulator
[   15.480646] at24 0-0050: using DT '/ocp/interconnect@44c00000/segment@200000/target-module@b000/i2c@0/eeprom@50' for 'wp' GPIO lookup
[   15.480765] of_get_named_gpiod_flags: can't parse 'wp-gpios' property of node '/ocp/interconnect@44c00000/segment@200000/target-module@b000/i2c@0/eeprom@50[0]'
[   15.480825] of_get_named_gpiod_flags: can't parse 'wp-gpio' property of node '/ocp/interconnect@44c00000/segment@200000/target-module@b000/i2c@0/eeprom@50[0]'
[   15.480871] at24 0-0050: using lookup tables for GPIO lookup
[   15.480885] at24 0-0050: No GPIO consumer wp found
[   15.481227] at24 0-0050: 32768 byte 24c256 EEPROM, writable, 1 bytes/write
[   15.775250] input: tps65217_pwrbutton as /devices/platform/ocp/44c00000.interconnect/44c00000.interconnect:segment@200000/44e0b000.target-module/44e0b000.i2c/i2c-0/0-0024/tps65217-pwrbutton/input/input0
[   16.081734] omap_wdt: OMAP Watchdog Timer Rev 0x01: initial timeout 60 sec
[   16.505091] usbcore: registered new interface driver usbfs
[   16.510748] usbcore: registered new interface driver hub
[   16.516456] usbcore: registered new device driver usb
[   17.082391] omap-mailbox 480c8000.mailbox: omap mailbox rev 0x400
[   17.116799] tda998x 0-0070: found TDA19988
[   17.153019] remoteproc remoteproc0: powering up wkup_m3
[   17.298439] remoteproc remoteproc0: Direct firmware load for am335x-pm-firmware.elf failed with error -2
[   17.308299] remoteproc remoteproc0: request_firmware failed: -2
[   17.314388] wkup_m3_ipc 44e11324.wkup_m3_ipc: rproc_boot failed
[   17.360234] musb-hdrc musb-hdrc.1: MUSB HDRC host driver
[   17.365893] musb-hdrc musb-hdrc.1: new USB bus registered, assigned bus number 1
[   17.632397] usb usb1: New USB device found, idVendor=1d6b, idProduct=0002, bcdDevice= 6.16
[   17.640840] usb usb1: New USB device strings: Mfr=3, Product=2, SerialNumber=1
[   17.648196] usb usb1: Product: MUSB HDRC host driver
[   17.653233] usb usb1: Manufacturer: Linux 6.16.0-rc2-next-20250618 musb-hcd
[   17.660233] usb usb1: SerialNumber: musb-hdrc.1
[   18.146130] hub 1-0:1.0: USB hub found
[   18.282178] hub 1-0:1.0: 1 port detected
[   20.662053] omap_rng 48310000.rng: Random Number Generator ver. 20
[   20.715926] tilcdc 4830e000.lcdc: bound 0-0070 (ops tda998x_audio_codec_init [tda998x])
[   20.810337] [drm] Initialized tilcdc 1.0.0 for 4830e000.lcdc on minor 0
[   20.865426] tilcdc 4830e000.lcdc: [drm] Cannot find any crtc or sizes
[   20.873528] tilcdc 4830e000.lcdc: [drm] Cannot find any crtc or sizes
[   21.310891] PM: Cannot get wkup_m3_ipc handle
[   21.497407] omap-sham 53100000.sham: hw accel on OMAP rev 4.3
[   21.606668] omap-aes 53500000.aes: OMAP AES hw accel rev: 3.2
[   21.619598] omap-sham 53100000.sham: will run requests pump with realtime priority
[   21.628637] PM: Cannot get wkup_m3_ipc handle
[   21.719542] omap-aes 53500000.aes: will run requests pump with realtime priority
[   21.728049] PM: Cannot get wkup_m3_ipc handle
[   24.064127] Bluetooth: Core ver 2.22
[   24.067949] NET: Registered PF_BLUETOOTH protocol family
[   24.073538] Bluetooth: HCI device and connection manager initialized
[   24.079957] Bluetooth: HCI socket layer initialized
[   24.084961] Bluetooth: L2CAP socket layer initialized
[   24.090080] Bluetooth: SCO socket layer initialized
[   25.366193] PM: Cannot get wkup_m3_ipc handle
[   25.372212] asoc-simple-card sound: using DT '/sound' for 'simple-audio-card,hp-det' GPIO lookup
[   25.372290] of_get_named_gpiod_flags: can't parse 'simple-audio-card,hp-det-gpios' property of node '/sound[0]'
[   25.372329] of_get_named_gpiod_flags: can't parse 'simple-audio-card,hp-det-gpio' property of node '/sound[0]'
[   25.372354] asoc-simple-card sound: using lookup tables for GPIO lookup
[   25.372368] asoc-simple-card sound: No GPIO consumer simple-audio-card,hp-det found
[   25.372383] asoc-simple-card sound: using DT '/sound' for 'simple-audio-card,mic-det' GPIO lookup
[   25.372409] of_get_named_gpiod_flags: can't parse 'simple-audio-card,mic-det-gpios' property of node '/sound[0]'
[   25.372436] of_get_named_gpiod_flags: can't parse 'simple-audio-card,mic-det-gpio' property of node '/sound[0]'
[   25.372457] asoc-simple-card sound: using lookup tables for GPIO lookup
[   25.372468] asoc-simple-card sound: No GPIO consumer simple-audio-card,mic-det found
[   25.402966] tda998x 0-0070: using DT '/ocp/interconnect@44c00000/segment@200000/target-module@b000/i2c@0/tda19988@70' for 'nxp,calib' GPIO lookup
[   25.403104] of_get_named_gpiod_flags: parsed 'nxp,calib-gpios' property of node '/ocp/interconnect@44c00000/segment@200000/target-module@b000/i2c@0/tda19988@70[0]' - status (0)
[   25.403188] gpio gpiochip0: Persistence not supported for GPIO 25
[   25.403204] gpio-537 (nxp,calib): no flags found for GPIO nxp,calib
[   25.423031] gpio-537 (nxp,calib): gpiod_direction_output_nonotify: tried to set a GPIO tied to an IRQ as output
[   25.492817] PM: Cannot get wkup_m3_ipc handle
[   25.681583] tda9950 0-0034: TDA9950 CEC interface, hardware version 3.3
[   25.756789] PM: Cannot get wkup_m3_ipc handle
[   28.066569] userial_init: registered 8 ttyGS* devices
[   28.314599] rndis_register: configNr = 0
[   28.407942] udc musb-hdrc.0: binding gadget driver [g_multi]
[   28.408047] configfs-gadget.g_multi gadget.0: adding 'rndis'/63c8c564 to config 'c'/45766a98
[   28.409200] configfs-gadget.g_multi gadget.0: HOST MAC 1c:ba:8c:a2:ed:6c
[   28.416226] configfs-gadget.g_multi gadget.0: MAC 1c:ba:8c:a2:ed:70
[   28.422891] rndis_set_param_medium: 0 0
[   28.422921] configfs-gadget.g_multi gadget.0: RNDIS: IN/ep1in OUT/ep1out NOTIFY/ep2in
[   28.422938] configfs-gadget.g_multi gadget.0: adding 'cdc_ethernet'/5d6f093b to config 'c'/45766a98
[   28.423866] configfs-gadget.g_multi gadget.0: HOST MAC 1c:ba:8c:a2:ed:6c
[   28.430630] configfs-gadget.g_multi gadget.0: MAC 1c:ba:8c:a2:ed:6d
[   28.437087] configfs-gadget.g_multi gadget.0: CDC Ethernet: IN/ep3in OUT/ep2out NOTIFY/ep4in
[   28.437109] configfs-gadget.g_multi gadget.0: adding 'acm'/cf0f975c to config 'c'/45766a98
[   28.437144] configfs-gadget.g_multi gadget.0: acm ttyGS0: IN/ep5in OUT/ep3out NOTIFY/ep6in
[   28.437920] PM: Cannot get wkup_m3_ipc handle
[   29.605215] configfs-gadget.g_multi gadget.0: eth_open
[   30.967493] configfs-gadget.g_multi gadget.0: stop stats: rx/tx 0/0, errs 0/0
[   35.007461] gs_open: ttyGS0 (6178d2ad,69b1942d)
[   35.007607] gs_close: ttyGS0 (6178d2ad,69b1942d) ...
[   35.007629] gs_close: ttyGS0 (6178d2ad,69b1942d) done!
[   35.022765] gs_open: ttyGS0 (6178d2ad,69b1942d)
[   35.022904] gs_close: ttyGS0 (6178d2ad,69b1942d) ...
[   35.022928] gs_close: ttyGS0 (6178d2ad,69b1942d) done!
[   35.190525] gs_open: ttyGS0 (6b23911e,fc00875f)
[   35.190769] gs_close: ttyGS0 (6b23911e,fc00875f) ...
[   35.190796] gs_close: ttyGS0 (6b23911e,fc00875f) done!
[   35.200123] gs_open: ttyGS0 (6b23911e,69b1942d)
TYYFAZGNVL 0
root@arm:~# echo 'JOME''JOMEPV'
JOMEJOMEPV
root@arm:~# MARKER='NJNB''PVBBEH' run 'modprobe test_linear_ranges'
NJNBPVBBEHNJNBPVBBEH 0
root@arm:~# echo 'UTFE''QEYYTC'
UTFEQEYYTC
root@arm:~# MARKER='UMEE''ZSUOEV' run dmesg
UMEEZSUOEV[    0.000000] Booting Linux on physical CPU 0x0
[    0.000000] Linux version 6.16.0-rc2-next-20250618 (user01@drvtest01) (arm-none-eabi-gcc (Arm GNU Toolchain 14.2.Rel1 (Build arm-14.52)) 14.2.1 20241119, GNU ld (Arm GNU Toolchain 14.2.Rel1 (Build arm-14.52)) 2.43.1.20241119) #1 SMP Wed Jun 18 10:23:04 EEST 2025
[    0.000000] CPU: ARMv7 Processor [413fc082] revision 2 (ARMv7), cr=10c5387d
[    0.000000] CPU: PIPT / VIPT nonaliasing data cache, VIPT aliasing instruction cache
[    0.000000] OF: fdt: Machine model: TI AM335x BeagleBone Black
[    0.000000] Memory policy: Data cache writeback
[    0.000000] cma: Reserved 16 MiB at 0x9e800000
[    0.000000] Zone ranges:
[    0.000000]   Normal   [mem 0x0000000080000000-0x000000009fdfffff]
[    0.000000]   HighMem  empty
[    0.000000] Movable zone start for each node
[    0.000000] Early memory node ranges
[    0.000000]   node   0: [mem 0x0000000080000000-0x000000009fdfffff]
[    0.000000] Initmem setup node 0 [mem 0x0000000080000000-0x000000009fdfffff]
[    0.000000] On node 0, zone Normal: 512 pages in unavailable ranges
[    0.000000] OF: reserved mem: Reserved memory: No reserved-memory node in the DT
[    0.000000] CPU: All CPU(s) started in SVC mode.
[    0.000000] AM335X ES2.1 (sgx neon)
[    0.000000] percpu: Embedded 17 pages/cpu s39820 r8192 d21620 u69632
[    0.000000] pcpu-alloc: s39820 r8192 d21620 u69632 alloc=17*4096
[    0.000000] pcpu-alloc: [0] 0 
[    0.000000] Kernel command line: console=ttyO0,115200n8 root=/dev/nfs rw nfsroot=192.168.255.126:/home/user01/nfs,nfsvers=3 ip=192.168.255.1:192.168.255.126::255.255.255.0:bbb1:eth0 nfsrootdebug
[    0.000000] Unknown kernel command line parameters "nfsrootdebug", will be passed to user space.
[    0.000000] printk: log buffer data + meta data: 65536 + 204800 = 270336 bytes
[    0.000000] Dentry cache hash table entries: 65536 (order: 6, 262144 bytes, linear)
[    0.000000] Inode-cache hash table entries: 32768 (order: 5, 131072 bytes, linear)
[    0.000000] Built 1 zonelists, mobility grouping on.  Total pages: 130560
[    0.000000] mem auto-init: stack:off, heap alloc:off, heap free:off
[    0.000000] SLUB: HWalign=16, Order=0-3, MinObjects=0, CPUs=1, Nodes=1
[    0.000000] rcu: Hierarchical RCU implementation.
[    0.000000] rcu: 	RCU event tracing is enabled.
[    0.000000] rcu: 	RCU restricting CPUs from NR_CPUS=2 to nr_cpu_ids=1.
[    0.000000] 	Tracing variant of Tasks RCU enabled.
[    0.000000] rcu: RCU calculated value of scheduler-enlistment delay is 10 jiffies.
[    0.000000] rcu: Adjusting geometry for rcu_fanout_leaf=16, nr_cpu_ids=1
[    0.000000] RCU Tasks Trace: Setting shift to 0 and lim to 1 rcu_task_cb_adjust=1 rcu_task_cpu_ids=1.
[    0.000000] NR_IRQS: 16, nr_irqs: 16, preallocated irqs: 16
[    0.000000] IRQ: Found an INTC at 0x(ptrval) (revision 5.0) with 128 interrupts
[    0.000000] rcu: srcu_init: Setting srcu_struct sizes based on contention.
[    0.000000] TI gptimer clocksource: always-on /ocp/interconnect@44c00000/segment@200000/target-module@31000
[    0.000003] sched_clock: 32 bits at 24MHz, resolution 41ns, wraps every 89478484971ns
[    0.000027] clocksource: dmtimer: mask: 0xffffffff max_cycles: 0xffffffff, max_idle_ns: 79635851949 ns
[    0.000538] TI gptimer clockevent: 24000000 Hz at /ocp/interconnect@48000000/segment@0/target-module@40000
[    0.002158] Console: colour dummy device 80x30
[    0.002225] WARNING: Your 'console=ttyO0' has been replaced by 'ttyS0'
[    0.002232] This ensures that you still see kernel messages. Please
[    0.002236] update your kernel commandline.
[    0.002279] Calibrating delay loop... 996.14 BogoMIPS (lpj=4980736)
[    0.090585] CPU: Testing write buffer coherency: ok
[    0.090698] CPU0: Spectre v2: using BPIALL workaround
[    0.090707] pid_max: default: 32768 minimum: 301
[    0.090873] LSM: initializing lsm=capability
[    0.091056] Mount-cache hash table entries: 1024 (order: 0, 4096 bytes, linear)
[    0.091075] Mountpoint-cache hash table entries: 1024 (order: 0, 4096 bytes, linear)
[    0.092685] CPU0: thread -1, cpu 0, socket -1, mpidr 0
[    0.092741] cacheinfo: Unable to detect cache hierarchy for CPU 0
[    0.094831] Setting up static identity map for 0x80100000 - 0x80100078
[    0.095155] rcu: Hierarchical SRCU implementation.
[    0.095166] rcu: 	Max phase no-delay instances is 1000.
[    0.096921] smp: Bringing up secondary CPUs ...
[    0.096973] smp: Brought up 1 node, 1 CPU
[    0.096985] SMP: Total of 1 processors activated (996.14 BogoMIPS).
[    0.096996] CPU: All CPU(s) started in SVC mode.
[    0.097187] Memory: 480828K/522240K available (11264K kernel code, 1215K rwdata, 2924K rodata, 1024K init, 285K bss, 23380K reserved, 16384K cma-reserved, 0K highmem)
[    0.098013] devtmpfs: initialized
[    0.114980] VFP support v0.3: implementor 41 architecture 3 part 30 variant c rev 3
[    0.115623] clocksource: jiffies: mask: 0xffffffff max_cycles: 0xffffffff, max_idle_ns: 19112604462750000 ns
[    0.115679] posixtimers hash table entries: 512 (order: 0, 4096 bytes, linear)
[    0.115705] futex hash table entries: 256 (16384 bytes on 1 NUMA nodes, total 16 KiB, linear).
[    0.116830] pinctrl core: initialized pinctrl subsystem
[    0.118866] NET: Registered PF_NETLINK/PF_ROUTE protocol family
[    0.121988] DMA: preallocated 256 KiB pool for atomic coherent allocations
[    0.122936] audit: initializing netlink subsys (disabled)
[    0.124282] thermal_sys: Registered thermal governor 'fair_share'
[    0.124298] thermal_sys: Registered thermal governor 'step_wise'
[    0.124307] thermal_sys: Registered thermal governor 'user_space'
[    0.124419] audit: type=2000 audit(0.120:1): state=initialized audit_enabled=0 res=1
[    0.124490] cpuidle: using governor menu
[    0.142367] /ocp/interconnect@44c00000/segment@200000/target-module@b000/i2c@0/tda19988@70: Fixed dependency cycle(s) with /ocp/interconnect@48000000/segment@300000/target-module@e000/lcdc@0
[    0.143524] /ocp/interconnect@48000000/segment@300000/target-module@e000/lcdc@0: Fixed dependency cycle(s) with /ocp/interconnect@44c00000/segment@200000/target-module@b000/i2c@0/tda19988@70
[    0.145709] No ATAGs?
[    0.145752] hw-breakpoint: debug architecture 0x4 unsupported.
[    0.148481] kprobes: kprobe jump-optimization is enabled. All kprobes are optimized if possible.
[    0.153827] iommu: Default domain type: Translated
[    0.153850] iommu: DMA domain TLB invalidation policy: strict mode
[    0.155445] reg-fixed-voltage fixedregulator0: using DT '/fixedregulator0' for '(default)' GPIO lookup
[    0.155499] of_get_named_gpiod_flags: can't parse 'gpios' property of node '/fixedregulator0[0]'
[    0.155528] of_get_named_gpiod_flags: can't parse 'gpio' property of node '/fixedregulator0[0]'
[    0.155546] reg-fixed-voltage fixedregulator0: using lookup tables for GPIO lookup
[    0.155556] reg-fixed-voltage fixedregulator0: No GPIO consumer (default) found
[    0.161435] SCSI subsystem initialized
[    0.161941] libata version 3.00 loaded.
[    0.162309] pps_core: LinuxPPS API ver. 1 registered
[    0.162320] pps_core: Software ver. 5.3.6 - Copyright 2005-2007 Rodolfo Giometti <giometti@linux.it>
[    0.162344] PTP clock support registered
[    0.171429] vgaarb: loaded
[    0.171801] clocksource: Switched to clocksource dmtimer
[    0.172456] VFS: Disk quotas dquot_6.6.0
[    0.172515] VFS: Dquot-cache hash table entries: 1024 (order 0, 4096 bytes)
[    0.197894] NET: Registered PF_INET protocol family
[    0.198236] IP idents hash table entries: 8192 (order: 4, 65536 bytes, linear)
[    0.199656] tcp_listen_portaddr_hash hash table entries: 512 (order: 0, 4096 bytes, linear)
[    0.199691] Table-perturb hash table entries: 65536 (order: 6, 262144 bytes, linear)
[    0.199710] TCP established hash table entries: 4096 (order: 2, 16384 bytes, linear)
[    0.199755] TCP bind hash table entries: 4096 (order: 4, 65536 bytes, linear)
[    0.199855] TCP: Hash tables configured (established 4096 bind 4096)
[    0.199975] UDP hash table entries: 256 (order: 1, 14336 bytes, linear)
[    0.200009] UDP-Lite hash table entries: 256 (order: 1, 14336 bytes, linear)
[    0.200197] NET: Registered PF_UNIX/PF_LOCAL protocol family
[    0.201482] RPC: Registered named UNIX socket transport module.
[    0.201499] RPC: Registered udp transport module.
[    0.201505] RPC: Registered tcp transport module.
[    0.201509] RPC: Registered tcp-with-tls transport module.
[    0.201515] RPC: Registered tcp NFSv4.1 backchannel transport module.
[    0.201541] PCI: CLS 0 bytes, default 64
[    0.203035] Initialise system trusted keyrings
[    0.212393] workingset: timestamp_bits=14 max_order=17 bucket_order=3
[    0.213747] NFS: Registering the id_resolver key type
[    0.213810] Key type id_resolver registered
[    0.213818] Key type id_legacy registered
[    0.213923] jffs2: version 2.2. (NAND) (SUMMARY)  Â© 2001-2006 Red Hat, Inc.
[    0.214398] Key type asymmetric registered
[    0.214412] Asymmetric key parser 'x509' registered
[    0.214486] io scheduler mq-deadline registered
[    0.214496] io scheduler kyber registered
[    0.214573] io scheduler bfq registered
[    0.216451] target-module@4b000000:target-module@140000:pmu@0:fck: device ID is greater than 24
[    0.222647] l3-aon-clkctrl:0000:0: failed to disable
[    0.222918] ledtrig-cpu: registered to indicate activity on CPUs
[    0.232524] Serial: 8250/16550 driver, 6 ports, IRQ sharing enabled
[    0.270142] brd: module loaded
[    0.297152] loop: module loaded
[    0.298094] mtdoops: mtd device (mtddev=name/number) must be supplied
[    0.299764] mdio_bus fixed-0: using lookup tables for GPIO lookup
[    0.299788] mdio_bus fixed-0: No GPIO consumer reset found
[    0.301145] i2c_dev: i2c /dev entries driver
[    0.302352] cpuidle: enable-method property 'ti,am3352' found operations
[    0.302805] sdhci: Secure Digital Host Controller Interface driver
[    0.302815] sdhci: Copyright(c) Pierre Ossman
[    0.302994] sdhci-pltfm: SDHCI platform and OF driver helper
[    0.304456] hw perfevents: enabled with armv7_cortex_a8 PMU driver, 5 (8000000f) counters available
[    0.304965] Initializing XFRM netlink socket
[    0.305150] NET: Registered PF_INET6 protocol family
[    0.310805] l3-aon-clkctrl:0000:0: failed to disable
[    0.312379] Segment Routing with IPv6
[    0.312463] In-situ OAM (IOAM) with IPv6
[    0.312559] sit: IPv6, IPv4 and MPLS over IPv4 tunneling driver
[    0.313511] NET: Registered PF_PACKET protocol family
[    0.313537] NET: Registered PF_KEY protocol family
[    0.313651] Key type dns_resolver registered
[    0.313880] ThumbEE CPU extension supported.
[    0.313900] Registering SWP/SWPB emulation handler
[    0.314435] omap_voltage_late_init: Voltage driver support not added
[    0.315095] SmartReflex Class3 initialized
[    0.359614] Loading compiled-in X.509 certificates
[    0.389964] /ocp/interconnect@44c00000/segment@200000/target-module@b000/i2c@0/tda19988@70: Fixed dependency cycle(s) with /ocp/interconnect@48000000/segment@300000/target-module@e000/lcdc@0
[    0.396575] /ocp/interconnect@44c00000/segment@200000/target-module@b000/i2c@0/tda19988@70: Fixed dependency cycle(s) with /ocp/interconnect@48000000/segment@300000/target-module@e000/lcdc@0
[    0.402244] gpiochip_find_base_unlocked: found new base at 512
[    0.435900] /ocp/interconnect@44c00000/segment@200000/target-module@b000/i2c@0/tda19988@70: Fixed dependency cycle(s) with /ocp/interconnect@48000000/segment@300000/target-module@e000/lcdc@0
[    0.436813] /ocp/interconnect@44c00000/segment@200000/target-module@b000/i2c@0/tda19988@70: Fixed dependency cycle(s) with /ocp/interconnect@48000000/segment@300000/target-module@e000/lcdc@0
[    0.440258] /ocp/interconnect@44c00000/segment@200000/target-module@10000/scm@0/pinmux@800: Fixed dependency cycle(s) with /ocp/interconnect@44c00000/segment@200000/target-module@10000/scm@0/pinmux@800/clkout2-pins
[    0.440836] pinctrl-single 44e10800.pinmux: 142 pins, size 568
[    0.446388] ti-sysc 44e31000.target-module: probe with driver ti-sysc failed with error -16
[    0.470918] /ocp/interconnect@48000000/segment@300000/target-module@e000/lcdc@0: Fixed dependency cycle(s) with /ocp/interconnect@44c00000/segment@200000/target-module@b000/i2c@0/tda19988@70
[    0.479189] ti-sysc 48040000.target-module: probe with driver ti-sysc failed with error -16
[    0.490583] gpiochip_find_base_unlocked: found new base at 512
[    0.490683] gpio gpiochip0: (gpio-0-31): created GPIO range 0->7 ==> 44e10800.pinmux PIN 0->7
[    0.490701] gpio gpiochip0: (gpio-0-31): created GPIO range 8->11 ==> 44e10800.pinmux PIN 90->93
[    0.490717] gpio gpiochip0: (gpio-0-31): created GPIO range 12->27 ==> 44e10800.pinmux PIN 12->27
[    0.490732] gpio gpiochip0: (gpio-0-31): created GPIO range 28->31 ==> 44e10800.pinmux PIN 30->33
[    0.525234] gpio gpiochip0: (gpio-0-31): added GPIO chardev (254:0)
[    0.525386] gpio gpiochip0: registered GPIOs 512 to 543 on gpio-0-31
[    0.525473] OMAP GPIO hardware version 0.1
[    0.553832] i2c i2c-2: using DT '/ocp/interconnect@48000000/segment@100000/target-module@9c000/i2c@0' for 'scl' GPIO lookup
[    0.553907] of_get_named_gpiod_flags: can't parse 'scl-gpios' property of node '/ocp/interconnect@48000000/segment@100000/target-module@9c000/i2c@0[0]'
[    0.553948] of_get_named_gpiod_flags: can't parse 'scl-gpio' property of node '/ocp/interconnect@48000000/segment@100000/target-module@9c000/i2c@0[0]'
[    0.553983] i2c i2c-2: using lookup tables for GPIO lookup
[    0.553993] i2c i2c-2: No GPIO consumer scl found
[    0.554013] i2c i2c-2: using DT '/ocp/interconnect@48000000/segment@100000/target-module@9c000/i2c@0' for 'sda' GPIO lookup
[    0.554048] of_get_named_gpiod_flags: can't parse 'sda-gpios' property of node '/ocp/interconnect@48000000/segment@100000/target-module@9c000/i2c@0[0]'
[    0.554084] of_get_named_gpiod_flags: can't parse 'sda-gpio' property of node '/ocp/interconnect@48000000/segment@100000/target-module@9c000/i2c@0[0]'
[    0.554115] i2c i2c-2: using lookup tables for GPIO lookup
[    0.554122] i2c i2c-2: No GPIO consumer sda found
[    0.554845] omap_i2c 4819c000.i2c: bus 2 rev0.11 at 100 kHz
[    0.560397] gpiochip_find_base_unlocked: found new base at 544
[    0.560500] gpio gpiochip1: (gpio-32-63): created GPIO range 0->17 ==> 44e10800.pinmux PIN 34->51
[    0.560519] gpio gpiochip1: (gpio-32-63): created GPIO range 18->21 ==> 44e10800.pinmux PIN 77->80
[    0.560536] gpio gpiochip1: (gpio-32-63): created GPIO range 22->31 ==> 44e10800.pinmux PIN 56->65
[    0.572684] gpio gpiochip1: (gpio-32-63): added GPIO chardev (254:1)
[    0.572855] gpio gpiochip1: registered GPIOs 544 to 575 on gpio-32-63
[    0.575133] gpiochip_find_base_unlocked: found new base at 576
[    0.575224] gpio gpiochip2: (gpio-64-95): created GPIO range 0->4 ==> 44e10800.pinmux PIN 66->70
[    0.575244] gpio gpiochip2: (gpio-64-95): created GPIO range 5->6 ==> 44e10800.pinmux PIN 98->99
[    0.575259] gpio gpiochip2: (gpio-64-95): created GPIO range 7->8 ==> 44e10800.pinmux PIN 75->76
[    0.575274] gpio gpiochip2: (gpio-64-95): created GPIO range 13->13 ==> 44e10800.pinmux PIN 141->141
[    0.575290] gpio gpiochip2: (gpio-64-95): created GPIO range 14->21 ==> 44e10800.pinmux PIN 100->107
[    0.575939] gpio gpiochip2: (gpio-64-95): added GPIO chardev (254:2)
[    0.576068] gpio gpiochip2: registered GPIOs 576 to 607 on gpio-64-95
[    0.582202] 48000000.interconnect:segment@200000:target-module@0:mpu@0:fck: device ID is greater than 24
[    0.583172] /ocp/interconnect@48000000/segment@300000/target-module@e000/lcdc@0: Fixed dependency cycle(s) with /ocp/interconnect@44c00000/segment@200000/target-module@b000/i2c@0/tda19988@70
[    0.586016] /ocp/interconnect@48000000/segment@300000/target-module@e000/lcdc@0: Fixed dependency cycle(s) with /ocp/interconnect@44c00000/segment@200000/target-module@b000/i2c@0/tda19988@70
[    0.586719] /ocp/interconnect@44c00000/segment@200000/target-module@b000/i2c@0/tda19988@70: Fixed dependency cycle(s) with /ocp/interconnect@48000000/segment@300000/target-module@e000/lcdc@0
[    0.586880] /ocp/interconnect@48000000/segment@300000/target-module@e000/lcdc@0: Fixed dependency cycle(s) with /ocp/interconnect@44c00000/segment@200000/target-module@b000/i2c@0/tda19988@70
[    0.596661] mdio_bus 4a101000.mdio: using DT '/ocp/interconnect@4a000000/segment@0/target-module@100000/switch@0/mdio@1000' for 'reset' GPIO lookup
[    0.596734] of_get_named_gpiod_flags: can't parse 'reset-gpios' property of node '/ocp/interconnect@4a000000/segment@0/target-module@100000/switch@0/mdio@1000[0]'
[    0.596781] of_get_named_gpiod_flags: can't parse 'reset-gpio' property of node '/ocp/interconnect@4a000000/segment@0/target-module@100000/switch@0/mdio@1000[0]'
[    0.596828] mdio_bus 4a101000.mdio: using lookup tables for GPIO lookup
[    0.596837] mdio_bus 4a101000.mdio: No GPIO consumer reset found
[    0.597769] sdhci-omap 481d8000.mmc: using DT '/ocp/interconnect@48000000/segment@100000/target-module@d8000/mmc@0' for 'wp' GPIO lookup
[    0.597831] of_get_named_gpiod_flags: can't parse 'wp-gpios' property of node '/ocp/interconnect@48000000/segment@100000/target-module@d8000/mmc@0[0]'
[    0.597873] of_get_named_gpiod_flags: can't parse 'wp-gpio' property of node '/ocp/interconnect@48000000/segment@100000/target-module@d8000/mmc@0[0]'
[    0.597907] sdhci-omap 481d8000.mmc: using lookup tables for GPIO lookup
[    0.597916] sdhci-omap 481d8000.mmc: No GPIO consumer wp found
[    0.598111] sdhci-omap 481d8000.mmc: supply pbias not found, using dummy regulator
[    0.598609] sdhci-omap 481d8000.mmc: supply vqmmc not found, using dummy regulator
[    0.653492] davinci_mdio 4a101000.mdio: davinci mdio revision 1.6, bus freq 1000000
[    0.674791] mdio_bus 4a101000.mdio:00: using DT '/ocp/interconnect@4a000000/segment@0/target-module@100000/switch@0/mdio@1000/ethernet-phy@0' for 'reset' GPIO lookup
[    0.674894] of_get_named_gpiod_flags: parsed 'reset-gpios' property of node '/ocp/interconnect@4a000000/segment@0/target-module@100000/switch@0/mdio@1000/ethernet-phy@0[0]' - status (0)
[    0.675060] gpio gpiochip0: Persistence not supported for GPIO 8
[    0.813832] davinci_mdio 4a101000.mdio: phy[0]: device 4a101000.mdio:00, driver SMSC LAN8710/LAN8720
[    0.814604] cpsw-switch 4a100000.switch: initialized cpsw ale version 1.4
[    0.814627] cpsw-switch 4a100000.switch: ALE Table size 1024, Policers 0
[    0.814785] cpsw-switch 4a100000.switch: cpts: overflow check period 500 (jiffies)
[    0.814803] cpsw-switch 4a100000.switch: CPTS: ref_clk_freq:250000000 calc_mult:2147483648 calc_shift:29 error:0 nsec/sec
[    0.814922] cpsw-switch 4a100000.switch: Detected MACID = 6c:ec:eb:68:de:78
[    0.816760] cpsw-switch 4a100000.switch: initialized (regs 0x4a100000, pool size 256) hw_ver:0019010C 1.12 (0)
[    0.827658] debugfs: Directory '49000000.dma' with parent 'dmaengine' already present!
[    0.827701] edma 49000000.dma: TI EDMA DMA engine driver
[    0.854471] gpio-clk clk_mcasp0: using DT '/clk_mcasp0' for 'enable' GPIO lookup
[    0.854548] of_get_named_gpiod_flags: parsed 'enable-gpios' property of node '/clk_mcasp0[0]' - status (0)
[    0.854592] gpio gpiochip0: Persistence not supported for GPIO 27
[    0.855472] gpiochip_find_base_unlocked: found new base at 608
[    0.855582] gpio gpiochip3: (gpio-96-127): created GPIO range 0->7 ==> 44e10800.pinmux PIN 82->89
[    0.855603] gpio gpiochip3: (gpio-96-127): created GPIO range 8->11 ==> 44e10800.pinmux PIN 52->55
[    0.855619] gpio gpiochip3: (gpio-96-127): created GPIO range 12->15 ==> 44e10800.pinmux PIN 94->97
[    0.855634] gpio gpiochip3: (gpio-96-127): created GPIO range 16->17 ==> 44e10800.pinmux PIN 71->72
[    0.855649] gpio gpiochip3: (gpio-96-127): created GPIO range 18->18 ==> 44e10800.pinmux PIN 135->135
[    0.855665] gpio gpiochip3: (gpio-96-127): created GPIO range 19->20 ==> 44e10800.pinmux PIN 108->109
[    0.855682] gpio gpiochip3: (gpio-96-127): created GPIO range 21->21 ==> 44e10800.pinmux PIN 73->73
[    0.855698] gpio gpiochip3: (gpio-96-127): created GPIO range 22->23 ==> 44e10800.pinmux PIN 8->9
[    0.855715] gpio gpiochip3: (gpio-96-127): created GPIO range 26->27 ==> 44e10800.pinmux PIN 10->11
[    0.855732] gpio gpiochip3: (gpio-96-127): created GPIO range 28->28 ==> 44e10800.pinmux PIN 74->74
[    0.855749] gpio gpiochip3: (gpio-96-127): created GPIO range 29->29 ==> 44e10800.pinmux PIN 81->81
[    0.855768] gpio gpiochip3: (gpio-96-127): created GPIO range 30->31 ==> 44e10800.pinmux PIN 28->29
[    0.880629] gpio gpiochip3: (gpio-96-127): added GPIO chardev (254:3)
[    0.880795] gpio gpiochip3: registered GPIOs 608 to 639 on gpio-96-127
[    0.882951] omap8250 44e09000.serial: using DT '/ocp/interconnect@44c00000/segment@200000/target-module@9000/serial@0' for 'rs485-term' GPIO lookup
[    0.883025] of_get_named_gpiod_flags: can't parse 'rs485-term-gpios' property of node '/ocp/interconnect@44c00000/segment@200000/target-module@9000/serial@0[0]'
[    0.883070] of_get_named_gpiod_flags: can't parse 'rs485-term-gpio' property of node '/ocp/interconnect@44c00000/segment@200000/target-module@9000/serial@0[0]'
[    0.883106] omap8250 44e09000.serial: using lookup tables for GPIO lookup
[    0.883115] omap8250 44e09000.serial: No GPIO consumer rs485-term found
[    0.883124] omap8250 44e09000.serial: using DT '/ocp/interconnect@44c00000/segment@200000/target-module@9000/serial@0' for 'rs485-rx-during-tx' GPIO lookup
[    0.883160] of_get_named_gpiod_flags: can't parse 'rs485-rx-during-tx-gpios' property of node '/ocp/interconnect@44c00000/segment@200000/target-module@9000/serial@0[0]'
[    0.883196] of_get_named_gpiod_flags: can't parse 'rs485-rx-during-tx-gpio' property of node '/ocp/interconnect@44c00000/segment@200000/target-module@9000/serial@0[0]'
[    0.883228] omap8250 44e09000.serial: using lookup tables for GPIO lookup
[    0.883235] omap8250 44e09000.serial: No GPIO consumer rs485-rx-during-tx found
[    0.883614] 44e09000.serial: ttyS0 at MMIO 0x44e09000 (irq = 34, base_baud = 3000000) is a 8250
[    0.883705] printk: legacy console [ttyS0] enabled
[    2.355227] i2c i2c-0: using DT '/ocp/interconnect@44c00000/segment@200000/target-module@b000/i2c@0' for 'scl' GPIO lookup
[    2.355328] of_get_named_gpiod_flags: can't parse 'scl-gpios' property of node '/ocp/interconnect@44c00000/segment@200000/target-module@b000/i2c@0[0]'
[    2.355375] of_get_named_gpiod_flags: can't parse 'scl-gpio' property of node '/ocp/interconnect@44c00000/segment@200000/target-module@b000/i2c@0[0]'
[    2.355414] i2c i2c-0: using lookup tables for GPIO lookup
[    2.355428] i2c i2c-0: No GPIO consumer scl found
[    2.355453] i2c i2c-0: using DT '/ocp/interconnect@44c00000/segment@200000/target-module@b000/i2c@0' for 'sda' GPIO lookup
[    2.355492] of_get_named_gpiod_flags: can't parse 'sda-gpios' property of node '/ocp/interconnect@44c00000/segment@200000/target-module@b000/i2c@0[0]'
[    2.355533] of_get_named_gpiod_flags: can't parse 'sda-gpio' property of node '/ocp/interconnect@44c00000/segment@200000/target-module@b000/i2c@0[0]'
[    2.355568] i2c i2c-0: using lookup tables for GPIO lookup
[    2.355579] i2c i2c-0: No GPIO consumer sda found
[    2.372776] tps65217-pmic: Failed to locate of_node [id: -1]
[    2.378835] tps65217-bl: Failed to locate of_node [id: -1]
[    2.384896] platform tps65217-charger: DMA mask not set
[    2.390919] platform tps65217-pwrbutton: DMA mask not set
[    2.398335] tps65217 0-0024: TPS65217 ID 0xe version 1.2
[    2.404480] /ocp/interconnect@48000000/segment@300000/target-module@e000/lcdc@0: Fixed dependency cycle(s) with /ocp/interconnect@44c00000/segment@200000/target-module@b000/i2c@0/tda19988@70
[    2.421885] /ocp/interconnect@44c00000/segment@200000/target-module@b000/i2c@0/tda19988@70: Fixed dependency cycle(s) with /ocp/interconnect@48000000/segment@300000/target-module@e000/lcdc@0
[    2.439214] omap_i2c 44e0b000.i2c: bus 0 rev0.11 at 400 kHz
[    2.446869] sdhci-omap 48060000.mmc: using DT '/ocp/interconnect@48000000/segment@0/target-module@60000/mmc@0' for 'cd' GPIO lookup
[    2.446975] of_get_named_gpiod_flags: parsed 'cd-gpios' property of node '/ocp/interconnect@48000000/segment@0/target-module@60000/mmc@0[0]' - status (0)
[    2.447041] gpio gpiochip3: Persistence not supported for GPIO 6
[    2.447067] omap_gpio 44e07000.gpio: Could not set line 6 debounce to 200000 microseconds (-22)
[    2.455999] sdhci-omap 48060000.mmc: Got CD GPIO
[    2.460651] sdhci-omap 48060000.mmc: using DT '/ocp/interconnect@48000000/segment@0/target-module@60000/mmc@0' for 'wp' GPIO lookup
[    2.460703] of_get_named_gpiod_flags: can't parse 'wp-gpios' property of node '/ocp/interconnect@48000000/segment@0/target-module@60000/mmc@0[0]'
[    2.460748] of_get_named_gpiod_flags: can't parse 'wp-gpio' property of node '/ocp/interconnect@48000000/segment@0/target-module@60000/mmc@0[0]'
[    2.460787] sdhci-omap 48060000.mmc: using lookup tables for GPIO lookup
[    2.460800] sdhci-omap 48060000.mmc: No GPIO consumer wp found
[    2.461010] sdhci-omap 48060000.mmc: supply pbias not found, using dummy regulator
[    2.469802] sdhci-omap 481d8000.mmc: using DT '/ocp/interconnect@48000000/segment@100000/target-module@d8000/mmc@0' for 'wp' GPIO lookup
[    2.469880] of_get_named_gpiod_flags: can't parse 'wp-gpios' property of node '/ocp/interconnect@48000000/segment@100000/target-module@d8000/mmc@0[0]'
