Labgrid Console Logfile for main
Logfile started at 2025-01-24 07:24:35.241611
=== Log starts here ===
reading args
spl_load_image_fat_os: error reading image args, err - -1
reading u-boot.img
reading u-boot.img


U-Boot 2014.04-00014-g47880f5 (Apr 22 2014 - 13:23:54)

I2C:   ready
DRAM:  512 MiB
NAND:  0 MiB
MMC:   OMAP SD/MMC: 0, OMAP SD/MMC: 1
*** Warning - readenv() failed, using default environment

Net:   <ethaddr> not set. Validating first E-fuse MAC
cpsw, usb_ether
Hit any key to stop autoboot:  1  0 
gpio: pin 53 (gpio 53) value is 1
mmc0 is current device
gpio: pin 54 (gpio 54) value is 1
SD/MMC found on device 0
reading uEnv.txt
569 bytes read in 3 ms (184.6 KiB/s)
gpio: pin 55 (gpio 55) value is 1
Loaded environment from uEnv.txt
Importing environment from mmc ...
Checking if uenvcmd is set ...
gpio: pin 56 (gpio 56) value is 1
Running uenvcmd ...
cpsw Waiting for PHY auto negotiation to complete. done
link up on port 0, speed 100, full duplex
Using cpsw device
TFTP from server 192.168.255.126; our IP address is 192.168.255.1
Filename 'zImage'.
Load address: 0x81000000
Loading: *#################################################################
	 #################################################################
	 #################################################################
	 #################################################################
	 #################################################################
	 #####################################################
	 2.4 MiB/s
done
Bytes transferred = 5539760 (5487b0 hex)
link up on port 0, speed 100, full duplex
Using cpsw device
TFTP from server 192.168.255.126; our IP address is 192.168.255.1
Filename 'am335x-boneblack.dtb'.
Load address: 0x82000000
Loading: *#######
	 1.2 MiB/s
done
Bytes transferred = 98244 (17fc4 hex)
Kernel image @ 0x81000000 [ 0x000000 - 0x5487b0 ]
## Flattened Device Tree blob at 82000000
   Booting using the fdt blob at 0x82000000
   Using Device Tree in place at 82000000, end 8201afc3

Starting kernel ...

[    0.000000] Booting Linux on physical CPU 0x0
[    0.000000] Linux version 6.13.0-next-20250124 (user01@drvtest01) (arm-none-eabi-gcc (Arm GNU Toolchain 14.2.Rel1 (Build arm-14.52)) 14.2.1 20241119, GNU ld (Arm GNU Toolchain 14.2.Rel1 (Build arm-14.52)) 2.43.1.20241119) #1 SMP Fri Jan 24 07:23:13 EET 2025
[    0.000000] CPU: ARMv7 Processor [413fc082] revision 2 (ARMv7), cr=10c5387d
[    0.000000] CPU: PIPT / VIPT nonaliasing data cache, VIPT aliasing instruction cache
[    0.000000] OF: fdt: Machine model: TI AM335x BeagleBone Black
[    0.000000] Memory policy: Data cache writeback
[    0.000000] cma: Reserved 16 MiB at 0x9e800000 on node -1
[    0.000000] Zone ranges:
[    0.000000]   Normal   [mem 0x0000000080000000-0x000000009fdfffff]
[    0.000000]   HighMem  empty
[    0.000000] Movable zone start for each node
[    0.000000] Early memory node ranges
[    0.000000]   node   0: [mem 0x0000000080000000-0x000000009fdfffff]
[    0.000000] Initmem setup node 0 [mem 0x0000000080000000-0x000000009fdfffff]
[    0.000000] OF: reserved mem: Reserved memory: No reserved-memory node in the DT
[    0.000000] CPU: All CPU(s) started in SVC mode.
[    0.000000] AM335X ES2.1 (sgx neon)
[    0.000000] percpu: Embedded 17 pages/cpu s39564 r8192 d21876 u69632
[    0.000000] Kernel command line: console=ttyO0,115200n8 root=/dev/nfs rw nfsroot=192.168.255.126:/home/user01/nfs,nfsvers=3 ip=192.168.255.1:192.168.255.126::255.255.255.0:bbb1:eth0 nfsrootdebug
[    0.000000] Unknown kernel command line parameters "nfsrootdebug", will be passed to user space.
[    0.000000] printk: log buffer data + meta data: 65536 + 204800 = 270336 bytes
[    0.000000] Dentry cache hash table entries: 65536 (order: 6, 262144 bytes, linear)
[    0.000000] Inode-cache hash table entries: 32768 (order: 5, 131072 bytes, linear)
[    0.000000] Built 1 zonelists, mobility grouping on.  Total pages: 130560
[    0.000000] mem auto-init: stack:off, heap alloc:off, heap free:off
[    0.000000] SLUB: HWalign=16, Order=0-3, MinObjects=0, CPUs=1, Nodes=1
[    0.000000] rcu: Hierarchical RCU implementation.
[    0.000000] rcu: 	RCU event tracing is enabled.
[    0.000000] rcu: 	RCU restricting CPUs from NR_CPUS=2 to nr_cpu_ids=1.
[    0.000000] 	Tracing variant of Tasks RCU enabled.
[    0.000000] rcu: RCU calculated value of scheduler-enlistment delay is 10 jiffies.
[    0.000000] rcu: Adjusting geometry for rcu_fanout_leaf=16, nr_cpu_ids=1
[    0.000000] RCU Tasks Trace: Setting shift to 0 and lim to 1 rcu_task_cb_adjust=1 rcu_task_cpu_ids=1.
[    0.000000] NR_IRQS: 16, nr_irqs: 16, preallocated irqs: 16
[    0.000000] IRQ: Found an INTC at 0x(ptrval) (revision 5.0) with 128 interrupts
[    0.000000] rcu: srcu_init: Setting srcu_struct sizes based on contention.
[    0.000000] TI gptimer clocksource: always-on /ocp/interconnect@44c00000/segment@200000/target-module@31000
[    0.000003] sched_clock: 32 bits at 24MHz, resolution 41ns, wraps every 89478484971ns
[    0.000026] clocksource: dmtimer: mask: 0xffffffff max_cycles: 0xffffffff, max_idle_ns: 79635851949 ns
[    0.000506] TI gptimer clockevent: 24000000 Hz at /ocp/interconnect@48000000/segment@0/target-module@40000
[    0.002169] Console: colour dummy device 80x30
[    0.002233] WARNING: Your 'console=ttyO0' has been replaced by 'ttyS0'
[    0.002241] This ensures that you still see kernel messages. Please
[    0.002246] update your kernel commandline.
[    0.002286] Calibrating delay loop... 996.14 BogoMIPS (lpj=4980736)
[    0.090557] CPU: Testing write buffer coherency: ok
[    0.090668] CPU0: Spectre v2: using BPIALL workaround
[    0.090678] pid_max: default: 32768 minimum: 301
[    0.090815] LSM: initializing lsm=capability
[    0.090986] Mount-cache hash table entries: 1024 (order: 0, 4096 bytes, linear)
[    0.091007] Mountpoint-cache hash table entries: 1024 (order: 0, 4096 bytes, linear)
[    0.092614] CPU0: thread -1, cpu 0, socket -1, mpidr 0
[    0.092671] cacheinfo: Unable to detect cache hierarchy for CPU 0
[    0.160920] Setting up static identity map for 0x80100000 - 0x80100078
[    0.170709] rcu: Hierarchical SRCU implementation.
[    0.170719] rcu: 	Max phase no-delay instances is 1000.
[    0.172451] smp: Bringing up secondary CPUs ...
[    0.172506] smp: Brought up 1 node, 1 CPU
[    0.172518] SMP: Total of 1 processors activated (996.14 BogoMIPS).
[    0.172530] CPU: All CPU(s) started in SVC mode.
[    0.172709] Memory: 480840K/522240K available (11264K kernel code, 1214K rwdata, 2888K rodata, 1024K init, 290K bss, 23384K reserved, 16384K cma-reserved, 0K highmem)
[    0.173542] devtmpfs: initialized
[    0.189891] VFP support v0.3: implementor 41 architecture 3 part 30 variant c rev 3
[    0.190237] clocksource: jiffies: mask: 0xffffffff max_cycles: 0xffffffff, max_idle_ns: 19112604462750000 ns
[    0.190270] futex hash table entries: 256 (order: 2, 16384 bytes, linear)
[    0.191783] pinctrl core: initialized pinctrl subsystem
[    0.194601] NET: Registered PF_NETLINK/PF_ROUTE protocol family
[    0.197365] DMA: preallocated 256 KiB pool for atomic coherent allocations
[    0.198270] audit: initializing netlink subsys (disabled)
[    0.199619] thermal_sys: Registered thermal governor 'fair_share'
[    0.199636] thermal_sys: Registered thermal governor 'step_wise'
[    0.199645] thermal_sys: Registered thermal governor 'user_space'
[    0.199757] audit: type=2000 audit(0.190:1): state=initialized audit_enabled=0 res=1
[    0.199830] cpuidle: using governor menu
[    0.217757] /ocp/interconnect@44c00000/segment@200000/target-module@b000/i2c@0/tda19988@70: Fixed dependency cycle(s) with /ocp/interconnect@48000000/segment@300000/target-module@e000/lcdc@0
[    0.218884] /ocp/interconnect@48000000/segment@300000/target-module@e000/lcdc@0: Fixed dependency cycle(s) with /ocp/interconnect@44c00000/segment@200000/target-module@b000/i2c@0/tda19988@70
[    0.221222] No ATAGs?
[    0.221266] hw-breakpoint: debug architecture 0x4 unsupported.
[    0.223964] kprobes: kprobe jump-optimization is enabled. All kprobes are optimized if possible.
[    0.233874] iommu: Default domain type: Translated
[    0.233898] iommu: DMA domain TLB invalidation policy: strict mode
[    0.241447] SCSI subsystem initialized
[    0.242296] pps_core: LinuxPPS API ver. 1 registered
[    0.242308] pps_core: Software ver. 5.3.6 - Copyright 2005-2007 Rodolfo Giometti <giometti@linux.it>
[    0.242333] PTP clock support registered
[    0.250862] vgaarb: loaded
[    0.251219] clocksource: Switched to clocksource dmtimer
[    0.251880] VFS: Disk quotas dquot_6.6.0
[    0.251935] VFS: Dquot-cache hash table entries: 1024 (order 0, 4096 bytes)
[    0.275468] NET: Registered PF_INET protocol family
[    0.275810] IP idents hash table entries: 8192 (order: 4, 65536 bytes, linear)
[    0.277234] tcp_listen_portaddr_hash hash table entries: 512 (order: 0, 4096 bytes, linear)
[    0.277273] Table-perturb hash table entries: 65536 (order: 6, 262144 bytes, linear)
[    0.277294] TCP established hash table entries: 4096 (order: 2, 16384 bytes, linear)
[    0.277336] TCP bind hash table entries: 4096 (order: 4, 65536 bytes, linear)
[    0.277435] TCP: Hash tables configured (established 4096 bind 4096)
[    0.277555] UDP hash table entries: 256 (order: 1, 14336 bytes, linear)
[    0.277590] UDP-Lite hash table entries: 256 (order: 1, 14336 bytes, linear)
[    0.277771] NET: Registered PF_UNIX/PF_LOCAL protocol family
[    0.279016] RPC: Registered named UNIX socket transport module.
[    0.279036] RPC: Registered udp transport module.
[    0.279042] RPC: Registered tcp transport module.
[    0.279047] RPC: Registered tcp-with-tls transport module.
[    0.279052] RPC: Registered tcp NFSv4.1 backchannel transport module.
[    0.279076] PCI: CLS 0 bytes, default 64
[    0.280461] Initialise system trusted keyrings
[    0.292383] workingset: timestamp_bits=14 max_order=17 bucket_order=3
[    0.293737] NFS: Registering the id_resolver key type
[    0.293835] Key type id_resolver registered
[    0.293842] Key type id_legacy registered
[    0.293890] jffs2: version 2.2. (NAND) (SUMMARY)  Â© 2001-2006 Red Hat, Inc.
[    0.294290] Key type asymmetric registered
[    0.294305] Asymmetric key parser 'x509' registered
[    0.294370] io scheduler mq-deadline registered
[    0.294380] io scheduler kyber registered
[    0.294452] io scheduler bfq registered
[    0.296008] ledtrig-cpu: registered to indicate activity on CPUs
[    0.298699] Serial: 8250/16550 driver, 6 ports, IRQ sharing enabled
[    0.339049] brd: module loaded
[    0.357041] loop: module loaded
[    0.357957] mtdoops: mtd device (mtddev=name/number) must be supplied
[    0.361000] i2c_dev: i2c /dev entries driver
[    0.362156] cpuidle: enable-method property 'ti,am3352' found operations
[    0.362595] sdhci: Secure Digital Host Controller Interface driver
[    0.362606] sdhci: Copyright(c) Pierre Ossman
[    0.362779] sdhci-pltfm: SDHCI platform and OF driver helper
[    0.363780] Initializing XFRM netlink socket
[    0.363948] NET: Registered PF_INET6 protocol family
[    0.376934] Segment Routing with IPv6
[    0.377023] In-situ OAM (IOAM) with IPv6
[    0.377128] sit: IPv6, IPv4 and MPLS over IPv4 tunneling driver
[    0.378068] NET: Registered PF_PACKET protocol family
[    0.378108] NET: Registered PF_KEY protocol family
[    0.378225] Key type dns_resolver registered
[    0.378452] ThumbEE CPU extension supported.
[    0.378472] Registering SWP/SWPB emulation handler
[    0.379008] omap_voltage_late_init: Voltage driver support not added
[    0.379385] SmartReflex Class3 initialized
[    0.402575] Loading compiled-in X.509 certificates
[    0.440933] OF: /ocp: Read of boolean property 'clocks' with a value.
[    0.444194] /ocp/interconnect@44c00000/segment@200000/target-module@b000/i2c@0/tda19988@70: Fixed dependency cycle(s) with /ocp/interconnect@48000000/segment@300000/target-module@e000/lcdc@0
[    0.445119] OF: /ocp/interconnect@44c00000: Read of boolean property 'clocks' with a value.
[    0.450444] /ocp/interconnect@44c00000/segment@200000/target-module@b000/i2c@0/tda19988@70: Fixed dependency cycle(s) with /ocp/interconnect@48000000/segment@300000/target-module@e000/lcdc@0
[    0.473157] /ocp/interconnect@44c00000/segment@200000/target-module@b000/i2c@0/tda19988@70: Fixed dependency cycle(s) with /ocp/interconnect@48000000/segment@300000/target-module@e000/lcdc@0
[    0.474052] /ocp/interconnect@44c00000/segment@200000/target-module@b000/i2c@0/tda19988@70: Fixed dependency cycle(s) with /ocp/interconnect@48000000/segment@300000/target-module@e000/lcdc@0
[    0.477404] /ocp/interconnect@44c00000/segment@200000/target-module@10000/scm@0/pinmux@800: Fixed dependency cycle(s) with /ocp/interconnect@44c00000/segment@200000/target-module@10000/scm@0/pinmux@800/clkout2-pins
[    0.477976] pinctrl-single 44e10800.pinmux: 142 pins, size 568
[    0.483296] ti-sysc 44e31000.target-module: probe with driver ti-sysc failed with error -16
[    0.507151] /ocp/interconnect@48000000/segment@300000/target-module@e000/lcdc@0: Fixed dependency cycle(s) with /ocp/interconnect@44c00000/segment@200000/target-module@b000/i2c@0/tda19988@70
[    0.507476] OF: /ocp/interconnect@48000000: Read of boolean property 'clocks' with a value.
[    0.515284] ti-sysc 48040000.target-module: probe with driver ti-sysc failed with error -16
[    0.572767] OMAP GPIO hardware version 0.1
[    0.599452] omap_i2c 4819c000.i2c: bus 2 rev0.11 at 100 kHz
[    0.635914] 48000000.interconnect:segment@200000:target-module@0:mpu@0:fck: device ID is greater than 24
[    0.636788] /ocp/interconnect@48000000/segment@300000/target-module@e000/lcdc@0: Fixed dependency cycle(s) with /ocp/interconnect@44c00000/segment@200000/target-module@b000/i2c@0/tda199 88@70
[    0.639457] /ocp/interconnect@48000000/segment@30000 0/target-module@e000/lcdc@0: Fixed dependency cycle(s) with /o cp/interconnect@44c00000/segment@200000/target-module@b000/i2c @0/tda19988@70
[    0.640131] /ocp/interconnect@44c00000/segm ent@2000
[    2.492188] tps65217-pmic: Failed to locate of_node [id: -1]
[    2.498247] tps65217-bl: Failed to locate of_node [id: -1]
[    2.509564] tps65217 0-0024: TPS65217 ID 0xe version 1.2
[    2.515780] /ocp/interconnect@48000000/segment@300000/target-module@e000/lcdc@0: Fixed dependency cycle(s) with /ocp/interconnect@44c00000/segment@200000/target-module@b000/i2c@0/tda19988@70
[    2.533148] /ocp/interconnect@44c00000/segment@200000/target-module@b000/i2c@0/tda19988@70: Fixed dependency cycle(s) with /ocp/interconnect@48000000/segment@300000/target-module@e000/lcdc@0
[    2.550558] omap_i2c 44e0b000.i2c: bus 0 rev0.11 at 400 kHz
[    2.558574] omap_gpio 44e07000.gpio: Could not set line 6 debounce to 200000 microseconds (-22)
[    2.567460] sdhci-omap 48060000.mmc: Got CD GPIO
[    2.572493] sdhci-omap 48060000.mmc: supply pbias not found, using dummy regulator
[    2.582565] sdhci-omap 48060000.mmc: supply vqmmc not found, using dummy regulator
[    2.591558] sdhci-omap 481d8000.mmc: supply pbias not found, using dummy regulator
[    2.599598] sdhci-omap 481d8000.mmc: supply vqmmc not found, using dummy regulator
[    2.741838] mmc1: SDHCI controller on 481d8000.mmc [481d8000.mmc] using External DMA
[    2.750170] mmc0: SDHCI controller on 48060000.mmc [48060000.mmc] using External DMA
[    2.759055] cpsw-switch 4a100000.switch: starting ndev. mode: dual_mac
[    2.800432] mmc0: new high speed SDHC card at address 5048
[    2.807486] mmcblk0: mmc0:5048 SD16G 14.4 GiB
[    2.815523]  mmcblk0: p1 p2
[    2.818999] mmcblk0: p2 size 31221760 extends beyond EOD, truncated
[    2.842494] SMSC LAN8710/LAN8720 4a101000.mdio:00: attached PHY driver (mii_bus:phy_addr=4a101000.mdio:00, irq=POLL)
[    2.864563] mmc1: new high speed MMC card at address 0001
[    2.871549] mmcblk1: mmc1:0001 MMC04G 3.60 GiB
[    2.878684]  mmcblk1: p1 p2
[    2.883110] mmcblk1boot0: mmc1:0001 MMC04G 2.00 MiB
[    2.890075] mmcblk1boot1: mmc1:0001 MMC04G 2.00 MiB
[    2.897119] mmcblk1rpmb: mmc1:0001 MMC04G 128 KiB, chardev (250:0)
[    6.001991] cpsw-switch 4a100000.switch eth0: Link is Up - 100Mbps/Full - flow control off
[    6.031237] IP-Config: Complete:
[    6.034507]      device=eth0, hwaddr=6c:ec:eb:68:de:78, ipaddr=192.168.255.1, mask=255.255.255.0, gw=255.255.255.255
[    6.045152]      host=bbb1, domain=, nis-domain=(none)
[    6.050319]      bootserver=192.168.255.126, rootserver=192.168.255.126, rootpath=
[    6.050731] clk: Disabling unused clocks
[    6.062601] PM: genpd: Disabling unused power domains
[    6.067719] KTAP version 1
[    6.070441] 1..0
[    6.096252] VFS: Mounted root (nfs filesystem) on device 0:17.
[    6.103378] devtmpfs: mounted
[    6.107871] Freeing unused kernel image (initmem) memory: 1024K
[    6.114718] Run /sbin/init as init process
[    6.892030] systemd[1]: System time before build time, advancing clock.
[    8.391237] random: crng init done
[    8.432880] systemd[1]: systemd 232 running in system mode. (+PAM +AUDIT +SELINUX +IMA +APPARMOR +SMACK +SYSVINIT +UTMP +LIBCRYPTSETUP +GCRYPT +GNUTLS +ACL +XZ +LZ4 +SECCOMP +BLKID +ELFUTILS +KMOD +IDN)
[    8.452025] systemd[1]: Detected architecture arm.

Welcome to [1mDebian GNU/Linux 9 (stretch)[0m!

[    8.484363] systemd[1]: Set hostname to <arm>.
[    9.602361] systemd[1]: Listening on Syslog Socket.
[[0;32m  OK  [0m] Listening on Syslog Socket.
[    9.622230] systemd[1]: Started Dispatch Password Requests to Console Directory Watch.
[[0;32m  OK  [0m] Started Dispatch Password Requests to Console Directory Watch.
[    9.652050] systemd[1]: Listening on udev Kernel Socket.
[[0;32m  OK  [0m] Listening on udev Kernel Socket.
[    9.682264] systemd[1]: Listening on Journal Audit Socket.
[[0;32m  OK  [0m] Listening on Journal Audit Socket.
[    9.712808] systemd[1]: Created slice User and Session Slice.
[[0;32m  OK  [0m] Created slice User and Session Slice.
[    9.741635] systemd[1]: Reached target Swap.
[[0;32m  OK  [0m] Reached target Swap.
[    9.762523] systemd[1]: Created slice System Slice.
[[0;32m  OK  [0m] Created slice System Slice.
[[0;32m  OK  [0m] Reached target Slices.
         Mounting POSIX Message Queue File System...
[[0;32m  OK  [0m] Created slice system-getty.slice.
[[0;32m  OK  [0m] Set up automount Arbitrary Executabâ€¦rmats File System Automount Point.
[[0;32m  OK  [0m] Reached target Remote File Systems.
[[0;32m  OK  [0m] Listening on Journal Socket.
         Starting Load Kernel Modules...
         Starting Remount Root and Kernel File Systems...
         Starting Create list of required stâ€¦ce nodes for the current kernel...
[[0;32m  OK  [0m] Listening on udev Control Socket.
[[0;32m  OK  [0m] Started Forward Password Requests to Wall Directory Watch.
[[0;32m  OK  [0m] Reached target Encrypted Volumes.
[[0;32m  OK  [0m] Reached target Paths.
         Mounting Debug File System...
[[0;32m  OK  [0m] Listening on /dev/initctl Compatibility Named Pipe.
[[0;32m  OK  [0m] Created slice system-serial\x2dgetty.slice.
[[0;32m  OK  [0m] Listening on Journal Socket (/dev/log).
         Starting Journal Service...
[[0;32m  OK  [0m] Mounted POSIX Message Queue File System.
[[0;32m  OK  [0m] Mounted Debug File System.
[[0;32m  OK  [0m] Started Load Kernel Modules.
[[0;32m  OK  [0m] Started Remount Root and Kernel File Systems.
[[0;32m  OK  [0m] Started Create list of required staâ€¦vice nodes for the current kernel.
         Starting Create Static Device Nodes in /dev...
         Starting udev Coldplug all Devices...
         Starting Load/Save Random Seed...
         Mounting Configuration File System...
         Starting Apply Kernel Variables...
[[0;32m  OK  [0m] Mounted Configuration File System.
[[0;32m  OK  [0m] Started Load/Save Random Seed.
[[0;32m  OK  [0m] Started Apply Kernel Variables.
[[0;32m  OK  [0m] Started Create Static Device Nodes in /dev.
         Starting udev Kernel Device Manager...
[[0;32m  OK  [0m] Reached target Local File Systems (Pre).
[[0;32m  OK  [0m] Reached target Local File Systems.
         Starting Raise network interfaces...
[[0;32m  OK  [0m] Started Journal Service.
         Starting Flush Journal to Persistent Storage...
[   11.940271] systemd-journald[94]: Received request to flush runtime journal from PID 1
[[0;32m  OK  [0m] Started Flush Journal to Persistent Storage.
         Starting Create Volatile Files and Directories...
[[0;32m  OK  [0m] Started udev Kernel Device Manager.
[[0;32m  OK  [0m] Started Create Volatile Files and Directories.
         Starting Network Time Synchronization...
         Starting Update UTMP about System Boot/Shutdown...
[[0;32m  OK  [0m] Started Update UTMP about System Boot/Shutdown.
[[0;32m  OK  [0m] Started udev Coldplug all Devices.
[   15.028710] remoteproc remoteproc0: wkup_m3 is available
[   15.190510] at24 2-0054: supply vcc not found, using dummy regulator
[[0;32m  OK  [0m] Found device /dev/ttyS0.
[   15.257954] omap_rtc 44e3e000.rtc: registered as rtc0
[   15.263241] omap_rtc 44e3e000.rtc: setting system clock to 2000-01-01T00:00:00 UTC (946684800)
[   15.344999] at24 2-0055: supply vcc not found, using dummy regulator
[[0;32m  OK  [0m] Started Network Time Synchronization.
[[0;32m  OK  [0m] Reached target System Time Synchronized.
[[0;32m  OK  [0m] Reached target System Initialization.
[   15.473513] at24 2-0056: supply vcc not found, using dummy regulator
[   15.524547] am335x-phy-driver 47401300.usb-phy: dummy supplies not allowed for exclusive requests (id=vbus)
[[0;32m  OK  [0m] Listening on D-Bus System Message Bus Socket.
[   15.605591] at24 2-0057: supply vcc not found, using dummy regulator
[   15.623317] tps6521x_pwrbutton tps65217-pwrbutton: DMA mask not set
[[0;32m  OK  [0m] Started Daily apt download activities.
[[0;32m  OK  [0m] Started Daily apt upgrade and clean activities.
[[0;32m  OK  [0m] Started Daily Cleanup of Temporary Directories.
[[0;32m  OK  [0m] Reached target Timers.
[   15.733687] input: tps65217_pwrbutton as /devices/platform/ocp/44c00000.interconnect/44c00000.interconnect:segment@200000/44e0b000.target-module/44e0b000.i2c/i2c-0/0-0024/tps65217-pwrbutton/input/input0
[   15.755712] at24 0-0050: 32768 byte 24c256 EEPROM, writable, 1 bytes/write
[[0;32m  OK  [0m] Listening on Avahi mDNS/DNS-SD Stack Activation Socket.
[[0;32m  OK  [0m] Reached target Sockets.
[[0;32m  OK  [0m] Reached target Basic System.
[   15.929456] am335x-phy-driver 47401b00.usb-phy: dummy supplies not allowed for exclusive requests (id=vbus)
         Starting Cape Manager Service...
[   16.046596] wkup_m3_ipc 44e11324.wkup_m3_ipc: IPC Request for A8->M3 Channel failed! -517
         Starting Telephony service...
[   16.120701] wkup_m3_ipc 44e11324.wkup_m3_ipc: IPC Request for A8->M3 Channel failed! -517
[[0;32m  OK  [0m] Started Regular background program processin[   16.347324] omap_wdt: OMAP Watchdog Timer Rev 0x01: initial timeout 60 sec
g daemon.
[   16.372898] wkup_m3_ipc 44e11324.wkup_m3_ipc: IPC Request for A8->M3 Channel failed! -517
         Starting DUN service...
[[0;32m  OK  [0m] Started D-Bus System Message Bus.
[   17.113477] usbcore: registered new interface driver usbfs
[   17.119964] usbcore: registered new interface driver hub
[   17.125637] usbcore: registered new device driver usb
[   17.678153] tda998x 0-0070: found TDA19988
[   17.787316] wkup_m3_ipc 44e11324.wkup_m3_ipc: IPC Request for A8->M3 Channel failed! -517
[   17.893313] wkup_m3_ipc 44e11324.wkup_m3_ipc: IPC Request for A8->M3 Channel failed! -517
[   17.911926] omap-mailbox 480c8000.mailbox: omap mailbox rev 0x400
[   18.033149] musb-hdrc musb-hdrc.1: MUSB HDRC host driver
[   18.038673] musb-hdrc musb-hdrc.1: new USB bus registered, assigned bus number 1
[   18.171956] remoteproc remoteproc0: powering up wkup_m3
[   18.291883] usb usb1: New USB device found, idVendor=1d6b, idProduct=0002, bcdDevice= 6.13
[   18.300242] usb usb1: New USB device strings: Mfr=3, Product=2, SerialNumber=1
[   18.307578] usb usb1: Product: MUSB HDRC host driver
[   18.312613] usb usb1: Manufacturer: Linux 6.13.0-next-20250124 musb-hcd
[   18.319264] usb usb1: SerialNumber: musb-hdrc.1
[   18.386461] remoteproc remoteproc0: Direct firmware load for am335x-pm-firmware.elf failed with error -2
[   18.396225] remoteproc remoteproc0: request_firmware failed: -2
[   18.402260] wkup_m3_ipc 44e11324.wkup_m3_ipc: rproc_boot failed
[   18.706250] hub 1-0:1.0: USB hub found
[   18.711066] hub 1-0:1.0: 1 port detected
[   20.248467] tilcdc 4830e000.lcdc: bound 0-0070 (ops tda998x_audio_codec_init [tda998x])
[   20.273120] omap_rng 48310000.rng: Random Number Generator ver. 20
[   20.306693] [drm] Initialized tilcdc 1.0.0 for 4830e000.lcdc on minor 0
[   20.368477] tilcdc 4830e000.lcdc: [drm] Cannot find any crtc or sizes
[   20.405996] tilcdc 4830e000.lcdc: [drm] Cannot find any crtc or sizes
[[0;32m  OK  [0m] Started Telephony service.
[[0;32m  OK  [0m] Started DUN service.
         Starting Connection service...
         Starting LSB: Start busybox udhcpd at boot time...
         Starting Avahi mDNS/DNS-SD Stack...
         Starting System Logging Service...
         Starting Login Service...
         Starting Generic Board Startup...
         Starting LSB: Load kernel modules needed to enable cpufreq scaling...
[   21.807692] PM: Cannot get wkup_m3_ipc handle
[[0;32m  OK  [0m] Started Cape Manager Service.
[   21.952681] omap-sham 53100000.sham: hw accel on OMAP rev 4.3
[   22.088385] omap-sham 53100000.sham: will run requests pump with realtime priority
[   22.097952] PM: Cannot get wkup_m3_ipc handle
[   22.254362] omap-aes 53500000.aes: OMAP AES hw accel rev: 3.2
[   22.411447] omap-aes 53500000.aes: will run requests pump with realtime priority
[   22.420196] PM: Cannot get wkup_m3_ipc handle
[   22.566584] Bluetooth: Core ver 2.22
[   22.570413] NET: Registered PF_BLUETOOTH protocol family
[   22.576001] Bluetooth: HCI device and connection manager initialized
[   22.582509] Bluetooth: HCI socket layer initialized
[   22.587424] Bluetooth: L2CAP socket layer initialized
[   22.592590] Bluetooth: SCO socket layer initialized
[[0;32m  OK  [0m] Started System Logging Service.
[   25.454758] PM: Cannot get wkup_m3_ipc handle
[   25.459977] OF: /sound: Read of boolean property 'simple-audio-card,bitclock-master' with a value.
[   25.469411] OF: /sound: Read of boolean property 'simple-audio-card,frame-master' with a value.
[   25.775516] PM: Cannot get wkup_m3_ipc handle
[[0;32m  OK  [0m] Started LSB: Start busybox udhcpd at boot time.
[[0;32m  OK  [0m] Started Raise network interfaces.
[[0;32m  OK  [0m] Started LSB: Load kernel modules needed to enable cpufreq scaling.
[[0;32m  OK  [0m] Started Avahi mDNS/DNS-SD Stack.
[[0;32m  OK  [0m] Started Connection service.
[[0;32m  OK  [0m] Started Login Service.
[[0;32m  OK  [0m] Reached target Sound Card.
[   29.484966] configfs-gadget.g_multi gadget.0: HOST MAC 1c:ba:8c:a2:ed:6c
[   29.484993] configfs-gadget.g_multi gadget.0: MAC 1c:ba:8c:a2:ed:70
[   29.485922] configfs-gadget.g_multi gadget.0: HOST MAC 1c:ba:8c:a2:ed:6c
[   29.485944] configfs-gadget.g_multi gadget.0: MAC 1c:ba:8c:a2:ed:6d
[   29.487191] PM: Cannot get wkup_m3_ipc handle
         Starting LSB: set CPUFreq kernel parameters...
[[0;32m  OK  [0m] Reached target Network.
         Starting OpenBSD Secure Shell server...
         Starting Permit User Sessions...
         Starting The Apache HTTP Server...
[[0;32m  OK  [0m] Reached target Network is Online.
         Starting LSB: Advanced IEEE 802.11 management daemon...
[[0;32m  OK  [0m] Started Permit User Sessions.
[[0;32m  OK  [0m] Started LSB: Advanced IEEE 802.11 management daemon.
         Starting Hostname Service...
         Starting WPA supplicant...
[[0;32m  OK  [0m] Started Serial Getty on ttyS0.
[[0;32m  OK  [0m] Started Getty on tty1.
[[0;32m  OK  [0m] Reached target Login Prompts.
[[0;32m  OK  [0m] Started LSB: set CPUFreq kernel parameters.
[[0;32m  OK  [0m] Started WPA supplicant.
[[0;32m  OK  [0m] Started Hostname Service.
[[0;32m  OK  [0m] Started OpenBSD Secure Shell server.
         Stopping LSB: Start busybox udhcpd at boot time...
[[0;32m  OK  [0m] Stopped LSB: Start busybox udhcpd at boot time.
[[0;32m  OK  [0m] Started The Apache HTTP Server.
         Starting dnsmasq - A lightweight DHCP and caching DNS server...
[[0;32m  OK  [0m] Started dnsmasq - A lightweight DHCP and caching DNS server.
[[0;32m  OK  [0m] Reached target Host and Network Name Lookups.
[[0;32m  OK  [0m] Started Serial Getty on ttyGS0.
[[0;32m  OK  [0m] Started Generic Board Startup.
[[0;32m  OK  [0m] Reached target Multi-User System.
[[0;32m  OK  [0m] Reached target Graphical Interface.
         Starting Update UTMP about System Runlevel Changes...
[[0;32m  OK  [0m] Started Update UTMP about System Runlevel Changes.

Debian GNU/Linux 9 arm ttyS0

default username:password is [debian:temppwd]

arm login: root
Password: 
Last login: Sat Dec  9 19:10:25 UTC 2017 on ttyS0
root
Linux arm 6.13.0-next-20250124 #1 SMP Fri Jan 24 07:23:13 EET 2025 armv7l

The programs included with the Debian GNU/Linux system are free software;
the exact distribution terms for each program are described in the
individual files in /usr/share/doc/*/copyright.

Debian GNU/Linux comes with ABSOLUTELY NO WARRANTY, to the extent
permitted by applicable law.
root@arm:~# root
-bash: root: command not found
root@arm:~# dmesg -n 1
echo 'BGPW''YCJEYY'
root@arm:~# echo 'BGPW''YCJEYY'
BGPWYCJEYY
root@arm:~# run() { echo -n "$MARKER"; sh -c "$@"; echo "$MARKER $?"; }
root@arm:~# echo 'ZHLQ''FUCZYJ'
ZHLQFUCZYJ
root@arm:~# MARKER='NBUA''LJXYVY' run 'cat /proc/version'
NBUALJXYVYLinux version 6.13.0-next-20250124 (user01@drvtest01) (arm-none-eabi-gcc (Arm GNU Toolchain 14.2.Rel1 (Build arm-14.52)) 14.2.1 20241119, GNU ld (Arm GNU Toolchain 14.2.Rel1 (Build arm-14.52)) 2.43.1.20241119) #1 SMP Fri Jan 24 07:23:13 EET 2025
NBUALJXYVY 0
root@arm:~# echo 'GCGM''XYEPZL'
GCGMXYEPZL
root@arm:~# MARKER='TSLV''BCCZJQ' run false
TSLVBCCZJQTSLVBCCZJQ 1
root@arm:~# Labgrid Console Logfile for main
Logfile started at 2025-01-24 07:25:37.817471
=== Log starts here ===

root@arm:~# run() { echo -n "$MARKER"; sh -c "$@"; echo "$MARKER $?"; }
root@arm:~# echo 'FHOP''ZULHJZ'
FHOPZULHJZ
root@arm:~# MARKER='YEWG''PLJHMJ' run 'ls /iio_generic_buffer; echo $?'
YEWGPLJHMJ/iio_generic_buffer
0
YEWGPLJHMJ 0
root@arm:~# Labgrid Console Logfile for main
Logfile started at 2025-01-24 07:25:41.240519
=== Log starts here ===

root@arm:~# run() { echo -n "$MARKER"; sh -c "$@"; echo "$MARKER $?"; }
root@arm:~# echo 'BPTN''OLGQGH'
BPTNOLGQGH
root@arm:~# MARKER='HWAP''EZBASO' run dmesg
HWAPEZBASO[    0.000000] Booting Linux on physical CPU 0x0
[    0.000000] Linux version 6.13.0-next-20250124 (user01@drvtest01) (arm-none-eabi-gcc (Arm GNU Toolchain 14.2.Rel1 (Build arm-14.52)) 14.2.1 20241119, GNU ld (Arm GNU Toolchain 14.2.Rel1 (Build arm-14.52)) 2.43.1.20241119) #1 SMP Fri Jan 24 07:23:13 EET 2025
[    0.000000] CPU: ARMv7 Processor [413fc082] revision 2 (ARMv7), cr=10c5387d
[    0.000000] CPU: PIPT / VIPT nonaliasing data cache, VIPT aliasing instruction cache
[    0.000000] OF: fdt: Machine model: TI AM335x BeagleBone Black
[    0.000000] Memory policy: Data cache writeback
[    0.000000] cma: Reserved 16 MiB at 0x9e800000 on node -1
[    0.000000] Zone ranges:
[    0.000000]   Normal   [mem 0x0000000080000000-0x000000009fdfffff]
[    0.000000]   HighMem  empty
[    0.000000] Movable zone start for each node
[    0.000000] Early memory node ranges
[    0.000000]   node   0: [mem 0x0000000080000000-0x000000009fdfffff]
[    0.000000] Initmem setup node 0 [mem 0x0000000080000000-0x000000009fdfffff]
[    0.000000] OF: reserved mem: Reserved memory: No reserved-memory node in the DT
[    0.000000] CPU: All CPU(s) started in SVC mode.
[    0.000000] AM335X ES2.1 (sgx neon)
[    0.000000] percpu: Embedded 17 pages/cpu s39564 r8192 d21876 u69632
[    0.000000] pcpu-alloc: s39564 r8192 d21876 u69632 alloc=17*4096
[    0.000000] pcpu-alloc: [0] 0 
[    0.000000] Kernel command line: console=ttyO0,115200n8 root=/dev/nfs rw nfsroot=192.168.255.126:/home/user01/nfs,nfsvers=3 ip=192.168.255.1:192.168.255.126::255.255.255.0:bbb1:eth0 nfsrootdebug
[    0.000000] Unknown kernel command line parameters "nfsrootdebug", will be passed to user space.
[    0.000000] printk: log buffer data + meta data: 65536 + 204800 = 270336 bytes
[    0.000000] Dentry cache hash table entries: 65536 (order: 6, 262144 bytes, linear)
[    0.000000] Inode-cache hash table entries: 32768 (order: 5, 131072 bytes, linear)
[    0.000000] Built 1 zonelists, mobility grouping on.  Total pages: 130560
[    0.000000] mem auto-init: stack:off, heap alloc:off, heap free:off
[    0.000000] SLUB: HWalign=16, Order=0-3, MinObjects=0, CPUs=1, Nodes=1
[    0.000000] rcu: Hierarchical RCU implementation.
[    0.000000] rcu: 	RCU event tracing is enabled.
[    0.000000] rcu: 	RCU restricting CPUs from NR_CPUS=2 to nr_cpu_ids=1.
[    0.000000] 	Tracing variant of Tasks RCU enabled.
[    0.000000] rcu: RCU calculated value of scheduler-enlistment delay is 10 jiffies.
[    0.000000] rcu: Adjusting geometry for rcu_fanout_leaf=16, nr_cpu_ids=1
[    0.000000] RCU Tasks Trace: Setting shift to 0 and lim to 1 rcu_task_cb_adjust=1 rcu_task_cpu_ids=1.
[    0.000000] NR_IRQS: 16, nr_irqs: 16, preallocated irqs: 16
[    0.000000] IRQ: Found an INTC at 0x(ptrval) (revision 5.0) with 128 interrupts
[    0.000000] rcu: srcu_init: Setting srcu_struct sizes based on contention.
[    0.000000] TI gptimer clocksource: always-on /ocp/interconnect@44c00000/segment@200000/target-module@31000
[    0.000003] sched_clock: 32 bits at 24MHz, resolution 41ns, wraps every 89478484971ns
[    0.000026] clocksource: dmtimer: mask: 0xffffffff max_cycles: 0xffffffff, max_idle_ns: 79635851949 ns
[    0.000506] TI gptimer clockevent: 24000000 Hz at /ocp/interconnect@48000000/segment@0/target-module@40000
[    0.002169] Console: colour dummy device 80x30
[    0.002233] WARNING: Your 'console=ttyO0' has been replaced by 'ttyS0'
[    0.002241] This ensures that you still see kernel messages. Please
[    0.002246] update your kernel commandline.
[    0.002286] Calibrating delay loop... 996.14 BogoMIPS (lpj=4980736)
[    0.090557] CPU: Testing write buffer coherency: ok
[    0.090668] CPU0: Spectre v2: using BPIALL workaround
[    0.090678] pid_max: default: 32768 minimum: 301
[    0.090815] LSM: initializing lsm=capability
[    0.090986] Mount-cache hash table entries: 1024 (order: 0, 4096 bytes, linear)
[    0.091007] Mountpoint-cache hash table entries: 1024 (order: 0, 4096 bytes, linear)
[    0.092614] CPU0: thread -1, cpu 0, socket -1, mpidr 0
[    0.092671] cacheinfo: Unable to detect cache hierarchy for CPU 0
[    0.160920] Setting up static identity map for 0x80100000 - 0x80100078
[    0.170709] rcu: Hierarchical SRCU implementation.
[    0.170719] rcu: 	Max phase no-delay instances is 1000.
[    0.172451] smp: Bringing up secondary CPUs ...
[    0.172506] smp: Brought up 1 node, 1 CPU
[    0.172518] SMP: Total of 1 processors activated (996.14 BogoMIPS).
[    0.172530] CPU: All CPU(s) started in SVC mode.
[    0.172709] Memory: 480840K/522240K available (11264K kernel code, 1214K rwdata, 2888K rodata, 1024K init, 290K bss, 23384K reserved, 16384K cma-reserved, 0K highmem)
[    0.173542] devtmpfs: initialized
[    0.189891] VFP support v0.3: implementor 41 architecture 3 part 30 variant c rev 3
[    0.190237] clocksource: jiffies: mask: 0xffffffff max_cycles: 0xffffffff, max_idle_ns: 19112604462750000 ns
[    0.190270] futex hash table entries: 256 (order: 2, 16384 bytes, linear)
[    0.191783] pinctrl core: initialized pinctrl subsystem
[    0.194601] NET: Registered PF_NETLINK/PF_ROUTE protocol family
[    0.197365] DMA: preallocated 256 KiB pool for atomic coherent allocations
[    0.198270] audit: initializing netlink subsys (disabled)
[    0.199619] thermal_sys: Registered thermal governor 'fair_share'
[    0.199636] thermal_sys: Registered thermal governor 'step_wise'
[    0.199645] thermal_sys: Registered thermal governor 'user_space'
[    0.199757] audit: type=2000 audit(0.190:1): state=initialized audit_enabled=0 res=1
[    0.199830] cpuidle: using governor menu
[    0.217757] /ocp/interconnect@44c00000/segment@200000/target-module@b000/i2c@0/tda19988@70: Fixed dependency cycle(s) with /ocp/interconnect@48000000/segment@300000/target-module@e000/lcdc@0
[    0.218884] /ocp/interconnect@48000000/segment@300000/target-module@e000/lcdc@0: Fixed dependency cycle(s) with /ocp/interconnect@44c00000/segment@200000/target-module@b000/i2c@0/tda19988@70
[    0.221222] No ATAGs?
[    0.221266] hw-breakpoint: debug architecture 0x4 unsupported.
[    0.223964] kprobes: kprobe jump-optimization is enabled. All kprobes are optimized if possible.
[    0.233874] iommu: Default domain type: Translated
[    0.233898] iommu: DMA domain TLB invalidation policy: strict mode
[    0.235545] reg-fixed-voltage fixedregulator0: using DT '/fixedregulator0' for '(default)' GPIO lookup
[    0.235599] of_get_named_gpiod_flags: can't parse 'gpios' property of node '/fixedregulator0[0]'
[    0.235627] of_get_named_gpiod_flags: can't parse 'gpio' property of node '/fixedregulator0[0]'
[    0.235645] reg-fixed-voltage fixedregulator0: using lookup tables for GPIO lookup
[    0.235655] reg-fixed-voltage fixedregulator0: No GPIO consumer (default) found
[    0.241447] SCSI subsystem initialized
[    0.241933] libata version 3.00 loaded.
[    0.242296] pps_core: LinuxPPS API ver. 1 registered
[    0.242308] pps_core: Software ver. 5.3.6 - Copyright 2005-2007 Rodolfo Giometti <giometti@linux.it>
[    0.242333] PTP clock support registered
[    0.250862] vgaarb: loaded
[    0.251219] clocksource: Switched to clocksource dmtimer
[    0.251880] VFS: Disk quotas dquot_6.6.0
[    0.251935] VFS: Dquot-cache hash table entries: 1024 (order 0, 4096 bytes)
[    0.275468] NET: Registered PF_INET protocol family
[    0.275810] IP idents hash table entries: 8192 (order: 4, 65536 bytes, linear)
[    0.277234] tcp_listen_portaddr_hash hash table entries: 512 (order: 0, 4096 bytes, linear)
[    0.277273] Table-perturb hash table entries: 65536 (order: 6, 262144 bytes, linear)
[    0.277294] TCP established hash table entries: 4096 (order: 2, 16384 bytes, linear)
[    0.277336] TCP bind hash table entries: 4096 (order: 4, 65536 bytes, linear)
[    0.277435] TCP: Hash tables configured (established 4096 bind 4096)
[    0.277555] UDP hash table entries: 256 (order: 1, 14336 bytes, linear)
[    0.277590] UDP-Lite hash table entries: 256 (order: 1, 14336 bytes, linear)
[    0.277771] NET: Registered PF_UNIX/PF_LOCAL protocol family
[    0.279016] RPC: Registered named UNIX socket transport module.
[    0.279036] RPC: Registered udp transport module.
[    0.279042] RPC: Registered tcp transport module.
[    0.279047] RPC: Registered tcp-with-tls transport module.
[    0.279052] RPC: Registered tcp NFSv4.1 backchannel transport module.
[    0.279076] PCI: CLS 0 bytes, default 64
[    0.280461] Initialise system trusted keyrings
[    0.292383] workingset: timestamp_bits=14 max_order=17 bucket_order=3
[    0.293737] NFS: Registering the id_resolver key type
[    0.293835] Key type id_resolver registered
[    0.293842] Key type id_legacy registered
[    0.293890] jffs2: version 2.2. (NAND) (SUMMARY)  Â© 2001-2006 Red Hat, Inc.
[    0.294290] Key type asymmetric registered
[    0.294305] Asymmetric key parser 'x509' registered
[    0.294370] io scheduler mq-deadline registered
[    0.294380] io scheduler kyber registered
[    0.294452] io scheduler bfq registered
[    0.296008] ledtrig-cpu: registered to indicate activity on CPUs
[    0.298699] Serial: 8250/16550 driver, 6 ports, IRQ sharing enabled
[    0.339049] brd: module loaded
[    0.357041] loop: module loaded
[    0.357957] mtdoops: mtd device (mtddev=name/number) must be supplied
[    0.359636] mdio_bus fixed-0: using lookup tables for GPIO lookup
[    0.359659] mdio_bus fixed-0: No GPIO consumer reset found
[    0.361000] i2c_dev: i2c /dev entries driver
[    0.362156] cpuidle: enable-method property 'ti,am3352' found operations
[    0.362595] sdhci: Secure Digital Host Controller Interface driver
[    0.362606] sdhci: Copyright(c) Pierre Ossman
[    0.362779] sdhci-pltfm: SDHCI platform and OF driver helper
[    0.363780] Initializing XFRM netlink socket
[    0.363948] NET: Registered PF_INET6 protocol family
[    0.376934] Segment Routing with IPv6
[    0.377023] In-situ OAM (IOAM) with IPv6
[    0.377128] sit: IPv6, IPv4 and MPLS over IPv4 tunneling driver
[    0.378068] NET: Registered PF_PACKET protocol family
[    0.378108] NET: Registered PF_KEY protocol family
[    0.378225] Key type dns_resolver registered
[    0.378452] ThumbEE CPU extension supported.
[    0.378472] Registering SWP/SWPB emulation handler
[    0.379008] omap_voltage_late_init: Voltage driver support not added
[    0.379385] SmartReflex Class3 initialized
[    0.402575] Loading compiled-in X.509 certificates
[    0.440933] OF: /ocp: Read of boolean property 'clocks' with a value.
[    0.444194] /ocp/interconnect@44c00000/segment@200000/target-module@b000/i2c@0/tda19988@70: Fixed dependency cycle(s) with /ocp/interconnect@48000000/segment@300000/target-module@e000/lcdc@0
[    0.445119] OF: /ocp/interconnect@44c00000: Read of boolean property 'clocks' with a value.
[    0.450444] /ocp/interconnect@44c00000/segment@200000/target-module@b000/i2c@0/tda19988@70: Fixed dependency cycle(s) with /ocp/interconnect@48000000/segment@300000/target-module@e000/lcdc@0
[    0.456031] gpiochip_find_base_unlocked: found new base at 512
[    0.473157] /ocp/interconnect@44c00000/segment@200000/target-module@b000/i2c@0/tda19988@70: Fixed dependency cycle(s) with /ocp/interconnect@48000000/segment@300000/target-module@e000/lcdc@0
[    0.474052] /ocp/interconnect@44c00000/segment@200000/target-module@b000/i2c@0/tda19988@70: Fixed dependency cycle(s) with /ocp/interconnect@48000000/segment@300000/target-module@e000/lcdc@0
[    0.477404] /ocp/interconnect@44c00000/segment@200000/target-module@10000/scm@0/pinmux@800: Fixed dependency cycle(s) with /ocp/interconnect@44c00000/segment@200000/target-module@10000/scm@0/pinmux@800/clkout2-pins
[    0.477976] pinctrl-single 44e10800.pinmux: 142 pins, size 568
[    0.483296] ti-sysc 44e31000.target-module: probe with driver ti-sysc failed with error -16
[    0.507151] /ocp/interconnect@48000000/segment@300000/target-module@e000/lcdc@0: Fixed dependency cycle(s) with /ocp/interconnect@44c00000/segment@200000/target-module@b000/i2c@0/tda19988@70
[    0.507476] OF: /ocp/interconnect@48000000: Read of boolean property 'clocks' with a value.
[    0.515284] ti-sysc 48040000.target-module: probe with driver ti-sysc failed with error -16
[    0.526454] gpiochip_find_base_unlocked: found new base at 512
[    0.526548] gpio gpiochip0: (gpio-0-31): created GPIO range 0->7 ==> 44e10800.pinmux PIN 0->7
[    0.526576] gpio gpiochip0: (gpio-0-31): created GPIO range 8->11 ==> 44e10800.pinmux PIN 90->93
[    0.526592] gpio gpiochip0: (gpio-0-31): created GPIO range 12->27 ==> 44e10800.pinmux PIN 12->27
[    0.526607] gpio gpiochip0: (gpio-0-31): created GPIO range 28->31 ==> 44e10800.pinmux PIN 30->33
[    0.572511] gpio gpiochip0: (gpio-0-31): added GPIO chardev (254:0)
[    0.572683] gpio gpiochip0: registered GPIOs 512 to 543 on gpio-0-31
[    0.572767] OMAP GPIO hardware version 0.1
[    0.598347] i2c i2c-2: using DT '/ocp/interconnect@48000000/segment@100000/target-module@9c000/i2c@0' for 'scl' GPIO lookup
[    0.598419] of_get_named_gpiod_flags: can't parse 'scl-gpios' property of node '/ocp/interconnect@48000000/segment@100000/target-module@9c000/i2c@0[0]'
[    0.598459] of_get_named_gpiod_flags: can't parse 'scl-gpio' property of node '/ocp/interconnect@48000000/segment@100000/target-module@9c000/i2c@0[0]'
[    0.598496] i2c i2c-2: using lookup tables for GPIO lookup
[    0.598506] i2c i2c-2: No GPIO consumer scl found
[    0.598527] i2c i2c-2: using DT '/ocp/interconnect@48000000/segment@100000/target-module@9c000/i2c@0' for 'sda' GPIO lookup
[    0.598561] of_get_named_gpiod_flags: can't parse 'sda-gpios' property of node '/ocp/interconnect@48000000/segment@100000/target-module@9c000/i2c@0[0]'
[    0.598597] of_get_named_gpiod_flags: can't parse 'sda-gpio' property of node '/ocp/interconnect@48000000/segment@100000/target-module@9c000/i2c@0[0]'
[    0.598627] i2c i2c-2: using lookup tables for GPIO lookup
[    0.598634] i2c i2c-2: No GPIO consumer sda found
[    0.599452] omap_i2c 4819c000.i2c: bus 2 rev0.11 at 100 kHz
[    0.605148] gpiochip_find_base_unlocked: found new base at 544
[    0.605249] gpio gpiochip1: (gpio-32-63): created GPIO range 0->17 ==> 44e10800.pinmux PIN 34->51
[    0.605267] gpio gpiochip1: (gpio-32-63): created GPIO range 18->21 ==> 44e10800.pinmux PIN 77->80
[    0.605285] gpio gpiochip1: (gpio-32-63): created GPIO range 22->31 ==> 44e10800.pinmux PIN 56->65
[    0.626960] gpio gpiochip1: (gpio-32-63): added GPIO chardev (254:1)
[    0.627123] gpio gpiochip1: registered GPIOs 544 to 575 on gpio-32-63
[    0.629335] gpiochip_find_base_unlocked: found new base at 576
[    0.629425] gpio gpiochip2: (gpio-64-95): created GPIO range 0->4 ==> 44e10800.pinmux PIN 66->70
[    0.629444] gpio gpiochip2: (gpio-64-95): created GPIO range 5->6 ==> 44e10800.pinmux PIN 98->99
[    0.629458] gpio gpiochip2: (gpio-64-95): created GPIO range 7->8 ==> 44e10800.pinmux PIN 75->76
[    0.629473] gpio gpiochip2: (gpio-64-95): created GPIO range 13->13 ==> 44e10800.pinmux PIN 141->141
[    0.629489] gpio gpiochip2: (gpio-64-95): created GPIO range 14->21 ==> 44e10800.pinmux PIN 100->107
[    0.630135] gpio gpiochip2: (gpio-64-95): added GPIO chardev (254:2)
[    0.630278] gpio gpiochip2: registered GPIOs 576 to 607 on gpio-64-95
[    0.635914] 48000000.interconnect:segment@200000:target-module@0:mpu@0:fck: device ID is greater than 24
[    0.636788] /ocp/interconnect@48000000/segment@300000/target-module@e000/lcdc@0: Fixed dependency cycle(s) with /ocp/interconnect@44c00000/segment@200000/target-module@b000/i2c@0/tda19988@70
[    0.639457] /ocp/interconnect@48000000/segment@300000/target-module@e000/lcdc@0: Fixed dependency cycle(s) with /ocp/interconnect@44c00000/segment@200000/target-module@b000/i2c@0/tda19988@70
[    0.640131] /ocp/interconnect@44c00000/segment@200000/target-module@b000/i2c@0/tda19988@70: Fixed dependency cycle(s) with /ocp/interconnect@48000000/segment@300000/target-module@e000/lcdc@0
[    0.640289] /ocp/interconnect@48000000/segment@300000/target-module@e000/lcdc@0: Fixed dependency cycle(s) with /ocp/interconnect@44c00000/segment@200000/target-module@b000/i2c@0/tda19988@70
[    0.644625] OF: /ocp/interconnect@4a000000: Read of boolean property 'clocks' with a value.
[    0.649789] mdio_bus 4a101000.mdio: using DT '/ocp/interconnect@4a000000/segment@0/target-module@100000/switch@0/mdio@1000' for 'reset' GPIO lookup
[    0.649860] of_get_named_gpiod_flags: can't parse 'reset-gpios' property of node '/ocp/interconnect@4a000000/segment@0/target-module@100000/switch@0/mdio@1000[0]'
[    0.649905] of_get_named_gpiod_flags: can't parse 'reset-gpio' property of node '/ocp/interconnect@4a000000/segment@0/target-module@100000/switch@0/mdio@1000[0]'
[    0.649950] mdio_bus 4a101000.mdio: using lookup tables for GPIO lookup
[    0.649960] mdio_bus 4a101000.mdio: No GPIO consumer reset found
[    0.650850] sdhci-omap 481d8000.mmc: using DT '/ocp/interconnect@48000000/segment@100000/target-module@d8000/mmc@0' for 'wp' GPIO lookup
[    0.650909] of_get_named_gpiod_flags: can't parse 'wp-gpios' property of node '/ocp/interconnect@48000000/segment@100000/target-module@d8000/mmc@0[0]'
[    0.650952] of_get_named_gpiod_flags: can't parse 'wp-gpio' property of node '/ocp/interconnect@48000000/segment@100000/target-module@d8000/mmc@0[0]'
[    0.650985] sdhci-omap 481d8000.mmc: using lookup tables for GPIO lookup
[    0.650994] sdhci-omap 481d8000.mmc: No GPIO consumer wp found
[    0.651341] sdhci-omap 481d8000.mmc: supply pbias not found, using dummy regulator
[    0.667464] sdhci-omap 481d8000.mmc: supply vqmmc not found, using dummy regulator
[    0.705142] davinci_mdio 4a101000.mdio: davinci mdio revision 1.6, bus freq 1000000
[    0.727415] mdio_bus 4a101000.mdio:00: using DT '/ocp/interconnect@4a000000/segment@0/target-module@100000/switch@0/mdio@1000/ethernet-phy@0' for 'reset' GPIO lookup
[    0.727520] of_get_named_gpiod_flags: parsed 'reset-gpios' property of node '/ocp/interconnect@4a000000/segment@0/target-module@100000/switch@0/mdio@1000/ethernet-phy@0[0]' - status (0)
[    0.727683] gpio gpiochip0: Persistence not supported for GPIO 8
[    0.848600] davinci_mdio 4a101000.mdio: phy[0]: device 4a101000.mdio:00, driver SMSC LAN8710/LAN8720
[    0.849375] cpsw-switch 4a100000.switch: initialized cpsw ale version 1.4
[    0.849397] cpsw-switch 4a100000.switch: ALE Table size 1024, Policers 0
[    0.849707] cpsw-switch 4a100000.switch: cpts: overflow check period 500 (jiffies)
[    0.849727] cpsw-switch 4a100000.switch: CPTS: ref_clk_freq:250000000 calc_mult:2147483648 calc_shift:29 error:0 nsec/sec
[    0.849837] cpsw-switch 4a100000.switch: Detected MACID = 6c:ec:eb:68:de:78
[    0.851782] cpsw-switch 4a100000.switch: initialized (regs 0x4a100000, pool size 256) hw_ver:0019010C 1.12 (0)
[    0.862475] debugfs: Directory '49000000.dma' with parent 'dmaengine' already present!
[    0.862517] edma 49000000.dma: TI EDMA DMA engine driver
[    0.920046] target-module@4b000000:target-module@140000:pmu@0:fck: device ID is greater than 24
[    0.922731] hw perfevents: enabled with armv7_cortex_a8 PMU driver, 5 (8000000f) counters available
[    0.923623] gpio-clk clk_mcasp0: using DT '/clk_mcasp0' for 'enable' GPIO lookup
[    0.923691] of_get_named_gpiod_flags: parsed 'enable-gpios' property of node '/clk_mcasp0[0]' - status (0)
[    0.923736] gpio gpiochip0: Persistence not supported for GPIO 27
[    0.924561] gpiochip_find_base_unlocked: found new base at 608
[    0.924667] gpio gpiochip3: (gpio-96-127): created GPIO range 0->7 ==> 44e10800.pinmux PIN 82->89
[    0.924688] gpio gpiochip3: (gpio-96-127): created GPIO range 8->11 ==> 44e10800.pinmux PIN 52->55
[    0.924703] gpio gpiochip3: (gpio-96-127): created GPIO range 12->15 ==> 44e10800.pinmux PIN 94->97
[    0.924719] gpio gpiochip3: (gpio-96-127): created GPIO range 16->17 ==> 44e10800.pinmux PIN 71->72
[    0.924735] gpio gpiochip3: (gpio-96-127): created GPIO range 18->18 ==> 44e10800.pinmux PIN 135->135
[    0.924751] gpio gpiochip3: (gpio-96-127): created GPIO range 19->20 ==> 44e10800.pinmux PIN 108->109
[    0.924767] gpio gpiochip3: (gpio-96-127): created GPIO range 21->21 ==> 44e10800.pinmux PIN 73->73
[    0.924784] gpio gpiochip3: (gpio-96-127): created GPIO range 22->23 ==> 44e10800.pinmux PIN 8->9
[    0.924801] gpio gpiochip3: (gpio-96-127): created GPIO range 26->27 ==> 44e10800.pinmux PIN 10->11
[    0.924820] gpio gpiochip3: (gpio-96-127): created GPIO range 28->28 ==> 44e10800.pinmux PIN 74->74
[    0.924838] gpio gpiochip3: (gpio-96-127): created GPIO range 29->29 ==> 44e10800.pinmux PIN 81->81
[    0.924857] gpio gpiochip3: (gpio-96-127): created GPIO range 30->31 ==> 44e10800.pinmux PIN 28->29
[    0.926145] gpio gpiochip3: (gpio-96-127): added GPIO chardev (254:3)
[    0.926297] gpio gpiochip3: registered GPIOs 608 to 639 on gpio-96-127
[    0.933462] l3-aon-clkctrl:0000:0: failed to disable
[    0.934116] omap8250 44e09000.serial: using DT '/ocp/interconnect@44c00000/segment@200000/target-module@9000/serial@0' for 'rs485-term' GPIO lookup
[    0.934184] of_get_named_gpiod_flags: can't parse 'rs485-term-gpios' property of node '/ocp/interconnect@44c00000/segment@200000/target-module@9000/serial@0[0]'
[    0.934228] of_get_named_gpiod_flags: can't parse 'rs485-term-gpio' property of node '/ocp/interconnect@44c00000/segment@200000/target-module@9000/serial@0[0]'
[    0.934263] omap8250 44e09000.serial: using lookup tables for GPIO lookup
[    0.934273] omap8250 44e09000.serial: No GPIO consumer rs485-term found
[    0.934283] omap8250 44e09000.serial: using DT '/ocp/interconnect@44c00000/segment@200000/target-module@9000/serial@0' for 'rs485-rx-during-tx' GPIO lookup
[    0.934318] of_get_named_gpiod_flags: can't parse 'rs485-rx-during-tx-gpios' property of node '/ocp/interconnect@44c00000/segment@200000/target-module@9000/serial@0[0]'
[    0.934354] of_get_named_gpiod_flags: can't parse 'rs485-rx-during-tx-gpio' property of node '/ocp/interconnect@44c00000/segment@200000/target-module@9000/serial@0[0]'
[    0.934384] omap8250 44e09000.serial: using lookup tables for GPIO lookup
[    0.934392] omap8250 44e09000.serial: No GPIO consumer rs485-rx-during-tx found
[    0.934788] 44e09000.serial: ttyS0 at MMIO 0x44e09000 (irq = 34, base_baud = 3000000) is a 8250
[    0.934879] printk: legacy console [ttyS0] enabled
[    2.476926] i2c i2c-0: using DT '/ocp/interconnect@44c00000/segment@200000/target-module@b000/i2c@0' for 'scl' GPIO lookup
[    2.477034] of_get_named_gpiod_flags: can't parse 'scl-gpios' property of node '/ocp/interconnect@44c00000/segment@200000/target-module@b000/i2c@0[0]'
[    2.477080] of_get_named_gpiod_flags: can't parse 'scl-gpio' property of node '/ocp/interconnect@44c00000/segment@200000/target-module@b000/i2c@0[0]'
[    2.477120] i2c i2c-0: using lookup tables for GPIO lookup
[    2.477133] i2c i2c-0: No GPIO consumer scl found
[    2.477158] i2c i2c-0: using DT '/ocp/interconnect@44c00000/segment@200000/target-module@b000/i2c@0' for 'sda' GPIO lookup
[    2.477197] of_get_named_gpiod_flags: can't parse 'sda-gpios' property of node '/ocp/interconnect@44c00000/segment@200000/target-module@b000/i2c@0[0]'
[    2.477237] of_get_named_gpiod_flags: can't parse 'sda-gpio' property of node '/ocp/interconnect@44c00000/segment@200000/target-module@b000/i2c@0[0]'
[    2.477272] i2c i2c-0: using lookup tables for GPIO lookup
[    2.477283] i2c i2c-0: No GPIO consumer sda found
[    2.492188] tps65217-pmic: Failed to locate of_node [id: -1]
[    2.498247] tps65217-bl: Failed to locate of_node [id: -1]
[    2.509564] tps65217 0-0024: TPS65217 ID 0xe version 1.2
[    2.515780] /ocp/interconnect@48000000/segment@300000/target-module@e000/lcdc@0: Fixed dependency cycle(s) with /ocp/interconnect@44c00000/segment@200000/target-module@b000/i2c@0/tda19988@70
[    2.533148] /ocp/interconnect@44c00000/segment@200000/target-module@b000/i2c@0/tda19988@70: Fixed dependency cycle(s) with /ocp/interconnect@48000000/segment@300000/target-module@e000/lcdc@0
[    2.550558] omap_i2c 44e0b000.i2c: bus 0 rev0.11 at 400 kHz
[    2.558372] sdhci-omap 48060000.mmc: using DT '/ocp/interconnect@48000000/segment@0/target-module@60000/mmc@0' for 'cd' GPIO lookup
[    2.558482] of_get_named_gpiod_flags: parsed 'cd-gpios' property of node '/ocp/interconnect@48000000/segment@0/target-module@60000/mmc@0[0]' - status (0)
[    2.558549] gpio gpiochip3: Persistence not supported for GPIO 6
[    2.558574] omap_gpio 44e07000.gpio: Could not set line 6 debounce to 200000 microseconds (-22)
[    2.567460] sdhci-omap 48060000.mmc: Got CD GPIO
[    2.572141] sdhci-omap 48060000.mmc: using DT '/ocp/interconnect@48000000/segment@0/target-module@60000/mmc@0' for 'wp' GPIO lookup
[    2.572190] of_get_named_gpiod_flags: can't parse 'wp-gpios' property of node '/ocp/interconnect@48000000/segment@0/target-module@60000/mmc@0[0]'
[    2.572233] of_get_named_gpiod_flags: can't parse 'wp-gpio' property of node '/ocp/interconnect@48000000/segment@0/target-module@60000/mmc@0[0]'
[    2.572271] sdhci-omap 48060000.mmc: using lookup tables for GPIO lookup
[    2.572285] sdhci-omap 48060000.mmc: No GPIO consumer wp found
[    2.572493] sdhci-omap 48060000.mmc: supply pbias not found, using dummy regulator
[    2.581326] sdhci-omap 481d8000.mmc: using DT '/ocp/interconnect@48000000/segment@100000/target-module@d8000/mmc@0' for 'wp' GPIO lookup
[    2.581409] of_get_named_gpiod_flags: can't parse 'wp-gpios' property of node '/ocp/interconnect@48000000/segment@100000/target-module@d8000/mmc@0[0]'
[    2.581460] of_get_named_gpiod_flags: can't parse 'wp-gpio' property of node '/ocp/interconnect@48000000/segment@100000/target-module@d8000/mmc@0[0]'
[    2.581499] sdhci-omap 481d8000.mmc: using lookup tables for GPIO lookup
[    2.581512] sdhci-omap 481d8000.mmc: No GPIO consumer wp found
[    2.582565] sdhci-omap 48060000.mmc: supply vqmmc not found, using dummy regulator
[    2.591558] sdhci-omap 481d8000.mmc: supply pbias not found, using dummy regulator
[    2.599598] sdhci-omap 481d8000.mmc: supply vqmmc not found, using dummy regulator
[    2.741838] mmc1: SDHCI controller on 481d8000.mmc [481d8000.mmc] using External DMA
[    2.750170] mmc0: SDHCI controller on 48060000.mmc [48060000.mmc] using External DMA
[    2.759055] cpsw-switch 4a100000.switch: starting ndev. mode: dual_mac
[    2.800432] mmc0: new high speed SDHC card at address 5048
[    2.807486] mmcblk0: mmc0:5048 SD16G 14.4 GiB
[    2.815523]  mmcblk0: p1 p2
[    2.818999] mmcblk0: p2 size 31221760 extends beyond EOD, truncated
[    2.842494] SMSC LAN8710/LAN8720 4a101000.mdio:00: attached PHY driver (mii_bus:phy_addr=4a101000.mdio:00, irq=POLL)
[    2.864563] mmc1: new high speed MMC card at address 0001
[    2.871549] mmcblk1: mmc1:0001 MMC04G 3.60 GiB
[    2.878684]  mmcblk1: p1 p2
[    2.883110] mmcblk1boot0: mmc1:0001 MMC04G 2.00 MiB
[    2.890075] mmcblk1boot1: mmc1:0001 MMC04G 2.00 MiB
[    2.897119] mmcblk1rpmb: mmc1:0001 MMC04G 128 KiB, chardev (250:0)
[    6.001991] cpsw-switch 4a100000.switch eth0: Link is Up - 100Mbps/Full - flow control off
[    6.031237] IP-Config: Complete:
[    6.034507]      device=eth0, hwaddr=6c:ec:eb:68:de:78, ipaddr=192.168.255.1, mask=255.255.255.0, gw=255.255.255.255
[    6.045152]      host=bbb1, domain=, nis-domain=(none)
[    6.050319]      bootserver=192.168.255.126, rootserver=192.168.255.126, rootpath=
[    6.050731] clk: Disabling unused clocks
[    6.062601] PM: genpd: Disabling unused power domains
[    6.067719] KTAP version 1
[    6.070441] 1..0
[    6.096252] VFS: Mounted root (nfs filesystem) on device 0:17.
[    6.103378] devtmpfs: mounted
[    6.107871] Freeing unused kernel image (initmem) memory: 1024K
[    6.114718] Run /sbin/init as init process
[    6.118851]   with arguments:
[    6.118864]     /sbin/init
[    6.118873]     nfsrootdebug
[    6.118883]   with environment:
[    6.118891]     HOME=/
[    6.118899]     TERM=linux
[    6.892030] systemd[1]: System time before build time, advancing clock.
[    8.391237] random: crng init done
[    8.432880] systemd[1]: systemd 232 running in system mode. (+PAM +AUDIT +SELINUX +IMA +APPARMOR +SMACK +SYSVINIT +UTMP +LIBCRYPTSETUP +GCRYPT +GNUTLS +ACL +XZ +LZ4 +SECCOMP +BLKID +ELFUTILS +KMOD +IDN)
[    8.452025] systemd[1]: Detected architecture arm.
[    8.484363] systemd[1]: Set hostname to <arm>.
[    9.602361] systemd[1]: Listening on Syslog Socket.
[    9.622230] systemd[1]: Started Dispatch Password Requests to Console Directory Watch.
[    9.652050] systemd[1]: Listening on udev Kernel Socket.
[    9.682264] systemd[1]: Listening on Journal Audit Socket.
[    9.712808] systemd[1]: Created slice User and Session Slice.
[    9.741635] systemd[1]: Reached target Swap.
[    9.762523] systemd[1]: Created slice System Slice.
[   11.940271] systemd-journald[94]: Received request to flush runtime journal from PID 1
[   14.548014] leds-gpio leds: using DT '/leds/led2' for '(default)' GPIO lookup
[   14.548119] of_get_named_gpiod_flags: parsed 'gpios' property of node '/leds/led2[0]' - status (0)
[   14.548179] gpio gpiochip0: Persistence not supported for GPIO 21
[   14.548194] gpio-533 (?): no flags found for GPIO (default)
[   14.631564] leds-gpio leds: using DT '/leds/led3' for '(default)' GPIO lookup
[   14.631675] of_get_named_gpiod_flags: parsed 'gpios' property of node '/leds/led3[0]' - status (0)
[   14.631734] gpio gpiochip0: Persistence not supported for GPIO 22
[   14.631749] gpio-534 (?): no flags found for GPIO (default)
[   14.666790] leds-gpio leds: using DT '/leds/led4' for '(default)' GPIO lookup
[   14.666895] of_get_named_gpiod_flags: parsed 'gpios' property of node '/leds/led4[0]' - status (0)
[   14.666946] gpio gpiochip0: Persistence not supported for GPIO 23
[   14.666962] gpio-535 (?): no flags found for GPIO (default)
[   14.696795] leds-gpio leds: using DT '/leds/led5' for '(default)' GPIO lookup
[   14.696894] of_get_named_gpiod_flags: parsed 'gpios' property of node '/leds/led5[0]' - status (0)
[   14.696950] gpio gpiochip0: Persistence not supported for GPIO 24
[   14.696964] gpio-536 (?): no flags found for GPIO (default)
[   15.028710] remoteproc remoteproc0: wkup_m3 is available
[   15.190510] at24 2-0054: supply vcc not found, using dummy regulator
[   15.257954] omap_rtc 44e3e000.rtc: registered as rtc0
[   15.263241] omap_rtc 44e3e000.rtc: setting system clock to 2000-01-01T00:00:00 UTC (946684800)
[   15.271971] omap_rtc 44e3e000.rtc: using DT '/ocp/interconnect@44c00000/segment@200000/target-module@3e000/rtc@0' for 'wp' GPIO lookup
[   15.272039] of_get_named_gpiod_flags: can't parse 'wp-gpios' property of node '/ocp/interconnect@44c00000/segment@200000/target-module@3e000/rtc@0[0]'
[   15.272088] of_get_named_gpiod_flags: can't parse 'wp-gpio' property of node '/ocp/interconnect@44c00000/segment@200000/target-module@3e000/rtc@0[0]'
[   15.272128] omap_rtc 44e3e000.rtc: using lookup tables for GPIO lookup
[   15.272141] omap_rtc 44e3e000.rtc: No GPIO consumer wp found
[   15.344999] at24 2-0055: supply vcc not found, using dummy regulator
[   15.473513] at24 2-0056: supply vcc not found, using dummy regulator
[   15.524090] am335x-phy-driver 47401300.usb-phy: using DT '/ocp/target-module@47400000/usb-phy@1300' for 'reset' GPIO lookup
[   15.524187] of_get_named_gpiod_flags: can't parse 'reset-gpios' property of node '/ocp/target-module@47400000/usb-phy@1300[0]'
[   15.524230] of_get_named_gpiod_flags: can't parse 'reset-gpio' property of node '/ocp/target-module@47400000/usb-phy@1300[0]'
[   15.524268] am335x-phy-driver 47401300.usb-phy: using lookup tables for GPIO lookup
[   15.524282] am335x-phy-driver 47401300.usb-phy: No GPIO consumer reset found
[   15.524297] am335x-phy-driver 47401300.usb-phy: using DT '/ocp/target-module@47400000/usb-phy@1300' for 'vbus-detect' GPIO lookup
[   15.524329] of_get_named_gpiod_flags: can't parse 'vbus-detect-gpios' property of node '/ocp/target-module@47400000/usb-phy@1300[0]'
[   15.524360] of_get_named_gpiod_flags: can't parse 'vbus-detect-gpio' property of node '/ocp/target-module@47400000/usb-phy@1300[0]'
[   15.524386] am335x-phy-driver 47401300.usb-phy: using lookup tables for GPIO lookup
[   15.524398] am335x-phy-driver 47401300.usb-phy: No GPIO consumer vbus-detect found
[   15.524547] am335x-phy-driver 47401300.usb-phy: dummy supplies not allowed for exclusive requests (id=vbus)
[   15.605591] at24 2-0057: supply vcc not found, using dummy regulator
[   15.623317] tps6521x_pwrbutton tps65217-pwrbutton: DMA mask not set
[   15.733687] input: tps65217_pwrbutton as /devices/platform/ocp/44c00000.interconnect/44c00000.interconnect:segment@200000/44e0b000.target-module/44e0b000.i2c/i2c-0/0-0024/tps65217-pwrbutton/input/input0
[   15.755194] at24 0-0050: using DT '/ocp/interconnect@44c00000/segment@200000/target-module@b000/i2c@0/eeprom@50' for 'wp' GPIO lookup
[   15.755300] of_get_named_gpiod_flags: can't parse 'wp-gpios' property of node '/ocp/interconnect@44c00000/segment@200000/target-module@b000/i2c@0/eeprom@50[0]'
[   15.755357] of_get_named_gpiod_flags: can't parse 'wp-gpio' property of node '/ocp/interconnect@44c00000/segment@200000/target-module@b000/i2c@0/eeprom@50[0]'
[   15.755404] at24 0-0050: using lookup tables for GPIO lookup
[   15.755417] at24 0-0050: No GPIO consumer wp found
[   15.755712] at24 0-0050: 32768 byte 24c256 EEPROM, writable, 1 bytes/write
[   15.928999] am335x-phy-driver 47401b00.usb-phy: using DT '/ocp/target-module@47400000/usb-phy@1b00' for 'reset' GPIO lookup
[   15.929093] of_get_named_gpiod_flags: can't parse 'reset-gpios' property of node '/ocp/target-module@47400000/usb-phy@1b00[0]'
[   15.929137] of_get_named_gpiod_flags: can't parse 'reset-gpio' property of node '/ocp/target-module@47400000/usb-phy@1b00[0]'
[   15.929175] am335x-phy-driver 47401b00.usb-phy: using lookup tables for GPIO lookup
[   15.929189] am335x-phy-driver 47401b00.usb-phy: No GPIO consumer reset found
[   15.929204] am335x-phy-driver 47401b00.usb-phy: using DT '/ocp/target-module@47400000/usb-phy@1b00' for 'vbus-detect' GPIO lookup
[   15.929235] of_get_named_gpiod_flags: can't parse 'vbus-detect-gpios' property of node '/ocp/target-module@47400000/usb-phy@1b00[0]'
[   15.929266] of_get_named_gpiod_flags: can't parse 'vbus-detect-gpio' property of node '/ocp/target-module@47400000/usb-phy@1b00[0]'
[   15.929292] am335x-phy-driver 47401b00.usb-phy: using lookup tables for GPIO lookup
[   15.929305] am335x-phy-driver 47401b00.usb-phy: No GPIO consumer vbus-detect found
[   15.929456] am335x-phy-driver 47401b00.usb-phy: dummy supplies not allowed for exclusive requests (id=vbus)
[   16.046596] wkup_m3_ipc 44e11324.wkup_m3_ipc: IPC Request for A8->M3 Channel failed! -517
[   16.120701] wkup_m3_ipc 44e11324.wkup_m3_ipc: IPC Request for A8->M3 Channel failed! -517
[   16.347324] omap_wdt: OMAP Watchdog Timer Rev 0x01: initial timeout 60 sec
[   16.372898] wkup_m3_ipc 44e11324.wkup_m3_ipc: IPC Request for A8->M3 Channel failed! -517
[   17.113477] usbcore: registered new interface driver usbfs
[   17.119964] usbcore: registered new interface driver hub
[   17.125637] usbcore: registered new device driver usb
[   17.678153] tda998x 0-0070: found TDA19988
[   17.787316] wkup_m3_ipc 44e11324.wkup_m3_ipc: IPC Request for A8->M3 Channel failed! -517
[   17.893313] wkup_m3_ipc 44e11324.wkup_m3_ipc: IPC Request for A8->M3 Channel failed! -517
[   17.911926] omap-mailbox 480c8000.mailbox: omap mailbox rev 0x400
[   18.033149] musb-hdrc musb-hdrc.1: MUSB HDRC host driver
[   18.038673] musb-hdrc musb-hdrc.1: new USB bus registered, assigned bus number 1
[   18.171956] remoteproc remoteproc0: powering up wkup_m3
[   18.291883] usb usb1: New USB device found, idVendor=1d6b, idProduct=0002, bcdDevice= 6.13
[   18.300242] usb usb1: New USB device strings: Mfr=3, Product=2, SerialNumber=1
[   18.307578] usb usb1: Product: MUSB HDRC host driver
[   18.312613] usb usb1: Manufacturer: Linux 6.13.0-next-20250124 musb-hcd
[   18.319264] usb usb1: SerialNumber: musb-hdrc.1
[   18.386461] remoteproc remoteproc0: Direct firmware load for am335x-pm-firmware.elf failed with error -2
[   18.396225] remoteproc remoteproc0: request_firmware failed: -2
[   18.402260] wkup_m3_ipc 44e11324.wkup_m3_ipc: rproc_boot failed
[   18.706250] hub 1-0:1.0: USB hub found
[   18.711066] hub 1-0:1.0: 1 port detected
[   20.248467] tilcdc 4830e000.lcdc: bound 0-0070 (ops tda998x_audio_codec_init [tda998x])
[   20.273120] omap_rng 48310000.rng: Random Number Generator ver. 20
[   20.306693] [drm] Initialized tilcdc 1.0.0 for 4830e000.lcdc on minor 0
[   20.368477] tilcdc 4830e000.lcdc: [drm] Cannot find any crtc or sizes
[   20.405996] tilcdc 4830e000.lcdc: [drm] Cannot find any crtc or sizes
[   21.807692] PM: Cannot get wkup_m3_ipc handle
[   21.952681] omap-sham 53100000.sham: hw accel on OMAP rev 4.3
[   22.088385] omap-sham 53100000.sham: will run requests pump with realtime priority
[   22.097952] PM: Cannot get wkup_m3_ipc handle
[   22.254362] omap-aes 53500000.aes: OMAP AES hw accel rev: 3.2
[   22.411447] omap-aes 53500000.aes: will run requests pump with realtime priority
[   22.420196] PM: Cannot get wkup_m3_ipc handle
[   22.566584] Bluetooth: Core ver 2.22
[   22.570413] NET: Registered PF_BLUETOOTH protocol family
[   22.576001] Bluetooth: HCI device and connection manager initialized
[   22.582509] Bluetooth: HCI socket layer initialized
[   22.587424] Bluetooth: L2CAP socket layer initialized
[   22.592590] Bluetooth: SCO socket layer initialized
[   25.454758] PM: Cannot get wkup_m3_ipc handle
[   25.459977] OF: /sound: Read of boolean property 'simple-audio-card,bitclock-master' with a value.
[   25.469411] OF: /sound: Read of boolean property 'simple-audio-card,frame-master' with a value.
[   25.478722] asoc-simple-card sound: using DT '/sound' for 'simple-audio-card,hp-det' GPIO lookup
[   25.478790] of_get_named_gpiod_flags: can't parse 'simple-audio-card,hp-det-gpios' property of node '/sound[0]'
[   25.478822] of_get_named_gpiod_flags: can't parse 'simple-audio-card,hp-det-gpio' property of node '/sound[0]'
[   25.478846] asoc-simple-card sound: using lookup tables for GPIO lookup
[   25.478859] asoc-simple-card sound: No GPIO consumer simple-audio-card,hp-det found
[   25.478874] asoc-simple-card sound: using DT '/sound' for 'simple-audio-card,mic-det' GPIO lookup
[   25.478899] of_get_named_gpiod_flags: can't parse 'simple-audio-card,mic-det-gpios' property of node '/sound[0]'
[   25.478926] of_get_named_gpiod_flags: can't parse 'simple-audio-card,mic-det-gpio' property of node '/sound[0]'
[   25.478946] asoc-simple-card sound: using lookup tables for GPIO lookup
[   25.478958] asoc-simple-card sound: No GPIO consumer simple-audio-card,mic-det found
[   25.775516] PM: Cannot get wkup_m3_ipc handle
[   29.158576] userial_init: registered 8 ttyGS* devices
[   29.359012] rndis_register: configNr = 0
[   29.483793] udc musb-hdrc.0: binding gadget driver [g_multi]
[   29.483875] configfs-gadget.g_multi gadget.0: adding 'rndis'/eb7e53ac to config 'c'/24a53600
[   29.484966] configfs-gadget.g_multi gadget.0: HOST MAC 1c:ba:8c:a2:ed:6c
[   29.484993] configfs-gadget.g_multi gadget.0: MAC 1c:ba:8c:a2:ed:70
[   29.485057] rndis_set_param_medium: 0 0
[   29.485073] configfs-gadget.g_multi gadget.0: RNDIS: IN/ep1in OUT/ep1out NOTIFY/ep2in
[   29.485086] configfs-gadget.g_multi gadget.0: adding 'cdc_ethernet'/2a756c12 to config 'c'/24a53600
[   29.485922] configfs-gadget.g_multi gadget.0: HOST MAC 1c:ba:8c:a2:ed:6c
[   29.485944] configfs-gadget.g_multi gadget.0: MAC 1c:ba:8c:a2:ed:6d
[   29.485980] configfs-gadget.g_multi gadget.0: CDC Ethernet: IN/ep3in OUT/ep2out NOTIFY/ep4in
[   29.485995] configfs-gadget.g_multi gadget.0: adding 'acm'/5ec8b27a to config 'c'/24a53600
[   29.486025] configfs-gadget.g_multi gadget.0: acm ttyGS0: IN/ep5in OUT/ep3out NOTIFY/ep6in
[   29.487191] PM: Cannot get wkup_m3_ipc handle
[   31.654670] configfs-gadget.g_multi gadget.0: eth_open
[   35.427359] gs_open: ttyGS0 (c5280976,b6b829e3)
[   35.427501] gs_close: ttyGS0 (c5280976,b6b829e3) ...
[   35.427523] gs_close: ttyGS0 (c5280976,b6b829e3) done!
[   35.436824] gs_open: ttyGS0 (c5280976,5686a28e)
[   35.436968] gs_close: ttyGS0 (c5280976,5686a28e) ...
[   35.436991] gs_close: ttyGS0 (c5280976,5686a28e) done!
[   35.636131] gs_open: ttyGS0 (491b5dde,220c2ff7)
[   35.636362] gs_close: ttyGS0 (491b5dde,220c2ff7) ...
[   35.636390] gs_close: ttyGS0 (491b5dde,220c2ff7) done!
[   35.637511] gs_open: ttyGS0 (491b5dde,9edc68c3)
HWAPEZBASO 0
root@arm:~# echo 'CJCZ''HCGFTF'
CJCZHCGFTF
root@arm:~# MARKER='NOPL''SBVCKG' run 'modprobe test_linear_ranges'
NOPLSBVCKGNOPLSBVCKG 0
root@arm:~# echo 'KEFK''GBCHQC'
KEFKGBCHQC
root@arm:~# MARKER='JWEJ''FLGTTL' run dmesg
JWEJFLGTTL[    0.000000] Booting Linux on physical CPU 0x0
[    0.000000] Linux version 6.13.0-next-20250124 (user01@drvtest01) (arm-none-eabi-gcc (Arm GNU Toolchain 14.2.Rel1 (Build arm-14.52)) 14.2.1 20241119, GNU ld (Arm GNU Toolchain 14.2.Rel1 (Build arm-14.52)) 2.43.1.20241119) #1 SMP Fri Jan 24 07:23:13 EET 2025
[    0.000000] CPU: ARMv7 Processor [413fc082] revision 2 (ARMv7), cr=10c5387d
[    0.000000] CPU: PIPT / VIPT nonaliasing data cache, VIPT aliasing instruction cache
[    0.000000] OF: fdt: Machine model: TI AM335x BeagleBone Black
[    0.000000] Memory policy: Data cache writeback
[    0.000000] cma: Reserved 16 MiB at 0x9e800000 on node -1
[    0.000000] Zone ranges:
[    0.000000]   Normal   [mem 0x0000000080000000-0x000000009fdfffff]
[    0.000000]   HighMem  empty
[    0.000000] Movable zone start for each node
[    0.000000] Early memory node ranges
[    0.000000]   node   0: [mem 0x0000000080000000-0x000000009fdfffff]
[    0.000000] Initmem setup node 0 [mem 0x0000000080000000-0x000000009fdfffff]
[    0.000000] OF: reserved mem: Reserved memory: No reserved-memory node in the DT
[    0.000000] CPU: All CPU(s) started in SVC mode.
[    0.000000] AM335X ES2.1 (sgx neon)
[    0.000000] percpu: Embedded 17 pages/cpu s39564 r8192 d21876 u69632
[    0.000000] pcpu-alloc: s39564 r8192 d21876 u69632 alloc=17*4096
[    0.000000] pcpu-alloc: [0] 0 
[    0.000000] Kernel command line: console=ttyO0,115200n8 root=/dev/nfs rw nfsroot=192.168.255.126:/home/user01/nfs,nfsvers=3 ip=192.168.255.1:192.168.255.126::255.255.255.0:bbb1:eth0 nfsrootdebug
[    0.000000] Unknown kernel command line parameters "nfsrootdebug", will be passed to user space.
[    0.000000] printk: log buffer data + meta data: 65536 + 204800 = 270336 bytes
[    0.000000] Dentry cache hash table entries: 65536 (order: 6, 262144 bytes, linear)
[    0.000000] Inode-cache hash table entries: 32768 (order: 5, 131072 bytes, linear)
[    0.000000] Built 1 zonelists, mobility grouping on.  Total pages: 130560
[    0.000000] mem auto-init: stack:off, heap alloc:off, heap free:off
[    0.000000] SLUB: HWalign=16, Order=0-3, MinObjects=0, CPUs=1, Nodes=1
[    0.000000] rcu: Hierarchical RCU implementation.
[    0.000000] rcu: 	RCU event tracing is enabled.
[    0.000000] rcu: 	RCU restricting CPUs from NR_CPUS=2 to nr_cpu_ids=1.
[    0.000000] 	Tracing variant of Tasks RCU enabled.
[    0.000000] rcu: RCU calculated value of scheduler-enlistment delay is 10 jiffies.
[    0.000000] rcu: Adjusting geometry for rcu_fanout_leaf=16, nr_cpu_ids=1
[    0.000000] RCU Tasks Trace: Setting shift to 0 and lim to 1 rcu_task_cb_adjust=1 rcu_task_cpu_ids=1.
[    0.000000] NR_IRQS: 16, nr_irqs: 16, preallocated irqs: 16
[    0.000000] IRQ: Found an INTC at 0x(ptrval) (revision 5.0) with 128 interrupts
[    0.000000] rcu: srcu_init: Setting srcu_struct sizes based on contention.
[    0.000000] TI gptimer clocksource: always-on /ocp/interconnect@44c00000/segment@200000/target-module@31000
[    0.000003] sched_clock: 32 bits at 24MHz, resolution 41ns, wraps every 89478484971ns
[    0.000026] clocksource: dmtimer: mask: 0xffffffff max_cycles: 0xffffffff, max_idle_ns: 79635851949 ns
[    0.000506] TI gptimer clockevent: 24000000 Hz at /ocp/interconnect@48000000/segment@0/target-module@40000
[    0.002169] Console: colour dummy device 80x30
[    0.002233] WARNING: Your 'console=ttyO0' has been replaced by 'ttyS0'
[    0.002241] This ensures that you still see kernel messages. Please
[    0.002246] update your kernel commandline.
[    0.002286] Calibrating delay loop... 996.14 BogoMIPS (lpj=4980736)
[    0.090557] CPU: Testing write buffer coherency: ok
[    0.090668] CPU0: Spectre v2: using BPIALL workaround
[    0.090678] pid_max: default: 32768 minimum: 301
[    0.090815] LSM: initializing lsm=capability
[    0.090986] Mount-cache hash table entries: 1024 (order: 0, 4096 bytes, linear)
[    0.091007] Mountpoint-cache hash table entries: 1024 (order: 0, 4096 bytes, linear)
[    0.092614] CPU0: thread -1, cpu 0, socket -1, mpidr 0
[    0.092671] cacheinfo: Unable to detect cache hierarchy for CPU 0
[    0.160920] Setting up static identity map for 0x80100000 - 0x80100078
[    0.170709] rcu: Hierarchical SRCU implementation.
[    0.170719] rcu: 	Max phase no-delay instances is 1000.
[    0.172451] smp: Bringing up secondary CPUs ...
[    0.172506] smp: Brought up 1 node, 1 CPU
[    0.172518] SMP: Total of 1 processors activated (996.14 BogoMIPS).
[    0.172530] CPU: All CPU(s) started in SVC mode.
[    0.172709] Memory: 480840K/522240K available (11264K kernel code, 1214K rwdata, 2888K rodata, 1024K init, 290K bss, 23384K reserved, 16384K cma-reserved, 0K highmem)
[    0.173542] devtmpfs: initialized
[    0.189891] VFP support v0.3: implementor 41 architecture 3 part 30 variant c rev 3
[    0.190237] clocksource: jiffies: mask: 0xffffffff max_cycles: 0xffffffff, max_idle_ns: 19112604462750000 ns
[    0.190270] futex hash table entries: 256 (order: 2, 16384 bytes, linear)
[    0.191783] pinctrl core: initialized pinctrl subsystem
[    0.194601] NET: Registered PF_NETLINK/PF_ROUTE protocol family
[    0.197365] DMA: preallocated 256 KiB pool for atomic coherent allocations
[    0.198270] audit: initializing netlink subsys (disabled)
[    0.199619] thermal_sys: Registered thermal governor 'fair_share'
[    0.199636] thermal_sys: Registered thermal governor 'step_wise'
[    0.199645] thermal_sys: Registered thermal governor 'user_space'
[    0.199757] audit: type=2000 audit(0.190:1): state=initialized audit_enabled=0 res=1
[    0.199830] cpuidle: using governor menu
[    0.217757] /ocp/interconnect@44c00000/segment@200000/target-module@b000/i2c@0/tda19988@70: Fixed dependency cycle(s) with /ocp/interconnect@48000000/segment@300000/target-module@e000/lcdc@0
[    0.218884] /ocp/interconnect@48000000/segment@300000/target-module@e000/lcdc@0: Fixed dependency cycle(s) with /ocp/interconnect@44c00000/segment@200000/target-module@b000/i2c@0/tda19988@70
[    0.221222] No ATAGs?
[    0.221266] hw-breakpoint: debug architecture 0x4 unsupported.
[    0.223964] kprobes: kprobe jump-optimization is enabled. All kprobes are optimized if possible.
[    0.233874] iommu: Default domain type: Translated
[    0.233898] iommu: DMA domain TLB invalidation policy: strict mode
[    0.235545] reg-fixed-voltage fixedregulator0: using DT '/fixedregulator0' for '(default)' GPIO lookup
[    0.235599] of_get_named_gpiod_flags: can't parse 'gpios' property of node '/fixedregulator0[0]'
[    0.235627] of_get_named_gpiod_flags: can't parse 'gpio' property of node '/fixedregulator0[0]'
[    0.235645] reg-fixed-voltage fixedregulator0: using lookup tables for GPIO lookup
[    0.235655] reg-fixed-voltage fixedregulator0: No GPIO consumer (default) found
[    0.241447] SCSI subsystem initialized
[    0.241933] libata version 3.00 loaded.
[    0.242296] pps_core: LinuxPPS API ver. 1 registered
[    0.242308] pps_core: Software ver. 5.3.6 - Copyright 2005-2007 Rodolfo Giometti <giometti@linux.it>
[    0.242333] PTP clock support registered
[    0.250862] vgaarb: loaded
[    0.251219] clocksource: Switched to clocksource dmtimer
[    0.251880] VFS: Disk quotas dquot_6.6.0
[    0.251935] VFS: Dquot-cache hash table entries: 1024 (order 0, 4096 bytes)
[    0.275468] NET: Registered PF_INET protocol family
[    0.275810] IP idents hash table entries: 8192 (order: 4, 65536 bytes, linear)
[    0.277234] tcp_listen_portaddr_hash hash table entries: 512 (order: 0, 4096 bytes, linear)
[    0.277273] Table-perturb hash table entries: 65536 (order: 6, 262144 bytes, linear)
[    0.277294] TCP established hash table entries: 4096 (order: 2, 16384 bytes, linear)
[    0.277336] TCP bind hash table entries: 4096 (order: 4, 65536 bytes, linear)
[    0.277435] TCP: Hash tables configured (established 4096 bind 4096)
[    0.277555] UDP hash table entries: 256 (order: 1, 14336 bytes, linear)
[    0.277590] UDP-Lite hash table entries: 256 (order: 1, 14336 bytes, linear)
[    0.277771] NET: Registered PF_UNIX/PF_LOCAL protocol family
[    0.279016] RPC: Registered named UNIX socket transport module.
[    0.279036] RPC: Registered udp transport module.
[    0.279042] RPC: Registered tcp transport module.
[    0.279047] RPC: Registered tcp-with-tls transport module.
[    0.279052] RPC: Registered tcp NFSv4.1 backchannel transport module.
[    0.279076] PCI: CLS 0 bytes, default 64
[    0.280461] Initialise system trusted keyrings
[    0.292383] workingset: timestamp_bits=14 max_order=17 bucket_order=3
[    0.293737] NFS: Registering the id_resolver key type
[    0.293835] Key type id_resolver registered
[    0.293842] Key type id_legacy registered
[    0.293890] jffs2: version 2.2. (NAND) (SUMMARY)  Â© 2001-2006 Red Hat, Inc.
[    0.294290] Key type asymmetric registered
[    0.294305] Asymmetric key parser 'x509' registered
[    0.294370] io scheduler mq-deadline registered
[    0.294380] io scheduler kyber registered
[    0.294452] io scheduler bfq registered
[    0.296008] ledtrig-cpu: registered to indicate activity on CPUs
[    0.298699] Serial: 8250/16550 driver, 6 ports, IRQ sharing enabled
[    0.339049] brd: module loaded
[    0.357041] loop: module loaded
[    0.357957] mtdoops: mtd device (mtddev=name/number) must be supplied
[    0.359636] mdio_bus fixed-0: using lookup tables for GPIO lookup
[    0.359659] mdio_bus fixed-0: No GPIO consumer reset found
[    0.361000] i2c_dev: i2c /dev entries driver
[    0.362156] cpuidle: enable-method property 'ti,am3352' found operations
[    0.362595] sdhci: Secure Digital Host Controller Interface driver
[    0.362606] sdhci: Copyright(c) Pierre Ossman
[    0.362779] sdhci-pltfm: SDHCI platform and OF driver helper
[    0.363780] Initializing XFRM netlink socket
[    0.363948] NET: Registered PF_INET6 protocol family
[    0.376934] Segment Routing with IPv6
[    0.377023] In-situ OAM (IOAM) with IPv6
[    0.377128] sit: IPv6, IPv4 and MPLS over IPv4 tunneling driver
[    0.378068] NET: Registered PF_PACKET protocol family
[    0.378108] NET: Registered PF_KEY protocol family
[    0.378225] Key type dns_resolver registered
[    0.378452] ThumbEE CPU extension supported.
[    0.378472] Registering SWP/SWPB emulation handler
[    0.379008] omap_voltage_late_init: Voltage driver support not added
[    0.379385] SmartReflex Class3 initialized
[    0.402575] Loading compiled-in X.509 certificates
[    0.440933] OF: /ocp: Read of boolean property 'clocks' with a value.
[    0.444194] /ocp/interconnect@44c00000/segment@200000/target-module@b000/i2c@0/tda19988@70: Fixed dependency cycle(s) with /ocp/interconnect@48000000/segment@300000/target-module@e000/lcdc@0
[    0.445119] OF: /ocp/interconnect@44c00000: Read of boolean property 'clocks' with a value.
[    0.450444] /ocp/interconnect@44c00000/segment@200000/target-module@b000/i2c@0/tda19988@70: Fixed dependency cycle(s) with /ocp/interconnect@48000000/segment@300000/target-module@e000/lcdc@0
[    0.456031] gpiochip_find_base_unlocked: found new base at 512
[    0.473157] /ocp/interconnect@44c00000/segment@200000/target-module@b000/i2c@0/tda19988@70: Fixed dependency cycle(s) with /ocp/interconnect@48000000/segment@300000/target-module@e000/lcdc@0
[    0.474052] /ocp/interconnect@44c00000/segment@200000/target-module@b000/i2c@0/tda19988@70: Fixed dependency cycle(s) with /ocp/interconnect@48000000/segment@300000/target-module@e000/lcdc@0
[    0.477404] /ocp/interconnect@44c00000/segment@200000/target-module@10000/scm@0/pinmux@800: Fixed dependency cycle(s) with /ocp/interconnect@44c00000/segment@200000/target-module@10000/scm@0/pinmux@800/clkout2-pins
[    0.477976] pinctrl-single 44e10800.pinmux: 142 pins, size 568
[    0.483296] ti-sysc 44e31000.target-module: probe with driver ti-sysc failed with error -16
[    0.507151] /ocp/interconnect@48000000/segment@300000/target-module@e000/lcdc@0: Fixed dependency cycle(s) with /ocp/interconnect@44c00000/segment@200000/target-module@b000/i2c@0/tda19988@70
[    0.507476] OF: /ocp/interconnect@48000000: Read of boolean property 'clocks' with a value.
[    0.515284] ti-sysc 48040000.target-module: probe with driver ti-sysc failed with error -16
[    0.526454] gpiochip_find_base_unlocked: found new base at 512
[    0.526548] gpio gpiochip0: (gpio-0-31): created GPIO range 0->7 ==> 44e10800.pinmux PIN 0->7
[    0.526576] gpio gpiochip0: (gpio-0-31): created GPIO range 8->11 ==> 44e10800.pinmux PIN 90->93
[    0.526592] gpio gpiochip0: (gpio-0-31): created GPIO range 12->27 ==> 44e10800.pinmux PIN 12->27
[    0.526607] gpio gpiochip0: (gpio-0-31): created GPIO range 28->31 ==> 44e10800.pinmux PIN 30->33
[    0.572511] gpio gpiochip0: (gpio-0-31): added GPIO chardev (254:0)
[    0.572683] gpio gpiochip0: registered GPIOs 512 to 543 on gpio-0-31
[    0.572767] OMAP GPIO hardware version 0.1
[    0.598347] i2c i2c-2: using DT '/ocp/interconnect@48000000/segment@100000/target-module@9c000/i2c@0' for 'scl' GPIO lookup
[    0.598419] of_get_named_gpiod_flags: can't parse 'scl-gpios' property of node '/ocp/interconnect@48000000/segment@100000/target-module@9c000/i2c@0[0]'
[    0.598459] of_get_named_gpiod_flags: can't parse 'scl-gpio' property of node '/ocp/interconnect@48000000/segment@100000/target-module@9c000/i2c@0[0]'
[    0.598496] i2c i2c-2: using lookup tables for GPIO lookup
[    0.598506] i2c i2c-2: No GPIO consumer scl found
[    0.598527] i2c i2c-2: using DT '/ocp/interconnect@48000000/segment@100000/target-module@9c000/i2c@0' for 'sda' GPIO lookup
[    0.598561] of_get_named_gpiod_flags: can't parse 'sda-gpios' property of node '/ocp/interconnect@48000000/segment@100000/target-module@9c000/i2c@0[0]'
[    0.598597] of_get_named_gpiod_flags: can't parse 'sda-gpio' property of node '/ocp/interconnect@48000000/segment@100000/target-module@9c000/i2c@0[0]'
[    0.598627] i2c i2c-2: using lookup tables for GPIO lookup
[    0.598634] i2c i2c-2: No GPIO consumer sda found
[    0.599452] omap_i2c 4819c000.i2c: bus 2 rev0.11 at 100 kHz
[    0.605148] gpiochip_find_base_unlocked: found new base at 544
[    0.605249] gpio gpiochip1: (gpio-32-63): created GPIO range 0->17 ==> 44e10800.pinmux PIN 34->51
[    0.605267] gpio gpiochip1: (gpio-32-63): created GPIO range 18->21 ==> 44e10800.pinmux PIN 77->80
[    0.605285] gpio gpiochip1: (gpio-32-63): created GPIO range 22->31 ==> 44e10800.pinmux PIN 56->65
[    0.626960] gpio gpiochip1: (gpio-32-63): added GPIO chardev (254:1)
[    0.627123] gpio gpiochip1: registered GPIOs 544 to 575 on gpio-32-63
[    0.629335] gpiochip_find_base_unlocked: found new base at 576
[    0.629425] gpio gpiochip2: (gpio-64-95): created GPIO range 0->4 ==> 44e10800.pinmux PIN 66->70
[    0.629444] gpio gpiochip2: (gpio-64-95): created GPIO range 5->6 ==> 44e10800.pinmux PIN 98->99
[    0.629458] gpio gpiochip2: (gpio-64-95): created GPIO range 7->8 ==> 44e10800.pinmux PIN 75->76
[    0.629473] gpio gpiochip2: (gpio-64-95): created GPIO range 13->13 ==> 44e10800.pinmux PIN 141->141
[    0.629489] gpio gpiochip2: (gpio-64-95): created GPIO range 14->21 ==> 44e10800.pinmux PIN 100->107
[    0.630135] gpio gpiochip2: (gpio-64-95): added GPIO chardev (254:2)
[    0.630278] gpio gpiochip2: registered GPIOs 576 to 607 on gpio-64-95
[    0.635914] 48000000.interconnect:segment@200000:target-module@0:mpu@0:fck: device ID is greater than 24
[    0.636788] /ocp/interconnect@48000000/segment@300000/target-module@e000/lcdc@0: Fixed dependency cycle(s) with /ocp/interconnect@44c00000/segment@200000/target-module@b000/i2c@0/tda19988@70
[    0.639457] /ocp/interconnect@48000000/segment@300000/target-module@e000/lcdc@0: Fixed dependency cycle(s) with /ocp/interconnect@44c00000/segment@200000/target-module@b000/i2c@0/tda19988@70
[    0.640131] /ocp/interconnect@44c00000/segment@200000/target-module@b000/i2c@0/tda19988@70: Fixed dependency cycle(s) with /ocp/interconnect@48000000/segment@300000/target-module@e000/lcdc@0
[    0.640289] /ocp/interconnect@48000000/segment@300000/target-module@e000/lcdc@0: Fixed dependency cycle(s) with /ocp/interconnect@44c00000/segment@200000/target-module@b000/i2c@0/tda19988@70
[    0.644625] OF: /ocp/interconnect@4a000000: Read of boolean property 'clocks' with a value.
[    0.649789] mdio_bus 4a101000.mdio: using DT '/ocp/interconnect@4a000000/segment@0/target-module@100000/switch@0/mdio@1000' for 'reset' GPIO lookup
[    0.649860] of_get_named_gpiod_flags: can't parse 'reset-gpios' property of node '/ocp/interconnect@4a000000/segment@0/target-module@100000/switch@0/mdio@1000[0]'
[    0.649905] of_get_named_gpiod_flags: can't parse 'reset-gpio' property of node '/ocp/interconnect@4a000000/segment@0/target-module@100000/switch@0/mdio@1000[0]'
[    0.649950] mdio_bus 4a101000.mdio: using lookup tables for GPIO lookup
[    0.649960] mdio_bus 4a101000.mdio: No GPIO consumer reset found
[    0.650850] sdhci-omap 481d8000.mmc: using DT '/ocp/interconnect@48000000/segment@100000/target-module@d8000/mmc@0' for 'wp' GPIO lookup
[    0.650909] of_get_named_gpiod_flags: can't parse 'wp-gpios' property of node '/ocp/interconnect@48000000/segment@100000/target-module@d8000/mmc@0[0]'
[    0.650952] of_get_named_gpiod_flags: can't parse 'wp-gpio' property of node '/ocp/interconnect@48000000/segment@100000/target-module@d8000/mmc@0[0]'
[    0.650985] sdhci-omap 481d8000.mmc: using lookup tables for GPIO lookup
[    0.650994] sdhci-omap 481d8000.mmc: No GPIO consumer wp found
[    0.651341] sdhci-omap 481d8000.mmc: supply pbias not found, using dummy regulator
[    0.667464] sdhci-omap 481d8000.mmc: supply vqmmc not found, using dummy regulator
[    0.705142] davinci_mdio 4a101000.mdio: davinci mdio revision 1.6, bus freq 1000000
[    0.727415] mdio_bus 4a101000.mdio:00: using DT '/ocp/interconnect@4a000000/segment@0/target-module@100000/switch@0/mdio@1000/ethernet-phy@0' for 'reset' GPIO lookup
[    0.727520] of_get_named_gpiod_flags: parsed 'reset-gpios' property of node '/ocp/interconnect@4a000000/segment@0/target-module@100000/switch@0/mdio@1000/ethernet-phy@0[0]' - status (0)
[    0.727683] gpio gpiochip0: Persistence not supported for GPIO 8
[    0.848600] davinci_mdio 4a101000.mdio: phy[0]: device 4a101000.mdio:00, driver SMSC LAN8710/LAN8720
[    0.849375] cpsw-switch 4a100000.switch: initialized cpsw ale version 1.4
[    0.849397] cpsw-switch 4a100000.switch: ALE Table size 1024, Policers 0
[    0.849707] cpsw-switch 4a100000.switch: cpts: overflow check period 500 (jiffies)
[    0.849727] cpsw-switch 4a100000.switch: CPTS: ref_clk_freq:250000000 calc_mult:2147483648 calc_shift:29 error:0 nsec/sec
[    0.849837] cpsw-switch 4a100000.switch: Detected MACID = 6c:ec:eb:68:de:78
[    0.851782] cpsw-switch 4a100000.switch: initialized (regs 0x4a100000, pool size 256) hw_ver:0019010C 1.12 (0)
[    0.862475] debugfs: Directory '49000000.dma' with parent 'dmaengine' already present!
[    0.862517] edma 49000000.dma: TI EDMA DMA engine driver
[    0.920046] target-module@4b000000:target-module@140000:pmu@0:fck: device ID is greater than 24
[    0.922731] hw perfevents: enabled with armv7_cortex_a8 PMU driver, 5 (8000000f) counters available
[    0.923623] gpio-clk clk_mcasp0: using DT '/clk_mcasp0' for 'enable' GPIO lookup
[    0.923691] of_get_named_gpiod_flags: parsed 'enable-gpios' property of node '/clk_mcasp0[0]' - status (0)
[    0.923736] gpio gpiochip0: Persistence not supported for GPIO 27
[    0.924561] gpiochip_find_base_unlocked: found new base at 608
[    0.924667] gpio gpiochip3: (gpio-96-127): created GPIO range 0->7 ==> 44e10800.pinmux PIN 82->89
[    0.924688] gpio gpiochip3: (gpio-96-127): created GPIO range 8->11 ==> 44e10800.pinmux PIN 52->55
[    0.924703] gpio gpiochip3: (gpio-96-127): created GPIO range 12->15 ==> 44e10800.pinmux PIN 94->97
[    0.924719] gpio gpiochip3: (gpio-96-127): created GPIO range 16->17 ==> 44e10800.pinmux PIN 71->72
[    0.924735] gpio gpiochip3: (gpio-96-127): created GPIO range 18->18 ==> 44e10800.pinmux PIN 135->135
[    0.924751] gpio gpiochip3: (gpio-96-127): created GPIO range 19->20 ==> 44e10800.pinmux PIN 108->109
[    0.924767] gpio gpiochip3: (gpio-96-127): created GPIO range 21->21 ==> 44e10800.pinmux PIN 73->73
[    0.924784] gpio gpiochip3: (gpio-96-127): created GPIO range 22->23 ==> 44e10800.pinmux PIN 8->9
[    0.924801] gpio gpiochip3: (gpio-96-127): created GPIO range 26->27 ==> 44e10800.pinmux PIN 10->11
[    0.924820] gpio gpiochip3: (gpio-96-127): created GPIO range 28->28 ==> 44e10800.pinmux PIN 74->74
[    0.924838] gpio gpiochip3: (gpio-96-127): created GPIO range 29->29 ==> 44e10800.pinmux PIN 81->81
[    0.924857] gpio gpiochip3: (gpio-96-127): created GPIO range 30->31 ==> 44e10800.pinmux PIN 28->29
[    0.926145] gpio gpiochip3: (gpio-96-127): added GPIO chardev (254:3)
[    0.926297] gpio gpiochip3: registered GPIOs 608 to 639 on gpio-96-127
[    0.933462] l3-aon-clkctrl:0000:0: failed to disable
[    0.934116] omap8250 44e09000.serial: using DT '/ocp/interconnect@44c00000/segment@200000/target-module@9000/serial@0' for 'rs485-term' GPIO lookup
[    0.934184] of_get_named_gpiod_flags: can't parse 'rs485-term-gpios' property of node '/ocp/interconnect@44c00000/segment@200000/target-module@9000/serial@0[0]'
[    0.934228] of_get_named_gpiod_flags: can't parse 'rs485-term-gpio' property of node '/ocp/interconnect@44c00000/segment@200000/target-module@9000/serial@0[0]'
[    0.934263] omap8250 44e09000.serial: using lookup tables for GPIO lookup
[    0.934273] omap8250 44e09000.serial: No GPIO consumer rs485-term found
[    0.934283] omap8250 44e09000.serial: using DT '/ocp/interconnect@44c00000/segment@200000/target-module@9000/serial@0' for 'rs485-rx-during-tx' GPIO lookup
[    0.934318] of_get_named_gpiod_flags: can't parse 'rs485-rx-during-tx-gpios' property of node '/ocp/interconnect@44c00000/segment@200000/target-module@9000/serial@0[0]'
[    0.934354] of_get_named_gpiod_flags: can't parse 'rs485-rx-during-tx-gpio' property of node '/ocp/interconnect@44c00000/segment@200000/target-module@9000/serial@0[0]'
[    0.934384] omap8250 44e09000.serial: using lookup tables for GPIO lookup
[    0.934392] omap8250 44e09000.serial: No GPIO consumer rs485-rx-during-tx found
[    0.934788] 44e09000.serial: ttyS0 at MMIO 0x44e09000 (irq = 34, base_baud = 3000000) is a 8250
[    0.934879] printk: legacy console [ttyS0] enabled
[    2.476926] i2c i2c-0: using DT '/ocp/interconnect@44c00000/segment@200000/target-module@b000/i2c@0' for 'scl' GPIO lookup
[    2.477034] of_get_named_gpiod_flags: can't parse 'scl-gpios' property of node '/ocp/interconnect@44c00000/segment@200000/target-module@b000/i2c@0[0]'
[    2.477080] of_get_named_gpiod_flags: can't parse 'scl-gpio' property of node '/ocp/interconnect@44c00000/segment@200000/target-module@b000/i2c@0[0]'
[    2.477120] i2c i2c-0: using lookup tables for GPIO lookup
[    2.477133] i2c i2c-0: No GPIO consumer scl found
[    2.477158] i2c i2c-0: using DT '/ocp/interconnect@44c00000/segment@200000/target-module@b000/i2c@0' for 'sda' GPIO lookup
[    2.477197] of_get_named_gpiod_flags: can't parse 'sda-gpios' property of node '/ocp/interconnect@44c00000/segment@200000/target-module@b000/i2c@0[0]'
[    2.477237] of_get_named_gpiod_flags: can't parse 'sda-gpio' property of node '/ocp/interconnect@44c00000/segment@200000/target-module@b000/i2c@0[0]'
[    2.477272] i2c i2c-0: using lookup tables for GPIO lookup
[    2.477283] i2c i2c-0: No GPIO consumer sda found
[    2.492188] tps65217-pmic: Failed to locate of_node [id: -1]
[    2.498247] tps65217-bl: Failed to locate of_node [id: -1]
[    2.509564] tps65217 0-0024: TPS65217 ID 0xe version 1.2
[    2.515780] /ocp/interconnect@48000000/segment@300000/target-module@e000/lcdc@0: Fixed dependency cycle(s) with /ocp/interconnect@44c00000/segment@200000/target-module@b000/i2c@0/tda19988@70
[    2.533148] /ocp/interconnect@44c00000/segment@200000/target-module@b000/i2c@0/tda19988@70: Fixed dependency cycle(s) with /ocp/interconnect@48000000/segment@300000/target-module@e000/lcdc@0
[    2.550558] omap_i2c 44e0b000.i2c: bus 0 rev0.11 at 400 kHz
[    2.558372] sdhci-omap 48060000.mmc: using DT '/ocp/interconnect@48000000/segment@0/target-module@60000/mmc@0' for 'cd' GPIO lookup
[    2.558482] of_get_named_gpiod_flags: parsed 'cd-gpios' property of node '/ocp/interconnect@48000000/segment@0/target-module@60000/mmc@0[0]' - status (0)
[    2.558549] gpio gpiochip3: Persistence not supported for GPIO 6
[    2.558574] omap_gpio 44e07000.gpio: Could not set line 6 debounce to 200000 microseconds (-22)
[    2.567460] sdhci-omap 48060000.mmc: Got CD GPIO
[    2.572141] sdhci-omap 48060000.mmc: using DT '/ocp/interconnect@48000000/segment@0/target-module@60000/mmc@0' for 'wp' GPIO lookup
[    2.572190] of_get_named_gpiod_flags: can't parse 'wp-gpios' property of node '/ocp/interconnect@48000000/segment@0/target-module@60000/mmc@0[0]'
[    2.572233] of_get_named_gpiod_flags: can't parse 'wp-gpio' property of node '/ocp/interconnect@48000000/segment@0/target-module@60000/mmc@0[0]'
[    2.572271] sdhci-omap 48060000.mmc: using lookup tables for GPIO lookup
[    2.572285] sdhci-omap 48060000.mmc: No GPIO consumer wp found
[    2.572493] sdhci-omap 48060000.mmc: supply pbias not found, using dummy regulator
[    2.581326] sdhci-omap 481d8000.mmc: using DT '/ocp/interconnect@48000000/segment@100000/target-module@d8000/mmc@0' for 'wp' GPIO lookup
[    2.581409] of_get_named_gpiod_flags: can't parse 'wp-gpios' property of node '/ocp/interconnect@48000000/segment@100000/target-module@d8000/mmc@0[0]'
[    2.581460] of_get_named_gpiod_flags: can't parse 'wp-gpio' property of node '/ocp/interconnect@48000000/segment@100000/target-module@d8000/mmc@0[0]'
[    2.581499] sdhci-omap 481d8000.mmc: using lookup tables for GPIO lookup
[    2.581512] sdhci-omap 481d8000.mmc: No GPIO consumer wp found
[    2.582565] sdhci-omap 48060000.mmc: supply vqmmc not found, using dummy regulator
[    2.591558] sdhci-omap 481d8000.mmc: supply pbias not found, using dummy regulator
[    2.599598] sdhci-omap 481d8000.mmc: supply vqmmc not found, using dummy regulator
[    2.741838] mmc1: SDHCI controller on 481d8000.mmc [481d8000.mmc] using External DMA
[    2.750170] mmc0: SDHCI controller on 48060000.mmc [48060000.mmc] using External DMA
[    2.759055] cpsw-switch 4a100000.switch: starting ndev. mode: dual_mac
[    2.800432] mmc0: new high speed SDHC card at address 5048
[    2.807486] mmcblk0: mmc0:5048 SD16G 14.4 GiB
[    2.815523]  mmcblk0: p1 p2
[    2.818999] mmcblk0: p2 size 31221760 extends beyond EOD, truncated
[    2.842494] SMSC LAN8710/LAN8720 4a101000.mdio:00: attached PHY driver (mii_bus:phy_addr=4a101000.mdio:00, irq=POLL)
[    2.864563] mmc1: new high speed MMC card at address 0001
[    2.871549] mmcblk1: mmc1:0001 MMC04G 3.60 GiB
[    2.878684]  mmcblk1: p1 p2
[    2.883110] mmcblk1boot0: mmc1:0001 MMC04G 2.00 MiB
[    2.890075] mmcblk1boot1: mmc1:0001 MMC04G 2.00 MiB
[    2.897119] mmcblk1rpmb: mmc1:0001 MMC04G 128 KiB, chardev (250:0)
