Labgrid Console Logfile for main
Logfile started at 2024-12-13 09:15:04.377263
=== Log starts here ===
ready
DRAM:  512 MiB
NAND:  0 MiB
MMC:   OMAP SD/MMC: 0, OMAP SD/MMC: 1
*** Warning - readenv() failed, using default environment

Net:   <ethaddr> not set. Validating first E-fuse MAC
cpsw, usb_ether
Hit any key to stop autoboot:  1  0 
gpio: pin 53 (gpio 53) value is 1
mmc0 is current device
gpio: pin 54 (gpio 54) value is 1
SD/MMC found on device 0
reading uEnv.txt
584 bytes read in 3 ms (189.5 KiB/s)
gpio: pin 55 (gpio 55) value is 1
Loaded environment from uEnv.txt
Importing environment from mmc ...
Checking if uenvcmd is set ...
gpio: pin 56 (gpio 56) value is 1
Running uenvcmd ...
cpsw Waiting for PHY auto negotiation to complete. done
link up on port 0, speed 100, full duplex
Using cpsw device
TFTP from server 192.168.255.126; our IP address is 192.168.255.1
Filename 'zImage'.
Load address: 0x81000000
Loading: *T #################################################################
	 #################################################################
	 #################################################################
	 #################################################################
	 #################################################################
	 #####################################################
	 748 KiB/s
done
Bytes transferred = 5542168 (549118 hex)
link up on port 0, speed 100, full duplex
Using cpsw device
TFTP from server 192.168.255.126; our IP address is 192.168.255.1
Filename 'am335x-boneblack.dtb'.
Load address: 0x82000000
Loading: *#######
	 2.2 MiB/s
done
Bytes transferred = 98244 (17fc4 hex)
Kernel image @ 0x81000000 [ 0x000000 - 0x549118 ]
## Flattened Device Tree blob at 82000000
   Booting using the fdt blob at 0x82000000
   Using Device Tree in place at 82000000, end 8201afc3

Starting kernel ...

[    0.000000] Booting Linux on physical CPU 0x0
[    0.000000] Linux version 6.13.0-rc2-next-20241213 (user01@drvtest01) (arm-linux-gnueabihf-gcc (Linaro GCC 6.4-2017.11) 6.4.1 20171012, GNU ld (Linaro_Binutils-2017.11) 2.27.0.20161229) #156 SMP Fri Dec 13 07:18:58 EET 2024
[    0.000000] CPU: ARMv7 Processor [413fc082] revision 2 (ARMv7), cr=10c5387d
[    0.000000] CPU: PIPT / VIPT nonaliasing data cache, VIPT aliasing instruction cache
[    0.000000] OF: fdt: Machine model: TI AM335x BeagleBone Black
[    0.000000] earlycon: omap8250 at MMIO 0x44e09000 (options '')
[    0.000000] printk: legacy bootconsole [omap8250] enabled
[    0.000000] Memory policy: Data cache writeback
[    0.000000] cma: Reserved 16 MiB at 0x9e800000 on node -1
[    0.000000] Zone ranges:
[    0.000000]   Normal   [mem 0x0000000080000000-0x000000009fdfffff]
[    0.000000]   HighMem  empty
[    0.000000] Movable zone start for each node
[    0.000000] Early memory node ranges
[    0.000000]   node   0: [mem 0x0000000080000000-0x000000009fdfffff]
[    0.000000] Initmem setup node 0 [mem 0x0000000080000000-0x000000009fdfffff]
[    0.000000] OF: reserved mem: Reserved memory: No reserved-memory node in the DT
[    0.000000] CPU: All CPU(s) started in SVC mode.
[    0.000000] AM335X ES2.1 (sgx neon)
[    0.000000] percpu: Embedded 17 pages/cpu s39628 r8192 d21812 u69632
[    0.000000] pcpu-alloc: s39628 r8192 d21812 u69632 alloc=17*4096
[    0.000000] pcpu-alloc: [0] 0 
[    0.000000] Kernel command line: console=ttyO0,115200n8 debug earlycon root=/dev/nfs rw nfsroot=192.168.255.126:/home/user01/nfs,nfsvers=3 ip=192.168.255.1:192.168.255.126::255.255.255.0:bbb1:eth0 nfsrootdebug
[    0.000000] Unknown kernel command line parameters "nfsrootdebug", will be passed to user space.
[    0.000000] printk: log buffer data + meta data: 65536 + 204800 = 270336 bytes
[    0.000000] Dentry cache hash table entries: 65536 (order: 6, 262144 bytes, linear)
[    0.000000] Inode-cache hash table entries: 32768 (order: 5, 131072 bytes, linear)
[    0.000000] Built 1 zonelists, mobility grouping on.  Total pages: 130560
[    0.000000] mem auto-init: stack:off, heap alloc:off, heap free:off
[    0.000000] SLUB: HWalign=64, Order=0-3, MinObjects=0, CPUs=1, Nodes=1
[    0.000000] trace event string verifier disabled
[    0.000000] rcu: Hierarchical RCU implementation.
[    0.000000] rcu: 	RCU event tracing is enabled.
[    0.000000] rcu: 	RCU restricting CPUs from NR_CPUS=2 to nr_cpu_ids=1.
[    0.000000] 	Tracing variant of Tasks RCU enabled.
[    0.000000] rcu: RCU calculated value of scheduler-enlistment delay is 10 jiffies.
[    0.000000] rcu: Adjusting geometry for rcu_fanout_leaf=16, nr_cpu_ids=1
[    0.000000] RCU Tasks Trace: Setting shift to 0 and lim to 1 rcu_task_cb_adjust=1 rcu_task_cpu_ids=1.
[    0.000000] NR_IRQS: 16, nr_irqs: 16, preallocated irqs: 16
[    0.000000] IRQ: Found an INTC at 0x(ptrval) (revision 5.0) with 128 interrupts
[    0.000000] rcu: srcu_init: Setting srcu_struct sizes based on contention.
[    0.000000] TI gptimer clocksource: always-on /ocp/interconnect@44c00000/segment@200000/target-module@31000
[    0.000003] sched_clock: 32 bits at 24MHz, resolution 41ns, wraps every 89478484971ns
[    0.008077] clocksource: dmtimer: mask: 0xffffffff max_cycles: 0xffffffff, max_idle_ns: 79635851949 ns
[    0.018137] TI gptimer clockevent: 24000000 Hz at /ocp/interconnect@48000000/segment@0/target-module@40000
[    0.029726] Console: colour dummy device 80x30
[    0.034372] WARNING: Your 'console=ttyO0' has been replaced by 'ttyS0'
[    0.041181] This ensures that you still see kernel messages. Please
[    0.047633] update your kernel commandline.
[    0.051990] Calibrating delay loop... 996.14 BogoMIPS (lpj=4980736)
[    0.094626] CPU: Testing write buffer coherency: ok
[    0.099758] CPU0: Spectre v2: using BPIALL workaround
[    0.104963] pid_max: default: 32768 minimum: 301
[    0.109837] LSM: initializing lsm=capability
[    0.114410] Mount-cache hash table entries: 1024 (order: 0, 4096 bytes, linear)
[    0.121979] Mountpoint-cache hash table entries: 1024 (order: 0, 4096 bytes, linear)
[    0.131660] CPU0: thread -1, cpu 0, socket -1, mpidr 0
[    0.139311] Setting up static identity map for 0x80100000 - 0x80100078
[    0.146358] rcu: Hierarchical SRCU implementation.
[    0.151357] rcu: 	Max phase no-delay instances is 1000.
[    0.158699] smp: Bringing up secondary CPUs ...
[    0.163432] smp: Brought up 1 node, 1 CPU
[    0.167564] SMP: Total of 1 processors activated (996.14 BogoMIPS).
[    0.174117] CPU: All CPU(s) started in SVC mode.
[    0.179066] Memory: 480840K/522240K available (11264K kernel code, 1215K rwdata, 2904K rodata, 1024K init, 295K bss, 23388K reserved, 16384K cma-reserved, 0K highmem)
[    0.195366] devtmpfs: initialized
[    0.215566] VFP support v0.3: implementor 41 architecture 3 part 30 variant c rev 3
[    0.223942] clocksource: jiffies: mask: 0xffffffff max_cycles: 0xffffffff, max_idle_ns: 19112604462750000 ns
[    0.234152] futex hash table entries: 256 (order: 2, 16384 bytes, linear)
[    0.242420] pinctrl core: initialized pinctrl subsystem
[    0.250788] NET: Registered PF_NETLINK/PF_ROUTE protocol family
[    0.259824] DMA: preallocated 256 KiB pool for atomic coherent allocations
[    0.267826] audit: initializing netlink subsys (disabled)
[    0.274921] thermal_sys: Registered thermal governor 'fair_share'
[    0.274950] thermal_sys: Registered thermal governor 'step_wise'
[    0.281327] thermal_sys: Registered thermal governor 'user_space'
[    0.287634] audit: type=2000 audit(0.240:1): state=initialized audit_enabled=0 res=1
[    0.302021] cpuidle: using governor menu
[    0.324454] /ocp/interconnect@44c00000/segment@200000/target-module@b000/i2c@0/tda19988@70: Fixed dependency cycle(s) with /ocp/interconnect@48000000/segment@300000/target-module@e000/lcdc@0
[    0.343218] /ocp/interconnect@48000000/segment@300000/target-module@e000/lcdc@0: Fixed dependency cycle(s) with /ocp/interconnect@44c00000/segment@200000/target-module@b000/i2c@0/tda19988@70
[    0.363046] No ATAGs?
[    0.365414] hw-breakpoint: debug architecture 0x4 unsupported.
[    0.374376] kprobes: kprobe jump-optimization is enabled. All kprobes are optimized if possible.
[    0.401896] iommu: Default domain type: Translated
[    0.406856] iommu: DMA domain TLB invalidation policy: strict mode
[    0.415042] reg-fixed-voltage fixedregulator0: using DT '/fixedregulator0' for '(default)' GPIO lookup
[    0.424775] of_get_named_gpiod_flags: can't parse 'gpios' property of node '/fixedregulator0[0]'
[    0.433875] of_get_named_gpiod_flags: can't parse 'gpio' property of node '/fixedregulator0[0]'
[    0.442872] reg-fixed-voltage fixedregulator0: using lookup tables for GPIO lookup
[    0.450689] reg-fixed-voltage fixedregulator0: No GPIO consumer (default) found
[    0.478899] SCSI subsystem initialized
[    0.488768] libata version 3.00 loaded.
[    0.493101] pps_core: LinuxPPS API ver. 1 registered
[    0.498275] pps_core: Software ver. 5.3.6 - Copyright 2005-2007 Rodolfo Giometti <giometti@linux.it>
[    0.507707] PTP clock support registered
[    0.538271] vgaarb: loaded
[    0.548210] clocksource: Switched to clocksource dmtimer
[    0.554403] VFS: Disk quotas dquot_6.6.0
[    0.558620] VFS: Dquot-cache hash table entries: 1024 (order 0, 4096 bytes)
[    0.601437] NET: Registered PF_INET protocol family
[    0.606949] IP idents hash table entries: 8192 (order: 4, 65536 bytes, linear)
[    0.615859] tcp_listen_portaddr_hash hash table entries: 512 (order: 0, 4096 bytes, linear)
[    0.624566] Table-perturb hash table entries: 65536 (order: 6, 262144 bytes, linear)
[    0.632578] TCP established hash table entries: 4096 (order: 2, 16384 bytes, linear)
[    0.640586] TCP bind hash table entries: 4096 (order: 4, 65536 bytes, linear)
[    0.648048] TCP: Hash tables configured (established 4096 bind 4096)
[    0.654734] UDP hash table entries: 256 (order: 1, 14336 bytes, linear)
[    0.661612] UDP-Lite hash table entries: 256 (order: 1, 14336 bytes, linear)
[    0.669058] NET: Registered PF_UNIX/PF_LOCAL protocol family
[    0.753306] RPC: Registered named UNIX socket transport module.
[    0.759440] RPC: Registered udp transport module.
[    0.764354] RPC: Registered tcp transport module.
[    0.769198] RPC: Registered tcp-with-tls transport module.
[    0.774867] RPC: Registered tcp NFSv4.1 backchannel transport module.
[    0.781550] PCI: CLS 0 bytes, default 64
[    0.787141] Initialise system trusted keyrings
[    0.854035] workingset: timestamp_bits=14 max_order=17 bucket_order=3
[    0.862219] NFS: Registering the id_resolver key type
[    0.867529] Key type id_resolver registered
[    0.871911] Key type id_legacy registered
[    0.876092] jffs2: version 2.2. (NAND) (SUMMARY)  © 2001-2006 Red Hat, Inc.
[    0.911083] Key type asymmetric registered
[    0.915437] Asymmetric key parser 'x509' registered
[    0.920535] io scheduler mq-deadline registered
[    0.925246] io scheduler kyber registered
[    0.929449] io scheduler bfq registered
[    0.959706] ledtrig-cpu: registered to indicate activity on CPUs
[    0.968990] Serial: 8250/16550 driver, 6 ports, IRQ sharing enabled
[    1.056294] brd: module loaded
[    1.076793] loop: module loaded
[    1.081003] mtdoops: mtd device (mtddev=name/number) must be supplied
[    1.097902] mdio_bus fixed-0: using lookup tables for GPIO lookup
[    1.104302] mdio_bus fixed-0: No GPIO consumer reset found
[    1.111362] i2c_dev: i2c /dev entries driver
[    1.116846] cpuidle: enable-method property 'ti,am3352' found operations
[    1.124325] sdhci: Secure Digital Host Controller Interface driver
[    1.130699] sdhci: Copyright(c) Pierre Ossman
[    1.135420] sdhci-pltfm: SDHCI platform and OF driver helper
[    1.142380] Initializing XFRM netlink socket
[    1.146939] NET: Registered PF_INET6 protocol family
[    1.228386] Segment Routing with IPv6
[    1.232370] In-situ OAM (IOAM) with IPv6
[    1.236509] sit: IPv6, IPv4 and MPLS over IPv4 tunneling driver
[    1.243643] NET: Registered PF_PACKET protocol family
[    1.248885] NET: Registered PF_KEY protocol family
[    1.254036] Key type dns_resolver registered
[    1.258735] ThumbEE CPU extension supported.
[    1.263222] Registering SWP/SWPB emulation handler
[    1.268691] omap_voltage_late_init: Voltage driver support not added
[    1.275716] SmartReflex Class3 initialized
[    1.352451] Loading compiled-in X.509 certificates
[    1.396274] /ocp/interconnect@44c00000/segment@200000/target-module@b000/i2c@0/tda19988@70: Fixed dependency cycle(s) with /ocp/interconnect@48000000/segment@300000/target-module@e000/lcdc@0
[    1.420389] /ocp/interconnect@44c00000/segment@200000/target-module@b000/i2c@0/tda19988@70: Fixed dependency cycle(s) with /ocp/interconnect@48000000/segment@300000/target-module@e000/lcdc@0
[    1.443837] gpiochip_find_base_unlocked: found new base at 512
[    1.506247] /ocp/interconnect@44c00000/segment@200000/target-module@b000/i2c@0/tda19988@70: Fixed dependency cycle(s) with /ocp/interconnect@48000000/segment@300000/target-module@e000/lcdc@0
[    1.524899] /ocp/interconnect@44c00000/segment@200000/target-module@b000/i2c@0/tda19988@70: Fixed dependency cycle(s) with /ocp/interconnect@48000000/segment@300000/target-module@e000/lcdc@0
[    1.546042] /ocp/interconnect@44c00000/segment@200000/target-module@10000/scm@0/pinmux@800: Fixed dependency cycle(s) with /ocp/interconnect@44c00000/segment@200000/target-module@10000/scm@0/pinmux@800/clkout2-pins
[    1.566386] pinctrl-single 44e10800.pinmux: 142 pins, size 568
[    1.577775] ti-sysc 44e31000.target-module: probe with driver ti-sysc failed with error -16
[    1.680967] /ocp/interconnect@48000000/segment@300000/target-module@e000/lcdc@0: Fixed dependency cycle(s) with /ocp/interconnect@44c00000/segment@200000/target-module@b000/i2c@0/tda19988@70
[    1.706874] ti-sysc 48040000.target-module: probe with driver ti-sysc failed with error -16
[    1.727257] gpiochip_find_base_unlocked: found new base at 512
[    1.733526] gpio gpiochip0: (gpio-0-31): created GPIO range 0->7 ==> 44e10800.pinmux PIN 0->7
[    1.742363] gpio gpiochip0: (gpio-0-31): created GPIO range 8->11 ==> 44e10800.pinmux PIN 90->93
[    1.751418] gpio gpiochip0: (gpio-0-31): created GPIO range 12->27 ==> 44e10800.pinmux PIN 12->27
[    1.760587] gpio gpiochip0: (gpio-0-31): created GPIO range 28->31 ==> 44e10800.pinmux PIN 30->33
 [    1.872191] gpio gpiochip0: (gpio-0-31): added GPIO chardev  (254:0)
[    1.878816] gpio gpiochip0: registered GPIOs 512 to 543 on gpio-0-31
[    1.885524] OMAP GPIO hardware version 0.1
[    1.918632] i2c i2c-2: using DT '/ocp/interconnect@48000000/s
[    2.055817] gpio gpiochip1: (gpio-32-63): created GPIO range 22->31 ==> 44e10800.pinmux PIN 56->65
[    2.065961] gpio gpiochip1: (gpio-32-63): added GPIO chardev (254:1)
[    2.072771] gpio gpiochip1: registered GPIOs 544 to 575 on gpio-32-63
[    2.081806] gpiochip_find_base_unlocked: found new base at 576
[    2.087920] gpio gpiochip2: (gpio-64-95): created GPIO range 0->4 ==> 44e10800.pinmux PIN 66->70
[    2.097059] gpio gpiochip2: (gpio-64-95): created GPIO range 5->6 ==> 44e10800.pinmux PIN 98->99
[    2.106144] gpio gpiochip2: (gpio-64-95): created GPIO range 7->8 ==> 44e10800.pinmux PIN 75->76
[    2.115221] gpio gpiochip2: (gpio-64-95): created GPIO range 13->13 ==> 44e10800.pinmux PIN 141->141
[    2.124655] gpio gpiochip2: (gpio-64-95): created GPIO range 14->21 ==> 44e10800.pinmux PIN 100->107
[    2.134855] gpio gpiochip2: (gpio-64-95): added GPIO chardev (254:2)
[    2.141697] gpio gpiochip2: registered GPIOs 576 to 607 on gpio-64-95
[    2.154143] 48000000.interconnect:segment@200000:target-module@0:mpu@0:fck: device ID is greater than 24
[    2.165001] /ocp/interconnect@48000000/segment@300000/target-module@e000/lcdc@0: Fixed dependency cycle(s) with /ocp/interconnect@44c00000/segment@200000/target-module@b000/i2c@0/tda19988@70
[    2.185416] /ocp/interconnect@48000000/segment@300000/target-module@e000/lcdc@0: Fixed dependency cycle(s) with /ocp/interconnect@44c00000/segment@200000/target-module@b000/i2c@0/tda19988@70
[    2.203733] /ocp/interconnect@44c00000/segment@200000/target-module@b000/i2c@0/tda19988@70: Fixed dependency cycle(s) with /ocp/interconnect@48000000/segment@300000/target-module@e000/lcdc@0
[    2.221476] /ocp/interconnect@48000000/segment@300000/target-module@e000/lcdc@0: Fixed dependency cycle(s) with /ocp/interconnect@44c00000/segment@200000/target-module@b000/i2c@0/tda19988@70
[    2.248753] mdio_bus 4a101000.mdio: using DT '/ocp/interconnect@4a000000/segment@0/target-module@100000/switch@0/mdio@1000' for 'reset' GPIO lookup
[    2.262600] of_get_named_gpiod_flags: can't parse 'reset-gpios' property of node '/ocp/interconnect@4a000000/segment@0/target-module@100000/switch@0/mdio@1000[0]'
[    2.277653] of_get_named_gpiod_flags: can't parse 'reset-gpio' property of node '/ocp/interconnect@4a000000/segment@0/target-module@100000/switch@0/mdio@1000[0]'
[    2.292585] mdio_bus 4a101000.mdio: using lookup tables for GPIO lookup
[    2.299397] mdio_bus 4a101000.mdio: No GPIO consumer reset found
[    2.306826] sdhci-omap 481d8000.mmc: using DT '/ocp/interconnect@48000000/segment@100000/target-module@d8000/mmc@0' for 'wp' GPIO lookup
[    2.319636] of_get_named_gpiod_flags: can't parse 'wp-gpios' property of node '/ocp/interconnect@48000000/segment@100000/target-module@d8000/mmc@0[0]'
[    2.333584] of_get_named_gpiod_flags: can't parse 'wp-gpio' property of node '/ocp/interconnect@48000000/segment@100000/target-module@d8000/mmc@0[0]'
[    2.347422] sdhci-omap 481d8000.mmc: using lookup tables for GPIO lookup
[    2.354375] sdhci-omap 481d8000.mmc: No GPIO consumer wp found
[    2.360579] sdhci-omap 481d8000.mmc: supply pbias not found, using dummy regulator
[    2.369200] sdhci-omap 481d8000.mmc: supply vqmmc not found, using dummy regulator
[    2.380663] davinci_mdio 4a101000.mdio: davinci mdio revision 1.6, bus freq 1000000
[    2.390087] mdio_bus 4a101000.mdio:00: using DT '/ocp/interconnect@4a000000/segment@0/target-module@100000/switch@0/mdio@1000/ethernet-phy@0' for 'reset' GPIO lookup
[    2.405573] of_get_named_gpiod_flags: parsed 'reset-gpios' property of node '/ocp/interconnect@4a000000/segment@0/target-module@100000/switch@0/mdio@1000/ethernet-phy@0[0]' - status (0)
[    2.422800] gpio gpiochip0: Persistence not supported for GPIO 8
 [    2.483893] davinci_mdio 4a101000.mdio: phy[0]: device 4a101000.mdio:00, driver SMSC LAN8710/LAN8720
[    2.494207] cpsw-switch 4a100000.switch: initialized cpsw ale version 1.4
[    2.501226] cpsw-switch 4a100000.switch: ALE Table size 1024, Policersf8
[    3.361860] 1f60: 00000000 c1a429c0 c1a43a00 c1c15c40 c015f9c8 c1a43980 e0079eb4 00000000
[    3.370278] 1f80: 00000000 c0169724 00000000 559326c4 00000000 c1a429c0 c016959c 00000000
[    3.378696] 1fa0: 00000000 00000000 00000000 c0100174 00000000 00000000 00000000 00000000
[    3.387113] 1fc0: 00000000 00000000 00000000 00000000 00000000 00000000 00000000 00000000
[    3.395531] 1fe0: 00000000 00000000 00000000 00000000 00000013 00000000 00000000 00000000
[    3.403945] Call trace: 
[    3.403958]  omap_gpio_probe from platform_probe+0x7c/0xc0
[    3.412216]  platform_probe from really_probe+0x148/0x3a4
[    3.417782]  really_probe from __driver_probe_device+0x98/0x1d0
[    3.423883]  __driver_probe_device from driver_probe_device+0x2c/0xd4
[    3.430519]  driver_probe_device from __device_attach_driver+0xb4/0x118
[    3.437333]  __device_attach_driver from bus_for_each_drv+0x74/0xc4
[    3.443791]  bus_for_each_drv from __device_attach+0xe4/0x1b4
[    3.449711]  __device_attach from bus_probe_device+0x88/0x8c
[    3.455541]  bus_probe_device from deferred_probe_work_func+0x3c/0xdc
[    3.462176]  deferred_probe_work_func from process_scheduled_works+0xec/0x430
[    3.469528]  process_scheduled_works from worker_thread+0x130/0x2f8
[    3.475983]  worker_thread from kthread+0x188/0x24c
[    3.481018]  kthread from ret_from_fork+0x14/0x20
[    3.485867] Exception stack(0xe0091fb0 to 0xe0091ff8)
[    3.491067] 1fa0:                                     00000000 00000000 00000000 00000000
[    3.499484] 1fc0: 00000000 00000000 00000000 00000000 00000000 00000000 00000000 00000000
[    3.507902] 1fe0: 00000000 00000000 00000000 00000000 00000013 00000000
[    3.514714] Code: e5942004 e1d201b6 e5d25036 e0810000 (e590c000) 
[    3.520985] ---[ end trace 0000000000000000 ]---
[    3.525736] note: kworker/u4:3[34] exited with irqs disabled
[    3.536925] l3-aon-clkctrl:0000:0: failed to disable
Labgrid Console Logfile for main
Logfile started at 2024-12-13 09:16:26.787311
=== Log starts here ===
reading args
spl_load_image_fat_os: error reading image args, err - -1
reading u-boot.img
reading u-boot.img


U-Boot 2014.04-00014-g47880f5 (Apr 22 2014 - 13:23:54)

I2C:   ready
DRAM:  512 MiB
NAND:  0 MiB
MMC:   OMAP SD/MMC: 0, OMAP SD/MMC: 1
*** Warning - readenv() failed, using default environment

Net:   <ethaddr> not set. Validating first E-fuse MAC
cpsw, usb_ether
Hit any key to stop autoboot:  1  0 
gpio: pin 53 (gpio 53) value is 1
mmc0 is current device
gpio: pin 54 (gpio 54) value is 1
SD/MMC found on device 0
reading uEnv.txt
584 bytes read in 4 ms (142.6 KiB/s)
gpio: pin 55 (gpio 55) value is 1
Loaded environment from uEnv.txt
Importing environment from mmc ...
Checking if uenvcmd is set ...
gpio: pin 56 (gpio 56) value is 1
Running uenvcmd ...
cpsw Waiting for PHY auto negotiation to complete. done
link up on port 0, speed 100, full duplex
Using cpsw device
TFTP from server 192.168.255.126; our IP address is 192.168.255.1
Filename 'zImage'.
Load address: 0x81000000
Loading: *#################################################################
	 #################################################################
	 #################################################################
	 #################################################################
	 #################################################################
	 #####################################################
	 2.4 MiB/s
done
Bytes transferred = 5542168 (549118 hex)
link up on port 0, speed 100, full duplex
Using cpsw device
TFTP from server 192.168.255.126; our IP address is 192.168.255.1
Filename 'am335x-boneblack.dtb'.
Load address: 0x82000000
Loading: *#######
	 2.2 MiB/s
done
Bytes transferred = 98244 (17fc4 hex)
Kernel image @ 0x81000000 [ 0x000000 - 0x549118 ]
## Flattened Device Tree blob at 82000000
   Booting using the fdt blob at 0x82000000
   Using Device Tree in place at 82000000, end 8201afc3

Starting kernel ...

[    0.000000] Booting Linux on physical CPU 0x0
[    0.000000] Linux version 6.13.0-rc2-next-20241213 (user01@drvtest01) (arm-linux-gnueabihf-gcc (Linaro GCC 6.4-2017.11) 6.4.1 20171012, GNU ld (Linaro_Binutils-2017.11) 2.27.0.20161229) #156 SMP Fri Dec 13 07:18:58 EET 2024
[    0.000000] CPU: ARMv7 Processor [413fc082] revision 2 (ARMv7), cr=10c5387d
[    0.000000] CPU: PIPT / VIPT nonaliasing data cache, VIPT aliasing instruction cache
[    0.000000] OF: fdt: Machine model: TI AM335x BeagleBone Black
[    0.000000] earlycon: omap8250 at MMIO 0x44e09000 (options '')
[    0.000000] printk: legacy bootconsole [omap8250] enabled
[    0.000000] Memory policy: Data cache writeback
[    0.000000] cma: Reserved 16 MiB at 0x9e800000 on node -1
[    0.000000] Zone ranges:
[    0.000000]   Normal   [mem 0x0000000080000000-0x000000009fdfffff]
[    0.000000]   HighMem  empty
[    0.000000] Movable zone start for each node
[    0.000000] Early memory node ranges
[    0.000000]   node   0: [mem 0x0000000080000000-0x000000009fdfffff]
[    0.000000] Initmem setup node 0 [mem 0x0000000080000000-0x000000009fdfffff]
[    0.000000] OF: reserved mem: Reserved memory: No reserved-memory node in the DT
[    0.000000] CPU: All CPU(s) started in SVC mode.
[    0.000000] AM335X ES2.1 (sgx neon)
[    0.000000] percpu: Embedded 17 pages/cpu s39628 r8192 d21812 u69632
[    0.000000] pcpu-alloc: s39628 r8192 d21812 u69632 alloc=17*4096
[    0.000000] pcpu-alloc: [0] 0 
[    0.000000] Kernel command line: console=ttyO0,115200n8 debug earlycon root=/dev/nfs rw nfsroot=192.168.255.126:/home/user01/nfs,nfsvers=3 ip=192.168.255.1:192.168.255.126::255.255.255.0:bbb1:eth0 nfsrootdebug
[    0.000000] Unknown kernel command line parameters "nfsrootdebug", will be passed to user space.
[    0.000000] printk: log buffer data + meta data: 65536 + 204800 = 270336 bytes
[    0.000000] Dentry cache hash table entries: 65536 (order: 6, 262144 bytes, linear)
[    0.000000] Inode-cache hash table entries: 32768 (order: 5, 131072 bytes, linear)
[    0.000000] Built 1 zonelists, mobility grouping on.  Total pages: 130560
[    0.000000] mem auto-init: stack:off, heap alloc:off, heap free:off
[    0.000000] SLUB: HWalign=64, Order=0-3, MinObjects=0, CPUs=1, Nodes=1
[    0.000000] trace event string verifier disabled
[    0.000000] rcu: Hierarchical RCU implementation.
[    0.000000] rcu: 	RCU event tracing is enabled.
[    0.000000] rcu: 	RCU restricting CPUs from NR_CPUS=2 to nr_cpu_ids=1.
[    0.000000] 	Tracing variant of Tasks RCU enabled.
[    0.000000] rcu: RCU calculated value of scheduler-enlistment delay is 10 jiffies.
[    0.000000] rcu: Adjusting geometry for rcu_fanout_leaf=16, nr_cpu_ids=1
[    0.000000] RCU Tasks Trace: Setting shift to 0 and lim to 1 rcu_task_cb_adjust=1 rcu_task_cpu_ids=1.
[    0.000000] NR_IRQS: 16, nr_irqs: 16, preallocated irqs: 16
[    0.000000] IRQ: Found an INTC at 0x(ptrval) (revision 5.0) with 128 interrupts
[    0.000000] rcu: srcu_init: Setting srcu_struct sizes based on contention.
[    0.000000] TI gptimer clocksource: always-on /ocp/interconnect@44c00000/segment@200000/target-module@31000
[    0.000003] sched_clock: 32 bits at 24MHz, resolution 41ns, wraps every 89478484971ns
[    0.008077] clocksource: dmtimer: mask: 0xffffffff max_cycles: 0xffffffff, max_idle_ns: 79635851949 ns
[    0.018134] TI gptimer clockevent: 24000000 Hz at /ocp/interconnect@48000000/segment@0/target-module@40000
[    0.029732] Console: colour dummy device 80x30
[    0.034376] WARNING: Your 'console=ttyO0' has been replaced by 'ttyS0'
[    0.041185] This ensures that you still see kernel messages. Please
[    0.047636] update your kernel commandline.
[    0.051995] Calibrating delay loop... 996.14 BogoMIPS (lpj=4980736)
[    0.094620] CPU: Testing write buffer coherency: ok
[    0.099753] CPU0: Spectre v2: using BPIALL workaround
[    0.104957] pid_max: default: 32768 minimum: 301
[    0.109829] LSM: initializing lsm=capability
[    0.114406] Mount-cache hash table entries: 1024 (order: 0, 4096 bytes, linear)
[    0.121973] Mountpoint-cache hash table entries: 1024 (order: 0, 4096 bytes, linear)
[    0.131653] CPU0: thread -1, cpu 0, socket -1, mpidr 0
[    0.139301] Setting up static identity map for 0x80100000 - 0x80100078
[    0.146361] rcu: Hierarchical SRCU implementation.
[    0.151360] rcu: 	Max phase no-delay instances is 1000.
[    0.158710] smp: Bringing up secondary CPUs ...
[    0.163443] smp: Brought up 1 node, 1 CPU
[    0.167576] SMP: Total of 1 processors activated (996.14 BogoMIPS).
[    0.174133] CPU: All CPU(s) started in SVC mode.
[    0.179085] Memory: 480840K/522240K available (11264K kernel code, 1215K rwdata, 2904K rodata, 1024K init, 295K bss, 23388K reserved, 16384K cma-reserved, 0K highmem)
[    0.195395] devtmpfs: initialized
[    0.215601] VFP support v0.3: implementor 41 architecture 3 part 30 variant c rev 3
[    0.223984] clocksource: jiffies: mask: 0xffffffff max_cycles: 0xffffffff, max_idle_ns: 19112604462750000 ns
[    0.234194] futex hash table entries: 256 (order: 2, 16384 bytes, linear)
[    0.242466] pinctrl core: initialized pinctrl subsystem
[    0.250845] NET: Registered PF_NETLINK/PF_ROUTE protocol family
[    0.259909] DMA: preallocated 256 KiB pool for atomic coherent allocations
[    0.267912] audit: initializing netlink subsys (disabled)
[    0.275006] thermal_sys: Registered thermal governor 'fair_share'
[    0.275036] thermal_sys: Registered thermal governor 'step_wise'
[    0.281407] thermal_sys: Registered thermal governor 'user_space'
[    0.287716] audit: type=2000 audit(0.240:1): state=initialized audit_enabled=0 res=1
[    0.302098] cpuidle: using governor menu
[    0.324515] /ocp/interconnect@44c00000/segment@200000/target-module@b000/i2c@0/tda19988@70: Fixed dependency cycle(s) with /ocp/interconnect@48000000/segment@300000/target-module@e000/lcdc@0
[    0.343281] /ocp/interconnect@48000000/segment@300000/target-module@e000/lcdc@0: Fixed dependency cycle(s) with /ocp/interconnect@44c00000/segment@200000/target-module@b000/i2c@0/tda19988@70
[    0.363108] No ATAGs?
[    0.365476] hw-breakpoint: debug architecture 0x4 unsupported.
[    0.374417] kprobes: kprobe jump-optimization is enabled. All kprobes are optimized if possible.
[    0.401946] iommu: Default domain type: Translated
[    0.406907] iommu: DMA domain TLB invalidation policy: strict mode
[    0.415086] reg-fixed-voltage fixedregulator0: using DT '/fixedregulator0' for '(default)' GPIO lookup
[    0.424823] of_get_named_gpiod_flags: can't parse 'gpios' property of node '/fixedregulator0[0]'
[    0.433920] of_get_named_gpiod_flags: can't parse 'gpio' property of node '/fixedregulator0[0]'
[    0.442917] reg-fixed-voltage fixedregulator0: using lookup tables for GPIO lookup
[    0.450732] reg-fixed-voltage fixedregulator0: No GPIO consumer (default) found
[    0.478948] SCSI subsystem initialized
[    0.488822] libata version 3.00 loaded.
[    0.493150] pps_core: LinuxPPS API ver. 1 registered
[    0.498329] pps_core: Software ver. 5.3.6 - Copyright 2005-2007 Rodolfo Giometti <giometti@linux.it>
[    0.507757] PTP clock support registered
[    0.538263] vgaarb: loaded
[    0.548209] clocksource: Switched to clocksource dmtimer
[    0.554414] VFS: Disk quotas dquot_6.6.0
[    0.558627] VFS: Dquot-cache hash table entries: 1024 (order 0, 4096 bytes)
[    0.601453] NET: Registered PF_INET protocol family
[    0.606978] IP idents hash table entries: 8192 (order: 4, 65536 bytes, linear)
[    0.615883] tcp_listen_portaddr_hash hash table entries: 512 (order: 0, 4096 bytes, linear)
[    0.624587] Table-perturb hash table entries: 65536 (order: 6, 262144 bytes, linear)
[    0.632600] TCP established hash table entries: 4096 (order: 2, 16384 bytes, linear)
[    0.640609] TCP bind hash table entries: 4096 (order: 4, 65536 bytes, linear)
[    0.648071] TCP: Hash tables configured (established 4096 bind 4096)
[    0.654755] UDP hash table entries: 256 (order: 1, 14336 bytes, linear)
[    0.661633] UDP-Lite hash table entries: 256 (order: 1, 14336 bytes, linear)
[    0.669074] NET: Registered PF_UNIX/PF_LOCAL protocol family
[    0.753366] RPC: Registered named UNIX socket transport module.
[    0.759498] RPC: Registered udp transport module.
[    0.764409] RPC: Registered tcp transport module.
[    0.769253] RPC: Registered tcp-with-tls transport module.
[    0.774923] RPC: Registered tcp NFSv4.1 backchannel transport module.
[    0.781603] PCI: CLS 0 bytes, default 64
[    0.787181] Initialise system trusted keyrings
[    0.854082] workingset: timestamp_bits=14 max_order=17 bucket_order=3
[    0.862260] NFS: Registering the id_resolver key type
[    0.867559] Key type id_resolver registered
[    0.871942] Key type id_legacy registered
[    0.876127] jffs2: version 2.2. (NAND) (SUMMARY)  © 2001-2006 Red Hat, Inc.
[    0.911108] Key type asymmetric registered
[    0.915471] Asymmetric key parser 'x509' registered
[    0.920570] io scheduler mq-deadline registered
[    0.925277] io scheduler kyber registered
[    0.929482] io scheduler bfq registered
[    0.959752] ledtrig-cpu: registered to indicate activity on CPUs
[    0.969040] Serial: 8250/16550 driver, 6 ports, IRQ sharing enabled
[    1.056376] brd: module loaded
[    1.076886] loop: module loaded
[    1.081092] mtdoops: mtd device (mtddev=name/number) must be supplied
[    1.097985] mdio_bus fixed-0: using lookup tables for GPIO lookup
[    1.104390] mdio_bus fixed-0: No GPIO consumer reset found
[    1.111442] i2c_dev: i2c /dev entries driver
[    1.116928] cpuidle: enable-method property 'ti,am3352' found operations
[    1.124399] sdhci: Secure Digital Host Controller Interface driver
[    1.130773] sdhci: Copyright(c) Pierre Ossman
[    1.135509] sdhci-pltfm: SDHCI platform and OF driver helper
[    1.142466] Initializing XFRM netlink socket
[    1.147025] NET: Registered PF_INET6 protocol family
[    1.228472] Segment Routing with IPv6
[    1.232448] In-situ OAM (IOAM) with IPv6
[    1.236590] sit: IPv6, IPv4 and MPLS over IPv4 tunneling driver
[    1.243706] NET: Registered PF_PACKET protocol family
[    1.248946] NET: Registered PF_KEY protocol family
[    1.254088] Key type dns_resolver registered
[    1.258788] ThumbEE CPU extension supported.
[    1.263274] Registering SWP/SWPB emulation handler
[    1.268743] omap_voltage_late_init: Voltage driver support not added
[    1.275766] SmartReflex Class3 initialized
[    1.352522] Loading compiled-in X.509 certificates
[    1.396347] /ocp/interconnect@44c00000/segment@200000/target-module@b000/i2c@0/tda19988@70: Fixed dependency cycle(s) with /ocp/interconnect@48000000/segment@300000/target-module@e000/lcdc@0
[    1.420476] /ocp/interconnect@44c00000/segment@200000/target-module@b000/i2c@0/tda19988@70: Fixed dependency cycle(s) with /ocp/interconnect@48000000/segment@300000/target-module@e000/lcdc@0
[    1.443896] gpiochip_find_base_unlocked: found new base at 512
[    1.506352] /ocp/interconnect@44c00000/segment@200000/target-module@b000/i2c@0/tda19988@70: Fixed dependency cycle(s) with /ocp/interconnect@48000000/segment@300000/target-module@e000/lcdc@0
[    1.524988] /ocp/interconnect@44c00000/segment@200000/target-module@b000/i2c@0/tda19988@70: Fixed dependency cycle(s) with /ocp/interconnect@48000000/segment@300000/target-module@e000/lcdc@0
[    1.546112] /ocp/interconnect@44c00000/segment@200000/target-module@10000/scm@0/pinmux@800: Fixed dependency cycle(s) with /ocp/interconnect@44c00000/segment@200000/target-module@10000/scm@0/pinmux@800/clkout2-pins
[    1.566456] pinctrl-single 44e10800.pinmux: 142 pins, size 568
[    1.577846] ti-sysc 44e31000.target-module: probe with driver ti-sysc failed with error -16
[    1.681033] /ocp/interconnect@48000000/segment@300000/target-module@e000/lcdc@0: Fixed dependency cycle(s) with /ocp/interconnect@44c00000/segment@200000/target-module@b000/i2c@0/tda19988@70
[    1.706879] ti-sysc 48040000.target-module: probe with driver ti-sysc failed with error -16
[    1.727279] gpiochip_find_base_unlocked: found new base at 512
[    1.733545] gpio gpiochip0: (gpio-0-31): created GPIO range 0->7 ==> 44e10800.pinmux PIN 0->7
[    1.742382] gpio gpiochip0: (gpio-0-31): created GPIO range 8->11 ==> 44e10800.pinmux PIN 90->93
[    1.751435] gpio gpiochip0: (gpio-0-31): created GPIO range 12->27 ==> 44e10800.pinmux PIN 12->27
[    1.760604] gpio gpiochip0: (gpio-0-31): created GPIO range 28->31 ==> 44e10800.pinmux PIN 30->33
[    1.872216] gpio gpiochip0: (gpio-0-31): added GPIO chardev (254:0)
[    1.878839] gpio gpiochip0: registered GPIOs 512 to 543 on gpio-0-31
[    1.885553] OMAP GPIO hardware version 0.1
[    1.918661] i2c i2c-2: using DT '/ocp/interconnect@48000000/segment@100000/target-module@9c000/i2c@0' for 'scl' GPIO lookup
[    1.930460] of_get_named_gpiod_flags: can't parse 'scl-gpios' property of node '/ocp/interconnect@48000000/segment@100000/target-module@9c000/i2c@0[0]'
[    1.944528] of_get_named_gpiod_flags: can't parse 'scl-gpio' property of node '/ocp/interconnect@48000000/segment@100000/target-module@9c000/i2c@0[0]'
[    1.958493] i2c i2c-2: using lookup tables for GPIO lookup
[    1.964175] i2c i2c-2: No GPIO consumer scl found
[    1.969035] i2c i2c-2: using DT '/ocp/interconnect@48000000/segment@100000/target-module@9c000/i2c@0' for 'sda' GPIO lookup
[    1.980562] of_get_named_gpiod_flags: can't parse 'sda-gpios' property of node '/ocp/interconnect@48000000/segment@100000/target-module@9c000/i2c@0[0]'
[    1.994581] of_get_named_gpiod_flags: can't parse 'sda-gpio' property of node '/ocp/interconnect@48000000/segment@100000/target-module@9c000/i2c@0[0]'
[    2.008501] i2c i2c-2: using lookup tables for GPIO lookup
[    2.014170] i2c i2c-2: No GPIO consumer sda found
[    2.019761] omap_i2c 4819c000.i2c: bus 2 rev0.11 at 100 kHz
[    2.031089] gpiochip_find_base_unlocked: found new base at 544
[    2.037408] gpio gpiochip1: (gpio-32-63): created GPIO range 0->17 ==> 44e10800.pinmux PIN 34->51
[    2.046610] gpio gpiochip1: (gpio-32-63): created GPIO range 18->21 ==> 44e10800.pinmux PIN 77->80
[    2.055887] gpio gpiochip1: (gpio-32-63): created GPIO rang e 22->31 ==> 44e10800.pinmux PIN 56->65
[    2.066034] gpio g piochip1: (gpio-32-63): added GPIO chardev (254:1)
[    2.072850] gpio gpiochip1: registered GPIOs 544 to 575 on gpio-32-63
[    2.081896] gpiochip_find_base_unlocked: found new base at 576
[98] Enabling unprepared l4-wkup-clkctrl:0008:18
[    2.657673] Modules linked in:
[    2.660828] CPU: 0 UID: 0 PID: 34 Comm: kworker/u4:3 Not tainted 6.13.0-rc2-next-20241213 #156
[    2.669697] Hardware name: Generic AM33XX (Flattened Device Tree)
[    2.675973] Workqueue: events_unbound deferred_probe_work_func
[    2.681992] Call trace: 
[    2.682009]  unwind_backtrace from show_stack+0x10/0x14
[    2.690017]  show_stack from dump_stack_lvl+0x50/0x64
[    2.695227]  dump_stack_lvl from __warn+0xc0/0x130
[    2.700173]  __warn from warn_slowpath_fmt+0x80/0x1a0
[    2.705384]  warn_slowpath_fmt from clk_core_enable+0xb4/0x1b0
[    2.711400]  clk_core_enable from clk_core_enable_lock+0x18/0x2c
[    2.717593]  clk_core_enable_lock from sysc_enable_opt_clocks.part.9+0x28/0x84
[    2.725039]  sysc_enable_opt_clocks.part.9 from sysc_enable_module+0x254/0x2dc
[    2.732477]  sysc_enable_module from sysc_runtime_resume+0x17c/0x1c0
[    2.739022]  sysc_runtime_resume from __rpm_callback+0x4c/0x130
[    2.745125]  __rpm_callback from rpm_callback+0x50/0x54
[    2.750508]  rpm_callback from rpm_resume+0x614/0x660
[    2.755713]  rpm_resume from __pm_runtime_resume+0x4c/0x64
[    2.761365]  __pm_runtime_resume from __device_attach+0xd0/0x1b4
[    2.767557]  __device_attach from bus_probe_device+0x88/0x8c
[    2.773387]  bus_probe_device from deferred_probe_work_func+0x3c/0xdc
[    2.780021]  deferred_probe_work_func from process_scheduled_works+0xec/0x430
[    2.787374]  process_scheduled_works from worker_thread+0x130/0x2f8
[    2.793829]  worker_thread from kthread+0x188/0x24c
[    2.798867]  kthread from ret_from_fork+0x14/0x20
[    2.803719] Exception stack(0xe0091fb0 to 0xe0091ff8)
[    2.808919] 1fa0:                                     00000000 00000000 00000000 00000000
[    2.817339] 1fc0: 00000000 00000000 00000000 00000000 00000000 00000000 00000000 00000000
[    2.825755] 1fe0: 00000000 00000000 00000000 00000000 00000013 00000000
[    2.832562] ---[ end trace 0000000000000000 ]---
[    2.837462] ti-sysc 44e07000.target-module: Optional clocks failed for enable: -108
[    2.845389] ------------[ cut here ]------------
[    2.850141] WARNING: CPU: 0 PID: 34 at drivers/clk/clk.c:1194 clk_core_disable+0xdc/0x190
[    2.858569] l4-wkup-clkctrl:0008:0 already disabled
[    2.863585] Modules linked in:
[    2.866735] CPU: 0 UID: 0 PID: 34 Comm: kworker/u4:3 Tainted: G        W          6.13.0-rc2-next-20241213 #156
[    2.877125] Tainted: [W]=WARN
[    2.880174] Hardware name: Generic AM33XX (Flattened Device Tree)
[    2.886445] Workqueue: events_unbound deferred_probe_work_func
[    2.892457] Call trace: 
[    2.892467]  unwind_backtrace from show_stack+0x10/0x14
[    2.900457]  show_stack from dump_stack_lvl+0x50/0x64
[    2.905665]  dump_stack_lvl from __warn+0xc0/0x130
[    2.910605]  __warn from warn_slowpath_fmt+0x80/0x1a0
[    2.915813]  warn_slowpath_fmt from clk_core_disable+0xdc/0x190
[    2.921918]  clk_core_disable from clk_core_disable_lock+0x18/0x24
[    2.928290]  clk_core_disable_lock from sysc_disable_main_clocks+0x30/0x68
[    2.935390]  sysc_disable_main_clocks from sysc_runtime_resume+0x194/0x1c0
[    2.942476]  sysc_runtime_resume from __rpm_callback+0x4c/0x130
[    2.948575]  __rpm_callback from rpm_callback+0x50/0x54
[    2.953959]  rpm_callback from rpm_resume+0x614/0x660
[    2.959163]  rpm_resume from __pm_runtime_resume+0x4c/0x64
[    2.964815]  __pm_runtime_resume from __device_attach+0xd0/0x1b4
[    2.971005]  __device_attach from bus_probe_device+0x88/0x8c
[    2.976836]  bus_probe_device from deferred_probe_work_func+0x3c/0xdc
[    2.983470]  deferred_probe_work_func from process_scheduled_works+0xec/0x430
[    2.990820]  process_scheduled_works from worker_thread+0x130/0x2f8
[    2.997274]  worker_thread from kthread+0x188/0x24c
[    3.002306]  kthread from ret_from_fork+0x14/0x20
[    3.007156] Exception stack(0xe0091fb0 to 0xe0091ff8)
[    3.012355] 1fa0:                                     00000000 00000000 00000000 00000000
[    3.020773] 1fc0: 00000000 00000000 00000000 00000000 00000000 00000000 00000000 00000000
[    3.029191] 1fe0:  00000000 00000000 00000000 00000000 00000013 00000000
[    3 .035997] ---[ end trace 0000000000000000 ]---
[    3.041115]  8<--- cut here ---
[    3.044274] Unhandled fault: external a bort on non-linefetch (0x1028) at 0xf9e07034
[    3.052158] [ f9e07034
Labgrid Console Logfile for main
Logfile started at 2024-12-13 09:17:47.759210
=== Log starts here ===
reading args
spl_load_image_fat_os: error reading image args, err - -1
reading u-boot.img
reading u-boot.img


U-Boot 2014.04-00014-g47880f5 (Apr 22 2014 - 13:23:54)

I2C:   ready
DRAM:  512 MiB
NAND:  0 MiB
MMC:   OMAP SD/MMC: 0, OMAP SD/MMC: 1
*** Warning - readenv() failed, using default environment

Net:   <ethaddr> not set. Validating first E-fuse MAC
cpsw, usb_ether
Hit any key to stop autoboot:  1  0 
gpio: pin 53 (gpio 53) value is 1
mmc0 is current device
gpio: pin 54 (gpio 54) value is 1
SD/MMC found on device 0
reading uEnv.txt
584 bytes read in 3 ms (189.5 KiB/s)
gpio: pin 55 (gpio 55) value is 1
Loaded environment from uEnv.txt
Importing environment from mmc ...
Checking if uenvcmd is set ...
gpio: pin 56 (gpio 56) value is 1
Running uenvcmd ...
cpsw Waiting for PHY auto negotiation to complete. done
link up on port 0, speed 100, full duplex
Using cpsw device
TFTP from server 192.168.255.126; our IP address is 192.168.255.1
Filename 'zImage'.
Load address: 0x81000000
Loading: *#################################################################
	 #################################################################
	 #################################################################
	 #################################################################
	 #################################################################
	 #####################################################
	 2.4 MiB/s
done
Bytes transferred = 5542168 (549118 hex)
link up on port 0, speed 100, full duplex
Using cpsw device
TFTP from server 192.168.255.126; our IP address is 192.168.255.1
Filename 'am335x-boneblack.dtb'.
Load address: 0x82000000
Loading: *#######
	 2.2 MiB/s
done
Bytes transferred = 98244 (17fc4 hex)
Kernel image @ 0x81000000 [ 0x000000 - 0x549118 ]
## Flattened Device Tree blob at 82000000
   Booting using the fdt blob at 0x82000000
   Using Device Tree in place at 82000000, end 8201afc3

Starting kernel ...

[    0.000000] Booting Linux on physical CPU 0x0
[    0.000000] Linux version 6.13.0-rc2-next-20241213 (user01@drvtest01) (arm-linux-gnueabihf-gcc (Linaro GCC 6.4-2017.11) 6.4.1 20171012, GNU ld (Linaro_Binutils-2017.11) 2.27.0.20161229) #156 SMP Fri Dec 13 07:18:58 EET 2024
[    0.000000] CPU: ARMv7 Processor [413fc082] revision 2 (ARMv7), cr=10c5387d
[    0.000000] CPU: PIPT / VIPT nonaliasing data cache, VIPT aliasing instruction cache
[    0.000000] OF: fdt: Machine model: TI AM335x BeagleBone Black
[    0.000000] earlycon: omap8250 at MMIO 0x44e09000 (options '')
[    0.000000] printk: legacy bootconsole [omap8250] enabled
[    0.000000] Memory policy: Data cache writeback
[    0.000000] cma: Reserved 16 MiB at 0x9e800000 on node -1
[    0.000000] Zone ranges:
[    0.000000]   Normal   [mem 0x0000000080000000-0x000000009fdfffff]
[    0.000000]   HighMem  empty
[    0.000000] Movable zone start for each node
[    0.000000] Early memory node ranges
[    0.000000]   node   0: [mem 0x0000000080000000-0x000000009fdfffff]
[    0.000000] Initmem setup node 0 [mem 0x0000000080000000-0x000000009fdfffff]
[    0.000000] OF: reserved mem: Reserved memory: No reserved-memory node in the DT
[    0.000000] CPU: All CPU(s) started in SVC mode.
[    0.000000] AM335X ES2.1 (sgx neon)
[    0.000000] percpu: Embedded 17 pages/cpu s39628 r8192 d21812 u69632
[    0.000000] pcpu-alloc: s39628 r8192 d21812 u69632 alloc=17*4096
[    0.000000] pcpu-alloc: [0] 0 
[    0.000000] Kernel command line: console=ttyO0,115200n8 debug earlycon root=/dev/nfs rw nfsroot=192.168.255.126:/home/user01/nfs,nfsvers=3 ip=192.168.255.1:192.168.255.126::255.255.255.0:bbb1:eth0 nfsrootdebug
[    0.000000] Unknown kernel command line parameters "nfsrootdebug", will be passed to user space.
[    0.000000] printk: log buffer data + meta data: 65536 + 204800 = 270336 bytes
[    0.000000] Dentry cache hash table entries: 65536 (order: 6, 262144 bytes, linear)
[    0.000000] Inode-cache hash table entries: 32768 (order: 5, 131072 bytes, linear)
[    0.000000] Built 1 zonelists, mobility grouping on.  Total pages: 130560
[    0.000000] mem auto-init: stack:off, heap alloc:off, heap free:off
[    0.000000] SLUB: HWalign=64, Order=0-3, MinObjects=0, CPUs=1, Nodes=1
[    0.000000] trace event string verifier disabled
[    0.000000] rcu: Hierarchical RCU implementation.
[    0.000000] rcu: 	RCU event tracing is enabled.
[    0.000000] rcu: 	RCU restricting CPUs from NR_CPUS=2 to nr_cpu_ids=1.
[    0.000000] 	Tracing variant of Tasks RCU enabled.
[    0.000000] rcu: RCU calculated value of scheduler-enlistment delay is 10 jiffies.
[    0.000000] rcu: Adjusting geometry for rcu_fanout_leaf=16, nr_cpu_ids=1
[    0.000000] RCU Tasks Trace: Setting shift to 0 and lim to 1 rcu_task_cb_adjust=1 rcu_task_cpu_ids=1.
[    0.000000] NR_IRQS: 16, nr_irqs: 16, preallocated irqs: 16
[    0.000000] IRQ: Found an INTC at 0x(ptrval) (revision 5.0) with 128 interrupts
[    0.000000] rcu: srcu_init: Setting srcu_struct sizes based on contention.
[    0.000000] TI gptimer clocksource: always-on /ocp/interconnect@44c00000/segment@200000/target-module@31000
[    0.000003] sched_clock: 32 bits at 24MHz, resolution 41ns, wraps every 89478484971ns
[    0.008076] clocksource: dmtimer: mask: 0xffffffff max_cycles: 0xffffffff, max_idle_ns: 79635851949 ns
[    0.018131] TI gptimer clockevent: 24000000 Hz at /ocp/interconnect@48000000/segment@0/target-module@40000
[    0.029724] Console: colour dummy device 80x30
[    0.034371] WARNING: Your 'console=ttyO0' has been replaced by 'ttyS0'
[    0.041180] This ensures that you still see kernel messages. Please
[    0.047630] update your kernel commandline.
[    0.051988] Calibrating delay loop... 996.14 BogoMIPS (lpj=4980736)
[    0.094618] CPU: Testing write buffer coherency: ok
[    0.099750] CPU0: Spectre v2: using BPIALL workaround
[    0.104953] pid_max: default: 32768 minimum: 301
[    0.109823] LSM: initializing lsm=capability
[    0.114403] Mount-cache hash table entries: 1024 (order: 0, 4096 bytes, linear)
[    0.121973] Mountpoint-cache hash table entries: 1024 (order: 0, 4096 bytes, linear)
[    0.131648] CPU0: thread -1, cpu 0, socket -1, mpidr 0
[    0.139317] Setting up static identity map for 0x80100000 - 0x80100078
[    0.146375] rcu: Hierarchical SRCU implementation.
[    0.151375] rcu: 	Max phase no-delay instances is 1000.
[    0.158692] smp: Bringing up secondary CPUs ...
[    0.163428] smp: Brought up 1 node, 1 CPU
[    0.167560] SMP: Total of 1 processors activated (996.14 BogoMIPS).
[    0.174112] CPU: All CPU(s) started in SVC mode.
[    0.179059] Memory: 480840K/522240K available (11264K kernel code, 1215K rwdata, 2904K rodata, 1024K init, 295K bss, 23388K reserved, 16384K cma-reserved, 0K highmem)
[    0.195360] devtmpfs: initialized
[    0.215558] VFP support v0.3: implementor 41 architecture 3 part 30 variant c rev 3
[    0.223945] clocksource: jiffies: mask: 0xffffffff max_cycles: 0xffffffff, max_idle_ns: 19112604462750000 ns
[    0.234152] futex hash table entries: 256 (order: 2, 16384 bytes, linear)
[    0.242443] pinctrl core: initialized pinctrl subsystem
[    0.250819] NET: Registered PF_NETLINK/PF_ROUTE protocol family
[    0.259864] DMA: preallocated 256 KiB pool for atomic coherent allocations
[    0.267867] audit: initializing netlink subsys (disabled)
[    0.274960] thermal_sys: Registered thermal governor 'fair_share'
[    0.274991] thermal_sys: Registered thermal governor 'step_wise'
[    0.281368] thermal_sys: Registered thermal governor 'user_space'
[    0.287674] audit: type=2000 audit(0.240:1): state=initialized audit_enabled=0 res=1
[    0.302059] cpuidle: using governor menu
[    0.324485] /ocp/interconnect@44c00000/segment@200000/target-module@b000/i2c@0/tda19988@70: Fixed dependency cycle(s) with /ocp/interconnect@48000000/segment@300000/target-module@e000/lcdc@0
[    0.343254] /ocp/interconnect@48000000/segment@300000/target-module@e000/lcdc@0: Fixed dependency cycle(s) with /ocp/interconnect@44c00000/segment@200000/target-module@b000/i2c@0/tda19988@70
[    0.363081] No ATAGs?
[    0.365449] hw-breakpoint: debug architecture 0x4 unsupported.
[    0.374413] kprobes: kprobe jump-optimization is enabled. All kprobes are optimized if possible.
[    0.401933] iommu: Default domain type: Translated
[    0.406895] iommu: DMA domain TLB invalidation policy: strict mode
[    0.415087] reg-fixed-voltage fixedregulator0: using DT '/fixedregulator0' for '(default)' GPIO lookup
[    0.424818] of_get_named_gpiod_flags: can't parse 'gpios' property of node '/fixedregulator0[0]'
[    0.433916] of_get_named_gpiod_flags: can't parse 'gpio' property of node '/fixedregulator0[0]'
[    0.442918] reg-fixed-voltage fixedregulator0: using lookup tables for GPIO lookup
[    0.450733] reg-fixed-voltage fixedregulator0: No GPIO consumer (default) found
[    0.478961] SCSI subsystem initialized
[    0.488833] libata version 3.00 loaded.
[    0.493175] pps_core: LinuxPPS API ver. 1 registered
[    0.498348] pps_core: Software ver. 5.3.6 - Copyright 2005-2007 Rodolfo Giometti <giometti@linux.it>
[    0.507776] PTP clock support registered
[    0.538264] vgaarb: loaded
[    0.548201] clocksource: Switched to clocksource dmtimer
[    0.554399] VFS: Disk quotas dquot_6.6.0
[    0.558613] VFS: Dquot-cache hash table entries: 1024 (order 0, 4096 bytes)
[    0.601645] NET: Registered PF_INET protocol family
[    0.607032] IP idents hash table entries: 8192 (order: 4, 65536 bytes, linear)
[    0.615936] tcp_listen_portaddr_hash hash table entries: 512 (order: 0, 4096 bytes, linear)
[    0.624641] Table-perturb hash table entries: 65536 (order: 6, 262144 bytes, linear)
[    0.632653] TCP established hash table entries: 4096 (order: 2, 16384 bytes, linear)
[    0.640662] TCP bind hash table entries: 4096 (order: 4, 65536 bytes, linear)
[    0.648123] TCP: Hash tables configured (established 4096 bind 4096)
[    0.654806] UDP hash table entries: 256 (order: 1, 14336 bytes, linear)
[    0.661684] UDP-Lite hash table entries: 256 (order: 1, 14336 bytes, linear)
[    0.669130] NET: Registered PF_UNIX/PF_LOCAL protocol family
[    0.753387] RPC: Registered named UNIX socket transport module.
[    0.759520] RPC: Registered udp transport module.
[    0.764434] RPC: Registered tcp transport module.
[    0.769278] RPC: Registered tcp-with-tls transport module.
[    0.774945] RPC: Registered tcp NFSv4.1 backchannel transport module.
[    0.781627] PCI: CLS 0 bytes, default 64
[    0.787210] Initialise system trusted keyrings
[    0.854080] workingset: timestamp_bits=14 max_order=17 bucket_order=3
[    0.862255] NFS: Registering the id_resolver key type
[    0.867544] Key type id_resolver registered
[    0.871929] Key type id_legacy registered
[    0.876113] jffs2: version 2.2. (NAND) (SUMMARY)  © 2001-2006 Red Hat, Inc.
[    0.911118] Key type asymmetric registered
[    0.915478] Asymmetric key parser 'x509' registered
[    0.920578] io scheduler mq-deadline registered
[    0.925289] io scheduler kyber registered
[    0.929489] io scheduler bfq registered
[    0.959745] ledtrig-cpu: registered to indicate activity on CPUs
[    0.969018] Serial: 8250/16550 driver, 6 ports, IRQ sharing enabled
[    1.056288] brd: module loaded
[    1.076806] loop: module loaded
[    1.081005] mtdoops: mtd device (mtddev=name/number) must be supplied
[    1.097904] mdio_bus fixed-0: using lookup tables for GPIO lookup
[    1.104299] mdio_bus fixed-0: No GPIO consumer reset found
[    1.111348] i2c_dev: i2c /dev entries driver
[    1.116846] cpuidle: enable-method property 'ti,am3352' found operations
[    1.124323] sdhci: Secure Digital Host Controller Interface driver
[    1.130697] sdhci: Copyright(c) Pierre Ossman
[    1.135430] sdhci-pltfm: SDHCI platform and OF driver helper
[    1.142389] Initializing XFRM netlink socket
[    1.146945] NET: Registered PF_INET6 protocol family
[    1.228377] Segment Routing with IPv6
[    1.232359] In-situ OAM (IOAM) with IPv6
[    1.236501] sit: IPv6, IPv4 and MPLS over IPv4 tunneling driver
[    1.243628] NET: Registered PF_PACKET protocol family
[    1.248868] NET: Registered PF_KEY protocol family
[    1.254055] Key type dns_resolver registered
[    1.258756] ThumbEE CPU extension supported.
[    1.263240] Registering SWP/SWPB emulation handler
[    1.268709] omap_voltage_late_init: Voltage driver support not added
[    1.275729] SmartReflex Class3 initialized
[    1.352472] Loading compiled-in X.509 certificates
[    1.396298] /ocp/interconnect@44c00000/segment@200000/target-module@b000/i2c@0/tda19988@70: Fixed dependency cycle(s) with /ocp/interconnect@48000000/segment@300000/target-module@e000/lcdc@0
[    1.420435] /ocp/interconnect@44c00000/segment@200000/target-module@b000/i2c@0/tda19988@70: Fixed dependency cycle(s) with /ocp/interconnect@48000000/segment@300000/target-module@e000/lcdc@0
[    1.443839] gpiochip_find_base_unlocked: found new base at 512
[    1.506245] /ocp/interconnect@44c00000/segment@200000/target-module@b000/i2c@0/tda19988@70: Fixed dependency cycle(s) with /ocp/interconnect@48000000/segment@300000/target-module@e000/lcdc@0
[    1.524889] /ocp/interconnect@44c00000/segment@200000/target-module@b000/i2c@0/tda19988@70: Fixed dependency cycle(s) with /ocp/interconnect@48000000/segment@300000/target-module@e000/lcdc@0
[    1.546019] /ocp/interconnect@44c00000/segment@200000/target-module@10000/scm@0/pinmux@800: Fixed dependency cycle(s) with /ocp/interconnect@44c00000/segment@200000/target-module@10000/scm@0/pinmux@800/clkout2-pins
[    1.566363] pinctrl-single 44e10800.pinmux: 142 pins, size 568
[    1.577736] ti-sysc 44e31000.target-module: probe with driver ti-sysc failed with error -16
[    1.681026] /ocp/interconnect@48000000/segment@300000/target-module@e000/lcdc@0: Fixed dependency cycle(s) with /ocp/interconnect@44c00000/segment@200000/target-module@b000/i2c@0/tda19988@70
[    1.706873] ti-sysc 48040000.target-module: probe with driver ti-sysc failed with error -16
[    1.727288] gpiochip_find_base_unlocked: found new base at 512
[    1.733559] gpio gpiochip0: (gpio-0-31): created GPIO range 0->7 ==> 44e10800.pinmux PIN 0->7
[    1.742398] gpio gpiochip0: (gpio-0-31): created GPIO range 8->11 ==> 44e10800.pinmux PIN 90->93
[    1.751451] gpio gpiochip0: (gpio-0-31): created GPIO range 12->27 ==> 44e10800.pinmux PIN 12->27
[    1.760617] gpio gpiochip0: (gpio-0-31): created GPIO range 28->31 ==> 44e10800.pinmux PIN 30->33
[    1.872186] gpio gpiochip0: (gpio-0-31): added GPIO chardev (254:0)
[    1.878810] gpio gpiochip0: registered GPIOs 512 to 543 on gpio-0-31
[    1.885524] OMAP GPIO hardware version 0.1
[    1.918664] i2c i2c-2: using DT '/ocp/interconnect@48000000/segment@100000/target-module@9c000/i2c@0' for 'scl' GPIO lookup
[    1.930460] of_get_named_gpiod_flags: can't parse 'scl-gpios' property of node '/ocp/interconnect@48000000/segment@100000/target-module@9c000/i2c@0[0]'
[    1.944528] of_get_named_gpiod_flags: can't parse 'scl-gpio' property of node '/ocp/interconnect@48000000/segment@100000/target-module@9c000/i2c@0[0]'
[    1.958494] i2c i2c-2: using lookup tables for GPIO lookup
[    1.964174] i2c i2c-2: No GPIO consumer scl found
[    1.969033] i2c i2c-2: using DT '/ocp/interconnect@48000000/segment@100000/target-module@9c000/i2c@0' for 'sda' GPIO lookup
[    1.980556] of_get_named_gpiod_flags: can't parse 'sda-gpios' property of node '/ocp/interconnect@48000000/segment@100000/target-module@9c000/i2c@0[0]'
[    1.994577] of_get_named_gpiod_flags: can't parse 'sda-gpio' property of node '/ocp/interconnect@48000000/segment@100000/target-module@9c000/i2c@0[0]'
[    2.008497] i2c i2c-2: using lookup tables for GPIO lookup
[    2.014167] i2c i2c-2: No GPIO consumer sda found
[    2.019760] omap_i2c 4819c000.i2c: bus 2 rev0.11 at 100 kHz
[    2.031074] gpiochip_find_base_unlocked: found new base at 544
[    2.037386] gpio gpiochip1: (gpio-32-63): created GPIO range 0->17 ==> 44e10800.pinmux PIN 34->51
[    2.046586] gpio gpiochip1: (gpio-32-63): created GPIO range 18->21 ==> 44e10800.pinmux PIN 77->80
[    2.055867] gpio gpiochip1: (gpio-32-63): created GPIO range 22->31 ==> 44e10800.pinmux PIN 56->65
[    2.066020] gpio gpiochip1: (gpio-32-63): added GPIO chardev (254:1)
[    2.072837] gpio gpiochip1: registered GPIOs 544 to 575 on gpio-32-63
[    2.081901] gpiochip_find_base_unlocked: found new base at 576
[    2.088017] gpio gpiochip2: (gpio-64-95): created GPIO range 0->4 ==> 44e10800.pinmux PIN 66->70
[    2.097160] gpio gpiochip2: (gpio-64-95): created GPIO range 5->6 ==> 44e10800.pinmux PIN 98->99
[    2.106245] gpio gpiochip2: (gpio-64-95) : created GPIO range 7->8 ==> 44e10800.pinmux PIN 75->76
[     2.115322] gpio gpiochip2: (gpio-64-95): created GPIO range 13->13 ==> 44e10800.pinmux PIN 141->141
[    2.124757] gpio gpiochip2: (gpio-64-95): created GPIO range 14->21 ==> 44e10800.pinmux PI  2.773433]  bus_probe_device from deferred_probe_work_func+0x3c/0xdc
[    2.780067]  deferred_probe_work_func from process_scheduled_works+0xec/0x430
[    2.787420]  process_scheduled_works from worker_thread+0x130/0x2f8
[    2.793874]  worker_thread from kthread+0x188/0x24c
[    2.798914]  kthread from ret_from_fork+0x14/0x20
[    2.803764] Exception stack(0xe0091fb0 to 0xe0091ff8)
[    2.808964] 1fa0:                                     00000000 00000000 00000000 00000000
[    2.817383] 1fc0: 00000000 00000000 00000000 00000000 00000000 00000000 00000000 00000000
[    2.825800] 1fe0: 00000000 00000000 00000000 00000000 00000013 00000000
[    2.832606] ---[ end trace 0000000000000000 ]---
[    2.837505] ti-sysc 44e07000.target-module: Optional clocks failed for enable: -108
[    2.845430] ------------[ cut here ]------------
[    2.850182] WARNING: CPU: 0 PID: 34 at drivers/clk/clk.c:1194 clk_core_disable+0xdc/0x190
[    2.858612] l4-wkup-clkctrl:0008:0 already disabled
[    2.863629] Modules linked in:
[    2.866780] CPU: 0 UID: 0 PID: 34 Comm: kworker/u4:3 Tainted: G        W          6.13.0-rc2-next-20241213 #156
[    2.877169] Tainted: [W]=WARN
[    2.880218] Hardware name: Generic AM33XX (Flattened Device Tree)
[    2.886489] Workqueue: events_unbound deferred_probe_work_func
[    2.892501] Call trace: 
[    2.892512]  unwind_backtrace from show_stack+0x10/0x14
[    2.900502]  show_stack from dump_stack_lvl+0x50/0x64
[    2.905709]  dump_stack_lvl from __warn+0xc0/0x130
[    2.910650]  __warn from warn_slowpath_fmt+0x80/0x1a0
[    2.915859]  warn_slowpath_fmt from clk_core_disable+0xdc/0x190
[    2.921962]  clk_core_disable from clk_core_disable_lock+0x18/0x24
[    2.928333]  clk_core_disable_lock from sysc_disable_main_clocks+0x30/0x68
[    2.935432]  sysc_disable_main_clocks from sysc_runtime_resume+0x194/0x1c0
[    2.942517]  sysc_runtime_resume from __rpm_callback+0x4c/0x130
[    2.948616]  __rpm_callback from rpm_callback+0x50/0x54
[    2.953999]  rpm_callback from rpm_resume+0x614/0x660
[    2.959205]  rpm_resume from __pm_runtime_resume+0x4c/0x64
[    2.964855]  __pm_runtime_resume from __device_attach+0xd0/0x1b4
[    2.971044]  __device_attach from bus_probe_device+0x88/0x8c
[    2.976874]  bus_probe_device from deferred_probe_work_func+0x3c/0xdc
[    2.983509]  deferred_probe_work_func from process_scheduled_works+0xec/0x430
[    2.990859]  process_scheduled_works from worker_thread+0x130/0x2f8
[    2.997313]  worker_thread from kthread+0x188/0x24c
[    3.002344]  kthread from ret_from_fork+0x14/0x20
[    3.007194] Exception stack(0xe0091fb0 to 0xe0091ff8)
[    3.012394] 1fa0:                                     00000000 00000000 00000000 00000000
[    3.020812] 1fc0: 00000000 00000000 00000000 00000000 00000000 00000000 00000000 00000000
[    3.029229] 1fe0: 00000000 00000000 00000000 00000000 00000013 00000000
[    3.036034] ---[ end trace 0000000000000000 ]---
[    3.041157] 8<--- cut here ---
[    3.044313] Unhandled fault: external abort on non-linefetch (0x1028) at 0xf9e07034
[    3.052196] [f9e07034] *pgd=44e11452(bad)
[    3.056343] Internal error: : 1028 [#1] SMP ARM
[    3.061009] Modules linked in:
[    3.064157] CPU: 0 UID: 0 PID: 34 Comm: kworker/u4:3 Tainted: G        W          6.13.0-rc2-next-20241213 #156
[    3.074546] Tainted: [W]=WARN
[    3.077596] Hardware name: Generic AM33XX (Flattened Device Tree)
[    3.083867] Workqueue: events_unbound deferred_probe_work_func
[    3.089885] PC is at omap_gpio_probe+0x14c/0x5c0
[    3.094642] LR is at 0x20
[    3.097338] pc : [<c06b92bc>]    lr : [<00000020>]    psr: 20000013
[    3.103786] sp : e0091db8  ip : 000 00000  fp : c1219e40
[    3.109160] r10: c12292d8  r9 : df942 9f4  r8 : c1d14400
[    3.114535] r7 : c1d14410  r6 : 0000000 0  r5 : 00000000  r4 : c3014a40
[    3.121251] r3 : ffffffff   r2 : c0c4a31c  r1 : f9e07000  r0 : f9e07034
[    3.127969] F lags: nz
Labgrid Console Logfile for main
Logfile started at 2024-12-13 09:19:09.073330
=== Log starts here ===
reading args
spl_load_image_fat_os: error reading image args, err - -1
reading u-boot.img
reading u-boot.img


U-Boot 2014.04-00014-g47880f5 (Apr 22 2014 - 13:23:54)

I2C:   ready
DRAM:  512 MiB
NAND:  0 MiB
MMC:   OMAP SD/MMC: 0, OMAP SD/MMC: 1
*** Warning - readenv() failed, using default environment

Net:   <ethaddr> not set. Validating first E-fuse MAC
cpsw, usb_ether
Hit any key to stop autoboot:  1  0 
gpio: pin 53 (gpio 53) value is 1
mmc0 is current device
gpio: pin 54 (gpio 54) value is 1
SD/MMC found on device 0
reading uEnv.txt
584 bytes read in 4 ms (142.6 KiB/s)
gpio: pin 55 (gpio 55) value is 1
Loaded environment from uEnv.txt
Importing environment from mmc ...
Checking if uenvcmd is set ...
gpio: pin 56 (gpio 56) value is 1
Running uenvcmd ...
cpsw Waiting for PHY auto negotiation to complete. done
link up on port 0, speed 100, full duplex
Using cpsw device
TFTP from server 192.168.255.126; our IP address is 192.168.255.1
Filename 'zImage'.
Load address: 0x81000000
Loading: *#################################################################
	 #################################################################
	 #################################################################
	 #################################################################
	 #################################################################
	 #####################################################
	 2.4 MiB/s
done
Bytes transferred = 5542168 (549118 hex)
link up on port 0, speed 100, full duplex
Using cpsw device
TFTP from server 192.168.255.126; our IP address is 192.168.255.1
Filename 'am335x-boneblack.dtb'.
Load address: 0x82000000
Loading: *#######
	 2.2 MiB/s
done
Bytes transferred = 98244 (17fc4 hex)
Kernel image @ 0x81000000 [ 0x000000 - 0x549118 ]
## Flattened Device Tree blob at 82000000
   Booting using the fdt blob at 0x82000000
   Using Device Tree in place at 82000000, end 8201afc3

Starting kernel ...

[    0.000000] Booting Linux on physical CPU 0x0
[    0.000000] Linux version 6.13.0-rc2-next-20241213 (user01@drvtest01) (arm-linux-gnueabihf-gcc (Linaro GCC 6.4-2017.11) 6.4.1 20171012, GNU ld (Linaro_Binutils-2017.11) 2.27.0.20161229) #156 SMP Fri Dec 13 07:18:58 EET 2024
[    0.000000] CPU: ARMv7 Processor [413fc082] revision 2 (ARMv7), cr=10c5387d
[    0.000000] CPU: PIPT / VIPT nonaliasing data cache, VIPT aliasing instruction cache
[    0.000000] OF: fdt: Machine model: TI AM335x BeagleBone Black
[    0.000000] earlycon: omap8250 at MMIO 0x44e09000 (options '')
[    0.000000] printk: legacy bootconsole [omap8250] enabled
[    0.000000] Memory policy: Data cache writeback
[    0.000000] cma: Reserved 16 MiB at 0x9e800000 on node -1
[    0.000000] Zone ranges:
[    0.000000]   Normal   [mem 0x0000000080000000-0x000000009fdfffff]
[    0.000000]   HighMem  empty
[    0.000000] Movable zone start for each node
[    0.000000] Early memory node ranges
[    0.000000]   node   0: [mem 0x0000000080000000-0x000000009fdfffff]
[    0.000000] Initmem setup node 0 [mem 0x0000000080000000-0x000000009fdfffff]
[    0.000000] OF: reserved mem: Reserved memory: No reserved-memory node in the DT
[    0.000000] CPU: All CPU(s) started in SVC mode.
[    0.000000] AM335X ES2.1 (sgx neon)
[    0.000000] percpu: Embedded 17 pages/cpu s39628 r8192 d21812 u69632
[    0.000000] pcpu-alloc: s39628 r8192 d21812 u69632 alloc=17*4096
[    0.000000] pcpu-alloc: [0] 0 
[    0.000000] Kernel command line: console=ttyO0,115200n8 debug earlycon root=/dev/nfs rw nfsroot=192.168.255.126:/home/user01/nfs,nfsvers=3 ip=192.168.255.1:192.168.255.126::255.255.255.0:bbb1:eth0 nfsrootdebug
[    0.000000] Unknown kernel command line parameters "nfsrootdebug", will be passed to user space.
[    0.000000] printk: log buffer data + meta data: 65536 + 204800 = 270336 bytes
[    0.000000] Dentry cache hash table entries: 65536 (order: 6, 262144 bytes, linear)
[    0.000000] Inode-cache hash table entries: 32768 (order: 5, 131072 bytes, linear)
[    0.000000] Built 1 zonelists, mobility grouping on.  Total pages: 130560
[    0.000000] mem auto-init: stack:off, heap alloc:off, heap free:off
[    0.000000] SLUB: HWalign=64, Order=0-3, MinObjects=0, CPUs=1, Nodes=1
[    0.000000] trace event string verifier disabled
[    0.000000] rcu: Hierarchical RCU implementation.
[    0.000000] rcu: 	RCU event tracing is enabled.
[    0.000000] rcu: 	RCU restricting CPUs from NR_CPUS=2 to nr_cpu_ids=1.
[    0.000000] 	Tracing variant of Tasks RCU enabled.
[    0.000000] rcu: RCU calculated value of scheduler-enlistment delay is 10 jiffies.
[    0.000000] rcu: Adjusting geometry for rcu_fanout_leaf=16, nr_cpu_ids=1
[    0.000000] RCU Tasks Trace: Setting shift to 0 and lim to 1 rcu_task_cb_adjust=1 rcu_task_cpu_ids=1.
[    0.000000] NR_IRQS: 16, nr_irqs: 16, preallocated irqs: 16
[    0.000000] IRQ: Found an INTC at 0x(ptrval) (revision 5.0) with 128 interrupts
[    0.000000] rcu: srcu_init: Setting srcu_struct sizes based on contention.
[    0.000000] TI gptimer clocksource: always-on /ocp/interconnect@44c00000/segment@200000/target-module@31000
[    0.000003] sched_clock: 32 bits at 24MHz, resolution 41ns, wraps every 89478484971ns
[    0.008077] clocksource: dmtimer: mask: 0xffffffff max_cycles: 0xffffffff, max_idle_ns: 79635851949 ns
[    0.018135] TI gptimer clockevent: 24000000 Hz at /ocp/interconnect@48000000/segment@0/target-module@40000
[    0.029727] Console: colour dummy device 80x30
[    0.034372] WARNING: Your 'console=ttyO0' has been replaced by 'ttyS0'
[    0.041183] This ensures that you still see kernel messages. Please
[    0.047634] update your kernel commandline.
[    0.051989] Calibrating delay loop... 996.14 BogoMIPS (lpj=4980736)
[    0.094617] CPU: Testing write buffer coherency: ok
[    0.099750] CPU0: Spectre v2: using BPIALL workaround
[    0.104954] pid_max: default: 32768 minimum: 301
[    0.109825] LSM: initializing lsm=capability
[    0.114402] Mount-cache hash table entries: 1024 (order: 0, 4096 bytes, linear)
[    0.121973] Mountpoint-cache hash table entries: 1024 (order: 0, 4096 bytes, linear)
[    0.131655] CPU0: thread -1, cpu 0, socket -1, mpidr 0
[    0.139311] Setting up static identity map for 0x80100000 - 0x80100078
[    0.146372] rcu: Hierarchical SRCU implementation.
[    0.151374] rcu: 	Max phase no-delay instances is 1000.
[    0.158717] smp: Bringing up secondary CPUs ...
[    0.163449] smp: Brought up 1 node, 1 CPU
[    0.167582] SMP: Total of 1 processors activated (996.14 BogoMIPS).
[    0.174141] CPU: All CPU(s) started in SVC mode.
[    0.179089] Memory: 480840K/522240K available (11264K kernel code, 1215K rwdata, 2904K rodata, 1024K init, 295K bss, 23388K reserved, 16384K cma-reserved, 0K highmem)
[    0.195397] devtmpfs: initialized
[    0.215592] VFP support v0.3: implementor 41 architecture 3 part 30 variant c rev 3
[    0.223978] clocksource: jiffies: mask: 0xffffffff max_cycles: 0xffffffff, max_idle_ns: 19112604462750000 ns
[    0.234192] futex hash table entries: 256 (order: 2, 16384 bytes, linear)
[    0.242467] pinctrl core: initialized pinctrl subsystem
[    0.250855] NET: Registered PF_NETLINK/PF_ROUTE protocol family
[    0.259902] DMA: preallocated 256 KiB pool for atomic coherent allocations
[    0.267900] audit: initializing netlink subsys (disabled)
[    0.274996] thermal_sys: Registered thermal governor 'fair_share'
[    0.275026] thermal_sys: Registered thermal governor 'step_wise'
[    0.281399] thermal_sys: Registered thermal governor 'user_space'
[    0.287708] audit: type=2000 audit(0.240:1): state=initialized audit_enabled=0 res=1
[    0.302087] cpuidle: using governor menu
[    0.324501] /ocp/interconnect@44c00000/segment@200000/target-module@b000/i2c@0/tda19988@70: Fixed dependency cycle(s) with /ocp/interconnect@48000000/segment@300000/target-module@e000/lcdc@0
[    0.343276] /ocp/interconnect@48000000/segment@300000/target-module@e000/lcdc@0: Fixed dependency cycle(s) with /ocp/interconnect@44c00000/segment@200000/target-module@b000/i2c@0/tda19988@70
[    0.363084] No ATAGs?
[    0.365456] hw-breakpoint: debug architecture 0x4 unsupported.
[    0.374405] kprobes: kprobe jump-optimization is enabled. All kprobes are optimized if possible.
[    0.401917] iommu: Default domain type: Translated
[    0.406879] iommu: DMA domain TLB invalidation policy: strict mode
[    0.415065] reg-fixed-voltage fixedregulator0: using DT '/fixedregulator0' for '(default)' GPIO lookup
[    0.424799] of_get_named_gpiod_flags: can't parse 'gpios' property of node '/fixedregulator0[0]'
[    0.433898] of_get_named_gpiod_flags: can't parse 'gpio' property of node '/fixedregulator0[0]'
[    0.442895] reg-fixed-voltage fixedregulator0: using lookup tables for GPIO lookup
[    0.450710] reg-fixed-voltage fixedregulator0: No GPIO consumer (default) found
[    0.478954] SCSI subsystem initialized
[    0.488835] libata version 3.00 loaded.
[    0.493173] pps_core: LinuxPPS API ver. 1 registered
[    0.498346] pps_core: Software ver. 5.3.6 - Copyright 2005-2007 Rodolfo Giometti <giometti@linux.it>
[    0.507778] PTP clock support registered
[    0.538257] vgaarb: loaded
[    0.548227] clocksource: Switched to clocksource dmtimer
[    0.554432] VFS: Disk quotas dquot_6.6.0
[    0.558647] VFS: Dquot-cache hash table entries: 1024 (order 0, 4096 bytes)
[    0.601628] NET: Registered PF_INET protocol family
[    0.607014] IP idents hash table entries: 8192 (order: 4, 65536 bytes, linear)
[    0.615922] tcp_listen_portaddr_hash hash table entries: 512 (order: 0, 4096 bytes, linear)
[    0.624628] Table-perturb hash table entries: 65536 (order: 6, 262144 bytes, linear)
[    0.632645] TCP established hash table entries: 4096 (order: 2, 16384 bytes, linear)
[    0.640654] TCP bind hash table entries: 4096 (order: 4, 65536 bytes, linear)
[    0.648116] TCP: Hash tables configured (established 4096 bind 4096)
[    0.654798] UDP hash table entries: 256 (order: 1, 14336 bytes, linear)
[    0.661678] UDP-Lite hash table entries: 256 (order: 1, 14336 bytes, linear)
[    0.669123] NET: Registered PF_UNIX/PF_LOCAL protocol family
[    0.753375] RPC: Registered named UNIX socket transport module.
[    0.759507] RPC: Registered udp transport module.
[    0.764421] RPC: Registered tcp transport module.
[    0.769266] RPC: Registered tcp-with-tls transport module.
[    0.774935] RPC: Registered tcp NFSv4.1 backchannel transport module.
[    0.781616] PCI: CLS 0 bytes, default 64
[    0.787191] Initialise system trusted keyrings
[    0.854058] workingset: timestamp_bits=14 max_order=17 bucket_order=3
[    0.862246] NFS: Registering the id_resolver key type
[    0.867534] Key type id_resolver registered
[    0.871922] Key type id_legacy registered
[    0.876108] jffs2: version 2.2. (NAND) (SUMMARY)  © 2001-2006 Red Hat, Inc.
[    0.911099] Key type asymmetric registered
[    0.915457] Asymmetric key parser 'x509' registered
[    0.920555] io scheduler mq-deadline registered
[    0.925265] io scheduler kyber registered
[    0.929469] io scheduler bfq registered
[    0.959734] ledtrig-cpu: registered to indicate activity on CPUs
[    0.969021] Serial: 8250/16550 driver, 6 ports, IRQ sharing enabled
[    1.056372] brd: module loaded
[    1.076877] loop: module loaded
[    1.081075] mtdoops: mtd device (mtddev=name/number) must be supplied
[    1.097986] mdio_bus fixed-0: using lookup tables for GPIO lookup
[    1.104382] mdio_bus fixed-0: No GPIO consumer reset found
[    1.111429] i2c_dev: i2c /dev entries driver
[    1.116920] cpuidle: enable-method property 'ti,am3352' found operations
[    1.124398] sdhci: Secure Digital Host Controller Interface driver
[    1.130771] sdhci: Copyright(c) Pierre Ossman
[    1.135501] sdhci-pltfm: SDHCI platform and OF driver helper
[    1.142465] Initializing XFRM netlink socket
[    1.147023] NET: Registered PF_INET6 protocol family
[    1.228485] Segment Routing with IPv6
[    1.232469] In-situ OAM (IOAM) with IPv6
[    1.236609] sit: IPv6, IPv4 and MPLS over IPv4 tunneling driver
[    1.243731] NET: Registered PF_PACKET protocol family
[    1.248976] NET: Registered PF_KEY protocol family
[    1.254124] Key type dns_resolver registered
[    1.258824] ThumbEE CPU extension supported.
[    1.263317] Registering SWP/SWPB emulation handler
[    1.268785] omap_voltage_late_init: Voltage driver support not added
[    1.275812] SmartReflex Class3 initialized
[    1.352562] Loading compiled-in X.509 certificates
[    1.396408] /ocp/interconnect@44c00000/segment@200000/target-module@b000/i2c@0/tda19988@70: Fixed dependency cycle(s) with /ocp/interconnect@48000000/segment@300000/target-module@e000/lcdc@0
[    1.420535] /ocp/interconnect@44c00000/segment@200000/target-module@b000/i2c@0/tda19988@70: Fixed dependency cycle(s) with /ocp/interconnect@48000000/segment@300000/target-module@e000/lcdc@0
[    1.443959] gpiochip_find_base_unlocked: found new base at 512
[    1.518658] /ocp/interconnect@44c00000/segment@200000/target-module@b000/i2c@0/tda19988@70: Fixed dependency cycle(s) with /ocp/interconnect@48000000/segment@300000/target-module@e000/lcdc@0
[    1.537298] /ocp/interconnect@44c00000/segment@200000/target-module@b000/i2c@0/tda19988@70: Fixed dependency cycle(s) with /ocp/interconnect@48000000/segment@300000/target-module@e000/lcdc@0
[    1.558449] /ocp/interconnect@44c00000/segment@200000/target-module@10000/scm@0/pinmux@800: Fixed dependency cycle(s) with /ocp/interconnect@44c00000/segment@200000/target-module@10000/scm@0/pinmux@800/clkout2-pins
[    1.578797] pinctrl-single 44e10800.pinmux: 142 pins, size 568
[    1.590161] ti-sysc 44e31000.target-module: probe with driver ti-sysc failed with error -16
[    1.681075] /ocp/interconnect@48000000/segment@300000/target-module@e000/lcdc@0: Fixed dependency cycle(s) with /ocp/interconnect@44c00000/segment@200000/target-module@b000/i2c@0/tda19988@70
[    1.706920] ti-sysc 48040000.target-module: probe with driver ti-sysc failed with error -16
[    1.727351] gpiochip_find_base_unlocked: found new base at 512
[    1.733622] gpio gpiochip0: (gpio-0-31): created GPIO range 0->7 ==> 44e10800.pinmux PIN 0->7
[    1.742456] gpio gpiochip0: (gpio-0-31): created GPIO range 8->11 ==> 44e10800.pinmux PIN 90->93
[    1.751536] gpio gpiochip0: (gpio-0-31): created GPIO range 12->27 ==> 44e10800.pinmux PIN 12->27
[    1.760678] gpio gpiochip0: (gpio-0-31): created GPIO range 28->31 ==> 44e10800.pinmux PIN 30->33
[    1.872239] gpio gpiochip0: (gpio-0-31): added GPIO chardev (254:0)
[    1.878863] gpio gpiochip0: registered GPIOs 512 to 543 on gpio-0-31
[    1.885578] OMAP GPIO hardware version 0.1
[    1.918549] i2c i2c-2: using DT '/ocp/interconnect@48000000/segment@100000/target-module@9c000/i2c@0' for 'scl' GPIO lookup
[    1.930352] of_get_named_gpiod_flags: can't parse 'scl-gpios' property of node '/ocp/interconnect@48000000/segment@100000/target-module@9c000/i2c@0[0]'
[    1.944420] of_get_named_gpiod_flags: can't parse 'scl-gpio' property of node '/ocp/interconnect@48000000/segment@100000/target-module@9c000/i2c@0[0]'
[    1.958384] i2c i2c-2: using lookup tables for GPIO lookup
[    1.964065] i2c i2c-2: No GPIO consumer scl found
[    1.968925] i2c i2c-2: using DT '/ocp/interconnect@48000000/segment@100000/target-module@9c000/i2c@0' for 'sda' GPIO lookup
[    1.980446] of_get_named_gpiod_flags: can't parse 'sda-gpios' property of node '/ocp/interconnect@48000000/segment@100000/target-module@9c000/i2c@0[0]'
[    1.994465] of_get_named_gpiod_flags: can't parse 'sda-gpio' property of node '/ocp/interconnect@48000000/segment@100000/target-module@9c000/i2c@0[0]'
[    2.008385] i2c i2c-2: using lookup tables for GPIO lookup
[    2.014054] i2c i2c-2: No GPIO consumer sda found
[    2.019649] omap_i2c 4819c000.i2c: bus 2 rev0.11 at 100 kHz
[    2.030986] gpiochip_find_base_unlocked: found new base at 544
[    2.037304] gpio gpiochip1: (gpio-32-63): created GPIO range 0->17 ==> 44e10800.pinmux PIN 34->51
[    2.046505] gpio gpiochip1: (gpio-32-63): created GPIO range 18->21 ==> 44e10800.pinmux PIN 77->80
[    2.055784] gpio gpiochip1: (gpio-32-63): created GPIO range 22->31 ==> 44e10800.pinmux PIN 56->65
[    2.065927] gpio gpiochip1: (gpio-32-63): added GPIO chardev (254:1)
[    2.072737] gpio gpiochip1: registered GPIOs 544 to 575 on gpio-32-63
[    2.081792] gpiochip_find_base_unlocked: found new base at 576
[    2.087905] gpio gpiochip2: (gpio-64-95): created GPIO range 0->4 ==> 44e10800.pinmux PIN 66->70
[    2.097037] gpio gpiochip2: (gpio-64-95): created GPIO range 5->6 ==> 44e10800.pinmux PIN 98->99
[    2.106119] gpio gpiochip2: (gpio-64-95): created GPIO range 7->8 ==> 44e10800.pinmux PIN 75->76
[    2.115197] gpio gpiochip2: (gpio-64-95): created GPIO range 13->13 ==> 44e10800.pinmux PIN 141->141
[    2.124631] gpio gpiochip2: (gpio-64-95): created GPIO range 14->21 ==> 44e10800.pinmux PIN 100->107
[    2.134820] gpio gpiochip2: (gpio-64-95): added GPIO chardev (254:2)
[    2.141664] gpio gpiochip2: registered GPIOs 576 to 607 on gpio-64-95
[    2.154114] 48000000.interconnect:segment@200000:target-module@0:mpu@0:fck: device ID is greater than 24
[    2.164977] /ocp/interconnect@48000000/segment@300000/target-module@e000/lcdc@0: Fixed dependency cycle(s) with /ocp/interconnect@44c00000/segment@200000/target-module@b000/i2c@0/tda19988@70
[    2.185403] /ocp/interconnect@48000000/segment@300000/target-module@e000/lcdc@0: Fixed dependency cycle(s) with /ocp/interconnect@44c00000/segment@200000/target-module@b000/i2c@0/tda19988@70
[    2.203727] /ocp/interconnect@44c00000/segment@200000/target-module@b000/i2c@0/tda19988@70: Fixed dependency cycle(s) with /ocp/interconnect@48000000/segment@300000/target-module@e000/lcdc@0
[    2.221461] /ocp/interconnect@48000000/segment@300000/target-module@e000/lcdc@0: Fixed dependency cycle(s) with /ocp/interconnect@44c00000/segment@200000/target-module@b000/i2c@0/tda19988@70
[    2.248734] mdio_bus 4a101000.mdio: using DT '/ocp/interconnect@4a000000/segment@0/target-module@100000/switch@0/mdio@1000' for 'reset' GPIO lookup
[    2.262586] of_get_named_gpiod_flags: can't parse 'reset-gpios' property of node '/ocp/interconnect@4a000000/segment@0/target-module@100000/switch@0/mdio@1000[0]'
[    2.277639] of_get_named_gpiod_flags: can't parse 'reset-gpio' property of node '/ocp/interconnect@4a000000/segment@0/target-module@100000/switch@0/mdio@1000[0]'
[    2.292571] mdio_bus 4a101000.mdio: using lookup tables for GPI O lookup
[    2.299384] mdio_bus 4a101000.mdio: No GPIO consu mer reset found
[    2.306807] sdhci-omap 481d8000.mmc: using  DT '/ocp/interconnect@48000000/segment@100000/target-module@d 8000/mmc@0' for 'wp' GPIO lookup
[    2.319623] of_get_named_ gpiod_fl
Labgrid Console Logfile for main
Logfile started at 2024-12-13 09:20:33.595095
=== Log starts here ===
reading args
spl_load_image_fat_os: error reading image args, err - -1
reading u-boot.img
reading u-boot.img


U-Boot 2014.04-00014-g47880f5 (Apr 22 2014 - 13:23:54)

I2C:   ready
DRAM:  512 MiB
NAND:  0 MiB
MMC:   OMAP SD/MMC: 0, OMAP SD/MMC: 1
*** Warning - readenv() failed, using default environment

Net:   <ethaddr> not set. Validating first E-fuse MAC
cpsw, usb_ether
Hit any key to stop autoboot:  1  0 
gpio: pin 53 (gpio 53) value is 1
mmc0 is current device
gpio: pin 54 (gpio 54) value is 1
SD/MMC found on device 0
reading uEnv.txt
584 bytes read in 4 ms (142.6 KiB/s)
gpio: pin 55 (gpio 55) value is 1
Loaded environment from uEnv.txt
Importing environment from mmc ...
Checking if uenvcmd is set ...
gpio: pin 56 (gpio 56) value is 1
Running uenvcmd ...
cpsw Waiting for PHY auto negotiation to complete. done
link up on port 0, speed 100, full duplex
Using cpsw device
TFTP from server 192.168.255.126; our IP address is 192.168.255.1
Filename 'zImage'.
Load address: 0x81000000
Loading: *T #################################################################
	 #################################################################
	 #################################################################
	 #################################################################
	 #################################################################
	 #####################################################
	 752 KiB/s
done
Bytes transferred = 5542168 (549118 hex)
link up on port 0, speed 100, full duplex
Using cpsw device
TFTP from server 192.168.255.126; our IP address is 192.168.255.1
Filename 'am335x-boneblack.dtb'.
Load address: 0x82000000
Loading: *#######
	 2.2 MiB/s
done
Bytes transferred = 98244 (17fc4 hex)
Kernel image @ 0x81000000 [ 0x000000 - 0x549118 ]
## Flattened Device Tree blob at 82000000
   Booting using the fdt blob at 0x82000000
   Using Device Tree in place at 82000000, end 8201afc3

Starting kernel ...

[    0.000000] Booting Linux on physical CPU 0x0
[    0.000000] Linux version 6.13.0-rc2-next-20241213 (user01@drvtest01) (arm-linux-gnueabihf-gcc (Linaro GCC 6.4-2017.11) 6.4.1 20171012, GNU ld (Linaro_Binutils-2017.11) 2.27.0.20161229) #156 SMP Fri Dec 13 07:18:58 EET 2024
[    0.000000] CPU: ARMv7 Processor [413fc082] revision 2 (ARMv7), cr=10c5387d
[    0.000000] CPU: PIPT / VIPT nonaliasing data cache, VIPT aliasing instruction cache
[    0.000000] OF: fdt: Machine model: TI AM335x BeagleBone Black
[    0.000000] earlycon: omap8250 at MMIO 0x44e09000 (options '')
[    0.000000] printk: legacy bootconsole [omap8250] enabled
[    0.000000] Memory policy: Data cache writeback
[    0.000000] cma: Reserved 16 MiB at 0x9e800000 on node -1
[    0.000000] Zone ranges:
[    0.000000]   Normal   [mem 0x0000000080000000-0x000000009fdfffff]
[    0.000000]   HighMem  empty
[    0.000000] Movable zone start for each node
[    0.000000] Early memory node ranges
[    0.000000]   node   0: [mem 0x0000000080000000-0x000000009fdfffff]
[    0.000000] Initmem setup node 0 [mem 0x0000000080000000-0x000000009fdfffff]
[    0.000000] OF: reserved mem: Reserved memory: No reserved-memory node in the DT
[    0.000000] CPU: All CPU(s) started in SVC mode.
[    0.000000] AM335X ES2.1 (sgx neon)
[    0.000000] percpu: Embedded 17 pages/cpu s39628 r8192 d21812 u69632
[    0.000000] pcpu-alloc: s39628 r8192 d21812 u69632 alloc=17*4096
[    0.000000] pcpu-alloc: [0] 0 
[    0.000000] Kernel command line: console=ttyO0,115200n8 debug earlycon root=/dev/nfs rw nfsroot=192.168.255.126:/home/user01/nfs,nfsvers=3 ip=192.168.255.1:192.168.255.126::255.255.255.0:bbb1:eth0 nfsrootdebug
[    0.000000] Unknown kernel command line parameters "nfsrootdebug", will be passed to user space.
[    0.000000] printk: log buffer data + meta data: 65536 + 204800 = 270336 bytes
[    0.000000] Dentry cache hash table entries: 65536 (order: 6, 262144 bytes, linear)
[    0.000000] Inode-cache hash table entries: 32768 (order: 5, 131072 bytes, linear)
[    0.000000] Built 1 zonelists, mobility grouping on.  Total pages: 130560
[    0.000000] mem auto-init: stack:off, heap alloc:off, heap free:off
[    0.000000] SLUB: HWalign=64, Order=0-3, MinObjects=0, CPUs=1, Nodes=1
[    0.000000] trace event string verifier disabled
[    0.000000] rcu: Hierarchical RCU implementation.
[    0.000000] rcu: 	RCU event tracing is enabled.
[    0.000000] rcu: 	RCU restricting CPUs from NR_CPUS=2 to nr_cpu_ids=1.
[    0.000000] 	Tracing variant of Tasks RCU enabled.
[    0.000000] rcu: RCU calculated value of scheduler-enlistment delay is 10 jiffies.
[    0.000000] rcu: Adjusting geometry for rcu_fanout_leaf=16, nr_cpu_ids=1
[    0.000000] RCU Tasks Trace: Setting shift to 0 and lim to 1 rcu_task_cb_adjust=1 rcu_task_cpu_ids=1.
[    0.000000] NR_IRQS: 16, nr_irqs: 16, preallocated irqs: 16
[    0.000000] IRQ: Found an INTC at 0x(ptrval) (revision 5.0) with 128 interrupts
[    0.000000] rcu: srcu_init: Setting srcu_struct sizes based on contention.
[    0.000000] TI gptimer clocksource: always-on /ocp/interconnect@44c00000/segment@200000/target-module@31000
[    0.000003] sched_clock: 32 bits at 24MHz, resolution 41ns, wraps every 89478484971ns
[    0.008075] clocksource: dmtimer: mask: 0xffffffff max_cycles: 0xffffffff, max_idle_ns: 79635851949 ns
[    0.018128] TI gptimer clockevent: 24000000 Hz at /ocp/interconnect@48000000/segment@0/target-module@40000
[    0.029722] Console: colour dummy device 80x30
[    0.034362] WARNING: Your 'console=ttyO0' has been replaced by 'ttyS0'
[    0.041172] This ensures that you still see kernel messages. Please
[    0.047622] update your kernel commandline.
[    0.051979] Calibrating delay loop... 996.14 BogoMIPS (lpj=4980736)
[    0.094615] CPU: Testing write buffer coherency: ok
[    0.099749] CPU0: Spectre v2: using BPIALL workaround
[    0.104952] pid_max: default: 32768 minimum: 301
[    0.109824] LSM: initializing lsm=capability
[    0.114400] Mount-cache hash table entries: 1024 (order: 0, 4096 bytes, linear)
[    0.121969] Mountpoint-cache hash table entries: 1024 (order: 0, 4096 bytes, linear)
[    0.131646] CPU0: thread -1, cpu 0, socket -1, mpidr 0
[    0.139312] Setting up static identity map for 0x80100000 - 0x80100078
[    0.146377] rcu: Hierarchical SRCU implementation.
[    0.151378] rcu: 	Max phase no-delay instances is 1000.
[    0.158715] smp: Bringing up secondary CPUs ...
[    0.163446] smp: Brought up 1 node, 1 CPU
[    0.167579] SMP: Total of 1 processors activated (996.14 BogoMIPS).
[    0.174134] CPU: All CPU(s) started in SVC mode.
[    0.179088] Memory: 480840K/522240K available (11264K kernel code, 1215K rwdata, 2904K rodata, 1024K init, 295K bss, 23388K reserved, 16384K cma-reserved, 0K highmem)
[    0.195383] devtmpfs: initialized
[    0.215585] VFP support v0.3: implementor 41 architecture 3 part 30 variant c rev 3
[    0.223963] clocksource: jiffies: mask: 0xffffffff max_cycles: 0xffffffff, max_idle_ns: 19112604462750000 ns
[    0.234175] futex hash table entries: 256 (order: 2, 16384 bytes, linear)
[    0.242487] pinctrl core: initialized pinctrl subsystem
[    0.250856] NET: Registered PF_NETLINK/PF_ROUTE protocol family
[    0.259916] DMA: preallocated 256 KiB pool for atomic coherent allocations
[    0.267924] audit: initializing netlink subsys (disabled)
[    0.275042] thermal_sys: Registered thermal governor 'fair_share'
[    0.275072] thermal_sys: Registered thermal governor 'step_wise'
[    0.281451] thermal_sys: Registered thermal governor 'user_space'
[    0.287757] audit: type=2000 audit(0.240:1): state=initialized audit_enabled=0 res=1
[    0.302139] cpuidle: using governor menu
[    0.324541] /ocp/interconnect@44c00000/segment@200000/target-module@b000/i2c@0/tda19988@70: Fixed dependency cycle(s) with /ocp/interconnect@48000000/segment@300000/target-module@e000/lcdc@0
[    0.343301] /ocp/interconnect@48000000/segment@300000/target-module@e000/lcdc@0: Fixed dependency cycle(s) with /ocp/interconnect@44c00000/segment@200000/target-module@b000/i2c@0/tda19988@70
[    0.363105] No ATAGs?
[    0.365474] hw-breakpoint: debug architecture 0x4 unsupported.
[    0.374439] kprobes: kprobe jump-optimization is enabled. All kprobes are optimized if possible.
[    0.401956] iommu: Default domain type: Translated
[    0.406918] iommu: DMA domain TLB invalidation policy: strict mode
[    0.415094] reg-fixed-voltage fixedregulator0: using DT '/fixedregulator0' for '(default)' GPIO lookup
[    0.424832] of_get_named_gpiod_flags: can't parse 'gpios' property of node '/fixedregulator0[0]'
[    0.433926] of_get_named_gpiod_flags: can't parse 'gpio' property of node '/fixedregulator0[0]'
[    0.442924] reg-fixed-voltage fixedregulator0: using lookup tables for GPIO lookup
[    0.450739] reg-fixed-voltage fixedregulator0: No GPIO consumer (default) found
[    0.478956] SCSI subsystem initialized
[    0.488833] libata version 3.00 loaded.
[    0.493170] pps_core: LinuxPPS API ver. 1 registered
[    0.498344] pps_core: Software ver. 5.3.6 - Copyright 2005-2007 Rodolfo Giometti <giometti@linux.it>
[    0.507777] PTP clock support registered
[    0.538255] vgaarb: loaded
[    0.548210] clocksource: Switched to clocksource dmtimer
[    0.554409] VFS: Disk quotas dquot_6.6.0
[    0.558625] VFS: Dquot-cache hash table entries: 1024 (order 0, 4096 bytes)
[    0.601645] NET: Registered PF_INET protocol family
[    0.607036] IP idents hash table entries: 8192 (order: 4, 65536 bytes, linear)
[    0.615945] tcp_listen_portaddr_hash hash table entries: 512 (order: 0, 4096 bytes, linear)
[    0.624653] Table-perturb hash table entries: 65536 (order: 6, 262144 bytes, linear)
[    0.632666] TCP established hash table entries: 4096 (order: 2, 16384 bytes, linear)
[    0.640675] TCP bind hash table entries: 4096 (order: 4, 65536 bytes, linear)
[    0.648138] TCP: Hash tables configured (established 4096 bind 4096)
[    0.654821] UDP hash table entries: 256 (order: 1, 14336 bytes, linear)
[    0.661702] UDP-Lite hash table entries: 256 (order: 1, 14336 bytes, linear)
[    0.669148] NET: Registered PF_UNIX/PF_LOCAL protocol family
[    0.753427] RPC: Registered named UNIX socket transport module.
[    0.759559] RPC: Registered udp transport module.
[    0.764474] RPC: Registered tcp transport module.
[    0.769317] RPC: Registered tcp-with-tls transport module.
[    0.774985] RPC: Registered tcp NFSv4.1 backchannel transport module.
[    0.781665] PCI: CLS 0 bytes, default 64
[    0.787254] Initialise system trusted keyrings
[    0.854136] workingset: timestamp_bits=14 max_order=17 bucket_order=3
[    0.878055] NFS: Registering the id_resolver key type
[    0.883447] Key type id_resolver registered
[    0.887758] Key type id_legacy registered
[    0.891980] jffs2: version 2.2. (NAND) (SUMMARY)  © 2001-2006 Red Hat, Inc.
[    0.919551] Key type asymmetric registered
[    0.923865] Asymmetric key parser 'x509' registered
[    0.928958] io scheduler mq-deadline registered
[    0.933662] io scheduler kyber registered
[    0.937864] io scheduler bfq registered
[    0.968058] ledtrig-cpu: registered to indicate activity on CPUs
[    0.993990] Serial: 8250/16550 driver, 6 ports, IRQ sharing enabled
[    1.056375] brd: module loaded
[    1.085337] loop: module loaded
[    1.089541] mtdoops: mtd device (mtddev=name/number) must be supplied
[    1.114698] mdio_bus fixed-0: using lookup tables for GPIO lookup
[    1.121009] mdio_bus fixed-0: No GPIO consumer reset found
[    1.128146] i2c_dev: i2c /dev entries driver
[    1.133636] cpuidle: enable-method property 'ti,am3352' found operations
[    1.141011] sdhci: Secure Digital Host Controller Interface driver
[    1.147490] sdhci: Copyright(c) Pierre Ossman
[    1.152208] sdhci-pltfm: SDHCI platform and OF driver helper
[    1.159113] Initializing XFRM netlink socket
[    1.163781] NET: Registered PF_INET6 protocol family
[    1.228760] Segment Routing with IPv6
[    1.232742] In-situ OAM (IOAM) with IPv6
[    1.236884] sit: IPv6, IPv4 and MPLS over IPv4 tunneling driver
[    1.244001] NET: Registered PF_PACKET protocol family
[    1.249240] NET: Registered PF_KEY protocol family
[    1.254415] Key type dns_resolver registered
[    1.259117] ThumbEE CPU extension supported.
[    1.263593] Registering SWP/SWPB emulation handler
[    1.269060] omap_voltage_late_init: Voltage driver support not added
[    1.276086] SmartReflex Class3 initialized
[    1.352866] Loading compiled-in X.509 certificates
[    1.404442] /ocp/interconnect@44c00000/segment@200000/target-module@b000/i2c@0/tda19988@70: Fixed dependency cycle(s) with /ocp/interconnect@48000000/segment@300000/target-module@e000/lcdc@0
[    1.428549] /ocp/interconnect@44c00000/segment@200000/target-module@b000/i2c@0/tda19988@70: Fixed dependency cycle(s) with /ocp/interconnect@48000000/segment@300000/target-module@e000/lcdc@0
[    1.451890] gpiochip_find_base_unlocked: found new base at 512
[    1.518761] /ocp/interconnect@44c00000/segment@200000/target-module@b000/i2c@0/tda19988@70: Fixed dependency cycle(s) with /ocp/interconnect@48000000/segment@300000/target-module@e000/lcdc@0
[    1.537412] /ocp/interconnect@44c00000/segment@200000/target-module@b000/i2c@0/tda19988@70: Fixed dependency cycle(s) with /ocp/interconnect@48000000/segment@300000/target-module@e000/lcdc@0
[    1.558536] /ocp/interconnect@44c00000/segment@200000/target-module@10000/scm@0/pinmux@800: Fixed dependency cycle(s) with /ocp/interconnect@44c00000/segment@200000/target-module@10000/scm@0/pinmux@800/clkout2-pins
[    1.578877] pinctrl-single 44e10800.pinmux: 142 pins, size 568
[    1.590234] ti-sysc 44e31000.target-module: probe with driver ti-sysc failed with error -16
[    1.697268] /ocp/interconnect@48000000/segment@300000/target-module@e000/lcdc@0: Fixed dependency cycle(s) with /ocp/interconnect@44c00000/segment@200000/target-module@b000/i2c@0/tda19988@70
[    1.723148] ti-sysc 48040000.target-module: probe with driver ti-sysc failed with error -16
[    1.743399] gpiochip_find_base_unlocked: found new base at 512
[    1.749523] gpio gpiochip0: (gpio-0-31): created GPIO range 0->7 ==> 44e10800.pinmux PIN 0->7
[    1.758427] gpio gpiochip0: (gpio-0-31): created GPIO range 8->11 ==> 44e10800.pinmux PIN 90->93
[    1.767528] gpio gpiochip0: (gpio-0-31): created GPIO range 12->27 ==> 44e10800.pinmux PIN 12->27
[    1.776696] gpio gpiochip0: (gpio-0-31): created GPIO range 28->31 ==> 44e10800.pinmux PIN 30->33
[    1.882189] gpio gpiochip0: (gpio-0-31): added GPIO chardev (254:0)
[    1.888818] gpio gpiochip0: registered GPIOs 512 to 543 on gpio-0-31
[    1.895533] OMAP GPIO hardware version 0.1
[    1.918503] i2c i2c-2: using DT '/ocp/interconnect@48000000/segment@100000/target-module@9c000/i2c@0' for 'scl' GPIO lookup
[    1.930255] of_get_named_gpiod_flags: can't parse 'scl-gpios' property of node '/ocp/interconnect@48000000/segment@100000/target-module@9c000/i2c@0[0]'
[    1.944326] of_get_named_gpiod_flags: can't parse 'scl-gpio' property of node '/ocp/interconnect@48000000/segment@100000/target-module@9c000/i2c@0[0]'
[    1.958263] i2c i2c-2: using lookup tables for GPIO lookup
[    1.963957] i2c i2c-2: No GPIO consumer scl found
[    1.968817] i2c i2c-2: using DT '/ocp/interconnect@48000000/segment@100000/target-module@9c000/i2c@0' for 'sda' GPIO lookup
[    1.980344] of_get_named_gpiod_flags: can't parse 'sda-gpios' property of node '/ocp/interconnect@48000000/segment@100000/target-module@9c000/i2c@0[0]'
[    1.994366] of_get_named_gpiod_flags: can't parse 'sda-gpio' property of node '/ocp/interconnect@48000000/segment@100000/target-module@9c000/i2c@0[0]'
[    2.008287] i2c i2c-2: using lookup tables for GPIO lookup
[    2.013957] i2c i2c-2: No GPIO consumer sda found
[    2.019559] omap_i2c 4819c000.i2c: bus 2 rev0.11 at 100 kHz
[    2.030870] gpiochip_find_base_unlocked: found new base at 544
[    2.037135] gpio gpiochip1: (gpio-32-63): created GPIO range 0->17 ==> 44e10800.pinmux PIN 34->51
[    2.046327] gpio gpiochip1: (gpio-32-63): created GPIO range 18->21 ==> 44e10800.pinmux PIN 77->80
[    2.055608] gpio gpiochip1: (gpio-32-63): created GPIO range 22->31 ==> 44e10800.pinmux PIN 56->65
[    2.065802] gpio gpiochip1: (gpio-32-63): added GPIO chardev (254:1)
[    2.072666] gpio gpiochip1: registered GPIOs 544 to 575 on gpio-32-63
[    2.081762] gpiochip_find_base_unlocked: found new base at 576
[    2.087879] gpio gpiochip2: (gpio-64-95): created GPIO range 0->4 ==> 44e10800.pinmux PIN 66->70
[    2.097033] gpio gpiochip2: (gpio-64-95): created GPIO range 5->6 ==> 44e10800.pinmux PIN 98->99
[    2.106139] gpio gpiochip2: (gpio-64-95): created GPIO range 7->8 ==> 44e10800.pinmux PIN 75->76
[    2.115234] gpio gpiochip2: (gpio-64-95): created GPIO range 13->13 ==> 44e10800.pinmux PIN 141->141
[    2.124683] gpio gpiochip2: (gpio-64-95): created GPIO range 14->21 ==> 44e10800.pinmux PIN 100->107
[    2.134964] gpio gpiochip2: (gpio-64-95): added GPIO chardev (254:2)
[    2.141806] gpio gpiochip2: registered GPIOs 576 to 607 on gpio-64-95
[    2.154320] 48000000.interconnect:segment@200000:target-module@0:mpu@0:fck: device ID is greater than 24
[    2.165170] /ocp/interconnect@48000000/segment@300000/target-module@e000/lcdc@0: Fixed dependency cycle(s) with /ocp/interconnect@44c00000/segment@200000/target-module@b000/i2c@0/tda19988@70
