Labgrid Console Logfile for main
Logfile started at 2025-09-15 01:47:44.373614
=== Log starts here ===
reading args
spl_load_image_fat_os: error reading image args, err - -1
reading u-boot.img
reading u-boot.img


U-Boot 2014.04-00014-g47880f5 (Apr 22 2014 - 13:23:54)

I2C:   ready
DRAM:  512 MiB
NAND:  0 MiB
MMC:   OMAP SD/MMC: 0, OMAP SD/MMC: 1
*** Warning - readenv() failed, using default environment

Net:   <ethaddr> not set. Validating first E-fuse MAC
cpsw, usb_ether
Hit any key to stop autoboot:  1  0 
gpio: pin 53 (gpio 53) value is 1
mmc0 is current device
gpio: pin 54 (gpio 54) value is 1
SD/MMC found on device 0
reading uEnv.txt
569 bytes read in 4 ms (138.7 KiB/s)
gpio: pin 55 (gpio 55) value is 1
Loaded environment from uEnv.txt
Importing environment from mmc ...
Checking if uenvcmd is set ...
gpio: pin 56 (gpio 56) value is 1
Running uenvcmd ...
cpsw Waiting for PHY auto negotiation to complete. done
link up on port 0, speed 100, full duplex
Using cpsw device
TFTP from server 192.168.255.126; our IP address is 192.168.255.1
Filename 'zImage'.
Load address: 0x81000000
Loading: *#################################################################
	 #################################################################
	 #################################################################
	 #################################################################
	 #################################################################
	 ############################################################
	 2.4 MiB/s
done
Bytes transferred = 5647688 (562d48 hex)
link up on port 0, speed 100, full duplex
Using cpsw device
TFTP from server 192.168.255.126; our IP address is 192.168.255.1
Filename 'am335x-boneblack.dtb'.
Load address: 0x82000000
Loading: *#######
	 2.3 MiB/s
done
Bytes transferred = 98244 (17fc4 hex)
Kernel image @ 0x81000000 [ 0x000000 - 0x562d48 ]
## Flattened Device Tree blob at 82000000
   Booting using the fdt blob at 0x82000000
   Using Device Tree in place at 82000000, end 8201afc3

Starting kernel ...

[    0.000000] Booting Linux on physical CPU 0x0
[    0.000000] Linux version 6.17.0-rc6 (user01@drvtest01) (arm-none-eabi-gcc (Arm GNU Toolchain 14.2.Rel1 (Build arm-14.52)) 14.2.1 20241119, GNU ld (Arm GNU Toolchain 14.2.Rel1 (Build arm-14.52)) 2.43.1.20241119) #1 SMP Mon Sep 15 01:46:07 EEST 2025
[    0.000000] CPU: ARMv7 Processor [413fc082] revision 2 (ARMv7), cr=10c5387d
[    0.000000] CPU: PIPT / VIPT nonaliasing data cache, VIPT aliasing instruction cache
[    0.000000] OF: fdt: Machine model: TI AM335x BeagleBone Black
[    0.000000] Memory policy: Data cache writeback
[    0.000000] cma: Reserved 16 MiB at 0x9e800000
[    0.000000] Zone ranges:
[    0.000000]   Normal   [mem 0x0000000080000000-0x000000009fdfffff]
[    0.000000]   HighMem  empty
[    0.000000] Movable zone start for each node
[    0.000000] Early memory node ranges
[    0.000000]   node   0: [mem 0x0000000080000000-0x000000009fdfffff]
[    0.000000] Initmem setup node 0 [mem 0x0000000080000000-0x000000009fdfffff]
[    0.000000] On node 0, zone Normal: 512 pages in unavailable ranges
[    0.000000] OF: reserved mem: Reserved memory: No reserved-memory node in the DT
[    0.000000] CPU: All CPU(s) started in SVC mode.
[    0.000000] AM335X ES2.1 (sgx neon)
[    0.000000] percpu: Embedded 17 pages/cpu s39820 r8192 d21620 u69632
[    0.000000] Kernel command line: console=ttyO0,115200n8 root=/dev/nfs rw nfsroot=192.168.255.126:/home/user01/nfs,nfsvers=3 ip=192.168.255.1:192.168.255.126::255.255.255.0:bbb1:eth0 nfsrootdebug
[    0.000000] Unknown kernel command line parameters "nfsrootdebug", will be passed to user space.
[    0.000000] printk: log buffer data + meta data: 65536 + 204800 = 270336 bytes
[    0.000000] Dentry cache hash table entries: 65536 (order: 6, 262144 bytes, linear)
[    0.000000] Inode-cache hash table entries: 32768 (order: 5, 131072 bytes, linear)
[    0.000000] Built 1 zonelists, mobility grouping on.  Total pages: 130560
[    0.000000] mem auto-init: stack:off, heap alloc:off, heap free:off
[    0.000000] SLUB: HWalign=16, Order=0-3, MinObjects=0, CPUs=1, Nodes=1
[    0.000000] rcu: Hierarchical RCU implementation.
[    0.000000] rcu: 	RCU event tracing is enabled.
[    0.000000] rcu: 	RCU restricting CPUs from NR_CPUS=2 to nr_cpu_ids=1.
[    0.000000] 	Tracing variant of Tasks RCU enabled.
[    0.000000] rcu: RCU calculated value of scheduler-enlistment delay is 10 jiffies.
[    0.000000] rcu: Adjusting geometry for rcu_fanout_leaf=16, nr_cpu_ids=1
[    0.000000] RCU Tasks Trace: Setting shift to 0 and lim to 1 rcu_task_cb_adjust=1 rcu_task_cpu_ids=1.
[    0.000000] NR_IRQS: 16, nr_irqs: 16, preallocated irqs: 16
[    0.000000] IRQ: Found an INTC at 0x(ptrval) (revision 5.0) with 128 interrupts
[    0.000000] rcu: srcu_init: Setting srcu_struct sizes based on contention.
[    0.000000] TI gptimer clocksource: always-on /ocp/interconnect@44c00000/segment@200000/target-module@31000
[    0.000003] sched_clock: 32 bits at 24MHz, resolution 41ns, wraps every 89478484971ns
[    0.000027] clocksource: dmtimer: mask: 0xffffffff max_cycles: 0xffffffff, max_idle_ns: 79635851949 ns
[    0.000528] TI gptimer clockevent: 24000000 Hz at /ocp/interconnect@48000000/segment@0/target-module@40000
[    0.002140] Console: colour dummy device 80x30
[    0.002205] WARNING: Your 'console=ttyO0' has been replaced by 'ttyS0'
[    0.002213] This ensures that you still see kernel messages. Please
[    0.002218] update your kernel commandline.
[    0.002263] Calibrating delay loop... 996.14 BogoMIPS (lpj=4980736)
[    0.090573] CPU: Testing write buffer coherency: ok
[    0.090684] CPU0: Spectre v2: using BPIALL workaround
[    0.090695] pid_max: default: 32768 minimum: 301
[    0.090847] LSM: initializing lsm=capability
[    0.091010] Mount-cache hash table entries: 1024 (order: 0, 4096 bytes, linear)
[    0.091030] Mountpoint-cache hash table entries: 1024 (order: 0, 4096 bytes, linear)
[    0.092592] CPU0: thread -1, cpu 0, socket -1, mpidr 0
[    0.092647] cacheinfo: Unable to detect cache hierarchy for CPU 0
[    0.094638] Setting up static identity map for 0x80100000 - 0x80100078
[    0.094973] rcu: Hierarchical SRCU implementation.
[    0.094984] rcu: 	Max phase no-delay instances is 1000.
[    0.096710] smp: Bringing up secondary CPUs ...
[    0.096767] smp: Brought up 1 node, 1 CPU
[    0.096780] SMP: Total of 1 processors activated (996.14 BogoMIPS).
[    0.096791] CPU: All CPU(s) started in SVC mode.
[    0.096989] Memory: 480856K/522240K available (11264K kernel code, 1218K rwdata, 2936K rodata, 1024K init, 253K bss, 23352K reserved, 16384K cma-reserved, 0K highmem)
[    0.097798] devtmpfs: initialized
[    0.114693] VFP support v0.3: implementor 41 architecture 3 part 30 variant c rev 3
[    0.115329] clocksource: jiffies: mask: 0xffffffff max_cycles: 0xffffffff, max_idle_ns: 19112604462750000 ns
[    0.115387] posixtimers hash table entries: 512 (order: 0, 4096 bytes, linear)
[    0.115413] futex hash table entries: 256 (16384 bytes on 1 NUMA nodes, total 16 KiB, linear).
[    0.116538] pinctrl core: initialized pinctrl subsystem
[    0.118690] NET: Registered PF_NETLINK/PF_ROUTE protocol family
[    0.121849] DMA: preallocated 256 KiB pool for atomic coherent allocations
[    0.122456] audit: initializing netlink subsys (disabled)
[    0.123772] thermal_sys: Registered thermal governor 'fair_share'
[    0.123788] thermal_sys: Registered thermal governor 'step_wise'
[    0.123797] thermal_sys: Registered thermal governor 'user_space'
[    0.123907] audit: type=2000 audit(0.120:1): state=initialized audit_enabled=0 res=1
[    0.123978] cpuidle: using governor menu
[    0.142312] /ocp/interconnect@44c00000/segment@200000/target-module@b000/i2c@0/tda19988@70: Fixed dependency cycle(s) with /ocp/interconnect@48000000/segment@300000/target-module@e000/lcdc@0
[    0.143453] /ocp/interconnect@48000000/segment@300000/target-module@e000/lcdc@0: Fixed dependency cycle(s) with /ocp/interconnect@44c00000/segment@200000/target-module@b000/i2c@0/tda19988@70
[    0.145688] No ATAGs?
[    0.145729] hw-breakpoint: debug architecture 0x4 unsupported.
[    0.148831] kprobes: kprobe jump-optimization is enabled. All kprobes are optimized if possible.
[    0.153826] iommu: Default domain type: Translated
[    0.153848] iommu: DMA domain TLB invalidation policy: strict mode
[    0.161685] SCSI subsystem initialized
[    0.162554] pps_core: LinuxPPS API ver. 1 registered
[    0.162566] pps_core: Software ver. 5.3.6 - Copyright 2005-2007 Rodolfo Giometti <giometti@linux.it>
[    0.162592] PTP clock support registered
[    0.171101] vgaarb: loaded
[    0.171470] clocksource: Switched to clocksource dmtimer
[    0.172142] VFS: Disk quotas dquot_6.6.0
[    0.172199] VFS: Dquot-cache hash table entries: 1024 (order 0, 4096 bytes)
[    0.196927] NET: Registered PF_INET protocol family
[    0.197266] IP idents hash table entries: 8192 (order: 4, 65536 bytes, linear)
[    0.198691] tcp_listen_portaddr_hash hash table entries: 512 (order: 0, 4096 bytes, linear)
[    0.198727] Table-perturb hash table entries: 65536 (order: 6, 262144 bytes, linear)
[    0.198745] TCP established hash table entries: 4096 (order: 2, 16384 bytes, linear)
[    0.198790] TCP bind hash table entries: 4096 (order: 4, 65536 bytes, linear)
[    0.198890] TCP: Hash tables configured (established 4096 bind 4096)
[    0.199010] UDP hash table entries: 256 (order: 1, 14336 bytes, linear)
[    0.199044] UDP-Lite hash table entries: 256 (order: 1, 14336 bytes, linear)
[    0.199232] NET: Registered PF_UNIX/PF_LOCAL protocol family
[    0.212088] RPC: Registered named UNIX socket transport module.
[    0.212112] RPC: Registered udp transport module.
[    0.212117] RPC: Registered tcp transport module.
[    0.212121] RPC: Registered tcp-with-tls transport module.
[    0.212126] RPC: Registered tcp NFSv4.1 backchannel transport module.
[    0.212152] PCI: CLS 0 bytes, default 64
[    0.213550] Initialise system trusted keyrings
[    0.214317] workingset: timestamp_bits=14 max_order=17 bucket_order=3
[    0.216037] NFS: Registering the id_resolver key type
[    0.216122] Key type id_resolver registered
[    0.216130] Key type id_legacy registered
[    0.216238] jffs2: version 2.2. (NAND) (SUMMARY)  Â© 2001-2006 Red Hat, Inc.
[    0.216701] Key type asymmetric registered
[    0.216716] Asymmetric key parser 'x509' registered
[    0.216788] io scheduler mq-deadline registered
[    0.216798] io scheduler kyber registered
[    0.216877] io scheduler bfq registered
[    0.218746] target-module@4b000000:target-module@140000:pmu@0:fck: device ID is greater than 24
[    0.224937] l3-aon-clkctrl:0000:0: failed to disable
[    0.231873] ledtrig-cpu: registered to indicate activity on CPUs
[    0.235650] Serial: 8250/16550 driver, 6 ports, IRQ sharing enabled
[    0.282650] brd: module loaded
[    0.310653] loop: module loaded
[    0.311735] mtdoops: mtd device (mtddev=name/number) must be supplied
[    0.314900] i2c_dev: i2c /dev entries driver
[    0.315897] cpuidle: enable-method property 'ti,am3352' found operations
[    0.316342] sdhci: Secure Digital Host Controller Interface driver
[    0.316351] sdhci: Copyright(c) Pierre Ossman
[    0.316532] sdhci-pltfm: SDHCI platform and OF driver helper
[    0.317979] hw perfevents: enabled with armv7_cortex_a8 PMU driver, 5 (8000000f) counters available
[    0.318481] Initializing XFRM netlink socket
[    0.318662] NET: Registered PF_INET6 protocol family
[    0.320544] Segment Routing with IPv6
[    0.320627] In-situ OAM (IOAM) with IPv6
[    0.320719] sit: IPv6, IPv4 and MPLS over IPv4 tunneling driver
[    0.321917] NET: Registered PF_PACKET protocol family
[    0.321948] NET: Registered PF_KEY protocol family
[    0.322073] Key type dns_resolver registered
[    0.322302] ThumbEE CPU extension supported.
[    0.322322] Registering SWP/SWPB emulation handler
[    0.322857] omap_voltage_late_init: Voltage driver support not added
[    0.323525] SmartReflex Class3 initialized
[    0.338149] l3-aon-clkctrl:0000:0: failed to disable
[    0.362510] Loading compiled-in X.509 certificates
[    0.404535] /ocp/interconnect@44c00000/segment@200000/target-module@b000/i2c@0/tda19988@70: Fixed dependency cycle(s) with /ocp/interconnect@48000000/segment@300000/target-module@e000/lcdc@0
[    0.410971] /ocp/interconnect@44c00000/segment@200000/target-module@b000/i2c@0/tda19988@70: Fixed dependency cycle(s) with /ocp/interconnect@48000000/segment@300000/target-module@e000/lcdc@0
[    0.438532] /ocp/interconnect@44c00000/segment@200000/target-module@b000/i2c@0/tda19988@70: Fixed dependency cycle(s) with /ocp/interconnect@48000000/segment@300000/target-module@e000/lcdc@0
[    0.439406] /ocp/interconnect@44c00000/segment@200000/target-module@b000/i2c@0/tda19988@70: Fixed dependency cycle(s) with /ocp/interconnect@48000000/segment@300000/target-module@e000/lcdc@0
[    0.443132] /ocp/interconnect@44c00000/segment@200000/target-module@10000/scm@0/pinmux@800: Fixed dependency cycle(s) with /ocp/interconnect@44c00000/segment@200000/target-module@10000/scm@0/pinmux@800/clkout2-pins
[    0.443723] pinctrl-single 44e10800.pinmux: 142 pins, size 568
[    0.449004] ti-sysc 44e31000.target-module: probe with driver ti-sysc failed with error -16
[    0.488042] /ocp/interconnect@48000000/segment@300000/target-module@e000/lcdc@0: Fixed dependency cycle(s) with /ocp/interconnect@44c00000/segment@200000/target-module@b000/i2c@0/tda19988@70
[    0.496420] ti-sysc 48040000.target-module: probe with driver ti-sysc failed with error -16
[    0.535836] OMAP GPIO hardware version 0.1
[    0.571844] omap_i2c 4819c000.i2c: bus 2 rev0.11 at 100 kHz
[    0.605918] 48000000.interconnect:segment@200000:target-module@0:mpu@0:fck: device ID is greater than 24
[    0.606819] /ocp/interconnect@48000000/segment@300000/target-module@e000/lcdc@0: Fixed dependency cycle(s) with /ocp/interconnect@44c00000/segment@200000/target-module@b000/i2c@0/tda19988@70
[    0.609655] /ocp/interconnect@48000000/segment@300000/target-module@e000/lcdc@0: Fixed dependency cycle(s) with /ocp/interconnect@44c00000/segment@200000/target-module@b000/i2c@0/tda19988@70
[    0.610360] /ocp/interconnect@44c00000/segment@200000/target-module@b000/i2c@0/tda19988@70: Fixed dependency cycle(s) with /ocp/interconnect@48000000/segment@300000/target-module@e000/lcdc@0
[    0.610521] /ocp/interconnect@48000000/segment@300000/target-module@e000/lcdc@0: Fixed dependency cycle(s) with /ocp/interconnect@44c00000/segment@200000/target-module@b000/i2c@0/tda19988@70
[    0.622032] sdhci-omap 481d8000.mmc: supply pbias not found, using dummy regulator
[    0.622558] sdhci-omap 481d8000.mmc: supply vqmmc not found, using dummy regulator
[    0.672726] davinci_mdio 4a101000.mdio: davinci mdio revision 1.6, bus freq 1000000
[    0.830988] davinci_mdio 4a101000.mdio: phy[0]: device 4a101000.mdio:00, driver SMSC LAN8710/LAN8720
[    0.831905] cpsw-switch 4a100000.switch: initialized cpsw ale version 1.4
[    0.831930] cpsw-switch 4a100000.switch: ALE Table size 1024, Policers 0
[    0.841922] cpsw-switch 4a100000.switch: cpts: overflow check period 500 (jiffies)
[    0.841945] cpsw-switch 4a100000.switch: CPTS: ref_clk_freq:250000000 calc_mult:2147483648 calc_shift:29 error:0 nsec/sec
[    0.842053] cpsw-switch 4a100000.switch: Detected MACID = 6c:ec:eb:68:de:78
[    0.843906] cpsw-switch 4a100000.switch: initialized (regs 0x4a100000, pool size 256) hw_ver:0019010C 1.12 (0)
[    0.855075] debugfs: '49000000.dma' already exists in 'dmaengine'
[    0.855119] edma 49000000.dma: TI EDMA DMA engine driver
[    0.935396] 44e09000.serial: ttyS0 at MMIO 0x44e09000 (irq = 34, base_baud = 3000000) is a 8250
[    0.935485] printk: legacy console [ttyS0] enabled
[    2.442435] tps65217-pmic: Failed to locate of_node [id: -1]
[    2.448496] tps65217-bl: Failed to locate of_node [id: -1]
[    2.454569] platform tps65217-charger: DMA mask not set
[    2.460617] platform tps65217-pwrbutton: DMA mask not set
[    2.467906] tps65217 0-0024: TPS65217 ID 0xe version 1.2
[    2.474039] /ocp/interconnect@48000000/segment@300000/target-module@e000/lcdc@0: Fixed dependency cycle(s) with /ocp/interconnect@44c00000/segment@200000/target-module@b000/i2c@0/tda19988@70
[    2.491426] /ocp/interconnect@44c00000/segment@200000/target-module@b000/i2c@0/tda19988@70: Fixed dependency cycle(s) with /ocp/interconnect@48000000/segment@300000/target-module@e000/lcdc@0
[    2.508813] omap_i2c 44e0b000.i2c: bus 0 rev0.11 at 400 kHz
[    2.516689] omap_gpio 44e07000.gpio: Could not set line 6 debounce to 200000 microseconds (-22)
[    2.525611] sdhci-omap 48060000.mmc: Got CD GPIO
[    2.530621] sdhci-omap 48060000.mmc: supply pbias not found, using dummy regulator
[    2.540642] sdhci-omap 48060000.mmc: supply vqmmc not found, using dummy regulator
[    2.549962] sdhci-omap 481d8000.mmc: supply pbias not found, using dummy regulator
[    2.559705] sdhci-omap 481d8000.mmc: supply vqmmc not found, using dummy regulator
[    2.595161] mmc0: SDHCI controller on 48060000.mmc [48060000.mmc] using External DMA
[    2.603485] mmc1: SDHCI controller on 481d8000.mmc [481d8000.mmc] using External DMA
[    2.612267] cpsw-switch 4a100000.switch: starting ndev. mode: dual_mac
[    2.681761] mmc1: new high speed MMC card at address 0001
[    2.688564] mmcblk1: mmc1:0001 MMC04G 3.60 GiB
[    2.696452]  mmcblk1: p1 p2
[    2.700192] SMSC LAN8710/LAN8720 4a101000.mdio:00: attached PHY driver (mii_bus:phy_addr=4a101000.mdio:00, irq=POLL)
[    2.712763] mmcblk1boot0: mmc1:0001 MMC04G 2.00 MiB
[    2.726624] mmcblk1boot1: mmc1:0001 MMC04G 2.00 MiB
[    2.735594] mmcblk1rpmb: mmc1:0001 MMC04G 128 KiB, chardev (249:0)
[    2.784561] mmc0: new high speed SDHC card at address aaaa
[    2.791385] mmcblk0: mmc0:aaaa SE32G 29.7 GiB
[    2.800659]  mmcblk0: p1 p2
[    5.842239] cpsw-switch 4a100000.switch eth0: Link is Up - 100Mbps/Full - flow control off
[    5.881719] IP-Config: Complete:
[    5.884996]      device=eth0, hwaddr=6c:ec:eb:68:de:78, ipaddr=192.168.255.1, mask=255.255.255.0, gw=255.255.255.255
[    5.895671]      host=bbb1, domain=, nis-domain=(none)
[    5.900842]      bootserver=192.168.255.126, rootserver=192.168.255.126, rootpath=
[    5.901263] clk: Disabling unused clocks
[    5.913152] KTAP version 1
[    5.915885] 1..0
[    5.918321] check access for rdinit=/init failed: -2, ignoring
[    5.954920] VFS: Mounted root (nfs filesystem) on device 0:17.
[    5.961976] devtmpfs: mounted
[    5.966505] Freeing unused kernel image (initmem) memory: 1024K
[    5.973285] Run /sbin/init as init process
[    6.659127] systemd[1]: System time before build time, advancing clock.
[    8.171492] random: crng init done
[    8.187702] systemd[1]: systemd 232 running in system mode. (+PAM +AUDIT +SELINUX +IMA +APPARMOR +SMACK +SYSVINIT +UTMP +LIBCRYPTSETUP +GCRYPT +GNUTLS +ACL +XZ +LZ4 +SECCOMP +BLKID +ELFUTILS +KMOD +IDN)
[    8.206719] systemd[1]: Detected architecture arm.

Welcome to [1mDebian GNU/Linux 9 (stretch)[0m!

[    8.234779] systemd[1]: Set hostname to <arm>.
[    9.337328] systemd[1]: Created slice User and Session Slice.
[[0;32m  OK  [0m] Created slice User and Session Slice.
[    9.363223] systemd[1]: Set up automount Arbitrary Executable File Formats File System Automount Point.
[[0;32m  OK  [0m] Set up automount Arbitrary Executabâ€¦rmats File System Automount Point.
[    9.395657] systemd[1]: Listening on udev Control Socket.
[[0;32m  OK  [0m] Listening on udev Control Socket.
[    9.422445] systemd[1]: Started Dispatch Password Requests to Console Directory Watch.
[[0;32m  OK  [0m] Started Dispatch Password Requests to Console Directory Watch.
[    9.453313] systemd[1]: systemd-journald-dev-log.socket: SO_PASSSEC failed: Operation not supported
[    9.462936] systemd[1]: Listening on Journal Socket (/dev/log).
[[0;32m  OK  [0m] Listening on Journal Socket (/dev/log).
[    9.492314] systemd[1]: Started Forward Password Requests to Wall Directory Watch.
[[0;32m  OK  [0m] Started Forward Password Requests to Wall Directory Watch.
[[0;32m  OK  [0m] Reached target Encrypted Volumes.
[[0;32m  OK  [0m] Listening on /dev/initctl Compatibility Named Pipe.
[[0;32m  OK  [0m] Listening on Syslog Socket.
[[0;32m  OK  [0m] Listening on udev Kernel Socket.
[[0;32m  OK  [0m] Listening on Journal Audit Socket.
[[0;32m  OK  [0m] Reached target Paths.
[[0;32m  OK  [0m] Reached target Remote File Systems.
[[0;32m  OK  [0m] Created slice System Slice.
[[0;32m  OK  [0m] Reached target Slices.
         Mounting Debug File System...
         Mounting POSIX Message Queue File System...
[[0;32m  OK  [0m] Created slice system-getty.slice.
[[0;32m  OK  [0m] Created slice system-serial\x2dgetty.slice.
[[0;32m  OK  [0m] Listening on Journal Socket.
         Starting Journal Service...
         Starting Load Kernel Modules...
         Starting Create list of required stâ€¦ce nodes for the current kernel...
         Starting Remount Root and Kernel File Systems...
[[0;32m  OK  [0m] Reached target Swap.
[[0;32m  OK  [0m] Mounted POSIX Message Queue File System.
[[0;32m  OK  [0m] Mounted Debug File System.
[[0;32m  OK  [0m] Started Create list of required staâ€¦vice nodes for the current kernel.
         Starting Create Static Device Nodes in /dev...
[[0;32m  OK  [0m] Started Remount Root and Kernel File Systems.
         Starting udev Coldplug all Devices...
         Starting Load/Save Random Seed...
[[0;32m  OK  [0m] Started Load Kernel Modules.
         Starting Apply Kernel Variables...
         Mounting Configuration File System...
[[0;32m  OK  [0m] Mounted Configuration File System.
[[0;32m  OK  [0m] Started Load/Save Random Seed.
[[0;32m  OK  [0m] Started Apply Kernel Variables.
[[0;32m  OK  [0m] Started Create Static Device Nodes in /dev.
         Starting udev Kernel Device Manager...
[[0;32m  OK  [0m] Reached target Local File Systems (Pre).
[[0;32m  OK  [0m] Reached target Local File Systems.
         Starting Raise network interfaces...
[[0;32m  OK  [0m] Started Journal Service.
         Starting Flush Journal to Persistent Storage...
[   11.839364] systemd-journald[82]: Received request to flush runtime journal from PID 1
[[0;32m  OK  [0m] Started Flush Journal to Persistent Storage.
         Starting Create Volatile Files and Directories...
[[0;32m  OK  [0m] Started udev Kernel Device Manager.
[   12.641987] omap_prm 44e00d00.prm: sync_state() pending due to 44d00000.cpu
[[0;32m  OK  [0m] Started Create Volatile Files and Directories.
         Starting Update UTMP about System Boot/Shutdown...
         Starting Network Time Synchronization...
[[0;32m  OK  [0m] Started Update UTMP about System Boot/Shutdown.
[[0;32m  OK  [0m] Started udev Coldplug all Devices.
[[0;32m  OK  [0m] Started Network Time Synchronization.
[   15.080587] remoteproc remoteproc0: wkup_m3 is available
[[0;32m  OK  [0m] Reached target System Initialization.
[   15.221906] omap_rtc 44e3e000.rtc: registered as rtc0
[   15.227106] omap_rtc 44e3e000.rtc: setting system clock to 2000-01-01T00:00:00 UTC (946684800)
[[0;32m  OK  [0m] Listening on Avahi mDNS/DNS-SD Stack Activation Socket.
[[0;32m  OK  [0m] Listening on D-Bus System Message Bus Socket.
[[0;32m  OK  [0m] Reached target Sockets.
[[0;32m  OK  [0m] Started Daily Cleanup of Temporary Directories.
[[0;32m  OK  [0m] Reached target Basic System.
         Starting Telephony service...
[   15.604903] omap_wdt: OMAP Watchdog Timer Rev 0x01: initial timeout 60 sec
         Starting Login Service...
[   15.701371] am335x-phy-driver 47401300.usb-phy: dummy supplies not allowed for exclusive requests (id=vbus)
[   15.840350] at24 2-0054: supply vcc not found, using dummy regulator
[   15.868570] input: tps65217_pwrbutton as /devices/platform/ocp/44c00000.interconnect/44c00000.interconnect:segment@200000/44e0b000.target-module/44e0b000.i2c/i2c-0/0-0024/tps65217-pwrbutton/input/input0
[   15.931060] am335x-phy-driver 47401b00.usb-phy: dummy supplies not allowed for exclusive requests (id=vbus)
[[0;32m  OK  [0m] Started Regular background program processing daemon.
[   15.974205] at24 2-0055: supply vcc not found, using dummy regulator
[[0;32m  OK  [0m] Started D-Bus System Message Bus.
[   16.088147] at24 2-0056: supply vcc not found, using dummy regulator
[   16.210715] at24 2-0057: supply vcc not found, using dummy regulator
[   16.331429] at24 0-0050: 32768 byte 24c256 EEPROM, writable, 1 bytes/write
[   17.511736] usbcore: registered new interface driver usbfs
[   17.517385] usbcore: registered new interface driver hub
[   17.522951] usbcore: registered new device driver usb
[   18.152335] omap-mailbox 480c8000.mailbox: omap mailbox rev 0x400
[   18.187343] remoteproc remoteproc0: powering up wkup_m3
[   18.307300] remoteproc remoteproc0: Direct firmware load for am335x-pm-firmware.elf failed with error -2
[   18.317250] remoteproc remoteproc0: request_firmware failed: -2
[   18.323369] wkup_m3_ipc 44e11324.wkup_m3_ipc: rproc_boot failed
[   18.397423] musb-hdrc musb-hdrc.1: MUSB HDRC host driver
[   18.403114] musb-hdrc musb-hdrc.1: new USB bus registered, assigned bus number 1
[   18.429555] tda998x 0-0070: found TDA19988
[   18.527461] usb usb1: New USB device found, idVendor=1d6b, idProduct=0002, bcdDevice= 6.17
[   18.535990] usb usb1: New USB device strings: Mfr=3, Product=2, SerialNumber=1
[   18.543340] usb usb1: Product: MUSB HDRC host driver
[   18.548336] usb usb1: Manufacturer: Linux 6.17.0-rc6 musb-hcd
[   18.554142] usb usb1: SerialNumber: musb-hdrc.1
[   18.845874] hub 1-0:1.0: USB hub found
[   18.889294] hub 1-0:1.0: 1 port detected
[   20.563888] omap_rng 48310000.rng: Random Number Generator ver. 20
[   20.668395] tilcdc 4830e000.lcdc: bound 0-0070 (ops 0xbf1750f8)
[[0;32m  OK  [0m] Started Telephony service.
[   20.780826] [drm] Initialized tilcdc 1.0.0 for 4830e000.lcdc on minor 0
[   20.862279] tilcdc 4830e000.lcdc: [drm] Cannot find any crtc or sizes
         Starting Connection service...
         Starting Cape Manager Service...
[   21.014231] tilcdc 4830e000.lcdc: [drm] Cannot find any crtc or sizes
         Starting DUN service...
         Starting Avahi mDNS/DNS-SD Stack...
         Starting System Logging Service...
         Starting LSB: Load kernel modules needed to enable cpufreq scaling...
         Starting Generic Board Startup...
         Starting LSB: Start busybox udhcpd at boot time...
[[0;32m  OK  [0m] Reached target System Time Synchronized.
[[0;32m  OK  [0m] Started Daily apt download activities.
[[0;32m  OK  [0m] Started Daily apt upgrade and clean activities.
[[0;32m  OK  [0m] Reached target Timers.
[   22.610197] PM: Cannot get wkup_m3_ipc handle
[   22.624567] omap-sham 53100000.sham: hw accel on OMAP rev 4.3
[   22.737922] omap-sham 53100000.sham: will run requests pump with realtime priority
[   22.746833] PM: Cannot get wkup_m3_ipc handle
[   22.810033] omap-aes 53500000.aes: OMAP AES hw accel rev: 3.2
[   22.917756] omap-aes 53500000.aes: will run requests pump with realtime priority
[   22.929672] PM: Cannot get wkup_m3_ipc handle
[[0;32m  OK  [0m] Found device /dev/ttyS0.
[   23.256126] Bluetooth: Core ver 2.22
[   23.259950] NET: Registered PF_BLUETOOTH protocol family
[   23.265528] Bluetooth: HCI device and connection manager initialized
[   23.272247] Bluetooth: HCI socket layer initialized
[   23.277170] Bluetooth: L2CAP socket layer initialized
[   23.282371] Bluetooth: SCO socket layer initialized
[[0;32m  OK  [0m] Started Cape Manager Service.
[   24.829275] ------------[ cut here ]------------
[   24.834164] WARNING: CPU: 0 PID: 291 at net/8021q/vlan_core.c:236 vlan_for_each+0x114/0x134
[   24.842668] RTNL: assertion failed at net/8021q/vlan_core.c (236)
[   24.848795] Modules linked in: bluetooth snd_soc_simple_card omap_aes_driver snd_soc_simple_card_utils omap_sham pm33xx omap_crypto ti_emif_sram crypto_engine ecdh_generic ecc libaes tilcdc omap_rng rng_core drm_dma_helper drm_client_lib snd_soc_davinci_mcasp snd_soc_ti_udma snd_soc_ti_edma snd_soc_ti_sdma snd_soc_core snd_pcm_dmaengine snd_pcm snd_timer musb_dsps snd omap_mailbox tda998x musb_hdrc soundcore cec udc_core drm_kms_helper usbcore drm wkup_m3_ipc drm_panel_orientation_quirks tps65218_pwrbutton at24 phy_am335x phy_am335x_control omap_wdt phy_generic watchdog usb_common rtc_omap cppi41 wkup_m3_rproc leds_gpio led_class cpufreq_dt autofs4
[   24.906863] CPU: 0 UID: 107 PID: 291 Comm: avahi-daemon Not tainted 6.17.0-rc6 #1 NONE 
[   24.906882] Hardware name: Generic AM33XX (Flattened Device Tree)
[   24.906891] Call trace: 
[   24.906906]  unwind_backtrace from show_stack+0x10/0x14
[   24.906943]  show_stack from dump_stack_lvl+0x50/0x64
[   24.906968]  dump_stack_lvl from __warn+0x74/0x12c
[   24.906985]  __warn from warn_slowpath_fmt+0x19c/0x1b0
[   24.906998]  warn_slowpath_fmt from vlan_for_each+0x114/0x134
[   24.907020]  vlan_for_each from cpsw_add_mc_addr+0x40/0xa4
[   24.907049]  cpsw_add_mc_addr from __hw_addr_ref_sync_dev+0x108/0x140
[   24.907084]  __hw_addr_ref_sync_dev from __dev_mc_add+0x7c/0x80
[   24.907108]  __dev_mc_add from igmp6_group_added+0xc8/0xe0
[   24.907138]  igmp6_group_added from __ipv6_dev_mc_inc+0x218/0x364
[   24.907157]  __ipv6_dev_mc_inc from __ipv6_sock_mc_join+0x11c/0x214
[   24.907176]  __ipv6_sock_mc_join from do_ipv6_setsockopt+0x1214/0x1310
[   24.907211]  do_ipv6_setsockopt from ipv6_setsockopt+0x60/0xcc
[   24.907234]  ipv6_setsockopt from udpv6_setsockopt+0x2c/0x6c
[   24.907253]  udpv6_setsockopt from sock_common_setsockopt+0x30/0x40
[   24.907270]  sock_common_setsockopt from do_sock_setsockopt+0x50/0x9c
[   24.907292]  do_sock_setsockopt from __sys_setsockopt+0x70/0xbc
[   24.907315]  __sys_setsockopt from ret_fast_syscall+0x0/0x58
[   24.907332] Exception stack(0xe0185fa8 to 0xe0185ff0)
[   24.907348] 5fa0:                   00000014 b6f04ce8 0000000d 00000029 00000014 be9509ec
[   24.907359] 5fc0: 00000014 b6f04ce8 00000014 00000126 0000000d b6eadff4 0045e988 00446558
[   24.907368] 5fe0: b6ec3088 be9509d8 b6ea0309 b6d7741a
[   24.907375] ---[ end trace 0000000000000000 ]---
[[0;32m  OK  [0m] Started System Logging Service.
[   26.110537] PM: Cannot get wkup_m3_ipc handle
[   26.259702] PM: Cannot get wkup_m3_ipc handle
[   26.309723] gpio-537 (nxp,calib): gpiod_direction_output_nonotify: tried to set a GPIO tied to an IRQ as output
[   26.488731] tda9950 0-0034: TDA9950 CEC interface, hardware version 3.3
[   26.530197] PM: Cannot get wkup_m3_ipc handle
[[0;32m  OK  [0m] Started Raise network interfaces.
[[0;32m  OK  [0m] Started LSB: Start busybox udhcpd at boot time.
[[0;32m  OK  [0m] Started LSB: Load kernel modules needed to enable cpufreq scaling.
[[0;32m  OK  [0m] Started DUN service.
[[0;32m  OK  [0m] Started Connection service.
[[0;32m  OK  [0m] Started Avahi mDNS/DNS-SD Stack.
[[0;32m  OK  [0m] Started Login Service.
[   29.973028] configfs-gadget.g_multi gadget.0: HOST MAC 1c:ba:8c:a2:ed:6c
[   29.979805] configfs-gadget.g_multi gadget.0: MAC 1c:ba:8c:a2:ed:70
[   29.987261] configfs-gadget.g_multi gadget.0: HOST MAC 1c:ba:8c:a2:ed:6c
[   29.994124] configfs-gadget.g_multi gadget.0: MAC 1c:ba:8c:a2:ed:6d
[   30.009776] PM: Cannot get wkup_m3_ipc handle
         Starting Hostname Service...
         Starting WPA supplicant...
[[0;32m  OK  [0m] Reached target Sound Card.
         Starting LSB: set CPUFreq kernel parameters...
[[0;32m  OK  [0m] Started Hostname Service.
[[0;32m  OK  [0m] Started WPA supplicant.
[[0;32m  OK  [0m] Reached target Network.
         Starting Permit User Sessions...
         Starting OpenBSD Secure Shell server...
[[0;32m  OK  [0m] Reached target Network is Online.
         Starting LSB: Advanced IEEE 802.11 management daemon...
         Starting The Apache HTTP Server...
[[0;32m  OK  [0m] Started LSB: Advanced IEEE 802.11 management daemon.
[[0;32m  OK  [0m] Started Permit User Sessions.
[[0;32m  OK  [0m] Started Getty on tty1.
[[0;32m  OK  [0m] Started Serial Getty on ttyS0.
[[0;32m  OK  [0m] Reached target Login Prompts.
[[0;32m  OK  [0m] Started LSB: set CPUFreq kernel parameters.
[[0;32m  OK  [0m] Started OpenBSD Secure Shell server.
         Stopping LSB: Start busybox udhcpd at boot time...
[[0;32m  OK  [0m] Stopped LSB: Start busybox udhcpd at boot time.
         Starting dnsmasq - A lightweight DHCP and caching DNS server...
[[0;32m  OK  [0m] Started The Apache HTTP Server.
[[0;32m  OK  [0m] Started dnsmasq - A lightweight DHCP and caching DNS server.
[[0;32m  OK  [0m] Reached target Host and Network Name Lookups.
[[0;32m  OK  [0m] Started Serial Getty on ttyGS0.
[[0;32m  OK  [0m] Started Generic Board Startup.
[[0;32m  OK  [0m] Reached target Multi-User System.
[[0;32m  OK  [0m] Reached target Graphical Interface.
         Starting Update UTMP about System Runlevel Changes...
[[0;32m  OK  [0m] Started Update UTMP about System Runlevel Changes.

Debian GNU/Linux 9 arm ttyS0

default username:password is [debian:temppwd]

arm login: root
Password: 
Last login: Sat Jan  1 00:00:45 UTC 2000 on ttyS0
root
Linux arm 6.17.0-rc6 #1 SMP Mon Sep 15 01:46:07 EEST 2025 armv7l

The programs included with the Debian GNU/Linux system are free software;
the exact distribution terms for each program are described in the
individual files in /usr/share/doc/*/copyright.

Debian GNU/Linux comes with ABSOLUTELY NO WARRANTY, to the extent
permitted by applicable law.
root@arm:~# root
-bash: root: command not found
root@arm:~# dmesg -n 1
root@arm:~# echo 'UHJP''SFLJXS'
UHJPSFLJXS
root@arm:~# run() { echo -n "$MARKER"; sh -c "$@"; echo "$MARKER $?"; }
root@arm:~# echo 'QZFE''YQPZVP'
QZFEYQPZVP
root@arm:~# MARKER='KKVJ''YNQXLO' run 'cat /proc/version'
KKVJYNQXLOLinux version 6.17.0-rc6 (user01@drvtest01) (arm-none-eabi-gcc (Arm GNU Toolchain 14.2.Rel1 (Build arm-14.52)) 14.2.1 20241119, GNU ld (Arm GNU Toolchain 14.2.Rel1 (Build arm-14.52)) 2.43.1.20241119) #1 SMP Mon Sep 15 01:46:07 EEST 2025
KKVJYNQXLO 0
root@arm:~# echo 'QTJV''CWGEXW'
QTJVCWGEXW
root@arm:~# MARKER='FBJV''QUEEMZ' run false
FBJVQUEEMZFBJVQUEEMZ 1
root@arm:~# Labgrid Console Logfile for main
Logfile started at 2025-09-15 01:48:47.594122
=== Log starts here ===

root@arm:~# run() { echo -n "$MARKER"; sh -c "$@"; echo "$MARKER $?"; }
root@arm:~# echo 'TZGF''VXEHUM'
TZGFVXEHUM
root@arm:~# MARKER='PSOT''BAXEQT' run 'ls /iio_generic_buffer; echo $?'
PSOTBAXEQT/iio_generic_buffer
0
PSOTBAXEQT 0
root@arm:~# Labgrid Console Logfile for main
Logfile started at 2025-09-15 01:48:50.959337
=== Log starts here ===

root@arm:~# run() { echo -n "$MARKER"; sh -c "$@"; echo "$MARKER $?"; }
root@arm:~# echo 'ENGE''LXZGLM'
ENGELXZGLM
root@arm:~# MARKER='MLGH''QUSAXU' run dmesg
MLGHQUSAXU[    0.000000] Booting Linux on physical CPU 0x0
[    0.000000] Linux version 6.17.0-rc6 (user01@drvtest01) (arm-none-eabi-gcc (Arm GNU Toolchain 14.2.Rel1 (Build arm-14.52)) 14.2.1 20241119, GNU ld (Arm GNU Toolchain 14.2.Rel1 (Build arm-14.52)) 2.43.1.20241119) #1 SMP Mon Sep 15 01:46:07 EEST 2025
[    0.000000] CPU: ARMv7 Processor [413fc082] revision 2 (ARMv7), cr=10c5387d
[    0.000000] CPU: PIPT / VIPT nonaliasing data cache, VIPT aliasing instruction cache
[    0.000000] OF: fdt: Machine model: TI AM335x BeagleBone Black
[    0.000000] Memory policy: Data cache writeback
[    0.000000] cma: Reserved 16 MiB at 0x9e800000
[    0.000000] Zone ranges:
[    0.000000]   Normal   [mem 0x0000000080000000-0x000000009fdfffff]
[    0.000000]   HighMem  empty
[    0.000000] Movable zone start for each node
[    0.000000] Early memory node ranges
[    0.000000]   node   0: [mem 0x0000000080000000-0x000000009fdfffff]
[    0.000000] Initmem setup node 0 [mem 0x0000000080000000-0x000000009fdfffff]
[    0.000000] On node 0, zone Normal: 512 pages in unavailable ranges
[    0.000000] OF: reserved mem: Reserved memory: No reserved-memory node in the DT
[    0.000000] CPU: All CPU(s) started in SVC mode.
[    0.000000] AM335X ES2.1 (sgx neon)
[    0.000000] percpu: Embedded 17 pages/cpu s39820 r8192 d21620 u69632
[    0.000000] pcpu-alloc: s39820 r8192 d21620 u69632 alloc=17*4096
[    0.000000] pcpu-alloc: [0] 0 
[    0.000000] Kernel command line: console=ttyO0,115200n8 root=/dev/nfs rw nfsroot=192.168.255.126:/home/user01/nfs,nfsvers=3 ip=192.168.255.1:192.168.255.126::255.255.255.0:bbb1:eth0 nfsrootdebug
[    0.000000] Unknown kernel command line parameters "nfsrootdebug", will be passed to user space.
[    0.000000] printk: log buffer data + meta data: 65536 + 204800 = 270336 bytes
[    0.000000] Dentry cache hash table entries: 65536 (order: 6, 262144 bytes, linear)
[    0.000000] Inode-cache hash table entries: 32768 (order: 5, 131072 bytes, linear)
[    0.000000] Built 1 zonelists, mobility grouping on.  Total pages: 130560
[    0.000000] mem auto-init: stack:off, heap alloc:off, heap free:off
[    0.000000] SLUB: HWalign=16, Order=0-3, MinObjects=0, CPUs=1, Nodes=1
[    0.000000] rcu: Hierarchical RCU implementation.
[    0.000000] rcu: 	RCU event tracing is enabled.
[    0.000000] rcu: 	RCU restricting CPUs from NR_CPUS=2 to nr_cpu_ids=1.
[    0.000000] 	Tracing variant of Tasks RCU enabled.
[    0.000000] rcu: RCU calculated value of scheduler-enlistment delay is 10 jiffies.
[    0.000000] rcu: Adjusting geometry for rcu_fanout_leaf=16, nr_cpu_ids=1
[    0.000000] RCU Tasks Trace: Setting shift to 0 and lim to 1 rcu_task_cb_adjust=1 rcu_task_cpu_ids=1.
[    0.000000] NR_IRQS: 16, nr_irqs: 16, preallocated irqs: 16
[    0.000000] IRQ: Found an INTC at 0x(ptrval) (revision 5.0) with 128 interrupts
[    0.000000] rcu: srcu_init: Setting srcu_struct sizes based on contention.
[    0.000000] TI gptimer clocksource: always-on /ocp/interconnect@44c00000/segment@200000/target-module@31000
[    0.000003] sched_clock: 32 bits at 24MHz, resolution 41ns, wraps every 89478484971ns
[    0.000027] clocksource: dmtimer: mask: 0xffffffff max_cycles: 0xffffffff, max_idle_ns: 79635851949 ns
[    0.000528] TI gptimer clockevent: 24000000 Hz at /ocp/interconnect@48000000/segment@0/target-module@40000
[    0.002140] Console: colour dummy device 80x30
[    0.002205] WARNING: Your 'console=ttyO0' has been replaced by 'ttyS0'
[    0.002213] This ensures that you still see kernel messages. Please
[    0.002218] update your kernel commandline.
[    0.002263] Calibrating delay loop... 996.14 BogoMIPS (lpj=4980736)
[    0.090573] CPU: Testing write buffer coherency: ok
[    0.090684] CPU0: Spectre v2: using BPIALL workaround
[    0.090695] pid_max: default: 32768 minimum: 301
[    0.090847] LSM: initializing lsm=capability
[    0.091010] Mount-cache hash table entries: 1024 (order: 0, 4096 bytes, linear)
[    0.091030] Mountpoint-cache hash table entries: 1024 (order: 0, 4096 bytes, linear)
[    0.092592] CPU0: thread -1, cpu 0, socket -1, mpidr 0
[    0.092647] cacheinfo: Unable to detect cache hierarchy for CPU 0
[    0.094638] Setting up static identity map for 0x80100000 - 0x80100078
[    0.094973] rcu: Hierarchical SRCU implementation.
[    0.094984] rcu: 	Max phase no-delay instances is 1000.
[    0.096710] smp: Bringing up secondary CPUs ...
[    0.096767] smp: Brought up 1 node, 1 CPU
[    0.096780] SMP: Total of 1 processors activated (996.14 BogoMIPS).
[    0.096791] CPU: All CPU(s) started in SVC mode.
[    0.096989] Memory: 480856K/522240K available (11264K kernel code, 1218K rwdata, 2936K rodata, 1024K init, 253K bss, 23352K reserved, 16384K cma-reserved, 0K highmem)
[    0.097798] devtmpfs: initialized
[    0.114693] VFP support v0.3: implementor 41 architecture 3 part 30 variant c rev 3
[    0.115329] clocksource: jiffies: mask: 0xffffffff max_cycles: 0xffffffff, max_idle_ns: 19112604462750000 ns
[    0.115387] posixtimers hash table entries: 512 (order: 0, 4096 bytes, linear)
[    0.115413] futex hash table entries: 256 (16384 bytes on 1 NUMA nodes, total 16 KiB, linear).
[    0.116538] pinctrl core: initialized pinctrl subsystem
[    0.118690] NET: Registered PF_NETLINK/PF_ROUTE protocol family
[    0.121849] DMA: preallocated 256 KiB pool for atomic coherent allocations
[    0.122456] audit: initializing netlink subsys (disabled)
[    0.123772] thermal_sys: Registered thermal governor 'fair_share'
[    0.123788] thermal_sys: Registered thermal governor 'step_wise'
[    0.123797] thermal_sys: Registered thermal governor 'user_space'
[    0.123907] audit: type=2000 audit(0.120:1): state=initialized audit_enabled=0 res=1
[    0.123978] cpuidle: using governor menu
[    0.142312] /ocp/interconnect@44c00000/segment@200000/target-module@b000/i2c@0/tda19988@70: Fixed dependency cycle(s) with /ocp/interconnect@48000000/segment@300000/target-module@e000/lcdc@0
[    0.143453] /ocp/interconnect@48000000/segment@300000/target-module@e000/lcdc@0: Fixed dependency cycle(s) with /ocp/interconnect@44c00000/segment@200000/target-module@b000/i2c@0/tda19988@70
[    0.145688] No ATAGs?
[    0.145729] hw-breakpoint: debug architecture 0x4 unsupported.
[    0.148831] kprobes: kprobe jump-optimization is enabled. All kprobes are optimized if possible.
[    0.153826] iommu: Default domain type: Translated
[    0.153848] iommu: DMA domain TLB invalidation policy: strict mode
[    0.155413] reg-fixed-voltage fixedregulator0: using DT '/fixedregulator0' for '(default)' GPIO lookup
[    0.155470] of_get_named_gpiod_flags: can't parse 'gpios' property of node '/fixedregulator0[0]'
[    0.155499] of_get_named_gpiod_flags: can't parse 'gpio' property of node '/fixedregulator0[0]'
[    0.155517] reg-fixed-voltage fixedregulator0: using lookup tables for GPIO lookup
[    0.155527] reg-fixed-voltage fixedregulator0: No GPIO consumer (default) found
[    0.161685] SCSI subsystem initialized
[    0.162167] libata version 3.00 loaded.
[    0.162554] pps_core: LinuxPPS API ver. 1 registered
[    0.162566] pps_core: Software ver. 5.3.6 - Copyright 2005-2007 Rodolfo Giometti <giometti@linux.it>
[    0.162592] PTP clock support registered
[    0.171101] vgaarb: loaded
[    0.171470] clocksource: Switched to clocksource dmtimer
[    0.172142] VFS: Disk quotas dquot_6.6.0
[    0.172199] VFS: Dquot-cache hash table entries: 1024 (order 0, 4096 bytes)
[    0.196927] NET: Registered PF_INET protocol family
[    0.197266] IP idents hash table entries: 8192 (order: 4, 65536 bytes, linear)
[    0.198691] tcp_listen_portaddr_hash hash table entries: 512 (order: 0, 4096 bytes, linear)
[    0.198727] Table-perturb hash table entries: 65536 (order: 6, 262144 bytes, linear)
[    0.198745] TCP established hash table entries: 4096 (order: 2, 16384 bytes, linear)
[    0.198790] TCP bind hash table entries: 4096 (order: 4, 65536 bytes, linear)
[    0.198890] TCP: Hash tables configured (established 4096 bind 4096)
[    0.199010] UDP hash table entries: 256 (order: 1, 14336 bytes, linear)
[    0.199044] UDP-Lite hash table entries: 256 (order: 1, 14336 bytes, linear)
[    0.199232] NET: Registered PF_UNIX/PF_LOCAL protocol family
[    0.212088] RPC: Registered named UNIX socket transport module.
[    0.212112] RPC: Registered udp transport module.
[    0.212117] RPC: Registered tcp transport module.
[    0.212121] RPC: Registered tcp-with-tls transport module.
[    0.212126] RPC: Registered tcp NFSv4.1 backchannel transport module.
[    0.212152] PCI: CLS 0 bytes, default 64
[    0.213550] Initialise system trusted keyrings
[    0.214317] workingset: timestamp_bits=14 max_order=17 bucket_order=3
[    0.216037] NFS: Registering the id_resolver key type
[    0.216122] Key type id_resolver registered
[    0.216130] Key type id_legacy registered
[    0.216238] jffs2: version 2.2. (NAND) (SUMMARY)  Â© 2001-2006 Red Hat, Inc.
[    0.216701] Key type asymmetric registered
[    0.216716] Asymmetric key parser 'x509' registered
[    0.216788] io scheduler mq-deadline registered
[    0.216798] io scheduler kyber registered
[    0.216877] io scheduler bfq registered
[    0.218746] target-module@4b000000:target-module@140000:pmu@0:fck: device ID is greater than 24
[    0.224937] l3-aon-clkctrl:0000:0: failed to disable
[    0.231873] ledtrig-cpu: registered to indicate activity on CPUs
[    0.235650] Serial: 8250/16550 driver, 6 ports, IRQ sharing enabled
[    0.282650] brd: module loaded
[    0.310653] loop: module loaded
[    0.311735] mtdoops: mtd device (mtddev=name/number) must be supplied
[    0.313464] mdio_bus fixed-0: using lookup tables for GPIO lookup
[    0.313489] mdio_bus fixed-0: No GPIO consumer reset found
[    0.314900] i2c_dev: i2c /dev entries driver
[    0.315897] cpuidle: enable-method property 'ti,am3352' found operations
[    0.316342] sdhci: Secure Digital Host Controller Interface driver
[    0.316351] sdhci: Copyright(c) Pierre Ossman
[    0.316532] sdhci-pltfm: SDHCI platform and OF driver helper
[    0.317979] hw perfevents: enabled with armv7_cortex_a8 PMU driver, 5 (8000000f) counters available
[    0.318481] Initializing XFRM netlink socket
[    0.318662] NET: Registered PF_INET6 protocol family
[    0.320544] Segment Routing with IPv6
[    0.320627] In-situ OAM (IOAM) with IPv6
[    0.320719] sit: IPv6, IPv4 and MPLS over IPv4 tunneling driver
[    0.321917] NET: Registered PF_PACKET protocol family
[    0.321948] NET: Registered PF_KEY protocol family
[    0.322073] Key type dns_resolver registered
[    0.322302] ThumbEE CPU extension supported.
[    0.322322] Registering SWP/SWPB emulation handler
[    0.322857] omap_voltage_late_init: Voltage driver support not added
[    0.323525] SmartReflex Class3 initialized
[    0.338149] l3-aon-clkctrl:0000:0: failed to disable
[    0.362510] Loading compiled-in X.509 certificates
[    0.404535] /ocp/interconnect@44c00000/segment@200000/target-module@b000/i2c@0/tda19988@70: Fixed dependency cycle(s) with /ocp/interconnect@48000000/segment@300000/target-module@e000/lcdc@0
[    0.410971] /ocp/interconnect@44c00000/segment@200000/target-module@b000/i2c@0/tda19988@70: Fixed dependency cycle(s) with /ocp/interconnect@48000000/segment@300000/target-module@e000/lcdc@0
[    0.416713] gpiochip_find_base_unlocked: found new base at 512
[    0.438532] /ocp/interconnect@44c00000/segment@200000/target-module@b000/i2c@0/tda19988@70: Fixed dependency cycle(s) with /ocp/interconnect@48000000/segment@300000/target-module@e000/lcdc@0
[    0.439406] /ocp/interconnect@44c00000/segment@200000/target-module@b000/i2c@0/tda19988@70: Fixed dependency cycle(s) with /ocp/interconnect@48000000/segment@300000/target-module@e000/lcdc@0
[    0.443132] /ocp/interconnect@44c00000/segment@200000/target-module@10000/scm@0/pinmux@800: Fixed dependency cycle(s) with /ocp/interconnect@44c00000/segment@200000/target-module@10000/scm@0/pinmux@800/clkout2-pins
[    0.443723] pinctrl-single 44e10800.pinmux: 142 pins, size 568
[    0.449004] ti-sysc 44e31000.target-module: probe with driver ti-sysc failed with error -16
[    0.488042] /ocp/interconnect@48000000/segment@300000/target-module@e000/lcdc@0: Fixed dependency cycle(s) with /ocp/interconnect@44c00000/segment@200000/target-module@b000/i2c@0/tda19988@70
[    0.496420] ti-sysc 48040000.target-module: probe with driver ti-sysc failed with error -16
[    0.507958] gpiochip_find_base_unlocked: found new base at 512
[    0.508055] gpio gpiochip0: (gpio-0-31): created GPIO range 0->7 ==> 44e10800.pinmux PIN 0->7
[    0.508075] gpio gpiochip0: (gpio-0-31): created GPIO range 8->11 ==> 44e10800.pinmux PIN 90->93
[    0.508091] gpio gpiochip0: (gpio-0-31): created GPIO range 12->27 ==> 44e10800.pinmux PIN 12->27
[    0.508107] gpio gpiochip0: (gpio-0-31): created GPIO range 28->31 ==> 44e10800.pinmux PIN 30->33
[    0.535530] gpio gpiochip0: (gpio-0-31): added GPIO chardev (254:0)
[    0.535752] gpio gpiochip0: registered GPIOs 512 to 543 on gpio-0-31
[    0.535836] OMAP GPIO hardware version 0.1
[    0.570626] i2c i2c-2: using DT '/ocp/interconnect@48000000/segment@100000/target-module@9c000/i2c@0' for 'scl' GPIO lookup
[    0.570703] of_get_named_gpiod_flags: can't parse 'scl-gpios' property of node '/ocp/interconnect@48000000/segment@100000/target-module@9c000/i2c@0[0]'
[    0.570746] of_get_named_gpiod_flags: can't parse 'scl-gpio' property of node '/ocp/interconnect@48000000/segment@100000/target-module@9c000/i2c@0[0]'
[    0.570783] i2c i2c-2: using lookup tables for GPIO lookup
[    0.570793] i2c i2c-2: No GPIO consumer scl found
[    0.570814] i2c i2c-2: using DT '/ocp/interconnect@48000000/segment@100000/target-module@9c000/i2c@0' for 'sda' GPIO lookup
[    0.570849] of_get_named_gpiod_flags: can't parse 'sda-gpios' property of node '/ocp/interconnect@48000000/segment@100000/target-module@9c000/i2c@0[0]'
[    0.570886] of_get_named_gpiod_flags: can't parse 'sda-gpio' property of node '/ocp/interconnect@48000000/segment@100000/target-module@9c000/i2c@0[0]'
[    0.570918] i2c i2c-2: using lookup tables for GPIO lookup
[    0.570925] i2c i2c-2: No GPIO consumer sda found
[    0.571844] omap_i2c 4819c000.i2c: bus 2 rev0.11 at 100 kHz
[    0.577407] gpiochip_find_base_unlocked: found new base at 544
[    0.577511] gpio gpiochip1: (gpio-32-63): created GPIO range 0->17 ==> 44e10800.pinmux PIN 34->51
[    0.577533] gpio gpiochip1: (gpio-32-63): created GPIO range 18->21 ==> 44e10800.pinmux PIN 77->80
[    0.577549] gpio gpiochip1: (gpio-32-63): created GPIO range 22->31 ==> 44e10800.pinmux PIN 56->65
[    0.596440] gpio gpiochip1: (gpio-32-63): added GPIO chardev (254:1)
[    0.596665] gpio gpiochip1: registered GPIOs 544 to 575 on gpio-32-63
[    0.598988] gpiochip_find_base_unlocked: found new base at 576
[    0.599080] gpio gpiochip2: (gpio-64-95): created GPIO range 0->4 ==> 44e10800.pinmux PIN 66->70
[    0.599100] gpio gpiochip2: (gpio-64-95): created GPIO range 5->6 ==> 44e10800.pinmux PIN 98->99
[    0.599116] gpio gpiochip2: (gpio-64-95): created GPIO range 7->8 ==> 44e10800.pinmux PIN 75->76
[    0.599132] gpio gpiochip2: (gpio-64-95): created GPIO range 13->13 ==> 44e10800.pinmux PIN 141->141
[    0.599147] gpio gpiochip2: (gpio-64-95): created GPIO range 14->21 ==> 44e10800.pinmux PIN 100->107
[    0.599792] gpio gpiochip2: (gpio-64-95): added GPIO chardev (254:2)
[    0.599996] gpio gpiochip2: registered GPIOs 576 to 607 on gpio-64-95
[    0.605918] 48000000.interconnect:segment@200000:target-module@0:mpu@0:fck: device ID is greater than 24
[    0.606819] /ocp/interconnect@48000000/segment@300000/target-module@e000/lcdc@0: Fixed dependency cycle(s) with /ocp/interconnect@44c00000/segment@200000/target-module@b000/i2c@0/tda19988@70
[    0.609655] /ocp/interconnect@48000000/segment@300000/target-module@e000/lcdc@0: Fixed dependency cycle(s) with /ocp/interconnect@44c00000/segment@200000/target-module@b000/i2c@0/tda19988@70
[    0.610360] /ocp/interconnect@44c00000/segment@200000/target-module@b000/i2c@0/tda19988@70: Fixed dependency cycle(s) with /ocp/interconnect@48000000/segment@300000/target-module@e000/lcdc@0
[    0.610521] /ocp/interconnect@48000000/segment@300000/target-module@e000/lcdc@0: Fixed dependency cycle(s) with /ocp/interconnect@44c00000/segment@200000/target-module@b000/i2c@0/tda19988@70
[    0.620337] mdio_bus 4a101000.mdio: using DT '/ocp/interconnect@4a000000/segment@0/target-module@100000/switch@0/mdio@1000' for 'reset' GPIO lookup
[    0.620407] of_get_named_gpiod_flags: can't parse 'reset-gpios' property of node '/ocp/interconnect@4a000000/segment@0/target-module@100000/switch@0/mdio@1000[0]'
[    0.620454] of_get_named_gpiod_flags: can't parse 'reset-gpio' property of node '/ocp/interconnect@4a000000/segment@0/target-module@100000/switch@0/mdio@1000[0]'
[    0.620502] mdio_bus 4a101000.mdio: using lookup tables for GPIO lookup
[    0.620512] mdio_bus 4a101000.mdio: No GPIO consumer reset found
[    0.621684] sdhci-omap 481d8000.mmc: using DT '/ocp/interconnect@48000000/segment@100000/target-module@d8000/mmc@0' for 'wp' GPIO lookup
[    0.621746] of_get_named_gpiod_flags: can't parse 'wp-gpios' property of node '/ocp/interconnect@48000000/segment@100000/target-module@d8000/mmc@0[0]'
[    0.621789] of_get_named_gpiod_flags: can't parse 'wp-gpio' property of node '/ocp/interconnect@48000000/segment@100000/target-module@d8000/mmc@0[0]'
[    0.621823] sdhci-omap 481d8000.mmc: using lookup tables for GPIO lookup
[    0.621833] sdhci-omap 481d8000.mmc: No GPIO consumer wp found
[    0.622032] sdhci-omap 481d8000.mmc: supply pbias not found, using dummy regulator
[    0.622558] sdhci-omap 481d8000.mmc: supply vqmmc not found, using dummy regulator
[    0.672726] davinci_mdio 4a101000.mdio: davinci mdio revision 1.6, bus freq 1000000
[    0.690811] mdio_bus 4a101000.mdio:00: using DT '/ocp/interconnect@4a000000/segment@0/target-module@100000/switch@0/mdio@1000/ethernet-phy@0' for 'reset' GPIO lookup
[    0.690911] of_get_named_gpiod_flags: parsed 'reset-gpios' property of node '/ocp/interconnect@4a000000/segment@0/target-module@100000/switch@0/mdio@1000/ethernet-phy@0[0]' - status (0)
[    0.691075] gpio gpiochip0: Persistence not supported for GPIO 8
[    0.830988] davinci_mdio 4a101000.mdio: phy[0]: device 4a101000.mdio:00, driver SMSC LAN8710/LAN8720
[    0.831905] cpsw-switch 4a100000.switch: initialized cpsw ale version 1.4
[    0.831930] cpsw-switch 4a100000.switch: ALE Table size 1024, Policers 0
[    0.841922] cpsw-switch 4a100000.switch: cpts: overflow check period 500 (jiffies)
[    0.841945] cpsw-switch 4a100000.switch: CPTS: ref_clk_freq:250000000 calc_mult:2147483648 calc_shift:29 error:0 nsec/sec
[    0.842053] cpsw-switch 4a100000.switch: Detected MACID = 6c:ec:eb:68:de:78
[    0.843906] cpsw-switch 4a100000.switch: initialized (regs 0x4a100000, pool size 256) hw_ver:0019010C 1.12 (0)
[    0.855075] debugfs: '49000000.dma' already exists in 'dmaengine'
[    0.855119] edma 49000000.dma: TI EDMA DMA engine driver
[    0.900906] gpio-clk clk_mcasp0: using DT '/clk_mcasp0' for 'enable' GPIO lookup
[    0.900982] of_get_named_gpiod_flags: parsed 'enable-gpios' property of node '/clk_mcasp0[0]' - status (0)
[    0.901027] gpio gpiochip0: Persistence not supported for GPIO 27
[    0.902118] gpiochip_find_base_unlocked: found new base at 608
[    0.902232] gpio gpiochip3: (gpio-96-127): created GPIO range 0->7 ==> 44e10800.pinmux PIN 82->89
[    0.902253] gpio gpiochip3: (gpio-96-127): created GPIO range 8->11 ==> 44e10800.pinmux PIN 52->55
[    0.902269] gpio gpiochip3: (gpio-96-127): created GPIO range 12->15 ==> 44e10800.pinmux PIN 94->97
[    0.902284] gpio gpiochip3: (gpio-96-127): created GPIO range 16->17 ==> 44e10800.pinmux PIN 71->72
[    0.902303] gpio gpiochip3: (gpio-96-127): created GPIO range 18->18 ==> 44e10800.pinmux PIN 135->135
[    0.902319] gpio gpiochip3: (gpio-96-127): created GPIO range 19->20 ==> 44e10800.pinmux PIN 108->109
[    0.902337] gpio gpiochip3: (gpio-96-127): created GPIO range 21->21 ==> 44e10800.pinmux PIN 73->73
[    0.902354] gpio gpiochip3: (gpio-96-127): created GPIO range 22->23 ==> 44e10800.pinmux PIN 8->9
[    0.902376] gpio gpiochip3: (gpio-96-127): created GPIO range 26->27 ==> 44e10800.pinmux PIN 10->11
[    0.902395] gpio gpiochip3: (gpio-96-127): created GPIO range 28->28 ==> 44e10800.pinmux PIN 74->74
[    0.902413] gpio gpiochip3: (gpio-96-127): created GPIO range 29->29 ==> 44e10800.pinmux PIN 81->81
[    0.902431] gpio gpiochip3: (gpio-96-127): created GPIO range 30->31 ==> 44e10800.pinmux PIN 28->29
[    0.921336] gpio gpiochip3: (gpio-96-127): added GPIO chardev (254:3)
[    0.921728] gpio gpiochip3: registered GPIOs 608 to 639 on gpio-96-127
[    0.934637] omap8250 44e09000.serial: using DT '/ocp/interconnect@44c00000/segment@200000/target-module@9000/serial@0' for 'rs485-term' GPIO lookup
[    0.934712] of_get_named_gpiod_flags: can't parse 'rs485-term-gpios' property of node '/ocp/interconnect@44c00000/segment@200000/target-module@9000/serial@0[0]'
[    0.934757] of_get_named_gpiod_flags: can't parse 'rs485-term-gpio' property of node '/ocp/interconnect@44c00000/segment@200000/target-module@9000/serial@0[0]'
[    0.934793] omap8250 44e09000.serial: using lookup tables for GPIO lookup
[    0.934803] omap8250 44e09000.serial: No GPIO consumer rs485-term found
[    0.934813] omap8250 44e09000.serial: using DT '/ocp/interconnect@44c00000/segment@200000/target-module@9000/serial@0' for 'rs485-rx-during-tx' GPIO lookup
[    0.934849] of_get_named_gpiod_flags: can't parse 'rs485-rx-during-tx-gpios' property of node '/ocp/interconnect@44c00000/segment@200000/target-module@9000/serial@0[0]'
[    0.934886] of_get_named_gpiod_flags: can't parse 'rs485-rx-during-tx-gpio' property of node '/ocp/interconnect@44c00000/segment@200000/target-module@9000/serial@0[0]'
[    0.934918] omap8250 44e09000.serial: using lookup tables for GPIO lookup
[    0.934926] omap8250 44e09000.serial: No GPIO consumer rs485-rx-during-tx found
[    0.935396] 44e09000.serial: ttyS0 at MMIO 0x44e09000 (irq = 34, base_baud = 3000000) is a 8250
[    0.935485] printk: legacy console [ttyS0] enabled
[    2.426422] i2c i2c-0: using DT '/ocp/interconnect@44c00000/segment@200000/target-module@b000/i2c@0' for 'scl' GPIO lookup
[    2.426512] of_get_named_gpiod_flags: can't parse 'scl-gpios' property of node '/ocp/interconnect@44c00000/segment@200000/target-module@b000/i2c@0[0]'
[    2.426559] of_get_named_gpiod_flags: can't parse 'scl-gpio' property of node '/ocp/interconnect@44c00000/segment@200000/target-module@b000/i2c@0[0]'
[    2.426600] i2c i2c-0: using lookup tables for GPIO lookup
[    2.426614] i2c i2c-0: No GPIO consumer scl found
[    2.426638] i2c i2c-0: using DT '/ocp/interconnect@44c00000/segment@200000/target-module@b000/i2c@0' for 'sda' GPIO lookup
[    2.426678] of_get_named_gpiod_flags: can't parse 'sda-gpios' property of node '/ocp/interconnect@44c00000/segment@200000/target-module@b000/i2c@0[0]'
[    2.426719] of_get_named_gpiod_flags: can't parse 'sda-gpio' property of node '/ocp/interconnect@44c00000/segment@200000/target-module@b000/i2c@0[0]'
[    2.426755] i2c i2c-0: using lookup tables for GPIO lookup
[    2.426767] i2c i2c-0: No GPIO consumer sda found
[    2.442435] tps65217-pmic: Failed to locate of_node [id: -1]
[    2.448496] tps65217-bl: Failed to locate of_node [id: -1]
[    2.454569] platform tps65217-charger: DMA mask not set
[    2.460617] platform tps65217-pwrbutton: DMA mask not set
[    2.467906] tps65217 0-0024: TPS65217 ID 0xe version 1.2
[    2.474039] /ocp/interconnect@48000000/segment@300000/target-module@e000/lcdc@0: Fixed dependency cycle(s) with /ocp/interconnect@44c00000/segment@200000/target-module@b000/i2c@0/tda19988@70
[    2.491426] /ocp/interconnect@44c00000/segment@200000/target-module@b000/i2c@0/tda19988@70: Fixed dependency cycle(s) with /ocp/interconnect@48000000/segment@300000/target-module@e000/lcdc@0
[    2.508813] omap_i2c 44e0b000.i2c: bus 0 rev0.11 at 400 kHz
[    2.516492] sdhci-omap 48060000.mmc: using DT '/ocp/interconnect@48000000/segment@0/target-module@60000/mmc@0' for 'cd' GPIO lookup
[    2.516599] of_get_named_gpiod_flags: parsed 'cd-gpios' property of node '/ocp/interconnect@48000000/segment@0/target-module@60000/mmc@0[0]' - status (0)
[    2.516663] gpio gpiochip3: Persistence not supported for GPIO 6
[    2.516689] omap_gpio 44e07000.gpio: Could not set line 6 debounce to 200000 microseconds (-22)
[    2.525611] sdhci-omap 48060000.mmc: Got CD GPIO
[    2.530268] sdhci-omap 48060000.mmc: using DT '/ocp/interconnect@48000000/segment@0/target-module@60000/mmc@0' for 'wp' GPIO lookup
[    2.530315] of_get_named_gpiod_flags: can't parse 'wp-gpios' property of node '/ocp/interconnect@48000000/segment@0/target-module@60000/mmc@0[0]'
[    2.530358] of_get_named_gpiod_flags: can't parse 'wp-gpio' property of node '/ocp/interconnect@48000000/segment@0/target-module@60000/mmc@0[0]'
[    2.530397] sdhci-omap 48060000.mmc: using lookup tables for GPIO lookup
[    2.530411] sdhci-omap 48060000.mmc: No GPIO consumer wp found
[    2.530621] sdhci-omap 48060000.mmc: supply pbias not found, using dummy regulator
[    2.539442] sdhci-omap 481d8000.mmc: using DT '/ocp/interconnect@48000000/segment@100000/target-module@d8000/mmc@0' for 'wp' GPIO lookup
[    2.539516] of_get_named_gpiod_flags: can't parse 'wp-gpios' property of node '/ocp/interconnect@48000000/segment@100000/target-module@d8000/mmc@0[0]'
[    2.539564] of_get_named_gpiod_flags: can't parse 'wp-gpio' property of node '/ocp/interconnect@48000000/segment@100000/target-module@d8000/mmc@0[0]'
[    2.539603] sdhci-omap 481d8000.mmc: using lookup tables for GPIO lookup
[    2.539616] sdhci-omap 481d8000.mmc: No GPIO consumer wp found
[    2.540642] sdhci-omap 48060000.mmc: supply vqmmc not found, using dummy regulator
[    2.549962] sdhci-omap 481d8000.mmc: supply pbias not found, using dummy regulator
[    2.559705] sdhci-omap 481d8000.mmc: supply vqmmc not found, using dummy regulator
[    2.595161] mmc0: SDHCI controller on 48060000.mmc [48060000.mmc] using External DMA
[    2.603485] mmc1: SDHCI controller on 481d8000.mmc [481d8000.mmc] using External DMA
[    2.612267] cpsw-switch 4a100000.switch: starting ndev. mode: dual_mac
[    2.681761] mmc1: new high speed MMC card at address 0001
[    2.688564] mmcblk1: mmc1:0001 MMC04G 3.60 GiB
[    2.696452]  mmcblk1: p1 p2
[    2.700192] SMSC LAN8710/LAN8720 4a101000.mdio:00: attached PHY driver (mii_bus:phy_addr=4a101000.mdio:00, irq=POLL)
[    2.712763] mmcblk1boot0: mmc1:0001 MMC04G 2.00 MiB
[    2.726624] mmcblk1boot1: mmc1:0001 MMC04G 2.00 MiB
[    2.735594] mmcblk1rpmb: mmc1:0001 MMC04G 128 KiB, chardev (249:0)
[    2.784561] mmc0: new high speed SDHC card at address aaaa
[    2.791385] mmcblk0: mmc0:aaaa SE32G 29.7 GiB
[    2.800659]  mmcblk0: p1 p2
[    5.842239] cpsw-switch 4a100000.switch eth0: Link is Up - 100Mbps/Full - flow control off
[    5.881719] IP-Config: Complete:
[    5.884996]      device=eth0, hwaddr=6c:ec:eb:68:de:78, ipaddr=192.168.255.1, mask=255.255.255.0, gw=255.255.255.255
[    5.895671]      host=bbb1, domain=, nis-domain=(none)
[    5.900842]      bootserver=192.168.255.126, rootserver=192.168.255.126, rootpath=
[    5.901263] clk: Disabling unused clocks
[    5.913152] KTAP version 1
[    5.915885] 1..0
[    5.918321] check access for rdinit=/init failed: -2, ignoring
[    5.954920] VFS: Mounted root (nfs filesystem) on device 0:17.
[    5.961976] devtmpfs: mounted
[    5.966505] Freeing unused kernel image (initmem) memory: 1024K
[    5.973285] Run /sbin/init as init process
[    5.977416]   with arguments:
[    5.977429]     /sbin/init
[    5.977439]     nfsrootdebug
[    5.977448]   with environment:
[    5.977457]     HOME=/
[    5.977466]     TERM=linux
[    6.659127] systemd[1]: System time before build time, advancing clock.
[    8.171492] random: crng init done
[    8.187702] systemd[1]: systemd 232 running in system mode. (+PAM +AUDIT +SELINUX +IMA +APPARMOR +SMACK +SYSVINIT +UTMP +LIBCRYPTSETUP +GCRYPT +GNUTLS +ACL +XZ +LZ4 +SECCOMP +BLKID +ELFUTILS +KMOD +IDN)
[    8.206719] systemd[1]: Detected architecture arm.
[    8.234779] systemd[1]: Set hostname to <arm>.
[    9.337328] systemd[1]: Created slice User and Session Slice.
[    9.363223] systemd[1]: Set up automount Arbitrary Executable File Formats File System Automount Point.
[    9.395657] systemd[1]: Listening on udev Control Socket.
[    9.422445] systemd[1]: Started Dispatch Password Requests to Console Directory Watch.
[    9.453313] systemd[1]: systemd-journald-dev-log.socket: SO_PASSSEC failed: Operation not supported
[    9.462936] systemd[1]: Listening on Journal Socket (/dev/log).
[    9.492314] systemd[1]: Started Forward Password Requests to Wall Directory Watch.
[   11.839364] systemd-journald[82]: Received request to flush runtime journal from PID 1
[   12.641987] omap_prm 44e00d00.prm: sync_state() pending due to 44d00000.cpu
[   14.632058] leds-gpio leds: using DT '/leds/led2' for '(default)' GPIO lookup
[   14.632164] of_get_named_gpiod_flags: parsed 'gpios' property of node '/leds/led2[0]' - status (0)
[   14.632220] gpio gpiochip0: Persistence not supported for GPIO 21
[   14.632235] gpio-533 (?): no flags found for GPIO (default)
[   14.692774] leds-gpio leds: using DT '/leds/led3' for '(default)' GPIO lookup
[   14.692884] of_get_named_gpiod_flags: parsed 'gpios' property of node '/leds/led3[0]' - status (0)
[   14.692942] gpio gpiochip0: Persistence not supported for GPIO 22
[   14.692957] gpio-534 (?): no flags found for GPIO (default)
[   14.712388] leds-gpio leds: using DT '/leds/led4' for '(default)' GPIO lookup
[   14.712688] of_get_named_gpiod_flags: parsed 'gpios' property of node '/leds/led4[0]' - status (0)
[   14.712750] gpio gpiochip0: Persistence not supported for GPIO 23
[   14.712768] gpio-535 (?): no flags found for GPIO (default)
[   14.743476] leds-gpio leds: using DT '/leds/led5' for '(default)' GPIO lookup
[   14.743576] of_get_named_gpiod_flags: parsed 'gpios' property of node '/leds/led5[0]' - status (0)
[   14.743628] gpio gpiochip0: Persistence not supported for GPIO 24
[   14.743643] gpio-536 (?): no flags found for GPIO (default)
[   15.080587] remoteproc remoteproc0: wkup_m3 is available
[   15.221906] omap_rtc 44e3e000.rtc: registered as rtc0
[   15.227106] omap_rtc 44e3e000.rtc: setting system clock to 2000-01-01T00:00:00 UTC (946684800)
[   15.236095] omap_rtc 44e3e000.rtc: using DT '/ocp/interconnect@44c00000/segment@200000/target-module@3e000/rtc@0' for 'wp' GPIO lookup
[   15.236173] of_get_named_gpiod_flags: can't parse 'wp-gpios' property of node '/ocp/interconnect@44c00000/segment@200000/target-module@3e000/rtc@0[0]'
[   15.236223] of_get_named_gpiod_flags: can't parse 'wp-gpio' property of node '/ocp/interconnect@44c00000/segment@200000/target-module@3e000/rtc@0[0]'
[   15.236265] omap_rtc 44e3e000.rtc: using lookup tables for GPIO lookup
[   15.236279] omap_rtc 44e3e000.rtc: No GPIO consumer wp found
[   15.604903] omap_wdt: OMAP Watchdog Timer Rev 0x01: initial timeout 60 sec
[   15.700903] am335x-phy-driver 47401300.usb-phy: using DT '/ocp/target-module@47400000/usb-phy@1300' for 'reset' GPIO lookup
[   15.701008] of_get_named_gpiod_flags: can't parse 'reset-gpios' property of node '/ocp/target-module@47400000/usb-phy@1300[0]'
[   15.701053] of_get_named_gpiod_flags: can't parse 'reset-gpio' property of node '/ocp/target-module@47400000/usb-phy@1300[0]'
[   15.701091] am335x-phy-driver 47401300.usb-phy: using lookup tables for GPIO lookup
[   15.701106] am335x-phy-driver 47401300.usb-phy: No GPIO consumer reset found
[   15.701121] am335x-phy-driver 47401300.usb-phy: using DT '/ocp/target-module@47400000/usb-phy@1300' for 'vbus-detect' GPIO lookup
[   15.701151] of_get_named_gpiod_flags: can't parse 'vbus-detect-gpios' property of node '/ocp/target-module@47400000/usb-phy@1300[0]'
[   15.701183] of_get_named_gpiod_flags: can't parse 'vbus-detect-gpio' property of node '/ocp/target-module@47400000/usb-phy@1300[0]'
[   15.701209] am335x-phy-driver 47401300.usb-phy: using lookup tables for GPIO lookup
[   15.701222] am335x-phy-driver 47401300.usb-phy: No GPIO consumer vbus-detect found
[   15.701371] am335x-phy-driver 47401300.usb-phy: dummy supplies not allowed for exclusive requests (id=vbus)
[   15.840350] at24 2-0054: supply vcc not found, using dummy regulator
[   15.868570] input: tps65217_pwrbutton as /devices/platform/ocp/44c00000.interconnect/44c00000.interconnect:segment@200000/44e0b000.target-module/44e0b000.i2c/i2c-0/0-0024/tps65217-pwrbutton/input/input0
[   15.930606] am335x-phy-driver 47401b00.usb-phy: using DT '/ocp/target-module@47400000/usb-phy@1b00' for 'reset' GPIO lookup
[   15.930697] of_get_named_gpiod_flags: can't parse 'reset-gpios' property of node '/ocp/target-module@47400000/usb-phy@1b00[0]'
[   15.930740] of_get_named_gpiod_flags: can't parse 'reset-gpio' property of node '/ocp/target-module@47400000/usb-phy@1b00[0]'
[   15.930778] am335x-phy-driver 47401b00.usb-phy: using lookup tables for GPIO lookup
[   15.930794] am335x-phy-driver 47401b00.usb-phy: No GPIO consumer reset found
[   15.930810] am335x-phy-driver 47401b00.usb-phy: using DT '/ocp/target-module@47400000/usb-phy@1b00' for 'vbus-detect' GPIO lookup
[   15.930841] of_get_named_gpiod_flags: can't parse 'vbus-detect-gpios' property of node '/ocp/target-module@47400000/usb-phy@1b00[0]'
[   15.930872] of_get_named_gpiod_flags: can't parse 'vbus-detect-gpio' property of node '/ocp/target-module@47400000/usb-phy@1b00[0]'
[   15.930898] am335x-phy-driver 47401b00.usb-phy: using lookup tables for GPIO lookup
[   15.930911] am335x-phy-driver 47401b00.usb-phy: No GPIO consumer vbus-detect found
[   15.931060] am335x-phy-driver 47401b00.usb-phy: dummy supplies not allowed for exclusive requests (id=vbus)
[   15.974205] at24 2-0055: supply vcc not found, using dummy regulator
[   16.088147] at24 2-0056: supply vcc not found, using dummy regulator
[   16.210715] at24 2-0057: supply vcc not found, using dummy regulator
[   16.330423] at24 0-0050: using DT '/ocp/interconnect@44c00000/segment@200000/target-module@b000/i2c@0/eeprom@50' for 'wp' GPIO lookup
[   16.330638] of_get_named_gpiod_flags: can't parse 'wp-gpios' property of node '/ocp/interconnect@44c00000/segment@200000/target-module@b000/i2c@0/eeprom@50[0]'
[   16.330753] of_get_named_gpiod_flags: can't parse 'wp-gpio' property of node '/ocp/interconnect@44c00000/segment@200000/target-module@b000/i2c@0/eeprom@50[0]'
[   16.330804] at24 0-0050: using lookup tables for GPIO lookup
[   16.330821] at24 0-0050: No GPIO consumer wp found
[   16.331429] at24 0-0050: 32768 byte 24c256 EEPROM, writable, 1 bytes/write
[   17.511736] usbcore: registered new interface driver usbfs
[   17.517385] usbcore: registered new interface driver hub
[   17.522951] usbcore: registered new device driver usb
[   18.152335] omap-mailbox 480c8000.mailbox: omap mailbox rev 0x400
[   18.187343] remoteproc remoteproc0: powering up wkup_m3
[   18.307300] remoteproc remoteproc0: Direct firmware load for am335x-pm-firmware.elf failed with error -2
[   18.317250] remoteproc remoteproc0: request_firmware failed: -2
[   18.323369] wkup_m3_ipc 44e11324.wkup_m3_ipc: rproc_boot failed
[   18.397423] musb-hdrc musb-hdrc.1: MUSB HDRC host driver
[   18.403114] musb-hdrc musb-hdrc.1: new USB bus registered, assigned bus number 1
[   18.429555] tda998x 0-0070: found TDA19988
[   18.527461] usb usb1: New USB device found, idVendor=1d6b, idProduct=0002, bcdDevice= 6.17
[   18.535990] usb usb1: New USB device strings: Mfr=3, Product=2, SerialNumber=1
[   18.543340] usb usb1: Product: MUSB HDRC host driver
[   18.548336] usb usb1: Manufacturer: Linux 6.17.0-rc6 musb-hcd
[   18.554142] usb usb1: SerialNumber: musb-hdrc.1
[   18.845874] hub 1-0:1.0: USB hub found
[   18.889294] hub 1-0:1.0: 1 port detected
[   20.563888] omap_rng 48310000.rng: Random Number Generator ver. 20
[   20.668395] tilcdc 4830e000.lcdc: bound 0-0070 (ops 0xbf1750f8)
[   20.780826] [drm] Initialized tilcdc 1.0.0 for 4830e000.lcdc on minor 0
[   20.862279] tilcdc 4830e000.lcdc: [drm] Cannot find any crtc or sizes
[   21.014231] tilcdc 4830e000.lcdc: [drm] Cannot find any crtc or sizes
[   22.610197] PM: Cannot get wkup_m3_ipc handle
[   22.624567] omap-sham 53100000.sham: hw accel on OMAP rev 4.3
[   22.737922] omap-sham 53100000.sham: will run requests pump with realtime priority
[   22.746833] PM: Cannot get wkup_m3_ipc handle
[   22.810033] omap-aes 53500000.aes: OMAP AES hw accel rev: 3.2
[   22.917756] omap-aes 53500000.aes: will run requests pump with realtime priority
[   22.929672] PM: Cannot get wkup_m3_ipc handle
[   23.256126] Bluetooth: Core ver 2.22
[   23.259950] NET: Registered PF_BLUETOOTH protocol family
[   23.265528] Bluetooth: HCI device and connection manager initialized
[   23.272247] Bluetooth: HCI socket layer initialized
[   23.277170] Bluetooth: L2CAP socket layer initialized
[   23.282371] Bluetooth: SCO socket layer initialized
[   24.829275] ------------[ cut here ]------------
[   24.834164] WARNING: CPU: 0 PID: 291 at net/8021q/vlan_core.c:236 vlan_for_each+0x114/0x134
[   24.842668] RTNL: assertion failed at net/8021q/vlan_core.c (236)
[   24.848795] Modules linked in: bluetooth snd_soc_simple_card omap_aes_driver snd_soc_simple_card_utils omap_sham pm33xx omap_crypto ti_emif_sram crypto_engine ecdh_generic ecc libaes tilcdc omap_rng rng_core drm_dma_helper drm_client_lib snd_soc_davinci_mcasp snd_soc_ti_udma snd_soc_ti_edma snd_soc_ti_sdma snd_soc_core snd_pcm_dmaengine snd_pcm snd_timer musb_dsps snd omap_mailbox tda998x musb_hdrc soundcore cec udc_core drm_kms_helper usbcore drm wkup_m3_ipc drm_panel_orientation_quirks tps65218_pwrbutton at24 phy_am335x phy_am335x_control omap_wdt phy_generic watchdog usb_common rtc_omap cppi41 wkup_m3_rproc leds_gpio led_class cpufreq_dt autofs4
[   24.906863] CPU: 0 UID: 107 PID: 291 Comm: avahi-daemon Not tainted 6.17.0-rc6 #1 NONE 
[   24.906882] Hardware name: Generic AM33XX (Flattened Device Tree)
[   24.906891] Call trace: 
[   24.906906]  unwind_backtrace from show_stack+0x10/0x14
[   24.906943]  show_stack from dump_stack_lvl+0x50/0x64
[   24.906968]  dump_stack_lvl from __warn+0x74/0x12c
[   24.906985]  __warn from warn_slowpath_fmt+0x19c/0x1b0
[   24.906998]  warn_slowpath_fmt from vlan_for_each+0x114/0x134
[   24.907020]  vlan_for_each from cpsw_add_mc_addr+0x40/0xa4
[   24.907049]  cpsw_add_mc_addr from __hw_addr_ref_sync_dev+0x108/0x140
[   24.907084]  __hw_addr_ref_sync_dev from __dev_mc_add+0x7c/0x80
[   24.907108]  __dev_mc_add from igmp6_group_added+0xc8/0xe0
[   24.907138]  igmp6_group_added from __ipv6_dev_mc_inc+0x218/0x364
[   24.907157]  __ipv6_dev_mc_inc from __ipv6_sock_mc_join+0x11c/0x214
[   24.907176]  __ipv6_sock_mc_join from do_ipv6_setsockopt+0x1214/0x1310
[   24.907211]  do_ipv6_setsockopt from ipv6_setsockopt+0x60/0xcc
[   24.907234]  ipv6_setsockopt from udpv6_setsockopt+0x2c/0x6c
[   24.907253]  udpv6_setsockopt from sock_common_setsockopt+0x30/0x40
[   24.907270]  sock_common_setsockopt from do_sock_setsockopt+0x50/0x9c
[   24.907292]  do_sock_setsockopt from __sys_setsockopt+0x70/0xbc
[   24.907315]  __sys_setsockopt from ret_fast_syscall+0x0/0x58
[   24.907332] Exception stack(0xe0185fa8 to 0xe0185ff0)
[   24.907348] 5fa0:                   00000014 b6f04ce8 0000000d 00000029 00000014 be9509ec
[   24.907359] 5fc0: 00000014 b6f04ce8 00000014 00000126 0000000d b6eadff4 0045e988 00446558
[   24.907368] 5fe0: b6ec3088 be9509d8 b6ea0309 b6d7741a
[   24.907375] ---[ end trace 0000000000000000 ]---
[   26.110537] PM: Cannot get wkup_m3_ipc handle
[   26.116997] asoc-simple-card sound: using DT '/sound' for 'simple-audio-card,hp-det' GPIO lookup
[   26.117070] of_get_named_gpiod_flags: can't parse 'simple-audio-card,hp-det-gpios' property of node '/sound[0]'
[   26.117106] of_get_named_gpiod_flags: can't parse 'simple-audio-card,hp-det-gpio' property of node '/sound[0]'
[   26.117130] asoc-simple-card sound: using lookup tables for GPIO lookup
[   26.117145] asoc-simple-card sound: No GPIO consumer simple-audio-card,hp-det found
[   26.117159] asoc-simple-card sound: using DT '/sound' for 'simple-audio-card,mic-det' GPIO lookup
[   26.117184] of_get_named_gpiod_flags: can't parse 'simple-audio-card,mic-det-gpios' property of node '/sound[0]'
[   26.117209] of_get_named_gpiod_flags: can't parse 'simple-audio-card,mic-det-gpio' property of node '/sound[0]'
[   26.117228] asoc-simple-card sound: using lookup tables for GPIO lookup
[   26.117240] asoc-simple-card sound: No GPIO consumer simple-audio-card,mic-det found
[   26.259702] PM: Cannot get wkup_m3_ipc handle
[   26.299837] tda998x 0-0070: using DT '/ocp/interconnect@44c00000/segment@200000/target-module@b000/i2c@0/tda19988@70' for 'nxp,calib' GPIO lookup
[   26.299981] of_get_named_gpiod_flags: parsed 'nxp,calib-gpios' property of node '/ocp/interconnect@44c00000/segment@200000/target-module@b000/i2c@0/tda19988@70[0]' - status (0)
[   26.300065] gpio gpiochip0: Persistence not supported for GPIO 25
[   26.300081] gpio-537 (nxp,calib): no flags found for GPIO nxp,calib
[   26.309723] gpio-537 (nxp,calib): gpiod_direction_output_nonotify: tried to set a GPIO tied to an IRQ as output
[   26.488731] tda9950 0-0034: TDA9950 CEC interface, hardware version 3.3
[   26.530197] PM: Cannot get wkup_m3_ipc handle
[   29.637970] userial_init: registered 8 ttyGS* devices
[   29.915902] rndis_register: configNr = 0
[   29.971755] udc musb-hdrc.0: binding gadget driver [g_multi]
[   29.971856] configfs-gadget.g_multi gadget.0: adding 'rndis'/1e9cd2fe to config 'c'/3b8ed1c4
[   29.973028] configfs-gadget.g_multi gadget.0: HOST MAC 1c:ba:8c:a2:ed:6c
[   29.979805] configfs-gadget.g_multi gadget.0: MAC 1c:ba:8c:a2:ed:70
[   29.986322] rndis_set_param_medium: 0 0
[   29.986348] configfs-gadget.g_multi gadget.0: RNDIS: IN/ep1in OUT/ep1out NOTIFY/ep2in
[   29.986366] configfs-gadget.g_multi gadget.0: adding 'cdc_ethernet'/81ed004a to config 'c'/3b8ed1c4
[   29.987261] configfs-gadget.g_multi gadget.0: HOST MAC 1c:ba:8c:a2:ed:6c
[   29.994124] configfs-gadget.g_multi gadget.0: MAC 1c:ba:8c:a2:ed:6d
[   30.000459] configfs-gadget.g_multi gadget.0: CDC Ethernet: IN/ep3in OUT/ep2out NOTIFY/ep4in
[   30.000478] configfs-gadget.g_multi gadget.0: adding 'acm'/c24a3870 to config 'c'/3b8ed1c4
[   30.000512] configfs-gadget.g_multi gadget.0: acm ttyGS0: IN/ep5in OUT/ep3out NOTIFY/ep6in
[   30.009776] PM: Cannot get wkup_m3_ipc handle
[   31.853394] configfs-gadget.g_multi gadget.0: eth_open
[   35.445599] gs_open: ttyGS0 (e99b7f53,845a505b)
[   35.445758] gs_close: ttyGS0 (e99b7f53,845a505b) ...
[   35.445779] gs_close: ttyGS0 (e99b7f53,845a505b) done!
[   35.445958] gs_open: ttyGS0 (0f0c193c,845a505b)
[   35.446032] gs_close: ttyGS0 (0f0c193c,845a505b) ...
[   35.446052] gs_close: ttyGS0 (0f0c193c,845a505b) done!
[   35.579433] gs_open: ttyGS0 (7dddd6fa,8a190a65)
[   35.579675] gs_close: ttyGS0 (7dddd6fa,8a190a65) ...
[   35.579703] gs_close: ttyGS0 (7dddd6fa,8a190a65) done!
[   35.585106] gs_open: ttyGS0 (7dddd6fa,845a505b)
MLGHQUSAXU 0
root@arm:~# echo 'AVPU''CMXOHW'
AVPUCMXOHW
root@arm:~# MARKER='ENZS''NNLEUH' run 'modprobe test_linear_ranges'
ENZSNNLEUHENZSNNLEUH 0
root@arm:~# echo 'VVMO''SACFEA'
VVMOSACFEA
root@arm:~# MARKER='HUKN''AHPCFC' run dmesg
HUKNAHPCFC[    0.000000] Booting Linux on physical CPU 0x0
[    0.000000] Linux version 6.17.0-rc6 (user01@drvtest01) (arm-none-eabi-gcc (Arm GNU Toolchain 14.2.Rel1 (Build arm-14.52)) 14.2.1 20241119, GNU ld (Arm GNU Toolchain 14.2.Rel1 (Build arm-14.52)) 2.43.1.20241119) #1 SMP Mon Sep 15 01:46:07 EEST 2025
[    0.000000] CPU: ARMv7 Processor [413fc082] revision 2 (ARMv7), cr=10c5387d
[    0.000000] CPU: PIPT / VIPT nonaliasing data cache, VIPT aliasing instruction cache
[    0.000000] OF: fdt: Machine model: TI AM335x BeagleBone Black
[    0.000000] Memory policy: Data cache writeback
[    0.000000] cma: Reserved 16 MiB at 0x9e800000
[    0.000000] Zone ranges:
[    0.000000]   Normal   [mem 0x0000000080000000-0x000000009fdfffff]
[    0.000000]   HighMem  empty
[    0.000000] Movable zone start for each node
[    0.000000] Early memory node ranges
[    0.000000]   node   0: [mem 0x0000000080000000-0x000000009fdfffff]
[    0.000000] Initmem setup node 0 [mem 0x0000000080000000-0x000000009fdfffff]
[    0.000000] On node 0, zone Normal: 512 pages in unavailable ranges
[    0.000000] OF: reserved mem: Reserved memory: No reserved-memory node in the DT
[    0.000000] CPU: All CPU(s) started in SVC mode.
[    0.000000] AM335X ES2.1 (sgx neon)
[    0.000000] percpu: Embedded 17 pages/cpu s39820 r8192 d21620 u69632
[    0.000000] pcpu-alloc: s39820 r8192 d21620 u69632 alloc=17*4096
[    0.000000] pcpu-alloc: [0] 0 
[    0.000000] Kernel command line: console=ttyO0,115200n8 root=/dev/nfs rw nfsroot=192.168.255.126:/home/user01/nfs,nfsvers=3 ip=192.168.255.1:192.168.255.126::255.255.255.0:bbb1:eth0 nfsrootdebug
[    0.000000] Unknown kernel command line parameters "nfsrootdebug", will be passed to user space.
[    0.000000] printk: log buffer data + meta data: 65536 + 204800 = 270336 bytes
[    0.000000] Dentry cache hash table entries: 65536 (order: 6, 262144 bytes, linear)
[    0.000000] Inode-cache hash table entries: 32768 (order: 5, 131072 bytes, linear)
[    0.000000] Built 1 zonelists, mobility grouping on.  Total pages: 130560
[    0.000000] mem auto-init: stack:off, heap alloc:off, heap free:off
[    0.000000] SLUB: HWalign=16, Order=0-3, MinObjects=0, CPUs=1, Nodes=1
[    0.000000] rcu: Hierarchical RCU implementation.
[    0.000000] rcu: 	RCU event tracing is enabled.
[    0.000000] rcu: 	RCU restricting CPUs from NR_CPUS=2 to nr_cpu_ids=1.
[    0.000000] 	Tracing variant of Tasks RCU enabled.
[    0.000000] rcu: RCU calculated value of scheduler-enlistment delay is 10 jiffies.
[    0.000000] rcu: Adjusting geometry for rcu_fanout_leaf=16, nr_cpu_ids=1
[    0.000000] RCU Tasks Trace: Setting shift to 0 and lim to 1 rcu_task_cb_adjust=1 rcu_task_cpu_ids=1.
[    0.000000] NR_IRQS: 16, nr_irqs: 16, preallocated irqs: 16
[    0.000000] IRQ: Found an INTC at 0x(ptrval) (revision 5.0) with 128 interrupts
[    0.000000] rcu: srcu_init: Setting srcu_struct sizes based on contention.
[    0.000000] TI gptimer clocksource: always-on /ocp/interconnect@44c00000/segment@200000/target-module@31000
[    0.000003] sched_clock: 32 bits at 24MHz, resolution 41ns, wraps every 89478484971ns
[    0.000027] clocksource: dmtimer: mask: 0xffffffff max_cycles: 0xffffffff, max_idle_ns: 79635851949 ns
[    0.000528] TI gptimer clockevent: 24000000 Hz at /ocp/interconnect@48000000/segment@0/target-module@40000
[    0.002140] Console: colour dummy device 80x30
[    0.002205] WARNING: Your 'console=ttyO0' has been replaced by 'ttyS0'
[    0.002213] This ensures that you still see kernel messages. Please
[    0.002218] update your kernel commandline.
[    0.002263] Calibrating delay loop... 996.14 BogoMIPS (lpj=4980736)
[    0.090573] CPU: Testing write buffer coherency: ok
[    0.090684] CPU0: Spectre v2: using BPIALL workaround
[    0.090695] pid_max: default: 32768 minimum: 301
[    0.090847] LSM: initializing lsm=capability
[    0.091010] Mount-cache hash table entries: 1024 (order: 0, 4096 bytes, linear)
[    0.091030] Mountpoint-cache hash table entries: 1024 (order: 0, 4096 bytes, linear)
[    0.092592] CPU0: thread -1, cpu 0, socket -1, mpidr 0
[    0.092647] cacheinfo: Unable to detect cache hierarchy for CPU 0
[    0.094638] Setting up static identity map for 0x80100000 - 0x80100078
[    0.094973] rcu: Hierarchical SRCU implementation.
[    0.094984] rcu: 	Max phase no-delay instances is 1000.
[    0.096710] smp: Bringing up secondary CPUs ...
[    0.096767] smp: Brought up 1 node, 1 CPU
[    0.096780] SMP: Total of 1 processors activated (996.14 BogoMIPS).
[    0.096791] CPU: All CPU(s) started in SVC mode.
[    0.096989] Memory: 480856K/522240K available (11264K kernel code, 1218K rwdata, 2936K rodata, 1024K init, 253K bss, 23352K reserved, 16384K cma-reserved, 0K highmem)
[    0.097798] devtmpfs: initialized
[    0.114693] VFP support v0.3: implementor 41 architecture 3 part 30 variant c rev 3
[    0.115329] clocksource: jiffies: mask: 0xffffffff max_cycles: 0xffffffff, max_idle_ns: 19112604462750000 ns
[    0.115387] posixtimers hash table entries: 512 (order: 0, 4096 bytes, linear)
[    0.115413] futex hash table entries: 256 (16384 bytes on 1 NUMA nodes, total 16 KiB, linear).
[    0.116538] pinctrl core: initialized pinctrl subsystem
[    0.118690] NET: Registered PF_NETLINK/PF_ROUTE protocol family
[    0.121849] DMA: preallocated 256 KiB pool for atomic coherent allocations
[    0.122456] audit: initializing netlink subsys (disabled)
[    0.123772] thermal_sys: Registered thermal governor 'fair_share'
[    0.123788] thermal_sys: Registered thermal governor 'step_wise'
[    0.123797] thermal_sys: Registered thermal governor 'user_space'
[    0.123907] audit: type=2000 audit(0.120:1): state=initialized audit_enabled=0 res=1
[    0.123978] cpuidle: using governor menu
[    0.142312] /ocp/interconnect@44c00000/segment@200000/target-module@b000/i2c@0/tda19988@70: Fixed dependency cycle(s) with /ocp/interconnect@48000000/segment@300000/target-module@e000/lcdc@0
[    0.143453] /ocp/interconnect@48000000/segment@300000/target-module@e000/lcdc@0: Fixed dependency cycle(s) with /ocp/interconnect@44c00000/segment@200000/target-module@b000/i2c@0/tda19988@70
[    0.145688] No ATAGs?
[    0.145729] hw-breakpoint: debug architecture 0x4 unsupported.
[    0.148831] kprobes: kprobe jump-optimization is enabled. All kprobes are optimized if possible.
[    0.153826] iommu: Default domain type: Translated
[    0.153848] iommu: DMA domain TLB invalidation policy: strict mode
[    0.155413] reg-fixed-voltage fixedregulator0: using DT '/fixedregulator0' for '(default)' GPIO lookup
[    0.155470] of_get_named_gpiod_flags: can't parse 'gpios' property of node '/fixedregulator0[0]'
[    0.155499] of_get_named_gpiod_flags: can't parse 'gpio' property of node '/fixedregulator0[0]'
[    0.155517] reg-fixed-voltage fixedregulator0: using lookup tables for GPIO lookup
[    0.155527] reg-fixed-voltage fixedregulator0: No GPIO consumer (default) found
[    0.161685] SCSI subsystem initialized
[    0.162167] libata version 3.00 loaded.
[    0.162554] pps_core: LinuxPPS API ver. 1 registered
[    0.162566] pps_core: Software ver. 5.3.6 - Copyright 2005-2007 Rodolfo Giometti <giometti@linux.it>
[    0.162592] PTP clock support registered
[    0.171101] vgaarb: loaded
[    0.171470] clocksource: Switched to clocksource dmtimer
[    0.172142] VFS: Disk quotas dquot_6.6.0
[    0.172199] VFS: Dquot-cache hash table entries: 1024 (order 0, 4096 bytes)
[    0.196927] NET: Registered PF_INET protocol family
[    0.197266] IP idents hash table entries: 8192 (order: 4, 65536 bytes, linear)
[    0.198691] tcp_listen_portaddr_hash hash table entries: 512 (order: 0, 4096 bytes, linear)
[    0.198727] Table-perturb hash table entries: 65536 (order: 6, 262144 bytes, linear)
[    0.198745] TCP established hash table entries: 4096 (order: 2, 16384 bytes, linear)
[    0.198790] TCP bind hash table entries: 4096 (order: 4, 65536 bytes, linear)
[    0.198890] TCP: Hash tables configured (established 4096 bind 4096)
[    0.199010] UDP hash table entries: 256 (order: 1, 14336 bytes, linear)
[    0.199044] UDP-Lite hash table entries: 256 (order: 1, 14336 bytes, linear)
[    0.199232] NET: Registered PF_UNIX/PF_LOCAL protocol family
[    0.212088] RPC: Registered named UNIX socket transport module.
[    0.212112] RPC: Registered udp transport module.
[    0.212117] RPC: Registered tcp transport module.
[    0.212121] RPC: Registered tcp-with-tls transport module.
[    0.212126] RPC: Registered tcp NFSv4.1 backchannel transport module.
[    0.212152] PCI: CLS 0 bytes, default 64
[    0.213550] Initialise system trusted keyrings
[    0.214317] workingset: timestamp_bits=14 max_order=17 bucket_order=3
[    0.216037] NFS: Registering the id_resolver key type
[    0.216122] Key type id_resolver registered
[    0.216130] Key type id_legacy registered
[    0.216238] jffs2: version 2.2. (NAND) (SUMMARY)  Â© 2001-2006 Red Hat, Inc.
[    0.216701] Key type asymmetric registered
[    0.216716] Asymmetric key parser 'x509' registered
[    0.216788] io scheduler mq-deadline registered
[    0.216798] io scheduler kyber registered
[    0.216877] io scheduler bfq registered
[    0.218746] target-module@4b000000:target-module@140000:pmu@0:fck: device ID is greater than 24
[    0.224937] l3-aon-clkctrl:0000:0: failed to disable
[    0.231873] ledtrig-cpu: registered to indicate activity on CPUs
[    0.235650] Serial: 8250/16550 driver, 6 ports, IRQ sharing enabled
[    0.282650] brd: module loaded
[    0.310653] loop: module loaded
[    0.311735] mtdoops: mtd device (mtddev=name/number) must be supplied
[    0.313464] mdio_bus fixed-0: using lookup tables for GPIO lookup
[    0.313489] mdio_bus fixed-0: No GPIO consumer reset found
[    0.314900] i2c_dev: i2c /dev entries driver
[    0.315897] cpuidle: enable-method property 'ti,am3352' found operations
[    0.316342] sdhci: Secure Digital Host Controller Interface driver
[    0.316351] sdhci: Copyright(c) Pierre Ossman
[    0.316532] sdhci-pltfm: SDHCI platform and OF driver helper
[    0.317979] hw perfevents: enabled with armv7_cortex_a8 PMU driver, 5 (8000000f) counters available
[    0.318481] Initializing XFRM netlink socket
[    0.318662] NET: Registered PF_INET6 protocol family
[    0.320544] Segment Routing with IPv6
[    0.320627] In-situ OAM (IOAM) with IPv6
[    0.320719] sit: IPv6, IPv4 and MPLS over IPv4 tunneling driver
[    0.321917] NET: Registered PF_PACKET protocol family
[    0.321948] NET: Registered PF_KEY protocol family
[    0.322073] Key type dns_resolver registered
[    0.322302] ThumbEE CPU extension supported.
[    0.322322] Registering SWP/SWPB emulation handler
[    0.322857] omap_voltage_late_init: Voltage driver support not added
[    0.323525] SmartReflex Class3 initialized
[    0.338149] l3-aon-clkctrl:0000:0: failed to disable
[    0.362510] Loading compiled-in X.509 certificates
[    0.404535] /ocp/interconnect@44c00000/segment@200000/target-module@b000/i2c@0/tda19988@70: Fixed dependency cycle(s) with /ocp/interconnect@48000000/segment@300000/target-module@e000/lcdc@0
[    0.410971] /ocp/interconnect@44c00000/segment@200000/target-module@b000/i2c@0/tda19988@70: Fixed dependency cycle(s) with /ocp/interconnect@48000000/segment@300000/target-module@e000/lcdc@0
[    0.416713] gpiochip_find_base_unlocked: found new base at 512
[    0.438532] /ocp/interconnect@44c00000/segment@200000/target-module@b000/i2c@0/tda19988@70: Fixed dependency cycle(s) with /ocp/interconnect@48000000/segment@300000/target-module@e000/lcdc@0
[    0.439406] /ocp/interconnect@44c00000/segment@200000/target-module@b000/i2c@0/tda19988@70: Fixed dependency cycle(s) with /ocp/interconnect@48000000/segment@300000/target-module@e000/lcdc@0
[    0.443132] /ocp/interconnect@44c00000/segment@200000/target-module@10000/scm@0/pinmux@800: Fixed dependency cycle(s) with /ocp/interconnect@44c00000/segment@200000/target-module@10000/scm@0/pinmux@800/clkout2-pins
[    0.443723] pinctrl-single 44e10800.pinmux: 142 pins, size 568
[    0.449004] ti-sysc 44e31000.target-module: probe with driver ti-sysc failed with error -16
[    0.488042] /ocp/interconnect@48000000/segment@300000/target-module@e000/lcdc@0: Fixed dependency cycle(s) with /ocp/interconnect@44c00000/segment@200000/target-module@b000/i2c@0/tda19988@70
[    0.496420] ti-sysc 48040000.target-module: probe with driver ti-sysc failed with error -16
[    0.507958] gpiochip_find_base_unlocked: found new base at 512
[    0.508055] gpio gpiochip0: (gpio-0-31): created GPIO range 0->7 ==> 44e10800.pinmux PIN 0->7
[    0.508075] gpio gpiochip0: (gpio-0-31): created GPIO range 8->11 ==> 44e10800.pinmux PIN 90->93
[    0.508091] gpio gpiochip0: (gpio-0-31): created GPIO range 12->27 ==> 44e10800.pinmux PIN 12->27
[    0.508107] gpio gpiochip0: (gpio-0-31): created GPIO range 28->31 ==> 44e10800.pinmux PIN 30->33
[    0.535530] gpio gpiochip0: (gpio-0-31): added GPIO chardev (254:0)
[    0.535752] gpio gpiochip0: registered GPIOs 512 to 543 on gpio-0-31
[    0.535836] OMAP GPIO hardware version 0.1
[    0.570626] i2c i2c-2: using DT '/ocp/interconnect@48000000/segment@100000/target-module@9c000/i2c@0' for 'scl' GPIO lookup
[    0.570703] of_get_named_gpiod_flags: can't parse 'scl-gpios' property of node '/ocp/interconnect@48000000/segment@100000/target-module@9c000/i2c@0[0]'
[    0.570746] of_get_named_gpiod_flags: can't parse 'scl-gpio' property of node '/ocp/interconnect@48000000/segment@100000/target-module@9c000/i2c@0[0]'
[    0.570783] i2c i2c-2: using lookup tables for GPIO lookup
[    0.570793] i2c i2c-2: No GPIO consumer scl found
[    0.570814] i2c i2c-2: using DT '/ocp/interconnect@48000000/segment@100000/target-module@9c000/i2c@0' for 'sda' GPIO lookup
[    0.570849] of_get_named_gpiod_flags: can't parse 'sda-gpios' property of node '/ocp/interconnect@48000000/segment@100000/target-module@9c000/i2c@0[0]'
[    0.570886] of_get_named_gpiod_flags: can't parse 'sda-gpio' property of node '/ocp/interconnect@48000000/segment@100000/target-module@9c000/i2c@0[0]'
[    0.570918] i2c i2c-2: using lookup tables for GPIO lookup
[    0.570925] i2c i2c-2: No GPIO consumer sda found
[    0.571844] omap_i2c 4819c000.i2c: bus 2 rev0.11 at 100 kHz
[    0.577407] gpiochip_find_base_unlocked: found new base at 544
[    0.577511] gpio gpiochip1: (gpio-32-63): created GPIO range 0->17 ==> 44e10800.pinmux PIN 34->51
[    0.577533] gpio gpiochip1: (gpio-32-63): created GPIO range 18->21 ==> 44e10800.pinmux PIN 77->80
[    0.577549] gpio gpiochip1: (gpio-32-63): created GPIO range 22->31 ==> 44e10800.pinmux PIN 56->65
[    0.596440] gpio gpiochip1: (gpio-32-63): added GPIO chardev (254:1)
[    0.596665] gpio gpiochip1: registered GPIOs 544 to 575 on gpio-32-63
[    0.598988] gpiochip_find_base_unlocked: found new base at 576
[    0.599080] gpio gpiochip2: (gpio-64-95): created GPIO range 0->4 ==> 44e10800.pinmux PIN 66->70
[    0.599100] gpio gpiochip2: (gpio-64-95): created GPIO range 5->6 ==> 44e10800.pinmux PIN 98->99
[    0.599116] gpio gpiochip2: (gpio-64-95): created GPIO range 7->8 ==> 44e10800.pinmux PIN 75->76
[    0.599132] gpio gpiochip2: (gpio-64-95): created GPIO range 13->13 ==> 44e10800.pinmux PIN 141->141
[    0.599147] gpio gpiochip2: (gpio-64-95): created GPIO range 14->21 ==> 44e10800.pinmux PIN 100->107
[    0.599792] gpio gpiochip2: (gpio-64-95): added GPIO chardev (254:2)
[    0.599996] gpio gpiochip2: registered GPIOs 576 to 607 on gpio-64-95
[    0.605918] 48000000.interconnect:segment@200000:target-module@0:mpu@0:fck: device ID is greater than 24
[    0.606819] /ocp/interconnect@48000000/segment@300000/target-module@e000/lcdc@0: Fixed dependency cycle(s) with /ocp/interconnect@44c00000/segment@200000/target-module@b000/i2c@0/tda19988@70
[    0.609655] /ocp/interconnect@48000000/segment@300000/target-module@e000/lcdc@0: Fixed dependency cycle(s) with /ocp/interconnect@44c00000/segment@200000/target-module@b000/i2c@0/tda19988@70
[    0.610360] /ocp/interconnect@44c00000/segment@200000/target-module@b000/i2c@0/tda19988@70: Fixed dependency cycle(s) with /ocp/interconnect@48000000/segment@300000/target-module@e000/lcdc@0
[    0.610521] /ocp/interconnect@48000000/segment@300000/target-module@e000/lcdc@0: Fixed dependency cycle(s) with /ocp/interconnect@44c00000/segment@200000/target-module@b000/i2c@0/tda19988@70
[    0.620337] mdio_bus 4a101000.mdio: using DT '/ocp/interconnect@4a000000/segment@0/target-module@100000/switch@0/mdio@1000' for 'reset' GPIO lookup
[    0.620407] of_get_named_gpiod_flags: can't parse 'reset-gpios' property of node '/ocp/interconnect@4a000000/segment@0/target-module@100000/switch@0/mdio@1000[0]'
[    0.620454] of_get_named_gpiod_flags: can't parse 'reset-gpio' property of node '/ocp/interconnect@4a000000/segment@0/target-module@100000/switch@0/mdio@1000[0]'
[    0.620502] mdio_bus 4a101000.mdio: using lookup tables for GPIO lookup
[    0.620512] mdio_bus 4a101000.mdio: No GPIO consumer reset found
[    0.621684] sdhci-omap 481d8000.mmc: using DT '/ocp/interconnect@48000000/segment@100000/target-module@d8000/mmc@0' for 'wp' GPIO lookup
[    0.621746] of_get_named_gpiod_flags: can't parse 'wp-gpios' property of node '/ocp/interconnect@48000000/segment@100000/target-module@d8000/mmc@0[0]'
[    0.621789] of_get_named_gpiod_flags: can't parse 'wp-gpio' property of node '/ocp/interconnect@48000000/segment@100000/target-module@d8000/mmc@0[0]'
[    0.621823] sdhci-omap 481d8000.mmc: using lookup tables for GPIO lookup
[    0.621833] sdhci-omap 481d8000.mmc: No GPIO consumer wp found
[    0.622032] sdhci-omap 481d8000.mmc: supply pbias not found, using dummy regulator
[    0.622558] sdhci-omap 481d8000.mmc: supply vqmmc not found, using dummy regulator
[    0.672726] davinci_mdio 4a101000.mdio: davinci mdio revision 1.6, bus freq 1000000
[    0.690811] mdio_bus 4a101000.mdio:00: using DT '/ocp/interconnect@4a000000/segment@0/target-module@100000/switch@0/mdio@1000/ethernet-phy@0' for 'reset' GPIO lookup
[    0.690911] of_get_named_gpiod_flags: parsed 'reset-gpios' property of node '/ocp/interconnect@4a000000/segment@0/target-module@100000/switch@0/mdio@1000/ethernet-phy@0[0]' - status (0)
[    0.691075] gpio gpiochip0: Persistence not supported for GPIO 8
[    0.830988] davinci_mdio 4a101000.mdio: phy[0]: device 4a101000.mdio:00, driver SMSC LAN8710/LAN8720
[    0.831905] cpsw-switch 4a100000.switch: initialized cpsw ale version 1.4
[    0.831930] cpsw-switch 4a100000.switch: ALE Table size 1024, Policers 0
[    0.841922] cpsw-switch 4a100000.switch: cpts: overflow check period 500 (jiffies)
[    0.841945] cpsw-switch 4a100000.switch: CPTS: ref_clk_freq:250000000 calc_mult:2147483648 calc_shift:29 error:0 nsec/sec
[    0.842053] cpsw-switch 4a100000.switch: Detected MACID = 6c:ec:eb:68:de:78
[    0.843906] cpsw-switch 4a100000.switch: initialized (regs 0x4a100000, pool size 256) hw_ver:0019010C 1.12 (0)
[    0.855075] debugfs: '49000000.dma' already exists in 'dmaengine'
[    0.855119] edma 49000000.dma: TI EDMA DMA engine driver
[    0.900906] gpio-clk clk_mcasp0: using DT '/clk_mcasp0' for 'enable' GPIO lookup
[    0.900982] of_get_named_gpiod_flags: parsed 'enable-gpios' property of node '/clk_mcasp0[0]' - status (0)
[    0.901027] gpio gpiochip0: Persistence not supported for GPIO 27
[    0.902118] gpiochip_find_base_unlocked: found new base at 608
[    0.902232] gpio gpiochip3: (gpio-96-127): created GPIO range 0->7 ==> 44e10800.pinmux PIN 82->89
[    0.902253] gpio gpiochip3: (gpio-96-127): created GPIO range 8->11 ==> 44e10800.pinmux PIN 52->55
[    0.902269] gpio gpiochip3: (gpio-96-127): created GPIO range 12->15 ==> 44e10800.pinmux PIN 94->97
[    0.902284] gpio gpiochip3: (gpio-96-127): created GPIO range 16->17 ==> 44e10800.pinmux PIN 71->72
[    0.902303] gpio gpiochip3: (gpio-96-127): created GPIO range 18->18 ==> 44e10800.pinmux PIN 135->135
[    0.902319] gpio gpiochip3: (gpio-96-127): created GPIO range 19->20 ==> 44e10800.pinmux PIN 108->109
[    0.902337] gpio gpiochip3: (gpio-96-127): created GPIO range 21->21 ==> 44e10800.pinmux PIN 73->73
[    0.902354] gpio gpiochip3: (gpio-96-127): created GPIO range 22->23 ==> 44e10800.pinmux PIN 8->9
[    0.902376] gpio gpiochip3: (gpio-96-127): created GPIO range 26->27 ==> 44e10800.pinmux PIN 10->11
[    0.902395] gpio gpiochip3: (gpio-96-127): created GPIO range 28->28 ==> 44e10800.pinmux PIN 74->74
