Labgrid Console Logfile for main
Logfile started at 2025-10-24 07:50:22.702951
=== Log starts here ===
reading args
spl_load_image_fat_os: error reading image args, err - -1
reading u-boot.img
reading u-boot.img


U-Boot 2014.04-00014-g47880f5 (Apr 22 2014 - 13:23:54)

I2C:   ready
DRAM:  512 MiB
NAND:  0 MiB
MMC:   OMAP SD/MMC: 0, OMAP SD/MMC: 1
*** Warning - readenv() failed, using default environment

Net:   <ethaddr> not set. Validating first E-fuse MAC
cpsw, usb_ether
Hit any key to stop autoboot:  1  0 
gpio: pin 53 (gpio 53) value is 1
mmc0 is current device
gpio: pin 54 (gpio 54) value is 1
SD/MMC found on device 0
reading uEnv.txt
569 bytes read in 4 ms (138.7 KiB/s)
gpio: pin 55 (gpio 55) value is 1
Loaded environment from uEnv.txt
Importing environment from mmc ...
Checking if uenvcmd is set ...
gpio: pin 56 (gpio 56) value is 1
Running uenvcmd ...
cpsw Waiting for PHY auto negotiation to complete. done
link up on port 0, speed 100, full duplex
Using cpsw device
TFTP from server 192.168.255.126; our IP address is 192.168.255.1
Filename 'zImage'.
Load address: 0x81000000
Loading: *T #################################################################
	 #################################################################
	 #################################################################
	 #################################################################
	 #################################################################
	 ###############################################################
	 767.6 KiB/s
done
Bytes transferred = 5683744 (56ba20 hex)
link up on port 0, speed 100, full duplex
Using cpsw device
TFTP from server 192.168.255.126; our IP address is 192.168.255.1
Filename 'am335x-boneblack.dtb'.
Load address: 0x82000000
Loading: *#######
	 2.4 MiB/s
done
Bytes transferred = 98148 (17f64 hex)
Kernel image @ 0x81000000 [ 0x000000 - 0x56ba20 ]
## Flattened Device Tree blob at 82000000
   Booting using the fdt blob at 0x82000000
   Using Device Tree in place at 82000000, end 8201af63

Starting kernel ...

[    0.000000] Booting Linux on physical CPU 0x0
[    0.000000] Linux version 6.18.0-rc2-next-20251024 (user01@drvtest01) (arm-none-eabi-gcc (Arm GNU Toolchain 14.2.Rel1 (Build arm-14.52)) 14.2.1 20241119, GNU ld (Arm GNU Toolchain 14.2.Rel1 (Build arm-14.52)) 2.43.1.20241119) #1 SMP Fri Oct 24 07:48:35 EEST 2025
[    0.000000] CPU: ARMv7 Processor [413fc082] revision 2 (ARMv7), cr=10c5387d
[    0.000000] CPU: PIPT / VIPT nonaliasing data cache, VIPT aliasing instruction cache
[    0.000000] OF: fdt: Machine model: TI AM335x BeagleBone Black
[    0.000000] Memory policy: Data cache writeback
[    0.000000] cma: Reserved 16 MiB at 0x9e800000
[    0.000000] Zone ranges:
[    0.000000]   Normal   [mem 0x0000000080000000-0x000000009fdfffff]
[    0.000000]   HighMem  empty
[    0.000000] Movable zone start for each node
[    0.000000] Early memory node ranges
[    0.000000]   node   0: [mem 0x0000000080000000-0x000000009fdfffff]
[    0.000000] Initmem setup node 0 [mem 0x0000000080000000-0x000000009fdfffff]
[    0.000000] On node 0, zone Normal: 512 pages in unavailable ranges
[    0.000000] OF: reserved mem: Reserved memory: No reserved-memory node in the DT
[    0.000000] CPU: All CPU(s) started in SVC mode.
[    0.000000] AM335X ES2.1 (sgx neon)
[    0.000000] percpu: Embedded 17 pages/cpu s40012 r8192 d21428 u69632
[    0.000000] Kernel command line: console=ttyO0,115200n8 root=/dev/nfs rw nfsroot=192.168.255.126:/home/user01/nfs,nfsvers=3 ip=192.168.255.1:192.168.255.126::255.255.255.0:bbb1:eth0 nfsrootdebug
[    0.000000] Unknown kernel command line parameters "nfsrootdebug", will be passed to user space.
[    0.000000] printk: log buffer data + meta data: 65536 + 204800 = 270336 bytes
[    0.000000] Dentry cache hash table entries: 65536 (order: 6, 262144 bytes, linear)
[    0.000000] Inode-cache hash table entries: 32768 (order: 5, 131072 bytes, linear)
[    0.000000] Built 1 zonelists, mobility grouping on.  Total pages: 130560
[    0.000000] mem auto-init: stack:off, heap alloc:off, heap free:off
[    0.000000] SLUB: HWalign=16, Order=0-3, MinObjects=0, CPUs=1, Nodes=1
[    0.000000] rcu: Hierarchical RCU implementation.
[    0.000000] rcu: 	RCU event tracing is enabled.
[    0.000000] rcu: 	RCU restricting CPUs from NR_CPUS=2 to nr_cpu_ids=1.
[    0.000000] 	Tracing variant of Tasks RCU enabled.
[    0.000000] rcu: RCU calculated value of scheduler-enlistment delay is 10 jiffies.
[    0.000000] rcu: Adjusting geometry for rcu_fanout_leaf=16, nr_cpu_ids=1
[    0.000000] RCU Tasks Trace: Setting shift to 0 and lim to 1 rcu_task_cb_adjust=1 rcu_task_cpu_ids=1.
[    0.000000] NR_IRQS: 16, nr_irqs: 16, preallocated irqs: 16
[    0.000000] IRQ: Found an INTC at 0x(ptrval) (revision 5.0) with 128 interrupts
[    0.000000] rcu: srcu_init: Setting srcu_struct sizes based on contention.
[    0.000000] TI gptimer clocksource: always-on /ocp/interconnect@44c00000/segment@200000/target-module@31000
[    0.000003] sched_clock: 32 bits at 24MHz, resolution 41ns, wraps every 89478484971ns
[    0.000026] clocksource: dmtimer: mask: 0xffffffff max_cycles: 0xffffffff, max_idle_ns: 79635851949 ns
[    0.000494] TI gptimer clockevent: 24000000 Hz at /ocp/interconnect@48000000/segment@0/target-module@40000
[    0.002063] Console: colour dummy device 80x30
[    0.002130] WARNING: Your 'console=ttyO0' has been replaced by 'ttyS0'
[    0.002140] This ensures that you still see kernel messages. Please
[    0.002144] update your kernel commandline.
[    0.002187] Calibrating delay loop... 996.14 BogoMIPS (lpj=4980736)
[    0.090603] CPU: Testing write buffer coherency: ok
[    0.090686] CPU0: Spectre v2: using BPIALL workaround
[    0.090696] pid_max: default: 32768 minimum: 301
[    0.091011] Mount-cache hash table entries: 1024 (order: 0, 4096 bytes, linear)
[    0.091034] Mountpoint-cache hash table entries: 1024 (order: 0, 4096 bytes, linear)
[    0.092633] CPU0: thread -1, cpu 0, socket -1, mpidr 0
[    0.092691] cacheinfo: Unable to detect cache hierarchy for CPU 0
[    0.094694] Setting up static identity map for 0x80100000 - 0x80100078
[    0.095013] rcu: Hierarchical SRCU implementation.
[    0.095024] rcu: 	Max phase no-delay instances is 1000.
[    0.096730] smp: Bringing up secondary CPUs ...
[    0.096781] smp: Brought up 1 node, 1 CPU
[    0.096792] SMP: Total of 1 processors activated (996.14 BogoMIPS).
[    0.096804] CPU: All CPU(s) started in SVC mode.
[    0.096997] Memory: 480992K/522240K available (11264K kernel code, 1226K rwdata, 2952K rodata, 1024K init, 256K bss, 23336K reserved, 16384K cma-reserved, 0K highmem)
[    0.097812] devtmpfs: initialized
[    0.115226] VFP support v0.3: implementor 41 architecture 3 part 30 variant c rev 3
[    0.115913] clocksource: jiffies: mask: 0xffffffff max_cycles: 0xffffffff, max_idle_ns: 19112604462750000 ns
[    0.115969] posixtimers hash table entries: 512 (order: 0, 4096 bytes, linear)
[    0.115994] futex hash table entries: 256 (16384 bytes on 1 NUMA nodes, total 16 KiB, linear).
[    0.119198] NET: Registered PF_NETLINK/PF_ROUTE protocol family
[    0.122306] DMA: preallocated 256 KiB pool for atomic coherent allocations
[    0.122918] audit: initializing netlink subsys (disabled)
[    0.124255] thermal_sys: Registered thermal governor 'fair_share'
[    0.124271] thermal_sys: Registered thermal governor 'step_wise'
[    0.124278] thermal_sys: Registered thermal governor 'user_space'
[    0.124391] audit: type=2000 audit(0.120:1): state=initialized audit_enabled=0 res=1
[    0.124463] cpuidle: using governor menu
[    0.142533] /ocp/interconnect@44c00000/segment@200000/target-module@b000/i2c@0/tda19988@70: Fixed dependency cycle(s) with /ocp/interconnect@48000000/segment@300000/target-module@e000/lcdc@0
[    0.143623] /ocp/interconnect@48000000/segment@300000/target-module@e000/lcdc@0: Fixed dependency cycle(s) with /ocp/interconnect@44c00000/segment@200000/target-module@b000/i2c@0/tda19988@70
[    0.145823] No ATAGs?
[    0.145862] hw-breakpoint: debug architecture 0x4 unsupported.
[    0.148923] kprobes: kprobe jump-optimization is enabled. All kprobes are optimized if possible.
[    0.153939] iommu: Default domain type: Translated
[    0.153963] iommu: DMA domain TLB invalidation policy: strict mode
[    0.161451] SCSI subsystem initialized
[    0.162340] pps_core: LinuxPPS API ver. 1 registered
[    0.162350] pps_core: Software ver. 5.3.6 - Copyright 2005-2007 Rodolfo Giometti <giometti@linux.it>
[    0.162374] PTP clock support registered
[    0.171352] vgaarb: loaded
[    0.171736] clocksource: Switched to clocksource dmtimer
[    0.172408] VFS: Disk quotas dquot_6.6.0
[    0.172472] VFS: Dquot-cache hash table entries: 1024 (order 0, 4096 bytes)
[    0.197343] NET: Registered PF_INET protocol family
[    0.197672] IP idents hash table entries: 8192 (order: 4, 65536 bytes, linear)
[    0.199100] tcp_listen_portaddr_hash hash table entries: 512 (order: 0, 4096 bytes, linear)
[    0.199136] Table-perturb hash table entries: 65536 (order: 6, 262144 bytes, linear)
[    0.199153] TCP established hash table entries: 4096 (order: 2, 16384 bytes, linear)
[    0.199199] TCP bind hash table entries: 4096 (order: 4, 65536 bytes, linear)
[    0.199300] TCP: Hash tables configured (established 4096 bind 4096)
[    0.199426] UDP hash table entries: 256 (order: 1, 14336 bytes, linear)
[    0.199460] UDP-Lite hash table entries: 256 (order: 1, 14336 bytes, linear)
[    0.199666] NET: Registered PF_UNIX/PF_LOCAL protocol family
[    0.212367] RPC: Registered named UNIX socket transport module.
[    0.212390] RPC: Registered udp transport module.
[    0.212396] RPC: Registered tcp transport module.
[    0.212401] RPC: Registered tcp-with-tls transport module.
[    0.212406] RPC: Registered tcp NFSv4.1 backchannel transport module.
[    0.212432] PCI: CLS 0 bytes, default 64
[    0.213836] Initialise system trusted keyrings
[    0.214608] workingset: timestamp_bits=14 max_order=17 bucket_order=3
[    0.216386] NFS: Registering the id_resolver key type
[    0.216463] Key type id_resolver registered
[    0.216470] Key type id_legacy registered
[    0.216585] jffs2: version 2.2. (NAND) (SUMMARY)  Â© 2001-2006 Red Hat, Inc.
[    0.217055] Key type asymmetric registered
[    0.217074] Asymmetric key parser 'x509' registered
[    0.217148] io scheduler mq-deadline registered
[    0.217157] io scheduler kyber registered
[    0.217240] io scheduler bfq registered
[    0.219107] target-module@4b000000:target-module@140000:pmu@0:fck: device ID is greater than 24
[    0.232392] ledtrig-cpu: registered to indicate activity on CPUs
[    0.236152] Serial: 8250/16550 driver, 6 ports, IRQ sharing enabled
[    0.278676] brd: module loaded
[    0.296865] loop: module loaded
[    0.297802] mtdoops: mtd device (mtddev=name/number) must be supplied
[    0.300812] i2c_dev: i2c /dev entries driver
[    0.302016] cpuidle: enable-method property 'ti,am3352' found operations
[    0.302487] sdhci: Secure Digital Host Controller Interface driver
[    0.302499] sdhci: Copyright(c) Pierre Ossman
[    0.302682] sdhci-pltfm: SDHCI platform and OF driver helper
[    0.314430] hw perfevents: enabled with armv7_cortex_a8 PMU driver, 5 (8000000f) counters available
[    0.314968] Initializing XFRM netlink socket
[    0.315138] NET: Registered PF_INET6 protocol family
[    0.317155] Segment Routing with IPv6
[    0.317235] In-situ OAM (IOAM) with IPv6
[    0.317330] sit: IPv6, IPv4 and MPLS over IPv4 tunneling driver
[    0.318295] NET: Registered PF_PACKET protocol family
[    0.318324] NET: Registered PF_KEY protocol family
[    0.318447] Key type dns_resolver registered
[    0.318672] ThumbEE CPU extension supported.
[    0.318693] Registering SWP/SWPB emulation handler
[    0.319218] omap_voltage_late_init: Voltage driver support not added
[    0.319888] SmartReflex Class3 initialized
[    0.353932] Loading compiled-in X.509 certificates
[    0.396976] /ocp/interconnect@44c00000/segment@200000/target-module@b000/i2c@0/tda19988@70: Fixed dependency cycle(s) with /ocp/interconnect@48000000/segment@300000/target-module@e000/lcdc@0
[    0.403524] /ocp/interconnect@44c00000/segment@200000/target-module@b000/i2c@0/tda19988@70: Fixed dependency cycle(s) with /ocp/interconnect@48000000/segment@300000/target-module@e000/lcdc@0
[    0.444687] /ocp/interconnect@44c00000/segment@200000/target-module@b000/i2c@0/tda19988@70: Fixed dependency cycle(s) with /ocp/interconnect@48000000/segment@300000/target-module@e000/lcdc@0
[    0.445573] /ocp/interconnect@44c00000/segment@200000/target-module@b000/i2c@0/tda19988@70: Fixed dependency cycle(s) with /ocp/interconnect@48000000/segment@300000/target-module@e000/lcdc@0
[    0.449077] /ocp/interconnect@44c00000/segment@200000/target-module@10000/scm@0/pinmux@800: Fixed dependency cycle(s) with /ocp/interconnect@44c00000/segment@200000/target-module@10000/scm@0/pinmux@800/clkout2-pins
[    0.449671] pinctrl-single 44e10800.pinmux: 142 pins, size 568
[    0.455290] ti-sysc 44e31000.target-module: probe with driver ti-sysc failed with error -16
[    0.483249] /ocp/interconnect@48000000/segment@300000/target-module@e000/lcdc@0: Fixed dependency cycle(s) with /ocp/interconnect@44c00000/segment@200000/target-module@b000/i2c@0/tda19988@70
[    0.491343] ti-sysc 48040000.target-module: probe with driver ti-sysc failed with error -16
[    0.550756] OMAP GPIO hardware version 0.1
[    0.583583] omap_i2c 4819c000.i2c: bus 2 rev0.11 at 100 kHz
[    0.624779] 48000000.interconnect:segment@200000:target-module@0:mpu@0:fck: device ID is greater than 24
[    0.625670] /ocp/interconnect@48000000/segment@300000/target-module@e000/lcdc@0: Fixed dependency cycle(s) with /ocp/interconnect@44c00000/segment@200000/target-module@b000/i2c@0/tda19988@70
[    0.628535] /ocp/interconnect@48000000/segment@300000/target-module@e000/lcdc@0: Fixed dependency cycle(s) with /ocp/interconnect@44c00000/segment@200000/target-module@b000/i2c@0/tda19988@70
[    0.629241] /ocp/interconnect@44c00000/segment@200000/target-module@b000/i2c@0/tda19988@70: Fixed dependency cycle(s) with /ocp/interconnect@48000000/segment@300000/target-module@e000/lcdc@0
[    0.629396] /ocp/interconnect@48000000/segment@300000/target-module@e000/lcdc@0: Fixed dependency cycle(s) with /ocp/interconnect@44c00000/segment@200000/target-module@b000/i2c@0/tda19988@70
[    0.637218] sdhci-omap 481d8000.mmc: supply pbias not found, using dummy regulator
[    0.637707] sdhci-omap 481d8000.mmc: supply vqmmc not found, using dummy regulator
[    0.713336] davinci_mdio 4a101000.mdio: davinci mdio revision 1.6, bus freq 1000000
[    0.855363] davinci_mdio 4a101000.mdio: phy[0]: device 4a101000.mdio:00, driver SMSC LAN8710/LAN8720
[    0.856147] cpsw-switch 4a100000.switch: initialized cpsw ale version 1.4
[    0.856169] cpsw-switch 4a100000.switch: ALE Table size 1024, Policers 0
[    0.863516] cpsw-switch 4a100000.switch: cpts: overflow check period 500 (jiffies)
[    0.863541] cpsw-switch 4a100000.switch: CPTS: ref_clk_freq:250000000 calc_mult:2147483648 calc_shift:29 error:0 nsec/sec
[    0.863651] cpsw-switch 4a100000.switch: Detected MACID = 6c:ec:eb:68:de:78
[    0.865531] cpsw-switch 4a100000.switch: initialized (regs 0x4a100000, pool size 256) hw_ver:0019010C 1.12 (0)
[    0.877969] debugfs: '49000000.dma' already exists in 'dmaengine'
[    0.878014] edma 49000000.dma: TI EDMA DMA engine driver
[    0.942718] 44e09000.serial: ttyS0 at MMIO 0x44e09000 (irq = 34, base_baud = 3000000) is a 8250
[    0.942841] printk: legacy console [ttyS0] enabled
 [    2.432692] tps65217-pmic: Failed to locate of_node [id: -1]
[    2.438758] tps65217-bl: Failed to locate of_node [id: -1]
[    2.444825] platform tps65217-charger: DMA mask not set
[    2.450873] platform tps65217-pwrbutton: DMA mask not set
[    2.458121] tps65217 0-0024: TPS65217 ID 0xe version 1.2
[    2.464239] /ocp/interconnect@48000000/segment@300000/target-module@e000/lcdc@0: Fixed dependency cycle(s) with /ocp/interconnect@44c00000/segment@200000/target-module@b000/i2c@0/tda19988@70
[     2.481646] /ocp/interconnect@44c00000/segment@200000/target-module@b000/i2c@0/tda19988@70: Fixed dependency cycle(s) with /ocp/interconnect@48000000/segment@300000/target-module@e000/lcdc@0
[    2.499037] omap_i2c 44e0b000.i2c: bus 0 rev0.11 at 400 kHz
[    2.507130] omap_gpio 44e07000.gpio: Could not set line 6 debounce to 200000 microseconds (-22)
[    2.516026] sdhci-omap 48060000.mmc: Got CD GPIO
[    2.521037] sdhci-omap 48060000.mmc: supply pbias not found, using dummy regulator
[    2.531565] sdhci-omap 48060000.mmc: supply vqmmc not found, using dummy regulator
[    2.540187] sdhci-omap 481d8000.mmc: supply pbias not found, using dummy regulator
[    2.548890] sdhci-omap 481d8000.mmc: supply vqmmc not found, using dummy regulator
[    2.587790] mmc1: SDHCI controller on 481d8000.mmc [481d8000.mmc] using External DMA
[    2.596235] mmc0: SDHCI controller on 48060000.mmc [48060000.mmc] using External DMA
[    2.605049] cpsw-switch 4a100000.switch: starting ndev. mode: dual_mac
[    2.672037] mmc1: new high speed MMC card at address 0001
[    2.678869] mmcblk1: mmc1:0001 MMC04G 3.60 GiB
[    2.686774]  mmcblk1: p1 p2
[    2.690513] SMSC LAN8710/LAN8720 4a101000.mdio:00: attached PHY driver (mii_bus:phy_addr=4a101000.mdio:00, irq=POLL)
[    2.703214] mmcblk1boot0: mmc1:0001 MMC04G 2.00 MiB
[    2.717109] mmcblk1boot1: mmc1:0001 MMC04G 2.00 MiB
[    2.726059] mmcblk1rpmb: mmc1:0001 MMC04G 128 KiB, chardev (249:0)
[    2.775341] mmc0: new high speed SDHC card at address aaaa
[    2.782282] mm
[    5.842495] cpsw-switch 4a100000.switch eth0: Link is Up - 100Mbps/Full - flow control off
[    5.871747] IP-Config: Complete:
[    5.875021]      device=eth0, hwaddr=6c:ec:eb:68:de:78, ipaddr=192.168.255.1, mask=255.255.255.0, gw=255.255.255.255
[    5.885668]      host=bbb1, domain=, nis-domain=(none)
[    5.890838]      bootserver=192.168.255.126, rootserver=192.168.255.126, rootpath=
[    5.891261] clk: Disabling unused clocks
[    5.903114] PM: genpd: Disabling unused power domains
[    5.908282] KTAP version 1
[    5.911007] 1..0
[    5.913808] check access for rdinit=/init failed: -2, ignoring
[    5.942197] VFS: Mounted root (nfs filesystem) on device 0:17.
[    5.949074] devtmpfs: mounted
[    5.953789] Freeing unused kernel image (initmem) memory: 1024K
[    5.960378] Run /sbin/init as init process
[    6.646368] systemd[1]: System time before build time, advancing clock.
[    8.181755] random: crng init done
[    8.214422] systemd[1]: systemd 232 running in system mode. (+PAM +AUDIT +SELINUX +IMA +APPARMOR +SMACK +SYSVINIT +UTMP +LIBCRYPTSETUP +GCRYPT +GNUTLS +ACL +XZ +LZ4 +SECCOMP +BLKID +ELFUTILS +KMOD +IDN)
[    8.233537] systemd[1]: Detected architecture arm.

Welcome to [1mDebian GNU/Linux 9 (stretch)[0m!

[    8.265604] systemd[1]: Set hostname to <arm>.
[    9.367778] systemd[1]: Started Forward Password Requests to Wall Directory Watch.
[[0;32m  OK  [0m] Started Forward Password Requests to Wall Directory Watch.
[    9.405879] systemd[1]: syslog.socket: SO_PASSSEC failed: Operation not supported
[    9.413851] systemd[1]: Listening on Syslog Socket.
[[0;32m  OK  [0m] Listening on Syslog Socket.
[    9.442504] systemd[1]: Listening on udev Kernel Socket.
[[0;32m  OK  [0m] Listening on udev Kernel Socket.
[    9.473676] systemd[1]: Listening on /dev/initctl Compatibility Named Pipe.
[[0;32m  OK  [0m] Listening on /dev/initctl Compatibility Named Pipe.
[    9.502155] systemd[1]: Reached target Remote File Systems.
[[0;32m  OK  [0m] Reached target Remote File Systems.
[    9.532328] systemd[1]: systemd-journald-dev-log.socket: SO_PASSSEC failed: Operation not supported
[[0;32m  OK  [0m] Listening on Journal Socket (/dev/log).
[[0;32m  OK  [0m] Reached target Swap.
[[0;32m  OK  [0m] Created slice System Slice.
[[0;32m  OK  [0m] Created slice system-getty.slice.
[[0;32m  OK  [0m] Created slice User and Session Slice.
[[0;32m  OK  [0m] Reached target Slices.
[[0;32m  OK  [0m] Listening on Journal Audit Socket.
         Mounting Debug File System...
[[0;32m  OK  [0m] Set up automount Arbitrary Executabâ€¦rmats File System Automount Point.
[[0;32m  OK  [0m] Created slice system-serial\x2dgetty.slice.
[[0;32m  OK  [0m] Listening on udev Control Socket.
[[0;32m  OK  [0m] Listening on Journal Socket.
         Starting Load Kernel Modules...
         Starting Create list of required stâ€¦ce nodes for the current kernel...
         Starting Remount Root and Kernel File Systems...
         Starting Journal Service...
         Mounting POSIX Message Queue File System...
[[0;32m  OK  [0m] Started Dispatch Password Requests to Console Directory Watch.
[[0;32m  OK  [0m] Reached target Encrypted Volumes.
[[0;32m  OK  [0m] Reached target Paths.
[[0;32m  OK  [0m] Mounted Debug File System.
[[0;32m  OK  [0m] Started Create list of required staâ€¦vice nodes for the current kernel.
[[0;32m  OK  [0m] Mounted POSIX Message Queue File System.
[[0;32m  OK  [0m] Started Load Kernel Modules.
[[0;32m  OK  [0m] Started Remount Root and Kernel File Systems.
         Starting udev Coldplug all Devices...
         Starting Load/Save Random Seed...
         Mounting Configuration File System...
         Starting Apply Kernel Variables...
         Starting Create Static Device Nodes in /dev...
[[0;32m  OK  [0m] Mounted Configuration File System.
[[0;32m  OK  [0m] Started Load/Save Random Seed.
[[0;32m  OK  [0m] Started Apply Kernel Variables.
[[0;32m  OK  [0m] Started Journal Service.
[[0;32m  OK  [0m] Started Create Static Device Nodes in /dev.
         Starting udev Kernel Device Manager...
[[0;32m  OK  [0m] Reached target Local File Systems (Pre).
[[0;32m  OK  [0m] Reached target Local File Systems.
         Starting Raise network interfaces...
         Starting Flush Journal to Persistent Storage...
[   11.832265] systemd-journald[84]: Received request to flush runtime journal from PID 1
[[0;32m  OK  [0m] Started Flush Journal to Persistent Storage.
         Starting Create Volatile Files and Directories...
[[0;32m  OK  [0m] Started udev Kernel Device Manager.
[   12.642399] omap_prm 44e00d00.prm: sync_state() pending due to 44d00000.cpu
[[0;32m  OK  [0m] Started Create Volatile Files and Directories.
         Starting Update UTMP about System Boot/Shutdown...
         Starting Network Time Synchronization...
[[0;32m  OK  [0m] Started udev Coldplug all Devices.
[[0;32m  OK  [0m] Started Update UTMP about System Boot/Shutdown.
[   14.805214] remoteproc remoteproc0: wkup_m3 is available
[   15.020524] am335x-phy-driver 47401300.usb-phy: dummy supplies not allowed for exclusive requests (id=vbus)
[   15.154727] am335x-phy-driver 47401b00.usb-phy: dummy supplies not allowed for exclusive requests (id=vbus)
[   15.255844] usbcore: registered new interface driver usbfs
[   15.261491] usbcore: registered new interface driver hub
[   15.267134] usbcore: registered new device driver usb
[[0;32m  OK  [0m] Found device /dev/ttyS0.
[   15.522979] input: tps65217_pwrbutton as /devices/platform/ocp/44c00000.interconnect/44c00000.interconnect:segment@200000/44e0b000.target-module/44e0b000.i2c/i2c-0/0-0024/tps65217-pwrbutton/input/input0
[   15.572576] at24 2-0054: supply vcc not found, using dummy regulator
[   15.675325] at24 2-0055: supply vcc not found, using dummy regulator
[   15.757856] at24 2-0056: supply vcc not found, using dummy regulator
[   15.852740] at24 2-0057: supply vcc not found, using dummy regulator
[   15.991305] at24 0-0050: 32768 byte 24c256 EEPROM, writable, 1 bytes/write
[[0;32m  OK  [0m] Started Network Time Synchronization.
[[0;32m  OK  [0m] Reached target System Time Synchronized.
[   16.164464] musb-hdrc musb-hdrc.1: MUSB HDRC host driver
[   16.169884] musb-hdrc musb-hdrc.1: new USB bus registered, assigned bus number 1
[[0;32m  OK  [0m] Reached target System Initialization.
[[0;32m  OK  [0m] Listening on D-Bus System Message Bus Socket.
[   16.357423] omap_rtc 44e3e000.rtc: registered as rtc0
[   16.363616] omap_rtc 44e3e000.rtc: setting system clock to 2000-01-01T00:00:00 UTC (946684800)
[   16.402221] usb usb1: New USB device found, idVendor=1d6b, idProduct=0002, bcdDevice= 6.18
[   16.410582] usb usb1: New USB device strings: Mfr=3, Product=2, SerialNumber=1
[   16.417930] usb usb1: Product: MUSB HDRC host driver
[   16.422960] usb usb1: Manufacturer: Linux 6.18.0-rc2-next-20251024 musb-hcd
[   16.429960] usb usb1: SerialNumber: musb-hdrc.1
[[0;32m  OK  [0m] Listening on Avahi mDNS/DNS-SD Stack Activation Socket.
[[0;32m  OK  [0m] Reached target Sockets.
[[0;32m  OK  [0m] Reached target Basic System.
[   16.635459] omap_wdt: OMAP Watchdog Timer Rev 0x01: initial timeout 60 sec
[[0;32m  OK  [0m] Started Regular background program processing daemon.
[   16.813565] hub 1-0:1.0: USB hub found
         Starting Avahi mDNS/DNS-SD Stack...
[   16.839899] hub 1-0:1.0: 1 port detected
[[0;32m  OK  [0m] Started D-Bus System Message Bus.
[   17.724941] omap-mailbox 480c8000.mailbox: omap mailbox rev 0x400
[   17.824459] remoteproc remoteproc0: powering up wkup_m3
[   17.961366] tda998x 0-0070: found TDA19988
[   17.988694] remoteproc remoteproc0: Direct firmware load for am335x-pm-firmware.elf failed with error -2
[   17.998556] remoteproc remoteproc0: request_firmware failed: -2
[   18.004595] wkup_m3_ipc 44e11324.wkup_m3_ipc: rproc_boot failed
[   20.342822] omap_rng 48310000.rng: Random Number Generator ver. 20
[   20.480366] tilcdc 4830e000.lcdc: bound 0-0070 (ops tda998x_driver_exit [tda998x])
[[0;32m  OK  [0m] Started Avahi mDNS/DNS-SD Stack.
[   20.579018] [drm] Initialized tilcdc 1.0.0 for 4830e000.lcdc on minor 0
[   20.595440] ------------[ cut here ]------------
[   20.600136] WARNING: net/8021q/vlan_core.c:236 at vlan_for_each+0x114/0x134, CPU#0: avahi-daemon/177
[   20.609487] RTNL: assertion failed at net/8021q/vlan_core.c (236)
[   20.615647] Modules linked in: tilcdc(+) omap_rng drm_dma_helper rng_core drm_client_lib snd_soc_davinci_mcasp snd_soc_ti_udma snd_soc_ti_edma snd_soc_ti_sdma snd_soc_core snd_pcm_dmaengine snd_pcm snd_timer snd tda998x omap_mailbox soundcore cec drm_kms_helper drm omap_wdt watchdog rtc_omap wkup_m3_ipc musb_dsps musb_hdrc drm_panel_orientation_quirks udc_core at24 tps65218_pwrbutton usbcore phy_am335x phy_am335x_control wkup_m3_rproc phy_generic usb_common cppi41 leds_gpio cpufreq_dt led_class autofs4
[   20.660697] CPU: 0 UID: 107 PID: 177 Comm: avahi-daemon Not tainted 6.18.0-rc2-next-20251024 #1 NONE 
[   20.660718] Hardware name: Generic AM33XX (Flattened Device Tree)
[   20.660727] Call trace: 
[   20.660743]  unwind_backtrace from show_stack+0x10/0x14
[   20.660783]  show_stack from dump_stack_lvl+0x50/0x64
[   20.660809]  dump_stack_lvl from __warn+0x88/0x148
[   20.660827]  __warn from warn_slowpath_fmt+0x19c/0x1b0
[   20.660840]  warn_slowpath_fmt from vlan_for_each+0x114/0x134
[   20.660860]  vlan_for_each from cpsw_add_mc_addr+0x40/0xa4
[   20.660884]  cpsw_add_mc_addr from __hw_addr_ref_sync_dev+0x108/0x140
[   20.660914]  __hw_addr_ref_sync_dev from __dev_mc_add+0x7c/0x80
[   20.660937]  __dev_mc_add from igmp6_group_added+0xc8/0xe0
[   20.660966]  igmp6_group_added from __ipv6_dev_mc_inc+0x218/0x364
[   20.660984]  __ipv6_dev_mc_inc from __ipv6_sock_mc_join+0x11c/0x1c0
[   20.661002]  __ipv6_sock_mc_join from do_ipv6_setsockopt+0x1214/0x1310
[   20.661033]  do_ipv6_setsockopt from ipv6_setsockopt+0x60/0xcc
[   20.661055]  ipv6_setsockopt from udpv6_setsockopt+0x2c/0x6c
[   20.661079]  udpv6_setsockopt from sock_common_setsockopt+0x30/0x40
[   20.661114]  sock_common_setsockopt from do_sock_setsockopt+0x50/0x9c
[   20.661135]  do_sock_setsockopt from __sys_setsockopt+0x70/0xbc
[   20.661154]  __sys_setsockopt from ret_fast_syscall+0x0/0x58
[   20.661171] Exception stack(0xe0159fa8 to 0xe0159ff0)
[   20.661186] 9fa0:                   00000014 b6f61ce8 0000000d 00000029 00000014 bef3b9ec
[   20.661197] 9fc0: 00000014 b6f61ce8 00000014 00000126 0000000d b6f0aff4 004fe988 004e6558
[   20.661206] 9fe0: b6f20088 bef3b9d8 b6efd309 b6dd441a
[   20.661214] ---[ end trace 0000000000000000 ]---
[   20.861931] tilcdc 4830e000.lcdc: [drm] Cannot find any crtc or sizes
[   20.874421] tilcdc 4830e000.lcdc: [drm] Cannot find any crtc or sizes
         Starting Connection service...
         Starting Login Service...
         Starting System Logging Service...
         Starting Cape Manager Service...
         Starting LSB: Load kernel modules needed to enable cpufreq scaling...
         Starting Telephony service...
         Starting DUN service...
[[0;32m  OK  [0m] Started Daily Cleanup of Temporary Directories.
         Starting Generic Board Startup...
         Starting LSB: Start busybox udhcpd at boot time...
[   21.898953] PM: Cannot get wkup_m3_ipc handle
[[0;32m  OK  [0m] Started Daily apt download activities.
[   22.056961] omap-sham 53100000.sham: hw accel on OMAP rev 4.3
[[0;32m  OK  [0m] Started Daily apt upgrade and clean activities.
[[0;32m  OK  [0m] Reached target Timers.
[   22.162860] omap-sham 53100000.sham: will run requests pump with realtime priority
[   22.171460] PM: Cannot get wkup_m3_ipc handle
[   22.499736] omap-aes 53500000.aes: OMAP AES hw accel rev: 3.2
[   22.628314] omap-aes 53500000.aes: will run requests pump with realtime priority
[   22.643383] PM: Cannot get wkup_m3_ipc handle
[[0;32m  OK  [0m] Started System Logging Service.
[[0;32m  OK  [0m] Started Cape Manager Service.
[   25.239713] Bluetooth: Core ver 2.22
[   25.243746] NET: Registered PF_BLUETOOTH protocol family
[   25.249102] Bluetooth: HCI device and connection manager initialized
[   25.255619] Bluetooth: HCI socket layer initialized
[   25.260537] Bluetooth: L2CAP socket layer initialized
[   25.265703] Bluetooth: SCO socket layer initialized
[   25.958706] PM: Cannot get wkup_m3_ipc handle
[   25.997147] gpio-537 (nxp,calib): gpiod_direction_output_nonotify: tried to set a GPIO tied to an IRQ as output
[   26.101240] PM: Cannot get wkup_m3_ipc handle
[   26.280787] tda9950 0-0034: TDA9950 CEC interface, hardware version 3.3
[   26.361946] PM: Cannot get wkup_m3_ipc handle
[[0;32m  OK  [0m] Started LSB: Start busybox udhcpd at boot time.
[[0;32m  OK  [0m] Started Raise network interfaces.
[[0;32m  OK  [0m] Started LSB: Load kernel modules needed to enable cpufreq scaling.
[[0;32m  OK  [0m] Started DUN service.
[[0;32m  OK  [0m] Started Telephony service.
[[0;32m  OK  [0m] Started Connection service.
[   29.901083] configfs-gadget.g_multi gadget.0: HOST MAC 1c:ba:8c:a2:ed:6c
[   29.908069] configfs-gadget.g_multi gadget.0: MAC 1c:ba:8c:a2:ed:70
[   29.915468] configfs-gadget.g_multi gadget.0: HOST MAC 1c:ba:8c:a2:ed:6c
[   29.922330] configfs-gadget.g_multi gadget.0: MAC 1c:ba:8c:a2:ed:6d
[   29.938069] PM: Cannot get wkup_m3_ipc handle
[[0;32m  OK  [0m] Started Login Service.
         Starting Hostname Service...
         Starting WPA supplicant...
[[0;32m  OK  [0m] Reached target Sound Card.
         Starting LSB: set CPUFreq kernel parameters...
[[0;32m  OK  [0m] Started WPA supplicant.
[[0;32m  OK  [0m] Started Hostname Service.
[[0;32m  OK  [0m] Reached target Network.
[[0;32m  OK  [0m] Reached target Network is Online.
         Starting LSB: Advanced IEEE 802.11 management daemon...
         Starting The Apache HTTP Server...
         Starting Permit User Sessions...
         Starting OpenBSD Secure Shell server...
[[0;32m  OK  [0m] Started LSB: set CPUFreq kernel parameters.
[[0;32m  OK  [0m] Started LSB: Advanced IEEE 802.11 management daemon.
[[0;32m  OK  [0m] Started Permit User Sessions.
[[0;32m  OK  [0m] Started Getty on tty1.
[[0;32m  OK  [0m] Started Serial Getty on ttyS0.
[[0;32m  OK  [0m] Reached target Login Prompts.
         Stopping LSB: Start busybox udhcpd at boot time...
[[0;32m  OK  [0m] Started OpenBSD Secure Shell server.
[[0;32m  OK  [0m] Stopped LSB: Start busybox udhcpd at boot time.
         Starting dnsmasq - A lightweight DHCP and caching DNS server...
[[0;32m  OK  [0m] Started The Apache HTTP Server.
[[0;32m  OK  [0m] Started dnsmasq - A lightweight DHCP and caching DNS server.
[[0;32m  OK  [0m] Reached target Host and Network Name Lookups.
[[0;32m  OK  [0m] Started Serial Getty on ttyGS0.
[[0;32m  OK  [0m] Started Generic Board Startup.
[[0;32m  OK  [0m] Reached target Multi-User System.
[[0;32m  OK  [0m] Reached target Graphical Interface.
         Starting Update UTMP about System Runlevel Changes...
[[0;32m  OK  [0m] Started Update UTMP about System Runlevel Changes.

Debian GNU/Linux 9 arm ttyS0

default username:password is [debian:temppwd]

arm login: root
Password: 
Last login: Sat Jan  1 00:00:38 UTC 2000 on ttyS0
root
Linux arm 6.18.0-rc2-next-20251024 #1 SMP Fri Oct 24 07:48:35 EEST 2025 armv7l

The programs included with the Debian GNU/Linux system are free software;
the exact distribution terms for each program are described in the
individual files in /usr/share/doc/*/copyright.

Debian GNU/Linux comes with ABSOLUTELY NO WARRANTY, to the extent
permitted by applicable law.
root@arm:~# root
dmesg -n 1
-bash: root: command not found
root@arm:~# dmesg -n 1
root@arm:~# echo 'HAVL''XWNPWL'
HAVLXWNPWL
root@arm:~# run() { echo -n "$MARKER"; sh -c "$@"; echo "$MARKER $?"; }
root@arm:~# echo 'BOMT''CPJYYC'
BOMTCPJYYC
root@arm:~# MARKER='SUOV''KVAXXS' run 'cat /proc/version'
SUOVKVAXXSLinux version 6.18.0-rc2-next-20251024 (user01@drvtest01) (arm-none-eabi-gcc (Arm GNU Toolchain 14.2.Rel1 (Build arm-14.52)) 14.2.1 20241119, GNU ld (Arm GNU Toolchain 14.2.Rel1 (Build arm-14.52)) 2.43.1.20241119) #1 SMP Fri Oct 24 07:48:35 EEST 2025
SUOVKVAXXS 0
root@arm:~# echo 'AYNJ''VLZJBG'
AYNJVLZJBG
root@arm:~# MARKER='SWYW''NVQGLX' run false
SWYWNVQGLXSWYWNVQGLX 1
root@arm:~# Labgrid Console Logfile for main
Logfile started at 2025-10-24 07:51:30.148066
=== Log starts here ===

root@arm:~# run() { echo -n "$MARKER"; sh -c "$@"; echo "$MARKER $?"; }
root@arm:~# echo 'CSUB''JELSPB'
CSUBJELSPB
root@arm:~# MARKER='PMKF''UKLJEA' run 'ls /iio_generic_buffer; echo $?'
PMKFUKLJEA/iio_generic_buffer
0
PMKFUKLJEA 0
root@arm:~# Labgrid Console Logfile for main
Logfile started at 2025-10-24 07:51:33.509501
=== Log starts here ===

root@arm:~# run() { echo -n "$MARKER"; sh -c "$@"; echo "$MARKER $?"; }
root@arm:~# echo 'VEYF''FMFAQG'
VEYFFMFAQG
root@arm:~# MARKER='XTVX''JUJBFZ' run dmesg
XTVXJUJBFZ[    0.000000] Booting Linux on physical CPU 0x0
[    0.000000] Linux version 6.18.0-rc2-next-20251024 (user01@drvtest01) (arm-none-eabi-gcc (Arm GNU Toolchain 14.2.Rel1 (Build arm-14.52)) 14.2.1 20241119, GNU ld (Arm GNU Toolchain 14.2.Rel1 (Build arm-14.52)) 2.43.1.20241119) #1 SMP Fri Oct 24 07:48:35 EEST 2025
[    0.000000] CPU: ARMv7 Processor [413fc082] revision 2 (ARMv7), cr=10c5387d
[    0.000000] CPU: PIPT / VIPT nonaliasing data cache, VIPT aliasing instruction cache
[    0.000000] OF: fdt: Machine model: TI AM335x BeagleBone Black
[    0.000000] Memory policy: Data cache writeback
[    0.000000] cma: Reserved 16 MiB at 0x9e800000
[    0.000000] Zone ranges:
[    0.000000]   Normal   [mem 0x0000000080000000-0x000000009fdfffff]
[    0.000000]   HighMem  empty
[    0.000000] Movable zone start for each node
[    0.000000] Early memory node ranges
[    0.000000]   node   0: [mem 0x0000000080000000-0x000000009fdfffff]
[    0.000000] Initmem setup node 0 [mem 0x0000000080000000-0x000000009fdfffff]
[    0.000000] On node 0, zone Normal: 512 pages in unavailable ranges
[    0.000000] OF: reserved mem: Reserved memory: No reserved-memory node in the DT
[    0.000000] CPU: All CPU(s) started in SVC mode.
[    0.000000] AM335X ES2.1 (sgx neon)
[    0.000000] percpu: Embedded 17 pages/cpu s40012 r8192 d21428 u69632
[    0.000000] pcpu-alloc: s40012 r8192 d21428 u69632 alloc=17*4096
[    0.000000] pcpu-alloc: [0] 0 
[    0.000000] Kernel command line: console=ttyO0,115200n8 root=/dev/nfs rw nfsroot=192.168.255.126:/home/user01/nfs,nfsvers=3 ip=192.168.255.1:192.168.255.126::255.255.255.0:bbb1:eth0 nfsrootdebug
[    0.000000] Unknown kernel command line parameters "nfsrootdebug", will be passed to user space.
[    0.000000] printk: log buffer data + meta data: 65536 + 204800 = 270336 bytes
[    0.000000] Dentry cache hash table entries: 65536 (order: 6, 262144 bytes, linear)
[    0.000000] Inode-cache hash table entries: 32768 (order: 5, 131072 bytes, linear)
[    0.000000] Built 1 zonelists, mobility grouping on.  Total pages: 130560
[    0.000000] mem auto-init: stack:off, heap alloc:off, heap free:off
[    0.000000] SLUB: HWalign=16, Order=0-3, MinObjects=0, CPUs=1, Nodes=1
[    0.000000] rcu: Hierarchical RCU implementation.
[    0.000000] rcu: 	RCU event tracing is enabled.
[    0.000000] rcu: 	RCU restricting CPUs from NR_CPUS=2 to nr_cpu_ids=1.
[    0.000000] 	Tracing variant of Tasks RCU enabled.
[    0.000000] rcu: RCU calculated value of scheduler-enlistment delay is 10 jiffies.
[    0.000000] rcu: Adjusting geometry for rcu_fanout_leaf=16, nr_cpu_ids=1
[    0.000000] RCU Tasks Trace: Setting shift to 0 and lim to 1 rcu_task_cb_adjust=1 rcu_task_cpu_ids=1.
[    0.000000] NR_IRQS: 16, nr_irqs: 16, preallocated irqs: 16
[    0.000000] IRQ: Found an INTC at 0x(ptrval) (revision 5.0) with 128 interrupts
[    0.000000] rcu: srcu_init: Setting srcu_struct sizes based on contention.
[    0.000000] TI gptimer clocksource: always-on /ocp/interconnect@44c00000/segment@200000/target-module@31000
[    0.000003] sched_clock: 32 bits at 24MHz, resolution 41ns, wraps every 89478484971ns
[    0.000026] clocksource: dmtimer: mask: 0xffffffff max_cycles: 0xffffffff, max_idle_ns: 79635851949 ns
[    0.000494] TI gptimer clockevent: 24000000 Hz at /ocp/interconnect@48000000/segment@0/target-module@40000
[    0.002063] Console: colour dummy device 80x30
[    0.002130] WARNING: Your 'console=ttyO0' has been replaced by 'ttyS0'
[    0.002140] This ensures that you still see kernel messages. Please
[    0.002144] update your kernel commandline.
[    0.002187] Calibrating delay loop... 996.14 BogoMIPS (lpj=4980736)
[    0.090603] CPU: Testing write buffer coherency: ok
[    0.090686] CPU0: Spectre v2: using BPIALL workaround
[    0.090696] pid_max: default: 32768 minimum: 301
[    0.091011] Mount-cache hash table entries: 1024 (order: 0, 4096 bytes, linear)
[    0.091034] Mountpoint-cache hash table entries: 1024 (order: 0, 4096 bytes, linear)
[    0.092633] CPU0: thread -1, cpu 0, socket -1, mpidr 0
[    0.092691] cacheinfo: Unable to detect cache hierarchy for CPU 0
[    0.094694] Setting up static identity map for 0x80100000 - 0x80100078
[    0.095013] rcu: Hierarchical SRCU implementation.
[    0.095024] rcu: 	Max phase no-delay instances is 1000.
[    0.096730] smp: Bringing up secondary CPUs ...
[    0.096781] smp: Brought up 1 node, 1 CPU
[    0.096792] SMP: Total of 1 processors activated (996.14 BogoMIPS).
[    0.096804] CPU: All CPU(s) started in SVC mode.
[    0.096997] Memory: 480992K/522240K available (11264K kernel code, 1226K rwdata, 2952K rodata, 1024K init, 256K bss, 23336K reserved, 16384K cma-reserved, 0K highmem)
[    0.097812] devtmpfs: initialized
[    0.115226] VFP support v0.3: implementor 41 architecture 3 part 30 variant c rev 3
[    0.115913] clocksource: jiffies: mask: 0xffffffff max_cycles: 0xffffffff, max_idle_ns: 19112604462750000 ns
[    0.115969] posixtimers hash table entries: 512 (order: 0, 4096 bytes, linear)
[    0.115994] futex hash table entries: 256 (16384 bytes on 1 NUMA nodes, total 16 KiB, linear).
[    0.119198] NET: Registered PF_NETLINK/PF_ROUTE protocol family
[    0.122306] DMA: preallocated 256 KiB pool for atomic coherent allocations
[    0.122918] audit: initializing netlink subsys (disabled)
[    0.124255] thermal_sys: Registered thermal governor 'fair_share'
[    0.124271] thermal_sys: Registered thermal governor 'step_wise'
[    0.124278] thermal_sys: Registered thermal governor 'user_space'
[    0.124391] audit: type=2000 audit(0.120:1): state=initialized audit_enabled=0 res=1
[    0.124463] cpuidle: using governor menu
[    0.142533] /ocp/interconnect@44c00000/segment@200000/target-module@b000/i2c@0/tda19988@70: Fixed dependency cycle(s) with /ocp/interconnect@48000000/segment@300000/target-module@e000/lcdc@0
[    0.143623] /ocp/interconnect@48000000/segment@300000/target-module@e000/lcdc@0: Fixed dependency cycle(s) with /ocp/interconnect@44c00000/segment@200000/target-module@b000/i2c@0/tda19988@70
[    0.145823] No ATAGs?
[    0.145862] hw-breakpoint: debug architecture 0x4 unsupported.
[    0.148923] kprobes: kprobe jump-optimization is enabled. All kprobes are optimized if possible.
[    0.153939] iommu: Default domain type: Translated
[    0.153963] iommu: DMA domain TLB invalidation policy: strict mode
[    0.155529] reg-fixed-voltage fixedregulator0: using DT '/fixedregulator0' for '(default)' GPIO lookup
[    0.155581] of_get_named_gpiod_flags: can't parse 'gpios' property of node '/fixedregulator0[0]'
[    0.155610] of_get_named_gpiod_flags: can't parse 'gpio' property of node '/fixedregulator0[0]'
[    0.155628] reg-fixed-voltage fixedregulator0: using lookup tables for GPIO lookup
[    0.155639] reg-fixed-voltage fixedregulator0: No GPIO consumer (default) found
[    0.161451] SCSI subsystem initialized
[    0.161952] libata version 3.00 loaded.
[    0.162340] pps_core: LinuxPPS API ver. 1 registered
[    0.162350] pps_core: Software ver. 5.3.6 - Copyright 2005-2007 Rodolfo Giometti <giometti@linux.it>
[    0.162374] PTP clock support registered
[    0.171352] vgaarb: loaded
[    0.171736] clocksource: Switched to clocksource dmtimer
[    0.172408] VFS: Disk quotas dquot_6.6.0
[    0.172472] VFS: Dquot-cache hash table entries: 1024 (order 0, 4096 bytes)
[    0.197343] NET: Registered PF_INET protocol family
[    0.197672] IP idents hash table entries: 8192 (order: 4, 65536 bytes, linear)
[    0.199100] tcp_listen_portaddr_hash hash table entries: 512 (order: 0, 4096 bytes, linear)
[    0.199136] Table-perturb hash table entries: 65536 (order: 6, 262144 bytes, linear)
[    0.199153] TCP established hash table entries: 4096 (order: 2, 16384 bytes, linear)
[    0.199199] TCP bind hash table entries: 4096 (order: 4, 65536 bytes, linear)
[    0.199300] TCP: Hash tables configured (established 4096 bind 4096)
[    0.199426] UDP hash table entries: 256 (order: 1, 14336 bytes, linear)
[    0.199460] UDP-Lite hash table entries: 256 (order: 1, 14336 bytes, linear)
[    0.199666] NET: Registered PF_UNIX/PF_LOCAL protocol family
[    0.212367] RPC: Registered named UNIX socket transport module.
[    0.212390] RPC: Registered udp transport module.
[    0.212396] RPC: Registered tcp transport module.
[    0.212401] RPC: Registered tcp-with-tls transport module.
[    0.212406] RPC: Registered tcp NFSv4.1 backchannel transport module.
[    0.212432] PCI: CLS 0 bytes, default 64
[    0.213836] Initialise system trusted keyrings
[    0.214608] workingset: timestamp_bits=14 max_order=17 bucket_order=3
[    0.216386] NFS: Registering the id_resolver key type
[    0.216463] Key type id_resolver registered
[    0.216470] Key type id_legacy registered
[    0.216585] jffs2: version 2.2. (NAND) (SUMMARY)  Â© 2001-2006 Red Hat, Inc.
[    0.217055] Key type asymmetric registered
[    0.217074] Asymmetric key parser 'x509' registered
[    0.217148] io scheduler mq-deadline registered
[    0.217157] io scheduler kyber registered
[    0.217240] io scheduler bfq registered
[    0.219107] target-module@4b000000:target-module@140000:pmu@0:fck: device ID is greater than 24
[    0.232392] ledtrig-cpu: registered to indicate activity on CPUs
[    0.236152] Serial: 8250/16550 driver, 6 ports, IRQ sharing enabled
[    0.278676] brd: module loaded
[    0.296865] loop: module loaded
[    0.297802] mtdoops: mtd device (mtddev=name/number) must be supplied
[    0.299360] mdio_bus fixed-0: using lookup tables for GPIO lookup
[    0.299385] mdio_bus fixed-0: No GPIO consumer reset found
[    0.300812] i2c_dev: i2c /dev entries driver
[    0.302016] cpuidle: enable-method property 'ti,am3352' found operations
[    0.302487] sdhci: Secure Digital Host Controller Interface driver
[    0.302499] sdhci: Copyright(c) Pierre Ossman
[    0.302682] sdhci-pltfm: SDHCI platform and OF driver helper
[    0.314430] hw perfevents: enabled with armv7_cortex_a8 PMU driver, 5 (8000000f) counters available
[    0.314968] Initializing XFRM netlink socket
[    0.315138] NET: Registered PF_INET6 protocol family
[    0.317155] Segment Routing with IPv6
[    0.317235] In-situ OAM (IOAM) with IPv6
[    0.317330] sit: IPv6, IPv4 and MPLS over IPv4 tunneling driver
[    0.318295] NET: Registered PF_PACKET protocol family
[    0.318324] NET: Registered PF_KEY protocol family
[    0.318447] Key type dns_resolver registered
[    0.318672] ThumbEE CPU extension supported.
[    0.318693] Registering SWP/SWPB emulation handler
[    0.319218] omap_voltage_late_init: Voltage driver support not added
[    0.319888] SmartReflex Class3 initialized
[    0.353932] Loading compiled-in X.509 certificates
[    0.396976] /ocp/interconnect@44c00000/segment@200000/target-module@b000/i2c@0/tda19988@70: Fixed dependency cycle(s) with /ocp/interconnect@48000000/segment@300000/target-module@e000/lcdc@0
[    0.403524] /ocp/interconnect@44c00000/segment@200000/target-module@b000/i2c@0/tda19988@70: Fixed dependency cycle(s) with /ocp/interconnect@48000000/segment@300000/target-module@e000/lcdc@0
[    0.409074] gpiochip_find_base_unlocked: found new base at 512
[    0.444687] /ocp/interconnect@44c00000/segment@200000/target-module@b000/i2c@0/tda19988@70: Fixed dependency cycle(s) with /ocp/interconnect@48000000/segment@300000/target-module@e000/lcdc@0
[    0.445573] /ocp/interconnect@44c00000/segment@200000/target-module@b000/i2c@0/tda19988@70: Fixed dependency cycle(s) with /ocp/interconnect@48000000/segment@300000/target-module@e000/lcdc@0
[    0.449077] /ocp/interconnect@44c00000/segment@200000/target-module@10000/scm@0/pinmux@800: Fixed dependency cycle(s) with /ocp/interconnect@44c00000/segment@200000/target-module@10000/scm@0/pinmux@800/clkout2-pins
[    0.449671] pinctrl-single 44e10800.pinmux: 142 pins, size 568
[    0.455290] ti-sysc 44e31000.target-module: probe with driver ti-sysc failed with error -16
[    0.483249] /ocp/interconnect@48000000/segment@300000/target-module@e000/lcdc@0: Fixed dependency cycle(s) with /ocp/interconnect@44c00000/segment@200000/target-module@b000/i2c@0/tda19988@70
[    0.491343] ti-sysc 48040000.target-module: probe with driver ti-sysc failed with error -16
[    0.503084] gpiochip_find_base_unlocked: found new base at 512
[    0.503198] gpio gpiochip0: (gpio-0-31): created GPIO range 0->7 ==> 44e10800.pinmux PIN 0->7
[    0.503217] gpio gpiochip0: (gpio-0-31): created GPIO range 8->11 ==> 44e10800.pinmux PIN 90->93
[    0.503234] gpio gpiochip0: (gpio-0-31): created GPIO range 12->27 ==> 44e10800.pinmux PIN 12->27
[    0.503250] gpio gpiochip0: (gpio-0-31): created GPIO range 28->31 ==> 44e10800.pinmux PIN 30->33
[    0.550425] gpio gpiochip0: (gpio-0-31): added GPIO chardev (254:0)
[    0.550669] gpio gpiochip0: registered GPIOs 512 to 543 on gpio-0-31
[    0.550756] OMAP GPIO hardware version 0.1
[    0.582570] i2c i2c-2: using DT '/ocp/interconnect@48000000/segment@100000/target-module@9c000/i2c@0' for 'scl' GPIO lookup
[    0.582642] of_get_named_gpiod_flags: can't parse 'scl-gpios' property of node '/ocp/interconnect@48000000/segment@100000/target-module@9c000/i2c@0[0]'
[    0.582686] of_get_named_gpiod_flags: can't parse 'scl-gpio' property of node '/ocp/interconnect@48000000/segment@100000/target-module@9c000/i2c@0[0]'
[    0.582721] i2c i2c-2: using lookup tables for GPIO lookup
[    0.582732] i2c i2c-2: No GPIO consumer scl found
[    0.582753] i2c i2c-2: using DT '/ocp/interconnect@48000000/segment@100000/target-module@9c000/i2c@0' for 'sda' GPIO lookup
[    0.582789] of_get_named_gpiod_flags: can't parse 'sda-gpios' property of node '/ocp/interconnect@48000000/segment@100000/target-module@9c000/i2c@0[0]'
[    0.582825] of_get_named_gpiod_flags: can't parse 'sda-gpio' property of node '/ocp/interconnect@48000000/segment@100000/target-module@9c000/i2c@0[0]'
[    0.582856] i2c i2c-2: using lookup tables for GPIO lookup
[    0.582864] i2c i2c-2: No GPIO consumer sda found
[    0.583583] omap_i2c 4819c000.i2c: bus 2 rev0.11 at 100 kHz
[    0.589264] gpiochip_find_base_unlocked: found new base at 544
[    0.589364] gpio gpiochip1: (gpio-32-63): created GPIO range 0->17 ==> 44e10800.pinmux PIN 34->51
[    0.589383] gpio gpiochip1: (gpio-32-63): created GPIO range 18->21 ==> 44e10800.pinmux PIN 77->80
[    0.589399] gpio gpiochip1: (gpio-32-63): created GPIO range 22->31 ==> 44e10800.pinmux PIN 56->65
[    0.600860] gpio gpiochip1: (gpio-32-63): added GPIO chardev (254:1)
[    0.601093] gpio gpiochip1: registered GPIOs 544 to 575 on gpio-32-63
[    0.603542] gpiochip_find_base_unlocked: found new base at 576
[    0.603637] gpio gpiochip2: (gpio-64-95): created GPIO range 0->4 ==> 44e10800.pinmux PIN 66->70
[    0.603656] gpio gpiochip2: (gpio-64-95): created GPIO range 5->6 ==> 44e10800.pinmux PIN 98->99
[    0.603672] gpio gpiochip2: (gpio-64-95): created GPIO range 7->8 ==> 44e10800.pinmux PIN 75->76
[    0.603687] gpio gpiochip2: (gpio-64-95): created GPIO range 13->13 ==> 44e10800.pinmux PIN 141->141
[    0.603703] gpio gpiochip2: (gpio-64-95): created GPIO range 14->21 ==> 44e10800.pinmux PIN 100->107
[    0.618702] gpio gpiochip2: (gpio-64-95): added GPIO chardev (254:2)
[    0.618928] gpio gpiochip2: registered GPIOs 576 to 607 on gpio-64-95
[    0.624779] 48000000.interconnect:segment@200000:target-module@0:mpu@0:fck: device ID is greater than 24
[    0.625670] /ocp/interconnect@48000000/segment@300000/target-module@e000/lcdc@0: Fixed dependency cycle(s) with /ocp/interconnect@44c00000/segment@200000/target-module@b000/i2c@0/tda19988@70
[    0.628535] /ocp/interconnect@48000000/segment@300000/target-module@e000/lcdc@0: Fixed dependency cycle(s) with /ocp/interconnect@44c00000/segment@200000/target-module@b000/i2c@0/tda19988@70
[    0.629241] /ocp/interconnect@44c00000/segment@200000/target-module@b000/i2c@0/tda19988@70: Fixed dependency cycle(s) with /ocp/interconnect@48000000/segment@300000/target-module@e000/lcdc@0
[    0.629396] /ocp/interconnect@48000000/segment@300000/target-module@e000/lcdc@0: Fixed dependency cycle(s) with /ocp/interconnect@44c00000/segment@200000/target-module@b000/i2c@0/tda19988@70
[    0.636862] sdhci-omap 481d8000.mmc: using DT '/ocp/interconnect@48000000/segment@100000/target-module@d8000/mmc@0' for 'wp' GPIO lookup
[    0.636932] of_get_named_gpiod_flags: can't parse 'wp-gpios' property of node '/ocp/interconnect@48000000/segment@100000/target-module@d8000/mmc@0[0]'
[    0.636977] of_get_named_gpiod_flags: can't parse 'wp-gpio' property of node '/ocp/interconnect@48000000/segment@100000/target-module@d8000/mmc@0[0]'
[    0.637012] sdhci-omap 481d8000.mmc: using lookup tables for GPIO lookup
[    0.637022] sdhci-omap 481d8000.mmc: No GPIO consumer wp found
[    0.637218] sdhci-omap 481d8000.mmc: supply pbias not found, using dummy regulator
[    0.637707] sdhci-omap 481d8000.mmc: supply vqmmc not found, using dummy regulator
[    0.659665] mdio_bus 4a101000.mdio: using DT '/ocp/interconnect@4a000000/segment@0/target-module@100000/switch@0/mdio@1000' for 'reset' GPIO lookup
[    0.659739] of_get_named_gpiod_flags: can't parse 'reset-gpios' property of node '/ocp/interconnect@4a000000/segment@0/target-module@100000/switch@0/mdio@1000[0]'
[    0.659786] of_get_named_gpiod_flags: can't parse 'reset-gpio' property of node '/ocp/interconnect@4a000000/segment@0/target-module@100000/switch@0/mdio@1000[0]'
[    0.659833] mdio_bus 4a101000.mdio: using lookup tables for GPIO lookup
[    0.659843] mdio_bus 4a101000.mdio: No GPIO consumer reset found
[    0.713336] davinci_mdio 4a101000.mdio: davinci mdio revision 1.6, bus freq 1000000
[    0.735435] mdio_bus 4a101000.mdio:00: using DT '/ocp/interconnect@4a000000/segment@0/target-module@100000/switch@0/mdio@1000/ethernet-phy@0' for 'reset' GPIO lookup
[    0.735529] of_get_named_gpiod_flags: parsed 'reset-gpios' property of node '/ocp/interconnect@4a000000/segment@0/target-module@100000/switch@0/mdio@1000/ethernet-phy@0[0]' - status (0)
[    0.735693] gpio gpiochip0: Persistence not supported for GPIO 8
[    0.855363] davinci_mdio 4a101000.mdio: phy[0]: device 4a101000.mdio:00, driver SMSC LAN8710/LAN8720
[    0.856147] cpsw-switch 4a100000.switch: initialized cpsw ale version 1.4
[    0.856169] cpsw-switch 4a100000.switch: ALE Table size 1024, Policers 0
[    0.863516] cpsw-switch 4a100000.switch: cpts: overflow check period 500 (jiffies)
[    0.863541] cpsw-switch 4a100000.switch: CPTS: ref_clk_freq:250000000 calc_mult:2147483648 calc_shift:29 error:0 nsec/sec
[    0.863651] cpsw-switch 4a100000.switch: Detected MACID = 6c:ec:eb:68:de:78
[    0.865531] cpsw-switch 4a100000.switch: initialized (regs 0x4a100000, pool size 256) hw_ver:0019010C 1.12 (0)
[    0.877969] debugfs: '49000000.dma' already exists in 'dmaengine'
[    0.878014] edma 49000000.dma: TI EDMA DMA engine driver
[    0.937467] gpio-clk clk_mcasp0: using DT '/clk_mcasp0' for 'enable' GPIO lookup
[    0.937547] of_get_named_gpiod_flags: parsed 'enable-gpios' property of node '/clk_mcasp0[0]' - status (0)
[    0.937593] gpio gpiochip0: Persistence not supported for GPIO 27
[    0.938341] gpiochip_find_base_unlocked: found new base at 608
[    0.938458] gpio gpiochip3: (gpio-96-127): created GPIO range 0->7 ==> 44e10800.pinmux PIN 82->89
[    0.938477] gpio gpiochip3: (gpio-96-127): created GPIO range 8->11 ==> 44e10800.pinmux PIN 52->55
[    0.938493] gpio gpiochip3: (gpio-96-127): created GPIO range 12->15 ==> 44e10800.pinmux PIN 94->97
[    0.938509] gpio gpiochip3: (gpio-96-127): created GPIO range 16->17 ==> 44e10800.pinmux PIN 71->72
[    0.938525] gpio gpiochip3: (gpio-96-127): created GPIO range 18->18 ==> 44e10800.pinmux PIN 135->135
[    0.938541] gpio gpiochip3: (gpio-96-127): created GPIO range 19->20 ==> 44e10800.pinmux PIN 108->109
[    0.938559] gpio gpiochip3: (gpio-96-127): created GPIO range 21->21 ==> 44e10800.pinmux PIN 73->73
[    0.938581] gpio gpiochip3: (gpio-96-127): created GPIO range 22->23 ==> 44e10800.pinmux PIN 8->9
[    0.938600] gpio gpiochip3: (gpio-96-127): created GPIO range 26->27 ==> 44e10800.pinmux PIN 10->11
[    0.938618] gpio gpiochip3: (gpio-96-127): created GPIO range 28->28 ==> 44e10800.pinmux PIN 74->74
[    0.938636] gpio gpiochip3: (gpio-96-127): created GPIO range 29->29 ==> 44e10800.pinmux PIN 81->81
[    0.938655] gpio gpiochip3: (gpio-96-127): created GPIO range 30->31 ==> 44e10800.pinmux PIN 28->29
[    0.939701] gpio gpiochip3: (gpio-96-127): added GPIO chardev (254:3)
[    0.939924] gpio gpiochip3: registered GPIOs 608 to 639 on gpio-96-127
[    0.941977] omap8250 44e09000.serial: using DT '/ocp/interconnect@44c00000/segment@200000/target-module@9000/serial@0' for 'rs485-term' GPIO lookup
[    0.942047] of_get_named_gpiod_flags: can't parse 'rs485-term-gpios' property of node '/ocp/interconnect@44c00000/segment@200000/target-module@9000/serial@0[0]'
[    0.942094] of_get_named_gpiod_flags: can't parse 'rs485-term-gpio' property of node '/ocp/interconnect@44c00000/segment@200000/target-module@9000/serial@0[0]'
[    0.942130] omap8250 44e09000.serial: using lookup tables for GPIO lookup
[    0.942140] omap8250 44e09000.serial: No GPIO consumer rs485-term found
[    0.942151] omap8250 44e09000.serial: using DT '/ocp/interconnect@44c00000/segment@200000/target-module@9000/serial@0' for 'rs485-rx-during-tx' GPIO lookup
[    0.942186] of_get_named_gpiod_flags: can't parse 'rs485-rx-during-tx-gpios' property of node '/ocp/interconnect@44c00000/segment@200000/target-module@9000/serial@0[0]'
[    0.942223] of_get_named_gpiod_flags: can't parse 'rs485-rx-during-tx-gpio' property of node '/ocp/interconnect@44c00000/segment@200000/target-module@9000/serial@0[0]'
[    0.942254] omap8250 44e09000.serial: using lookup tables for GPIO lookup
[    0.942262] omap8250 44e09000.serial: No GPIO consumer rs485-rx-during-tx found
[    0.942718] 44e09000.serial: ttyS0 at MMIO 0x44e09000 (irq = 34, base_baud = 3000000) is a 8250
[    0.942841] printk: legacy console [ttyS0] enabled
[    2.418288] i2c i2c-0: using DT '/ocp/interconnect@44c00000/segment@200000/target-module@b000/i2c@0' for 'scl' GPIO lookup
[    2.418375] of_get_named_gpiod_flags: can't parse 'scl-gpios' property of node '/ocp/interconnect@44c00000/segment@200000/target-module@b000/i2c@0[0]'
[    2.418424] of_get_named_gpiod_flags: can't parse 'scl-gpio' property of node '/ocp/interconnect@44c00000/segment@200000/target-module@b000/i2c@0[0]'
[    2.418465] i2c i2c-0: using lookup tables for GPIO lookup
[    2.418480] i2c i2c-0: No GPIO consumer scl found
[    2.418506] i2c i2c-0: using DT '/ocp/interconnect@44c00000/segment@200000/target-module@b000/i2c@0' for 'sda' GPIO lookup
[    2.418547] of_get_named_gpiod_flags: can't parse 'sda-gpios' property of node '/ocp/interconnect@44c00000/segment@200000/target-module@b000/i2c@0[0]'
[    2.418588] of_get_named_gpiod_flags: can't parse 'sda-gpio' property of node '/ocp/interconnect@44c00000/segment@200000/target-module@b000/i2c@0[0]'
[    2.418624] i2c i2c-0: using lookup tables for GPIO lookup
[    2.418635] i2c i2c-0: No GPIO consumer sda found
[    2.432692] tps65217-pmic: Failed to locate of_node [id: -1]
[    2.438758] tps65217-bl: Failed to locate of_node [id: -1]
[    2.444825] platform tps65217-charger: DMA mask not set
[    2.450873] platform tps65217-pwrbutton: DMA mask not set
[    2.458121] tps65217 0-0024: TPS65217 ID 0xe version 1.2
[    2.464239] /ocp/interconnect@48000000/segment@300000/target-module@e000/lcdc@0: Fixed dependency cycle(s) with /ocp/interconnect@44c00000/segment@200000/target-module@b000/i2c@0/tda19988@70
[    2.481646] /ocp/interconnect@44c00000/segment@200000/target-module@b000/i2c@0/tda19988@70: Fixed dependency cycle(s) with /ocp/interconnect@48000000/segment@300000/target-module@e000/lcdc@0
[    2.499037] omap_i2c 44e0b000.i2c: bus 0 rev0.11 at 400 kHz
[    2.506922] sdhci-omap 48060000.mmc: using DT '/ocp/interconnect@48000000/segment@0/target-module@60000/mmc@0' for 'cd' GPIO lookup
[    2.507028] of_get_named_gpiod_flags: parsed 'cd-gpios' property of node '/ocp/interconnect@48000000/segment@0/target-module@60000/mmc@0[0]' - status (0)
[    2.507098] gpio gpiochip3: Persistence not supported for GPIO 6
[    2.507130] omap_gpio 44e07000.gpio: Could not set line 6 debounce to 200000 microseconds (-22)
[    2.516026] sdhci-omap 48060000.mmc: Got CD GPIO
[    2.520678] sdhci-omap 48060000.mmc: using DT '/ocp/interconnect@48000000/segment@0/target-module@60000/mmc@0' for 'wp' GPIO lookup
[    2.520725] of_get_named_gpiod_flags: can't parse 'wp-gpios' property of node '/ocp/interconnect@48000000/segment@0/target-module@60000/mmc@0[0]'
[    2.520770] of_get_named_gpiod_flags: can't parse 'wp-gpio' property of node '/ocp/interconnect@48000000/segment@0/target-module@60000/mmc@0[0]'
[    2.520810] sdhci-omap 48060000.mmc: using lookup tables for GPIO lookup
[    2.520824] sdhci-omap 48060000.mmc: No GPIO consumer wp found
[    2.521037] sdhci-omap 48060000.mmc: supply pbias not found, using dummy regulator
[    2.529945] sdhci-omap 481d8000.mmc: using DT '/ocp/interconnect@48000000/segment@100000/target-module@d8000/mmc@0' for 'wp' GPIO lookup
[    2.530021] of_get_named_gpiod_flags: can't parse 'wp-gpios' property of node '/ocp/interconnect@48000000/segment@100000/target-module@d8000/mmc@0[0]'
[    2.530069] of_get_named_gpiod_flags: can't parse 'wp-gpio' property of node '/ocp/interconnect@48000000/segment@100000/target-module@d8000/mmc@0[0]'
[    2.530108] sdhci-omap 481d8000.mmc: using lookup tables for GPIO lookup
[    2.530122] sdhci-omap 481d8000.mmc: No GPIO consumer wp found
[    2.531565] sdhci-omap 48060000.mmc: supply vqmmc not found, using dummy regulator
[    2.540187] sdhci-omap 481d8000.mmc: supply pbias not found, using dummy regulator
[    2.548890] sdhci-omap 481d8000.mmc: supply vqmmc not found, using dummy regulator
[    2.587790] mmc1: SDHCI controller on 481d8000.mmc [481d8000.mmc] using External DMA
[    2.596235] mmc0: SDHCI controller on 48060000.mmc [48060000.mmc] using External DMA
[    2.605049] cpsw-switch 4a100000.switch: starting ndev. mode: dual_mac
[    2.672037] mmc1: new high speed MMC card at address 0001
[    2.678869] mmcblk1: mmc1:0001 MMC04G 3.60 GiB
[    2.686774]  mmcblk1: p1 p2
[    2.690513] SMSC LAN8710/LAN8720 4a101000.mdio:00: attached PHY driver (mii_bus:phy_addr=4a101000.mdio:00, irq=POLL)
[    2.703214] mmcblk1boot0: mmc1:0001 MMC04G 2.00 MiB
[    2.717109] mmcblk1boot1: mmc1:0001 MMC04G 2.00 MiB
[    2.726059] mmcblk1rpmb: mmc1:0001 MMC04G 128 KiB, chardev (249:0)
[    2.775341] mmc0: new high speed SDHC card at address aaaa
[    2.782282] mmcblk0: mmc0:aaaa SE32G 29.7 GiB
[    2.791350]  mmcblk0: p1 p2
[    5.842495] cpsw-switch 4a100000.switch eth0: Link is Up - 100Mbps/Full - flow control off
[    5.871747] IP-Config: Complete:
[    5.875021]      device=eth0, hwaddr=6c:ec:eb:68:de:78, ipaddr=192.168.255.1, mask=255.255.255.0, gw=255.255.255.255
[    5.885668]      host=bbb1, domain=, nis-domain=(none)
[    5.890838]      bootserver=192.168.255.126, rootserver=192.168.255.126, rootpath=
[    5.891261] clk: Disabling unused clocks
[    5.903114] PM: genpd: Disabling unused power domains
[    5.908282] KTAP version 1
[    5.911007] 1..0
[    5.913808] check access for rdinit=/init failed: -2, ignoring
[    5.942197] VFS: Mounted root (nfs filesystem) on device 0:17.
[    5.949074] devtmpfs: mounted
[    5.953789] Freeing unused kernel image (initmem) memory: 1024K
[    5.960378] Run /sbin/init as init process
[    5.964630]   with arguments:
[    5.964647]     /sbin/init
[    5.964656]     nfsrootdebug
[    5.964666]   with environment:
[    5.964675]     HOME=/
[    5.964684]     TERM=linux
[    6.646368] systemd[1]: System time before build time, advancing clock.
[    8.181755] random: crng init done
[    8.214422] systemd[1]: systemd 232 running in system mode. (+PAM +AUDIT +SELINUX +IMA +APPARMOR +SMACK +SYSVINIT +UTMP +LIBCRYPTSETUP +GCRYPT +GNUTLS +ACL +XZ +LZ4 +SECCOMP +BLKID +ELFUTILS +KMOD +IDN)
[    8.233537] systemd[1]: Detected architecture arm.
[    8.265604] systemd[1]: Set hostname to <arm>.
[    9.367778] systemd[1]: Started Forward Password Requests to Wall Directory Watch.
[    9.405879] systemd[1]: syslog.socket: SO_PASSSEC failed: Operation not supported
[    9.413851] systemd[1]: Listening on Syslog Socket.
[    9.442504] systemd[1]: Listening on udev Kernel Socket.
[    9.473676] systemd[1]: Listening on /dev/initctl Compatibility Named Pipe.
[    9.502155] systemd[1]: Reached target Remote File Systems.
[    9.532328] systemd[1]: systemd-journald-dev-log.socket: SO_PASSSEC failed: Operation not supported
[   11.832265] systemd-journald[84]: Received request to flush runtime journal from PID 1
[   12.642399] omap_prm 44e00d00.prm: sync_state() pending due to 44d00000.cpu
[   14.420842] leds-gpio leds: using DT '/leds/led2' for '(default)' GPIO lookup
[   14.420946] of_get_named_gpiod_flags: parsed 'gpios' property of node '/leds/led2[0]' - status (0)
[   14.421005] gpio gpiochip0: Persistence not supported for GPIO 21
[   14.421021] gpio-533 (?): no flags found for GPIO (default)
[   14.466721] leds-gpio leds: using DT '/leds/led3' for '(default)' GPIO lookup
[   14.466828] of_get_named_gpiod_flags: parsed 'gpios' property of node '/leds/led3[0]' - status (0)
[   14.466886] gpio gpiochip0: Persistence not supported for GPIO 22
[   14.466902] gpio-534 (?): no flags found for GPIO (default)
[   14.596614] leds-gpio leds: using DT '/leds/led4' for '(default)' GPIO lookup
[   14.596720] of_get_named_gpiod_flags: parsed 'gpios' property of node '/leds/led4[0]' - status (0)
[   14.596775] gpio gpiochip0: Persistence not supported for GPIO 23
[   14.596790] gpio-535 (?): no flags found for GPIO (default)
[   14.612249] leds-gpio leds: using DT '/leds/led5' for '(default)' GPIO lookup
[   14.612347] of_get_named_gpiod_flags: parsed 'gpios' property of node '/leds/led5[0]' - status (0)
[   14.612402] gpio gpiochip0: Persistence not supported for GPIO 24
[   14.612418] gpio-536 (?): no flags found for GPIO (default)
[   14.805214] remoteproc remoteproc0: wkup_m3 is available
[   15.020061] am335x-phy-driver 47401300.usb-phy: using DT '/ocp/target-module@47400000/usb-phy@1300' for 'reset' GPIO lookup
[   15.020156] of_get_named_gpiod_flags: can't parse 'reset-gpios' property of node '/ocp/target-module@47400000/usb-phy@1300[0]'
[   15.020202] of_get_named_gpiod_flags: can't parse 'reset-gpio' property of node '/ocp/target-module@47400000/usb-phy@1300[0]'
[   15.020240] am335x-phy-driver 47401300.usb-phy: using lookup tables for GPIO lookup
[   15.020256] am335x-phy-driver 47401300.usb-phy: No GPIO consumer reset found
[   15.020272] am335x-phy-driver 47401300.usb-phy: using DT '/ocp/target-module@47400000/usb-phy@1300' for 'vbus-detect' GPIO lookup
[   15.020302] of_get_named_gpiod_flags: can't parse 'vbus-detect-gpios' property of node '/ocp/target-module@47400000/usb-phy@1300[0]'
[   15.020334] of_get_named_gpiod_flags: can't parse 'vbus-detect-gpio' property of node '/ocp/target-module@47400000/usb-phy@1300[0]'
[   15.020361] am335x-phy-driver 47401300.usb-phy: using lookup tables for GPIO lookup
[   15.020373] am335x-phy-driver 47401300.usb-phy: No GPIO consumer vbus-detect found
[   15.020524] am335x-phy-driver 47401300.usb-phy: dummy supplies not allowed for exclusive requests (id=vbus)
[   15.154269] am335x-phy-driver 47401b00.usb-phy: using DT '/ocp/target-module@47400000/usb-phy@1b00' for 'reset' GPIO lookup
[   15.154357] of_get_named_gpiod_flags: can't parse 'reset-gpios' property of node '/ocp/target-module@47400000/usb-phy@1b00[0]'
[   15.154404] of_get_named_gpiod_flags: can't parse 'reset-gpio' property of node '/ocp/target-module@47400000/usb-phy@1b00[0]'
[   15.154443] am335x-phy-driver 47401b00.usb-phy: using lookup tables for GPIO lookup
[   15.154458] am335x-phy-driver 47401b00.usb-phy: No GPIO consumer reset found
[   15.154474] am335x-phy-driver 47401b00.usb-phy: using DT '/ocp/target-module@47400000/usb-phy@1b00' for 'vbus-detect' GPIO lookup
[   15.154506] of_get_named_gpiod_flags: can't parse 'vbus-detect-gpios' property of node '/ocp/target-module@47400000/usb-phy@1b00[0]'
[   15.154539] of_get_named_gpiod_flags: can't parse 'vbus-detect-gpio' property of node '/ocp/target-module@47400000/usb-phy@1b00[0]'
[   15.154565] am335x-phy-driver 47401b00.usb-phy: using lookup tables for GPIO lookup
[   15.154577] am335x-phy-driver 47401b00.usb-phy: No GPIO consumer vbus-detect found
[   15.154727] am335x-phy-driver 47401b00.usb-phy: dummy supplies not allowed for exclusive requests (id=vbus)
[   15.255844] usbcore: registered new interface driver usbfs
[   15.261491] usbcore: registered new interface driver hub
[   15.267134] usbcore: registered new device driver usb
[   15.522979] input: tps65217_pwrbutton as /devices/platform/ocp/44c00000.interconnect/44c00000.interconnect:segment@200000/44e0b000.target-module/44e0b000.i2c/i2c-0/0-0024/tps65217-pwrbutton/input/input0
[   15.572576] at24 2-0054: supply vcc not found, using dummy regulator
[   15.675325] at24 2-0055: supply vcc not found, using dummy regulator
[   15.757856] at24 2-0056: supply vcc not found, using dummy regulator
[   15.852740] at24 2-0057: supply vcc not found, using dummy regulator
[   15.990731] at24 0-0050: using DT '/ocp/interconnect@44c00000/segment@200000/target-module@b000/i2c@0/eeprom@50' for 'wp' GPIO lookup
[   15.990844] of_get_named_gpiod_flags: can't parse 'wp-gpios' property of node '/ocp/interconnect@44c00000/segment@200000/target-module@b000/i2c@0/eeprom@50[0]'
[   15.990904] of_get_named_gpiod_flags: can't parse 'wp-gpio' property of node '/ocp/interconnect@44c00000/segment@200000/target-module@b000/i2c@0/eeprom@50[0]'
[   15.990951] at24 0-0050: using lookup tables for GPIO lookup
[   15.990965] at24 0-0050: No GPIO consumer wp found
[   15.991305] at24 0-0050: 32768 byte 24c256 EEPROM, writable, 1 bytes/write
[   16.164464] musb-hdrc musb-hdrc.1: MUSB HDRC host driver
[   16.169884] musb-hdrc musb-hdrc.1: new USB bus registered, assigned bus number 1
[   16.357423] omap_rtc 44e3e000.rtc: registered as rtc0
[   16.363616] omap_rtc 44e3e000.rtc: setting system clock to 2000-01-01T00:00:00 UTC (946684800)
[   16.372546] omap_rtc 44e3e000.rtc: using DT '/ocp/interconnect@44c00000/segment@200000/target-module@3e000/rtc@0' for 'wp' GPIO lookup
[   16.372624] of_get_named_gpiod_flags: can't parse 'wp-gpios' property of node '/ocp/interconnect@44c00000/segment@200000/target-module@3e000/rtc@0[0]'
[   16.372678] of_get_named_gpiod_flags: can't parse 'wp-gpio' property of node '/ocp/interconnect@44c00000/segment@200000/target-module@3e000/rtc@0[0]'
[   16.372719] omap_rtc 44e3e000.rtc: using lookup tables for GPIO lookup
[   16.372734] omap_rtc 44e3e000.rtc: No GPIO consumer wp found
[   16.402221] usb usb1: New USB device found, idVendor=1d6b, idProduct=0002, bcdDevice= 6.18
[   16.410582] usb usb1: New USB device strings: Mfr=3, Product=2, SerialNumber=1
[   16.417930] usb usb1: Product: MUSB HDRC host driver
[   16.422960] usb usb1: Manufacturer: Linux 6.18.0-rc2-next-20251024 musb-hcd
[   16.429960] usb usb1: SerialNumber: musb-hdrc.1
[   16.635459] omap_wdt: OMAP Watchdog Timer Rev 0x01: initial timeout 60 sec
[   16.813565] hub 1-0:1.0: USB hub found
[   16.839899] hub 1-0:1.0: 1 port detected
[   17.724941] omap-mailbox 480c8000.mailbox: omap mailbox rev 0x400
[   17.824459] remoteproc remoteproc0: powering up wkup_m3
[   17.961366] tda998x 0-0070: found TDA19988
[   17.988694] remoteproc remoteproc0: Direct firmware load for am335x-pm-firmware.elf failed with error -2
[   17.998556] remoteproc remoteproc0: request_firmware failed: -2
[   18.004595] wkup_m3_ipc 44e11324.wkup_m3_ipc: rproc_boot failed
[   20.342822] omap_rng 48310000.rng: Random Number Generator ver. 20
[   20.480366] tilcdc 4830e000.lcdc: bound 0-0070 (ops tda998x_driver_exit [tda998x])
[   20.579018] [drm] Initialized tilcdc 1.0.0 for 4830e000.lcdc on minor 0
[   20.595440] ------------[ cut here ]------------
[   20.600136] WARNING: net/8021q/vlan_core.c:236 at vlan_for_each+0x114/0x134, CPU#0: avahi-daemon/177
[   20.609487] RTNL: assertion failed at net/8021q/vlan_core.c (236)
[   20.615647] Modules linked in: tilcdc(+) omap_rng drm_dma_helper rng_core drm_client_lib snd_soc_davinci_mcasp snd_soc_ti_udma snd_soc_ti_edma snd_soc_ti_sdma snd_soc_core snd_pcm_dmaengine snd_pcm snd_timer snd tda998x omap_mailbox soundcore cec drm_kms_helper drm omap_wdt watchdog rtc_omap wkup_m3_ipc musb_dsps musb_hdrc drm_panel_orientation_quirks udc_core at24 tps65218_pwrbutton usbcore phy_am335x phy_am335x_control wkup_m3_rproc phy_generic usb_common cppi41 leds_gpio cpufreq_dt led_class autofs4
[   20.660697] CPU: 0 UID: 107 PID: 177 Comm: avahi-daemon Not tainted 6.18.0-rc2-next-20251024 #1 NONE 
[   20.660718] Hardware name: Generic AM33XX (Flattened Device Tree)
[   20.660727] Call trace: 
[   20.660743]  unwind_backtrace from show_stack+0x10/0x14
[   20.660783]  show_stack from dump_stack_lvl+0x50/0x64
[   20.660809]  dump_stack_lvl from __warn+0x88/0x148
[   20.660827]  __warn from warn_slowpath_fmt+0x19c/0x1b0
[   20.660840]  warn_slowpath_fmt from vlan_for_each+0x114/0x134
[   20.660860]  vlan_for_each from cpsw_add_mc_addr+0x40/0xa4
[   20.660884]  cpsw_add_mc_addr from __hw_addr_ref_sync_dev+0x108/0x140
[   20.660914]  __hw_addr_ref_sync_dev from __dev_mc_add+0x7c/0x80
[   20.660937]  __dev_mc_add from igmp6_group_added+0xc8/0xe0
[   20.660966]  igmp6_group_added from __ipv6_dev_mc_inc+0x218/0x364
[   20.660984]  __ipv6_dev_mc_inc from __ipv6_sock_mc_join+0x11c/0x1c0
[   20.661002]  __ipv6_sock_mc_join from do_ipv6_setsockopt+0x1214/0x1310
[   20.661033]  do_ipv6_setsockopt from ipv6_setsockopt+0x60/0xcc
[   20.661055]  ipv6_setsockopt from udpv6_setsockopt+0x2c/0x6c
[   20.661079]  udpv6_setsockopt from sock_common_setsockopt+0x30/0x40
[   20.661114]  sock_common_setsockopt from do_sock_setsockopt+0x50/0x9c
[   20.661135]  do_sock_setsockopt from __sys_setsockopt+0x70/0xbc
[   20.661154]  __sys_setsockopt from ret_fast_syscall+0x0/0x58
[   20.661171] Exception stack(0xe0159fa8 to 0xe0159ff0)
[   20.661186] 9fa0:                   00000014 b6f61ce8 0000000d 00000029 00000014 bef3b9ec
[   20.661197] 9fc0: 00000014 b6f61ce8 00000014 00000126 0000000d b6f0aff4 004fe988 004e6558
[   20.661206] 9fe0: b6f20088 bef3b9d8 b6efd309 b6dd441a
[   20.661214] ---[ end trace 0000000000000000 ]---
[   20.861931] tilcdc 4830e000.lcdc: [drm] Cannot find any crtc or sizes
[   20.874421] tilcdc 4830e000.lcdc: [drm] Cannot find any crtc or sizes
[   21.898953] PM: Cannot get wkup_m3_ipc handle
[   22.056961] omap-sham 53100000.sham: hw accel on OMAP rev 4.3
[   22.162860] omap-sham 53100000.sham: will run requests pump with realtime priority
[   22.171460] PM: Cannot get wkup_m3_ipc handle
[   22.499736] omap-aes 53500000.aes: OMAP AES hw accel rev: 3.2
[   22.628314] omap-aes 53500000.aes: will run requests pump with realtime priority
[   22.643383] PM: Cannot get wkup_m3_ipc handle
[   25.239713] Bluetooth: Core ver 2.22
[   25.243746] NET: Registered PF_BLUETOOTH protocol family
[   25.249102] Bluetooth: HCI device and connection manager initialized
[   25.255619] Bluetooth: HCI socket layer initialized
[   25.260537] Bluetooth: L2CAP socket layer initialized
[   25.265703] Bluetooth: SCO socket layer initialized
[   25.958706] PM: Cannot get wkup_m3_ipc handle
[   25.964699] asoc-simple-card sound: using DT '/sound' for 'simple-audio-card,hp-det' GPIO lookup
[   25.964768] of_get_named_gpiod_flags: can't parse 'simple-audio-card,hp-det-gpios' property of node '/sound[0]'
[   25.964804] of_get_named_gpiod_flags: can't parse 'simple-audio-card,hp-det-gpio' property of node '/sound[0]'
[   25.964830] asoc-simple-card sound: using lookup tables for GPIO lookup
[   25.964844] asoc-simple-card sound: No GPIO consumer simple-audio-card,hp-det found
[   25.964860] asoc-simple-card sound: using DT '/sound' for 'simple-audio-card,mic-det' GPIO lookup
[   25.964884] of_get_named_gpiod_flags: can't parse 'simple-audio-card,mic-det-gpios' property of node '/sound[0]'
[   25.964910] of_get_named_gpiod_flags: can't parse 'simple-audio-card,mic-det-gpio' property of node '/sound[0]'
[   25.964929] asoc-simple-card sound: using lookup tables for GPIO lookup
[   25.964941] asoc-simple-card sound: No GPIO consumer simple-audio-card,mic-det found
[   25.992020] tda998x 0-0070: using DT '/ocp/interconnect@44c00000/segment@200000/target-module@b000/i2c@0/tda19988@70' for 'nxp,calib' GPIO lookup
[   25.992148] of_get_named_gpiod_flags: parsed 'nxp,calib-gpios' property of node '/ocp/interconnect@44c00000/segment@200000/target-module@b000/i2c@0/tda19988@70[0]' - status (0)
[   25.992228] gpio gpiochip0: Persistence not supported for GPIO 25
[   25.992243] gpio-537 (nxp,calib): no flags found for GPIO nxp,calib
[   25.997147] gpio-537 (nxp,calib): gpiod_direction_output_nonotify: tried to set a GPIO tied to an IRQ as output
[   26.101240] PM: Cannot get wkup_m3_ipc handle
[   26.280787] tda9950 0-0034: TDA9950 CEC interface, hardware version 3.3
[   26.361946] PM: Cannot get wkup_m3_ipc handle
[   29.604993] userial_init: registered 8 ttyGS* devices
[   29.762327] rndis_register: configNr = 0
[   29.899840] udc musb-hdrc.0: binding gadget driver [g_multi]
[   29.899955] configfs-gadget.g_multi gadget.0: adding 'rndis'/69d6320d to config 'c'/502f7031
[   29.901083] configfs-gadget.g_multi gadget.0: HOST MAC 1c:ba:8c:a2:ed:6c
[   29.908069] configfs-gadget.g_multi gadget.0: MAC 1c:ba:8c:a2:ed:70
[   29.914498] rndis_set_param_medium: 0 0
[   29.914522] configfs-gadget.g_multi gadget.0: RNDIS: IN/ep1in OUT/ep1out NOTIFY/ep2in
[   29.914539] configfs-gadget.g_multi gadget.0: adding 'cdc_ethernet'/e301ea93 to config 'c'/502f7031
[   29.915468] configfs-gadget.g_multi gadget.0: HOST MAC 1c:ba:8c:a2:ed:6c
[   29.922330] configfs-gadget.g_multi gadget.0: MAC 1c:ba:8c:a2:ed:6d
[   29.928661] configfs-gadget.g_multi gadget.0: CDC Ethernet: IN/ep3in OUT/ep2out NOTIFY/ep4in
[   29.928679] configfs-gadget.g_multi gadget.0: adding 'acm'/1906cbc6 to config 'c'/502f7031
[   29.928716] configfs-gadget.g_multi gadget.0: acm ttyGS0: IN/ep5in OUT/ep3out NOTIFY/ep6in
[   29.938069] PM: Cannot get wkup_m3_ipc handle
[   31.812478] configfs-gadget.g_multi gadget.0: eth_open
[   35.475785] gs_open: ttyGS0 (0a76784c,a3e21b82)
[   35.475937] gs_close: ttyGS0 (0a76784c,a3e21b82) ...
[   35.475958] gs_close: ttyGS0 (0a76784c,a3e21b82) done!
[   35.493640] gs_open: ttyGS0 (2b68954b,bbb44707)
[   35.493762] gs_close: ttyGS0 (2b68954b,bbb44707) ...
[   35.493783] gs_close: ttyGS0 (2b68954b,bbb44707) done!
[   35.691072] gs_open: ttyGS0 (0a76784c,fec1e326)
[   35.691300] gs_close: ttyGS0 (0a76784c,fec1e326) ...
[   35.691329] gs_close: ttyGS0 (0a76784c,fec1e326) done!
[   35.697276] gs_open: ttyGS0 (0a76784c,bbb44707)
XTVXJUJBFZ 0
root@arm:~# echo 'AWVP''MLVHBE'
AWVPMLVHBE
root@arm:~# MARKER='LHUB''BQUYKB' run 'modprobe test_linear_ranges'
LHUBBQUYKBLHUBBQUYKB 0
root@arm:~# echo 'AQEH''AVXNQH'
AQEHAVXNQH
root@arm:~# MARKER='BGFU''HOHEEL' run dmesg
BGFUHOHEEL[    0.000000] Booting Linux on physical CPU 0x0
[    0.000000] Linux version 6.18.0-rc2-next-20251024 (user01@drvtest01) (arm-none-eabi-gcc (Arm GNU Toolchain 14.2.Rel1 (Build arm-14.52)) 14.2.1 20241119, GNU ld (Arm GNU Toolchain 14.2.Rel1 (Build arm-14.52)) 2.43.1.20241119) #1 SMP Fri Oct 24 07:48:35 EEST 2025
[    0.000000] CPU: ARMv7 Processor [413fc082] revision 2 (ARMv7), cr=10c5387d
[    0.000000] CPU: PIPT / VIPT nonaliasing data cache, VIPT aliasing instruction cache
[    0.000000] OF: fdt: Machine model: TI AM335x BeagleBone Black
[    0.000000] Memory policy: Data cache writeback
[    0.000000] cma: Reserved 16 MiB at 0x9e800000
[    0.000000] Zone ranges:
[    0.000000]   Normal   [mem 0x0000000080000000-0x000000009fdfffff]
[    0.000000]   HighMem  empty
[    0.000000] Movable zone start for each node
[    0.000000] Early memory node ranges
[    0.000000]   node   0: [mem 0x0000000080000000-0x000000009fdfffff]
[    0.000000] Initmem setup node 0 [mem 0x0000000080000000-0x000000009fdfffff]
[    0.000000] On node 0, zone Normal: 512 pages in unavailable ranges
[    0.000000] OF: reserved mem: Reserved memory: No reserved-memory node in the DT
[    0.000000] CPU: All CPU(s) started in SVC mode.
[    0.000000] AM335X ES2.1 (sgx neon)
[    0.000000] percpu: Embedded 17 pages/cpu s40012 r8192 d21428 u69632
[    0.000000] pcpu-alloc: s40012 r8192 d21428 u69632 alloc=17*4096
[    0.000000] pcpu-alloc: [0] 0 
[    0.000000] Kernel command line: console=ttyO0,115200n8 root=/dev/nfs rw nfsroot=192.168.255.126:/home/user01/nfs,nfsvers=3 ip=192.168.255.1:192.168.255.126::255.255.255.0:bbb1:eth0 nfsrootdebug
[    0.000000] Unknown kernel command line parameters "nfsrootdebug", will be passed to user space.
[    0.000000] printk: log buffer data + meta data: 65536 + 204800 = 270336 bytes
[    0.000000] Dentry cache hash table entries: 65536 (order: 6, 262144 bytes, linear)
[    0.000000] Inode-cache hash table entries: 32768 (order: 5, 131072 bytes, linear)
[    0.000000] Built 1 zonelists, mobility grouping on.  Total pages: 130560
[    0.000000] mem auto-init: stack:off, heap alloc:off, heap free:off
[    0.000000] SLUB: HWalign=16, Order=0-3, MinObjects=0, CPUs=1, Nodes=1
[    0.000000] rcu: Hierarchical RCU implementation.
[    0.000000] rcu: 	RCU event tracing is enabled.
[    0.000000] rcu: 	RCU restricting CPUs from NR_CPUS=2 to nr_cpu_ids=1.
[    0.000000] 	Tracing variant of Tasks RCU enabled.
[    0.000000] rcu: RCU calculated value of scheduler-enlistment delay is 10 jiffies.
[    0.000000] rcu: Adjusting geometry for rcu_fanout_leaf=16, nr_cpu_ids=1
[    0.000000] RCU Tasks Trace: Setting shift to 0 and lim to 1 rcu_task_cb_adjust=1 rcu_task_cpu_ids=1.
[    0.000000] NR_IRQS: 16, nr_irqs: 16, preallocated irqs: 16
[    0.000000] IRQ: Found an INTC at 0x(ptrval) (revision 5.0) with 128 interrupts
[    0.000000] rcu: srcu_init: Setting srcu_struct sizes based on contention.
[    0.000000] TI gptimer clocksource: always-on /ocp/interconnect@44c00000/segment@200000/target-module@31000
[    0.000003] sched_clock: 32 bits at 24MHz, resolution 41ns, wraps every 89478484971ns
[    0.000026] clocksource: dmtimer: mask: 0xffffffff max_cycles: 0xffffffff, max_idle_ns: 79635851949 ns
[    0.000494] TI gptimer clockevent: 24000000 Hz at /ocp/interconnect@48000000/segment@0/target-module@40000
[    0.002063] Console: colour dummy device 80x30
[    0.002130] WARNING: Your 'console=ttyO0' has been replaced by 'ttyS0'
[    0.002140] This ensures that you still see kernel messages. Please
[    0.002144] update your kernel commandline.
[    0.002187] Calibrating delay loop... 996.14 BogoMIPS (lpj=4980736)
[    0.090603] CPU: Testing write buffer coherency: ok
[    0.090686] CPU0: Spectre v2: using BPIALL workaround
[    0.090696] pid_max: default: 32768 minimum: 301
[    0.091011] Mount-cache hash table entries: 1024 (order: 0, 4096 bytes, linear)
[    0.091034] Mountpoint-cache hash table entries: 1024 (order: 0, 4096 bytes, linear)
[    0.092633] CPU0: thread -1, cpu 0, socket -1, mpidr 0
[    0.092691] cacheinfo: Unable to detect cache hierarchy for CPU 0
[    0.094694] Setting up static identity map for 0x80100000 - 0x80100078
[    0.095013] rcu: Hierarchical SRCU implementation.
[    0.095024] rcu: 	Max phase no-delay instances is 1000.
[    0.096730] smp: Bringing up secondary CPUs ...
[    0.096781] smp: Brought up 1 node, 1 CPU
[    0.096792] SMP: Total of 1 processors activated (996.14 BogoMIPS).
[    0.096804] CPU: All CPU(s) started in SVC mode.
[    0.096997] Memory: 480992K/522240K available (11264K kernel code, 1226K rwdata, 2952K rodata, 1024K init, 256K bss, 23336K reserved, 16384K cma-reserved, 0K highmem)
[    0.097812] devtmpfs: initialized
[    0.115226] VFP support v0.3: implementor 41 architecture 3 part 30 variant c rev 3
[    0.115913] clocksource: jiffies: mask: 0xffffffff max_cycles: 0xffffffff, max_idle_ns: 19112604462750000 ns
[    0.115969] posixtimers hash table entries: 512 (order: 0, 4096 bytes, linear)
[    0.115994] futex hash table entries: 256 (16384 bytes on 1 NUMA nodes, total 16 KiB, linear).
[    0.119198] NET: Registered PF_NETLINK/PF_ROUTE protocol family
[    0.122306] DMA: preallocated 256 KiB pool for atomic coherent allocations
[    0.122918] audit: initializing netlink subsys (disabled)
[    0.124255] thermal_sys: Registered thermal governor 'fair_share'
[    0.124271] thermal_sys: Registered thermal governor 'step_wise'
[    0.124278] thermal_sys: Registered thermal governor 'user_space'
[    0.124391] audit: type=2000 audit(0.120:1): state=initialized audit_enabled=0 res=1
[    0.124463] cpuidle: using governor menu
[    0.142533] /ocp/interconnect@44c00000/segment@200000/target-module@b000/i2c@0/tda19988@70: Fixed dependency cycle(s) with /ocp/interconnect@48000000/segment@300000/target-module@e000/lcdc@0
[    0.143623] /ocp/interconnect@48000000/segment@300000/target-module@e000/lcdc@0: Fixed dependency cycle(s) with /ocp/interconnect@44c00000/segment@200000/target-module@b000/i2c@0/tda19988@70
[    0.145823] No ATAGs?
[    0.145862] hw-breakpoint: debug architecture 0x4 unsupported.
[    0.148923] kprobes: kprobe jump-optimization is enabled. All kprobes are optimized if possible.
[    0.153939] iommu: Default domain type: Translated
[    0.153963] iommu: DMA domain TLB invalidation policy: strict mode
[    0.155529] reg-fixed-voltage fixedregulator0: using DT '/fixedregulator0' for '(default)' GPIO lookup
[    0.155581] of_get_named_gpiod_flags: can't parse 'gpios' property of node '/fixedregulator0[0]'
[    0.155610] of_get_named_gpiod_flags: can't parse 'gpio' property of node '/fixedregulator0[0]'
[    0.155628] reg-fixed-voltage fixedregulator0: using lookup tables for GPIO lookup
[    0.155639] reg-fixed-voltage fixedregulator0: No GPIO consumer (default) found
[    0.161451] SCSI subsystem initialized
[    0.161952] libata version 3.00 loaded.
[    0.162340] pps_core: LinuxPPS API ver. 1 registered
[    0.162350] pps_core: Software ver. 5.3.6 - Copyright 2005-2007 Rodolfo Giometti <giometti@linux.it>
[    0.162374] PTP clock support registered
[    0.171352] vgaarb: loaded
[    0.171736] clocksource: Switched to clocksource dmtimer
[    0.172408] VFS: Disk quotas dquot_6.6.0
[    0.172472] VFS: Dquot-cache hash table entries: 1024 (order 0, 4096 bytes)
[    0.197343] NET: Registered PF_INET protocol family
[    0.197672] IP idents hash table entries: 8192 (order: 4, 65536 bytes, linear)
[    0.199100] tcp_listen_portaddr_hash hash table entries: 512 (order: 0, 4096 bytes, linear)
[    0.199136] Table-perturb hash table entries: 65536 (order: 6, 262144 bytes, linear)
[    0.199153] TCP established hash table entries: 4096 (order: 2, 16384 bytes, linear)
[    0.199199] TCP bind hash table entries: 4096 (order: 4, 65536 bytes, linear)
[    0.199300] TCP: Hash tables configured (established 4096 bind 4096)
[    0.199426] UDP hash table entries: 256 (order: 1, 14336 bytes, linear)
[    0.199460] UDP-Lite hash table entries: 256 (order: 1, 14336 bytes, linear)
[    0.199666] NET: Registered PF_UNIX/PF_LOCAL protocol family
[    0.212367] RPC: Registered named UNIX socket transport module.
[    0.212390] RPC: Registered udp transport module.
[    0.212396] RPC: Registered tcp transport module.
[    0.212401] RPC: Registered tcp-with-tls transport module.
[    0.212406] RPC: Registered tcp NFSv4.1 backchannel transport module.
[    0.212432] PCI: CLS 0 bytes, default 64
[    0.213836] Initialise system trusted keyrings
[    0.214608] workingset: timestamp_bits=14 max_order=17 bucket_order=3
[    0.216386] NFS: Registering the id_resolver key type
[    0.216463] Key type id_resolver registered
[    0.216470] Key type id_legacy registered
[    0.216585] jffs2: version 2.2. (NAND) (SUMMARY)  Â© 2001-2006 Red Hat, Inc.
[    0.217055] Key type asymmetric registered
[    0.217074] Asymmetric key parser 'x509' registered
[    0.217148] io scheduler mq-deadline registered
[    0.217157] io scheduler kyber registered
[    0.217240] io scheduler bfq registered
[    0.219107] target-module@4b000000:target-module@140000:pmu@0:fck: device ID is greater than 24
[    0.232392] ledtrig-cpu: registered to indicate activity on CPUs
[    0.236152] Serial: 8250/16550 driver, 6 ports, IRQ sharing enabled
[    0.278676] brd: module loaded
[    0.296865] loop: module loaded
[    0.297802] mtdoops: mtd device (mtddev=name/number) must be supplied
[    0.299360] mdio_bus fixed-0: using lookup tables for GPIO lookup
[    0.299385] mdio_bus fixed-0: No GPIO consumer reset found
[    0.300812] i2c_dev: i2c /dev entries driver
[    0.302016] cpuidle: enable-method property 'ti,am3352' found operations
[    0.302487] sdhci: Secure Digital Host Controller Interface driver
[    0.302499] sdhci: Copyright(c) Pierre Ossman
[    0.302682] sdhci-pltfm: SDHCI platform and OF driver helper
[    0.314430] hw perfevents: enabled with armv7_cortex_a8 PMU driver, 5 (8000000f) counters available
[    0.314968] Initializing XFRM netlink socket
[    0.315138] NET: Registered PF_INET6 protocol family
[    0.317155] Segment Routing with IPv6
[    0.317235] In-situ OAM (IOAM) with IPv6
[    0.317330] sit: IPv6, IPv4 and MPLS over IPv4 tunneling driver
[    0.318295] NET: Registered PF_PACKET protocol family
[    0.318324] NET: Registered PF_KEY protocol family
[    0.318447] Key type dns_resolver registered
[    0.318672] ThumbEE CPU extension supported.
[    0.318693] Registering SWP/SWPB emulation handler
[    0.319218] omap_voltage_late_init: Voltage driver support not added
[    0.319888] SmartReflex Class3 initialized
[    0.353932] Loading compiled-in X.509 certificates
[    0.396976] /ocp/interconnect@44c00000/segment@200000/target-module@b000/i2c@0/tda19988@70: Fixed dependency cycle(s) with /ocp/interconnect@48000000/segment@300000/target-module@e000/lcdc@0
[    0.403524] /ocp/interconnect@44c00000/segment@200000/target-module@b000/i2c@0/tda19988@70: Fixed dependency cycle(s) with /ocp/interconnect@48000000/segment@300000/target-module@e000/lcdc@0
[    0.409074] gpiochip_find_base_unlocked: found new base at 512
[    0.444687] /ocp/interconnect@44c00000/segment@200000/target-module@b000/i2c@0/tda19988@70: Fixed dependency cycle(s) with /ocp/interconnect@48000000/segment@300000/target-module@e000/lcdc@0
[    0.445573] /ocp/interconnect@44c00000/segment@200000/target-module@b000/i2c@0/tda19988@70: Fixed dependency cycle(s) with /ocp/interconnect@48000000/segment@300000/target-module@e000/lcdc@0
[    0.449077] /ocp/interconnect@44c00000/segment@200000/target-module@10000/scm@0/pinmux@800: Fixed dependency cycle(s) with /ocp/interconnect@44c00000/segment@200000/target-module@10000/scm@0/pinmux@800/clkout2-pins
[    0.449671] pinctrl-single 44e10800.pinmux: 142 pins, size 568
[    0.455290] ti-sysc 44e31000.target-module: probe with driver ti-sysc failed with error -16
[    0.483249] /ocp/interconnect@48000000/segment@300000/target-module@e000/lcdc@0: Fixed dependency cycle(s) with /ocp/interconnect@44c00000/segment@200000/target-module@b000/i2c@0/tda19988@70
[    0.491343] ti-sysc 48040000.target-module: probe with driver ti-sysc failed with error -16
[    0.503084] gpiochip_find_base_unlocked: found new base at 512
[    0.503198] gpio gpiochip0: (gpio-0-31): created GPIO range 0->7 ==> 44e10800.pinmux PIN 0->7
[    0.503217] gpio gpiochip0: (gpio-0-31): created GPIO range 8->11 ==> 44e10800.pinmux PIN 90->93
[    0.503234] gpio gpiochip0: (gpio-0-31): created GPIO range 12->27 ==> 44e10800.pinmux PIN 12->27
[    0.503250] gpio gpiochip0: (gpio-0-31): created GPIO range 28->31 ==> 44e10800.pinmux PIN 30->33
[    0.550425] gpio gpiochip0: (gpio-0-31): added GPIO chardev (254:0)
[    0.550669] gpio gpiochip0: registered GPIOs 512 to 543 on gpio-0-31
[    0.550756] OMAP GPIO hardware version 0.1
[    0.582570] i2c i2c-2: using DT '/ocp/interconnect@48000000/segment@100000/target-module@9c000/i2c@0' for 'scl' GPIO lookup
[    0.582642] of_get_named_gpiod_flags: can't parse 'scl-gpios' property of node '/ocp/interconnect@48000000/segment@100000/target-module@9c000/i2c@0[0]'
[    0.582686] of_get_named_gpiod_flags: can't parse 'scl-gpio' property of node '/ocp/interconnect@48000000/segment@100000/target-module@9c000/i2c@0[0]'
[    0.582721] i2c i2c-2: using lookup tables for GPIO lookup
[    0.582732] i2c i2c-2: No GPIO consumer scl found
[    0.582753] i2c i2c-2: using DT '/ocp/interconnect@48000000/segment@100000/target-module@9c000/i2c@0' for 'sda' GPIO lookup
[    0.582789] of_get_named_gpiod_flags: can't parse 'sda-gpios' property of node '/ocp/interconnect@48000000/segment@100000/target-module@9c000/i2c@0[0]'
[    0.582825] of_get_named_gpiod_flags: can't parse 'sda-gpio' property of node '/ocp/interconnect@48000000/segment@100000/target-module@9c000/i2c@0[0]'
[    0.582856] i2c i2c-2: using lookup tables for GPIO lookup
[    0.582864] i2c i2c-2: No GPIO consumer sda found
[    0.583583] omap_i2c 4819c000.i2c: bus 2 rev0.11 at 100 kHz
[    0.589264] gpiochip_find_base_unlocked: found new base at 544
[    0.589364] gpio gpiochip1: (gpio-32-63): created GPIO range 0->17 ==> 44e10800.pinmux PIN 34->51
[    0.589383] gpio gpiochip1: (gpio-32-63): created GPIO range 18->21 ==> 44e10800.pinmux PIN 77->80
[    0.589399] gpio gpiochip1: (gpio-32-63): created GPIO range 22->31 ==> 44e10800.pinmux PIN 56->65
[    0.600860] gpio gpiochip1: (gpio-32-63): added GPIO chardev (254:1)
[    0.601093] gpio gpiochip1: registered GPIOs 544 to 575 on gpio-32-63
[    0.603542] gpiochip_find_base_unlocked: found new base at 576
[    0.603637] gpio gpiochip2: (gpio-64-95): created GPIO range 0->4 ==> 44e10800.pinmux PIN 66->70
[    0.603656] gpio gpiochip2: (gpio-64-95): created GPIO range 5->6 ==> 44e10800.pinmux PIN 98->99
[    0.603672] gpio gpiochip2: (gpio-64-95): created GPIO range 7->8 ==> 44e10800.pinmux PIN 75->76
[    0.603687] gpio gpiochip2: (gpio-64-95): created GPIO range 13->13 ==> 44e10800.pinmux PIN 141->141
[    0.603703] gpio gpiochip2: (gpio-64-95): created GPIO range 14->21 ==> 44e10800.pinmux PIN 100->107
[    0.618702] gpio gpiochip2: (gpio-64-95): added GPIO chardev (254:2)
[    0.618928] gpio gpiochip2: registered GPIOs 576 to 607 on gpio-64-95
[    0.624779] 48000000.interconnect:segment@200000:target-module@0:mpu@0:fck: device ID is greater than 24
[    0.625670] /ocp/interconnect@48000000/segment@300000/target-module@e000/lcdc@0: Fixed dependency cycle(s) with /ocp/interconnect@44c00000/segment@200000/target-module@b000/i2c@0/tda19988@70
[    0.628535] /ocp/interconnect@48000000/segment@300000/target-module@e000/lcdc@0: Fixed dependency cycle(s) with /ocp/interconnect@44c00000/segment@200000/target-module@b000/i2c@0/tda19988@70
[    0.629241] /ocp/interconnect@44c00000/segment@200000/target-module@b000/i2c@0/tda19988@70: Fixed dependency cycle(s) with /ocp/interconnect@48000000/segment@300000/target-module@e000/lcdc@0
[    0.629396] /ocp/interconnect@48000000/segment@300000/target-module@e000/lcdc@0: Fixed dependency cycle(s) with /ocp/interconnect@44c00000/segment@200000/target-module@b000/i2c@0/tda19988@70
[    0.636862] sdhci-omap 481d8000.mmc: using DT '/ocp/interconnect@48000000/segment@100000/target-module@d8000/mmc@0' for 'wp' GPIO lookup
[    0.636932] of_get_named_gpiod_flags: can't parse 'wp-gpios' property of node '/ocp/interconnect@48000000/segment@100000/target-module@d8000/mmc@0[0]'
[    0.636977] of_get_named_gpiod_flags: can't parse 'wp-gpio' property of node '/ocp/interconnect@48000000/segment@100000/target-module@d8000/mmc@0[0]'
[    0.637012] sdhci-omap 481d8000.mmc: using lookup tables for GPIO lookup
[    0.637022] sdhci-omap 481d8000.mmc: No GPIO consumer wp found
[    0.637218] sdhci-omap 481d8000.mmc: supply pbias not found, using dummy regulator
[    0.637707] sdhci-omap 481d8000.mmc: supply vqmmc not found, using dummy regulator
[    0.659665] mdio_bus 4a101000.mdio: using DT '/ocp/interconnect@4a000000/segment@0/target-module@100000/switch@0/mdio@1000' for 'reset' GPIO lookup
[    0.659739] of_get_named_gpiod_flags: can't parse 'reset-gpios' property of node '/ocp/interconnect@4a000000/segment@0/target-module@100000/switch@0/mdio@1000[0]'
[    0.659786] of_get_named_gpiod_flags: can't parse 'reset-gpio' property of node '/ocp/interconnect@4a000000/segment@0/target-module@100000/switch@0/mdio@1000[0]'
[    0.659833] mdio_bus 4a101000.mdio: using lookup tables for GPIO lookup
[    0.659843] mdio_bus 4a101000.mdio: No GPIO consumer reset found
[    0.713336] davinci_mdio 4a101000.mdio: davinci mdio revision 1.6, bus freq 1000000
[    0.735435] mdio_bus 4a101000.mdio:00: using DT '/ocp/interconnect@4a000000/segment@0/target-module@100000/switch@0/mdio@1000/ethernet-phy@0' for 'reset' GPIO lookup
[    0.735529] of_get_named_gpiod_flags: parsed 'reset-gpios' property of node '/ocp/interconnect@4a000000/segment@0/target-module@100000/switch@0/mdio@1000/ethernet-phy@0[0]' - status (0)
[    0.735693] gpio gpiochip0: Persistence not supported for GPIO 8
[    0.855363] davinci_mdio 4a101000.mdio: phy[0]: device 4a101000.mdio:00, driver SMSC LAN8710/LAN8720
[    0.856147] cpsw-switch 4a100000.switch: initialized cpsw ale version 1.4
[    0.856169] cpsw-switch 4a100000.switch: ALE Table size 1024, Policers 0
[    0.863516] cpsw-switch 4a100000.switch: cpts: overflow check period 500 (jiffies)
[    0.863541] cpsw-switch 4a100000.switch: CPTS: ref_clk_freq:250000000 calc_mult:2147483648 calc_shift:29 error:0 nsec/sec
[    0.863651] cpsw-switch 4a100000.switch: Detected MACID = 6c:ec:eb:68:de:78
[    0.865531] cpsw-switch 4a100000.switch: initialized (regs 0x4a100000, pool size 256) hw_ver:0019010C 1.12 (0)
[    0.877969] debugfs: '49000000.dma' already exists in 'dmaengine'
[    0.878014] edma 49000000.dma: TI EDMA DMA engine driver
[    0.937467] gpio-clk clk_mcasp0: using DT '/clk_mcasp0' for 'enable' GPIO lookup
[    0.937547] of_get_named_gpiod_flags: parsed 'enable-gpios' property of node '/clk_mcasp0[0]' - status (0)
[    0.937593] gpio gpiochip0: Persistence not supported for GPIO 27
[    0.938341] gpiochip_find_base_unlocked: found new base at 608
[    0.938458] gpio gpiochip3: (gpio-96-127): created GPIO range 0->7 ==> 44e10800.pinmux PIN 82->89
[    0.938477] gpio gpiochip3: (gpio-96-127): created GPIO range 8->11 ==> 44e10800.pinmux PIN 52->55
[    0.938493] gpio gpiochip3: (gpio-96-127): created GPIO range 12->15 ==> 44e10800.pinmux PIN 94->97
[    0.938509] gpio gpiochip3: (gpio-96-127): created GPIO range 16->17 ==> 44e10800.pinmux PIN 71->72
[    0.938525] gpio gpiochip3: (gpio-96-127): created GPIO range 18->18 ==> 44e10800.pinmux PIN 135->135
[    0.938541] gpio gpiochip3: (gpio-96-127): created GPIO range 19->20 ==> 44e10800.pinmux PIN 108->109
[    0.938559] gpio gpiochip3: (gpio-96-127): created GPIO range 21->21 ==> 44e10800.pinmux PIN 73->73
[    0.938581] gpio gpiochip3: (gpio-96-127): created GPIO range 22->23 ==> 44e10800.pinmux PIN 8->9
[    0.938600] gpio gpiochip3: (gpio-96-127): created GPIO range 26->27 ==> 44e10800.pinmux PIN 10->11
[    0.938618] gpio gpiochip3: (gpio-96-127): created GPIO range 28->28 ==> 44e10800.pinmux PIN 74->74
[    0.938636] gpio gpiochip3: (gpio-96-127): created GPIO range 29->29 ==> 44e10800.pinmux PIN 81->81
[    0.938655] gpio gpiochip3: (gpio-96-127): created GPIO range 30->31 ==> 44e10800.pinmux PIN 28->29
[    0.939701] gpio gpiochip3: (gpio-96-127): added GPIO chardev (254:3)
[    0.939924] gpio gpiochip3: registered GPIOs 608 to 639 on gpio-96-127
[    0.941977] omap8250 44e09000.serial: using DT '/ocp/interconnect@44c00000/segment@200000/target-module@9000/serial@0' for 'rs485-term' GPIO lookup
[    0.942047] of_get_named_gpiod_flags: can't parse 'rs485-term-gpios' property of node '/ocp/interconnect@44c00000/segment@200000/target-module@9000/serial@0[0]'
