Labgrid Console Logfile for main
Logfile started at 2025-07-10 12:58:00.087211
=== Log starts here ===
reading args
spl_load_image_fat_os: error reading image args, err - -1
reading u-boot.img
reading u-boot.img


U-Boot 2014.04-00014-g47880f5 (Apr 22 2014 - 13:23:54)

I2C:   ready
DRAM:  512 MiB
NAND:  0 MiB
MMC:   OMAP SD/MMC: 0, OMAP SD/MMC: 1
*** Warning - readenv() failed, using default environment

Net:   <ethaddr> not set. Validating first E-fuse MAC
cpsw, usb_ether
Hit any key to stop autoboot:  1  0 
gpio: pin 53 (gpio 53) value is 1
mmc0 is current device
gpio: pin 54 (gpio 54) value is 1
SD/MMC found on device 0
reading uEnv.txt
569 bytes read in 4 ms (138.7 KiB/s)
gpio: pin 55 (gpio 55) value is 1
Loaded environment from uEnv.txt
Importing environment from mmc ...
Checking if uenvcmd is set ...
gpio: pin 56 (gpio 56) value is 1
Running uenvcmd ...
cpsw Waiting for PHY auto negotiation to complete. done
link up on port 0, speed 100, full duplex
Using cpsw device
TFTP from server 192.168.255.126; our IP address is 192.168.255.1
Filename 'zImage'.
Load address: 0x81000000
Loading: *#################################################################
	 #################################################################
	 #################################################################
	 #################################################################
	 #################################################################
	 ###########################################################
	 2.4 MiB/s
done
Bytes transferred = 5624824 (55d3f8 hex)
link up on port 0, speed 100, full duplex
Using cpsw device
TFTP from server 192.168.255.126; our IP address is 192.168.255.1
Filename 'am335x-boneblack.dtb'.
Load address: 0x82000000
Loading: *#######
	 2.3 MiB/s
done
Bytes transferred = 98244 (17fc4 hex)
Kernel image @ 0x81000000 [ 0x000000 - 0x55d3f8 ]
## Flattened Device Tree blob at 82000000
   Booting using the fdt blob at 0x82000000
   Using Device Tree in place at 82000000, end 8201afc3

Starting kernel ...

[    0.000000] Booting Linux on physical CPU 0x0
[    0.000000] Linux version 6.16.0-rc5-next-20250710 (user01@drvtest01) (arm-none-eabi-gcc (Arm GNU Toolchain 14.2.Rel1 (Build arm-14.52)) 14.2.1 20241119, GNU ld (Arm GNU Toolchain 14.2.Rel1 (Build arm-14.52)) 2.43.1.20241119) #1 SMP Thu Jul 10 12:55:07 EEST 2025
[    0.000000] CPU: ARMv7 Processor [413fc082] revision 2 (ARMv7), cr=10c5387d
[    0.000000] CPU: PIPT / VIPT nonaliasing data cache, VIPT aliasing instruction cache
[    0.000000] OF: fdt: Machine model: TI AM335x BeagleBone Black
[    0.000000] Memory policy: Data cache writeback
[    0.000000] cma: Reserved 16 MiB at 0x9e800000
[    0.000000] Zone ranges:
[    0.000000]   Normal   [mem 0x0000000080000000-0x000000009fdfffff]
[    0.000000]   HighMem  empty
[    0.000000] Movable zone start for each node
[    0.000000] Early memory node ranges
[    0.000000]   node   0: [mem 0x0000000080000000-0x000000009fdfffff]
[    0.000000] Initmem setup node 0 [mem 0x0000000080000000-0x000000009fdfffff]
[    0.000000] On node 0, zone Normal: 512 pages in unavailable ranges
[    0.000000] OF: reserved mem: Reserved memory: No reserved-memory node in the DT
[    0.000000] CPU: All CPU(s) started in SVC mode.
[    0.000000] AM335X ES2.1 (sgx neon)
[    0.000000] percpu: Embedded 17 pages/cpu s39820 r8192 d21620 u69632
[    0.000000] Kernel command line: console=ttyO0,115200n8 root=/dev/nfs rw nfsroot=192.168.255.126:/home/user01/nfs,nfsvers=3 ip=192.168.255.1:192.168.255.126::255.255.255.0:bbb1:eth0 nfsrootdebug
[    0.000000] Unknown kernel command line parameters "nfsrootdebug", will be passed to user space.
[    0.000000] printk: log buffer data + meta data: 65536 + 204800 = 270336 bytes
[    0.000000] Dentry cache hash table entries: 65536 (order: 6, 262144 bytes, linear)
[    0.000000] Inode-cache hash table entries: 32768 (order: 5, 131072 bytes, linear)
[    0.000000] Built 1 zonelists, mobility grouping on.  Total pages: 130560
[    0.000000] mem auto-init: stack:off, heap alloc:off, heap free:off
[    0.000000] SLUB: HWalign=16, Order=0-3, MinObjects=0, CPUs=1, Nodes=1
[    0.000000] rcu: Hierarchical RCU implementation.
[    0.000000] rcu: 	RCU event tracing is enabled.
[    0.000000] rcu: 	RCU restricting CPUs from NR_CPUS=2 to nr_cpu_ids=1.
[    0.000000] 	Tracing variant of Tasks RCU enabled.
[    0.000000] rcu: RCU calculated value of scheduler-enlistment delay is 10 jiffies.
[    0.000000] rcu: Adjusting geometry for rcu_fanout_leaf=16, nr_cpu_ids=1
[    0.000000] RCU Tasks Trace: Setting shift to 0 and lim to 1 rcu_task_cb_adjust=1 rcu_task_cpu_ids=1.
[    0.000000] NR_IRQS: 16, nr_irqs: 16, preallocated irqs: 16
[    0.000000] IRQ: Found an INTC at 0x(ptrval) (revision 5.0) with 128 interrupts
[    0.000000] rcu: srcu_init: Setting srcu_struct sizes based on contention.
[    0.000000] TI gptimer clocksource: always-on /ocp/interconnect@44c00000/segment@200000/target-module@31000
[    0.000003] sched_clock: 32 bits at 24MHz, resolution 41ns, wraps every 89478484971ns
[    0.000026] clocksource: dmtimer: mask: 0xffffffff max_cycles: 0xffffffff, max_idle_ns: 79635851949 ns
[    0.000529] TI gptimer clockevent: 24000000 Hz at /ocp/interconnect@48000000/segment@0/target-module@40000
[    0.002165] Console: colour dummy device 80x30
[    0.002231] WARNING: Your 'console=ttyO0' has been replaced by 'ttyS0'
[    0.002239] This ensures that you still see kernel messages. Please
[    0.002243] update your kernel commandline.
[    0.002288] Calibrating delay loop... 996.14 BogoMIPS (lpj=4980736)
[    0.090574] CPU: Testing write buffer coherency: ok
[    0.090683] CPU0: Spectre v2: using BPIALL workaround
[    0.090693] pid_max: default: 32768 minimum: 301
[    0.090853] LSM: initializing lsm=capability
[    0.091022] Mount-cache hash table entries: 1024 (order: 0, 4096 bytes, linear)
[    0.091042] Mountpoint-cache hash table entries: 1024 (order: 0, 4096 bytes, linear)
[    0.092684] CPU0: thread -1, cpu 0, socket -1, mpidr 0
[    0.092742] cacheinfo: Unable to detect cache hierarchy for CPU 0
[    0.094760] Setting up static identity map for 0x80100000 - 0x80100078
[    0.095083] rcu: Hierarchical SRCU implementation.
[    0.095093] rcu: 	Max phase no-delay instances is 1000.
[    0.096829] smp: Bringing up secondary CPUs ...
[    0.096884] smp: Brought up 1 node, 1 CPU
[    0.096896] SMP: Total of 1 processors activated (996.14 BogoMIPS).
[    0.096908] CPU: All CPU(s) started in SVC mode.
[    0.097099] Memory: 480828K/522240K available (11264K kernel code, 1215K rwdata, 2928K rodata, 1024K init, 285K bss, 23380K reserved, 16384K cma-reserved, 0K highmem)
[    0.097932] devtmpfs: initialized
[    0.114916] VFP support v0.3: implementor 41 architecture 3 part 30 variant c rev 3
[    0.115559] clocksource: jiffies: mask: 0xffffffff max_cycles: 0xffffffff, max_idle_ns: 19112604462750000 ns
[    0.115618] posixtimers hash table entries: 512 (order: 0, 4096 bytes, linear)
[    0.115641] futex hash table entries: 256 (16384 bytes on 1 NUMA nodes, total 16 KiB, linear).
[    0.116760] pinctrl core: initialized pinctrl subsystem
[    0.118925] NET: Registered PF_NETLINK/PF_ROUTE protocol family
[    0.122079] DMA: preallocated 256 KiB pool for atomic coherent allocations
[    0.122695] audit: initializing netlink subsys (disabled)
[    0.124023] thermal_sys: Registered thermal governor 'fair_share'
[    0.124037] thermal_sys: Registered thermal governor 'step_wise'
[    0.124048] thermal_sys: Registered thermal governor 'user_space'
[    0.124161] audit: type=2000 audit(0.120:1): state=initialized audit_enabled=0 res=1
[    0.124229] cpuidle: using governor menu
[    0.142088] /ocp/interconnect@44c00000/segment@200000/target-module@b000/i2c@0/tda19988@70: Fixed dependency cycle(s) with /ocp/interconnect@48000000/segment@300000/target-module@e000/lcdc@0
[    0.143240] /ocp/interconnect@48000000/segment@300000/target-module@e000/lcdc@0: Fixed dependency cycle(s) with /ocp/interconnect@44c00000/segment@200000/target-module@b000/i2c@0/tda19988@70
[    0.145451] No ATAGs?
[    0.145494] hw-breakpoint: debug architecture 0x4 unsupported.
[    0.148615] kprobes: kprobe jump-optimization is enabled. All kprobes are optimized if possible.
[    0.154014] iommu: Default domain type: Translated
[    0.154035] iommu: DMA domain TLB invalidation policy: strict mode
[    0.161402] SCSI subsystem initialized
[    0.162277] pps_core: LinuxPPS API ver. 1 registered
[    0.162289] pps_core: Software ver. 5.3.6 - Copyright 2005-2007 Rodolfo Giometti <giometti@linux.it>
[    0.162312] PTP clock support registered
[    0.170995] vgaarb: loaded
[    0.171375] clocksource: Switched to clocksource dmtimer
[    0.172051] VFS: Disk quotas dquot_6.6.0
[    0.172109] VFS: Dquot-cache hash table entries: 1024 (order 0, 4096 bytes)
[    0.196713] NET: Registered PF_INET protocol family
[    0.197052] IP idents hash table entries: 8192 (order: 4, 65536 bytes, linear)
[    0.198473] tcp_listen_portaddr_hash hash table entries: 512 (order: 0, 4096 bytes, linear)
[    0.198512] Table-perturb hash table entries: 65536 (order: 6, 262144 bytes, linear)
[    0.198532] TCP established hash table entries: 4096 (order: 2, 16384 bytes, linear)
[    0.198578] TCP bind hash table entries: 4096 (order: 4, 65536 bytes, linear)
[    0.198678] TCP: Hash tables configured (established 4096 bind 4096)
[    0.198797] UDP hash table entries: 256 (order: 1, 14336 bytes, linear)
[    0.198832] UDP-Lite hash table entries: 256 (order: 1, 14336 bytes, linear)
[    0.199019] NET: Registered PF_UNIX/PF_LOCAL protocol family
[    0.212546] RPC: Registered named UNIX socket transport module.
[    0.212567] RPC: Registered udp transport module.
[    0.212572] RPC: Registered tcp transport module.
[    0.212577] RPC: Registered tcp-with-tls transport module.
[    0.212582] RPC: Registered tcp NFSv4.1 backchannel transport module.
[    0.212607] PCI: CLS 0 bytes, default 64
[    0.214010] Initialise system trusted keyrings
[    0.214793] workingset: timestamp_bits=14 max_order=17 bucket_order=3
[    0.216502] NFS: Registering the id_resolver key type
[    0.216602] Key type id_resolver registered
[    0.216610] Key type id_legacy registered
[    0.216717] jffs2: version 2.2. (NAND) (SUMMARY)  Â© 2001-2006 Red Hat, Inc.
[    0.217177] Key type asymmetric registered
[    0.217194] Asymmetric key parser 'x509' registered
[    0.217264] io scheduler mq-deadline registered
[    0.217274] io scheduler kyber registered
[    0.217353] io scheduler bfq registered
[    0.219240] target-module@4b000000:target-module@140000:pmu@0:fck: device ID is greater than 24
[    0.225456] l3-aon-clkctrl:0000:0: failed to disable
[    0.231643] ledtrig-cpu: registered to indicate activity on CPUs
[    0.235388] Serial: 8250/16550 driver, 6 ports, IRQ sharing enabled
[    0. 296545] brd: module loaded
[    0.318234] loop: module loaded
[    0.319168] mtdoops: mtd device (mtddev=name/number) must be supplied
[    0.322547] i2c_dev: i2c /dev entries driver
[    0.323562] cpuidle: enable-method property 'ti,am3352' found operations
[    0.324003] sdhci: Secure Digital Host Controller Interface driver
[    0.324014] sdhci: Copyright(c) Pierre Ossman
[    0.324195] sdhci-pltfm: SDHCI platform and OF driver helper
[    0.325698] hw perfevents: enabled with armv7_cortex_a8 P MU driver, 5 (8000000f) counters available
[    0.326219] Initializing XFRM netlink socket
[    0.326404] NET: Registered PF_INET6 protocol family
[    0.332070] l3-aon-clkctrl:0000:0: failed to disable
[    0.333709] Segment Routing with IPv6
[    0.333796] In-situ OAM (IOAM) with IPv6
[    0.333895] sit: IPv6, IPv4 and MPLS over IPv4 tunneling driver
[    0.334855] NET: Registered PF_PACKET protocol family
[    0.334885] NET: Registered PF_KEY protocol family
[    0.335017] Key type dns_resolver registered
[    0.335249] ThumbEE CPU extension supported.
[    0.335270] Registering SWP/SWPB emulation handler
[    0.335808] omap_voltage_late_init: Voltage driver support not added
[    0.336486] SmartReflex Class3 initialized
[    0.378519] Loading compiled-in X.509 certificates
[    0.420604] /ocp/interconnect@44c00000/segment@200000/target-module@b000/i2c@0/tda19988@70: Fixed dependency cycle(s) with /ocp/interconnect@48000000/segment@300000/target-module@e000/lcdc@0
[    0.427153] /ocp/interconnect@44c00000/segment@200000/target-module@b000/i2c@0/tda19988@70: Fixed dependency cycle(s) with /ocp/interconnect@48000000/segment@300000/target-module@e000/lcdc@0
[    0.446176] /ocp/interconnect@44c00000/segment@200000/target-module@b000/i2c@0/tda19988@70: Fixed dependency cycle(s) with /ocp/interconnect@48000000/segment@300000/target-module@e000/lcdc@0
[    0.447059] /ocp/interconnect@44c00000/segment@200000/target-module@b000/i2c@0/tda19988@70: Fixed dependency cycle(s) with /ocp/interconnect@480000ent@300000/target-module@e000/lcdc@0
[    0.450531] /ocp/interconnect@44c00000/segment@200000/target-module@10000/scm@0/pinmux@800: Fixed dependency cycle(s) with /ocp/interconnect@44c00000/segment@200000/target-module@10000/scm@0/pinmux@800/clkout2-pins
[    0.451120] pinctrl-single 44e10800.pinmux: 142 pins, size 568
[    0.456765] ti-sysc 44e31000.target-module: probe with driver ti-sysc failed with error -16
[    0.496160] /ocp/interconnect@48000000/segment@300000/target-module@e000/lcdc@0: Fixed dependency cycle(s) with /ocp/interconnect@44c00000/segment@200000/target-module@b000/i2c@0/tda19988@70
[    0.504496] ti-sysc 48040000.target-module: probe with driver ti-sysc failed with error -16
[    0.563065] OMAP GPIO hardware version 0.1
[    0.584690] omap_i2c 4819c000.i2c: bus 2 rev0.11 at 100 kHz
[    0.621046] 48000000.interconnect:segment@200000:target-module@0:mpu@0:fck: device ID is greater than 24
[    0.622200] /ocp/interconnect@48000000/segment@300000/target-module@e000/lcdc@0: Fixed dependency cycle(s) with /ocp/interconnect@44c00000/segment@200000/target-module@b000/i2c@0/tda19988@70
[    0.625073] /ocp/interconnect@48000000/segment@300000/target-module@e000/lcdc@0: Fixed dependency cycle(s) with /ocp/interconnect@44c00000/segment@200000/target-module@b000/i2c@0/tda19988@70
[    0.625790] /ocp/interconnect@44c00000/segment@200000/target-module@b000/i2c@0/tda19988@70: Fixed dependency cycle(s) with /ocp/interconnect@48000000/segment@300000/target-module@e000/lcdc@0
[    0.625949] /ocp/interconnect@48000000/segment@300000/target-module@e000/lcdc@0: Fixed dependency cycle(s) with /ocp/interconnect@44c00000/segment@200000/target-module@b000/i2c@0/tda19988@70
[    0.637531] sdhci-omap 481d8000.mmc: supply pbias not found, using dummy regulator
[    0.638024] sdhci-omap 481d8000.mmc: supply vqmmc not found, using dummy regulator
[    0.693087] davinci_mdio 4a101000.mdio: davinci mdio revision 1.6, bus freq 1000000
[    0.835840] davinci_mdio 4a10 1000.mdio: phy[0]: device 4a101000.mdio:00, driver SMSC LAN8710/LAN8720
[    0.836604] cpsw-switch 4a100000.switch: initialized cpsw ale version 1.4
[    0.836627] cpsw-switch 4a100000.switch: ALE Table size 1024, Policers 0
[    0.836786] cpsw-switch 4a100000.switch: cpts: overflow check period 500 (jiffies)
[    0.836801] cpsw-switch 4a100000.switch: CPTS: ref_clk_freq:250000000 calc_mult:2147483648 calc_shift:29 error:0 nsec/sec
[    0.836903] cpsw-switch 4a100000.switch: Detected MACID = 6c:ec:eb :68:de:78
[    0.838769] cpsw-switch 4a100000.switch: initialized (regs 0x4a100000, pool size 256) hw_ver:0019010C 1.12 (0)
[    0.849911] debugfs: '49000000.dma' already exists in 'dmaengine'
[    0.849954] edma 49000000.dma: TI EDMA DMA engine driver
[    0.907626] 44e09000.serial: ttyS0 at MMIO 0x44e09000 (irq = 34, base_baud = 3000000) is a 8250
[    0.907718] printk: legacy console [ttyS0] enabled
[    2.372381] tps65217-pmic: Failed to locate of_node [id: -1]
[    2.378478] tps65217-bl: Failed to locate of_node [id: -1]
[    2.384574] platform tps65217-charger: DMA mask not set
[    2.390620] platform tps65217-pwrbutton: DMA mask not set
[    2.397983] tps65217 0-0024: TPS65217 ID 0xe version 1.2
[    2.404126] /ocp/interconnect@48000000/segment@300000/target-module@e000/lcdc@0: Fixed dependency cycle(s) with /ocp/interconnect@44c00000/segment@200000/target-module@b000/i2c@0/tda19988@70
[    2.421521] /ocp/interconnect@44c00000/segment@200000/target-module@b000/i2c@0/tda19988@70: Fixed dependency cycle(s) with /ocp/interconnect@48000000/segment@300000/target-module@e000/lcdc@0
[    2.438879] omap_i2c 44e0b000.i2c: bus 0 rev0.11 at 400 kHz
[    2.446752] omap_gpio 44e07000.gpio: Could not set line 6 debounce to 200000 microseconds (-22)
[    2.455671] sdhci-omap 48060000.mmc: Got CD GPIO
[    2.460679] sdhci-omap 48060000.mmc: supply pbias not found, using dummy regulator
[    2.470702] sdhci-omap 48060000.mmc: supply vqmmc not found, using dummy regulator
[    2.479725] sdhci-omap 481d8000
[    2.592041] mmc0: new high speed SDHC card at address 5048
[    2.599051] mmcblk0: mmc0:5048 SD16G 14.4 GiB
[    2.607308]  mmcblk0: p1 p2
[    2.610672] mmcblk0: p2 size 31221760 extends beyond EOD, truncated
[    2.622600] SMSC LAN8710/LAN8720 4a101000.mdio:00: attached PHY driver (mii_bus:phy_addr=4a101000.mdio:00, irq=POLL)
[    2.639852] mmc1: new high speed MMC card at address 0001
[    2.646872] mmcblk1: mmc1:0001 MMC04G 3.60 GiB
[    2.654566]  mmcblk1: p1 p2
[    2.658793] mmcblk1boot0: mmc1:0001 MMC04G 2.00 MiB
[    2.667719] mmcblk1boot1: mmc1:0001 MMC04G 2.00 MiB
[    2.676737] mmcblk1rpmb: mmc1:0001 MMC04G 128 KiB, chardev (249:0)
[    5.762139] cpsw-switch 4a100000.switch eth0: Link is Up - 100Mbps/Full - flow control off
[    5.791395] IP-Config: Complete:
[    5.794665]      device=eth0, hwaddr=6c:ec:eb:68:de:78, ipaddr=192.168.255.1, mask=255.255.255.0, gw=255.255.255.255
[    5.805304]      host=bbb1, domain=, nis-domain=(none)
[    5.810471]      bootserver=192.168.255.126, rootserver=192.168.255.126, rootpath=
[    5.810883] clk: Disabling unused clocks
[    5.822796] KTAP version 1
[    5.825526] 1..0
[    5.828228] check access for rdinit=/init failed: -2, ignoring
[    5.860616] VFS: Mounted root (nfs filesystem) on device 0:17.
[    5.867722] devtmpfs: mounted
[    5.872349] Freeing unused kernel image (initmem) memory: 1024K
[    5.879058] Run /sbin/init as init process
[    6.558405] systemd[1]: System time before build time, advancing clock.
[    8.091399] random: crng init done
[    8.107434] systemd[1]: systemd 232 running in system mode. (+PAM +AUDIT +SELINUX +IMA +APPARMOR +SMACK +SYSVINIT +UTMP +LIBCRYPTSETUP +GCRYPT +GNUTLS +ACL +XZ +LZ4 +SECCOMP +BLKID +ELFUTILS +KMOD +IDN)
[    8.126471] systemd[1]: Detected architecture arm.

Welcome to [1mDebian GNU/Linux 9 (stretch)[0m!

[    8.154816] systemd[1]: Set hostname to <arm>.
[    9.330029] systemd[1]: Started Dispatch Password Requests to Console Directory Watch.
[[0;32m  OK  [0m] Started Dispatch Password Requests to Console Directory Watch.
[    9.362835] systemd[1]: Created slice System Slice.
[[0;32m  OK  [0m] Created slice System Slice.
[    9.395342] systemd[1]: systemd-journald-dev-log.socket: SO_PASSSEC failed: Operation not supported
[    9.404992] systemd[1]: Listening on Journal Socket (/dev/log).
[[0;32m  OK  [0m] Listening on Journal Socket (/dev/log).
[    9.442380] systemd[1]: Mounting Debug File System...
         Mounting Debug File System...
[    9.454781] systemd[1]: Listening on /dev/initctl Compatibility Named Pipe.
[[0;32m  OK  [0m] Listening on /dev/initctl Compatibility Named Pipe.
[    9.483609] systemd[1]: Reached target Remote File Systems.
[[0;32m  OK  [0m] Reached target Remote File Systems.
[[0;32m  OK  [0m] Listening on Journal Socket.
         Starting Load Kernel Modules...
         Starting Remount Root and Kernel File Systems...
[[0;32m  OK  [0m] Listening on Journal Audit Socket.
[[0;32m  OK  [0m] Created slice system-getty.slice.
[[0;32m  OK  [0m] Listening on udev Kernel Socket.
         Starting Create list of required stâ€¦ce nodes for the current kernel...
[[0;32m  OK  [0m] Created slice User and Session Slice.
[[0;32m  OK  [0m] Reached target Slices.
[[0;32m  OK  [0m] Listening on udev Control Socket.
[[0;32m  OK  [0m] Set up automount Arbitrary Executabâ€¦rmats File System Automount Point.
[[0;32m  OK  [0m] Started Forward Password Requests to Wall Directory Watch.
[[0;32m  OK  [0m] Reached target Encrypted Volumes.
[[0;32m  OK  [0m] Reached target Paths.
         Mounting POSIX Message Queue File System...
[[0;32m  OK  [0m] Created slice system-serial\x2dgetty.slice.
[[0;32m  OK  [0m] Listening on Syslog Socket.
         Starting Journal Service...
[[0;32m  OK  [0m] Reached target Swap.
[[0;32m  OK  [0m] Mounted Debug File System.
[[0;32m  OK  [0m] Mounted POSIX Message Queue File System.
[[0;32m  OK  [0m] Started Load Kernel Modules.
[[0;32m  OK  [0m] Started Remount Root and Kernel File Systems.
[[0;32m  OK  [0m] Started Create list of required staâ€¦vice nodes for the current kernel.
         Starting Create Static Device Nodes in /dev...
         Starting Load/Save Random Seed...
         Starting udev Coldplug all Devices...
         Starting Apply Kernel Variables...
         Mounting Configuration File System...
[[0;32m  OK  [0m] Mounted Configuration File System.
[[0;32m  OK  [0m] Started Load/Save Random Seed.
[[0;32m  OK  [0m] Started Apply Kernel Variables.
[[0;32m  OK  [0m] Started Create Static Device Nodes in /dev.
[[0;32m  OK  [0m] Reached target Local File Systems (Pre).
[[0;32m  OK  [0m] Reached target Local File Systems.
         Starting Raise network interfaces...
         Starting udev Kernel Device Manager...
[[0;32m  OK  [0m] Started Journal Service.
         Starting Flush Journal to Persistent Storage...
[   11.604121] systemd-journald[95]: Received request to flush runtime journal from PID 1
[[0;32m  OK  [0m] Started Flush Journal to Persistent Storage.
         Starting Create Volatile Files and Directories...
[[0;32m  OK  [0m] Started udev Kernel Device Manager.
[   12.641906] omap_prm 44e00d00.prm: sync_state() pending due to 44d00000.cpu
[[0;32m  OK  [0m] Started Create Volatile Files and Directories.
         Starting Network Time Synchronization...
         Starting Update UTMP about System Boot/Shutdown...
[[0;32m  OK  [0m] Started Update UTMP about System Boot/Shutdown.
[[0;32m  OK  [0m] Started udev Coldplug all Devices.
[[0;32m  OK  [0m] Started Network Time Synchronization.
[   14.979122] remoteproc remoteproc0: wkup_m3 is available
[[0;32m  OK  [0m] Reached target System Initialization.
[[0;32m  OK  [0m] Started Daily Cleanup of Temporary Directories.
[[0;32m  OK  [0m] Listening on D-Bus System Message Bus Socket.
[[0;32m  OK  [0m] Listening on Avahi mDNS/DNS-SD Stack Activation Socket.
[[0;32m  OK  [0m] Reached target Sockets.
[[0;32m  OK  [0m] Reached target Basic System.
[   15.455606] at24 2-0054: supply vcc not found, using dummy regulator
         Starting Cape Manager Service...
[   15.538722] input: tps65217_pwrbutton as /devices/platform/ocp/44c00000.interconnect/44c00000.interconnect:segment@200000/44e0b000.target-module/44e0b000.i2c/i2c-0/0-0024/tps65217-pwrbutton/input/input0
[   15.581192] at24 2-0055: supply vcc not found, using dummy regulator
         Starting System Logging Service...
[   15.705814] at24 2-0056: supply vcc not found, using dummy regulator
         Starting Telephony service...
[   15.822994] at24 2-0057: supply vcc not found, using dummy regulator
[   15.917361] at24 0-0050: 32768 byte 24c256 EEPROM, writable, 1 bytes/write
[   15.964287] omap_rtc 44e3e000.rtc: registered as rtc0
[   15.969581] omap_rtc 44e3e000.rtc: setting system clock to 2000-01-01T00:00:00 UTC (946684800)
[   15.991702] omap_wdt: OMAP Watchdog Timer Rev 0x01: initial timeout 60 sec
[[0;32m  OK  [0m] Started Regular background program processing daemon.
         Starting LSB: Start busybox udhcpd at boot time...
         Starting LSB: Load kernel modules needed to enable cpufreq scaling...
         Starting Avahi mDNS/DNS-SD Stack...
[   16.674589] am335x-phy-driver 47401300.usb-phy: dummy supplies not allowed for exclusive requests (id=vbus)
[[0;32m  OK  [0m] Started D-Bus System Message Bus.
[   16.896522] am335x-phy-driver 47401b00.usb-phy: dummy supplies not allowed for exclusive requests (id=vbus)
[   17.082197] usbcore: registered new interface driver usbfs
[   17.087832] usbcore: registered new interface driver hub
[   17.093423] usbcore: registered new device driver usb
[   17.955230] omap-mailbox 480c8000.mailbox: omap mailbox rev 0x400
[   18.068484] remoteproc remoteproc0: powering up wkup_m3
[   18.147432] musb-hdrc musb-hdrc.1: MUSB HDRC host driver
[   18.153049] musb-hdrc musb-hdrc.1: new USB bus registered, assigned bus number 1
[   18.291856] remoteproc remoteproc0: Direct firmware load for am335x-pm-firmware.elf failed with error -2
[   18.301857] remoteproc remoteproc0: request_firmware failed: -2
[   18.307821] wkup_m3_ipc 44e11324.wkup_m3_ipc: rproc_boot failed
[   18.401748] tda998x 0-0070: found TDA19988
[   18.457142] usb usb1: New USB device found, idVendor=1d6b, idProduct=0002, bcdDevice= 6.16
[   18.465678] usb usb1: New USB device strings: Mfr=3, Product=2, SerialNumber=1
[   18.473100] usb usb1: Product: MUSB HDRC host driver
[   18.478098] usb usb1: Manufacturer: Linux 6.16.0-rc5-next-20250710 musb-hcd
[   18.485139] usb usb1: SerialNumber: musb-hdrc.1
[   18.965385] hub 1-0:1.0: USB hub found
[   19.058808] hub 1-0:1.0: 1 port detected
[   20.352323] omap_rng 48310000.rng: Random Number Generator ver. 20
[   20.569486] tilcdc 4830e000.lcdc: bound 0-0070 (ops tda998x_audio_codec_init [tda998x])
[   20.672245] [drm] Initialized tilcdc 1.0.0 for 4830e000.lcdc on minor 0
[   20.723983] tilcdc 4830e000.lcdc: [drm] Cannot find any crtc or sizes
[   20.732144] tilcdc 4830e000.lcdc: [drm] Cannot find any crtc or sizes
[   20.968933] ------------[ cut here ]------------
[   20.973806] WARNING: net/8021q/vlan_core.c:236 at vlan_for_each+0x114/0x134, CPU#0: avahi-daemon/227
[   20.983090] RTNL: assertion failed at net/8021q/vlan_core.c (236)
[   20.989217] Modules linked in: tilcdc drm_dma_helper omap_rng drm_client_lib rng_core snd_soc_davinci_mcasp snd_soc_ti_udma snd_soc_ti_edma snd_soc_ti_sdma snd_soc_core snd_pcm_dmaengine snd_pcm snd_timer snd tda998x musb_dsps omap_mailbox soundcore cec musb_hdrc udc_core drm_kms_helper usbcore phy_am335x drm phy_generic usb_common omap_wdt rtc_omap cppi41 watchdog wkup_m3_ipc drm_panel_orientation_quirks tps65218_pwrbutton at24 phy_am335x_control wkup_m3_rproc leds_gpio led_class cpufreq_dt ip_tables x_tables autofs4
[   21.035624] CPU: 0 UID: 107 PID: 227 Comm: avahi-daemon Not tainted 6.16.0-rc5-next-20250710 #1 NONE 
[   21.035643] Hardware name: Generic AM33XX (Flattened Device Tree)
[   21.035652] Call trace: 
[   21.035668]  unwind_backtrace from show_stack+0x10/0x14
[   21.035706]  show_stack from dump_stack_lvl+0x50/0x64
[   21.035730]  dump_stack_lvl from __warn+0x88/0x148
[   21.035764]  __warn from warn_slowpath_fmt+0x19c/0x1b0
[   21.035788]  warn_slowpath_fmt from vlan_for_each+0x114/0x134
[   21.035810]  vlan_for_each from cpsw_add_mc_addr+0x40/0xa4
[   21.035831]  cpsw_add_mc_addr from __hw_addr_ref_sync_dev+0x108/0x140
[   21.035855]  __hw_addr_ref_sync_dev from __dev_mc_add+0x7c/0x80
[   21.035874]  __dev_mc_add from igmp6_group_added+0xc8/0xe0
[   21.035894]  igmp6_group_added from __ipv6_dev_mc_inc+0x218/0x364
[   21.035908]  __ipv6_dev_mc_inc from __ipv6_sock_mc_join+0x11c/0x214
[   21.035921]  __ipv6_sock_mc_join from do_ipv6_setsockopt+0x1214/0x1310
[   21.035945]  do_ipv6_setsockopt from ipv6_setsockopt+0x60/0xcc
[   21.035964]  ipv6_setsockopt from udpv6_setsockopt+0x2c/0x6c
[   21.035985]  udpv6_setsockopt from sock_common_setsockopt+0x30/0x40
[   21.036013]  sock_common_setsockopt from do_sock_setsockopt+0x50/0x9c
[   21.036031]  do_sock_setsockopt from __sys_setsockopt+0x70/0xbc
[   21.036046]  __sys_setsockopt from ret_fast_syscall+0x0/0x58
[   21.036061] Exception stack(0xe0139fa8 to 0xe0139ff0)
[   21.036075] 9fa0:                   00000014 b6f27ce8 0000000d 00000029 00000014 be8c59ec
[   21.036087] 9fc0: 00000014 b6f27ce8 00000014 00000126 0000000d b6ed0ff4 0043e988 00426558
[   21.036095] 9fe0: b6ee6088 be8c59d8 b6ec3309 b6d9a41a
[   21.036103] ---[ end trace 0000000000000000 ]---
[[0;32m  OK  [0m] Started Telephony service.
[[0;32m  OK  [0m] Started Avahi mDNS/DNS-SD Stack.
         Starting Connection service...
         Starting Login Service...
         Starting Generic Board Startup...
         Starting DUN service...
[[0;32m  OK  [0m] Reached target System Time Synchronized.
[[0;32m  OK  [0m] Started Daily apt download activities.
[[0;32m  OK  [0m] Started Daily apt upgrade and clean activities.
[[0;32m  OK  [0m] Reached target Timers.
[   21.850612] PM: Cannot get wkup_m3_ipc handle
[[0;32m  OK  [0m] Started System Logging Service.
[   22.097216] omap-sham 53100000.sham: hw accel on OMAP rev 4.3
[[0;32m  OK  [0m] Started Cape Manager Service.
[   22.224405] omap-aes 53500000.aes: OMAP AES hw accel rev: 3.2
[   22.308159] omap-sham 53100000.sham: will run requests pump with realtime priority
[   22.330636] PM: Cannot get wkup_m3_ipc handle
[   22.422476] omap-aes 53500000.aes: will run requests pump with realtime priority
[   22.436423] PM: Cannot get wkup_m3_ipc handle
[[0;32m  OK  [0m] Found device /dev/ttyS0.
[   23.669939] Bluetooth: Core ver 2.22
[   23.673949] NET: Registered PF_BLUETOOTH protocol family
[   23.679299] Bluetooth: HCI device and connection manager initialized
[   23.685802] Bluetooth: HCI socket layer initialized
[   23.690894] Bluetooth: L2CAP socket layer initialized
[   23.696093] Bluetooth: SCO socket layer initialized
[   25.728812] gpio-537 (nxp,calib): gpiod_direction_output_nonotify: tried to set a GPIO tied to an IRQ as output
[   25.914708] PM: Cannot get wkup_m3_ipc handle
[   26.000620] tda9950 0-0034: TDA9950 CEC interface, hardware version 3.3
[   26.140007] PM: Cannot get wkup_m3_ipc handle
[[0;32m  OK  [0m] Started LSB: Start busybox udhcpd at boot time.
[[0;32m  OK  [0m] Started Raise network interfaces.
[[0;32m  OK  [0m] Started LSB: Load kernel modules needed to enable cpufreq scaling.
[   29.357043] configfs-gadget.g_multi gadget.0: HOST MAC 1c:ba:8c:a2:ed:6c
[   29.364021] configfs-gadget.g_multi gadget.0: MAC 1c:ba:8c:a2:ed:70
[   29.371319] configfs-gadget.g_multi gadget.0: HOST MAC 1c:ba:8c:a2:ed:6c
[   29.378239] configfs-gadget.g_multi gadget.0: MAC 1c:ba:8c:a2:ed:6d
[   29.385763] PM: Cannot get wkup_m3_ipc handle
[[0;32m  OK  [0m] Started DUN service.
[[0;32m  OK  [0m] Started Connection service.
[[0;32m  OK  [0m] Reached target Sound Card.
         Starting LSB: set CPUFreq kernel parameters...
[[0;32m  OK  [0m] Reached target Network.
         Starting Permit User Sessions...
         Starting The Apache HTTP Server...
         Starting OpenBSD Secure Shell server...
[[0;32m  OK  [0m] Reached target Network is Online.
         Starting LSB: Advanced IEEE 802.11 management daemon...
[[0;32m  OK  [0m] Started Permit User Sessions.
[[0;32m  OK  [0m] Started LSB: Advanced IEEE 802.11 management daemon.
[[0;32m  OK  [0m] Started Login Service.
         Starting Hostname Service...
         Starting WPA supplicant...
[[0;32m  OK  [0m] Started Serial Getty on ttyS0.
[[0;32m  OK  [0m] Started Getty on tty1.
[[0;32m  OK  [0m] Reached target Login Prompts.
[[0;32m  OK  [0m] Started LSB: set CPUFreq kernel parameters.
[[0;32m  OK  [0m] Started WPA supplicant.
[[0;32m  OK  [0m] Started Hostname Service.
[[0;32m  OK  [0m] Started OpenBSD Secure Shell server.
         Stopping LSB: Start busybox udhcpd at boot time...
[[0;32m  OK  [0m] Stopped LSB: Start busybox udhcpd at boot time.
[[0;32m  OK  [0m] Started The Apache HTTP Server.
         Starting dnsmasq - A lightweight DHCP and caching DNS server...
[[0;32m  OK  [0m] Started dnsmasq - A lightweight DHCP and caching DNS server.
[[0;32m  OK  [0m] Reached target Host and Network Name Lookups.
[[0;32m  OK  [0m] Started Serial Getty on ttyGS0.
[[0;32m  OK  [0m] Started Generic Board Startup.
[[0;32m  OK  [0m] Reached target Multi-User System.
[[0;32m  OK  [0m] Reached target Graphical Interface.
         Starting Update UTMP about System Runlevel Changes...
[[0;32m  OK  [0m] Started Update UTMP about System Runlevel Changes.

Debian GNU/Linux 9 arm ttyS0

default username:password is [debian:temppwd]

arm login: root
Password: 
Last login: Sat Jan  1 00:00:33 UTC 2000 on ttyS0
root
Linux arm 6.16.0-rc5-next-20250710 #1 SMP Thu Jul 10 12:55:07 EEST 2025 armv7l

The programs included with the Debian GNU/Linux system are free software;
the exact distribution terms for each program are described in the
individual files in /usr/share/doc/*/copyright.

Debian GNU/Linux comes with ABSOLUTELY NO WARRANTY, to the extent
permitted by applicable law.
root@arm:~# root
-bash: root: command not found
root@arm:~# dmesg -n 1
root@arm:~# echo 'TZVH''VBJSUE'
TZVHVBJSUE
root@arm:~# run() { echo -n "$MARKER"; sh -c "$@"; echo "$MARKER $?"; }
root@arm:~# echo 'OOWN''OUKZOY'
OOWNOUKZOY
root@arm:~# MARKER='WAQW''AXGUUY' run 'cat /proc/version'
WAQWAXGUUYLinux version 6.16.0-rc5-next-20250710 (user01@drvtest01) (arm-none-eabi-gcc (Arm GNU Toolchain 14.2.Rel1 (Build arm-14.52)) 14.2.1 20241119, GNU ld (Arm GNU Toolchain 14.2.Rel1 (Build arm-14.52)) 2.43.1.20241119) #1 SMP Thu Jul 10 12:55:07 EEST 2025
WAQWAXGUUY 0
root@arm:~# echo 'CSUX''WCKQHO'
CSUXWCKQHO
root@arm:~# MARKER='CXNB''GVWKUE' run false
CXNBGVWKUECXNBGVWKUE 1
root@arm:~# Labgrid Console Logfile for main
Logfile started at 2025-07-10 12:59:02.671958
=== Log starts here ===

root@arm:~# run() { echo -n "$MARKER"; sh -c "$@"; echo "$MARKER $?"; }
root@arm:~# echo 'ACGO''CLQVTZ'
ACGOCLQVTZ
root@arm:~# MARKER='VUVC''MSWBVZ' run 'ls /iio_generic_buffer; echo $?'
VUVCMSWBVZ/iio_generic_buffer
0
VUVCMSWBVZ 0
root@arm:~# Labgrid Console Logfile for main
Logfile started at 2025-07-10 12:59:06.149712
=== Log starts here ===

root@arm:~# run() { echo -n "$MARKER"; sh -c "$@"; echo "$MARKER $?"; }
root@arm:~# echo 'FKVN''UQQBEL'
FKVNUQQBEL
root@arm:~# MARKER='ABLE''ZLHNYF' run dmesg
ABLEZLHNYF[    0.000000] Booting Linux on physical CPU 0x0
[    0.000000] Linux version 6.16.0-rc5-next-20250710 (user01@drvtest01) (arm-none-eabi-gcc (Arm GNU Toolchain 14.2.Rel1 (Build arm-14.52)) 14.2.1 20241119, GNU ld (Arm GNU Toolchain 14.2.Rel1 (Build arm-14.52)) 2.43.1.20241119) #1 SMP Thu Jul 10 12:55:07 EEST 2025
[    0.000000] CPU: ARMv7 Processor [413fc082] revision 2 (ARMv7), cr=10c5387d
[    0.000000] CPU: PIPT / VIPT nonaliasing data cache, VIPT aliasing instruction cache
[    0.000000] OF: fdt: Machine model: TI AM335x BeagleBone Black
[    0.000000] Memory policy: Data cache writeback
[    0.000000] cma: Reserved 16 MiB at 0x9e800000
[    0.000000] Zone ranges:
[    0.000000]   Normal   [mem 0x0000000080000000-0x000000009fdfffff]
[    0.000000]   HighMem  empty
[    0.000000] Movable zone start for each node
[    0.000000] Early memory node ranges
[    0.000000]   node   0: [mem 0x0000000080000000-0x000000009fdfffff]
[    0.000000] Initmem setup node 0 [mem 0x0000000080000000-0x000000009fdfffff]
[    0.000000] On node 0, zone Normal: 512 pages in unavailable ranges
[    0.000000] OF: reserved mem: Reserved memory: No reserved-memory node in the DT
[    0.000000] CPU: All CPU(s) started in SVC mode.
[    0.000000] AM335X ES2.1 (sgx neon)
[    0.000000] percpu: Embedded 17 pages/cpu s39820 r8192 d21620 u69632
[    0.000000] pcpu-alloc: s39820 r8192 d21620 u69632 alloc=17*4096
[    0.000000] pcpu-alloc: [0] 0 
[    0.000000] Kernel command line: console=ttyO0,115200n8 root=/dev/nfs rw nfsroot=192.168.255.126:/home/user01/nfs,nfsvers=3 ip=192.168.255.1:192.168.255.126::255.255.255.0:bbb1:eth0 nfsrootdebug
[    0.000000] Unknown kernel command line parameters "nfsrootdebug", will be passed to user space.
[    0.000000] printk: log buffer data + meta data: 65536 + 204800 = 270336 bytes
[    0.000000] Dentry cache hash table entries: 65536 (order: 6, 262144 bytes, linear)
[    0.000000] Inode-cache hash table entries: 32768 (order: 5, 131072 bytes, linear)
[    0.000000] Built 1 zonelists, mobility grouping on.  Total pages: 130560
[    0.000000] mem auto-init: stack:off, heap alloc:off, heap free:off
[    0.000000] SLUB: HWalign=16, Order=0-3, MinObjects=0, CPUs=1, Nodes=1
[    0.000000] rcu: Hierarchical RCU implementation.
[    0.000000] rcu: 	RCU event tracing is enabled.
[    0.000000] rcu: 	RCU restricting CPUs from NR_CPUS=2 to nr_cpu_ids=1.
[    0.000000] 	Tracing variant of Tasks RCU enabled.
[    0.000000] rcu: RCU calculated value of scheduler-enlistment delay is 10 jiffies.
[    0.000000] rcu: Adjusting geometry for rcu_fanout_leaf=16, nr_cpu_ids=1
[    0.000000] RCU Tasks Trace: Setting shift to 0 and lim to 1 rcu_task_cb_adjust=1 rcu_task_cpu_ids=1.
[    0.000000] NR_IRQS: 16, nr_irqs: 16, preallocated irqs: 16
[    0.000000] IRQ: Found an INTC at 0x(ptrval) (revision 5.0) with 128 interrupts
[    0.000000] rcu: srcu_init: Setting srcu_struct sizes based on contention.
[    0.000000] TI gptimer clocksource: always-on /ocp/interconnect@44c00000/segment@200000/target-module@31000
[    0.000003] sched_clock: 32 bits at 24MHz, resolution 41ns, wraps every 89478484971ns
[    0.000026] clocksource: dmtimer: mask: 0xffffffff max_cycles: 0xffffffff, max_idle_ns: 79635851949 ns
[    0.000529] TI gptimer clockevent: 24000000 Hz at /ocp/interconnect@48000000/segment@0/target-module@40000
[    0.002165] Console: colour dummy device 80x30
[    0.002231] WARNING: Your 'console=ttyO0' has been replaced by 'ttyS0'
[    0.002239] This ensures that you still see kernel messages. Please
[    0.002243] update your kernel commandline.
[    0.002288] Calibrating delay loop... 996.14 BogoMIPS (lpj=4980736)
[    0.090574] CPU: Testing write buffer coherency: ok
[    0.090683] CPU0: Spectre v2: using BPIALL workaround
[    0.090693] pid_max: default: 32768 minimum: 301
[    0.090853] LSM: initializing lsm=capability
[    0.091022] Mount-cache hash table entries: 1024 (order: 0, 4096 bytes, linear)
[    0.091042] Mountpoint-cache hash table entries: 1024 (order: 0, 4096 bytes, linear)
[    0.092684] CPU0: thread -1, cpu 0, socket -1, mpidr 0
[    0.092742] cacheinfo: Unable to detect cache hierarchy for CPU 0
[    0.094760] Setting up static identity map for 0x80100000 - 0x80100078
[    0.095083] rcu: Hierarchical SRCU implementation.
[    0.095093] rcu: 	Max phase no-delay instances is 1000.
[    0.096829] smp: Bringing up secondary CPUs ...
[    0.096884] smp: Brought up 1 node, 1 CPU
[    0.096896] SMP: Total of 1 processors activated (996.14 BogoMIPS).
[    0.096908] CPU: All CPU(s) started in SVC mode.
[    0.097099] Memory: 480828K/522240K available (11264K kernel code, 1215K rwdata, 2928K rodata, 1024K init, 285K bss, 23380K reserved, 16384K cma-reserved, 0K highmem)
[    0.097932] devtmpfs: initialized
[    0.114916] VFP support v0.3: implementor 41 architecture 3 part 30 variant c rev 3
[    0.115559] clocksource: jiffies: mask: 0xffffffff max_cycles: 0xffffffff, max_idle_ns: 19112604462750000 ns
[    0.115618] posixtimers hash table entries: 512 (order: 0, 4096 bytes, linear)
[    0.115641] futex hash table entries: 256 (16384 bytes on 1 NUMA nodes, total 16 KiB, linear).
[    0.116760] pinctrl core: initialized pinctrl subsystem
[    0.118925] NET: Registered PF_NETLINK/PF_ROUTE protocol family
[    0.122079] DMA: preallocated 256 KiB pool for atomic coherent allocations
[    0.122695] audit: initializing netlink subsys (disabled)
[    0.124023] thermal_sys: Registered thermal governor 'fair_share'
[    0.124037] thermal_sys: Registered thermal governor 'step_wise'
[    0.124048] thermal_sys: Registered thermal governor 'user_space'
[    0.124161] audit: type=2000 audit(0.120:1): state=initialized audit_enabled=0 res=1
[    0.124229] cpuidle: using governor menu
[    0.142088] /ocp/interconnect@44c00000/segment@200000/target-module@b000/i2c@0/tda19988@70: Fixed dependency cycle(s) with /ocp/interconnect@48000000/segment@300000/target-module@e000/lcdc@0
[    0.143240] /ocp/interconnect@48000000/segment@300000/target-module@e000/lcdc@0: Fixed dependency cycle(s) with /ocp/interconnect@44c00000/segment@200000/target-module@b000/i2c@0/tda19988@70
[    0.145451] No ATAGs?
[    0.145494] hw-breakpoint: debug architecture 0x4 unsupported.
[    0.148615] kprobes: kprobe jump-optimization is enabled. All kprobes are optimized if possible.
[    0.154014] iommu: Default domain type: Translated
[    0.154035] iommu: DMA domain TLB invalidation policy: strict mode
[    0.155604] reg-fixed-voltage fixedregulator0: using DT '/fixedregulator0' for '(default)' GPIO lookup
[    0.155657] of_get_named_gpiod_flags: can't parse 'gpios' property of node '/fixedregulator0[0]'
[    0.155686] of_get_named_gpiod_flags: can't parse 'gpio' property of node '/fixedregulator0[0]'
[    0.155703] reg-fixed-voltage fixedregulator0: using lookup tables for GPIO lookup
[    0.155713] reg-fixed-voltage fixedregulator0: No GPIO consumer (default) found
[    0.161402] SCSI subsystem initialized
[    0.161890] libata version 3.00 loaded.
[    0.162277] pps_core: LinuxPPS API ver. 1 registered
[    0.162289] pps_core: Software ver. 5.3.6 - Copyright 2005-2007 Rodolfo Giometti <giometti@linux.it>
[    0.162312] PTP clock support registered
[    0.170995] vgaarb: loaded
[    0.171375] clocksource: Switched to clocksource dmtimer
[    0.172051] VFS: Disk quotas dquot_6.6.0
[    0.172109] VFS: Dquot-cache hash table entries: 1024 (order 0, 4096 bytes)
[    0.196713] NET: Registered PF_INET protocol family
[    0.197052] IP idents hash table entries: 8192 (order: 4, 65536 bytes, linear)
[    0.198473] tcp_listen_portaddr_hash hash table entries: 512 (order: 0, 4096 bytes, linear)
[    0.198512] Table-perturb hash table entries: 65536 (order: 6, 262144 bytes, linear)
[    0.198532] TCP established hash table entries: 4096 (order: 2, 16384 bytes, linear)
[    0.198578] TCP bind hash table entries: 4096 (order: 4, 65536 bytes, linear)
[    0.198678] TCP: Hash tables configured (established 4096 bind 4096)
[    0.198797] UDP hash table entries: 256 (order: 1, 14336 bytes, linear)
[    0.198832] UDP-Lite hash table entries: 256 (order: 1, 14336 bytes, linear)
[    0.199019] NET: Registered PF_UNIX/PF_LOCAL protocol family
[    0.212546] RPC: Registered named UNIX socket transport module.
[    0.212567] RPC: Registered udp transport module.
[    0.212572] RPC: Registered tcp transport module.
[    0.212577] RPC: Registered tcp-with-tls transport module.
[    0.212582] RPC: Registered tcp NFSv4.1 backchannel transport module.
[    0.212607] PCI: CLS 0 bytes, default 64
[    0.214010] Initialise system trusted keyrings
[    0.214793] workingset: timestamp_bits=14 max_order=17 bucket_order=3
[    0.216502] NFS: Registering the id_resolver key type
[    0.216602] Key type id_resolver registered
[    0.216610] Key type id_legacy registered
[    0.216717] jffs2: version 2.2. (NAND) (SUMMARY)  Â© 2001-2006 Red Hat, Inc.
[    0.217177] Key type asymmetric registered
[    0.217194] Asymmetric key parser 'x509' registered
[    0.217264] io scheduler mq-deadline registered
[    0.217274] io scheduler kyber registered
[    0.217353] io scheduler bfq registered
[    0.219240] target-module@4b000000:target-module@140000:pmu@0:fck: device ID is greater than 24
[    0.225456] l3-aon-clkctrl:0000:0: failed to disable
[    0.231643] ledtrig-cpu: registered to indicate activity on CPUs
[    0.235388] Serial: 8250/16550 driver, 6 ports, IRQ sharing enabled
[    0.296545] brd: module loaded
[    0.318234] loop: module loaded
[    0.319168] mtdoops: mtd device (mtddev=name/number) must be supplied
[    0.320894] mdio_bus fixed-0: using lookup tables for GPIO lookup
[    0.320920] mdio_bus fixed-0: No GPIO consumer reset found
[    0.322547] i2c_dev: i2c /dev entries driver
[    0.323562] cpuidle: enable-method property 'ti,am3352' found operations
[    0.324003] sdhci: Secure Digital Host Controller Interface driver
[    0.324014] sdhci: Copyright(c) Pierre Ossman
[    0.324195] sdhci-pltfm: SDHCI platform and OF driver helper
[    0.325698] hw perfevents: enabled with armv7_cortex_a8 PMU driver, 5 (8000000f) counters available
[    0.326219] Initializing XFRM netlink socket
[    0.326404] NET: Registered PF_INET6 protocol family
[    0.332070] l3-aon-clkctrl:0000:0: failed to disable
[    0.333709] Segment Routing with IPv6
[    0.333796] In-situ OAM (IOAM) with IPv6
[    0.333895] sit: IPv6, IPv4 and MPLS over IPv4 tunneling driver
[    0.334855] NET: Registered PF_PACKET protocol family
[    0.334885] NET: Registered PF_KEY protocol family
[    0.335017] Key type dns_resolver registered
[    0.335249] ThumbEE CPU extension supported.
[    0.335270] Registering SWP/SWPB emulation handler
[    0.335808] omap_voltage_late_init: Voltage driver support not added
[    0.336486] SmartReflex Class3 initialized
[    0.378519] Loading compiled-in X.509 certificates
[    0.420604] /ocp/interconnect@44c00000/segment@200000/target-module@b000/i2c@0/tda19988@70: Fixed dependency cycle(s) with /ocp/interconnect@48000000/segment@300000/target-module@e000/lcdc@0
[    0.427153] /ocp/interconnect@44c00000/segment@200000/target-module@b000/i2c@0/tda19988@70: Fixed dependency cycle(s) with /ocp/interconnect@48000000/segment@300000/target-module@e000/lcdc@0
[    0.432836] gpiochip_find_base_unlocked: found new base at 512
[    0.446176] /ocp/interconnect@44c00000/segment@200000/target-module@b000/i2c@0/tda19988@70: Fixed dependency cycle(s) with /ocp/interconnect@48000000/segment@300000/target-module@e000/lcdc@0
[    0.447059] /ocp/interconnect@44c00000/segment@200000/target-module@b000/i2c@0/tda19988@70: Fixed dependency cycle(s) with /ocp/interconnect@48000000/segment@300000/target-module@e000/lcdc@0
[    0.450531] /ocp/interconnect@44c00000/segment@200000/target-module@10000/scm@0/pinmux@800: Fixed dependency cycle(s) with /ocp/interconnect@44c00000/segment@200000/target-module@10000/scm@0/pinmux@800/clkout2-pins
[    0.451120] pinctrl-single 44e10800.pinmux: 142 pins, size 568
[    0.456765] ti-sysc 44e31000.target-module: probe with driver ti-sysc failed with error -16
[    0.496160] /ocp/interconnect@48000000/segment@300000/target-module@e000/lcdc@0: Fixed dependency cycle(s) with /ocp/interconnect@44c00000/segment@200000/target-module@b000/i2c@0/tda19988@70
[    0.504496] ti-sysc 48040000.target-module: probe with driver ti-sysc failed with error -16
[    0.516074] gpiochip_find_base_unlocked: found new base at 512
[    0.516173] gpio gpiochip0: (gpio-0-31): created GPIO range 0->7 ==> 44e10800.pinmux PIN 0->7
[    0.516193] gpio gpiochip0: (gpio-0-31): created GPIO range 8->11 ==> 44e10800.pinmux PIN 90->93
[    0.516209] gpio gpiochip0: (gpio-0-31): created GPIO range 12->27 ==> 44e10800.pinmux PIN 12->27
[    0.516224] gpio gpiochip0: (gpio-0-31): created GPIO range 28->31 ==> 44e10800.pinmux PIN 30->33
[    0.562819] gpio gpiochip0: (gpio-0-31): added GPIO chardev (254:0)
[    0.562979] gpio gpiochip0: registered GPIOs 512 to 543 on gpio-0-31
[    0.563065] OMAP GPIO hardware version 0.1
[    0.583671] i2c i2c-2: using DT '/ocp/interconnect@48000000/segment@100000/target-module@9c000/i2c@0' for 'scl' GPIO lookup
[    0.583743] of_get_named_gpiod_flags: can't parse 'scl-gpios' property of node '/ocp/interconnect@48000000/segment@100000/target-module@9c000/i2c@0[0]'
[    0.583785] of_get_named_gpiod_flags: can't parse 'scl-gpio' property of node '/ocp/interconnect@48000000/segment@100000/target-module@9c000/i2c@0[0]'
[    0.583821] i2c i2c-2: using lookup tables for GPIO lookup
[    0.583830] i2c i2c-2: No GPIO consumer scl found
[    0.583851] i2c i2c-2: using DT '/ocp/interconnect@48000000/segment@100000/target-module@9c000/i2c@0' for 'sda' GPIO lookup
[    0.583887] of_get_named_gpiod_flags: can't parse 'sda-gpios' property of node '/ocp/interconnect@48000000/segment@100000/target-module@9c000/i2c@0[0]'
[    0.583923] of_get_named_gpiod_flags: can't parse 'sda-gpio' property of node '/ocp/interconnect@48000000/segment@100000/target-module@9c000/i2c@0[0]'
[    0.583954] i2c i2c-2: using lookup tables for GPIO lookup
[    0.583963] i2c i2c-2: No GPIO consumer sda found
[    0.584690] omap_i2c 4819c000.i2c: bus 2 rev0.11 at 100 kHz
[    0.590253] gpiochip_find_base_unlocked: found new base at 544
[    0.590352] gpio gpiochip1: (gpio-32-63): created GPIO range 0->17 ==> 44e10800.pinmux PIN 34->51
[    0.590372] gpio gpiochip1: (gpio-32-63): created GPIO range 18->21 ==> 44e10800.pinmux PIN 77->80
[    0.590388] gpio gpiochip1: (gpio-32-63): created GPIO range 22->31 ==> 44e10800.pinmux PIN 56->65
[    0.611982] gpio gpiochip1: (gpio-32-63): added GPIO chardev (254:1)
[    0.612156] gpio gpiochip1: registered GPIOs 544 to 575 on gpio-32-63
[    0.614458] gpiochip_find_base_unlocked: found new base at 576
[    0.614549] gpio gpiochip2: (gpio-64-95): created GPIO range 0->4 ==> 44e10800.pinmux PIN 66->70
[    0.614569] gpio gpiochip2: (gpio-64-95): created GPIO range 5->6 ==> 44e10800.pinmux PIN 98->99
[    0.614585] gpio gpiochip2: (gpio-64-95): created GPIO range 7->8 ==> 44e10800.pinmux PIN 75->76
[    0.614600] gpio gpiochip2: (gpio-64-95): created GPIO range 13->13 ==> 44e10800.pinmux PIN 141->141
[    0.614617] gpio gpiochip2: (gpio-64-95): created GPIO range 14->21 ==> 44e10800.pinmux PIN 100->107
[    0.615269] gpio gpiochip2: (gpio-64-95): added GPIO chardev (254:2)
[    0.615414] gpio gpiochip2: registered GPIOs 576 to 607 on gpio-64-95
[    0.621046] 48000000.interconnect:segment@200000:target-module@0:mpu@0:fck: device ID is greater than 24
[    0.622200] /ocp/interconnect@48000000/segment@300000/target-module@e000/lcdc@0: Fixed dependency cycle(s) with /ocp/interconnect@44c00000/segment@200000/target-module@b000/i2c@0/tda19988@70
[    0.625073] /ocp/interconnect@48000000/segment@300000/target-module@e000/lcdc@0: Fixed dependency cycle(s) with /ocp/interconnect@44c00000/segment@200000/target-module@b000/i2c@0/tda19988@70
[    0.625790] /ocp/interconnect@44c00000/segment@200000/target-module@b000/i2c@0/tda19988@70: Fixed dependency cycle(s) with /ocp/interconnect@48000000/segment@300000/target-module@e000/lcdc@0
[    0.625949] /ocp/interconnect@48000000/segment@300000/target-module@e000/lcdc@0: Fixed dependency cycle(s) with /ocp/interconnect@44c00000/segment@200000/target-module@b000/i2c@0/tda19988@70
[    0.635781] mdio_bus 4a101000.mdio: using DT '/ocp/interconnect@4a000000/segment@0/target-module@100000/switch@0/mdio@1000' for 'reset' GPIO lookup
[    0.635854] of_get_named_gpiod_flags: can't parse 'reset-gpios' property of node '/ocp/interconnect@4a000000/segment@0/target-module@100000/switch@0/mdio@1000[0]'
[    0.635901] of_get_named_gpiod_flags: can't parse 'reset-gpio' property of node '/ocp/interconnect@4a000000/segment@0/target-module@100000/switch@0/mdio@1000[0]'
[    0.635949] mdio_bus 4a101000.mdio: using lookup tables for GPIO lookup
[    0.635958] mdio_bus 4a101000.mdio: No GPIO consumer reset found
[    0.637179] sdhci-omap 481d8000.mmc: using DT '/ocp/interconnect@48000000/segment@100000/target-module@d8000/mmc@0' for 'wp' GPIO lookup
[    0.637244] of_get_named_gpiod_flags: can't parse 'wp-gpios' property of node '/ocp/interconnect@48000000/segment@100000/target-module@d8000/mmc@0[0]'
[    0.637287] of_get_named_gpiod_flags: can't parse 'wp-gpio' property of node '/ocp/interconnect@48000000/segment@100000/target-module@d8000/mmc@0[0]'
[    0.637321] sdhci-omap 481d8000.mmc: using lookup tables for GPIO lookup
[    0.637330] sdhci-omap 481d8000.mmc: No GPIO consumer wp found
[    0.637531] sdhci-omap 481d8000.mmc: supply pbias not found, using dummy regulator
[    0.638024] sdhci-omap 481d8000.mmc: supply vqmmc not found, using dummy regulator
[    0.693087] davinci_mdio 4a101000.mdio: davinci mdio revision 1.6, bus freq 1000000
[    0.707411] mdio_bus 4a101000.mdio:00: using DT '/ocp/interconnect@4a000000/segment@0/target-module@100000/switch@0/mdio@1000/ethernet-phy@0' for 'reset' GPIO lookup
[    0.707514] of_get_named_gpiod_flags: parsed 'reset-gpios' property of node '/ocp/interconnect@4a000000/segment@0/target-module@100000/switch@0/mdio@1000/ethernet-phy@0[0]' - status (0)
[    0.707676] gpio gpiochip0: Persistence not supported for GPIO 8
[    0.835840] davinci_mdio 4a101000.mdio: phy[0]: device 4a101000.mdio:00, driver SMSC LAN8710/LAN8720
[    0.836604] cpsw-switch 4a100000.switch: initialized cpsw ale version 1.4
[    0.836627] cpsw-switch 4a100000.switch: ALE Table size 1024, Policers 0
[    0.836786] cpsw-switch 4a100000.switch: cpts: overflow check period 500 (jiffies)
[    0.836801] cpsw-switch 4a100000.switch: CPTS: ref_clk_freq:250000000 calc_mult:2147483648 calc_shift:29 error:0 nsec/sec
[    0.836903] cpsw-switch 4a100000.switch: Detected MACID = 6c:ec:eb:68:de:78
[    0.838769] cpsw-switch 4a100000.switch: initialized (regs 0x4a100000, pool size 256) hw_ver:0019010C 1.12 (0)
[    0.849911] debugfs: '49000000.dma' already exists in 'dmaengine'
[    0.849954] edma 49000000.dma: TI EDMA DMA engine driver
[    0.888894] gpio-clk clk_mcasp0: using DT '/clk_mcasp0' for 'enable' GPIO lookup
[    0.888968] of_get_named_gpiod_flags: parsed 'enable-gpios' property of node '/clk_mcasp0[0]' - status (0)
[    0.889014] gpio gpiochip0: Persistence not supported for GPIO 27
[    0.889883] gpiochip_find_base_unlocked: found new base at 608
[    0.889997] gpio gpiochip3: (gpio-96-127): created GPIO range 0->7 ==> 44e10800.pinmux PIN 82->89
[    0.890019] gpio gpiochip3: (gpio-96-127): created GPIO range 8->11 ==> 44e10800.pinmux PIN 52->55
[    0.890035] gpio gpiochip3: (gpio-96-127): created GPIO range 12->15 ==> 44e10800.pinmux PIN 94->97
[    0.890051] gpio gpiochip3: (gpio-96-127): created GPIO range 16->17 ==> 44e10800.pinmux PIN 71->72
[    0.890067] gpio gpiochip3: (gpio-96-127): created GPIO range 18->18 ==> 44e10800.pinmux PIN 135->135
[    0.890083] gpio gpiochip3: (gpio-96-127): created GPIO range 19->20 ==> 44e10800.pinmux PIN 108->109
[    0.890100] gpio gpiochip3: (gpio-96-127): created GPIO range 21->21 ==> 44e10800.pinmux PIN 73->73
[    0.890117] gpio gpiochip3: (gpio-96-127): created GPIO range 22->23 ==> 44e10800.pinmux PIN 8->9
[    0.890135] gpio gpiochip3: (gpio-96-127): created GPIO range 26->27 ==> 44e10800.pinmux PIN 10->11
[    0.890153] gpio gpiochip3: (gpio-96-127): created GPIO range 28->28 ==> 44e10800.pinmux PIN 74->74
[    0.890175] gpio gpiochip3: (gpio-96-127): created GPIO range 29->29 ==> 44e10800.pinmux PIN 81->81
[    0.890195] gpio gpiochip3: (gpio-96-127): created GPIO range 30->31 ==> 44e10800.pinmux PIN 28->29
[    0.894271] gpio gpiochip3: (gpio-96-127): added GPIO chardev (254:3)
[    0.894447] gpio gpiochip3: registered GPIOs 608 to 639 on gpio-96-127
[    0.906906] omap8250 44e09000.serial: using DT '/ocp/interconnect@44c00000/segment@200000/target-module@9000/serial@0' for 'rs485-term' GPIO lookup
[    0.906981] of_get_named_gpiod_flags: can't parse 'rs485-term-gpios' property of node '/ocp/interconnect@44c00000/segment@200000/target-module@9000/serial@0[0]'
[    0.907024] of_get_named_gpiod_flags: can't parse 'rs485-term-gpio' property of node '/ocp/interconnect@44c00000/segment@200000/target-module@9000/serial@0[0]'
[    0.907060] omap8250 44e09000.serial: using lookup tables for GPIO lookup
[    0.907070] omap8250 44e09000.serial: No GPIO consumer rs485-term found
[    0.907081] omap8250 44e09000.serial: using DT '/ocp/interconnect@44c00000/segment@200000/target-module@9000/serial@0' for 'rs485-rx-during-tx' GPIO lookup
[    0.907116] of_get_named_gpiod_flags: can't parse 'rs485-rx-during-tx-gpios' property of node '/ocp/interconnect@44c00000/segment@200000/target-module@9000/serial@0[0]'
[    0.907152] of_get_named_gpiod_flags: can't parse 'rs485-rx-during-tx-gpio' property of node '/ocp/interconnect@44c00000/segment@200000/target-module@9000/serial@0[0]'
[    0.907183] omap8250 44e09000.serial: using lookup tables for GPIO lookup
[    0.907191] omap8250 44e09000.serial: No GPIO consumer rs485-rx-during-tx found
[    0.907626] 44e09000.serial: ttyS0 at MMIO 0x44e09000 (irq = 34, base_baud = 3000000) is a 8250
[    0.907718] printk: legacy console [ttyS0] enabled
[    2.356414] i2c i2c-0: using DT '/ocp/interconnect@44c00000/segment@200000/target-module@b000/i2c@0' for 'scl' GPIO lookup
[    2.356502] of_get_named_gpiod_flags: can't parse 'scl-gpios' property of node '/ocp/interconnect@44c00000/segment@200000/target-module@b000/i2c@0[0]'
[    2.356549] of_get_named_gpiod_flags: can't parse 'scl-gpio' property of node '/ocp/interconnect@44c00000/segment@200000/target-module@b000/i2c@0[0]'
[    2.356589] i2c i2c-0: using lookup tables for GPIO lookup
[    2.356603] i2c i2c-0: No GPIO consumer scl found
[    2.356628] i2c i2c-0: using DT '/ocp/interconnect@44c00000/segment@200000/target-module@b000/i2c@0' for 'sda' GPIO lookup
[    2.356667] of_get_named_gpiod_flags: can't parse 'sda-gpios' property of node '/ocp/interconnect@44c00000/segment@200000/target-module@b000/i2c@0[0]'
[    2.356708] of_get_named_gpiod_flags: can't parse 'sda-gpio' property of node '/ocp/interconnect@44c00000/segment@200000/target-module@b000/i2c@0[0]'
[    2.356743] i2c i2c-0: using lookup tables for GPIO lookup
[    2.356755] i2c i2c-0: No GPIO consumer sda found
[    2.372381] tps65217-pmic: Failed to locate of_node [id: -1]
[    2.378478] tps65217-bl: Failed to locate of_node [id: -1]
[    2.384574] platform tps65217-charger: DMA mask not set
[    2.390620] platform tps65217-pwrbutton: DMA mask not set
[    2.397983] tps65217 0-0024: TPS65217 ID 0xe version 1.2
[    2.404126] /ocp/interconnect@48000000/segment@300000/target-module@e000/lcdc@0: Fixed dependency cycle(s) with /ocp/interconnect@44c00000/segment@200000/target-module@b000/i2c@0/tda19988@70
[    2.421521] /ocp/interconnect@44c00000/segment@200000/target-module@b000/i2c@0/tda19988@70: Fixed dependency cycle(s) with /ocp/interconnect@48000000/segment@300000/target-module@e000/lcdc@0
[    2.438879] omap_i2c 44e0b000.i2c: bus 0 rev0.11 at 400 kHz
[    2.446550] sdhci-omap 48060000.mmc: using DT '/ocp/interconnect@48000000/segment@0/target-module@60000/mmc@0' for 'cd' GPIO lookup
[    2.446657] of_get_named_gpiod_flags: parsed 'cd-gpios' property of node '/ocp/interconnect@48000000/segment@0/target-module@60000/mmc@0[0]' - status (0)
[    2.446725] gpio gpiochip3: Persistence not supported for GPIO 6
[    2.446752] omap_gpio 44e07000.gpio: Could not set line 6 debounce to 200000 microseconds (-22)
[    2.455671] sdhci-omap 48060000.mmc: Got CD GPIO
[    2.460323] sdhci-omap 48060000.mmc: using DT '/ocp/interconnect@48000000/segment@0/target-module@60000/mmc@0' for 'wp' GPIO lookup
[    2.460372] of_get_named_gpiod_flags: can't parse 'wp-gpios' property of node '/ocp/interconnect@48000000/segment@0/target-module@60000/mmc@0[0]'
[    2.460416] of_get_named_gpiod_flags: can't parse 'wp-gpio' property of node '/ocp/interconnect@48000000/segment@0/target-module@60000/mmc@0[0]'
[    2.460454] sdhci-omap 48060000.mmc: using lookup tables for GPIO lookup
[    2.460468] sdhci-omap 48060000.mmc: No GPIO consumer wp found
[    2.460679] sdhci-omap 48060000.mmc: supply pbias not found, using dummy regulator
[    2.469491] sdhci-omap 481d8000.mmc: using DT '/ocp/interconnect@48000000/segment@100000/target-module@d8000/mmc@0' for 'wp' GPIO lookup
[    2.469568] of_get_named_gpiod_flags: can't parse 'wp-gpios' property of node '/ocp/interconnect@48000000/segment@100000/target-module@d8000/mmc@0[0]'
[    2.469616] of_get_named_gpiod_flags: can't parse 'wp-gpio' property of node '/ocp/interconnect@48000000/segment@100000/target-module@d8000/mmc@0[0]'
[    2.469655] sdhci-omap 481d8000.mmc: using lookup tables for GPIO lookup
[    2.469668] sdhci-omap 481d8000.mmc: No GPIO consumer wp found
[    2.470702] sdhci-omap 48060000.mmc: supply vqmmc not found, using dummy regulator
[    2.479725] sdhci-omap 481d8000.mmc: supply pbias not found, using dummy regulator
[    2.489145] sdhci-omap 481d8000.mmc: supply vqmmc not found, using dummy regulator
[    2.525133] mmc0: SDHCI controller on 48060000.mmc [48060000.mmc] using External DMA
[    2.533446] mmc1: SDHCI controller on 481d8000.mmc [481d8000.mmc] using External DMA
[    2.542212] cpsw-switch 4a100000.switch: starting ndev. mode: dual_mac
[    2.592041] mmc0: new high speed SDHC card at address 5048
[    2.599051] mmcblk0: mmc0:5048 SD16G 14.4 GiB
[    2.607308]  mmcblk0: p1 p2
[    2.610672] mmcblk0: p2 size 31221760 extends beyond EOD, truncated
[    2.622600] SMSC LAN8710/LAN8720 4a101000.mdio:00: attached PHY driver (mii_bus:phy_addr=4a101000.mdio:00, irq=POLL)
[    2.639852] mmc1: new high speed MMC card at address 0001
[    2.646872] mmcblk1: mmc1:0001 MMC04G 3.60 GiB
[    2.654566]  mmcblk1: p1 p2
[    2.658793] mmcblk1boot0: mmc1:0001 MMC04G 2.00 MiB
[    2.667719] mmcblk1boot1: mmc1:0001 MMC04G 2.00 MiB
[    2.676737] mmcblk1rpmb: mmc1:0001 MMC04G 128 KiB, chardev (249:0)
[    5.762139] cpsw-switch 4a100000.switch eth0: Link is Up - 100Mbps/Full - flow control off
[    5.791395] IP-Config: Complete:
[    5.794665]      device=eth0, hwaddr=6c:ec:eb:68:de:78, ipaddr=192.168.255.1, mask=255.255.255.0, gw=255.255.255.255
[    5.805304]      host=bbb1, domain=, nis-domain=(none)
[    5.810471]      bootserver=192.168.255.126, rootserver=192.168.255.126, rootpath=
[    5.810883] clk: Disabling unused clocks
[    5.822796] KTAP version 1
[    5.825526] 1..0
[    5.828228] check access for rdinit=/init failed: -2, ignoring
[    5.860616] VFS: Mounted root (nfs filesystem) on device 0:17.
[    5.867722] devtmpfs: mounted
[    5.872349] Freeing unused kernel image (initmem) memory: 1024K
[    5.879058] Run /sbin/init as init process
[    5.883278]   with arguments:
[    5.883294]     /sbin/init
[    5.883304]     nfsrootdebug
[    5.883313]   with environment:
[    5.883322]     HOME=/
[    5.883331]     TERM=linux
[    6.558405] systemd[1]: System time before build time, advancing clock.
[    8.091399] random: crng init done
[    8.107434] systemd[1]: systemd 232 running in system mode. (+PAM +AUDIT +SELINUX +IMA +APPARMOR +SMACK +SYSVINIT +UTMP +LIBCRYPTSETUP +GCRYPT +GNUTLS +ACL +XZ +LZ4 +SECCOMP +BLKID +ELFUTILS +KMOD +IDN)
[    8.126471] systemd[1]: Detected architecture arm.
[    8.154816] systemd[1]: Set hostname to <arm>.
[    9.330029] systemd[1]: Started Dispatch Password Requests to Console Directory Watch.
[    9.362835] systemd[1]: Created slice System Slice.
[    9.395342] systemd[1]: systemd-journald-dev-log.socket: SO_PASSSEC failed: Operation not supported
[    9.404992] systemd[1]: Listening on Journal Socket (/dev/log).
[    9.442380] systemd[1]: Mounting Debug File System...
[    9.454781] systemd[1]: Listening on /dev/initctl Compatibility Named Pipe.
[    9.483609] systemd[1]: Reached target Remote File Systems.
[   11.604121] systemd-journald[95]: Received request to flush runtime journal from PID 1
[   12.641906] omap_prm 44e00d00.prm: sync_state() pending due to 44d00000.cpu
[   14.603192] leds-gpio leds: using DT '/leds/led2' for '(default)' GPIO lookup
[   14.603297] of_get_named_gpiod_flags: parsed 'gpios' property of node '/leds/led2[0]' - status (0)
[   14.603356] gpio gpiochip0: Persistence not supported for GPIO 21
[   14.603372] gpio-533 (?): no flags found for GPIO (default)
[   14.686863] leds-gpio leds: using DT '/leds/led3' for '(default)' GPIO lookup
[   14.687163] of_get_named_gpiod_flags: parsed 'gpios' property of node '/leds/led3[0]' - status (0)
[   14.687235] gpio gpiochip0: Persistence not supported for GPIO 22
[   14.687251] gpio-534 (?): no flags found for GPIO (default)
[   14.714265] leds-gpio leds: using DT '/leds/led4' for '(default)' GPIO lookup
[   14.714365] of_get_named_gpiod_flags: parsed 'gpios' property of node '/leds/led4[0]' - status (0)
[   14.714417] gpio gpiochip0: Persistence not supported for GPIO 23
[   14.714433] gpio-535 (?): no flags found for GPIO (default)
[   14.740353] leds-gpio leds: using DT '/leds/led5' for '(default)' GPIO lookup
[   14.740455] of_get_named_gpiod_flags: parsed 'gpios' property of node '/leds/led5[0]' - status (0)
[   14.740507] gpio gpiochip0: Persistence not supported for GPIO 24
[   14.740522] gpio-536 (?): no flags found for GPIO (default)
[   14.979122] remoteproc remoteproc0: wkup_m3 is available
[   15.455606] at24 2-0054: supply vcc not found, using dummy regulator
[   15.538722] input: tps65217_pwrbutton as /devices/platform/ocp/44c00000.interconnect/44c00000.interconnect:segment@200000/44e0b000.target-module/44e0b000.i2c/i2c-0/0-0024/tps65217-pwrbutton/input/input0
[   15.581192] at24 2-0055: supply vcc not found, using dummy regulator
[   15.705814] at24 2-0056: supply vcc not found, using dummy regulator
[   15.822994] at24 2-0057: supply vcc not found, using dummy regulator
[   15.916490] at24 0-0050: using DT '/ocp/interconnect@44c00000/segment@200000/target-module@b000/i2c@0/eeprom@50' for 'wp' GPIO lookup
[   15.916692] of_get_named_gpiod_flags: can't parse 'wp-gpios' property of node '/ocp/interconnect@44c00000/segment@200000/target-module@b000/i2c@0/eeprom@50[0]'
[   15.916756] of_get_named_gpiod_flags: can't parse 'wp-gpio' property of node '/ocp/interconnect@44c00000/segment@200000/target-module@b000/i2c@0/eeprom@50[0]'
[   15.916849] at24 0-0050: using lookup tables for GPIO lookup
[   15.916864] at24 0-0050: No GPIO consumer wp found
[   15.917361] at24 0-0050: 32768 byte 24c256 EEPROM, writable, 1 bytes/write
[   15.964287] omap_rtc 44e3e000.rtc: registered as rtc0
[   15.969581] omap_rtc 44e3e000.rtc: setting system clock to 2000-01-01T00:00:00 UTC (946684800)
[   15.978420] omap_rtc 44e3e000.rtc: using DT '/ocp/interconnect@44c00000/segment@200000/target-module@3e000/rtc@0' for 'wp' GPIO lookup
[   15.978494] of_get_named_gpiod_flags: can't parse 'wp-gpios' property of node '/ocp/interconnect@44c00000/segment@200000/target-module@3e000/rtc@0[0]'
[   15.978545] of_get_named_gpiod_flags: can't parse 'wp-gpio' property of node '/ocp/interconnect@44c00000/segment@200000/target-module@3e000/rtc@0[0]'
[   15.978586] omap_rtc 44e3e000.rtc: using lookup tables for GPIO lookup
[   15.978599] omap_rtc 44e3e000.rtc: No GPIO consumer wp found
[   15.991702] omap_wdt: OMAP Watchdog Timer Rev 0x01: initial timeout 60 sec
[   16.673747] am335x-phy-driver 47401300.usb-phy: using DT '/ocp/target-module@47400000/usb-phy@1300' for 'reset' GPIO lookup
[   16.673950] of_get_named_gpiod_flags: can't parse 'reset-gpios' property of node '/ocp/target-module@47400000/usb-phy@1300[0]'
[   16.674004] of_get_named_gpiod_flags: can't parse 'reset-gpio' property of node '/ocp/target-module@47400000/usb-phy@1300[0]'
[   16.674090] am335x-phy-driver 47401300.usb-phy: using lookup tables for GPIO lookup
[   16.674106] am335x-phy-driver 47401300.usb-phy: No GPIO consumer reset found
[   16.674122] am335x-phy-driver 47401300.usb-phy: using DT '/ocp/target-module@47400000/usb-phy@1300' for 'vbus-detect' GPIO lookup
[   16.674205] of_get_named_gpiod_flags: can't parse 'vbus-detect-gpios' property of node '/ocp/target-module@47400000/usb-phy@1300[0]'
[   16.674241] of_get_named_gpiod_flags: can't parse 'vbus-detect-gpio' property of node '/ocp/target-module@47400000/usb-phy@1300[0]'
[   16.674315] am335x-phy-driver 47401300.usb-phy: using lookup tables for GPIO lookup
[   16.674330] am335x-phy-driver 47401300.usb-phy: No GPIO consumer vbus-detect found
[   16.674589] am335x-phy-driver 47401300.usb-phy: dummy supplies not allowed for exclusive requests (id=vbus)
[   16.896067] am335x-phy-driver 47401b00.usb-phy: using DT '/ocp/target-module@47400000/usb-phy@1b00' for 'reset' GPIO lookup
[   16.896159] of_get_named_gpiod_flags: can't parse 'reset-gpios' property of node '/ocp/target-module@47400000/usb-phy@1b00[0]'
[   16.896203] of_get_named_gpiod_flags: can't parse 'reset-gpio' property of node '/ocp/target-module@47400000/usb-phy@1b00[0]'
[   16.896242] am335x-phy-driver 47401b00.usb-phy: using lookup tables for GPIO lookup
[   16.896257] am335x-phy-driver 47401b00.usb-phy: No GPIO consumer reset found
[   16.896271] am335x-phy-driver 47401b00.usb-phy: using DT '/ocp/target-module@47400000/usb-phy@1b00' for 'vbus-detect' GPIO lookup
[   16.896302] of_get_named_gpiod_flags: can't parse 'vbus-detect-gpios' property of node '/ocp/target-module@47400000/usb-phy@1b00[0]'
[   16.896334] of_get_named_gpiod_flags: can't parse 'vbus-detect-gpio' property of node '/ocp/target-module@47400000/usb-phy@1b00[0]'
[   16.896360] am335x-phy-driver 47401b00.usb-phy: using lookup tables for GPIO lookup
[   16.896372] am335x-phy-driver 47401b00.usb-phy: No GPIO consumer vbus-detect found
[   16.896522] am335x-phy-driver 47401b00.usb-phy: dummy supplies not allowed for exclusive requests (id=vbus)
[   17.082197] usbcore: registered new interface driver usbfs
[   17.087832] usbcore: registered new interface driver hub
[   17.093423] usbcore: registered new device driver usb
[   17.955230] omap-mailbox 480c8000.mailbox: omap mailbox rev 0x400
[   18.068484] remoteproc remoteproc0: powering up wkup_m3
[   18.147432] musb-hdrc musb-hdrc.1: MUSB HDRC host driver
[   18.153049] musb-hdrc musb-hdrc.1: new USB bus registered, assigned bus number 1
[   18.291856] remoteproc remoteproc0: Direct firmware load for am335x-pm-firmware.elf failed with error -2
[   18.301857] remoteproc remoteproc0: request_firmware failed: -2
[   18.307821] wkup_m3_ipc 44e11324.wkup_m3_ipc: rproc_boot failed
[   18.401748] tda998x 0-0070: found TDA19988
[   18.457142] usb usb1: New USB device found, idVendor=1d6b, idProduct=0002, bcdDevice= 6.16
[   18.465678] usb usb1: New USB device strings: Mfr=3, Product=2, SerialNumber=1
[   18.473100] usb usb1: Product: MUSB HDRC host driver
[   18.478098] usb usb1: Manufacturer: Linux 6.16.0-rc5-next-20250710 musb-hcd
[   18.485139] usb usb1: SerialNumber: musb-hdrc.1
[   18.965385] hub 1-0:1.0: USB hub found
[   19.058808] hub 1-0:1.0: 1 port detected
[   20.352323] omap_rng 48310000.rng: Random Number Generator ver. 20
[   20.569486] tilcdc 4830e000.lcdc: bound 0-0070 (ops tda998x_audio_codec_init [tda998x])
[   20.672245] [drm] Initialized tilcdc 1.0.0 for 4830e000.lcdc on minor 0
[   20.723983] tilcdc 4830e000.lcdc: [drm] Cannot find any crtc or sizes
[   20.732144] tilcdc 4830e000.lcdc: [drm] Cannot find any crtc or sizes
[   20.968933] ------------[ cut here ]------------
[   20.973806] WARNING: net/8021q/vlan_core.c:236 at vlan_for_each+0x114/0x134, CPU#0: avahi-daemon/227
[   20.983090] RTNL: assertion failed at net/8021q/vlan_core.c (236)
[   20.989217] Modules linked in: tilcdc drm_dma_helper omap_rng drm_client_lib rng_core snd_soc_davinci_mcasp snd_soc_ti_udma snd_soc_ti_edma snd_soc_ti_sdma snd_soc_core snd_pcm_dmaengine snd_pcm snd_timer snd tda998x musb_dsps omap_mailbox soundcore cec musb_hdrc udc_core drm_kms_helper usbcore phy_am335x drm phy_generic usb_common omap_wdt rtc_omap cppi41 watchdog wkup_m3_ipc drm_panel_orientation_quirks tps65218_pwrbutton at24 phy_am335x_control wkup_m3_rproc leds_gpio led_class cpufreq_dt ip_tables x_tables autofs4
[   21.035624] CPU: 0 UID: 107 PID: 227 Comm: avahi-daemon Not tainted 6.16.0-rc5-next-20250710 #1 NONE 
[   21.035643] Hardware name: Generic AM33XX (Flattened Device Tree)
[   21.035652] Call trace: 
[   21.035668]  unwind_backtrace from show_stack+0x10/0x14
[   21.035706]  show_stack from dump_stack_lvl+0x50/0x64
[   21.035730]  dump_stack_lvl from __warn+0x88/0x148
[   21.035764]  __warn from warn_slowpath_fmt+0x19c/0x1b0
[   21.035788]  warn_slowpath_fmt from vlan_for_each+0x114/0x134
[   21.035810]  vlan_for_each from cpsw_add_mc_addr+0x40/0xa4
[   21.035831]  cpsw_add_mc_addr from __hw_addr_ref_sync_dev+0x108/0x140
[   21.035855]  __hw_addr_ref_sync_dev from __dev_mc_add+0x7c/0x80
[   21.035874]  __dev_mc_add from igmp6_group_added+0xc8/0xe0
[   21.035894]  igmp6_group_added from __ipv6_dev_mc_inc+0x218/0x364
[   21.035908]  __ipv6_dev_mc_inc from __ipv6_sock_mc_join+0x11c/0x214
[   21.035921]  __ipv6_sock_mc_join from do_ipv6_setsockopt+0x1214/0x1310
[   21.035945]  do_ipv6_setsockopt from ipv6_setsockopt+0x60/0xcc
[   21.035964]  ipv6_setsockopt from udpv6_setsockopt+0x2c/0x6c
[   21.035985]  udpv6_setsockopt from sock_common_setsockopt+0x30/0x40
[   21.036013]  sock_common_setsockopt from do_sock_setsockopt+0x50/0x9c
[   21.036031]  do_sock_setsockopt from __sys_setsockopt+0x70/0xbc
[   21.036046]  __sys_setsockopt from ret_fast_syscall+0x0/0x58
[   21.036061] Exception stack(0xe0139fa8 to 0xe0139ff0)
[   21.036075] 9fa0:                   00000014 b6f27ce8 0000000d 00000029 00000014 be8c59ec
[   21.036087] 9fc0: 00000014 b6f27ce8 00000014 00000126 0000000d b6ed0ff4 0043e988 00426558
[   21.036095] 9fe0: b6ee6088 be8c59d8 b6ec3309 b6d9a41a
[   21.036103] ---[ end trace 0000000000000000 ]---
[   21.850612] PM: Cannot get wkup_m3_ipc handle
[   22.097216] omap-sham 53100000.sham: hw accel on OMAP rev 4.3
[   22.224405] omap-aes 53500000.aes: OMAP AES hw accel rev: 3.2
[   22.308159] omap-sham 53100000.sham: will run requests pump with realtime priority
[   22.330636] PM: Cannot get wkup_m3_ipc handle
[   22.422476] omap-aes 53500000.aes: will run requests pump with realtime priority
[   22.436423] PM: Cannot get wkup_m3_ipc handle
[   23.669939] Bluetooth: Core ver 2.22
[   23.673949] NET: Registered PF_BLUETOOTH protocol family
[   23.679299] Bluetooth: HCI device and connection manager initialized
[   23.685802] Bluetooth: HCI socket layer initialized
[   23.690894] Bluetooth: L2CAP socket layer initialized
[   23.696093] Bluetooth: SCO socket layer initialized
[   25.723460] tda998x 0-0070: using DT '/ocp/interconnect@44c00000/segment@200000/target-module@b000/i2c@0/tda19988@70' for 'nxp,calib' GPIO lookup
[   25.723684] of_get_named_gpiod_flags: parsed 'nxp,calib-gpios' property of node '/ocp/interconnect@44c00000/segment@200000/target-module@b000/i2c@0/tda19988@70[0]' - status (0)
[   25.723821] gpio gpiochip0: Persistence not supported for GPIO 25
[   25.723838] gpio-537 (nxp,calib): no flags found for GPIO nxp,calib
[   25.728812] gpio-537 (nxp,calib): gpiod_direction_output_nonotify: tried to set a GPIO tied to an IRQ as output
[   25.805210] asoc-simple-card sound: using DT '/sound' for 'simple-audio-card,hp-det' GPIO lookup
[   25.805297] of_get_named_gpiod_flags: can't parse 'simple-audio-card,hp-det-gpios' property of node '/sound[0]'
[   25.805332] of_get_named_gpiod_flags: can't parse 'simple-audio-card,hp-det-gpio' property of node '/sound[0]'
[   25.805356] asoc-simple-card sound: using lookup tables for GPIO lookup
[   25.805370] asoc-simple-card sound: No GPIO consumer simple-audio-card,hp-det found
[   25.805385] asoc-simple-card sound: using DT '/sound' for 'simple-audio-card,mic-det' GPIO lookup
[   25.805410] of_get_named_gpiod_flags: can't parse 'simple-audio-card,mic-det-gpios' property of node '/sound[0]'
[   25.805435] of_get_named_gpiod_flags: can't parse 'simple-audio-card,mic-det-gpio' property of node '/sound[0]'
[   25.805455] asoc-simple-card sound: using lookup tables for GPIO lookup
[   25.805467] asoc-simple-card sound: No GPIO consumer simple-audio-card,mic-det found
[   25.914708] PM: Cannot get wkup_m3_ipc handle
[   26.000620] tda9950 0-0034: TDA9950 CEC interface, hardware version 3.3
[   26.140007] PM: Cannot get wkup_m3_ipc handle
[   29.104897] userial_init: registered 8 ttyGS* devices
[   29.294148] rndis_register: configNr = 0
[   29.355741] udc musb-hdrc.0: binding gadget driver [g_multi]
[   29.355837] configfs-gadget.g_multi gadget.0: adding 'rndis'/9394dc01 to config 'c'/6a2e15e7
[   29.357043] configfs-gadget.g_multi gadget.0: HOST MAC 1c:ba:8c:a2:ed:6c
[   29.364021] configfs-gadget.g_multi gadget.0: MAC 1c:ba:8c:a2:ed:70
[   29.370392] rndis_set_param_medium: 0 0
[   29.370411] configfs-gadget.g_multi gadget.0: RNDIS: IN/ep1in OUT/ep1out NOTIFY/ep2in
[   29.370429] configfs-gadget.g_multi gadget.0: adding 'cdc_ethernet'/0a29331c to config 'c'/6a2e15e7
[   29.371319] configfs-gadget.g_multi gadget.0: HOST MAC 1c:ba:8c:a2:ed:6c
[   29.378239] configfs-gadget.g_multi gadget.0: MAC 1c:ba:8c:a2:ed:6d
[   29.384607] configfs-gadget.g_multi gadget.0: CDC Ethernet: IN/ep3in OUT/ep2out NOTIFY/ep4in
[   29.384627] configfs-gadget.g_multi gadget.0: adding 'acm'/a44cf24a to config 'c'/6a2e15e7
[   29.384666] configfs-gadget.g_multi gadget.0: acm ttyGS0: IN/ep5in OUT/ep3out NOTIFY/ep6in
[   29.385763] PM: Cannot get wkup_m3_ipc handle
[   31.894292] configfs-gadget.g_multi gadget.0: eth_open
[   35.459050] gs_open: ttyGS0 (5006f1ee,24fc5ffe)
[   35.459206] gs_close: ttyGS0 (5006f1ee,24fc5ffe) ...
[   35.459229] gs_close: ttyGS0 (5006f1ee,24fc5ffe) done!
[   35.481749] gs_open: ttyGS0 (5006f1ee,3926d3b6)
[   35.481913] gs_close: ttyGS0 (5006f1ee,3926d3b6) ...
[   35.481936] gs_close: ttyGS0 (5006f1ee,3926d3b6) done!
[   35.659188] gs_open: ttyGS0 (87667908,036cca9a)
[   35.659430] gs_close: ttyGS0 (87667908,036cca9a) ...
[   35.659457] gs_close: ttyGS0 (87667908,036cca9a) done!
[   35.660986] gs_open: ttyGS0 (87667908,3926d3b6)
ABLEZLHNYF 0
root@arm:~# echo 'KGFB''TMUTBV'
KGFBTMUTBV
root@arm:~# MARKER='TBVN''PZBABK' run 'modprobe test_linear_ranges'
TBVNPZBABKTBVNPZBABK 0
root@arm:~# echo 'GNBE''UVEPFL'
GNBEUVEPFL
root@arm:~# MARKER='EXHK''SHAZJO' run dmesg
EXHKSHAZJO[    0.000000] Booting Linux on physical CPU 0x0
[    0.000000] Linux version 6.16.0-rc5-next-20250710 (user01@drvtest01) (arm-none-eabi-gcc (Arm GNU Toolchain 14.2.Rel1 (Build arm-14.52)) 14.2.1 20241119, GNU ld (Arm GNU Toolchain 14.2.Rel1 (Build arm-14.52)) 2.43.1.20241119) #1 SMP Thu Jul 10 12:55:07 EEST 2025
[    0.000000] CPU: ARMv7 Processor [413fc082] revision 2 (ARMv7), cr=10c5387d
[    0.000000] CPU: PIPT / VIPT nonaliasing data cache, VIPT aliasing instruction cache
[    0.000000] OF: fdt: Machine model: TI AM335x BeagleBone Black
[    0.000000] Memory policy: Data cache writeback
[    0.000000] cma: Reserved 16 MiB at 0x9e800000
[    0.000000] Zone ranges:
[    0.000000]   Normal   [mem 0x0000000080000000-0x000000009fdfffff]
[    0.000000]   HighMem  empty
[    0.000000] Movable zone start for each node
[    0.000000] Early memory node ranges
[    0.000000]   node   0: [mem 0x0000000080000000-0x000000009fdfffff]
[    0.000000] Initmem setup node 0 [mem 0x0000000080000000-0x000000009fdfffff]
[    0.000000] On node 0, zone Normal: 512 pages in unavailable ranges
[    0.000000] OF: reserved mem: Reserved memory: No reserved-memory node in the DT
[    0.000000] CPU: All CPU(s) started in SVC mode.
[    0.000000] AM335X ES2.1 (sgx neon)
[    0.000000] percpu: Embedded 17 pages/cpu s39820 r8192 d21620 u69632
[    0.000000] pcpu-alloc: s39820 r8192 d21620 u69632 alloc=17*4096
[    0.000000] pcpu-alloc: [0] 0 
[    0.000000] Kernel command line: console=ttyO0,115200n8 root=/dev/nfs rw nfsroot=192.168.255.126:/home/user01/nfs,nfsvers=3 ip=192.168.255.1:192.168.255.126::255.255.255.0:bbb1:eth0 nfsrootdebug
[    0.000000] Unknown kernel command line parameters "nfsrootdebug", will be passed to user space.
[    0.000000] printk: log buffer data + meta data: 65536 + 204800 = 270336 bytes
[    0.000000] Dentry cache hash table entries: 65536 (order: 6, 262144 bytes, linear)
[    0.000000] Inode-cache hash table entries: 32768 (order: 5, 131072 bytes, linear)
[    0.000000] Built 1 zonelists, mobility grouping on.  Total pages: 130560
[    0.000000] mem auto-init: stack:off, heap alloc:off, heap free:off
[    0.000000] SLUB: HWalign=16, Order=0-3, MinObjects=0, CPUs=1, Nodes=1
[    0.000000] rcu: Hierarchical RCU implementation.
[    0.000000] rcu: 	RCU event tracing is enabled.
[    0.000000] rcu: 	RCU restricting CPUs from NR_CPUS=2 to nr_cpu_ids=1.
[    0.000000] 	Tracing variant of Tasks RCU enabled.
[    0.000000] rcu: RCU calculated value of scheduler-enlistment delay is 10 jiffies.
[    0.000000] rcu: Adjusting geometry for rcu_fanout_leaf=16, nr_cpu_ids=1
[    0.000000] RCU Tasks Trace: Setting shift to 0 and lim to 1 rcu_task_cb_adjust=1 rcu_task_cpu_ids=1.
[    0.000000] NR_IRQS: 16, nr_irqs: 16, preallocated irqs: 16
[    0.000000] IRQ: Found an INTC at 0x(ptrval) (revision 5.0) with 128 interrupts
[    0.000000] rcu: srcu_init: Setting srcu_struct sizes based on contention.
[    0.000000] TI gptimer clocksource: always-on /ocp/interconnect@44c00000/segment@200000/target-module@31000
[    0.000003] sched_clock: 32 bits at 24MHz, resolution 41ns, wraps every 89478484971ns
[    0.000026] clocksource: dmtimer: mask: 0xffffffff max_cycles: 0xffffffff, max_idle_ns: 79635851949 ns
[    0.000529] TI gptimer clockevent: 24000000 Hz at /ocp/interconnect@48000000/segment@0/target-module@40000
[    0.002165] Console: colour dummy device 80x30
[    0.002231] WARNING: Your 'console=ttyO0' has been replaced by 'ttyS0'
[    0.002239] This ensures that you still see kernel messages. Please
[    0.002243] update your kernel commandline.
[    0.002288] Calibrating delay loop... 996.14 BogoMIPS (lpj=4980736)
[    0.090574] CPU: Testing write buffer coherency: ok
[    0.090683] CPU0: Spectre v2: using BPIALL workaround
[    0.090693] pid_max: default: 32768 minimum: 301
[    0.090853] LSM: initializing lsm=capability
[    0.091022] Mount-cache hash table entries: 1024 (order: 0, 4096 bytes, linear)
[    0.091042] Mountpoint-cache hash table entries: 1024 (order: 0, 4096 bytes, linear)
[    0.092684] CPU0: thread -1, cpu 0, socket -1, mpidr 0
[    0.092742] cacheinfo: Unable to detect cache hierarchy for CPU 0
[    0.094760] Setting up static identity map for 0x80100000 - 0x80100078
[    0.095083] rcu: Hierarchical SRCU implementation.
[    0.095093] rcu: 	Max phase no-delay instances is 1000.
[    0.096829] smp: Bringing up secondary CPUs ...
[    0.096884] smp: Brought up 1 node, 1 CPU
[    0.096896] SMP: Total of 1 processors activated (996.14 BogoMIPS).
[    0.096908] CPU: All CPU(s) started in SVC mode.
[    0.097099] Memory: 480828K/522240K available (11264K kernel code, 1215K rwdata, 2928K rodata, 1024K init, 285K bss, 23380K reserved, 16384K cma-reserved, 0K highmem)
[    0.097932] devtmpfs: initialized
[    0.114916] VFP support v0.3: implementor 41 architecture 3 part 30 variant c rev 3
[    0.115559] clocksource: jiffies: mask: 0xffffffff max_cycles: 0xffffffff, max_idle_ns: 19112604462750000 ns
[    0.115618] posixtimers hash table entries: 512 (order: 0, 4096 bytes, linear)
[    0.115641] futex hash table entries: 256 (16384 bytes on 1 NUMA nodes, total 16 KiB, linear).
[    0.116760] pinctrl core: initialized pinctrl subsystem
[    0.118925] NET: Registered PF_NETLINK/PF_ROUTE protocol family
[    0.122079] DMA: preallocated 256 KiB pool for atomic coherent allocations
[    0.122695] audit: initializing netlink subsys (disabled)
[    0.124023] thermal_sys: Registered thermal governor 'fair_share'
[    0.124037] thermal_sys: Registered thermal governor 'step_wise'
[    0.124048] thermal_sys: Registered thermal governor 'user_space'
[    0.124161] audit: type=2000 audit(0.120:1): state=initialized audit_enabled=0 res=1
[    0.124229] cpuidle: using governor menu
[    0.142088] /ocp/interconnect@44c00000/segment@200000/target-module@b000/i2c@0/tda19988@70: Fixed dependency cycle(s) with /ocp/interconnect@48000000/segment@300000/target-module@e000/lcdc@0
[    0.143240] /ocp/interconnect@48000000/segment@300000/target-module@e000/lcdc@0: Fixed dependency cycle(s) with /ocp/interconnect@44c00000/segment@200000/target-module@b000/i2c@0/tda19988@70
[    0.145451] No ATAGs?
[    0.145494] hw-breakpoint: debug architecture 0x4 unsupported.
[    0.148615] kprobes: kprobe jump-optimization is enabled. All kprobes are optimized if possible.
[    0.154014] iommu: Default domain type: Translated
[    0.154035] iommu: DMA domain TLB invalidation policy: strict mode
[    0.155604] reg-fixed-voltage fixedregulator0: using DT '/fixedregulator0' for '(default)' GPIO lookup
[    0.155657] of_get_named_gpiod_flags: can't parse 'gpios' property of node '/fixedregulator0[0]'
[    0.155686] of_get_named_gpiod_flags: can't parse 'gpio' property of node '/fixedregulator0[0]'
[    0.155703] reg-fixed-voltage fixedregulator0: using lookup tables for GPIO lookup
[    0.155713] reg-fixed-voltage fixedregulator0: No GPIO consumer (default) found
[    0.161402] SCSI subsystem initialized
[    0.161890] libata version 3.00 loaded.
[    0.162277] pps_core: LinuxPPS API ver. 1 registered
[    0.162289] pps_core: Software ver. 5.3.6 - Copyright 2005-2007 Rodolfo Giometti <giometti@linux.it>
[    0.162312] PTP clock support registered
[    0.170995] vgaarb: loaded
[    0.171375] clocksource: Switched to clocksource dmtimer
[    0.172051] VFS: Disk quotas dquot_6.6.0
[    0.172109] VFS: Dquot-cache hash table entries: 1024 (order 0, 4096 bytes)
[    0.196713] NET: Registered PF_INET protocol family
[    0.197052] IP idents hash table entries: 8192 (order: 4, 65536 bytes, linear)
[    0.198473] tcp_listen_portaddr_hash hash table entries: 512 (order: 0, 4096 bytes, linear)
[    0.198512] Table-perturb hash table entries: 65536 (order: 6, 262144 bytes, linear)
[    0.198532] TCP established hash table entries: 4096 (order: 2, 16384 bytes, linear)
[    0.198578] TCP bind hash table entries: 4096 (order: 4, 65536 bytes, linear)
[    0.198678] TCP: Hash tables configured (established 4096 bind 4096)
[    0.198797] UDP hash table entries: 256 (order: 1, 14336 bytes, linear)
[    0.198832] UDP-Lite hash table entries: 256 (order: 1, 14336 bytes, linear)
[    0.199019] NET: Registered PF_UNIX/PF_LOCAL protocol family
[    0.212546] RPC: Registered named UNIX socket transport module.
[    0.212567] RPC: Registered udp transport module.
[    0.212572] RPC: Registered tcp transport module.
[    0.212577] RPC: Registered tcp-with-tls transport module.
[    0.212582] RPC: Registered tcp NFSv4.1 backchannel transport module.
[    0.212607] PCI: CLS 0 bytes, default 64
[    0.214010] Initialise system trusted keyrings
[    0.214793] workingset: timestamp_bits=14 max_order=17 bucket_order=3
[    0.216502] NFS: Registering the id_resolver key type
[    0.216602] Key type id_resolver registered
[    0.216610] Key type id_legacy registered
[    0.216717] jffs2: version 2.2. (NAND) (SUMMARY)  Â© 2001-2006 Red Hat, Inc.
[    0.217177] Key type asymmetric registered
[    0.217194] Asymmetric key parser 'x509' registered
[    0.217264] io scheduler mq-deadline registered
[    0.217274] io scheduler kyber registered
[    0.217353] io scheduler bfq registered
[    0.219240] target-module@4b000000:target-module@140000:pmu@0:fck: device ID is greater than 24
[    0.225456] l3-aon-clkctrl:0000:0: failed to disable
[    0.231643] ledtrig-cpu: registered to indicate activity on CPUs
[    0.235388] Serial: 8250/16550 driver, 6 ports, IRQ sharing enabled
[    0.296545] brd: module loaded
[    0.318234] loop: module loaded
[    0.319168] mtdoops: mtd device (mtddev=name/number) must be supplied
[    0.320894] mdio_bus fixed-0: using lookup tables for GPIO lookup
[    0.320920] mdio_bus fixed-0: No GPIO consumer reset found
[    0.322547] i2c_dev: i2c /dev entries driver
[    0.323562] cpuidle: enable-method property 'ti,am3352' found operations
[    0.324003] sdhci: Secure Digital Host Controller Interface driver
[    0.324014] sdhci: Copyright(c) Pierre Ossman
[    0.324195] sdhci-pltfm: SDHCI platform and OF driver helper
[    0.325698] hw perfevents: enabled with armv7_cortex_a8 PMU driver, 5 (8000000f) counters available
[    0.326219] Initializing XFRM netlink socket
[    0.326404] NET: Registered PF_INET6 protocol family
[    0.332070] l3-aon-clkctrl:0000:0: failed to disable
[    0.333709] Segment Routing with IPv6
[    0.333796] In-situ OAM (IOAM) with IPv6
[    0.333895] sit: IPv6, IPv4 and MPLS over IPv4 tunneling driver
[    0.334855] NET: Registered PF_PACKET protocol family
[    0.334885] NET: Registered PF_KEY protocol family
[    0.335017] Key type dns_resolver registered
[    0.335249] ThumbEE CPU extension supported.
[    0.335270] Registering SWP/SWPB emulation handler
[    0.335808] omap_voltage_late_init: Voltage driver support not added
[    0.336486] SmartReflex Class3 initialized
[    0.378519] Loading compiled-in X.509 certificates
[    0.420604] /ocp/interconnect@44c00000/segment@200000/target-module@b000/i2c@0/tda19988@70: Fixed dependency cycle(s) with /ocp/interconnect@48000000/segment@300000/target-module@e000/lcdc@0
[    0.427153] /ocp/interconnect@44c00000/segment@200000/target-module@b000/i2c@0/tda19988@70: Fixed dependency cycle(s) with /ocp/interconnect@48000000/segment@300000/target-module@e000/lcdc@0
[    0.432836] gpiochip_find_base_unlocked: found new base at 512
[    0.446176] /ocp/interconnect@44c00000/segment@200000/target-module@b000/i2c@0/tda19988@70: Fixed dependency cycle(s) with /ocp/interconnect@48000000/segment@300000/target-module@e000/lcdc@0
[    0.447059] /ocp/interconnect@44c00000/segment@200000/target-module@b000/i2c@0/tda19988@70: Fixed dependency cycle(s) with /ocp/interconnect@48000000/segment@300000/target-module@e000/lcdc@0
[    0.450531] /ocp/interconnect@44c00000/segment@200000/target-module@10000/scm@0/pinmux@800: Fixed dependency cycle(s) with /ocp/interconnect@44c00000/segment@200000/target-module@10000/scm@0/pinmux@800/clkout2-pins
[    0.451120] pinctrl-single 44e10800.pinmux: 142 pins, size 568
[    0.456765] ti-sysc 44e31000.target-module: probe with driver ti-sysc failed with error -16
[    0.496160] /ocp/interconnect@48000000/segment@300000/target-module@e000/lcdc@0: Fixed dependency cycle(s) with /ocp/interconnect@44c00000/segment@200000/target-module@b000/i2c@0/tda19988@70
[    0.504496] ti-sysc 48040000.target-module: probe with driver ti-sysc failed with error -16
[    0.516074] gpiochip_find_base_unlocked: found new base at 512
[    0.516173] gpio gpiochip0: (gpio-0-31): created GPIO range 0->7 ==> 44e10800.pinmux PIN 0->7
[    0.516193] gpio gpiochip0: (gpio-0-31): created GPIO range 8->11 ==> 44e10800.pinmux PIN 90->93
[    0.516209] gpio gpiochip0: (gpio-0-31): created GPIO range 12->27 ==> 44e10800.pinmux PIN 12->27
[    0.516224] gpio gpiochip0: (gpio-0-31): created GPIO range 28->31 ==> 44e10800.pinmux PIN 30->33
[    0.562819] gpio gpiochip0: (gpio-0-31): added GPIO chardev (254:0)
[    0.562979] gpio gpiochip0: registered GPIOs 512 to 543 on gpio-0-31
[    0.563065] OMAP GPIO hardware version 0.1
[    0.583671] i2c i2c-2: using DT '/ocp/interconnect@48000000/segment@100000/target-module@9c000/i2c@0' for 'scl' GPIO lookup
[    0.583743] of_get_named_gpiod_flags: can't parse 'scl-gpios' property of node '/ocp/interconnect@48000000/segment@100000/target-module@9c000/i2c@0[0]'
[    0.583785] of_get_named_gpiod_flags: can't parse 'scl-gpio' property of node '/ocp/interconnect@48000000/segment@100000/target-module@9c000/i2c@0[0]'
[    0.583821] i2c i2c-2: using lookup tables for GPIO lookup
[    0.583830] i2c i2c-2: No GPIO consumer scl found
[    0.583851] i2c i2c-2: using DT '/ocp/interconnect@48000000/segment@100000/target-module@9c000/i2c@0' for 'sda' GPIO lookup
[    0.583887] of_get_named_gpiod_flags: can't parse 'sda-gpios' property of node '/ocp/interconnect@48000000/segment@100000/target-module@9c000/i2c@0[0]'
[    0.583923] of_get_named_gpiod_flags: can't parse 'sda-gpio' property of node '/ocp/interconnect@48000000/segment@100000/target-module@9c000/i2c@0[0]'
[    0.583954] i2c i2c-2: using lookup tables for GPIO lookup
[    0.583963] i2c i2c-2: No GPIO consumer sda found
[    0.584690] omap_i2c 4819c000.i2c: bus 2 rev0.11 at 100 kHz
[    0.590253] gpiochip_find_base_unlocked: found new base at 544
[    0.590352] gpio gpiochip1: (gpio-32-63): created GPIO range 0->17 ==> 44e10800.pinmux PIN 34->51
[    0.590372] gpio gpiochip1: (gpio-32-63): created GPIO range 18->21 ==> 44e10800.pinmux PIN 77->80
[    0.590388] gpio gpiochip1: (gpio-32-63): created GPIO range 22->31 ==> 44e10800.pinmux PIN 56->65
[    0.611982] gpio gpiochip1: (gpio-32-63): added GPIO chardev (254:1)
[    0.612156] gpio gpiochip1: registered GPIOs 544 to 575 on gpio-32-63
[    0.614458] gpiochip_find_base_unlocked: found new base at 576
[    0.614549] gpio gpiochip2: (gpio-64-95): created GPIO range 0->4 ==> 44e10800.pinmux PIN 66->70
[    0.614569] gpio gpiochip2: (gpio-64-95): created GPIO range 5->6 ==> 44e10800.pinmux PIN 98->99
[    0.614585] gpio gpiochip2: (gpio-64-95): created GPIO range 7->8 ==> 44e10800.pinmux PIN 75->76
[    0.614600] gpio gpiochip2: (gpio-64-95): created GPIO range 13->13 ==> 44e10800.pinmux PIN 141->141
[    0.614617] gpio gpiochip2: (gpio-64-95): created GPIO range 14->21 ==> 44e10800.pinmux PIN 100->107
[    0.615269] gpio gpiochip2: (gpio-64-95): added GPIO chardev (254:2)
[    0.615414] gpio gpiochip2: registered GPIOs 576 to 607 on gpio-64-95
[    0.621046] 48000000.interconnect:segment@200000:target-module@0:mpu@0:fck: device ID is greater than 24
[    0.622200] /ocp/interconnect@48000000/segment@300000/target-module@e000/lcdc@0: Fixed dependency cycle(s) with /ocp/interconnect@44c00000/segment@200000/target-module@b000/i2c@0/tda19988@70
[    0.625073] /ocp/interconnect@48000000/segment@300000/target-module@e000/lcdc@0: Fixed dependency cycle(s) with /ocp/interconnect@44c00000/segment@200000/target-module@b000/i2c@0/tda19988@70
[    0.625790] /ocp/interconnect@44c00000/segment@200000/target-module@b000/i2c@0/tda19988@70: Fixed dependency cycle(s) with /ocp/interconnect@48000000/segment@300000/target-module@e000/lcdc@0
[    0.625949] /ocp/interconnect@48000000/segment@300000/target-module@e000/lcdc@0: Fixed dependency cycle(s) with /ocp/interconnect@44c00000/segment@200000/target-module@b000/i2c@0/tda19988@70
[    0.635781] mdio_bus 4a101000.mdio: using DT '/ocp/interconnect@4a000000/segment@0/target-module@100000/switch@0/mdio@1000' for 'reset' GPIO lookup
[    0.635854] of_get_named_gpiod_flags: can't parse 'reset-gpios' property of node '/ocp/interconnect@4a000000/segment@0/target-module@100000/switch@0/mdio@1000[0]'
[    0.635901] of_get_named_gpiod_flags: can't parse 'reset-gpio' property of node '/ocp/interconnect@4a000000/segment@0/target-module@100000/switch@0/mdio@1000[0]'
[    0.635949] mdio_bus 4a101000.mdio: using lookup tables for GPIO lookup
[    0.635958] mdio_bus 4a101000.mdio: No GPIO consumer reset found
[    0.637179] sdhci-omap 481d8000.mmc: using DT '/ocp/interconnect@48000000/segment@100000/target-module@d8000/mmc@0' for 'wp' GPIO lookup
[    0.637244] of_get_named_gpiod_flags: can't parse 'wp-gpios' property of node '/ocp/interconnect@48000000/segment@100000/target-module@d8000/mmc@0[0]'
[    0.637287] of_get_named_gpiod_flags: can't parse 'wp-gpio' property of node '/ocp/interconnect@48000000/segment@100000/target-module@d8000/mmc@0[0]'
[    0.637321] sdhci-omap 481d8000.mmc: using lookup tables for GPIO lookup
[    0.637330] sdhci-omap 481d8000.mmc: No GPIO consumer wp found
[    0.637531] sdhci-omap 481d8000.mmc: supply pbias not found, using dummy regulator
[    0.638024] sdhci-omap 481d8000.mmc: supply vqmmc not found, using dummy regulator
[    0.693087] davinci_mdio 4a101000.mdio: davinci mdio revision 1.6, bus freq 1000000
[    0.707411] mdio_bus 4a101000.mdio:00: using DT '/ocp/interconnect@4a000000/segment@0/target-module@100000/switch@0/mdio@1000/ethernet-phy@0' for 'reset' GPIO lookup
[    0.707514] of_get_named_gpiod_flags: parsed 'reset-gpios' property of node '/ocp/interconnect@4a000000/segment@0/target-module@100000/switch@0/mdio@1000/ethernet-phy@0[0]' - status (0)
[    0.707676] gpio gpiochip0: Persistence not supported for GPIO 8
[    0.835840] davinci_mdio 4a101000.mdio: phy[0]: device 4a101000.mdio:00, driver SMSC LAN8710/LAN8720
[    0.836604] cpsw-switch 4a100000.switch: initialized cpsw ale version 1.4
[    0.836627] cpsw-switch 4a100000.switch: ALE Table size 1024, Policers 0
[    0.836786] cpsw-switch 4a100000.switch: cpts: overflow check period 500 (jiffies)
[    0.836801] cpsw-switch 4a100000.switch: CPTS: ref_clk_freq:250000000 calc_mult:2147483648 calc_shift:29 error:0 nsec/sec
[    0.836903] cpsw-switch 4a100000.switch: Detected MACID = 6c:ec:eb:68:de:78
[    0.838769] cpsw-switch 4a100000.switch: initialized (regs 0x4a100000, pool size 256) hw_ver:0019010C 1.12 (0)
[    0.849911] debugfs: '49000000.dma' already exists in 'dmaengine'
[    0.849954] edma 49000000.dma: TI EDMA DMA engine driver
[    0.888894] gpio-clk clk_mcasp0: using DT '/clk_mcasp0' for 'enable' GPIO lookup
[    0.888968] of_get_named_gpiod_flags: parsed 'enable-gpios' property of node '/clk_mcasp0[0]' - status (0)
[    0.889014] gpio gpiochip0: Persistence not supported for GPIO 27
[    0.889883] gpiochip_find_base_unlocked: found new base at 608
[    0.889997] gpio gpiochip3: (gpio-96-127): created GPIO range 0->7 ==> 44e10800.pinmux PIN 82->89
[    0.890019] gpio gpiochip3: (gpio-96-127): created GPIO range 8->11 ==> 44e10800.pinmux PIN 52->55
[    0.890035] gpio gpiochip3: (gpio-96-127): created GPIO range 12->15 ==> 44e10800.pinmux PIN 94->97
[    0.890051] gpio gpiochip3: (gpio-96-127): created GPIO range 16->17 ==> 44e10800.pinmux PIN 71->72
[    0.890067] gpio gpiochip3: (gpio-96-127): created GPIO range 18->18 ==> 44e10800.pinmux PIN 135->135
[    0.890083] gpio gpiochip3: (gpio-96-127): created GPIO range 19->20 ==> 44e10800.pinmux PIN 108->109
[    0.890100] gpio gpiochip3: (gpio-96-127): created GPIO range 21->21 ==> 44e10800.pinmux PIN 73->73
[    0.890117] gpio gpiochip3: (gpio-96-127): created GPIO range 22->23 ==> 44e10800.pinmux PIN 8->9
[    0.890135] gpio gpiochip3: (gpio-96-127): created GPIO range 26->27 ==> 44e10800.pinmux PIN 10->11
[    0.890153] gpio gpiochip3: (gpio-96-127): created GPIO range 28->28 ==> 44e10800.pinmux PIN 74->74
[    0.890175] gpio gpiochip3: (gpio-96-127): created GPIO range 29->29 ==> 44e10800.pinmux PIN 81->81
[    0.890195] gpio gpiochip3: (gpio-96-127): created GPIO range 30->31 ==> 44e10800.pinmux PIN 28->29
[    0.894271] gpio gpiochip3: (gpio-96-127): added GPIO chardev (254:3)
[    0.894447] gpio gpiochip3: registered GPIOs 608 to 639 on gpio-96-127
[    0.906906] omap8250 44e09000.serial: using DT '/ocp/interconnect@44c00000/segment@200000/target-module@9000/serial@0' for 'rs485-term' GPIO lookup
