Labgrid Console Logfile for main
Logfile started at 2025-08-04 08:23:27.968227
=== Log starts here ===
reading args
spl_load_image_fat_os: error reading image args, err - -1
reading u-boot.img
reading u-boot.img


U-Boot 2014.04-00014-g47880f5 (Apr 22 2014 - 13:23:54)

I2C:   ready
DRAM:  512 MiB
NAND:  0 MiB
MMC:   OMAP SD/MMC: 0, OMAP SD/MMC: 1
*** Warning - readenv() failed, using default environment

Net:   <ethaddr> not set. Validating first E-fuse MAC
Could not get PHY for cpsw: addr 0
cpsw, usb_ether
Hit any key to stop autoboot:  1  0 
gpio: pin 53 (gpio 53) value is 1
mmc0 is current device
gpio: pin 54 (gpio 54) value is 1
SD/MMC found on device 0
reading uEnv.txt
569 bytes read in 4 ms (138.7 KiB/s)
gpio: pin 55 (gpio 55) value is 1
Loaded environment from uEnv.txt
Importing environment from mmc ...
Checking if uenvcmd is set ...
gpio: pin 56 (gpio 56) value is 1
Running uenvcmd ...
Using cpsw device
TFTP from server 192.168.255.126; our IP address is 192.168.255.1
Filename 'zImage'.
Load address: 0x81000000
Loading: *T T T T T T T T T T T T T T T T T T T Labgrid Console Logfile for main
Logfile started at 2025-08-04 08:25:09.233671
=== Log starts here ===
reading args
spl_load_image_fat_os: error reading image args, err - -1
reading u-boot.img
reading u-boot.img


U-Boot 2014.04-00014-g47880f5 (Apr 22 2014 - 13:23:54)

I2C:   ready
DRAM:  512 MiB
NAND:  0 MiB
MMC:   OMAP SD/MMC: 0, OMAP SD/MMC: 1
*** Warning - readenv() failed, using default environment

Net:   <ethaddr> not set. Validating first E-fuse MAC
cpsw, usb_ether
Hit any key to stop autoboot:  1  0 
gpio: pin 53 (gpio 53) value is 1
mmc0 is current device
gpio: pin 54 (gpio 54) value is 1
SD/MMC found on device 0
reading uEnv.txt
569 bytes read in 4 ms (138.7 KiB/s)
gpio: pin 55 (gpio 55) value is 1
Loaded environment from uEnv.txt
Importing environment from mmc ...
Checking if uenvcmd is set ...
gpio: pin 56 (gpio 56) value is 1
Running uenvcmd ...
cpsw Waiting for PHY auto negotiation to complete. done
link up on port 0, speed 100, full duplex
Using cpsw device
TFTP from server 192.168.255.126; our IP address is 192.168.255.1
Filename 'zImage'.
Load address: 0x81000000
Loading: *#################################################################
	 #################################################################
	 #################################################################
	 #################################################################
	 #################################################################
	 ############################################################
	 2.4 MiB/s
done
Bytes transferred = 5646832 (5629f0 hex)
link up on port 0, speed 100, full duplex
Using cpsw device
TFTP from server 192.168.255.126; our IP address is 192.168.255.1
Filename 'am335x-boneblack.dtb'.
Load address: 0x82000000
Loading: *#######
	 2.3 MiB/s
done
Bytes transferred = 98244 (17fc4 hex)
Kernel image @ 0x81000000 [ 0x000000 - 0x5629f0 ]
## Flattened Device Tree blob at 82000000
   Booting using the fdt blob at 0x82000000
   Using Device Tree in place at 82000000, end 8201afc3

Starting kernel ...

[    0.000000] Booting Linux on physical CPU 0x0
[    0.000000] Linux version 6.16.0-next-20250804 (user01@drvtest01) (arm-none-eabi-gcc (Arm GNU Toolchain 14.2.Rel1 (Build arm-14.52)) 14.2.1 20241119, GNU ld (Arm GNU Toolchain 14.2.Rel1 (Build arm-14.52)) 2.43.1.20241119) #1 SMP Mon Aug  4 08:19:58 EEST 2025
[    0.000000] CPU: ARMv7 Processor [413fc082] revision 2 (ARMv7), cr=10c5387d
[    0.000000] CPU: PIPT / VIPT nonaliasing data cache, VIPT aliasing instruction cache
[    0.000000] OF: fdt: Machine model: TI AM335x BeagleBone Black
[    0.000000] Memory policy: Data cache writeback
[    0.000000] cma: Reserved 16 MiB at 0x9e800000
[    0.000000] Zone ranges:
[    0.000000]   Normal   [mem 0x0000000080000000-0x000000009fdfffff]
[    0.000000]   HighMem  empty
[    0.000000] Movable zone start for each node
[    0.000000] Early memory node ranges
[    0.000000]   node   0: [mem 0x0000000080000000-0x000000009fdfffff]
[    0.000000] Initmem setup node 0 [mem 0x0000000080000000-0x000000009fdfffff]
[    0.000000] On node 0, zone Normal: 512 pages in unavailable ranges
[    0.000000] OF: reserved mem: Reserved memory: No reserved-memory node in the DT
[    0.000000] CPU: All CPU(s) started in SVC mode.
[    0.000000] AM335X ES2.1 (sgx neon)
[    0.000000] percpu: Embedded 17 pages/cpu s39820 r8192 d21620 u69632
[    0.000000] Kernel command line: console=ttyO0,115200n8 root=/dev/nfs rw nfsroot=192.168.255.126:/home/user01/nfs,nfsvers=3 ip=192.168.255.1:192.168.255.126::255.255.255.0:bbb1:eth0 nfsrootdebug
[    0.000000] Unknown kernel command line parameters "nfsrootdebug", will be passed to user space.
[    0.000000] printk: log buffer data + meta data: 65536 + 204800 = 270336 bytes
[    0.000000] Dentry cache hash table entries: 65536 (order: 6, 262144 bytes, linear)
[    0.000000] Inode-cache hash table entries: 32768 (order: 5, 131072 bytes, linear)
[    0.000000] Built 1 zonelists, mobility grouping on.  Total pages: 130560
[    0.000000] mem auto-init: stack:off, heap alloc:off, heap free:off
[    0.000000] SLUB: HWalign=16, Order=0-3, MinObjects=0, CPUs=1, Nodes=1
[    0.000000] rcu: Hierarchical RCU implementation.
[    0.000000] rcu: 	RCU event tracing is enabled.
[    0.000000] rcu: 	RCU restricting CPUs from NR_CPUS=2 to nr_cpu_ids=1.
[    0.000000] 	Tracing variant of Tasks RCU enabled.
[    0.000000] rcu: RCU calculated value of scheduler-enlistment delay is 10 jiffies.
[    0.000000] rcu: Adjusting geometry for rcu_fanout_leaf=16, nr_cpu_ids=1
[    0.000000] RCU Tasks Trace: Setting shift to 0 and lim to 1 rcu_task_cb_adjust=1 rcu_task_cpu_ids=1.
[    0.000000] NR_IRQS: 16, nr_irqs: 16, preallocated irqs: 16
[    0.000000] IRQ: Found an INTC at 0x(ptrval) (revision 5.0) with 128 interrupts
[    0.000000] rcu: srcu_init: Setting srcu_struct sizes based on contention.
[    0.000000] TI gptimer clocksource: always-on /ocp/interconnect@44c00000/segment@200000/target-module@31000
[    0.000003] sched_clock: 32 bits at 24MHz, resolution 41ns, wraps every 89478484971ns
[    0.000027] clocksource: dmtimer: mask: 0xffffffff max_cycles: 0xffffffff, max_idle_ns: 79635851949 ns
[    0.000523] TI gptimer clockevent: 24000000 Hz at /ocp/interconnect@48000000/segment@0/target-module@40000
[    0.002136] Console: colour dummy device 80x30
[    0.002203] WARNING: Your 'console=ttyO0' has been replaced by 'ttyS0'
[    0.002212] This ensures that you still see kernel messages. Please
[    0.002216] update your kernel commandline.
[    0.002259] Calibrating delay loop... 996.14 BogoMIPS (lpj=4980736)
[    0.090569] CPU: Testing write buffer coherency: ok
[    0.090682] CPU0: Spectre v2: using BPIALL workaround
[    0.090694] pid_max: default: 32768 minimum: 301
[    0.090847] LSM: initializing lsm=capability
[    0.091014] Mount-cache hash table entries: 1024 (order: 0, 4096 bytes, linear)
[    0.091034] Mountpoint-cache hash table entries: 1024 (order: 0, 4096 bytes, linear)
[    0.092598] CPU0: thread -1, cpu 0, socket -1, mpidr 0
[    0.092656] cacheinfo: Unable to detect cache hierarchy for CPU 0
[    0.094663] Setting up static identity map for 0x80100000 - 0x80100078
[    0.095008] rcu: Hierarchical SRCU implementation.
[    0.095020] rcu: 	Max phase no-delay instances is 1000.
[    0.096759] smp: Bringing up secondary CPUs ...
[    0.096810] smp: Brought up 1 node, 1 CPU
[    0.096823] SMP: Total of 1 processors activated (996.14 BogoMIPS).
[    0.096835] CPU: All CPU(s) started in SVC mode.
[    0.097032] Memory: 480856K/522240K available (11264K kernel code, 1218K rwdata, 2936K rodata, 1024K init, 254K bss, 23352K reserved, 16384K cma-reserved, 0K highmem)
[    0.097853] devtmpfs: initialized
[    0.115265] VFP support v0.3: implementor 41 architecture 3 part 30 variant c rev 3
[    0.115919] clocksource: jiffies: mask: 0xffffffff max_cycles: 0xffffffff, max_idle_ns: 19112604462750000 ns
[    0.115976] posixtimers hash table entries: 512 (order: 0, 4096 bytes, linear)
[    0.116003] futex hash table entries: 256 (16384 bytes on 1 NUMA nodes, total 16 KiB, linear).
[    0.117126] pinctrl core: initialized pinctrl subsystem
[    0.119268] NET: Registered PF_NETLINK/PF_ROUTE protocol family
[    0.122453] DMA: preallocated 256 KiB pool for atomic coherent allocations
[    0.123067] audit: initializing netlink subsys (disabled)
[    0.124403] thermal_sys: Registered thermal governor 'fair_share'
[    0.124415] thermal_sys: Registered thermal governor 'step_wise'
[    0.124426] thermal_sys: Registered thermal governor 'user_space'
[    0.124533] audit: type=2000 audit(0.120:1): state=initialized audit_enabled=0 res=1
[    0.124607] cpuidle: using governor menu
[    0.142509] /ocp/interconnect@44c00000/segment@200000/target-module@b000/i2c@0/tda19988@70: Fixed dependency cycle(s) with /ocp/interconnect@48000000/segment@300000/target-module@e000/lcdc@0
[    0.143653] /ocp/interconnect@48000000/segment@300000/target-module@e000/lcdc@0: Fixed dependency cycle(s) with /ocp/interconnect@44c00000/segment@200000/target-module@b000/i2c@0/tda19988@70
[    0.145871] No ATAGs?
[    0.145912] hw-breakpoint: debug architecture 0x4 unsupported.
[    0.149014] kprobes: kprobe jump-optimization is enabled. All kprobes are optimized if possible.
[    0.154047] iommu: Default domain type: Translated
[    0.154069] iommu: DMA domain TLB invalidation policy: strict mode
[    0.161473] SCSI subsystem initialized
[    0.162355] pps_core: LinuxPPS API ver. 1 registered
[    0.162367] pps_core: Software ver. 5.3.6 - Copyright 2005-2007 Rodolfo Giometti <giometti@linux.it>
[    0.162391] PTP clock support registered
[    0.171286] vgaarb: loaded
[    0.171666] clocksource: Switched to clocksource dmtimer
[    0.172347] VFS: Disk quotas dquot_6.6.0
[    0.172401] VFS: Dquot-cache hash table entries: 1024 (order 0, 4096 bytes)
[    0.196510] NET: Registered PF_INET protocol family
[    0.196845] IP idents hash table entries: 8192 (order: 4, 65536 bytes, linear)
[    0.198257] tcp_listen_portaddr_hash hash table entries: 512 (order: 0, 4096 bytes, linear)
[    0.198294] Table-perturb hash table entries: 65536 (order: 6, 262144 bytes, linear)
[    0.198314] TCP established hash table entries: 4096 (order: 2, 16384 bytes, linear)
[    0.198359] TCP bind hash table entries: 4096 (order: 4, 65536 bytes, linear)
[    0.198459] TCP: Hash tables configured (established 4096 bind 4096)
[    0.198579] UDP hash table entries: 256 (order: 1, 14336 bytes, linear)
[    0.198614] UDP-Lite hash table entries: 256 (order: 1, 14336 bytes, linear)
[    0.198804] NET: Registered PF_UNIX/PF_LOCAL protocol family
[    0.202938] RPC: Registered named UNIX socket transport module.
[    0.202959] RPC: Registered udp transport module.
[    0.202964] RPC: Registered tcp transport module.
[    0.202969] RPC: Registered tcp-with-tls transport module.
[    0.202974] RPC: Registered tcp NFSv4.1 backchannel transport module.
[    0.202999] PCI: CLS 0 bytes, default 64
[    0.204383] Initialise system trusted keyrings
[    0.212426] workingset: timestamp_bits=14 max_order=17 bucket_order=3
[    0.213859] NFS: Registering the id_resolver key type
[    0.213925] Key type id_resolver registered
[    0.213932] Key type id_legacy registered
[    0.214040] jffs2: version 2.2. (NAND) (SUMMARY)  Â© 2001-2006 Red Hat, Inc.
[    0.214499] Key type asymmetric registered
[    0.214516] Asymmetric key parser 'x509' registered
[    0.214586] io scheduler mq-deadline registered
[    0.214596] io scheduler kyber registered
[    0.214673] io scheduler bfq registered
[    0.216555] target-module@4b000000:target-module@140000:pmu@0:fck: device ID is greater than 24
[    0.222757] l3-aon-clkctrl:0000:0: failed to disable
[    0.231958] ledtrig-cpu: registered to indicate activity on CPUs
[    0.235723] Serial: 8250/16550 driver, 6 ports, IRQ sharing enabled
[    0.281927] brd: module loaded
[    0.290399] loop: module loaded
[    0.291336] mtdoops: mtd device (mtddev=name/number) must be supplied
[    0.294640] i2c_dev: i2c /dev entries driver
[    0.295633] cpuidle: enable-method property 'ti,am3352' found operations
[    0.296072] sdhci: Secure Digital Host Controller Interface driver
[    0.296082] sdhci: Copyright(c) Pierre Ossman
[    0.296261] sdhci-pltfm: SDHCI platform and OF driver helper
[    0.302174] hw perfevents: enabled with armv7_cortex_a8 PMU driver, 5 (8000000f) counters available
[    0.302703] Initializing XFRM netlink socket
[    0.302887] NET: Registered PF_INET6 protocol family
[    0.308550] l3-aon-clkctrl:0000:0: failed to disable
[    0.309919] Segment Routing with IPv6
[    0.310001] In-situ OAM (IOAM) with IPv6
[    0.310096] sit: IPv6, IPv4 and MPLS over IPv4 tunneling driver
[    0.311049] NET: Registered PF_PACKET protocol family
[    0.311074] NET: Registered PF_KEY protocol family
[    0.311199] Key type dns_resolver registered
[    0.311424] ThumbEE CPU extension supported.
[    0.311442] Registering SWP/SWPB emulation handler
[    0.312176] omap_voltage_late_init: Voltage driver support not added
[    0.312897] SmartReflex Class3 initialized
[    0.345041] Loading compiled-in X.509 certificates
[    0.388057] /ocp/interconnect@44c00000/segment@200000/target-module@b000/i2c@0/tda19988@70: Fixed dependency  cycle(s) with /ocp/interconnect@48000000/segment@300000/target-module@e000/lcdc@0
[    0.394719] /ocp/interconnect@44c00000/segment@200000/target-module@b000/i2c@0/tda19988@70: Fixed dependency cycle(s) with /ocp/interconnect@48000000/segment@300000/target-module@e000/lcdc@0
[    0.420096] /ocp/interconnect@44c00000/segment@200000/target-module@b000/i2c@0/tda19988@70: Fixed dependency cycle(s) with /ocp/interconnect@48000000/segment@300000/target-module@e000/lcdc@0
[    0.420974] /ocp/interconnect@44c 00000/segment@200000/target-module@b000/i2c@0/tda19988@70: Fixed dependency cycle(s) with /ocp/interconnect@48000000/segment@300000/target-module@e000/lcdc@0
[    0.424843] /ocp/interconnect@44c00000/segment@200000/target-module@10000/scm@0/pinmux@800: Fixed dependency cycle(s) with /ocp/interconnect@44c00000/segment@200000/target-module@10000/scm@0/pinmux@800/clkout2-pins
[    0.425440] pinctrl-single 44e10800.pinmux: 142 pins, size 568
[    0.430767] ti-sysc 44e31000.target-module: probe with driver ti-sysc failed with error -16
[    0.455182] /ocp/interconnect@48000000/segment@300000/target-module@e000/lcdc@0: Fixed dependency cycle(s) with /ocp/interconnect@44c00000/segment@200000/target-module@b000/i2c@0/tda19988@70
[    0.463507] ti-sysc 48040000.target-module: probe with driver ti-sysc failed with error -16
[    0.534824] OMAP GPIO hardware version 0.1
[    0.558253] omap_i2c 4819c000.i2c: bus 2 rev0.11 at 100 kHz
[    0.605115] 48000000.interconnect:segment@200000:target-module@0:mpu@0:fck: device ID is greater than 24
[    0.606029] /ocp/interconnect@48000000/segment@300000/target-module@e000/lcdc@0: Fixed dependency cycle(s) with /ocp/interconnect@44c00000/segment@200000/target-module@b000/i2c@0/tda19988@70
[    0.608887] /ocp/interconnect@48000000/segment@300000/target-module@e000/lcdc@0: Fixed dependency cycle(s) with /ocp/interconnect@44c00000/segment@200000/target-module@b000/i2c@0/tda19988@70
[    0.609588] /ocp/interconnect@44c00000/segment@200000/target-module@b000/i2c@0/tda19988@70: F
[    2.442648] tps65217-pmic: Failed to locate of_node [id: -1]
[    2.448711] tps65217-bl: Failed to locate of_node [id: -1]
[    2.454780] platform tps65217-charger: DMA mask not set
[    2.460825] platform tps65217-pwrbutton: DMA mask not set
[    2.468115] tps65217 0-0024: TPS65217 ID 0xe version 1.2
[    2.474260] /ocp/interconnect@48000000/segment@300000/target-module@e000/lcdc@0: Fixed dependency cycle(s) with /ocp/interconnect@44c00000/segment@200000/target-module@b000/i2c@0/tda19988@70
[    2.491679] /ocp/interconnect@44c00000/segment@200000/target-module@b000/i2c@0/tda19988@70: Fixed dependency cycle(s) with /ocp/interconnect@48000000/segment@300000/target-module@e000/lcdc@0
[    2.509029] omap_i2c 44e0b000.i2c: bus 0 rev0.11 at 400 kHz
[    2.516919] omap_gpio 44e07000.gpio: Could not set line 6 debounce to 200000 microseconds (-22)
[    2.525844] sdhci-omap 48060000.mmc: Got CD GPIO
[    2.530859] sdhci-omap 48060000.mmc: supply pbias not found, using dummy regulator
[    2.540854] sdhci-omap 48060000.mmc: supply vqmmc not found, using dummy regulator
[    2.550187] sdhci-omap 481d8000.mmc: supply pbias not found, using dummy regulator
[    2.559943] sdhci-omap 481d8000.mmc: supply vqmmc not found, using dummy regulator
[    2.595403] mmc0: SDHCI controller on 48060000.mmc [48060000.mmc] using External DMA
[    2.603728] mmc1: SDHCI controller on 481d8000.mmc [481d8000.mmc] using External DMA
[    2.612511] cpsw-switch 4a100000.switch: starting ndev. mode: dual_mac
[    2.625743] Generic PHY 4a101000.mdio:00: attached PHY driver (mii_bus:phy_addr=4a101000.mdio:00, irq=POLL)
[    2.643914] cpsw-switch 4a100000.switch eth0: Link is Up - 100Mbps/Full - flow control off
[    2.680741] mmc0: new high speed SDHC card at address 5048
[    2.687454] IP-Config: Complete:
[    2.690773]      device=eth0, hwaddr=6c:ec:eb:68:de:78, ipaddr=192.168.255.1, mask=255.255.255.0, gw=255.255.255.255
[    2.701478]      host=bbb1, domain=, nis-domain=(none)
[    2.706679]      bootserver=192.168.255.126, rootserver=192.168.255.126, rootpath=
[    2.707701] mmcblk0: mmc0:5048 SD16G 14.4 GiB
[    2.722969] clk: Disabling unused clocks
[    2.727280] KTAP version 1
[    2.730015] 1..0
[    2.732449]  mmcblk0: p1 p2
[    2.735859] mmcblk0: p2 size 31221760 extends beyond EOD, truncated
[    2.743297] check access for rdinit=/init failed: -2, ignoring
[    2.767425] mmc1: new high speed MMC card at address 0001
[    2.775466] mmcblk1: mmc1:0001 MMC04G 3.60 GiB
[    2.785751]  mmcblk1: p1 p2
[    2.789386] VFS: Mounted root (nfs filesystem) on device 0:17.
[    2.796808] mmcblk1boot0: mmc1:0001 MMC04G 2.00 MiB
[    2.804135] devtmpfs: mounted
[    2.808632] Freeing unused kernel image (initmem) memory: 1024K
[    2.816524] Run /sbin/init as init process
[    2.822677] mmcblk1boot1: mmc1:0001 MMC04G 2.00 MiB
[    2.831912] mmcblk1rpmb: mmc1:0001 MMC04G 128 KiB, chardev (249:0)
[    3.506473] systemd[1]: System time before build time, advancing clock.
[    5.091687] random: crng init done
[    5.107957] systemd[1]: systemd 232 running in system mode. (+PAM +AUDIT +SELINUX +IMA +APPARMOR +SMACK +SYSVINIT +UTMP +LIBCRYPTSETUP +GCRYPT +GNUTLS +ACL +XZ +LZ4 +SECCOMP +BLKID +ELFUTILS +KMOD +IDN)
[    5.127169] systemd[1]: Detected architecture arm.

Welcome to [1mDebian GNU/Linux 9 (stretch)[0m!

[    5.154798] systemd[1]: Set hostname to <arm>.
[    6.251563] systemd[1]: Created slice System Slice.
[[0;32m  OK  [0m] Created slice System Slice.
[    6.273031] systemd[1]: Created slice User and Session Slice.
[[0;32m  OK  [0m] Created slice User and Session Slice.
[    6.303068] systemd[1]: Created slice system-serial\x2dgetty.slice.
[[0;32m  OK  [0m] Created slice system-serial\x2dgetty.slice.
[    6.332074] systemd[1]: Reached target Slices.
[[0;32m  OK  [0m] Reached target Slices.
[    6.355660] systemd[1]: Listening on /dev/initctl Compatibility Named Pipe.
[[0;32m  OK  [0m] Listening on /dev/initctl Compatibility Named Pipe.
[    6.383593] systemd[1]: Listening on udev Control Socket.
[[0;32m  OK  [0m] Listening on udev Control Socket.
[    6.412091] systemd[1]: Reached target Remote File Systems.
[[0;32m  OK  [0m] Reached target Remote File Systems.
[[0;32m  OK  [0m] Listening on Journal Audit Socket.
[[0;32m  OK  [0m] Started Dispatch Password Requests to Console Directory Watch.
[[0;32m  OK  [0m] Listening on Journal Socket (/dev/log).
         Mounting Debug File System...
[[0;32m  OK  [0m] Reached target Swap.
         Mounting POSIX Message Queue File System...
[[0;32m  OK  [0m] Listening on udev Kernel Socket.
[[0;32m  OK  [0m] Listening on Syslog Socket.
[[0;32m  OK  [0m] Set up automount Arbitrary Executabâ€¦rmats File System Automount Point.
[[0;32m  OK  [0m] Started Forward Password Requests to Wall Directory Watch.
[[0;32m  OK  [0m] Reached target Paths.
[[0;32m  OK  [0m] Reached target Encrypted Volumes.
[[0;32m  OK  [0m] Listening on Journal Socket.
         Starting Load Kernel Modules...
         Starting Remount Root and Kernel File Systems...
         Starting Journal Service...
         Starting Create list of required stâ€¦ce nodes for the current kernel...
[[0;32m  OK  [0m] Created slice system-getty.slice.
[[0;32m  OK  [0m] Mounted POSIX Message Queue File System.
[[0;32m  OK  [0m] Mounted Debug File System.
[[0;32m  OK  [0m] Started Remount Root and Kernel File Systems.
[[0;32m  OK  [0m] Started Create list of required staâ€¦vice nodes for the current kernel.
[[0;32m  OK  [0m] Started Load Kernel Modules.
         Starting Apply Kernel Variables...
         Mounting Configuration File System...
         Starting Create Static Device Nodes in /dev...
         Starting Load/Save Random Seed...
         Starting udev Coldplug all Devices...
[[0;32m  OK  [0m] Mounted Configuration File System.
[[0;32m  OK  [0m] Started Apply Kernel Variables.
[[0;32m  OK  [0m] Started Load/Save Random Seed.
[[0;32m  OK  [0m] Started Create Static Device Nodes in /dev.
         Starting udev Kernel Device Manager...
[[0;32m  OK  [0m] Reached target Local File Systems (Pre).
[[0;32m  OK  [0m] Reached target Local File Systems.
         Starting Raise network interfaces...
[[0;32m  OK  [0m] Started Journal Service.
         Starting Flush Journal to Persistent Storage...
[    8.567155] systemd-journald[87]: Received request to flush runtime journal from PID 1
[[0;32m  OK  [0m] Started Flush Journal to Persistent Storage.
         Starting Create Volatile Files and Directories...
[[0;32m  OK  [0m] Started udev Kernel Device Manager.
[[0;32m  OK  [0m] Started Create Volatile Files and Directories.
         Starting Network Time Synchronization...
         Starting Update UTMP about System Boot/Shutdown...
[[0;32m  OK  [0m] Started Update UTMP about System Boot/Shutdown.
[[0;32m  OK  [0m] Started Network Time Synchronization.
[[0;32m  OK  [0m] Reached target System Time Synchronized.
[[0;32m  OK  [0m] Started udev Coldplug all Devices.
[[0;32m  OK  [0m] Reached target System Initialization.
[[0;32m  OK  [0m] Started Daily Cleanup of Temporary Directories.
[[0;32m  OK  [0m] Started Daily apt download activities.
[[0;32m  OK  [0m] Started Daily apt upgrade and clean activities.
[[0;32m  OK  [0m] Reached target Timers.
[[0;32m  OK  [0m] Listening on D-Bus System Message Bus Socket.
[[0;32m  OK  [0m] Listening on Avahi mDNS/DNS-SD Stack Activation Socket.
[[0;32m  OK  [0m] Reached target Sockets.
[[0;32m  OK  [0m] Reached target Basic System.
         Starting LSB: Start busybox udhcpd at boot time...
         Starting Generic Board Startup...
[   11.982305] remoteproc remoteproc0: wkup_m3 is available
         Starting Login Service...
         Starting DUN service...
[   12.292096] at24 2-0054: supply vcc not found, using dummy regulator
[[0;32m  OK  [0m] Started D-Bus System Message Bus.
[   12.379016] at24 2-0055: supply vcc not found, using dummy regulator
[   12.501507] at24 2-0056: supply vcc not found, using dummy regulator
[   12.616367] at24 2-0057: supply vcc not found, using dummy regulator
[   12.772566] at24 0-0050: 32768 byte 24c256 EEPROM, writable, 1 bytes/write
[   12.908266] input: tps65217_pwrbutton as /devices/platform/ocp/44c00000.interconnect/44c00000.interconnect:segment@200000/44e0b000.target-module/44e0b000.i2c/i2c-0/0-0024/tps65217-pwrbutton/input/input0
[   13.194673] omap_wdt: OMAP Watchdog Timer Rev 0x01: initial timeout 60 sec
[   13.209872] omap_rtc 44e3e000.rtc: registered as rtc0
[   13.215930] omap_rtc 44e3e000.rtc: setting system clock to 2000-01-01T00:00:00 UTC (946684800)
[   13.607263] am335x-phy-driver 47401300.usb-phy: dummy supplies not allowed for exclusive requests (id=vbus)
[   13.784679] am335x-phy-driver 47401b00.usb-phy: dummy supplies not allowed for exclusive requests (id=vbus)
[   14.024562] usbcore: registered new interface driver usbfs
[   14.031146] usbcore: registered new interface driver hub
[   14.036786] usbcore: registered new device driver usb
[   14.696960] musb-hdrc musb-hdrc.1: MUSB HDRC host driver
[   14.702530] musb-hdrc musb-hdrc.1: new USB bus registered, assigned bus number 1
[   14.865804] tda998x 0-0070: found TDA19988
[   14.918186] usb usb1: New USB device found, idVendor=1d6b, idProduct=0002, bcdDevice= 6.16
[   14.926665] usb usb1: New USB device strings: Mfr=3, Product=2, SerialNumber=1
[   14.934295] usb usb1: Product: MUSB HDRC host driver
[   14.939294] usb usb1: Manufacturer: Linux 6.16.0-next-20250804 musb-hcd
[   14.946020] usb usb1: SerialNumber: musb-hdrc.1
[   15.074672] omap-mailbox 480c8000.mailbox: omap mailbox rev 0x400
[   15.175084] remoteproc remoteproc0: powering up wkup_m3
[   15.277265] hub 1-0:1.0: USB hub found
[   15.321581] hub 1-0:1.0: 1 port detected
[   15.339820] remoteproc remoteproc0: Direct firmware load for am335x-pm-firmware.elf failed with error -2
[   15.349659] remoteproc remoteproc0: request_firmware failed: -2
[   15.355692] wkup_m3_ipc 44e11324.wkup_m3_ipc: rproc_boot failed
[[0;32m  OK  [0m] Started DUN service.
         Starting Connection service...
[[0;32m  OK  [0m] Started Regular background program processing daemon.
         Starting System Logging Service...
[   17.732051] omap_rng 48310000.rng: Random Number Generator ver. 20
         Starting Telephony service...
         Starting LSB: Load kernel modules needed to enable cpufreq scaling...
         Starting Cape Manager Service...
[   18.148220] tilcdc 4830e000.lcdc: bound 0-0070 (ops tda998x_audio_codec_init [tda998x])
         Starting Avahi mDNS/DNS-SD Stack...
[   18.286986] [drm] Initialized tilcdc 1.0.0 for 4830e000.lcdc on minor 0
[   18.426501] tilcdc 4830e000.lcdc: [drm] Cannot find any crtc or sizes
[   18.454739] tilcdc 4830e000.lcdc: [drm] Cannot find any crtc or sizes
[[0;32m  OK  [0m] Found device /dev/ttyS0.
[   19.296740] PM: Cannot get wkup_m3_ipc handle
[   19.378223] omap-sham 53100000.sham: hw accel on OMAP rev 4.3
[   19.482573] omap-sham 53100000.sham: will run requests pump with realtime priority
[   19.491413] PM: Cannot get wkup_m3_ipc handle
[   19.878592] omap-aes 53500000.aes: OMAP AES hw accel rev: 3.2
[   20.038273] omap-aes 53500000.aes: will run requests pump with realtime priority
[   20.049263] PM: Cannot get wkup_m3_ipc handle
[[0;32m  OK  [0m] Started System Logging Service.
[[0;32m  OK  [0m] Started Cape Manager Service.
[   21.501562] Bluetooth: Core ver 2.22
[   21.505639] NET: Registered PF_BLUETOOTH protocol family
[   21.510991] Bluetooth: HCI device and connection manager initialized
[   21.517513] Bluetooth: HCI socket layer initialized
[   21.522478] Bluetooth: L2CAP socket layer initialized
[   21.527586] Bluetooth: SCO socket layer initialized
[   21.710092] ------------[ cut here ]------------
[   21.714925] WARNING: net/8021q/vlan_core.c:236 at vlan_for_each+0x114/0x134, CPU#0: avahi-daemon/308
[   21.724234] RTNL: assertion failed at net/8021q/vlan_core.c (236)
[   21.730364] Modules linked in: bluetooth ecdh_generic ecc snd_soc_simple_card snd_soc_simple_card_utils omap_aes_driver omap_crypto libaes omap_sham pm33xx ti_emif_sram crypto_engine tilcdc drm_dma_helper omap_rng rng_core drm_client_lib snd_soc_davinci_mcasp snd_soc_ti_udma snd_soc_ti_edma snd_soc_ti_sdma snd_soc_core snd_pcm_dmaengine snd_pcm omap_mailbox snd_timer snd soundcore tda998x musb_dsps cec musb_hdrc udc_core drm_kms_helper usbcore drm phy_am335x phy_generic usb_common omap_wdt rtc_omap watchdog wkup_m3_ipc tps65218_pwrbutton drm_panel_orientation_quirks at24 phy_am335x_control wkup_m3_rproc cppi41 leds_gpio led_class cpufreq_dt autofs4
[   21.788459] CPU: 0 UID: 107 PID: 308 Comm: avahi-daemon Not tainted 6.16.0-next-20250804 #1 NONE 
[   21.788479] Hardware name: Generic AM33XX (Flattened Device Tree)
[   21.788488] Call trace: 
[   21.788504]  unwind_backtrace from show_stack+0x10/0x14
[   21.788543]  show_stack from dump_stack_lvl+0x50/0x64
[   21.788569]  dump_stack_lvl from __warn+0x88/0x148
[   21.788587]  __warn from warn_slowpath_fmt+0x19c/0x1b0
[   21.788600]  warn_slowpath_fmt from vlan_for_each+0x114/0x134
[   21.788622]  vlan_for_each from cpsw_add_mc_addr+0x40/0xa4
[   21.788651]  cpsw_add_mc_addr from __hw_addr_ref_sync_dev+0x108/0x140
[   21.788686]  __hw_addr_ref_sync_dev from __dev_mc_add+0x7c/0x80
[   21.788710]  __dev_mc_add from igmp6_group_added+0xc8/0xe0
[   21.788740]  igmp6_group_added from __ipv6_dev_mc_inc+0x218/0x364
[   21.788759]  __ipv6_dev_mc_inc from __ipv6_sock_mc_join+0x11c/0x214
[   21.788778]  __ipv6_sock_mc_join from do_ipv6_setsockopt+0x1214/0x1310
[   21.788813]  do_ipv6_setsockopt from ipv6_setsockopt+0x60/0xcc
[   21.788836]  ipv6_setsockopt from udpv6_setsockopt+0x2c/0x6c
[   21.788856]  udpv6_setsockopt from sock_common_setsockopt+0x30/0x40
[   21.788887]  sock_common_setsockopt from do_sock_setsockopt+0x50/0x9c
[   21.788909]  do_sock_setsockopt from __sys_setsockopt+0x70/0xbc
[   21.788929]  __sys_setsockopt from ret_fast_syscall+0x0/0x58
[   21.788947] Exception stack(0xe0181fa8 to 0xe0181ff0)
[   21.788961] 1fa0:                   00000014 b6f4bce8 0000000d 00000029 00000014 bebd19ec
[   21.788973] 1fc0: 00000014 b6f4bce8 00000014 00000126 0000000d b6ef4ff4 0043e988 00426558
[   21.788981] 1fe0: b6f0a088 bebd19d8 b6ee7309 b6dbe41a
[   21.788989] ---[ end trace 0000000000000000 ]---
[   23.304914] PM: Cannot get wkup_m3_ipc handle
[   23.390429] gpio-537 (nxp,calib): gpiod_direction_output_nonotify: tried to set a GPIO tied to an IRQ as output
[   23.471299] PM: Cannot get wkup_m3_ipc handle
[   23.648793] tda9950 0-0034: TDA9950 CEC interface, hardware version 3.3
[   23.740160] PM: Cannot get wkup_m3_ipc handle
[[0;32m  OK  [0m] Started LSB: Start busybox udhcpd at boot time.
[[0;32m  OK  [0m] Started Raise network interfaces.
[   25.940077] configfs-gadget.g_multi gadget.0: HOST MAC 1c:ba:8c:a2:ed:6c
[   25.947096] configfs-gadget.g_multi gadget.0: MAC 1c:ba:8c:a2:ed:70
[   25.954502] configfs-gadget.g_multi gadget.0: HOST MAC 1c:ba:8c:a2:ed:6c
[   25.961262] configfs-gadget.g_multi gadget.0: MAC 1c:ba:8c:a2:ed:6d
[   25.969344] PM: Cannot get wkup_m3_ipc handle
[[0;32m  OK  [0m] Started LSB: Load kernel modules needed to enable cpufreq scaling.
[[0;32m  OK  [0m] Started Telephony service.
[[0;32m  OK  [0m] Started Connection service.
[[0;32m  OK  [0m] Started Avahi mDNS/DNS-SD Stack.
[[0;32m  OK  [0m] Started Login Service.
         Starting Hostname Service...
         Starting WPA supplicant...
[[0;32m  OK  [0m] Reached target Sound Card.
         Starting LSB: set CPUFreq kernel parameters...
[[0;32m  OK  [0m] Started WPA supplicant.
[[0;32m  OK  [0m] Started Hostname Service.
[[0;32m  OK  [0m] Reached target Network.
[[0;32m  OK  [0m] Reached target Network is Online.
         Starting LSB: Advanced IEEE 802.11 management daemon...
         Starting OpenBSD Secure Shell server...
         Starting The Apache HTTP Server...
         Starting Permit User Sessions...
[[0;32m  OK  [0m] Started LSB: set CPUFreq kernel parameters.
[[0;32m  OK  [0m] Started LSB: Advanced IEEE 802.11 management daemon.
         Stopping LSB: Start busybox udhcpd at boot time...
[[0;32m  OK  [0m] Started Permit User Sessions.
[[0;32m  OK  [0m] Started Serial Getty on ttyS0.
[[0;32m  OK  [0m] Started Getty on tty1.
[[0;32m  OK  [0m] Reached target Login Prompts.
[[0;32m  OK  [0m] Stopped LSB: Start busybox udhcpd at boot time.
[[0;32m  OK  [0m] Started OpenBSD Secure Shell server.
         Starting dnsmasq - A lightweight DHCP and caching DNS server...
[[0;32m  OK  [0m] Started The Apache HTTP Server.
[[0;32m  OK  [0m] Started dnsmasq - A lightweight DHCP and caching DNS server.
[[0;32m  OK  [0m] Reached target Host and Network Name Lookups.
[[0;32m  OK  [0m] Started Serial Getty on ttyGS0.
[[0;32m  OK  [0m] Started Generic Board Startup.
[[0;32m  OK  [0m] Reached target Multi-User System.
[[0;32m  OK  [0m] Reached target Graphical Interface.
         Starting Update UTMP about System Runlevel Changes...
[[0;32m  OK  [0m] Started Update UTMP about System Runlevel Changes.

Debian GNU/Linux 9 arm ttyS0

default username:password is [debian:temppwd]

arm login: [   36.323032] PM: Cannot get wkup_m3_ipc handle
[   36.327842] platform pm33xx: deferred probe pending: (reason unknown)
root
Password: 
Last login: Sat Jan  1 00:00:37 UTC 2000 on ttyS0
root
Linux arm 6.16.0-next-20250804 #1 SMP Mon Aug  4 08:19:58 EEST 2025 armv7l

The programs included with the Debian GNU/Linux system are free software;
the exact distribution terms for each program are described in the
individual files in /usr/share/doc/*/copyright.

Debian GNU/Linux comes with ABSOLUTELY NO WARRANTY, to the extent
permitted by applicable law.
root@arm:~# root
-bash: root: command not found
root@arm:~# dmesg -n 1
root@arm:~# echo 'MXHO''VSJLMH'
MXHOVSJLMH
root@arm:~# run() { echo -n "$MARKER"; sh -c "$@"; echo "$MARKER $?"; }
root@arm:~# echo 'PMBF''XXKPFM'
PMBFXXKPFM
root@arm:~# MARKER='MGWT''TNEKNG' run 'cat /proc/version'
MGWTTNEKNGLinux version 6.16.0-next-20250804 (user01@drvtest01) (arm-none-eabi-gcc (Arm GNU Toolchain 14.2.Rel1 (Build arm-14.52)) 14.2.1 20241119, GNU ld (Arm GNU Toolchain 14.2.Rel1 (Build arm-14.52)) 2.43.1.20241119) #1 SMP Mon Aug  4 08:19:58 EEST 2025
MGWTTNEKNG 0
root@arm:~# echo 'VVQY''JKCZSJ'
VVQYJKCZSJ
root@arm:~# MARKER='FFJV''NQSTUB' run false
FFJVNQSTUBFFJVNQSTUB 1
root@arm:~# Labgrid Console Logfile for main
Logfile started at 2025-08-04 08:26:06.575468
=== Log starts here ===

root@arm:~# run() { echo -n "$MARKER"; sh -c "$@"; echo "$MARKER $?"; }
root@arm:~# echo 'VFKJ''PVTWHC'
VFKJPVTWHC
root@arm:~# MARKER='OMME''UBEXBK' run 'ls /iio_generic_buffer; echo $?'
OMMEUBEXBK/iio_generic_buffer
0
OMMEUBEXBK 0
root@arm:~# Labgrid Console Logfile for main
Logfile started at 2025-08-04 08:26:09.960293
=== Log starts here ===

root@arm:~# run() { echo -n "$MARKER"; sh -c "$@"; echo "$MARKER $?"; }
root@arm:~# echo 'HEPT''TWGWLO'
HEPTTWGWLO
root@arm:~# MARKER='UELP''BOMKSP' run dmesg
UELPBOMKSP[    0.000000] Booting Linux on physical CPU 0x0
[    0.000000] Linux version 6.16.0-next-20250804 (user01@drvtest01) (arm-none-eabi-gcc (Arm GNU Toolchain 14.2.Rel1 (Build arm-14.52)) 14.2.1 20241119, GNU ld (Arm GNU Toolchain 14.2.Rel1 (Build arm-14.52)) 2.43.1.20241119) #1 SMP Mon Aug  4 08:19:58 EEST 2025
[    0.000000] CPU: ARMv7 Processor [413fc082] revision 2 (ARMv7), cr=10c5387d
[    0.000000] CPU: PIPT / VIPT nonaliasing data cache, VIPT aliasing instruction cache
[    0.000000] OF: fdt: Machine model: TI AM335x BeagleBone Black
[    0.000000] Memory policy: Data cache writeback
[    0.000000] cma: Reserved 16 MiB at 0x9e800000
[    0.000000] Zone ranges:
[    0.000000]   Normal   [mem 0x0000000080000000-0x000000009fdfffff]
[    0.000000]   HighMem  empty
[    0.000000] Movable zone start for each node
[    0.000000] Early memory node ranges
[    0.000000]   node   0: [mem 0x0000000080000000-0x000000009fdfffff]
[    0.000000] Initmem setup node 0 [mem 0x0000000080000000-0x000000009fdfffff]
[    0.000000] On node 0, zone Normal: 512 pages in unavailable ranges
[    0.000000] OF: reserved mem: Reserved memory: No reserved-memory node in the DT
[    0.000000] CPU: All CPU(s) started in SVC mode.
[    0.000000] AM335X ES2.1 (sgx neon)
[    0.000000] percpu: Embedded 17 pages/cpu s39820 r8192 d21620 u69632
[    0.000000] pcpu-alloc: s39820 r8192 d21620 u69632 alloc=17*4096
[    0.000000] pcpu-alloc: [0] 0 
[    0.000000] Kernel command line: console=ttyO0,115200n8 root=/dev/nfs rw nfsroot=192.168.255.126:/home/user01/nfs,nfsvers=3 ip=192.168.255.1:192.168.255.126::255.255.255.0:bbb1:eth0 nfsrootdebug
[    0.000000] Unknown kernel command line parameters "nfsrootdebug", will be passed to user space.
[    0.000000] printk: log buffer data + meta data: 65536 + 204800 = 270336 bytes
[    0.000000] Dentry cache hash table entries: 65536 (order: 6, 262144 bytes, linear)
[    0.000000] Inode-cache hash table entries: 32768 (order: 5, 131072 bytes, linear)
[    0.000000] Built 1 zonelists, mobility grouping on.  Total pages: 130560
[    0.000000] mem auto-init: stack:off, heap alloc:off, heap free:off
[    0.000000] SLUB: HWalign=16, Order=0-3, MinObjects=0, CPUs=1, Nodes=1
[    0.000000] rcu: Hierarchical RCU implementation.
[    0.000000] rcu: 	RCU event tracing is enabled.
[    0.000000] rcu: 	RCU restricting CPUs from NR_CPUS=2 to nr_cpu_ids=1.
[    0.000000] 	Tracing variant of Tasks RCU enabled.
[    0.000000] rcu: RCU calculated value of scheduler-enlistment delay is 10 jiffies.
[    0.000000] rcu: Adjusting geometry for rcu_fanout_leaf=16, nr_cpu_ids=1
[    0.000000] RCU Tasks Trace: Setting shift to 0 and lim to 1 rcu_task_cb_adjust=1 rcu_task_cpu_ids=1.
[    0.000000] NR_IRQS: 16, nr_irqs: 16, preallocated irqs: 16
[    0.000000] IRQ: Found an INTC at 0x(ptrval) (revision 5.0) with 128 interrupts
[    0.000000] rcu: srcu_init: Setting srcu_struct sizes based on contention.
[    0.000000] TI gptimer clocksource: always-on /ocp/interconnect@44c00000/segment@200000/target-module@31000
[    0.000003] sched_clock: 32 bits at 24MHz, resolution 41ns, wraps every 89478484971ns
[    0.000027] clocksource: dmtimer: mask: 0xffffffff max_cycles: 0xffffffff, max_idle_ns: 79635851949 ns
[    0.000523] TI gptimer clockevent: 24000000 Hz at /ocp/interconnect@48000000/segment@0/target-module@40000
[    0.002136] Console: colour dummy device 80x30
[    0.002203] WARNING: Your 'console=ttyO0' has been replaced by 'ttyS0'
[    0.002212] This ensures that you still see kernel messages. Please
[    0.002216] update your kernel commandline.
[    0.002259] Calibrating delay loop... 996.14 BogoMIPS (lpj=4980736)
[    0.090569] CPU: Testing write buffer coherency: ok
[    0.090682] CPU0: Spectre v2: using BPIALL workaround
[    0.090694] pid_max: default: 32768 minimum: 301
[    0.090847] LSM: initializing lsm=capability
[    0.091014] Mount-cache hash table entries: 1024 (order: 0, 4096 bytes, linear)
[    0.091034] Mountpoint-cache hash table entries: 1024 (order: 0, 4096 bytes, linear)
[    0.092598] CPU0: thread -1, cpu 0, socket -1, mpidr 0
[    0.092656] cacheinfo: Unable to detect cache hierarchy for CPU 0
[    0.094663] Setting up static identity map for 0x80100000 - 0x80100078
[    0.095008] rcu: Hierarchical SRCU implementation.
[    0.095020] rcu: 	Max phase no-delay instances is 1000.
[    0.096759] smp: Bringing up secondary CPUs ...
[    0.096810] smp: Brought up 1 node, 1 CPU
[    0.096823] SMP: Total of 1 processors activated (996.14 BogoMIPS).
[    0.096835] CPU: All CPU(s) started in SVC mode.
[    0.097032] Memory: 480856K/522240K available (11264K kernel code, 1218K rwdata, 2936K rodata, 1024K init, 254K bss, 23352K reserved, 16384K cma-reserved, 0K highmem)
[    0.097853] devtmpfs: initialized
[    0.115265] VFP support v0.3: implementor 41 architecture 3 part 30 variant c rev 3
[    0.115919] clocksource: jiffies: mask: 0xffffffff max_cycles: 0xffffffff, max_idle_ns: 19112604462750000 ns
[    0.115976] posixtimers hash table entries: 512 (order: 0, 4096 bytes, linear)
[    0.116003] futex hash table entries: 256 (16384 bytes on 1 NUMA nodes, total 16 KiB, linear).
[    0.117126] pinctrl core: initialized pinctrl subsystem
[    0.119268] NET: Registered PF_NETLINK/PF_ROUTE protocol family
[    0.122453] DMA: preallocated 256 KiB pool for atomic coherent allocations
[    0.123067] audit: initializing netlink subsys (disabled)
[    0.124403] thermal_sys: Registered thermal governor 'fair_share'
[    0.124415] thermal_sys: Registered thermal governor 'step_wise'
[    0.124426] thermal_sys: Registered thermal governor 'user_space'
[    0.124533] audit: type=2000 audit(0.120:1): state=initialized audit_enabled=0 res=1
[    0.124607] cpuidle: using governor menu
[    0.142509] /ocp/interconnect@44c00000/segment@200000/target-module@b000/i2c@0/tda19988@70: Fixed dependency cycle(s) with /ocp/interconnect@48000000/segment@300000/target-module@e000/lcdc@0
[    0.143653] /ocp/interconnect@48000000/segment@300000/target-module@e000/lcdc@0: Fixed dependency cycle(s) with /ocp/interconnect@44c00000/segment@200000/target-module@b000/i2c@0/tda19988@70
[    0.145871] No ATAGs?
[    0.145912] hw-breakpoint: debug architecture 0x4 unsupported.
[    0.149014] kprobes: kprobe jump-optimization is enabled. All kprobes are optimized if possible.
[    0.154047] iommu: Default domain type: Translated
[    0.154069] iommu: DMA domain TLB invalidation policy: strict mode
[    0.155638] reg-fixed-voltage fixedregulator0: using DT '/fixedregulator0' for '(default)' GPIO lookup
[    0.155693] of_get_named_gpiod_flags: can't parse 'gpios' property of node '/fixedregulator0[0]'
[    0.155723] of_get_named_gpiod_flags: can't parse 'gpio' property of node '/fixedregulator0[0]'
[    0.155741] reg-fixed-voltage fixedregulator0: using lookup tables for GPIO lookup
[    0.155751] reg-fixed-voltage fixedregulator0: No GPIO consumer (default) found
[    0.161473] SCSI subsystem initialized
[    0.161964] libata version 3.00 loaded.
[    0.162355] pps_core: LinuxPPS API ver. 1 registered
[    0.162367] pps_core: Software ver. 5.3.6 - Copyright 2005-2007 Rodolfo Giometti <giometti@linux.it>
[    0.162391] PTP clock support registered
[    0.171286] vgaarb: loaded
[    0.171666] clocksource: Switched to clocksource dmtimer
[    0.172347] VFS: Disk quotas dquot_6.6.0
[    0.172401] VFS: Dquot-cache hash table entries: 1024 (order 0, 4096 bytes)
[    0.196510] NET: Registered PF_INET protocol family
[    0.196845] IP idents hash table entries: 8192 (order: 4, 65536 bytes, linear)
[    0.198257] tcp_listen_portaddr_hash hash table entries: 512 (order: 0, 4096 bytes, linear)
[    0.198294] Table-perturb hash table entries: 65536 (order: 6, 262144 bytes, linear)
[    0.198314] TCP established hash table entries: 4096 (order: 2, 16384 bytes, linear)
[    0.198359] TCP bind hash table entries: 4096 (order: 4, 65536 bytes, linear)
[    0.198459] TCP: Hash tables configured (established 4096 bind 4096)
[    0.198579] UDP hash table entries: 256 (order: 1, 14336 bytes, linear)
[    0.198614] UDP-Lite hash table entries: 256 (order: 1, 14336 bytes, linear)
[    0.198804] NET: Registered PF_UNIX/PF_LOCAL protocol family
[    0.202938] RPC: Registered named UNIX socket transport module.
[    0.202959] RPC: Registered udp transport module.
[    0.202964] RPC: Registered tcp transport module.
[    0.202969] RPC: Registered tcp-with-tls transport module.
[    0.202974] RPC: Registered tcp NFSv4.1 backchannel transport module.
[    0.202999] PCI: CLS 0 bytes, default 64
[    0.204383] Initialise system trusted keyrings
[    0.212426] workingset: timestamp_bits=14 max_order=17 bucket_order=3
[    0.213859] NFS: Registering the id_resolver key type
[    0.213925] Key type id_resolver registered
[    0.213932] Key type id_legacy registered
[    0.214040] jffs2: version 2.2. (NAND) (SUMMARY)  Â© 2001-2006 Red Hat, Inc.
[    0.214499] Key type asymmetric registered
[    0.214516] Asymmetric key parser 'x509' registered
[    0.214586] io scheduler mq-deadline registered
[    0.214596] io scheduler kyber registered
[    0.214673] io scheduler bfq registered
[    0.216555] target-module@4b000000:target-module@140000:pmu@0:fck: device ID is greater than 24
[    0.222757] l3-aon-clkctrl:0000:0: failed to disable
[    0.231958] ledtrig-cpu: registered to indicate activity on CPUs
[    0.235723] Serial: 8250/16550 driver, 6 ports, IRQ sharing enabled
[    0.281927] brd: module loaded
[    0.290399] loop: module loaded
[    0.291336] mtdoops: mtd device (mtddev=name/number) must be supplied
[    0.293212] mdio_bus fixed-0: using lookup tables for GPIO lookup
[    0.293237] mdio_bus fixed-0: No GPIO consumer reset found
[    0.294640] i2c_dev: i2c /dev entries driver
[    0.295633] cpuidle: enable-method property 'ti,am3352' found operations
[    0.296072] sdhci: Secure Digital Host Controller Interface driver
[    0.296082] sdhci: Copyright(c) Pierre Ossman
[    0.296261] sdhci-pltfm: SDHCI platform and OF driver helper
[    0.302174] hw perfevents: enabled with armv7_cortex_a8 PMU driver, 5 (8000000f) counters available
[    0.302703] Initializing XFRM netlink socket
[    0.302887] NET: Registered PF_INET6 protocol family
[    0.308550] l3-aon-clkctrl:0000:0: failed to disable
[    0.309919] Segment Routing with IPv6
[    0.310001] In-situ OAM (IOAM) with IPv6
[    0.310096] sit: IPv6, IPv4 and MPLS over IPv4 tunneling driver
[    0.311049] NET: Registered PF_PACKET protocol family
[    0.311074] NET: Registered PF_KEY protocol family
[    0.311199] Key type dns_resolver registered
[    0.311424] ThumbEE CPU extension supported.
[    0.311442] Registering SWP/SWPB emulation handler
[    0.312176] omap_voltage_late_init: Voltage driver support not added
[    0.312897] SmartReflex Class3 initialized
[    0.345041] Loading compiled-in X.509 certificates
[    0.388057] /ocp/interconnect@44c00000/segment@200000/target-module@b000/i2c@0/tda19988@70: Fixed dependency cycle(s) with /ocp/interconnect@48000000/segment@300000/target-module@e000/lcdc@0
[    0.394719] /ocp/interconnect@44c00000/segment@200000/target-module@b000/i2c@0/tda19988@70: Fixed dependency cycle(s) with /ocp/interconnect@48000000/segment@300000/target-module@e000/lcdc@0
[    0.400251] gpiochip_find_base_unlocked: found new base at 512
[    0.420096] /ocp/interconnect@44c00000/segment@200000/target-module@b000/i2c@0/tda19988@70: Fixed dependency cycle(s) with /ocp/interconnect@48000000/segment@300000/target-module@e000/lcdc@0
[    0.420974] /ocp/interconnect@44c00000/segment@200000/target-module@b000/i2c@0/tda19988@70: Fixed dependency cycle(s) with /ocp/interconnect@48000000/segment@300000/target-module@e000/lcdc@0
[    0.424843] /ocp/interconnect@44c00000/segment@200000/target-module@10000/scm@0/pinmux@800: Fixed dependency cycle(s) with /ocp/interconnect@44c00000/segment@200000/target-module@10000/scm@0/pinmux@800/clkout2-pins
[    0.425440] pinctrl-single 44e10800.pinmux: 142 pins, size 568
[    0.430767] ti-sysc 44e31000.target-module: probe with driver ti-sysc failed with error -16
[    0.455182] /ocp/interconnect@48000000/segment@300000/target-module@e000/lcdc@0: Fixed dependency cycle(s) with /ocp/interconnect@44c00000/segment@200000/target-module@b000/i2c@0/tda19988@70
[    0.463507] ti-sysc 48040000.target-module: probe with driver ti-sysc failed with error -16
[    0.475149] gpiochip_find_base_unlocked: found new base at 512
[    0.475250] gpio gpiochip0: (gpio-0-31): created GPIO range 0->7 ==> 44e10800.pinmux PIN 0->7
[    0.475272] gpio gpiochip0: (gpio-0-31): created GPIO range 8->11 ==> 44e10800.pinmux PIN 90->93
[    0.475288] gpio gpiochip0: (gpio-0-31): created GPIO range 12->27 ==> 44e10800.pinmux PIN 12->27
[    0.475303] gpio gpiochip0: (gpio-0-31): created GPIO range 28->31 ==> 44e10800.pinmux PIN 30->33
[    0.534503] gpio gpiochip0: (gpio-0-31): added GPIO chardev (254:0)
[    0.534738] gpio gpiochip0: registered GPIOs 512 to 543 on gpio-0-31
[    0.534824] OMAP GPIO hardware version 0.1
[    0.557206] i2c i2c-2: using DT '/ocp/interconnect@48000000/segment@100000/target-module@9c000/i2c@0' for 'scl' GPIO lookup
[    0.557289] of_get_named_gpiod_flags: can't parse 'scl-gpios' property of node '/ocp/interconnect@48000000/segment@100000/target-module@9c000/i2c@0[0]'
[    0.557334] of_get_named_gpiod_flags: can't parse 'scl-gpio' property of node '/ocp/interconnect@48000000/segment@100000/target-module@9c000/i2c@0[0]'
[    0.557372] i2c i2c-2: using lookup tables for GPIO lookup
[    0.557382] i2c i2c-2: No GPIO consumer scl found
[    0.557403] i2c i2c-2: using DT '/ocp/interconnect@48000000/segment@100000/target-module@9c000/i2c@0' for 'sda' GPIO lookup
[    0.557441] of_get_named_gpiod_flags: can't parse 'sda-gpios' property of node '/ocp/interconnect@48000000/segment@100000/target-module@9c000/i2c@0[0]'
[    0.557479] of_get_named_gpiod_flags: can't parse 'sda-gpio' property of node '/ocp/interconnect@48000000/segment@100000/target-module@9c000/i2c@0[0]'
[    0.557511] i2c i2c-2: using lookup tables for GPIO lookup
[    0.557518] i2c i2c-2: No GPIO consumer sda found
[    0.558253] omap_i2c 4819c000.i2c: bus 2 rev0.11 at 100 kHz
[    0.564216] gpiochip_find_base_unlocked: found new base at 544
[    0.564317] gpio gpiochip1: (gpio-32-63): created GPIO range 0->17 ==> 44e10800.pinmux PIN 34->51
[    0.564337] gpio gpiochip1: (gpio-32-63): created GPIO range 18->21 ==> 44e10800.pinmux PIN 77->80
[    0.564353] gpio gpiochip1: (gpio-32-63): created GPIO range 22->31 ==> 44e10800.pinmux PIN 56->65
[    0.577616] gpio gpiochip1: (gpio-32-63): added GPIO chardev (254:1)
[    0.577840] gpio gpiochip1: registered GPIOs 544 to 575 on gpio-32-63
[    0.580154] gpiochip_find_base_unlocked: found new base at 576
[    0.580244] gpio gpiochip2: (gpio-64-95): created GPIO range 0->4 ==> 44e10800.pinmux PIN 66->70
[    0.580265] gpio gpiochip2: (gpio-64-95): created GPIO range 5->6 ==> 44e10800.pinmux PIN 98->99
[    0.580281] gpio gpiochip2: (gpio-64-95): created GPIO range 7->8 ==> 44e10800.pinmux PIN 75->76
[    0.580296] gpio gpiochip2: (gpio-64-95): created GPIO range 13->13 ==> 44e10800.pinmux PIN 141->141
[    0.580312] gpio gpiochip2: (gpio-64-95): created GPIO range 14->21 ==> 44e10800.pinmux PIN 100->107
[    0.598902] gpio gpiochip2: (gpio-64-95): added GPIO chardev (254:2)
[    0.599136] gpio gpiochip2: registered GPIOs 576 to 607 on gpio-64-95
[    0.605115] 48000000.interconnect:segment@200000:target-module@0:mpu@0:fck: device ID is greater than 24
[    0.606029] /ocp/interconnect@48000000/segment@300000/target-module@e000/lcdc@0: Fixed dependency cycle(s) with /ocp/interconnect@44c00000/segment@200000/target-module@b000/i2c@0/tda19988@70
[    0.608887] /ocp/interconnect@48000000/segment@300000/target-module@e000/lcdc@0: Fixed dependency cycle(s) with /ocp/interconnect@44c00000/segment@200000/target-module@b000/i2c@0/tda19988@70
[    0.609588] /ocp/interconnect@44c00000/segment@200000/target-module@b000/i2c@0/tda19988@70: Fixed dependency cycle(s) with /ocp/interconnect@48000000/segment@300000/target-module@e000/lcdc@0
[    0.609753] /ocp/interconnect@48000000/segment@300000/target-module@e000/lcdc@0: Fixed dependency cycle(s) with /ocp/interconnect@44c00000/segment@200000/target-module@b000/i2c@0/tda19988@70
[    0.619520] mdio_bus 4a101000.mdio: using DT '/ocp/interconnect@4a000000/segment@0/target-module@100000/switch@0/mdio@1000' for 'reset' GPIO lookup
[    0.619594] of_get_named_gpiod_flags: can't parse 'reset-gpios' property of node '/ocp/interconnect@4a000000/segment@0/target-module@100000/switch@0/mdio@1000[0]'
[    0.619640] of_get_named_gpiod_flags: can't parse 'reset-gpio' property of node '/ocp/interconnect@4a000000/segment@0/target-module@100000/switch@0/mdio@1000[0]'
[    0.619687] mdio_bus 4a101000.mdio: using lookup tables for GPIO lookup
[    0.619697] mdio_bus 4a101000.mdio: No GPIO consumer reset found
[    0.620623] sdhci-omap 481d8000.mmc: using DT '/ocp/interconnect@48000000/segment@100000/target-module@d8000/mmc@0' for 'wp' GPIO lookup
[    0.620682] of_get_named_gpiod_flags: can't parse 'wp-gpios' property of node '/ocp/interconnect@48000000/segment@100000/target-module@d8000/mmc@0[0]'
[    0.620724] of_get_named_gpiod_flags: can't parse 'wp-gpio' property of node '/ocp/interconnect@48000000/segment@100000/target-module@d8000/mmc@0[0]'
[    0.620758] sdhci-omap 481d8000.mmc: using lookup tables for GPIO lookup
[    0.620767] sdhci-omap 481d8000.mmc: No GPIO consumer wp found
[    0.620962] sdhci-omap 481d8000.mmc: supply pbias not found, using dummy regulator
[    0.621446] sdhci-omap 481d8000.mmc: supply vqmmc not found, using dummy regulator
[    0.671794] davinci_mdio 4a101000.mdio: davinci mdio revision 1.6, bus freq 1000000
[    0.689752] mdio_bus 4a101000.mdio:00: using DT '/ocp/interconnect@4a000000/segment@0/target-module@100000/switch@0/mdio@1000/ethernet-phy@0' for 'reset' GPIO lookup
[    0.689853] of_get_named_gpiod_flags: parsed 'reset-gpios' property of node '/ocp/interconnect@4a000000/segment@0/target-module@100000/switch@0/mdio@1000/ethernet-phy@0[0]' - status (0)
[    0.690019] gpio gpiochip0: Persistence not supported for GPIO 8
[    0.764719] mdio_bus 4a101000.mdio:00: Resources present before probing
[    0.764760] davinci_mdio 4a101000.mdio: phy[0]: device 4a101000.mdio:00, driver unknown
[    0.765536] cpsw-switch 4a100000.switch: initialized cpsw ale version 1.4
[    0.765557] cpsw-switch 4a100000.switch: ALE Table size 1024, Policers 0
[    0.765708] cpsw-switch 4a100000.switch: cpts: overflow check period 500 (jiffies)
[    0.765725] cpsw-switch 4a100000.switch: CPTS: ref_clk_freq:250000000 calc_mult:2147483648 calc_shift:29 error:0 nsec/sec
[    0.765833] cpsw-switch 4a100000.switch: Detected MACID = 6c:ec:eb:68:de:78
[    0.767681] cpsw-switch 4a100000.switch: initialized (regs 0x4a100000, pool size 256) hw_ver:0019010C 1.12 (0)
[    0.778754] debugfs: '49000000.dma' already exists in 'dmaengine'
[    0.778796] edma 49000000.dma: TI EDMA DMA engine driver
[    0.834324] gpio-clk clk_mcasp0: using DT '/clk_mcasp0' for 'enable' GPIO lookup
[    0.834402] of_get_named_gpiod_flags: parsed 'enable-gpios' property of node '/clk_mcasp0[0]' - status (0)
[    0.834447] gpio gpiochip0: Persistence not supported for GPIO 27
[    0.835304] gpiochip_find_base_unlocked: found new base at 608
[    0.835417] gpio gpiochip3: (gpio-96-127): created GPIO range 0->7 ==> 44e10800.pinmux PIN 82->89
[    0.835440] gpio gpiochip3: (gpio-96-127): created GPIO range 8->11 ==> 44e10800.pinmux PIN 52->55
[    0.835456] gpio gpiochip3: (gpio-96-127): created GPIO range 12->15 ==> 44e10800.pinmux PIN 94->97
[    0.835472] gpio gpiochip3: (gpio-96-127): created GPIO range 16->17 ==> 44e10800.pinmux PIN 71->72
[    0.835488] gpio gpiochip3: (gpio-96-127): created GPIO range 18->18 ==> 44e10800.pinmux PIN 135->135
[    0.835504] gpio gpiochip3: (gpio-96-127): created GPIO range 19->20 ==> 44e10800.pinmux PIN 108->109
[    0.835521] gpio gpiochip3: (gpio-96-127): created GPIO range 21->21 ==> 44e10800.pinmux PIN 73->73
[    0.835538] gpio gpiochip3: (gpio-96-127): created GPIO range 22->23 ==> 44e10800.pinmux PIN 8->9
[    0.835556] gpio gpiochip3: (gpio-96-127): created GPIO range 26->27 ==> 44e10800.pinmux PIN 10->11
[    0.835573] gpio gpiochip3: (gpio-96-127): created GPIO range 28->28 ==> 44e10800.pinmux PIN 74->74
[    0.835591] gpio gpiochip3: (gpio-96-127): created GPIO range 29->29 ==> 44e10800.pinmux PIN 81->81
[    0.835609] gpio gpiochip3: (gpio-96-127): created GPIO range 30->31 ==> 44e10800.pinmux PIN 28->29
[    0.845561] gpio gpiochip3: (gpio-96-127): added GPIO chardev (254:3)
[    0.845797] gpio gpiochip3: registered GPIOs 608 to 639 on gpio-96-127
[    0.847630] omap8250 44e09000.serial: using DT '/ocp/interconnect@44c00000/segment@200000/target-module@9000/serial@0' for 'rs485-term' GPIO lookup
[    0.847702] of_get_named_gpiod_flags: can't parse 'rs485-term-gpios' property of node '/ocp/interconnect@44c00000/segment@200000/target-module@9000/serial@0[0]'
[    0.847746] of_get_named_gpiod_flags: can't parse 'rs485-term-gpio' property of node '/ocp/interconnect@44c00000/segment@200000/target-module@9000/serial@0[0]'
[    0.847783] omap8250 44e09000.serial: using lookup tables for GPIO lookup
[    0.847792] omap8250 44e09000.serial: No GPIO consumer rs485-term found
[    0.847802] omap8250 44e09000.serial: using DT '/ocp/interconnect@44c00000/segment@200000/target-module@9000/serial@0' for 'rs485-rx-during-tx' GPIO lookup
[    0.847838] of_get_named_gpiod_flags: can't parse 'rs485-rx-during-tx-gpios' property of node '/ocp/interconnect@44c00000/segment@200000/target-module@9000/serial@0[0]'
[    0.847875] of_get_named_gpiod_flags: can't parse 'rs485-rx-during-tx-gpio' property of node '/ocp/interconnect@44c00000/segment@200000/target-module@9000/serial@0[0]'
[    0.847907] omap8250 44e09000.serial: using lookup tables for GPIO lookup
[    0.847915] omap8250 44e09000.serial: No GPIO consumer rs485-rx-during-tx found
[    0.848395] 44e09000.serial: ttyS0 at MMIO 0x44e09000 (irq = 34, base_baud = 3000000) is a 8250
[    0.848487] printk: legacy console [ttyS0] enabled
[    2.428440] i2c i2c-0: using DT '/ocp/interconnect@44c00000/segment@200000/target-module@b000/i2c@0' for 'scl' GPIO lookup
[    2.428530] of_get_named_gpiod_flags: can't parse 'scl-gpios' property of node '/ocp/interconnect@44c00000/segment@200000/target-module@b000/i2c@0[0]'
[    2.428577] of_get_named_gpiod_flags: can't parse 'scl-gpio' property of node '/ocp/interconnect@44c00000/segment@200000/target-module@b000/i2c@0[0]'
[    2.428619] i2c i2c-0: using lookup tables for GPIO lookup
[    2.428633] i2c i2c-0: No GPIO consumer scl found
[    2.428657] i2c i2c-0: using DT '/ocp/interconnect@44c00000/segment@200000/target-module@b000/i2c@0' for 'sda' GPIO lookup
[    2.428696] of_get_named_gpiod_flags: can't parse 'sda-gpios' property of node '/ocp/interconnect@44c00000/segment@200000/target-module@b000/i2c@0[0]'
[    2.428738] of_get_named_gpiod_flags: can't parse 'sda-gpio' property of node '/ocp/interconnect@44c00000/segment@200000/target-module@b000/i2c@0[0]'
[    2.428773] i2c i2c-0: using lookup tables for GPIO lookup
[    2.428784] i2c i2c-0: No GPIO consumer sda found
[    2.442648] tps65217-pmic: Failed to locate of_node [id: -1]
[    2.448711] tps65217-bl: Failed to locate of_node [id: -1]
[    2.454780] platform tps65217-charger: DMA mask not set
[    2.460825] platform tps65217-pwrbutton: DMA mask not set
[    2.468115] tps65217 0-0024: TPS65217 ID 0xe version 1.2
[    2.474260] /ocp/interconnect@48000000/segment@300000/target-module@e000/lcdc@0: Fixed dependency cycle(s) with /ocp/interconnect@44c00000/segment@200000/target-module@b000/i2c@0/tda19988@70
[    2.491679] /ocp/interconnect@44c00000/segment@200000/target-module@b000/i2c@0/tda19988@70: Fixed dependency cycle(s) with /ocp/interconnect@48000000/segment@300000/target-module@e000/lcdc@0
[    2.509029] omap_i2c 44e0b000.i2c: bus 0 rev0.11 at 400 kHz
[    2.516717] sdhci-omap 48060000.mmc: using DT '/ocp/interconnect@48000000/segment@0/target-module@60000/mmc@0' for 'cd' GPIO lookup
[    2.516825] of_get_named_gpiod_flags: parsed 'cd-gpios' property of node '/ocp/interconnect@48000000/segment@0/target-module@60000/mmc@0[0]' - status (0)
[    2.516894] gpio gpiochip3: Persistence not supported for GPIO 6
[    2.516919] omap_gpio 44e07000.gpio: Could not set line 6 debounce to 200000 microseconds (-22)
[    2.525844] sdhci-omap 48060000.mmc: Got CD GPIO
[    2.530495] sdhci-omap 48060000.mmc: using DT '/ocp/interconnect@48000000/segment@0/target-module@60000/mmc@0' for 'wp' GPIO lookup
[    2.530546] of_get_named_gpiod_flags: can't parse 'wp-gpios' property of node '/ocp/interconnect@48000000/segment@0/target-module@60000/mmc@0[0]'
[    2.530590] of_get_named_gpiod_flags: can't parse 'wp-gpio' property of node '/ocp/interconnect@48000000/segment@0/target-module@60000/mmc@0[0]'
[    2.530629] sdhci-omap 48060000.mmc: using lookup tables for GPIO lookup
[    2.530644] sdhci-omap 48060000.mmc: No GPIO consumer wp found
[    2.530859] sdhci-omap 48060000.mmc: supply pbias not found, using dummy regulator
[    2.539706] sdhci-omap 481d8000.mmc: using DT '/ocp/interconnect@48000000/segment@100000/target-module@d8000/mmc@0' for 'wp' GPIO lookup
[    2.539780] of_get_named_gpiod_flags: can't parse 'wp-gpios' property of node '/ocp/interconnect@48000000/segment@100000/target-module@d8000/mmc@0[0]'
[    2.539829] of_get_named_gpiod_flags: can't parse 'wp-gpio' property of node '/ocp/interconnect@48000000/segment@100000/target-module@d8000/mmc@0[0]'
[    2.539869] sdhci-omap 481d8000.mmc: using lookup tables for GPIO lookup
[    2.539882] sdhci-omap 481d8000.mmc: No GPIO consumer wp found
[    2.540854] sdhci-omap 48060000.mmc: supply vqmmc not found, using dummy regulator
[    2.550187] sdhci-omap 481d8000.mmc: supply pbias not found, using dummy regulator
[    2.559943] sdhci-omap 481d8000.mmc: supply vqmmc not found, using dummy regulator
[    2.595403] mmc0: SDHCI controller on 48060000.mmc [48060000.mmc] using External DMA
[    2.603728] mmc1: SDHCI controller on 481d8000.mmc [481d8000.mmc] using External DMA
[    2.612511] cpsw-switch 4a100000.switch: starting ndev. mode: dual_mac
[    2.625743] Generic PHY 4a101000.mdio:00: attached PHY driver (mii_bus:phy_addr=4a101000.mdio:00, irq=POLL)
[    2.643914] cpsw-switch 4a100000.switch eth0: Link is Up - 100Mbps/Full - flow control off
[    2.680741] mmc0: new high speed SDHC card at address 5048
[    2.687454] IP-Config: Complete:
[    2.690773]      device=eth0, hwaddr=6c:ec:eb:68:de:78, ipaddr=192.168.255.1, mask=255.255.255.0, gw=255.255.255.255
[    2.701478]      host=bbb1, domain=, nis-domain=(none)
[    2.706679]      bootserver=192.168.255.126, rootserver=192.168.255.126, rootpath=
[    2.707701] mmcblk0: mmc0:5048 SD16G 14.4 GiB
[    2.722969] clk: Disabling unused clocks
[    2.727280] KTAP version 1
[    2.730015] 1..0
[    2.732449]  mmcblk0: p1 p2
[    2.735859] mmcblk0: p2 size 31221760 extends beyond EOD, truncated
[    2.743297] check access for rdinit=/init failed: -2, ignoring
[    2.767425] mmc1: new high speed MMC card at address 0001
[    2.775466] mmcblk1: mmc1:0001 MMC04G 3.60 GiB
[    2.785751]  mmcblk1: p1 p2
[    2.789386] VFS: Mounted root (nfs filesystem) on device 0:17.
[    2.796808] mmcblk1boot0: mmc1:0001 MMC04G 2.00 MiB
[    2.804135] devtmpfs: mounted
[    2.808632] Freeing unused kernel image (initmem) memory: 1024K
[    2.816524] Run /sbin/init as init process
[    2.820673]   with arguments:
[    2.820685]     /sbin/init
[    2.820695]     nfsrootdebug
[    2.820704]   with environment:
[    2.820712]     HOME=/
[    2.820721]     TERM=linux
[    2.822677] mmcblk1boot1: mmc1:0001 MMC04G 2.00 MiB
[    2.831912] mmcblk1rpmb: mmc1:0001 MMC04G 128 KiB, chardev (249:0)
[    3.506473] systemd[1]: System time before build time, advancing clock.
[    5.091687] random: crng init done
[    5.107957] systemd[1]: systemd 232 running in system mode. (+PAM +AUDIT +SELINUX +IMA +APPARMOR +SMACK +SYSVINIT +UTMP +LIBCRYPTSETUP +GCRYPT +GNUTLS +ACL +XZ +LZ4 +SECCOMP +BLKID +ELFUTILS +KMOD +IDN)
[    5.127169] systemd[1]: Detected architecture arm.
[    5.154798] systemd[1]: Set hostname to <arm>.
[    6.251563] systemd[1]: Created slice System Slice.
[    6.273031] systemd[1]: Created slice User and Session Slice.
[    6.303068] systemd[1]: Created slice system-serial\x2dgetty.slice.
[    6.332074] systemd[1]: Reached target Slices.
[    6.355660] systemd[1]: Listening on /dev/initctl Compatibility Named Pipe.
[    6.383593] systemd[1]: Listening on udev Control Socket.
[    6.412091] systemd[1]: Reached target Remote File Systems.
[    8.567155] systemd-journald[87]: Received request to flush runtime journal from PID 1
[   11.530641] leds-gpio leds: using DT '/leds/led2' for '(default)' GPIO lookup
[   11.530746] of_get_named_gpiod_flags: parsed 'gpios' property of node '/leds/led2[0]' - status (0)
[   11.530806] gpio gpiochip0: Persistence not supported for GPIO 21
[   11.530823] gpio-533 (?): no flags found for GPIO (default)
[   11.622008] leds-gpio leds: using DT '/leds/led3' for '(default)' GPIO lookup
[   11.622115] of_get_named_gpiod_flags: parsed 'gpios' property of node '/leds/led3[0]' - status (0)
[   11.622171] gpio gpiochip0: Persistence not supported for GPIO 22
[   11.622187] gpio-534 (?): no flags found for GPIO (default)
[   11.643999] leds-gpio leds: using DT '/leds/led4' for '(default)' GPIO lookup
[   11.644100] of_get_named_gpiod_flags: parsed 'gpios' property of node '/leds/led4[0]' - status (0)
[   11.644152] gpio gpiochip0: Persistence not supported for GPIO 23
[   11.644168] gpio-535 (?): no flags found for GPIO (default)
[   11.662192] leds-gpio leds: using DT '/leds/led5' for '(default)' GPIO lookup
[   11.662291] of_get_named_gpiod_flags: parsed 'gpios' property of node '/leds/led5[0]' - status (0)
[   11.662343] gpio gpiochip0: Persistence not supported for GPIO 24
[   11.662358] gpio-536 (?): no flags found for GPIO (default)
[   11.982305] remoteproc remoteproc0: wkup_m3 is available
[   12.292096] at24 2-0054: supply vcc not found, using dummy regulator
[   12.379016] at24 2-0055: supply vcc not found, using dummy regulator
[   12.501507] at24 2-0056: supply vcc not found, using dummy regulator
[   12.616367] at24 2-0057: supply vcc not found, using dummy regulator
[   12.771968] at24 0-0050: using DT '/ocp/interconnect@44c00000/segment@200000/target-module@b000/i2c@0/eeprom@50' for 'wp' GPIO lookup
[   12.772089] of_get_named_gpiod_flags: can't parse 'wp-gpios' property of node '/ocp/interconnect@44c00000/segment@200000/target-module@b000/i2c@0/eeprom@50[0]'
[   12.772150] of_get_named_gpiod_flags: can't parse 'wp-gpio' property of node '/ocp/interconnect@44c00000/segment@200000/target-module@b000/i2c@0/eeprom@50[0]'
[   12.772196] at24 0-0050: using lookup tables for GPIO lookup
[   12.772211] at24 0-0050: No GPIO consumer wp found
[   12.772566] at24 0-0050: 32768 byte 24c256 EEPROM, writable, 1 bytes/write
[   12.908266] input: tps65217_pwrbutton as /devices/platform/ocp/44c00000.interconnect/44c00000.interconnect:segment@200000/44e0b000.target-module/44e0b000.i2c/i2c-0/0-0024/tps65217-pwrbutton/input/input0
[   13.194673] omap_wdt: OMAP Watchdog Timer Rev 0x01: initial timeout 60 sec
[   13.209872] omap_rtc 44e3e000.rtc: registered as rtc0
[   13.215930] omap_rtc 44e3e000.rtc: setting system clock to 2000-01-01T00:00:00 UTC (946684800)
[   13.224726] omap_rtc 44e3e000.rtc: using DT '/ocp/interconnect@44c00000/segment@200000/target-module@3e000/rtc@0' for 'wp' GPIO lookup
[   13.224800] of_get_named_gpiod_flags: can't parse 'wp-gpios' property of node '/ocp/interconnect@44c00000/segment@200000/target-module@3e000/rtc@0[0]'
[   13.224851] of_get_named_gpiod_flags: can't parse 'wp-gpio' property of node '/ocp/interconnect@44c00000/segment@200000/target-module@3e000/rtc@0[0]'
[   13.224891] omap_rtc 44e3e000.rtc: using lookup tables for GPIO lookup
[   13.224906] omap_rtc 44e3e000.rtc: No GPIO consumer wp found
[   13.606416] am335x-phy-driver 47401300.usb-phy: using DT '/ocp/target-module@47400000/usb-phy@1300' for 'reset' GPIO lookup
[   13.606574] of_get_named_gpiod_flags: can't parse 'reset-gpios' property of node '/ocp/target-module@47400000/usb-phy@1300[0]'
[   13.606679] of_get_named_gpiod_flags: can't parse 'reset-gpio' property of node '/ocp/target-module@47400000/usb-phy@1300[0]'
[   13.606764] am335x-phy-driver 47401300.usb-phy: using lookup tables for GPIO lookup
[   13.606782] am335x-phy-driver 47401300.usb-phy: No GPIO consumer reset found
[   13.606797] am335x-phy-driver 47401300.usb-phy: using DT '/ocp/target-module@47400000/usb-phy@1300' for 'vbus-detect' GPIO lookup
[   13.606831] of_get_named_gpiod_flags: can't parse 'vbus-detect-gpios' property of node '/ocp/target-module@47400000/usb-phy@1300[0]'
[   13.606913] of_get_named_gpiod_flags: can't parse 'vbus-detect-gpio' property of node '/ocp/target-module@47400000/usb-phy@1300[0]'
[   13.606945] am335x-phy-driver 47401300.usb-phy: using lookup tables for GPIO lookup
[   13.607000] am335x-phy-driver 47401300.usb-phy: No GPIO consumer vbus-detect found
[   13.607263] am335x-phy-driver 47401300.usb-phy: dummy supplies not allowed for exclusive requests (id=vbus)
[   13.784194] am335x-phy-driver 47401b00.usb-phy: using DT '/ocp/target-module@47400000/usb-phy@1b00' for 'reset' GPIO lookup
[   13.784297] of_get_named_gpiod_flags: can't parse 'reset-gpios' property of node '/ocp/target-module@47400000/usb-phy@1b00[0]'
[   13.784348] of_get_named_gpiod_flags: can't parse 'reset-gpio' property of node '/ocp/target-module@47400000/usb-phy@1b00[0]'
[   13.784386] am335x-phy-driver 47401b00.usb-phy: using lookup tables for GPIO lookup
[   13.784401] am335x-phy-driver 47401b00.usb-phy: No GPIO consumer reset found
[   13.784415] am335x-phy-driver 47401b00.usb-phy: using DT '/ocp/target-module@47400000/usb-phy@1b00' for 'vbus-detect' GPIO lookup
[   13.784451] of_get_named_gpiod_flags: can't parse 'vbus-detect-gpios' property of node '/ocp/target-module@47400000/usb-phy@1b00[0]'
[   13.784487] of_get_named_gpiod_flags: can't parse 'vbus-detect-gpio' property of node '/ocp/target-module@47400000/usb-phy@1b00[0]'
[   13.784514] am335x-phy-driver 47401b00.usb-phy: using lookup tables for GPIO lookup
[   13.784526] am335x-phy-driver 47401b00.usb-phy: No GPIO consumer vbus-detect found
[   13.784679] am335x-phy-driver 47401b00.usb-phy: dummy supplies not allowed for exclusive requests (id=vbus)
[   14.024562] usbcore: registered new interface driver usbfs
[   14.031146] usbcore: registered new interface driver hub
[   14.036786] usbcore: registered new device driver usb
[   14.696960] musb-hdrc musb-hdrc.1: MUSB HDRC host driver
[   14.702530] musb-hdrc musb-hdrc.1: new USB bus registered, assigned bus number 1
[   14.865804] tda998x 0-0070: found TDA19988
[   14.918186] usb usb1: New USB device found, idVendor=1d6b, idProduct=0002, bcdDevice= 6.16
[   14.926665] usb usb1: New USB device strings: Mfr=3, Product=2, SerialNumber=1
[   14.934295] usb usb1: Product: MUSB HDRC host driver
[   14.939294] usb usb1: Manufacturer: Linux 6.16.0-next-20250804 musb-hcd
[   14.946020] usb usb1: SerialNumber: musb-hdrc.1
[   15.074672] omap-mailbox 480c8000.mailbox: omap mailbox rev 0x400
[   15.175084] remoteproc remoteproc0: powering up wkup_m3
[   15.277265] hub 1-0:1.0: USB hub found
[   15.321581] hub 1-0:1.0: 1 port detected
[   15.339820] remoteproc remoteproc0: Direct firmware load for am335x-pm-firmware.elf failed with error -2
[   15.349659] remoteproc remoteproc0: request_firmware failed: -2
[   15.355692] wkup_m3_ipc 44e11324.wkup_m3_ipc: rproc_boot failed
[   17.732051] omap_rng 48310000.rng: Random Number Generator ver. 20
[   18.148220] tilcdc 4830e000.lcdc: bound 0-0070 (ops tda998x_audio_codec_init [tda998x])
[   18.286986] [drm] Initialized tilcdc 1.0.0 for 4830e000.lcdc on minor 0
[   18.426501] tilcdc 4830e000.lcdc: [drm] Cannot find any crtc or sizes
[   18.454739] tilcdc 4830e000.lcdc: [drm] Cannot find any crtc or sizes
[   19.296740] PM: Cannot get wkup_m3_ipc handle
[   19.378223] omap-sham 53100000.sham: hw accel on OMAP rev 4.3
[   19.482573] omap-sham 53100000.sham: will run requests pump with realtime priority
[   19.491413] PM: Cannot get wkup_m3_ipc handle
[   19.878592] omap-aes 53500000.aes: OMAP AES hw accel rev: 3.2
[   20.038273] omap-aes 53500000.aes: will run requests pump with realtime priority
[   20.049263] PM: Cannot get wkup_m3_ipc handle
[   21.501562] Bluetooth: Core ver 2.22
[   21.505639] NET: Registered PF_BLUETOOTH protocol family
[   21.510991] Bluetooth: HCI device and connection manager initialized
[   21.517513] Bluetooth: HCI socket layer initialized
[   21.522478] Bluetooth: L2CAP socket layer initialized
[   21.527586] Bluetooth: SCO socket layer initialized
[   21.710092] ------------[ cut here ]------------
[   21.714925] WARNING: net/8021q/vlan_core.c:236 at vlan_for_each+0x114/0x134, CPU#0: avahi-daemon/308
[   21.724234] RTNL: assertion failed at net/8021q/vlan_core.c (236)
[   21.730364] Modules linked in: bluetooth ecdh_generic ecc snd_soc_simple_card snd_soc_simple_card_utils omap_aes_driver omap_crypto libaes omap_sham pm33xx ti_emif_sram crypto_engine tilcdc drm_dma_helper omap_rng rng_core drm_client_lib snd_soc_davinci_mcasp snd_soc_ti_udma snd_soc_ti_edma snd_soc_ti_sdma snd_soc_core snd_pcm_dmaengine snd_pcm omap_mailbox snd_timer snd soundcore tda998x musb_dsps cec musb_hdrc udc_core drm_kms_helper usbcore drm phy_am335x phy_generic usb_common omap_wdt rtc_omap watchdog wkup_m3_ipc tps65218_pwrbutton drm_panel_orientation_quirks at24 phy_am335x_control wkup_m3_rproc cppi41 leds_gpio led_class cpufreq_dt autofs4
[   21.788459] CPU: 0 UID: 107 PID: 308 Comm: avahi-daemon Not tainted 6.16.0-next-20250804 #1 NONE 
[   21.788479] Hardware name: Generic AM33XX (Flattened Device Tree)
[   21.788488] Call trace: 
[   21.788504]  unwind_backtrace from show_stack+0x10/0x14
[   21.788543]  show_stack from dump_stack_lvl+0x50/0x64
[   21.788569]  dump_stack_lvl from __warn+0x88/0x148
[   21.788587]  __warn from warn_slowpath_fmt+0x19c/0x1b0
[   21.788600]  warn_slowpath_fmt from vlan_for_each+0x114/0x134
[   21.788622]  vlan_for_each from cpsw_add_mc_addr+0x40/0xa4
[   21.788651]  cpsw_add_mc_addr from __hw_addr_ref_sync_dev+0x108/0x140
[   21.788686]  __hw_addr_ref_sync_dev from __dev_mc_add+0x7c/0x80
[   21.788710]  __dev_mc_add from igmp6_group_added+0xc8/0xe0
[   21.788740]  igmp6_group_added from __ipv6_dev_mc_inc+0x218/0x364
[   21.788759]  __ipv6_dev_mc_inc from __ipv6_sock_mc_join+0x11c/0x214
[   21.788778]  __ipv6_sock_mc_join from do_ipv6_setsockopt+0x1214/0x1310
[   21.788813]  do_ipv6_setsockopt from ipv6_setsockopt+0x60/0xcc
[   21.788836]  ipv6_setsockopt from udpv6_setsockopt+0x2c/0x6c
[   21.788856]  udpv6_setsockopt from sock_common_setsockopt+0x30/0x40
[   21.788887]  sock_common_setsockopt from do_sock_setsockopt+0x50/0x9c
[   21.788909]  do_sock_setsockopt from __sys_setsockopt+0x70/0xbc
[   21.788929]  __sys_setsockopt from ret_fast_syscall+0x0/0x58
[   21.788947] Exception stack(0xe0181fa8 to 0xe0181ff0)
[   21.788961] 1fa0:                   00000014 b6f4bce8 0000000d 00000029 00000014 bebd19ec
[   21.788973] 1fc0: 00000014 b6f4bce8 00000014 00000126 0000000d b6ef4ff4 0043e988 00426558
[   21.788981] 1fe0: b6f0a088 bebd19d8 b6ee7309 b6dbe41a
[   21.788989] ---[ end trace 0000000000000000 ]---
[   23.304914] PM: Cannot get wkup_m3_ipc handle
[   23.310719] asoc-simple-card sound: using DT '/sound' for 'simple-audio-card,hp-det' GPIO lookup
[   23.310790] of_get_named_gpiod_flags: can't parse 'simple-audio-card,hp-det-gpios' property of node '/sound[0]'
[   23.310826] of_get_named_gpiod_flags: can't parse 'simple-audio-card,hp-det-gpio' property of node '/sound[0]'
[   23.310850] asoc-simple-card sound: using lookup tables for GPIO lookup
[   23.310864] asoc-simple-card sound: No GPIO consumer simple-audio-card,hp-det found
[   23.310879] asoc-simple-card sound: using DT '/sound' for 'simple-audio-card,mic-det' GPIO lookup
[   23.310904] of_get_named_gpiod_flags: can't parse 'simple-audio-card,mic-det-gpios' property of node '/sound[0]'
[   23.310928] of_get_named_gpiod_flags: can't parse 'simple-audio-card,mic-det-gpio' property of node '/sound[0]'
[   23.310948] asoc-simple-card sound: using lookup tables for GPIO lookup
[   23.310959] asoc-simple-card sound: No GPIO consumer simple-audio-card,mic-det found
[   23.372191] tda998x 0-0070: using DT '/ocp/interconnect@44c00000/segment@200000/target-module@b000/i2c@0/tda19988@70' for 'nxp,calib' GPIO lookup
[   23.372329] of_get_named_gpiod_flags: parsed 'nxp,calib-gpios' property of node '/ocp/interconnect@44c00000/segment@200000/target-module@b000/i2c@0/tda19988@70[0]' - status (0)
[   23.372410] gpio gpiochip0: Persistence not supported for GPIO 25
[   23.372425] gpio-537 (nxp,calib): no flags found for GPIO nxp,calib
[   23.390429] gpio-537 (nxp,calib): gpiod_direction_output_nonotify: tried to set a GPIO tied to an IRQ as output
[   23.471299] PM: Cannot get wkup_m3_ipc handle
[   23.648793] tda9950 0-0034: TDA9950 CEC interface, hardware version 3.3
[   23.740160] PM: Cannot get wkup_m3_ipc handle
[   25.529667] userial_init: registered 8 ttyGS* devices
[   25.835626] rndis_register: configNr = 0
[   25.938831] udc musb-hdrc.0: binding gadget driver [g_multi]
[   25.938935] configfs-gadget.g_multi gadget.0: adding 'rndis'/c52de2a5 to config 'c'/3f184093
[   25.940077] configfs-gadget.g_multi gadget.0: HOST MAC 1c:ba:8c:a2:ed:6c
[   25.947096] configfs-gadget.g_multi gadget.0: MAC 1c:ba:8c:a2:ed:70
[   25.953515] rndis_set_param_medium: 0 0
[   25.953536] configfs-gadget.g_multi gadget.0: RNDIS: IN/ep1in OUT/ep1out NOTIFY/ep2in
[   25.953553] configfs-gadget.g_multi gadget.0: adding 'cdc_ethernet'/720d9c60 to config 'c'/3f184093
[   25.954502] configfs-gadget.g_multi gadget.0: HOST MAC 1c:ba:8c:a2:ed:6c
[   25.961262] configfs-gadget.g_multi gadget.0: MAC 1c:ba:8c:a2:ed:6d
[   25.967683] configfs-gadget.g_multi gadget.0: CDC Ethernet: IN/ep3in OUT/ep2out NOTIFY/ep4in
[   25.967703] configfs-gadget.g_multi gadget.0: adding 'acm'/9479f7c9 to config 'c'/3f184093
[   25.967736] configfs-gadget.g_multi gadget.0: acm ttyGS0: IN/ep5in OUT/ep3out NOTIFY/ep6in
[   25.969344] PM: Cannot get wkup_m3_ipc handle
[   27.339272] configfs-gadget.g_multi gadget.0: eth_open
[   32.250301] gs_open: ttyGS0 (a9364bad,745c7e34)
[   32.250438] gs_close: ttyGS0 (a9364bad,745c7e34) ...
[   32.250461] gs_close: ttyGS0 (a9364bad,745c7e34) done!
[   32.263801] gs_open: ttyGS0 (a9364bad,7360821e)
[   32.263941] gs_close: ttyGS0 (a9364bad,7360821e) ...
[   32.263960] gs_close: ttyGS0 (a9364bad,7360821e) done!
[   32.443358] gs_open: ttyGS0 (a9364bad,0231a770)
[   32.443601] gs_close: ttyGS0 (a9364bad,0231a770) ...
[   32.443628] gs_close: ttyGS0 (a9364bad,0231a770) done!
[   32.446827] gs_open: ttyGS0 (a9364bad,65d5ca88)
[   36.323032] PM: Cannot get wkup_m3_ipc handle
[   36.327842] platform pm33xx: deferred probe pending: (reason unknown)
UELPBOMKSP 0
root@arm:~# echo 'ZUML''VOGOWC'
ZUMLVOGOWC
root@arm:~# MARKER='JAJV''LFLSUQ' run 'modprobe test_linear_ranges'
JAJVLFLSUQJAJVLFLSUQ 0
root@arm:~# echo 'FLOC''XALQQL'
FLOCXALQQL
root@arm:~# MARKER='EKLU''PSNBPN' run dmesg
EKLUPSNBPN[    0.000000] Booting Linux on physical CPU 0x0
[    0.000000] Linux version 6.16.0-next-20250804 (user01@drvtest01) (arm-none-eabi-gcc (Arm GNU Toolchain 14.2.Rel1 (Build arm-14.52)) 14.2.1 20241119, GNU ld (Arm GNU Toolchain 14.2.Rel1 (Build arm-14.52)) 2.43.1.20241119) #1 SMP Mon Aug  4 08:19:58 EEST 2025
[    0.000000] CPU: ARMv7 Processor [413fc082] revision 2 (ARMv7), cr=10c5387d
[    0.000000] CPU: PIPT / VIPT nonaliasing data cache, VIPT aliasing instruction cache
[    0.000000] OF: fdt: Machine model: TI AM335x BeagleBone Black
[    0.000000] Memory policy: Data cache writeback
[    0.000000] cma: Reserved 16 MiB at 0x9e800000
[    0.000000] Zone ranges:
[    0.000000]   Normal   [mem 0x0000000080000000-0x000000009fdfffff]
[    0.000000]   HighMem  empty
[    0.000000] Movable zone start for each node
[    0.000000] Early memory node ranges
[    0.000000]   node   0: [mem 0x0000000080000000-0x000000009fdfffff]
[    0.000000] Initmem setup node 0 [mem 0x0000000080000000-0x000000009fdfffff]
[    0.000000] On node 0, zone Normal: 512 pages in unavailable ranges
[    0.000000] OF: reserved mem: Reserved memory: No reserved-memory node in the DT
[    0.000000] CPU: All CPU(s) started in SVC mode.
[    0.000000] AM335X ES2.1 (sgx neon)
[    0.000000] percpu: Embedded 17 pages/cpu s39820 r8192 d21620 u69632
[    0.000000] pcpu-alloc: s39820 r8192 d21620 u69632 alloc=17*4096
[    0.000000] pcpu-alloc: [0] 0 
[    0.000000] Kernel command line: console=ttyO0,115200n8 root=/dev/nfs rw nfsroot=192.168.255.126:/home/user01/nfs,nfsvers=3 ip=192.168.255.1:192.168.255.126::255.255.255.0:bbb1:eth0 nfsrootdebug
[    0.000000] Unknown kernel command line parameters "nfsrootdebug", will be passed to user space.
[    0.000000] printk: log buffer data + meta data: 65536 + 204800 = 270336 bytes
[    0.000000] Dentry cache hash table entries: 65536 (order: 6, 262144 bytes, linear)
[    0.000000] Inode-cache hash table entries: 32768 (order: 5, 131072 bytes, linear)
[    0.000000] Built 1 zonelists, mobility grouping on.  Total pages: 130560
[    0.000000] mem auto-init: stack:off, heap alloc:off, heap free:off
[    0.000000] SLUB: HWalign=16, Order=0-3, MinObjects=0, CPUs=1, Nodes=1
[    0.000000] rcu: Hierarchical RCU implementation.
[    0.000000] rcu: 	RCU event tracing is enabled.
[    0.000000] rcu: 	RCU restricting CPUs from NR_CPUS=2 to nr_cpu_ids=1.
[    0.000000] 	Tracing variant of Tasks RCU enabled.
[    0.000000] rcu: RCU calculated value of scheduler-enlistment delay is 10 jiffies.
[    0.000000] rcu: Adjusting geometry for rcu_fanout_leaf=16, nr_cpu_ids=1
[    0.000000] RCU Tasks Trace: Setting shift to 0 and lim to 1 rcu_task_cb_adjust=1 rcu_task_cpu_ids=1.
[    0.000000] NR_IRQS: 16, nr_irqs: 16, preallocated irqs: 16
[    0.000000] IRQ: Found an INTC at 0x(ptrval) (revision 5.0) with 128 interrupts
[    0.000000] rcu: srcu_init: Setting srcu_struct sizes based on contention.
[    0.000000] TI gptimer clocksource: always-on /ocp/interconnect@44c00000/segment@200000/target-module@31000
[    0.000003] sched_clock: 32 bits at 24MHz, resolution 41ns, wraps every 89478484971ns
[    0.000027] clocksource: dmtimer: mask: 0xffffffff max_cycles: 0xffffffff, max_idle_ns: 79635851949 ns
[    0.000523] TI gptimer clockevent: 24000000 Hz at /ocp/interconnect@48000000/segment@0/target-module@40000
[    0.002136] Console: colour dummy device 80x30
[    0.002203] WARNING: Your 'console=ttyO0' has been replaced by 'ttyS0'
[    0.002212] This ensures that you still see kernel messages. Please
[    0.002216] update your kernel commandline.
[    0.002259] Calibrating delay loop... 996.14 BogoMIPS (lpj=4980736)
[    0.090569] CPU: Testing write buffer coherency: ok
[    0.090682] CPU0: Spectre v2: using BPIALL workaround
[    0.090694] pid_max: default: 32768 minimum: 301
[    0.090847] LSM: initializing lsm=capability
[    0.091014] Mount-cache hash table entries: 1024 (order: 0, 4096 bytes, linear)
[    0.091034] Mountpoint-cache hash table entries: 1024 (order: 0, 4096 bytes, linear)
[    0.092598] CPU0: thread -1, cpu 0, socket -1, mpidr 0
[    0.092656] cacheinfo: Unable to detect cache hierarchy for CPU 0
[    0.094663] Setting up static identity map for 0x80100000 - 0x80100078
[    0.095008] rcu: Hierarchical SRCU implementation.
[    0.095020] rcu: 	Max phase no-delay instances is 1000.
[    0.096759] smp: Bringing up secondary CPUs ...
[    0.096810] smp: Brought up 1 node, 1 CPU
[    0.096823] SMP: Total of 1 processors activated (996.14 BogoMIPS).
[    0.096835] CPU: All CPU(s) started in SVC mode.
[    0.097032] Memory: 480856K/522240K available (11264K kernel code, 1218K rwdata, 2936K rodata, 1024K init, 254K bss, 23352K reserved, 16384K cma-reserved, 0K highmem)
[    0.097853] devtmpfs: initialized
[    0.115265] VFP support v0.3: implementor 41 architecture 3 part 30 variant c rev 3
[    0.115919] clocksource: jiffies: mask: 0xffffffff max_cycles: 0xffffffff, max_idle_ns: 19112604462750000 ns
[    0.115976] posixtimers hash table entries: 512 (order: 0, 4096 bytes, linear)
[    0.116003] futex hash table entries: 256 (16384 bytes on 1 NUMA nodes, total 16 KiB, linear).
[    0.117126] pinctrl core: initialized pinctrl subsystem
[    0.119268] NET: Registered PF_NETLINK/PF_ROUTE protocol family
[    0.122453] DMA: preallocated 256 KiB pool for atomic coherent allocations
[    0.123067] audit: initializing netlink subsys (disabled)
[    0.124403] thermal_sys: Registered thermal governor 'fair_share'
[    0.124415] thermal_sys: Registered thermal governor 'step_wise'
[    0.124426] thermal_sys: Registered thermal governor 'user_space'
[    0.124533] audit: type=2000 audit(0.120:1): state=initialized audit_enabled=0 res=1
[    0.124607] cpuidle: using governor menu
[    0.142509] /ocp/interconnect@44c00000/segment@200000/target-module@b000/i2c@0/tda19988@70: Fixed dependency cycle(s) with /ocp/interconnect@48000000/segment@300000/target-module@e000/lcdc@0
[    0.143653] /ocp/interconnect@48000000/segment@300000/target-module@e000/lcdc@0: Fixed dependency cycle(s) with /ocp/interconnect@44c00000/segment@200000/target-module@b000/i2c@0/tda19988@70
[    0.145871] No ATAGs?
[    0.145912] hw-breakpoint: debug architecture 0x4 unsupported.
[    0.149014] kprobes: kprobe jump-optimization is enabled. All kprobes are optimized if possible.
[    0.154047] iommu: Default domain type: Translated
[    0.154069] iommu: DMA domain TLB invalidation policy: strict mode
[    0.155638] reg-fixed-voltage fixedregulator0: using DT '/fixedregulator0' for '(default)' GPIO lookup
[    0.155693] of_get_named_gpiod_flags: can't parse 'gpios' property of node '/fixedregulator0[0]'
[    0.155723] of_get_named_gpiod_flags: can't parse 'gpio' property of node '/fixedregulator0[0]'
[    0.155741] reg-fixed-voltage fixedregulator0: using lookup tables for GPIO lookup
[    0.155751] reg-fixed-voltage fixedregulator0: No GPIO consumer (default) found
[    0.161473] SCSI subsystem initialized
[    0.161964] libata version 3.00 loaded.
[    0.162355] pps_core: LinuxPPS API ver. 1 registered
[    0.162367] pps_core: Software ver. 5.3.6 - Copyright 2005-2007 Rodolfo Giometti <giometti@linux.it>
[    0.162391] PTP clock support registered
[    0.171286] vgaarb: loaded
[    0.171666] clocksource: Switched to clocksource dmtimer
[    0.172347] VFS: Disk quotas dquot_6.6.0
[    0.172401] VFS: Dquot-cache hash table entries: 1024 (order 0, 4096 bytes)
[    0.196510] NET: Registered PF_INET protocol family
[    0.196845] IP idents hash table entries: 8192 (order: 4, 65536 bytes, linear)
[    0.198257] tcp_listen_portaddr_hash hash table entries: 512 (order: 0, 4096 bytes, linear)
[    0.198294] Table-perturb hash table entries: 65536 (order: 6, 262144 bytes, linear)
[    0.198314] TCP established hash table entries: 4096 (order: 2, 16384 bytes, linear)
[    0.198359] TCP bind hash table entries: 4096 (order: 4, 65536 bytes, linear)
[    0.198459] TCP: Hash tables configured (established 4096 bind 4096)
[    0.198579] UDP hash table entries: 256 (order: 1, 14336 bytes, linear)
[    0.198614] UDP-Lite hash table entries: 256 (order: 1, 14336 bytes, linear)
[    0.198804] NET: Registered PF_UNIX/PF_LOCAL protocol family
[    0.202938] RPC: Registered named UNIX socket transport module.
[    0.202959] RPC: Registered udp transport module.
[    0.202964] RPC: Registered tcp transport module.
[    0.202969] RPC: Registered tcp-with-tls transport module.
[    0.202974] RPC: Registered tcp NFSv4.1 backchannel transport module.
[    0.202999] PCI: CLS 0 bytes, default 64
[    0.204383] Initialise system trusted keyrings
[    0.212426] workingset: timestamp_bits=14 max_order=17 bucket_order=3
[    0.213859] NFS: Registering the id_resolver key type
[    0.213925] Key type id_resolver registered
[    0.213932] Key type id_legacy registered
[    0.214040] jffs2: version 2.2. (NAND) (SUMMARY)  Â© 2001-2006 Red Hat, Inc.
[    0.214499] Key type asymmetric registered
[    0.214516] Asymmetric key parser 'x509' registered
[    0.214586] io scheduler mq-deadline registered
[    0.214596] io scheduler kyber registered
[    0.214673] io scheduler bfq registered
[    0.216555] target-module@4b000000:target-module@140000:pmu@0:fck: device ID is greater than 24
[    0.222757] l3-aon-clkctrl:0000:0: failed to disable
[    0.231958] ledtrig-cpu: registered to indicate activity on CPUs
[    0.235723] Serial: 8250/16550 driver, 6 ports, IRQ sharing enabled
[    0.281927] brd: module loaded
[    0.290399] loop: module loaded
[    0.291336] mtdoops: mtd device (mtddev=name/number) must be supplied
[    0.293212] mdio_bus fixed-0: using lookup tables for GPIO lookup
[    0.293237] mdio_bus fixed-0: No GPIO consumer reset found
[    0.294640] i2c_dev: i2c /dev entries driver
[    0.295633] cpuidle: enable-method property 'ti,am3352' found operations
[    0.296072] sdhci: Secure Digital Host Controller Interface driver
[    0.296082] sdhci: Copyright(c) Pierre Ossman
[    0.296261] sdhci-pltfm: SDHCI platform and OF driver helper
[    0.302174] hw perfevents: enabled with armv7_cortex_a8 PMU driver, 5 (8000000f) counters available
[    0.302703] Initializing XFRM netlink socket
[    0.302887] NET: Registered PF_INET6 protocol family
[    0.308550] l3-aon-clkctrl:0000:0: failed to disable
[    0.309919] Segment Routing with IPv6
[    0.310001] In-situ OAM (IOAM) with IPv6
[    0.310096] sit: IPv6, IPv4 and MPLS over IPv4 tunneling driver
[    0.311049] NET: Registered PF_PACKET protocol family
[    0.311074] NET: Registered PF_KEY protocol family
[    0.311199] Key type dns_resolver registered
[    0.311424] ThumbEE CPU extension supported.
[    0.311442] Registering SWP/SWPB emulation handler
[    0.312176] omap_voltage_late_init: Voltage driver support not added
[    0.312897] SmartReflex Class3 initialized
[    0.345041] Loading compiled-in X.509 certificates
[    0.388057] /ocp/interconnect@44c00000/segment@200000/target-module@b000/i2c@0/tda19988@70: Fixed dependency cycle(s) with /ocp/interconnect@48000000/segment@300000/target-module@e000/lcdc@0
[    0.394719] /ocp/interconnect@44c00000/segment@200000/target-module@b000/i2c@0/tda19988@70: Fixed dependency cycle(s) with /ocp/interconnect@48000000/segment@300000/target-module@e000/lcdc@0
[    0.400251] gpiochip_find_base_unlocked: found new base at 512
[    0.420096] /ocp/interconnect@44c00000/segment@200000/target-module@b000/i2c@0/tda19988@70: Fixed dependency cycle(s) with /ocp/interconnect@48000000/segment@300000/target-module@e000/lcdc@0
[    0.420974] /ocp/interconnect@44c00000/segment@200000/target-module@b000/i2c@0/tda19988@70: Fixed dependency cycle(s) with /ocp/interconnect@48000000/segment@300000/target-module@e000/lcdc@0
[    0.424843] /ocp/interconnect@44c00000/segment@200000/target-module@10000/scm@0/pinmux@800: Fixed dependency cycle(s) with /ocp/interconnect@44c00000/segment@200000/target-module@10000/scm@0/pinmux@800/clkout2-pins
[    0.425440] pinctrl-single 44e10800.pinmux: 142 pins, size 568
[    0.430767] ti-sysc 44e31000.target-module: probe with driver ti-sysc failed with error -16
[    0.455182] /ocp/interconnect@48000000/segment@300000/target-module@e000/lcdc@0: Fixed dependency cycle(s) with /ocp/interconnect@44c00000/segment@200000/target-module@b000/i2c@0/tda19988@70
[    0.463507] ti-sysc 48040000.target-module: probe with driver ti-sysc failed with error -16
[    0.475149] gpiochip_find_base_unlocked: found new base at 512
[    0.475250] gpio gpiochip0: (gpio-0-31): created GPIO range 0->7 ==> 44e10800.pinmux PIN 0->7
[    0.475272] gpio gpiochip0: (gpio-0-31): created GPIO range 8->11 ==> 44e10800.pinmux PIN 90->93
[    0.475288] gpio gpiochip0: (gpio-0-31): created GPIO range 12->27 ==> 44e10800.pinmux PIN 12->27
[    0.475303] gpio gpiochip0: (gpio-0-31): created GPIO range 28->31 ==> 44e10800.pinmux PIN 30->33
[    0.534503] gpio gpiochip0: (gpio-0-31): added GPIO chardev (254:0)
[    0.534738] gpio gpiochip0: registered GPIOs 512 to 543 on gpio-0-31
[    0.534824] OMAP GPIO hardware version 0.1
[    0.557206] i2c i2c-2: using DT '/ocp/interconnect@48000000/segment@100000/target-module@9c000/i2c@0' for 'scl' GPIO lookup
[    0.557289] of_get_named_gpiod_flags: can't parse 'scl-gpios' property of node '/ocp/interconnect@48000000/segment@100000/target-module@9c000/i2c@0[0]'
[    0.557334] of_get_named_gpiod_flags: can't parse 'scl-gpio' property of node '/ocp/interconnect@48000000/segment@100000/target-module@9c000/i2c@0[0]'
[    0.557372] i2c i2c-2: using lookup tables for GPIO lookup
[    0.557382] i2c i2c-2: No GPIO consumer scl found
[    0.557403] i2c i2c-2: using DT '/ocp/interconnect@48000000/segment@100000/target-module@9c000/i2c@0' for 'sda' GPIO lookup
[    0.557441] of_get_named_gpiod_flags: can't parse 'sda-gpios' property of node '/ocp/interconnect@48000000/segment@100000/target-module@9c000/i2c@0[0]'
[    0.557479] of_get_named_gpiod_flags: can't parse 'sda-gpio' property of node '/ocp/interconnect@48000000/segment@100000/target-module@9c000/i2c@0[0]'
[    0.557511] i2c i2c-2: using lookup tables for GPIO lookup
[    0.557518] i2c i2c-2: No GPIO consumer sda found
[    0.558253] omap_i2c 4819c000.i2c: bus 2 rev0.11 at 100 kHz
[    0.564216] gpiochip_find_base_unlocked: found new base at 544
[    0.564317] gpio gpiochip1: (gpio-32-63): created GPIO range 0->17 ==> 44e10800.pinmux PIN 34->51
[    0.564337] gpio gpiochip1: (gpio-32-63): created GPIO range 18->21 ==> 44e10800.pinmux PIN 77->80
[    0.564353] gpio gpiochip1: (gpio-32-63): created GPIO range 22->31 ==> 44e10800.pinmux PIN 56->65
[    0.577616] gpio gpiochip1: (gpio-32-63): added GPIO chardev (254:1)
[    0.577840] gpio gpiochip1: registered GPIOs 544 to 575 on gpio-32-63
[    0.580154] gpiochip_find_base_unlocked: found new base at 576
[    0.580244] gpio gpiochip2: (gpio-64-95): created GPIO range 0->4 ==> 44e10800.pinmux PIN 66->70
[    0.580265] gpio gpiochip2: (gpio-64-95): created GPIO range 5->6 ==> 44e10800.pinmux PIN 98->99
[    0.580281] gpio gpiochip2: (gpio-64-95): created GPIO range 7->8 ==> 44e10800.pinmux PIN 75->76
[    0.580296] gpio gpiochip2: (gpio-64-95): created GPIO range 13->13 ==> 44e10800.pinmux PIN 141->141
[    0.580312] gpio gpiochip2: (gpio-64-95): created GPIO range 14->21 ==> 44e10800.pinmux PIN 100->107
[    0.598902] gpio gpiochip2: (gpio-64-95): added GPIO chardev (254:2)
[    0.599136] gpio gpiochip2: registered GPIOs 576 to 607 on gpio-64-95
[    0.605115] 48000000.interconnect:segment@200000:target-module@0:mpu@0:fck: device ID is greater than 24
[    0.606029] /ocp/interconnect@48000000/segment@300000/target-module@e000/lcdc@0: Fixed dependency cycle(s) with /ocp/interconnect@44c00000/segment@200000/target-module@b000/i2c@0/tda19988@70
[    0.608887] /ocp/interconnect@48000000/segment@300000/target-module@e000/lcdc@0: Fixed dependency cycle(s) with /ocp/interconnect@44c00000/segment@200000/target-module@b000/i2c@0/tda19988@70
[    0.609588] /ocp/interconnect@44c00000/segment@200000/target-module@b000/i2c@0/tda19988@70: Fixed dependency cycle(s) with /ocp/interconnect@48000000/segment@300000/target-module@e000/lcdc@0
[    0.609753] /ocp/interconnect@48000000/segment@300000/target-module@e000/lcdc@0: Fixed dependency cycle(s) with /ocp/interconnect@44c00000/segment@200000/target-module@b000/i2c@0/tda19988@70
[    0.619520] mdio_bus 4a101000.mdio: using DT '/ocp/interconnect@4a000000/segment@0/target-module@100000/switch@0/mdio@1000' for 'reset' GPIO lookup
[    0.619594] of_get_named_gpiod_flags: can't parse 'reset-gpios' property of node '/ocp/interconnect@4a000000/segment@0/target-module@100000/switch@0/mdio@1000[0]'
[    0.619640] of_get_named_gpiod_flags: can't parse 'reset-gpio' property of node '/ocp/interconnect@4a000000/segment@0/target-module@100000/switch@0/mdio@1000[0]'
[    0.619687] mdio_bus 4a101000.mdio: using lookup tables for GPIO lookup
[    0.619697] mdio_bus 4a101000.mdio: No GPIO consumer reset found
[    0.620623] sdhci-omap 481d8000.mmc: using DT '/ocp/interconnect@48000000/segment@100000/target-module@d8000/mmc@0' for 'wp' GPIO lookup
[    0.620682] of_get_named_gpiod_flags: can't parse 'wp-gpios' property of node '/ocp/interconnect@48000000/segment@100000/target-module@d8000/mmc@0[0]'
[    0.620724] of_get_named_gpiod_flags: can't parse 'wp-gpio' property of node '/ocp/interconnect@48000000/segment@100000/target-module@d8000/mmc@0[0]'
[    0.620758] sdhci-omap 481d8000.mmc: using lookup tables for GPIO lookup
[    0.620767] sdhci-omap 481d8000.mmc: No GPIO consumer wp found
[    0.620962] sdhci-omap 481d8000.mmc: supply pbias not found, using dummy regulator
[    0.621446] sdhci-omap 481d8000.mmc: supply vqmmc not found, using dummy regulator
[    0.671794] davinci_mdio 4a101000.mdio: davinci mdio revision 1.6, bus freq 1000000
[    0.689752] mdio_bus 4a101000.mdio:00: using DT '/ocp/interconnect@4a000000/segment@0/target-module@100000/switch@0/mdio@1000/ethernet-phy@0' for 'reset' GPIO lookup
[    0.689853] of_get_named_gpiod_flags: parsed 'reset-gpios' property of node '/ocp/interconnect@4a000000/segment@0/target-module@100000/switch@0/mdio@1000/ethernet-phy@0[0]' - status (0)
[    0.690019] gpio gpiochip0: Persistence not supported for GPIO 8
[    0.764719] mdio_bus 4a101000.mdio:00: Resources present before probing
[    0.764760] davinci_mdio 4a101000.mdio: phy[0]: device 4a101000.mdio:00, driver unknown
[    0.765536] cpsw-switch 4a100000.switch: initialized cpsw ale version 1.4
[    0.765557] cpsw-switch 4a100000.switch: ALE Table size 1024, Policers 0
[    0.765708] cpsw-switch 4a100000.switch: cpts: overflow check period 500 (jiffies)
[    0.765725] cpsw-switch 4a100000.switch: CPTS: ref_clk_freq:250000000 calc_mult:2147483648 calc_shift:29 error:0 nsec/sec
[    0.765833] cpsw-switch 4a100000.switch: Detected MACID = 6c:ec:eb:68:de:78
[    0.767681] cpsw-switch 4a100000.switch: initialized (regs 0x4a100000, pool size 256) hw_ver:0019010C 1.12 (0)
[    0.778754] debugfs: '49000000.dma' already exists in 'dmaengine'
[    0.778796] edma 49000000.dma: TI EDMA DMA engine driver
[    0.834324] gpio-clk clk_mcasp0: using DT '/clk_mcasp0' for 'enable' GPIO lookup
[    0.834402] of_get_named_gpiod_flags: parsed 'enable-gpios' property of node '/clk_mcasp0[0]' - status (0)
[    0.834447] gpio gpiochip0: Persistence not supported for GPIO 27
[    0.835304] gpiochip_find_base_unlocked: found new base at 608
[    0.835417] gpio gpiochip3: (gpio-96-127): created GPIO range 0->7 ==> 44e10800.pinmux PIN 82->89
[    0.835440] gpio gpiochip3: (gpio-96-127): created GPIO range 8->11 ==> 44e10800.pinmux PIN 52->55
[    0.835456] gpio gpiochip3: (gpio-96-127): created GPIO range 12->15 ==> 44e10800.pinmux PIN 94->97
[    0.835472] gpio gpiochip3: (gpio-96-127): created GPIO range 16->17 ==> 44e10800.pinmux PIN 71->72
[    0.835488] gpio gpiochip3: (gpio-96-127): created GPIO range 18->18 ==> 44e10800.pinmux PIN 135->135
[    0.835504] gpio gpiochip3: (gpio-96-127): created GPIO range 19->20 ==> 44e10800.pinmux PIN 108->109
[    0.835521] gpio gpiochip3: (gpio-96-127): created GPIO range 21->21 ==> 44e10800.pinmux PIN 73->73
[    0.835538] gpio gpiochip3: (gpio-96-127): created GPIO range 22->23 ==> 44e10800.pinmux PIN 8->9
[    0.835556] gpio gpiochip3: (gpio-96-127): created GPIO range 26->27 ==> 44e10800.pinmux PIN 10->11
[    0.835573] gpio gpiochip3: (gpio-96-127): created GPIO range 28->28 ==> 44e10800.pinmux PIN 74->74
[    0.835591] gpio gpiochip3: (gpio-96-127): created GPIO range 29->29 ==> 44e10800.pinmux PIN 81->81
