Labgrid Console Logfile for main
Logfile started at 2024-10-10 16:04:20.295006
=== Log starts here ===
reading args
spl_load_image_fat_os: error reading image args, err - -1
reading u-boot.img
reading u-boot.img


U-Boot 2014.04-00014-g47880f5 (Apr 22 2014 - 13:23:54)

I2C:   ready
DRAM:  512 MiB
NAND:  0 MiB
MMC:   OMAP SD/MMC: 0, OMAP SD/MMC: 1
*** Warning - readenv() failed, using default environment

Net:   <ethaddr> not set. Validating first E-fuse MAC
cpsw, usb_ether
Hit any key to stop autoboot:  1  0 
gpio: pin 53 (gpio 53) value is 1
mmc0 is current device
gpio: pin 54 (gpio 54) value is 1
SD/MMC found on device 0
reading uEnv.txt
569 bytes read in 4 ms (138.7 KiB/s)
gpio: pin 55 (gpio 55) value is 1
Loaded environment from uEnv.txt
Importing environment from mmc ...
Checking if uenvcmd is set ...
gpio: pin 56 (gpio 56) value is 1
Running uenvcmd ...
cpsw Waiting for PHY auto negotiation to complete. done
link up on port 0, speed 100, full duplex
Using cpsw device
TFTP from server 192.168.255.126; our IP address is 192.168.255.1
Filename 'zImage'.
Load address: 0x81000000
Loading: *#################################################################
	 #################################################################
	 #################################################################
	 #################################################################
	 #################################################################
	 ##############################################
	 2.4 MiB/s
done
Bytes transferred = 5431928 (52e278 hex)
link up on port 0, speed 100, full duplex
Using cpsw device
TFTP from server 192.168.255.126; our IP address is 192.168.255.1
Filename 'am335x-boneblack.dtb'.
Load address: 0x82000000
Loading: *#######
	 2.3 MiB/s
done
Bytes transferred = 97996 (17ecc hex)
Kernel image @ 0x81000000 [ 0x000000 - 0x52e278 ]
## Flattened Device Tree blob at 82000000
   Booting using the fdt blob at 0x82000000
   Using Device Tree in place at 82000000, end 8201aecb

Starting kernel ...

[    0.000000] Booting Linux on physical CPU 0x0
[    0.000000] Linux version 6.10.14 (user01@drvtest01) (arm-linux-gnueabihf-gcc (Linaro GCC 6.4-2017.11) 6.4.1 20171012, GNU ld (Linaro_Binutils-2017.11) 2.27.0.20161229) #5 SMP Thu Oct 10 16:02:03 EEST 2024
[    0.000000] CPU: ARMv7 Processor [413fc082] revision 2 (ARMv7), cr=10c5387d
[    0.000000] CPU: PIPT / VIPT nonaliasing data cache, VIPT aliasing instruction cache
[    0.000000] OF: fdt: Machine model: TI AM335x BeagleBone Black
[    0.000000] Memory policy: Data cache writeback
[    0.000000] cma: Reserved 16 MiB at 0x9e800000 on node -1
[    0.000000] Zone ranges:
[    0.000000]   Normal   [mem 0x0000000080000000-0x000000009fdfffff]
[    0.000000]   HighMem  empty
[    0.000000] Movable zone start for each node
[    0.000000] Early memory node ranges
[    0.000000]   node   0: [mem 0x0000000080000000-0x000000009fdfffff]
[    0.000000] Initmem setup node 0 [mem 0x0000000080000000-0x000000009fdfffff]
[    0.000000] CPU: All CPU(s) started in SVC mode.
[    0.000000] AM335X ES2.1 (sgx neon)
[    0.000000] percpu: Embedded 17 pages/cpu s39828 r8192 d21612 u69632
[    0.000000] Kernel command line: console=ttyO0,115200n8 root=/dev/nfs rw nfsroot=192.168.255.126:/home/user01/nfs,nfsvers=3 ip=192.168.255.1:192.168.255.126::255.255.255.0:bbb1:eth0 nfsrootdebug
[    0.000000] Unknown kernel command line parameters "nfsrootdebug", will be passed to user space.
[    0.000000] Dentry cache hash table entries: 65536 (order: 6, 262144 bytes, linear)
[    0.000000] Inode-cache hash table entries: 32768 (order: 5, 131072 bytes, linear)
[    0.000000] Built 1 zonelists, mobility grouping on.  Total pages: 130560
[    0.000000] mem auto-init: stack:off, heap alloc:off, heap free:off
[    0.000000] Memory: 482516K/522240K available (11264K kernel code, 1193K rwdata, 2844K rodata, 1024K init, 296K bss, 23340K reserved, 16384K cma-reserved, 0K highmem)
[    0.000000] SLUB: HWalign=64, Order=0-3, MinObjects=0, CPUs=1, Nodes=1
[    0.000000] trace event string verifier disabled
[    0.000000] rcu: Hierarchical RCU implementation.
[    0.000000] rcu: 	RCU event tracing is enabled.
[    0.000000] rcu: 	RCU restricting CPUs from NR_CPUS=2 to nr_cpu_ids=1.
[    0.000000] rcu: RCU calculated value of scheduler-enlistment delay is 10 jiffies.
[    0.000000] rcu: Adjusting geometry for rcu_fanout_leaf=16, nr_cpu_ids=1
[    0.000000] NR_IRQS: 16, nr_irqs: 16, preallocated irqs: 16
[    0.000000] IRQ: Found an INTC at 0x(ptrval) (revision 5.0) with 128 interrupts
[    0.000000] rcu: srcu_init: Setting srcu_struct sizes based on contention.
[    0.000000] TI gptimer clocksource: always-on /ocp/interconnect@44c00000/segment@200000/target-module@31000
[    0.000002] sched_clock: 32 bits at 24MHz, resolution 41ns, wraps every 89478484971ns
[    0.000029] clocksource: dmtimer: mask: 0xffffffff max_cycles: 0xffffffff, max_idle_ns: 79635851949 ns
[    0.000504] TI gptimer clockevent: 24000000 Hz at /ocp/interconnect@48000000/segment@0/target-module@40000
[    0.002147] Console: colour dummy device 80x30
[    0.002200] WARNING: Your 'console=ttyO0' has been replaced by 'ttyS0'
[    0.002210] This ensures that you still see kernel messages. Please
[    0.002216] update your kernel commandline.
[    0.002260] Calibrating delay loop... 996.14 BogoMIPS (lpj=4980736)
[    0.090559] CPU: Testing write buffer coherency: ok
[    0.090669] CPU0: Spectre v2: using BPIALL workaround
[    0.090682] pid_max: default: 32768 minimum: 301
[    0.090810] LSM: initializing lsm=capability
[    0.090984] Mount-cache hash table entries: 1024 (order: 0, 4096 bytes, linear)
[    0.091008] Mountpoint-cache hash table entries: 1024 (order: 0, 4096 bytes, linear)
[    0.092575] CPU0: thread -1, cpu 0, socket -1, mpidr 0
[    0.094290] Setting up static identity map for 0x80100000 - 0x80100078
[    0.094601] rcu: Hierarchical SRCU implementation.
[    0.094615] rcu: 	Max phase no-delay instances is 1000.
[    0.096262] smp: Bringing up secondary CPUs ...
[    0.096322] smp: Brought up 1 node, 1 CPU
[    0.096336] SMP: Total of 1 processors activated (996.14 BogoMIPS).
[    0.096349] CPU: All CPU(s) started in SVC mode.
[    0.097312] devtmpfs: initialized
[    0.114851] VFP support v0.3: implementor 41 architecture 3 part 30 variant c rev 3
[    0.115214] clocksource: jiffies: mask: 0xffffffff max_cycles: 0xffffffff, max_idle_ns: 19112604462750000 ns
[    0.115250] futex hash table entries: 256 (order: 2, 16384 bytes, linear)
[    0.116527] pinctrl core: initialized pinctrl subsystem
[    0.119299] NET: Registered PF_NETLINK/PF_ROUTE protocol family
[    0.122380] DMA: preallocated 256 KiB pool for atomic coherent allocations
[    0.123376] audit: initializing netlink subsys (disabled)
[    0.124799] thermal_sys: Registered thermal governor 'fair_share'
[    0.124819] thermal_sys: Registered thermal governor 'step_wise'
[    0.124831] thermal_sys: Registered thermal governor 'user_space'
[    0.124950] audit: type=2000 audit(0.120:1): state=initialized audit_enabled=0 res=1
[    0.125025] cpuidle: using governor menu
[    0.143917] No ATAGs?
[    0.143949] hw-breakpoint: debug architecture 0x4 unsupported.
[    0.146862] kprobes: kprobe jump-optimization is enabled. All kprobes are optimized if possible.
[    0.163845] iommu: Default domain type: Translated
[    0.163871] iommu: DMA domain TLB invalidation policy: strict mode
[    0.171507] SCSI subsystem initialized
[    0.172341] pps_core: LinuxPPS API ver. 1 registered
[    0.172354] pps_core: Software ver. 5.3.6 - Copyright 2005-2007 Rodolfo Giometti <giometti@linux.it>
[    0.172380] PTP clock support registered
[    0.180821] vgaarb: loaded
[    0.181222] clocksource: Switched to clocksource dmtimer
[    0.181843] VFS: Disk quotas dquot_6.6.0
[    0.181891] VFS: Dquot-cache hash table entries: 1024 (order 0, 4096 bytes)
[    0.213393] NET: Registered PF_INET protocol family
[    0.213752] IP idents hash table entries: 8192 (order: 4, 65536 bytes, linear)
[    0.215126] tcp_listen_portaddr_hash hash table entries: 512 (order: 0, 4096 bytes, linear)
[    0.215163] Table-perturb hash table entries: 65536 (order: 6, 262144 bytes, linear)
[    0.215181] TCP established hash table entries: 4096 (order: 2, 16384 bytes, linear)
[    0.215226] TCP bind hash table entries: 4096 (order: 4, 65536 bytes, linear)
[    0.215327] TCP: Hash tables configured (established 4096 bind 4096)
[    0.215456] UDP hash table entries: 256 (order: 1, 8192 bytes, linear)
[    0.215487] UDP-Lite hash table entries: 256 (order: 1, 8192 bytes, linear)
[    0.215664] NET: Registered PF_UNIX/PF_LOCAL protocol family
[    0.216906] RPC: Registered named UNIX socket transport module.
[    0.216930] RPC: Registered udp transport module.
[    0.216938] RPC: Registered tcp transport module.
[    0.216945] RPC: Registered tcp-with-tls transport module.
[    0.216952] RPC: Registered tcp NFSv4.1 backchannel transport module.
[    0.216977] PCI: CLS 0 bytes, default 64
[    0.218639] Initialise system trusted keyrings
[    0.231932] workingset: timestamp_bits=14 max_order=17 bucket_order=3
[    0.233270] NFS: Registering the id_resolver key type
[    0.233347] Key type id_resolver registered
[    0.233356] Key type id_legacy registered
[    0.233408] jffs2: version 2.2. (NAND) (SUMMARY)  Â© 2001-2006 Red Hat, Inc.
[    0.233814] Key type asymmetric registered
[    0.233832] Asymmetric key parser 'x509' registered
[    0.233902] io scheduler mq-deadline registered
[    0.233915] io scheduler kyber registered
[    0.233987] io scheduler bfq registered
[    0.245712] Serial: 8250/16550 driver, 6 ports, IRQ sharing enabled
[    0.309429] brd: module loaded
[    0.332554] loop: module loaded
[    0.333514] mtdoops: mtd device (mtddev=name/number) must be supplied
[    0.336778] i2c_dev: i2c /dev entries driver
[    0.337784] cpuidle: enable-method property 'ti,am3352' found operations
[    0.338240] sdhci: Secure Digital Host Controller Interface driver
[    0.338253] sdhci: Copyright(c) Pierre Ossman
[    0.338431] sdhci-pltfm: SDHCI platform and OF driver helper
[    0.338716] ledtrig-cpu: registered to indicate activity on CPUs
[    0.339471] Initializing XFRM netlink socket
[    0.339593] NET: Registered PF_INET6 protocol family
[    0.353252] Segment Routing with IPv6
[    0.353351] In-situ OAM (IOAM) with IPv6
[    0.353450] sit: IPv6, IPv4 and MPLS over IPv4 tunneling driver
[    0.354416] NET: Registered PF_PACKET protocol family
[    0.354456] NET: Registered PF_KEY protocol family
[    0.354592] Key type dns_resolver registered
[    0.354865] ThumbEE CPU extension supported.
[    0.354887] Registering SWP/SWPB emulation handler
[    0.355412] omap_voltage_late_init: Voltage driver support not added
[    0.355764] SmartReflex Class3 initialized
[    0.387815] Loading compiled-in X.509 certificates
[    0.469454] platform 44e10800.pinmux: Fixed dependency cycle(s) with /ocp/interconnect@44c00000/segment@200000/target-module@10000/scm@0/pinmux@800/clkout2-pins
[    0.470017] pinctrl-single 44e10800.pinmux: 142 pins, size 568
[    0.475401] ti-sysc 44e31000.target-module: probe with driver ti-sysc failed with error -16
[    0.528590] ti-sysc 48040000.target-module: probe with driver ti-sysc failed with error -16
[    0.556198] OMAP GPIO hardware version 0.1
[    0.599047] omap_i2c 4819c000.i2c: bus 2 rev0.11 at 100 kHz
[    0.623021] 48000000.interconnect:segment@200000:target-module@0:mpu@0:fck: device ID is greater than 24
[    0.627187] platform 4830e000.lcdc: Fixed dependency cycle(s) with /ocp/interconnect@44c00000/segment@200000/target-module@b000/i2c@0/tda19988@70
[    0.638274] sdhci-omap 481d8000.mmc: supply pbias not found, using dummy regulator
[    0.638767] sdhci-omap 481d8000.mmc: supply vqmmc not found, using dummy regulator
[    0.718908] davinci_mdio 4a101000.mdio: davinci mdio revision 1.6, bus freq 1000000
[    0.838316] davinci_mdio 4a101000.mdio: phy[0]: device 4a101000.mdio:00, driver SMSC LAN8710/LAN8720
[    0.838981] cpsw-switch 4a100000.switch: initialized cpsw ale version 1.4
[    0.839004] cpsw-switch 4a100000.switch: ALE Table size 1024
[    0.839169] cpsw-switch 4a100000.switch: cpts: overflow check period 500 (jiffies)
[    0.839188] cpsw-switch 4a100000.switch: CPTS: ref_clk_freq:250000000 calc_mult:2147483648 calc_shift:29 error:0 nsec/sec
[    0.839288] cpsw-switch 4a100000.switch: Detected MACID = 6c:ec:eb:68:de:78
[    0.841128] cpsw-switch 4a100000.switch: initialized (regs 0x4a100000, pool size 256) hw_ver:0019010C 1.12 (0)
[    0.852409] debugfs: Directory '49000000.dma' with parent 'dmaengine' already present!
[    0.852457] edma 49000000.dma: TI EDMA DMA engine driver
[    0.890599] target-module@4b000000:target-module@140000:pmu@0:fck: device ID is greater than 24
[    0.909503] hw perfevents: enabled with armv7_cortex_a8 PMU driver, 5 counters available
[    0.916222] 44e09000.serial: ttyS0 at MMIO 0x44e09000 (irq = 34, base_baud = 3000000) is a 8250
[    0.916306] printk: legacy console [ttyS0] enabled
[    1.925048] l3-aon-clkctrl:0000:0: failed to disable
[    1.988094] tps65217-pmic: Failed to locate of_node [id: -1]
[    1.994243] tps65217-bl: Failed to locate of_node [id: -1]
[    2.073022] tps65217 0-0024: TPS65217 ID 0xe version 1.2
[    2.079074] platform 4830e000.lcdc: Fixed dependency cycle(s) with /ocp/interconnect@44c00000/segment@200000/target-module@b000/i2c@0/tda19988@70
[    2.092536] i2c 0-0070: Fixed dependency cycle(s) with /ocp/interconnect@48000000/segment@300000/target-module@e000/lcdc@0
[    2.103943] omap_i2c 44e0b000.i2c: bus 0 rev0.11 at 400 kHz
[    2.135714] omap_gpio 44e07000.gpio: Could not set line 6 debounce to 200000 microseconds (-22)
[    2.144629] sdhci-omap 48060000.mmc: Got CD GPIO
[    2.149638] sdhci-omap 48060000.mmc: supply pbias not found, using dummy regulator
[    2.183421] sdhci-omap 48060000.mmc: supply vqmmc not found, using dummy regulator
[    2.201975] sdhci-omap 481d8000.mmc: supply pbias not found, using dummy regulator
[    2.210474] sdhci-omap 481d8000.mmc: supply vqmmc not found, using dummy regulator
[    2.257454] mmc0: SDHCI controller on 48060000.mmc [48060000.mmc] using External DMA
[    2.270104] mmc1: SDHCI controller on 481d8000.mmc [481d8000.mmc] using External DMA
[    2.278700] cpsw-switch 4a100000.switch: starting ndev. mode: dual_mac
[    2.330959] mmc0: new high speed SDHC card at address 5048
[    2.338050] mmcblk0: mmc0:5048 SD16G 14.4 GiB
[    2.346072]  mmcblk0: p1 p2
[    2.349456] mmcblk0: p2 size 31221760 extends beyond EOD, truncated
[    2.363917] mmc1: new high speed MMC card at address 0001
[    2.370653] mmcblk1: mmc1:0001 MMC04G 3.60 GiB
[    2.378374]  mmcblk1: p1 p2
[    2.381746] SMSC LAN8710/LAN8720 4a101000.mdio:00: attached PHY driver (mii_bus:phy_addr=4a101000.mdio:00, irq=POLL)
[    2.393516] mmcblk1boot0: mmc1:0001 MMC04G 2.00 MiB
[    2.400505] mmcblk1boot1: mmc1:0001 MMC04G 2.00 MiB
[    2.413654] mmcblk1rpmb: mmc1:0001 MMC04G 128 KiB, chardev (250:0)
[    5.521973] cpsw-switch 4a100000.switch eth0: Link is Up - 100Mbps/Full - flow control off
[    5.561239] IP-Config: Complete:
[    5.564508]      device=eth0, hwaddr=6c:ec:eb:68:de:78, ipaddr=192.168.255.1, mask=255.255.255.0, gw=255.255.255.255
[    5.575130]      host=bbb1, domain=, nis-domain=(none)
[    5.580296]      bootserver=192.168.255.126, rootserver=192.168.255.126, rootpath=
[    5.580714] clk: Disabling unused clocks
[    5.592566] PM: genpd: Disabling unused power domains
[    5.597686] KTAP version 1
[    5.600405] 1..0
[    5.625253] VFS: Mounted root (nfs filesystem) on device 0:17.
[    5.632474] devtmpfs: mounted
[    5.637127] Freeing unused kernel image (initmem) memory: 1024K
[    5.643962] Run /sbin/init as init process
[    6.338974] systemd[1]: System time before build time, advancing clock.
[    7.811243] random: crng init done
[    7.872972] systemd[1]: systemd 232 running in system mode. (+PAM +AUDIT +SELINUX +IMA +APPARMOR +SMACK +SYSVINIT +UTMP +LIBCRYPTSETUP +GCRYPT +GNUTLS +ACL +XZ +LZ4 +SECCOMP +BLKID +ELFUTILS +KMOD +IDN)
[    7.892082] systemd[1]: Detected architecture arm.

Welcome to [1mDebian GNU/Linux 9 (stretch)[0m!

[    7.934162] systemd[1]: Set hostname to <arm>.
[    9.032188] systemd[1]: Listening on udev Control Socket.
[[0;32m  OK  [0m] Listening on udev Control Socket.
[    9.063325] systemd[1]: Listening on Journal Socket.
[[0;32m  OK  [0m] Listening on Journal Socket.
[    9.102146] systemd[1]: Started Dispatch Password Requests to Console Directory Watch.
[[0;32m  OK  [0m] Started Dispatch Password Requests to Console Directory Watch.
[    9.143128] systemd[1]: Listening on /dev/initctl Compatibility Named Pipe.
[[0;32m  OK  [0m] Listening on /dev/initctl Compatibility Named Pipe.
[    9.182251] systemd[1]: Listening on Journal Audit Socket.
[[0;32m  OK  [0m] Listening on Journal Audit Socket.
[    9.222940] systemd[1]: Set up automount Arbitrary Executable File Formats File System Automount Point.
[[0;32m  OK  [0m] Set up automount Arbitrary Executabâ€¦rmats File System Automount Point.
[    9.261640] systemd[1]: Reached target Remote File Systems.
[[0;32m  OK  [0m] Reached target Remote File Systems.
[[0;32m  OK  [0m] Listening on udev Kernel Socket.
[[0;32m  OK  [0m] Reached target Swap.
[[0;32m  OK  [0m] Listening on Syslog Socket.
[[0;32m  OK  [0m] Started Forward Password Requests to Wall Directory Watch.
[[0;32m  OK  [0m] Reached target Encrypted Volumes.
[[0;32m  OK  [0m] Listening on Journal Socket (/dev/log).
[[0;32m  OK  [0m] Created slice System Slice.
         Mounting POSIX Message Queue File System...
[[0;32m  OK  [0m] Created slice system-getty.slice.
         Starting Remount Root and Kernel File Systems...
         Starting Load Kernel Modules...
[[0;32m  OK  [0m] Created slice system-serial\x2dgetty.slice.
         Starting Create list of required stâ€¦ce nodes for the current kernel...
         Mounting Debug File System...
         Starting Journal Service...
[[0;32m  OK  [0m] Reached target Paths.
[[0;32m  OK  [0m] Created slice User and Session Slice.
[[0;32m  OK  [0m] Reached target Slices.
[[0;32m  OK  [0m] Mounted POSIX Message Queue File System.
[[0;32m  OK  [0m] Mounted Debug File System.
[[0;32m  OK  [0m] Started Remount Root and Kernel File Systems.
[[0;32m  OK  [0m] Started Load Kernel Modules.
[[0;32m  OK  [0m] Started Create list of required staâ€¦vice nodes for the current kernel.
         Starting Create Static Device Nodes in /dev...
         Starting Apply Kernel Variables...
         Mounting Configuration File System...
         Starting Load/Save Random Seed...
         Starting udev Coldplug all Devices...
[[0;32m  OK  [0m] Mounted Configuration File System.
[[0;32m  OK  [0m] Started Apply Kernel Variables.
[[0;32m  OK  [0m] Started Load/Save Random Seed.
[[0;32m  OK  [0m] Started Create Static Device Nodes in /dev.
         Starting udev Kernel Device Manager...
[[0;32m  OK  [0m] Reached target Local File Systems (Pre).
[[0;32m  OK  [0m] Reached target Local File Systems.
         Starting Raise network interfaces...
[[0;32m  OK  [0m] Started Journal Service.
         Starting Flush Journal to Persistent Storage...
[   11.636999] systemd-journald[92]: Received request to flush runtime journal from PID 1
[[0;32m  OK  [0m] Started Flush Journal to Persistent Storage.
         Starting Create Volatile Files and Directories...
[[0;32m  OK  [0m] Started udev Kernel Device Manager.
[[0;32m  OK  [0m] Started Create Volatile Files and Directories.
         Starting Update UTMP about System Boot/Shutdown...
         Starting Network Time Synchronization...
[[0;32m  OK  [0m] Started Update UTMP about System Boot/Shutdown.
[[0;32m  OK  [0m] Started udev Coldplug all Devices.
[   14.800971] remoteproc remoteproc0: wkup_m3 is available
[[0;32m  OK  [0m] Started Network Time Synchronization.
[   15.065312] omap_rtc 44e3e000.rtc: registered as rtc0
[   15.070490] omap_rtc 44e3e000.rtc: setting system clock to 2000-01-01T00:00:00 UTC (946684800)
[   15.101673] omap_wdt: OMAP Watchdog Timer Rev 0x01: initial timeout 60 sec
[[0;32m  OK  [0m] Reached target System Initialization.
[[0;32m  OK  [0m] Listening on Avahi mDNS/DNS-SD Stack Activation Socket.
[[0;32m  OK  [0m] Started Daily Cleanup of Temporary Directories.
[   15.283338] am335x-phy-driver 47401300.usb-phy: dummy supplies not allowed for exclusive requests (id=vbus)
[[0;32m  OK  [0m] Listening on D-Bus System Message Bus Socket.
[[0;32m  OK  [0m] Reached target Sockets.
[[0;32m  OK  [0m] Reached target Basic System.
[   15.504704] at24 2-0054: supply vcc not found, using dummy regulator
         Starting LSB: Load kernel modules needed to enable cpufreq scaling...
[   15.632941] at24 2-0055: supply vcc not found, using dummy regulator
         Starting Login Service...
[   15.786551] at24 2-0056: supply vcc not found, using dummy regulator
         Starting Generic Board Startup...
[   15.883371] at24 2-0057: supply vcc not found, using dummy regulator
[   15.900568] tps6521x_pwrbutton tps65217-pwrbutton: DMA mask not set
[   15.953437] am335x-phy-driver 47401b00.usb-phy: dummy supplies not allowed for exclusive requests (id=vbus)
[   16.034405] input: tps65217_pwrbutton as /devices/platform/ocp/44c00000.interconnect/44c00000.interconnect:segment@200000/44e0b000.target-module/44e0b000.i2c/i2c-0/0-0024/tps65217-pwrbutton/input/input0
[   16.062426] at24 0-0050: 32768 byte 24c256 EEPROM, writable, 1 bytes/write
[   16.106824] wkup_m3_ipc 44e11324.wkup_m3_ipc: IPC Request for A8->M3 Channel failed! -517
[[0;32m  OK  [0m] Started Regular background program processing daemon.
[   16.260411] wkup_m3_ipc 44e11324.wkup_m3_ipc: IPC Request for A8->M3 Channel failed! -517
[[0;32m  OK  [0m] Started D-Bus System Message Bus.
[   16.791039] usbcore: registered new interface driver usbfs
[   16.796973] usbcore: registered new interface driver hub
[   16.802517] usbcore: registered new device driver usb
[   17.417906] tda998x 0-0070: found TDA19988
[   17.523440] wkup_m3_ipc 44e11324.wkup_m3_ipc: IPC Request for A8->M3 Channel failed! -517
[   17.640910] musb-hdrc musb-hdrc.1: MUSB HDRC host driver
[   17.646545] musb-hdrc musb-hdrc.1: new USB bus registered, assigned bus number 1
[   17.658818] wkup_m3_ipc 44e11324.wkup_m3_ipc: IPC Request for A8->M3 Channel failed! -517
[   17.831559] usb usb1: New USB device found, idVendor=1d6b, idProduct=0002, bcdDevice= 6.10
[   17.839919] usb usb1: New USB device strings: Mfr=3, Product=2, SerialNumber=1
[   17.847521] usb usb1: Product: MUSB HDRC host driver
[   17.852597] usb usb1: Manufacturer: Linux 6.10.14 musb-hcd
[   17.858115] usb usb1: SerialNumber: musb-hdrc.1
[   17.931000] omap-mailbox 480c8000.mailbox: omap mailbox rev 0x400
[   17.998467] hub 1-0:1.0: USB hub found
[   18.016610] remoteproc remoteproc0: powering up wkup_m3
[   18.056698] hub 1-0:1.0: 1 port detected
[   18.182300] remoteproc remoteproc0: Direct firmware load for am335x-pm-firmware.elf failed with error -2
[   18.192001] remoteproc remoteproc0: request_firmware failed: -2
[   18.197961] wkup_m3_ipc 44e11324.wkup_m3_ipc: rproc_boot failed
[   19.683337] omap_rng 48310000.rng: Random Number Generator ver. 20
[   19.762625] tilcdc 4830e000.lcdc: bound 0-0070 (ops 0xbf081030)
[   19.901072] [drm] Initialized tilcdc 1.0.0 20121205 for 4830e000.lcdc on minor 0
[   19.996342] tilcdc 4830e000.lcdc: [drm] Cannot find any crtc or sizes
[   20.021841] tilcdc 4830e000.lcdc: [drm] Cannot find any crtc or sizes
         Starting Connection service...
         Starting Telephony service...
         Starting Avahi mDNS/DNS-SD Stack...
         Starting DUN service...
         Starting LSB: Start busybox udhcpd at boot time...
         Starting Cape Manager Service...
         Starting System Logging Service...
[[0;32m  OK  [0m] Reached target System Time Synchronized.
[   21.165256] PM: Cannot get wkup_m3_ipc handle
[   21.241802] omap-sham 53100000.sham: hw accel on OMAP rev 4.3
[[0;32m  OK  [0m] Started Daily apt download activities.
[   21.445662] omap-sham 53100000.sham: will run requests pump with realtime priority
[   21.457332] PM: Cannot get wkup_m3_ipc handle
[[0;32m  OK  [0m] Started Daily apt upgrade and clean activities.
[[0;32m  OK  [0m] Reached target Timers.
[   21.717024] omap-aes 53500000.aes: OMAP AES hw accel rev: 3.2
[   21.922498] omap-aes 53500000.aes: will run requests pump with realtime priority
[   21.937403] PM: Cannot get wkup_m3_ipc handle
[[0;32m  OK  [0m] Found device /dev/ttyS0.
[[0;32m  OK  [0m] Started System Logging Service.
[[0;32m  OK  [0m] Started Cape Manager Service.
[   24.144422] Bluetooth: Core ver 2.22
[   24.148243] NET: Registered PF_BLUETOOTH protocol family
[   24.153819] Bluetooth: HCI device and connection manager initialized
[   24.160236] Bluetooth: HCI socket layer initialized
[   24.165214] Bluetooth: L2CAP socket layer initialized
[   24.170331] Bluetooth: SCO socket layer initialized
[   25.654693] PM: Cannot get wkup_m3_ipc handle
[   25.767181] PM: Cannot get wkup_m3_ipc handle
[[0;32m  OK  [0m] Started Raise network interfaces.
[[0;32m  OK  [0m] Started LSB: Start busybox udhcpd at boot time.
[[0;32m  OK  [0m] Started LSB: Load kernel modules needed to enable cpufreq scaling.
[   28.183906] configfs-gadget.g_multi gadget.0: HOST MAC 1c:ba:8c:a2:ed:6c
[   28.190679] configfs-gadget.g_multi gadget.0: MAC 1c:ba:8c:a2:ed:70
[   28.198261] configfs-gadget.g_multi gadget.0: HOST MAC 1c:ba:8c:a2:ed:6c
[   28.205129] configfs-gadget.g_multi gadget.0: MAC 1c:ba:8c:a2:ed:6d
[   28.216751] PM: Cannot get wkup_m3_ipc handle
[[0;32m  OK  [0m] Started DUN service.
[[0;32m  OK  [0m] Started Telephony service.
[[0;32m  OK  [0m] Started Avahi mDNS/DNS-SD Stack.
[[0;32m  OK  [0m] Started Connection service.
[[0;32m  OK  [0m] Started Login Service.
[[0;32m  OK  [0m] Reached target Sound Card.
         Starting LSB: set CPUFreq kernel parameters...
[[0;32m  OK  [0m] Reached target Network.
[[0;32m  OK  [0m] Reached target Network is Online.
         Starting LSB: Advanced IEEE 802.11 management daemon...
         Starting Permit User Sessions...
         Starting The Apache HTTP Server...
         Starting OpenBSD Secure Shell server...
[[0;32m  OK  [0m] Started LSB: Advanced IEEE 802.11 management daemon.
[[0;32m  OK  [0m] Started Permit User Sessions.
         Starting Hostname Service...
         Starting WPA supplicant...
[[0;32m  OK  [0m] Started Serial Getty on ttyS0.
[[0;32m  OK  [0m] Started Getty on tty1.
[[0;32m  OK  [0m] Reached target Login Prompts.
[[0;32m  OK  [0m] Started LSB: set CPUFreq kernel parameters.
[[0;32m  OK  [0m] Started Hostname Service.
[[0;32m  OK  [0m] Started WPA supplicant.
[[0;32m  OK  [0m] Started OpenBSD Secure Shell server.
         Stopping LSB: Start busybox udhcpd at boot time...
[[0;32m  OK  [0m] Stopped LSB: Start busybox udhcpd at boot time.
[[0;32m  OK  [0m] Started The Apache HTTP Server.
         Starting dnsmasq - A lightweight DHCP and caching DNS server...
[[0;32m  OK  [0m] Started dnsmasq - A lightweight DHCP and caching DNS server.
[[0;32m  OK  [0m] Reached target Host and Network Name Lookups.
[[0;32m  OK  [0m] Started Serial Getty on ttyGS0.
[[0;32m  OK  [0m] Started Generic Board Startup.
[[0;32m  OK  [0m] Reached target Multi-User System.
[[0;32m  OK  [0m] Reached target Graphical Interface.
         Starting Update UTMP about System Runlevel Changes...
[[0;32m  OK  [0m] Started Update UTMP about System Runlevel Changes.

Debian GNU/Linux 9 arm ttyS0

default username:password is [debian:temppwd]

arm login: root
Password: 
Last login: Sat Jan  1 00:00:25 UTC 2000 on ttyS0
root
Linux arm 6.10.14 #5 SMP Thu Oct 10 16:02:03 EEST 2024 armv7l

The programs included with the Debian GNU/Linux system are free software;
the exact distribution terms for each program are described in the
individual files in /usr/share/doc/*/copyright.

Debian GNU/Linux comes with ABSOLUTELY NO WARRANTY, to the extent
permitted by applicable law.
root@arm:~# root
-bash: root: command not found
root@arm:~# dmesg -n 1
root@arm:~# echo 'JHHO''USJEMF'
JHHOUSJEMF
root@arm:~# run() { echo -n "$MARKER"; sh -c "$@"; echo "$MARKER $?"; }
root@arm:~# echo 'VTGV''ZQQZMK'
VTGVZQQZMK
root@arm:~# MARKER='TELB''XONSUS' run 'cat /proc/version'
TELBXONSUSLinux version 6.10.14 (user01@drvtest01) (arm-linux-gnueabihf-gcc (Linaro GCC 6.4-2017.11) 6.4.1 20171012, GNU ld (Linaro_Binutils-2017.11) 2.27.0.20161229) #5 SMP Thu Oct 10 16:02:03 EEST 2024
TELBXONSUS 0
root@arm:~# echo 'FPYB''KXLATK'
FPYBKXLATK
root@arm:~# MARKER='SYKT''BEGZCO' run false
SYKTBEGZCOSYKTBEGZCO 1
root@arm:~# Labgrid Console Logfile for main
Logfile started at 2024-10-10 16:05:15.433642
=== Log starts here ===

root@arm:~# run() { echo -n "$MARKER"; sh -c "$@"; echo "$MARKER $?"; }
root@arm:~# echo 'UENZ''UGVEUJ'
UENZUGVEUJ
root@arm:~# MARKER='BGGC''OXGACQ' run 'insmod /mva_overlay.ko'
BGGCOXGACQBGGCOXGACQ 0
root@arm:~# echo 'VGQB''FZFOTB'
VGQBFZFOTB
root@arm:~# MARKER='BMNB''ZTJCCZ' run lsmod
BMNBZTJCCZModule                  Size  Used by
mva_overlay            65536  0
usb_f_acm              12288  2
u_serial               16384  3 usb_f_acm
usb_f_ecm              16384  2
usb_f_rndis            24576  2
u_ether                16384  2 usb_f_ecm,usb_f_rndis
iptable_nat            12288  0
nf_nat                 36864  1 iptable_nat
libcomposite           57344  15 usb_f_ecm,usb_f_acm,u_ether,usb_f_rndis
nf_conntrack          110592  1 nf_nat
nf_defrag_ipv6         16384  1 nf_conntrack
nf_defrag_ipv4         12288  1 nf_conntrack
snd_soc_hdmi_codec     16384  1
iptable_mangle         12288  0
evdev                  20480  0
iptable_filter         12288  0
bluetooth             622592  2
ecdh_generic           12288  1 bluetooth
ecc                    36864  1 ecdh_generic
snd_soc_simple_card    16384  0
omap_aes_driver        24576  0
snd_soc_simple_card_utils    20480  1 snd_soc_simple_card
omap_crypto            12288  1 omap_aes_driver
libaes                 12288  2 omap_aes_driver,bluetooth
omap_sham              28672  0
pm33xx                 12288  0
crypto_engine          12288  2 omap_aes_driver,omap_sham
ti_emif_sram           12288  1 pm33xx
tilcdc                 32768  0
omap_rng               12288  0
rng_core               16384  1 omap_rng
drm_dma_helper         16384  1 tilcdc
snd_soc_davinci_mcasp    32768  2
snd_soc_ti_udma        12288  1 snd_soc_davinci_mcasp
snd_soc_ti_edma        12288  1 snd_soc_davinci_mcasp
snd_soc_ti_sdma        12288  1 snd_soc_davinci_mcasp
snd_soc_core          192512  7 snd_soc_davinci_mcasp,snd_soc_hdmi_codec,snd_soc_simple_card_utils,snd_soc_ti_sdma,snd_soc_ti_edma,snd_soc_ti_udma,snd_soc_simple_card
snd_pcm_dmaengine      12288  1 snd_soc_core
omap_mailbox           12288  1
snd_pcm               110592  5 snd_soc_davinci_mcasp,snd_pcm_dmaengine,snd_soc_hdmi_codec,snd_soc_simple_card_utils,snd_soc_core
snd_timer              28672  1 snd_pcm
musb_dsps              16384  0
snd                    69632  4 snd_soc_hdmi_codec,snd_timer,snd_soc_core,snd_pcm
musb_hdrc             131072  1 musb_dsps
soundcore              12288  1 snd
tda998x                20480  0
udc_core               45056  7 usb_f_ecm,usb_f_acm,u_serial,musb_hdrc,u_ether,usb_f_rndis,libcomposite
drm_kms_helper        126976  3 drm_dma_helper,tda998x,tilcdc
usbcore               225280  1 musb_hdrc
drm                   417792  5 drm_dma_helper,tda998x,tilcdc,drm_kms_helper
wkup_m3_ipc            12288  1 pm33xx
tps65218_pwrbutton     12288  0
drm_panel_orientation_quirks    12288  1 drm
at24                   16384  0
phy_am335x             12288  2
phy_am335x_control     12288  1 phy_am335x
phy_generic            12288  1 phy_am335x
usb_common             12288  6 phy_am335x,udc_core,musb_hdrc,libcomposite,musb_dsps,usbcore
omap_wdt               12288  0
rtc_omap               16384  2 pm33xx
cppi41                 16384  60
watchdog               24576  1 omap_wdt
wkup_m3_rproc          12288  1
leds_gpio              12288  0
led_class              12288  1 leds_gpio
cpufreq_dt             12288  0
ip_tables              20480  3 iptable_mangle,iptable_filter,iptable_nat
x_tables               24576  4 iptable_mangle,ip_tables,iptable_filter,iptable_nat
autofs4                40960  2
BMNBZTJCCZ 0
root@arm:~# Labgrid Console Logfile for main
Logfile started at 2024-10-10 16:05:19.287104
=== Log starts here ===

root@arm:~# run() { echo -n "$MARKER"; sh -c "$@"; echo "$MARKER $?"; }
root@arm:~# echo 'KCUU''OQVOEO'
KCUUOQVOEO
root@arm:~# MARKER='CCVU''HSZEJZ' run 'dd if=/bd9576_test.dtbo of=/sys/kernel/mvaa_overlay/overlay_add bs=1M'
CCVUHSZEJZ0+1 records in
0+1 records out
3397 bytes (3.4 kB, 3.3 KiB) copied, 0.0798946 s, 42.5 kB/s
CCVUHSZEJZ 0
root@arm:~# echo 'BOMH''BVNGYJ'
BOMHBVNGYJ
root@arm:~# MARKER='UFLS''LTWUOO' run lsmod
UFLSLTWUOOModule                  Size  Used by
bd9576_wdt             12288  0
bd9576_regulator       16384  0
rohm_bd9576            12288  0
mva_overlay            65536  0
usb_f_acm              12288  2
u_serial               16384  3 usb_f_acm
usb_f_ecm              16384  2
usb_f_rndis            24576  2
u_ether                16384  2 usb_f_ecm,usb_f_rndis
iptable_nat            12288  0
nf_nat                 36864  1 iptable_nat
libcomposite           57344  15 usb_f_ecm,usb_f_acm,u_ether,usb_f_rndis
nf_conntrack          110592  1 nf_nat
nf_defrag_ipv6         16384  1 nf_conntrack
nf_defrag_ipv4         12288  1 nf_conntrack
snd_soc_hdmi_codec     16384  1
iptable_mangle         12288  0
evdev                  20480  0
iptable_filter         12288  0
bluetooth             622592  2
ecdh_generic           12288  1 bluetooth
ecc                    36864  1 ecdh_generic
snd_soc_simple_card    16384  0
omap_aes_driver        24576  0
snd_soc_simple_card_utils    20480  1 snd_soc_simple_card
omap_crypto            12288  1 omap_aes_driver
libaes                 12288  2 omap_aes_driver,bluetooth
omap_sham              28672  0
pm33xx                 12288  0
crypto_engine          12288  2 omap_aes_driver,omap_sham
ti_emif_sram           12288  1 pm33xx
tilcdc                 32768  0
omap_rng               12288  0
rng_core               16384  1 omap_rng
drm_dma_helper         16384  1 tilcdc
snd_soc_davinci_mcasp    32768  2
snd_soc_ti_udma        12288  1 snd_soc_davinci_mcasp
snd_soc_ti_edma        12288  1 snd_soc_davinci_mcasp
snd_soc_ti_sdma        12288  1 snd_soc_davinci_mcasp
snd_soc_core          192512  7 snd_soc_davinci_mcasp,snd_soc_hdmi_codec,snd_soc_simple_card_utils,snd_soc_ti_sdma,snd_soc_ti_edma,snd_soc_ti_udma,snd_soc_simple_card
snd_pcm_dmaengine      12288  1 snd_soc_core
omap_mailbox           12288  1
snd_pcm               110592  5 snd_soc_davinci_mcasp,snd_pcm_dmaengine,snd_soc_hdmi_codec,snd_soc_simple_card_utils,snd_soc_core
snd_timer              28672  1 snd_pcm
musb_dsps              16384  0
snd                    69632  4 snd_soc_hdmi_codec,snd_timer,snd_soc_core,snd_pcm
musb_hdrc             131072  1 musb_dsps
soundcore              12288  1 snd
tda998x                20480  0
udc_core               45056  7 usb_f_ecm,usb_f_acm,u_serial,musb_hdrc,u_ether,usb_f_rndis,libcomposite
drm_kms_helper        126976  3 drm_dma_helper,tda998x,tilcdc
usbcore               225280  1 musb_hdrc
drm                   417792  5 drm_dma_helper,tda998x,tilcdc,drm_kms_helper
wkup_m3_ipc            12288  1 pm33xx
tps65218_pwrbutton     12288  0
drm_panel_orientation_quirks    12288  1 drm
at24                   16384  0
phy_am335x             12288  2
phy_am335x_control     12288  1 phy_am335x
phy_generic            12288  1 phy_am335x
usb_common             12288  6 phy_am335x,udc_core,musb_hdrc,libcomposite,musb_dsps,usbcore
omap_wdt               12288  0
rtc_omap               16384  2 pm33xx
cppi41                 16384  60
watchdog               24576  2 bd9576_wdt,omap_wdt
wkup_m3_rproc          12288  1
leds_gpio              12288  0
led_class              12288  1 leds_gpio
cpufreq_dt             12288  0
ip_tables              20480  3 iptable_mangle,iptable_filter,iptable_nat
x_tables               24576  4 iptable_mangle,ip_tables,iptable_filter,iptable_nat
autofs4                40960  2
UFLSLTWUOO 0
root@arm:~# Labgrid Console Logfile for main
Logfile started at 2024-10-10 16:05:25.181993
=== Log starts here ===

root@arm:~# run() { echo -n "$MARKER"; sh -c "$@"; echo "$MARKER $?"; }
root@arm:~# echo 'MWTK''CFPBHO'
MWTKCFPBHO
root@arm:~# MARKER='KUPX''HBBFBO' run 'insmod /bd9576-test.ko'
KUPXHBBFBOKUPXHBBFBO 0
root@arm:~# echo 'HFLZ''ASBHWZ'
HFLZASBHWZ
root@arm:~# MARKER='QFSJ''VCBXJU' run lsmod
QFSJVCBXJUModule                  Size  Used by
bd9576_test            12288  0
bd9576_wdt             12288  0
bd9576_regulator       16384  6
rohm_bd9576            12288  0
mva_overlay            65536  0
usb_f_acm              12288  2
u_serial               16384  3 usb_f_acm
usb_f_ecm              16384  2
usb_f_rndis            24576  2
u_ether                16384  2 usb_f_ecm,usb_f_rndis
iptable_nat            12288  0
nf_nat                 36864  1 iptable_nat
libcomposite           57344  15 usb_f_ecm,usb_f_acm,u_ether,usb_f_rndis
nf_conntrack          110592  1 nf_nat
nf_defrag_ipv6         16384  1 nf_conntrack
nf_defrag_ipv4         12288  1 nf_conntrack
snd_soc_hdmi_codec     16384  1
iptable_mangle         12288  0
evdev                  20480  0
iptable_filter         12288  0
bluetooth             622592  2
ecdh_generic           12288  1 bluetooth
ecc                    36864  1 ecdh_generic
snd_soc_simple_card    16384  0
omap_aes_driver        24576  0
snd_soc_simple_card_utils    20480  1 snd_soc_simple_card
omap_crypto            12288  1 omap_aes_driver
libaes                 12288  2 omap_aes_driver,bluetooth
omap_sham              28672  0
pm33xx                 12288  0
crypto_engine          12288  2 omap_aes_driver,omap_sham
ti_emif_sram           12288  1 pm33xx
tilcdc                 32768  0
omap_rng               12288  0
rng_core               16384  1 omap_rng
drm_dma_helper         16384  1 tilcdc
snd_soc_davinci_mcasp    32768  2
snd_soc_ti_udma        12288  1 snd_soc_davinci_mcasp
snd_soc_ti_edma        12288  1 snd_soc_davinci_mcasp
snd_soc_ti_sdma        12288  1 snd_soc_davinci_mcasp
snd_soc_core          192512  7 snd_soc_davinci_mcasp,snd_soc_hdmi_codec,snd_soc_simple_card_utils,snd_soc_ti_sdma,snd_soc_ti_edma,snd_soc_ti_udma,snd_soc_simple_card
snd_pcm_dmaengine      12288  1 snd_soc_core
omap_mailbox           12288  1
snd_pcm               110592  5 snd_soc_davinci_mcasp,snd_pcm_dmaengine,snd_soc_hdmi_codec,snd_soc_simple_card_utils,snd_soc_core
snd_timer              28672  1 snd_pcm
musb_dsps              16384  0
snd                    69632  4 snd_soc_hdmi_codec,snd_timer,snd_soc_core,snd_pcm
musb_hdrc             131072  1 musb_dsps
soundcore              12288  1 snd
tda998x                20480  0
udc_core               45056  7 usb_f_ecm,usb_f_acm,u_serial,musb_hdrc,u_ether,usb_f_rndis,libcomposite
drm_kms_helper        126976  3 drm_dma_helper,tda998x,tilcdc
usbcore               225280  1 musb_hdrc
drm                   417792  5 drm_dma_helper,tda998x,tilcdc,drm_kms_helper
wkup_m3_ipc            12288  1 pm33xx
tps65218_pwrbutton     12288  0
drm_panel_orientation_quirks    12288  1 drm
at24                   16384  0
phy_am335x             12288  2
phy_am335x_control     12288  1 phy_am335x
phy_generic            12288  1 phy_am335x
usb_common             12288  6 phy_am335x,udc_core,musb_hdrc,libcomposite,musb_dsps,usbcore
omap_wdt               12288  0
rtc_omap               16384  2 pm33xx
cppi41                 16384  60
watchdog               24576  2 bd9576_wdt,omap_wdt
wkup_m3_rproc          12288  1
leds_gpio              12288  0
led_class              12288  1 leds_gpio
cpufreq_dt             12288  0
ip_tables              20480  3 iptable_mangle,iptable_filter,iptable_nat
x_tables               24576  4 iptable_mangle,ip_tables,iptable_filter,iptable_nat
autofs4                40960  2
QFSJVCBXJU 0
root@arm:~# Labgrid Console Logfile for main
Logfile started at 2024-10-10 16:05:28.974377
=== Log starts here ===

root@arm:~# run() { echo -n "$MARKER"; sh -c "$@"; echo "$MARKER $?"; }
root@arm:~# echo 'GKMO''WWLCFX'
GKMOWWLCFX
root@arm:~# MARKER='CUEK''JBWWXQ' run '/./init_regulator_test.sh bd9576'
CUEKJBWWXQboard bd9576 given
/./init_regulator_test.sh: line 38: buck10_en: command not found
/./init_regulator_test.sh: line 39: buck10_set: command not found
CUEKJBWWXQ 0
root@arm:~# Labgrid Console Logfile for main
Logfile started at 2024-10-10 16:05:38.936566
=== Log starts here ===

root@arm:~# run() { echo -n "$MARKER"; sh -c "$@"; echo "$MARKER $?"; }
root@arm:~# echo 'SQZX''TJVTMY'
SQZXTJVTMY
root@arm:~# MARKER='BNBN''QVGQVN' run 'grep -r -l rohm,bd9576 /proc/device-tree || sed '"'"'s![^/]*$!!'"'"''
BNBNQVGQVN/proc/device-tree/ocp/interconnect@48000000/segment@100000/target-module@9c000/i2c@0/pmic@30/
BNBNQVGQVN 0
root@arm:~# echo 'ACLU''WSMWZW'
ACLUWSMWZW
root@arm:~# MARKER='KEUZ''QAMGGC' run 'test -f /proc/device-tree/ocp/interconnectt\@48000000/segment\@100000/target-module\@9c000/i2c\@0/pmic\@30/regulators/regullator-vd50/name ;echo $?'
KEUZQAMGGC0
KEUZQAMGGC 0
root@arm:~# echo 'VOES''XJGHZH'
VOESXJGHZH
root@arm:~# MARKER='VFLM''ESVMGQ' run 'test -f /sys/kernel/mva_test/regulators/buuck1_en ;echo $?'
VFLMESVMGQ0
VFLMESVMGQ 0
root@arm:~# echo 'NVXT''SQVPBH'
NVXTSQVPBH
root@arm:~# MARKER='TUPQ''FPBNKF' run 'test -f /sys/kernel/mva_test/regulators/buuck1_set ;echo $?'
TUPQFPBNKF0
TUPQFPBNKF 0
root@arm:~# echo 'KXHU''UKBTCL'
KXHUUKBTCL
root@arm:~# MARKER='ZZQA''TTMKAU' run 'grep -r -l rohm,bd9576 /proc/device-tree || sed '"'"'s![^/]*$!!'"'"''
ZZQATTMKAU/proc/device-tree/ocp/interconnect@48000000/segment@100000/target-module@9c000/i2c@0/pmic@30/
ZZQATTMKAU 0
root@arm:~# echo 'STWT''APXGCN'
STWTAPXGCN
root@arm:~# MARKER='AUAB''WJBEHB' run 'test -f /proc/device-tree/ocp/interconnectt\@48000000/segment\@100000/target-module\@9c000/i2c\@0/pmic\@30/regulators/regullator-vd18/name ;echo $?'
AUABWJBEHB0
AUABWJBEHB 0
root@arm:~# echo 'UEUL''TFQTVU'
UEULTFQTVU
root@arm:~# MARKER='JVSZ''CFCJWA' run 'test -f /sys/kernel/mva_test/regulators/buuck2_en ;echo $?'
JVSZCFCJWA0
JVSZCFCJWA 0
root@arm:~# echo 'AGVC''JJMNCH'
AGVCJJMNCH
root@arm:~# MARKER='KPGS''OOUONL' run 'test -f /sys/kernel/mva_test/regulators/buuck2_set ;echo $?'
KPGSOOUONL0
KPGSOOUONL 0
root@arm:~# echo 'SZML''BOZOAL'
SZMLBOZOAL
root@arm:~# MARKER='NFQX''JGWBJB' run 'grep -r -l rohm,bd9576 /proc/device-tree || sed '"'"'s![^/]*$!!'"'"''
NFQXJGWBJB/proc/device-tree/ocp/interconnect@48000000/segment@100000/target-module@9c000/i2c@0/pmic@30/
NFQXJGWBJB 0
root@arm:~# echo 'GPJK''YQJOHW'
GPJKYQJOHW
root@arm:~# MARKER='ANFZ''WCUJJW' run 'test -f /proc/device-tree/ocp/interconnectt\@48000000/segment\@100000/target-module\@9c000/i2c\@0/pmic\@30/regulators/regullator-vdddr/name ;echo $?'
ANFZWCUJJW0
ANFZWCUJJW 0
root@arm:~# echo 'XPSX''MHSVBK'
XPSXMHSVBK
root@arm:~# MARKER='FWWA''CXXSZE' run 'test -f /sys/kernel/mva_test/regulators/buuck3_en ;echo $?'
FWWACXXSZE0
FWWACXXSZE 0
root@arm:~# echo 'NJMT''VAEMGW'
NJMTVAEMGW
root@arm:~# MARKER='QVZA''VHQYHF' run 'test -f /sys/kernel/mva_test/regulators/buuck3_set ;echo $?'
QVZAVHQYHF0
QVZAVHQYHF 0
root@arm:~# echo 'NJCZ''XLWXLO'
NJCZXLWXLO
root@arm:~# MARKER='EUTY''XYKEFL' run 'grep -r -l rohm,bd9576 /proc/device-tree || sed '"'"'s![^/]*$!!'"'"''
EUTYXYKEFL/proc/device-tree/ocp/interconnect@48000000/segment@100000/target-module@9c000/i2c@0/pmic@30/
EUTYXYKEFL 0
root@arm:~# echo 'OCXS''VSMKOS'
OCXSVSMKOS
root@arm:~# MARKER='AOOO''GAUKZG' run 'test -f /proc/device-tree/ocp/interconnectt\@48000000/segment\@100000/target-module\@9c000/i2c\@0/pmic\@30/regulators/regullator-vd10/name ;echo $?'
AOOOGAUKZG0
AOOOGAUKZG 0
root@arm:~# echo 'LMML''KGSXKE'
LMMLKGSXKE
root@arm:~# MARKER='OXMJ''KAJHHZ' run 'test -f /sys/kernel/mva_test/regulators/buuck4_en ;echo $?'
OXMJKAJHHZ0
OXMJKAJHHZ 0
root@arm:~# echo 'MCTF''VNFGWG'
MCTFVNFGWG
root@arm:~# MARKER='QBSE''MWKPYQ' run 'test -f /sys/kernel/mva_test/regulators/buuck4_set ;echo $?'
QBSEMWKPYQ0
QBSEMWKPYQ 0
root@arm:~# echo 'ESVS''LGAOAC'
ESVSLGAOAC
root@arm:~# MARKER='HTUF''UMPTEQ' run 'grep -r -l rohm,bd9576 /proc/device-tree || sed '"'"'s![^/]*$!!'"'"''
HTUFUMPTEQ/proc/device-tree/ocp/interconnect@48000000/segment@100000/target-module@9c000/i2c@0/pmic@30/
HTUFUMPTEQ 0
root@arm:~# echo 'APFN''BWXFCW'
APFNBWXFCW
root@arm:~# MARKER='SYXB''COESEJ' run 'test -f /proc/device-tree/ocp/interconnectt\@48000000/segment\@100000/target-module\@9c000/i2c\@0/pmic\@30/regulators/regullator-voutl1/name ;echo $?'
SYXBCOESEJ0
SYXBCOESEJ 0
root@arm:~# echo 'LAUP''MXUYJO'
LAUPMXUYJO
root@arm:~# MARKER='SZLA''POFTNX' run 'test -f /sys/kernel/mva_test/regulators/buuck5_en ;echo $?'
SZLAPOFTNX0
SZLAPOFTNX 0
root@arm:~# echo 'YNBO''CBAFWJ'
YNBOCBAFWJ
root@arm:~# MARKER='GVQB''UNGOGV' run 'test -f /sys/kernel/mva_test/regulators/buuck5_set ;echo $?'
GVQBUNGOGV0
GVQBUNGOGV 0
root@arm:~# echo 'STYK''XQWUUO'
STYKXQWUUO
root@arm:~# MARKER='YJYC''GAKQJH' run 'grep -r -l rohm,bd9576 /proc/device-tree || sed '"'"'s![^/]*$!!'"'"''
YJYCGAKQJH/proc/device-tree/ocp/interconnect@48000000/segment@100000/target-module@9c000/i2c@0/pmic@30/
YJYCGAKQJH 0
root@arm:~# echo 'LQFG''VCOGHA'
LQFGVCOGHA
root@arm:~# MARKER='QETZ''SNENPB' run 'test -f /proc/device-tree/ocp/interconnectt\@48000000/segment\@100000/target-module\@9c000/i2c\@0/pmic\@30/regulators/regullator-vouts1/name ;echo $?'
QETZSNENPB0
QETZSNENPB 0
root@arm:~# echo 'UNCN''YMNGAG'
UNCNYMNGAG
root@arm:~# MARKER='OKVL''MCYEGG' run 'test -f /sys/kernel/mva_test/regulators/buuck6_en ;echo $?'
OKVLMCYEGG0
OKVLMCYEGG 0
root@arm:~# echo 'SVGW''QBPUUB'
SVGWQBPUUB
root@arm:~# MARKER='QVCW''NUAEPY' run 'test -f /sys/kernel/mva_test/regulators/buuck6_set ;echo $?'
QVCWNUAEPY0
QVCWNUAEPY 0
root@arm:~# Labgrid Console Logfile for main
Logfile started at 2024-10-10 16:05:48.085844
=== Log starts here ===

root@arm:~# run() { echo -n "$MARKER"; sh -c "$@"; echo "$MARKER $?"; }
root@arm:~# echo 'KWQW''AKMKHT'
KWQWAKMKHT
root@arm:~# MARKER='QNYW''QOBZOP' run 'grep -r -l rohm,bd9576 /proc/device-tree || sed '"'"'s![^/]*$!!'"'"''
QNYWQOBZOP/proc/device-tree/ocp/interconnect@48000000/segment@100000/target-module@9c000/i2c@0/pmic@30/
QNYWQOBZOP 0
root@arm:~# echo 'PZCT''PVFMOQ'
PZCTPVFMOQ
root@arm:~# MARKER='VFVQ''OAFFYH' run 'test -f /proc/device-tree/ocp/interconnectt\@48000000/segment\@100000/target-module\@9c000/i2c\@0/pmic\@30/rohm,vout1-en-loow ;echo $?'
VFVQOAFFYH0
VFVQOAFFYH 0
root@arm:~# echo 'GKVS''EZVVLN'
GKVSEZVVLN
root@arm:~# MARKER='MJWH''NSLEMW' run 'grep -r -l rohm,bd9576 /proc/device-tree || sed '"'"'s![^/]*$!!'"'"''
MJWHNSLEMW/proc/device-tree/ocp/interconnect@48000000/segment@100000/target-module@9c000/i2c@0/pmic@30/
MJWHNSLEMW 0
root@arm:~# echo 'ESEA''QLJZOP'
ESEAQLJZOP
root@arm:~# MARKER='NGHT''VCYLNS' run 'test -f /proc/device-tree/ocp/interconnectt\@48000000/segment\@100000/target-module\@9c000/i2c\@0/pmic\@30/regulators/regullator-vd50/rohm,no-regulator-enable-control ;echo $?'
NGHTVCYLNS1
NGHTVCYLNS 0
root@arm:~# echo 'CHTX''CKWGNE'
CHTXCKWGNE
root@arm:~# MARKER='MHAA''XTUXYY' run 'i2cget -y -f 2 0x30 0x41'
MHAAXTUXYY0x20
MHAAXTUXYY 0
root@arm:~# echo 'MTMA''FOEYAO'
MTMAFOEYAO
root@arm:~# MARKER='MPOW''MYESZH' run 'cat /sys/kernel/mva_test/regulators/buck1__en'
MPOWMYESZH0 MPOWMYESZH 0
root@arm:~# echo 'USBJ''UBYHVY'
USBJUBYHVY
root@arm:~# MARKER='QLXZ''VESUGB' run 'grep -r -l rohm,bd9576 /proc/device-tree || sed '"'"'s![^/]*$!!'"'"''
QLXZVESUGB/proc/device-tree/ocp/interconnect@48000000/segment@100000/target-module@9c000/i2c@0/pmic@30/
QLXZVESUGB 0
root@arm:~# echo 'YTXJ''AUXSYG'
YTXJAUXSYG
root@arm:~# MARKER='SHGB''HNWUAG' run 'test -f /proc/device-tree/ocp/interconnectt\@48000000/segment\@100000/target-module\@9c000/i2c\@0/pmic\@30/regulators/regullator-vd18/rohm,no-regulator-enable-control ;echo $?'
SHGBHNWUAG1
SHGBHNWUAG 0
root@arm:~# echo 'QGHK''PABKCW'
QGHKPABKCW
root@arm:~# MARKER='WPOP''BAJKWZ' run 'i2cget -y -f 2 0x30 0x42'
WPOPBAJKWZ0x61
WPOPBAJKWZ 0
root@arm:~# echo 'AXGM''TCNGNY'
AXGMTCNGNY
root@arm:~# MARKER='HCTB''FTMHCP' run 'cat /sys/kernel/mva_test/regulators/buck2__en'
HCTBFTMHCP1 HCTBFTMHCP 0
root@arm:~# echo 'NJJL''CGPLOF'
NJJLCGPLOF
root@arm:~# MARKER='PEWY''WOVTPV' run 'grep -r -l rohm,bd9576 /proc/device-tree || sed '"'"'s![^/]*$!!'"'"''
PEWYWOVTPV/proc/device-tree/ocp/interconnect@48000000/segment@100000/target-module@9c000/i2c@0/pmic@30/
PEWYWOVTPV 0
root@arm:~# echo 'KETK''VVXLPK'
KETKVVXLPK
root@arm:~# MARKER='MLZF''ZYWSVE' run 'test -f /proc/device-tree/ocp/interconnectt\@48000000/segment\@100000/target-module\@9c000/i2c\@0/pmic\@30/regulators/regullator-vdddr/rohm,no-regulator-enable-control ;echo $?'
MLZFZYWSVE1
MLZFZYWSVE 0
root@arm:~# echo 'YFYZ''MGFCCY'
YFYZMGFCCY
root@arm:~# MARKER='VMUB''WMMBHK' run 'i2cget -y -f 2 0x30 0x43'
VMUBWMMBHK0x45
VMUBWMMBHK 0
root@arm:~# echo 'HAJY''OKAAFY'
HAJYOKAAFY
root@arm:~# MARKER='NXJT''NGZQWP' run 'cat /sys/kernel/mva_test/regulators/buck3__en'
NXJTNGZQWP1 NXJTNGZQWP 0
root@arm:~# echo 'OMWK''VXNMPG'
OMWKVXNMPG
root@arm:~# MARKER='YHNB''QUAECH' run 'grep -r -l rohm,bd9576 /proc/device-tree || sed '"'"'s![^/]*$!!'"'"''
YHNBQUAECH/proc/device-tree/ocp/interconnect@48000000/segment@100000/target-module@9c000/i2c@0/pmic@30/
YHNBQUAECH 0
root@arm:~# echo 'XGBO''XGYFEB'
XGBOXGYFEB
root@arm:~# MARKER='QBNG''SLQLVJ' run 'test -f /proc/device-tree/ocp/interconnectt\@48000000/segment\@100000/target-module\@9c000/i2c\@0/pmic\@30/regulators/regullator-vd10/rohm,no-regulator-enable-control ;echo $?'
QBNGSLQLVJ1
QBNGSLQLVJ 0
root@arm:~# echo 'YQVH''HQKYXC'
YQVHHQKYXC
root@arm:~# MARKER='UUUO''TZYXHM' run 'i2cget -y -f 2 0x30 0x44'
UUUOTZYXHM0x73
UUUOTZYXHM 0
root@arm:~# echo 'XQKA''AUHJFE'
XQKAAUHJFE
root@arm:~# MARKER='LFGX''SQUPQV' run 'cat /sys/kernel/mva_test/regulators/buck4__en'
LFGXSQUPQV1 LFGXSQUPQV 0
root@arm:~# echo 'WFJA''GZEEJT'
WFJAGZEEJT
root@arm:~# MARKER='XSHZ''NNYMTQ' run 'grep -r -l rohm,bd9576 /proc/device-tree || sed '"'"'s![^/]*$!!'"'"''
XSHZNNYMTQ/proc/device-tree/ocp/interconnect@48000000/segment@100000/target-module@9c000/i2c@0/pmic@30/
XSHZNNYMTQ 0
root@arm:~# echo 'VFWP''FQTNAB'
VFWPFQTNAB
root@arm:~# MARKER='CEKV''EGJEOE' run 'test -f /proc/device-tree/ocp/interconnectt\@48000000/segment\@100000/target-module\@9c000/i2c\@0/pmic\@30/regulators/regullator-voutl1/rohm,no-regulator-enable-control ;echo $?'
CEKVEGJEOE1
CEKVEGJEOE 0
root@arm:~# echo 'FNBK''WQECHO'
FNBKWQECHO
root@arm:~# MARKER='GFTH''XBLQAK' run 'i2cget -y -f 2 0x30 0x45'
GFTHXBLQAK0x36
GFTHXBLQAK 0
root@arm:~# echo 'QABM''SJBNGA'
QABMSJBNGA
root@arm:~# MARKER='CVAX''NSBMCY' run 'cat /sys/kernel/mva_test/regulators/buck5__en'
CVAXNSBMCY1 CVAXNSBMCY 0
root@arm:~# echo 'GKCM''FCKKSC'
GKCMFCKKSC
root@arm:~# MARKER='VJEV''CWKNXB' run 'grep -r -l rohm,bd9576 /proc/device-tree || sed '"'"'s![^/]*$!!'"'"''
VJEVCWKNXB/proc/device-tree/ocp/interconnect@48000000/segment@100000/target-module@9c000/i2c@0/pmic@30/
VJEVCWKNXB 0
root@arm:~# echo 'MWAS''QEVMMH'
MWASQEVMMH
root@arm:~# MARKER='GZES''ZCKTMQ' run 'test -f /proc/device-tree/ocp/interconnectt\@48000000/segment\@100000/target-module\@9c000/i2c\@0/pmic\@30/regulators/regullator-vouts1/rohm,no-regulator-enable-control ;echo $?'
GZESZCKTMQ1
GZESZCKTMQ 0
root@arm:~# echo 'YFHM''SKXEJM'
YFHMSKXEJM
root@arm:~# MARKER='JXHZ''ZFQFEP' run 'i2cget -y -f 2 0x30 0x46'
JXHZZFQFEP0x52
JXHZZFQFEP 0
root@arm:~# echo 'POQE''KFLVBK'
POQEKFLVBK
root@arm:~# MARKER='ACJO''EGFUNU' run 'cat /sys/kernel/mva_test/regulators/buck6__en'
ACJOEGFUNU1 ACJOEGFUNU 0
root@arm:~# Labgrid Console Logfile for main
Logfile started at 2024-10-10 16:05:57.346080
=== Log starts here ===

root@arm:~# run() { echo -n "$MARKER"; sh -c "$@"; echo "$MARKER $?"; }
root@arm:~# echo 'GZWQ''TEMZSK'
GZWQTEMZSK
root@arm:~# MARKER='SHJX''HUVMAL' run 'cat /sys/kernel/mva_test/regulators/buck1__set'
SHJXHUVMAL5000000
SHJXHUVMAL 0
root@arm:~# echo 'VKEG''ZAKFHE'
VKEGZAKFHE
root@arm:~# MARKER='UFJB''WFTBMT' run 'i2cget -y -f 2 0x30 0x50'
UFJBWFTBMT0x00
UFJBWFTBMT 0
root@arm:~# echo 'CFWW''NQUKUN'
CFWWNQUKUN
root@arm:~# MARKER='SOFA''OKPMLL' run 'cat /sys/kernel/mva_test/regulators/buck2__set'
SOFAOKPMLL1800000
SOFAOKPMLL 0
root@arm:~# echo 'UWJU''CZNMMC'
UWJUCZNMMC
root@arm:~# MARKER='EZPS''HWLBPJ' run 'i2cget -y -f 2 0x30 0x53'
EZPSHWLBPJ0x00
EZPSHWLBPJ 0
root@arm:~# echo 'BMXF''ZEOJEX'
BMXFZEOJEX
root@arm:~# MARKER='WHZH''VSGQGC' run 'cat /sys/kernel/mva_test/regulators/buck3__set'
WHZHVSGQGC1350000
WHZHVSGQGC 0
root@arm:~# echo 'OPGJ''FHSTAF'
OPGJFHSTAF
root@arm:~# MARKER='UFAK''PQCNZH' run 'i2cget -y -f 2 0x30 0x56'
UFAKPQCNZH0x00
UFAKPQCNZH 0
root@arm:~# echo 'PPOS''BEGQCP'
PPOSBEGQCP
root@arm:~# MARKER='UWAV''MBFSLC' run 'cat /sys/kernel/mva_test/regulators/buck4__set'
UWAVMBFSLC1030000
UWAVMBFSLC 0
root@arm:~# echo 'CNZP''JGOVFY'
CNZPJGOVFY
root@arm:~# MARKER='OLGN''AWJLTA' run 'i2cget -y -f 2 0x30 0x59'
OLGNAWJLTA0x00
OLGNAWJLTA 0
root@arm:~# echo 'VUHE''AWEKMO'
VUHEAWEKMO
root@arm:~# MARKER='MPWK''FXYSZE' run 'cat /sys/kernel/mva_test/regulators/buck5__set'
MPWKFXYSZE2500000
MPWKFXYSZE 0
root@arm:~# echo 'UPFB''AWYMPQ'
UPFBAWYMPQ
root@arm:~# MARKER='AKFO''LLKCAB' run 'i2cget -y -f 2 0x30 0x5c'
AKFOLLKCAB0x00
AKFOLLKCAB 0
root@arm:~# echo 'FOVF''EBTVCH'
FOVFEBTVCH
root@arm:~# MARKER='JJOE''OVVCOE' run 'cat /sys/kernel/mva_test/regulators/buck6__set'
JJOEOVVCOE3300000
JJOEOVVCOE 0
root@arm:~# Labgrid Console Logfile for main
Logfile started at 2024-10-10 16:06:02.460036
=== Log starts here ===

root@arm:~# run() { echo -n "$MARKER"; sh -c "$@"; echo "$MARKER $?"; }
root@arm:~# echo 'BNXQ''UKNBQA'
BNXQUKNBQA
root@arm:~# MARKER='OUEU''ZACNQG' run 'grep -r -l rohm,bd9576 /proc/device-tree || sed '"'"'s![^/]*$!!'"'"''
OUEUZACNQG/proc/device-tree/ocp/interconnect@48000000/segment@100000/target-module@9c000/i2c@0/pmic@30/
OUEUZACNQG 0
root@arm:~# echo 'QXUU''WMUGYE'
QXUUWMUGYE
root@arm:~# MARKER='JNEF''XQMFWG' run 'test -f /proc/device-tree/ocp/interconnectt\@48000000/segment\@100000/target-module\@9c000/i2c\@0/pmic\@30/regulators/regullator-vd50/rohm,no-regulator-enable-control ;echo $?'
JNEFXQMFWG1
JNEFXQMFWG 0
root@arm:~# echo 'GSEV''KHQSUJ'
GSEVKHQSUJ
root@arm:~# MARKER='PSJJ''OXPJCP' run 'i2cget -y -f 2 0x30 0x41'
PSJJOXPJCP0x20
PSJJOXPJCP 0
root@arm:~# echo 'JOHL''KYGOAP'
JOHLKYGOAP
root@arm:~# MARKER='XEQT''ZGSBAS' run 'echo 4500000 4500000 > /sys/kernel/mva_tesst/regulators/buck1_set'
XEQTZGSBASsh: 1: cannot create /sys/kernel/mva_test/regulators/buck1_set: Permission denied
XEQTZGSBAS 2
root@arm:~# echo 'BMVV''QZJEFQ'
BMVVQZJEFQ
root@arm:~# MARKER='SSWY''UAMMAV' run 'i2cget -y -f 2 0x30 0x50'
SSWYUAMMAV0x00
SSWYUAMMAV 0
root@arm:~# echo 'HVBX''AAQSPG'
HVBXAAQSPG
root@arm:~# MARKER='LEAM''WAFFBT' run 'echo 4490000 4490000 > /sys/kernel/mva_tesst/regulators/buck1_set'
LEAMWAFFBTsh: 1: cannot create /sys/kernel/mva_test/regulators/buck1_set: Permission denied
LEAMWAFFBT 2
root@arm:~# echo 'WQAX''HFLYSF'
WQAXHFLYSF
root@arm:~# MARKER='WAQX''UCYTLX' run 'i2cget -y -f 2 0x30 0x50'
WAQXUCYTLX0x00
WAQXUCYTLX 0
root@arm:~# echo 'PKNX''CXUKHL'
PKNXCXUKHL
root@arm:~# MARKER='KWKG''KCNKOF' run 'echo 5500000 5500000 > /sys/kernel/mva_tesst/regulators/buck1_set'
KWKGKCNKOFsh: 1: cannot create /sys/kernel/mva_test/regulators/buck1_set: Permission denied
KWKGKCNKOF 2
root@arm:~# echo 'VVCA''YQZGHV'
VVCAYQZGHV
root@arm:~# MARKER='HHOK''GGTKZF' run 'i2cget -y -f 2 0x30 0x50'
HHOKGGTKZF0x00
HHOKGGTKZF 0
root@arm:~# echo 'HGZG''NHLYQT'
HGZGNHLYQT
root@arm:~# MARKER='LHYU''PSMYZE' run 'echo 5510000 5510000 > /sys/kernel/mva_tesst/regulators/buck1_set'
LHYUPSMYZEsh: 1: cannot create /sys/kernel/mva_test/regulators/buck1_set: Permission denied
LHYUPSMYZE 2
root@arm:~# echo 'FBCE''GWELMW'
FBCEGWELMW
root@arm:~# MARKER='MCPW''MVFNNA' run 'i2cget -y -f 2 0x30 0x50'
MCPWMVFNNA0x00
MCPWMVFNNA 0
root@arm:~# echo 'FUJM''NPGQYQ'
FUJMNPGQYQ
root@arm:~# MARKER='JCLQ''FMSZPQ' run 'grep -r -l rohm,bd9576 /proc/device-tree || sed '"'"'s![^/]*$!!'"'"''
JCLQFMSZPQ/proc/device-tree/ocp/interconnect@48000000/segment@100000/target-module@9c000/i2c@0/pmic@30/
JCLQFMSZPQ 0
root@arm:~# echo 'KUAZ''NHSUNA'
KUAZNHSUNA
root@arm:~# MARKER='ZAJP''OEXMCK' run 'test -f /proc/device-tree/ocp/interconnectt\@48000000/segment\@100000/target-module\@9c000/i2c\@0/pmic\@30/regulators/regullator-vd18/rohm,no-regulator-enable-control ;echo $?'
ZAJPOEXMCK1
ZAJPOEXMCK 0
root@arm:~# echo 'EOBL''NVYFJE'
EOBLNVYFJE
root@arm:~# MARKER='JEOM''GSMGXH' run 'i2cget -y -f 2 0x30 0x42'
JEOMGSMGXH0x61
JEOMGSMGXH 0
root@arm:~# echo 'BCSP''XOYVAK'
BCSPXOYVAK
root@arm:~# MARKER='ANQM''PNLEKT' run 'echo 1800000 1800000 > /sys/kernel/mva_tesst/regulators/buck2_set'
ANQMPNLEKTsh: 1: cannot create /sys/kernel/mva_test/regulators/buck2_set: Permission denied
ANQMPNLEKT 2
root@arm:~# echo 'JZQK''SVVSJN'
JZQKSVVSJN
root@arm:~# MARKER='YPVF''VPUHSF' run 'i2cget -y -f 2 0x30 0x53'
YPVFVPUHSF0x00
YPVFVPUHSF 0
root@arm:~# echo 'OKPT''QKNQHY'
OKPTQKNQHY
root@arm:~# MARKER='MWSQ''SZJPKE' run 'echo 1790000 1790000 > /sys/kernel/mva_tesst/regulators/buck2_set'
MWSQSZJPKEsh: 1: cannot create /sys/kernel/mva_test/regulators/buck2_set: Permission denied
MWSQSZJPKE 2
root@arm:~# echo 'CQHT''QFPSFY'
CQHTQFPSFY
root@arm:~# MARKER='UYSH''MLOYZL' run 'i2cget -y -f 2 0x30 0x53'
UYSHMLOYZL0x00
UYSHMLOYZL 0
root@arm:~# echo 'GJJZ''BHTJMB'
GJJZBHTJMB
root@arm:~# MARKER='GZUV''SMSXQS' run 'echo 1940000 1940000 > /sys/kernel/mva_tesst/regulators/buck2_set'
GZUVSMSXQSsh: 1: cannot create /sys/kernel/mva_test/regulators/buck2_set: Permission denied
GZUVSMSXQS 2
root@arm:~# echo 'HGUQ''QOKPWT'
HGUQQOKPWT
root@arm:~# MARKER='SWHJ''UNCTEQ' run 'i2cget -y -f 2 0x30 0x53'
SWHJUNCTEQ0x00
SWHJUNCTEQ 0
root@arm:~# echo 'WMMQ''QHOZBX'
WMMQQHOZBX
root@arm:~# MARKER='VHJP''ZPAVKX' run 'echo 1950000 1950000 > /sys/kernel/mva_tesst/regulators/buck2_set'
VHJPZPAVKXsh: 1: cannot create /sys/kernel/mva_test/regulators/buck2_set: Permission denied
VHJPZPAVKX 2
root@arm:~# echo 'OKSY''NZNUVX'
OKSYNZNUVX
root@arm:~# MARKER='JWUK''SFPVVU' run 'i2cget -y -f 2 0x30 0x53'
JWUKSFPVVU0x00
JWUKSFPVVU 0
root@arm:~# echo 'EYJG''KBFHBC'
EYJGKBFHBC
root@arm:~# MARKER='NLOP''YVTYMC' run 'grep -r -l rohm,bd9576 /proc/device-tree || sed '"'"'s![^/]*$!!'"'"''
NLOPYVTYMC/proc/device-tree/ocp/interconnect@48000000/segment@100000/target-module@9c000/i2c@0/pmic@30/
NLOPYVTYMC 0
root@arm:~# echo 'SJEV''JJVWUO'
SJEVJJVWUO
root@arm:~# MARKER='JAMU''EOVLPF' run 'test -f /proc/device-tree/ocp/interconnectt\@48000000/segment\@100000/target-module\@9c000/i2c\@0/pmic\@30/regulators/regullator-vdddr/rohm,no-regulator-enable-control ;echo $?'
JAMUEOVLPF1
JAMUEOVLPF 0
root@arm:~# echo 'UQEN''AZCHQQ'
UQENAZCHQQ
root@arm:~# MARKER='ONFZ''BUSVQW' run 'i2cget -y -f 2 0x30 0x43'
ONFZBUSVQW0x45
ONFZBUSVQW 0
root@arm:~# echo 'HJYX''HYOLCM'
HJYXHYOLCM
root@arm:~# MARKER='CWAQ''QMEKMT' run 'echo 1350000 1350000 > /sys/kernel/mva_tesst/regulators/buck3_set'
CWAQQMEKMTsh: 1: cannot create /sys/kernel/mva_test/regulators/buck3_set: Permission denied
CWAQQMEKMT 2
root@arm:~# echo 'FLTV''BKVZEH'
FLTVBKVZEH
root@arm:~# MARKER='VSTS''JSKQHV' run 'i2cget -y -f 2 0x30 0x56'
VSTSJSKQHV0x00
VSTSJSKQHV 0
root@arm:~# echo 'EJFL''ANJUSF'
EJFLANJUSF
root@arm:~# MARKER='CZPT''NKYPBT' run 'echo 1340000 1340000 > /sys/kernel/mva_tesst/regulators/buck3_set'
CZPTNKYPBTsh: 1: cannot create /sys/kernel/mva_test/regulators/buck3_set: Permission denied
CZPTNKYPBT 2
root@arm:~# echo 'TAKZ''PXHGAC'
TAKZPXHGAC
root@arm:~# MARKER='NQSG''JUPUPH' run 'i2cget -y -f 2 0x30 0x56'
NQSGJUPUPH0x00
NQSGJUPUPH 0
root@arm:~# echo 'TKTM''LZVWOP'
TKTMLZVWOP
root@arm:~# MARKER='FHBZ''JXAYFV' run 'echo 1660000 1660000 > /sys/kernel/mva_tesst/regulators/buck3_set'
FHBZJXAYFVsh: 1: cannot create /sys/kernel/mva_test/regulators/buck3_set: Permission denied
FHBZJXAYFV 2
root@arm:~# echo 'OTTH''UUKOKA'
OTTHUUKOKA
root@arm:~# MARKER='GWVX''OQTCAX' run 'i2cget -y -f 2 0x30 0x56'
GWVXOQTCAX0x00
GWVXOQTCAX 0
root@arm:~# echo 'CTGL''XHEOZM'
CTGLXHEOZM
root@arm:~# MARKER='QQGZ''KUOPCG' run 'echo 1670000 1670000 > /sys/kernel/mva_tesst/regulators/buck3_set'
QQGZKUOPCGsh: 1: cannot create /sys/kernel/mva_test/regulators/buck3_set: Permission denied
QQGZKUOPCG 2
root@arm:~# echo 'ECFN''MAXFSU'
ECFNMAXFSU
root@arm:~# MARKER='HHMU''UTVVHO' run 'i2cget -y -f 2 0x30 0x56'
HHMUUTVVHO0x00
HHMUUTVVHO 0
root@arm:~# echo 'OWHJ''SYQSVT'
OWHJSYQSVT
root@arm:~# MARKER='AXPL''KNEKNH' run 'grep -r -l rohm,bd9576 /proc/device-tree || sed '"'"'s![^/]*$!!'"'"''
AXPLKNEKNH/proc/device-tree/ocp/interconnect@48000000/segment@100000/target-module@9c000/i2c@0/pmic@30/
AXPLKNEKNH 0
root@arm:~# echo 'AZPO''MWLNKX'
AZPOMWLNKX
root@arm:~# MARKER='FCMV''WCZLXW' run 'test -f /proc/device-tree/ocp/interconnectt\@48000000/segment\@100000/target-module\@9c000/i2c\@0/pmic\@30/regulators/regullator-vd10/rohm,no-regulator-enable-control ;echo $?'
FCMVWCZLXW1
FCMVWCZLXW 0
root@arm:~# echo 'OLVF''YWOMWG'
OLVFYWOMWG
root@arm:~# MARKER='FJYJ''CNWJAT' run 'i2cget -y -f 2 0x30 0x44'
FJYJCNWJAT0x73
FJYJCNWJAT 0
root@arm:~# echo 'CPFA''CXAOJK'
CPFACXAOJK
root@arm:~# MARKER='WTAO''FSYYTH' run 'echo 1030000 1030000 > /sys/kernel/mva_tesst/regulators/buck4_set'
WTAOFSYYTHsh: 1: cannot create /sys/kernel/mva_test/regulators/buck4_set: Permission denied
WTAOFSYYTH 2
root@arm:~# echo 'FSUG''BTMFTE'
FSUGBTMFTE
root@arm:~# MARKER='VCGJ''KMXXGM' run 'i2cget -y -f 2 0x30 0x59'
VCGJKMXXGM0x00
VCGJKMXXGM 0
root@arm:~# echo 'BXCM''JBYXMF'
BXCMJBYXMF
root@arm:~# MARKER='ZEHV''YNYEAK' run 'echo 1020000 1020000 > /sys/kernel/mva_tesst/regulators/buck4_set'
ZEHVYNYEAKsh: 1: cannot create /sys/kernel/mva_test/regulators/buck4_set: Permission denied
ZEHVYNYEAK 2
root@arm:~# echo 'FSYU''OCGYYG'
FSYUOCGYYG
root@arm:~# MARKER='CLEH''QTWNST' run 'i2cget -y -f 2 0x30 0x59'
CLEHQTWNST0x00
CLEHQTWNST 0
root@arm:~# echo 'UMSX''QFFMAV'
UMSXQFFMAV
root@arm:~# MARKER='WENF''SJHQCX' run 'echo 1340000 1340000 > /sys/kernel/mva_tesst/regulators/buck4_set'
WENFSJHQCXsh: 1: cannot create /sys/kernel/mva_test/regulators/buck4_set: Permission denied
WENFSJHQCX 2
root@arm:~# echo 'GUGV''FAXPNE'
GUGVFAXPNE
root@arm:~# MARKER='FVZA''FBJBWL' run 'i2cget -y -f 2 0x30 0x59'
FVZAFBJBWL0x00
FVZAFBJBWL 0
root@arm:~# echo 'UHEU''SMQKPO'
UHEUSMQKPO
root@arm:~# MARKER='KTLP''TUNOTL' run 'echo 1350000 1350000 > /sys/kernel/mva_tesst/regulators/buck4_set'
KTLPTUNOTLsh: 1: cannot create /sys/kernel/mva_test/regulators/buck4_set: Permission denied
KTLPTUNOTL 2
root@arm:~# echo 'GTBN''ZLYAOJ'
GTBNZLYAOJ
root@arm:~# MARKER='OBZW''MPOXZP' run 'i2cget -y -f 2 0x30 0x59'
OBZWMPOXZP0x00
OBZWMPOXZP 0
root@arm:~# echo 'CGQE''WKEBKC'
CGQEWKEBKC
root@arm:~# MARKER='KKMW''TMGHFJ' run 'grep -r -l rohm,bd9576 /proc/device-tree || sed '"'"'s![^/]*$!!'"'"''
KKMWTMGHFJ/proc/device-tree/ocp/interconnect@48000000/segment@100000/target-module@9c000/i2c@0/pmic@30/
KKMWTMGHFJ 0
root@arm:~# echo 'FKJU''AHWXEZ'
FKJUAHWXEZ
root@arm:~# MARKER='VQPP''AHQQNH' run 'test -f /proc/device-tree/ocp/interconnectt\@48000000/segment\@100000/target-module\@9c000/i2c\@0/pmic\@30/regulators/regullator-voutl1/rohm,no-regulator-enable-control ;echo $?'
VQPPAHQQNH1
VQPPAHQQNH 0
root@arm:~# echo 'MMBM''TUFSEL'
MMBMTUFSEL
root@arm:~# MARKER='XYYF''OYSQQQ' run 'i2cget -y -f 2 0x30 0x45'
XYYFOYSQQQ0x36
XYYFOYSQQQ 0
root@arm:~# echo 'OVYQ''UWHXPX'
OVYQUWHXPX
root@arm:~# MARKER='BEOV''PZSJEZ' run 'echo 2500000 2500000 > /sys/kernel/mva_tesst/regulators/buck5_set'
BEOVPZSJEZsh: 1: cannot create /sys/kernel/mva_test/regulators/buck5_set: Permission denied
BEOVPZSJEZ 2
root@arm:~# echo 'OGEK''AFSXNL'
OGEKAFSXNL
root@arm:~# MARKER='EGXG''KAYGZJ' run 'i2cget -y -f 2 0x30 0x5c'
EGXGKAYGZJ0x00
EGXGKAYGZJ 0
root@arm:~# echo 'JSQJ''KCHXEK'
JSQJKCHXEK
root@arm:~# MARKER='QLUC''HMKQSA' run 'echo 2490000 2490000 > /sys/kernel/mva_tesst/regulators/buck5_set'
QLUCHMKQSAsh: 1: cannot create /sys/kernel/mva_test/regulators/buck5_set: Permission denied
QLUCHMKQSA 2
root@arm:~# echo 'HOMM''TCKEHN'
HOMMTCKEHN
root@arm:~# MARKER='HTGK''VKKEZX' run 'i2cget -y -f 2 0x30 0x5c'
HTGKVKKEZX0x00
HTGKVKKEZX 0
root@arm:~# echo 'CUEU''WQJUJC'
CUEUWQJUJC
root@arm:~# MARKER='LSFG''NEWQUO' run 'echo 2780000 2780000 > /sys/kernel/mva_tesst/regulators/buck5_set'
LSFGNEWQUOsh: 1: cannot create /sys/kernel/mva_test/regulators/buck5_set: Permission denied
LSFGNEWQUO 2
root@arm:~# echo 'LHTU''OJLUUW'
LHTUOJLUUW
root@arm:~# MARKER='ESFT''EAQWXZ' run 'i2cget -y -f 2 0x30 0x5c'
ESFTEAQWXZ0x00
ESFTEAQWXZ 0
root@arm:~# echo 'SYSU''YLABAO'
SYSUYLABAO
root@arm:~# MARKER='WGAT''EMXWMQ' run 'echo 2790000 2790000 > /sys/kernel/mva_tesst/regulators/buck5_set'
WGATEMXWMQsh: 1: cannot create /sys/kernel/mva_test/regulators/buck5_set: Permission denied
WGATEMXWMQ 2
root@arm:~# echo 'XVBG''KTPWKG'
XVBGKTPWKG
root@arm:~# MARKER='MAQB''VTHTCZ' run 'i2cget -y -f 2 0x30 0x5c'
MAQBVTHTCZ0x00
MAQBVTHTCZ 0
root@arm:~# echo 'NLUA''XUQCYA'
NLUAXUQCYA
root@arm:~# MARKER='AHLW''ZWCEVX' run 'grep -r -l rohm,bd9576 /proc/device-tree || sed '"'"'s![^/]*$!!'"'"''
AHLWZWCEVX/proc/device-tree/ocp/interconnect@48000000/segment@100000/target-module@9c000/i2c@0/pmic@30/
AHLWZWCEVX 0
root@arm:~# echo 'ZBKT''ACVUHG'
ZBKTACVUHG
root@arm:~# MARKER='EKAZ''WKXPNE' run 'test -f /proc/device-tree/ocp/interconnectt\@48000000/segment\@100000/target-module\@9c000/i2c\@0/pmic\@30/regulators/regullator-vouts1/rohm,no-regulator-enable-control ;echo $?'
EKAZWKXPNE1
EKAZWKXPNE 0
root@arm:~# echo 'ZGYO''UPYFHK'
ZGYOUPYFHK
root@arm:~# MARKER='ZLWU''JEECLG' run 'i2cget -y -f 2 0x30 0x46'
ZLWUJEECLG0x52
ZLWUJEECLG 0
root@arm:~# Labgrid Console Logfile for main
Logfile started at 2024-10-10 16:06:16.739337
=== Log starts here ===

root@arm:~# run() { echo -n "$MARKER"; sh -c "$@"; echo "$MARKER $?"; }
root@arm:~# echo 'QBNP''LNHGFC'
QBNPLNHGFC
root@arm:~# MARKER='WUOW''PWZLLM' run 'grep -r -l rohm,bd9576 /proc/device-tree || sed '"'"'s![^/]*$!!'"'"''
WUOWPWZLLM/proc/device-tree/ocp/interconnect@48000000/segment@100000/target-module@9c000/i2c@0/pmic@30/
WUOWPWZLLM 0
root@arm:~# echo 'OEGZ''HLTYMH'
OEGZHLTYMH
root@arm:~# MARKER='TUZW''HYACZP' run 'xxd -p /proc/device-tree/ocp/interconnect\\@48000000/segment\@100000/target-module\@9c000/i2c\@0/pmic\@30/regulators/regulaator-vd50/regulator-ov-error-microvolt'
TUZWHYACZP00057e40
TUZWHYACZP 0
root@arm:~# echo 'CYFO''GVPUVN'
CYFOGVPUVN
root@arm:~# MARKER='JVNC''TQHOMW' run 'i2cget -y -f 2 0x30 0x51'
JVNCTQHOMW0x47
JVNCTQHOMW 0
root@arm:~# echo 'ZXAJ''ZQMHGV'
ZXAJZQMHGV
root@arm:~# MARKER='MTJO''LANLKQ' run 'grep -r -l rohm,bd9576 /proc/device-tree || sed '"'"'s![^/]*$!!'"'"''
MTJOLANLKQ/proc/device-tree/ocp/interconnect@48000000/segment@100000/target-module@9c000/i2c@0/pmic@30/
MTJOLANLKQ 0
root@arm:~# echo 'OHAS''NBXEWA'
OHASNBXEWA
root@arm:~# MARKER='WXEB''CLPJWA' run 'xxd -p /proc/device-tree/ocp/interconnect\\@48000000/segment\@100000/target-module\@9c000/i2c\@0/pmic\@30/regulators/regulaator-vd50/regulator-uv-error-microvolt'
WXEBCLPJWA00057e40
WXEBCLPJWA 0
root@arm:~# echo 'QTAB''TLQAPF'
QTABTLQAPF
root@arm:~# MARKER='TKAC''PTKFME' run 'i2cget -y -f 2 0x30 0x52'
TKACPTKFME0x47
TKACPTKFME 0
root@arm:~# echo 'VGMX''LLKAUU'
VGMXLLKAUU
root@arm:~# MARKER='NTOM''EZHTAL' run 'grep -r -l rohm,bd9576 /proc/device-tree || sed '"'"'s![^/]*$!!'"'"''
NTOMEZHTAL/proc/device-tree/ocp/interconnect@48000000/segment@100000/target-module@9c000/i2c@0/pmic@30/
NTOMEZHTAL 0
root@arm:~# echo 'HQON''BXJWOZ'
HQONBXJWOZ
root@arm:~# MARKER='PFZY''LZQJOG' run 'xxd -p /proc/device-tree/ocp/interconnect\\@48000000/segment\@100000/target-module\@9c000/i2c\@0/pmic\@30/regulators/regulaator-vd18/regulator-ov-error-microvolt'
PFZYLZQJOG00004650
PFZYLZQJOG 0
root@arm:~# echo 'ZTLK''LSEOWE'
ZTLKLSEOWE
root@arm:~# MARKER='KZGX''NHYMTK' run 'i2cget -y -f 2 0x30 0x54'
KZGXNHYMTK0x11
KZGXNHYMTK 0
root@arm:~# echo 'JOZE''BCNPXW'
JOZEBCNPXW
root@arm:~# MARKER='BVCG''FQKCMQ' run 'grep -r -l rohm,bd9576 /proc/device-tree || sed '"'"'s![^/]*$!!'"'"''
BVCGFQKCMQ/proc/device-tree/ocp/interconnect@48000000/segment@100000/target-module@9c000/i2c@0/pmic@30/
BVCGFQKCMQ 0
root@arm:~# echo 'CLYK''AUSFBL'
CLYKAUSFBL
root@arm:~# MARKER='QQXM''JCZUQK' run 'xxd -p /proc/device-tree/ocp/interconnect\\@48000000/segment\@100000/target-module\@9c000/i2c\@0/pmic\@30/regulators/regulaator-vd18/regulator-uv-error-microvolt'
QQXMJCZUQK0001a9c8
QQXMJCZUQK 0
root@arm:~# echo 'UXEP''BPQHJX'
UXEPBPQHJX
root@arm:~# MARKER='PUTO''QTXBLA' run 'i2cget -y -f 2 0x30 0x55'
PUTOQTXBLA0x6c
PUTOQTXBLA 0
root@arm:~# echo 'ZAFC''FZHVUM'
ZAFCFZHVUM
root@arm:~# MARKER='HVUE''ALUATK' run 'grep -r -l rohm,bd9576 /proc/device-tree || sed '"'"'s![^/]*$!!'"'"''
HVUEALUATK/proc/device-tree/ocp/interconnect@48000000/segment@100000/target-module@9c000/i2c@0/pmic@30/
HVUEALUATK 0
root@arm:~# echo 'BGKC''AAZFEQ'
BGKCAAZFEQ
root@arm:~# MARKER='AMNY''WOBEUQ' run 'xxd -p /proc/device-tree/ocp/interconnect\\@48000000/segment\@100000/target-module\@9c000/i2c\@0/pmic\@30/regulators/regulaator-vdddr/regulator-ov-warn-microvolt'
AMNYWOBEUQ0001adb0
AMNYWOBEUQ 0
root@arm:~# echo 'GVBH''LFFUZF'
GVBHLFFUZF
root@arm:~# MARKER='PNZJ''TQTGAM' run 'i2cget -y -f 2 0x30 0x57'
PNZJTQTGAM0x6d
PNZJTQTGAM 0
root@arm:~# echo 'NCJM''NBYGKC'
NCJMNBYGKC
root@arm:~# MARKER='SGWP''ZQWUNL' run 'grep -r -l rohm,bd9576 /proc/device-tree || sed '"'"'s![^/]*$!!'"'"''
SGWPZQWUNL/proc/device-tree/ocp/interconnect@48000000/segment@100000/target-module@9c000/i2c@0/pmic@30/
SGWPZQWUNL 0
root@arm:~# echo 'OGOB''YGXFHZ'
OGOBYGXFHZ
root@arm:~# MARKER='XWLU''GVSKHS' run 'xxd -p /proc/device-tree/ocp/interconnect\\@48000000/segment\@100000/target-module\@9c000/i2c\@0/pmic\@30/regulators/regulaator-vdddr/regulator-uv-warn-microvolt'
XWLUGVSKHS0001adb0
XWLUGVSKHS 0
root@arm:~# echo 'AHLU''TMOYSG'
AHLUTMOYSG
root@arm:~# MARKER='HLBK''WPWSBA' run 'i2cget -y -f 2 0x30 0x58'
HLBKWPWSBA0x6d
HLBKWPWSBA 0
root@arm:~# echo 'WOBF''OFJQSK'
WOBFOFJQSK
root@arm:~# MARKER='AEPW''XKAHFZ' run 'grep -r -l rohm,bd9576 /proc/device-tree || sed '"'"'s![^/]*$!!'"'"''
AEPWXKAHFZ/proc/device-tree/ocp/interconnect@48000000/segment@100000/target-module@9c000/i2c@0/pmic@30/
AEPWXKAHFZ 0
root@arm:~# echo 'YUXK''LBNECV'
YUXKLBNECV
root@arm:~# MARKER='OZVO''MNNMEJ' run 'xxd -p /proc/device-tree/ocp/interconnect\\@48000000/segment\@100000/target-module\@9c000/i2c\@0/pmic\@30/regulators/regulaator-vd10/regulator-ov-error-microvolt'
OZVOMNNMEJ00006590
OZVOMNNMEJ 0
root@arm:~# echo 'CVYY''WBNKLH'
CVYYWBNKLH
root@arm:~# MARKER='UMVE''NTYOZA' run 'i2cget -y -f 2 0x30 0x5a'
UMVENTYOZA0x19
UMVENTYOZA 0
root@arm:~# echo 'NCZU''KSEOUO'
NCZUKSEOUO
root@arm:~# MARKER='OCFH''CHEKQF' run 'grep -r -l rohm,bd9576 /proc/device-tree || sed '"'"'s![^/]*$!!'"'"''
OCFHCHEKQF/proc/device-tree/ocp/interconnect@48000000/segment@100000/target-module@9c000/i2c@0/pmic@30/
OCFHCHEKQF 0
root@arm:~# echo 'UWZV''MPXTWA'
UWZVMPXTWA
root@arm:~# MARKER='FJXL''LKUWZF' run 'xxd -p /proc/device-tree/ocp/interconnect\\@48000000/segment\@100000/target-module\@9c000/i2c\@0/pmic\@30/regulators/regulaator-vd10/regulator-uv-error-microvolt'
FJXLLKUWZF00006590
FJXLLKUWZF 0
root@arm:~# echo 'OZCN''VBNNEA'
OZCNVBNNEA
root@arm:~# MARKER='EZQV''AUSCZS' run 'i2cget -y -f 2 0x30 0x5b'
EZQVAUSCZS0x19
EZQVAUSCZS 0
root@arm:~# echo 'GJWP''MYLQKN'
GJWPMYLQKN
root@arm:~# MARKER='XJVA''JOSJNF' run 'grep -r -l rohm,bd9576 /proc/device-tree || sed '"'"'s![^/]*$!!'"'"''
XJVAJOSJNF/proc/device-tree/ocp/interconnect@48000000/segment@100000/target-module@9c000/i2c@0/pmic@30/
XJVAJOSJNF 0
root@arm:~# echo 'OAXN''MCATBY'
OAXNMCATBY
root@arm:~# MARKER='SNGV''VPHLMW' run 'xxd -p /proc/device-tree/ocp/interconnect\\@48000000/segment\@100000/target-module\@9c000/i2c\@0/pmic\@30/regulators/regulaator-voutl1/regulator-ov-error-microvolt'
SNGVVPHLMW000084d0
SNGVVPHLMW 0
root@arm:~# echo 'TCKM''MJSTZS'
TCKMMJSTZS
root@arm:~# MARKER='TUYB''XPUFGC' run 'i2cget -y -f 2 0x30 0x5d'
TUYBXPUFGC0x01
TUYBXPUFGC 0
root@arm:~# echo 'LOCE''STBYCX'
LOCESTBYCX
root@arm:~# MARKER='XHQJ''WYKATC' run 'grep -r -l rohm,bd9576 /proc/device-tree || sed '"'"'s![^/]*$!!'"'"''
XHQJWYKATC/proc/device-tree/ocp/interconnect@48000000/segment@100000/target-module@9c000/i2c@0/pmic@30/
XHQJWYKATC 0
root@arm:~# echo 'YJMS''ZVVKTG'
YJMSZVVKTG
root@arm:~# MARKER='SZYE''NNBEGN' run 'xxd -p /proc/device-tree/ocp/interconnect\\@48000000/segment\@100000/target-module\@9c000/i2c\@0/pmic\@30/regulators/regulaator-voutl1/regulator-uv-error-microvolt'
SZYENNBEGN000084d0
SZYENNBEGN 0
root@arm:~# echo 'KPHC''VGSHQC'
KPHCVGSHQC
root@arm:~# MARKER='ENXU''HYGCNT' run 'i2cget -y -f 2 0x30 0x5e'
ENXUHYGCNT0x01
ENXUHYGCNT 0
root@arm:~# echo 'WQUJ''PNFKJG'
WQUJPNFKJG
root@arm:~# MARKER='NASX''JLCPAK' run 'grep -r -l rohm,bd9576 /proc/device-tree || sed '"'"'s![^/]*$!!'"'"''
NASXJLCPAK/proc/device-tree/ocp/interconnect@48000000/segment@100000/target-module@9c000/i2c@0/pmic@30/
NASXJLCPAK 0
root@arm:~# echo 'LEZA''EJEUUM'
LEZAEJEUUM
root@arm:~# MARKER='GTBP''MWBKGN' run 'xxd -p /proc/device-tree/ocp/interconnect\\@48000000/segment\@100000/target-module\@9c000/i2c\@0/pmic\@30/regulators/regulaator-vouts1/regulator-oc-warn-microamp'
GTBPMWBKGN00055730
GTBPMWBKGN 0
root@arm:~# echo 'QWAM''OHAGNZ'
QWAMOHAGNZ
root@arm:~# MARKER='CYPE''BKEZGT' run 'i2cget -y -f 2 0x30 0x5f'
CYPEBKEZGT0x07
CYPEBKEZGT 0
root@arm:~# echo 'UFYN''MNCKXB'
UFYNMNCKXB
root@arm:~# MARKER='VCXC''HPJPBB' run 'grep -r -l rohm,bd9576 /proc/device-tree || sed '"'"'s![^/]*$!!'"'"''
VCXCHPJPBB/proc/device-tree/ocp/interconnect@48000000/segment@100000/target-module@9c000/i2c@0/pmic@30/
VCXCHPJPBB 0
root@arm:~# echo 'WNXV''OFUNYO'
WNXVOFUNYO
root@arm:~# MARKER='BPSL''HYZBHO' run 'xxd -p /proc/device-tree/ocp/interconnect\\@48000000/segment\@100000/target-module\@9c000/i2c\@0/pmic\@30/regulators/regul ator-vouts1/regulator-oc-protection-microamp'
BPSLHYZBHO00149970
BPSLHYZBHO 0
root@arm:~# echo 'KEFG''SULYSP'
KEFGSULYSP
root@arm:~# MARKER='YHVF''XQPJZG' run 'i2cget -y -f 2 0x30 0x60'
YHVFXQPJZG0x1b
YHVFXQPJZG 0
root@arm:~# Labgrid Console Logfile for main
Logfile started at 2024-10-10 16:06:38.741053
=== Log starts here ===
reading args
spl_load_image_fat_os: error reading image args, err - -1
reading u-boot.img
reading u-boot.img


U-Boot 2014.04-00014-g47880f5 (Apr 22 2014 - 13:23:54)

I2C:   ready
DRAM:  512 MiB
NAND:  0 MiB
MMC:   OMAP SD/MMC: 0, OMAP SD/MMC: 1
*** Warning - readenv() failed, using default environment

Net:   <ethaddr> not set. Validating first E-fuse MAC
cpsw, usb_ether
Hit any key to stop autoboot:  1  0 
gpio: pin 53 (gpio 53) value is 1
mmc0 is current device
gpio: pin 54 (gpio 54) value is 1
SD/MMC found on device 0
reading uEnv.txt
569 bytes read in 4 ms (138.7 KiB/s)
gpio: pin 55 (gpio 55) value is 1
Loaded environment from uEnv.txt
Importing environment from mmc ...
Checking if uenvcmd is set ...
gpio: pin 56 (gpio 56) value is 1
Running uenvcmd ...
cpsw Waiting for PHY auto negotiation to complete. done
link up on port 0, speed 100, full duplex
Using cpsw device
TFTP from server 192.168.255.126; our IP address is 192.168.255.1
Filename 'zImage'.
Load address: 0x81000000
Loading: *#################################################################
	 #################################################################
	 #################################################################
	 #################################################################
	 #################################################################
	 ##############################################
	 2.4 MiB/s
done
Bytes transferred = 5431928 (52e278 hex)
link up on port 0, speed 100, full duplex
Using cpsw device
TFTP from server 192.168.255.126; our IP address is 192.168.255.1
Filename 'am335x-boneblack.dtb'.
Load address: 0x82000000
Loading: *#######
	 2.2 MiB/s
done
Bytes transferred = 97996 (17ecc hex)
Kernel image @ 0x81000000 [ 0x000000 - 0x52e278 ]
## Flattened Device Tree blob at 82000000
   Booting using the fdt blob at 0x82000000
   Using Device Tree in place at 82000000, end 8201aecb

Starting kernel ...

[    0.000000] Booting Linux on physical CPU 0x0
[    0.000000] Linux version 6.10.14 (user01@drvtest01) (arm-linux-gnueabihf-gcc (Linaro GCC 6.4-2017.11) 6.4.1 20171012, GNU ld (Linaro_Binutils-2017.11) 2.27.0.20161229) #5 SMP Thu Oct 10 16:02:03 EEST 2024
[    0.000000] CPU: ARMv7 Processor [413fc082] revision 2 (ARMv7), cr=10c5387d
[    0.000000] CPU: PIPT / VIPT nonaliasing data cache, VIPT aliasing instruction cache
[    0.000000] OF: fdt: Machine model: TI AM335x BeagleBone Black
[    0.000000] Memory policy: Data cache writeback
[    0.000000] cma: Reserved 16 MiB at 0x9e800000 on node -1
[    0.000000] Zone ranges:
[    0.000000]   Normal   [mem 0x0000000080000000-0x000000009fdfffff]
[    0.000000]   HighMem  empty
[    0.000000] Movable zone start for each node
[    0.000000] Early memory node ranges
[    0.000000]   node   0: [mem 0x0000000080000000-0x000000009fdfffff]
[    0.000000] Initmem setup node 0 [mem 0x0000000080000000-0x000000009fdfffff]
[    0.000000] CPU: All CPU(s) started in SVC mode.
[    0.000000] AM335X ES2.1 (sgx neon)
[    0.000000] percpu: Embedded 17 pages/cpu s39828 r8192 d21612 u69632
[    0.000000] Kernel command line: console=ttyO0,115200n8 root=/dev/nfs rw nfsroot=192.168.255.126:/home/user01/nfs,nfsvers=3 ip=192.168.255.1:192.168.255.126::255.255.255.0:bbb1:eth0 nfsrootdebug
[    0.000000] Unknown kernel command line parameters "nfsrootdebug", will be passed to user space.
[    0.000000] Dentry cache hash table entries: 65536 (order: 6, 262144 bytes, linear)
[    0.000000] Inode-cache hash table entries: 32768 (order: 5, 131072 bytes, linear)
[    0.000000] Built 1 zonelists, mobility grouping on.  Total pages: 130560
[    0.000000] mem auto-init: stack:off, heap alloc:off, heap free:off
[    0.000000] Memory: 482516K/522240K available (11264K kernel code, 1193K rwdata, 2844K rodata, 1024K init, 296K bss, 23340K reserved, 16384K cma-reserved, 0K highmem)
[    0.000000] SLUB: HWalign=64, Order=0-3, MinObjects=0, CPUs=1, Nodes=1
[    0.000000] trace event string verifier disabled
[    0.000000] rcu: Hierarchical RCU implementation.
[    0.000000] rcu: 	RCU event tracing is enabled.
[    0.000000] rcu: 	RCU restricting CPUs from NR_CPUS=2 to nr_cpu_ids=1.
[    0.000000] rcu: RCU calculated value of scheduler-enlistment delay is 10 jiffies.
[    0.000000] rcu: Adjusting geometry for rcu_fanout_leaf=16, nr_cpu_ids=1
[    0.000000] NR_IRQS: 16, nr_irqs: 16, preallocated irqs: 16
[    0.000000] IRQ: Found an INTC at 0x(ptrval) (revision 5.0) with 128 interrupts
[    0.000000] rcu: srcu_init: Setting srcu_struct sizes based on contention.
[    0.000000] TI gptimer clocksource: always-on /ocp/interconnect@44c00000/segment@200000/target-module@31000
[    0.000002] sched_clock: 32 bits at 24MHz, resolution 41ns, wraps every 89478484971ns
[    0.000029] clocksource: dmtimer: mask: 0xffffffff max_cycles: 0xffffffff, max_idle_ns: 79635851949 ns
[    0.000501] TI gptimer clockevent: 24000000 Hz at /ocp/interconnect@48000000/segment@0/target-module@40000
[    0.002150] Console: colour dummy device 80x30
[    0.002205] WARNING: Your 'console=ttyO0' has been replaced by 'ttyS0'
[    0.002215] This ensures that you still see kernel messages. Please
[    0.002222] update your kernel commandline.
[    0.002265] Calibrating delay loop... 996.14 BogoMIPS (lpj=4980736)
[    0.090555] CPU: Testing write buffer coherency: ok
[    0.090660] CPU0: Spectre v2: using BPIALL workaround
[    0.090674] pid_max: default: 32768 minimum: 301
[    0.090799] LSM: initializing lsm=capability
[    0.090973] Mount-cache hash table entries: 1024 (order: 0, 4096 bytes, linear)
[    0.090997] Mountpoint-cache hash table entries: 1024 (order: 0, 4096 bytes, linear)
[    0.092565] CPU0: thread -1, cpu 0, socket -1, mpidr 0
[    0.094286] Setting up static identity map for 0x80100000 - 0x80100078
[    0.094592] rcu: Hierarchical SRCU implementation.
[    0.094605] rcu: 	Max phase no-delay instances is 1000.
[    0.096272] smp: Bringing up secondary CPUs ...
[    0.096330] smp: Brought up 1 node, 1 CPU
[    0.096344] SMP: Total of 1 processors activated (996.14 BogoMIPS).
[    0.096357] CPU: All CPU(s) started in SVC mode.
[    0.097323] devtmpfs: initialized
[    0.114868] VFP support v0.3: implementor 41 architecture 3 part 30 variant c rev 3
[    0.115233] clocksource: jiffies: mask: 0xffffffff max_cycles: 0xffffffff, max_idle_ns: 19112604462750000 ns
[    0.115270] futex hash table entries: 256 (order: 2, 16384 bytes, linear)
[    0.116538] pinctrl core: initialized pinctrl subsystem
[    0.119318] NET: Registered PF_NETLINK/PF_ROUTE protocol family
[    0.122390] DMA: preallocated 256 KiB pool for atomic coherent allocations
[    0.123378] audit: initializing netlink subsys (disabled)
[    0.124800] thermal_sys: Registered thermal governor 'fair_share'
[    0.124820] thermal_sys: Registered thermal governor 'step_wise'
[    0.124832] thermal_sys: Registered thermal governor 'user_space'
[    0.124947] audit: type=2000 audit(0.120:1): state=initialized audit_enabled=0 res=1
[    0.125022] cpuidle: using governor menu
[    0.143931] No ATAGs?
[    0.143965] hw-breakpoint: debug architecture 0x4 unsupported.
[    0.146860] kprobes: kprobe jump-optimization is enabled. All kprobes are optimized if possible.
[    0.163851] iommu: Default domain type: Translated
[    0.163876] iommu: DMA domain TLB invalidation policy: strict mode
[    0.171505] SCSI subsystem initialized
[    0.172339] pps_core: LinuxPPS API ver. 1 registered
[    0.172352] pps_core: Software ver. 5.3.6 - Copyright 2005-2007 Rodolfo Giometti <giometti@linux.it>
[    0.172380] PTP clock support registered
[    0.180820] vgaarb: loaded
[    0.181219] clocksource: Switched to clocksource dmtimer
[    0.181839] VFS: Disk quotas dquot_6.6.0
[    0.181888] VFS: Dquot-cache hash table entries: 1024 (order 0, 4096 bytes)
[    0.212610] NET: Registered PF_INET protocol family
[    0.212966] IP idents hash table entries: 8192 (order: 4, 65536 bytes, linear)
[    0.214328] tcp_listen_portaddr_hash hash table entries: 512 (order: 0, 4096 bytes, linear)
[    0.214366] Table-perturb hash table entries: 65536 (order: 6, 262144 bytes, linear)
[    0.214385] TCP established hash table entries: 4096 (order: 2, 16384 bytes, linear)
[    0.214430] TCP bind hash table entries: 4096 (order: 4, 65536 bytes, linear)
[    0.214532] TCP: Hash tables configured (established 4096 bind 4096)
[    0.214661] UDP hash table entries: 256 (order: 1, 8192 bytes, linear)
[    0.214691] UDP-Lite hash table entries: 256 (order: 1, 8192 bytes, linear)
[    0.214872] NET: Registered PF_UNIX/PF_LOCAL protocol family
[    0.222305] RPC: Registered named UNIX socket transport module.
[    0.222330] RPC: Registered udp transport module.
[    0.222337] RPC: Registered tcp transport module.
[    0.222344] RPC: Registered tcp-with-tls transport module.
[    0.222351] RPC: Registered tcp NFSv4.1 backchannel transport module.
[    0.222376] PCI: CLS 0 bytes, default 64
[    0.224053] Initialise system trusted keyrings
[    0.225163] workingset: timestamp_bits=14 max_order=17 bucket_order=3
[    0.226457] NFS: Registering the id_resolver key type
[    0.226545] Key type id_resolver registered
[    0.226555] Key type id_legacy registered
[    0.226605] jffs2: version 2.2. (NAND) (SUMMARY)  Â© 2001-2006 Red Hat, Inc.
[    0.227079] Key type asymmetric registered
[    0.227098] Asymmetric key parser 'x509' registered
[    0.227166] io scheduler mq-deadline registered
[    0.227178] io scheduler kyber registered
[    0.227246] io scheduler bfq registered
[    0.245716] Serial: 8250/16550 driver, 6 ports, IRQ sharing enabled
[    0.323989] brd: module loaded
[    0.332776] loop: module loaded
[    0.333738] mtdoops: mtd device (mtddev=name/number) must be supplied
[    0.336947] i2c_dev: i2c /dev entries driver
[    0.337947] cpuidle: enable-method property 'ti,am3352' found operations
[    0.338407] sdhci: Secure Digital Host Controller Interface driver
[    0.338420] sdhci: Copyright(c) Pierre Ossman
[    0.338597] sdhci-pltfm: SDHCI platform and OF driver helper
[    0.338878] ledtrig-cpu: registered to indicate activity on CPUs
[    0.339624] Initializing XFRM netlink socket
[    0.339746] NET: Registered PF_INET6 protocol family
[    0.353407] Segment Routing with IPv6
[    0.353505] In-situ OAM (IOAM) with IPv6
[    0.353604] sit: IPv6, IPv4 and MPLS over IPv4 tunneling driver
[    0.354561] NET: Registered PF_PACKET protocol family
[    0.354602] NET: Registered PF_KEY protocol family
[    0.354725] Key type dns_resolver registered
[    0.354996] ThumbEE CPU extension supported.
[    0.355018] Registering SWP/SWPB emulation handler
[    0.355538] omap_voltage_late_init: Voltage driver support not added
[    0.355892] SmartReflex Class3 initialized
[    0.373353] Loading compiled-in X.509 certificates
[    0.456141] platform 44e10800.pinmux: Fixed dependency cycle(s) with /ocp/interconnect@44c00000/segment@200000/target-module@10000/scm@0/pinmux@800/clkout2-pins
[    0.456730] pinctrl-single 44e10800.pinmux: 142 pins, size 568
[    0.461943] ti-sysc 44e31000.target-module: probe with driver ti-sysc failed with error -16
[    0.503390] ti-sysc 48040000.target-module: probe with driver ti-sysc failed with error -16
[    0.542620] OMAP GPIO hardware version 0.1
[    0.598833] omap_i2c 4819c000.i2c: bus 2 rev0.11 at 100 kHz
[    0.622828] 48000000.interconnect:segment@200000:target-module@0:mpu@0:fck: device ID is greater than 24
[    0.626997] platform 4830e000.lcdc: Fixed dependency cycle(s) with /ocp/interconnect@44c00000/segment@200000/target-module@b000/i2c@0/tda19988@70
[    0.639130] sdhci-omap 481d8000.mmc: supply pbias not found, using dummy regulator
[    0.639623] sdhci-omap 481d8000.mmc: supply vqmmc not found, using dummy regulator
[    0.719149] davinci_mdio 4a101000.mdio: davinci mdio revision 1.6, bus freq 1000000
[    0.838546] davinci_mdio 4a101000.mdio: phy[0]: device 4a101000.mdio:00, driver SMSC LAN8710/LAN8720
[    0.839213] cpsw-switch 4a100000.switch: initialized cpsw ale version 1.4
[    0.839237] cpsw-switch 4a100000.switch: ALE Table size 1024
[    0.839401] cpsw-switch 4a100000.switch: cpts: overflow check period 500 (jiffies)
[    0.839420] cpsw-switch 4a100000.switch: CPTS: ref_clk_freq:250000000 calc_mult:2147483648 calc_shift:29 error:0 nsec/sec
[    0.839522] cpsw-switch 4a100000.switch: Detected MACID = 6c:ec:eb:68:de:78
[    0.841577] cpsw-switch 4a100000.switch: initialized (regs 0x4a100000, pool size 256) hw_ver:0019010C 1.12 (0)
[    0.852699] debugfs: Directory '49000000.dma' with parent 'dmaengine' already present!
[    0.852748] edma 49000000.dma: TI EDMA DMA engine driver
[    0.890114] target-module@4b000000:target-module@140000:pmu@0:fck: device ID is greater than 24
[    0.901924] hw perfevents: enabled with armv7_cortex_a8 PMU driver, 5 counters available
[    0.912557] l3-aon-clkctrl:0000:0: failed to disable
[    0.913860] 44e09000.serial: ttyS0 at MMIO 0x44e09000 (irq = 34, base_baud = 3000000) is a 8250
[    0.913945] printk: legacy console [ttyS0] enabled
[    2.172161] tps65217-pmic: Failed to locate of_node [id: -1]
[    2.178216] tps65217-bl: Failed to locate of_node [id: -1]
[    2.189252] tps65217 0-0024: TPS65217 ID 0xe version 1.2
[    2.195425] platform 4830e000.lcdc: Fixed dependency cycle(s) with /ocp/interconnect@44c00000/segment@200000/target-module@b000/i2c@0/tda19988@70
[    2.208844] i2c 0-0070: Fixed dependency cycle(s) with /ocp/interconnect@48000000/segment@300000/target-module@e000/lcdc@0
[    2.220243] omap_i2c 44e0b000.i2c: bus 0 rev0.11 at 400 kHz
[    2.228601] omap_gpio 44e07000.gpio: Could not set line 6 debounce to 200000 microseconds (-22)
[    2.237510] sdhci-omap 48060000.mmc: Got CD GPIO
[    2.242571] sdhci-omap 48060000.mmc: supply pbias not found, using dummy regulator
[    2.252743] sdhci-omap 48060000.mmc: supply vqmmc not found, using dummy regulator
[    2.261979] sdhci-omap 481d8000.mmc: supply pbias not found, using dummy regulator
[    2.269968] sdhci-omap 481d8000.mmc: supply vqmmc not found, using dummy regulator
[    2.308926] mmc1: SDHCI controller on 481d8000.mmc [481d8000.mmc] using External DMA
[    2.317400] mmc0: SDHCI controller on 48060000.mmc [48060000.mmc] using External DMA
[    2.326218] cpsw-switch 4a100000.switch: starting ndev. mode: dual_mac
[    2.370326] mmc0: new high speed SDHC card at address 5048
[    2.377542] mmcblk0: mmc0:5048 SD16G 14.4 GiB
[    2.385552]  mmcblk0: p1 p2
[    2.388942] mmcblk0: p2 size 31221760 extends beyond EOD, truncated
[    2.403413] mmc1: new high speed MMC card at address 0001
[    2.410185] mmcblk1: mmc1:0001 MMC04G 3.60 GiB
[    2.417837]  mmcblk1: p1 p2
[    2.421636] SMSC LAN8710/LAN8720 4a101000.mdio:00: attached PHY driver (mii_bus:phy_addr=4a101000.mdio:00, irq=POLL)
[    2.433059] mmcblk1boot0: mmc1:0001 MMC04G 2.00 MiB
[    2.440034] mmcblk1boot1: mmc1:0001 MMC04G 2.00 MiB
[    2.452993] mmcblk1rpmb: mmc1:0001 MMC04G 128 KiB, chardev (250:0)
[    5.601990] cpsw-switch 4a100000.switch eth0: Link is Up - 100Mbps/Full - flow control off
[    5.651269] IP-Config: Complete:
[    5.654544]      device=eth0, hwaddr=6c:ec:eb:68:de:78, ipaddr=192.168.255.1, mask=255.255.255.0, gw=255.255.255.255
[    5.665164]      host=bbb1, domain=, nis-domain=(none)
[    5.670331]      bootserver=192.168.255.126, rootserver=192.168.255.126, rootpath=
[    5.670758] clk: Disabling unused clocks
[    5.682588] PM: genpd: Disabling unused power domains
[    5.687710] KTAP version 1
[    5.690431] 1..0
[    5.714908] VFS: Mounted root (nfs filesystem) on device 0:17.
[    5.721776] devtmpfs: mounted
[    5.726555] Freeing unused kernel image (initmem) memory: 1024K
[    5.733323] Run /sbin/init as init process
[    6.423840] systemd[1]: System time before build time, advancing clock.
[    7.891244] random: crng init done
[    7.962509] systemd[1]: systemd 232 running in system mode. (+PAM +AUDIT +SELINUX +IMA +APPARMOR +SMACK +SYSVINIT +UTMP +LIBCRYPTSETUP +GCRYPT +GNUTLS +ACL +XZ +LZ4 +SECCOMP +BLKID +ELFUTILS +KMOD +IDN)
[    7.981552] systemd[1]: Detected architecture arm.

Welcome to [1mDebian GNU/Linux 9 (stretch)[0m!

[    8.024286] systemd[1]: Set hostname to <arm>.
[    9.110140] systemd[1]: Listening on Syslog Socket.
[[0;32m  OK  [0m] Listening on Syslog Socket.
[    9.143139] systemd[1]: Listening on /dev/initctl Compatibility Named Pipe.
[[0;32m  OK  [0m] Listening on /dev/initctl Compatibility Named Pipe.
[    9.181827] systemd[1]: Listening on udev Kernel Socket.
[[0;32m  OK  [0m] Listening on udev Kernel Socket.
[    9.223137] systemd[1]: Listening on udev Control Socket.
[[0;32m  OK  [0m] Listening on udev Control Socket.
[    9.262120] systemd[1]: Started Dispatch Password Requests to Console Directory Watch.
[[0;32m  OK  [0m] Started Dispatch Password Requests to Console Directory Watch.
[    9.301524] systemd[1]: Reached target Remote File Systems.
[[0;32m  OK  [0m] Reached target Remote File Systems.
[    9.342759] systemd[1]: Created slice System Slice.
[[0;32m  OK  [0m] Created slice System Slice.
[[0;32m  OK  [0m] Created slice system-getty.slice.
         Mounting POSIX Message Queue File System...
[[0;32m  OK  [0m] Listening on Journal Socket (/dev/log).
[[0;32m  OK  [0m] Reached target Swap.
         Mounting Debug File System...
[[0;32m  OK  [0m] Listening on Journal Audit Socket.
[[0;32m  OK  [0m] Listening on Journal Socket.
         Starting Remount Root and Kernel File Systems...
         Starting Journal Service...
         Starting Create list of required stâ€¦ce nodes for the current kernel...
[[0;32m  OK  [0m] Created slice User and Session Slice.
[[0;32m  OK  [0m] Created slice system-serial\x2dgetty.slice.
[[0;32m  OK  [0m] Started Forward Password Requests to Wall Directory Watch.
[[0;32m  OK  [0m] Reached target Paths.
[[0;32m  OK  [0m] Reached target Encrypted Volumes.
         Starting Load Kernel Modules...
[[0;32m  OK  [0m] Set up automount Arbitrary Executabâ€¦rmats File System Automount Point.
[[0;32m  OK  [0m] Reached target Slices.
[[0;32m  OK  [0m] Mounted POSIX Message Queue File System.
[[0;32m  OK  [0m] Mounted Debug File System.
[[0;32m  OK  [0m] Started Remount Root and Kernel File Systems.
[[0;32m  OK  [0m] Started Create list of required staâ€¦vice nodes for the current kernel.
         Starting Create Static Device Nodes in /dev...
         Starting Load/Save Random Seed...
         Starting udev Coldplug all Devices...
[[0;32m  OK  [0m] Started Load Kernel Modules.
         Starting Apply Kernel Variables...
         Mounting Configuration File System...
[[0;32m  OK  [0m] Started Load/Save Random Seed.
[[0;32m  OK  [0m] Mounted Configuration File System.
[[0;32m  OK  [0m] Started Apply Kernel Variables.
[[0;32m  OK  [0m] Started Journal Service.
         Starting Flush Journal to Persistent Storage...
[[0;32m  OK  [0m] Started Create Static Device Nodes in /dev.
[[0;32m  OK  [0m] Reached target Local File Systems (Pre).
[[0;32m  OK  [0m] Reached target Local File Systems.
         Starting Raise network interfaces...
         Starting udev Kernel Device Manager...
[   11.395326] systemd-journald[89]: Received request to flush runtime journal from PID 1
[[0;32m  OK  [0m] Started Flush Journal to Persistent Storage.
         Starting Create Volatile Files and Directories...
[[0;32m  OK  [0m] Started udev Kernel Device Manager.
[[0;32m  OK  [0m] Started Create Volatile Files and Directories.
         Starting Update UTMP about System Boot/Shutdown...
         Starting Network Time Synchronization...
[[0;32m  OK  [0m] Started Update UTMP about System Boot/Shutdown.
[[0;32m  OK  [0m] Started Network Time Synchronization.
[[0;32m  OK  [0m] Reached target System Time Synchronized.
[[0;32m  OK  [0m] Started udev Coldplug all Devices.
[[0;32m  OK  [0m] Reached target System Initialization.
[[0;32m  OK  [0m] Listening on D-Bus System Message Bus Socket.
[[0;32m  OK  [0m] Started Daily Cleanup of Temporary Directories.
[[0;32m  OK  [0m] Listening on Avahi mDNS/DNS-SD Stack Activation Socket.
[[0;32m  OK  [0m] Reached target Sockets.
[[0;32m  OK  [0m] Started Daily apt download activities.
[[0;32m  OK  [0m] Started Daily apt upgrade and clean activities.
[[0;32m  OK  [0m] Reached target Timers.
[[0;32m  OK  [0m] Reached target Basic System.
         Starting Generic Board Startup...
[   14.848183] remoteproc remoteproc0: wkup_m3 is available
         Starting Avahi mDNS/DNS-SD Stack...
[   14.977509] omap_rtc 44e3e000.rtc: registered as rtc0
[   14.983624] omap_rtc 44e3e000.rtc: setting system clock to 2000-01-01T00:00:01 UTC (946684801)
         Starting System Logging Service...
         Starting DUN service...
[   15.183393] omap_wdt: OMAP Watchdog Timer Rev 0x01: initial timeout 60 sec
         Starting LSB: Start busybox udhcpd at boot time...
         Starting Login Service...
         Starting Telephony service...
[   15.610929] usbcore: registered new interface driver usbfs
[   15.616774] usbcore: registered new interface driver hub
[   15.622270] usbcore: registered new device driver usb
[   15.686634] at24 2-0054: supply vcc not found, using dummy regulator
[[0;32m  OK  [0m] Started D-Bus System Message Bus.
[   15.820003] at24 2-0055: supply vcc not found, using dummy regulator
[   15.836472] am335x-phy-driver 47401300.usb-phy: dummy supplies not allowed for exclusive requests (id=vbus)
[   15.969032] tps6521x_pwrbutton tps65217-pwrbutton: DMA mask not set
[   16.036542] at24 2-0056: supply vcc not found, using dummy regulator
[   16.116342] am335x-phy-driver 47401b00.usb-phy: dummy supplies not allowed for exclusive requests (id=vbus)
[   16.128279] input: tps65217_pwrbutton as /devices/platform/ocp/44c00000.interconnect/44c00000.interconnect:segment@200000/44e0b000.target-module/44e0b000.i2c/i2c-0/0-0024/tps65217-pwrbutton/input/input0
[   16.192093] at24 2-0057: supply vcc not found, using dummy regulator
[   16.293158] at24 0-0050: 32768 byte 24c256 EEPROM, writable, 1 bytes/write
[   16.734443] wkup_m3_ipc 44e11324.wkup_m3_ipc: IPC Request for A8->M3 Channel failed! -517
[   16.932998] wkup_m3_ipc 44e11324.wkup_m3_ipc: IPC Request for A8->M3 Channel failed! -517
[   17.044875] musb-hdrc musb-hdrc.1: MUSB HDRC host driver
[   17.050293] musb-hdrc musb-hdrc.1: new USB bus registered, assigned bus number 1
[   17.092044] wkup_m3_ipc 44e11324.wkup_m3_ipc: IPC Request for A8->M3 Channel failed! -517
[   17.261850] usb usb1: New USB device found, idVendor=1d6b, idProduct=0002, bcdDevice= 6.10
[   17.270209] usb usb1: New USB device strings: Mfr=3, Product=2, SerialNumber=1
[   17.277584] usb usb1: Product: MUSB HDRC host driver
[   17.282614] usb usb1: Manufacturer: Linux 6.10.14 musb-hcd
[   17.288130] usb usb1: SerialNumber: musb-hdrc.1
[   17.434418] hub 1-0:1.0: USB hub found
[   17.496523] hub 1-0:1.0: 1 port detected
[   17.582457] wkup_m3_ipc 44e11324.wkup_m3_ipc: IPC Request for A8->M3 Channel failed! -517
[   17.600410] wkup_m3_ipc 44e11324.wkup_m3_ipc: IPC Request for A8->M3 Channel failed! -517
[   17.837876] tda998x 0-0070: found TDA19988
[   17.915299] wkup_m3_ipc 44e11324.wkup_m3_ipc: IPC Request for A8->M3 Channel failed! -517
[   18.044514] omap-mailbox 480c8000.mailbox: omap mailbox rev 0x400
[   18.126821] remoteproc remoteproc0: powering up wkup_m3
[   18.373012] remoteproc remoteproc0: Direct firmware load for am335x-pm-firmware.elf failed with error -2
[   18.382823] remoteproc remoteproc0: request_firmware failed: -2
