Labgrid Console Logfile for main
Logfile started at 2025-07-14 19:08:37.111372
=== Log starts here ===
reading args
spl_load_image_fat_os: error reading image args, err - -1
reading u-boot.img
reading u-boot.img


U-Boot 2014.04-00014-g47880f5 (Apr 22 2014 - 13:23:54)

I2C:   ready
DRAM:  512 MiB
NAND:  0 MiB
MMC:   OMAP SD/MMC: 0, OMAP SD/MMC: 1
*** Warning - readenv() failed, using default environment

Net:   <ethaddr> not set. Validating first E-fuse MAC
cpsw, usb_ether
Hit any key to stop autoboot:  1  0 
gpio: pin 53 (gpio 53) value is 1
mmc0 is current device
gpio: pin 54 (gpio 54) value is 1
SD/MMC found on device 0
reading uEnv.txt
569 bytes read in 4 ms (138.7 KiB/s)
gpio: pin 55 (gpio 55) value is 1
Loaded environment from uEnv.txt
Importing environment from mmc ...
Checking if uenvcmd is set ...
gpio: pin 56 (gpio 56) value is 1
Running uenvcmd ...
cpsw Waiting for PHY auto negotiation to complete. done
link up on port 0, speed 100, full duplex
Using cpsw device
TFTP from server 192.168.255.126; our IP address is 192.168.255.1
Filename 'zImage'.
Load address: 0x81000000
Loading: *#################################################################
	 #################################################################
	 #################################################################
	 #################################################################
	 #################################################################
	 ########################################
	 2.4 MiB/s
done
Bytes transferred = 5349240 (519f78 hex)
link up on port 0, speed 100, full duplex
Using cpsw device
TFTP from server 192.168.255.126; our IP address is 192.168.255.1
Filename 'am335x-boneblack.dtb'.
Load address: 0x82000000
Loading: *#######
	 2.1 MiB/s
done
Bytes transferred = 97772 (17dec hex)
Kernel image @ 0x81000000 [ 0x000000 - 0x519f78 ]
## Flattened Device Tree blob at 82000000
   Booting using the fdt blob at 0x82000000
   Using Device Tree in place at 82000000, end 8201adeb

Starting kernel ...

[    0.000000] Booting Linux on physical CPU 0x0
[    0.000000] Linux version 6.6.98 (user01@drvtest01) (arm-none-eabi-gcc (Arm GNU Toolchain 14.2.Rel1 (Build arm-14.52)) 14.2.1 20241119, GNU ld (Arm GNU Toolchain 14.2.Rel1 (Build arm-14.52)) 2.43.1.20241119) #1 SMP Mon Jul 14 19:05:02 EEST 2025
[    0.000000] CPU: ARMv7 Processor [413fc082] revision 2 (ARMv7), cr=10c5387d
[    0.000000] CPU: PIPT / VIPT nonaliasing data cache, VIPT aliasing instruction cache
[    0.000000] OF: fdt: Machine model: TI AM335x BeagleBone Black
[    0.000000] Memory policy: Data cache writeback
[    0.000000] cma: Reserved 16 MiB at 0x9e800000 on node -1
[    0.000000] Zone ranges:
[    0.000000]   Normal   [mem 0x0000000080000000-0x000000009fdfffff]
[    0.000000]   HighMem  empty
[    0.000000] Movable zone start for each node
[    0.000000] Early memory node ranges
[    0.000000]   node   0: [mem 0x0000000080000000-0x000000009fdfffff]
[    0.000000] Initmem setup node 0 [mem 0x0000000080000000-0x000000009fdfffff]
[    0.000000] CPU: All CPU(s) started in SVC mode.
[    0.000000] AM335X ES2.1 (sgx neon)
[    0.000000] percpu: Embedded 16 pages/cpu s36116 r8192 d21228 u65536
[    0.000000] Kernel command line: console=ttyO0,115200n8 root=/dev/nfs rw nfsroot=192.168.255.126:/home/user01/nfs,nfsvers=3 ip=192.168.255.1:192.168.255.126::255.255.255.0:bbb1:eth0 nfsrootdebug
[    0.000000] Unknown kernel command line parameters "nfsrootdebug", will be passed to user space.
[    0.000000] Dentry cache hash table entries: 65536 (order: 6, 262144 bytes, linear)
[    0.000000] Inode-cache hash table entries: 32768 (order: 5, 131072 bytes, linear)
[    0.000000] Built 1 zonelists, mobility grouping on.  Total pages: 129412
[    0.000000] mem auto-init: stack:off, heap alloc:off, heap free:off
[    0.000000] Memory: 483604K/522240K available (11264K kernel code, 1165K rwdata, 2700K rodata, 1024K init, 282K bss, 22252K reserved, 16384K cma-reserved, 0K highmem)
[    0.000000] SLUB: HWalign=64, Order=0-3, MinObjects=0, CPUs=1, Nodes=1
[    0.000000] rcu: Hierarchical RCU implementation.
[    0.000000] rcu: 	RCU event tracing is enabled.
[    0.000000] rcu: 	RCU restricting CPUs from NR_CPUS=2 to nr_cpu_ids=1.
[    0.000000] rcu: RCU calculated value of scheduler-enlistment delay is 10 jiffies.
[    0.000000] rcu: Adjusting geometry for rcu_fanout_leaf=16, nr_cpu_ids=1
[    0.000000] NR_IRQS: 16, nr_irqs: 16, preallocated irqs: 16
[    0.000000] IRQ: Found an INTC at 0x(ptrval) (revision 5.0) with 128 interrupts
[    0.000000] rcu: srcu_init: Setting srcu_struct sizes based on contention.
[    0.000000] TI gptimer clocksource: always-on /ocp/interconnect@44c00000/segment@200000/target-module@31000
[    0.000003] sched_clock: 32 bits at 24MHz, resolution 41ns, wraps every 89478484971ns
[    0.000028] clocksource: dmtimer: mask: 0xffffffff max_cycles: 0xffffffff, max_idle_ns: 79635851949 ns
[    0.000511] TI gptimer clockevent: 24000000 Hz at /ocp/interconnect@48000000/segment@0/target-module@40000
[    0.002078] Console: colour dummy device 80x30
[    0.002130] WARNING: Your 'console=ttyO0' has been replaced by 'ttyS0'
[    0.002138] This ensures that you still see kernel messages. Please
[    0.002143] update your kernel commandline.
[    0.002180] Calibrating delay loop... 996.14 BogoMIPS (lpj=4980736)
[    0.090559] CPU: Testing write buffer coherency: ok
[    0.090659] CPU0: Spectre v2: using BPIALL workaround
[    0.090669] pid_max: default: 32768 minimum: 301
[    0.090784] LSM: initializing lsm=capability,integrity
[    0.090950] Mount-cache hash table entries: 1024 (order: 0, 4096 bytes, linear)
[    0.090969] Mountpoint-cache hash table entries: 1024 (order: 0, 4096 bytes, linear)
[    0.092418] CPU0: thread -1, cpu 0, socket -1, mpidr 0
[    0.094031] Setting up static identity map for 0x80100000 - 0x80100078
[    0.094312] rcu: Hierarchical SRCU implementation.
[    0.094321] rcu: 	Max phase no-delay instances is 1000.
[    0.095694] smp: Bringing up secondary CPUs ...
[    0.095751] smp: Brought up 1 node, 1 CPU
[    0.095765] SMP: Total of 1 processors activated (996.14 BogoMIPS).
[    0.095777] CPU: All CPU(s) started in SVC mode.
[    0.096664] devtmpfs: initialized
[    0.113643] VFP support v0.3: implementor 41 architecture 3 part 30 variant c rev 3
[    0.114000] clocksource: jiffies: mask: 0xffffffff max_cycles: 0xffffffff, max_idle_ns: 19112604462750000 ns
[    0.114035] futex hash table entries: 256 (order: 2, 16384 bytes, linear)
[    0.115349] pinctrl core: initialized pinctrl subsystem
[    0.117493] NET: Registered PF_NETLINK/PF_ROUTE protocol family
[    0.120015] DMA: preallocated 256 KiB pool for atomic coherent allocations
[    0.120833] audit: initializing netlink subsys (disabled)
[    0.122218] thermal_sys: Registered thermal governor 'fair_share'
[    0.122236] thermal_sys: Registered thermal governor 'step_wise'
[    0.122243] thermal_sys: Registered thermal governor 'user_space'
[    0.122353] audit: type=2000 audit(0.120:1): state=initialized audit_enabled=0 res=1
[    0.122432] cpuidle: using governor menu
[    0.138860] /ocp/interconnect@44c00000/segment@200000/target-module@b000/i2c@0/tda19988@70: Fixed dependency cycle(s) with /ocp/interconnect@48000000/segment@300000/target-module@e000/lcdc@0
[    0.139925] /ocp/interconnect@48000000/segment@300000/target-module@e000/lcdc@0: Fixed dependency cycle(s) with /ocp/interconnect@44c00000/segment@200000/target-module@b000/i2c@0/tda19988@70
[    0.142147] No ATAGs?
[    0.142166] hw-breakpoint: debug architecture 0x4 unsupported.
[    0.145179] kprobes: kprobe jump-optimization is enabled. All kprobes are optimized if possible.
[    0.163206] iommu: Default domain type: Translated
[    0.163225] iommu: DMA domain TLB invalidation policy: strict mode
[    0.164664] SCSI subsystem initialized
[    0.166492] pps_core: LinuxPPS API ver. 1 registered
[    0.166504] pps_core: Software ver. 5.3.6 - Copyright 2005-2007 Rodolfo Giometti <giometti@linux.it>
[    0.166527] PTP clock support registered
[    0.170994] vgaarb: loaded
[    0.171321] clocksource: Switched to clocksource dmtimer
[    0.171939] VFS: Disk quotas dquot_6.6.0
[    0.171999] VFS: Dquot-cache hash table entries: 1024 (order 0, 4096 bytes)
[    0.202762] NET: Registered PF_INET protocol family
[    0.203100] IP idents hash table entries: 8192 (order: 4, 65536 bytes, linear)
[    0.204417] tcp_listen_portaddr_hash hash table entries: 512 (order: 0, 4096 bytes, linear)
[    0.204456] Table-perturb hash table entries: 65536 (order: 6, 262144 bytes, linear)
[    0.204474] TCP established hash table entries: 4096 (order: 2, 16384 bytes, linear)
[    0.204519] TCP bind hash table entries: 4096 (order: 4, 65536 bytes, linear)
[    0.204621] TCP: Hash tables configured (established 4096 bind 4096)
[    0.204753] UDP hash table entries: 256 (order: 1, 8192 bytes, linear)
[    0.204782] UDP-Lite hash table entries: 256 (order: 1, 8192 bytes, linear)
[    0.204945] NET: Registered PF_UNIX/PF_LOCAL protocol family
[    0.211947] RPC: Registered named UNIX socket transport module.
[    0.211971] RPC: Registered udp transport module.
[    0.211977] RPC: Registered tcp transport module.
[    0.211982] RPC: Registered tcp-with-tls transport module.
[    0.211987] RPC: Registered tcp NFSv4.1 backchannel transport module.
[    0.212013] PCI: CLS 0 bytes, default 64
[    0.213604] Initialise system trusted keyrings
[    0.221587] workingset: timestamp_bits=14 max_order=17 bucket_order=3
[    0.222801] NFS: Registering the id_resolver key type
[    0.222864] Key type id_resolver registered
[    0.222872] Key type id_legacy registered
[    0.222929] jffs2: version 2.2. (NAND) (SUMMARY)  Â© 2001-2006 Red Hat, Inc.
[    0.223323] Key type asymmetric registered
[    0.223338] Asymmetric key parser 'x509' registered
[    0.223407] io scheduler mq-deadline registered
[    0.223419] io scheduler kyber registered
[    0.223488] io scheduler bfq registered
[    0.232517] hw perfevents: enabled with armv7_cortex_a8 PMU driver, 5 counters available
[    0.241038] l3-aon-clkctrl:0000:0: failed to disable
[    0.241185] Serial: 8250/16550 driver, 6 ports, IRQ sharing enabled
[    0.305616] brd: module loaded
[    0.313797] loop: module loaded
[    0.314729] mtdoops: mtd device (mtddev=name/number) must be supplied
[    0.317507] i2c_dev: i2c /dev entries driver
[    0.318478] cpuidle: enable-method property 'ti,am3352' found operations
[    0.318931] sdhci: Secure Digital Host Controller Interface driver
[    0.318941] sdhci: Copyright(c) Pierre Ossman
[    0.319127] sdhci-pltfm: SDHCI platform and OF driver helper
[    0.319395] ledtrig-cpu: registered to indicate activity on CPUs
[    0.320171] Initializing XFRM netlink socket
[    0.320298] NET: Registered PF_INET6 protocol family
[    0.349153] Segment Routing with IPv6
[    0.349227] In-situ OAM (IOAM) with IPv6
[    0.349333] sit: IPv6, IPv4 and MPLS over IPv4 tunneling driver
[    0.350305] NET: Registered PF_PACKET protocol family
[    0.350334] NET: Registered PF_KEY protocol family
[    0.350451] Key type dns_resolver registered
[    0.350673] ThumbEE CPU extension supported.
[    0.350692] Registering SWP/SWPB emulation handler
[    0.351204] omap_voltage_late_init: Voltage driver support not added
[    0.352015] SmartReflex Class3 initialized
[    0.387763] Loading compiled-in X.509 certificates
[    0.418488] /ocp/interconnect@44c00000/segment@200000/target-module@b000/i2c@0/tda19988@70: Fixed dependency cycle(s) with /ocp/interconnect@48000000/segment@300000/target-module@e000/lcdc@0
[    0.424828] /ocp/interconnect@44c00000/segment@200000/target-module@b000/i2c@0/tda19988@70: Fixed dependency cycle(s) with /ocp/interconnect@48000000/segment@300000/target-module@e000/lcdc@0
[    0.432688] /ocp/interconnect@44c00000/segment@200000/target-module@b000/i2c@0/tda19988@70: Fixed dependency cycle(s) with /ocp/interconnect@48000000/segment@300000/target-module@e000/lcdc@0
[    0.433546] /ocp/interconnect@44c00000/segment@200000/target-module@b000/i2c@0/tda19988@70: Fixed dependency cycle(s) with /ocp/interconnect@48000000/segment@300000/target-module@e000/lcdc@0
[    0.436778] /ocp/interconnect@44c00000/segment@200000/target-module@10000/scm@0/pinmux@800: Fixed dependency cycle(s) with /ocp/interconnect@44c00000/segment@200000/target-module@10000/scm@0/pinmux@800/clkout2-pins
[    0.437380] pinctrl-single 44e10800.pinmux: 142 pins, size 568
[    0.442558] ti-sysc: probe of 44e31000.target-module failed with error -16
[    0.468571] /ocp/interconnect@48000000/segment@300000/target-module@e000/lcdc@0: Fixed dependency cycle(s) with /ocp/interconnect@44c00000/segment@200000/target-module@b000/i2c@0/tda19988@70
[    0.476442] ti-sysc: probe of 48040000.target-module failed with error -16
[    0.513184] OMAP GPIO hardware version 0.1
[    0.548959] omap_i2c 4819c000.i2c: bus 2 rev0.11 at 100 kHz
[    0.571068] /ocp/interconnect@48000000/segment@300000/target-module@e000/lcdc@0: Fixed dependency cycle(s) with /ocp/interconnect@44c00000/segment@200000/target-module@b000/i2c@0/tda19988@70
[    0.574063] /ocp/interconnect@48000000/segment@300000/target-module@e000/lcdc@0: Fixed dependency cycle(s) with /ocp/interconnect@44c00000/segment@200000/target-module@b000/i2c@0/tda19988@70
[    0.574750] /ocp/interconnect@44c00000/segment@200000/target-module@b000/i2c@0/tda19988@70: Fixed dependency cycle(s) with /ocp/interconnect@48000000/segment@300000/target-module@e000/lcdc@0
[    0.574930] /ocp/interconnect@48000000/segment@300000/target-module@e000/lcdc@0: Fixed dependency cycle(s) with /ocp/interconnect@44c00000/segment@200000/target-module@b000/i2c@0/tda19988@70
[    0.587115] sdhci-omap 481d8000.mmc: supply pbias not found, using dummy regulator
[    0.587586] sdhci-omap 481d8000.mmc: supply vqmmc not found, using dummy regulator
[    0.662048] davinci_mdio 4a101000.mdio: davinci mdio revision 1.6, bus freq 1000000
[    0.853294] davinci_mdio 4a101000.mdio: phy[0]: device 4a101000.mdio:00, driver SMSC LAN8710/LAN8720
[    0.853921] cpsw-switch 4a100000.switch: initialized cpsw ale version 1.4
[    0.853943] cpsw-switch 4a100000.switch: ALE Table size 1024
[    0.854078] cpsw-switch 4a100000.switch: cpts: overflow check period 500 (jiffies)
[    0.854095] cpsw-switch 4a100000.switch: CPTS: ref_clk_freq:250000000 calc_mult:2147483648 calc_shift:29 error:0 nsec/sec
[    0.854194] cpsw-switch 4a100000.switch: Detected MACID = 6c:ec:eb:68:de:78
[    0.856024] cpsw-switch 4a100000.switch: initialized (regs 0x4a100000, pool size 256) hw_ver:0019010C 1.12 (0)
[    0.866746] debugfs: Directory '49000000.dma' with parent 'dmaengine' already present!
[    0.866788] edma 49000000.dma: TI EDMA DMA engine driver
[    0.923279] 44e09000.serial: ttyS0 at MMIO 0x44e09000 (irq = 34, base_baud = 3000000) is a 8250
[    0.923365] printk: console [ttyS0] enabled
[    2.162246] tps65217-pmic: Failed to locate of_node [id: -1]
[    2.168292] tps65217-bl: Failed to locate of_node [id: -1]
[    2.179244] tps65217 0-0024: TPS65217 ID 0xe version 1.2
[    2.185367] /ocp/interconnect@48000000/segment@300000/target-module@e000/lcdc@0: Fixed dependency cycle(s) with /ocp/interconnect@44c00000/segment@200000/target-module@b000/i2c@0/tda19988@70
[    2.202709] /ocp/interconnect@44c00000/segment@200000/target-module@b000/i2c@0/tda19988@70: Fixed dependency cycle(s) with /ocp/interconnect@48000000/segment@300000/target-module@e000/lcdc@0
[    2.220055] omap_i2c 44e0b000.i2c: bus 0 rev0.11 at 400 kHz
[    2.228022] omap_gpio 44e07000.gpio: Could not set line 6 debounce to 200000 microseconds (-22)
[    2.236892] sdhci-omap 48060000.mmc: Got CD GPIO
[    2.241903] sdhci-omap 48060000.mmc: supply pbias not found, using dummy regulator
[    2.252047] sdhci-omap 48060000.mmc: supply vqmmc not found, using dummy regulator
[    2.260757] sdhci-omap 481d8000.mmc: supply pbias not found, using dummy regulator
[    2.269633] sdhci-omap 481d8000.mmc: supply vqmmc not found, using dummy regulator
[    2.308133] mmc1: SDHCI controller on 481d8000.mmc [481d8000.mmc] using External DMA
[    2.317122] mmc0: SDHCI controller on 48060000.mmc [48060000.mmc] using External DMA
[    2.325837] cpsw-switch 4a100000.switch: starting ndev. mode: dual_mac
[    2.370257] mmc0: new high speed SDHC card at address 5048
[    2.377212] mmcblk0: mmc0:5048 SD16G 14.4 GiB
[    2.385042]  mmcblk0: p1 p2
[    2.388285] mmcblk0: p2 size 31221760 extends beyond EOD, truncated
[    2.402839] mmc1: new high speed MMC card at address 0001
[    2.409512] mmcblk1: mmc1:0001 MMC04G 3.60 GiB
[    2.416645]  mmcblk1: p1 p2
[    2.420821] mmcblk1boot0: mmc1:0001 MMC04G 2.00 MiB
[    2.427922] mmcblk1boot1: mmc1:0001 MMC04G 2.00 MiB
[    2.434808] mmcblk1rpmb: mmc1:0001 MMC04G 128 KiB, chardev (250:0)
[    2.482505] SMSC LAN8710/LAN8720 4a101000.mdio:00: attached PHY driver (mii_bus:phy_addr=4a101000.mdio:00, irq=POLL)
[    5.602047] cpsw-switch 4a100000.switch eth0: Link is Up - 100Mbps/Full - flow control off
[    5.641334] IP-Config: Complete:
[    5.644598]      device=eth0, hwaddr=6c:ec:eb:68:de:78, ipaddr=192.168.255.1, mask=255.255.255.0, gw=255.255.255.255
[    5.655213]      host=bbb1, domain=, nis-domain=(none)
[    5.660377]      bootserver=192.168.255.126, rootserver=192.168.255.126, rootpath=
[    5.660782] clk: Disabling unused clocks
[    5.672653] KTAP version 1
[    5.675379] 1..0
[    5.720133] VFS: Mounted root (nfs filesystem) on device 0:16.
[    5.727260] devtmpfs: mounted
[    5.732002] Freeing unused kernel image (initmem) memory: 1024K
[    5.738591] Run /sbin/init as init process
[    6.419234] systemd[1]: System time before build time, advancing clock.
[    7.871342] random: crng init done
[    7.942154] systemd[1]: systemd 232 running in system mode. (+PAM +AUDIT +SELINUX +IMA +APPARMOR +SMACK +SYSVINIT +UTMP +LIBCRYPTSETUP +GCRYPT +GNUTLS +ACL +XZ +LZ4 +SECCOMP +BLKID +ELFUTILS +KMOD +IDN)
[    7.961127] systemd[1]: Detected architecture arm.

Welcome to [1mDebian GNU/Linux 9 (stretch)[0m!

[    8.004275] systemd[1]: Set hostname to <arm>.
[    9.055891] systemd[1]: Started Dispatch Password Requests to Console Directory Watch.
[[0;32m  OK  [0m] Started Dispatch Password Requests to Console Directory Watch.
[    9.093075] systemd[1]: Created slice System Slice.
[[0;32m  OK  [0m] Created slice System Slice.
[    9.132710] systemd[1]: Created slice system-serial\x2dgetty.slice.
[[0;32m  OK  [0m] Created slice system-serial\x2dgetty.slice.
[    9.173362] systemd[1]: Listening on Journal Socket.
[[0;32m  OK  [0m] Listening on Journal Socket.
[    9.245452] systemd[1]: Mounting POSIX Message Queue File System...
         Mounting POSIX Message Queue File System...
[    9.284395] systemd[1]: Starting Load Kernel Modules...
         Starting Load Kernel Modules...
[    9.317775] systemd[1]: Created slice User and Session Slice.
[[0;32m  OK  [0m] Created slice User and Session Slice.
[[0;32m  OK  [0m] Listening on Syslog Socket.
[[0;32m  OK  [0m] Reached target Slices.
[[0;32m  OK  [0m] Listening on udev Control Socket.
[[0;32m  OK  [0m] Listening on udev Kernel Socket.
[[0;32m  OK  [0m] Listening on Journal Audit Socket.
[[0;32m  OK  [0m] Listening on Journal Socket (/dev/log).
         Starting Journal Service...
         Mounting Debug File System...
[[0;32m  OK  [0m] Started Forward Password Requests to Wall Directory Watch.
[[0;32m  OK  [0m] Reached target Encrypted Volumes.
[[0;32m  OK  [0m] Reached target Paths.
[[0;32m  OK  [0m] Created slice system-getty.slice.
[[0;32m  OK  [0m] Set up automount Arbitrary Executabâ€¦rmats File System Automount Point.
[[0;32m  OK  [0m] Reached target Remote File Systems.
[[0;32m  OK  [0m] Listening on /dev/initctl Compatibility Named Pipe.
[[0;32m  OK  [0m] Reached target Swap.
         Starting Create list of required stâ€¦ce nodes for the current kernel...
         Starting Remount Root and Kernel File Systems...
[[0;32m  OK  [0m] Mounted POSIX Message Queue File System.
[[0;32m  OK  [0m] Mounted Debug File System.
[[0;32m  OK  [0m] Started Journal Service.
[[0;32m  OK  [0m] Started Load Kernel Modules.
[[0;32m  OK  [0m] Started Create list of required staâ€¦vice nodes for the current kernel.
[[0;32m  OK  [0m] Started Remount Root and Kernel File Systems.
         Starting udev Coldplug all Devices...
         Starting Load/Save Random Seed...
         Starting Create Static Device Nodes in /dev...
         Mounting Configuration File System...
         Starting Apply Kernel Variables...
         Starting Flush Journal to Persistent Storage...
[[0;32m  OK  [0m] Mounted Configuration File System.
[[0;32m  OK  [0m] Started Load/Save Random Seed.
[[0;32m  OK  [0m] Started Apply Kernel Variables.
[   10.785980] systemd-journald[85]: Received request to flush runtime journal from PID 1
[[0;32m  OK  [0m] Started Flush Journal to Persistent Storage.
[[0;32m  OK  [0m] Started Create Static Device Nodes in /dev.
[[0;32m  OK  [0m] Reached target Local File Systems (Pre).
[[0;32m  OK  [0m] Reached target Local File Systems.
         Starting Raise network interfaces...
         Starting Create Volatile Files and Directories...
         Starting udev Kernel Device Manager...
[[0;32m  OK  [0m] Started Create Volatile Files and Directories.
         Starting Update UTMP about System Boot/Shutdown...
         Starting Network Time Synchronization...
[[0;32m  OK  [0m] Started udev Kernel Device Manager.
[[0;32m  OK  [0m] Started Update UTMP about System Boot/Shutdown.
[[0;32m  OK  [0m] Started Network Time Synchronization.
[[0;32m  OK  [0m] Reached target System Time Synchronized.
[[0;32m  OK  [0m] Started udev Coldplug all Devices.
[[0;32m  OK  [0m] Reached target System Initialization.
[[0;32m  OK  [0m] Started Daily Cleanup of Temporary Directories.
[[0;32m  OK  [0m] Started Daily apt download activities.
[[0;32m  OK  [0m] Started Daily apt upgrade and clean activities.
[[0;32m  OK  [0m] Reached target Timers.
[[0;32m  OK  [0m] Listening on D-Bus System Message Bus Socket.
[[0;32m  OK  [0m] Listening on Avahi mDNS/DNS-SD Stack Activation Socket.
[[0;32m  OK  [0m] Reached target Sockets.
[[0;32m  OK  [0m] Reached target Basic System.
         Starting Generic Board Startup...
         Starting LSB: Start busybox udhcpd at boot time...
         Starting Login Service...
[   14.740405] omap_wdt: OMAP Watchdog Timer Rev 0x01: initial timeout 60 sec
         Starting System Logging Service...
[   14.885647] remoteproc remoteproc0: wkup_m3 is available
         Starting Telephony service...
[   15.202427] am335x-phy-driver 47401300.usb-phy: dummy supplies not allowed for exclusive requests
[[0;32m  OK  [0m] Started D-Bus System Message Bus.[   15.237131] at24 2-0054: supply vcc not found, using dummy regulator

[   15.276327] usbcore: registered new interface driver usbfs
[   15.282355] usbcore: registered new interface driver hub
[   15.288042] usbcore: registered new device driver usb
[   15.395752] am335x-phy-driver 47401b00.usb-phy: dummy supplies not allowed for exclusive requests
[   15.459055] at24 2-0055: supply vcc not found, using dummy regulator
[   15.539904] at24 2-0056: supply vcc not found, using dummy regulator
[   15.645836] at24 2-0057: supply vcc not found, using dummy regulator
[   15.753466] at24 0-0050: 32768 byte 24c256 EEPROM, writable, 1 bytes/write
[   15.991766] tps6521x_pwrbutton tps65217-pwrbutton: DMA mask not set
[   16.076541] input: tps65217_pwrbutton as /devices/platform/ocp/44c00000.interconnect/44c00000.interconnect:segment@200000/44e0b000.target-module/44e0b000.i2c/i2c-0/0-0024/tps65217-pwrbutton/input/input0
[   16.232882] omap_rtc 44e3e000.rtc: registered as rtc0
[   16.238558] omap_rtc 44e3e000.rtc: setting system clock to 2000-01-01T00:00:00 UTC (946684800)
[   16.321242] wkup_m3_ipc 44e11324.wkup_m3_ipc: IPC Request for A8->M3 Channel failed! -517
[   16.405893] wkup_m3_ipc 44e11324.wkup_m3_ipc: IPC Request for A8->M3 Channel failed! -517
[   16.520714] musb-hdrc musb-hdrc.1: MUSB HDRC host driver
[   16.526383] musb-hdrc musb-hdrc.1: new USB bus registered, assigned bus number 1
[   16.543664] wkup_m3_ipc 44e11324.wkup_m3_ipc: IPC Request for A8->M3 Channel failed! -517
[   16.729627] usb usb1: New USB device found, idVendor=1d6b, idProduct=0002, bcdDevice= 6.06
[   16.738158] usb usb1: New USB device strings: Mfr=3, Product=2, SerialNumber=1
[   16.745502] usb usb1: Product: MUSB HDRC host driver
[   16.750495] usb usb1: Manufacturer: Linux 6.6.98 musb-hcd
[   16.755962] usb usb1: SerialNumber: musb-hdrc.1
[   16.948942] hub 1-0:1.0: USB hub found
[   17.026344] hub 1-0:1.0: 1 port detected
[   17.090530] wkup_m3_ipc 44e11324.wkup_m3_ipc: IPC Request for A8->M3 Channel failed! -517
[   17.239751] wkup_m3_ipc 44e11324.wkup_m3_ipc: IPC Request for A8->M3 Channel failed! -517
[   17.406089] tda998x 0-0070: found TDA19988
[   17.531499] wkup_m3_ipc 44e11324.wkup_m3_ipc: IPC Request for A8->M3 Channel failed! -517
[   17.834255] omap-mailbox 480c8000.mailbox: omap mailbox rev 0x400
[   17.889381] remoteproc remoteproc0: powering up wkup_m3
[   18.081663] remoteproc remoteproc0: Direct firmware load for am335x-pm-firmware.elf failed with error -2
[   18.091540] remoteproc remoteproc0: request_firmware failed: -2
[   18.097503] wkup_m3_ipc 44e11324.wkup_m3_ipc: rproc_boot failed
[[0;32m  OK  [0m] Started Telephony service.
[   19.720955] omap_rng 48310000.rng: Random Number Generator ver. 20
         Starting Connection service...
         Starting LSB: Load kernel modules needed to enable cpufreq scaling...
[   19.961893] tilcdc 4830e000.lcdc: bound 0-0070 (ops tda998x_audio_codec_init [tda998x])
[   20.095899] [drm] Initialized tilcdc 1.0.0 20121205 for 4830e000.lcdc on minor 0
[[0;32m  OK  [0m] Started Regular background program processing daemon.
[   20.214014] tilcdc 4830e000.lcdc: [drm] Cannot find any crtc or sizes
[   20.222778] tilcdc 4830e000.lcdc: [drm] Cannot find any crtc or sizes
         Starting Cape Manager Service...
         Starting DUN service...
         Starting Avahi mDNS/DNS-SD Stack...
[[0;32m  OK  [0m] Started System Logging Service.
[   21.542543] Bluetooth: Core ver 2.22
[   21.546807] NET: Registered PF_BLUETOOTH protocol family
[   21.552322] Bluetooth: HCI device and connection manager initialized
[   21.558804] Bluetooth: HCI socket layer initialized
[   21.563772] Bluetooth: L2CAP socket layer initialized
[   21.568881] Bluetooth: SCO socket layer initialized
[   21.660991] omap-sham 53100000.sham: hw accel on OMAP rev 4.3
[[0;32m  OK  [0m] Found device /dev/ttyS0.
[   21.690600] PM: Cannot get wkup_m3_ipc handle
[   21.816711] omap-aes 53500000.aes: OMAP AES hw accel rev: 3.2
[   21.861493] omap-sham 53100000.sham: will run requests pump with realtime priority
[   21.873347] PM: Cannot get wkup_m3_ipc handle
[   21.969608] omap-aes 53500000.aes: will run requests pump with realtime priority
[   21.978221] PM: Cannot get wkup_m3_ipc handle
[[0;32m  OK  [0m] Started Cape Manager Service.
[   25.490295] PM: Cannot get wkup_m3_ipc handle
[   25.592192] PM: Cannot get wkup_m3_ipc handle
[[0;32m  OK  [0m] Started LSB: Start busybox udhcpd at boot time.
[   27.536469] configfs-gadget.g_multi gadget.0: HOST MAC 1c:ba:8c:a2:ed:6c
[   27.543459] configfs-gadget.g_multi gadget.0: MAC 1c:ba:8c:a2:ed:70
[   27.550771] configfs-gadget.g_multi gadget.0: HOST MAC 1c:ba:8c:a2:ed:6c
[   27.557634] configfs-gadget.g_multi gadget.0: MAC 1c:ba:8c:a2:ed:6d
[   27.565140] PM: Cannot get wkup_m3_ipc handle
[[0;32m  OK  [0m] Started Raise network interfaces.
[[0;32m  OK  [0m] Started LSB: Load kernel modules needed to enable cpufreq scaling.
[[0;32m  OK  [0m] Started DUN service.
[[0;32m  OK  [0m] Started Avahi mDNS/DNS-SD Stack.
[[0;32m  OK  [0m] Started Connection service.
[[0;32m  OK  [0m] Started Login Service.
         Starting Hostname Service...
         Starting WPA supplicant...
[[0;32m  OK  [0m] Reached target Sound Card.
         Starting LSB: set CPUFreq kernel parameters...
[[0;32m  OK  [0m] Started Hostname Service.
[[0;32m  OK  [0m] Started WPA supplicant.
[[0;32m  OK  [0m] Reached target Network.
         Starting The Apache HTTP Server...
         Starting OpenBSD Secure Shell server...
         Starting Permit User Sessions...
[[0;32m  OK  [0m] Reached target Network is Online.
         Starting LSB: Advanced IEEE 802.11 management daemon...
[[0;32m  OK  [0m] Started LSB: set CPUFreq kernel parameters.
[[0;32m  OK  [0m] Started LSB: Advanced IEEE 802.11 management daemon.
[[0;32m  OK  [0m] Started Permit User Sessions.
[[0;32m  OK  [0m] Started Getty on tty1.
[[0;32m  OK  [0m] Started Serial Getty on ttyS0.
[[0;32m  OK  [0m] Reached target Login Prompts.
         Stopping LSB: Start busybox udhcpd at boot time...
[[0;32m  OK  [0m] Stopped LSB: Start busybox udhcpd at boot time.
[[0;32m  OK  [0m] Started OpenBSD Secure Shell server.
         Starting dnsmasq - A lightweight DHCP and caching DNS server...
[[0;32m  OK  [0m] Started The Apache HTTP Server.
[[0;32m  OK  [0m] Started dnsmasq - A lightweight DHCP and caching DNS server.
[[0;32m  OK  [0m] Reached target Host and Network Name Lookups.
[[0;32m  OK  [0m] Started Serial Getty on ttyGS0.
[[0;32m  OK  [0m] Started Generic Board Startup.
[[0;32m  OK  [0m] Reached target Multi-User System.
[[0;32m  OK  [0m] Reached target Graphical Interface.
         Starting Update UTMP about System Runlevel Changes...
[[0;32m  OK  [0m] Started Update UTMP about System Runlevel Changes.

Debian GNU/Linux 9 arm ttyS0

default username:password is [debian:temppwd]

arm login: root
Password: 
Last login: Sat Jan  1 00:00:31 UTC 2000 on ttyS0
root
Linux arm 6.6.98 #1 SMP Mon Jul 14 19:05:02 EEST 2025 armv7l

The programs included with the Debian GNU/Linux system are free software;
the exact distribution terms for each program are described in the
individual files in /usr/share/doc/*/copyright.

Debian GNU/Linux comes with ABSOLUTELY NO WARRANTY, to the extent
permitted by applicable law.
root@arm:~# root
-bash: root: command not found
root@arm:~# dmesg -n 1
root@arm:~# echo 'KFAN''ABJWVN'
KFANABJWVN
root@arm:~# run() { echo -n "$MARKER"; sh -c "$@"; echo "$MARKER $?"; }
root@arm:~# echo 'JHKY''YPXOVQ'
JHKYYPXOVQ
root@arm:~# MARKER='ETZM''MGESGC' run 'cat /proc/version'
ETZMMGESGCLinux version 6.6.98 (user01@drvtest01) (arm-none-eabi-gcc (Arm GNU Toolchain 14.2.Rel1 (Build arm-14.52)) 14.2.1 20241119, GNU ld (Arm GNU Toolchain 14.2.Rel1 (Build arm-14.52)) 2.43.1.20241119) #1 SMP Mon Jul 14 19:05:02 EEST 2025
ETZMMGESGC 0
root@arm:~# echo 'VQHO''NXMXEP'
VQHONXMXEP
root@arm:~# MARKER='TEZT''HCVCOL' run false
TEZTHCVCOLTEZTHCVCOL 1
root@arm:~# Labgrid Console Logfile for main
Logfile started at 2025-07-14 19:09:42.633710
=== Log starts here ===

root@arm:~# run() { echo -n "$MARKER"; sh -c "$@"; echo "$MARKER $?"; }
root@arm:~# echo 'ANJC''KZKJMZ'
ANJCKZKJMZ
root@arm:~# MARKER='FHWX''ZKKXGK' run 'ls /iio_generic_buffer; echo $?'
FHWXZKKXGK/iio_generic_buffer
0
FHWXZKKXGK 0
root@arm:~# Labgrid Console Logfile for main
Logfile started at 2025-07-14 19:09:46.023148
=== Log starts here ===

root@arm:~# run() { echo -n "$MARKER"; sh -c "$@"; echo "$MARKER $?"; }
root@arm:~# echo 'SGBF''VAASTW'
SGBFVAASTW
root@arm:~# MARKER='JYLY''SKXZWJ' run dmesg
JYLYSKXZWJ[    0.000000] Booting Linux on physical CPU 0x0
[    0.000000] Linux version 6.6.98 (user01@drvtest01) (arm-none-eabi-gcc (Arm GNU Toolchain 14.2.Rel1 (Build arm-14.52)) 14.2.1 20241119, GNU ld (Arm GNU Toolchain 14.2.Rel1 (Build arm-14.52)) 2.43.1.20241119) #1 SMP Mon Jul 14 19:05:02 EEST 2025
[    0.000000] CPU: ARMv7 Processor [413fc082] revision 2 (ARMv7), cr=10c5387d
[    0.000000] CPU: PIPT / VIPT nonaliasing data cache, VIPT aliasing instruction cache
[    0.000000] OF: fdt: Machine model: TI AM335x BeagleBone Black
[    0.000000] Memory policy: Data cache writeback
[    0.000000] cma: Reserved 16 MiB at 0x9e800000 on node -1
[    0.000000] Zone ranges:
[    0.000000]   Normal   [mem 0x0000000080000000-0x000000009fdfffff]
[    0.000000]   HighMem  empty
[    0.000000] Movable zone start for each node
[    0.000000] Early memory node ranges
[    0.000000]   node   0: [mem 0x0000000080000000-0x000000009fdfffff]
[    0.000000] Initmem setup node 0 [mem 0x0000000080000000-0x000000009fdfffff]
[    0.000000] CPU: All CPU(s) started in SVC mode.
[    0.000000] AM335X ES2.1 (sgx neon)
[    0.000000] percpu: Embedded 16 pages/cpu s36116 r8192 d21228 u65536
[    0.000000] pcpu-alloc: s36116 r8192 d21228 u65536 alloc=16*4096
[    0.000000] pcpu-alloc: [0] 0 
[    0.000000] Kernel command line: console=ttyO0,115200n8 root=/dev/nfs rw nfsroot=192.168.255.126:/home/user01/nfs,nfsvers=3 ip=192.168.255.1:192.168.255.126::255.255.255.0:bbb1:eth0 nfsrootdebug
[    0.000000] Unknown kernel command line parameters "nfsrootdebug", will be passed to user space.
[    0.000000] Dentry cache hash table entries: 65536 (order: 6, 262144 bytes, linear)
[    0.000000] Inode-cache hash table entries: 32768 (order: 5, 131072 bytes, linear)
[    0.000000] Built 1 zonelists, mobility grouping on.  Total pages: 129412
[    0.000000] mem auto-init: stack:off, heap alloc:off, heap free:off
[    0.000000] Memory: 483604K/522240K available (11264K kernel code, 1165K rwdata, 2700K rodata, 1024K init, 282K bss, 22252K reserved, 16384K cma-reserved, 0K highmem)
[    0.000000] SLUB: HWalign=64, Order=0-3, MinObjects=0, CPUs=1, Nodes=1
[    0.000000] rcu: Hierarchical RCU implementation.
[    0.000000] rcu: 	RCU event tracing is enabled.
[    0.000000] rcu: 	RCU restricting CPUs from NR_CPUS=2 to nr_cpu_ids=1.
[    0.000000] rcu: RCU calculated value of scheduler-enlistment delay is 10 jiffies.
[    0.000000] rcu: Adjusting geometry for rcu_fanout_leaf=16, nr_cpu_ids=1
[    0.000000] NR_IRQS: 16, nr_irqs: 16, preallocated irqs: 16
[    0.000000] IRQ: Found an INTC at 0x(ptrval) (revision 5.0) with 128 interrupts
[    0.000000] rcu: srcu_init: Setting srcu_struct sizes based on contention.
[    0.000000] TI gptimer clocksource: always-on /ocp/interconnect@44c00000/segment@200000/target-module@31000
[    0.000003] sched_clock: 32 bits at 24MHz, resolution 41ns, wraps every 89478484971ns
[    0.000028] clocksource: dmtimer: mask: 0xffffffff max_cycles: 0xffffffff, max_idle_ns: 79635851949 ns
[    0.000511] TI gptimer clockevent: 24000000 Hz at /ocp/interconnect@48000000/segment@0/target-module@40000
[    0.002078] Console: colour dummy device 80x30
[    0.002130] WARNING: Your 'console=ttyO0' has been replaced by 'ttyS0'
[    0.002138] This ensures that you still see kernel messages. Please
[    0.002143] update your kernel commandline.
[    0.002180] Calibrating delay loop... 996.14 BogoMIPS (lpj=4980736)
[    0.090559] CPU: Testing write buffer coherency: ok
[    0.090659] CPU0: Spectre v2: using BPIALL workaround
[    0.090669] pid_max: default: 32768 minimum: 301
[    0.090784] LSM: initializing lsm=capability,integrity
[    0.090950] Mount-cache hash table entries: 1024 (order: 0, 4096 bytes, linear)
[    0.090969] Mountpoint-cache hash table entries: 1024 (order: 0, 4096 bytes, linear)
[    0.092418] CPU0: thread -1, cpu 0, socket -1, mpidr 0
[    0.094031] Setting up static identity map for 0x80100000 - 0x80100078
[    0.094312] rcu: Hierarchical SRCU implementation.
[    0.094321] rcu: 	Max phase no-delay instances is 1000.
[    0.095694] smp: Bringing up secondary CPUs ...
[    0.095751] smp: Brought up 1 node, 1 CPU
[    0.095765] SMP: Total of 1 processors activated (996.14 BogoMIPS).
[    0.095777] CPU: All CPU(s) started in SVC mode.
[    0.096664] devtmpfs: initialized
[    0.113643] VFP support v0.3: implementor 41 architecture 3 part 30 variant c rev 3
[    0.114000] clocksource: jiffies: mask: 0xffffffff max_cycles: 0xffffffff, max_idle_ns: 19112604462750000 ns
[    0.114035] futex hash table entries: 256 (order: 2, 16384 bytes, linear)
[    0.115349] pinctrl core: initialized pinctrl subsystem
[    0.117493] NET: Registered PF_NETLINK/PF_ROUTE protocol family
[    0.120015] DMA: preallocated 256 KiB pool for atomic coherent allocations
[    0.120833] audit: initializing netlink subsys (disabled)
[    0.122218] thermal_sys: Registered thermal governor 'fair_share'
[    0.122236] thermal_sys: Registered thermal governor 'step_wise'
[    0.122243] thermal_sys: Registered thermal governor 'user_space'
[    0.122353] audit: type=2000 audit(0.120:1): state=initialized audit_enabled=0 res=1
[    0.122432] cpuidle: using governor menu
[    0.138860] /ocp/interconnect@44c00000/segment@200000/target-module@b000/i2c@0/tda19988@70: Fixed dependency cycle(s) with /ocp/interconnect@48000000/segment@300000/target-module@e000/lcdc@0
[    0.139925] /ocp/interconnect@48000000/segment@300000/target-module@e000/lcdc@0: Fixed dependency cycle(s) with /ocp/interconnect@44c00000/segment@200000/target-module@b000/i2c@0/tda19988@70
[    0.142147] No ATAGs?
[    0.142166] hw-breakpoint: debug architecture 0x4 unsupported.
[    0.145179] kprobes: kprobe jump-optimization is enabled. All kprobes are optimized if possible.
[    0.163206] iommu: Default domain type: Translated
[    0.163225] iommu: DMA domain TLB invalidation policy: strict mode
[    0.164664] SCSI subsystem initialized
[    0.165498] reg-fixed-voltage fixedregulator0: using DT '/fixedregulator0' for '(null)' GPIO lookup
[    0.165552] of_get_named_gpiod_flags: can't parse 'gpios' property of node '/fixedregulator0[0]'
[    0.165581] of_get_named_gpiod_flags: can't parse 'gpio' property of node '/fixedregulator0[0]'
[    0.165598] reg-fixed-voltage fixedregulator0: using lookup tables for GPIO lookup
[    0.165609] reg-fixed-voltage fixedregulator0: No GPIO consumer (null) found
[    0.166142] libata version 3.00 loaded.
[    0.166492] pps_core: LinuxPPS API ver. 1 registered
[    0.166504] pps_core: Software ver. 5.3.6 - Copyright 2005-2007 Rodolfo Giometti <giometti@linux.it>
[    0.166527] PTP clock support registered
[    0.170994] vgaarb: loaded
[    0.171321] clocksource: Switched to clocksource dmtimer
[    0.171939] VFS: Disk quotas dquot_6.6.0
[    0.171999] VFS: Dquot-cache hash table entries: 1024 (order 0, 4096 bytes)
[    0.202762] NET: Registered PF_INET protocol family
[    0.203100] IP idents hash table entries: 8192 (order: 4, 65536 bytes, linear)
[    0.204417] tcp_listen_portaddr_hash hash table entries: 512 (order: 0, 4096 bytes, linear)
[    0.204456] Table-perturb hash table entries: 65536 (order: 6, 262144 bytes, linear)
[    0.204474] TCP established hash table entries: 4096 (order: 2, 16384 bytes, linear)
[    0.204519] TCP bind hash table entries: 4096 (order: 4, 65536 bytes, linear)
[    0.204621] TCP: Hash tables configured (established 4096 bind 4096)
[    0.204753] UDP hash table entries: 256 (order: 1, 8192 bytes, linear)
[    0.204782] UDP-Lite hash table entries: 256 (order: 1, 8192 bytes, linear)
[    0.204945] NET: Registered PF_UNIX/PF_LOCAL protocol family
[    0.211947] RPC: Registered named UNIX socket transport module.
[    0.211971] RPC: Registered udp transport module.
[    0.211977] RPC: Registered tcp transport module.
[    0.211982] RPC: Registered tcp-with-tls transport module.
[    0.211987] RPC: Registered tcp NFSv4.1 backchannel transport module.
[    0.212013] PCI: CLS 0 bytes, default 64
[    0.213604] Initialise system trusted keyrings
[    0.221587] workingset: timestamp_bits=14 max_order=17 bucket_order=3
[    0.222801] NFS: Registering the id_resolver key type
[    0.222864] Key type id_resolver registered
[    0.222872] Key type id_legacy registered
[    0.222929] jffs2: version 2.2. (NAND) (SUMMARY)  Â© 2001-2006 Red Hat, Inc.
[    0.223323] Key type asymmetric registered
[    0.223338] Asymmetric key parser 'x509' registered
[    0.223407] io scheduler mq-deadline registered
[    0.223419] io scheduler kyber registered
[    0.223488] io scheduler bfq registered
[    0.232517] hw perfevents: enabled with armv7_cortex_a8 PMU driver, 5 counters available
[    0.241038] l3-aon-clkctrl:0000:0: failed to disable
[    0.241185] Serial: 8250/16550 driver, 6 ports, IRQ sharing enabled
[    0.305616] brd: module loaded
[    0.313797] loop: module loaded
[    0.314729] mtdoops: mtd device (mtddev=name/number) must be supplied
[    0.316250] mdio_bus fixed-0: using lookup tables for GPIO lookup
[    0.316273] mdio_bus fixed-0: No GPIO consumer reset found
[    0.317507] i2c_dev: i2c /dev entries driver
[    0.318478] cpuidle: enable-method property 'ti,am3352' found operations
[    0.318931] sdhci: Secure Digital Host Controller Interface driver
[    0.318941] sdhci: Copyright(c) Pierre Ossman
[    0.319127] sdhci-pltfm: SDHCI platform and OF driver helper
[    0.319395] ledtrig-cpu: registered to indicate activity on CPUs
[    0.320171] Initializing XFRM netlink socket
[    0.320298] NET: Registered PF_INET6 protocol family
[    0.349153] Segment Routing with IPv6
[    0.349227] In-situ OAM (IOAM) with IPv6
[    0.349333] sit: IPv6, IPv4 and MPLS over IPv4 tunneling driver
[    0.350305] NET: Registered PF_PACKET protocol family
[    0.350334] NET: Registered PF_KEY protocol family
[    0.350451] Key type dns_resolver registered
[    0.350673] ThumbEE CPU extension supported.
[    0.350692] Registering SWP/SWPB emulation handler
[    0.351204] omap_voltage_late_init: Voltage driver support not added
[    0.352015] SmartReflex Class3 initialized
[    0.387763] Loading compiled-in X.509 certificates
[    0.418488] /ocp/interconnect@44c00000/segment@200000/target-module@b000/i2c@0/tda19988@70: Fixed dependency cycle(s) with /ocp/interconnect@48000000/segment@300000/target-module@e000/lcdc@0
[    0.424828] /ocp/interconnect@44c00000/segment@200000/target-module@b000/i2c@0/tda19988@70: Fixed dependency cycle(s) with /ocp/interconnect@48000000/segment@300000/target-module@e000/lcdc@0
[    0.430020] gpiochip_find_base: found new base at 512
[    0.432688] /ocp/interconnect@44c00000/segment@200000/target-module@b000/i2c@0/tda19988@70: Fixed dependency cycle(s) with /ocp/interconnect@48000000/segment@300000/target-module@e000/lcdc@0
[    0.433546] /ocp/interconnect@44c00000/segment@200000/target-module@b000/i2c@0/tda19988@70: Fixed dependency cycle(s) with /ocp/interconnect@48000000/segment@300000/target-module@e000/lcdc@0
[    0.436778] /ocp/interconnect@44c00000/segment@200000/target-module@10000/scm@0/pinmux@800: Fixed dependency cycle(s) with /ocp/interconnect@44c00000/segment@200000/target-module@10000/scm@0/pinmux@800/clkout2-pins
[    0.437380] pinctrl-single 44e10800.pinmux: 142 pins, size 568
[    0.442558] ti-sysc: probe of 44e31000.target-module failed with error -16
[    0.468571] /ocp/interconnect@48000000/segment@300000/target-module@e000/lcdc@0: Fixed dependency cycle(s) with /ocp/interconnect@44c00000/segment@200000/target-module@b000/i2c@0/tda19988@70
[    0.476442] ti-sysc: probe of 48040000.target-module failed with error -16
[    0.487438] gpiochip_find_base: found new base at 512
[    0.487508] gpio gpiochip0: (gpio-0-31): created GPIO range 0->7 ==> 44e10800.pinmux PIN 0->7
[    0.487526] gpio gpiochip0: (gpio-0-31): created GPIO range 8->11 ==> 44e10800.pinmux PIN 90->93
[    0.487542] gpio gpiochip0: (gpio-0-31): created GPIO range 12->27 ==> 44e10800.pinmux PIN 12->27
[    0.487558] gpio gpiochip0: (gpio-0-31): created GPIO range 28->31 ==> 44e10800.pinmux PIN 30->33
[    0.512936] gpio gpiochip0: (gpio-0-31): added GPIO chardev (254:0)
[    0.513100] gpio gpiochip0: registered GPIOs 512 to 543 on gpio-0-31
[    0.513184] OMAP GPIO hardware version 0.1
[    0.547960] i2c i2c-2: using DT '/ocp/interconnect@48000000/segment@100000/target-module@9c000/i2c@0' for 'scl' GPIO lookup
[    0.548037] of_get_named_gpiod_flags: can't parse 'scl-gpios' property of node '/ocp/interconnect@48000000/segment@100000/target-module@9c000/i2c@0[0]'
[    0.548080] of_get_named_gpiod_flags: can't parse 'scl-gpio' property of node '/ocp/interconnect@48000000/segment@100000/target-module@9c000/i2c@0[0]'
[    0.548114] i2c i2c-2: using lookup tables for GPIO lookup
[    0.548124] i2c i2c-2: No GPIO consumer scl found
[    0.548146] i2c i2c-2: using DT '/ocp/interconnect@48000000/segment@100000/target-module@9c000/i2c@0' for 'sda' GPIO lookup
[    0.548181] of_get_named_gpiod_flags: can't parse 'sda-gpios' property of node '/ocp/interconnect@48000000/segment@100000/target-module@9c000/i2c@0[0]'
[    0.548219] of_get_named_gpiod_flags: can't parse 'sda-gpio' property of node '/ocp/interconnect@48000000/segment@100000/target-module@9c000/i2c@0[0]'
[    0.548250] i2c i2c-2: using lookup tables for GPIO lookup
[    0.548258] i2c i2c-2: No GPIO consumer sda found
[    0.548959] omap_i2c 4819c000.i2c: bus 2 rev0.11 at 100 kHz
[    0.554512] gpiochip_find_base: found new base at 544
[    0.554578] gpio gpiochip1: (gpio-32-63): created GPIO range 0->17 ==> 44e10800.pinmux PIN 34->51
[    0.554597] gpio gpiochip1: (gpio-32-63): created GPIO range 18->21 ==> 44e10800.pinmux PIN 77->80
[    0.554612] gpio gpiochip1: (gpio-32-63): created GPIO range 22->31 ==> 44e10800.pinmux PIN 56->65
[    0.561811] gpio gpiochip1: (gpio-32-63): added GPIO chardev (254:1)
[    0.561959] gpio gpiochip1: registered GPIOs 544 to 575 on gpio-32-63
[    0.564101] gpiochip_find_base: found new base at 576
[    0.564160] gpio gpiochip2: (gpio-64-95): created GPIO range 0->4 ==> 44e10800.pinmux PIN 66->70
[    0.564179] gpio gpiochip2: (gpio-64-95): created GPIO range 5->6 ==> 44e10800.pinmux PIN 98->99
[    0.564194] gpio gpiochip2: (gpio-64-95): created GPIO range 7->8 ==> 44e10800.pinmux PIN 75->76
[    0.564209] gpio gpiochip2: (gpio-64-95): created GPIO range 13->13 ==> 44e10800.pinmux PIN 141->141
[    0.564224] gpio gpiochip2: (gpio-64-95): created GPIO range 14->21 ==> 44e10800.pinmux PIN 100->107
[    0.564782] gpio gpiochip2: (gpio-64-95): added GPIO chardev (254:2)
[    0.564904] gpio gpiochip2: registered GPIOs 576 to 607 on gpio-64-95
[    0.571068] /ocp/interconnect@48000000/segment@300000/target-module@e000/lcdc@0: Fixed dependency cycle(s) with /ocp/interconnect@44c00000/segment@200000/target-module@b000/i2c@0/tda19988@70
[    0.574063] /ocp/interconnect@48000000/segment@300000/target-module@e000/lcdc@0: Fixed dependency cycle(s) with /ocp/interconnect@44c00000/segment@200000/target-module@b000/i2c@0/tda19988@70
[    0.574750] /ocp/interconnect@44c00000/segment@200000/target-module@b000/i2c@0/tda19988@70: Fixed dependency cycle(s) with /ocp/interconnect@48000000/segment@300000/target-module@e000/lcdc@0
[    0.574930] /ocp/interconnect@48000000/segment@300000/target-module@e000/lcdc@0: Fixed dependency cycle(s) with /ocp/interconnect@44c00000/segment@200000/target-module@b000/i2c@0/tda19988@70
[    0.584359] mdio_bus 4a101000.mdio: using DT '/ocp/interconnect@4a000000/segment@0/target-module@100000/switch@0/mdio@1000' for 'reset' GPIO lookup
[    0.584433] of_get_named_gpiod_flags: can't parse 'reset-gpios' property of node '/ocp/interconnect@4a000000/segment@0/target-module@100000/switch@0/mdio@1000[0]'
[    0.584481] of_get_named_gpiod_flags: can't parse 'reset-gpio' property of node '/ocp/interconnect@4a000000/segment@0/target-module@100000/switch@0/mdio@1000[0]'
[    0.584528] mdio_bus 4a101000.mdio: using lookup tables for GPIO lookup
[    0.584538] mdio_bus 4a101000.mdio: No GPIO consumer reset found
[    0.586747] sdhci-omap 481d8000.mmc: using DT '/ocp/interconnect@48000000/segment@100000/target-module@d8000/mmc@0' for 'wp' GPIO lookup
[    0.586820] of_get_named_gpiod_flags: can't parse 'wp-gpios' property of node '/ocp/interconnect@48000000/segment@100000/target-module@d8000/mmc@0[0]'
[    0.586865] of_get_named_gpiod_flags: can't parse 'wp-gpio' property of node '/ocp/interconnect@48000000/segment@100000/target-module@d8000/mmc@0[0]'
[    0.586899] sdhci-omap 481d8000.mmc: using lookup tables for GPIO lookup
[    0.586909] sdhci-omap 481d8000.mmc: No GPIO consumer wp found
[    0.587115] sdhci-omap 481d8000.mmc: supply pbias not found, using dummy regulator
[    0.587586] sdhci-omap 481d8000.mmc: supply vqmmc not found, using dummy regulator
[    0.662048] davinci_mdio 4a101000.mdio: davinci mdio revision 1.6, bus freq 1000000
[    0.685293] mdio_bus 4a101000.mdio:00: using DT '/ocp/interconnect@4a000000/segment@0/target-module@100000/switch@0/mdio@1000/ethernet-phy@0' for 'reset' GPIO lookup
[    0.685398] of_get_named_gpiod_flags: parsed 'reset-gpios' property of node '/ocp/interconnect@4a000000/segment@0/target-module@100000/switch@0/mdio@1000/ethernet-phy@0[0]' - status (0)
[    0.685559] gpio gpiochip0: Persistence not supported for GPIO 8
[    0.853294] davinci_mdio 4a101000.mdio: phy[0]: device 4a101000.mdio:00, driver SMSC LAN8710/LAN8720
[    0.853921] cpsw-switch 4a100000.switch: initialized cpsw ale version 1.4
[    0.853943] cpsw-switch 4a100000.switch: ALE Table size 1024
[    0.854078] cpsw-switch 4a100000.switch: cpts: overflow check period 500 (jiffies)
[    0.854095] cpsw-switch 4a100000.switch: CPTS: ref_clk_freq:250000000 calc_mult:2147483648 calc_shift:29 error:0 nsec/sec
[    0.854194] cpsw-switch 4a100000.switch: Detected MACID = 6c:ec:eb:68:de:78
[    0.856024] cpsw-switch 4a100000.switch: initialized (regs 0x4a100000, pool size 256) hw_ver:0019010C 1.12 (0)
[    0.866746] debugfs: Directory '49000000.dma' with parent 'dmaengine' already present!
[    0.866788] edma 49000000.dma: TI EDMA DMA engine driver
[    0.900179] gpio-clk clk_mcasp0: using DT '/clk_mcasp0' for 'enable' GPIO lookup
[    0.900258] of_get_named_gpiod_flags: parsed 'enable-gpios' property of node '/clk_mcasp0[0]' - status (0)
[    0.900299] gpio gpiochip0: Persistence not supported for GPIO 27
[    0.901164] gpiochip_find_base: found new base at 608
[    0.901229] gpio gpiochip3: (gpio-96-127): created GPIO range 0->7 ==> 44e10800.pinmux PIN 82->89
[    0.901254] gpio gpiochip3: (gpio-96-127): created GPIO range 8->11 ==> 44e10800.pinmux PIN 52->55
[    0.901271] gpio gpiochip3: (gpio-96-127): created GPIO range 12->15 ==> 44e10800.pinmux PIN 94->97
[    0.901516] gpio gpiochip3: (gpio-96-127): created GPIO range 16->17 ==> 44e10800.pinmux PIN 71->72
[    0.901545] gpio gpiochip3: (gpio-96-127): created GPIO range 18->18 ==> 44e10800.pinmux PIN 135->135
[    0.901562] gpio gpiochip3: (gpio-96-127): created GPIO range 19->20 ==> 44e10800.pinmux PIN 108->109
[    0.901580] gpio gpiochip3: (gpio-96-127): created GPIO range 21->21 ==> 44e10800.pinmux PIN 73->73
[    0.901597] gpio gpiochip3: (gpio-96-127): created GPIO range 22->23 ==> 44e10800.pinmux PIN 8->9
[    0.901614] gpio gpiochip3: (gpio-96-127): created GPIO range 26->27 ==> 44e10800.pinmux PIN 10->11
[    0.901632] gpio gpiochip3: (gpio-96-127): created GPIO range 28->28 ==> 44e10800.pinmux PIN 74->74
[    0.901650] gpio gpiochip3: (gpio-96-127): created GPIO range 29->29 ==> 44e10800.pinmux PIN 81->81
[    0.901668] gpio gpiochip3: (gpio-96-127): created GPIO range 30->31 ==> 44e10800.pinmux PIN 28->29
[    0.914790] gpio gpiochip3: (gpio-96-127): added GPIO chardev (254:3)
[    0.914960] gpio gpiochip3: registered GPIOs 608 to 639 on gpio-96-127
[    0.922620] omap8250 44e09000.serial: using DT '/ocp/interconnect@44c00000/segment@200000/target-module@9000/serial@0' for 'rs485-term' GPIO lookup
[    0.922700] of_get_named_gpiod_flags: can't parse 'rs485-term-gpios' property of node '/ocp/interconnect@44c00000/segment@200000/target-module@9000/serial@0[0]'
[    0.922747] of_get_named_gpiod_flags: can't parse 'rs485-term-gpio' property of node '/ocp/interconnect@44c00000/segment@200000/target-module@9000/serial@0[0]'
[    0.922782] omap8250 44e09000.serial: using lookup tables for GPIO lookup
[    0.922793] omap8250 44e09000.serial: No GPIO consumer rs485-term found
[    0.922803] omap8250 44e09000.serial: using DT '/ocp/interconnect@44c00000/segment@200000/target-module@9000/serial@0' for 'rs485-rx-during-tx' GPIO lookup
[    0.922838] of_get_named_gpiod_flags: can't parse 'rs485-rx-during-tx-gpios' property of node '/ocp/interconnect@44c00000/segment@200000/target-module@9000/serial@0[0]'
[    0.922876] of_get_named_gpiod_flags: can't parse 'rs485-rx-during-tx-gpio' property of node '/ocp/interconnect@44c00000/segment@200000/target-module@9000/serial@0[0]'
[    0.922907] omap8250 44e09000.serial: using lookup tables for GPIO lookup
[    0.922915] omap8250 44e09000.serial: No GPIO consumer rs485-rx-during-tx found
[    0.923279] 44e09000.serial: ttyS0 at MMIO 0x44e09000 (irq = 34, base_baud = 3000000) is a 8250
[    0.923365] printk: console [ttyS0] enabled
[    2.137457] i2c i2c-0: using DT '/ocp/interconnect@44c00000/segment@200000/target-module@b000/i2c@0' for 'scl' GPIO lookup
[    2.137542] of_get_named_gpiod_flags: can't parse 'scl-gpios' property of node '/ocp/interconnect@44c00000/segment@200000/target-module@b000/i2c@0[0]'
[    2.137587] of_get_named_gpiod_flags: can't parse 'scl-gpio' property of node '/ocp/interconnect@44c00000/segment@200000/target-module@b000/i2c@0[0]'
[    2.137624] i2c i2c-0: using lookup tables for GPIO lookup
[    2.137637] i2c i2c-0: No GPIO consumer scl found
[    2.137660] i2c i2c-0: using DT '/ocp/interconnect@44c00000/segment@200000/target-module@b000/i2c@0' for 'sda' GPIO lookup
[    2.137697] of_get_named_gpiod_flags: can't parse 'sda-gpios' property of node '/ocp/interconnect@44c00000/segment@200000/target-module@b000/i2c@0[0]'
[    2.137737] of_get_named_gpiod_flags: can't parse 'sda-gpio' property of node '/ocp/interconnect@44c00000/segment@200000/target-module@b000/i2c@0[0]'
[    2.137770] i2c i2c-0: using lookup tables for GPIO lookup
[    2.137779] i2c i2c-0: No GPIO consumer sda found
[    2.162246] tps65217-pmic: Failed to locate of_node [id: -1]
[    2.168292] tps65217-bl: Failed to locate of_node [id: -1]
[    2.179244] tps65217 0-0024: TPS65217 ID 0xe version 1.2
[    2.185367] /ocp/interconnect@48000000/segment@300000/target-module@e000/lcdc@0: Fixed dependency cycle(s) with /ocp/interconnect@44c00000/segment@200000/target-module@b000/i2c@0/tda19988@70
[    2.202709] /ocp/interconnect@44c00000/segment@200000/target-module@b000/i2c@0/tda19988@70: Fixed dependency cycle(s) with /ocp/interconnect@48000000/segment@300000/target-module@e000/lcdc@0
[    2.220055] omap_i2c 44e0b000.i2c: bus 0 rev0.11 at 400 kHz
[    2.227772] sdhci-omap 48060000.mmc: using DT '/ocp/interconnect@48000000/segment@0/target-module@60000/mmc@0' for 'cd' GPIO lookup
[    2.227877] of_get_named_gpiod_flags: parsed 'cd-gpios' property of node '/ocp/interconnect@48000000/segment@0/target-module@60000/mmc@0[0]' - status (0)
[    2.227995] gpio gpiochip3: Persistence not supported for GPIO 6
[    2.228022] omap_gpio 44e07000.gpio: Could not set line 6 debounce to 200000 microseconds (-22)
[    2.236892] sdhci-omap 48060000.mmc: Got CD GPIO
[    2.241567] sdhci-omap 48060000.mmc: using DT '/ocp/interconnect@48000000/segment@0/target-module@60000/mmc@0' for 'wp' GPIO lookup
[    2.241617] of_get_named_gpiod_flags: can't parse 'wp-gpios' property of node '/ocp/interconnect@48000000/segment@0/target-module@60000/mmc@0[0]'
[    2.241660] of_get_named_gpiod_flags: can't parse 'wp-gpio' property of node '/ocp/interconnect@48000000/segment@0/target-module@60000/mmc@0[0]'
[    2.241696] sdhci-omap 48060000.mmc: using lookup tables for GPIO lookup
[    2.241708] sdhci-omap 48060000.mmc: No GPIO consumer wp found
[    2.241903] sdhci-omap 48060000.mmc: supply pbias not found, using dummy regulator
[    2.250890] sdhci-omap 481d8000.mmc: using DT '/ocp/interconnect@48000000/segment@100000/target-module@d8000/mmc@0' for 'wp' GPIO lookup
[    2.250965] of_get_named_gpiod_flags: can't parse 'wp-gpios' property of node '/ocp/interconnect@48000000/segment@100000/target-module@d8000/mmc@0[0]'
[    2.251011] of_get_named_gpiod_flags: can't parse 'wp-gpio' property of node '/ocp/interconnect@48000000/segment@100000/target-module@d8000/mmc@0[0]'
[    2.251048] sdhci-omap 481d8000.mmc: using lookup tables for GPIO lookup
[    2.251059] sdhci-omap 481d8000.mmc: No GPIO consumer wp found
[    2.252047] sdhci-omap 48060000.mmc: supply vqmmc not found, using dummy regulator
[    2.260757] sdhci-omap 481d8000.mmc: supply pbias not found, using dummy regulator
[    2.269633] sdhci-omap 481d8000.mmc: supply vqmmc not found, using dummy regulator
[    2.308133] mmc1: SDHCI controller on 481d8000.mmc [481d8000.mmc] using External DMA
[    2.317122] mmc0: SDHCI controller on 48060000.mmc [48060000.mmc] using External DMA
[    2.325837] cpsw-switch 4a100000.switch: starting ndev. mode: dual_mac
[    2.370257] mmc0: new high speed SDHC card at address 5048
[    2.377212] mmcblk0: mmc0:5048 SD16G 14.4 GiB
[    2.385042]  mmcblk0: p1 p2
[    2.388285] mmcblk0: p2 size 31221760 extends beyond EOD, truncated
[    2.402839] mmc1: new high speed MMC card at address 0001
[    2.409512] mmcblk1: mmc1:0001 MMC04G 3.60 GiB
[    2.416645]  mmcblk1: p1 p2
[    2.420821] mmcblk1boot0: mmc1:0001 MMC04G 2.00 MiB
[    2.427922] mmcblk1boot1: mmc1:0001 MMC04G 2.00 MiB
[    2.434808] mmcblk1rpmb: mmc1:0001 MMC04G 128 KiB, chardev (250:0)
[    2.482505] SMSC LAN8710/LAN8720 4a101000.mdio:00: attached PHY driver (mii_bus:phy_addr=4a101000.mdio:00, irq=POLL)
[    5.602047] cpsw-switch 4a100000.switch eth0: Link is Up - 100Mbps/Full - flow control off
[    5.641334] IP-Config: Complete:
[    5.644598]      device=eth0, hwaddr=6c:ec:eb:68:de:78, ipaddr=192.168.255.1, mask=255.255.255.0, gw=255.255.255.255
[    5.655213]      host=bbb1, domain=, nis-domain=(none)
[    5.660377]      bootserver=192.168.255.126, rootserver=192.168.255.126, rootpath=
[    5.660782] clk: Disabling unused clocks
[    5.672653] KTAP version 1
[    5.675379] 1..0
[    5.720133] VFS: Mounted root (nfs filesystem) on device 0:16.
[    5.727260] devtmpfs: mounted
[    5.732002] Freeing unused kernel image (initmem) memory: 1024K
[    5.738591] Run /sbin/init as init process
[    5.742798]   with arguments:
[    5.742811]     /sbin/init
[    5.742819]     nfsrootdebug
[    5.742827]   with environment:
[    5.742834]     HOME=/
[    5.742842]     TERM=linux
[    6.419234] systemd[1]: System time before build time, advancing clock.
[    7.871342] random: crng init done
[    7.942154] systemd[1]: systemd 232 running in system mode. (+PAM +AUDIT +SELINUX +IMA +APPARMOR +SMACK +SYSVINIT +UTMP +LIBCRYPTSETUP +GCRYPT +GNUTLS +ACL +XZ +LZ4 +SECCOMP +BLKID +ELFUTILS +KMOD +IDN)
[    7.961127] systemd[1]: Detected architecture arm.
[    8.004275] systemd[1]: Set hostname to <arm>.
[    9.055891] systemd[1]: Started Dispatch Password Requests to Console Directory Watch.
[    9.093075] systemd[1]: Created slice System Slice.
[    9.132710] systemd[1]: Created slice system-serial\x2dgetty.slice.
[    9.173362] systemd[1]: Listening on Journal Socket.
[    9.245452] systemd[1]: Mounting POSIX Message Queue File System...
[    9.284395] systemd[1]: Starting Load Kernel Modules...
[    9.317775] systemd[1]: Created slice User and Session Slice.
[   10.785980] systemd-journald[85]: Received request to flush runtime journal from PID 1
[   14.084175] leds-gpio leds: using DT '/leds/led2' for '(null)' GPIO lookup
[   14.084280] of_get_named_gpiod_flags: parsed 'gpios' property of node '/leds/led2[0]' - status (0)
[   14.084331] gpio gpiochip0: Persistence not supported for GPIO 21
[   14.084344] gpio-533 (?): no flags found for (null)
[   14.084642] leds-gpio leds: using DT '/leds/led3' for '(null)' GPIO lookup
[   14.084696] of_get_named_gpiod_flags: parsed 'gpios' property of node '/leds/led3[0]' - status (0)
[   14.084729] gpio gpiochip0: Persistence not supported for GPIO 22
[   14.084740] gpio-534 (?): no flags found for (null)
[   14.137560] leds-gpio leds: using DT '/leds/led4' for '(null)' GPIO lookup
[   14.137658] of_get_named_gpiod_flags: parsed 'gpios' property of node '/leds/led4[0]' - status (0)
[   14.137703] gpio gpiochip0: Persistence not supported for GPIO 23
[   14.137716] gpio-535 (?): no flags found for (null)
[   14.189009] leds-gpio leds: using DT '/leds/led5' for '(null)' GPIO lookup
[   14.189271] of_get_named_gpiod_flags: parsed 'gpios' property of node '/leds/led5[0]' - status (0)
[   14.189325] gpio gpiochip0: Persistence not supported for GPIO 24
[   14.189339] gpio-536 (?): no flags found for (null)
[   14.740405] omap_wdt: OMAP Watchdog Timer Rev 0x01: initial timeout 60 sec
[   14.885647] remoteproc remoteproc0: wkup_m3 is available
[   15.201982] am335x-phy-driver 47401300.usb-phy: using DT '/ocp/target-module@47400000/usb-phy@1300' for 'reset' GPIO lookup
[   15.202079] of_get_named_gpiod_flags: can't parse 'reset-gpios' property of node '/ocp/target-module@47400000/usb-phy@1300[0]'
[   15.202123] of_get_named_gpiod_flags: can't parse 'reset-gpio' property of node '/ocp/target-module@47400000/usb-phy@1300[0]'
[   15.202158] am335x-phy-driver 47401300.usb-phy: using lookup tables for GPIO lookup
[   15.202171] am335x-phy-driver 47401300.usb-phy: No GPIO consumer reset found
[   15.202184] am335x-phy-driver 47401300.usb-phy: using DT '/ocp/target-module@47400000/usb-phy@1300' for 'vbus-detect' GPIO lookup
[   15.202213] of_get_named_gpiod_flags: can't parse 'vbus-detect-gpios' property of node '/ocp/target-module@47400000/usb-phy@1300[0]'
[   15.202243] of_get_named_gpiod_flags: can't parse 'vbus-detect-gpio' property of node '/ocp/target-module@47400000/usb-phy@1300[0]'
[   15.202268] am335x-phy-driver 47401300.usb-phy: using lookup tables for GPIO lookup
[   15.202279] am335x-phy-driver 47401300.usb-phy: No GPIO consumer vbus-detect found
[   15.202427] am335x-phy-driver 47401300.usb-phy: dummy supplies not allowed for exclusive requests
[   15.237131] at24 2-0054: supply vcc not found, using dummy regulator
[   15.276327] usbcore: registered new interface driver usbfs
[   15.282355] usbcore: registered new interface driver hub
[   15.288042] usbcore: registered new device driver usb
[   15.394863] am335x-phy-driver 47401b00.usb-phy: using DT '/ocp/target-module@47400000/usb-phy@1b00' for 'reset' GPIO lookup
[   15.395027] of_get_named_gpiod_flags: can't parse 'reset-gpios' property of node '/ocp/target-module@47400000/usb-phy@1b00[0]'
[   15.395134] of_get_named_gpiod_flags: can't parse 'reset-gpio' property of node '/ocp/target-module@47400000/usb-phy@1b00[0]'
[   15.395218] am335x-phy-driver 47401b00.usb-phy: using lookup tables for GPIO lookup
[   15.395232] am335x-phy-driver 47401b00.usb-phy: No GPIO consumer reset found
[   15.395245] am335x-phy-driver 47401b00.usb-phy: using DT '/ocp/target-module@47400000/usb-phy@1b00' for 'vbus-detect' GPIO lookup
[   15.395326] of_get_named_gpiod_flags: can't parse 'vbus-detect-gpios' property of node '/ocp/target-module@47400000/usb-phy@1b00[0]'
[   15.395363] of_get_named_gpiod_flags: can't parse 'vbus-detect-gpio' property of node '/ocp/target-module@47400000/usb-phy@1b00[0]'
[   15.395388] am335x-phy-driver 47401b00.usb-phy: using lookup tables for GPIO lookup
[   15.395494] am335x-phy-driver 47401b00.usb-phy: No GPIO consumer vbus-detect found
[   15.395752] am335x-phy-driver 47401b00.usb-phy: dummy supplies not allowed for exclusive requests
[   15.459055] at24 2-0055: supply vcc not found, using dummy regulator
[   15.539904] at24 2-0056: supply vcc not found, using dummy regulator
[   15.645836] at24 2-0057: supply vcc not found, using dummy regulator
[   15.752522] at24 0-0050: using DT '/ocp/interconnect@44c00000/segment@200000/target-module@b000/i2c@0/baseboard_eeprom@50' for 'wp' GPIO lookup
[   15.752761] of_get_named_gpiod_flags: can't parse 'wp-gpios' property of node '/ocp/interconnect@44c00000/segment@200000/target-module@b000/i2c@0/baseboard_eeprom@50[0]'
[   15.752881] of_get_named_gpiod_flags: can't parse 'wp-gpio' property of node '/ocp/interconnect@44c00000/segment@200000/target-module@b000/i2c@0/baseboard_eeprom@50[0]'
[   15.752970] at24 0-0050: using lookup tables for GPIO lookup
[   15.752984] at24 0-0050: No GPIO consumer wp found
[   15.753466] at24 0-0050: 32768 byte 24c256 EEPROM, writable, 1 bytes/write
[   15.991766] tps6521x_pwrbutton tps65217-pwrbutton: DMA mask not set
[   16.076541] input: tps65217_pwrbutton as /devices/platform/ocp/44c00000.interconnect/44c00000.interconnect:segment@200000/44e0b000.target-module/44e0b000.i2c/i2c-0/0-0024/tps65217-pwrbutton/input/input0
[   16.232882] omap_rtc 44e3e000.rtc: registered as rtc0
[   16.238558] omap_rtc 44e3e000.rtc: setting system clock to 2000-01-01T00:00:00 UTC (946684800)
[   16.247410] omap_rtc 44e3e000.rtc: using DT '/ocp/interconnect@44c00000/segment@200000/target-module@3e000/rtc@0' for 'wp' GPIO lookup
[   16.247486] of_get_named_gpiod_flags: can't parse 'wp-gpios' property of node '/ocp/interconnect@44c00000/segment@200000/target-module@3e000/rtc@0[0]'
[   16.247537] of_get_named_gpiod_flags: can't parse 'wp-gpio' property of node '/ocp/interconnect@44c00000/segment@200000/target-module@3e000/rtc@0[0]'
[   16.247574] omap_rtc 44e3e000.rtc: using lookup tables for GPIO lookup
[   16.247586] omap_rtc 44e3e000.rtc: No GPIO consumer wp found
[   16.321242] wkup_m3_ipc 44e11324.wkup_m3_ipc: IPC Request for A8->M3 Channel failed! -517
[   16.405893] wkup_m3_ipc 44e11324.wkup_m3_ipc: IPC Request for A8->M3 Channel failed! -517
[   16.520714] musb-hdrc musb-hdrc.1: MUSB HDRC host driver
[   16.526383] musb-hdrc musb-hdrc.1: new USB bus registered, assigned bus number 1
[   16.543664] wkup_m3_ipc 44e11324.wkup_m3_ipc: IPC Request for A8->M3 Channel failed! -517
[   16.729627] usb usb1: New USB device found, idVendor=1d6b, idProduct=0002, bcdDevice= 6.06
[   16.738158] usb usb1: New USB device strings: Mfr=3, Product=2, SerialNumber=1
[   16.745502] usb usb1: Product: MUSB HDRC host driver
[   16.750495] usb usb1: Manufacturer: Linux 6.6.98 musb-hcd
[   16.755962] usb usb1: SerialNumber: musb-hdrc.1
[   16.948942] hub 1-0:1.0: USB hub found
[   17.026344] hub 1-0:1.0: 1 port detected
[   17.090530] wkup_m3_ipc 44e11324.wkup_m3_ipc: IPC Request for A8->M3 Channel failed! -517
[   17.239751] wkup_m3_ipc 44e11324.wkup_m3_ipc: IPC Request for A8->M3 Channel failed! -517
[   17.406089] tda998x 0-0070: found TDA19988
[   17.531499] wkup_m3_ipc 44e11324.wkup_m3_ipc: IPC Request for A8->M3 Channel failed! -517
[   17.834255] omap-mailbox 480c8000.mailbox: omap mailbox rev 0x400
[   17.889381] remoteproc remoteproc0: powering up wkup_m3
[   18.081663] remoteproc remoteproc0: Direct firmware load for am335x-pm-firmware.elf failed with error -2
[   18.091540] remoteproc remoteproc0: request_firmware failed: -2
[   18.097503] wkup_m3_ipc 44e11324.wkup_m3_ipc: rproc_boot failed
[   19.720955] omap_rng 48310000.rng: Random Number Generator ver. 20
[   19.961893] tilcdc 4830e000.lcdc: bound 0-0070 (ops tda998x_audio_codec_init [tda998x])
[   20.095899] [drm] Initialized tilcdc 1.0.0 20121205 for 4830e000.lcdc on minor 0
[   20.214014] tilcdc 4830e000.lcdc: [drm] Cannot find any crtc or sizes
[   20.222778] tilcdc 4830e000.lcdc: [drm] Cannot find any crtc or sizes
[   21.542543] Bluetooth: Core ver 2.22
[   21.546807] NET: Registered PF_BLUETOOTH protocol family
[   21.552322] Bluetooth: HCI device and connection manager initialized
[   21.558804] Bluetooth: HCI socket layer initialized
[   21.563772] Bluetooth: L2CAP socket layer initialized
[   21.568881] Bluetooth: SCO socket layer initialized
[   21.660991] omap-sham 53100000.sham: hw accel on OMAP rev 4.3
[   21.690600] PM: Cannot get wkup_m3_ipc handle
[   21.816711] omap-aes 53500000.aes: OMAP AES hw accel rev: 3.2
[   21.861493] omap-sham 53100000.sham: will run requests pump with realtime priority
[   21.873347] PM: Cannot get wkup_m3_ipc handle
[   21.969608] omap-aes 53500000.aes: will run requests pump with realtime priority
[   21.978221] PM: Cannot get wkup_m3_ipc handle
[   25.490295] PM: Cannot get wkup_m3_ipc handle
[   25.496303] asoc-simple-card sound: using DT '/sound' for 'simple-audio-card,hp-det' GPIO lookup
[   25.496374] of_get_named_gpiod_flags: can't parse 'simple-audio-card,hp-det-gpios' property of node '/sound[0]'
[   25.496411] of_get_named_gpiod_flags: can't parse 'simple-audio-card,hp-det-gpio' property of node '/sound[0]'
[   25.496433] asoc-simple-card sound: using lookup tables for GPIO lookup
[   25.496445] asoc-simple-card sound: No GPIO consumer simple-audio-card,hp-det found
[   25.496457] asoc-simple-card sound: using DT '/sound' for 'simple-audio-card,mic-det' GPIO lookup
[   25.496480] of_get_named_gpiod_flags: can't parse 'simple-audio-card,mic-det-gpios' property of node '/sound[0]'
[   25.496505] of_get_named_gpiod_flags: can't parse 'simple-audio-card,mic-det-gpio' property of node '/sound[0]'
[   25.496523] asoc-simple-card sound: using lookup tables for GPIO lookup
[   25.496533] asoc-simple-card sound: No GPIO consumer simple-audio-card,mic-det found
[   25.592192] PM: Cannot get wkup_m3_ipc handle
[   27.118941] userial_init: registered 8 ttyGS* devices
[   27.403837] rndis_register: configNr = 0
[   27.535261] udc musb-hdrc.0: binding gadget driver [g_multi]
[   27.535355] configfs-gadget.g_multi gadget.0: adding 'rndis'/ac5f0b7c to config 'c'/4c09708b
[   27.536469] configfs-gadget.g_multi gadget.0: HOST MAC 1c:ba:8c:a2:ed:6c
[   27.543459] configfs-gadget.g_multi gadget.0: MAC 1c:ba:8c:a2:ed:70
[   27.549809] rndis_set_param_medium: 0 0
[   27.549825] configfs-gadget.g_multi gadget.0: RNDIS: IN/ep1in OUT/ep1out NOTIFY/ep2in
[   27.549840] configfs-gadget.g_multi gadget.0: adding 'cdc_ethernet'/bba0568e to config 'c'/4c09708b
[   27.550771] configfs-gadget.g_multi gadget.0: HOST MAC 1c:ba:8c:a2:ed:6c
[   27.557634] configfs-gadget.g_multi gadget.0: MAC 1c:ba:8c:a2:ed:6d
[   27.564027] configfs-gadget.g_multi gadget.0: CDC Ethernet: IN/ep3in OUT/ep2out NOTIFY/ep4in
[   27.564044] configfs-gadget.g_multi gadget.0: adding 'acm'/5d3e9e72 to config 'c'/4c09708b
[   27.564077] configfs-gadget.g_multi gadget.0: acm ttyGS0: IN/ep5in OUT/ep3out NOTIFY/ep6in
[   27.565140] PM: Cannot get wkup_m3_ipc handle
[   28.895209] configfs-gadget.g_multi gadget.0: eth_open
[   29.560234] configfs-gadget.g_multi gadget.0: stop stats: rx/tx 0/0, errs 0/0
[   34.316626] gs_open: ttyGS0 (bdf2fa37,5cfd9226)
[   34.316780] gs_close: ttyGS0 (bdf2fa37,5cfd9226) ...
[   34.316801] gs_close: ttyGS0 (bdf2fa37,5cfd9226) done!
[   34.318247] gs_open: ttyGS0 (bdf2fa37,d7437856)
[   34.318344] gs_close: ttyGS0 (bdf2fa37,d7437856) ...
[   34.318362] gs_close: ttyGS0 (bdf2fa37,d7437856) done!
[   34.451218] gs_open: ttyGS0 (ed0a112d,e567841d)
[   34.455720] gs_close: ttyGS0 (ed0a112d,e567841d) ...
[   34.455788] gs_close: ttyGS0 (ed0a112d,e567841d) done!
[   34.457779] gs_open: ttyGS0 (ed0a112d,90c46b54)
JYLYSKXZWJ 0
root@arm:~# echo 'FSQH''QGOBSW'
FSQHQGOBSW
root@arm:~# MARKER='TFFQ''VBYXHZ' run 'modprobe test_linear_ranges'
TFFQVBYXHZTFFQVBYXHZ 0
root@arm:~# echo 'OYPM''BOPNFF'
OYPMBOPNFF
root@arm:~# MARKER='YTQV''HYUOUP' run dmesg
YTQVHYUOUP[    0.000000] Booting Linux on physical CPU 0x0
[    0.000000] Linux version 6.6.98 (user01@drvtest01) (arm-none-eabi-gcc (Arm GNU Toolchain 14.2.Rel1 (Build arm-14.52)) 14.2.1 20241119, GNU ld (Arm GNU Toolchain 14.2.Rel1 (Build arm-14.52)) 2.43.1.20241119) #1 SMP Mon Jul 14 19:05:02 EEST 2025
[    0.000000] CPU: ARMv7 Processor [413fc082] revision 2 (ARMv7), cr=10c5387d
[    0.000000] CPU: PIPT / VIPT nonaliasing data cache, VIPT aliasing instruction cache
[    0.000000] OF: fdt: Machine model: TI AM335x BeagleBone Black
[    0.000000] Memory policy: Data cache writeback
[    0.000000] cma: Reserved 16 MiB at 0x9e800000 on node -1
[    0.000000] Zone ranges:
[    0.000000]   Normal   [mem 0x0000000080000000-0x000000009fdfffff]
[    0.000000]   HighMem  empty
[    0.000000] Movable zone start for each node
[    0.000000] Early memory node ranges
[    0.000000]   node   0: [mem 0x0000000080000000-0x000000009fdfffff]
[    0.000000] Initmem setup node 0 [mem 0x0000000080000000-0x000000009fdfffff]
[    0.000000] CPU: All CPU(s) started in SVC mode.
[    0.000000] AM335X ES2.1 (sgx neon)
[    0.000000] percpu: Embedded 16 pages/cpu s36116 r8192 d21228 u65536
[    0.000000] pcpu-alloc: s36116 r8192 d21228 u65536 alloc=16*4096
[    0.000000] pcpu-alloc: [0] 0 
[    0.000000] Kernel command line: console=ttyO0,115200n8 root=/dev/nfs rw nfsroot=192.168.255.126:/home/user01/nfs,nfsvers=3 ip=192.168.255.1:192.168.255.126::255.255.255.0:bbb1:eth0 nfsrootdebug
[    0.000000] Unknown kernel command line parameters "nfsrootdebug", will be passed to user space.
[    0.000000] Dentry cache hash table entries: 65536 (order: 6, 262144 bytes, linear)
[    0.000000] Inode-cache hash table entries: 32768 (order: 5, 131072 bytes, linear)
[    0.000000] Built 1 zonelists, mobility grouping on.  Total pages: 129412
[    0.000000] mem auto-init: stack:off, heap alloc:off, heap free:off
[    0.000000] Memory: 483604K/522240K available (11264K kernel code, 1165K rwdata, 2700K rodata, 1024K init, 282K bss, 22252K reserved, 16384K cma-reserved, 0K highmem)
[    0.000000] SLUB: HWalign=64, Order=0-3, MinObjects=0, CPUs=1, Nodes=1
[    0.000000] rcu: Hierarchical RCU implementation.
[    0.000000] rcu: 	RCU event tracing is enabled.
[    0.000000] rcu: 	RCU restricting CPUs from NR_CPUS=2 to nr_cpu_ids=1.
[    0.000000] rcu: RCU calculated value of scheduler-enlistment delay is 10 jiffies.
[    0.000000] rcu: Adjusting geometry for rcu_fanout_leaf=16, nr_cpu_ids=1
[    0.000000] NR_IRQS: 16, nr_irqs: 16, preallocated irqs: 16
[    0.000000] IRQ: Found an INTC at 0x(ptrval) (revision 5.0) with 128 interrupts
[    0.000000] rcu: srcu_init: Setting srcu_struct sizes based on contention.
[    0.000000] TI gptimer clocksource: always-on /ocp/interconnect@44c00000/segment@200000/target-module@31000
[    0.000003] sched_clock: 32 bits at 24MHz, resolution 41ns, wraps every 89478484971ns
[    0.000028] clocksource: dmtimer: mask: 0xffffffff max_cycles: 0xffffffff, max_idle_ns: 79635851949 ns
[    0.000511] TI gptimer clockevent: 24000000 Hz at /ocp/interconnect@48000000/segment@0/target-module@40000
[    0.002078] Console: colour dummy device 80x30
[    0.002130] WARNING: Your 'console=ttyO0' has been replaced by 'ttyS0'
[    0.002138] This ensures that you still see kernel messages. Please
[    0.002143] update your kernel commandline.
[    0.002180] Calibrating delay loop... 996.14 BogoMIPS (lpj=4980736)
[    0.090559] CPU: Testing write buffer coherency: ok
[    0.090659] CPU0: Spectre v2: using BPIALL workaround
[    0.090669] pid_max: default: 32768 minimum: 301
[    0.090784] LSM: initializing lsm=capability,integrity
[    0.090950] Mount-cache hash table entries: 1024 (order: 0, 4096 bytes, linear)
[    0.090969] Mountpoint-cache hash table entries: 1024 (order: 0, 4096 bytes, linear)
[    0.092418] CPU0: thread -1, cpu 0, socket -1, mpidr 0
[    0.094031] Setting up static identity map for 0x80100000 - 0x80100078
[    0.094312] rcu: Hierarchical SRCU implementation.
[    0.094321] rcu: 	Max phase no-delay instances is 1000.
[    0.095694] smp: Bringing up secondary CPUs ...
[    0.095751] smp: Brought up 1 node, 1 CPU
[    0.095765] SMP: Total of 1 processors activated (996.14 BogoMIPS).
[    0.095777] CPU: All CPU(s) started in SVC mode.
[    0.096664] devtmpfs: initialized
[    0.113643] VFP support v0.3: implementor 41 architecture 3 part 30 variant c rev 3
[    0.114000] clocksource: jiffies: mask: 0xffffffff max_cycles: 0xffffffff, max_idle_ns: 19112604462750000 ns
[    0.114035] futex hash table entries: 256 (order: 2, 16384 bytes, linear)
[    0.115349] pinctrl core: initialized pinctrl subsystem
[    0.117493] NET: Registered PF_NETLINK/PF_ROUTE protocol family
[    0.120015] DMA: preallocated 256 KiB pool for atomic coherent allocations
[    0.120833] audit: initializing netlink subsys (disabled)
[    0.122218] thermal_sys: Registered thermal governor 'fair_share'
[    0.122236] thermal_sys: Registered thermal governor 'step_wise'
[    0.122243] thermal_sys: Registered thermal governor 'user_space'
[    0.122353] audit: type=2000 audit(0.120:1): state=initialized audit_enabled=0 res=1
[    0.122432] cpuidle: using governor menu
[    0.138860] /ocp/interconnect@44c00000/segment@200000/target-module@b000/i2c@0/tda19988@70: Fixed dependency cycle(s) with /ocp/interconnect@48000000/segment@300000/target-module@e000/lcdc@0
[    0.139925] /ocp/interconnect@48000000/segment@300000/target-module@e000/lcdc@0: Fixed dependency cycle(s) with /ocp/interconnect@44c00000/segment@200000/target-module@b000/i2c@0/tda19988@70
[    0.142147] No ATAGs?
[    0.142166] hw-breakpoint: debug architecture 0x4 unsupported.
[    0.145179] kprobes: kprobe jump-optimization is enabled. All kprobes are optimized if possible.
[    0.163206] iommu: Default domain type: Translated
[    0.163225] iommu: DMA domain TLB invalidation policy: strict mode
[    0.164664] SCSI subsystem initialized
[    0.165498] reg-fixed-voltage fixedregulator0: using DT '/fixedregulator0' for '(null)' GPIO lookup
[    0.165552] of_get_named_gpiod_flags: can't parse 'gpios' property of node '/fixedregulator0[0]'
[    0.165581] of_get_named_gpiod_flags: can't parse 'gpio' property of node '/fixedregulator0[0]'
[    0.165598] reg-fixed-voltage fixedregulator0: using lookup tables for GPIO lookup
[    0.165609] reg-fixed-voltage fixedregulator0: No GPIO consumer (null) found
[    0.166142] libata version 3.00 loaded.
[    0.166492] pps_core: LinuxPPS API ver. 1 registered
[    0.166504] pps_core: Software ver. 5.3.6 - Copyright 2005-2007 Rodolfo Giometti <giometti@linux.it>
[    0.166527] PTP clock support registered
[    0.170994] vgaarb: loaded
[    0.171321] clocksource: Switched to clocksource dmtimer
[    0.171939] VFS: Disk quotas dquot_6.6.0
[    0.171999] VFS: Dquot-cache hash table entries: 1024 (order 0, 4096 bytes)
[    0.202762] NET: Registered PF_INET protocol family
[    0.203100] IP idents hash table entries: 8192 (order: 4, 65536 bytes, linear)
[    0.204417] tcp_listen_portaddr_hash hash table entries: 512 (order: 0, 4096 bytes, linear)
[    0.204456] Table-perturb hash table entries: 65536 (order: 6, 262144 bytes, linear)
[    0.204474] TCP established hash table entries: 4096 (order: 2, 16384 bytes, linear)
[    0.204519] TCP bind hash table entries: 4096 (order: 4, 65536 bytes, linear)
[    0.204621] TCP: Hash tables configured (established 4096 bind 4096)
[    0.204753] UDP hash table entries: 256 (order: 1, 8192 bytes, linear)
[    0.204782] UDP-Lite hash table entries: 256 (order: 1, 8192 bytes, linear)
[    0.204945] NET: Registered PF_UNIX/PF_LOCAL protocol family
[    0.211947] RPC: Registered named UNIX socket transport module.
[    0.211971] RPC: Registered udp transport module.
[    0.211977] RPC: Registered tcp transport module.
[    0.211982] RPC: Registered tcp-with-tls transport module.
[    0.211987] RPC: Registered tcp NFSv4.1 backchannel transport module.
[    0.212013] PCI: CLS 0 bytes, default 64
[    0.213604] Initialise system trusted keyrings
[    0.221587] workingset: timestamp_bits=14 max_order=17 bucket_order=3
[    0.222801] NFS: Registering the id_resolver key type
[    0.222864] Key type id_resolver registered
[    0.222872] Key type id_legacy registered
[    0.222929] jffs2: version 2.2. (NAND) (SUMMARY)  Â© 2001-2006 Red Hat, Inc.
[    0.223323] Key type asymmetric registered
[    0.223338] Asymmetric key parser 'x509' registered
[    0.223407] io scheduler mq-deadline registered
[    0.223419] io scheduler kyber registered
[    0.223488] io scheduler bfq registered
[    0.232517] hw perfevents: enabled with armv7_cortex_a8 PMU driver, 5 counters available
[    0.241038] l3-aon-clkctrl:0000:0: failed to disable
[    0.241185] Serial: 8250/16550 driver, 6 ports, IRQ sharing enabled
[    0.305616] brd: module loaded
[    0.313797] loop: module loaded
[    0.314729] mtdoops: mtd device (mtddev=name/number) must be supplied
[    0.316250] mdio_bus fixed-0: using lookup tables for GPIO lookup
[    0.316273] mdio_bus fixed-0: No GPIO consumer reset found
[    0.317507] i2c_dev: i2c /dev entries driver
[    0.318478] cpuidle: enable-method property 'ti,am3352' found operations
[    0.318931] sdhci: Secure Digital Host Controller Interface driver
[    0.318941] sdhci: Copyright(c) Pierre Ossman
[    0.319127] sdhci-pltfm: SDHCI platform and OF driver helper
[    0.319395] ledtrig-cpu: registered to indicate activity on CPUs
[    0.320171] Initializing XFRM netlink socket
[    0.320298] NET: Registered PF_INET6 protocol family
[    0.349153] Segment Routing with IPv6
[    0.349227] In-situ OAM (IOAM) with IPv6
[    0.349333] sit: IPv6, IPv4 and MPLS over IPv4 tunneling driver
[    0.350305] NET: Registered PF_PACKET protocol family
[    0.350334] NET: Registered PF_KEY protocol family
[    0.350451] Key type dns_resolver registered
[    0.350673] ThumbEE CPU extension supported.
[    0.350692] Registering SWP/SWPB emulation handler
[    0.351204] omap_voltage_late_init: Voltage driver support not added
[    0.352015] SmartReflex Class3 initialized
[    0.387763] Loading compiled-in X.509 certificates
[    0.418488] /ocp/interconnect@44c00000/segment@200000/target-module@b000/i2c@0/tda19988@70: Fixed dependency cycle(s) with /ocp/interconnect@48000000/segment@300000/target-module@e000/lcdc@0
[    0.424828] /ocp/interconnect@44c00000/segment@200000/target-module@b000/i2c@0/tda19988@70: Fixed dependency cycle(s) with /ocp/interconnect@48000000/segment@300000/target-module@e000/lcdc@0
[    0.430020] gpiochip_find_base: found new base at 512
[    0.432688] /ocp/interconnect@44c00000/segment@200000/target-module@b000/i2c@0/tda19988@70: Fixed dependency cycle(s) with /ocp/interconnect@48000000/segment@300000/target-module@e000/lcdc@0
[    0.433546] /ocp/interconnect@44c00000/segment@200000/target-module@b000/i2c@0/tda19988@70: Fixed dependency cycle(s) with /ocp/interconnect@48000000/segment@300000/target-module@e000/lcdc@0
[    0.436778] /ocp/interconnect@44c00000/segment@200000/target-module@10000/scm@0/pinmux@800: Fixed dependency cycle(s) with /ocp/interconnect@44c00000/segment@200000/target-module@10000/scm@0/pinmux@800/clkout2-pins
[    0.437380] pinctrl-single 44e10800.pinmux: 142 pins, size 568
[    0.442558] ti-sysc: probe of 44e31000.target-module failed with error -16
[    0.468571] /ocp/interconnect@48000000/segment@300000/target-module@e000/lcdc@0: Fixed dependency cycle(s) with /ocp/interconnect@44c00000/segment@200000/target-module@b000/i2c@0/tda19988@70
[    0.476442] ti-sysc: probe of 48040000.target-module failed with error -16
[    0.487438] gpiochip_find_base: found new base at 512
[    0.487508] gpio gpiochip0: (gpio-0-31): created GPIO range 0->7 ==> 44e10800.pinmux PIN 0->7
[    0.487526] gpio gpiochip0: (gpio-0-31): created GPIO range 8->11 ==> 44e10800.pinmux PIN 90->93
[    0.487542] gpio gpiochip0: (gpio-0-31): created GPIO range 12->27 ==> 44e10800.pinmux PIN 12->27
[    0.487558] gpio gpiochip0: (gpio-0-31): created GPIO range 28->31 ==> 44e10800.pinmux PIN 30->33
[    0.512936] gpio gpiochip0: (gpio-0-31): added GPIO chardev (254:0)
[    0.513100] gpio gpiochip0: registered GPIOs 512 to 543 on gpio-0-31
[    0.513184] OMAP GPIO hardware version 0.1
[    0.547960] i2c i2c-2: using DT '/ocp/interconnect@48000000/segment@100000/target-module@9c000/i2c@0' for 'scl' GPIO lookup
[    0.548037] of_get_named_gpiod_flags: can't parse 'scl-gpios' property of node '/ocp/interconnect@48000000/segment@100000/target-module@9c000/i2c@0[0]'
[    0.548080] of_get_named_gpiod_flags: can't parse 'scl-gpio' property of node '/ocp/interconnect@48000000/segment@100000/target-module@9c000/i2c@0[0]'
[    0.548114] i2c i2c-2: using lookup tables for GPIO lookup
[    0.548124] i2c i2c-2: No GPIO consumer scl found
[    0.548146] i2c i2c-2: using DT '/ocp/interconnect@48000000/segment@100000/target-module@9c000/i2c@0' for 'sda' GPIO lookup
[    0.548181] of_get_named_gpiod_flags: can't parse 'sda-gpios' property of node '/ocp/interconnect@48000000/segment@100000/target-module@9c000/i2c@0[0]'
[    0.548219] of_get_named_gpiod_flags: can't parse 'sda-gpio' property of node '/ocp/interconnect@48000000/segment@100000/target-module@9c000/i2c@0[0]'
[    0.548250] i2c i2c-2: using lookup tables for GPIO lookup
[    0.548258] i2c i2c-2: No GPIO consumer sda found
[    0.548959] omap_i2c 4819c000.i2c: bus 2 rev0.11 at 100 kHz
[    0.554512] gpiochip_find_base: found new base at 544
[    0.554578] gpio gpiochip1: (gpio-32-63): created GPIO range 0->17 ==> 44e10800.pinmux PIN 34->51
[    0.554597] gpio gpiochip1: (gpio-32-63): created GPIO range 18->21 ==> 44e10800.pinmux PIN 77->80
[    0.554612] gpio gpiochip1: (gpio-32-63): created GPIO range 22->31 ==> 44e10800.pinmux PIN 56->65
[    0.561811] gpio gpiochip1: (gpio-32-63): added GPIO chardev (254:1)
[    0.561959] gpio gpiochip1: registered GPIOs 544 to 575 on gpio-32-63
[    0.564101] gpiochip_find_base: found new base at 576
[    0.564160] gpio gpiochip2: (gpio-64-95): created GPIO range 0->4 ==> 44e10800.pinmux PIN 66->70
[    0.564179] gpio gpiochip2: (gpio-64-95): created GPIO range 5->6 ==> 44e10800.pinmux PIN 98->99
[    0.564194] gpio gpiochip2: (gpio-64-95): created GPIO range 7->8 ==> 44e10800.pinmux PIN 75->76
[    0.564209] gpio gpiochip2: (gpio-64-95): created GPIO range 13->13 ==> 44e10800.pinmux PIN 141->141
[    0.564224] gpio gpiochip2: (gpio-64-95): created GPIO range 14->21 ==> 44e10800.pinmux PIN 100->107
[    0.564782] gpio gpiochip2: (gpio-64-95): added GPIO chardev (254:2)
[    0.564904] gpio gpiochip2: registered GPIOs 576 to 607 on gpio-64-95
[    0.571068] /ocp/interconnect@48000000/segment@300000/target-module@e000/lcdc@0: Fixed dependency cycle(s) with /ocp/interconnect@44c00000/segment@200000/target-module@b000/i2c@0/tda19988@70
[    0.574063] /ocp/interconnect@48000000/segment@300000/target-module@e000/lcdc@0: Fixed dependency cycle(s) with /ocp/interconnect@44c00000/segment@200000/target-module@b000/i2c@0/tda19988@70
[    0.574750] /ocp/interconnect@44c00000/segment@200000/target-module@b000/i2c@0/tda19988@70: Fixed dependency cycle(s) with /ocp/interconnect@48000000/segment@300000/target-module@e000/lcdc@0
[    0.574930] /ocp/interconnect@48000000/segment@300000/target-module@e000/lcdc@0: Fixed dependency cycle(s) with /ocp/interconnect@44c00000/segment@200000/target-module@b000/i2c@0/tda19988@70
[    0.584359] mdio_bus 4a101000.mdio: using DT '/ocp/interconnect@4a000000/segment@0/target-module@100000/switch@0/mdio@1000' for 'reset' GPIO lookup
[    0.584433] of_get_named_gpiod_flags: can't parse 'reset-gpios' property of node '/ocp/interconnect@4a000000/segment@0/target-module@100000/switch@0/mdio@1000[0]'
[    0.584481] of_get_named_gpiod_flags: can't parse 'reset-gpio' property of node '/ocp/interconnect@4a000000/segment@0/target-module@100000/switch@0/mdio@1000[0]'
[    0.584528] mdio_bus 4a101000.mdio: using lookup tables for GPIO lookup
[    0.584538] mdio_bus 4a101000.mdio: No GPIO consumer reset found
[    0.586747] sdhci-omap 481d8000.mmc: using DT '/ocp/interconnect@48000000/segment@100000/target-module@d8000/mmc@0' for 'wp' GPIO lookup
[    0.586820] of_get_named_gpiod_flags: can't parse 'wp-gpios' property of node '/ocp/interconnect@48000000/segment@100000/target-module@d8000/mmc@0[0]'
[    0.586865] of_get_named_gpiod_flags: can't parse 'wp-gpio' property of node '/ocp/interconnect@48000000/segment@100000/target-module@d8000/mmc@0[0]'
[    0.586899] sdhci-omap 481d8000.mmc: using lookup tables for GPIO lookup
[    0.586909] sdhci-omap 481d8000.mmc: No GPIO consumer wp found
[    0.587115] sdhci-omap 481d8000.mmc: supply pbias not found, using dummy regulator
[    0.587586] sdhci-omap 481d8000.mmc: supply vqmmc not found, using dummy regulator
[    0.662048] davinci_mdio 4a101000.mdio: davinci mdio revision 1.6, bus freq 1000000
[    0.685293] mdio_bus 4a101000.mdio:00: using DT '/ocp/interconnect@4a000000/segment@0/target-module@100000/switch@0/mdio@1000/ethernet-phy@0' for 'reset' GPIO lookup
[    0.685398] of_get_named_gpiod_flags: parsed 'reset-gpios' property of node '/ocp/interconnect@4a000000/segment@0/target-module@100000/switch@0/mdio@1000/ethernet-phy@0[0]' - status (0)
[    0.685559] gpio gpiochip0: Persistence not supported for GPIO 8
[    0.853294] davinci_mdio 4a101000.mdio: phy[0]: device 4a101000.mdio:00, driver SMSC LAN8710/LAN8720
[    0.853921] cpsw-switch 4a100000.switch: initialized cpsw ale version 1.4
[    0.853943] cpsw-switch 4a100000.switch: ALE Table size 1024
[    0.854078] cpsw-switch 4a100000.switch: cpts: overflow check period 500 (jiffies)
[    0.854095] cpsw-switch 4a100000.switch: CPTS: ref_clk_freq:250000000 calc_mult:2147483648 calc_shift:29 error:0 nsec/sec
[    0.854194] cpsw-switch 4a100000.switch: Detected MACID = 6c:ec:eb:68:de:78
[    0.856024] cpsw-switch 4a100000.switch: initialized (regs 0x4a100000, pool size 256) hw_ver:0019010C 1.12 (0)
[    0.866746] debugfs: Directory '49000000.dma' with parent 'dmaengine' already present!
[    0.866788] edma 49000000.dma: TI EDMA DMA engine driver
[    0.900179] gpio-clk clk_mcasp0: using DT '/clk_mcasp0' for 'enable' GPIO lookup
[    0.900258] of_get_named_gpiod_flags: parsed 'enable-gpios' property of node '/clk_mcasp0[0]' - status (0)
[    0.900299] gpio gpiochip0: Persistence not supported for GPIO 27
[    0.901164] gpiochip_find_base: found new base at 608
[    0.901229] gpio gpiochip3: (gpio-96-127): created GPIO range 0->7 ==> 44e10800.pinmux PIN 82->89
[    0.901254] gpio gpiochip3: (gpio-96-127): created GPIO range 8->11 ==> 44e10800.pinmux PIN 52->55
[    0.901271] gpio gpiochip3: (gpio-96-127): created GPIO range 12->15 ==> 44e10800.pinmux PIN 94->97
[    0.901516] gpio gpiochip3: (gpio-96-127): created GPIO range 16->17 ==> 44e10800.pinmux PIN 71->72
[    0.901545] gpio gpiochip3: (gpio-96-127): created GPIO range 18->18 ==> 44e10800.pinmux PIN 135->135
[    0.901562] gpio gpiochip3: (gpio-96-127): created GPIO range 19->20 ==> 44e10800.pinmux PIN 108->109
[    0.901580] gpio gpiochip3: (gpio-96-127): created GPIO range 21->21 ==> 44e10800.pinmux PIN 73->73
[    0.901597] gpio gpiochip3: (gpio-96-127): created GPIO range 22->23 ==> 44e10800.pinmux PIN 8->9
[    0.901614] gpio gpiochip3: (gpio-96-127): created GPIO range 26->27 ==> 44e10800.pinmux PIN 10->11
[    0.901632] gpio gpiochip3: (gpio-96-127): created GPIO range 28->28 ==> 44e10800.pinmux PIN 74->74
[    0.901650] gpio gpiochip3: (gpio-96-127): created GPIO range 29->29 ==> 44e10800.pinmux PIN 81->81
[    0.901668] gpio gpiochip3: (gpio-96-127): created GPIO range 30->31 ==> 44e10800.pinmux PIN 28->29
[    0.914790] gpio gpiochip3: (gpio-96-127): added GPIO chardev (254:3)
[    0.914960] gpio gpiochip3: registered GPIOs 608 to 639 on gpio-96-127
[    0.922620] omap8250 44e09000.serial: using DT '/ocp/interconnect@44c00000/segment@200000/target-module@9000/serial@0' for 'rs485-term' GPIO lookup
[    0.922700] of_get_named_gpiod_flags: can't parse 'rs485-term-gpios' property of node '/ocp/interconnect@44c00000/segment@200000/target-module@9000/serial@0[0]'
[    0.922747] of_get_named_gpiod_flags: can't parse 'rs485-term-gpio' property of node '/ocp/interconnect@44c00000/segment@200000/target-module@9000/serial@0[0]'
[    0.922782] omap8250 44e09000.serial: using lookup tables for GPIO lookup
[    0.922793] omap8250 44e09000.serial: No GPIO consumer rs485-term found
[    0.922803] omap8250 44e09000.serial: using DT '/ocp/interconnect@44c00000/segment@200000/target-module@9000/serial@0' for 'rs485-rx-during-tx' GPIO lookup
[    0.922838] of_get_named_gpiod_flags: can't parse 'rs485-rx-during-tx-gpios' property of node '/ocp/interconnect@44c00000/segment@200000/target-module@9000/serial@0[0]'
[    0.922876] of_get_named_gpiod_flags: can't parse 'rs485-rx-during-tx-gpio' property of node '/ocp/interconnect@44c00000/segment@200000/target-module@9000/serial@0[0]'
[    0.922907] omap8250 44e09000.serial: using lookup tables for GPIO lookup
[    0.922915] omap8250 44e09000.serial: No GPIO consumer rs485-rx-during-tx found
[    0.923279] 44e09000.serial: ttyS0 at MMIO 0x44e09000 (irq = 34, base_baud = 3000000) is a 8250
[    0.923365] printk: console [ttyS0] enabled
[    2.137457] i2c i2c-0: using DT '/ocp/interconnect@44c00000/segment@200000/target-module@b000/i2c@0' for 'scl' GPIO lookup
[    2.137542] of_get_named_gpiod_flags: can't parse 'scl-gpios' property of node '/ocp/interconnect@44c00000/segment@200000/target-module@b000/i2c@0[0]'
[    2.137587] of_get_named_gpiod_flags: can't parse 'scl-gpio' property of node '/ocp/interconnect@44c00000/segment@200000/target-module@b000/i2c@0[0]'
[    2.137624] i2c i2c-0: using lookup tables for GPIO lookup
[    2.137637] i2c i2c-0: No GPIO consumer scl found
[    2.137660] i2c i2c-0: using DT '/ocp/interconnect@44c00000/segment@200000/target-module@b000/i2c@0' for 'sda' GPIO lookup
[    2.137697] of_get_named_gpiod_flags: can't parse 'sda-gpios' property of node '/ocp/interconnect@44c00000/segment@200000/target-module@b000/i2c@0[0]'
[    2.137737] of_get_named_gpiod_flags: can't parse 'sda-gpio' property of node '/ocp/interconnect@44c00000/segment@200000/target-module@b000/i2c@0[0]'
[    2.137770] i2c i2c-0: using lookup tables for GPIO lookup
[    2.137779] i2c i2c-0: No GPIO consumer sda found
[    2.162246] tps65217-pmic: Failed to locate of_node [id: -1]
[    2.168292] tps65217-bl: Failed to locate of_node [id: -1]
[    2.179244] tps65217 0-0024: TPS65217 ID 0xe version 1.2
[    2.185367] /ocp/interconnect@48000000/segment@300000/target-module@e000/lcdc@0: Fixed dependency cycle(s) with /ocp/interconnect@44c00000/segment@200000/target-module@b000/i2c@0/tda19988@70
[    2.202709] /ocp/interconnect@44c00000/segment@200000/target-module@b000/i2c@0/tda19988@70: Fixed dependency cycle(s) with /ocp/interconnect@48000000/segment@300000/target-module@e000/lcdc@0
[    2.220055] omap_i2c 44e0b000.i2c: bus 0 rev0.11 at 400 kHz
[    2.227772] sdhci-omap 48060000.mmc: using DT '/ocp/interconnect@48000000/segment@0/target-module@60000/mmc@0' for 'cd' GPIO lookup
[    2.227877] of_get_named_gpiod_flags: parsed 'cd-gpios' property of node '/ocp/interconnect@48000000/segment@0/target-module@60000/mmc@0[0]' - status (0)
[    2.227995] gpio gpiochip3: Persistence not supported for GPIO 6
[    2.228022] omap_gpio 44e07000.gpio: Could not set line 6 debounce to 200000 microseconds (-22)
[    2.236892] sdhci-omap 48060000.mmc: Got CD GPIO
[    2.241567] sdhci-omap 48060000.mmc: using DT '/ocp/interconnect@48000000/segment@0/target-module@60000/mmc@0' for 'wp' GPIO lookup
[    2.241617] of_get_named_gpiod_flags: can't parse 'wp-gpios' property of node '/ocp/interconnect@48000000/segment@0/target-module@60000/mmc@0[0]'
[    2.241660] of_get_named_gpiod_flags: can't parse 'wp-gpio' property of node '/ocp/interconnect@48000000/segment@0/target-module@60000/mmc@0[0]'
[    2.241696] sdhci-omap 48060000.mmc: using lookup tables for GPIO lookup
[    2.241708] sdhci-omap 48060000.mmc: No GPIO consumer wp found
[    2.241903] sdhci-omap 48060000.mmc: supply pbias not found, using dummy regulator
[    2.250890] sdhci-omap 481d8000.mmc: using DT '/ocp/interconnect@48000000/segment@100000/target-module@d8000/mmc@0' for 'wp' GPIO lookup
[    2.250965] of_get_named_gpiod_flags: can't parse 'wp-gpios' property of node '/ocp/interconnect@48000000/segment@100000/target-module@d8000/mmc@0[0]'
[    2.251011] of_get_named_gpiod_flags: can't parse 'wp-gpio' property of node '/ocp/interconnect@48000000/segment@100000/target-module@d8000/mmc@0[0]'
[    2.251048] sdhci-omap 481d8000.mmc: using lookup tables for GPIO lookup
[    2.251059] sdhci-omap 481d8000.mmc: No GPIO consumer wp found
[    2.252047] sdhci-omap 48060000.mmc: supply vqmmc not found, using dummy regulator
[    2.260757] sdhci-omap 481d8000.mmc: supply pbias not found, using dummy regulator
[    2.269633] sdhci-omap 481d8000.mmc: supply vqmmc not found, using dummy regulator
[    2.308133] mmc1: SDHCI controller on 481d8000.mmc [481d8000.mmc] using External DMA
[    2.317122] mmc0: SDHCI controller on 48060000.mmc [48060000.mmc] using External DMA
[    2.325837] cpsw-switch 4a100000.switch: starting ndev. mode: dual_mac
[    2.370257] mmc0: new high speed SDHC card at address 5048
[    2.377212] mmcblk0: mmc0:5048 SD16G 14.4 GiB
[    2.385042]  mmcblk0: p1 p2
[    2.388285] mmcblk0: p2 size 31221760 extends beyond EOD, truncated
[    2.402839] mmc1: new high speed MMC card at address 0001
[    2.409512] mmcblk1: mmc1:0001 MMC04G 3.60 GiB
[    2.416645]  mmcblk1: p1 p2
[    2.420821] mmcblk1boot0: mmc1:0001 MMC04G 2.00 MiB
[    2.427922] mmcblk1boot1: mmc1:0001 MMC04G 2.00 MiB
[    2.434808] mmcblk1rpmb: mmc1:0001 MMC04G 128 KiB, chardev (250:0)
[    2.482505] SMSC LAN8710/LAN8720 4a101000.mdio:00: attached PHY driver (mii_bus:phy_addr=4a101000.mdio:00, irq=POLL)
[    5.602047] cpsw-switch 4a100000.switch eth0: Link is Up - 100Mbps/Full - flow control off
[    5.641334] IP-Config: Complete:
[    5.644598]      device=eth0, hwaddr=6c:ec:eb:68:de:78, ipaddr=192.168.255.1, mask=255.255.255.0, gw=255.255.255.255
[    5.655213]      host=bbb1, domain=, nis-domain=(none)
[    5.660377]      bootserver=192.168.255.126, rootserver=192.168.255.126, rootpath=
[    5.660782] clk: Disabling unused clocks
[    5.672653] KTAP version 1
[    5.675379] 1..0
[    5.720133] VFS: Mounted root (nfs filesystem) on device 0:16.
[    5.727260] devtmpfs: mounted
[    5.732002] Freeing unused kernel image (initmem) memory: 1024K
[    5.738591] Run /sbin/init as init process
[    5.742798]   with arguments:
[    5.742811]     /sbin/init
[    5.742819]     nfsrootdebug
[    5.742827]   with environment:
[    5.742834]     HOME=/
[    5.742842]     TERM=linux
[    6.419234] systemd[1]: System time before build time, advancing clock.
[    7.871342] random: crng init done
[    7.942154] systemd[1]: systemd 232 running in system mode. (+PAM +AUDIT +SELINUX +IMA +APPARMOR +SMACK +SYSVINIT +UTMP +LIBCRYPTSETUP +GCRYPT +GNUTLS +ACL +XZ +LZ4 +SECCOMP +BLKID +ELFUTILS +KMOD +IDN)
[    7.961127] systemd[1]: Detected architecture arm.
[    8.004275] systemd[1]: Set hostname to <arm>.
[    9.055891] systemd[1]: Started Dispatch Password Requests to Console Directory Watch.
[    9.093075] systemd[1]: Created slice System Slice.
[    9.132710] systemd[1]: Created slice system-serial\x2dgetty.slice.
[    9.173362] systemd[1]: Listening on Journal Socket.
[    9.245452] systemd[1]: Mounting POSIX Message Queue File System...
