Labgrid Console Logfile for main
Logfile started at 2024-10-21 12:12:04.983088
=== Log starts here ===


U-Boot 2014.04-00014-g47880f5 (Apr 22 2014 - 13:23:54)

I2C:   ready
DRAM:  512 MiB
NAND:  0 MiB
MMC:   OMAP SD/MMC: 0, OMAP SD/MMC: 1
*** Warning - readenv() failed, using default environment

Net:   <ethaddr> not set. Validating first E-fuse MAC
cpsw, usb_ether
Hit any key to stop autoboot:  1  0 
gpio: pin 53 (gpio 53) value is 1
mmc0 is current device
gpio: pin 54 (gpio 54) value is 1
SD/MMC found on device 0
reading uEnv.txt
569 bytes read in 4 ms (138.7 KiB/s)
gpio: pin 55 (gpio 55) value is 1
Loaded environment from uEnv.txt
Importing environment from mmc ...
Checking if uenvcmd is set ...
gpio: pin 56 (gpio 56) value is 1
Running uenvcmd ...
cpsw Waiting for PHY auto negotiation to complete. done
link up on port 0, speed 100, full duplex
Using cpsw device
TFTP from server 192.168.255.126; our IP address is 192.168.255.1
Filename 'zImage'.
Load address: 0x81000000
Loading: *#################################################################
	 #################################################################
	 #################################################################
	 #################################################################
	 #################################################################
	 ###########################
	 2.4 MiB/s
done
Bytes transferred = 5164640 (4ece60 hex)
link up on port 0, speed 100, full duplex
Using cpsw device
TFTP from server 192.168.255.126; our IP address is 192.168.255.1
Filename 'am335x-boneblack.dtb'.
Load address: 0x82000000
Loading: *#######
	 2.2 MiB/s
done
Bytes transferred = 97630 (17d5e hex)
Kernel image @ 0x81000000 [ 0x000000 - 0x4ece60 ]
## Flattened Device Tree blob at 82000000
   Booting using the fdt blob at 0x82000000
   Using Device Tree in place at 82000000, end 8201ad5d

Starting kernel ...

[    0.000000] Booting Linux on physical CPU 0x0
[    0.000000] Linux version 6.1.113 (user01@drvtest01) (arm-linux-gnueabihf-gcc (Linaro GCC 6.4-2017.11) 6.4.1 20171012, GNU ld (Linaro_Binutils-2017.11) 2.27.0.20161229) #4 SMP Mon Oct 21 12:09:55 EEST 2024
[    0.000000] CPU: ARMv7 Processor [413fc082] revision 2 (ARMv7), cr=10c5387d
[    0.000000] CPU: PIPT / VIPT nonaliasing data cache, VIPT aliasing instruction cache
[    0.000000] OF: fdt: Machine model: TI AM335x BeagleBone Black
[    0.000000] Memory policy: Data cache writeback
[    0.000000] cma: Reserved 16 MiB at 0x9ec00000
[    0.000000] Zone ranges:
[    0.000000]   Normal   [mem 0x0000000080000000-0x000000009fdfffff]
[    0.000000]   HighMem  empty
[    0.000000] Movable zone start for each node
[    0.000000] Early memory node ranges
[    0.000000]   node   0: [mem 0x0000000080000000-0x000000009fdfffff]
[    0.000000] Initmem setup node 0 [mem 0x0000000080000000-0x000000009fdfffff]
[    0.000000] CPU: All CPU(s) started in SVC mode.
[    0.000000] AM335X ES2.1 (sgx neon)
[    0.000000] percpu: Embedded 16 pages/cpu s34196 r8192 d23148 u65536
[    0.000000] Built 1 zonelists, mobility grouping on.  Total pages: 129412
[    0.000000] Kernel command line: console=ttyO0,115200n8 root=/dev/nfs rw nfsroot=192.168.255.126:/home/user01/nfs,nfsvers=3 ip=192.168.255.1:192.168.255.126::255.255.255.0:bbb1:eth0 nfsrootdebug
[    0.000000] Unknown kernel command line parameters "nfsrootdebug", will be passed to user space.
[    0.000000] Dentry cache hash table entries: 65536 (order: 6, 262144 bytes, linear)
[    0.000000] Inode-cache hash table entries: 32768 (order: 5, 131072 bytes, linear)
[    0.000000] mem auto-init: stack:off, heap alloc:off, heap free:off
[    0.000000] Memory: 484644K/522240K available (10240K kernel code, 1143K rwdata, 2604K rodata, 1024K init, 287K bss, 21212K reserved, 16384K cma-reserved, 0K highmem)
[    0.000000] SLUB: HWalign=64, Order=0-3, MinObjects=0, CPUs=1, Nodes=1
[    0.000000] trace event string verifier disabled
[    0.000000] rcu: Hierarchical RCU implementation.
[    0.000000] rcu: 	RCU event tracing is enabled.
[    0.000000] rcu: 	RCU restricting CPUs from NR_CPUS=2 to nr_cpu_ids=1.
[    0.000000] rcu: RCU calculated value of scheduler-enlistment delay is 10 jiffies.
[    0.000000] rcu: Adjusting geometry for rcu_fanout_leaf=16, nr_cpu_ids=1
[    0.000000] NR_IRQS: 16, nr_irqs: 16, preallocated irqs: 16
[    0.000000] IRQ: Found an INTC at 0x(ptrval) (revision 5.0) with 128 interrupts
[    0.000000] rcu: srcu_init: Setting srcu_struct sizes based on contention.
[    0.000000] TI gptimer clocksource: always-on /ocp/interconnect@44c00000/segment@200000/target-module@31000
[    0.000002] sched_clock: 32 bits at 24MHz, resolution 41ns, wraps every 89478484971ns
[    0.000024] clocksource: dmtimer: mask: 0xffffffff max_cycles: 0xffffffff, max_idle_ns: 79635851949 ns
[    0.000448] TI gptimer clockevent: 24000000 Hz at /ocp/interconnect@48000000/segment@0/target-module@40000
[    0.002023] Console: colour dummy device 80x30
[    0.002072] WARNING: Your 'console=ttyO0' has been replaced by 'ttyS0'
[    0.002079] This ensures that you still see kernel messages. Please
[    0.002084] update your kernel commandline.
[    0.002125] Calibrating delay loop... 996.14 BogoMIPS (lpj=4980736)
[    0.090498] CPU: Testing write buffer coherency: ok
[    0.090600] CPU0: Spectre v2: using BPIALL workaround
[    0.090611] pid_max: default: 32768 minimum: 301
[    0.090743] LSM: Security Framework initializing
[    0.090922] Mount-cache hash table entries: 1024 (order: 0, 4096 bytes, linear)
[    0.090943] Mountpoint-cache hash table entries: 1024 (order: 0, 4096 bytes, linear)
[    0.092487] CPU0: thread -1, cpu 0, socket -1, mpidr 0
[    0.093802] Setting up static identity map for 0x80100000 - 0x80100078
[    0.094043] rcu: Hierarchical SRCU implementation.
[    0.094053] rcu: 	Max phase no-delay instances is 1000.
[    0.095390] smp: Bringing up secondary CPUs ...
[    0.095409] smp: Brought up 1 node, 1 CPU
[    0.095421] SMP: Total of 1 processors activated (996.14 BogoMIPS).
[    0.095433] CPU: All CPU(s) started in SVC mode.
[    0.096364] devtmpfs: initialized
[    0.112503] VFP support v0.3: implementor 41 architecture 3 part 30 variant c rev 3
[    0.112811] clocksource: jiffies: mask: 0xffffffff max_cycles: 0xffffffff, max_idle_ns: 19112604462750000 ns
[    0.112845] futex hash table entries: 256 (order: 2, 16384 bytes, linear)
[    0.114173] pinctrl core: initialized pinctrl subsystem
[    0.116180] NET: Registered PF_NETLINK/PF_ROUTE protocol family
[    0.118230] DMA: preallocated 256 KiB pool for atomic coherent allocations
[    0.118816] audit: initializing netlink subsys (disabled)
[    0.120076] thermal_sys: Registered thermal governor 'fair_share'
[    0.120093] thermal_sys: Registered thermal governor 'step_wise'
[    0.120099] thermal_sys: Registered thermal governor 'user_space'
[    0.120224] cpuidle: using governor menu
[    0.137589] No ATAGs?
[    0.137612] hw-breakpoint: debug architecture 0x4 unsupported.
[    0.146659] audit: type=2000 audit(0.110:1): state=initialized audit_enabled=0 res=1
[    0.146966] kprobes: kprobe jump-optimization is enabled. All kprobes are optimized if possible.
[    0.164793] iommu: Default domain type: Translated 
[    0.164806] iommu: DMA domain TLB invalidation policy: strict mode 
[    0.166272] SCSI subsystem initialized
[    0.167135] pps_core: LinuxPPS API ver. 1 registered
[    0.167144] pps_core: Software ver. 5.3.6 - Copyright 2005-2007 Rodolfo Giometti <giometti@linux.it>
[    0.167168] PTP clock support registered
[    0.180803] vgaarb: loaded
[    0.181165] clocksource: Switched to clocksource dmtimer
[    0.181800] VFS: Disk quotas dquot_6.6.0
[    0.181879] VFS: Dquot-cache hash table entries: 1024 (order 0, 4096 bytes)
[    0.198708] NET: Registered PF_INET protocol family
[    0.199060] IP idents hash table entries: 8192 (order: 4, 65536 bytes, linear)
[    0.200455] tcp_listen_portaddr_hash hash table entries: 512 (order: 0, 4096 bytes, linear)
[    0.200502] Table-perturb hash table entries: 65536 (order: 6, 262144 bytes, linear)
[    0.200522] TCP established hash table entries: 4096 (order: 2, 16384 bytes, linear)
[    0.200568] TCP bind hash table entries: 4096 (order: 4, 65536 bytes, linear)
[    0.200668] TCP: Hash tables configured (established 4096 bind 4096)
[    0.200784] UDP hash table entries: 256 (order: 1, 8192 bytes, linear)
[    0.200810] UDP-Lite hash table entries: 256 (order: 1, 8192 bytes, linear)
[    0.201009] NET: Registered PF_UNIX/PF_LOCAL protocol family
[    0.211925] RPC: Registered named UNIX socket transport module.
[    0.211949] RPC: Registered udp transport module.
[    0.211955] RPC: Registered tcp transport module.
[    0.211960] RPC: Registered tcp NFSv4.1 backchannel transport module.
[    0.211980] PCI: CLS 0 bytes, default 64
[    0.213529] Initialise system trusted keyrings
[    0.214554] workingset: timestamp_bits=14 max_order=17 bucket_order=3
[    0.234976] NFS: Registering the id_resolver key type
[    0.235107] Key type id_resolver registered
[    0.235115] Key type id_legacy registered
[    0.235171] jffs2: version 2.2. (NAND) (SUMMARY)  Â© 2001-2006 Red Hat, Inc.
[    0.235920] Key type asymmetric registered
[    0.235937] Asymmetric key parser 'x509' registered
[    0.236086] io scheduler mq-deadline registered
[    0.236098] io scheduler kyber registered
[    0.236337] io scheduler bfq registered
[    0.241329] Serial: 8250/16550 driver, 6 ports, IRQ sharing enabled
[    0.283680] brd: module loaded
[    0.304692] loop: module loaded
[    0.305593] mtdoops: mtd device (mtddev=name/number) must be supplied
[    0.308127] i2c_dev: i2c /dev entries driver
[    0.309044] cpuidle: enable-method property 'ti,am3352' found operations
[    0.309480] sdhci: Secure Digital Host Controller Interface driver
[    0.309489] sdhci: Copyright(c) Pierre Ossman
[    0.309663] sdhci-pltfm: SDHCI platform and OF driver helper
[    0.309930] ledtrig-cpu: registered to indicate activity on CPUs
[    0.310675] Initializing XFRM netlink socket
[    0.311422] NET: Registered PF_INET6 protocol family
[    0.324003] Segment Routing with IPv6
[    0.324073] In-situ OAM (IOAM) with IPv6
[    0.324182] sit: IPv6, IPv4 and MPLS over IPv4 tunneling driver
[    0.325072] NET: Registered PF_PACKET protocol family
[    0.325101] NET: Registered PF_KEY protocol family
[    0.325214] Key type dns_resolver registered
[    0.325368] ThumbEE CPU extension supported.
[    0.325413] Registering SWP/SWPB emulation handler
[    0.325925] omap_voltage_late_init: Voltage driver support not added
[    0.326260] SmartReflex Class3 initialized
[    0.327196] Loading compiled-in X.509 certificates
[    0.404470] platform 44e10800.pinmux: Fixed dependency cycle(s) with /ocp/interconnect@44c00000/segment@200000/target-module@10000/scm@0/pinmux@800/pinmux_clkout2_pin
[    0.405046] pinctrl-single 44e10800.pinmux: 142 pins, size 568
[    0.409656] ti-sysc: probe of 44e31000.target-module failed with error -16
[    0.449081] ti-sysc: probe of 48040000.target-module failed with error -16
[    0.459560] gpio gpiochip0: (gpio-0-31): not an immutable chip, please consider fixing it!
[    0.483112] OMAP GPIO hardware version 0.1
[    0.495756] omap_i2c 4819c000.i2c: bus 2 rev0.11 at 100 kHz
[    0.500915] gpio gpiochip1: (gpio-32-63): not an immutable chip, please consider fixing it!
[    0.518895] gpio gpiochip2: (gpio-64-95): not an immutable chip, please consider fixing it!
[    0.528571] platform 4830e000.lcdc: Fixed dependency cycle(s) with /ocp/interconnect@44c00000/segment@200000/target-module@b000/i2c@0/tda19988@70
[    0.538399] sdhci-omap 481d8000.mmc: supply pbias not found, using dummy regulator
[    0.538848] sdhci-omap 481d8000.mmc: supply vqmmc not found, using dummy regulator
[    0.598608] davinci_mdio 4a101000.mdio: davinci mdio revision 1.6, bus freq 1000000
[    0.674553] davinci_mdio 4a101000.mdio: phy[0]: device 4a101000.mdio:00, driver SMSC LAN8710/LAN8720
[    0.675056] cpsw-switch 4a100000.switch: initialized cpsw ale version 1.4
[    0.675074] cpsw-switch 4a100000.switch: ALE Table size 1024
[    0.675216] cpsw-switch 4a100000.switch: cpts: overflow check period 500 (jiffies)
[    0.675234] cpsw-switch 4a100000.switch: CPTS: ref_clk_freq:250000000 calc_mult:2147483648 calc_shift:29 error:0 nsec/sec
[    0.675326] cpsw-switch 4a100000.switch: Detected MACID = 6c:ec:eb:68:de:78
[    0.677009] cpsw-switch 4a100000.switch: initialized (regs 0x4a100000, pool size 256) hw_ver:0019010C 1.12 (0)
[    0.687018] debugfs: Directory '49000000.dma' with parent 'dmaengine' already present!
[    0.687059] edma 49000000.dma: TI EDMA DMA engine driver
[    0.736596] hw perfevents: enabled with armv7_cortex_a8 PMU driver, 5 counters available
[    0.738690] gpio gpiochip3: (gpio-96-127): not an immutable chip, please consider fixing it!
[    0.743905] l3-aon-clkctrl:0000:0: failed to disable
[    0.746353] 44e09000.serial: ttyS0 at MMIO 0x44e09000 (irq = 34, base_baud = 3000000) is a 8250
[    2.077128] printk: console [ttyS0] enabled
[    2.112093] tps65217-pmic: Failed to locate of_node [id: -1]
[    2.128355] tps65217-bl: Failed to locate of_node [id: -1]
[    2.137042] tps65217 0-0024: TPS65217 ID 0xe version 1.2
[    2.143077] platform 4830e000.lcdc: Fixed dependency cycle(s) with /ocp/interconnect@44c00000/segment@200000/target-module@b000/i2c@0/tda19988@70
[    2.156438] i2c 0-0070: Fixed dependency cycle(s) with /ocp/interconnect@48000000/segment@300000/target-module@e000/lcdc@0
[    2.167884] omap_i2c 44e0b000.i2c: bus 0 rev0.11 at 400 kHz
[    2.175488] omap_gpio 44e07000.gpio: Could not set line 6 debounce to 200000 microseconds (-22)
[    2.184349] sdhci-omap 48060000.mmc: Got CD GPIO
[    2.189329] sdhci-omap 48060000.mmc: supply pbias not found, using dummy regulator
[    2.201474] sdhci-omap 48060000.mmc: supply vqmmc not found, using dummy regulator
[    2.209838] sdhci-omap 481d8000.mmc: supply pbias not found, using dummy regulator
[    2.218028] sdhci-omap 481d8000.mmc: supply vqmmc not found, using dummy regulator
[    2.253 808] mmc1: SDHCI controller on 481d8000.mmc [481d8000.mmc] usi ng External DMA
[    2.262716] mmc0: SDHCI controller on 4806 0000.mmc [48060000.mmc] using External DMA
[    2.271494] cps w-switch 4a100000.switch: starting ndev. mode: dual_mac
[    2.314859
[    2.396802] mmcblk1boot1: mmc1:0001 MMC04G 2.00 MiB 
[    2.408264] mmcblk1rpmb: mmc1:0001 MMC04G 128 KiB, chardev (250:0)
[    5.521936] cpsw-switch 4a100000.switch eth0: Link is Up - 100Mbps/Full - flow control off
[    5.530323] IPv6: ADDRCONF(NETDEV_CHANGE): eth0: link becomes ready
[    5.581198] IP-Config: Complete:
[    5.584471]      device=eth0, hwaddr=6c:ec:eb:68:de:78, ipaddr=192.168.255.1, mask=255.255.255.0, gw=255.255.255.255
[    5.595093]      host=bbb1, domain=, nis-domain=(none)
[    5.600258]      bootserver=192.168.255.126, rootserver=192.168.255.126, rootpath=
[    5.600688] clk: Disabling unused clocks
[    5.612553] KTAP version 1
[    5.615279] 1..0
[    5.639760] VFS: Mounted root (nfs filesystem) on device 0:16.
[    5.646889] devtmpfs: mounted
[    5.651610] Freeing unused kernel image (initmem) memory: 1024K
[    5.658154] Run /sbin/init as init process
[    6.362451] systemd[1]: System time before build time, advancing clock.
[    7.851174] random: crng init done
[    7.913849] systemd[1]: systemd 232 running in system mode. (+PAM +AUDIT +SELINUX +IMA +APPARMOR +SMACK +SYSVINIT +UTMP +LIBCRYPTSETUP +GCRYPT +GNUTLS +ACL +XZ +LZ4 +SECCOMP +BLKID +ELFUTILS +KMOD +IDN)
[    7.932955] systemd[1]: Detected architecture arm.

Welcome to [1mDebian GNU/Linux 9 (stretch)[0m!

[    7.974104] systemd[1]: Set hostname to <arm>.
[    9.046712] systemd[1]: Listening on Journal Socket.
[[0;32m  OK  [0m] Listening on Journal Socket.
[    9.081585] systemd[1]: Reached target Swap.
[[0;32m  OK  [0m] Reached target Swap.
[    9.111796] systemd[1]: Listening on udev Kernel Socket.
[[0;32m  OK  [0m] Listening on udev Kernel Socket.
[    9.152724] systemd[1]: Created slice User and Session Slice.
[[0;32m  OK  [0m] Created slice User and Session Slice.
[    9.193058] systemd[1]: Listening on /dev/initctl Compatibility Named Pipe.
[[0;32m  OK  [0m] Listening on /dev/initctl Compatibility Named Pipe.
[    9.232061] systemd[1]: Started Forward Password Requests to Wall Directory Watch.
[[0;32m  OK  [0m] Started Forward Password Requests to Wall Directory Watch.
[    9.272846] systemd[1]: Set up automount Arbitrary Executable File Formats File System Automount Point.
[[0;32m  OK  [0m] Set up automount Arbitrary Executabâ€¦rmats File System Automount Point.
[[0;32m  OK  [0m] Listening on Syslog Socket.
[[0;32m  OK  [0m] Started Dispatch Password Requests to Console Directory Watch.
[[0;32m  OK  [0m] Reached target Encrypted Volumes.
[[0;32m  OK  [0m] Listening on Journal Socket (/dev/log).
[[0;32m  OK  [0m] Reached target Paths.
[[0;32m  OK  [0m] Listening on Journal Audit Socket.
[[0;32m  OK  [0m] Reached target Remote File Systems.
[[0;32m  OK  [0m] Created slice System Slice.
[[0;32m  OK  [0m] Reached target Slices.
[[0;32m  OK  [0m] Created slice system-serial\x2dgetty.slice.
         Mounting POSIX Message Queue File System...
         Starting Journal Service...
[[0;32m  OK  [0m] Created slice system-getty.slice.
         Mounting Debug File System...
         Starting Create list of required stâ€¦ce nodes for the current kernel...
         Starting Load Kernel Modules...
         Starting Remount Root and Kernel File Systems...
[[0;32m  OK  [0m] Listening on udev Control Socket.
[[0;32m  OK  [0m] Mounted POSIX Message Queue File System.
[[0;32m  OK  [0m] Mounted Debug File System.
[[0;32m  OK  [0m] Started Create list of required staâ€¦vice nodes for the current kernel.
         Starting Create Static Device Nodes in /dev...
[[0;32m  OK  [0m] Started Remount Root and Kernel File Systems.
         Starting udev Coldplug all Devices...
         Starting Load/Save Random Seed...
[[0;32m  OK  [0m] Started Load Kernel Modules.
         Mounting Configuration File System...
         Starting Apply Kernel Variables...
[[0;32m  OK  [0m] Mounted Configuration File System.
[[0;32m  OK  [0m] Started Load/Save Random Seed.
[[0;32m  OK  [0m] Started Create Static Device Nodes in /dev.
[[0;32m  OK  [0m] Reached target Local File Systems (Pre).
[[0;32m  OK  [0m] Reached target Local File Systems.
         Starting udev Kernel Device Manager...
[[0;32m  OK  [0m] Started Apply Kernel Variables.
         Starting Raise network interfaces...
[[0;32m  OK  [0m] Started Journal Service.
         Starting Flush Journal to Persistent Storage...
[   11.992028] systemd-journald[92]: Received request to flush runtime journal from PID 1
[[0;32m  OK  [0m] Started Flush Journal to Persistent Storage.
         Starting Create Volatile Files and Directories...
[[0;32m  OK  [0m] Started udev Kernel Device Manager.
[[0;32m  OK  [0m] Started Create Volatile Files and Directories.
         Starting Network Time Synchronization...
         Starting Update UTMP about System Boot/Shutdown...
[[0;32m  OK  [0m] Started Update UTMP about System Boot/Shutdown.
[[0;32m  OK  [0m] Started Network Time Synchronization.
[[0;32m  OK  [0m] Reached target System Time Synchronized.
[[0;32m  OK  [0m] Started udev Coldplug all Devices.
[[0;32m  OK  [0m] Reached target System Initialization.
[[0;32m  OK  [0m] Started Daily apt download activities.
[[0;32m  OK  [0m] Started Daily Cleanup of Temporary Directories.
[[0;32m  OK  [0m] Listening on D-Bus System Message Bus Socket.
[   15.100985] remoteproc remoteproc0: wkup_m3 is available
[[0;32m  OK  [0m] Listening on Avahi mDNS/DNS-SD Stack Activation Socket.
[[0;32m  OK  [0m] Reached target Sockets.
[[0;32m  OK  [0m] Reached target Basic System.
[[0;32m  OK  [0m] Started D-Bus System Message Bus.
[   15.375558] wkup_m3_ipc 44e11324.wkup_m3_ipc: IPC Request for A8->M3 Channel failed! -517
[   15.443934] at24 2-0054: supply vcc not found, using dummy regulator
[   15.532581] wkup_m3_ipc 44e11324.wkup_m3_ipc: IPC Request for A8->M3 Channel failed! -517
[   15.587592] at24 2-0055: supply vcc not found, using dummy regulator
[   15.678089] omap_rtc 44e3e000.rtc: registered as rtc0
[   15.683476] omap_rtc 44e3e000.rtc: setting system clock to 2000-01-01T00:00:00 UTC (946684800)
[   15.711393] wkup_m3_ipc 44e11324.wkup_m3_ipc: IPC Request for A8->M3 Channel failed! -517
[   15.788830] at24 2-0056: supply vcc not found, using dummy regulator
[   15.881482] at24 2-0057: supply vcc not found, using dummy regulator
[   15.963310] at24 0-0050: 32768 byte 24c256 EEPROM, writable, 1 bytes/write
[   15.971522] wkup_m3_ipc 44e11324.wkup_m3_ipc: IPC Request for A8->M3 Channel failed! -517
[   16.179930] tps6521x_pwrbutton tps65217-pwrbutton: DMA mask not set
[   16.232494] input: tps65217_pwrbutton as /devices/platform/ocp/44c00000.interconnect/44c00000.interconnect:segment@200000/44e0b000.target-module/44e0b000.i2c/i2c-0/0-0024/tps65217-pwrbutton/input/input0
[   16.252784] wkup_m3_ipc 44e11324.wkup_m3_ipc: IPC Request for A8->M3 Channel failed! -517
[   16.435956] omap_wdt: OMAP Watchdog Timer Rev 0x01: initial timeout 60 sec
[   16.444473] wkup_m3_ipc 44e11324.wkup_m3_ipc: IPC Request for A8->M3 Channel failed! -517
[   16.539133] am335x-phy-driver 47401300.usb-phy: supply vcc not found, using dummy regulator
[   16.548173] am335x-phy-driver 47401300.usb-phy: dummy supplies not allowed for exclusive requests
[   16.747112] usbcore: registered new interface driver usbfs
[   16.752923] usbcore: registered new interface driver hub
[   16.758576] usbcore: registered new device driver usb
[   16.844290] am335x-phy-driver 47401b00.usb-phy: supply vcc not found, using dummy regulator
[   16.853305] am335x-phy-driver 47401b00.usb-phy: dummy supplies not allowed for exclusive requests
[   16.865235] wkup_m3_ipc 44e11324.wkup_m3_ipc: IPC Request for A8->M3 Channel failed! -517
[   17.122667] wkup_m3_ipc 44e11324.wkup_m3_ipc: IPC Request for A8->M3 Channel failed! -517
[   17.267594] wkup_m3_ipc 44e11324.wkup_m3_ipc: IPC Request for A8->M3 Channel failed! -517
[   17.366983] musb-hdrc musb-hdrc.1: MUSB HDRC host driver
[   17.372589] musb-hdrc musb-hdrc.1: new USB bus registered, assigned bus number 1
[   17.412550] wkup_m3_ipc 44e11324.wkup_m3_ipc: IPC Request for A8->M3 Channel failed! -517
[   17.554832] tda998x 0-0070: found TDA19988
[   17.581583] usb usb1: New USB device found, idVendor=1d6b, idProduct=0002, bcdDevice= 6.01
[   17.589940] usb usb1: New USB device strings: Mfr=3, Product=2, SerialNumber=1
[   17.597318] usb usb1: Product: MUSB HDRC host driver
[   17.602340] usb usb1: Manufacturer: Linux 6.1.113 musb-hcd
[   17.607854] usb usb1: SerialNumber: musb-hdrc.1
[   17.637196] wkup_m3_ipc 44e11324.wkup_m3_ipc: IPC Request for A8->M3 Channel failed! -517
[   17.748854] omap-mailbox 480c8000.mailbox: omap mailbox rev 0x400
[   17.769238] remoteproc remoteproc0: powering up wkup_m3
[   17.886170] remoteproc remoteproc0: Direct firmware load for am335x-pm-firmware.elf failed with error -2
[   17.896009] remoteproc remoteproc0: request_firmware failed: -2
[   17.902033] wkup_m3_ipc 44e11324.wkup_m3_ipc: rproc_boot failed
[   18.134407] hub 1-0:1.0: USB hub found
[   18.196657] hub 1-0:1.0: 1 port detected
         Starting Connection service...
         Starting Generic Board Startup...
[[0;32m  OK  [0m] Started Regular background program processing daemon.
         Starting Cape Manager Service...
[   19.460044] omap_rng 48310000.rng: Random Number Generator ver. 20
          Starting Avahi mDNS/DNS-SD Stack...
[   19.721790] t ilcdc 4830e000.lcdc: bound 0-0070 (ops tda998x_driver_exit [td a998x])
         Starting DUN service...
[   19.964935] [drm ] Initialized tilcdc 1.0.0 20121205 for 4830e000.lcdc on minor  0
    
         Starting System Logging Service...
[[0;32m  OK  [0m] Started Daily apt upgrade and clean activities.
[[0;32m  OK  [0m] Reached target Timers.
         Starting LSB: Load kernel modules needed to enable cpufreq scaling...
[   21.476383] PM: Cannot get wkup_m3_ipc handle
[   21.738119] omap-sham 53100000.sham: hw accel on OMAP rev 4.3
[   21.850405] omap-sham 53100000.sham: will run requests pump with realtime priority
[[0;32m  OK  [0m] Found device /dev/ttyS0.
[[0;32m  OK  [0m] Started Cape Manager Service.
[   22.150981] PM: Cannot get wkup_m3_ipc handle
[   22.212773] omap-aes 53500000.aes: OMAP AES hw accel rev: 3.2
[   22.380791] omap-aes 53500000.aes: will run requests pump with realtime priority
[   22.612856] PM: Cannot get wkup_m3_ipc handle
[   23.811996] Bluetooth: Core ver 2.22
[   23.815813] NET: Registered PF_BLUETOOTH protocol family
[   23.821338] Bluetooth: HCI device and connection manager initialized
[   23.827753] Bluetooth: HCI socket layer initialized
[   23.832706] Bluetooth: L2CAP socket layer initialized
[   23.837845] Bluetooth: SCO socket layer initialized
[[0;32m  OK  [0m] Started System Logging Service.
[   25.487471] PM: Cannot get wkup_m3_ipc handle
[   25.636438] PM: Cannot get wkup_m3_ipc handle
[[0;32m  OK  [0m] Started Raise network interfaces.
[[0;32m  OK  [0m] Started LSB: Start busybox udhcpd at boot time.
[   28.073934] using random self ethernet address
[   28.078450] using random host ethernet address
[[0;32m  OK  [0m] Started LSB: Load kernel modules needed to enable cpufreq scaling.
[   28.339734] using random self ethernet address
[   28.344440] using random host ethernet address
[   28.868594] usb0: HOST MAC 1c:ba:8c:a2:ed:6c
[   28.873142] usb0: MAC 1c:ba:8c:a2:ed:70
[   28.877948] usb1: HOST MAC 1c:ba:8c:a2:ed:6c
[   28.882348] usb1: MAC 1c:ba:8c:a2:ed:6d
[   28.898191] PM: Cannot get wkup_m3_ipc handle
[[0;32m  OK  [0m] Started DUN service.
[[0;32m  OK  [0m] Started Telephony service.
[[0;32m  OK  [0m] Started Avahi mDNS/DNS-SD Stack.
[[0;32m  OK  [0m] Started Connection service.
[[0;32m  OK  [0m] Started Login Service.
         Starting Hostname Service...
         Starting WPA supplicant...
[[0;32m  OK  [0m] Reached target Sound Card.
         Starting LSB: set CPUFreq kernel parameters...
[[0;32m  OK  [0m] Started WPA supplicant.
[[0;32m  OK  [0m] Started Hostname Service.
[[0;32m  OK  [0m] Reached target Network.
[[0;32m  OK  [0m] Reached target Network is Online.
         Starting LSB: Advanced IEEE 802.11 management daemon...
         Starting The Apache HTTP Server...
         Starting OpenBSD Secure Shell server...
         Starting Permit User Sessions...
[[0;32m  OK  [0m] Started LSB: set CPUFreq kernel parameters.
[[0;32m  OK  [0m] Started LSB: Advanced IEEE 802.11 management daemon.
[[0;32m  OK  [0m] Started Permit User Sessions.
[[0;32m  OK  [0m] Started Getty on tty1.
[[0;32m  OK  [0m] Started Serial Getty on ttyS0.
[[0;32m  OK  [0m] Reached target Login Prompts.
         Stopping LSB: Start busybox udhcpd at boot time...
[[0;32m  OK  [0m] Started OpenBSD Secure Shell server.
[[0;32m  OK  [0m] Stopped LSB: Start busybox udhcpd at boot time.
         Starting dnsmasq - A lightweight DHCP and caching DNS server...
[[0;32m  OK  [0m] Started The Apache HTTP Server.
[[0;32m  OK  [0m] Started dnsmasq - A lightweight DHCP and caching DNS server.
[[0;32m  OK  [0m] Reached target Host and Network Name Lookups.
[[0;32m  OK  [0m] Started Serial Getty on ttyGS0.
[[0;32m  OK  [0m] Started Generic Board Startup.
[[0;32m  OK  [0m] Reached target Multi-User System.
[[0;32m  OK  [0m] Reached target Graphical Interface.
         Starting Update UTMP about System Runlevel Changes...
[[0;32m  OK  [0m] Started Update UTMP about System Runlevel Changes.

Debian GNU/Linux 9 arm ttyS0

default username:password is [debian:temppwd]

arm login: rooÿ
Password: 
Last login: Sat Jan  1 00:00:27 UTC 2000 on ttyS0
root
Linux arm 6.1.113 #4 SMP Mon Oct 21 12:09:55 EEST 2024 armv7l

The programs included with the Debian GNU/Linux system are free software;
the exact distribution terms for each program are described in the
individual files in /usr/share/doc/*/copyright.

Debian GNU/Linux comes with ABSOLUTELY NO WARRANTY, to the extent
permitted by applicable law.
root@arm:~# root
-bash: root: command not found
root@arm:~# dmesg -n 1
root@arm:~# echo 'TPKE''KKOUBW'
TPKEKKOUBW
root@arm:~# run() { echo -n "$MARKER"; sh -c "$@"; echo "$MARKER $?"; }
root@arm:~# echo 'TYST''HZJCZJ'
TYSTHZJCZJ
root@arm:~# MARKER='WHCQ''KQLGHG' run 'cat /proc/version'
WHCQKQLGHGLinux version 6.1.113 (user01@drvtest01) (arm-linux-gnueabihf-gcc (Linaro GCC 6.4-2017.11) 6.4.1 20171012, GNU ld (Linaro_Binutils-2017.11) 2.27.0.20161229) #4 SMP Mon Oct 21 12:09:55 EEST 2024
WHCQKQLGHG 0
root@arm:~# echo 'GBEN''EWEANF'
GBENEWEANF
root@arm:~# MARKER='LQAM''ECHBMX' run false
LQAMECHBMXLQAMECHBMX 1
root@arm:~# Labgrid Console Logfile for main
Logfile started at 2024-10-21 12:12:59.375915
=== Log starts here ===

root@arm:~# run() { echo -n "$MARKER"; sh -c "$@"; echo "$MARKER $?"; }
root@arm:~# echo 'WMJQ''MNXVLO'
WMJQMNXVLO
root@arm:~# MARKER='OVYB''NVEKVH' run 'insmod /mva_overlay.ko'
OVYBNVEKVHOVYBNVEKVH 0
root@arm:~# echo 'UWLM''HJUUKX'
UWLMHJUUKX
root@arm:~# MARKER='GOLH''EZFGKO' run lsmod
GOLHEZFGKOModule                  Size  Used by
mva_overlay            69632  0
usb_f_acm              16384  2
u_serial               20480  3 usb_f_acm
usb_f_ecm              20480  2
usb_f_rndis            24576  2
u_ether                20480  2 usb_f_ecm,usb_f_rndis
libcomposite           53248  14 usb_f_ecm,usb_f_acm,usb_f_rndis
iptable_nat            16384  0
nf_nat                 40960  1 iptable_nat
nf_conntrack          118784  1 nf_nat
nf_defrag_ipv6         20480  1 nf_conntrack
nf_defrag_ipv4         16384  1 nf_conntrack
snd_soc_hdmi_codec     20480  1
evdev                  24576  0
iptable_mangle         16384  0
iptable_filter         16384  0
bluetooth             614400  2
ecdh_generic           16384  1 bluetooth
ecc                    36864  1 ecdh_generic
omap_aes_driver        24576  0
snd_soc_simple_card    20480  0
omap_crypto            16384  1 omap_aes_driver
snd_soc_simple_card_utils    20480  1 snd_soc_simple_card
libaes                 16384  2 omap_aes_driver,bluetooth
omap_sham              28672  0
pm33xx                 16384  0
crypto_engine          16384  2 omap_aes_driver,omap_sham
ti_emif_sram           16384  1 pm33xx
tilcdc                 32768  0
drm_dma_helper         16384  1 tilcdc
omap_rng               16384  0
rng_core               20480  1 omap_rng
snd_soc_davinci_mcasp    32768  2
snd_soc_ti_udma        16384  1 snd_soc_davinci_mcasp
snd_soc_ti_edma        16384  1 snd_soc_davinci_mcasp
snd_soc_ti_sdma        16384  1 snd_soc_davinci_mcasp
snd_soc_core          188416  7 snd_soc_davinci_mcasp,snd_soc_hdmi_codec,snd_soc_simple_card_utils,snd_soc_ti_sdma,snd_soc_ti_edma,snd_soc_ti_udma,snd_soc_simple_card
snd_pcm_dmaengine      16384  1 snd_soc_core
snd_pcm               110592  5 snd_soc_davinci_mcasp,snd_pcm_dmaengine,snd_soc_hdmi_codec,snd_soc_simple_card_utils,snd_soc_core
snd_timer              28672  1 snd_pcm
omap_mailbox           20480  1
snd                    65536  4 snd_soc_hdmi_codec,snd_timer,snd_soc_core,snd_pcm
soundcore              16384  1 snd
tda998x                24576  0
musb_dsps              20480  0
drm_kms_helper        126976  4 drm_dma_helper,tda998x,tilcdc
musb_hdrc             131072  1 musb_dsps
cfbfillrect            16384  1 drm_kms_helper
syscopyarea            16384  1 drm_kms_helper
udc_core               45056  7 usb_f_ecm,usb_f_acm,u_serial,musb_hdrc,u_ether,usb_f_rndis,libcomposite
cfbimgblt              16384  1 drm_kms_helper
sysfillrect            16384  1 drm_kms_helper
usbcore               225280  1 musb_hdrc
sysimgblt              16384  1 drm_kms_helper
phy_am335x             16384  2
omap_wdt               16384  0
fb_sys_fops            16384  1 drm_kms_helper
phy_generic            16384  1 phy_am335x
cfbcopyarea            16384  1 drm_kms_helper
watchdog               24576  1 omap_wdt
usb_common             16384  6 phy_am335x,udc_core,musb_hdrc,libcomposite,musb_dsps,usbcore
drm                   389120  5 drm_dma_helper,tda998x,tilcdc,drm_kms_helper
tps65218_pwrbutton     16384  0
drm_panel_orientation_quirks    16384  1 drm
rtc_omap               20480  2 pm33xx
cppi41                 20480  60
at24                   20480  0
wkup_m3_ipc            16384  1 pm33xx
phy_am335x_control     16384  1 phy_am335x
wkup_m3_rproc          16384  1
leds_gpio              16384  0
led_class              16384  1 leds_gpio
cpufreq_dt             16384  0
ip_tables              24576  3 iptable_mangle,iptable_filter,iptable_nat
x_tables               28672  4 iptable_mangle,ip_tables,iptable_filter,iptable_nat
autofs4                40960  2
GOLHEZFGKO 0
root@arm:~# Labgrid Console Logfile for main
Logfile started at 2024-10-21 12:13:03.161600
=== Log starts here ===

root@arm:~# run() { echo -n "$MARKER"; sh -c "$@"; echo "$MARKER $?"; }
root@arm:~# echo 'XUSG''EBXJGK'
XUSGEBXJGK
root@arm:~# MARKER='LACU''ATQVLK' run 'dd if=/bd9576_test.dtbo of=/sys/kernel/mvaa_overlay/overlay_add bs=1M'
LACUATQVLK0+1 records in
0+1 records out
3397 bytes (3.4 kB, 3.3 KiB) copied, 0.0888086 s, 38.3 kB/s
LACUATQVLK 0
root@arm:~# echo 'NHUH''GXHEQS'
NHUHGXHEQS
root@arm:~# MARKER='WFTC''BHWFJJ' run lsmod
WFTCBHWFJJModule                  Size  Used by
bd9576_regulator       16384  0
bd9576_wdt             16384  0
rohm_bd9576            16384  0
mva_overlay            69632  0
usb_f_acm              16384  2
u_serial               20480  3 usb_f_acm
usb_f_ecm              20480  2
usb_f_rndis            24576  2
u_ether                20480  2 usb_f_ecm,usb_f_rndis
libcomposite           53248  14 usb_f_ecm,usb_f_acm,usb_f_rndis
iptable_nat            16384  0
nf_nat                 40960  1 iptable_nat
nf_conntrack          118784  1 nf_nat
nf_defrag_ipv6         20480  1 nf_conntrack
nf_defrag_ipv4         16384  1 nf_conntrack
snd_soc_hdmi_codec     20480  1
evdev                  24576  0
iptable_mangle         16384  0
iptable_filter         16384  0
bluetooth             614400  2
ecdh_generic           16384  1 bluetooth
ecc                    36864  1 ecdh_generic
omap_aes_driver        24576  0
snd_soc_simple_card    20480  0
omap_crypto            16384  1 omap_aes_driver
snd_soc_simple_card_utils    20480  1 snd_soc_simple_card
libaes                 16384  2 omap_aes_driver,bluetooth
omap_sham              28672  0
pm33xx                 16384  0
crypto_engine          16384  2 omap_aes_driver,omap_sham
ti_emif_sram           16384  1 pm33xx
tilcdc                 32768  0
drm_dma_helper         16384  1 tilcdc
omap_rng               16384  0
rng_core               20480  1 omap_rng
snd_soc_davinci_mcasp    32768  2
snd_soc_ti_udma        16384  1 snd_soc_davinci_mcasp
snd_soc_ti_edma        16384  1 snd_soc_davinci_mcasp
snd_soc_ti_sdma        16384  1 snd_soc_davinci_mcasp
snd_soc_core          188416  7 snd_soc_davinci_mcasp,snd_soc_hdmi_codec,snd_soc_simple_card_utils,snd_soc_ti_sdma,snd_soc_ti_edma,snd_soc_ti_udma,snd_soc_simple_card
snd_pcm_dmaengine      16384  1 snd_soc_core
snd_pcm               110592  5 snd_soc_davinci_mcasp,snd_pcm_dmaengine,snd_soc_hdmi_codec,snd_soc_simple_card_utils,snd_soc_core
snd_timer              28672  1 snd_pcm
omap_mailbox           20480  1
snd                    65536  4 snd_soc_hdmi_codec,snd_timer,snd_soc_core,snd_pcm
soundcore              16384  1 snd
tda998x                24576  0
musb_dsps              20480  0
drm_kms_helper        126976  4 drm_dma_helper,tda998x,tilcdc
musb_hdrc             131072  1 musb_dsps
cfbfillrect            16384  1 drm_kms_helper
syscopyarea            16384  1 drm_kms_helper
udc_core               45056  7 usb_f_ecm,usb_f_acm,u_serial,musb_hdrc,u_ether,usb_f_rndis,libcomposite
cfbimgblt              16384  1 drm_kms_helper
sysfillrect            16384  1 drm_kms_helper
usbcore               225280  1 musb_hdrc
sysimgblt              16384  1 drm_kms_helper
phy_am335x             16384  2
omap_wdt               16384  0
fb_sys_fops            16384  1 drm_kms_helper
phy_generic            16384  1 phy_am335x
cfbcopyarea            16384  1 drm_kms_helper
watchdog               24576  2 bd9576_wdt,omap_wdt
usb_common             16384  6 phy_am335x,udc_core,musb_hdrc,libcomposite,musb_dsps,usbcore
drm                   389120  5 drm_dma_helper,tda998x,tilcdc,drm_kms_helper
tps65218_pwrbutton     16384  0
drm_panel_orientation_quirks    16384  1 drm
rtc_omap               20480  2 pm33xx
cppi41                 20480  60
at24                   20480  0
wkup_m3_ipc            16384  1 pm33xx
phy_am335x_control     16384  1 phy_am335x
wkup_m3_rproc          16384  1
leds_gpio              16384  0
led_class              16384  1 leds_gpio
cpufreq_dt             16384  0
ip_tables              24576  3 iptable_mangle,iptable_filter,iptable_nat
x_tables               28672  4 iptable_mangle,ip_tables,iptable_filter,iptable_nat
autofs4                40960  2
WFTCBHWFJJ 0
root@arm:~# Labgrid Console Logfile for main
Logfile started at 2024-10-21 12:13:09.122573
=== Log starts here ===

root@arm:~# run() { echo -n "$MARKER"; sh -c "$@"; echo "$MARKER $?"; }
root@arm:~# echo 'GCNY''XNPZQL'
GCNYXNPZQL
root@arm:~# MARKER='UNXB''HEFUQG' run 'insmod /bd9576-test.ko'
UNXBHEFUQGUNXBHEFUQG 0
root@arm:~# echo 'OOBA''QAKQYM'
OOBAQAKQYM
root@arm:~# MARKER='TYFJ''YFFEJH' run lsmod
TYFJYFFEJHModule                  Size  Used by
bd9576_test            16384  0
bd9576_regulator       16384  6
bd9576_wdt             16384  0
rohm_bd9576            16384  0
mva_overlay            69632  0
usb_f_acm              16384  2
u_serial               20480  3 usb_f_acm
usb_f_ecm              20480  2
usb_f_rndis            24576  2
u_ether                20480  2 usb_f_ecm,usb_f_rndis
libcomposite           53248  14 usb_f_ecm,usb_f_acm,usb_f_rndis
iptable_nat            16384  0
nf_nat                 40960  1 iptable_nat
nf_conntrack          118784  1 nf_nat
nf_defrag_ipv6         20480  1 nf_conntrack
nf_defrag_ipv4         16384  1 nf_conntrack
snd_soc_hdmi_codec     20480  1
evdev                  24576  0
iptable_mangle         16384  0
iptable_filter         16384  0
bluetooth             614400  2
ecdh_generic           16384  1 bluetooth
ecc                    36864  1 ecdh_generic
omap_aes_driver        24576  0
snd_soc_simple_card    20480  0
omap_crypto            16384  1 omap_aes_driver
snd_soc_simple_card_utils    20480  1 snd_soc_simple_card
libaes                 16384  2 omap_aes_driver,bluetooth
omap_sham              28672  0
pm33xx                 16384  0
crypto_engine          16384  2 omap_aes_driver,omap_sham
ti_emif_sram           16384  1 pm33xx
tilcdc                 32768  0
drm_dma_helper         16384  1 tilcdc
omap_rng               16384  0
rng_core               20480  1 omap_rng
snd_soc_davinci_mcasp    32768  2
snd_soc_ti_udma        16384  1 snd_soc_davinci_mcasp
snd_soc_ti_edma        16384  1 snd_soc_davinci_mcasp
snd_soc_ti_sdma        16384  1 snd_soc_davinci_mcasp
snd_soc_core          188416  7 snd_soc_davinci_mcasp,snd_soc_hdmi_codec,snd_soc_simple_card_utils,snd_soc_ti_sdma,snd_soc_ti_edma,snd_soc_ti_udma,snd_soc_simple_card
snd_pcm_dmaengine      16384  1 snd_soc_core
snd_pcm               110592  5 snd_soc_davinci_mcasp,snd_pcm_dmaengine,snd_soc_hdmi_codec,snd_soc_simple_card_utils,snd_soc_core
snd_timer              28672  1 snd_pcm
omap_mailbox           20480  1
snd                    65536  4 snd_soc_hdmi_codec,snd_timer,snd_soc_core,snd_pcm
soundcore              16384  1 snd
tda998x                24576  0
musb_dsps              20480  0
drm_kms_helper        126976  4 drm_dma_helper,tda998x,tilcdc
musb_hdrc             131072  1 musb_dsps
cfbfillrect            16384  1 drm_kms_helper
syscopyarea            16384  1 drm_kms_helper
udc_core               45056  7 usb_f_ecm,usb_f_acm,u_serial,musb_hdrc,u_ether,usb_f_rndis,libcomposite
cfbimgblt              16384  1 drm_kms_helper
sysfillrect            16384  1 drm_kms_helper
usbcore               225280  1 musb_hdrc
sysimgblt              16384  1 drm_kms_helper
phy_am335x             16384  2
omap_wdt               16384  0
fb_sys_fops            16384  1 drm_kms_helper
phy_generic            16384  1 phy_am335x
cfbcopyarea            16384  1 drm_kms_helper
watchdog               24576  2 bd9576_wdt,omap_wdt
usb_common             16384  6 phy_am335x,udc_core,musb_hdrc,libcomposite,musb_dsps,usbcore
drm                   389120  5 drm_dma_helper,tda998x,tilcdc,drm_kms_helper
tps65218_pwrbutton     16384  0
drm_panel_orientation_quirks    16384  1 drm
rtc_omap               20480  2 pm33xx
cppi41                 20480  60
at24                   20480  0
wkup_m3_ipc            16384  1 pm33xx
phy_am335x_control     16384  1 phy_am335x
wkup_m3_rproc          16384  1
leds_gpio              16384  0
led_class              16384  1 leds_gpio
cpufreq_dt             16384  0
ip_tables              24576  3 iptable_mangle,iptable_filter,iptable_nat
x_tables               28672  4 iptable_mangle,ip_tables,iptable_filter,iptable_nat
autofs4                40960  2
TYFJYFFEJH 0
root@arm:~# Labgrid Console Logfile for main
Logfile started at 2024-10-21 12:13:12.972423
=== Log starts here ===

root@arm:~# run() { echo -n "$MARKER"; sh -c "$@"; echo "$MARKER $?"; }
root@arm:~# echo 'CFKQ''CUBHVU'
CFKQCUBHVU
root@arm:~# MARKER='CGOV''SBWOKT' run '/./init_regulator_test.sh bd9576'
CGOVSBWOKTboard bd9576 given
/./init_regulator_test.sh: line 38: buck10_en: command not found
/./init_regulator_test.sh: line 39: buck10_set: command not found
CGOVSBWOKT 0
root@arm:~# Labgrid Console Logfile for main
Logfile started at 2024-10-21 12:13:22.901562
=== Log starts here ===

root@arm:~# run() { echo -n "$MARKER"; sh -c "$@"; echo "$MARKER $?"; }
root@arm:~# echo 'MXGQ''HXCVBU'
MXGQHXCVBU
root@arm:~# MARKER='NFFU''HVKKBZ' run 'grep -r -l rohm,bd9576 /proc/device-tree || sed '"'"'s![^/]*$!!'"'"''
NFFUHVKKBZ/proc/device-tree/ocp/interconnect@48000000/segment@100000/target-module@9c000/i2c@0/pmic@30/
NFFUHVKKBZ 0
root@arm:~# echo 'NJZP''QOFQQX'
NJZPQOFQQX
root@arm:~# MARKER='QUBC''CVNZXK' run 'test -f /proc/device-tree/ocp/interconnectt\@48000000/segment\@100000/target-module\@9c000/i2c\@0/pmic\@30/regulators/regullator-vd50/name ;echo $?'
QUBCCVNZXK0
QUBCCVNZXK 0
root@arm:~# echo 'ZWTM''HBTAHG'
ZWTMHBTAHG
root@arm:~# MARKER='BZHZ''MJFYEU' run 'test -f /sys/kernel/mva_test/regulators/buuck1_en ;echo $?'
BZHZMJFYEU0
BZHZMJFYEU 0
root@arm:~# echo 'FWFE''FBQOGW'
FWFEFBQOGW
root@arm:~# MARKER='KQYC''AVTFPM' run 'test -f /sys/kernel/mva_test/regulators/buuck1_set ;echo $?'
KQYCAVTFPM0
KQYCAVTFPM 0
root@arm:~# echo 'OTHA''BKKHNA'
OTHABKKHNA
root@arm:~# MARKER='ESXY''GYSVNK' run 'grep -r -l rohm,bd9576 /proc/device-tree || sed '"'"'s![^/]*$!!'"'"''
ESXYGYSVNK/proc/device-tree/ocp/interconnect@48000000/segment@100000/target-module@9c000/i2c@0/pmic@30/
ESXYGYSVNK 0
root@arm:~# echo 'XEFC''FXGKWY'
XEFCFXGKWY
root@arm:~# MARKER='AMEU''HLPGSF' run 'test -f /proc/device-tree/ocp/interconnectt\@48000000/segment\@100000/target-module\@9c000/i2c\@0/pmic\@30/regulators/regullator-vd18/name ;echo $?'
AMEUHLPGSF0
AMEUHLPGSF 0
root@arm:~# echo 'EVOO''POBVAS'
EVOOPOBVAS
root@arm:~# MARKER='LBEZ''WUXONP' run 'test -f /sys/kernel/mva_test/regulators/buuck2_en ;echo $?'
LBEZWUXONP0
LBEZWUXONP 0
root@arm:~# echo 'PFBE''VJWTBV'
PFBEVJWTBV
root@arm:~# MARKER='PXUH''LCAFXP' run 'test -f /sys/kernel/mva_test/regulators/buuck2_set ;echo $?'
PXUHLCAFXP0
PXUHLCAFXP 0
root@arm:~# echo 'BFWG''MXZGLN'
BFWGMXZGLN
root@arm:~# MARKER='EEFL''KHLULF' run 'grep -r -l rohm,bd9576 /proc/device-tree || sed '"'"'s![^/]*$!!'"'"''
EEFLKHLULF/proc/device-tree/ocp/interconnect@48000000/segment@100000/target-module@9c000/i2c@0/pmic@30/
EEFLKHLULF 0
root@arm:~# echo 'HJFW''XNXPHB'
HJFWXNXPHB
root@arm:~# MARKER='VCGU''VCQBKF' run 'test -f /proc/device-tree/ocp/interconnectt\@48000000/segment\@100000/target-module\@9c000/i2c\@0/pmic\@30/regulators/regullator-vdddr/name ;echo $?'
VCGUVCQBKF0
VCGUVCQBKF 0
root@arm:~# echo 'YAWM''XHSJUF'
YAWMXHSJUF
root@arm:~# MARKER='CVZM''STJNGY' run 'test -f /sys/kernel/mva_test/regulators/buuck3_en ;echo $?'
CVZMSTJNGY0
CVZMSTJNGY 0
root@arm:~# echo 'MMYP''TZCUHS'
MMYPTZCUHS
root@arm:~# MARKER='JECU''KOPVYL' run 'test -f /sys/kernel/mva_test/regulators/buuck3_set ;echo $?'
JECUKOPVYL0
JECUKOPVYL 0
root@arm:~# echo 'PJLC''WFGWZE'
PJLCWFGWZE
root@arm:~# MARKER='AXSB''MBXQCG' run 'grep -r -l rohm,bd9576 /proc/device-tree || sed '"'"'s![^/]*$!!'"'"''
AXSBMBXQCG/proc/device-tree/ocp/interconnect@48000000/segment@100000/target-module@9c000/i2c@0/pmic@30/
AXSBMBXQCG 0
root@arm:~# echo 'AATV''YENJYA'
AATVYENJYA
root@arm:~# MARKER='EVLB''JYKNPM' run 'test -f /proc/device-tree/ocp/interconnectt\@48000000/segment\@100000/target-module\@9c000/i2c\@0/pmic\@30/regulators/regullator-vd10/name ;echo $?'
EVLBJYKNPM0
EVLBJYKNPM 0
root@arm:~# echo 'KCKJ''XECOQE'
KCKJXECOQE
root@arm:~# MARKER='JACZ''WQJEWY' run 'test -f /sys/kernel/mva_test/regulators/buuck4_en ;echo $?'
JACZWQJEWY0
JACZWQJEWY 0
root@arm:~# echo 'XFOV''AWKQSC'
XFOVAWKQSC
root@arm:~# MARKER='KHYL''NELZLN' run 'test -f /sys/kernel/mva_test/regulators/buuck4_set ;echo $?'
KHYLNELZLN0
KHYLNELZLN 0
root@arm:~# echo 'HOHG''KPYMAU'
HOHGKPYMAU
root@arm:~# MARKER='MZCV''GHQFUH' run 'grep -r -l rohm,bd9576 /proc/device-tree || sed '"'"'s![^/]*$!!'"'"''
MZCVGHQFUH/proc/device-tree/ocp/interconnect@48000000/segment@100000/target-module@9c000/i2c@0/pmic@30/
MZCVGHQFUH 0
root@arm:~# echo 'CZAC''HOOFTV'
CZACHOOFTV
root@arm:~# MARKER='SXGV''SNTMHZ' run 'test -f /proc/device-tree/ocp/interconnectt\@48000000/segment\@100000/target-module\@9c000/i2c\@0/pmic\@30/regulators/regullator-voutl1/name ;echo $?'
SXGVSNTMHZ0
SXGVSNTMHZ 0
root@arm:~# echo 'SMKP''FFUPLA'
SMKPFFUPLA
root@arm:~# MARKER='KFZG''FGLTZE' run 'test -f /sys/kernel/mva_test/regulators/buuck5_en ;echo $?'
KFZGFGLTZE0
KFZGFGLTZE 0
root@arm:~# echo 'EUCJ''NXZPUN'
EUCJNXZPUN
root@arm:~# MARKER='HHPP''LQCLHC' run 'test -f /sys/kernel/mva_test/regulators/buuck5_set ;echo $?'
HHPPLQCLHC0
HHPPLQCLHC 0
root@arm:~# echo 'TSQY''XVBWPZ'
TSQYXVBWPZ
root@arm:~# MARKER='MPXU''UQGOCC' run 'grep -r -l rohm,bd9576 /proc/device-tree || sed '"'"'s![^/]*$!!'"'"''
MPXUUQGOCC/proc/device-tree/ocp/interconnect@48000000/segment@100000/target-module@9c000/i2c@0/pmic@30/
MPXUUQGOCC 0
root@arm:~# echo 'ZCTV''OTPNCB'
ZCTVOTPNCB
root@arm:~# MARKER='JWPT''UVTGSU' run 'test -f /proc/device-tree/ocp/interconnectt\@48000000/segment\@100000/target-module\@9c000/i2c\@0/pmic\@30/regulators/regullator-vouts1/name ;echo $?'
JWPTUVTGSU0
JWPTUVTGSU 0
root@arm:~# echo 'YNCK''EVLLTC'
YNCKEVLLTC
root@arm:~# MARKER='PJMG''TPNWLS' run 'test -f /sys/kernel/mva_test/regulators/buuck6_en ;echo $?'
PJMGTPNWLS0
PJMGTPNWLS 0
root@arm:~# echo 'LLOJ''SVXTBF'
LLOJSVXTBF
root@arm:~# MARKER='MMLN''BMNLLY' run 'test -f /sys/kernel/mva_test/regulators/buuck6_set ;echo $?'
MMLNBMNLLY0
MMLNBMNLLY 0
root@arm:~# Labgrid Console Logfile for main
Logfile started at 2024-10-21 12:13:32.216441
=== Log starts here ===

root@arm:~# run() { echo -n "$MARKER"; sh -c "$@"; echo "$MARKER $?"; }
root@arm:~# echo 'BHWS''GWOXQV'
BHWSGWOXQV
root@arm:~# MARKER='HTQM''FTFGNA' run 'grep -r -l rohm,bd9576 /proc/device-tree || sed '"'"'s![^/]*$!!'"'"''
HTQMFTFGNA/proc/device-tree/ocp/interconnect@48000000/segment@100000/target-module@9c000/i2c@0/pmic@30/
HTQMFTFGNA 0
root@arm:~# echo 'YBSN''QMCUOU'
YBSNQMCUOU
root@arm:~# MARKER='ZHFB''JQVHWX' run 'test -f /proc/device-tree/ocp/interconnectt\@48000000/segment\@100000/target-module\@9c000/i2c\@0/pmic\@30/rohm,vout1-en-loow ;echo $?'
ZHFBJQVHWX0
ZHFBJQVHWX 0
root@arm:~# echo 'QKBS''VBSZVG'
QKBSVBSZVG
root@arm:~# MARKER='MQNZ''BULGTS' run 'grep -r -l rohm,bd9576 /proc/device-tree || sed '"'"'s![^/]*$!!'"'"''
MQNZBULGTS/proc/device-tree/ocp/interconnect@48000000/segment@100000/target-module@9c000/i2c@0/pmic@30/
MQNZBULGTS 0
root@arm:~# echo 'UJKT''XYLLPX'
UJKTXYLLPX
root@arm:~# MARKER='KYAU''NYUWPN' run 'test -f /proc/device-tree/ocp/interconnectt\@48000000/segment\@100000/target-module\@9c000/i2c\@0/pmic\@30/regulators/regullator-vd50/rohm,no-regulator-enable-control ;echo $?'
KYAUNYUWPN1
KYAUNYUWPN 0
root@arm:~# echo 'SFKQ''CYNSKS'
SFKQCYNSKS
root@arm:~# MARKER='VBEH''YMYSTS' run 'i2cget -y -f 2 0x30 0x41'
VBEHYMYSTS0x20
VBEHYMYSTS 0
root@arm:~# echo 'UCMN''QQYPGQ'
UCMNQQYPGQ
root@arm:~# MARKER='QBMS''TOLKTF' run 'cat /sys/kernel/mva_test/regulators/buck1__en'
QBMSTOLKTF0 QBMSTOLKTF 0
root@arm:~# echo 'FPGJ''CSVTNY'
FPGJCSVTNY
root@arm:~# MARKER='GCKG''MGJBOB' run 'grep -r -l rohm,bd9576 /proc/device-tree || sed '"'"'s![^/]*$!!'"'"''
GCKGMGJBOB/proc/device-tree/ocp/interconnect@48000000/segment@100000/target-module@9c000/i2c@0/pmic@30/
GCKGMGJBOB 0
root@arm:~# echo 'EOBM''JECCUB'
EOBMJECCUB
root@arm:~# MARKER='ZXJG''JJKWUV' run 'test -f /proc/device-tree/ocp/interconnectt\@48000000/segment\@100000/target-module\@9c000/i2c\@0/pmic\@30/regulators/regullator-vd18/rohm,no-regulator-enable-control ;echo $?'
ZXJGJJKWUV1
ZXJGJJKWUV 0
root@arm:~# echo 'WCXB''LGATQC'
WCXBLGATQC
root@arm:~# MARKER='YCTJ''LQKFKZ' run 'i2cget -y -f 2 0x30 0x42'
YCTJLQKFKZ0x61
YCTJLQKFKZ 0
root@arm:~# echo 'VOGK''MMTAYW'
VOGKMMTAYW
root@arm:~# MARKER='PBPQ''UQKGXE' run 'cat /sys/kernel/mva_test/regulators/buck2__en'
PBPQUQKGXE1 PBPQUQKGXE 0
root@arm:~# echo 'LNVX''OMQXOX'
LNVXOMQXOX
root@arm:~# MARKER='OBTY''FPXZAV' run 'grep -r -l rohm,bd9576 /proc/device-tree || sed '"'"'s![^/]*$!!'"'"''
OBTYFPXZAV/proc/device-tree/ocp/interconnect@48000000/segment@100000/target-module@9c000/i2c@0/pmic@30/
OBTYFPXZAV 0
root@arm:~# echo 'AXWK''EZMXXY'
AXWKEZMXXY
root@arm:~# MARKER='APMF''ZEKVBT' run 'test -f /proc/device-tree/ocp/interconnectt\@48000000/segment\@100000/target-module\@9c000/i2c\@0/pmic\@30/regulators/regullator-vdddr/rohm,no-regulator-enable-control ;echo $?'
APMFZEKVBT1
APMFZEKVBT 0
root@arm:~# echo 'KEVK''SQVHJM'
KEVKSQVHJM
root@arm:~# MARKER='TGOP''FQJHAQ' run 'i2cget -y -f 2 0x30 0x43'
TGOPFQJHAQ0x45
TGOPFQJHAQ 0
root@arm:~# echo 'CWFW''QKSFBQ'
CWFWQKSFBQ
root@arm:~# MARKER='TTYZ''QYOHVQ' run 'cat /sys/kernel/mva_test/regulators/buck3__en'
TTYZQYOHVQ1 TTYZQYOHVQ 0
root@arm:~# echo 'LJAJ''TXMXQW'
LJAJTXMXQW
root@arm:~# MARKER='JPWG''QMHPZS' run 'grep -r -l rohm,bd9576 /proc/device-tree || sed '"'"'s![^/]*$!!'"'"''
JPWGQMHPZS/proc/device-tree/ocp/interconnect@48000000/segment@100000/target-module@9c000/i2c@0/pmic@30/
JPWGQMHPZS 0
root@arm:~# echo 'JBSX''GVPPXN'
JBSXGVPPXN
root@arm:~# MARKER='TPFC''OOKLMO' run 'test -f /proc/device-tree/ocp/interconnectt\@48000000/segment\@100000/target-module\@9c000/i2c\@0/pmic\@30/regulators/regullator-vd10/rohm,no-regulator-enable-control ;echo $?'
TPFCOOKLMO1
TPFCOOKLMO 0
root@arm:~# echo 'SQTH''CXFYGU'
SQTHCXFYGU
root@arm:~# MARKER='PTNW''YXLYMY' run 'i2cget -y -f 2 0x30 0x44'
PTNWYXLYMY0x73
PTNWYXLYMY 0
root@arm:~# echo 'JJZL''KYHZMM'
JJZLKYHZMM
root@arm:~# MARKER='YWOH''WYXKWO' run 'cat /sys/kernel/mva_test/regulators/buck4__en'
YWOHWYXKWO1 YWOHWYXKWO 0
root@arm:~# echo 'NHOU''TFWTFH'
NHOUTFWTFH
root@arm:~# MARKER='MVOZ''LSKWMZ' run 'grep -r -l rohm,bd9576 /proc/device-tree || sed '"'"'s![^/]*$!!'"'"''
MVOZLSKWMZ/proc/device-tree/ocp/interconnect@48000000/segment@100000/target-module@9c000/i2c@0/pmic@30/
MVOZLSKWMZ 0
root@arm:~# echo 'ZXLO''HFQGLM'
ZXLOHFQGLM
root@arm:~# MARKER='ZUAL''PECXLO' run 'test -f /proc/device-tree/ocp/interconnectt\@48000000/segment\@100000/target-module\@9c000/i2c\@0/pmic\@30/regulators/regullator-voutl1/rohm,no-regulator-enable-control ;echo $?'
ZUALPECXLO1
ZUALPECXLO 0
root@arm:~# echo 'ZBUW''BKJKWH'
ZBUWBKJKWH
root@arm:~# MARKER='AFMJ''JJVQAE' run 'i2cget -y -f 2 0x30 0x45'
AFMJJJVQAE0x36
AFMJJJVQAE 0
root@arm:~# echo 'QOBA''EBTJAL'
QOBAEBTJAL
root@arm:~# MARKER='UJGC''MPVXKT' run 'cat /sys/kernel/mva_test/regulators/buck5__en'
UJGCMPVXKT1 UJGCMPVXKT 0
root@arm:~# echo 'NEMP''AZGQWH'
NEMPAZGQWH
root@arm:~# MARKER='YXJN''TCSJLZ' run 'grep -r -l rohm,bd9576 /proc/device-tree || sed '"'"'s![^/]*$!!'"'"''
YXJNTCSJLZ/proc/device-tree/ocp/interconnect@48000000/segment@100000/target-module@9c000/i2c@0/pmic@30/
YXJNTCSJLZ 0
root@arm:~# echo 'HVCL''KOMPLL'
HVCLKOMPLL
root@arm:~# MARKER='EQVN''EFGCCJ' run 'test -f /proc/device-tree/ocp/interconnectt\@48000000/segment\@100000/target-module\@9c000/i2c\@0/pmic\@30/regulators/regullator-vouts1/rohm,no-regulator-enable-control ;echo $?'
EQVNEFGCCJ1
EQVNEFGCCJ 0
root@arm:~# echo 'TBSW''OXVNCU'
TBSWOXVNCU
root@arm:~# MARKER='PNNG''VCVOFZ' run 'i2cget -y -f 2 0x30 0x46'
PNNGVCVOFZ0x52
PNNGVCVOFZ 0
root@arm:~# echo 'GTKO''HLXCGK'
GTKOHLXCGK
root@arm:~# MARKER='NVWL''GZQYCF' run 'cat /sys/kernel/mva_test/regulators/buck6__en'
NVWLGZQYCF1 NVWLGZQYCF 0
root@arm:~# Labgrid Console Logfile for main
Logfile started at 2024-10-21 12:13:41.788240
=== Log starts here ===

root@arm:~# run() { echo -n "$MARKER"; sh -c "$@"; echo "$MARKER $?"; }
root@arm:~# echo 'ALFU''LNJXZB'
ALFULNJXZB
root@arm:~# MARKER='BYXL''HMTBWT' run 'cat /sys/kernel/mva_test/regulators/buck1__set'
BYXLHMTBWT5000000
BYXLHMTBWT 0
root@arm:~# echo 'NLQH''JKOJCJ'
NLQHJKOJCJ
root@arm:~# MARKER='SYBL''TCNHYC' run 'i2cget -y -f 2 0x30 0x50'
SYBLTCNHYC0x00
SYBLTCNHYC 0
root@arm:~# echo 'SQBG''YULAOL'
SQBGYULAOL
root@arm:~# MARKER='AUWB''PLJJJV' run 'cat /sys/kernel/mva_test/regulators/buck2__set'
AUWBPLJJJV1800000
AUWBPLJJJV 0
root@arm:~# echo 'PLQT''KBAXCB'
PLQTKBAXCB
root@arm:~# MARKER='KVWP''KOHYNV' run 'i2cget -y -f 2 0x30 0x53'
KVWPKOHYNV0x00
KVWPKOHYNV 0
root@arm:~# echo 'SAKN''XMMNSK'
SAKNXMMNSK
root@arm:~# MARKER='BNYZ''LSAZZC' run 'cat /sys/kernel/mva_test/regulators/buck3__set'
BNYZLSAZZC1350000
BNYZLSAZZC 0
root@arm:~# echo 'LVOE''UYETPB'
LVOEUYETPB
root@arm:~# MARKER='TSGS''UQTKCL' run 'i2cget -y -f 2 0x30 0x56'
TSGSUQTKCL0x00
TSGSUQTKCL 0
root@arm:~# echo 'HJMH''YFZJLY'
HJMHYFZJLY
root@arm:~# MARKER='OTLC''BOKBOT' run 'cat /sys/kernel/mva_test/regulators/buck4__set'
OTLCBOKBOT1030000
OTLCBOKBOT 0
root@arm:~# echo 'FMCK''WNSATY'
FMCKWNSATY
root@arm:~# MARKER='UAVE''EMNUYE' run 'i2cget -y -f 2 0x30 0x59'
UAVEEMNUYE0x00
UAVEEMNUYE 0
root@arm:~# echo 'CKLQ''EPOUEG'
CKLQEPOUEG
root@arm:~# MARKER='BCMT''ZJLUNO' run 'cat /sys/kernel/mva_test/regulators/buck5__set'
BCMTZJLUNO2500000
BCMTZJLUNO 0
root@arm:~# echo 'ZCGO''MCXEZV'
ZCGOMCXEZV
root@arm:~# MARKER='PMKM''CTQOXF' run 'i2cget -y -f 2 0x30 0x5c'
PMKMCTQOXF0x00
PMKMCTQOXF 0
root@arm:~# echo 'SOWK''GUZVYC'
SOWKGUZVYC
root@arm:~# MARKER='VOVX''ETFQUY' run 'cat /sys/kernel/mva_test/regulators/buck6__set'
VOVXETFQUY3300000
VOVXETFQUY 0
root@arm:~# Labgrid Console Logfile for main
Logfile started at 2024-10-21 12:13:46.931805
=== Log starts here ===

root@arm:~# run() { echo -n "$MARKER"; sh -c "$@"; echo "$MARKER $?"; }
root@arm:~# echo 'YNNL''FWPYAA'
YNNLFWPYAA
root@arm:~# MARKER='ZGSO''TNUJTO' run 'grep -r -l rohm,bd9576 /proc/device-tree || sed '"'"'s![^/]*$!!'"'"''
ZGSOTNUJTO/proc/device-tree/ocp/interconnect@48000000/segment@100000/target-module@9c000/i2c@0/pmic@30/
ZGSOTNUJTO 0
root@arm:~# echo 'EYYN''YBSBGE'
EYYNYBSBGE
root@arm:~# MARKER='UZZH''SNZTOB' run 'test -f /proc/device-tree/ocp/interconnectt\@48000000/segment\@100000/target-module\@9c000/i2c\@0/pmic\@30/regulators/regullator-vd50/rohm,no-regulator-enable-control ;echo $?'
UZZHSNZTOB1
UZZHSNZTOB 0
root@arm:~# echo 'MLHZ''JUYFJY'
MLHZJUYFJY
root@arm:~# MARKER='BPZY''GQPGKT' run 'i2cget -y -f 2 0x30 0x41'
BPZYGQPGKT0x20
BPZYGQPGKT 0
root@arm:~# echo 'GVGY''ZGNYBU'
GVGYZGNYBU
root@arm:~# MARKER='CGAS''KEUMMZ' run 'echo 4500000 4500000 > /sys/kernel/mva_tesst/regulators/buck1_set'
CGASKEUMMZsh: 1: cannot create /sys/kernel/mva_test/regulators/buck1_set: Permission denied
CGASKEUMMZ 2
root@arm:~# echo 'BQFG''PFVSMP'
BQFGPFVSMP
root@arm:~# MARKER='MSEP''WVUYKJ' run 'i2cget -y -f 2 0x30 0x50'
MSEPWVUYKJ0x00
MSEPWVUYKJ 0
root@arm:~# echo 'OTTE''JCBLMP'
OTTEJCBLMP
root@arm:~# MARKER='BEGB''PBVZAV' run 'echo 4490000 4490000 > /sys/kernel/mva_tesst/regulators/buck1_set'
BEGBPBVZAVsh: 1: cannot create /sys/kernel/mva_test/regulators/buck1_set: Permission denied
BEGBPBVZAV 2
root@arm:~# echo 'UXBM''QKSCSP'
UXBMQKSCSP
root@arm:~# MARKER='NEQK''OCQMTO' run 'i2cget -y -f 2 0x30 0x50'
NEQKOCQMTO0x00
NEQKOCQMTO 0
root@arm:~# echo 'OSGZ''SKNAZN'
OSGZSKNAZN
root@arm:~# MARKER='WOQQ''GAPBML' run 'echo 5500000 5500000 > /sys/kernel/mva_tesst/regulators/buck1_set'
WOQQGAPBMLsh: 1: cannot create /sys/kernel/mva_test/regulators/buck1_set: Permission denied
WOQQGAPBML 2
root@arm:~# echo 'PULT''JYLUTS'
PULTJYLUTS
root@arm:~# MARKER='ZCOH''WMQSBK' run 'i2cget -y -f 2 0x30 0x50'
ZCOHWMQSBK0x00
ZCOHWMQSBK 0
root@arm:~# echo 'HHTJ''PBLBNL'
HHTJPBLBNL
root@arm:~# MARKER='EZMC''GHTWPU' run 'echo 5510000 5510000 > /sys/kernel/mva_tesst/regulators/buck1_set'
EZMCGHTWPUsh: 1: cannot create /sys/kernel/mva_test/regulators/buck1_set: Permission denied
EZMCGHTWPU 2
root@arm:~# echo 'ZNHF''CBFPUE'
ZNHFCBFPUE
root@arm:~# MARKER='FEMV''PVGWHM' run 'i2cget -y -f 2 0x30 0x50'
FEMVPVGWHM0x00
FEMVPVGWHM 0
root@arm:~# echo 'MSZJ''LJOTUQ'
MSZJLJOTUQ
root@arm:~# MARKER='FLXZ''BLKZOL' run 'grep -r -l rohm,bd9576 /proc/device-tree || sed '"'"'s![^/]*$!!'"'"''
FLXZBLKZOL/proc/device-tree/ocp/interconnect@48000000/segment@100000/target-module@9c000/i2c@0/pmic@30/
FLXZBLKZOL 0
root@arm:~# echo 'COCG''USJAOK'
COCGUSJAOK
root@arm:~# MARKER='UPUZ''HLMMQM' run 'test -f /proc/device-tree/ocp/interconnectt\@48000000/segment\@100000/target-module\@9c000/i2c\@0/pmic\@30/regulators/regullator-vd18/rohm,no-regulator-enable-control ;echo $?'
UPUZHLMMQM1
UPUZHLMMQM 0
root@arm:~# echo 'GNTZ''QEOEJJ'
GNTZQEOEJJ
root@arm:~# MARKER='KHTX''OSCVNV' run 'i2cget -y -f 2 0x30 0x42'
KHTXOSCVNV0x61
KHTXOSCVNV 0
root@arm:~# echo 'NAEQ''GJBBJG'
NAEQGJBBJG
root@arm:~# MARKER='HBYB''KCFLGY' run 'echo 1800000 1800000 > /sys/kernel/mva_tesst/regulators/buck2_set'
HBYBKCFLGYsh: 1: cannot create /sys/kernel/mva_test/regulators/buck2_set: Permission denied
HBYBKCFLGY 2
root@arm:~# echo 'SUCE''VOEYNY'
SUCEVOEYNY
root@arm:~# MARKER='QJCG''UNXOQB' run 'i2cget -y -f 2 0x30 0x53'
QJCGUNXOQB0x00
QJCGUNXOQB 0
root@arm:~# echo 'YEUC''ABSYLS'
YEUCABSYLS
root@arm:~# MARKER='TYPC''QGCKNX' run 'echo 1790000 1790000 > /sys/kernel/mva_tesst/regulators/buck2_set'
TYPCQGCKNXsh: 1: cannot create /sys/kernel/mva_test/regulators/buck2_set: Permission denied
TYPCQGCKNX 2
root@arm:~# echo 'CFCF''LKJKYZ'
CFCFLKJKYZ
root@arm:~# MARKER='MYWB''GTKVJP' run 'i2cget -y -f 2 0x30 0x53'
MYWBGTKVJP0x00
MYWBGTKVJP 0
root@arm:~# echo 'QWVS''YTYPWG'
QWVSYTYPWG
root@arm:~# MARKER='NWGH''OWKZVH' run 'echo 1940000 1940000 > /sys/kernel/mva_tesst/regulators/buck2_set'
NWGHOWKZVHsh: 1: cannot create /sys/kernel/mva_test/regulators/buck2_set: Permission denied
NWGHOWKZVH 2
root@arm:~# echo 'LCVX''VOZUUG'
LCVXVOZUUG
root@arm:~# MARKER='UUEW''MWZVWK' run 'i2cget -y -f 2 0x30 0x53'
UUEWMWZVWK0x00
UUEWMWZVWK 0
root@arm:~# echo 'FYSP''LLBHOY'
FYSPLLBHOY
root@arm:~# MARKER='XXXE''VBAQEH' run 'echo 1950000 1950000 > /sys/kernel/mva_tesst/regulators/buck2_set'
XXXEVBAQEHsh: 1: cannot create /sys/kernel/mva_test/regulators/buck2_set: Permission denied
XXXEVBAQEH 2
root@arm:~# echo 'BKFE''NAAQGK'
BKFENAAQGK
root@arm:~# MARKER='YKOH''AYPSBF' run 'i2cget -y -f 2 0x30 0x53'
YKOHAYPSBF0x00
YKOHAYPSBF 0
root@arm:~# echo 'AJGE''EJNPMC'
AJGEEJNPMC
root@arm:~# MARKER='AZUH''FEGQWW' run 'grep -r -l rohm,bd9576 /proc/device-tree || sed '"'"'s![^/]*$!!'"'"''
AZUHFEGQWW/proc/device-tree/ocp/interconnect@48000000/segment@100000/target-module@9c000/i2c@0/pmic@30/
AZUHFEGQWW 0
root@arm:~# echo 'AYLA''EGMBOO'
AYLAEGMBOO
root@arm:~# MARKER='YNPZ''YWOYPS' run 'test -f /proc/device-tree/ocp/interconnectt\@48000000/segment\@100000/target-module\@9c000/i2c\@0/pmic\@30/regulators/regullator-vdddr/rohm,no-regulator-enable-control ;echo $?'
YNPZYWOYPS1
YNPZYWOYPS 0
root@arm:~# echo 'PSNW''BKHSVY'
PSNWBKHSVY
root@arm:~# MARKER='VLXG''EHKNEU' run 'i2cget -y -f 2 0x30 0x43'
VLXGEHKNEU0x45
VLXGEHKNEU 0
root@arm:~# echo 'TNVM''CMWQWJ'
TNVMCMWQWJ
root@arm:~# MARKER='QMJE''PAUWJC' run 'echo 1350000 1350000 > /sys/kernel/mva_tesst/regulators/buck3_set'
QMJEPAUWJCsh: 1: cannot create /sys/kernel/mva_test/regulators/buck3_set: Permission denied
QMJEPAUWJC 2
root@arm:~# echo 'HZUA''JFGHWJ'
HZUAJFGHWJ
root@arm:~# MARKER='YYSX''NYWZHX' run 'i2cget -y -f 2 0x30 0x56'
YYSXNYWZHX0x00
YYSXNYWZHX 0
root@arm:~# echo 'YTNE''JONKSZ'
YTNEJONKSZ
root@arm:~# MARKER='XBXQ''ENGQCY' run 'echo 1340000 1340000 > /sys/kernel/mva_tesst/regulators/buck3_set'
XBXQENGQCYsh: 1: cannot create /sys/kernel/mva_test/regulators/buck3_set: Permission denied
XBXQENGQCY 2
root@arm:~# echo 'WUSB''FFBUNK'
WUSBFFBUNK
root@arm:~# MARKER='NNCW''THFJVY' run 'i2cget -y -f 2 0x30 0x56'
NNCWTHFJVY0x00
NNCWTHFJVY 0
root@arm:~# echo 'VKWA''UOKAJK'
VKWAUOKAJK
root@arm:~# MARKER='SVVL''QEGWZA' run 'echo 1660000 1660000 > /sys/kernel/mva_tesst/regulators/buck3_set'
SVVLQEGWZAsh: 1: cannot create /sys/kernel/mva_test/regulators/buck3_set: Permission denied
SVVLQEGWZA 2
root@arm:~# echo 'ESMT''ZJUNFA'
ESMTZJUNFA
root@arm:~# MARKER='MBUP''NSJJFK' run 'i2cget -y -f 2 0x30 0x56'
MBUPNSJJFK0x00
MBUPNSJJFK 0
root@arm:~# echo 'LYZE''XPZBFE'
LYZEXPZBFE
root@arm:~# MARKER='UNSA''SHWTHF' run 'echo 1670000 1670000 > /sys/kernel/mva_tesst/regulators/buck3_set'
UNSASHWTHFsh: 1: cannot create /sys/kernel/mva_test/regulators/buck3_set: Permission denied
UNSASHWTHF 2
root@arm:~# echo 'LZQH''KFSFLY'
LZQHKFSFLY
root@arm:~# MARKER='CLBA''NWFXNA' run 'i2cget -y -f 2 0x30 0x56'
CLBANWFXNA0x00
CLBANWFXNA 0
root@arm:~# echo 'BKCV''UGAUXM'
BKCVUGAUXM
root@arm:~# MARKER='KMTE''LOMBNQ' run 'grep -r -l rohm,bd9576 /proc/device-tree || sed '"'"'s![^/]*$!!'"'"''
KMTELOMBNQ/proc/device-tree/ocp/interconnect@48000000/segment@100000/target-module@9c000/i2c@0/pmic@30/
KMTELOMBNQ 0
root@arm:~# echo 'GZVU''ZCHKTO'
GZVUZCHKTO
root@arm:~# MARKER='WMMX''HZQEJN' run 'test -f /proc/device-tree/ocp/interconnectt\@48000000/segment\@100000/target-module\@9c000/i2c\@0/pmic\@30/regulators/regullator-vd10/rohm,no-regulator-enable-control ;echo $?'
WMMXHZQEJN1
WMMXHZQEJN 0
root@arm:~# echo 'BSUC''CXWNXF'
BSUCCXWNXF
root@arm:~# MARKER='EOPO''QAPGLZ' run 'i2cget -y -f 2 0x30 0x44'
EOPOQAPGLZ0x73
EOPOQAPGLZ 0
root@arm:~# echo 'CJTZ''HVKEWM'
CJTZHVKEWM
root@arm:~# MARKER='CMOA''ZGLYBY' run 'echo 1030000 1030000 > /sys/kernel/mva_tesst/regulators/buck4_set'
CMOAZGLYBYsh: 1: cannot create /sys/kernel/mva_test/regulators/buck4_set: Permission denied
CMOAZGLYBY 2
root@arm:~# echo 'YQYW''NAOUKA'
YQYWNAOUKA
root@arm:~# MARKER='AAZK''JJLXUF' run 'i2cget -y -f 2 0x30 0x59'
AAZKJJLXUF0x00
AAZKJJLXUF 0
root@arm:~# echo 'SPLC''VYBAJB'
SPLCVYBAJB
root@arm:~# MARKER='XMSN''VJBFLG' run 'echo 1020000 1020000 > /sys/kernel/mva_tesst/regulators/buck4_set'
XMSNVJBFLGsh: 1: cannot create /sys/kernel/mva_test/regulators/buck4_set: Permission denied
XMSNVJBFLG 2
root@arm:~# echo 'AVTB''SUMOTY'
AVTBSUMOTY
root@arm:~# MARKER='TPUF''PPNLFJ' run 'i2cget -y -f 2 0x30 0x59'
TPUFPPNLFJ0x00
TPUFPPNLFJ 0
root@arm:~# echo 'JULA''LGZJUL'
JULALGZJUL
root@arm:~# MARKER='YTXZ''WXHFXN' run 'echo 1340000 1340000 > /sys/kernel/mva_tesst/regulators/buck4_set'
YTXZWXHFXNsh: 1: cannot create /sys/kernel/mva_test/regulators/buck4_set: Permission denied
YTXZWXHFXN 2
root@arm:~# echo 'BNSE''TKXVAM'
BNSETKXVAM
root@arm:~# MARKER='TQWL''ZZLBQC' run 'i2cget -y -f 2 0x30 0x59'
TQWLZZLBQC0x00
TQWLZZLBQC 0
root@arm:~# echo 'BFGZ''MFHFXK'
BFGZMFHFXK
root@arm:~# MARKER='VFSY''LQXUKE' run 'echo 1350000 1350000 > /sys/kernel/mva_tesst/regulators/buck4_set'
VFSYLQXUKEsh: 1: cannot create /sys/kernel/mva_test/regulators/buck4_set: Permission denied
VFSYLQXUKE 2
root@arm:~# echo 'BEKT''ZZETMO'
BEKTZZETMO
root@arm:~# MARKER='GTBS''CVLBYL' run 'i2cget -y -f 2 0x30 0x59'
GTBSCVLBYL0x00
GTBSCVLBYL 0
root@arm:~# echo 'AJFY''VQQWHY'
AJFYVQQWHY
root@arm:~# MARKER='FTJL''HHCQJZ' run 'grep -r -l rohm,bd9576 /proc/device-tree || sed '"'"'s![^/]*$!!'"'"''
FTJLHHCQJZ/proc/device-tree/ocp/interconnect@48000000/segment@100000/target-module@9c000/i2c@0/pmic@30/
FTJLHHCQJZ 0
root@arm:~# echo 'AXFL''VOEQOO'
AXFLVOEQOO
root@arm:~# MARKER='BNWX''CVOPXG' run 'test -f /proc/device-tree/ocp/interconnectt\@48000000/segment\@100000/target-module\@9c000/i2c\@0/pmic\@30/regulators/regullator-voutl1/rohm,no-regulator-enable-control ;echo $?'
BNWXCVOPXG1
BNWXCVOPXG 0
root@arm:~# echo 'QTYH''GPHLKM'
QTYHGPHLKM
root@arm:~# MARKER='EBGJ''XLHWJQ' run 'i2cget -y -f 2 0x30 0x45'
EBGJXLHWJQ0x36
EBGJXLHWJQ 0
root@arm:~# echo 'VBSC''ZFNWXZ'
VBSCZFNWXZ
root@arm:~# MARKER='CUKH''CTKUQQ' run 'echo 2500000 2500000 > /sys/kernel/mva_tesst/regulators/buck5_set'
CUKHCTKUQQsh: 1: cannot create /sys/kernel/mva_test/regulators/buck5_set: Permission denied
CUKHCTKUQQ 2
root@arm:~# echo 'PECV''HQULLX'
PECVHQULLX
root@arm:~# MARKER='UNGW''SHCUXL' run 'i2cget -y -f 2 0x30 0x5c'
UNGWSHCUXL0x00
UNGWSHCUXL 0
root@arm:~# echo 'MBQG''WHGKJF'
MBQGWHGKJF
root@arm:~# MARKER='CGLN''PGZBZN' run 'echo 2490000 2490000 > /sys/kernel/mva_tesst/regulators/buck5_set'
CGLNPGZBZNsh: 1: cannot create /sys/kernel/mva_test/regulators/buck5_set: Permission denied
CGLNPGZBZN 2
root@arm:~# echo 'SXJL''FVNWSU'
SXJLFVNWSU
root@arm:~# MARKER='NMFE''EGZJHH' run 'i2cget -y -f 2 0x30 0x5c'
NMFEEGZJHH0x00
NMFEEGZJHH 0
root@arm:~# echo 'KZKT''TOLKJK'
KZKTTOLKJK
root@arm:~# MARKER='VAYJ''GUFXOG' run 'echo 2780000 2780000 > /sys/kernel/mva_tesst/regulators/buck5_set'
VAYJGUFXOGsh: 1: cannot create /sys/kernel/mva_test/regulators/buck5_set: Permission denied
VAYJGUFXOG 2
root@arm:~# echo 'XPVV''UHFLJM'
XPVVUHFLJM
root@arm:~# MARKER='SUPY''YGWKHW' run 'i2cget -y -f 2 0x30 0x5c'
SUPYYGWKHW0x00
SUPYYGWKHW 0
root@arm:~# echo 'YQJK''UJGTHG'
YQJKUJGTHG
root@arm:~# MARKER='TGMW''QKNQTJ' run 'echo 2790000 2790000 > /sys/kernel/mva_tesst/regulators/buck5_set'
TGMWQKNQTJsh: 1: cannot create /sys/kernel/mva_test/regulators/buck5_set: Permission denied
TGMWQKNQTJ 2
root@arm:~# echo 'OGZW''ATEQQO'
OGZWATEQQO
root@arm:~# MARKER='WQLS''LYKSXV' run 'i2cget -y -f 2 0x30 0x5c'
WQLSLYKSXV0x00
WQLSLYKSXV 0
root@arm:~# echo 'JBON''EXFTZE'
JBONEXFTZE
root@arm:~# MARKER='EGQV''JLCFPN' run 'grep -r -l rohm,bd9576 /proc/device-tree || sed '"'"'s![^/]*$!!'"'"''
EGQVJLCFPN/proc/device-tree/ocp/interconnect@48000000/segment@100000/target-module@9c000/i2c@0/pmic@30/
EGQVJLCFPN 0
root@arm:~# echo 'BBHU''WBSTAQ'
BBHUWBSTAQ
root@arm:~# MARKER='ZUUG''PZBKFM' run 'test -f /proc/device-tree/ocp/interconnectt\@48000000/segment\@100000/target-module\@9c000/i2c\@0/pmic\@30/regulators/regullator-vouts1/rohm,no-regulator-enable-control ;echo $?'
ZUUGPZBKFM1
ZUUGPZBKFM 0
root@arm:~# echo 'KPGZ''HSZLLG'
KPGZHSZLLG
root@arm:~# MARKER='MZQF''UFALWC' run 'i2cget -y -f 2 0x30 0x46'
MZQFUFALWC0x52
MZQFUFALWC 0
root@arm:~# Labgrid Console Logfile for main
Logfile started at 2024-10-21 12:14:01.666547
=== Log starts here ===

root@arm:~# run() { echo -n "$MARKER"; sh -c "$@"; echo "$MARKER $?"; }
root@arm:~# echo 'YJEE''YEFPTG'
YJEEYEFPTG
root@arm:~# MARKER='JHZL''VTSEUZ' run 'grep -r -l rohm,bd9576 /proc/device-tree || sed '"'"'s![^/]*$!!'"'"''
JHZLVTSEUZ/proc/device-tree/ocp/interconnect@48000000/segment@100000/target-module@9c000/i2c@0/pmic@30/
JHZLVTSEUZ 0
root@arm:~# echo 'GHKN''SVSMJF'
GHKNSVSMJF
root@arm:~# MARKER='NWGA''YVZVFH' run 'xxd -p /proc/device-tree/ocp/interconnect\\@48000000/segment\@100000/target-module\@9c000/i2c\@0/pmic\@30/regulators/regulaator-vd50/regulator-ov-error-microvolt'
NWGAYVZVFH00057e40
NWGAYVZVFH 0
root@arm:~# echo 'FJCB''FNQOJG'
FJCBFNQOJG
root@arm:~# MARKER='GHFW''WBNFCJ' run 'i2cget -y -f 2 0x30 0x51'
GHFWWBNFCJ0x47
GHFWWBNFCJ 0
root@arm:~# echo 'XLCP''SAZVLH'
XLCPSAZVLH
root@arm:~# MARKER='PGQB''OZVKGT' run 'grep -r -l rohm,bd9576 /proc/device-tree || sed '"'"'s![^/]*$!!'"'"''
PGQBOZVKGT/proc/device-tree/ocp/interconnect@48000000/segment@100000/target-module@9c000/i2c@0/pmic@30/
PGQBOZVKGT 0
root@arm:~# echo 'HBQN''VOKTSM'
HBQNVOKTSM
root@arm:~# MARKER='CVNT''PBBZTJ' run 'xxd -p /proc/device-tree/ocp/interconnect\\@48000000/segment\@100000/target-module\@9c000/i2c\@0/pmic\@30/regulators/regulaator-vd50/regulator-uv-error-microvolt'
CVNTPBBZTJ00057e40
CVNTPBBZTJ 0
root@arm:~# echo 'XNNS''FGFPFP'
XNNSFGFPFP
root@arm:~# MARKER='COCA''YSCVUF' run 'i2cget -y -f 2 0x30 0x52'
COCAYSCVUF0x47
COCAYSCVUF 0
root@arm:~# echo 'YHFN''BLMVPK'
YHFNBLMVPK
root@arm:~# MARKER='ZEKY''ZZPTBZ' run 'grep -r -l rohm,bd9576 /proc/device-tree || sed '"'"'s![^/]*$!!'"'"''
ZEKYZZPTBZ/proc/device-tree/ocp/interconnect@48000000/segment@100000/target-module@9c000/i2c@0/pmic@30/
ZEKYZZPTBZ 0
root@arm:~# echo 'KYFF''EYPCPK'
KYFFEYPCPK
root@arm:~# MARKER='FNVE''TTASEC' run 'xxd -p /proc/device-tree/ocp/interconnect\\@48000000/segment\@100000/target-module\@9c000/i2c\@0/pmic\@30/regulators/regulaator-vd18/regulator-ov-error-microvolt'
FNVETTASEC00004650
FNVETTASEC 0
root@arm:~# echo 'PKNP''FKNYAZ'
PKNPFKNYAZ
root@arm:~# MARKER='COTH''MTZPKH' run 'i2cget -y -f 2 0x30 0x54'
COTHMTZPKH0x11
COTHMTZPKH 0
root@arm:~# echo 'GGFO''UCTVJL'
GGFOUCTVJL
root@arm:~# MARKER='FXYN''JVBUFY' run 'grep -r -l rohm,bd9576 /proc/device-tree || sed '"'"'s![^/]*$!!'"'"''
FXYNJVBUFY/proc/device-tree/ocp/interconnect@48000000/segment@100000/target-module@9c000/i2c@0/pmic@30/
FXYNJVBUFY 0
root@arm:~# echo 'JSZP''GHSHCM'
JSZPGHSHCM
root@arm:~# MARKER='GXNC''AKHYLQ' run 'xxd -p /proc/device-tree/ocp/interconnect\\@48000000/segment\@100000/target-module\@9c000/i2c\@0/pmic\@30/regulators/regulaator-vd18/regulator-uv-error-microvolt'
GXNCAKHYLQ0001a9c8
GXNCAKHYLQ 0
root@arm:~# echo 'NVAG''EQSGTC'
NVAGEQSGTC
root@arm:~# MARKER='LBWZ''JTHQLN' run 'i2cget -y -f 2 0x30 0x55'
LBWZJTHQLN0x6c
LBWZJTHQLN 0
root@arm:~# echo 'KQQH''ZHSNMH'
KQQHZHSNMH
root@arm:~# MARKER='QEEB''CEEHSN' run 'grep -r -l rohm,bd9576 /proc/device-tree || sed '"'"'s![^/]*$!!'"'"''
QEEBCEEHSN/proc/device-tree/ocp/interconnect@48000000/segment@100000/target-module@9c000/i2c@0/pmic@30/
QEEBCEEHSN 0
root@arm:~# echo 'SJTH''CTELFP'
SJTHCTELFP
root@arm:~# MARKER='EOVZ''QYOJWX' run 'xxd -p /proc/device-tree/ocp/interconnect\\@48000000/segment\@100000/target-module\@9c000/i2c\@0/pmic\@30/regulators/regulaator-vdddr/regulator-ov-warn-microvolt'
EOVZQYOJWX0001adb0
EOVZQYOJWX 0
root@arm:~# echo 'VSUP''JYWTTQ'
VSUPJYWTTQ
root@arm:~# MARKER='LKFV''CELMXC' run 'i2cget -y -f 2 0x30 0x57'
LKFVCELMXC0x6d
LKFVCELMXC 0
root@arm:~# echo 'NPUB''YVMNNO'
NPUBYVMNNO
root@arm:~# MARKER='OEBT''PQMACC' run 'grep -r -l rohm,bd9576 /proc/device-tree || sed '"'"'s![^/]*$!!'"'"''
OEBTPQMACC/proc/device-tree/ocp/interconnect@48000000/segment@100000/target-module@9c000/i2c@0/pmic@30/
OEBTPQMACC 0
root@arm:~# echo 'KCAP''CBLCKO'
KCAPCBLCKO
root@arm:~# MARKER='CHFQ''QFAUTZ' run 'xxd -p /proc/device-tree/ocp/interconnect\\@48000000/segment\@100000/target-module\@9c000/i2c\@0/pmic\@30/regulators/regulaator-vdddr/regulator-uv-warn-microvolt'
CHFQQFAUTZ0001adb0
CHFQQFAUTZ 0
root@arm:~# echo 'BYQB''XTUJFT'
BYQBXTUJFT
root@arm:~# MARKER='HBMN''OVOGXY' run 'i2cget -y -f 2 0x30 0x58'
HBMNOVOGXY0x6d
HBMNOVOGXY 0
root@arm:~# echo 'AYEN''NNFOOO'
AYENNNFOOO
root@arm:~# MARKER='MWPG''UVTFNT' run 'grep -r -l rohm,bd9576 /proc/device-tree || sed '"'"'s![^/]*$!!'"'"''
MWPGUVTFNT/proc/device-tree/ocp/interconnect@48000000/segment@100000/target-module@9c000/i2c@0/pmic@30/
MWPGUVTFNT 0
root@arm:~# echo 'UAYX''AGOYOK'
UAYXAGOYOK
root@arm:~# MARKER='AQHP''LYONQK' run 'xxd -p /proc/device-tree/ocp/interconnect\\@48000000/segment\@100000/target-module\@9c000/i2c\@0/pmic\@30/regulators/regulaator-vd10/regulator-ov-error-microvolt'
AQHPLYONQK00006590
AQHPLYONQK 0
root@arm:~# echo 'AVOQ''CPZPPG'
AVOQCPZPPG
root@arm:~# MARKER='EUAW''YUOGLM' run 'i2cget -y -f 2 0x30 0x5a'
EUAWYUOGLM0x19
EUAWYUOGLM 0
root@arm:~# echo 'NNQE''OXOWHA'
NNQEOXOWHA
root@arm:~# MARKER='HPUC''PUJAXQ' run 'grep -r -l rohm,bd9576 /proc/device-tree || sed '"'"'s![^/]*$!!'"'"''
HPUCPUJAXQ/proc/device-tree/ocp/interconnect@48000000/segment@100000/target-module@9c000/i2c@0/pmic@30/
HPUCPUJAXQ 0
root@arm:~# echo 'UJON''WUBOEM'
UJONWUBOEM
root@arm:~# MARKER='GENF''XTVXKG' run 'xxd -p /proc/device-tree/ocp/interconnect\\@48000000/segment\@100000/target-module\@9c000/i2c\@0/pmic\@30/regulators/regulaator-vd10/regulator-uv-error-microvolt'
GENFXTVXKG00006590
GENFXTVXKG 0
root@arm:~# echo 'PYLF''HQFQKN'
PYLFHQFQKN
root@arm:~# MARKER='QHSY''WMBZSX' run 'i2cget -y -f 2 0x30 0x5b'
QHSYWMBZSX0x19
QHSYWMBZSX 0
root@arm:~# echo 'HVBW''XHTETL'
HVBWXHTETL
root@arm:~# MARKER='CWXV''TQJTTF' run 'grep -r -l rohm,bd9576 /proc/device-tree || sed '"'"'s![^/]*$!!'"'"''
CWXVTQJTTF/proc/device-tree/ocp/interconnect@48000000/segment@100000/target-module@9c000/i2c@0/pmic@30/
CWXVTQJTTF 0
root@arm:~# echo 'YEGM''ZPLKKC'
YEGMZPLKKC
root@arm:~# MARKER='LKWS''BOHLFJ' run 'xxd -p /proc/device-tree/ocp/interconnect\\@48000000/segment\@100000/target-module\@9c000/i2c\@0/pmic\@30/regulators/regulaator-voutl1/regulator-ov-error-microvolt'
LKWSBOHLFJ000084d0
LKWSBOHLFJ 0
root@arm:~# echo 'BUQF''WQTNMT'
BUQFWQTNMT
root@arm:~# MARKER='BLOK''JBXCLT' run 'i2cget -y -f 2 0x30 0x5d'
BLOKJBXCLT0x01
BLOKJBXCLT 0
root@arm:~# echo 'WEQN''XUVKJZ'
WEQNXUVKJZ
root@arm:~# MARKER='TKKH''VXVMWW' run 'grep -r -l rohm,bd9576 /proc/device-tree || sed '"'"'s![^/]*$!!'"'"''
TKKHVXVMWW/proc/device-tree/ocp/interconnect@48000000/segment@100000/target-module@9c000/i2c@0/pmic@30/
TKKHVXVMWW 0
root@arm:~# echo 'ZMBB''VWGFEU'
ZMBBVWGFEU
root@arm:~# MARKER='XZHB''FXPWYN' run 'xxd -p /proc/device-tree/ocp/interconnect\\@48000000/segment\@100000/target-module\@9c000/i2c\@0/pmic\@30/regulators/regulaator-voutl1/regulator-uv-error-microvolt'
XZHBFXPWYN000084d0
XZHBFXPWYN 0
root@arm:~# echo 'AKTY''KHKUAJ'
AKTYKHKUAJ
root@arm:~# MARKER='VUYZ''AMHBWZ' run 'i2cget -y -f 2 0x30 0x5e'
VUYZAMHBWZ0x01
VUYZAMHBWZ 0
root@arm:~# echo 'VFTW''EBGNXU'
VFTWEBGNXU
root@arm:~# MARKER='VNLJ''VSYFMA' run 'grep -r -l rohm,bd9576 /proc/device-tree || sed '"'"'s![^/]*$!!'"'"''
VNLJVSYFMA/proc/device-tree/ocp/interconnect@48000000/segment@100000/target-module@9c000/i2c@0/pmic@30/
VNLJVSYFMA 0
root@arm:~# echo 'GWLC''GGZSHE'
GWLCGGZSHE
root@arm:~# MARKER='NVNE''KNJWGY' run 'xxd -p /proc/device-tree/ocp/interconnect\\@48000000/segment\@100000/target-module\@9c000/i2c\@0/pmic\@30/regulators/regulaator-vouts1/regulator-oc-warn-microamp'
NVNEKNJWGY00055730
NVNEKNJWGY 0
root@arm:~# echo 'MYFH''AAFKTZ'
MYFHAAFKTZ
root@arm:~# MARKER='PKPN''CVJUMJ' run 'i2cget -y -f 2 0x30 0x5f'
PKPNCVJUMJ0x07
PKPNCVJUMJ 0
root@arm:~# echo 'GUUC''WTSTXA'
GUUCWTSTXA
root@arm:~# MARKER='AVMQ''UUVAMK' run 'grep -r -l rohm,bd9576 /proc/device-tree || sed '"'"'s![^/]*$!!'"'"''
AVMQUUVAMK/proc/device-tree/ocp/interconnect@48000000/segment@100000/target-module@9c000/i2c@0/pmic@30/
AVMQUUVAMK 0
root@arm:~# echo 'QNYW''EXKXVA'
QNYWEXKXVA
root@arm:~# MARKER='UCOE''CTQSNZ' run 'xxd -p /proc/device-tree/ocp/interconnect\\@48000000/segment\@100000/target-module\@9c000/i2c\@0/pmic\@30/regulators/regulaator-vouts1/regulator-oc-protection-microamp'
UCOECTQSNZ00149970
UCOECTQSNZ 0
root@arm:~# echo 'AUBA''LLNKGJ'
AUBALLNKGJ
root@arm:~# MARKER='JFWH''KOSNTE' run 'i2cget -y -f 2 0x30 0x60'
JFWHKOSNTE0x1b
JFWHKOSNTE 0
root@arm:~# Labgrid Console Logfile for main
Logfile started at 2024-10-21 12:14:25.235468
=== Log starts here ===
reading args
spl_load_image_fat_os: error reading image args, err - -1
reading u-boot.img
reading u-boot.img


U-Boot 2014.04-00014-g47880f5 (Apr 22 2014 - 13:23:54)

I2C:   ready
DRAM:  512 MiB
NAND:  0 MiB
MMC:   OMAP SD/MMC: 0, OMAP SD/MMC: 1
*** Warning - readenv() failed, using default environment

Net:   <ethaddr> not set. Validating first E-fuse MAC
cpsw, usb_ether
Hit any key to stop autoboot:  1  0 
gpio: pin 53 (gpio 53) value is 1
mmc0 is current device
gpio: pin 54 (gpio 54) value is 1
SD/MMC found on device 0
reading uEnv.txt
569 bytes read in 4 ms (138.7 KiB/s)
gpio: pin 55 (gpio 55) value is 1
Loaded environment from uEnv.txt
Importing environment from mmc ...
Checking if uenvcmd is set ...
gpio: pin 56 (gpio 56) value is 1
Running uenvcmd ...
cpsw Waiting for PHY auto negotiation to complete. done
link up on port 0, speed 100, full duplex
Using cpsw device
TFTP from server 192.168.255.126; our IP address is 192.168.255.1
Filename 'zImage'.
Load address: 0x81000000
Loading: *#################################################################
	 #################################################################
	 #################################################################
	 #################################################################
	 #################################################################
	 ###########################
	 2.4 MiB/s
done
Bytes transferred = 5164640 (4ece60 hex)
link up on port 0, speed 100, full duplex
Using cpsw device
TFTP from server 192.168.255.126; our IP address is 192.168.255.1
Filename 'am335x-boneblack.dtb'.
Load address: 0x82000000
Loading: *#######
	 2.2 MiB/s
done
Bytes transferred = 97630 (17d5e hex)
Kernel image @ 0x81000000 [ 0x000000 - 0x4ece60 ]
## Flattened Device Tree blob at 82000000
   Booting using the fdt blob at 0x82000000
   Using Device Tree in place at 82000000, end 8201ad5d

Starting kernel ...

[    0.000000] Booting Linux on physical CPU 0x0
[    0.000000] Linux version 6.1.113 (user01@drvtest01) (arm-linux-gnueabihf-gcc (Linaro GCC 6.4-2017.11) 6.4.1 20171012, GNU ld (Linaro_Binutils-2017.11) 2.27.0.20161229) #4 SMP Mon Oct 21 12:09:55 EEST 2024
[    0.000000] CPU: ARMv7 Processor [413fc082] revision 2 (ARMv7), cr=10c5387d
[    0.000000] CPU: PIPT / VIPT nonaliasing data cache, VIPT aliasing instruction cache
[    0.000000] OF: fdt: Machine model: TI AM335x BeagleBone Black
[    0.000000] Memory policy: Data cache writeback
[    0.000000] cma: Reserved 16 MiB at 0x9ec00000
[    0.000000] Zone ranges:
[    0.000000]   Normal   [mem 0x0000000080000000-0x000000009fdfffff]
[    0.000000]   HighMem  empty
[    0.000000] Movable zone start for each node
[    0.000000] Early memory node ranges
[    0.000000]   node   0: [mem 0x0000000080000000-0x000000009fdfffff]
[    0.000000] Initmem setup node 0 [mem 0x0000000080000000-0x000000009fdfffff]
[    0.000000] CPU: All CPU(s) started in SVC mode.
[    0.000000] AM335X ES2.1 (sgx neon)
[    0.000000] percpu: Embedded 16 pages/cpu s34196 r8192 d23148 u65536
[    0.000000] Built 1 zonelists, mobility grouping on.  Total pages: 129412
[    0.000000] Kernel command line: console=ttyO0,115200n8 root=/dev/nfs rw nfsroot=192.168.255.126:/home/user01/nfs,nfsvers=3 ip=192.168.255.1:192.168.255.126::255.255.255.0:bbb1:eth0 nfsrootdebug
[    0.000000] Unknown kernel command line parameters "nfsrootdebug", will be passed to user space.
[    0.000000] Dentry cache hash table entries: 65536 (order: 6, 262144 bytes, linear)
[    0.000000] Inode-cache hash table entries: 32768 (order: 5, 131072 bytes, linear)
[    0.000000] mem auto-init: stack:off, heap alloc:off, heap free:off
[    0.000000] Memory: 484644K/522240K available (10240K kernel code, 1143K rwdata, 2604K rodata, 1024K init, 287K bss, 21212K reserved, 16384K cma-reserved, 0K highmem)
[    0.000000] SLUB: HWalign=64, Order=0-3, MinObjects=0, CPUs=1, Nodes=1
[    0.000000] trace event string verifier disabled
[    0.000000] rcu: Hierarchical RCU implementation.
[    0.000000] rcu: 	RCU event tracing is enabled.
[    0.000000] rcu: 	RCU restricting CPUs from NR_CPUS=2 to nr_cpu_ids=1.
[    0.000000] rcu: RCU calculated value of scheduler-enlistment delay is 10 jiffies.
[    0.000000] rcu: Adjusting geometry for rcu_fanout_leaf=16, nr_cpu_ids=1
[    0.000000] NR_IRQS: 16, nr_irqs: 16, preallocated irqs: 16
[    0.000000] IRQ: Found an INTC at 0x(ptrval) (revision 5.0) with 128 interrupts
[    0.000000] rcu: srcu_init: Setting srcu_struct sizes based on contention.
[    0.000000] TI gptimer clocksource: always-on /ocp/interconnect@44c00000/segment@200000/target-module@31000
[    0.000002] sched_clock: 32 bits at 24MHz, resolution 41ns, wraps every 89478484971ns
[    0.000025] clocksource: dmtimer: mask: 0xffffffff max_cycles: 0xffffffff, max_idle_ns: 79635851949 ns
[    0.000444] TI gptimer clockevent: 24000000 Hz at /ocp/interconnect@48000000/segment@0/target-module@40000
[    0.002023] Console: colour dummy device 80x30
[    0.002075] WARNING: Your 'console=ttyO0' has been replaced by 'ttyS0'
[    0.002082] This ensures that you still see kernel messages. Please
[    0.002087] update your kernel commandline.
[    0.002127] Calibrating delay loop... 996.14 BogoMIPS (lpj=4980736)
[    0.090492] CPU: Testing write buffer coherency: ok
[    0.090592] CPU0: Spectre v2: using BPIALL workaround
[    0.090604] pid_max: default: 32768 minimum: 301
[    0.090737] LSM: Security Framework initializing
[    0.090918] Mount-cache hash table entries: 1024 (order: 0, 4096 bytes, linear)
[    0.090938] Mountpoint-cache hash table entries: 1024 (order: 0, 4096 bytes, linear)
[    0.092502] CPU0: thread -1, cpu 0, socket -1, mpidr 0
[    0.093810] Setting up static identity map for 0x80100000 - 0x80100078
[    0.094051] rcu: Hierarchical SRCU implementation.
[    0.094060] rcu: 	Max phase no-delay instances is 1000.
[    0.095403] smp: Bringing up secondary CPUs ...
[    0.095421] smp: Brought up 1 node, 1 CPU
[    0.095432] SMP: Total of 1 processors activated (996.14 BogoMIPS).
[    0.095443] CPU: All CPU(s) started in SVC mode.
[    0.096370] devtmpfs: initialized
[    0.112531] VFP support v0.3: implementor 41 architecture 3 part 30 variant c rev 3
[    0.112844] clocksource: jiffies: mask: 0xffffffff max_cycles: 0xffffffff, max_idle_ns: 19112604462750000 ns
[    0.112877] futex hash table entries: 256 (order: 2, 16384 bytes, linear)
[    0.114208] pinctrl core: initialized pinctrl subsystem
[    0.116228] NET: Registered PF_NETLINK/PF_ROUTE protocol family
[    0.118296] DMA: preallocated 256 KiB pool for atomic coherent allocations
[    0.118873] audit: initializing netlink subsys (disabled)
[    0.120125] thermal_sys: Registered thermal governor 'fair_share'
[    0.120142] thermal_sys: Registered thermal governor 'step_wise'
[    0.120148] thermal_sys: Registered thermal governor 'user_space'
[    0.120276] cpuidle: using governor menu
[    0.137676] No ATAGs?
[    0.137700] hw-breakpoint: debug architecture 0x4 unsupported.
[    0.146749] audit: type=2000 audit(0.110:1): state=initialized audit_enabled=0 res=1
[    0.147054] kprobes: kprobe jump-optimization is enabled. All kprobes are optimized if possible.
[    0.164728] iommu: Default domain type: Translated 
[    0.164742] iommu: DMA domain TLB invalidation policy: strict mode 
[    0.166210] SCSI subsystem initialized
[    0.167087] pps_core: LinuxPPS API ver. 1 registered
[    0.167096] pps_core: Software ver. 5.3.6 - Copyright 2005-2007 Rodolfo Giometti <giometti@linux.it>
[    0.167119] PTP clock support registered
[    0.180926] vgaarb: loaded
[    0.181296] clocksource: Switched to clocksource dmtimer
[    0.181916] VFS: Disk quotas dquot_6.6.0
[    0.181997] VFS: Dquot-cache hash table entries: 1024 (order 0, 4096 bytes)
[    0.198807] NET: Registered PF_INET protocol family
[    0.199151] IP idents hash table entries: 8192 (order: 4, 65536 bytes, linear)
[    0.200556] tcp_listen_portaddr_hash hash table entries: 512 (order: 0, 4096 bytes, linear)
[    0.200602] Table-perturb hash table entries: 65536 (order: 6, 262144 bytes, linear)
[    0.200622] TCP established hash table entries: 4096 (order: 2, 16384 bytes, linear)
[    0.200668] TCP bind hash table entries: 4096 (order: 4, 65536 bytes, linear)
[    0.200768] TCP: Hash tables configured (established 4096 bind 4096)
[    0.200886] UDP hash table entries: 256 (order: 1, 8192 bytes, linear)
[    0.200913] UDP-Lite hash table entries: 256 (order: 1, 8192 bytes, linear)
[    0.201111] NET: Registered PF_UNIX/PF_LOCAL protocol family
[    0.212065] RPC: Registered named UNIX socket transport module.
[    0.212087] RPC: Registered udp transport module.
[    0.212093] RPC: Registered tcp transport module.
[    0.212099] RPC: Registered tcp NFSv4.1 backchannel transport module.
[    0.212119] PCI: CLS 0 bytes, default 64
[    0.213650] Initialise system trusted keyrings
[    0.214661] workingset: timestamp_bits=14 max_order=17 bucket_order=3
[    0.235071] NFS: Registering the id_resolver key type
[    0.235160] Key type id_resolver registered
[    0.235169] Key type id_legacy registered
[    0.235225] jffs2: version 2.2. (NAND) (SUMMARY)  Â© 2001-2006 Red Hat, Inc.
[    0.235974] Key type asymmetric registered
[    0.235993] Asymmetric key parser 'x509' registered
[    0.236138] io scheduler mq-deadline registered
[    0.236150] io scheduler kyber registered
[    0.236381] io scheduler bfq registered
[    0.241180] Serial: 8250/16550 driver, 6 ports, IRQ sharing enabled
[    0.283601] brd: module loaded
[    0.304618] loop: module loaded
[    0.305520] mtdoops: mtd device (mtddev=name/number) must be supplied
[    0.308038] i2c_dev: i2c /dev entries driver
[    0.308945] cpuidle: enable-method property 'ti,am3352' found operations
[    0.309384] sdhci: Secure Digital Host Controller Interface driver
[    0.309392] sdhci: Copyright(c) Pierre Ossman
[    0.309562] sdhci-pltfm: SDHCI platform and OF driver helper
[    0.309830] ledtrig-cpu: registered to indicate activity on CPUs
[    0.310564] Initializing XFRM netlink socket
[    0.311125] NET: Registered PF_INET6 protocol family
[    0.323847] Segment Routing with IPv6
[    0.323921] In-situ OAM (IOAM) with IPv6
[    0.324029] sit: IPv6, IPv4 and MPLS over IPv4 tunneling driver
[    0.324912] NET: Registered PF_PACKET protocol family
[    0.324938] NET: Registered PF_KEY protocol family
[    0.325053] Key type dns_resolver registered
[    0.325210] ThumbEE CPU extension supported.
[    0.325252] Registering SWP/SWPB emulation handler
[    0.325763] omap_voltage_late_init: Voltage driver support not added
[    0.326098] SmartReflex Class3 initialized
[    0.327047] Loading compiled-in X.509 certificates
[    0.404473] platform 44e10800.pinmux: Fixed dependency cycle(s) with /ocp/interconnect@44c00000/segment@200000/target-module@10000/scm@0/pinmux@800/pinmux_clkout2_pin
[    0.405042] pinctrl-single 44e10800.pinmux: 142 pins, size 568
[    0.409639] ti-sysc: probe of 44e31000.target-module failed with error -16
[    0.449098] ti-sysc: probe of 48040000.target-module failed with error -16
[    0.459551] gpio gpiochip0: (gpio-0-31): not an immutable chip, please consider fixing it!
[    0.483117] OMAP GPIO hardware version 0.1
[    0.495723] omap_i2c 4819c000.i2c: bus 2 rev0.11 at 100 kHz
[    0.500891] gpio gpiochip1: (gpio-32-63): not an immutable chip, please consider fixing it!
[    0.518869] gpio gpiochip2: (gpio-64-95): not an immutable chip, please consider fixing it!
[    0.528527] platform 4830e000.lcdc: Fixed dependency cycle(s) with /ocp/interconnect@44c00000/segment@200000/target-module@b000/i2c@0/tda19988@70
[    0.538330] sdhci-omap 481d8000.mmc: supply pbias not found, using dummy regulator
[    0.538772] sdhci-omap 481d8000.mmc: supply vqmmc not found, using dummy regulator
[    0.598517] davinci_mdio 4a101000.mdio: davinci mdio revision 1.6, bus freq 1000000
[    0.674455] davinci_mdio 4a101000.mdio: phy[0]: device 4a101000.mdio:00, driver SMSC LAN8710/LAN8720
[    0.674951] cpsw-switch 4a100000.switch: initialized cpsw ale version 1.4
[    0.674970] cpsw-switch 4a100000.switch: ALE Table size 1024
[    0.675115] cpsw-switch 4a100000.switch: cpts: overflow check period 500 (jiffies)
[    0.675133] cpsw-switch 4a100000.switch: CPTS: ref_clk_freq:250000000 calc_mult:2147483648 calc_shift:29 error:0 nsec/sec
[    0.675226] cpsw-switch 4a100000.switch: Detected MACID = 6c:ec:eb:68:de:78
[    0.676902] cpsw-switch 4a100000.switch: initialized (regs 0x4a100000, pool size 256) hw_ver:0019010C 1.12 (0)
[    0.686892] debugfs: Directory '49000000.dma' with parent 'dmaengine' already present!
[    0.686931] edma 49000000.dma: TI EDMA DMA engine driver
[    0.736421] hw perfevents: enabled with armv7_cortex_a8 PMU driver, 5 counters available
[    0.738523] gpio gpiochip3: (gpio-96-127): not an immutable chip, please consider fixing it!
[    0.743732] l3-aon-clkctrl:0000:0: failed to disable
[    0.746170] 44e09000.serial: ttyS0 at MMIO 0x44e09000 (irq = 34, base_baud = 3000000) is a 8250
[    2.076768] printk: console [ttyS0] enabled
 [    2.112228] tps65217-pmic: Failed to locate of_node [id: -1]
[    2.128447] tps65217-bl: Failed to locate of_node [id: -1]
[    2.137148] tps65217 0-0024: TPS65217 ID 0xe version 1.2
[    2.143178] platform 4830e000.lcdc: Fixed dependency cycle(s) wi060000.mmc: supply pbias not found, using dummy regulator
[    2.201607] sdhci-omap 48060000.mmc: supply vqmmc not found, using dummy regulator
[    2.209986] sdhci-omap 481d8000.mmc: supply pbias not found, using dummy regulator
[    2.218191] sdhci-omap 481d8000.mmc: supply vqmmc not found, using dummy regulator
[    2.253939] mmc1: SDHCI controller on 481d8000.mmc [481d8000.mmc] using External DMA
[    2.262857] mmc0: SDHCI controller on 48060000.mmc [48060000.mmc] using External DMA
[    2.271636] cpsw-switch 4a100000.switch: starting ndev. mode: dual_mac
[    2.315092] mmc0: new high speed SDHC card at address 5048
[    2.321988] mmcblk0: mmc0:5048 SD16G 14.4 GiB 
[    2.329656]  mmcblk0: p1 p2
[    2.333095] mmcblk0: p2 size 31221760 extends beyond EOD, truncated
[    2.359311] mmc1: new high speed MMC card at address 0001
[    2.366104] mmcblk1: mmc1:0001 MMC04G 3.60 GiB 
[    2.373257] SMSC LAN8710/LAN8720 4a101000.mdio:00: attached PHY driver (mii_bus:phy_addr=4a101000.mdio:00, irq=POLL)
[    2.384082]  mmcblk1: p1 p2
[    2.388288] mmcblk1boot0: mmc1:0001 MMC04G 2.00 MiB 
[    2.396627] mmcblk1boot1: mmc1:0001 MMC04G 2.00 MiB 
[    2.408090] mmcblk1rpmb: mmc1:0001 MMC04G 128 KiB, chardev (250:0)
[    5.522057] cpsw-switch 4a100000.switch eth0: Link is Up - 100Mbps/Full - flow control off
[    5.530445] IPv6: ADDRCONF(NETDEV_CHANGE): eth0: link becomes ready
[    5.581334] IP-Config: Complete:
[    5.584605]      device=eth0, hwaddr=6c:ec:eb:68:de:78, ipaddr=192.168.255.1, mask=255.255.255.0, gw=255.255.255.255
[    5.595239]      host=bbb1, domain=, nis-domain=(none)
[    5.600404]      bootserver=192.168.255.126, rootserver=192.168.255.126, rootpath=
[    5.600840] clk: Disabling unused clocks
[    5.612734] KTAP version 1
[    5.615458] 1..0
[    5.639272] VFS: Mounted root (nfs filesystem) on device 0:16.
[    5.646420] devtmpfs: mounted
[    5.651013] Freeing unused kernel image (initmem) memory: 1024K
[    5.657680] Run /sbin/init as init process
[    6.333510] systemd[1]: System time before build time, advancing clock.
[    7.831303] random: crng init done
[    7.902463] systemd[1]: systemd 232 running in system mode. (+PAM +AUDIT +SELINUX +IMA +APPARMOR +SMACK +SYSVINIT +UTMP +LIBCRYPTSETUP +GCRYPT +GNUTLS +ACL +XZ +LZ4 +SECCOMP +BLKID +ELFUTILS +KMOD +IDN)
[    7.921704] systemd[1]: Detected architecture arm.

Welcome to [1mDebian GNU/Linux 9 (stretch)[0m!

[    7.964244] systemd[1]: Set hostname to <arm>.
[    9.028008] systemd[1]: Listening on udev Kernel Socket.
[[0;32m  OK  [0m] Listening on udev Kernel Socket.
[    9.063375] systemd[1]: Listening on udev Control Socket.
[[0;32m  OK  [0m] Listening on udev Control Socket.
[    9.102230] systemd[1]: Started Dispatch Password Requests to Console Directory Watch.
[[0;32m  OK  [0m] Started Dispatch Password Requests to Console Directory Watch.
[    9.143126] systemd[1]: Listening on /dev/initctl Compatibility Named Pipe.
[[0;32m  OK  [0m] Listening on /dev/initctl Compatibility Named Pipe.
[    9.182832] systemd[1]: Created slice User and Session Slice.
[[0;32m  OK  [0m] Created slice User and Session Slice.
[    9.223318] systemd[1]: Listening on Journal Socket.
[[0;32m  OK  [0m] Listening on Journal Socket.
[    9.261723] systemd[1]: Reached target Swap.
[[0;32m  OK  [0m] Reached target Swap.
[[0;32m  OK  [0m] Listening on Journal Socket (/dev/log).
[[0;32m  OK  [0m] Reached target Remote File Systems.
[[0;32m  OK  [0m] Created slice System Slice.
         Starting Remount Root and Kernel File Systems...
         Starting Load Kernel Modules...
[[0;32m  OK  [0m] Reached target Slices.
         Starting Create list of required stâ€¦ce nodes for the current kernel...
         Mounting POSIX Message Queue File System...
         Mounting Debug File System...
[[0;32m  OK  [0m] Started Forward Password Requests to Wall Directory Watch.
[[0;32m  OK  [0m] Reached target Paths.
[[0;32m  OK  [0m] Reached target Encrypted Volumes.
[[0;32m  OK  [0m] Listening on Journal Audit Socket.
[[0;32m  OK  [0m] Created slice system-getty.slice.
[[0;32m  OK  [0m] Listening on Syslog Socket.
         Starting Journal Service...
[[0;32m  OK  [0m] Set up automount Arbitrary Executabâ€¦rmats File System Automount Point.
[[0;32m  OK  [0m] Created slice system-serial\x2dgetty.slice.
[[0;32m  OK  [0m] Mounted POSIX Message Queue File System.
[[0;32m  OK  [0m] Mounted Debug File System.
[[0;32m  OK  [0m] Started Remount Root and Kernel File Systems.
[[0;32m  OK  [0m] Started Load Kernel Modules.
[[0;32m  OK  [0m] Started Create list of required staâ€¦vice nodes for the current kernel.
         Starting Create Static Device Nodes in /dev...
         Starting Apply Kernel Variables...
         Mounting Configuration File System...
         Starting Load/Save Random Seed...
         Starting udev Coldplug all Devices...
[[0;32m  OK  [0m] Mounted Configuration File System.
[[0;32m  OK  [0m] Started Apply Kernel Variables.
[[0;32m  OK  [0m] Started Load/Save Random Seed.
[[0;32m  OK  [0m] Started Create Static Device Nodes in /dev.
         Starting udev Kernel Device Manager...
[[0;32m  OK  [0m] Reached target Local File Systems (Pre).
[[0;32m  OK  [0m] Reached target Local File Systems.
         Starting Raise network interfaces...
[[0;32m  OK  [0m] Started Journal Service.
         Starting Flush Journal to Persistent Storage...
[   11.437672] systemd-journald[99]: Received request to flush runtime journal from PID 1
[[0;32m  OK  [0m] Started Flush Journal to Persistent Storage.
         Starting Create Volatile Files and Directories...
[[0;32m  OK  [0m] Started udev Kernel Device Manager.
[[0;32m  OK  [0m] Started Create Volatile Files and Directories.
         Starting Update UTMP about System Boot/Shutdown...
         Starting Network Time Synchronization...
[[0;32m  OK  [0m] Started Update UTMP about System Boot/Shutdown.
[[0;32m  OK  [0m] Started Network Time Synchronization.
[[0;32m  OK  [0m] Reached target System Time Synchronized.
[[0;32m  OK  [0m] Started udev Coldplug all Devices.
[[0;32m  OK  [0m] Reached target System Initialization.
[[0;32m  OK  [0m] Started Daily apt download activities.
[[0;32m  OK  [0m] Listening on Avahi mDNS/DNS-SD Stack Activation Socket.
[[0;32m  OK  [0m] Started Daily apt upgrade and clean activities.
[[0;32m  OK  [0m] Started Daily Cleanup of Temporary Directories.
[[0;32m  OK  [0m] Reached target Timers.
[[0;32m  OK  [0m] Listening on D-Bus System Message Bus Socket.
[[0;32m  OK  [0m] Reached target Sockets.
[[0;32m  OK  [0m] Reached target Basic System.[   14.894738] remoteproc remoteproc0: wkup_m3 is available

         Starting Cape Manager Service...
         Starting LSB: Start busybox udhcpd at boot time...
[   15.109518] at24 2-0054: supply vcc not found, using dummy regulator
[   15.159768] wkup_m3_ipc 44e11324.wkup_m3_ipc: IPC Request for A8->M3 Channel failed! -517
         Starting LSB: Load kernel modules needed to enable cpufreq scaling...
[   15.285765] at24 2-0055: supply vcc not found, using dummy regulator
         Starting Generic Board Startup...
[   15.408115] tps6521x_pwrbutton tps65217-pwrbutton: DMA mask not set
[   15.432326] at24 2-0056: supply vcc not found, using dummy regulator
         Starting System Logging Service...
[   15.602839] at24 2-0057: supply vcc not found, using dummy regulator
[   15.610237] input: tps65217_pwrbutton as /devices/platform/ocp/44c00000.interconnect/44c00000.interconnect:segment@200000/44e0b000.target-module/44e0b000.i2c/i2c-0/0-0024/tps65217-pwrbutton/input/input0
[   15.637953] wkup_m3_ipc 44e11324.wkup_m3_ipc: IPC Request for A8->M3 Channel failed! -517
         Starting Telephony service...
[   15.759677] at24 0-0050: 32768 byte 24c256 EEPROM, writable, 1 bytes/write
[   15.792759] wkup_m3_ipc 44e11324.wkup_m3_ipc: IPC Request for A8->M3 Channel failed! -517
         Starting Login Service...
[   15.977184] wkup_m3_ipc 44e11324.wkup_m3_ipc: IPC Request for A8->M3 Channel failed! -517
[   16.047474] omap_wdt: OMAP Watchdog Timer Rev 0x01: initial timeout 60 sec
[   16.073390] wkup_m3_ipc 44e11324.wkup_m3_ipc: IPC Request for A8->M3 Channel failed! -517
[[0;32m  OK  [0m] Started Regular background program processing daemon.
[   16.193416] omap_rtc 44e3e000.rtc: registered as rtc0
[   16.199636] omap_rtc 44e3e000.rtc: setting system clock to 2000-01-01T00:00:00 UTC (946684800)
[   16.222266] wkup_m3_ipc 44e11324.wkup_m3_ipc: IPC Request for A8->M3 Channel failed! -517
[[0;32m  OK  [0m] Started D-Bus System Message Bus.
[   16.691127] am335x-phy-driver 47401300.usb-phy: supply vcc not found, using dummy regulator
[   16.700177] am335x-phy-driver 47401300.usb-phy: dummy supplies not allowed for exclusive requests
[   16.937730] am335x-phy-driver 47401b00.usb-phy: supply vcc not found, using dummy regulator
[   16.946714] am335x-phy-driver 47401b00.usb-phy: dummy supplies not allowed for exclusive requests
[   16.962196] wkup_m3_ipc 44e11324.wkup_m3_ipc: IPC Request for A8->M3 Channel failed! -517
[   17.185688] usbcore: registered new interface driver usbfs
