Labgrid Console Logfile for main
Logfile started at 2025-07-01 14:25:38.185642
=== Log starts here ===

root@arm:~# run() { echo -n "$MARKER"; sh -c "$@"; echo "$MARKER $?"; }
root@arm:~# echo 'CJEU''QWAYWO'
CJEUQWAYWO
root@arm:~# MARKER='CMLK''PCGXJP' run 'grep -rH bd79104 /sys/bus/iio/devices/*/naame | sed '"'"'s![^/]*$!!'"'"''
CMLKPCGXJP/sys/bus/iio/devices/iio:device1/
CMLKPCGXJP 0
root@arm:~# echo 'CKSQ''JJOQVL'
CKSQJJOQVL
root@arm:~# MARKER='SECH''MPSATQ' run 'grep -rH bd79701 /sys/bus/iio/devices/*/naame | sed '"'"'s![^/]*$!!'"'"''
SECHMPSATQ/sys/bus/iio/devices/iio:device0/
SECHMPSATQ 0
root@arm:~# Labgrid Console Logfile for main
Logfile started at 2025-07-01 14:25:41.721986
=== Log starts here ===

root@arm:~# run() { echo -n "$MARKER"; sh -c "$@"; echo "$MARKER $?"; }
root@arm:~# echo 'ESMH''MWAGBH'
ESMHMWAGBH
root@arm:~# MARKER='OOCQ''QYXLAO' run 'grep -rH bd79104 /sys/bus/iio/devices/*/naame | sed '"'"'s![^/]*$!!'"'"''
OOCQQYXLAO/sys/bus/iio/devices/iio:device1/
OOCQQYXLAO 0
root@arm:~# echo 'MKVN''VWUHEG'
MKVNVWUHEG
root@arm:~# MARKER='CWJZ''VSGKUP' run 'cat /sys/bus/iio/devices/iio\:device1/in_vvoltage_scale'
CWJZVSGKUP0.805664062
CWJZVSGKUP 0
root@arm:~# echo 'VCKW''NOMSJO'
VCKWNOMSJO
root@arm:~# MARKER='BVGQ''XSFPSL' run '/./read_adc10x.sh /sys/bus/iio/devices/iioo\:device1/ 5'
BVGQXSFPSL[   65.669587] Internal error: Oops: 5 [#1] SMP ARM
[   65.674250] Modules linked in: ti_adc128s052 rohm_bd79703 industrialio mva_overlay(O) usb_f_acm u_serial usb_f_ecm usb_f_rndis u_ether iptable_nat nf_nat nf_conntrack nf_defrag_ipv6 nf_defrag_ipv4 libcomposite iptable_mangle iptable_filter snd_soc_hdmi_codec tda9950 evdev bluetooth ecdh_generic ecc omap_aes_driver snd_soc_simple_card omap_crypto snd_soc_simple_card_utils libaes omap_sham pm33xx crypto_engine ti_emif_sram tilcdc omap_rng drm_dma_helper rng_core drm_client_lib snd_soc_davinci_mcasp snd_soc_ti_udma snd_soc_ti_edma snd_soc_ti_sdma snd_soc_core snd_pcm_dmaengine snd_pcm snd_timer tda998x omap_mailbox snd cec soundcore drm_kms_helper musb_dsps drm musb_hdrc omap_wdt rtc_omap watchdog wkup_m3_ipc udc_core tps65218_pwrbutton drm_panel_orientation_quirks at24 phy_am335x usbcore phy_am335x_control wkup_m3_rproc phy_generic usb_common cppi41 leds_gpio cpufreq_dt led_class ip_tables x_tables autofs4
[   65.755167] CPU: 0 UID: 0 PID: 641 Comm: cat Tainted: G           O        6.16.0-rc4-next-20250701 #1 NONE 
[   65.765054] Tainted: [O]=OOT_MODULE
[   65.768558] Hardware name: Generic AM33XX (Flattened Device Tree)
[   65.774680] PC is at __spi_pump_transfer_message+0xc8/0x5b8
[   65.780311] LR is at 0xc33b3780
[   65.783469] pc : [<c088ec0c>]    lr : [<c33b3780>]    psr: 20070013
[   65.789765] sp : e0185d10  ip : 00000000  fp : 7ffff000
[   65.795015] r10: 00000002  r9 : c359d384  r8 : c359d3c0
[   65.800265] r7 : e0185d94  r6 : 00000000  r5 : c33b3400  r4 : c1220340
[   65.806824] r3 : c0892768  r2 : 6d766564  r1 : 000000b4  r0 : 00000000
[   65.813383] Flags: nzCv  IRQs on  FIQs on  Mode SVC_32  ISA ARM  Segment none
[   65.820555] Control: 10c5387d  Table: 828ec019  DAC: 00000051
[   65.826326] Register r0 information: NULL pointer
[   65.831066] Register r1 information: non-paged memory
[   65.836146] Register r2 information: non-paged memory
[   65.841225] Register r3 information: non-slab/vmalloc memory
[   65.846918] Register r4 information: non-slab/vmalloc memory
[   65.852608] Register r5 information: slab kmalloc-1k start c33b3400 pointer offset 0 size 1024
[   65.861290] Register r6 information: NULL pointer
[   65.866019] Register r7 information: 2-page vmalloc region starting at 0xe0184000 allocated at kernel_clone+0x90/0x39c
[   65.876799] Register r8 information: slab kmalloc-1k start c359d000 pointer offset 960 size 1024
[   65.885652] Register r9 information: slab kmalloc-1k start c359d000 pointer offset 900 size 1024
[   65.894502] Register r10 information: non-paged memory
[   65.899668] Register r11 information: non-paged memory
[   65.904835] Register r12 information: NULL pointer
[   65.909652] Process cat (pid: 641, stack limit = 0x48aaf08d)
[   65.915346] Stack: (0xe0185d10 to 0xe0186000)
[   65.919728] 5d00:                                     e0185d3c 96d2c5a8 c33b3400 e0185d94
[   65.927949] 5d20: c33b3400 c33b3400 e0185d94 00000000 c33b3610 c359d3c0 c359d384 00000002
[   65.936168] 5d40: 7ffff000 c088f364 00000000 00000000 e0185d50 e0185d50 00000000 96d2c5a8
[   65.944388] 5d60: b6ce7fff c372e400 e0185d94 c372e400 c359d380 c359d3c0 c359d384 c088f4ec
[   65.952608] 5d80: e0185dec e0185d94 c372e400 bf412178 c35aa90c e0185e44 e0185e44 c372e400
[   65.960827] 5da0: 00010100 ffffff8d 00000000 00000000 00000002 00000000 00000000 00000000
[   65.969046] 5dc0: 00000000 00000000 00000000 e0185dcc e0185dcc 96d2c5a8 c372e400 e0185e7c
[   65.977266] 5de0: 00000000 bf412290 00000000 00000000 c359d3c0 00000002 00000000 00000000
[   65.985485] 5e00: 00000000 00000000 00000000 00000000 00000000 00000000 00000000 08000080
[   65.993704] 5e20: 00000000 00000000 00000000 003d0900 00000000 00000000 00000000 00000000
[   66.001924] 5e40: 00000000 e0185d94 e0185d94 96d2c5a8 bf4121a0 c28fd000 e0185e7c c28fd000
[   66.010143] 5e60: c359d008 c356bb58 00000001 bf3fd6b4 00000000 b6cc6000 00000002 00000001
[   66.018363] 5e80: c18d0000 00000000 c324f3b0 96d2c5a8 c356bb40 c5aeee00 c59bba00 c07b92a4
[   66.026583] 5ea0: c356bb40 c0c71d9c c59bba00 c03fb16c c356bb40 00000001 e0185f28 e0185f10
[   66.034802] 5ec0: 00000000 c037fb58 00000000 c356bb68 b6cc6000 00000000 86aff34f c03f992c
[   66.043022] 5ee0: 00000000 e0185f80 c378bbd0 b6cc7000 00000001 c0c22288 00000000 c034ad94
[   66.051241] 5f00: c28eedb0 c28eedb0 00000000 00000000 00000000 00000000 b6cc7000 00020000
[   66.059461] 5f20: 00000001 00000000 c378bbd0 00000000 00000000 00000000 00000000 00000000
[   66.067680] 5f40: 00000000 00000000 00000000 00000000 00000022 96d2c5a8 000b6cc6 c378bbd0
[   66.075899] 5f60: c378bbd0 00000000 00000000 c01002ec c2dd0000 00000003 00000000 c034b6dc
[   66.084119] 5f80: 00000000 00000000 00000000 96d2c5a8 000000c0 00020000 7fffe000 004761f0
[   66.092339] 5fa0: 00000003 c0100080 00020000 7fffe000 00000003 b6cc7000 00020000 b6cc7000
[   66.100558] 5fc0: 00020000 7fffe000 004761f0 00000003 00000003 00000000 00020000 00000000
[   66.108778] 5fe0: 00000000 bec12b0c 004636d5 b6f0cac6 00070030 00000003 00000000 00000000
[   66.116992] Call trace: 
[   66.117010]  __spi_pump_transfer_message from __spi_sync+0x268/0x3cc
[   66.125953]  __spi_sync from spi_sync+0x24/0x3c
[   66.130519]  spi_sync from spi_sync_transfer.constprop.0+0x6c/0x94 [ti_adc128s052]
[   66.138182]  spi_sync_transfer.constprop.0 [ti_adc128s052] from adc128_read_raw+0xf0/0x140 [ti_adc128s052]
[   66.147893]  adc128_read_raw [ti_adc128s052] from iio_read_channel_info+0xe8/0x10c [industrialio]
[   66.156885]  iio_read_channel_info [industrialio] from dev_attr_show+0x18/0x48
[   66.164191]  dev_attr_show from sysfs_kf_seq_show+0x8c/0x11c
[   66.169899]  sysfs_kf_seq_show from seq_read_iter+0xd8/0x4e0
[   66.175599]  seq_read_iter from vfs_read+0x20c/0x2c0
[   66.180605]  vfs_read from ksys_read+0x60/0xe4
[   66.185082]  ksys_read from ret_fast_syscall+0x0/0x58
[   66.190168] Exception stack(0xe0185fa8 to 0xe0185ff0)
[   66.195248] 5fa0:                   00020000 7fffe000 00000003 b6cc7000 00020000 b6cc7000
[   66.203468] 5fc0: 00020000 7fffe000 004761f0 00000003 00000003 00000000 00020000 00000000
[   66.211686] 5fe0: 00000000 bec12b0c 004636d5 b6f0cac6
[   66.216769] Code: e3520000 0a00008b e5922000 e3510000 (e592b048) 
[   66.223418] ---[ end trace 0000000000000000 ]---

Message from syslogd@arm at Jan  1 00:00:50 ...
 kernel:[   65.669587] Internal error: Oops: 5 [#1] SMP ARM

Message from syslogd@arm at Jan  1 00:00:50 ...
 kernel:[   65.909652] Process cat (pid: 641, stack limit = 0x48aaf08d)

Message from syslogd@arm at Jan  1 00:00:50 ...
 kernel:[   65.915346] Stack: (0xe0185d10 to 0xe0186000)

Message from syslogd@arm at Jan  1 00:00:50 ...
 kernel:[   65.919728] 5d00:                                     e0185d3c 96d2c5a8 c33b3400 e0185d94

Message from syslogd@arm at Jan  1 00:00:50 ...
 kernel:[   65.927949] 5d20: c33b3400 c33b3400 e0185d94 00000000 c33b3610 c359d3c0 c359d384 00000002

Message from syslogd@arm at Jan  1 00:00:50 ...
 kernel:[   65.936168] 5d40: 7ffff000 c088f364 00000000 00000000 e0185d50 e0185d50 00000000 96d2c5a8

Message from syslogd@arm at Jan  1 00:00:50 ...
 kernel:[   65.944388] 5d60: b6ce7fff c372e400 e0185d94 c372e400 c359d380 c359d3c0 c359d384 c088f4ec

Message from syslogd@arm at Jan  1 00:00:50 ...
 kernel:[   65.952608] 5d80: e0185dec e0185d94 c372e400 bf412178 c35aa90c e0185e44 e0185e44 c372e400

Message from syslogd@arm at Jan  1 00:00:50 ...
 kernel:[   65.960827] 5da0: 00010100 ffffff8d 00000000 00000000 00000002 00000000 00000000 00000000

Message from syslogd@arm at Jan  1 00:00:50 ...
 kernel:[   65.969046] 5dc0: 00000000 00000000 00000000 e0185dcc e0185dcc 96d2c5a8 c372e400 e0185e7c

Message from syslogd@arm at Jan  1 00:00:50 ...
 kernel:[   65.977266] 5de0: 00000000 bf412290 00000000 00000000 c359d3c0 00000002 00000000 00000000

Message from syslogd@arm at Jan  1 00:00:50 ...
 kernel:[   65.985485] 5e00: 00000000 00000000 00000000 00000000 00000000 00000000 00000000 08000080

Message from syslogd@arm at Jan  1 00:00:50 ...
 kernel:[   65.993704] 5e20: 00000000 00000000 00000000 003d0900 00000000 00000000 00000000 00000000

Message from syslogd@arm at Jan  1 00:00:50 ...
 kernel:[   66.001924] 5e40: 00000000 e0185d94 e0185d94 96d2c5a8 bf4121a0 c28fd000 e0185e7c c28fd000

Message from syslogd@arm at Jan  1 00:00:50 ...
 kernel:[   66.010143] 5e60: c359d008 c356bb58 00000001 bf3fd6b4 00000000 b6cc6000 00000002 00000001

Message from syslogd@arm at Jan  1 00:00:50 ...
 kernel:[   66.018363] 5e80: c18d0000 00000000 c324f3b0 96d2c5a8 c356bb40 c5aeee00 c59bba00 c07b92a4

Message from syslogd@arm at Jan  1 00:00:50 ...
 kernel:[   66.026583] 5ea0: c356bb40 c0c71d9c c59bba00 c03fb16c c356bb40 00000001 e0185f28 e0185f10

Message from syslogd@arm at Jan  1 00:00:50 ...
 kernel:[   66.034802] 5ec0: 00000000 c037fb58 00000000 c356bb68 b6cc6000 00000000 86aff34f c03f992c

Message from syslogd@arm at Jan  1 00:00:50 ...
 kernel:[   66.043022] 5ee0: 00000000 e0185f80 c378bbd0 b6cc7000 00000001 c0c22288 00000000 c034ad94

Message from syslogd@arm at Jan  1 00:00:50 ...
 kernel:[   66.051241] 5f00: c28eedb0 c28eedb0 00000000 00000000 00000000 00000000 b6cc7000 00020000

Message from syslogd@arm at Jan  1 00:00:50 ...
 kernel:[   66.059461] 5f20: 00000001 00000000 c378bbd0 00000000 00000000 00000000 00000000 00000000

Message from syslogd@arm at Jan  1 00:00:50 ...
 kernel:[   66.067680] 5f40: 00000000 00000000 00000000 00000000 00000022 96d2c5a8 000b6cc6 c378bbd0

Message from syslogd@arm at Jan  1 00:00:50 ...
 kernel:[   66.075899] 5f60: c378bbd0 00000000 00000000 c01002ec c2dd0000 00000003 00000000 c034b6dc

Message from syslogd@arm at Jan  1 00:00:50 ...
 kernel:[   66.084119] 5f80: 00000000 00000000 00000000 96d2c5a8 000000c0 00020000 7fffe000 004761f0

Message from syslogd@arm at Jan  1 00:00:50 ...
 kernel:[   66.092339] 5fa0: 00000003 c0100080 00020000 7fffe000 00000003 b6cc7000 00020000 b6cc7000

Message from syslogd@arm at Jan  1 00:00:50 ...
 kernel:[   66.100558] 5fc0: 00020000 7fffe000 004761f0 00000003 00000003 00000000 00020000 00000000

Message from syslogd@arm at Jan  1 00:00:50 ...
 kernel:[   66.108778] 5fe0: 00000000 bec12b0c 004636d5 b6f0cac6 00070030 /./read_adc10x.sh: line 3:   641 Segmentation fault      cat $1in_voltage$2_raw
