Labgrid Console Logfile for main
Logfile started at 2025-05-26 03:13:57.353972
=== Log starts here ===
reading args
spl_load_image_fat_os: error reading image args, err - -1
reading u-boot.img
reading u-boot.img


U-Boot 2014.04-00014-g47880f5 (Apr 22 2014 - 13:23:54)

I2C:   ready
DRAM:  512 MiB
NAND:  0 MiB
MMC:   OMAP SD/MMC: 0, OMAP SD/MMC: 1
*** Warning - readenv() failed, using default environment

Net:   <ethaddr> not set. Validating first E-fuse MAC
cpsw, usb_ether
Hit any key to stop autoboot:  1  0 
gpio: pin 53 (gpio 53) value is 1
mmc0 is current device
gpio: pin 54 (gpio 54) value is 1
SD/MMC found on device 0
reading uEnv.txt
569 bytes read in 3 ms (184.6 KiB/s)
gpio: pin 55 (gpio 55) value is 1
Loaded environment from uEnv.txt
Importing environment from mmc ...
Checking if uenvcmd is set ...
gpio: pin 56 (gpio 56) value is 1
Running uenvcmd ...
cpsw Waiting for PHY auto negotiation to complete. done
link up on port 0, speed 100, full duplex
Using cpsw device
TFTP from server 192.168.255.126; our IP address is 192.168.255.1
Filename 'zImage'.
Load address: 0x81000000
Loading: *#################################################################
	 #################################################################
	 #################################################################
	 #################################################################
	 #################################################################
	 ########################################################
	 2.4 MiB/s
done
Bytes transferred = 5584920 (553818 hex)
link up on port 0, speed 100, full duplex
Using cpsw device
TFTP from server 192.168.255.126; our IP address is 192.168.255.1
Filename 'am335x-boneblack.dtb'.
Load address: 0x82000000
Loading: *#######
	 1.8 MiB/s
done
Bytes transferred = 98244 (17fc4 hex)
Kernel image @ 0x81000000 [ 0x000000 - 0x553818 ]
## Flattened Device Tree blob at 82000000
   Booting using the fdt blob at 0x82000000
   Using Device Tree in place at 82000000, end 8201afc3

Starting kernel ...

[    0.000000] Booting Linux on physical CPU 0x0
[    0.000000] Linux version 6.15.0 (user01@drvtest01) (arm-none-eabi-gcc (Arm GNU Toolchain 14.2.Rel1 (Build arm-14.52)) 14.2.1 20241119, GNU ld (Arm GNU Toolchain 14.2.Rel1 (Build arm-14.52)) 2.43.1.20241119) #1 SMP Mon May 26 03:10:35 EEST 2025
[    0.000000] CPU: ARMv7 Processor [413fc082] revision 2 (ARMv7), cr=10c5387d
[    0.000000] CPU: PIPT / VIPT nonaliasing data cache, VIPT aliasing instruction cache
[    0.000000] OF: fdt: Machine model: TI AM335x BeagleBone Black
[    0.000000] Memory policy: Data cache writeback
[    0.000000] cma: Reserved 16 MiB at 0x9e800000
[    0.000000] Zone ranges:
[    0.000000]   Normal   [mem 0x0000000080000000-0x000000009fdfffff]
[    0.000000]   HighMem  empty
[    0.000000] Movable zone start for each node
[    0.000000] Early memory node ranges
[    0.000000]   node   0: [mem 0x0000000080000000-0x000000009fdfffff]
[    0.000000] Initmem setup node 0 [mem 0x0000000080000000-0x000000009fdfffff]
[    0.000000] On node 0, zone Normal: 512 pages in unavailable ranges
[    0.000000] OF: reserved mem: Reserved memory: No reserved-memory node in the DT
[    0.000000] CPU: All CPU(s) started in SVC mode.
[    0.000000] AM335X ES2.1 (sgx neon)
[    0.000000] percpu: Embedded 17 pages/cpu s39692 r8192 d21748 u69632
[    0.000000] Kernel command line: console=ttyO0,115200n8 root=/dev/nfs rw nfsroot=192.168.255.126:/home/user01/nfs,nfsvers=3 ip=192.168.255.1:192.168.255.126::255.255.255.0:bbb1:eth0 nfsrootdebug
[    0.000000] Unknown kernel command line parameters "nfsrootdebug", will be passed to user space.
[    0.000000] printk: log buffer data + meta data: 65536 + 204800 = 270336 bytes
[    0.000000] Dentry cache hash table entries: 65536 (order: 6, 262144 bytes, linear)
[    0.000000] Inode-cache hash table entries: 32768 (order: 5, 131072 bytes, linear)
[    0.000000] Built 1 zonelists, mobility grouping on.  Total pages: 130560
[    0.000000] mem auto-init: stack:off, heap alloc:off, heap free:off
[    0.000000] SLUB: HWalign=16, Order=0-3, MinObjects=0, CPUs=1, Nodes=1
[    0.000000] rcu: Hierarchical RCU implementation.
[    0.000000] rcu: 	RCU event tracing is enabled.
[    0.000000] rcu: 	RCU restricting CPUs from NR_CPUS=2 to nr_cpu_ids=1.
[    0.000000] 	Tracing variant of Tasks RCU enabled.
[    0.000000] rcu: RCU calculated value of scheduler-enlistment delay is 10 jiffies.
[    0.000000] rcu: Adjusting geometry for rcu_fanout_leaf=16, nr_cpu_ids=1
[    0.000000] RCU Tasks Trace: Setting shift to 0 and lim to 1 rcu_task_cb_adjust=1 rcu_task_cpu_ids=1.
[    0.000000] NR_IRQS: 16, nr_irqs: 16, preallocated irqs: 16
[    0.000000] IRQ: Found an INTC at 0x(ptrval) (revision 5.0) with 128 interrupts
[    0.000000] rcu: srcu_init: Setting srcu_struct sizes based on contention.
[    0.000000] TI gptimer clocksource: always-on /ocp/interconnect@44c00000/segment@200000/target-module@31000
[    0.000003] sched_clock: 32 bits at 24MHz, resolution 41ns, wraps every 89478484971ns
[    0.000026] clocksource: dmtimer: mask: 0xffffffff max_cycles: 0xffffffff, max_idle_ns: 79635851949 ns
[    0.000498] TI gptimer clockevent: 24000000 Hz at /ocp/interconnect@48000000/segment@0/target-module@40000
[    0.002117] Console: colour dummy device 80x30
[    0.002186] WARNING: Your 'console=ttyO0' has been replaced by 'ttyS0'
[    0.002193] This ensures that you still see kernel messages. Please
[    0.002198] update your kernel commandline.
[    0.002242] Calibrating delay loop... 996.14 BogoMIPS (lpj=4980736)
[    0.090542] CPU: Testing write buffer coherency: ok
[    0.090652] CPU0: Spectre v2: using BPIALL workaround
[    0.090662] pid_max: default: 32768 minimum: 301
[    0.090820] LSM: initializing lsm=capability
[    0.090998] Mount-cache hash table entries: 1024 (order: 0, 4096 bytes, linear)
[    0.091018] Mountpoint-cache hash table entries: 1024 (order: 0, 4096 bytes, linear)
[    0.092610] CPU0: thread -1, cpu 0, socket -1, mpidr 0
[    0.092667] cacheinfo: Unable to detect cache hierarchy for CPU 0
[    0.160740] Setting up static identity map for 0x80100000 - 0x80100078
[    0.170688] rcu: Hierarchical SRCU implementation.
[    0.170701] rcu: 	Max phase no-delay instances is 1000.
[    0.190742] smp: Bringing up secondary CPUs ...
[    0.190798] smp: Brought up 1 node, 1 CPU
[    0.190812] SMP: Total of 1 processors activated (996.14 BogoMIPS).
[    0.190824] CPU: All CPU(s) started in SVC mode.
[    0.191017] Memory: 480824K/522240K available (11264K kernel code, 1216K rwdata, 2900K rodata, 1024K init, 288K bss, 23384K reserved, 16384K cma-reserved, 0K highmem)
[    0.191864] devtmpfs: initialized
[    0.209045] VFP support v0.3: implementor 41 architecture 3 part 30 variant c rev 3
[    0.209678] clocksource: jiffies: mask: 0xffffffff max_cycles: 0xffffffff, max_idle_ns: 19112604462750000 ns
[    0.209717] posixtimers hash table entries: 512 (order: 0, 4096 bytes, linear)
[    0.209736] futex hash table entries: 256 (order: 2, 16384 bytes, linear)
[    0.211074] pinctrl core: initialized pinctrl subsystem
[    0.213174] NET: Registered PF_NETLINK/PF_ROUTE protocol family
[    0.215995] DMA: preallocated 256 KiB pool for atomic coherent allocations
[    0.216940] audit: initializing netlink subsys (disabled)
[    0.218319] thermal_sys: Registered thermal governor 'fair_share'
[    0.218336] thermal_sys: Registered thermal governor 'step_wise'
[    0.218346] thermal_sys: Registered thermal governor 'user_space'
[    0.218496] audit: type=2000 audit(0.210:1): state=initialized audit_enabled=0 res=1
[    0.218531] cpuidle: using governor menu
[    0.236662] /ocp/interconnect@44c00000/segment@200000/target-module@b000/i2c@0/tda19988@70: Fixed dependency cycle(s) with /ocp/interconnect@48000000/segment@300000/target-module@e000/lcdc@0
[    0.237778] /ocp/interconnect@48000000/segment@300000/target-module@e000/lcdc@0: Fixed dependency cycle(s) with /ocp/interconnect@44c00000/segment@200000/target-module@b000/i2c@0/tda19988@70
[    0.239957] No ATAGs?
[    0.240000] hw-breakpoint: debug architecture 0x4 unsupported.
[    0.242844] kprobes: kprobe jump-optimization is enabled. All kprobes are optimized if possible.
[    0.253694] iommu: Default domain type: Translated
[    0.253718] iommu: DMA domain TLB invalidation policy: strict mode
[    0.256507] SCSI subsystem initialized
[    0.257329] pps_core: LinuxPPS API ver. 1 registered
[    0.257338] pps_core: Software ver. 5.3.6 - Copyright 2005-2007 Rodolfo Giometti <giometti@linux.it>
[    0.257364] PTP clock support registered
[    0.270795] vgaarb: loaded
[    0.271164] clocksource: Switched to clocksource dmtimer
[    0.271834] VFS: Disk quotas dquot_6.6.0
[    0.271891] VFS: Dquot-cache hash table entries: 1024 (order 0, 4096 bytes)
[    0.295430] NET: Registered PF_INET protocol family
[    0.295764] IP idents hash table entries: 8192 (order: 4, 65536 bytes, linear)
[    0.297192] tcp_listen_portaddr_hash hash table entries: 512 (order: 0, 4096 bytes, linear)
[    0.297232] Table-perturb hash table entries: 65536 (order: 6, 262144 bytes, linear)
[    0.297251] TCP established hash table entries: 4096 (order: 2, 16384 bytes, linear)
[    0.297296] TCP bind hash table entries: 4096 (order: 4, 65536 bytes, linear)
[    0.297396] TCP: Hash tables configured (established 4096 bind 4096)
[    0.297519] UDP hash table entries: 256 (order: 1, 14336 bytes, linear)
[    0.297554] UDP-Lite hash table entries: 256 (order: 1, 14336 bytes, linear)
[    0.297742] NET: Registered PF_UNIX/PF_LOCAL protocol family
[    0.301932] RPC: Registered named UNIX socket transport module.
[    0.301954] RPC: Registered udp transport module.
[    0.301960] RPC: Registered tcp transport module.
[    0.301964] RPC: Registered tcp-with-tls transport module.
[    0.301970] RPC: Registered tcp NFSv4.1 backchannel transport module.
[    0.301993] PCI: CLS 0 bytes, default 64
[    0.303383] Initialise system trusted keyrings
[    0.311438] workingset: timestamp_bits=14 max_order=17 bucket_order=3
[    0.312828] NFS: Registering the id_resolver key type
[    0.312916] Key type id_resolver registered
[    0.312923] Key type id_legacy registered
[    0.313028] jffs2: version 2.2. (NAND) (SUMMARY)  Â© 2001-2006 Red Hat, Inc.
[    0.313451] Key type asymmetric registered
[    0.313465] Asymmetric key parser 'x509' registered
[    0.313527] io scheduler mq-deadline registered
[    0.313537] io scheduler kyber registered
[    0.313611] io scheduler bfq registered
[    0.315166] ledtrig-cpu: registered to indicate activity on CPUs
[    0.321627] Serial: 8250/16550 driver, 6 ports, IRQ sharing enabled
[    0.359362] brd: module loaded
[    0.378179] loop: module loaded
[    0.379085] mtdoops: mtd device (mtddev=name/number) must be supplied
[    0.382285] i2c_dev: i2c /dev entries driver
[    0.383280] cpuidle: enable-method property 'ti,am3352' found operations
[    0.383720] sdhci: Secure Digital Host Controller Interface driver
[    0.383729] sdhci: Copyright(c) Pierre Ossman
[    0.383897] sdhci-pltfm: SDHCI platform and OF driver helper
[    0.384892] Initializing XFRM netlink socket
[    0.385067] NET: Registered PF_INET6 protocol family
[    0.397574] Segment Routing with IPv6
[    0.397664] In-situ OAM (IOAM) with IPv6
[    0.397761] sit: IPv6, IPv4 and MPLS over IPv4 tunneling driver
[    0.398712] NET: Registered PF_PACKET protocol family
[    0.398744] NET: Registered PF_KEY protocol family
[    0.398865] Key type dns_resolver registered
[    0.399088] ThumbEE CPU extension supported.
[    0.399108] Registering SWP/SWPB emulation handler
[    0.399647] omap_voltage_late_init: Voltage driver support not added
[    0.399988] SmartReflex Class3 initialized
[    0.432573] Loading compiled-in X.509 certificates
[    0.477256] /ocp/interconnect@44c00000/segment@200000/target-module@b000/i2c@0/tda19988@70: Fixed dependency cycle(s) with /ocp/interconnect@48000000/segment@300000/target-module@e000/lcdc@0
[    0.483763] /ocp/interconnect@44c00000/segment@200000/target-module@b000/i2c@0/tda19988@70: Fixed dependency cycle(s) with /ocp/interconnect@48000000/segment@300000/target-module@e000/lcdc@0
[    0.523805] /ocp/interconnect@44c00000/segment@200000/target-module@b000/i2c@0/tda19988@70: Fixed dependency cycle(s) with /ocp/interconnect@48000000/segment@300000/target-module@e000/lcdc@0
[    0.524719] /ocp/interconnect@44c00000/segment@200000/target-module@b000/i2c@0/tda19988@70: Fixed dependency cycle(s) with /ocp/interconnect@48000000/segment@300000/target-module@e000/lcdc@0
[    0.528145] /ocp/interconnect@44c00000/segment@200000/target-module@10000/scm@0/pinmux@800: Fixed dependency cycle(s) with /ocp/interconnect@44c00000/segment@200000/target-module@10000/scm@0/pinmux@800/clkout2-pins
[    0.528735] pinctrl-single 44e10800.pinmux: 142 pins, size 568
[    0.534276] ti-sysc 44e31000.target-module: probe with driver ti-sysc failed with error -16
[    0.560515] /ocp/interconnect@48000000/segment@300000/target-module@e000/lcdc@0: Fixed dependency cycle(s) with /ocp/interconnect@44c00000/segment@200000/target-module@b000/i2c@0/tda19988@70
[    0.568824] ti-sysc 48040000.target-module: probe with driver ti-sysc failed with error -16
[    0.626842] OMAP GPIO hardware version 0.1
[    0.641438] omap_i2c 4819c000.i2c: bus 2 rev0.11 at 100 kHz
[    0.671707] 48000000.interconnect:segment@200000:target-module@0:mpu@0:fck: device ID is greater than 24
[    0.672649] /ocp/interconnect@48000000/segment@300000/target-module@e000/lcdc@0: Fixed dependency cycle(s) with /ocp/interconnect@44c00000/segment@200000/target-module@b000/i2c@0/tda19988@70
[    0.675490] /ocp/interconnect@48000000/segment@300000/target-module@e000/lcdc@0: Fixed dependency cycle(s) with /ocp/interconnect@44c00000/segment@200000/target-module@b000/i2c@0/tda19988@70
[    0.676204] /ocp/interconnect@44c00000/segment@200000/target-module@b000/i2c@0/tda19988@70: Fixed dependency cycle(s) with /ocp/interconnect@48000000/segmen t@300000/target-module@e000/lcdc@0
[    0.676369] /ocp/interconnect@48000000/segment@300000/target-module@e000/lcdc@0: Fixed dependency cycle(s) with /ocp/interconnect@44c00000/segment@200000/target-module@b000/i2c@0/tda19988@70
[    0.687798] sdhci-omap 481d8000.mmc: supply pbias not found, using dummy regulator
[    0.688292] sdhci-omap 481d8000.mmc: supply vqmmc not found, using dummy regulator
[    0.745047] davinci_mdio 4a101000.mdio: davinci mdio revision 1.6, bus freq 1000000
[    0.900600] da vinci_mdio 4a101000.mdio: phy[0]: device 4a101000.mdio:00, driver SMSC LAN8710/LAN8720
[    0.901497] cpsw-switch 4a100000.switch: initialized cpsw ale version 1.4
[    0.901520] cpsw-switch 4a100000.switch: ALE Table size 1024, Policers 0
[    0.901672] cpsw-switch 4a100000.switch: cpts: overflow check period 500 (jiffies)
[    0.901687] cpsw-switch 4a100000.switch: CPTS: ref_clk_freq:250000000 calc_mult:2147483648 calc_shift:29 error:0 nsec/sec
[    0.901808] cpsw-switch 4a100000.switch: Detected MACID = 6c:ec:eb:68:de:78
[    0.903650] cpsw-switch 4a100000.switch: initialized (regs 0x4a100000, pool size 256) hw_ver:0019010C 1.12 (0)
[    0.914566] debugfs: Directory '49000000.dma' with parent 'dmaengine' already present!
[    0.914607] edma 49000000.dma: TI EDMA DMA engine driver
[    0.952692] target-module@4b000000:target-module@140000:pmu@0:fck: device ID is greater than 24
[    0.978850] hw perfevents: enabled with armv7_cortex_a8 PMU driver, 5 (8000000f) counters available
[    0.986646] l3-aon-clkctrl:0000:0: failed to disable
[    1.000547] 44e09000.serial: ttyS0 at MMIO 0x44e09000 (irq = 34, base_baud = 3000000) is a 8250
[    1.000637] printk: legacy console [ttyS0] enabled
[    2.482143] tps65217-pmic: Failed to locate of_node [id: -1]
[    2.488198] tps65217-bl: Failed to locate of_node [id: -1]
[    2.495630] platform tps65217-charger: DMA mask not set
[    2.502986] platform tps65217-pwrbutton: DMA mask not set
[    2.510814] tps65217 0-0024: TPS65217 ID 0xe version 1.2
[    2.5
[    5.921942] cpsw-switch 4a100000.switch eth0: Link is Up - 100Mbps/Full - flow control off
[    5.961436] IP-Config: Complete:
[    5.964715]      device=eth0, hwaddr=6c:ec:eb:68:de:78, ipaddr=192.168.255.1, mask=255.255.255.0, gw=255.255.255.255
[    5.975382]      host=bbb1, domain=, nis-domain=(none)
[    5.980551]      bootserver=192.168.255.126, rootserver=192.168.255.126, rootpath=
[    5.980973] clk: Disabling unused clocks
[    5.992813] PM: genpd: Disabling unused power domains
[    5.997931] KTAP version 1
[    6.000653] 1..0
[    6.029070] VFS: Mounted root (nfs filesystem) on device 0:17.
[    6.036326] devtmpfs: mounted
[    6.040806] Freeing unused kernel image (initmem) memory: 1024K
[    6.047743] Run /sbin/init as init process
[    6.734327] systemd[1]: System time before build time, advancing clock.
[    8.191187] random: crng init done
[    8.232397] systemd[1]: systemd 232 running in system mode. (+PAM +AUDIT +SELINUX +IMA +APPARMOR +SMACK +SYSVINIT +UTMP +LIBCRYPTSETUP +GCRYPT +GNUTLS +ACL +XZ +LZ4 +SECCOMP +BLKID +ELFUTILS +KMOD +IDN)
[    8.251538] systemd[1]: Detected architecture arm.

Welcome to [1mDebian GNU/Linux 9 (stretch)[0m!

[    8.284206] systemd[1]: Set hostname to <arm>.
[    9.379722] systemd[1]: Created slice User and Session Slice.
[[0;32m  OK  [0m] Created slice User and Session Slice.
[    9.403108] systemd[1]: Listening on /dev/initctl Compatibility Named Pipe.
[[0;32m  OK  [0m] Listening on /dev/initctl Compatibility Named Pipe.
[    9.431574] systemd[1]: Reached target Remote File Systems.
[[0;32m  OK  [0m] Reached target Remote File Systems.
[    9.461576] systemd[1]: Reached target Swap.
[[0;32m  OK  [0m] Reached target Swap.
[    9.482489] systemd[1]: Created slice System Slice.
[[0;32m  OK  [0m] Created slice System Slice.
[    9.512605] systemd[1]: Created slice system-getty.slice.
[[0;32m  OK  [0m] Created slice system-getty.slice.
[    9.571765] systemd[1]: Mounting POSIX Message Queue File System...
         Mounting POSIX Message Queue File System...
[[0;32m  OK  [0m] Listening on Syslog Socket.
[[0;32m  OK  [0m] Listening on Journal Socket (/dev/log).
         Mounting Debug File System...
[[0;32m  OK  [0m] Created slice system-serial\x2dgetty.slice.
[[0;32m  OK  [0m] Reached target Slices.
[[0;32m  OK  [0m] Listening on udev Control Socket.
[[0;32m  OK  [0m] Listening on Journal Audit Socket.
[[0;32m  OK  [0m] Started Dispatch Password Requests to Console Directory Watch.
[[0;32m  OK  [0m] Listening on Journal Socket.
         Starting Remount Root and Kernel File Systems...
         Starting Create list of required stâ€¦ce nodes for the current kernel...
         Starting Journal Service...
[[0;32m  OK  [0m] Started Forward Password Requests to Wall Directory Watch.
[[0;32m  OK  [0m] Reached target Encrypted Volumes.
         Starting Load Kernel Modules...
[[0;32m  OK  [0m] Reached target Paths.
[[0;32m  OK  [0m] Set up automount Arbitrary Executabâ€¦rmats File System Automount Point.
[[0;32m  OK  [0m] Listening on udev Kernel Socket.
[[0;32m  OK  [0m] Mounted POSIX Message Queue File System.
[[0;32m  OK  [0m] Mounted Debug File System.
[[0;32m  OK  [0m] Started Remount Root and Kernel File Systems.
[[0;32m  OK  [0m] Started Create list of required staâ€¦vice nodes for the current kernel.
         Starting Create Static Device Nodes in /dev...
         Starting udev Coldplug all Devices...
         Starting Load/Save Random Seed...
[[0;32m  OK  [0m] Started Load Kernel Modules.
         Mounting Configuration File System...
         Starting Apply Kernel Variables...
[[0;32m  OK  [0m] Mounted Configuration File System.
[[0;32m  OK  [0m] Started Load/Save Random Seed.
[[0;32m  OK  [0m] Started Apply Kernel Variables.
[[0;32m  OK  [0m] Started Create Static Device Nodes in /dev.
[[0;32m  OK  [0m] Reached target Local File Systems (Pre).
[[0;32m  OK  [0m] Reached target Local File Systems.
         Starting Raise network interfaces...
         Starting udev Kernel Device Manager...
[[0;32m  OK  [0m] Started Journal Service.
         Starting Flush Journal to Persistent Storage...
[   11.697933] systemd-journald[86]: Received request to flush runtime journal from PID 1
[[0;32m  OK  [0m] Started Flush Journal to Persistent Storage.
         Starting Create Volatile Files and Directories...
[[0;32m  OK  [0m] Started udev Kernel Device Manager.
[[0;32m  OK  [0m] Started Create Volatile Files and Directories.
         Starting Network Time Synchronization...
         Starting Update UTMP about System Boot/Shutdown...
[[0;32m  OK  [0m] Started Update UTMP about System Boot/Shutdown.
[[0;32m  OK  [0m] Started udev Coldplug all Devices.
[   14.860769] remoteproc remoteproc0: wkup_m3 is available
[   14.944020] omap_rtc 44e3e000.rtc: registered as rtc0
[   14.949250] omap_rtc 44e3e000.rtc: setting system clock to 2000-01-01T00:00:00 UTC (946684800)
[   15.046872] at24 2-0054: supply vcc not found, using dummy regulator
[[0;32m  OK  [0m] Started Network Time Synchronization.
[   15.176959] at24 2-0055: supply vcc not found, using dummy regulator
[   15.310581] at24 2-0056: supply vcc not found, using dummy regulator
[   15.367303] at24 2-0057: supply vcc not found, using dummy regulator
[   15.447562] at24 0-0050: 32768 byte 24c256 EEPROM, writable, 1 bytes/write
[[0;32m  OK  [0m] Found device /dev/ttyS0.
[[0;32m  OK  [0m] Reached target System Initialization.
[   15.632828] input: tps65217_pwrbutton as /devices/platform/ocp/44c00000.interconnect/44c00000.interconnect:segment@200000/44e0b000.target-module/44e0b000.i2c/i2c-0/0-0024/tps65217-pwrbutton/input/input0
[   15.666656] wkup_m3_ipc 44e11324.wkup_m3_ipc: IPC Request for A8->M3 Channel failed! -517
[[0;32m  OK  [0m] Listening on Avahi mDNS/DNS-SD Stack Activation Socket.
[[0;32m  OK  [0m] Listening on D-Bus System Message Bus Socket.
[   15.751878] wkup_m3_ipc 44e11324.wkup_m3_ipc: IPC Request for A8->M3 Channel failed! -517
[[0;32m  OK  [0m] Reached target Sockets.
[[0;32m  OK  [0m] Started Daily Cleanup of Temporary Directories.
[[0;32m  OK  [0m] Reached target Basic System.
[   15.985735] omap_wdt: OMAP Watchdog Timer Rev 0x01: initial timeout 60 sec
[   15.995964] wkup_m3_ipc 44e11324.wkup_m3_ipc: IPC Request for A8->M3 Channel failed! -517
[[0;32m  OK  [0m] Started D-Bus System Message Bus.
[   16.167500] am335x-phy-driver 47401300.usb-phy: dummy supplies not allowed for exclusive requests (id=vbus)
[   16.372302] am335x-phy-driver 47401b00.usb-phy: dummy supplies not allowed for exclusive requests (id=vbus)
[   16.384659] wkup_m3_ipc 44e11324.wkup_m3_ipc: IPC Request for A8->M3 Channel failed! -517
[   16.494563] wkup_m3_ipc 44e11324.wkup_m3_ipc: IPC Request for A8->M3 Channel failed! -517
[   16.727836] usbcore: registered new interface driver usbfs
[   16.735174] usbcore: registered new interface driver hub
[   16.740632] usbcore: registered new device driver usb
[   17.126946] tda998x 0-0070: found TDA19988
[   17.224912] wkup_m3_ipc 44e11324.wkup_m3_ipc: IPC Request for A8->M3 Channel failed! -517
[   17.352993] wkup_m3_ipc 44e11324.wkup_m3_ipc: IPC Request for A8->M3 Channel failed! -517
[   17.466553] musb-hdrc musb-hdrc.1: MUSB HDRC host driver
[   17.472208] musb-hdrc musb-hdrc.1: new USB bus registered, assigned bus number 1
[   17.485075] wkup_m3_ipc 44e11324.wkup_m3_ipc: IPC Request for A8->M3 Channel failed! -517
[   17.590056] usb usb1: New USB device found, idVendor=1d6b, idProduct=0002, bcdDevice= 6.15
[   17.598591] usb usb1: New USB device strings: Mfr=3, Product=2, SerialNumber=1
[   17.605921] usb usb1: Product: MUSB HDRC host driver
[   17.610917] usb usb1: Manufacturer: Linux 6.15.0 musb-hcd
[   17.616377] usb usb1: SerialNumber: musb-hdrc.1
[   17.806409] omap-mailbox 480c8000.mailbox: omap mailbox rev 0x400
[   17.854665] remoteproc remoteproc0: powering up wkup_m3
[   17.963255] hub 1-0:1.0: USB hub found
[   17.975964] remoteproc remoteproc0: Direct firmware load for am335x-pm-firmware.elf failed with error -2
[   17.985812] remoteproc remoteproc0: request_firmware failed: -2
[   17.991854] wkup_m3_ipc 44e11324.wkup_m3_ipc: rproc_boot failed
[   18.040562] hub 1-0:1.0: 1 port detected
[   19.354074] omap_rng 48310000.rng: Random Number Generator ver. 20
[   19.584592] tilcdc 4830e000.lcdc: bound 0-0070 (ops 0xbf0900f8)
[   19.652794] [drm] Initialized tilcdc 1.0.0 for 4830e000.lcdc on minor 0
[   19.717261] tilcdc 4830e000.lcdc: [drm] Cannot find any crtc or sizes
[   19.725726] tilcdc 4830e000.lcdc: [drm] Cannot find any crtc or sizes
         Starting Connection service...
         Starting Telephony service...
         Starting LSB: Start busybox udhcpd at boot time...
[[0;32m  OK  [0m] Started Regular background program processing daemon.
         Starting Avahi mDNS/DNS-SD Stack...
[   20.487768] PM: Cannot get wkup_m3_ipc handle
         Starting Cape Manager Service...
         Starting LSB: Load kernel modules needed to enable cpufreq scaling...
[   20.798838] omap-sham 53100000.sham: hw accel on OMAP rev 4.3
         Starting System Logging Service...
[   20.931480] omap-sham 53100000.sham: will run requests pump with realtime priority
[   20.964794] PM: Cannot get wkup_m3_ipc handle
         Starting DUN service...
         Starting Login Service...
         Starting Generic Board Startup...
[[0;32m  OK  [0m] Reached target System Time Synchronized.
[   21.283290] omap-aes 53500000.aes: OMAP AES hw accel rev: 3.2
[   21.395024] omap-aes 53500000.aes: will run requests pump with realtime priority
[[0;32m  OK  [0m] Started Daily apt download activities.[   21.421011] PM: Cannot get wkup_m3_ipc handle

[[0;32m  OK  [0m] Started Daily apt upgrade and clean activities.
[[0;32m  OK  [0m] Reached target Timers.
[[0;32m  OK  [0m] Started Cape Manager Service.
[[0;32m  OK  [0m] Started System Logging Service.
[   23.973438] Bluetooth: Core ver 2.22
[   23.977275] NET: Registered PF_BLUETOOTH protocol family
[   23.982812] Bluetooth: HCI device and connection manager initialized
[   23.989231] Bluetooth: HCI socket layer initialized
[   23.994194] Bluetooth: L2CAP socket layer initialized
[   23.999311] Bluetooth: SCO socket layer initialized
[   24.770512] gpio-537 (nxp,calib): gpiod_direction_output_nonotify: tried to set a GPIO tied to an IRQ as output
[   24.873939] PM: Cannot get wkup_m3_ipc handle
[   25.014002] PM: Cannot get wkup_m3_ipc handle
[   25.047811] tda9950 0-0034: TDA9950 CEC interface, hardware version 3.3
[   25.152707] PM: Cannot get wkup_m3_ipc handle
[[0;32m  OK  [0m] Started Raise network interfaces.
[[0;32m  OK  [0m] Started LSB: Start busybox udhcpd at boot time.
[[0;32m  OK  [0m] Started LSB: Load kernel modules needed to enable cpufreq scaling.
[[0;32m  OK  [0m] Started Telephony service.
[[0;32m  OK  [0m] Started DUN service.
[[0;32m  OK  [0m] Started Connection service.
[[0;32m  OK  [0m] Started Avahi mDNS/DNS-SD Stack.
[[0;32m  OK  [0m] Started Login Service.
[[0;32m  OK  [0m] Reached target Sound Card.
         Starting LSB: set CPUFreq kernel parameters...
[[0;32m  OK  [0m] Reached target Network.
[   29.287638] configfs-gadget.g_multi gadget.0: HOST MAC 1c:ba:8c:a2:ed:6c
[   29.294641] configfs-gadget.g_multi gadget.0: MAC 1c:ba:8c:a2:ed:70
[   29.302019] configfs-gadget.g_multi gadget.0: HOST MAC 1c:ba:8c:a2:ed:6c
[   29.308783] configfs-gadget.g_multi gadget.0: MAC 1c:ba:8c:a2:ed:6d
[   29.320964] PM: Cannot get wkup_m3_ipc handle
         Starting The Apache HTTP Server...
         Starting Permit User Sessions...
         Starting OpenBSD Secure Shell server...
[[0;32m  OK  [0m] Reached target Network is Online.
         Starting LSB: Advanced IEEE 802.11 management daemon...
[[0;32m  OK  [0m] Started LSB: Advanced IEEE 802.11 management daemon.
[[0;32m  OK  [0m] Started Permit User Sessions.
[[0;32m  OK  [0m] Started LSB: set CPUFreq kernel parameters.
         Starting Hostname Service...
[[0;32m  OK  [0m] Started Getty on tty1.
[[0;32m  OK  [0m] Started Serial Getty on ttyS0.
[[0;32m  OK  [0m] Reached target Login Prompts.
         Starting WPA supplicant...
[[0;32m  OK  [0m] Started Hostname Service.
[[0;32m  OK  [0m] Started WPA supplicant.
[[0;32m  OK  [0m] Started OpenBSD Secure Shell server.
         Stopping LSB: Start busybox udhcpd at boot time...
[[0;32m  OK  [0m] Started The Apache HTTP Server.
[[0;32m  OK  [0m] Stopped LSB: Start busybox udhcpd at boot time.
         Starting dnsmasq - A lightweight DHCP and caching DNS server...
[[0;32m  OK  [0m] Started dnsmasq - A lightweight DHCP and caching DNS server.
[[0;32m  OK  [0m] Reached target Host and Network Name Lookups.
[[0;32m  OK  [0m] Started Serial Getty on ttyGS0.
[[0;32m  OK  [0m] Started Generic Board Startup.
[[0;32m  OK  [0m] Reached target Multi-User System.
[[0;32m  OK  [0m] Reached target Graphical Interface.
         Starting Update UTMP about System Runlevel Changes...
[[0;32m  OK  [0m] Started Update UTMP about System Runlevel Changes.

Debian GNU/Linux 9 arm ttyS0

default username:password is [debian:temppwd]

arm login: root
Password: 
Last login: Sat Jan  1 00:00:30 UTC 2000 on ttyS0
root
Linux arm 6.15.0 #1 SMP Mon May 26 03:10:35 EEST 2025 armv7l

The programs included with the Debian GNU/Linux system are free software;
the exact distribution terms for each program are described in the
individual files in /usr/share/doc/*/copyright.

Debian GNU/Linux comes with ABSOLUTELY NO WARRANTY, to the extent
permitted by applicable law.
root@arm:~# root
-bash: root: command not found
root@arm:~# dmesg -n 1
echo 'MTWV''LQCLOT'
root@arm:~# echo 'MTWV''LQCLOT'
MTWVLQCLOT
root@arm:~# run() { echo -n "$MARKER"; sh -c "$@"; echo "$MARKER $?"; }
root@arm:~# echo 'BHBC''NQBEMW'
BHBCNQBEMW
root@arm:~# MARKER='ALYA''OOUHKE' run 'cat /proc/version'
ALYAOOUHKELinux version 6.15.0 (user01@drvtest01) (arm-none-eabi-gcc (Arm GNU Toolchain 14.2.Rel1 (Build arm-14.52)) 14.2.1 20241119, GNU ld (Arm GNU Toolchain 14.2.Rel1 (Build arm-14.52)) 2.43.1.20241119) #1 SMP Mon May 26 03:10:35 EEST 2025
ALYAOOUHKE 0
root@arm:~# echo 'VOGO''WQUGGB'
VOGOWQUGGB
root@arm:~# MARKER='ZEYY''AHACPV' run false
ZEYYAHACPVZEYYAHACPV 1
root@arm:~# Labgrid Console Logfile for main
Logfile started at 2025-05-26 03:14:58.975909
=== Log starts here ===

root@arm:~# run() { echo -n "$MARKER"; sh -c "$@"; echo "$MARKER $?"; }
root@arm:~# echo 'YLGW''LWATHB'
YLGWLWATHB
root@arm:~# MARKER='AQNN''LTOBBC' run 'ls /iio_generic_buffer; echo $?'
AQNNLTOBBC/iio_generic_buffer
0
AQNNLTOBBC 0
root@arm:~# Labgrid Console Logfile for main
Logfile started at 2025-05-26 03:15:02.307363
=== Log starts here ===

root@arm:~# run() { echo -n "$MARKER"; sh -c "$@"; echo "$MARKER $?"; }
root@arm:~# echo 'HCXK''YUBGTZ'
HCXKYUBGTZ
root@arm:~# MARKER='NUWA''ZFGWWH' run dmesg
NUWAZFGWWH[    0.000000] Booting Linux on physical CPU 0x0
[    0.000000] Linux version 6.15.0 (user01@drvtest01) (arm-none-eabi-gcc (Arm GNU Toolchain 14.2.Rel1 (Build arm-14.52)) 14.2.1 20241119, GNU ld (Arm GNU Toolchain 14.2.Rel1 (Build arm-14.52)) 2.43.1.20241119) #1 SMP Mon May 26 03:10:35 EEST 2025
[    0.000000] CPU: ARMv7 Processor [413fc082] revision 2 (ARMv7), cr=10c5387d
[    0.000000] CPU: PIPT / VIPT nonaliasing data cache, VIPT aliasing instruction cache
[    0.000000] OF: fdt: Machine model: TI AM335x BeagleBone Black
[    0.000000] Memory policy: Data cache writeback
[    0.000000] cma: Reserved 16 MiB at 0x9e800000
[    0.000000] Zone ranges:
[    0.000000]   Normal   [mem 0x0000000080000000-0x000000009fdfffff]
[    0.000000]   HighMem  empty
[    0.000000] Movable zone start for each node
[    0.000000] Early memory node ranges
[    0.000000]   node   0: [mem 0x0000000080000000-0x000000009fdfffff]
[    0.000000] Initmem setup node 0 [mem 0x0000000080000000-0x000000009fdfffff]
[    0.000000] On node 0, zone Normal: 512 pages in unavailable ranges
[    0.000000] OF: reserved mem: Reserved memory: No reserved-memory node in the DT
[    0.000000] CPU: All CPU(s) started in SVC mode.
[    0.000000] AM335X ES2.1 (sgx neon)
[    0.000000] percpu: Embedded 17 pages/cpu s39692 r8192 d21748 u69632
[    0.000000] pcpu-alloc: s39692 r8192 d21748 u69632 alloc=17*4096
[    0.000000] pcpu-alloc: [0] 0 
[    0.000000] Kernel command line: console=ttyO0,115200n8 root=/dev/nfs rw nfsroot=192.168.255.126:/home/user01/nfs,nfsvers=3 ip=192.168.255.1:192.168.255.126::255.255.255.0:bbb1:eth0 nfsrootdebug
[    0.000000] Unknown kernel command line parameters "nfsrootdebug", will be passed to user space.
[    0.000000] printk: log buffer data + meta data: 65536 + 204800 = 270336 bytes
[    0.000000] Dentry cache hash table entries: 65536 (order: 6, 262144 bytes, linear)
[    0.000000] Inode-cache hash table entries: 32768 (order: 5, 131072 bytes, linear)
[    0.000000] Built 1 zonelists, mobility grouping on.  Total pages: 130560
[    0.000000] mem auto-init: stack:off, heap alloc:off, heap free:off
[    0.000000] SLUB: HWalign=16, Order=0-3, MinObjects=0, CPUs=1, Nodes=1
[    0.000000] rcu: Hierarchical RCU implementation.
[    0.000000] rcu: 	RCU event tracing is enabled.
[    0.000000] rcu: 	RCU restricting CPUs from NR_CPUS=2 to nr_cpu_ids=1.
[    0.000000] 	Tracing variant of Tasks RCU enabled.
[    0.000000] rcu: RCU calculated value of scheduler-enlistment delay is 10 jiffies.
[    0.000000] rcu: Adjusting geometry for rcu_fanout_leaf=16, nr_cpu_ids=1
[    0.000000] RCU Tasks Trace: Setting shift to 0 and lim to 1 rcu_task_cb_adjust=1 rcu_task_cpu_ids=1.
[    0.000000] NR_IRQS: 16, nr_irqs: 16, preallocated irqs: 16
[    0.000000] IRQ: Found an INTC at 0x(ptrval) (revision 5.0) with 128 interrupts
[    0.000000] rcu: srcu_init: Setting srcu_struct sizes based on contention.
[    0.000000] TI gptimer clocksource: always-on /ocp/interconnect@44c00000/segment@200000/target-module@31000
[    0.000003] sched_clock: 32 bits at 24MHz, resolution 41ns, wraps every 89478484971ns
[    0.000026] clocksource: dmtimer: mask: 0xffffffff max_cycles: 0xffffffff, max_idle_ns: 79635851949 ns
[    0.000498] TI gptimer clockevent: 24000000 Hz at /ocp/interconnect@48000000/segment@0/target-module@40000
[    0.002117] Console: colour dummy device 80x30
[    0.002186] WARNING: Your 'console=ttyO0' has been replaced by 'ttyS0'
[    0.002193] This ensures that you still see kernel messages. Please
[    0.002198] update your kernel commandline.
[    0.002242] Calibrating delay loop... 996.14 BogoMIPS (lpj=4980736)
[    0.090542] CPU: Testing write buffer coherency: ok
[    0.090652] CPU0: Spectre v2: using BPIALL workaround
[    0.090662] pid_max: default: 32768 minimum: 301
[    0.090820] LSM: initializing lsm=capability
[    0.090998] Mount-cache hash table entries: 1024 (order: 0, 4096 bytes, linear)
[    0.091018] Mountpoint-cache hash table entries: 1024 (order: 0, 4096 bytes, linear)
[    0.092610] CPU0: thread -1, cpu 0, socket -1, mpidr 0
[    0.092667] cacheinfo: Unable to detect cache hierarchy for CPU 0
[    0.160740] Setting up static identity map for 0x80100000 - 0x80100078
[    0.170688] rcu: Hierarchical SRCU implementation.
[    0.170701] rcu: 	Max phase no-delay instances is 1000.
[    0.190742] smp: Bringing up secondary CPUs ...
[    0.190798] smp: Brought up 1 node, 1 CPU
[    0.190812] SMP: Total of 1 processors activated (996.14 BogoMIPS).
[    0.190824] CPU: All CPU(s) started in SVC mode.
[    0.191017] Memory: 480824K/522240K available (11264K kernel code, 1216K rwdata, 2900K rodata, 1024K init, 288K bss, 23384K reserved, 16384K cma-reserved, 0K highmem)
[    0.191864] devtmpfs: initialized
[    0.209045] VFP support v0.3: implementor 41 architecture 3 part 30 variant c rev 3
[    0.209678] clocksource: jiffies: mask: 0xffffffff max_cycles: 0xffffffff, max_idle_ns: 19112604462750000 ns
[    0.209717] posixtimers hash table entries: 512 (order: 0, 4096 bytes, linear)
[    0.209736] futex hash table entries: 256 (order: 2, 16384 bytes, linear)
[    0.211074] pinctrl core: initialized pinctrl subsystem
[    0.213174] NET: Registered PF_NETLINK/PF_ROUTE protocol family
[    0.215995] DMA: preallocated 256 KiB pool for atomic coherent allocations
[    0.216940] audit: initializing netlink subsys (disabled)
[    0.218319] thermal_sys: Registered thermal governor 'fair_share'
[    0.218336] thermal_sys: Registered thermal governor 'step_wise'
[    0.218346] thermal_sys: Registered thermal governor 'user_space'
[    0.218496] audit: type=2000 audit(0.210:1): state=initialized audit_enabled=0 res=1
[    0.218531] cpuidle: using governor menu
[    0.236662] /ocp/interconnect@44c00000/segment@200000/target-module@b000/i2c@0/tda19988@70: Fixed dependency cycle(s) with /ocp/interconnect@48000000/segment@300000/target-module@e000/lcdc@0
[    0.237778] /ocp/interconnect@48000000/segment@300000/target-module@e000/lcdc@0: Fixed dependency cycle(s) with /ocp/interconnect@44c00000/segment@200000/target-module@b000/i2c@0/tda19988@70
[    0.239957] No ATAGs?
[    0.240000] hw-breakpoint: debug architecture 0x4 unsupported.
[    0.242844] kprobes: kprobe jump-optimization is enabled. All kprobes are optimized if possible.
[    0.253694] iommu: Default domain type: Translated
[    0.253718] iommu: DMA domain TLB invalidation policy: strict mode
[    0.255347] reg-fixed-voltage fixedregulator0: using DT '/fixedregulator0' for '(default)' GPIO lookup
[    0.255400] of_get_named_gpiod_flags: can't parse 'gpios' property of node '/fixedregulator0[0]'
[    0.255429] of_get_named_gpiod_flags: can't parse 'gpio' property of node '/fixedregulator0[0]'
[    0.255447] reg-fixed-voltage fixedregulator0: using lookup tables for GPIO lookup
[    0.255457] reg-fixed-voltage fixedregulator0: No GPIO consumer (default) found
[    0.256507] SCSI subsystem initialized
[    0.256958] libata version 3.00 loaded.
[    0.257329] pps_core: LinuxPPS API ver. 1 registered
[    0.257338] pps_core: Software ver. 5.3.6 - Copyright 2005-2007 Rodolfo Giometti <giometti@linux.it>
[    0.257364] PTP clock support registered
[    0.270795] vgaarb: loaded
[    0.271164] clocksource: Switched to clocksource dmtimer
[    0.271834] VFS: Disk quotas dquot_6.6.0
[    0.271891] VFS: Dquot-cache hash table entries: 1024 (order 0, 4096 bytes)
[    0.295430] NET: Registered PF_INET protocol family
[    0.295764] IP idents hash table entries: 8192 (order: 4, 65536 bytes, linear)
[    0.297192] tcp_listen_portaddr_hash hash table entries: 512 (order: 0, 4096 bytes, linear)
[    0.297232] Table-perturb hash table entries: 65536 (order: 6, 262144 bytes, linear)
[    0.297251] TCP established hash table entries: 4096 (order: 2, 16384 bytes, linear)
[    0.297296] TCP bind hash table entries: 4096 (order: 4, 65536 bytes, linear)
[    0.297396] TCP: Hash tables configured (established 4096 bind 4096)
[    0.297519] UDP hash table entries: 256 (order: 1, 14336 bytes, linear)
[    0.297554] UDP-Lite hash table entries: 256 (order: 1, 14336 bytes, linear)
[    0.297742] NET: Registered PF_UNIX/PF_LOCAL protocol family
[    0.301932] RPC: Registered named UNIX socket transport module.
[    0.301954] RPC: Registered udp transport module.
[    0.301960] RPC: Registered tcp transport module.
[    0.301964] RPC: Registered tcp-with-tls transport module.
[    0.301970] RPC: Registered tcp NFSv4.1 backchannel transport module.
[    0.301993] PCI: CLS 0 bytes, default 64
[    0.303383] Initialise system trusted keyrings
[    0.311438] workingset: timestamp_bits=14 max_order=17 bucket_order=3
[    0.312828] NFS: Registering the id_resolver key type
[    0.312916] Key type id_resolver registered
[    0.312923] Key type id_legacy registered
[    0.313028] jffs2: version 2.2. (NAND) (SUMMARY)  Â© 2001-2006 Red Hat, Inc.
[    0.313451] Key type asymmetric registered
[    0.313465] Asymmetric key parser 'x509' registered
[    0.313527] io scheduler mq-deadline registered
[    0.313537] io scheduler kyber registered
[    0.313611] io scheduler bfq registered
[    0.315166] ledtrig-cpu: registered to indicate activity on CPUs
[    0.321627] Serial: 8250/16550 driver, 6 ports, IRQ sharing enabled
[    0.359362] brd: module loaded
[    0.378179] loop: module loaded
[    0.379085] mtdoops: mtd device (mtddev=name/number) must be supplied
[    0.380762] mdio_bus fixed-0: using lookup tables for GPIO lookup
[    0.380788] mdio_bus fixed-0: No GPIO consumer reset found
[    0.382285] i2c_dev: i2c /dev entries driver
[    0.383280] cpuidle: enable-method property 'ti,am3352' found operations
[    0.383720] sdhci: Secure Digital Host Controller Interface driver
[    0.383729] sdhci: Copyright(c) Pierre Ossman
[    0.383897] sdhci-pltfm: SDHCI platform and OF driver helper
[    0.384892] Initializing XFRM netlink socket
[    0.385067] NET: Registered PF_INET6 protocol family
[    0.397574] Segment Routing with IPv6
[    0.397664] In-situ OAM (IOAM) with IPv6
[    0.397761] sit: IPv6, IPv4 and MPLS over IPv4 tunneling driver
[    0.398712] NET: Registered PF_PACKET protocol family
[    0.398744] NET: Registered PF_KEY protocol family
[    0.398865] Key type dns_resolver registered
[    0.399088] ThumbEE CPU extension supported.
[    0.399108] Registering SWP/SWPB emulation handler
[    0.399647] omap_voltage_late_init: Voltage driver support not added
[    0.399988] SmartReflex Class3 initialized
[    0.432573] Loading compiled-in X.509 certificates
[    0.477256] /ocp/interconnect@44c00000/segment@200000/target-module@b000/i2c@0/tda19988@70: Fixed dependency cycle(s) with /ocp/interconnect@48000000/segment@300000/target-module@e000/lcdc@0
[    0.483763] /ocp/interconnect@44c00000/segment@200000/target-module@b000/i2c@0/tda19988@70: Fixed dependency cycle(s) with /ocp/interconnect@48000000/segment@300000/target-module@e000/lcdc@0
[    0.489156] gpiochip_find_base_unlocked: found new base at 512
[    0.523805] /ocp/interconnect@44c00000/segment@200000/target-module@b000/i2c@0/tda19988@70: Fixed dependency cycle(s) with /ocp/interconnect@48000000/segment@300000/target-module@e000/lcdc@0
[    0.524719] /ocp/interconnect@44c00000/segment@200000/target-module@b000/i2c@0/tda19988@70: Fixed dependency cycle(s) with /ocp/interconnect@48000000/segment@300000/target-module@e000/lcdc@0
[    0.528145] /ocp/interconnect@44c00000/segment@200000/target-module@10000/scm@0/pinmux@800: Fixed dependency cycle(s) with /ocp/interconnect@44c00000/segment@200000/target-module@10000/scm@0/pinmux@800/clkout2-pins
[    0.528735] pinctrl-single 44e10800.pinmux: 142 pins, size 568
[    0.534276] ti-sysc 44e31000.target-module: probe with driver ti-sysc failed with error -16
[    0.560515] /ocp/interconnect@48000000/segment@300000/target-module@e000/lcdc@0: Fixed dependency cycle(s) with /ocp/interconnect@44c00000/segment@200000/target-module@b000/i2c@0/tda19988@70
[    0.568824] ti-sysc 48040000.target-module: probe with driver ti-sysc failed with error -16
[    0.580276] gpiochip_find_base_unlocked: found new base at 512
[    0.580380] gpio gpiochip0: (gpio-0-31): created GPIO range 0->7 ==> 44e10800.pinmux PIN 0->7
[    0.580399] gpio gpiochip0: (gpio-0-31): created GPIO range 8->11 ==> 44e10800.pinmux PIN 90->93
[    0.580415] gpio gpiochip0: (gpio-0-31): created GPIO range 12->27 ==> 44e10800.pinmux PIN 12->27
[    0.580430] gpio gpiochip0: (gpio-0-31): created GPIO range 28->31 ==> 44e10800.pinmux PIN 30->33
[    0.626609] gpio gpiochip0: (gpio-0-31): added GPIO chardev (254:0)
[    0.626760] gpio gpiochip0: registered GPIOs 512 to 543 on gpio-0-31
[    0.626842] OMAP GPIO hardware version 0.1
[    0.640248] i2c i2c-2: using DT '/ocp/interconnect@48000000/segment@100000/target-module@9c000/i2c@0' for 'scl' GPIO lookup
[    0.640319] of_get_named_gpiod_flags: can't parse 'scl-gpios' property of node '/ocp/interconnect@48000000/segment@100000/target-module@9c000/i2c@0[0]'
[    0.640361] of_get_named_gpiod_flags: can't parse 'scl-gpio' property of node '/ocp/interconnect@48000000/segment@100000/target-module@9c000/i2c@0[0]'
[    0.640398] i2c i2c-2: using lookup tables for GPIO lookup
[    0.640408] i2c i2c-2: No GPIO consumer scl found
[    0.640429] i2c i2c-2: using DT '/ocp/interconnect@48000000/segment@100000/target-module@9c000/i2c@0' for 'sda' GPIO lookup
[    0.640465] of_get_named_gpiod_flags: can't parse 'sda-gpios' property of node '/ocp/interconnect@48000000/segment@100000/target-module@9c000/i2c@0[0]'
[    0.640502] of_get_named_gpiod_flags: can't parse 'sda-gpio' property of node '/ocp/interconnect@48000000/segment@100000/target-module@9c000/i2c@0[0]'
[    0.640532] i2c i2c-2: using lookup tables for GPIO lookup
[    0.640540] i2c i2c-2: No GPIO consumer sda found
[    0.641438] omap_i2c 4819c000.i2c: bus 2 rev0.11 at 100 kHz
[    0.646979] gpiochip_find_base_unlocked: found new base at 544
[    0.647084] gpio gpiochip1: (gpio-32-63): created GPIO range 0->17 ==> 44e10800.pinmux PIN 34->51
[    0.647104] gpio gpiochip1: (gpio-32-63): created GPIO range 18->21 ==> 44e10800.pinmux PIN 77->80
[    0.647119] gpio gpiochip1: (gpio-32-63): created GPIO range 22->31 ==> 44e10800.pinmux PIN 56->65
[    0.662511] gpio gpiochip1: (gpio-32-63): added GPIO chardev (254:1)
[    0.662682] gpio gpiochip1: registered GPIOs 544 to 575 on gpio-32-63
[    0.664954] gpiochip_find_base_unlocked: found new base at 576
[    0.665042] gpio gpiochip2: (gpio-64-95): created GPIO range 0->4 ==> 44e10800.pinmux PIN 66->70
[    0.665062] gpio gpiochip2: (gpio-64-95): created GPIO range 5->6 ==> 44e10800.pinmux PIN 98->99
[    0.665077] gpio gpiochip2: (gpio-64-95): created GPIO range 7->8 ==> 44e10800.pinmux PIN 75->76
[    0.665092] gpio gpiochip2: (gpio-64-95): created GPIO range 13->13 ==> 44e10800.pinmux PIN 141->141
[    0.665108] gpio gpiochip2: (gpio-64-95): created GPIO range 14->21 ==> 44e10800.pinmux PIN 100->107
[    0.665768] gpio gpiochip2: (gpio-64-95): added GPIO chardev (254:2)
[    0.665908] gpio gpiochip2: registered GPIOs 576 to 607 on gpio-64-95
[    0.671707] 48000000.interconnect:segment@200000:target-module@0:mpu@0:fck: device ID is greater than 24
[    0.672649] /ocp/interconnect@48000000/segment@300000/target-module@e000/lcdc@0: Fixed dependency cycle(s) with /ocp/interconnect@44c00000/segment@200000/target-module@b000/i2c@0/tda19988@70
[    0.675490] /ocp/interconnect@48000000/segment@300000/target-module@e000/lcdc@0: Fixed dependency cycle(s) with /ocp/interconnect@44c00000/segment@200000/target-module@b000/i2c@0/tda19988@70
[    0.676204] /ocp/interconnect@44c00000/segment@200000/target-module@b000/i2c@0/tda19988@70: Fixed dependency cycle(s) with /ocp/interconnect@48000000/segment@300000/target-module@e000/lcdc@0
[    0.676369] /ocp/interconnect@48000000/segment@300000/target-module@e000/lcdc@0: Fixed dependency cycle(s) with /ocp/interconnect@44c00000/segment@200000/target-module@b000/i2c@0/tda19988@70
[    0.686080] mdio_bus 4a101000.mdio: using DT '/ocp/interconnect@4a000000/segment@0/target-module@100000/switch@0/mdio@1000' for 'reset' GPIO lookup
[    0.686153] of_get_named_gpiod_flags: can't parse 'reset-gpios' property of node '/ocp/interconnect@4a000000/segment@0/target-module@100000/switch@0/mdio@1000[0]'
[    0.686199] of_get_named_gpiod_flags: can't parse 'reset-gpio' property of node '/ocp/interconnect@4a000000/segment@0/target-module@100000/switch@0/mdio@1000[0]'
[    0.686246] mdio_bus 4a101000.mdio: using lookup tables for GPIO lookup
[    0.686256] mdio_bus 4a101000.mdio: No GPIO consumer reset found
[    0.687442] sdhci-omap 481d8000.mmc: using DT '/ocp/interconnect@48000000/segment@100000/target-module@d8000/mmc@0' for 'wp' GPIO lookup
[    0.687511] of_get_named_gpiod_flags: can't parse 'wp-gpios' property of node '/ocp/interconnect@48000000/segment@100000/target-module@d8000/mmc@0[0]'
[    0.687556] of_get_named_gpiod_flags: can't parse 'wp-gpio' property of node '/ocp/interconnect@48000000/segment@100000/target-module@d8000/mmc@0[0]'
[    0.687591] sdhci-omap 481d8000.mmc: using lookup tables for GPIO lookup
[    0.687600] sdhci-omap 481d8000.mmc: No GPIO consumer wp found
[    0.687798] sdhci-omap 481d8000.mmc: supply pbias not found, using dummy regulator
[    0.688292] sdhci-omap 481d8000.mmc: supply vqmmc not found, using dummy regulator
[    0.745047] davinci_mdio 4a101000.mdio: davinci mdio revision 1.6, bus freq 1000000
[    0.766957] mdio_bus 4a101000.mdio:00: using DT '/ocp/interconnect@4a000000/segment@0/target-module@100000/switch@0/mdio@1000/ethernet-phy@0' for 'reset' GPIO lookup
[    0.767062] of_get_named_gpiod_flags: parsed 'reset-gpios' property of node '/ocp/interconnect@4a000000/segment@0/target-module@100000/switch@0/mdio@1000/ethernet-phy@0[0]' - status (0)
[    0.767225] gpio gpiochip0: Persistence not supported for GPIO 8
[    0.900600] davinci_mdio 4a101000.mdio: phy[0]: device 4a101000.mdio:00, driver SMSC LAN8710/LAN8720
[    0.901497] cpsw-switch 4a100000.switch: initialized cpsw ale version 1.4
[    0.901520] cpsw-switch 4a100000.switch: ALE Table size 1024, Policers 0
[    0.901672] cpsw-switch 4a100000.switch: cpts: overflow check period 500 (jiffies)
[    0.901687] cpsw-switch 4a100000.switch: CPTS: ref_clk_freq:250000000 calc_mult:2147483648 calc_shift:29 error:0 nsec/sec
[    0.901808] cpsw-switch 4a100000.switch: Detected MACID = 6c:ec:eb:68:de:78
[    0.903650] cpsw-switch 4a100000.switch: initialized (regs 0x4a100000, pool size 256) hw_ver:0019010C 1.12 (0)
[    0.914566] debugfs: Directory '49000000.dma' with parent 'dmaengine' already present!
[    0.914607] edma 49000000.dma: TI EDMA DMA engine driver
[    0.952692] target-module@4b000000:target-module@140000:pmu@0:fck: device ID is greater than 24
[    0.978850] hw perfevents: enabled with armv7_cortex_a8 PMU driver, 5 (8000000f) counters available
[    0.979734] gpio-clk clk_mcasp0: using DT '/clk_mcasp0' for 'enable' GPIO lookup
[    0.979801] of_get_named_gpiod_flags: parsed 'enable-gpios' property of node '/clk_mcasp0[0]' - status (0)
[    0.979845] gpio gpiochip0: Persistence not supported for GPIO 27
[    0.980659] gpiochip_find_base_unlocked: found new base at 608
[    0.980765] gpio gpiochip3: (gpio-96-127): created GPIO range 0->7 ==> 44e10800.pinmux PIN 82->89
[    0.980784] gpio gpiochip3: (gpio-96-127): created GPIO range 8->11 ==> 44e10800.pinmux PIN 52->55
[    0.980800] gpio gpiochip3: (gpio-96-127): created GPIO range 12->15 ==> 44e10800.pinmux PIN 94->97
[    0.980815] gpio gpiochip3: (gpio-96-127): created GPIO range 16->17 ==> 44e10800.pinmux PIN 71->72
[    0.980831] gpio gpiochip3: (gpio-96-127): created GPIO range 18->18 ==> 44e10800.pinmux PIN 135->135
[    0.980847] gpio gpiochip3: (gpio-96-127): created GPIO range 19->20 ==> 44e10800.pinmux PIN 108->109
[    0.980863] gpio gpiochip3: (gpio-96-127): created GPIO range 21->21 ==> 44e10800.pinmux PIN 73->73
[    0.980879] gpio gpiochip3: (gpio-96-127): created GPIO range 22->23 ==> 44e10800.pinmux PIN 8->9
[    0.980896] gpio gpiochip3: (gpio-96-127): created GPIO range 26->27 ==> 44e10800.pinmux PIN 10->11
[    0.980914] gpio gpiochip3: (gpio-96-127): created GPIO range 28->28 ==> 44e10800.pinmux PIN 74->74
[    0.980931] gpio gpiochip3: (gpio-96-127): created GPIO range 29->29 ==> 44e10800.pinmux PIN 81->81
[    0.980949] gpio gpiochip3: (gpio-96-127): created GPIO range 30->31 ==> 44e10800.pinmux PIN 28->29
[    0.986646] l3-aon-clkctrl:0000:0: failed to disable
[    0.997834] gpio gpiochip3: (gpio-96-127): added GPIO chardev (254:3)
[    0.997988] gpio gpiochip3: registered GPIOs 608 to 639 on gpio-96-127
[    0.999902] omap8250 44e09000.serial: using DT '/ocp/interconnect@44c00000/segment@200000/target-module@9000/serial@0' for 'rs485-term' GPIO lookup
[    0.999971] of_get_named_gpiod_flags: can't parse 'rs485-term-gpios' property of node '/ocp/interconnect@44c00000/segment@200000/target-module@9000/serial@0[0]'
[    1.000015] of_get_named_gpiod_flags: can't parse 'rs485-term-gpio' property of node '/ocp/interconnect@44c00000/segment@200000/target-module@9000/serial@0[0]'
[    1.000050] omap8250 44e09000.serial: using lookup tables for GPIO lookup
[    1.000060] omap8250 44e09000.serial: No GPIO consumer rs485-term found
[    1.000071] omap8250 44e09000.serial: using DT '/ocp/interconnect@44c00000/segment@200000/target-module@9000/serial@0' for 'rs485-rx-during-tx' GPIO lookup
[    1.000106] of_get_named_gpiod_flags: can't parse 'rs485-rx-during-tx-gpios' property of node '/ocp/interconnect@44c00000/segment@200000/target-module@9000/serial@0[0]'
[    1.000143] of_get_named_gpiod_flags: can't parse 'rs485-rx-during-tx-gpio' property of node '/ocp/interconnect@44c00000/segment@200000/target-module@9000/serial@0[0]'
[    1.000175] omap8250 44e09000.serial: using lookup tables for GPIO lookup
[    1.000182] omap8250 44e09000.serial: No GPIO consumer rs485-rx-during-tx found
[    1.000547] 44e09000.serial: ttyS0 at MMIO 0x44e09000 (irq = 34, base_baud = 3000000) is a 8250
[    1.000637] printk: legacy console [ttyS0] enabled
[    2.461881] i2c i2c-0: using DT '/ocp/interconnect@44c00000/segment@200000/target-module@b000/i2c@0' for 'scl' GPIO lookup
[    2.461969] of_get_named_gpiod_flags: can't parse 'scl-gpios' property of node '/ocp/interconnect@44c00000/segment@200000/target-module@b000/i2c@0[0]'
[    2.462017] of_get_named_gpiod_flags: can't parse 'scl-gpio' property of node '/ocp/interconnect@44c00000/segment@200000/target-module@b000/i2c@0[0]'
[    2.462057] i2c i2c-0: using lookup tables for GPIO lookup
[    2.462070] i2c i2c-0: No GPIO consumer scl found
[    2.462096] i2c i2c-0: using DT '/ocp/interconnect@44c00000/segment@200000/target-module@b000/i2c@0' for 'sda' GPIO lookup
[    2.462135] of_get_named_gpiod_flags: can't parse 'sda-gpios' property of node '/ocp/interconnect@44c00000/segment@200000/target-module@b000/i2c@0[0]'
[    2.462177] of_get_named_gpiod_flags: can't parse 'sda-gpio' property of node '/ocp/interconnect@44c00000/segment@200000/target-module@b000/i2c@0[0]'
[    2.462213] i2c i2c-0: using lookup tables for GPIO lookup
[    2.462224] i2c i2c-0: No GPIO consumer sda found
[    2.482143] tps65217-pmic: Failed to locate of_node [id: -1]
[    2.488198] tps65217-bl: Failed to locate of_node [id: -1]
[    2.495630] platform tps65217-charger: DMA mask not set
[    2.502986] platform tps65217-pwrbutton: DMA mask not set
[    2.510814] tps65217 0-0024: TPS65217 ID 0xe version 1.2
[    2.516931] /ocp/interconnect@48000000/segment@300000/target-module@e000/lcdc@0: Fixed dependency cycle(s) with /ocp/interconnect@44c00000/segment@200000/target-module@b000/i2c@0/tda19988@70
[    2.534297] /ocp/interconnect@44c00000/segment@200000/target-module@b000/i2c@0/tda19988@70: Fixed dependency cycle(s) with /ocp/interconnect@48000000/segment@300000/target-module@e000/lcdc@0
[    2.551660] omap_i2c 44e0b000.i2c: bus 0 rev0.11 at 400 kHz
[    2.559367] sdhci-omap 48060000.mmc: using DT '/ocp/interconnect@48000000/segment@0/target-module@60000/mmc@0' for 'cd' GPIO lookup
[    2.559471] of_get_named_gpiod_flags: parsed 'cd-gpios' property of node '/ocp/interconnect@48000000/segment@0/target-module@60000/mmc@0[0]' - status (0)
[    2.559538] gpio gpiochip3: Persistence not supported for GPIO 6
[    2.559564] omap_gpio 44e07000.gpio: Could not set line 6 debounce to 200000 microseconds (-22)
[    2.568423] sdhci-omap 48060000.mmc: Got CD GPIO
[    2.573102] sdhci-omap 48060000.mmc: using DT '/ocp/interconnect@48000000/segment@0/target-module@60000/mmc@0' for 'wp' GPIO lookup
[    2.573151] of_get_named_gpiod_flags: can't parse 'wp-gpios' property of node '/ocp/interconnect@48000000/segment@0/target-module@60000/mmc@0[0]'
[    2.573194] of_get_named_gpiod_flags: can't parse 'wp-gpio' property of node '/ocp/interconnect@48000000/segment@0/target-module@60000/mmc@0[0]'
[    2.573233] sdhci-omap 48060000.mmc: using lookup tables for GPIO lookup
[    2.573247] sdhci-omap 48060000.mmc: No GPIO consumer wp found
[    2.573457] sdhci-omap 48060000.mmc: supply pbias not found, using dummy regulator
[    2.582257] sdhci-omap 481d8000.mmc: using DT '/ocp/interconnect@48000000/segment@100000/target-module@d8000/mmc@0' for 'wp' GPIO lookup
[    2.582343] of_get_named_gpiod_flags: can't parse 'wp-gpios' property of node '/ocp/interconnect@48000000/segment@100000/target-module@d8000/mmc@0[0]'
[    2.582392] of_get_named_gpiod_flags: can't parse 'wp-gpio' property of node '/ocp/interconnect@48000000/segment@100000/target-module@d8000/mmc@0[0]'
[    2.582431] sdhci-omap 481d8000.mmc: using lookup tables for GPIO lookup
[    2.582444] sdhci-omap 481d8000.mmc: No GPIO consumer wp found
[    2.583510] sdhci-omap 48060000.mmc: supply vqmmc not found, using dummy regulator
[    2.592633] sdhci-omap 481d8000.mmc: supply pbias not found, using dummy regulator
[    2.600617] sdhci-omap 481d8000.mmc: supply vqmmc not found, using dummy regulator
[    2.637224] mmc1: SDHCI controller on 481d8000.mmc [481d8000.mmc] using External DMA
[    2.646422] mmc0: SDHCI controller on 48060000.mmc [48060000.mmc] using External DMA
[    2.655186] cpsw-switch 4a100000.switch: starting ndev. mode: dual_mac
[    2.700396] mmc0: new high speed SDHC card at address 5048
[    2.707456] mmcblk0: mmc0:5048 SD16G 14.4 GiB
[    2.715466]  mmcblk0: p1 p2
[    2.718878] mmcblk0: p2 size 31221760 extends beyond EOD, truncated
[    2.732427] SMSC LAN8710/LAN8720 4a101000.mdio:00: attached PHY driver (mii_bus:phy_addr=4a101000.mdio:00, irq=POLL)
[    2.745024] mmc1: new high speed MMC card at address 0001
[    2.751973] mmcblk1: mmc1:0001 MMC04G 3.60 GiB
[    2.763531]  mmcblk1: p1 p2
[    2.767781] mmcblk1boot0: mmc1:0001 MMC04G 2.00 MiB
[    2.774945] mmcblk1boot1: mmc1:0001 MMC04G 2.00 MiB
[    2.782373] mmcblk1rpmb: mmc1:0001 MMC04G 128 KiB, chardev (250:0)
[    5.921942] cpsw-switch 4a100000.switch eth0: Link is Up - 100Mbps/Full - flow control off
[    5.961436] IP-Config: Complete:
[    5.964715]      device=eth0, hwaddr=6c:ec:eb:68:de:78, ipaddr=192.168.255.1, mask=255.255.255.0, gw=255.255.255.255
[    5.975382]      host=bbb1, domain=, nis-domain=(none)
[    5.980551]      bootserver=192.168.255.126, rootserver=192.168.255.126, rootpath=
[    5.980973] clk: Disabling unused clocks
[    5.992813] PM: genpd: Disabling unused power domains
[    5.997931] KTAP version 1
[    6.000653] 1..0
[    6.029070] VFS: Mounted root (nfs filesystem) on device 0:17.
[    6.036326] devtmpfs: mounted
[    6.040806] Freeing unused kernel image (initmem) memory: 1024K
[    6.047743] Run /sbin/init as init process
[    6.051931]   with arguments:
[    6.051946]     /sbin/init
[    6.051955]     nfsrootdebug
[    6.051965]   with environment:
[    6.051973]     HOME=/
[    6.051982]     TERM=linux
[    6.734327] systemd[1]: System time before build time, advancing clock.
[    8.191187] random: crng init done
[    8.232397] systemd[1]: systemd 232 running in system mode. (+PAM +AUDIT +SELINUX +IMA +APPARMOR +SMACK +SYSVINIT +UTMP +LIBCRYPTSETUP +GCRYPT +GNUTLS +ACL +XZ +LZ4 +SECCOMP +BLKID +ELFUTILS +KMOD +IDN)
[    8.251538] systemd[1]: Detected architecture arm.
[    8.284206] systemd[1]: Set hostname to <arm>.
[    9.379722] systemd[1]: Created slice User and Session Slice.
[    9.403108] systemd[1]: Listening on /dev/initctl Compatibility Named Pipe.
[    9.431574] systemd[1]: Reached target Remote File Systems.
[    9.461576] systemd[1]: Reached target Swap.
[    9.482489] systemd[1]: Created slice System Slice.
[    9.512605] systemd[1]: Created slice system-getty.slice.
[    9.571765] systemd[1]: Mounting POSIX Message Queue File System...
[   11.697933] systemd-journald[86]: Received request to flush runtime journal from PID 1
[   14.339881] leds-gpio leds: using DT '/leds/led2' for '(default)' GPIO lookup
[   14.339987] of_get_named_gpiod_flags: parsed 'gpios' property of node '/leds/led2[0]' - status (0)
[   14.340047] gpio gpiochip0: Persistence not supported for GPIO 21
[   14.340063] gpio-533 (?): no flags found for GPIO (default)
[   14.394533] leds-gpio leds: using DT '/leds/led3' for '(default)' GPIO lookup
[   14.394805] of_get_named_gpiod_flags: parsed 'gpios' property of node '/leds/led3[0]' - status (0)
[   14.394871] gpio gpiochip0: Persistence not supported for GPIO 22
[   14.394887] gpio-534 (?): no flags found for GPIO (default)
[   14.493862] leds-gpio leds: using DT '/leds/led4' for '(default)' GPIO lookup
[   14.494098] of_get_named_gpiod_flags: parsed 'gpios' property of node '/leds/led4[0]' - status (0)
[   14.494158] gpio gpiochip0: Persistence not supported for GPIO 23
[   14.494173] gpio-535 (?): no flags found for GPIO (default)
[   14.511655] leds-gpio leds: using DT '/leds/led5' for '(default)' GPIO lookup
[   14.511754] of_get_named_gpiod_flags: parsed 'gpios' property of node '/leds/led5[0]' - status (0)
[   14.511808] gpio gpiochip0: Persistence not supported for GPIO 24
[   14.511823] gpio-536 (?): no flags found for GPIO (default)
[   14.860769] remoteproc remoteproc0: wkup_m3 is available
[   14.944020] omap_rtc 44e3e000.rtc: registered as rtc0
[   14.949250] omap_rtc 44e3e000.rtc: setting system clock to 2000-01-01T00:00:00 UTC (946684800)
[   14.958124] omap_rtc 44e3e000.rtc: using DT '/ocp/interconnect@44c00000/segment@200000/target-module@3e000/rtc@0' for 'wp' GPIO lookup
[   14.958199] of_get_named_gpiod_flags: can't parse 'wp-gpios' property of node '/ocp/interconnect@44c00000/segment@200000/target-module@3e000/rtc@0[0]'
[   14.958249] of_get_named_gpiod_flags: can't parse 'wp-gpio' property of node '/ocp/interconnect@44c00000/segment@200000/target-module@3e000/rtc@0[0]'
[   14.958289] omap_rtc 44e3e000.rtc: using lookup tables for GPIO lookup
[   14.958303] omap_rtc 44e3e000.rtc: No GPIO consumer wp found
[   15.046872] at24 2-0054: supply vcc not found, using dummy regulator
[   15.176959] at24 2-0055: supply vcc not found, using dummy regulator
[   15.310581] at24 2-0056: supply vcc not found, using dummy regulator
[   15.367303] at24 2-0057: supply vcc not found, using dummy regulator
[   15.447040] at24 0-0050: using DT '/ocp/interconnect@44c00000/segment@200000/target-module@b000/i2c@0/eeprom@50' for 'wp' GPIO lookup
[   15.447145] of_get_named_gpiod_flags: can't parse 'wp-gpios' property of node '/ocp/interconnect@44c00000/segment@200000/target-module@b000/i2c@0/eeprom@50[0]'
[   15.447204] of_get_named_gpiod_flags: can't parse 'wp-gpio' property of node '/ocp/interconnect@44c00000/segment@200000/target-module@b000/i2c@0/eeprom@50[0]'
[   15.447251] at24 0-0050: using lookup tables for GPIO lookup
[   15.447266] at24 0-0050: No GPIO consumer wp found
[   15.447562] at24 0-0050: 32768 byte 24c256 EEPROM, writable, 1 bytes/write
[   15.632828] input: tps65217_pwrbutton as /devices/platform/ocp/44c00000.interconnect/44c00000.interconnect:segment@200000/44e0b000.target-module/44e0b000.i2c/i2c-0/0-0024/tps65217-pwrbutton/input/input0
[   15.666656] wkup_m3_ipc 44e11324.wkup_m3_ipc: IPC Request for A8->M3 Channel failed! -517
[   15.751878] wkup_m3_ipc 44e11324.wkup_m3_ipc: IPC Request for A8->M3 Channel failed! -517
[   15.985735] omap_wdt: OMAP Watchdog Timer Rev 0x01: initial timeout 60 sec
[   15.995964] wkup_m3_ipc 44e11324.wkup_m3_ipc: IPC Request for A8->M3 Channel failed! -517
[   16.167041] am335x-phy-driver 47401300.usb-phy: using DT '/ocp/target-module@47400000/usb-phy@1300' for 'reset' GPIO lookup
[   16.167137] of_get_named_gpiod_flags: can't parse 'reset-gpios' property of node '/ocp/target-module@47400000/usb-phy@1300[0]'
[   16.167181] of_get_named_gpiod_flags: can't parse 'reset-gpio' property of node '/ocp/target-module@47400000/usb-phy@1300[0]'
[   16.167220] am335x-phy-driver 47401300.usb-phy: using lookup tables for GPIO lookup
[   16.167235] am335x-phy-driver 47401300.usb-phy: No GPIO consumer reset found
[   16.167250] am335x-phy-driver 47401300.usb-phy: using DT '/ocp/target-module@47400000/usb-phy@1300' for 'vbus-detect' GPIO lookup
[   16.167280] of_get_named_gpiod_flags: can't parse 'vbus-detect-gpios' property of node '/ocp/target-module@47400000/usb-phy@1300[0]'
[   16.167312] of_get_named_gpiod_flags: can't parse 'vbus-detect-gpio' property of node '/ocp/target-module@47400000/usb-phy@1300[0]'
[   16.167338] am335x-phy-driver 47401300.usb-phy: using lookup tables for GPIO lookup
[   16.167350] am335x-phy-driver 47401300.usb-phy: No GPIO consumer vbus-detect found
[   16.167500] am335x-phy-driver 47401300.usb-phy: dummy supplies not allowed for exclusive requests (id=vbus)
[   16.371840] am335x-phy-driver 47401b00.usb-phy: using DT '/ocp/target-module@47400000/usb-phy@1b00' for 'reset' GPIO lookup
[   16.371935] of_get_named_gpiod_flags: can't parse 'reset-gpios' property of node '/ocp/target-module@47400000/usb-phy@1b00[0]'
[   16.371982] of_get_named_gpiod_flags: can't parse 'reset-gpio' property of node '/ocp/target-module@47400000/usb-phy@1b00[0]'
[   16.372019] am335x-phy-driver 47401b00.usb-phy: using lookup tables for GPIO lookup
[   16.372035] am335x-phy-driver 47401b00.usb-phy: No GPIO consumer reset found
[   16.372049] am335x-phy-driver 47401b00.usb-phy: using DT '/ocp/target-module@47400000/usb-phy@1b00' for 'vbus-detect' GPIO lookup
[   16.372080] of_get_named_gpiod_flags: can't parse 'vbus-detect-gpios' property of node '/ocp/target-module@47400000/usb-phy@1b00[0]'
[   16.372112] of_get_named_gpiod_flags: can't parse 'vbus-detect-gpio' property of node '/ocp/target-module@47400000/usb-phy@1b00[0]'
[   16.372138] am335x-phy-driver 47401b00.usb-phy: using lookup tables for GPIO lookup
[   16.372150] am335x-phy-driver 47401b00.usb-phy: No GPIO consumer vbus-detect found
[   16.372302] am335x-phy-driver 47401b00.usb-phy: dummy supplies not allowed for exclusive requests (id=vbus)
[   16.384659] wkup_m3_ipc 44e11324.wkup_m3_ipc: IPC Request for A8->M3 Channel failed! -517
[   16.494563] wkup_m3_ipc 44e11324.wkup_m3_ipc: IPC Request for A8->M3 Channel failed! -517
[   16.727836] usbcore: registered new interface driver usbfs
[   16.735174] usbcore: registered new interface driver hub
[   16.740632] usbcore: registered new device driver usb
[   17.126946] tda998x 0-0070: found TDA19988
[   17.224912] wkup_m3_ipc 44e11324.wkup_m3_ipc: IPC Request for A8->M3 Channel failed! -517
[   17.352993] wkup_m3_ipc 44e11324.wkup_m3_ipc: IPC Request for A8->M3 Channel failed! -517
[   17.466553] musb-hdrc musb-hdrc.1: MUSB HDRC host driver
[   17.472208] musb-hdrc musb-hdrc.1: new USB bus registered, assigned bus number 1
[   17.485075] wkup_m3_ipc 44e11324.wkup_m3_ipc: IPC Request for A8->M3 Channel failed! -517
[   17.590056] usb usb1: New USB device found, idVendor=1d6b, idProduct=0002, bcdDevice= 6.15
[   17.598591] usb usb1: New USB device strings: Mfr=3, Product=2, SerialNumber=1
[   17.605921] usb usb1: Product: MUSB HDRC host driver
[   17.610917] usb usb1: Manufacturer: Linux 6.15.0 musb-hcd
[   17.616377] usb usb1: SerialNumber: musb-hdrc.1
[   17.806409] omap-mailbox 480c8000.mailbox: omap mailbox rev 0x400
[   17.854665] remoteproc remoteproc0: powering up wkup_m3
[   17.963255] hub 1-0:1.0: USB hub found
[   17.975964] remoteproc remoteproc0: Direct firmware load for am335x-pm-firmware.elf failed with error -2
[   17.985812] remoteproc remoteproc0: request_firmware failed: -2
[   17.991854] wkup_m3_ipc 44e11324.wkup_m3_ipc: rproc_boot failed
[   18.040562] hub 1-0:1.0: 1 port detected
[   19.354074] omap_rng 48310000.rng: Random Number Generator ver. 20
[   19.584592] tilcdc 4830e000.lcdc: bound 0-0070 (ops 0xbf0900f8)
[   19.652794] [drm] Initialized tilcdc 1.0.0 for 4830e000.lcdc on minor 0
[   19.717261] tilcdc 4830e000.lcdc: [drm] Cannot find any crtc or sizes
[   19.725726] tilcdc 4830e000.lcdc: [drm] Cannot find any crtc or sizes
[   20.487768] PM: Cannot get wkup_m3_ipc handle
[   20.798838] omap-sham 53100000.sham: hw accel on OMAP rev 4.3
[   20.931480] omap-sham 53100000.sham: will run requests pump with realtime priority
[   20.964794] PM: Cannot get wkup_m3_ipc handle
[   21.283290] omap-aes 53500000.aes: OMAP AES hw accel rev: 3.2
[   21.395024] omap-aes 53500000.aes: will run requests pump with realtime priority
[   21.421011] PM: Cannot get wkup_m3_ipc handle
[   23.973438] Bluetooth: Core ver 2.22
[   23.977275] NET: Registered PF_BLUETOOTH protocol family
[   23.982812] Bluetooth: HCI device and connection manager initialized
[   23.989231] Bluetooth: HCI socket layer initialized
[   23.994194] Bluetooth: L2CAP socket layer initialized
[   23.999311] Bluetooth: SCO socket layer initialized
[   24.756338] tda998x 0-0070: using DT '/ocp/interconnect@44c00000/segment@200000/target-module@b000/i2c@0/tda19988@70' for 'nxp,calib' GPIO lookup
[   24.756484] of_get_named_gpiod_flags: parsed 'nxp,calib-gpios' property of node '/ocp/interconnect@44c00000/segment@200000/target-module@b000/i2c@0/tda19988@70[0]' - status (0)
[   24.756866] gpio gpiochip0: Persistence not supported for GPIO 25
[   24.756886] gpio-537 (nxp,calib): no flags found for GPIO nxp,calib
[   24.770512] gpio-537 (nxp,calib): gpiod_direction_output_nonotify: tried to set a GPIO tied to an IRQ as output
[   24.873939] PM: Cannot get wkup_m3_ipc handle
[   24.879718] asoc-simple-card sound: using DT '/sound' for 'simple-audio-card,hp-det' GPIO lookup
[   24.879792] of_get_named_gpiod_flags: can't parse 'simple-audio-card,hp-det-gpios' property of node '/sound[0]'
[   24.879827] of_get_named_gpiod_flags: can't parse 'simple-audio-card,hp-det-gpio' property of node '/sound[0]'
[   24.879852] asoc-simple-card sound: using lookup tables for GPIO lookup
[   24.879866] asoc-simple-card sound: No GPIO consumer simple-audio-card,hp-det found
[   24.879881] asoc-simple-card sound: using DT '/sound' for 'simple-audio-card,mic-det' GPIO lookup
[   24.879905] of_get_named_gpiod_flags: can't parse 'simple-audio-card,mic-det-gpios' property of node '/sound[0]'
[   24.879930] of_get_named_gpiod_flags: can't parse 'simple-audio-card,mic-det-gpio' property of node '/sound[0]'
[   24.879950] asoc-simple-card sound: using lookup tables for GPIO lookup
[   24.879962] asoc-simple-card sound: No GPIO consumer simple-audio-card,mic-det found
[   25.014002] PM: Cannot get wkup_m3_ipc handle
[   25.047811] tda9950 0-0034: TDA9950 CEC interface, hardware version 3.3
[   25.152707] PM: Cannot get wkup_m3_ipc handle
[   28.809560] userial_init: registered 8 ttyGS* devices
[   29.195585] rndis_register: configNr = 0
[   29.286383] udc musb-hdrc.0: binding gadget driver [g_multi]
[   29.286480] configfs-gadget.g_multi gadget.0: adding 'rndis'/56393bbf to config 'c'/6097f254
[   29.287638] configfs-gadget.g_multi gadget.0: HOST MAC 1c:ba:8c:a2:ed:6c
[   29.294641] configfs-gadget.g_multi gadget.0: MAC 1c:ba:8c:a2:ed:70
[   29.301016] rndis_set_param_medium: 0 0
[   29.301037] configfs-gadget.g_multi gadget.0: RNDIS: IN/ep1in OUT/ep1out NOTIFY/ep2in
[   29.301054] configfs-gadget.g_multi gadget.0: adding 'cdc_ethernet'/47d4b9a1 to config 'c'/6097f254
[   29.302019] configfs-gadget.g_multi gadget.0: HOST MAC 1c:ba:8c:a2:ed:6c
[   29.308783] configfs-gadget.g_multi gadget.0: MAC 1c:ba:8c:a2:ed:6d
[   29.315209] configfs-gadget.g_multi gadget.0: CDC Ethernet: IN/ep3in OUT/ep2out NOTIFY/ep4in
[   29.315229] configfs-gadget.g_multi gadget.0: adding 'acm'/b2d80c26 to config 'c'/6097f254
[   29.315267] configfs-gadget.g_multi gadget.0: acm ttyGS0: IN/ep5in OUT/ep3out NOTIFY/ep6in
[   29.320964] PM: Cannot get wkup_m3_ipc handle
[   31.781467] configfs-gadget.g_multi gadget.0: eth_open
[   35.115618] gs_open: ttyGS0 (f05ae4d8,221a5430)
[   35.115780] gs_close: ttyGS0 (f05ae4d8,221a5430) ...
[   35.115802] gs_close: ttyGS0 (f05ae4d8,221a5430) done!
[   35.138794] gs_open: ttyGS0 (e8ab5d46,31eac9b1)
[   35.138947] gs_close: ttyGS0 (e8ab5d46,31eac9b1) ...
[   35.138969] gs_close: ttyGS0 (e8ab5d46,31eac9b1) done!
[   35.342669] gs_open: ttyGS0 (1f182f91,280f7185)
[   35.343603] gs_close: ttyGS0 (1f182f91,280f7185) ...
[   35.343655] gs_close: ttyGS0 (1f182f91,280f7185) done!
[   35.344953] gs_open: ttyGS0 (1f182f91,280f7185)
NUWAZFGWWH 0
root@arm:~# echo 'BWYJ''NJAEOU'
BWYJNJAEOU
root@arm:~# MARKER='BNVL''NWOZWH' run 'modprobe test_linear_ranges'
BNVLNWOZWHBNVLNWOZWH 0
root@arm:~# echo 'NXBG''HUFFLL'
NXBGHUFFLL
root@arm:~# MARKER='EBMF''VSFBJL' run dmesg
EBMFVSFBJL[    0.000000] Booting Linux on physical CPU 0x0
[    0.000000] Linux version 6.15.0 (user01@drvtest01) (arm-none-eabi-gcc (Arm GNU Toolchain 14.2.Rel1 (Build arm-14.52)) 14.2.1 20241119, GNU ld (Arm GNU Toolchain 14.2.Rel1 (Build arm-14.52)) 2.43.1.20241119) #1 SMP Mon May 26 03:10:35 EEST 2025
[    0.000000] CPU: ARMv7 Processor [413fc082] revision 2 (ARMv7), cr=10c5387d
[    0.000000] CPU: PIPT / VIPT nonaliasing data cache, VIPT aliasing instruction cache
[    0.000000] OF: fdt: Machine model: TI AM335x BeagleBone Black
[    0.000000] Memory policy: Data cache writeback
[    0.000000] cma: Reserved 16 MiB at 0x9e800000
[    0.000000] Zone ranges:
[    0.000000]   Normal   [mem 0x0000000080000000-0x000000009fdfffff]
[    0.000000]   HighMem  empty
[    0.000000] Movable zone start for each node
[    0.000000] Early memory node ranges
[    0.000000]   node   0: [mem 0x0000000080000000-0x000000009fdfffff]
[    0.000000] Initmem setup node 0 [mem 0x0000000080000000-0x000000009fdfffff]
[    0.000000] On node 0, zone Normal: 512 pages in unavailable ranges
[    0.000000] OF: reserved mem: Reserved memory: No reserved-memory node in the DT
[    0.000000] CPU: All CPU(s) started in SVC mode.
[    0.000000] AM335X ES2.1 (sgx neon)
[    0.000000] percpu: Embedded 17 pages/cpu s39692 r8192 d21748 u69632
[    0.000000] pcpu-alloc: s39692 r8192 d21748 u69632 alloc=17*4096
[    0.000000] pcpu-alloc: [0] 0 
[    0.000000] Kernel command line: console=ttyO0,115200n8 root=/dev/nfs rw nfsroot=192.168.255.126:/home/user01/nfs,nfsvers=3 ip=192.168.255.1:192.168.255.126::255.255.255.0:bbb1:eth0 nfsrootdebug
[    0.000000] Unknown kernel command line parameters "nfsrootdebug", will be passed to user space.
[    0.000000] printk: log buffer data + meta data: 65536 + 204800 = 270336 bytes
[    0.000000] Dentry cache hash table entries: 65536 (order: 6, 262144 bytes, linear)
[    0.000000] Inode-cache hash table entries: 32768 (order: 5, 131072 bytes, linear)
[    0.000000] Built 1 zonelists, mobility grouping on.  Total pages: 130560
[    0.000000] mem auto-init: stack:off, heap alloc:off, heap free:off
[    0.000000] SLUB: HWalign=16, Order=0-3, MinObjects=0, CPUs=1, Nodes=1
[    0.000000] rcu: Hierarchical RCU implementation.
[    0.000000] rcu: 	RCU event tracing is enabled.
[    0.000000] rcu: 	RCU restricting CPUs from NR_CPUS=2 to nr_cpu_ids=1.
[    0.000000] 	Tracing variant of Tasks RCU enabled.
[    0.000000] rcu: RCU calculated value of scheduler-enlistment delay is 10 jiffies.
[    0.000000] rcu: Adjusting geometry for rcu_fanout_leaf=16, nr_cpu_ids=1
[    0.000000] RCU Tasks Trace: Setting shift to 0 and lim to 1 rcu_task_cb_adjust=1 rcu_task_cpu_ids=1.
[    0.000000] NR_IRQS: 16, nr_irqs: 16, preallocated irqs: 16
[    0.000000] IRQ: Found an INTC at 0x(ptrval) (revision 5.0) with 128 interrupts
[    0.000000] rcu: srcu_init: Setting srcu_struct sizes based on contention.
[    0.000000] TI gptimer clocksource: always-on /ocp/interconnect@44c00000/segment@200000/target-module@31000
[    0.000003] sched_clock: 32 bits at 24MHz, resolution 41ns, wraps every 89478484971ns
[    0.000026] clocksource: dmtimer: mask: 0xffffffff max_cycles: 0xffffffff, max_idle_ns: 79635851949 ns
[    0.000498] TI gptimer clockevent: 24000000 Hz at /ocp/interconnect@48000000/segment@0/target-module@40000
[    0.002117] Console: colour dummy device 80x30
[    0.002186] WARNING: Your 'console=ttyO0' has been replaced by 'ttyS0'
[    0.002193] This ensures that you still see kernel messages. Please
[    0.002198] update your kernel commandline.
[    0.002242] Calibrating delay loop... 996.14 BogoMIPS (lpj=4980736)
[    0.090542] CPU: Testing write buffer coherency: ok
[    0.090652] CPU0: Spectre v2: using BPIALL workaround
[    0.090662] pid_max: default: 32768 minimum: 301
[    0.090820] LSM: initializing lsm=capability
[    0.090998] Mount-cache hash table entries: 1024 (order: 0, 4096 bytes, linear)
[    0.091018] Mountpoint-cache hash table entries: 1024 (order: 0, 4096 bytes, linear)
[    0.092610] CPU0: thread -1, cpu 0, socket -1, mpidr 0
[    0.092667] cacheinfo: Unable to detect cache hierarchy for CPU 0
[    0.160740] Setting up static identity map for 0x80100000 - 0x80100078
[    0.170688] rcu: Hierarchical SRCU implementation.
[    0.170701] rcu: 	Max phase no-delay instances is 1000.
[    0.190742] smp: Bringing up secondary CPUs ...
[    0.190798] smp: Brought up 1 node, 1 CPU
[    0.190812] SMP: Total of 1 processors activated (996.14 BogoMIPS).
[    0.190824] CPU: All CPU(s) started in SVC mode.
[    0.191017] Memory: 480824K/522240K available (11264K kernel code, 1216K rwdata, 2900K rodata, 1024K init, 288K bss, 23384K reserved, 16384K cma-reserved, 0K highmem)
[    0.191864] devtmpfs: initialized
[    0.209045] VFP support v0.3: implementor 41 architecture 3 part 30 variant c rev 3
[    0.209678] clocksource: jiffies: mask: 0xffffffff max_cycles: 0xffffffff, max_idle_ns: 19112604462750000 ns
[    0.209717] posixtimers hash table entries: 512 (order: 0, 4096 bytes, linear)
[    0.209736] futex hash table entries: 256 (order: 2, 16384 bytes, linear)
[    0.211074] pinctrl core: initialized pinctrl subsystem
[    0.213174] NET: Registered PF_NETLINK/PF_ROUTE protocol family
[    0.215995] DMA: preallocated 256 KiB pool for atomic coherent allocations
[    0.216940] audit: initializing netlink subsys (disabled)
[    0.218319] thermal_sys: Registered thermal governor 'fair_share'
[    0.218336] thermal_sys: Registered thermal governor 'step_wise'
[    0.218346] thermal_sys: Registered thermal governor 'user_space'
[    0.218496] audit: type=2000 audit(0.210:1): state=initialized audit_enabled=0 res=1
[    0.218531] cpuidle: using governor menu
[    0.236662] /ocp/interconnect@44c00000/segment@200000/target-module@b000/i2c@0/tda19988@70: Fixed dependency cycle(s) with /ocp/interconnect@48000000/segment@300000/target-module@e000/lcdc@0
[    0.237778] /ocp/interconnect@48000000/segment@300000/target-module@e000/lcdc@0: Fixed dependency cycle(s) with /ocp/interconnect@44c00000/segment@200000/target-module@b000/i2c@0/tda19988@70
[    0.239957] No ATAGs?
[    0.240000] hw-breakpoint: debug architecture 0x4 unsupported.
[    0.242844] kprobes: kprobe jump-optimization is enabled. All kprobes are optimized if possible.
[    0.253694] iommu: Default domain type: Translated
[    0.253718] iommu: DMA domain TLB invalidation policy: strict mode
[    0.255347] reg-fixed-voltage fixedregulator0: using DT '/fixedregulator0' for '(default)' GPIO lookup
[    0.255400] of_get_named_gpiod_flags: can't parse 'gpios' property of node '/fixedregulator0[0]'
[    0.255429] of_get_named_gpiod_flags: can't parse 'gpio' property of node '/fixedregulator0[0]'
[    0.255447] reg-fixed-voltage fixedregulator0: using lookup tables for GPIO lookup
[    0.255457] reg-fixed-voltage fixedregulator0: No GPIO consumer (default) found
[    0.256507] SCSI subsystem initialized
[    0.256958] libata version 3.00 loaded.
[    0.257329] pps_core: LinuxPPS API ver. 1 registered
[    0.257338] pps_core: Software ver. 5.3.6 - Copyright 2005-2007 Rodolfo Giometti <giometti@linux.it>
[    0.257364] PTP clock support registered
[    0.270795] vgaarb: loaded
[    0.271164] clocksource: Switched to clocksource dmtimer
[    0.271834] VFS: Disk quotas dquot_6.6.0
[    0.271891] VFS: Dquot-cache hash table entries: 1024 (order 0, 4096 bytes)
[    0.295430] NET: Registered PF_INET protocol family
[    0.295764] IP idents hash table entries: 8192 (order: 4, 65536 bytes, linear)
[    0.297192] tcp_listen_portaddr_hash hash table entries: 512 (order: 0, 4096 bytes, linear)
[    0.297232] Table-perturb hash table entries: 65536 (order: 6, 262144 bytes, linear)
[    0.297251] TCP established hash table entries: 4096 (order: 2, 16384 bytes, linear)
[    0.297296] TCP bind hash table entries: 4096 (order: 4, 65536 bytes, linear)
[    0.297396] TCP: Hash tables configured (established 4096 bind 4096)
[    0.297519] UDP hash table entries: 256 (order: 1, 14336 bytes, linear)
[    0.297554] UDP-Lite hash table entries: 256 (order: 1, 14336 bytes, linear)
[    0.297742] NET: Registered PF_UNIX/PF_LOCAL protocol family
[    0.301932] RPC: Registered named UNIX socket transport module.
[    0.301954] RPC: Registered udp transport module.
[    0.301960] RPC: Registered tcp transport module.
[    0.301964] RPC: Registered tcp-with-tls transport module.
[    0.301970] RPC: Registered tcp NFSv4.1 backchannel transport module.
[    0.301993] PCI: CLS 0 bytes, default 64
[    0.303383] Initialise system trusted keyrings
[    0.311438] workingset: timestamp_bits=14 max_order=17 bucket_order=3
[    0.312828] NFS: Registering the id_resolver key type
[    0.312916] Key type id_resolver registered
[    0.312923] Key type id_legacy registered
[    0.313028] jffs2: version 2.2. (NAND) (SUMMARY)  Â© 2001-2006 Red Hat, Inc.
[    0.313451] Key type asymmetric registered
[    0.313465] Asymmetric key parser 'x509' registered
[    0.313527] io scheduler mq-deadline registered
[    0.313537] io scheduler kyber registered
[    0.313611] io scheduler bfq registered
[    0.315166] ledtrig-cpu: registered to indicate activity on CPUs
[    0.321627] Serial: 8250/16550 driver, 6 ports, IRQ sharing enabled
[    0.359362] brd: module loaded
[    0.378179] loop: module loaded
[    0.379085] mtdoops: mtd device (mtddev=name/number) must be supplied
[    0.380762] mdio_bus fixed-0: using lookup tables for GPIO lookup
[    0.380788] mdio_bus fixed-0: No GPIO consumer reset found
[    0.382285] i2c_dev: i2c /dev entries driver
[    0.383280] cpuidle: enable-method property 'ti,am3352' found operations
[    0.383720] sdhci: Secure Digital Host Controller Interface driver
[    0.383729] sdhci: Copyright(c) Pierre Ossman
[    0.383897] sdhci-pltfm: SDHCI platform and OF driver helper
[    0.384892] Initializing XFRM netlink socket
[    0.385067] NET: Registered PF_INET6 protocol family
[    0.397574] Segment Routing with IPv6
[    0.397664] In-situ OAM (IOAM) with IPv6
[    0.397761] sit: IPv6, IPv4 and MPLS over IPv4 tunneling driver
[    0.398712] NET: Registered PF_PACKET protocol family
[    0.398744] NET: Registered PF_KEY protocol family
[    0.398865] Key type dns_resolver registered
[    0.399088] ThumbEE CPU extension supported.
[    0.399108] Registering SWP/SWPB emulation handler
[    0.399647] omap_voltage_late_init: Voltage driver support not added
[    0.399988] SmartReflex Class3 initialized
[    0.432573] Loading compiled-in X.509 certificates
[    0.477256] /ocp/interconnect@44c00000/segment@200000/target-module@b000/i2c@0/tda19988@70: Fixed dependency cycle(s) with /ocp/interconnect@48000000/segment@300000/target-module@e000/lcdc@0
[    0.483763] /ocp/interconnect@44c00000/segment@200000/target-module@b000/i2c@0/tda19988@70: Fixed dependency cycle(s) with /ocp/interconnect@48000000/segment@300000/target-module@e000/lcdc@0
[    0.489156] gpiochip_find_base_unlocked: found new base at 512
[    0.523805] /ocp/interconnect@44c00000/segment@200000/target-module@b000/i2c@0/tda19988@70: Fixed dependency cycle(s) with /ocp/interconnect@48000000/segment@300000/target-module@e000/lcdc@0
[    0.524719] /ocp/interconnect@44c00000/segment@200000/target-module@b000/i2c@0/tda19988@70: Fixed dependency cycle(s) with /ocp/interconnect@48000000/segment@300000/target-module@e000/lcdc@0
[    0.528145] /ocp/interconnect@44c00000/segment@200000/target-module@10000/scm@0/pinmux@800: Fixed dependency cycle(s) with /ocp/interconnect@44c00000/segment@200000/target-module@10000/scm@0/pinmux@800/clkout2-pins
[    0.528735] pinctrl-single 44e10800.pinmux: 142 pins, size 568
[    0.534276] ti-sysc 44e31000.target-module: probe with driver ti-sysc failed with error -16
[    0.560515] /ocp/interconnect@48000000/segment@300000/target-module@e000/lcdc@0: Fixed dependency cycle(s) with /ocp/interconnect@44c00000/segment@200000/target-module@b000/i2c@0/tda19988@70
[    0.568824] ti-sysc 48040000.target-module: probe with driver ti-sysc failed with error -16
[    0.580276] gpiochip_find_base_unlocked: found new base at 512
[    0.580380] gpio gpiochip0: (gpio-0-31): created GPIO range 0->7 ==> 44e10800.pinmux PIN 0->7
[    0.580399] gpio gpiochip0: (gpio-0-31): created GPIO range 8->11 ==> 44e10800.pinmux PIN 90->93
[    0.580415] gpio gpiochip0: (gpio-0-31): created GPIO range 12->27 ==> 44e10800.pinmux PIN 12->27
[    0.580430] gpio gpiochip0: (gpio-0-31): created GPIO range 28->31 ==> 44e10800.pinmux PIN 30->33
[    0.626609] gpio gpiochip0: (gpio-0-31): added GPIO chardev (254:0)
[    0.626760] gpio gpiochip0: registered GPIOs 512 to 543 on gpio-0-31
[    0.626842] OMAP GPIO hardware version 0.1
[    0.640248] i2c i2c-2: using DT '/ocp/interconnect@48000000/segment@100000/target-module@9c000/i2c@0' for 'scl' GPIO lookup
[    0.640319] of_get_named_gpiod_flags: can't parse 'scl-gpios' property of node '/ocp/interconnect@48000000/segment@100000/target-module@9c000/i2c@0[0]'
[    0.640361] of_get_named_gpiod_flags: can't parse 'scl-gpio' property of node '/ocp/interconnect@48000000/segment@100000/target-module@9c000/i2c@0[0]'
[    0.640398] i2c i2c-2: using lookup tables for GPIO lookup
[    0.640408] i2c i2c-2: No GPIO consumer scl found
[    0.640429] i2c i2c-2: using DT '/ocp/interconnect@48000000/segment@100000/target-module@9c000/i2c@0' for 'sda' GPIO lookup
[    0.640465] of_get_named_gpiod_flags: can't parse 'sda-gpios' property of node '/ocp/interconnect@48000000/segment@100000/target-module@9c000/i2c@0[0]'
[    0.640502] of_get_named_gpiod_flags: can't parse 'sda-gpio' property of node '/ocp/interconnect@48000000/segment@100000/target-module@9c000/i2c@0[0]'
[    0.640532] i2c i2c-2: using lookup tables for GPIO lookup
[    0.640540] i2c i2c-2: No GPIO consumer sda found
[    0.641438] omap_i2c 4819c000.i2c: bus 2 rev0.11 at 100 kHz
[    0.646979] gpiochip_find_base_unlocked: found new base at 544
[    0.647084] gpio gpiochip1: (gpio-32-63): created GPIO range 0->17 ==> 44e10800.pinmux PIN 34->51
[    0.647104] gpio gpiochip1: (gpio-32-63): created GPIO range 18->21 ==> 44e10800.pinmux PIN 77->80
[    0.647119] gpio gpiochip1: (gpio-32-63): created GPIO range 22->31 ==> 44e10800.pinmux PIN 56->65
[    0.662511] gpio gpiochip1: (gpio-32-63): added GPIO chardev (254:1)
[    0.662682] gpio gpiochip1: registered GPIOs 544 to 575 on gpio-32-63
[    0.664954] gpiochip_find_base_unlocked: found new base at 576
[    0.665042] gpio gpiochip2: (gpio-64-95): created GPIO range 0->4 ==> 44e10800.pinmux PIN 66->70
[    0.665062] gpio gpiochip2: (gpio-64-95): created GPIO range 5->6 ==> 44e10800.pinmux PIN 98->99
[    0.665077] gpio gpiochip2: (gpio-64-95): created GPIO range 7->8 ==> 44e10800.pinmux PIN 75->76
[    0.665092] gpio gpiochip2: (gpio-64-95): created GPIO range 13->13 ==> 44e10800.pinmux PIN 141->141
[    0.665108] gpio gpiochip2: (gpio-64-95): created GPIO range 14->21 ==> 44e10800.pinmux PIN 100->107
[    0.665768] gpio gpiochip2: (gpio-64-95): added GPIO chardev (254:2)
[    0.665908] gpio gpiochip2: registered GPIOs 576 to 607 on gpio-64-95
[    0.671707] 48000000.interconnect:segment@200000:target-module@0:mpu@0:fck: device ID is greater than 24
[    0.672649] /ocp/interconnect@48000000/segment@300000/target-module@e000/lcdc@0: Fixed dependency cycle(s) with /ocp/interconnect@44c00000/segment@200000/target-module@b000/i2c@0/tda19988@70
[    0.675490] /ocp/interconnect@48000000/segment@300000/target-module@e000/lcdc@0: Fixed dependency cycle(s) with /ocp/interconnect@44c00000/segment@200000/target-module@b000/i2c@0/tda19988@70
[    0.676204] /ocp/interconnect@44c00000/segment@200000/target-module@b000/i2c@0/tda19988@70: Fixed dependency cycle(s) with /ocp/interconnect@48000000/segment@300000/target-module@e000/lcdc@0
[    0.676369] /ocp/interconnect@48000000/segment@300000/target-module@e000/lcdc@0: Fixed dependency cycle(s) with /ocp/interconnect@44c00000/segment@200000/target-module@b000/i2c@0/tda19988@70
[    0.686080] mdio_bus 4a101000.mdio: using DT '/ocp/interconnect@4a000000/segment@0/target-module@100000/switch@0/mdio@1000' for 'reset' GPIO lookup
[    0.686153] of_get_named_gpiod_flags: can't parse 'reset-gpios' property of node '/ocp/interconnect@4a000000/segment@0/target-module@100000/switch@0/mdio@1000[0]'
[    0.686199] of_get_named_gpiod_flags: can't parse 'reset-gpio' property of node '/ocp/interconnect@4a000000/segment@0/target-module@100000/switch@0/mdio@1000[0]'
[    0.686246] mdio_bus 4a101000.mdio: using lookup tables for GPIO lookup
[    0.686256] mdio_bus 4a101000.mdio: No GPIO consumer reset found
[    0.687442] sdhci-omap 481d8000.mmc: using DT '/ocp/interconnect@48000000/segment@100000/target-module@d8000/mmc@0' for 'wp' GPIO lookup
[    0.687511] of_get_named_gpiod_flags: can't parse 'wp-gpios' property of node '/ocp/interconnect@48000000/segment@100000/target-module@d8000/mmc@0[0]'
[    0.687556] of_get_named_gpiod_flags: can't parse 'wp-gpio' property of node '/ocp/interconnect@48000000/segment@100000/target-module@d8000/mmc@0[0]'
[    0.687591] sdhci-omap 481d8000.mmc: using lookup tables for GPIO lookup
[    0.687600] sdhci-omap 481d8000.mmc: No GPIO consumer wp found
[    0.687798] sdhci-omap 481d8000.mmc: supply pbias not found, using dummy regulator
[    0.688292] sdhci-omap 481d8000.mmc: supply vqmmc not found, using dummy regulator
[    0.745047] davinci_mdio 4a101000.mdio: davinci mdio revision 1.6, bus freq 1000000
[    0.766957] mdio_bus 4a101000.mdio:00: using DT '/ocp/interconnect@4a000000/segment@0/target-module@100000/switch@0/mdio@1000/ethernet-phy@0' for 'reset' GPIO lookup
[    0.767062] of_get_named_gpiod_flags: parsed 'reset-gpios' property of node '/ocp/interconnect@4a000000/segment@0/target-module@100000/switch@0/mdio@1000/ethernet-phy@0[0]' - status (0)
[    0.767225] gpio gpiochip0: Persistence not supported for GPIO 8
[    0.900600] davinci_mdio 4a101000.mdio: phy[0]: device 4a101000.mdio:00, driver SMSC LAN8710/LAN8720
[    0.901497] cpsw-switch 4a100000.switch: initialized cpsw ale version 1.4
[    0.901520] cpsw-switch 4a100000.switch: ALE Table size 1024, Policers 0
[    0.901672] cpsw-switch 4a100000.switch: cpts: overflow check period 500 (jiffies)
[    0.901687] cpsw-switch 4a100000.switch: CPTS: ref_clk_freq:250000000 calc_mult:2147483648 calc_shift:29 error:0 nsec/sec
[    0.901808] cpsw-switch 4a100000.switch: Detected MACID = 6c:ec:eb:68:de:78
[    0.903650] cpsw-switch 4a100000.switch: initialized (regs 0x4a100000, pool size 256) hw_ver:0019010C 1.12 (0)
[    0.914566] debugfs: Directory '49000000.dma' with parent 'dmaengine' already present!
[    0.914607] edma 49000000.dma: TI EDMA DMA engine driver
[    0.952692] target-module@4b000000:target-module@140000:pmu@0:fck: device ID is greater than 24
[    0.978850] hw perfevents: enabled with armv7_cortex_a8 PMU driver, 5 (8000000f) counters available
[    0.979734] gpio-clk clk_mcasp0: using DT '/clk_mcasp0' for 'enable' GPIO lookup
[    0.979801] of_get_named_gpiod_flags: parsed 'enable-gpios' property of node '/clk_mcasp0[0]' - status (0)
[    0.979845] gpio gpiochip0: Persistence not supported for GPIO 27
[    0.980659] gpiochip_find_base_unlocked: found new base at 608
[    0.980765] gpio gpiochip3: (gpio-96-127): created GPIO range 0->7 ==> 44e10800.pinmux PIN 82->89
[    0.980784] gpio gpiochip3: (gpio-96-127): created GPIO range 8->11 ==> 44e10800.pinmux PIN 52->55
[    0.980800] gpio gpiochip3: (gpio-96-127): created GPIO range 12->15 ==> 44e10800.pinmux PIN 94->97
[    0.980815] gpio gpiochip3: (gpio-96-127): created GPIO range 16->17 ==> 44e10800.pinmux PIN 71->72
[    0.980831] gpio gpiochip3: (gpio-96-127): created GPIO range 18->18 ==> 44e10800.pinmux PIN 135->135
[    0.980847] gpio gpiochip3: (gpio-96-127): created GPIO range 19->20 ==> 44e10800.pinmux PIN 108->109
[    0.980863] gpio gpiochip3: (gpio-96-127): created GPIO range 21->21 ==> 44e10800.pinmux PIN 73->73
[    0.980879] gpio gpiochip3: (gpio-96-127): created GPIO range 22->23 ==> 44e10800.pinmux PIN 8->9
[    0.980896] gpio gpiochip3: (gpio-96-127): created GPIO range 26->27 ==> 44e10800.pinmux PIN 10->11
[    0.980914] gpio gpiochip3: (gpio-96-127): created GPIO range 28->28 ==> 44e10800.pinmux PIN 74->74
[    0.980931] gpio gpiochip3: (gpio-96-127): created GPIO range 29->29 ==> 44e10800.pinmux PIN 81->81
[    0.980949] gpio gpiochip3: (gpio-96-127): created GPIO range 30->31 ==> 44e10800.pinmux PIN 28->29
[    0.986646] l3-aon-clkctrl:0000:0: failed to disable
[    0.997834] gpio gpiochip3: (gpio-96-127): added GPIO chardev (254:3)
[    0.997988] gpio gpiochip3: registered GPIOs 608 to 639 on gpio-96-127
[    0.999902] omap8250 44e09000.serial: using DT '/ocp/interconnect@44c00000/segment@200000/target-module@9000/serial@0' for 'rs485-term' GPIO lookup
[    0.999971] of_get_named_gpiod_flags: can't parse 'rs485-term-gpios' property of node '/ocp/interconnect@44c00000/segment@200000/target-module@9000/serial@0[0]'
[    1.000015] of_get_named_gpiod_flags: can't parse 'rs485-term-gpio' property of node '/ocp/interconnect@44c00000/segment@200000/target-module@9000/serial@0[0]'
[    1.000050] omap8250 44e09000.serial: using lookup tables for GPIO lookup
[    1.000060] omap8250 44e09000.serial: No GPIO consumer rs485-term found
[    1.000071] omap8250 44e09000.serial: using DT '/ocp/interconnect@44c00000/segment@200000/target-module@9000/serial@0' for 'rs485-rx-during-tx' GPIO lookup
[    1.000106] of_get_named_gpiod_flags: can't parse 'rs485-rx-during-tx-gpios' property of node '/ocp/interconnect@44c00000/segment@200000/target-module@9000/serial@0[0]'
[    1.000143] of_get_named_gpiod_flags: can't parse 'rs485-rx-during-tx-gpio' property of node '/ocp/interconnect@44c00000/segment@200000/target-module@9000/serial@0[0]'
[    1.000175] omap8250 44e09000.serial: using lookup tables for GPIO lookup
[    1.000182] omap8250 44e09000.serial: No GPIO consumer rs485-rx-during-tx found
[    1.000547] 44e09000.serial: ttyS0 at MMIO 0x44e09000 (irq = 34, base_baud = 3000000) is a 8250
[    1.000637] printk: legacy console [ttyS0] enabled
[    2.461881] i2c i2c-0: using DT '/ocp/interconnect@44c00000/segment@200000/target-module@b000/i2c@0' for 'scl' GPIO lookup
[    2.461969] of_get_named_gpiod_flags: can't parse 'scl-gpios' property of node '/ocp/interconnect@44c00000/segment@200000/target-module@b000/i2c@0[0]'
[    2.462017] of_get_named_gpiod_flags: can't parse 'scl-gpio' property of node '/ocp/interconnect@44c00000/segment@200000/target-module@b000/i2c@0[0]'
[    2.462057] i2c i2c-0: using lookup tables for GPIO lookup
[    2.462070] i2c i2c-0: No GPIO consumer scl found
[    2.462096] i2c i2c-0: using DT '/ocp/interconnect@44c00000/segment@200000/target-module@b000/i2c@0' for 'sda' GPIO lookup
[    2.462135] of_get_named_gpiod_flags: can't parse 'sda-gpios' property of node '/ocp/interconnect@44c00000/segment@200000/target-module@b000/i2c@0[0]'
[    2.462177] of_get_named_gpiod_flags: can't parse 'sda-gpio' property of node '/ocp/interconnect@44c00000/segment@200000/target-module@b000/i2c@0[0]'
[    2.462213] i2c i2c-0: using lookup tables for GPIO lookup
[    2.462224] i2c i2c-0: No GPIO consumer sda found
[    2.482143] tps65217-pmic: Failed to locate of_node [id: -1]
[    2.488198] tps65217-bl: Failed to locate of_node [id: -1]
[    2.495630] platform tps65217-charger: DMA mask not set
[    2.502986] platform tps65217-pwrbutton: DMA mask not set
[    2.510814] tps65217 0-0024: TPS65217 ID 0xe version 1.2
[    2.516931] /ocp/interconnect@48000000/segment@300000/target-module@e000/lcdc@0: Fixed dependency cycle(s) with /ocp/interconnect@44c00000/segment@200000/target-module@b000/i2c@0/tda19988@70
[    2.534297] /ocp/interconnect@44c00000/segment@200000/target-module@b000/i2c@0/tda19988@70: Fixed dependency cycle(s) with /ocp/interconnect@48000000/segment@300000/target-module@e000/lcdc@0
[    2.551660] omap_i2c 44e0b000.i2c: bus 0 rev0.11 at 400 kHz
[    2.559367] sdhci-omap 48060000.mmc: using DT '/ocp/interconnect@48000000/segment@0/target-module@60000/mmc@0' for 'cd' GPIO lookup
[    2.559471] of_get_named_gpiod_flags: parsed 'cd-gpios' property of node '/ocp/interconnect@48000000/segment@0/target-module@60000/mmc@0[0]' - status (0)
[    2.559538] gpio gpiochip3: Persistence not supported for GPIO 6
[    2.559564] omap_gpio 44e07000.gpio: Could not set line 6 debounce to 200000 microseconds (-22)
[    2.568423] sdhci-omap 48060000.mmc: Got CD GPIO
[    2.573102] sdhci-omap 48060000.mmc: using DT '/ocp/interconnect@48000000/segment@0/target-module@60000/mmc@0' for 'wp' GPIO lookup
[    2.573151] of_get_named_gpiod_flags: can't parse 'wp-gpios' property of node '/ocp/interconnect@48000000/segment@0/target-module@60000/mmc@0[0]'
[    2.573194] of_get_named_gpiod_flags: can't parse 'wp-gpio' property of node '/ocp/interconnect@48000000/segment@0/target-module@60000/mmc@0[0]'
[    2.573233] sdhci-omap 48060000.mmc: using lookup tables for GPIO lookup
[    2.573247] sdhci-omap 48060000.mmc: No GPIO consumer wp found
[    2.573457] sdhci-omap 48060000.mmc: supply pbias not found, using dummy regulator
[    2.582257] sdhci-omap 481d8000.mmc: using DT '/ocp/interconnect@48000000/segment@100000/target-module@d8000/mmc@0' for 'wp' GPIO lookup
[    2.582343] of_get_named_gpiod_flags: can't parse 'wp-gpios' property of node '/ocp/interconnect@48000000/segment@100000/target-module@d8000/mmc@0[0]'
[    2.582392] of_get_named_gpiod_flags: can't parse 'wp-gpio' property of node '/ocp/interconnect@48000000/segment@100000/target-module@d8000/mmc@0[0]'
[    2.582431] sdhci-omap 481d8000.mmc: using lookup tables for GPIO lookup
[    2.582444] sdhci-omap 481d8000.mmc: No GPIO consumer wp found
[    2.583510] sdhci-omap 48060000.mmc: supply vqmmc not found, using dummy regulator
[    2.592633] sdhci-omap 481d8000.mmc: supply pbias not found, using dummy regulator
[    2.600617] sdhci-omap 481d8000.mmc: supply vqmmc not found, using dummy regulator
[    2.637224] mmc1: SDHCI controller on 481d8000.mmc [481d8000.mmc] using External DMA
[    2.646422] mmc0: SDHCI controller on 48060000.mmc [48060000.mmc] using External DMA
[    2.655186] cpsw-switch 4a100000.switch: starting ndev. mode: dual_mac
[    2.700396] mmc0: new high speed SDHC card at address 5048
[    2.707456] mmcblk0: mmc0:5048 SD16G 14.4 GiB
