Labgrid Console Logfile for main
Logfile started at 2025-11-28 09:24:06.331601
=== Log starts here ===
reading args
spl_load_image_fat_os: error reading image args, err - -1
reading u-boot.img
reading u-boot.img


U-Boot 2014.04-00014-g47880f5 (Apr 22 2014 - 13:23:54)

I2C:   ready
DRAM:  512 MiB
NAND:  0 MiB
MMC:   OMAP SD/MMC: 0, OMAP SD/MMC: 1
*** Warning - readenv() failed, using default environment

Net:   <ethaddr> not set. Validating first E-fuse MAC
cpsw, usb_ether
Hit any key to stop autoboot:  1  0 
gpio: pin 53 (gpio 53) value is 1
mmc0 is current device
gpio: pin 54 (gpio 54) value is 1
SD/MMC found on device 0
reading uEnv.txt
583 bytes read in 3 ms (189.5 KiB/s)
gpio: pin 55 (gpio 55) value is 1
Loaded environment from uEnv.txt
Importing environment from mmc ...
Checking if uenvcmd is set ...
gpio: pin 56 (gpio 56) value is 1
Running uenvcmd ...
cpsw Waiting for PHY auto negotiation to complete. done
link up on port 0, speed 100, full duplex
Using cpsw device
TFTP from server 192.168.255.126; our IP address is 192.168.255.1
Filename 'zImage'.
Load address: 0x81000000
Loading: *#################################################################
	 #################################################################
	 #################################################################
	 #################################################################
	 #################################################################
	 #################################################################
	 2.4 MiB/s
done
Bytes transferred = 5722216 (575068 hex)
link up on port 0, speed 100, full duplex
Using cpsw device
TFTP from server 192.168.255.126; our IP address is 192.168.255.1
Filename 'am335x-boneblack.dtb'.
Load address: 0x82000000
Loading: *#######
	 2.3 MiB/s
done
Bytes transferred = 98077 (17f1d hex)
Kernel image @ 0x81000000 [ 0x000000 - 0x575068 ]
## Flattened Device Tree blob at 82000000
   Booting using the fdt blob at 0x82000000
   Using Device Tree in place at 82000000, end 8201af1c

Starting kernel ...

[    0.000000] Booting Linux on physical CPU 0x0
[    0.000000] Linux version 6.18.0-rc7-next-20251128 (user01@drvtest01) (arm-none-eabi-gcc (Arm GNU Toolchain 14.2.Rel1 (Build arm-14.52)) 14.2.1 20241119, GNU ld (Arm GNU Toolchain 14.2.Rel1 (Build arm-14.52)) 2.43.1.20241119) #1 SMP Fri Nov 28 09:22:30 EET 2025
[    0.000000] CPU: ARMv7 Processor [413fc082] revision 2 (ARMv7), cr=10c5387d
[    0.000000] CPU: PIPT / VIPT nonaliasing data cache, VIPT aliasing instruction cache
[    0.000000] OF: fdt: Machine model: TI AM335x BeagleBone Black
[    0.000000] Memory policy: Data cache writeback
[    0.000000] cma: Reserved 16 MiB at 0x9e800000
[    0.000000] Zone ranges:
[    0.000000]   Normal   [mem 0x0000000080000000-0x000000009fdfffff]
[    0.000000]   HighMem  empty
[    0.000000] Movable zone start for each node
[    0.000000] Early memory node ranges
[    0.000000]   node   0: [mem 0x0000000080000000-0x000000009fdfffff]
[    0.000000] Initmem setup node 0 [mem 0x0000000080000000-0x000000009fdfffff]
[    0.000000] On node 0, zone Normal: 512 pages in unavailable ranges
[    0.000000] OF: reserved mem: Reserved memory: No reserved-memory node in the DT
[    0.000000] CPU: All CPU(s) started in SVC mode.
[    0.000000] AM335X ES2.1 (sgx neon)
[    0.000000] percpu: Embedded 17 pages/cpu s40204 r8192 d21236 u69632
[    0.000000] Kernel command line: console=ttyO0,115200n8 root=/dev/nfs rw nfsroot=192.168.255.126:/home/user01/nfs,nfsvers=3 ip=192.168.255.1:192.168.255.126::255.255.255.0:bbb1:eth0 nfsrootdebug fw_devlink=no
[    0.000000] Unknown kernel command line parameters "nfsrootdebug", will be passed to user space.
[    0.000000] printk: log buffer data + meta data: 65536 + 204800 = 270336 bytes
[    0.000000] Dentry cache hash table entries: 65536 (order: 6, 262144 bytes, linear)
[    0.000000] Inode-cache hash table entries: 32768 (order: 5, 131072 bytes, linear)
[    0.000000] Built 1 zonelists, mobility grouping on.  Total pages: 130560
[    0.000000] mem auto-init: stack:off, heap alloc:off, heap free:off
[    0.000000] SLUB: HWalign=16, Order=0-3, MinObjects=0, CPUs=1, Nodes=1
[    0.000000] rcu: Hierarchical RCU implementation.
[    0.000000] rcu: 	RCU event tracing is enabled.
[    0.000000] rcu: 	RCU restricting CPUs from NR_CPUS=2 to nr_cpu_ids=1.
[    0.000000] 	Tracing variant of Tasks RCU enabled.
[    0.000000] rcu: RCU calculated value of scheduler-enlistment delay is 10 jiffies.
[    0.000000] rcu: Adjusting geometry for rcu_fanout_leaf=16, nr_cpu_ids=1
[    0.000000] RCU Tasks Trace: Setting shift to 0 and lim to 1 rcu_task_cb_adjust=1 rcu_task_cpu_ids=1.
[    0.000000] NR_IRQS: 16, nr_irqs: 16, preallocated irqs: 16
[    0.000000] IRQ: Found an INTC at 0x(ptrval) (revision 5.0) with 128 interrupts
[    0.000000] rcu: srcu_init: Setting srcu_struct sizes based on contention.
[    0.000000] TI gptimer clocksource: always-on /ocp/interconnect@44c00000/segment@200000/target-module@31000
[    0.000002] sched_clock: 32 bits at 24MHz, resolution 41ns, wraps every 89478484971ns
[    0.000027] clocksource: dmtimer: mask: 0xffffffff max_cycles: 0xffffffff, max_idle_ns: 79635851949 ns
[    0.000575] TI gptimer clockevent: 24000000 Hz at /ocp/interconnect@48000000/segment@0/target-module@40000
[    0.002149] Console: colour dummy device 80x30
[    0.002215] WARNING: Your 'console=ttyO0' has been replaced by 'ttyS0'
[    0.002223] This ensures that you still see kernel messages. Please
[    0.002227] update your kernel commandline.
[    0.002267] Calibrating delay loop... 996.14 BogoMIPS (lpj=4980736)
[    0.090690] CPU: Testing write buffer coherency: ok
[    0.090773] CPU0: Spectre v2: using BPIALL workaround
[    0.090783] pid_max: default: 32768 minimum: 301
[    0.091101] Mount-cache hash table entries: 1024 (order: 0, 4096 bytes, linear)
[    0.091122] Mountpoint-cache hash table entries: 1024 (order: 0, 4096 bytes, linear)
[    0.092716] CPU0: thread -1, cpu 0, socket -1, mpidr 0
[    0.092775] cacheinfo: Unable to detect cache hierarchy for CPU 0
[    0.094792] Setting up static identity map for 0x80100000 - 0x80100078
[    0.095112] rcu: Hierarchical SRCU implementation.
[    0.095121] rcu: 	Max phase no-delay instances is 1000.
[    0.096892] smp: Bringing up secondary CPUs ...
[    0.096946] smp: Brought up 1 node, 1 CPU
[    0.096960] SMP: Total of 1 processors activated (996.14 BogoMIPS).
[    0.096972] CPU: All CPU(s) started in SVC mode.
[    0.097212] Memory: 479964K/522240K available (12288K kernel code, 1231K rwdata, 2956K rodata, 1024K init, 255K bss, 24364K reserved, 16384K cma-reserved, 0K highmem)
[    0.098066] devtmpfs: initialized
[    0.115489] VFP support v0.3: implementor 41 architecture 3 part 30 variant c rev 3
[    0.116169] clocksource: jiffies: mask: 0xffffffff max_cycles: 0xffffffff, max_idle_ns: 19112604462750000 ns
[    0.116227] posixtimers hash table entries: 512 (order: 0, 4096 bytes, linear)
[    0.116254] futex hash table entries: 256 (16384 bytes on 1 NUMA nodes, total 16 KiB, linear).
[    0.119421] NET: Registered PF_NETLINK/PF_ROUTE protocol family
[    0.122571] DMA: preallocated 256 KiB pool for atomic coherent allocations
[    0.123542] audit: initializing netlink subsys (disabled)
[    0.124890] thermal_sys: Registered thermal governor 'fair_share'
[    0.124906] thermal_sys: Registered thermal governor 'step_wise'
[    0.124915] thermal_sys: Registered thermal governor 'user_space'
[    0.125028] audit: type=2000 audit(0.120:1): state=initialized audit_enabled=0 res=1
[    0.125103] cpuidle: using governor menu
[    0.142961] /ocp/interconnect@44c00000/segment@200000/target-module@b000/i2c@0/tda19988@70: Fixed dependency cycle(s) with /ocp/interconnect@48000000/segment@300000/target-module@e000/lcdc@0
[    0.144058] /ocp/interconnect@48000000/segment@300000/target-module@e000/lcdc@0: Fixed dependency cycle(s) with /ocp/interconnect@44c00000/segment@200000/target-module@b000/i2c@0/tda19988@70
[    0.146240] No ATAGs?
[    0.146277] hw-breakpoint: debug architecture 0x4 unsupported.
[    0.148949] kprobes: kprobe jump-optimization is enabled. All kprobes are optimized if possible.
[    0.153634] iommu: Default domain type: Translated
[    0.153657] iommu: DMA domain TLB invalidation policy: strict mode
[    0.161836] SCSI subsystem initialized
[    0.162705] pps_core: LinuxPPS API ver. 1 registered
[    0.162716] pps_core: Software ver. 5.3.6 - Copyright 2005-2007 Rodolfo Giometti <giometti@linux.it>
[    0.162740] PTP clock support registered
[    0.171342] vgaarb: loaded
[    0.171785] clocksource: Switched to clocksource dmtimer
[    0.172412] VFS: Disk quotas dquot_6.6.0
[    0.172473] VFS: Dquot-cache hash table entries: 1024 (order 0, 4096 bytes)
[    0.197187] NET: Registered PF_INET protocol family
[    0.197526] IP idents hash table entries: 8192 (order: 4, 65536 bytes, linear)
[    0.198966] tcp_listen_portaddr_hash hash table entries: 512 (order: 0, 4096 bytes, linear)
[    0.199004] Table-perturb hash table entries: 65536 (order: 6, 262144 bytes, linear)
[    0.199022] TCP established hash table entries: 4096 (order: 2, 16384 bytes, linear)
[    0.199069] TCP bind hash table entries: 4096 (order: 4, 65536 bytes, linear)
[    0.199169] TCP: Hash tables configured (established 4096 bind 4096)
[    0.199290] UDP hash table entries: 256 (order: 2, 14336 bytes, linear)
[    0.199324] UDP-Lite hash table entries: 256 (order: 2, 14336 bytes, linear)
[    0.199539] NET: Registered PF_UNIX/PF_LOCAL protocol family
[    0.212340] RPC: Registered named UNIX socket transport module.
[    0.212364] RPC: Registered udp transport module.
[    0.212369] RPC: Registered tcp transport module.
[    0.212374] RPC: Registered tcp-with-tls transport module.
[    0.212379] RPC: Registered tcp NFSv4.1 backchannel transport module.
[    0.212404] PCI: CLS 0 bytes, default 64
[    0.213866] Initialise system trusted keyrings
[    0.214464] workingset: timestamp_bits=14 max_order=17 bucket_order=3
[    0.216213] NFS: Registering the id_resolver key type
[    0.216297] Key type id_resolver registered
[    0.216305] Key type id_legacy registered
[    0.216417] jffs2: version 2.2. (NAND) (SUMMARY)  Â© 2001-2006 Red Hat, Inc.
[    0.217315] Key type asymmetric registered
[    0.217336] Asymmetric key parser 'x509' registered
[    0.217408] io scheduler mq-deadline registered
[    0.217418] io scheduler kyber registered
[    0.217510] io scheduler bfq registered
[    0.219329] target-module@4b000000:target-module@140000:pmu@0:fck: device ID is greater than 24
[    0.232214] ledtrig-cpu: registered to indicate activity on CPUs
[    0.236030] Serial: 8250/16550 driver, 6 ports, IRQ sharing enabled
[    0.277795] brd: module loaded
[    0.305606] loop: module loaded
[    0.306530] mtdoops: mtd device (mtddev=name/number) must be supplied
[    0.309522] i2c_dev: i2c /dev entries driver
[    0.310531] cpuidle: enable-method property 'ti,am3352' found operations
[    0.310984] sdhci: Secure Digital Host Controller Interface driver
[    0.310995] sdhci: Copyright(c) Pierre Ossman
[    0.311182] sdhci-pltfm: SDHCI platform and OF driver helper
[    0.312867] hw perfevents: enabled with armv7_cortex_a8 PMU driver, 5 (8000000f) counters available
[    0.313398] Initializing XFRM netlink socket
[    0.313573] NET: Registered PF_INET6 protocol family
[    0.315625] Segment Routing with IPv6
[    0.315717] In-situ OAM (IOAM) with IPv6
[    0.315814] sit: IPv6, IPv4 and MPLS over IPv4 tunneling driver
[    0.316785] NET: Registered PF_PACKET protocol family
[    0.316804] PFKEY is deprecated and scheduled to be removed in 2027, please contact the netdev mailing list
[    0.316819] NET: Registered PF_KEY protocol family
[    0.316995] Key type dns_ resolver registered
[    0.317231] ThumbEE CPU extension supported.
[    0.317251] Registering SWP/SWPB emulation handler
[    0.317767] omap_voltage_late_init: Voltage driver support not added
[    0.318427] SmartReflex Class3 initialized
[    0.348424] Loading compiled-in X.509 certificates
[    0.393427] /ocp/interconnect@44c00000/segment@200000/target-module@b000/i2c@0/tda19988@70: Fixed dependency cycle(s) with /ocp/interconnect@48000000/segment@300000/target-module@e000/lcdc@0
[    0.399810]  /ocp/interconnect@44c00000/segment@200000/target-module@b000/i2c@0/tda19988@70: Fixed dependency cycle(s) with /ocp/interconnect@48000000/segment@300000/target-module@e000/lcdc@0
[    0.420655] /ocp/interconnect@44c00000/segment@200000/target-module@b000/i2c@0/tda19988@70: Fixed dependency cycle(s) with /ocp/interconnect@48000000/segment@300000/target-module@e000/lcdc@0
[    0.421576] /ocp/interconnect@44c00000/segment@200000/target-module@b000/i2c@0/tda19988@70: Fixed dependency cycle(s) with /ocp/interconnect@48000000/segment@300000/target-module@e000/lcdc@0
[    0.425495] /ocp/interconnect@44c00000/segment@200000/target-module@10000/scm@0/pinmux@800: Fixed dependency cycle(s) with /ocp/interconnect@44c00000/segment@200000/target-module@10000/scm@0/pinmux@800/clkout2-pins
[    0.426117] pinctrl-single 44e10800.pinmux: 142 pins, size 568
[    0.469098] /ocp/interconnect@48000000/segment@300000/target-module@e000/lcdc@0: Fixed dependency cycle(s) with /ocp/interconnect@44c00000/segment@200000/target-module@b000/i2c@0/tda19988@70
[    0.526812] OMAP GPIO hardware version 0.1
[    0.580583] omap_i2c 4819c000.i2c: bus 2 rev0.11 at 100 kHz
[    0.596952] 48000000.interconnect:segment@200000:target-module@0:mpu@0:fck: device ID is greater than 24
[    0.597869] /ocp/interconnect@48000000/segment@300000/target-module@e000/lcdc@0: Fixed dependency cycle(s) with /ocp/interconnect@44c00000/segment@200000/target-module@b000/i2c@0/tda19988@70
[    0.600701] /ocp/interconnect@48000000/segment@300000/target-module@e
[    2.462733] tps65217-pmic: Failed to locate of_node [id: -1]
[    2.468807] tps65217-bl: Failed to locate of_node [id: -1]
[    2.476219] platform tps65217-charger: DMA mask not set
[    2.483253] platform tps65217-pwrbutton: DMA mask not set
[    2.491006] tps65217 0-0024: TPS65217 ID 0xe version 1.2
[    2.497091] /ocp/interconnect@48000000/segment@300000/target-module@e000/lcdc@0: Fixed dependency cycle(s) with /ocp/interconnect@44c00000/segment@200000/target-module@b000/i2c@0/tda19988@70
[    2.514500] /ocp/interconnect@44c00000/segment@200000/target-module@b000/i2c@0/tda19988@70: Fixed dependency cycle(s) with /ocp/interconnect@48000000/segment@300000/target-module@e000/lcdc@0
[    2.531897] omap_i2c 44e0b000.i2c: bus 0 rev0.11 at 400 kHz
[    2.539995] omap_gpio 44e07000.gpio: Could not set line 6 debounce to 200000 microseconds (-22)
[    2.548880] sdhci-omap 48060000.mmc: Got CD GPIO
[    2.553919] sdhci-omap 48060000.mmc: supply pbias not found, using dummy regulator
[    2.564346] sdhci-omap 48060000.mmc: supply vqmmc not found, using dummy regulator
[    2.573486] sdhci-omap 481d8000.mmc: supply pbias not found, using dummy regulator
[    2.581919] sdhci-omap 481d8000.mmc: supply vqmmc not found, using dummy regulator
[    2.619808] mmc1: SDHCI controller on 481d8000.mmc [481d8000.mmc] using External DMA
[    2.628867] mmc0: SDHCI controller on 48060000.mmc [48060000.mmc] using External DMA
[    2.637808] cpsw-switch 4a100000.switch: starting ndev. mode: dual_mac
[    2.702084] mmc1: new high speed MMC card at address 0001
[    2.708934] mmcblk1: mmc1:0001 MMC04G 3.60 GiB
[    2.716815]  mmcblk1: p1 p2
[    2.720622] SMSC LAN8710/LAN8720 4a101000.mdio:00: attached PHY driver (mii_bus:phy_addr=4a101000.mdio:00, irq=POLL)
[    2.732142] mmcblk1boot0: mmc1:0001 MMC04G 2.00 MiB
[    2.747042] mmcblk1boot1: mmc1:0001 MMC04G 2.00 MiB
[    2.755972] mmcblk1rpmb: mmc1:0001 MMC04G 128 KiB, chardev (249:0)
[    2.804828] mmc0: new high speed SDHC card at address aaaa
[    2.811649] mmcblk0: mmc0:aaaa SE32G 29.7 GiB
[    2.820943]  mmcblk0: p1 p2
[    5.842518] cpsw-switch 4a100000.switch eth0: Link is Up - 100Mbps/Full - flow control off
[    5.881991] IP-Config: Complete:
[    5.885267]      device=eth0, hwaddr=6c:ec:eb:68:de:78, ipaddr=192.168.255.1, mask=255.255.255.0, gw=255.255.255.255
[    5.895944]      host=bbb1, domain=, nis-domain=(none)
[    5.901113]      bootserver=192.168.255.126, rootserver=192.168.255.126, rootpath=
[    5.901526] clk: Disabling unused clocks
[    5.913357] PM: genpd: Disabling unused power domains
[    5.918523] KTAP version 1
[    5.921249] 1..0
[    5.923812] check access for rdinit=/init failed: -2, ignoring
[    5.957057] VFS: Mounted root (nfs filesystem) on device 0:17.
[    5.964153] devtmpfs: mounted
[    5.968665] Freeing unused kernel image (initmem) memory: 1024K
[    5.975567] Run /sbin/init as init process
[    6.704500] systemd[1]: System time before build time, advancing clock.
[    8.251783] random: crng init done
[    8.284406] systemd[1]: systemd 232 running in system mode. (+PAM +AUDIT +SELINUX +IMA +APPARMOR +SMACK +SYSVINIT +UTMP +LIBCRYPTSETUP +GCRYPT +GNUTLS +ACL +XZ +LZ4 +SECCOMP +BLKID +ELFUTILS +KMOD +IDN)
[    8.303578] systemd[1]: Detected architecture arm.

Welcome to [1mDebian GNU/Linux 9 (stretch)[0m!

[    8.335407] systemd[1]: Set hostname to <arm>.
[    9.457879] systemd[1]: Reached target Swap.
[[0;32m  OK  [0m] Reached target Swap.
[    9.486034] systemd[1]: Listening on udev Control Socket.
[[0;32m  OK  [0m] Listening on udev Control Socket.
[    9.513504] systemd[1]: systemd-journald-dev-log.socket: SO_PASSSEC failed: Operation not supported
[    9.523211] systemd[1]: Listening on Journal Socket (/dev/log).
[[0;32m  OK  [0m] Listening on Journal Socket (/dev/log).
[    9.552816] systemd[1]: Listening on Journal Audit Socket.
[[0;32m  OK  [0m] Listening on Journal Audit Socket.
[    9.583301] systemd[1]: Created slice System Slice.
[[0;32m  OK  [0m] Created slice System Slice.
[    9.625627] systemd[1]: Mounting Debug File System...
         Mounting Debug File System...
[[0;32m  OK  [0m] Listening on udev Kernel Socket.
[[0;32m  OK  [0m] Set up automount Arbitrary Executabâ€¦rmats File System Automount Point.
[[0;32m  OK  [0m] Listening on Syslog Socket.
[[0;32m  OK  [0m] Created slice User and Session Slice.
         Mounting POSIX Message Queue File System...
[[0;32m  OK  [0m] Created slice system-serial\x2dgetty.slice.
[[0;32m  OK  [0m] Listening on Journal Socket.
         Starting Journal Service...
         Starting Load Kernel Modules...
[[0;32m  OK  [0m] Listening on /dev/initctl Compatibility Named Pipe.
[[0;32m  OK  [0m] Started Forward Password Requests to Wall Directory Watch.
[[0;32m  OK  [0m] Created slice system-getty.slice.
[[0;32m  OK  [0m] Reached target Slices.
[[0;32m  OK  [0m] Reached target Remote File Systems.
         Starting Create list of required stâ€¦ce nodes for the current kernel...
         Starting Remount Root and Kernel File Systems...
[[0;32m  OK  [0m] Started Dispatch Password Requests to Console Directory Watch.
[[0;32m  OK  [0m] Reached target Encrypted Volumes.
[[0;32m  OK  [0m] Reached target Paths.
[[0;32m  OK  [0m] Mounted POSIX Message Queue File System.
[[0;32m  OK  [0m] Mounted Debug File System.
[[0;32m  OK  [0m] Started Load Kernel Modules.
[[0;32m  OK  [0m] Started Create list of required staâ€¦vice nodes for the current kernel.
[[0;32m  OK  [0m] Started Remount Root and Kernel File Systems.
         Starting udev Coldplug all Devices...
         Starting Load/Save Random Seed...
         Starting Create Static Device Nodes in /dev...
         Starting Apply Kernel Variables...
         Mounting Configuration File System...
[[0;32m  OK  [0m] Mounted Configuration File System.
[[0;32m  OK  [0m] Started Load/Save Random Seed.
[[0;32m  OK  [0m] Started Journal Service.
         Starting Flush Journal to Persistent Storage...
[[0;32m  OK  [0m] Started Apply Kernel Variables.
[[0;32m  OK  [0m] Started Create Static Device Nodes in /dev.
[   11.376090] systemd-journald[109]: Received request to flush runtime journal from PID 1
         Starting udev Kernel Device Manager...
[[0;32m  OK  [0m] Reached target Local File Systems (Pre).
[[0;32m  OK  [0m] Reached target Local File Systems.
         Starting Raise network interfaces...
[[0;32m  OK  [0m] Started Flush Journal to Persistent Storage.
         Starting Create Volatile Files and Directories...
[[0;32m  OK  [0m] Started udev Kernel Device Manager.
[   12.642207] omap_prm 44e00d00.prm: sync_state() pending due to 44d00000.cpu
[[0;32m  OK  [0m] Started Create Volatile Files and Directories.
         Starting Update UTMP about System Boot/Shutdown...
         Starting Network Time Synchronization...
[[0;32m  OK  [0m] Started Update UTMP about System Boot/Shutdown.
[[0;32m  OK  [0m] Started udev Coldplug all Devices.
[[0;32m  OK  [0m] Started Network Time Synchronization.
[[0;32m  OK  [0m] Reached target System Initialization.
[[0;32m  OK  [0m] Listening on D-Bus System Message Bus Socket.
[[0;32m  OK  [0m] Started Daily Cleanup of Temporary Directories.
[   15.064082] remoteproc remoteproc0: wkup_m3 is available
[[0;32m  OK  [0m] Listening on Avahi mDNS/DNS-SD Stack Activation Socket.
[   15.127310] omap_wdt: OMAP Watchdog Timer Rev 0x01: initial timeout 60 sec
[[0;32m  OK  [0m] Reached target Sockets.
[[0;32m  OK  [0m] Reached target Basic System.
         Starting Telephony service...
[   15.300270] omap_rtc 44e3e000.rtc: registered as rtc0
[   15.305632] omap_rtc 44e3e000.rtc: setting system clock to 2000-01-01T00:00:00 UTC (946684800)
         Starting Avahi mDNS/DNS-SD Stack...
         Starting LSB: Start busybox udhcpd at boot time...
         Starting DUN service...
[   15.692620] at24 2-0054: supply vcc not found, using dummy regulator
[   15.824778] input: tps65217_pwrbutton as /devices/platform/ocp/44c00000.interconnect/44c00000.interconnect:segment@200000/44e0b000.target-module/44e0b000.i2c/i2c-0/0-0024/tps65217-pwrbutton/input/input0
[   15.870183] at24 2-0055: supply vcc not found, using dummy regulator
         Starting LSB: Load kernel modules needed to enable cpufreq scaling...
[   16.014539] at24 2-0056: supply vcc not found, using dummy regulator
[[0;32m  OK  [0m] Started D-Bus System Message Bus.
[   16.133185] at24 2-0057: supply vcc not found, using dummy regulator
[   16.263718] at24 0-0050: 4096 byte 24c32 EEPROM, writable, 1 bytes/write
[   17.019290] am335x-phy-driver 47401300.usb-phy: dummy supplies not allowed for exclusive requests (id=vbus)
[   17.174234] am335x-phy-driver 47401b00.usb-phy: dummy supplies not allowed for exclusive requests (id=vbus)
[   17.319583] usbcore: registered new interface driver usbfs
[   17.325705] usbcore: registered new interface driver hub
[   17.331171] usbcore: registered new device driver usb
[   18.349135] musb-hdrc musb-hdrc.1: MUSB HDRC host driver
[   18.354753] musb-hdrc musb-hdrc.1: new USB bus registered, assigned bus number 1
[   18.577310] usb usb1: New USB device found, idVendor=1d6b, idProduct=0002, bcdDevice= 6.18
[   18.585839] usb usb1: New USB device strings: Mfr=3, Product=2, SerialNumber=1
[   18.593161] usb usb1: Product: MUSB HDRC host driver
[   18.598156] usb usb1: Manufacturer: Linux 6.18.0-rc7-next-20251128 musb-hcd
[   18.605202] usb usb1: SerialNumber: musb-hdrc.1
[   18.646973] tda998x 0-0070: found TDA19988
[   18.862664] omap-mailbox 480c8000.mailbox: omap mailbox rev 0x400
[   18.902473] remoteproc remoteproc0: powering up wkup_m3
[   18.999599] hub 1-0:1.0: USB hub found
[   19.014404] remoteproc remoteproc0: Direct firmware load for am335x-pm-firmware.elf failed with error -2
[   19.024268] remoteproc remoteproc0: request_firmware failed: -2
[   19.030271] wkup_m3_ipc 44e11324.wkup_m3_ipc: rproc_boot failed
[   19.087181] hub 1-0:1.0: 1 port detected
[[0;32m  OK  [0m] Started Avahi mDNS/DNS-SD Stack.
[[0;32m  OK  [0m] Started DUN service.
[[0;32m  OK  [0m] Started Telephony service.
[   20.922903] ------------[ cut here ]------------
[   20.927621] WARNING: net/8021q/vlan_core.c:236 at vlan_for_each+0x114/0x134, CPU#0: avahi-daemon/195
[   20.936906] RTNL: assertion failed at net/8021q/vlan_core.c (236)
[   20.943056] Modules linked in: rng_core snd_soc_davinci_mcasp snd_soc_ti_udma snd_soc_ti_edma snd_soc_ti_sdma snd_soc_core snd_pcm_dmaengine snd_pcm omap_mailbox snd_timer tda998x cec musb_dsps snd musb_hdrc drm_kms_helper soundcore udc_core usbcore drm phy_am335x phy_generic usb_common cppi41 drm_panel_orientation_quirks tps65218_pwrbutton at24 rtc_omap wkup_m3_ipc omap_wdt wkup_m3_rproc watchdog phy_am335x_control leds_gpio cpufreq_dt led_class autofs4
[   20.983752] CPU: 0 UID: 107 PID: 195 Comm: avahi-daemon Not tainted 6.18.0-rc7-next-20251128 #1 NONE 
[   20.983771] Hardware name: Generic AM33XX (Flattened Device Tree)
[   20.983780] Call trace: 
[   20.983797]  unwind_backtrace from show_stack+0x10/0x14
[   20.983834]  show_stack from dump_stack_lvl+0x50/0x64
[   20.983859]  dump_stack_lvl from __warn+0x88/0x148
[   20.983877]  __warn from warn_slowpath_fmt+0x19c/0x1b0
[   20.983890]  warn_slowpath_fmt from vlan_for_each+0x114/0x134
[   20.983909]  vlan_for_each from cpsw_add_mc_addr+0x40/0xa4
[   20.983944]  cpsw_add_mc_addr from __hw_addr_ref_sync_dev+0x108/0x140
[   20.983973]  __hw_addr_ref_sync_dev from __dev_mc_add+0x7c/0x80
[   20.983992]  __dev_mc_add from igmp6_group_added+0xc8/0xe0
[   20.984015]  igmp6_group_added from __ipv6_dev_mc_inc+0x218/0x364
[   20.984030]  __ipv6_dev_mc_inc from __ipv6_sock_mc_join+0x11c/0x1c0
[   20.984045]  __ipv6_sock_mc_join from do_ipv6_setsockopt+0x1214/0x1310
[   20.984072]  do_ipv6_setsockopt from ipv6_setsockopt+0x60/0xcc
[   20.984090]  ipv6_setsockopt from udpv6_setsockopt+0x2c/0x6c
[   20.984112]  udpv6_setsockopt from sock_common_setsockopt+0x30/0x40
[   20.984140]  sock_common_setsockopt from do_sock_setsockopt+0x50/0x9c
[   20.984158]  do_sock_setsockopt from __sys_setsockopt+0x70/0xbc
[   20.984173]  __sys_setsockopt from ret_fast_syscall+0x0/0x58
[   20.984188] Exception stack(0xe0171fa8 to 0xe0171ff0)
[   20.984202] 1fa0:                   00000014 b6fbfce8 0000000d 00000029 00000014 beb359ec
[   20.984215] 1fc0: 00000014 b6fbfce8 00000014 00000126 0000000d b6f68ff4 004ce988 004b6558
[   20.984223] 1fe0: b6f7e088 beb359d8 b6f5b309 b6e3241a
[   20.984230] ---[ end trace 0000000000000000 ]---
         Starting Connection service...
         Starting Cape Manager Service...
[   21.397936] omap_rng 48310000.rng: Random Number Generator ver. 20
         Starting System Logging Service...
         Starting Generic Board Startup...
[   21.666933] tilcdc 4830e000.lcdc: bound 0-0070 (ops tda998x_driver_exit [tda998x])
[   21.722164] [drm] Initialized tilcdc 1.0.0 for 4830e000.lcdc on minor 0
[[0;32m  OK  [0m] Started Regular background program processing daemon.
         Starting Login Service...
[[0;32m  OK  [0m] Reached target System Time Synchronized.
[   21.947779] tilcdc 4830e000.lcdc: [drm] Cannot find any crtc or sizes
[   21.987977] tilcdc 4830e000.lcdc: [drm] Cannot find any crtc or sizes
[[0;32m  OK  [0m] Started Daily apt download activities.
[[0;32m  OK  [0m] Started Daily apt upgrade and clean activities.
[[0;32m  OK  [0m] Reached target Timers.
[[0;32m  OK  [0m] Found device /dev/ttyS0.
[   23.663796] PM: Cannot get wkup_m3_ipc handle
[   23.704003] omap-sham 53100000.sham: hw accel on OMAP rev 4.3
[   23.815783] omap-sham 53100000.sham: will run requests pump with realtime priority
[   23.825162] PM: Cannot get wkup_m3_ipc handle
[   23.842728] Bluetooth: Core ver 2.22
[   23.846551] NET: Registered PF_BLUETOOTH protocol family
[   23.852037] Bluetooth: HCI device and connection manager initialized
[   23.858481] Bluetooth: HCI socket layer initialized
[   23.863439] Bluetooth: L2CAP socket layer initialized
[   23.868547] Bluetooth: SCO socket layer initialized
[   23.916732] omap-aes 53500000.aes: OMAP AES hw accel rev: 3.2
[   24.029400] omap-aes 53500000.aes: will run requests pump with realtime priority
[   24.043294] PM: Cannot get wkup_m3_ipc handle
[[0;32m  OK  [0m] Started System Logging Service.
[[0;32m  OK  [0m] Started Cape Manager Service.
[[0;32m  OK  [0m] Started LSB: Start busybox udhcpd at boot time.
[   27.497244] gpio-537 (nxp,calib): gpiod_direction_output_nonotify: tried to set a GPIO tied to an IRQ as output
[   27.580602] PM: Cannot get wkup_m3_ipc handle
[   27.699318] PM: Cannot get wkup_m3_ipc handle
[   27.801210] tda9950 0-0034: TDA9950 CEC interface, hardware version 3.3
[   27.896627] PM: Cannot get wkup_m3_ipc handle
[[0;32m  OK  [0m] Started Raise network interfaces.
[[0;32m  OK  [0m] Started LSB: Load kernel modules needed to enable cpufreq scaling.
[[0;32m  OK  [0m] Started Connection service.
[   30.558954] configfs-gadget.g_multi gadget.0: HOST MAC 1c:ba:8c:a2:ed:6c
[   30.566022] configfs-gadget.g_multi gadget.0: MAC 1c:ba:8c:a2:ed:70
[   30.573488] configfs-gadget.g_multi gadget.0: HOST MAC 1c:ba:8c:a2:ed:6c
[   30.580247] configfs-gadget.g_multi gadget.0: MAC 1c:ba:8c:a2:ed:6d
[   30.596603] PM: Cannot get wkup_m3_ipc handle
[[0;32m  OK  [0m] Started Login Service.
         Starting Hostname Service...
         Starting WPA supplicant...
[[0;32m  OK  [0m] Reached target Sound Card.
         Starting LSB: set CPUFreq kernel parameters...
[[0;32m  OK  [0m] Started Hostname Service.
[[0;32m  OK  [0m] Started WPA supplicant.
[[0;32m  OK  [0m] Reached target Network.
[[0;32m  OK  [0m] Reached target Network is Online.
         Starting LSB: Advanced IEEE 802.11 management daemon...
         Starting The Apache HTTP Server...
         Starting OpenBSD Secure Shell server...
         Starting Permit User Sessions...
[[0;32m  OK  [0m] Started LSB: set CPUFreq kernel parameters.
[[0;32m  OK  [0m] Started LSB: Advanced IEEE 802.11 management daemon.
[[0;32m  OK  [0m] Started Permit User Sessions.
[[0;32m  OK  [0m] Started Serial Getty on ttyS0.
[[0;32m  OK  [0m] Started Getty on tty1.
[[0;32m  OK  [0m] Reached target Login Prompts.
[[0;32m  OK  [0m] Started OpenBSD Secure Shell server.
         Stopping LSB: Start busybox udhcpd at boot time...
[[0;32m  OK  [0m] Stopped LSB: Start busybox udhcpd at boot time.
[[0;32m  OK  [0m] Started The Apache HTTP Server.
         Starting dnsmasq - A lightweight DHCP and caching DNS server...
[[0;32m  OK  [0m] Started dnsmasq - A lightweight DHCP and caching DNS server.
[[0;32m  OK  [0m] Reached target Host and Network Name Lookups.
[[0;32m  OK  [0m] Started Serial Getty on ttyGS0.
[[0;32m  OK  [0m] Started Generic Board Startup.
[[0;32m  OK  [0m] Reached target Multi-User System.
[[0;32m  OK  [0m] Reached target Graphical Interface.
         Starting Update UTMP about System Runlevel Changes...
[[0;32m  OK  [0m] Started Update UTMP about System Runlevel Changes.

Debian GNU/Linux 9 arm ttyS0

default username:password is [debian:temppwd]

arm login: root
Password: 
Last login: Sat Jan  1 00:00:45 UTC 2000 on ttyS0
root
Linux arm 6.18.0-rc7-next-20251128 #1 SMP Fri Nov 28 09:22:30 EET 2025 armv7l

The programs included with the Debian GNU/Linux system are free software;
the exact distribution terms for each program are described in the
individual files in /usr/share/doc/*/copyright.

Debian GNU/Linux comes with ABSOLUTELY NO WARRANTY, to the extent
permitted by applicable law.
root@arm:~# root
dmesg -n 1
-bash: root: command not found
root@arm:~# dmesg -n 1
root@arm:~# echo 'UKLB''FONGBG'
UKLBFONGBG
root@arm:~# run() { echo -n "$MARKER"; sh -c "$@"; echo "$MARKER $?"; }
root@arm:~# echo 'GUEU''AUGVFT'
GUEUAUGVFT
root@arm:~# MARKER='AHET''GSSLSZ' run 'cat /proc/version'
AHETGSSLSZLinux version 6.18.0-rc7-next-20251128 (user01@drvtest01) (arm-none-eabi-gcc (Arm GNU Toolchain 14.2.Rel1 (Build arm-14.52)) 14.2.1 20241119, GNU ld (Arm GNU Toolchain 14.2.Rel1 (Build arm-14.52)) 2.43.1.20241119) #1 SMP Fri Nov 28 09:22:30 EET 2025
AHETGSSLSZ 0
root@arm:~# echo 'SBMN''NPSWWZ'
SBMNNPSWWZ
root@arm:~# MARKER='CVOS''CEZLKU' run false
CVOSCEZLKUCVOSCEZLKU 1
root@arm:~# Labgrid Console Logfile for main
Logfile started at 2025-11-28 09:25:12.524912
=== Log starts here ===

root@arm:~# run() { echo -n "$MARKER"; sh -c "$@"; echo "$MARKER $?"; }
root@arm:~# echo 'WTJT''ZSUHBS'
WTJTZSUHBS
root@arm:~# MARKER='VBQT''LBJAST' run 'ls /iio_generic_buffer; echo $?'
VBQTLBJAST/iio_generic_buffer
0
VBQTLBJAST 0
root@arm:~# Labgrid Console Logfile for main
Logfile started at 2025-11-28 09:25:15.901741
=== Log starts here ===

root@arm:~# run() { echo -n "$MARKER"; sh -c "$@"; echo "$MARKER $?"; }
root@arm:~# echo 'ZHWY''KZFEVO'
ZHWYKZFEVO
root@arm:~# MARKER='FBMS''KMZOPA' run dmesg
FBMSKMZOPA[    0.000000] Booting Linux on physical CPU 0x0
[    0.000000] Linux version 6.18.0-rc7-next-20251128 (user01@drvtest01) (arm-none-eabi-gcc (Arm GNU Toolchain 14.2.Rel1 (Build arm-14.52)) 14.2.1 20241119, GNU ld (Arm GNU Toolchain 14.2.Rel1 (Build arm-14.52)) 2.43.1.20241119) #1 SMP Fri Nov 28 09:22:30 EET 2025
[    0.000000] CPU: ARMv7 Processor [413fc082] revision 2 (ARMv7), cr=10c5387d
[    0.000000] CPU: PIPT / VIPT nonaliasing data cache, VIPT aliasing instruction cache
[    0.000000] OF: fdt: Machine model: TI AM335x BeagleBone Black
[    0.000000] Memory policy: Data cache writeback
[    0.000000] cma: Reserved 16 MiB at 0x9e800000
[    0.000000] Zone ranges:
[    0.000000]   Normal   [mem 0x0000000080000000-0x000000009fdfffff]
[    0.000000]   HighMem  empty
[    0.000000] Movable zone start for each node
[    0.000000] Early memory node ranges
[    0.000000]   node   0: [mem 0x0000000080000000-0x000000009fdfffff]
[    0.000000] Initmem setup node 0 [mem 0x0000000080000000-0x000000009fdfffff]
[    0.000000] On node 0, zone Normal: 512 pages in unavailable ranges
[    0.000000] OF: reserved mem: Reserved memory: No reserved-memory node in the DT
[    0.000000] CPU: All CPU(s) started in SVC mode.
[    0.000000] AM335X ES2.1 (sgx neon)
[    0.000000] percpu: Embedded 17 pages/cpu s40204 r8192 d21236 u69632
[    0.000000] pcpu-alloc: s40204 r8192 d21236 u69632 alloc=17*4096
[    0.000000] pcpu-alloc: [0] 0 
[    0.000000] Kernel command line: console=ttyO0,115200n8 root=/dev/nfs rw nfsroot=192.168.255.126:/home/user01/nfs,nfsvers=3 ip=192.168.255.1:192.168.255.126::255.255.255.0:bbb1:eth0 nfsrootdebug fw_devlink=no
[    0.000000] Unknown kernel command line parameters "nfsrootdebug", will be passed to user space.
[    0.000000] printk: log buffer data + meta data: 65536 + 204800 = 270336 bytes
[    0.000000] Dentry cache hash table entries: 65536 (order: 6, 262144 bytes, linear)
[    0.000000] Inode-cache hash table entries: 32768 (order: 5, 131072 bytes, linear)
[    0.000000] Built 1 zonelists, mobility grouping on.  Total pages: 130560
[    0.000000] mem auto-init: stack:off, heap alloc:off, heap free:off
[    0.000000] SLUB: HWalign=16, Order=0-3, MinObjects=0, CPUs=1, Nodes=1
[    0.000000] rcu: Hierarchical RCU implementation.
[    0.000000] rcu: 	RCU event tracing is enabled.
[    0.000000] rcu: 	RCU restricting CPUs from NR_CPUS=2 to nr_cpu_ids=1.
[    0.000000] 	Tracing variant of Tasks RCU enabled.
[    0.000000] rcu: RCU calculated value of scheduler-enlistment delay is 10 jiffies.
[    0.000000] rcu: Adjusting geometry for rcu_fanout_leaf=16, nr_cpu_ids=1
[    0.000000] RCU Tasks Trace: Setting shift to 0 and lim to 1 rcu_task_cb_adjust=1 rcu_task_cpu_ids=1.
[    0.000000] NR_IRQS: 16, nr_irqs: 16, preallocated irqs: 16
[    0.000000] IRQ: Found an INTC at 0x(ptrval) (revision 5.0) with 128 interrupts
[    0.000000] rcu: srcu_init: Setting srcu_struct sizes based on contention.
[    0.000000] TI gptimer clocksource: always-on /ocp/interconnect@44c00000/segment@200000/target-module@31000
[    0.000002] sched_clock: 32 bits at 24MHz, resolution 41ns, wraps every 89478484971ns
[    0.000027] clocksource: dmtimer: mask: 0xffffffff max_cycles: 0xffffffff, max_idle_ns: 79635851949 ns
[    0.000575] TI gptimer clockevent: 24000000 Hz at /ocp/interconnect@48000000/segment@0/target-module@40000
[    0.002149] Console: colour dummy device 80x30
[    0.002215] WARNING: Your 'console=ttyO0' has been replaced by 'ttyS0'
[    0.002223] This ensures that you still see kernel messages. Please
[    0.002227] update your kernel commandline.
[    0.002267] Calibrating delay loop... 996.14 BogoMIPS (lpj=4980736)
[    0.090690] CPU: Testing write buffer coherency: ok
[    0.090773] CPU0: Spectre v2: using BPIALL workaround
[    0.090783] pid_max: default: 32768 minimum: 301
[    0.091101] Mount-cache hash table entries: 1024 (order: 0, 4096 bytes, linear)
[    0.091122] Mountpoint-cache hash table entries: 1024 (order: 0, 4096 bytes, linear)
[    0.092716] CPU0: thread -1, cpu 0, socket -1, mpidr 0
[    0.092775] cacheinfo: Unable to detect cache hierarchy for CPU 0
[    0.094792] Setting up static identity map for 0x80100000 - 0x80100078
[    0.095112] rcu: Hierarchical SRCU implementation.
[    0.095121] rcu: 	Max phase no-delay instances is 1000.
[    0.096892] smp: Bringing up secondary CPUs ...
[    0.096946] smp: Brought up 1 node, 1 CPU
[    0.096960] SMP: Total of 1 processors activated (996.14 BogoMIPS).
[    0.096972] CPU: All CPU(s) started in SVC mode.
[    0.097212] Memory: 479964K/522240K available (12288K kernel code, 1231K rwdata, 2956K rodata, 1024K init, 255K bss, 24364K reserved, 16384K cma-reserved, 0K highmem)
[    0.098066] devtmpfs: initialized
[    0.115489] VFP support v0.3: implementor 41 architecture 3 part 30 variant c rev 3
[    0.116169] clocksource: jiffies: mask: 0xffffffff max_cycles: 0xffffffff, max_idle_ns: 19112604462750000 ns
[    0.116227] posixtimers hash table entries: 512 (order: 0, 4096 bytes, linear)
[    0.116254] futex hash table entries: 256 (16384 bytes on 1 NUMA nodes, total 16 KiB, linear).
[    0.119421] NET: Registered PF_NETLINK/PF_ROUTE protocol family
[    0.122571] DMA: preallocated 256 KiB pool for atomic coherent allocations
[    0.123542] audit: initializing netlink subsys (disabled)
[    0.124890] thermal_sys: Registered thermal governor 'fair_share'
[    0.124906] thermal_sys: Registered thermal governor 'step_wise'
[    0.124915] thermal_sys: Registered thermal governor 'user_space'
[    0.125028] audit: type=2000 audit(0.120:1): state=initialized audit_enabled=0 res=1
[    0.125103] cpuidle: using governor menu
[    0.142961] /ocp/interconnect@44c00000/segment@200000/target-module@b000/i2c@0/tda19988@70: Fixed dependency cycle(s) with /ocp/interconnect@48000000/segment@300000/target-module@e000/lcdc@0
[    0.144058] /ocp/interconnect@48000000/segment@300000/target-module@e000/lcdc@0: Fixed dependency cycle(s) with /ocp/interconnect@44c00000/segment@200000/target-module@b000/i2c@0/tda19988@70
[    0.146240] No ATAGs?
[    0.146277] hw-breakpoint: debug architecture 0x4 unsupported.
[    0.148949] kprobes: kprobe jump-optimization is enabled. All kprobes are optimized if possible.
[    0.153634] iommu: Default domain type: Translated
[    0.153657] iommu: DMA domain TLB invalidation policy: strict mode
[    0.155237] reg-fixed-voltage fixedregulator0: using DT '/fixedregulator0' for '(default)' GPIO lookup
[    0.155295] of_get_named_gpiod_flags: can't parse 'gpios' property of node '/fixedregulator0[0]'
[    0.155324] of_get_named_gpiod_flags: can't parse 'gpio' property of node '/fixedregulator0[0]'
[    0.155343] reg-fixed-voltage fixedregulator0: using lookup tables for GPIO lookup
[    0.155354] reg-fixed-voltage fixedregulator0: No GPIO consumer (default) found
[    0.161836] SCSI subsystem initialized
[    0.162324] libata version 3.00 loaded.
[    0.162705] pps_core: LinuxPPS API ver. 1 registered
[    0.162716] pps_core: Software ver. 5.3.6 - Copyright 2005-2007 Rodolfo Giometti <giometti@linux.it>
[    0.162740] PTP clock support registered
[    0.171342] vgaarb: loaded
[    0.171785] clocksource: Switched to clocksource dmtimer
[    0.172412] VFS: Disk quotas dquot_6.6.0
[    0.172473] VFS: Dquot-cache hash table entries: 1024 (order 0, 4096 bytes)
[    0.197187] NET: Registered PF_INET protocol family
[    0.197526] IP idents hash table entries: 8192 (order: 4, 65536 bytes, linear)
[    0.198966] tcp_listen_portaddr_hash hash table entries: 512 (order: 0, 4096 bytes, linear)
[    0.199004] Table-perturb hash table entries: 65536 (order: 6, 262144 bytes, linear)
[    0.199022] TCP established hash table entries: 4096 (order: 2, 16384 bytes, linear)
[    0.199069] TCP bind hash table entries: 4096 (order: 4, 65536 bytes, linear)
[    0.199169] TCP: Hash tables configured (established 4096 bind 4096)
[    0.199290] UDP hash table entries: 256 (order: 2, 14336 bytes, linear)
[    0.199324] UDP-Lite hash table entries: 256 (order: 2, 14336 bytes, linear)
[    0.199539] NET: Registered PF_UNIX/PF_LOCAL protocol family
[    0.212340] RPC: Registered named UNIX socket transport module.
[    0.212364] RPC: Registered udp transport module.
[    0.212369] RPC: Registered tcp transport module.
[    0.212374] RPC: Registered tcp-with-tls transport module.
[    0.212379] RPC: Registered tcp NFSv4.1 backchannel transport module.
[    0.212404] PCI: CLS 0 bytes, default 64
[    0.213866] Initialise system trusted keyrings
[    0.214464] workingset: timestamp_bits=14 max_order=17 bucket_order=3
[    0.216213] NFS: Registering the id_resolver key type
[    0.216297] Key type id_resolver registered
[    0.216305] Key type id_legacy registered
[    0.216417] jffs2: version 2.2. (NAND) (SUMMARY)  Â© 2001-2006 Red Hat, Inc.
[    0.217315] Key type asymmetric registered
[    0.217336] Asymmetric key parser 'x509' registered
[    0.217408] io scheduler mq-deadline registered
[    0.217418] io scheduler kyber registered
[    0.217510] io scheduler bfq registered
[    0.219329] target-module@4b000000:target-module@140000:pmu@0:fck: device ID is greater than 24
[    0.232214] ledtrig-cpu: registered to indicate activity on CPUs
[    0.236030] Serial: 8250/16550 driver, 6 ports, IRQ sharing enabled
[    0.277795] brd: module loaded
[    0.305606] loop: module loaded
[    0.306530] mtdoops: mtd device (mtddev=name/number) must be supplied
[    0.308084] mdio_bus fixed-0: using lookup tables for GPIO lookup
[    0.308109] mdio_bus fixed-0: No GPIO consumer reset found
[    0.309522] i2c_dev: i2c /dev entries driver
[    0.310531] cpuidle: enable-method property 'ti,am3352' found operations
[    0.310984] sdhci: Secure Digital Host Controller Interface driver
[    0.310995] sdhci: Copyright(c) Pierre Ossman
[    0.311182] sdhci-pltfm: SDHCI platform and OF driver helper
[    0.312867] hw perfevents: enabled with armv7_cortex_a8 PMU driver, 5 (8000000f) counters available
[    0.313398] Initializing XFRM netlink socket
[    0.313573] NET: Registered PF_INET6 protocol family
[    0.315625] Segment Routing with IPv6
[    0.315717] In-situ OAM (IOAM) with IPv6
[    0.315814] sit: IPv6, IPv4 and MPLS over IPv4 tunneling driver
[    0.316785] NET: Registered PF_PACKET protocol family
[    0.316804] PFKEY is deprecated and scheduled to be removed in 2027, please contact the netdev mailing list
[    0.316819] NET: Registered PF_KEY protocol family
[    0.316995] Key type dns_resolver registered
[    0.317231] ThumbEE CPU extension supported.
[    0.317251] Registering SWP/SWPB emulation handler
[    0.317767] omap_voltage_late_init: Voltage driver support not added
[    0.318427] SmartReflex Class3 initialized
[    0.348424] Loading compiled-in X.509 certificates
[    0.393427] /ocp/interconnect@44c00000/segment@200000/target-module@b000/i2c@0/tda19988@70: Fixed dependency cycle(s) with /ocp/interconnect@48000000/segment@300000/target-module@e000/lcdc@0
[    0.399810] /ocp/interconnect@44c00000/segment@200000/target-module@b000/i2c@0/tda19988@70: Fixed dependency cycle(s) with /ocp/interconnect@48000000/segment@300000/target-module@e000/lcdc@0
[    0.405522] gpiochip_find_base_unlocked: found new base at 512
[    0.420655] /ocp/interconnect@44c00000/segment@200000/target-module@b000/i2c@0/tda19988@70: Fixed dependency cycle(s) with /ocp/interconnect@48000000/segment@300000/target-module@e000/lcdc@0
[    0.421576] /ocp/interconnect@44c00000/segment@200000/target-module@b000/i2c@0/tda19988@70: Fixed dependency cycle(s) with /ocp/interconnect@48000000/segment@300000/target-module@e000/lcdc@0
[    0.425495] /ocp/interconnect@44c00000/segment@200000/target-module@10000/scm@0/pinmux@800: Fixed dependency cycle(s) with /ocp/interconnect@44c00000/segment@200000/target-module@10000/scm@0/pinmux@800/clkout2-pins
[    0.426117] pinctrl-single 44e10800.pinmux: 142 pins, size 568
[    0.469098] /ocp/interconnect@48000000/segment@300000/target-module@e000/lcdc@0: Fixed dependency cycle(s) with /ocp/interconnect@44c00000/segment@200000/target-module@b000/i2c@0/tda19988@70
[    0.489257] gpiochip_find_base_unlocked: found new base at 512
[    0.489373] gpio gpiochip0: (gpio-0-31): created GPIO range 0->7 ==> 44e10800.pinmux PIN 0->7
[    0.489393] gpio gpiochip0: (gpio-0-31): created GPIO range 8->11 ==> 44e10800.pinmux PIN 90->93
[    0.489410] gpio gpiochip0: (gpio-0-31): created GPIO range 12->27 ==> 44e10800.pinmux PIN 12->27
[    0.489426] gpio gpiochip0: (gpio-0-31): created GPIO range 28->31 ==> 44e10800.pinmux PIN 30->33
[    0.526506] gpio gpiochip0: (gpio-0-31): added GPIO chardev (254:0)
[    0.526728] gpio gpiochip0: registered GPIOs 512 to 543 on gpio-0-31
[    0.526812] OMAP GPIO hardware version 0.1
[    0.579552] i2c i2c-2: using DT '/ocp/interconnect@48000000/segment@100000/target-module@9c000/i2c@0' for 'scl' GPIO lookup
[    0.579628] of_get_named_gpiod_flags: can't parse 'scl-gpios' property of node '/ocp/interconnect@48000000/segment@100000/target-module@9c000/i2c@0[0]'
[    0.579670] of_get_named_gpiod_flags: can't parse 'scl-gpio' property of node '/ocp/interconnect@48000000/segment@100000/target-module@9c000/i2c@0[0]'
[    0.579707] i2c i2c-2: using lookup tables for GPIO lookup
[    0.579717] i2c i2c-2: No GPIO consumer scl found
[    0.579738] i2c i2c-2: using DT '/ocp/interconnect@48000000/segment@100000/target-module@9c000/i2c@0' for 'sda' GPIO lookup
[    0.579773] of_get_named_gpiod_flags: can't parse 'sda-gpios' property of node '/ocp/interconnect@48000000/segment@100000/target-module@9c000/i2c@0[0]'
[    0.579810] of_get_named_gpiod_flags: can't parse 'sda-gpio' property of node '/ocp/interconnect@48000000/segment@100000/target-module@9c000/i2c@0[0]'
[    0.579841] i2c i2c-2: using lookup tables for GPIO lookup
[    0.579849] i2c i2c-2: No GPIO consumer sda found
[    0.580583] omap_i2c 4819c000.i2c: bus 2 rev0.11 at 100 kHz
[    0.586438] gpiochip_find_base_unlocked: found new base at 544
[    0.586540] gpio gpiochip1: (gpio-32-63): created GPIO range 0->17 ==> 44e10800.pinmux PIN 34->51
[    0.586560] gpio gpiochip1: (gpio-32-63): created GPIO range 18->21 ==> 44e10800.pinmux PIN 77->80
[    0.586584] gpio gpiochip1: (gpio-32-63): created GPIO range 22->31 ==> 44e10800.pinmux PIN 56->65
[    0.587518] gpio gpiochip1: (gpio-32-63): added GPIO chardev (254:1)
[    0.587745] gpio gpiochip1: registered GPIOs 544 to 575 on gpio-32-63
[    0.589996] gpiochip_find_base_unlocked: found new base at 576
[    0.590088] gpio gpiochip2: (gpio-64-95): created GPIO range 0->4 ==> 44e10800.pinmux PIN 66->70
[    0.590109] gpio gpiochip2: (gpio-64-95): created GPIO range 5->6 ==> 44e10800.pinmux PIN 98->99
[    0.590125] gpio gpiochip2: (gpio-64-95): created GPIO range 7->8 ==> 44e10800.pinmux PIN 75->76
[    0.590141] gpio gpiochip2: (gpio-64-95): created GPIO range 13->13 ==> 44e10800.pinmux PIN 141->141
[    0.590157] gpio gpiochip2: (gpio-64-95): created GPIO range 14->21 ==> 44e10800.pinmux PIN 100->107
[    0.590816] gpio gpiochip2: (gpio-64-95): added GPIO chardev (254:2)
[    0.591010] gpio gpiochip2: registered GPIOs 576 to 607 on gpio-64-95
[    0.596952] 48000000.interconnect:segment@200000:target-module@0:mpu@0:fck: device ID is greater than 24
[    0.597869] /ocp/interconnect@48000000/segment@300000/target-module@e000/lcdc@0: Fixed dependency cycle(s) with /ocp/interconnect@44c00000/segment@200000/target-module@b000/i2c@0/tda19988@70
[    0.600701] /ocp/interconnect@48000000/segment@300000/target-module@e000/lcdc@0: Fixed dependency cycle(s) with /ocp/interconnect@44c00000/segment@200000/target-module@b000/i2c@0/tda19988@70
[    0.601399] /ocp/interconnect@44c00000/segment@200000/target-module@b000/i2c@0/tda19988@70: Fixed dependency cycle(s) with /ocp/interconnect@48000000/segment@300000/target-module@e000/lcdc@0
[    0.601580] /ocp/interconnect@48000000/segment@300000/target-module@e000/lcdc@0: Fixed dependency cycle(s) with /ocp/interconnect@44c00000/segment@200000/target-module@b000/i2c@0/tda19988@70
[    0.609306] sdhci-omap 481d8000.mmc: using DT '/ocp/interconnect@48000000/segment@100000/target-module@d8000/mmc@0' for 'wp' GPIO lookup
[    0.609383] of_get_named_gpiod_flags: can't parse 'wp-gpios' property of node '/ocp/interconnect@48000000/segment@100000/target-module@d8000/mmc@0[0]'
[    0.609427] of_get_named_gpiod_flags: can't parse 'wp-gpio' property of node '/ocp/interconnect@48000000/segment@100000/target-module@d8000/mmc@0[0]'
[    0.609464] sdhci-omap 481d8000.mmc: using lookup tables for GPIO lookup
[    0.609474] sdhci-omap 481d8000.mmc: No GPIO consumer wp found
[    0.609675] sdhci-omap 481d8000.mmc: supply pbias not found, using dummy regulator
[    0.610803] sdhci-omap 481d8000.mmc: supply vqmmc not found, using dummy regulator
[    0.628345] mdio_bus 4a101000.mdio: using DT '/ocp/interconnect@4a000000/segment@0/target-module@100000/switch@0/mdio@1000' for 'reset' GPIO lookup
[    0.628419] of_get_named_gpiod_flags: can't parse 'reset-gpios' property of node '/ocp/interconnect@4a000000/segment@0/target-module@100000/switch@0/mdio@1000[0]'
[    0.628465] of_get_named_gpiod_flags: can't parse 'reset-gpio' property of node '/ocp/interconnect@4a000000/segment@0/target-module@100000/switch@0/mdio@1000[0]'
[    0.628514] mdio_bus 4a101000.mdio: using lookup tables for GPIO lookup
[    0.628524] mdio_bus 4a101000.mdio: No GPIO consumer reset found
[    0.672344] davinci_mdio 4a101000.mdio: davinci mdio revision 1.6, bus freq 1000000
[    0.694339] mdio_bus 4a101000.mdio:00: using DT '/ocp/interconnect@4a000000/segment@0/target-module@100000/switch@0/mdio@1000/ethernet-phy@0' for 'reset' GPIO lookup
[    0.694439] of_get_named_gpiod_flags: parsed 'reset-gpios' property of node '/ocp/interconnect@4a000000/segment@0/target-module@100000/switch@0/mdio@1000/ethernet-phy@0[0]' - status (0)
[    0.694597] gpio gpiochip0: Persistence not supported for GPIO 8
[    0.831086] davinci_mdio 4a101000.mdio: phy[0]: device 4a101000.mdio:00, driver SMSC LAN8710/LAN8720
[    0.831947] cpsw-switch 4a100000.switch: initialized cpsw ale version 1.4
[    0.831970] cpsw-switch 4a100000.switch: ALE Table size 1024, Policers 0
[    0.832207] cpsw-switch 4a100000.switch: cpts: overflow check period 500 (jiffies)
[    0.832225] cpsw-switch 4a100000.switch: CPTS: ref_clk_freq:250000000 calc_mult:2147483648 calc_shift:29 error:0 nsec/sec
[    0.832322] cpsw-switch 4a100000.switch: Detected MACID = 6c:ec:eb:68:de:78
[    0.834206] cpsw-switch 4a100000.switch: initialized (regs 0x4a100000, pool size 256) hw_ver:0019010C 1.12 (0)
[    0.846920] debugfs: '49000000.dma' already exists in 'dmaengine'
[    0.846966] edma 49000000.dma: TI EDMA DMA engine driver
[    0.882071] ti-sysc 44e31000.target-module: Failed to create device link (0x180) with supplier ocp for /ocp/interconnect@44c00000/segment@200000/target-module@31000/timer@0
[    0.882135] ti-sysc 48040000.target-module: Failed to create device link (0x180) with supplier ocp for /ocp/interconnect@48000000/segment@0/target-module@40000/timer@0
[    0.883097] gpio-clk clk_mcasp0: using DT '/clk_mcasp0' for 'enable' GPIO lookup
[    0.883162] of_get_named_gpiod_flags: parsed 'enable-gpios' property of node '/clk_mcasp0[0]' - status (0)
[    0.883208] gpio gpiochip0: Persistence not supported for GPIO 27
[    0.883956] gpiochip_find_base_unlocked: found new base at 608
[    0.884082] gpio gpiochip3: (gpio-96-127): created GPIO range 0->7 ==> 44e10800.pinmux PIN 82->89
[    0.884104] gpio gpiochip3: (gpio-96-127): created GPIO range 8->11 ==> 44e10800.pinmux PIN 52->55
[    0.884120] gpio gpiochip3: (gpio-96-127): created GPIO range 12->15 ==> 44e10800.pinmux PIN 94->97
[    0.884135] gpio gpiochip3: (gpio-96-127): created GPIO range 16->17 ==> 44e10800.pinmux PIN 71->72
[    0.884151] gpio gpiochip3: (gpio-96-127): created GPIO range 18->18 ==> 44e10800.pinmux PIN 135->135
[    0.884168] gpio gpiochip3: (gpio-96-127): created GPIO range 19->20 ==> 44e10800.pinmux PIN 108->109
[    0.884185] gpio gpiochip3: (gpio-96-127): created GPIO range 21->21 ==> 44e10800.pinmux PIN 73->73
[    0.884202] gpio gpiochip3: (gpio-96-127): created GPIO range 22->23 ==> 44e10800.pinmux PIN 8->9
[    0.884219] gpio gpiochip3: (gpio-96-127): created GPIO range 26->27 ==> 44e10800.pinmux PIN 10->11
[    0.884237] gpio gpiochip3: (gpio-96-127): created GPIO range 28->28 ==> 44e10800.pinmux PIN 74->74
[    0.884255] gpio gpiochip3: (gpio-96-127): created GPIO range 29->29 ==> 44e10800.pinmux PIN 81->81
[    0.884274] gpio gpiochip3: (gpio-96-127): created GPIO range 30->31 ==> 44e10800.pinmux PIN 28->29
[    0.892303] gpio gpiochip3: (gpio-96-127): added GPIO chardev (254:3)
[    0.892536] gpio gpiochip3: registered GPIOs 608 to 639 on gpio-96-127
[    0.894358] omap8250 44e09000.serial: using DT '/ocp/interconnect@44c00000/segment@200000/target-module@9000/serial@0' for 'rs485-term' GPIO lookup
[    0.894433] of_get_named_gpiod_flags: can't parse 'rs485-term-gpios' property of node '/ocp/interconnect@44c00000/segment@200000/target-module@9000/serial@0[0]'
[    0.894476] of_get_named_gpiod_flags: can't parse 'rs485-term-gpio' property of node '/ocp/interconnect@44c00000/segment@200000/target-module@9000/serial@0[0]'
[    0.894513] omap8250 44e09000.serial: using lookup tables for GPIO lookup
[    0.894522] omap8250 44e09000.serial: No GPIO consumer rs485-term found
[    0.894533] omap8250 44e09000.serial: using DT '/ocp/interconnect@44c00000/segment@200000/target-module@9000/serial@0' for 'rs485-rx-during-tx' GPIO lookup
[    0.894570] of_get_named_gpiod_flags: can't parse 'rs485-rx-during-tx-gpios' property of node '/ocp/interconnect@44c00000/segment@200000/target-module@9000/serial@0[0]'
[    0.894607] of_get_named_gpiod_flags: can't parse 'rs485-rx-during-tx-gpio' property of node '/ocp/interconnect@44c00000/segment@200000/target-module@9000/serial@0[0]'
[    0.894639] omap8250 44e09000.serial: using lookup tables for GPIO lookup
[    0.894648] omap8250 44e09000.serial: No GPIO consumer rs485-rx-during-tx found
[    0.895118] 44e09000.serial: ttyS0 at MMIO 0x44e09000 (irq = 34, base_baud = 3000000) is a 8250
[    0.895244] printk: legacy console [ttyS0] enabled
[    2.441948] i2c i2c-0: using DT '/ocp/interconnect@44c00000/segment@200000/target-module@b000/i2c@0' for 'scl' GPIO lookup
[    2.442042] of_get_named_gpiod_flags: can't parse 'scl-gpios' property of node '/ocp/interconnect@44c00000/segment@200000/target-module@b000/i2c@0[0]'
[    2.442090] of_get_named_gpiod_flags: can't parse 'scl-gpio' property of node '/ocp/interconnect@44c00000/segment@200000/target-module@b000/i2c@0[0]'
[    2.442130] i2c i2c-0: using lookup tables for GPIO lookup
[    2.442144] i2c i2c-0: No GPIO consumer scl found
[    2.442169] i2c i2c-0: using DT '/ocp/interconnect@44c00000/segment@200000/target-module@b000/i2c@0' for 'sda' GPIO lookup
[    2.442209] of_get_named_gpiod_flags: can't parse 'sda-gpios' property of node '/ocp/interconnect@44c00000/segment@200000/target-module@b000/i2c@0[0]'
[    2.442252] of_get_named_gpiod_flags: can't parse 'sda-gpio' property of node '/ocp/interconnect@44c00000/segment@200000/target-module@b000/i2c@0[0]'
[    2.442287] i2c i2c-0: using lookup tables for GPIO lookup
[    2.442298] i2c i2c-0: No GPIO consumer sda found
[    2.462733] tps65217-pmic: Failed to locate of_node [id: -1]
[    2.468807] tps65217-bl: Failed to locate of_node [id: -1]
[    2.476219] platform tps65217-charger: DMA mask not set
[    2.483253] platform tps65217-pwrbutton: DMA mask not set
[    2.491006] tps65217 0-0024: TPS65217 ID 0xe version 1.2
[    2.497091] /ocp/interconnect@48000000/segment@300000/target-module@e000/lcdc@0: Fixed dependency cycle(s) with /ocp/interconnect@44c00000/segment@200000/target-module@b000/i2c@0/tda19988@70
[    2.514500] /ocp/interconnect@44c00000/segment@200000/target-module@b000/i2c@0/tda19988@70: Fixed dependency cycle(s) with /ocp/interconnect@48000000/segment@300000/target-module@e000/lcdc@0
[    2.531897] omap_i2c 44e0b000.i2c: bus 0 rev0.11 at 400 kHz
[    2.539788] sdhci-omap 48060000.mmc: using DT '/ocp/interconnect@48000000/segment@0/target-module@60000/mmc@0' for 'cd' GPIO lookup
[    2.539901] of_get_named_gpiod_flags: parsed 'cd-gpios' property of node '/ocp/interconnect@48000000/segment@0/target-module@60000/mmc@0[0]' - status (0)
[    2.539967] gpio gpiochip3: Persistence not supported for GPIO 6
[    2.539995] omap_gpio 44e07000.gpio: Could not set line 6 debounce to 200000 microseconds (-22)
[    2.548880] sdhci-omap 48060000.mmc: Got CD GPIO
[    2.553561] sdhci-omap 48060000.mmc: using DT '/ocp/interconnect@48000000/segment@0/target-module@60000/mmc@0' for 'wp' GPIO lookup
[    2.553610] of_get_named_gpiod_flags: can't parse 'wp-gpios' property of node '/ocp/interconnect@48000000/segment@0/target-module@60000/mmc@0[0]'
[    2.553655] of_get_named_gpiod_flags: can't parse 'wp-gpio' property of node '/ocp/interconnect@48000000/segment@0/target-module@60000/mmc@0[0]'
[    2.553695] sdhci-omap 48060000.mmc: using lookup tables for GPIO lookup
[    2.553708] sdhci-omap 48060000.mmc: No GPIO consumer wp found
[    2.553919] sdhci-omap 48060000.mmc: supply pbias not found, using dummy regulator
[    2.562826] sdhci-omap 481d8000.mmc: using DT '/ocp/interconnect@48000000/segment@100000/target-module@d8000/mmc@0' for 'wp' GPIO lookup
[    2.562901] of_get_named_gpiod_flags: can't parse 'wp-gpios' property of node '/ocp/interconnect@48000000/segment@100000/target-module@d8000/mmc@0[0]'
[    2.562997] of_get_named_gpiod_flags: can't parse 'wp-gpio' property of node '/ocp/interconnect@48000000/segment@100000/target-module@d8000/mmc@0[0]'
[    2.563041] sdhci-omap 481d8000.mmc: using lookup tables for GPIO lookup
[    2.563055] sdhci-omap 481d8000.mmc: No GPIO consumer wp found
[    2.564346] sdhci-omap 48060000.mmc: supply vqmmc not found, using dummy regulator
[    2.573486] sdhci-omap 481d8000.mmc: supply pbias not found, using dummy regulator
[    2.581919] sdhci-omap 481d8000.mmc: supply vqmmc not found, using dummy regulator
[    2.619808] mmc1: SDHCI controller on 481d8000.mmc [481d8000.mmc] using External DMA
[    2.628867] mmc0: SDHCI controller on 48060000.mmc [48060000.mmc] using External DMA
[    2.637808] cpsw-switch 4a100000.switch: starting ndev. mode: dual_mac
[    2.702084] mmc1: new high speed MMC card at address 0001
[    2.708934] mmcblk1: mmc1:0001 MMC04G 3.60 GiB
[    2.716815]  mmcblk1: p1 p2
[    2.720622] SMSC LAN8710/LAN8720 4a101000.mdio:00: attached PHY driver (mii_bus:phy_addr=4a101000.mdio:00, irq=POLL)
[    2.732142] mmcblk1boot0: mmc1:0001 MMC04G 2.00 MiB
[    2.747042] mmcblk1boot1: mmc1:0001 MMC04G 2.00 MiB
[    2.755972] mmcblk1rpmb: mmc1:0001 MMC04G 128 KiB, chardev (249:0)
[    2.804828] mmc0: new high speed SDHC card at address aaaa
[    2.811649] mmcblk0: mmc0:aaaa SE32G 29.7 GiB
[    2.820943]  mmcblk0: p1 p2
[    5.842518] cpsw-switch 4a100000.switch eth0: Link is Up - 100Mbps/Full - flow control off
[    5.881991] IP-Config: Complete:
[    5.885267]      device=eth0, hwaddr=6c:ec:eb:68:de:78, ipaddr=192.168.255.1, mask=255.255.255.0, gw=255.255.255.255
[    5.895944]      host=bbb1, domain=, nis-domain=(none)
[    5.901113]      bootserver=192.168.255.126, rootserver=192.168.255.126, rootpath=
[    5.901526] clk: Disabling unused clocks
[    5.913357] PM: genpd: Disabling unused power domains
[    5.918523] KTAP version 1
[    5.921249] 1..0
[    5.923812] check access for rdinit=/init failed: -2, ignoring
[    5.957057] VFS: Mounted root (nfs filesystem) on device 0:17.
[    5.964153] devtmpfs: mounted
[    5.968665] Freeing unused kernel image (initmem) memory: 1024K
[    5.975567] Run /sbin/init as init process
[    5.979701]   with arguments:
[    5.979714]     /sbin/init
[    5.979724]     nfsrootdebug
[    5.979733]   with environment:
[    5.979742]     HOME=/
[    5.979750]     TERM=linux
[    6.704500] systemd[1]: System time before build time, advancing clock.
[    8.251783] random: crng init done
[    8.284406] systemd[1]: systemd 232 running in system mode. (+PAM +AUDIT +SELINUX +IMA +APPARMOR +SMACK +SYSVINIT +UTMP +LIBCRYPTSETUP +GCRYPT +GNUTLS +ACL +XZ +LZ4 +SECCOMP +BLKID +ELFUTILS +KMOD +IDN)
[    8.303578] systemd[1]: Detected architecture arm.
[    8.335407] systemd[1]: Set hostname to <arm>.
[    9.457879] systemd[1]: Reached target Swap.
[    9.486034] systemd[1]: Listening on udev Control Socket.
[    9.513504] systemd[1]: systemd-journald-dev-log.socket: SO_PASSSEC failed: Operation not supported
[    9.523211] systemd[1]: Listening on Journal Socket (/dev/log).
[    9.552816] systemd[1]: Listening on Journal Audit Socket.
[    9.583301] systemd[1]: Created slice System Slice.
[    9.625627] systemd[1]: Mounting Debug File System...
[   11.376090] systemd-journald[109]: Received request to flush runtime journal from PID 1
[   12.642207] omap_prm 44e00d00.prm: sync_state() pending due to 44d00000.cpu
[   14.487117] leds-gpio leds: using DT '/leds/led2' for '(default)' GPIO lookup
[   14.487224] of_get_named_gpiod_flags: parsed 'gpios' property of node '/leds/led2[0]' - status (0)
[   14.487280] gpio gpiochip0: Persistence not supported for GPIO 21
[   14.487296] gpio-533 (?): no flags found for GPIO (default)
[   14.498905] leds-gpio leds: using DT '/leds/led3' for '(default)' GPIO lookup
[   14.499015] of_get_named_gpiod_flags: parsed 'gpios' property of node '/leds/led3[0]' - status (0)
[   14.499072] gpio gpiochip0: Persistence not supported for GPIO 22
[   14.499087] gpio-534 (?): no flags found for GPIO (default)
[   14.512228] leds-gpio leds: using DT '/leds/led4' for '(default)' GPIO lookup
[   14.512330] of_get_named_gpiod_flags: parsed 'gpios' property of node '/leds/led4[0]' - status (0)
[   14.512384] gpio gpiochip0: Persistence not supported for GPIO 23
[   14.512399] gpio-535 (?): no flags found for GPIO (default)
[   14.522141] leds-gpio leds: using DT '/leds/led5' for '(default)' GPIO lookup
[   14.522242] of_get_named_gpiod_flags: parsed 'gpios' property of node '/leds/led5[0]' - status (0)
[   14.522294] gpio gpiochip0: Persistence not supported for GPIO 24
[   14.522310] gpio-536 (?): no flags found for GPIO (default)
[   15.064082] remoteproc remoteproc0: wkup_m3 is available
[   15.127310] omap_wdt: OMAP Watchdog Timer Rev 0x01: initial timeout 60 sec
[   15.300270] omap_rtc 44e3e000.rtc: registered as rtc0
[   15.305632] omap_rtc 44e3e000.rtc: setting system clock to 2000-01-01T00:00:00 UTC (946684800)
[   15.314399] omap_rtc 44e3e000.rtc: using DT '/ocp/interconnect@44c00000/segment@200000/target-module@3e000/rtc@0' for 'wp' GPIO lookup
[   15.314472] of_get_named_gpiod_flags: can't parse 'wp-gpios' property of node '/ocp/interconnect@44c00000/segment@200000/target-module@3e000/rtc@0[0]'
[   15.314522] of_get_named_gpiod_flags: can't parse 'wp-gpio' property of node '/ocp/interconnect@44c00000/segment@200000/target-module@3e000/rtc@0[0]'
[   15.314563] omap_rtc 44e3e000.rtc: using lookup tables for GPIO lookup
[   15.314577] omap_rtc 44e3e000.rtc: No GPIO consumer wp found
[   15.692620] at24 2-0054: supply vcc not found, using dummy regulator
[   15.824778] input: tps65217_pwrbutton as /devices/platform/ocp/44c00000.interconnect/44c00000.interconnect:segment@200000/44e0b000.target-module/44e0b000.i2c/i2c-0/0-0024/tps65217-pwrbutton/input/input0
[   15.870183] at24 2-0055: supply vcc not found, using dummy regulator
[   16.014539] at24 2-0056: supply vcc not found, using dummy regulator
[   16.133185] at24 2-0057: supply vcc not found, using dummy regulator
[   16.263187] at24 0-0050: using DT '/ocp/interconnect@44c00000/segment@200000/target-module@b000/i2c@0/eeprom@50' for 'wp' GPIO lookup
[   16.263302] of_get_named_gpiod_flags: can't parse 'wp-gpios' property of node '/ocp/interconnect@44c00000/segment@200000/target-module@b000/i2c@0/eeprom@50[0]'
[   16.263364] of_get_named_gpiod_flags: can't parse 'wp-gpio' property of node '/ocp/interconnect@44c00000/segment@200000/target-module@b000/i2c@0/eeprom@50[0]'
[   16.263411] at24 0-0050: using lookup tables for GPIO lookup
[   16.263425] at24 0-0050: No GPIO consumer wp found
[   16.263718] at24 0-0050: 4096 byte 24c32 EEPROM, writable, 1 bytes/write
[   17.018252] am335x-phy-driver 47401300.usb-phy: using DT '/ocp/target-module@47400000/usb-phy@1300' for 'reset' GPIO lookup
[   17.018452] of_get_named_gpiod_flags: can't parse 'reset-gpios' property of node '/ocp/target-module@47400000/usb-phy@1300[0]'
[   17.018503] of_get_named_gpiod_flags: can't parse 'reset-gpio' property of node '/ocp/target-module@47400000/usb-phy@1300[0]'
[   17.018597] am335x-phy-driver 47401300.usb-phy: using lookup tables for GPIO lookup
[   17.018614] am335x-phy-driver 47401300.usb-phy: No GPIO consumer reset found
[   17.018629] am335x-phy-driver 47401300.usb-phy: using DT '/ocp/target-module@47400000/usb-phy@1300' for 'vbus-detect' GPIO lookup
[   17.018708] of_get_named_gpiod_flags: can't parse 'vbus-detect-gpios' property of node '/ocp/target-module@47400000/usb-phy@1300[0]'
[   17.018743] of_get_named_gpiod_flags: can't parse 'vbus-detect-gpio' property of node '/ocp/target-module@47400000/usb-phy@1300[0]'
[   17.018818] am335x-phy-driver 47401300.usb-phy: using lookup tables for GPIO lookup
[   17.018833] am335x-phy-driver 47401300.usb-phy: No GPIO consumer vbus-detect found
[   17.019290] am335x-phy-driver 47401300.usb-phy: dummy supplies not allowed for exclusive requests (id=vbus)
[   17.173778] am335x-phy-driver 47401b00.usb-phy: using DT '/ocp/target-module@47400000/usb-phy@1b00' for 'reset' GPIO lookup
[   17.173872] of_get_named_gpiod_flags: can't parse 'reset-gpios' property of node '/ocp/target-module@47400000/usb-phy@1b00[0]'
[   17.173914] of_get_named_gpiod_flags: can't parse 'reset-gpio' property of node '/ocp/target-module@47400000/usb-phy@1b00[0]'
[   17.173952] am335x-phy-driver 47401b00.usb-phy: using lookup tables for GPIO lookup
[   17.173967] am335x-phy-driver 47401b00.usb-phy: No GPIO consumer reset found
[   17.173980] am335x-phy-driver 47401b00.usb-phy: using DT '/ocp/target-module@47400000/usb-phy@1b00' for 'vbus-detect' GPIO lookup
[   17.174012] of_get_named_gpiod_flags: can't parse 'vbus-detect-gpios' property of node '/ocp/target-module@47400000/usb-phy@1b00[0]'
[   17.174044] of_get_named_gpiod_flags: can't parse 'vbus-detect-gpio' property of node '/ocp/target-module@47400000/usb-phy@1b00[0]'
[   17.174070] am335x-phy-driver 47401b00.usb-phy: using lookup tables for GPIO lookup
[   17.174083] am335x-phy-driver 47401b00.usb-phy: No GPIO consumer vbus-detect found
[   17.174234] am335x-phy-driver 47401b00.usb-phy: dummy supplies not allowed for exclusive requests (id=vbus)
[   17.319583] usbcore: registered new interface driver usbfs
[   17.325705] usbcore: registered new interface driver hub
[   17.331171] usbcore: registered new device driver usb
[   18.349135] musb-hdrc musb-hdrc.1: MUSB HDRC host driver
[   18.354753] musb-hdrc musb-hdrc.1: new USB bus registered, assigned bus number 1
[   18.577310] usb usb1: New USB device found, idVendor=1d6b, idProduct=0002, bcdDevice= 6.18
[   18.585839] usb usb1: New USB device strings: Mfr=3, Product=2, SerialNumber=1
[   18.593161] usb usb1: Product: MUSB HDRC host driver
[   18.598156] usb usb1: Manufacturer: Linux 6.18.0-rc7-next-20251128 musb-hcd
[   18.605202] usb usb1: SerialNumber: musb-hdrc.1
[   18.646973] tda998x 0-0070: found TDA19988
[   18.862664] omap-mailbox 480c8000.mailbox: omap mailbox rev 0x400
[   18.902473] remoteproc remoteproc0: powering up wkup_m3
[   18.999599] hub 1-0:1.0: USB hub found
[   19.014404] remoteproc remoteproc0: Direct firmware load for am335x-pm-firmware.elf failed with error -2
[   19.024268] remoteproc remoteproc0: request_firmware failed: -2
[   19.030271] wkup_m3_ipc 44e11324.wkup_m3_ipc: rproc_boot failed
[   19.087181] hub 1-0:1.0: 1 port detected
[   20.922903] ------------[ cut here ]------------
[   20.927621] WARNING: net/8021q/vlan_core.c:236 at vlan_for_each+0x114/0x134, CPU#0: avahi-daemon/195
[   20.936906] RTNL: assertion failed at net/8021q/vlan_core.c (236)
[   20.943056] Modules linked in: rng_core snd_soc_davinci_mcasp snd_soc_ti_udma snd_soc_ti_edma snd_soc_ti_sdma snd_soc_core snd_pcm_dmaengine snd_pcm omap_mailbox snd_timer tda998x cec musb_dsps snd musb_hdrc drm_kms_helper soundcore udc_core usbcore drm phy_am335x phy_generic usb_common cppi41 drm_panel_orientation_quirks tps65218_pwrbutton at24 rtc_omap wkup_m3_ipc omap_wdt wkup_m3_rproc watchdog phy_am335x_control leds_gpio cpufreq_dt led_class autofs4
[   20.983752] CPU: 0 UID: 107 PID: 195 Comm: avahi-daemon Not tainted 6.18.0-rc7-next-20251128 #1 NONE 
[   20.983771] Hardware name: Generic AM33XX (Flattened Device Tree)
[   20.983780] Call trace: 
[   20.983797]  unwind_backtrace from show_stack+0x10/0x14
[   20.983834]  show_stack from dump_stack_lvl+0x50/0x64
[   20.983859]  dump_stack_lvl from __warn+0x88/0x148
[   20.983877]  __warn from warn_slowpath_fmt+0x19c/0x1b0
[   20.983890]  warn_slowpath_fmt from vlan_for_each+0x114/0x134
[   20.983909]  vlan_for_each from cpsw_add_mc_addr+0x40/0xa4
[   20.983944]  cpsw_add_mc_addr from __hw_addr_ref_sync_dev+0x108/0x140
[   20.983973]  __hw_addr_ref_sync_dev from __dev_mc_add+0x7c/0x80
[   20.983992]  __dev_mc_add from igmp6_group_added+0xc8/0xe0
[   20.984015]  igmp6_group_added from __ipv6_dev_mc_inc+0x218/0x364
[   20.984030]  __ipv6_dev_mc_inc from __ipv6_sock_mc_join+0x11c/0x1c0
[   20.984045]  __ipv6_sock_mc_join from do_ipv6_setsockopt+0x1214/0x1310
[   20.984072]  do_ipv6_setsockopt from ipv6_setsockopt+0x60/0xcc
[   20.984090]  ipv6_setsockopt from udpv6_setsockopt+0x2c/0x6c
[   20.984112]  udpv6_setsockopt from sock_common_setsockopt+0x30/0x40
[   20.984140]  sock_common_setsockopt from do_sock_setsockopt+0x50/0x9c
[   20.984158]  do_sock_setsockopt from __sys_setsockopt+0x70/0xbc
[   20.984173]  __sys_setsockopt from ret_fast_syscall+0x0/0x58
[   20.984188] Exception stack(0xe0171fa8 to 0xe0171ff0)
[   20.984202] 1fa0:                   00000014 b6fbfce8 0000000d 00000029 00000014 beb359ec
[   20.984215] 1fc0: 00000014 b6fbfce8 00000014 00000126 0000000d b6f68ff4 004ce988 004b6558
[   20.984223] 1fe0: b6f7e088 beb359d8 b6f5b309 b6e3241a
[   20.984230] ---[ end trace 0000000000000000 ]---
[   21.397936] omap_rng 48310000.rng: Random Number Generator ver. 20
[   21.666933] tilcdc 4830e000.lcdc: bound 0-0070 (ops tda998x_driver_exit [tda998x])
[   21.722164] [drm] Initialized tilcdc 1.0.0 for 4830e000.lcdc on minor 0
[   21.947779] tilcdc 4830e000.lcdc: [drm] Cannot find any crtc or sizes
[   21.987977] tilcdc 4830e000.lcdc: [drm] Cannot find any crtc or sizes
[   23.663796] PM: Cannot get wkup_m3_ipc handle
[   23.704003] omap-sham 53100000.sham: hw accel on OMAP rev 4.3
[   23.815783] omap-sham 53100000.sham: will run requests pump with realtime priority
[   23.825162] PM: Cannot get wkup_m3_ipc handle
[   23.842728] Bluetooth: Core ver 2.22
[   23.846551] NET: Registered PF_BLUETOOTH protocol family
[   23.852037] Bluetooth: HCI device and connection manager initialized
[   23.858481] Bluetooth: HCI socket layer initialized
[   23.863439] Bluetooth: L2CAP socket layer initialized
[   23.868547] Bluetooth: SCO socket layer initialized
[   23.916732] omap-aes 53500000.aes: OMAP AES hw accel rev: 3.2
[   24.029400] omap-aes 53500000.aes: will run requests pump with realtime priority
[   24.043294] PM: Cannot get wkup_m3_ipc handle
[   27.456217] tda998x 0-0070: using DT '/ocp/interconnect@44c00000/segment@200000/target-module@b000/i2c@0/tda19988@70' for 'nxp,calib' GPIO lookup
[   27.456358] of_get_named_gpiod_flags: parsed 'nxp,calib-gpios' property of node '/ocp/interconnect@44c00000/segment@200000/target-module@b000/i2c@0/tda19988@70[0]' - status (0)
[   27.456441] gpio gpiochip0: Persistence not supported for GPIO 25
[   27.456457] gpio-537 (nxp,calib): no flags found for GPIO nxp,calib
[   27.497244] gpio-537 (nxp,calib): gpiod_direction_output_nonotify: tried to set a GPIO tied to an IRQ as output
[   27.580602] PM: Cannot get wkup_m3_ipc handle
[   27.586608] asoc-simple-card sound: using DT '/sound' for 'simple-audio-card,hp-det' GPIO lookup
[   27.586685] of_get_named_gpiod_flags: can't parse 'simple-audio-card,hp-det-gpios' property of node '/sound[0]'
[   27.586720] of_get_named_gpiod_flags: can't parse 'simple-audio-card,hp-det-gpio' property of node '/sound[0]'
[   27.586746] asoc-simple-card sound: using lookup tables for GPIO lookup
[   27.586759] asoc-simple-card sound: No GPIO consumer simple-audio-card,hp-det found
[   27.586774] asoc-simple-card sound: using DT '/sound' for 'simple-audio-card,mic-det' GPIO lookup
[   27.586799] of_get_named_gpiod_flags: can't parse 'simple-audio-card,mic-det-gpios' property of node '/sound[0]'
[   27.586826] of_get_named_gpiod_flags: can't parse 'simple-audio-card,mic-det-gpio' property of node '/sound[0]'
[   27.586845] asoc-simple-card sound: using lookup tables for GPIO lookup
[   27.586857] asoc-simple-card sound: No GPIO consumer simple-audio-card,mic-det found
[   27.699318] PM: Cannot get wkup_m3_ipc handle
[   27.801210] tda9950 0-0034: TDA9950 CEC interface, hardware version 3.3
[   27.896627] PM: Cannot get wkup_m3_ipc handle
[   30.328352] userial_init: registered 8 ttyGS* devices
[   30.499225] rndis_register: configNr = 0
[   30.557659] udc musb-hdrc.0: binding gadget driver [g_multi]
[   30.557757] configfs-gadget.g_multi gadget.0: adding 'rndis'/70c94d4b to config 'c'/ff983d6a
[   30.558954] configfs-gadget.g_multi gadget.0: HOST MAC 1c:ba:8c:a2:ed:6c
[   30.566022] configfs-gadget.g_multi gadget.0: MAC 1c:ba:8c:a2:ed:70
[   30.572464] rndis_set_param_medium: 0 0
[   30.572490] configfs-gadget.g_multi gadget.0: RNDIS: IN/ep1in OUT/ep1out NOTIFY/ep2in
[   30.572509] configfs-gadget.g_multi gadget.0: adding 'cdc_ethernet'/ad638b90 to config 'c'/ff983d6a
[   30.573488] configfs-gadget.g_multi gadget.0: HOST MAC 1c:ba:8c:a2:ed:6c
[   30.580247] configfs-gadget.g_multi gadget.0: MAC 1c:ba:8c:a2:ed:6d
[   30.586688] configfs-gadget.g_multi gadget.0: CDC Ethernet: IN/ep3in OUT/ep2out NOTIFY/ep4in
[   30.586709] configfs-gadget.g_multi gadget.0: adding 'acm'/10ba1f1e to config 'c'/ff983d6a
[   30.586746] configfs-gadget.g_multi gadget.0: acm ttyGS0: IN/ep5in OUT/ep3out NOTIFY/ep6in
[   30.596603] PM: Cannot get wkup_m3_ipc handle
[   32.589189] configfs-gadget.g_multi gadget.0: eth_open
[   36.446053] gs_open: ttyGS0 (cb346aa0,c1487ba8)
[   36.446212] gs_close: ttyGS0 (cb346aa0,c1487ba8) ...
[   36.446236] gs_close: ttyGS0 (cb346aa0,c1487ba8) done!
[   36.470140] gs_open: ttyGS0 (af5d6bd6,65a9033a)
[   36.470267] gs_close: ttyGS0 (af5d6bd6,65a9033a) ...
[   36.470291] gs_close: ttyGS0 (af5d6bd6,65a9033a) done!
[   36.662863] gs_open: ttyGS0 (37b3fbf9,1dfd0c68)
[   36.663087] gs_close: ttyGS0 (37b3fbf9,1dfd0c68) ...
[   36.663110] gs_close: ttyGS0 (37b3fbf9,1dfd0c68) done!
[   36.665229] gs_open: ttyGS0 (37b3fbf9,e5515010)
FBMSKMZOPA 0
root@arm:~# echo 'GQOZ''AMLFME'
GQOZAMLFME
root@arm:~# MARKER='MYNQ''VMYBSZ' run 'modprobe test_linear_ranges'
MYNQVMYBSZMYNQVMYBSZ 0
root@arm:~# echo 'STAK''KZCYNX'
STAKKZCYNX
root@arm:~# MARKER='LPFT''HYSBSZ' run dmesg
LPFTHYSBSZ[    0.000000] Booting Linux on physical CPU 0x0
[    0.000000] Linux version 6.18.0-rc7-next-20251128 (user01@drvtest01) (arm-none-eabi-gcc (Arm GNU Toolchain 14.2.Rel1 (Build arm-14.52)) 14.2.1 20241119, GNU ld (Arm GNU Toolchain 14.2.Rel1 (Build arm-14.52)) 2.43.1.20241119) #1 SMP Fri Nov 28 09:22:30 EET 2025
[    0.000000] CPU: ARMv7 Processor [413fc082] revision 2 (ARMv7), cr=10c5387d
[    0.000000] CPU: PIPT / VIPT nonaliasing data cache, VIPT aliasing instruction cache
[    0.000000] OF: fdt: Machine model: TI AM335x BeagleBone Black
[    0.000000] Memory policy: Data cache writeback
[    0.000000] cma: Reserved 16 MiB at 0x9e800000
[    0.000000] Zone ranges:
[    0.000000]   Normal   [mem 0x0000000080000000-0x000000009fdfffff]
[    0.000000]   HighMem  empty
[    0.000000] Movable zone start for each node
[    0.000000] Early memory node ranges
[    0.000000]   node   0: [mem 0x0000000080000000-0x000000009fdfffff]
[    0.000000] Initmem setup node 0 [mem 0x0000000080000000-0x000000009fdfffff]
[    0.000000] On node 0, zone Normal: 512 pages in unavailable ranges
[    0.000000] OF: reserved mem: Reserved memory: No reserved-memory node in the DT
[    0.000000] CPU: All CPU(s) started in SVC mode.
[    0.000000] AM335X ES2.1 (sgx neon)
[    0.000000] percpu: Embedded 17 pages/cpu s40204 r8192 d21236 u69632
[    0.000000] pcpu-alloc: s40204 r8192 d21236 u69632 alloc=17*4096
[    0.000000] pcpu-alloc: [0] 0 
[    0.000000] Kernel command line: console=ttyO0,115200n8 root=/dev/nfs rw nfsroot=192.168.255.126:/home/user01/nfs,nfsvers=3 ip=192.168.255.1:192.168.255.126::255.255.255.0:bbb1:eth0 nfsrootdebug fw_devlink=no
[    0.000000] Unknown kernel command line parameters "nfsrootdebug", will be passed to user space.
[    0.000000] printk: log buffer data + meta data: 65536 + 204800 = 270336 bytes
[    0.000000] Dentry cache hash table entries: 65536 (order: 6, 262144 bytes, linear)
[    0.000000] Inode-cache hash table entries: 32768 (order: 5, 131072 bytes, linear)
[    0.000000] Built 1 zonelists, mobility grouping on.  Total pages: 130560
[    0.000000] mem auto-init: stack:off, heap alloc:off, heap free:off
[    0.000000] SLUB: HWalign=16, Order=0-3, MinObjects=0, CPUs=1, Nodes=1
[    0.000000] rcu: Hierarchical RCU implementation.
[    0.000000] rcu: 	RCU event tracing is enabled.
[    0.000000] rcu: 	RCU restricting CPUs from NR_CPUS=2 to nr_cpu_ids=1.
[    0.000000] 	Tracing variant of Tasks RCU enabled.
[    0.000000] rcu: RCU calculated value of scheduler-enlistment delay is 10 jiffies.
[    0.000000] rcu: Adjusting geometry for rcu_fanout_leaf=16, nr_cpu_ids=1
[    0.000000] RCU Tasks Trace: Setting shift to 0 and lim to 1 rcu_task_cb_adjust=1 rcu_task_cpu_ids=1.
[    0.000000] NR_IRQS: 16, nr_irqs: 16, preallocated irqs: 16
[    0.000000] IRQ: Found an INTC at 0x(ptrval) (revision 5.0) with 128 interrupts
[    0.000000] rcu: srcu_init: Setting srcu_struct sizes based on contention.
[    0.000000] TI gptimer clocksource: always-on /ocp/interconnect@44c00000/segment@200000/target-module@31000
[    0.000002] sched_clock: 32 bits at 24MHz, resolution 41ns, wraps every 89478484971ns
[    0.000027] clocksource: dmtimer: mask: 0xffffffff max_cycles: 0xffffffff, max_idle_ns: 79635851949 ns
[    0.000575] TI gptimer clockevent: 24000000 Hz at /ocp/interconnect@48000000/segment@0/target-module@40000
[    0.002149] Console: colour dummy device 80x30
[    0.002215] WARNING: Your 'console=ttyO0' has been replaced by 'ttyS0'
[    0.002223] This ensures that you still see kernel messages. Please
[    0.002227] update your kernel commandline.
[    0.002267] Calibrating delay loop... 996.14 BogoMIPS (lpj=4980736)
[    0.090690] CPU: Testing write buffer coherency: ok
[    0.090773] CPU0: Spectre v2: using BPIALL workaround
[    0.090783] pid_max: default: 32768 minimum: 301
[    0.091101] Mount-cache hash table entries: 1024 (order: 0, 4096 bytes, linear)
[    0.091122] Mountpoint-cache hash table entries: 1024 (order: 0, 4096 bytes, linear)
[    0.092716] CPU0: thread -1, cpu 0, socket -1, mpidr 0
[    0.092775] cacheinfo: Unable to detect cache hierarchy for CPU 0
[    0.094792] Setting up static identity map for 0x80100000 - 0x80100078
[    0.095112] rcu: Hierarchical SRCU implementation.
[    0.095121] rcu: 	Max phase no-delay instances is 1000.
[    0.096892] smp: Bringing up secondary CPUs ...
[    0.096946] smp: Brought up 1 node, 1 CPU
[    0.096960] SMP: Total of 1 processors activated (996.14 BogoMIPS).
[    0.096972] CPU: All CPU(s) started in SVC mode.
[    0.097212] Memory: 479964K/522240K available (12288K kernel code, 1231K rwdata, 2956K rodata, 1024K init, 255K bss, 24364K reserved, 16384K cma-reserved, 0K highmem)
[    0.098066] devtmpfs: initialized
[    0.115489] VFP support v0.3: implementor 41 architecture 3 part 30 variant c rev 3
[    0.116169] clocksource: jiffies: mask: 0xffffffff max_cycles: 0xffffffff, max_idle_ns: 19112604462750000 ns
[    0.116227] posixtimers hash table entries: 512 (order: 0, 4096 bytes, linear)
[    0.116254] futex hash table entries: 256 (16384 bytes on 1 NUMA nodes, total 16 KiB, linear).
[    0.119421] NET: Registered PF_NETLINK/PF_ROUTE protocol family
[    0.122571] DMA: preallocated 256 KiB pool for atomic coherent allocations
[    0.123542] audit: initializing netlink subsys (disabled)
[    0.124890] thermal_sys: Registered thermal governor 'fair_share'
[    0.124906] thermal_sys: Registered thermal governor 'step_wise'
[    0.124915] thermal_sys: Registered thermal governor 'user_space'
[    0.125028] audit: type=2000 audit(0.120:1): state=initialized audit_enabled=0 res=1
[    0.125103] cpuidle: using governor menu
[    0.142961] /ocp/interconnect@44c00000/segment@200000/target-module@b000/i2c@0/tda19988@70: Fixed dependency cycle(s) with /ocp/interconnect@48000000/segment@300000/target-module@e000/lcdc@0
[    0.144058] /ocp/interconnect@48000000/segment@300000/target-module@e000/lcdc@0: Fixed dependency cycle(s) with /ocp/interconnect@44c00000/segment@200000/target-module@b000/i2c@0/tda19988@70
[    0.146240] No ATAGs?
[    0.146277] hw-breakpoint: debug architecture 0x4 unsupported.
[    0.148949] kprobes: kprobe jump-optimization is enabled. All kprobes are optimized if possible.
[    0.153634] iommu: Default domain type: Translated
[    0.153657] iommu: DMA domain TLB invalidation policy: strict mode
[    0.155237] reg-fixed-voltage fixedregulator0: using DT '/fixedregulator0' for '(default)' GPIO lookup
[    0.155295] of_get_named_gpiod_flags: can't parse 'gpios' property of node '/fixedregulator0[0]'
[    0.155324] of_get_named_gpiod_flags: can't parse 'gpio' property of node '/fixedregulator0[0]'
[    0.155343] reg-fixed-voltage fixedregulator0: using lookup tables for GPIO lookup
[    0.155354] reg-fixed-voltage fixedregulator0: No GPIO consumer (default) found
[    0.161836] SCSI subsystem initialized
[    0.162324] libata version 3.00 loaded.
[    0.162705] pps_core: LinuxPPS API ver. 1 registered
[    0.162716] pps_core: Software ver. 5.3.6 - Copyright 2005-2007 Rodolfo Giometti <giometti@linux.it>
[    0.162740] PTP clock support registered
[    0.171342] vgaarb: loaded
[    0.171785] clocksource: Switched to clocksource dmtimer
[    0.172412] VFS: Disk quotas dquot_6.6.0
[    0.172473] VFS: Dquot-cache hash table entries: 1024 (order 0, 4096 bytes)
[    0.197187] NET: Registered PF_INET protocol family
[    0.197526] IP idents hash table entries: 8192 (order: 4, 65536 bytes, linear)
[    0.198966] tcp_listen_portaddr_hash hash table entries: 512 (order: 0, 4096 bytes, linear)
[    0.199004] Table-perturb hash table entries: 65536 (order: 6, 262144 bytes, linear)
[    0.199022] TCP established hash table entries: 4096 (order: 2, 16384 bytes, linear)
[    0.199069] TCP bind hash table entries: 4096 (order: 4, 65536 bytes, linear)
[    0.199169] TCP: Hash tables configured (established 4096 bind 4096)
[    0.199290] UDP hash table entries: 256 (order: 2, 14336 bytes, linear)
[    0.199324] UDP-Lite hash table entries: 256 (order: 2, 14336 bytes, linear)
[    0.199539] NET: Registered PF_UNIX/PF_LOCAL protocol family
[    0.212340] RPC: Registered named UNIX socket transport module.
[    0.212364] RPC: Registered udp transport module.
[    0.212369] RPC: Registered tcp transport module.
[    0.212374] RPC: Registered tcp-with-tls transport module.
[    0.212379] RPC: Registered tcp NFSv4.1 backchannel transport module.
[    0.212404] PCI: CLS 0 bytes, default 64
[    0.213866] Initialise system trusted keyrings
[    0.214464] workingset: timestamp_bits=14 max_order=17 bucket_order=3
[    0.216213] NFS: Registering the id_resolver key type
[    0.216297] Key type id_resolver registered
[    0.216305] Key type id_legacy registered
[    0.216417] jffs2: version 2.2. (NAND) (SUMMARY)  Â© 2001-2006 Red Hat, Inc.
[    0.217315] Key type asymmetric registered
[    0.217336] Asymmetric key parser 'x509' registered
[    0.217408] io scheduler mq-deadline registered
[    0.217418] io scheduler kyber registered
[    0.217510] io scheduler bfq registered
[    0.219329] target-module@4b000000:target-module@140000:pmu@0:fck: device ID is greater than 24
[    0.232214] ledtrig-cpu: registered to indicate activity on CPUs
[    0.236030] Serial: 8250/16550 driver, 6 ports, IRQ sharing enabled
[    0.277795] brd: module loaded
[    0.305606] loop: module loaded
[    0.306530] mtdoops: mtd device (mtddev=name/number) must be supplied
[    0.308084] mdio_bus fixed-0: using lookup tables for GPIO lookup
[    0.308109] mdio_bus fixed-0: No GPIO consumer reset found
[    0.309522] i2c_dev: i2c /dev entries driver
[    0.310531] cpuidle: enable-method property 'ti,am3352' found operations
[    0.310984] sdhci: Secure Digital Host Controller Interface driver
[    0.310995] sdhci: Copyright(c) Pierre Ossman
[    0.311182] sdhci-pltfm: SDHCI platform and OF driver helper
[    0.312867] hw perfevents: enabled with armv7_cortex_a8 PMU driver, 5 (8000000f) counters available
[    0.313398] Initializing XFRM netlink socket
[    0.313573] NET: Registered PF_INET6 protocol family
[    0.315625] Segment Routing with IPv6
[    0.315717] In-situ OAM (IOAM) with IPv6
[    0.315814] sit: IPv6, IPv4 and MPLS over IPv4 tunneling driver
[    0.316785] NET: Registered PF_PACKET protocol family
[    0.316804] PFKEY is deprecated and scheduled to be removed in 2027, please contact the netdev mailing list
[    0.316819] NET: Registered PF_KEY protocol family
[    0.316995] Key type dns_resolver registered
[    0.317231] ThumbEE CPU extension supported.
[    0.317251] Registering SWP/SWPB emulation handler
[    0.317767] omap_voltage_late_init: Voltage driver support not added
[    0.318427] SmartReflex Class3 initialized
[    0.348424] Loading compiled-in X.509 certificates
[    0.393427] /ocp/interconnect@44c00000/segment@200000/target-module@b000/i2c@0/tda19988@70: Fixed dependency cycle(s) with /ocp/interconnect@48000000/segment@300000/target-module@e000/lcdc@0
[    0.399810] /ocp/interconnect@44c00000/segment@200000/target-module@b000/i2c@0/tda19988@70: Fixed dependency cycle(s) with /ocp/interconnect@48000000/segment@300000/target-module@e000/lcdc@0
[    0.405522] gpiochip_find_base_unlocked: found new base at 512
[    0.420655] /ocp/interconnect@44c00000/segment@200000/target-module@b000/i2c@0/tda19988@70: Fixed dependency cycle(s) with /ocp/interconnect@48000000/segment@300000/target-module@e000/lcdc@0
[    0.421576] /ocp/interconnect@44c00000/segment@200000/target-module@b000/i2c@0/tda19988@70: Fixed dependency cycle(s) with /ocp/interconnect@48000000/segment@300000/target-module@e000/lcdc@0
[    0.425495] /ocp/interconnect@44c00000/segment@200000/target-module@10000/scm@0/pinmux@800: Fixed dependency cycle(s) with /ocp/interconnect@44c00000/segment@200000/target-module@10000/scm@0/pinmux@800/clkout2-pins
[    0.426117] pinctrl-single 44e10800.pinmux: 142 pins, size 568
[    0.469098] /ocp/interconnect@48000000/segment@300000/target-module@e000/lcdc@0: Fixed dependency cycle(s) with /ocp/interconnect@44c00000/segment@200000/target-module@b000/i2c@0/tda19988@70
[    0.489257] gpiochip_find_base_unlocked: found new base at 512
[    0.489373] gpio gpiochip0: (gpio-0-31): created GPIO range 0->7 ==> 44e10800.pinmux PIN 0->7
[    0.489393] gpio gpiochip0: (gpio-0-31): created GPIO range 8->11 ==> 44e10800.pinmux PIN 90->93
[    0.489410] gpio gpiochip0: (gpio-0-31): created GPIO range 12->27 ==> 44e10800.pinmux PIN 12->27
[    0.489426] gpio gpiochip0: (gpio-0-31): created GPIO range 28->31 ==> 44e10800.pinmux PIN 30->33
[    0.526506] gpio gpiochip0: (gpio-0-31): added GPIO chardev (254:0)
[    0.526728] gpio gpiochip0: registered GPIOs 512 to 543 on gpio-0-31
[    0.526812] OMAP GPIO hardware version 0.1
[    0.579552] i2c i2c-2: using DT '/ocp/interconnect@48000000/segment@100000/target-module@9c000/i2c@0' for 'scl' GPIO lookup
[    0.579628] of_get_named_gpiod_flags: can't parse 'scl-gpios' property of node '/ocp/interconnect@48000000/segment@100000/target-module@9c000/i2c@0[0]'
[    0.579670] of_get_named_gpiod_flags: can't parse 'scl-gpio' property of node '/ocp/interconnect@48000000/segment@100000/target-module@9c000/i2c@0[0]'
[    0.579707] i2c i2c-2: using lookup tables for GPIO lookup
[    0.579717] i2c i2c-2: No GPIO consumer scl found
[    0.579738] i2c i2c-2: using DT '/ocp/interconnect@48000000/segment@100000/target-module@9c000/i2c@0' for 'sda' GPIO lookup
[    0.579773] of_get_named_gpiod_flags: can't parse 'sda-gpios' property of node '/ocp/interconnect@48000000/segment@100000/target-module@9c000/i2c@0[0]'
[    0.579810] of_get_named_gpiod_flags: can't parse 'sda-gpio' property of node '/ocp/interconnect@48000000/segment@100000/target-module@9c000/i2c@0[0]'
[    0.579841] i2c i2c-2: using lookup tables for GPIO lookup
[    0.579849] i2c i2c-2: No GPIO consumer sda found
[    0.580583] omap_i2c 4819c000.i2c: bus 2 rev0.11 at 100 kHz
[    0.586438] gpiochip_find_base_unlocked: found new base at 544
[    0.586540] gpio gpiochip1: (gpio-32-63): created GPIO range 0->17 ==> 44e10800.pinmux PIN 34->51
[    0.586560] gpio gpiochip1: (gpio-32-63): created GPIO range 18->21 ==> 44e10800.pinmux PIN 77->80
[    0.586584] gpio gpiochip1: (gpio-32-63): created GPIO range 22->31 ==> 44e10800.pinmux PIN 56->65
[    0.587518] gpio gpiochip1: (gpio-32-63): added GPIO chardev (254:1)
[    0.587745] gpio gpiochip1: registered GPIOs 544 to 575 on gpio-32-63
[    0.589996] gpiochip_find_base_unlocked: found new base at 576
[    0.590088] gpio gpiochip2: (gpio-64-95): created GPIO range 0->4 ==> 44e10800.pinmux PIN 66->70
[    0.590109] gpio gpiochip2: (gpio-64-95): created GPIO range 5->6 ==> 44e10800.pinmux PIN 98->99
[    0.590125] gpio gpiochip2: (gpio-64-95): created GPIO range 7->8 ==> 44e10800.pinmux PIN 75->76
[    0.590141] gpio gpiochip2: (gpio-64-95): created GPIO range 13->13 ==> 44e10800.pinmux PIN 141->141
[    0.590157] gpio gpiochip2: (gpio-64-95): created GPIO range 14->21 ==> 44e10800.pinmux PIN 100->107
[    0.590816] gpio gpiochip2: (gpio-64-95): added GPIO chardev (254:2)
[    0.591010] gpio gpiochip2: registered GPIOs 576 to 607 on gpio-64-95
[    0.596952] 48000000.interconnect:segment@200000:target-module@0:mpu@0:fck: device ID is greater than 24
[    0.597869] /ocp/interconnect@48000000/segment@300000/target-module@e000/lcdc@0: Fixed dependency cycle(s) with /ocp/interconnect@44c00000/segment@200000/target-module@b000/i2c@0/tda19988@70
[    0.600701] /ocp/interconnect@48000000/segment@300000/target-module@e000/lcdc@0: Fixed dependency cycle(s) with /ocp/interconnect@44c00000/segment@200000/target-module@b000/i2c@0/tda19988@70
[    0.601399] /ocp/interconnect@44c00000/segment@200000/target-module@b000/i2c@0/tda19988@70: Fixed dependency cycle(s) with /ocp/interconnect@48000000/segment@300000/target-module@e000/lcdc@0
[    0.601580] /ocp/interconnect@48000000/segment@300000/target-module@e000/lcdc@0: Fixed dependency cycle(s) with /ocp/interconnect@44c00000/segment@200000/target-module@b000/i2c@0/tda19988@70
[    0.609306] sdhci-omap 481d8000.mmc: using DT '/ocp/interconnect@48000000/segment@100000/target-module@d8000/mmc@0' for 'wp' GPIO lookup
[    0.609383] of_get_named_gpiod_flags: can't parse 'wp-gpios' property of node '/ocp/interconnect@48000000/segment@100000/target-module@d8000/mmc@0[0]'
[    0.609427] of_get_named_gpiod_flags: can't parse 'wp-gpio' property of node '/ocp/interconnect@48000000/segment@100000/target-module@d8000/mmc@0[0]'
[    0.609464] sdhci-omap 481d8000.mmc: using lookup tables for GPIO lookup
[    0.609474] sdhci-omap 481d8000.mmc: No GPIO consumer wp found
[    0.609675] sdhci-omap 481d8000.mmc: supply pbias not found, using dummy regulator
[    0.610803] sdhci-omap 481d8000.mmc: supply vqmmc not found, using dummy regulator
[    0.628345] mdio_bus 4a101000.mdio: using DT '/ocp/interconnect@4a000000/segment@0/target-module@100000/switch@0/mdio@1000' for 'reset' GPIO lookup
[    0.628419] of_get_named_gpiod_flags: can't parse 'reset-gpios' property of node '/ocp/interconnect@4a000000/segment@0/target-module@100000/switch@0/mdio@1000[0]'
[    0.628465] of_get_named_gpiod_flags: can't parse 'reset-gpio' property of node '/ocp/interconnect@4a000000/segment@0/target-module@100000/switch@0/mdio@1000[0]'
[    0.628514] mdio_bus 4a101000.mdio: using lookup tables for GPIO lookup
[    0.628524] mdio_bus 4a101000.mdio: No GPIO consumer reset found
[    0.672344] davinci_mdio 4a101000.mdio: davinci mdio revision 1.6, bus freq 1000000
[    0.694339] mdio_bus 4a101000.mdio:00: using DT '/ocp/interconnect@4a000000/segment@0/target-module@100000/switch@0/mdio@1000/ethernet-phy@0' for 'reset' GPIO lookup
[    0.694439] of_get_named_gpiod_flags: parsed 'reset-gpios' property of node '/ocp/interconnect@4a000000/segment@0/target-module@100000/switch@0/mdio@1000/ethernet-phy@0[0]' - status (0)
[    0.694597] gpio gpiochip0: Persistence not supported for GPIO 8
[    0.831086] davinci_mdio 4a101000.mdio: phy[0]: device 4a101000.mdio:00, driver SMSC LAN8710/LAN8720
[    0.831947] cpsw-switch 4a100000.switch: initialized cpsw ale version 1.4
[    0.831970] cpsw-switch 4a100000.switch: ALE Table size 1024, Policers 0
[    0.832207] cpsw-switch 4a100000.switch: cpts: overflow check period 500 (jiffies)
[    0.832225] cpsw-switch 4a100000.switch: CPTS: ref_clk_freq:250000000 calc_mult:2147483648 calc_shift:29 error:0 nsec/sec
[    0.832322] cpsw-switch 4a100000.switch: Detected MACID = 6c:ec:eb:68:de:78
[    0.834206] cpsw-switch 4a100000.switch: initialized (regs 0x4a100000, pool size 256) hw_ver:0019010C 1.12 (0)
[    0.846920] debugfs: '49000000.dma' already exists in 'dmaengine'
[    0.846966] edma 49000000.dma: TI EDMA DMA engine driver
[    0.882071] ti-sysc 44e31000.target-module: Failed to create device link (0x180) with supplier ocp for /ocp/interconnect@44c00000/segment@200000/target-module@31000/timer@0
[    0.882135] ti-sysc 48040000.target-module: Failed to create device link (0x180) with supplier ocp for /ocp/interconnect@48000000/segment@0/target-module@40000/timer@0
[    0.883097] gpio-clk clk_mcasp0: using DT '/clk_mcasp0' for 'enable' GPIO lookup
[    0.883162] of_get_named_gpiod_flags: parsed 'enable-gpios' property of node '/clk_mcasp0[0]' - status (0)
[    0.883208] gpio gpiochip0: Persistence not supported for GPIO 27
[    0.883956] gpiochip_find_base_unlocked: found new base at 608
[    0.884082] gpio gpiochip3: (gpio-96-127): created GPIO range 0->7 ==> 44e10800.pinmux PIN 82->89
[    0.884104] gpio gpiochip3: (gpio-96-127): created GPIO range 8->11 ==> 44e10800.pinmux PIN 52->55
[    0.884120] gpio gpiochip3: (gpio-96-127): created GPIO range 12->15 ==> 44e10800.pinmux PIN 94->97
[    0.884135] gpio gpiochip3: (gpio-96-127): created GPIO range 16->17 ==> 44e10800.pinmux PIN 71->72
[    0.884151] gpio gpiochip3: (gpio-96-127): created GPIO range 18->18 ==> 44e10800.pinmux PIN 135->135
[    0.884168] gpio gpiochip3: (gpio-96-127): created GPIO range 19->20 ==> 44e10800.pinmux PIN 108->109
[    0.884185] gpio gpiochip3: (gpio-96-127): created GPIO range 21->21 ==> 44e10800.pinmux PIN 73->73
[    0.884202] gpio gpiochip3: (gpio-96-127): created GPIO range 22->23 ==> 44e10800.pinmux PIN 8->9
[    0.884219] gpio gpiochip3: (gpio-96-127): created GPIO range 26->27 ==> 44e10800.pinmux PIN 10->11
[    0.884237] gpio gpiochip3: (gpio-96-127): created GPIO range 28->28 ==> 44e10800.pinmux PIN 74->74
[    0.884255] gpio gpiochip3: (gpio-96-127): created GPIO range 29->29 ==> 44e10800.pinmux PIN 81->81
[    0.884274] gpio gpiochip3: (gpio-96-127): created GPIO range 30->31 ==> 44e10800.pinmux PIN 28->29
[    0.892303] gpio gpiochip3: (gpio-96-127): added GPIO chardev (254:3)
[    0.892536] gpio gpiochip3: registered GPIOs 608 to 639 on gpio-96-127
[    0.894358] omap8250 44e09000.serial: using DT '/ocp/interconnect@44c00000/segment@200000/target-module@9000/serial@0' for 'rs485-term' GPIO lookup
[    0.894433] of_get_named_gpiod_flags: can't parse 'rs485-term-gpios' property of node '/ocp/interconnect@44c00000/segment@200000/target-module@9000/serial@0[0]'
[    0.894476] of_get_named_gpiod_flags: can't parse 'rs485-term-gpio' property of node '/ocp/interconnect@44c00000/segment@200000/target-module@9000/serial@0[0]'
[    0.894513] omap8250 44e09000.serial: using lookup tables for GPIO lookup
[    0.894522] omap8250 44e09000.serial: No GPIO consumer rs485-term found
[    0.894533] omap8250 44e09000.serial: using DT '/ocp/interconnect@44c00000/segment@200000/target-module@9000/serial@0' for 'rs485-rx-during-tx' GPIO lookup
[    0.894570] of_get_named_gpiod_flags: can't parse 'rs485-rx-during-tx-gpios' property of node '/ocp/interconnect@44c00000/segment@200000/target-module@9000/serial@0[0]'
[    0.894607] of_get_named_gpiod_flags: can't parse 'rs485-rx-during-tx-gpio' property of node '/ocp/interconnect@44c00000/segment@200000/target-module@9000/serial@0[0]'
[    0.894639] omap8250 44e09000.serial: using lookup tables for GPIO lookup
[    0.894648] omap8250 44e09000.serial: No GPIO consumer rs485-rx-during-tx found
[    0.895118] 44e09000.serial: ttyS0 at MMIO 0x44e09000 (irq = 34, base_baud = 3000000) is a 8250
[    0.895244] printk: legacy console [ttyS0] enabled
[    2.441948] i2c i2c-0: using DT '/ocp/interconnect@44c00000/segment@200000/target-module@b000/i2c@0' for 'scl' GPIO lookup
[    2.442042] of_get_named_gpiod_flags: can't parse 'scl-gpios' property of node '/ocp/interconnect@44c00000/segment@200000/target-module@b000/i2c@0[0]'
