Labgrid Console Logfile for main
Logfile started at 2024-10-08 10:34:32.852090
=== Log starts here ===

U-Boot SPL 2014.04-00014-g47880f5 (Apr 22 2014 - 13:23:54)
reading args
spl_load_image_fat_os: error reading image args, err - -1
reading u-boot.img
reading u-boot.img


U-Boot 2014.04-00014-g47880f5 (Apr 22 2014 - 13:23:54)

I2C:   ready
DRAM:  512 MiB
NAND:  0 MiB
MMC:   OMAP SD/MMC: 0, OMAP SD/MMC: 1
*** Warning - readenv() failed, using default environment

Net:   <ethaddr> not set. Validating first E-fuse MAC
cpsw, usb_ether
Hit any key to stop autoboot:  1  0 
gpio: pin 53 (gpio 53) value is 1
mmc0 is current device
gpio: pin 54 (gpio 54) value is 1
SD/MMC found on device 0
reading uEnv.txt
569 bytes read in 3 ms (184.6 KiB/s)
gpio: pin 55 (gpio 55) value is 1
Loaded environment from uEnv.txt
Importing environment from mmc ...
Checking if uenvcmd is set ...
gpio: pin 56 (gpio 56) value is 1
Running uenvcmd ...
cpsw Waiting for PHY auto negotiation to complete. done
link up on port 0, speed 100, full duplex
Using cpsw device
TFTP from server 192.168.255.126; our IP address is 192.168.255.1
Filename 'zImage'.
Load address: 0x81000000
Loading: *#################################################################
	 #################################################################
	 #################################################################
	 #################################################################
	 #################################################################
	 ##################################################
	 2.4 MiB/s
done
Bytes transferred = 5500488 (53ee48 hex)
link up on port 0, speed 100, full duplex
Using cpsw device
TFTP from server 192.168.255.126; our IP address is 192.168.255.1
Filename 'am335x-boneblack.dtb'.
Load address: 0x82000000
Loading: *#######
	 2.3 MiB/s
done
Bytes transferred = 98244 (17fc4 hex)
Kernel image @ 0x81000000 [ 0x000000 - 0x53ee48 ]
## Flattened Device Tree blob at 82000000
   Booting using the fdt blob at 0x82000000
   Using Device Tree in place at 82000000, end 8201afc3

Starting kernel ...

[    0.000000] Booting Linux on physical CPU 0x0
[    0.000000] Linux version 6.12.0-rc2-next-20241008 (user01@drvtest01) (arm-linux-gnueabihf-gcc (Linaro GCC 6.4-2017.11) 6.4.1 20171012, GNU ld (Linaro_Binutils-2017.11) 2.27.0.20161229) #111 SMP Tue Oct  8 10:33:46 EEST 2024
[    0.000000] CPU: ARMv7 Processor [413fc082] revision 2 (ARMv7), cr=10c5387d
[    0.000000] CPU: PIPT / VIPT nonaliasing data cache, VIPT aliasing instruction cache
[    0.000000] OF: fdt: Machine model: TI AM335x BeagleBone Black
[    0.000000] Memory policy: Data cache writeback
[    0.000000] cma: Reserved 16 MiB at 0x9e800000 on node -1
[    0.000000] Zone ranges:
[    0.000000]   Normal   [mem 0x0000000080000000-0x000000009fdfffff]
[    0.000000]   HighMem  empty
[    0.000000] Movable zone start for each node
[    0.000000] Early memory node ranges
[    0.000000]   node   0: [mem 0x0000000080000000-0x000000009fdfffff]
[    0.000000] Initmem setup node 0 [mem 0x0000000080000000-0x000000009fdfffff]
[    0.000000] CPU: All CPU(s) started in SVC mode.
[    0.000000] AM335X ES2.1 (sgx neon)
[    0.000000] percpu: Embedded 17 pages/cpu s40268 r8192 d21172 u69632
[    0.000000] Kernel command line: console=ttyO0,115200n8 root=/dev/nfs rw nfsroot=192.168.255.126:/home/user01/nfs,nfsvers=3 ip=192.168.255.1:192.168.255.126::255.255.255.0:bbb1:eth0 nfsrootdebug
[    0.000000] Unknown kernel command line parameters "nfsrootdebug", will be passed to user space.
[    0.000000] Dentry cache hash table entries: 65536 (order: 6, 262144 bytes, linear)
[    0.000000] Inode-cache hash table entries: 32768 (order: 5, 131072 bytes, linear)
[    0.000000] Built 1 zonelists, mobility grouping on.  Total pages: 130560
[    0.000000] mem auto-init: stack:off, heap alloc:off, heap free:off
[    0.000000] SLUB: HWalign=64, Order=0-3, MinObjects=0, CPUs=1, Nodes=1
[    0.000000] trace event string verifier disabled
[    0.000000] rcu: Hierarchical RCU implementation.
[    0.000000] rcu: 	RCU event tracing is enabled.
[    0.000000] rcu: 	RCU restricting CPUs from NR_CPUS=2 to nr_cpu_ids=1.
[    0.000000] rcu: RCU calculated value of scheduler-enlistment delay is 10 jiffies.
[    0.000000] rcu: Adjusting geometry for rcu_fanout_leaf=16, nr_cpu_ids=1
[    0.000000] NR_IRQS: 16, nr_irqs: 16, preallocated irqs: 16
[    0.000000] IRQ: Found an INTC at 0x(ptrval) (revision 5.0) with 128 interrupts
[    0.000000] rcu: srcu_init: Setting srcu_struct sizes based on contention.
[    0.000000] TI gptimer clocksource: always-on /ocp/interconnect@44c00000/segment@200000/target-module@31000
[    0.000003] sched_clock: 32 bits at 24MHz, resolution 41ns, wraps every 89478484971ns
[    0.000028] clocksource: dmtimer: mask: 0xffffffff max_cycles: 0xffffffff, max_idle_ns: 79635851949 ns
[    0.000503] TI gptimer clockevent: 24000000 Hz at /ocp/interconnect@48000000/segment@0/target-module@40000
[    0.002141] Console: colour dummy device 80x30
[    0.002211] WARNING: Your 'console=ttyO0' has been replaced by 'ttyS0'
[    0.002220] This ensures that you still see kernel messages. Please
[    0.002225] update your kernel commandline.
[    0.002267] Calibrating delay loop... 996.14 BogoMIPS (lpj=4980736)
[    0.090554] CPU: Testing write buffer coherency: ok
[    0.090671] CPU0: Spectre v2: using BPIALL workaround
[    0.090683] pid_max: default: 32768 minimum: 301
[    0.090809] LSM: initializing lsm=capability
[    0.090984] Mount-cache hash table entries: 1024 (order: 0, 4096 bytes, linear)
[    0.091005] Mountpoint-cache hash table entries: 1024 (order: 0, 4096 bytes, linear)
[    0.092644] CPU0: thread -1, cpu 0, socket -1, mpidr 0
[    0.150729] Setting up static identity map for 0x80100000 - 0x80100078
[    0.160716] rcu: Hierarchical SRCU implementation.
[    0.160729] rcu: 	Max phase no-delay instances is 1000.
[    0.180760] smp: Bringing up secondary CPUs ...
[    0.180820] smp: Brought up 1 node, 1 CPU
[    0.180835] SMP: Total of 1 processors activated (996.14 BogoMIPS).
[    0.180846] CPU: All CPU(s) started in SVC mode.
[    0.181034] Memory: 480860K/522240K available (11264K kernel code, 1215K rwdata, 2876K rodata, 1024K init, 298K bss, 23368K reserved, 16384K cma-reserved, 0K highmem)
[    0.181894] devtmpfs: initialized
[    0.198810] VFP support v0.3: implementor 41 architecture 3 part 30 variant c rev 3
[    0.199162] clocksource: jiffies: mask: 0xffffffff max_cycles: 0xffffffff, max_idle_ns: 19112604462750000 ns
[    0.199196] futex hash table entries: 256 (order: 2, 16384 bytes, linear)
[    0.200485] pinctrl core: initialized pinctrl subsystem
[    0.203563] NET: Registered PF_NETLINK/PF_ROUTE protocol family
[    0.206357] DMA: preallocated 256 KiB pool for atomic coherent allocations
[    0.207238] audit: initializing netlink subsys (disabled)
[    0.208660] thermal_sys: Registered thermal governor 'fair_share'
[    0.208674] thermal_sys: Registered thermal governor 'step_wise'
[    0.208685] thermal_sys: Registered thermal governor 'user_space'
[    0.208845] audit: type=2000 audit(0.200:1): state=initialized audit_enabled=0 res=1
[    0.208886] cpuidle: using governor menu
[    0.227736] No ATAGs?
[    0.227762] hw-breakpoint: debug architecture 0x4 unsupported.
[    0.230514] kprobes: kprobe jump-optimization is enabled. All kprobes are optimized if possible.
[    0.243984] iommu: Default domain type: Translated
[    0.244007] iommu: DMA domain TLB invalidation policy: strict mode
[    0.252046] SCSI subsystem initialized
[    0.252900] pps_core: LinuxPPS API ver. 1 registered
[    0.252911] pps_core: Software ver. 5.3.6 - Copyright 2005-2007 Rodolfo Giometti <giometti@linux.it>
[    0.252935] PTP clock support registered
[    0.260815] vgaarb: loaded
[    0.261221] clocksource: Switched to clocksource dmtimer
[    0.261894] VFS: Disk quotas dquot_6.6.0
[    0.261939] VFS: Dquot-cache hash table entries: 1024 (order 0, 4096 bytes)
[    0.286595] NET: Registered PF_INET protocol family
[    0.286960] IP idents hash table entries: 8192 (order: 4, 65536 bytes, linear)
[    0.288365] tcp_listen_portaddr_hash hash table entries: 512 (order: 0, 4096 bytes, linear)
[    0.288404] Table-perturb hash table entries: 65536 (order: 6, 262144 bytes, linear)
[    0.288421] TCP established hash table entries: 4096 (order: 2, 16384 bytes, linear)
[    0.288465] TCP bind hash table entries: 4096 (order: 4, 65536 bytes, linear)
[    0.288565] TCP: Hash tables configured (established 4096 bind 4096)
[    0.288684] UDP hash table entries: 256 (order: 1, 8192 bytes, linear)
[    0.288712] UDP-Lite hash table entries: 256 (order: 1, 8192 bytes, linear)
[    0.288899] NET: Registered PF_UNIX/PF_LOCAL protocol family
[    0.291901] RPC: Registered named UNIX socket transport module.
[    0.291923] RPC: Registered udp transport module.
[    0.291929] RPC: Registered tcp transport module.
[    0.291934] RPC: Registered tcp-with-tls transport module.
[    0.291940] RPC: Registered tcp NFSv4.1 backchannel transport module.
[    0.291967] PCI: CLS 0 bytes, default 64
[    0.293444] Initialise system trusted keyrings
[    0.302500] workingset: timestamp_bits=14 max_order=17 bucket_order=3
[    0.303854] NFS: Registering the id_resolver key type
[    0.303928] Key type id_resolver registered
[    0.303936] Key type id_legacy registered
[    0.303986] jffs2: version 2.2. (NAND) (SUMMARY)  Â© 2001-2006 Red Hat, Inc.
[    0.304407] Key type asymmetric registered
[    0.304425] Asymmetric key parser 'x509' registered
[    0.304493] io scheduler mq-deadline registered
[    0.304504] io scheduler kyber registered
[    0.304575] io scheduler bfq registered
[    0.306228] ledtrig-cpu: registered to indicate activity on CPUs
[    0.312237] Serial: 8250/16550 driver, 6 ports, IRQ sharing enabled
[    0.362928] brd: module loaded
[    0.383211] loop: module loaded
[    0.384154] mtdoops: mtd device (mtddev=name/number) must be supplied
[    0.387309] i2c_dev: i2c /dev entries driver
[    0.388315] cpuidle: enable-method property 'ti,am3352' found operations
[    0.388753] sdhci: Secure Digital Host Controller Interface driver
[    0.388762] sdhci: Copyright(c) Pierre Ossman
[    0.388939] sdhci-pltfm: SDHCI platform and OF driver helper
[    0.389978] Initializing XFRM netlink socket
[    0.390133] NET: Registered PF_INET6 protocol family
[    0.392309] Segment Routing with IPv6
[    0.392405] In-situ OAM (IOAM) with IPv6
[    0.392504] sit: IPv6, IPv4 and MPLS over IPv4 tunneling driver
[    0.393458] NET: Registered PF_PACKET protocol family
[    0.393492] NET: Registered PF_KEY protocol family
[    0.393621] Key type dns_resolver registered
[    0.393904] ThumbEE CPU extension supported.
[    0.393923] Registering SWP/SWPB emulation handler
[    0.394453] omap_voltage_late_init: Voltage driver support not added
[    0.394810] SmartReflex Class3 initialized
[    0.428740] Loading compiled-in X.509 certificates
[    0.503205] platform 44e10800.pinmux: Fixed dependency cycle(s) with /ocp/interconnect@44c00000/segment@200000/target-module@10000/scm@0/pinmux@800/clkout2-pins
[    0.503757] pinctrl-single 44e10800.pinmux: 142 pins, size 568
[    0.508796] ti-sysc 44e31000.target-module: probe with driver ti-sysc failed with error -16
[    0.556351] ti-sysc 48040000.target-module: probe with driver ti-sysc failed with error -16
[    0.594667] OMAP GPIO hardware version 0.1
[    0.632868] omap_i2c 4819c000.i2c: bus 2 rev0.11 at 100 kHz
[    0.661714] 48000000.interconnect:segment@200000:target-module@0:mpu@0:fck: device ID is greater than 24
[    0.665920] platform 4830e000.lcdc: Fixed dependency cycle(s) with /ocp/interconnect@44c00000/segment@200000/target-module@b000/i2c@0/tda19988@70
[    0.676875] sdhci-omap 481d8000.mmc: supply pbias not found, using dummy regulator
[    0.677382] sdhci-omap 481d8000.mmc: supply vqmmc not found, using dummy regulator
[    0.725608] davinci_mdio 4a101000.mdio: davinci mdio revision 1.6, bus freq 1000000
[    0.841046] davinci_mdio 4a101000.mdio: phy[0]: device 4a101000.mdio:00, driver SMSC LAN8710/LAN8720
[    0.841921] cpsw-switch 4a100000.switch: initialized cpsw ale version 1.4
[    0.841944] cpsw-switch 4a100000.switch: ALE Table size 1024, Policers 0
[    0.859231] cpsw-switch 4a100000.switch: cpts: overflow check period 500 (jiffies)
[    0.859256] cpsw-switch 4a100000.switch: CPTS: ref_clk_freq:250000000 calc_mult:2147483648 calc_shift:29 error:0 nsec/sec
[    0.859362] cpsw-switch 4a100000.switch: Detected MACID = 6c:ec:eb:68:de:78
[    0.861175] cpsw-switch 4a100000.switch: initialized (regs 0x4a100000, pool size 256) hw_ver:0019010C 1.12 (0)
[    0.872423] debugfs: Directory '49000000.dma' with parent 'dmaengine' already present!
[    0.872464] edma 49000000.dma: TI EDMA DMA engine driver
[    0.908372] target-module@4b000000:target-module@140000:pmu@0:fck: device ID is greater than 24
[    0.924401] hw perfevents: enabled with armv7_cortex_a8 PMU driver, 5 (8000000f) counters available
[    0.933026] l3-aon-clkctrl:0000:0: failed to disable
[    0.945953] 44e09000.serial: ttyS0 at MMIO 0x44e09000 (irq = 34, base_baud = 3000000) is a 8250
[    0.946041] printk: legacy console [ttyS0] enabled
 [    2.262201] tps65217-pmic: Failed to locate of_node [id: -1 ]
[    2.268280] tps65217-bl: Failed to locate of_node [id: - 1]
[    2.279737] tps65217 0-0024: TPS65217 ID 0xe version 1. 2
[    2.285885] platform 4830e000.lcdc: Fixed dependency cyc le(s) wi
[    5.682018] cpsw-switch 4a100000.switch eth0: Link is Up - 100Mbps/Full - flow control off
[    5.721479] IP-Config: Complete:
[    5.724760]      device=eth0, hwaddr=6c:ec:eb:68:de:78, ipaddr=192.168.255.1, mask=255.255.255.0, gw=255.255.255.255
[    5.735428]      host=bbb1, domain=, nis-domain=(none)
[    5.740599]      bootserver=192.168.255.126, rootserver=192.168.255.126, rootpath=
[    5.741036] clk: Disabling unused clocks
[    5.752885] PM: genpd: Disabling unused power domains
[    5.758009] KTAP version 1
[    5.760731] 1..0
[    5.795624] VFS: Mounted root (nfs filesystem) on device 0:17.
[    5.802880] devtmpfs: mounted
[    5.807551] Freeing unused kernel image (initmem) memory: 1024K
[    5.814446] Run /sbin/init as init process
[    6.536325] systemd[1]: System time before build time, advancing clock.
[    8.021251] random: crng init done
[    8.053898] systemd[1]: systemd 232 running in system mode. (+PAM +AUDIT +SELINUX +IMA +APPARMOR +SMACK +SYSVINIT +UTMP +LIBCRYPTSETUP +GCRYPT +GNUTLS +ACL +XZ +LZ4 +SECCOMP +BLKID +ELFUTILS +KMOD +IDN)
[    8.072977] systemd[1]: Detected architecture arm.

Welcome to [1mDebian GNU/Linux 9 (stretch)[0m!

[    8.104393] systemd[1]: Set hostname to <arm>.
[    9.229337] systemd[1]: Listening on /dev/initctl Compatibility Named Pipe.
[[0;32m  OK  [0m] Listening on /dev/initctl Compatibility Named Pipe.
[    9.262992] systemd[1]: Set up automount Arbitrary Executable File Formats File System Automount Point.
[[0;32m  OK  [0m] Set up automount Arbitrary Executabâ€¦rmats File System Automount Point.
[    9.291961] systemd[1]: Listening on udev Kernel Socket.
[[0;32m  OK  [0m] Listening on udev Kernel Socket.
[    9.323476] systemd[1]: Listening on Journal Socket.
[[0;32m  OK  [0m] Listening on Journal Socket.
[    9.353257] systemd[1]: Listening on udev Control Socket.
[[0;32m  OK  [0m] Listening on udev Control Socket.
[    9.382892] systemd[1]: Created slice System Slice.
[[0;32m  OK  [0m] Created slice System Slice.
[    9.412775] systemd[1]: Created slice system-serial\x2dgetty.slice.
[[0;32m  OK  [0m] Created slice system-serial\x2dgetty.slice.
[[0;32m  OK  [0m] Created slice system-getty.slice.
         Starting Create list of required stâ€¦ce nodes for the current kernel...
         Starting Remount Root and Kernel File Systems...
[[0;32m  OK  [0m] Started Forward Password Requests to Wall Directory Watch.
         Mounting Debug File System...
[[0;32m  OK  [0m] Listening on Syslog Socket.
         Mounting POSIX Message Queue File System...
[[0;32m  OK  [0m] Created slice User and Session Slice.
[[0;32m  OK  [0m] Reached target Slices.
[[0;32m  OK  [0m] Listening on Journal Audit Socket.
[[0;32m  OK  [0m] Started Dispatch Password Requests to Console Directory Watch.
[[0;32m  OK  [0m] Reached target Paths.
[[0;32m  OK  [0m] Reached target Encrypted Volumes.
[[0;32m  OK  [0m] Listening on Journal Socket (/dev/log).
         Starting Journal Service...
         Starting Load Kernel Modules...
[[0;32m  OK  [0m] Reached target Swap.
[[0;32m  OK  [0m] Reached target Remote File Systems.
[[0;32m  OK  [0m] Mounted POSIX Message Queue File System.
[[0;32m  OK  [0m] Mounted Debug File System.
[[0;32m  OK  [0m] Started Create list of required staâ€¦vice nodes for the current kernel.
[[0;32m  OK  [0m] Started Remount Root and Kernel File Systems.
         Starting Load/Save Random Seed...
         Starting udev Coldplug all Devices...
         Starting Create Static Device Nodes in /dev...
[[0;32m  OK  [0m] Started Load Kernel Modules.
         Starting Apply Kernel Variables...
         Mounting Configuration File System...
[[0;32m  OK  [0m] Started Load/Save Random Seed.
[[0;32m  OK  [0m] Mounted Configuration File System.
[[0;32m  OK  [0m] Started Apply Kernel Variables.
[[0;32m  OK  [0m] Started Journal Service.
[[0;32m  OK  [0m] Started Create Static Device Nodes in /dev.
[[0;32m  OK  [0m] Reached target Local File Systems (Pre).
[[0;32m  OK  [0m] Reached target Local File Systems.
         Starting Raise network interfaces...
         Starting udev Kernel Device Manager...
         Starting Flush Journal to Persistent Storage...
[   11.621822] systemd-journald[91]: Received request to flush runtime journal from PID 1
[[0;32m  OK  [0m] Started Flush Journal to Persistent Storage.
         Starting Create Volatile Files and Directories...
[[0;32m  OK  [0m] Started udev Kernel Device Manager.
[[0;32m  OK  [0m] Started Create Volatile Files and Directories.
         Starting Update UTMP about System Boot/Shutdown...
         Starting Network Time Synchronization...
[[0;32m  OK  [0m] Started Update UTMP about System Boot/Shutdown.
[[0;32m  OK  [0m] Started udev Coldplug all Devices.
[[0;32m  OK  [0m] Started Network Time Synchronization.
[[0;32m  OK  [0m] Reached target System Time Synchronized.
[[0;32m  OK  [0m] Reached target System Initialization.
[[0;32m  OK  [0m] Started Daily apt download activities.
[   14.771738] remoteproc remoteproc0: wkup_m3 is available
[[0;32m  OK  [0m] Listening on Avahi mDNS/DNS-SD Stack Activation Socket.
[[0;32m  OK  [0m] Started Daily Cleanup of Temporary Directories.
[[0;32m  OK  [0m] Started Daily apt upgrade and clean activities.
[[0;32m  OK  [0m] Reached target Timers.
[[0;32m  OK  [0m] Listening on D-Bus System Message Bus Socket.
[[0;32m  OK  [0m] Reached target Sockets.
[[0;32m  OK  [0m] Reached target Basic System.
         Starting Avahi mDNS/DNS-SD Stack...
[   15.196613] omap_rtc 44e3e000.rtc: registered as rtc0
[   15.201977] omap_rtc 44e3e000.rtc: setting system clock to 2000-01-01T00:00:00 UTC (946684800)
[   15.228622] at24 2-0054: supply vcc not found, using dummy regulator
         Starting Login Service...
[   15.382075] at24 2-0055: supply vcc not found, using dummy regulator
[   15.395328] omap_wdt: OMAP Watchdog Timer Rev 0x01: initial timeout 60 sec
[   15.513289] at24 2-0056: supply vcc not found, using dummy regulator
         Starting System Logging Service...
[   15.669141] at24 2-0057: supply vcc not found, using dummy regulator
         Starting Cape Manager Service...
         Starting LSB: Start busybox udhcpd at boot time...
[   15.837594] at24 0-0050: 32768 byte 24c256 EEPROM, writable, 1 bytes/write
[   15.870460] am335x-phy-driver 47401300.usb-phy: dummy supplies not allowed for exclusive requests (id=vbus)
[[0;32m  OK  [0m] Started D-Bus System Message Bus.
[   16.121080] am335x-phy-driver 47401b00.usb-phy: dummy supplies not allowed for exclusive requests (id=vbus)
[   16.202976] tps6521x_pwrbutton tps65217-pwrbutton: DMA mask not set
[   16.317708] wkup_m3_ipc 44e11324.wkup_m3_ipc: IPC Request for A8->M3 Channel failed! -517
[   16.335217] input: tps65217_pwrbutton as /devices/platform/ocp/44c00000.interconnect/44c00000.interconnect:segment@200000/44e0b000.target-module/44e0b000.i2c/i2c-0/0-0024/tps65217-pwrbutton/input/input0
[   16.359393] wkup_m3_ipc 44e11324.wkup_m3_ipc: IPC Request for A8->M3 Channel failed! -517
[   16.847705] usbcore: registered new interface driver usbfs
[   16.853615] usbcore: registered new interface driver hub
[   16.859068] usbcore: registered new device driver usb
[   17.484333] wkup_m3_ipc 44e11324.wkup_m3_ipc: IPC Request for A8->M3 Channel failed! -517
[   17.536981] omap-mailbox 480c8000.mailbox: omap mailbox rev 0x400
[   17.623594] musb-hdrc musb-hdrc.1: MUSB HDRC host driver
[   17.629018] musb-hdrc musb-hdrc.1: new USB bus registered, assigned bus number 1
[   17.641986] tda998x 0-0070: found TDA19988
[   17.745000] remoteproc remoteproc0: powering up wkup_m3
[   17.883677] remoteproc remoteproc0: Direct firmware load for am335x-pm-firmware.elf failed with error -2
[   17.893559] remoteproc remoteproc0: request_firmware failed: -2
[   17.899528] wkup_m3_ipc 44e11324.wkup_m3_ipc: rproc_boot failed
[   17.957052] usb usb1: New USB device found, idVendor=1d6b, idProduct=0002, bcdDevice= 6.12
[   17.965701] usb usb1: New USB device strings: Mfr=3, Product=2, SerialNumber=1
[   17.973113] usb usb1: Product: MUSB HDRC host driver
[   17.978111] usb usb1: Manufacturer: Linux 6.12.0-rc2-next-20241008 musb-hcd
[   17.985163] usb usb1: SerialNumber: musb-hdrc.1
[   18.384585] hub 1-0:1.0: USB hub found
[   18.458408] hub 1-0:1.0: 1 port detected
[   19.859512] tilcdc 4830e000.lcdc: bound 0-0070 (ops 0xbf169030)
[   19.920175] omap_rng 48310000.rng: Random Number Generator ver. 20
[   19.949934] [drm] Initialized tilcdc 1.0.0 for 4830e000.lcdc on minor 0
[   20.035309] tilcdc 4830e000.lcdc: [drm] Cannot find any crtc or sizes
[   20.085704] tilcdc 4830e000.lcdc: [drm] Cannot find any crtc or sizes
[[0;32m  OK  [0m] Started Avahi mDNS/DNS-SD Stack.
         Starting LSB: Load kernel modules needed to enable cpufreq scaling...
         Starting Generic Board Startup...
[[0;32m  OK  [0m] Started Regular background program processing daemon.
         Starting DUN service...
         Starting Connection service...
         Starting Telephony service...
[   21.230111] PM: Cannot get wkup_m3_ipc handle
[   21.389466] omap-sham 53100000.sham: hw accel on OMAP rev 4.3
[[0;32m  OK  [0m] Started System Logging Service.
[   21.491698] omap-sham 53100000.sham: will run requests pump with realtime priority
[   21.501655] PM: Cannot get wkup_m3_ipc handle
[[0;32m  OK  [0m] Started Cape Manager Service.
[   21.767702] omap-aes 53500000.aes: OMAP AES hw accel rev: 3.2
[   21.897047] omap-aes 53500000.aes: will run requests pump with realtime priority
[   21.910706] PM: Cannot get wkup_m3_ipc handle
[[0;32m  OK  [0m] Found device /dev/ttyS0.
[   24.112060] Bluetooth: Core ver 2.22
[   24.115895] NET: Registered PF_BLUETOOTH protocol family
[   24.121622] Bluetooth: HCI device and connection manager initialized
[   24.128050] Bluetooth: HCI socket layer initialized
[   24.133038] Bluetooth: L2CAP socket layer initialized
[   24.138169] Bluetooth: SCO socket layer initialized
[   25.057485] PM: Cannot get wkup_m3_ipc handle
[   25.199915] PM: Cannot get wkup_m3_ipc handle
[[0;32m  OK  [0m] Started LSB: Start busybox udhcpd at boot time.
[[0;32m  OK  [0m] Started Raise network interfaces.
[[0;32m  OK  [0m] Started LSB: Load kernel modules needed to enable cpufreq scaling.
[   28.918740] configfs-gadget.g_multi gadget.0: HOST MAC 1c:ba:8c:a2:ed:6c
[   28.925755] configfs-gadget.g_multi gadget.0: MAC 1c:ba:8c:a2:ed:70
[   28.933191] configfs-gadget.g_multi gadget.0: HOST MAC 1c:ba:8c:a2:ed:6c
[   28.939954] configfs-gadget.g_multi gadget.0: MAC 1c:ba:8c:a2:ed:6d
[   28.947612] PM: Cannot get wkup_m3_ipc handle
[[0;32m  OK  [0m] Started DUN service.
[[0;32m  OK  [0m] Started Telephony service.
[[0;32m  OK  [0m] Started Connection service.
[[0;32m  OK  [0m] Started Login Service.
[[0;32m  OK  [0m] Reached target Sound Card.
         Starting LSB: set CPUFreq kernel parameters...
[[0;32m  OK  [0m] Reached target Network.
         Starting The Apache HTTP Server...
         Starting OpenBSD Secure Shell server...
         Starting Permit User Sessions...
[[0;32m  OK  [0m] Reached target Network is Online.
         Starting LSB: Advanced IEEE 802.11 management daemon...
[[0;32m  OK  [0m] Started LSB: Advanced IEEE 802.11 management daemon.
[[0;32m  OK  [0m] Started Permit User Sessions.
         Starting Hostname Service...
         Starting WPA supplicant...
[[0;32m  OK  [0m] Started Getty on tty1.
[[0;32m  OK  [0m] Started Serial Getty on ttyS0.
[[0;32m  OK  [0m] Reached target Login Prompts.
[[0;32m  OK  [0m] Started LSB: set CPUFreq kernel parameters.
[[0;32m  OK  [0m] Started WPA supplicant.
[[0;32m  OK  [0m] Started Hostname Service.
[[0;32m  OK  [0m] Started OpenBSD Secure Shell server.
         Stopping LSB: Start busybox udhcpd at boot time...
[[0;32m  OK  [0m] Stopped LSB: Start busybox udhcpd at boot time.
[[0;32m  OK  [0m] Started The Apache HTTP Server.
         Starting dnsmasq - A lightweight DHCP and caching DNS server...
[[0;32m  OK  [0m] Started dnsmasq - A lightweight DHCP and caching DNS server.
[[0;32m  OK  [0m] Reached target Host and Network Name Lookups.
[[0;32m  OK  [0m] Started Serial Getty on ttyGS0.
[[0;32m  OK  [0m] Started Generic Board Startup.
[[0;32m  OK  [0m] Reached target Multi-User System.
[[0;32m  OK  [0m] Reached target Graphical Interface.
         Starting Update UTMP about System Runlevel Changes...
[[0;32m  OK  [0m] Started Update UTMP about System Runlevel Changes.

Debian GNU/Linux 9 arm ttyS0

default username:password is [debian:temppwd]

arm login: root
Password: 
Last login: Sat Jan  1 00:00:32 UTC 2000 on ttyS0
root
Linux arm 6.12.0-rc2-next-20241008 #111 SMP Tue Oct  8 10:33:46 EEST 2024 armv7l

The programs included with the Debian GNU/Linux system are free software;
the exact distribution terms for each program are described in the
individual files in /usr/share/doc/*/copyright.

Debian GNU/Linux comes with ABSOLUTELY NO WARRANTY, to the extent
permitted by applicable law.
root@arm:~# root
dmesg -n 1
-bash: root: command not found
root@arm:~# dmesg -n 1
root@arm:~# echo 'TYSB''ALKGAK'
TYSBALKGAK
root@arm:~# run() { echo -n "$MARKER"; sh -c "$@"; echo "$MARKER $?"; }
root@arm:~# echo 'UXXJ''BJLABJ'
UXXJBJLABJ
root@arm:~# MARKER='NJXU''GGHJYS' run 'cat /proc/version'
NJXUGGHJYSLinux version 6.12.0-rc2-next-20241008 (user01@drvtest01) (arm-linux-gnueabihf-gcc (Linaro GCC 6.4-2017.11) 6.4.1 20171012, GNU ld (Linaro_Binutils-2017.11) 2.27.0.20161229) #111 SMP Tue Oct  8 10:33:46 EEST 2024
NJXUGGHJYS 0
root@arm:~# echo 'OQLM''PGFZHV'
OQLMPGFZHV
root@arm:~# MARKER='MMGP''QTTEQN' run false
MMGPQTTEQNMMGPQTTEQN 1
root@arm:~# Labgrid Console Logfile for main
Logfile started at 2024-10-08 10:35:35.308107
=== Log starts here ===

root@arm:~# run() { echo -n "$MARKER"; sh -c "$@"; echo "$MARKER $?"; }
root@arm:~# echo 'AQES''OGLPUY'
AQESOGLPUY
root@arm:~# MARKER='OZFB''TVMLKO' run dmesg
OZFBTVMLKO[    0.000000] Booting Linux on physical CPU 0x0
[    0.000000] Linux version 6.12.0-rc2-next-20241008 (user01@drvtest01) (arm-linux-gnueabihf-gcc (Linaro GCC 6.4-2017.11) 6.4.1 20171012, GNU ld (Linaro_Binutils-2017.11) 2.27.0.20161229) #111 SMP Tue Oct  8 10:33:46 EEST 2024
[    0.000000] CPU: ARMv7 Processor [413fc082] revision 2 (ARMv7), cr=10c5387d
[    0.000000] CPU: PIPT / VIPT nonaliasing data cache, VIPT aliasing instruction cache
[    0.000000] OF: fdt: Machine model: TI AM335x BeagleBone Black
[    0.000000] Memory policy: Data cache writeback
[    0.000000] cma: Reserved 16 MiB at 0x9e800000 on node -1
[    0.000000] Zone ranges:
[    0.000000]   Normal   [mem 0x0000000080000000-0x000000009fdfffff]
[    0.000000]   HighMem  empty
[    0.000000] Movable zone start for each node
[    0.000000] Early memory node ranges
[    0.000000]   node   0: [mem 0x0000000080000000-0x000000009fdfffff]
[    0.000000] Initmem setup node 0 [mem 0x0000000080000000-0x000000009fdfffff]
[    0.000000] CPU: All CPU(s) started in SVC mode.
[    0.000000] AM335X ES2.1 (sgx neon)
[    0.000000] percpu: Embedded 17 pages/cpu s40268 r8192 d21172 u69632
[    0.000000] pcpu-alloc: s40268 r8192 d21172 u69632 alloc=17*4096
[    0.000000] pcpu-alloc: [0] 0 
[    0.000000] Kernel command line: console=ttyO0,115200n8 root=/dev/nfs rw nfsroot=192.168.255.126:/home/user01/nfs,nfsvers=3 ip=192.168.255.1:192.168.255.126::255.255.255.0:bbb1:eth0 nfsrootdebug
[    0.000000] Unknown kernel command line parameters "nfsrootdebug", will be passed to user space.
[    0.000000] Dentry cache hash table entries: 65536 (order: 6, 262144 bytes, linear)
[    0.000000] Inode-cache hash table entries: 32768 (order: 5, 131072 bytes, linear)
[    0.000000] Built 1 zonelists, mobility grouping on.  Total pages: 130560
[    0.000000] mem auto-init: stack:off, heap alloc:off, heap free:off
[    0.000000] SLUB: HWalign=64, Order=0-3, MinObjects=0, CPUs=1, Nodes=1
[    0.000000] trace event string verifier disabled
[    0.000000] rcu: Hierarchical RCU implementation.
[    0.000000] rcu: 	RCU event tracing is enabled.
[    0.000000] rcu: 	RCU restricting CPUs from NR_CPUS=2 to nr_cpu_ids=1.
[    0.000000] rcu: RCU calculated value of scheduler-enlistment delay is 10 jiffies.
[    0.000000] rcu: Adjusting geometry for rcu_fanout_leaf=16, nr_cpu_ids=1
[    0.000000] NR_IRQS: 16, nr_irqs: 16, preallocated irqs: 16
[    0.000000] IRQ: Found an INTC at 0x(ptrval) (revision 5.0) with 128 interrupts
[    0.000000] rcu: srcu_init: Setting srcu_struct sizes based on contention.
[    0.000000] TI gptimer clocksource: always-on /ocp/interconnect@44c00000/segment@200000/target-module@31000
[    0.000003] sched_clock: 32 bits at 24MHz, resolution 41ns, wraps every 89478484971ns
[    0.000028] clocksource: dmtimer: mask: 0xffffffff max_cycles: 0xffffffff, max_idle_ns: 79635851949 ns
[    0.000503] TI gptimer clockevent: 24000000 Hz at /ocp/interconnect@48000000/segment@0/target-module@40000
[    0.002141] Console: colour dummy device 80x30
[    0.002211] WARNING: Your 'console=ttyO0' has been replaced by 'ttyS0'
[    0.002220] This ensures that you still see kernel messages. Please
[    0.002225] update your kernel commandline.
[    0.002267] Calibrating delay loop... 996.14 BogoMIPS (lpj=4980736)
[    0.090554] CPU: Testing write buffer coherency: ok
[    0.090671] CPU0: Spectre v2: using BPIALL workaround
[    0.090683] pid_max: default: 32768 minimum: 301
[    0.090809] LSM: initializing lsm=capability
[    0.090984] Mount-cache hash table entries: 1024 (order: 0, 4096 bytes, linear)
[    0.091005] Mountpoint-cache hash table entries: 1024 (order: 0, 4096 bytes, linear)
[    0.092644] CPU0: thread -1, cpu 0, socket -1, mpidr 0
[    0.150729] Setting up static identity map for 0x80100000 - 0x80100078
[    0.160716] rcu: Hierarchical SRCU implementation.
[    0.160729] rcu: 	Max phase no-delay instances is 1000.
[    0.180760] smp: Bringing up secondary CPUs ...
[    0.180820] smp: Brought up 1 node, 1 CPU
[    0.180835] SMP: Total of 1 processors activated (996.14 BogoMIPS).
[    0.180846] CPU: All CPU(s) started in SVC mode.
[    0.181034] Memory: 480860K/522240K available (11264K kernel code, 1215K rwdata, 2876K rodata, 1024K init, 298K bss, 23368K reserved, 16384K cma-reserved, 0K highmem)
[    0.181894] devtmpfs: initialized
[    0.198810] VFP support v0.3: implementor 41 architecture 3 part 30 variant c rev 3
[    0.199162] clocksource: jiffies: mask: 0xffffffff max_cycles: 0xffffffff, max_idle_ns: 19112604462750000 ns
[    0.199196] futex hash table entries: 256 (order: 2, 16384 bytes, linear)
[    0.200485] pinctrl core: initialized pinctrl subsystem
[    0.203563] NET: Registered PF_NETLINK/PF_ROUTE protocol family
[    0.206357] DMA: preallocated 256 KiB pool for atomic coherent allocations
[    0.207238] audit: initializing netlink subsys (disabled)
[    0.208660] thermal_sys: Registered thermal governor 'fair_share'
[    0.208674] thermal_sys: Registered thermal governor 'step_wise'
[    0.208685] thermal_sys: Registered thermal governor 'user_space'
[    0.208845] audit: type=2000 audit(0.200:1): state=initialized audit_enabled=0 res=1
[    0.208886] cpuidle: using governor menu
[    0.227736] No ATAGs?
[    0.227762] hw-breakpoint: debug architecture 0x4 unsupported.
[    0.230514] kprobes: kprobe jump-optimization is enabled. All kprobes are optimized if possible.
[    0.243984] iommu: Default domain type: Translated
[    0.244007] iommu: DMA domain TLB invalidation policy: strict mode
[    0.245676] reg-fixed-voltage fixedregulator0: using DT '/fixedregulator0' for '(default)' GPIO lookup
[    0.245731] of_get_named_gpiod_flags: can't parse 'gpios' property of node '/fixedregulator0[0]'
[    0.245761] of_get_named_gpiod_flags: can't parse 'gpio' property of node '/fixedregulator0[0]'
[    0.245780] reg-fixed-voltage fixedregulator0: using lookup tables for GPIO lookup
[    0.245792] reg-fixed-voltage fixedregulator0: No GPIO consumer (default) found
[    0.252046] SCSI subsystem initialized
[    0.252535] libata version 3.00 loaded.
[    0.252900] pps_core: LinuxPPS API ver. 1 registered
[    0.252911] pps_core: Software ver. 5.3.6 - Copyright 2005-2007 Rodolfo Giometti <giometti@linux.it>
[    0.252935] PTP clock support registered
[    0.260815] vgaarb: loaded
[    0.261221] clocksource: Switched to clocksource dmtimer
[    0.261894] VFS: Disk quotas dquot_6.6.0
[    0.261939] VFS: Dquot-cache hash table entries: 1024 (order 0, 4096 bytes)
[    0.286595] NET: Registered PF_INET protocol family
[    0.286960] IP idents hash table entries: 8192 (order: 4, 65536 bytes, linear)
[    0.288365] tcp_listen_portaddr_hash hash table entries: 512 (order: 0, 4096 bytes, linear)
[    0.288404] Table-perturb hash table entries: 65536 (order: 6, 262144 bytes, linear)
[    0.288421] TCP established hash table entries: 4096 (order: 2, 16384 bytes, linear)
[    0.288465] TCP bind hash table entries: 4096 (order: 4, 65536 bytes, linear)
[    0.288565] TCP: Hash tables configured (established 4096 bind 4096)
[    0.288684] UDP hash table entries: 256 (order: 1, 8192 bytes, linear)
[    0.288712] UDP-Lite hash table entries: 256 (order: 1, 8192 bytes, linear)
[    0.288899] NET: Registered PF_UNIX/PF_LOCAL protocol family
[    0.291901] RPC: Registered named UNIX socket transport module.
[    0.291923] RPC: Registered udp transport module.
[    0.291929] RPC: Registered tcp transport module.
[    0.291934] RPC: Registered tcp-with-tls transport module.
[    0.291940] RPC: Registered tcp NFSv4.1 backchannel transport module.
[    0.291967] PCI: CLS 0 bytes, default 64
[    0.293444] Initialise system trusted keyrings
[    0.302500] workingset: timestamp_bits=14 max_order=17 bucket_order=3
[    0.303854] NFS: Registering the id_resolver key type
[    0.303928] Key type id_resolver registered
[    0.303936] Key type id_legacy registered
[    0.303986] jffs2: version 2.2. (NAND) (SUMMARY)  Â© 2001-2006 Red Hat, Inc.
[    0.304407] Key type asymmetric registered
[    0.304425] Asymmetric key parser 'x509' registered
[    0.304493] io scheduler mq-deadline registered
[    0.304504] io scheduler kyber registered
[    0.304575] io scheduler bfq registered
[    0.306228] ledtrig-cpu: registered to indicate activity on CPUs
[    0.312237] Serial: 8250/16550 driver, 6 ports, IRQ sharing enabled
[    0.362928] brd: module loaded
[    0.383211] loop: module loaded
[    0.384154] mtdoops: mtd device (mtddev=name/number) must be supplied
[    0.385891] mdio_bus fixed-0: using lookup tables for GPIO lookup
[    0.385915] mdio_bus fixed-0: No GPIO consumer reset found
[    0.387309] i2c_dev: i2c /dev entries driver
[    0.388315] cpuidle: enable-method property 'ti,am3352' found operations
[    0.388753] sdhci: Secure Digital Host Controller Interface driver
[    0.388762] sdhci: Copyright(c) Pierre Ossman
[    0.388939] sdhci-pltfm: SDHCI platform and OF driver helper
[    0.389978] Initializing XFRM netlink socket
[    0.390133] NET: Registered PF_INET6 protocol family
[    0.392309] Segment Routing with IPv6
[    0.392405] In-situ OAM (IOAM) with IPv6
[    0.392504] sit: IPv6, IPv4 and MPLS over IPv4 tunneling driver
[    0.393458] NET: Registered PF_PACKET protocol family
[    0.393492] NET: Registered PF_KEY protocol family
[    0.393621] Key type dns_resolver registered
[    0.393904] ThumbEE CPU extension supported.
[    0.393923] Registering SWP/SWPB emulation handler
[    0.394453] omap_voltage_late_init: Voltage driver support not added
[    0.394810] SmartReflex Class3 initialized
[    0.428740] Loading compiled-in X.509 certificates
[    0.483074] gpiochip_find_base_unlocked: found new base at 512
[    0.503205] platform 44e10800.pinmux: Fixed dependency cycle(s) with /ocp/interconnect@44c00000/segment@200000/target-module@10000/scm@0/pinmux@800/clkout2-pins
[    0.503757] pinctrl-single 44e10800.pinmux: 142 pins, size 568
[    0.508796] ti-sysc 44e31000.target-module: probe with driver ti-sysc failed with error -16
[    0.556351] ti-sysc 48040000.target-module: probe with driver ti-sysc failed with error -16
[    0.567375] gpiochip_find_base_unlocked: found new base at 512
[    0.567479] gpio gpiochip0: (gpio-0-31): created GPIO range 0->7 ==> 44e10800.pinmux PIN 0->7
[    0.567500] gpio gpiochip0: (gpio-0-31): created GPIO range 8->11 ==> 44e10800.pinmux PIN 90->93
[    0.567516] gpio gpiochip0: (gpio-0-31): created GPIO range 12->27 ==> 44e10800.pinmux PIN 12->27
[    0.567531] gpio gpiochip0: (gpio-0-31): created GPIO range 28->31 ==> 44e10800.pinmux PIN 30->33
[    0.594401] gpio gpiochip0: (gpio-0-31): added GPIO chardev (254:0)
[    0.594582] gpio gpiochip0: registered GPIOs 512 to 543 on gpio-0-31
[    0.594667] OMAP GPIO hardware version 0.1
[    0.631823] i2c i2c-2: using DT '/ocp/interconnect@48000000/segment@100000/target-module@9c000/i2c@0' for 'scl' GPIO lookup
[    0.631899] of_get_named_gpiod_flags: can't parse 'scl-gpios' property of node '/ocp/interconnect@48000000/segment@100000/target-module@9c000/i2c@0[0]'
[    0.631945] of_get_named_gpiod_flags: can't parse 'scl-gpio' property of node '/ocp/interconnect@48000000/segment@100000/target-module@9c000/i2c@0[0]'
[    0.631982] i2c i2c-2: using lookup tables for GPIO lookup
[    0.631993] i2c i2c-2: No GPIO consumer scl found
[    0.632016] i2c i2c-2: using DT '/ocp/interconnect@48000000/segment@100000/target-module@9c000/i2c@0' for 'sda' GPIO lookup
[    0.632053] of_get_named_gpiod_flags: can't parse 'sda-gpios' property of node '/ocp/interconnect@48000000/segment@100000/target-module@9c000/i2c@0[0]'
[    0.632091] of_get_named_gpiod_flags: can't parse 'sda-gpio' property of node '/ocp/interconnect@48000000/segment@100000/target-module@9c000/i2c@0[0]'
[    0.632123] i2c i2c-2: using lookup tables for GPIO lookup
[    0.632131] i2c i2c-2: No GPIO consumer sda found
[    0.632868] omap_i2c 4819c000.i2c: bus 2 rev0.11 at 100 kHz
[    0.638216] gpiochip_find_base_unlocked: found new base at 544
[    0.638322] gpio gpiochip1: (gpio-32-63): created GPIO range 0->17 ==> 44e10800.pinmux PIN 34->51
[    0.638342] gpio gpiochip1: (gpio-32-63): created GPIO range 18->21 ==> 44e10800.pinmux PIN 77->80
[    0.638357] gpio gpiochip1: (gpio-32-63): created GPIO range 22->31 ==> 44e10800.pinmux PIN 56->65
[    0.652813] gpio gpiochip1: (gpio-32-63): added GPIO chardev (254:1)
[    0.652995] gpio gpiochip1: registered GPIOs 544 to 575 on gpio-32-63
[    0.655170] gpiochip_find_base_unlocked: found new base at 576
[    0.655264] gpio gpiochip2: (gpio-64-95): created GPIO range 0->4 ==> 44e10800.pinmux PIN 66->70
[    0.655283] gpio gpiochip2: (gpio-64-95): created GPIO range 5->6 ==> 44e10800.pinmux PIN 98->99
[    0.655299] gpio gpiochip2: (gpio-64-95): created GPIO range 7->8 ==> 44e10800.pinmux PIN 75->76
[    0.655314] gpio gpiochip2: (gpio-64-95): created GPIO range 13->13 ==> 44e10800.pinmux PIN 141->141
[    0.655331] gpio gpiochip2: (gpio-64-95): created GPIO range 14->21 ==> 44e10800.pinmux PIN 100->107
[    0.655960] gpio gpiochip2: (gpio-64-95): added GPIO chardev (254:2)
[    0.656103] gpio gpiochip2: registered GPIOs 576 to 607 on gpio-64-95
[    0.661714] 48000000.interconnect:segment@200000:target-module@0:mpu@0:fck: device ID is greater than 24
[    0.665920] platform 4830e000.lcdc: Fixed dependency cycle(s) with /ocp/interconnect@44c00000/segment@200000/target-module@b000/i2c@0/tda19988@70
[    0.675328] mdio_bus 4a101000.mdio: using DT '/ocp/interconnect@4a000000/segment@0/target-module@100000/switch@0/mdio@1000' for 'reset' GPIO lookup
[    0.675405] of_get_named_gpiod_flags: can't parse 'reset-gpios' property of node '/ocp/interconnect@4a000000/segment@0/target-module@100000/switch@0/mdio@1000[0]'
[    0.675454] of_get_named_gpiod_flags: can't parse 'reset-gpio' property of node '/ocp/interconnect@4a000000/segment@0/target-module@100000/switch@0/mdio@1000[0]'
[    0.675503] mdio_bus 4a101000.mdio: using lookup tables for GPIO lookup
[    0.675514] mdio_bus 4a101000.mdio: No GPIO consumer reset found
[    0.676525] sdhci-omap 481d8000.mmc: using DT '/ocp/interconnect@48000000/segment@100000/target-module@d8000/mmc@0' for 'wp' GPIO lookup
[    0.676587] of_get_named_gpiod_flags: can't parse 'wp-gpios' property of node '/ocp/interconnect@48000000/segment@100000/target-module@d8000/mmc@0[0]'
[    0.676631] of_get_named_gpiod_flags: can't parse 'wp-gpio' property of node '/ocp/interconnect@48000000/segment@100000/target-module@d8000/mmc@0[0]'
[    0.676668] sdhci-omap 481d8000.mmc: using lookup tables for GPIO lookup
[    0.676677] sdhci-omap 481d8000.mmc: No GPIO consumer wp found
[    0.676875] sdhci-omap 481d8000.mmc: supply pbias not found, using dummy regulator
[    0.677382] sdhci-omap 481d8000.mmc: supply vqmmc not found, using dummy regulator
[    0.725608] davinci_mdio 4a101000.mdio: davinci mdio revision 1.6, bus freq 1000000
[    0.743091] mdio_bus 4a101000.mdio:00: using DT '/ocp/interconnect@4a000000/segment@0/target-module@100000/switch@0/mdio@1000/ethernet-phy@0' for 'reset' GPIO lookup
[    0.743197] of_get_named_gpiod_flags: parsed 'reset-gpios' property of node '/ocp/interconnect@4a000000/segment@0/target-module@100000/switch@0/mdio@1000/ethernet-phy@0[0]' - status (0)
[    0.743364] gpio gpiochip0: Persistence not supported for GPIO 8
[    0.841046] davinci_mdio 4a101000.mdio: phy[0]: device 4a101000.mdio:00, driver SMSC LAN8710/LAN8720
[    0.841921] cpsw-switch 4a100000.switch: initialized cpsw ale version 1.4
[    0.841944] cpsw-switch 4a100000.switch: ALE Table size 1024, Policers 0
[    0.859231] cpsw-switch 4a100000.switch: cpts: overflow check period 500 (jiffies)
[    0.859256] cpsw-switch 4a100000.switch: CPTS: ref_clk_freq:250000000 calc_mult:2147483648 calc_shift:29 error:0 nsec/sec
[    0.859362] cpsw-switch 4a100000.switch: Detected MACID = 6c:ec:eb:68:de:78
[    0.861175] cpsw-switch 4a100000.switch: initialized (regs 0x4a100000, pool size 256) hw_ver:0019010C 1.12 (0)
[    0.872423] debugfs: Directory '49000000.dma' with parent 'dmaengine' already present!
[    0.872464] edma 49000000.dma: TI EDMA DMA engine driver
[    0.908372] target-module@4b000000:target-module@140000:pmu@0:fck: device ID is greater than 24
[    0.924401] hw perfevents: enabled with armv7_cortex_a8 PMU driver, 5 (8000000f) counters available
[    0.925296] gpio-clk clk_mcasp0: using DT '/clk_mcasp0' for 'enable' GPIO lookup
[    0.925368] of_get_named_gpiod_flags: parsed 'enable-gpios' property of node '/clk_mcasp0[0]' - status (0)
[    0.925412] gpio gpiochip0: Persistence not supported for GPIO 27
[    0.926213] gpiochip_find_base_unlocked: found new base at 608
[    0.926338] gpio gpiochip3: (gpio-96-127): created GPIO range 0->7 ==> 44e10800.pinmux PIN 82->89
[    0.926360] gpio gpiochip3: (gpio-96-127): created GPIO range 8->11 ==> 44e10800.pinmux PIN 52->55
[    0.926376] gpio gpiochip3: (gpio-96-127): created GPIO range 12->15 ==> 44e10800.pinmux PIN 94->97
[    0.926391] gpio gpiochip3: (gpio-96-127): created GPIO range 16->17 ==> 44e10800.pinmux PIN 71->72
[    0.926407] gpio gpiochip3: (gpio-96-127): created GPIO range 18->18 ==> 44e10800.pinmux PIN 135->135
[    0.926424] gpio gpiochip3: (gpio-96-127): created GPIO range 19->20 ==> 44e10800.pinmux PIN 108->109
[    0.926441] gpio gpiochip3: (gpio-96-127): created GPIO range 21->21 ==> 44e10800.pinmux PIN 73->73
[    0.926458] gpio gpiochip3: (gpio-96-127): created GPIO range 22->23 ==> 44e10800.pinmux PIN 8->9
[    0.926475] gpio gpiochip3: (gpio-96-127): created GPIO range 26->27 ==> 44e10800.pinmux PIN 10->11
[    0.926492] gpio gpiochip3: (gpio-96-127): created GPIO range 28->28 ==> 44e10800.pinmux PIN 74->74
[    0.926510] gpio gpiochip3: (gpio-96-127): created GPIO range 29->29 ==> 44e10800.pinmux PIN 81->81
[    0.926529] gpio gpiochip3: (gpio-96-127): created GPIO range 30->31 ==> 44e10800.pinmux PIN 28->29
[    0.933026] l3-aon-clkctrl:0000:0: failed to disable
[    0.933531] gpio gpiochip3: (gpio-96-127): added GPIO chardev (254:3)
[    0.933691] gpio gpiochip3: registered GPIOs 608 to 639 on gpio-96-127
[    0.945243] omap8250 44e09000.serial: using DT '/ocp/interconnect@44c00000/segment@200000/target-module@9000/serial@0' for 'rs485-term' GPIO lookup
[    0.945320] of_get_named_gpiod_flags: can't parse 'rs485-term-gpios' property of node '/ocp/interconnect@44c00000/segment@200000/target-module@9000/serial@0[0]'
[    0.945365] of_get_named_gpiod_flags: can't parse 'rs485-term-gpio' property of node '/ocp/interconnect@44c00000/segment@200000/target-module@9000/serial@0[0]'
[    0.945402] omap8250 44e09000.serial: using lookup tables for GPIO lookup
[    0.945412] omap8250 44e09000.serial: No GPIO consumer rs485-term found
[    0.945422] omap8250 44e09000.serial: using DT '/ocp/interconnect@44c00000/segment@200000/target-module@9000/serial@0' for 'rs485-rx-during-tx' GPIO lookup
[    0.945460] of_get_named_gpiod_flags: can't parse 'rs485-rx-during-tx-gpios' property of node '/ocp/interconnect@44c00000/segment@200000/target-module@9000/serial@0[0]'
[    0.945498] of_get_named_gpiod_flags: can't parse 'rs485-rx-during-tx-gpio' property of node '/ocp/interconnect@44c00000/segment@200000/target-module@9000/serial@0[0]'
[    0.945531] omap8250 44e09000.serial: using lookup tables for GPIO lookup
[    0.945540] omap8250 44e09000.serial: No GPIO consumer rs485-rx-during-tx found
[    0.945953] 44e09000.serial: ttyS0 at MMIO 0x44e09000 (irq = 34, base_baud = 3000000) is a 8250
[    0.946041] printk: legacy console [ttyS0] enabled
[    2.247572] i2c i2c-0: using DT '/ocp/interconnect@44c00000/segment@200000/target-module@b000/i2c@0' for 'scl' GPIO lookup
[    2.247665] of_get_named_gpiod_flags: can't parse 'scl-gpios' property of node '/ocp/interconnect@44c00000/segment@200000/target-module@b000/i2c@0[0]'
[    2.247716] of_get_named_gpiod_flags: can't parse 'scl-gpio' property of node '/ocp/interconnect@44c00000/segment@200000/target-module@b000/i2c@0[0]'
[    2.247758] i2c i2c-0: using lookup tables for GPIO lookup
[    2.247773] i2c i2c-0: No GPIO consumer scl found
[    2.247800] i2c i2c-0: using DT '/ocp/interconnect@44c00000/segment@200000/target-module@b000/i2c@0' for 'sda' GPIO lookup
[    2.247841] of_get_named_gpiod_flags: can't parse 'sda-gpios' property of node '/ocp/interconnect@44c00000/segment@200000/target-module@b000/i2c@0[0]'
[    2.247885] of_get_named_gpiod_flags: can't parse 'sda-gpio' property of node '/ocp/interconnect@44c00000/segment@200000/target-module@b000/i2c@0[0]'
[    2.247923] i2c i2c-0: using lookup tables for GPIO lookup
[    2.247934] i2c i2c-0: No GPIO consumer sda found
[    2.262201] tps65217-pmic: Failed to locate of_node [id: -1]
[    2.268280] tps65217-bl: Failed to locate of_node [id: -1]
[    2.279737] tps65217 0-0024: TPS65217 ID 0xe version 1.2
[    2.285885] platform 4830e000.lcdc: Fixed dependency cycle(s) with /ocp/interconnect@44c00000/segment@200000/target-module@b000/i2c@0/tda19988@70
[    2.299305] i2c 0-0070: Fixed dependency cycle(s) with /ocp/interconnect@48000000/segment@300000/target-module@e000/lcdc@0
[    2.310733] omap_i2c 44e0b000.i2c: bus 0 rev0.11 at 400 kHz
[    2.318342] sdhci-omap 48060000.mmc: using DT '/ocp/interconnect@48000000/segment@0/target-module@60000/mmc@0' for 'cd' GPIO lookup
[    2.318452] of_get_named_gpiod_flags: parsed 'cd-gpios' property of node '/ocp/interconnect@48000000/segment@0/target-module@60000/mmc@0[0]' - status (0)
[    2.318523] gpio gpiochip3: Persistence not supported for GPIO 6
[    2.318547] omap_gpio 44e07000.gpio: Could not set line 6 debounce to 200000 microseconds (-22)
[    2.327429] sdhci-omap 48060000.mmc: Got CD GPIO
[    2.332111] sdhci-omap 48060000.mmc: using DT '/ocp/interconnect@48000000/segment@0/target-module@60000/mmc@0' for 'wp' GPIO lookup
[    2.332162] of_get_named_gpiod_flags: can't parse 'wp-gpios' property of node '/ocp/interconnect@48000000/segment@0/target-module@60000/mmc@0[0]'
[    2.332208] of_get_named_gpiod_flags: can't parse 'wp-gpio' property of node '/ocp/interconnect@48000000/segment@0/target-module@60000/mmc@0[0]'
[    2.332249] sdhci-omap 48060000.mmc: using lookup tables for GPIO lookup
[    2.332264] sdhci-omap 48060000.mmc: No GPIO consumer wp found
[    2.332467] sdhci-omap 48060000.mmc: supply pbias not found, using dummy regulator
[    2.341154] sdhci-omap 481d8000.mmc: using DT '/ocp/interconnect@48000000/segment@100000/target-module@d8000/mmc@0' for 'wp' GPIO lookup
[    2.341339] of_get_named_gpiod_flags: can't parse 'wp-gpios' property of node '/ocp/interconnect@48000000/segment@100000/target-module@d8000/mmc@0[0]'
[    2.341393] of_get_named_gpiod_flags: can't parse 'wp-gpio' property of node '/ocp/interconnect@48000000/segment@100000/target-module@d8000/mmc@0[0]'
[    2.341435] sdhci-omap 481d8000.mmc: using lookup tables for GPIO lookup
[    2.341449] sdhci-omap 481d8000.mmc: No GPIO consumer wp found
[    2.342824] sdhci-omap 48060000.mmc: supply vqmmc not found, using dummy regulator
[    2.351936] sdhci-omap 481d8000.mmc: supply pbias not found, using dummy regulator
[    2.359967] sdhci-omap 481d8000.mmc: supply vqmmc not found, using dummy regulator
[    2.398778] mmc1: SDHCI controller on 481d8000.mmc [481d8000.mmc] using External DMA
[    2.408013] mmc0: SDHCI controller on 48060000.mmc [48060000.mmc] using External DMA
[    2.416829] cpsw-switch 4a100000.switch: starting ndev. mode: dual_mac
[    2.460521] mmc0: new high speed SDHC card at address 5048
[    2.467615] mmcblk0: mmc0:5048 SD16G 14.4 GiB
[    2.475784]  mmcblk0: p1 p2
[    2.479188] mmcblk0: p2 size 31221760 extends beyond EOD, truncated
[    2.492470] SMSC LAN8710/LAN8720 4a101000.mdio:00: attached PHY driver (mii_bus:phy_addr=4a101000.mdio:00, irq=POLL)
[    2.509535] mmc1: new high speed MMC card at address 0001
[    2.516560] mmcblk1: mmc1:0001 MMC04G 3.60 GiB
[    2.524073]  mmcblk1: p1 p2
[    2.528315] mmcblk1boot0: mmc1:0001 MMC04G 2.00 MiB
[    2.535705] mmcblk1boot1: mmc1:0001 MMC04G 2.00 MiB
[    2.543263] mmcblk1rpmb: mmc1:0001 MMC04G 128 KiB, chardev (250:0)
[    5.682018] cpsw-switch 4a100000.switch eth0: Link is Up - 100Mbps/Full - flow control off
[    5.721479] IP-Config: Complete:
[    5.724760]      device=eth0, hwaddr=6c:ec:eb:68:de:78, ipaddr=192.168.255.1, mask=255.255.255.0, gw=255.255.255.255
[    5.735428]      host=bbb1, domain=, nis-domain=(none)
[    5.740599]      bootserver=192.168.255.126, rootserver=192.168.255.126, rootpath=
[    5.741036] clk: Disabling unused clocks
[    5.752885] PM: genpd: Disabling unused power domains
[    5.758009] KTAP version 1
[    5.760731] 1..0
[    5.795624] VFS: Mounted root (nfs filesystem) on device 0:17.
[    5.802880] devtmpfs: mounted
[    5.807551] Freeing unused kernel image (initmem) memory: 1024K
[    5.814446] Run /sbin/init as init process
[    5.818586]   with arguments:
[    5.818600]     /sbin/init
[    5.818610]     nfsrootdebug
[    5.818619]   with environment:
[    5.818628]     HOME=/
[    5.818638]     TERM=linux
[    6.536325] systemd[1]: System time before build time, advancing clock.
[    8.021251] random: crng init done
[    8.053898] systemd[1]: systemd 232 running in system mode. (+PAM +AUDIT +SELINUX +IMA +APPARMOR +SMACK +SYSVINIT +UTMP +LIBCRYPTSETUP +GCRYPT +GNUTLS +ACL +XZ +LZ4 +SECCOMP +BLKID +ELFUTILS +KMOD +IDN)
[    8.072977] systemd[1]: Detected architecture arm.
[    8.104393] systemd[1]: Set hostname to <arm>.
[    9.229337] systemd[1]: Listening on /dev/initctl Compatibility Named Pipe.
[    9.262992] systemd[1]: Set up automount Arbitrary Executable File Formats File System Automount Point.
[    9.291961] systemd[1]: Listening on udev Kernel Socket.
[    9.323476] systemd[1]: Listening on Journal Socket.
[    9.353257] systemd[1]: Listening on udev Control Socket.
[    9.382892] systemd[1]: Created slice System Slice.
[    9.412775] systemd[1]: Created slice system-serial\x2dgetty.slice.
[   11.621822] systemd-journald[91]: Received request to flush runtime journal from PID 1
[   14.396458] leds-gpio leds: using DT '/leds/led2' for '(default)' GPIO lookup
[   14.396575] of_get_named_gpiod_flags: parsed 'gpios' property of node '/leds/led2[0]' - status (0)
[   14.396634] gpio gpiochip0: Persistence not supported for GPIO 21
[   14.396651] gpio-533 (?): no flags found for GPIO (default)
[   14.436560] leds-gpio leds: using DT '/leds/led3' for '(default)' GPIO lookup
[   14.436866] of_get_named_gpiod_flags: parsed 'gpios' property of node '/leds/led3[0]' - status (0)
[   14.436937] gpio gpiochip0: Persistence not supported for GPIO 22
[   14.436953] gpio-534 (?): no flags found for GPIO (default)
[   14.465979] leds-gpio leds: using DT '/leds/led4' for '(default)' GPIO lookup
[   14.466079] of_get_named_gpiod_flags: parsed 'gpios' property of node '/leds/led4[0]' - status (0)
[   14.466134] gpio gpiochip0: Persistence not supported for GPIO 23
[   14.466149] gpio-535 (?): no flags found for GPIO (default)
[   14.501576] leds-gpio leds: using DT '/leds/led5' for '(default)' GPIO lookup
[   14.501682] of_get_named_gpiod_flags: parsed 'gpios' property of node '/leds/led5[0]' - status (0)
[   14.501735] gpio gpiochip0: Persistence not supported for GPIO 24
[   14.501752] gpio-536 (?): no flags found for GPIO (default)
[   14.771738] remoteproc remoteproc0: wkup_m3 is available
[   15.196613] omap_rtc 44e3e000.rtc: registered as rtc0
[   15.201977] omap_rtc 44e3e000.rtc: setting system clock to 2000-01-01T00:00:00 UTC (946684800)
[   15.210681] omap_rtc 44e3e000.rtc: using DT '/ocp/interconnect@44c00000/segment@200000/target-module@3e000/rtc@0' for 'wp' GPIO lookup
[   15.210753] of_get_named_gpiod_flags: can't parse 'wp-gpios' property of node '/ocp/interconnect@44c00000/segment@200000/target-module@3e000/rtc@0[0]'
[   15.210805] of_get_named_gpiod_flags: can't parse 'wp-gpio' property of node '/ocp/interconnect@44c00000/segment@200000/target-module@3e000/rtc@0[0]'
[   15.210847] omap_rtc 44e3e000.rtc: using lookup tables for GPIO lookup
[   15.210862] omap_rtc 44e3e000.rtc: No GPIO consumer wp found
[   15.228622] at24 2-0054: supply vcc not found, using dummy regulator
[   15.382075] at24 2-0055: supply vcc not found, using dummy regulator
[   15.395328] omap_wdt: OMAP Watchdog Timer Rev 0x01: initial timeout 60 sec
[   15.513289] at24 2-0056: supply vcc not found, using dummy regulator
[   15.669141] at24 2-0057: supply vcc not found, using dummy regulator
[   15.836455] at24 0-0050: using DT '/ocp/interconnect@44c00000/segment@200000/target-module@b000/i2c@0/eeprom@50' for 'wp' GPIO lookup
[   15.836669] of_get_named_gpiod_flags: can't parse 'wp-gpios' property of node '/ocp/interconnect@44c00000/segment@200000/target-module@b000/i2c@0/eeprom@50[0]'
[   15.836792] of_get_named_gpiod_flags: can't parse 'wp-gpio' property of node '/ocp/interconnect@44c00000/segment@200000/target-module@b000/i2c@0/eeprom@50[0]'
[   15.836895] at24 0-0050: using lookup tables for GPIO lookup
[   15.836911] at24 0-0050: No GPIO consumer wp found
[   15.837594] at24 0-0050: 32768 byte 24c256 EEPROM, writable, 1 bytes/write
[   15.869986] am335x-phy-driver 47401300.usb-phy: using DT '/ocp/target-module@47400000/usb-phy@1300' for 'reset' GPIO lookup
[   15.870087] of_get_named_gpiod_flags: can't parse 'reset-gpios' property of node '/ocp/target-module@47400000/usb-phy@1300[0]'
[   15.870136] of_get_named_gpiod_flags: can't parse 'reset-gpio' property of node '/ocp/target-module@47400000/usb-phy@1300[0]'
[   15.870175] am335x-phy-driver 47401300.usb-phy: using lookup tables for GPIO lookup
[   15.870191] am335x-phy-driver 47401300.usb-phy: No GPIO consumer reset found
[   15.870205] am335x-phy-driver 47401300.usb-phy: using DT '/ocp/target-module@47400000/usb-phy@1300' for 'vbus-detect' GPIO lookup
[   15.870237] of_get_named_gpiod_flags: can't parse 'vbus-detect-gpios' property of node '/ocp/target-module@47400000/usb-phy@1300[0]'
[   15.870271] of_get_named_gpiod_flags: can't parse 'vbus-detect-gpio' property of node '/ocp/target-module@47400000/usb-phy@1300[0]'
[   15.870298] am335x-phy-driver 47401300.usb-phy: using lookup tables for GPIO lookup
[   15.870311] am335x-phy-driver 47401300.usb-phy: No GPIO consumer vbus-detect found
[   15.870460] am335x-phy-driver 47401300.usb-phy: dummy supplies not allowed for exclusive requests (id=vbus)
[   16.120107] am335x-phy-driver 47401b00.usb-phy: using DT '/ocp/target-module@47400000/usb-phy@1b00' for 'reset' GPIO lookup
[   16.120435] of_get_named_gpiod_flags: can't parse 'reset-gpios' property of node '/ocp/target-module@47400000/usb-phy@1b00[0]'
[   16.120490] of_get_named_gpiod_flags: can't parse 'reset-gpio' property of node '/ocp/target-module@47400000/usb-phy@1b00[0]'
[   16.120579] am335x-phy-driver 47401b00.usb-phy: using lookup tables for GPIO lookup
[   16.120596] am335x-phy-driver 47401b00.usb-phy: No GPIO consumer reset found
[   16.120612] am335x-phy-driver 47401b00.usb-phy: using DT '/ocp/target-module@47400000/usb-phy@1b00' for 'vbus-detect' GPIO lookup
[   16.120700] of_get_named_gpiod_flags: can't parse 'vbus-detect-gpios' property of node '/ocp/target-module@47400000/usb-phy@1b00[0]'
[   16.120739] of_get_named_gpiod_flags: can't parse 'vbus-detect-gpio' property of node '/ocp/target-module@47400000/usb-phy@1b00[0]'
[   16.120810] am335x-phy-driver 47401b00.usb-phy: using lookup tables for GPIO lookup
[   16.120824] am335x-phy-driver 47401b00.usb-phy: No GPIO consumer vbus-detect found
[   16.121080] am335x-phy-driver 47401b00.usb-phy: dummy supplies not allowed for exclusive requests (id=vbus)
[   16.202976] tps6521x_pwrbutton tps65217-pwrbutton: DMA mask not set
[   16.317708] wkup_m3_ipc 44e11324.wkup_m3_ipc: IPC Request for A8->M3 Channel failed! -517
[   16.335217] input: tps65217_pwrbutton as /devices/platform/ocp/44c00000.interconnect/44c00000.interconnect:segment@200000/44e0b000.target-module/44e0b000.i2c/i2c-0/0-0024/tps65217-pwrbutton/input/input0
[   16.359393] wkup_m3_ipc 44e11324.wkup_m3_ipc: IPC Request for A8->M3 Channel failed! -517
[   16.847705] usbcore: registered new interface driver usbfs
[   16.853615] usbcore: registered new interface driver hub
[   16.859068] usbcore: registered new device driver usb
[   17.484333] wkup_m3_ipc 44e11324.wkup_m3_ipc: IPC Request for A8->M3 Channel failed! -517
[   17.536981] omap-mailbox 480c8000.mailbox: omap mailbox rev 0x400
[   17.623594] musb-hdrc musb-hdrc.1: MUSB HDRC host driver
[   17.629018] musb-hdrc musb-hdrc.1: new USB bus registered, assigned bus number 1
[   17.641986] tda998x 0-0070: found TDA19988
[   17.745000] remoteproc remoteproc0: powering up wkup_m3
[   17.883677] remoteproc remoteproc0: Direct firmware load for am335x-pm-firmware.elf failed with error -2
[   17.893559] remoteproc remoteproc0: request_firmware failed: -2
[   17.899528] wkup_m3_ipc 44e11324.wkup_m3_ipc: rproc_boot failed
[   17.957052] usb usb1: New USB device found, idVendor=1d6b, idProduct=0002, bcdDevice= 6.12
[   17.965701] usb usb1: New USB device strings: Mfr=3, Product=2, SerialNumber=1
[   17.973113] usb usb1: Product: MUSB HDRC host driver
[   17.978111] usb usb1: Manufacturer: Linux 6.12.0-rc2-next-20241008 musb-hcd
[   17.985163] usb usb1: SerialNumber: musb-hdrc.1
[   18.384585] hub 1-0:1.0: USB hub found
[   18.458408] hub 1-0:1.0: 1 port detected
[   19.859512] tilcdc 4830e000.lcdc: bound 0-0070 (ops 0xbf169030)
[   19.920175] omap_rng 48310000.rng: Random Number Generator ver. 20
[   19.949934] [drm] Initialized tilcdc 1.0.0 for 4830e000.lcdc on minor 0
[   20.035309] tilcdc 4830e000.lcdc: [drm] Cannot find any crtc or sizes
[   20.085704] tilcdc 4830e000.lcdc: [drm] Cannot find any crtc or sizes
[   21.230111] PM: Cannot get wkup_m3_ipc handle
[   21.389466] omap-sham 53100000.sham: hw accel on OMAP rev 4.3
[   21.491698] omap-sham 53100000.sham: will run requests pump with realtime priority
[   21.501655] PM: Cannot get wkup_m3_ipc handle
[   21.767702] omap-aes 53500000.aes: OMAP AES hw accel rev: 3.2
[   21.897047] omap-aes 53500000.aes: will run requests pump with realtime priority
[   21.910706] PM: Cannot get wkup_m3_ipc handle
[   24.112060] Bluetooth: Core ver 2.22
[   24.115895] NET: Registered PF_BLUETOOTH protocol family
[   24.121622] Bluetooth: HCI device and connection manager initialized
[   24.128050] Bluetooth: HCI socket layer initialized
[   24.133038] Bluetooth: L2CAP socket layer initialized
[   24.138169] Bluetooth: SCO socket layer initialized
[   25.057485] PM: Cannot get wkup_m3_ipc handle
[   25.063518] asoc-simple-card sound: using DT '/sound' for 'simple-audio-card,hp-det' GPIO lookup
[   25.063590] of_get_named_gpiod_flags: can't parse 'simple-audio-card,hp-det-gpios' property of node '/sound[0]'
[   25.063627] of_get_named_gpiod_flags: can't parse 'simple-audio-card,hp-det-gpio' property of node '/sound[0]'
[   25.063652] asoc-simple-card sound: using lookup tables for GPIO lookup
[   25.063666] asoc-simple-card sound: No GPIO consumer simple-audio-card,hp-det found
[   25.063682] asoc-simple-card sound: using DT '/sound' for 'simple-audio-card,mic-det' GPIO lookup
[   25.063707] of_get_named_gpiod_flags: can't parse 'simple-audio-card,mic-det-gpios' property of node '/sound[0]'
[   25.063735] of_get_named_gpiod_flags: can't parse 'simple-audio-card,mic-det-gpio' property of node '/sound[0]'
[   25.063755] asoc-simple-card sound: using lookup tables for GPIO lookup
[   25.063767] asoc-simple-card sound: No GPIO consumer simple-audio-card,mic-det found
[   25.199915] PM: Cannot get wkup_m3_ipc handle
[   28.641086] userial_init: registered 8 ttyGS* devices
[   28.851119] rndis_register: configNr = 0
[   28.917468] udc musb-hdrc.0: binding gadget driver [g_multi]
[   28.917582] configfs-gadget.g_multi gadget.0: adding 'rndis'/6ef85f8f to config 'c'/26fb8a55
[   28.918740] configfs-gadget.g_multi gadget.0: HOST MAC 1c:ba:8c:a2:ed:6c
[   28.925755] configfs-gadget.g_multi gadget.0: MAC 1c:ba:8c:a2:ed:70
[   28.932209] rndis_set_param_medium: 0 0
[   28.932234] configfs-gadget.g_multi gadget.0: RNDIS: IN/ep1in OUT/ep1out NOTIFY/ep2in
[   28.932253] configfs-gadget.g_multi gadget.0: adding 'cdc_ethernet'/c82363fc to config 'c'/26fb8a55
[   28.933191] configfs-gadget.g_multi gadget.0: HOST MAC 1c:ba:8c:a2:ed:6c
[   28.939954] configfs-gadget.g_multi gadget.0: MAC 1c:ba:8c:a2:ed:6d
[   28.946388] configfs-gadget.g_multi gadget.0: CDC Ethernet: IN/ep3in OUT/ep2out NOTIFY/ep4in
[   28.946410] configfs-gadget.g_multi gadget.0: adding 'acm'/1897b055 to config 'c'/26fb8a55
[   28.946447] configfs-gadget.g_multi gadget.0: acm ttyGS0: IN/ep5in OUT/ep3out NOTIFY/ep6in
[   28.947612] PM: Cannot get wkup_m3_ipc handle
[   31.290814] configfs-gadget.g_multi gadget.0: eth_open
[   35.176499] gs_open: ttyGS0 (fb0a8cbe,1fcd3df6)
[   35.176660] gs_close: ttyGS0 (fb0a8cbe,1fcd3df6) ...
[   35.176686] gs_close: ttyGS0 (fb0a8cbe,1fcd3df6) done!
[   35.189773] gs_open: ttyGS0 (7617a3e1,32893649)
[   35.189891] gs_close: ttyGS0 (7617a3e1,32893649) ...
[   35.189914] gs_close: ttyGS0 (7617a3e1,32893649) done!
[   35.320370] gs_open: ttyGS0 (c34ddc52,0634c295)
[   35.320623] gs_close: ttyGS0 (c34ddc52,0634c295) ...
[   35.320652] gs_close: ttyGS0 (c34ddc52,0634c295) done!
[   35.326545] gs_open: ttyGS0 (c34ddc52,32893649)
OZFBTVMLKO 0
root@arm:~# echo 'PQYF''EQYBZT'
PQYFEQYBZT
root@arm:~# MARKER='WTMO''LCOPMP' run 'modprobe test_linear_ranges'
WTMOLCOPMPWTMOLCOPMP 0
root@arm:~# echo 'APZX''TSEFBU'
APZXTSEFBU
root@arm:~# MARKER='ANJL''HWLHNY' run dmesg
ANJLHWLHNY[    0.000000] Booting Linux on physical CPU 0x0
[    0.000000] Linux version 6.12.0-rc2-next-20241008 (user01@drvtest01) (arm-linux-gnueabihf-gcc (Linaro GCC 6.4-2017.11) 6.4.1 20171012, GNU ld (Linaro_Binutils-2017.11) 2.27.0.20161229) #111 SMP Tue Oct  8 10:33:46 EEST 2024
[    0.000000] CPU: ARMv7 Processor [413fc082] revision 2 (ARMv7), cr=10c5387d
[    0.000000] CPU: PIPT / VIPT nonaliasing data cache, VIPT aliasing instruction cache
[    0.000000] OF: fdt: Machine model: TI AM335x BeagleBone Black
[    0.000000] Memory policy: Data cache writeback
[    0.000000] cma: Reserved 16 MiB at 0x9e800000 on node -1
[    0.000000] Zone ranges:
[    0.000000]   Normal   [mem 0x0000000080000000-0x000000009fdfffff]
[    0.000000]   HighMem  empty
[    0.000000] Movable zone start for each node
[    0.000000] Early memory node ranges
[    0.000000]   node   0: [mem 0x0000000080000000-0x000000009fdfffff]
[    0.000000] Initmem setup node 0 [mem 0x0000000080000000-0x000000009fdfffff]
[    0.000000] CPU: All CPU(s) started in SVC mode.
[    0.000000] AM335X ES2.1 (sgx neon)
[    0.000000] percpu: Embedded 17 pages/cpu s40268 r8192 d21172 u69632
[    0.000000] pcpu-alloc: s40268 r8192 d21172 u69632 alloc=17*4096
[    0.000000] pcpu-alloc: [0] 0 
[    0.000000] Kernel command line: console=ttyO0,115200n8 root=/dev/nfs rw nfsroot=192.168.255.126:/home/user01/nfs,nfsvers=3 ip=192.168.255.1:192.168.255.126::255.255.255.0:bbb1:eth0 nfsrootdebug
[    0.000000] Unknown kernel command line parameters "nfsrootdebug", will be passed to user space.
[    0.000000] Dentry cache hash table entries: 65536 (order: 6, 262144 bytes, linear)
[    0.000000] Inode-cache hash table entries: 32768 (order: 5, 131072 bytes, linear)
[    0.000000] Built 1 zonelists, mobility grouping on.  Total pages: 130560
[    0.000000] mem auto-init: stack:off, heap alloc:off, heap free:off
[    0.000000] SLUB: HWalign=64, Order=0-3, MinObjects=0, CPUs=1, Nodes=1
[    0.000000] trace event string verifier disabled
[    0.000000] rcu: Hierarchical RCU implementation.
[    0.000000] rcu: 	RCU event tracing is enabled.
[    0.000000] rcu: 	RCU restricting CPUs from NR_CPUS=2 to nr_cpu_ids=1.
[    0.000000] rcu: RCU calculated value of scheduler-enlistment delay is 10 jiffies.
[    0.000000] rcu: Adjusting geometry for rcu_fanout_leaf=16, nr_cpu_ids=1
[    0.000000] NR_IRQS: 16, nr_irqs: 16, preallocated irqs: 16
[    0.000000] IRQ: Found an INTC at 0x(ptrval) (revision 5.0) with 128 interrupts
[    0.000000] rcu: srcu_init: Setting srcu_struct sizes based on contention.
[    0.000000] TI gptimer clocksource: always-on /ocp/interconnect@44c00000/segment@200000/target-module@31000
[    0.000003] sched_clock: 32 bits at 24MHz, resolution 41ns, wraps every 89478484971ns
[    0.000028] clocksource: dmtimer: mask: 0xffffffff max_cycles: 0xffffffff, max_idle_ns: 79635851949 ns
[    0.000503] TI gptimer clockevent: 24000000 Hz at /ocp/interconnect@48000000/segment@0/target-module@40000
[    0.002141] Console: colour dummy device 80x30
[    0.002211] WARNING: Your 'console=ttyO0' has been replaced by 'ttyS0'
[    0.002220] This ensures that you still see kernel messages. Please
[    0.002225] update your kernel commandline.
[    0.002267] Calibrating delay loop... 996.14 BogoMIPS (lpj=4980736)
[    0.090554] CPU: Testing write buffer coherency: ok
[    0.090671] CPU0: Spectre v2: using BPIALL workaround
[    0.090683] pid_max: default: 32768 minimum: 301
[    0.090809] LSM: initializing lsm=capability
[    0.090984] Mount-cache hash table entries: 1024 (order: 0, 4096 bytes, linear)
[    0.091005] Mountpoint-cache hash table entries: 1024 (order: 0, 4096 bytes, linear)
[    0.092644] CPU0: thread -1, cpu 0, socket -1, mpidr 0
[    0.150729] Setting up static identity map for 0x80100000 - 0x80100078
[    0.160716] rcu: Hierarchical SRCU implementation.
[    0.160729] rcu: 	Max phase no-delay instances is 1000.
[    0.180760] smp: Bringing up secondary CPUs ...
[    0.180820] smp: Brought up 1 node, 1 CPU
[    0.180835] SMP: Total of 1 processors activated (996.14 BogoMIPS).
[    0.180846] CPU: All CPU(s) started in SVC mode.
[    0.181034] Memory: 480860K/522240K available (11264K kernel code, 1215K rwdata, 2876K rodata, 1024K init, 298K bss, 23368K reserved, 16384K cma-reserved, 0K highmem)
[    0.181894] devtmpfs: initialized
[    0.198810] VFP support v0.3: implementor 41 architecture 3 part 30 variant c rev 3
[    0.199162] clocksource: jiffies: mask: 0xffffffff max_cycles: 0xffffffff, max_idle_ns: 19112604462750000 ns
[    0.199196] futex hash table entries: 256 (order: 2, 16384 bytes, linear)
[    0.200485] pinctrl core: initialized pinctrl subsystem
[    0.203563] NET: Registered PF_NETLINK/PF_ROUTE protocol family
[    0.206357] DMA: preallocated 256 KiB pool for atomic coherent allocations
[    0.207238] audit: initializing netlink subsys (disabled)
[    0.208660] thermal_sys: Registered thermal governor 'fair_share'
[    0.208674] thermal_sys: Registered thermal governor 'step_wise'
[    0.208685] thermal_sys: Registered thermal governor 'user_space'
[    0.208845] audit: type=2000 audit(0.200:1): state=initialized audit_enabled=0 res=1
[    0.208886] cpuidle: using governor menu
[    0.227736] No ATAGs?
[    0.227762] hw-breakpoint: debug architecture 0x4 unsupported.
[    0.230514] kprobes: kprobe jump-optimization is enabled. All kprobes are optimized if possible.
[    0.243984] iommu: Default domain type: Translated
[    0.244007] iommu: DMA domain TLB invalidation policy: strict mode
[    0.245676] reg-fixed-voltage fixedregulator0: using DT '/fixedregulator0' for '(default)' GPIO lookup
[    0.245731] of_get_named_gpiod_flags: can't parse 'gpios' property of node '/fixedregulator0[0]'
[    0.245761] of_get_named_gpiod_flags: can't parse 'gpio' property of node '/fixedregulator0[0]'
[    0.245780] reg-fixed-voltage fixedregulator0: using lookup tables for GPIO lookup
[    0.245792] reg-fixed-voltage fixedregulator0: No GPIO consumer (default) found
[    0.252046] SCSI subsystem initialized
[    0.252535] libata version 3.00 loaded.
[    0.252900] pps_core: LinuxPPS API ver. 1 registered
[    0.252911] pps_core: Software ver. 5.3.6 - Copyright 2005-2007 Rodolfo Giometti <giometti@linux.it>
[    0.252935] PTP clock support registered
[    0.260815] vgaarb: loaded
[    0.261221] clocksource: Switched to clocksource dmtimer
[    0.261894] VFS: Disk quotas dquot_6.6.0
[    0.261939] VFS: Dquot-cache hash table entries: 1024 (order 0, 4096 bytes)
[    0.286595] NET: Registered PF_INET protocol family
[    0.286960] IP idents hash table entries: 8192 (order: 4, 65536 bytes, linear)
[    0.288365] tcp_listen_portaddr_hash hash table entries: 512 (order: 0, 4096 bytes, linear)
[    0.288404] Table-perturb hash table entries: 65536 (order: 6, 262144 bytes, linear)
[    0.288421] TCP established hash table entries: 4096 (order: 2, 16384 bytes, linear)
[    0.288465] TCP bind hash table entries: 4096 (order: 4, 65536 bytes, linear)
[    0.288565] TCP: Hash tables configured (established 4096 bind 4096)
[    0.288684] UDP hash table entries: 256 (order: 1, 8192 bytes, linear)
[    0.288712] UDP-Lite hash table entries: 256 (order: 1, 8192 bytes, linear)
[    0.288899] NET: Registered PF_UNIX/PF_LOCAL protocol family
[    0.291901] RPC: Registered named UNIX socket transport module.
[    0.291923] RPC: Registered udp transport module.
[    0.291929] RPC: Registered tcp transport module.
[    0.291934] RPC: Registered tcp-with-tls transport module.
[    0.291940] RPC: Registered tcp NFSv4.1 backchannel transport module.
[    0.291967] PCI: CLS 0 bytes, default 64
[    0.293444] Initialise system trusted keyrings
[    0.302500] workingset: timestamp_bits=14 max_order=17 bucket_order=3
[    0.303854] NFS: Registering the id_resolver key type
[    0.303928] Key type id_resolver registered
[    0.303936] Key type id_legacy registered
[    0.303986] jffs2: version 2.2. (NAND) (SUMMARY)  Â© 2001-2006 Red Hat, Inc.
[    0.304407] Key type asymmetric registered
[    0.304425] Asymmetric key parser 'x509' registered
[    0.304493] io scheduler mq-deadline registered
[    0.304504] io scheduler kyber registered
[    0.304575] io scheduler bfq registered
[    0.306228] ledtrig-cpu: registered to indicate activity on CPUs
[    0.312237] Serial: 8250/16550 driver, 6 ports, IRQ sharing enabled
[    0.362928] brd: module loaded
[    0.383211] loop: module loaded
[    0.384154] mtdoops: mtd device (mtddev=name/number) must be supplied
[    0.385891] mdio_bus fixed-0: using lookup tables for GPIO lookup
[    0.385915] mdio_bus fixed-0: No GPIO consumer reset found
[    0.387309] i2c_dev: i2c /dev entries driver
[    0.388315] cpuidle: enable-method property 'ti,am3352' found operations
[    0.388753] sdhci: Secure Digital Host Controller Interface driver
[    0.388762] sdhci: Copyright(c) Pierre Ossman
[    0.388939] sdhci-pltfm: SDHCI platform and OF driver helper
[    0.389978] Initializing XFRM netlink socket
[    0.390133] NET: Registered PF_INET6 protocol family
[    0.392309] Segment Routing with IPv6
[    0.392405] In-situ OAM (IOAM) with IPv6
[    0.392504] sit: IPv6, IPv4 and MPLS over IPv4 tunneling driver
[    0.393458] NET: Registered PF_PACKET protocol family
[    0.393492] NET: Registered PF_KEY protocol family
[    0.393621] Key type dns_resolver registered
[    0.393904] ThumbEE CPU extension supported.
[    0.393923] Registering SWP/SWPB emulation handler
[    0.394453] omap_voltage_late_init: Voltage driver support not added
[    0.394810] SmartReflex Class3 initialized
[    0.428740] Loading compiled-in X.509 certificates
[    0.483074] gpiochip_find_base_unlocked: found new base at 512
[    0.503205] platform 44e10800.pinmux: Fixed dependency cycle(s) with /ocp/interconnect@44c00000/segment@200000/target-module@10000/scm@0/pinmux@800/clkout2-pins
[    0.503757] pinctrl-single 44e10800.pinmux: 142 pins, size 568
[    0.508796] ti-sysc 44e31000.target-module: probe with driver ti-sysc failed with error -16
[    0.556351] ti-sysc 48040000.target-module: probe with driver ti-sysc failed with error -16
[    0.567375] gpiochip_find_base_unlocked: found new base at 512
[    0.567479] gpio gpiochip0: (gpio-0-31): created GPIO range 0->7 ==> 44e10800.pinmux PIN 0->7
[    0.567500] gpio gpiochip0: (gpio-0-31): created GPIO range 8->11 ==> 44e10800.pinmux PIN 90->93
[    0.567516] gpio gpiochip0: (gpio-0-31): created GPIO range 12->27 ==> 44e10800.pinmux PIN 12->27
[    0.567531] gpio gpiochip0: (gpio-0-31): created GPIO range 28->31 ==> 44e10800.pinmux PIN 30->33
[    0.594401] gpio gpiochip0: (gpio-0-31): added GPIO chardev (254:0)
[    0.594582] gpio gpiochip0: registered GPIOs 512 to 543 on gpio-0-31
[    0.594667] OMAP GPIO hardware version 0.1
[    0.631823] i2c i2c-2: using DT '/ocp/interconnect@48000000/segment@100000/target-module@9c000/i2c@0' for 'scl' GPIO lookup
[    0.631899] of_get_named_gpiod_flags: can't parse 'scl-gpios' property of node '/ocp/interconnect@48000000/segment@100000/target-module@9c000/i2c@0[0]'
[    0.631945] of_get_named_gpiod_flags: can't parse 'scl-gpio' property of node '/ocp/interconnect@48000000/segment@100000/target-module@9c000/i2c@0[0]'
[    0.631982] i2c i2c-2: using lookup tables for GPIO lookup
[    0.631993] i2c i2c-2: No GPIO consumer scl found
[    0.632016] i2c i2c-2: using DT '/ocp/interconnect@48000000/segment@100000/target-module@9c000/i2c@0' for 'sda' GPIO lookup
[    0.632053] of_get_named_gpiod_flags: can't parse 'sda-gpios' property of node '/ocp/interconnect@48000000/segment@100000/target-module@9c000/i2c@0[0]'
[    0.632091] of_get_named_gpiod_flags: can't parse 'sda-gpio' property of node '/ocp/interconnect@48000000/segment@100000/target-module@9c000/i2c@0[0]'
[    0.632123] i2c i2c-2: using lookup tables for GPIO lookup
[    0.632131] i2c i2c-2: No GPIO consumer sda found
[    0.632868] omap_i2c 4819c000.i2c: bus 2 rev0.11 at 100 kHz
[    0.638216] gpiochip_find_base_unlocked: found new base at 544
[    0.638322] gpio gpiochip1: (gpio-32-63): created GPIO range 0->17 ==> 44e10800.pinmux PIN 34->51
[    0.638342] gpio gpiochip1: (gpio-32-63): created GPIO range 18->21 ==> 44e10800.pinmux PIN 77->80
[    0.638357] gpio gpiochip1: (gpio-32-63): created GPIO range 22->31 ==> 44e10800.pinmux PIN 56->65
[    0.652813] gpio gpiochip1: (gpio-32-63): added GPIO chardev (254:1)
[    0.652995] gpio gpiochip1: registered GPIOs 544 to 575 on gpio-32-63
[    0.655170] gpiochip_find_base_unlocked: found new base at 576
[    0.655264] gpio gpiochip2: (gpio-64-95): created GPIO range 0->4 ==> 44e10800.pinmux PIN 66->70
[    0.655283] gpio gpiochip2: (gpio-64-95): created GPIO range 5->6 ==> 44e10800.pinmux PIN 98->99
[    0.655299] gpio gpiochip2: (gpio-64-95): created GPIO range 7->8 ==> 44e10800.pinmux PIN 75->76
[    0.655314] gpio gpiochip2: (gpio-64-95): created GPIO range 13->13 ==> 44e10800.pinmux PIN 141->141
[    0.655331] gpio gpiochip2: (gpio-64-95): created GPIO range 14->21 ==> 44e10800.pinmux PIN 100->107
[    0.655960] gpio gpiochip2: (gpio-64-95): added GPIO chardev (254:2)
[    0.656103] gpio gpiochip2: registered GPIOs 576 to 607 on gpio-64-95
[    0.661714] 48000000.interconnect:segment@200000:target-module@0:mpu@0:fck: device ID is greater than 24
[    0.665920] platform 4830e000.lcdc: Fixed dependency cycle(s) with /ocp/interconnect@44c00000/segment@200000/target-module@b000/i2c@0/tda19988@70
[    0.675328] mdio_bus 4a101000.mdio: using DT '/ocp/interconnect@4a000000/segment@0/target-module@100000/switch@0/mdio@1000' for 'reset' GPIO lookup
[    0.675405] of_get_named_gpiod_flags: can't parse 'reset-gpios' property of node '/ocp/interconnect@4a000000/segment@0/target-module@100000/switch@0/mdio@1000[0]'
[    0.675454] of_get_named_gpiod_flags: can't parse 'reset-gpio' property of node '/ocp/interconnect@4a000000/segment@0/target-module@100000/switch@0/mdio@1000[0]'
[    0.675503] mdio_bus 4a101000.mdio: using lookup tables for GPIO lookup
[    0.675514] mdio_bus 4a101000.mdio: No GPIO consumer reset found
[    0.676525] sdhci-omap 481d8000.mmc: using DT '/ocp/interconnect@48000000/segment@100000/target-module@d8000/mmc@0' for 'wp' GPIO lookup
[    0.676587] of_get_named_gpiod_flags: can't parse 'wp-gpios' property of node '/ocp/interconnect@48000000/segment@100000/target-module@d8000/mmc@0[0]'
[    0.676631] of_get_named_gpiod_flags: can't parse 'wp-gpio' property of node '/ocp/interconnect@48000000/segment@100000/target-module@d8000/mmc@0[0]'
[    0.676668] sdhci-omap 481d8000.mmc: using lookup tables for GPIO lookup
[    0.676677] sdhci-omap 481d8000.mmc: No GPIO consumer wp found
[    0.676875] sdhci-omap 481d8000.mmc: supply pbias not found, using dummy regulator
[    0.677382] sdhci-omap 481d8000.mmc: supply vqmmc not found, using dummy regulator
[    0.725608] davinci_mdio 4a101000.mdio: davinci mdio revision 1.6, bus freq 1000000
[    0.743091] mdio_bus 4a101000.mdio:00: using DT '/ocp/interconnect@4a000000/segment@0/target-module@100000/switch@0/mdio@1000/ethernet-phy@0' for 'reset' GPIO lookup
[    0.743197] of_get_named_gpiod_flags: parsed 'reset-gpios' property of node '/ocp/interconnect@4a000000/segment@0/target-module@100000/switch@0/mdio@1000/ethernet-phy@0[0]' - status (0)
[    0.743364] gpio gpiochip0: Persistence not supported for GPIO 8
[    0.841046] davinci_mdio 4a101000.mdio: phy[0]: device 4a101000.mdio:00, driver SMSC LAN8710/LAN8720
[    0.841921] cpsw-switch 4a100000.switch: initialized cpsw ale version 1.4
[    0.841944] cpsw-switch 4a100000.switch: ALE Table size 1024, Policers 0
[    0.859231] cpsw-switch 4a100000.switch: cpts: overflow check period 500 (jiffies)
[    0.859256] cpsw-switch 4a100000.switch: CPTS: ref_clk_freq:250000000 calc_mult:2147483648 calc_shift:29 error:0 nsec/sec
[    0.859362] cpsw-switch 4a100000.switch: Detected MACID = 6c:ec:eb:68:de:78
[    0.861175] cpsw-switch 4a100000.switch: initialized (regs 0x4a100000, pool size 256) hw_ver:0019010C 1.12 (0)
[    0.872423] debugfs: Directory '49000000.dma' with parent 'dmaengine' already present!
[    0.872464] edma 49000000.dma: TI EDMA DMA engine driver
[    0.908372] target-module@4b000000:target-module@140000:pmu@0:fck: device ID is greater than 24
[    0.924401] hw perfevents: enabled with armv7_cortex_a8 PMU driver, 5 (8000000f) counters available
[    0.925296] gpio-clk clk_mcasp0: using DT '/clk_mcasp0' for 'enable' GPIO lookup
[    0.925368] of_get_named_gpiod_flags: parsed 'enable-gpios' property of node '/clk_mcasp0[0]' - status (0)
[    0.925412] gpio gpiochip0: Persistence not supported for GPIO 27
[    0.926213] gpiochip_find_base_unlocked: found new base at 608
[    0.926338] gpio gpiochip3: (gpio-96-127): created GPIO range 0->7 ==> 44e10800.pinmux PIN 82->89
[    0.926360] gpio gpiochip3: (gpio-96-127): created GPIO range 8->11 ==> 44e10800.pinmux PIN 52->55
[    0.926376] gpio gpiochip3: (gpio-96-127): created GPIO range 12->15 ==> 44e10800.pinmux PIN 94->97
[    0.926391] gpio gpiochip3: (gpio-96-127): created GPIO range 16->17 ==> 44e10800.pinmux PIN 71->72
[    0.926407] gpio gpiochip3: (gpio-96-127): created GPIO range 18->18 ==> 44e10800.pinmux PIN 135->135
[    0.926424] gpio gpiochip3: (gpio-96-127): created GPIO range 19->20 ==> 44e10800.pinmux PIN 108->109
[    0.926441] gpio gpiochip3: (gpio-96-127): created GPIO range 21->21 ==> 44e10800.pinmux PIN 73->73
[    0.926458] gpio gpiochip3: (gpio-96-127): created GPIO range 22->23 ==> 44e10800.pinmux PIN 8->9
[    0.926475] gpio gpiochip3: (gpio-96-127): created GPIO range 26->27 ==> 44e10800.pinmux PIN 10->11
[    0.926492] gpio gpiochip3: (gpio-96-127): created GPIO range 28->28 ==> 44e10800.pinmux PIN 74->74
[    0.926510] gpio gpiochip3: (gpio-96-127): created GPIO range 29->29 ==> 44e10800.pinmux PIN 81->81
[    0.926529] gpio gpiochip3: (gpio-96-127): created GPIO range 30->31 ==> 44e10800.pinmux PIN 28->29
[    0.933026] l3-aon-clkctrl:0000:0: failed to disable
[    0.933531] gpio gpiochip3: (gpio-96-127): added GPIO chardev (254:3)
[    0.933691] gpio gpiochip3: registered GPIOs 608 to 639 on gpio-96-127
[    0.945243] omap8250 44e09000.serial: using DT '/ocp/interconnect@44c00000/segment@200000/target-module@9000/serial@0' for 'rs485-term' GPIO lookup
[    0.945320] of_get_named_gpiod_flags: can't parse 'rs485-term-gpios' property of node '/ocp/interconnect@44c00000/segment@200000/target-module@9000/serial@0[0]'
[    0.945365] of_get_named_gpiod_flags: can't parse 'rs485-term-gpio' property of node '/ocp/interconnect@44c00000/segment@200000/target-module@9000/serial@0[0]'
[    0.945402] omap8250 44e09000.serial: using lookup tables for GPIO lookup
[    0.945412] omap8250 44e09000.serial: No GPIO consumer rs485-term found
[    0.945422] omap8250 44e09000.serial: using DT '/ocp/interconnect@44c00000/segment@200000/target-module@9000/serial@0' for 'rs485-rx-during-tx' GPIO lookup
[    0.945460] of_get_named_gpiod_flags: can't parse 'rs485-rx-during-tx-gpios' property of node '/ocp/interconnect@44c00000/segment@200000/target-module@9000/serial@0[0]'
[    0.945498] of_get_named_gpiod_flags: can't parse 'rs485-rx-during-tx-gpio' property of node '/ocp/interconnect@44c00000/segment@200000/target-module@9000/serial@0[0]'
[    0.945531] omap8250 44e09000.serial: using lookup tables for GPIO lookup
[    0.945540] omap8250 44e09000.serial: No GPIO consumer rs485-rx-during-tx found
[    0.945953] 44e09000.serial: ttyS0 at MMIO 0x44e09000 (irq = 34, base_baud = 3000000) is a 8250
[    0.946041] printk: legacy console [ttyS0] enabled
[    2.247572] i2c i2c-0: using DT '/ocp/interconnect@44c00000/segment@200000/target-module@b000/i2c@0' for 'scl' GPIO lookup
[    2.247665] of_get_named_gpiod_flags: can't parse 'scl-gpios' property of node '/ocp/interconnect@44c00000/segment@200000/target-module@b000/i2c@0[0]'
[    2.247716] of_get_named_gpiod_flags: can't parse 'scl-gpio' property of node '/ocp/interconnect@44c00000/segment@200000/target-module@b000/i2c@0[0]'
[    2.247758] i2c i2c-0: using lookup tables for GPIO lookup
[    2.247773] i2c i2c-0: No GPIO consumer scl found
[    2.247800] i2c i2c-0: using DT '/ocp/interconnect@44c00000/segment@200000/target-module@b000/i2c@0' for 'sda' GPIO lookup
[    2.247841] of_get_named_gpiod_flags: can't parse 'sda-gpios' property of node '/ocp/interconnect@44c00000/segment@200000/target-module@b000/i2c@0[0]'
[    2.247885] of_get_named_gpiod_flags: can't parse 'sda-gpio' property of node '/ocp/interconnect@44c00000/segment@200000/target-module@b000/i2c@0[0]'
[    2.247923] i2c i2c-0: using lookup tables for GPIO lookup
[    2.247934] i2c i2c-0: No GPIO consumer sda found
[    2.262201] tps65217-pmic: Failed to locate of_node [id: -1]
[    2.268280] tps65217-bl: Failed to locate of_node [id: -1]
[    2.279737] tps65217 0-0024: TPS65217 ID 0xe version 1.2
[    2.285885] platform 4830e000.lcdc: Fixed dependency cycle(s) with /ocp/interconnect@44c00000/segment@200000/target-module@b000/i2c@0/tda19988@70
[    2.299305] i2c 0-0070: Fixed dependency cycle(s) with /ocp/interconnect@48000000/segment@300000/target-module@e000/lcdc@0
[    2.310733] omap_i2c 44e0b000.i2c: bus 0 rev0.11 at 400 kHz
[    2.318342] sdhci-omap 48060000.mmc: using DT '/ocp/interconnect@48000000/segment@0/target-module@60000/mmc@0' for 'cd' GPIO lookup
[    2.318452] of_get_named_gpiod_flags: parsed 'cd-gpios' property of node '/ocp/interconnect@48000000/segment@0/target-module@60000/mmc@0[0]' - status (0)
[    2.318523] gpio gpiochip3: Persistence not supported for GPIO 6
[    2.318547] omap_gpio 44e07000.gpio: Could not set line 6 debounce to 200000 microseconds (-22)
[    2.327429] sdhci-omap 48060000.mmc: Got CD GPIO
[    2.332111] sdhci-omap 48060000.mmc: using DT '/ocp/interconnect@48000000/segment@0/target-module@60000/mmc@0' for 'wp' GPIO lookup
[    2.332162] of_get_named_gpiod_flags: can't parse 'wp-gpios' property of node '/ocp/interconnect@48000000/segment@0/target-module@60000/mmc@0[0]'
[    2.332208] of_get_named_gpiod_flags: can't parse 'wp-gpio' property of node '/ocp/interconnect@48000000/segment@0/target-module@60000/mmc@0[0]'
[    2.332249] sdhci-omap 48060000.mmc: using lookup tables for GPIO lookup
[    2.332264] sdhci-omap 48060000.mmc: No GPIO consumer wp found
[    2.332467] sdhci-omap 48060000.mmc: supply pbias not found, using dummy regulator
[    2.341154] sdhci-omap 481d8000.mmc: using DT '/ocp/interconnect@48000000/segment@100000/target-module@d8000/mmc@0' for 'wp' GPIO lookup
[    2.341339] of_get_named_gpiod_flags: can't parse 'wp-gpios' property of node '/ocp/interconnect@48000000/segment@100000/target-module@d8000/mmc@0[0]'
[    2.341393] of_get_named_gpiod_flags: can't parse 'wp-gpio' property of node '/ocp/interconnect@48000000/segment@100000/target-module@d8000/mmc@0[0]'
[    2.341435] sdhci-omap 481d8000.mmc: using lookup tables for GPIO lookup
[    2.341449] sdhci-omap 481d8000.mmc: No GPIO consumer wp found
[    2.342824] sdhci-omap 48060000.mmc: supply vqmmc not found, using dummy regulator
[    2.351936] sdhci-omap 481d8000.mmc: supply pbias not found, using dummy regulator
[    2.359967] sdhci-omap 481d8000.mmc: supply vqmmc not found, using dummy regulator
[    2.398778] mmc1: SDHCI controller on 481d8000.mmc [481d8000.mmc] using External DMA
[    2.408013] mmc0: SDHCI controller on 48060000.mmc [48060000.mmc] using External DMA
[    2.416829] cpsw-switch 4a100000.switch: starting ndev. mode: dual_mac
[    2.460521] mmc0: new high speed SDHC card at address 5048
[    2.467615] mmcblk0: mmc0:5048 SD16G 14.4 GiB
[    2.475784]  mmcblk0: p1 p2
[    2.479188] mmcblk0: p2 size 31221760 extends beyond EOD, truncated
[    2.492470] SMSC LAN8710/LAN8720 4a101000.mdio:00: attached PHY driver (mii_bus:phy_addr=4a101000.mdio:00, irq=POLL)
[    2.509535] mmc1: new high speed MMC card at address 0001
[    2.516560] mmcblk1: mmc1:0001 MMC04G 3.60 GiB
[    2.524073]  mmcblk1: p1 p2
[    2.528315] mmcblk1boot0: mmc1:0001 MMC04G 2.00 MiB
[    2.535705] mmcblk1boot1: mmc1:0001 MMC04G 2.00 MiB
[    2.543263] mmcblk1rpmb: mmc1:0001 MMC04G 128 KiB, chardev (250:0)
[    5.682018] cpsw-switch 4a100000.switch eth0: Link is Up - 100Mbps/Full - flow control off
[    5.721479] IP-Config: Complete:
[    5.724760]      device=eth0, hwaddr=6c:ec:eb:68:de:78, ipaddr=192.168.255.1, mask=255.255.255.0, gw=255.255.255.255
[    5.735428]      host=bbb1, domain=, nis-domain=(none)
[    5.740599]      bootserver=192.168.255.126, rootserver=192.168.255.126, rootpath=
[    5.741036] clk: Disabling unused clocks
[    5.752885] PM: genpd: Disabling unused power domains
[    5.758009] KTAP version 1
[    5.760731] 1..0
[    5.795624] VFS: Mounted root (nfs filesystem) on device 0:17.
[    5.802880] devtmpfs: mounted
[    5.807551] Freeing unused kernel image (initmem) memory: 1024K
[    5.814446] Run /sbin/init as init process
[    5.818586]   with arguments:
[    5.818600]     /sbin/init
[    5.818610]     nfsrootdebug
[    5.818619]   with environment:
[    5.818628]     HOME=/
[    5.818638]     TERM=linux
[    6.536325] systemd[1]: System time before build time, advancing clock.
[    8.021251] random: crng init done
[    8.053898] systemd[1]: systemd 232 running in system mode. (+PAM +AUDIT +SELINUX +IMA +APPARMOR +SMACK +SYSVINIT +UTMP +LIBCRYPTSETUP +GCRYPT +GNUTLS +ACL +XZ +LZ4 +SECCOMP +BLKID +ELFUTILS +KMOD +IDN)
[    8.072977] systemd[1]: Detected architecture arm.
[    8.104393] systemd[1]: Set hostname to <arm>.
[    9.229337] systemd[1]: Listening on /dev/initctl Compatibility Named Pipe.
[    9.262992] systemd[1]: Set up automount Arbitrary Executable File Formats File System Automount Point.
[    9.291961] systemd[1]: Listening on udev Kernel Socket.
[    9.323476] systemd[1]: Listening on Journal Socket.
[    9.353257] systemd[1]: Listening on udev Control Socket.
[    9.382892] systemd[1]: Created slice System Slice.
[    9.412775] systemd[1]: Created slice system-serial\x2dgetty.slice.
[   11.621822] systemd-journald[91]: Received request to flush runtime journal from PID 1
[   14.396458] leds-gpio leds: using DT '/leds/led2' for '(default)' GPIO lookup
[   14.396575] of_get_named_gpiod_flags: parsed 'gpios' property of node '/leds/led2[0]' - status (0)
[   14.396634] gpio gpiochip0: Persistence not supported for GPIO 21
[   14.396651] gpio-533 (?): no flags found for GPIO (default)
[   14.436560] leds-gpio leds: using DT '/leds/led3' for '(default)' GPIO lookup
[   14.436866] of_get_named_gpiod_flags: parsed 'gpios' property of node '/leds/led3[0]' - status (0)
[   14.436937] gpio gpiochip0: Persistence not supported for GPIO 22
[   14.436953] gpio-534 (?): no flags found for GPIO (default)
[   14.465979] leds-gpio leds: using DT '/leds/led4' for '(default)' GPIO lookup
[   14.466079] of_get_named_gpiod_flags: parsed 'gpios' property of node '/leds/led4[0]' - status (0)
[   14.466134] gpio gpiochip0: Persistence not supported for GPIO 23
[   14.466149] gpio-535 (?): no flags found for GPIO (default)
[   14.501576] leds-gpio leds: using DT '/leds/led5' for '(default)' GPIO lookup
[   14.501682] of_get_named_gpiod_flags: parsed 'gpios' property of node '/leds/led5[0]' - status (0)
[   14.501735] gpio gpiochip0: Persistence not supported for GPIO 24
[   14.501752] gpio-536 (?): no flags found for GPIO (default)
[   14.771738] remoteproc remoteproc0: wkup_m3 is available
[   15.196613] omap_rtc 44e3e000.rtc: registered as rtc0
[   15.201977] omap_rtc 44e3e000.rtc: setting system clock to 2000-01-01T00:00:00 UTC (946684800)
[   15.210681] omap_rtc 44e3e000.rtc: using DT '/ocp/interconnect@44c00000/segment@200000/target-module@3e000/rtc@0' for 'wp' GPIO lookup
[   15.210753] of_get_named_gpiod_flags: can't parse 'wp-gpios' property of node '/ocp/interconnect@44c00000/segment@200000/target-module@3e000/rtc@0[0]'
[   15.210805] of_get_named_gpiod_flags: can't parse 'wp-gpio' property of node '/ocp/interconnect@44c00000/segment@200000/target-module@3e000/rtc@0[0]'
[   15.210847] omap_rtc 44e3e000.rtc: using lookup tables for GPIO lookup
[   15.210862] omap_rtc 44e3e000.rtc: No GPIO consumer wp found
[   15.228622] at24 2-0054: supply vcc not found, using dummy regulator
[   15.382075] at24 2-0055: supply vcc not found, using dummy regulator
[   15.395328] omap_wdt: OMAP Watchdog Timer Rev 0x01: initial timeout 60 sec
[   15.513289] at24 2-0056: supply vcc not found, using dummy regulator
[   15.669141] at24 2-0057: supply vcc not found, using dummy regulator
[   15.836455] at24 0-0050: using DT '/ocp/interconnect@44c00000/segment@200000/target-module@b000/i2c@0/eeprom@50' for 'wp' GPIO lookup
[   15.836669] of_get_named_gpiod_flags: can't parse 'wp-gpios' property of node '/ocp/interconnect@44c00000/segment@200000/target-module@b000/i2c@0/eeprom@50[0]'
[   15.836792] of_get_named_gpiod_flags: can't parse 'wp-gpio' property of node '/ocp/interconnect@44c00000/segment@200000/target-module@b000/i2c@0/eeprom@50[0]'
[   15.836895] at24 0-0050: using lookup tables for GPIO lookup
[   15.836911] at24 0-0050: No GPIO consumer wp found
[   15.837594] at24 0-0050: 32768 byte 24c256 EEPROM, writable, 1 bytes/write
[   15.869986] am335x-phy-driver 47401300.usb-phy: using DT '/ocp/target-module@47400000/usb-phy@1300' for 'reset' GPIO lookup
[   15.870087] of_get_named_gpiod_flags: can't parse 'reset-gpios' property of node '/ocp/target-module@47400000/usb-phy@1300[0]'
[   15.870136] of_get_named_gpiod_flags: can't parse 'reset-gpio' property of node '/ocp/target-module@47400000/usb-phy@1300[0]'
[   15.870175] am335x-phy-driver 47401300.usb-phy: using lookup tables for GPIO lookup
[   15.870191] am335x-phy-driver 47401300.usb-phy: No GPIO consumer reset found
[   15.870205] am335x-phy-driver 47401300.usb-phy: using DT '/ocp/target-module@47400000/usb-phy@1300' for 'vbus-detect' GPIO lookup
[   15.870237] of_get_named_gpiod_flags: can't parse 'vbus-detect-gpios' property of node '/ocp/target-module@47400000/usb-phy@1300[0]'
[   15.870271] of_get_named_gpiod_flags: can't parse 'vbus-detect-gpio' property of node '/ocp/target-module@47400000/usb-phy@1300[0]'
[   15.870298] am335x-phy-driver 47401300.usb-phy: using lookup tables for GPIO lookup
[   15.870311] am335x-phy-driver 47401300.usb-phy: No GPIO consumer vbus-detect found
[   15.870460] am335x-phy-driver 47401300.usb-phy: dummy supplies not allowed for exclusive requests (id=vbus)
[   16.120107] am335x-phy-driver 47401b00.usb-phy: using DT '/ocp/target-module@47400000/usb-phy@1b00' for 'reset' GPIO lookup
[   16.120435] of_get_named_gpiod_flags: can't parse 'reset-gpios' property of node '/ocp/target-module@47400000/usb-phy@1b00[0]'
[   16.120490] of_get_named_gpiod_flags: can't parse 'reset-gpio' property of node '/ocp/target-module@47400000/usb-phy@1b00[0]'
[   16.120579] am335x-phy-driver 47401b00.usb-phy: using lookup tables for GPIO lookup
[   16.120596] am335x-phy-driver 47401b00.usb-phy: No GPIO consumer reset found
[   16.120612] am335x-phy-driver 47401b00.usb-phy: using DT '/ocp/target-module@47400000/usb-phy@1b00' for 'vbus-detect' GPIO lookup
[   16.120700] of_get_named_gpiod_flags: can't parse 'vbus-detect-gpios' property of node '/ocp/target-module@47400000/usb-phy@1b00[0]'
[   16.120739] of_get_named_gpiod_flags: can't parse 'vbus-detect-gpio' property of node '/ocp/target-module@47400000/usb-phy@1b00[0]'
[   16.120810] am335x-phy-driver 47401b00.usb-phy: using lookup tables for GPIO lookup
[   16.120824] am335x-phy-driver 47401b00.usb-phy: No GPIO consumer vbus-detect found
[   16.121080] am335x-phy-driver 47401b00.usb-phy: dummy supplies not allowed for exclusive requests (id=vbus)
[   16.202976] tps6521x_pwrbutton tps65217-pwrbutton: DMA mask not set
[   16.317708] wkup_m3_ipc 44e11324.wkup_m3_ipc: IPC Request for A8->M3 Channel failed! -517
[   16.335217] input: tps65217_pwrbutton as /devices/platform/ocp/44c00000.interconnect/44c00000.interconnect:segment@200000/44e0b000.target-module/44e0b000.i2c/i2c-0/0-0024/tps65217-pwrbutton/input/input0
[   16.359393] wkup_m3_ipc 44e11324.wkup_m3_ipc: IPC Request for A8->M3 Channel failed! -517
[   16.847705] usbcore: registered new interface driver usbfs
[   16.853615] usbcore: registered new interface driver hub
[   16.859068] usbcore: registered new device driver usb
[   17.484333] wkup_m3_ipc 44e11324.wkup_m3_ipc: IPC Request for A8->M3 Channel failed! -517
[   17.536981] omap-mailbox 480c8000.mailbox: omap mailbox rev 0x400
[   17.623594] musb-hdrc musb-hdrc.1: MUSB HDRC host driver
[   17.629018] musb-hdrc musb-hdrc.1: new USB bus registered, assigned bus number 1
[   17.641986] tda998x 0-0070: found TDA19988
[   17.745000] remoteproc remoteproc0: powering up wkup_m3
[   17.883677] remoteproc remoteproc0: Direct firmware load for am335x-pm-firmware.elf failed with error -2
[   17.893559] remoteproc remoteproc0: request_firmware failed: -2
[   17.899528] wkup_m3_ipc 44e11324.wkup_m3_ipc: rproc_boot failed
[   17.957052] usb usb1: New USB device found, idVendor=1d6b, idProduct=0002, bcdDevice= 6.12
[   17.965701] usb usb1: New USB device strings: Mfr=3, Product=2, SerialNumber=1
[   17.973113] usb usb1: Product: MUSB HDRC host driver
[   17.978111] usb usb1: Manufacturer: Linux 6.12.0-rc2-next-20241008 musb-hcd
[   17.985163] usb usb1: SerialNumber: musb-hdrc.1
[   18.384585] hub 1-0:1.0: USB hub found
[   18.458408] hub 1-0:1.0: 1 port detected
[   19.859512] tilcdc 4830e000.lcdc: bound 0-0070 (ops 0xbf169030)
[   19.920175] omap_rng 48310000.rng: Random Number Generator ver. 20
[   19.949934] [drm] Initialized tilcdc 1.0.0 for 4830e000.lcdc on minor 0
