Labgrid Console Logfile for main
Logfile started at 2025-08-21 10:20:48.107233
=== Log starts here ===
reading args
spl_load_image_fat_os: error reading image args, err - -1
reading u-boot.img
reading u-boot.img


U-Boot 2014.04-00014-g47880f5 (Apr 22 2014 - 13:23:54)

I2C:   ready
DRAM:  512 MiB
NAND:  0 MiB
MMC:   OMAP SD/MMC: 0, OMAP SD/MMC: 1
*** Warning - readenv() failed, using default environment

Net:   <ethaddr> not set. Validating first E-fuse MAC
cpsw, usb_ether
Hit any key to stop autoboot:  1  0 
gpio: pin 53 (gpio 53) value is 1
mmc0 is current device
gpio: pin 54 (gpio 54) value is 1
SD/MMC found on device 0
reading uEnv.txt
569 bytes read in 4 ms (138.7 KiB/s)
gpio: pin 55 (gpio 55) value is 1
Loaded environment from uEnv.txt
Importing environment from mmc ...
Checking if uenvcmd is set ...
gpio: pin 56 (gpio 56) value is 1
Running uenvcmd ...
cpsw Waiting for PHY auto negotiation to complete. done
link up on port 0, speed 100, full duplex
Using cpsw device
TFTP from server 192.168.255.126; our IP address is 192.168.255.1
Filename 'zImage'.
Load address: 0x81000000
Loading: *T #################################################################
	 #################################################################
	 #################################################################
	 #################################################################
	 #################################################################
	 ############################################################
	 762.7 KiB/s
done
Bytes transferred = 5651560 (563c68 hex)
link up on port 0, speed 100, full duplex
Using cpsw device
TFTP from server 192.168.255.126; our IP address is 192.168.255.1
Filename 'am335x-boneblack.dtb'.
Load address: 0x82000000
Loading: *#######
	 2.4 MiB/s
done
Bytes transferred = 98244 (17fc4 hex)
Kernel image @ 0x81000000 [ 0x000000 - 0x563c68 ]
## Flattened Device Tree blob at 82000000
   Booting using the fdt blob at 0x82000000
   Using Device Tree in place at 82000000, end 8201afc3

Starting kernel ...

[    0.000000] Booting Linux on physical CPU 0x0
[    0.000000] Linux version 6.17.0-rc2-next-20250821 (user01@drvtest01) (arm-none-eabi-gcc (Arm GNU Toolchain 14.2.Rel1 (Build arm-14.52)) 14.2.1 20241119, GNU ld (Arm GNU Toolchain 14.2.Rel1 (Build arm-14.52)) 2.43.1.20241119) #1 SMP Thu Aug 21 10:15:59 EEST 2025
[    0.000000] CPU: ARMv7 Processor [413fc082] revision 2 (ARMv7), cr=10c5387d
[    0.000000] CPU: PIPT / VIPT nonaliasing data cache, VIPT aliasing instruction cache
[    0.000000] OF: fdt: Machine model: TI AM335x BeagleBone Black
[    0.000000] Memory policy: Data cache writeback
[    0.000000] cma: Reserved 16 MiB at 0x9e800000
[    0.000000] Zone ranges:
[    0.000000]   Normal   [mem 0x0000000080000000-0x000000009fdfffff]
[    0.000000]   HighMem  empty
[    0.000000] Movable zone start for each node
[    0.000000] Early memory node ranges
[    0.000000]   node   0: [mem 0x0000000080000000-0x000000009fdfffff]
[    0.000000] Initmem setup node 0 [mem 0x0000000080000000-0x000000009fdfffff]
[    0.000000] On node 0, zone Normal: 512 pages in unavailable ranges
[    0.000000] OF: reserved mem: Reserved memory: No reserved-memory node in the DT
[    0.000000] CPU: All CPU(s) started in SVC mode.
[    0.000000] AM335X ES2.1 (sgx neon)
[    0.000000] percpu: Embedded 17 pages/cpu s39820 r8192 d21620 u69632
[    0.000000] Kernel command line: console=ttyO0,115200n8 root=/dev/nfs rw nfsroot=192.168.255.126:/home/user01/nfs,nfsvers=3 ip=192.168.255.1:192.168.255.126::255.255.255.0:bbb1:eth0 nfsrootdebug
[    0.000000] Unknown kernel command line parameters "nfsrootdebug", will be passed to user space.
[    0.000000] printk: log buffer data + meta data: 65536 + 204800 = 270336 bytes
[    0.000000] Dentry cache hash table entries: 65536 (order: 6, 262144 bytes, linear)
[    0.000000] Inode-cache hash table entries: 32768 (order: 5, 131072 bytes, linear)
[    0.000000] Built 1 zonelists, mobility grouping on.  Total pages: 130560
[    0.000000] mem auto-init: stack:off, heap alloc:off, heap free:off
[    0.000000] SLUB: HWalign=16, Order=0-3, MinObjects=0, CPUs=1, Nodes=1
[    0.000000] rcu: Hierarchical RCU implementation.
[    0.000000] rcu: 	RCU event tracing is enabled.
[    0.000000] rcu: 	RCU restricting CPUs from NR_CPUS=2 to nr_cpu_ids=1.
[    0.000000] 	Tracing variant of Tasks RCU enabled.
[    0.000000] rcu: RCU calculated value of scheduler-enlistment delay is 10 jiffies.
[    0.000000] rcu: Adjusting geometry for rcu_fanout_leaf=16, nr_cpu_ids=1
[    0.000000] RCU Tasks Trace: Setting shift to 0 and lim to 1 rcu_task_cb_adjust=1 rcu_task_cpu_ids=1.
[    0.000000] NR_IRQS: 16, nr_irqs: 16, preallocated irqs: 16
[    0.000000] IRQ: Found an INTC at 0x(ptrval) (revision 5.0) with 128 interrupts
[    0.000000] rcu: srcu_init: Setting srcu_struct sizes based on contention.
[    0.000000] TI gptimer clocksource: always-on /ocp/interconnect@44c00000/segment@200000/target-module@31000
[    0.000003] sched_clock: 32 bits at 24MHz, resolution 41ns, wraps every 89478484971ns
[    0.000026] clocksource: dmtimer: mask: 0xffffffff max_cycles: 0xffffffff, max_idle_ns: 79635851949 ns
[    0.000521] TI gptimer clockevent: 24000000 Hz at /ocp/interconnect@48000000/segment@0/target-module@40000
[    0.002095] Console: colour dummy device 80x30
[    0.002160] WARNING: Your 'console=ttyO0' has been replaced by 'ttyS0'
[    0.002167] This ensures that you still see kernel messages. Please
[    0.002172] update your kernel commandline.
[    0.002216] Calibrating delay loop... 996.14 BogoMIPS (lpj=4980736)
[    0.090568] CPU: Testing write buffer coherency: ok
[    0.090679] CPU0: Spectre v2: using BPIALL workaround
[    0.090690] pid_max: default: 32768 minimum: 301
[    0.090851] LSM: initializing lsm=capability
[    0.091018] Mount-cache hash table entries: 1024 (order: 0, 4096 bytes, linear)
[    0.091038] Mountpoint-cache hash table entries: 1024 (order: 0, 4096 bytes, linear)
[    0.092614] CPU0: thread -1, cpu 0, socket -1, mpidr 0
[    0.092671] cacheinfo: Unable to detect cache hierarchy for CPU 0
[    0.094645] Setting up static identity map for 0x80100000 - 0x80100078
[    0.094956] rcu: Hierarchical SRCU implementation.
[    0.094966] rcu: 	Max phase no-delay instances is 1000.
[    0.096672] smp: Bringing up secondary CPUs ...
[    0.096726] smp: Brought up 1 node, 1 CPU
[    0.096738] SMP: Total of 1 processors activated (996.14 BogoMIPS).
[    0.096750] CPU: All CPU(s) started in SVC mode.
[    0.096953] Memory: 480880K/522240K available (11264K kernel code, 1219K rwdata, 2936K rodata, 1024K init, 253K bss, 23328K reserved, 16384K cma-reserved, 0K highmem)
[    0.097779] devtmpfs: initialized
[    0.115123] VFP support v0.3: implementor 41 architecture 3 part 30 variant c rev 3
[    0.115750] clocksource: jiffies: mask: 0xffffffff max_cycles: 0xffffffff, max_idle_ns: 19112604462750000 ns
[    0.115806] posixtimers hash table entries: 512 (order: 0, 4096 bytes, linear)
[    0.115832] futex hash table entries: 256 (16384 bytes on 1 NUMA nodes, total 16 KiB, linear).
[    0.116963] pinctrl core: initialized pinctrl subsystem
[    0.119122] NET: Registered PF_NETLINK/PF_ROUTE protocol family
[    0.122262] DMA: preallocated 256 KiB pool for atomic coherent allocations
[    0.122872] audit: initializing netlink subsys (disabled)
[    0.124192] thermal_sys: Registered thermal governor 'fair_share'
[    0.124206] thermal_sys: Registered thermal governor 'step_wise'
[    0.124216] thermal_sys: Registered thermal governor 'user_space'
[    0.124327] audit: type=2000 audit(0.120:1): state=initialized audit_enabled=0 res=1
[    0.124394] cpuidle: using governor menu
[    0.142255] /ocp/interconnect@44c00000/segment@200000/target-module@b000/i2c@0/tda19988@70: Fixed dependency cycle(s) with /ocp/interconnect@48000000/segment@300000/target-module@e000/lcdc@0
[    0.143378] /ocp/interconnect@48000000/segment@300000/target-module@e000/lcdc@0: Fixed dependency cycle(s) with /ocp/interconnect@44c00000/segment@200000/target-module@b000/i2c@0/tda19988@70
[    0.145580] No ATAGs?
[    0.145623] hw-breakpoint: debug architecture 0x4 unsupported.
[    0.148729] kprobes: kprobe jump-optimization is enabled. All kprobes are optimized if possible.
[    0.153731] iommu: Default domain type: Translated
[    0.153753] iommu: DMA domain TLB invalidation policy: strict mode
[    0.161565] SCSI subsystem initialized
[    0.162428] pps_core: LinuxPPS API ver. 1 registered
[    0.162439] pps_core: Software ver. 5.3.6 - Copyright 2005-2007 Rodolfo Giometti <giometti@linux.it>
[    0.162463] PTP clock support registered
[    0.170923] vgaarb: loaded
[    0.171306] clocksource: Switched to clocksource dmtimer
[    0.171979] VFS: Disk quotas dquot_6.6.0
[    0.172041] VFS: Dquot-cache hash table entries: 1024 (order 0, 4096 bytes)
[    0.194998] NET: Registered PF_INET protocol family
[    0.195349] IP idents hash table entries: 8192 (order: 4, 65536 bytes, linear)
[    0.196774] tcp_listen_portaddr_hash hash table entries: 512 (order: 0, 4096 bytes, linear)
[    0.196811] Table-perturb hash table entries: 65536 (order: 6, 262144 bytes, linear)
[    0.196829] TCP established hash table entries: 4096 (order: 2, 16384 bytes, linear)
[    0.196875] TCP bind hash table entries: 4096 (order: 4, 65536 bytes, linear)
[    0.196975] TCP: Hash tables configured (established 4096 bind 4096)
[    0.197095] UDP hash table entries: 256 (order: 1, 14336 bytes, linear)
[    0.197130] UDP-Lite hash table entries: 256 (order: 1, 14336 bytes, linear)
[    0.197326] NET: Registered PF_UNIX/PF_LOCAL protocol family
[    0.198590] RPC: Registered named UNIX socket transport module.
[    0.198613] RPC: Registered udp transport module.
[    0.198618] RPC: Registered tcp transport module.
[    0.198623] RPC: Registered tcp-with-tls transport module.
[    0.198628] RPC: Registered tcp NFSv4.1 backchannel transport module.
[    0.198651] PCI: CLS 0 bytes, default 64
[    0.200057] Initialise system trusted keyrings
[    0.211589] workingset: timestamp_bits=14 max_order=17 bucket_order=3
[    0.213026] NFS: Registering the id_resolver key type
[    0.213088] Key type id_resolver registered
[    0.213096] Key type id_legacy registered
[    0.213205] jffs2: version 2.2. (NAND) (SUMMARY)  Â© 2001-2006 Red Hat, Inc.
[    0.213661] Key type asymmetric registered
[    0.213678] Asymmetric key parser 'x509' registered
[    0.213752] io scheduler mq-deadline registered
[    0.213762] io scheduler kyber registered
[    0.213841] io scheduler bfq registered
[    0.215741] target-module@4b000000:target-module@140000:pmu@0:fck: device ID is greater than 24
[    0.221944] l3-aon-clkctrl:0000:0: failed to disable
[    0.222217] ledtrig-cpu: registered to indicate activity on CPUs
[    0.231953] Serial: 8250/16550 driver, 6 ports, IRQ sharing enabled
[    0.273005] brd: module loaded
[    0.291160] loop: module loaded
[    0.292250] mtdoops: mtd device (mtddev=name/number) must be supplied
[    0.295247] i2c_dev: i2c /dev entries driver
[    0.296277] cpuidle: enable-method property 'ti,am3352' found operations
[    0.296736] sdhci: Secure Digital Host Controller Interface driver
[    0.296745] sdhci: Copyright(c) Pierre Ossman
[    0.296931] sdhci-pltfm: SDHCI platform and OF driver helper
[    0.301751] hw perfevents: enabled with armv7_cortex_a8 PMU driver, 5 (8000000f) counters available
[    0.302300] Initializing XFRM netlink socket
[    0.302478] NET: Registered PF_INET6 protocol family
[    0.308142] l3-aon-clkctrl:0000:0: failed to disable
[    0.312850] Segment Routing with IPv6
[    0.312935] In-situ OAM (IOAM) with IPv6
[    0.313031] sit: IPv6, IPv4 and MPLS over IPv4 tunneling driver
[    0.313996] NET: Registered PF_PACKET protocol family
[    0.314024] NET: Registered PF_KEY protocol family
[    0.314218] Key type dns_resolver registered
[    0.314450] ThumbEE CPU extension supported.
[    0.314469] Registering SWP/SWPB emulation handler
[    0.314995] omap_voltage_late_init: Voltage driver support not added
[    0.315668] SmartReflex Class3 initialized
[    0.352764] Loading compiled-in X.509 certificates
[    0.388835] /ocp/interconnect@44c00000/segment@200000/target-module@b000/i2c@0/tda19988@70: Fixed dependency cycle(s) with /ocp/interconnect@48000000/segment@300000/target-module@e000/lcdc@0
[    0.395475] /ocp/interconnect@44c00000/segment@200000/target-module@b000/i2c@0/tda19988@70: Fixed dependency cycle(s) with /ocp/interconnect@48000000/segment@300000/target-module@e000/lcdc@0
[    0.420739] /ocp/interconnect@44c00000/segment@200000/target-module@b000/i2c@0/tda19988@70: Fixed dependency cycle(s) with /ocp/interconnect@48000000/segment@300000/target-module@e000/lcdc@0
[    0.421894] /ocp/interconnect@44c00000/segment@200000/target-module@b000/i2c@0/tda19988@70: Fixed dependency cycle(s) with /ocp/interconnect@48000000/segment@300000/target-module@e000/lcdc@0
[    0.425496] /ocp/interconnect@44c00000/segment@200000/target-module@10000/scm@0/pinmux@800: Fixed dependency cycle(s) with /ocp/interconnect@44c00000/segment@200000/target-module@10000/scm@0/pinmux@800/clkout2-pins
[    0.426085] pinctrl-single 44e10800.pinmux: 142 pins, size 568
[    0.431568] ti-sysc 44e31000.target-module: probe with driver ti-sysc failed with error -16
[    0.478457] /ocp/interconnect@48000000/segment@300000/target-module@e000/lcdc@0: Fixed dependency cycle(s) with /ocp/interconnect@44c00000/segment@200000/target-module@b000/i2c@0/tda19988@70
[    0.486862] ti-sysc 48040000.target-module: probe with driver ti-sysc failed with error -16
[    0.523651] OMAP GPIO hardware version 0.1
[    0.559163] omap_i2c 4819c000.i2c: bus 2 rev0.11 at 100 kHz
[    0.587829] 48000000.interconnect:segment@200000:target-module@0:mpu@0:fck: device ID is greater than 24
[    0.588731] /ocp/interconnect@48000000/segment@300000/target-module@e000/lcdc@0: Fixed dependency cycle(s) with /ocp/interconnect@44c00000/segment@200000/target-module@b000/i2c@0/tda19988@70
[    0.591886] /ocp/interconnect@48000000/segment@300000/target-module@e000/lcdc@0: Fixed dependency cycle(s) with /ocp/interconnect@44c00000/segment@200000/target-module@b000/i2c@0/tda19988@70
[    0.592685] /ocp/interconnect@44c00000/segment@200000/target-module@b000/i2c@0/tda19988@70: Fixed dependency cycle(s) with /ocp/interconnect@48000000/segment@300000/target-module@e000/lcdc@0
[    0.592846] /ocp/interconnect@48000000/segment@300000/target-module@e000/lcdc@0: Fixed dependency cycle(s) with /ocp/interconnect@44c00000/segment@200000/target-module@b000/i2c@0/tda19988@70
[    0.604456] sdhci-omap 481d8000.mmc: supply pbias not found, using dummy regulator
[    0.604945] sdhci-omap 481d8000.mmc: supply vqmmc not found, using dummy regulator
[    0.651530] davinci_mdio 4a101000.mdio: davinci mdio revision 1.6, bus freq 1000000
[    0.793099] davinci_mdio 4a101000.mdio: phy[0]: device 4a101000.mdio:00, driver SMSC LAN8710/LAN8720
[    0.793883] cpsw-switch 4a100000.switch: initialized cpsw ale version 1.4
[    0.793905] cpsw-switch 4a100000.switch: ALE Table size 1024, Policers 0
[    0.794162] cpsw-switch 4a100000.switch: cpts: overflow check period 500 (jiffies)
[    0.794182] cpsw-switch 4a100000.switch: CPTS: ref_clk_freq:250000000 calc_mult:2147483648 calc_shift:29 error:0 nsec/sec
[    0.794288] cpsw-switch 4a100000.switch: Detected MACID = 6c:ec:eb:68:de:78
[    0.796141] cpsw-switch 4a100000.switch: initialized (regs 0x4a100000, pool size 256) hw_ver:0019010C 1.12 (0)
[    0.807303] debugfs: '49000000.dma' already exists in 'dmaengine'
[    0.807348] edma 49000000.dma: TI EDMA DMA engine driver
[    0.879160] 44e09000.serial: ttyS0 at MMIO 0x44e09000 (irq = 34, base_baud = 3000000) is a 8250
[    0.879251] printk: legacy console [ttyS0] enabled
[    2.442249] tps65217-pmic: Failed to locate of_node [id: -1]
[    2.448321] tps65217-bl: Failed to locate of_node [id: -1]
[    2.454419] platform tps65217-charger: DMA mask not set
[    2.460458] platform tps65217-pwrbutton: DMA mask not set
[    2.467781] tps65217 0-0024: TPS65217 ID 0xe version 1.2
[    2.473917] /ocp/interconnect@48000000/segment@300000/target-module@e000/lcdc@0: Fixed dependency cycle(s) with /ocp/interconnect@44c00000/segment@200000/target-module@b000/i2c@0/tda19988@70
[    2.491327] /ocp/interconnect@44c00000/segment@200000/target-module@b000/i2c@0/tda19988@70: Fixed dependency cycle(s) with /ocp/interconnect@48000000/segment@300000/target-module@e000/lcdc@0
[    2.508680] omap_i2c 44e0b000.i2c: bus 0 rev0.11 at 400 kHz
[    2.516559] omap_gpio 44e07000.gpio: Could not set line 6 debounce to 200000 microseconds (-22)
[    2.525487] sdhci-omap 48060000.mmc: Got CD GPIO
[    2.530499] sdhci-omap 48060000.mmc: supply pbias not found, using dummy regulator
[    2.540535] sdhci-omap 48060000.mmc: supply vqmmc not found, using dummy regulator
[    2.549646] sdhci-omap 481d8000.mmc: supply pbias not found, using dummy regulator
[    2.559153] sdhci-omap 481d8000.mmc: supply vqmmc not found, using dummy regulator
[    2.595007] mmc0: SDHCI controller on 48060000.mmc [48060000.mmc] using External DMA
[    2.603323] mmc1: SDHCI controller on 481d8000.mmc [481d8000.mmc] using External DMA
[    2.612095] cpsw-switch 4a100000.switch: starting ndev. mode: dual_mac
[    2.681640] mmc1: new high speed MMC card at address 0001
[    2.688465] mmcblk1: mmc1:0001 MMC04G 3.60 GiB
[    2.696437]  mmcblk1: p1 p2
[    2.700769] mmcblk1boot0: mmc1:0001 MMC04G 2.00 MiB
[    2.708326] SMSC LAN8710/LAN8720 4a101000.mdio:00: attached PHY driver (mii_bus:phy_addr=4a101000.mdio:00, irq=POLL)
[    2.721362] mmcblk1boot1: mmc1:0001 MMC04G 2.00 MiB
[    2.734633] mmcblk1rpmb: mmc1:0001 MMC04G 128 KiB, chardev (249:0)
[    2.784367] mmc0: new high speed SDHC card at address aaaa
[    2.791204] mmcblk0: mmc0:aaaa SE32G 29.7 GiB
[    2.800446]  mmcblk0: p1 p2
[    5.842067] cpsw-switch 4a100000.switch eth0: Link is Up - 100Mbps/Full - flow control off
[    5.871315] IP-Config: Complete:
[    5.874590]      device=eth0, hwaddr=6c:ec:eb:68:de:78, ipaddr=192.168.255.1, mask=255.255.255.0, gw=255.255.255.255
[    5.885234]      host=bbb1, domain=, nis-domain=(none)
[    5.890402]      bootserver=192.168.255.126, rootserver=192.168.255.126, rootpath=
[    5.890814] clk: Disabling unused clocks
[    5.902725] KTAP version 1
[    5.905458] 1..0
[    5.908168] check access for rdinit=/init failed: -2, ignoring
[    5.939550] VFS: Mounted root (nfs filesystem) on device 0:17.
[    5.946597] devtmpfs: mounted
[    5.951063] Freeing unused kernel image (initmem) memory: 1024K
[    5.957854] Run /sbin/init as init process
[    6.632236] systemd[1]: System time before build time, advancing clock.
[    8.161325] random: crng init done
[    8.173898] systemd[1]: systemd 232 running in system mode. (+PAM +AUDIT +SELINUX +IMA +APPARMOR +SMACK +SYSVINIT +UTMP +LIBCRYPTSETUP +GCRYPT +GNUTLS +ACL +XZ +LZ4 +SECCOMP +BLKID +ELFUTILS +KMOD +IDN)
[    8.192995] systemd[1]: Detected architecture arm.

Welcome to [1mDebian GNU/Linux 9 (stretch)[0m!

[    8.224385] systemd[1]: Set hostname to <arm>.
[    9.328094] systemd[1]: syslog.socket: SO_PASSSEC failed: Operation not supported
[    9.336129] systemd[1]: Listening on Syslog Socket.
[[0;32m  OK  [0m] Listening on Syslog Socket.
[    9.363236] systemd[1]: Listening on udev Control Socket.
[[0;32m  OK  [0m] Listening on udev Control Socket.
[    9.393032] systemd[1]: Set up automount Arbitrary Executable File Formats File System Automount Point.
[[0;32m  OK  [0m] Set up automount Arbitrary Executabâ€¦rmats File System Automount Point.
[    9.421787] systemd[1]: Reached target Swap.
[[0;32m  OK  [0m] Reached target Swap.
[    9.442264] systemd[1]: Started Forward Password Requests to Wall Directory Watch.
[[0;32m  OK  [0m] Started Forward Password Requests to Wall Directory Watch.
[    9.471926] systemd[1]: Listening on udev Kernel Socket.
[[0;32m  OK  [0m] Listening on udev Kernel Socket.
[[0;32m  OK  [0m] Listening on Journal Socket.
[[0;32m  OK  [0m] Started Dispatch Password Requests to Console Directory Watch.
[[0;32m  OK  [0m] Listening on /dev/initctl Compatibility Named Pipe.
[[0;32m  OK  [0m] Reached target Encrypted Volumes.
[[0;32m  OK  [0m] Listening on Journal Socket (/dev/log).
[[0;32m  OK  [0m] Created slice System Slice.
[[0;32m  OK  [0m] Created slice system-serial\x2dgetty.slice.
         Mounting Debug File System...
[[0;32m  OK  [0m] Created slice system-getty.slice.
[[0;32m  OK  [0m] Listening on Journal Audit Socket.
         Starting Journal Service...
         Starting Load Kernel Modules...
[[0;32m  OK  [0m] Reached target Paths.
         Starting Create list of required stâ€¦ce nodes for the current kernel...
         Mounting POSIX Message Queue File System...
[[0;32m  OK  [0m] Reached target Remote File Systems.
[[0;32m  OK  [0m] Created slice User and Session Slice.
[[0;32m  OK  [0m] Reached target Slices.
         Starting Remount Root and Kernel File Systems...
[[0;32m  OK  [0m] Mounted Debug File System.
[[0;32m  OK  [0m] Started Create list of required staâ€¦vice nodes for the current kernel.
[[0;32m  OK  [0m] Mounted POSIX Message Queue File System.
         Starting Create Static Device Nodes in /dev...
[[0;32m  OK  [0m] Started Load Kernel Modules.
         Mounting Configuration File System...
         Starting Apply Kernel Variables...
[[0;32m  OK  [0m] Started Remount Root and Kernel File Systems.
         Starting Load/Save Random Seed...
         Starting udev Coldplug all Devices...
[[0;32m  OK  [0m] Mounted Configuration File System.
[[0;32m  OK  [0m] Started Apply Kernel Variables.
[[0;32m  OK  [0m] Started Load/Save Random Seed.
[[0;32m  OK  [0m] Started Create Static Device Nodes in /dev.
[[0;32m  OK  [0m] Reached target Local File Systems (Pre).
[[0;32m  OK  [0m] Reached target Local File Systems.
         Starting Raise network interfaces...
         Starting udev Kernel Device Manager...
[[0;32m  OK  [0m] Started Journal Service.
         Starting Flush Journal to Persistent Storage...
[   11.704466] systemd-journald[82]: Received request to flush runtime journal from PID 1
[[0;32m  OK  [0m] Started Flush Journal to Persistent Storage.
         Starting Create Volatile Files and Directories...
[[0;32m  OK  [0m] Started udev Kernel Device Manager.
[   12.648400] omap_prm 44e00d00.prm: sync_state() pending due to 44d00000.cpu
[[0;32m  OK  [0m] Started Create Volatile Files and Directories.
         Starting Network Time Synchronization...
         Starting Update UTMP about System Boot/Shutdown...
[[0;32m  OK  [0m] Started Update UTMP about System Boot/Shutdown.
[[0;32m  OK  [0m] Started udev Coldplug all Devices.
[[0;32m  OK  [0m] Started Network Time Synchronization.
[[0;32m  OK  [0m] Reached target System Time Synchronized.
[[0;32m  OK  [0m] Reached target System Initialization.
[[0;32m  OK  [0m] Listening on D-Bus System Message Bus Socket.
[[0;32m  OK  [0m] Started Daily apt download activities.
[[0;32m  OK  [0m] Listening on Avahi mDNS/DNS-SD Stack Activation Socket.
[[0;32m  OK  [0m] Reached target Sockets.
[   15.059829] remoteproc remoteproc0: wkup_m3 is available
[[0;32m  OK  [0m] Reached target Basic System.
         Starting Generic Board Startup...
[   15.227166] at24 2-0054: supply vcc not found, using dummy regulator
[[0;32m  OK  [0m] Started Regular background program processin[   15.395827] at24 2-0055: supply vcc not found, using dummy regulator
g daemon.
[[0;32m  OK  [0m] Started D-Bus System Message Bus.
[   15.584190] at24 2-0056: supply vcc not found, using dummy regulator
[   15.679927] at24 2-0057: supply vcc not found, using dummy regulator
[   15.757827] at24 0-0050: 32768 byte 24c256 EEPROM, writable, 1 bytes/write
[   16.043293] omap_rtc 44e3e000.rtc: registered as rtc0
[   16.048476] omap_rtc 44e3e000.rtc: setting system clock to 2000-01-01T00:00:00 UTC (946684800)
[   16.149678] input: tps65217_pwrbutton as /devices/platform/ocp/44c00000.interconnect/44c00000.interconnect:segment@200000/44e0b000.target-module/44e0b000.i2c/i2c-0/0-0024/tps65217-pwrbutton/input/input0
[   16.323466] omap_wdt: OMAP Watchdog Timer Rev 0x01: initial timeout 60 sec
[   16.439622] am335x-phy-driver 47401300.usb-phy: dummy supplies not allowed for exclusive requests (id=vbus)
[   16.593812] am335x-phy-driver 47401b00.usb-phy: dummy supplies not allowed for exclusive requests (id=vbus)
[   17.162051] usbcore: registered new interface driver usbfs
[   17.167690] usbcore: registered new interface driver hub
[   17.173263] usbcore: registered new device driver usb
[   17.472251] tda998x 0-0070: found TDA19988
[   17.828888] musb-hdrc musb-hdrc.1: MUSB HDRC host driver
[   17.834469] musb-hdrc musb-hdrc.1: new USB bus registered, assigned bus number 1
[   17.950900] omap-mailbox 480c8000.mailbox: omap mailbox rev 0x400
[   18.015591] remoteproc remoteproc0: powering up wkup_m3
[   18.067333] usb usb1: New USB device found, idVendor=1d6b, idProduct=0002, bcdDevice= 6.17
[   18.075939] usb usb1: New USB device strings: Mfr=3, Product=2, SerialNumber=1
[   18.083349] usb usb1: Product: MUSB HDRC host driver
[   18.088347] usb usb1: Manufacturer: Linux 6.17.0-rc2-next-20250821 musb-hcd
[   18.095395] usb usb1: SerialNumber: musb-hdrc.1
[   18.122988] remoteproc remoteproc0: Direct firmware load for am335x-pm-firmware.elf failed with error -2
[   18.132926] remoteproc remoteproc0: request_firmware failed: -2
[   18.139092] wkup_m3_ipc 44e11324.wkup_m3_ipc: rproc_boot failed
[   18.533089] hub 1-0:1.0: USB hub found
[   18.549902] hub 1-0:1.0: 1 port detected
         Starting Connection service...
         Starting Cape Manager Service...
         Starting DUN service...
         Starting Avahi mDNS/DNS-SD Stack...
         Starting System Logging Service...
         Starting Telephony service...
[   20.879537] omap_rng 48310000.rng: Random Number Generator ver. 20
         Starting LSB: Start busybox udhcpd at boot time...
[   21.052268] tilcdc 4830e000.lcdc: bound 0-0070 (ops tda998x_audio_codec_init [tda998x])
[[0;32m  OK  [0m] Started Daily apt upgrade and clean activities.
[   21.198111] [drm] Initialized tilcdc 1.0.0 for 4830e000.lcdc on minor 0
         Starting Login Service...
[   21.310559] tilcdc 4830e000.lcdc: [drm] Cannot find any crtc or sizes
[   21.319764] tilcdc 4830e000.lcdc: [drm] Cannot find any crtc or sizes
         Starting LSB: Load kernel modules needed to enable cpufreq scaling...
[[0;32m  OK  [0m] Started Daily Cleanup of Temporary Directories.
[[0;32m  OK  [0m] Reached target Timers.
[   22.468645] PM: Cannot get wkup_m3_ipc handle
[[0;32m  OK  [0m] Found device /dev/ttyS0.
[[0;32m  OK  [0m] Started Cape Manager Service.
[   22.868923] omap-sham 53100000.sham: hw accel on OMAP rev 4.3
[   23.005640] omap-aes 53500000.aes: OMAP AES hw accel rev: 3.2
[   23.077462] omap-sham 53100000.sham: will run requests pump with realtime priority
[   23.087072] PM: Cannot get wkup_m3_ipc handle
[   23.140846] omap-aes 53500000.aes: will run requests pump with realtime priority
[   23.151858] PM: Cannot get wkup_m3_ipc handle
[[0;32m  OK  [0m] Started System Logging Service.
[   24.401935] ------------[ cut here ]------------
[   24.406632] WARNING: net/8021q/vlan_core.c:236 at vlan_for_each+0x114/0x134, CPU#0: avahi-daemon/302
[   24.415915] RTNL: assertion failed at net/8021q/vlan_core.c (236)
[   24.422067] Modules linked in: ecdh_generic ecc snd_soc_simple_card snd_soc_simple_card_utils omap_aes_driver omap_sham omap_crypto libaes crypto_engine pm33xx ti_emif_sram tilcdc omap_rng rng_core drm_dma_helper drm_client_lib snd_soc_davinci_mcasp snd_soc_ti_udma snd_soc_ti_edma snd_soc_ti_sdma snd_soc_core snd_pcm_dmaengine snd_pcm snd_timer omap_mailbox snd musb_dsps soundcore musb_hdrc udc_core tda998x cec usbcore drm_kms_helper phy_am335x phy_generic omap_wdt usb_common drm cppi41 watchdog wkup_m3_ipc tps65218_pwrbutton rtc_omap drm_panel_orientation_quirks at24 phy_am335x_control wkup_m3_rproc leds_gpio led_class cpufreq_dt autofs4
[   24.479238] CPU: 0 UID: 107 PID: 302 Comm: avahi-daemon Not tainted 6.17.0-rc2-next-20250821 #1 NONE 
[   24.479256] Hardware name: Generic AM33XX (Flattened Device Tree)
[   24.479265] Call trace: 
[   24.479281]  unwind_backtrace from show_stack+0x10/0x14
[   24.479316]  show_stack from dump_stack_lvl+0x50/0x64
[   24.479341]  dump_stack_lvl from __warn+0x88/0x148
[   24.479359]  __warn from warn_slowpath_fmt+0x19c/0x1b0
[   24.479372]  warn_slowpath_fmt from vlan_for_each+0x114/0x134
[   24.479393]  vlan_for_each from cpsw_add_mc_addr+0x40/0xa4
[   24.479422]  cpsw_add_mc_addr from __hw_addr_ref_sync_dev+0x108/0x140
[   24.479454]  __hw_addr_ref_sync_dev from __dev_mc_add+0x7c/0x80
[   24.479478]  __dev_mc_add from igmp6_group_added+0xc8/0xe0
[   24.479509]  igmp6_group_added from __ipv6_dev_mc_inc+0x218/0x364
[   24.479527]  __ipv6_dev_mc_inc from __ipv6_sock_mc_join+0x11c/0x214
[   24.479546]  __ipv6_sock_mc_join from do_ipv6_setsockopt+0x1214/0x1310
[   24.479579]  do_ipv6_setsockopt from ipv6_setsockopt+0x60/0xcc
[   24.479602]  ipv6_setsockopt from udpv6_setsockopt+0x2c/0x6c
[   24.479621]  udpv6_setsockopt from sock_common_setsockopt+0x30/0x40
[   24.479651]  sock_common_setsockopt from do_sock_setsockopt+0x50/0x9c
[   24.479674]  do_sock_setsockopt from __sys_setsockopt+0x70/0xbc
[   24.479694]  __sys_setsockopt from ret_fast_syscall+0x0/0x58
[   24.479711] Exception stack(0xe0305fa8 to 0xe0305ff0)
[   24.479725] 5fa0:                   00000014 b6fc8ce8 0000000d 00000029 00000014 befec9ec
[   24.479737] 5fc0: 00000014 b6fc8ce8 00000014 00000126 0000000d b6f71ff4 0050e988 004f6558
[   24.479746] 5fe0: b6f87088 befec9d8 b6f64309 b6e3b41a
[   24.479753] ---[ end trace 0000000000000000 ]---
[   25.230024] Bluetooth: Core ver 2.22
[   25.234065] NET: Registered PF_BLUETOOTH protocol family
[   25.239416] Bluetooth: HCI device and connection manager initialized
[   25.245916] Bluetooth: HCI socket layer initialized
[   25.250831] Bluetooth: L2CAP socket layer initialized
[   25.255989] Bluetooth: SCO socket layer initialized
[   26.330372] gpio-537 (nxp,calib): gpiod_direction_output_nonotify: tried to set a GPIO tied to an IRQ as output
[   26.500932] PM: Cannot get wkup_m3_ipc handle
[   26.626444] tda9950 0-0034: TDA9950 CEC interface, hardware version 3.3
[   26.662574] PM: Cannot get wkup_m3_ipc handle
[   26.752579] PM: Cannot get wkup_m3_ipc handle
[[0;32m  OK  [0m] Started Raise network interfaces.
[[0;32m  OK  [0m] Started LSB: Start busybox udhcpd at boot time.
[   28.882124] configfs-gadget.g_multi gadget.0: HOST MAC 1c:ba:8c:a2:ed:6c
[   28.888907] configfs-gadget.g_multi gadget.0: MAC 1c:ba:8c:a2:ed:70
[   28.896232] configfs-gadget.g_multi gadget.0: HOST MAC 1c:ba:8c:a2:ed:6c
[   28.903077] configfs-gadget.g_multi gadget.0: MAC 1c:ba:8c:a2:ed:6d
[   28.916731] PM: Cannot get wkup_m3_ipc handle
[[0;32m  OK  [0m] Started LSB: Load kernel modules needed to enable cpufreq scaling.
[[0;32m  OK  [0m] Started DUN service.
[[0;32m  OK  [0m] Started Telephony service.
[[0;32m  OK  [0m] Started Avahi mDNS/DNS-SD Stack.
[[0;32m  OK  [0m] Started Connection service.
[[0;32m  OK  [0m] Started Login Service.
         Starting Hostname Service...
         Starting WPA supplicant...
[[0;32m  OK  [0m] Reached target Sound Card.
         Starting LSB: set CPUFreq kernel parameters...
[[0;32m  OK  [0m] Started WPA supplicant.
[[0;32m  OK  [0m] Started Hostname Service.
         Stopping LSB: Start busybox udhcpd at boot time...
[[0;32m  OK  [0m] Reached target Network.
         Starting The Apache HTTP Server...
[[0;32m  OK  [0m] Reached target Network is Online.
         Starting LSB: Advanced IEEE 802.11 management daemon...
         Starting Permit User Sessions...
         Starting OpenBSD Secure Shell server...
[[0;32m  OK  [0m] Started LSB: set CPUFreq kernel parameters.
[[0;32m  OK  [0m] Started LSB: Advanced IEEE 802.11 management daemon.
[[0;32m  OK  [0m] Started Permit User Sessions.
[[0;32m  OK  [0m] Started Serial Getty on ttyS0.
[[0;32m  OK  [0m] Started Getty on tty1.
[[0;32m  OK  [0m] Reached target Login Prompts.
[[0;32m  OK  [0m] Stopped LSB: Start busybox udhcpd at boot time.
         Starting dnsmasq - A lightweight DHCP and caching DNS server...
[[0;32m  OK  [0m] Started OpenBSD Secure Shell server.
[[0;32m  OK  [0m] Started The Apache HTTP Server.
[[0;32m  OK  [0m] Started dnsmasq - A lightweight DHCP and caching DNS server.
[[0;32m  OK  [0m] Reached target Host and Network Name Lookups.
[[0;32m  OK  [0m] Started Serial Getty on ttyGS0.
[[0;32m  OK  [0m] Started Generic Board Startup.
[[0;32m  OK  [0m] Reached target Multi-User System.
[[0;32m  OK  [0m] Reached target Graphical Interface.
         Starting Update UTMP about System Runlevel Changes...
[[0;32m  OK  [0m] Started Update UTMP about System Runlevel Changes.

Debian GNU/Linux 9 arm ttyS0

default username:password is [debian:temppwd]

arm login: root
Password: 
Last login: Sat Dec  9 19:10:30 UTC 2017 on ttyS0
root
Linux arm 6.17.0-rc2-next-20250821 #1 SMP Thu Aug 21 10:15:59 EEST 2025 armv7l

The programs included with the Debian GNU/Linux system are free software;
the exact distribution terms for each program are described in the
individual files in /usr/share/doc/*/copyright.

Debian GNU/Linux comes with ABSOLUTELY NO WARRANTY, to the extent
permitted by applicable law.
root@arm:~# root
-bash: root: command not found
root@arm:~# dmesg -n 1
root@arm:~# echo 'JGWB''XBMLOQ'
JGWBXBMLOQ
root@arm:~# run() { echo -n "$MARKER"; sh -c "$@"; echo "$MARKER $?"; }
root@arm:~# echo 'LJHB''CJFOVH'
LJHBCJFOVH
root@arm:~# MARKER='BVHS''HPBHUX' run 'cat /proc/version'
BVHSHPBHUXLinux version 6.17.0-rc2-next-20250821 (user01@drvtest01) (arm-none-eabi-gcc (Arm GNU Toolchain 14.2.Rel1 (Build arm-14.52)) 14.2.1 20241119, GNU ld (Arm GNU Toolchain 14.2.Rel1 (Build arm-14.52)) 2.43.1.20241119) #1 SMP Thu Aug 21 10:15:59 EEST 2025
BVHSHPBHUX 0
root@arm:~# echo 'UUQK''BGPGWV'
UUQKBGPGWV
root@arm:~# MARKER='XNJP''UZSKOV' run false
XNJPUZSKOVXNJPUZSKOV 1
root@arm:~# Labgrid Console Logfile for main
Logfile started at 2025-08-21 10:21:59.873949
=== Log starts here ===

root@arm:~# run() { echo -n "$MARKER"; sh -c "$@"; echo "$MARKER $?"; }
root@arm:~# echo 'JVJA''HBQUAK'
JVJAHBQUAK
root@arm:~# MARKER='FXBU''LUPPCY' run 'ls /iio_generic_buffer; echo $?'
FXBULUPPCY/iio_generic_buffer
0
FXBULUPPCY 0
root@arm:~# Labgrid Console Logfile for main
Logfile started at 2025-08-21 10:22:03.393419
=== Log starts here ===

root@arm:~# run() { echo -n "$MARKER"; sh -c "$@"; echo "$MARKER $?"; }
root@arm:~# echo 'EEUA''GJBFBH'
EEUAGJBFBH
root@arm:~# MARKER='SWJZ''WGJFYF' run dmesg
SWJZWGJFYF[    0.000000] Booting Linux on physical CPU 0x0
[    0.000000] Linux version 6.17.0-rc2-next-20250821 (user01@drvtest01) (arm-none-eabi-gcc (Arm GNU Toolchain 14.2.Rel1 (Build arm-14.52)) 14.2.1 20241119, GNU ld (Arm GNU Toolchain 14.2.Rel1 (Build arm-14.52)) 2.43.1.20241119) #1 SMP Thu Aug 21 10:15:59 EEST 2025
[    0.000000] CPU: ARMv7 Processor [413fc082] revision 2 (ARMv7), cr=10c5387d
[    0.000000] CPU: PIPT / VIPT nonaliasing data cache, VIPT aliasing instruction cache
[    0.000000] OF: fdt: Machine model: TI AM335x BeagleBone Black
[    0.000000] Memory policy: Data cache writeback
[    0.000000] cma: Reserved 16 MiB at 0x9e800000
[    0.000000] Zone ranges:
[    0.000000]   Normal   [mem 0x0000000080000000-0x000000009fdfffff]
[    0.000000]   HighMem  empty
[    0.000000] Movable zone start for each node
[    0.000000] Early memory node ranges
[    0.000000]   node   0: [mem 0x0000000080000000-0x000000009fdfffff]
[    0.000000] Initmem setup node 0 [mem 0x0000000080000000-0x000000009fdfffff]
[    0.000000] On node 0, zone Normal: 512 pages in unavailable ranges
[    0.000000] OF: reserved mem: Reserved memory: No reserved-memory node in the DT
[    0.000000] CPU: All CPU(s) started in SVC mode.
[    0.000000] AM335X ES2.1 (sgx neon)
[    0.000000] percpu: Embedded 17 pages/cpu s39820 r8192 d21620 u69632
[    0.000000] pcpu-alloc: s39820 r8192 d21620 u69632 alloc=17*4096
[    0.000000] pcpu-alloc: [0] 0 
[    0.000000] Kernel command line: console=ttyO0,115200n8 root=/dev/nfs rw nfsroot=192.168.255.126:/home/user01/nfs,nfsvers=3 ip=192.168.255.1:192.168.255.126::255.255.255.0:bbb1:eth0 nfsrootdebug
[    0.000000] Unknown kernel command line parameters "nfsrootdebug", will be passed to user space.
[    0.000000] printk: log buffer data + meta data: 65536 + 204800 = 270336 bytes
[    0.000000] Dentry cache hash table entries: 65536 (order: 6, 262144 bytes, linear)
[    0.000000] Inode-cache hash table entries: 32768 (order: 5, 131072 bytes, linear)
[    0.000000] Built 1 zonelists, mobility grouping on.  Total pages: 130560
[    0.000000] mem auto-init: stack:off, heap alloc:off, heap free:off
[    0.000000] SLUB: HWalign=16, Order=0-3, MinObjects=0, CPUs=1, Nodes=1
[    0.000000] rcu: Hierarchical RCU implementation.
[    0.000000] rcu: 	RCU event tracing is enabled.
[    0.000000] rcu: 	RCU restricting CPUs from NR_CPUS=2 to nr_cpu_ids=1.
[    0.000000] 	Tracing variant of Tasks RCU enabled.
[    0.000000] rcu: RCU calculated value of scheduler-enlistment delay is 10 jiffies.
[    0.000000] rcu: Adjusting geometry for rcu_fanout_leaf=16, nr_cpu_ids=1
[    0.000000] RCU Tasks Trace: Setting shift to 0 and lim to 1 rcu_task_cb_adjust=1 rcu_task_cpu_ids=1.
[    0.000000] NR_IRQS: 16, nr_irqs: 16, preallocated irqs: 16
[    0.000000] IRQ: Found an INTC at 0x(ptrval) (revision 5.0) with 128 interrupts
[    0.000000] rcu: srcu_init: Setting srcu_struct sizes based on contention.
[    0.000000] TI gptimer clocksource: always-on /ocp/interconnect@44c00000/segment@200000/target-module@31000
[    0.000003] sched_clock: 32 bits at 24MHz, resolution 41ns, wraps every 89478484971ns
[    0.000026] clocksource: dmtimer: mask: 0xffffffff max_cycles: 0xffffffff, max_idle_ns: 79635851949 ns
[    0.000521] TI gptimer clockevent: 24000000 Hz at /ocp/interconnect@48000000/segment@0/target-module@40000
[    0.002095] Console: colour dummy device 80x30
[    0.002160] WARNING: Your 'console=ttyO0' has been replaced by 'ttyS0'
[    0.002167] This ensures that you still see kernel messages. Please
[    0.002172] update your kernel commandline.
[    0.002216] Calibrating delay loop... 996.14 BogoMIPS (lpj=4980736)
[    0.090568] CPU: Testing write buffer coherency: ok
[    0.090679] CPU0: Spectre v2: using BPIALL workaround
[    0.090690] pid_max: default: 32768 minimum: 301
[    0.090851] LSM: initializing lsm=capability
[    0.091018] Mount-cache hash table entries: 1024 (order: 0, 4096 bytes, linear)
[    0.091038] Mountpoint-cache hash table entries: 1024 (order: 0, 4096 bytes, linear)
[    0.092614] CPU0: thread -1, cpu 0, socket -1, mpidr 0
[    0.092671] cacheinfo: Unable to detect cache hierarchy for CPU 0
[    0.094645] Setting up static identity map for 0x80100000 - 0x80100078
[    0.094956] rcu: Hierarchical SRCU implementation.
[    0.094966] rcu: 	Max phase no-delay instances is 1000.
[    0.096672] smp: Bringing up secondary CPUs ...
[    0.096726] smp: Brought up 1 node, 1 CPU
[    0.096738] SMP: Total of 1 processors activated (996.14 BogoMIPS).
[    0.096750] CPU: All CPU(s) started in SVC mode.
[    0.096953] Memory: 480880K/522240K available (11264K kernel code, 1219K rwdata, 2936K rodata, 1024K init, 253K bss, 23328K reserved, 16384K cma-reserved, 0K highmem)
[    0.097779] devtmpfs: initialized
[    0.115123] VFP support v0.3: implementor 41 architecture 3 part 30 variant c rev 3
[    0.115750] clocksource: jiffies: mask: 0xffffffff max_cycles: 0xffffffff, max_idle_ns: 19112604462750000 ns
[    0.115806] posixtimers hash table entries: 512 (order: 0, 4096 bytes, linear)
[    0.115832] futex hash table entries: 256 (16384 bytes on 1 NUMA nodes, total 16 KiB, linear).
[    0.116963] pinctrl core: initialized pinctrl subsystem
[    0.119122] NET: Registered PF_NETLINK/PF_ROUTE protocol family
[    0.122262] DMA: preallocated 256 KiB pool for atomic coherent allocations
[    0.122872] audit: initializing netlink subsys (disabled)
[    0.124192] thermal_sys: Registered thermal governor 'fair_share'
[    0.124206] thermal_sys: Registered thermal governor 'step_wise'
[    0.124216] thermal_sys: Registered thermal governor 'user_space'
[    0.124327] audit: type=2000 audit(0.120:1): state=initialized audit_enabled=0 res=1
[    0.124394] cpuidle: using governor menu
[    0.142255] /ocp/interconnect@44c00000/segment@200000/target-module@b000/i2c@0/tda19988@70: Fixed dependency cycle(s) with /ocp/interconnect@48000000/segment@300000/target-module@e000/lcdc@0
[    0.143378] /ocp/interconnect@48000000/segment@300000/target-module@e000/lcdc@0: Fixed dependency cycle(s) with /ocp/interconnect@44c00000/segment@200000/target-module@b000/i2c@0/tda19988@70
[    0.145580] No ATAGs?
[    0.145623] hw-breakpoint: debug architecture 0x4 unsupported.
[    0.148729] kprobes: kprobe jump-optimization is enabled. All kprobes are optimized if possible.
[    0.153731] iommu: Default domain type: Translated
[    0.153753] iommu: DMA domain TLB invalidation policy: strict mode
[    0.155307] reg-fixed-voltage fixedregulator0: using DT '/fixedregulator0' for '(default)' GPIO lookup
[    0.155361] of_get_named_gpiod_flags: can't parse 'gpios' property of node '/fixedregulator0[0]'
[    0.155389] of_get_named_gpiod_flags: can't parse 'gpio' property of node '/fixedregulator0[0]'
[    0.155405] reg-fixed-voltage fixedregulator0: using lookup tables for GPIO lookup
[    0.155416] reg-fixed-voltage fixedregulator0: No GPIO consumer (default) found
[    0.161565] SCSI subsystem initialized
[    0.162046] libata version 3.00 loaded.
[    0.162428] pps_core: LinuxPPS API ver. 1 registered
[    0.162439] pps_core: Software ver. 5.3.6 - Copyright 2005-2007 Rodolfo Giometti <giometti@linux.it>
[    0.162463] PTP clock support registered
[    0.170923] vgaarb: loaded
[    0.171306] clocksource: Switched to clocksource dmtimer
[    0.171979] VFS: Disk quotas dquot_6.6.0
[    0.172041] VFS: Dquot-cache hash table entries: 1024 (order 0, 4096 bytes)
[    0.194998] NET: Registered PF_INET protocol family
[    0.195349] IP idents hash table entries: 8192 (order: 4, 65536 bytes, linear)
[    0.196774] tcp_listen_portaddr_hash hash table entries: 512 (order: 0, 4096 bytes, linear)
[    0.196811] Table-perturb hash table entries: 65536 (order: 6, 262144 bytes, linear)
[    0.196829] TCP established hash table entries: 4096 (order: 2, 16384 bytes, linear)
[    0.196875] TCP bind hash table entries: 4096 (order: 4, 65536 bytes, linear)
[    0.196975] TCP: Hash tables configured (established 4096 bind 4096)
[    0.197095] UDP hash table entries: 256 (order: 1, 14336 bytes, linear)
[    0.197130] UDP-Lite hash table entries: 256 (order: 1, 14336 bytes, linear)
[    0.197326] NET: Registered PF_UNIX/PF_LOCAL protocol family
[    0.198590] RPC: Registered named UNIX socket transport module.
[    0.198613] RPC: Registered udp transport module.
[    0.198618] RPC: Registered tcp transport module.
[    0.198623] RPC: Registered tcp-with-tls transport module.
[    0.198628] RPC: Registered tcp NFSv4.1 backchannel transport module.
[    0.198651] PCI: CLS 0 bytes, default 64
[    0.200057] Initialise system trusted keyrings
[    0.211589] workingset: timestamp_bits=14 max_order=17 bucket_order=3
[    0.213026] NFS: Registering the id_resolver key type
[    0.213088] Key type id_resolver registered
[    0.213096] Key type id_legacy registered
[    0.213205] jffs2: version 2.2. (NAND) (SUMMARY)  Â© 2001-2006 Red Hat, Inc.
[    0.213661] Key type asymmetric registered
[    0.213678] Asymmetric key parser 'x509' registered
[    0.213752] io scheduler mq-deadline registered
[    0.213762] io scheduler kyber registered
[    0.213841] io scheduler bfq registered
[    0.215741] target-module@4b000000:target-module@140000:pmu@0:fck: device ID is greater than 24
[    0.221944] l3-aon-clkctrl:0000:0: failed to disable
[    0.222217] ledtrig-cpu: registered to indicate activity on CPUs
[    0.231953] Serial: 8250/16550 driver, 6 ports, IRQ sharing enabled
[    0.273005] brd: module loaded
[    0.291160] loop: module loaded
[    0.292250] mtdoops: mtd device (mtddev=name/number) must be supplied
[    0.293824] mdio_bus fixed-0: using lookup tables for GPIO lookup
[    0.293850] mdio_bus fixed-0: No GPIO consumer reset found
[    0.295247] i2c_dev: i2c /dev entries driver
[    0.296277] cpuidle: enable-method property 'ti,am3352' found operations
[    0.296736] sdhci: Secure Digital Host Controller Interface driver
[    0.296745] sdhci: Copyright(c) Pierre Ossman
[    0.296931] sdhci-pltfm: SDHCI platform and OF driver helper
[    0.301751] hw perfevents: enabled with armv7_cortex_a8 PMU driver, 5 (8000000f) counters available
[    0.302300] Initializing XFRM netlink socket
[    0.302478] NET: Registered PF_INET6 protocol family
[    0.308142] l3-aon-clkctrl:0000:0: failed to disable
[    0.312850] Segment Routing with IPv6
[    0.312935] In-situ OAM (IOAM) with IPv6
[    0.313031] sit: IPv6, IPv4 and MPLS over IPv4 tunneling driver
[    0.313996] NET: Registered PF_PACKET protocol family
[    0.314024] NET: Registered PF_KEY protocol family
[    0.314218] Key type dns_resolver registered
[    0.314450] ThumbEE CPU extension supported.
[    0.314469] Registering SWP/SWPB emulation handler
[    0.314995] omap_voltage_late_init: Voltage driver support not added
[    0.315668] SmartReflex Class3 initialized
[    0.352764] Loading compiled-in X.509 certificates
[    0.388835] /ocp/interconnect@44c00000/segment@200000/target-module@b000/i2c@0/tda19988@70: Fixed dependency cycle(s) with /ocp/interconnect@48000000/segment@300000/target-module@e000/lcdc@0
[    0.395475] /ocp/interconnect@44c00000/segment@200000/target-module@b000/i2c@0/tda19988@70: Fixed dependency cycle(s) with /ocp/interconnect@48000000/segment@300000/target-module@e000/lcdc@0
[    0.401001] gpiochip_find_base_unlocked: found new base at 512
[    0.420739] /ocp/interconnect@44c00000/segment@200000/target-module@b000/i2c@0/tda19988@70: Fixed dependency cycle(s) with /ocp/interconnect@48000000/segment@300000/target-module@e000/lcdc@0
[    0.421894] /ocp/interconnect@44c00000/segment@200000/target-module@b000/i2c@0/tda19988@70: Fixed dependency cycle(s) with /ocp/interconnect@48000000/segment@300000/target-module@e000/lcdc@0
[    0.425496] /ocp/interconnect@44c00000/segment@200000/target-module@10000/scm@0/pinmux@800: Fixed dependency cycle(s) with /ocp/interconnect@44c00000/segment@200000/target-module@10000/scm@0/pinmux@800/clkout2-pins
[    0.426085] pinctrl-single 44e10800.pinmux: 142 pins, size 568
[    0.431568] ti-sysc 44e31000.target-module: probe with driver ti-sysc failed with error -16
[    0.478457] /ocp/interconnect@48000000/segment@300000/target-module@e000/lcdc@0: Fixed dependency cycle(s) with /ocp/interconnect@44c00000/segment@200000/target-module@b000/i2c@0/tda19988@70
[    0.486862] ti-sysc 48040000.target-module: probe with driver ti-sysc failed with error -16
[    0.498499] gpiochip_find_base_unlocked: found new base at 512
[    0.498602] gpio gpiochip0: (gpio-0-31): created GPIO range 0->7 ==> 44e10800.pinmux PIN 0->7
[    0.498621] gpio gpiochip0: (gpio-0-31): created GPIO range 8->11 ==> 44e10800.pinmux PIN 90->93
[    0.498637] gpio gpiochip0: (gpio-0-31): created GPIO range 12->27 ==> 44e10800.pinmux PIN 12->27
[    0.498652] gpio gpiochip0: (gpio-0-31): created GPIO range 28->31 ==> 44e10800.pinmux PIN 30->33
[    0.523350] gpio gpiochip0: (gpio-0-31): added GPIO chardev (254:0)
[    0.523568] gpio gpiochip0: registered GPIOs 512 to 543 on gpio-0-31
[    0.523651] OMAP GPIO hardware version 0.1
[    0.558155] i2c i2c-2: using DT '/ocp/interconnect@48000000/segment@100000/target-module@9c000/i2c@0' for 'scl' GPIO lookup
[    0.558232] of_get_named_gpiod_flags: can't parse 'scl-gpios' property of node '/ocp/interconnect@48000000/segment@100000/target-module@9c000/i2c@0[0]'
[    0.558273] of_get_named_gpiod_flags: can't parse 'scl-gpio' property of node '/ocp/interconnect@48000000/segment@100000/target-module@9c000/i2c@0[0]'
[    0.558308] i2c i2c-2: using lookup tables for GPIO lookup
[    0.558318] i2c i2c-2: No GPIO consumer scl found
[    0.558340] i2c i2c-2: using DT '/ocp/interconnect@48000000/segment@100000/target-module@9c000/i2c@0' for 'sda' GPIO lookup
[    0.558375] of_get_named_gpiod_flags: can't parse 'sda-gpios' property of node '/ocp/interconnect@48000000/segment@100000/target-module@9c000/i2c@0[0]'
[    0.558411] of_get_named_gpiod_flags: can't parse 'sda-gpio' property of node '/ocp/interconnect@48000000/segment@100000/target-module@9c000/i2c@0[0]'
[    0.558441] i2c i2c-2: using lookup tables for GPIO lookup
[    0.558448] i2c i2c-2: No GPIO consumer sda found
[    0.559163] omap_i2c 4819c000.i2c: bus 2 rev0.11 at 100 kHz
[    0.565066] gpiochip_find_base_unlocked: found new base at 544
[    0.565168] gpio gpiochip1: (gpio-32-63): created GPIO range 0->17 ==> 44e10800.pinmux PIN 34->51
[    0.565189] gpio gpiochip1: (gpio-32-63): created GPIO range 18->21 ==> 44e10800.pinmux PIN 77->80
[    0.565205] gpio gpiochip1: (gpio-32-63): created GPIO range 22->31 ==> 44e10800.pinmux PIN 56->65
[    0.578391] gpio gpiochip1: (gpio-32-63): added GPIO chardev (254:1)
[    0.578628] gpio gpiochip1: registered GPIOs 544 to 575 on gpio-32-63
[    0.580916] gpiochip_find_base_unlocked: found new base at 576
[    0.581007] gpio gpiochip2: (gpio-64-95): created GPIO range 0->4 ==> 44e10800.pinmux PIN 66->70
[    0.581026] gpio gpiochip2: (gpio-64-95): created GPIO range 5->6 ==> 44e10800.pinmux PIN 98->99
[    0.581049] gpio gpiochip2: (gpio-64-95): created GPIO range 7->8 ==> 44e10800.pinmux PIN 75->76
[    0.581065] gpio gpiochip2: (gpio-64-95): created GPIO range 13->13 ==> 44e10800.pinmux PIN 141->141
[    0.581081] gpio gpiochip2: (gpio-64-95): created GPIO range 14->21 ==> 44e10800.pinmux PIN 100->107
[    0.581924] gpio gpiochip2: (gpio-64-95): added GPIO chardev (254:2)
[    0.582144] gpio gpiochip2: registered GPIOs 576 to 607 on gpio-64-95
[    0.587829] 48000000.interconnect:segment@200000:target-module@0:mpu@0:fck: device ID is greater than 24
[    0.588731] /ocp/interconnect@48000000/segment@300000/target-module@e000/lcdc@0: Fixed dependency cycle(s) with /ocp/interconnect@44c00000/segment@200000/target-module@b000/i2c@0/tda19988@70
[    0.591886] /ocp/interconnect@48000000/segment@300000/target-module@e000/lcdc@0: Fixed dependency cycle(s) with /ocp/interconnect@44c00000/segment@200000/target-module@b000/i2c@0/tda19988@70
[    0.592685] /ocp/interconnect@44c00000/segment@200000/target-module@b000/i2c@0/tda19988@70: Fixed dependency cycle(s) with /ocp/interconnect@48000000/segment@300000/target-module@e000/lcdc@0
[    0.592846] /ocp/interconnect@48000000/segment@300000/target-module@e000/lcdc@0: Fixed dependency cycle(s) with /ocp/interconnect@44c00000/segment@200000/target-module@b000/i2c@0/tda19988@70
[    0.602682] mdio_bus 4a101000.mdio: using DT '/ocp/interconnect@4a000000/segment@0/target-module@100000/switch@0/mdio@1000' for 'reset' GPIO lookup
[    0.602755] of_get_named_gpiod_flags: can't parse 'reset-gpios' property of node '/ocp/interconnect@4a000000/segment@0/target-module@100000/switch@0/mdio@1000[0]'
[    0.602801] of_get_named_gpiod_flags: can't parse 'reset-gpio' property of node '/ocp/interconnect@4a000000/segment@0/target-module@100000/switch@0/mdio@1000[0]'
[    0.602848] mdio_bus 4a101000.mdio: using lookup tables for GPIO lookup
[    0.602858] mdio_bus 4a101000.mdio: No GPIO consumer reset found
[    0.604104] sdhci-omap 481d8000.mmc: using DT '/ocp/interconnect@48000000/segment@100000/target-module@d8000/mmc@0' for 'wp' GPIO lookup
[    0.604170] of_get_named_gpiod_flags: can't parse 'wp-gpios' property of node '/ocp/interconnect@48000000/segment@100000/target-module@d8000/mmc@0[0]'
[    0.604212] of_get_named_gpiod_flags: can't parse 'wp-gpio' property of node '/ocp/interconnect@48000000/segment@100000/target-module@d8000/mmc@0[0]'
[    0.604246] sdhci-omap 481d8000.mmc: using lookup tables for GPIO lookup
[    0.604256] sdhci-omap 481d8000.mmc: No GPIO consumer wp found
[    0.604456] sdhci-omap 481d8000.mmc: supply pbias not found, using dummy regulator
[    0.604945] sdhci-omap 481d8000.mmc: supply vqmmc not found, using dummy regulator
[    0.651530] davinci_mdio 4a101000.mdio: davinci mdio revision 1.6, bus freq 1000000
[    0.673679] mdio_bus 4a101000.mdio:00: using DT '/ocp/interconnect@4a000000/segment@0/target-module@100000/switch@0/mdio@1000/ethernet-phy@0' for 'reset' GPIO lookup
[    0.673778] of_get_named_gpiod_flags: parsed 'reset-gpios' property of node '/ocp/interconnect@4a000000/segment@0/target-module@100000/switch@0/mdio@1000/ethernet-phy@0[0]' - status (0)
[    0.673939] gpio gpiochip0: Persistence not supported for GPIO 8
[    0.793099] davinci_mdio 4a101000.mdio: phy[0]: device 4a101000.mdio:00, driver SMSC LAN8710/LAN8720
[    0.793883] cpsw-switch 4a100000.switch: initialized cpsw ale version 1.4
[    0.793905] cpsw-switch 4a100000.switch: ALE Table size 1024, Policers 0
[    0.794162] cpsw-switch 4a100000.switch: cpts: overflow check period 500 (jiffies)
[    0.794182] cpsw-switch 4a100000.switch: CPTS: ref_clk_freq:250000000 calc_mult:2147483648 calc_shift:29 error:0 nsec/sec
[    0.794288] cpsw-switch 4a100000.switch: Detected MACID = 6c:ec:eb:68:de:78
[    0.796141] cpsw-switch 4a100000.switch: initialized (regs 0x4a100000, pool size 256) hw_ver:0019010C 1.12 (0)
[    0.807303] debugfs: '49000000.dma' already exists in 'dmaengine'
[    0.807348] edma 49000000.dma: TI EDMA DMA engine driver
[    0.845100] gpio-clk clk_mcasp0: using DT '/clk_mcasp0' for 'enable' GPIO lookup
[    0.845178] of_get_named_gpiod_flags: parsed 'enable-gpios' property of node '/clk_mcasp0[0]' - status (0)
[    0.845222] gpio gpiochip0: Persistence not supported for GPIO 27
[    0.846082] gpiochip_find_base_unlocked: found new base at 608
[    0.846197] gpio gpiochip3: (gpio-96-127): created GPIO range 0->7 ==> 44e10800.pinmux PIN 82->89
[    0.846218] gpio gpiochip3: (gpio-96-127): created GPIO range 8->11 ==> 44e10800.pinmux PIN 52->55
[    0.846233] gpio gpiochip3: (gpio-96-127): created GPIO range 12->15 ==> 44e10800.pinmux PIN 94->97
[    0.846249] gpio gpiochip3: (gpio-96-127): created GPIO range 16->17 ==> 44e10800.pinmux PIN 71->72
[    0.846265] gpio gpiochip3: (gpio-96-127): created GPIO range 18->18 ==> 44e10800.pinmux PIN 135->135
[    0.846280] gpio gpiochip3: (gpio-96-127): created GPIO range 19->20 ==> 44e10800.pinmux PIN 108->109
[    0.846297] gpio gpiochip3: (gpio-96-127): created GPIO range 21->21 ==> 44e10800.pinmux PIN 73->73
[    0.846314] gpio gpiochip3: (gpio-96-127): created GPIO range 22->23 ==> 44e10800.pinmux PIN 8->9
[    0.846330] gpio gpiochip3: (gpio-96-127): created GPIO range 26->27 ==> 44e10800.pinmux PIN 10->11
[    0.846347] gpio gpiochip3: (gpio-96-127): created GPIO range 28->28 ==> 44e10800.pinmux PIN 74->74
[    0.846365] gpio gpiochip3: (gpio-96-127): created GPIO range 29->29 ==> 44e10800.pinmux PIN 81->81
[    0.846382] gpio gpiochip3: (gpio-96-127): created GPIO range 30->31 ==> 44e10800.pinmux PIN 28->29
[    0.876279] gpio gpiochip3: (gpio-96-127): added GPIO chardev (254:3)
[    0.876538] gpio gpiochip3: registered GPIOs 608 to 639 on gpio-96-127
[    0.878428] omap8250 44e09000.serial: using DT '/ocp/interconnect@44c00000/segment@200000/target-module@9000/serial@0' for 'rs485-term' GPIO lookup
[    0.878496] of_get_named_gpiod_flags: can't parse 'rs485-term-gpios' property of node '/ocp/interconnect@44c00000/segment@200000/target-module@9000/serial@0[0]'
[    0.878539] of_get_named_gpiod_flags: can't parse 'rs485-term-gpio' property of node '/ocp/interconnect@44c00000/segment@200000/target-module@9000/serial@0[0]'
[    0.878576] omap8250 44e09000.serial: using lookup tables for GPIO lookup
[    0.878586] omap8250 44e09000.serial: No GPIO consumer rs485-term found
[    0.878595] omap8250 44e09000.serial: using DT '/ocp/interconnect@44c00000/segment@200000/target-module@9000/serial@0' for 'rs485-rx-during-tx' GPIO lookup
[    0.878630] of_get_named_gpiod_flags: can't parse 'rs485-rx-during-tx-gpios' property of node '/ocp/interconnect@44c00000/segment@200000/target-module@9000/serial@0[0]'
[    0.878667] of_get_named_gpiod_flags: can't parse 'rs485-rx-during-tx-gpio' property of node '/ocp/interconnect@44c00000/segment@200000/target-module@9000/serial@0[0]'
[    0.878697] omap8250 44e09000.serial: using lookup tables for GPIO lookup
[    0.878705] omap8250 44e09000.serial: No GPIO consumer rs485-rx-during-tx found
[    0.879160] 44e09000.serial: ttyS0 at MMIO 0x44e09000 (irq = 34, base_baud = 3000000) is a 8250
[    0.879251] printk: legacy console [ttyS0] enabled
[    2.425171] i2c i2c-0: using DT '/ocp/interconnect@44c00000/segment@200000/target-module@b000/i2c@0' for 'scl' GPIO lookup
[    2.425258] of_get_named_gpiod_flags: can't parse 'scl-gpios' property of node '/ocp/interconnect@44c00000/segment@200000/target-module@b000/i2c@0[0]'
[    2.425304] of_get_named_gpiod_flags: can't parse 'scl-gpio' property of node '/ocp/interconnect@44c00000/segment@200000/target-module@b000/i2c@0[0]'
[    2.425346] i2c i2c-0: using lookup tables for GPIO lookup
[    2.425360] i2c i2c-0: No GPIO consumer scl found
[    2.425385] i2c i2c-0: using DT '/ocp/interconnect@44c00000/segment@200000/target-module@b000/i2c@0' for 'sda' GPIO lookup
[    2.425426] of_get_named_gpiod_flags: can't parse 'sda-gpios' property of node '/ocp/interconnect@44c00000/segment@200000/target-module@b000/i2c@0[0]'
[    2.425468] of_get_named_gpiod_flags: can't parse 'sda-gpio' property of node '/ocp/interconnect@44c00000/segment@200000/target-module@b000/i2c@0[0]'
[    2.425503] i2c i2c-0: using lookup tables for GPIO lookup
[    2.425514] i2c i2c-0: No GPIO consumer sda found
[    2.442249] tps65217-pmic: Failed to locate of_node [id: -1]
[    2.448321] tps65217-bl: Failed to locate of_node [id: -1]
[    2.454419] platform tps65217-charger: DMA mask not set
[    2.460458] platform tps65217-pwrbutton: DMA mask not set
[    2.467781] tps65217 0-0024: TPS65217 ID 0xe version 1.2
[    2.473917] /ocp/interconnect@48000000/segment@300000/target-module@e000/lcdc@0: Fixed dependency cycle(s) with /ocp/interconnect@44c00000/segment@200000/target-module@b000/i2c@0/tda19988@70
[    2.491327] /ocp/interconnect@44c00000/segment@200000/target-module@b000/i2c@0/tda19988@70: Fixed dependency cycle(s) with /ocp/interconnect@48000000/segment@300000/target-module@e000/lcdc@0
[    2.508680] omap_i2c 44e0b000.i2c: bus 0 rev0.11 at 400 kHz
[    2.516356] sdhci-omap 48060000.mmc: using DT '/ocp/interconnect@48000000/segment@0/target-module@60000/mmc@0' for 'cd' GPIO lookup
[    2.516463] of_get_named_gpiod_flags: parsed 'cd-gpios' property of node '/ocp/interconnect@48000000/segment@0/target-module@60000/mmc@0[0]' - status (0)
[    2.516531] gpio gpiochip3: Persistence not supported for GPIO 6
[    2.516559] omap_gpio 44e07000.gpio: Could not set line 6 debounce to 200000 microseconds (-22)
[    2.525487] sdhci-omap 48060000.mmc: Got CD GPIO
[    2.530142] sdhci-omap 48060000.mmc: using DT '/ocp/interconnect@48000000/segment@0/target-module@60000/mmc@0' for 'wp' GPIO lookup
[    2.530192] of_get_named_gpiod_flags: can't parse 'wp-gpios' property of node '/ocp/interconnect@48000000/segment@0/target-module@60000/mmc@0[0]'
[    2.530236] of_get_named_gpiod_flags: can't parse 'wp-gpio' property of node '/ocp/interconnect@48000000/segment@0/target-module@60000/mmc@0[0]'
[    2.530274] sdhci-omap 48060000.mmc: using lookup tables for GPIO lookup
[    2.530289] sdhci-omap 48060000.mmc: No GPIO consumer wp found
[    2.530499] sdhci-omap 48060000.mmc: supply pbias not found, using dummy regulator
[    2.539324] sdhci-omap 481d8000.mmc: using DT '/ocp/interconnect@48000000/segment@100000/target-module@d8000/mmc@0' for 'wp' GPIO lookup
[    2.539398] of_get_named_gpiod_flags: can't parse 'wp-gpios' property of node '/ocp/interconnect@48000000/segment@100000/target-module@d8000/mmc@0[0]'
[    2.539445] of_get_named_gpiod_flags: can't parse 'wp-gpio' property of node '/ocp/interconnect@48000000/segment@100000/target-module@d8000/mmc@0[0]'
[    2.539484] sdhci-omap 481d8000.mmc: using lookup tables for GPIO lookup
[    2.539497] sdhci-omap 481d8000.mmc: No GPIO consumer wp found
[    2.540535] sdhci-omap 48060000.mmc: supply vqmmc not found, using dummy regulator
[    2.549646] sdhci-omap 481d8000.mmc: supply pbias not found, using dummy regulator
[    2.559153] sdhci-omap 481d8000.mmc: supply vqmmc not found, using dummy regulator
[    2.595007] mmc0: SDHCI controller on 48060000.mmc [48060000.mmc] using External DMA
[    2.603323] mmc1: SDHCI controller on 481d8000.mmc [481d8000.mmc] using External DMA
[    2.612095] cpsw-switch 4a100000.switch: starting ndev. mode: dual_mac
[    2.681640] mmc1: new high speed MMC card at address 0001
[    2.688465] mmcblk1: mmc1:0001 MMC04G 3.60 GiB
[    2.696437]  mmcblk1: p1 p2
[    2.700769] mmcblk1boot0: mmc1:0001 MMC04G 2.00 MiB
[    2.708326] SMSC LAN8710/LAN8720 4a101000.mdio:00: attached PHY driver (mii_bus:phy_addr=4a101000.mdio:00, irq=POLL)
[    2.721362] mmcblk1boot1: mmc1:0001 MMC04G 2.00 MiB
[    2.734633] mmcblk1rpmb: mmc1:0001 MMC04G 128 KiB, chardev (249:0)
[    2.784367] mmc0: new high speed SDHC card at address aaaa
[    2.791204] mmcblk0: mmc0:aaaa SE32G 29.7 GiB
[    2.800446]  mmcblk0: p1 p2
[    5.842067] cpsw-switch 4a100000.switch eth0: Link is Up - 100Mbps/Full - flow control off
[    5.871315] IP-Config: Complete:
[    5.874590]      device=eth0, hwaddr=6c:ec:eb:68:de:78, ipaddr=192.168.255.1, mask=255.255.255.0, gw=255.255.255.255
[    5.885234]      host=bbb1, domain=, nis-domain=(none)
[    5.890402]      bootserver=192.168.255.126, rootserver=192.168.255.126, rootpath=
[    5.890814] clk: Disabling unused clocks
[    5.902725] KTAP version 1
[    5.905458] 1..0
[    5.908168] check access for rdinit=/init failed: -2, ignoring
[    5.939550] VFS: Mounted root (nfs filesystem) on device 0:17.
[    5.946597] devtmpfs: mounted
[    5.951063] Freeing unused kernel image (initmem) memory: 1024K
[    5.957854] Run /sbin/init as init process
[    5.962094]   with arguments:
[    5.962109]     /sbin/init
[    5.962119]     nfsrootdebug
[    5.962128]   with environment:
[    5.962136]     HOME=/
[    5.962145]     TERM=linux
[    6.632236] systemd[1]: System time before build time, advancing clock.
[    8.161325] random: crng init done
[    8.173898] systemd[1]: systemd 232 running in system mode. (+PAM +AUDIT +SELINUX +IMA +APPARMOR +SMACK +SYSVINIT +UTMP +LIBCRYPTSETUP +GCRYPT +GNUTLS +ACL +XZ +LZ4 +SECCOMP +BLKID +ELFUTILS +KMOD +IDN)
[    8.192995] systemd[1]: Detected architecture arm.
[    8.224385] systemd[1]: Set hostname to <arm>.
[    9.328094] systemd[1]: syslog.socket: SO_PASSSEC failed: Operation not supported
[    9.336129] systemd[1]: Listening on Syslog Socket.
[    9.363236] systemd[1]: Listening on udev Control Socket.
[    9.393032] systemd[1]: Set up automount Arbitrary Executable File Formats File System Automount Point.
[    9.421787] systemd[1]: Reached target Swap.
[    9.442264] systemd[1]: Started Forward Password Requests to Wall Directory Watch.
[    9.471926] systemd[1]: Listening on udev Kernel Socket.
[   11.704466] systemd-journald[82]: Received request to flush runtime journal from PID 1
[   12.648400] omap_prm 44e00d00.prm: sync_state() pending due to 44d00000.cpu
[   14.599733] leds-gpio leds: using DT '/leds/led2' for '(default)' GPIO lookup
[   14.599837] of_get_named_gpiod_flags: parsed 'gpios' property of node '/leds/led2[0]' - status (0)
[   14.599895] gpio gpiochip0: Persistence not supported for GPIO 21
[   14.599910] gpio-533 (?): no flags found for GPIO (default)
[   14.704066] leds-gpio leds: using DT '/leds/led3' for '(default)' GPIO lookup
[   14.704319] of_get_named_gpiod_flags: parsed 'gpios' property of node '/leds/led3[0]' - status (0)
[   14.704385] gpio gpiochip0: Persistence not supported for GPIO 22
[   14.704401] gpio-534 (?): no flags found for GPIO (default)
[   14.722363] leds-gpio leds: using DT '/leds/led4' for '(default)' GPIO lookup
[   14.722465] of_get_named_gpiod_flags: parsed 'gpios' property of node '/leds/led4[0]' - status (0)
[   14.722518] gpio gpiochip0: Persistence not supported for GPIO 23
[   14.722533] gpio-535 (?): no flags found for GPIO (default)
[   14.741910] leds-gpio leds: using DT '/leds/led5' for '(default)' GPIO lookup
[   14.742011] of_get_named_gpiod_flags: parsed 'gpios' property of node '/leds/led5[0]' - status (0)
[   14.742063] gpio gpiochip0: Persistence not supported for GPIO 24
[   14.742079] gpio-536 (?): no flags found for GPIO (default)
[   15.059829] remoteproc remoteproc0: wkup_m3 is available
[   15.227166] at24 2-0054: supply vcc not found, using dummy regulator
[   15.395827] at24 2-0055: supply vcc not found, using dummy regulator
[   15.584190] at24 2-0056: supply vcc not found, using dummy regulator
[   15.679927] at24 2-0057: supply vcc not found, using dummy regulator
[   15.757313] at24 0-0050: using DT '/ocp/interconnect@44c00000/segment@200000/target-module@b000/i2c@0/eeprom@50' for 'wp' GPIO lookup
[   15.757420] of_get_named_gpiod_flags: can't parse 'wp-gpios' property of node '/ocp/interconnect@44c00000/segment@200000/target-module@b000/i2c@0/eeprom@50[0]'
[   15.757479] of_get_named_gpiod_flags: can't parse 'wp-gpio' property of node '/ocp/interconnect@44c00000/segment@200000/target-module@b000/i2c@0/eeprom@50[0]'
[   15.757525] at24 0-0050: using lookup tables for GPIO lookup
[   15.757540] at24 0-0050: No GPIO consumer wp found
[   15.757827] at24 0-0050: 32768 byte 24c256 EEPROM, writable, 1 bytes/write
[   16.043293] omap_rtc 44e3e000.rtc: registered as rtc0
[   16.048476] omap_rtc 44e3e000.rtc: setting system clock to 2000-01-01T00:00:00 UTC (946684800)
[   16.057359] omap_rtc 44e3e000.rtc: using DT '/ocp/interconnect@44c00000/segment@200000/target-module@3e000/rtc@0' for 'wp' GPIO lookup
[   16.057436] of_get_named_gpiod_flags: can't parse 'wp-gpios' property of node '/ocp/interconnect@44c00000/segment@200000/target-module@3e000/rtc@0[0]'
[   16.057487] of_get_named_gpiod_flags: can't parse 'wp-gpio' property of node '/ocp/interconnect@44c00000/segment@200000/target-module@3e000/rtc@0[0]'
[   16.057529] omap_rtc 44e3e000.rtc: using lookup tables for GPIO lookup
[   16.057543] omap_rtc 44e3e000.rtc: No GPIO consumer wp found
[   16.149678] input: tps65217_pwrbutton as /devices/platform/ocp/44c00000.interconnect/44c00000.interconnect:segment@200000/44e0b000.target-module/44e0b000.i2c/i2c-0/0-0024/tps65217-pwrbutton/input/input0
[   16.323466] omap_wdt: OMAP Watchdog Timer Rev 0x01: initial timeout 60 sec
[   16.439162] am335x-phy-driver 47401300.usb-phy: using DT '/ocp/target-module@47400000/usb-phy@1300' for 'reset' GPIO lookup
[   16.439257] of_get_named_gpiod_flags: can't parse 'reset-gpios' property of node '/ocp/target-module@47400000/usb-phy@1300[0]'
[   16.439302] of_get_named_gpiod_flags: can't parse 'reset-gpio' property of node '/ocp/target-module@47400000/usb-phy@1300[0]'
[   16.439339] am335x-phy-driver 47401300.usb-phy: using lookup tables for GPIO lookup
[   16.439355] am335x-phy-driver 47401300.usb-phy: No GPIO consumer reset found
[   16.439371] am335x-phy-driver 47401300.usb-phy: using DT '/ocp/target-module@47400000/usb-phy@1300' for 'vbus-detect' GPIO lookup
[   16.439403] of_get_named_gpiod_flags: can't parse 'vbus-detect-gpios' property of node '/ocp/target-module@47400000/usb-phy@1300[0]'
[   16.439435] of_get_named_gpiod_flags: can't parse 'vbus-detect-gpio' property of node '/ocp/target-module@47400000/usb-phy@1300[0]'
[   16.439462] am335x-phy-driver 47401300.usb-phy: using lookup tables for GPIO lookup
[   16.439474] am335x-phy-driver 47401300.usb-phy: No GPIO consumer vbus-detect found
[   16.439622] am335x-phy-driver 47401300.usb-phy: dummy supplies not allowed for exclusive requests (id=vbus)
[   16.593339] am335x-phy-driver 47401b00.usb-phy: using DT '/ocp/target-module@47400000/usb-phy@1b00' for 'reset' GPIO lookup
[   16.593446] of_get_named_gpiod_flags: can't parse 'reset-gpios' property of node '/ocp/target-module@47400000/usb-phy@1b00[0]'
[   16.593489] of_get_named_gpiod_flags: can't parse 'reset-gpio' property of node '/ocp/target-module@47400000/usb-phy@1b00[0]'
[   16.593527] am335x-phy-driver 47401b00.usb-phy: using lookup tables for GPIO lookup
[   16.593543] am335x-phy-driver 47401b00.usb-phy: No GPIO consumer reset found
[   16.593559] am335x-phy-driver 47401b00.usb-phy: using DT '/ocp/target-module@47400000/usb-phy@1b00' for 'vbus-detect' GPIO lookup
[   16.593592] of_get_named_gpiod_flags: can't parse 'vbus-detect-gpios' property of node '/ocp/target-module@47400000/usb-phy@1b00[0]'
[   16.593623] of_get_named_gpiod_flags: can't parse 'vbus-detect-gpio' property of node '/ocp/target-module@47400000/usb-phy@1b00[0]'
[   16.593650] am335x-phy-driver 47401b00.usb-phy: using lookup tables for GPIO lookup
[   16.593662] am335x-phy-driver 47401b00.usb-phy: No GPIO consumer vbus-detect found
[   16.593812] am335x-phy-driver 47401b00.usb-phy: dummy supplies not allowed for exclusive requests (id=vbus)
[   17.162051] usbcore: registered new interface driver usbfs
[   17.167690] usbcore: registered new interface driver hub
[   17.173263] usbcore: registered new device driver usb
[   17.472251] tda998x 0-0070: found TDA19988
[   17.828888] musb-hdrc musb-hdrc.1: MUSB HDRC host driver
[   17.834469] musb-hdrc musb-hdrc.1: new USB bus registered, assigned bus number 1
[   17.950900] omap-mailbox 480c8000.mailbox: omap mailbox rev 0x400
[   18.015591] remoteproc remoteproc0: powering up wkup_m3
[   18.067333] usb usb1: New USB device found, idVendor=1d6b, idProduct=0002, bcdDevice= 6.17
[   18.075939] usb usb1: New USB device strings: Mfr=3, Product=2, SerialNumber=1
[   18.083349] usb usb1: Product: MUSB HDRC host driver
[   18.088347] usb usb1: Manufacturer: Linux 6.17.0-rc2-next-20250821 musb-hcd
[   18.095395] usb usb1: SerialNumber: musb-hdrc.1
[   18.122988] remoteproc remoteproc0: Direct firmware load for am335x-pm-firmware.elf failed with error -2
[   18.132926] remoteproc remoteproc0: request_firmware failed: -2
[   18.139092] wkup_m3_ipc 44e11324.wkup_m3_ipc: rproc_boot failed
[   18.533089] hub 1-0:1.0: USB hub found
[   18.549902] hub 1-0:1.0: 1 port detected
[   20.879537] omap_rng 48310000.rng: Random Number Generator ver. 20
[   21.052268] tilcdc 4830e000.lcdc: bound 0-0070 (ops tda998x_audio_codec_init [tda998x])
[   21.198111] [drm] Initialized tilcdc 1.0.0 for 4830e000.lcdc on minor 0
[   21.310559] tilcdc 4830e000.lcdc: [drm] Cannot find any crtc or sizes
[   21.319764] tilcdc 4830e000.lcdc: [drm] Cannot find any crtc or sizes
[   22.468645] PM: Cannot get wkup_m3_ipc handle
[   22.868923] omap-sham 53100000.sham: hw accel on OMAP rev 4.3
[   23.005640] omap-aes 53500000.aes: OMAP AES hw accel rev: 3.2
[   23.077462] omap-sham 53100000.sham: will run requests pump with realtime priority
[   23.087072] PM: Cannot get wkup_m3_ipc handle
[   23.140846] omap-aes 53500000.aes: will run requests pump with realtime priority
[   23.151858] PM: Cannot get wkup_m3_ipc handle
[   24.401935] ------------[ cut here ]------------
[   24.406632] WARNING: net/8021q/vlan_core.c:236 at vlan_for_each+0x114/0x134, CPU#0: avahi-daemon/302
[   24.415915] RTNL: assertion failed at net/8021q/vlan_core.c (236)
[   24.422067] Modules linked in: ecdh_generic ecc snd_soc_simple_card snd_soc_simple_card_utils omap_aes_driver omap_sham omap_crypto libaes crypto_engine pm33xx ti_emif_sram tilcdc omap_rng rng_core drm_dma_helper drm_client_lib snd_soc_davinci_mcasp snd_soc_ti_udma snd_soc_ti_edma snd_soc_ti_sdma snd_soc_core snd_pcm_dmaengine snd_pcm snd_timer omap_mailbox snd musb_dsps soundcore musb_hdrc udc_core tda998x cec usbcore drm_kms_helper phy_am335x phy_generic omap_wdt usb_common drm cppi41 watchdog wkup_m3_ipc tps65218_pwrbutton rtc_omap drm_panel_orientation_quirks at24 phy_am335x_control wkup_m3_rproc leds_gpio led_class cpufreq_dt autofs4
[   24.479238] CPU: 0 UID: 107 PID: 302 Comm: avahi-daemon Not tainted 6.17.0-rc2-next-20250821 #1 NONE 
[   24.479256] Hardware name: Generic AM33XX (Flattened Device Tree)
[   24.479265] Call trace: 
[   24.479281]  unwind_backtrace from show_stack+0x10/0x14
[   24.479316]  show_stack from dump_stack_lvl+0x50/0x64
[   24.479341]  dump_stack_lvl from __warn+0x88/0x148
[   24.479359]  __warn from warn_slowpath_fmt+0x19c/0x1b0
[   24.479372]  warn_slowpath_fmt from vlan_for_each+0x114/0x134
[   24.479393]  vlan_for_each from cpsw_add_mc_addr+0x40/0xa4
[   24.479422]  cpsw_add_mc_addr from __hw_addr_ref_sync_dev+0x108/0x140
[   24.479454]  __hw_addr_ref_sync_dev from __dev_mc_add+0x7c/0x80
[   24.479478]  __dev_mc_add from igmp6_group_added+0xc8/0xe0
[   24.479509]  igmp6_group_added from __ipv6_dev_mc_inc+0x218/0x364
[   24.479527]  __ipv6_dev_mc_inc from __ipv6_sock_mc_join+0x11c/0x214
[   24.479546]  __ipv6_sock_mc_join from do_ipv6_setsockopt+0x1214/0x1310
[   24.479579]  do_ipv6_setsockopt from ipv6_setsockopt+0x60/0xcc
[   24.479602]  ipv6_setsockopt from udpv6_setsockopt+0x2c/0x6c
[   24.479621]  udpv6_setsockopt from sock_common_setsockopt+0x30/0x40
[   24.479651]  sock_common_setsockopt from do_sock_setsockopt+0x50/0x9c
[   24.479674]  do_sock_setsockopt from __sys_setsockopt+0x70/0xbc
[   24.479694]  __sys_setsockopt from ret_fast_syscall+0x0/0x58
[   24.479711] Exception stack(0xe0305fa8 to 0xe0305ff0)
[   24.479725] 5fa0:                   00000014 b6fc8ce8 0000000d 00000029 00000014 befec9ec
[   24.479737] 5fc0: 00000014 b6fc8ce8 00000014 00000126 0000000d b6f71ff4 0050e988 004f6558
[   24.479746] 5fe0: b6f87088 befec9d8 b6f64309 b6e3b41a
[   24.479753] ---[ end trace 0000000000000000 ]---
[   25.230024] Bluetooth: Core ver 2.22
[   25.234065] NET: Registered PF_BLUETOOTH protocol family
[   25.239416] Bluetooth: HCI device and connection manager initialized
[   25.245916] Bluetooth: HCI socket layer initialized
[   25.250831] Bluetooth: L2CAP socket layer initialized
[   25.255989] Bluetooth: SCO socket layer initialized
[   26.312284] tda998x 0-0070: using DT '/ocp/interconnect@44c00000/segment@200000/target-module@b000/i2c@0/tda19988@70' for 'nxp,calib' GPIO lookup
[   26.312553] of_get_named_gpiod_flags: parsed 'nxp,calib-gpios' property of node '/ocp/interconnect@44c00000/segment@200000/target-module@b000/i2c@0/tda19988@70[0]' - status (0)
[   26.312641] gpio gpiochip0: Persistence not supported for GPIO 25
[   26.312657] gpio-537 (nxp,calib): no flags found for GPIO nxp,calib
[   26.330372] gpio-537 (nxp,calib): gpiod_direction_output_nonotify: tried to set a GPIO tied to an IRQ as output
[   26.500932] PM: Cannot get wkup_m3_ipc handle
[   26.506990] asoc-simple-card sound: using DT '/sound' for 'simple-audio-card,hp-det' GPIO lookup
[   26.507065] of_get_named_gpiod_flags: can't parse 'simple-audio-card,hp-det-gpios' property of node '/sound[0]'
[   26.507102] of_get_named_gpiod_flags: can't parse 'simple-audio-card,hp-det-gpio' property of node '/sound[0]'
[   26.507128] asoc-simple-card sound: using lookup tables for GPIO lookup
[   26.507141] asoc-simple-card sound: No GPIO consumer simple-audio-card,hp-det found
[   26.507157] asoc-simple-card sound: using DT '/sound' for 'simple-audio-card,mic-det' GPIO lookup
[   26.507182] of_get_named_gpiod_flags: can't parse 'simple-audio-card,mic-det-gpios' property of node '/sound[0]'
[   26.507207] of_get_named_gpiod_flags: can't parse 'simple-audio-card,mic-det-gpio' property of node '/sound[0]'
[   26.507226] asoc-simple-card sound: using lookup tables for GPIO lookup
[   26.507238] asoc-simple-card sound: No GPIO consumer simple-audio-card,mic-det found
[   26.626444] tda9950 0-0034: TDA9950 CEC interface, hardware version 3.3
[   26.662574] PM: Cannot get wkup_m3_ipc handle
[   26.752579] PM: Cannot get wkup_m3_ipc handle
[   28.467493] userial_init: registered 8 ttyGS* devices
[   28.768509] rndis_register: configNr = 0
[   28.880607] udc musb-hdrc.0: binding gadget driver [g_multi]
[   28.880715] configfs-gadget.g_multi gadget.0: adding 'rndis'/7c30c7ff to config 'c'/63e75fd1
[   28.882124] configfs-gadget.g_multi gadget.0: HOST MAC 1c:ba:8c:a2:ed:6c
[   28.888907] configfs-gadget.g_multi gadget.0: MAC 1c:ba:8c:a2:ed:70
[   28.895339] rndis_set_param_medium: 0 0
[   28.895362] configfs-gadget.g_multi gadget.0: RNDIS: IN/ep1in OUT/ep1out NOTIFY/ep2in
[   28.895379] configfs-gadget.g_multi gadget.0: adding 'cdc_ethernet'/b902b4f2 to config 'c'/63e75fd1
[   28.896232] configfs-gadget.g_multi gadget.0: HOST MAC 1c:ba:8c:a2:ed:6c
[   28.903077] configfs-gadget.g_multi gadget.0: MAC 1c:ba:8c:a2:ed:6d
[   28.909411] configfs-gadget.g_multi gadget.0: CDC Ethernet: IN/ep3in OUT/ep2out NOTIFY/ep4in
[   28.909429] configfs-gadget.g_multi gadget.0: adding 'acm'/57004544 to config 'c'/63e75fd1
[   28.909465] configfs-gadget.g_multi gadget.0: acm ttyGS0: IN/ep5in OUT/ep3out NOTIFY/ep6in
[   28.916731] PM: Cannot get wkup_m3_ipc handle
[   30.305268] configfs-gadget.g_multi gadget.0: eth_open
[   35.356690] gs_open: ttyGS0 (5ecfed37,bdcad705)
[   35.356845] gs_close: ttyGS0 (5ecfed37,bdcad705) ...
[   35.356867] gs_close: ttyGS0 (5ecfed37,bdcad705) done!
[   35.378179] gs_open: ttyGS0 (41542b39,653df0e9)
[   35.378320] gs_close: ttyGS0 (41542b39,653df0e9) ...
[   35.378342] gs_close: ttyGS0 (41542b39,653df0e9) done!
[   35.548874] gs_open: ttyGS0 (0c5f6ce9,f81a5ccc)
[   35.549418] gs_close: ttyGS0 (0c5f6ce9,f81a5ccc) ...
[   35.549455] gs_close: ttyGS0 (0c5f6ce9,f81a5ccc) done!
[   35.549948] gs_open: ttyGS0 (58916a57,f81a5ccc)
SWJZWGJFYF 0
root@arm:~# echo 'HHTA''KBPCOU'
HHTAKBPCOU
root@arm:~# MARKER='EOOP''CZXSGM' run 'modprobe test_linear_ranges'
EOOPCZXSGMEOOPCZXSGM 0
root@arm:~# echo 'PCYZ''CXSVLF'
PCYZCXSVLF
root@arm:~# MARKER='GVLB''VQKCAB' run dmesg
GVLBVQKCAB[    0.000000] Booting Linux on physical CPU 0x0
[    0.000000] Linux version 6.17.0-rc2-next-20250821 (user01@drvtest01) (arm-none-eabi-gcc (Arm GNU Toolchain 14.2.Rel1 (Build arm-14.52)) 14.2.1 20241119, GNU ld (Arm GNU Toolchain 14.2.Rel1 (Build arm-14.52)) 2.43.1.20241119) #1 SMP Thu Aug 21 10:15:59 EEST 2025
[    0.000000] CPU: ARMv7 Processor [413fc082] revision 2 (ARMv7), cr=10c5387d
[    0.000000] CPU: PIPT / VIPT nonaliasing data cache, VIPT aliasing instruction cache
[    0.000000] OF: fdt: Machine model: TI AM335x BeagleBone Black
[    0.000000] Memory policy: Data cache writeback
[    0.000000] cma: Reserved 16 MiB at 0x9e800000
[    0.000000] Zone ranges:
[    0.000000]   Normal   [mem 0x0000000080000000-0x000000009fdfffff]
[    0.000000]   HighMem  empty
[    0.000000] Movable zone start for each node
[    0.000000] Early memory node ranges
[    0.000000]   node   0: [mem 0x0000000080000000-0x000000009fdfffff]
[    0.000000] Initmem setup node 0 [mem 0x0000000080000000-0x000000009fdfffff]
[    0.000000] On node 0, zone Normal: 512 pages in unavailable ranges
[    0.000000] OF: reserved mem: Reserved memory: No reserved-memory node in the DT
[    0.000000] CPU: All CPU(s) started in SVC mode.
[    0.000000] AM335X ES2.1 (sgx neon)
[    0.000000] percpu: Embedded 17 pages/cpu s39820 r8192 d21620 u69632
[    0.000000] pcpu-alloc: s39820 r8192 d21620 u69632 alloc=17*4096
[    0.000000] pcpu-alloc: [0] 0 
[    0.000000] Kernel command line: console=ttyO0,115200n8 root=/dev/nfs rw nfsroot=192.168.255.126:/home/user01/nfs,nfsvers=3 ip=192.168.255.1:192.168.255.126::255.255.255.0:bbb1:eth0 nfsrootdebug
[    0.000000] Unknown kernel command line parameters "nfsrootdebug", will be passed to user space.
[    0.000000] printk: log buffer data + meta data: 65536 + 204800 = 270336 bytes
[    0.000000] Dentry cache hash table entries: 65536 (order: 6, 262144 bytes, linear)
[    0.000000] Inode-cache hash table entries: 32768 (order: 5, 131072 bytes, linear)
[    0.000000] Built 1 zonelists, mobility grouping on.  Total pages: 130560
[    0.000000] mem auto-init: stack:off, heap alloc:off, heap free:off
[    0.000000] SLUB: HWalign=16, Order=0-3, MinObjects=0, CPUs=1, Nodes=1
[    0.000000] rcu: Hierarchical RCU implementation.
[    0.000000] rcu: 	RCU event tracing is enabled.
[    0.000000] rcu: 	RCU restricting CPUs from NR_CPUS=2 to nr_cpu_ids=1.
[    0.000000] 	Tracing variant of Tasks RCU enabled.
[    0.000000] rcu: RCU calculated value of scheduler-enlistment delay is 10 jiffies.
[    0.000000] rcu: Adjusting geometry for rcu_fanout_leaf=16, nr_cpu_ids=1
[    0.000000] RCU Tasks Trace: Setting shift to 0 and lim to 1 rcu_task_cb_adjust=1 rcu_task_cpu_ids=1.
[    0.000000] NR_IRQS: 16, nr_irqs: 16, preallocated irqs: 16
[    0.000000] IRQ: Found an INTC at 0x(ptrval) (revision 5.0) with 128 interrupts
[    0.000000] rcu: srcu_init: Setting srcu_struct sizes based on contention.
[    0.000000] TI gptimer clocksource: always-on /ocp/interconnect@44c00000/segment@200000/target-module@31000
[    0.000003] sched_clock: 32 bits at 24MHz, resolution 41ns, wraps every 89478484971ns
[    0.000026] clocksource: dmtimer: mask: 0xffffffff max_cycles: 0xffffffff, max_idle_ns: 79635851949 ns
[    0.000521] TI gptimer clockevent: 24000000 Hz at /ocp/interconnect@48000000/segment@0/target-module@40000
[    0.002095] Console: colour dummy device 80x30
[    0.002160] WARNING: Your 'console=ttyO0' has been replaced by 'ttyS0'
[    0.002167] This ensures that you still see kernel messages. Please
[    0.002172] update your kernel commandline.
[    0.002216] Calibrating delay loop... 996.14 BogoMIPS (lpj=4980736)
[    0.090568] CPU: Testing write buffer coherency: ok
[    0.090679] CPU0: Spectre v2: using BPIALL workaround
[    0.090690] pid_max: default: 32768 minimum: 301
[    0.090851] LSM: initializing lsm=capability
[    0.091018] Mount-cache hash table entries: 1024 (order: 0, 4096 bytes, linear)
[    0.091038] Mountpoint-cache hash table entries: 1024 (order: 0, 4096 bytes, linear)
[    0.092614] CPU0: thread -1, cpu 0, socket -1, mpidr 0
[    0.092671] cacheinfo: Unable to detect cache hierarchy for CPU 0
[    0.094645] Setting up static identity map for 0x80100000 - 0x80100078
[    0.094956] rcu: Hierarchical SRCU implementation.
[    0.094966] rcu: 	Max phase no-delay instances is 1000.
[    0.096672] smp: Bringing up secondary CPUs ...
[    0.096726] smp: Brought up 1 node, 1 CPU
[    0.096738] SMP: Total of 1 processors activated (996.14 BogoMIPS).
[    0.096750] CPU: All CPU(s) started in SVC mode.
[    0.096953] Memory: 480880K/522240K available (11264K kernel code, 1219K rwdata, 2936K rodata, 1024K init, 253K bss, 23328K reserved, 16384K cma-reserved, 0K highmem)
[    0.097779] devtmpfs: initialized
[    0.115123] VFP support v0.3: implementor 41 architecture 3 part 30 variant c rev 3
[    0.115750] clocksource: jiffies: mask: 0xffffffff max_cycles: 0xffffffff, max_idle_ns: 19112604462750000 ns
[    0.115806] posixtimers hash table entries: 512 (order: 0, 4096 bytes, linear)
[    0.115832] futex hash table entries: 256 (16384 bytes on 1 NUMA nodes, total 16 KiB, linear).
[    0.116963] pinctrl core: initialized pinctrl subsystem
[    0.119122] NET: Registered PF_NETLINK/PF_ROUTE protocol family
[    0.122262] DMA: preallocated 256 KiB pool for atomic coherent allocations
[    0.122872] audit: initializing netlink subsys (disabled)
[    0.124192] thermal_sys: Registered thermal governor 'fair_share'
[    0.124206] thermal_sys: Registered thermal governor 'step_wise'
[    0.124216] thermal_sys: Registered thermal governor 'user_space'
[    0.124327] audit: type=2000 audit(0.120:1): state=initialized audit_enabled=0 res=1
[    0.124394] cpuidle: using governor menu
[    0.142255] /ocp/interconnect@44c00000/segment@200000/target-module@b000/i2c@0/tda19988@70: Fixed dependency cycle(s) with /ocp/interconnect@48000000/segment@300000/target-module@e000/lcdc@0
[    0.143378] /ocp/interconnect@48000000/segment@300000/target-module@e000/lcdc@0: Fixed dependency cycle(s) with /ocp/interconnect@44c00000/segment@200000/target-module@b000/i2c@0/tda19988@70
[    0.145580] No ATAGs?
[    0.145623] hw-breakpoint: debug architecture 0x4 unsupported.
[    0.148729] kprobes: kprobe jump-optimization is enabled. All kprobes are optimized if possible.
[    0.153731] iommu: Default domain type: Translated
[    0.153753] iommu: DMA domain TLB invalidation policy: strict mode
[    0.155307] reg-fixed-voltage fixedregulator0: using DT '/fixedregulator0' for '(default)' GPIO lookup
[    0.155361] of_get_named_gpiod_flags: can't parse 'gpios' property of node '/fixedregulator0[0]'
[    0.155389] of_get_named_gpiod_flags: can't parse 'gpio' property of node '/fixedregulator0[0]'
[    0.155405] reg-fixed-voltage fixedregulator0: using lookup tables for GPIO lookup
[    0.155416] reg-fixed-voltage fixedregulator0: No GPIO consumer (default) found
[    0.161565] SCSI subsystem initialized
[    0.162046] libata version 3.00 loaded.
[    0.162428] pps_core: LinuxPPS API ver. 1 registered
[    0.162439] pps_core: Software ver. 5.3.6 - Copyright 2005-2007 Rodolfo Giometti <giometti@linux.it>
[    0.162463] PTP clock support registered
[    0.170923] vgaarb: loaded
[    0.171306] clocksource: Switched to clocksource dmtimer
[    0.171979] VFS: Disk quotas dquot_6.6.0
[    0.172041] VFS: Dquot-cache hash table entries: 1024 (order 0, 4096 bytes)
[    0.194998] NET: Registered PF_INET protocol family
[    0.195349] IP idents hash table entries: 8192 (order: 4, 65536 bytes, linear)
[    0.196774] tcp_listen_portaddr_hash hash table entries: 512 (order: 0, 4096 bytes, linear)
[    0.196811] Table-perturb hash table entries: 65536 (order: 6, 262144 bytes, linear)
[    0.196829] TCP established hash table entries: 4096 (order: 2, 16384 bytes, linear)
[    0.196875] TCP bind hash table entries: 4096 (order: 4, 65536 bytes, linear)
[    0.196975] TCP: Hash tables configured (established 4096 bind 4096)
[    0.197095] UDP hash table entries: 256 (order: 1, 14336 bytes, linear)
[    0.197130] UDP-Lite hash table entries: 256 (order: 1, 14336 bytes, linear)
[    0.197326] NET: Registered PF_UNIX/PF_LOCAL protocol family
[    0.198590] RPC: Registered named UNIX socket transport module.
[    0.198613] RPC: Registered udp transport module.
[    0.198618] RPC: Registered tcp transport module.
[    0.198623] RPC: Registered tcp-with-tls transport module.
[    0.198628] RPC: Registered tcp NFSv4.1 backchannel transport module.
[    0.198651] PCI: CLS 0 bytes, default 64
[    0.200057] Initialise system trusted keyrings
[    0.211589] workingset: timestamp_bits=14 max_order=17 bucket_order=3
[    0.213026] NFS: Registering the id_resolver key type
[    0.213088] Key type id_resolver registered
[    0.213096] Key type id_legacy registered
[    0.213205] jffs2: version 2.2. (NAND) (SUMMARY)  Â© 2001-2006 Red Hat, Inc.
[    0.213661] Key type asymmetric registered
[    0.213678] Asymmetric key parser 'x509' registered
[    0.213752] io scheduler mq-deadline registered
[    0.213762] io scheduler kyber registered
[    0.213841] io scheduler bfq registered
[    0.215741] target-module@4b000000:target-module@140000:pmu@0:fck: device ID is greater than 24
[    0.221944] l3-aon-clkctrl:0000:0: failed to disable
[    0.222217] ledtrig-cpu: registered to indicate activity on CPUs
[    0.231953] Serial: 8250/16550 driver, 6 ports, IRQ sharing enabled
[    0.273005] brd: module loaded
[    0.291160] loop: module loaded
[    0.292250] mtdoops: mtd device (mtddev=name/number) must be supplied
[    0.293824] mdio_bus fixed-0: using lookup tables for GPIO lookup
[    0.293850] mdio_bus fixed-0: No GPIO consumer reset found
[    0.295247] i2c_dev: i2c /dev entries driver
[    0.296277] cpuidle: enable-method property 'ti,am3352' found operations
[    0.296736] sdhci: Secure Digital Host Controller Interface driver
[    0.296745] sdhci: Copyright(c) Pierre Ossman
[    0.296931] sdhci-pltfm: SDHCI platform and OF driver helper
[    0.301751] hw perfevents: enabled with armv7_cortex_a8 PMU driver, 5 (8000000f) counters available
[    0.302300] Initializing XFRM netlink socket
[    0.302478] NET: Registered PF_INET6 protocol family
[    0.308142] l3-aon-clkctrl:0000:0: failed to disable
[    0.312850] Segment Routing with IPv6
[    0.312935] In-situ OAM (IOAM) with IPv6
[    0.313031] sit: IPv6, IPv4 and MPLS over IPv4 tunneling driver
[    0.313996] NET: Registered PF_PACKET protocol family
[    0.314024] NET: Registered PF_KEY protocol family
[    0.314218] Key type dns_resolver registered
[    0.314450] ThumbEE CPU extension supported.
[    0.314469] Registering SWP/SWPB emulation handler
[    0.314995] omap_voltage_late_init: Voltage driver support not added
[    0.315668] SmartReflex Class3 initialized
[    0.352764] Loading compiled-in X.509 certificates
[    0.388835] /ocp/interconnect@44c00000/segment@200000/target-module@b000/i2c@0/tda19988@70: Fixed dependency cycle(s) with /ocp/interconnect@48000000/segment@300000/target-module@e000/lcdc@0
[    0.395475] /ocp/interconnect@44c00000/segment@200000/target-module@b000/i2c@0/tda19988@70: Fixed dependency cycle(s) with /ocp/interconnect@48000000/segment@300000/target-module@e000/lcdc@0
[    0.401001] gpiochip_find_base_unlocked: found new base at 512
[    0.420739] /ocp/interconnect@44c00000/segment@200000/target-module@b000/i2c@0/tda19988@70: Fixed dependency cycle(s) with /ocp/interconnect@48000000/segment@300000/target-module@e000/lcdc@0
[    0.421894] /ocp/interconnect@44c00000/segment@200000/target-module@b000/i2c@0/tda19988@70: Fixed dependency cycle(s) with /ocp/interconnect@48000000/segment@300000/target-module@e000/lcdc@0
[    0.425496] /ocp/interconnect@44c00000/segment@200000/target-module@10000/scm@0/pinmux@800: Fixed dependency cycle(s) with /ocp/interconnect@44c00000/segment@200000/target-module@10000/scm@0/pinmux@800/clkout2-pins
[    0.426085] pinctrl-single 44e10800.pinmux: 142 pins, size 568
[    0.431568] ti-sysc 44e31000.target-module: probe with driver ti-sysc failed with error -16
[    0.478457] /ocp/interconnect@48000000/segment@300000/target-module@e000/lcdc@0: Fixed dependency cycle(s) with /ocp/interconnect@44c00000/segment@200000/target-module@b000/i2c@0/tda19988@70
[    0.486862] ti-sysc 48040000.target-module: probe with driver ti-sysc failed with error -16
[    0.498499] gpiochip_find_base_unlocked: found new base at 512
[    0.498602] gpio gpiochip0: (gpio-0-31): created GPIO range 0->7 ==> 44e10800.pinmux PIN 0->7
[    0.498621] gpio gpiochip0: (gpio-0-31): created GPIO range 8->11 ==> 44e10800.pinmux PIN 90->93
[    0.498637] gpio gpiochip0: (gpio-0-31): created GPIO range 12->27 ==> 44e10800.pinmux PIN 12->27
[    0.498652] gpio gpiochip0: (gpio-0-31): created GPIO range 28->31 ==> 44e10800.pinmux PIN 30->33
[    0.523350] gpio gpiochip0: (gpio-0-31): added GPIO chardev (254:0)
[    0.523568] gpio gpiochip0: registered GPIOs 512 to 543 on gpio-0-31
[    0.523651] OMAP GPIO hardware version 0.1
[    0.558155] i2c i2c-2: using DT '/ocp/interconnect@48000000/segment@100000/target-module@9c000/i2c@0' for 'scl' GPIO lookup
[    0.558232] of_get_named_gpiod_flags: can't parse 'scl-gpios' property of node '/ocp/interconnect@48000000/segment@100000/target-module@9c000/i2c@0[0]'
[    0.558273] of_get_named_gpiod_flags: can't parse 'scl-gpio' property of node '/ocp/interconnect@48000000/segment@100000/target-module@9c000/i2c@0[0]'
[    0.558308] i2c i2c-2: using lookup tables for GPIO lookup
[    0.558318] i2c i2c-2: No GPIO consumer scl found
[    0.558340] i2c i2c-2: using DT '/ocp/interconnect@48000000/segment@100000/target-module@9c000/i2c@0' for 'sda' GPIO lookup
[    0.558375] of_get_named_gpiod_flags: can't parse 'sda-gpios' property of node '/ocp/interconnect@48000000/segment@100000/target-module@9c000/i2c@0[0]'
[    0.558411] of_get_named_gpiod_flags: can't parse 'sda-gpio' property of node '/ocp/interconnect@48000000/segment@100000/target-module@9c000/i2c@0[0]'
[    0.558441] i2c i2c-2: using lookup tables for GPIO lookup
[    0.558448] i2c i2c-2: No GPIO consumer sda found
[    0.559163] omap_i2c 4819c000.i2c: bus 2 rev0.11 at 100 kHz
[    0.565066] gpiochip_find_base_unlocked: found new base at 544
[    0.565168] gpio gpiochip1: (gpio-32-63): created GPIO range 0->17 ==> 44e10800.pinmux PIN 34->51
[    0.565189] gpio gpiochip1: (gpio-32-63): created GPIO range 18->21 ==> 44e10800.pinmux PIN 77->80
[    0.565205] gpio gpiochip1: (gpio-32-63): created GPIO range 22->31 ==> 44e10800.pinmux PIN 56->65
[    0.578391] gpio gpiochip1: (gpio-32-63): added GPIO chardev (254:1)
[    0.578628] gpio gpiochip1: registered GPIOs 544 to 575 on gpio-32-63
[    0.580916] gpiochip_find_base_unlocked: found new base at 576
[    0.581007] gpio gpiochip2: (gpio-64-95): created GPIO range 0->4 ==> 44e10800.pinmux PIN 66->70
[    0.581026] gpio gpiochip2: (gpio-64-95): created GPIO range 5->6 ==> 44e10800.pinmux PIN 98->99
[    0.581049] gpio gpiochip2: (gpio-64-95): created GPIO range 7->8 ==> 44e10800.pinmux PIN 75->76
[    0.581065] gpio gpiochip2: (gpio-64-95): created GPIO range 13->13 ==> 44e10800.pinmux PIN 141->141
[    0.581081] gpio gpiochip2: (gpio-64-95): created GPIO range 14->21 ==> 44e10800.pinmux PIN 100->107
[    0.581924] gpio gpiochip2: (gpio-64-95): added GPIO chardev (254:2)
[    0.582144] gpio gpiochip2: registered GPIOs 576 to 607 on gpio-64-95
[    0.587829] 48000000.interconnect:segment@200000:target-module@0:mpu@0:fck: device ID is greater than 24
[    0.588731] /ocp/interconnect@48000000/segment@300000/target-module@e000/lcdc@0: Fixed dependency cycle(s) with /ocp/interconnect@44c00000/segment@200000/target-module@b000/i2c@0/tda19988@70
[    0.591886] /ocp/interconnect@48000000/segment@300000/target-module@e000/lcdc@0: Fixed dependency cycle(s) with /ocp/interconnect@44c00000/segment@200000/target-module@b000/i2c@0/tda19988@70
[    0.592685] /ocp/interconnect@44c00000/segment@200000/target-module@b000/i2c@0/tda19988@70: Fixed dependency cycle(s) with /ocp/interconnect@48000000/segment@300000/target-module@e000/lcdc@0
[    0.592846] /ocp/interconnect@48000000/segment@300000/target-module@e000/lcdc@0: Fixed dependency cycle(s) with /ocp/interconnect@44c00000/segment@200000/target-module@b000/i2c@0/tda19988@70
[    0.602682] mdio_bus 4a101000.mdio: using DT '/ocp/interconnect@4a000000/segment@0/target-module@100000/switch@0/mdio@1000' for 'reset' GPIO lookup
[    0.602755] of_get_named_gpiod_flags: can't parse 'reset-gpios' property of node '/ocp/interconnect@4a000000/segment@0/target-module@100000/switch@0/mdio@1000[0]'
[    0.602801] of_get_named_gpiod_flags: can't parse 'reset-gpio' property of node '/ocp/interconnect@4a000000/segment@0/target-module@100000/switch@0/mdio@1000[0]'
[    0.602848] mdio_bus 4a101000.mdio: using lookup tables for GPIO lookup
[    0.602858] mdio_bus 4a101000.mdio: No GPIO consumer reset found
[    0.604104] sdhci-omap 481d8000.mmc: using DT '/ocp/interconnect@48000000/segment@100000/target-module@d8000/mmc@0' for 'wp' GPIO lookup
[    0.604170] of_get_named_gpiod_flags: can't parse 'wp-gpios' property of node '/ocp/interconnect@48000000/segment@100000/target-module@d8000/mmc@0[0]'
[    0.604212] of_get_named_gpiod_flags: can't parse 'wp-gpio' property of node '/ocp/interconnect@48000000/segment@100000/target-module@d8000/mmc@0[0]'
[    0.604246] sdhci-omap 481d8000.mmc: using lookup tables for GPIO lookup
[    0.604256] sdhci-omap 481d8000.mmc: No GPIO consumer wp found
[    0.604456] sdhci-omap 481d8000.mmc: supply pbias not found, using dummy regulator
[    0.604945] sdhci-omap 481d8000.mmc: supply vqmmc not found, using dummy regulator
[    0.651530] davinci_mdio 4a101000.mdio: davinci mdio revision 1.6, bus freq 1000000
[    0.673679] mdio_bus 4a101000.mdio:00: using DT '/ocp/interconnect@4a000000/segment@0/target-module@100000/switch@0/mdio@1000/ethernet-phy@0' for 'reset' GPIO lookup
[    0.673778] of_get_named_gpiod_flags: parsed 'reset-gpios' property of node '/ocp/interconnect@4a000000/segment@0/target-module@100000/switch@0/mdio@1000/ethernet-phy@0[0]' - status (0)
[    0.673939] gpio gpiochip0: Persistence not supported for GPIO 8
[    0.793099] davinci_mdio 4a101000.mdio: phy[0]: device 4a101000.mdio:00, driver SMSC LAN8710/LAN8720
[    0.793883] cpsw-switch 4a100000.switch: initialized cpsw ale version 1.4
[    0.793905] cpsw-switch 4a100000.switch: ALE Table size 1024, Policers 0
[    0.794162] cpsw-switch 4a100000.switch: cpts: overflow check period 500 (jiffies)
[    0.794182] cpsw-switch 4a100000.switch: CPTS: ref_clk_freq:250000000 calc_mult:2147483648 calc_shift:29 error:0 nsec/sec
[    0.794288] cpsw-switch 4a100000.switch: Detected MACID = 6c:ec:eb:68:de:78
[    0.796141] cpsw-switch 4a100000.switch: initialized (regs 0x4a100000, pool size 256) hw_ver:0019010C 1.12 (0)
[    0.807303] debugfs: '49000000.dma' already exists in 'dmaengine'
[    0.807348] edma 49000000.dma: TI EDMA DMA engine driver
[    0.845100] gpio-clk clk_mcasp0: using DT '/clk_mcasp0' for 'enable' GPIO lookup
[    0.845178] of_get_named_gpiod_flags: parsed 'enable-gpios' property of node '/clk_mcasp0[0]' - status (0)
[    0.845222] gpio gpiochip0: Persistence not supported for GPIO 27
[    0.846082] gpiochip_find_base_unlocked: found new base at 608
[    0.846197] gpio gpiochip3: (gpio-96-127): created GPIO range 0->7 ==> 44e10800.pinmux PIN 82->89
[    0.846218] gpio gpiochip3: (gpio-96-127): created GPIO range 8->11 ==> 44e10800.pinmux PIN 52->55
[    0.846233] gpio gpiochip3: (gpio-96-127): created GPIO range 12->15 ==> 44e10800.pinmux PIN 94->97
[    0.846249] gpio gpiochip3: (gpio-96-127): created GPIO range 16->17 ==> 44e10800.pinmux PIN 71->72
[    0.846265] gpio gpiochip3: (gpio-96-127): created GPIO range 18->18 ==> 44e10800.pinmux PIN 135->135
[    0.846280] gpio gpiochip3: (gpio-96-127): created GPIO range 19->20 ==> 44e10800.pinmux PIN 108->109
[    0.846297] gpio gpiochip3: (gpio-96-127): created GPIO range 21->21 ==> 44e10800.pinmux PIN 73->73
[    0.846314] gpio gpiochip3: (gpio-96-127): created GPIO range 22->23 ==> 44e10800.pinmux PIN 8->9
[    0.846330] gpio gpiochip3: (gpio-96-127): created GPIO range 26->27 ==> 44e10800.pinmux PIN 10->11
