Labgrid Console Logfile for main
Logfile started at 2025-07-14 19:58:34.024299
=== Log starts here ===
reading args
spl_load_image_fat_os: error reading image args, err - -1
reading u-boot.img
reading u-boot.img


U-Boot 2014.04-00014-g47880f5 (Apr 22 2014 - 13:23:54)

I2C:   ready
DRAM:  512 MiB
NAND:  0 MiB
MMC:   OMAP SD/MMC: 0, OMAP SD/MMC: 1
*** Warning - readenv() failed, using default environment

Net:   <ethaddr> not set. Validating first E-fuse MAC
cpsw, usb_ether
Hit any key to stop autoboot:  1  0 
gpio: pin 53 (gpio 53) value is 1
mmc0 is current device
gpio: pin 54 (gpio 54) value is 1
SD/MMC found on device 0
reading uEnv.txt
569 bytes read in 3 ms (184.6 KiB/s)
gpio: pin 55 (gpio 55) value is 1
Loaded environment from uEnv.txt
Importing environment from mmc ...
Checking if uenvcmd is set ...
gpio: pin 56 (gpio 56) value is 1
Running uenvcmd ...
cpsw Waiting for PHY auto negotiation to complete. done
link up on port 0, speed 100, full duplex
Using cpsw device
TFTP from server 192.168.255.126; our IP address is 192.168.255.1
Filename 'zImage'.
Load address: 0x81000000
Loading: *#################################################################
	 #################################################################
	 #################################################################
	 #################################################################
	 #################################################################
	 ####################################################
	 2.4 MiB/s
done
Bytes transferred = 5524280 (544b38 hex)
link up on port 0, speed 100, full duplex
Using cpsw device
TFTP from server 192.168.255.126; our IP address is 192.168.255.1
Filename 'am335x-boneblack.dtb'.
Load address: 0x82000000
Loading: *#######
	 2.4 MiB/s
done
Bytes transferred = 98336 (18020 hex)
Kernel image @ 0x81000000 [ 0x000000 - 0x544b38 ]
## Flattened Device Tree blob at 82000000
   Booting using the fdt blob at 0x82000000
   Using Device Tree in place at 82000000, end 8201b01f

Starting kernel ...

[    0.000000] Booting Linux on physical CPU 0x0
[    0.000000] Linux version 6.12.38 (user01@drvtest01) (arm-none-eabi-gcc (Arm GNU Toolchain 14.2.Rel1 (Build arm-14.52)) 14.2.1 20241119, GNU ld (Arm GNU Toolchain 14.2.Rel1 (Build arm-14.52)) 2.43.1.20241119) #1 SMP Mon Jul 14 19:55:15 EEST 2025
[    0.000000] CPU: ARMv7 Processor [413fc082] revision 2 (ARMv7), cr=10c5387d
[    0.000000] CPU: PIPT / VIPT nonaliasing data cache, VIPT aliasing instruction cache
[    0.000000] OF: fdt: Machine model: TI AM335x BeagleBone Black
[    0.000000] Memory policy: Data cache writeback
[    0.000000] cma: Reserved 16 MiB at 0x9e800000 on node -1
[    0.000000] Zone ranges:
[    0.000000]   Normal   [mem 0x0000000080000000-0x000000009fdfffff]
[    0.000000]   HighMem  empty
[    0.000000] Movable zone start for each node
[    0.000000] Early memory node ranges
[    0.000000]   node   0: [mem 0x0000000080000000-0x000000009fdfffff]
[    0.000000] Initmem setup node 0 [mem 0x0000000080000000-0x000000009fdfffff]
[    0.000000] OF: reserved mem: Reserved memory: No reserved-memory node in the DT
[    0.000000] CPU: All CPU(s) started in SVC mode.
[    0.000000] AM335X ES2.1 (sgx neon)
[    0.000000] percpu: Embedded 17 pages/cpu s40396 r8192 d21044 u69632
[    0.000000] Kernel command line: console=ttyO0,115200n8 root=/dev/nfs rw nfsroot=192.168.255.126:/home/user01/nfs,nfsvers=3 ip=192.168.255.1:192.168.255.126::255.255.255.0:bbb1:eth0 nfsrootdebug
[    0.000000] Unknown kernel command line parameters "nfsrootdebug", will be passed to user space.
[    0.000000] Dentry cache hash table entries: 65536 (order: 6, 262144 bytes, linear)
[    0.000000] Inode-cache hash table entries: 32768 (order: 5, 131072 bytes, linear)
[    0.000000] Built 1 zonelists, mobility grouping on.  Total pages: 130560
[    0.000000] mem auto-init: stack:off, heap alloc:off, heap free:off
[    0.000000] SLUB: HWalign=64, Order=0-3, MinObjects=0, CPUs=1, Nodes=1
[    0.000000] rcu: Hierarchical RCU implementation.
[    0.000000] rcu: 	RCU event tracing is enabled.
[    0.000000] rcu: 	RCU restricting CPUs from NR_CPUS=2 to nr_cpu_ids=1.
[    0.000000] rcu: RCU calculated value of scheduler-enlistment delay is 10 jiffies.
[    0.000000] rcu: Adjusting geometry for rcu_fanout_leaf=16, nr_cpu_ids=1
[    0.000000] NR_IRQS: 16, nr_irqs: 16, preallocated irqs: 16
[    0.000000] IRQ: Found an INTC at 0x(ptrval) (revision 5.0) with 128 interrupts
[    0.000000] rcu: srcu_init: Setting srcu_struct sizes based on contention.
[    0.000000] TI gptimer clocksource: always-on /ocp/interconnect@44c00000/segment@200000/target-module@31000
[    0.000003] sched_clock: 32 bits at 24MHz, resolution 41ns, wraps every 89478484971ns
[    0.000026] clocksource: dmtimer: mask: 0xffffffff max_cycles: 0xffffffff, max_idle_ns: 79635851949 ns
[    0.000491] TI gptimer clockevent: 24000000 Hz at /ocp/interconnect@48000000/segment@0/target-module@40000
[    0.002082] Console: colour dummy device 80x30
[    0.002144] WARNING: Your 'console=ttyO0' has been replaced by 'ttyS0'
[    0.002153] This ensures that you still see kernel messages. Please
[    0.002157] update your kernel commandline.
[    0.002198] Calibrating delay loop... 996.14 BogoMIPS (lpj=4980736)
[    0.090538] CPU: Testing write buffer coherency: ok
[    0.090651] CPU0: Spectre v2: using BPIALL workaround
[    0.090660] pid_max: default: 32768 minimum: 301
[    0.090787] LSM: initializing lsm=capability
[    0.090960] Mount-cache hash table entries: 1024 (order: 0, 4096 bytes, linear)
[    0.090982] Mountpoint-cache hash table entries: 1024 (order: 0, 4096 bytes, linear)
[    0.092542] CPU0: thread -1, cpu 0, socket -1, mpidr 0
[    0.094568] Setting up static identity map for 0x80100000 - 0x80100078
[    0.094877] rcu: Hierarchical SRCU implementation.
[    0.094887] rcu: 	Max phase no-delay instances is 1000.
[    0.096635] smp: Bringing up secondary CPUs ...
[    0.096688] smp: Brought up 1 node, 1 CPU
[    0.096701] SMP: Total of 1 processors activated (996.14 BogoMIPS).
[    0.096713] CPU: All CPU(s) started in SVC mode.
[    0.096899] Memory: 480868K/522240K available (11264K kernel code, 1211K rwdata, 2880K rodata, 1024K init, 295K bss, 23360K reserved, 16384K cma-reserved, 0K highmem)
[    0.097713] devtmpfs: initialized
[    0.114354] VFP support v0.3: implementor 41 architecture 3 part 30 variant c rev 3
[    0.114702] clocksource: jiffies: mask: 0xffffffff max_cycles: 0xffffffff, max_idle_ns: 19112604462750000 ns
[    0.114737] futex hash table entries: 256 (order: 2, 16384 bytes, linear)
[    0.116043] pinctrl core: initialized pinctrl subsystem
[    0.118148] NET: Registered PF_NETLINK/PF_ROUTE protocol family
[    0.121167] DMA: preallocated 256 KiB pool for atomic coherent allocations
[    0.122085] audit: initializing netlink subsys (disabled)
[    0.123438] thermal_sys: Registered thermal governor 'fair_share'
[    0.123455] thermal_sys: Registered thermal governor 'step_wise'
[    0.123464] thermal_sys: Registered thermal governor 'user_space'
[    0.123579] audit: type=2000 audit(0.120:1): state=initialized audit_enabled=0 res=1
[    0.123650] cpuidle: using governor menu
[    0.141269] /ocp/interconnect@44c00000/segment@200000/target-module@b000/i2c@0/tda19988@70: Fixed dependency cycle(s) with /ocp/interconnect@48000000/segment@300000/target-module@e000/lcdc@0
[    0.142393] /ocp/interconnect@48000000/segment@300000/target-module@e000/lcdc@0: Fixed dependency cycle(s) with /ocp/interconnect@44c00000/segment@200000/target-module@b000/i2c@0/tda19988@70
[    0.144555] No ATAGs?
[    0.144572] hw-breakpoint: debug architecture 0x4 unsupported.
[    0.147190] kprobes: kprobe jump-optimization is enabled. All kprobes are optimized if possible.
[    0.153859] iommu: Default domain type: Translated
[    0.153879] iommu: DMA domain TLB invalidation policy: strict mode
[    0.161328] SCSI subsystem initialized
[    0.162179] pps_core: LinuxPPS API ver. 1 registered
[    0.162190] pps_core: Software ver. 5.3.6 - Copyright 2005-2007 Rodolfo Giometti <giometti@linux.it>
[    0.162213] PTP clock support registered
[    0.170987] vgaarb: loaded
[    0.171338] clocksource: Switched to clocksource dmtimer
[    0.171989] VFS: Disk quotas dquot_6.6.0
[    0.172032] VFS: Dquot-cache hash table entries: 1024 (order 0, 4096 bytes)
[    0.196047] NET: Registered PF_INET protocol family
[    0.196388] IP idents hash table entries: 8192 (order: 4, 65536 bytes, linear)
[    0.197757] tcp_listen_portaddr_hash hash table entries: 512 (order: 0, 4096 bytes, linear)
[    0.197796] Table-perturb hash table entries: 65536 (order: 6, 262144 bytes, linear)
[    0.197814] TCP established hash table entries: 4096 (order: 2, 16384 bytes, linear)
[    0.197861] TCP bind hash table entries: 4096 (order: 4, 65536 bytes, linear)
[    0.197961] TCP: Hash tables configured (established 4096 bind 4096)
[    0.198080] UDP hash table entries: 256 (order: 1, 8192 bytes, linear)
[    0.198110] UDP-Lite hash table entries: 256 (order: 1, 8192 bytes, linear)
[    0.198281] NET: Registered PF_UNIX/PF_LOCAL protocol family
[    0.199549] RPC: Registered named UNIX socket transport module.
[    0.199568] RPC: Registered udp transport module.
[    0.199574] RPC: Registered tcp transport module.
[    0.199579] RPC: Registered tcp-with-tls transport module.
[    0.199583] RPC: Registered tcp NFSv4.1 backchannel transport module.
[    0.199607] PCI: CLS 0 bytes, default 64
[    0.200985] Initialise system trusted keyrings
[    0.211875] workingset: timestamp_bits=14 max_order=17 bucket_order=3
[    0.213161] NFS: Registering the id_resolver key type
[    0.213226] Key type id_resolver registered
[    0.213233] Key type id_legacy registered
[    0.213281] jffs2: version 2.2. (NAND) (SUMMARY)  Â© 2001-2006 Red Hat, Inc.
[    0.213679] Key type asymmetric registered
[    0.213694] Asymmetric key parser 'x509' registered
[    0.213759] io scheduler mq-deadline registered
[    0.213770] io scheduler kyber registered
[    0.213832] io scheduler bfq registered
[    0.215677] target-module@4b000000:target-module@140000:pmu@0:fck: device ID is greater than 24
[    0.221880] l3-aon-clkctrl:0000:0: failed to disable
[    0.222140] ledtrig-cpu: registered to indicate activity on CPUs
[    0.232137] Serial: 8250/16550 driver, 6 ports, IRQ sharing enabled
[    0.265662] brd: module loaded
[    0.284126] loop: module loaded
[    0.285056] mtdoops: mtd device (mtddev=name/number) must be supplied
[    0.288139] i2c_dev: i2c /dev entries driver
[    0.289104] cpuidle: enable-method property 'ti,am3352' found operations
[    0.289538] sdhci: Secure Digital Host Controller Interface driver
[    0.289547] sdhci: Copyright(c) Pierre Ossman
[    0.289724] sdhci-pltfm: SDHCI platform and OF driver helper
[    0.314576] hw perfevents: enabled with armv7_cortex_a8 PMU driver, 5 (8000000f) counters available
[    0.315117] Initializing XFRM netlink socket
[    0.315256] NET: Registered PF_INET6 protocol family
[    0.320897] l3-aon-clkctrl:0000:0: failed to disable
[    0.322567] Segment Routing with IPv6
[    0.322652] In-situ OAM (IOAM) with IPv6
[    0.322747] sit: IPv6, IPv4 and MPLS over IPv4 tunneling driver
[    0.323677] NET: Registered PF_PACKET protocol family
[    0.323702] NET: Registered PF_KEY protocol family
[    0.323823] Key type dns_resolver registered
[    0.324046] ThumbEE CPU extension supported.
[    0.324066] Registering SWP/SWPB emulation handler
[    0.324586] omap_voltage_late_init: Voltage driver support not added
[    0.325274] SmartReflex Class3 initialized
[    0.357053] Loading compiled-in X.509 certificates
[    0.396388] /ocp/interconnect@44c00000/segment@200000/target-module@b000/i2c@0/tda19988@70: Fixed dependency cycle(s) with /ocp/interconnect@48000000/segment@300000/target-module@e000/lcdc@0
[    0.402699] /ocp/interconnect@44c00000/segment@200000/target-module@b000/i2c@0/tda19988@70: Fixed dependency cycle(s) with /ocp/interconnect@48000000/segment@300000/target-module@e000/lcdc@0
[    0.432364] /ocp/interconnect@44c00000/segment@200000/target-module@b000/i2c@0/tda19988@70: Fixed dependency cycle(s) with /ocp/interconnect@48000000/segment@300000/target-module@e000/lcdc@0
[    0.433229] /ocp/interconnect@44c00000/segment@200000/target-module@b000/i2c@0/tda19988@70: Fixed dependency cycle(s) with /ocp/interconnect@48000000/segment@300000/target-module@e000/lcdc@0
[    0.436493] /ocp/interconnect@44c00000/segment@200000/target-module@10000/scm@0/pinmux@800: Fixed dependency cycle(s) with /ocp/interconnect@44c00000/segment@200000/target-module@10000/scm@0/pinmux@800/clkout2-pins
[    0.437082] pinctrl-single 44e10800.pinmux: 142 pins, size 568
[    0.442282] ti-sysc 44e31000.target-module: probe with driver ti-sysc failed with error -16
[    0.468215] /ocp/interconnect@48000000/segment@300000/target-module@e000/lcdc@0: Fixed dependency cycle(s) with /ocp/interconnect@44c00000/segment@200000/target-module@b000/i2c@0/tda19988@70
[    0.475960] ti-sysc 48040000.target-module: probe with driver ti-sysc failed with error -16
[    0.532792] OMAP GPIO hardware version 0.1
[    0.561682] omap_i2c 4819c000.i2c: bus 2 rev0.11 at 100 kHz
[    0.601103] 48000000.interconnect:segment@200000:target-module@0:mpu@0:fck: device ID is greater than 24
[    0.602173] /ocp/interconnect@48000000/segment@300000/target-module@e000/lcdc@0: Fixed dependency cycle(s) with /ocp/interconnect@44c00000/segment@200000/target-module@b000/i2c@0/tda19988@70
[    0.604841] /ocp/interconnect@48000000/segment@300000/target-module@e000/lcdc@0: Fixed dependency cycle(s) with /ocp/interconnect@44c00000/segment@200000/target-module@b000/i2c@0/tda19988@70
[    0.605499] /ocp/interconnect@44c00000/segment@200000/target-module@b000/i2c@0/tda19988@70: Fixed dependency cycle(s) with /ocp/interconnect@48000000/segment@300000/target-module@e000/lcdc@0
[    0.605656] /ocp/interconnect@48000000/segment@300000/target-module@e000/lcdc@0: Fixed dependency cycle(s) with /ocp/interconnect@44c00000/segment@200000/target-module@b000/i2c@0/tda19988@70
[    0.616324] sdhci-omap 481d8000.mmc: supply pbias not found, using dummy regulator
[    0.616803] sdhci-omap 481d8000.mmc: supply vqmmc not found, using dummy regulator
[    0.679964] davinci_mdio 4a101000.mdio: davinci mdio revision 1.6, bus freq 1000000
[    0.786709] davinci_mdio 4a101000.mdio: phy[0]: device 4a101000.mdio:00, driver SMSC LAN8710/LAN8720
[    0.787471] cpsw-switch 4a100000.switch: initialized cpsw ale version 1.4
[    0.787492] cpsw-switch 4a100000.switch: ALE Table size 1024, Policers 0
[    0.787805] cpsw-switch 4a100000.switch: cpts: overflow check period 500 (jiffies)
[    0.787824] cpsw-switch 4a100000.switch: CPTS: ref_clk_freq:250000000 calc_mult:2147483648 calc_shift:29 error:0 nsec/sec
[    0.787929] cpsw-switch 4a100000.switch: Detected MACID = 6c:ec:eb:68:de:78
[    0.789748] cpsw-switch 4a100000.switch: initialized (regs 0x4a100000, pool size 256) hw_ver:0019010C 1.12 (0)
[    0.800410] debugfs: Directory '49000000.dma' with parent 'dmaengine' already present!
[    0.800449] edma 49000000.dma: TI EDMA DMA engine driver
[    0.859701] 44e09000.serial: ttyS0 at MMIO 0x44e09000 (irq = 34, base_baud = 3000000) is a 8250
[    0.859788] printk: legacy console [ttyS0] enabled
[    2.322319] tps65217-pmic: Failed to locate of_node [id: -1]
[    2.328393] tps65217-bl: Failed to locate of_node [id: -1]
[    2.339595] tps65217 0-0024: TPS65217 ID 0xe version 1.2
[    2.345704] /ocp/interconnect@48000000/segment@300000/target-module@e000/lcdc@0: Fixed dependency cycle(s) with /ocp/interconnect@44c00000/segment@200000/target-module@b000/i2c@0/tda19988@70
[    2.363078] /ocp/interconnect@44c00000/segment@200000/target-module@b000/i2c@0/tda19988@70: Fixed dependency cycle(s) with /ocp/interconnect@48000000/segment@300000/target-module@e000/lcdc@0
[    2.380435] omap_i2c 44e0b000.i2c: bus 0 rev0.11 at 400 kHz
[    2.388424] omap_gpio 44e07000.gpio: Could not set line 6 debounce to 200000 microseconds (-22)
[    2.397321] sdhci-omap 48060000.mmc: Got CD GPIO
[    2.402369] sdhci-omap 48060000.mmc: supply pbias not found, using dummy regulator
[    2.412472] sdhci-omap 48060000.mmc: supply vqmmc not found, using dummy regulator
[    2.420999] sdhci-omap 481d8000.mmc: supply pbias not found, using dummy regulator
[    2.429980] sdhci-omap 481d8000.mmc: supply vqmmc not found, using dummy regulator
[    2.468369] mmc1: SDHCI controller on 481d8000.mmc [481d8000.mmc] using External DMA
[    2.477563] mmc0: SDHCI controller on 48060000.mmc [48060000.mmc] using External DMA
[    2.486352] cpsw-switch 4a100000.switch: starting ndev. mode: dual_mac
[    2.530573] mmc0: new high speed SDHC card at address 5048
[    2.537619] mmcblk0: mmc0:5048 SD16G 14.4 GiB
[    2.545643]  mmcblk0: p1 p2
[    2.549009] mmcblk0: p2 size 31221760 extends beyond EOD, truncated
[    2.562674] SMSC LAN8710/LAN8720 4a101000.mdio:00: attached PHY driver (mii_bus:phy_addr=4a101000.mdio:00, irq=POLL)
[    2.574864] mmc1: new high speed MMC card at address 0001
[    2.581761] mmcblk1: mmc1:0001 MMC04G 3.60 GiB
[    2.593510]  mmcblk1: p1 p2
[    2.597740] mmcblk1boot0: mmc1:0001 MMC04G 2.00 MiB
[    2.605050] mmcblk1boot1: mmc1:0001 MMC04G 2.00 MiB
[    2.612332] mmcblk1rpmb: mmc1:0001 MMC04G 128 KiB, chardev (250:0)
[    5.762123] cpsw-switch 4a100000.switch eth0: Link is Up - 100Mbps/Full - flow control off
[    5.801573] IP-Config: Complete:
[    5.804844]      device=eth0, hwaddr=6c:ec:eb:68:de:78, ipaddr=192.168.255.1, mask=255.255.255.0, gw=255.255.255.255
[    5.815510]      host=bbb1, domain=, nis-domain=(none)
[    5.820677]      bootserver=192.168.255.126, rootserver=192.168.255.126, rootpath=
[    5.821133] clk: Disabling unused clocks
[    5.832985] PM: genpd: Disabling unused power domains
[    5.838103] KTAP version 1
[    5.840823] 1..0
[    5.864851] VFS: Mounted root (nfs filesystem) on device 0:17.
[    5.871853] devtmpfs: mounted
[    5.876263] Freeing unused kernel image (initmem) memory: 1024K
[    5.883184] Run /sbin/init as init process
[    6.574131] systemd[1]: System time before build time, advancing clock.
[    8.041362] random: crng init done
[    8.082683] systemd[1]: systemd 232 running in system mode. (+PAM +AUDIT +SELINUX +IMA +APPARMOR +SMACK +SYSVINIT +UTMP +LIBCRYPTSETUP +GCRYPT +GNUTLS +ACL +XZ +LZ4 +SECCOMP +BLKID +ELFUTILS +KMOD +IDN)
[    8.101898] systemd[1]: Detected architecture arm.

Welcome to [1mDebian GNU/Linux 9 (stretch)[0m!

[    8.134337] systemd[1]: Set hostname to <arm>.
[    9.220365] systemd[1]: Started Dispatch Password Requests to Console Directory Watch.
[[0;32m  OK  [0m] Started Dispatch Password Requests to Console Directory Watch.
[    9.251971] systemd[1]: Listening on udev Kernel Socket.
[[0;32m  OK  [0m] Listening on udev Kernel Socket.
[    9.281697] systemd[1]: Reached target Remote File Systems.
[[0;32m  OK  [0m] Reached target Remote File Systems.
[    9.312328] systemd[1]: Listening on Journal Audit Socket.
[[0;32m  OK  [0m] Listening on Journal Audit Socket.
[    9.343415] systemd[1]: Listening on Journal Socket (/dev/log).
[[0;32m  OK  [0m] Listening on Journal Socket (/dev/log).
[    9.372219] systemd[1]: Listening on Journal Socket.
[[0;32m  OK  [0m] Listening on Journal Socket.
[    9.402948] systemd[1]: Created slice System Slice.
[[0;32m  OK  [0m] Created slice System Slice.
         Starting Remount Root and Kernel File Systems...
         Starting Load Kernel Modules...
[[0;32m  OK  [0m] Created slice system-getty.slice.
         Starting Create list of required stâ€¦ce nodes for the current kernel...
[[0;32m  OK  [0m] Created slice system-serial\x2dgetty.slice.
[[0;32m  OK  [0m] Reached target Swap.
[[0;32m  OK  [0m] Listening on /dev/initctl Compatibility Named Pipe.
         Mounting Debug File System...
[[0;32m  OK  [0m] Started Forward Password Requests to Wall Directory Watch.
[[0;32m  OK  [0m] Listening on Syslog Socket.
[[0;32m  OK  [0m] Listening on udev Control Socket.
         Mounting POSIX Message Queue File System...
[[0;32m  OK  [0m] Reached target Paths.
         Starting Journal Service...
[[0;32m  OK  [0m] Set up automount Arbitrary Executabâ€¦rmats File System Automount Point.
[[0;32m  OK  [0m] Reached target Encrypted Volumes.
[[0;32m  OK  [0m] Created slice User and Session Slice.
[[0;32m  OK  [0m] Reached target Slices.
[[0;32m  OK  [0m] Mounted POSIX Message Queue File System.
[[0;32m  OK  [0m] Mounted Debug File System.
[[0;32m  OK  [0m] Started Remount Root and Kernel File Systems.
[[0;32m  OK  [0m] Started Load Kernel Modules.
[[0;32m  OK  [0m] Started Create list of required staâ€¦vice nodes for the current kernel.
         Starting Create Static Device Nodes in /dev...
         Starting Apply Kernel Variables...
         Mounting Configuration File System...
         Starting Load/Save Random Seed...
         Starting udev Coldplug all Devices...
[[0;32m  OK  [0m] Mounted Configuration File System.
[[0;32m  OK  [0m] Started Apply Kernel Variables.
[[0;32m  OK  [0m] Started Load/Save Random Seed.
[[0;32m  OK  [0m] Started Create Static Device Nodes in /dev.
[[0;32m  OK  [0m] Reached target Local File Systems (Pre).
[[0;32m  OK  [0m] Reached target Local File Systems.
         Starting Raise network interfaces...
         Starting udev Kernel Device Manager...
[[0;32m  OK  [0m] Started Journal Service.
         Starting Flush Journal to Persistent Storage...
[   11.521683] systemd-journald[91]: Received request to flush runtime journal from PID 1
[[0;32m  OK  [0m] Started Flush Journal to Persistent Storage.
         Starting Create Volatile Files and Directories...
[[0;32m  OK  [0m] Started udev Kernel Device Manager.
[[0;32m  OK  [0m] Started Create Volatile Files and Directories.
         Starting Update UTMP about System Boot/Shutdown...
         Starting Network Time Synchronization...
[[0;32m  OK  [0m] Started Update UTMP about System Boot/Shutdown.
[[0;32m  OK  [0m] Started udev Coldplug all Devices.
[   14.623705] remoteproc remoteproc0: wkup_m3 is available
[[0;32m  OK  [0m] Started Network Time Synchronization.
[   14.759454] omap_rtc 44e3e000.rtc: registered as rtc0
[   14.764830] omap_rtc 44e3e000.rtc: setting system clock to 2000-01-01T00:00:00 UTC (946684800)
[   15.091805] omap_wdt: OMAP Watchdog Timer Rev 0x01: initial timeout 60 sec
[   15.157177] tps6521x_pwrbutton tps65217-pwrbutton: DMA mask not set
[   15.244943] at24 2-0054: supply vcc not found, using dummy regulator
[[0;32m  OK  [0m] Found device /dev/ttyS0.
[[0;32m  OK  [0m] Reached target System Initialization.
[   15.330435] input: tps65217_pwrbutton as /devices/platform/ocp/44c00000.interconnect/44c00000.interconnect:segment@200000/44e0b000.target-module/44e0b000.i2c/i2c-0/0-0024/tps65217-pwrbutton/input/input0
[[0;32m  OK  [0m] Started Daily Cleanup of Temporary Directories.
[   15.392226] at24 2-0055: supply vcc not found, using dummy regulator
[[0;32m  OK  [0m] Listening on D-Bus System Message Bus Socket.
[   15.488299] at24 2-0056: supply vcc not found, using dummy regulator
[   15.575543] at24 2-0057: supply vcc not found, using dummy regulator
[[0;32m  OK  [0m] Listening on Avahi mDNS/DNS-SD Stack Activation Socket.
[[0;32m  OK  [0m] Reached target Sockets.
[[0;32m  OK  [0m] Reached target Basic System.
[   15.698020] wkup_m3_ipc 44e11324.wkup_m3_ipc: IPC Request for A8->M3 Channel failed! -517
[   15.723455] at24 0-0050: 32768 byte 24c256 EEPROM, writable, 1 bytes/write
[   15.732496] wkup_m3_ipc 44e11324.wkup_m3_ipc: IPC Request for A8->M3 Channel failed! -517
         Starting Login Service...
         Starting Cape Manager Service...
[   16.100794] am335x-phy-driver 47401300.usb-phy: dummy supplies not allowed for exclusive requests (id=vbus)
[[0;32m  OK  [0m] Started Regular background program processing daemon.
[[0;32m  OK  [0m] Started D-Bus System Message Bus.
[   16.411237] usbcore: registered new interface driver usbfs
[   16.417953] usbcore: registered new interface driver hub
[   16.423531] usbcore: registered new device driver usb
[   16.540340] am335x-phy-driver 47401b00.usb-phy: dummy supplies not allowed for exclusive requests (id=vbus)
[   16.562341] wkup_m3_ipc 44e11324.wkup_m3_ipc: IPC Request for A8->M3 Channel failed! -517
[   16.711138] wkup_m3_ipc 44e11324.wkup_m3_ipc: IPC Request for A8->M3 Channel failed! -517
[   17.141522] tda998x 0-0070: found TDA19988
[   17.166711] wkup_m3_ipc 44e11324.wkup_m3_ipc: IPC Request for A8->M3 Channel failed! -517
[   17.297364] musb-hdrc musb-hdrc.1: MUSB HDRC host driver
[   17.302993] musb-hdrc musb-hdrc.1: new USB bus registered, assigned bus number 1
[   17.327182] wkup_m3_ipc 44e11324.wkup_m3_ipc: IPC Request for A8->M3 Channel failed! -517
[   17.477743] wkup_m3_ipc 44e11324.wkup_m3_ipc: IPC Request for A8->M3 Channel failed! -517
[   17.610970] usb usb1: New USB device found, idVendor=1d6b, idProduct=0002, bcdDevice= 6.12
[   17.619482] usb usb1: New USB device strings: Mfr=3, Product=2, SerialNumber=1
[   17.626842] usb usb1: Product: MUSB HDRC host driver
[   17.631866] usb usb1: Manufacturer: Linux 6.12.38 musb-hcd
[   17.637382] usb usb1: SerialNumber: musb-hdrc.1
[   17.725773] omap-mailbox 480c8000.mailbox: omap mailbox rev 0x400
[   17.793198] remoteproc remoteproc0: powering up wkup_m3
[   17.922904] remoteproc remoteproc0: Direct firmware load for am335x-pm-firmware.elf failed with error -2
[   17.932958] remoteproc remoteproc0: request_firmware failed: -2
[   17.938926] wkup_m3_ipc 44e11324.wkup_m3_ipc: rproc_boot failed
[   18.062038] hub 1-0:1.0: USB hub found
[   18.121157] hub 1-0:1.0: 1 port detected
[   19.667432] tilcdc 4830e000.lcdc: bound 0-0070 (ops 0xbf0950fc)
[   19.693098] omap_rng 48310000.rng: Random Number Generator ver. 20
[   19.751018] [drm] Initialized tilcdc 1.0.0 for 4830e000.lcdc on minor 0
[   19.803280] tilcdc 4830e000.lcdc: [drm] Cannot find any crtc or sizes
[   19.813374] tilcdc 4830e000.lcdc: [drm] Cannot find any crtc or sizes
         Starting Connection service...
         Starting DUN service...
         Starting Avahi mDNS/DNS-SD Stack...
         Starting LSB: Load kernel modules needed to enable cpufreq scaling...
         Starting LSB: Start busybox udhcpd at boot time...
[   20.617168] PM: Cannot get wkup_m3_ipc handle
[   20.625476] omap-sham 53100000.sham: hw accel on OMAP rev 4.3
         Starting System Logging Service...
         Starting Generic Board Startup...
[   20.796826] omap-sham 53100000.sham: will run requests pump with realtime priority
[   20.808406] PM: Cannot get wkup_m3_ipc handle
[   20.857605] omap-aes 53500000.aes: OMAP AES hw accel rev: 3.2
         Starting Telephony service...
[[0;32m  OK  [0m] Reached target System Time Synchronized.
[   21.035057] omap-aes 53500000.aes: will run requests pump with realtime priority
[   21.043754] PM: Cannot get wkup_m3_ipc handle
[[0;32m  OK  [0m] Started Daily apt download activities.
[[0;32m  OK  [0m] Started Daily apt upgrade and clean activities.
[[0;32m  OK  [0m] Reached target Timers.
[[0;32m  OK  [0m] Started Cape Manager Service.
[[0;32m  OK  [0m] Started System Logging Service.
[   24.034855] Bluetooth: Core ver 2.22
[   24.038652] NET: Registered PF_BLUETOOTH protocol family
[   24.044207] Bluetooth: HCI device and connection manager initialized
[   24.050624] Bluetooth: HCI socket layer initialized
[   24.055727] Bluetooth: L2CAP socket layer initialized
[   24.060906] Bluetooth: SCO socket layer initialized
[   24.610225] PM: Cannot get wkup_m3_ipc handle
[   24.708761] PM: Cannot get wkup_m3_ipc handle
[[0;32m  OK  [0m] Started Raise network interfaces.
[[0;32m  OK  [0m] Started LSB: Start busybox udhcpd at boot time.
[[0;32m  OK  [0m] Started LSB: Load kernel modules needed to enable cpufreq scaling.
[[0;32m  OK  [0m] Started DUN service.
[[0;32m  OK  [0m] Started Telephony service.
[[0;32m  OK  [0m] Started Avahi mDNS/DNS-SD Stack.
[[0;32m  OK  [0m] Started Connection service.
[[0;32m  OK  [0m] Started Login Service.
[[0;32m  OK  [0m] Reached target Sound Card.
         Starting LSB: set CPUFreq kernel parameters...
[   28.823651] configfs-gadget.g_multi gadget.0: HOST MAC 1c:ba:8c:a2:ed:6c
[   28.830423] configfs-gadget.g_multi gadget.0: MAC 1c:ba:8c:a2:ed:70
[   28.837833] configfs-gadget.g_multi gadget.0: HOST MAC 1c:ba:8c:a2:ed:6c
[   28.844690] configfs-gadget.g_multi gadget.0: MAC 1c:ba:8c:a2:ed:6d
[   28.853411] PM: Cannot get wkup_m3_ipc handle
[[0;32m  OK  [0m] Reached target Network.
         Starting OpenBSD Secure Shell server...
[[0;32m  OK  [0m] Reached target Network is Online.
         Starting LSB: Advanced IEEE 802.11 management daemon...
         Starting The Apache HTTP Server...
         Starting Permit User Sessions...
[[0;32m  OK  [0m] Started LSB: Advanced IEEE 802.11 management daemon.
[[0;32m  OK  [0m] Started Permit User Sessions.
         Starting Hostname Service...
         Starting WPA supplicant...
[[0;32m  OK  [0m] Started Serial Getty on ttyS0.
[[0;32m  OK  [0m] Started Getty on tty1.
[[0;32m  OK  [0m] Reached target Login Prompts.
[[0;32m  OK  [0m] Started LSB: set CPUFreq kernel parameters.
[[0;32m  OK  [0m] Started Hostname Service.
[[0;32m  OK  [0m] Started WPA supplicant.
[[0;32m  OK  [0m] Started OpenBSD Secure Shell server.
         Stopping LSB: Start busybox udhcpd at boot time...
[[0;32m  OK  [0m] Started The Apache HTTP Server.
[[0;32m  OK  [0m] Stopped LSB: Start busybox udhcpd at boot time.
         Starting dnsmasq - A lightweight DHCP and caching DNS server...
[[0;32m  OK  [0m] Started dnsmasq - A lightweight DHCP and caching DNS server.
[[0;32m  OK  [0m] Reached target Host and Network Name Lookups.
[[0;32m  OK  [0m] Started Serial Getty on ttyGS0.
[[0;32m  OK  [0m] Started Generic Board Startup.
[[0;32m  OK  [0m] Reached target Multi-User System.
[[0;32m  OK  [0m] Reached target Graphical Interface.
         Starting Update UTMP about System Runlevel Changes...
[[0;32m  OK  [0m] Started Update UTMP about System Runlevel Changes.

Debian GNU/Linux 9 arm ttyS0

default username:password is [debian:temppwd]

arm login: root
Password: 
Last login: Sat Jan  1 00:00:28 UTC 2000 on ttyS0
root
Linux arm 6.12.38 #1 SMP Mon Jul 14 19:55:15 EEST 2025 armv7l

The programs included with the Debian GNU/Linux system are free software;
the exact distribution terms for each program are described in the
individual files in /usr/share/doc/*/copyright.

Debian GNU/Linux comes with ABSOLUTELY NO WARRANTY, to the extent
permitted by applicable law.
root@arm:~# root
-bash: root: command not found
root@arm:~# dmesg -n 1
root@arm:~# echo 'VMEK''OSKVJZ'
VMEKOSKVJZ
root@arm:~# run() { echo -n "$MARKER"; sh -c "$@"; echo "$MARKER $?"; }
root@arm:~# echo 'OTFE''EPQBWG'
OTFEEPQBWG
root@arm:~# MARKER='JQLX''MPQQFE' run 'cat /proc/version'
JQLXMPQQFELinux version 6.12.38 (user01@drvtest01) (arm-none-eabi-gcc (Arm GNU Toolchain 14.2.Rel1 (Build arm-14.52)) 14.2.1 20241119, GNU ld (Arm GNU Toolchain 14.2.Rel1 (Build arm-14.52)) 2.43.1.20241119) #1 SMP Mon Jul 14 19:55:15 EEST 2025
JQLXMPQQFE 0
root@arm:~# echo 'LOOT''LNZQBU'
LOOTLNZQBU
root@arm:~# MARKER='QASB''EJVTZY' run false
QASBEJVTZYQASBEJVTZY 1
root@arm:~# Labgrid Console Logfile for main
Logfile started at 2025-07-14 19:59:35.716460
=== Log starts here ===

root@arm:~# run() { echo -n "$MARKER"; sh -c "$@"; echo "$MARKER $?"; }
root@arm:~# echo 'GENS''MUSBTW'
GENSMUSBTW
root@arm:~# MARKER='KYLG''UFUOHV' run 'ls /iio_generic_buffer; echo $?'
KYLGUFUOHV/iio_generic_buffer
0
KYLGUFUOHV 0
root@arm:~# Labgrid Console Logfile for main
Logfile started at 2025-07-14 19:59:39.084281
=== Log starts here ===

root@arm:~# run() { echo -n "$MARKER"; sh -c "$@"; echo "$MARKER $?"; }
root@arm:~# echo 'LSUT''ZPSUZZ'
LSUTZPSUZZ
root@arm:~# MARKER='CPJM''GWFXSG' run dmesg
CPJMGWFXSG[    0.000000] Booting Linux on physical CPU 0x0
[    0.000000] Linux version 6.12.38 (user01@drvtest01) (arm-none-eabi-gcc (Arm GNU Toolchain 14.2.Rel1 (Build arm-14.52)) 14.2.1 20241119, GNU ld (Arm GNU Toolchain 14.2.Rel1 (Build arm-14.52)) 2.43.1.20241119) #1 SMP Mon Jul 14 19:55:15 EEST 2025
[    0.000000] CPU: ARMv7 Processor [413fc082] revision 2 (ARMv7), cr=10c5387d
[    0.000000] CPU: PIPT / VIPT nonaliasing data cache, VIPT aliasing instruction cache
[    0.000000] OF: fdt: Machine model: TI AM335x BeagleBone Black
[    0.000000] Memory policy: Data cache writeback
[    0.000000] cma: Reserved 16 MiB at 0x9e800000 on node -1
[    0.000000] Zone ranges:
[    0.000000]   Normal   [mem 0x0000000080000000-0x000000009fdfffff]
[    0.000000]   HighMem  empty
[    0.000000] Movable zone start for each node
[    0.000000] Early memory node ranges
[    0.000000]   node   0: [mem 0x0000000080000000-0x000000009fdfffff]
[    0.000000] Initmem setup node 0 [mem 0x0000000080000000-0x000000009fdfffff]
[    0.000000] OF: reserved mem: Reserved memory: No reserved-memory node in the DT
[    0.000000] CPU: All CPU(s) started in SVC mode.
[    0.000000] AM335X ES2.1 (sgx neon)
[    0.000000] percpu: Embedded 17 pages/cpu s40396 r8192 d21044 u69632
[    0.000000] pcpu-alloc: s40396 r8192 d21044 u69632 alloc=17*4096
[    0.000000] pcpu-alloc: [0] 0 
[    0.000000] Kernel command line: console=ttyO0,115200n8 root=/dev/nfs rw nfsroot=192.168.255.126:/home/user01/nfs,nfsvers=3 ip=192.168.255.1:192.168.255.126::255.255.255.0:bbb1:eth0 nfsrootdebug
[    0.000000] Unknown kernel command line parameters "nfsrootdebug", will be passed to user space.
[    0.000000] Dentry cache hash table entries: 65536 (order: 6, 262144 bytes, linear)
[    0.000000] Inode-cache hash table entries: 32768 (order: 5, 131072 bytes, linear)
[    0.000000] Built 1 zonelists, mobility grouping on.  Total pages: 130560
[    0.000000] mem auto-init: stack:off, heap alloc:off, heap free:off
[    0.000000] SLUB: HWalign=64, Order=0-3, MinObjects=0, CPUs=1, Nodes=1
[    0.000000] rcu: Hierarchical RCU implementation.
[    0.000000] rcu: 	RCU event tracing is enabled.
[    0.000000] rcu: 	RCU restricting CPUs from NR_CPUS=2 to nr_cpu_ids=1.
[    0.000000] rcu: RCU calculated value of scheduler-enlistment delay is 10 jiffies.
[    0.000000] rcu: Adjusting geometry for rcu_fanout_leaf=16, nr_cpu_ids=1
[    0.000000] NR_IRQS: 16, nr_irqs: 16, preallocated irqs: 16
[    0.000000] IRQ: Found an INTC at 0x(ptrval) (revision 5.0) with 128 interrupts
[    0.000000] rcu: srcu_init: Setting srcu_struct sizes based on contention.
[    0.000000] TI gptimer clocksource: always-on /ocp/interconnect@44c00000/segment@200000/target-module@31000
[    0.000003] sched_clock: 32 bits at 24MHz, resolution 41ns, wraps every 89478484971ns
[    0.000026] clocksource: dmtimer: mask: 0xffffffff max_cycles: 0xffffffff, max_idle_ns: 79635851949 ns
[    0.000491] TI gptimer clockevent: 24000000 Hz at /ocp/interconnect@48000000/segment@0/target-module@40000
[    0.002082] Console: colour dummy device 80x30
[    0.002144] WARNING: Your 'console=ttyO0' has been replaced by 'ttyS0'
[    0.002153] This ensures that you still see kernel messages. Please
[    0.002157] update your kernel commandline.
[    0.002198] Calibrating delay loop... 996.14 BogoMIPS (lpj=4980736)
[    0.090538] CPU: Testing write buffer coherency: ok
[    0.090651] CPU0: Spectre v2: using BPIALL workaround
[    0.090660] pid_max: default: 32768 minimum: 301
[    0.090787] LSM: initializing lsm=capability
[    0.090960] Mount-cache hash table entries: 1024 (order: 0, 4096 bytes, linear)
[    0.090982] Mountpoint-cache hash table entries: 1024 (order: 0, 4096 bytes, linear)
[    0.092542] CPU0: thread -1, cpu 0, socket -1, mpidr 0
[    0.094568] Setting up static identity map for 0x80100000 - 0x80100078
[    0.094877] rcu: Hierarchical SRCU implementation.
[    0.094887] rcu: 	Max phase no-delay instances is 1000.
[    0.096635] smp: Bringing up secondary CPUs ...
[    0.096688] smp: Brought up 1 node, 1 CPU
[    0.096701] SMP: Total of 1 processors activated (996.14 BogoMIPS).
[    0.096713] CPU: All CPU(s) started in SVC mode.
[    0.096899] Memory: 480868K/522240K available (11264K kernel code, 1211K rwdata, 2880K rodata, 1024K init, 295K bss, 23360K reserved, 16384K cma-reserved, 0K highmem)
[    0.097713] devtmpfs: initialized
[    0.114354] VFP support v0.3: implementor 41 architecture 3 part 30 variant c rev 3
[    0.114702] clocksource: jiffies: mask: 0xffffffff max_cycles: 0xffffffff, max_idle_ns: 19112604462750000 ns
[    0.114737] futex hash table entries: 256 (order: 2, 16384 bytes, linear)
[    0.116043] pinctrl core: initialized pinctrl subsystem
[    0.118148] NET: Registered PF_NETLINK/PF_ROUTE protocol family
[    0.121167] DMA: preallocated 256 KiB pool for atomic coherent allocations
[    0.122085] audit: initializing netlink subsys (disabled)
[    0.123438] thermal_sys: Registered thermal governor 'fair_share'
[    0.123455] thermal_sys: Registered thermal governor 'step_wise'
[    0.123464] thermal_sys: Registered thermal governor 'user_space'
[    0.123579] audit: type=2000 audit(0.120:1): state=initialized audit_enabled=0 res=1
[    0.123650] cpuidle: using governor menu
[    0.141269] /ocp/interconnect@44c00000/segment@200000/target-module@b000/i2c@0/tda19988@70: Fixed dependency cycle(s) with /ocp/interconnect@48000000/segment@300000/target-module@e000/lcdc@0
[    0.142393] /ocp/interconnect@48000000/segment@300000/target-module@e000/lcdc@0: Fixed dependency cycle(s) with /ocp/interconnect@44c00000/segment@200000/target-module@b000/i2c@0/tda19988@70
[    0.144555] No ATAGs?
[    0.144572] hw-breakpoint: debug architecture 0x4 unsupported.
[    0.147190] kprobes: kprobe jump-optimization is enabled. All kprobes are optimized if possible.
[    0.153859] iommu: Default domain type: Translated
[    0.153879] iommu: DMA domain TLB invalidation policy: strict mode
[    0.155438] reg-fixed-voltage fixedregulator0: using DT '/fixedregulator0' for '(default)' GPIO lookup
[    0.155492] of_get_named_gpiod_flags: can't parse 'gpios' property of node '/fixedregulator0[0]'
[    0.155521] of_get_named_gpiod_flags: can't parse 'gpio' property of node '/fixedregulator0[0]'
[    0.155538] reg-fixed-voltage fixedregulator0: using lookup tables for GPIO lookup
[    0.155547] reg-fixed-voltage fixedregulator0: No GPIO consumer (default) found
[    0.161328] SCSI subsystem initialized
[    0.161823] libata version 3.00 loaded.
[    0.162179] pps_core: LinuxPPS API ver. 1 registered
[    0.162190] pps_core: Software ver. 5.3.6 - Copyright 2005-2007 Rodolfo Giometti <giometti@linux.it>
[    0.162213] PTP clock support registered
[    0.170987] vgaarb: loaded
[    0.171338] clocksource: Switched to clocksource dmtimer
[    0.171989] VFS: Disk quotas dquot_6.6.0
[    0.172032] VFS: Dquot-cache hash table entries: 1024 (order 0, 4096 bytes)
[    0.196047] NET: Registered PF_INET protocol family
[    0.196388] IP idents hash table entries: 8192 (order: 4, 65536 bytes, linear)
[    0.197757] tcp_listen_portaddr_hash hash table entries: 512 (order: 0, 4096 bytes, linear)
[    0.197796] Table-perturb hash table entries: 65536 (order: 6, 262144 bytes, linear)
[    0.197814] TCP established hash table entries: 4096 (order: 2, 16384 bytes, linear)
[    0.197861] TCP bind hash table entries: 4096 (order: 4, 65536 bytes, linear)
[    0.197961] TCP: Hash tables configured (established 4096 bind 4096)
[    0.198080] UDP hash table entries: 256 (order: 1, 8192 bytes, linear)
[    0.198110] UDP-Lite hash table entries: 256 (order: 1, 8192 bytes, linear)
[    0.198281] NET: Registered PF_UNIX/PF_LOCAL protocol family
[    0.199549] RPC: Registered named UNIX socket transport module.
[    0.199568] RPC: Registered udp transport module.
[    0.199574] RPC: Registered tcp transport module.
[    0.199579] RPC: Registered tcp-with-tls transport module.
[    0.199583] RPC: Registered tcp NFSv4.1 backchannel transport module.
[    0.199607] PCI: CLS 0 bytes, default 64
[    0.200985] Initialise system trusted keyrings
[    0.211875] workingset: timestamp_bits=14 max_order=17 bucket_order=3
[    0.213161] NFS: Registering the id_resolver key type
[    0.213226] Key type id_resolver registered
[    0.213233] Key type id_legacy registered
[    0.213281] jffs2: version 2.2. (NAND) (SUMMARY)  Â© 2001-2006 Red Hat, Inc.
[    0.213679] Key type asymmetric registered
[    0.213694] Asymmetric key parser 'x509' registered
[    0.213759] io scheduler mq-deadline registered
[    0.213770] io scheduler kyber registered
[    0.213832] io scheduler bfq registered
[    0.215677] target-module@4b000000:target-module@140000:pmu@0:fck: device ID is greater than 24
[    0.221880] l3-aon-clkctrl:0000:0: failed to disable
[    0.222140] ledtrig-cpu: registered to indicate activity on CPUs
[    0.232137] Serial: 8250/16550 driver, 6 ports, IRQ sharing enabled
[    0.265662] brd: module loaded
[    0.284126] loop: module loaded
[    0.285056] mtdoops: mtd device (mtddev=name/number) must be supplied
[    0.286751] mdio_bus fixed-0: using lookup tables for GPIO lookup
[    0.286774] mdio_bus fixed-0: No GPIO consumer reset found
[    0.288139] i2c_dev: i2c /dev entries driver
[    0.289104] cpuidle: enable-method property 'ti,am3352' found operations
[    0.289538] sdhci: Secure Digital Host Controller Interface driver
[    0.289547] sdhci: Copyright(c) Pierre Ossman
[    0.289724] sdhci-pltfm: SDHCI platform and OF driver helper
[    0.314576] hw perfevents: enabled with armv7_cortex_a8 PMU driver, 5 (8000000f) counters available
[    0.315117] Initializing XFRM netlink socket
[    0.315256] NET: Registered PF_INET6 protocol family
[    0.320897] l3-aon-clkctrl:0000:0: failed to disable
[    0.322567] Segment Routing with IPv6
[    0.322652] In-situ OAM (IOAM) with IPv6
[    0.322747] sit: IPv6, IPv4 and MPLS over IPv4 tunneling driver
[    0.323677] NET: Registered PF_PACKET protocol family
[    0.323702] NET: Registered PF_KEY protocol family
[    0.323823] Key type dns_resolver registered
[    0.324046] ThumbEE CPU extension supported.
[    0.324066] Registering SWP/SWPB emulation handler
[    0.324586] omap_voltage_late_init: Voltage driver support not added
[    0.325274] SmartReflex Class3 initialized
[    0.357053] Loading compiled-in X.509 certificates
[    0.396388] /ocp/interconnect@44c00000/segment@200000/target-module@b000/i2c@0/tda19988@70: Fixed dependency cycle(s) with /ocp/interconnect@48000000/segment@300000/target-module@e000/lcdc@0
[    0.402699] /ocp/interconnect@44c00000/segment@200000/target-module@b000/i2c@0/tda19988@70: Fixed dependency cycle(s) with /ocp/interconnect@48000000/segment@300000/target-module@e000/lcdc@0
[    0.408017] gpiochip_find_base_unlocked: found new base at 512
[    0.432364] /ocp/interconnect@44c00000/segment@200000/target-module@b000/i2c@0/tda19988@70: Fixed dependency cycle(s) with /ocp/interconnect@48000000/segment@300000/target-module@e000/lcdc@0
[    0.433229] /ocp/interconnect@44c00000/segment@200000/target-module@b000/i2c@0/tda19988@70: Fixed dependency cycle(s) with /ocp/interconnect@48000000/segment@300000/target-module@e000/lcdc@0
[    0.436493] /ocp/interconnect@44c00000/segment@200000/target-module@10000/scm@0/pinmux@800: Fixed dependency cycle(s) with /ocp/interconnect@44c00000/segment@200000/target-module@10000/scm@0/pinmux@800/clkout2-pins
[    0.437082] pinctrl-single 44e10800.pinmux: 142 pins, size 568
[    0.442282] ti-sysc 44e31000.target-module: probe with driver ti-sysc failed with error -16
[    0.468215] /ocp/interconnect@48000000/segment@300000/target-module@e000/lcdc@0: Fixed dependency cycle(s) with /ocp/interconnect@44c00000/segment@200000/target-module@b000/i2c@0/tda19988@70
[    0.475960] ti-sysc 48040000.target-module: probe with driver ti-sysc failed with error -16
[    0.486829] gpiochip_find_base_unlocked: found new base at 512
[    0.486927] gpio gpiochip0: (gpio-0-31): created GPIO range 0->7 ==> 44e10800.pinmux PIN 0->7
[    0.486947] gpio gpiochip0: (gpio-0-31): created GPIO range 8->11 ==> 44e10800.pinmux PIN 90->93
[    0.486962] gpio gpiochip0: (gpio-0-31): created GPIO range 12->27 ==> 44e10800.pinmux PIN 12->27
[    0.486977] gpio gpiochip0: (gpio-0-31): created GPIO range 28->31 ==> 44e10800.pinmux PIN 30->33
[    0.532545] gpio gpiochip0: (gpio-0-31): added GPIO chardev (254:0)
[    0.532705] gpio gpiochip0: registered GPIOs 512 to 543 on gpio-0-31
[    0.532792] OMAP GPIO hardware version 0.1
[    0.560454] i2c i2c-2: using DT '/ocp/interconnect@48000000/segment@100000/target-module@9c000/i2c@0' for 'scl' GPIO lookup
[    0.560527] of_get_named_gpiod_flags: can't parse 'scl-gpios' property of node '/ocp/interconnect@48000000/segment@100000/target-module@9c000/i2c@0[0]'
[    0.560567] of_get_named_gpiod_flags: can't parse 'scl-gpio' property of node '/ocp/interconnect@48000000/segment@100000/target-module@9c000/i2c@0[0]'
[    0.560602] i2c i2c-2: using lookup tables for GPIO lookup
[    0.560611] i2c i2c-2: No GPIO consumer scl found
[    0.560633] i2c i2c-2: using DT '/ocp/interconnect@48000000/segment@100000/target-module@9c000/i2c@0' for 'sda' GPIO lookup
[    0.560668] of_get_named_gpiod_flags: can't parse 'sda-gpios' property of node '/ocp/interconnect@48000000/segment@100000/target-module@9c000/i2c@0[0]'
[    0.560704] of_get_named_gpiod_flags: can't parse 'sda-gpio' property of node '/ocp/interconnect@48000000/segment@100000/target-module@9c000/i2c@0[0]'
[    0.560735] i2c i2c-2: using lookup tables for GPIO lookup
[    0.560742] i2c i2c-2: No GPIO consumer sda found
[    0.561682] omap_i2c 4819c000.i2c: bus 2 rev0.11 at 100 kHz
[    0.566873] gpiochip_find_base_unlocked: found new base at 544
[    0.566972] gpio gpiochip1: (gpio-32-63): created GPIO range 0->17 ==> 44e10800.pinmux PIN 34->51
[    0.566991] gpio gpiochip1: (gpio-32-63): created GPIO range 18->21 ==> 44e10800.pinmux PIN 77->80
[    0.567007] gpio gpiochip1: (gpio-32-63): created GPIO range 22->31 ==> 44e10800.pinmux PIN 56->65
[    0.578330] gpio gpiochip1: (gpio-32-63): added GPIO chardev (254:1)
[    0.578501] gpio gpiochip1: registered GPIOs 544 to 575 on gpio-32-63
[    0.580663] gpiochip_find_base_unlocked: found new base at 576
[    0.580756] gpio gpiochip2: (gpio-64-95): created GPIO range 0->4 ==> 44e10800.pinmux PIN 66->70
[    0.580775] gpio gpiochip2: (gpio-64-95): created GPIO range 5->6 ==> 44e10800.pinmux PIN 98->99
[    0.580790] gpio gpiochip2: (gpio-64-95): created GPIO range 7->8 ==> 44e10800.pinmux PIN 75->76
[    0.580805] gpio gpiochip2: (gpio-64-95): created GPIO range 13->13 ==> 44e10800.pinmux PIN 141->141
[    0.580822] gpio gpiochip2: (gpio-64-95): created GPIO range 14->21 ==> 44e10800.pinmux PIN 100->107
[    0.595603] gpio gpiochip2: (gpio-64-95): added GPIO chardev (254:2)
[    0.595749] gpio gpiochip2: registered GPIOs 576 to 607 on gpio-64-95
[    0.601103] 48000000.interconnect:segment@200000:target-module@0:mpu@0:fck: device ID is greater than 24
[    0.602173] /ocp/interconnect@48000000/segment@300000/target-module@e000/lcdc@0: Fixed dependency cycle(s) with /ocp/interconnect@44c00000/segment@200000/target-module@b000/i2c@0/tda19988@70
[    0.604841] /ocp/interconnect@48000000/segment@300000/target-module@e000/lcdc@0: Fixed dependency cycle(s) with /ocp/interconnect@44c00000/segment@200000/target-module@b000/i2c@0/tda19988@70
[    0.605499] /ocp/interconnect@44c00000/segment@200000/target-module@b000/i2c@0/tda19988@70: Fixed dependency cycle(s) with /ocp/interconnect@48000000/segment@300000/target-module@e000/lcdc@0
[    0.605656] /ocp/interconnect@48000000/segment@300000/target-module@e000/lcdc@0: Fixed dependency cycle(s) with /ocp/interconnect@44c00000/segment@200000/target-module@b000/i2c@0/tda19988@70
[    0.614880] mdio_bus 4a101000.mdio: using DT '/ocp/interconnect@4a000000/segment@0/target-module@100000/switch@0/mdio@1000' for 'reset' GPIO lookup
[    0.614953] of_get_named_gpiod_flags: can't parse 'reset-gpios' property of node '/ocp/interconnect@4a000000/segment@0/target-module@100000/switch@0/mdio@1000[0]'
[    0.614999] of_get_named_gpiod_flags: can't parse 'reset-gpio' property of node '/ocp/interconnect@4a000000/segment@0/target-module@100000/switch@0/mdio@1000[0]'
[    0.615044] mdio_bus 4a101000.mdio: using lookup tables for GPIO lookup
[    0.615053] mdio_bus 4a101000.mdio: No GPIO consumer reset found
[    0.615986] sdhci-omap 481d8000.mmc: using DT '/ocp/interconnect@48000000/segment@100000/target-module@d8000/mmc@0' for 'wp' GPIO lookup
[    0.616046] of_get_named_gpiod_flags: can't parse 'wp-gpios' property of node '/ocp/interconnect@48000000/segment@100000/target-module@d8000/mmc@0[0]'
[    0.616088] of_get_named_gpiod_flags: can't parse 'wp-gpio' property of node '/ocp/interconnect@48000000/segment@100000/target-module@d8000/mmc@0[0]'
[    0.616120] sdhci-omap 481d8000.mmc: using lookup tables for GPIO lookup
[    0.616129] sdhci-omap 481d8000.mmc: No GPIO consumer wp found
[    0.616324] sdhci-omap 481d8000.mmc: supply pbias not found, using dummy regulator
[    0.616803] sdhci-omap 481d8000.mmc: supply vqmmc not found, using dummy regulator
[    0.679964] davinci_mdio 4a101000.mdio: davinci mdio revision 1.6, bus freq 1000000
[    0.694739] mdio_bus 4a101000.mdio:00: using DT '/ocp/interconnect@4a000000/segment@0/target-module@100000/switch@0/mdio@1000/ethernet-phy@0' for 'reset' GPIO lookup
[    0.694838] of_get_named_gpiod_flags: parsed 'reset-gpios' property of node '/ocp/interconnect@4a000000/segment@0/target-module@100000/switch@0/mdio@1000/ethernet-phy@0[0]' - status (0)
[    0.695001] gpio gpiochip0: Persistence not supported for GPIO 8
[    0.786709] davinci_mdio 4a101000.mdio: phy[0]: device 4a101000.mdio:00, driver SMSC LAN8710/LAN8720
[    0.787471] cpsw-switch 4a100000.switch: initialized cpsw ale version 1.4
[    0.787492] cpsw-switch 4a100000.switch: ALE Table size 1024, Policers 0
[    0.787805] cpsw-switch 4a100000.switch: cpts: overflow check period 500 (jiffies)
[    0.787824] cpsw-switch 4a100000.switch: CPTS: ref_clk_freq:250000000 calc_mult:2147483648 calc_shift:29 error:0 nsec/sec
[    0.787929] cpsw-switch 4a100000.switch: Detected MACID = 6c:ec:eb:68:de:78
[    0.789748] cpsw-switch 4a100000.switch: initialized (regs 0x4a100000, pool size 256) hw_ver:0019010C 1.12 (0)
[    0.800410] debugfs: Directory '49000000.dma' with parent 'dmaengine' already present!
[    0.800449] edma 49000000.dma: TI EDMA DMA engine driver
[    0.835861] gpio-clk clk_mcasp0: using DT '/clk_mcasp0' for 'enable' GPIO lookup
[    0.835936] of_get_named_gpiod_flags: parsed 'enable-gpios' property of node '/clk_mcasp0[0]' - status (0)
[    0.835979] gpio gpiochip0: Persistence not supported for GPIO 27
[    0.836853] gpiochip_find_base_unlocked: found new base at 608
[    0.836971] gpio gpiochip3: (gpio-96-127): created GPIO range 0->7 ==> 44e10800.pinmux PIN 82->89
[    0.836991] gpio gpiochip3: (gpio-96-127): created GPIO range 8->11 ==> 44e10800.pinmux PIN 52->55
[    0.837006] gpio gpiochip3: (gpio-96-127): created GPIO range 12->15 ==> 44e10800.pinmux PIN 94->97
[    0.837022] gpio gpiochip3: (gpio-96-127): created GPIO range 16->17 ==> 44e10800.pinmux PIN 71->72
[    0.837038] gpio gpiochip3: (gpio-96-127): created GPIO range 18->18 ==> 44e10800.pinmux PIN 135->135
[    0.837054] gpio gpiochip3: (gpio-96-127): created GPIO range 19->20 ==> 44e10800.pinmux PIN 108->109
[    0.837070] gpio gpiochip3: (gpio-96-127): created GPIO range 21->21 ==> 44e10800.pinmux PIN 73->73
[    0.837087] gpio gpiochip3: (gpio-96-127): created GPIO range 22->23 ==> 44e10800.pinmux PIN 8->9
[    0.837104] gpio gpiochip3: (gpio-96-127): created GPIO range 26->27 ==> 44e10800.pinmux PIN 10->11
[    0.837121] gpio gpiochip3: (gpio-96-127): created GPIO range 28->28 ==> 44e10800.pinmux PIN 74->74
[    0.837139] gpio gpiochip3: (gpio-96-127): created GPIO range 29->29 ==> 44e10800.pinmux PIN 81->81
[    0.837157] gpio gpiochip3: (gpio-96-127): created GPIO range 30->31 ==> 44e10800.pinmux PIN 28->29
[    0.856591] gpio gpiochip3: (gpio-96-127): added GPIO chardev (254:3)
[    0.856750] gpio gpiochip3: registered GPIOs 608 to 639 on gpio-96-127
[    0.858977] omap8250 44e09000.serial: using DT '/ocp/interconnect@44c00000/segment@200000/target-module@9000/serial@0' for 'rs485-term' GPIO lookup
[    0.859052] of_get_named_gpiod_flags: can't parse 'rs485-term-gpios' property of node '/ocp/interconnect@44c00000/segment@200000/target-module@9000/serial@0[0]'
[    0.859096] of_get_named_gpiod_flags: can't parse 'rs485-term-gpio' property of node '/ocp/interconnect@44c00000/segment@200000/target-module@9000/serial@0[0]'
[    0.859131] omap8250 44e09000.serial: using lookup tables for GPIO lookup
[    0.859141] omap8250 44e09000.serial: No GPIO consumer rs485-term found
[    0.859150] omap8250 44e09000.serial: using DT '/ocp/interconnect@44c00000/segment@200000/target-module@9000/serial@0' for 'rs485-rx-during-tx' GPIO lookup
[    0.859185] of_get_named_gpiod_flags: can't parse 'rs485-rx-during-tx-gpios' property of node '/ocp/interconnect@44c00000/segment@200000/target-module@9000/serial@0[0]'
[    0.859222] of_get_named_gpiod_flags: can't parse 'rs485-rx-during-tx-gpio' property of node '/ocp/interconnect@44c00000/segment@200000/target-module@9000/serial@0[0]'
[    0.859254] omap8250 44e09000.serial: using lookup tables for GPIO lookup
[    0.859262] omap8250 44e09000.serial: No GPIO consumer rs485-rx-during-tx found
[    0.859701] 44e09000.serial: ttyS0 at MMIO 0x44e09000 (irq = 34, base_baud = 3000000) is a 8250
[    0.859788] printk: legacy console [ttyS0] enabled
[    2.300869] i2c i2c-0: using DT '/ocp/interconnect@44c00000/segment@200000/target-module@b000/i2c@0' for 'scl' GPIO lookup
[    2.300952] of_get_named_gpiod_flags: can't parse 'scl-gpios' property of node '/ocp/interconnect@44c00000/segment@200000/target-module@b000/i2c@0[0]'
[    2.300998] of_get_named_gpiod_flags: can't parse 'scl-gpio' property of node '/ocp/interconnect@44c00000/segment@200000/target-module@b000/i2c@0[0]'
[    2.301037] i2c i2c-0: using lookup tables for GPIO lookup
[    2.301051] i2c i2c-0: No GPIO consumer scl found
[    2.301076] i2c i2c-0: using DT '/ocp/interconnect@44c00000/segment@200000/target-module@b000/i2c@0' for 'sda' GPIO lookup
[    2.301116] of_get_named_gpiod_flags: can't parse 'sda-gpios' property of node '/ocp/interconnect@44c00000/segment@200000/target-module@b000/i2c@0[0]'
[    2.301156] of_get_named_gpiod_flags: can't parse 'sda-gpio' property of node '/ocp/interconnect@44c00000/segment@200000/target-module@b000/i2c@0[0]'
[    2.301191] i2c i2c-0: using lookup tables for GPIO lookup
[    2.301202] i2c i2c-0: No GPIO consumer sda found
[    2.322319] tps65217-pmic: Failed to locate of_node [id: -1]
[    2.328393] tps65217-bl: Failed to locate of_node [id: -1]
[    2.339595] tps65217 0-0024: TPS65217 ID 0xe version 1.2
[    2.345704] /ocp/interconnect@48000000/segment@300000/target-module@e000/lcdc@0: Fixed dependency cycle(s) with /ocp/interconnect@44c00000/segment@200000/target-module@b000/i2c@0/tda19988@70
[    2.363078] /ocp/interconnect@44c00000/segment@200000/target-module@b000/i2c@0/tda19988@70: Fixed dependency cycle(s) with /ocp/interconnect@48000000/segment@300000/target-module@e000/lcdc@0
[    2.380435] omap_i2c 44e0b000.i2c: bus 0 rev0.11 at 400 kHz
[    2.388211] sdhci-omap 48060000.mmc: using DT '/ocp/interconnect@48000000/segment@0/target-module@60000/mmc@0' for 'cd' GPIO lookup
[    2.388319] of_get_named_gpiod_flags: parsed 'cd-gpios' property of node '/ocp/interconnect@48000000/segment@0/target-module@60000/mmc@0[0]' - status (0)
[    2.388385] gpio gpiochip3: Persistence not supported for GPIO 6
[    2.388424] omap_gpio 44e07000.gpio: Could not set line 6 debounce to 200000 microseconds (-22)
[    2.397321] sdhci-omap 48060000.mmc: Got CD GPIO
[    2.402007] sdhci-omap 48060000.mmc: using DT '/ocp/interconnect@48000000/segment@0/target-module@60000/mmc@0' for 'wp' GPIO lookup
[    2.402056] of_get_named_gpiod_flags: can't parse 'wp-gpios' property of node '/ocp/interconnect@48000000/segment@0/target-module@60000/mmc@0[0]'
[    2.402101] of_get_named_gpiod_flags: can't parse 'wp-gpio' property of node '/ocp/interconnect@48000000/segment@0/target-module@60000/mmc@0[0]'
[    2.402138] sdhci-omap 48060000.mmc: using lookup tables for GPIO lookup
[    2.402152] sdhci-omap 48060000.mmc: No GPIO consumer wp found
[    2.402369] sdhci-omap 48060000.mmc: supply pbias not found, using dummy regulator
[    2.411101] sdhci-omap 481d8000.mmc: using DT '/ocp/interconnect@48000000/segment@100000/target-module@d8000/mmc@0' for 'wp' GPIO lookup
[    2.411174] of_get_named_gpiod_flags: can't parse 'wp-gpios' property of node '/ocp/interconnect@48000000/segment@100000/target-module@d8000/mmc@0[0]'
[    2.411223] of_get_named_gpiod_flags: can't parse 'wp-gpio' property of node '/ocp/interconnect@48000000/segment@100000/target-module@d8000/mmc@0[0]'
[    2.411262] sdhci-omap 481d8000.mmc: using lookup tables for GPIO lookup
[    2.411275] sdhci-omap 481d8000.mmc: No GPIO consumer wp found
[    2.412472] sdhci-omap 48060000.mmc: supply vqmmc not found, using dummy regulator
[    2.420999] sdhci-omap 481d8000.mmc: supply pbias not found, using dummy regulator
[    2.429980] sdhci-omap 481d8000.mmc: supply vqmmc not found, using dummy regulator
[    2.468369] mmc1: SDHCI controller on 481d8000.mmc [481d8000.mmc] using External DMA
[    2.477563] mmc0: SDHCI controller on 48060000.mmc [48060000.mmc] using External DMA
[    2.486352] cpsw-switch 4a100000.switch: starting ndev. mode: dual_mac
[    2.530573] mmc0: new high speed SDHC card at address 5048
[    2.537619] mmcblk0: mmc0:5048 SD16G 14.4 GiB
[    2.545643]  mmcblk0: p1 p2
[    2.549009] mmcblk0: p2 size 31221760 extends beyond EOD, truncated
[    2.562674] SMSC LAN8710/LAN8720 4a101000.mdio:00: attached PHY driver (mii_bus:phy_addr=4a101000.mdio:00, irq=POLL)
[    2.574864] mmc1: new high speed MMC card at address 0001
[    2.581761] mmcblk1: mmc1:0001 MMC04G 3.60 GiB
[    2.593510]  mmcblk1: p1 p2
[    2.597740] mmcblk1boot0: mmc1:0001 MMC04G 2.00 MiB
[    2.605050] mmcblk1boot1: mmc1:0001 MMC04G 2.00 MiB
[    2.612332] mmcblk1rpmb: mmc1:0001 MMC04G 128 KiB, chardev (250:0)
[    5.762123] cpsw-switch 4a100000.switch eth0: Link is Up - 100Mbps/Full - flow control off
[    5.801573] IP-Config: Complete:
[    5.804844]      device=eth0, hwaddr=6c:ec:eb:68:de:78, ipaddr=192.168.255.1, mask=255.255.255.0, gw=255.255.255.255
[    5.815510]      host=bbb1, domain=, nis-domain=(none)
[    5.820677]      bootserver=192.168.255.126, rootserver=192.168.255.126, rootpath=
[    5.821133] clk: Disabling unused clocks
[    5.832985] PM: genpd: Disabling unused power domains
[    5.838103] KTAP version 1
[    5.840823] 1..0
[    5.864851] VFS: Mounted root (nfs filesystem) on device 0:17.
[    5.871853] devtmpfs: mounted
[    5.876263] Freeing unused kernel image (initmem) memory: 1024K
[    5.883184] Run /sbin/init as init process
[    5.887318]   with arguments:
[    5.887330]     /sbin/init
[    5.887338]     nfsrootdebug
[    5.887348]   with environment:
[    5.887357]     HOME=/
[    5.887365]     TERM=linux
[    6.574131] systemd[1]: System time before build time, advancing clock.
[    8.041362] random: crng init done
[    8.082683] systemd[1]: systemd 232 running in system mode. (+PAM +AUDIT +SELINUX +IMA +APPARMOR +SMACK +SYSVINIT +UTMP +LIBCRYPTSETUP +GCRYPT +GNUTLS +ACL +XZ +LZ4 +SECCOMP +BLKID +ELFUTILS +KMOD +IDN)
[    8.101898] systemd[1]: Detected architecture arm.
[    8.134337] systemd[1]: Set hostname to <arm>.
[    9.220365] systemd[1]: Started Dispatch Password Requests to Console Directory Watch.
[    9.251971] systemd[1]: Listening on udev Kernel Socket.
[    9.281697] systemd[1]: Reached target Remote File Systems.
[    9.312328] systemd[1]: Listening on Journal Audit Socket.
[    9.343415] systemd[1]: Listening on Journal Socket (/dev/log).
[    9.372219] systemd[1]: Listening on Journal Socket.
[    9.402948] systemd[1]: Created slice System Slice.
[   11.521683] systemd-journald[91]: Received request to flush runtime journal from PID 1
[   14.246026] leds-gpio leds: using DT '/leds/led2' for '(default)' GPIO lookup
[   14.246143] of_get_named_gpiod_flags: parsed 'gpios' property of node '/leds/led2[0]' - status (0)
[   14.246201] gpio gpiochip0: Persistence not supported for GPIO 21
[   14.246216] gpio-533 (?): no flags found for GPIO (default)
[   14.342499] leds-gpio leds: using DT '/leds/led3' for '(default)' GPIO lookup
[   14.342825] of_get_named_gpiod_flags: parsed 'gpios' property of node '/leds/led3[0]' - status (0)
[   14.342895] gpio gpiochip0: Persistence not supported for GPIO 22
[   14.342911] gpio-534 (?): no flags found for GPIO (default)
[   14.372435] leds-gpio leds: using DT '/leds/led4' for '(default)' GPIO lookup
[   14.372526] of_get_named_gpiod_flags: parsed 'gpios' property of node '/leds/led4[0]' - status (0)
[   14.372577] gpio gpiochip0: Persistence not supported for GPIO 23
[   14.372592] gpio-535 (?): no flags found for GPIO (default)
[   14.401913] leds-gpio leds: using DT '/leds/led5' for '(default)' GPIO lookup
[   14.402009] of_get_named_gpiod_flags: parsed 'gpios' property of node '/leds/led5[0]' - status (0)
[   14.402060] gpio gpiochip0: Persistence not supported for GPIO 24
[   14.402076] gpio-536 (?): no flags found for GPIO (default)
[   14.623705] remoteproc remoteproc0: wkup_m3 is available
[   14.759454] omap_rtc 44e3e000.rtc: registered as rtc0
[   14.764830] omap_rtc 44e3e000.rtc: setting system clock to 2000-01-01T00:00:00 UTC (946684800)
[   14.773604] omap_rtc 44e3e000.rtc: using DT '/ocp/interconnect@44c00000/segment@200000/target-module@3e000/rtc@0' for 'wp' GPIO lookup
[   14.773673] of_get_named_gpiod_flags: can't parse 'wp-gpios' property of node '/ocp/interconnect@44c00000/segment@200000/target-module@3e000/rtc@0[0]'
[   14.773723] of_get_named_gpiod_flags: can't parse 'wp-gpio' property of node '/ocp/interconnect@44c00000/segment@200000/target-module@3e000/rtc@0[0]'
[   14.773762] omap_rtc 44e3e000.rtc: using lookup tables for GPIO lookup
[   14.773776] omap_rtc 44e3e000.rtc: No GPIO consumer wp found
[   15.091805] omap_wdt: OMAP Watchdog Timer Rev 0x01: initial timeout 60 sec
[   15.157177] tps6521x_pwrbutton tps65217-pwrbutton: DMA mask not set
[   15.244943] at24 2-0054: supply vcc not found, using dummy regulator
[   15.330435] input: tps65217_pwrbutton as /devices/platform/ocp/44c00000.interconnect/44c00000.interconnect:segment@200000/44e0b000.target-module/44e0b000.i2c/i2c-0/0-0024/tps65217-pwrbutton/input/input0
[   15.392226] at24 2-0055: supply vcc not found, using dummy regulator
[   15.488299] at24 2-0056: supply vcc not found, using dummy regulator
[   15.575543] at24 2-0057: supply vcc not found, using dummy regulator
[   15.698020] wkup_m3_ipc 44e11324.wkup_m3_ipc: IPC Request for A8->M3 Channel failed! -517
[   15.722855] at24 0-0050: using DT '/ocp/interconnect@44c00000/segment@200000/target-module@b000/i2c@0/baseboard_eeprom@50' for 'wp' GPIO lookup
[   15.722972] of_get_named_gpiod_flags: can't parse 'wp-gpios' property of node '/ocp/interconnect@44c00000/segment@200000/target-module@b000/i2c@0/baseboard_eeprom@50[0]'
[   15.723033] of_get_named_gpiod_flags: can't parse 'wp-gpio' property of node '/ocp/interconnect@44c00000/segment@200000/target-module@b000/i2c@0/baseboard_eeprom@50[0]'
[   15.723079] at24 0-0050: using lookup tables for GPIO lookup
[   15.723093] at24 0-0050: No GPIO consumer wp found
[   15.723455] at24 0-0050: 32768 byte 24c256 EEPROM, writable, 1 bytes/write
[   15.732496] wkup_m3_ipc 44e11324.wkup_m3_ipc: IPC Request for A8->M3 Channel failed! -517
[   16.100339] am335x-phy-driver 47401300.usb-phy: using DT '/ocp/target-module@47400000/usb-phy@1300' for 'reset' GPIO lookup
[   16.100432] of_get_named_gpiod_flags: can't parse 'reset-gpios' property of node '/ocp/target-module@47400000/usb-phy@1300[0]'
[   16.100479] of_get_named_gpiod_flags: can't parse 'reset-gpio' property of node '/ocp/target-module@47400000/usb-phy@1300[0]'
[   16.100515] am335x-phy-driver 47401300.usb-phy: using lookup tables for GPIO lookup
[   16.100529] am335x-phy-driver 47401300.usb-phy: No GPIO consumer reset found
[   16.100543] am335x-phy-driver 47401300.usb-phy: using DT '/ocp/target-module@47400000/usb-phy@1300' for 'vbus-detect' GPIO lookup
[   16.100574] of_get_named_gpiod_flags: can't parse 'vbus-detect-gpios' property of node '/ocp/target-module@47400000/usb-phy@1300[0]'
[   16.100605] of_get_named_gpiod_flags: can't parse 'vbus-detect-gpio' property of node '/ocp/target-module@47400000/usb-phy@1300[0]'
[   16.100631] am335x-phy-driver 47401300.usb-phy: using lookup tables for GPIO lookup
[   16.100643] am335x-phy-driver 47401300.usb-phy: No GPIO consumer vbus-detect found
[   16.100794] am335x-phy-driver 47401300.usb-phy: dummy supplies not allowed for exclusive requests (id=vbus)
[   16.411237] usbcore: registered new interface driver usbfs
[   16.417953] usbcore: registered new interface driver hub
[   16.423531] usbcore: registered new device driver usb
[   16.539493] am335x-phy-driver 47401b00.usb-phy: using DT '/ocp/target-module@47400000/usb-phy@1b00' for 'reset' GPIO lookup
[   16.539651] of_get_named_gpiod_flags: can't parse 'reset-gpios' property of node '/ocp/target-module@47400000/usb-phy@1b00[0]'
[   16.539746] of_get_named_gpiod_flags: can't parse 'reset-gpio' property of node '/ocp/target-module@47400000/usb-phy@1b00[0]'
[   16.539789] am335x-phy-driver 47401b00.usb-phy: using lookup tables for GPIO lookup
[   16.539851] am335x-phy-driver 47401b00.usb-phy: No GPIO consumer reset found
[   16.539870] am335x-phy-driver 47401b00.usb-phy: using DT '/ocp/target-module@47400000/usb-phy@1b00' for 'vbus-detect' GPIO lookup
[   16.539904] of_get_named_gpiod_flags: can't parse 'vbus-detect-gpios' property of node '/ocp/target-module@47400000/usb-phy@1b00[0]'
[   16.539998] of_get_named_gpiod_flags: can't parse 'vbus-detect-gpio' property of node '/ocp/target-module@47400000/usb-phy@1b00[0]'
[   16.540030] am335x-phy-driver 47401b00.usb-phy: using lookup tables for GPIO lookup
[   16.540081] am335x-phy-driver 47401b00.usb-phy: No GPIO consumer vbus-detect found
[   16.540340] am335x-phy-driver 47401b00.usb-phy: dummy supplies not allowed for exclusive requests (id=vbus)
[   16.562341] wkup_m3_ipc 44e11324.wkup_m3_ipc: IPC Request for A8->M3 Channel failed! -517
[   16.711138] wkup_m3_ipc 44e11324.wkup_m3_ipc: IPC Request for A8->M3 Channel failed! -517
[   17.141522] tda998x 0-0070: found TDA19988
[   17.166711] wkup_m3_ipc 44e11324.wkup_m3_ipc: IPC Request for A8->M3 Channel failed! -517
[   17.297364] musb-hdrc musb-hdrc.1: MUSB HDRC host driver
[   17.302993] musb-hdrc musb-hdrc.1: new USB bus registered, assigned bus number 1
[   17.327182] wkup_m3_ipc 44e11324.wkup_m3_ipc: IPC Request for A8->M3 Channel failed! -517
[   17.477743] wkup_m3_ipc 44e11324.wkup_m3_ipc: IPC Request for A8->M3 Channel failed! -517
[   17.610970] usb usb1: New USB device found, idVendor=1d6b, idProduct=0002, bcdDevice= 6.12
[   17.619482] usb usb1: New USB device strings: Mfr=3, Product=2, SerialNumber=1
[   17.626842] usb usb1: Product: MUSB HDRC host driver
[   17.631866] usb usb1: Manufacturer: Linux 6.12.38 musb-hcd
[   17.637382] usb usb1: SerialNumber: musb-hdrc.1
[   17.725773] omap-mailbox 480c8000.mailbox: omap mailbox rev 0x400
[   17.793198] remoteproc remoteproc0: powering up wkup_m3
[   17.922904] remoteproc remoteproc0: Direct firmware load for am335x-pm-firmware.elf failed with error -2
[   17.932958] remoteproc remoteproc0: request_firmware failed: -2
[   17.938926] wkup_m3_ipc 44e11324.wkup_m3_ipc: rproc_boot failed
[   18.062038] hub 1-0:1.0: USB hub found
[   18.121157] hub 1-0:1.0: 1 port detected
[   19.667432] tilcdc 4830e000.lcdc: bound 0-0070 (ops 0xbf0950fc)
[   19.693098] omap_rng 48310000.rng: Random Number Generator ver. 20
[   19.751018] [drm] Initialized tilcdc 1.0.0 for 4830e000.lcdc on minor 0
[   19.803280] tilcdc 4830e000.lcdc: [drm] Cannot find any crtc or sizes
[   19.813374] tilcdc 4830e000.lcdc: [drm] Cannot find any crtc or sizes
[   20.617168] PM: Cannot get wkup_m3_ipc handle
[   20.625476] omap-sham 53100000.sham: hw accel on OMAP rev 4.3
[   20.796826] omap-sham 53100000.sham: will run requests pump with realtime priority
[   20.808406] PM: Cannot get wkup_m3_ipc handle
[   20.857605] omap-aes 53500000.aes: OMAP AES hw accel rev: 3.2
[   21.035057] omap-aes 53500000.aes: will run requests pump with realtime priority
[   21.043754] PM: Cannot get wkup_m3_ipc handle
[   24.034855] Bluetooth: Core ver 2.22
[   24.038652] NET: Registered PF_BLUETOOTH protocol family
[   24.044207] Bluetooth: HCI device and connection manager initialized
[   24.050624] Bluetooth: HCI socket layer initialized
[   24.055727] Bluetooth: L2CAP socket layer initialized
[   24.060906] Bluetooth: SCO socket layer initialized
[   24.610225] PM: Cannot get wkup_m3_ipc handle
[   24.616272] asoc-simple-card sound: using DT '/sound' for 'simple-audio-card,hp-det' GPIO lookup
[   24.616342] of_get_named_gpiod_flags: can't parse 'simple-audio-card,hp-det-gpios' property of node '/sound[0]'
[   24.616379] of_get_named_gpiod_flags: can't parse 'simple-audio-card,hp-det-gpio' property of node '/sound[0]'
[   24.616403] asoc-simple-card sound: using lookup tables for GPIO lookup
[   24.616417] asoc-simple-card sound: No GPIO consumer simple-audio-card,hp-det found
[   24.616432] asoc-simple-card sound: using DT '/sound' for 'simple-audio-card,mic-det' GPIO lookup
[   24.616457] of_get_named_gpiod_flags: can't parse 'simple-audio-card,mic-det-gpios' property of node '/sound[0]'
[   24.616482] of_get_named_gpiod_flags: can't parse 'simple-audio-card,mic-det-gpio' property of node '/sound[0]'
[   24.616502] asoc-simple-card sound: using lookup tables for GPIO lookup
[   24.616514] asoc-simple-card sound: No GPIO consumer simple-audio-card,mic-det found
[   24.708761] PM: Cannot get wkup_m3_ipc handle
[   28.374382] userial_init: registered 8 ttyGS* devices
[   28.711538] rndis_register: configNr = 0
[   28.822350] udc musb-hdrc.0: binding gadget driver [g_multi]
[   28.822445] configfs-gadget.g_multi gadget.0: adding 'rndis'/b878d7b8 to config 'c'/27b59371
[   28.823651] configfs-gadget.g_multi gadget.0: HOST MAC 1c:ba:8c:a2:ed:6c
[   28.830423] configfs-gadget.g_multi gadget.0: MAC 1c:ba:8c:a2:ed:70
[   28.836920] rndis_set_param_medium: 0 0
[   28.836944] configfs-gadget.g_multi gadget.0: RNDIS: IN/ep1in OUT/ep1out NOTIFY/ep2in
[   28.836961] configfs-gadget.g_multi gadget.0: adding 'cdc_ethernet'/0eac7477 to config 'c'/27b59371
[   28.837833] configfs-gadget.g_multi gadget.0: HOST MAC 1c:ba:8c:a2:ed:6c
[   28.844690] configfs-gadget.g_multi gadget.0: MAC 1c:ba:8c:a2:ed:6d
[   28.851024] configfs-gadget.g_multi gadget.0: CDC Ethernet: IN/ep3in OUT/ep2out NOTIFY/ep4in
[   28.851042] configfs-gadget.g_multi gadget.0: adding 'acm'/5bb24bdf to config 'c'/27b59371
[   28.851077] configfs-gadget.g_multi gadget.0: acm ttyGS0: IN/ep5in OUT/ep3out NOTIFY/ep6in
[   28.853411] PM: Cannot get wkup_m3_ipc handle
[   31.300754] configfs-gadget.g_multi gadget.0: eth_open
[   34.675494] gs_open: ttyGS0 (0777611d,3a0174d6)
[   34.675648] gs_close: ttyGS0 (0777611d,3a0174d6) ...
[   34.675670] gs_close: ttyGS0 (0777611d,3a0174d6) done!
[   34.695672] gs_open: ttyGS0 (62cd8f26,3a0174d6)
[   34.695808] gs_close: ttyGS0 (62cd8f26,3a0174d6) ...
[   34.695828] gs_close: ttyGS0 (62cd8f26,3a0174d6) done!
[   34.853480] gs_open: ttyGS0 (0777611d,b0eb830f)
[   34.853714] gs_close: ttyGS0 (0777611d,b0eb830f) ...
[   34.853741] gs_close: ttyGS0 (0777611d,b0eb830f) done!
[   34.863403] gs_open: ttyGS0 (0777611d,17580137)
CPJMGWFXSG 0
root@arm:~# echo 'GCLS''TMJLSO'
GCLSTMJLSO
root@arm:~# MARKER='YOTE''WHQXHK' run 'modprobe test_linear_ranges'
YOTEWHQXHKYOTEWHQXHK 0
root@arm:~# echo 'GOXU''KHEBXZ'
GOXUKHEBXZ
root@arm:~# MARKER='AOFS''MZEXOO' run dmesg
AOFSMZEXOO[    0.000000] Booting Linux on physical CPU 0x0
[    0.000000] Linux version 6.12.38 (user01@drvtest01) (arm-none-eabi-gcc (Arm GNU Toolchain 14.2.Rel1 (Build arm-14.52)) 14.2.1 20241119, GNU ld (Arm GNU Toolchain 14.2.Rel1 (Build arm-14.52)) 2.43.1.20241119) #1 SMP Mon Jul 14 19:55:15 EEST 2025
[    0.000000] CPU: ARMv7 Processor [413fc082] revision 2 (ARMv7), cr=10c5387d
[    0.000000] CPU: PIPT / VIPT nonaliasing data cache, VIPT aliasing instruction cache
[    0.000000] OF: fdt: Machine model: TI AM335x BeagleBone Black
[    0.000000] Memory policy: Data cache writeback
[    0.000000] cma: Reserved 16 MiB at 0x9e800000 on node -1
[    0.000000] Zone ranges:
[    0.000000]   Normal   [mem 0x0000000080000000-0x000000009fdfffff]
[    0.000000]   HighMem  empty
[    0.000000] Movable zone start for each node
[    0.000000] Early memory node ranges
[    0.000000]   node   0: [mem 0x0000000080000000-0x000000009fdfffff]
[    0.000000] Initmem setup node 0 [mem 0x0000000080000000-0x000000009fdfffff]
[    0.000000] OF: reserved mem: Reserved memory: No reserved-memory node in the DT
[    0.000000] CPU: All CPU(s) started in SVC mode.
[    0.000000] AM335X ES2.1 (sgx neon)
[    0.000000] percpu: Embedded 17 pages/cpu s40396 r8192 d21044 u69632
[    0.000000] pcpu-alloc: s40396 r8192 d21044 u69632 alloc=17*4096
[    0.000000] pcpu-alloc: [0] 0 
[    0.000000] Kernel command line: console=ttyO0,115200n8 root=/dev/nfs rw nfsroot=192.168.255.126:/home/user01/nfs,nfsvers=3 ip=192.168.255.1:192.168.255.126::255.255.255.0:bbb1:eth0 nfsrootdebug
[    0.000000] Unknown kernel command line parameters "nfsrootdebug", will be passed to user space.
[    0.000000] Dentry cache hash table entries: 65536 (order: 6, 262144 bytes, linear)
[    0.000000] Inode-cache hash table entries: 32768 (order: 5, 131072 bytes, linear)
[    0.000000] Built 1 zonelists, mobility grouping on.  Total pages: 130560
[    0.000000] mem auto-init: stack:off, heap alloc:off, heap free:off
[    0.000000] SLUB: HWalign=64, Order=0-3, MinObjects=0, CPUs=1, Nodes=1
[    0.000000] rcu: Hierarchical RCU implementation.
[    0.000000] rcu: 	RCU event tracing is enabled.
[    0.000000] rcu: 	RCU restricting CPUs from NR_CPUS=2 to nr_cpu_ids=1.
[    0.000000] rcu: RCU calculated value of scheduler-enlistment delay is 10 jiffies.
[    0.000000] rcu: Adjusting geometry for rcu_fanout_leaf=16, nr_cpu_ids=1
[    0.000000] NR_IRQS: 16, nr_irqs: 16, preallocated irqs: 16
[    0.000000] IRQ: Found an INTC at 0x(ptrval) (revision 5.0) with 128 interrupts
[    0.000000] rcu: srcu_init: Setting srcu_struct sizes based on contention.
[    0.000000] TI gptimer clocksource: always-on /ocp/interconnect@44c00000/segment@200000/target-module@31000
[    0.000003] sched_clock: 32 bits at 24MHz, resolution 41ns, wraps every 89478484971ns
[    0.000026] clocksource: dmtimer: mask: 0xffffffff max_cycles: 0xffffffff, max_idle_ns: 79635851949 ns
[    0.000491] TI gptimer clockevent: 24000000 Hz at /ocp/interconnect@48000000/segment@0/target-module@40000
[    0.002082] Console: colour dummy device 80x30
[    0.002144] WARNING: Your 'console=ttyO0' has been replaced by 'ttyS0'
[    0.002153] This ensures that you still see kernel messages. Please
[    0.002157] update your kernel commandline.
[    0.002198] Calibrating delay loop... 996.14 BogoMIPS (lpj=4980736)
[    0.090538] CPU: Testing write buffer coherency: ok
[    0.090651] CPU0: Spectre v2: using BPIALL workaround
[    0.090660] pid_max: default: 32768 minimum: 301
[    0.090787] LSM: initializing lsm=capability
[    0.090960] Mount-cache hash table entries: 1024 (order: 0, 4096 bytes, linear)
[    0.090982] Mountpoint-cache hash table entries: 1024 (order: 0, 4096 bytes, linear)
[    0.092542] CPU0: thread -1, cpu 0, socket -1, mpidr 0
[    0.094568] Setting up static identity map for 0x80100000 - 0x80100078
[    0.094877] rcu: Hierarchical SRCU implementation.
[    0.094887] rcu: 	Max phase no-delay instances is 1000.
[    0.096635] smp: Bringing up secondary CPUs ...
[    0.096688] smp: Brought up 1 node, 1 CPU
[    0.096701] SMP: Total of 1 processors activated (996.14 BogoMIPS).
[    0.096713] CPU: All CPU(s) started in SVC mode.
[    0.096899] Memory: 480868K/522240K available (11264K kernel code, 1211K rwdata, 2880K rodata, 1024K init, 295K bss, 23360K reserved, 16384K cma-reserved, 0K highmem)
[    0.097713] devtmpfs: initialized
[    0.114354] VFP support v0.3: implementor 41 architecture 3 part 30 variant c rev 3
[    0.114702] clocksource: jiffies: mask: 0xffffffff max_cycles: 0xffffffff, max_idle_ns: 19112604462750000 ns
[    0.114737] futex hash table entries: 256 (order: 2, 16384 bytes, linear)
[    0.116043] pinctrl core: initialized pinctrl subsystem
[    0.118148] NET: Registered PF_NETLINK/PF_ROUTE protocol family
[    0.121167] DMA: preallocated 256 KiB pool for atomic coherent allocations
[    0.122085] audit: initializing netlink subsys (disabled)
[    0.123438] thermal_sys: Registered thermal governor 'fair_share'
[    0.123455] thermal_sys: Registered thermal governor 'step_wise'
[    0.123464] thermal_sys: Registered thermal governor 'user_space'
[    0.123579] audit: type=2000 audit(0.120:1): state=initialized audit_enabled=0 res=1
[    0.123650] cpuidle: using governor menu
[    0.141269] /ocp/interconnect@44c00000/segment@200000/target-module@b000/i2c@0/tda19988@70: Fixed dependency cycle(s) with /ocp/interconnect@48000000/segment@300000/target-module@e000/lcdc@0
[    0.142393] /ocp/interconnect@48000000/segment@300000/target-module@e000/lcdc@0: Fixed dependency cycle(s) with /ocp/interconnect@44c00000/segment@200000/target-module@b000/i2c@0/tda19988@70
[    0.144555] No ATAGs?
[    0.144572] hw-breakpoint: debug architecture 0x4 unsupported.
[    0.147190] kprobes: kprobe jump-optimization is enabled. All kprobes are optimized if possible.
[    0.153859] iommu: Default domain type: Translated
[    0.153879] iommu: DMA domain TLB invalidation policy: strict mode
[    0.155438] reg-fixed-voltage fixedregulator0: using DT '/fixedregulator0' for '(default)' GPIO lookup
[    0.155492] of_get_named_gpiod_flags: can't parse 'gpios' property of node '/fixedregulator0[0]'
[    0.155521] of_get_named_gpiod_flags: can't parse 'gpio' property of node '/fixedregulator0[0]'
[    0.155538] reg-fixed-voltage fixedregulator0: using lookup tables for GPIO lookup
[    0.155547] reg-fixed-voltage fixedregulator0: No GPIO consumer (default) found
[    0.161328] SCSI subsystem initialized
[    0.161823] libata version 3.00 loaded.
[    0.162179] pps_core: LinuxPPS API ver. 1 registered
[    0.162190] pps_core: Software ver. 5.3.6 - Copyright 2005-2007 Rodolfo Giometti <giometti@linux.it>
[    0.162213] PTP clock support registered
[    0.170987] vgaarb: loaded
[    0.171338] clocksource: Switched to clocksource dmtimer
[    0.171989] VFS: Disk quotas dquot_6.6.0
[    0.172032] VFS: Dquot-cache hash table entries: 1024 (order 0, 4096 bytes)
[    0.196047] NET: Registered PF_INET protocol family
[    0.196388] IP idents hash table entries: 8192 (order: 4, 65536 bytes, linear)
[    0.197757] tcp_listen_portaddr_hash hash table entries: 512 (order: 0, 4096 bytes, linear)
[    0.197796] Table-perturb hash table entries: 65536 (order: 6, 262144 bytes, linear)
[    0.197814] TCP established hash table entries: 4096 (order: 2, 16384 bytes, linear)
[    0.197861] TCP bind hash table entries: 4096 (order: 4, 65536 bytes, linear)
[    0.197961] TCP: Hash tables configured (established 4096 bind 4096)
[    0.198080] UDP hash table entries: 256 (order: 1, 8192 bytes, linear)
[    0.198110] UDP-Lite hash table entries: 256 (order: 1, 8192 bytes, linear)
[    0.198281] NET: Registered PF_UNIX/PF_LOCAL protocol family
[    0.199549] RPC: Registered named UNIX socket transport module.
[    0.199568] RPC: Registered udp transport module.
[    0.199574] RPC: Registered tcp transport module.
[    0.199579] RPC: Registered tcp-with-tls transport module.
[    0.199583] RPC: Registered tcp NFSv4.1 backchannel transport module.
[    0.199607] PCI: CLS 0 bytes, default 64
[    0.200985] Initialise system trusted keyrings
[    0.211875] workingset: timestamp_bits=14 max_order=17 bucket_order=3
[    0.213161] NFS: Registering the id_resolver key type
[    0.213226] Key type id_resolver registered
[    0.213233] Key type id_legacy registered
[    0.213281] jffs2: version 2.2. (NAND) (SUMMARY)  Â© 2001-2006 Red Hat, Inc.
[    0.213679] Key type asymmetric registered
[    0.213694] Asymmetric key parser 'x509' registered
[    0.213759] io scheduler mq-deadline registered
[    0.213770] io scheduler kyber registered
[    0.213832] io scheduler bfq registered
[    0.215677] target-module@4b000000:target-module@140000:pmu@0:fck: device ID is greater than 24
[    0.221880] l3-aon-clkctrl:0000:0: failed to disable
[    0.222140] ledtrig-cpu: registered to indicate activity on CPUs
[    0.232137] Serial: 8250/16550 driver, 6 ports, IRQ sharing enabled
[    0.265662] brd: module loaded
[    0.284126] loop: module loaded
[    0.285056] mtdoops: mtd device (mtddev=name/number) must be supplied
[    0.286751] mdio_bus fixed-0: using lookup tables for GPIO lookup
[    0.286774] mdio_bus fixed-0: No GPIO consumer reset found
[    0.288139] i2c_dev: i2c /dev entries driver
[    0.289104] cpuidle: enable-method property 'ti,am3352' found operations
[    0.289538] sdhci: Secure Digital Host Controller Interface driver
[    0.289547] sdhci: Copyright(c) Pierre Ossman
[    0.289724] sdhci-pltfm: SDHCI platform and OF driver helper
[    0.314576] hw perfevents: enabled with armv7_cortex_a8 PMU driver, 5 (8000000f) counters available
[    0.315117] Initializing XFRM netlink socket
[    0.315256] NET: Registered PF_INET6 protocol family
[    0.320897] l3-aon-clkctrl:0000:0: failed to disable
[    0.322567] Segment Routing with IPv6
[    0.322652] In-situ OAM (IOAM) with IPv6
[    0.322747] sit: IPv6, IPv4 and MPLS over IPv4 tunneling driver
[    0.323677] NET: Registered PF_PACKET protocol family
[    0.323702] NET: Registered PF_KEY protocol family
[    0.323823] Key type dns_resolver registered
[    0.324046] ThumbEE CPU extension supported.
[    0.324066] Registering SWP/SWPB emulation handler
[    0.324586] omap_voltage_late_init: Voltage driver support not added
[    0.325274] SmartReflex Class3 initialized
[    0.357053] Loading compiled-in X.509 certificates
[    0.396388] /ocp/interconnect@44c00000/segment@200000/target-module@b000/i2c@0/tda19988@70: Fixed dependency cycle(s) with /ocp/interconnect@48000000/segment@300000/target-module@e000/lcdc@0
[    0.402699] /ocp/interconnect@44c00000/segment@200000/target-module@b000/i2c@0/tda19988@70: Fixed dependency cycle(s) with /ocp/interconnect@48000000/segment@300000/target-module@e000/lcdc@0
[    0.408017] gpiochip_find_base_unlocked: found new base at 512
[    0.432364] /ocp/interconnect@44c00000/segment@200000/target-module@b000/i2c@0/tda19988@70: Fixed dependency cycle(s) with /ocp/interconnect@48000000/segment@300000/target-module@e000/lcdc@0
[    0.433229] /ocp/interconnect@44c00000/segment@200000/target-module@b000/i2c@0/tda19988@70: Fixed dependency cycle(s) with /ocp/interconnect@48000000/segment@300000/target-module@e000/lcdc@0
[    0.436493] /ocp/interconnect@44c00000/segment@200000/target-module@10000/scm@0/pinmux@800: Fixed dependency cycle(s) with /ocp/interconnect@44c00000/segment@200000/target-module@10000/scm@0/pinmux@800/clkout2-pins
[    0.437082] pinctrl-single 44e10800.pinmux: 142 pins, size 568
[    0.442282] ti-sysc 44e31000.target-module: probe with driver ti-sysc failed with error -16
[    0.468215] /ocp/interconnect@48000000/segment@300000/target-module@e000/lcdc@0: Fixed dependency cycle(s) with /ocp/interconnect@44c00000/segment@200000/target-module@b000/i2c@0/tda19988@70
[    0.475960] ti-sysc 48040000.target-module: probe with driver ti-sysc failed with error -16
[    0.486829] gpiochip_find_base_unlocked: found new base at 512
[    0.486927] gpio gpiochip0: (gpio-0-31): created GPIO range 0->7 ==> 44e10800.pinmux PIN 0->7
[    0.486947] gpio gpiochip0: (gpio-0-31): created GPIO range 8->11 ==> 44e10800.pinmux PIN 90->93
[    0.486962] gpio gpiochip0: (gpio-0-31): created GPIO range 12->27 ==> 44e10800.pinmux PIN 12->27
[    0.486977] gpio gpiochip0: (gpio-0-31): created GPIO range 28->31 ==> 44e10800.pinmux PIN 30->33
[    0.532545] gpio gpiochip0: (gpio-0-31): added GPIO chardev (254:0)
[    0.532705] gpio gpiochip0: registered GPIOs 512 to 543 on gpio-0-31
[    0.532792] OMAP GPIO hardware version 0.1
[    0.560454] i2c i2c-2: using DT '/ocp/interconnect@48000000/segment@100000/target-module@9c000/i2c@0' for 'scl' GPIO lookup
[    0.560527] of_get_named_gpiod_flags: can't parse 'scl-gpios' property of node '/ocp/interconnect@48000000/segment@100000/target-module@9c000/i2c@0[0]'
[    0.560567] of_get_named_gpiod_flags: can't parse 'scl-gpio' property of node '/ocp/interconnect@48000000/segment@100000/target-module@9c000/i2c@0[0]'
[    0.560602] i2c i2c-2: using lookup tables for GPIO lookup
[    0.560611] i2c i2c-2: No GPIO consumer scl found
[    0.560633] i2c i2c-2: using DT '/ocp/interconnect@48000000/segment@100000/target-module@9c000/i2c@0' for 'sda' GPIO lookup
[    0.560668] of_get_named_gpiod_flags: can't parse 'sda-gpios' property of node '/ocp/interconnect@48000000/segment@100000/target-module@9c000/i2c@0[0]'
[    0.560704] of_get_named_gpiod_flags: can't parse 'sda-gpio' property of node '/ocp/interconnect@48000000/segment@100000/target-module@9c000/i2c@0[0]'
[    0.560735] i2c i2c-2: using lookup tables for GPIO lookup
[    0.560742] i2c i2c-2: No GPIO consumer sda found
[    0.561682] omap_i2c 4819c000.i2c: bus 2 rev0.11 at 100 kHz
[    0.566873] gpiochip_find_base_unlocked: found new base at 544
[    0.566972] gpio gpiochip1: (gpio-32-63): created GPIO range 0->17 ==> 44e10800.pinmux PIN 34->51
[    0.566991] gpio gpiochip1: (gpio-32-63): created GPIO range 18->21 ==> 44e10800.pinmux PIN 77->80
[    0.567007] gpio gpiochip1: (gpio-32-63): created GPIO range 22->31 ==> 44e10800.pinmux PIN 56->65
[    0.578330] gpio gpiochip1: (gpio-32-63): added GPIO chardev (254:1)
[    0.578501] gpio gpiochip1: registered GPIOs 544 to 575 on gpio-32-63
[    0.580663] gpiochip_find_base_unlocked: found new base at 576
[    0.580756] gpio gpiochip2: (gpio-64-95): created GPIO range 0->4 ==> 44e10800.pinmux PIN 66->70
[    0.580775] gpio gpiochip2: (gpio-64-95): created GPIO range 5->6 ==> 44e10800.pinmux PIN 98->99
[    0.580790] gpio gpiochip2: (gpio-64-95): created GPIO range 7->8 ==> 44e10800.pinmux PIN 75->76
[    0.580805] gpio gpiochip2: (gpio-64-95): created GPIO range 13->13 ==> 44e10800.pinmux PIN 141->141
[    0.580822] gpio gpiochip2: (gpio-64-95): created GPIO range 14->21 ==> 44e10800.pinmux PIN 100->107
[    0.595603] gpio gpiochip2: (gpio-64-95): added GPIO chardev (254:2)
[    0.595749] gpio gpiochip2: registered GPIOs 576 to 607 on gpio-64-95
[    0.601103] 48000000.interconnect:segment@200000:target-module@0:mpu@0:fck: device ID is greater than 24
[    0.602173] /ocp/interconnect@48000000/segment@300000/target-module@e000/lcdc@0: Fixed dependency cycle(s) with /ocp/interconnect@44c00000/segment@200000/target-module@b000/i2c@0/tda19988@70
[    0.604841] /ocp/interconnect@48000000/segment@300000/target-module@e000/lcdc@0: Fixed dependency cycle(s) with /ocp/interconnect@44c00000/segment@200000/target-module@b000/i2c@0/tda19988@70
[    0.605499] /ocp/interconnect@44c00000/segment@200000/target-module@b000/i2c@0/tda19988@70: Fixed dependency cycle(s) with /ocp/interconnect@48000000/segment@300000/target-module@e000/lcdc@0
[    0.605656] /ocp/interconnect@48000000/segment@300000/target-module@e000/lcdc@0: Fixed dependency cycle(s) with /ocp/interconnect@44c00000/segment@200000/target-module@b000/i2c@0/tda19988@70
[    0.614880] mdio_bus 4a101000.mdio: using DT '/ocp/interconnect@4a000000/segment@0/target-module@100000/switch@0/mdio@1000' for 'reset' GPIO lookup
[    0.614953] of_get_named_gpiod_flags: can't parse 'reset-gpios' property of node '/ocp/interconnect@4a000000/segment@0/target-module@100000/switch@0/mdio@1000[0]'
[    0.614999] of_get_named_gpiod_flags: can't parse 'reset-gpio' property of node '/ocp/interconnect@4a000000/segment@0/target-module@100000/switch@0/mdio@1000[0]'
[    0.615044] mdio_bus 4a101000.mdio: using lookup tables for GPIO lookup
[    0.615053] mdio_bus 4a101000.mdio: No GPIO consumer reset found
[    0.615986] sdhci-omap 481d8000.mmc: using DT '/ocp/interconnect@48000000/segment@100000/target-module@d8000/mmc@0' for 'wp' GPIO lookup
[    0.616046] of_get_named_gpiod_flags: can't parse 'wp-gpios' property of node '/ocp/interconnect@48000000/segment@100000/target-module@d8000/mmc@0[0]'
[    0.616088] of_get_named_gpiod_flags: can't parse 'wp-gpio' property of node '/ocp/interconnect@48000000/segment@100000/target-module@d8000/mmc@0[0]'
[    0.616120] sdhci-omap 481d8000.mmc: using lookup tables for GPIO lookup
[    0.616129] sdhci-omap 481d8000.mmc: No GPIO consumer wp found
[    0.616324] sdhci-omap 481d8000.mmc: supply pbias not found, using dummy regulator
[    0.616803] sdhci-omap 481d8000.mmc: supply vqmmc not found, using dummy regulator
[    0.679964] davinci_mdio 4a101000.mdio: davinci mdio revision 1.6, bus freq 1000000
[    0.694739] mdio_bus 4a101000.mdio:00: using DT '/ocp/interconnect@4a000000/segment@0/target-module@100000/switch@0/mdio@1000/ethernet-phy@0' for 'reset' GPIO lookup
[    0.694838] of_get_named_gpiod_flags: parsed 'reset-gpios' property of node '/ocp/interconnect@4a000000/segment@0/target-module@100000/switch@0/mdio@1000/ethernet-phy@0[0]' - status (0)
[    0.695001] gpio gpiochip0: Persistence not supported for GPIO 8
[    0.786709] davinci_mdio 4a101000.mdio: phy[0]: device 4a101000.mdio:00, driver SMSC LAN8710/LAN8720
[    0.787471] cpsw-switch 4a100000.switch: initialized cpsw ale version 1.4
[    0.787492] cpsw-switch 4a100000.switch: ALE Table size 1024, Policers 0
[    0.787805] cpsw-switch 4a100000.switch: cpts: overflow check period 500 (jiffies)
[    0.787824] cpsw-switch 4a100000.switch: CPTS: ref_clk_freq:250000000 calc_mult:2147483648 calc_shift:29 error:0 nsec/sec
[    0.787929] cpsw-switch 4a100000.switch: Detected MACID = 6c:ec:eb:68:de:78
[    0.789748] cpsw-switch 4a100000.switch: initialized (regs 0x4a100000, pool size 256) hw_ver:0019010C 1.12 (0)
[    0.800410] debugfs: Directory '49000000.dma' with parent 'dmaengine' already present!
[    0.800449] edma 49000000.dma: TI EDMA DMA engine driver
[    0.835861] gpio-clk clk_mcasp0: using DT '/clk_mcasp0' for 'enable' GPIO lookup
[    0.835936] of_get_named_gpiod_flags: parsed 'enable-gpios' property of node '/clk_mcasp0[0]' - status (0)
[    0.835979] gpio gpiochip0: Persistence not supported for GPIO 27
[    0.836853] gpiochip_find_base_unlocked: found new base at 608
[    0.836971] gpio gpiochip3: (gpio-96-127): created GPIO range 0->7 ==> 44e10800.pinmux PIN 82->89
[    0.836991] gpio gpiochip3: (gpio-96-127): created GPIO range 8->11 ==> 44e10800.pinmux PIN 52->55
[    0.837006] gpio gpiochip3: (gpio-96-127): created GPIO range 12->15 ==> 44e10800.pinmux PIN 94->97
[    0.837022] gpio gpiochip3: (gpio-96-127): created GPIO range 16->17 ==> 44e10800.pinmux PIN 71->72
[    0.837038] gpio gpiochip3: (gpio-96-127): created GPIO range 18->18 ==> 44e10800.pinmux PIN 135->135
[    0.837054] gpio gpiochip3: (gpio-96-127): created GPIO range 19->20 ==> 44e10800.pinmux PIN 108->109
[    0.837070] gpio gpiochip3: (gpio-96-127): created GPIO range 21->21 ==> 44e10800.pinmux PIN 73->73
[    0.837087] gpio gpiochip3: (gpio-96-127): created GPIO range 22->23 ==> 44e10800.pinmux PIN 8->9
[    0.837104] gpio gpiochip3: (gpio-96-127): created GPIO range 26->27 ==> 44e10800.pinmux PIN 10->11
[    0.837121] gpio gpiochip3: (gpio-96-127): created GPIO range 28->28 ==> 44e10800.pinmux PIN 74->74
[    0.837139] gpio gpiochip3: (gpio-96-127): created GPIO range 29->29 ==> 44e10800.pinmux PIN 81->81
[    0.837157] gpio gpiochip3: (gpio-96-127): created GPIO range 30->31 ==> 44e10800.pinmux PIN 28->29
[    0.856591] gpio gpiochip3: (gpio-96-127): added GPIO chardev (254:3)
[    0.856750] gpio gpiochip3: registered GPIOs 608 to 639 on gpio-96-127
[    0.858977] omap8250 44e09000.serial: using DT '/ocp/interconnect@44c00000/segment@200000/target-module@9000/serial@0' for 'rs485-term' GPIO lookup
[    0.859052] of_get_named_gpiod_flags: can't parse 'rs485-term-gpios' property of node '/ocp/interconnect@44c00000/segment@200000/target-module@9000/serial@0[0]'
[    0.859096] of_get_named_gpiod_flags: can't parse 'rs485-term-gpio' property of node '/ocp/interconnect@44c00000/segment@200000/target-module@9000/serial@0[0]'
[    0.859131] omap8250 44e09000.serial: using lookup tables for GPIO lookup
[    0.859141] omap8250 44e09000.serial: No GPIO consumer rs485-term found
[    0.859150] omap8250 44e09000.serial: using DT '/ocp/interconnect@44c00000/segment@200000/target-module@9000/serial@0' for 'rs485-rx-during-tx' GPIO lookup
[    0.859185] of_get_named_gpiod_flags: can't parse 'rs485-rx-during-tx-gpios' property of node '/ocp/interconnect@44c00000/segment@200000/target-module@9000/serial@0[0]'
[    0.859222] of_get_named_gpiod_flags: can't parse 'rs485-rx-during-tx-gpio' property of node '/ocp/interconnect@44c00000/segment@200000/target-module@9000/serial@0[0]'
[    0.859254] omap8250 44e09000.serial: using lookup tables for GPIO lookup
[    0.859262] omap8250 44e09000.serial: No GPIO consumer rs485-rx-during-tx found
[    0.859701] 44e09000.serial: ttyS0 at MMIO 0x44e09000 (irq = 34, base_baud = 3000000) is a 8250
[    0.859788] printk: legacy console [ttyS0] enabled
[    2.300869] i2c i2c-0: using DT '/ocp/interconnect@44c00000/segment@200000/target-module@b000/i2c@0' for 'scl' GPIO lookup
[    2.300952] of_get_named_gpiod_flags: can't parse 'scl-gpios' property of node '/ocp/interconnect@44c00000/segment@200000/target-module@b000/i2c@0[0]'
[    2.300998] of_get_named_gpiod_flags: can't parse 'scl-gpio' property of node '/ocp/interconnect@44c00000/segment@200000/target-module@b000/i2c@0[0]'
[    2.301037] i2c i2c-0: using lookup tables for GPIO lookup
[    2.301051] i2c i2c-0: No GPIO consumer scl found
[    2.301076] i2c i2c-0: using DT '/ocp/interconnect@44c00000/segment@200000/target-module@b000/i2c@0' for 'sda' GPIO lookup
[    2.301116] of_get_named_gpiod_flags: can't parse 'sda-gpios' property of node '/ocp/interconnect@44c00000/segment@200000/target-module@b000/i2c@0[0]'
[    2.301156] of_get_named_gpiod_flags: can't parse 'sda-gpio' property of node '/ocp/interconnect@44c00000/segment@200000/target-module@b000/i2c@0[0]'
[    2.301191] i2c i2c-0: using lookup tables for GPIO lookup
[    2.301202] i2c i2c-0: No GPIO consumer sda found
[    2.322319] tps65217-pmic: Failed to locate of_node [id: -1]
[    2.328393] tps65217-bl: Failed to locate of_node [id: -1]
[    2.339595] tps65217 0-0024: TPS65217 ID 0xe version 1.2
[    2.345704] /ocp/interconnect@48000000/segment@300000/target-module@e000/lcdc@0: Fixed dependency cycle(s) with /ocp/interconnect@44c00000/segment@200000/target-module@b000/i2c@0/tda19988@70
[    2.363078] /ocp/interconnect@44c00000/segment@200000/target-module@b000/i2c@0/tda19988@70: Fixed dependency cycle(s) with /ocp/interconnect@48000000/segment@300000/target-module@e000/lcdc@0
[    2.380435] omap_i2c 44e0b000.i2c: bus 0 rev0.11 at 400 kHz
[    2.388211] sdhci-omap 48060000.mmc: using DT '/ocp/interconnect@48000000/segment@0/target-module@60000/mmc@0' for 'cd' GPIO lookup
[    2.388319] of_get_named_gpiod_flags: parsed 'cd-gpios' property of node '/ocp/interconnect@48000000/segment@0/target-module@60000/mmc@0[0]' - status (0)
[    2.388385] gpio gpiochip3: Persistence not supported for GPIO 6
[    2.388424] omap_gpio 44e07000.gpio: Could not set line 6 debounce to 200000 microseconds (-22)
[    2.397321] sdhci-omap 48060000.mmc: Got CD GPIO
[    2.402007] sdhci-omap 48060000.mmc: using DT '/ocp/interconnect@48000000/segment@0/target-module@60000/mmc@0' for 'wp' GPIO lookup
[    2.402056] of_get_named_gpiod_flags: can't parse 'wp-gpios' property of node '/ocp/interconnect@48000000/segment@0/target-module@60000/mmc@0[0]'
[    2.402101] of_get_named_gpiod_flags: can't parse 'wp-gpio' property of node '/ocp/interconnect@48000000/segment@0/target-module@60000/mmc@0[0]'
[    2.402138] sdhci-omap 48060000.mmc: using lookup tables for GPIO lookup
[    2.402152] sdhci-omap 48060000.mmc: No GPIO consumer wp found
[    2.402369] sdhci-omap 48060000.mmc: supply pbias not found, using dummy regulator
[    2.411101] sdhci-omap 481d8000.mmc: using DT '/ocp/interconnect@48000000/segment@100000/target-module@d8000/mmc@0' for 'wp' GPIO lookup
[    2.411174] of_get_named_gpiod_flags: can't parse 'wp-gpios' property of node '/ocp/interconnect@48000000/segment@100000/target-module@d8000/mmc@0[0]'
[    2.411223] of_get_named_gpiod_flags: can't parse 'wp-gpio' property of node '/ocp/interconnect@48000000/segment@100000/target-module@d8000/mmc@0[0]'
[    2.411262] sdhci-omap 481d8000.mmc: using lookup tables for GPIO lookup
[    2.411275] sdhci-omap 481d8000.mmc: No GPIO consumer wp found
[    2.412472] sdhci-omap 48060000.mmc: supply vqmmc not found, using dummy regulator
[    2.420999] sdhci-omap 481d8000.mmc: supply pbias not found, using dummy regulator
[    2.429980] sdhci-omap 481d8000.mmc: supply vqmmc not found, using dummy regulator
[    2.468369] mmc1: SDHCI controller on 481d8000.mmc [481d8000.mmc] using External DMA
[    2.477563] mmc0: SDHCI controller on 48060000.mmc [48060000.mmc] using External DMA
[    2.486352] cpsw-switch 4a100000.switch: starting ndev. mode: dual_mac
[    2.530573] mmc0: new high speed SDHC card at address 5048
[    2.537619] mmcblk0: mmc0:5048 SD16G 14.4 GiB
[    2.545643]  mmcblk0: p1 p2
[    2.549009] mmcblk0: p2 size 31221760 extends beyond EOD, truncated
[    2.562674] SMSC LAN8710/LAN8720 4a101000.mdio:00: attached PHY driver (mii_bus:phy_addr=4a101000.mdio:00, irq=POLL)
[    2.574864] mmc1: new high speed MMC card at address 0001
[    2.581761] mmcblk1: mmc1:0001 MMC04G 3.60 GiB
[    2.593510]  mmcblk1: p1 p2
[    2.597740] mmcblk1boot0: mmc1:0001 MMC04G 2.00 MiB
[    2.605050] mmcblk1boot1: mmc1:0001 MMC04G 2.00 MiB
[    2.612332] mmcblk1rpmb: mmc1:0001 MMC04G 128 KiB, chardev (250:0)
[    5.762123] cpsw-switch 4a100000.switch eth0: Link is Up - 100Mbps/Full - flow control off
[    5.801573] IP-Config: Complete:
