Labgrid Console Logfile for main
Logfile started at 2025-07-21 01:51:38.040001
=== Log starts here ===
reading args
spl_load_image_fat_os: error reading image args, err - -1
reading u-boot.img
reading u-boot.img


U-Boot 2014.04-00014-g47880f5 (Apr 22 2014 - 13:23:54)

I2C:   ready
DRAM:  512 MiB
NAND:  0 MiB
MMC:   OMAP SD/MMC: 0, OMAP SD/MMC: 1
*** Warning - readenv() failed, using default environment

Net:   <ethaddr> not set. Validating first E-fuse MAC
cpsw, usb_ether
Hit any key to stop autoboot:  1  0 
gpio: pin 53 (gpio 53) value is 1
mmc0 is current device
gpio: pin 54 (gpio 54) value is 1
SD/MMC found on device 0
** No partition table - mmc 0 **
Checking if uenvcmd is set ...

uenvcmd was not defined in uEnv.txt ...
gpio: pin 56 (gpio 56) value is 0
gpio: pin 55 (gpio 55) value is 0
gpio: pin 54 (gpio 54) value is 0
mmc1(part 0) is current device
gpio: pin 54 (gpio 54) value is 1
SD/MMC found on device 1
reading uEnv.txt
1430 bytes read in 5 ms (279.3 KiB/s)
gpio: pin 55 (gpio 55) value is 1
Loaded environment from uEnv.txt
Importing environment from mmc ...
Checking if uenvcmd is set ...
gpio: pin 56 (gpio 56) value is 1
Running uenvcmd ...
reading zImage
3717760 bytes read in 206 ms (17.2 MiB/s)
reading initrd.img
2868959 bytes read in 160 ms (17.1 MiB/s)
reading /dtbs/am335x-boneblack.dtb
25080 bytes read in 9 ms (2.7 MiB/s)
Kernel image @ 0x82000000 [ 0x000000 - 0x38ba80 ]
## Flattened Device Tree blob at 88000000
   Booting using the fdt blob at 0x88000000
   Using Device Tree in place at 88000000, end 880091f7

Starting kernel ...

Uncompressing Linux... done, booting the kernel.
[    0.382585] omap2_mbox_probe: platform not supported
[    0.549963] tps65217-bl tps65217-bl: no platform data provided
[    0.614523] bone-capemgr bone_capemgr.9: slot #0: No cape found
[    0.651630] bone-capemgr bone_capemgr.9: slot #1: No cape found
[    0.688738] bone-capemgr bone_capemgr.9: slot #2: No cape found
[    0.725848] bone-capemgr bone_capemgr.9: slot #3: No cape found
[    0.742008] bone-capemgr bone_capemgr.9: slot #6: BB-BONELT-HDMIN conflict P8.45 (#5:BB-BONELT-HDMI)
[    0.751611] bone-capemgr bone_capemgr.9: slot #6: Failed verification
[    0.758368] bone-capemgr bone_capemgr.9: loader: failed to load slot-6 BB-BONELT-HDMIN:00A0 (prio 2)
[    0.774863] omap_hsmmc mmc.5: of_parse_phandle_with_args of 'reset' failed
[    0.837457] pinctrl-single 44e10800.pinmux: pin 44e10854 already requested by 44e10800.pinmux; cannot claim for gpio-leds.8
[    0.849128] pinctrl-single 44e10800.pinmux: pin-21 (gpio-leds.8) status -22
[    0.856414] pinctrl-single 44e10800.pinmux: could not request pin 21 on device pinctrl-single
[    0.884405] mmcblk0: error -84 transferring data, sector 0, nr 8, cmd response 0x900, card status 0xb00
[    0.901415] mmcblk0: error -84 transferring data, sector 0, nr 8, cmd response 0x900, card status 0x0
[    0.911134] end_request: I/O error, dev mmcblk0, sector 0
[    0.917673] mmcblk0: error -84 transferring data, sector 1, nr 7, cmd response 0x900, card status 0x0
[    0.927348] end_request: I/O error, dev mmcblk0, sector 1
Loading, please wait...








Gave up waiting for root device.  Common problems:
 - Boot args (cat /proc/cmdline)
   - Check rootdelay= (did the system wait long enough?)
   - Check root= (did the system wait for the right device?)
 - Missing modules (cat /proc/modules; ls /dev)
ALERT!  /dev/disk/by-uuid/68139b2d-c936-46bb-9c2a-56a5b2aa08e1 does not exist.  Dropping to a shell!
modprobe: module i8042 not found in modules.dep
modprobe: module ehci-hcd not found in modules.dep
modprobe: module uhci-hcd not found in modules.dep
modprobe: module ohci-hcd not found in modules.dep


BusyÂox v1.20.2 (Debian 1:1.20.0-7) built-in shell (ash)
Enter 'help' for a list of built-in commands.

/bin/sh: can't access tty; job control turned off
(initramfs) 
(initramfs) 
(initramfs) 
(initramfs) 
(initramfs) 
(initramfs) 
(initramfs) 
(initramfs) 
(initramfs) [6n
(initramfs) [6n
(initramfs) [6n
(initramfs) [6n
(initramfs) [6n
(initramfs) [6n
(initramfs) [6n
(initramfs) [6n
(initramfs) [6n
(initramfs) [6nLabgrid Console Logfile for main
Logfile started at 2025-07-21 01:52:54.394404
=== Log starts here ===
reading args
spl_load_image_fat_os: error reading image args, err - -1
reading u-boot.img
reading u-boot.img


U-Boot 2014.04-00014-g47880f5 (Apr 22 2014 - 13:23:54)

I2C:   ready
DRAM:  512 MiB
NAND:  0 MiB
MMC:   OMAP SD/MMC: 0, OMAP SD/MMC: 1
*** Warning - readenv() failed, using default environment

Net:   <ethaddr> not set. Validating first E-fuse MAC
cpsw, usb_ether
Hit any key to stop autoboot:  1  0 
gpio: pin 53 (gpio 53) value is 1
mmc0 is current device
gpio: pin 54 (gpio 54) value is 1
SD/MMC found on device 0
** No partition table - mmc 0 **
Checking if uenvcmd is set ...

uenvcmd was not defined in uEnv.txt ...
gpio: pin 56 (gpio 56) value is 0
gpio: pin 55 (gpio 55) value is 0
gpio: pin 54 (gpio 54) value is 0
mmc1(part 0) is current device
gpio: pin 54 (gpio 54) value is 1
SD/MMC found on device 1
reading uEnv.txt
1430 bytes read in 4 ms (348.6 KiB/s)
gpio: pin 55 (gpio 55) value is 1
Loaded environment from uEnv.txt
Importing environment from mmc ...
Checking if uenvcmd is set ...
gpio: pin 56 (gpio 56) value is 1
Running uenvcmd ...
reading zImage
3717760 bytes read in 205 ms (17.3 MiB/s)
reading initrd.img
2868959 bytes read in 160 ms (17.1 MiB/s)
reading /dtbs/am335x-boneblack.dtb
25080 bytes read in 9 ms (2.7 MiB/s)
Kernel image @ 0x82000000 [ 0x000000 - 0x38ba80 ]
## Flattened Device Tree blob at 88000000
   Booting using the fdt blob at 0x88000000
   Using Device Tree in place at 88000000, end 880091f7

Starting kernel ...

Uncompressing Linux... done, booting the kernel.
[    0.382656] omap2_mbox_probe: platform not supported
[    0.549153] tps65217-bl tps65217-bl: no platform data provided
[    0.610645] bone-capemgr bone_capemgr.9: slot #0: No cape found
[    0.647751] bone-capemgr bone_capemgr.9: slot #1: No cape found
[    0.684859] bone-capemgr bone_capemgr.9: slot #2: No cape found
[    0.721968] bone-capemgr bone_capemgr.9: slot #3: No cape found
[    0.738119] bone-capemgr bone_capemgr.9: slot #6: BB-BONELT-HDMIN conflict P8.45 (#5:BB-BONELT-HDMI)
[    0.747730] bone-capemgr bone_capemgr.9: slot #6: Failed verification
[    0.754485] bone-capemgr bone_capemgr.9: loader: failed to load slot-6 BB-BONELT-HDMIN:00A0 (prio 2)
[    0.771003] omap_hsmmc mmc.5: of_parse_phandle_with_args of 'reset' failed
[    0.833581] pinctrl-single 44e10800.pinmux: pin 44e10854 already requested by 44e10800.pinmux; cannot claim for gpio-leds.8
[    0.845254] pinctrl-single 44e10800.pinmux: pin-21 (gpio-leds.8) status -22
[    0.852538] pinctrl-single 44e10800.pinmux: could not request pin 21 on device pinctrl-single
[    0.880521] mmcblk0: error -84 transferring data, sector 0, nr 8, cmd response 0x900, card status 0xb00
[    0.896779] mmcblk0: error -84 transferring data, sector 0, nr 8, cmd response 0x900, card status 0x0
[    0.906488] end_request: I/O error, dev mmcblk0, sector 0
[    0.913730] mmcblk0: error -84 transferring data, sector 1, nr 7, cmd response 0x900, card status 0x0
[    0.923400] end_request: I/O error, dev mmcblk0, sector 1
Loading, please wait...








Gave up waiting for root device.  Common problems:
 - Boot args (cat /proc/cmdline)
   - Check rootdelay= (did the system wait long enough?)
   - Check root= (did the system wait for the right device?)
 - Missing modules (cat /proc/modules; ls /dev)
ALERT!  /dev/disk/by-uuid/68139b2d-c936-46bb-9c2a-56a5b2aa08e1 does not exist.  Dropping to a shell!
modprobe: module i8042 not found in modules.dep
modprobe: module ehci-hcd not found in modules.dep
modprobe: module uhci-hcd not found in modules.dep
modprobe: module ohci-hcd not found in modules.dep


BusyÂox v1.20.2 (Debian 1:1.20.0-7) built-in shell (ash)
Enter 'help' for a list of built-in commands.

/bin/sh: can't access tty; job control turned off
(initramfs) 
(initramfs) 
(initramfs) 
(initramfs) 
(initramfs) 
(initramfs) 
(initramfs) 
(initramfs) 
(initramfs) [6n
(initramfs) [6n
(initramfs) [6n
(initramfs) [6n
(initramfs) [6n
(initramfs) [6n
(initramfs) [6n
(initramfs) [6n
(initramfs) [6n
(initramfs) [6nLabgrid Console Logfile for main
Logfile started at 2025-07-21 01:54:10.773041
=== Log starts here ===
reading args
spl_load_image_fat_os: error reading image args, err - -1
reading u-boot.img
reading u-boot.img


U-Boot 2014.04-00014-g47880f5 (Apr 22 2014 - 13:23:54)

I2C:   ready
DRAM:  512 MiB
NAND:  0 MiB
MMC:   OMAP SD/MMC: 0, OMAP SD/MMC: 1
*** Warning - readenv() failed, using default environment

Net:   <ethaddr> not set. Validating first E-fuse MAC
cpsw, usb_ether
Hit any key to stop autoboot:  1  0 
gpio: pin 53 (gpio 53) value is 1
mmc0 is current device
gpio: pin 54 (gpio 54) value is 1
SD/MMC found on device 0
** No partition table - mmc 0 **
Checking if uenvcmd is set ...

uenvcmd was not defined in uEnv.txt ...
gpio: pin 56 (gpio 56) value is 0
gpio: pin 55 (gpio 55) value is 0
gpio: pin 54 (gpio 54) value is 0
mmc1(part 0) is current device
gpio: pin 54 (gpio 54) value is 1
SD/MMC found on device 1
reading uEnv.txt
1430 bytes read in 5 ms (279.3 KiB/s)
gpio: pin 55 (gpio 55) value is 1
Loaded environment from uEnv.txt
Importing environment from mmc ...
Checking if uenvcmd is set ...
gpio: pin 56 (gpio 56) value is 1
Running uenvcmd ...
reading zImage
3717760 bytes read in 205 ms (17.3 MiB/s)
reading initrd.img
2868959 bytes read in 160 ms (17.1 MiB/s)
reading /dtbs/am335x-boneblack.dtb
25080 bytes read in 9 ms (2.7 MiB/s)
Kernel image @ 0x82000000 [ 0x000000 - 0x38ba80 ]
## Flattened Device Tree blob at 88000000
   Booting using the fdt blob at 0x88000000
   Using Device Tree in place at 88000000, end 880091f7

Starting kernel ...

Uncompressing Linux... done, booting the kernel.
[    0.382627] omap2_mbox_probe: platform not supported
[    0.549363] tps65217-bl tps65217-bl: no platform data provided
[    0.614484] bone-capemgr bone_capemgr.9: slot #0: No cape found
[    0.651593] bone-capemgr bone_capemgr.9: slot #1: No cape found
[    0.688701] bone-capemgr bone_capemgr.9: slot #2: No cape found
[    0.725810] bone-capemgr bone_capemgr.9: slot #3: No cape found
[    0.741961] bone-capemgr bone_capemgr.9: slot #6: BB-BONELT-HDMIN conflict P8.45 (#5:BB-BONELT-HDMI)
[    0.751576] bone-capemgr bone_capemgr.9: slot #6: Failed verification
[    0.758327] bone-capemgr bone_capemgr.9: loader: failed to load slot-6 BB-BONELT-HDMIN:00A0 (prio 2)
[    0.774830] omap_hsmmc mmc.5: of_parse_phandle_with_args of 'reset' failed
[    0.837417] pinctrl-single 44e10800.pinmux: pin 44e10854 already requested by 44e10800.pinmux; cannot claim for gpio-leds.8
[    0.849101] pinctrl-single 44e10800.pinmux: pin-21 (gpio-leds.8) status -22
[    0.856387] pinctrl-single 44e10800.pinmux: could not request pin 21 on device pinctrl-single
[    0.884367] mmcblk0: error -84 transferring data, sector 0, nr 8, cmd response 0x900, card status 0x0
[    0.900580] mmcblk0: error -84 transferring data, sector 0, nr 8, cmd response 0x900, card status 0x0
[    0.910278] end_request: I/O error, dev mmcblk0, sector 0
Loading, please wait...








Gave up waiting for root device.  Common problems:
 - Boot args (cat /proc/cmdline)
   - Check rootdelay= (did the system wait long enough?)
   - Check root= (did the system wait for the right device?)
 - Missing modules (cat /proc/modules; ls /dev)
ALERT!  /dev/disk/by-uuid/68139b2d-c936-46bb-9c2a-56a5b2aa08e1 does not exist.  Dropping to a shell!
modprobe: module i8042 not found in modules.dep
modprobe: module ehci-hcd not found in modules.dep
modprobe: module uhci-hcd not found in modules.dep
modprobe: module ohci-hcd not found in modules.dep


Busy¢ox v1.20.2 (Debian 1:1.20.0-7) built-in shell (ash)
Enter 'help' for a list of built-in commands.

/bin/sh: can't access tty; job control turned off
(initramfs) 
(initramfs) 
(initramfs) 
(initramfs) 
(initramfs) 
(initramfs) 
(initramfs) 
(initramfs) 
(initramfs) [6n
(initramfs) [6n
(initramfs) [6n
(initramfs) [6n
(initramfs) [6n
(initramfs) [6n
(initramfs) [6n
(initramfs) [6n
(initramfs) [6n
(initramfs) [6nLabgrid Console Logfile for main
Logfile started at 2025-07-21 01:55:26.986636
=== Log starts here ===
reading args
spl_load_image_fat_os: error reading image args, err - -1
reading u-boot.img
reading u-boot.img


U-Boot 2014.04-00014-g47880f5 (Apr 22 2014 - 13:23:54)

I2C:   ready
DRAM:  512 MiB
NAND:  0 MiB
MMC:   OMAP SD/MMC: 0, OMAP SD/MMC: 1
*** Warning - readenv() failed, using default environment

Net:   <ethaddr> not set. Validating first E-fuse MAC
cpsw, usb_ether
Hit any key to stop autoboot:  1  0 
gpio: pin 53 (gpio 53) value is 1
mmc0 is current device
gpio: pin 54 (gpio 54) value is 1
SD/MMC found on device 0
** No partition table - mmc 0 **
Checking if uenvcmd is set ...

uenvcmd was not defined in uEnv.txt ...
gpio: pin 56 (gpio 56) value is 0
gpio: pin 55 (gpio 55) value is 0
gpio: pin 54 (gpio 54) value is 0
mmc1(part 0) is current device
gpio: pin 54 (gpio 54) value is 1
SD/MMC found on device 1
reading uEnv.txt
1430 bytes read in 5 ms (279.3 KiB/s)
gpio: pin 55 (gpio 55) value is 1
Loaded environment from uEnv.txt
Importing environment from mmc ...
Checking if uenvcmd is set ...
gpio: pin 56 (gpio 56) value is 1
Running uenvcmd ...
reading zImage
3717760 bytes read in 206 ms (17.2 MiB/s)
reading initrd.img
2868959 bytes read in 160 ms (17.1 MiB/s)
reading /dtbs/am335x-boneblack.dtb
25080 bytes read in 9 ms (2.7 MiB/s)
Kernel image @ 0x82000000 [ 0x000000 - 0x38ba80 ]
## Flattened Device Tree blob at 88000000
   Booting using the fdt blob at 0x88000000
   Using Device Tree in place at 88000000, end 880091f7

Starting kernel ...

Uncompressing Linux... done, booting the kernel.
[    0.382448] omap2_mbox_probe: platform not supported
[    0.549425] tps65217-bl tps65217-bl: no platform data provided
[    0.614495] bone-capemgr bone_capemgr.9: slot #0: No cape found
[    0.651601] bone-capemgr bone_capemgr.9: slot #1: No cape found
[    0.688709] bone-capemgr bone_capemgr.9: slot #2: No cape found
[    0.725819] bone-capemgr bone_capemgr.9: slot #3: No cape found
[    0.741954] bone-capemgr bone_capemgr.9: slot #6: BB-BONELT-HDMIN conflict P8.45 (#5:BB-BONELT-HDMI)
[    0.751562] bone-capemgr bone_capemgr.9: slot #6: Failed verification
[    0.758322] bone-capemgr bone_capemgr.9: loader: failed to load slot-6 BB-BONELT-HDMIN:00A0 (prio 2)
[    0.774801] omap_hsmmc mmc.5: of_parse_phandle_with_args of 'reset' failed
[    0.837427] pinctrl-single 44e10800.pinmux: pin 44e10854 already requested by 44e10800.pinmux; cannot claim for gpio-leds.8
[    0.849103] pinctrl-single 44e10800.pinmux: pin-21 (gpio-leds.8) status -22
[    0.856385] pinctrl-single 44e10800.pinmux: could not request pin 21 on device pinctrl-single
[    2.804533] mmcblk0: error -84 transferring data, sector 0, nr 8, cmd response 0x900, card status 0x0
[    2.820512] mmcblk0: error -84 transferring data, sector 0, nr 8, cmd response 0x900, card status 0x0
[    2.830222] end_request: I/O error, dev mmcblk0, sector 0
Loading, please wait...








Gave up waiting for root device.  Common problems:
 - Boot args (cat /proc/cmdline)
   - Check rootdelay= (did the system wait long enough?)
   - Check root= (did the system wait for the right device?)
 - Missing modules (cat /proc/modules; ls /dev)
ALERT!  /dev/disk/by-uuid/68139b2d-c936-46bb-9c2a-56a5b2aa08e1 does not exist.  Dropping to a shell!
modprobe: module i8042 not found in modules.dep
modprobe: module ehci-hcd not found in modules.dep
modprobe: module uhci-hcd not found in modules.dep
modprobe: module ohci-hcd not found in modules.dep


BusyÂox v1.20.2 (Debian 1:1.20.0-7) built-in shell (ash)
Enter 'help' for a list of built-in commands.

/bin/sh: can't access tty; job control turned off
(initramfs) 
(initramfs) 
(initramfs) 
(initramfs) 
(initramfs) 
(initramfs) 
(initramfs) 
(initramfs) 
(initramfs) [6n
(initramfs) [6n
(initramfs) [6n
(initramfs) [6n
(initramfs) [6n
(initramfs) [6n
(initramfs) [6n
(initramfs) [6n
(initramfs) [6nLabgrid Console Logfile for main
Logfile started at 2025-07-21 01:56:43.187994
=== Log starts here ===
reading args
spl_load_image_fat_os: error reading image args, err - -1
reading u-boot.img
reading u-boot.img


U-Boot 2014.04-00014-g47880f5 (Apr 22 2014 - 13:23:54)

I2C:   ready
DRAM:  512 MiB
NAND:  0 MiB
MMC:   OMAP SD/MMC: 0, OMAP SD/MMC: 1
*** Warning - readenv() failed, using default environment

Net:   <ethaddr> not set. Validating first E-fuse MAC
cpsw, usb_ether
Hit any key to stop autoboot:  1  0 
gpio: pin 53 (gpio 53) value is 1
mmc0 is current device
gpio: pin 54 (gpio 54) value is 1
SD/MMC found on device 0
** No partition table - mmc 0 **
Checking if uenvcmd is set ...

uenvcmd was not defined in uEnv.txt ...
gpio: pin 56 (gpio 56) value is 0
gpio: pin 55 (gpio 55) value is 0
gpio: pin 54 (gpio 54) value is 0
mmc1(part 0) is current device
gpio: pin 54 (gpio 54) value is 1
SD/MMC found on device 1
reading uEnv.txt
1430 bytes read in 5 ms (279.3 KiB/s)
gpio: pin 55 (gpio 55) value is 1
Loaded environment from uEnv.txt
Importing environment from mmc ...
Checking if uenvcmd is set ...
gpio: pin 56 (gpio 56) value is 1
Running uenvcmd ...
reading zImage
3717760 bytes read in 206 ms (17.2 MiB/s)
reading initrd.img
2868959 bytes read in 161 ms (17 MiB/s)
reading /dtbs/am335x-boneblack.dtb
25080 bytes read in 9 ms (2.7 MiB/s)
Kernel image @ 0x82000000 [ 0x000000 - 0x38ba80 ]
## Flattened Device Tree blob at 88000000
   Booting using the fdt blob at 0x88000000
   Using Device Tree in place at 88000000, end 880091f7

Starting kernel ...

Uncompressing Linux... done, booting the kernel.
[    0.382609] omap2_mbox_probe: platform not supported
[    0.549681] tps65217-bl tps65217-bl: no platform data provided
[    0.614516] bone-capemgr bone_capemgr.9: slot #0: No cape found
[    0.651622] bone-capemgr bone_capemgr.9: slot #1: No cape found
[    0.688730] bone-capemgr bone_capemgr.9: slot #2: No cape found
[    0.725839] bone-capemgr bone_capemgr.9: slot #3: No cape found
[    0.741958] bone-capemgr bone_capemgr.9: slot #6: BB-BONELT-HDMIN conflict P8.45 (#5:BB-BONELT-HDMI)
[    0.751544] bone-capemgr bone_capemgr.9: slot #6: Failed verification
[    0.758291] bone-capemgr bone_capemgr.9: loader: failed to load slot-6 BB-BONELT-HDMIN:00A0 (prio 2)
[    0.774740] omap_hsmmc mmc.5: of_parse_phandle_with_args of 'reset' failed
[    0.837447] pinctrl-single 44e10800.pinmux: pin 44e10854 already requested by 44e10800.pinmux; cannot claim for gpio-leds.8
[    0.849117] pinctrl-single 44e10800.pinmux: pin-21 (gpio-leds.8) status -22
[    0.856412] pinctrl-single 44e10800.pinmux: could not request pin 21 on device pinctrl-single
[    0.884388] mmcblk0: error -84 transferring data, sector 0, nr 8, cmd response 0x900, card status 0xb00
[    0.901377] mmcblk0: error -84 transferring data, sector 0, nr 8, cmd response 0x900, card status 0x0
[    0.911095] end_request: I/O error, dev mmcblk0, sector 0
Loading, please wait...








Gave up waiting for root device.  Common problems:
 - Boot args (cat /proc/cmdline)
   - Check rootdelay= (did the system wait long enough?)
   - Check root= (did the system wait for the right device?)
 - Missing modules (cat /proc/modules; ls /dev)
ALERT!  /dev/disk/by-uuid/68139b2d-c936-46bb-9c2a-56a5b2aa08e1 does not exist.  Dropping to a shell!
modprobe: module i8042 not found in modules.dep
modprobe: module ehci-hcd not found in modules.dep
modprobe: module uhci-hcd not found in modules.dep
modprobe: module ohci-hcd not found in modules.dep


BusyÂox v1.20.2 (Debian 1:1.20.0-7) built-in shell (ash)
Enter 'help' for a list of built-in commands.

/bin/sh: can't access tty; job control turned off
(initramfs) 
(initramfs) 
(initramfs) 
(initramfs) 
(initramfs) 
(initramfs) 
(initramfs) 
(initramfs) 
(initramfs) [6n
(initramfs) [6n
(initramfs) [6n
(initramfs) [6n
(initramfs) [6n
(initramfs) [6n
(initramfs) [6n
(initramfs) [6n
(initramfs) [6n
(initramfs) [6nLabgrid Console Logfile for main
Logfile started at 2025-07-21 01:57:59.435018
=== Log starts here ===
reading args
spl_load_image_fat_os: error reading image args, err - -1
reading u-boot.img
reading u-boot.img


U-Boot 2014.04-00014-g47880f5 (Apr 22 2014 - 13:23:54)

I2C:   ready
DRAM:  512 MiB
NAND:  0 MiB
MMC:   OMAP SD/MMC: 0, OMAP SD/MMC: 1
*** Warning - readenv() failed, using default environment

Net:   <ethaddr> not set. Validating first E-fuse MAC
cpsw, usb_ether
Hit any key to stop autoboot:  1  0 
gpio: pin 53 (gpio 53) value is 1
mmc0 is current device
gpio: pin 54 (gpio 54) value is 1
SD/MMC found on device 0
** No partition table - mmc 0 **
Checking if uenvcmd is set ...

uenvcmd was not defined in uEnv.txt ...
gpio: pin 56 (gpio 56) value is 0
gpio: pin 55 (gpio 55) value is 0
gpio: pin 54 (gpio 54) value is 0
mmc1(part 0) is current device
gpio: pin 54 (gpio 54) value is 1
SD/MMC found on device 1
reading uEnv.txt
1430 bytes read in 4 ms (348.6 KiB/s)
gpio: pin 55 (gpio 55) value is 1
Loaded environment from uEnv.txt
Importing environment from mmc ...
Checking if uenvcmd is set ...
gpio: pin 56 (gpio 56) value is 1
Running uenvcmd ...
reading zImage
3717760 bytes read in 206 ms (17.2 MiB/s)
reading initrd.img
2868959 bytes read in 161 ms (17 MiB/s)
reading /dtbs/am335x-boneblack.dtb
25080 bytes read in 9 ms (2.7 MiB/s)
Kernel image @ 0x82000000 [ 0x000000 - 0x38ba80 ]
## Flattened Device Tree blob at 88000000
   Booting using the fdt blob at 0x88000000
   Using Device Tree in place at 88000000, end 880091f7

Starting kernel ...

Uncompressing Linux... done, booting the kernel.
[    0.382503] omap2_mbox_probe: platform not supported
[    0.549845] tps65217-bl tps65217-bl: no platform data provided
[    0.614496] bone-capemgr bone_capemgr.9: slot #0: No cape found
[    0.651603] bone-capemgr bone_capemgr.9: slot #1: No cape found
[    0.688711] bone-capemgr bone_capemgr.9: slot #2: No cape found
[    0.725820] bone-capemgr bone_capemgr.9: slot #3: No cape found
[    0.741992] bone-capemgr bone_capemgr.9: slot #6: BB-BONELT-HDMIN conflict P8.45 (#5:BB-BONELT-HDMI)
[    0.751590] bone-capemgr bone_capemgr.9: slot #6: Failed verification
[    0.758341] bone-capemgr bone_capemgr.9: loader: failed to load slot-6 BB-BONELT-HDMIN:00A0 (prio 2)
[    0.774832] omap_hsmmc mmc.5: of_parse_phandle_with_args of 'reset' failed
[    0.837435] pinctrl-single 44e10800.pinmux: pin 44e10854 already requested by 44e10800.pinmux; cannot claim for gpio-leds.8
[    0.849124] pinctrl-single 44e10800.pinmux: pin-21 (gpio-leds.8) status -22
[    0.856410] pinctrl-single 44e10800.pinmux: could not request pin 21 on device pinctrl-single
[    0.884375] mmcblk0: error -84 transferring data, sector 0, nr 8, cmd response 0x900, card status 0xb00
[    0.901366] mmcblk0: error -84 transferring data, sector 0, nr 8, cmd response 0x900, card status 0x0
[    0.911093] end_request: I/O error, dev mmcblk0, sector 0
Loading, please wait...








Gave up waiting for root device.  Common problems:
 - Boot args (cat /proc/cmdline)
   - Check rootdelay= (did the system wait long enough?)
   - Check root= (did the system wait for the right device?)
 - Missing modules (cat /proc/modules; ls /dev)
ALERT!  /dev/disk/by-uuid/68139b2d-c936-46bb-9c2a-56a5b2aa08e1 does not exist.  Dropping to a shell!
modprobe: module i8042 not found in modules.dep
modprobe: module ehci-hcd not found in modules.dep
modprobe: module uhci-hcd not found in modules.dep
modprobe: module ohci-hcd not found in modules.dep


Busy‚ox v1.20.2 (Debian 1:1.20.0-7) built-in shell (ash)
Enter 'help' for a list of built-in commands.

/bin/sh: can't access tty; job control turned off
(initramfs) 
(initramfs) 
(initramfs) 
(initramfs) 
(initramfs) 
(initramfs) 
(initramfs) 
(initramfs) 
(initramfs) [6n
(initramfs) [6n
(initramfs) [6n
(initramfs) [6n
(initramfs) [6n
(initramfs) [6n
(initramfs) [6n
(initramfs) [6n
(initramfs) [6n
(initramfs) [6nLabgrid Console Logfile for main
Logfile started at 2025-07-21 01:59:18.198549
=== Log starts here ===

(initramfs) [6n
(initramfs) [6n
(initramfs) [6n
(initramfs) [6n
(initramfs) [6n
(initramfs) [6n
(initramfs) [6n
(initramfs) [6n
(initramfs) [6n
(initramfs) [6n
(initramfs) [6n
(initramfs) [6n[  120.542246] INFO: task kworker/u:1:21 blocked for more than 60 seconds.
[  120.549278] "echo 0 > /proc/sys/kernel/hung_task_timeout_secs" disables this message.
[  120.557597] Kernel panic - not syncing: hung_task: blocked tasks
[  120.563971] [<c0010443>] (unwind_backtrace+0x1/0x8a) from [<c0455ced>] (panic+0x51/0x148)
[  120.572620] [<c0455ced>] (panic+0x51/0x148) from [<c006770b>] (watchdog+0x14f/0x194)
[  120.580812] [<c006770b>] (watchdog+0x14f/0x194) from [<c003fb8f>] (kthread+0x67/0x74)
[  120.589092] [<c003fb8f>] (kthread+0x67/0x74) from [<c000c0dd>] (ret_from_fork+0x11/0x34)
[  120.597628] drm_kms_helper: panic occurred, switching back to text console
