Labgrid Console Logfile for main
Logfile started at 2025-08-28 20:33:16.855704
=== Log starts here ===
reading args
spl_load_image_fat_os: error reading image args, err - -1
reading u-boot.img
reading u-boot.img


U-Boot 2014.04-00014-g47880f5 (Apr 22 2014 - 13:23:54)

I2C:   ready
DRAM:  512 MiB
NAND:  0 MiB
MMC:   OMAP SD/MMC: 0, OMAP SD/MMC: 1
*** Warning - readenv() failed, using default environment

Net:   <ethaddr> not set. Validating first E-fuse MAC
cpsw, usb_ether
Hit any key to stop autoboot:  1  0 
gpio: pin 53 (gpio 53) value is 1
mmc0 is current device
gpio: pin 54 (gpio 54) value is 1
SD/MMC found on device 0
reading uEnv.txt
569 bytes read in 3 ms (184.6 KiB/s)
gpio: pin 55 (gpio 55) value is 1
Loaded environment from uEnv.txt
Importing environment from mmc ...
Checking if uenvcmd is set ...
gpio: pin 56 (gpio 56) value is 1
Running uenvcmd ...
cpsw Waiting for PHY auto negotiation to complete. done
link up on port 0, speed 100, full duplex
Using cpsw device
TFTP from server 192.168.255.126; our IP address is 192.168.255.1
Filename 'zImage'.
Load address: 0x81000000
Loading: *#################################################################
	 #################################################################
	 #################################################################
	 #################################################################
	 #################################################################
	 ####################################################
	 2.4 MiB/s
done
Bytes transferred = 5527048 (545608 hex)
link up on port 0, speed 100, full duplex
Using cpsw device
TFTP from server 192.168.255.126; our IP address is 192.168.255.1
Filename 'am335x-boneblack.dtb'.
Load address: 0x82000000
Loading: *#######
	 2.4 MiB/s
done
Bytes transferred = 98336 (18020 hex)
Kernel image @ 0x81000000 [ 0x000000 - 0x545608 ]
## Flattened Device Tree blob at 82000000
   Booting using the fdt blob at 0x82000000
   Using Device Tree in place at 82000000, end 8201b01f

Starting kernel ...

[    0.000000] Booting Linux on physical CPU 0x0
[    0.000000] Linux version 6.12.44 (user01@drvtest01) (arm-none-eabi-gcc (Arm GNU Toolchain 14.2.Rel1 (Build arm-14.52)) 14.2.1 20241119, GNU ld (Arm GNU Toolchain 14.2.Rel1 (Build arm-14.52)) 2.43.1.20241119) #1 SMP Thu Aug 28 20:30:11 EEST 2025
[    0.000000] CPU: ARMv7 Processor [413fc082] revision 2 (ARMv7), cr=10c5387d
[    0.000000] CPU: PIPT / VIPT nonaliasing data cache, VIPT aliasing instruction cache
[    0.000000] OF: fdt: Machine model: TI AM335x BeagleBone Black
[    0.000000] Memory policy: Data cache writeback
[    0.000000] cma: Reserved 16 MiB at 0x9e800000 on node -1
[    0.000000] Zone ranges:
[    0.000000]   Normal   [mem 0x0000000080000000-0x000000009fdfffff]
[    0.000000]   HighMem  empty
[    0.000000] Movable zone start for each node
[    0.000000] Early memory node ranges
[    0.000000]   node   0: [mem 0x0000000080000000-0x000000009fdfffff]
[    0.000000] Initmem setup node 0 [mem 0x0000000080000000-0x000000009fdfffff]
[    0.000000] OF: reserved mem: Reserved memory: No reserved-memory node in the DT
[    0.000000] CPU: All CPU(s) started in SVC mode.
[    0.000000] AM335X ES2.1 (sgx neon)
[    0.000000] percpu: Embedded 17 pages/cpu s40396 r8192 d21044 u69632
[    0.000000] Kernel command line: console=ttyO0,115200n8 root=/dev/nfs rw nfsroot=192.168.255.126:/home/user01/nfs,nfsvers=3 ip=192.168.255.1:192.168.255.126::255.255.255.0:bbb1:eth0 nfsrootdebug
[    0.000000] Unknown kernel command line parameters "nfsrootdebug", will be passed to user space.
[    0.000000] Dentry cache hash table entries: 65536 (order: 6, 262144 bytes, linear)
[    0.000000] Inode-cache hash table entries: 32768 (order: 5, 131072 bytes, linear)
[    0.000000] Built 1 zonelists, mobility grouping on.  Total pages: 130560
[    0.000000] mem auto-init: stack:off, heap alloc:off, heap free:off
[    0.000000] SLUB: HWalign=64, Order=0-3, MinObjects=0, CPUs=1, Nodes=1
[    0.000000] rcu: Hierarchical RCU implementation.
[    0.000000] rcu: 	RCU event tracing is enabled.
[    0.000000] rcu: 	RCU restricting CPUs from NR_CPUS=2 to nr_cpu_ids=1.
[    0.000000] rcu: RCU calculated value of scheduler-enlistment delay is 10 jiffies.
[    0.000000] rcu: Adjusting geometry for rcu_fanout_leaf=16, nr_cpu_ids=1
[    0.000000] NR_IRQS: 16, nr_irqs: 16, preallocated irqs: 16
[    0.000000] IRQ: Found an INTC at 0x(ptrval) (revision 5.0) with 128 interrupts
[    0.000000] rcu: srcu_init: Setting srcu_struct sizes based on contention.
[    0.000000] TI gptimer clocksource: always-on /ocp/interconnect@44c00000/segment@200000/target-module@31000
[    0.000003] sched_clock: 32 bits at 24MHz, resolution 41ns, wraps every 89478484971ns
[    0.000028] clocksource: dmtimer: mask: 0xffffffff max_cycles: 0xffffffff, max_idle_ns: 79635851949 ns
[    0.000492] TI gptimer clockevent: 24000000 Hz at /ocp/interconnect@48000000/segment@0/target-module@40000
[    0.002087] Console: colour dummy device 80x30
[    0.002148] WARNING: Your 'console=ttyO0' has been replaced by 'ttyS0'
[    0.002157] This ensures that you still see kernel messages. Please
[    0.002162] update your kernel commandline.
[    0.002205] Calibrating delay loop... 996.14 BogoMIPS (lpj=4980736)
[    0.090539] CPU: Testing write buffer coherency: ok
[    0.090649] CPU0: Spectre v2: using BPIALL workaround
[    0.090659] pid_max: default: 32768 minimum: 301
[    0.090786] LSM: initializing lsm=capability
[    0.090956] Mount-cache hash table entries: 1024 (order: 0, 4096 bytes, linear)
[    0.090978] Mountpoint-cache hash table entries: 1024 (order: 0, 4096 bytes, linear)
[    0.092551] CPU0: thread -1, cpu 0, socket -1, mpidr 0
[    0.094574] Setting up static identity map for 0x80100000 - 0x80100078
[    0.094886] rcu: Hierarchical SRCU implementation.
[    0.094897] rcu: 	Max phase no-delay instances is 1000.
[    0.096627] smp: Bringing up secondary CPUs ...
[    0.096680] smp: Brought up 1 node, 1 CPU
[    0.096692] SMP: Total of 1 processors activated (996.14 BogoMIPS).
[    0.096704] CPU: All CPU(s) started in SVC mode.
[    0.096889] Memory: 480868K/522240K available (11264K kernel code, 1211K rwdata, 2880K rodata, 1024K init, 295K bss, 23360K reserved, 16384K cma-reserved, 0K highmem)
[    0.097704] devtmpfs: initialized
[    0.114053] VFP support v0.3: implementor 41 architecture 3 part 30 variant c rev 3
[    0.114391] clocksource: jiffies: mask: 0xffffffff max_cycles: 0xffffffff, max_idle_ns: 19112604462750000 ns
[    0.114426] futex hash table entries: 256 (order: 2, 16384 bytes, linear)
[    0.115752] pinctrl core: initialized pinctrl subsystem
[    0.117874] NET: Registered PF_NETLINK/PF_ROUTE protocol family
[    0.120905] DMA: preallocated 256 KiB pool for atomic coherent allocations
[    0.121819] audit: initializing netlink subsys (disabled)
[    0.123162] thermal_sys: Registered thermal governor 'fair_share'
[    0.123177] thermal_sys: Registered thermal governor 'step_wise'
[    0.123188] thermal_sys: Registered thermal governor 'user_space'
[    0.123303] audit: type=2000 audit(0.120:1): state=initialized audit_enabled=0 res=1
[    0.123375] cpuidle: using governor menu
[    0.141200] /ocp/interconnect@44c00000/segment@200000/target-module@b000/i2c@0/tda19988@70: Fixed dependency cycle(s) with /ocp/interconnect@48000000/segment@300000/target-module@e000/lcdc@0
[    0.142324] /ocp/interconnect@48000000/segment@300000/target-module@e000/lcdc@0: Fixed dependency cycle(s) with /ocp/interconnect@44c00000/segment@200000/target-module@b000/i2c@0/tda19988@70
[    0.144488] No ATAGs?
[    0.144507] hw-breakpoint: debug architecture 0x4 unsupported.
[    0.147133] kprobes: kprobe jump-optimization is enabled. All kprobes are optimized if possible.
[    0.154200] iommu: Default domain type: Translated
[    0.154222] iommu: DMA domain TLB invalidation policy: strict mode
[    0.161338] SCSI subsystem initialized
[    0.162174] pps_core: LinuxPPS API ver. 1 registered
[    0.162184] pps_core: Software ver. 5.3.6 - Copyright 2005-2007 Rodolfo Giometti <giometti@linux.it>
[    0.162207] PTP clock support registered
[    0.170878] vgaarb: loaded
[    0.171235] clocksource: Switched to clocksource dmtimer
[    0.171898] VFS: Disk quotas dquot_6.6.0
[    0.171940] VFS: Dquot-cache hash table entries: 1024 (order 0, 4096 bytes)
[    0.195871] NET: Registered PF_INET protocol family
[    0.196203] IP idents hash table entries: 8192 (order: 4, 65536 bytes, linear)
[    0.197588] tcp_listen_portaddr_hash hash table entries: 512 (order: 0, 4096 bytes, linear)
[    0.197622] Table-perturb hash table entries: 65536 (order: 6, 262144 bytes, linear)
[    0.197639] TCP established hash table entries: 4096 (order: 2, 16384 bytes, linear)
[    0.197685] TCP bind hash table entries: 4096 (order: 4, 65536 bytes, linear)
[    0.197784] TCP: Hash tables configured (established 4096 bind 4096)
[    0.197904] UDP hash table entries: 256 (order: 1, 8192 bytes, linear)
[    0.197930] UDP-Lite hash table entries: 256 (order: 1, 8192 bytes, linear)
[    0.198105] NET: Registered PF_UNIX/PF_LOCAL protocol family
[    0.199364] RPC: Registered named UNIX socket transport module.
[    0.199383] RPC: Registered udp transport module.
[    0.199389] RPC: Registered tcp transport module.
[    0.199394] RPC: Registered tcp-with-tls transport module.
[    0.199399] RPC: Registered tcp NFSv4.1 backchannel transport module.
[    0.199422] PCI: CLS 0 bytes, default 64
[    0.200825] Initialise system trusted keyrings
[    0.211729] workingset: timestamp_bits=14 max_order=17 bucket_order=3
[    0.213008] NFS: Registering the id_resolver key type
[    0.213078] Key type id_resolver registered
[    0.213086] Key type id_legacy registered
[    0.213136] jffs2: version 2.2. (NAND) (SUMMARY)  Â© 2001-2006 Red Hat, Inc.
[    0.213548] Key type asymmetric registered
[    0.213564] Asymmetric key parser 'x509' registered
[    0.213635] io scheduler mq-deadline registered
[    0.213645] io scheduler kyber registered
[    0.213707] io scheduler bfq registered
[    0.215557] target-module@4b000000:target-module@140000:pmu@0:fck: device ID is greater than 24
[    0.221760] l3-aon-clkctrl:0000:0: failed to disable
[    0.222022] ledtrig-cpu: registered to indicate activity on CPUs
[    0.231977] Serial: 8250/16550 driver, 6 ports, IRQ sharing enabled
[    0.265668] brd: module loaded
[    0.283959] loop: module loaded
[    0.284882] mtdoops: mtd device (mtddev=name/number) must be supplied
[    0.287962] i2c_dev: i2c /dev entries driver
[    0.288927] cpuidle: enable-method property 'ti,am3352' found operations
[    0.289374] sdhci: Secure Digital Host Controller Interface driver
[    0.289384] sdhci: Copyright(c) Pierre Ossman
[    0.289554] sdhci-pltfm: SDHCI platform and OF driver helper
[    0.301666] hw perfevents: enabled with armv7_cortex_a8 PMU driver, 5 (8000000f) counters available
[    0.302194] Initializing XFRM netlink socket
[    0.302336] NET: Registered PF_INET6 protocol family
[    0.307973] l3-aon-clkctrl:0000:0: failed to disable
[    0.309317] Segment Routing with IPv6
[    0.309401] In-situ OAM (IOAM) with IPv6
[    0.309497] sit: IPv6, IPv4 and MPLS over IPv4 tunneling driver
[    0.310419] NET: Registered PF_PACKET protocol family
[    0.310448] NET: Registered PF_KEY protocol family
[    0.310576] Key type dns_resolver registered
[    0.310798] ThumbEE CPU extension supported.
[    0.310819] Registering SWP/SWPB emulation handler
[    0.311547] omap_voltage_late_init: Voltage driver support not added
[    0.312306] SmartReflex Class3 initialized
[    0.334634] Loading compiled-in X.509 certificates
[    0.374389] /ocp/interconnect@44c00000/segment@200000/target-module@b000/i2c@0/tda19988@70: Fixed dependency cycle(s) with /ocp/interconnect@48000000/segment@300000/target-module@e000/lcdc@0
[    0.380530] /ocp/interconnect@44c00000/segment@200000/target-module@b000/i2c@0/tda19988@70: Fixed dependency cycle(s) with /ocp/interconnect@48000000/segment@300000/target-module@e000/lcdc@0
[    0.420071] /ocp/interconnect@44c00000/segment@200000/target-module@b000/i2c@0/tda19988@70: Fixed dependency cycle(s) with /ocp/interconnect@48000000/segment@300000/target-module@e000/lcdc@0
[    0.420911] /ocp/interconnect@44c00000/segment@200000/target-module@b000/i2c@0/tda19988@70: Fixed dependency cycle(s) with /ocp/interconnect@48000000/segment@300000/target-module@e000/lcdc@0
[    0.424451] /ocp/interconnect@44c00000/segment@200000/target-module@10000/scm@0/pinmux@800: Fixed dependency cycle(s) with /ocp/interconnect@44c00000/segment@200000/target-module@10000/scm@0/pinmux@800/clkout2-pins
[    0.425144] pinctrl-single 44e10800.pinmux: 142 pins, size 568
[    0.430104] ti-sysc 44e31000.target-module: probe with driver ti-sysc failed with error -16
[    0.458749] /ocp/interconnect@48000000/segment@300000/target-module@e000/lcdc@0: Fixed dependency cycle(s) with /ocp/interconnect@44c00000/segment@200000/target-module@b000/i2c@0/tda19988@70
[    0.466599] ti-sysc 48040000.target-module: probe with driver ti-sysc failed with error -16
[    0.513725] OMAP GPIO hardware version 0.1
[    0.548572] omap_i2c 4819c000.i2c: bus 2 rev0.11 at 100 kHz
[    0.588641] 48000000.interconnect:segment@200000:target-module@0:mpu@0:fck: device ID is greater than 24
[    0.589512] /ocp/interconnect@48000000/segment@300000/target-module@e000/lcdc@0: Fixed dependency cycle(s) with /ocp/interconnect@44c00000/segment@200000/target-module@b000/i2c@0/tda19988@70
[    0.592391] /ocp/interconnect@48000000/segment@300000/target-module@e000/lcdc@0: Fixed dependency cycle(s) with /ocp/interconnect@44c00000/segment@200000/target-module@b000/i2c@0/tda19988@70
[    0.593086] /ocp/interconnect@44c00000/segment@200000/target-module@b000/i2c@0/tda19988@70: Fixed dependency cycle(s) with /ocp/interconnect@48000000/segment@300000/target-module@e000/lcdc@0
[    0.593249] /ocp/interconnect@48000000/segment@300000/target-module@e000/lcdc@0: Fixed dependency cycle(s) with /ocp/interconnect@44c00000/segment@200000/target-module@b000/i2c@0/tda19988@70
[    0.603947] sdhci-omap 481d8000.mmc: supply pbias not found, using dummy regulator
[    0.604434] sdhci-omap 481d8000.mmc: supply vqmmc not found, using dummy regulator
[    0.671555] davinci_mdio 4a101000.mdio: davinci mdio revision 1.6, bus freq 1000000
[    0.788742] davinci_mdio 4a101000.mdio: phy[0]: device 4a101000.mdio:00, driver SMSC LAN8710/LAN8720
[    0.789503] cpsw-switch 4a100000.switch: initialized cpsw ale version 1.4
[    0.789529] cpsw-switch 4a100000.switch: ALE Table size 1024, Policers 0
[    0.789674] cpsw-switch 4a100000.switch: cpts: overflow check period 500 (jiffies)
[    0.789689] cpsw-switch 4a100000.switch: CPTS: ref_clk_freq:250000000 calc_mult:2147483648 calc_shift:29 error:0 nsec/sec
[    0.789798] cpsw-switch 4a100000.switch: Detected MACID = 6c:ec:eb:68:de:78
[    0.791831] cpsw-switch 4a100000.switch: initialized (regs 0x4a100000, pool size 256) hw_ver:0019010C 1.12 (0)
[    0.802441] debugfs: Directory '49000000.dma' with parent 'dmaengine' already present!
[    0.802480] edma 49000000.dma: TI EDMA DMA engine driver
[    0.855982] 44e09000.serial: ttyS0 at MMIO 0x44e09000 (irq = 34, base_baud = 3000000) is a 8250
[    0.856069] printk: legacy console [ttyS0] enabled
[    2.322195] tps65217-pmic: Failed to locate of_node [id: -1]
[    2.328253] tps65217-bl: Failed to locate of_node [id: -1]
[    2.339493] tps65217 0-0024: TPS65217 ID 0xe version 1.2
[    2.345633] /ocp/interconnect@48000000/segment@300000/target-module@e000/lcdc@0: Fixed dependency cycle(s) with /ocp/interconnect@44c00000/segment@200000/target-module@b000/i2c@0/tda19988@70
[    2.362997] /ocp/interconnect@44c00000/segment@200000/target-module@b000/i2c@0/tda19988@70: Fixed dependency cycle(s) with /ocp/interconnect@48000000/segment@300000/target-module@e000/lcdc@0
[    2.380349] omap_i2c 44e0b000.i2c: bus 0 rev0.11 at 400 kHz
[    2.388308] omap_gpio 44e07000.gpio: Could not set line 6 debounce to 200000 microseconds (-22)
[    2.397194] sdhci-omap 48060000.mmc: Got CD GPIO
[    2.402255] sdhci-omap 48060000.mmc: supply pbias not found, using dummy regulator
[    2.412161] sdhci-omap 48060000.mmc: supply vqmmc not found, using dummy regulator
[    2.420713] sdhci-omap 481d8000.mmc: supply pbias not found, using dummy regulator
[    2.429315] sdhci-omap 481d8000.mmc: supply vqmmc not found, using dummy regulator
[    2.467240] mmc1: SDHCI controller on 481d8000.mmc [481d8000.mmc] using External DMA
[    2.476421] mmc0: SDHCI controller on 48060000.mmc [48060000.mmc] using External DMA
[    2.485259] cpsw-switch 4a100000.switch: starting ndev. mode: dual_mac
[    2.551605] mmc1: new high speed MMC card at address 0001
[    2.558404] mmcblk1: mmc1:0001 MMC04G 3.60 GiB
[    2.565924]  mmcblk1: p1 p2
[    2.570280] SMSC LAN8710/LAN8720 4a101000.mdio:00: attached PHY driver (mii_bus:phy_addr=4a101000.mdio:00, irq=POLL)
[    2.581261] mmcblk1boot0: mmc1:0001 MMC04G 2.00 MiB
[    2.594456] mmcblk1boot1: mmc1:0001 MMC04G 2.00 MiB
[    2.601553] mmcblk1rpmb: mmc1:0001 MMC04G 128 KiB, chardev (250:0)
[    2.634402] mmc0: new high speed SDHC card at address aaaa
[    2.641328] mmcblk0: mmc0:aaaa SE32G 29.7 GiB
[    2.650192]  mmcblk0: p1 p2
[    5.762004] cpsw-switch 4a100000.switch eth0: Link is Up - 100Mbps/Full - flow control off
[    5.791250] IP-Config: Complete:
[    5.794521]      device=eth0, hwaddr=6c:ec:eb:68:de:78, ipaddr=192.168.255.1, mask=255.255.255.0, gw=255.255.255.255
[    5.805161]      host=bbb1, domain=, nis-domain=(none)
[    5.810329]      bootserver=192.168.255.126, rootserver=192.168.255.126, rootpath=
[    5.810748] clk: Disabling unused clocks
[    5.822619] PM: genpd: Disabling unused power domains
[    5.827735] KTAP version 1
[    5.830457] 1..0
[    5.855293] VFS: Mounted root (nfs filesystem) on device 0:17.
[    5.862585] devtmpfs: mounted
[    5.867000] Freeing unused kernel image (initmem) memory: 1024K
[    5.873734] Run /sbin/init as init process
[    6.569379] systemd[1]: System time before build time, advancing clock.
[    8.031257] random: crng init done
[    8.072842] systemd[1]: systemd 232 running in system mode. (+PAM +AUDIT +SELINUX +IMA +APPARMOR +SMACK +SYSVINIT +UTMP +LIBCRYPTSETUP +GCRYPT +GNUTLS +ACL +XZ +LZ4 +SECCOMP +BLKID +ELFUTILS +KMOD +IDN)
[    8.092030] systemd[1]: Detected architecture arm.

Welcome to [1mDebian GNU/Linux 9 (stretch)[0m!

[    8.124329] systemd[1]: Set hostname to <arm>.
[    9.224446] systemd[1]: Listening on Journal Socket (/dev/log).
[[0;32m  OK  [0m] Listening on Journal Socket (/dev/log).
[    9.252380] systemd[1]: Listening on Journal Audit Socket.
[[0;32m  OK  [0m] Listening on Journal Audit Socket.
[    9.283352] systemd[1]: Listening on /dev/initctl Compatibility Named Pipe.
[[0;32m  OK  [0m] Listening on /dev/initctl Compatibility Named Pipe.
[    9.313157] systemd[1]: Set up automount Arbitrary Executable File Formats File System Automount Point.
[[0;32m  OK  [0m] Set up automount Arbitrary Executabâ€¦rmats File System Automount Point.
[    9.342149] systemd[1]: Listening on Journal Socket.
[[0;32m  OK  [0m] Listening on Journal Socket.
[    9.372159] systemd[1]: Started Forward Password Requests to Wall Directory Watch.
[[0;32m  OK  [0m] Started Forward Password Requests to Wall Directory Watch.
[    9.402802] systemd[1]: Created slice System Slice.
[[0;32m  OK  [0m] Created slice System Slice.
         Starting Load Kernel Modules...
[[0;32m  OK  [0m] Created slice system-getty.slice.
         Mounting Debug File System...
         Starting Remount Root and Kernel File Systems...
[[0;32m  OK  [0m] Created slice User and Session Slice.
[[0;32m  OK  [0m] Listening on udev Kernel Socket.
[[0;32m  OK  [0m] Listening on udev Control Socket.
[[0;32m  OK  [0m] Reached target Slices.
         Starting Create list of required stâ€¦ce nodes for the current kernel...
[[0;32m  OK  [0m] Started Dispatch Password Requests to Console Directory Watch.
[[0;32m  OK  [0m] Reached target Encrypted Volumes.
[[0;32m  OK  [0m] Reached target Swap.
         Mounting POSIX Message Queue File System...
[[0;32m  OK  [0m] Created slice system-serial\x2dgetty.slice.
[[0;32m  OK  [0m] Reached target Remote File Systems.
[[0;32m  OK  [0m] Reached target Paths.
[[0;32m  OK  [0m] Listening on Syslog Socket.
         Starting Journal Service...
[[0;32m  OK  [0m] Mounted POSIX Message Queue File System.
[[0;32m  OK  [0m] Mounted Debug File System.
[[0;32m  OK  [0m] Started Load Kernel Modules.
[[0;32m  OK  [0m] Started Remount Root and Kernel File Systems.
[[0;32m  OK  [0m] Started Create list of required staâ€¦vice nodes for the current kernel.
         Starting Create Static Device Nodes in /dev...
         Starting udev Coldplug all Devices...
         Starting Load/Save Random Seed...
         Mounting Configuration File System...
         Starting Apply Kernel Variables...
[[0;32m  OK  [0m] Mounted Configuration File System.
[[0;32m  OK  [0m] Started Load/Save Random Seed.
[[0;32m  OK  [0m] Started Apply Kernel Variables.
[[0;32m  OK  [0m] Started Create Static Device Nodes in /dev.
         Starting udev Kernel Device Manager...
[[0;32m  OK  [0m] Reached target Local File Systems (Pre).
[[0;32m  OK  [0m] Reached target Local File Systems.
         Starting Raise network interfaces...
[[0;32m  OK  [0m] Started Journal Service.
         Starting Flush Journal to Persistent Storage...
[   11.572948] systemd-journald[95]: Received request to flush runtime journal from PID 1
[[0;32m  OK  [0m] Started Flush Journal to Persistent Storage.
         Starting Create Volatile Files and Directories...
[[0;32m  OK  [0m] Started udev Kernel Device Manager.
[[0;32m  OK  [0m] Started Create Volatile Files and Directories.
         Starting Update UTMP about System Boot/Shutdown...
         Starting Network Time Synchronization...
[[0;32m  OK  [0m] Started Update UTMP about System Boot/Shutdown.
[[0;32m  OK  [0m] Started udev Coldplug all Devices.
[   14.503307] remoteproc remoteproc0: wkup_m3 is available
[   14.791049] at24 2-0054: supply vcc not found, using dummy regulator
[   14.815131] omap_wdt: OMAP Watchdog Timer Rev 0x01: initial timeout 60 sec
[   14.904262] at24 2-0055: supply vcc not found, using dummy regulator
[   15.003729] at24 2-0056: supply vcc not found, using dummy regulator
[   15.101936] at24 2-0057: supply vcc not found, using dummy regulator
[   15.210952] at24 0-0050: 32768 byte 24c256 EEPROM, writable, 1 bytes/write
[   15.429837] tps6521x_pwrbutton tps65217-pwrbutton: DMA mask not set
[   15.502685] omap_rtc 44e3e000.rtc: registered as rtc0
[   15.507864] omap_rtc 44e3e000.rtc: setting system clock to 2000-01-01T00:00:00 UTC (946684800)
[[0;32m  OK  [0m] Found device /dev/ttyS0.
[   15.541891] wkup_m3_ipc 44e11324.wkup_m3_ipc: IPC Request for A8->M3 Channel failed! -517
[   15.575629] input: tps65217_pwrbutton as /devices/platform/ocp/44c00000.interconnect/44c00000.interconnect:segment@200000/44e0b000.target-module/44e0b000.i2c/i2c-0/0-0024/tps65217-pwrbutton/input/input0
[   15.595186] wkup_m3_ipc 44e11324.wkup_m3_ipc: IPC Request for A8->M3 Channel failed! -517
[   15.732689] wkup_m3_ipc 44e11324.wkup_m3_ipc: IPC Request for A8->M3 Channel failed! -517
[[0;32m  OK  [0m] Started Network Time Synchronization.
[   15.822569] am335x-phy-driver 47401300.usb-phy: dummy supplies not allowed for exclusive requests (id=vbus)
[[0;32m  OK  [0m] Reached target System Initialization.
[   16.005753] am335x-phy-driver 47401b00.usb-phy: dummy supplies not allowed for exclusive requests (id=vbus)
[   16.022477] wkup_m3_ipc 44e11324.wkup_m3_ipc: IPC Request for A8->M3 Channel failed! -517
[[0;32m  OK  [0m] Listening on D-Bus System Message Bus Socket.
[[0;32m  OK  [0m] Listening on Avahi mDNS/DNS-SD Stack Activation Socket.
[[0;32m  OK  [0m] Reached target Sockets.
[[0;32m  OK  [0m] Reached target Basic System.
[   16.314198] wkup_m3_ipc 44e11324.wkup_m3_ipc: IPC Request for A8->M3 Channel failed! -517
         Starting Telephony service...
[   16.332305] usbcore: registered new interface driver usbfs
[   16.337939] usbcore: registered new interface driver hub
[   16.343509] usbcore: registered new device driver usb
         Starting Cape Manager Service...
         Starting DUN service...
[   16.701913] tda998x 0-0070: found TDA19988
         Starting System Logging Service...
[   16.809912] wkup_m3_ipc 44e11324.wkup_m3_ipc: IPC Request for A8->M3 Channel failed! -517
[[0;32m  OK  [0m] Started Regular background program processing daemon.
[   17.130568] wkup_m3_ipc 44e11324.wkup_m3_ipc: IPC Request for A8->M3 Channel failed! -517
         Starting LSB: Load kernel modules needed to enable cpufreq scaling...
[   17.265791] musb-hdrc musb-hdrc.1: MUSB HDRC host driver
[   17.271599] musb-hdrc musb-hdrc.1: new USB bus registered, assigned bus number 1
         Starting Generic Board Startup...
[   17.310055] wkup_m3_ipc 44e11324.wkup_m3_ipc: IPC Request for A8->M3 Channel failed! -517
[   17.359765] omap-mailbox 480c8000.mailbox: omap mailbox rev 0x400
[[0;32m  OK  [0m] Started D-Bus System Message Bus.
[   17.529858] usb usb1: New USB device found, idVendor=1d6b, idProduct=0002, bcdDevice= 6.12
[   17.538403] usb usb1: New USB device strings: Mfr=3, Product=2, SerialNumber=1
[   17.545744] usb usb1: Product: MUSB HDRC host driver
[   17.550738] usb usb1: Manufacturer: Linux 6.12.44 musb-hcd
[   17.556297] usb usb1: SerialNumber: musb-hdrc.1
[   17.656847] remoteproc remoteproc0: powering up wkup_m3
[   17.863494] remoteproc remoteproc0: Direct firmware load for am335x-pm-firmware.elf failed with error -2
[   17.873342] remoteproc remoteproc0: request_firmware failed: -2
[   17.879305] wkup_m3_ipc 44e11324.wkup_m3_ipc: rproc_boot failed
[   18.077117] hub 1-0:1.0: USB hub found
[   18.155386] hub 1-0:1.0: 1 port detected
[   20.110426] tilcdc 4830e000.lcdc: bound 0-0070 (ops tda998x_audio_codec_init [tda998x])
[   20.243703] omap_rng 48310000.rng: Random Number Generator ver. 20
[   20.259081] [drm] Initialized tilcdc 1.0.0 for 4830e000.lcdc on minor 0
[   20.330089] tilcdc 4830e000.lcdc: [drm] Cannot find any crtc or sizes
[   20.348127] tilcdc 4830e000.lcdc: [drm] Cannot find any crtc or sizes
[[0;32m  OK  [0m] Started Telephony service.
[[0;32m  OK  [0m] Started DUN service.
         Starting Connection service...
[   21.280326] PM: Cannot get wkup_m3_ipc handle
         Starting LSB: Start busybox udhcpd at boot time...
[   21.391102] omap-sham 53100000.sham: hw accel on OMAP rev 4.3
         Starting Login Service...
[   21.519415] omap-sham 53100000.sham: will run requests pump with realtime priority
[   21.534699] PM: Cannot get wkup_m3_ipc handle
         Starting Avahi mDNS/DNS-SD Stack...
[[0;32m  OK  [0m] Started Daily Cleanup of Temporary Directories.
[   21.718314] omap-aes 53500000.aes: OMAP AES hw accel rev: 3.2
[[0;32m  OK  [0m] Reached target System Time Synchronized.
[[0;32m  OK  [0m] Started Daily apt download activities.
[   21.874987] omap-aes 53500000.aes: will run requests pump with realtime priority
[   21.889520] PM: Cannot get wkup_m3_ipc handle
[[0;32m  OK  [0m] Started Daily apt upgrade and clean activities.
[[0;32m  OK  [0m] Reached target Timers.
[[0;32m  OK  [0m] Started System Logging Service.
[[0;32m  OK  [0m] Started Cape Manager Service.
[   23.141724] Bluetooth: Core ver 2.22
[   23.145540] NET: Registered PF_BLUETOOTH protocol family
[   23.150890] Bluetooth: HCI device and connection manager initialized
[   23.157416] Bluetooth: HCI socket layer initialized
[   23.162368] Bluetooth: L2CAP socket layer initialized
[   23.167480] Bluetooth: SCO socket layer initialized
[   25.240658] PM: Cannot get wkup_m3_ipc handle
[   25.358661] PM: Cannot get wkup_m3_ipc handle
[[0;32m  OK  [0m] Started Raise network interfaces.
[[0;32m  OK  [0m] Started LSB: Start busybox udhcpd at boot time.
[[0;32m  OK  [0m] Started LSB: Load kernel modules needed to enable cpufreq scaling.
[   28.224133] configfs-gadget.g_multi gadget.0: HOST MAC 1c:ba:8c:a2:ed:6c
[   28.231051] configfs-gadget.g_multi gadget.0: MAC 1c:ba:8c:a2:ed:70
[   28.238611] configfs-gadget.g_multi gadget.0: HOST MAC 1c:ba:8c:a2:ed:6c
[   28.245465] configfs-gadget.g_multi gadget.0: MAC 1c:ba:8c:a2:ed:6d
[   28.252583] PM: Cannot get wkup_m3_ipc handle
[[0;32m  OK  [0m] Started Connection service.
[[0;32m  OK  [0m] Started Avahi mDNS/DNS-SD Stack.
[[0;32m  OK  [0m] Started Login Service.
[[0;32m  OK  [0m] Reached target Sound Card.
         Starting LSB: set CPUFreq kernel parameters...
[[0;32m  OK  [0m] Reached target Network.
         Starting Permit User Sessions...
         Starting OpenBSD Secure Shell server...
         Starting The Apache HTTP Server...
[[0;32m  OK  [0m] Reached target Network is Online.
         Starting LSB: Advanced IEEE 802.11 management daemon...
[[0;32m  OK  [0m] Started Permit User Sessions.
[[0;32m  OK  [0m] Started LSB: Advanced IEEE 802.11 management daemon.
         Starting Hostname Service...
         Starting WPA supplicant...
[[0;32m  OK  [0m] Started Serial Getty on ttyS0.
[[0;32m  OK  [0m] Started Getty on tty1.
[[0;32m  OK  [0m] Reached target Login Prompts.
[[0;32m  OK  [0m] Started LSB: set CPUFreq kernel parameters.
[[0;32m  OK  [0m] Started WPA supplicant.
[[0;32m  OK  [0m] Started Hostname Service.
[[0;32m  OK  [0m] Started OpenBSD Secure Shell server.
         Stopping LSB: Start busybox udhcpd at boot time...
[[0;32m  OK  [0m] Stopped LSB: Start busybox udhcpd at boot time.
[[0;32m  OK  [0m] Started The Apache HTTP Server.
         Starting dnsmasq - A lightweight DHCP and caching DNS server...
[[0;32m  OK  [0m] Started dnsmasq - A lightweight DHCP and caching DNS server.
[[0;32m  OK  [0m] Reached target Host and Network Name Lookups.
[[0;32m  OK  [0m] Started Serial Getty on ttyGS0.
[[0;32m  OK  [0m] Started Generic Board Startup.
[[0;32m  OK  [0m] Reached target Multi-User System.
[[0;32m  OK  [0m] Reached target Graphical Interface.
         Starting Update UTMP about System Runlevel Changes...
[[0;32m  OK  [0m] Started Update UTMP about System Runlevel Changes.

Debian GNU/Linux 9 arm ttyS0

default username:password is [debian:temppwd]

arm login: root
Password: 
Last login: Sat Jan  1 00:00:29 UTC 2000 on ttyS0
root
Linux arm 6.12.44 #1 SMP Thu Aug 28 20:30:11 EEST 2025 armv7l

The programs included with the Debian GNU/Linux system are free software;
the exact distribution terms for each program are described in the
individual files in /usr/share/doc/*/copyright.

Debian GNU/Linux comes with ABSOLUTELY NO WARRANTY, to the extent
permitted by applicable law.
root@arm:~# root
-bash: root: command not found
root@arm:~# dmesg -n 1
echo 'HULL''QNTOAF'
root@arm:~# echo 'HULL''QNTOAF'
HULLQNTOAF
root@arm:~# run() { echo -n "$MARKER"; sh -c "$@"; echo "$MARKER $?"; }
root@arm:~# echo 'AUZS''OQLQOS'
AUZSOQLQOS
root@arm:~# MARKER='UOTW''UYECEE' run 'cat /proc/version'
UOTWUYECEELinux version 6.12.44 (user01@drvtest01) (arm-none-eabi-gcc (Arm GNU Toolchain 14.2.Rel1 (Build arm-14.52)) 14.2.1 20241119, GNU ld (Arm GNU Toolchain 14.2.Rel1 (Build arm-14.52)) 2.43.1.20241119) #1 SMP Thu Aug 28 20:30:11 EEST 2025
UOTWUYECEE 0
root@arm:~# echo 'GTHN''MWTJKS'
GTHNMWTJKS
root@arm:~# MARKER='NXTA''YZYTZB' run false
NXTAYZYTZBNXTAYZYTZB 1
root@arm:~# Labgrid Console Logfile for main
Logfile started at 2025-08-28 20:34:24.103002
=== Log starts here ===

root@arm:~# run() { echo -n "$MARKER"; sh -c "$@"; echo "$MARKER $?"; }
root@arm:~# echo 'OKTS''BZFOTP'
OKTSBZFOTP
root@arm:~# MARKER='BQPQ''HKHJJG' run 'ls /iio_generic_buffer; echo $?'
BQPQHKHJJG/iio_generic_buffer
0
BQPQHKHJJG 0
root@arm:~# Labgrid Console Logfile for main
Logfile started at 2025-08-28 20:34:27.510305
=== Log starts here ===

root@arm:~# run() { echo -n "$MARKER"; sh -c "$@"; echo "$MARKER $?"; }
root@arm:~# echo 'WCVS''YMQYLT'
WCVSYMQYLT
root@arm:~# MARKER='CABF''XSUANM' run dmesg
CABFXSUANM[    0.000000] Booting Linux on physical CPU 0x0
[    0.000000] Linux version 6.12.44 (user01@drvtest01) (arm-none-eabi-gcc (Arm GNU Toolchain 14.2.Rel1 (Build arm-14.52)) 14.2.1 20241119, GNU ld (Arm GNU Toolchain 14.2.Rel1 (Build arm-14.52)) 2.43.1.20241119) #1 SMP Thu Aug 28 20:30:11 EEST 2025
[    0.000000] CPU: ARMv7 Processor [413fc082] revision 2 (ARMv7), cr=10c5387d
[    0.000000] CPU: PIPT / VIPT nonaliasing data cache, VIPT aliasing instruction cache
[    0.000000] OF: fdt: Machine model: TI AM335x BeagleBone Black
[    0.000000] Memory policy: Data cache writeback
[    0.000000] cma: Reserved 16 MiB at 0x9e800000 on node -1
[    0.000000] Zone ranges:
[    0.000000]   Normal   [mem 0x0000000080000000-0x000000009fdfffff]
[    0.000000]   HighMem  empty
[    0.000000] Movable zone start for each node
[    0.000000] Early memory node ranges
[    0.000000]   node   0: [mem 0x0000000080000000-0x000000009fdfffff]
[    0.000000] Initmem setup node 0 [mem 0x0000000080000000-0x000000009fdfffff]
[    0.000000] OF: reserved mem: Reserved memory: No reserved-memory node in the DT
[    0.000000] CPU: All CPU(s) started in SVC mode.
[    0.000000] AM335X ES2.1 (sgx neon)
[    0.000000] percpu: Embedded 17 pages/cpu s40396 r8192 d21044 u69632
[    0.000000] pcpu-alloc: s40396 r8192 d21044 u69632 alloc=17*4096
[    0.000000] pcpu-alloc: [0] 0 
[    0.000000] Kernel command line: console=ttyO0,115200n8 root=/dev/nfs rw nfsroot=192.168.255.126:/home/user01/nfs,nfsvers=3 ip=192.168.255.1:192.168.255.126::255.255.255.0:bbb1:eth0 nfsrootdebug
[    0.000000] Unknown kernel command line parameters "nfsrootdebug", will be passed to user space.
[    0.000000] Dentry cache hash table entries: 65536 (order: 6, 262144 bytes, linear)
[    0.000000] Inode-cache hash table entries: 32768 (order: 5, 131072 bytes, linear)
[    0.000000] Built 1 zonelists, mobility grouping on.  Total pages: 130560
[    0.000000] mem auto-init: stack:off, heap alloc:off, heap free:off
[    0.000000] SLUB: HWalign=64, Order=0-3, MinObjects=0, CPUs=1, Nodes=1
[    0.000000] rcu: Hierarchical RCU implementation.
[    0.000000] rcu: 	RCU event tracing is enabled.
[    0.000000] rcu: 	RCU restricting CPUs from NR_CPUS=2 to nr_cpu_ids=1.
[    0.000000] rcu: RCU calculated value of scheduler-enlistment delay is 10 jiffies.
[    0.000000] rcu: Adjusting geometry for rcu_fanout_leaf=16, nr_cpu_ids=1
[    0.000000] NR_IRQS: 16, nr_irqs: 16, preallocated irqs: 16
[    0.000000] IRQ: Found an INTC at 0x(ptrval) (revision 5.0) with 128 interrupts
[    0.000000] rcu: srcu_init: Setting srcu_struct sizes based on contention.
[    0.000000] TI gptimer clocksource: always-on /ocp/interconnect@44c00000/segment@200000/target-module@31000
[    0.000003] sched_clock: 32 bits at 24MHz, resolution 41ns, wraps every 89478484971ns
[    0.000028] clocksource: dmtimer: mask: 0xffffffff max_cycles: 0xffffffff, max_idle_ns: 79635851949 ns
[    0.000492] TI gptimer clockevent: 24000000 Hz at /ocp/interconnect@48000000/segment@0/target-module@40000
[    0.002087] Console: colour dummy device 80x30
[    0.002148] WARNING: Your 'console=ttyO0' has been replaced by 'ttyS0'
[    0.002157] This ensures that you still see kernel messages. Please
[    0.002162] update your kernel commandline.
[    0.002205] Calibrating delay loop... 996.14 BogoMIPS (lpj=4980736)
[    0.090539] CPU: Testing write buffer coherency: ok
[    0.090649] CPU0: Spectre v2: using BPIALL workaround
[    0.090659] pid_max: default: 32768 minimum: 301
[    0.090786] LSM: initializing lsm=capability
[    0.090956] Mount-cache hash table entries: 1024 (order: 0, 4096 bytes, linear)
[    0.090978] Mountpoint-cache hash table entries: 1024 (order: 0, 4096 bytes, linear)
[    0.092551] CPU0: thread -1, cpu 0, socket -1, mpidr 0
[    0.094574] Setting up static identity map for 0x80100000 - 0x80100078
[    0.094886] rcu: Hierarchical SRCU implementation.
[    0.094897] rcu: 	Max phase no-delay instances is 1000.
[    0.096627] smp: Bringing up secondary CPUs ...
[    0.096680] smp: Brought up 1 node, 1 CPU
[    0.096692] SMP: Total of 1 processors activated (996.14 BogoMIPS).
[    0.096704] CPU: All CPU(s) started in SVC mode.
[    0.096889] Memory: 480868K/522240K available (11264K kernel code, 1211K rwdata, 2880K rodata, 1024K init, 295K bss, 23360K reserved, 16384K cma-reserved, 0K highmem)
[    0.097704] devtmpfs: initialized
[    0.114053] VFP support v0.3: implementor 41 architecture 3 part 30 variant c rev 3
[    0.114391] clocksource: jiffies: mask: 0xffffffff max_cycles: 0xffffffff, max_idle_ns: 19112604462750000 ns
[    0.114426] futex hash table entries: 256 (order: 2, 16384 bytes, linear)
[    0.115752] pinctrl core: initialized pinctrl subsystem
[    0.117874] NET: Registered PF_NETLINK/PF_ROUTE protocol family
[    0.120905] DMA: preallocated 256 KiB pool for atomic coherent allocations
[    0.121819] audit: initializing netlink subsys (disabled)
[    0.123162] thermal_sys: Registered thermal governor 'fair_share'
[    0.123177] thermal_sys: Registered thermal governor 'step_wise'
[    0.123188] thermal_sys: Registered thermal governor 'user_space'
[    0.123303] audit: type=2000 audit(0.120:1): state=initialized audit_enabled=0 res=1
[    0.123375] cpuidle: using governor menu
[    0.141200] /ocp/interconnect@44c00000/segment@200000/target-module@b000/i2c@0/tda19988@70: Fixed dependency cycle(s) with /ocp/interconnect@48000000/segment@300000/target-module@e000/lcdc@0
[    0.142324] /ocp/interconnect@48000000/segment@300000/target-module@e000/lcdc@0: Fixed dependency cycle(s) with /ocp/interconnect@44c00000/segment@200000/target-module@b000/i2c@0/tda19988@70
[    0.144488] No ATAGs?
[    0.144507] hw-breakpoint: debug architecture 0x4 unsupported.
[    0.147133] kprobes: kprobe jump-optimization is enabled. All kprobes are optimized if possible.
[    0.154200] iommu: Default domain type: Translated
[    0.154222] iommu: DMA domain TLB invalidation policy: strict mode
[    0.155787] reg-fixed-voltage fixedregulator0: using DT '/fixedregulator0' for '(default)' GPIO lookup
[    0.155842] of_get_named_gpiod_flags: can't parse 'gpios' property of node '/fixedregulator0[0]'
[    0.155872] of_get_named_gpiod_flags: can't parse 'gpio' property of node '/fixedregulator0[0]'
[    0.155891] reg-fixed-voltage fixedregulator0: using lookup tables for GPIO lookup
[    0.155900] reg-fixed-voltage fixedregulator0: No GPIO consumer (default) found
[    0.161338] SCSI subsystem initialized
[    0.161814] libata version 3.00 loaded.
[    0.162174] pps_core: LinuxPPS API ver. 1 registered
[    0.162184] pps_core: Software ver. 5.3.6 - Copyright 2005-2007 Rodolfo Giometti <giometti@linux.it>
[    0.162207] PTP clock support registered
[    0.170878] vgaarb: loaded
[    0.171235] clocksource: Switched to clocksource dmtimer
[    0.171898] VFS: Disk quotas dquot_6.6.0
[    0.171940] VFS: Dquot-cache hash table entries: 1024 (order 0, 4096 bytes)
[    0.195871] NET: Registered PF_INET protocol family
[    0.196203] IP idents hash table entries: 8192 (order: 4, 65536 bytes, linear)
[    0.197588] tcp_listen_portaddr_hash hash table entries: 512 (order: 0, 4096 bytes, linear)
[    0.197622] Table-perturb hash table entries: 65536 (order: 6, 262144 bytes, linear)
[    0.197639] TCP established hash table entries: 4096 (order: 2, 16384 bytes, linear)
[    0.197685] TCP bind hash table entries: 4096 (order: 4, 65536 bytes, linear)
[    0.197784] TCP: Hash tables configured (established 4096 bind 4096)
[    0.197904] UDP hash table entries: 256 (order: 1, 8192 bytes, linear)
[    0.197930] UDP-Lite hash table entries: 256 (order: 1, 8192 bytes, linear)
[    0.198105] NET: Registered PF_UNIX/PF_LOCAL protocol family
[    0.199364] RPC: Registered named UNIX socket transport module.
[    0.199383] RPC: Registered udp transport module.
[    0.199389] RPC: Registered tcp transport module.
[    0.199394] RPC: Registered tcp-with-tls transport module.
[    0.199399] RPC: Registered tcp NFSv4.1 backchannel transport module.
[    0.199422] PCI: CLS 0 bytes, default 64
[    0.200825] Initialise system trusted keyrings
[    0.211729] workingset: timestamp_bits=14 max_order=17 bucket_order=3
[    0.213008] NFS: Registering the id_resolver key type
[    0.213078] Key type id_resolver registered
[    0.213086] Key type id_legacy registered
[    0.213136] jffs2: version 2.2. (NAND) (SUMMARY)  Â© 2001-2006 Red Hat, Inc.
[    0.213548] Key type asymmetric registered
[    0.213564] Asymmetric key parser 'x509' registered
[    0.213635] io scheduler mq-deadline registered
[    0.213645] io scheduler kyber registered
[    0.213707] io scheduler bfq registered
[    0.215557] target-module@4b000000:target-module@140000:pmu@0:fck: device ID is greater than 24
[    0.221760] l3-aon-clkctrl:0000:0: failed to disable
[    0.222022] ledtrig-cpu: registered to indicate activity on CPUs
[    0.231977] Serial: 8250/16550 driver, 6 ports, IRQ sharing enabled
[    0.265668] brd: module loaded
[    0.283959] loop: module loaded
[    0.284882] mtdoops: mtd device (mtddev=name/number) must be supplied
[    0.286564] mdio_bus fixed-0: using lookup tables for GPIO lookup
[    0.286588] mdio_bus fixed-0: No GPIO consumer reset found
[    0.287962] i2c_dev: i2c /dev entries driver
[    0.288927] cpuidle: enable-method property 'ti,am3352' found operations
[    0.289374] sdhci: Secure Digital Host Controller Interface driver
[    0.289384] sdhci: Copyright(c) Pierre Ossman
[    0.289554] sdhci-pltfm: SDHCI platform and OF driver helper
[    0.301666] hw perfevents: enabled with armv7_cortex_a8 PMU driver, 5 (8000000f) counters available
[    0.302194] Initializing XFRM netlink socket
[    0.302336] NET: Registered PF_INET6 protocol family
[    0.307973] l3-aon-clkctrl:0000:0: failed to disable
[    0.309317] Segment Routing with IPv6
[    0.309401] In-situ OAM (IOAM) with IPv6
[    0.309497] sit: IPv6, IPv4 and MPLS over IPv4 tunneling driver
[    0.310419] NET: Registered PF_PACKET protocol family
[    0.310448] NET: Registered PF_KEY protocol family
[    0.310576] Key type dns_resolver registered
[    0.310798] ThumbEE CPU extension supported.
[    0.310819] Registering SWP/SWPB emulation handler
[    0.311547] omap_voltage_late_init: Voltage driver support not added
[    0.312306] SmartReflex Class3 initialized
[    0.334634] Loading compiled-in X.509 certificates
[    0.374389] /ocp/interconnect@44c00000/segment@200000/target-module@b000/i2c@0/tda19988@70: Fixed dependency cycle(s) with /ocp/interconnect@48000000/segment@300000/target-module@e000/lcdc@0
[    0.380530] /ocp/interconnect@44c00000/segment@200000/target-module@b000/i2c@0/tda19988@70: Fixed dependency cycle(s) with /ocp/interconnect@48000000/segment@300000/target-module@e000/lcdc@0
[    0.386019] gpiochip_find_base_unlocked: found new base at 512
[    0.420071] /ocp/interconnect@44c00000/segment@200000/target-module@b000/i2c@0/tda19988@70: Fixed dependency cycle(s) with /ocp/interconnect@48000000/segment@300000/target-module@e000/lcdc@0
[    0.420911] /ocp/interconnect@44c00000/segment@200000/target-module@b000/i2c@0/tda19988@70: Fixed dependency cycle(s) with /ocp/interconnect@48000000/segment@300000/target-module@e000/lcdc@0
[    0.424451] /ocp/interconnect@44c00000/segment@200000/target-module@10000/scm@0/pinmux@800: Fixed dependency cycle(s) with /ocp/interconnect@44c00000/segment@200000/target-module@10000/scm@0/pinmux@800/clkout2-pins
[    0.425144] pinctrl-single 44e10800.pinmux: 142 pins, size 568
[    0.430104] ti-sysc 44e31000.target-module: probe with driver ti-sysc failed with error -16
[    0.458749] /ocp/interconnect@48000000/segment@300000/target-module@e000/lcdc@0: Fixed dependency cycle(s) with /ocp/interconnect@44c00000/segment@200000/target-module@b000/i2c@0/tda19988@70
[    0.466599] ti-sysc 48040000.target-module: probe with driver ti-sysc failed with error -16
[    0.477503] gpiochip_find_base_unlocked: found new base at 512
[    0.477604] gpio gpiochip0: (gpio-0-31): created GPIO range 0->7 ==> 44e10800.pinmux PIN 0->7
[    0.477623] gpio gpiochip0: (gpio-0-31): created GPIO range 8->11 ==> 44e10800.pinmux PIN 90->93
[    0.477639] gpio gpiochip0: (gpio-0-31): created GPIO range 12->27 ==> 44e10800.pinmux PIN 12->27
[    0.477654] gpio gpiochip0: (gpio-0-31): created GPIO range 28->31 ==> 44e10800.pinmux PIN 30->33
[    0.513467] gpio gpiochip0: (gpio-0-31): added GPIO chardev (254:0)
[    0.513638] gpio gpiochip0: registered GPIOs 512 to 543 on gpio-0-31
[    0.513725] OMAP GPIO hardware version 0.1
[    0.547567] i2c i2c-2: using DT '/ocp/interconnect@48000000/segment@100000/target-module@9c000/i2c@0' for 'scl' GPIO lookup
[    0.547643] of_get_named_gpiod_flags: can't parse 'scl-gpios' property of node '/ocp/interconnect@48000000/segment@100000/target-module@9c000/i2c@0[0]'
[    0.547688] of_get_named_gpiod_flags: can't parse 'scl-gpio' property of node '/ocp/interconnect@48000000/segment@100000/target-module@9c000/i2c@0[0]'
[    0.547723] i2c i2c-2: using lookup tables for GPIO lookup
[    0.547731] i2c i2c-2: No GPIO consumer scl found
[    0.547753] i2c i2c-2: using DT '/ocp/interconnect@48000000/segment@100000/target-module@9c000/i2c@0' for 'sda' GPIO lookup
[    0.547788] of_get_named_gpiod_flags: can't parse 'sda-gpios' property of node '/ocp/interconnect@48000000/segment@100000/target-module@9c000/i2c@0[0]'
[    0.547826] of_get_named_gpiod_flags: can't parse 'sda-gpio' property of node '/ocp/interconnect@48000000/segment@100000/target-module@9c000/i2c@0[0]'
[    0.547856] i2c i2c-2: using lookup tables for GPIO lookup
[    0.547864] i2c i2c-2: No GPIO consumer sda found
[    0.548572] omap_i2c 4819c000.i2c: bus 2 rev0.11 at 100 kHz
[    0.554131] gpiochip_find_base_unlocked: found new base at 544
[    0.554231] gpio gpiochip1: (gpio-32-63): created GPIO range 0->17 ==> 44e10800.pinmux PIN 34->51
[    0.554251] gpio gpiochip1: (gpio-32-63): created GPIO range 18->21 ==> 44e10800.pinmux PIN 77->80
[    0.554267] gpio gpiochip1: (gpio-32-63): created GPIO range 22->31 ==> 44e10800.pinmux PIN 56->65
[    0.569436] gpio gpiochip1: (gpio-32-63): added GPIO chardev (254:1)
[    0.569599] gpio gpiochip1: registered GPIOs 544 to 575 on gpio-32-63
[    0.571956] gpiochip_find_base_unlocked: found new base at 576
[    0.572053] gpio gpiochip2: (gpio-64-95): created GPIO range 0->4 ==> 44e10800.pinmux PIN 66->70
[    0.572072] gpio gpiochip2: (gpio-64-95): created GPIO range 5->6 ==> 44e10800.pinmux PIN 98->99
[    0.572087] gpio gpiochip2: (gpio-64-95): created GPIO range 7->8 ==> 44e10800.pinmux PIN 75->76
[    0.572103] gpio gpiochip2: (gpio-64-95): created GPIO range 13->13 ==> 44e10800.pinmux PIN 141->141
[    0.572119] gpio gpiochip2: (gpio-64-95): created GPIO range 14->21 ==> 44e10800.pinmux PIN 100->107
[    0.583140] gpio gpiochip2: (gpio-64-95): added GPIO chardev (254:2)
[    0.583278] gpio gpiochip2: registered GPIOs 576 to 607 on gpio-64-95
[    0.588641] 48000000.interconnect:segment@200000:target-module@0:mpu@0:fck: device ID is greater than 24
[    0.589512] /ocp/interconnect@48000000/segment@300000/target-module@e000/lcdc@0: Fixed dependency cycle(s) with /ocp/interconnect@44c00000/segment@200000/target-module@b000/i2c@0/tda19988@70
[    0.592391] /ocp/interconnect@48000000/segment@300000/target-module@e000/lcdc@0: Fixed dependency cycle(s) with /ocp/interconnect@44c00000/segment@200000/target-module@b000/i2c@0/tda19988@70
[    0.593086] /ocp/interconnect@44c00000/segment@200000/target-module@b000/i2c@0/tda19988@70: Fixed dependency cycle(s) with /ocp/interconnect@48000000/segment@300000/target-module@e000/lcdc@0
[    0.593249] /ocp/interconnect@48000000/segment@300000/target-module@e000/lcdc@0: Fixed dependency cycle(s) with /ocp/interconnect@44c00000/segment@200000/target-module@b000/i2c@0/tda19988@70
[    0.602501] mdio_bus 4a101000.mdio: using DT '/ocp/interconnect@4a000000/segment@0/target-module@100000/switch@0/mdio@1000' for 'reset' GPIO lookup
[    0.602577] of_get_named_gpiod_flags: can't parse 'reset-gpios' property of node '/ocp/interconnect@4a000000/segment@0/target-module@100000/switch@0/mdio@1000[0]'
[    0.602625] of_get_named_gpiod_flags: can't parse 'reset-gpio' property of node '/ocp/interconnect@4a000000/segment@0/target-module@100000/switch@0/mdio@1000[0]'
[    0.602670] mdio_bus 4a101000.mdio: using lookup tables for GPIO lookup
[    0.602679] mdio_bus 4a101000.mdio: No GPIO consumer reset found
[    0.603607] sdhci-omap 481d8000.mmc: using DT '/ocp/interconnect@48000000/segment@100000/target-module@d8000/mmc@0' for 'wp' GPIO lookup
[    0.603668] of_get_named_gpiod_flags: can't parse 'wp-gpios' property of node '/ocp/interconnect@48000000/segment@100000/target-module@d8000/mmc@0[0]'
[    0.603710] of_get_named_gpiod_flags: can't parse 'wp-gpio' property of node '/ocp/interconnect@48000000/segment@100000/target-module@d8000/mmc@0[0]'
[    0.603743] sdhci-omap 481d8000.mmc: using lookup tables for GPIO lookup
[    0.603752] sdhci-omap 481d8000.mmc: No GPIO consumer wp found
[    0.603947] sdhci-omap 481d8000.mmc: supply pbias not found, using dummy regulator
[    0.604434] sdhci-omap 481d8000.mmc: supply vqmmc not found, using dummy regulator
[    0.671555] davinci_mdio 4a101000.mdio: davinci mdio revision 1.6, bus freq 1000000
[    0.689643] mdio_bus 4a101000.mdio:00: using DT '/ocp/interconnect@4a000000/segment@0/target-module@100000/switch@0/mdio@1000/ethernet-phy@0' for 'reset' GPIO lookup
[    0.689748] of_get_named_gpiod_flags: parsed 'reset-gpios' property of node '/ocp/interconnect@4a000000/segment@0/target-module@100000/switch@0/mdio@1000/ethernet-phy@0[0]' - status (0)
[    0.689910] gpio gpiochip0: Persistence not supported for GPIO 8
[    0.788742] davinci_mdio 4a101000.mdio: phy[0]: device 4a101000.mdio:00, driver SMSC LAN8710/LAN8720
[    0.789503] cpsw-switch 4a100000.switch: initialized cpsw ale version 1.4
[    0.789529] cpsw-switch 4a100000.switch: ALE Table size 1024, Policers 0
[    0.789674] cpsw-switch 4a100000.switch: cpts: overflow check period 500 (jiffies)
[    0.789689] cpsw-switch 4a100000.switch: CPTS: ref_clk_freq:250000000 calc_mult:2147483648 calc_shift:29 error:0 nsec/sec
[    0.789798] cpsw-switch 4a100000.switch: Detected MACID = 6c:ec:eb:68:de:78
[    0.791831] cpsw-switch 4a100000.switch: initialized (regs 0x4a100000, pool size 256) hw_ver:0019010C 1.12 (0)
[    0.802441] debugfs: Directory '49000000.dma' with parent 'dmaengine' already present!
[    0.802480] edma 49000000.dma: TI EDMA DMA engine driver
[    0.831041] gpio-clk clk_mcasp0: using DT '/clk_mcasp0' for 'enable' GPIO lookup
[    0.831119] of_get_named_gpiod_flags: parsed 'enable-gpios' property of node '/clk_mcasp0[0]' - status (0)
[    0.831163] gpio gpiochip0: Persistence not supported for GPIO 27
[    0.832346] gpiochip_find_base_unlocked: found new base at 608
[    0.832464] gpio gpiochip3: (gpio-96-127): created GPIO range 0->7 ==> 44e10800.pinmux PIN 82->89
[    0.832486] gpio gpiochip3: (gpio-96-127): created GPIO range 8->11 ==> 44e10800.pinmux PIN 52->55
[    0.832502] gpio gpiochip3: (gpio-96-127): created GPIO range 12->15 ==> 44e10800.pinmux PIN 94->97
[    0.832518] gpio gpiochip3: (gpio-96-127): created GPIO range 16->17 ==> 44e10800.pinmux PIN 71->72
[    0.832534] gpio gpiochip3: (gpio-96-127): created GPIO range 18->18 ==> 44e10800.pinmux PIN 135->135
[    0.832555] gpio gpiochip3: (gpio-96-127): created GPIO range 19->20 ==> 44e10800.pinmux PIN 108->109
[    0.832572] gpio gpiochip3: (gpio-96-127): created GPIO range 21->21 ==> 44e10800.pinmux PIN 73->73
[    0.832590] gpio gpiochip3: (gpio-96-127): created GPIO range 22->23 ==> 44e10800.pinmux PIN 8->9
[    0.832607] gpio gpiochip3: (gpio-96-127): created GPIO range 26->27 ==> 44e10800.pinmux PIN 10->11
[    0.832624] gpio gpiochip3: (gpio-96-127): created GPIO range 28->28 ==> 44e10800.pinmux PIN 74->74
[    0.832642] gpio gpiochip3: (gpio-96-127): created GPIO range 29->29 ==> 44e10800.pinmux PIN 81->81
[    0.832660] gpio gpiochip3: (gpio-96-127): created GPIO range 30->31 ==> 44e10800.pinmux PIN 28->29
[    0.843081] gpio gpiochip3: (gpio-96-127): added GPIO chardev (254:3)
[    0.843255] gpio gpiochip3: registered GPIOs 608 to 639 on gpio-96-127
[    0.855254] omap8250 44e09000.serial: using DT '/ocp/interconnect@44c00000/segment@200000/target-module@9000/serial@0' for 'rs485-term' GPIO lookup
[    0.855333] of_get_named_gpiod_flags: can't parse 'rs485-term-gpios' property of node '/ocp/interconnect@44c00000/segment@200000/target-module@9000/serial@0[0]'
[    0.855377] of_get_named_gpiod_flags: can't parse 'rs485-term-gpio' property of node '/ocp/interconnect@44c00000/segment@200000/target-module@9000/serial@0[0]'
[    0.855413] omap8250 44e09000.serial: using lookup tables for GPIO lookup
[    0.855422] omap8250 44e09000.serial: No GPIO consumer rs485-term found
[    0.855432] omap8250 44e09000.serial: using DT '/ocp/interconnect@44c00000/segment@200000/target-module@9000/serial@0' for 'rs485-rx-during-tx' GPIO lookup
[    0.855467] of_get_named_gpiod_flags: can't parse 'rs485-rx-during-tx-gpios' property of node '/ocp/interconnect@44c00000/segment@200000/target-module@9000/serial@0[0]'
[    0.855503] of_get_named_gpiod_flags: can't parse 'rs485-rx-during-tx-gpio' property of node '/ocp/interconnect@44c00000/segment@200000/target-module@9000/serial@0[0]'
[    0.855534] omap8250 44e09000.serial: using lookup tables for GPIO lookup
[    0.855542] omap8250 44e09000.serial: No GPIO consumer rs485-rx-during-tx found
[    0.855982] 44e09000.serial: ttyS0 at MMIO 0x44e09000 (irq = 34, base_baud = 3000000) is a 8250
[    0.856069] printk: legacy console [ttyS0] enabled
[    2.300867] i2c i2c-0: using DT '/ocp/interconnect@44c00000/segment@200000/target-module@b000/i2c@0' for 'scl' GPIO lookup
[    2.300971] of_get_named_gpiod_flags: can't parse 'scl-gpios' property of node '/ocp/interconnect@44c00000/segment@200000/target-module@b000/i2c@0[0]'
[    2.301020] of_get_named_gpiod_flags: can't parse 'scl-gpio' property of node '/ocp/interconnect@44c00000/segment@200000/target-module@b000/i2c@0[0]'
[    2.301060] i2c i2c-0: using lookup tables for GPIO lookup
[    2.301073] i2c i2c-0: No GPIO consumer scl found
[    2.301099] i2c i2c-0: using DT '/ocp/interconnect@44c00000/segment@200000/target-module@b000/i2c@0' for 'sda' GPIO lookup
[    2.301139] of_get_named_gpiod_flags: can't parse 'sda-gpios' property of node '/ocp/interconnect@44c00000/segment@200000/target-module@b000/i2c@0[0]'
[    2.301178] of_get_named_gpiod_flags: can't parse 'sda-gpio' property of node '/ocp/interconnect@44c00000/segment@200000/target-module@b000/i2c@0[0]'
[    2.301405] i2c i2c-0: using lookup tables for GPIO lookup
[    2.301420] i2c i2c-0: No GPIO consumer sda found
[    2.322195] tps65217-pmic: Failed to locate of_node [id: -1]
[    2.328253] tps65217-bl: Failed to locate of_node [id: -1]
[    2.339493] tps65217 0-0024: TPS65217 ID 0xe version 1.2
[    2.345633] /ocp/interconnect@48000000/segment@300000/target-module@e000/lcdc@0: Fixed dependency cycle(s) with /ocp/interconnect@44c00000/segment@200000/target-module@b000/i2c@0/tda19988@70
[    2.362997] /ocp/interconnect@44c00000/segment@200000/target-module@b000/i2c@0/tda19988@70: Fixed dependency cycle(s) with /ocp/interconnect@48000000/segment@300000/target-module@e000/lcdc@0
[    2.380349] omap_i2c 44e0b000.i2c: bus 0 rev0.11 at 400 kHz
[    2.388108] sdhci-omap 48060000.mmc: using DT '/ocp/interconnect@48000000/segment@0/target-module@60000/mmc@0' for 'cd' GPIO lookup
[    2.388215] of_get_named_gpiod_flags: parsed 'cd-gpios' property of node '/ocp/interconnect@48000000/segment@0/target-module@60000/mmc@0[0]' - status (0)
[    2.388283] gpio gpiochip3: Persistence not supported for GPIO 6
[    2.388308] omap_gpio 44e07000.gpio: Could not set line 6 debounce to 200000 microseconds (-22)
[    2.397194] sdhci-omap 48060000.mmc: Got CD GPIO
[    2.401896] sdhci-omap 48060000.mmc: using DT '/ocp/interconnect@48000000/segment@0/target-module@60000/mmc@0' for 'wp' GPIO lookup
[    2.401949] of_get_named_gpiod_flags: can't parse 'wp-gpios' property of node '/ocp/interconnect@48000000/segment@0/target-module@60000/mmc@0[0]'
[    2.401993] of_get_named_gpiod_flags: can't parse 'wp-gpio' property of node '/ocp/interconnect@48000000/segment@0/target-module@60000/mmc@0[0]'
[    2.402031] sdhci-omap 48060000.mmc: using lookup tables for GPIO lookup
[    2.402045] sdhci-omap 48060000.mmc: No GPIO consumer wp found
[    2.402255] sdhci-omap 48060000.mmc: supply pbias not found, using dummy regulator
[    2.410908] sdhci-omap 481d8000.mmc: using DT '/ocp/interconnect@48000000/segment@100000/target-module@d8000/mmc@0' for 'wp' GPIO lookup
[    2.410983] of_get_named_gpiod_flags: can't parse 'wp-gpios' property of node '/ocp/interconnect@48000000/segment@100000/target-module@d8000/mmc@0[0]'
[    2.411031] of_get_named_gpiod_flags: can't parse 'wp-gpio' property of node '/ocp/interconnect@48000000/segment@100000/target-module@d8000/mmc@0[0]'
[    2.411069] sdhci-omap 481d8000.mmc: using lookup tables for GPIO lookup
[    2.411081] sdhci-omap 481d8000.mmc: No GPIO consumer wp found
[    2.412161] sdhci-omap 48060000.mmc: supply vqmmc not found, using dummy regulator
[    2.420713] sdhci-omap 481d8000.mmc: supply pbias not found, using dummy regulator
[    2.429315] sdhci-omap 481d8000.mmc: supply vqmmc not found, using dummy regulator
[    2.467240] mmc1: SDHCI controller on 481d8000.mmc [481d8000.mmc] using External DMA
[    2.476421] mmc0: SDHCI controller on 48060000.mmc [48060000.mmc] using External DMA
[    2.485259] cpsw-switch 4a100000.switch: starting ndev. mode: dual_mac
[    2.551605] mmc1: new high speed MMC card at address 0001
[    2.558404] mmcblk1: mmc1:0001 MMC04G 3.60 GiB
[    2.565924]  mmcblk1: p1 p2
[    2.570280] SMSC LAN8710/LAN8720 4a101000.mdio:00: attached PHY driver (mii_bus:phy_addr=4a101000.mdio:00, irq=POLL)
[    2.581261] mmcblk1boot0: mmc1:0001 MMC04G 2.00 MiB
[    2.594456] mmcblk1boot1: mmc1:0001 MMC04G 2.00 MiB
[    2.601553] mmcblk1rpmb: mmc1:0001 MMC04G 128 KiB, chardev (250:0)
[    2.634402] mmc0: new high speed SDHC card at address aaaa
[    2.641328] mmcblk0: mmc0:aaaa SE32G 29.7 GiB
[    2.650192]  mmcblk0: p1 p2
[    5.762004] cpsw-switch 4a100000.switch eth0: Link is Up - 100Mbps/Full - flow control off
[    5.791250] IP-Config: Complete:
[    5.794521]      device=eth0, hwaddr=6c:ec:eb:68:de:78, ipaddr=192.168.255.1, mask=255.255.255.0, gw=255.255.255.255
[    5.805161]      host=bbb1, domain=, nis-domain=(none)
[    5.810329]      bootserver=192.168.255.126, rootserver=192.168.255.126, rootpath=
[    5.810748] clk: Disabling unused clocks
[    5.822619] PM: genpd: Disabling unused power domains
[    5.827735] KTAP version 1
[    5.830457] 1..0
[    5.855293] VFS: Mounted root (nfs filesystem) on device 0:17.
[    5.862585] devtmpfs: mounted
[    5.867000] Freeing unused kernel image (initmem) memory: 1024K
[    5.873734] Run /sbin/init as init process
[    5.877863]   with arguments:
[    5.877876]     /sbin/init
[    5.877884]     nfsrootdebug
[    5.877893]   with environment:
[    5.877902]     HOME=/
[    5.877911]     TERM=linux
[    6.569379] systemd[1]: System time before build time, advancing clock.
[    8.031257] random: crng init done
[    8.072842] systemd[1]: systemd 232 running in system mode. (+PAM +AUDIT +SELINUX +IMA +APPARMOR +SMACK +SYSVINIT +UTMP +LIBCRYPTSETUP +GCRYPT +GNUTLS +ACL +XZ +LZ4 +SECCOMP +BLKID +ELFUTILS +KMOD +IDN)
[    8.092030] systemd[1]: Detected architecture arm.
[    8.124329] systemd[1]: Set hostname to <arm>.
[    9.224446] systemd[1]: Listening on Journal Socket (/dev/log).
[    9.252380] systemd[1]: Listening on Journal Audit Socket.
[    9.283352] systemd[1]: Listening on /dev/initctl Compatibility Named Pipe.
[    9.313157] systemd[1]: Set up automount Arbitrary Executable File Formats File System Automount Point.
[    9.342149] systemd[1]: Listening on Journal Socket.
[    9.372159] systemd[1]: Started Forward Password Requests to Wall Directory Watch.
[    9.402802] systemd[1]: Created slice System Slice.
[   11.572948] systemd-journald[95]: Received request to flush runtime journal from PID 1
[   14.258345] leds-gpio leds: using DT '/leds/led2' for '(default)' GPIO lookup
[   14.258450] of_get_named_gpiod_flags: parsed 'gpios' property of node '/leds/led2[0]' - status (0)
[   14.258508] gpio gpiochip0: Persistence not supported for GPIO 21
[   14.258524] gpio-533 (?): no flags found for GPIO (default)
[   14.300253] leds-gpio leds: using DT '/leds/led3' for '(default)' GPIO lookup
[   14.300369] of_get_named_gpiod_flags: parsed 'gpios' property of node '/leds/led3[0]' - status (0)
[   14.300428] gpio gpiochip0: Persistence not supported for GPIO 22
[   14.300442] gpio-534 (?): no flags found for GPIO (default)
[   14.337210] leds-gpio leds: using DT '/leds/led4' for '(default)' GPIO lookup
[   14.337308] of_get_named_gpiod_flags: parsed 'gpios' property of node '/leds/led4[0]' - status (0)
[   14.337360] gpio gpiochip0: Persistence not supported for GPIO 23
[   14.337375] gpio-535 (?): no flags found for GPIO (default)
[   14.365463] leds-gpio leds: using DT '/leds/led5' for '(default)' GPIO lookup
[   14.365568] of_get_named_gpiod_flags: parsed 'gpios' property of node '/leds/led5[0]' - status (0)
[   14.365623] gpio gpiochip0: Persistence not supported for GPIO 24
[   14.365638] gpio-536 (?): no flags found for GPIO (default)
[   14.503307] remoteproc remoteproc0: wkup_m3 is available
[   14.791049] at24 2-0054: supply vcc not found, using dummy regulator
[   14.815131] omap_wdt: OMAP Watchdog Timer Rev 0x01: initial timeout 60 sec
[   14.904262] at24 2-0055: supply vcc not found, using dummy regulator
[   15.003729] at24 2-0056: supply vcc not found, using dummy regulator
[   15.101936] at24 2-0057: supply vcc not found, using dummy regulator
[   15.210367] at24 0-0050: using DT '/ocp/interconnect@44c00000/segment@200000/target-module@b000/i2c@0/baseboard_eeprom@50' for 'wp' GPIO lookup
[   15.210486] of_get_named_gpiod_flags: can't parse 'wp-gpios' property of node '/ocp/interconnect@44c00000/segment@200000/target-module@b000/i2c@0/baseboard_eeprom@50[0]'
[   15.210550] of_get_named_gpiod_flags: can't parse 'wp-gpio' property of node '/ocp/interconnect@44c00000/segment@200000/target-module@b000/i2c@0/baseboard_eeprom@50[0]'
[   15.210596] at24 0-0050: using lookup tables for GPIO lookup
[   15.210609] at24 0-0050: No GPIO consumer wp found
[   15.210952] at24 0-0050: 32768 byte 24c256 EEPROM, writable, 1 bytes/write
[   15.429837] tps6521x_pwrbutton tps65217-pwrbutton: DMA mask not set
[   15.502685] omap_rtc 44e3e000.rtc: registered as rtc0
[   15.507864] omap_rtc 44e3e000.rtc: setting system clock to 2000-01-01T00:00:00 UTC (946684800)
[   15.516786] omap_rtc 44e3e000.rtc: using DT '/ocp/interconnect@44c00000/segment@200000/target-module@3e000/rtc@0' for 'wp' GPIO lookup
[   15.516865] of_get_named_gpiod_flags: can't parse 'wp-gpios' property of node '/ocp/interconnect@44c00000/segment@200000/target-module@3e000/rtc@0[0]'
[   15.516917] of_get_named_gpiod_flags: can't parse 'wp-gpio' property of node '/ocp/interconnect@44c00000/segment@200000/target-module@3e000/rtc@0[0]'
[   15.516958] omap_rtc 44e3e000.rtc: using lookup tables for GPIO lookup
[   15.516971] omap_rtc 44e3e000.rtc: No GPIO consumer wp found
[   15.541891] wkup_m3_ipc 44e11324.wkup_m3_ipc: IPC Request for A8->M3 Channel failed! -517
[   15.575629] input: tps65217_pwrbutton as /devices/platform/ocp/44c00000.interconnect/44c00000.interconnect:segment@200000/44e0b000.target-module/44e0b000.i2c/i2c-0/0-0024/tps65217-pwrbutton/input/input0
[   15.595186] wkup_m3_ipc 44e11324.wkup_m3_ipc: IPC Request for A8->M3 Channel failed! -517
[   15.732689] wkup_m3_ipc 44e11324.wkup_m3_ipc: IPC Request for A8->M3 Channel failed! -517
[   15.822107] am335x-phy-driver 47401300.usb-phy: using DT '/ocp/target-module@47400000/usb-phy@1300' for 'reset' GPIO lookup
[   15.822202] of_get_named_gpiod_flags: can't parse 'reset-gpios' property of node '/ocp/target-module@47400000/usb-phy@1300[0]'
[   15.822251] of_get_named_gpiod_flags: can't parse 'reset-gpio' property of node '/ocp/target-module@47400000/usb-phy@1300[0]'
[   15.822289] am335x-phy-driver 47401300.usb-phy: using lookup tables for GPIO lookup
[   15.822304] am335x-phy-driver 47401300.usb-phy: No GPIO consumer reset found
[   15.822318] am335x-phy-driver 47401300.usb-phy: using DT '/ocp/target-module@47400000/usb-phy@1300' for 'vbus-detect' GPIO lookup
[   15.822348] of_get_named_gpiod_flags: can't parse 'vbus-detect-gpios' property of node '/ocp/target-module@47400000/usb-phy@1300[0]'
[   15.822380] of_get_named_gpiod_flags: can't parse 'vbus-detect-gpio' property of node '/ocp/target-module@47400000/usb-phy@1300[0]'
[   15.822406] am335x-phy-driver 47401300.usb-phy: using lookup tables for GPIO lookup
[   15.822418] am335x-phy-driver 47401300.usb-phy: No GPIO consumer vbus-detect found
[   15.822569] am335x-phy-driver 47401300.usb-phy: dummy supplies not allowed for exclusive requests (id=vbus)
[   16.004939] am335x-phy-driver 47401b00.usb-phy: using DT '/ocp/target-module@47400000/usb-phy@1b00' for 'reset' GPIO lookup
[   16.005133] of_get_named_gpiod_flags: can't parse 'reset-gpios' property of node '/ocp/target-module@47400000/usb-phy@1b00[0]'
[   16.005185] of_get_named_gpiod_flags: can't parse 'reset-gpio' property of node '/ocp/target-module@47400000/usb-phy@1b00[0]'
[   16.005266] am335x-phy-driver 47401b00.usb-phy: using lookup tables for GPIO lookup
[   16.005281] am335x-phy-driver 47401b00.usb-phy: No GPIO consumer reset found
[   16.005295] am335x-phy-driver 47401b00.usb-phy: using DT '/ocp/target-module@47400000/usb-phy@1b00' for 'vbus-detect' GPIO lookup
[   16.005376] of_get_named_gpiod_flags: can't parse 'vbus-detect-gpios' property of node '/ocp/target-module@47400000/usb-phy@1b00[0]'
[   16.005414] of_get_named_gpiod_flags: can't parse 'vbus-detect-gpio' property of node '/ocp/target-module@47400000/usb-phy@1b00[0]'
[   16.005442] am335x-phy-driver 47401b00.usb-phy: using lookup tables for GPIO lookup
[   16.005501] am335x-phy-driver 47401b00.usb-phy: No GPIO consumer vbus-detect found
[   16.005753] am335x-phy-driver 47401b00.usb-phy: dummy supplies not allowed for exclusive requests (id=vbus)
[   16.022477] wkup_m3_ipc 44e11324.wkup_m3_ipc: IPC Request for A8->M3 Channel failed! -517
[   16.314198] wkup_m3_ipc 44e11324.wkup_m3_ipc: IPC Request for A8->M3 Channel failed! -517
[   16.332305] usbcore: registered new interface driver usbfs
[   16.337939] usbcore: registered new interface driver hub
[   16.343509] usbcore: registered new device driver usb
[   16.701913] tda998x 0-0070: found TDA19988
[   16.809912] wkup_m3_ipc 44e11324.wkup_m3_ipc: IPC Request for A8->M3 Channel failed! -517
[   17.130568] wkup_m3_ipc 44e11324.wkup_m3_ipc: IPC Request for A8->M3 Channel failed! -517
[   17.265791] musb-hdrc musb-hdrc.1: MUSB HDRC host driver
[   17.271599] musb-hdrc musb-hdrc.1: new USB bus registered, assigned bus number 1
[   17.310055] wkup_m3_ipc 44e11324.wkup_m3_ipc: IPC Request for A8->M3 Channel failed! -517
[   17.359765] omap-mailbox 480c8000.mailbox: omap mailbox rev 0x400
[   17.529858] usb usb1: New USB device found, idVendor=1d6b, idProduct=0002, bcdDevice= 6.12
[   17.538403] usb usb1: New USB device strings: Mfr=3, Product=2, SerialNumber=1
[   17.545744] usb usb1: Product: MUSB HDRC host driver
[   17.550738] usb usb1: Manufacturer: Linux 6.12.44 musb-hcd
[   17.556297] usb usb1: SerialNumber: musb-hdrc.1
[   17.656847] remoteproc remoteproc0: powering up wkup_m3
[   17.863494] remoteproc remoteproc0: Direct firmware load for am335x-pm-firmware.elf failed with error -2
[   17.873342] remoteproc remoteproc0: request_firmware failed: -2
[   17.879305] wkup_m3_ipc 44e11324.wkup_m3_ipc: rproc_boot failed
[   18.077117] hub 1-0:1.0: USB hub found
[   18.155386] hub 1-0:1.0: 1 port detected
[   20.110426] tilcdc 4830e000.lcdc: bound 0-0070 (ops tda998x_audio_codec_init [tda998x])
[   20.243703] omap_rng 48310000.rng: Random Number Generator ver. 20
[   20.259081] [drm] Initialized tilcdc 1.0.0 for 4830e000.lcdc on minor 0
[   20.330089] tilcdc 4830e000.lcdc: [drm] Cannot find any crtc or sizes
[   20.348127] tilcdc 4830e000.lcdc: [drm] Cannot find any crtc or sizes
[   21.280326] PM: Cannot get wkup_m3_ipc handle
[   21.391102] omap-sham 53100000.sham: hw accel on OMAP rev 4.3
[   21.519415] omap-sham 53100000.sham: will run requests pump with realtime priority
[   21.534699] PM: Cannot get wkup_m3_ipc handle
[   21.718314] omap-aes 53500000.aes: OMAP AES hw accel rev: 3.2
[   21.874987] omap-aes 53500000.aes: will run requests pump with realtime priority
[   21.889520] PM: Cannot get wkup_m3_ipc handle
[   23.141724] Bluetooth: Core ver 2.22
[   23.145540] NET: Registered PF_BLUETOOTH protocol family
[   23.150890] Bluetooth: HCI device and connection manager initialized
[   23.157416] Bluetooth: HCI socket layer initialized
[   23.162368] Bluetooth: L2CAP socket layer initialized
[   23.167480] Bluetooth: SCO socket layer initialized
[   25.240658] PM: Cannot get wkup_m3_ipc handle
[   25.246671] asoc-simple-card sound: using DT '/sound' for 'simple-audio-card,hp-det' GPIO lookup
[   25.246744] of_get_named_gpiod_flags: can't parse 'simple-audio-card,hp-det-gpios' property of node '/sound[0]'
[   25.246781] of_get_named_gpiod_flags: can't parse 'simple-audio-card,hp-det-gpio' property of node '/sound[0]'
[   25.246805] asoc-simple-card sound: using lookup tables for GPIO lookup
[   25.246818] asoc-simple-card sound: No GPIO consumer simple-audio-card,hp-det found
[   25.246834] asoc-simple-card sound: using DT '/sound' for 'simple-audio-card,mic-det' GPIO lookup
[   25.246858] of_get_named_gpiod_flags: can't parse 'simple-audio-card,mic-det-gpios' property of node '/sound[0]'
[   25.246884] of_get_named_gpiod_flags: can't parse 'simple-audio-card,mic-det-gpio' property of node '/sound[0]'
[   25.246902] asoc-simple-card sound: using lookup tables for GPIO lookup
[   25.246914] asoc-simple-card sound: No GPIO consumer simple-audio-card,mic-det found
[   25.358661] PM: Cannot get wkup_m3_ipc handle
[   27.886773] userial_init: registered 8 ttyGS* devices
[   28.139821] rndis_register: configNr = 0
[   28.222881] udc musb-hdrc.0: binding gadget driver [g_multi]
[   28.222983] configfs-gadget.g_multi gadget.0: adding 'rndis'/b5ab5ea6 to config 'c'/9ef78180
[   28.224133] configfs-gadget.g_multi gadget.0: HOST MAC 1c:ba:8c:a2:ed:6c
[   28.231051] configfs-gadget.g_multi gadget.0: MAC 1c:ba:8c:a2:ed:70
[   28.237614] rndis_set_param_medium: 0 0
[   28.237641] configfs-gadget.g_multi gadget.0: RNDIS: IN/ep1in OUT/ep1out NOTIFY/ep2in
[   28.237658] configfs-gadget.g_multi gadget.0: adding 'cdc_ethernet'/e5f11983 to config 'c'/9ef78180
[   28.238611] configfs-gadget.g_multi gadget.0: HOST MAC 1c:ba:8c:a2:ed:6c
[   28.245465] configfs-gadget.g_multi gadget.0: MAC 1c:ba:8c:a2:ed:6d
[   28.251860] configfs-gadget.g_multi gadget.0: CDC Ethernet: IN/ep3in OUT/ep2out NOTIFY/ep4in
[   28.251880] configfs-gadget.g_multi gadget.0: adding 'acm'/55134e64 to config 'c'/9ef78180
[   28.251918] configfs-gadget.g_multi gadget.0: acm ttyGS0: IN/ep5in OUT/ep3out NOTIFY/ep6in
[   28.252583] PM: Cannot get wkup_m3_ipc handle
[   29.375560] configfs-gadget.g_multi gadget.0: eth_open
[   30.183167] configfs-gadget.g_multi gadget.0: stop stats: rx/tx 0/0, errs 0/0
[   34.705158] gs_open: ttyGS0 (9a3f749a,9c52d1f5)
[   34.705308] gs_close: ttyGS0 (9a3f749a,9c52d1f5) ...
[   34.705333] gs_close: ttyGS0 (9a3f749a,9c52d1f5) done!
[   34.726468] gs_open: ttyGS0 (97c79f48,2b64758b)
[   34.726617] gs_close: ttyGS0 (97c79f48,2b64758b) ...
[   34.726639] gs_close: ttyGS0 (97c79f48,2b64758b) done!
[   34.906256] gs_open: ttyGS0 (7a579b33,738488a9)
[   34.906490] gs_close: ttyGS0 (7a579b33,738488a9) ...
[   34.906515] gs_close: ttyGS0 (7a579b33,738488a9) done!
[   34.907211] gs_open: ttyGS0 (7a579b33,738488a9)
CABFXSUANM 0
root@arm:~# echo 'NCOP''JQVZZL'
NCOPJQVZZL
root@arm:~# MARKER='JOCV''MMFAVQ' run 'modprobe test_linear_ranges'
JOCVMMFAVQJOCVMMFAVQ 0
root@arm:~# echo 'CCKO''FNMAMQ'
CCKOFNMAMQ
root@arm:~# MARKER='FEXM''FCYMOP' run dmesg
FEXMFCYMOP[    0.000000] Booting Linux on physical CPU 0x0
[    0.000000] Linux version 6.12.44 (user01@drvtest01) (arm-none-eabi-gcc (Arm GNU Toolchain 14.2.Rel1 (Build arm-14.52)) 14.2.1 20241119, GNU ld (Arm GNU Toolchain 14.2.Rel1 (Build arm-14.52)) 2.43.1.20241119) #1 SMP Thu Aug 28 20:30:11 EEST 2025
[    0.000000] CPU: ARMv7 Processor [413fc082] revision 2 (ARMv7), cr=10c5387d
[    0.000000] CPU: PIPT / VIPT nonaliasing data cache, VIPT aliasing instruction cache
[    0.000000] OF: fdt: Machine model: TI AM335x BeagleBone Black
[    0.000000] Memory policy: Data cache writeback
[    0.000000] cma: Reserved 16 MiB at 0x9e800000 on node -1
[    0.000000] Zone ranges:
[    0.000000]   Normal   [mem 0x0000000080000000-0x000000009fdfffff]
[    0.000000]   HighMem  empty
[    0.000000] Movable zone start for each node
[    0.000000] Early memory node ranges
[    0.000000]   node   0: [mem 0x0000000080000000-0x000000009fdfffff]
[    0.000000] Initmem setup node 0 [mem 0x0000000080000000-0x000000009fdfffff]
[    0.000000] OF: reserved mem: Reserved memory: No reserved-memory node in the DT
[    0.000000] CPU: All CPU(s) started in SVC mode.
[    0.000000] AM335X ES2.1 (sgx neon)
[    0.000000] percpu: Embedded 17 pages/cpu s40396 r8192 d21044 u69632
[    0.000000] pcpu-alloc: s40396 r8192 d21044 u69632 alloc=17*4096
[    0.000000] pcpu-alloc: [0] 0 
[    0.000000] Kernel command line: console=ttyO0,115200n8 root=/dev/nfs rw nfsroot=192.168.255.126:/home/user01/nfs,nfsvers=3 ip=192.168.255.1:192.168.255.126::255.255.255.0:bbb1:eth0 nfsrootdebug
[    0.000000] Unknown kernel command line parameters "nfsrootdebug", will be passed to user space.
[    0.000000] Dentry cache hash table entries: 65536 (order: 6, 262144 bytes, linear)
[    0.000000] Inode-cache hash table entries: 32768 (order: 5, 131072 bytes, linear)
[    0.000000] Built 1 zonelists, mobility grouping on.  Total pages: 130560
[    0.000000] mem auto-init: stack:off, heap alloc:off, heap free:off
[    0.000000] SLUB: HWalign=64, Order=0-3, MinObjects=0, CPUs=1, Nodes=1
[    0.000000] rcu: Hierarchical RCU implementation.
[    0.000000] rcu: 	RCU event tracing is enabled.
[    0.000000] rcu: 	RCU restricting CPUs from NR_CPUS=2 to nr_cpu_ids=1.
[    0.000000] rcu: RCU calculated value of scheduler-enlistment delay is 10 jiffies.
[    0.000000] rcu: Adjusting geometry for rcu_fanout_leaf=16, nr_cpu_ids=1
[    0.000000] NR_IRQS: 16, nr_irqs: 16, preallocated irqs: 16
[    0.000000] IRQ: Found an INTC at 0x(ptrval) (revision 5.0) with 128 interrupts
[    0.000000] rcu: srcu_init: Setting srcu_struct sizes based on contention.
[    0.000000] TI gptimer clocksource: always-on /ocp/interconnect@44c00000/segment@200000/target-module@31000
[    0.000003] sched_clock: 32 bits at 24MHz, resolution 41ns, wraps every 89478484971ns
[    0.000028] clocksource: dmtimer: mask: 0xffffffff max_cycles: 0xffffffff, max_idle_ns: 79635851949 ns
[    0.000492] TI gptimer clockevent: 24000000 Hz at /ocp/interconnect@48000000/segment@0/target-module@40000
[    0.002087] Console: colour dummy device 80x30
[    0.002148] WARNING: Your 'console=ttyO0' has been replaced by 'ttyS0'
[    0.002157] This ensures that you still see kernel messages. Please
[    0.002162] update your kernel commandline.
[    0.002205] Calibrating delay loop... 996.14 BogoMIPS (lpj=4980736)
[    0.090539] CPU: Testing write buffer coherency: ok
[    0.090649] CPU0: Spectre v2: using BPIALL workaround
[    0.090659] pid_max: default: 32768 minimum: 301
[    0.090786] LSM: initializing lsm=capability
[    0.090956] Mount-cache hash table entries: 1024 (order: 0, 4096 bytes, linear)
[    0.090978] Mountpoint-cache hash table entries: 1024 (order: 0, 4096 bytes, linear)
[    0.092551] CPU0: thread -1, cpu 0, socket -1, mpidr 0
[    0.094574] Setting up static identity map for 0x80100000 - 0x80100078
[    0.094886] rcu: Hierarchical SRCU implementation.
[    0.094897] rcu: 	Max phase no-delay instances is 1000.
[    0.096627] smp: Bringing up secondary CPUs ...
[    0.096680] smp: Brought up 1 node, 1 CPU
[    0.096692] SMP: Total of 1 processors activated (996.14 BogoMIPS).
[    0.096704] CPU: All CPU(s) started in SVC mode.
[    0.096889] Memory: 480868K/522240K available (11264K kernel code, 1211K rwdata, 2880K rodata, 1024K init, 295K bss, 23360K reserved, 16384K cma-reserved, 0K highmem)
[    0.097704] devtmpfs: initialized
[    0.114053] VFP support v0.3: implementor 41 architecture 3 part 30 variant c rev 3
[    0.114391] clocksource: jiffies: mask: 0xffffffff max_cycles: 0xffffffff, max_idle_ns: 19112604462750000 ns
[    0.114426] futex hash table entries: 256 (order: 2, 16384 bytes, linear)
[    0.115752] pinctrl core: initialized pinctrl subsystem
[    0.117874] NET: Registered PF_NETLINK/PF_ROUTE protocol family
[    0.120905] DMA: preallocated 256 KiB pool for atomic coherent allocations
[    0.121819] audit: initializing netlink subsys (disabled)
[    0.123162] thermal_sys: Registered thermal governor 'fair_share'
[    0.123177] thermal_sys: Registered thermal governor 'step_wise'
[    0.123188] thermal_sys: Registered thermal governor 'user_space'
[    0.123303] audit: type=2000 audit(0.120:1): state=initialized audit_enabled=0 res=1
[    0.123375] cpuidle: using governor menu
[    0.141200] /ocp/interconnect@44c00000/segment@200000/target-module@b000/i2c@0/tda19988@70: Fixed dependency cycle(s) with /ocp/interconnect@48000000/segment@300000/target-module@e000/lcdc@0
[    0.142324] /ocp/interconnect@48000000/segment@300000/target-module@e000/lcdc@0: Fixed dependency cycle(s) with /ocp/interconnect@44c00000/segment@200000/target-module@b000/i2c@0/tda19988@70
[    0.144488] No ATAGs?
[    0.144507] hw-breakpoint: debug architecture 0x4 unsupported.
[    0.147133] kprobes: kprobe jump-optimization is enabled. All kprobes are optimized if possible.
[    0.154200] iommu: Default domain type: Translated
[    0.154222] iommu: DMA domain TLB invalidation policy: strict mode
[    0.155787] reg-fixed-voltage fixedregulator0: using DT '/fixedregulator0' for '(default)' GPIO lookup
[    0.155842] of_get_named_gpiod_flags: can't parse 'gpios' property of node '/fixedregulator0[0]'
[    0.155872] of_get_named_gpiod_flags: can't parse 'gpio' property of node '/fixedregulator0[0]'
[    0.155891] reg-fixed-voltage fixedregulator0: using lookup tables for GPIO lookup
[    0.155900] reg-fixed-voltage fixedregulator0: No GPIO consumer (default) found
[    0.161338] SCSI subsystem initialized
[    0.161814] libata version 3.00 loaded.
[    0.162174] pps_core: LinuxPPS API ver. 1 registered
[    0.162184] pps_core: Software ver. 5.3.6 - Copyright 2005-2007 Rodolfo Giometti <giometti@linux.it>
[    0.162207] PTP clock support registered
[    0.170878] vgaarb: loaded
[    0.171235] clocksource: Switched to clocksource dmtimer
[    0.171898] VFS: Disk quotas dquot_6.6.0
[    0.171940] VFS: Dquot-cache hash table entries: 1024 (order 0, 4096 bytes)
[    0.195871] NET: Registered PF_INET protocol family
[    0.196203] IP idents hash table entries: 8192 (order: 4, 65536 bytes, linear)
[    0.197588] tcp_listen_portaddr_hash hash table entries: 512 (order: 0, 4096 bytes, linear)
[    0.197622] Table-perturb hash table entries: 65536 (order: 6, 262144 bytes, linear)
[    0.197639] TCP established hash table entries: 4096 (order: 2, 16384 bytes, linear)
[    0.197685] TCP bind hash table entries: 4096 (order: 4, 65536 bytes, linear)
[    0.197784] TCP: Hash tables configured (established 4096 bind 4096)
[    0.197904] UDP hash table entries: 256 (order: 1, 8192 bytes, linear)
[    0.197930] UDP-Lite hash table entries: 256 (order: 1, 8192 bytes, linear)
[    0.198105] NET: Registered PF_UNIX/PF_LOCAL protocol family
[    0.199364] RPC: Registered named UNIX socket transport module.
[    0.199383] RPC: Registered udp transport module.
[    0.199389] RPC: Registered tcp transport module.
[    0.199394] RPC: Registered tcp-with-tls transport module.
[    0.199399] RPC: Registered tcp NFSv4.1 backchannel transport module.
[    0.199422] PCI: CLS 0 bytes, default 64
[    0.200825] Initialise system trusted keyrings
[    0.211729] workingset: timestamp_bits=14 max_order=17 bucket_order=3
[    0.213008] NFS: Registering the id_resolver key type
[    0.213078] Key type id_resolver registered
[    0.213086] Key type id_legacy registered
[    0.213136] jffs2: version 2.2. (NAND) (SUMMARY)  Â© 2001-2006 Red Hat, Inc.
[    0.213548] Key type asymmetric registered
[    0.213564] Asymmetric key parser 'x509' registered
[    0.213635] io scheduler mq-deadline registered
[    0.213645] io scheduler kyber registered
[    0.213707] io scheduler bfq registered
[    0.215557] target-module@4b000000:target-module@140000:pmu@0:fck: device ID is greater than 24
[    0.221760] l3-aon-clkctrl:0000:0: failed to disable
[    0.222022] ledtrig-cpu: registered to indicate activity on CPUs
[    0.231977] Serial: 8250/16550 driver, 6 ports, IRQ sharing enabled
[    0.265668] brd: module loaded
[    0.283959] loop: module loaded
[    0.284882] mtdoops: mtd device (mtddev=name/number) must be supplied
[    0.286564] mdio_bus fixed-0: using lookup tables for GPIO lookup
[    0.286588] mdio_bus fixed-0: No GPIO consumer reset found
[    0.287962] i2c_dev: i2c /dev entries driver
[    0.288927] cpuidle: enable-method property 'ti,am3352' found operations
[    0.289374] sdhci: Secure Digital Host Controller Interface driver
[    0.289384] sdhci: Copyright(c) Pierre Ossman
[    0.289554] sdhci-pltfm: SDHCI platform and OF driver helper
[    0.301666] hw perfevents: enabled with armv7_cortex_a8 PMU driver, 5 (8000000f) counters available
[    0.302194] Initializing XFRM netlink socket
[    0.302336] NET: Registered PF_INET6 protocol family
[    0.307973] l3-aon-clkctrl:0000:0: failed to disable
[    0.309317] Segment Routing with IPv6
[    0.309401] In-situ OAM (IOAM) with IPv6
[    0.309497] sit: IPv6, IPv4 and MPLS over IPv4 tunneling driver
[    0.310419] NET: Registered PF_PACKET protocol family
[    0.310448] NET: Registered PF_KEY protocol family
[    0.310576] Key type dns_resolver registered
[    0.310798] ThumbEE CPU extension supported.
[    0.310819] Registering SWP/SWPB emulation handler
[    0.311547] omap_voltage_late_init: Voltage driver support not added
[    0.312306] SmartReflex Class3 initialized
[    0.334634] Loading compiled-in X.509 certificates
[    0.374389] /ocp/interconnect@44c00000/segment@200000/target-module@b000/i2c@0/tda19988@70: Fixed dependency cycle(s) with /ocp/interconnect@48000000/segment@300000/target-module@e000/lcdc@0
[    0.380530] /ocp/interconnect@44c00000/segment@200000/target-module@b000/i2c@0/tda19988@70: Fixed dependency cycle(s) with /ocp/interconnect@48000000/segment@300000/target-module@e000/lcdc@0
[    0.386019] gpiochip_find_base_unlocked: found new base at 512
[    0.420071] /ocp/interconnect@44c00000/segment@200000/target-module@b000/i2c@0/tda19988@70: Fixed dependency cycle(s) with /ocp/interconnect@48000000/segment@300000/target-module@e000/lcdc@0
[    0.420911] /ocp/interconnect@44c00000/segment@200000/target-module@b000/i2c@0/tda19988@70: Fixed dependency cycle(s) with /ocp/interconnect@48000000/segment@300000/target-module@e000/lcdc@0
[    0.424451] /ocp/interconnect@44c00000/segment@200000/target-module@10000/scm@0/pinmux@800: Fixed dependency cycle(s) with /ocp/interconnect@44c00000/segment@200000/target-module@10000/scm@0/pinmux@800/clkout2-pins
[    0.425144] pinctrl-single 44e10800.pinmux: 142 pins, size 568
[    0.430104] ti-sysc 44e31000.target-module: probe with driver ti-sysc failed with error -16
[    0.458749] /ocp/interconnect@48000000/segment@300000/target-module@e000/lcdc@0: Fixed dependency cycle(s) with /ocp/interconnect@44c00000/segment@200000/target-module@b000/i2c@0/tda19988@70
[    0.466599] ti-sysc 48040000.target-module: probe with driver ti-sysc failed with error -16
[    0.477503] gpiochip_find_base_unlocked: found new base at 512
[    0.477604] gpio gpiochip0: (gpio-0-31): created GPIO range 0->7 ==> 44e10800.pinmux PIN 0->7
[    0.477623] gpio gpiochip0: (gpio-0-31): created GPIO range 8->11 ==> 44e10800.pinmux PIN 90->93
[    0.477639] gpio gpiochip0: (gpio-0-31): created GPIO range 12->27 ==> 44e10800.pinmux PIN 12->27
[    0.477654] gpio gpiochip0: (gpio-0-31): created GPIO range 28->31 ==> 44e10800.pinmux PIN 30->33
[    0.513467] gpio gpiochip0: (gpio-0-31): added GPIO chardev (254:0)
[    0.513638] gpio gpiochip0: registered GPIOs 512 to 543 on gpio-0-31
[    0.513725] OMAP GPIO hardware version 0.1
[    0.547567] i2c i2c-2: using DT '/ocp/interconnect@48000000/segment@100000/target-module@9c000/i2c@0' for 'scl' GPIO lookup
[    0.547643] of_get_named_gpiod_flags: can't parse 'scl-gpios' property of node '/ocp/interconnect@48000000/segment@100000/target-module@9c000/i2c@0[0]'
[    0.547688] of_get_named_gpiod_flags: can't parse 'scl-gpio' property of node '/ocp/interconnect@48000000/segment@100000/target-module@9c000/i2c@0[0]'
[    0.547723] i2c i2c-2: using lookup tables for GPIO lookup
[    0.547731] i2c i2c-2: No GPIO consumer scl found
[    0.547753] i2c i2c-2: using DT '/ocp/interconnect@48000000/segment@100000/target-module@9c000/i2c@0' for 'sda' GPIO lookup
[    0.547788] of_get_named_gpiod_flags: can't parse 'sda-gpios' property of node '/ocp/interconnect@48000000/segment@100000/target-module@9c000/i2c@0[0]'
[    0.547826] of_get_named_gpiod_flags: can't parse 'sda-gpio' property of node '/ocp/interconnect@48000000/segment@100000/target-module@9c000/i2c@0[0]'
[    0.547856] i2c i2c-2: using lookup tables for GPIO lookup
[    0.547864] i2c i2c-2: No GPIO consumer sda found
[    0.548572] omap_i2c 4819c000.i2c: bus 2 rev0.11 at 100 kHz
[    0.554131] gpiochip_find_base_unlocked: found new base at 544
[    0.554231] gpio gpiochip1: (gpio-32-63): created GPIO range 0->17 ==> 44e10800.pinmux PIN 34->51
[    0.554251] gpio gpiochip1: (gpio-32-63): created GPIO range 18->21 ==> 44e10800.pinmux PIN 77->80
[    0.554267] gpio gpiochip1: (gpio-32-63): created GPIO range 22->31 ==> 44e10800.pinmux PIN 56->65
[    0.569436] gpio gpiochip1: (gpio-32-63): added GPIO chardev (254:1)
[    0.569599] gpio gpiochip1: registered GPIOs 544 to 575 on gpio-32-63
[    0.571956] gpiochip_find_base_unlocked: found new base at 576
[    0.572053] gpio gpiochip2: (gpio-64-95): created GPIO range 0->4 ==> 44e10800.pinmux PIN 66->70
[    0.572072] gpio gpiochip2: (gpio-64-95): created GPIO range 5->6 ==> 44e10800.pinmux PIN 98->99
[    0.572087] gpio gpiochip2: (gpio-64-95): created GPIO range 7->8 ==> 44e10800.pinmux PIN 75->76
[    0.572103] gpio gpiochip2: (gpio-64-95): created GPIO range 13->13 ==> 44e10800.pinmux PIN 141->141
[    0.572119] gpio gpiochip2: (gpio-64-95): created GPIO range 14->21 ==> 44e10800.pinmux PIN 100->107
[    0.583140] gpio gpiochip2: (gpio-64-95): added GPIO chardev (254:2)
[    0.583278] gpio gpiochip2: registered GPIOs 576 to 607 on gpio-64-95
[    0.588641] 48000000.interconnect:segment@200000:target-module@0:mpu@0:fck: device ID is greater than 24
[    0.589512] /ocp/interconnect@48000000/segment@300000/target-module@e000/lcdc@0: Fixed dependency cycle(s) with /ocp/interconnect@44c00000/segment@200000/target-module@b000/i2c@0/tda19988@70
[    0.592391] /ocp/interconnect@48000000/segment@300000/target-module@e000/lcdc@0: Fixed dependency cycle(s) with /ocp/interconnect@44c00000/segment@200000/target-module@b000/i2c@0/tda19988@70
[    0.593086] /ocp/interconnect@44c00000/segment@200000/target-module@b000/i2c@0/tda19988@70: Fixed dependency cycle(s) with /ocp/interconnect@48000000/segment@300000/target-module@e000/lcdc@0
[    0.593249] /ocp/interconnect@48000000/segment@300000/target-module@e000/lcdc@0: Fixed dependency cycle(s) with /ocp/interconnect@44c00000/segment@200000/target-module@b000/i2c@0/tda19988@70
[    0.602501] mdio_bus 4a101000.mdio: using DT '/ocp/interconnect@4a000000/segment@0/target-module@100000/switch@0/mdio@1000' for 'reset' GPIO lookup
[    0.602577] of_get_named_gpiod_flags: can't parse 'reset-gpios' property of node '/ocp/interconnect@4a000000/segment@0/target-module@100000/switch@0/mdio@1000[0]'
[    0.602625] of_get_named_gpiod_flags: can't parse 'reset-gpio' property of node '/ocp/interconnect@4a000000/segment@0/target-module@100000/switch@0/mdio@1000[0]'
[    0.602670] mdio_bus 4a101000.mdio: using lookup tables for GPIO lookup
[    0.602679] mdio_bus 4a101000.mdio: No GPIO consumer reset found
[    0.603607] sdhci-omap 481d8000.mmc: using DT '/ocp/interconnect@48000000/segment@100000/target-module@d8000/mmc@0' for 'wp' GPIO lookup
[    0.603668] of_get_named_gpiod_flags: can't parse 'wp-gpios' property of node '/ocp/interconnect@48000000/segment@100000/target-module@d8000/mmc@0[0]'
[    0.603710] of_get_named_gpiod_flags: can't parse 'wp-gpio' property of node '/ocp/interconnect@48000000/segment@100000/target-module@d8000/mmc@0[0]'
[    0.603743] sdhci-omap 481d8000.mmc: using lookup tables for GPIO lookup
[    0.603752] sdhci-omap 481d8000.mmc: No GPIO consumer wp found
[    0.603947] sdhci-omap 481d8000.mmc: supply pbias not found, using dummy regulator
[    0.604434] sdhci-omap 481d8000.mmc: supply vqmmc not found, using dummy regulator
[    0.671555] davinci_mdio 4a101000.mdio: davinci mdio revision 1.6, bus freq 1000000
[    0.689643] mdio_bus 4a101000.mdio:00: using DT '/ocp/interconnect@4a000000/segment@0/target-module@100000/switch@0/mdio@1000/ethernet-phy@0' for 'reset' GPIO lookup
[    0.689748] of_get_named_gpiod_flags: parsed 'reset-gpios' property of node '/ocp/interconnect@4a000000/segment@0/target-module@100000/switch@0/mdio@1000/ethernet-phy@0[0]' - status (0)
[    0.689910] gpio gpiochip0: Persistence not supported for GPIO 8
[    0.788742] davinci_mdio 4a101000.mdio: phy[0]: device 4a101000.mdio:00, driver SMSC LAN8710/LAN8720
[    0.789503] cpsw-switch 4a100000.switch: initialized cpsw ale version 1.4
[    0.789529] cpsw-switch 4a100000.switch: ALE Table size 1024, Policers 0
[    0.789674] cpsw-switch 4a100000.switch: cpts: overflow check period 500 (jiffies)
[    0.789689] cpsw-switch 4a100000.switch: CPTS: ref_clk_freq:250000000 calc_mult:2147483648 calc_shift:29 error:0 nsec/sec
[    0.789798] cpsw-switch 4a100000.switch: Detected MACID = 6c:ec:eb:68:de:78
[    0.791831] cpsw-switch 4a100000.switch: initialized (regs 0x4a100000, pool size 256) hw_ver:0019010C 1.12 (0)
[    0.802441] debugfs: Directory '49000000.dma' with parent 'dmaengine' already present!
[    0.802480] edma 49000000.dma: TI EDMA DMA engine driver
[    0.831041] gpio-clk clk_mcasp0: using DT '/clk_mcasp0' for 'enable' GPIO lookup
[    0.831119] of_get_named_gpiod_flags: parsed 'enable-gpios' property of node '/clk_mcasp0[0]' - status (0)
[    0.831163] gpio gpiochip0: Persistence not supported for GPIO 27
[    0.832346] gpiochip_find_base_unlocked: found new base at 608
[    0.832464] gpio gpiochip3: (gpio-96-127): created GPIO range 0->7 ==> 44e10800.pinmux PIN 82->89
[    0.832486] gpio gpiochip3: (gpio-96-127): created GPIO range 8->11 ==> 44e10800.pinmux PIN 52->55
[    0.832502] gpio gpiochip3: (gpio-96-127): created GPIO range 12->15 ==> 44e10800.pinmux PIN 94->97
[    0.832518] gpio gpiochip3: (gpio-96-127): created GPIO range 16->17 ==> 44e10800.pinmux PIN 71->72
[    0.832534] gpio gpiochip3: (gpio-96-127): created GPIO range 18->18 ==> 44e10800.pinmux PIN 135->135
[    0.832555] gpio gpiochip3: (gpio-96-127): created GPIO range 19->20 ==> 44e10800.pinmux PIN 108->109
[    0.832572] gpio gpiochip3: (gpio-96-127): created GPIO range 21->21 ==> 44e10800.pinmux PIN 73->73
[    0.832590] gpio gpiochip3: (gpio-96-127): created GPIO range 22->23 ==> 44e10800.pinmux PIN 8->9
[    0.832607] gpio gpiochip3: (gpio-96-127): created GPIO range 26->27 ==> 44e10800.pinmux PIN 10->11
[    0.832624] gpio gpiochip3: (gpio-96-127): created GPIO range 28->28 ==> 44e10800.pinmux PIN 74->74
[    0.832642] gpio gpiochip3: (gpio-96-127): created GPIO range 29->29 ==> 44e10800.pinmux PIN 81->81
[    0.832660] gpio gpiochip3: (gpio-96-127): created GPIO range 30->31 ==> 44e10800.pinmux PIN 28->29
[    0.843081] gpio gpiochip3: (gpio-96-127): added GPIO chardev (254:3)
[    0.843255] gpio gpiochip3: registered GPIOs 608 to 639 on gpio-96-127
[    0.855254] omap8250 44e09000.serial: using DT '/ocp/interconnect@44c00000/segment@200000/target-module@9000/serial@0' for 'rs485-term' GPIO lookup
[    0.855333] of_get_named_gpiod_flags: can't parse 'rs485-term-gpios' property of node '/ocp/interconnect@44c00000/segment@200000/target-module@9000/serial@0[0]'
[    0.855377] of_get_named_gpiod_flags: can't parse 'rs485-term-gpio' property of node '/ocp/interconnect@44c00000/segment@200000/target-module@9000/serial@0[0]'
[    0.855413] omap8250 44e09000.serial: using lookup tables for GPIO lookup
[    0.855422] omap8250 44e09000.serial: No GPIO consumer rs485-term found
[    0.855432] omap8250 44e09000.serial: using DT '/ocp/interconnect@44c00000/segment@200000/target-module@9000/serial@0' for 'rs485-rx-during-tx' GPIO lookup
[    0.855467] of_get_named_gpiod_flags: can't parse 'rs485-rx-during-tx-gpios' property of node '/ocp/interconnect@44c00000/segment@200000/target-module@9000/serial@0[0]'
[    0.855503] of_get_named_gpiod_flags: can't parse 'rs485-rx-during-tx-gpio' property of node '/ocp/interconnect@44c00000/segment@200000/target-module@9000/serial@0[0]'
[    0.855534] omap8250 44e09000.serial: using lookup tables for GPIO lookup
[    0.855542] omap8250 44e09000.serial: No GPIO consumer rs485-rx-during-tx found
[    0.855982] 44e09000.serial: ttyS0 at MMIO 0x44e09000 (irq = 34, base_baud = 3000000) is a 8250
[    0.856069] printk: legacy console [ttyS0] enabled
[    2.300867] i2c i2c-0: using DT '/ocp/interconnect@44c00000/segment@200000/target-module@b000/i2c@0' for 'scl' GPIO lookup
[    2.300971] of_get_named_gpiod_flags: can't parse 'scl-gpios' property of node '/ocp/interconnect@44c00000/segment@200000/target-module@b000/i2c@0[0]'
[    2.301020] of_get_named_gpiod_flags: can't parse 'scl-gpio' property of node '/ocp/interconnect@44c00000/segment@200000/target-module@b000/i2c@0[0]'
[    2.301060] i2c i2c-0: using lookup tables for GPIO lookup
[    2.301073] i2c i2c-0: No GPIO consumer scl found
[    2.301099] i2c i2c-0: using DT '/ocp/interconnect@44c00000/segment@200000/target-module@b000/i2c@0' for 'sda' GPIO lookup
[    2.301139] of_get_named_gpiod_flags: can't parse 'sda-gpios' property of node '/ocp/interconnect@44c00000/segment@200000/target-module@b000/i2c@0[0]'
[    2.301178] of_get_named_gpiod_flags: can't parse 'sda-gpio' property of node '/ocp/interconnect@44c00000/segment@200000/target-module@b000/i2c@0[0]'
[    2.301405] i2c i2c-0: using lookup tables for GPIO lookup
[    2.301420] i2c i2c-0: No GPIO consumer sda found
[    2.322195] tps65217-pmic: Failed to locate of_node [id: -1]
[    2.328253] tps65217-bl: Failed to locate of_node [id: -1]
[    2.339493] tps65217 0-0024: TPS65217 ID 0xe version 1.2
[    2.345633] /ocp/interconnect@48000000/segment@300000/target-module@e000/lcdc@0: Fixed dependency cycle(s) with /ocp/interconnect@44c00000/segment@200000/target-module@b000/i2c@0/tda19988@70
[    2.362997] /ocp/interconnect@44c00000/segment@200000/target-module@b000/i2c@0/tda19988@70: Fixed dependency cycle(s) with /ocp/interconnect@48000000/segment@300000/target-module@e000/lcdc@0
[    2.380349] omap_i2c 44e0b000.i2c: bus 0 rev0.11 at 400 kHz
[    2.388108] sdhci-omap 48060000.mmc: using DT '/ocp/interconnect@48000000/segment@0/target-module@60000/mmc@0' for 'cd' GPIO lookup
[    2.388215] of_get_named_gpiod_flags: parsed 'cd-gpios' property of node '/ocp/interconnect@48000000/segment@0/target-module@60000/mmc@0[0]' - status (0)
[    2.388283] gpio gpiochip3: Persistence not supported for GPIO 6
[    2.388308] omap_gpio 44e07000.gpio: Could not set line 6 debounce to 200000 microseconds (-22)
[    2.397194] sdhci-omap 48060000.mmc: Got CD GPIO
[    2.401896] sdhci-omap 48060000.mmc: using DT '/ocp/interconnect@48000000/segment@0/target-module@60000/mmc@0' for 'wp' GPIO lookup
[    2.401949] of_get_named_gpiod_flags: can't parse 'wp-gpios' property of node '/ocp/interconnect@48000000/segment@0/target-module@60000/mmc@0[0]'
[    2.401993] of_get_named_gpiod_flags: can't parse 'wp-gpio' property of node '/ocp/interconnect@48000000/segment@0/target-module@60000/mmc@0[0]'
[    2.402031] sdhci-omap 48060000.mmc: using lookup tables for GPIO lookup
[    2.402045] sdhci-omap 48060000.mmc: No GPIO consumer wp found
[    2.402255] sdhci-omap 48060000.mmc: supply pbias not found, using dummy regulator
[    2.410908] sdhci-omap 481d8000.mmc: using DT '/ocp/interconnect@48000000/segment@100000/target-module@d8000/mmc@0' for 'wp' GPIO lookup
[    2.410983] of_get_named_gpiod_flags: can't parse 'wp-gpios' property of node '/ocp/interconnect@48000000/segment@100000/target-module@d8000/mmc@0[0]'
[    2.411031] of_get_named_gpiod_flags: can't parse 'wp-gpio' property of node '/ocp/interconnect@48000000/segment@100000/target-module@d8000/mmc@0[0]'
[    2.411069] sdhci-omap 481d8000.mmc: using lookup tables for GPIO lookup
[    2.411081] sdhci-omap 481d8000.mmc: No GPIO consumer wp found
[    2.412161] sdhci-omap 48060000.mmc: supply vqmmc not found, using dummy regulator
[    2.420713] sdhci-omap 481d8000.mmc: supply pbias not found, using dummy regulator
[    2.429315] sdhci-omap 481d8000.mmc: supply vqmmc not found, using dummy regulator
[    2.467240] mmc1: SDHCI controller on 481d8000.mmc [481d8000.mmc] using External DMA
[    2.476421] mmc0: SDHCI controller on 48060000.mmc [48060000.mmc] using External DMA
[    2.485259] cpsw-switch 4a100000.switch: starting ndev. mode: dual_mac
[    2.551605] mmc1: new high speed MMC card at address 0001
[    2.558404] mmcblk1: mmc1:0001 MMC04G 3.60 GiB
[    2.565924]  mmcblk1: p1 p2
[    2.570280] SMSC LAN8710/LAN8720 4a101000.mdio:00: attached PHY driver (mii_bus:phy_addr=4a101000.mdio:00, irq=POLL)
[    2.581261] mmcblk1boot0: mmc1:0001 MMC04G 2.00 MiB
[    2.594456] mmcblk1boot1: mmc1:0001 MMC04G 2.00 MiB
[    2.601553] mmcblk1rpmb: mmc1:0001 MMC04G 128 KiB, chardev (250:0)
