Labgrid Console Logfile for main
Logfile started at 2025-08-29 08:39:20.411188
=== Log starts here ===
reading args
spl_load_image_fat_os: error reading image args, err - -1
reading u-boot.img
reading u-boot.img


U-Boot 2014.04-00014-g47880f5 (Apr 22 2014 - 13:23:54)

I2C:   ready
DRAM:  512 MiB
NAND:  0 MiB
MMC:   OMAP SD/MMC: 0, OMAP SD/MMC: 1
*** Warning - readenv() failed, using default environment

Net:   <ethaddr> not set. Validating first E-fuse MAC
cpsw, usb_ether
Hit any key to stop autoboot:  1  0 
gpio: pin 53 (gpio 53) value is 1
mmc0 is current device
gpio: pin 54 (gpio 54) value is 1
SD/MMC found on device 0
reading uEnv.txt
569 bytes read in 3 ms (184.6 KiB/s)
gpio: pin 55 (gpio 55) value is 1
Loaded environment from uEnv.txt
Importing environment from mmc ...
Checking if uenvcmd is set ...
gpio: pin 56 (gpio 56) value is 1
Running uenvcmd ...
cpsw Waiting for PHY auto negotiation to complete. done
link up on port 0, speed 100, full duplex
Using cpsw device
TFTP from server 192.168.255.126; our IP address is 192.168.255.1
Filename 'zImage'.
Load address: 0x81000000
Loading: *#################################################################
	 #################################################################
	 #################################################################
	 #################################################################
	 #################################################################
	 #############################################################
	 2.4 MiB/s
done
Bytes transferred = 5655912 (564d68 hex)
link up on port 0, speed 100, full duplex
Using cpsw device
TFTP from server 192.168.255.126; our IP address is 192.168.255.1
Filename 'am335x-boneblack.dtb'.
Load address: 0x82000000
Loading: *#######
	 2.4 MiB/s
done
Bytes transferred = 98244 (17fc4 hex)
Kernel image @ 0x81000000 [ 0x000000 - 0x564d68 ]
## Flattened Device Tree blob at 82000000
   Booting using the fdt blob at 0x82000000
   Using Device Tree in place at 82000000, end 8201afc3

Starting kernel ...

[    0.000000] Booting Linux on physical CPU 0x0
[    0.000000] Linux version 6.17.0-rc3-next-20250829 (user01@drvtest01) (arm-none-eabi-gcc (Arm GNU Toolchain 14.2.Rel1 (Build arm-14.52)) 14.2.1 20241119, GNU ld (Arm GNU Toolchain 14.2.Rel1 (Build arm-14.52)) 2.43.1.20241119) #1 SMP Fri Aug 29 08:36:14 EEST 2025
[    0.000000] CPU: ARMv7 Processor [413fc082] revision 2 (ARMv7), cr=10c5387d
[    0.000000] CPU: PIPT / VIPT nonaliasing data cache, VIPT aliasing instruction cache
[    0.000000] OF: fdt: Machine model: TI AM335x BeagleBone Black
[    0.000000] Memory policy: Data cache writeback
[    0.000000] cma: Reserved 16 MiB at 0x9e800000
[    0.000000] Zone ranges:
[    0.000000]   Normal   [mem 0x0000000080000000-0x000000009fdfffff]
[    0.000000]   HighMem  empty
[    0.000000] Movable zone start for each node
[    0.000000] Early memory node ranges
[    0.000000]   node   0: [mem 0x0000000080000000-0x000000009fdfffff]
[    0.000000] Initmem setup node 0 [mem 0x0000000080000000-0x000000009fdfffff]
[    0.000000] On node 0, zone Normal: 512 pages in unavailable ranges
[    0.000000] OF: reserved mem: Reserved memory: No reserved-memory node in the DT
[    0.000000] CPU: All CPU(s) started in SVC mode.
[    0.000000] AM335X ES2.1 (sgx neon)
[    0.000000] percpu: Embedded 17 pages/cpu s39820 r8192 d21620 u69632
[    0.000000] Kernel command line: console=ttyO0,115200n8 root=/dev/nfs rw nfsroot=192.168.255.126:/home/user01/nfs,nfsvers=3 ip=192.168.255.1:192.168.255.126::255.255.255.0:bbb1:eth0 nfsrootdebug
[    0.000000] Unknown kernel command line parameters "nfsrootdebug", will be passed to user space.
[    0.000000] printk: log buffer data + meta data: 65536 + 204800 = 270336 bytes
[    0.000000] Dentry cache hash table entries: 65536 (order: 6, 262144 bytes, linear)
[    0.000000] Inode-cache hash table entries: 32768 (order: 5, 131072 bytes, linear)
[    0.000000] Built 1 zonelists, mobility grouping on.  Total pages: 130560
[    0.000000] mem auto-init: stack:off, heap alloc:off, heap free:off
[    0.000000] SLUB: HWalign=16, Order=0-3, MinObjects=0, CPUs=1, Nodes=1
[    0.000000] rcu: Hierarchical RCU implementation.
[    0.000000] rcu: 	RCU event tracing is enabled.
[    0.000000] rcu: 	RCU restricting CPUs from NR_CPUS=2 to nr_cpu_ids=1.
[    0.000000] 	Tracing variant of Tasks RCU enabled.
[    0.000000] rcu: RCU calculated value of scheduler-enlistment delay is 10 jiffies.
[    0.000000] rcu: Adjusting geometry for rcu_fanout_leaf=16, nr_cpu_ids=1
[    0.000000] RCU Tasks Trace: Setting shift to 0 and lim to 1 rcu_task_cb_adjust=1 rcu_task_cpu_ids=1.
[    0.000000] NR_IRQS: 16, nr_irqs: 16, preallocated irqs: 16
[    0.000000] IRQ: Found an INTC at 0x(ptrval) (revision 5.0) with 128 interrupts
[    0.000000] rcu: srcu_init: Setting srcu_struct sizes based on contention.
[    0.000000] TI gptimer clocksource: always-on /ocp/interconnect@44c00000/segment@200000/target-module@31000
[    0.000002] sched_clock: 32 bits at 24MHz, resolution 41ns, wraps every 89478484971ns
[    0.000026] clocksource: dmtimer: mask: 0xffffffff max_cycles: 0xffffffff, max_idle_ns: 79635851949 ns
[    0.000499] TI gptimer clockevent: 24000000 Hz at /ocp/interconnect@48000000/segment@0/target-module@40000
[    0.002075] Console: colour dummy device 80x30
[    0.002139] WARNING: Your 'console=ttyO0' has been replaced by 'ttyS0'
[    0.002147] This ensures that you still see kernel messages. Please
[    0.002152] update your kernel commandline.
[    0.002198] Calibrating delay loop... 996.14 BogoMIPS (lpj=4980736)
[    0.090546] CPU: Testing write buffer coherency: ok
[    0.090660] CPU0: Spectre v2: using BPIALL workaround
[    0.090670] pid_max: default: 32768 minimum: 301
[    0.090840] LSM: initializing lsm=capability
[    0.091006] Mount-cache hash table entries: 1024 (order: 0, 4096 bytes, linear)
[    0.091025] Mountpoint-cache hash table entries: 1024 (order: 0, 4096 bytes, linear)
[    0.092619] CPU0: thread -1, cpu 0, socket -1, mpidr 0
[    0.092692] cacheinfo: Unable to detect cache hierarchy for CPU 0
[    0.094696] Setting up static identity map for 0x80100000 - 0x80100078
[    0.095032] rcu: Hierarchical SRCU implementation.
[    0.095044] rcu: 	Max phase no-delay instances is 1000.
[    0.096778] smp: Bringing up secondary CPUs ...
[    0.096836] smp: Brought up 1 node, 1 CPU
[    0.096849] SMP: Total of 1 processors activated (996.14 BogoMIPS).
[    0.096860] CPU: All CPU(s) started in SVC mode.
[    0.097057] Memory: 480880K/522240K available (11264K kernel code, 1219K rwdata, 2936K rodata, 1024K init, 253K bss, 23328K reserved, 16384K cma-reserved, 0K highmem)
[    0.097881] devtmpfs: initialized
[    0.115110] VFP support v0.3: implementor 41 architecture 3 part 30 variant c rev 3
[    0.115754] clocksource: jiffies: mask: 0xffffffff max_cycles: 0xffffffff, max_idle_ns: 19112604462750000 ns
[    0.115811] posixtimers hash table entries: 512 (order: 0, 4096 bytes, linear)
[    0.115837] futex hash table entries: 256 (16384 bytes on 1 NUMA nodes, total 16 KiB, linear).
[    0.116984] pinctrl core: initialized pinctrl subsystem
[    0.119146] NET: Registered PF_NETLINK/PF_ROUTE protocol family
[    0.122284] DMA: preallocated 256 KiB pool for atomic coherent allocations
[    0.122909] audit: initializing netlink subsys (disabled)
[    0.124245] thermal_sys: Registered thermal governor 'fair_share'
[    0.124260] thermal_sys: Registered thermal governor 'step_wise'
[    0.124268] thermal_sys: Registered thermal governor 'user_space'
[    0.124381] audit: type=2000 audit(0.120:1): state=initialized audit_enabled=0 res=1
[    0.124450] cpuidle: using governor menu
[    0.142412] /ocp/interconnect@44c00000/segment@200000/target-module@b000/i2c@0/tda19988@70: Fixed dependency cycle(s) with /ocp/interconnect@48000000/segment@300000/target-module@e000/lcdc@0
[    0.143516] /ocp/interconnect@48000000/segment@300000/target-module@e000/lcdc@0: Fixed dependency cycle(s) with /ocp/interconnect@44c00000/segment@200000/target-module@b000/i2c@0/tda19988@70
[    0.145694] No ATAGs?
[    0.145736] hw-breakpoint: debug architecture 0x4 unsupported.
[    0.148829] kprobes: kprobe jump-optimization is enabled. All kprobes are optimized if possible.
[    0.153847] iommu: Default domain type: Translated
[    0.153870] iommu: DMA domain TLB invalidation policy: strict mode
[    0.161768] SCSI subsystem initialized
[    0.162624] pps_core: LinuxPPS API ver. 1 registered
[    0.162635] pps_core: Software ver. 5.3.6 - Copyright 2005-2007 Rodolfo Giometti <giometti@linux.it>
[    0.162660] PTP clock support registered
[    0.171217] vgaarb: loaded
[    0.171594] clocksource: Switched to clocksource dmtimer
[    0.172271] VFS: Disk quotas dquot_6.6.0
[    0.172328] VFS: Dquot-cache hash table entries: 1024 (order 0, 4096 bytes)
[    0.196642] NET: Registered PF_INET protocol family
[    0.196987] IP idents hash table entries: 8192 (order: 4, 65536 bytes, linear)
[    0.198420] tcp_listen_portaddr_hash hash table entries: 512 (order: 0, 4096 bytes, linear)
[    0.198455] Table-perturb hash table entries: 65536 (order: 6, 262144 bytes, linear)
[    0.198474] TCP established hash table entries: 4096 (order: 2, 16384 bytes, linear)
[    0.198518] TCP bind hash table entries: 4096 (order: 4, 65536 bytes, linear)
[    0.198617] TCP: Hash tables configured (established 4096 bind 4096)
[    0.198741] UDP hash table entries: 256 (order: 1, 14336 bytes, linear)
[    0.198776] UDP-Lite hash table entries: 256 (order: 1, 14336 bytes, linear)
[    0.198974] NET: Registered PF_UNIX/PF_LOCAL protocol family
[    0.200263] RPC: Registered named UNIX socket transport module.
[    0.200283] RPC: Registered udp transport module.
[    0.200288] RPC: Registered tcp transport module.
[    0.200292] RPC: Registered tcp-with-tls transport module.
[    0.200297] RPC: Registered tcp NFSv4.1 backchannel transport module.
[    0.200321] PCI: CLS 0 bytes, default 64
[    0.201898] Initialise system trusted keyrings
[    0.212212] workingset: timestamp_bits=14 max_order=17 bucket_order=3
[    0.213656] NFS: Registering the id_resolver key type
[    0.213721] Key type id_resolver registered
[    0.213729] Key type id_legacy registered
[    0.213840] jffs2: version 2.2. (NAND) (SUMMARY)  Â© 2001-2006 Red Hat, Inc.
[    0.214312] Key type asymmetric registered
[    0.214328] Asymmetric key parser 'x509' registered
[    0.214400] io scheduler mq-deadline registered
[    0.214411] io scheduler kyber registered
[    0.214491] io scheduler bfq registered
[    0.216398] target-module@4b000000:target-module@140000:pmu@0:fck: device ID is greater than 24
[    0.222591] l3-aon-clkctrl:0000:0: failed to disable
[    0.232307] ledtrig-cpu: registered to indicate activity on CPUs
[    0.236077] Serial: 8250/16550 driver, 6 ports, IRQ sharing enabled
[    0.283204] brd: module loaded
[    0.291891] loop: module loaded
[    0.292841] mtdoops: mtd device (mtddev=name/number) must be supplied
[    0.295879] i2c_dev: i2c /dev entries driver
[    0.296894] cpuidle: enable-method property 'ti,am3352' found operations
[    0.297349] sdhci: Secure Digital Host Controller Interface driver
[    0.297358] sdhci: Copyright(c) Pierre Ossman
[    0.297542] sdhci-pltfm: SDHCI platform and OF driver helper
[    0.318526 ] hw perfevents: enabled with armv7_cortex_a8 PMU driver, 5 (8000000f) counters available
[    0.319089] Initializing XFRM netlink socket
[    0.319283] NET: Registered PF_INET6 protocol family
[    0.324953] l3-aon-clkctrl:0000:0: failed to disable
[    0.326602] Segment Routing with IPv6
[    0.326688] In-situ OAM (IOAM) with IPv6
[    0.326786] sit: IPv6, IPv4 and MPLS over IPv4 tunneling driver
[    0.327758] NET: Registered PF_PACKET protocol family
[    0.327783] NET: Registered PF_KEY proto col family
[    0.327906] Key type dns_resolver registered
[    0.328137] ThumbEE CPU extension supported.
[    0.328158] Registering SWP/SWPB emulation handler
[    0.328683] omap_voltage_late_init: Voltage driver support not added
[    0.329364] SmartReflex Class3 initialized
[    0.362635] Loading compiled-in X.509 certificates
[    0.393412] /ocp/interconnect@44c00000/segment@200000/target-module@b000/i2c@0/tda19988@70: Fixed dependency cycle(s) with /ocp/interconnect@48000000/segment@300000/target-module@e000/lcdc@0
[    0.399781] /ocp/interconnect@44c00000/segment@200000/target-module@b000/i2c@0/tda19988@70: Fixed dependency cycle(s) with /ocp/interconnect@48000000/segment@300000/target-module@e000/lcdc@0
[    0.422779] /ocp/interconnect@44c00000/segment@200000/target-module@b000/i2c@0/tda19988@70: Fixed dependency cycle(s) with /ocp/interconnect@48000000/segment@300000/target-module@e000/lcdc@0
[    0.423689] /ocp/interconnect@44c00000/segment@200000/target-module@b000/i2c@0/tda19988@70: Fixed dependency cycle(s) with /ocp/interconnect@48000000/segment@300000/target-module@e000/lcdc@0
[    0.427218] /ocp/interconnect@44c00000/segment@200000/target-module@10000/scm@0/pinmux@800: Fixed dependency cycle(s) with /ocp/interconnect@44c00000/segment@200000/target-module@10000/scm@0/pinmux@800/clkout2-pins
[    0.427796] pinctrl-single 44e10800.pinmux: 142 pins, size 568
[    0.433297] ti-sysc 44e31000.target-module: probe with driver ti-sysc failed with error -16
[    0.457840] /ocp/interconnect@480nect@44c00000/segment@200000/target-module@b000/i2c@0/tda19988@70: Fixed dependency cycle(s) with /ocp/interconnect@48000000/segment@300000/target-module@e000/lcdc@0
[    0.595222] /ocp/interconnect@48000000/segment@300000/target-module@e000/lcdc@0: Fixed dependency cycle(s) with /ocp/interconnect@44c00000/segment@200000/target-module@b000/i2c@0/tda19988@70
[    0.606707] sdhci-omap 481d8000.mmc: supply pbias not found, using dummy regulator
[    0.607204] sdhci-omap 481d8000.mmc: supply vqmmc not found, using dummy regulator
[    0.653952] davinci_mdio 4a101000.mdio: davinci mdio revision 1.6, bus freq 1000000
[    0.804739] davinci_mdio 4a101000.mdio: phy[0]: device 4a101000.mdio:00, driver SMSC LAN8710/LAN8720
[    0.805526] cpsw-switch 4a100000.switch: initialized cpsw ale version 1.4
[    0.805549] cpsw-switch 4a100000.switch: ALE Table size 1024, Policers 0
[    0.805704] cpsw-switch 4a100000.switch: cpts: overflow check period 500 (jiffies)
[    0.805720] cpsw-switch 4a100000.switch: CPTS: ref_clk_freq:250000000 calc_mult:2147483648 calc_shift:29 error:0 nsec/sec
[    0.805825] cpsw-switch 4a100000.switch: Detected MACID = 6c:ec:eb:68:de:78
[    0.807769] cpsw-switch 4a100000.switch: initialized (regs 0x4a100000, pool size 256) hw_ver:0019010C 1.12 (0)
[    0.818777] debugfs: '49000000.dma' already exists in 'dmaengine'
[    0.818821] edma 49000000.dma: TI EDMA DMA engine driver
[    0.883591] 44e09000.serial: ttyS0 at MMIO 0x44e09000 (irq = 34, base_baud = 3000000) is a 8250
[    0.883681] printk: legacy console [ttyS0] enabled
[    2.452537] tps65217-pmic: Failed to locate of_node [id: -1]
[    2.458603] tps65217-bl: Failed to locate of_node [id: -1]
[    2.464652] platform tps65217-charger: DMA mask not set
[    2.470690] platform tps65217-pwrbutton: DMA mask not set
[    2.477970] tps65217 0-0024: TPS65217 ID 0xe version 1.2
[    2.484102] /ocp/interconnect@48000000/segment@300000/target-module@e000/lcdc@0: Fixed dependency cycle(s) with /ocp/interconnect@44c00000/segment@200000/target-module@b000/i2c@0/tda19988@70
[    2.501499] /ocp/interconnect@44c00000/segment@200000/target-module@b000/i2c@0/tda19988@70: Fixed dependency cycle(s) with /ocp/interconnect@48000000/segment@300000/target-module@e000/lcdc@0
[    2.518897] omap_i2c 44e0b000.i2c: bus 0 rev0.11 at 400 kHz
[    2.526761] omap_gpio 44e07000.gpio: Could not set line 6 debounce to 200000 microseconds (-22)
[    2.535685] sdhci-omap 48060000.mmc: Got CD GPIO
[    2.540720] sdhci-omap 48060000.mmc: supply pbias not found, using dummy regulator
[    2.550692] sdhci-omap 48060000.mmc: supply vqmmc not found, using dummy regulator
[    2.559791] sdhci-omap 481d8000.mmc: supply pbias not found, using dummy regulator
[    2.569202] sdhci-omap 481d8000.mmc: supply vqmmc not found, using dummy regulator
[    2.605338] mmc0: SDHCI controller on 48060000.mmc [48060000.mmc] using External DMA
[    2.613660] mmc1: SDHCI controller on 481d8000.mmc [481d8000.mmc] using External DMA
[    2.622459] cpsw-switch 4a100000.switch: starting ndev. mode: dual_mac
[    2.691925] mmc1: new high speed MMC card at address 0001
[    2.698750] mmcblk1: mmc1:0001 MMC04G 3.60 GiB
[    2.706717]  mmcblk1: p1 p2
[    2.711107] mmcblk1boot0: mmc1:0001 MMC04G 2.00 MiB
[    2.717668] SMSC LAN8710/LAN8720 4a101000.mdio:00: attached PHY driver (mii_bus:phy_addr=4a101000.mdio:00, irq=POLL)
[    2.736213] mmcblk1boot1: mmc1:0001 MMC04G 2.00 MiB
[    2.745087] mmcblk1rpmb: mmc1:0001 MMC04G 128 KiB, chardev (249:0)
[    2.794672] mmc0: new high speed SDHC card at address aaaa
[    2.801519] mmcblk0: mmc0:aaaa SE32G 29.7 GiB
[    2.810707]  mmcblk0: p1 p2
[    5.922350] cpsw-switch 4a100000.switch eth0: Link is Up - 100Mbps/Full - flow control off
[    5.951604] IP-Config: Complete:
[    5.954880]      device=eth0, hwaddr=6c:ec:eb:68:de:78, ipaddr=192.168.255.1, mask=255.255.255.0, gw=255.255.255.255
[    5.965532]      host=bbb1, domain=, nis-domain=(none)
[    5.970700]      bootserver=192.168.255.126, rootserver=192.168.255.126, rootpath=
[    5.971114] clk: Disabling unused clocks
[    5.983020] KTAP version 1
[    5.985755] 1..0
[    5.988455] check access for rdinit=/init failed: -2, ignoring
[    6.016026] VFS: Mounted root (nfs filesystem) on device 0:17.
[    6.023072] devtmpfs: mounted
[    6.027544] Freeing unused kernel image (initmem) memory: 1024K
[    6.034393] Run /sbin/init as init process
[    6.705466] systemd[1]: System time before build time, advancing clock.
[    8.251614] random: crng init done
[    8.264202] systemd[1]: systemd 232 running in system mode. (+PAM +AUDIT +SELINUX +IMA +APPARMOR +SMACK +SYSVINIT +UTMP +LIBCRYPTSETUP +GCRYPT +GNUTLS +ACL +XZ +LZ4 +SECCOMP +BLKID +ELFUTILS +KMOD +IDN)
[    8.283339] systemd[1]: Detected architecture arm.

Welcome to [1mDebian GNU/Linux 9 (stretch)[0m!

[    8.314636] systemd[1]: Set hostname to <arm>.
[    9.392061] systemd[1]: Reached target Swap.
[[0;32m  OK  [0m] Reached target Swap.
[    9.415678] systemd[1]: Listening on udev Control Socket.
[[0;32m  OK  [0m] Listening on udev Control Socket.
[    9.443452] systemd[1]: syslog.socket: SO_PASSSEC failed: Operation not supported
[    9.451190] systemd[1]: Listening on Syslog Socket.
[[0;32m  OK  [0m] Listening on Syslog Socket.
[    9.473390] systemd[1]: Set up automount Arbitrary Executable File Formats File System Automount Point.
[[0;32m  OK  [0m] Set up automount Arbitrary Executabâ€¦rmats File System Automount Point.
[    9.503622] systemd[1]: Listening on /dev/initctl Compatibility Named Pipe.
[[0;32m  OK  [0m] Listening on /dev/initctl Compatibility Named Pipe.
[    9.533152] systemd[1]: Created slice System Slice.
[[0;32m  OK  [0m] Created slice System Slice.
[[0;32m  OK  [0m] Created slice system-getty.slice.
         Mounting Debug File System...
         Mounting POSIX Message Queue File System...
[[0;32m  OK  [0m] Created slice system-serial\x2dgetty.slice.
[[0;32m  OK  [0m] Started Forward Password Requests to Wall Directory Watch.
[[0;32m  OK  [0m] Created slice User and Session Slice.
[[0;32m  OK  [0m] Reached target Slices.
[[0;32m  OK  [0m] Listening on Journal Socket (/dev/log).
[[0;32m  OK  [0m] Reached target Remote File Systems.
[[0;32m  OK  [0m] Listening on Journal Socket.
         Starting Remount Root and Kernel File Systems...
         Starting Load Kernel Modules...
[[0;32m  OK  [0m] Started Dispatch Password Requests to Console Directory Watch.
[[0;32m  OK  [0m] Reached target Encrypted Volumes.
[[0;32m  OK  [0m] Reached target Paths.
         Starting Create list of required stâ€¦ce nodes for the current kernel...
[[0;32m  OK  [0m] Listening on Journal Audit Socket.
         Starting Journal Service...
[[0;32m  OK  [0m] Listening on udev Kernel Socket.
[[0;32m  OK  [0m] Mounted POSIX Message Queue File System.
[[0;32m  OK  [0m] Mounted Debug File System.
[[0;32m  OK  [0m] Started Remount Root and Kernel File Systems.
[[0;32m  OK  [0m] Started Create list of required staâ€¦vice nodes for the current kernel.
         Starting Create Static Device Nodes in /dev...
         Starting udev Coldplug all Devices...
         Starting Load/Save Random Seed...
[[0;32m  OK  [0m] Started Load Kernel Modules.
         Mounting Configuration File System...
         Starting Apply Kernel Variables...
[[0;32m  OK  [0m] Mounted Configuration File System.
[[0;32m  OK  [0m] Started Load/Save Random Seed.
[[0;32m  OK  [0m] Started Apply Kernel Variables.
[[0;32m  OK  [0m] Started Create Static Device Nodes in /dev.
         Starting udev Kernel Device Manager...
[[0;32m  OK  [0m] Reached target Local File Systems (Pre).
[[0;32m  OK  [0m] Reached target Local File Systems.
         Starting Raise network interfaces...
[[0;32m  OK  [0m] Started Journal Service.
         Starting Flush Journal to Persistent Storage...
[   11.842262] systemd-journald[94]: Received request to flush runtime journal from PID 1
[[0;32m  OK  [0m] Started Flush Journal to Persistent Storage.
         Starting Create Volatile Files and Directories...
[[0;32m  OK  [0m] Started udev Kernel Device Manager.
[   12.642102] omap_prm 44e00d00.prm: sync_state() pending due to 44d00000.cpu
[[0;32m  OK  [0m] Started Create Volatile Files and Directories.
         Starting Network Time Synchronization...
         Starting Update UTMP about System Boot/Shutdown...
[[0;32m  OK  [0m] Started Update UTMP about System Boot/Shutdown.
[[0;32m  OK  [0m] Started udev Coldplug all Devices.
[   14.805516] remoteproc remoteproc0: wkup_m3 is available
[   15.120431] am335x-phy-driver 47401300.usb-phy: dummy supplies not allowed for exclusive requests (id=vbus)
[   15.210493] at24 2-0054: supply vcc not found, using dummy regulator
[   15.352170] at24 2-0055: supply vcc not found, using dummy regulator
[[0;32m  OK  [0m] Found device /dev/ttyS0.
[[0;32m  OK  [0m] Started Network Time Synchronization.
[   15.502008] at24 2-0056: supply vcc not found, using dummy regulator
[   15.513009] am335x-phy-driver 47401b00.usb-phy: dummy supplies not allowed for exclusive requests (id=vbus)
[[0;32m  OK  [0m] Reached target System Initialization.
[   15.644804] at24 2-0057: supply vcc not found, using dummy regulator
[   15.709264] at24 0-0050: 32768 byte 24c256 EEPROM, writable, 1 bytes/write
[[0;32m  OK  [0m] Listening on Avahi mDNS/DNS-SD Stack Activation Socket.
[[0;32m  OK  [0m] Started Daily Cleanup of Temporary Directories.
[[0;32m  OK  [0m] Listening on D-Bus System Message Bus Socket.
[[0;32m  OK  [0m] Reached target Sockets.
[[0;32m  OK  [0m] Reached target Basic System.
[   15.912770] input: tps65217_pwrbutton as /devices/platform/ocp/44c00000.interconnect/44c00000.interconnect:segment@200000/44e0b000.target-module/44e0b000.i2c/i2c-0/0-0024/tps65217-pwrbutton/input/input0
         Starting LSB: Start busybox udhcpd at boot time...
         Starting Telephony service...
[   16.219353] omap_rtc 44e3e000.rtc: registered as rtc0
[   16.224775] omap_rtc 44e3e000.rtc: setting system clock to 2000-01-01T00:00:00 UTC (946684800)
[   16.292142] omap_wdt: OMAP Watchdog Timer Rev 0x01: initial timeout 60 sec
         Starting Login Service...
         Starting LSB: Load kernel modules needed to enable cpufreq scaling...
         Starting System Logging Service...
[[0;32m  OK  [0m] Started D-Bus System Message Bus.
[   17.087974] usbcore: registered new interface driver usbfs
[   17.093986] usbcore: registered new interface driver hub
[   17.099442] usbcore: registered new device driver usb
[   17.895972] tda998x 0-0070: found TDA19988
[   18.188305] omap-mailbox 480c8000.mailbox: omap mailbox rev 0x400
[   18.226326] musb-hdrc musb-hdrc.1: MUSB HDRC host driver
[   18.231899] musb-hdrc musb-hdrc.1: new USB bus registered, assigned bus number 1
[   18.312370] remoteproc remoteproc0: powering up wkup_m3
[   18.502593] usb usb1: New USB device found, idVendor=1d6b, idProduct=0002, bcdDevice= 6.17
[   18.510957] usb usb1: New USB device strings: Mfr=3, Product=2, SerialNumber=1
[   18.518356] usb usb1: Product: MUSB HDRC host driver
[   18.523389] usb usb1: Manufacturer: Linux 6.17.0-rc3-next-20250829 musb-hcd
[   18.530401] usb usb1: SerialNumber: musb-hdrc.1
[   18.587894] remoteproc remoteproc0: Direct firmware load for am335x-pm-firmware.elf failed with error -2
[   18.597679] remoteproc remoteproc0: request_firmware failed: -2
[   18.603737] wkup_m3_ipc 44e11324.wkup_m3_ipc: rproc_boot failed
[   18.943292] hub 1-0:1.0: USB hub found
[   19.004474] hub 1-0:1.0: 1 port detected
[   20.895403] omap_rng 48310000.rng: Random Number Generator ver. 20
[   21.024659] tilcdc 4830e000.lcdc: bound 0-0070 (ops tda998x_audio_codec_init [tda998x])
[   21.107046] [drm] Initialized tilcdc 1.0.0 for 4830e000.lcdc on minor 0
[[0;32m  OK  [0m] Started Telephony service.
[   21.169174] tilcdc 4830e000.lcdc: [drm] Cannot find any crtc or sizes
[   21.177223] tilcdc 4830e000.lcdc: [drm] Cannot find any crtc or sizes
         Starting Connection service...
         Starting Generic Board Startup...
         Starting DUN service...
         Starting Cape Manager Service...
         Starting Avahi mDNS/DNS-SD Stack...
[[0;32m  OK  [0m] Started Regular background program processing daemon.
[[0;32m  OK  [0m] Reached target System Time Synchronized.
[[0;32m  OK  [0m] Started Daily apt download activities.
[[0;32m  OK  [0m] Started Daily apt upgrade and clean activities.
[[0;32m  OK  [0m] Reached target Timers.
[   22.281795] PM: Cannot get wkup_m3_ipc handle
[   22.308052] omap-sham 53100000.sham: hw accel on OMAP rev 4.3
[[0;32m  OK  [0m] Started System Logging Service.
[   22.411880] omap-sham 53100000.sham: will run requests pump with realtime priority
[   22.423248] PM: Cannot get wkup_m3_ipc handle
[   22.636223] omap-aes 53500000.aes: OMAP AES hw accel rev: 3.2
[   22.723042] omap-aes 53500000.aes: will run requests pump with realtime priority
[   22.738059] PM: Cannot get wkup_m3_ipc handle
[   23.482967] Bluetooth: Core ver 2.22
[   23.486787] NET: Registered PF_BLUETOOTH protocol family
[   23.492354] Bluetooth: HCI device and connection manager initialized
[   23.498775] Bluetooth: HCI socket layer initialized
[   23.503780] Bluetooth: L2CAP socket layer initialized
[   23.508898] Bluetooth: SCO socket layer initialized
[[0;32m  OK  [0m] Started Cape Manager Service.
[   25.005755] ------------[ cut here ]------------
[   25.010454] WARNING: net/8021q/vlan_core.c:236 at vlan_for_each+0x114/0x134, CPU#0: avahi-daemon/309
[   25.019857] RTNL: assertion failed at net/8021q/vlan_core.c (236)
[   25.026023] Modules linked in: bluetooth snd_soc_simple_card snd_soc_simple_card_utils omap_aes_driver pm33xx omap_sham omap_crypto ti_emif_sram crypto_engine ecdh_generic ecc libaes tilcdc omap_rng rng_core drm_dma_helper drm_client_lib snd_soc_davinci_mcasp snd_soc_ti_udma snd_soc_ti_edma snd_soc_ti_sdma snd_soc_core snd_pcm_dmaengine snd_pcm omap_mailbox snd_timer musb_dsps snd musb_hdrc tda998x soundcore cec udc_core drm_kms_helper usbcore drm omap_wdt rtc_omap watchdog wkup_m3_ipc tps65218_pwrbutton drm_panel_orientation_quirks at24 phy_am335x phy_am335x_control phy_generic usb_common cppi41 wkup_m3_rproc leds_gpio cpufreq_dt led_class autofs4
[   25.084079] CPU: 0 UID: 107 PID: 309 Comm: avahi-daemon Not tainted 6.17.0-rc3-next-20250829 #1 NONE 
[   25.084099] Hardware name: Generic AM33XX (Flattened Device Tree)
[   25.084108] Call trace: 
[   25.084123]  unwind_backtrace from show_stack+0x10/0x14
[   25.084160]  show_stack from dump_stack_lvl+0x50/0x64
[   25.084185]  dump_stack_lvl from __warn+0x88/0x148
[   25.084204]  __warn from warn_slowpath_fmt+0x19c/0x1b0
[   25.084217]  warn_slowpath_fmt from vlan_for_each+0x114/0x134
[   25.084241]  vlan_for_each from cpsw_add_mc_addr+0x40/0xa4
[   25.084275]  cpsw_add_mc_addr from __hw_addr_ref_sync_dev+0x108/0x140
[   25.084297]  __hw_addr_ref_sync_dev from __dev_mc_add+0x7c/0x80
[   25.084310]  __dev_mc_add from igmp6_group_added+0xc8/0xe0
[   25.084337]  igmp6_group_added from __ipv6_dev_mc_inc+0x218/0x364
[   25.084359]  __ipv6_dev_mc_inc from __ipv6_sock_mc_join+0x11c/0x1c0
[   25.084380]  __ipv6_sock_mc_join from do_ipv6_setsockopt+0x1214/0x1310
[   25.084400]  do_ipv6_setsockopt from ipv6_setsockopt+0x60/0xcc
[   25.084413]  ipv6_setsockopt from udpv6_setsockopt+0x2c/0x6c
[   25.084429]  udpv6_setsockopt from sock_common_setsockopt+0x30/0x40
[   25.084449]  sock_common_setsockopt from do_sock_setsockopt+0x50/0x9c
[   25.084476]  do_sock_setsockopt from __sys_setsockopt+0x70/0xbc
[   25.084492]  __sys_setsockopt from ret_fast_syscall+0x0/0x58
[   25.084505] Exception stack(0xe0339fa8 to 0xe0339ff0)
[   25.084519] 9fa0:                   00000014 b6f16ce8 0000000d 00000029 00000014 bed0a9ec
[   25.084530] 9fc0: 00000014 b6f16ce8 00000014 00000126 0000000d b6ebfff4 0043e988 00426558
[   25.084539] 9fe0: b6ed5088 bed0a9d8 b6eb2309 b6d8941a
[   25.084547] ---[ end trace 0000000000000000 ]---
[   26.135295] PM: Cannot get wkup_m3_ipc handle
[   26.246844] gpio-537 (nxp,calib): gpiod_direction_output_nonotify: tried to set a GPIO tied to an IRQ as output
[   26.277246] PM: Cannot get wkup_m3_ipc handle
[   26.477709] tda9950 0-0034: TDA9950 CEC interface, hardware version 3.3
[   26.601111] PM: Cannot get wkup_m3_ipc handle
[[0;32m  OK  [0m] Started LSB: Start busybox udhcpd at boot time.
[[0;32m  OK  [0m] Started Raise network interfaces.
[[0;32m  OK  [0m] Started LSB: Load kernel modules needed to enable cpufreq scaling.
[[0;32m  OK  [0m] Started DUN service.
[[0;32m  OK  [0m] Started Connection service.
[[0;32m  OK  [0m] Started Avahi mDNS/DNS-SD Stack.
[   29.924714] configfs-gadget.g_multi gadget.0: HOST MAC 1c:ba:8c:a2:ed:6c
[   29.931491] configfs-gadget.g_multi gadget.0: MAC 1c:ba:8c:a2:ed:70
[   29.939042] configfs-gadget.g_multi gadget.0: HOST MAC 1c:ba:8c:a2:ed:6c
[   29.945944] configfs-gadget.g_multi gadget.0: MAC 1c:ba:8c:a2:ed:6d
[   29.953604] PM: Cannot get wkup_m3_ipc handle
[[0;32m  OK  [0m] Started Login Service.
         Starting Hostname Service...
         Starting WPA supplicant...
[[0;32m  OK  [0m] Reached target Sound Card.
         Starting LSB: set CPUFreq kernel parameters...
[[0;32m  OK  [0m] Started WPA supplicant.
[[0;32m  OK  [0m] Started Hostname Service.
[[0;32m  OK  [0m] Reached target Network.
         Starting Permit User Sessions...
[[0;32m  OK  [0m] Reached target Network is Online.
         Starting LSB: Advanced IEEE 802.11 management daemon...
         Starting OpenBSD Secure Shell server...
         Starting The Apache HTTP Server...
[[0;32m  OK  [0m] Started LSB: set CPUFreq kernel parameters.
[[0;32m  OK  [0m] Started Permit User Sessions.
[[0;32m  OK  [0m] Started LSB: Advanced IEEE 802.11 management daemon.
[[0;32m  OK  [0m] Started Getty on tty1.
[[0;32m  OK  [0m] Started Serial Getty on ttyS0.
[[0;32m  OK  [0m] Reached target Login Prompts.
[[0;32m  OK  [0m] Started OpenBSD Secure Shell server.
         Stopping LSB: Start busybox udhcpd at boot time...
[[0;32m  OK  [0m] Stopped LSB: Start busybox udhcpd at boot time.
         Starting dnsmasq - A lightweight DHCP and caching DNS server...
[[0;32m  OK  [0m] Started The Apache HTTP Server.
[[0;32m  OK  [0m] Started dnsmasq - A lightweight DHCP and caching DNS server.
[[0;32m  OK  [0m] Reached target Host and Network Name Lookups.
[[0;32m  OK  [0m] Started Serial Getty on ttyGS0.
[[0;32m  OK  [0m] Started Generic Board Startup.
[[0;32m  OK  [0m] Reached target Multi-User System.
[[0;32m  OK  [0m] Reached target Graphical Interface.
         Starting Update UTMP about System Runlevel Changes...
[[0;32m  OK  [0m] Started Update UTMP about System Runlevel Changes.

Debian GNU/Linux 9 arm ttyS0

default username:password is [debian:temppwd]

arm login: root
Password: 
Last login: Sat Jan  1 00:00:31 UTC 2000 on ttyS0
root
Linux arm 6.17.0-rc3-next-20250829 #1 SMP Fri Aug 29 08:36:14 EEST 2025 armv7l

The programs included with the Debian GNU/Linux system are free software;
the exact distribution terms for each program are described in the
individual files in /usr/share/doc/*/copyright.

Debian GNU/Linux comes with ABSOLUTELY NO WARRANTY, to the extent
permitted by applicable law.
root@arm:~# root
-bash: root: command not found
root@arm:~# dmesg -n 1
root@arm:~# echo 'XYJQ''ELLJXM'
XYJQELLJXM
root@arm:~# run() { echo -n "$MARKER"; sh -c "$@"; echo "$MARKER $?"; }
root@arm:~# echo 'FQZG''SMHLZP'
FQZGSMHLZP
root@arm:~# MARKER='LQOP''FGUZHY' run 'cat /proc/version'
LQOPFGUZHYLinux version 6.17.0-rc3-next-20250829 (user01@drvtest01) (arm-none-eabi-gcc (Arm GNU Toolchain 14.2.Rel1 (Build arm-14.52)) 14.2.1 20241119, GNU ld (Arm GNU Toolchain 14.2.Rel1 (Build arm-14.52)) 2.43.1.20241119) #1 SMP Fri Aug 29 08:36:14 EEST 2025
LQOPFGUZHY 0
root@arm:~# echo 'VVMO''TKLWUB'
VVMOTKLWUB
root@arm:~# MARKER='UOTU''CWYYAJ' run false
UOTUCWYYAJUOTUCWYYAJ 1
root@arm:~# Labgrid Console Logfile for main
Logfile started at 2025-08-29 08:40:22.499808
=== Log starts here ===

root@arm:~# run() { echo -n "$MARKER"; sh -c "$@"; echo "$MARKER $?"; }
root@arm:~# echo 'VELP''WSKQTB'
VELPWSKQTB
root@arm:~# MARKER='NPKP''LESVCO' run 'ls /iio_generic_buffer; echo $?'
NPKPLESVCO/iio_generic_buffer
0
NPKPLESVCO 0
root@arm:~# Labgrid Console Logfile for main
Logfile started at 2025-08-29 08:40:25.886017
=== Log starts here ===

root@arm:~# run() { echo -n "$MARKER"; sh -c "$@"; echo "$MARKER $?"; }
root@arm:~# echo 'VEAF''FGQXLE'
VEAFFGQXLE
root@arm:~# MARKER='ULOV''ZCOBBK' run dmesg
ULOVZCOBBK[    0.000000] Booting Linux on physical CPU 0x0
[    0.000000] Linux version 6.17.0-rc3-next-20250829 (user01@drvtest01) (arm-none-eabi-gcc (Arm GNU Toolchain 14.2.Rel1 (Build arm-14.52)) 14.2.1 20241119, GNU ld (Arm GNU Toolchain 14.2.Rel1 (Build arm-14.52)) 2.43.1.20241119) #1 SMP Fri Aug 29 08:36:14 EEST 2025
[    0.000000] CPU: ARMv7 Processor [413fc082] revision 2 (ARMv7), cr=10c5387d
[    0.000000] CPU: PIPT / VIPT nonaliasing data cache, VIPT aliasing instruction cache
[    0.000000] OF: fdt: Machine model: TI AM335x BeagleBone Black
[    0.000000] Memory policy: Data cache writeback
[    0.000000] cma: Reserved 16 MiB at 0x9e800000
[    0.000000] Zone ranges:
[    0.000000]   Normal   [mem 0x0000000080000000-0x000000009fdfffff]
[    0.000000]   HighMem  empty
[    0.000000] Movable zone start for each node
[    0.000000] Early memory node ranges
[    0.000000]   node   0: [mem 0x0000000080000000-0x000000009fdfffff]
[    0.000000] Initmem setup node 0 [mem 0x0000000080000000-0x000000009fdfffff]
[    0.000000] On node 0, zone Normal: 512 pages in unavailable ranges
[    0.000000] OF: reserved mem: Reserved memory: No reserved-memory node in the DT
[    0.000000] CPU: All CPU(s) started in SVC mode.
[    0.000000] AM335X ES2.1 (sgx neon)
[    0.000000] percpu: Embedded 17 pages/cpu s39820 r8192 d21620 u69632
[    0.000000] pcpu-alloc: s39820 r8192 d21620 u69632 alloc=17*4096
[    0.000000] pcpu-alloc: [0] 0 
[    0.000000] Kernel command line: console=ttyO0,115200n8 root=/dev/nfs rw nfsroot=192.168.255.126:/home/user01/nfs,nfsvers=3 ip=192.168.255.1:192.168.255.126::255.255.255.0:bbb1:eth0 nfsrootdebug
[    0.000000] Unknown kernel command line parameters "nfsrootdebug", will be passed to user space.
[    0.000000] printk: log buffer data + meta data: 65536 + 204800 = 270336 bytes
[    0.000000] Dentry cache hash table entries: 65536 (order: 6, 262144 bytes, linear)
[    0.000000] Inode-cache hash table entries: 32768 (order: 5, 131072 bytes, linear)
[    0.000000] Built 1 zonelists, mobility grouping on.  Total pages: 130560
[    0.000000] mem auto-init: stack:off, heap alloc:off, heap free:off
[    0.000000] SLUB: HWalign=16, Order=0-3, MinObjects=0, CPUs=1, Nodes=1
[    0.000000] rcu: Hierarchical RCU implementation.
[    0.000000] rcu: 	RCU event tracing is enabled.
[    0.000000] rcu: 	RCU restricting CPUs from NR_CPUS=2 to nr_cpu_ids=1.
[    0.000000] 	Tracing variant of Tasks RCU enabled.
[    0.000000] rcu: RCU calculated value of scheduler-enlistment delay is 10 jiffies.
[    0.000000] rcu: Adjusting geometry for rcu_fanout_leaf=16, nr_cpu_ids=1
[    0.000000] RCU Tasks Trace: Setting shift to 0 and lim to 1 rcu_task_cb_adjust=1 rcu_task_cpu_ids=1.
[    0.000000] NR_IRQS: 16, nr_irqs: 16, preallocated irqs: 16
[    0.000000] IRQ: Found an INTC at 0x(ptrval) (revision 5.0) with 128 interrupts
[    0.000000] rcu: srcu_init: Setting srcu_struct sizes based on contention.
[    0.000000] TI gptimer clocksource: always-on /ocp/interconnect@44c00000/segment@200000/target-module@31000
[    0.000002] sched_clock: 32 bits at 24MHz, resolution 41ns, wraps every 89478484971ns
[    0.000026] clocksource: dmtimer: mask: 0xffffffff max_cycles: 0xffffffff, max_idle_ns: 79635851949 ns
[    0.000499] TI gptimer clockevent: 24000000 Hz at /ocp/interconnect@48000000/segment@0/target-module@40000
[    0.002075] Console: colour dummy device 80x30
[    0.002139] WARNING: Your 'console=ttyO0' has been replaced by 'ttyS0'
[    0.002147] This ensures that you still see kernel messages. Please
[    0.002152] update your kernel commandline.
[    0.002198] Calibrating delay loop... 996.14 BogoMIPS (lpj=4980736)
[    0.090546] CPU: Testing write buffer coherency: ok
[    0.090660] CPU0: Spectre v2: using BPIALL workaround
[    0.090670] pid_max: default: 32768 minimum: 301
[    0.090840] LSM: initializing lsm=capability
[    0.091006] Mount-cache hash table entries: 1024 (order: 0, 4096 bytes, linear)
[    0.091025] Mountpoint-cache hash table entries: 1024 (order: 0, 4096 bytes, linear)
[    0.092619] CPU0: thread -1, cpu 0, socket -1, mpidr 0
[    0.092692] cacheinfo: Unable to detect cache hierarchy for CPU 0
[    0.094696] Setting up static identity map for 0x80100000 - 0x80100078
[    0.095032] rcu: Hierarchical SRCU implementation.
[    0.095044] rcu: 	Max phase no-delay instances is 1000.
[    0.096778] smp: Bringing up secondary CPUs ...
[    0.096836] smp: Brought up 1 node, 1 CPU
[    0.096849] SMP: Total of 1 processors activated (996.14 BogoMIPS).
[    0.096860] CPU: All CPU(s) started in SVC mode.
[    0.097057] Memory: 480880K/522240K available (11264K kernel code, 1219K rwdata, 2936K rodata, 1024K init, 253K bss, 23328K reserved, 16384K cma-reserved, 0K highmem)
[    0.097881] devtmpfs: initialized
[    0.115110] VFP support v0.3: implementor 41 architecture 3 part 30 variant c rev 3
[    0.115754] clocksource: jiffies: mask: 0xffffffff max_cycles: 0xffffffff, max_idle_ns: 19112604462750000 ns
[    0.115811] posixtimers hash table entries: 512 (order: 0, 4096 bytes, linear)
[    0.115837] futex hash table entries: 256 (16384 bytes on 1 NUMA nodes, total 16 KiB, linear).
[    0.116984] pinctrl core: initialized pinctrl subsystem
[    0.119146] NET: Registered PF_NETLINK/PF_ROUTE protocol family
[    0.122284] DMA: preallocated 256 KiB pool for atomic coherent allocations
[    0.122909] audit: initializing netlink subsys (disabled)
[    0.124245] thermal_sys: Registered thermal governor 'fair_share'
[    0.124260] thermal_sys: Registered thermal governor 'step_wise'
[    0.124268] thermal_sys: Registered thermal governor 'user_space'
[    0.124381] audit: type=2000 audit(0.120:1): state=initialized audit_enabled=0 res=1
[    0.124450] cpuidle: using governor menu
[    0.142412] /ocp/interconnect@44c00000/segment@200000/target-module@b000/i2c@0/tda19988@70: Fixed dependency cycle(s) with /ocp/interconnect@48000000/segment@300000/target-module@e000/lcdc@0
[    0.143516] /ocp/interconnect@48000000/segment@300000/target-module@e000/lcdc@0: Fixed dependency cycle(s) with /ocp/interconnect@44c00000/segment@200000/target-module@b000/i2c@0/tda19988@70
[    0.145694] No ATAGs?
[    0.145736] hw-breakpoint: debug architecture 0x4 unsupported.
[    0.148829] kprobes: kprobe jump-optimization is enabled. All kprobes are optimized if possible.
[    0.153847] iommu: Default domain type: Translated
[    0.153870] iommu: DMA domain TLB invalidation policy: strict mode
[    0.155432] reg-fixed-voltage fixedregulator0: using DT '/fixedregulator0' for '(default)' GPIO lookup
[    0.155487] of_get_named_gpiod_flags: can't parse 'gpios' property of node '/fixedregulator0[0]'
[    0.155515] of_get_named_gpiod_flags: can't parse 'gpio' property of node '/fixedregulator0[0]'
[    0.155533] reg-fixed-voltage fixedregulator0: using lookup tables for GPIO lookup
[    0.155543] reg-fixed-voltage fixedregulator0: No GPIO consumer (default) found
[    0.161768] SCSI subsystem initialized
[    0.162244] libata version 3.00 loaded.
[    0.162624] pps_core: LinuxPPS API ver. 1 registered
[    0.162635] pps_core: Software ver. 5.3.6 - Copyright 2005-2007 Rodolfo Giometti <giometti@linux.it>
[    0.162660] PTP clock support registered
[    0.171217] vgaarb: loaded
[    0.171594] clocksource: Switched to clocksource dmtimer
[    0.172271] VFS: Disk quotas dquot_6.6.0
[    0.172328] VFS: Dquot-cache hash table entries: 1024 (order 0, 4096 bytes)
[    0.196642] NET: Registered PF_INET protocol family
[    0.196987] IP idents hash table entries: 8192 (order: 4, 65536 bytes, linear)
[    0.198420] tcp_listen_portaddr_hash hash table entries: 512 (order: 0, 4096 bytes, linear)
[    0.198455] Table-perturb hash table entries: 65536 (order: 6, 262144 bytes, linear)
[    0.198474] TCP established hash table entries: 4096 (order: 2, 16384 bytes, linear)
[    0.198518] TCP bind hash table entries: 4096 (order: 4, 65536 bytes, linear)
[    0.198617] TCP: Hash tables configured (established 4096 bind 4096)
[    0.198741] UDP hash table entries: 256 (order: 1, 14336 bytes, linear)
[    0.198776] UDP-Lite hash table entries: 256 (order: 1, 14336 bytes, linear)
[    0.198974] NET: Registered PF_UNIX/PF_LOCAL protocol family
[    0.200263] RPC: Registered named UNIX socket transport module.
[    0.200283] RPC: Registered udp transport module.
[    0.200288] RPC: Registered tcp transport module.
[    0.200292] RPC: Registered tcp-with-tls transport module.
[    0.200297] RPC: Registered tcp NFSv4.1 backchannel transport module.
[    0.200321] PCI: CLS 0 bytes, default 64
[    0.201898] Initialise system trusted keyrings
[    0.212212] workingset: timestamp_bits=14 max_order=17 bucket_order=3
[    0.213656] NFS: Registering the id_resolver key type
[    0.213721] Key type id_resolver registered
[    0.213729] Key type id_legacy registered
[    0.213840] jffs2: version 2.2. (NAND) (SUMMARY)  Â© 2001-2006 Red Hat, Inc.
[    0.214312] Key type asymmetric registered
[    0.214328] Asymmetric key parser 'x509' registered
[    0.214400] io scheduler mq-deadline registered
[    0.214411] io scheduler kyber registered
[    0.214491] io scheduler bfq registered
[    0.216398] target-module@4b000000:target-module@140000:pmu@0:fck: device ID is greater than 24
[    0.222591] l3-aon-clkctrl:0000:0: failed to disable
[    0.232307] ledtrig-cpu: registered to indicate activity on CPUs
[    0.236077] Serial: 8250/16550 driver, 6 ports, IRQ sharing enabled
[    0.283204] brd: module loaded
[    0.291891] loop: module loaded
[    0.292841] mtdoops: mtd device (mtddev=name/number) must be supplied
[    0.294433] mdio_bus fixed-0: using lookup tables for GPIO lookup
[    0.294457] mdio_bus fixed-0: No GPIO consumer reset found
[    0.295879] i2c_dev: i2c /dev entries driver
[    0.296894] cpuidle: enable-method property 'ti,am3352' found operations
[    0.297349] sdhci: Secure Digital Host Controller Interface driver
[    0.297358] sdhci: Copyright(c) Pierre Ossman
[    0.297542] sdhci-pltfm: SDHCI platform and OF driver helper
[    0.318526] hw perfevents: enabled with armv7_cortex_a8 PMU driver, 5 (8000000f) counters available
[    0.319089] Initializing XFRM netlink socket
[    0.319283] NET: Registered PF_INET6 protocol family
[    0.324953] l3-aon-clkctrl:0000:0: failed to disable
[    0.326602] Segment Routing with IPv6
[    0.326688] In-situ OAM (IOAM) with IPv6
[    0.326786] sit: IPv6, IPv4 and MPLS over IPv4 tunneling driver
[    0.327758] NET: Registered PF_PACKET protocol family
[    0.327783] NET: Registered PF_KEY protocol family
[    0.327906] Key type dns_resolver registered
[    0.328137] ThumbEE CPU extension supported.
[    0.328158] Registering SWP/SWPB emulation handler
[    0.328683] omap_voltage_late_init: Voltage driver support not added
[    0.329364] SmartReflex Class3 initialized
[    0.362635] Loading compiled-in X.509 certificates
[    0.393412] /ocp/interconnect@44c00000/segment@200000/target-module@b000/i2c@0/tda19988@70: Fixed dependency cycle(s) with /ocp/interconnect@48000000/segment@300000/target-module@e000/lcdc@0
[    0.399781] /ocp/interconnect@44c00000/segment@200000/target-module@b000/i2c@0/tda19988@70: Fixed dependency cycle(s) with /ocp/interconnect@48000000/segment@300000/target-module@e000/lcdc@0
[    0.405475] gpiochip_find_base_unlocked: found new base at 512
[    0.422779] /ocp/interconnect@44c00000/segment@200000/target-module@b000/i2c@0/tda19988@70: Fixed dependency cycle(s) with /ocp/interconnect@48000000/segment@300000/target-module@e000/lcdc@0
[    0.423689] /ocp/interconnect@44c00000/segment@200000/target-module@b000/i2c@0/tda19988@70: Fixed dependency cycle(s) with /ocp/interconnect@48000000/segment@300000/target-module@e000/lcdc@0
[    0.427218] /ocp/interconnect@44c00000/segment@200000/target-module@10000/scm@0/pinmux@800: Fixed dependency cycle(s) with /ocp/interconnect@44c00000/segment@200000/target-module@10000/scm@0/pinmux@800/clkout2-pins
[    0.427796] pinctrl-single 44e10800.pinmux: 142 pins, size 568
[    0.433297] ti-sysc 44e31000.target-module: probe with driver ti-sysc failed with error -16
[    0.457840] /ocp/interconnect@48000000/segment@300000/target-module@e000/lcdc@0: Fixed dependency cycle(s) with /ocp/interconnect@44c00000/segment@200000/target-module@b000/i2c@0/tda19988@70
[    0.466199] ti-sysc 48040000.target-module: probe with driver ti-sysc failed with error -16
[    0.477808] gpiochip_find_base_unlocked: found new base at 512
[    0.477918] gpio gpiochip0: (gpio-0-31): created GPIO range 0->7 ==> 44e10800.pinmux PIN 0->7
[    0.477938] gpio gpiochip0: (gpio-0-31): created GPIO range 8->11 ==> 44e10800.pinmux PIN 90->93
[    0.477954] gpio gpiochip0: (gpio-0-31): created GPIO range 12->27 ==> 44e10800.pinmux PIN 12->27
[    0.477970] gpio gpiochip0: (gpio-0-31): created GPIO range 28->31 ==> 44e10800.pinmux PIN 30->33
[    0.512892] gpio gpiochip0: (gpio-0-31): added GPIO chardev (254:0)
[    0.513109] gpio gpiochip0: registered GPIOs 512 to 543 on gpio-0-31
[    0.513196] OMAP GPIO hardware version 0.1
[    0.539567] i2c i2c-2: using DT '/ocp/interconnect@48000000/segment@100000/target-module@9c000/i2c@0' for 'scl' GPIO lookup
[    0.539683] of_get_named_gpiod_flags: can't parse 'scl-gpios' property of node '/ocp/interconnect@48000000/segment@100000/target-module@9c000/i2c@0[0]'
[    0.539726] of_get_named_gpiod_flags: can't parse 'scl-gpio' property of node '/ocp/interconnect@48000000/segment@100000/target-module@9c000/i2c@0[0]'
[    0.539763] i2c i2c-2: using lookup tables for GPIO lookup
[    0.539772] i2c i2c-2: No GPIO consumer scl found
[    0.539794] i2c i2c-2: using DT '/ocp/interconnect@48000000/segment@100000/target-module@9c000/i2c@0' for 'sda' GPIO lookup
[    0.539829] of_get_named_gpiod_flags: can't parse 'sda-gpios' property of node '/ocp/interconnect@48000000/segment@100000/target-module@9c000/i2c@0[0]'
[    0.539866] of_get_named_gpiod_flags: can't parse 'sda-gpio' property of node '/ocp/interconnect@48000000/segment@100000/target-module@9c000/i2c@0[0]'
[    0.539897] i2c i2c-2: using lookup tables for GPIO lookup
[    0.539904] i2c i2c-2: No GPIO consumer sda found
[    0.540613] omap_i2c 4819c000.i2c: bus 2 rev0.11 at 100 kHz
[    0.546438] gpiochip_find_base_unlocked: found new base at 544
[    0.546548] gpio gpiochip1: (gpio-32-63): created GPIO range 0->17 ==> 44e10800.pinmux PIN 34->51
[    0.546569] gpio gpiochip1: (gpio-32-63): created GPIO range 18->21 ==> 44e10800.pinmux PIN 77->80
[    0.546586] gpio gpiochip1: (gpio-32-63): created GPIO range 22->31 ==> 44e10800.pinmux PIN 56->65
[    0.568489] gpio gpiochip1: (gpio-32-63): added GPIO chardev (254:1)
[    0.568737] gpio gpiochip1: registered GPIOs 544 to 575 on gpio-32-63
[    0.571038] gpiochip_find_base_unlocked: found new base at 576
[    0.571129] gpio gpiochip2: (gpio-64-95): created GPIO range 0->4 ==> 44e10800.pinmux PIN 66->70
[    0.571161] gpio gpiochip2: (gpio-64-95): created GPIO range 5->6 ==> 44e10800.pinmux PIN 98->99
[    0.571179] gpio gpiochip2: (gpio-64-95): created GPIO range 7->8 ==> 44e10800.pinmux PIN 75->76
[    0.571195] gpio gpiochip2: (gpio-64-95): created GPIO range 13->13 ==> 44e10800.pinmux PIN 141->141
[    0.571212] gpio gpiochip2: (gpio-64-95): created GPIO range 14->21 ==> 44e10800.pinmux PIN 100->107
[    0.584408] gpio gpiochip2: (gpio-64-95): added GPIO chardev (254:2)
[    0.584644] gpio gpiochip2: registered GPIOs 576 to 607 on gpio-64-95
[    0.590346] 48000000.interconnect:segment@200000:target-module@0:mpu@0:fck: device ID is greater than 24
[    0.591264] /ocp/interconnect@48000000/segment@300000/target-module@e000/lcdc@0: Fixed dependency cycle(s) with /ocp/interconnect@44c00000/segment@200000/target-module@b000/i2c@0/tda19988@70
[    0.594330] /ocp/interconnect@48000000/segment@300000/target-module@e000/lcdc@0: Fixed dependency cycle(s) with /ocp/interconnect@44c00000/segment@200000/target-module@b000/i2c@0/tda19988@70
[    0.595062] /ocp/interconnect@44c00000/segment@200000/target-module@b000/i2c@0/tda19988@70: Fixed dependency cycle(s) with /ocp/interconnect@48000000/segment@300000/target-module@e000/lcdc@0
[    0.595222] /ocp/interconnect@48000000/segment@300000/target-module@e000/lcdc@0: Fixed dependency cycle(s) with /ocp/interconnect@44c00000/segment@200000/target-module@b000/i2c@0/tda19988@70
[    0.605019] mdio_bus 4a101000.mdio: using DT '/ocp/interconnect@4a000000/segment@0/target-module@100000/switch@0/mdio@1000' for 'reset' GPIO lookup
[    0.605089] of_get_named_gpiod_flags: can't parse 'reset-gpios' property of node '/ocp/interconnect@4a000000/segment@0/target-module@100000/switch@0/mdio@1000[0]'
[    0.605135] of_get_named_gpiod_flags: can't parse 'reset-gpio' property of node '/ocp/interconnect@4a000000/segment@0/target-module@100000/switch@0/mdio@1000[0]'
[    0.605181] mdio_bus 4a101000.mdio: using lookup tables for GPIO lookup
[    0.605191] mdio_bus 4a101000.mdio: No GPIO consumer reset found
[    0.606364] sdhci-omap 481d8000.mmc: using DT '/ocp/interconnect@48000000/segment@100000/target-module@d8000/mmc@0' for 'wp' GPIO lookup
[    0.606428] of_get_named_gpiod_flags: can't parse 'wp-gpios' property of node '/ocp/interconnect@48000000/segment@100000/target-module@d8000/mmc@0[0]'
[    0.606471] of_get_named_gpiod_flags: can't parse 'wp-gpio' property of node '/ocp/interconnect@48000000/segment@100000/target-module@d8000/mmc@0[0]'
[    0.606505] sdhci-omap 481d8000.mmc: using lookup tables for GPIO lookup
[    0.606515] sdhci-omap 481d8000.mmc: No GPIO consumer wp found
[    0.606707] sdhci-omap 481d8000.mmc: supply pbias not found, using dummy regulator
[    0.607204] sdhci-omap 481d8000.mmc: supply vqmmc not found, using dummy regulator
[    0.653952] davinci_mdio 4a101000.mdio: davinci mdio revision 1.6, bus freq 1000000
[    0.675997] mdio_bus 4a101000.mdio:00: using DT '/ocp/interconnect@4a000000/segment@0/target-module@100000/switch@0/mdio@1000/ethernet-phy@0' for 'reset' GPIO lookup
[    0.676100] of_get_named_gpiod_flags: parsed 'reset-gpios' property of node '/ocp/interconnect@4a000000/segment@0/target-module@100000/switch@0/mdio@1000/ethernet-phy@0[0]' - status (0)
[    0.676258] gpio gpiochip0: Persistence not supported for GPIO 8
[    0.804739] davinci_mdio 4a101000.mdio: phy[0]: device 4a101000.mdio:00, driver SMSC LAN8710/LAN8720
[    0.805526] cpsw-switch 4a100000.switch: initialized cpsw ale version 1.4
[    0.805549] cpsw-switch 4a100000.switch: ALE Table size 1024, Policers 0
[    0.805704] cpsw-switch 4a100000.switch: cpts: overflow check period 500 (jiffies)
[    0.805720] cpsw-switch 4a100000.switch: CPTS: ref_clk_freq:250000000 calc_mult:2147483648 calc_shift:29 error:0 nsec/sec
[    0.805825] cpsw-switch 4a100000.switch: Detected MACID = 6c:ec:eb:68:de:78
[    0.807769] cpsw-switch 4a100000.switch: initialized (regs 0x4a100000, pool size 256) hw_ver:0019010C 1.12 (0)
[    0.818777] debugfs: '49000000.dma' already exists in 'dmaengine'
[    0.818821] edma 49000000.dma: TI EDMA DMA engine driver
[    0.868415] gpio-clk clk_mcasp0: using DT '/clk_mcasp0' for 'enable' GPIO lookup
[    0.868497] of_get_named_gpiod_flags: parsed 'enable-gpios' property of node '/clk_mcasp0[0]' - status (0)
[    0.868543] gpio gpiochip0: Persistence not supported for GPIO 27
[    0.869430] gpiochip_find_base_unlocked: found new base at 608
[    0.869547] gpio gpiochip3: (gpio-96-127): created GPIO range 0->7 ==> 44e10800.pinmux PIN 82->89
[    0.869567] gpio gpiochip3: (gpio-96-127): created GPIO range 8->11 ==> 44e10800.pinmux PIN 52->55
[    0.869584] gpio gpiochip3: (gpio-96-127): created GPIO range 12->15 ==> 44e10800.pinmux PIN 94->97
[    0.869602] gpio gpiochip3: (gpio-96-127): created GPIO range 16->17 ==> 44e10800.pinmux PIN 71->72
[    0.869623] gpio gpiochip3: (gpio-96-127): created GPIO range 18->18 ==> 44e10800.pinmux PIN 135->135
[    0.869641] gpio gpiochip3: (gpio-96-127): created GPIO range 19->20 ==> 44e10800.pinmux PIN 108->109
[    0.869657] gpio gpiochip3: (gpio-96-127): created GPIO range 21->21 ==> 44e10800.pinmux PIN 73->73
[    0.869675] gpio gpiochip3: (gpio-96-127): created GPIO range 22->23 ==> 44e10800.pinmux PIN 8->9
[    0.869691] gpio gpiochip3: (gpio-96-127): created GPIO range 26->27 ==> 44e10800.pinmux PIN 10->11
[    0.869709] gpio gpiochip3: (gpio-96-127): created GPIO range 28->28 ==> 44e10800.pinmux PIN 74->74
[    0.869727] gpio gpiochip3: (gpio-96-127): created GPIO range 29->29 ==> 44e10800.pinmux PIN 81->81
[    0.869745] gpio gpiochip3: (gpio-96-127): created GPIO range 30->31 ==> 44e10800.pinmux PIN 28->29
[    0.873050] gpio gpiochip3: (gpio-96-127): added GPIO chardev (254:3)
[    0.873299] gpio gpiochip3: registered GPIOs 608 to 639 on gpio-96-127
[    0.882874] omap8250 44e09000.serial: using DT '/ocp/interconnect@44c00000/segment@200000/target-module@9000/serial@0' for 'rs485-term' GPIO lookup
[    0.882944] of_get_named_gpiod_flags: can't parse 'rs485-term-gpios' property of node '/ocp/interconnect@44c00000/segment@200000/target-module@9000/serial@0[0]'
[    0.882988] of_get_named_gpiod_flags: can't parse 'rs485-term-gpio' property of node '/ocp/interconnect@44c00000/segment@200000/target-module@9000/serial@0[0]'
[    0.883024] omap8250 44e09000.serial: using lookup tables for GPIO lookup
[    0.883034] omap8250 44e09000.serial: No GPIO consumer rs485-term found
[    0.883044] omap8250 44e09000.serial: using DT '/ocp/interconnect@44c00000/segment@200000/target-module@9000/serial@0' for 'rs485-rx-during-tx' GPIO lookup
[    0.883080] of_get_named_gpiod_flags: can't parse 'rs485-rx-during-tx-gpios' property of node '/ocp/interconnect@44c00000/segment@200000/target-module@9000/serial@0[0]'
[    0.883117] of_get_named_gpiod_flags: can't parse 'rs485-rx-during-tx-gpio' property of node '/ocp/interconnect@44c00000/segment@200000/target-module@9000/serial@0[0]'
[    0.883149] omap8250 44e09000.serial: using lookup tables for GPIO lookup
[    0.883156] omap8250 44e09000.serial: No GPIO consumer rs485-rx-during-tx found
[    0.883591] 44e09000.serial: ttyS0 at MMIO 0x44e09000 (irq = 34, base_baud = 3000000) is a 8250
[    0.883681] printk: legacy console [ttyS0] enabled
[    2.431334] i2c i2c-0: using DT '/ocp/interconnect@44c00000/segment@200000/target-module@b000/i2c@0' for 'scl' GPIO lookup
[    2.431423] of_get_named_gpiod_flags: can't parse 'scl-gpios' property of node '/ocp/interconnect@44c00000/segment@200000/target-module@b000/i2c@0[0]'
[    2.431469] of_get_named_gpiod_flags: can't parse 'scl-gpio' property of node '/ocp/interconnect@44c00000/segment@200000/target-module@b000/i2c@0[0]'
[    2.431509] i2c i2c-0: using lookup tables for GPIO lookup
[    2.431522] i2c i2c-0: No GPIO consumer scl found
[    2.431549] i2c i2c-0: using DT '/ocp/interconnect@44c00000/segment@200000/target-module@b000/i2c@0' for 'sda' GPIO lookup
[    2.431785] of_get_named_gpiod_flags: can't parse 'sda-gpios' property of node '/ocp/interconnect@44c00000/segment@200000/target-module@b000/i2c@0[0]'
[    2.431836] of_get_named_gpiod_flags: can't parse 'sda-gpio' property of node '/ocp/interconnect@44c00000/segment@200000/target-module@b000/i2c@0[0]'
[    2.431874] i2c i2c-0: using lookup tables for GPIO lookup
[    2.431886] i2c i2c-0: No GPIO consumer sda found
[    2.452537] tps65217-pmic: Failed to locate of_node [id: -1]
[    2.458603] tps65217-bl: Failed to locate of_node [id: -1]
[    2.464652] platform tps65217-charger: DMA mask not set
[    2.470690] platform tps65217-pwrbutton: DMA mask not set
[    2.477970] tps65217 0-0024: TPS65217 ID 0xe version 1.2
[    2.484102] /ocp/interconnect@48000000/segment@300000/target-module@e000/lcdc@0: Fixed dependency cycle(s) with /ocp/interconnect@44c00000/segment@200000/target-module@b000/i2c@0/tda19988@70
[    2.501499] /ocp/interconnect@44c00000/segment@200000/target-module@b000/i2c@0/tda19988@70: Fixed dependency cycle(s) with /ocp/interconnect@48000000/segment@300000/target-module@e000/lcdc@0
[    2.518897] omap_i2c 44e0b000.i2c: bus 0 rev0.11 at 400 kHz
[    2.526556] sdhci-omap 48060000.mmc: using DT '/ocp/interconnect@48000000/segment@0/target-module@60000/mmc@0' for 'cd' GPIO lookup
[    2.526666] of_get_named_gpiod_flags: parsed 'cd-gpios' property of node '/ocp/interconnect@48000000/segment@0/target-module@60000/mmc@0[0]' - status (0)
[    2.526734] gpio gpiochip3: Persistence not supported for GPIO 6
[    2.526761] omap_gpio 44e07000.gpio: Could not set line 6 debounce to 200000 microseconds (-22)
[    2.535685] sdhci-omap 48060000.mmc: Got CD GPIO
[    2.540362] sdhci-omap 48060000.mmc: using DT '/ocp/interconnect@48000000/segment@0/target-module@60000/mmc@0' for 'wp' GPIO lookup
[    2.540415] of_get_named_gpiod_flags: can't parse 'wp-gpios' property of node '/ocp/interconnect@48000000/segment@0/target-module@60000/mmc@0[0]'
[    2.540459] of_get_named_gpiod_flags: can't parse 'wp-gpio' property of node '/ocp/interconnect@48000000/segment@0/target-module@60000/mmc@0[0]'
[    2.540497] sdhci-omap 48060000.mmc: using lookup tables for GPIO lookup
[    2.540511] sdhci-omap 48060000.mmc: No GPIO consumer wp found
[    2.540720] sdhci-omap 48060000.mmc: supply pbias not found, using dummy regulator
[    2.549528] sdhci-omap 481d8000.mmc: using DT '/ocp/interconnect@48000000/segment@100000/target-module@d8000/mmc@0' for 'wp' GPIO lookup
[    2.549605] of_get_named_gpiod_flags: can't parse 'wp-gpios' property of node '/ocp/interconnect@48000000/segment@100000/target-module@d8000/mmc@0[0]'
[    2.549652] of_get_named_gpiod_flags: can't parse 'wp-gpio' property of node '/ocp/interconnect@48000000/segment@100000/target-module@d8000/mmc@0[0]'
[    2.549691] sdhci-omap 481d8000.mmc: using lookup tables for GPIO lookup
[    2.549705] sdhci-omap 481d8000.mmc: No GPIO consumer wp found
[    2.550692] sdhci-omap 48060000.mmc: supply vqmmc not found, using dummy regulator
[    2.559791] sdhci-omap 481d8000.mmc: supply pbias not found, using dummy regulator
[    2.569202] sdhci-omap 481d8000.mmc: supply vqmmc not found, using dummy regulator
[    2.605338] mmc0: SDHCI controller on 48060000.mmc [48060000.mmc] using External DMA
[    2.613660] mmc1: SDHCI controller on 481d8000.mmc [481d8000.mmc] using External DMA
[    2.622459] cpsw-switch 4a100000.switch: starting ndev. mode: dual_mac
[    2.691925] mmc1: new high speed MMC card at address 0001
[    2.698750] mmcblk1: mmc1:0001 MMC04G 3.60 GiB
[    2.706717]  mmcblk1: p1 p2
[    2.711107] mmcblk1boot0: mmc1:0001 MMC04G 2.00 MiB
[    2.717668] SMSC LAN8710/LAN8720 4a101000.mdio:00: attached PHY driver (mii_bus:phy_addr=4a101000.mdio:00, irq=POLL)
[    2.736213] mmcblk1boot1: mmc1:0001 MMC04G 2.00 MiB
[    2.745087] mmcblk1rpmb: mmc1:0001 MMC04G 128 KiB, chardev (249:0)
[    2.794672] mmc0: new high speed SDHC card at address aaaa
[    2.801519] mmcblk0: mmc0:aaaa SE32G 29.7 GiB
[    2.810707]  mmcblk0: p1 p2
[    5.922350] cpsw-switch 4a100000.switch eth0: Link is Up - 100Mbps/Full - flow control off
[    5.951604] IP-Config: Complete:
[    5.954880]      device=eth0, hwaddr=6c:ec:eb:68:de:78, ipaddr=192.168.255.1, mask=255.255.255.0, gw=255.255.255.255
[    5.965532]      host=bbb1, domain=, nis-domain=(none)
[    5.970700]      bootserver=192.168.255.126, rootserver=192.168.255.126, rootpath=
[    5.971114] clk: Disabling unused clocks
[    5.983020] KTAP version 1
[    5.985755] 1..0
[    5.988455] check access for rdinit=/init failed: -2, ignoring
[    6.016026] VFS: Mounted root (nfs filesystem) on device 0:17.
[    6.023072] devtmpfs: mounted
[    6.027544] Freeing unused kernel image (initmem) memory: 1024K
[    6.034393] Run /sbin/init as init process
[    6.038525]   with arguments:
[    6.038538]     /sbin/init
[    6.038548]     nfsrootdebug
[    6.038557]   with environment:
[    6.038566]     HOME=/
[    6.038575]     TERM=linux
[    6.705466] systemd[1]: System time before build time, advancing clock.
[    8.251614] random: crng init done
[    8.264202] systemd[1]: systemd 232 running in system mode. (+PAM +AUDIT +SELINUX +IMA +APPARMOR +SMACK +SYSVINIT +UTMP +LIBCRYPTSETUP +GCRYPT +GNUTLS +ACL +XZ +LZ4 +SECCOMP +BLKID +ELFUTILS +KMOD +IDN)
[    8.283339] systemd[1]: Detected architecture arm.
[    8.314636] systemd[1]: Set hostname to <arm>.
[    9.392061] systemd[1]: Reached target Swap.
[    9.415678] systemd[1]: Listening on udev Control Socket.
[    9.443452] systemd[1]: syslog.socket: SO_PASSSEC failed: Operation not supported
[    9.451190] systemd[1]: Listening on Syslog Socket.
[    9.473390] systemd[1]: Set up automount Arbitrary Executable File Formats File System Automount Point.
[    9.503622] systemd[1]: Listening on /dev/initctl Compatibility Named Pipe.
[    9.533152] systemd[1]: Created slice System Slice.
[   11.842262] systemd-journald[94]: Received request to flush runtime journal from PID 1
[   12.642102] omap_prm 44e00d00.prm: sync_state() pending due to 44d00000.cpu
[   14.375549] leds-gpio leds: using DT '/leds/led2' for '(default)' GPIO lookup
[   14.375654] of_get_named_gpiod_flags: parsed 'gpios' property of node '/leds/led2[0]' - status (0)
[   14.375711] gpio gpiochip0: Persistence not supported for GPIO 21
[   14.375727] gpio-533 (?): no flags found for GPIO (default)
[   14.443156] leds-gpio leds: using DT '/leds/led3' for '(default)' GPIO lookup
[   14.443266] of_get_named_gpiod_flags: parsed 'gpios' property of node '/leds/led3[0]' - status (0)
[   14.443323] gpio gpiochip0: Persistence not supported for GPIO 22
[   14.443338] gpio-534 (?): no flags found for GPIO (default)
[   14.462624] leds-gpio leds: using DT '/leds/led4' for '(default)' GPIO lookup
[   14.462723] of_get_named_gpiod_flags: parsed 'gpios' property of node '/leds/led4[0]' - status (0)
[   14.462774] gpio gpiochip0: Persistence not supported for GPIO 23
[   14.462790] gpio-535 (?): no flags found for GPIO (default)
[   14.472326] leds-gpio leds: using DT '/leds/led5' for '(default)' GPIO lookup
[   14.472418] of_get_named_gpiod_flags: parsed 'gpios' property of node '/leds/led5[0]' - status (0)
[   14.472469] gpio gpiochip0: Persistence not supported for GPIO 24
[   14.472484] gpio-536 (?): no flags found for GPIO (default)
[   14.805516] remoteproc remoteproc0: wkup_m3 is available
[   15.119965] am335x-phy-driver 47401300.usb-phy: using DT '/ocp/target-module@47400000/usb-phy@1300' for 'reset' GPIO lookup
[   15.120062] of_get_named_gpiod_flags: can't parse 'reset-gpios' property of node '/ocp/target-module@47400000/usb-phy@1300[0]'
[   15.120108] of_get_named_gpiod_flags: can't parse 'reset-gpio' property of node '/ocp/target-module@47400000/usb-phy@1300[0]'
[   15.120145] am335x-phy-driver 47401300.usb-phy: using lookup tables for GPIO lookup
[   15.120162] am335x-phy-driver 47401300.usb-phy: No GPIO consumer reset found
[   15.120176] am335x-phy-driver 47401300.usb-phy: using DT '/ocp/target-module@47400000/usb-phy@1300' for 'vbus-detect' GPIO lookup
[   15.120208] of_get_named_gpiod_flags: can't parse 'vbus-detect-gpios' property of node '/ocp/target-module@47400000/usb-phy@1300[0]'
[   15.120240] of_get_named_gpiod_flags: can't parse 'vbus-detect-gpio' property of node '/ocp/target-module@47400000/usb-phy@1300[0]'
[   15.120267] am335x-phy-driver 47401300.usb-phy: using lookup tables for GPIO lookup
[   15.120279] am335x-phy-driver 47401300.usb-phy: No GPIO consumer vbus-detect found
[   15.120431] am335x-phy-driver 47401300.usb-phy: dummy supplies not allowed for exclusive requests (id=vbus)
[   15.210493] at24 2-0054: supply vcc not found, using dummy regulator
[   15.352170] at24 2-0055: supply vcc not found, using dummy regulator
[   15.502008] at24 2-0056: supply vcc not found, using dummy regulator
[   15.512551] am335x-phy-driver 47401b00.usb-phy: using DT '/ocp/target-module@47400000/usb-phy@1b00' for 'reset' GPIO lookup
[   15.512646] of_get_named_gpiod_flags: can't parse 'reset-gpios' property of node '/ocp/target-module@47400000/usb-phy@1b00[0]'
[   15.512690] of_get_named_gpiod_flags: can't parse 'reset-gpio' property of node '/ocp/target-module@47400000/usb-phy@1b00[0]'
[   15.512728] am335x-phy-driver 47401b00.usb-phy: using lookup tables for GPIO lookup
[   15.512743] am335x-phy-driver 47401b00.usb-phy: No GPIO consumer reset found
[   15.512758] am335x-phy-driver 47401b00.usb-phy: using DT '/ocp/target-module@47400000/usb-phy@1b00' for 'vbus-detect' GPIO lookup
[   15.512789] of_get_named_gpiod_flags: can't parse 'vbus-detect-gpios' property of node '/ocp/target-module@47400000/usb-phy@1b00[0]'
[   15.512821] of_get_named_gpiod_flags: can't parse 'vbus-detect-gpio' property of node '/ocp/target-module@47400000/usb-phy@1b00[0]'
[   15.512848] am335x-phy-driver 47401b00.usb-phy: using lookup tables for GPIO lookup
[   15.512860] am335x-phy-driver 47401b00.usb-phy: No GPIO consumer vbus-detect found
[   15.513009] am335x-phy-driver 47401b00.usb-phy: dummy supplies not allowed for exclusive requests (id=vbus)
[   15.644804] at24 2-0057: supply vcc not found, using dummy regulator
[   15.708601] at24 0-0050: using DT '/ocp/interconnect@44c00000/segment@200000/target-module@b000/i2c@0/eeprom@50' for 'wp' GPIO lookup
[   15.708713] of_get_named_gpiod_flags: can't parse 'wp-gpios' property of node '/ocp/interconnect@44c00000/segment@200000/target-module@b000/i2c@0/eeprom@50[0]'
[   15.708770] of_get_named_gpiod_flags: can't parse 'wp-gpio' property of node '/ocp/interconnect@44c00000/segment@200000/target-module@b000/i2c@0/eeprom@50[0]'
[   15.708945] at24 0-0050: using lookup tables for GPIO lookup
[   15.708963] at24 0-0050: No GPIO consumer wp found
[   15.709264] at24 0-0050: 32768 byte 24c256 EEPROM, writable, 1 bytes/write
[   15.912770] input: tps65217_pwrbutton as /devices/platform/ocp/44c00000.interconnect/44c00000.interconnect:segment@200000/44e0b000.target-module/44e0b000.i2c/i2c-0/0-0024/tps65217-pwrbutton/input/input0
[   16.219353] omap_rtc 44e3e000.rtc: registered as rtc0
[   16.224775] omap_rtc 44e3e000.rtc: setting system clock to 2000-01-01T00:00:00 UTC (946684800)
[   16.233573] omap_rtc 44e3e000.rtc: using DT '/ocp/interconnect@44c00000/segment@200000/target-module@3e000/rtc@0' for 'wp' GPIO lookup
[   16.233651] of_get_named_gpiod_flags: can't parse 'wp-gpios' property of node '/ocp/interconnect@44c00000/segment@200000/target-module@3e000/rtc@0[0]'
[   16.233702] of_get_named_gpiod_flags: can't parse 'wp-gpio' property of node '/ocp/interconnect@44c00000/segment@200000/target-module@3e000/rtc@0[0]'
[   16.233742] omap_rtc 44e3e000.rtc: using lookup tables for GPIO lookup
[   16.233757] omap_rtc 44e3e000.rtc: No GPIO consumer wp found
[   16.292142] omap_wdt: OMAP Watchdog Timer Rev 0x01: initial timeout 60 sec
[   17.087974] usbcore: registered new interface driver usbfs
[   17.093986] usbcore: registered new interface driver hub
[   17.099442] usbcore: registered new device driver usb
[   17.895972] tda998x 0-0070: found TDA19988
[   18.188305] omap-mailbox 480c8000.mailbox: omap mailbox rev 0x400
[   18.226326] musb-hdrc musb-hdrc.1: MUSB HDRC host driver
[   18.231899] musb-hdrc musb-hdrc.1: new USB bus registered, assigned bus number 1
[   18.312370] remoteproc remoteproc0: powering up wkup_m3
[   18.502593] usb usb1: New USB device found, idVendor=1d6b, idProduct=0002, bcdDevice= 6.17
[   18.510957] usb usb1: New USB device strings: Mfr=3, Product=2, SerialNumber=1
[   18.518356] usb usb1: Product: MUSB HDRC host driver
[   18.523389] usb usb1: Manufacturer: Linux 6.17.0-rc3-next-20250829 musb-hcd
[   18.530401] usb usb1: SerialNumber: musb-hdrc.1
[   18.587894] remoteproc remoteproc0: Direct firmware load for am335x-pm-firmware.elf failed with error -2
[   18.597679] remoteproc remoteproc0: request_firmware failed: -2
[   18.603737] wkup_m3_ipc 44e11324.wkup_m3_ipc: rproc_boot failed
[   18.943292] hub 1-0:1.0: USB hub found
[   19.004474] hub 1-0:1.0: 1 port detected
[   20.895403] omap_rng 48310000.rng: Random Number Generator ver. 20
[   21.024659] tilcdc 4830e000.lcdc: bound 0-0070 (ops tda998x_audio_codec_init [tda998x])
[   21.107046] [drm] Initialized tilcdc 1.0.0 for 4830e000.lcdc on minor 0
[   21.169174] tilcdc 4830e000.lcdc: [drm] Cannot find any crtc or sizes
[   21.177223] tilcdc 4830e000.lcdc: [drm] Cannot find any crtc or sizes
[   22.281795] PM: Cannot get wkup_m3_ipc handle
[   22.308052] omap-sham 53100000.sham: hw accel on OMAP rev 4.3
[   22.411880] omap-sham 53100000.sham: will run requests pump with realtime priority
[   22.423248] PM: Cannot get wkup_m3_ipc handle
[   22.636223] omap-aes 53500000.aes: OMAP AES hw accel rev: 3.2
[   22.723042] omap-aes 53500000.aes: will run requests pump with realtime priority
[   22.738059] PM: Cannot get wkup_m3_ipc handle
[   23.482967] Bluetooth: Core ver 2.22
[   23.486787] NET: Registered PF_BLUETOOTH protocol family
[   23.492354] Bluetooth: HCI device and connection manager initialized
[   23.498775] Bluetooth: HCI socket layer initialized
[   23.503780] Bluetooth: L2CAP socket layer initialized
[   23.508898] Bluetooth: SCO socket layer initialized
[   25.005755] ------------[ cut here ]------------
[   25.010454] WARNING: net/8021q/vlan_core.c:236 at vlan_for_each+0x114/0x134, CPU#0: avahi-daemon/309
[   25.019857] RTNL: assertion failed at net/8021q/vlan_core.c (236)
[   25.026023] Modules linked in: bluetooth snd_soc_simple_card snd_soc_simple_card_utils omap_aes_driver pm33xx omap_sham omap_crypto ti_emif_sram crypto_engine ecdh_generic ecc libaes tilcdc omap_rng rng_core drm_dma_helper drm_client_lib snd_soc_davinci_mcasp snd_soc_ti_udma snd_soc_ti_edma snd_soc_ti_sdma snd_soc_core snd_pcm_dmaengine snd_pcm omap_mailbox snd_timer musb_dsps snd musb_hdrc tda998x soundcore cec udc_core drm_kms_helper usbcore drm omap_wdt rtc_omap watchdog wkup_m3_ipc tps65218_pwrbutton drm_panel_orientation_quirks at24 phy_am335x phy_am335x_control phy_generic usb_common cppi41 wkup_m3_rproc leds_gpio cpufreq_dt led_class autofs4
[   25.084079] CPU: 0 UID: 107 PID: 309 Comm: avahi-daemon Not tainted 6.17.0-rc3-next-20250829 #1 NONE 
[   25.084099] Hardware name: Generic AM33XX (Flattened Device Tree)
[   25.084108] Call trace: 
[   25.084123]  unwind_backtrace from show_stack+0x10/0x14
[   25.084160]  show_stack from dump_stack_lvl+0x50/0x64
[   25.084185]  dump_stack_lvl from __warn+0x88/0x148
[   25.084204]  __warn from warn_slowpath_fmt+0x19c/0x1b0
[   25.084217]  warn_slowpath_fmt from vlan_for_each+0x114/0x134
[   25.084241]  vlan_for_each from cpsw_add_mc_addr+0x40/0xa4
[   25.084275]  cpsw_add_mc_addr from __hw_addr_ref_sync_dev+0x108/0x140
[   25.084297]  __hw_addr_ref_sync_dev from __dev_mc_add+0x7c/0x80
[   25.084310]  __dev_mc_add from igmp6_group_added+0xc8/0xe0
[   25.084337]  igmp6_group_added from __ipv6_dev_mc_inc+0x218/0x364
[   25.084359]  __ipv6_dev_mc_inc from __ipv6_sock_mc_join+0x11c/0x1c0
[   25.084380]  __ipv6_sock_mc_join from do_ipv6_setsockopt+0x1214/0x1310
[   25.084400]  do_ipv6_setsockopt from ipv6_setsockopt+0x60/0xcc
[   25.084413]  ipv6_setsockopt from udpv6_setsockopt+0x2c/0x6c
[   25.084429]  udpv6_setsockopt from sock_common_setsockopt+0x30/0x40
[   25.084449]  sock_common_setsockopt from do_sock_setsockopt+0x50/0x9c
[   25.084476]  do_sock_setsockopt from __sys_setsockopt+0x70/0xbc
[   25.084492]  __sys_setsockopt from ret_fast_syscall+0x0/0x58
[   25.084505] Exception stack(0xe0339fa8 to 0xe0339ff0)
[   25.084519] 9fa0:                   00000014 b6f16ce8 0000000d 00000029 00000014 bed0a9ec
[   25.084530] 9fc0: 00000014 b6f16ce8 00000014 00000126 0000000d b6ebfff4 0043e988 00426558
[   25.084539] 9fe0: b6ed5088 bed0a9d8 b6eb2309 b6d8941a
[   25.084547] ---[ end trace 0000000000000000 ]---
[   26.135295] PM: Cannot get wkup_m3_ipc handle
[   26.141107] asoc-simple-card sound: using DT '/sound' for 'simple-audio-card,hp-det' GPIO lookup
[   26.141180] of_get_named_gpiod_flags: can't parse 'simple-audio-card,hp-det-gpios' property of node '/sound[0]'
[   26.141216] of_get_named_gpiod_flags: can't parse 'simple-audio-card,hp-det-gpio' property of node '/sound[0]'
[   26.141240] asoc-simple-card sound: using lookup tables for GPIO lookup
[   26.141255] asoc-simple-card sound: No GPIO consumer simple-audio-card,hp-det found
[   26.141270] asoc-simple-card sound: using DT '/sound' for 'simple-audio-card,mic-det' GPIO lookup
[   26.141295] of_get_named_gpiod_flags: can't parse 'simple-audio-card,mic-det-gpios' property of node '/sound[0]'
[   26.141320] of_get_named_gpiod_flags: can't parse 'simple-audio-card,mic-det-gpio' property of node '/sound[0]'
[   26.141339] asoc-simple-card sound: using lookup tables for GPIO lookup
[   26.141351] asoc-simple-card sound: No GPIO consumer simple-audio-card,mic-det found
[   26.242729] tda998x 0-0070: using DT '/ocp/interconnect@44c00000/segment@200000/target-module@b000/i2c@0/tda19988@70' for 'nxp,calib' GPIO lookup
[   26.242874] of_get_named_gpiod_flags: parsed 'nxp,calib-gpios' property of node '/ocp/interconnect@44c00000/segment@200000/target-module@b000/i2c@0/tda19988@70[0]' - status (0)
[   26.242960] gpio gpiochip0: Persistence not supported for GPIO 25
[   26.242975] gpio-537 (nxp,calib): no flags found for GPIO nxp,calib
[   26.246844] gpio-537 (nxp,calib): gpiod_direction_output_nonotify: tried to set a GPIO tied to an IRQ as output
[   26.277246] PM: Cannot get wkup_m3_ipc handle
[   26.477709] tda9950 0-0034: TDA9950 CEC interface, hardware version 3.3
[   26.601111] PM: Cannot get wkup_m3_ipc handle
[   29.594212] userial_init: registered 8 ttyGS* devices
[   29.751349] rndis_register: configNr = 0
[   29.923475] udc musb-hdrc.0: binding gadget driver [g_multi]
[   29.923571] configfs-gadget.g_multi gadget.0: adding 'rndis'/659e3135 to config 'c'/b106f51f
[   29.924714] configfs-gadget.g_multi gadget.0: HOST MAC 1c:ba:8c:a2:ed:6c
[   29.931491] configfs-gadget.g_multi gadget.0: MAC 1c:ba:8c:a2:ed:70
[   29.938068] rndis_set_param_medium: 0 0
[   29.938096] configfs-gadget.g_multi gadget.0: RNDIS: IN/ep1in OUT/ep1out NOTIFY/ep2in
[   29.938113] configfs-gadget.g_multi gadget.0: adding 'cdc_ethernet'/d7b326fa to config 'c'/b106f51f
[   29.939042] configfs-gadget.g_multi gadget.0: HOST MAC 1c:ba:8c:a2:ed:6c
[   29.945944] configfs-gadget.g_multi gadget.0: MAC 1c:ba:8c:a2:ed:6d
[   29.952331] configfs-gadget.g_multi gadget.0: CDC Ethernet: IN/ep3in OUT/ep2out NOTIFY/ep4in
[   29.952351] configfs-gadget.g_multi gadget.0: adding 'acm'/e7137272 to config 'c'/b106f51f
[   29.952386] configfs-gadget.g_multi gadget.0: acm ttyGS0: IN/ep5in OUT/ep3out NOTIFY/ep6in
[   29.953604] PM: Cannot get wkup_m3_ipc handle
[   31.877368] configfs-gadget.g_multi gadget.0: eth_open
[   35.443807] gs_open: ttyGS0 (b6f5423e,a91533d0)
[   35.443966] gs_close: ttyGS0 (b6f5423e,a91533d0) ...
[   35.443989] gs_close: ttyGS0 (b6f5423e,a91533d0) done!
[   35.456935] gs_open: ttyGS0 (b6f5423e,dd40e682)
[   35.457054] gs_close: ttyGS0 (b6f5423e,dd40e682) ...
[   35.457076] gs_close: ttyGS0 (b6f5423e,dd40e682) done!
[   35.594206] gs_open: ttyGS0 (ec828c11,f0251a0d)
[   35.594619] gs_close: ttyGS0 (ec828c11,f0251a0d) ...
[   35.594660] gs_close: ttyGS0 (ec828c11,f0251a0d) done!
[   35.598707] gs_open: ttyGS0 (ec828c11,f0251a0d)
ULOVZCOBBK 0
root@arm:~# echo 'OHZF''EAEJKG'
OHZFEAEJKG
root@arm:~# MARKER='FKCL''ZCWACJ' run 'modprobe test_linear_ranges'
FKCLZCWACJFKCLZCWACJ 0
root@arm:~# echo 'BPHN''FHUXHH'
BPHNFHUXHH
root@arm:~# MARKER='KQZF''ZHOGZX' run dmesg
KQZFZHOGZX[    0.000000] Booting Linux on physical CPU 0x0
[    0.000000] Linux version 6.17.0-rc3-next-20250829 (user01@drvtest01) (arm-none-eabi-gcc (Arm GNU Toolchain 14.2.Rel1 (Build arm-14.52)) 14.2.1 20241119, GNU ld (Arm GNU Toolchain 14.2.Rel1 (Build arm-14.52)) 2.43.1.20241119) #1 SMP Fri Aug 29 08:36:14 EEST 2025
[    0.000000] CPU: ARMv7 Processor [413fc082] revision 2 (ARMv7), cr=10c5387d
[    0.000000] CPU: PIPT / VIPT nonaliasing data cache, VIPT aliasing instruction cache
[    0.000000] OF: fdt: Machine model: TI AM335x BeagleBone Black
[    0.000000] Memory policy: Data cache writeback
[    0.000000] cma: Reserved 16 MiB at 0x9e800000
[    0.000000] Zone ranges:
[    0.000000]   Normal   [mem 0x0000000080000000-0x000000009fdfffff]
[    0.000000]   HighMem  empty
[    0.000000] Movable zone start for each node
[    0.000000] Early memory node ranges
[    0.000000]   node   0: [mem 0x0000000080000000-0x000000009fdfffff]
[    0.000000] Initmem setup node 0 [mem 0x0000000080000000-0x000000009fdfffff]
[    0.000000] On node 0, zone Normal: 512 pages in unavailable ranges
[    0.000000] OF: reserved mem: Reserved memory: No reserved-memory node in the DT
[    0.000000] CPU: All CPU(s) started in SVC mode.
[    0.000000] AM335X ES2.1 (sgx neon)
[    0.000000] percpu: Embedded 17 pages/cpu s39820 r8192 d21620 u69632
[    0.000000] pcpu-alloc: s39820 r8192 d21620 u69632 alloc=17*4096
[    0.000000] pcpu-alloc: [0] 0 
[    0.000000] Kernel command line: console=ttyO0,115200n8 root=/dev/nfs rw nfsroot=192.168.255.126:/home/user01/nfs,nfsvers=3 ip=192.168.255.1:192.168.255.126::255.255.255.0:bbb1:eth0 nfsrootdebug
[    0.000000] Unknown kernel command line parameters "nfsrootdebug", will be passed to user space.
[    0.000000] printk: log buffer data + meta data: 65536 + 204800 = 270336 bytes
[    0.000000] Dentry cache hash table entries: 65536 (order: 6, 262144 bytes, linear)
[    0.000000] Inode-cache hash table entries: 32768 (order: 5, 131072 bytes, linear)
[    0.000000] Built 1 zonelists, mobility grouping on.  Total pages: 130560
[    0.000000] mem auto-init: stack:off, heap alloc:off, heap free:off
[    0.000000] SLUB: HWalign=16, Order=0-3, MinObjects=0, CPUs=1, Nodes=1
[    0.000000] rcu: Hierarchical RCU implementation.
[    0.000000] rcu: 	RCU event tracing is enabled.
[    0.000000] rcu: 	RCU restricting CPUs from NR_CPUS=2 to nr_cpu_ids=1.
[    0.000000] 	Tracing variant of Tasks RCU enabled.
[    0.000000] rcu: RCU calculated value of scheduler-enlistment delay is 10 jiffies.
[    0.000000] rcu: Adjusting geometry for rcu_fanout_leaf=16, nr_cpu_ids=1
[    0.000000] RCU Tasks Trace: Setting shift to 0 and lim to 1 rcu_task_cb_adjust=1 rcu_task_cpu_ids=1.
[    0.000000] NR_IRQS: 16, nr_irqs: 16, preallocated irqs: 16
[    0.000000] IRQ: Found an INTC at 0x(ptrval) (revision 5.0) with 128 interrupts
[    0.000000] rcu: srcu_init: Setting srcu_struct sizes based on contention.
[    0.000000] TI gptimer clocksource: always-on /ocp/interconnect@44c00000/segment@200000/target-module@31000
[    0.000002] sched_clock: 32 bits at 24MHz, resolution 41ns, wraps every 89478484971ns
[    0.000026] clocksource: dmtimer: mask: 0xffffffff max_cycles: 0xffffffff, max_idle_ns: 79635851949 ns
[    0.000499] TI gptimer clockevent: 24000000 Hz at /ocp/interconnect@48000000/segment@0/target-module@40000
[    0.002075] Console: colour dummy device 80x30
[    0.002139] WARNING: Your 'console=ttyO0' has been replaced by 'ttyS0'
[    0.002147] This ensures that you still see kernel messages. Please
[    0.002152] update your kernel commandline.
[    0.002198] Calibrating delay loop... 996.14 BogoMIPS (lpj=4980736)
[    0.090546] CPU: Testing write buffer coherency: ok
[    0.090660] CPU0: Spectre v2: using BPIALL workaround
[    0.090670] pid_max: default: 32768 minimum: 301
[    0.090840] LSM: initializing lsm=capability
[    0.091006] Mount-cache hash table entries: 1024 (order: 0, 4096 bytes, linear)
[    0.091025] Mountpoint-cache hash table entries: 1024 (order: 0, 4096 bytes, linear)
[    0.092619] CPU0: thread -1, cpu 0, socket -1, mpidr 0
[    0.092692] cacheinfo: Unable to detect cache hierarchy for CPU 0
[    0.094696] Setting up static identity map for 0x80100000 - 0x80100078
[    0.095032] rcu: Hierarchical SRCU implementation.
[    0.095044] rcu: 	Max phase no-delay instances is 1000.
[    0.096778] smp: Bringing up secondary CPUs ...
[    0.096836] smp: Brought up 1 node, 1 CPU
[    0.096849] SMP: Total of 1 processors activated (996.14 BogoMIPS).
[    0.096860] CPU: All CPU(s) started in SVC mode.
[    0.097057] Memory: 480880K/522240K available (11264K kernel code, 1219K rwdata, 2936K rodata, 1024K init, 253K bss, 23328K reserved, 16384K cma-reserved, 0K highmem)
[    0.097881] devtmpfs: initialized
[    0.115110] VFP support v0.3: implementor 41 architecture 3 part 30 variant c rev 3
[    0.115754] clocksource: jiffies: mask: 0xffffffff max_cycles: 0xffffffff, max_idle_ns: 19112604462750000 ns
[    0.115811] posixtimers hash table entries: 512 (order: 0, 4096 bytes, linear)
[    0.115837] futex hash table entries: 256 (16384 bytes on 1 NUMA nodes, total 16 KiB, linear).
[    0.116984] pinctrl core: initialized pinctrl subsystem
[    0.119146] NET: Registered PF_NETLINK/PF_ROUTE protocol family
[    0.122284] DMA: preallocated 256 KiB pool for atomic coherent allocations
[    0.122909] audit: initializing netlink subsys (disabled)
[    0.124245] thermal_sys: Registered thermal governor 'fair_share'
[    0.124260] thermal_sys: Registered thermal governor 'step_wise'
[    0.124268] thermal_sys: Registered thermal governor 'user_space'
[    0.124381] audit: type=2000 audit(0.120:1): state=initialized audit_enabled=0 res=1
[    0.124450] cpuidle: using governor menu
[    0.142412] /ocp/interconnect@44c00000/segment@200000/target-module@b000/i2c@0/tda19988@70: Fixed dependency cycle(s) with /ocp/interconnect@48000000/segment@300000/target-module@e000/lcdc@0
[    0.143516] /ocp/interconnect@48000000/segment@300000/target-module@e000/lcdc@0: Fixed dependency cycle(s) with /ocp/interconnect@44c00000/segment@200000/target-module@b000/i2c@0/tda19988@70
[    0.145694] No ATAGs?
[    0.145736] hw-breakpoint: debug architecture 0x4 unsupported.
[    0.148829] kprobes: kprobe jump-optimization is enabled. All kprobes are optimized if possible.
[    0.153847] iommu: Default domain type: Translated
[    0.153870] iommu: DMA domain TLB invalidation policy: strict mode
[    0.155432] reg-fixed-voltage fixedregulator0: using DT '/fixedregulator0' for '(default)' GPIO lookup
[    0.155487] of_get_named_gpiod_flags: can't parse 'gpios' property of node '/fixedregulator0[0]'
[    0.155515] of_get_named_gpiod_flags: can't parse 'gpio' property of node '/fixedregulator0[0]'
[    0.155533] reg-fixed-voltage fixedregulator0: using lookup tables for GPIO lookup
[    0.155543] reg-fixed-voltage fixedregulator0: No GPIO consumer (default) found
[    0.161768] SCSI subsystem initialized
[    0.162244] libata version 3.00 loaded.
[    0.162624] pps_core: LinuxPPS API ver. 1 registered
[    0.162635] pps_core: Software ver. 5.3.6 - Copyright 2005-2007 Rodolfo Giometti <giometti@linux.it>
[    0.162660] PTP clock support registered
[    0.171217] vgaarb: loaded
[    0.171594] clocksource: Switched to clocksource dmtimer
[    0.172271] VFS: Disk quotas dquot_6.6.0
[    0.172328] VFS: Dquot-cache hash table entries: 1024 (order 0, 4096 bytes)
[    0.196642] NET: Registered PF_INET protocol family
[    0.196987] IP idents hash table entries: 8192 (order: 4, 65536 bytes, linear)
[    0.198420] tcp_listen_portaddr_hash hash table entries: 512 (order: 0, 4096 bytes, linear)
[    0.198455] Table-perturb hash table entries: 65536 (order: 6, 262144 bytes, linear)
[    0.198474] TCP established hash table entries: 4096 (order: 2, 16384 bytes, linear)
[    0.198518] TCP bind hash table entries: 4096 (order: 4, 65536 bytes, linear)
[    0.198617] TCP: Hash tables configured (established 4096 bind 4096)
[    0.198741] UDP hash table entries: 256 (order: 1, 14336 bytes, linear)
[    0.198776] UDP-Lite hash table entries: 256 (order: 1, 14336 bytes, linear)
[    0.198974] NET: Registered PF_UNIX/PF_LOCAL protocol family
[    0.200263] RPC: Registered named UNIX socket transport module.
[    0.200283] RPC: Registered udp transport module.
[    0.200288] RPC: Registered tcp transport module.
[    0.200292] RPC: Registered tcp-with-tls transport module.
[    0.200297] RPC: Registered tcp NFSv4.1 backchannel transport module.
[    0.200321] PCI: CLS 0 bytes, default 64
[    0.201898] Initialise system trusted keyrings
[    0.212212] workingset: timestamp_bits=14 max_order=17 bucket_order=3
[    0.213656] NFS: Registering the id_resolver key type
[    0.213721] Key type id_resolver registered
[    0.213729] Key type id_legacy registered
[    0.213840] jffs2: version 2.2. (NAND) (SUMMARY)  Â© 2001-2006 Red Hat, Inc.
[    0.214312] Key type asymmetric registered
[    0.214328] Asymmetric key parser 'x509' registered
[    0.214400] io scheduler mq-deadline registered
[    0.214411] io scheduler kyber registered
[    0.214491] io scheduler bfq registered
[    0.216398] target-module@4b000000:target-module@140000:pmu@0:fck: device ID is greater than 24
[    0.222591] l3-aon-clkctrl:0000:0: failed to disable
[    0.232307] ledtrig-cpu: registered to indicate activity on CPUs
[    0.236077] Serial: 8250/16550 driver, 6 ports, IRQ sharing enabled
[    0.283204] brd: module loaded
[    0.291891] loop: module loaded
[    0.292841] mtdoops: mtd device (mtddev=name/number) must be supplied
[    0.294433] mdio_bus fixed-0: using lookup tables for GPIO lookup
[    0.294457] mdio_bus fixed-0: No GPIO consumer reset found
[    0.295879] i2c_dev: i2c /dev entries driver
[    0.296894] cpuidle: enable-method property 'ti,am3352' found operations
[    0.297349] sdhci: Secure Digital Host Controller Interface driver
[    0.297358] sdhci: Copyright(c) Pierre Ossman
[    0.297542] sdhci-pltfm: SDHCI platform and OF driver helper
[    0.318526] hw perfevents: enabled with armv7_cortex_a8 PMU driver, 5 (8000000f) counters available
[    0.319089] Initializing XFRM netlink socket
[    0.319283] NET: Registered PF_INET6 protocol family
[    0.324953] l3-aon-clkctrl:0000:0: failed to disable
[    0.326602] Segment Routing with IPv6
[    0.326688] In-situ OAM (IOAM) with IPv6
[    0.326786] sit: IPv6, IPv4 and MPLS over IPv4 tunneling driver
[    0.327758] NET: Registered PF_PACKET protocol family
[    0.327783] NET: Registered PF_KEY protocol family
[    0.327906] Key type dns_resolver registered
[    0.328137] ThumbEE CPU extension supported.
[    0.328158] Registering SWP/SWPB emulation handler
[    0.328683] omap_voltage_late_init: Voltage driver support not added
[    0.329364] SmartReflex Class3 initialized
[    0.362635] Loading compiled-in X.509 certificates
[    0.393412] /ocp/interconnect@44c00000/segment@200000/target-module@b000/i2c@0/tda19988@70: Fixed dependency cycle(s) with /ocp/interconnect@48000000/segment@300000/target-module@e000/lcdc@0
[    0.399781] /ocp/interconnect@44c00000/segment@200000/target-module@b000/i2c@0/tda19988@70: Fixed dependency cycle(s) with /ocp/interconnect@48000000/segment@300000/target-module@e000/lcdc@0
[    0.405475] gpiochip_find_base_unlocked: found new base at 512
[    0.422779] /ocp/interconnect@44c00000/segment@200000/target-module@b000/i2c@0/tda19988@70: Fixed dependency cycle(s) with /ocp/interconnect@48000000/segment@300000/target-module@e000/lcdc@0
[    0.423689] /ocp/interconnect@44c00000/segment@200000/target-module@b000/i2c@0/tda19988@70: Fixed dependency cycle(s) with /ocp/interconnect@48000000/segment@300000/target-module@e000/lcdc@0
[    0.427218] /ocp/interconnect@44c00000/segment@200000/target-module@10000/scm@0/pinmux@800: Fixed dependency cycle(s) with /ocp/interconnect@44c00000/segment@200000/target-module@10000/scm@0/pinmux@800/clkout2-pins
[    0.427796] pinctrl-single 44e10800.pinmux: 142 pins, size 568
[    0.433297] ti-sysc 44e31000.target-module: probe with driver ti-sysc failed with error -16
[    0.457840] /ocp/interconnect@48000000/segment@300000/target-module@e000/lcdc@0: Fixed dependency cycle(s) with /ocp/interconnect@44c00000/segment@200000/target-module@b000/i2c@0/tda19988@70
[    0.466199] ti-sysc 48040000.target-module: probe with driver ti-sysc failed with error -16
[    0.477808] gpiochip_find_base_unlocked: found new base at 512
[    0.477918] gpio gpiochip0: (gpio-0-31): created GPIO range 0->7 ==> 44e10800.pinmux PIN 0->7
[    0.477938] gpio gpiochip0: (gpio-0-31): created GPIO range 8->11 ==> 44e10800.pinmux PIN 90->93
[    0.477954] gpio gpiochip0: (gpio-0-31): created GPIO range 12->27 ==> 44e10800.pinmux PIN 12->27
[    0.477970] gpio gpiochip0: (gpio-0-31): created GPIO range 28->31 ==> 44e10800.pinmux PIN 30->33
[    0.512892] gpio gpiochip0: (gpio-0-31): added GPIO chardev (254:0)
[    0.513109] gpio gpiochip0: registered GPIOs 512 to 543 on gpio-0-31
[    0.513196] OMAP GPIO hardware version 0.1
[    0.539567] i2c i2c-2: using DT '/ocp/interconnect@48000000/segment@100000/target-module@9c000/i2c@0' for 'scl' GPIO lookup
[    0.539683] of_get_named_gpiod_flags: can't parse 'scl-gpios' property of node '/ocp/interconnect@48000000/segment@100000/target-module@9c000/i2c@0[0]'
[    0.539726] of_get_named_gpiod_flags: can't parse 'scl-gpio' property of node '/ocp/interconnect@48000000/segment@100000/target-module@9c000/i2c@0[0]'
[    0.539763] i2c i2c-2: using lookup tables for GPIO lookup
[    0.539772] i2c i2c-2: No GPIO consumer scl found
[    0.539794] i2c i2c-2: using DT '/ocp/interconnect@48000000/segment@100000/target-module@9c000/i2c@0' for 'sda' GPIO lookup
[    0.539829] of_get_named_gpiod_flags: can't parse 'sda-gpios' property of node '/ocp/interconnect@48000000/segment@100000/target-module@9c000/i2c@0[0]'
[    0.539866] of_get_named_gpiod_flags: can't parse 'sda-gpio' property of node '/ocp/interconnect@48000000/segment@100000/target-module@9c000/i2c@0[0]'
[    0.539897] i2c i2c-2: using lookup tables for GPIO lookup
[    0.539904] i2c i2c-2: No GPIO consumer sda found
[    0.540613] omap_i2c 4819c000.i2c: bus 2 rev0.11 at 100 kHz
[    0.546438] gpiochip_find_base_unlocked: found new base at 544
[    0.546548] gpio gpiochip1: (gpio-32-63): created GPIO range 0->17 ==> 44e10800.pinmux PIN 34->51
[    0.546569] gpio gpiochip1: (gpio-32-63): created GPIO range 18->21 ==> 44e10800.pinmux PIN 77->80
[    0.546586] gpio gpiochip1: (gpio-32-63): created GPIO range 22->31 ==> 44e10800.pinmux PIN 56->65
[    0.568489] gpio gpiochip1: (gpio-32-63): added GPIO chardev (254:1)
[    0.568737] gpio gpiochip1: registered GPIOs 544 to 575 on gpio-32-63
[    0.571038] gpiochip_find_base_unlocked: found new base at 576
[    0.571129] gpio gpiochip2: (gpio-64-95): created GPIO range 0->4 ==> 44e10800.pinmux PIN 66->70
[    0.571161] gpio gpiochip2: (gpio-64-95): created GPIO range 5->6 ==> 44e10800.pinmux PIN 98->99
[    0.571179] gpio gpiochip2: (gpio-64-95): created GPIO range 7->8 ==> 44e10800.pinmux PIN 75->76
[    0.571195] gpio gpiochip2: (gpio-64-95): created GPIO range 13->13 ==> 44e10800.pinmux PIN 141->141
[    0.571212] gpio gpiochip2: (gpio-64-95): created GPIO range 14->21 ==> 44e10800.pinmux PIN 100->107
[    0.584408] gpio gpiochip2: (gpio-64-95): added GPIO chardev (254:2)
[    0.584644] gpio gpiochip2: registered GPIOs 576 to 607 on gpio-64-95
[    0.590346] 48000000.interconnect:segment@200000:target-module@0:mpu@0:fck: device ID is greater than 24
[    0.591264] /ocp/interconnect@48000000/segment@300000/target-module@e000/lcdc@0: Fixed dependency cycle(s) with /ocp/interconnect@44c00000/segment@200000/target-module@b000/i2c@0/tda19988@70
[    0.594330] /ocp/interconnect@48000000/segment@300000/target-module@e000/lcdc@0: Fixed dependency cycle(s) with /ocp/interconnect@44c00000/segment@200000/target-module@b000/i2c@0/tda19988@70
[    0.595062] /ocp/interconnect@44c00000/segment@200000/target-module@b000/i2c@0/tda19988@70: Fixed dependency cycle(s) with /ocp/interconnect@48000000/segment@300000/target-module@e000/lcdc@0
[    0.595222] /ocp/interconnect@48000000/segment@300000/target-module@e000/lcdc@0: Fixed dependency cycle(s) with /ocp/interconnect@44c00000/segment@200000/target-module@b000/i2c@0/tda19988@70
[    0.605019] mdio_bus 4a101000.mdio: using DT '/ocp/interconnect@4a000000/segment@0/target-module@100000/switch@0/mdio@1000' for 'reset' GPIO lookup
[    0.605089] of_get_named_gpiod_flags: can't parse 'reset-gpios' property of node '/ocp/interconnect@4a000000/segment@0/target-module@100000/switch@0/mdio@1000[0]'
[    0.605135] of_get_named_gpiod_flags: can't parse 'reset-gpio' property of node '/ocp/interconnect@4a000000/segment@0/target-module@100000/switch@0/mdio@1000[0]'
[    0.605181] mdio_bus 4a101000.mdio: using lookup tables for GPIO lookup
[    0.605191] mdio_bus 4a101000.mdio: No GPIO consumer reset found
[    0.606364] sdhci-omap 481d8000.mmc: using DT '/ocp/interconnect@48000000/segment@100000/target-module@d8000/mmc@0' for 'wp' GPIO lookup
[    0.606428] of_get_named_gpiod_flags: can't parse 'wp-gpios' property of node '/ocp/interconnect@48000000/segment@100000/target-module@d8000/mmc@0[0]'
[    0.606471] of_get_named_gpiod_flags: can't parse 'wp-gpio' property of node '/ocp/interconnect@48000000/segment@100000/target-module@d8000/mmc@0[0]'
[    0.606505] sdhci-omap 481d8000.mmc: using lookup tables for GPIO lookup
[    0.606515] sdhci-omap 481d8000.mmc: No GPIO consumer wp found
[    0.606707] sdhci-omap 481d8000.mmc: supply pbias not found, using dummy regulator
[    0.607204] sdhci-omap 481d8000.mmc: supply vqmmc not found, using dummy regulator
[    0.653952] davinci_mdio 4a101000.mdio: davinci mdio revision 1.6, bus freq 1000000
[    0.675997] mdio_bus 4a101000.mdio:00: using DT '/ocp/interconnect@4a000000/segment@0/target-module@100000/switch@0/mdio@1000/ethernet-phy@0' for 'reset' GPIO lookup
[    0.676100] of_get_named_gpiod_flags: parsed 'reset-gpios' property of node '/ocp/interconnect@4a000000/segment@0/target-module@100000/switch@0/mdio@1000/ethernet-phy@0[0]' - status (0)
[    0.676258] gpio gpiochip0: Persistence not supported for GPIO 8
[    0.804739] davinci_mdio 4a101000.mdio: phy[0]: device 4a101000.mdio:00, driver SMSC LAN8710/LAN8720
[    0.805526] cpsw-switch 4a100000.switch: initialized cpsw ale version 1.4
[    0.805549] cpsw-switch 4a100000.switch: ALE Table size 1024, Policers 0
[    0.805704] cpsw-switch 4a100000.switch: cpts: overflow check period 500 (jiffies)
[    0.805720] cpsw-switch 4a100000.switch: CPTS: ref_clk_freq:250000000 calc_mult:2147483648 calc_shift:29 error:0 nsec/sec
[    0.805825] cpsw-switch 4a100000.switch: Detected MACID = 6c:ec:eb:68:de:78
[    0.807769] cpsw-switch 4a100000.switch: initialized (regs 0x4a100000, pool size 256) hw_ver:0019010C 1.12 (0)
[    0.818777] debugfs: '49000000.dma' already exists in 'dmaengine'
[    0.818821] edma 49000000.dma: TI EDMA DMA engine driver
[    0.868415] gpio-clk clk_mcasp0: using DT '/clk_mcasp0' for 'enable' GPIO lookup
[    0.868497] of_get_named_gpiod_flags: parsed 'enable-gpios' property of node '/clk_mcasp0[0]' - status (0)
[    0.868543] gpio gpiochip0: Persistence not supported for GPIO 27
[    0.869430] gpiochip_find_base_unlocked: found new base at 608
[    0.869547] gpio gpiochip3: (gpio-96-127): created GPIO range 0->7 ==> 44e10800.pinmux PIN 82->89
[    0.869567] gpio gpiochip3: (gpio-96-127): created GPIO range 8->11 ==> 44e10800.pinmux PIN 52->55
[    0.869584] gpio gpiochip3: (gpio-96-127): created GPIO range 12->15 ==> 44e10800.pinmux PIN 94->97
[    0.869602] gpio gpiochip3: (gpio-96-127): created GPIO range 16->17 ==> 44e10800.pinmux PIN 71->72
[    0.869623] gpio gpiochip3: (gpio-96-127): created GPIO range 18->18 ==> 44e10800.pinmux PIN 135->135
[    0.869641] gpio gpiochip3: (gpio-96-127): created GPIO range 19->20 ==> 44e10800.pinmux PIN 108->109
[    0.869657] gpio gpiochip3: (gpio-96-127): created GPIO range 21->21 ==> 44e10800.pinmux PIN 73->73
[    0.869675] gpio gpiochip3: (gpio-96-127): created GPIO range 22->23 ==> 44e10800.pinmux PIN 8->9
[    0.869691] gpio gpiochip3: (gpio-96-127): created GPIO range 26->27 ==> 44e10800.pinmux PIN 10->11
[    0.869709] gpio gpiochip3: (gpio-96-127): created GPIO range 28->28 ==> 44e10800.pinmux PIN 74->74
[    0.869727] gpio gpiochip3: (gpio-96-127): created GPIO range 29->29 ==> 44e10800.pinmux PIN 81->81
[    0.869745] gpio gpiochip3: (gpio-96-127): created GPIO range 30->31 ==> 44e10800.pinmux PIN 28->29
[    0.873050] gpio gpiochip3: (gpio-96-127): added GPIO chardev (254:3)
[    0.873299] gpio gpiochip3: registered GPIOs 608 to 639 on gpio-96-127
[    0.882874] omap8250 44e09000.serial: using DT '/ocp/interconnect@44c00000/segment@200000/target-module@9000/serial@0' for 'rs485-term' GPIO lookup
[    0.882944] of_get_named_gpiod_flags: can't parse 'rs485-term-gpios' property of node '/ocp/interconnect@44c00000/segment@200000/target-module@9000/serial@0[0]'
[    0.882988] of_get_named_gpiod_flags: can't parse 'rs485-term-gpio' property of node '/ocp/interconnect@44c00000/segment@200000/target-module@9000/serial@0[0]'
