Labgrid Console Logfile for main
Logfile started at 2025-08-22 10:38:32.930410
=== Log starts here ===
reading args
spl_load_image_fat_os: error reading image args, err - -1
reading u-boot.img
reading u-boot.img


U-Boot 2014.04-00014-g47880f5 (Apr 22 2014 - 13:23:54)

I2C:   ready
DRAM:  512 MiB
NAND:  0 MiB
MMC:   OMAP SD/MMC: 0, OMAP SD/MMC: 1
*** Warning - readenv() failed, using default environment

Net:   <ethaddr> not set. Validating first E-fuse MAC
cpsw, usb_ether
Hit any key to stop autoboot:  1  0 
gpio: pin 53 (gpio 53) value is 1
mmc0 is current device
gpio: pin 54 (gpio 54) value is 1
SD/MMC found on device 0
reading uEnv.txt
569 bytes read in 4 ms (138.7 KiB/s)
gpio: pin 55 (gpio 55) value is 1
Loaded environment from uEnv.txt
Importing environment from mmc ...
Checking if uenvcmd is set ...
gpio: pin 56 (gpio 56) value is 1
Running uenvcmd ...
cpsw Waiting for PHY auto negotiation to complete. done
link up on port 0, speed 100, full duplex
Using cpsw device
TFTP from server 192.168.255.126; our IP address is 192.168.255.1
Filename 'zImage'.
Load address: 0x81000000
Loading: *#################################################################
	 #################################################################
	 #################################################################
	 #################################################################
	 #################################################################
	 ############################################################
	 2.4 MiB/s
done
Bytes transferred = 5650496 (563840 hex)
link up on port 0, speed 100, full duplex
Using cpsw device
TFTP from server 192.168.255.126; our IP address is 192.168.255.1
Filename 'am335x-boneblack.dtb'.
Load address: 0x82000000
Loading: *#######
	 2.3 MiB/s
done
Bytes transferred = 98244 (17fc4 hex)
Kernel image @ 0x81000000 [ 0x000000 - 0x563840 ]
## Flattened Device Tree blob at 82000000
   Booting using the fdt blob at 0x82000000
   Using Device Tree in place at 82000000, end 8201afc3

Starting kernel ...

[    0.000000] Booting Linux on physical CPU 0x0
[    0.000000] Linux version 6.17.0-rc2-next-20250822 (user01@drvtest01) (arm-none-eabi-gcc (Arm GNU Toolchain 14.2.Rel1 (Build arm-14.52)) 14.2.1 20241119, GNU ld (Arm GNU Toolchain 14.2.Rel1 (Build arm-14.52)) 2.43.1.20241119) #1 SMP Fri Aug 22 10:25:14 EEST 2025
[    0.000000] CPU: ARMv7 Processor [413fc082] revision 2 (ARMv7), cr=10c5387d
[    0.000000] CPU: PIPT / VIPT nonaliasing data cache, VIPT aliasing instruction cache
[    0.000000] OF: fdt: Machine model: TI AM335x BeagleBone Black
[    0.000000] Memory policy: Data cache writeback
[    0.000000] cma: Reserved 16 MiB at 0x9e800000
[    0.000000] Zone ranges:
[    0.000000]   Normal   [mem 0x0000000080000000-0x000000009fdfffff]
[    0.000000]   HighMem  empty
[    0.000000] Movable zone start for each node
[    0.000000] Early memory node ranges
[    0.000000]   node   0: [mem 0x0000000080000000-0x000000009fdfffff]
[    0.000000] Initmem setup node 0 [mem 0x0000000080000000-0x000000009fdfffff]
[    0.000000] On node 0, zone Normal: 512 pages in unavailable ranges
[    0.000000] OF: reserved mem: Reserved memory: No reserved-memory node in the DT
[    0.000000] CPU: All CPU(s) started in SVC mode.
[    0.000000] AM335X ES2.1 (sgx neon)
[    0.000000] percpu: Embedded 17 pages/cpu s39820 r8192 d21620 u69632
[    0.000000] Kernel command line: console=ttyO0,115200n8 root=/dev/nfs rw nfsroot=192.168.255.126:/home/user01/nfs,nfsvers=3 ip=192.168.255.1:192.168.255.126::255.255.255.0:bbb1:eth0 nfsrootdebug
[    0.000000] Unknown kernel command line parameters "nfsrootdebug", will be passed to user space.
[    0.000000] printk: log buffer data + meta data: 65536 + 204800 = 270336 bytes
[    0.000000] Dentry cache hash table entries: 65536 (order: 6, 262144 bytes, linear)
[    0.000000] Inode-cache hash table entries: 32768 (order: 5, 131072 bytes, linear)
[    0.000000] Built 1 zonelists, mobility grouping on.  Total pages: 130560
[    0.000000] mem auto-init: stack:off, heap alloc:off, heap free:off
[    0.000000] SLUB: HWalign=16, Order=0-3, MinObjects=0, CPUs=1, Nodes=1
[    0.000000] rcu: Hierarchical RCU implementation.
[    0.000000] rcu: 	RCU event tracing is enabled.
[    0.000000] rcu: 	RCU restricting CPUs from NR_CPUS=2 to nr_cpu_ids=1.
[    0.000000] 	Tracing variant of Tasks RCU enabled.
[    0.000000] rcu: RCU calculated value of scheduler-enlistment delay is 10 jiffies.
[    0.000000] rcu: Adjusting geometry for rcu_fanout_leaf=16, nr_cpu_ids=1
[    0.000000] RCU Tasks Trace: Setting shift to 0 and lim to 1 rcu_task_cb_adjust=1 rcu_task_cpu_ids=1.
[    0.000000] NR_IRQS: 16, nr_irqs: 16, preallocated irqs: 16
[    0.000000] IRQ: Found an INTC at 0x(ptrval) (revision 5.0) with 128 interrupts
[    0.000000] rcu: srcu_init: Setting srcu_struct sizes based on contention.
[    0.000000] TI gptimer clocksource: always-on /ocp/interconnect@44c00000/segment@200000/target-module@31000
[    0.000002] sched_clock: 32 bits at 24MHz, resolution 41ns, wraps every 89478484971ns
[    0.000026] clocksource: dmtimer: mask: 0xffffffff max_cycles: 0xffffffff, max_idle_ns: 79635851949 ns
[    0.000511] TI gptimer clockevent: 24000000 Hz at /ocp/interconnect@48000000/segment@0/target-module@40000
[    0.002081] Console: colour dummy device 80x30
[    0.002147] WARNING: Your 'console=ttyO0' has been replaced by 'ttyS0'
[    0.002154] This ensures that you still see kernel messages. Please
[    0.002159] update your kernel commandline.
[    0.002203] Calibrating delay loop... 996.14 BogoMIPS (lpj=4980736)
[    0.090559] CPU: Testing write buffer coherency: ok
[    0.090673] CPU0: Spectre v2: using BPIALL workaround
[    0.090683] pid_max: default: 32768 minimum: 301
[    0.090844] LSM: initializing lsm=capability
[    0.091010] Mount-cache hash table entries: 1024 (order: 0, 4096 bytes, linear)
[    0.091030] Mountpoint-cache hash table entries: 1024 (order: 0, 4096 bytes, linear)
[    0.092609] CPU0: thread -1, cpu 0, socket -1, mpidr 0
[    0.092667] cacheinfo: Unable to detect cache hierarchy for CPU 0
[    0.094671] Setting up static identity map for 0x80100000 - 0x80100078
[    0.095003] rcu: Hierarchical SRCU implementation.
[    0.095014] rcu: 	Max phase no-delay instances is 1000.
[    0.096729] smp: Bringing up secondary CPUs ...
[    0.096782] smp: Brought up 1 node, 1 CPU
[    0.096793] SMP: Total of 1 processors activated (996.14 BogoMIPS).
[    0.096806] CPU: All CPU(s) started in SVC mode.
[    0.097009] Memory: 480880K/522240K available (11264K kernel code, 1218K rwdata, 2936K rodata, 1024K init, 253K bss, 23328K reserved, 16384K cma-reserved, 0K highmem)
[    0.097833] devtmpfs: initialized
[    0.114787] VFP support v0.3: implementor 41 architecture 3 part 30 variant c rev 3
[    0.115419] clocksource: jiffies: mask: 0xffffffff max_cycles: 0xffffffff, max_idle_ns: 19112604462750000 ns
[    0.115476] posixtimers hash table entries: 512 (order: 0, 4096 bytes, linear)
[    0.115502] futex hash table entries: 256 (16384 bytes on 1 NUMA nodes, total 16 KiB, linear).
[    0.116630] pinctrl core: initialized pinctrl subsystem
[    0.118773] NET: Registered PF_NETLINK/PF_ROUTE protocol family
[    0.121898] DMA: preallocated 256 KiB pool for atomic coherent allocations
[    0.122502] audit: initializing netlink subsys (disabled)
[    0.123815] thermal_sys: Registered thermal governor 'fair_share'
[    0.123831] thermal_sys: Registered thermal governor 'step_wise'
[    0.123840] thermal_sys: Registered thermal governor 'user_space'
[    0.123952] audit: type=2000 audit(0.120:1): state=initialized audit_enabled=0 res=1
[    0.124026] cpuidle: using governor menu
[    0.142199] /ocp/interconnect@44c00000/segment@200000/target-module@b000/i2c@0/tda19988@70: Fixed dependency cycle(s) with /ocp/interconnect@48000000/segment@300000/target-module@e000/lcdc@0
[    0.143293] /ocp/interconnect@48000000/segment@300000/target-module@e000/lcdc@0: Fixed dependency cycle(s) with /ocp/interconnect@44c00000/segment@200000/target-module@b000/i2c@0/tda19988@70
[    0.145500] No ATAGs?
[    0.145543] hw-breakpoint: debug architecture 0x4 unsupported.
[    0.148622] kprobes: kprobe jump-optimization is enabled. All kprobes are optimized if possible.
[    0.154384] iommu: Default domain type: Translated
[    0.154405] iommu: DMA domain TLB invalidation policy: strict mode
[    0.161541] SCSI subsystem initialized
[    0.162407] pps_core: LinuxPPS API ver. 1 registered
[    0.162417] pps_core: Software ver. 5.3.6 - Copyright 2005-2007 Rodolfo Giometti <giometti@linux.it>
[    0.162440] PTP clock support registered
[    0.170970] vgaarb: loaded
[    0.171346] clocksource: Switched to clocksource dmtimer
[    0.172039] VFS: Disk quotas dquot_6.6.0
[    0.172097] VFS: Dquot-cache hash table entries: 1024 (order 0, 4096 bytes)
[    0.196475] NET: Registered PF_INET protocol family
[    0.196822] IP idents hash table entries: 8192 (order: 4, 65536 bytes, linear)
[    0.198247] tcp_listen_portaddr_hash hash table entries: 512 (order: 0, 4096 bytes, linear)
[    0.198285] Table-perturb hash table entries: 65536 (order: 6, 262144 bytes, linear)
[    0.198304] TCP established hash table entries: 4096 (order: 2, 16384 bytes, linear)
[    0.198349] TCP bind hash table entries: 4096 (order: 4, 65536 bytes, linear)
[    0.198449] TCP: Hash tables configured (established 4096 bind 4096)
[    0.198572] UDP hash table entries: 256 (order: 1, 14336 bytes, linear)
[    0.198610] UDP-Lite hash table entries: 256 (order: 1, 14336 bytes, linear)
[    0.198800] NET: Registered PF_UNIX/PF_LOCAL protocol family
[    0.202596] RPC: Registered named UNIX socket transport module.
[    0.202617] RPC: Registered udp transport module.
[    0.202622] RPC: Registered tcp transport module.
[    0.202627] RPC: Registered tcp-with-tls transport module.
[    0.202632] RPC: Registered tcp NFSv4.1 backchannel transport module.
[    0.202658] PCI: CLS 0 bytes, default 64
[    0.204057] Initialise system trusted keyrings
[    0.212172] workingset: timestamp_bits=14 max_order=17 bucket_order=3
[    0.213572] NFS: Registering the id_resolver key type
[    0.213651] Key type id_resolver registered
[    0.213659] Key type id_legacy registered
[    0.213764] jffs2: version 2.2. (NAND) (SUMMARY)  Â© 2001-2006 Red Hat, Inc.
[    0.214226] Key type asymmetric registered
[    0.214245] Asymmetric key parser 'x509' registered
[    0.214318] io scheduler mq-deadline registered
[    0.214330] io scheduler kyber registered
[    0.214409] io scheduler bfq registered
[    0.216294] target-module@4b000000:target-module@140000:pmu@0:fck: device ID is greater than 24
[    0.222488] l3-aon-clkctrl:0000:0: failed to disable
[    0.231776] ledtrig-cpu: registered to indicate activity on CPUs
[    0.235520] Serial: 8250/16550 driver, 6 ports, IRQ sharing enabled
[    0.282441] brd: module loaded
[    0.290883] loop: module loaded
[    0.291984] mtdoops: mtd device (mtddev=name/number) must be supplied
[    0.294949] i2c_dev: i2c /dev entries driver
[    0.295973] cpuidle: enable-method property 'ti,am3352' found operations
[    0.296417] sdhci: Secure Digital Host Controller Interface driver
[    0.296425] sdhci: Copyright(c) Pierre Ossman
[    0.296607] sdhci-pltfm: SDHCI platform and OF driver helper
[    0.301851] hw perfevents: enabled with armv7_cortex_a8 PMU driver, 5 (8000000f) counters available
[    0.302403] Initializing XFRM netlink socket
[    0.302574] NET: Registered PF_INET6 protocol family
[    0.308244] l3-aon-clkctrl:0000:0: failed to disable
[    0.309623] Segment Routing with IPv6
[    0.309707] In-situ OAM (IOAM) with IPv6
[    0.309804] sit: IPv6, IPv4 and MPLS over IPv4 tunneling driver
[    0.310767] NET: Registered PF_PACKET protocol family
[    0.310793] NET: Registered PF_KEY protocol family
[    0.310914] Key type dns_resolver registered
[    0.311145] ThumbEE CPU extension supported.
[    0.311164] Registering SWP/SWPB emulation handler
[    0.311882] omap_voltage_late_init: Voltage driver support not added
[    0.312619] SmartReflex Class3 initialized
[    0.345789] Loading compiled-in X.509 certificates
[    0.388077] /ocp/interconnect@44c00000/segment@200000/target-module@b000/i2c@0/tda19988@70: Fixed dependency cycle(s) with /ocp/interconnect@48000000/segment@300000/target-module@e000/lcdc@0
[    0.394603] /ocp/interconnect@44c00000/segment@200000/target-module@b000/i2c@0/tda19988@70: Fixed dependency cycle(s) with /ocp/interconnect@48000000/segment@300000/target-module@e000/lcdc@0
[    0.420267] /ocp/interconnect@44c00000/segment@200000/target-module@b000/i2c@0/tda19988@70: Fixed dependency cycle(s) with /ocp/interconnect@48000000/segment@300000/target-module@e000/lcdc@0
[    0.421151] /ocp/interconnect@44c00000/segment@200000/target-module@b000/i2c@0/tda19988@70: Fixed dependency cycle(s) with /ocp/interconnect@48000000/segment@300000/target-module@e000/lcdc@0
[    0.424960] /ocp/interconnect@44c00000/segment@200000/target-module@10000/scm@0/pinmux@800: Fixed dependency cycle(s) with /ocp/interconnect@44c00000/segment@200000/target-module@10000/scm@0/pinmux@800/clkout2-pins
[    0.425553] pinctrl-single 44e10800.pinmux: 142 pins, size 568
[    0.430833] ti-sysc 44e31000.target-module: probe with driver ti-sysc failed with error -16
[    0.455446] /ocp/interconnect@48000000/segment@300000/target-module@e000/lcdc@0: Fixed dependency cycle(s) with /ocp/interconnect@44c00000/segment@200000/target-module@b000/i2c@0/tda19988@70
[    0.463667] ti-sysc 48040000.target-module: probe with driver ti-sysc failed with error -16
[    0.523462] OMAP GPIO hardware version 0.1
[    0.550432] omap_i2c 4819c000.i2c: bus 2 rev0.11 at 100 kHz
[    0.606182] 48000000.interconnect:segment@200000:target-module@0:mpu@0:fck: device ID is greater than 24
[    0.607087] /ocp/interconnect@48000000/segment@300000/target-module@e000/lcdc@0: Fixed dependency cycle(s) with /ocp/interconnect@44c00000/segment@200000/target-module@b000/i2c@0/tda19988@70
[    0.609933] /ocp/interconnect@48000000/segment@300000/target-module@e000/lcdc@0: Fixed dependency cycle(s) with /ocp/interconnect@44c00000/segment@200000/target-module@b000/i2c@0/tda19988@70
[    0.610654] /ocp/interconnect@44c00000/segment@200000/target-module@b000/i2c@0/tda19988@70: Fixed de pendency cycle(s) with /ocp/interconnect@48000000/segment@300000/target-module@e000/lcdc@0
[    0.610812] /ocp/interconnect@48000000/segment@300000/target-module@e000/lcdc@0: Fixed dependency cycle(s) with /ocp/interconnect@44c00000/segment@200000/target-module@b000/i2c@0/tda19988@70
[    0.622136] sdhci-omap 481d8000.mmc: supply pbias not found, using dummy regulator
[    0.623583] sdhci-omap 481d8000.mmc: supply vqmmc not found, using dummy regulator
[    0.666141] davinci_mdio 4a101000.mdio: davinc i mdio revision 1.6, bus freq 1000000
[    0.832911] davinci_mdio 4a101000.mdio: phy[0]: device 4a101000.mdio:00, driver SMSC LAN8710/LAN8720
[    0.833693] cpsw-switch 4a100000.switch: initialized cpsw ale version 1.4
[    0.833716] cpsw-switch 4a100000.switch: ALE Table size 1024, Policers 0
[    0.833868] cpsw-switch 4a100000.switch: cpts: overflow check period 500 (jiffies)
[    0.833887] cpsw-switch 4a100000.switch: CPTS: ref_clk_freq:250000000 calc_mult:2147483648 calc_shift:29 error:0 nsec/sec
[    0.833995] cpsw-switch 4a100000.switch: Detected MACID = 6c:ec:eb:68:de:78
[    0.835849] cpsw-switch 4a100000.switch: initialized (regs 0x4a100000, pool size 256) hw_ver:0019010C 1.12 (0)
[    0.846837] debugfs: '49000000.dma' already exists in 'dmaengine'
[    0.846883] edma 49000000.dma: TI EDMA DMA engine driver
[    0.880512] 44e09000.serial: ttyS0 at MMIO 0x44e09000 (irq = 34, base_baud = 3000000) is a 8250
[    0.880604] printk: legacy console [ttyS0] enabled
[    2.442314] tps65217-pmic: Failed to locate of_node [id: -1]
[    2.448385] tps65217-bl: Failed to locate of_node [id: -1]
[    2.454459] platform tps65217-charger: DMA mask not set
[    2.460505] platform tps65217-pwrbutton: DMA mask not set
[    2.467802] tps65217 0-0024: TPS65217 ID 0xe version 1.2
[    2.473937] /ocp/interconnect@48000000/segment@300000/target-module@e000/lcdc@0: Fixed dependency cycle(s) with /ocp/interconnect@44c00000/segment@200000/target-module@b000/i2c@0/tda19988@70
[    2.491370] /ocp/interconnect@44c000
[    5.842121] cpsw-switch 4a100000.switch eth0: Link is Up - 100Mbps/Full - flow control off
[    5.881600] IP-Config: Complete:
[    5.884882]      device=eth0, hwaddr=6c:ec:eb:68:de:78, ipaddr=192.168.255.1, mask=255.255.255.0, gw=255.255.255.255
[    5.895553]      host=bbb1, domain=, nis-domain=(none)
[    5.900723]      bootserver=192.168.255.126, rootserver=192.168.255.126, rootpath=
[    5.901141] clk: Disabling unused clocks
[    5.913031] KTAP version 1
[    5.915766] 1..0
[    5.918205] check access for rdinit=/init failed: -2, ignoring
[    5.956821] VFS: Mounted root (nfs filesystem) on device 0:17.
[    5.964034] devtmpfs: mounted
[    5.968534] Freeing unused kernel image (initmem) memory: 1024K
[    5.975326] Run /sbin/init as init process
[    6.656447] systemd[1]: System time before build time, advancing clock.
[    8.171369] random: crng init done
[    8.188072] systemd[1]: systemd 232 running in system mode. (+PAM +AUDIT +SELINUX +IMA +APPARMOR +SMACK +SYSVINIT +UTMP +LIBCRYPTSETUP +GCRYPT +GNUTLS +ACL +XZ +LZ4 +SECCOMP +BLKID +ELFUTILS +KMOD +IDN)
[    8.207083] systemd[1]: Detected architecture arm.

Welcome to [1mDebian GNU/Linux 9 (stretch)[0m!

[    8.234853] systemd[1]: Set hostname to <arm>.
[    9.360748] systemd[1]: Created slice System Slice.
[[0;32m  OK  [0m] Created slice System Slice.
[    9.384889] systemd[1]: Listening on Journal Audit Socket.
[[0;32m  OK  [0m] Listening on Journal Audit Socket.
[    9.411882] systemd[1]: dev-hugepages.mount: Couldn't determine result for ConditionVirtualization=!private-users, assuming failed: No such file or directory
[    9.426613] systemd[1]: Listening on udev Kernel Socket.
[[0;32m  OK  [0m] Listening on udev Kernel Socket.
[    9.452289] systemd[1]: Started Dispatch Password Requests to Console Directory Watch.
[[0;32m  OK  [0m] Started Dispatch Password Requests to Console Directory Watch.
[    9.483292] systemd[1]: Listening on udev Control Socket.
[[0;32m  OK  [0m] Listening on udev Control Socket.
[    9.513084] systemd[1]: systemd-journald-dev-log.socket: SO_PASSSEC failed: Operation not supported
[[0;32m  OK  [0m] Listening on Journal Socket (/dev/log).
[[0;32m  OK  [0m] Started Forward Password Requests to Wall Directory Watch.
[[0;32m  OK  [0m] Reached target Paths.
[[0;32m  OK  [0m] Reached target Swap.
[[0;32m  OK  [0m] Created slice User and Session Slice.
[[0;32m  OK  [0m] Reached target Slices.
         Mounting Debug File System...
[[0;32m  OK  [0m] Created slice system-serial\x2dgetty.slice.
[[0;32m  OK  [0m] Listening on /dev/initctl Compatibility Named Pipe.
[[0;32m  OK  [0m] Listening on Syslog Socket.
[[0;32m  OK  [0m] Reached target Encrypted Volumes.
[[0;32m  OK  [0m] Set up automount Arbitrary Executabâ€¦rmats File System Automount Point.
[[0;32m  OK  [0m] Reached target Remote File Systems.
[[0;32m  OK  [0m] Created slice system-getty.slice.
         Mounting POSIX Message Queue File System...
[[0;32m  OK  [0m] Listening on Journal Socket.
         Starting Journal Service...
         Starting Remount Root and Kernel File Systems...
         Starting Load Kernel Modules...
         Starting Create list of required stâ€¦ce nodes for the current kernel...
[[0;32m  OK  [0m] Mounted POSIX Message Queue File System.
[[0;32m  OK  [0m] Mounted Debug File System.
[[0;32m  OK  [0m] Started Remount Root and Kernel File Systems.
[[0;32m  OK  [0m] Started Create list of required staâ€¦vice nodes for the current kernel.
         Starting Create Static Device Nodes in /dev...
         Starting Load/Save Random Seed...
         Starting udev Coldplug all Devices...
[[0;32m  OK  [0m] Started Load Kernel Modules.
         Mounting Configuration File System...
         Starting Apply Kernel Variables...
[[0;32m  OK  [0m] Mounted Configuration File System.
[[0;32m  OK  [0m] Started Load/Save Random Seed.
[[0;32m  OK  [0m] Started Apply Kernel Variables.
[[0;32m  OK  [0m] Started Create Static Device Nodes in /dev.
[[0;32m  OK  [0m] Reached target Local File Systems (Pre).
[[0;32m  OK  [0m] Reached target Local File Systems.
         Starting Raise network interfaces...
         Starting udev Kernel Device Manager...
[[0;32m  OK  [0m] Started Journal Service.
         Starting Flush Journal to Persistent Storage...
[   11.716251] systemd-journald[89]: Received request to flush runtime journal from PID 1
[[0;32m  OK  [0m] Started Flush Journal to Persistent Storage.
         Starting Create Volatile Files and Directories...
[[0;32m  OK  [0m] Started udev Kernel Device Manager.
[   12.660103] omap_prm 44e00d00.prm: sync_state() pending due to 44d00000.cpu
[[0;32m  OK  [0m] Started Create Volatile Files and Directories.
         Starting Network Time Synchronization...
         Starting Update UTMP about System Boot/Shutdown...
[[0;32m  OK  [0m] Started Update UTMP about System Boot/Shutdown.
[[0;32m  OK  [0m] Started udev Coldplug all Devices.
[[0;32m  OK  [0m] Started Network Time Synchronization.
[[0;32m  OK  [0m] Reached target System Initialization.
[[0;32m  OK  [0m] Listening on D-Bus System Message Bus Socket.
[[0;32m  OK  [0m] Started Daily Cleanup of Temporary Directories.
[   14.958965] remoteproc remoteproc0: wkup_m3 is available
[[0;32m  OK  [0m] Listening on Avahi mDNS/DNS-SD Stack Activation Socket.
[[0;32m  OK  [0m] Reached target Sockets.
[[0;32m  OK  [0m] Reached target Basic System.
[   15.167075] at24 2-0054: supply vcc not found, using dummy regulator
[[0;32m  OK  [0m] Started Regular background program processing daemon.
[   15.274270] at24 2-0055: supply vcc not found, using dummy regulator
         Starting System Logging Service...
[   15.406621] at24 2-0056: supply vcc not found, using dummy regulator
         Starting Login Service...
[   15.542361] at24 2-0057: supply vcc not found, using dummy regulator
[   15.629863] at24 0-0050: 32768 byte 24c256 EEPROM, writable, 1 bytes/write
[[0;32m  OK  [0m] Started D-Bus System Message Bus.
[   16.057351] input: tps65217_pwrbutton as /devices/platform/ocp/44c00000.interconnect/44c00000.interconnect:segment@200000/44e0b000.target-module/44e0b000.i2c/i2c-0/0-0024/tps65217-pwrbutton/input/input0
[   16.197550] omap_rtc 44e3e000.rtc: registered as rtc0
[   16.204463] omap_rtc 44e3e000.rtc: setting system clock to 2000-01-01T00:00:00 UTC (946684800)
[   16.397604] omap_wdt: OMAP Watchdog Timer Rev 0x01: initial timeout 60 sec
[   16.717163] am335x-phy-driver 47401300.usb-phy: dummy supplies not allowed for exclusive requests (id=vbus)
[   16.836860] am335x-phy-driver 47401b00.usb-phy: dummy supplies not allowed for exclusive requests (id=vbus)
[   16.950710] usbcore: registered new interface driver usbfs
[   16.956516] usbcore: registered new interface driver hub
[   16.962130] usbcore: registered new device driver usb
[   17.365335] tda998x 0-0070: found TDA19988
[   17.688257] musb-hdrc musb-hdrc.1: MUSB HDRC host driver
[   17.693915] musb-hdrc musb-hdrc.1: new USB bus registered, assigned bus number 1
[   17.954988] omap-mailbox 480c8000.mailbox: omap mailbox rev 0x400
[   17.964947] usb usb1: New USB device found, idVendor=1d6b, idProduct=0002, bcdDevice= 6.17
[   17.973544] usb usb1: New USB device strings: Mfr=3, Product=2, SerialNumber=1
[   17.980813] usb usb1: Product: MUSB HDRC host driver
[   17.985906] usb usb1: Manufacturer: Linux 6.17.0-rc2-next-20250822 musb-hcd
[   17.992938] usb usb1: SerialNumber: musb-hdrc.1
[   18.089899] remoteproc remoteproc0: powering up wkup_m3
[   18.254013] remoteproc remoteproc0: Direct firmware load for am335x-pm-firmware.elf failed with error -2
[   18.263956] remoteproc remoteproc0: request_firmware failed: -2
[   18.269927] wkup_m3_ipc 44e11324.wkup_m3_ipc: rproc_boot failed
[   18.451714] hub 1-0:1.0: USB hub found
[   18.456730] hub 1-0:1.0: 1 port detected
         Starting Connection service...
         Starting Telephony service...
         Starting Avahi mDNS/DNS-SD Stack...
[   20.263717] omap_rng 48310000.rng: Random Number Generator ver. 20
         Starting DUN service...
         Starting LSB: Start busybox udhcpd at boot time...
[   20.571792] tilcdc 4830e000.lcdc: bound 0-0070 (ops 0xbf10b0f8)
         Starting Cape Manager Service...
[   20.712270] [drm] Initialized tilcdc 1.0.0 for 4830e000.lcdc on minor 0
         Starting LSB: Load kernel modules needed to enable cpufreq scaling...
[   20.822169] tilcdc 4830e000.lcdc: [drm] Cannot find any crtc or sizes
[   20.832242] tilcdc 4830e000.lcdc: [drm] Cannot find any crtc or sizes
         Starting Generic Board Startup...
[[0;32m  OK  [0m] Reached target System Time Synchronized.
[[0;32m  OK  [0m] Started Daily apt download activities.
[[0;32m  OK  [0m] Started Daily apt upgrade and clean activities.
[[0;32m  OK  [0m] Reached target Timers.
[[0;32m  OK  [0m] Started System Logging Service.
[[0;32m  OK  [0m] Found device /dev/ttyS0.
[   22.303545] PM: Cannot get wkup_m3_ipc handle
[   22.436239] omap-sham 53100000.sham: hw accel on OMAP rev 4.3
[   22.574123] omap-sham 53100000.sham: will run requests pump with realtime priority
[   22.585290] PM: Cannot get wkup_m3_ipc handle
[   22.604398] omap-aes 53500000.aes: OMAP AES hw accel rev: 3.2
[   22.717482] omap-aes 53500000.aes: will run requests pump with realtime priority
[   22.726496] PM: Cannot get wkup_m3_ipc handle
[[0;32m  OK  [0m] Started Cape Manager Service.
[   23.547746] ------------[ cut here ]------------
[   23.552613] WARNING: net/8021q/vlan_core.c:236 at vlan_for_each+0x114/0x134, CPU#0: avahi-daemon/282
[   23.561910] RTNL: assertion failed at net/8021q/vlan_core.c (236)
[   23.568037] Modules linked in: ecdh_generic snd_soc_simple_card ecc snd_soc_simple_card_utils omap_aes_driver omap_crypto omap_sham libaes pm33xx crypto_engine ti_emif_sram tilcdc drm_dma_helper omap_rng drm_client_lib rng_core snd_soc_davinci_mcasp snd_soc_ti_udma snd_soc_ti_edma snd_soc_ti_sdma snd_soc_core snd_pcm_dmaengine snd_pcm omap_mailbox snd_timer snd soundcore musb_dsps musb_hdrc tda998x udc_core cec usbcore phy_am335x drm_kms_helper phy_generic omap_wdt watchdog usb_common cppi41 rtc_omap drm wkup_m3_ipc phy_am335x_control tps65218_pwrbutton drm_panel_orientation_quirks at24 wkup_m3_rproc leds_gpio led_class cpufreq_dt autofs4
[   23.625207] CPU: 0 UID: 107 PID: 282 Comm: avahi-daemon Not tainted 6.17.0-rc2-next-20250822 #1 NONE 
[   23.625226] Hardware name: Generic AM33XX (Flattened Device Tree)
[   23.625236] Call trace: 
[   23.625251]  unwind_backtrace from show_stack+0x10/0x14
[   23.625287]  show_stack from dump_stack_lvl+0x50/0x64
[   23.625313]  dump_stack_lvl from __warn+0x88/0x148
[   23.625330]  __warn from warn_slowpath_fmt+0x19c/0x1b0
[   23.625343]  warn_slowpath_fmt from vlan_for_each+0x114/0x134
[   23.625366]  vlan_for_each from cpsw_add_mc_addr+0x40/0xa4
[   23.625396]  cpsw_add_mc_addr from __hw_addr_ref_sync_dev+0x108/0x140
[   23.625430]  __hw_addr_ref_sync_dev from __dev_mc_add+0x7c/0x80
[   23.625455]  __dev_mc_add from igmp6_group_added+0xc8/0xe0
[   23.625485]  igmp6_group_added from __ipv6_dev_mc_inc+0x218/0x364
[   23.625504]  __ipv6_dev_mc_inc from __ipv6_sock_mc_join+0x11c/0x214
[   23.625523]  __ipv6_sock_mc_join from do_ipv6_setsockopt+0x1214/0x1310
[   23.625557]  do_ipv6_setsockopt from ipv6_setsockopt+0x60/0xcc
[   23.625580]  ipv6_setsockopt from udpv6_setsockopt+0x2c/0x6c
[   23.625599]  udpv6_setsockopt from sock_common_setsockopt+0x30/0x40
[   23.625615]  sock_common_setsockopt from do_sock_setsockopt+0x50/0x9c
[   23.625638]  do_sock_setsockopt from __sys_setsockopt+0x70/0xbc
[   23.625661]  __sys_setsockopt from ret_fast_syscall+0x0/0x58
[   23.625679] Exception stack(0xe0309fa8 to 0xe0309ff0)
[   23.625693] 9fa0:                   00000014 b6f90ce8 0000000d 00000029 00000014 beb719ec
[   23.625705] 9fc0: 00000014 b6f90ce8 00000014 00000126 0000000d b6f39ff4 0048e988 00476558
[   23.625714] 9fe0: b6f4f088 beb719d8 b6f2c309 b6e0341a
[   23.625721] ---[ end trace 0000000000000000 ]---
[   24.542012] Bluetooth: Core ver 2.22
[   24.545834] NET: Registered PF_BLUETOOTH protocol family
[   24.551180] Bluetooth: HCI device and connection manager initialized
[   24.557776] Bluetooth: HCI socket layer initialized
[   24.562736] Bluetooth: L2CAP socket layer initialized
[   24.567847] Bluetooth: SCO socket layer initialized
[   25.875387] PM: Cannot get wkup_m3_ipc handle
[   25.883920] gpio-537 (nxp,calib): gpiod_direction_output_nonotify: tried to set a GPIO tied to an IRQ as output
[   26.040751] PM: Cannot get wkup_m3_ipc handle
[   26.171205] tda9950 0-0034: TDA9950 CEC interface, hardware version 3.3
[   26.253569] PM: Cannot get wkup_m3_ipc handle
[[0;32m  OK  [0m] Started LSB: Start busybox udhcpd at boot time.
[[0;32m  OK  [0m] Started Raise network interfaces.
[[0;32m  OK  [0m] Started LSB: Load kernel modules needed to enable cpufreq scaling.
[   29.744891] configfs-gadget.g_multi gadget.0: HOST MAC 1c:ba:8c:a2:ed:6c
[   29.751886] configfs-gadget.g_multi gadget.0: MAC 1c:ba:8c:a2:ed:70
[   29.759228] configfs-gadget.g_multi gadget.0: HOST MAC 1c:ba:8c:a2:ed:6c
[   29.766143] configfs-gadget.g_multi gadget.0: MAC 1c:ba:8c:a2:ed:6d
[   29.773611] PM: Cannot get wkup_m3_ipc handle
[[0;32m  OK  [0m] Started DUN service.
[[0;32m  OK  [0m] Started Telephony service.
[[0;32m  OK  [0m] Started Avahi mDNS/DNS-SD Stack.
[[0;32m  OK  [0m] Started Connection service.
[[0;32m  OK  [0m] Started Login Service.
         Starting Hostname Service...
         Starting WPA supplicant...
[[0;32m  OK  [0m] Reached target Sound Card.
         Starting LSB: set CPUFreq kernel parameters...
[[0;32m  OK  [0m] Started WPA supplicant.
[[0;32m  OK  [0m] Reached target Network.
         Starting OpenBSD Secure Shell server...
[[0;32m  OK  [0m] Reached target Network is Online.
         Starting LSB: Advanced IEEE 802.11 management daemon...
         Starting Permit User Sessions...
         Starting The Apache HTTP Server...
[[0;32m  OK  [0m] Started LSB: Advanced IEEE 802.11 management daemon.
[[0;32m  OK  [0m] Started Hostname Service.
[[0;32m  OK  [0m] Started LSB: set CPUFreq kernel parameters.
[[0;32m  OK  [0m] Started Permit User Sessions.
[[0;32m  OK  [0m] Started Serial Getty on ttyS0.
[[0;32m  OK  [0m] Started Getty on tty1.
[[0;32m  OK  [0m] Reached target Login Prompts.
[[0;32m  OK  [0m] Started OpenBSD Secure Shell server.
         Stopping LSB: Start busybox udhcpd at boot time...
[[0;32m  OK  [0m] Stopped LSB: Start busybox udhcpd at boot time.
         Starting dnsmasq - A lightweight DHCP and caching DNS server...
[[0;32m  OK  [0m] Started The Apache HTTP Server.
[[0;32m  OK  [0m] Started dnsmasq - A lightweight DHCP and caching DNS server.
[[0;32m  OK  [0m] Reached target Host and Network Name Lookups.
[[0;32m  OK  [0m] Started Serial Getty on ttyGS0.
[[0;32m  OK  [0m] Started Generic Board Startup.
[[0;32m  OK  [0m] Reached target Multi-User System.
[[0;32m  OK  [0m] Reached target Graphical Interface.
         Starting Update UTMP about System Runlevel Changes...
[[0;32m  OK  [0m] Started Update UTMP about System Runlevel Changes.

Debian GNU/Linux 9 arm ttyS0

default username:password is [debian:temppwd]

arm login: root
Password: 
Last login: Sat Jan  1 00:00:43 UTC 2000 on ttyS0
root
Linux arm 6.17.0-rc2-next-20250822 #1 SMP Fri Aug 22 10:25:14 EEST 2025 armv7l

The programs included with the Debian GNU/Linux system are free software;
the exact distribution terms for each program are described in the
individual files in /usr/share/doc/*/copyright.

Debian GNU/Linux comes with ABSOLUTELY NO WARRANTY, to the extent
permitted by applicable law.
root@arm:~# root
-bash: root: command not found
root@arm:~# dmesg -n 1
echo 'KNVG''JYEGYB'
root@arm:~# echo 'KNVG''JYEGYB'
KNVGJYEGYB
root@arm:~# run() { echo -n "$MARKER"; sh -c "$@"; echo "$MARKER $?"; }
root@arm:~# echo 'BXMJ''TOAKNM'
BXMJTOAKNM
root@arm:~# MARKER='WNJS''OLTUYO' run 'cat /proc/version'
WNJSOLTUYOLinux version 6.17.0-rc2-next-20250822 (user01@drvtest01) (arm-none-eabi-gcc (Arm GNU Toolchain 14.2.Rel1 (Build arm-14.52)) 14.2.1 20241119, GNU ld (Arm GNU Toolchain 14.2.Rel1 (Build arm-14.52)) 2.43.1.20241119) #1 SMP Fri Aug 22 10:25:14 EEST 2025
WNJSOLTUYO 0
root@arm:~# echo 'OGBE''YBWKYF'
OGBEYBWKYF
root@arm:~# MARKER='FVSX''CMJYZK' run false
FVSXCMJYZKFVSXCMJYZK 1
root@arm:~# Labgrid Console Logfile for main
Logfile started at 2025-08-22 10:39:42.105519
=== Log starts here ===

root@arm:~# run() { echo -n "$MARKER"; sh -c "$@"; echo "$MARKER $?"; }
root@arm:~# echo 'LEMJ''NEHEYU'
LEMJNEHEYU
root@arm:~# MARKER='HZPU''ZBHMHA' run 'ls /iio_generic_buffer; echo $?'
HZPUZBHMHA/iio_generic_buffer
0
HZPUZBHMHA 0
root@arm:~# Labgrid Console Logfile for main
Logfile started at 2025-08-22 10:39:45.466382
=== Log starts here ===

root@arm:~# run() { echo -n "$MARKER"; sh -c "$@"; echo "$MARKER $?"; }
root@arm:~# echo 'ASPY''XMUMXM'
ASPYXMUMXM
root@arm:~# MARKER='VKAA''SUJJOA' run dmesg
VKAASUJJOA[    0.000000] Booting Linux on physical CPU 0x0
[    0.000000] Linux version 6.17.0-rc2-next-20250822 (user01@drvtest01) (arm-none-eabi-gcc (Arm GNU Toolchain 14.2.Rel1 (Build arm-14.52)) 14.2.1 20241119, GNU ld (Arm GNU Toolchain 14.2.Rel1 (Build arm-14.52)) 2.43.1.20241119) #1 SMP Fri Aug 22 10:25:14 EEST 2025
[    0.000000] CPU: ARMv7 Processor [413fc082] revision 2 (ARMv7), cr=10c5387d
[    0.000000] CPU: PIPT / VIPT nonaliasing data cache, VIPT aliasing instruction cache
[    0.000000] OF: fdt: Machine model: TI AM335x BeagleBone Black
[    0.000000] Memory policy: Data cache writeback
[    0.000000] cma: Reserved 16 MiB at 0x9e800000
[    0.000000] Zone ranges:
[    0.000000]   Normal   [mem 0x0000000080000000-0x000000009fdfffff]
[    0.000000]   HighMem  empty
[    0.000000] Movable zone start for each node
[    0.000000] Early memory node ranges
[    0.000000]   node   0: [mem 0x0000000080000000-0x000000009fdfffff]
[    0.000000] Initmem setup node 0 [mem 0x0000000080000000-0x000000009fdfffff]
[    0.000000] On node 0, zone Normal: 512 pages in unavailable ranges
[    0.000000] OF: reserved mem: Reserved memory: No reserved-memory node in the DT
[    0.000000] CPU: All CPU(s) started in SVC mode.
[    0.000000] AM335X ES2.1 (sgx neon)
[    0.000000] percpu: Embedded 17 pages/cpu s39820 r8192 d21620 u69632
[    0.000000] pcpu-alloc: s39820 r8192 d21620 u69632 alloc=17*4096
[    0.000000] pcpu-alloc: [0] 0 
[    0.000000] Kernel command line: console=ttyO0,115200n8 root=/dev/nfs rw nfsroot=192.168.255.126:/home/user01/nfs,nfsvers=3 ip=192.168.255.1:192.168.255.126::255.255.255.0:bbb1:eth0 nfsrootdebug
[    0.000000] Unknown kernel command line parameters "nfsrootdebug", will be passed to user space.
[    0.000000] printk: log buffer data + meta data: 65536 + 204800 = 270336 bytes
[    0.000000] Dentry cache hash table entries: 65536 (order: 6, 262144 bytes, linear)
[    0.000000] Inode-cache hash table entries: 32768 (order: 5, 131072 bytes, linear)
[    0.000000] Built 1 zonelists, mobility grouping on.  Total pages: 130560
[    0.000000] mem auto-init: stack:off, heap alloc:off, heap free:off
[    0.000000] SLUB: HWalign=16, Order=0-3, MinObjects=0, CPUs=1, Nodes=1
[    0.000000] rcu: Hierarchical RCU implementation.
[    0.000000] rcu: 	RCU event tracing is enabled.
[    0.000000] rcu: 	RCU restricting CPUs from NR_CPUS=2 to nr_cpu_ids=1.
[    0.000000] 	Tracing variant of Tasks RCU enabled.
[    0.000000] rcu: RCU calculated value of scheduler-enlistment delay is 10 jiffies.
[    0.000000] rcu: Adjusting geometry for rcu_fanout_leaf=16, nr_cpu_ids=1
[    0.000000] RCU Tasks Trace: Setting shift to 0 and lim to 1 rcu_task_cb_adjust=1 rcu_task_cpu_ids=1.
[    0.000000] NR_IRQS: 16, nr_irqs: 16, preallocated irqs: 16
[    0.000000] IRQ: Found an INTC at 0x(ptrval) (revision 5.0) with 128 interrupts
[    0.000000] rcu: srcu_init: Setting srcu_struct sizes based on contention.
[    0.000000] TI gptimer clocksource: always-on /ocp/interconnect@44c00000/segment@200000/target-module@31000
[    0.000002] sched_clock: 32 bits at 24MHz, resolution 41ns, wraps every 89478484971ns
[    0.000026] clocksource: dmtimer: mask: 0xffffffff max_cycles: 0xffffffff, max_idle_ns: 79635851949 ns
[    0.000511] TI gptimer clockevent: 24000000 Hz at /ocp/interconnect@48000000/segment@0/target-module@40000
[    0.002081] Console: colour dummy device 80x30
[    0.002147] WARNING: Your 'console=ttyO0' has been replaced by 'ttyS0'
[    0.002154] This ensures that you still see kernel messages. Please
[    0.002159] update your kernel commandline.
[    0.002203] Calibrating delay loop... 996.14 BogoMIPS (lpj=4980736)
[    0.090559] CPU: Testing write buffer coherency: ok
[    0.090673] CPU0: Spectre v2: using BPIALL workaround
[    0.090683] pid_max: default: 32768 minimum: 301
[    0.090844] LSM: initializing lsm=capability
[    0.091010] Mount-cache hash table entries: 1024 (order: 0, 4096 bytes, linear)
[    0.091030] Mountpoint-cache hash table entries: 1024 (order: 0, 4096 bytes, linear)
[    0.092609] CPU0: thread -1, cpu 0, socket -1, mpidr 0
[    0.092667] cacheinfo: Unable to detect cache hierarchy for CPU 0
[    0.094671] Setting up static identity map for 0x80100000 - 0x80100078
[    0.095003] rcu: Hierarchical SRCU implementation.
[    0.095014] rcu: 	Max phase no-delay instances is 1000.
[    0.096729] smp: Bringing up secondary CPUs ...
[    0.096782] smp: Brought up 1 node, 1 CPU
[    0.096793] SMP: Total of 1 processors activated (996.14 BogoMIPS).
[    0.096806] CPU: All CPU(s) started in SVC mode.
[    0.097009] Memory: 480880K/522240K available (11264K kernel code, 1218K rwdata, 2936K rodata, 1024K init, 253K bss, 23328K reserved, 16384K cma-reserved, 0K highmem)
[    0.097833] devtmpfs: initialized
[    0.114787] VFP support v0.3: implementor 41 architecture 3 part 30 variant c rev 3
[    0.115419] clocksource: jiffies: mask: 0xffffffff max_cycles: 0xffffffff, max_idle_ns: 19112604462750000 ns
[    0.115476] posixtimers hash table entries: 512 (order: 0, 4096 bytes, linear)
[    0.115502] futex hash table entries: 256 (16384 bytes on 1 NUMA nodes, total 16 KiB, linear).
[    0.116630] pinctrl core: initialized pinctrl subsystem
[    0.118773] NET: Registered PF_NETLINK/PF_ROUTE protocol family
[    0.121898] DMA: preallocated 256 KiB pool for atomic coherent allocations
[    0.122502] audit: initializing netlink subsys (disabled)
[    0.123815] thermal_sys: Registered thermal governor 'fair_share'
[    0.123831] thermal_sys: Registered thermal governor 'step_wise'
[    0.123840] thermal_sys: Registered thermal governor 'user_space'
[    0.123952] audit: type=2000 audit(0.120:1): state=initialized audit_enabled=0 res=1
[    0.124026] cpuidle: using governor menu
[    0.142199] /ocp/interconnect@44c00000/segment@200000/target-module@b000/i2c@0/tda19988@70: Fixed dependency cycle(s) with /ocp/interconnect@48000000/segment@300000/target-module@e000/lcdc@0
[    0.143293] /ocp/interconnect@48000000/segment@300000/target-module@e000/lcdc@0: Fixed dependency cycle(s) with /ocp/interconnect@44c00000/segment@200000/target-module@b000/i2c@0/tda19988@70
[    0.145500] No ATAGs?
[    0.145543] hw-breakpoint: debug architecture 0x4 unsupported.
[    0.148622] kprobes: kprobe jump-optimization is enabled. All kprobes are optimized if possible.
[    0.154384] iommu: Default domain type: Translated
[    0.154405] iommu: DMA domain TLB invalidation policy: strict mode
[    0.155955] reg-fixed-voltage fixedregulator0: using DT '/fixedregulator0' for '(default)' GPIO lookup
[    0.156011] of_get_named_gpiod_flags: can't parse 'gpios' property of node '/fixedregulator0[0]'
[    0.156039] of_get_named_gpiod_flags: can't parse 'gpio' property of node '/fixedregulator0[0]'
[    0.156056] reg-fixed-voltage fixedregulator0: using lookup tables for GPIO lookup
[    0.156067] reg-fixed-voltage fixedregulator0: No GPIO consumer (default) found
[    0.161541] SCSI subsystem initialized
[    0.162024] libata version 3.00 loaded.
[    0.162407] pps_core: LinuxPPS API ver. 1 registered
[    0.162417] pps_core: Software ver. 5.3.6 - Copyright 2005-2007 Rodolfo Giometti <giometti@linux.it>
[    0.162440] PTP clock support registered
[    0.170970] vgaarb: loaded
[    0.171346] clocksource: Switched to clocksource dmtimer
[    0.172039] VFS: Disk quotas dquot_6.6.0
[    0.172097] VFS: Dquot-cache hash table entries: 1024 (order 0, 4096 bytes)
[    0.196475] NET: Registered PF_INET protocol family
[    0.196822] IP idents hash table entries: 8192 (order: 4, 65536 bytes, linear)
[    0.198247] tcp_listen_portaddr_hash hash table entries: 512 (order: 0, 4096 bytes, linear)
[    0.198285] Table-perturb hash table entries: 65536 (order: 6, 262144 bytes, linear)
[    0.198304] TCP established hash table entries: 4096 (order: 2, 16384 bytes, linear)
[    0.198349] TCP bind hash table entries: 4096 (order: 4, 65536 bytes, linear)
[    0.198449] TCP: Hash tables configured (established 4096 bind 4096)
[    0.198572] UDP hash table entries: 256 (order: 1, 14336 bytes, linear)
[    0.198610] UDP-Lite hash table entries: 256 (order: 1, 14336 bytes, linear)
[    0.198800] NET: Registered PF_UNIX/PF_LOCAL protocol family
[    0.202596] RPC: Registered named UNIX socket transport module.
[    0.202617] RPC: Registered udp transport module.
[    0.202622] RPC: Registered tcp transport module.
[    0.202627] RPC: Registered tcp-with-tls transport module.
[    0.202632] RPC: Registered tcp NFSv4.1 backchannel transport module.
[    0.202658] PCI: CLS 0 bytes, default 64
[    0.204057] Initialise system trusted keyrings
[    0.212172] workingset: timestamp_bits=14 max_order=17 bucket_order=3
[    0.213572] NFS: Registering the id_resolver key type
[    0.213651] Key type id_resolver registered
[    0.213659] Key type id_legacy registered
[    0.213764] jffs2: version 2.2. (NAND) (SUMMARY)  Â© 2001-2006 Red Hat, Inc.
[    0.214226] Key type asymmetric registered
[    0.214245] Asymmetric key parser 'x509' registered
[    0.214318] io scheduler mq-deadline registered
[    0.214330] io scheduler kyber registered
[    0.214409] io scheduler bfq registered
[    0.216294] target-module@4b000000:target-module@140000:pmu@0:fck: device ID is greater than 24
[    0.222488] l3-aon-clkctrl:0000:0: failed to disable
[    0.231776] ledtrig-cpu: registered to indicate activity on CPUs
[    0.235520] Serial: 8250/16550 driver, 6 ports, IRQ sharing enabled
[    0.282441] brd: module loaded
[    0.290883] loop: module loaded
[    0.291984] mtdoops: mtd device (mtddev=name/number) must be supplied
[    0.293538] mdio_bus fixed-0: using lookup tables for GPIO lookup
[    0.293563] mdio_bus fixed-0: No GPIO consumer reset found
[    0.294949] i2c_dev: i2c /dev entries driver
[    0.295973] cpuidle: enable-method property 'ti,am3352' found operations
[    0.296417] sdhci: Secure Digital Host Controller Interface driver
[    0.296425] sdhci: Copyright(c) Pierre Ossman
[    0.296607] sdhci-pltfm: SDHCI platform and OF driver helper
[    0.301851] hw perfevents: enabled with armv7_cortex_a8 PMU driver, 5 (8000000f) counters available
[    0.302403] Initializing XFRM netlink socket
[    0.302574] NET: Registered PF_INET6 protocol family
[    0.308244] l3-aon-clkctrl:0000:0: failed to disable
[    0.309623] Segment Routing with IPv6
[    0.309707] In-situ OAM (IOAM) with IPv6
[    0.309804] sit: IPv6, IPv4 and MPLS over IPv4 tunneling driver
[    0.310767] NET: Registered PF_PACKET protocol family
[    0.310793] NET: Registered PF_KEY protocol family
[    0.310914] Key type dns_resolver registered
[    0.311145] ThumbEE CPU extension supported.
[    0.311164] Registering SWP/SWPB emulation handler
[    0.311882] omap_voltage_late_init: Voltage driver support not added
[    0.312619] SmartReflex Class3 initialized
[    0.345789] Loading compiled-in X.509 certificates
[    0.388077] /ocp/interconnect@44c00000/segment@200000/target-module@b000/i2c@0/tda19988@70: Fixed dependency cycle(s) with /ocp/interconnect@48000000/segment@300000/target-module@e000/lcdc@0
[    0.394603] /ocp/interconnect@44c00000/segment@200000/target-module@b000/i2c@0/tda19988@70: Fixed dependency cycle(s) with /ocp/interconnect@48000000/segment@300000/target-module@e000/lcdc@0
[    0.400075] gpiochip_find_base_unlocked: found new base at 512
[    0.420267] /ocp/interconnect@44c00000/segment@200000/target-module@b000/i2c@0/tda19988@70: Fixed dependency cycle(s) with /ocp/interconnect@48000000/segment@300000/target-module@e000/lcdc@0
[    0.421151] /ocp/interconnect@44c00000/segment@200000/target-module@b000/i2c@0/tda19988@70: Fixed dependency cycle(s) with /ocp/interconnect@48000000/segment@300000/target-module@e000/lcdc@0
[    0.424960] /ocp/interconnect@44c00000/segment@200000/target-module@10000/scm@0/pinmux@800: Fixed dependency cycle(s) with /ocp/interconnect@44c00000/segment@200000/target-module@10000/scm@0/pinmux@800/clkout2-pins
[    0.425553] pinctrl-single 44e10800.pinmux: 142 pins, size 568
[    0.430833] ti-sysc 44e31000.target-module: probe with driver ti-sysc failed with error -16
[    0.455446] /ocp/interconnect@48000000/segment@300000/target-module@e000/lcdc@0: Fixed dependency cycle(s) with /ocp/interconnect@44c00000/segment@200000/target-module@b000/i2c@0/tda19988@70
[    0.463667] ti-sysc 48040000.target-module: probe with driver ti-sysc failed with error -16
[    0.475236] gpiochip_find_base_unlocked: found new base at 512
[    0.475334] gpio gpiochip0: (gpio-0-31): created GPIO range 0->7 ==> 44e10800.pinmux PIN 0->7
[    0.475353] gpio gpiochip0: (gpio-0-31): created GPIO range 8->11 ==> 44e10800.pinmux PIN 90->93
[    0.475369] gpio gpiochip0: (gpio-0-31): created GPIO range 12->27 ==> 44e10800.pinmux PIN 12->27
[    0.475384] gpio gpiochip0: (gpio-0-31): created GPIO range 28->31 ==> 44e10800.pinmux PIN 30->33
[    0.523164] gpio gpiochip0: (gpio-0-31): added GPIO chardev (254:0)
[    0.523376] gpio gpiochip0: registered GPIOs 512 to 543 on gpio-0-31
[    0.523462] OMAP GPIO hardware version 0.1
[    0.549398] i2c i2c-2: using DT '/ocp/interconnect@48000000/segment@100000/target-module@9c000/i2c@0' for 'scl' GPIO lookup
[    0.549478] of_get_named_gpiod_flags: can't parse 'scl-gpios' property of node '/ocp/interconnect@48000000/segment@100000/target-module@9c000/i2c@0[0]'
[    0.549524] of_get_named_gpiod_flags: can't parse 'scl-gpio' property of node '/ocp/interconnect@48000000/segment@100000/target-module@9c000/i2c@0[0]'
[    0.549561] i2c i2c-2: using lookup tables for GPIO lookup
[    0.549571] i2c i2c-2: No GPIO consumer scl found
[    0.549593] i2c i2c-2: using DT '/ocp/interconnect@48000000/segment@100000/target-module@9c000/i2c@0' for 'sda' GPIO lookup
[    0.549630] of_get_named_gpiod_flags: can't parse 'sda-gpios' property of node '/ocp/interconnect@48000000/segment@100000/target-module@9c000/i2c@0[0]'
[    0.549669] of_get_named_gpiod_flags: can't parse 'sda-gpio' property of node '/ocp/interconnect@48000000/segment@100000/target-module@9c000/i2c@0[0]'
[    0.549701] i2c i2c-2: using lookup tables for GPIO lookup
[    0.549708] i2c i2c-2: No GPIO consumer sda found
[    0.550432] omap_i2c 4819c000.i2c: bus 2 rev0.11 at 100 kHz
[    0.556257] gpiochip_find_base_unlocked: found new base at 544
[    0.556358] gpio gpiochip1: (gpio-32-63): created GPIO range 0->17 ==> 44e10800.pinmux PIN 34->51
[    0.556379] gpio gpiochip1: (gpio-32-63): created GPIO range 18->21 ==> 44e10800.pinmux PIN 77->80
[    0.556395] gpio gpiochip1: (gpio-32-63): created GPIO range 22->31 ==> 44e10800.pinmux PIN 56->65
[    0.578491] gpio gpiochip1: (gpio-32-63): added GPIO chardev (254:1)
[    0.578735] gpio gpiochip1: registered GPIOs 544 to 575 on gpio-32-63
[    0.581051] gpiochip_find_base_unlocked: found new base at 576
[    0.581143] gpio gpiochip2: (gpio-64-95): created GPIO range 0->4 ==> 44e10800.pinmux PIN 66->70
[    0.581164] gpio gpiochip2: (gpio-64-95): created GPIO range 5->6 ==> 44e10800.pinmux PIN 98->99
[    0.581180] gpio gpiochip2: (gpio-64-95): created GPIO range 7->8 ==> 44e10800.pinmux PIN 75->76
[    0.581196] gpio gpiochip2: (gpio-64-95): created GPIO range 13->13 ==> 44e10800.pinmux PIN 141->141
[    0.581212] gpio gpiochip2: (gpio-64-95): created GPIO range 14->21 ==> 44e10800.pinmux PIN 100->107
[    0.600087] gpio gpiochip2: (gpio-64-95): added GPIO chardev (254:2)
[    0.600316] gpio gpiochip2: registered GPIOs 576 to 607 on gpio-64-95
[    0.606182] 48000000.interconnect:segment@200000:target-module@0:mpu@0:fck: device ID is greater than 24
[    0.607087] /ocp/interconnect@48000000/segment@300000/target-module@e000/lcdc@0: Fixed dependency cycle(s) with /ocp/interconnect@44c00000/segment@200000/target-module@b000/i2c@0/tda19988@70
[    0.609933] /ocp/interconnect@48000000/segment@300000/target-module@e000/lcdc@0: Fixed dependency cycle(s) with /ocp/interconnect@44c00000/segment@200000/target-module@b000/i2c@0/tda19988@70
[    0.610654] /ocp/interconnect@44c00000/segment@200000/target-module@b000/i2c@0/tda19988@70: Fixed dependency cycle(s) with /ocp/interconnect@48000000/segment@300000/target-module@e000/lcdc@0
[    0.610812] /ocp/interconnect@48000000/segment@300000/target-module@e000/lcdc@0: Fixed dependency cycle(s) with /ocp/interconnect@44c00000/segment@200000/target-module@b000/i2c@0/tda19988@70
[    0.620536] mdio_bus 4a101000.mdio: using DT '/ocp/interconnect@4a000000/segment@0/target-module@100000/switch@0/mdio@1000' for 'reset' GPIO lookup
[    0.620608] of_get_named_gpiod_flags: can't parse 'reset-gpios' property of node '/ocp/interconnect@4a000000/segment@0/target-module@100000/switch@0/mdio@1000[0]'
[    0.620654] of_get_named_gpiod_flags: can't parse 'reset-gpio' property of node '/ocp/interconnect@4a000000/segment@0/target-module@100000/switch@0/mdio@1000[0]'
[    0.620700] mdio_bus 4a101000.mdio: using lookup tables for GPIO lookup
[    0.620710] mdio_bus 4a101000.mdio: No GPIO consumer reset found
[    0.621787] sdhci-omap 481d8000.mmc: using DT '/ocp/interconnect@48000000/segment@100000/target-module@d8000/mmc@0' for 'wp' GPIO lookup
[    0.621848] of_get_named_gpiod_flags: can't parse 'wp-gpios' property of node '/ocp/interconnect@48000000/segment@100000/target-module@d8000/mmc@0[0]'
[    0.621891] of_get_named_gpiod_flags: can't parse 'wp-gpio' property of node '/ocp/interconnect@48000000/segment@100000/target-module@d8000/mmc@0[0]'
[    0.621926] sdhci-omap 481d8000.mmc: using lookup tables for GPIO lookup
[    0.621936] sdhci-omap 481d8000.mmc: No GPIO consumer wp found
[    0.622136] sdhci-omap 481d8000.mmc: supply pbias not found, using dummy regulator
[    0.623583] sdhci-omap 481d8000.mmc: supply vqmmc not found, using dummy regulator
[    0.666141] davinci_mdio 4a101000.mdio: davinci mdio revision 1.6, bus freq 1000000
[    0.691555] mdio_bus 4a101000.mdio:00: using DT '/ocp/interconnect@4a000000/segment@0/target-module@100000/switch@0/mdio@1000/ethernet-phy@0' for 'reset' GPIO lookup
[    0.691659] of_get_named_gpiod_flags: parsed 'reset-gpios' property of node '/ocp/interconnect@4a000000/segment@0/target-module@100000/switch@0/mdio@1000/ethernet-phy@0[0]' - status (0)
[    0.691820] gpio gpiochip0: Persistence not supported for GPIO 8
[    0.832911] davinci_mdio 4a101000.mdio: phy[0]: device 4a101000.mdio:00, driver SMSC LAN8710/LAN8720
[    0.833693] cpsw-switch 4a100000.switch: initialized cpsw ale version 1.4
[    0.833716] cpsw-switch 4a100000.switch: ALE Table size 1024, Policers 0
[    0.833868] cpsw-switch 4a100000.switch: cpts: overflow check period 500 (jiffies)
[    0.833887] cpsw-switch 4a100000.switch: CPTS: ref_clk_freq:250000000 calc_mult:2147483648 calc_shift:29 error:0 nsec/sec
[    0.833995] cpsw-switch 4a100000.switch: Detected MACID = 6c:ec:eb:68:de:78
[    0.835849] cpsw-switch 4a100000.switch: initialized (regs 0x4a100000, pool size 256) hw_ver:0019010C 1.12 (0)
[    0.846837] debugfs: '49000000.dma' already exists in 'dmaengine'
[    0.846883] edma 49000000.dma: TI EDMA DMA engine driver
[    0.864701] gpio-clk clk_mcasp0: using DT '/clk_mcasp0' for 'enable' GPIO lookup
[    0.864779] of_get_named_gpiod_flags: parsed 'enable-gpios' property of node '/clk_mcasp0[0]' - status (0)
[    0.864824] gpio gpiochip0: Persistence not supported for GPIO 27
[    0.865705] gpiochip_find_base_unlocked: found new base at 608
[    0.865814] gpio gpiochip3: (gpio-96-127): created GPIO range 0->7 ==> 44e10800.pinmux PIN 82->89
[    0.865835] gpio gpiochip3: (gpio-96-127): created GPIO range 8->11 ==> 44e10800.pinmux PIN 52->55
[    0.865851] gpio gpiochip3: (gpio-96-127): created GPIO range 12->15 ==> 44e10800.pinmux PIN 94->97
[    0.865867] gpio gpiochip3: (gpio-96-127): created GPIO range 16->17 ==> 44e10800.pinmux PIN 71->72
[    0.865882] gpio gpiochip3: (gpio-96-127): created GPIO range 18->18 ==> 44e10800.pinmux PIN 135->135
[    0.865898] gpio gpiochip3: (gpio-96-127): created GPIO range 19->20 ==> 44e10800.pinmux PIN 108->109
[    0.865915] gpio gpiochip3: (gpio-96-127): created GPIO range 21->21 ==> 44e10800.pinmux PIN 73->73
[    0.865932] gpio gpiochip3: (gpio-96-127): created GPIO range 22->23 ==> 44e10800.pinmux PIN 8->9
[    0.865949] gpio gpiochip3: (gpio-96-127): created GPIO range 26->27 ==> 44e10800.pinmux PIN 10->11
[    0.865966] gpio gpiochip3: (gpio-96-127): created GPIO range 28->28 ==> 44e10800.pinmux PIN 74->74
[    0.865984] gpio gpiochip3: (gpio-96-127): created GPIO range 29->29 ==> 44e10800.pinmux PIN 81->81
[    0.866002] gpio gpiochip3: (gpio-96-127): created GPIO range 30->31 ==> 44e10800.pinmux PIN 28->29
[    0.877581] gpio gpiochip3: (gpio-96-127): added GPIO chardev (254:3)
[    0.877840] gpio gpiochip3: registered GPIOs 608 to 639 on gpio-96-127
[    0.879791] omap8250 44e09000.serial: using DT '/ocp/interconnect@44c00000/segment@200000/target-module@9000/serial@0' for 'rs485-term' GPIO lookup
[    0.879866] of_get_named_gpiod_flags: can't parse 'rs485-term-gpios' property of node '/ocp/interconnect@44c00000/segment@200000/target-module@9000/serial@0[0]'
[    0.879909] of_get_named_gpiod_flags: can't parse 'rs485-term-gpio' property of node '/ocp/interconnect@44c00000/segment@200000/target-module@9000/serial@0[0]'
[    0.879945] omap8250 44e09000.serial: using lookup tables for GPIO lookup
[    0.879955] omap8250 44e09000.serial: No GPIO consumer rs485-term found
[    0.879965] omap8250 44e09000.serial: using DT '/ocp/interconnect@44c00000/segment@200000/target-module@9000/serial@0' for 'rs485-rx-during-tx' GPIO lookup
[    0.880000] of_get_named_gpiod_flags: can't parse 'rs485-rx-during-tx-gpios' property of node '/ocp/interconnect@44c00000/segment@200000/target-module@9000/serial@0[0]'
[    0.880037] of_get_named_gpiod_flags: can't parse 'rs485-rx-during-tx-gpio' property of node '/ocp/interconnect@44c00000/segment@200000/target-module@9000/serial@0[0]'
[    0.880069] omap8250 44e09000.serial: using lookup tables for GPIO lookup
[    0.880077] omap8250 44e09000.serial: No GPIO consumer rs485-rx-during-tx found
[    0.880512] 44e09000.serial: ttyS0 at MMIO 0x44e09000 (irq = 34, base_baud = 3000000) is a 8250
[    0.880604] printk: legacy console [ttyS0] enabled
[    2.429083] i2c i2c-0: using DT '/ocp/interconnect@44c00000/segment@200000/target-module@b000/i2c@0' for 'scl' GPIO lookup
[    2.429171] of_get_named_gpiod_flags: can't parse 'scl-gpios' property of node '/ocp/interconnect@44c00000/segment@200000/target-module@b000/i2c@0[0]'
[    2.429218] of_get_named_gpiod_flags: can't parse 'scl-gpio' property of node '/ocp/interconnect@44c00000/segment@200000/target-module@b000/i2c@0[0]'
[    2.429259] i2c i2c-0: using lookup tables for GPIO lookup
[    2.429273] i2c i2c-0: No GPIO consumer scl found
[    2.429298] i2c i2c-0: using DT '/ocp/interconnect@44c00000/segment@200000/target-module@b000/i2c@0' for 'sda' GPIO lookup
[    2.429336] of_get_named_gpiod_flags: can't parse 'sda-gpios' property of node '/ocp/interconnect@44c00000/segment@200000/target-module@b000/i2c@0[0]'
[    2.429378] of_get_named_gpiod_flags: can't parse 'sda-gpio' property of node '/ocp/interconnect@44c00000/segment@200000/target-module@b000/i2c@0[0]'
[    2.429413] i2c i2c-0: using lookup tables for GPIO lookup
[    2.429424] i2c i2c-0: No GPIO consumer sda found
[    2.442314] tps65217-pmic: Failed to locate of_node [id: -1]
[    2.448385] tps65217-bl: Failed to locate of_node [id: -1]
[    2.454459] platform tps65217-charger: DMA mask not set
[    2.460505] platform tps65217-pwrbutton: DMA mask not set
[    2.467802] tps65217 0-0024: TPS65217 ID 0xe version 1.2
[    2.473937] /ocp/interconnect@48000000/segment@300000/target-module@e000/lcdc@0: Fixed dependency cycle(s) with /ocp/interconnect@44c00000/segment@200000/target-module@b000/i2c@0/tda19988@70
[    2.491370] /ocp/interconnect@44c00000/segment@200000/target-module@b000/i2c@0/tda19988@70: Fixed dependency cycle(s) with /ocp/interconnect@48000000/segment@300000/target-module@e000/lcdc@0
[    2.508729] omap_i2c 44e0b000.i2c: bus 0 rev0.11 at 400 kHz
[    2.516410] sdhci-omap 48060000.mmc: using DT '/ocp/interconnect@48000000/segment@0/target-module@60000/mmc@0' for 'cd' GPIO lookup
[    2.516515] of_get_named_gpiod_flags: parsed 'cd-gpios' property of node '/ocp/interconnect@48000000/segment@0/target-module@60000/mmc@0[0]' - status (0)
[    2.516583] gpio gpiochip3: Persistence not supported for GPIO 6
[    2.516609] omap_gpio 44e07000.gpio: Could not set line 6 debounce to 200000 microseconds (-22)
[    2.525550] sdhci-omap 48060000.mmc: Got CD GPIO
[    2.530207] sdhci-omap 48060000.mmc: using DT '/ocp/interconnect@48000000/segment@0/target-module@60000/mmc@0' for 'wp' GPIO lookup
[    2.530258] of_get_named_gpiod_flags: can't parse 'wp-gpios' property of node '/ocp/interconnect@48000000/segment@0/target-module@60000/mmc@0[0]'
[    2.530302] of_get_named_gpiod_flags: can't parse 'wp-gpio' property of node '/ocp/interconnect@48000000/segment@0/target-module@60000/mmc@0[0]'
[    2.530340] sdhci-omap 48060000.mmc: using lookup tables for GPIO lookup
[    2.530354] sdhci-omap 48060000.mmc: No GPIO consumer wp found
[    2.530559] sdhci-omap 48060000.mmc: supply pbias not found, using dummy regulator
[    2.539336] sdhci-omap 481d8000.mmc: using DT '/ocp/interconnect@48000000/segment@100000/target-module@d8000/mmc@0' for 'wp' GPIO lookup
[    2.539411] of_get_named_gpiod_flags: can't parse 'wp-gpios' property of node '/ocp/interconnect@48000000/segment@100000/target-module@d8000/mmc@0[0]'
[    2.539457] of_get_named_gpiod_flags: can't parse 'wp-gpio' property of node '/ocp/interconnect@48000000/segment@100000/target-module@d8000/mmc@0[0]'
[    2.539496] sdhci-omap 481d8000.mmc: using lookup tables for GPIO lookup
[    2.539510] sdhci-omap 481d8000.mmc: No GPIO consumer wp found
[    2.540524] sdhci-omap 48060000.mmc: supply vqmmc not found, using dummy regulator
[    2.549557] sdhci-omap 481d8000.mmc: supply pbias not found, using dummy regulator
[    2.559003] sdhci-omap 481d8000.mmc: supply vqmmc not found, using dummy regulator
[    2.595006] mmc0: SDHCI controller on 48060000.mmc [48060000.mmc] using External DMA
[    2.603318] mmc1: SDHCI controller on 481d8000.mmc [481d8000.mmc] using External DMA
[    2.612150] cpsw-switch 4a100000.switch: starting ndev. mode: dual_mac
[    2.681634] mmc1: new high speed MMC card at address 0001
[    2.688448] mmcblk1: mmc1:0001 MMC04G 3.60 GiB
[    2.696325]  mmcblk1: p1 p2
[    2.700061] SMSC LAN8710/LAN8720 4a101000.mdio:00: attached PHY driver (mii_bus:phy_addr=4a101000.mdio:00, irq=POLL)
[    2.712660] mmcblk1boot0: mmc1:0001 MMC04G 2.00 MiB
[    2.726633] mmcblk1boot1: mmc1:0001 MMC04G 2.00 MiB
[    2.735553] mmcblk1rpmb: mmc1:0001 MMC04G 128 KiB, chardev (249:0)
[    2.784423] mmc0: new high speed SDHC card at address aaaa
[    2.791263] mmcblk0: mmc0:aaaa SE32G 29.7 GiB
[    2.800542]  mmcblk0: p1 p2
[    5.842121] cpsw-switch 4a100000.switch eth0: Link is Up - 100Mbps/Full - flow control off
[    5.881600] IP-Config: Complete:
[    5.884882]      device=eth0, hwaddr=6c:ec:eb:68:de:78, ipaddr=192.168.255.1, mask=255.255.255.0, gw=255.255.255.255
[    5.895553]      host=bbb1, domain=, nis-domain=(none)
[    5.900723]      bootserver=192.168.255.126, rootserver=192.168.255.126, rootpath=
[    5.901141] clk: Disabling unused clocks
[    5.913031] KTAP version 1
[    5.915766] 1..0
[    5.918205] check access for rdinit=/init failed: -2, ignoring
[    5.956821] VFS: Mounted root (nfs filesystem) on device 0:17.
[    5.964034] devtmpfs: mounted
[    5.968534] Freeing unused kernel image (initmem) memory: 1024K
[    5.975326] Run /sbin/init as init process
[    5.979461]   with arguments:
[    5.979474]     /sbin/init
[    5.979483]     nfsrootdebug
[    5.979492]   with environment:
[    5.979500]     HOME=/
[    5.979509]     TERM=linux
[    6.656447] systemd[1]: System time before build time, advancing clock.
[    8.171369] random: crng init done
[    8.188072] systemd[1]: systemd 232 running in system mode. (+PAM +AUDIT +SELINUX +IMA +APPARMOR +SMACK +SYSVINIT +UTMP +LIBCRYPTSETUP +GCRYPT +GNUTLS +ACL +XZ +LZ4 +SECCOMP +BLKID +ELFUTILS +KMOD +IDN)
[    8.207083] systemd[1]: Detected architecture arm.
[    8.234853] systemd[1]: Set hostname to <arm>.
[    9.360748] systemd[1]: Created slice System Slice.
[    9.384889] systemd[1]: Listening on Journal Audit Socket.
[    9.411882] systemd[1]: dev-hugepages.mount: Couldn't determine result for ConditionVirtualization=!private-users, assuming failed: No such file or directory
[    9.426613] systemd[1]: Listening on udev Kernel Socket.
[    9.452289] systemd[1]: Started Dispatch Password Requests to Console Directory Watch.
[    9.483292] systemd[1]: Listening on udev Control Socket.
[    9.513084] systemd[1]: systemd-journald-dev-log.socket: SO_PASSSEC failed: Operation not supported
[   11.716251] systemd-journald[89]: Received request to flush runtime journal from PID 1
[   12.660103] omap_prm 44e00d00.prm: sync_state() pending due to 44d00000.cpu
[   14.553110] leds-gpio leds: using DT '/leds/led2' for '(default)' GPIO lookup
[   14.553213] of_get_named_gpiod_flags: parsed 'gpios' property of node '/leds/led2[0]' - status (0)
[   14.553271] gpio gpiochip0: Persistence not supported for GPIO 21
[   14.553287] gpio-533 (?): no flags found for GPIO (default)
[   14.643587] leds-gpio leds: using DT '/leds/led3' for '(default)' GPIO lookup
[   14.643831] of_get_named_gpiod_flags: parsed 'gpios' property of node '/leds/led3[0]' - status (0)
[   14.643898] gpio gpiochip0: Persistence not supported for GPIO 22
[   14.643913] gpio-534 (?): no flags found for GPIO (default)
[   14.661821] leds-gpio leds: using DT '/leds/led4' for '(default)' GPIO lookup
[   14.661930] of_get_named_gpiod_flags: parsed 'gpios' property of node '/leds/led4[0]' - status (0)
[   14.661983] gpio gpiochip0: Persistence not supported for GPIO 23
[   14.661999] gpio-535 (?): no flags found for GPIO (default)
[   14.681901] leds-gpio leds: using DT '/leds/led5' for '(default)' GPIO lookup
[   14.682007] of_get_named_gpiod_flags: parsed 'gpios' property of node '/leds/led5[0]' - status (0)
[   14.682061] gpio gpiochip0: Persistence not supported for GPIO 24
[   14.682076] gpio-536 (?): no flags found for GPIO (default)
[   14.958965] remoteproc remoteproc0: wkup_m3 is available
[   15.167075] at24 2-0054: supply vcc not found, using dummy regulator
[   15.274270] at24 2-0055: supply vcc not found, using dummy regulator
[   15.406621] at24 2-0056: supply vcc not found, using dummy regulator
[   15.542361] at24 2-0057: supply vcc not found, using dummy regulator
[   15.629327] at24 0-0050: using DT '/ocp/interconnect@44c00000/segment@200000/target-module@b000/i2c@0/eeprom@50' for 'wp' GPIO lookup
[   15.629442] of_get_named_gpiod_flags: can't parse 'wp-gpios' property of node '/ocp/interconnect@44c00000/segment@200000/target-module@b000/i2c@0/eeprom@50[0]'
[   15.629500] of_get_named_gpiod_flags: can't parse 'wp-gpio' property of node '/ocp/interconnect@44c00000/segment@200000/target-module@b000/i2c@0/eeprom@50[0]'
[   15.629548] at24 0-0050: using lookup tables for GPIO lookup
[   15.629562] at24 0-0050: No GPIO consumer wp found
[   15.629863] at24 0-0050: 32768 byte 24c256 EEPROM, writable, 1 bytes/write
[   16.057351] input: tps65217_pwrbutton as /devices/platform/ocp/44c00000.interconnect/44c00000.interconnect:segment@200000/44e0b000.target-module/44e0b000.i2c/i2c-0/0-0024/tps65217-pwrbutton/input/input0
[   16.197550] omap_rtc 44e3e000.rtc: registered as rtc0
[   16.204463] omap_rtc 44e3e000.rtc: setting system clock to 2000-01-01T00:00:00 UTC (946684800)
[   16.213354] omap_rtc 44e3e000.rtc: using DT '/ocp/interconnect@44c00000/segment@200000/target-module@3e000/rtc@0' for 'wp' GPIO lookup
[   16.213430] of_get_named_gpiod_flags: can't parse 'wp-gpios' property of node '/ocp/interconnect@44c00000/segment@200000/target-module@3e000/rtc@0[0]'
[   16.213483] of_get_named_gpiod_flags: can't parse 'wp-gpio' property of node '/ocp/interconnect@44c00000/segment@200000/target-module@3e000/rtc@0[0]'
[   16.213523] omap_rtc 44e3e000.rtc: using lookup tables for GPIO lookup
[   16.213538] omap_rtc 44e3e000.rtc: No GPIO consumer wp found
[   16.397604] omap_wdt: OMAP Watchdog Timer Rev 0x01: initial timeout 60 sec
[   16.716706] am335x-phy-driver 47401300.usb-phy: using DT '/ocp/target-module@47400000/usb-phy@1300' for 'reset' GPIO lookup
[   16.716800] of_get_named_gpiod_flags: can't parse 'reset-gpios' property of node '/ocp/target-module@47400000/usb-phy@1300[0]'
[   16.716845] of_get_named_gpiod_flags: can't parse 'reset-gpio' property of node '/ocp/target-module@47400000/usb-phy@1300[0]'
[   16.716883] am335x-phy-driver 47401300.usb-phy: using lookup tables for GPIO lookup
[   16.716899] am335x-phy-driver 47401300.usb-phy: No GPIO consumer reset found
[   16.716913] am335x-phy-driver 47401300.usb-phy: using DT '/ocp/target-module@47400000/usb-phy@1300' for 'vbus-detect' GPIO lookup
[   16.716944] of_get_named_gpiod_flags: can't parse 'vbus-detect-gpios' property of node '/ocp/target-module@47400000/usb-phy@1300[0]'
[   16.716977] of_get_named_gpiod_flags: can't parse 'vbus-detect-gpio' property of node '/ocp/target-module@47400000/usb-phy@1300[0]'
[   16.717003] am335x-phy-driver 47401300.usb-phy: using lookup tables for GPIO lookup
[   16.717015] am335x-phy-driver 47401300.usb-phy: No GPIO consumer vbus-detect found
[   16.717163] am335x-phy-driver 47401300.usb-phy: dummy supplies not allowed for exclusive requests (id=vbus)
[   16.836081] am335x-phy-driver 47401b00.usb-phy: using DT '/ocp/target-module@47400000/usb-phy@1b00' for 'reset' GPIO lookup
[   16.836235] of_get_named_gpiod_flags: can't parse 'reset-gpios' property of node '/ocp/target-module@47400000/usb-phy@1b00[0]'
[   16.836329] of_get_named_gpiod_flags: can't parse 'reset-gpio' property of node '/ocp/target-module@47400000/usb-phy@1b00[0]'
[   16.836373] am335x-phy-driver 47401b00.usb-phy: using lookup tables for GPIO lookup
[   16.836389] am335x-phy-driver 47401b00.usb-phy: No GPIO consumer reset found
[   16.836451] am335x-phy-driver 47401b00.usb-phy: using DT '/ocp/target-module@47400000/usb-phy@1b00' for 'vbus-detect' GPIO lookup
[   16.836489] of_get_named_gpiod_flags: can't parse 'vbus-detect-gpios' property of node '/ocp/target-module@47400000/usb-phy@1b00[0]'
[   16.836523] of_get_named_gpiod_flags: can't parse 'vbus-detect-gpio' property of node '/ocp/target-module@47400000/usb-phy@1b00[0]'
[   16.836593] am335x-phy-driver 47401b00.usb-phy: using lookup tables for GPIO lookup
[   16.836608] am335x-phy-driver 47401b00.usb-phy: No GPIO consumer vbus-detect found
[   16.836860] am335x-phy-driver 47401b00.usb-phy: dummy supplies not allowed for exclusive requests (id=vbus)
[   16.950710] usbcore: registered new interface driver usbfs
[   16.956516] usbcore: registered new interface driver hub
[   16.962130] usbcore: registered new device driver usb
[   17.365335] tda998x 0-0070: found TDA19988
[   17.688257] musb-hdrc musb-hdrc.1: MUSB HDRC host driver
[   17.693915] musb-hdrc musb-hdrc.1: new USB bus registered, assigned bus number 1
[   17.954988] omap-mailbox 480c8000.mailbox: omap mailbox rev 0x400
[   17.964947] usb usb1: New USB device found, idVendor=1d6b, idProduct=0002, bcdDevice= 6.17
[   17.973544] usb usb1: New USB device strings: Mfr=3, Product=2, SerialNumber=1
[   17.980813] usb usb1: Product: MUSB HDRC host driver
[   17.985906] usb usb1: Manufacturer: Linux 6.17.0-rc2-next-20250822 musb-hcd
[   17.992938] usb usb1: SerialNumber: musb-hdrc.1
[   18.089899] remoteproc remoteproc0: powering up wkup_m3
[   18.254013] remoteproc remoteproc0: Direct firmware load for am335x-pm-firmware.elf failed with error -2
[   18.263956] remoteproc remoteproc0: request_firmware failed: -2
[   18.269927] wkup_m3_ipc 44e11324.wkup_m3_ipc: rproc_boot failed
[   18.451714] hub 1-0:1.0: USB hub found
[   18.456730] hub 1-0:1.0: 1 port detected
[   20.263717] omap_rng 48310000.rng: Random Number Generator ver. 20
[   20.571792] tilcdc 4830e000.lcdc: bound 0-0070 (ops 0xbf10b0f8)
[   20.712270] [drm] Initialized tilcdc 1.0.0 for 4830e000.lcdc on minor 0
[   20.822169] tilcdc 4830e000.lcdc: [drm] Cannot find any crtc or sizes
[   20.832242] tilcdc 4830e000.lcdc: [drm] Cannot find any crtc or sizes
[   22.303545] PM: Cannot get wkup_m3_ipc handle
[   22.436239] omap-sham 53100000.sham: hw accel on OMAP rev 4.3
[   22.574123] omap-sham 53100000.sham: will run requests pump with realtime priority
[   22.585290] PM: Cannot get wkup_m3_ipc handle
[   22.604398] omap-aes 53500000.aes: OMAP AES hw accel rev: 3.2
[   22.717482] omap-aes 53500000.aes: will run requests pump with realtime priority
[   22.726496] PM: Cannot get wkup_m3_ipc handle
[   23.547746] ------------[ cut here ]------------
[   23.552613] WARNING: net/8021q/vlan_core.c:236 at vlan_for_each+0x114/0x134, CPU#0: avahi-daemon/282
[   23.561910] RTNL: assertion failed at net/8021q/vlan_core.c (236)
[   23.568037] Modules linked in: ecdh_generic snd_soc_simple_card ecc snd_soc_simple_card_utils omap_aes_driver omap_crypto omap_sham libaes pm33xx crypto_engine ti_emif_sram tilcdc drm_dma_helper omap_rng drm_client_lib rng_core snd_soc_davinci_mcasp snd_soc_ti_udma snd_soc_ti_edma snd_soc_ti_sdma snd_soc_core snd_pcm_dmaengine snd_pcm omap_mailbox snd_timer snd soundcore musb_dsps musb_hdrc tda998x udc_core cec usbcore phy_am335x drm_kms_helper phy_generic omap_wdt watchdog usb_common cppi41 rtc_omap drm wkup_m3_ipc phy_am335x_control tps65218_pwrbutton drm_panel_orientation_quirks at24 wkup_m3_rproc leds_gpio led_class cpufreq_dt autofs4
[   23.625207] CPU: 0 UID: 107 PID: 282 Comm: avahi-daemon Not tainted 6.17.0-rc2-next-20250822 #1 NONE 
[   23.625226] Hardware name: Generic AM33XX (Flattened Device Tree)
[   23.625236] Call trace: 
[   23.625251]  unwind_backtrace from show_stack+0x10/0x14
[   23.625287]  show_stack from dump_stack_lvl+0x50/0x64
[   23.625313]  dump_stack_lvl from __warn+0x88/0x148
[   23.625330]  __warn from warn_slowpath_fmt+0x19c/0x1b0
[   23.625343]  warn_slowpath_fmt from vlan_for_each+0x114/0x134
[   23.625366]  vlan_for_each from cpsw_add_mc_addr+0x40/0xa4
[   23.625396]  cpsw_add_mc_addr from __hw_addr_ref_sync_dev+0x108/0x140
[   23.625430]  __hw_addr_ref_sync_dev from __dev_mc_add+0x7c/0x80
[   23.625455]  __dev_mc_add from igmp6_group_added+0xc8/0xe0
[   23.625485]  igmp6_group_added from __ipv6_dev_mc_inc+0x218/0x364
[   23.625504]  __ipv6_dev_mc_inc from __ipv6_sock_mc_join+0x11c/0x214
[   23.625523]  __ipv6_sock_mc_join from do_ipv6_setsockopt+0x1214/0x1310
[   23.625557]  do_ipv6_setsockopt from ipv6_setsockopt+0x60/0xcc
[   23.625580]  ipv6_setsockopt from udpv6_setsockopt+0x2c/0x6c
[   23.625599]  udpv6_setsockopt from sock_common_setsockopt+0x30/0x40
[   23.625615]  sock_common_setsockopt from do_sock_setsockopt+0x50/0x9c
[   23.625638]  do_sock_setsockopt from __sys_setsockopt+0x70/0xbc
[   23.625661]  __sys_setsockopt from ret_fast_syscall+0x0/0x58
[   23.625679] Exception stack(0xe0309fa8 to 0xe0309ff0)
[   23.625693] 9fa0:                   00000014 b6f90ce8 0000000d 00000029 00000014 beb719ec
[   23.625705] 9fc0: 00000014 b6f90ce8 00000014 00000126 0000000d b6f39ff4 0048e988 00476558
[   23.625714] 9fe0: b6f4f088 beb719d8 b6f2c309 b6e0341a
[   23.625721] ---[ end trace 0000000000000000 ]---
[   24.542012] Bluetooth: Core ver 2.22
[   24.545834] NET: Registered PF_BLUETOOTH protocol family
[   24.551180] Bluetooth: HCI device and connection manager initialized
[   24.557776] Bluetooth: HCI socket layer initialized
[   24.562736] Bluetooth: L2CAP socket layer initialized
[   24.567847] Bluetooth: SCO socket layer initialized
[   25.854330] tda998x 0-0070: using DT '/ocp/interconnect@44c00000/segment@200000/target-module@b000/i2c@0/tda19988@70' for 'nxp,calib' GPIO lookup
[   25.854588] of_get_named_gpiod_flags: parsed 'nxp,calib-gpios' property of node '/ocp/interconnect@44c00000/segment@200000/target-module@b000/i2c@0/tda19988@70[0]' - status (0)
[   25.854677] gpio gpiochip0: Persistence not supported for GPIO 25
[   25.854694] gpio-537 (nxp,calib): no flags found for GPIO nxp,calib
[   25.875387] PM: Cannot get wkup_m3_ipc handle
[   25.881177] asoc-simple-card sound: using DT '/sound' for 'simple-audio-card,hp-det' GPIO lookup
[   25.881250] of_get_named_gpiod_flags: can't parse 'simple-audio-card,hp-det-gpios' property of node '/sound[0]'
[   25.881285] of_get_named_gpiod_flags: can't parse 'simple-audio-card,hp-det-gpio' property of node '/sound[0]'
[   25.881563] asoc-simple-card sound: using lookup tables for GPIO lookup
[   25.881590] asoc-simple-card sound: No GPIO consumer simple-audio-card,hp-det found
[   25.881609] asoc-simple-card sound: using DT '/sound' for 'simple-audio-card,mic-det' GPIO lookup
[   25.881642] of_get_named_gpiod_flags: can't parse 'simple-audio-card,mic-det-gpios' property of node '/sound[0]'
[   25.881670] of_get_named_gpiod_flags: can't parse 'simple-audio-card,mic-det-gpio' property of node '/sound[0]'
[   25.881691] asoc-simple-card sound: using lookup tables for GPIO lookup
[   25.881703] asoc-simple-card sound: No GPIO consumer simple-audio-card,mic-det found
[   25.883920] gpio-537 (nxp,calib): gpiod_direction_output_nonotify: tried to set a GPIO tied to an IRQ as output
[   26.040751] PM: Cannot get wkup_m3_ipc handle
[   26.171205] tda9950 0-0034: TDA9950 CEC interface, hardware version 3.3
[   26.253569] PM: Cannot get wkup_m3_ipc handle
[   29.526330] userial_init: registered 8 ttyGS* devices
[   29.688710] rndis_register: configNr = 0
[   29.743643] udc musb-hdrc.0: binding gadget driver [g_multi]
[   29.743752] configfs-gadget.g_multi gadget.0: adding 'rndis'/981107fc to config 'c'/fb79f7df
[   29.744891] configfs-gadget.g_multi gadget.0: HOST MAC 1c:ba:8c:a2:ed:6c
[   29.751886] configfs-gadget.g_multi gadget.0: MAC 1c:ba:8c:a2:ed:70
[   29.758243] rndis_set_param_medium: 0 0
[   29.758261] configfs-gadget.g_multi gadget.0: RNDIS: IN/ep1in OUT/ep1out NOTIFY/ep2in
[   29.758277] configfs-gadget.g_multi gadget.0: adding 'cdc_ethernet'/4df29d1b to config 'c'/fb79f7df
[   29.759228] configfs-gadget.g_multi gadget.0: HOST MAC 1c:ba:8c:a2:ed:6c
[   29.766143] configfs-gadget.g_multi gadget.0: MAC 1c:ba:8c:a2:ed:6d
[   29.772516] configfs-gadget.g_multi gadget.0: CDC Ethernet: IN/ep3in OUT/ep2out NOTIFY/ep4in
[   29.772536] configfs-gadget.g_multi gadget.0: adding 'acm'/346de8db to config 'c'/fb79f7df
[   29.772583] configfs-gadget.g_multi gadget.0: acm ttyGS0: IN/ep5in OUT/ep3out NOTIFY/ep6in
[   29.773611] PM: Cannot get wkup_m3_ipc handle
[   31.688477] configfs-gadget.g_multi gadget.0: eth_open
[   35.495295] gs_open: ttyGS0 (9929b709,21f51212)
[   35.495456] gs_close: ttyGS0 (9929b709,21f51212) ...
[   35.495480] gs_close: ttyGS0 (9929b709,21f51212) done!
[   35.514701] gs_open: ttyGS0 (db927fdb,21f51212)
[   35.514819] gs_close: ttyGS0 (db927fdb,21f51212) ...
[   35.514841] gs_close: ttyGS0 (db927fdb,21f51212) done!
[   35.697288] gs_open: ttyGS0 (db927fdb,ba69099f)
[   35.697524] gs_close: ttyGS0 (db927fdb,ba69099f) ...
[   35.697550] gs_close: ttyGS0 (db927fdb,ba69099f) done!
[   35.697924] gs_open: ttyGS0 (db927fdb,ba69099f)
VKAASUJJOA 0
root@arm:~# echo 'HWHE''BTTUZY'
HWHEBTTUZY
root@arm:~# MARKER='TAFC''YTEVJV' run 'modprobe test_linear_ranges'
TAFCYTEVJVTAFCYTEVJV 0
root@arm:~# echo 'ZQZJ''QOCVHC'
ZQZJQOCVHC
root@arm:~# MARKER='XTWF''SVGZEA' run dmesg
XTWFSVGZEA[    0.000000] Booting Linux on physical CPU 0x0
[    0.000000] Linux version 6.17.0-rc2-next-20250822 (user01@drvtest01) (arm-none-eabi-gcc (Arm GNU Toolchain 14.2.Rel1 (Build arm-14.52)) 14.2.1 20241119, GNU ld (Arm GNU Toolchain 14.2.Rel1 (Build arm-14.52)) 2.43.1.20241119) #1 SMP Fri Aug 22 10:25:14 EEST 2025
[    0.000000] CPU: ARMv7 Processor [413fc082] revision 2 (ARMv7), cr=10c5387d
[    0.000000] CPU: PIPT / VIPT nonaliasing data cache, VIPT aliasing instruction cache
[    0.000000] OF: fdt: Machine model: TI AM335x BeagleBone Black
[    0.000000] Memory policy: Data cache writeback
[    0.000000] cma: Reserved 16 MiB at 0x9e800000
[    0.000000] Zone ranges:
[    0.000000]   Normal   [mem 0x0000000080000000-0x000000009fdfffff]
[    0.000000]   HighMem  empty
[    0.000000] Movable zone start for each node
[    0.000000] Early memory node ranges
[    0.000000]   node   0: [mem 0x0000000080000000-0x000000009fdfffff]
[    0.000000] Initmem setup node 0 [mem 0x0000000080000000-0x000000009fdfffff]
[    0.000000] On node 0, zone Normal: 512 pages in unavailable ranges
[    0.000000] OF: reserved mem: Reserved memory: No reserved-memory node in the DT
[    0.000000] CPU: All CPU(s) started in SVC mode.
[    0.000000] AM335X ES2.1 (sgx neon)
[    0.000000] percpu: Embedded 17 pages/cpu s39820 r8192 d21620 u69632
[    0.000000] pcpu-alloc: s39820 r8192 d21620 u69632 alloc=17*4096
[    0.000000] pcpu-alloc: [0] 0 
[    0.000000] Kernel command line: console=ttyO0,115200n8 root=/dev/nfs rw nfsroot=192.168.255.126:/home/user01/nfs,nfsvers=3 ip=192.168.255.1:192.168.255.126::255.255.255.0:bbb1:eth0 nfsrootdebug
[    0.000000] Unknown kernel command line parameters "nfsrootdebug", will be passed to user space.
[    0.000000] printk: log buffer data + meta data: 65536 + 204800 = 270336 bytes
[    0.000000] Dentry cache hash table entries: 65536 (order: 6, 262144 bytes, linear)
[    0.000000] Inode-cache hash table entries: 32768 (order: 5, 131072 bytes, linear)
[    0.000000] Built 1 zonelists, mobility grouping on.  Total pages: 130560
[    0.000000] mem auto-init: stack:off, heap alloc:off, heap free:off
[    0.000000] SLUB: HWalign=16, Order=0-3, MinObjects=0, CPUs=1, Nodes=1
[    0.000000] rcu: Hierarchical RCU implementation.
[    0.000000] rcu: 	RCU event tracing is enabled.
[    0.000000] rcu: 	RCU restricting CPUs from NR_CPUS=2 to nr_cpu_ids=1.
[    0.000000] 	Tracing variant of Tasks RCU enabled.
[    0.000000] rcu: RCU calculated value of scheduler-enlistment delay is 10 jiffies.
[    0.000000] rcu: Adjusting geometry for rcu_fanout_leaf=16, nr_cpu_ids=1
[    0.000000] RCU Tasks Trace: Setting shift to 0 and lim to 1 rcu_task_cb_adjust=1 rcu_task_cpu_ids=1.
[    0.000000] NR_IRQS: 16, nr_irqs: 16, preallocated irqs: 16
[    0.000000] IRQ: Found an INTC at 0x(ptrval) (revision 5.0) with 128 interrupts
[    0.000000] rcu: srcu_init: Setting srcu_struct sizes based on contention.
[    0.000000] TI gptimer clocksource: always-on /ocp/interconnect@44c00000/segment@200000/target-module@31000
[    0.000002] sched_clock: 32 bits at 24MHz, resolution 41ns, wraps every 89478484971ns
[    0.000026] clocksource: dmtimer: mask: 0xffffffff max_cycles: 0xffffffff, max_idle_ns: 79635851949 ns
[    0.000511] TI gptimer clockevent: 24000000 Hz at /ocp/interconnect@48000000/segment@0/target-module@40000
[    0.002081] Console: colour dummy device 80x30
[    0.002147] WARNING: Your 'console=ttyO0' has been replaced by 'ttyS0'
[    0.002154] This ensures that you still see kernel messages. Please
[    0.002159] update your kernel commandline.
[    0.002203] Calibrating delay loop... 996.14 BogoMIPS (lpj=4980736)
[    0.090559] CPU: Testing write buffer coherency: ok
[    0.090673] CPU0: Spectre v2: using BPIALL workaround
[    0.090683] pid_max: default: 32768 minimum: 301
[    0.090844] LSM: initializing lsm=capability
[    0.091010] Mount-cache hash table entries: 1024 (order: 0, 4096 bytes, linear)
[    0.091030] Mountpoint-cache hash table entries: 1024 (order: 0, 4096 bytes, linear)
[    0.092609] CPU0: thread -1, cpu 0, socket -1, mpidr 0
[    0.092667] cacheinfo: Unable to detect cache hierarchy for CPU 0
[    0.094671] Setting up static identity map for 0x80100000 - 0x80100078
[    0.095003] rcu: Hierarchical SRCU implementation.
[    0.095014] rcu: 	Max phase no-delay instances is 1000.
[    0.096729] smp: Bringing up secondary CPUs ...
[    0.096782] smp: Brought up 1 node, 1 CPU
[    0.096793] SMP: Total of 1 processors activated (996.14 BogoMIPS).
[    0.096806] CPU: All CPU(s) started in SVC mode.
[    0.097009] Memory: 480880K/522240K available (11264K kernel code, 1218K rwdata, 2936K rodata, 1024K init, 253K bss, 23328K reserved, 16384K cma-reserved, 0K highmem)
[    0.097833] devtmpfs: initialized
[    0.114787] VFP support v0.3: implementor 41 architecture 3 part 30 variant c rev 3
[    0.115419] clocksource: jiffies: mask: 0xffffffff max_cycles: 0xffffffff, max_idle_ns: 19112604462750000 ns
[    0.115476] posixtimers hash table entries: 512 (order: 0, 4096 bytes, linear)
[    0.115502] futex hash table entries: 256 (16384 bytes on 1 NUMA nodes, total 16 KiB, linear).
[    0.116630] pinctrl core: initialized pinctrl subsystem
[    0.118773] NET: Registered PF_NETLINK/PF_ROUTE protocol family
[    0.121898] DMA: preallocated 256 KiB pool for atomic coherent allocations
[    0.122502] audit: initializing netlink subsys (disabled)
[    0.123815] thermal_sys: Registered thermal governor 'fair_share'
[    0.123831] thermal_sys: Registered thermal governor 'step_wise'
[    0.123840] thermal_sys: Registered thermal governor 'user_space'
[    0.123952] audit: type=2000 audit(0.120:1): state=initialized audit_enabled=0 res=1
[    0.124026] cpuidle: using governor menu
[    0.142199] /ocp/interconnect@44c00000/segment@200000/target-module@b000/i2c@0/tda19988@70: Fixed dependency cycle(s) with /ocp/interconnect@48000000/segment@300000/target-module@e000/lcdc@0
[    0.143293] /ocp/interconnect@48000000/segment@300000/target-module@e000/lcdc@0: Fixed dependency cycle(s) with /ocp/interconnect@44c00000/segment@200000/target-module@b000/i2c@0/tda19988@70
[    0.145500] No ATAGs?
[    0.145543] hw-breakpoint: debug architecture 0x4 unsupported.
[    0.148622] kprobes: kprobe jump-optimization is enabled. All kprobes are optimized if possible.
[    0.154384] iommu: Default domain type: Translated
[    0.154405] iommu: DMA domain TLB invalidation policy: strict mode
[    0.155955] reg-fixed-voltage fixedregulator0: using DT '/fixedregulator0' for '(default)' GPIO lookup
[    0.156011] of_get_named_gpiod_flags: can't parse 'gpios' property of node '/fixedregulator0[0]'
[    0.156039] of_get_named_gpiod_flags: can't parse 'gpio' property of node '/fixedregulator0[0]'
[    0.156056] reg-fixed-voltage fixedregulator0: using lookup tables for GPIO lookup
[    0.156067] reg-fixed-voltage fixedregulator0: No GPIO consumer (default) found
[    0.161541] SCSI subsystem initialized
[    0.162024] libata version 3.00 loaded.
[    0.162407] pps_core: LinuxPPS API ver. 1 registered
[    0.162417] pps_core: Software ver. 5.3.6 - Copyright 2005-2007 Rodolfo Giometti <giometti@linux.it>
[    0.162440] PTP clock support registered
[    0.170970] vgaarb: loaded
[    0.171346] clocksource: Switched to clocksource dmtimer
[    0.172039] VFS: Disk quotas dquot_6.6.0
[    0.172097] VFS: Dquot-cache hash table entries: 1024 (order 0, 4096 bytes)
[    0.196475] NET: Registered PF_INET protocol family
[    0.196822] IP idents hash table entries: 8192 (order: 4, 65536 bytes, linear)
[    0.198247] tcp_listen_portaddr_hash hash table entries: 512 (order: 0, 4096 bytes, linear)
[    0.198285] Table-perturb hash table entries: 65536 (order: 6, 262144 bytes, linear)
[    0.198304] TCP established hash table entries: 4096 (order: 2, 16384 bytes, linear)
[    0.198349] TCP bind hash table entries: 4096 (order: 4, 65536 bytes, linear)
[    0.198449] TCP: Hash tables configured (established 4096 bind 4096)
[    0.198572] UDP hash table entries: 256 (order: 1, 14336 bytes, linear)
[    0.198610] UDP-Lite hash table entries: 256 (order: 1, 14336 bytes, linear)
[    0.198800] NET: Registered PF_UNIX/PF_LOCAL protocol family
[    0.202596] RPC: Registered named UNIX socket transport module.
[    0.202617] RPC: Registered udp transport module.
[    0.202622] RPC: Registered tcp transport module.
[    0.202627] RPC: Registered tcp-with-tls transport module.
[    0.202632] RPC: Registered tcp NFSv4.1 backchannel transport module.
[    0.202658] PCI: CLS 0 bytes, default 64
[    0.204057] Initialise system trusted keyrings
[    0.212172] workingset: timestamp_bits=14 max_order=17 bucket_order=3
[    0.213572] NFS: Registering the id_resolver key type
[    0.213651] Key type id_resolver registered
[    0.213659] Key type id_legacy registered
[    0.213764] jffs2: version 2.2. (NAND) (SUMMARY)  Â© 2001-2006 Red Hat, Inc.
[    0.214226] Key type asymmetric registered
[    0.214245] Asymmetric key parser 'x509' registered
[    0.214318] io scheduler mq-deadline registered
[    0.214330] io scheduler kyber registered
[    0.214409] io scheduler bfq registered
[    0.216294] target-module@4b000000:target-module@140000:pmu@0:fck: device ID is greater than 24
[    0.222488] l3-aon-clkctrl:0000:0: failed to disable
[    0.231776] ledtrig-cpu: registered to indicate activity on CPUs
[    0.235520] Serial: 8250/16550 driver, 6 ports, IRQ sharing enabled
[    0.282441] brd: module loaded
[    0.290883] loop: module loaded
[    0.291984] mtdoops: mtd device (mtddev=name/number) must be supplied
[    0.293538] mdio_bus fixed-0: using lookup tables for GPIO lookup
[    0.293563] mdio_bus fixed-0: No GPIO consumer reset found
[    0.294949] i2c_dev: i2c /dev entries driver
[    0.295973] cpuidle: enable-method property 'ti,am3352' found operations
[    0.296417] sdhci: Secure Digital Host Controller Interface driver
[    0.296425] sdhci: Copyright(c) Pierre Ossman
[    0.296607] sdhci-pltfm: SDHCI platform and OF driver helper
[    0.301851] hw perfevents: enabled with armv7_cortex_a8 PMU driver, 5 (8000000f) counters available
[    0.302403] Initializing XFRM netlink socket
[    0.302574] NET: Registered PF_INET6 protocol family
[    0.308244] l3-aon-clkctrl:0000:0: failed to disable
[    0.309623] Segment Routing with IPv6
[    0.309707] In-situ OAM (IOAM) with IPv6
[    0.309804] sit: IPv6, IPv4 and MPLS over IPv4 tunneling driver
[    0.310767] NET: Registered PF_PACKET protocol family
[    0.310793] NET: Registered PF_KEY protocol family
[    0.310914] Key type dns_resolver registered
[    0.311145] ThumbEE CPU extension supported.
[    0.311164] Registering SWP/SWPB emulation handler
[    0.311882] omap_voltage_late_init: Voltage driver support not added
[    0.312619] SmartReflex Class3 initialized
[    0.345789] Loading compiled-in X.509 certificates
[    0.388077] /ocp/interconnect@44c00000/segment@200000/target-module@b000/i2c@0/tda19988@70: Fixed dependency cycle(s) with /ocp/interconnect@48000000/segment@300000/target-module@e000/lcdc@0
[    0.394603] /ocp/interconnect@44c00000/segment@200000/target-module@b000/i2c@0/tda19988@70: Fixed dependency cycle(s) with /ocp/interconnect@48000000/segment@300000/target-module@e000/lcdc@0
[    0.400075] gpiochip_find_base_unlocked: found new base at 512
[    0.420267] /ocp/interconnect@44c00000/segment@200000/target-module@b000/i2c@0/tda19988@70: Fixed dependency cycle(s) with /ocp/interconnect@48000000/segment@300000/target-module@e000/lcdc@0
[    0.421151] /ocp/interconnect@44c00000/segment@200000/target-module@b000/i2c@0/tda19988@70: Fixed dependency cycle(s) with /ocp/interconnect@48000000/segment@300000/target-module@e000/lcdc@0
[    0.424960] /ocp/interconnect@44c00000/segment@200000/target-module@10000/scm@0/pinmux@800: Fixed dependency cycle(s) with /ocp/interconnect@44c00000/segment@200000/target-module@10000/scm@0/pinmux@800/clkout2-pins
[    0.425553] pinctrl-single 44e10800.pinmux: 142 pins, size 568
[    0.430833] ti-sysc 44e31000.target-module: probe with driver ti-sysc failed with error -16
[    0.455446] /ocp/interconnect@48000000/segment@300000/target-module@e000/lcdc@0: Fixed dependency cycle(s) with /ocp/interconnect@44c00000/segment@200000/target-module@b000/i2c@0/tda19988@70
[    0.463667] ti-sysc 48040000.target-module: probe with driver ti-sysc failed with error -16
[    0.475236] gpiochip_find_base_unlocked: found new base at 512
[    0.475334] gpio gpiochip0: (gpio-0-31): created GPIO range 0->7 ==> 44e10800.pinmux PIN 0->7
[    0.475353] gpio gpiochip0: (gpio-0-31): created GPIO range 8->11 ==> 44e10800.pinmux PIN 90->93
[    0.475369] gpio gpiochip0: (gpio-0-31): created GPIO range 12->27 ==> 44e10800.pinmux PIN 12->27
[    0.475384] gpio gpiochip0: (gpio-0-31): created GPIO range 28->31 ==> 44e10800.pinmux PIN 30->33
[    0.523164] gpio gpiochip0: (gpio-0-31): added GPIO chardev (254:0)
[    0.523376] gpio gpiochip0: registered GPIOs 512 to 543 on gpio-0-31
[    0.523462] OMAP GPIO hardware version 0.1
[    0.549398] i2c i2c-2: using DT '/ocp/interconnect@48000000/segment@100000/target-module@9c000/i2c@0' for 'scl' GPIO lookup
[    0.549478] of_get_named_gpiod_flags: can't parse 'scl-gpios' property of node '/ocp/interconnect@48000000/segment@100000/target-module@9c000/i2c@0[0]'
[    0.549524] of_get_named_gpiod_flags: can't parse 'scl-gpio' property of node '/ocp/interconnect@48000000/segment@100000/target-module@9c000/i2c@0[0]'
[    0.549561] i2c i2c-2: using lookup tables for GPIO lookup
[    0.549571] i2c i2c-2: No GPIO consumer scl found
[    0.549593] i2c i2c-2: using DT '/ocp/interconnect@48000000/segment@100000/target-module@9c000/i2c@0' for 'sda' GPIO lookup
[    0.549630] of_get_named_gpiod_flags: can't parse 'sda-gpios' property of node '/ocp/interconnect@48000000/segment@100000/target-module@9c000/i2c@0[0]'
[    0.549669] of_get_named_gpiod_flags: can't parse 'sda-gpio' property of node '/ocp/interconnect@48000000/segment@100000/target-module@9c000/i2c@0[0]'
[    0.549701] i2c i2c-2: using lookup tables for GPIO lookup
[    0.549708] i2c i2c-2: No GPIO consumer sda found
[    0.550432] omap_i2c 4819c000.i2c: bus 2 rev0.11 at 100 kHz
[    0.556257] gpiochip_find_base_unlocked: found new base at 544
[    0.556358] gpio gpiochip1: (gpio-32-63): created GPIO range 0->17 ==> 44e10800.pinmux PIN 34->51
[    0.556379] gpio gpiochip1: (gpio-32-63): created GPIO range 18->21 ==> 44e10800.pinmux PIN 77->80
[    0.556395] gpio gpiochip1: (gpio-32-63): created GPIO range 22->31 ==> 44e10800.pinmux PIN 56->65
[    0.578491] gpio gpiochip1: (gpio-32-63): added GPIO chardev (254:1)
[    0.578735] gpio gpiochip1: registered GPIOs 544 to 575 on gpio-32-63
[    0.581051] gpiochip_find_base_unlocked: found new base at 576
[    0.581143] gpio gpiochip2: (gpio-64-95): created GPIO range 0->4 ==> 44e10800.pinmux PIN 66->70
[    0.581164] gpio gpiochip2: (gpio-64-95): created GPIO range 5->6 ==> 44e10800.pinmux PIN 98->99
[    0.581180] gpio gpiochip2: (gpio-64-95): created GPIO range 7->8 ==> 44e10800.pinmux PIN 75->76
[    0.581196] gpio gpiochip2: (gpio-64-95): created GPIO range 13->13 ==> 44e10800.pinmux PIN 141->141
[    0.581212] gpio gpiochip2: (gpio-64-95): created GPIO range 14->21 ==> 44e10800.pinmux PIN 100->107
[    0.600087] gpio gpiochip2: (gpio-64-95): added GPIO chardev (254:2)
[    0.600316] gpio gpiochip2: registered GPIOs 576 to 607 on gpio-64-95
[    0.606182] 48000000.interconnect:segment@200000:target-module@0:mpu@0:fck: device ID is greater than 24
[    0.607087] /ocp/interconnect@48000000/segment@300000/target-module@e000/lcdc@0: Fixed dependency cycle(s) with /ocp/interconnect@44c00000/segment@200000/target-module@b000/i2c@0/tda19988@70
[    0.609933] /ocp/interconnect@48000000/segment@300000/target-module@e000/lcdc@0: Fixed dependency cycle(s) with /ocp/interconnect@44c00000/segment@200000/target-module@b000/i2c@0/tda19988@70
[    0.610654] /ocp/interconnect@44c00000/segment@200000/target-module@b000/i2c@0/tda19988@70: Fixed dependency cycle(s) with /ocp/interconnect@48000000/segment@300000/target-module@e000/lcdc@0
[    0.610812] /ocp/interconnect@48000000/segment@300000/target-module@e000/lcdc@0: Fixed dependency cycle(s) with /ocp/interconnect@44c00000/segment@200000/target-module@b000/i2c@0/tda19988@70
[    0.620536] mdio_bus 4a101000.mdio: using DT '/ocp/interconnect@4a000000/segment@0/target-module@100000/switch@0/mdio@1000' for 'reset' GPIO lookup
[    0.620608] of_get_named_gpiod_flags: can't parse 'reset-gpios' property of node '/ocp/interconnect@4a000000/segment@0/target-module@100000/switch@0/mdio@1000[0]'
[    0.620654] of_get_named_gpiod_flags: can't parse 'reset-gpio' property of node '/ocp/interconnect@4a000000/segment@0/target-module@100000/switch@0/mdio@1000[0]'
[    0.620700] mdio_bus 4a101000.mdio: using lookup tables for GPIO lookup
[    0.620710] mdio_bus 4a101000.mdio: No GPIO consumer reset found
[    0.621787] sdhci-omap 481d8000.mmc: using DT '/ocp/interconnect@48000000/segment@100000/target-module@d8000/mmc@0' for 'wp' GPIO lookup
[    0.621848] of_get_named_gpiod_flags: can't parse 'wp-gpios' property of node '/ocp/interconnect@48000000/segment@100000/target-module@d8000/mmc@0[0]'
[    0.621891] of_get_named_gpiod_flags: can't parse 'wp-gpio' property of node '/ocp/interconnect@48000000/segment@100000/target-module@d8000/mmc@0[0]'
[    0.621926] sdhci-omap 481d8000.mmc: using lookup tables for GPIO lookup
[    0.621936] sdhci-omap 481d8000.mmc: No GPIO consumer wp found
[    0.622136] sdhci-omap 481d8000.mmc: supply pbias not found, using dummy regulator
[    0.623583] sdhci-omap 481d8000.mmc: supply vqmmc not found, using dummy regulator
[    0.666141] davinci_mdio 4a101000.mdio: davinci mdio revision 1.6, bus freq 1000000
[    0.691555] mdio_bus 4a101000.mdio:00: using DT '/ocp/interconnect@4a000000/segment@0/target-module@100000/switch@0/mdio@1000/ethernet-phy@0' for 'reset' GPIO lookup
[    0.691659] of_get_named_gpiod_flags: parsed 'reset-gpios' property of node '/ocp/interconnect@4a000000/segment@0/target-module@100000/switch@0/mdio@1000/ethernet-phy@0[0]' - status (0)
[    0.691820] gpio gpiochip0: Persistence not supported for GPIO 8
[    0.832911] davinci_mdio 4a101000.mdio: phy[0]: device 4a101000.mdio:00, driver SMSC LAN8710/LAN8720
[    0.833693] cpsw-switch 4a100000.switch: initialized cpsw ale version 1.4
[    0.833716] cpsw-switch 4a100000.switch: ALE Table size 1024, Policers 0
[    0.833868] cpsw-switch 4a100000.switch: cpts: overflow check period 500 (jiffies)
[    0.833887] cpsw-switch 4a100000.switch: CPTS: ref_clk_freq:250000000 calc_mult:2147483648 calc_shift:29 error:0 nsec/sec
[    0.833995] cpsw-switch 4a100000.switch: Detected MACID = 6c:ec:eb:68:de:78
[    0.835849] cpsw-switch 4a100000.switch: initialized (regs 0x4a100000, pool size 256) hw_ver:0019010C 1.12 (0)
[    0.846837] debugfs: '49000000.dma' already exists in 'dmaengine'
[    0.846883] edma 49000000.dma: TI EDMA DMA engine driver
[    0.864701] gpio-clk clk_mcasp0: using DT '/clk_mcasp0' for 'enable' GPIO lookup
[    0.864779] of_get_named_gpiod_flags: parsed 'enable-gpios' property of node '/clk_mcasp0[0]' - status (0)
[    0.864824] gpio gpiochip0: Persistence not supported for GPIO 27
[    0.865705] gpiochip_find_base_unlocked: found new base at 608
[    0.865814] gpio gpiochip3: (gpio-96-127): created GPIO range 0->7 ==> 44e10800.pinmux PIN 82->89
[    0.865835] gpio gpiochip3: (gpio-96-127): created GPIO range 8->11 ==> 44e10800.pinmux PIN 52->55
[    0.865851] gpio gpiochip3: (gpio-96-127): created GPIO range 12->15 ==> 44e10800.pinmux PIN 94->97
[    0.865867] gpio gpiochip3: (gpio-96-127): created GPIO range 16->17 ==> 44e10800.pinmux PIN 71->72
[    0.865882] gpio gpiochip3: (gpio-96-127): created GPIO range 18->18 ==> 44e10800.pinmux PIN 135->135
[    0.865898] gpio gpiochip3: (gpio-96-127): created GPIO range 19->20 ==> 44e10800.pinmux PIN 108->109
[    0.865915] gpio gpiochip3: (gpio-96-127): created GPIO range 21->21 ==> 44e10800.pinmux PIN 73->73
[    0.865932] gpio gpiochip3: (gpio-96-127): created GPIO range 22->23 ==> 44e10800.pinmux PIN 8->9
[    0.865949] gpio gpiochip3: (gpio-96-127): created GPIO range 26->27 ==> 44e10800.pinmux PIN 10->11
[    0.865966] gpio gpiochip3: (gpio-96-127): created GPIO range 28->28 ==> 44e10800.pinmux PIN 74->74
[    0.865984] gpio gpiochip3: (gpio-96-127): created GPIO range 29->29 ==> 44e10800.pinmux PIN 81->81
[    0.866002] gpio gpiochip3: (gpio-96-127): created GPIO range 30->31 ==> 44e10800.pinmux PIN 28->29
[    0.877581] gpio gpiochip3: (gpio-96-127): added GPIO chardev (254:3)
[    0.877840] gpio gpiochip3: registered GPIOs 608 to 639 on gpio-96-127
[    0.879791] omap8250 44e09000.serial: using DT '/ocp/interconnect@44c00000/segment@200000/target-module@9000/serial@0' for 'rs485-term' GPIO lookup
[    0.879866] of_get_named_gpiod_flags: can't parse 'rs485-term-gpios' property of node '/ocp/interconnect@44c00000/segment@200000/target-module@9000/serial@0[0]'
[    0.879909] of_get_named_gpiod_flags: can't parse 'rs485-term-gpio' property of node '/ocp/interconnect@44c00000/segment@200000/target-module@9000/serial@0[0]'
[    0.879945] omap8250 44e09000.serial: using lookup tables for GPIO lookup
[    0.879955] omap8250 44e09000.serial: No GPIO consumer rs485-term found
[    0.879965] omap8250 44e09000.serial: using DT '/ocp/interconnect@44c00000/segment@200000/target-module@9000/serial@0' for 'rs485-rx-during-tx' GPIO lookup
[    0.880000] of_get_named_gpiod_flags: can't parse 'rs485-rx-during-tx-gpios' property of node '/ocp/interconnect@44c00000/segment@200000/target-module@9000/serial@0[0]'
