Labgrid Console Logfile for main
Logfile started at 2024-10-25 09:21:38.369851
=== Log starts here ===
reading args
spl_load_image_fat_os: error reading image args, err - -1
reading u-boot.img
reading u-boot.img


U-Boot 2014.04-00014-g47880f5 (Apr 22 2014 - 13:23:54)

I2C:   ready
DRAM:  512 MiB
NAND:  0 MiB
MMC:   OMAP SD/MMC: 0, OMAP SD/MMC: 1
*** Warning - readenv() failed, using default environment

Net:   <ethaddr> not set. Validating first E-fuse MAC
cpsw, usb_ether
Hit any key to stop autoboot:  1  0 
gpio: pin 53 (gpio 53) value is 1
mmc0 is current device
gpio: pin 54 (gpio 54) value is 1
SD/MMC found on device 0
reading uEnv.txt
569 bytes read in 3 ms (184.6 KiB/s)
gpio: pin 55 (gpio 55) value is 1
Loaded environment from uEnv.txt
Importing environment from mmc ...
Checking if uenvcmd is set ...
gpio: pin 56 (gpio 56) value is 1
Running uenvcmd ...
cpsw Waiting for PHY auto negotiation to complete. done
link up on port 0, speed 100, full duplex
Using cpsw device
TFTP from server 192.168.255.126; our IP address is 192.168.255.1
Filename 'zImage'.
Load address: 0x81000000
Loading: *#################################################################
	 #################################################################
	 #################################################################
	 #################################################################
	 #################################################################
	 ###################################################
	 2.4 MiB/s
done
Bytes transferred = 5516864 (542e40 hex)
link up on port 0, speed 100, full duplex
Using cpsw device
TFTP from server 192.168.255.126; our IP address is 192.168.255.1
Filename 'am335x-boneblack.dtb'.
Load address: 0x82000000
Loading: *#######
	 2.2 MiB/s
done
Bytes transferred = 98244 (17fc4 hex)
Kernel image @ 0x81000000 [ 0x000000 - 0x542e40 ]
## Flattened Device Tree blob at 82000000
   Booting using the fdt blob at 0x82000000
   Using Device Tree in place at 82000000, end 8201afc3

Starting kernel ...

[    0.000000] Booting Linux on physical CPU 0x0
[    0.000000] Linux version 6.12.0-rc4-next-20241025 (user01@drvtest01) (arm-linux-gnueabihf-gcc (Linaro GCC 6.4-2017.11) 6.4.1 20171012, GNU ld (Linaro_Binutils-2017.11) 2.27.0.20161229) #123 SMP Fri Oct 25 09:19:19 EEST 2024
[    0.000000] CPU: ARMv7 Processor [413fc082] revision 2 (ARMv7), cr=10c5387d
[    0.000000] CPU: PIPT / VIPT nonaliasing data cache, VIPT aliasing instruction cache
[    0.000000] OF: fdt: Machine model: TI AM335x BeagleBone Black
[    0.000000] Memory policy: Data cache writeback
[    0.000000] cma: Reserved 16 MiB at 0x9e800000 on node -1
[    0.000000] Zone ranges:
[    0.000000]   Normal   [mem 0x0000000080000000-0x000000009fdfffff]
[    0.000000]   HighMem  empty
[    0.000000] Movable zone start for each node
[    0.000000] Early memory node ranges
[    0.000000]   node   0: [mem 0x0000000080000000-0x000000009fdfffff]
[    0.000000] Initmem setup node 0 [mem 0x0000000080000000-0x000000009fdfffff]
[    0.000000] OF: reserved mem: Reserved memory: No reserved-memory node in the DT
[    0.000000] CPU: All CPU(s) started in SVC mode.
[    0.000000] AM335X ES2.1 (sgx neon)
[    0.000000] percpu: Embedded 17 pages/cpu s39756 r8192 d21684 u69632
[    0.000000] Kernel command line: console=ttyO0,115200n8 root=/dev/nfs rw nfsroot=192.168.255.126:/home/user01/nfs,nfsvers=3 ip=192.168.255.1:192.168.255.126::255.255.255.0:bbb1:eth0 nfsrootdebug
[    0.000000] Unknown kernel command line parameters "nfsrootdebug", will be passed to user space.
[    0.000000] printk: log buffer data + meta data: 65536 + 204800 = 270336 bytes
[    0.000000] Dentry cache hash table entries: 65536 (order: 6, 262144 bytes, linear)
[    0.000000] Inode-cache hash table entries: 32768 (order: 5, 131072 bytes, linear)
[    0.000000] Built 1 zonelists, mobility grouping on.  Total pages: 130560
[    0.000000] mem auto-init: stack:off, heap alloc:off, heap free:off
[    0.000000] SLUB: HWalign=64, Order=0-3, MinObjects=0, CPUs=1, Nodes=1
[    0.000000] trace event string verifier disabled
[    0.000000] rcu: Hierarchical RCU implementation.
[    0.000000] rcu: 	RCU event tracing is enabled.
[    0.000000] rcu: 	RCU restricting CPUs from NR_CPUS=2 to nr_cpu_ids=1.
[    0.000000] 	Tracing variant of Tasks RCU enabled.
[    0.000000] rcu: RCU calculated value of scheduler-enlistment delay is 10 jiffies.
[    0.000000] rcu: Adjusting geometry for rcu_fanout_leaf=16, nr_cpu_ids=1
[    0.000000] RCU Tasks Trace: Setting shift to 0 and lim to 1 rcu_task_cb_adjust=1 rcu_task_cpu_ids=1.
[    0.000000] NR_IRQS: 16, nr_irqs: 16, preallocated irqs: 16
[    0.000000] IRQ: Found an INTC at 0x(ptrval) (revision 5.0) with 128 interrupts
[    0.000000] rcu: srcu_init: Setting srcu_struct sizes based on contention.
[    0.000000] TI gptimer clocksource: always-on /ocp/interconnect@44c00000/segment@200000/target-module@31000
[    0.000002] sched_clock: 32 bits at 24MHz, resolution 41ns, wraps every 89478484971ns
[    0.000028] clocksource: dmtimer: mask: 0xffffffff max_cycles: 0xffffffff, max_idle_ns: 79635851949 ns
[    0.000499] TI gptimer clockevent: 24000000 Hz at /ocp/interconnect@48000000/segment@0/target-module@40000
[    0.002133] Console: colour dummy device 80x30
[    0.002197] WARNING: Your 'console=ttyO0' has been replaced by 'ttyS0'
[    0.002205] This ensures that you still see kernel messages. Please
[    0.002210] update your kernel commandline.
[    0.002253] Calibrating delay loop... 996.14 BogoMIPS (lpj=4980736)
[    0.090548] CPU: Testing write buffer coherency: ok
[    0.090665] CPU0: Spectre v2: using BPIALL workaround
[    0.090676] pid_max: default: 32768 minimum: 301
[    0.090805] LSM: initializing lsm=capability
[    0.090989] Mount-cache hash table entries: 1024 (order: 0, 4096 bytes, linear)
[    0.091010] Mountpoint-cache hash table entries: 1024 (order: 0, 4096 bytes, linear)
[    0.092660] CPU0: thread -1, cpu 0, socket -1, mpidr 0
[    0.150940] Setting up static identity map for 0x80100000 - 0x80100078
[    0.160709] rcu: Hierarchical SRCU implementation.
[    0.160721] rcu: 	Max phase no-delay instances is 1000.
[    0.180756] smp: Bringing up secondary CPUs ...
[    0.180813] smp: Brought up 1 node, 1 CPU
[    0.180827] SMP: Total of 1 processors activated (996.14 BogoMIPS).
[    0.180839] CPU: All CPU(s) started in SVC mode.
[    0.181035] Memory: 480872K/522240K available (11264K kernel code, 1207K rwdata, 2892K rodata, 1024K init, 295K bss, 23356K reserved, 16384K cma-reserved, 0K highmem)
[    0.181928] devtmpfs: initialized
[    0.199025] VFP support v0.3: implementor 41 architecture 3 part 30 variant c rev 3
[    0.199379] clocksource: jiffies: mask: 0xffffffff max_cycles: 0xffffffff, max_idle_ns: 19112604462750000 ns
[    0.199413] futex hash table entries: 256 (order: 2, 16384 bytes, linear)
[    0.200930] pinctrl core: initialized pinctrl subsystem
[    0.203733] NET: Registered PF_NETLINK/PF_ROUTE protocol family
[    0.206548] DMA: preallocated 256 KiB pool for atomic coherent allocations
[    0.207459] audit: initializing netlink subsys (disabled)
[    0.208891] thermal_sys: Registered thermal governor 'fair_share'
[    0.208909] thermal_sys: Registered thermal governor 'step_wise'
[    0.208920] thermal_sys: Registered thermal governor 'user_space'
[    0.209069] audit: type=2000 audit(0.200:1): state=initialized audit_enabled=0 res=1
[    0.209108] cpuidle: using governor menu
[    0.228239] No ATAGs?
[    0.228265] hw-breakpoint: debug architecture 0x4 unsupported.
[    0.231104] kprobes: kprobe jump-optimization is enabled. All kprobes are optimized if possible.
[    0.244101] iommu: Default domain type: Translated
[    0.244126] iommu: DMA domain TLB invalidation policy: strict mode
[    0.251866] SCSI subsystem initialized
[    0.252734] pps_core: LinuxPPS API ver. 1 registered
[    0.252745] pps_core: Software ver. 5.3.6 - Copyright 2005-2007 Rodolfo Giometti <giometti@linux.it>
[    0.252769] PTP clock support registered
[    0.260851] vgaarb: loaded
[    0.261276] clocksource: Switched to clocksource dmtimer
[    0.261931] VFS: Disk quotas dquot_6.6.0
[    0.261974] VFS: Dquot-cache hash table entries: 1024 (order 0, 4096 bytes)
[    0.286643] NET: Registered PF_INET protocol family
[    0.286994] IP idents hash table entries: 8192 (order: 4, 65536 bytes, linear)
[    0.288406] tcp_listen_portaddr_hash hash table entries: 512 (order: 0, 4096 bytes, linear)
[    0.288445] Table-perturb hash table entries: 65536 (order: 6, 262144 bytes, linear)
[    0.288468] TCP established hash table entries: 4096 (order: 2, 16384 bytes, linear)
[    0.288512] TCP bind hash table entries: 4096 (order: 4, 65536 bytes, linear)
[    0.288611] TCP: Hash tables configured (established 4096 bind 4096)
[    0.288732] UDP hash table entries: 256 (order: 1, 8192 bytes, linear)
[    0.288759] UDP-Lite hash table entries: 256 (order: 1, 8192 bytes, linear)
[    0.288933] NET: Registered PF_UNIX/PF_LOCAL protocol family
[    0.291985] RPC: Registered named UNIX socket transport module.
[    0.292006] RPC: Registered udp transport module.
[    0.292012] RPC: Registered tcp transport module.
[    0.292017] RPC: Registered tcp-with-tls transport module.
[    0.292023] RPC: Registered tcp NFSv4.1 backchannel transport module.
[    0.292048] PCI: CLS 0 bytes, default 64
[    0.293523] Initialise system trusted keyrings
[    0.301972] workingset: timestamp_bits=14 max_order=17 bucket_order=3
[    0.303312] NFS: Registering the id_resolver key type
[    0.303386] Key type id_resolver registered
[    0.303395] Key type id_legacy registered
[    0.303446] jffs2: version 2.2. (NAND) (SUMMARY)  Â© 2001-2006 Red Hat, Inc.
[    0.303839] Key type asymmetric registered
[    0.303855] Asymmetric key parser 'x509' registered
[    0.303922] io scheduler mq-deadline registered
[    0.303932] io scheduler kyber registered
[    0.304001] io scheduler bfq registered
[    0.305635] ledtrig-cpu: registered to indicate activity on CPUs
[    0.312493] Serial: 8250/16550 driver, 6 ports, IRQ sharing enabled
[    0.363899] brd: module loaded
[    0.384683] loop: module loaded
[    0.385619] mtdoops: mtd device (mtddev=name/number) must be supplied
[    0.388782] i2c_dev: i2c /dev entries driver
[    0.389770] cpuidle: enable-method property 'ti,am3352' found operations
[    0.390221] sdhci: Secure Digital Host Controller Interface driver
[    0.390231] sdhci: Copyright(c) Pierre Ossman
[    0.390405] sdhci-pltfm: SDHCI platform and OF driver helper
[    0.391563] Initializing XFRM netlink socket
[    0.391730] NET: Registered PF_INET6 protocol family
[    0.409410] Segment Routing with IPv6
[    0.409504] In-situ OAM (IOAM) with IPv6
[    0.409602] sit: IPv6, IPv4 and MPLS over IPv4 tunneling driver
[    0.410571] NET: Registered PF_PACKET protocol family
[    0.410606] NET: Registered PF_KEY protocol family
[    0.410740] Key type dns_resolver registered
[    0.411020] ThumbEE CPU extension supported.
[    0.411042] Registering SWP/SWPB emulation handler
[    0.411780] omap_voltage_late_init: Voltage driver support not added
[    0.412148] SmartReflex Class3 initialized
[    0.422192] Loading compiled-in X.509 certificates
[    0.513370] platform 44e10800.pinmux: Fixed dependency cycle(s) with /ocp/interconnect@44c00000/segment@200000/target-module@10000/scm@0/pinmux@800/clkout2-pins
[    0.514023] pinctrl-single 44e10800.pinmux: 142 pins, size 568
[    0.519048] ti-sysc 44e31000.target-module: probe with driver ti-sysc failed with error -16
[    0.547482] ti-sysc 48040000.target-module: probe with driver ti-sysc failed with error -16
[    0.597099] OMAP GPIO hardware version 0.1
[    0.611137] omap_i2c 4819c000.i2c: bus 2 rev0.11 at 100 kHz
[    0.663531] 48000000.interconnect:segment@200000:target-module@0:mpu@0:fck: device ID is greater than 24
[    0.667647] platform 4830e000.lcdc: Fixed dependency cycle(s) with /ocp/interconnect@44c00000/segment@200000/target-module@b000/i2c@0/tda19988@70
[    0.678762] sdhci-omap 481d8000.mmc: supply pbias not found, using dummy regulator
[    0.679278] sdhci-omap 481d8000.mmc: supply vqmmc not found, using dummy regulator
[    0.735180] davinci_mdio 4a101000.mdio: davinci mdio revision 1.6, bus freq 1000000
[    0.849858] davinci_mdio 4a101000.mdio: phy[0]: device 4a101000.mdio:00, driver SMSC LAN8710/LAN8720
[    0.850652] cpsw-switch 4a100000.switch: initialized cpsw ale version 1.4
[    0.850674] cpsw-switch 4a100000.switch: ALE Table size 1024, Policers 0
[    0.850944] cpsw-switch 4a100000.switch: cpts: overflow check period 500 (jiffies)
[    0.850963] cpsw-switch 4a100000.switch: CPTS: ref_clk_freq:250000000 calc_mult:2147483648 calc_shift:29 error:0 nsec/sec
[    0.851071] cpsw-switch 4a100000.switch: Detected MACID = 6c:ec:eb:68:de:78
[    0.853056] cpsw-switch 4a100000.switch: initialized (regs 0x4a100000, pool size 256) hw_ver:0019010C 1.12 (0)
[    0.863919] debugfs: Directory '49000000.dma' with parent 'dmaengine' already present!
[    0.863959] edma 49000000.dma: TI EDMA DMA engine driver
[    0.901179] target-module@4b000000:target-module@140000:pmu@0:fck: device ID is greater than 24
[    0.911847] hw perfevents: enabled with armv7_cortex_a8 PMU driver, 5 (8000000f) counters available
[    0.919559] l3-aon-clkctrl:0000:0: failed to disable
[    0.935921] 44e09000.serial: ttyS0 at MMIO 0x44e09000 (irq = 34, base_baud = 3000000) is a 8250
[    0.936012] printk: legacy console [ttyS0] enabled
[    2.292267] tps65217-pmic: Failed to locate of_node [id: -1]
[    2.298332] tps65217-bl: Failed to locate of_node [id: -1]
[    2.309702] tps65217 0-0024: TPS65217 ID 0xe version 1.2
[    2.315846] platform 4830e000.lcdc: Fixed dependency cycle(s) with /ocp/interconnect@44c00000/segment@200000/target-module@b000/i2c@0/tda19988@70
[    2.329274] i2c 0-0070: Fixed dependency cycle(s) with /ocp/interconnect@48000000/segment@300000/target-module@e000/lcdc@0
[    2.340686] omap_i2c 44e0b000.i2c: bus 0 rev0.11 at 400 kHz
[    2.348517] omap_gpio 44e07000.gpio: Could not set line 6 debounce to 200000 microseconds (-22)
[    2.357393] sdhci-omap 48060000.mmc: Got CD GPIO
[    2.362432] sdhci-omap 48060000.mmc: supply pbias not found, using dummy regulator
[    2.372827] sdhci-omap 48060000.mmc: supply vqmmc not found, using dummy regulator
[    2.381913] sdhci-omap 481d8000.mmc: supply pbias not found, using dummy regulator
[    2.389909] sdhci-omap 481d8000.mmc: supply vqmmc not found, using dummy regulator
[    2.428982] mmc1: SDHCI controller on 481d8000.mmc [481d8000.mmc] using External DMA
[    2.438102] mmc0: SDHCI controller on 48060000.mmc [48060000.mmc] using External DMA
[    2.447027] cpsw-switch 4a100000.switch: starting ndev. mode: dual_mac
[    2.490469] mmc0: new high speed SDHC card at address 5048
[    2.497588] mmcblk0: mmc0:5048 SD16G 14.4 GiB
[    2.505798]  mmcblk0: p1 p2
[    2.509204] mmcblk0: p2 size 31221760 extends beyond EOD, truncated
[    2.522516] SMSC LAN8710/LAN8720 4a101000.mdio:00: attached PHY driver (mii_bus:phy_addr=4a101000.mdio:00, irq=POLL)
[    2.539550] mmc1: new high speed MMC card at address 0001
[    2.546632] mmcblk1: mmc1:0001 MMC04G 3.60 GiB
[    2.554209]  mmcblk1: p1 p2
[    2.558487] mmcblk1boot0: mmc1:0001 MMC04G 2.00 MiB
[    2.565857] mmcblk1boot1: mmc1:0001 MMC04G 2.00 MiB
[    2.573473] mmcblk1rpmb: mmc1:0001 MMC04G 128 KiB, chardev (250:0)
[    5.682049] cpsw-switch 4a100000.switch eth0: Link is Up - 100Mbps/Full - flow control off
[    5.711293] IP-Config: Complete:
[    5.714561]      device=eth0, hwaddr=6c:ec:eb:68:de:78, ipaddr=192.168.255.1, mask=255.255.255.0, gw=255.255.255.255
[    5.725203]      host=bbb1, domain=, nis-domain=(none)
[    5.730371]      bootserver=192.168.255.126, rootserver=192.168.255.126, rootpath=
[    5.730803] clk: Disabling unused clocks
[    5.742675] PM: genpd: Disabling unused power domains
[    5.747798] KTAP version 1
[    5.750521] 1..0
[    5.776265] VFS: Mounted root (nfs filesystem) on device 0:17.
[    5.783325] devtmpfs: mounted
[    5.787988] Freeing unused kernel image (initmem) memory: 1024K
[    5.794859] Run /sbin/init as init process
[    6.503349] systemd[1]: System time before build time, advancing clock.
[    7.971299] random: crng init done
[    8.003945] systemd[1]: systemd 232 running in system mode. (+PAM +AUDIT +SELINUX +IMA +APPARMOR +SMACK +SYSVINIT +UTMP +LIBCRYPTSETUP +GCRYPT +GNUTLS +ACL +XZ +LZ4 +SECCOMP +BLKID +ELFUTILS +KMOD +IDN)
[    8.023002] systemd[1]: Detected architecture arm.

Welcome to [1mDebian GNU/Linux 9 (stretch)[0m!

[    8.054397] systemd[1]: Set hostname to <arm>.
[    9.173653] systemd[1]: Listening on Journal Audit Socket.
[[0;32m  OK  [0m] Listening on Journal Audit Socket.
[    9.192202] systemd[1]: Started Dispatch Password Requests to Console Directory Watch.
[[0;32m  OK  [0m] Started Dispatch Password Requests to Console Directory Watch.
[    9.223290] systemd[1]: Listening on /dev/initctl Compatibility Named Pipe.
[[0;32m  OK  [0m] Listening on /dev/initctl Compatibility Named Pipe.
[    9.253060] systemd[1]: Set up automount Arbitrary Executable File Formats File System Automount Point.
[[0;32m  OK  [0m] Set up automount Arbitrary Executabâ€¦rmats File System Automount Point.
[    9.282186] systemd[1]: Started Forward Password Requests to Wall Directory Watch.
[[0;32m  OK  [0m] Started Forward Password Requests to Wall Directory Watch.
[    9.312903] systemd[1]: Created slice System Slice.
[[0;32m  OK  [0m] Created slice System Slice.
[    9.342733] systemd[1]: Created slice system-serial\x2dgetty.slice.
[[0;32m  OK  [0m] Created slice system-serial\x2dgetty.slice.
[[0;32m  OK  [0m] Created slice system-getty.slice.
[[0;32m  OK  [0m] Listening on udev Control Socket.
         Mounting Debug File System...
[[0;32m  OK  [0m] Reached target Encrypted Volumes.
         Mounting POSIX Message Queue File System...
[[0;32m  OK  [0m] Listening on Journal Socket.
         Starting Load Kernel Modules...
         Starting Create list of required stâ€¦ce nodes for the current kernel...
[[0;32m  OK  [0m] Created slice User and Session Slice.
         Starting Remount Root and Kernel File Systems...
[[0;32m  OK  [0m] Reached target Swap.
[[0;32m  OK  [0m] Reached target Slices.
[[0;32m  OK  [0m] Reached target Remote File Systems.
[[0;32m  OK  [0m] Listening on Journal Socket (/dev/log).
[[0;32m  OK  [0m] Listening on Syslog Socket.
[[0;32m  OK  [0m] Listening on udev Kernel Socket.
         Starting Journal Service...
[[0;32m  OK  [0m] Reached target Paths.
[[0;32m  OK  [0m] Mounted POSIX Message Queue File System.
[[0;32m  OK  [0m] Mounted Debug File System.
[[0;32m  OK  [0m] Started Load Kernel Modules.
[[0;32m  OK  [0m] Started Create list of required staâ€¦vice nodes for the current kernel.
[[0;32m  OK  [0m] Started Remount Root and Kernel File Systems.
         Starting Load/Save Random Seed...
         Starting udev Coldplug all Devices...
         Starting Create Static Device Nodes in /dev...
         Starting Apply Kernel Variables...
         Mounting Configuration File System...
[[0;32m  OK  [0m] Started Load/Save Random Seed.
[[0;32m  OK  [0m] Mounted Configuration File System.
[[0;32m  OK  [0m] Started Apply Kernel Variables.
[[0;32m  OK  [0m] Started Create Static Device Nodes in /dev.
         Starting udev Kernel Device Manager...
[[0;32m  OK  [0m] Reached target Local File Systems (Pre).
[[0;32m  OK  [0m] Reached target Local File Systems.
         Starting Raise network interfaces...
[[0;32m  OK  [0m] Started Journal Service.
         Starting Flush Journal to Persistent Storage...
[   11.605296] systemd-journald[88]: Received request to flush runtime journal from PID 1
[[0;32m  OK  [0m] Started Flush Journal to Persistent Storage.
         Starting Create Volatile Files and Directories...
[[0;32m  OK  [0m] Started udev Kernel Device Manager.
[[0;32m  OK  [0m] Started Create Volatile Files and Directories.
         Starting Update UTMP about System Boot/Shutdown...
         Starting Network Time Synchronization...
[[0;32m  OK  [0m] Started Update UTMP about System Boot/Shutdown.
[[0;32m  OK  [0m] Started udev Coldplug all Devices.
[[0;32m  OK  [0m] Started Network Time Synchronization.
[[0;32m  OK  [0m] Reached target System Time Synchronized.
[[0;32m  OK  [0m] Reached target System Initialization.
[[0;32m  OK  [0m] Started Daily apt download activities.
[[0;32m  OK  [0m] Listening on D-Bus System Message Bus Socket.
[[0;32m  OK  [0m] Listening on Avahi mDNS/DNS-SD Stack Activation Socket.
[   14.855854] remoteproc remoteproc0: wkup_m3 is available
[[0;32m  OK  [0m] Reached target Sockets.
[[0;32m  OK  [0m] Reached target Basic System.
         Starting Login Service...
[   15.139403] omap_wdt: OMAP Watchdog Timer Rev 0x01: initial timeout 60 sec
         Starting Avahi mDNS/DNS-SD Stack...
[   15.224716] at24 2-0054: supply vcc not found, using dummy regulator
         Starting LSB: Load kernel modules needed to enable cpufreq scaling...
[   15.345294] am335x-phy-driver 47401300.usb-phy: dummy supplies not allowed for exclusive requests (id=vbus)
[   15.416166] at24 2-0055: supply vcc not found, using dummy regulator
[[0;32m  OK  [0m] Started D-Bus System Message Bus.
[   15.510552] at24 2-0056: supply vcc not found, using dummy regulator
[   15.552307] am335x-phy-driver 47401b00.usb-phy: dummy supplies not allowed for exclusive requests (id=vbus)
[   15.656030] at24 2-0057: supply vcc not found, using dummy regulator
[   15.784425] at24 0-0050: 32768 byte 24c256 EEPROM, writable, 1 bytes/write
[   15.799201] tps6521x_pwrbutton tps65217-pwrbutton: DMA mask not set
[   15.953552] omap_rtc 44e3e000.rtc: registered as rtc0
[   15.958946] omap_rtc 44e3e000.rtc: setting system clock to 2000-01-01T00:00:00 UTC (946684800)
[   15.969672] input: tps65217_pwrbutton as /devices/platform/ocp/44c00000.interconnect/44c00000.interconnect:segment@200000/44e0b000.target-module/44e0b000.i2c/i2c-0/0-0024/tps65217-pwrbutton/input/input0
[   16.163877] wkup_m3_ipc 44e11324.wkup_m3_ipc: IPC Request for A8->M3 Channel failed! -517
[   16.598885] usbcore: registered new interface driver usbfs
[   16.606258] usbcore: registered new interface driver hub
[   16.612162] usbcore: registered new device driver usb
[   17.046100] wkup_m3_ipc 44e11324.wkup_m3_ipc: IPC Request for A8->M3 Channel failed! -517
[   17.204537] musb-hdrc musb-hdrc.1: MUSB HDRC host driver
[   17.209959] musb-hdrc musb-hdrc.1: new USB bus registered, assigned bus number 1
[   17.219516] wkup_m3_ipc 44e11324.wkup_m3_ipc: IPC Request for A8->M3 Channel failed! -517
[   17.345535] tda998x 0-0070: found TDA19988
[   17.462274] usb usb1: New USB device found, idVendor=1d6b, idProduct=0002, bcdDevice= 6.12
[   17.470636] usb usb1: New USB device strings: Mfr=3, Product=2, SerialNumber=1
[   17.478049] usb usb1: Product: MUSB HDRC host driver
[   17.483086] usb usb1: Manufacturer: Linux 6.12.0-rc4-next-20241025 musb-hcd
[   17.490086] usb usb1: SerialNumber: musb-hdrc.1
[   17.496212] wkup_m3_ipc 44e11324.wkup_m3_ipc: IPC Request for A8->M3 Channel failed! -517
[   17.616325] omap-mailbox 480c8000.mailbox: omap mailbox rev 0x400
[   17.736894] remoteproc remoteproc0: powering up wkup_m3
[   17.851974] hub 1-0:1.0: USB hub found
[   17.861227] remoteproc remoteproc0: Direct firmware load for am335x-pm-firmware.elf failed with error -2
[   17.871128] remoteproc remoteproc0: request_firmware failed: -2
[   17.877176] wkup_m3_ipc 44e11324.wkup_m3_ipc: rproc_boot failed
[   17.941553] hub 1-0:1.0: 1 port detected
[   19.300472] omap_rng 48310000.rng: Random Number Generator ver. 20
[   19.478505] tilcdc 4830e000.lcdc: bound 0-0070 (ops tda998x_driver_exit [tda998x])
[   19.602014] [drm] Initialized tilcdc 1.0.0 for 4830e000.lcdc on minor 0
[   19.697848] tilcdc 4830e000.lcdc: [drm] Cannot find any crtc or sizes
[   19.706548] tilcdc 4830e000.lcdc: [drm] Cannot find any crtc or sizes
[[0;32m  OK  [0m] Started Avahi mDNS/DNS-SD Stack.
         Starting Connection service...
         Starting DUN service...
         Starting Generic Board Startup...
         Starting LSB: Start busybox udhcpd at boot time...
[   20.574030] PM: Cannot get wkup_m3_ipc handle
[[0;32m  OK  [0m] Started Regular background program processing daemon.
[   20.716183] omap-sham 53100000.sham: hw accel on OMAP rev 4.3
[[0;32m  OK  [0m] Started Daily apt upgrade and clean activities.
[   20.835503] omap-sham 53100000.sham: will run requests pump with realtime priority
[   20.852896] PM: Cannot get wkup_m3_ipc handle
         Starting Cape Manager Service...
         Starting Telephony service...
[[0;32m  OK  [0m] Started Daily Cleanup of Temporary Directories.
[[0;32m  OK  [0m] Reached target Timers.
[   21.035317] omap-aes 53500000.aes: OMAP AES hw accel rev: 3.2
         Starting System Logging Service...
[   21.187570] omap-aes 53500000.aes: will run requests pump with realtime priority
[   21.196293] PM: Cannot get wkup_m3_ipc handle
[[0;32m  OK  [0m] Found device /dev/ttyS0.
[   23.934467] Bluetooth: Core ver 2.22
[   23.938285] NET: Registered PF_BLUETOOTH protocol family
[   23.943899] Bluetooth: HCI device and connection manager initialized
[   23.950320] Bluetooth: HCI socket layer initialized
[   23.955286] Bluetooth: L2CAP socket layer initialized
[   23.960407] Bluetooth: SCO socket layer initialized
[[0;32m  OK  [0m] Started System Logging Service.
[[0;32m  OK  [0m] Started Cape Manager Service.
[   24.696575] PM: Cannot get wkup_m3_ipc handle
[   24.844206] PM: Cannot get wkup_m3_ipc handle
[[0;32m  OK  [0m] Started LSB: Start busybox udhcpd at boot time.
[[0;32m  OK  [0m] Started LSB: Load kernel modules needed to enable cpufreq scaling.
[[0;32m  OK  [0m] Started Raise network interfaces.
[   28.688730] configfs-gadget.g_multi gadget.0: HOST MAC 1c:ba:8c:a2:ed:6c
[   28.695741] configfs-gadget.g_multi gadget.0: MAC 1c:ba:8c:a2:ed:70
[   28.703148] configfs-gadget.g_multi gadget.0: HOST MAC 1c:ba:8c:a2:ed:6c
[   28.709910] configfs-gadget.g_multi gadget.0: MAC 1c:ba:8c:a2:ed:6d
[   28.717554] PM: Cannot get wkup_m3_ipc handle
[[0;32m  OK  [0m] Started DUN service.
[[0;32m  OK  [0m] Started Telephony service.
[[0;32m  OK  [0m] Started Connection service.
[[0;32m  OK  [0m] Started Login Service.
[[0;32m  OK  [0m] Reached target Sound Card.
[[0;32m  OK  [0m] Reached target Network.
[[0;32m  OK  [0m] Reached target Network is Online.
         Starting LSB: Advanced IEEE 802.11 management daemon...
         Starting Permit User Sessions...
         Starting OpenBSD Secure Shell server...
         Starting The Apache HTTP Server...
         Starting LSB: set CPUFreq kernel parameters...
[[0;32m  OK  [0m] Started LSB: Advanced IEEE 802.11 management daemon.
[[0;32m  OK  [0m] Started Permit User Sessions.
         Starting Hostname Service...
         Starting WPA supplicant...
[[0;32m  OK  [0m] Started Getty on tty1.
[[0;32m  OK  [0m] Started Serial Getty on ttyS0.
[[0;32m  OK  [0m] Reached target Login Prompts.
[[0;32m  OK  [0m] Started WPA supplicant.
[[0;32m  OK  [0m] Started Hostname Service.
[[0;32m  OK  [0m] Started LSB: set CPUFreq kernel parameters.
[[0;32m  OK  [0m] Started OpenBSD Secure Shell server.
         Stopping LSB: Start busybox udhcpd at boot time...
[[0;32m  OK  [0m] Stopped LSB: Start busybox udhcpd at boot time.
[[0;32m  OK  [0m] Started The Apache HTTP Server.
         Starting dnsmasq - A lightweight DHCP and caching DNS server...
[[0;32m  OK  [0m] Started dnsmasq - A lightweight DHCP and caching DNS server.
[[0;32m  OK  [0m] Reached target Host and Network Name Lookups.
[[0;32m  OK  [0m] Started Serial Getty on ttyGS0.
[[0;32m  OK  [0m] Started Generic Board Startup.
[[0;32m  OK  [0m] Reached target Multi-User System.
[[0;32m  OK  [0m] Reached target Graphical Interface.
         Starting Update UTMP about System Runlevel Changes...
[[0;32m  OK  [0m] Started Update UTMP about System Runlevel Changes.

Debian GNU/Linux 9 arm ttyS0

default username:password is [debian:temppwd]

arm login: root
Password: 
Last login: Sat Jan  1 00:00:28 UTC 2000 on ttyS0
root
Linux arm 6.12.0-rc4-next-20241025 #123 SMP Fri Oct 25 09:19:19 EEST 2024 armv7l

The programs included with the Debian GNU/Linux system are free software;
the exact distribution terms for each program are described in the
individual files in /usr/share/doc/*/copyright.

Debian GNU/Linux comes with ABSOLUTELY NO WARRANTY, to the extent
permitted by applicable law.
root@arm:~# root
-bash: root: command not found
root@arm:~# dmesg -n 1
root@arm:~# echo 'NAQO''PGOTSU'
NAQOPGOTSU
root@arm:~# run() { echo -n "$MARKER"; sh -c "$@"; echo "$MARKER $?"; }
root@arm:~# echo 'STXT''CHAELL'
STXTCHAELL
root@arm:~# MARKER='JPXP''TUPYFH' run 'cat /proc/version'
JPXPTUPYFHLinux version 6.12.0-rc4-next-20241025 (user01@drvtest01) (arm-linux-gnueabihf-gcc (Linaro GCC 6.4-2017.11) 6.4.1 20171012, GNU ld (Linaro_Binutils-2017.11) 2.27.0.20161229) #123 SMP Fri Oct 25 09:19:19 EEST 2024
JPXPTUPYFH 0
root@arm:~# echo 'HHJO''PHXGNX'
HHJOPHXGNX
root@arm:~# MARKER='LCBJ''PFXEET' run false
LCBJPFXEETLCBJPFXEET 1
root@arm:~# Labgrid Console Logfile for main
Logfile started at 2024-10-25 09:22:37.126710
=== Log starts here ===

root@arm:~# run() { echo -n "$MARKER"; sh -c "$@"; echo "$MARKER $?"; }
root@arm:~# echo 'GWOW''ASCFNC'
GWOWASCFNC
root@arm:~# MARKER='SEMK''KACQSK' run 'insmod /mva_overlay.ko'
SEMKKACQSKSEMKKACQSK 0
root@arm:~# echo 'LGKN''FEUAVK'
LGKNFEUAVK
root@arm:~# MARKER='VSLC''JZOFMV' run lsmod
VSLCJZOFMVModule                  Size  Used by
mva_overlay            65536  0
usb_f_acm              12288  2
u_serial               16384  3 usb_f_acm
usb_f_ecm              16384  2
usb_f_rndis            24576  2
u_ether                16384  2 usb_f_ecm,usb_f_rndis
libcomposite           57344  15 usb_f_ecm,usb_f_acm,u_ether,usb_f_rndis
iptable_nat            12288  0
nf_nat                 36864  1 iptable_nat
nf_conntrack          110592  1 nf_nat
nf_defrag_ipv6         16384  1 nf_conntrack
nf_defrag_ipv4         12288  1 nf_conntrack
iptable_mangle         12288  0
iptable_filter         12288  0
snd_soc_hdmi_codec     16384  1
evdev                  20480  0
bluetooth             610304  2
ecdh_generic           12288  1 bluetooth
ecc                    36864  1 ecdh_generic
snd_soc_simple_card    16384  0
omap_aes_driver        24576  0
snd_soc_simple_card_utils    20480  1 snd_soc_simple_card
omap_crypto            12288  1 omap_aes_driver
omap_sham              28672  0
libaes                 12288  2 omap_aes_driver,bluetooth
pm33xx                 12288  0
crypto_engine          12288  2 omap_aes_driver,omap_sham
ti_emif_sram           12288  1 pm33xx
tilcdc                 32768  0
omap_rng               12288  0
drm_dma_helper         16384  1 tilcdc
rng_core               16384  1 omap_rng
drm_client_lib         12288  1 tilcdc
snd_soc_davinci_mcasp    32768  2
snd_soc_ti_udma        12288  1 snd_soc_davinci_mcasp
snd_soc_ti_edma        12288  1 snd_soc_davinci_mcasp
snd_soc_ti_sdma        12288  1 snd_soc_davinci_mcasp
snd_soc_core          188416  7 snd_soc_davinci_mcasp,snd_soc_hdmi_codec,snd_soc_simple_card_utils,snd_soc_ti_sdma,snd_soc_ti_edma,snd_soc_ti_udma,snd_soc_simple_card
snd_pcm_dmaengine      12288  1 snd_soc_core
snd_pcm               110592  5 snd_soc_davinci_mcasp,snd_pcm_dmaengine,snd_soc_hdmi_codec,snd_soc_simple_card_utils,snd_soc_core
snd_timer              28672  1 snd_pcm
omap_mailbox           12288  1
snd                    65536  4 snd_soc_hdmi_codec,snd_timer,snd_soc_core,snd_pcm
soundcore              12288  1 snd
tda998x                20480  0
musb_dsps              16384  0
musb_hdrc             131072  1 musb_dsps
drm_kms_helper        118784  4 drm_dma_helper,tda998x,tilcdc,drm_client_lib
udc_core               45056  7 usb_f_ecm,usb_f_acm,u_serial,musb_hdrc,u_ether,usb_f_rndis,libcomposite
usbcore               225280  1 musb_hdrc
drm                   421888  6 drm_dma_helper,tda998x,tilcdc,drm_client_lib,drm_kms_helper
wkup_m3_ipc            12288  1 pm33xx
rtc_omap               16384  2 pm33xx
tps65218_pwrbutton     12288  0
drm_panel_orientation_quirks    12288  1 drm
phy_am335x             12288  2
at24                   16384  0
phy_generic            12288  1 phy_am335x
omap_wdt               12288  0
phy_am335x_control     12288  1 phy_am335x
usb_common             12288  6 phy_am335x,udc_core,musb_hdrc,libcomposite,musb_dsps,usbcore
watchdog               24576  1 omap_wdt
wkup_m3_rproc          12288  1
cppi41                 16384  60
leds_gpio              12288  0
led_class              12288  1 leds_gpio
cpufreq_dt             12288  0
ip_tables              20480  3 iptable_mangle,iptable_filter,iptable_nat
x_tables               24576  4 iptable_mangle,ip_tables,iptable_filter,iptable_nat
autofs4                40960  2
VSLCJZOFMV 0
root@arm:~# Labgrid Console Logfile for main
Logfile started at 2024-10-25 09:22:40.854931
=== Log starts here ===

root@arm:~# run() { echo -n "$MARKER"; sh -c "$@"; echo "$MARKER $?"; }
root@arm:~# echo 'NNYK''LVBHPX'
NNYKLVBHPX
root@arm:~# MARKER='HNZP''EYOTCA' run 'dd if=/bd9576_test.dtbo of=/sys/kernel/mvaa_overlay/overlay_add bs=1M'
HNZPEYOTCA0+1 records in
0+1 records out
3397 bytes (3.4 kB, 3.3 KiB) copied, 0.0869296 s, 39.1 kB/s
HNZPEYOTCA 0
root@arm:~# echo 'XOFX''VFOVJP'
XOFXVFOVJP
root@arm:~# MARKER='BMXP''EJXGZO' run lsmod
BMXPEJXGZOModule                  Size  Used by
bd9576_wdt             12288  0
bd9576_regulator       16384  0
rohm_bd9576            12288  0
mva_overlay            65536  0
usb_f_acm              12288  2
u_serial               16384  3 usb_f_acm
usb_f_ecm              16384  2
usb_f_rndis            24576  2
u_ether                16384  2 usb_f_ecm,usb_f_rndis
libcomposite           57344  15 usb_f_ecm,usb_f_acm,u_ether,usb_f_rndis
iptable_nat            12288  0
nf_nat                 36864  1 iptable_nat
nf_conntrack          110592  1 nf_nat
nf_defrag_ipv6         16384  1 nf_conntrack
nf_defrag_ipv4         12288  1 nf_conntrack
iptable_mangle         12288  0
iptable_filter         12288  0
snd_soc_hdmi_codec     16384  1
evdev                  20480  0
bluetooth             610304  2
ecdh_generic           12288  1 bluetooth
ecc                    36864  1 ecdh_generic
snd_soc_simple_card    16384  0
omap_aes_driver        24576  0
snd_soc_simple_card_utils    20480  1 snd_soc_simple_card
omap_crypto            12288  1 omap_aes_driver
omap_sham              28672  0
libaes                 12288  2 omap_aes_driver,bluetooth
pm33xx                 12288  0
crypto_engine          12288  2 omap_aes_driver,omap_sham
ti_emif_sram           12288  1 pm33xx
tilcdc                 32768  0
omap_rng               12288  0
drm_dma_helper         16384  1 tilcdc
rng_core               16384  1 omap_rng
drm_client_lib         12288  1 tilcdc
snd_soc_davinci_mcasp    32768  2
snd_soc_ti_udma        12288  1 snd_soc_davinci_mcasp
snd_soc_ti_edma        12288  1 snd_soc_davinci_mcasp
snd_soc_ti_sdma        12288  1 snd_soc_davinci_mcasp
snd_soc_core          188416  7 snd_soc_davinci_mcasp,snd_soc_hdmi_codec,snd_soc_simple_card_utils,snd_soc_ti_sdma,snd_soc_ti_edma,snd_soc_ti_udma,snd_soc_simple_card
snd_pcm_dmaengine      12288  1 snd_soc_core
snd_pcm               110592  5 snd_soc_davinci_mcasp,snd_pcm_dmaengine,snd_soc_hdmi_codec,snd_soc_simple_card_utils,snd_soc_core
snd_timer              28672  1 snd_pcm
omap_mailbox           12288  1
snd                    65536  4 snd_soc_hdmi_codec,snd_timer,snd_soc_core,snd_pcm
soundcore              12288  1 snd
tda998x                20480  0
musb_dsps              16384  0
musb_hdrc             131072  1 musb_dsps
drm_kms_helper        118784  4 drm_dma_helper,tda998x,tilcdc,drm_client_lib
udc_core               45056  7 usb_f_ecm,usb_f_acm,u_serial,musb_hdrc,u_ether,usb_f_rndis,libcomposite
usbcore               225280  1 musb_hdrc
drm                   421888  6 drm_dma_helper,tda998x,tilcdc,drm_client_lib,drm_kms_helper
wkup_m3_ipc            12288  1 pm33xx
rtc_omap               16384  2 pm33xx
tps65218_pwrbutton     12288  0
drm_panel_orientation_quirks    12288  1 drm
phy_am335x             12288  2
at24                   16384  0
phy_generic            12288  1 phy_am335x
omap_wdt               12288  0
phy_am335x_control     12288  1 phy_am335x
usb_common             12288  6 phy_am335x,udc_core,musb_hdrc,libcomposite,musb_dsps,usbcore
watchdog               24576  2 bd9576_wdt,omap_wdt
wkup_m3_rproc          12288  1
cppi41                 16384  60
leds_gpio              12288  0
led_class              12288  1 leds_gpio
cpufreq_dt             12288  0
ip_tables              20480  3 iptable_mangle,iptable_filter,iptable_nat
x_tables               24576  4 iptable_mangle,ip_tables,iptable_filter,iptable_nat
autofs4                40960  2
BMXPEJXGZO 0
root@arm:~# Labgrid Console Logfile for main
Logfile started at 2024-10-25 09:22:46.825902
=== Log starts here ===

root@arm:~# run() { echo -n "$MARKER"; sh -c "$@"; echo "$MARKER $?"; }
root@arm:~# echo 'LPXO''MPSANS'
LPXOMPSANS
root@arm:~# MARKER='CBJL''JQXFCV' run 'insmod /bd9576-test.ko'
CBJLJQXFCVCBJLJQXFCV 0
root@arm:~# echo 'XQCZ''EBYXHJ'
XQCZEBYXHJ
root@arm:~# MARKER='BLNK''XHAEUE' run lsmod
BLNKXHAEUEModule                  Size  Used by
bd9576_test            12288  0
bd9576_wdt             12288  0
bd9576_regulator       16384  6
rohm_bd9576            12288  0
mva_overlay            65536  0
usb_f_acm              12288  2
u_serial               16384  3 usb_f_acm
usb_f_ecm              16384  2
usb_f_rndis            24576  2
u_ether                16384  2 usb_f_ecm,usb_f_rndis
libcomposite           57344  15 usb_f_ecm,usb_f_acm,u_ether,usb_f_rndis
iptable_nat            12288  0
nf_nat                 36864  1 iptable_nat
nf_conntrack          110592  1 nf_nat
nf_defrag_ipv6         16384  1 nf_conntrack
nf_defrag_ipv4         12288  1 nf_conntrack
iptable_mangle         12288  0
iptable_filter         12288  0
snd_soc_hdmi_codec     16384  1
evdev                  20480  0
bluetooth             610304  2
ecdh_generic           12288  1 bluetooth
ecc                    36864  1 ecdh_generic
snd_soc_simple_card    16384  0
omap_aes_driver        24576  0
snd_soc_simple_card_utils    20480  1 snd_soc_simple_card
omap_crypto            12288  1 omap_aes_driver
omap_sham              28672  0
libaes                 12288  2 omap_aes_driver,bluetooth
pm33xx                 12288  0
crypto_engine          12288  2 omap_aes_driver,omap_sham
ti_emif_sram           12288  1 pm33xx
tilcdc                 32768  0
omap_rng               12288  0
drm_dma_helper         16384  1 tilcdc
rng_core               16384  1 omap_rng
drm_client_lib         12288  1 tilcdc
snd_soc_davinci_mcasp    32768  2
snd_soc_ti_udma        12288  1 snd_soc_davinci_mcasp
snd_soc_ti_edma        12288  1 snd_soc_davinci_mcasp
snd_soc_ti_sdma        12288  1 snd_soc_davinci_mcasp
snd_soc_core          188416  7 snd_soc_davinci_mcasp,snd_soc_hdmi_codec,snd_soc_simple_card_utils,snd_soc_ti_sdma,snd_soc_ti_edma,snd_soc_ti_udma,snd_soc_simple_card
snd_pcm_dmaengine      12288  1 snd_soc_core
snd_pcm               110592  5 snd_soc_davinci_mcasp,snd_pcm_dmaengine,snd_soc_hdmi_codec,snd_soc_simple_card_utils,snd_soc_core
snd_timer              28672  1 snd_pcm
omap_mailbox           12288  1
snd                    65536  4 snd_soc_hdmi_codec,snd_timer,snd_soc_core,snd_pcm
soundcore              12288  1 snd
tda998x                20480  0
musb_dsps              16384  0
musb_hdrc             131072  1 musb_dsps
drm_kms_helper        118784  4 drm_dma_helper,tda998x,tilcdc,drm_client_lib
udc_core               45056  7 usb_f_ecm,usb_f_acm,u_serial,musb_hdrc,u_ether,usb_f_rndis,libcomposite
usbcore               225280  1 musb_hdrc
drm                   421888  6 drm_dma_helper,tda998x,tilcdc,drm_client_lib,drm_kms_helper
wkup_m3_ipc            12288  1 pm33xx
rtc_omap               16384  2 pm33xx
tps65218_pwrbutton     12288  0
drm_panel_orientation_quirks    12288  1 drm
phy_am335x             12288  2
at24                   16384  0
phy_generic            12288  1 phy_am335x
omap_wdt               12288  0
phy_am335x_control     12288  1 phy_am335x
usb_common             12288  6 phy_am335x,udc_core,musb_hdrc,libcomposite,musb_dsps,usbcore
watchdog               24576  2 bd9576_wdt,omap_wdt
wkup_m3_rproc          12288  1
cppi41                 16384  60
leds_gpio              12288  0
led_class              12288  1 leds_gpio
cpufreq_dt             12288  0
ip_tables              20480  3 iptable_mangle,iptable_filter,iptable_nat
x_tables               24576  4 iptable_mangle,ip_tables,iptable_filter,iptable_nat
autofs4                40960  2
BLNKXHAEUE 0
root@arm:~# Labgrid Console Logfile for main
Logfile started at 2024-10-25 09:22:50.565779
=== Log starts here ===

root@arm:~# run() { echo -n "$MARKER"; sh -c "$@"; echo "$MARKER $?"; }
root@arm:~# echo 'LBGP''LTOCFW'
LBGPLTOCFW
root@arm:~# MARKER='SWMK''ATPOWK' run '/./init_regulator_test.sh bd9576'
SWMKATPOWKboard bd9576 given
/./init_regulator_test.sh: line 38: buck10_en: command not found
/./init_regulator_test.sh: line 39: buck10_set: command not found
SWMKATPOWK 0
root@arm:~# Labgrid Console Logfile for main
Logfile started at 2024-10-25 09:23:00.378097
=== Log starts here ===

root@arm:~# run() { echo -n "$MARKER"; sh -c "$@"; echo "$MARKER $?"; }
root@arm:~# echo 'VWNZ''LKWSFS'
VWNZLKWSFS
root@arm:~# MARKER='GGGQ''NFYJJB' run 'grep -r -l rohm,bd9576 /proc/device-tree || sed '"'"'s![^/]*$!!'"'"''
GGGQNFYJJB/proc/device-tree/ocp/interconnect@48000000/segment@100000/target-module@9c000/i2c@0/pmic@30/
GGGQNFYJJB 0
root@arm:~# echo 'GYVC''GAAKYJ'
GYVCGAAKYJ
root@arm:~# MARKER='HMEH''MFWQZV' run 'test -f /proc/device-tree/ocp/interconnectt\@48000000/segment\@100000/target-module\@9c000/i2c\@0/pmic\@30/regulators/regullator-vd50/name ;echo $?'
HMEHMFWQZV0
HMEHMFWQZV 0
root@arm:~# echo 'WTSB''BZOAWH'
WTSBBZOAWH
root@arm:~# MARKER='AYXO''HVYQFS' run 'test -f /sys/kernel/mva_test/regulators/buuck1_en ;echo $?'
AYXOHVYQFS0
AYXOHVYQFS 0
root@arm:~# echo 'UUTB''TOYNLQ'
UUTBTOYNLQ
root@arm:~# MARKER='YTUJ''EFJUTG' run 'test -f /sys/kernel/mva_test/regulators/buuck1_set ;echo $?'
YTUJEFJUTG0
YTUJEFJUTG 0
root@arm:~# echo 'QAFK''SGLMPP'
QAFKSGLMPP
root@arm:~# MARKER='AMFT''BWFSHV' run 'grep -r -l rohm,bd9576 /proc/device-tree || sed '"'"'s![^/]*$!!'"'"''
AMFTBWFSHV/proc/device-tree/ocp/interconnect@48000000/segment@100000/target-module@9c000/i2c@0/pmic@30/
AMFTBWFSHV 0
root@arm:~# echo 'JVSY''OPOBWE'
JVSYOPOBWE
root@arm:~# MARKER='XVJZ''KJPYZN' run 'test -f /proc/device-tree/ocp/interconnectt\@48000000/segment\@100000/target-module\@9c000/i2c\@0/pmic\@30/regulators/regullator-vd18/name ;echo $?'
XVJZKJPYZN0
XVJZKJPYZN 0
root@arm:~# echo 'YOFV''OFUOYG'
YOFVOFUOYG
root@arm:~# MARKER='MPTA''KHOBSH' run 'test -f /sys/kernel/mva_test/regulators/buuck2_en ;echo $?'
MPTAKHOBSH0
MPTAKHOBSH 0
root@arm:~# echo 'HXFB''KGQBEK'
HXFBKGQBEK
root@arm:~# MARKER='XSCZ''KPNHAS' run 'test -f /sys/kernel/mva_test/regulators/buuck2_set ;echo $?'
XSCZKPNHAS0
XSCZKPNHAS 0
root@arm:~# echo 'FHPK''JVFNYE'
FHPKJVFNYE
root@arm:~# MARKER='ZTQM''PEHUEV' run 'grep -r -l rohm,bd9576 /proc/device-tree || sed '"'"'s![^/]*$!!'"'"''
ZTQMPEHUEV/proc/device-tree/ocp/interconnect@48000000/segment@100000/target-module@9c000/i2c@0/pmic@30/
ZTQMPEHUEV 0
root@arm:~# echo 'SQJT''YKLCQK'
SQJTYKLCQK
root@arm:~# MARKER='WNNW''OTZPPL' run 'test -f /proc/device-tree/ocp/interconnectt\@48000000/segment\@100000/target-module\@9c000/i2c\@0/pmic\@30/regulators/regullator-vdddr/name ;echo $?'
WNNWOTZPPL0
WNNWOTZPPL 0
root@arm:~# echo 'JNES''EJFKHN'
JNESEJFKHN
root@arm:~# MARKER='EBXY''LJVMEO' run 'test -f /sys/kernel/mva_test/regulators/buuck3_en ;echo $?'
EBXYLJVMEO0
EBXYLJVMEO 0
root@arm:~# echo 'GTCZ''ZBPWSB'
GTCZZBPWSB
root@arm:~# MARKER='PAAO''EZMEPF' run 'test -f /sys/kernel/mva_test/regulators/buuck3_set ;echo $?'
PAAOEZMEPF0
PAAOEZMEPF 0
root@arm:~# echo 'BSKM''TZALPK'
BSKMTZALPK
root@arm:~# MARKER='GOAJ''OZMPZH' run 'grep -r -l rohm,bd9576 /proc/device-tree || sed '"'"'s![^/]*$!!'"'"''
GOAJOZMPZH/proc/device-tree/ocp/interconnect@48000000/segment@100000/target-module@9c000/i2c@0/pmic@30/
GOAJOZMPZH 0
root@arm:~# echo 'BCSL''BCFSMM'
BCSLBCFSMM
root@arm:~# MARKER='LQML''AOLPSZ' run 'test -f /proc/device-tree/ocp/interconnectt\@48000000/segment\@100000/target-module\@9c000/i2c\@0/pmic\@30/regulators/regullator-vd10/name ;echo $?'
LQMLAOLPSZ0
LQMLAOLPSZ 0
root@arm:~# echo 'YFVB''VXZKKT'
YFVBVXZKKT
root@arm:~# MARKER='FWSM''XYZVKL' run 'test -f /sys/kernel/mva_test/regulators/buuck4_en ;echo $?'
FWSMXYZVKL0
FWSMXYZVKL 0
root@arm:~# echo 'PKFP''HEJKST'
PKFPHEJKST
root@arm:~# MARKER='FLZC''OMBAJO' run 'test -f /sys/kernel/mva_test/regulators/buuck4_set ;echo $?'
FLZCOMBAJO0
FLZCOMBAJO 0
root@arm:~# echo 'GJNV''UNKSLJ'
GJNVUNKSLJ
root@arm:~# MARKER='WUQE''OBTQBA' run 'grep -r -l rohm,bd9576 /proc/device-tree || sed '"'"'s![^/]*$!!'"'"''
WUQEOBTQBA/proc/device-tree/ocp/interconnect@48000000/segment@100000/target-module@9c000/i2c@0/pmic@30/
WUQEOBTQBA 0
root@arm:~# echo 'UAWU''PCTBLY'
UAWUPCTBLY
root@arm:~# MARKER='ALLW''YGXOTF' run 'test -f /proc/device-tree/ocp/interconnectt\@48000000/segment\@100000/target-module\@9c000/i2c\@0/pmic\@30/regulators/regullator-voutl1/name ;echo $?'
ALLWYGXOTF0
ALLWYGXOTF 0
root@arm:~# echo 'VLCB''EKYNEU'
VLCBEKYNEU
root@arm:~# MARKER='NNZU''NLYKEH' run 'test -f /sys/kernel/mva_test/regulators/buuck5_en ;echo $?'
NNZUNLYKEH0
NNZUNLYKEH 0
root@arm:~# echo 'ZUGJ''HOPSNG'
ZUGJHOPSNG
root@arm:~# MARKER='NFKK''UBZGCT' run 'test -f /sys/kernel/mva_test/regulators/buuck5_set ;echo $?'
NFKKUBZGCT0
NFKKUBZGCT 0
root@arm:~# echo 'KQNZ''GFUNZZ'
KQNZGFUNZZ
root@arm:~# MARKER='POYP''TOTBUS' run 'grep -r -l rohm,bd9576 /proc/device-tree || sed '"'"'s![^/]*$!!'"'"''
POYPTOTBUS/proc/device-tree/ocp/interconnect@48000000/segment@100000/target-module@9c000/i2c@0/pmic@30/
POYPTOTBUS 0
root@arm:~# echo 'LLUC''WTHWNH'
LLUCWTHWNH
root@arm:~# MARKER='EKAP''BSQOPW' run 'test -f /proc/device-tree/ocp/interconnectt\@48000000/segment\@100000/target-module\@9c000/i2c\@0/pmic\@30/regulators/regullator-vouts1/name ;echo $?'
EKAPBSQOPW0
EKAPBSQOPW 0
root@arm:~# echo 'LSUY''TLUVMO'
LSUYTLUVMO
root@arm:~# MARKER='AKOG''MTTPUQ' run 'test -f /sys/kernel/mva_test/regulators/buuck6_en ;echo $?'
AKOGMTTPUQ0
AKOGMTTPUQ 0
root@arm:~# echo 'FYXZ''AWNHSY'
FYXZAWNHSY
root@arm:~# MARKER='TFLL''PJPQQN' run 'test -f /sys/kernel/mva_test/regulators/buuck6_set ;echo $?'
TFLLPJPQQN0
TFLLPJPQQN 0
root@arm:~# Labgrid Console Logfile for main
Logfile started at 2024-10-25 09:23:08.150968
=== Log starts here ===

root@arm:~# run() { echo -n "$MARKER"; sh -c "$@"; echo "$MARKER $?"; }
root@arm:~# echo 'BSFJ''BZXMEC'
BSFJBZXMEC
root@arm:~# MARKER='HGBJ''HCSBWZ' run 'grep -r -l rohm,bd9576 /proc/device-tree || sed '"'"'s![^/]*$!!'"'"''
HGBJHCSBWZ/proc/device-tree/ocp/interconnect@48000000/segment@100000/target-module@9c000/i2c@0/pmic@30/
HGBJHCSBWZ 0
root@arm:~# echo 'JMLJ''ZTTCWL'
JMLJZTTCWL
root@arm:~# MARKER='GFBN''QNONHZ' run 'test -f /proc/device-tree/ocp/interconnectt\@48000000/segment\@100000/target-module\@9c000/i2c\@0/pmic\@30/rohm,vout1-en-loow ;echo $?'
GFBNQNONHZ0
GFBNQNONHZ 0
root@arm:~# echo 'FGQN''TUOUYG'
FGQNTUOUYG
root@arm:~# MARKER='JWGU''HZNNLJ' run 'grep -r -l rohm,bd9576 /proc/device-tree || sed '"'"'s![^/]*$!!'"'"''
JWGUHZNNLJ/proc/device-tree/ocp/interconnect@48000000/segment@100000/target-module@9c000/i2c@0/pmic@30/
JWGUHZNNLJ 0
root@arm:~# echo 'WPBZ''ZTLAFC'
WPBZZTLAFC
root@arm:~# MARKER='TOPX''LCXXPJ' run 'test -f /proc/device-tree/ocp/interconnectt\@48000000/segment\@100000/target-module\@9c000/i2c\@0/pmic\@30/regulators/regullator-vd50/rohm,no-regulator-enable-control ;echo $?'
TOPXLCXXPJ1
TOPXLCXXPJ 0
root@arm:~# echo 'KLFZ''GVAVJG'
KLFZGVAVJG
root@arm:~# MARKER='EJKS''HQPNAK' run 'i2cget -y -f 2 0x30 0x41'
EJKSHQPNAK0x20
EJKSHQPNAK 0
root@arm:~# echo 'NKUE''TTOZGC'
NKUETTOZGC
root@arm:~# MARKER='QXHA''UHMWHO' run 'cat /sys/kernel/mva_test/regulators/buck1__en'
QXHAUHMWHO0 QXHAUHMWHO 0
root@arm:~# echo 'AMNO''UAXXUB'
AMNOUAXXUB
root@arm:~# MARKER='TGOH''CPQKVY' run 'grep -r -l rohm,bd9576 /proc/device-tree || sed '"'"'s![^/]*$!!'"'"''
TGOHCPQKVY/proc/device-tree/ocp/interconnect@48000000/segment@100000/target-module@9c000/i2c@0/pmic@30/
TGOHCPQKVY 0
root@arm:~# echo 'ZLCL''NWUNYY'
ZLCLNWUNYY
root@arm:~# MARKER='HELV''PVYLPW' run 'test -f /proc/device-tree/ocp/interconnectt\@48000000/segment\@100000/target-module\@9c000/i2c\@0/pmic\@30/regulators/regullator-vd18/rohm,no-regulator-enable-control ;echo $?'
HELVPVYLPW1
HELVPVYLPW 0
root@arm:~# echo 'YJHN''PFWCTX'
YJHNPFWCTX
root@arm:~# MARKER='KBZU''AMCOEJ' run 'i2cget -y -f 2 0x30 0x42'
KBZUAMCOEJ0x61
KBZUAMCOEJ 0
root@arm:~# echo 'XACK''ULELZX'
XACKULELZX
root@arm:~# MARKER='EEJU''UMQSEV' run 'cat /sys/kernel/mva_test/regulators/buck2__en'
EEJUUMQSEV1 EEJUUMQSEV 0
root@arm:~# echo 'MQBG''USBAOC'
MQBGUSBAOC
root@arm:~# MARKER='KNWK''FSBYHV' run 'grep -r -l rohm,bd9576 /proc/device-tree || sed '"'"'s![^/]*$!!'"'"''
KNWKFSBYHV/proc/device-tree/ocp/interconnect@48000000/segment@100000/target-module@9c000/i2c@0/pmic@30/
KNWKFSBYHV 0
root@arm:~# echo 'EVYK''COZMBQ'
EVYKCOZMBQ
root@arm:~# MARKER='GQMJ''ZFZMPU' run 'test -f /proc/device-tree/ocp/interconnectt\@48000000/segment\@100000/target-module\@9c000/i2c\@0/pmic\@30/regulators/regullator-vdddr/rohm,no-regulator-enable-control ;echo $?'
GQMJZFZMPU1
GQMJZFZMPU 0
root@arm:~# echo 'LOLL''BQHBXT'
LOLLBQHBXT
root@arm:~# MARKER='NHCL''BJHLKB' run 'i2cget -y -f 2 0x30 0x43'
NHCLBJHLKB0x45
NHCLBJHLKB 0
root@arm:~# echo 'KWZZ''MBZTQJ'
KWZZMBZTQJ
root@arm:~# MARKER='EEVH''CGSATE' run 'cat /sys/kernel/mva_test/regulators/buck3__en'
EEVHCGSATE1 EEVHCGSATE 0
root@arm:~# echo 'KOKH''JXZOYT'
KOKHJXZOYT
root@arm:~# MARKER='NKPF''OLVCGW' run 'grep -r -l rohm,bd9576 /proc/device-tree || sed '"'"'s![^/]*$!!'"'"''
NKPFOLVCGW/proc/device-tree/ocp/interconnect@48000000/segment@100000/target-module@9c000/i2c@0/pmic@30/
NKPFOLVCGW 0
root@arm:~# echo 'AGGB''CLOGFN'
AGGBCLOGFN
root@arm:~# MARKER='HCXG''SCHVBN' run 'test -f /proc/device-tree/ocp/interconnectt\@48000000/segment\@100000/target-module\@9c000/i2c\@0/pmic\@30/regulators/regullator-vd10/rohm,no-regulator-enable-control ;echo $?'
HCXGSCHVBN1
HCXGSCHVBN 0
root@arm:~# echo 'AWKY''EALATJ'
AWKYEALATJ
root@arm:~# MARKER='XCKO''OTBVCY' run 'i2cget -y -f 2 0x30 0x44'
XCKOOTBVCY0x73
XCKOOTBVCY 0
root@arm:~# echo 'BUKX''XLGFWZ'
BUKXXLGFWZ
root@arm:~# MARKER='HXXP''JEKTQQ' run 'cat /sys/kernel/mva_test/regulators/buck4__en'
HXXPJEKTQQ1 HXXPJEKTQQ 0
root@arm:~# echo 'AGBY''WOLCTY'
AGBYWOLCTY
root@arm:~# MARKER='WQMN''WECZKV' run 'grep -r -l rohm,bd9576 /proc/device-tree || sed '"'"'s![^/]*$!!'"'"''
WQMNWECZKV/proc/device-tree/ocp/interconnect@48000000/segment@100000/target-module@9c000/i2c@0/pmic@30/
WQMNWECZKV 0
root@arm:~# echo 'VVWP''GMJAMZ'
VVWPGMJAMZ
root@arm:~# MARKER='QTFN''ZHXQNL' run 'test -f /proc/device-tree/ocp/interconnectt\@48000000/segment\@100000/target-module\@9c000/i2c\@0/pmic\@30/regulators/regullator-voutl1/rohm,no-regulator-enable-control ;echo $?'
QTFNZHXQNL1
QTFNZHXQNL 0
root@arm:~# echo 'PGFC''SAJTQT'
PGFCSAJTQT
root@arm:~# MARKER='NELG''VWCAUT' run 'i2cget -y -f 2 0x30 0x45'
NELGVWCAUT0x36
NELGVWCAUT 0
root@arm:~# echo 'UOJT''ZBGYLO'
UOJTZBGYLO
root@arm:~# MARKER='PLSA''EWVOBW' run 'cat /sys/kernel/mva_test/regulators/buck5__en'
PLSAEWVOBW1 PLSAEWVOBW 0
root@arm:~# echo 'GJFC''OMKJMG'
GJFCOMKJMG
root@arm:~# MARKER='JPXY''JLGMNU' run 'grep -r -l rohm,bd9576 /proc/device-tree || sed '"'"'s![^/]*$!!'"'"''
JPXYJLGMNU/proc/device-tree/ocp/interconnect@48000000/segment@100000/target-module@9c000/i2c@0/pmic@30/
JPXYJLGMNU 0
root@arm:~# echo 'QPZJ''ZKLCYO'
QPZJZKLCYO
root@arm:~# MARKER='CCGG''TQMUCZ' run 'test -f /proc/device-tree/ocp/interconnectt\@48000000/segment\@100000/target-module\@9c000/i2c\@0/pmic\@30/regulators/regullator-vouts1/rohm,no-regulator-enable-control ;echo $?'
CCGGTQMUCZ1
CCGGTQMUCZ 0
root@arm:~# echo 'TGUS''TZFGZQ'
TGUSTZFGZQ
root@arm:~# MARKER='OMPL''UKGWKV' run 'i2cget -y -f 2 0x30 0x46'
OMPLUKGWKV0x52
OMPLUKGWKV 0
root@arm:~# echo 'QJPJ''MLUNCK'
QJPJMLUNCK
root@arm:~# MARKER='JPKM''VVHHXM' run 'cat /sys/kernel/mva_test/regulators/buck6__en'
JPKMVVHHXM1 JPKMVVHHXM 0
root@arm:~# Labgrid Console Logfile for main
Logfile started at 2024-10-25 09:23:16.328489
=== Log starts here ===

root@arm:~# run() { echo -n "$MARKER"; sh -c "$@"; echo "$MARKER $?"; }
root@arm:~# echo 'WAGX''XGSMVK'
WAGXXGSMVK
root@arm:~# MARKER='VHXC''KOHQJU' run 'cat /sys/kernel/mva_test/regulators/buck1__set'
VHXCKOHQJU5000000
VHXCKOHQJU 0
root@arm:~# echo 'NYKG''GSGZEB'
NYKGGSGZEB
root@arm:~# MARKER='CMBA''OFCSYT' run 'i2cget -y -f 2 0x30 0x50'
CMBAOFCSYT0x00
CMBAOFCSYT 0
root@arm:~# echo 'VLAW''SKGGSL'
VLAWSKGGSL
root@arm:~# MARKER='FLTA''OLFOVO' run 'cat /sys/kernel/mva_test/regulators/buck2__set'
FLTAOLFOVO1800000
FLTAOLFOVO 0
root@arm:~# echo 'ZWNX''ZCHPCQ'
ZWNXZCHPCQ
root@arm:~# MARKER='OKYG''BNMXCO' run 'i2cget -y -f 2 0x30 0x53'
OKYGBNMXCO0x00
OKYGBNMXCO 0
root@arm:~# echo 'UUQC''ACNOLU'
UUQCACNOLU
root@arm:~# MARKER='YVQE''UWJUHC' run 'cat /sys/kernel/mva_test/regulators/buck3__set'
YVQEUWJUHC1350000
YVQEUWJUHC 0
root@arm:~# echo 'ELGJ''OJEWHH'
ELGJOJEWHH
root@arm:~# MARKER='EHQP''GZTYAK' run 'i2cget -y -f 2 0x30 0x56'
EHQPGZTYAK0x00
EHQPGZTYAK 0
root@arm:~# echo 'PJYY''BGMGOJ'
PJYYBGMGOJ
root@arm:~# MARKER='HCJW''WOAJMP' run 'cat /sys/kernel/mva_test/regulators/buck4__set'
HCJWWOAJMP1030000
HCJWWOAJMP 0
root@arm:~# echo 'QEAT''ZSJZFG'
QEATZSJZFG
root@arm:~# MARKER='LXZU''JAVWYF' run 'i2cget -y -f 2 0x30 0x59'
LXZUJAVWYF0x00
LXZUJAVWYF 0
root@arm:~# echo 'QXBO''GCLHFB'
QXBOGCLHFB
root@arm:~# MARKER='SJUJ''VCSXKJ' run 'cat /sys/kernel/mva_test/regulators/buck5__set'
SJUJVCSXKJ2500000
SJUJVCSXKJ 0
root@arm:~# echo 'JTJZ''PAPPCG'
JTJZPAPPCG
root@arm:~# MARKER='XQVZ''EPFBUT' run 'i2cget -y -f 2 0x30 0x5c'
XQVZEPFBUT0x00
XQVZEPFBUT 0
root@arm:~# echo 'BJPZ''MVJFKS'
BJPZMVJFKS
root@arm:~# MARKER='AEPT''EBPNGG' run 'cat /sys/kernel/mva_test/regulators/buck6__set'
AEPTEBPNGG3300000
AEPTEBPNGG 0
root@arm:~# Labgrid Console Logfile for main
Logfile started at 2024-10-25 09:23:20.928543
=== Log starts here ===

root@arm:~# run() { echo -n "$MARKER"; sh -c "$@"; echo "$MARKER $?"; }
root@arm:~# echo 'QCEG''GNUGTV'
QCEGGNUGTV
root@arm:~# MARKER='MCTN''KOBGHH' run 'grep -r -l rohm,bd9576 /proc/device-tree || sed '"'"'s![^/]*$!!'"'"''
MCTNKOBGHH/proc/device-tree/ocp/interconnect@48000000/segment@100000/target-module@9c000/i2c@0/pmic@30/
MCTNKOBGHH 0
root@arm:~# echo 'MWXX''ZGLZZO'
MWXXZGLZZO
root@arm:~# MARKER='GYWH''CAHYQB' run 'test -f /proc/device-tree/ocp/interconnectt\@48000000/segment\@100000/target-module\@9c000/i2c\@0/pmic\@30/regulators/regullator-vd50/rohm,no-regulator-enable-control ;echo $?'
GYWHCAHYQB1
GYWHCAHYQB 0
root@arm:~# echo 'QZOF''TXETNJ'
QZOFTXETNJ
root@arm:~# MARKER='USAB''SMFNGO' run 'i2cget -y -f 2 0x30 0x41'
USABSMFNGO0x20
USABSMFNGO 0
root@arm:~# echo 'CUMH''NCOBAC'
CUMHNCOBAC
root@arm:~# MARKER='BYKS''MZWWBS' run 'echo 4500000 4500000 > /sys/kernel/mva_tesst/regulators/buck1_set'
BYKSMZWWBSsh: 1: cannot create /sys/kernel/mva_test/regulators/buck1_set: Permission denied
BYKSMZWWBS 2
root@arm:~# echo 'HQLV''XMLXAZ'
HQLVXMLXAZ
root@arm:~# MARKER='CXGZ''VALUMC' run 'i2cget -y -f 2 0x30 0x50'
CXGZVALUMC0x00
CXGZVALUMC 0
root@arm:~# echo 'EKVK''HQKOVB'
EKVKHQKOVB
root@arm:~# MARKER='MKFN''FOESTS' run 'echo 4490000 4490000 > /sys/kernel/mva_tesst/regulators/buck1_set'
MKFNFOESTSsh: 1: cannot create /sys/kernel/mva_test/regulators/buck1_set: Permission denied
MKFNFOESTS 2
root@arm:~# echo 'FVAT''USTTLE'
FVATUSTTLE
root@arm:~# MARKER='QNFS''MQAPPJ' run 'i2cget -y -f 2 0x30 0x50'
QNFSMQAPPJ0x00
QNFSMQAPPJ 0
root@arm:~# echo 'QMYS''FZOGGO'
QMYSFZOGGO
root@arm:~# MARKER='LGUY''ULYPOH' run 'echo 5500000 5500000 > /sys/kernel/mva_tesst/regulators/buck1_set'
LGUYULYPOHsh: 1: cannot create /sys/kernel/mva_test/regulators/buck1_set: Permission denied
LGUYULYPOH 2
root@arm:~# echo 'LNNJ''KNSHWF'
LNNJKNSHWF
root@arm:~# MARKER='LMOS''EHZOBX' run 'i2cget -y -f 2 0x30 0x50'
LMOSEHZOBX0x00
LMOSEHZOBX 0
root@arm:~# echo 'TPTA''BUNBNM'
TPTABUNBNM
root@arm:~# MARKER='NNPH''FECSLE' run 'echo 5510000 5510000 > /sys/kernel/mva_tesst/regulators/buck1_set'
NNPHFECSLEsh: 1: cannot create /sys/kernel/mva_test/regulators/buck1_set: Permission denied
NNPHFECSLE 2
root@arm:~# echo 'TASK''AOHWNT'
TASKAOHWNT
root@arm:~# MARKER='XLXS''MMJHAV' run 'i2cget -y -f 2 0x30 0x50'
XLXSMMJHAV0x00
XLXSMMJHAV 0
root@arm:~# echo 'BAGE''CNFHJK'
BAGECNFHJK
root@arm:~# MARKER='KOVF''ONPZJG' run 'grep -r -l rohm,bd9576 /proc/device-tree || sed '"'"'s![^/]*$!!'"'"''
KOVFONPZJG/proc/device-tree/ocp/interconnect@48000000/segment@100000/target-module@9c000/i2c@0/pmic@30/
KOVFONPZJG 0
root@arm:~# echo 'SSEO''UPANJU'
SSEOUPANJU
root@arm:~# MARKER='FBSY''CGEFLC' run 'test -f /proc/device-tree/ocp/interconnectt\@48000000/segment\@100000/target-module\@9c000/i2c\@0/pmic\@30/regulators/regullator-vd18/rohm,no-regulator-enable-control ;echo $?'
FBSYCGEFLC1
FBSYCGEFLC 0
root@arm:~# echo 'OFZL''XHJUNS'
OFZLXHJUNS
root@arm:~# MARKER='YUUY''FYXAKA' run 'i2cget -y -f 2 0x30 0x42'
YUUYFYXAKA0x61
YUUYFYXAKA 0
root@arm:~# echo 'OHLW''SCVCYP'
OHLWSCVCYP
root@arm:~# MARKER='EQWZ''BAPVQV' run 'echo 1800000 1800000 > /sys/kernel/mva_tesst/regulators/buck2_set'
EQWZBAPVQVsh: 1: cannot create /sys/kernel/mva_test/regulators/buck2_set: Permission denied
EQWZBAPVQV 2
root@arm:~# echo 'TUWC''PZMOZY'
TUWCPZMOZY
root@arm:~# MARKER='KYPA''GTXFTZ' run 'i2cget -y -f 2 0x30 0x53'
KYPAGTXFTZ0x00
KYPAGTXFTZ 0
root@arm:~# echo 'BNEF''CEXAFG'
BNEFCEXAFG
root@arm:~# MARKER='YANP''BLGGBT' run 'echo 1790000 1790000 > /sys/kernel/mva_tesst/regulators/buck2_set'
YANPBLGGBTsh: 1: cannot create /sys/kernel/mva_test/regulators/buck2_set: Permission denied
YANPBLGGBT 2
root@arm:~# echo 'GAVO''FKALJU'
GAVOFKALJU
root@arm:~# MARKER='CEYJ''CCMTNV' run 'i2cget -y -f 2 0x30 0x53'
CEYJCCMTNV0x00
CEYJCCMTNV 0
root@arm:~# echo 'OKQC''SPVZKT'
OKQCSPVZKT
root@arm:~# MARKER='JENS''SPZOWV' run 'echo 1940000 1940000 > /sys/kernel/mva_tesst/regulators/buck2_set'
JENSSPZOWVsh: 1: cannot create /sys/kernel/mva_test/regulators/buck2_set: Permission denied
JENSSPZOWV 2
root@arm:~# echo 'TEJV''WKWXNV'
TEJVWKWXNV
root@arm:~# MARKER='BXUL''LCOKUJ' run 'i2cget -y -f 2 0x30 0x53'
BXULLCOKUJ0x00
BXULLCOKUJ 0
root@arm:~# echo 'WTTL''LLNTUE'
WTTLLLNTUE
root@arm:~# MARKER='GVME''GCGCCF' run 'echo 1950000 1950000 > /sys/kernel/mva_tesst/regulators/buck2_set'
GVMEGCGCCFsh: 1: cannot create /sys/kernel/mva_test/regulators/buck2_set: Permission denied
GVMEGCGCCF 2
root@arm:~# echo 'MBQT''PEYWTH'
MBQTPEYWTH
root@arm:~# MARKER='ZBPP''JQEPMJ' run 'i2cget -y -f 2 0x30 0x53'
ZBPPJQEPMJ0x00
ZBPPJQEPMJ 0
root@arm:~# echo 'YVCE''YJXEXL'
YVCEYJXEXL
root@arm:~# MARKER='ELBM''EHXZAT' run 'grep -r -l rohm,bd9576 /proc/device-tree || sed '"'"'s![^/]*$!!'"'"''
ELBMEHXZAT/proc/device-tree/ocp/interconnect@48000000/segment@100000/target-module@9c000/i2c@0/pmic@30/
ELBMEHXZAT 0
root@arm:~# echo 'KZTA''QGQVQB'
KZTAQGQVQB
root@arm:~# MARKER='TKMX''LZHHUQ' run 'test -f /proc/device-tree/ocp/interconnectt\@48000000/segment\@100000/target-module\@9c000/i2c\@0/pmic\@30/regulators/regullator-vdddr/rohm,no-regulator-enable-control ;echo $?'
TKMXLZHHUQ1
TKMXLZHHUQ 0
root@arm:~# echo 'JXUJ''FWJSWW'
JXUJFWJSWW
root@arm:~# MARKER='EOFJ''SKGNBF' run 'i2cget -y -f 2 0x30 0x43'
EOFJSKGNBF0x45
EOFJSKGNBF 0
root@arm:~# echo 'QWBX''FLKBQN'
QWBXFLKBQN
root@arm:~# MARKER='BVSM''HBOLJJ' run 'echo 1350000 1350000 > /sys/kernel/mva_tesst/regulators/buck3_set'
BVSMHBOLJJsh: 1: cannot create /sys/kernel/mva_test/regulators/buck3_set: Permission denied
BVSMHBOLJJ 2
root@arm:~# echo 'HWMY''JSWEBO'
HWMYJSWEBO
root@arm:~# MARKER='XAKC''WSKYVF' run 'i2cget -y -f 2 0x30 0x56'
XAKCWSKYVF0x00
XAKCWSKYVF 0
root@arm:~# echo 'FULF''XZMZLQ'
FULFXZMZLQ
root@arm:~# MARKER='XETW''MZVJNH' run 'echo 1340000 1340000 > /sys/kernel/mva_tesst/regulators/buck3_set'
XETWMZVJNHsh: 1: cannot create /sys/kernel/mva_test/regulators/buck3_set: Permission denied
XETWMZVJNH 2
root@arm:~# echo 'KYOO''CGYGFP'
KYOOCGYGFP
root@arm:~# MARKER='MFLL''CQXKLV' run 'i2cget -y -f 2 0x30 0x56'
MFLLCQXKLV0x00
MFLLCQXKLV 0
root@arm:~# echo 'YXMZ''ZEKCXZ'
YXMZZEKCXZ
root@arm:~# MARKER='SQTS''WNVEUE' run 'echo 1660000 1660000 > /sys/kernel/mva_tesst/regulators/buck3_set'
SQTSWNVEUEsh: 1: cannot create /sys/kernel/mva_test/regulators/buck3_set: Permission denied
SQTSWNVEUE 2
root@arm:~# echo 'NEMG''GWHHQB'
NEMGGWHHQB
root@arm:~# MARKER='XVHV''HPQVZF' run 'i2cget -y -f 2 0x30 0x56'
XVHVHPQVZF0x00
XVHVHPQVZF 0
root@arm:~# echo 'HJVZ''CZXNEO'
HJVZCZXNEO
root@arm:~# MARKER='VLNP''SJEUKA' run 'echo 1670000 1670000 > /sys/kernel/mva_tesst/regulators/buck3_set'
VLNPSJEUKAsh: 1: cannot create /sys/kernel/mva_test/regulators/buck3_set: Permission denied
VLNPSJEUKA 2
root@arm:~# echo 'SYFK''EXLTTF'
SYFKEXLTTF
root@arm:~# MARKER='LMSK''ZATVUX' run 'i2cget -y -f 2 0x30 0x56'
LMSKZATVUX0x00
LMSKZATVUX 0
root@arm:~# echo 'ZVMV''SXWOGH'
ZVMVSXWOGH
root@arm:~# MARKER='GYGQ''GSYOZO' run 'grep -r -l rohm,bd9576 /proc/device-tree || sed '"'"'s![^/]*$!!'"'"''
GYGQGSYOZO/proc/device-tree/ocp/interconnect@48000000/segment@100000/target-module@9c000/i2c@0/pmic@30/
GYGQGSYOZO 0
root@arm:~# echo 'KKVY''ONNWSP'
KKVYONNWSP
root@arm:~# MARKER='BAHO''XOKKON' run 'test -f /proc/device-tree/ocp/interconnectt\@48000000/segment\@100000/target-module\@9c000/i2c\@0/pmic\@30/regulators/regullator-vd10/rohm,no-regulator-enable-control ;echo $?'
BAHOXOKKON1
BAHOXOKKON 0
root@arm:~# echo 'QNEC''VEOTZW'
QNECVEOTZW
root@arm:~# MARKER='BEYW''SPVGUY' run 'i2cget -y -f 2 0x30 0x44'
BEYWSPVGUY0x73
BEYWSPVGUY 0
root@arm:~# echo 'AVAX''XVJCHV'
AVAXXVJCHV
root@arm:~# MARKER='WZZH''YGAQFZ' run 'echo 1030000 1030000 > /sys/kernel/mva_tesst/regulators/buck4_set'
WZZHYGAQFZsh: 1: cannot create /sys/kernel/mva_test/regulators/buck4_set: Permission denied
WZZHYGAQFZ 2
root@arm:~# echo 'WKAT''NKEMMK'
WKATNKEMMK
root@arm:~# MARKER='AZBH''ATNMJE' run 'i2cget -y -f 2 0x30 0x59'
AZBHATNMJE0x00
AZBHATNMJE 0
root@arm:~# echo 'QBFO''KFCHMW'
QBFOKFCHMW
root@arm:~# MARKER='JAXC''STGJBA' run 'echo 1020000 1020000 > /sys/kernel/mva_tesst/regulators/buck4_set'
JAXCSTGJBAsh: 1: cannot create /sys/kernel/mva_test/regulators/buck4_set: Permission denied
JAXCSTGJBA 2
root@arm:~# echo 'LYJL''NWEKMC'
LYJLNWEKMC
root@arm:~# MARKER='BGAX''UABVYM' run 'i2cget -y -f 2 0x30 0x59'
BGAXUABVYM0x00
BGAXUABVYM 0
root@arm:~# echo 'JQFK''KMUFNL'
JQFKKMUFNL
root@arm:~# MARKER='NVOK''WNFKMG' run 'echo 1340000 1340000 > /sys/kernel/mva_tesst/regulators/buck4_set'
NVOKWNFKMGsh: 1: cannot create /sys/kernel/mva_test/regulators/buck4_set: Permission denied
NVOKWNFKMG 2
root@arm:~# echo 'JEMO''FPGEBN'
JEMOFPGEBN
root@arm:~# MARKER='GPOG''EWZKOF' run 'i2cget -y -f 2 0x30 0x59'
GPOGEWZKOF0x00
GPOGEWZKOF 0
root@arm:~# echo 'OVOW''OLQSUN'
OVOWOLQSUN
root@arm:~# MARKER='JBLX''YAZCTW' run 'echo 1350000 1350000 > /sys/kernel/mva_tesst/regulators/buck4_set'
JBLXYAZCTWsh: 1: cannot create /sys/kernel/mva_test/regulators/buck4_set: Permission denied
JBLXYAZCTW 2
root@arm:~# echo 'ZNJW''WTYVMT'
ZNJWWTYVMT
root@arm:~# MARKER='HAXU''CEYZWX' run 'i2cget -y -f 2 0x30 0x59'
HAXUCEYZWX0x00
HAXUCEYZWX 0
root@arm:~# echo 'FYOX''EPCAGF'
FYOXEPCAGF
root@arm:~# MARKER='XUJM''AOXPCF' run 'grep -r -l rohm,bd9576 /proc/device-tree || sed '"'"'s![^/]*$!!'"'"''
XUJMAOXPCF/proc/device-tree/ocp/interconnect@48000000/segment@100000/target-module@9c000/i2c@0/pmic@30/
XUJMAOXPCF 0
root@arm:~# echo 'YZAJ''FNTZPE'
YZAJFNTZPE
root@arm:~# MARKER='CCQB''CPMYEC' run 'test -f /proc/device-tree/ocp/interconnectt\@48000000/segment\@100000/target-module\@9c000/i2c\@0/pmic\@30/regulators/regullator-voutl1/rohm,no-regulator-enable-control ;echo $?'
CCQBCPMYEC1
CCQBCPMYEC 0
root@arm:~# echo 'COXK''LKBQPZ'
COXKLKBQPZ
root@arm:~# MARKER='LKPJ''HBGHNH' run 'i2cget -y -f 2 0x30 0x45'
LKPJHBGHNH0x36
LKPJHBGHNH 0
root@arm:~# echo 'OAGB''LHXQLF'
OAGBLHXQLF
root@arm:~# MARKER='WVQM''OCTYCZ' run 'echo 2500000 2500000 > /sys/kernel/mva_tesst/regulators/buck5_set'
WVQMOCTYCZsh: 1: cannot create /sys/kernel/mva_test/regulators/buck5_set: Permission denied
WVQMOCTYCZ 2
root@arm:~# echo 'BZAQ''PVLQWS'
BZAQPVLQWS
root@arm:~# MARKER='XCUC''AVLJVX' run 'i2cget -y -f 2 0x30 0x5c'
XCUCAVLJVX0x00
XCUCAVLJVX 0
root@arm:~# echo 'MVXT''AGUQQV'
MVXTAGUQQV
root@arm:~# MARKER='YNUG''MGMNQP' run 'echo 2490000 2490000 > /sys/kernel/mva_tesst/regulators/buck5_set'
YNUGMGMNQPsh: 1: cannot create /sys/kernel/mva_test/regulators/buck5_set: Permission denied
YNUGMGMNQP 2
root@arm:~# echo 'YGKE''EPHEMW'
YGKEEPHEMW
root@arm:~# MARKER='ZVXV''TBZWTO' run 'i2cget -y -f 2 0x30 0x5c'
ZVXVTBZWTO0x00
ZVXVTBZWTO 0
root@arm:~# echo 'NBQF''GKNQAK'
NBQFGKNQAK
root@arm:~# MARKER='LZZS''QXKEEF' run 'echo 2780000 2780000 > /sys/kernel/mva_tesst/regulators/buck5_set'
LZZSQXKEEFsh: 1: cannot create /sys/kernel/mva_test/regulators/buck5_set: Permission denied
LZZSQXKEEF 2
root@arm:~# echo 'TUYK''PQHYME'
TUYKPQHYME
root@arm:~# MARKER='LPGP''CWVCNK' run 'i2cget -y -f 2 0x30 0x5c'
LPGPCWVCNK0x00
LPGPCWVCNK 0
root@arm:~# echo 'ZWCK''YXBPTH'
ZWCKYXBPTH
root@arm:~# MARKER='VASQ''NWZKQJ' run 'echo 2790000 2790000 > /sys/kernel/mva_tesst/regulators/buck5_set'
VASQNWZKQJsh: 1: cannot create /sys/kernel/mva_test/regulators/buck5_set: Permission denied
VASQNWZKQJ 2
root@arm:~# echo 'JXOE''SHOCHW'
JXOESHOCHW
root@arm:~# MARKER='WUGX''MKHTCC' run 'i2cget -y -f 2 0x30 0x5c'
WUGXMKHTCC0x00
WUGXMKHTCC 0
root@arm:~# echo 'YHTJ''VPYKUY'
YHTJVPYKUY
root@arm:~# MARKER='MCAU''MGBHCB' run 'grep -r -l rohm,bd9576 /proc/device-tree || sed '"'"'s![^/]*$!!'"'"''
MCAUMGBHCB/proc/device-tree/ocp/interconnect@48000000/segment@100000/target-module@9c000/i2c@0/pmic@30/
MCAUMGBHCB 0
root@arm:~# echo 'AJTP''BBKYBH'
AJTPBBKYBH
root@arm:~# MARKER='WLTY''EUGEWC' run 'test -f /proc/device-tree/ocp/interconnectt\@48000000/segment\@100000/target-module\@9c000/i2c\@0/pmic\@30/regulators/regullator-vouts1/rohm,no-regulator-enable-control ;echo $?'
WLTYEUGEWC1
WLTYEUGEWC 0
root@arm:~# echo 'BOBF''XGVESX'
BOBFXGVESX
root@arm:~# MARKER='JTKV''PNUMJF' run 'i2cget -y -f 2 0x30 0x46'
JTKVPNUMJF0x52
JTKVPNUMJF 0
root@arm:~# Labgrid Console Logfile for main
Logfile started at 2024-10-25 09:23:32.841700
=== Log starts here ===

root@arm:~# run() { echo -n "$MARKER"; sh -c "$@"; echo "$MARKER $?"; }
root@arm:~# echo 'AEKL''FAZVAF'
AEKLFAZVAF
root@arm:~# MARKER='KXZU''PJLECE' run 'grep -r -l rohm,bd9576 /proc/device-tree || sed '"'"'s![^/]*$!!'"'"''
KXZUPJLECE/proc/device-tree/ocp/interconnect@48000000/segment@100000/target-module@9c000/i2c@0/pmic@30/
KXZUPJLECE 0
root@arm:~# echo 'GOCN''GCTXLE'
GOCNGCTXLE
root@arm:~# MARKER='JNPS''MZNMSE' run 'xxd -p /proc/device-tree/ocp/interconnect\\@48000000/segment\@100000/target-module\@9c000/i2c\@0/pmic\@30/regulators/regulaator-vd50/regulator-ov-error-microvolt'
JNPSMZNMSE00057e40
JNPSMZNMSE 0
root@arm:~# echo 'GQSC''LFLQXA'
GQSCLFLQXA
root@arm:~# MARKER='ZKYP''UOGQHS' run 'i2cget -y -f 2 0x30 0x51'
ZKYPUOGQHS0x47
ZKYPUOGQHS 0
root@arm:~# echo 'PYFH''LFKAQM'
PYFHLFKAQM
root@arm:~# MARKER='JYHV''QLESZF' run 'grep -r -l rohm,bd9576 /proc/device-tree || sed '"'"'s![^/]*$!!'"'"''
JYHVQLESZF/proc/device-tree/ocp/interconnect@48000000/segment@100000/target-module@9c000/i2c@0/pmic@30/
JYHVQLESZF 0
root@arm:~# echo 'EQTZ''EQWGGF'
EQTZEQWGGF
root@arm:~# MARKER='VAMT''BFAAPF' run 'xxd -p /proc/device-tree/ocp/interconnect\\@48000000/segment\@100000/target-module\@9c000/i2c\@0/pmic\@30/regulators/regulaator-vd50/regulator-uv-error-microvolt'
VAMTBFAAPF00057e40
VAMTBFAAPF 0
root@arm:~# echo 'YHGK''BTBOJU'
YHGKBTBOJU
root@arm:~# MARKER='QBFE''LEMHAO' run 'i2cget -y -f 2 0x30 0x52'
QBFELEMHAO0x47
QBFELEMHAO 0
root@arm:~# echo 'PAHK''JKFELK'
PAHKJKFELK
root@arm:~# MARKER='JSSP''COBVBZ' run 'grep -r -l rohm,bd9576 /proc/device-tree || sed '"'"'s![^/]*$!!'"'"''
JSSPCOBVBZ/proc/device-tree/ocp/interconnect@48000000/segment@100000/target-module@9c000/i2c@0/pmic@30/
JSSPCOBVBZ 0
root@arm:~# echo 'MJFP''YPLQNP'
MJFPYPLQNP
root@arm:~# MARKER='WLSY''MBCYFO' run 'xxd -p /proc/device-tree/ocp/interconnect\\@48000000/segment\@100000/target-module\@9c000/i2c\@0/pmic\@30/regulators/regulaator-vd18/regulator-ov-error-microvolt'
WLSYMBCYFO00004650
WLSYMBCYFO 0
root@arm:~# echo 'OZZO''UVKXBM'
OZZOUVKXBM
root@arm:~# MARKER='BVVW''FTWEJU' run 'i2cget -y -f 2 0x30 0x54'
BVVWFTWEJU0x11
BVVWFTWEJU 0
root@arm:~# echo 'BPSK''EKWSTF'
BPSKEKWSTF
root@arm:~# MARKER='PGUA''XCJBOZ' run 'grep -r -l rohm,bd9576 /proc/device-tree || sed '"'"'s![^/]*$!!'"'"''
PGUAXCJBOZ/proc/device-tree/ocp/interconnect@48000000/segment@100000/target-module@9c000/i2c@0/pmic@30/
PGUAXCJBOZ 0
root@arm:~# echo 'HNXC''QHNHJE'
HNXCQHNHJE
root@arm:~# MARKER='PWUG''GGVWTY' run 'xxd -p /proc/device-tree/ocp/interconnect\\@48000000/segment\@100000/target-module\@9c000/i2c\@0/pmic\@30/regulators/regulaator-vd18/regulator-uv-error-microvolt'
PWUGGGVWTY0001a9c8
PWUGGGVWTY 0
root@arm:~# echo 'BYHX''BXQUBN'
BYHXBXQUBN
root@arm:~# MARKER='YYFP''CZHLTT' run 'i2cget -y -f 2 0x30 0x55'
YYFPCZHLTT0x6c
YYFPCZHLTT 0
root@arm:~# echo 'ATTL''NSKNNJ'
ATTLNSKNNJ
root@arm:~# MARKER='PHWN''ONUUCL' run 'grep -r -l rohm,bd9576 /proc/device-tree || sed '"'"'s![^/]*$!!'"'"''
PHWNONUUCL/proc/device-tree/ocp/interconnect@48000000/segment@100000/target-module@9c000/i2c@0/pmic@30/
PHWNONUUCL 0
root@arm:~# echo 'LXQN''PYLXFP'
LXQNPYLXFP
root@arm:~# MARKER='KKMG''ZYHFNT' run 'xxd -p /proc/device-tree/ocp/interconnect\\@48000000/segment\@100000/target-module\@9c000/i2c\@0/pmic\@30/regulators/regulaator-vdddr/regulator-ov-warn-microvolt'
KKMGZYHFNT0001adb0
KKMGZYHFNT 0
root@arm:~# echo 'KTYP''MMGCCO'
KTYPMMGCCO
root@arm:~# MARKER='KXPP''ASMCXN' run 'i2cget -y -f 2 0x30 0x57'
KXPPASMCXN0x6d
KXPPASMCXN 0
root@arm:~# echo 'HUMO''MBHPQZ'
HUMOMBHPQZ
root@arm:~# MARKER='OXWS''KMBPOA' run 'grep -r -l rohm,bd9576 /proc/device-tree || sed '"'"'s![^/]*$!!'"'"''
OXWSKMBPOA/proc/device-tree/ocp/interconnect@48000000/segment@100000/target-module@9c000/i2c@0/pmic@30/
OXWSKMBPOA 0
root@arm:~# echo 'FTXH''XZMPPO'
FTXHXZMPPO
root@arm:~# MARKER='PJNY''LNCMQY' run 'xxd -p /proc/device-tree/ocp/interconnect\\@48000000/segment\@100000/target-module\@9c000/i2c\@0/pmic\@30/regulators/regulaator-vdddr/regulator-uv-warn-microvolt'
PJNYLNCMQY0001adb0
PJNYLNCMQY 0
root@arm:~# echo 'BBHX''NLOEZE'
BBHXNLOEZE
root@arm:~# MARKER='ZJBX''ZOPMKX' run 'i2cget -y -f 2 0x30 0x58'
ZJBXZOPMKX0x6d
ZJBXZOPMKX 0
root@arm:~# echo 'TBFO''OYNQTN'
TBFOOYNQTN
root@arm:~# MARKER='KVYE''YFJOXO' run 'grep -r -l rohm,bd9576 /proc/device-tree || sed '"'"'s![^/]*$!!'"'"''
KVYEYFJOXO/proc/device-tree/ocp/interconnect@48000000/segment@100000/target-module@9c000/i2c@0/pmic@30/
KVYEYFJOXO 0
root@arm:~# echo 'ONVV''CKWXGX'
ONVVCKWXGX
root@arm:~# MARKER='GUFW''MVULTZ' run 'xxd -p /proc/device-tree/ocp/interconnect\\@48000000/segment\@100000/target-module\@9c000/i2c\@0/pmic\@30/regulators/regulaator-vd10/regulator-ov-error-microvolt'
GUFWMVULTZ00006590
GUFWMVULTZ 0
root@arm:~# echo 'VZBB''CQYWJS'
VZBBCQYWJS
root@arm:~# MARKER='YKTT''TBXJNS' run 'i2cget -y -f 2 0x30 0x5a'
YKTTTBXJNS0x19
YKTTTBXJNS 0
root@arm:~# echo 'WWHO''MGGUQZ'
WWHOMGGUQZ
root@arm:~# MARKER='LFZW''FULAMX' run 'grep -r -l rohm,bd9576 /proc/device-tree || sed '"'"'s![^/]*$!!'"'"''
LFZWFULAMX/proc/device-tree/ocp/interconnect@48000000/segment@100000/target-module@9c000/i2c@0/pmic@30/
LFZWFULAMX 0
root@arm:~# echo 'EXTY''QJMMPB'
EXTYQJMMPB
root@arm:~# MARKER='NXUH''QONGFO' run 'xxd -p /proc/device-tree/ocp/interconnect\\@48000000/segment\@100000/target-module\@9c000/i2c\@0/pmic\@30/regulators/regulaator-vd10/regulator-uv-error-microvolt'
NXUHQONGFO00006590
NXUHQONGFO 0
root@arm:~# echo 'GKBX''EEBLQT'
GKBXEEBLQT
root@arm:~# MARKER='MBTP''TNMPBN' run 'i2cget -y -f 2 0x30 0x5b'
MBTPTNMPBN0x19
MBTPTNMPBN 0
root@arm:~# echo 'CPMJ''CKKBTA'
CPMJCKKBTA
root@arm:~# MARKER='WTOW''BVTLQO' run 'grep -r -l rohm,bd9576 /proc/device-tree || sed '"'"'s![^/]*$!!'"'"''
WTOWBVTLQO/proc/device-tree/ocp/interconnect@48000000/segment@100000/target-module@9c000/i2c@0/pmic@30/
WTOWBVTLQO 0
root@arm:~# echo 'AVXS''VKZQGU'
AVXSVKZQGU
root@arm:~# MARKER='FNSQ''OYJHWV' run 'xxd -p /proc/device-tree/ocp/interconnect\\@48000000/segment\@100000/target-module\@9c000/i2c\@0/pmic\@30/regulators/regulaator-voutl1/regulator-ov-error-microvolt'
FNSQOYJHWV000084d0
FNSQOYJHWV 0
root@arm:~# echo 'LPWB''VHGCYZ'
LPWBVHGCYZ
root@arm:~# MARKER='TUSS''ZQJOMM' run 'i2cget -y -f 2 0x30 0x5d'
TUSSZQJOMM0x01
TUSSZQJOMM 0
root@arm:~# echo 'HXTK''EWYHUF'
HXTKEWYHUF
root@arm:~# MARKER='SEHP''HNFQXK' run 'grep -r -l rohm,bd9576 /proc/device-tree || sed '"'"'s![^/]*$!!'"'"''
SEHPHNFQXK/proc/device-tree/ocp/interconnect@48000000/segment@100000/target-module@9c000/i2c@0/pmic@30/
SEHPHNFQXK 0
root@arm:~# echo 'OVAC''ZOVWCC'
OVACZOVWCC
root@arm:~# MARKER='GPQE''WQTNLC' run 'xxd -p /proc/device-tree/ocp/interconnect\\@48000000/segment\@100000/target-module\@9c000/i2c\@0/pmic\@30/regulators/regulaator-voutl1/regulator-uv-error-microvolt'
GPQEWQTNLC000084d0
GPQEWQTNLC 0
root@arm:~# echo 'GSEQ''NKQGAX'
GSEQNKQGAX
root@arm:~# MARKER='UJKM''YGFXVV' run 'i2cget -y -f 2 0x30 0x5e'
UJKMYGFXVV0x01
UJKMYGFXVV 0
root@arm:~# echo 'BMYF''LMJJGX'
BMYFLMJJGX
root@arm:~# MARKER='CKMP''LPCYEG' run 'grep -r -l rohm,bd9576 /proc/device-tree || sed '"'"'s![^/]*$!!'"'"''
CKMPLPCYEG/proc/device-tree/ocp/interconnect@48000000/segment@100000/target-module@9c000/i2c@0/pmic@30/
CKMPLPCYEG 0
root@arm:~# echo 'LWHN''LYYCCF'
LWHNLYYCCF
root@arm:~# MARKER='GZOW''LJVLTV' run 'xxd -p /proc/device-tree/ocp/interconnect\\@48000000/segment\@100000/target-module\@9c000/i2c\@0/pmic\@30/regulators/regulaator-vouts1/regulator-oc-warn-microamp'
GZOWLJVLTV00055730
GZOWLJVLTV 0
root@arm:~# echo 'BGEV''UEXSKP'
BGEVUEXSKP
root@arm:~# MARKER='VNLJ''PFTOLX' run 'i2cget -y -f 2 0x30 0x5f'
VNLJPFTOLX0x07
VNLJPFTOLX 0
root@arm:~# echo 'FBLW''YFAQQY'
FBLWYFAQQY
root@arm:~# MARKER='BZVL''NZXLJY' run 'grep -r -l rohm,bd9576 /proc/device-tree || sed '"'"'s![^/]*$!!'"'"''
BZVLNZXLJY/proc/device-tree/ocp/interconnect@48000000/segment@100000/target-module@9c000/i2c@0/pmic@30/
BZVLNZXLJY 0
root@arm:~# echo 'CBCZ''YNSUBH'
CBCZYNSUBH
root@arm:~# MARKER='VXVA''JNQNWC' run 'xxd -p /proc/device-tree/ocp/interconnect\\@48000000/segment\@100000/target-module\@9c000/i2c\@0/pmic\@30/regulators/regulaator-vouts1/regulator-oc-protection-microamp'
VXVAJNQNWC00149970
VXVAJNQNWC 0
root@arm:~# echo 'ZSPF''PLALXA'
ZSPFPLALXA
root@arm:~# MARKER='JSON''SSNPWB' run 'i2cget -y -f 2 0x30 0x60'
JSONSSNPWB0x1b
JSONSSNPWB 0
root@arm:~# Labgrid Console Logfile for main
Logfile started at 2024-10-25 09:23:53.456553
=== Log starts here ===
reading args
spl_load_image_fat_os: error reading image args, err - -1
reading u-boot.img
reading u-boot.img


U-Boot 2014.04-00014-g47880f5 (Apr 22 2014 - 13:23:54)

I2C:   ready
DRAM:  512 MiB
NAND:  0 MiB
MMC:   OMAP SD/MMC: 0, OMAP SD/MMC: 1
*** Warning - readenv() failed, using default environment

Net:   <ethaddr> not set. Validating first E-fuse MAC
cpsw, usb_ether
Hit any key to stop autoboot:  1  0 
gpio: pin 53 (gpio 53) value is 1
mmc0 is current device
gpio: pin 54 (gpio 54) value is 1
SD/MMC found on device 0
reading uEnv.txt
569 bytes read in 4 ms (138.7 KiB/s)
gpio: pin 55 (gpio 55) value is 1
Loaded environment from uEnv.txt
Importing environment from mmc ...
Checking if uenvcmd is set ...
gpio: pin 56 (gpio 56) value is 1
Running uenvcmd ...
cpsw Waiting for PHY auto negotiation to complete. done
link up on port 0, speed 100, full duplex
Using cpsw device
TFTP from server 192.168.255.126; our IP address is 192.168.255.1
Filename 'zImage'.
Load address: 0x81000000
Loading: *#################################################################
	 #################################################################
	 #################################################################
	 #################################################################
	 #################################################################
	 ###################################################
	 2.4 MiB/s
done
Bytes transferred = 5516864 (542e40 hex)
link up on port 0, speed 100, full duplex
Using cpsw device
TFTP from server 192.168.255.126; our IP address is 192.168.255.1
Filename 'am335x-boneblack.dtb'.
Load address: 0x82000000
Loading: *#######
	 2.2 MiB/s
done
Bytes transferred = 98244 (17fc4 hex)
Kernel image @ 0x81000000 [ 0x000000 - 0x542e40 ]
## Flattened Device Tree blob at 82000000
   Booting using the fdt blob at 0x82000000
   Using Device Tree in place at 82000000, end 8201afc3

Starting kernel ...

[    0.000000] Booting Linux on physical CPU 0x0
[    0.000000] Linux version 6.12.0-rc4-next-20241025 (user01@drvtest01) (arm-linux-gnueabihf-gcc (Linaro GCC 6.4-2017.11) 6.4.1 20171012, GNU ld (Linaro_Binutils-2017.11) 2.27.0.20161229) #123 SMP Fri Oct 25 09:19:19 EEST 2024
[    0.000000] CPU: ARMv7 Processor [413fc082] revision 2 (ARMv7), cr=10c5387d
[    0.000000] CPU: PIPT / VIPT nonaliasing data cache, VIPT aliasing instruction cache
[    0.000000] OF: fdt: Machine model: TI AM335x BeagleBone Black
[    0.000000] Memory policy: Data cache writeback
[    0.000000] cma: Reserved 16 MiB at 0x9e800000 on node -1
[    0.000000] Zone ranges:
[    0.000000]   Normal   [mem 0x0000000080000000-0x000000009fdfffff]
[    0.000000]   HighMem  empty
[    0.000000] Movable zone start for each node
[    0.000000] Early memory node ranges
[    0.000000]   node   0: [mem 0x0000000080000000-0x000000009fdfffff]
[    0.000000] Initmem setup node 0 [mem 0x0000000080000000-0x000000009fdfffff]
[    0.000000] OF: reserved mem: Reserved memory: No reserved-memory node in the DT
[    0.000000] CPU: All CPU(s) started in SVC mode.
[    0.000000] AM335X ES2.1 (sgx neon)
[    0.000000] percpu: Embedded 17 pages/cpu s39756 r8192 d21684 u69632
[    0.000000] Kernel command line: console=ttyO0,115200n8 root=/dev/nfs rw nfsroot=192.168.255.126:/home/user01/nfs,nfsvers=3 ip=192.168.255.1:192.168.255.126::255.255.255.0:bbb1:eth0 nfsrootdebug
[    0.000000] Unknown kernel command line parameters "nfsrootdebug", will be passed to user space.
[    0.000000] printk: log buffer data + meta data: 65536 + 204800 = 270336 bytes
[    0.000000] Dentry cache hash table entries: 65536 (order: 6, 262144 bytes, linear)
[    0.000000] Inode-cache hash table entries: 32768 (order: 5, 131072 bytes, linear)
[    0.000000] Built 1 zonelists, mobility grouping on.  Total pages: 130560
[    0.000000] mem auto-init: stack:off, heap alloc:off, heap free:off
[    0.000000] SLUB: HWalign=64, Order=0-3, MinObjects=0, CPUs=1, Nodes=1
[    0.000000] trace event string verifier disabled
[    0.000000] rcu: Hierarchical RCU implementation.
[    0.000000] rcu: 	RCU event tracing is enabled.
[    0.000000] rcu: 	RCU restricting CPUs from NR_CPUS=2 to nr_cpu_ids=1.
[    0.000000] 	Tracing variant of Tasks RCU enabled.
[    0.000000] rcu: RCU calculated value of scheduler-enlistment delay is 10 jiffies.
[    0.000000] rcu: Adjusting geometry for rcu_fanout_leaf=16, nr_cpu_ids=1
[    0.000000] RCU Tasks Trace: Setting shift to 0 and lim to 1 rcu_task_cb_adjust=1 rcu_task_cpu_ids=1.
[    0.000000] NR_IRQS: 16, nr_irqs: 16, preallocated irqs: 16
[    0.000000] IRQ: Found an INTC at 0x(ptrval) (revision 5.0) with 128 interrupts
[    0.000000] rcu: srcu_init: Setting srcu_struct sizes based on contention.
[    0.000000] TI gptimer clocksource: always-on /ocp/interconnect@44c00000/segment@200000/target-module@31000
[    0.000002] sched_clock: 32 bits at 24MHz, resolution 41ns, wraps every 89478484971ns
[    0.000028] clocksource: dmtimer: mask: 0xffffffff max_cycles: 0xffffffff, max_idle_ns: 79635851949 ns
[    0.000497] TI gptimer clockevent: 24000000 Hz at /ocp/interconnect@48000000/segment@0/target-module@40000
[    0.002133] Console: colour dummy device 80x30
[    0.002198] WARNING: Your 'console=ttyO0' has been replaced by 'ttyS0'
[    0.002206] This ensures that you still see kernel messages. Please
[    0.002211] update your kernel commandline.
[    0.002255] Calibrating delay loop... 996.14 BogoMIPS (lpj=4980736)
[    0.090546] CPU: Testing write buffer coherency: ok
[    0.090661] CPU0: Spectre v2: using BPIALL workaround
[    0.090671] pid_max: default: 32768 minimum: 301
[    0.090798] LSM: initializing lsm=capability
[    0.090977] Mount-cache hash table entries: 1024 (order: 0, 4096 bytes, linear)
[    0.090997] Mountpoint-cache hash table entries: 1024 (order: 0, 4096 bytes, linear)
[    0.092652] CPU0: thread -1, cpu 0, socket -1, mpidr 0
[    0.160926] Setting up static identity map for 0x80100000 - 0x80100078
[    0.170701] rcu: Hierarchical SRCU implementation.
[    0.170714] rcu: 	Max phase no-delay instances is 1000.
[    0.190758] smp: Bringing up secondary CPUs ...
[    0.190816] smp: Brought up 1 node, 1 CPU
[    0.190831] SMP: Total of 1 processors activated (996.14 BogoMIPS).
[    0.190843] CPU: All CPU(s) started in SVC mode.
[    0.191043] Memory: 480872K/522240K available (11264K kernel code, 1207K rwdata, 2892K rodata, 1024K init, 295K bss, 23356K reserved, 16384K cma-reserved, 0K highmem)
[    0.191916] devtmpfs: initialized
[    0.209037] VFP support v0.3: implementor 41 architecture 3 part 30 variant c rev 3
[    0.209384] clocksource: jiffies: mask: 0xffffffff max_cycles: 0xffffffff, max_idle_ns: 19112604462750000 ns
[    0.209416] futex hash table entries: 256 (order: 2, 16384 bytes, linear)
[    0.210863] pinctrl core: initialized pinctrl subsystem
[    0.213705] NET: Registered PF_NETLINK/PF_ROUTE protocol family
[    0.216514] DMA: preallocated 256 KiB pool for atomic coherent allocations
[    0.217427] audit: initializing netlink subsys (disabled)
[    0.218875] thermal_sys: Registered thermal governor 'fair_share'
[    0.218892] thermal_sys: Registered thermal governor 'step_wise'
[    0.218903] thermal_sys: Registered thermal governor 'user_space'
[    0.219058] audit: type=2000 audit(0.210:1): state=initialized audit_enabled=0 res=1
[    0.219100] cpuidle: using governor menu
[    0.238195] No ATAGs?
[    0.238220] hw-breakpoint: debug architecture 0x4 unsupported.
[    0.241052] kprobes: kprobe jump-optimization is enabled. All kprobes are optimized if possible.
[    0.254069] iommu: Default domain type: Translated
[    0.254092] iommu: DMA domain TLB invalidation policy: strict mode
[    0.261848] SCSI subsystem initialized
[    0.262715] pps_core: LinuxPPS API ver. 1 registered
[    0.262726] pps_core: Software ver. 5.3.6 - Copyright 2005-2007 Rodolfo Giometti <giometti@linux.it>
[    0.262749] PTP clock support registered
[    0.270826] vgaarb: loaded
[    0.271241] clocksource: Switched to clocksource dmtimer
[    0.271902] VFS: Disk quotas dquot_6.6.0
[    0.271946] VFS: Dquot-cache hash table entries: 1024 (order 0, 4096 bytes)
[    0.296685] NET: Registered PF_INET protocol family
[    0.297031] IP idents hash table entries: 8192 (order: 4, 65536 bytes, linear)
[    0.298444] tcp_listen_portaddr_hash hash table entries: 512 (order: 0, 4096 bytes, linear)
[    0.298480] Table-perturb hash table entries: 65536 (order: 6, 262144 bytes, linear)
[    0.298503] TCP established hash table entries: 4096 (order: 2, 16384 bytes, linear)
[    0.298546] TCP bind hash table entries: 4096 (order: 4, 65536 bytes, linear)
[    0.298647] TCP: Hash tables configured (established 4096 bind 4096)
[    0.298768] UDP hash table entries: 256 (order: 1, 8192 bytes, linear)
[    0.298797] UDP-Lite hash table entries: 256 (order: 1, 8192 bytes, linear)
[    0.298969] NET: Registered PF_UNIX/PF_LOCAL protocol family
[    0.301905] RPC: Registered named UNIX socket transport module.
[    0.301928] RPC: Registered udp transport module.
[    0.301933] RPC: Registered tcp transport module.
[    0.301939] RPC: Registered tcp-with-tls transport module.
[    0.301944] RPC: Registered tcp NFSv4.1 backchannel transport module.
[    0.301972] PCI: CLS 0 bytes, default 64
[    0.303442] Initialise system trusted keyrings
[    0.311996] workingset: timestamp_bits=14 max_order=17 bucket_order=3
[    0.313331] NFS: Registering the id_resolver key type
[    0.313403] Key type id_resolver registered
[    0.313411] Key type id_legacy registered
[    0.313462] jffs2: version 2.2. (NAND) (SUMMARY)  Â© 2001-2006 Red Hat, Inc.
[    0.313859] Key type asymmetric registered
[    0.313873] Asymmetric key parser 'x509' registered
[    0.313937] io scheduler mq-deadline registered
[    0.313947] io scheduler kyber registered
[    0.314016] io scheduler bfq registered
[    0.315641] ledtrig-cpu: registered to indicate activity on CPUs
[    0.321733] Serial: 8250/16550 driver, 6 ports, IRQ sharing enabled
[    0.385631] brd: module loaded
[    0.394410] loop: module loaded
[    0.395350] mtdoops: mtd device (mtddev=name/number) must be supplied
[    0.398505] i2c_dev: i2c /dev entries driver
[    0.399505] cpuidle: enable-method property 'ti,am3352' found operations
[    0.399960] sdhci: Secure Digital Host Controller Interface driver
[    0.399971] sdhci: Copyright(c) Pierre Ossman
[    0.400147] sdhci-pltfm: SDHCI platform and OF driver helper
[    0.401147] Initializing XFRM netlink socket
[    0.401466] NET: Registered PF_INET6 protocol family
[    0.419157] Segment Routing with IPv6
[    0.419248] In-situ OAM (IOAM) with IPv6
[    0.419345] sit: IPv6, IPv4 and MPLS over IPv4 tunneling driver
[    0.420308] NET: Registered PF_PACKET protocol family
[    0.420346] NET: Registered PF_KEY protocol family
[    0.420484] Key type dns_resolver registered
[    0.420762] ThumbEE CPU extension supported.
[    0.420782] Registering SWP/SWPB emulation handler
[    0.421519] omap_voltage_late_init: Voltage driver support not added
[    0.421888] SmartReflex Class3 initialized
[    0.442923] Loading compiled-in X.509 certificates
[    0.523306] platform 44e10800.pinmux: Fixed dependency cycle(s) with /ocp/interconnect@44c00000/segment@200000/target-module@10000/scm@0/pinmux@800/clkout2-pins
[    0.523870] pinctrl-single 44e10800.pinmux: 142 pins, size 568
[    0.528996] ti-sysc 44e31000.target-module: probe with driver ti-sysc failed with error -16
[    0.568344] ti-sysc 48040000.target-module: probe with driver ti-sysc failed with error -16
[    0.606369] OMAP GPIO hardware version 0.1
[    0.634023] omap_i2c 4819c000.i2c: bus 2 rev0.11 at 100 kHz
[    0.661774] 48000000.interconnect:segment@200000:target-module@0:mpu@0:fck: device ID is greater than 24
[    0.665938] platform 4830e000.lcdc: Fixed dependency cycle(s) with /ocp/interconnect@44c00000/segment@200000/target-module@b000/i2c@0/tda19988@70
[    0.676852] sdhci-omap 481d8000.mmc: supply pbias not found, using dummy regulator
[    0.677358] sdhci-omap 481d8000.mmc: supply vqmmc not found, using dummy regulator
[    0.737231] davinci_mdio 4a101000.mdio: davinci mdio revision 1.6, bus freq 1000000
[    0.851843] davinci_mdio 4a101000.mdio: phy[0]: device 4a101000.mdio:00, driver SMSC LAN8710/LAN8720
[    0.852643] cpsw-switch 4a100000.switch: initialized cpsw ale version 1.4
[    0.852668] cpsw-switch 4a100000.switch: ALE Table size 1024, Policers 0
[    0.852997] cpsw-switch 4a100000.switch: cpts: overflow check period 500 (jiffies)
[    0.853017] cpsw-switch 4a100000.switch: CPTS: ref_clk_freq:250000000 calc_mult:2147483648 calc_shift:29 error:0 nsec/sec
[    0.853126] cpsw-switch 4a100000.switch: Detected MACID = 6c:ec:eb:68:de:78
[    0.854947] cpsw-switch 4a100000.switch: initialized (regs 0x4a100000, pool size 256) hw_ver:0019010C 1.12 (0)
[    0.865900] debugfs: Directory '49000000.dma' with parent 'dmaengine' already present!
[    0.865942] edma 49000000.dma: TI EDMA DMA engine driver
[    0.884791] target-module@4b000000:target-module@140000:pmu@0:fck: device ID is greater than 24
[    0.906296] hw perfevents: enabled with armv7_cortex_a8 PMU driver, 5 (8000000f) counters available
[    0.915749] l3-aon-clkctrl:0000:0: failed to disable
[    0.917014] 44e09000.serial: ttyS0 at MMIO 0x44e09000 (irq = 34, base_baud = 3000000) is a 8250
[    0.917102] printk: legacy console [ttyS0] enabled
 [    2.302250] tps65217-pmic: Failed to locate of_node [id: -1 ]
[    2.308336] tps65217-bl: Failed to locate of_node [id: - 1]
[    2.319790] tps65217 0-0024: TPS65217 ID 0xe version 1. 2
[    2.325938] platform 4830e000.lcdc: Fixed dependency cycle(s) wi
[    2.435353] mmc0: SDHCI controller on 48060000.mmc [48060000.mmc] using External DMA
[    2.443689] mmc1: SDHCI controller on 481d8000.mmc [481d8000.mmc] using External DMA
[    2.452487] cpsw-switch 4a100000.switch: starting ndev. mode: dual_mac
[    2.503645] mmc0: new high speed SDHC card at address 5048
[    2.510775] mmcblk0: mmc0:5048 SD16G 14.4 GiB
[    2.518944]  mmcblk0: p1 p2
[    2.522434] mmcblk0: p2 size 31221760 extends beyond EOD, truncated
[    2.532548] SMSC LAN8710/LAN8720 4a101000.mdio:00: attached PHY driver (mii_bus:phy_addr=4a101000.mdio:00, irq=POLL)
[    2.552868] mmc1: new high speed MMC card at address 0001
[    2.559702] mmcblk1: mmc1:0001 MMC04G 3.60 GiB
[    2.567390]  mmcblk1: p1 p2
[    2.571815] mmcblk1boot0: mmc1:0001 MMC04G 2.00 MiB
[    2.578847] mmcblk1boot1: mmc1:0001 MMC04G 2.00 MiB
[    2.586169] mmcblk1rpmb: mmc1:0001 MMC04G 128 KiB, chardev (250:0)
[    5.682033] cpsw-switch 4a100000.switch eth0: Link is Up - 100Mbps/Full - flow control off
[    5.721483] IP-Config: Complete:
[    5.724760]      device=eth0, hwaddr=6c:ec:eb:68:de:78, ipaddr=192.168.255.1, mask=255.255.255.0, gw=255.255.255.255
[    5.735434]      host=bbb1, domain=, nis-domain=(none)
[    5.740602]      bootserver=192.168.255.126, rootserver=192.168.255.126, rootpath=
[    5.741052] clk: Disabling unused clocks
[    5.752891] PM: genpd: Disabling unused power domains
[    5.758010] KTAP version 1
[    5.760732] 1..0
[    5.786258] VFS: Mounted root (nfs filesystem) on device 0:17.
[    5.793453] devtmpfs: mounted
[    5.798128] Freeing unused kernel image (initmem) memory: 1024K
[    5.805099] Run /sbin/init as init process
[    6.514203] systemd[1]: System time before build time, advancing clock.
[    7.991270] random: crng init done
[    8.031656] systemd[1]: systemd 232 running in system mode. (+PAM +AUDIT +SELINUX +IMA +APPARMOR +SMACK +SYSVINIT +UTMP +LIBCRYPTSETUP +GCRYPT +GNUTLS +ACL +XZ +LZ4 +SECCOMP +BLKID +ELFUTILS +KMOD +IDN)
[    8.050632] systemd[1]: Detected architecture arm.

Welcome to [1mDebian GNU/Linux 9 (stretch)[0m!

[    8.084539] systemd[1]: Set hostname to <arm>.
[    9.203679] systemd[1]: Listening on Journal Audit Socket.
[[0;32m  OK  [0m] Listening on Journal Audit Socket.
[    9.223473] systemd[1]: Listening on Journal Socket.
[[0;32m  OK  [0m] Listening on Journal Socket.
[    9.251957] systemd[1]: Listening on udev Kernel Socket.
[[0;32m  OK  [0m] Listening on udev Kernel Socket.
[    9.283296] systemd[1]: Listening on udev Control Socket.
[[0;32m  OK  [0m] Listening on udev Control Socket.
[    9.313197] systemd[1]: Listening on /dev/initctl Compatibility Named Pipe.
[[0;32m  OK  [0m] Listening on /dev/initctl Compatibility Named Pipe.
[    9.343115] systemd[1]: Set up automount Arbitrary Executable File Formats File System Automount Point.
[[0;32m  OK  [0m] Set up automount Arbitrary Executabâ€¦rmats File System Automount Point.
[    9.372222] systemd[1]: Started Forward Password Requests to Wall Directory Watch.
[[0;32m  OK  [0m] Started Forward Password Requests to Wall Directory Watch.
[[0;32m  OK  [0m] Started Dispatch Password Requests to Console Directory Watch.
[[0;32m  OK  [0m] Reached target Paths.
[[0;32m  OK  [0m] Reached target Encrypted Volumes.
[[0;32m  OK  [0m] Created slice User and Session Slice.
[[0;32m  OK  [0m] Created slice System Slice.
         Starting Create list of required stâ€¦ce nodes for the current kernel...
[[0;32m  OK  [0m] Created slice system-serial\x2dgetty.slice.
         Mounting POSIX Message Queue File System...
         Starting Remount Root and Kernel File Systems...
         Mounting Debug File System...
[[0;32m  OK  [0m] Reached target Slices.
[[0;32m  OK  [0m] Listening on Journal Socket (/dev/log).
[[0;32m  OK  [0m] Reached target Swap.
[[0;32m  OK  [0m] Listening on Syslog Socket.
         Starting Journal Service...
         Starting Load Kernel Modules...
[[0;32m  OK  [0m] Created slice system-getty.slice.
[[0;32m  OK  [0m] Reached target Remote File Systems.
[[0;32m  OK  [0m] Mounted POSIX Message Queue File System.
[[0;32m  OK  [0m] Mounted Debug File System.
[[0;32m  OK  [0m] Started Create list of required staâ€¦vice nodes for the current kernel.
[[0;32m  OK  [0m] Started Remount Root and Kernel File Systems.
         Starting udev Coldplug all Devices...
         Starting Load/Save Random Seed...
         Starting Create Static Device Nodes in /dev...
[[0;32m  OK  [0m] Started Load Kernel Modules.
         Mounting Configuration File System...
         Starting Apply Kernel Variables...
[[0;32m  OK  [0m] Mounted Configuration File System.
[[0;32m  OK  [0m] Started Load/Save Random Seed.
[[0;32m  OK  [0m] Started Apply Kernel Variables.
[[0;32m  OK  [0m] Started Create Static Device Nodes in /dev.
         Starting udev Kernel Device Manager...
[[0;32m  OK  [0m] Reached target Local File Systems (Pre).
[[0;32m  OK  [0m] Reached target Local File Systems.
         Starting Raise network interfaces...
[[0;32m  OK  [0m] Started Journal Service.
         Starting Flush Journal to Persistent Storage...
[   11.631999] systemd-journald[89]: Received request to flush runtime journal from PID 1
[[0;32m  OK  [0m] Started Flush Journal to Persistent Storage.
         Starting Create Volatile Files and Directories...
[[0;32m  OK  [0m] Started udev Kernel Device Manager.
[[0;32m  OK  [0m] Started Create Volatile Files and Directories.
         Starting Update UTMP about System Boot/Shutdown...
         Starting Network Time Synchronization...
[[0;32m  OK  [0m] Started Update UTMP about System Boot/Shutdown.
[[0;32m  OK  [0m] Started udev Coldplug all Devices.
[   14.635958] remoteproc remoteproc0: wkup_m3 is available
[   14.841034] omap_rtc 44e3e000.rtc: registered as rtc0
[   14.846435] omap_rtc 44e3e000.rtc: setting system clock to 2000-01-01T00:00:01 UTC (946684801)
[   15.081583] omap_wdt: OMAP Watchdog Timer Rev 0x01: initial timeout 60 sec
[   15.125445] am335x-phy-driver 47401300.usb-phy: dummy supplies not allowed for exclusive requests (id=vbus)
[   15.211945] at24 2-0054: supply vcc not found, using dummy regulator
[   15.288087] am335x-phy-driver 47401b00.usb-phy: dummy supplies not allowed for exclusive requests (id=vbus)
[   15.299397] usbcore: registered new interface driver usbfs
[   15.305153] usbcore: registered new interface driver hub
[   15.310600] usbcore: registered new device driver usb
[   15.354143] at24 2-0055: supply vcc not found, using dummy regulator
[   15.452069] at24 2-0056: supply vcc not found, using dummy regulator
[   15.499063] tps6521x_pwrbutton tps65217-pwrbutton: DMA mask not set
[[0;32m  OK  [0m] Found device /dev/ttyS0.
[   15.574099] at24 2-0057: supply vcc not found, using dummy regulator
[   15.612179] input: tps65217_pwrbutton as /devices/platform/ocp/44c00000.interconnect/44c00000.interconnect:segment@200000/44e0b000.target-module/44e0b000.i2c/i2c-0/0-0024/tps65217-pwrbutton/input/input0
[   15.722281] at24 0-0050: 32768 byte 24c256 EEPROM, writable, 1 bytes/write
[[0;32m  OK  [0m] Started Network Time Synchronization.
[[0;32m  OK  [0m] Reached target System Initialization.
[[0;32m  OK  [0m] Started Daily Cleanup of Temporary Directories.
[   15.945208] wkup_m3_ipc 44e11324.wkup_m3_ipc: IPC Request for A8->M3 Channel failed! -517
[[0;32m  OK  [0m] Listening on Avahi mDNS/DNS-SD Stack Activation Socket.
[[0;32m  OK  [0m] Listening on D-Bus System Message Bus Socket.
[[0;32m  OK  [0m] Reached target Sockets.
[[0;32m  OK  [0m] Reached target Basic System.
[   16.448647] wkup_m3_ipc 44e11324.wkup_m3_ipc: IPC Request for A8->M3 Channel failed! -517
[[0;32m  OK  [0m] Started Regular background program processing daemon.
[   16.571013] musb-hdrc musb-hdrc.1: MUSB HDRC host driver
[   16.576658] musb-hdrc musb-hdrc.1: new USB bus registered, assigned bus number 1
[   16.610768] wkup_m3_ipc 44e11324.wkup_m3_ipc: IPC Request for A8->M3 Channel failed! -517
         Starting Cape Manager Service...
         Starting Telephony service...
[   16.851774] usb usb1: New USB device found, idVendor=1d6b, idProduct=0002, bcdDevice= 6.12
[   16.860141] usb usb1: New USB device strings: Mfr=3, Product=2, SerialNumber=1
[   16.867539] usb usb1: Product: MUSB HDRC host driver
[   16.872604] usb usb1: Manufacturer: Linux 6.12.0-rc4-next-20241025 musb-hcd
[   16.879605] usb usb1: SerialNumber: musb-hdrc.1
         Starting Avahi mDNS/DNS-SD Stack...
         Starting System Logging Service...
         Starting LSB: Load kernel modules needed to enable cpufreq scaling...
[   17.315643] tda998x 0-0070: found TDA19988
[   17.346475] hub 1-0:1.0: USB hub found
[   17.424679] hub 1-0:1.0: 1 port detected
[   17.436996] wkup_m3_ipc 44e11324.wkup_m3_ipc: IPC Request for A8->M3 Channel failed! -517
         Starting Login Service...
[   17.592988] wkup_m3_ipc 44e11324.wkup_m3_ipc: IPC Request for A8->M3 Channel failed! -517
         Starting LSB: Start busybox udhcpd at boot time...[   17.639833] omap-mailbox 480c8000.mailbox: omap mailbox rev 0x400

         Starting Generic Board Startup...
[   17.882683] remoteproc remoteproc0: powering up wkup_m3
