Labgrid Console Logfile for main
Logfile started at 2024-12-12 07:20:24.708796
=== Log starts here ===
reading args
spl_load_image_fat_os: error reading image args, err - -1
reading u-boot.img
reading u-boot.img


U-Boot 2014.04-00014-g47880f5 (Apr 22 2014 - 13:23:54)

I2C:   ready
DRAM:  512 MiB
NAND:  0 MiB
MMC:   OMAP SD/MMC: 0, OMAP SD/MMC: 1
*** Warning - readenv() failed, using default environment

Net:   <ethaddr> not set. Validating first E-fuse MAC
cpsw, usb_ether
Hit any key to stop autoboot:  1  0 
gpio: pin 53 (gpio 53) value is 1
mmc0 is current device
gpio: pin 54 (gpio 54) value is 1
SD/MMC found on device 0
reading uEnv.txt
569 bytes read in 3 ms (184.6 KiB/s)
gpio: pin 55 (gpio 55) value is 1
Loaded environment from uEnv.txt
Importing environment from mmc ...
Checking if uenvcmd is set ...
gpio: pin 56 (gpio 56) value is 1
Running uenvcmd ...
cpsw Waiting for PHY auto negotiation to complete. done
link up on port 0, speed 100, full duplex
Using cpsw device
TFTP from server 192.168.255.126; our IP address is 192.168.255.1
Filename 'zImage'.
Load address: 0x81000000
Loading: *#################################################################
	 #################################################################
	 #################################################################
	 #################################################################
	 #################################################################
	 #####################################################
	 2.4 MiB/s
done
Bytes transferred = 5543400 (5495e8 hex)
link up on port 0, speed 100, full duplex
Using cpsw device
TFTP from server 192.168.255.126; our IP address is 192.168.255.1
Filename 'am335x-boneblack.dtb'.
Load address: 0x82000000
Loading: *#######
	 1.7 MiB/s
done
Bytes transferred = 98244 (17fc4 hex)
Kernel image @ 0x81000000 [ 0x000000 - 0x5495e8 ]
## Flattened Device Tree blob at 82000000
   Booting using the fdt blob at 0x82000000
   Using Device Tree in place at 82000000, end 8201afc3

Starting kernel ...

[    0.000000] Booting Linux on physical CPU 0x0
[    0.000000] Linux version 6.13.0-rc2-next-20241212 (user01@drvtest01) (arm-linux-gnueabihf-gcc (Linaro GCC 6.4-2017.11) 6.4.1 20171012, GNU ld (Linaro_Binutils-2017.11) 2.27.0.20161229) #155 SMP Thu Dec 12 07:19:34 EET 2024
[    0.000000] CPU: ARMv7 Processor [413fc082] revision 2 (ARMv7), cr=10c5387d
[    0.000000] CPU: PIPT / VIPT nonaliasing data cache, VIPT aliasing instruction cache
[    0.000000] OF: fdt: Machine model: TI AM335x BeagleBone Black
[    0.000000] Memory policy: Data cache writeback
[    0.000000] cma: Reserved 16 MiB at 0x9e800000 on node -1
[    0.000000] Zone ranges:
[    0.000000]   Normal   [mem 0x0000000080000000-0x000000009fdfffff]
[    0.000000]   HighMem  empty
[    0.000000] Movable zone start for each node
[    0.000000] Early memory node ranges
[    0.000000]   node   0: [mem 0x0000000080000000-0x000000009fdfffff]
[    0.000000] Initmem setup node 0 [mem 0x0000000080000000-0x000000009fdfffff]
[    0.000000] OF: reserved mem: Reserved memory: No reserved-memory node in the DT
[    0.000000] CPU: All CPU(s) started in SVC mode.
[    0.000000] AM335X ES2.1 (sgx neon)
[    0.000000] percpu: Embedded 17 pages/cpu s39628 r8192 d21812 u69632
[    0.000000] Kernel command line: console=ttyO0,115200n8 root=/dev/nfs rw nfsroot=192.168.255.126:/home/user01/nfs,nfsvers=3 ip=192.168.255.1:192.168.255.126::255.255.255.0:bbb1:eth0 nfsrootdebug
[    0.000000] Unknown kernel command line parameters "nfsrootdebug", will be passed to user space.
[    0.000000] printk: log buffer data + meta data: 65536 + 204800 = 270336 bytes
[    0.000000] Dentry cache hash table entries: 65536 (order: 6, 262144 bytes, linear)
[    0.000000] Inode-cache hash table entries: 32768 (order: 5, 131072 bytes, linear)
[    0.000000] Built 1 zonelists, mobility grouping on.  Total pages: 130560
[    0.000000] mem auto-init: stack:off, heap alloc:off, heap free:off
[    0.000000] SLUB: HWalign=64, Order=0-3, MinObjects=0, CPUs=1, Nodes=1
[    0.000000] trace event string verifier disabled
[    0.000000] rcu: Hierarchical RCU implementation.
[    0.000000] rcu: 	RCU event tracing is enabled.
[    0.000000] rcu: 	RCU restricting CPUs from NR_CPUS=2 to nr_cpu_ids=1.
[    0.000000] 	Tracing variant of Tasks RCU enabled.
[    0.000000] rcu: RCU calculated value of scheduler-enlistment delay is 10 jiffies.
[    0.000000] rcu: Adjusting geometry for rcu_fanout_leaf=16, nr_cpu_ids=1
[    0.000000] RCU Tasks Trace: Setting shift to 0 and lim to 1 rcu_task_cb_adjust=1 rcu_task_cpu_ids=1.
[    0.000000] NR_IRQS: 16, nr_irqs: 16, preallocated irqs: 16
[    0.000000] IRQ: Found an INTC at 0x(ptrval) (revision 5.0) with 128 interrupts
[    0.000000] rcu: srcu_init: Setting srcu_struct sizes based on contention.
[    0.000000] TI gptimer clocksource: always-on /ocp/interconnect@44c00000/segment@200000/target-module@31000
[    0.000003] sched_clock: 32 bits at 24MHz, resolution 41ns, wraps every 89478484971ns
[    0.000028] clocksource: dmtimer: mask: 0xffffffff max_cycles: 0xffffffff, max_idle_ns: 79635851949 ns
[    0.000505] TI gptimer clockevent: 24000000 Hz at /ocp/interconnect@48000000/segment@0/target-module@40000
[    0.002156] Console: colour dummy device 80x30
[    0.002222] WARNING: Your 'console=ttyO0' has been replaced by 'ttyS0'
[    0.002230] This ensures that you still see kernel messages. Please
[    0.002235] update your kernel commandline.
[    0.002275] Calibrating delay loop... 996.14 BogoMIPS (lpj=4980736)
[    0.090554] CPU: Testing write buffer coherency: ok
[    0.090678] CPU0: Spectre v2: using BPIALL workaround
[    0.090689] pid_max: default: 32768 minimum: 301
[    0.090806] LSM: initializing lsm=capability
[    0.090981] Mount-cache hash table entries: 1024 (order: 0, 4096 bytes, linear)
[    0.091001] Mountpoint-cache hash table entries: 1024 (order: 0, 4096 bytes, linear)
[    0.092679] CPU0: thread -1, cpu 0, socket -1, mpidr 0
[    0.160921] Setting up static identity map for 0x80100000 - 0x80100078
[    0.170703] rcu: Hierarchical SRCU implementation.
[    0.170716] rcu: 	Max phase no-delay instances is 1000.
[    0.190757] smp: Bringing up secondary CPUs ...
[    0.190819] smp: Brought up 1 node, 1 CPU
[    0.190836] SMP: Total of 1 processors activated (996.14 BogoMIPS).
[    0.190849] CPU: All CPU(s) started in SVC mode.
[    0.191019] Memory: 480840K/522240K available (11264K kernel code, 1215K rwdata, 2900K rodata, 1024K init, 295K bss, 23388K reserved, 16384K cma-reserved, 0K highmem)
[    0.191867] devtmpfs: initialized
[    0.208705] VFP support v0.3: implementor 41 architecture 3 part 30 variant c rev 3
[    0.209059] clocksource: jiffies: mask: 0xffffffff max_cycles: 0xffffffff, max_idle_ns: 19112604462750000 ns
[    0.209095] futex hash table entries: 256 (order: 2, 16384 bytes, linear)
[    0.210374] pinctrl core: initialized pinctrl subsystem
[    0.213428] NET: Registered PF_NETLINK/PF_ROUTE protocol family
[    0.216228] DMA: preallocated 256 KiB pool for atomic coherent allocations
[    0.217148] audit: initializing netlink subsys (disabled)
[    0.218609] thermal_sys: Registered thermal governor 'fair_share'
[    0.218627] thermal_sys: Registered thermal governor 'step_wise'
[    0.218636] thermal_sys: Registered thermal governor 'user_space'
[    0.218793] audit: type=2000 audit(0.210:1): state=initialized audit_enabled=0 res=1
[    0.218832] cpuidle: using governor menu
[    0.237181] /ocp/interconnect@44c00000/segment@200000/target-module@b000/i2c@0/tda19988@70: Fixed dependency cycle(s) with /ocp/interconnect@48000000/segment@300000/target-module@e000/lcdc@0
[    0.238360] /ocp/interconnect@48000000/segment@300000/target-module@e000/lcdc@0: Fixed dependency cycle(s) with /ocp/interconnect@44c00000/segment@200000/target-module@b000/i2c@0/tda19988@70
[    0.240716] No ATAGs?
[    0.240738] hw-breakpoint: debug architecture 0x4 unsupported.
[    0.243579] kprobes: kprobe jump-optimization is enabled. All kprobes are optimized if possible.
[    0.254231] iommu: Default domain type: Translated
[    0.254254] iommu: DMA domain TLB invalidation policy: strict mode
[    0.261966] SCSI subsystem initialized
[    0.262848] pps_core: LinuxPPS API ver. 1 registered
[    0.262860] pps_core: Software ver. 5.3.6 - Copyright 2005-2007 Rodolfo Giometti <giometti@linux.it>
[    0.262884] PTP clock support registered
[    0.271291] vgaarb: loaded
[    0.271711] clocksource: Switched to clocksource dmtimer
[    0.272375] VFS: Disk quotas dquot_6.6.0
[    0.272417] VFS: Dquot-cache hash table entries: 1024 (order 0, 4096 bytes)
[    0.297786] NET: Registered PF_INET protocol family
[    0.298150] IP idents hash table entries: 8192 (order: 4, 65536 bytes, linear)
[    0.299584] tcp_listen_portaddr_hash hash table entries: 512 (order: 0, 4096 bytes, linear)
[    0.299624] Table-perturb hash table entries: 65536 (order: 6, 262144 bytes, linear)
[    0.299642] TCP established hash table entries: 4096 (order: 2, 16384 bytes, linear)
[    0.299685] TCP bind hash table entries: 4096 (order: 4, 65536 bytes, linear)
[    0.299784] TCP: Hash tables configured (established 4096 bind 4096)
[    0.299905] UDP hash table entries: 256 (order: 1, 14336 bytes, linear)
[    0.299942] UDP-Lite hash table entries: 256 (order: 1, 14336 bytes, linear)
[    0.300119] NET: Registered PF_UNIX/PF_LOCAL protocol family
[    0.312544] RPC: Registered named UNIX socket transport module.
[    0.312568] RPC: Registered udp transport module.
[    0.312574] RPC: Registered tcp transport module.
[    0.312579] RPC: Registered tcp-with-tls transport module.
[    0.312584] RPC: Registered tcp NFSv4.1 backchannel transport module.
[    0.312611] PCI: CLS 0 bytes, default 64
[    0.314119] Initialise system trusted keyrings
[    0.314903] workingset: timestamp_bits=14 max_order=17 bucket_order=3
[    0.316591] NFS: Registering the id_resolver key type
[    0.316684] Key type id_resolver registered
[    0.316692] Key type id_legacy registered
[    0.316743] jffs2: version 2.2. (NAND) (SUMMARY)  Â© 2001-2006 Red Hat, Inc.
[    0.317140] Key type asymmetric registered
[    0.317155] Asymmetric key parser 'x509' registered
[    0.317224] io scheduler mq-deadline registered
[    0.317234] io scheduler kyber registered
[    0.317304] io scheduler bfq registered
[    0.318954] ledtrig-cpu: registered to indicate activity on CPUs
[    0.332561] Serial: 8250/16550 driver, 6 ports, IRQ sharing enabled
[    0.376218] brd: module loaded
[    0.396957] loop: module loaded
[    0.397898] mtdoops: mtd device (mtddev=name/number) must be supplied
[    0.401070] i2c_dev: i2c /dev entries driver
[    0.402256] cpuidle: enable-method property 'ti,am3352' found operations
[    0.402737] sdhci: Secure Digital Host Controller Interface driver
[    0.402747] sdhci: Copyright(c) Pierre Ossman
[    0.402919] sdhci-pltfm: SDHCI platform and OF driver helper
[    0.403962] Initializing XFRM netlink socket
[    0.404114] NET: Registered PF_INET6 protocol family
[    0.414125] Segment Routing with IPv6
[    0.414221] In-situ OAM (IOAM) with IPv6
[    0.414319] sit: IPv6, IPv4 and MPLS over IPv4 tunneling driver
[    0.415300] NET: Registered PF_PACKET protocol family
[    0.415334] NET: Registered PF_KEY protocol family
[    0.415474] Key type dns_resolver registered
[    0.415753] ThumbEE CPU extension supported.
[    0.415772] Registering SWP/SWPB emulation handler
[    0.416316] omap_voltage_late_init: Voltage driver support not added
[    0.416691] SmartReflex Class3 initialized
[    0.443239] Loading compiled-in X.509 certificates
[    0.491970] /ocp/interconnect@44c00000/segment@200000/target-module@b000/i2c@0/tda19988@70: Fixed dependency cycle(s) with /ocp/interconnect@48000000/segment@300000/target-module@e000/lcdc@0
[    0.498404] /ocp/interconnect@44c00000/segment@200000/target-module@b000/i2c@0/tda19988@70: Fixed dependency cycle(s) with /ocp/interconnect@48000000/segment@300000/target-module@e000/lcdc@0
[    0.528232] /ocp/interconnect@44c00000/segment@200000/target-module@b000/i2c@0/tda19988@70: Fixed dependency cycle(s) with /ocp/interconnect@48000000/segment@300000/target-module@e000/lcdc@0
[    0.529139] /ocp/interconnect@44c00000/segment@200000/target-module@b000/i2c@0/tda19988@70: Fixed dependency cycle(s) with /ocp/interconnect@48000000/segment@300000/target-module@e000/lcdc@0
[    0.532823] /ocp/interconnect@44c00000/segment@200000/target-module@10000/scm@0/pinmux@800: Fixed dependency cycle(s) with /ocp/interconnect@44c00000/segment@200000/target-module@10000/scm@0/pinmux@800/clkout2-pins
[    0.533412] pinctrl-single 44e10800.pinmux: 142 pins, size 568
[    0.538791] ti-sysc 44e31000.target-module: probe with driver ti-sysc failed with error -16
[    0.570626] /ocp/interconnect@48000000/segment@300000/target-module@e000/lcdc@0: Fixed dependency cycle(s) with /ocp/interconnect@44c00000/segment@200000/target-module@b000/i2c@0/tda19988@70
[    0.578707] ti-sysc 48040000.target-module: probe with driver ti-sysc failed with error -16
[    0.617859] OMAP GPIO hardware version 0.1
[    0.645942] omap_i2c 4819c000.i2c: bus 2 rev0.11 at 100 kHz
[    0.685517] 48000000.interconnect:segment@200000:target-module@0:mpu@0:fck: device ID is greater than 24
[    0.686397] /ocp/interconnect@48000000/segment@300000/target-module@e000/lcdc@0: Fixed dependency cycle(s) with /ocp/interconnect@44c00000/segment@200000/target-module@b000/i2c@0/tda19988@70
[    0.689200] /ocp/interconnect@48000000/segment@300000/target-module@e000/lcdc@0: Fixed dependency cycle(s) with /ocp/interconnect@44c00000/segment@200000/target-module@b000/i2c@0/tda19988@70
[    0.689895] /ocp/interconnect@44c00000/segment@200000/target-module@b000/i2c@0/tda19988 @70: Fixed dependency cycle(s) with /ocp/interconnect@48000000 /segment@300000/target-module@e000/lcdc@0
[    0.690059] /ocp/interconnect@48000000/segment@300000/target-module@e000/lcdc@0: Fixed dependency cycle(s) with /ocp/interconnect@44c00000/segment@2a19988@70
[    2.543935] /ocp/interconnect@44c00000/segment@200000/target-module@b000/i2c@0/tda19988@70: Fixed dependency cycle(s) with /ocp/interconnect@48000000/segment@300000/target-module@e000/lcdc@0
[    2.561314] omap_i2c 44e0b000.i2c: bus 0 rev0.11 at 400 kHz
[    2.569383] omap_gpio 44e07000.gpio: Could not set line 6 debounce to 200000 microseconds (-22)
[    2.578280] sdhci-omap 48060000.mmc: Got CD GPIO
[    2.583326] sdhci-omap 48060000.mmc: supply pbias not found, using dummy regulator
[    2.593429] sdhci-omap 48060000.mmc: supply vqmmc not found, using dummy regulator
[    2.602503] sdhci-omap 481d8000.mmc: supply pbias not found, using dummy regulator
[    2.610508] sdhci-omap 481d8000.mmc: supply vqmmc not found, using dummy regulator
[    2.649573] mmc1: SDHCI controller on 481d8000.mmc [481d8000.mmc] using External DMA
[    2.658842] mmc0: SDHCI controller on 48060000.mmc [48060000.mmc] using External DMA
[    2.667610] cpsw-switch 4a100000.switch: starting ndev. mode: dual_mac
[    2.710929] mmc0: new high speed SDHC card at address 5048
[    2.718041] mmcblk0: mmc0:5048 SD16G 14.4 GiB
[    2.726261]  mmcblk0: p1 p2
[    2.729675] mmcblk0: p2 size 31221760 extends beyond EOD, truncated
[    2.742964] SMSC LAN8710/LAN8720 4a101000.mdio:00: attached PHY driver (mii_bus:phy_addr=4a101000.mdio:00, irq=POLL)
[    2.760025] mmc1: new high speed MMC card at address 0001
[    2.767056] mmcblk1: mmc1:0001 MMC04G 3.60 GiB
[    2.774564]  mmcblk1: p1 p2
[    2.778828] mmcblk1boot0: mmc1:0001 MMC04G 2.00 MiB
[    2.786268] mmcblk1boot1: mmc1:0001 MMC04G 2.00 MiB
[    2.793848] mmcblk1rpmb: mmc1:0001 MMC04G 128 KiB, chardev (250:0)
[    5.922483] cpsw-switch 4a100000.switch eth0: Link is Up - 100Mbps/Full - flow control off
[    5.951733] IP-Config: Complete:
[    5.955005]      device=eth0, hwaddr=6c:ec:eb:68:de:78, ipaddr=192.168.255.1, mask=255.255.255.0, gw=255.255.255.255
[    5.965649]      host=bbb1, domain=, nis-domain=(none)
[    5.970818]      bootserver=192.168.255.126, rootserver=192.168.255.126, rootpath=
[    5.971236] clk: Disabling unused clocks
[    5.983114] PM: genpd: Disabling unused power domains
[    5.988238] KTAP version 1
[    5.990961] 1..0
[    6.026708] VFS: Mounted root (nfs filesystem) on device 0:17.
[    6.033939] devtmpfs: mounted
[    6.038609] Freeing unused kernel image (initmem) memory: 1024K
[    6.045464] Run /sbin/init as init process
[    6.765614] systemd[1]: System time before build time, advancing clock.
[    8.211736] random: crng init done
[    8.253918] systemd[1]: systemd 232 running in system mode. (+PAM +AUDIT +SELINUX +IMA +APPARMOR +SMACK +SYSVINIT +UTMP +LIBCRYPTSETUP +GCRYPT +GNUTLS +ACL +XZ +LZ4 +SECCOMP +BLKID +ELFUTILS +KMOD +IDN)
[    8.272976] systemd[1]: Detected architecture arm.

Welcome to [1mDebian GNU/Linux 9 (stretch)[0m!

[    8.304921] systemd[1]: Set hostname to <arm>.
[    9.411241] systemd[1]: Listening on Syslog Socket.
[[0;32m  OK  [0m] Listening on Syslog Socket.
[    9.432625] systemd[1]: Listening on Journal Socket.
[[0;32m  OK  [0m] Listening on Journal Socket.
[    9.462665] systemd[1]: Started Dispatch Password Requests to Console Directory Watch.
[[0;32m  OK  [0m] Started Dispatch Password Requests to Console Directory Watch.
[    9.492156] systemd[1]: Reached target Remote File Systems.
[[0;32m  OK  [0m] Reached target Remote File Systems.
[    9.523434] systemd[1]: Set up automount Arbitrary Executable File Formats File System Automount Point.
[[0;32m  OK  [0m] Set up automount Arbitrary Executabâ€¦rmats File System Automount Point.
[    9.552115] systemd[1]: Reached target Swap.
[[0;32m  OK  [0m] Reached target Swap.
[    9.573281] systemd[1]: Created slice User and Session Slice.
[[0;32m  OK  [0m] Created slice User and Session Slice.
[[0;32m  OK  [0m] Created slice System Slice.
[[0;32m  OK  [0m] Created slice system-serial\x2dgetty.slice.
         Mounting Debug File System...
         Starting Create list of required stâ€¦ce nodes for the current kernel...
[[0;32m  OK  [0m] Reached target Slices.
         Mounting POSIX Message Queue File System...
[[0;32m  OK  [0m] Created slice system-getty.slice.
         Starting Load Kernel Modules...
[[0;32m  OK  [0m] Listening on Journal Audit Socket.
[[0;32m  OK  [0m] Started Forward Password Requests to Wall Directory Watch.
[[0;32m  OK  [0m] Reached target Paths.
         Starting Remount Root and Kernel File Systems...
[[0;32m  OK  [0m] Listening on /dev/initctl Compatibility Named Pipe.
[[0;32m  OK  [0m] Reached target Encrypted Volumes.
[[0;32m  OK  [0m] Listening on udev Kernel Socket.
[[0;32m  OK  [0m] Listening on Journal Socket (/dev/log).
         Starting Journal Service...
[[0;32m  OK  [0m] Listening on udev Control Socket.
[[0;32m  OK  [0m] Mounted POSIX Message Queue File System.
[[0;32m  OK  [0m] Mounted Debug File System.
[[0;32m  OK  [0m] Started Create list of required staâ€¦vice nodes for the current kernel.
[[0;32m  OK  [0m] Started Load Kernel Modules.
[[0;32m  OK  [0m] Started Remount Root and Kernel File Systems.
         Starting Load/Save Random Seed...
         Starting udev Coldplug all Devices...
         Starting Apply Kernel Variables...
         Mounting Configuration File System...
         Starting Create Static Device Nodes in /dev...
[[0;32m  OK  [0m] Started Load/Save Random Seed.
[[0;32m  OK  [0m] Mounted Configuration File System.
[[0;32m  OK  [0m] Started Apply Kernel Variables.
[[0;32m  OK  [0m] Started Create Static Device Nodes in /dev.
[[0;32m  OK  [0m] Reached target Local File Systems (Pre).
[[0;32m  OK  [0m] Reached target Local File Systems.
         Starting Raise network interfaces...
         Starting udev Kernel Device Manager...
[[0;32m  OK  [0m] Started Journal Service.
         Starting Flush Journal to Persistent Storage...
[   11.845915] systemd-journald[89]: Received request to flush runtime journal from PID 1
[[0;32m  OK  [0m] Started Flush Journal to Persistent Storage.
         Starting Create Volatile Files and Directories...
[[0;32m  OK  [0m] Started udev Kernel Device Manager.
[[0;32m  OK  [0m] Started Create Volatile Files and Directories.
         Starting Network Time Synchronization...
         Starting Update UTMP about System Boot/Shutdown...
[[0;32m  OK  [0m] Started udev Coldplug all Devices.
[[0;32m  OK  [0m] Started Update UTMP about System Boot/Shutdown.
[   14.815448] remoteproc remoteproc0: wkup_m3 is available
[   14.925438] omap_rtc 44e3e000.rtc: registered as rtc0
[   14.930670] omap_rtc 44e3e000.rtc: setting system clock to 2000-01-01T00:00:00 UTC (946684800)
[   15.053471] omap_wdt: OMAP Watchdog Timer Rev 0x01: initial timeout 60 sec
[   15.199390] at24 2-0054: supply vcc not found, using dummy regulator
[   15.267021] am335x-phy-driver 47401300.usb-phy: dummy supplies not allowed for exclusive requests (id=vbus)
[   15.336625] at24 2-0055: supply vcc not found, using dummy regulator
[   15.423458] tps6521x_pwrbutton tps65217-pwrbutton: DMA mask not set
[   15.454208] at24 2-0056: supply vcc not found, using dummy regulator
[[0;32m  OK  [0m] Found device /dev/ttyS0.
[[0;32m  OK  [0m] Started Network Time Synchronization.
[   15.573809] input: tps65217_pwrbutton as /devices/platform/ocp/44c00000.interconnect/44c00000.interconnect:segment@200000/44e0b000.target-module/44e0b000.i2c/i2c-0/0-0024/tps65217-pwrbutton/input/input0
[   15.593159] at24 2-0057: supply vcc not found, using dummy regulator
[   15.604960] am335x-phy-driver 47401b00.usb-phy: dummy supplies not allowed for exclusive requests (id=vbus)
[[0;32m  OK  [0m] Reached target System Time Synchronized.
[[0;32m  OK  [0m] Reached target System Initialization.
[   15.673856] at24 0-0050: 32768 byte 24c256 EEPROM, writable, 1 bytes/write
[[0;32m  OK  [0m] Started Daily Cleanup of Temporary Directories.
[[0;32m  OK  [0m] Listening on Avahi mDNS/DNS-SD Stack Activation Socket.
[[0;32m  OK  [0m] Listening on D-Bus System Message Bus Socket.
[[0;32m  OK  [0m] Reached target Sockets.
[[0;32m  OK  [0m] Reached target Basic System.
[   16.099553] wkup_m3_ipc 44e11324.wkup_m3_ipc: IPC Request for A8->M3 Channel failed! -517
         Starting LSB: Start busybox udhcpd at boot time...
         Starting Generic Board Startup...
         Starting LSB: Load kernel modules needed to enable cpufreq scaling...
         Starting Login Service...
[   16.664309] usbcore: registered new interface driver usbfs
[   16.669971] usbcore: registered new interface driver hub
[   16.675668] usbcore: registered new device driver usb
[[0;32m  OK  [0m] Started Regular background program processing daemon.
         Starting Cape Manager Service...
         Starting Avahi mDNS/DNS-SD Stack...
         Starting Telephony service...
[   17.323096] tda998x 0-0070: found TDA19988
[   17.395313] omap-mailbox 480c8000.mailbox: omap mailbox rev 0x400
[   17.486904] remoteproc remoteproc0: powering up wkup_m3
         Starting DUN service...
[   17.663893] musb-hdrc musb-hdrc.1: MUSB HDRC host driver
[   17.669313] musb-hdrc musb-hdrc.1: new USB bus registered, assigned bus number 1
         Starting System Logging Service...
[   17.844809] remoteproc remoteproc0: Direct firmware load for am335x-pm-firmware.elf failed with error -2
[   17.855873] remoteproc remoteproc0: request_firmware failed: -2
[   17.862697] wkup_m3_ipc 44e11324.wkup_m3_ipc: rproc_boot failed
[   17.928183] usb usb1: New USB device found, idVendor=1d6b, idProduct=0002, bcdDevice= 6.13
[   17.936685] usb usb1: New USB device strings: Mfr=3, Product=2, SerialNumber=1
[   17.944036] usb usb1: Product: MUSB HDRC host driver
[   17.949033] usb usb1: Manufacturer: Linux 6.13.0-rc2-next-20241212 musb-hcd
[   17.956078] usb usb1: SerialNumber: musb-hdrc.1
[[0;32m  OK  [0m] Started Daily apt download activities.
[[0;32m  OK  [0m] Started Daily apt upgrade and clean activities.
[[0;32m  OK  [0m] Reached target Timers.
[[0;32m  OK  [0m] Started D-Bus System Message Bus.
[   18.507810] hub 1-0:1.0: USB hub found
[   18.511923] hub 1-0:1.0: 1 port detected
[   20.471946] omap_rng 48310000.rng: Random Number Generator ver. 20
[   20.705365] tilcdc 4830e000.lcdc: bound 0-0070 (ops tda998x_driver_exit [tda998x])
[   20.813572] [drm] Initialized tilcdc 1.0.0 for 4830e000.lcdc on minor 0
[   20.883121] tilcdc 4830e000.lcdc: [drm] Cannot find any crtc or sizes
[   20.891348] tilcdc 4830e000.lcdc: [drm] Cannot find any crtc or sizes
[   21.609487] PM: Cannot get wkup_m3_ipc handle
[   21.656259] omap-sham 53100000.sham: hw accel on OMAP rev 4.3
[   21.776673] omap-sham 53100000.sham: will run requests pump with realtime priority
[   21.796275] PM: Cannot get wkup_m3_ipc handle
[[0;32m  OK  [0m] Started Telephony service.
[[0;32m  OK  [0m] Started DUN service.
[   21.885796] omap-aes 53500000.aes: OMAP AES hw accel rev: 3.2
[[0;32m  OK  [0m] Started Avahi mDNS/DNS-SD Stack.
[   21.995293] omap-aes 53500000.aes: will run requests pump with realtime priority
[   22.003968] PM: Cannot get wkup_m3_ipc handle
         Starting Connection service...
[[0;32m  OK  [0m] Started System Logging Service.
[[0;32m  OK  [0m] Started Cape Manager Service.
[   23.714547] Bluetooth: Core ver 2.22
[   23.718368] NET: Registered PF_BLUETOOTH protocol family
[   23.723894] Bluetooth: HCI device and connection manager initialized
[   23.730315] Bluetooth: HCI socket layer initialized
[   23.735317] Bluetooth: L2CAP socket layer initialized
[   23.740438] Bluetooth: SCO socket layer initialized
[   25.298535] PM: Cannot get wkup_m3_ipc handle
[   25.409422] PM: Cannot get wkup_m3_ipc handle
[[0;32m  OK  [0m] Started LSB: Start busybox udhcpd at boot time.
[[0;32m  OK  [0m] Started Raise network interfaces.
[   28.330246] configfs-gadget.g_multi gadget.0: HOST MAC 1c:ba:8c:a2:ed:6c
[   28.337325] configfs-gadget.g_multi gadget.0: MAC 1c:ba:8c:a2:ed:70
[   28.344832] configfs-gadget.g_multi gadget.0: HOST MAC 1c:ba:8c:a2:ed:6c
[   28.351598] configfs-gadget.g_multi gadget.0: MAC 1c:ba:8c:a2:ed:6d
[   28.360350] PM: Cannot get wkup_m3_ipc handle
[[0;32m  OK  [0m] Started LSB: Load kernel modules needed to enable cpufreq scaling.
[[0;32m  OK  [0m] Started Connection service.
[[0;32m  OK  [0m] Reached target Sound Card.
         Starting LSB: set CPUFreq kernel parameters...
[[0;32m  OK  [0m] Reached target Network.
         Starting The Apache HTTP Server...
         Starting Permit User Sessions...
[[0;32m  OK  [0m] Reached target Network is Online.
         Starting LSB: Advanced IEEE 802.11 management daemon...
         Starting OpenBSD Secure Shell server...
[[0;32m  OK  [0m] Started LSB: Advanced IEEE 802.11 management daemon.
[[0;32m  OK  [0m] Started Permit User Sessions.
[[0;32m  OK  [0m] Started Login Service.
[[0;32m  OK  [0m] Started Serial Getty on ttyS0.
[[0;32m  OK  [0m] Started Getty on tty1.
[[0;32m  OK  [0m] Reached target Login Prompts.
[[0;32m  OK  [0m] Started LSB: set CPUFreq kernel parameters.
         Starting Hostname Service...
         Starting WPA supplicant...
         Stopping LSB: Start busybox udhcpd at boot time...
[[0;32m  OK  [0m] Started WPA supplicant.
[[0;32m  OK  [0m] Started Hostname Service.
[[0;32m  OK  [0m] Started OpenBSD Secure Shell server.
[[0;32m  OK  [0m] Stopped LSB: Start busybox udhcpd at boot time.
         Starting dnsmasq - A lightweight DHCP and caching DNS server...
[[0;32m  OK  [0m] Started The Apache HTTP Server.
[[0;32m  OK  [0m] Started dnsmasq - A lightweight DHCP and caching DNS server.
[[0;32m  OK  [0m] Reached target Host and Network Name Lookups.
[[0;32m  OK  [0m] Started Serial Getty on ttyGS0.
[[0;32m  OK  [0m] Started Generic Board Startup.
[[0;32m  OK  [0m] Reached target Multi-User System.
[[0;32m  OK  [0m] Reached target Graphical Interface.
         Starting Update UTMP about System Runlevel Changes...
[[0;32m  OK  [0m] Started Update UTMP about System Runlevel Changes.

Debian GNU/Linux 9 arm ttyS0

default username:password is [debian:temppwd]

arm login: root
Password: 
Last login: Sat Jan  1 00:00:26 UTC 2000 on ttyS0
root
Linux arm 6.13.0-rc2-next-20241212 #155 SMP Thu Dec 12 07:19:34 EET 2024 armv7l

The programs included with the Debian GNU/Linux system are free software;
the exact distribution terms for each program are described in the
individual files in /usr/share/doc/*/copyright.

Debian GNU/Linux comes with ABSOLUTELY NO WARRANTY, to the extent
permitted by applicable law.
root@arm:~# root
-bash: root: command not found
root@arm:~# dmesg -n 1
echo 'VEGV''PLQVUB'
root@arm:~# echo 'VEGV''PLQVUB'
VEGVPLQVUB
root@arm:~# run() { echo -n "$MARKER"; sh -c "$@"; echo "$MARKER $?"; }
root@arm:~# echo 'FNGG''GMPTOC'
FNGGGMPTOC
root@arm:~# MARKER='UPGZ''AOCMLP' run 'cat /proc/version'
UPGZAOCMLPLinux version 6.13.0-rc2-next-20241212 (user01@drvtest01) (arm-linux-gnueabihf-gcc (Linaro GCC 6.4-2017.11) 6.4.1 20171012, GNU ld (Linaro_Binutils-2017.11) 2.27.0.20161229) #155 SMP Thu Dec 12 07:19:34 EET 2024
UPGZAOCMLP 0
root@arm:~# echo 'CTUK''TJCNUU'
CTUKTJCNUU
root@arm:~# MARKER='MYEF''ZSHABM' run false
MYEFZSHABMMYEFZSHABM 1
root@arm:~# Labgrid Console Logfile for main
Logfile started at 2024-12-12 07:21:22.208550
=== Log starts here ===

root@arm:~# run() { echo -n "$MARKER"; sh -c "$@"; echo "$MARKER $?"; }
root@arm:~# echo 'JUQY''NQPKNU'
JUQYNQPKNU
root@arm:~# MARKER='BVKW''GWHZWK' run dmesg
BVKWGWHZWK[    0.000000] Booting Linux on physical CPU 0x0
[    0.000000] Linux version 6.13.0-rc2-next-20241212 (user01@drvtest01) (arm-linux-gnueabihf-gcc (Linaro GCC 6.4-2017.11) 6.4.1 20171012, GNU ld (Linaro_Binutils-2017.11) 2.27.0.20161229) #155 SMP Thu Dec 12 07:19:34 EET 2024
[    0.000000] CPU: ARMv7 Processor [413fc082] revision 2 (ARMv7), cr=10c5387d
[    0.000000] CPU: PIPT / VIPT nonaliasing data cache, VIPT aliasing instruction cache
[    0.000000] OF: fdt: Machine model: TI AM335x BeagleBone Black
[    0.000000] Memory policy: Data cache writeback
[    0.000000] cma: Reserved 16 MiB at 0x9e800000 on node -1
[    0.000000] Zone ranges:
[    0.000000]   Normal   [mem 0x0000000080000000-0x000000009fdfffff]
[    0.000000]   HighMem  empty
[    0.000000] Movable zone start for each node
[    0.000000] Early memory node ranges
[    0.000000]   node   0: [mem 0x0000000080000000-0x000000009fdfffff]
[    0.000000] Initmem setup node 0 [mem 0x0000000080000000-0x000000009fdfffff]
[    0.000000] OF: reserved mem: Reserved memory: No reserved-memory node in the DT
[    0.000000] CPU: All CPU(s) started in SVC mode.
[    0.000000] AM335X ES2.1 (sgx neon)
[    0.000000] percpu: Embedded 17 pages/cpu s39628 r8192 d21812 u69632
[    0.000000] pcpu-alloc: s39628 r8192 d21812 u69632 alloc=17*4096
[    0.000000] pcpu-alloc: [0] 0 
[    0.000000] Kernel command line: console=ttyO0,115200n8 root=/dev/nfs rw nfsroot=192.168.255.126:/home/user01/nfs,nfsvers=3 ip=192.168.255.1:192.168.255.126::255.255.255.0:bbb1:eth0 nfsrootdebug
[    0.000000] Unknown kernel command line parameters "nfsrootdebug", will be passed to user space.
[    0.000000] printk: log buffer data + meta data: 65536 + 204800 = 270336 bytes
[    0.000000] Dentry cache hash table entries: 65536 (order: 6, 262144 bytes, linear)
[    0.000000] Inode-cache hash table entries: 32768 (order: 5, 131072 bytes, linear)
[    0.000000] Built 1 zonelists, mobility grouping on.  Total pages: 130560
[    0.000000] mem auto-init: stack:off, heap alloc:off, heap free:off
[    0.000000] SLUB: HWalign=64, Order=0-3, MinObjects=0, CPUs=1, Nodes=1
[    0.000000] trace event string verifier disabled
[    0.000000] rcu: Hierarchical RCU implementation.
[    0.000000] rcu: 	RCU event tracing is enabled.
[    0.000000] rcu: 	RCU restricting CPUs from NR_CPUS=2 to nr_cpu_ids=1.
[    0.000000] 	Tracing variant of Tasks RCU enabled.
[    0.000000] rcu: RCU calculated value of scheduler-enlistment delay is 10 jiffies.
[    0.000000] rcu: Adjusting geometry for rcu_fanout_leaf=16, nr_cpu_ids=1
[    0.000000] RCU Tasks Trace: Setting shift to 0 and lim to 1 rcu_task_cb_adjust=1 rcu_task_cpu_ids=1.
[    0.000000] NR_IRQS: 16, nr_irqs: 16, preallocated irqs: 16
[    0.000000] IRQ: Found an INTC at 0x(ptrval) (revision 5.0) with 128 interrupts
[    0.000000] rcu: srcu_init: Setting srcu_struct sizes based on contention.
[    0.000000] TI gptimer clocksource: always-on /ocp/interconnect@44c00000/segment@200000/target-module@31000
[    0.000003] sched_clock: 32 bits at 24MHz, resolution 41ns, wraps every 89478484971ns
[    0.000028] clocksource: dmtimer: mask: 0xffffffff max_cycles: 0xffffffff, max_idle_ns: 79635851949 ns
[    0.000505] TI gptimer clockevent: 24000000 Hz at /ocp/interconnect@48000000/segment@0/target-module@40000
[    0.002156] Console: colour dummy device 80x30
[    0.002222] WARNING: Your 'console=ttyO0' has been replaced by 'ttyS0'
[    0.002230] This ensures that you still see kernel messages. Please
[    0.002235] update your kernel commandline.
[    0.002275] Calibrating delay loop... 996.14 BogoMIPS (lpj=4980736)
[    0.090554] CPU: Testing write buffer coherency: ok
[    0.090678] CPU0: Spectre v2: using BPIALL workaround
[    0.090689] pid_max: default: 32768 minimum: 301
[    0.090806] LSM: initializing lsm=capability
[    0.090981] Mount-cache hash table entries: 1024 (order: 0, 4096 bytes, linear)
[    0.091001] Mountpoint-cache hash table entries: 1024 (order: 0, 4096 bytes, linear)
[    0.092679] CPU0: thread -1, cpu 0, socket -1, mpidr 0
[    0.160921] Setting up static identity map for 0x80100000 - 0x80100078
[    0.170703] rcu: Hierarchical SRCU implementation.
[    0.170716] rcu: 	Max phase no-delay instances is 1000.
[    0.190757] smp: Bringing up secondary CPUs ...
[    0.190819] smp: Brought up 1 node, 1 CPU
[    0.190836] SMP: Total of 1 processors activated (996.14 BogoMIPS).
[    0.190849] CPU: All CPU(s) started in SVC mode.
[    0.191019] Memory: 480840K/522240K available (11264K kernel code, 1215K rwdata, 2900K rodata, 1024K init, 295K bss, 23388K reserved, 16384K cma-reserved, 0K highmem)
[    0.191867] devtmpfs: initialized
[    0.208705] VFP support v0.3: implementor 41 architecture 3 part 30 variant c rev 3
[    0.209059] clocksource: jiffies: mask: 0xffffffff max_cycles: 0xffffffff, max_idle_ns: 19112604462750000 ns
[    0.209095] futex hash table entries: 256 (order: 2, 16384 bytes, linear)
[    0.210374] pinctrl core: initialized pinctrl subsystem
[    0.213428] NET: Registered PF_NETLINK/PF_ROUTE protocol family
[    0.216228] DMA: preallocated 256 KiB pool for atomic coherent allocations
[    0.217148] audit: initializing netlink subsys (disabled)
[    0.218609] thermal_sys: Registered thermal governor 'fair_share'
[    0.218627] thermal_sys: Registered thermal governor 'step_wise'
[    0.218636] thermal_sys: Registered thermal governor 'user_space'
[    0.218793] audit: type=2000 audit(0.210:1): state=initialized audit_enabled=0 res=1
[    0.218832] cpuidle: using governor menu
[    0.237181] /ocp/interconnect@44c00000/segment@200000/target-module@b000/i2c@0/tda19988@70: Fixed dependency cycle(s) with /ocp/interconnect@48000000/segment@300000/target-module@e000/lcdc@0
[    0.238360] /ocp/interconnect@48000000/segment@300000/target-module@e000/lcdc@0: Fixed dependency cycle(s) with /ocp/interconnect@44c00000/segment@200000/target-module@b000/i2c@0/tda19988@70
[    0.240716] No ATAGs?
[    0.240738] hw-breakpoint: debug architecture 0x4 unsupported.
[    0.243579] kprobes: kprobe jump-optimization is enabled. All kprobes are optimized if possible.
[    0.254231] iommu: Default domain type: Translated
[    0.254254] iommu: DMA domain TLB invalidation policy: strict mode
[    0.255928] reg-fixed-voltage fixedregulator0: using DT '/fixedregulator0' for '(default)' GPIO lookup
[    0.255983] of_get_named_gpiod_flags: can't parse 'gpios' property of node '/fixedregulator0[0]'
[    0.256013] of_get_named_gpiod_flags: can't parse 'gpio' property of node '/fixedregulator0[0]'
[    0.256032] reg-fixed-voltage fixedregulator0: using lookup tables for GPIO lookup
[    0.256042] reg-fixed-voltage fixedregulator0: No GPIO consumer (default) found
[    0.261966] SCSI subsystem initialized
[    0.262475] libata version 3.00 loaded.
[    0.262848] pps_core: LinuxPPS API ver. 1 registered
[    0.262860] pps_core: Software ver. 5.3.6 - Copyright 2005-2007 Rodolfo Giometti <giometti@linux.it>
[    0.262884] PTP clock support registered
[    0.271291] vgaarb: loaded
[    0.271711] clocksource: Switched to clocksource dmtimer
[    0.272375] VFS: Disk quotas dquot_6.6.0
[    0.272417] VFS: Dquot-cache hash table entries: 1024 (order 0, 4096 bytes)
[    0.297786] NET: Registered PF_INET protocol family
[    0.298150] IP idents hash table entries: 8192 (order: 4, 65536 bytes, linear)
[    0.299584] tcp_listen_portaddr_hash hash table entries: 512 (order: 0, 4096 bytes, linear)
[    0.299624] Table-perturb hash table entries: 65536 (order: 6, 262144 bytes, linear)
[    0.299642] TCP established hash table entries: 4096 (order: 2, 16384 bytes, linear)
[    0.299685] TCP bind hash table entries: 4096 (order: 4, 65536 bytes, linear)
[    0.299784] TCP: Hash tables configured (established 4096 bind 4096)
[    0.299905] UDP hash table entries: 256 (order: 1, 14336 bytes, linear)
[    0.299942] UDP-Lite hash table entries: 256 (order: 1, 14336 bytes, linear)
[    0.300119] NET: Registered PF_UNIX/PF_LOCAL protocol family
[    0.312544] RPC: Registered named UNIX socket transport module.
[    0.312568] RPC: Registered udp transport module.
[    0.312574] RPC: Registered tcp transport module.
[    0.312579] RPC: Registered tcp-with-tls transport module.
[    0.312584] RPC: Registered tcp NFSv4.1 backchannel transport module.
[    0.312611] PCI: CLS 0 bytes, default 64
[    0.314119] Initialise system trusted keyrings
[    0.314903] workingset: timestamp_bits=14 max_order=17 bucket_order=3
[    0.316591] NFS: Registering the id_resolver key type
[    0.316684] Key type id_resolver registered
[    0.316692] Key type id_legacy registered
[    0.316743] jffs2: version 2.2. (NAND) (SUMMARY)  Â© 2001-2006 Red Hat, Inc.
[    0.317140] Key type asymmetric registered
[    0.317155] Asymmetric key parser 'x509' registered
[    0.317224] io scheduler mq-deadline registered
[    0.317234] io scheduler kyber registered
[    0.317304] io scheduler bfq registered
[    0.318954] ledtrig-cpu: registered to indicate activity on CPUs
[    0.332561] Serial: 8250/16550 driver, 6 ports, IRQ sharing enabled
[    0.376218] brd: module loaded
[    0.396957] loop: module loaded
[    0.397898] mtdoops: mtd device (mtddev=name/number) must be supplied
[    0.399673] mdio_bus fixed-0: using lookup tables for GPIO lookup
[    0.399699] mdio_bus fixed-0: No GPIO consumer reset found
[    0.401070] i2c_dev: i2c /dev entries driver
[    0.402256] cpuidle: enable-method property 'ti,am3352' found operations
[    0.402737] sdhci: Secure Digital Host Controller Interface driver
[    0.402747] sdhci: Copyright(c) Pierre Ossman
[    0.402919] sdhci-pltfm: SDHCI platform and OF driver helper
[    0.403962] Initializing XFRM netlink socket
[    0.404114] NET: Registered PF_INET6 protocol family
[    0.414125] Segment Routing with IPv6
[    0.414221] In-situ OAM (IOAM) with IPv6
[    0.414319] sit: IPv6, IPv4 and MPLS over IPv4 tunneling driver
[    0.415300] NET: Registered PF_PACKET protocol family
[    0.415334] NET: Registered PF_KEY protocol family
[    0.415474] Key type dns_resolver registered
[    0.415753] ThumbEE CPU extension supported.
[    0.415772] Registering SWP/SWPB emulation handler
[    0.416316] omap_voltage_late_init: Voltage driver support not added
[    0.416691] SmartReflex Class3 initialized
[    0.443239] Loading compiled-in X.509 certificates
[    0.491970] /ocp/interconnect@44c00000/segment@200000/target-module@b000/i2c@0/tda19988@70: Fixed dependency cycle(s) with /ocp/interconnect@48000000/segment@300000/target-module@e000/lcdc@0
[    0.498404] /ocp/interconnect@44c00000/segment@200000/target-module@b000/i2c@0/tda19988@70: Fixed dependency cycle(s) with /ocp/interconnect@48000000/segment@300000/target-module@e000/lcdc@0
[    0.504154] gpiochip_find_base_unlocked: found new base at 512
[    0.528232] /ocp/interconnect@44c00000/segment@200000/target-module@b000/i2c@0/tda19988@70: Fixed dependency cycle(s) with /ocp/interconnect@48000000/segment@300000/target-module@e000/lcdc@0
[    0.529139] /ocp/interconnect@44c00000/segment@200000/target-module@b000/i2c@0/tda19988@70: Fixed dependency cycle(s) with /ocp/interconnect@48000000/segment@300000/target-module@e000/lcdc@0
[    0.532823] /ocp/interconnect@44c00000/segment@200000/target-module@10000/scm@0/pinmux@800: Fixed dependency cycle(s) with /ocp/interconnect@44c00000/segment@200000/target-module@10000/scm@0/pinmux@800/clkout2-pins
[    0.533412] pinctrl-single 44e10800.pinmux: 142 pins, size 568
[    0.538791] ti-sysc 44e31000.target-module: probe with driver ti-sysc failed with error -16
[    0.570626] /ocp/interconnect@48000000/segment@300000/target-module@e000/lcdc@0: Fixed dependency cycle(s) with /ocp/interconnect@44c00000/segment@200000/target-module@b000/i2c@0/tda19988@70
[    0.578707] ti-sysc 48040000.target-module: probe with driver ti-sysc failed with error -16
[    0.590096] gpiochip_find_base_unlocked: found new base at 512
[    0.590199] gpio gpiochip0: (gpio-0-31): created GPIO range 0->7 ==> 44e10800.pinmux PIN 0->7
[    0.590219] gpio gpiochip0: (gpio-0-31): created GPIO range 8->11 ==> 44e10800.pinmux PIN 90->93
[    0.590235] gpio gpiochip0: (gpio-0-31): created GPIO range 12->27 ==> 44e10800.pinmux PIN 12->27
[    0.590251] gpio gpiochip0: (gpio-0-31): created GPIO range 28->31 ==> 44e10800.pinmux PIN 30->33
[    0.617622] gpio gpiochip0: (gpio-0-31): added GPIO chardev (254:0)
[    0.617771] gpio gpiochip0: registered GPIOs 512 to 543 on gpio-0-31
[    0.617859] OMAP GPIO hardware version 0.1
[    0.644912] i2c i2c-2: using DT '/ocp/interconnect@48000000/segment@100000/target-module@9c000/i2c@0' for 'scl' GPIO lookup
[    0.644986] of_get_named_gpiod_flags: can't parse 'scl-gpios' property of node '/ocp/interconnect@48000000/segment@100000/target-module@9c000/i2c@0[0]'
[    0.645030] of_get_named_gpiod_flags: can't parse 'scl-gpio' property of node '/ocp/interconnect@48000000/segment@100000/target-module@9c000/i2c@0[0]'
[    0.645067] i2c i2c-2: using lookup tables for GPIO lookup
[    0.645077] i2c i2c-2: No GPIO consumer scl found
[    0.645099] i2c i2c-2: using DT '/ocp/interconnect@48000000/segment@100000/target-module@9c000/i2c@0' for 'sda' GPIO lookup
[    0.645136] of_get_named_gpiod_flags: can't parse 'sda-gpios' property of node '/ocp/interconnect@48000000/segment@100000/target-module@9c000/i2c@0[0]'
[    0.645175] of_get_named_gpiod_flags: can't parse 'sda-gpio' property of node '/ocp/interconnect@48000000/segment@100000/target-module@9c000/i2c@0[0]'
[    0.645207] i2c i2c-2: using lookup tables for GPIO lookup
[    0.645215] i2c i2c-2: No GPIO consumer sda found
[    0.645942] omap_i2c 4819c000.i2c: bus 2 rev0.11 at 100 kHz
[    0.651369] gpiochip_find_base_unlocked: found new base at 544
[    0.651471] gpio gpiochip1: (gpio-32-63): created GPIO range 0->17 ==> 44e10800.pinmux PIN 34->51
[    0.651493] gpio gpiochip1: (gpio-32-63): created GPIO range 18->21 ==> 44e10800.pinmux PIN 77->80
[    0.651509] gpio gpiochip1: (gpio-32-63): created GPIO range 22->31 ==> 44e10800.pinmux PIN 56->65
[    0.662695] gpio gpiochip1: (gpio-32-63): added GPIO chardev (254:1)
[    0.662852] gpio gpiochip1: registered GPIOs 544 to 575 on gpio-32-63
[    0.665134] gpiochip_find_base_unlocked: found new base at 576
[    0.665228] gpio gpiochip2: (gpio-64-95): created GPIO range 0->4 ==> 44e10800.pinmux PIN 66->70
[    0.665248] gpio gpiochip2: (gpio-64-95): created GPIO range 5->6 ==> 44e10800.pinmux PIN 98->99
[    0.665265] gpio gpiochip2: (gpio-64-95): created GPIO range 7->8 ==> 44e10800.pinmux PIN 75->76
[    0.665280] gpio gpiochip2: (gpio-64-95): created GPIO range 13->13 ==> 44e10800.pinmux PIN 141->141
[    0.665297] gpio gpiochip2: (gpio-64-95): created GPIO range 14->21 ==> 44e10800.pinmux PIN 100->107
[    0.679543] gpio gpiochip2: (gpio-64-95): added GPIO chardev (254:2)
[    0.679694] gpio gpiochip2: registered GPIOs 576 to 607 on gpio-64-95
[    0.685517] 48000000.interconnect:segment@200000:target-module@0:mpu@0:fck: device ID is greater than 24
[    0.686397] /ocp/interconnect@48000000/segment@300000/target-module@e000/lcdc@0: Fixed dependency cycle(s) with /ocp/interconnect@44c00000/segment@200000/target-module@b000/i2c@0/tda19988@70
[    0.689200] /ocp/interconnect@48000000/segment@300000/target-module@e000/lcdc@0: Fixed dependency cycle(s) with /ocp/interconnect@44c00000/segment@200000/target-module@b000/i2c@0/tda19988@70
[    0.689895] /ocp/interconnect@44c00000/segment@200000/target-module@b000/i2c@0/tda19988@70: Fixed dependency cycle(s) with /ocp/interconnect@48000000/segment@300000/target-module@e000/lcdc@0
[    0.690059] /ocp/interconnect@48000000/segment@300000/target-module@e000/lcdc@0: Fixed dependency cycle(s) with /ocp/interconnect@44c00000/segment@200000/target-module@b000/i2c@0/tda19988@70
[    0.699713] mdio_bus 4a101000.mdio: using DT '/ocp/interconnect@4a000000/segment@0/target-module@100000/switch@0/mdio@1000' for 'reset' GPIO lookup
[    0.699787] of_get_named_gpiod_flags: can't parse 'reset-gpios' property of node '/ocp/interconnect@4a000000/segment@0/target-module@100000/switch@0/mdio@1000[0]'
[    0.699835] of_get_named_gpiod_flags: can't parse 'reset-gpio' property of node '/ocp/interconnect@4a000000/segment@0/target-module@100000/switch@0/mdio@1000[0]'
[    0.699884] mdio_bus 4a101000.mdio: using lookup tables for GPIO lookup
[    0.699894] mdio_bus 4a101000.mdio: No GPIO consumer reset found
[    0.700805] sdhci-omap 481d8000.mmc: using DT '/ocp/interconnect@48000000/segment@100000/target-module@d8000/mmc@0' for 'wp' GPIO lookup
[    0.700866] of_get_named_gpiod_flags: can't parse 'wp-gpios' property of node '/ocp/interconnect@48000000/segment@100000/target-module@d8000/mmc@0[0]'
[    0.700908] of_get_named_gpiod_flags: can't parse 'wp-gpio' property of node '/ocp/interconnect@48000000/segment@100000/target-module@d8000/mmc@0[0]'
[    0.700944] sdhci-omap 481d8000.mmc: using lookup tables for GPIO lookup
[    0.700953] sdhci-omap 481d8000.mmc: No GPIO consumer wp found
[    0.701148] sdhci-omap 481d8000.mmc: supply pbias not found, using dummy regulator
[    0.701652] sdhci-omap 481d8000.mmc: supply vqmmc not found, using dummy regulator
[    0.750001] davinci_mdio 4a101000.mdio: davinci mdio revision 1.6, bus freq 1000000
[    0.775500] mdio_bus 4a101000.mdio:00: using DT '/ocp/interconnect@4a000000/segment@0/target-module@100000/switch@0/mdio@1000/ethernet-phy@0' for 'reset' GPIO lookup
[    0.775604] of_get_named_gpiod_flags: parsed 'reset-gpios' property of node '/ocp/interconnect@4a000000/segment@0/target-module@100000/switch@0/mdio@1000/ethernet-phy@0[0]' - status (0)
[    0.775772] gpio gpiochip0: Persistence not supported for GPIO 8
[    0.910391] davinci_mdio 4a101000.mdio: phy[0]: device 4a101000.mdio:00, driver SMSC LAN8710/LAN8720
[    0.911175] cpsw-switch 4a100000.switch: initialized cpsw ale version 1.4
[    0.911198] cpsw-switch 4a100000.switch: ALE Table size 1024, Policers 0
[    0.930372] cpsw-switch 4a100000.switch: cpts: overflow check period 500 (jiffies)
[    0.930398] cpsw-switch 4a100000.switch: CPTS: ref_clk_freq:250000000 calc_mult:2147483648 calc_shift:29 error:0 nsec/sec
[    0.930509] cpsw-switch 4a100000.switch: Detected MACID = 6c:ec:eb:68:de:78
[    0.932533] cpsw-switch 4a100000.switch: initialized (regs 0x4a100000, pool size 256) hw_ver:0019010C 1.12 (0)
[    0.943546] debugfs: Directory '49000000.dma' with parent 'dmaengine' already present!
[    0.943586] edma 49000000.dma: TI EDMA DMA engine driver
[    0.976266] target-module@4b000000:target-module@140000:pmu@0:fck: device ID is greater than 24
[    1.009600] hw perfevents: enabled with armv7_cortex_a8 PMU driver, 5 (8000000f) counters available
[    1.010512] gpio-clk clk_mcasp0: using DT '/clk_mcasp0' for 'enable' GPIO lookup
[    1.010577] of_get_named_gpiod_flags: parsed 'enable-gpios' property of node '/clk_mcasp0[0]' - status (0)
[    1.010619] gpio gpiochip0: Persistence not supported for GPIO 27
[    1.011418] gpiochip_find_base_unlocked: found new base at 608
[    1.011530] gpio gpiochip3: (gpio-96-127): created GPIO range 0->7 ==> 44e10800.pinmux PIN 82->89
[    1.011550] gpio gpiochip3: (gpio-96-127): created GPIO range 8->11 ==> 44e10800.pinmux PIN 52->55
[    1.011566] gpio gpiochip3: (gpio-96-127): created GPIO range 12->15 ==> 44e10800.pinmux PIN 94->97
[    1.011582] gpio gpiochip3: (gpio-96-127): created GPIO range 16->17 ==> 44e10800.pinmux PIN 71->72
[    1.011598] gpio gpiochip3: (gpio-96-127): created GPIO range 18->18 ==> 44e10800.pinmux PIN 135->135
[    1.011614] gpio gpiochip3: (gpio-96-127): created GPIO range 19->20 ==> 44e10800.pinmux PIN 108->109
[    1.011631] gpio gpiochip3: (gpio-96-127): created GPIO range 21->21 ==> 44e10800.pinmux PIN 73->73
[    1.011648] gpio gpiochip3: (gpio-96-127): created GPIO range 22->23 ==> 44e10800.pinmux PIN 8->9
[    1.011666] gpio gpiochip3: (gpio-96-127): created GPIO range 26->27 ==> 44e10800.pinmux PIN 10->11
[    1.011847] gpio gpiochip3: (gpio-96-127): created GPIO range 28->28 ==> 44e10800.pinmux PIN 74->74
[    1.011872] gpio gpiochip3: (gpio-96-127): created GPIO range 29->29 ==> 44e10800.pinmux PIN 81->81
[    1.011891] gpio gpiochip3: (gpio-96-127): created GPIO range 30->31 ==> 44e10800.pinmux PIN 28->29
[    1.017476] l3-aon-clkctrl:0000:0: failed to disable
[    1.025722] gpio gpiochip3: (gpio-96-127): added GPIO chardev (254:3)
[    1.025876] gpio gpiochip3: registered GPIOs 608 to 639 on gpio-96-127
[    1.027829] omap8250 44e09000.serial: using DT '/ocp/interconnect@44c00000/segment@200000/target-module@9000/serial@0' for 'rs485-term' GPIO lookup
[    1.027900] of_get_named_gpiod_flags: can't parse 'rs485-term-gpios' property of node '/ocp/interconnect@44c00000/segment@200000/target-module@9000/serial@0[0]'
[    1.027944] of_get_named_gpiod_flags: can't parse 'rs485-term-gpio' property of node '/ocp/interconnect@44c00000/segment@200000/target-module@9000/serial@0[0]'
[    1.027982] omap8250 44e09000.serial: using lookup tables for GPIO lookup
[    1.027991] omap8250 44e09000.serial: No GPIO consumer rs485-term found
[    1.028002] omap8250 44e09000.serial: using DT '/ocp/interconnect@44c00000/segment@200000/target-module@9000/serial@0' for 'rs485-rx-during-tx' GPIO lookup
[    1.028039] of_get_named_gpiod_flags: can't parse 'rs485-rx-during-tx-gpios' property of node '/ocp/interconnect@44c00000/segment@200000/target-module@9000/serial@0[0]'
[    1.028077] of_get_named_gpiod_flags: can't parse 'rs485-rx-during-tx-gpio' property of node '/ocp/interconnect@44c00000/segment@200000/target-module@9000/serial@0[0]'
[    1.028110] omap8250 44e09000.serial: using lookup tables for GPIO lookup
[    1.028118] omap8250 44e09000.serial: No GPIO consumer rs485-rx-during-tx found
[    1.028501] 44e09000.serial: ttyS0 at MMIO 0x44e09000 (irq = 34, base_baud = 3000000) is a 8250
[    1.028587] printk: legacy console [ttyS0] enabled
[    2.483194] i2c i2c-0: using DT '/ocp/interconnect@44c00000/segment@200000/target-module@b000/i2c@0' for 'scl' GPIO lookup
[    2.483288] of_get_named_gpiod_flags: can't parse 'scl-gpios' property of node '/ocp/interconnect@44c00000/segment@200000/target-module@b000/i2c@0[0]'
[    2.483335] of_get_named_gpiod_flags: can't parse 'scl-gpio' property of node '/ocp/interconnect@44c00000/segment@200000/target-module@b000/i2c@0[0]'
[    2.483377] i2c i2c-0: using lookup tables for GPIO lookup
[    2.483392] i2c i2c-0: No GPIO consumer scl found
[    2.483418] i2c i2c-0: using DT '/ocp/interconnect@44c00000/segment@200000/target-module@b000/i2c@0' for 'sda' GPIO lookup
[    2.483459] of_get_named_gpiod_flags: can't parse 'sda-gpios' property of node '/ocp/interconnect@44c00000/segment@200000/target-module@b000/i2c@0[0]'
[    2.483502] of_get_named_gpiod_flags: can't parse 'sda-gpio' property of node '/ocp/interconnect@44c00000/segment@200000/target-module@b000/i2c@0[0]'
[    2.483540] i2c i2c-0: using lookup tables for GPIO lookup
[    2.483551] i2c i2c-0: No GPIO consumer sda found
[    2.502727] tps65217-pmic: Failed to locate of_node [id: -1]
[    2.508794] tps65217-bl: Failed to locate of_node [id: -1]
[    2.520402] tps65217 0-0024: TPS65217 ID 0xe version 1.2
[    2.526542] /ocp/interconnect@48000000/segment@300000/target-module@e000/lcdc@0: Fixed dependency cycle(s) with /ocp/interconnect@44c00000/segment@200000/target-module@b000/i2c@0/tda19988@70
[    2.543935] /ocp/interconnect@44c00000/segment@200000/target-module@b000/i2c@0/tda19988@70: Fixed dependency cycle(s) with /ocp/interconnect@48000000/segment@300000/target-module@e000/lcdc@0
[    2.561314] omap_i2c 44e0b000.i2c: bus 0 rev0.11 at 400 kHz
[    2.569177] sdhci-omap 48060000.mmc: using DT '/ocp/interconnect@48000000/segment@0/target-module@60000/mmc@0' for 'cd' GPIO lookup
[    2.569287] of_get_named_gpiod_flags: parsed 'cd-gpios' property of node '/ocp/interconnect@48000000/segment@0/target-module@60000/mmc@0[0]' - status (0)
[    2.569356] gpio gpiochip3: Persistence not supported for GPIO 6
[    2.569383] omap_gpio 44e07000.gpio: Could not set line 6 debounce to 200000 microseconds (-22)
[    2.578280] sdhci-omap 48060000.mmc: Got CD GPIO
[    2.582964] sdhci-omap 48060000.mmc: using DT '/ocp/interconnect@48000000/segment@0/target-module@60000/mmc@0' for 'wp' GPIO lookup
[    2.583015] of_get_named_gpiod_flags: can't parse 'wp-gpios' property of node '/ocp/interconnect@48000000/segment@0/target-module@60000/mmc@0[0]'
[    2.583061] of_get_named_gpiod_flags: can't parse 'wp-gpio' property of node '/ocp/interconnect@48000000/segment@0/target-module@60000/mmc@0[0]'
[    2.583102] sdhci-omap 48060000.mmc: using lookup tables for GPIO lookup
[    2.583117] sdhci-omap 48060000.mmc: No GPIO consumer wp found
[    2.583326] sdhci-omap 48060000.mmc: supply pbias not found, using dummy regulator
[    2.592154] sdhci-omap 481d8000.mmc: using DT '/ocp/interconnect@48000000/segment@100000/target-module@d8000/mmc@0' for 'wp' GPIO lookup
[    2.592228] of_get_named_gpiod_flags: can't parse 'wp-gpios' property of node '/ocp/interconnect@48000000/segment@100000/target-module@d8000/mmc@0[0]'
[    2.592276] of_get_named_gpiod_flags: can't parse 'wp-gpio' property of node '/ocp/interconnect@48000000/segment@100000/target-module@d8000/mmc@0[0]'
[    2.592317] sdhci-omap 481d8000.mmc: using lookup tables for GPIO lookup
[    2.592331] sdhci-omap 481d8000.mmc: No GPIO consumer wp found
[    2.593429] sdhci-omap 48060000.mmc: supply vqmmc not found, using dummy regulator
[    2.602503] sdhci-omap 481d8000.mmc: supply pbias not found, using dummy regulator
[    2.610508] sdhci-omap 481d8000.mmc: supply vqmmc not found, using dummy regulator
[    2.649573] mmc1: SDHCI controller on 481d8000.mmc [481d8000.mmc] using External DMA
[    2.658842] mmc0: SDHCI controller on 48060000.mmc [48060000.mmc] using External DMA
[    2.667610] cpsw-switch 4a100000.switch: starting ndev. mode: dual_mac
[    2.710929] mmc0: new high speed SDHC card at address 5048
[    2.718041] mmcblk0: mmc0:5048 SD16G 14.4 GiB
[    2.726261]  mmcblk0: p1 p2
[    2.729675] mmcblk0: p2 size 31221760 extends beyond EOD, truncated
[    2.742964] SMSC LAN8710/LAN8720 4a101000.mdio:00: attached PHY driver (mii_bus:phy_addr=4a101000.mdio:00, irq=POLL)
[    2.760025] mmc1: new high speed MMC card at address 0001
[    2.767056] mmcblk1: mmc1:0001 MMC04G 3.60 GiB
[    2.774564]  mmcblk1: p1 p2
[    2.778828] mmcblk1boot0: mmc1:0001 MMC04G 2.00 MiB
[    2.786268] mmcblk1boot1: mmc1:0001 MMC04G 2.00 MiB
[    2.793848] mmcblk1rpmb: mmc1:0001 MMC04G 128 KiB, chardev (250:0)
[    5.922483] cpsw-switch 4a100000.switch eth0: Link is Up - 100Mbps/Full - flow control off
[    5.951733] IP-Config: Complete:
[    5.955005]      device=eth0, hwaddr=6c:ec:eb:68:de:78, ipaddr=192.168.255.1, mask=255.255.255.0, gw=255.255.255.255
[    5.965649]      host=bbb1, domain=, nis-domain=(none)
[    5.970818]      bootserver=192.168.255.126, rootserver=192.168.255.126, rootpath=
[    5.971236] clk: Disabling unused clocks
[    5.983114] PM: genpd: Disabling unused power domains
[    5.988238] KTAP version 1
[    5.990961] 1..0
[    6.026708] VFS: Mounted root (nfs filesystem) on device 0:17.
[    6.033939] devtmpfs: mounted
[    6.038609] Freeing unused kernel image (initmem) memory: 1024K
[    6.045464] Run /sbin/init as init process
[    6.049603]   with arguments:
[    6.049616]     /sbin/init
[    6.049626]     nfsrootdebug
[    6.049636]   with environment:
[    6.049645]     HOME=/
[    6.049654]     TERM=linux
[    6.765614] systemd[1]: System time before build time, advancing clock.
[    8.211736] random: crng init done
[    8.253918] systemd[1]: systemd 232 running in system mode. (+PAM +AUDIT +SELINUX +IMA +APPARMOR +SMACK +SYSVINIT +UTMP +LIBCRYPTSETUP +GCRYPT +GNUTLS +ACL +XZ +LZ4 +SECCOMP +BLKID +ELFUTILS +KMOD +IDN)
[    8.272976] systemd[1]: Detected architecture arm.
[    8.304921] systemd[1]: Set hostname to <arm>.
[    9.411241] systemd[1]: Listening on Syslog Socket.
[    9.432625] systemd[1]: Listening on Journal Socket.
[    9.462665] systemd[1]: Started Dispatch Password Requests to Console Directory Watch.
[    9.492156] systemd[1]: Reached target Remote File Systems.
[    9.523434] systemd[1]: Set up automount Arbitrary Executable File Formats File System Automount Point.
[    9.552115] systemd[1]: Reached target Swap.
[    9.573281] systemd[1]: Created slice User and Session Slice.
[   11.845915] systemd-journald[89]: Received request to flush runtime journal from PID 1
[   14.370632] leds-gpio leds: using DT '/leds/led2' for '(default)' GPIO lookup
[   14.370740] of_get_named_gpiod_flags: parsed 'gpios' property of node '/leds/led2[0]' - status (0)
[   14.370798] gpio gpiochip0: Persistence not supported for GPIO 21
[   14.370814] gpio-533 (?): no flags found for GPIO (default)
[   14.410869] leds-gpio leds: using DT '/leds/led3' for '(default)' GPIO lookup
[   14.410978] of_get_named_gpiod_flags: parsed 'gpios' property of node '/leds/led3[0]' - status (0)
[   14.411034] gpio gpiochip0: Persistence not supported for GPIO 22
[   14.411051] gpio-534 (?): no flags found for GPIO (default)
[   14.423735] leds-gpio leds: using DT '/leds/led4' for '(default)' GPIO lookup
[   14.423979] of_get_named_gpiod_flags: parsed 'gpios' property of node '/leds/led4[0]' - status (0)
[   14.424041] gpio gpiochip0: Persistence not supported for GPIO 23
[   14.424057] gpio-535 (?): no flags found for GPIO (default)
[   14.452386] leds-gpio leds: using DT '/leds/led5' for '(default)' GPIO lookup
[   14.452491] of_get_named_gpiod_flags: parsed 'gpios' property of node '/leds/led5[0]' - status (0)
[   14.452545] gpio gpiochip0: Persistence not supported for GPIO 24
[   14.452562] gpio-536 (?): no flags found for GPIO (default)
[   14.815448] remoteproc remoteproc0: wkup_m3 is available
[   14.925438] omap_rtc 44e3e000.rtc: registered as rtc0
[   14.930670] omap_rtc 44e3e000.rtc: setting system clock to 2000-01-01T00:00:00 UTC (946684800)
[   14.939573] omap_rtc 44e3e000.rtc: using DT '/ocp/interconnect@44c00000/segment@200000/target-module@3e000/rtc@0' for 'wp' GPIO lookup
[   14.939649] of_get_named_gpiod_flags: can't parse 'wp-gpios' property of node '/ocp/interconnect@44c00000/segment@200000/target-module@3e000/rtc@0[0]'
[   14.939701] of_get_named_gpiod_flags: can't parse 'wp-gpio' property of node '/ocp/interconnect@44c00000/segment@200000/target-module@3e000/rtc@0[0]'
[   14.939744] omap_rtc 44e3e000.rtc: using lookup tables for GPIO lookup
[   14.939760] omap_rtc 44e3e000.rtc: No GPIO consumer wp found
[   15.053471] omap_wdt: OMAP Watchdog Timer Rev 0x01: initial timeout 60 sec
[   15.199390] at24 2-0054: supply vcc not found, using dummy regulator
[   15.266543] am335x-phy-driver 47401300.usb-phy: using DT '/ocp/target-module@47400000/usb-phy@1300' for 'reset' GPIO lookup
[   15.266641] of_get_named_gpiod_flags: can't parse 'reset-gpios' property of node '/ocp/target-module@47400000/usb-phy@1300[0]'
[   15.266690] of_get_named_gpiod_flags: can't parse 'reset-gpio' property of node '/ocp/target-module@47400000/usb-phy@1300[0]'
[   15.266731] am335x-phy-driver 47401300.usb-phy: using lookup tables for GPIO lookup
[   15.266747] am335x-phy-driver 47401300.usb-phy: No GPIO consumer reset found
[   15.266763] am335x-phy-driver 47401300.usb-phy: using DT '/ocp/target-module@47400000/usb-phy@1300' for 'vbus-detect' GPIO lookup
[   15.266796] of_get_named_gpiod_flags: can't parse 'vbus-detect-gpios' property of node '/ocp/target-module@47400000/usb-phy@1300[0]'
[   15.266831] of_get_named_gpiod_flags: can't parse 'vbus-detect-gpio' property of node '/ocp/target-module@47400000/usb-phy@1300[0]'
[   15.266858] am335x-phy-driver 47401300.usb-phy: using lookup tables for GPIO lookup
[   15.266871] am335x-phy-driver 47401300.usb-phy: No GPIO consumer vbus-detect found
[   15.267021] am335x-phy-driver 47401300.usb-phy: dummy supplies not allowed for exclusive requests (id=vbus)
[   15.336625] at24 2-0055: supply vcc not found, using dummy regulator
[   15.423458] tps6521x_pwrbutton tps65217-pwrbutton: DMA mask not set
[   15.454208] at24 2-0056: supply vcc not found, using dummy regulator
[   15.573809] input: tps65217_pwrbutton as /devices/platform/ocp/44c00000.interconnect/44c00000.interconnect:segment@200000/44e0b000.target-module/44e0b000.i2c/i2c-0/0-0024/tps65217-pwrbutton/input/input0
[   15.593159] at24 2-0057: supply vcc not found, using dummy regulator
[   15.604380] am335x-phy-driver 47401b00.usb-phy: using DT '/ocp/target-module@47400000/usb-phy@1b00' for 'reset' GPIO lookup
[   15.604527] of_get_named_gpiod_flags: can't parse 'reset-gpios' property of node '/ocp/target-module@47400000/usb-phy@1b00[0]'
[   15.604628] of_get_named_gpiod_flags: can't parse 'reset-gpio' property of node '/ocp/target-module@47400000/usb-phy@1b00[0]'
[   15.604671] am335x-phy-driver 47401b00.usb-phy: using lookup tables for GPIO lookup
[   15.604687] am335x-phy-driver 47401b00.usb-phy: No GPIO consumer reset found
[   15.604703] am335x-phy-driver 47401b00.usb-phy: using DT '/ocp/target-module@47400000/usb-phy@1b00' for 'vbus-detect' GPIO lookup
[   15.604736] of_get_named_gpiod_flags: can't parse 'vbus-detect-gpios' property of node '/ocp/target-module@47400000/usb-phy@1b00[0]'
[   15.604770] of_get_named_gpiod_flags: can't parse 'vbus-detect-gpio' property of node '/ocp/target-module@47400000/usb-phy@1b00[0]'
[   15.604798] am335x-phy-driver 47401b00.usb-phy: using lookup tables for GPIO lookup
[   15.604810] am335x-phy-driver 47401b00.usb-phy: No GPIO consumer vbus-detect found
[   15.604960] am335x-phy-driver 47401b00.usb-phy: dummy supplies not allowed for exclusive requests (id=vbus)
[   15.673045] at24 0-0050: using DT '/ocp/interconnect@44c00000/segment@200000/target-module@b000/i2c@0/eeprom@50' for 'wp' GPIO lookup
[   15.673155] of_get_named_gpiod_flags: can't parse 'wp-gpios' property of node '/ocp/interconnect@44c00000/segment@200000/target-module@b000/i2c@0/eeprom@50[0]'
[   15.673468] of_get_named_gpiod_flags: can't parse 'wp-gpio' property of node '/ocp/interconnect@44c00000/segment@200000/target-module@b000/i2c@0/eeprom@50[0]'
[   15.673528] at24 0-0050: using lookup tables for GPIO lookup
[   15.673543] at24 0-0050: No GPIO consumer wp found
[   15.673856] at24 0-0050: 32768 byte 24c256 EEPROM, writable, 1 bytes/write
[   16.099553] wkup_m3_ipc 44e11324.wkup_m3_ipc: IPC Request for A8->M3 Channel failed! -517
[   16.664309] usbcore: registered new interface driver usbfs
[   16.669971] usbcore: registered new interface driver hub
[   16.675668] usbcore: registered new device driver usb
[   17.323096] tda998x 0-0070: found TDA19988
[   17.395313] omap-mailbox 480c8000.mailbox: omap mailbox rev 0x400
[   17.486904] remoteproc remoteproc0: powering up wkup_m3
[   17.663893] musb-hdrc musb-hdrc.1: MUSB HDRC host driver
[   17.669313] musb-hdrc musb-hdrc.1: new USB bus registered, assigned bus number 1
[   17.844809] remoteproc remoteproc0: Direct firmware load for am335x-pm-firmware.elf failed with error -2
[   17.855873] remoteproc remoteproc0: request_firmware failed: -2
[   17.862697] wkup_m3_ipc 44e11324.wkup_m3_ipc: rproc_boot failed
[   17.928183] usb usb1: New USB device found, idVendor=1d6b, idProduct=0002, bcdDevice= 6.13
[   17.936685] usb usb1: New USB device strings: Mfr=3, Product=2, SerialNumber=1
[   17.944036] usb usb1: Product: MUSB HDRC host driver
[   17.949033] usb usb1: Manufacturer: Linux 6.13.0-rc2-next-20241212 musb-hcd
[   17.956078] usb usb1: SerialNumber: musb-hdrc.1
[   18.507810] hub 1-0:1.0: USB hub found
[   18.511923] hub 1-0:1.0: 1 port detected
[   20.471946] omap_rng 48310000.rng: Random Number Generator ver. 20
[   20.705365] tilcdc 4830e000.lcdc: bound 0-0070 (ops tda998x_driver_exit [tda998x])
[   20.813572] [drm] Initialized tilcdc 1.0.0 for 4830e000.lcdc on minor 0
[   20.883121] tilcdc 4830e000.lcdc: [drm] Cannot find any crtc or sizes
[   20.891348] tilcdc 4830e000.lcdc: [drm] Cannot find any crtc or sizes
[   21.609487] PM: Cannot get wkup_m3_ipc handle
[   21.656259] omap-sham 53100000.sham: hw accel on OMAP rev 4.3
[   21.776673] omap-sham 53100000.sham: will run requests pump with realtime priority
[   21.796275] PM: Cannot get wkup_m3_ipc handle
[   21.885796] omap-aes 53500000.aes: OMAP AES hw accel rev: 3.2
[   21.995293] omap-aes 53500000.aes: will run requests pump with realtime priority
[   22.003968] PM: Cannot get wkup_m3_ipc handle
[   23.714547] Bluetooth: Core ver 2.22
[   23.718368] NET: Registered PF_BLUETOOTH protocol family
[   23.723894] Bluetooth: HCI device and connection manager initialized
[   23.730315] Bluetooth: HCI socket layer initialized
[   23.735317] Bluetooth: L2CAP socket layer initialized
[   23.740438] Bluetooth: SCO socket layer initialized
[   25.298535] PM: Cannot get wkup_m3_ipc handle
[   25.304570] asoc-simple-card sound: using DT '/sound' for 'simple-audio-card,hp-det' GPIO lookup
[   25.304648] of_get_named_gpiod_flags: can't parse 'simple-audio-card,hp-det-gpios' property of node '/sound[0]'
[   25.304686] of_get_named_gpiod_flags: can't parse 'simple-audio-card,hp-det-gpio' property of node '/sound[0]'
[   25.304713] asoc-simple-card sound: using lookup tables for GPIO lookup
[   25.304727] asoc-simple-card sound: No GPIO consumer simple-audio-card,hp-det found
[   25.304743] asoc-simple-card sound: using DT '/sound' for 'simple-audio-card,mic-det' GPIO lookup
[   25.304769] of_get_named_gpiod_flags: can't parse 'simple-audio-card,mic-det-gpios' property of node '/sound[0]'
[   25.304797] of_get_named_gpiod_flags: can't parse 'simple-audio-card,mic-det-gpio' property of node '/sound[0]'
[   25.304818] asoc-simple-card sound: using lookup tables for GPIO lookup
[   25.304830] asoc-simple-card sound: No GPIO consumer simple-audio-card,mic-det found
[   25.409422] PM: Cannot get wkup_m3_ipc handle
[   27.849578] userial_init: registered 8 ttyGS* devices
[   28.215172] rndis_register: configNr = 0
[   28.328974] udc musb-hdrc.0: binding gadget driver [g_multi]
[   28.329074] configfs-gadget.g_multi gadget.0: adding 'rndis'/80dda6f2 to config 'c'/aa5d0762
[   28.330246] configfs-gadget.g_multi gadget.0: HOST MAC 1c:ba:8c:a2:ed:6c
[   28.337325] configfs-gadget.g_multi gadget.0: MAC 1c:ba:8c:a2:ed:70
[   28.343772] rndis_set_param_medium: 0 0
[   28.343796] configfs-gadget.g_multi gadget.0: RNDIS: IN/ep1in OUT/ep1out NOTIFY/ep2in
[   28.343815] configfs-gadget.g_multi gadget.0: adding 'cdc_ethernet'/2e969ad7 to config 'c'/aa5d0762
[   28.344832] configfs-gadget.g_multi gadget.0: HOST MAC 1c:ba:8c:a2:ed:6c
[   28.351598] configfs-gadget.g_multi gadget.0: MAC 1c:ba:8c:a2:ed:6d
[   28.358040] configfs-gadget.g_multi gadget.0: CDC Ethernet: IN/ep3in OUT/ep2out NOTIFY/ep4in
[   28.358062] configfs-gadget.g_multi gadget.0: adding 'acm'/500428ef to config 'c'/aa5d0762
[   28.358099] configfs-gadget.g_multi gadget.0: acm ttyGS0: IN/ep5in OUT/ep3out NOTIFY/ep6in
[   28.360350] PM: Cannot get wkup_m3_ipc handle
[   29.635933] configfs-gadget.g_multi gadget.0: eth_open
[   31.090880] configfs-gadget.g_multi gadget.0: stop stats: rx/tx 0/0, errs 0/0
[   35.026937] gs_open: ttyGS0 (3073aeb1,b27aec80)
[   35.027102] gs_close: ttyGS0 (3073aeb1,b27aec80) ...
[   35.027128] gs_close: ttyGS0 (3073aeb1,b27aec80) done!
[   35.045028] gs_open: ttyGS0 (3073aeb1,74309445)
[   35.045160] gs_close: ttyGS0 (3073aeb1,74309445) ...
[   35.045182] gs_close: ttyGS0 (3073aeb1,74309445) done!
[   35.247104] gs_open: ttyGS0 (3073aeb1,68b3edeb)
[   35.247335] gs_close: ttyGS0 (3073aeb1,68b3edeb) ...
[   35.247365] gs_close: ttyGS0 (3073aeb1,68b3edeb) done!
[   35.247723] gs_open: ttyGS0 (3073aeb1,68b3edeb)
BVKWGWHZWK 0
root@arm:~# echo 'PUQX''AZQNYB'
PUQXAZQNYB
root@arm:~# MARKER='VWFG''AZTNBE' run 'modprobe test_linear_ranges'
VWFGAZTNBEVWFGAZTNBE 0
root@arm:~# echo 'VNSZ''TJUCYK'
VNSZTJUCYK
root@arm:~# MARKER='HTJX''JATFWW' run dmesg
HTJXJATFWW[    0.000000] Booting Linux on physical CPU 0x0
[    0.000000] Linux version 6.13.0-rc2-next-20241212 (user01@drvtest01) (arm-linux-gnueabihf-gcc (Linaro GCC 6.4-2017.11) 6.4.1 20171012, GNU ld (Linaro_Binutils-2017.11) 2.27.0.20161229) #155 SMP Thu Dec 12 07:19:34 EET 2024
[    0.000000] CPU: ARMv7 Processor [413fc082] revision 2 (ARMv7), cr=10c5387d
[    0.000000] CPU: PIPT / VIPT nonaliasing data cache, VIPT aliasing instruction cache
[    0.000000] OF: fdt: Machine model: TI AM335x BeagleBone Black
[    0.000000] Memory policy: Data cache writeback
[    0.000000] cma: Reserved 16 MiB at 0x9e800000 on node -1
[    0.000000] Zone ranges:
[    0.000000]   Normal   [mem 0x0000000080000000-0x000000009fdfffff]
[    0.000000]   HighMem  empty
[    0.000000] Movable zone start for each node
[    0.000000] Early memory node ranges
[    0.000000]   node   0: [mem 0x0000000080000000-0x000000009fdfffff]
[    0.000000] Initmem setup node 0 [mem 0x0000000080000000-0x000000009fdfffff]
[    0.000000] OF: reserved mem: Reserved memory: No reserved-memory node in the DT
[    0.000000] CPU: All CPU(s) started in SVC mode.
[    0.000000] AM335X ES2.1 (sgx neon)
[    0.000000] percpu: Embedded 17 pages/cpu s39628 r8192 d21812 u69632
[    0.000000] pcpu-alloc: s39628 r8192 d21812 u69632 alloc=17*4096
[    0.000000] pcpu-alloc: [0] 0 
[    0.000000] Kernel command line: console=ttyO0,115200n8 root=/dev/nfs rw nfsroot=192.168.255.126:/home/user01/nfs,nfsvers=3 ip=192.168.255.1:192.168.255.126::255.255.255.0:bbb1:eth0 nfsrootdebug
[    0.000000] Unknown kernel command line parameters "nfsrootdebug", will be passed to user space.
[    0.000000] printk: log buffer data + meta data: 65536 + 204800 = 270336 bytes
[    0.000000] Dentry cache hash table entries: 65536 (order: 6, 262144 bytes, linear)
[    0.000000] Inode-cache hash table entries: 32768 (order: 5, 131072 bytes, linear)
[    0.000000] Built 1 zonelists, mobility grouping on.  Total pages: 130560
[    0.000000] mem auto-init: stack:off, heap alloc:off, heap free:off
[    0.000000] SLUB: HWalign=64, Order=0-3, MinObjects=0, CPUs=1, Nodes=1
[    0.000000] trace event string verifier disabled
[    0.000000] rcu: Hierarchical RCU implementation.
[    0.000000] rcu: 	RCU event tracing is enabled.
[    0.000000] rcu: 	RCU restricting CPUs from NR_CPUS=2 to nr_cpu_ids=1.
[    0.000000] 	Tracing variant of Tasks RCU enabled.
[    0.000000] rcu: RCU calculated value of scheduler-enlistment delay is 10 jiffies.
[    0.000000] rcu: Adjusting geometry for rcu_fanout_leaf=16, nr_cpu_ids=1
[    0.000000] RCU Tasks Trace: Setting shift to 0 and lim to 1 rcu_task_cb_adjust=1 rcu_task_cpu_ids=1.
[    0.000000] NR_IRQS: 16, nr_irqs: 16, preallocated irqs: 16
[    0.000000] IRQ: Found an INTC at 0x(ptrval) (revision 5.0) with 128 interrupts
[    0.000000] rcu: srcu_init: Setting srcu_struct sizes based on contention.
[    0.000000] TI gptimer clocksource: always-on /ocp/interconnect@44c00000/segment@200000/target-module@31000
[    0.000003] sched_clock: 32 bits at 24MHz, resolution 41ns, wraps every 89478484971ns
[    0.000028] clocksource: dmtimer: mask: 0xffffffff max_cycles: 0xffffffff, max_idle_ns: 79635851949 ns
[    0.000505] TI gptimer clockevent: 24000000 Hz at /ocp/interconnect@48000000/segment@0/target-module@40000
[    0.002156] Console: colour dummy device 80x30
[    0.002222] WARNING: Your 'console=ttyO0' has been replaced by 'ttyS0'
[    0.002230] This ensures that you still see kernel messages. Please
[    0.002235] update your kernel commandline.
[    0.002275] Calibrating delay loop... 996.14 BogoMIPS (lpj=4980736)
[    0.090554] CPU: Testing write buffer coherency: ok
[    0.090678] CPU0: Spectre v2: using BPIALL workaround
[    0.090689] pid_max: default: 32768 minimum: 301
[    0.090806] LSM: initializing lsm=capability
[    0.090981] Mount-cache hash table entries: 1024 (order: 0, 4096 bytes, linear)
[    0.091001] Mountpoint-cache hash table entries: 1024 (order: 0, 4096 bytes, linear)
[    0.092679] CPU0: thread -1, cpu 0, socket -1, mpidr 0
[    0.160921] Setting up static identity map for 0x80100000 - 0x80100078
[    0.170703] rcu: Hierarchical SRCU implementation.
[    0.170716] rcu: 	Max phase no-delay instances is 1000.
[    0.190757] smp: Bringing up secondary CPUs ...
[    0.190819] smp: Brought up 1 node, 1 CPU
[    0.190836] SMP: Total of 1 processors activated (996.14 BogoMIPS).
[    0.190849] CPU: All CPU(s) started in SVC mode.
[    0.191019] Memory: 480840K/522240K available (11264K kernel code, 1215K rwdata, 2900K rodata, 1024K init, 295K bss, 23388K reserved, 16384K cma-reserved, 0K highmem)
[    0.191867] devtmpfs: initialized
[    0.208705] VFP support v0.3: implementor 41 architecture 3 part 30 variant c rev 3
[    0.209059] clocksource: jiffies: mask: 0xffffffff max_cycles: 0xffffffff, max_idle_ns: 19112604462750000 ns
[    0.209095] futex hash table entries: 256 (order: 2, 16384 bytes, linear)
[    0.210374] pinctrl core: initialized pinctrl subsystem
[    0.213428] NET: Registered PF_NETLINK/PF_ROUTE protocol family
[    0.216228] DMA: preallocated 256 KiB pool for atomic coherent allocations
[    0.217148] audit: initializing netlink subsys (disabled)
[    0.218609] thermal_sys: Registered thermal governor 'fair_share'
[    0.218627] thermal_sys: Registered thermal governor 'step_wise'
[    0.218636] thermal_sys: Registered thermal governor 'user_space'
[    0.218793] audit: type=2000 audit(0.210:1): state=initialized audit_enabled=0 res=1
[    0.218832] cpuidle: using governor menu
[    0.237181] /ocp/interconnect@44c00000/segment@200000/target-module@b000/i2c@0/tda19988@70: Fixed dependency cycle(s) with /ocp/interconnect@48000000/segment@300000/target-module@e000/lcdc@0
[    0.238360] /ocp/interconnect@48000000/segment@300000/target-module@e000/lcdc@0: Fixed dependency cycle(s) with /ocp/interconnect@44c00000/segment@200000/target-module@b000/i2c@0/tda19988@70
[    0.240716] No ATAGs?
[    0.240738] hw-breakpoint: debug architecture 0x4 unsupported.
[    0.243579] kprobes: kprobe jump-optimization is enabled. All kprobes are optimized if possible.
[    0.254231] iommu: Default domain type: Translated
[    0.254254] iommu: DMA domain TLB invalidation policy: strict mode
[    0.255928] reg-fixed-voltage fixedregulator0: using DT '/fixedregulator0' for '(default)' GPIO lookup
[    0.255983] of_get_named_gpiod_flags: can't parse 'gpios' property of node '/fixedregulator0[0]'
[    0.256013] of_get_named_gpiod_flags: can't parse 'gpio' property of node '/fixedregulator0[0]'
[    0.256032] reg-fixed-voltage fixedregulator0: using lookup tables for GPIO lookup
[    0.256042] reg-fixed-voltage fixedregulator0: No GPIO consumer (default) found
[    0.261966] SCSI subsystem initialized
[    0.262475] libata version 3.00 loaded.
[    0.262848] pps_core: LinuxPPS API ver. 1 registered
[    0.262860] pps_core: Software ver. 5.3.6 - Copyright 2005-2007 Rodolfo Giometti <giometti@linux.it>
[    0.262884] PTP clock support registered
[    0.271291] vgaarb: loaded
[    0.271711] clocksource: Switched to clocksource dmtimer
[    0.272375] VFS: Disk quotas dquot_6.6.0
[    0.272417] VFS: Dquot-cache hash table entries: 1024 (order 0, 4096 bytes)
[    0.297786] NET: Registered PF_INET protocol family
[    0.298150] IP idents hash table entries: 8192 (order: 4, 65536 bytes, linear)
[    0.299584] tcp_listen_portaddr_hash hash table entries: 512 (order: 0, 4096 bytes, linear)
[    0.299624] Table-perturb hash table entries: 65536 (order: 6, 262144 bytes, linear)
[    0.299642] TCP established hash table entries: 4096 (order: 2, 16384 bytes, linear)
[    0.299685] TCP bind hash table entries: 4096 (order: 4, 65536 bytes, linear)
[    0.299784] TCP: Hash tables configured (established 4096 bind 4096)
[    0.299905] UDP hash table entries: 256 (order: 1, 14336 bytes, linear)
[    0.299942] UDP-Lite hash table entries: 256 (order: 1, 14336 bytes, linear)
[    0.300119] NET: Registered PF_UNIX/PF_LOCAL protocol family
[    0.312544] RPC: Registered named UNIX socket transport module.
[    0.312568] RPC: Registered udp transport module.
[    0.312574] RPC: Registered tcp transport module.
[    0.312579] RPC: Registered tcp-with-tls transport module.
[    0.312584] RPC: Registered tcp NFSv4.1 backchannel transport module.
[    0.312611] PCI: CLS 0 bytes, default 64
[    0.314119] Initialise system trusted keyrings
[    0.314903] workingset: timestamp_bits=14 max_order=17 bucket_order=3
[    0.316591] NFS: Registering the id_resolver key type
[    0.316684] Key type id_resolver registered
[    0.316692] Key type id_legacy registered
[    0.316743] jffs2: version 2.2. (NAND) (SUMMARY)  Â© 2001-2006 Red Hat, Inc.
[    0.317140] Key type asymmetric registered
[    0.317155] Asymmetric key parser 'x509' registered
[    0.317224] io scheduler mq-deadline registered
[    0.317234] io scheduler kyber registered
[    0.317304] io scheduler bfq registered
[    0.318954] ledtrig-cpu: registered to indicate activity on CPUs
[    0.332561] Serial: 8250/16550 driver, 6 ports, IRQ sharing enabled
[    0.376218] brd: module loaded
[    0.396957] loop: module loaded
[    0.397898] mtdoops: mtd device (mtddev=name/number) must be supplied
[    0.399673] mdio_bus fixed-0: using lookup tables for GPIO lookup
[    0.399699] mdio_bus fixed-0: No GPIO consumer reset found
[    0.401070] i2c_dev: i2c /dev entries driver
[    0.402256] cpuidle: enable-method property 'ti,am3352' found operations
[    0.402737] sdhci: Secure Digital Host Controller Interface driver
[    0.402747] sdhci: Copyright(c) Pierre Ossman
[    0.402919] sdhci-pltfm: SDHCI platform and OF driver helper
[    0.403962] Initializing XFRM netlink socket
[    0.404114] NET: Registered PF_INET6 protocol family
[    0.414125] Segment Routing with IPv6
[    0.414221] In-situ OAM (IOAM) with IPv6
[    0.414319] sit: IPv6, IPv4 and MPLS over IPv4 tunneling driver
[    0.415300] NET: Registered PF_PACKET protocol family
[    0.415334] NET: Registered PF_KEY protocol family
[    0.415474] Key type dns_resolver registered
[    0.415753] ThumbEE CPU extension supported.
[    0.415772] Registering SWP/SWPB emulation handler
[    0.416316] omap_voltage_late_init: Voltage driver support not added
[    0.416691] SmartReflex Class3 initialized
[    0.443239] Loading compiled-in X.509 certificates
[    0.491970] /ocp/interconnect@44c00000/segment@200000/target-module@b000/i2c@0/tda19988@70: Fixed dependency cycle(s) with /ocp/interconnect@48000000/segment@300000/target-module@e000/lcdc@0
[    0.498404] /ocp/interconnect@44c00000/segment@200000/target-module@b000/i2c@0/tda19988@70: Fixed dependency cycle(s) with /ocp/interconnect@48000000/segment@300000/target-module@e000/lcdc@0
[    0.504154] gpiochip_find_base_unlocked: found new base at 512
[    0.528232] /ocp/interconnect@44c00000/segment@200000/target-module@b000/i2c@0/tda19988@70: Fixed dependency cycle(s) with /ocp/interconnect@48000000/segment@300000/target-module@e000/lcdc@0
[    0.529139] /ocp/interconnect@44c00000/segment@200000/target-module@b000/i2c@0/tda19988@70: Fixed dependency cycle(s) with /ocp/interconnect@48000000/segment@300000/target-module@e000/lcdc@0
[    0.532823] /ocp/interconnect@44c00000/segment@200000/target-module@10000/scm@0/pinmux@800: Fixed dependency cycle(s) with /ocp/interconnect@44c00000/segment@200000/target-module@10000/scm@0/pinmux@800/clkout2-pins
[    0.533412] pinctrl-single 44e10800.pinmux: 142 pins, size 568
[    0.538791] ti-sysc 44e31000.target-module: probe with driver ti-sysc failed with error -16
[    0.570626] /ocp/interconnect@48000000/segment@300000/target-module@e000/lcdc@0: Fixed dependency cycle(s) with /ocp/interconnect@44c00000/segment@200000/target-module@b000/i2c@0/tda19988@70
[    0.578707] ti-sysc 48040000.target-module: probe with driver ti-sysc failed with error -16
[    0.590096] gpiochip_find_base_unlocked: found new base at 512
[    0.590199] gpio gpiochip0: (gpio-0-31): created GPIO range 0->7 ==> 44e10800.pinmux PIN 0->7
[    0.590219] gpio gpiochip0: (gpio-0-31): created GPIO range 8->11 ==> 44e10800.pinmux PIN 90->93
[    0.590235] gpio gpiochip0: (gpio-0-31): created GPIO range 12->27 ==> 44e10800.pinmux PIN 12->27
[    0.590251] gpio gpiochip0: (gpio-0-31): created GPIO range 28->31 ==> 44e10800.pinmux PIN 30->33
[    0.617622] gpio gpiochip0: (gpio-0-31): added GPIO chardev (254:0)
[    0.617771] gpio gpiochip0: registered GPIOs 512 to 543 on gpio-0-31
[    0.617859] OMAP GPIO hardware version 0.1
[    0.644912] i2c i2c-2: using DT '/ocp/interconnect@48000000/segment@100000/target-module@9c000/i2c@0' for 'scl' GPIO lookup
[    0.644986] of_get_named_gpiod_flags: can't parse 'scl-gpios' property of node '/ocp/interconnect@48000000/segment@100000/target-module@9c000/i2c@0[0]'
[    0.645030] of_get_named_gpiod_flags: can't parse 'scl-gpio' property of node '/ocp/interconnect@48000000/segment@100000/target-module@9c000/i2c@0[0]'
[    0.645067] i2c i2c-2: using lookup tables for GPIO lookup
[    0.645077] i2c i2c-2: No GPIO consumer scl found
[    0.645099] i2c i2c-2: using DT '/ocp/interconnect@48000000/segment@100000/target-module@9c000/i2c@0' for 'sda' GPIO lookup
[    0.645136] of_get_named_gpiod_flags: can't parse 'sda-gpios' property of node '/ocp/interconnect@48000000/segment@100000/target-module@9c000/i2c@0[0]'
[    0.645175] of_get_named_gpiod_flags: can't parse 'sda-gpio' property of node '/ocp/interconnect@48000000/segment@100000/target-module@9c000/i2c@0[0]'
[    0.645207] i2c i2c-2: using lookup tables for GPIO lookup
[    0.645215] i2c i2c-2: No GPIO consumer sda found
[    0.645942] omap_i2c 4819c000.i2c: bus 2 rev0.11 at 100 kHz
[    0.651369] gpiochip_find_base_unlocked: found new base at 544
[    0.651471] gpio gpiochip1: (gpio-32-63): created GPIO range 0->17 ==> 44e10800.pinmux PIN 34->51
[    0.651493] gpio gpiochip1: (gpio-32-63): created GPIO range 18->21 ==> 44e10800.pinmux PIN 77->80
[    0.651509] gpio gpiochip1: (gpio-32-63): created GPIO range 22->31 ==> 44e10800.pinmux PIN 56->65
[    0.662695] gpio gpiochip1: (gpio-32-63): added GPIO chardev (254:1)
[    0.662852] gpio gpiochip1: registered GPIOs 544 to 575 on gpio-32-63
[    0.665134] gpiochip_find_base_unlocked: found new base at 576
[    0.665228] gpio gpiochip2: (gpio-64-95): created GPIO range 0->4 ==> 44e10800.pinmux PIN 66->70
[    0.665248] gpio gpiochip2: (gpio-64-95): created GPIO range 5->6 ==> 44e10800.pinmux PIN 98->99
[    0.665265] gpio gpiochip2: (gpio-64-95): created GPIO range 7->8 ==> 44e10800.pinmux PIN 75->76
[    0.665280] gpio gpiochip2: (gpio-64-95): created GPIO range 13->13 ==> 44e10800.pinmux PIN 141->141
[    0.665297] gpio gpiochip2: (gpio-64-95): created GPIO range 14->21 ==> 44e10800.pinmux PIN 100->107
[    0.679543] gpio gpiochip2: (gpio-64-95): added GPIO chardev (254:2)
[    0.679694] gpio gpiochip2: registered GPIOs 576 to 607 on gpio-64-95
[    0.685517] 48000000.interconnect:segment@200000:target-module@0:mpu@0:fck: device ID is greater than 24
[    0.686397] /ocp/interconnect@48000000/segment@300000/target-module@e000/lcdc@0: Fixed dependency cycle(s) with /ocp/interconnect@44c00000/segment@200000/target-module@b000/i2c@0/tda19988@70
[    0.689200] /ocp/interconnect@48000000/segment@300000/target-module@e000/lcdc@0: Fixed dependency cycle(s) with /ocp/interconnect@44c00000/segment@200000/target-module@b000/i2c@0/tda19988@70
[    0.689895] /ocp/interconnect@44c00000/segment@200000/target-module@b000/i2c@0/tda19988@70: Fixed dependency cycle(s) with /ocp/interconnect@48000000/segment@300000/target-module@e000/lcdc@0
[    0.690059] /ocp/interconnect@48000000/segment@300000/target-module@e000/lcdc@0: Fixed dependency cycle(s) with /ocp/interconnect@44c00000/segment@200000/target-module@b000/i2c@0/tda19988@70
[    0.699713] mdio_bus 4a101000.mdio: using DT '/ocp/interconnect@4a000000/segment@0/target-module@100000/switch@0/mdio@1000' for 'reset' GPIO lookup
[    0.699787] of_get_named_gpiod_flags: can't parse 'reset-gpios' property of node '/ocp/interconnect@4a000000/segment@0/target-module@100000/switch@0/mdio@1000[0]'
[    0.699835] of_get_named_gpiod_flags: can't parse 'reset-gpio' property of node '/ocp/interconnect@4a000000/segment@0/target-module@100000/switch@0/mdio@1000[0]'
[    0.699884] mdio_bus 4a101000.mdio: using lookup tables for GPIO lookup
[    0.699894] mdio_bus 4a101000.mdio: No GPIO consumer reset found
[    0.700805] sdhci-omap 481d8000.mmc: using DT '/ocp/interconnect@48000000/segment@100000/target-module@d8000/mmc@0' for 'wp' GPIO lookup
[    0.700866] of_get_named_gpiod_flags: can't parse 'wp-gpios' property of node '/ocp/interconnect@48000000/segment@100000/target-module@d8000/mmc@0[0]'
[    0.700908] of_get_named_gpiod_flags: can't parse 'wp-gpio' property of node '/ocp/interconnect@48000000/segment@100000/target-module@d8000/mmc@0[0]'
[    0.700944] sdhci-omap 481d8000.mmc: using lookup tables for GPIO lookup
[    0.700953] sdhci-omap 481d8000.mmc: No GPIO consumer wp found
[    0.701148] sdhci-omap 481d8000.mmc: supply pbias not found, using dummy regulator
[    0.701652] sdhci-omap 481d8000.mmc: supply vqmmc not found, using dummy regulator
[    0.750001] davinci_mdio 4a101000.mdio: davinci mdio revision 1.6, bus freq 1000000
[    0.775500] mdio_bus 4a101000.mdio:00: using DT '/ocp/interconnect@4a000000/segment@0/target-module@100000/switch@0/mdio@1000/ethernet-phy@0' for 'reset' GPIO lookup
[    0.775604] of_get_named_gpiod_flags: parsed 'reset-gpios' property of node '/ocp/interconnect@4a000000/segment@0/target-module@100000/switch@0/mdio@1000/ethernet-phy@0[0]' - status (0)
[    0.775772] gpio gpiochip0: Persistence not supported for GPIO 8
[    0.910391] davinci_mdio 4a101000.mdio: phy[0]: device 4a101000.mdio:00, driver SMSC LAN8710/LAN8720
[    0.911175] cpsw-switch 4a100000.switch: initialized cpsw ale version 1.4
[    0.911198] cpsw-switch 4a100000.switch: ALE Table size 1024, Policers 0
[    0.930372] cpsw-switch 4a100000.switch: cpts: overflow check period 500 (jiffies)
[    0.930398] cpsw-switch 4a100000.switch: CPTS: ref_clk_freq:250000000 calc_mult:2147483648 calc_shift:29 error:0 nsec/sec
[    0.930509] cpsw-switch 4a100000.switch: Detected MACID = 6c:ec:eb:68:de:78
[    0.932533] cpsw-switch 4a100000.switch: initialized (regs 0x4a100000, pool size 256) hw_ver:0019010C 1.12 (0)
[    0.943546] debugfs: Directory '49000000.dma' with parent 'dmaengine' already present!
[    0.943586] edma 49000000.dma: TI EDMA DMA engine driver
[    0.976266] target-module@4b000000:target-module@140000:pmu@0:fck: device ID is greater than 24
[    1.009600] hw perfevents: enabled with armv7_cortex_a8 PMU driver, 5 (8000000f) counters available
[    1.010512] gpio-clk clk_mcasp0: using DT '/clk_mcasp0' for 'enable' GPIO lookup
[    1.010577] of_get_named_gpiod_flags: parsed 'enable-gpios' property of node '/clk_mcasp0[0]' - status (0)
[    1.010619] gpio gpiochip0: Persistence not supported for GPIO 27
[    1.011418] gpiochip_find_base_unlocked: found new base at 608
[    1.011530] gpio gpiochip3: (gpio-96-127): created GPIO range 0->7 ==> 44e10800.pinmux PIN 82->89
[    1.011550] gpio gpiochip3: (gpio-96-127): created GPIO range 8->11 ==> 44e10800.pinmux PIN 52->55
[    1.011566] gpio gpiochip3: (gpio-96-127): created GPIO range 12->15 ==> 44e10800.pinmux PIN 94->97
[    1.011582] gpio gpiochip3: (gpio-96-127): created GPIO range 16->17 ==> 44e10800.pinmux PIN 71->72
[    1.011598] gpio gpiochip3: (gpio-96-127): created GPIO range 18->18 ==> 44e10800.pinmux PIN 135->135
[    1.011614] gpio gpiochip3: (gpio-96-127): created GPIO range 19->20 ==> 44e10800.pinmux PIN 108->109
[    1.011631] gpio gpiochip3: (gpio-96-127): created GPIO range 21->21 ==> 44e10800.pinmux PIN 73->73
[    1.011648] gpio gpiochip3: (gpio-96-127): created GPIO range 22->23 ==> 44e10800.pinmux PIN 8->9
[    1.011666] gpio gpiochip3: (gpio-96-127): created GPIO range 26->27 ==> 44e10800.pinmux PIN 10->11
[    1.011847] gpio gpiochip3: (gpio-96-127): created GPIO range 28->28 ==> 44e10800.pinmux PIN 74->74
[    1.011872] gpio gpiochip3: (gpio-96-127): created GPIO range 29->29 ==> 44e10800.pinmux PIN 81->81
[    1.011891] gpio gpiochip3: (gpio-96-127): created GPIO range 30->31 ==> 44e10800.pinmux PIN 28->29
[    1.017476] l3-aon-clkctrl:0000:0: failed to disable
[    1.025722] gpio gpiochip3: (gpio-96-127): added GPIO chardev (254:3)
[    1.025876] gpio gpiochip3: registered GPIOs 608 to 639 on gpio-96-127
[    1.027829] omap8250 44e09000.serial: using DT '/ocp/interconnect@44c00000/segment@200000/target-module@9000/serial@0' for 'rs485-term' GPIO lookup
[    1.027900] of_get_named_gpiod_flags: can't parse 'rs485-term-gpios' property of node '/ocp/interconnect@44c00000/segment@200000/target-module@9000/serial@0[0]'
[    1.027944] of_get_named_gpiod_flags: can't parse 'rs485-term-gpio' property of node '/ocp/interconnect@44c00000/segment@200000/target-module@9000/serial@0[0]'
[    1.027982] omap8250 44e09000.serial: using lookup tables for GPIO lookup
[    1.027991] omap8250 44e09000.serial: No GPIO consumer rs485-term found
[    1.028002] omap8250 44e09000.serial: using DT '/ocp/interconnect@44c00000/segment@200000/target-module@9000/serial@0' for 'rs485-rx-during-tx' GPIO lookup
[    1.028039] of_get_named_gpiod_flags: can't parse 'rs485-rx-during-tx-gpios' property of node '/ocp/interconnect@44c00000/segment@200000/target-module@9000/serial@0[0]'
[    1.028077] of_get_named_gpiod_flags: can't parse 'rs485-rx-during-tx-gpio' property of node '/ocp/interconnect@44c00000/segment@200000/target-module@9000/serial@0[0]'
[    1.028110] omap8250 44e09000.serial: using lookup tables for GPIO lookup
[    1.028118] omap8250 44e09000.serial: No GPIO consumer rs485-rx-during-tx found
[    1.028501] 44e09000.serial: ttyS0 at MMIO 0x44e09000 (irq = 34, base_baud = 3000000) is a 8250
[    1.028587] printk: legacy console [ttyS0] enabled
[    2.483194] i2c i2c-0: using DT '/ocp/interconnect@44c00000/segment@200000/target-module@b000/i2c@0' for 'scl' GPIO lookup
[    2.483288] of_get_named_gpiod_flags: can't parse 'scl-gpios' property of node '/ocp/interconnect@44c00000/segment@200000/target-module@b000/i2c@0[0]'
[    2.483335] of_get_named_gpiod_flags: can't parse 'scl-gpio' property of node '/ocp/interconnect@44c00000/segment@200000/target-module@b000/i2c@0[0]'
[    2.483377] i2c i2c-0: using lookup tables for GPIO lookup
[    2.483392] i2c i2c-0: No GPIO consumer scl found
[    2.483418] i2c i2c-0: using DT '/ocp/interconnect@44c00000/segment@200000/target-module@b000/i2c@0' for 'sda' GPIO lookup
[    2.483459] of_get_named_gpiod_flags: can't parse 'sda-gpios' property of node '/ocp/interconnect@44c00000/segment@200000/target-module@b000/i2c@0[0]'
[    2.483502] of_get_named_gpiod_flags: can't parse 'sda-gpio' property of node '/ocp/interconnect@44c00000/segment@200000/target-module@b000/i2c@0[0]'
[    2.483540] i2c i2c-0: using lookup tables for GPIO lookup
[    2.483551] i2c i2c-0: No GPIO consumer sda found
[    2.502727] tps65217-pmic: Failed to locate of_node [id: -1]
[    2.508794] tps65217-bl: Failed to locate of_node [id: -1]
[    2.520402] tps65217 0-0024: TPS65217 ID 0xe version 1.2
[    2.526542] /ocp/interconnect@48000000/segment@300000/target-module@e000/lcdc@0: Fixed dependency cycle(s) with /ocp/interconnect@44c00000/segment@200000/target-module@b000/i2c@0/tda19988@70
[    2.543935] /ocp/interconnect@44c00000/segment@200000/target-module@b000/i2c@0/tda19988@70: Fixed dependency cycle(s) with /ocp/interconnect@48000000/segment@300000/target-module@e000/lcdc@0
[    2.561314] omap_i2c 44e0b000.i2c: bus 0 rev0.11 at 400 kHz
[    2.569177] sdhci-omap 48060000.mmc: using DT '/ocp/interconnect@48000000/segment@0/target-module@60000/mmc@0' for 'cd' GPIO lookup
[    2.569287] of_get_named_gpiod_flags: parsed 'cd-gpios' property of node '/ocp/interconnect@48000000/segment@0/target-module@60000/mmc@0[0]' - status (0)
[    2.569356] gpio gpiochip3: Persistence not supported for GPIO 6
[    2.569383] omap_gpio 44e07000.gpio: Could not set line 6 debounce to 200000 microseconds (-22)
[    2.578280] sdhci-omap 48060000.mmc: Got CD GPIO
[    2.582964] sdhci-omap 48060000.mmc: using DT '/ocp/interconnect@48000000/segment@0/target-module@60000/mmc@0' for 'wp' GPIO lookup
[    2.583015] of_get_named_gpiod_flags: can't parse 'wp-gpios' property of node '/ocp/interconnect@48000000/segment@0/target-module@60000/mmc@0[0]'
[    2.583061] of_get_named_gpiod_flags: can't parse 'wp-gpio' property of node '/ocp/interconnect@48000000/segment@0/target-module@60000/mmc@0[0]'
[    2.583102] sdhci-omap 48060000.mmc: using lookup tables for GPIO lookup
[    2.583117] sdhci-omap 48060000.mmc: No GPIO consumer wp found
[    2.583326] sdhci-omap 48060000.mmc: supply pbias not found, using dummy regulator
[    2.592154] sdhci-omap 481d8000.mmc: using DT '/ocp/interconnect@48000000/segment@100000/target-module@d8000/mmc@0' for 'wp' GPIO lookup
[    2.592228] of_get_named_gpiod_flags: can't parse 'wp-gpios' property of node '/ocp/interconnect@48000000/segment@100000/target-module@d8000/mmc@0[0]'
[    2.592276] of_get_named_gpiod_flags: can't parse 'wp-gpio' property of node '/ocp/interconnect@48000000/segment@100000/target-module@d8000/mmc@0[0]'
[    2.592317] sdhci-omap 481d8000.mmc: using lookup tables for GPIO lookup
[    2.592331] sdhci-omap 481d8000.mmc: No GPIO consumer wp found
[    2.593429] sdhci-omap 48060000.mmc: supply vqmmc not found, using dummy regulator
[    2.602503] sdhci-omap 481d8000.mmc: supply pbias not found, using dummy regulator
[    2.610508] sdhci-omap 481d8000.mmc: supply vqmmc not found, using dummy regulator
[    2.649573] mmc1: SDHCI controller on 481d8000.mmc [481d8000.mmc] using External DMA
[    2.658842] mmc0: SDHCI controller on 48060000.mmc [48060000.mmc] using External DMA
[    2.667610] cpsw-switch 4a100000.switch: starting ndev. mode: dual_mac
[    2.710929] mmc0: new high speed SDHC card at address 5048
[    2.718041] mmcblk0: mmc0:5048 SD16G 14.4 GiB
[    2.726261]  mmcblk0: p1 p2
[    2.729675] mmcblk0: p2 size 31221760 extends beyond EOD, truncated
[    2.742964] SMSC LAN8710/LAN8720 4a101000.mdio:00: attached PHY driver (mii_bus:phy_addr=4a101000.mdio:00, irq=POLL)
[    2.760025] mmc1: new high speed MMC card at address 0001
[    2.767056] mmcblk1: mmc1:0001 MMC04G 3.60 GiB
[    2.774564]  mmcblk1: p1 p2
[    2.778828] mmcblk1boot0: mmc1:0001 MMC04G 2.00 MiB
[    2.786268] mmcblk1boot1: mmc1:0001 MMC04G 2.00 MiB
[    2.793848] mmcblk1rpmb: mmc1:0001 MMC04G 128 KiB, chardev (250:0)
[    5.922483] cpsw-switch 4a100000.switch eth0: Link is Up - 100Mbps/Full - flow control off
[    5.951733] IP-Config: Complete:
[    5.955005]      device=eth0, hwaddr=6c:ec:eb:68:de:78, ipaddr=192.168.255.1, mask=255.255.255.0, gw=255.255.255.255
[    5.965649]      host=bbb1, domain=, nis-domain=(none)
[    5.970818]      bootserver=192.168.255.126, rootserver=192.168.255.126, rootpath=
[    5.971236] clk: Disabling unused clocks
[    5.983114] PM: genpd: Disabling unused power domains
[    5.988238] KTAP version 1
[    5.990961] 1..0
[    6.026708] VFS: Mounted root (nfs filesystem) on device 0:17.
[    6.033939] devtmpfs: mounted
[    6.038609] Freeing unused kernel image (initmem) memory: 1024K
[    6.045464] Run /sbin/init as init process
[    6.049603]   with arguments:
[    6.049616]     /sbin/init
[    6.049626]     nfsrootdebug
[    6.049636]   with environment:
[    6.049645]     HOME=/
[    6.049654]     TERM=linux
[    6.765614] systemd[1]: System time before build time, advancing clock.
[    8.211736] random: crng init done
[    8.253918] systemd[1]: systemd 232 running in system mode. (+PAM +AUDIT +SELINUX +IMA +APPARMOR +SMACK +SYSVINIT +UTMP +LIBCRYPTSETUP +GCRYPT +GNUTLS +ACL +XZ +LZ4 +SECCOMP +BLKID +ELFUTILS +KMOD +IDN)
[    8.272976] systemd[1]: Detected architecture arm.
[    8.304921] systemd[1]: Set hostname to <arm>.
[    9.411241] systemd[1]: Listening on Syslog Socket.
[    9.432625] systemd[1]: Listening on Journal Socket.
[    9.462665] systemd[1]: Started Dispatch Password Requests to Console Directory Watch.
[    9.492156] systemd[1]: Reached target Remote File Systems.
[    9.523434] systemd[1]: Set up automount Arbitrary Executable File Formats File System Automount Point.
[    9.552115] systemd[1]: Reached target Swap.
[    9.573281] systemd[1]: Created slice User and Session Slice.
[   11.845915] systemd-journald[89]: Received request to flush runtime journal from PID 1
[   14.370632] leds-gpio leds: using DT '/leds/led2' for '(default)' GPIO lookup
[   14.370740] of_get_named_gpiod_flags: parsed 'gpios' property of node '/leds/led2[0]' - status (0)
[   14.370798] gpio gpiochip0: Persistence not supported for GPIO 21
[   14.370814] gpio-533 (?): no flags found for GPIO (default)
[   14.410869] leds-gpio leds: using DT '/leds/led3' for '(default)' GPIO lookup
[   14.410978] of_get_named_gpiod_flags: parsed 'gpios' property of node '/leds/led3[0]' - status (0)
[   14.411034] gpio gpiochip0: Persistence not supported for GPIO 22
[   14.411051] gpio-534 (?): no flags found for GPIO (default)
