Labgrid Console Logfile for main
Logfile started at 2025-09-09 22:03:25.461322
=== Log starts here ===
reading args
spl_load_image_fat_os: error reading image args, err - -1
reading u-boot.img
reading u-boot.img


U-Boot 2014.04-00014-g47880f5 (Apr 22 2014 - 13:23:54)

I2C:   ready
DRAM:  512 MiB
NAND:  0 MiB
MMC:   OMAP SD/MMC: 0, OMAP SD/MMC: 1
*** Warning - readenv() failed, using default environment

Net:   <ethaddr> not set. Validating first E-fuse MAC
cpsw, usb_ether
Hit any key to stop autoboot:  1  0 
gpio: pin 53 (gpio 53) value is 1
mmc0 is current device
gpio: pin 54 (gpio 54) value is 1
SD/MMC found on device 0
reading uEnv.txt
569 bytes read in 4 ms (138.7 KiB/s)
gpio: pin 55 (gpio 55) value is 1
Loaded environment from uEnv.txt
Importing environment from mmc ...
Checking if uenvcmd is set ...
gpio: pin 56 (gpio 56) value is 1
Running uenvcmd ...
cpsw Waiting for PHY auto negotiation to complete. done
link up on port 0, speed 100, full duplex
Using cpsw device
TFTP from server 192.168.255.126; our IP address is 192.168.255.1
Filename 'zImage'.
Load address: 0x81000000
Loading: *#################################################################
	 #################################################################
	 #################################################################
	 #################################################################
	 #################################################################
	 ####################################################
	 2.4 MiB/s
done
Bytes transferred = 5526680 (545498 hex)
link up on port 0, speed 100, full duplex
Using cpsw device
TFTP from server 192.168.255.126; our IP address is 192.168.255.1
Filename 'am335x-boneblack.dtb'.
Load address: 0x82000000
Loading: *#######
	 2.3 MiB/s
done
Bytes transferred = 98336 (18020 hex)
Kernel image @ 0x81000000 [ 0x000000 - 0x545498 ]
## Flattened Device Tree blob at 82000000
   Booting using the fdt blob at 0x82000000
   Using Device Tree in place at 82000000, end 8201b01f

Starting kernel ...

[    0.000000] Booting Linux on physical CPU 0x0
[    0.000000] Linux version 6.12.46 (user01@drvtest01) (arm-none-eabi-gcc (Arm GNU Toolchain 14.2.Rel1 (Build arm-14.52)) 14.2.1 20241119, GNU ld (Arm GNU Toolchain 14.2.Rel1 (Build arm-14.52)) 2.43.1.20241119) #1 SMP Tue Sep  9 22:01:41 EEST 2025
[    0.000000] CPU: ARMv7 Processor [413fc082] revision 2 (ARMv7), cr=10c5387d
[    0.000000] CPU: PIPT / VIPT nonaliasing data cache, VIPT aliasing instruction cache
[    0.000000] OF: fdt: Machine model: TI AM335x BeagleBone Black
[    0.000000] Memory policy: Data cache writeback
[    0.000000] cma: Reserved 16 MiB at 0x9e800000 on node -1
[    0.000000] Zone ranges:
[    0.000000]   Normal   [mem 0x0000000080000000-0x000000009fdfffff]
[    0.000000]   HighMem  empty
[    0.000000] Movable zone start for each node
[    0.000000] Early memory node ranges
[    0.000000]   node   0: [mem 0x0000000080000000-0x000000009fdfffff]
[    0.000000] Initmem setup node 0 [mem 0x0000000080000000-0x000000009fdfffff]
[    0.000000] OF: reserved mem: Reserved memory: No reserved-memory node in the DT
[    0.000000] CPU: All CPU(s) started in SVC mode.
[    0.000000] AM335X ES2.1 (sgx neon)
[    0.000000] percpu: Embedded 17 pages/cpu s40396 r8192 d21044 u69632
[    0.000000] Kernel command line: console=ttyO0,115200n8 root=/dev/nfs rw nfsroot=192.168.255.126:/home/user01/nfs,nfsvers=3 ip=192.168.255.1:192.168.255.126::255.255.255.0:bbb1:eth0 nfsrootdebug
[    0.000000] Unknown kernel command line parameters "nfsrootdebug", will be passed to user space.
[    0.000000] Dentry cache hash table entries: 65536 (order: 6, 262144 bytes, linear)
[    0.000000] Inode-cache hash table entries: 32768 (order: 5, 131072 bytes, linear)
[    0.000000] Built 1 zonelists, mobility grouping on.  Total pages: 130560
[    0.000000] mem auto-init: stack:off, heap alloc:off, heap free:off
[    0.000000] SLUB: HWalign=64, Order=0-3, MinObjects=0, CPUs=1, Nodes=1
[    0.000000] rcu: Hierarchical RCU implementation.
[    0.000000] rcu: 	RCU event tracing is enabled.
[    0.000000] rcu: 	RCU restricting CPUs from NR_CPUS=2 to nr_cpu_ids=1.
[    0.000000] rcu: RCU calculated value of scheduler-enlistment delay is 10 jiffies.
[    0.000000] rcu: Adjusting geometry for rcu_fanout_leaf=16, nr_cpu_ids=1
[    0.000000] NR_IRQS: 16, nr_irqs: 16, preallocated irqs: 16
[    0.000000] IRQ: Found an INTC at 0x(ptrval) (revision 5.0) with 128 interrupts
[    0.000000] rcu: srcu_init: Setting srcu_struct sizes based on contention.
[    0.000000] TI gptimer clocksource: always-on /ocp/interconnect@44c00000/segment@200000/target-module@31000
[    0.000002] sched_clock: 32 bits at 24MHz, resolution 41ns, wraps every 89478484971ns
[    0.000028] clocksource: dmtimer: mask: 0xffffffff max_cycles: 0xffffffff, max_idle_ns: 79635851949 ns
[    0.000492] TI gptimer clockevent: 24000000 Hz at /ocp/interconnect@48000000/segment@0/target-module@40000
[    0.002086] Console: colour dummy device 80x30
[    0.002151] WARNING: Your 'console=ttyO0' has been replaced by 'ttyS0'
[    0.002159] This ensures that you still see kernel messages. Please
[    0.002164] update your kernel commandline.
[    0.002207] Calibrating delay loop... 996.14 BogoMIPS (lpj=4980736)
[    0.090536] CPU: Testing write buffer coherency: ok
[    0.090648] CPU0: Spectre v2: using BPIALL workaround
[    0.090658] pid_max: default: 32768 minimum: 301
[    0.090789] LSM: initializing lsm=capability
[    0.090962] Mount-cache hash table entries: 1024 (order: 0, 4096 bytes, linear)
[    0.090982] Mountpoint-cache hash table entries: 1024 (order: 0, 4096 bytes, linear)
[    0.092547] CPU0: thread -1, cpu 0, socket -1, mpidr 0
[    0.094582] Setting up static identity map for 0x80100000 - 0x80100078
[    0.094890] rcu: Hierarchical SRCU implementation.
[    0.094900] rcu: 	Max phase no-delay instances is 1000.
[    0.096661] smp: Bringing up secondary CPUs ...
[    0.096716] smp: Brought up 1 node, 1 CPU
[    0.096729] SMP: Total of 1 processors activated (996.14 BogoMIPS).
[    0.096741] CPU: All CPU(s) started in SVC mode.
[    0.096923] Memory: 480864K/522240K available (11264K kernel code, 1212K rwdata, 2880K rodata, 1024K init, 299K bss, 23364K reserved, 16384K cma-reserved, 0K highmem)
[    0.097724] devtmpfs: initialized
[    0.114270] VFP support v0.3: implementor 41 architecture 3 part 30 variant c rev 3
[    0.114618] clocksource: jiffies: mask: 0xffffffff max_cycles: 0xffffffff, max_idle_ns: 19112604462750000 ns
[    0.114653] futex hash table entries: 256 (order: 2, 16384 bytes, linear)
[    0.116087] pinctrl core: initialized pinctrl subsystem
[    0.118208] NET: Registered PF_NETLINK/PF_ROUTE protocol family
[    0.121247] DMA: preallocated 256 KiB pool for atomic coherent allocations
[    0.122166] audit: initializing netlink subsys (disabled)
[    0.123518] thermal_sys: Registered thermal governor 'fair_share'
[    0.123534] thermal_sys: Registered thermal governor 'step_wise'
[    0.123544] thermal_sys: Registered thermal governor 'user_space'
[    0.123659] audit: type=2000 audit(0.120:1): state=initialized audit_enabled=0 res=1
[    0.123732] cpuidle: using governor menu
[    0.141430] /ocp/interconnect@44c00000/segment@200000/target-module@b000/i2c@0/tda19988@70: Fixed dependency cycle(s) with /ocp/interconnect@48000000/segment@300000/target-module@e000/lcdc@0
[    0.142559] /ocp/interconnect@48000000/segment@300000/target-module@e000/lcdc@0: Fixed dependency cycle(s) with /ocp/interconnect@44c00000/segment@200000/target-module@b000/i2c@0/tda19988@70
[    0.144729] No ATAGs?
[    0.144746] hw-breakpoint: debug architecture 0x4 unsupported.
[    0.147365] kprobes: kprobe jump-optimization is enabled. All kprobes are optimized if possible.
[    0.153993] iommu: Default domain type: Translated
[    0.154016] iommu: DMA domain TLB invalidation policy: strict mode
[    0.161439] SCSI subsystem initialized
[    0.162283] pps_core: LinuxPPS API ver. 1 registered
[    0.162294] pps_core: Software ver. 5.3.6 - Copyright 2005-2007 Rodolfo Giometti <giometti@linux.it>
[    0.162317] PTP clock support registered
[    0.171109] vgaarb: loaded
[    0.171464] clocksource: Switched to clocksource dmtimer
[    0.172113] VFS: Disk quotas dquot_6.6.0
[    0.172158] VFS: Dquot-cache hash table entries: 1024 (order 0, 4096 bytes)
[    0.195998] NET: Registered PF_INET protocol family
[    0.196338] IP idents hash table entries: 8192 (order: 4, 65536 bytes, linear)
[    0.197702] tcp_listen_portaddr_hash hash table entries: 512 (order: 0, 4096 bytes, linear)
[    0.197737] Table-perturb hash table entries: 65536 (order: 6, 262144 bytes, linear)
[    0.197754] TCP established hash table entries: 4096 (order: 2, 16384 bytes, linear)
[    0.197801] TCP bind hash table entries: 4096 (order: 4, 65536 bytes, linear)
[    0.197901] TCP: Hash tables configured (established 4096 bind 4096)
[    0.198018] UDP hash table entries: 256 (order: 1, 8192 bytes, linear)
[    0.198046] UDP-Lite hash table entries: 256 (order: 1, 8192 bytes, linear)
[    0.198223] NET: Registered PF_UNIX/PF_LOCAL protocol family
[    0.202136] RPC: Registered named UNIX socket transport module.
[    0.202159] RPC: Registered udp transport module.
[    0.202166] RPC: Registered tcp transport module.
[    0.202171] RPC: Registered tcp-with-tls transport module.
[    0.202176] RPC: Registered tcp NFSv4.1 backchannel transport module.
[    0.202200] PCI: CLS 0 bytes, default 64
[    0.203597] Initialise system trusted keyrings
[    0.211930] workingset: timestamp_bits=14 max_order=17 bucket_order=3
[    0.213225] NFS: Registering the id_resolver key type
[    0.213294] Key type id_resolver registered
[    0.213303] Key type id_legacy registered
[    0.213351] jffs2: version 2.2. (NAND) (SUMMARY)  Â© 2001-2006 Red Hat, Inc.
[    0.213750] Key type asymmetric registered
[    0.213764] Asymmetric key parser 'x509' registered
[    0.213832] io scheduler mq-deadline registered
[    0.213843] io scheduler kyber registered
[    0.213909] io scheduler bfq registered
[    0.215770] target-module@4b000000:target-module@140000:pmu@0:fck: device ID is greater than 24
[    0.221938] l3-aon-clkctrl:0000:0: failed to disable
[    0.222197] ledtrig-cpu: registered to indicate activity on CPUs
[    0.231724] Serial: 8250/16550 driver, 6 ports, IRQ sharing enabled
[    0.266427] brd: module loaded
[    0.294969] loop: module loaded
[    0.295892] mtdoops: mtd device (mtddev=name/number) must be supplied
[    0.298981] i2c_dev: i2c /dev entries driver
[    0.299939] cpuidle: enable-method property 'ti,am3352' found operations
[    0.300385] sdhci: Secure Digital Host Controller Interface driver
[    0.300394] sdhci: Copyright(c) Pierre Ossman
[    0.300571] sdhci-pltfm: SDHCI platform and OF driver helper
[    0.302210] hw perfevents: enabled with armv7_cortex_a8 PMU driver, 5 (8000000f) counters available
[    0.302726] Initializing XFRM netlink socket
[    0.302864] NET: Registered PF_INET6 protocol family
[    0.308493] l3-aon-clkctrl:0000:0: failed to disable
[    0.309834] Segment Routing with IPv6
[    0.309917] In-situ OAM (IOAM) with IPv6
[    0.310012] sit: IPv6, IPv4 and MPLS over IPv4 tunneling driver
[    0.310923] NET: Registered PF_PACKET protocol family
[    0.310951] NET: Registered PF_KEY protocol family
[    0.311061] Key type dns_resolver registered
[    0.311285] ThumbEE CPU extension supported.
[    0.311305] Registering SWP/SWPB emulation handler
[    0.312022] omap_voltage_late_init: Voltage driver support not added
[    0.312768] SmartReflex Class3 initialized
[    0.335064] Loading compiled-in X.509 certificates
[    0.374503] /ocp/interconnect@44c00000/segment@200000/target-module@b000/i2c@0/tda19988@70: Fixed dependency cycle(s) with /ocp/interconnect@48000000/segment@300000/target-module@e000/lcdc@0
[    0.380622] /ocp/interconnect@44c00000/segment@200000/target-module@b000/i2c@0/tda19988@70: Fixed dependency cycle(s) with /ocp/interconnect@48000000/segment@300000/target-module@e000/lcdc@0
[    0.420144] /ocp/interconnect@44c00000/segment@200000/target-module@b000/i2c@0/tda19988@70: Fixed dependency cycle(s) with /ocp/interconnect@48000000/segment@300000/target-module@e000/lcdc@0
[    0.420981] /ocp/interconnect@44c00000/segment@200000/target-module@b000/i2c@0/tda19988@70: Fixed dependency cycle(s) with /ocp/interconnect@48000000/segment@300000/target-module@e000/lcdc@0
[    0.424558] /ocp/interconnect@44c00000/segment@200000/target-module@10000/scm@0/pinmux@800: Fixed dependency cycle(s) with /ocp/interconnect@44c00000/segment@200000/target-module@10000/scm@0/pinmux@800/clkout2-pins
[    0.425242] pinctrl-single 44e10800.pinmux: 142 pins, size 568
[    0.430193] ti-sysc 44e31000.target-module: probe with driver ti-sysc failed with error -16
[    0.449704] /ocp/interconnect@48000000/segment@300000/target-module@e000/lcdc@0: Fixed dependency cycle(s) with /ocp/interconnect@44c00000/segment@200000/target-module@b000/i2c@0/tda19988@70
[    0.457498] ti-sysc 48040000.target-module: probe with driver ti-sysc failed with error -16
[    0.513795] OMAP GPIO hardware version 0.1
[    0.548760] omap_i2c 4819c000.i2c: bus 2 rev0.11 at 100 kHz
[    0.578479] 48000000.interconnect:segment@200000:target-module@0:mpu@0:fck: device ID is greater than 24
[    0.579355] /ocp/interconnect@48000000/segment@300000/target-module@e000/lcdc@0: Fixed dependency cycle(s) with /ocp/interconnect@44c00000/segment@200000/target-module@b000/i2c@0/tda19988@70
[    0.582191] /ocp/interconnect@48000000/segment@300000/target-module@e000/lcdc@0: Fixed dependency cycle(s) with /ocp/interconnect@44c00000/segment@200000/target-module@b000/i2c@0/tda19988@70
[    0.582897] /ocp/interconnect@44c00000/segment@200000/target-module@b000/i2c@0/tda19988@70: Fixed dependency cycle(s) with /ocp/interconnect@48000000/segment@300000/target-module@e000/lcdc@0
[    0.583063] /ocp/interconnect@48000000/se gment@300000/target-module@e000/lcdc@0: Fixed dependency cycle(s) with /ocp/interconnect@44c00000/segment@200000/target-module@b000/i2c@0/tda19988@70
[    0.594008] sdhci-omap 481d8000.mmc: supply pbias not found, using dummy regulator
[    0.594490] sdhci-omap 481d8000.mmc: supply vqmmc not found, using dummy regulator
[    0.660770] davinci_mdio 4a101000.mdio: davinci mdio revision 1.6, bus freq 1000000
[    0.778452] davinci_mdio 4a101000.mdio: phy[0]: device 4a101000.mdio:00, driver SMSC LAN8710/L AN8720
[    0.779215] cpsw-switch 4a100000.switch: initialized cpsw ale version 1.4
[    0.779240] cpsw-switch 4a100000.switch: ALE Table size 1024, Policers 0
[    0.779554] cpsw-switch 4a100000.switch: cpts: overflow check period 500 (jiffies)
[    0.779574] cpsw-switch 4a100000.switch: CPTS: ref_clk_freq:250000000 calc_mult:2147483648 calc_shift:29 error:0 nsec/sec
[    0.779686] cpsw-switch 4a100000.switch: Detected MACID = 6c:ec:eb:68:de:78
[    0.781694] cpsw-switch 4a100000.switch: initialized (regs 0x4a100000, pool size 256) hw_ver:0019010C 1.12 (0)
[    0.792236] debugfs: Directory '49000000.dma' with parent 'dmaengine' already present!
[    0.792276] edma 49000000.dma: TI EDMA DMA engine driver
[    0.838608] 44e09000.serial: ttyS0 at MMIO 0x44e09000 (irq = 34, base_baud = 3000000) is a 8250
[    0.838698] printk: legacy console [ttyS0] enabled
[    2.322408] tps65217-pmic: Failed to locate of_node [id: -1]
[    2.328482] tps65217-bl: Failed to locate of_node [id: -1]
[    2.339688] tps65217 0-0024: TPS65217 ID 0xe version 1.2
[    2.345831] /ocp/interconnect@48000000/segment@300000/target-module@e000/lcdc@0: Fixed dependency cycle(s) with /ocp/interconnect@44c00000/segment@200000/target-module@b000/i2c@0/tda19988@70
[    2.363193] /ocp/interconnect@44c00000/segment@200000/target-module@b000/i2c@0/tda19988@70: Fixed dependency cycle(s) with /ocp/interconnect@48000000/segment@300000/target-module@e000/lcdc@0
[    2.380562] omap_i2c 44e0b000.i2c: bus 0 rev0.11 at 400 kHz
[    2.388516] om
[    5.762238] cpsw-switch 4a100000.switch eth0: Link is Up - 100Mbps/Full - flow control off
[    5.791477] IP-Config: Complete:
[    5.794747]      device=eth0, hwaddr=6c:ec:eb:68:de:78, ipaddr=192.168.255.1, mask=255.255.255.0, gw=255.255.255.255
[    5.805383]      host=bbb1, domain=, nis-domain=(none)
[    5.810550]      bootserver=192.168.255.126, rootserver=192.168.255.126, rootpath=
[    5.810969] clk: Disabling unused clocks
[    5.822826] PM: genpd: Disabling unused power domains
[    5.827943] KTAP version 1
[    5.830664] 1..0
[    5.855601] VFS: Mounted root (nfs filesystem) on device 0:17.
[    5.862733] devtmpfs: mounted
[    5.867141] Freeing unused kernel image (initmem) memory: 1024K
[    5.874004] Run /sbin/init as init process
[    6.568793] systemd[1]: System time before build time, advancing clock.
[    8.021491] random: crng init done
[    8.054036] systemd[1]: systemd 232 running in system mode. (+PAM +AUDIT +SELINUX +IMA +APPARMOR +SMACK +SYSVINIT +UTMP +LIBCRYPTSETUP +GCRYPT +GNUTLS +ACL +XZ +LZ4 +SECCOMP +BLKID +ELFUTILS +KMOD +IDN)
[    8.073060] systemd[1]: Detected architecture arm.

Welcome to [1mDebian GNU/Linux 9 (stretch)[0m!

[    8.104581] systemd[1]: Set hostname to <arm>.
[    9.193794] systemd[1]: Reached target Swap.
[[0;32m  OK  [0m] Reached target Swap.
[    9.213093] systemd[1]: Created slice User and Session Slice.
[[0;32m  OK  [0m] Created slice User and Session Slice.
[    9.243508] systemd[1]: Listening on /dev/initctl Compatibility Named Pipe.
[[0;32m  OK  [0m] Listening on /dev/initctl Compatibility Named Pipe.
[    9.272154] systemd[1]: Listening on udev Kernel Socket.
[[0;32m  OK  [0m] Listening on udev Kernel Socket.
[    9.303419] systemd[1]: Listening on udev Control Socket.
[[0;32m  OK  [0m] Listening on udev Control Socket.
[    9.333246] systemd[1]: Set up automount Arbitrary Executable File Formats File System Automount Point.
[[0;32m  OK  [0m] Set up automount Arbitrary Executabâ€¦rmats File System Automount Point.
[    9.362852] systemd[1]: Created slice System Slice.
[[0;32m  OK  [0m] Created slice System Slice.
[[0;32m  OK  [0m] Created slice system-getty.slice.
[[0;32m  OK  [0m] Created slice system-serial\x2dgetty.slice.
[[0;32m  OK  [0m] Reached target Remote File Systems.
[[0;32m  OK  [0m] Listening on Journal Socket.
         Starting Create list of required stâ€¦ce nodes for the current kernel...
         Starting Load Kernel Modules...
[[0;32m  OK  [0m] Started Forward Password Requests to Wall Directory Watch.
         Starting Remount Root and Kernel File Systems...
[[0;32m  OK  [0m] Reached target Slices.
         Mounting Debug File System...
[[0;32m  OK  [0m] Listening on Journal Socket (/dev/log).
[[0;32m  OK  [0m] Listening on Journal Audit Socket.
[[0;32m  OK  [0m] Started Dispatch Password Requests to Console Directory Watch.
[[0;32m  OK  [0m] Reached target Paths.
         Mounting POSIX Message Queue File System...
[[0;32m  OK  [0m] Listening on Syslog Socket.
         Starting Journal Service...
[[0;32m  OK  [0m] Reached target Encrypted Volumes.
[[0;32m  OK  [0m] Started Create list of required staâ€¦vice nodes for the current kernel.
[[0;32m  OK  [0m] Started Load Kernel Modules.
[[0;32m  OK  [0m] Started Remount Root and Kernel File Systems.
[[0;32m  OK  [0m] Mounted Debug File System.
[[0;32m  OK  [0m] Mounted POSIX Message Queue File System.
         Starting udev Coldplug all Devices...
         Starting Load/Save Random Seed...
         Mounting Configuration File System...
         Starting Apply Kernel Variables...
         Starting Create Static Device Nodes in /dev...
[[0;32m  OK  [0m] Mounted Configuration File System.
[[0;32m  OK  [0m] Started Load/Save Random Seed.
[[0;32m  OK  [0m] Started Apply Kernel Variables.
[[0;32m  OK  [0m] Started Create Static Device Nodes in /dev.
         Starting udev Kernel Device Manager...
[[0;32m  OK  [0m] Reached target Local File Systems (Pre).
[[0;32m  OK  [0m] Reached target Local File Systems.
         Starting Raise network interfaces...
[[0;32m  OK  [0m] Started Journal Service.
         Starting Flush Journal to Persistent Storage...
[   11.622083] systemd-journald[90]: Received request to flush runtime journal from PID 1
[[0;32m  OK  [0m] Started Flush Journal to Persistent Storage.
         Starting Create Volatile Files and Directories...
[[0;32m  OK  [0m] Started udev Kernel Device Manager.
[[0;32m  OK  [0m] Started Create Volatile Files and Directories.
         Starting Update UTMP about System Boot/Shutdown...
         Starting Network Time Synchronization...
[[0;32m  OK  [0m] Started Update UTMP about System Boot/Shutdown.
[[0;32m  OK  [0m] Started udev Coldplug all Devices.
[   14.491998] remoteproc remoteproc0: wkup_m3 is available
[   14.754540] wkup_m3_ipc 44e11324.wkup_m3_ipc: IPC Request for A8->M3 Channel failed! -517
[   14.855167] at24 2-0054: supply vcc not found, using dummy regulator
[   14.997093] at24 2-0055: supply vcc not found, using dummy regulator
[   15.095357] at24 2-0056: supply vcc not found, using dummy regulator
[   15.157693] at24 2-0057: supply vcc not found, using dummy regulator
[[0;32m  OK  [0m] Found device /dev/ttyS0.
[   15.257744] at24 0-0050: 32768 byte 24c256 EEPROM, writable, 1 bytes/write
[   15.268481] wkup_m3_ipc 44e11324.wkup_m3_ipc: IPC Request for A8->M3 Channel failed! -517
[   15.291852] omap_wdt: OMAP Watchdog Timer Rev 0x01: initial timeout 60 sec
[   15.373128] wkup_m3_ipc 44e11324.wkup_m3_ipc: IPC Request for A8->M3 Channel failed! -517
[   15.512073] omap_rtc 44e3e000.rtc: registered as rtc0
[   15.518564] omap_rtc 44e3e000.rtc: setting system clock to 2000-01-01T00:00:00 UTC (946684800)
[   15.532340] wkup_m3_ipc 44e11324.wkup_m3_ipc: IPC Request for A8->M3 Channel failed! -517
[   15.570661] tps6521x_pwrbutton tps65217-pwrbutton: DMA mask not set
[   15.688474] input: tps65217_pwrbutton as /devices/platform/ocp/44c00000.interconnect/44c00000.interconnect:segment@200000/44e0b000.target-module/44e0b000.i2c/i2c-0/0-0024/tps65217-pwrbutton/input/input0
[   15.724206] wkup_m3_ipc 44e11324.wkup_m3_ipc: IPC Request for A8->M3 Channel failed! -517
[   15.772443] am335x-phy-driver 47401300.usb-phy: dummy supplies not allowed for exclusive requests (id=vbus)
[   15.947991] am335x-phy-driver 47401b00.usb-phy: dummy supplies not allowed for exclusive requests (id=vbus)
[   15.960523] wkup_m3_ipc 44e11324.wkup_m3_ipc: IPC Request for A8->M3 Channel failed! -517
[   16.086376] wkup_m3_ipc 44e11324.wkup_m3_ipc: IPC Request for A8->M3 Channel failed! -517
[   16.312327] usbcore: registered new interface driver usbfs
[   16.317981] usbcore: registered new interface driver hub
[   16.323611] usbcore: registered new device driver usb
[[0;32m  OK  [0m] Started Network Time Synchronization.
[   16.652656] tda998x 0-0070: found TDA19988
[   16.745060] wkup_m3_ipc 44e11324.wkup_m3_ipc: IPC Request for A8->M3 Channel failed! -517
[   16.877174] wkup_m3_ipc 44e11324.wkup_m3_ipc: IPC Request for A8->M3 Channel failed! -517
[   16.927412] musb-hdrc musb-hdrc.1: MUSB HDRC host driver
[   16.932969] musb-hdrc musb-hdrc.1: new USB bus registered, assigned bus number 1
[[0;32m  OK  [0m] Reached target System Time Synchronized.
[[0;32m  OK  [0m] Reached target System Initialization.
[   17.030124] wkup_m3_ipc 44e11324.wkup_m3_ipc: IPC Request for A8->M3 Channel failed! -517
[[0;32m  OK  [0m] Listening on D-Bus System Message Bus Socket.
[   17.137618] omap-mailbox 480c8000.mailbox: omap mailbox rev 0x400
[[0;32m  OK  [0m] Listening on Avahi mDNS/DNS-SD Stack Activation Socket.
[[0;32m  OK  [0m] Reached target Sockets.
[   17.192789] usb usb1: New USB device found, idVendor=1d6b, idProduct=0002, bcdDevice= 6.12
[   17.201149] usb usb1: New USB device strings: Mfr=3, Product=2, SerialNumber=1
[   17.208498] usb usb1: Product: MUSB HDRC host driver
[   17.213534] usb usb1: Manufacturer: Linux 6.12.46 musb-hcd
[   17.219050] usb usb1: SerialNumber: musb-hdrc.1
[[0;32m  OK  [0m] Reached target Basic System.
[   17.292402] remoteproc remoteproc0: powering up wkup_m3
         Starting Telephony service...
         Starting LSB: Start busybox udhcpd at boot time...
[   17.417871] remoteproc remoteproc0: Direct firmware load for am335x-pm-firmware.elf failed with error -2
[   17.427616] remoteproc remoteproc0: request_firmware failed: -2
[   17.433623] wkup_m3_ipc 44e11324.wkup_m3_ipc: rproc_boot failed
         Starting System Logging Service...
[   17.643236] hub 1-0:1.0: USB hub found
         Starting Avahi mDNS/DNS-SD Stack...[   17.731899] hub 1-0:1.0: 1 port detected

[[0;32m  OK  [0m] Started D-Bus System Message Bus.
[   19.621727] omap_rng 48310000.rng: Random Number Generator ver. 20
[   19.644043] tilcdc 4830e000.lcdc: bound 0-0070 (ops tda998x_audio_codec_init [tda998x])
[   19.786102] [drm] Initialized tilcdc 1.0.0 for 4830e000.lcdc on minor 0
[   19.887301] tilcdc 4830e000.lcdc: [drm] Cannot find any crtc or sizes
[   19.907712] tilcdc 4830e000.lcdc: [drm] Cannot find any crtc or sizes
[   20.753795] PM: Cannot get wkup_m3_ipc handle
[   20.812803] omap-sham 53100000.sham: hw accel on OMAP rev 4.3
[   20.929054] omap-sham 53100000.sham: will run requests pump with realtime priority
[   20.938937] PM: Cannot get wkup_m3_ipc handle
[[0;32m  OK  [0m] Started Telephony service.
[[0;32m  OK  [0m] Started Avahi mDNS/DNS-SD Stack.
[   21.176242] omap-aes 53500000.aes: OMAP AES hw accel rev: 3.2
         Starting Connection service...
[   21.292192] omap-aes 53500000.aes: will run requests pump with realtime priority
[   21.308708] PM: Cannot get wkup_m3_ipc handle
         Starting DUN service...
[[0;32m  OK  [0m] Started Daily apt download activities.
[[0;32m  OK  [0m] Started Regular background program processing daemon.
         Starting Cape Manager Service...
         Starting LSB: Load kernel modules needed to enable cpufreq scaling...
         Starting Login Service...
         Starting Generic Board Startup...
[[0;32m  OK  [0m] Started Daily Cleanup of Temporary Directories.
[[0;32m  OK  [0m] Started Daily apt upgrade and clean activities.
[[0;32m  OK  [0m] Reached target Timers.
[[0;32m  OK  [0m] Started System Logging Service.
[   23.013583] Bluetooth: Core ver 2.22
[   23.017977] NET: Registered PF_BLUETOOTH protocol family
[   23.023565] Bluetooth: HCI device and connection manager initialized
[   23.029989] Bluetooth: HCI socket layer initialized
[   23.035156] Bluetooth: L2CAP socket layer initialized
[   23.040292] Bluetooth: SCO socket layer initialized
[[0;32m  OK  [0m] Started Cape Manager Service.
[   24.771733] PM: Cannot get wkup_m3_ipc handle
[   24.894878] PM: Cannot get wkup_m3_ipc handle
[[0;32m  OK  [0m] Started LSB: Start busybox udhcpd at boot time.
[[0;32m  OK  [0m] Started Raise network interfaces.
[[0;32m  OK  [0m] Started LSB: Load kernel modules needed to enable cpufreq scaling.
[   28.767458] configfs-gadget.g_multi gadget.0: HOST MAC 1c:ba:8c:a2:ed:6c
[   28.774450] configfs-gadget.g_multi gadget.0: MAC 1c:ba:8c:a2:ed:70
[   28.781811] configfs-gadget.g_multi gadget.0: HOST MAC 1c:ba:8c:a2:ed:6c
[   28.788577] configfs-gadget.g_multi gadget.0: MAC 1c:ba:8c:a2:ed:6d
[   28.802110] PM: Cannot get wkup_m3_ipc handle
[[0;32m  OK  [0m] Started DUN service.
[[0;32m  OK  [0m] Started Connection service.
[[0;32m  OK  [0m] Started Login Service.
[[0;32m  OK  [0m] Reached target Sound Card.
         Starting LSB: set CPUFreq kernel parameters...
[[0;32m  OK  [0m] Reached target Network.
[[0;32m  OK  [0m] Reached target Network is Online.
         Starting LSB: Advanced IEEE 802.11 management daemon...
         Starting Permit User Sessions...
         Starting The Apache HTTP Server...
         Starting OpenBSD Secure Shell server...
[[0;32m  OK  [0m] Started LSB: Advanced IEEE 802.11 management daemon.
[[0;32m  OK  [0m] Started Permit User Sessions.
         Starting Hostname Service...
         Starting WPA supplicant...
[[0;32m  OK  [0m] Started Serial Getty on ttyS0.
[[0;32m  OK  [0m] Started Getty on tty1.
[[0;32m  OK  [0m] Reached target Login Prompts.
[[0;32m  OK  [0m] Started LSB: set CPUFreq kernel parameters.
[[0;32m  OK  [0m] Started Hostname Service.
[[0;32m  OK  [0m] Started WPA supplicant.
[[0;32m  OK  [0m] Started OpenBSD Secure Shell server.
         Stopping LSB: Start busybox udhcpd at boot time...
[[0;32m  OK  [0m] Stopped LSB: Start busybox udhcpd at boot time.
[[0;32m  OK  [0m] Started The Apache HTTP Server.
         Starting dnsmasq - A lightweight DHCP and caching DNS server...
[[0;32m  OK  [0m] Started dnsmasq - A lightweight DHCP and caching DNS server.
[[0;32m  OK  [0m] Reached target Host and Network Name Lookups.
[[0;32m  OK  [0m] Started Serial Getty on ttyGS0.
[[0;32m  OK  [0m] Started Generic Board Startup.
[[0;32m  OK  [0m] Reached target Multi-User System.
[[0;32m  OK  [0m] Reached target Graphical Interface.
         Starting Update UTMP about System Runlevel Changes...
[[0;32m  OK  [0m] Started Update UTMP about System Runlevel Changes.

Debian GNU/Linux 9 arm ttyS0

default username:password is [debian:temppwd]

arm login: root
Password: 
Last login: Sat Jan  1 00:00:30 UTC 2000 on ttyS0
root
Linux arm 6.12.46 #1 SMP Tue Sep  9 22:01:41 EEST 2025 armv7l

The programs included with the Debian GNU/Linux system are free software;
the exact distribution terms for each program are described in the
individual files in /usr/share/doc/*/copyright.

Debian GNU/Linux comes with ABSOLUTELY NO WARRANTY, to the extent
permitted by applicable law.
root@arm:~# root
dmesg -n 1
-bash: root: command not found
root@arm:~# dmesg -n 1
root@arm:~# echo 'WVUU''WBKXEQ'
WVUUWBKXEQ
root@arm:~# run() { echo -n "$MARKER"; sh -c "$@"; echo "$MARKER $?"; }
root@arm:~# echo 'YQJA''VUHBUC'
YQJAVUHBUC
root@arm:~# MARKER='VUJZ''QEWULC' run 'cat /proc/version'
VUJZQEWULCLinux version 6.12.46 (user01@drvtest01) (arm-none-eabi-gcc (Arm GNU Toolchain 14.2.Rel1 (Build arm-14.52)) 14.2.1 20241119, GNU ld (Arm GNU Toolchain 14.2.Rel1 (Build arm-14.52)) 2.43.1.20241119) #1 SMP Tue Sep  9 22:01:41 EEST 2025
VUJZQEWULC 0
root@arm:~# echo 'TAMS''VFZAXF'
TAMSVFZAXF
root@arm:~# MARKER='UNZG''TXWBHM' run false
UNZGTXWBHMUNZGTXWBHM 1
root@arm:~# Labgrid Console Logfile for main
Logfile started at 2025-09-09 22:04:28.755900
=== Log starts here ===

root@arm:~# run() { echo -n "$MARKER"; sh -c "$@"; echo "$MARKER $?"; }
root@arm:~# echo 'BWAG''LKAKET'
BWAGLKAKET
root@arm:~# MARKER='HUUB''MKPLOA' run 'ls /iio_generic_buffer; echo $?'
HUUBMKPLOA/iio_generic_buffer
0
HUUBMKPLOA 0
root@arm:~# Labgrid Console Logfile for main
Logfile started at 2025-09-09 22:04:32.113927
=== Log starts here ===

root@arm:~# run() { echo -n "$MARKER"; sh -c "$@"; echo "$MARKER $?"; }
root@arm:~# echo 'UPOZ''ALKTAT'
UPOZALKTAT
root@arm:~# MARKER='MFBG''ALUKVA' run dmesg
MFBGALUKVA[    0.000000] Booting Linux on physical CPU 0x0
[    0.000000] Linux version 6.12.46 (user01@drvtest01) (arm-none-eabi-gcc (Arm GNU Toolchain 14.2.Rel1 (Build arm-14.52)) 14.2.1 20241119, GNU ld (Arm GNU Toolchain 14.2.Rel1 (Build arm-14.52)) 2.43.1.20241119) #1 SMP Tue Sep  9 22:01:41 EEST 2025
[    0.000000] CPU: ARMv7 Processor [413fc082] revision 2 (ARMv7), cr=10c5387d
[    0.000000] CPU: PIPT / VIPT nonaliasing data cache, VIPT aliasing instruction cache
[    0.000000] OF: fdt: Machine model: TI AM335x BeagleBone Black
[    0.000000] Memory policy: Data cache writeback
[    0.000000] cma: Reserved 16 MiB at 0x9e800000 on node -1
[    0.000000] Zone ranges:
[    0.000000]   Normal   [mem 0x0000000080000000-0x000000009fdfffff]
[    0.000000]   HighMem  empty
[    0.000000] Movable zone start for each node
[    0.000000] Early memory node ranges
[    0.000000]   node   0: [mem 0x0000000080000000-0x000000009fdfffff]
[    0.000000] Initmem setup node 0 [mem 0x0000000080000000-0x000000009fdfffff]
[    0.000000] OF: reserved mem: Reserved memory: No reserved-memory node in the DT
[    0.000000] CPU: All CPU(s) started in SVC mode.
[    0.000000] AM335X ES2.1 (sgx neon)
[    0.000000] percpu: Embedded 17 pages/cpu s40396 r8192 d21044 u69632
[    0.000000] pcpu-alloc: s40396 r8192 d21044 u69632 alloc=17*4096
[    0.000000] pcpu-alloc: [0] 0 
[    0.000000] Kernel command line: console=ttyO0,115200n8 root=/dev/nfs rw nfsroot=192.168.255.126:/home/user01/nfs,nfsvers=3 ip=192.168.255.1:192.168.255.126::255.255.255.0:bbb1:eth0 nfsrootdebug
[    0.000000] Unknown kernel command line parameters "nfsrootdebug", will be passed to user space.
[    0.000000] Dentry cache hash table entries: 65536 (order: 6, 262144 bytes, linear)
[    0.000000] Inode-cache hash table entries: 32768 (order: 5, 131072 bytes, linear)
[    0.000000] Built 1 zonelists, mobility grouping on.  Total pages: 130560
[    0.000000] mem auto-init: stack:off, heap alloc:off, heap free:off
[    0.000000] SLUB: HWalign=64, Order=0-3, MinObjects=0, CPUs=1, Nodes=1
[    0.000000] rcu: Hierarchical RCU implementation.
[    0.000000] rcu: 	RCU event tracing is enabled.
[    0.000000] rcu: 	RCU restricting CPUs from NR_CPUS=2 to nr_cpu_ids=1.
[    0.000000] rcu: RCU calculated value of scheduler-enlistment delay is 10 jiffies.
[    0.000000] rcu: Adjusting geometry for rcu_fanout_leaf=16, nr_cpu_ids=1
[    0.000000] NR_IRQS: 16, nr_irqs: 16, preallocated irqs: 16
[    0.000000] IRQ: Found an INTC at 0x(ptrval) (revision 5.0) with 128 interrupts
[    0.000000] rcu: srcu_init: Setting srcu_struct sizes based on contention.
[    0.000000] TI gptimer clocksource: always-on /ocp/interconnect@44c00000/segment@200000/target-module@31000
[    0.000002] sched_clock: 32 bits at 24MHz, resolution 41ns, wraps every 89478484971ns
[    0.000028] clocksource: dmtimer: mask: 0xffffffff max_cycles: 0xffffffff, max_idle_ns: 79635851949 ns
[    0.000492] TI gptimer clockevent: 24000000 Hz at /ocp/interconnect@48000000/segment@0/target-module@40000
[    0.002086] Console: colour dummy device 80x30
[    0.002151] WARNING: Your 'console=ttyO0' has been replaced by 'ttyS0'
[    0.002159] This ensures that you still see kernel messages. Please
[    0.002164] update your kernel commandline.
[    0.002207] Calibrating delay loop... 996.14 BogoMIPS (lpj=4980736)
[    0.090536] CPU: Testing write buffer coherency: ok
[    0.090648] CPU0: Spectre v2: using BPIALL workaround
[    0.090658] pid_max: default: 32768 minimum: 301
[    0.090789] LSM: initializing lsm=capability
[    0.090962] Mount-cache hash table entries: 1024 (order: 0, 4096 bytes, linear)
[    0.090982] Mountpoint-cache hash table entries: 1024 (order: 0, 4096 bytes, linear)
[    0.092547] CPU0: thread -1, cpu 0, socket -1, mpidr 0
[    0.094582] Setting up static identity map for 0x80100000 - 0x80100078
[    0.094890] rcu: Hierarchical SRCU implementation.
[    0.094900] rcu: 	Max phase no-delay instances is 1000.
[    0.096661] smp: Bringing up secondary CPUs ...
[    0.096716] smp: Brought up 1 node, 1 CPU
[    0.096729] SMP: Total of 1 processors activated (996.14 BogoMIPS).
[    0.096741] CPU: All CPU(s) started in SVC mode.
[    0.096923] Memory: 480864K/522240K available (11264K kernel code, 1212K rwdata, 2880K rodata, 1024K init, 299K bss, 23364K reserved, 16384K cma-reserved, 0K highmem)
[    0.097724] devtmpfs: initialized
[    0.114270] VFP support v0.3: implementor 41 architecture 3 part 30 variant c rev 3
[    0.114618] clocksource: jiffies: mask: 0xffffffff max_cycles: 0xffffffff, max_idle_ns: 19112604462750000 ns
[    0.114653] futex hash table entries: 256 (order: 2, 16384 bytes, linear)
[    0.116087] pinctrl core: initialized pinctrl subsystem
[    0.118208] NET: Registered PF_NETLINK/PF_ROUTE protocol family
[    0.121247] DMA: preallocated 256 KiB pool for atomic coherent allocations
[    0.122166] audit: initializing netlink subsys (disabled)
[    0.123518] thermal_sys: Registered thermal governor 'fair_share'
[    0.123534] thermal_sys: Registered thermal governor 'step_wise'
[    0.123544] thermal_sys: Registered thermal governor 'user_space'
[    0.123659] audit: type=2000 audit(0.120:1): state=initialized audit_enabled=0 res=1
[    0.123732] cpuidle: using governor menu
[    0.141430] /ocp/interconnect@44c00000/segment@200000/target-module@b000/i2c@0/tda19988@70: Fixed dependency cycle(s) with /ocp/interconnect@48000000/segment@300000/target-module@e000/lcdc@0
[    0.142559] /ocp/interconnect@48000000/segment@300000/target-module@e000/lcdc@0: Fixed dependency cycle(s) with /ocp/interconnect@44c00000/segment@200000/target-module@b000/i2c@0/tda19988@70
[    0.144729] No ATAGs?
[    0.144746] hw-breakpoint: debug architecture 0x4 unsupported.
[    0.147365] kprobes: kprobe jump-optimization is enabled. All kprobes are optimized if possible.
[    0.153993] iommu: Default domain type: Translated
[    0.154016] iommu: DMA domain TLB invalidation policy: strict mode
[    0.155575] reg-fixed-voltage fixedregulator0: using DT '/fixedregulator0' for '(default)' GPIO lookup
[    0.155629] of_get_named_gpiod_flags: can't parse 'gpios' property of node '/fixedregulator0[0]'
[    0.155658] of_get_named_gpiod_flags: can't parse 'gpio' property of node '/fixedregulator0[0]'
[    0.155677] reg-fixed-voltage fixedregulator0: using lookup tables for GPIO lookup
[    0.155686] reg-fixed-voltage fixedregulator0: No GPIO consumer (default) found
[    0.161439] SCSI subsystem initialized
[    0.161917] libata version 3.00 loaded.
[    0.162283] pps_core: LinuxPPS API ver. 1 registered
[    0.162294] pps_core: Software ver. 5.3.6 - Copyright 2005-2007 Rodolfo Giometti <giometti@linux.it>
[    0.162317] PTP clock support registered
[    0.171109] vgaarb: loaded
[    0.171464] clocksource: Switched to clocksource dmtimer
[    0.172113] VFS: Disk quotas dquot_6.6.0
[    0.172158] VFS: Dquot-cache hash table entries: 1024 (order 0, 4096 bytes)
[    0.195998] NET: Registered PF_INET protocol family
[    0.196338] IP idents hash table entries: 8192 (order: 4, 65536 bytes, linear)
[    0.197702] tcp_listen_portaddr_hash hash table entries: 512 (order: 0, 4096 bytes, linear)
[    0.197737] Table-perturb hash table entries: 65536 (order: 6, 262144 bytes, linear)
[    0.197754] TCP established hash table entries: 4096 (order: 2, 16384 bytes, linear)
[    0.197801] TCP bind hash table entries: 4096 (order: 4, 65536 bytes, linear)
[    0.197901] TCP: Hash tables configured (established 4096 bind 4096)
[    0.198018] UDP hash table entries: 256 (order: 1, 8192 bytes, linear)
[    0.198046] UDP-Lite hash table entries: 256 (order: 1, 8192 bytes, linear)
[    0.198223] NET: Registered PF_UNIX/PF_LOCAL protocol family
[    0.202136] RPC: Registered named UNIX socket transport module.
[    0.202159] RPC: Registered udp transport module.
[    0.202166] RPC: Registered tcp transport module.
[    0.202171] RPC: Registered tcp-with-tls transport module.
[    0.202176] RPC: Registered tcp NFSv4.1 backchannel transport module.
[    0.202200] PCI: CLS 0 bytes, default 64
[    0.203597] Initialise system trusted keyrings
[    0.211930] workingset: timestamp_bits=14 max_order=17 bucket_order=3
[    0.213225] NFS: Registering the id_resolver key type
[    0.213294] Key type id_resolver registered
[    0.213303] Key type id_legacy registered
[    0.213351] jffs2: version 2.2. (NAND) (SUMMARY)  Â© 2001-2006 Red Hat, Inc.
[    0.213750] Key type asymmetric registered
[    0.213764] Asymmetric key parser 'x509' registered
[    0.213832] io scheduler mq-deadline registered
[    0.213843] io scheduler kyber registered
[    0.213909] io scheduler bfq registered
[    0.215770] target-module@4b000000:target-module@140000:pmu@0:fck: device ID is greater than 24
[    0.221938] l3-aon-clkctrl:0000:0: failed to disable
[    0.222197] ledtrig-cpu: registered to indicate activity on CPUs
[    0.231724] Serial: 8250/16550 driver, 6 ports, IRQ sharing enabled
[    0.266427] brd: module loaded
[    0.294969] loop: module loaded
[    0.295892] mtdoops: mtd device (mtddev=name/number) must be supplied
[    0.297578] mdio_bus fixed-0: using lookup tables for GPIO lookup
[    0.297602] mdio_bus fixed-0: No GPIO consumer reset found
[    0.298981] i2c_dev: i2c /dev entries driver
[    0.299939] cpuidle: enable-method property 'ti,am3352' found operations
[    0.300385] sdhci: Secure Digital Host Controller Interface driver
[    0.300394] sdhci: Copyright(c) Pierre Ossman
[    0.300571] sdhci-pltfm: SDHCI platform and OF driver helper
[    0.302210] hw perfevents: enabled with armv7_cortex_a8 PMU driver, 5 (8000000f) counters available
[    0.302726] Initializing XFRM netlink socket
[    0.302864] NET: Registered PF_INET6 protocol family
[    0.308493] l3-aon-clkctrl:0000:0: failed to disable
[    0.309834] Segment Routing with IPv6
[    0.309917] In-situ OAM (IOAM) with IPv6
[    0.310012] sit: IPv6, IPv4 and MPLS over IPv4 tunneling driver
[    0.310923] NET: Registered PF_PACKET protocol family
[    0.310951] NET: Registered PF_KEY protocol family
[    0.311061] Key type dns_resolver registered
[    0.311285] ThumbEE CPU extension supported.
[    0.311305] Registering SWP/SWPB emulation handler
[    0.312022] omap_voltage_late_init: Voltage driver support not added
[    0.312768] SmartReflex Class3 initialized
[    0.335064] Loading compiled-in X.509 certificates
[    0.374503] /ocp/interconnect@44c00000/segment@200000/target-module@b000/i2c@0/tda19988@70: Fixed dependency cycle(s) with /ocp/interconnect@48000000/segment@300000/target-module@e000/lcdc@0
[    0.380622] /ocp/interconnect@44c00000/segment@200000/target-module@b000/i2c@0/tda19988@70: Fixed dependency cycle(s) with /ocp/interconnect@48000000/segment@300000/target-module@e000/lcdc@0
[    0.386114] gpiochip_find_base_unlocked: found new base at 512
[    0.420144] /ocp/interconnect@44c00000/segment@200000/target-module@b000/i2c@0/tda19988@70: Fixed dependency cycle(s) with /ocp/interconnect@48000000/segment@300000/target-module@e000/lcdc@0
[    0.420981] /ocp/interconnect@44c00000/segment@200000/target-module@b000/i2c@0/tda19988@70: Fixed dependency cycle(s) with /ocp/interconnect@48000000/segment@300000/target-module@e000/lcdc@0
[    0.424558] /ocp/interconnect@44c00000/segment@200000/target-module@10000/scm@0/pinmux@800: Fixed dependency cycle(s) with /ocp/interconnect@44c00000/segment@200000/target-module@10000/scm@0/pinmux@800/clkout2-pins
[    0.425242] pinctrl-single 44e10800.pinmux: 142 pins, size 568
[    0.430193] ti-sysc 44e31000.target-module: probe with driver ti-sysc failed with error -16
[    0.449704] /ocp/interconnect@48000000/segment@300000/target-module@e000/lcdc@0: Fixed dependency cycle(s) with /ocp/interconnect@44c00000/segment@200000/target-module@b000/i2c@0/tda19988@70
[    0.457498] ti-sysc 48040000.target-module: probe with driver ti-sysc failed with error -16
[    0.468408] gpiochip_find_base_unlocked: found new base at 512
[    0.468507] gpio gpiochip0: (gpio-0-31): created GPIO range 0->7 ==> 44e10800.pinmux PIN 0->7
[    0.468527] gpio gpiochip0: (gpio-0-31): created GPIO range 8->11 ==> 44e10800.pinmux PIN 90->93
[    0.468542] gpio gpiochip0: (gpio-0-31): created GPIO range 12->27 ==> 44e10800.pinmux PIN 12->27
[    0.468558] gpio gpiochip0: (gpio-0-31): created GPIO range 28->31 ==> 44e10800.pinmux PIN 30->33
[    0.513534] gpio gpiochip0: (gpio-0-31): added GPIO chardev (254:0)
[    0.513704] gpio gpiochip0: registered GPIOs 512 to 543 on gpio-0-31
[    0.513795] OMAP GPIO hardware version 0.1
[    0.547753] i2c i2c-2: using DT '/ocp/interconnect@48000000/segment@100000/target-module@9c000/i2c@0' for 'scl' GPIO lookup
[    0.547827] of_get_named_gpiod_flags: can't parse 'scl-gpios' property of node '/ocp/interconnect@48000000/segment@100000/target-module@9c000/i2c@0[0]'
[    0.547870] of_get_named_gpiod_flags: can't parse 'scl-gpio' property of node '/ocp/interconnect@48000000/segment@100000/target-module@9c000/i2c@0[0]'
[    0.547906] i2c i2c-2: using lookup tables for GPIO lookup
[    0.547915] i2c i2c-2: No GPIO consumer scl found
[    0.547936] i2c i2c-2: using DT '/ocp/interconnect@48000000/segment@100000/target-module@9c000/i2c@0' for 'sda' GPIO lookup
[    0.547971] of_get_named_gpiod_flags: can't parse 'sda-gpios' property of node '/ocp/interconnect@48000000/segment@100000/target-module@9c000/i2c@0[0]'
[    0.548008] of_get_named_gpiod_flags: can't parse 'sda-gpio' property of node '/ocp/interconnect@48000000/segment@100000/target-module@9c000/i2c@0[0]'
[    0.548039] i2c i2c-2: using lookup tables for GPIO lookup
[    0.548046] i2c i2c-2: No GPIO consumer sda found
[    0.548760] omap_i2c 4819c000.i2c: bus 2 rev0.11 at 100 kHz
[    0.554350] gpiochip_find_base_unlocked: found new base at 544
[    0.554449] gpio gpiochip1: (gpio-32-63): created GPIO range 0->17 ==> 44e10800.pinmux PIN 34->51
[    0.554469] gpio gpiochip1: (gpio-32-63): created GPIO range 18->21 ==> 44e10800.pinmux PIN 77->80
[    0.554484] gpio gpiochip1: (gpio-32-63): created GPIO range 22->31 ==> 44e10800.pinmux PIN 56->65
[    0.569670] gpio gpiochip1: (gpio-32-63): added GPIO chardev (254:1)
[    0.569836] gpio gpiochip1: registered GPIOs 544 to 575 on gpio-32-63
[    0.572224] gpiochip_find_base_unlocked: found new base at 576
[    0.572319] gpio gpiochip2: (gpio-64-95): created GPIO range 0->4 ==> 44e10800.pinmux PIN 66->70
[    0.572339] gpio gpiochip2: (gpio-64-95): created GPIO range 5->6 ==> 44e10800.pinmux PIN 98->99
[    0.572354] gpio gpiochip2: (gpio-64-95): created GPIO range 7->8 ==> 44e10800.pinmux PIN 75->76
[    0.572370] gpio gpiochip2: (gpio-64-95): created GPIO range 13->13 ==> 44e10800.pinmux PIN 141->141
[    0.572386] gpio gpiochip2: (gpio-64-95): created GPIO range 14->21 ==> 44e10800.pinmux PIN 100->107
[    0.573021] gpio gpiochip2: (gpio-64-95): added GPIO chardev (254:2)
[    0.573153] gpio gpiochip2: registered GPIOs 576 to 607 on gpio-64-95
[    0.578479] 48000000.interconnect:segment@200000:target-module@0:mpu@0:fck: device ID is greater than 24
[    0.579355] /ocp/interconnect@48000000/segment@300000/target-module@e000/lcdc@0: Fixed dependency cycle(s) with /ocp/interconnect@44c00000/segment@200000/target-module@b000/i2c@0/tda19988@70
[    0.582191] /ocp/interconnect@48000000/segment@300000/target-module@e000/lcdc@0: Fixed dependency cycle(s) with /ocp/interconnect@44c00000/segment@200000/target-module@b000/i2c@0/tda19988@70
[    0.582897] /ocp/interconnect@44c00000/segment@200000/target-module@b000/i2c@0/tda19988@70: Fixed dependency cycle(s) with /ocp/interconnect@48000000/segment@300000/target-module@e000/lcdc@0
[    0.583063] /ocp/interconnect@48000000/segment@300000/target-module@e000/lcdc@0: Fixed dependency cycle(s) with /ocp/interconnect@44c00000/segment@200000/target-module@b000/i2c@0/tda19988@70
[    0.592289] mdio_bus 4a101000.mdio: using DT '/ocp/interconnect@4a000000/segment@0/target-module@100000/switch@0/mdio@1000' for 'reset' GPIO lookup
[    0.592360] of_get_named_gpiod_flags: can't parse 'reset-gpios' property of node '/ocp/interconnect@4a000000/segment@0/target-module@100000/switch@0/mdio@1000[0]'
[    0.592407] of_get_named_gpiod_flags: can't parse 'reset-gpio' property of node '/ocp/interconnect@4a000000/segment@0/target-module@100000/switch@0/mdio@1000[0]'
[    0.592455] mdio_bus 4a101000.mdio: using lookup tables for GPIO lookup
[    0.592465] mdio_bus 4a101000.mdio: No GPIO consumer reset found
[    0.593665] sdhci-omap 481d8000.mmc: using DT '/ocp/interconnect@48000000/segment@100000/target-module@d8000/mmc@0' for 'wp' GPIO lookup
[    0.593728] of_get_named_gpiod_flags: can't parse 'wp-gpios' property of node '/ocp/interconnect@48000000/segment@100000/target-module@d8000/mmc@0[0]'
[    0.593769] of_get_named_gpiod_flags: can't parse 'wp-gpio' property of node '/ocp/interconnect@48000000/segment@100000/target-module@d8000/mmc@0[0]'
[    0.593803] sdhci-omap 481d8000.mmc: using lookup tables for GPIO lookup
[    0.593812] sdhci-omap 481d8000.mmc: No GPIO consumer wp found
[    0.594008] sdhci-omap 481d8000.mmc: supply pbias not found, using dummy regulator
[    0.594490] sdhci-omap 481d8000.mmc: supply vqmmc not found, using dummy regulator
[    0.660770] davinci_mdio 4a101000.mdio: davinci mdio revision 1.6, bus freq 1000000
[    0.682755] mdio_bus 4a101000.mdio:00: using DT '/ocp/interconnect@4a000000/segment@0/target-module@100000/switch@0/mdio@1000/ethernet-phy@0' for 'reset' GPIO lookup
[    0.682860] of_get_named_gpiod_flags: parsed 'reset-gpios' property of node '/ocp/interconnect@4a000000/segment@0/target-module@100000/switch@0/mdio@1000/ethernet-phy@0[0]' - status (0)
[    0.683021] gpio gpiochip0: Persistence not supported for GPIO 8
[    0.778452] davinci_mdio 4a101000.mdio: phy[0]: device 4a101000.mdio:00, driver SMSC LAN8710/LAN8720
[    0.779215] cpsw-switch 4a100000.switch: initialized cpsw ale version 1.4
[    0.779240] cpsw-switch 4a100000.switch: ALE Table size 1024, Policers 0
[    0.779554] cpsw-switch 4a100000.switch: cpts: overflow check period 500 (jiffies)
[    0.779574] cpsw-switch 4a100000.switch: CPTS: ref_clk_freq:250000000 calc_mult:2147483648 calc_shift:29 error:0 nsec/sec
[    0.779686] cpsw-switch 4a100000.switch: Detected MACID = 6c:ec:eb:68:de:78
[    0.781694] cpsw-switch 4a100000.switch: initialized (regs 0x4a100000, pool size 256) hw_ver:0019010C 1.12 (0)
[    0.792236] debugfs: Directory '49000000.dma' with parent 'dmaengine' already present!
[    0.792276] edma 49000000.dma: TI EDMA DMA engine driver
[    0.820913] gpio-clk clk_mcasp0: using DT '/clk_mcasp0' for 'enable' GPIO lookup
[    0.820995] of_get_named_gpiod_flags: parsed 'enable-gpios' property of node '/clk_mcasp0[0]' - status (0)
[    0.821043] gpio gpiochip0: Persistence not supported for GPIO 27
[    0.822165] gpiochip_find_base_unlocked: found new base at 608
[    0.822290] gpio gpiochip3: (gpio-96-127): created GPIO range 0->7 ==> 44e10800.pinmux PIN 82->89
[    0.822312] gpio gpiochip3: (gpio-96-127): created GPIO range 8->11 ==> 44e10800.pinmux PIN 52->55
[    0.822328] gpio gpiochip3: (gpio-96-127): created GPIO range 12->15 ==> 44e10800.pinmux PIN 94->97
[    0.822343] gpio gpiochip3: (gpio-96-127): created GPIO range 16->17 ==> 44e10800.pinmux PIN 71->72
[    0.822360] gpio gpiochip3: (gpio-96-127): created GPIO range 18->18 ==> 44e10800.pinmux PIN 135->135
[    0.822377] gpio gpiochip3: (gpio-96-127): created GPIO range 19->20 ==> 44e10800.pinmux PIN 108->109
[    0.822394] gpio gpiochip3: (gpio-96-127): created GPIO range 21->21 ==> 44e10800.pinmux PIN 73->73
[    0.822411] gpio gpiochip3: (gpio-96-127): created GPIO range 22->23 ==> 44e10800.pinmux PIN 8->9
[    0.822428] gpio gpiochip3: (gpio-96-127): created GPIO range 26->27 ==> 44e10800.pinmux PIN 10->11
[    0.822445] gpio gpiochip3: (gpio-96-127): created GPIO range 28->28 ==> 44e10800.pinmux PIN 74->74
[    0.822463] gpio gpiochip3: (gpio-96-127): created GPIO range 29->29 ==> 44e10800.pinmux PIN 81->81
[    0.822481] gpio gpiochip3: (gpio-96-127): created GPIO range 30->31 ==> 44e10800.pinmux PIN 28->29
[    0.835777] gpio gpiochip3: (gpio-96-127): added GPIO chardev (254:3)
[    0.835941] gpio gpiochip3: registered GPIOs 608 to 639 on gpio-96-127
[    0.837844] omap8250 44e09000.serial: using DT '/ocp/interconnect@44c00000/segment@200000/target-module@9000/serial@0' for 'rs485-term' GPIO lookup
[    0.837917] of_get_named_gpiod_flags: can't parse 'rs485-term-gpios' property of node '/ocp/interconnect@44c00000/segment@200000/target-module@9000/serial@0[0]'
[    0.837963] of_get_named_gpiod_flags: can't parse 'rs485-term-gpio' property of node '/ocp/interconnect@44c00000/segment@200000/target-module@9000/serial@0[0]'
[    0.838000] omap8250 44e09000.serial: using lookup tables for GPIO lookup
[    0.838009] omap8250 44e09000.serial: No GPIO consumer rs485-term found
[    0.838019] omap8250 44e09000.serial: using DT '/ocp/interconnect@44c00000/segment@200000/target-module@9000/serial@0' for 'rs485-rx-during-tx' GPIO lookup
[    0.838054] of_get_named_gpiod_flags: can't parse 'rs485-rx-during-tx-gpios' property of node '/ocp/interconnect@44c00000/segment@200000/target-module@9000/serial@0[0]'
[    0.838090] of_get_named_gpiod_flags: can't parse 'rs485-rx-during-tx-gpio' property of node '/ocp/interconnect@44c00000/segment@200000/target-module@9000/serial@0[0]'
[    0.838121] omap8250 44e09000.serial: using lookup tables for GPIO lookup
[    0.838129] omap8250 44e09000.serial: No GPIO consumer rs485-rx-during-tx found
[    0.838608] 44e09000.serial: ttyS0 at MMIO 0x44e09000 (irq = 34, base_baud = 3000000) is a 8250
[    0.838698] printk: legacy console [ttyS0] enabled
[    2.300757] i2c i2c-0: using DT '/ocp/interconnect@44c00000/segment@200000/target-module@b000/i2c@0' for 'scl' GPIO lookup
[    2.300843] of_get_named_gpiod_flags: can't parse 'scl-gpios' property of node '/ocp/interconnect@44c00000/segment@200000/target-module@b000/i2c@0[0]'
[    2.300890] of_get_named_gpiod_flags: can't parse 'scl-gpio' property of node '/ocp/interconnect@44c00000/segment@200000/target-module@b000/i2c@0[0]'
[    2.300931] i2c i2c-0: using lookup tables for GPIO lookup
[    2.300944] i2c i2c-0: No GPIO consumer scl found
[    2.300968] i2c i2c-0: using DT '/ocp/interconnect@44c00000/segment@200000/target-module@b000/i2c@0' for 'sda' GPIO lookup
[    2.301007] of_get_named_gpiod_flags: can't parse 'sda-gpios' property of node '/ocp/interconnect@44c00000/segment@200000/target-module@b000/i2c@0[0]'
[    2.301047] of_get_named_gpiod_flags: can't parse 'sda-gpio' property of node '/ocp/interconnect@44c00000/segment@200000/target-module@b000/i2c@0[0]'
[    2.301082] i2c i2c-0: using lookup tables for GPIO lookup
[    2.301093] i2c i2c-0: No GPIO consumer sda found
[    2.322408] tps65217-pmic: Failed to locate of_node [id: -1]
[    2.328482] tps65217-bl: Failed to locate of_node [id: -1]
[    2.339688] tps65217 0-0024: TPS65217 ID 0xe version 1.2
[    2.345831] /ocp/interconnect@48000000/segment@300000/target-module@e000/lcdc@0: Fixed dependency cycle(s) with /ocp/interconnect@44c00000/segment@200000/target-module@b000/i2c@0/tda19988@70
[    2.363193] /ocp/interconnect@44c00000/segment@200000/target-module@b000/i2c@0/tda19988@70: Fixed dependency cycle(s) with /ocp/interconnect@48000000/segment@300000/target-module@e000/lcdc@0
[    2.380562] omap_i2c 44e0b000.i2c: bus 0 rev0.11 at 400 kHz
[    2.388319] sdhci-omap 48060000.mmc: using DT '/ocp/interconnect@48000000/segment@0/target-module@60000/mmc@0' for 'cd' GPIO lookup
[    2.388426] of_get_named_gpiod_flags: parsed 'cd-gpios' property of node '/ocp/interconnect@48000000/segment@0/target-module@60000/mmc@0[0]' - status (0)
[    2.388493] gpio gpiochip3: Persistence not supported for GPIO 6
[    2.388516] omap_gpio 44e07000.gpio: Could not set line 6 debounce to 200000 microseconds (-22)
[    2.397398] sdhci-omap 48060000.mmc: Got CD GPIO
[    2.402080] sdhci-omap 48060000.mmc: using DT '/ocp/interconnect@48000000/segment@0/target-module@60000/mmc@0' for 'wp' GPIO lookup
[    2.402127] of_get_named_gpiod_flags: can't parse 'wp-gpios' property of node '/ocp/interconnect@48000000/segment@0/target-module@60000/mmc@0[0]'
[    2.402170] of_get_named_gpiod_flags: can't parse 'wp-gpio' property of node '/ocp/interconnect@48000000/segment@0/target-module@60000/mmc@0[0]'
[    2.402210] sdhci-omap 48060000.mmc: using lookup tables for GPIO lookup
[    2.402223] sdhci-omap 48060000.mmc: No GPIO consumer wp found
[    2.402434] sdhci-omap 48060000.mmc: supply pbias not found, using dummy regulator
[    2.411078] sdhci-omap 481d8000.mmc: using DT '/ocp/interconnect@48000000/segment@100000/target-module@d8000/mmc@0' for 'wp' GPIO lookup
[    2.411150] of_get_named_gpiod_flags: can't parse 'wp-gpios' property of node '/ocp/interconnect@48000000/segment@100000/target-module@d8000/mmc@0[0]'
[    2.411197] of_get_named_gpiod_flags: can't parse 'wp-gpio' property of node '/ocp/interconnect@48000000/segment@100000/target-module@d8000/mmc@0[0]'
[    2.411235] sdhci-omap 481d8000.mmc: using lookup tables for GPIO lookup
[    2.411248] sdhci-omap 481d8000.mmc: No GPIO consumer wp found
[    2.412329] sdhci-omap 48060000.mmc: supply vqmmc not found, using dummy regulator
[    2.420878] sdhci-omap 481d8000.mmc: supply pbias not found, using dummy regulator
[    2.429474] sdhci-omap 481d8000.mmc: supply vqmmc not found, using dummy regulator
[    2.467965] mmc1: SDHCI controller on 481d8000.mmc [481d8000.mmc] using External DMA
[    2.477014] mmc0: SDHCI controller on 48060000.mmc [48060000.mmc] using External DMA
[    2.485876] cpsw-switch 4a100000.switch: starting ndev. mode: dual_mac
[    2.551876] mmc1: new high speed MMC card at address 0001
[    2.558727] mmcblk1: mmc1:0001 MMC04G 3.60 GiB
[    2.566234]  mmcblk1: p1 p2
[    2.570577] SMSC LAN8710/LAN8720 4a101000.mdio:00: attached PHY driver (mii_bus:phy_addr=4a101000.mdio:00, irq=POLL)
[    2.581543] mmcblk1boot0: mmc1:0001 MMC04G 2.00 MiB
[    2.594722] mmcblk1boot1: mmc1:0001 MMC04G 2.00 MiB
[    2.601806] mmcblk1rpmb: mmc1:0001 MMC04G 128 KiB, chardev (250:0)
[    2.624893] mmc0: new high speed SDHC card at address aaaa
[    2.631828] mmcblk0: mmc0:aaaa SE32G 29.7 GiB
[    2.640699]  mmcblk0: p1 p2
[    5.762238] cpsw-switch 4a100000.switch eth0: Link is Up - 100Mbps/Full - flow control off
[    5.791477] IP-Config: Complete:
[    5.794747]      device=eth0, hwaddr=6c:ec:eb:68:de:78, ipaddr=192.168.255.1, mask=255.255.255.0, gw=255.255.255.255
[    5.805383]      host=bbb1, domain=, nis-domain=(none)
[    5.810550]      bootserver=192.168.255.126, rootserver=192.168.255.126, rootpath=
[    5.810969] clk: Disabling unused clocks
[    5.822826] PM: genpd: Disabling unused power domains
[    5.827943] KTAP version 1
[    5.830664] 1..0
[    5.855601] VFS: Mounted root (nfs filesystem) on device 0:17.
[    5.862733] devtmpfs: mounted
[    5.867141] Freeing unused kernel image (initmem) memory: 1024K
[    5.874004] Run /sbin/init as init process
[    5.878138]   with arguments:
[    5.878151]     /sbin/init
[    5.878159]     nfsrootdebug
[    5.878169]   with environment:
[    5.878177]     HOME=/
[    5.878186]     TERM=linux
[    6.568793] systemd[1]: System time before build time, advancing clock.
[    8.021491] random: crng init done
[    8.054036] systemd[1]: systemd 232 running in system mode. (+PAM +AUDIT +SELINUX +IMA +APPARMOR +SMACK +SYSVINIT +UTMP +LIBCRYPTSETUP +GCRYPT +GNUTLS +ACL +XZ +LZ4 +SECCOMP +BLKID +ELFUTILS +KMOD +IDN)
[    8.073060] systemd[1]: Detected architecture arm.
[    8.104581] systemd[1]: Set hostname to <arm>.
[    9.193794] systemd[1]: Reached target Swap.
[    9.213093] systemd[1]: Created slice User and Session Slice.
[    9.243508] systemd[1]: Listening on /dev/initctl Compatibility Named Pipe.
[    9.272154] systemd[1]: Listening on udev Kernel Socket.
[    9.303419] systemd[1]: Listening on udev Control Socket.
[    9.333246] systemd[1]: Set up automount Arbitrary Executable File Formats File System Automount Point.
[    9.362852] systemd[1]: Created slice System Slice.
[   11.622083] systemd-journald[90]: Received request to flush runtime journal from PID 1
[   14.008477] leds-gpio leds: using DT '/leds/led2' for '(default)' GPIO lookup
[   14.008581] of_get_named_gpiod_flags: parsed 'gpios' property of node '/leds/led2[0]' - status (0)
[   14.008639] gpio gpiochip0: Persistence not supported for GPIO 21
[   14.008654] gpio-533 (?): no flags found for GPIO (default)
[   14.073291] leds-gpio leds: using DT '/leds/led3' for '(default)' GPIO lookup
[   14.073397] of_get_named_gpiod_flags: parsed 'gpios' property of node '/leds/led3[0]' - status (0)
[   14.073454] gpio gpiochip0: Persistence not supported for GPIO 22
[   14.073598] gpio-534 (?): no flags found for GPIO (default)
[   14.102145] leds-gpio leds: using DT '/leds/led4' for '(default)' GPIO lookup
[   14.102243] of_get_named_gpiod_flags: parsed 'gpios' property of node '/leds/led4[0]' - status (0)
[   14.102293] gpio gpiochip0: Persistence not supported for GPIO 23
[   14.102309] gpio-535 (?): no flags found for GPIO (default)
[   14.132014] leds-gpio leds: using DT '/leds/led5' for '(default)' GPIO lookup
[   14.132110] of_get_named_gpiod_flags: parsed 'gpios' property of node '/leds/led5[0]' - status (0)
[   14.132162] gpio gpiochip0: Persistence not supported for GPIO 24
[   14.132178] gpio-536 (?): no flags found for GPIO (default)
[   14.491998] remoteproc remoteproc0: wkup_m3 is available
[   14.754540] wkup_m3_ipc 44e11324.wkup_m3_ipc: IPC Request for A8->M3 Channel failed! -517
[   14.855167] at24 2-0054: supply vcc not found, using dummy regulator
[   14.997093] at24 2-0055: supply vcc not found, using dummy regulator
[   15.095357] at24 2-0056: supply vcc not found, using dummy regulator
[   15.157693] at24 2-0057: supply vcc not found, using dummy regulator
[   15.257188] at24 0-0050: using DT '/ocp/interconnect@44c00000/segment@200000/target-module@b000/i2c@0/baseboard_eeprom@50' for 'wp' GPIO lookup
[   15.257305] of_get_named_gpiod_flags: can't parse 'wp-gpios' property of node '/ocp/interconnect@44c00000/segment@200000/target-module@b000/i2c@0/baseboard_eeprom@50[0]'
[   15.257367] of_get_named_gpiod_flags: can't parse 'wp-gpio' property of node '/ocp/interconnect@44c00000/segment@200000/target-module@b000/i2c@0/baseboard_eeprom@50[0]'
[   15.257415] at24 0-0050: using lookup tables for GPIO lookup
[   15.257429] at24 0-0050: No GPIO consumer wp found
[   15.257744] at24 0-0050: 32768 byte 24c256 EEPROM, writable, 1 bytes/write
[   15.268481] wkup_m3_ipc 44e11324.wkup_m3_ipc: IPC Request for A8->M3 Channel failed! -517
[   15.291852] omap_wdt: OMAP Watchdog Timer Rev 0x01: initial timeout 60 sec
[   15.373128] wkup_m3_ipc 44e11324.wkup_m3_ipc: IPC Request for A8->M3 Channel failed! -517
[   15.512073] omap_rtc 44e3e000.rtc: registered as rtc0
[   15.518564] omap_rtc 44e3e000.rtc: setting system clock to 2000-01-01T00:00:00 UTC (946684800)
[   15.527879] omap_rtc 44e3e000.rtc: using DT '/ocp/interconnect@44c00000/segment@200000/target-module@3e000/rtc@0' for 'wp' GPIO lookup
[   15.527958] of_get_named_gpiod_flags: can't parse 'wp-gpios' property of node '/ocp/interconnect@44c00000/segment@200000/target-module@3e000/rtc@0[0]'
[   15.528010] of_get_named_gpiod_flags: can't parse 'wp-gpio' property of node '/ocp/interconnect@44c00000/segment@200000/target-module@3e000/rtc@0[0]'
[   15.528051] omap_rtc 44e3e000.rtc: using lookup tables for GPIO lookup
[   15.528064] omap_rtc 44e3e000.rtc: No GPIO consumer wp found
[   15.532340] wkup_m3_ipc 44e11324.wkup_m3_ipc: IPC Request for A8->M3 Channel failed! -517
[   15.570661] tps6521x_pwrbutton tps65217-pwrbutton: DMA mask not set
[   15.688474] input: tps65217_pwrbutton as /devices/platform/ocp/44c00000.interconnect/44c00000.interconnect:segment@200000/44e0b000.target-module/44e0b000.i2c/i2c-0/0-0024/tps65217-pwrbutton/input/input0
[   15.724206] wkup_m3_ipc 44e11324.wkup_m3_ipc: IPC Request for A8->M3 Channel failed! -517
[   15.771990] am335x-phy-driver 47401300.usb-phy: using DT '/ocp/target-module@47400000/usb-phy@1300' for 'reset' GPIO lookup
[   15.772083] of_get_named_gpiod_flags: can't parse 'reset-gpios' property of node '/ocp/target-module@47400000/usb-phy@1300[0]'
[   15.772128] of_get_named_gpiod_flags: can't parse 'reset-gpio' property of node '/ocp/target-module@47400000/usb-phy@1300[0]'
[   15.772167] am335x-phy-driver 47401300.usb-phy: using lookup tables for GPIO lookup
[   15.772182] am335x-phy-driver 47401300.usb-phy: No GPIO consumer reset found
[   15.772195] am335x-phy-driver 47401300.usb-phy: using DT '/ocp/target-module@47400000/usb-phy@1300' for 'vbus-detect' GPIO lookup
[   15.772226] of_get_named_gpiod_flags: can't parse 'vbus-detect-gpios' property of node '/ocp/target-module@47400000/usb-phy@1300[0]'
[   15.772257] of_get_named_gpiod_flags: can't parse 'vbus-detect-gpio' property of node '/ocp/target-module@47400000/usb-phy@1300[0]'
[   15.772283] am335x-phy-driver 47401300.usb-phy: using lookup tables for GPIO lookup
[   15.772295] am335x-phy-driver 47401300.usb-phy: No GPIO consumer vbus-detect found
[   15.772443] am335x-phy-driver 47401300.usb-phy: dummy supplies not allowed for exclusive requests (id=vbus)
[   15.947544] am335x-phy-driver 47401b00.usb-phy: using DT '/ocp/target-module@47400000/usb-phy@1b00' for 'reset' GPIO lookup
[   15.947635] of_get_named_gpiod_flags: can't parse 'reset-gpios' property of node '/ocp/target-module@47400000/usb-phy@1b00[0]'
[   15.947678] of_get_named_gpiod_flags: can't parse 'reset-gpio' property of node '/ocp/target-module@47400000/usb-phy@1b00[0]'
[   15.947717] am335x-phy-driver 47401b00.usb-phy: using lookup tables for GPIO lookup
[   15.947731] am335x-phy-driver 47401b00.usb-phy: No GPIO consumer reset found
[   15.947744] am335x-phy-driver 47401b00.usb-phy: using DT '/ocp/target-module@47400000/usb-phy@1b00' for 'vbus-detect' GPIO lookup
[   15.947775] of_get_named_gpiod_flags: can't parse 'vbus-detect-gpios' property of node '/ocp/target-module@47400000/usb-phy@1b00[0]'
[   15.947806] of_get_named_gpiod_flags: can't parse 'vbus-detect-gpio' property of node '/ocp/target-module@47400000/usb-phy@1b00[0]'
[   15.947832] am335x-phy-driver 47401b00.usb-phy: using lookup tables for GPIO lookup
[   15.947844] am335x-phy-driver 47401b00.usb-phy: No GPIO consumer vbus-detect found
[   15.947991] am335x-phy-driver 47401b00.usb-phy: dummy supplies not allowed for exclusive requests (id=vbus)
[   15.960523] wkup_m3_ipc 44e11324.wkup_m3_ipc: IPC Request for A8->M3 Channel failed! -517
[   16.086376] wkup_m3_ipc 44e11324.wkup_m3_ipc: IPC Request for A8->M3 Channel failed! -517
[   16.312327] usbcore: registered new interface driver usbfs
[   16.317981] usbcore: registered new interface driver hub
[   16.323611] usbcore: registered new device driver usb
[   16.652656] tda998x 0-0070: found TDA19988
[   16.745060] wkup_m3_ipc 44e11324.wkup_m3_ipc: IPC Request for A8->M3 Channel failed! -517
[   16.877174] wkup_m3_ipc 44e11324.wkup_m3_ipc: IPC Request for A8->M3 Channel failed! -517
[   16.927412] musb-hdrc musb-hdrc.1: MUSB HDRC host driver
[   16.932969] musb-hdrc musb-hdrc.1: new USB bus registered, assigned bus number 1
[   17.030124] wkup_m3_ipc 44e11324.wkup_m3_ipc: IPC Request for A8->M3 Channel failed! -517
[   17.137618] omap-mailbox 480c8000.mailbox: omap mailbox rev 0x400
[   17.192789] usb usb1: New USB device found, idVendor=1d6b, idProduct=0002, bcdDevice= 6.12
[   17.201149] usb usb1: New USB device strings: Mfr=3, Product=2, SerialNumber=1
[   17.208498] usb usb1: Product: MUSB HDRC host driver
[   17.213534] usb usb1: Manufacturer: Linux 6.12.46 musb-hcd
[   17.219050] usb usb1: SerialNumber: musb-hdrc.1
[   17.292402] remoteproc remoteproc0: powering up wkup_m3
[   17.417871] remoteproc remoteproc0: Direct firmware load for am335x-pm-firmware.elf failed with error -2
[   17.427616] remoteproc remoteproc0: request_firmware failed: -2
[   17.433623] wkup_m3_ipc 44e11324.wkup_m3_ipc: rproc_boot failed
[   17.643236] hub 1-0:1.0: USB hub found
[   17.731899] hub 1-0:1.0: 1 port detected
[   19.621727] omap_rng 48310000.rng: Random Number Generator ver. 20
[   19.644043] tilcdc 4830e000.lcdc: bound 0-0070 (ops tda998x_audio_codec_init [tda998x])
[   19.786102] [drm] Initialized tilcdc 1.0.0 for 4830e000.lcdc on minor 0
[   19.887301] tilcdc 4830e000.lcdc: [drm] Cannot find any crtc or sizes
[   19.907712] tilcdc 4830e000.lcdc: [drm] Cannot find any crtc or sizes
[   20.753795] PM: Cannot get wkup_m3_ipc handle
[   20.812803] omap-sham 53100000.sham: hw accel on OMAP rev 4.3
[   20.929054] omap-sham 53100000.sham: will run requests pump with realtime priority
[   20.938937] PM: Cannot get wkup_m3_ipc handle
[   21.176242] omap-aes 53500000.aes: OMAP AES hw accel rev: 3.2
[   21.292192] omap-aes 53500000.aes: will run requests pump with realtime priority
[   21.308708] PM: Cannot get wkup_m3_ipc handle
[   23.013583] Bluetooth: Core ver 2.22
[   23.017977] NET: Registered PF_BLUETOOTH protocol family
[   23.023565] Bluetooth: HCI device and connection manager initialized
[   23.029989] Bluetooth: HCI socket layer initialized
[   23.035156] Bluetooth: L2CAP socket layer initialized
[   23.040292] Bluetooth: SCO socket layer initialized
[   24.771733] PM: Cannot get wkup_m3_ipc handle
[   24.777559] asoc-simple-card sound: using DT '/sound' for 'simple-audio-card,hp-det' GPIO lookup
[   24.777629] of_get_named_gpiod_flags: can't parse 'simple-audio-card,hp-det-gpios' property of node '/sound[0]'
[   24.777666] of_get_named_gpiod_flags: can't parse 'simple-audio-card,hp-det-gpio' property of node '/sound[0]'
[   24.777691] asoc-simple-card sound: using lookup tables for GPIO lookup
[   24.777704] asoc-simple-card sound: No GPIO consumer simple-audio-card,hp-det found
[   24.777719] asoc-simple-card sound: using DT '/sound' for 'simple-audio-card,mic-det' GPIO lookup
[   24.777743] of_get_named_gpiod_flags: can't parse 'simple-audio-card,mic-det-gpios' property of node '/sound[0]'
[   24.777768] of_get_named_gpiod_flags: can't parse 'simple-audio-card,mic-det-gpio' property of node '/sound[0]'
[   24.777788] asoc-simple-card sound: using lookup tables for GPIO lookup
[   24.777799] asoc-simple-card sound: No GPIO consumer simple-audio-card,mic-det found
[   24.894878] PM: Cannot get wkup_m3_ipc handle
[   28.515207] userial_init: registered 8 ttyGS* devices
[   28.704962] rndis_register: configNr = 0
[   28.766261] udc musb-hdrc.0: binding gadget driver [g_multi]
[   28.766352] configfs-gadget.g_multi gadget.0: adding 'rndis'/401417e5 to config 'c'/f9468894
[   28.767458] configfs-gadget.g_multi gadget.0: HOST MAC 1c:ba:8c:a2:ed:6c
[   28.774450] configfs-gadget.g_multi gadget.0: MAC 1c:ba:8c:a2:ed:70
[   28.780817] rndis_set_param_medium: 0 0
[   28.780839] configfs-gadget.g_multi gadget.0: RNDIS: IN/ep1in OUT/ep1out NOTIFY/ep2in
[   28.780857] configfs-gadget.g_multi gadget.0: adding 'cdc_ethernet'/3b05095a to config 'c'/f9468894
[   28.781811] configfs-gadget.g_multi gadget.0: HOST MAC 1c:ba:8c:a2:ed:6c
[   28.788577] configfs-gadget.g_multi gadget.0: MAC 1c:ba:8c:a2:ed:6d
[   28.794975] configfs-gadget.g_multi gadget.0: CDC Ethernet: IN/ep3in OUT/ep2out NOTIFY/ep4in
[   28.794995] configfs-gadget.g_multi gadget.0: adding 'acm'/cc1b639c to config 'c'/f9468894
[   28.795029] configfs-gadget.g_multi gadget.0: acm ttyGS0: IN/ep5in OUT/ep3out NOTIFY/ep6in
[   28.802110] PM: Cannot get wkup_m3_ipc handle
[   31.229118] configfs-gadget.g_multi gadget.0: eth_open
[   34.895429] gs_open: ttyGS0 (c8720531,a82051eb)
[   34.895575] gs_close: ttyGS0 (c8720531,a82051eb) ...
[   34.895597] gs_close: ttyGS0 (c8720531,a82051eb) done!
[   34.909255] gs_open: ttyGS0 (49baf02a,a8c5684f)
[   34.909366] gs_close: ttyGS0 (49baf02a,a8c5684f) ...
[   34.909386] gs_close: ttyGS0 (49baf02a,a8c5684f) done!
[   35.091763] gs_open: ttyGS0 (c8720531,2f7ac95d)
[   35.094738] gs_close: ttyGS0 (c8720531,2f7ac95d) ...
[   35.094797] gs_close: ttyGS0 (c8720531,2f7ac95d) done!
[   35.096802] gs_open: ttyGS0 (c8720531,bbafa898)
MFBGALUKVA 0
root@arm:~# echo 'GLOW''HQQBST'
GLOWHQQBST
root@arm:~# MARKER='VNFK''KBZMNB' run 'modprobe test_linear_ranges'
VNFKKBZMNBVNFKKBZMNB 0
root@arm:~# echo 'JXWN''PJHNSO'
JXWNPJHNSO
root@arm:~# MARKER='CWUM''OMXSBX' run dmesg
CWUMOMXSBX[    0.000000] Booting Linux on physical CPU 0x0
[    0.000000] Linux version 6.12.46 (user01@drvtest01) (arm-none-eabi-gcc (Arm GNU Toolchain 14.2.Rel1 (Build arm-14.52)) 14.2.1 20241119, GNU ld (Arm GNU Toolchain 14.2.Rel1 (Build arm-14.52)) 2.43.1.20241119) #1 SMP Tue Sep  9 22:01:41 EEST 2025
[    0.000000] CPU: ARMv7 Processor [413fc082] revision 2 (ARMv7), cr=10c5387d
[    0.000000] CPU: PIPT / VIPT nonaliasing data cache, VIPT aliasing instruction cache
[    0.000000] OF: fdt: Machine model: TI AM335x BeagleBone Black
[    0.000000] Memory policy: Data cache writeback
[    0.000000] cma: Reserved 16 MiB at 0x9e800000 on node -1
[    0.000000] Zone ranges:
[    0.000000]   Normal   [mem 0x0000000080000000-0x000000009fdfffff]
[    0.000000]   HighMem  empty
[    0.000000] Movable zone start for each node
[    0.000000] Early memory node ranges
[    0.000000]   node   0: [mem 0x0000000080000000-0x000000009fdfffff]
[    0.000000] Initmem setup node 0 [mem 0x0000000080000000-0x000000009fdfffff]
[    0.000000] OF: reserved mem: Reserved memory: No reserved-memory node in the DT
[    0.000000] CPU: All CPU(s) started in SVC mode.
[    0.000000] AM335X ES2.1 (sgx neon)
[    0.000000] percpu: Embedded 17 pages/cpu s40396 r8192 d21044 u69632
[    0.000000] pcpu-alloc: s40396 r8192 d21044 u69632 alloc=17*4096
[    0.000000] pcpu-alloc: [0] 0 
[    0.000000] Kernel command line: console=ttyO0,115200n8 root=/dev/nfs rw nfsroot=192.168.255.126:/home/user01/nfs,nfsvers=3 ip=192.168.255.1:192.168.255.126::255.255.255.0:bbb1:eth0 nfsrootdebug
[    0.000000] Unknown kernel command line parameters "nfsrootdebug", will be passed to user space.
[    0.000000] Dentry cache hash table entries: 65536 (order: 6, 262144 bytes, linear)
[    0.000000] Inode-cache hash table entries: 32768 (order: 5, 131072 bytes, linear)
[    0.000000] Built 1 zonelists, mobility grouping on.  Total pages: 130560
[    0.000000] mem auto-init: stack:off, heap alloc:off, heap free:off
[    0.000000] SLUB: HWalign=64, Order=0-3, MinObjects=0, CPUs=1, Nodes=1
[    0.000000] rcu: Hierarchical RCU implementation.
[    0.000000] rcu: 	RCU event tracing is enabled.
[    0.000000] rcu: 	RCU restricting CPUs from NR_CPUS=2 to nr_cpu_ids=1.
[    0.000000] rcu: RCU calculated value of scheduler-enlistment delay is 10 jiffies.
[    0.000000] rcu: Adjusting geometry for rcu_fanout_leaf=16, nr_cpu_ids=1
[    0.000000] NR_IRQS: 16, nr_irqs: 16, preallocated irqs: 16
[    0.000000] IRQ: Found an INTC at 0x(ptrval) (revision 5.0) with 128 interrupts
[    0.000000] rcu: srcu_init: Setting srcu_struct sizes based on contention.
[    0.000000] TI gptimer clocksource: always-on /ocp/interconnect@44c00000/segment@200000/target-module@31000
[    0.000002] sched_clock: 32 bits at 24MHz, resolution 41ns, wraps every 89478484971ns
[    0.000028] clocksource: dmtimer: mask: 0xffffffff max_cycles: 0xffffffff, max_idle_ns: 79635851949 ns
[    0.000492] TI gptimer clockevent: 24000000 Hz at /ocp/interconnect@48000000/segment@0/target-module@40000
[    0.002086] Console: colour dummy device 80x30
[    0.002151] WARNING: Your 'console=ttyO0' has been replaced by 'ttyS0'
[    0.002159] This ensures that you still see kernel messages. Please
[    0.002164] update your kernel commandline.
[    0.002207] Calibrating delay loop... 996.14 BogoMIPS (lpj=4980736)
[    0.090536] CPU: Testing write buffer coherency: ok
[    0.090648] CPU0: Spectre v2: using BPIALL workaround
[    0.090658] pid_max: default: 32768 minimum: 301
[    0.090789] LSM: initializing lsm=capability
[    0.090962] Mount-cache hash table entries: 1024 (order: 0, 4096 bytes, linear)
[    0.090982] Mountpoint-cache hash table entries: 1024 (order: 0, 4096 bytes, linear)
[    0.092547] CPU0: thread -1, cpu 0, socket -1, mpidr 0
[    0.094582] Setting up static identity map for 0x80100000 - 0x80100078
[    0.094890] rcu: Hierarchical SRCU implementation.
[    0.094900] rcu: 	Max phase no-delay instances is 1000.
[    0.096661] smp: Bringing up secondary CPUs ...
[    0.096716] smp: Brought up 1 node, 1 CPU
[    0.096729] SMP: Total of 1 processors activated (996.14 BogoMIPS).
[    0.096741] CPU: All CPU(s) started in SVC mode.
[    0.096923] Memory: 480864K/522240K available (11264K kernel code, 1212K rwdata, 2880K rodata, 1024K init, 299K bss, 23364K reserved, 16384K cma-reserved, 0K highmem)
[    0.097724] devtmpfs: initialized
[    0.114270] VFP support v0.3: implementor 41 architecture 3 part 30 variant c rev 3
[    0.114618] clocksource: jiffies: mask: 0xffffffff max_cycles: 0xffffffff, max_idle_ns: 19112604462750000 ns
[    0.114653] futex hash table entries: 256 (order: 2, 16384 bytes, linear)
[    0.116087] pinctrl core: initialized pinctrl subsystem
[    0.118208] NET: Registered PF_NETLINK/PF_ROUTE protocol family
[    0.121247] DMA: preallocated 256 KiB pool for atomic coherent allocations
[    0.122166] audit: initializing netlink subsys (disabled)
[    0.123518] thermal_sys: Registered thermal governor 'fair_share'
[    0.123534] thermal_sys: Registered thermal governor 'step_wise'
[    0.123544] thermal_sys: Registered thermal governor 'user_space'
[    0.123659] audit: type=2000 audit(0.120:1): state=initialized audit_enabled=0 res=1
[    0.123732] cpuidle: using governor menu
[    0.141430] /ocp/interconnect@44c00000/segment@200000/target-module@b000/i2c@0/tda19988@70: Fixed dependency cycle(s) with /ocp/interconnect@48000000/segment@300000/target-module@e000/lcdc@0
[    0.142559] /ocp/interconnect@48000000/segment@300000/target-module@e000/lcdc@0: Fixed dependency cycle(s) with /ocp/interconnect@44c00000/segment@200000/target-module@b000/i2c@0/tda19988@70
[    0.144729] No ATAGs?
[    0.144746] hw-breakpoint: debug architecture 0x4 unsupported.
[    0.147365] kprobes: kprobe jump-optimization is enabled. All kprobes are optimized if possible.
[    0.153993] iommu: Default domain type: Translated
[    0.154016] iommu: DMA domain TLB invalidation policy: strict mode
[    0.155575] reg-fixed-voltage fixedregulator0: using DT '/fixedregulator0' for '(default)' GPIO lookup
[    0.155629] of_get_named_gpiod_flags: can't parse 'gpios' property of node '/fixedregulator0[0]'
[    0.155658] of_get_named_gpiod_flags: can't parse 'gpio' property of node '/fixedregulator0[0]'
[    0.155677] reg-fixed-voltage fixedregulator0: using lookup tables for GPIO lookup
[    0.155686] reg-fixed-voltage fixedregulator0: No GPIO consumer (default) found
[    0.161439] SCSI subsystem initialized
[    0.161917] libata version 3.00 loaded.
[    0.162283] pps_core: LinuxPPS API ver. 1 registered
[    0.162294] pps_core: Software ver. 5.3.6 - Copyright 2005-2007 Rodolfo Giometti <giometti@linux.it>
[    0.162317] PTP clock support registered
[    0.171109] vgaarb: loaded
[    0.171464] clocksource: Switched to clocksource dmtimer
[    0.172113] VFS: Disk quotas dquot_6.6.0
[    0.172158] VFS: Dquot-cache hash table entries: 1024 (order 0, 4096 bytes)
[    0.195998] NET: Registered PF_INET protocol family
[    0.196338] IP idents hash table entries: 8192 (order: 4, 65536 bytes, linear)
[    0.197702] tcp_listen_portaddr_hash hash table entries: 512 (order: 0, 4096 bytes, linear)
[    0.197737] Table-perturb hash table entries: 65536 (order: 6, 262144 bytes, linear)
[    0.197754] TCP established hash table entries: 4096 (order: 2, 16384 bytes, linear)
[    0.197801] TCP bind hash table entries: 4096 (order: 4, 65536 bytes, linear)
[    0.197901] TCP: Hash tables configured (established 4096 bind 4096)
[    0.198018] UDP hash table entries: 256 (order: 1, 8192 bytes, linear)
[    0.198046] UDP-Lite hash table entries: 256 (order: 1, 8192 bytes, linear)
[    0.198223] NET: Registered PF_UNIX/PF_LOCAL protocol family
[    0.202136] RPC: Registered named UNIX socket transport module.
[    0.202159] RPC: Registered udp transport module.
[    0.202166] RPC: Registered tcp transport module.
[    0.202171] RPC: Registered tcp-with-tls transport module.
[    0.202176] RPC: Registered tcp NFSv4.1 backchannel transport module.
[    0.202200] PCI: CLS 0 bytes, default 64
[    0.203597] Initialise system trusted keyrings
[    0.211930] workingset: timestamp_bits=14 max_order=17 bucket_order=3
[    0.213225] NFS: Registering the id_resolver key type
[    0.213294] Key type id_resolver registered
[    0.213303] Key type id_legacy registered
[    0.213351] jffs2: version 2.2. (NAND) (SUMMARY)  Â© 2001-2006 Red Hat, Inc.
[    0.213750] Key type asymmetric registered
[    0.213764] Asymmetric key parser 'x509' registered
[    0.213832] io scheduler mq-deadline registered
[    0.213843] io scheduler kyber registered
[    0.213909] io scheduler bfq registered
[    0.215770] target-module@4b000000:target-module@140000:pmu@0:fck: device ID is greater than 24
[    0.221938] l3-aon-clkctrl:0000:0: failed to disable
[    0.222197] ledtrig-cpu: registered to indicate activity on CPUs
[    0.231724] Serial: 8250/16550 driver, 6 ports, IRQ sharing enabled
[    0.266427] brd: module loaded
[    0.294969] loop: module loaded
[    0.295892] mtdoops: mtd device (mtddev=name/number) must be supplied
[    0.297578] mdio_bus fixed-0: using lookup tables for GPIO lookup
[    0.297602] mdio_bus fixed-0: No GPIO consumer reset found
[    0.298981] i2c_dev: i2c /dev entries driver
[    0.299939] cpuidle: enable-method property 'ti,am3352' found operations
[    0.300385] sdhci: Secure Digital Host Controller Interface driver
[    0.300394] sdhci: Copyright(c) Pierre Ossman
[    0.300571] sdhci-pltfm: SDHCI platform and OF driver helper
[    0.302210] hw perfevents: enabled with armv7_cortex_a8 PMU driver, 5 (8000000f) counters available
[    0.302726] Initializing XFRM netlink socket
[    0.302864] NET: Registered PF_INET6 protocol family
[    0.308493] l3-aon-clkctrl:0000:0: failed to disable
[    0.309834] Segment Routing with IPv6
[    0.309917] In-situ OAM (IOAM) with IPv6
[    0.310012] sit: IPv6, IPv4 and MPLS over IPv4 tunneling driver
[    0.310923] NET: Registered PF_PACKET protocol family
[    0.310951] NET: Registered PF_KEY protocol family
[    0.311061] Key type dns_resolver registered
[    0.311285] ThumbEE CPU extension supported.
[    0.311305] Registering SWP/SWPB emulation handler
[    0.312022] omap_voltage_late_init: Voltage driver support not added
[    0.312768] SmartReflex Class3 initialized
[    0.335064] Loading compiled-in X.509 certificates
[    0.374503] /ocp/interconnect@44c00000/segment@200000/target-module@b000/i2c@0/tda19988@70: Fixed dependency cycle(s) with /ocp/interconnect@48000000/segment@300000/target-module@e000/lcdc@0
[    0.380622] /ocp/interconnect@44c00000/segment@200000/target-module@b000/i2c@0/tda19988@70: Fixed dependency cycle(s) with /ocp/interconnect@48000000/segment@300000/target-module@e000/lcdc@0
[    0.386114] gpiochip_find_base_unlocked: found new base at 512
[    0.420144] /ocp/interconnect@44c00000/segment@200000/target-module@b000/i2c@0/tda19988@70: Fixed dependency cycle(s) with /ocp/interconnect@48000000/segment@300000/target-module@e000/lcdc@0
[    0.420981] /ocp/interconnect@44c00000/segment@200000/target-module@b000/i2c@0/tda19988@70: Fixed dependency cycle(s) with /ocp/interconnect@48000000/segment@300000/target-module@e000/lcdc@0
[    0.424558] /ocp/interconnect@44c00000/segment@200000/target-module@10000/scm@0/pinmux@800: Fixed dependency cycle(s) with /ocp/interconnect@44c00000/segment@200000/target-module@10000/scm@0/pinmux@800/clkout2-pins
[    0.425242] pinctrl-single 44e10800.pinmux: 142 pins, size 568
[    0.430193] ti-sysc 44e31000.target-module: probe with driver ti-sysc failed with error -16
[    0.449704] /ocp/interconnect@48000000/segment@300000/target-module@e000/lcdc@0: Fixed dependency cycle(s) with /ocp/interconnect@44c00000/segment@200000/target-module@b000/i2c@0/tda19988@70
[    0.457498] ti-sysc 48040000.target-module: probe with driver ti-sysc failed with error -16
[    0.468408] gpiochip_find_base_unlocked: found new base at 512
[    0.468507] gpio gpiochip0: (gpio-0-31): created GPIO range 0->7 ==> 44e10800.pinmux PIN 0->7
[    0.468527] gpio gpiochip0: (gpio-0-31): created GPIO range 8->11 ==> 44e10800.pinmux PIN 90->93
[    0.468542] gpio gpiochip0: (gpio-0-31): created GPIO range 12->27 ==> 44e10800.pinmux PIN 12->27
[    0.468558] gpio gpiochip0: (gpio-0-31): created GPIO range 28->31 ==> 44e10800.pinmux PIN 30->33
[    0.513534] gpio gpiochip0: (gpio-0-31): added GPIO chardev (254:0)
[    0.513704] gpio gpiochip0: registered GPIOs 512 to 543 on gpio-0-31
[    0.513795] OMAP GPIO hardware version 0.1
[    0.547753] i2c i2c-2: using DT '/ocp/interconnect@48000000/segment@100000/target-module@9c000/i2c@0' for 'scl' GPIO lookup
[    0.547827] of_get_named_gpiod_flags: can't parse 'scl-gpios' property of node '/ocp/interconnect@48000000/segment@100000/target-module@9c000/i2c@0[0]'
[    0.547870] of_get_named_gpiod_flags: can't parse 'scl-gpio' property of node '/ocp/interconnect@48000000/segment@100000/target-module@9c000/i2c@0[0]'
[    0.547906] i2c i2c-2: using lookup tables for GPIO lookup
[    0.547915] i2c i2c-2: No GPIO consumer scl found
[    0.547936] i2c i2c-2: using DT '/ocp/interconnect@48000000/segment@100000/target-module@9c000/i2c@0' for 'sda' GPIO lookup
[    0.547971] of_get_named_gpiod_flags: can't parse 'sda-gpios' property of node '/ocp/interconnect@48000000/segment@100000/target-module@9c000/i2c@0[0]'
[    0.548008] of_get_named_gpiod_flags: can't parse 'sda-gpio' property of node '/ocp/interconnect@48000000/segment@100000/target-module@9c000/i2c@0[0]'
[    0.548039] i2c i2c-2: using lookup tables for GPIO lookup
[    0.548046] i2c i2c-2: No GPIO consumer sda found
[    0.548760] omap_i2c 4819c000.i2c: bus 2 rev0.11 at 100 kHz
[    0.554350] gpiochip_find_base_unlocked: found new base at 544
[    0.554449] gpio gpiochip1: (gpio-32-63): created GPIO range 0->17 ==> 44e10800.pinmux PIN 34->51
[    0.554469] gpio gpiochip1: (gpio-32-63): created GPIO range 18->21 ==> 44e10800.pinmux PIN 77->80
[    0.554484] gpio gpiochip1: (gpio-32-63): created GPIO range 22->31 ==> 44e10800.pinmux PIN 56->65
[    0.569670] gpio gpiochip1: (gpio-32-63): added GPIO chardev (254:1)
[    0.569836] gpio gpiochip1: registered GPIOs 544 to 575 on gpio-32-63
[    0.572224] gpiochip_find_base_unlocked: found new base at 576
[    0.572319] gpio gpiochip2: (gpio-64-95): created GPIO range 0->4 ==> 44e10800.pinmux PIN 66->70
[    0.572339] gpio gpiochip2: (gpio-64-95): created GPIO range 5->6 ==> 44e10800.pinmux PIN 98->99
[    0.572354] gpio gpiochip2: (gpio-64-95): created GPIO range 7->8 ==> 44e10800.pinmux PIN 75->76
[    0.572370] gpio gpiochip2: (gpio-64-95): created GPIO range 13->13 ==> 44e10800.pinmux PIN 141->141
[    0.572386] gpio gpiochip2: (gpio-64-95): created GPIO range 14->21 ==> 44e10800.pinmux PIN 100->107
[    0.573021] gpio gpiochip2: (gpio-64-95): added GPIO chardev (254:2)
[    0.573153] gpio gpiochip2: registered GPIOs 576 to 607 on gpio-64-95
[    0.578479] 48000000.interconnect:segment@200000:target-module@0:mpu@0:fck: device ID is greater than 24
[    0.579355] /ocp/interconnect@48000000/segment@300000/target-module@e000/lcdc@0: Fixed dependency cycle(s) with /ocp/interconnect@44c00000/segment@200000/target-module@b000/i2c@0/tda19988@70
[    0.582191] /ocp/interconnect@48000000/segment@300000/target-module@e000/lcdc@0: Fixed dependency cycle(s) with /ocp/interconnect@44c00000/segment@200000/target-module@b000/i2c@0/tda19988@70
[    0.582897] /ocp/interconnect@44c00000/segment@200000/target-module@b000/i2c@0/tda19988@70: Fixed dependency cycle(s) with /ocp/interconnect@48000000/segment@300000/target-module@e000/lcdc@0
[    0.583063] /ocp/interconnect@48000000/segment@300000/target-module@e000/lcdc@0: Fixed dependency cycle(s) with /ocp/interconnect@44c00000/segment@200000/target-module@b000/i2c@0/tda19988@70
[    0.592289] mdio_bus 4a101000.mdio: using DT '/ocp/interconnect@4a000000/segment@0/target-module@100000/switch@0/mdio@1000' for 'reset' GPIO lookup
[    0.592360] of_get_named_gpiod_flags: can't parse 'reset-gpios' property of node '/ocp/interconnect@4a000000/segment@0/target-module@100000/switch@0/mdio@1000[0]'
[    0.592407] of_get_named_gpiod_flags: can't parse 'reset-gpio' property of node '/ocp/interconnect@4a000000/segment@0/target-module@100000/switch@0/mdio@1000[0]'
[    0.592455] mdio_bus 4a101000.mdio: using lookup tables for GPIO lookup
[    0.592465] mdio_bus 4a101000.mdio: No GPIO consumer reset found
[    0.593665] sdhci-omap 481d8000.mmc: using DT '/ocp/interconnect@48000000/segment@100000/target-module@d8000/mmc@0' for 'wp' GPIO lookup
[    0.593728] of_get_named_gpiod_flags: can't parse 'wp-gpios' property of node '/ocp/interconnect@48000000/segment@100000/target-module@d8000/mmc@0[0]'
[    0.593769] of_get_named_gpiod_flags: can't parse 'wp-gpio' property of node '/ocp/interconnect@48000000/segment@100000/target-module@d8000/mmc@0[0]'
[    0.593803] sdhci-omap 481d8000.mmc: using lookup tables for GPIO lookup
[    0.593812] sdhci-omap 481d8000.mmc: No GPIO consumer wp found
[    0.594008] sdhci-omap 481d8000.mmc: supply pbias not found, using dummy regulator
[    0.594490] sdhci-omap 481d8000.mmc: supply vqmmc not found, using dummy regulator
[    0.660770] davinci_mdio 4a101000.mdio: davinci mdio revision 1.6, bus freq 1000000
[    0.682755] mdio_bus 4a101000.mdio:00: using DT '/ocp/interconnect@4a000000/segment@0/target-module@100000/switch@0/mdio@1000/ethernet-phy@0' for 'reset' GPIO lookup
[    0.682860] of_get_named_gpiod_flags: parsed 'reset-gpios' property of node '/ocp/interconnect@4a000000/segment@0/target-module@100000/switch@0/mdio@1000/ethernet-phy@0[0]' - status (0)
[    0.683021] gpio gpiochip0: Persistence not supported for GPIO 8
[    0.778452] davinci_mdio 4a101000.mdio: phy[0]: device 4a101000.mdio:00, driver SMSC LAN8710/LAN8720
[    0.779215] cpsw-switch 4a100000.switch: initialized cpsw ale version 1.4
[    0.779240] cpsw-switch 4a100000.switch: ALE Table size 1024, Policers 0
[    0.779554] cpsw-switch 4a100000.switch: cpts: overflow check period 500 (jiffies)
[    0.779574] cpsw-switch 4a100000.switch: CPTS: ref_clk_freq:250000000 calc_mult:2147483648 calc_shift:29 error:0 nsec/sec
[    0.779686] cpsw-switch 4a100000.switch: Detected MACID = 6c:ec:eb:68:de:78
[    0.781694] cpsw-switch 4a100000.switch: initialized (regs 0x4a100000, pool size 256) hw_ver:0019010C 1.12 (0)
[    0.792236] debugfs: Directory '49000000.dma' with parent 'dmaengine' already present!
[    0.792276] edma 49000000.dma: TI EDMA DMA engine driver
[    0.820913] gpio-clk clk_mcasp0: using DT '/clk_mcasp0' for 'enable' GPIO lookup
[    0.820995] of_get_named_gpiod_flags: parsed 'enable-gpios' property of node '/clk_mcasp0[0]' - status (0)
[    0.821043] gpio gpiochip0: Persistence not supported for GPIO 27
[    0.822165] gpiochip_find_base_unlocked: found new base at 608
[    0.822290] gpio gpiochip3: (gpio-96-127): created GPIO range 0->7 ==> 44e10800.pinmux PIN 82->89
[    0.822312] gpio gpiochip3: (gpio-96-127): created GPIO range 8->11 ==> 44e10800.pinmux PIN 52->55
[    0.822328] gpio gpiochip3: (gpio-96-127): created GPIO range 12->15 ==> 44e10800.pinmux PIN 94->97
[    0.822343] gpio gpiochip3: (gpio-96-127): created GPIO range 16->17 ==> 44e10800.pinmux PIN 71->72
[    0.822360] gpio gpiochip3: (gpio-96-127): created GPIO range 18->18 ==> 44e10800.pinmux PIN 135->135
[    0.822377] gpio gpiochip3: (gpio-96-127): created GPIO range 19->20 ==> 44e10800.pinmux PIN 108->109
[    0.822394] gpio gpiochip3: (gpio-96-127): created GPIO range 21->21 ==> 44e10800.pinmux PIN 73->73
[    0.822411] gpio gpiochip3: (gpio-96-127): created GPIO range 22->23 ==> 44e10800.pinmux PIN 8->9
[    0.822428] gpio gpiochip3: (gpio-96-127): created GPIO range 26->27 ==> 44e10800.pinmux PIN 10->11
[    0.822445] gpio gpiochip3: (gpio-96-127): created GPIO range 28->28 ==> 44e10800.pinmux PIN 74->74
[    0.822463] gpio gpiochip3: (gpio-96-127): created GPIO range 29->29 ==> 44e10800.pinmux PIN 81->81
[    0.822481] gpio gpiochip3: (gpio-96-127): created GPIO range 30->31 ==> 44e10800.pinmux PIN 28->29
[    0.835777] gpio gpiochip3: (gpio-96-127): added GPIO chardev (254:3)
[    0.835941] gpio gpiochip3: registered GPIOs 608 to 639 on gpio-96-127
[    0.837844] omap8250 44e09000.serial: using DT '/ocp/interconnect@44c00000/segment@200000/target-module@9000/serial@0' for 'rs485-term' GPIO lookup
[    0.837917] of_get_named_gpiod_flags: can't parse 'rs485-term-gpios' property of node '/ocp/interconnect@44c00000/segment@200000/target-module@9000/serial@0[0]'
[    0.837963] of_get_named_gpiod_flags: can't parse 'rs485-term-gpio' property of node '/ocp/interconnect@44c00000/segment@200000/target-module@9000/serial@0[0]'
[    0.838000] omap8250 44e09000.serial: using lookup tables for GPIO lookup
[    0.838009] omap8250 44e09000.serial: No GPIO consumer rs485-term found
[    0.838019] omap8250 44e09000.serial: using DT '/ocp/interconnect@44c00000/segment@200000/target-module@9000/serial@0' for 'rs485-rx-during-tx' GPIO lookup
[    0.838054] of_get_named_gpiod_flags: can't parse 'rs485-rx-during-tx-gpios' property of node '/ocp/interconnect@44c00000/segment@200000/target-module@9000/serial@0[0]'
[    0.838090] of_get_named_gpiod_flags: can't parse 'rs485-rx-during-tx-gpio' property of node '/ocp/interconnect@44c00000/segment@200000/target-module@9000/serial@0[0]'
[    0.838121] omap8250 44e09000.serial: using lookup tables for GPIO lookup
[    0.838129] omap8250 44e09000.serial: No GPIO consumer rs485-rx-during-tx found
[    0.838608] 44e09000.serial: ttyS0 at MMIO 0x44e09000 (irq = 34, base_baud = 3000000) is a 8250
[    0.838698] printk: legacy console [ttyS0] enabled
[    2.300757] i2c i2c-0: using DT '/ocp/interconnect@44c00000/segment@200000/target-module@b000/i2c@0' for 'scl' GPIO lookup
[    2.300843] of_get_named_gpiod_flags: can't parse 'scl-gpios' property of node '/ocp/interconnect@44c00000/segment@200000/target-module@b000/i2c@0[0]'
[    2.300890] of_get_named_gpiod_flags: can't parse 'scl-gpio' property of node '/ocp/interconnect@44c00000/segment@200000/target-module@b000/i2c@0[0]'
[    2.300931] i2c i2c-0: using lookup tables for GPIO lookup
[    2.300944] i2c i2c-0: No GPIO consumer scl found
[    2.300968] i2c i2c-0: using DT '/ocp/interconnect@44c00000/segment@200000/target-module@b000/i2c@0' for 'sda' GPIO lookup
[    2.301007] of_get_named_gpiod_flags: can't parse 'sda-gpios' property of node '/ocp/interconnect@44c00000/segment@200000/target-module@b000/i2c@0[0]'
[    2.301047] of_get_named_gpiod_flags: can't parse 'sda-gpio' property of node '/ocp/interconnect@44c00000/segment@200000/target-module@b000/i2c@0[0]'
[    2.301082] i2c i2c-0: using lookup tables for GPIO lookup
[    2.301093] i2c i2c-0: No GPIO consumer sda found
[    2.322408] tps65217-pmic: Failed to locate of_node [id: -1]
[    2.328482] tps65217-bl: Failed to locate of_node [id: -1]
[    2.339688] tps65217 0-0024: TPS65217 ID 0xe version 1.2
[    2.345831] /ocp/interconnect@48000000/segment@300000/target-module@e000/lcdc@0: Fixed dependency cycle(s) with /ocp/interconnect@44c00000/segment@200000/target-module@b000/i2c@0/tda19988@70
[    2.363193] /ocp/interconnect@44c00000/segment@200000/target-module@b000/i2c@0/tda19988@70: Fixed dependency cycle(s) with /ocp/interconnect@48000000/segment@300000/target-module@e000/lcdc@0
[    2.380562] omap_i2c 44e0b000.i2c: bus 0 rev0.11 at 400 kHz
[    2.388319] sdhci-omap 48060000.mmc: using DT '/ocp/interconnect@48000000/segment@0/target-module@60000/mmc@0' for 'cd' GPIO lookup
[    2.388426] of_get_named_gpiod_flags: parsed 'cd-gpios' property of node '/ocp/interconnect@48000000/segment@0/target-module@60000/mmc@0[0]' - status (0)
[    2.388493] gpio gpiochip3: Persistence not supported for GPIO 6
[    2.388516] omap_gpio 44e07000.gpio: Could not set line 6 debounce to 200000 microseconds (-22)
[    2.397398] sdhci-omap 48060000.mmc: Got CD GPIO
[    2.402080] sdhci-omap 48060000.mmc: using DT '/ocp/interconnect@48000000/segment@0/target-module@60000/mmc@0' for 'wp' GPIO lookup
[    2.402127] of_get_named_gpiod_flags: can't parse 'wp-gpios' property of node '/ocp/interconnect@48000000/segment@0/target-module@60000/mmc@0[0]'
[    2.402170] of_get_named_gpiod_flags: can't parse 'wp-gpio' property of node '/ocp/interconnect@48000000/segment@0/target-module@60000/mmc@0[0]'
[    2.402210] sdhci-omap 48060000.mmc: using lookup tables for GPIO lookup
[    2.402223] sdhci-omap 48060000.mmc: No GPIO consumer wp found
[    2.402434] sdhci-omap 48060000.mmc: supply pbias not found, using dummy regulator
[    2.411078] sdhci-omap 481d8000.mmc: using DT '/ocp/interconnect@48000000/segment@100000/target-module@d8000/mmc@0' for 'wp' GPIO lookup
[    2.411150] of_get_named_gpiod_flags: can't parse 'wp-gpios' property of node '/ocp/interconnect@48000000/segment@100000/target-module@d8000/mmc@0[0]'
[    2.411197] of_get_named_gpiod_flags: can't parse 'wp-gpio' property of node '/ocp/interconnect@48000000/segment@100000/target-module@d8000/mmc@0[0]'
[    2.411235] sdhci-omap 481d8000.mmc: using lookup tables for GPIO lookup
[    2.411248] sdhci-omap 481d8000.mmc: No GPIO consumer wp found
[    2.412329] sdhci-omap 48060000.mmc: supply vqmmc not found, using dummy regulator
[    2.420878] sdhci-omap 481d8000.mmc: supply pbias not found, using dummy regulator
[    2.429474] sdhci-omap 481d8000.mmc: supply vqmmc not found, using dummy regulator
[    2.467965] mmc1: SDHCI controller on 481d8000.mmc [481d8000.mmc] using External DMA
[    2.477014] mmc0: SDHCI controller on 48060000.mmc [48060000.mmc] using External DMA
[    2.485876] cpsw-switch 4a100000.switch: starting ndev. mode: dual_mac
[    2.551876] mmc1: new high speed MMC card at address 0001
[    2.558727] mmcblk1: mmc1:0001 MMC04G 3.60 GiB
[    2.566234]  mmcblk1: p1 p2
[    2.570577] SMSC LAN8710/LAN8720 4a101000.mdio:00: attached PHY driver (mii_bus:phy_addr=4a101000.mdio:00, irq=POLL)
[    2.581543] mmcblk1boot0: mmc1:0001 MMC04G 2.00 MiB
[    2.594722] mmcblk1boot1: mmc1:0001 MMC04G 2.00 MiB
[    2.601806] mmcblk1rpmb: mmc1:0001 MMC04G 128 KiB, chardev (250:0)
[    2.624893] mmc0: new high speed SDHC card at address aaaa
[    2.631828] mmcblk0: mmc0:aaaa SE32G 29.7 GiB
[    2.640699]  mmcblk0: p1 p2
[    5.762238] cpsw-switch 4a100000.switch eth0: Link is Up - 100Mbps/Full - flow control off
[    5.791477] IP-Config: Complete:
[    5.794747]      device=eth0, hwaddr=6c:ec:eb:68:de:78, ipaddr=192.168.255.1, mask=255.255.255.0, gw=255.255.255.255
[    5.805383]      host=bbb1, domain=, nis-domain=(none)
[    5.810550]      bootserver=192.168.255.126, rootserver=192.168.255.126, rootpath=
[    5.810969] clk: Disabling unused clocks
[    5.822826] PM: genpd: Disabling unused power domains
[    5.827943] KTAP version 1
[    5.830664] 1..0
[    5.855601] VFS: Mounted root (nfs filesystem) on device 0:17.
[    5.862733] devtmpfs: mounted
[    5.867141] Freeing unused kernel image (initmem) memory: 1024K
[    5.874004] Run /sbin/init as init process
[    5.878138]   with arguments:
[    5.878151]     /sbin/init
[    5.878159]     nfsrootdebug
[    5.878169]   with environment:
[    5.878177]     HOME=/
[    5.878186]     TERM=linux
