Labgrid Console Logfile for main
Logfile started at 2025-10-29 18:06:15.196521
=== Log starts here ===
reading args
spl_load_image_fat_os: error reading image args, err - -1
reading u-boot.img
reading u-boot.img


U-Boot 2014.04-00014-g47880f5 (Apr 22 2014 - 13:23:54)

I2C:   ready
DRAM:  512 MiB
NAND:  0 MiB
MMC:   OMAP SD/MMC: 0, OMAP SD/MMC: 1
*** Warning - readenv() failed, using default environment

Net:   <ethaddr> not set. Validating first E-fuse MAC
cpsw, usb_ether
Hit any key to stop autoboot:  1  0 
gpio: pin 53 (gpio 53) value is 1
mmc0 is current device
gpio: pin 54 (gpio 54) value is 1
SD/MMC found on device 0
reading uEnv.txt
569 bytes read in 3 ms (184.6 KiB/s)
gpio: pin 55 (gpio 55) value is 1
Loaded environment from uEnv.txt
Importing environment from mmc ...
Checking if uenvcmd is set ...
gpio: pin 56 (gpio 56) value is 1
Running uenvcmd ...
cpsw Waiting for PHY auto negotiation to complete. done
link up on port 0, speed 100, full duplex
Using cpsw device
TFTP from server 192.168.255.126; our IP address is 192.168.255.1
Filename 'zImage'.
Load address: 0x81000000
Loading: *#################################################################
	 #################################################################
	 #################################################################
	 #################################################################
	 #################################################################
	 ########################################
	 2.4 MiB/s
done
Bytes transferred = 5353800 (51b148 hex)
link up on port 0, speed 100, full duplex
Using cpsw device
TFTP from server 192.168.255.126; our IP address is 192.168.255.1
Filename 'am335x-boneblack.dtb'.
Load address: 0x82000000
Loading: *#######
	 2.4 MiB/s
done
Bytes transferred = 97772 (17dec hex)
Kernel image @ 0x81000000 [ 0x000000 - 0x51b148 ]
## Flattened Device Tree blob at 82000000
   Booting using the fdt blob at 0x82000000
   Using Device Tree in place at 82000000, end 8201adeb

Starting kernel ...

[    0.000000] Booting Linux on physical CPU 0x0
[    0.000000] Linux version 6.6.115 (user01@drvtest01) (arm-none-eabi-gcc (Arm GNU Toolchain 14.2.Rel1 (Build arm-14.52)) 14.2.1 20241119, GNU ld (Arm GNU Toolchain 14.2.Rel1 (Build arm-14.52)) 2.43.1.20241119) #1 SMP Wed Oct 29 18:04:37 EET 2025
[    0.000000] CPU: ARMv7 Processor [413fc082] revision 2 (ARMv7), cr=10c5387d
[    0.000000] CPU: PIPT / VIPT nonaliasing data cache, VIPT aliasing instruction cache
[    0.000000] OF: fdt: Machine model: TI AM335x BeagleBone Black
[    0.000000] Memory policy: Data cache writeback
[    0.000000] cma: Reserved 16 MiB at 0x9e800000 on node -1
[    0.000000] Zone ranges:
[    0.000000]   Normal   [mem 0x0000000080000000-0x000000009fdfffff]
[    0.000000]   HighMem  empty
[    0.000000] Movable zone start for each node
[    0.000000] Early memory node ranges
[    0.000000]   node   0: [mem 0x0000000080000000-0x000000009fdfffff]
[    0.000000] Initmem setup node 0 [mem 0x0000000080000000-0x000000009fdfffff]
[    0.000000] CPU: All CPU(s) started in SVC mode.
[    0.000000] AM335X ES2.1 (sgx neon)
[    0.000000] percpu: Embedded 16 pages/cpu s36116 r8192 d21228 u65536
[    0.000000] Kernel command line: console=ttyO0,115200n8 root=/dev/nfs rw nfsroot=192.168.255.126:/home/user01/nfs,nfsvers=3 ip=192.168.255.1:192.168.255.126::255.255.255.0:bbb1:eth0 nfsrootdebug
[    0.000000] Unknown kernel command line parameters "nfsrootdebug", will be passed to user space.
[    0.000000] Dentry cache hash table entries: 65536 (order: 6, 262144 bytes, linear)
[    0.000000] Inode-cache hash table entries: 32768 (order: 5, 131072 bytes, linear)
[    0.000000] Built 1 zonelists, mobility grouping on.  Total pages: 129412
[    0.000000] mem auto-init: stack:off, heap alloc:off, heap free:off
[    0.000000] Memory: 483604K/522240K available (11264K kernel code, 1165K rwdata, 2704K rodata, 1024K init, 281K bss, 22252K reserved, 16384K cma-reserved, 0K highmem)
[    0.000000] SLUB: HWalign=64, Order=0-3, MinObjects=0, CPUs=1, Nodes=1
[    0.000000] rcu: Hierarchical RCU implementation.
[    0.000000] rcu: 	RCU event tracing is enabled.
[    0.000000] rcu: 	RCU restricting CPUs from NR_CPUS=2 to nr_cpu_ids=1.
[    0.000000] rcu: RCU calculated value of scheduler-enlistment delay is 10 jiffies.
[    0.000000] rcu: Adjusting geometry for rcu_fanout_leaf=16, nr_cpu_ids=1
[    0.000000] NR_IRQS: 16, nr_irqs: 16, preallocated irqs: 16
[    0.000000] IRQ: Found an INTC at 0x(ptrval) (revision 5.0) with 128 interrupts
[    0.000000] rcu: srcu_init: Setting srcu_struct sizes based on contention.
[    0.000000] TI gptimer clocksource: always-on /ocp/interconnect@44c00000/segment@200000/target-module@31000
[    0.000003] sched_clock: 32 bits at 24MHz, resolution 41ns, wraps every 89478484971ns
[    0.000029] clocksource: dmtimer: mask: 0xffffffff max_cycles: 0xffffffff, max_idle_ns: 79635851949 ns
[    0.000522] TI gptimer clockevent: 24000000 Hz at /ocp/interconnect@48000000/segment@0/target-module@40000
[    0.002088] Console: colour dummy device 80x30
[    0.002137] WARNING: Your 'console=ttyO0' has been replaced by 'ttyS0'
[    0.002145] This ensures that you still see kernel messages. Please
[    0.002149] update your kernel commandline.
[    0.002187] Calibrating delay loop... 996.14 BogoMIPS (lpj=4980736)
[    0.090576] CPU: Testing write buffer coherency: ok
[    0.090674] CPU0: Spectre v2: using BPIALL workaround
[    0.090687] pid_max: default: 32768 minimum: 301
[    0.090801] LSM: initializing lsm=capability,integrity
[    0.090970] Mount-cache hash table entries: 1024 (order: 0, 4096 bytes, linear)
[    0.090991] Mountpoint-cache hash table entries: 1024 (order: 0, 4096 bytes, linear)
[    0.092467] CPU0: thread -1, cpu 0, socket -1, mpidr 0
[    0.094085] Setting up static identity map for 0x80100000 - 0x80100078
[    0.094373] rcu: Hierarchical SRCU implementation.
[    0.094383] rcu: 	Max phase no-delay instances is 1000.
[    0.095759] smp: Bringing up secondary CPUs ...
[    0.095813] smp: Brought up 1 node, 1 CPU
[    0.095825] SMP: Total of 1 processors activated (996.14 BogoMIPS).
[    0.095837] CPU: All CPU(s) started in SVC mode.
[    0.096716] devtmpfs: initialized
[    0.113253] VFP support v0.3: implementor 41 architecture 3 part 30 variant c rev 3
[    0.113602] clocksource: jiffies: mask: 0xffffffff max_cycles: 0xffffffff, max_idle_ns: 19112604462750000 ns
[    0.113638] futex hash table entries: 256 (order: 2, 16384 bytes, linear)
[    0.114917] pinctrl core: initialized pinctrl subsystem
[    0.117069] NET: Registered PF_NETLINK/PF_ROUTE protocol family
[    0.119598] DMA: preallocated 256 KiB pool for atomic coherent allocations
[    0.120209] audit: initializing netlink subsys (disabled)
[    0.121774] thermal_sys: Registered thermal governor 'fair_share'
[    0.121794] thermal_sys: Registered thermal governor 'step_wise'
[    0.121800] thermal_sys: Registered thermal governor 'user_space'
[    0.121937] cpuidle: using governor menu
[    0.138266] /ocp/interconnect@44c00000/segment@200000/target-module@b000/i2c@0/tda19988@70: Fixed dependency cycle(s) with /ocp/interconnect@48000000/segment@300000/target-module@e000/lcdc@0
[    0.139309] /ocp/interconnect@48000000/segment@300000/target-module@e000/lcdc@0: Fixed dependency cycle(s) with /ocp/interconnect@44c00000/segment@200000/target-module@b000/i2c@0/tda19988@70
[    0.141535] No ATAGs?
[    0.141554] hw-breakpoint: debug architecture 0x4 unsupported.
[    0.144326] audit: type=2000 audit(0.120:1): state=initialized audit_enabled=0 res=1
[    0.144628] kprobes: kprobe jump-optimization is enabled. All kprobes are optimized if possible.
[    0.163282] iommu: Default domain type: Translated
[    0.163302] iommu: DMA domain TLB invalidation policy: strict mode
[    0.164760] SCSI subsystem initialized
[    0.166612] pps_core: LinuxPPS API ver. 1 registered
[    0.166623] pps_core: Software ver. 5.3.6 - Copyright 2005-2007 Rodolfo Giometti <giometti@linux.it>
[    0.166649] PTP clock support registered
[    0.170836] vgaarb: loaded
[    0.171169] clocksource: Switched to clocksource dmtimer
[    0.171779] VFS: Disk quotas dquot_6.6.0
[    0.171837] VFS: Dquot-cache hash table entries: 1024 (order 0, 4096 bytes)
[    0.203877] NET: Registered PF_INET protocol family
[    0.204221] IP idents hash table entries: 8192 (order: 4, 65536 bytes, linear)
[    0.205550] tcp_listen_portaddr_hash hash table entries: 512 (order: 0, 4096 bytes, linear)
[    0.205588] Table-perturb hash table entries: 65536 (order: 6, 262144 bytes, linear)
[    0.205605] TCP established hash table entries: 4096 (order: 2, 16384 bytes, linear)
[    0.205651] TCP bind hash table entries: 4096 (order: 4, 65536 bytes, linear)
[    0.205751] TCP: Hash tables configured (established 4096 bind 4096)
[    0.205878] UDP hash table entries: 256 (order: 1, 8192 bytes, linear)
[    0.205906] UDP-Lite hash table entries: 256 (order: 1, 8192 bytes, linear)
[    0.206081] NET: Registered PF_UNIX/PF_LOCAL protocol family
[    0.211808] RPC: Registered named UNIX socket transport module.
[    0.211829] RPC: Registered udp transport module.
[    0.211836] RPC: Registered tcp transport module.
[    0.211841] RPC: Registered tcp-with-tls transport module.
[    0.211846] RPC: Registered tcp NFSv4.1 backchannel transport module.
[    0.211870] PCI: CLS 0 bytes, default 64
[    0.213476] Initialise system trusted keyrings
[    0.221430] workingset: timestamp_bits=14 max_order=17 bucket_order=3
[    0.222647] NFS: Registering the id_resolver key type
[    0.222737] Key type id_resolver registered
[    0.222745] Key type id_legacy registered
[    0.222799] jffs2: version 2.2. (NAND) (SUMMARY)  Â© 2001-2006 Red Hat, Inc.
[    0.223268] Key type asymmetric registered
[    0.223284] Asymmetric key parser 'x509' registered
[    0.223376] io scheduler mq-deadline registered
[    0.223388] io scheduler kyber registered
[    0.223457] io scheduler bfq registered
[    0.233829] hw perfevents: enabled with armv7_cortex_a8 PMU driver, 5 counters available
[    0.242140] l3-aon-clkctrl:0000:0: failed to disable
[    0.254203] Serial: 8250/16550 driver, 6 ports, IRQ sharing enabled
[    0.305410] brd: module loaded
[    0.322722] loop: module loaded
[    0.323669] mtdoops: mtd device (mtddev=name/number) must be supplied
[    0.326385] i2c_dev: i2c /dev entries driver
[    0.327360] cpuidle: enable-method property 'ti,am3352' found operations
[    0.327823] sdhci: Secure Digital Host Controller Interface driver
[    0.327834] sdhci: Copyright(c) Pierre Ossman
[    0.328028] sdhci-pltfm: SDHCI platform and OF driver helper
[    0.328302] ledtrig-cpu: registered to indicate activity on CPUs
[    0.329068] Initializing XFRM netlink socket
[    0.329207] NET: Registered PF_INET6 protocol family
[    0.348921] Segment Routing with IPv6
[    0.349000] In-situ OAM (IOAM) with IPv6
[    0.349107] sit: IPv6, IPv4 and MPLS over IPv4 tunneling driver
[    0.350070] NET: Registered PF_PACKET protocol family
[    0.350099] NET: Registered PF_KEY protocol family
[    0.350234] Key type dns_resolver registered
[    0.350457] ThumbEE CPU extension supported.
[    0.350478] Registering SWP/SWPB emulation handler
[    0.350988] omap_voltage_late_init: Voltage driver support not added
[    0.351771] SmartReflex Class3 initialized
[    0.368234] Loading compiled-in X.509 certificates
[    0.405901] /ocp/interconnect@44c00000/segment@200000/target-module@b000/i2c@0/tda19988@70: Fixed dependency cycle(s) with /ocp/interconnect@48000000/segment@300000/target-module@e000/lcdc@0
[    0.412235] /ocp/interconnect@44c00000/segment@200000/target-module@b000/i2c@0/tda19988@70: Fixed dependency cycle(s) with /ocp/interconnect@48000000/segment@300000/target-module@e000/lcdc@ 0
[    0.420043] /ocp/interconnect@44c00000/segment@200000/target-module@b000/i2c@0/tda19988@70: Fixed dependency cycle(s) with /ocp/interconnect@48000000/segment@300000/target-module@e000/lcdc@0
[    0.420891] /ocp/interconnect@44c00000/segment@200000/target-module@b000/i2c@0/tda19988@70: Fixed dependency cycle(s) with /ocp/interconnect@48000000/segment@300000/target-module@e000/lcdc@0
[    0.424403] /ocp/interconnect@44c00000/segment@200000/target-module@10000/scm@0/pinmux@800: Fixed dependency cycle (s) with /ocp/interconnect@44c00000/segment@200000/target-module@10000/scm@0/pinmux@800/clkout2-pins
[    0.424994] pinctrl-single 44e10800.pinmux: 142 pins, size 568
[    0.430022] ti-sysc: probe of 44e31000.target-module failed with error -16
[    0.467749] /ocp/interconnect@48000000/segment@300000/target-module@e000/lcdc@0: Fixed dependency cycle(s) with /ocp/interconnect@44c00000/segment@200000/target-module@b000/i2c@0/tda19988@70
[    0.475644] ti-sysc: probe of 48040000.target-module failed with error -16
[    0.512387] OMAP GPIO hardware version 0.1
[    0.535386] omap_i2c 4819c000.i2c: bus 2 rev0.11 at 100 kHz
[    0.563856] /ocp/interconnect@48000000/segment@300000/target-module@e000/lcdc@0: Fixed dependency cycle(s) with /ocp/interconnect@44c00000/segment@200000/target-module@b000/i2c@0/tda19988@70
[    0.566517] /ocp/interconnect@48000000/segment@300000/target-module@e000/lcdc@0: Fixed dependency cycle(s) with /ocp/interconnect@44c00000/segment@200000/target-module@b000/i2c@0/tda19988@70
[    0.567198] /ocp/interconnect@44c00000/segment@200000/target-module@b000/i2c@0/tda19988@70: Fixed dependency cycle(s) with /ocp/interconnect@48000000/segment@300000/target-module@e000/lcdc@0
[    0.567361] /ocp/interconnect@48000000/segment@300000/target-module@e000/lcdc@0: Fixed dependency cycle(s) with /ocp/interconnect@44c00000/segment@200000/target-module@b000/i2c@0/tda19988@70
[    0.579391] sdhci-omap 481d8000.mmc: supply pbias not found, using dummy regulator
[    0.579874] sdhci-omap 481d8000.mmcget-module@b000/i2c@0/tda19988@70: Fixed dependency cycle(s) with /ocp/interconnect@48000000/segment@300000/target-module@e000/lcdc@0
[    2.200235] omap_i2c 44e0b000.i2c: bus 0 rev0.11 at 400 kHz
[    2.208247] omap_gpio 44e07000.gpio: Could not set line 6 debounce to 200000 microseconds (-22)
[    2.217148] sdhci-omap 48060000.mmc: Got CD GPIO
[    2.222180] sdhci-omap 48060000.mmc: supply pbias not found, using dummy regulator
[    2.232214] sdhci-omap 48060000.mmc: supply vqmmc not found, using dummy regulator
[    2.240742] sdhci-omap 481d8000.mmc: supply pbias not found, using dummy regulator
[    2.249200] sdhci-omap 481d8000.mmc: supply vqmmc not found, using dummy regulator
[    2.288604] mmc1: SDHCI controller on 481d8000.mmc [481d8000.mmc] using External DMA
[    2.297051] mmc0: SDHCI controller on 48060000.mmc [48060000.mmc] using External DMA
[    2.305756] cpsw-switch 4a100000.switch: starting ndev. mode: dual_mac
[    2.371453] mmc1: new high speed MMC card at address 0001
[    2.378349] mmcblk1: mmc1:0001 MMC04G 3.60 GiB
[    2.385795]  mmcblk1: p1 p2
[    2.389265] mmc0: new high speed SDHC card at address aaaa
[    2.396535] mmcblk1boot0: mmc1:0001 MMC04G 2.00 MiB
[    2.402865] mmcblk0: mmc0:aaaa SE32G 29.7 GiB
[    2.410710] mmcblk1boot1: mmc1:0001 MMC04G 2.00 MiB
[    2.416870]  mmcblk0: p1 p2
[    2.421073] mmcblk1rpmb: mmc1:0001 MMC04G 128 KiB, chardev (250:0)
[    2.482457] SMSC LAN8710/LAN8720 4a101000.mdio:00: attached PHY driver (mii_bus:phy_addr=4a101000.mdio:00, irq=POLL)
[    5.601899] cpsw-switch 4a100000.switch eth0: Link is Up - 100Mbps/Full - flow control off
[    5.641392] IP-Config: Complete:
[    5.644662]      device=eth0, hwaddr=6c:ec:eb:68:de:78, ipaddr=192.168.255.1, mask=255.255.255.0, gw=255.255.255.255
[    5.655325]      host=bbb1, domain=, nis-domain=(none)
[    5.660491]      bootserver=192.168.255.126, rootserver=192.168.255.126, rootpath=
[    5.660906] clk: Disabling unused clocks
[    5.672757] KTAP version 1
[    5.675485] 1..0
[    5.699208] VFS: Mounted root (nfs filesystem) on device 0:16.
[    5.706271] devtmpfs: mounted
[    5.710886] Freeing unused kernel image (initmem) memory: 1024K
[    5.717614] Run /sbin/init as init process
[    6.398314] systemd[1]: System time before build time, advancing clock.
[    7.851186] random: crng init done
[    7.923106] systemd[1]: systemd 232 running in system mode. (+PAM +AUDIT +SELINUX +IMA +APPARMOR +SMACK +SYSVINIT +UTMP +LIBCRYPTSETUP +GCRYPT +GNUTLS +ACL +XZ +LZ4 +SECCOMP +BLKID +ELFUTILS +KMOD +IDN)
[    7.942096] systemd[1]: Detected architecture arm.

Welcome to [1mDebian GNU/Linux 9 (stretch)[0m!

[    7.984015] systemd[1]: Set hostname to <arm>.
[    9.052041] systemd[1]: Listening on Journal Audit Socket.
[[0;32m  OK  [0m] Listening on Journal Audit Socket.
[    9.091714] systemd[1]: Reached target Remote File Systems.
[[0;32m  OK  [0m] Reached target Remote File Systems.
[    9.133193] systemd[1]: Listening on Journal Socket.
[[0;32m  OK  [0m] Listening on Journal Socket.
[    9.171922] systemd[1]: Listening on Journal Socket (/dev/log).
[[0;32m  OK  [0m] Listening on Journal Socket (/dev/log).
[    9.212022] systemd[1]: Started Dispatch Password Requests to Console Directory Watch.
[[0;32m  OK  [0m] Started Dispatch Password Requests to Console Directory Watch.
[    9.253143] systemd[1]: Listening on udev Control Socket.
[[0;32m  OK  [0m] Listening on udev Control Socket.
[    9.291505] systemd[1]: Reached target Swap.
[[0;32m  OK  [0m] Reached target Swap.
[[0;32m  OK  [0m] Created slice User and Session Slice.
[[0;32m  OK  [0m] Listening on Syslog Socket.
[[0;32m  OK  [0m] Listening on /dev/initctl Compatibility Named Pipe.
[[0;32m  OK  [0m] Created slice System Slice.
[[0;32m  OK  [0m] Reached target Slices.
         Starting Journal Service...
         Mounting Debug File System...
         Starting Remount Root and Kernel File Systems...
         Starting Load Kernel Modules...
[[0;32m  OK  [0m] Created slice system-getty.slice.
         Starting Create list of required stâ€¦ce nodes for the current kernel...
[[0;32m  OK  [0m] Set up automount Arbitrary Executabâ€¦rmats File System Automount Point.
         Mounting POSIX Message Queue File System...
[[0;32m  OK  [0m] Created slice system-serial\x2dgetty.slice.
[[0;32m  OK  [0m] Started Forward Password Requests to Wall Directory Watch.
[[0;32m  OK  [0m] Reached target Paths.
[[0;32m  OK  [0m] Reached target Encrypted Volumes.
[[0;32m  OK  [0m] Listening on udev Kernel Socket.
[[0;32m  OK  [0m] Mounted Debug File System.
[[0;32m  OK  [0m] Mounted POSIX Message Queue File System.
[[0;32m  OK  [0m] Started Remount Root and Kernel File Systems.
[[0;32m  OK  [0m] Started Load Kernel Modules.
[[0;32m  OK  [0m] Started Create list of required staâ€¦vice nodes for the current kernel.
         Starting Create Static Device Nodes in /dev...
         Starting Apply Kernel Variables...
         Mounting Configuration File System...
         Starting udev Coldplug all Devices...
         Starting Load/Save Random Seed...
[[0;32m  OK  [0m] Mounted Configuration File System.
[[0;32m  OK  [0m] Started Journal Service.
[[0;32m  OK  [0m] Started Apply Kernel Variables.
         Starting Flush Journal to Persistent Storage...
[[0;32m  OK  [0m] Started Load/Save Random Seed.
[[0;32m  OK  [0m] Started Create Static Device Nodes in /dev.
[[0;32m  OK  [0m] Reached target Local File Systems (Pre).
[[0;32m  OK  [0m] Reached target Local File Systems.
         Starting Raise network interfaces...
         Starting udev Kernel Device Manager...
[   11.415038] systemd-journald[83]: Received request to flush runtime journal from PID 1
[[0;32m  OK  [0m] Started Flush Journal to Persistent Storage.
         Starting Create Volatile Files and Directories...
[[0;32m  OK  [0m] Started udev Kernel Device Manager.
[[0;32m  OK  [0m] Started Create Volatile Files and Directories.
         Starting Network Time Synchronization...
         Starting Update UTMP about System Boot/Shutdown...
[[0;32m  OK  [0m] Started Update UTMP about System Boot/Shutdown.
[[0;32m  OK  [0m] Started Network Time Synchronization.
[[0;32m  OK  [0m] Reached target System Time Synchronized.
[[0;32m  OK  [0m] Started udev Coldplug all Devices.
[[0;32m  OK  [0m] Reached target System Initialization.
[[0;32m  OK  [0m] Listening on Avahi mDNS/DNS-SD Stack Activation Socket.
[[0;32m  OK  [0m] Listening on D-Bus System Message Bus Socket.
[[0;32m  OK  [0m] Reached target Sockets.
[[0;32m  OK  [0m] Started Daily apt download activities.
[[0;32m  OK  [0m] Started Daily apt upgrade and clean activities.
[[0;32m  OK  [0m] Started Daily Cleanup of Temporary Directories.
[[0;32m  OK  [0m] Reached target Timers.
[[0;32m  OK  [0m] Reached target Basic System.
[   14.933535] omap_wdt: OMAP Watchdog Timer Rev 0x01: initial timeout 60 sec
[   14.972339] remoteproc remoteproc0: wkup_m3 is available
         Starting System Logging Service...
         Starting Avahi mDNS/DNS-SD Stack...
[   15.205577] am335x-phy-driver 47401300.usb-phy: dummy supplies not allowed for exclusive requests
[   15.286539] at24 2-0054: supply vcc not found, using dummy regulator
         Starting DUN service...
[   15.502086] at24 2-0055: supply vcc not found, using dummy regulator
[   15.572069] at24 2-0056: supply vcc not found, using dummy regulator
         Starting Cape Manager Service...
[   15.699524] at24 2-0057: supply vcc not found, using dummy regulator
[   15.726678] am335x-phy-driver 47401b00.usb-phy: dummy supplies not allowed for exclusive requests
         Starting Generic Board Startup...
[   15.878259] tps6521x_pwrbutton tps65217-pwrbutton: DMA mask not set
[   15.889752] at24 0-0050: 32768 byte 24c256 EEPROM, writable, 1 bytes/write
         Starting Telephony service...
         Starting LSB: Load kernel modules needed to enable cpufreq scaling...
[   15.980020] input: tps65217_pwrbutton as /devices/platform/ocp/44c00000.interconnect/44c00000.interconnect:segment@200000/44e0b000.target-module/44e0b000.i2c/i2c-0/0-0024/tps65217-pwrbutton/input/input0
[   16.127504] omap_rtc 44e3e000.rtc: registered as rtc0
[   16.132852] omap_rtc 44e3e000.rtc: setting system clock to 2000-01-01T00:00:00 UTC (946684800)
         Starting LSB: Start busybox udhcpd at boot time...
[   16.336324] wkup_m3_ipc 44e11324.wkup_m3_ipc: IPC Request for A8->M3 Channel failed! -517
[[0;32m  OK  [0m] Started Regular background program processing daemon.
         Starting Login Service...
[[0;32m  OK  [0m] Started D-Bus System Message Bus.
[   17.254733] tda998x 0-0070: found TDA19988
[   17.328246] usbcore: registered new interface driver usbfs
[   17.334114] usbcore: registered new interface driver hub
[   17.339558] usbcore: registered new device driver usb
[   17.432122] wkup_m3_ipc 44e11324.wkup_m3_ipc: IPC Request for A8->M3 Channel failed! -517
[   18.185986] omap-mailbox 480c8000.mailbox: omap mailbox rev 0x400
[   18.259060] remoteproc remoteproc0: powering up wkup_m3
[   18.373493] musb-hdrc musb-hdrc.1: MUSB HDRC host driver
[   18.378910] musb-hdrc musb-hdrc.1: new USB bus registered, assigned bus number 1
[   18.543024] usb usb1: New USB device found, idVendor=1d6b, idProduct=0002, bcdDevice= 6.06
[   18.552458] usb usb1: New USB device strings: Mfr=3, Product=2, SerialNumber=1
[   18.559870] usb usb1: Product: MUSB HDRC host driver
[   18.564958] usb usb1: Manufacturer: Linux 6.6.115 musb-hcd
[   18.570475] usb usb1: SerialNumber: musb-hdrc.1
[   18.595001] remoteproc remoteproc0: Direct firmware load for am335x-pm-firmware.elf failed with error -2
[   18.604753] remoteproc remoteproc0: request_firmware failed: -2
[   18.610715] wkup_m3_ipc 44e11324.wkup_m3_ipc: rproc_boot failed
[   18.716287] hub 1-0:1.0: USB hub found
[   18.781636] hub 1-0:1.0: 1 port detected
[   20.564947] tilcdc 4830e000.lcdc: bound 0-0070 (ops tda998x_audio_codec_init [tda998x])
[   20.659324] omap_rng 48310000.rng: Random Number Generator ver. 20
[   20.681983] [drm] Initialized tilcdc 1.0.0 20121205 for 4830e000.lcdc on minor 0
[   20.771586] tilcdc 4830e000.lcdc: [drm] Cannot find any crtc or sizes
[   20.795918] tilcdc 4830e000.lcdc: [drm] Cannot find any crtc or sizes
[[0;32m  OK  [0m] Started Avahi mDNS/DNS-SD Stack.
[[0;32m  OK  [0m] Started Telephony service.
[[0;32m  OK  [0m] Started DUN service.
         Starting Connection service...
[[0;32m  OK  [0m] Started System Logging Service.
[[0;32m  OK  [0m] Started Cape Manager Service.
[   22.064943] PM: Cannot get wkup_m3_ipc handle
[   22.074153] omap-sham 53100000.sham: hw accel on OMAP rev 4.3
[   22.191107] omap-sham 53100000.sham: will run requests pump with realtime priority
[   22.226008] PM: Cannot get wkup_m3_ipc handle
[   22.468142] omap-aes 53500000.aes: OMAP AES hw accel rev: 3.2
[[0;32m  OK  [0m] Found device /dev/ttyS0.
[   22.617297] omap-aes 53500000.aes: will run requests pump with realtime priority
[   22.630614] PM: Cannot get wkup_m3_ipc handle
[   22.673772] Bluetooth: Core ver 2.22
[   22.677618] NET: Registered PF_BLUETOOTH protocol family
[   22.683100] Bluetooth: HCI device and connection manager initialized
[   22.689513] Bluetooth: HCI socket layer initialized
[   22.694455] Bluetooth: L2CAP socket layer initialized
[   22.699568] Bluetooth: SCO socket layer initialized
[   25.500154] PM: Cannot get wkup_m3_ipc handle
[   25.642311] PM: Cannot get wkup_m3_ipc handle
[[0;32m  OK  [0m] Started Raise network interfaces.
[[0;32m  OK  [0m] Started LSB: Start busybox udhcpd at boot time.
[[0;32m  OK  [0m] Started LSB: Load kernel modules needed to enable cpufreq scaling.
[   28.130850] configfs-gadget.g_multi gadget.0: HOST MAC 1c:ba:8c:a2:ed:6c
[   28.137828] configfs-gadget.g_multi gadget.0: MAC 1c:ba:8c:a2:ed:70
[   28.145190] configfs-gadget.g_multi gadget.0: HOST MAC 1c:ba:8c:a2:ed:6c
[   28.152027] configfs-gadget.g_multi gadget.0: MAC 1c:ba:8c:a2:ed:6d
[   28.172764] PM: Cannot get wkup_m3_ipc handle
[[0;32m  OK  [0m] Started Connection service.
[[0;32m  OK  [0m] Reached target Sound Card.
         Starting LSB: set CPUFreq kernel parameters...
[[0;32m  OK  [0m] Reached target Network.
         Starting Permit User Sessions...
         Starting The Apache HTTP Server...
         Starting OpenBSD Secure Shell server...
[[0;32m  OK  [0m] Reached target Network is Online.
         Starting LSB: Advanced IEEE 802.11 management daemon...
[[0;32m  OK  [0m] Started Permit User Sessions.
[[0;32m  OK  [0m] Started LSB: Advanced IEEE 802.11 management daemon.
[[0;32m  OK  [0m] Started Login Service.
         Starting Hostname Service...
         Starting WPA supplicant...
[[0;32m  OK  [0m] Started Getty on tty1.
[[0;32m  OK  [0m] Started Serial Getty on ttyS0.
[[0;32m  OK  [0m] Reached target Login Prompts.
[[0;32m  OK  [0m] Started LSB: set CPUFreq kernel parameters.
[[0;32m  OK  [0m] Started WPA supplicant.
[[0;32m  OK  [0m] Started Hostname Service.
[[0;32m  OK  [0m] Started OpenBSD Secure Shell server.
         Stopping LSB: Start busybox udhcpd at boot time...
[[0;32m  OK  [0m] Stopped LSB: Start busybox udhcpd at boot time.
[[0;32m  OK  [0m] Started The Apache HTTP Server.
         Starting dnsmasq - A lightweight DHCP and caching DNS server...
[[0;32m  OK  [0m] Started dnsmasq - A lightweight DHCP and caching DNS server.
[[0;32m  OK  [0m] Reached target Host and Network Name Lookups.
[[0;32m  OK  [0m] Started Serial Getty on ttyGS0.
[[0;32m  OK  [0m] Started Generic Board Startup.
[[0;32m  OK  [0m] Reached target Multi-User System.
[[0;32m  OK  [0m] Reached target Graphical Interface.
         Starting Update UTMP about System Runlevel Changes...
[[0;32m  OK  [0m] Started Update UTMP about System Runlevel Changes.

Debian GNU/Linux 9 arm ttyS0

default username:password is [debian:temppwd]

arm login: root
Password: 
Last login: Sat Jan  1 00:00:35 UTC 2000 on ttyS0
root
Linux arm 6.6.115 #1 SMP Wed Oct 29 18:04:37 EET 2025 armv7l

The programs included with the Debian GNU/Linux system are free software;
the exact distribution terms for each program are described in the
individual files in /usr/share/doc/*/copyright.

Debian GNU/Linux comes with ABSOLUTELY NO WARRANTY, to the extent
permitted by applicable law.
root@arm:~# root
-bash: root: command not found
root@arm:~# dmesg -n 1
root@arm:~# echo 'NBKT''GBSKNG'
NBKTGBSKNG
root@arm:~# run() { echo -n "$MARKER"; sh -c "$@"; echo "$MARKER $?"; }
root@arm:~# echo 'YWUJ''OYOXGM'
YWUJOYOXGM
root@arm:~# MARKER='JHFG''TEOKCT' run 'cat /proc/version'
JHFGTEOKCTLinux version 6.6.115 (user01@drvtest01) (arm-none-eabi-gcc (Arm GNU Toolchain 14.2.Rel1 (Build arm-14.52)) 14.2.1 20241119, GNU ld (Arm GNU Toolchain 14.2.Rel1 (Build arm-14.52)) 2.43.1.20241119) #1 SMP Wed Oct 29 18:04:37 EET 2025
JHFGTEOKCT 0
root@arm:~# echo 'SLKH''GFSSMO'
SLKHGFSSMO
root@arm:~# MARKER='XCFV''YCFFBK' run false
XCFVYCFFBKXCFVYCFFBK 1
root@arm:~# Labgrid Console Logfile for main
Logfile started at 2025-10-29 18:07:14.690771
=== Log starts here ===

root@arm:~# run() { echo -n "$MARKER"; sh -c "$@"; echo "$MARKER $?"; }
root@arm:~# echo 'AMPE''MQXOBC'
AMPEMQXOBC
root@arm:~# MARKER='NUBJ''FQMBYT' run 'ls /iio_generic_buffer; echo $?'
NUBJFQMBYT/iio_generic_buffer
0
NUBJFQMBYT 0
root@arm:~# Labgrid Console Logfile for main
Logfile started at 2025-10-29 18:07:18.092639
=== Log starts here ===

root@arm:~# run() { echo -n "$MARKER"; sh -c "$@"; echo "$MARKER $?"; }
root@arm:~# echo 'PLKF''ZPUAQZ'
PLKFZPUAQZ
root@arm:~# MARKER='NWXH''SZMAUS' run dmesg
NWXHSZMAUS[    0.000000] Booting Linux on physical CPU 0x0
[    0.000000] Linux version 6.6.115 (user01@drvtest01) (arm-none-eabi-gcc (Arm GNU Toolchain 14.2.Rel1 (Build arm-14.52)) 14.2.1 20241119, GNU ld (Arm GNU Toolchain 14.2.Rel1 (Build arm-14.52)) 2.43.1.20241119) #1 SMP Wed Oct 29 18:04:37 EET 2025
[    0.000000] CPU: ARMv7 Processor [413fc082] revision 2 (ARMv7), cr=10c5387d
[    0.000000] CPU: PIPT / VIPT nonaliasing data cache, VIPT aliasing instruction cache
[    0.000000] OF: fdt: Machine model: TI AM335x BeagleBone Black
[    0.000000] Memory policy: Data cache writeback
[    0.000000] cma: Reserved 16 MiB at 0x9e800000 on node -1
[    0.000000] Zone ranges:
[    0.000000]   Normal   [mem 0x0000000080000000-0x000000009fdfffff]
[    0.000000]   HighMem  empty
[    0.000000] Movable zone start for each node
[    0.000000] Early memory node ranges
[    0.000000]   node   0: [mem 0x0000000080000000-0x000000009fdfffff]
[    0.000000] Initmem setup node 0 [mem 0x0000000080000000-0x000000009fdfffff]
[    0.000000] CPU: All CPU(s) started in SVC mode.
[    0.000000] AM335X ES2.1 (sgx neon)
[    0.000000] percpu: Embedded 16 pages/cpu s36116 r8192 d21228 u65536
[    0.000000] pcpu-alloc: s36116 r8192 d21228 u65536 alloc=16*4096
[    0.000000] pcpu-alloc: [0] 0 
[    0.000000] Kernel command line: console=ttyO0,115200n8 root=/dev/nfs rw nfsroot=192.168.255.126:/home/user01/nfs,nfsvers=3 ip=192.168.255.1:192.168.255.126::255.255.255.0:bbb1:eth0 nfsrootdebug
[    0.000000] Unknown kernel command line parameters "nfsrootdebug", will be passed to user space.
[    0.000000] Dentry cache hash table entries: 65536 (order: 6, 262144 bytes, linear)
[    0.000000] Inode-cache hash table entries: 32768 (order: 5, 131072 bytes, linear)
[    0.000000] Built 1 zonelists, mobility grouping on.  Total pages: 129412
[    0.000000] mem auto-init: stack:off, heap alloc:off, heap free:off
[    0.000000] Memory: 483604K/522240K available (11264K kernel code, 1165K rwdata, 2704K rodata, 1024K init, 281K bss, 22252K reserved, 16384K cma-reserved, 0K highmem)
[    0.000000] SLUB: HWalign=64, Order=0-3, MinObjects=0, CPUs=1, Nodes=1
[    0.000000] rcu: Hierarchical RCU implementation.
[    0.000000] rcu: 	RCU event tracing is enabled.
[    0.000000] rcu: 	RCU restricting CPUs from NR_CPUS=2 to nr_cpu_ids=1.
[    0.000000] rcu: RCU calculated value of scheduler-enlistment delay is 10 jiffies.
[    0.000000] rcu: Adjusting geometry for rcu_fanout_leaf=16, nr_cpu_ids=1
[    0.000000] NR_IRQS: 16, nr_irqs: 16, preallocated irqs: 16
[    0.000000] IRQ: Found an INTC at 0x(ptrval) (revision 5.0) with 128 interrupts
[    0.000000] rcu: srcu_init: Setting srcu_struct sizes based on contention.
[    0.000000] TI gptimer clocksource: always-on /ocp/interconnect@44c00000/segment@200000/target-module@31000
[    0.000003] sched_clock: 32 bits at 24MHz, resolution 41ns, wraps every 89478484971ns
[    0.000029] clocksource: dmtimer: mask: 0xffffffff max_cycles: 0xffffffff, max_idle_ns: 79635851949 ns
[    0.000522] TI gptimer clockevent: 24000000 Hz at /ocp/interconnect@48000000/segment@0/target-module@40000
[    0.002088] Console: colour dummy device 80x30
[    0.002137] WARNING: Your 'console=ttyO0' has been replaced by 'ttyS0'
[    0.002145] This ensures that you still see kernel messages. Please
[    0.002149] update your kernel commandline.
[    0.002187] Calibrating delay loop... 996.14 BogoMIPS (lpj=4980736)
[    0.090576] CPU: Testing write buffer coherency: ok
[    0.090674] CPU0: Spectre v2: using BPIALL workaround
[    0.090687] pid_max: default: 32768 minimum: 301
[    0.090801] LSM: initializing lsm=capability,integrity
[    0.090970] Mount-cache hash table entries: 1024 (order: 0, 4096 bytes, linear)
[    0.090991] Mountpoint-cache hash table entries: 1024 (order: 0, 4096 bytes, linear)
[    0.092467] CPU0: thread -1, cpu 0, socket -1, mpidr 0
[    0.094085] Setting up static identity map for 0x80100000 - 0x80100078
[    0.094373] rcu: Hierarchical SRCU implementation.
[    0.094383] rcu: 	Max phase no-delay instances is 1000.
[    0.095759] smp: Bringing up secondary CPUs ...
[    0.095813] smp: Brought up 1 node, 1 CPU
[    0.095825] SMP: Total of 1 processors activated (996.14 BogoMIPS).
[    0.095837] CPU: All CPU(s) started in SVC mode.
[    0.096716] devtmpfs: initialized
[    0.113253] VFP support v0.3: implementor 41 architecture 3 part 30 variant c rev 3
[    0.113602] clocksource: jiffies: mask: 0xffffffff max_cycles: 0xffffffff, max_idle_ns: 19112604462750000 ns
[    0.113638] futex hash table entries: 256 (order: 2, 16384 bytes, linear)
[    0.114917] pinctrl core: initialized pinctrl subsystem
[    0.117069] NET: Registered PF_NETLINK/PF_ROUTE protocol family
[    0.119598] DMA: preallocated 256 KiB pool for atomic coherent allocations
[    0.120209] audit: initializing netlink subsys (disabled)
[    0.121774] thermal_sys: Registered thermal governor 'fair_share'
[    0.121794] thermal_sys: Registered thermal governor 'step_wise'
[    0.121800] thermal_sys: Registered thermal governor 'user_space'
[    0.121937] cpuidle: using governor menu
[    0.138266] /ocp/interconnect@44c00000/segment@200000/target-module@b000/i2c@0/tda19988@70: Fixed dependency cycle(s) with /ocp/interconnect@48000000/segment@300000/target-module@e000/lcdc@0
[    0.139309] /ocp/interconnect@48000000/segment@300000/target-module@e000/lcdc@0: Fixed dependency cycle(s) with /ocp/interconnect@44c00000/segment@200000/target-module@b000/i2c@0/tda19988@70
[    0.141535] No ATAGs?
[    0.141554] hw-breakpoint: debug architecture 0x4 unsupported.
[    0.144326] audit: type=2000 audit(0.120:1): state=initialized audit_enabled=0 res=1
[    0.144628] kprobes: kprobe jump-optimization is enabled. All kprobes are optimized if possible.
[    0.163282] iommu: Default domain type: Translated
[    0.163302] iommu: DMA domain TLB invalidation policy: strict mode
[    0.164760] SCSI subsystem initialized
[    0.165608] reg-fixed-voltage fixedregulator0: using DT '/fixedregulator0' for '(null)' GPIO lookup
[    0.165660] of_get_named_gpiod_flags: can't parse 'gpios' property of node '/fixedregulator0[0]'
[    0.165688] of_get_named_gpiod_flags: can't parse 'gpio' property of node '/fixedregulator0[0]'
[    0.165707] reg-fixed-voltage fixedregulator0: using lookup tables for GPIO lookup
[    0.165717] reg-fixed-voltage fixedregulator0: No GPIO consumer (null) found
[    0.166257] libata version 3.00 loaded.
[    0.166612] pps_core: LinuxPPS API ver. 1 registered
[    0.166623] pps_core: Software ver. 5.3.6 - Copyright 2005-2007 Rodolfo Giometti <giometti@linux.it>
[    0.166649] PTP clock support registered
[    0.170836] vgaarb: loaded
[    0.171169] clocksource: Switched to clocksource dmtimer
[    0.171779] VFS: Disk quotas dquot_6.6.0
[    0.171837] VFS: Dquot-cache hash table entries: 1024 (order 0, 4096 bytes)
[    0.203877] NET: Registered PF_INET protocol family
[    0.204221] IP idents hash table entries: 8192 (order: 4, 65536 bytes, linear)
[    0.205550] tcp_listen_portaddr_hash hash table entries: 512 (order: 0, 4096 bytes, linear)
[    0.205588] Table-perturb hash table entries: 65536 (order: 6, 262144 bytes, linear)
[    0.205605] TCP established hash table entries: 4096 (order: 2, 16384 bytes, linear)
[    0.205651] TCP bind hash table entries: 4096 (order: 4, 65536 bytes, linear)
[    0.205751] TCP: Hash tables configured (established 4096 bind 4096)
[    0.205878] UDP hash table entries: 256 (order: 1, 8192 bytes, linear)
[    0.205906] UDP-Lite hash table entries: 256 (order: 1, 8192 bytes, linear)
[    0.206081] NET: Registered PF_UNIX/PF_LOCAL protocol family
[    0.211808] RPC: Registered named UNIX socket transport module.
[    0.211829] RPC: Registered udp transport module.
[    0.211836] RPC: Registered tcp transport module.
[    0.211841] RPC: Registered tcp-with-tls transport module.
[    0.211846] RPC: Registered tcp NFSv4.1 backchannel transport module.
[    0.211870] PCI: CLS 0 bytes, default 64
[    0.213476] Initialise system trusted keyrings
[    0.221430] workingset: timestamp_bits=14 max_order=17 bucket_order=3
[    0.222647] NFS: Registering the id_resolver key type
[    0.222737] Key type id_resolver registered
[    0.222745] Key type id_legacy registered
[    0.222799] jffs2: version 2.2. (NAND) (SUMMARY)  Â© 2001-2006 Red Hat, Inc.
[    0.223268] Key type asymmetric registered
[    0.223284] Asymmetric key parser 'x509' registered
[    0.223376] io scheduler mq-deadline registered
[    0.223388] io scheduler kyber registered
[    0.223457] io scheduler bfq registered
[    0.233829] hw perfevents: enabled with armv7_cortex_a8 PMU driver, 5 counters available
[    0.242140] l3-aon-clkctrl:0000:0: failed to disable
[    0.254203] Serial: 8250/16550 driver, 6 ports, IRQ sharing enabled
[    0.305410] brd: module loaded
[    0.322722] loop: module loaded
[    0.323669] mtdoops: mtd device (mtddev=name/number) must be supplied
[    0.325145] mdio_bus fixed-0: using lookup tables for GPIO lookup
[    0.325166] mdio_bus fixed-0: No GPIO consumer reset found
[    0.326385] i2c_dev: i2c /dev entries driver
[    0.327360] cpuidle: enable-method property 'ti,am3352' found operations
[    0.327823] sdhci: Secure Digital Host Controller Interface driver
[    0.327834] sdhci: Copyright(c) Pierre Ossman
[    0.328028] sdhci-pltfm: SDHCI platform and OF driver helper
[    0.328302] ledtrig-cpu: registered to indicate activity on CPUs
[    0.329068] Initializing XFRM netlink socket
[    0.329207] NET: Registered PF_INET6 protocol family
[    0.348921] Segment Routing with IPv6
[    0.349000] In-situ OAM (IOAM) with IPv6
[    0.349107] sit: IPv6, IPv4 and MPLS over IPv4 tunneling driver
[    0.350070] NET: Registered PF_PACKET protocol family
[    0.350099] NET: Registered PF_KEY protocol family
[    0.350234] Key type dns_resolver registered
[    0.350457] ThumbEE CPU extension supported.
[    0.350478] Registering SWP/SWPB emulation handler
[    0.350988] omap_voltage_late_init: Voltage driver support not added
[    0.351771] SmartReflex Class3 initialized
[    0.368234] Loading compiled-in X.509 certificates
[    0.405901] /ocp/interconnect@44c00000/segment@200000/target-module@b000/i2c@0/tda19988@70: Fixed dependency cycle(s) with /ocp/interconnect@48000000/segment@300000/target-module@e000/lcdc@0
[    0.412235] /ocp/interconnect@44c00000/segment@200000/target-module@b000/i2c@0/tda19988@70: Fixed dependency cycle(s) with /ocp/interconnect@48000000/segment@300000/target-module@e000/lcdc@0
[    0.417585] gpiochip_find_base: found new base at 512
[    0.420043] /ocp/interconnect@44c00000/segment@200000/target-module@b000/i2c@0/tda19988@70: Fixed dependency cycle(s) with /ocp/interconnect@48000000/segment@300000/target-module@e000/lcdc@0
[    0.420891] /ocp/interconnect@44c00000/segment@200000/target-module@b000/i2c@0/tda19988@70: Fixed dependency cycle(s) with /ocp/interconnect@48000000/segment@300000/target-module@e000/lcdc@0
[    0.424403] /ocp/interconnect@44c00000/segment@200000/target-module@10000/scm@0/pinmux@800: Fixed dependency cycle(s) with /ocp/interconnect@44c00000/segment@200000/target-module@10000/scm@0/pinmux@800/clkout2-pins
[    0.424994] pinctrl-single 44e10800.pinmux: 142 pins, size 568
[    0.430022] ti-sysc: probe of 44e31000.target-module failed with error -16
[    0.467749] /ocp/interconnect@48000000/segment@300000/target-module@e000/lcdc@0: Fixed dependency cycle(s) with /ocp/interconnect@44c00000/segment@200000/target-module@b000/i2c@0/tda19988@70
[    0.475644] ti-sysc: probe of 48040000.target-module failed with error -16
[    0.486591] gpiochip_find_base: found new base at 512
[    0.486660] gpio gpiochip0: (gpio-0-31): created GPIO range 0->7 ==> 44e10800.pinmux PIN 0->7
[    0.486679] gpio gpiochip0: (gpio-0-31): created GPIO range 8->11 ==> 44e10800.pinmux PIN 90->93
[    0.486695] gpio gpiochip0: (gpio-0-31): created GPIO range 12->27 ==> 44e10800.pinmux PIN 12->27
[    0.486711] gpio gpiochip0: (gpio-0-31): created GPIO range 28->31 ==> 44e10800.pinmux PIN 30->33
[    0.512138] gpio gpiochip0: (gpio-0-31): added GPIO chardev (254:0)
[    0.512302] gpio gpiochip0: registered GPIOs 512 to 543 on gpio-0-31
[    0.512387] OMAP GPIO hardware version 0.1
[    0.534394] i2c i2c-2: using DT '/ocp/interconnect@48000000/segment@100000/target-module@9c000/i2c@0' for 'scl' GPIO lookup
[    0.534469] of_get_named_gpiod_flags: can't parse 'scl-gpios' property of node '/ocp/interconnect@48000000/segment@100000/target-module@9c000/i2c@0[0]'
[    0.534511] of_get_named_gpiod_flags: can't parse 'scl-gpio' property of node '/ocp/interconnect@48000000/segment@100000/target-module@9c000/i2c@0[0]'
[    0.534547] i2c i2c-2: using lookup tables for GPIO lookup
[    0.534558] i2c i2c-2: No GPIO consumer scl found
[    0.534578] i2c i2c-2: using DT '/ocp/interconnect@48000000/segment@100000/target-module@9c000/i2c@0' for 'sda' GPIO lookup
[    0.534613] of_get_named_gpiod_flags: can't parse 'sda-gpios' property of node '/ocp/interconnect@48000000/segment@100000/target-module@9c000/i2c@0[0]'
[    0.534651] of_get_named_gpiod_flags: can't parse 'sda-gpio' property of node '/ocp/interconnect@48000000/segment@100000/target-module@9c000/i2c@0[0]'
[    0.534682] i2c i2c-2: using lookup tables for GPIO lookup
[    0.534690] i2c i2c-2: No GPIO consumer sda found
[    0.535386] omap_i2c 4819c000.i2c: bus 2 rev0.11 at 100 kHz
[    0.540617] gpiochip_find_base: found new base at 544
[    0.540681] gpio gpiochip1: (gpio-32-63): created GPIO range 0->17 ==> 44e10800.pinmux PIN 34->51
[    0.540699] gpio gpiochip1: (gpio-32-63): created GPIO range 18->21 ==> 44e10800.pinmux PIN 77->80
[    0.540715] gpio gpiochip1: (gpio-32-63): created GPIO range 22->31 ==> 44e10800.pinmux PIN 56->65
[    0.554340] gpio gpiochip1: (gpio-32-63): added GPIO chardev (254:1)
[    0.554492] gpio gpiochip1: registered GPIOs 544 to 575 on gpio-32-63
[    0.556634] gpiochip_find_base: found new base at 576
[    0.556694] gpio gpiochip2: (gpio-64-95): created GPIO range 0->4 ==> 44e10800.pinmux PIN 66->70
[    0.556713] gpio gpiochip2: (gpio-64-95): created GPIO range 5->6 ==> 44e10800.pinmux PIN 98->99
[    0.556728] gpio gpiochip2: (gpio-64-95): created GPIO range 7->8 ==> 44e10800.pinmux PIN 75->76
[    0.556744] gpio gpiochip2: (gpio-64-95): created GPIO range 13->13 ==> 44e10800.pinmux PIN 141->141
[    0.556760] gpio gpiochip2: (gpio-64-95): created GPIO range 14->21 ==> 44e10800.pinmux PIN 100->107
[    0.557317] gpio gpiochip2: (gpio-64-95): added GPIO chardev (254:2)
[    0.557439] gpio gpiochip2: registered GPIOs 576 to 607 on gpio-64-95
[    0.563856] /ocp/interconnect@48000000/segment@300000/target-module@e000/lcdc@0: Fixed dependency cycle(s) with /ocp/interconnect@44c00000/segment@200000/target-module@b000/i2c@0/tda19988@70
[    0.566517] /ocp/interconnect@48000000/segment@300000/target-module@e000/lcdc@0: Fixed dependency cycle(s) with /ocp/interconnect@44c00000/segment@200000/target-module@b000/i2c@0/tda19988@70
[    0.567198] /ocp/interconnect@44c00000/segment@200000/target-module@b000/i2c@0/tda19988@70: Fixed dependency cycle(s) with /ocp/interconnect@48000000/segment@300000/target-module@e000/lcdc@0
[    0.567361] /ocp/interconnect@48000000/segment@300000/target-module@e000/lcdc@0: Fixed dependency cycle(s) with /ocp/interconnect@44c00000/segment@200000/target-module@b000/i2c@0/tda19988@70
[    0.576716] mdio_bus 4a101000.mdio: using DT '/ocp/interconnect@4a000000/segment@0/target-module@100000/switch@0/mdio@1000' for 'reset' GPIO lookup
[    0.576789] of_get_named_gpiod_flags: can't parse 'reset-gpios' property of node '/ocp/interconnect@4a000000/segment@0/target-module@100000/switch@0/mdio@1000[0]'
[    0.576834] of_get_named_gpiod_flags: can't parse 'reset-gpio' property of node '/ocp/interconnect@4a000000/segment@0/target-module@100000/switch@0/mdio@1000[0]'
[    0.576884] mdio_bus 4a101000.mdio: using lookup tables for GPIO lookup
[    0.576894] mdio_bus 4a101000.mdio: No GPIO consumer reset found
[    0.579021] sdhci-omap 481d8000.mmc: using DT '/ocp/interconnect@48000000/segment@100000/target-module@d8000/mmc@0' for 'wp' GPIO lookup
[    0.579097] of_get_named_gpiod_flags: can't parse 'wp-gpios' property of node '/ocp/interconnect@48000000/segment@100000/target-module@d8000/mmc@0[0]'
[    0.579141] of_get_named_gpiod_flags: can't parse 'wp-gpio' property of node '/ocp/interconnect@48000000/segment@100000/target-module@d8000/mmc@0[0]'
[    0.579178] sdhci-omap 481d8000.mmc: using lookup tables for GPIO lookup
[    0.579187] sdhci-omap 481d8000.mmc: No GPIO consumer wp found
[    0.579391] sdhci-omap 481d8000.mmc: supply pbias not found, using dummy regulator
[    0.579874] sdhci-omap 481d8000.mmc: supply vqmmc not found, using dummy regulator
[    0.654557] davinci_mdio 4a101000.mdio: davinci mdio revision 1.6, bus freq 1000000
[    0.677616] mdio_bus 4a101000.mdio:00: using DT '/ocp/interconnect@4a000000/segment@0/target-module@100000/switch@0/mdio@1000/ethernet-phy@0' for 'reset' GPIO lookup
[    0.677720] of_get_named_gpiod_flags: parsed 'reset-gpios' property of node '/ocp/interconnect@4a000000/segment@0/target-module@100000/switch@0/mdio@1000/ethernet-phy@0[0]' - status (0)
[    0.677882] gpio gpiochip0: Persistence not supported for GPIO 8
[    0.851736] davinci_mdio 4a101000.mdio: phy[0]: device 4a101000.mdio:00, driver SMSC LAN8710/LAN8720
[    0.852355] cpsw-switch 4a100000.switch: initialized cpsw ale version 1.4
[    0.852373] cpsw-switch 4a100000.switch: ALE Table size 1024
[    0.863135] cpsw-switch 4a100000.switch: cpts: overflow check period 500 (jiffies)
[    0.863160] cpsw-switch 4a100000.switch: CPTS: ref_clk_freq:250000000 calc_mult:2147483648 calc_shift:29 error:0 nsec/sec
[    0.863266] cpsw-switch 4a100000.switch: Detected MACID = 6c:ec:eb:68:de:78
[    0.865103] cpsw-switch 4a100000.switch: initialized (regs 0x4a100000, pool size 256) hw_ver:0019010C 1.12 (0)
[    0.875845] debugfs: Directory '49000000.dma' with parent 'dmaengine' already present!
[    0.875888] edma 49000000.dma: TI EDMA DMA engine driver
[    0.909368] gpio-clk clk_mcasp0: using DT '/clk_mcasp0' for 'enable' GPIO lookup
[    0.909444] of_get_named_gpiod_flags: parsed 'enable-gpios' property of node '/clk_mcasp0[0]' - status (0)
[    0.909484] gpio gpiochip0: Persistence not supported for GPIO 27
[    0.910340] gpiochip_find_base: found new base at 608
[    0.910399] gpio gpiochip3: (gpio-96-127): created GPIO range 0->7 ==> 44e10800.pinmux PIN 82->89
[    0.910417] gpio gpiochip3: (gpio-96-127): created GPIO range 8->11 ==> 44e10800.pinmux PIN 52->55
[    0.910434] gpio gpiochip3: (gpio-96-127): created GPIO range 12->15 ==> 44e10800.pinmux PIN 94->97
[    0.910449] gpio gpiochip3: (gpio-96-127): created GPIO range 16->17 ==> 44e10800.pinmux PIN 71->72
[    0.910465] gpio gpiochip3: (gpio-96-127): created GPIO range 18->18 ==> 44e10800.pinmux PIN 135->135
[    0.910481] gpio gpiochip3: (gpio-96-127): created GPIO range 19->20 ==> 44e10800.pinmux PIN 108->109
[    0.910498] gpio gpiochip3: (gpio-96-127): created GPIO range 21->21 ==> 44e10800.pinmux PIN 73->73
[    0.910514] gpio gpiochip3: (gpio-96-127): created GPIO range 22->23 ==> 44e10800.pinmux PIN 8->9
[    0.910531] gpio gpiochip3: (gpio-96-127): created GPIO range 26->27 ==> 44e10800.pinmux PIN 10->11
[    0.910549] gpio gpiochip3: (gpio-96-127): created GPIO range 28->28 ==> 44e10800.pinmux PIN 74->74
[    0.910566] gpio gpiochip3: (gpio-96-127): created GPIO range 29->29 ==> 44e10800.pinmux PIN 81->81
[    0.910584] gpio gpiochip3: (gpio-96-127): created GPIO range 30->31 ==> 44e10800.pinmux PIN 28->29
[    0.922053] gpio gpiochip3: (gpio-96-127): added GPIO chardev (254:3)
[    0.922211] gpio gpiochip3: registered GPIOs 608 to 639 on gpio-96-127
[    0.924650] omap8250 44e09000.serial: using DT '/ocp/interconnect@44c00000/segment@200000/target-module@9000/serial@0' for 'rs485-term' GPIO lookup
[    0.924727] of_get_named_gpiod_flags: can't parse 'rs485-term-gpios' property of node '/ocp/interconnect@44c00000/segment@200000/target-module@9000/serial@0[0]'
[    0.924773] of_get_named_gpiod_flags: can't parse 'rs485-term-gpio' property of node '/ocp/interconnect@44c00000/segment@200000/target-module@9000/serial@0[0]'
[    0.924810] omap8250 44e09000.serial: using lookup tables for GPIO lookup
[    0.924821] omap8250 44e09000.serial: No GPIO consumer rs485-term found
[    0.924831] omap8250 44e09000.serial: using DT '/ocp/interconnect@44c00000/segment@200000/target-module@9000/serial@0' for 'rs485-rx-during-tx' GPIO lookup
[    0.924866] of_get_named_gpiod_flags: can't parse 'rs485-rx-during-tx-gpios' property of node '/ocp/interconnect@44c00000/segment@200000/target-module@9000/serial@0[0]'
[    0.924903] of_get_named_gpiod_flags: can't parse 'rs485-rx-during-tx-gpio' property of node '/ocp/interconnect@44c00000/segment@200000/target-module@9000/serial@0[0]'
[    0.924935] omap8250 44e09000.serial: using lookup tables for GPIO lookup
[    0.924944] omap8250 44e09000.serial: No GPIO consumer rs485-rx-during-tx found
[    0.925320] 44e09000.serial: ttyS0 at MMIO 0x44e09000 (irq = 34, base_baud = 3000000) is a 8250
[    0.925403] printk: console [ttyS0] enabled
[    2.113376] i2c i2c-0: using DT '/ocp/interconnect@44c00000/segment@200000/target-module@b000/i2c@0' for 'scl' GPIO lookup
[    2.113470] of_get_named_gpiod_flags: can't parse 'scl-gpios' property of node '/ocp/interconnect@44c00000/segment@200000/target-module@b000/i2c@0[0]'
[    2.113520] of_get_named_gpiod_flags: can't parse 'scl-gpio' property of node '/ocp/interconnect@44c00000/segment@200000/target-module@b000/i2c@0[0]'
[    2.113560] i2c i2c-0: using lookup tables for GPIO lookup
[    2.113572] i2c i2c-0: No GPIO consumer scl found
[    2.113595] i2c i2c-0: using DT '/ocp/interconnect@44c00000/segment@200000/target-module@b000/i2c@0' for 'sda' GPIO lookup
[    2.113635] of_get_named_gpiod_flags: can't parse 'sda-gpios' property of node '/ocp/interconnect@44c00000/segment@200000/target-module@b000/i2c@0[0]'
[    2.113675] of_get_named_gpiod_flags: can't parse 'sda-gpio' property of node '/ocp/interconnect@44c00000/segment@200000/target-module@b000/i2c@0[0]'
[    2.113708] i2c i2c-0: using lookup tables for GPIO lookup
[    2.113718] i2c i2c-0: No GPIO consumer sda found
[    2.142273] tps65217-pmic: Failed to locate of_node [id: -1]
[    2.148347] tps65217-bl: Failed to locate of_node [id: -1]
[    2.159404] tps65217 0-0024: TPS65217 ID 0xe version 1.2
[    2.165538] /ocp/interconnect@48000000/segment@300000/target-module@e000/lcdc@0: Fixed dependency cycle(s) with /ocp/interconnect@44c00000/segment@200000/target-module@b000/i2c@0/tda19988@70
[    2.182876] /ocp/interconnect@44c00000/segment@200000/target-module@b000/i2c@0/tda19988@70: Fixed dependency cycle(s) with /ocp/interconnect@48000000/segment@300000/target-module@e000/lcdc@0
[    2.200235] omap_i2c 44e0b000.i2c: bus 0 rev0.11 at 400 kHz
[    2.207993] sdhci-omap 48060000.mmc: using DT '/ocp/interconnect@48000000/segment@0/target-module@60000/mmc@0' for 'cd' GPIO lookup
[    2.208097] of_get_named_gpiod_flags: parsed 'cd-gpios' property of node '/ocp/interconnect@48000000/segment@0/target-module@60000/mmc@0[0]' - status (0)
[    2.208219] gpio gpiochip3: Persistence not supported for GPIO 6
[    2.208247] omap_gpio 44e07000.gpio: Could not set line 6 debounce to 200000 microseconds (-22)
[    2.217148] sdhci-omap 48060000.mmc: Got CD GPIO
[    2.221836] sdhci-omap 48060000.mmc: using DT '/ocp/interconnect@48000000/segment@0/target-module@60000/mmc@0' for 'wp' GPIO lookup
[    2.221892] of_get_named_gpiod_flags: can't parse 'wp-gpios' property of node '/ocp/interconnect@48000000/segment@0/target-module@60000/mmc@0[0]'
[    2.221936] of_get_named_gpiod_flags: can't parse 'wp-gpio' property of node '/ocp/interconnect@48000000/segment@0/target-module@60000/mmc@0[0]'
[    2.221973] sdhci-omap 48060000.mmc: using lookup tables for GPIO lookup
[    2.221985] sdhci-omap 48060000.mmc: No GPIO consumer wp found
[    2.222180] sdhci-omap 48060000.mmc: supply pbias not found, using dummy regulator
[    2.231303] sdhci-omap 481d8000.mmc: using DT '/ocp/interconnect@48000000/segment@100000/target-module@d8000/mmc@0' for 'wp' GPIO lookup
[    2.231384] of_get_named_gpiod_flags: can't parse 'wp-gpios' property of node '/ocp/interconnect@48000000/segment@100000/target-module@d8000/mmc@0[0]'
[    2.231432] of_get_named_gpiod_flags: can't parse 'wp-gpio' property of node '/ocp/interconnect@48000000/segment@100000/target-module@d8000/mmc@0[0]'
[    2.231470] sdhci-omap 481d8000.mmc: using lookup tables for GPIO lookup
[    2.231483] sdhci-omap 481d8000.mmc: No GPIO consumer wp found
[    2.232214] sdhci-omap 48060000.mmc: supply vqmmc not found, using dummy regulator
[    2.240742] sdhci-omap 481d8000.mmc: supply pbias not found, using dummy regulator
[    2.249200] sdhci-omap 481d8000.mmc: supply vqmmc not found, using dummy regulator
[    2.288604] mmc1: SDHCI controller on 481d8000.mmc [481d8000.mmc] using External DMA
[    2.297051] mmc0: SDHCI controller on 48060000.mmc [48060000.mmc] using External DMA
[    2.305756] cpsw-switch 4a100000.switch: starting ndev. mode: dual_mac
[    2.371453] mmc1: new high speed MMC card at address 0001
[    2.378349] mmcblk1: mmc1:0001 MMC04G 3.60 GiB
[    2.385795]  mmcblk1: p1 p2
[    2.389265] mmc0: new high speed SDHC card at address aaaa
[    2.396535] mmcblk1boot0: mmc1:0001 MMC04G 2.00 MiB
[    2.402865] mmcblk0: mmc0:aaaa SE32G 29.7 GiB
[    2.410710] mmcblk1boot1: mmc1:0001 MMC04G 2.00 MiB
[    2.416870]  mmcblk0: p1 p2
[    2.421073] mmcblk1rpmb: mmc1:0001 MMC04G 128 KiB, chardev (250:0)
[    2.482457] SMSC LAN8710/LAN8720 4a101000.mdio:00: attached PHY driver (mii_bus:phy_addr=4a101000.mdio:00, irq=POLL)
[    5.601899] cpsw-switch 4a100000.switch eth0: Link is Up - 100Mbps/Full - flow control off
[    5.641392] IP-Config: Complete:
[    5.644662]      device=eth0, hwaddr=6c:ec:eb:68:de:78, ipaddr=192.168.255.1, mask=255.255.255.0, gw=255.255.255.255
[    5.655325]      host=bbb1, domain=, nis-domain=(none)
[    5.660491]      bootserver=192.168.255.126, rootserver=192.168.255.126, rootpath=
[    5.660906] clk: Disabling unused clocks
[    5.672757] KTAP version 1
[    5.675485] 1..0
[    5.699208] VFS: Mounted root (nfs filesystem) on device 0:16.
[    5.706271] devtmpfs: mounted
[    5.710886] Freeing unused kernel image (initmem) memory: 1024K
[    5.717614] Run /sbin/init as init process
[    5.721833]   with arguments:
[    5.721846]     /sbin/init
[    5.721854]     nfsrootdebug
[    5.721862]   with environment:
[    5.721869]     HOME=/
[    5.721876]     TERM=linux
[    6.398314] systemd[1]: System time before build time, advancing clock.
[    7.851186] random: crng init done
[    7.923106] systemd[1]: systemd 232 running in system mode. (+PAM +AUDIT +SELINUX +IMA +APPARMOR +SMACK +SYSVINIT +UTMP +LIBCRYPTSETUP +GCRYPT +GNUTLS +ACL +XZ +LZ4 +SECCOMP +BLKID +ELFUTILS +KMOD +IDN)
[    7.942096] systemd[1]: Detected architecture arm.
[    7.984015] systemd[1]: Set hostname to <arm>.
[    9.052041] systemd[1]: Listening on Journal Audit Socket.
[    9.091714] systemd[1]: Reached target Remote File Systems.
[    9.133193] systemd[1]: Listening on Journal Socket.
[    9.171922] systemd[1]: Listening on Journal Socket (/dev/log).
[    9.212022] systemd[1]: Started Dispatch Password Requests to Console Directory Watch.
[    9.253143] systemd[1]: Listening on udev Control Socket.
[    9.291505] systemd[1]: Reached target Swap.
[   11.415038] systemd-journald[83]: Received request to flush runtime journal from PID 1
[   14.428064] leds-gpio leds: using DT '/leds/led2' for '(null)' GPIO lookup
[   14.428164] of_get_named_gpiod_flags: parsed 'gpios' property of node '/leds/led2[0]' - status (0)
[   14.428217] gpio gpiochip0: Persistence not supported for GPIO 21
[   14.428231] gpio-533 (?): no flags found for (null)
[   14.428542] leds-gpio leds: using DT '/leds/led3' for '(null)' GPIO lookup
[   14.428594] of_get_named_gpiod_flags: parsed 'gpios' property of node '/leds/led3[0]' - status (0)
[   14.428630] gpio gpiochip0: Persistence not supported for GPIO 22
[   14.428642] gpio-534 (?): no flags found for (null)
[   14.471555] leds-gpio leds: using DT '/leds/led4' for '(null)' GPIO lookup
[   14.471645] of_get_named_gpiod_flags: parsed 'gpios' property of node '/leds/led4[0]' - status (0)
[   14.471692] gpio gpiochip0: Persistence not supported for GPIO 23
[   14.471705] gpio-535 (?): no flags found for (null)
[   14.496785] leds-gpio leds: using DT '/leds/led5' for '(null)' GPIO lookup
[   14.496880] of_get_named_gpiod_flags: parsed 'gpios' property of node '/leds/led5[0]' - status (0)
[   14.496929] gpio gpiochip0: Persistence not supported for GPIO 24
[   14.496942] gpio-536 (?): no flags found for (null)
[   14.933535] omap_wdt: OMAP Watchdog Timer Rev 0x01: initial timeout 60 sec
[   14.972339] remoteproc remoteproc0: wkup_m3 is available
[   15.205135] am335x-phy-driver 47401300.usb-phy: using DT '/ocp/target-module@47400000/usb-phy@1300' for 'reset' GPIO lookup
[   15.205230] of_get_named_gpiod_flags: can't parse 'reset-gpios' property of node '/ocp/target-module@47400000/usb-phy@1300[0]'
[   15.205274] of_get_named_gpiod_flags: can't parse 'reset-gpio' property of node '/ocp/target-module@47400000/usb-phy@1300[0]'
[   15.205311] am335x-phy-driver 47401300.usb-phy: using lookup tables for GPIO lookup
[   15.205324] am335x-phy-driver 47401300.usb-phy: No GPIO consumer reset found
[   15.205336] am335x-phy-driver 47401300.usb-phy: using DT '/ocp/target-module@47400000/usb-phy@1300' for 'vbus-detect' GPIO lookup
[   15.205365] of_get_named_gpiod_flags: can't parse 'vbus-detect-gpios' property of node '/ocp/target-module@47400000/usb-phy@1300[0]'
[   15.205396] of_get_named_gpiod_flags: can't parse 'vbus-detect-gpio' property of node '/ocp/target-module@47400000/usb-phy@1300[0]'
[   15.205421] am335x-phy-driver 47401300.usb-phy: using lookup tables for GPIO lookup
[   15.205431] am335x-phy-driver 47401300.usb-phy: No GPIO consumer vbus-detect found
[   15.205577] am335x-phy-driver 47401300.usb-phy: dummy supplies not allowed for exclusive requests
[   15.286539] at24 2-0054: supply vcc not found, using dummy regulator
[   15.502086] at24 2-0055: supply vcc not found, using dummy regulator
[   15.572069] at24 2-0056: supply vcc not found, using dummy regulator
[   15.699524] at24 2-0057: supply vcc not found, using dummy regulator
[   15.726243] am335x-phy-driver 47401b00.usb-phy: using DT '/ocp/target-module@47400000/usb-phy@1b00' for 'reset' GPIO lookup
[   15.726334] of_get_named_gpiod_flags: can't parse 'reset-gpios' property of node '/ocp/target-module@47400000/usb-phy@1b00[0]'
[   15.726377] of_get_named_gpiod_flags: can't parse 'reset-gpio' property of node '/ocp/target-module@47400000/usb-phy@1b00[0]'
[   15.726415] am335x-phy-driver 47401b00.usb-phy: using lookup tables for GPIO lookup
[   15.726428] am335x-phy-driver 47401b00.usb-phy: No GPIO consumer reset found
[   15.726440] am335x-phy-driver 47401b00.usb-phy: using DT '/ocp/target-module@47400000/usb-phy@1b00' for 'vbus-detect' GPIO lookup
[   15.726469] of_get_named_gpiod_flags: can't parse 'vbus-detect-gpios' property of node '/ocp/target-module@47400000/usb-phy@1b00[0]'
[   15.726499] of_get_named_gpiod_flags: can't parse 'vbus-detect-gpio' property of node '/ocp/target-module@47400000/usb-phy@1b00[0]'
[   15.726524] am335x-phy-driver 47401b00.usb-phy: using lookup tables for GPIO lookup
[   15.726534] am335x-phy-driver 47401b00.usb-phy: No GPIO consumer vbus-detect found
[   15.726678] am335x-phy-driver 47401b00.usb-phy: dummy supplies not allowed for exclusive requests
[   15.878259] tps6521x_pwrbutton tps65217-pwrbutton: DMA mask not set
[   15.889249] at24 0-0050: using DT '/ocp/interconnect@44c00000/segment@200000/target-module@b000/i2c@0/baseboard_eeprom@50' for 'wp' GPIO lookup
[   15.889359] of_get_named_gpiod_flags: can't parse 'wp-gpios' property of node '/ocp/interconnect@44c00000/segment@200000/target-module@b000/i2c@0/baseboard_eeprom@50[0]'
[   15.889418] of_get_named_gpiod_flags: can't parse 'wp-gpio' property of node '/ocp/interconnect@44c00000/segment@200000/target-module@b000/i2c@0/baseboard_eeprom@50[0]'
[   15.889463] at24 0-0050: using lookup tables for GPIO lookup
[   15.889476] at24 0-0050: No GPIO consumer wp found
[   15.889752] at24 0-0050: 32768 byte 24c256 EEPROM, writable, 1 bytes/write
[   15.980020] input: tps65217_pwrbutton as /devices/platform/ocp/44c00000.interconnect/44c00000.interconnect:segment@200000/44e0b000.target-module/44e0b000.i2c/i2c-0/0-0024/tps65217-pwrbutton/input/input0
[   16.127504] omap_rtc 44e3e000.rtc: registered as rtc0
[   16.132852] omap_rtc 44e3e000.rtc: setting system clock to 2000-01-01T00:00:00 UTC (946684800)
[   16.141627] omap_rtc 44e3e000.rtc: using DT '/ocp/interconnect@44c00000/segment@200000/target-module@3e000/rtc@0' for 'wp' GPIO lookup
[   16.141699] of_get_named_gpiod_flags: can't parse 'wp-gpios' property of node '/ocp/interconnect@44c00000/segment@200000/target-module@3e000/rtc@0[0]'
[   16.141747] of_get_named_gpiod_flags: can't parse 'wp-gpio' property of node '/ocp/interconnect@44c00000/segment@200000/target-module@3e000/rtc@0[0]'
[   16.141786] omap_rtc 44e3e000.rtc: using lookup tables for GPIO lookup
[   16.141798] omap_rtc 44e3e000.rtc: No GPIO consumer wp found
[   16.336324] wkup_m3_ipc 44e11324.wkup_m3_ipc: IPC Request for A8->M3 Channel failed! -517
[   17.254733] tda998x 0-0070: found TDA19988
[   17.328246] usbcore: registered new interface driver usbfs
[   17.334114] usbcore: registered new interface driver hub
[   17.339558] usbcore: registered new device driver usb
[   17.432122] wkup_m3_ipc 44e11324.wkup_m3_ipc: IPC Request for A8->M3 Channel failed! -517
[   18.185986] omap-mailbox 480c8000.mailbox: omap mailbox rev 0x400
[   18.259060] remoteproc remoteproc0: powering up wkup_m3
[   18.373493] musb-hdrc musb-hdrc.1: MUSB HDRC host driver
[   18.378910] musb-hdrc musb-hdrc.1: new USB bus registered, assigned bus number 1
[   18.543024] usb usb1: New USB device found, idVendor=1d6b, idProduct=0002, bcdDevice= 6.06
[   18.552458] usb usb1: New USB device strings: Mfr=3, Product=2, SerialNumber=1
[   18.559870] usb usb1: Product: MUSB HDRC host driver
[   18.564958] usb usb1: Manufacturer: Linux 6.6.115 musb-hcd
[   18.570475] usb usb1: SerialNumber: musb-hdrc.1
[   18.595001] remoteproc remoteproc0: Direct firmware load for am335x-pm-firmware.elf failed with error -2
[   18.604753] remoteproc remoteproc0: request_firmware failed: -2
[   18.610715] wkup_m3_ipc 44e11324.wkup_m3_ipc: rproc_boot failed
[   18.716287] hub 1-0:1.0: USB hub found
[   18.781636] hub 1-0:1.0: 1 port detected
[   20.564947] tilcdc 4830e000.lcdc: bound 0-0070 (ops tda998x_audio_codec_init [tda998x])
[   20.659324] omap_rng 48310000.rng: Random Number Generator ver. 20
[   20.681983] [drm] Initialized tilcdc 1.0.0 20121205 for 4830e000.lcdc on minor 0
[   20.771586] tilcdc 4830e000.lcdc: [drm] Cannot find any crtc or sizes
[   20.795918] tilcdc 4830e000.lcdc: [drm] Cannot find any crtc or sizes
[   22.064943] PM: Cannot get wkup_m3_ipc handle
[   22.074153] omap-sham 53100000.sham: hw accel on OMAP rev 4.3
[   22.191107] omap-sham 53100000.sham: will run requests pump with realtime priority
[   22.226008] PM: Cannot get wkup_m3_ipc handle
[   22.468142] omap-aes 53500000.aes: OMAP AES hw accel rev: 3.2
[   22.617297] omap-aes 53500000.aes: will run requests pump with realtime priority
[   22.630614] PM: Cannot get wkup_m3_ipc handle
[   22.673772] Bluetooth: Core ver 2.22
[   22.677618] NET: Registered PF_BLUETOOTH protocol family
[   22.683100] Bluetooth: HCI device and connection manager initialized
[   22.689513] Bluetooth: HCI socket layer initialized
[   22.694455] Bluetooth: L2CAP socket layer initialized
[   22.699568] Bluetooth: SCO socket layer initialized
[   25.500154] PM: Cannot get wkup_m3_ipc handle
[   25.506113] asoc-simple-card sound: using DT '/sound' for 'simple-audio-card,hp-det' GPIO lookup
[   25.506196] of_get_named_gpiod_flags: can't parse 'simple-audio-card,hp-det-gpios' property of node '/sound[0]'
[   25.506234] of_get_named_gpiod_flags: can't parse 'simple-audio-card,hp-det-gpio' property of node '/sound[0]'
[   25.506258] asoc-simple-card sound: using lookup tables for GPIO lookup
[   25.506270] asoc-simple-card sound: No GPIO consumer simple-audio-card,hp-det found
[   25.506283] asoc-simple-card sound: using DT '/sound' for 'simple-audio-card,mic-det' GPIO lookup
[   25.506306] of_get_named_gpiod_flags: can't parse 'simple-audio-card,mic-det-gpios' property of node '/sound[0]'
[   25.506332] of_get_named_gpiod_flags: can't parse 'simple-audio-card,mic-det-gpio' property of node '/sound[0]'
[   25.506349] asoc-simple-card sound: using lookup tables for GPIO lookup
[   25.506359] asoc-simple-card sound: No GPIO consumer simple-audio-card,mic-det found
[   25.642311] PM: Cannot get wkup_m3_ipc handle
[   27.873228] userial_init: registered 8 ttyGS* devices
[   28.066600] rndis_register: configNr = 0
[   28.129601] udc musb-hdrc.0: binding gadget driver [g_multi]
[   28.129704] configfs-gadget.g_multi gadget.0: adding 'rndis'/cad443fc to config 'c'/f47a7b0e
[   28.130850] configfs-gadget.g_multi gadget.0: HOST MAC 1c:ba:8c:a2:ed:6c
[   28.137828] configfs-gadget.g_multi gadget.0: MAC 1c:ba:8c:a2:ed:70
[   28.144237] rndis_set_param_medium: 0 0
[   28.144260] configfs-gadget.g_multi gadget.0: RNDIS: IN/ep1in OUT/ep1out NOTIFY/ep2in
[   28.144276] configfs-gadget.g_multi gadget.0: adding 'cdc_ethernet'/47b8598f to config 'c'/f47a7b0e
[   28.145190] configfs-gadget.g_multi gadget.0: HOST MAC 1c:ba:8c:a2:ed:6c
[   28.152027] configfs-gadget.g_multi gadget.0: MAC 1c:ba:8c:a2:ed:6d
[   28.158356] configfs-gadget.g_multi gadget.0: CDC Ethernet: IN/ep3in OUT/ep2out NOTIFY/ep4in
[   28.158372] configfs-gadget.g_multi gadget.0: adding 'acm'/6857b5d6 to config 'c'/f47a7b0e
[   28.158403] configfs-gadget.g_multi gadget.0: acm ttyGS0: IN/ep5in OUT/ep3out NOTIFY/ep6in
[   28.172764] PM: Cannot get wkup_m3_ipc handle
[   29.267736] configfs-gadget.g_multi gadget.0: eth_open
[   30.226252] configfs-gadget.g_multi gadget.0: stop stats: rx/tx 0/0, errs 0/0
[   34.648057] gs_open: ttyGS0 (0e30baf8,ac882001)
[   34.648205] gs_close: ttyGS0 (0e30baf8,ac882001) ...
[   34.648226] gs_close: ttyGS0 (0e30baf8,ac882001) done!
[   34.657356] gs_open: ttyGS0 (ec5eb7d5,22f316f1)
[   34.657502] gs_close: ttyGS0 (ec5eb7d5,22f316f1) ...
[   34.657523] gs_close: ttyGS0 (ec5eb7d5,22f316f1) done!
[   34.811074] gs_open: ttyGS0 (ec5eb7d5,5ee0690d)
[   34.816073] gs_close: ttyGS0 (ec5eb7d5,5ee0690d) ...
[   34.816149] gs_close: ttyGS0 (ec5eb7d5,5ee0690d) done!
[   34.817645] gs_open: ttyGS0 (ec5eb7d5,6572cc14)
NWXHSZMAUS 0
root@arm:~# echo 'NOFJ''YSKWNZ'
NOFJYSKWNZ
root@arm:~# MARKER='QBBN''QKSJLX' run 'modprobe test_linear_ranges'
QBBNQKSJLXQBBNQKSJLX 0
root@arm:~# echo 'XECY''PZPNUY'
XECYPZPNUY
root@arm:~# MARKER='HKSL''EKTKEY' run dmesg
HKSLEKTKEY[    0.000000] Booting Linux on physical CPU 0x0
[    0.000000] Linux version 6.6.115 (user01@drvtest01) (arm-none-eabi-gcc (Arm GNU Toolchain 14.2.Rel1 (Build arm-14.52)) 14.2.1 20241119, GNU ld (Arm GNU Toolchain 14.2.Rel1 (Build arm-14.52)) 2.43.1.20241119) #1 SMP Wed Oct 29 18:04:37 EET 2025
[    0.000000] CPU: ARMv7 Processor [413fc082] revision 2 (ARMv7), cr=10c5387d
[    0.000000] CPU: PIPT / VIPT nonaliasing data cache, VIPT aliasing instruction cache
[    0.000000] OF: fdt: Machine model: TI AM335x BeagleBone Black
[    0.000000] Memory policy: Data cache writeback
[    0.000000] cma: Reserved 16 MiB at 0x9e800000 on node -1
[    0.000000] Zone ranges:
[    0.000000]   Normal   [mem 0x0000000080000000-0x000000009fdfffff]
[    0.000000]   HighMem  empty
[    0.000000] Movable zone start for each node
[    0.000000] Early memory node ranges
[    0.000000]   node   0: [mem 0x0000000080000000-0x000000009fdfffff]
[    0.000000] Initmem setup node 0 [mem 0x0000000080000000-0x000000009fdfffff]
[    0.000000] CPU: All CPU(s) started in SVC mode.
[    0.000000] AM335X ES2.1 (sgx neon)
[    0.000000] percpu: Embedded 16 pages/cpu s36116 r8192 d21228 u65536
[    0.000000] pcpu-alloc: s36116 r8192 d21228 u65536 alloc=16*4096
[    0.000000] pcpu-alloc: [0] 0 
[    0.000000] Kernel command line: console=ttyO0,115200n8 root=/dev/nfs rw nfsroot=192.168.255.126:/home/user01/nfs,nfsvers=3 ip=192.168.255.1:192.168.255.126::255.255.255.0:bbb1:eth0 nfsrootdebug
[    0.000000] Unknown kernel command line parameters "nfsrootdebug", will be passed to user space.
[    0.000000] Dentry cache hash table entries: 65536 (order: 6, 262144 bytes, linear)
[    0.000000] Inode-cache hash table entries: 32768 (order: 5, 131072 bytes, linear)
[    0.000000] Built 1 zonelists, mobility grouping on.  Total pages: 129412
[    0.000000] mem auto-init: stack:off, heap alloc:off, heap free:off
[    0.000000] Memory: 483604K/522240K available (11264K kernel code, 1165K rwdata, 2704K rodata, 1024K init, 281K bss, 22252K reserved, 16384K cma-reserved, 0K highmem)
[    0.000000] SLUB: HWalign=64, Order=0-3, MinObjects=0, CPUs=1, Nodes=1
[    0.000000] rcu: Hierarchical RCU implementation.
[    0.000000] rcu: 	RCU event tracing is enabled.
[    0.000000] rcu: 	RCU restricting CPUs from NR_CPUS=2 to nr_cpu_ids=1.
[    0.000000] rcu: RCU calculated value of scheduler-enlistment delay is 10 jiffies.
[    0.000000] rcu: Adjusting geometry for rcu_fanout_leaf=16, nr_cpu_ids=1
[    0.000000] NR_IRQS: 16, nr_irqs: 16, preallocated irqs: 16
[    0.000000] IRQ: Found an INTC at 0x(ptrval) (revision 5.0) with 128 interrupts
[    0.000000] rcu: srcu_init: Setting srcu_struct sizes based on contention.
[    0.000000] TI gptimer clocksource: always-on /ocp/interconnect@44c00000/segment@200000/target-module@31000
[    0.000003] sched_clock: 32 bits at 24MHz, resolution 41ns, wraps every 89478484971ns
[    0.000029] clocksource: dmtimer: mask: 0xffffffff max_cycles: 0xffffffff, max_idle_ns: 79635851949 ns
[    0.000522] TI gptimer clockevent: 24000000 Hz at /ocp/interconnect@48000000/segment@0/target-module@40000
[    0.002088] Console: colour dummy device 80x30
[    0.002137] WARNING: Your 'console=ttyO0' has been replaced by 'ttyS0'
[    0.002145] This ensures that you still see kernel messages. Please
[    0.002149] update your kernel commandline.
[    0.002187] Calibrating delay loop... 996.14 BogoMIPS (lpj=4980736)
[    0.090576] CPU: Testing write buffer coherency: ok
[    0.090674] CPU0: Spectre v2: using BPIALL workaround
[    0.090687] pid_max: default: 32768 minimum: 301
[    0.090801] LSM: initializing lsm=capability,integrity
[    0.090970] Mount-cache hash table entries: 1024 (order: 0, 4096 bytes, linear)
[    0.090991] Mountpoint-cache hash table entries: 1024 (order: 0, 4096 bytes, linear)
[    0.092467] CPU0: thread -1, cpu 0, socket -1, mpidr 0
[    0.094085] Setting up static identity map for 0x80100000 - 0x80100078
[    0.094373] rcu: Hierarchical SRCU implementation.
[    0.094383] rcu: 	Max phase no-delay instances is 1000.
[    0.095759] smp: Bringing up secondary CPUs ...
[    0.095813] smp: Brought up 1 node, 1 CPU
[    0.095825] SMP: Total of 1 processors activated (996.14 BogoMIPS).
[    0.095837] CPU: All CPU(s) started in SVC mode.
[    0.096716] devtmpfs: initialized
[    0.113253] VFP support v0.3: implementor 41 architecture 3 part 30 variant c rev 3
[    0.113602] clocksource: jiffies: mask: 0xffffffff max_cycles: 0xffffffff, max_idle_ns: 19112604462750000 ns
[    0.113638] futex hash table entries: 256 (order: 2, 16384 bytes, linear)
[    0.114917] pinctrl core: initialized pinctrl subsystem
[    0.117069] NET: Registered PF_NETLINK/PF_ROUTE protocol family
[    0.119598] DMA: preallocated 256 KiB pool for atomic coherent allocations
[    0.120209] audit: initializing netlink subsys (disabled)
[    0.121774] thermal_sys: Registered thermal governor 'fair_share'
[    0.121794] thermal_sys: Registered thermal governor 'step_wise'
[    0.121800] thermal_sys: Registered thermal governor 'user_space'
[    0.121937] cpuidle: using governor menu
[    0.138266] /ocp/interconnect@44c00000/segment@200000/target-module@b000/i2c@0/tda19988@70: Fixed dependency cycle(s) with /ocp/interconnect@48000000/segment@300000/target-module@e000/lcdc@0
[    0.139309] /ocp/interconnect@48000000/segment@300000/target-module@e000/lcdc@0: Fixed dependency cycle(s) with /ocp/interconnect@44c00000/segment@200000/target-module@b000/i2c@0/tda19988@70
[    0.141535] No ATAGs?
[    0.141554] hw-breakpoint: debug architecture 0x4 unsupported.
[    0.144326] audit: type=2000 audit(0.120:1): state=initialized audit_enabled=0 res=1
[    0.144628] kprobes: kprobe jump-optimization is enabled. All kprobes are optimized if possible.
[    0.163282] iommu: Default domain type: Translated
[    0.163302] iommu: DMA domain TLB invalidation policy: strict mode
[    0.164760] SCSI subsystem initialized
[    0.165608] reg-fixed-voltage fixedregulator0: using DT '/fixedregulator0' for '(null)' GPIO lookup
[    0.165660] of_get_named_gpiod_flags: can't parse 'gpios' property of node '/fixedregulator0[0]'
[    0.165688] of_get_named_gpiod_flags: can't parse 'gpio' property of node '/fixedregulator0[0]'
[    0.165707] reg-fixed-voltage fixedregulator0: using lookup tables for GPIO lookup
[    0.165717] reg-fixed-voltage fixedregulator0: No GPIO consumer (null) found
[    0.166257] libata version 3.00 loaded.
[    0.166612] pps_core: LinuxPPS API ver. 1 registered
[    0.166623] pps_core: Software ver. 5.3.6 - Copyright 2005-2007 Rodolfo Giometti <giometti@linux.it>
[    0.166649] PTP clock support registered
[    0.170836] vgaarb: loaded
[    0.171169] clocksource: Switched to clocksource dmtimer
[    0.171779] VFS: Disk quotas dquot_6.6.0
[    0.171837] VFS: Dquot-cache hash table entries: 1024 (order 0, 4096 bytes)
[    0.203877] NET: Registered PF_INET protocol family
[    0.204221] IP idents hash table entries: 8192 (order: 4, 65536 bytes, linear)
[    0.205550] tcp_listen_portaddr_hash hash table entries: 512 (order: 0, 4096 bytes, linear)
[    0.205588] Table-perturb hash table entries: 65536 (order: 6, 262144 bytes, linear)
[    0.205605] TCP established hash table entries: 4096 (order: 2, 16384 bytes, linear)
[    0.205651] TCP bind hash table entries: 4096 (order: 4, 65536 bytes, linear)
[    0.205751] TCP: Hash tables configured (established 4096 bind 4096)
[    0.205878] UDP hash table entries: 256 (order: 1, 8192 bytes, linear)
[    0.205906] UDP-Lite hash table entries: 256 (order: 1, 8192 bytes, linear)
[    0.206081] NET: Registered PF_UNIX/PF_LOCAL protocol family
[    0.211808] RPC: Registered named UNIX socket transport module.
[    0.211829] RPC: Registered udp transport module.
[    0.211836] RPC: Registered tcp transport module.
[    0.211841] RPC: Registered tcp-with-tls transport module.
[    0.211846] RPC: Registered tcp NFSv4.1 backchannel transport module.
[    0.211870] PCI: CLS 0 bytes, default 64
[    0.213476] Initialise system trusted keyrings
[    0.221430] workingset: timestamp_bits=14 max_order=17 bucket_order=3
[    0.222647] NFS: Registering the id_resolver key type
[    0.222737] Key type id_resolver registered
[    0.222745] Key type id_legacy registered
[    0.222799] jffs2: version 2.2. (NAND) (SUMMARY)  Â© 2001-2006 Red Hat, Inc.
[    0.223268] Key type asymmetric registered
[    0.223284] Asymmetric key parser 'x509' registered
[    0.223376] io scheduler mq-deadline registered
[    0.223388] io scheduler kyber registered
[    0.223457] io scheduler bfq registered
[    0.233829] hw perfevents: enabled with armv7_cortex_a8 PMU driver, 5 counters available
[    0.242140] l3-aon-clkctrl:0000:0: failed to disable
[    0.254203] Serial: 8250/16550 driver, 6 ports, IRQ sharing enabled
[    0.305410] brd: module loaded
[    0.322722] loop: module loaded
[    0.323669] mtdoops: mtd device (mtddev=name/number) must be supplied
[    0.325145] mdio_bus fixed-0: using lookup tables for GPIO lookup
[    0.325166] mdio_bus fixed-0: No GPIO consumer reset found
[    0.326385] i2c_dev: i2c /dev entries driver
[    0.327360] cpuidle: enable-method property 'ti,am3352' found operations
[    0.327823] sdhci: Secure Digital Host Controller Interface driver
[    0.327834] sdhci: Copyright(c) Pierre Ossman
[    0.328028] sdhci-pltfm: SDHCI platform and OF driver helper
[    0.328302] ledtrig-cpu: registered to indicate activity on CPUs
[    0.329068] Initializing XFRM netlink socket
[    0.329207] NET: Registered PF_INET6 protocol family
[    0.348921] Segment Routing with IPv6
[    0.349000] In-situ OAM (IOAM) with IPv6
[    0.349107] sit: IPv6, IPv4 and MPLS over IPv4 tunneling driver
[    0.350070] NET: Registered PF_PACKET protocol family
[    0.350099] NET: Registered PF_KEY protocol family
[    0.350234] Key type dns_resolver registered
[    0.350457] ThumbEE CPU extension supported.
[    0.350478] Registering SWP/SWPB emulation handler
[    0.350988] omap_voltage_late_init: Voltage driver support not added
[    0.351771] SmartReflex Class3 initialized
[    0.368234] Loading compiled-in X.509 certificates
[    0.405901] /ocp/interconnect@44c00000/segment@200000/target-module@b000/i2c@0/tda19988@70: Fixed dependency cycle(s) with /ocp/interconnect@48000000/segment@300000/target-module@e000/lcdc@0
[    0.412235] /ocp/interconnect@44c00000/segment@200000/target-module@b000/i2c@0/tda19988@70: Fixed dependency cycle(s) with /ocp/interconnect@48000000/segment@300000/target-module@e000/lcdc@0
[    0.417585] gpiochip_find_base: found new base at 512
[    0.420043] /ocp/interconnect@44c00000/segment@200000/target-module@b000/i2c@0/tda19988@70: Fixed dependency cycle(s) with /ocp/interconnect@48000000/segment@300000/target-module@e000/lcdc@0
[    0.420891] /ocp/interconnect@44c00000/segment@200000/target-module@b000/i2c@0/tda19988@70: Fixed dependency cycle(s) with /ocp/interconnect@48000000/segment@300000/target-module@e000/lcdc@0
[    0.424403] /ocp/interconnect@44c00000/segment@200000/target-module@10000/scm@0/pinmux@800: Fixed dependency cycle(s) with /ocp/interconnect@44c00000/segment@200000/target-module@10000/scm@0/pinmux@800/clkout2-pins
[    0.424994] pinctrl-single 44e10800.pinmux: 142 pins, size 568
[    0.430022] ti-sysc: probe of 44e31000.target-module failed with error -16
[    0.467749] /ocp/interconnect@48000000/segment@300000/target-module@e000/lcdc@0: Fixed dependency cycle(s) with /ocp/interconnect@44c00000/segment@200000/target-module@b000/i2c@0/tda19988@70
[    0.475644] ti-sysc: probe of 48040000.target-module failed with error -16
[    0.486591] gpiochip_find_base: found new base at 512
[    0.486660] gpio gpiochip0: (gpio-0-31): created GPIO range 0->7 ==> 44e10800.pinmux PIN 0->7
[    0.486679] gpio gpiochip0: (gpio-0-31): created GPIO range 8->11 ==> 44e10800.pinmux PIN 90->93
[    0.486695] gpio gpiochip0: (gpio-0-31): created GPIO range 12->27 ==> 44e10800.pinmux PIN 12->27
[    0.486711] gpio gpiochip0: (gpio-0-31): created GPIO range 28->31 ==> 44e10800.pinmux PIN 30->33
[    0.512138] gpio gpiochip0: (gpio-0-31): added GPIO chardev (254:0)
[    0.512302] gpio gpiochip0: registered GPIOs 512 to 543 on gpio-0-31
[    0.512387] OMAP GPIO hardware version 0.1
[    0.534394] i2c i2c-2: using DT '/ocp/interconnect@48000000/segment@100000/target-module@9c000/i2c@0' for 'scl' GPIO lookup
[    0.534469] of_get_named_gpiod_flags: can't parse 'scl-gpios' property of node '/ocp/interconnect@48000000/segment@100000/target-module@9c000/i2c@0[0]'
[    0.534511] of_get_named_gpiod_flags: can't parse 'scl-gpio' property of node '/ocp/interconnect@48000000/segment@100000/target-module@9c000/i2c@0[0]'
[    0.534547] i2c i2c-2: using lookup tables for GPIO lookup
[    0.534558] i2c i2c-2: No GPIO consumer scl found
[    0.534578] i2c i2c-2: using DT '/ocp/interconnect@48000000/segment@100000/target-module@9c000/i2c@0' for 'sda' GPIO lookup
[    0.534613] of_get_named_gpiod_flags: can't parse 'sda-gpios' property of node '/ocp/interconnect@48000000/segment@100000/target-module@9c000/i2c@0[0]'
[    0.534651] of_get_named_gpiod_flags: can't parse 'sda-gpio' property of node '/ocp/interconnect@48000000/segment@100000/target-module@9c000/i2c@0[0]'
[    0.534682] i2c i2c-2: using lookup tables for GPIO lookup
[    0.534690] i2c i2c-2: No GPIO consumer sda found
[    0.535386] omap_i2c 4819c000.i2c: bus 2 rev0.11 at 100 kHz
[    0.540617] gpiochip_find_base: found new base at 544
[    0.540681] gpio gpiochip1: (gpio-32-63): created GPIO range 0->17 ==> 44e10800.pinmux PIN 34->51
[    0.540699] gpio gpiochip1: (gpio-32-63): created GPIO range 18->21 ==> 44e10800.pinmux PIN 77->80
[    0.540715] gpio gpiochip1: (gpio-32-63): created GPIO range 22->31 ==> 44e10800.pinmux PIN 56->65
[    0.554340] gpio gpiochip1: (gpio-32-63): added GPIO chardev (254:1)
[    0.554492] gpio gpiochip1: registered GPIOs 544 to 575 on gpio-32-63
[    0.556634] gpiochip_find_base: found new base at 576
[    0.556694] gpio gpiochip2: (gpio-64-95): created GPIO range 0->4 ==> 44e10800.pinmux PIN 66->70
[    0.556713] gpio gpiochip2: (gpio-64-95): created GPIO range 5->6 ==> 44e10800.pinmux PIN 98->99
[    0.556728] gpio gpiochip2: (gpio-64-95): created GPIO range 7->8 ==> 44e10800.pinmux PIN 75->76
[    0.556744] gpio gpiochip2: (gpio-64-95): created GPIO range 13->13 ==> 44e10800.pinmux PIN 141->141
[    0.556760] gpio gpiochip2: (gpio-64-95): created GPIO range 14->21 ==> 44e10800.pinmux PIN 100->107
[    0.557317] gpio gpiochip2: (gpio-64-95): added GPIO chardev (254:2)
[    0.557439] gpio gpiochip2: registered GPIOs 576 to 607 on gpio-64-95
[    0.563856] /ocp/interconnect@48000000/segment@300000/target-module@e000/lcdc@0: Fixed dependency cycle(s) with /ocp/interconnect@44c00000/segment@200000/target-module@b000/i2c@0/tda19988@70
[    0.566517] /ocp/interconnect@48000000/segment@300000/target-module@e000/lcdc@0: Fixed dependency cycle(s) with /ocp/interconnect@44c00000/segment@200000/target-module@b000/i2c@0/tda19988@70
[    0.567198] /ocp/interconnect@44c00000/segment@200000/target-module@b000/i2c@0/tda19988@70: Fixed dependency cycle(s) with /ocp/interconnect@48000000/segment@300000/target-module@e000/lcdc@0
[    0.567361] /ocp/interconnect@48000000/segment@300000/target-module@e000/lcdc@0: Fixed dependency cycle(s) with /ocp/interconnect@44c00000/segment@200000/target-module@b000/i2c@0/tda19988@70
[    0.576716] mdio_bus 4a101000.mdio: using DT '/ocp/interconnect@4a000000/segment@0/target-module@100000/switch@0/mdio@1000' for 'reset' GPIO lookup
[    0.576789] of_get_named_gpiod_flags: can't parse 'reset-gpios' property of node '/ocp/interconnect@4a000000/segment@0/target-module@100000/switch@0/mdio@1000[0]'
[    0.576834] of_get_named_gpiod_flags: can't parse 'reset-gpio' property of node '/ocp/interconnect@4a000000/segment@0/target-module@100000/switch@0/mdio@1000[0]'
[    0.576884] mdio_bus 4a101000.mdio: using lookup tables for GPIO lookup
[    0.576894] mdio_bus 4a101000.mdio: No GPIO consumer reset found
[    0.579021] sdhci-omap 481d8000.mmc: using DT '/ocp/interconnect@48000000/segment@100000/target-module@d8000/mmc@0' for 'wp' GPIO lookup
[    0.579097] of_get_named_gpiod_flags: can't parse 'wp-gpios' property of node '/ocp/interconnect@48000000/segment@100000/target-module@d8000/mmc@0[0]'
[    0.579141] of_get_named_gpiod_flags: can't parse 'wp-gpio' property of node '/ocp/interconnect@48000000/segment@100000/target-module@d8000/mmc@0[0]'
[    0.579178] sdhci-omap 481d8000.mmc: using lookup tables for GPIO lookup
[    0.579187] sdhci-omap 481d8000.mmc: No GPIO consumer wp found
[    0.579391] sdhci-omap 481d8000.mmc: supply pbias not found, using dummy regulator
[    0.579874] sdhci-omap 481d8000.mmc: supply vqmmc not found, using dummy regulator
[    0.654557] davinci_mdio 4a101000.mdio: davinci mdio revision 1.6, bus freq 1000000
[    0.677616] mdio_bus 4a101000.mdio:00: using DT '/ocp/interconnect@4a000000/segment@0/target-module@100000/switch@0/mdio@1000/ethernet-phy@0' for 'reset' GPIO lookup
[    0.677720] of_get_named_gpiod_flags: parsed 'reset-gpios' property of node '/ocp/interconnect@4a000000/segment@0/target-module@100000/switch@0/mdio@1000/ethernet-phy@0[0]' - status (0)
[    0.677882] gpio gpiochip0: Persistence not supported for GPIO 8
[    0.851736] davinci_mdio 4a101000.mdio: phy[0]: device 4a101000.mdio:00, driver SMSC LAN8710/LAN8720
[    0.852355] cpsw-switch 4a100000.switch: initialized cpsw ale version 1.4
[    0.852373] cpsw-switch 4a100000.switch: ALE Table size 1024
[    0.863135] cpsw-switch 4a100000.switch: cpts: overflow check period 500 (jiffies)
[    0.863160] cpsw-switch 4a100000.switch: CPTS: ref_clk_freq:250000000 calc_mult:2147483648 calc_shift:29 error:0 nsec/sec
[    0.863266] cpsw-switch 4a100000.switch: Detected MACID = 6c:ec:eb:68:de:78
[    0.865103] cpsw-switch 4a100000.switch: initialized (regs 0x4a100000, pool size 256) hw_ver:0019010C 1.12 (0)
[    0.875845] debugfs: Directory '49000000.dma' with parent 'dmaengine' already present!
[    0.875888] edma 49000000.dma: TI EDMA DMA engine driver
[    0.909368] gpio-clk clk_mcasp0: using DT '/clk_mcasp0' for 'enable' GPIO lookup
[    0.909444] of_get_named_gpiod_flags: parsed 'enable-gpios' property of node '/clk_mcasp0[0]' - status (0)
[    0.909484] gpio gpiochip0: Persistence not supported for GPIO 27
[    0.910340] gpiochip_find_base: found new base at 608
[    0.910399] gpio gpiochip3: (gpio-96-127): created GPIO range 0->7 ==> 44e10800.pinmux PIN 82->89
[    0.910417] gpio gpiochip3: (gpio-96-127): created GPIO range 8->11 ==> 44e10800.pinmux PIN 52->55
[    0.910434] gpio gpiochip3: (gpio-96-127): created GPIO range 12->15 ==> 44e10800.pinmux PIN 94->97
[    0.910449] gpio gpiochip3: (gpio-96-127): created GPIO range 16->17 ==> 44e10800.pinmux PIN 71->72
[    0.910465] gpio gpiochip3: (gpio-96-127): created GPIO range 18->18 ==> 44e10800.pinmux PIN 135->135
[    0.910481] gpio gpiochip3: (gpio-96-127): created GPIO range 19->20 ==> 44e10800.pinmux PIN 108->109
[    0.910498] gpio gpiochip3: (gpio-96-127): created GPIO range 21->21 ==> 44e10800.pinmux PIN 73->73
[    0.910514] gpio gpiochip3: (gpio-96-127): created GPIO range 22->23 ==> 44e10800.pinmux PIN 8->9
[    0.910531] gpio gpiochip3: (gpio-96-127): created GPIO range 26->27 ==> 44e10800.pinmux PIN 10->11
[    0.910549] gpio gpiochip3: (gpio-96-127): created GPIO range 28->28 ==> 44e10800.pinmux PIN 74->74
[    0.910566] gpio gpiochip3: (gpio-96-127): created GPIO range 29->29 ==> 44e10800.pinmux PIN 81->81
[    0.910584] gpio gpiochip3: (gpio-96-127): created GPIO range 30->31 ==> 44e10800.pinmux PIN 28->29
[    0.922053] gpio gpiochip3: (gpio-96-127): added GPIO chardev (254:3)
[    0.922211] gpio gpiochip3: registered GPIOs 608 to 639 on gpio-96-127
[    0.924650] omap8250 44e09000.serial: using DT '/ocp/interconnect@44c00000/segment@200000/target-module@9000/serial@0' for 'rs485-term' GPIO lookup
[    0.924727] of_get_named_gpiod_flags: can't parse 'rs485-term-gpios' property of node '/ocp/interconnect@44c00000/segment@200000/target-module@9000/serial@0[0]'
[    0.924773] of_get_named_gpiod_flags: can't parse 'rs485-term-gpio' property of node '/ocp/interconnect@44c00000/segment@200000/target-module@9000/serial@0[0]'
[    0.924810] omap8250 44e09000.serial: using lookup tables for GPIO lookup
[    0.924821] omap8250 44e09000.serial: No GPIO consumer rs485-term found
[    0.924831] omap8250 44e09000.serial: using DT '/ocp/interconnect@44c00000/segment@200000/target-module@9000/serial@0' for 'rs485-rx-during-tx' GPIO lookup
[    0.924866] of_get_named_gpiod_flags: can't parse 'rs485-rx-during-tx-gpios' property of node '/ocp/interconnect@44c00000/segment@200000/target-module@9000/serial@0[0]'
[    0.924903] of_get_named_gpiod_flags: can't parse 'rs485-rx-during-tx-gpio' property of node '/ocp/interconnect@44c00000/segment@200000/target-module@9000/serial@0[0]'
[    0.924935] omap8250 44e09000.serial: using lookup tables for GPIO lookup
[    0.924944] omap8250 44e09000.serial: No GPIO consumer rs485-rx-during-tx found
[    0.925320] 44e09000.serial: ttyS0 at MMIO 0x44e09000 (irq = 34, base_baud = 3000000) is a 8250
[    0.925403] printk: console [ttyS0] enabled
[    2.113376] i2c i2c-0: using DT '/ocp/interconnect@44c00000/segment@200000/target-module@b000/i2c@0' for 'scl' GPIO lookup
[    2.113470] of_get_named_gpiod_flags: can't parse 'scl-gpios' property of node '/ocp/interconnect@44c00000/segment@200000/target-module@b000/i2c@0[0]'
[    2.113520] of_get_named_gpiod_flags: can't parse 'scl-gpio' property of node '/ocp/interconnect@44c00000/segment@200000/target-module@b000/i2c@0[0]'
[    2.113560] i2c i2c-0: using lookup tables for GPIO lookup
[    2.113572] i2c i2c-0: No GPIO consumer scl found
[    2.113595] i2c i2c-0: using DT '/ocp/interconnect@44c00000/segment@200000/target-module@b000/i2c@0' for 'sda' GPIO lookup
[    2.113635] of_get_named_gpiod_flags: can't parse 'sda-gpios' property of node '/ocp/interconnect@44c00000/segment@200000/target-module@b000/i2c@0[0]'
[    2.113675] of_get_named_gpiod_flags: can't parse 'sda-gpio' property of node '/ocp/interconnect@44c00000/segment@200000/target-module@b000/i2c@0[0]'
[    2.113708] i2c i2c-0: using lookup tables for GPIO lookup
[    2.113718] i2c i2c-0: No GPIO consumer sda found
[    2.142273] tps65217-pmic: Failed to locate of_node [id: -1]
[    2.148347] tps65217-bl: Failed to locate of_node [id: -1]
[    2.159404] tps65217 0-0024: TPS65217 ID 0xe version 1.2
[    2.165538] /ocp/interconnect@48000000/segment@300000/target-module@e000/lcdc@0: Fixed dependency cycle(s) with /ocp/interconnect@44c00000/segment@200000/target-module@b000/i2c@0/tda19988@70
[    2.182876] /ocp/interconnect@44c00000/segment@200000/target-module@b000/i2c@0/tda19988@70: Fixed dependency cycle(s) with /ocp/interconnect@48000000/segment@300000/target-module@e000/lcdc@0
[    2.200235] omap_i2c 44e0b000.i2c: bus 0 rev0.11 at 400 kHz
[    2.207993] sdhci-omap 48060000.mmc: using DT '/ocp/interconnect@48000000/segment@0/target-module@60000/mmc@0' for 'cd' GPIO lookup
[    2.208097] of_get_named_gpiod_flags: parsed 'cd-gpios' property of node '/ocp/interconnect@48000000/segment@0/target-module@60000/mmc@0[0]' - status (0)
[    2.208219] gpio gpiochip3: Persistence not supported for GPIO 6
[    2.208247] omap_gpio 44e07000.gpio: Could not set line 6 debounce to 200000 microseconds (-22)
[    2.217148] sdhci-omap 48060000.mmc: Got CD GPIO
[    2.221836] sdhci-omap 48060000.mmc: using DT '/ocp/interconnect@48000000/segment@0/target-module@60000/mmc@0' for 'wp' GPIO lookup
[    2.221892] of_get_named_gpiod_flags: can't parse 'wp-gpios' property of node '/ocp/interconnect@48000000/segment@0/target-module@60000/mmc@0[0]'
[    2.221936] of_get_named_gpiod_flags: can't parse 'wp-gpio' property of node '/ocp/interconnect@48000000/segment@0/target-module@60000/mmc@0[0]'
[    2.221973] sdhci-omap 48060000.mmc: using lookup tables for GPIO lookup
[    2.221985] sdhci-omap 48060000.mmc: No GPIO consumer wp found
[    2.222180] sdhci-omap 48060000.mmc: supply pbias not found, using dummy regulator
[    2.231303] sdhci-omap 481d8000.mmc: using DT '/ocp/interconnect@48000000/segment@100000/target-module@d8000/mmc@0' for 'wp' GPIO lookup
[    2.231384] of_get_named_gpiod_flags: can't parse 'wp-gpios' property of node '/ocp/interconnect@48000000/segment@100000/target-module@d8000/mmc@0[0]'
[    2.231432] of_get_named_gpiod_flags: can't parse 'wp-gpio' property of node '/ocp/interconnect@48000000/segment@100000/target-module@d8000/mmc@0[0]'
[    2.231470] sdhci-omap 481d8000.mmc: using lookup tables for GPIO lookup
[    2.231483] sdhci-omap 481d8000.mmc: No GPIO consumer wp found
[    2.232214] sdhci-omap 48060000.mmc: supply vqmmc not found, using dummy regulator
[    2.240742] sdhci-omap 481d8000.mmc: supply pbias not found, using dummy regulator
[    2.249200] sdhci-omap 481d8000.mmc: supply vqmmc not found, using dummy regulator
[    2.288604] mmc1: SDHCI controller on 481d8000.mmc [481d8000.mmc] using External DMA
[    2.297051] mmc0: SDHCI controller on 48060000.mmc [48060000.mmc] using External DMA
[    2.305756] cpsw-switch 4a100000.switch: starting ndev. mode: dual_mac
[    2.371453] mmc1: new high speed MMC card at address 0001
[    2.378349] mmcblk1: mmc1:0001 MMC04G 3.60 GiB
[    2.385795]  mmcblk1: p1 p2
[    2.389265] mmc0: new high speed SDHC card at address aaaa
[    2.396535] mmcblk1boot0: mmc1:0001 MMC04G 2.00 MiB
[    2.402865] mmcblk0: mmc0:aaaa SE32G 29.7 GiB
[    2.410710] mmcblk1boot1: mmc1:0001 MMC04G 2.00 MiB
[    2.416870]  mmcblk0: p1 p2
[    2.421073] mmcblk1rpmb: mmc1:0001 MMC04G 128 KiB, chardev (250:0)
[    2.482457] SMSC LAN8710/LAN8720 4a101000.mdio:00: attached PHY driver (mii_bus:phy_addr=4a101000.mdio:00, irq=POLL)
[    5.601899] cpsw-switch 4a100000.switch eth0: Link is Up - 100Mbps/Full - flow control off
[    5.641392] IP-Config: Complete:
[    5.644662]      device=eth0, hwaddr=6c:ec:eb:68:de:78, ipaddr=192.168.255.1, mask=255.255.255.0, gw=255.255.255.255
[    5.655325]      host=bbb1, domain=, nis-domain=(none)
[    5.660491]      bootserver=192.168.255.126, rootserver=192.168.255.126, rootpath=
[    5.660906] clk: Disabling unused clocks
[    5.672757] KTAP version 1
[    5.675485] 1..0
[    5.699208] VFS: Mounted root (nfs filesystem) on device 0:16.
[    5.706271] devtmpfs: mounted
[    5.710886] Freeing unused kernel image (initmem) memory: 1024K
[    5.717614] Run /sbin/init as init process
[    5.721833]   with arguments:
[    5.721846]     /sbin/init
[    5.721854]     nfsrootdebug
[    5.721862]   with environment:
[    5.721869]     HOME=/
[    5.721876]     TERM=linux
[    6.398314] systemd[1]: System time before build time, advancing clock.
[    7.851186] random: crng init done
[    7.923106] systemd[1]: systemd 232 running in system mode. (+PAM +AUDIT +SELINUX +IMA +APPARMOR +SMACK +SYSVINIT +UTMP +LIBCRYPTSETUP +GCRYPT +GNUTLS +ACL +XZ +LZ4 +SECCOMP +BLKID +ELFUTILS +KMOD +IDN)
[    7.942096] systemd[1]: Detected architecture arm.
[    7.984015] systemd[1]: Set hostname to <arm>.
[    9.052041] systemd[1]: Listening on Journal Audit Socket.
[    9.091714] systemd[1]: Reached target Remote File Systems.
[    9.133193] systemd[1]: Listening on Journal Socket.
[    9.171922] systemd[1]: Listening on Journal Socket (/dev/log).
[    9.212022] systemd[1]: Started Dispatch Password Requests to Console Directory Watch.
[    9.253143] systemd[1]: Listening on udev Control Socket.
[    9.291505] systemd[1]: Reached target Swap.
[   11.415038] systemd-journald[83]: Received request to flush runtime journal from PID 1
[   14.428064] leds-gpio leds: using DT '/leds/led2' for '(null)' GPIO lookup
[   14.428164] of_get_named_gpiod_flags: parsed 'gpios' property of node '/leds/led2[0]' - status (0)
[   14.428217] gpio gpiochip0: Persistence not supported for GPIO 21
[   14.428231] gpio-533 (?): no flags found for (null)
[   14.428542] leds-gpio leds: using DT '/leds/led3' for '(null)' GPIO lookup
[   14.428594] of_get_named_gpiod_flags: parsed 'gpios' property of node '/leds/led3[0]' - status (0)
[   14.428630] gpio gpiochip0: Persistence not supported for GPIO 22
[   14.428642] gpio-534 (?): no flags found for (null)
[   14.471555] leds-gpio leds: using DT '/leds/led4' for '(null)' GPIO lookup
[   14.471645] of_get_named_gpiod_flags: parsed 'gpios' property of node '/leds/led4[0]' - status (0)
[   14.471692] gpio gpiochip0: Persistence not supported for GPIO 23
[   14.471705] gpio-535 (?): no flags found for (null)
[   14.496785] leds-gpio leds: using DT '/leds/led5' for '(null)' GPIO lookup
[   14.496880] of_get_named_gpiod_flags: parsed 'gpios' property of node '/leds/led5[0]' - status (0)
[   14.496929] gpio gpiochip0: Persistence not supported for GPIO 24
[   14.496942] gpio-536 (?): no flags found for (null)
[   14.933535] omap_wdt: OMAP Watchdog Timer Rev 0x01: initial timeout 60 sec
[   14.972339] remoteproc remoteproc0: wkup_m3 is available
[   15.205135] am335x-phy-driver 47401300.usb-phy: using DT '/ocp/target-module@47400000/usb-phy@1300' for 'reset' GPIO lookup
[   15.205230] of_get_named_gpiod_flags: can't parse 'reset-gpios' property of node '/ocp/target-module@47400000/usb-phy@1300[0]'
[   15.205274] of_get_named_gpiod_flags: can't parse 'reset-gpio' property of node '/ocp/target-module@47400000/usb-phy@1300[0]'
[   15.205311] am335x-phy-driver 47401300.usb-phy: using lookup tables for GPIO lookup
[   15.205324] am335x-phy-driver 47401300.usb-phy: No GPIO consumer reset found
[   15.205336] am335x-phy-driver 47401300.usb-phy: using DT '/ocp/target-module@47400000/usb-phy@1300' for 'vbus-detect' GPIO lookup
[   15.205365] of_get_named_gpiod_flags: can't parse 'vbus-detect-gpios' property of node '/ocp/target-module@47400000/usb-phy@1300[0]'
[   15.205396] of_get_named_gpiod_flags: can't parse 'vbus-detect-gpio' property of node '/ocp/target-module@47400000/usb-phy@1300[0]'
