Labgrid Console Logfile for main
Logfile started at 2024-11-17 16:30:14.782291
=== Log starts here ===
reading args
spl_load_image_fat_os: error reading image args, err - -1
reading u-boot.img
reading u-boot.img


U-Boot 2014.04-00014-g47880f5 (Apr 22 2014 - 13:23:54)

I2C:   ready
DRAM:  512 MiB
NAND:  0 MiB
MMC:   OMAP SD/MMC: 0, OMAP SD/MMC: 1
*** Warning - readenv() failed, using default environment

Net:   <ethaddr> not set. Validating first E-fuse MAC
cpsw, usb_ether
Hit any key to stop autoboot:  1  0 
gpio: pin 53 (gpio 53) value is 1
mmc0 is current device
gpio: pin 54 (gpio 54) value is 1
SD/MMC found on device 0
reading uEnv.txt
569 bytes read in 4 ms (138.7 KiB/s)
gpio: pin 55 (gpio 55) value is 1
Loaded environment from uEnv.txt
Importing environment from mmc ...
Checking if uenvcmd is set ...
gpio: pin 56 (gpio 56) value is 1
Running uenvcmd ...
cpsw Waiting for PHY auto negotiation to complete. done
link up on port 0, speed 100, full duplex
Using cpsw device
TFTP from server 192.168.255.126; our IP address is 192.168.255.1
Filename 'zImage'.
Load address: 0x81000000
Loading: *#################################################################
	 #################################################################
	 #################################################################
	 #################################################################
	 #################################################################
	 #####
	 2.4 MiB/s
done
Bytes transferred = 4836384 (49cc20 hex)
link up on port 0, speed 100, full duplex
Using cpsw device
TFTP from server 192.168.255.126; our IP address is 192.168.255.1
Filename 'am335x-boneblack.dtb'.
Load address: 0x82000000
Loading: *#######
	 2.3 MiB/s
done
Bytes transferred = 94748 (1721c hex)
Kernel image @ 0x81000000 [ 0x000000 - 0x49cc20 ]
## Flattened Device Tree blob at 82000000
   Booting using the fdt blob at 0x82000000
   Using Device Tree in place at 82000000, end 8201a21b

Starting kernel ...

[    0.000000] Booting Linux on physical CPU 0x0
[    0.000000] Linux version 5.15.173 (user01@drvtest01) (arm-linux-gnueabihf-gcc (Linaro GCC 6.4-2017.11) 6.4.1 20171012, GNU ld (Linaro_Binutils-2017.11) 2.27.0.20161229) #9 SMP Sun Nov 17 16:28:03 EET 2024
[    0.000000] CPU: ARMv7 Processor [413fc082] revision 2 (ARMv7), cr=10c5387d
[    0.000000] CPU: PIPT / VIPT nonaliasing data cache, VIPT aliasing instruction cache
[    0.000000] OF: fdt: Machine model: TI AM335x BeagleBone Black
[    0.000000] Memory policy: Data cache writeback
[    0.000000] cma: Reserved 16 MiB at 0x9e800000
[    0.000000] Zone ranges:
[    0.000000]   Normal   [mem 0x0000000080000000-0x000000009fdfffff]
[    0.000000]   HighMem  empty
[    0.000000] Movable zone start for each node
[    0.000000] Early memory node ranges
[    0.000000]   node   0: [mem 0x0000000080000000-0x000000009fdfffff]
[    0.000000] Initmem setup node 0 [mem 0x0000000080000000-0x000000009fdfffff]
[    0.000000] CPU: All CPU(s) started in SVC mode.
[    0.000000] AM335X ES2.1 (sgx neon)
[    0.000000] percpu: Embedded 16 pages/cpu s33804 r8192 d23540 u65536
[    0.000000] Built 1 zonelists, mobility grouping on.  Total pages: 129412
[    0.000000] Kernel command line: console=ttyO0,115200n8 root=/dev/nfs rw nfsroot=192.168.255.126:/home/user01/nfs,nfsvers=3 ip=192.168.255.1:192.168.255.126::255.255.255.0:bbb1:eth0 nfsrootdebug
[    0.000000] Unknown kernel command line parameters "nfsrootdebug", will be passed to user space.
[    0.000000] Dentry cache hash table entries: 65536 (order: 6, 262144 bytes, linear)
[    0.000000] Inode-cache hash table entries: 32768 (order: 5, 131072 bytes, linear)
[    0.000000] mem auto-init: stack:off, heap alloc:off, heap free:off
[    0.000000] Memory: 484752K/522240K available (10240K kernel code, 1079K rwdata, 2392K rodata, 1024K init, 246K bss, 21104K reserved, 16384K cma-reserved, 0K highmem)
[    0.000000] trace event string verifier disabled
[    0.000000] rcu: Hierarchical RCU implementation.
[    0.000000] rcu: 	RCU event tracing is enabled.
[    0.000000] rcu: 	RCU restricting CPUs from NR_CPUS=2 to nr_cpu_ids=1.
[    0.000000] rcu: RCU calculated value of scheduler-enlistment delay is 10 jiffies.
[    0.000000] rcu: Adjusting geometry for rcu_fanout_leaf=16, nr_cpu_ids=1
[    0.000000] NR_IRQS: 16, nr_irqs: 16, preallocated irqs: 16
[    0.000000] IRQ: Found an INTC at 0x(ptrval) (revision 5.0) with 128 interrupts
[    0.000000] TI gptimer clocksource: always-on /ocp/interconnect@44c00000/segment@200000/target-module@31000
[    0.000002] sched_clock: 32 bits at 24MHz, resolution 41ns, wraps every 89478484971ns
[    0.000026] clocksource: dmtimer: mask: 0xffffffff max_cycles: 0xffffffff, max_idle_ns: 79635851949 ns
[    0.000463] TI gptimer clockevent: 24000000 Hz at /ocp/interconnect@48000000/segment@0/target-module@40000
[    0.002321] Console: colour dummy device 80x30
[    0.002378] WARNING: Your 'console=ttyO0' has been replaced by 'ttyS0'
[    0.002390] This ensures that you still see kernel messages. Please
[    0.002398] update your kernel commandline.
[    0.002450] Calibrating delay loop... 996.14 BogoMIPS (lpj=4980736)
[    0.090581] CPU: Testing write buffer coherency: ok
[    0.090673] CPU0: Spectre v2: using BPIALL workaround
[    0.090686] pid_max: default: 32768 minimum: 301
[    0.090842] LSM: Security Framework initializing
[    0.091038] Mount-cache hash table entries: 1024 (order: 0, 4096 bytes, linear)
[    0.091065] Mountpoint-cache hash table entries: 1024 (order: 0, 4096 bytes, linear)
[    0.092706] CPU0: thread -1, cpu 0, socket -1, mpidr 0
[    0.093777] Setting up static identity map for 0x80100000 - 0x80100078
[    0.094015] rcu: Hierarchical SRCU implementation.
[    0.095214] smp: Bringing up secondary CPUs ...
[    0.095244] smp: Brought up 1 node, 1 CPU
[    0.095259] SMP: Total of 1 processors activated (996.14 BogoMIPS).
[    0.095272] CPU: All CPU(s) started in SVC mode.
[    0.096070] devtmpfs: initialized
[    0.110904] VFP support v0.3: implementor 41 architecture 3 part 30 variant c rev 3
[    0.111266] clocksource: jiffies: mask: 0xffffffff max_cycles: 0xffffffff, max_idle_ns: 19112604462750000 ns
[    0.111303] futex hash table entries: 256 (order: 2, 16384 bytes, linear)
[    0.112663] pinctrl core: initialized pinctrl subsystem
[    0.114701] NET: Registered PF_NETLINK/PF_ROUTE protocol family
[    0.117542] DMA: preallocated 256 KiB pool for atomic coherent allocations
[    0.118133] audit: initializing netlink subsys (disabled)
[    0.119383] thermal_sys: Registered thermal governor 'fair_share'
[    0.119406] thermal_sys: Registered thermal governor 'step_wise'
[    0.119421] thermal_sys: Registered thermal governor 'user_space'
[    0.119783] cpuidle: using governor menu
[    0.136435] No ATAGs?
[    0.136475] hw-breakpoint: debug architecture 0x4 unsupported.
[    0.144902] kprobes: kprobe jump-optimization is enabled. All kprobes are optimized if possible.
[    0.145255] audit: type=2000 audit(0.110:1): state=initialized audit_enabled=0 res=1
[    0.151773] iommu: Default domain type: Translated 
[    0.151799] iommu: DMA domain TLB invalidation policy: strict mode 
[    0.153118] vgaarb: loaded
[    0.153653] SCSI subsystem initialized
[    0.154413] pps_core: LinuxPPS API ver. 1 registered
[    0.154432] pps_core: Software ver. 5.3.6 - Copyright 2005-2007 Rodolfo Giometti <giometti@linux.it>
[    0.154466] PTP clock support registered
[    0.155899] clocksource: Switched to clocksource dmtimer
[    0.201520] VFS: Disk quotas dquot_6.6.0
[    0.201651] VFS: Dquot-cache hash table entries: 1024 (order 0, 4096 bytes)
[    0.272209] NET: Registered PF_INET protocol family
[    0.272557] IP idents hash table entries: 8192 (order: 4, 65536 bytes, linear)
[    0.273576] tcp_listen_portaddr_hash hash table entries: 512 (order: 0, 4096 bytes, linear)
[    0.273633] Table-perturb hash table entries: 65536 (order: 6, 262144 bytes, linear)
[    0.273659] TCP established hash table entries: 4096 (order: 2, 16384 bytes, linear)
[    0.273705] TCP bind hash table entries: 4096 (order: 3, 32768 bytes, linear)
[    0.273770] TCP: Hash tables configured (established 4096 bind 4096)
[    0.273900] UDP hash table entries: 256 (order: 1, 8192 bytes, linear)
[    0.273931] UDP-Lite hash table entries: 256 (order: 1, 8192 bytes, linear)
[    0.274125] NET: Registered PF_UNIX/PF_LOCAL protocol family
[    0.275256] RPC: Registered named UNIX socket transport module.
[    0.275287] RPC: Registered udp transport module.
[    0.275297] RPC: Registered tcp transport module.
[    0.275306] RPC: Registered tcp NFSv4.1 backchannel transport module.
[    0.275327] PCI: CLS 0 bytes, default 64
[    0.276927] Initialise system trusted keyrings
[    0.277853] workingset: timestamp_bits=14 max_order=17 bucket_order=3
[    0.286559] NFS: Registering the id_resolver key type
[    0.286666] Key type id_resolver registered
[    0.286678] Key type id_legacy registered
[    0.286738] jffs2: version 2.2. (NAND) (SUMMARY)  Â© 2001-2006 Red Hat, Inc.
[    0.287143] Key type asymmetric registered
[    0.287169] Asymmetric key parser 'x509' registered
[    0.287240] io scheduler mq-deadline registered
[    0.287255] io scheduler kyber registered
[    0.290960] Serial: 8250/16550 driver, 6 ports, IRQ sharing enabled
[    0.321729] brd: module loaded
[    0.347258] loop: module loaded
[    0.348201] mtdoops: mtd device (mtddev=name/number) must be supplied
[    0.350563] i2c_dev: i2c /dev entries driver
[    0.351463] cpuidle: enable-method property 'ti,am3352' found operations
[    0.351873] sdhci: Secure Digital Host Controller Interface driver
[    0.351889] sdhci: Copyright(c) Pierre Ossman
[    0.352057] sdhci-pltfm: SDHCI platform and OF driver helper
[    0.352286] ledtrig-cpu: registered to indicate activity on CPUs
[    0.352839] Initializing XFRM netlink socket
[    0.353076] NET: Registered PF_INET6 protocol family
[    0.368148] Segment Routing with IPv6
[    0.368246] In-situ OAM (IOAM) with IPv6
[    0.368345] sit: IPv6, IPv4 and MPLS over IPv4 tunneling driver
[    0.369186] NET: Registered PF_PACKET protocol family
[    0.369241] NET: Registered PF_KEY protocol family
[    0.369369] Key type dns_resolver registered
[    0.369512] ThumbEE CPU extension supported.
[    0.369532] Registering SWP/SWPB emulation handler
[    0.370047] omap_voltage_late_init: Voltage driver support not added
[    0.370406] SmartReflex Class3 initialized
[    0.371212] Loading compiled-in X.509 certificates
[    0.404011] pinctrl-single 44e10800.pinmux: 142 pins, size 568
[    0.408517] ti-sysc: probe of 44e31000.target-module failed with error -16
[    0.443445] ti-sysc: probe of 48040000.target-module failed with error -16
[    0.479150] OMAP GPIO hardware version 0.1
[    0.500937] omap_i2c 4819c000.i2c: bus 2 rev0.11 at 100 kHz
[    0.541005] sdhci-omap 481d8000.mmc: supply vqmmc not found, using dummy regulator
[    0.599234] davinci_mdio 4a101000.mdio: davinci mdio revision 1.6, bus freq 1000000
[    0.678863] davinci_mdio 4a101000.mdio: phy[0]: device 4a101000.mdio:00, driver SMSC LAN8710/LAN8720
[    0.679368] cpsw-switch 4a100000.switch: initialized cpsw ale version 1.4
[    0.679396] cpsw-switch 4a100000.switch: ALE Table size 1024
[    0.679516] cpsw-switch 4a100000.switch: cpts: overflow check period 500 (jiffies)
[    0.679538] cpsw-switch 4a100000.switch: CPTS: ref_clk_freq:250000000 calc_mult:2147483648 calc_shift:29 error:0 nsec/sec
[    0.679637] cpsw-switch 4a100000.switch: Detected MACID = 6c:ec:eb:68:de:78
[    0.681231] cpsw-switch 4a100000.switch: initialized (regs 0x4a100000, pool size 256) hw_ver:0019010C 1.12 (0)
[    0.690690] debugfs: Directory '49000000.dma' with parent 'dmaengine' already present!
[    0.690748] edma 49000000.dma: TI EDMA DMA engine driver
[    0.743010] hw perfevents: enabled with armv7_cortex_a8 PMU driver, 5 counters available
[    0.749922] l3-aon-clkctrl:0000:0: failed to disable
[    0.752004] 44e09000.serial: ttyS0 at MMIO 0x44e09000 (irq = 18, base_baud = 3000000) is a 8250
[    1.918670] printk: console [ttyS0] enabled
[    1.956693] tps65217-pmic: Failed to locate of_node [id: -1]
[    1.972069] tps65217-bl: Failed to locate of_node [id: -1]
[    1.980606] tps65217 0-0024: TPS65217 ID 0xe version 1.2
[    1.986586] i2c 0-0070: Fixing up cyclic dependency with 4830e000.lcdc
[    1.993457] omap_i2c 44e0b000.i2c: bus 0 rev0.11 at 400 kHz
[    2.000912] omap_gpio 44e07000.gpio: Could not set line 6 debounce to 200000 microseconds (-22)
[    2.009753] sdhci-omap 48060000.mmc: Got CD GPIO
[    2.014719] sdhci-omap 48060000.mmc: supply vqmmc not found, using dummy regulator
[    2.026965] sdhci-omap 481d8000.mmc: supply vqmmc not found, using dummy regulator
[    2.062015] mmc1: SDHCI controller on 481d8000.mmc [481d8000.mmc] using External DMA
[    2.070318] mmc0: SDHCI controller on 48060000.mmc [48060000.mmc] using External DMA
[    2.078966] cpsw-switch 4a100000.switch: starting ndev. mode: dual_mac
[    2.123422] mmc0: new high speed SDHC card at address 5048
[    2.130233] mmcblk0: mmc0:5048 SD16G 14.4 GiB 
[    2.138082]  mmcblk0: p1 p2
[    2.141294] mmcblk0: p2 size 31221760 extends beyond EOD, truncated
[    2.167775] SMSC LAN8710/LAN8720 4a101000.mdio:00: attached PHY driver (mii_bus:phy_addr=4a101000.mdio:00, irq=POLL)
[    2.188971] mmc1: new high speed MMC card at address 0001
[    2.195680] mmcblk1: mmc1:0001 MMC04G 3.60 GiB 
[    2.202898]  mmcblk1: p1 p2
[    2.207080] mmcblk1boot0: mmc1:0001 MMC04G 2.00 MiB 
[    2.214137] mmcblk1boot1: mmc1:0001 MMC04G 2.00 MiB 
[    2.221037] mmcblk1rpmb: mmc1:0001 MMC04G 128 KiB, chardev (250:0)
[    5.286623] cpsw-switch 4a100000.switch eth0: Link is Up - 100Mbps/Full - flow control off
[    5.295967] IPv6: ADDRCONF(NETDEV_CHANGE): eth0: link becomes ready
[    5.325908] IP-Config: Complete:
[    5.329166]      device=eth0, hwaddr=6c:ec:eb:68:de:78, ipaddr=192.168.255.1, mask=255.255.255.0, gw=255.255.255.255
[    5.339780]      host=bbb1, domain=, nis-domain=(none)
[    5.344943]      bootserver=192.168.255.126, rootserver=192.168.255.126, rootpath=
[    5.345329] clk: Disabling unused clocks
[    5.357198] TAP version 14
[    5.359921] 1..0
[    5.383533] VFS: Mounted root (nfs filesystem) on device 0:16.
[    5.390445] devtmpfs: mounted
[    5.394739] Freeing unused kernel image (initmem) memory: 1024K
[    5.401386] Run /sbin/init as init process
[    6.085642] systemd[1]: System time before build time, advancing clock.
[    6.279720] random: systemd: uninitialized urandom read (16 bytes read)
[    6.291827] random: systemd: uninitialized urandom read (16 bytes read)
[    6.302287] systemd[1]: systemd 232 running in system mode. (+PAM +AUDIT +SELINUX +IMA +APPARMOR +SMACK +SYSVINIT +UTMP +LIBCRYPTSETUP +GCRYPT +GNUTLS +ACL +XZ +LZ4 +SECCOMP +BLKID +ELFUTILS +KMOD +IDN)
[    6.321488] systemd[1]: Detected architecture arm.

Welcome to [1mDebian GNU/Linux 9 (stretch)[0m!

[    6.358596] systemd[1]: Set hostname to <arm>.
[    6.743604] random: systemd-cryptse: uninitialized urandom read (16 bytes read)
[    7.320160] random: systemd: uninitialized urandom read (16 bytes read)
[    7.327428] random: systemd: uninitialized urandom read (16 bytes read)
[    7.334548] random: systemd: uninitialized urandom read (16 bytes read)
[    7.347172] systemd[1]: Listening on udev Kernel Socket.
[[0;32m  OK  [0m] Listening on udev Kernel Socket.
[    7.387812] systemd[1]: Listening on udev Control Socket.
[[0;32m  OK  [0m] Listening on udev Control Socket.
[    7.426942] systemd[1]: Listening on Journal Audit Socket.
[[0;32m  OK  [0m] Listening on Journal Audit Socket.
[    7.466303] systemd[1]: Reached target Remote File Systems.
[[0;32m  OK  [0m] Reached target Remote File Systems.
[    7.506224] systemd[1]: Reached target Swap.
[[0;32m  OK  [0m] Reached target Swap.
[    7.537320] systemd[1]: Created slice User and Session Slice.
[[0;32m  OK  [0m] Created slice User and Session Slice.
[    7.577509] systemd[1]: Set up automount Arbitrary Executable File Formats File System Automount Point.
[[0;32m  OK  [0m] Set up automount Arbitrary Executabâ€¦rmats File System Automount Point.
[[0;32m  OK  [0m] Listening on Journal Socket.
[[0;32m  OK  [0m] Started Forward Password Requests to Wall Directory Watch.
[[0;32m  OK  [0m] Listening on Journal Socket (/dev/log).
[[0;32m  OK  [0m] Listening on Syslog Socket.
[[0;32m  OK  [0m] Listening on /dev/initctl Compatibility Named Pipe.
[[0;32m  OK  [0m] Started Dispatch Password Requests to Console Directory Watch.
[[0;32m  OK  [0m] Reached target Paths.
[[0;32m  OK  [0m] Reached target Encrypted Volumes.
[[0;32m  OK  [0m] Created slice System Slice.
[[0;32m  OK  [0m] Created slice system-serial\x2dgetty.slice.
[[0;32m  OK  [0m] Created slice system-getty.slice.
         Mounting POSIX Message Queue File System...
         Starting Load Kernel Modules...
         Mounting Debug File System...
         Starting Journal Service...
[[0;32m  OK  [0m] Reached target Slices.
         Starting Create list of required stâ€¦ce nodes for the current kernel...
         Starting Remount Root and Kernel File Systems...
[[0;32m  OK  [0m] Mounted POSIX Message Queue File System.
[[0;32m  OK  [0m] Mounted Debug File System.
[[0;32m  OK  [0m] Started Create list of required staâ€¦vice nodes for the current kernel.
[    8.333205] random: systemd-journal: uninitialized urandom read (16 bytes read)
         Starting Create Static Device Nodes in /dev...
[[0;32m  OK  [0m] Started Load Kernel Modules.
[    8.424593] random: systemd-journal: uninitialized urandom read (16 bytes read)
[    8.438901] random: systemd: uninitialized urandom read (16 bytes read)
         Starting Apply Kernel Variables...
         Mounting Configuration File System...
[[0;32m  OK  [0m] Started Remount Root and Kernel File Systems.
         Starting Load/Save Random Seed...
         Starting udev Coldplug all Devices...
[[0;32m  OK  [0m] Mounted Configuration File System.
[[0;32m  OK  [0m] Started Apply Kernel Variables.
[[0;32m  OK  [0m] Started Create Static Device Nodes in /dev.
[[0;32m  OK  [0m] Started Load/Save Random Seed.
[[0;32m  OK  [0m] Reached target Local File Systems (Pre).
[[0;32m  OK  [0m] Reached target Local File Systems.
         Starting Raise network interfaces...
         Starting udev Kernel Device Manager...
[    9.380774] random: systemd-journal: uninitialized urandom read (16 bytes read)
[[0;32m  OK  [0m] Started Journal Service.
         Starting Flush Journal to Persistent Storage...
[    9.991606] systemd-journald[91]: Received request to flush runtime journal from PID 1
[[0;32m  OK  [0m] Started Flush Journal to Persistent Storage.
         Starting Create Volatile Files and Directories...
[[0;32m  OK  [0m] Started udev Kernel Device Manager.
[[0;32m  OK  [0m] Started Create Volatile Files and Directories.
         Starting Network Time Synchronization...
         Starting Update UTMP about System Boot/Shutdown...
[[0;32m  OK  [0m] Started Update UTMP about System Boot/Shutdown.
[[0;32m  OK  [0m] Started Network Time Synchronization.
[[0;32m  OK  [0m] Reached target System Time Synchronized.
[[0;32m  OK  [0m] Started udev Coldplug all Devices.
[[0;32m  OK  [0m] Reached target System Initialization.
[[0;32m  OK  [0m] Started Daily Cleanup of Temporary Directories.
[[0;32m  OK  [0m] Started Daily apt download activities.
[[0;32m  OK  [0m] Started Daily apt upgrade and clean activiti[   12.811004] remoteproc remoteproc0: wkup_m3 is available
es.
[[0;32m  OK  [0m] Reached target Timers.
[[0;32m  OK  [0m] Listening on Avahi mDNS/DNS-SD Stack Activation Socket.
[[0;32m  OK  [0m] Listening on D-Bus System Message Bus Socket.
[[0;32m  OK  [0m] Reached target Sockets.
[[0;32m  OK  [0m] Reached target Basic System.
         Starting DUN service...
         Starting Cape Manager Service...
[   13.041367] at24 2-0054: supply vcc not found, using dummy regulator
         Starting LSB: Load kernel modules needed to enable cpufreq scaling...
[   13.146036] random: crng init done
[   13.149492] random: 963 urandom warning(s) missed due to ratelimiting
[   13.211716] at24 2-0055: supply vcc not found, using dummy regulator
         Starting Login Service...
         Starting System Logging Service...
[   13.403123] at24 2-0056: supply vcc not found, using dummy regulator
[   13.498807] at24 2-0057: supply vcc not found, using dummy regulator
         Starting Generic Board Startup...
[   13.578050] at24 0-0050: supply vcc not found, using dummy regulator
[   13.678914] at24 0-0050: 32768 byte 24c256 EEPROM, writable, 1 bytes/write
[   13.737260] tps6521x_pwrbutton tps65217-pwrbutton: DMA mask not set
[[0;32m  OK  [0m] Started Regular background program processing daemon.
[   13.843984] omap_rtc 44e3e000.rtc: registered as rtc0
[   13.849256] omap_rtc 44e3e000.rtc: setting system clock to 2000-01-01T00:00:00 UTC (946684800)
[   13.883113] input: tps65217_pwrbutton as /devices/platform/ocp/44c00000.interconnect/44c00000.interconnect:segment@200000/44e0b000.target-module/44e0b000.i2c/i2c-0/0-0024/tps65217-pwrbutton/input/input0
[   13.936224] omap_wdt: OMAP Watchdog Timer Rev 0x01: initial timeout 60 sec
[[0;32m  OK  [0m] Started D-Bus System Message Bus.
[   14.304973] am335x-phy-driver 47401300.usb-phy: supply vcc not found, using dummy regulator
[   14.627542] usbcore: registered new interface driver usbfs
[   14.633184] usbcore: registered new interface driver hub
[   14.638720] usbcore: registered new device driver usb
[   15.204828] tda998x 0-0070: found TDA19988
[   15.471071] omap-mailbox 480c8000.mailbox: omap mailbox rev 0x400
[   15.490192] remoteproc remoteproc0: powering up wkup_m3
[   15.640008] remoteproc remoteproc0: Direct firmware load for am335x-pm-firmware.elf failed with error -2
[   15.649728] remoteproc remoteproc0: request_firmware failed: -2
[   15.655700] wkup_m3_ipc 44e11324.wkup_m3_ipc: rproc_boot failed
[   15.739208] am335x-phy-driver 47401b00.usb-phy: supply vcc not found, using dummy regulator
[   16.044589] musb-hdrc musb-hdrc.1: MUSB HDRC host driver
[   16.050128] musb-hdrc musb-hdrc.1: new USB bus registered, assigned bus number 1
[   16.390616] usb usb1: New USB device found, idVendor=1d6b, idProduct=0002, bcdDevice= 5.15
[   16.399136] usb usb1: New USB device strings: Mfr=3, Product=2, SerialNumber=1
[   16.406459] usb usb1: Product: MUSB HDRC host driver
[   16.411449] usb usb1: Manufacturer: Linux 5.15.173 musb-hcd
[   16.417071] usb usb1: SerialNumber: musb-hdrc.1
[[0;32m  OK  [0m] Started DUN service.
         Starting Connection service...
[   16.940747] hub 1-0:1.0: USB hub found
         Starting LSB: Start busybox udhcpd at boot time...
[   16.992422] hub 1-0:1.0: 1 port detected
         Starting Avahi mDNS/DNS-SD Stack...
         Starting Telephony service...
[   17.222816] omap_rng 48310000.rng: Random Number Generator ver. 20
[   17.307301] tilcdc 4830e000.lcdc: bound 0-0070 (ops tda998x_driver_exit [tda998x])
[[0;32m  OK  [0m] Started System Logging Service.
[   17.452882] [drm] Initialized tilcdc 1.0.0 20121205 for 4830e000.lcdc on minor 0
[[0;32m  OK  [0m] Started Cape Manager Service.
[   17.680485] tilcdc 4830e000.lcdc: [drm] Cannot find any crtc or sizes
[   17.705543] tilcdc 4830e000.lcdc: [drm] Cannot find any crtc or sizes
[[0;32m  OK  [0m] Found device /dev/ttyS0.
[   18.972702] PM: Cannot get wkup_m3_ipc handle
[   19.002431] omap-sham 53100000.sham: hw accel on OMAP rev 4.3
[   19.220806] omap-sham 53100000.sham: will run requests pump with realtime priority
[   19.398507] omap-aes 53500000.aes: OMAP AES hw accel rev: 3.2
[   19.424803] PM: Cannot get wkup_m3_ipc handle
[   19.501016] omap-aes 53500000.aes: will run requests pump with realtime priority
[   19.687463] PM: Cannot get wkup_m3_ipc handle
[   19.889772] Bluetooth: Core ver 2.22
[   19.893579] NET: Registered PF_BLUETOOTH protocol family
[   19.899088] Bluetooth: HCI device and connection manager initialized
[   19.905502] Bluetooth: HCI socket layer initialized
[   19.910459] Bluetooth: L2CAP socket layer initialized
[   19.915570] Bluetooth: SCO socket layer initialized
[[0;32m  OK  [0m] Started Raise network interfaces.
[   22.271051] PM: Cannot get wkup_m3_ipc handle
[   22.364319] PM: Cannot get wkup_m3_ipc handle
[[0;32m  OK  [0m] Started LSB: Start busybox udhcpd at boot time.
[   23.098928] using random self ethernet address
[   23.103439] using random host ethernet address
[   23.587062] using random self ethernet address
[   23.591574] using random host ethernet address
[   24.132527] usb0: HOST MAC 1c:ba:8c:a2:ed:6c
[   24.137046] usb0: MAC 1c:ba:8c:a2:ed:70
[   24.141829] usb1: HOST MAC 1c:ba:8c:a2:ed:6c
[   24.146241] usb1: MAC 1c:ba:8c:a2:ed:6d
[[0;32m  OK  [0m] Started LSB: Load kernel modules needed to enable cpufreq scaling.
[[0;32m  OK  [0m] Started Telephony service.
[[0;32m  OK  [0m] Started Avahi mDNS/DNS-SD Stack.
[[0;32m  OK  [0m] Started Connection service.
[[0;32m  OK  [0m] Started Login Service.
         Starting Hostname Service...
         Starting WPA supplicant...
[[0;32m  OK  [0m] Reached target Sound Card.
         Starting LSB: set CPUFreq kernel parameters...
[[0;32m  OK  [0m] Started WPA supplicant.
[[0;32m  OK  [0m] Reached target Network.
         Starting OpenBSD Secure Shell server...
         Starting The Apache HTTP Server...
         Starting Permit User Sessions...
[[0;32m  OK  [0m] Reached target Network is Online.
         Starting LSB: Advanced IEEE 802.11 management daemon...
[[0;32m  OK  [0m] Started Hostname Service.
[[0;32m  OK  [0m] Started LSB: Advanced IEEE 802.11 management daemon.
[[0;32m  OK  [0m] Started Permit User Sessions.
[[0;32m  OK  [0m] Started Serial Getty on ttyS0.
[[0;32m  OK  [0m] Started Getty on tty1.
[[0;32m  OK  [0m] Reached target Login Prompts.
[[0;32m  OK  [0m] Started LSB: set CPUFreq kernel parameters.
         Stopping LSB: Start busybox udhcpd at boot time...
[[0;32m  OK  [0m] Started OpenBSD Secure Shell server.
[[0;32m  OK  [0m] Stopped LSB: Start busybox udhcpd at boot time.
         Starting dnsmasq - A lightweight DHCP and caching DNS server...
[[0;32m  OK  [0m] Started The Apache HTTP Server.
[[0;32m  OK  [0m] Started dnsmasq - A lightweight DHCP and caching DNS server.
[[0;32m  OK  [0m] Reached target Host and Network Name Lookups.
[[0;32m  OK  [0m] Started Serial Getty on ttyGS0.
[[0;32m  OK  [0m] Started Generic Board Startup.
[[0;32m  OK  [0m] Reached target Multi-User System.
[[0;32m  OK  [0m] Reached target Graphical Interface.
         Starting Update UTMP about System Runlevel Changes...
[[0;32m  OK  [0m] Started Update UTMP about System Runlevel Changes.

Debian GNU/Linux 9 arm ttyS0

default username:password is [debian:temppwd]

arm login: roo
Password: 
Last login: Sat Jan  1 00:00:30 UTC 2000 on ttyS0
root
Linux arm 5.15.173 #9 SMP Sun Nov 17 16:28:03 EET 2024 armv7l

The programs included with the Debian GNU/Linux system are free software;
the exact distribution terms for each program are described in the
individual files in /usr/share/doc/*/copyright.

Debian GNU/Linux comes with ABSOLUTELY NO WARRANTY, to the extent
permitted by applicable law.
root@arm:~# root
-bash: root: command not found
root@arm:~# dmesg -n 1
root@arm:~# echo 'YXOY''JOCBBC'
YXOYJOCBBC
root@arm:~# run() { echo -n "$MARKER"; sh -c "$@"; echo "$MARKER $?"; }
root@arm:~# echo 'TMZM''KAVKEV'
TMZMKAVKEV
root@arm:~# MARKER='UFGM''XWKZCA' run 'cat /proc/version'
UFGMXWKZCALinux version 5.15.173 (user01@drvtest01) (arm-linux-gnueabihf-gcc (Linaro GCC 6.4-2017.11) 6.4.1 20171012, GNU ld (Linaro_Binutils-2017.11) 2.27.0.20161229) #9 SMP Sun Nov 17 16:28:03 EET 2024
UFGMXWKZCA 0
root@arm:~# echo 'UMNK''ZWXLEW'
UMNKZWXLEW
root@arm:~# MARKER='UTZU''OVHNZT' run false
UTZUOVHNZTUTZUOVHNZT 1
root@arm:~# Labgrid Console Logfile for main
Logfile started at 2024-11-17 16:31:08.058751
=== Log starts here ===

root@arm:~# run() { echo -n "$MARKER"; sh -c "$@"; echo "$MARKER $?"; }
root@arm:~# echo 'LJKG''XFJPWX'
LJKGXFJPWX
root@arm:~# MARKER='BNEC''YCJYXU' run 'insmod /mva_overlay.ko'
BNECYCJYXUBNECYCJYXU 0
root@arm:~# echo 'PQXU''WEQHWK'
PQXUWEQHWK
root@arm:~# MARKER='LETK''TNKGPJ' run lsmod
LETKTNKGPJModule                  Size  Used by
mva_overlay            69632  0
usb_f_acm              16384  2
u_serial               20480  3 usb_f_acm
usb_f_ecm              20480  2
usb_f_rndis            24576  2
u_ether                20480  2 usb_f_ecm,usb_f_rndis
snd_soc_hdmi_codec     20480  1
iptable_nat            16384  0
evdev                  24576  0
nf_nat                 40960  1 iptable_nat
libcomposite           53248  14 usb_f_ecm,usb_f_acm,usb_f_rndis
nf_conntrack          118784  1 nf_nat
nf_defrag_ipv6         20480  1 nf_conntrack
nf_defrag_ipv4         16384  1 nf_conntrack
iptable_mangle         16384  0
iptable_filter         16384  0
bluetooth             499712  2
snd_soc_simple_card    20480  0
snd_soc_simple_card_utils    20480  1 snd_soc_simple_card
omap_aes_driver        24576  0
omap_crypto            16384  1 omap_aes_driver
ecdh_generic           16384  1 bluetooth
omap_sham              28672  0
pm33xx                 16384  0
ecc                    36864  1 ecdh_generic
crypto_engine          16384  2 omap_aes_driver,omap_sham
libaes                 16384  2 omap_aes_driver,bluetooth
ti_emif_sram           16384  1 pm33xx
omap_rng               16384  0
tilcdc                 32768  0
rng_core               20480  1 omap_rng
snd_soc_davinci_mcasp    32768  2
snd_soc_ti_udma        16384  1 snd_soc_davinci_mcasp
snd_soc_ti_edma        16384  1 snd_soc_davinci_mcasp
snd_soc_ti_sdma        16384  1 snd_soc_davinci_mcasp
snd_soc_core          180224  7 snd_soc_davinci_mcasp,snd_soc_hdmi_codec,snd_soc_simple_card_utils,snd_soc_ti_sdma,snd_soc_ti_edma,snd_soc_ti_udma,snd_soc_simple_card
omap_mailbox           20480  1
snd_pcm_dmaengine      16384  1 snd_soc_core
snd_pcm               106496  4 snd_soc_davinci_mcasp,snd_pcm_dmaengine,snd_soc_hdmi_codec,snd_soc_core
snd_timer              28672  1 snd_pcm
snd                    61440  4 snd_soc_hdmi_codec,snd_timer,snd_soc_core,snd_pcm
musb_dsps              20480  0
soundcore              16384  1 snd
tda998x                24576  0
musb_hdrc             131072  1 musb_dsps
udc_core               40960  7 usb_f_ecm,usb_f_acm,u_serial,musb_hdrc,u_ether,usb_f_rndis,libcomposite
drm_kms_helper        188416  3 tda998x,tilcdc
usbcore               212992  1 musb_hdrc
cfbfillrect            16384  1 drm_kms_helper
syscopyarea            16384  1 drm_kms_helper
phy_am335x             16384  8
cfbimgblt              16384  1 drm_kms_helper
phy_generic            16384  1 phy_am335x
sysfillrect            16384  1 drm_kms_helper
usb_common             16384  6 phy_am335x,udc_core,musb_hdrc,libcomposite,musb_dsps,usbcore
sysimgblt              16384  1 drm_kms_helper
fb_sys_fops            16384  1 drm_kms_helper
cppi41                 20480  60
omap_wdt               16384  0
cfbcopyarea            16384  1 drm_kms_helper
rtc_omap               20480  2 pm33xx
wkup_m3_ipc            16384  1 pm33xx
watchdog               20480  1 omap_wdt
tps65218_pwrbutton     16384  0
phy_am335x_control     16384  1 phy_am335x
drm                   380928  4 tda998x,tilcdc,drm_kms_helper
drm_panel_orientation_quirks    16384  1 drm
at24                   20480  0
wkup_m3_rproc          16384  1
leds_gpio              16384  0
led_class              16384  1 leds_gpio
cpufreq_dt             16384  0
ip_tables              24576  3 iptable_mangle,iptable_filter,iptable_nat
x_tables               24576  4 iptable_mangle,ip_tables,iptable_filter,iptable_nat
autofs4                36864  2
LETKTNKGPJ 0
root@arm:~# Labgrid Console Logfile for main
Logfile started at 2024-11-17 16:31:11.920380
=== Log starts here ===

root@arm:~# run() { echo -n "$MARKER"; sh -c "$@"; echo "$MARKER $?"; }
root@arm:~# echo 'QZSG''HZKXYK'
QZSGHZKXYK
root@arm:~# MARKER='ZPFH''JOFKHC' run 'dd if=/bd9576_test.dtbo of=/sys/kernel/mvaa_overlay/overlay_add bs=1M'
ZPFHJOFKHC0+1 records in
0+1 records out
3397 bytes (3.4 kB, 3.3 KiB) copied, 0.0951811 s, 35.7 kB/s
ZPFHJOFKHC 0
root@arm:~# echo 'AJHF''NOJKBF'
AJHFNOJKBF
root@arm:~# MARKER='HFKT''ATGAUA' run lsmod
HFKTATGAUAModule                  Size  Used by
bd9576_regulator       16384  0
bd9576_wdt             16384  0
rohm_bd9576            16384  0
mva_overlay            69632  0
usb_f_acm              16384  2
u_serial               20480  3 usb_f_acm
usb_f_ecm              20480  2
usb_f_rndis            24576  2
u_ether                20480  2 usb_f_ecm,usb_f_rndis
snd_soc_hdmi_codec     20480  1
iptable_nat            16384  0
evdev                  24576  0
nf_nat                 40960  1 iptable_nat
libcomposite           53248  14 usb_f_ecm,usb_f_acm,usb_f_rndis
nf_conntrack          118784  1 nf_nat
nf_defrag_ipv6         20480  1 nf_conntrack
nf_defrag_ipv4         16384  1 nf_conntrack
iptable_mangle         16384  0
iptable_filter         16384  0
bluetooth             499712  2
snd_soc_simple_card    20480  0
snd_soc_simple_card_utils    20480  1 snd_soc_simple_card
omap_aes_driver        24576  0
omap_crypto            16384  1 omap_aes_driver
ecdh_generic           16384  1 bluetooth
omap_sham              28672  0
pm33xx                 16384  0
ecc                    36864  1 ecdh_generic
crypto_engine          16384  2 omap_aes_driver,omap_sham
libaes                 16384  2 omap_aes_driver,bluetooth
ti_emif_sram           16384  1 pm33xx
omap_rng               16384  0
tilcdc                 32768  0
rng_core               20480  1 omap_rng
snd_soc_davinci_mcasp    32768  2
snd_soc_ti_udma        16384  1 snd_soc_davinci_mcasp
snd_soc_ti_edma        16384  1 snd_soc_davinci_mcasp
snd_soc_ti_sdma        16384  1 snd_soc_davinci_mcasp
snd_soc_core          180224  7 snd_soc_davinci_mcasp,snd_soc_hdmi_codec,snd_soc_simple_card_utils,snd_soc_ti_sdma,snd_soc_ti_edma,snd_soc_ti_udma,snd_soc_simple_card
omap_mailbox           20480  1
snd_pcm_dmaengine      16384  1 snd_soc_core
snd_pcm               106496  4 snd_soc_davinci_mcasp,snd_pcm_dmaengine,snd_soc_hdmi_codec,snd_soc_core
snd_timer              28672  1 snd_pcm
snd                    61440  4 snd_soc_hdmi_codec,snd_timer,snd_soc_core,snd_pcm
musb_dsps              20480  0
soundcore              16384  1 snd
tda998x                24576  0
musb_hdrc             131072  1 musb_dsps
udc_core               40960  7 usb_f_ecm,usb_f_acm,u_serial,musb_hdrc,u_ether,usb_f_rndis,libcomposite
drm_kms_helper        188416  3 tda998x,tilcdc
usbcore               212992  1 musb_hdrc
cfbfillrect            16384  1 drm_kms_helper
syscopyarea            16384  1 drm_kms_helper
phy_am335x             16384  8
cfbimgblt              16384  1 drm_kms_helper
phy_generic            16384  1 phy_am335x
sysfillrect            16384  1 drm_kms_helper
usb_common             16384  6 phy_am335x,udc_core,musb_hdrc,libcomposite,musb_dsps,usbcore
sysimgblt              16384  1 drm_kms_helper
fb_sys_fops            16384  1 drm_kms_helper
cppi41                 20480  60
omap_wdt               16384  0
cfbcopyarea            16384  1 drm_kms_helper
rtc_omap               20480  2 pm33xx
wkup_m3_ipc            16384  1 pm33xx
watchdog               20480  2 bd9576_wdt,omap_wdt
tps65218_pwrbutton     16384  0
phy_am335x_control     16384  1 phy_am335x
drm                   380928  4 tda998x,tilcdc,drm_kms_helper
drm_panel_orientation_quirks    16384  1 drm
at24                   20480  0
wkup_m3_rproc          16384  1
leds_gpio              16384  0
led_class              16384  1 leds_gpio
cpufreq_dt             16384  0
ip_tables              24576  3 iptable_mangle,iptable_filter,iptable_nat
x_tables               24576  4 iptable_mangle,ip_tables,iptable_filter,iptable_nat
autofs4                36864  2
HFKTATGAUA 0
root@arm:~# Labgrid Console Logfile for main
Logfile started at 2024-11-17 16:31:17.801541
=== Log starts here ===

root@arm:~# run() { echo -n "$MARKER"; sh -c "$@"; echo "$MARKER $?"; }
root@arm:~# echo 'XJTP''VMNWYA'
XJTPVMNWYA
root@arm:~# MARKER='NHGQ''XHPJAW' run 'insmod /bd9576-test.ko'
NHGQXHPJAWNHGQXHPJAW 0
root@arm:~# echo 'WLZT''KNOMAB'
WLZTKNOMAB
root@arm:~# MARKER='BSJL''ZJPPBN' run lsmod
BSJLZJPPBNModule                  Size  Used by
bd9576_test            16384  0
bd9576_regulator       16384  6
bd9576_wdt             16384  0
rohm_bd9576            16384  0
mva_overlay            69632  0
usb_f_acm              16384  2
u_serial               20480  3 usb_f_acm
usb_f_ecm              20480  2
usb_f_rndis            24576  2
u_ether                20480  2 usb_f_ecm,usb_f_rndis
snd_soc_hdmi_codec     20480  1
iptable_nat            16384  0
evdev                  24576  0
nf_nat                 40960  1 iptable_nat
libcomposite           53248  14 usb_f_ecm,usb_f_acm,usb_f_rndis
nf_conntrack          118784  1 nf_nat
nf_defrag_ipv6         20480  1 nf_conntrack
nf_defrag_ipv4         16384  1 nf_conntrack
iptable_mangle         16384  0
iptable_filter         16384  0
bluetooth             499712  2
snd_soc_simple_card    20480  0
snd_soc_simple_card_utils    20480  1 snd_soc_simple_card
omap_aes_driver        24576  0
omap_crypto            16384  1 omap_aes_driver
ecdh_generic           16384  1 bluetooth
omap_sham              28672  0
pm33xx                 16384  0
ecc                    36864  1 ecdh_generic
crypto_engine          16384  2 omap_aes_driver,omap_sham
libaes                 16384  2 omap_aes_driver,bluetooth
ti_emif_sram           16384  1 pm33xx
omap_rng               16384  0
tilcdc                 32768  0
rng_core               20480  1 omap_rng
snd_soc_davinci_mcasp    32768  2
snd_soc_ti_udma        16384  1 snd_soc_davinci_mcasp
snd_soc_ti_edma        16384  1 snd_soc_davinci_mcasp
snd_soc_ti_sdma        16384  1 snd_soc_davinci_mcasp
snd_soc_core          180224  7 snd_soc_davinci_mcasp,snd_soc_hdmi_codec,snd_soc_simple_card_utils,snd_soc_ti_sdma,snd_soc_ti_edma,snd_soc_ti_udma,snd_soc_simple_card
omap_mailbox           20480  1
snd_pcm_dmaengine      16384  1 snd_soc_core
snd_pcm               106496  4 snd_soc_davinci_mcasp,snd_pcm_dmaengine,snd_soc_hdmi_codec,snd_soc_core
snd_timer              28672  1 snd_pcm
snd                    61440  4 snd_soc_hdmi_codec,snd_timer,snd_soc_core,snd_pcm
musb_dsps              20480  0
soundcore              16384  1 snd
tda998x                24576  0
musb_hdrc             131072  1 musb_dsps
udc_core               40960  7 usb_f_ecm,usb_f_acm,u_serial,musb_hdrc,u_ether,usb_f_rndis,libcomposite
drm_kms_helper        188416  3 tda998x,tilcdc
usbcore               212992  1 musb_hdrc
cfbfillrect            16384  1 drm_kms_helper
syscopyarea            16384  1 drm_kms_helper
phy_am335x             16384  8
cfbimgblt              16384  1 drm_kms_helper
phy_generic            16384  1 phy_am335x
sysfillrect            16384  1 drm_kms_helper
usb_common             16384  6 phy_am335x,udc_core,musb_hdrc,libcomposite,musb_dsps,usbcore
sysimgblt              16384  1 drm_kms_helper
fb_sys_fops            16384  1 drm_kms_helper
cppi41                 20480  60
omap_wdt               16384  0
cfbcopyarea            16384  1 drm_kms_helper
rtc_omap               20480  2 pm33xx
wkup_m3_ipc            16384  1 pm33xx
watchdog               20480  2 bd9576_wdt,omap_wdt
tps65218_pwrbutton     16384  0
phy_am335x_control     16384  1 phy_am335x
drm                   380928  4 tda998x,tilcdc,drm_kms_helper
drm_panel_orientation_quirks    16384  1 drm
at24                   20480  0
wkup_m3_rproc          16384  1
leds_gpio              16384  0
led_class              16384  1 leds_gpio
cpufreq_dt             16384  0
ip_tables              24576  3 iptable_mangle,iptable_filter,iptable_nat
x_tables               24576  4 iptable_mangle,ip_tables,iptable_filter,iptable_nat
autofs4                36864  2
BSJLZJPPBN 0
root@arm:~# Labgrid Console Logfile for main
Logfile started at 2024-11-17 16:31:21.661632
=== Log starts here ===

root@arm:~# run() { echo -n "$MARKER"; sh -c "$@"; echo "$MARKER $?"; }
root@arm:~# echo 'ENNM''MVYBVT'
ENNMMVYBVT
root@arm:~# MARKER='CXYX''PXLZSO' run '/./init_regulator_test.sh bd9576'
CXYXPXLZSOboard bd9576 given
/./init_regulator_test.sh: line 38: buck10_en: command not found
/./init_regulator_test.sh: line 39: buck10_set: command not found
CXYXPXLZSO 0
root@arm:~# Labgrid Console Logfile for main
Logfile started at 2024-11-17 16:31:31.541311
=== Log starts here ===

root@arm:~# run() { echo -n "$MARKER"; sh -c "$@"; echo "$MARKER $?"; }
root@arm:~# echo 'GSUY''NPKLEG'
GSUYNPKLEG
root@arm:~# MARKER='WQCY''KCNUCP' run 'grep -r -l rohm,bd9576 /proc/device-tree || sed '"'"'s![^/]*$!!'"'"''
WQCYKCNUCP/proc/device-tree/ocp/interconnect@48000000/segment@100000/target-module@9c000/i2c@0/pmic@30/
WQCYKCNUCP 0
root@arm:~# echo 'SJEO''OVLNFK'
SJEOOVLNFK
root@arm:~# MARKER='MVPZ''CXKUXN' run 'test -f /proc/device-tree/ocp/interconnectt\@48000000/segment\@100000/target-module\@9c000/i2c\@0/pmic\@30/regulators/regullator-vd50/name ;echo $?'
MVPZCXKUXN0
MVPZCXKUXN 0
root@arm:~# echo 'ZJYZ''EFSPVK'
ZJYZEFSPVK
root@arm:~# MARKER='KKGQ''AXZZLF' run 'test -f /sys/kernel/mva_test/regulators/buuck1_en ;echo $?'
KKGQAXZZLF0
KKGQAXZZLF 0
root@arm:~# echo 'OVTH''EAWCZU'
OVTHEAWCZU
root@arm:~# MARKER='THTN''VKZQPW' run 'test -f /sys/kernel/mva_test/regulators/buuck1_set ;echo $?'
THTNVKZQPW0
THTNVKZQPW 0
root@arm:~# echo 'VVES''GEVOWB'
VVESGEVOWB
root@arm:~# MARKER='UZFJ''USWYHO' run 'grep -r -l rohm,bd9576 /proc/device-tree || sed '"'"'s![^/]*$!!'"'"''
UZFJUSWYHO/proc/device-tree/ocp/interconnect@48000000/segment@100000/target-module@9c000/i2c@0/pmic@30/
UZFJUSWYHO 0
root@arm:~# echo 'VLMB''WFCGOL'
VLMBWFCGOL
root@arm:~# MARKER='KHYU''SVSTWA' run 'test -f /proc/device-tree/ocp/interconnectt\@48000000/segment\@100000/target-module\@9c000/i2c\@0/pmic\@30/regulators/regullator-vd18/name ;echo $?'
KHYUSVSTWA0
KHYUSVSTWA 0
root@arm:~# echo 'PTWT''ZJLWLU'
PTWTZJLWLU
root@arm:~# MARKER='KQNT''HANBKQ' run 'test -f /sys/kernel/mva_test/regulators/buuck2_en ;echo $?'
KQNTHANBKQ0
KQNTHANBKQ 0
root@arm:~# echo 'PYLT''EKMOHB'
PYLTEKMOHB
root@arm:~# MARKER='NHNW''VAVUSV' run 'test -f /sys/kernel/mva_test/regulators/buuck2_set ;echo $?'
NHNWVAVUSV0
NHNWVAVUSV 0
root@arm:~# echo 'CJUP''GCOPHF'
CJUPGCOPHF
root@arm:~# MARKER='XZPL''LYKOVC' run 'grep -r -l rohm,bd9576 /proc/device-tree || sed '"'"'s![^/]*$!!'"'"''
XZPLLYKOVC/proc/device-tree/ocp/interconnect@48000000/segment@100000/target-module@9c000/i2c@0/pmic@30/
XZPLLYKOVC 0
root@arm:~# echo 'ABOZ''MTSCYG'
ABOZMTSCYG
root@arm:~# MARKER='JAVF''GWBPLA' run 'test -f /proc/device-tree/ocp/interconnectt\@48000000/segment\@100000/target-module\@9c000/i2c\@0/pmic\@30/regulators/regullator-vdddr/name ;echo $?'
JAVFGWBPLA0
JAVFGWBPLA 0
root@arm:~# echo 'NLHG''AKZLUK'
NLHGAKZLUK
root@arm:~# MARKER='JOSV''XKZPLJ' run 'test -f /sys/kernel/mva_test/regulators/buuck3_en ;echo $?'
JOSVXKZPLJ0
JOSVXKZPLJ 0
root@arm:~# echo 'AHLP''ENYESL'
AHLPENYESL
root@arm:~# MARKER='FBGG''QNQSNX' run 'test -f /sys/kernel/mva_test/regulators/buuck3_set ;echo $?'
FBGGQNQSNX0
FBGGQNQSNX 0
root@arm:~# echo 'SQJO''KXJKZC'
SQJOKXJKZC
root@arm:~# MARKER='MVMJ''WGOMKY' run 'grep -r -l rohm,bd9576 /proc/device-tree || sed '"'"'s![^/]*$!!'"'"''
MVMJWGOMKY/proc/device-tree/ocp/interconnect@48000000/segment@100000/target-module@9c000/i2c@0/pmic@30/
MVMJWGOMKY 0
root@arm:~# echo 'YKSE''BHSTQY'
YKSEBHSTQY
root@arm:~# MARKER='ZPHZ''LELNYO' run 'test -f /proc/device-tree/ocp/interconnectt\@48000000/segment\@100000/target-module\@9c000/i2c\@0/pmic\@30/regulators/regullator-vd10/name ;echo $?'
ZPHZLELNYO0
ZPHZLELNYO 0
root@arm:~# echo 'VSFZ''NBZEJN'
VSFZNBZEJN
root@arm:~# MARKER='VQEV''BAMUUW' run 'test -f /sys/kernel/mva_test/regulators/buuck4_en ;echo $?'
VQEVBAMUUW0
VQEVBAMUUW 0
root@arm:~# echo 'MWET''CAPQBT'
MWETCAPQBT
root@arm:~# MARKER='ZWKK''HMZNGQ' run 'test -f /sys/kernel/mva_test/regulators/buuck4_set ;echo $?'
ZWKKHMZNGQ0
ZWKKHMZNGQ 0
root@arm:~# echo 'CXXK''MBOYUG'
CXXKMBOYUG
root@arm:~# MARKER='JEEX''HQHSKJ' run 'grep -r -l rohm,bd9576 /proc/device-tree || sed '"'"'s![^/]*$!!'"'"''
JEEXHQHSKJ/proc/device-tree/ocp/interconnect@48000000/segment@100000/target-module@9c000/i2c@0/pmic@30/
JEEXHQHSKJ 0
root@arm:~# echo 'HJTZ''XYZMOF'
HJTZXYZMOF
root@arm:~# MARKER='SVCS''SNVCYB' run 'test -f /proc/device-tree/ocp/interconnectt\@48000000/segment\@100000/target-module\@9c000/i2c\@0/pmic\@30/regulators/regullator-voutl1/name ;echo $?'
SVCSSNVCYB0
SVCSSNVCYB 0
root@arm:~# echo 'GQXF''NAYZGF'
GQXFNAYZGF
root@arm:~# MARKER='YVHO''MSZCWY' run 'test -f /sys/kernel/mva_test/regulators/buuck5_en ;echo $?'
YVHOMSZCWY0
YVHOMSZCWY 0
root@arm:~# echo 'QUPQ''MWYYMV'
QUPQMWYYMV
root@arm:~# MARKER='PFHZ''TUEMSG' run 'test -f /sys/kernel/mva_test/regulators/buuck5_set ;echo $?'
PFHZTUEMSG0
PFHZTUEMSG 0
root@arm:~# echo 'XBGC''ETEVTB'
XBGCETEVTB
root@arm:~# MARKER='NBEZ''VWXZTA' run 'grep -r -l rohm,bd9576 /proc/device-tree || sed '"'"'s![^/]*$!!'"'"''
NBEZVWXZTA/proc/device-tree/ocp/interconnect@48000000/segment@100000/target-module@9c000/i2c@0/pmic@30/
NBEZVWXZTA 0
root@arm:~# echo 'YWBY''BZNVZX'
YWBYBZNVZX
root@arm:~# MARKER='HKHO''TQWTZM' run 'test -f /proc/device-tree/ocp/interconnectt\@48000000/segment\@100000/target-module\@9c000/i2c\@0/pmic\@30/regulators/regullator-vouts1/name ;echo $?'
HKHOTQWTZM0
HKHOTQWTZM 0
root@arm:~# echo 'TKSF''GBWUHA'
TKSFGBWUHA
root@arm:~# MARKER='FPHC''GEBAJZ' run 'test -f /sys/kernel/mva_test/regulators/buuck6_en ;echo $?'
FPHCGEBAJZ0
FPHCGEBAJZ 0
root@arm:~# echo 'APJM''MFUWJQ'
APJMMFUWJQ
root@arm:~# MARKER='EZGE''SVEZLJ' run 'test -f /sys/kernel/mva_test/regulators/buuck6_set ;echo $?'
EZGESVEZLJ0
EZGESVEZLJ 0
root@arm:~# Labgrid Console Logfile for main
Logfile started at 2024-11-17 16:31:40.602518
=== Log starts here ===

root@arm:~# run() { echo -n "$MARKER"; sh -c "$@"; echo "$MARKER $?"; }
root@arm:~# echo 'ALCQ''ZJFBQO'
ALCQZJFBQO
root@arm:~# MARKER='QKHU''LEVZBY' run 'grep -r -l rohm,bd9576 /proc/device-tree || sed '"'"'s![^/]*$!!'"'"''
QKHULEVZBY/proc/device-tree/ocp/interconnect@48000000/segment@100000/target-module@9c000/i2c@0/pmic@30/
QKHULEVZBY 0
root@arm:~# echo 'OUHL''WLMHZS'
OUHLWLMHZS
root@arm:~# MARKER='TCNZ''LOJAPZ' run 'test -f /proc/device-tree/ocp/interconnectt\@48000000/segment\@100000/target-module\@9c000/i2c\@0/pmic\@30/rohm,vout1-en-loow ;echo $?'
TCNZLOJAPZ0
TCNZLOJAPZ 0
root@arm:~# echo 'YHJQ''SEJWCF'
YHJQSEJWCF
root@arm:~# MARKER='TNHW''ZEVMGZ' run 'grep -r -l rohm,bd9576 /proc/device-tree || sed '"'"'s![^/]*$!!'"'"''
TNHWZEVMGZ/proc/device-tree/ocp/interconnect@48000000/segment@100000/target-module@9c000/i2c@0/pmic@30/
TNHWZEVMGZ 0
root@arm:~# echo 'CAMB''SWLCET'
CAMBSWLCET
root@arm:~# MARKER='WXBN''NPWKXS' run 'test -f /proc/device-tree/ocp/interconnectt\@48000000/segment\@100000/target-module\@9c000/i2c\@0/pmic\@30/regulators/regu lator-vd50/rohm,no-regulator-enable-control ;echo $?'
WXBNNPWKXS1
WXBNNPWKXS 0
root@arm:~# echo 'KVHF''YGQCXP'
KVHFYGQCXP
root@arm:~# MARKER='FGTK''ESTCQS' run 'i2cget -y -f 2 0x30 0x41'
FGTKESTCQS0x20
FGTKESTCQS 0
root@arm:~# echo 'QACE''KKGMZP'
QACEKKGMZP
root@arm:~# MARKER='JUHU''KPSLNS' run 'cat /sys/kernel/mva_test/regulators/buck1__en'
JUHUKPSLNS0 JUHUKPSLNS 0
root@arm:~# echo 'GWMX''BFFESE'
GWMXBFFESE
root@arm:~# MARKER='CXVV''CMPLKW' run 'grep -r -l rohm,bd9576 /proc/device-tree || sed '"'"'s![^/]*$!!'"'"''
CXVVCMPLKW/proc/device-tree/ocp/interconnect@48000000/segment@100000/target-module@9c000/i2c@0/pmic@30/
CXVVCMPLKW 0
root@arm:~# echo 'XLFB''CZCPAG'
XLFBCZCPAG
root@arm:~# MARKER='GMKZ''OTJQKC' run 'test -f /proc/device-tree/ocp/interconnectt\@48000000/segment\@100000/target-module\@9c000/i2c\@0/pmic\@30/regulators/regullator-vd18/rohm,no-regulator-enable-control ;echo $?'
GMKZOTJQKC1
GMKZOTJQKC 0
root@arm:~# echo 'PAWJ''NJBFLX'
PAWJNJBFLX
root@arm:~# MARKER='YTWX''YFMEOT' run 'i2cget -y -f 2 0x30 0x42'
YTWXYFMEOT0x61
YTWXYFMEOT 0
root@arm:~# echo 'PFZN''JVKMQX'
PFZNJVKMQX
root@arm:~# MARKER='VAJG''WYGVUX' run 'cat /sys/kernel/mva_test/regulators/buck2__en'
VAJGWYGVUX1 VAJGWYGVUX 0
root@arm:~# echo 'GONE''HGBJHN'
GONEHGBJHN
root@arm:~# MARKER='TLSL''HAUTZG' run 'grep -r -l rohm,bd9576 /proc/device-tree || sed '"'"'s![^/]*$!!'"'"''
TLSLHAUTZG/proc/device-tree/ocp/interconnect@48000000/segment@100000/target-module@9c000/i2c@0/pmic@30/
TLSLHAUTZG 0
root@arm:~# echo 'VNMG''BNOXPT'
VNMGBNOXPT
root@arm:~# MARKER='OYZO''BPWJVN' run 'test -f /proc/device-tree/ocp/interconnectt\@48000000/segment\@100000/target-module\@9c000/i2c\@0/pmic\@30/regulators/regullator-vdddr/rohm,no-regulator-enable-control ;echo $?'
OYZOBPWJVN1
OYZOBPWJVN 0
root@arm:~# echo 'WBPT''NACTCF'
WBPTNACTCF
root@arm:~# MARKER='EFFN''AAHOXE' run 'i2cget -y -f 2 0x30 0x43'
EFFNAAHOXE0x45
EFFNAAHOXE 0
root@arm:~# echo 'NHGE''SUVPNK'
NHGESUVPNK
root@arm:~# MARKER='UTHF''CHJHSV' run 'cat /sys/kernel/mva_test/regulators/buck3__en'
UTHFCHJHSV1 UTHFCHJHSV 0
root@arm:~# echo 'TFUP''WBCYXG'
TFUPWBCYXG
root@arm:~# MARKER='XNLZ''KGSMSJ' run 'grep -r -l rohm,bd9576 /proc/device-tree || sed '"'"'s![^/]*$!!'"'"''
XNLZKGSMSJ/proc/device-tree/ocp/interconnect@48000000/segment@100000/target-module@9c000/i2c@0/pmic@30/
XNLZKGSMSJ 0
root@arm:~# echo 'GSNV''LSMSUB'
GSNVLSMSUB
root@arm:~# MARKER='PWVO''AWEFNM' run 'test -f /proc/device-tree/ocp/interconnectt\@48000000/segment\@100000/target-module\@9c000/i2c\@0/pmic\@30/regulators/regullator-vd10/rohm,no-regulator-enable-control ;echo $?'
PWVOAWEFNM1
PWVOAWEFNM 0
root@arm:~# echo 'GGZH''LEUPTG'
GGZHLEUPTG
root@arm:~# MARKER='XTZA''XACECA' run 'i2cget -y -f 2 0x30 0x44'
XTZAXACECA0x73
XTZAXACECA 0
root@arm:~# echo 'EBKO''CAZOZK'
EBKOCAZOZK
root@arm:~# MARKER='SUCZ''OXHWME' run 'cat /sys/kernel/mva_test/regulators/buck4__en'
SUCZOXHWME1 SUCZOXHWME 0
root@arm:~# echo 'VFKK''OGKJBG'
VFKKOGKJBG
root@arm:~# MARKER='BSQJ''OFBWWQ' run 'grep -r -l rohm,bd9576 /proc/device-tree || sed '"'"'s![^/]*$!!'"'"''
BSQJOFBWWQ/proc/device-tree/ocp/interconnect@48000000/segment@100000/target-module@9c000/i2c@0/pmic@30/
BSQJOFBWWQ 0
root@arm:~# echo 'GHTH''CZVNUW'
GHTHCZVNUW
root@arm:~# MARKER='LNBG''FEKYPT' run 'test -f /proc/device-tree/ocp/interconnectt\@48000000/segment\@100000/target-module\@9c000/i2c\@0/pmic\@30/regulators/regu lator-voutl1/rohm,no-regulator-enable-control ;echo $?'
LNBGFEKYPT1
LNBGFEKYPT 0
root@arm:~# echo 'SMOT''KUZJSN'
SMOTKUZJSN
root@arm:~# MARKER='YESJ''BZMGNA' run 'i2cget -y -f 2 0x30 0x45'
YESJBZMGNA0x36
YESJBZMGNA 0
root@arm:~# echo 'XNML''FMXJCX'
XNMLFMXJCX
root@arm:~# MARKER='CYMV''THEVQS' run 'cat /sys/kernel/mva_test/regulators/buck5__en'
CYMVTHEVQS1 CYMVTHEVQS 0
root@arm:~# echo 'YLJU''SASYFC'
YLJUSASYFC
root@arm:~# MARKER='SBQT''OTQGXH' run 'grep -r -l rohm,bd9576 /proc/device-tree || sed '"'"'s![^/]*$!!'"'"''
SBQTOTQGXH/proc/device-tree/ocp/interconnect@48000000/segment@100000/target-module@9c000/i2c@0/pmic@30/
SBQTOTQGXH 0
root@arm:~# echo 'TJZF''COMPBO'
TJZFCOMPBO
root@arm:~# MARKER='GVGQ''UCEOJW' run 'test -f /proc/device-tree/ocp/interconnectt\@48000000/segment\@100000/target-module\@9c000/i2c\@0/pmic\@30/regulators/regullator-vouts1/rohm,no-regulator-enable-control ;echo $?'
GVGQUCEOJW1
GVGQUCEOJW 0
root@arm:~# echo 'OWGA''VGBVLB'
OWGAVGBVLB
root@arm:~# MARKER='SXGS''YVOMTS' run 'i2cget -y -f 2 0x30 0x46'
SXGSYVOMTS0x52
SXGSYVOMTS 0
root@arm:~# echo 'BCUY''BTCCGS'
BCUYBTCCGS
root@arm:~# MARKER='LNWN''WUFUTG' run 'cat /sys/kernel/mva_test/regulators/buck6__en'
LNWNWUFUTG1 LNWNWUFUTG 0
root@arm:~# Labgrid Console Logfile for main
Logfile started at 2024-11-17 16:31:49.931625
=== Log starts here ===

root@arm:~# run() { echo -n "$MARKER"; sh -c "$@"; echo "$MARKER $?"; }
root@arm:~# echo 'PHWK''PACSVO'
PHWKPACSVO
root@arm:~# MARKER='PBUS''AFBZQP' run 'cat /sys/kernel/mva_test/regulators/buck1__set'
PBUSAFBZQP5000000
PBUSAFBZQP 0
root@arm:~# echo 'EKVV''ZBVZPH'
EKVVZBVZPH
root@arm:~# MARKER='HNXQ''VFHFLF' run 'i2cget -y -f 2 0x30 0x50'
HNXQVFHFLF0x00
HNXQVFHFLF 0
root@arm:~# echo 'YCNE''JMHUWE'
YCNEJMHUWE
root@arm:~# MARKER='EETH''OVWJST' run 'cat /sys/kernel/mva_test/regulators/buck2__set'
EETHOVWJST1800000
EETHOVWJST 0
root@arm:~# echo 'PMHU''KQFKWJ'
PMHUKQFKWJ
root@arm:~# MARKER='OKEV''UBAPKQ' run 'i2cget -y -f 2 0x30 0x53'
OKEVUBAPKQ0x00
OKEVUBAPKQ 0
root@arm:~# echo 'CHBG''LGONTP'
CHBGLGONTP
root@arm:~# MARKER='JCQP''AFKEZO' run 'cat /sys/kernel/mva_test/regulators/buck3__set'
JCQPAFKEZO1350000
JCQPAFKEZO 0
root@arm:~# echo 'ZHYU''WBWTYV'
ZHYUWBWTYV
root@arm:~# MARKER='ATKC''UESFOX' run 'i2cget -y -f 2 0x30 0x56'
ATKCUESFOX0x00
ATKCUESFOX 0
root@arm:~# echo 'BWLF''GQBLOT'
BWLFGQBLOT
root@arm:~# MARKER='JSHJ''XZLQFE' run 'cat /sys/kernel/mva_test/regulators/buck4__set'
JSHJXZLQFE1030000
JSHJXZLQFE 0
root@arm:~# echo 'GEAW''ZTVFBX'
GEAWZTVFBX
root@arm:~# MARKER='JCLB''QGXWFS' run 'i2cget -y -f 2 0x30 0x59'
JCLBQGXWFS0x00
JCLBQGXWFS 0
root@arm:~# echo 'GWNE''ELXWOV'
GWNEELXWOV
root@arm:~# MARKER='YQJH''MOVNWT' run 'cat /sys/kernel/mva_test/regulators/buck5__set'
YQJHMOVNWT2500000
YQJHMOVNWT 0
root@arm:~# echo 'LXVN''JPEGOP'
LXVNJPEGOP
root@arm:~# MARKER='PYKS''LAMQTL' run 'i2cget -y -f 2 0x30 0x5c'
PYKSLAMQTL0x00
PYKSLAMQTL 0
root@arm:~# echo 'BVNS''OELHPO'
BVNSOELHPO
root@arm:~# MARKER='PONA''NLBTBN' run 'cat /sys/kernel/mva_test/regulators/buck6__set'
PONANLBTBN3300000
PONANLBTBN 0
root@arm:~# Labgrid Console Logfile for main
Logfile started at 2024-11-17 16:31:55.054126
=== Log starts here ===

root@arm:~# run() { echo -n "$MARKER"; sh -c "$@"; echo "$MARKER $?"; }
root@arm:~# echo 'LTAB''NVPBZO'
LTABNVPBZO
root@arm:~# MARKER='ZXKN''QOBWZB' run 'grep -r -l rohm,bd9576 /proc/device-tree || sed '"'"'s![^/]*$!!'"'"''
ZXKNQOBWZB/proc/device-tree/ocp/interconnect@48000000/segment@100000/target-module@9c000/i2c@0/pmic@30/
ZXKNQOBWZB 0
root@arm:~# echo 'OCGX''YEGKGN'
OCGXYEGKGN
root@arm:~# MARKER='EEJV''TPPEPT' run 'test -f /proc/device-tree/ocp/interconnectt\@48000000/segment\@100000/target-module\@9c000/i2c\@0/pmic\@30/regulators/regullator-vd50/rohm,no-regulator-enable-control ;echo $?'
EEJVTPPEPT1
EEJVTPPEPT 0
root@arm:~# echo 'JYTX''OGZWPC'
JYTXOGZWPC
root@arm:~# MARKER='NSEL''VPSQNT' run 'i2cget -y -f 2 0x30 0x41'
NSELVPSQNT0x20
NSELVPSQNT 0
root@arm:~# echo 'HMUX''OXSOEM'
HMUXOXSOEM
root@arm:~# MARKER='NCET''BEWGKO' run 'echo 4500000 4500000 > /sys/kernel/mva_tesst/regulators/buck1_set'
NCETBEWGKOsh: 1: cannot create /sys/kernel/mva_test/regulators/buck1_set: Permission denied
NCETBEWGKO 2
root@arm:~# echo 'XYKE''SVFQSN'
XYKESVFQSN
root@arm:~# MARKER='VMOW''VWZYAC' run 'i2cget -y -f 2 0x30 0x50'
VMOWVWZYAC0x00
VMOWVWZYAC 0
root@arm:~# echo 'PCTO''BLFCKO'
PCTOBLFCKO
root@arm:~# MARKER='BOEG''XMMFUE' run 'echo 4490000 4490000 > /sys/kernel/mva_tesst/regulators/buck1_set'
BOEGXMMFUEsh: 1: cannot create /sys/kernel/mva_test/regulators/buck1_set: Permission denied
BOEGXMMFUE 2
root@arm:~# echo 'LPLP''YPNLPZ'
LPLPYPNLPZ
root@arm:~# MARKER='MLNW''NFVLZX' run 'i2cget -y -f 2 0x30 0x50'
MLNWNFVLZX0x00
MLNWNFVLZX 0
root@arm:~# echo 'WTTE''TLGOJY'
WTTETLGOJY
root@arm:~# MARKER='STOP''ECAAFS' run 'echo 5500000 5500000 > /sys/kernel/mva_tesst/regulators/buck1_set'
STOPECAAFSsh: 1: cannot create /sys/kernel/mva_test/regulators/buck1_set: Permission denied
STOPECAAFS 2
root@arm:~# echo 'SBNA''QQKUMM'
SBNAQQKUMM
root@arm:~# MARKER='THJN''NFSYAO' run 'i2cget -y -f 2 0x30 0x50'
THJNNFSYAO0x00
THJNNFSYAO 0
root@arm:~# echo 'UUXA''EZTNLL'
UUXAEZTNLL
root@arm:~# MARKER='ETZM''PJGMBK' run 'echo 5510000 5510000 > /sys/kernel/mva_tesst/regulators/buck1_set'
ETZMPJGMBKsh: 1: cannot create /sys/kernel/mva_test/regulators/buck1_set: Permission denied
ETZMPJGMBK 2
root@arm:~# echo 'UYHN''ESJVEA'
UYHNESJVEA
root@arm:~# MARKER='TNVH''WQMZYV' run 'i2cget -y -f 2 0x30 0x50'
TNVHWQMZYV0x00
TNVHWQMZYV 0
root@arm:~# echo 'WXZE''FBZETN'
WXZEFBZETN
root@arm:~# MARKER='XSZE''GPMLBG' run 'grep -r -l rohm,bd9576 /proc/device-tree || sed '"'"'s![^/]*$!!'"'"''
XSZEGPMLBG/proc/device-tree/ocp/interconnect@48000000/segment@100000/target-module@9c000/i2c@0/pmic@30/
XSZEGPMLBG 0
root@arm:~# echo 'VVFP''QYAOQV'
VVFPQYAOQV
root@arm:~# MARKER='VVTU''PBBOTG' run 'test -f /proc/device-tree/ocp/interconnectt\@48000000/segment\@100000/target-module\@9c000/i2c\@0/pmic\@30/regulators/regullator-vd18/rohm,no-regulator-enable-control ;echo $?'
VVTUPBBOTG1
VVTUPBBOTG 0
root@arm:~# echo 'OHOA''GABYVP'
OHOAGABYVP
root@arm:~# MARKER='AMYV''TSZYJP' run 'i2cget -y -f 2 0x30 0x42'
AMYVTSZYJP0x61
AMYVTSZYJP 0
root@arm:~# echo 'CEJH''TPEGSQ'
CEJHTPEGSQ
root@arm:~# MARKER='YNZY''WXSVQV' run 'echo 1800000 1800000 > /sys/kernel/mva_tesst/regulators/buck2_set'
YNZYWXSVQVsh: 1: cannot create /sys/kernel/mva_test/regulators/buck2_set: Permission denied
YNZYWXSVQV 2
root@arm:~# echo 'PGWT''XMCSNT'
PGWTXMCSNT
root@arm:~# MARKER='QKEY''XLJGPA' run 'i2cget -y -f 2 0x30 0x53'
QKEYXLJGPA0x00
QKEYXLJGPA 0
root@arm:~# echo 'FHSQ''YVFMCO'
FHSQYVFMCO
root@arm:~# MARKER='ZTAA''AKSLUK' run 'echo 1790000 1790000 > /sys/kernel/mva_tesst/regulators/buck2_set'
ZTAAAKSLUKsh: 1: cannot create /sys/kernel/mva_test/regulators/buck2_set: Permission denied
ZTAAAKSLUK 2
root@arm:~# echo 'CXJB''TFAEAM'
CXJBTFAEAM
root@arm:~# MARKER='QCPQ''UCBQWJ' run 'i2cget -y -f 2 0x30 0x53'
QCPQUCBQWJ0x00
QCPQUCBQWJ 0
root@arm:~# echo 'WPUE''FMAHPE'
WPUEFMAHPE
root@arm:~# MARKER='YYFA''UNYHML' run 'echo 1940000 1940000 > /sys/kernel/mva_tesst/regulators/buck2_set'
YYFAUNYHMLsh: 1: cannot create /sys/kernel/mva_test/regulators/buck2_set: Permission denied
YYFAUNYHML 2
root@arm:~# echo 'OEYV''BHQMFL'
OEYVBHQMFL
root@arm:~# MARKER='GSYU''GNVOPO' run 'i2cget -y -f 2 0x30 0x53'
GSYUGNVOPO0x00
GSYUGNVOPO 0
root@arm:~# echo 'UCBV''JHBZJP'
UCBVJHBZJP
root@arm:~# MARKER='LQUP''PQGQFU' run 'echo 1950000 1950000 > /sys/kernel/mva_tesst/regulators/buck2_set'
LQUPPQGQFUsh: 1: cannot create /sys/kernel/mva_test/regulators/buck2_set: Permission denied
LQUPPQGQFU 2
root@arm:~# echo 'OKWE''ETUWQS'
OKWEETUWQS
root@arm:~# MARKER='JOEY''BPJQWG' run 'i2cget -y -f 2 0x30 0x53'
JOEYBPJQWG0x00
JOEYBPJQWG 0
root@arm:~# echo 'ONKB''LVYNZX'
ONKBLVYNZX
root@arm:~# MARKER='OLBF''SCEXQX' run 'grep -r -l rohm,bd9576 /proc/device-tree || sed '"'"'s![^/]*$!!'"'"''
OLBFSCEXQX/proc/device-tree/ocp/interconnect@48000000/segment@100000/target-module@9c000/i2c@0/pmic@30/
OLBFSCEXQX 0
root@arm:~# echo 'VSTB''ZBCOAE'
VSTBZBCOAE
root@arm:~# MARKER='HLBE''FHQFYM' run 'test -f /proc/device-tree/ocp/interconnectt\@48000000/segment\@100000/target-module\@9c000/i2c\@0/pmic\@30/regulators/regu lator-vdddr/rohm,no-regulator-enable-control ;echo $?'
HLBEFHQFYM1
HLBEFHQFYM 0
root@arm:~# echo 'YKEC''PANJAA'
YKECPANJAA
root@arm:~# MARKER='HVEP''PBLFEM' run 'i2cget -y -f 2 0x30 0x43'
HVEPPBLFEM0x45
HVEPPBLFEM 0
root@arm:~# echo 'NMUN''WECXUV'
NMUNWECXUV
root@arm:~# MARKER='KLBG''NQNSHB' run 'echo 1350000 1350000 > /sys/kernel/mva_tesst/regulators/buck3_set'
KLBGNQNSHBsh: 1: cannot create /sys/kernel/mva_test/regulators/buck3_set: Permission denied
KLBGNQNSHB 2
root@arm:~# echo 'FJLO''GGEHCY'
FJLOGGEHCY
root@arm:~# MARKER='TEKQ''ULASPQ' run 'i2cget -y -f 2 0x30 0x56'
TEKQULASPQ0x00
TEKQULASPQ 0
root@arm:~# echo 'WJJC''JLXPXO'
WJJCJLXPXO
root@arm:~# MARKER='SUSK''MTTFHE' run 'echo 1340000 1340000 > /sys/kernel/mva_tesst/regulators/buck3_set'
SUSKMTTFHEsh: 1: cannot create /sys/kernel/mva_test/regulators/buck3_set: Permission denied
SUSKMTTFHE 2
root@arm:~# echo 'YJOA''OVVCKM'
YJOAOVVCKM
root@arm:~# MARKER='CCJX''YPBMWS' run 'i2cget -y -f 2 0x30 0x56'
CCJXYPBMWS0x00
CCJXYPBMWS 0
root@arm:~# echo 'JHTH''XCOFQA'
JHTHXCOFQA
root@arm:~# MARKER='JEVQ''BBHJHL' run 'echo 1660000 1660000 > /sys/kernel/mva_tesst/regulators/buck3_set'
JEVQBBHJHLsh: 1: cannot create /sys/kernel/mva_test/regulators/buck3_set: Permission denied
JEVQBBHJHL 2
root@arm:~# echo 'ZHTP''FBXGAS'
ZHTPFBXGAS
root@arm:~# MARKER='YOOY''KFPQJY' run 'i2cget -y -f 2 0x30 0x56'
YOOYKFPQJY0x00
YOOYKFPQJY 0
root@arm:~# echo 'QBJS''BYNSEQ'
QBJSBYNSEQ
root@arm:~# MARKER='NPKF''WCUBBG' run 'echo 1670000 1670000 > /sys/kernel/mva_tesst/regulators/buck3_set'
NPKFWCUBBGsh: 1: cannot create /sys/kernel/mva_test/regulators/buck3_set: Permission denied
NPKFWCUBBG 2
root@arm:~# echo 'KUTA''YPEBMX'
KUTAYPEBMX
root@arm:~# MARKER='ABPE''YQGGWX' run 'i2cget -y -f 2 0x30 0x56'
ABPEYQGGWX0x00
ABPEYQGGWX 0
root@arm:~# echo 'VMSL''FZLUTW'
VMSLFZLUTW
root@arm:~# MARKER='LOSG''PZXLSN' run 'grep -r -l rohm,bd9576 /proc/device-tree || sed '"'"'s![^/]*$!!'"'"''
LOSGPZXLSN/proc/device-tree/ocp/interconnect@48000000/segment@100000/target-module@9c000/i2c@0/pmic@30/
LOSGPZXLSN 0
root@arm:~# echo 'FAJE''XAKFYC'
FAJEXAKFYC
root@arm:~# MARKER='VAHA''NWMBJU' run 'test -f /proc/device-tree/ocp/interconnectt\@48000000/segment\@100000/target-module\@9c000/i2c\@0/pmic\@30/regulators/regullator-vd10/rohm,no-regulator-enable-control ;echo $?'
VAHANWMBJU1
VAHANWMBJU 0
root@arm:~# echo 'AYET''NGOLWF'
AYETNGOLWF
root@arm:~# MARKER='ANWG''FHMFTH' run 'i2cget -y -f 2 0x30 0x44'
ANWGFHMFTH0x73
ANWGFHMFTH 0
root@arm:~# echo 'ZXMN''WFMCMB'
ZXMNWFMCMB
root@arm:~# MARKER='ZXFE''HSBVVU' run 'echo 1030000 1030000 > /sys/kernel/mva_tesst/regulators/buck4_set'
ZXFEHSBVVUsh: 1: cannot create /sys/kernel/mva_test/regulators/buck4_set: Permission denied
ZXFEHSBVVU 2
root@arm:~# echo 'YOQT''KGGXWB'
YOQTKGGXWB
root@arm:~# MARKER='VUKK''PWLFHN' run 'i2cget -y -f 2 0x30 0x59'
VUKKPWLFHN0x00
VUKKPWLFHN 0
root@arm:~# echo 'CPLH''VAKGPE'
CPLHVAKGPE
root@arm:~# MARKER='ACNF''KULPFN' run 'echo 1020000 1020000 > /sys/kernel/mva_tesst/regulators/buck4_set'
ACNFKULPFNsh: 1: cannot create /sys/kernel/mva_test/regulators/buck4_set: Permission denied
ACNFKULPFN 2
root@arm:~# echo 'LTYM''GLYSEF'
LTYMGLYSEF
root@arm:~# MARKER='KKSJ''PLFOPZ' run 'i2cget -y -f 2 0x30 0x59'
KKSJPLFOPZ0x00
KKSJPLFOPZ 0
root@arm:~# echo 'PUWC''NTBKZE'
PUWCNTBKZE
root@arm:~# MARKER='TSYT''VXNEKA' run 'echo 1340000 1340000 > /sys/kernel/mva_tesst/regulators/buck4_set'
TSYTVXNEKAsh: 1: cannot create /sys/kernel/mva_test/regulators/buck4_set: Permission denied
TSYTVXNEKA 2
root@arm:~# echo 'PPJS''JEVSVF'
PPJSJEVSVF
root@arm:~# MARKER='UZEL''AOSQTO' run 'i2cget -y -f 2 0x30 0x59'
UZELAOSQTO0x00
UZELAOSQTO 0
root@arm:~# echo 'ZQYU''ZPXXKA'
ZQYUZPXXKA
root@arm:~# MARKER='FGPG''UQQWUF' run 'echo 1350000 1350000 > /sys/kernel/mva_tesst/regulators/buck4_set'
FGPGUQQWUFsh: 1: cannot create /sys/kernel/mva_test/regulators/buck4_set: Permission denied
FGPGUQQWUF 2
root@arm:~# echo 'UUHG''NWUFCF'
UUHGNWUFCF
root@arm:~# MARKER='TESW''EMTHVW' run 'i2cget -y -f 2 0x30 0x59'
TESWEMTHVW0x00
TESWEMTHVW 0
root@arm:~# echo 'JZCY''TTVUAE'
JZCYTTVUAE
root@arm:~# MARKER='PUNU''ESWVKQ' run 'grep -r -l rohm,bd9576 /proc/device-tree || sed '"'"'s![^/]*$!!'"'"''
PUNUESWVKQ/proc/device-tree/ocp/interconnect@48000000/segment@100000/target-module@9c000/i2c@0/pmic@30/
PUNUESWVKQ 0
root@arm:~# echo 'GYYC''ESBUPG'
GYYCESBUPG
root@arm:~# MARKER='JKFL''JTMJJA' run 'test -f /proc/device-tree/ocp/interconnectt\@48000000/segment\@100000/target-module\@9c000/i2c\@0/pmic\@30/regulators/regu lator-voutl1/rohm,no-regulator-enable-control ;echo $?'
JKFLJTMJJA1
JKFLJTMJJA 0
root@arm:~# echo 'WABX''VAXPCX'
WABXVAXPCX
root@arm:~# MARKER='AXEZ''HVAPEV' run 'i2cget -y -f 2 0x30 0x45'
AXEZHVAPEV0x36
AXEZHVAPEV 0
root@arm:~# echo 'SEYN''HYLNHG'
SEYNHYLNHG
root@arm:~# MARKER='HZPF''VGJHOX' run 'echo 2500000 2500000 > /sys/kernel/mva_tesst/regulators/buck5_set'
HZPFVGJHOXsh: 1: cannot create /sys/kernel/mva_test/regulators/buck5_set: Permission denied
HZPFVGJHOX 2
root@arm:~# echo 'PTET''EBYCKY'
PTETEBYCKY
root@arm:~# MARKER='CZLO''GFBJPB' run 'i2cget -y -f 2 0x30 0x5c'
CZLOGFBJPB0x00
CZLOGFBJPB 0
root@arm:~# echo 'YMKN''LWOOEN'
YMKNLWOOEN
root@arm:~# MARKER='NGQP''JPCVBZ' run 'echo 2490000 2490000 > /sys/kernel/mva_tesst/regulators/buck5_set'
NGQPJPCVBZsh: 1: cannot create /sys/kernel/mva_test/regulators/buck5_set: Permission denied
NGQPJPCVBZ 2
root@arm:~# echo 'BBKU''OVHGOO'
BBKUOVHGOO
root@arm:~# MARKER='QQPH''QWWZJE' run 'i2cget -y -f 2 0x30 0x5c'
QQPHQWWZJE0x00
QQPHQWWZJE 0
root@arm:~# echo 'XYNS''PGTJCF'
XYNSPGTJCF
root@arm:~# MARKER='STBK''PFZVLO' run 'echo 2780000 2780000 > /sys/kernel/mva_tesst/regulators/buck5_set'
STBKPFZVLOsh: 1: cannot create /sys/kernel/mva_test/regulators/buck5_set: Permission denied
STBKPFZVLO 2
root@arm:~# echo 'HOAV''NGHTMM'
HOAVNGHTMM
root@arm:~# MARKER='MMQP''BZXSYK' run 'i2cget -y -f 2 0x30 0x5c'
MMQPBZXSYK0x00
MMQPBZXSYK 0
root@arm:~# echo 'EFTB''BBPYNN'
EFTBBBPYNN
root@arm:~# MARKER='KCJQ''PMGVWS' run 'echo 2790000 2790000 > /sys/kernel/mva_tesst/regulators/buck5_set'
KCJQPMGVWSsh: 1: cannot create /sys/kernel/mva_test/regulators/buck5_set: Permission denied
KCJQPMGVWS 2
root@arm:~# echo 'VCNH''BBSUWM'
VCNHBBSUWM
root@arm:~# MARKER='TWHX''SAZTYB' run 'i2cget -y -f 2 0x30 0x5c'
TWHXSAZTYB0x00
TWHXSAZTYB 0
root@arm:~# echo 'VYUK''JHBPXY'
VYUKJHBPXY
root@arm:~# MARKER='GPSN''PMCPAW' run 'grep -r -l rohm,bd9576 /proc/device-tree || sed '"'"'s![^/]*$!!'"'"''
GPSNPMCPAW/proc/device-tree/ocp/interconnect@48000000/segment@100000/target-module@9c000/i2c@0/pmic@30/
GPSNPMCPAW 0
root@arm:~# echo 'MYEN''WNSMMK'
MYENWNSMMK
root@arm:~# MARKER='PSOZ''FHFABH' run 'test -f /proc/device-tree/ocp/interconnectt\@48000000/segment\@100000/target-module\@9c000/i2c\@0/pmic\@30/regulators/regu lator-vouts1/rohm,no-regulator-enable-control ;echo $?'
PSOZFHFABH1
PSOZFHFABH 0
root@arm:~# echo 'WFXJ''MEAONE'
WFXJMEAONE
root@arm:~# MARKER='ABAZ''GOJYLU' run 'i2cget -y -f 2 0x30 0x46'
ABAZGOJYLU0x52
ABAZGOJYLU 0
root@arm:~# Labgrid Console Logfile for main
Logfile started at 2024-11-17 16:32:09.416536
=== Log starts here ===

root@arm:~# run() { echo -n "$MARKER"; sh -c "$@"; echo "$MARKER $?"; }
root@arm:~# echo 'LTYV''GHFXYN'
LTYVGHFXYN
root@arm:~# MARKER='LCUF''BXFTLZ' run 'grep -r -l rohm,bd9576 /proc/device-tree || sed '"'"'s![^/]*$!!'"'"''
LCUFBXFTLZ/proc/device-tree/ocp/interconnect@48000000/segment@100000/target-module@9c000/i2c@0/pmic@30/
LCUFBXFTLZ 0
root@arm:~# echo 'QNTC''APAXUO'
QNTCAPAXUO
root@arm:~# MARKER='HCFW''EGSAQW' run 'xxd -p /proc/device-tree/ocp/interconnect\\@48000000/segment\@100000/target-module\@9c000/i2c\@0/pmic\@30/regulators/regulaator-vd50/regulator-ov-error-microvolt'
HCFWEGSAQW00057e40
HCFWEGSAQW 0
root@arm:~# echo 'EAHF''GPKEVJ'
EAHFGPKEVJ
root@arm:~# MARKER='FPMS''CXUSCH' run 'i2cget -y -f 2 0x30 0x51'
FPMSCXUSCH0x47
FPMSCXUSCH 0
root@arm:~# echo 'AWET''WNWEQW'
AWETWNWEQW
root@arm:~# MARKER='NSXE''KPHJOV' run 'grep -r -l rohm,bd9576 /proc/device-tree || sed '"'"'s![^/]*$!!'"'"''
NSXEKPHJOV/proc/device-tree/ocp/interconnect@48000000/segment@100000/target-module@9c000/i2c@0/pmic@30/
NSXEKPHJOV 0
root@arm:~# echo 'PPHS''BHMGZS'
PPHSBHMGZS
root@arm:~# MARKER='AOAP''BHUEQL' run 'xxd -p /proc/device-tree/ocp/interconnect\\@48000000/segment\@100000/target-module\@9c000/i2c\@0/pmic\@30/regulators/regulaator-vd50/regulator-uv-error-microvolt'
AOAPBHUEQL00057e40
AOAPBHUEQL 0
root@arm:~# echo 'PCGU''ATYWHN'
PCGUATYWHN
root@arm:~# MARKER='HYKL''AVYZLF' run 'i2cget -y -f 2 0x30 0x52'
HYKLAVYZLF0x47
HYKLAVYZLF 0
root@arm:~# echo 'FXPU''HQGGYC'
FXPUHQGGYC
root@arm:~# MARKER='WXGB''GGLHPZ' run 'grep -r -l rohm,bd9576 /proc/device-tree || sed '"'"'s![^/]*$!!'"'"''
WXGBGGLHPZ/proc/device-tree/ocp/interconnect@48000000/segment@100000/target-module@9c000/i2c@0/pmic@30/
WXGBGGLHPZ 0
root@arm:~# echo 'ONUA''GQFNVN'
ONUAGQFNVN
root@arm:~# MARKER='MZPY''AMQLYA' run 'xxd -p /proc/device-tree/ocp/interconnect\\@48000000/segment\@100000/target-module\@9c000/i2c\@0/pmic\@30/regulators/regulaator-vd18/regulator-ov-error-microvolt'
MZPYAMQLYA00004650
MZPYAMQLYA 0
root@arm:~# echo 'ANBZ''KOZHQP'
ANBZKOZHQP
root@arm:~# MARKER='XEUM''CNVOWT' run 'i2cget -y -f 2 0x30 0x54'
XEUMCNVOWT0x11
XEUMCNVOWT 0
root@arm:~# echo 'MSVN''FGWPCZ'
MSVNFGWPCZ
root@arm:~# MARKER='CFPB''XPHXCZ' run 'grep -r -l rohm,bd9576 /proc/device-tree || sed '"'"'s![^/]*$!!'"'"''
CFPBXPHXCZ/proc/device-tree/ocp/interconnect@48000000/segment@100000/target-module@9c000/i2c@0/pmic@30/
CFPBXPHXCZ 0
root@arm:~# echo 'GLTN''XBZWYZ'
GLTNXBZWYZ
root@arm:~# MARKER='PBSK''HLGMMA' run 'xxd -p /proc/device-tree/ocp/interconnect\\@48000000/segment\@100000/target-module\@9c000/i2c\@0/pmic\@30/regulators/regulaator-vd18/regulator-uv-error-microvolt'
PBSKHLGMMA0001a9c8
PBSKHLGMMA 0
root@arm:~# echo 'SENL''BHALCT'
SENLBHALCT
root@arm:~# MARKER='CNWU''HESNFT' run 'i2cget -y -f 2 0x30 0x55'
CNWUHESNFT0x6c
CNWUHESNFT 0
root@arm:~# echo 'JFAM''NYFYMJ'
JFAMNYFYMJ
root@arm:~# MARKER='QBHL''PBESJS' run 'grep -r -l rohm,bd9576 /proc/device-tree || sed '"'"'s![^/]*$!!'"'"''
QBHLPBESJS/proc/device-tree/ocp/interconnect@48000000/segment@100000/target-module@9c000/i2c@0/pmic@30/
QBHLPBESJS 0
root@arm:~# echo 'NTHM''XZQSSS'
NTHMXZQSSS
root@arm:~# MARKER='ETBC''HPZNBU' run 'xxd -p /proc/device-tree/ocp/interconnect\\@48000000/segment\@100000/target-module\@9c000/i2c\@0/pmic\@30/regulators/regulaator-vdddr/regulator-ov-warn-microvolt'
ETBCHPZNBU0001adb0
ETBCHPZNBU 0
root@arm:~# echo 'BGVZ''ZZGCZU'
BGVZZZGCZU
root@arm:~# MARKER='MQAS''VSBVJT' run 'i2cget -y -f 2 0x30 0x57'
MQASVSBVJT0x6d
MQASVSBVJT 0
root@arm:~# echo 'YQZE''NQWEAL'
YQZENQWEAL
root@arm:~# MARKER='LYYX''QYSGLB' run 'grep -r -l rohm,bd9576 /proc/device-tree || sed '"'"'s![^/]*$!!'"'"''
LYYXQYSGLB/proc/device-tree/ocp/interconnect@48000000/segment@100000/target-module@9c000/i2c@0/pmic@30/
LYYXQYSGLB 0
root@arm:~# echo 'KSLB''MGFULC'
KSLBMGFULC
root@arm:~# MARKER='MNCW''FEFVTA' run 'xxd -p /proc/device-tree/ocp/interconnect\\@48000000/segment\@100000/target-module\@9c000/i2c\@0/pmic\@30/regulators/regulaator-vdddr/regulator-uv-warn-microvolt'
MNCWFEFVTA0001adb0
MNCWFEFVTA 0
root@arm:~# echo 'VXTK''FFXCHM'
VXTKFFXCHM
root@arm:~# MARKER='JGSM''BJGBXO' run 'i2cget -y -f 2 0x30 0x58'
JGSMBJGBXO0x6d
JGSMBJGBXO 0
root@arm:~# echo 'GPAL''BAKQHO'
GPALBAKQHO
root@arm:~# MARKER='TQPX''WNEKYM' run 'grep -r -l rohm,bd9576 /proc/device-tree || sed '"'"'s![^/]*$!!'"'"''
TQPXWNEKYM/proc/device-tree/ocp/interconnect@48000000/segment@100000/target-module@9c000/i2c@0/pmic@30/
TQPXWNEKYM 0
root@arm:~# echo 'ECEL''ZMUPCH'
ECELZMUPCH
root@arm:~# MARKER='FLWE''JHSZNQ' run 'xxd -p /proc/device-tree/ocp/interconnect\\@48000000/segment\@100000/target-module\@9c000/i2c\@0/pmic\@30/regulators/regulaator-vd10/regulator-ov-error-microvolt'
FLWEJHSZNQ00006590
FLWEJHSZNQ 0
root@arm:~# echo 'KVWO''HNBNOP'
KVWOHNBNOP
root@arm:~# MARKER='MQSK''CGBYPE' run 'i2cget -y -f 2 0x30 0x5a'
MQSKCGBYPE0x19
MQSKCGBYPE 0
root@arm:~# echo 'YZPV''MFSQNC'
YZPVMFSQNC
root@arm:~# MARKER='VFSV''GCSJMV' run 'grep -r -l rohm,bd9576 /proc/device-tree || sed '"'"'s![^/]*$!!'"'"''
VFSVGCSJMV/proc/device-tree/ocp/interconnect@48000000/segment@100000/target-module@9c000/i2c@0/pmic@30/
VFSVGCSJMV 0
root@arm:~# echo 'UHHM''ZWQCWM'
UHHMZWQCWM
root@arm:~# MARKER='EEQL''OEJGSN' run 'xxd -p /proc/device-tree/ocp/interconnect\\@48000000/segment\@100000/target-module\@9c000/i2c\@0/pmic\@30/regulators/regulaator-vd10/regulator-uv-error-microvolt'
EEQLOEJGSN00006590
EEQLOEJGSN 0
root@arm:~# echo 'EBCQ''APVCVM'
EBCQAPVCVM
root@arm:~# MARKER='QFXQ''VHPOQP' run 'i2cget -y -f 2 0x30 0x5b'
QFXQVHPOQP0x19
QFXQVHPOQP 0
root@arm:~# echo 'AZJX''SLPSFK'
AZJXSLPSFK
root@arm:~# MARKER='WSFG''TVMQBK' run 'grep -r -l rohm,bd9576 /proc/device-tree || sed '"'"'s![^/]*$!!'"'"''
WSFGTVMQBK/proc/device-tree/ocp/interconnect@48000000/segment@100000/target-module@9c000/i2c@0/pmic@30/
WSFGTVMQBK 0
root@arm:~# echo 'NVOQ''USLKGW'
NVOQUSLKGW
root@arm:~# MARKER='MGHX''VFPXEH' run 'xxd -p /proc/device-tree/ocp/interconnect\\@48000000/segment\@100000/target-module\@9c000/i2c\@0/pmic\@30/regulators/regul ator-voutl1/regulator-ov-error-microvolt'
MGHXVFPXEH000084d0
MGHXVFPXEH 0
root@arm:~# echo 'UYEO''CNNGZQ'
UYEOCNNGZQ
root@arm:~# MARKER='JVXM''TBKUAL' run 'i2cget -y -f 2 0x30 0x5d'
JVXMTBKUAL0x01
JVXMTBKUAL 0
root@arm:~# echo 'AJCU''MXQJTT'
AJCUMXQJTT
root@arm:~# MARKER='SLXU''MVQOSM' run 'grep -r -l rohm,bd9576 /proc/device-tree || sed '"'"'s![^/]*$!!'"'"''
SLXUMVQOSM/proc/device-tree/ocp/interconnect@48000000/segment@100000/target-module@9c000/i2c@0/pmic@30/
SLXUMVQOSM 0
root@arm:~# echo 'HPGK''LJWHUS'
HPGKLJWHUS
root@arm:~# MARKER='UZWY''JOAKAZ' run 'xxd -p /proc/device-tree/ocp/interconnect\\@48000000/segment\@100000/target-module\@9c000/i2c\@0/pmic\@30/regulators/regulaator-voutl1/regulator-uv-error-microvolt'
UZWYJOAKAZ000084d0
UZWYJOAKAZ 0
root@arm:~# echo 'JYOF''EKPMNQ'
JYOFEKPMNQ
root@arm:~# MARKER='PQGZ''CEGGUS' run 'i2cget -y -f 2 0x30 0x5e'
PQGZCEGGUS0x01
PQGZCEGGUS 0
root@arm:~# echo 'TTXA''LPOUTB'
TTXALPOUTB
root@arm:~# MARKER='UBQO''WYJUYF' run 'grep -r -l rohm,bd9576 /proc/device-tree || sed '"'"'s![^/]*$!!'"'"''
UBQOWYJUYF/proc/device-tree/ocp/interconnect@48000000/segment@100000/target-module@9c000/i2c@0/pmic@30/
UBQOWYJUYF 0
root@arm:~# echo 'OXBM''UMQZMP'
OXBMUMQZMP
root@arm:~# MARKER='ZASY''HYZKKX' run 'xxd -p /proc/device-tree/ocp/interconnect\\@48000000/segment\@100000/target-module\@9c000/i2c\@0/pmic\@30/regulators/regulaator-vouts1/regulator-oc-warn-microamp'
ZASYHYZKKX00055730
ZASYHYZKKX 0
root@arm:~# echo 'GYKC''XGVTWJ'
GYKCXGVTWJ
root@arm:~# MARKER='EZCA''OSAZWP' run 'i2cget -y -f 2 0x30 0x5f'
EZCAOSAZWP0x07
EZCAOSAZWP 0
root@arm:~# echo 'YPUO''NQPEWM'
YPUONQPEWM
root@arm:~# MARKER='YLVM''QGVZQG' run 'grep -r -l rohm,bd9576 /proc/device-tree || sed '"'"'s![^/]*$!!'"'"''
YLVMQGVZQG/proc/device-tree/ocp/interconnect@48000000/segment@100000/target-module@9c000/i2c@0/pmic@30/
YLVMQGVZQG 0
root@arm:~# echo 'NWGZ''HEUVFQ'
NWGZHEUVFQ
root@arm:~# MARKER='WJHC''MVYCTU' run 'xxd -p /proc/device-tree/ocp/interconnect\\@48000000/segment\@100000/target-module\@9c000/i2c\@0/pmic\@30/regulators/regulaator-vouts1/regulator-oc-protection-microamp'
WJHCMVYCTU00149970
WJHCMVYCTU 0
root@arm:~# echo 'UNHO''UWWTMF'
UNHOUWWTMF
root@arm:~# MARKER='OZPJ''BWJTQJ' run 'i2cget -y -f 2 0x30 0x60'
OZPJBWJTQJ0x1b
OZPJBWJTQJ 0
root@arm:~# Labgrid Console Logfile for main
Logfile started at 2024-11-17 16:32:33.086306
=== Log starts here ===
reading args
spl_load_image_fat_os: error reading image args, err - -1
reading u-boot.img
reading u-boot.img


U-Boot 2014.04-00014-g47880f5 (Apr 22 2014 - 13:23:54)

I2C:   ready
DRAM:  512 MiB
NAND:  0 MiB
MMC:   OMAP SD/MMC: 0, OMAP SD/MMC: 1
*** Warning - readenv() failed, using default environment

Net:   <ethaddr> not set. Validating first E-fuse MAC
cpsw, usb_ether
Hit any key to stop autoboot:  1  0 
gpio: pin 53 (gpio 53) value is 1
mmc0 is current device
gpio: pin 54 (gpio 54) value is 1
SD/MMC found on device 0
reading uEnv.txt
569 bytes read in 4 ms (138.7 KiB/s)
gpio: pin 55 (gpio 55) value is 1
Loaded environment from uEnv.txt
Importing environment from mmc ...
Checking if uenvcmd is set ...
gpio: pin 56 (gpio 56) value is 1
Running uenvcmd ...
cpsw Waiting for PHY auto negotiation to complete. done
link up on port 0, speed 100, full duplex
Using cpsw device
TFTP from server 192.168.255.126; our IP address is 192.168.255.1
Filename 'zImage'.
Load address: 0x81000000
Loading: *T #################################################################
	 #################################################################
	 #################################################################
	 #################################################################
	 #################################################################
	 #####
	 683.6 KiB/s
done
Bytes transferred = 4836384 (49cc20 hex)
link up on port 0, speed 100, full duplex
Using cpsw device
TFTP from server 192.168.255.126; our IP address is 192.168.255.1
Filename 'am335x-boneblack.dtb'.
Load address: 0x82000000
Loading: *#######
	 2.2 MiB/s
done
Bytes transferred = 94748 (1721c hex)
Kernel image @ 0x81000000 [ 0x000000 - 0x49cc20 ]
## Flattened Device Tree blob at 82000000
   Booting using the fdt blob at 0x82000000
   Using Device Tree in place at 82000000, end 8201a21b

Starting kernel ...

[    0.000000] Booting Linux on physical CPU 0x0
[    0.000000] Linux version 5.15.173 (user01@drvtest01) (arm-linux-gnueabihf-gcc (Linaro GCC 6.4-2017.11) 6.4.1 20171012, GNU ld (Linaro_Binutils-2017.11) 2.27.0.20161229) #9 SMP Sun Nov 17 16:28:03 EET 2024
[    0.000000] CPU: ARMv7 Processor [413fc082] revision 2 (ARMv7), cr=10c5387d
[    0.000000] CPU: PIPT / VIPT nonaliasing data cache, VIPT aliasing instruction cache
[    0.000000] OF: fdt: Machine model: TI AM335x BeagleBone Black
[    0.000000] Memory policy: Data cache writeback
[    0.000000] cma: Reserved 16 MiB at 0x9e800000
[    0.000000] Zone ranges:
[    0.000000]   Normal   [mem 0x0000000080000000-0x000000009fdfffff]
[    0.000000]   HighMem  empty
[    0.000000] Movable zone start for each node
[    0.000000] Early memory node ranges
[    0.000000]   node   0: [mem 0x0000000080000000-0x000000009fdfffff]
[    0.000000] Initmem setup node 0 [mem 0x0000000080000000-0x000000009fdfffff]
[    0.000000] CPU: All CPU(s) started in SVC mode.
[    0.000000] AM335X ES2.1 (sgx neon)
[    0.000000] percpu: Embedded 16 pages/cpu s33804 r8192 d23540 u65536
[    0.000000] Built 1 zonelists, mobility grouping on.  Total pages: 129412
[    0.000000] Kernel command line: console=ttyO0,115200n8 root=/dev/nfs rw nfsroot=192.168.255.126:/home/user01/nfs,nfsvers=3 ip=192.168.255.1:192.168.255.126::255.255.255.0:bbb1:eth0 nfsrootdebug
[    0.000000] Unknown kernel command line parameters "nfsrootdebug", will be passed to user space.
[    0.000000] Dentry cache hash table entries: 65536 (order: 6, 262144 bytes, linear)
[    0.000000] Inode-cache hash table entries: 32768 (order: 5, 131072 bytes, linear)
[    0.000000] mem auto-init: stack:off, heap alloc:off, heap free:off
[    0.000000] Memory: 484752K/522240K available (10240K kernel code, 1079K rwdata, 2392K rodata, 1024K init, 246K bss, 21104K reserved, 16384K cma-reserved, 0K highmem)
[    0.000000] trace event string verifier disabled
[    0.000000] rcu: Hierarchical RCU implementation.
[    0.000000] rcu: 	RCU event tracing is enabled.
[    0.000000] rcu: 	RCU restricting CPUs from NR_CPUS=2 to nr_cpu_ids=1.
[    0.000000] rcu: RCU calculated value of scheduler-enlistment delay is 10 jiffies.
[    0.000000] rcu: Adjusting geometry for rcu_fanout_leaf=16, nr_cpu_ids=1
[    0.000000] NR_IRQS: 16, nr_irqs: 16, preallocated irqs: 16
[    0.000000] IRQ: Found an INTC at 0x(ptrval) (revision 5.0) with 128 interrupts
[    0.000000] TI gptimer clocksource: always-on /ocp/interconnect@44c00000/segment@200000/target-module@31000
[    0.000002] sched_clock: 32 bits at 24MHz, resolution 41ns, wraps every 89478484971ns
[    0.000028] clocksource: dmtimer: mask: 0xffffffff max_cycles: 0xffffffff, max_idle_ns: 79635851949 ns
[    0.000455] TI gptimer clockevent: 24000000 Hz at /ocp/interconnect@48000000/segment@0/target-module@40000
[    0.002325] Console: colour dummy device 80x30
[    0.002385] WARNING: Your 'console=ttyO0' has been replaced by 'ttyS0'
[    0.002396] This ensures that you still see kernel messages. Please
[    0.002405] update your kernel commandline.
[    0.002453] Calibrating delay loop... 996.14 BogoMIPS (lpj=4980736)
[    0.090572] CPU: Testing write buffer coherency: ok
[    0.090662] CPU0: Spectre v2: using BPIALL workaround
[    0.090677] pid_max: default: 32768 minimum: 301
[    0.090837] LSM: Security Framework initializing
[    0.091031] Mount-cache hash table entries: 1024 (order: 0, 4096 bytes, linear)
[    0.091058] Mountpoint-cache hash table entries: 1024 (order: 0, 4096 bytes, linear)
[    0.092701] CPU0: thread -1, cpu 0, socket -1, mpidr 0
[    0.093779] Setting up static identity map for 0x80100000 - 0x80100078
[    0.094027] rcu: Hierarchical SRCU implementation.
[    0.095237] smp: Bringing up secondary CPUs ...
[    0.095269] smp: Brought up 1 node, 1 CPU
[    0.095284] SMP: Total of 1 processors activated (996.14 BogoMIPS).
[    0.095297] CPU: All CPU(s) started in SVC mode.
[    0.096085] devtmpfs: initialized
[    0.110916] VFP support v0.3: implementor 41 architecture 3 part 30 variant c rev 3
[    0.111275] clocksource: jiffies: mask: 0xffffffff max_cycles: 0xffffffff, max_idle_ns: 19112604462750000 ns
[    0.111313] futex hash table entries: 256 (order: 2, 16384 bytes, linear)
[    0.112685] pinctrl core: initialized pinctrl subsystem
[    0.114715] NET: Registered PF_NETLINK/PF_ROUTE protocol family
[    0.117564] DMA: preallocated 256 KiB pool for atomic coherent allocations
[    0.118160] audit: initializing netlink subsys (disabled)
[    0.119412] thermal_sys: Registered thermal governor 'fair_share'
[    0.119434] thermal_sys: Registered thermal governor 'step_wise'
[    0.119450] thermal_sys: Registered thermal governor 'user_space'
[    0.119815] cpuidle: using governor menu
[    0.136476] No ATAGs?
[    0.136516] hw-breakpoint: debug architecture 0x4 unsupported.
[    0.144945] kprobes: kprobe jump-optimization is enabled. All kprobes are optimized if possible.
[    0.145300] audit: type=2000 audit(0.110:1): state=initialized audit_enabled=0 res=1
[    0.151765] iommu: Default domain type: Translated 
[    0.151789] iommu: DMA domain TLB invalidation policy: strict mode 
[    0.153107] vgaarb: loaded
[    0.153643] SCSI subsystem initialized
[    0.154396] pps_core: LinuxPPS API ver. 1 registered
[    0.154414] pps_core: Software ver. 5.3.6 - Copyright 2005-2007 Rodolfo Giometti <giometti@linux.it>
[    0.154449] PTP clock support registered
[    0.155871] clocksource: Switched to clocksource dmtimer
[    0.201461] VFS: Disk quotas dquot_6.6.0
[    0.201594] VFS: Dquot-cache hash table entries: 1024 (order 0, 4096 bytes)
[    0.272167] NET: Registered PF_INET protocol family
[    0.272518] IP idents hash table entries: 8192 (order: 4, 65536 bytes, linear)
[    0.273538] tcp_listen_portaddr_hash hash table entries: 512 (order: 0, 4096 bytes, linear)
[    0.273597] Table-perturb hash table entries: 65536 (order: 6, 262144 bytes, linear)
[    0.273625] TCP established hash table entries: 4096 (order: 2, 16384 bytes, linear)
[    0.273673] TCP bind hash table entries: 4096 (order: 3, 32768 bytes, linear)
[    0.273737] TCP: Hash tables configured (established 4096 bind 4096)
[    0.273864] UDP hash table entries: 256 (order: 1, 8192 bytes, linear)
[    0.273895] UDP-Lite hash table entries: 256 (order: 1, 8192 bytes, linear)
[    0.274091] NET: Registered PF_UNIX/PF_LOCAL protocol family
[    0.275218] RPC: Registered named UNIX socket transport module.
[    0.275251] RPC: Registered udp transport module.
[    0.275260] RPC: Registered tcp transport module.
[    0.275269] RPC: Registered tcp NFSv4.1 backchannel transport module.
[    0.275292] PCI: CLS 0 bytes, default 64
[    0.276892] Initialise system trusted keyrings
[    0.277826] workingset: timestamp_bits=14 max_order=17 bucket_order=3
[    0.286542] NFS: Registering the id_resolver key type
[    0.286673] Key type id_resolver registered
[    0.286688] Key type id_legacy registered
[    0.286744] jffs2: version 2.2. (NAND) (SUMMARY)  Â© 2001-2006 Red Hat, Inc.
[    0.287159] Key type asymmetric registered
[    0.287185] Asymmetric key parser 'x509' registered
[    0.287257] io scheduler mq-deadline registered
[    0.287273] io scheduler kyber registered
[    0.290975] Serial: 8250/16550 driver, 6 ports, IRQ sharing enabled
[    0.321751] brd: module loaded
[    0.347257] loop: module loaded
[    0.348196] mtdoops: mtd device (mtddev=name/number) must be supplied
[    0.350554] i2c_dev: i2c /dev entries driver
[    0.351453] cpuidle: enable-method property 'ti,am3352' found operations
[    0.351863] sdhci: Secure Digital Host Controller Interface driver
[    0.351881] sdhci: Copyright(c) Pierre Ossman
[    0.352052] sdhci-pltfm: SDHCI platform and OF driver helper
[    0.352287] ledtrig-cpu: registered to indicate activity on CPUs
[    0.352847] Initializing XFRM netlink socket
[    0.353074] NET: Registered PF_INET6 protocol family
[    0.368144] Segment Routing with IPv6
[    0.368246] In-situ OAM (IOAM) with IPv6
[    0.368347] sit: IPv6, IPv4 and MPLS over IPv4 tunneling driver
[    0.369189] NET: Registered PF_PACKET protocol family
[    0.369240] NET: Registered PF_KEY protocol family
[    0.369366] Key type dns_resolver registered
[    0.369506] ThumbEE CPU extension supported.
[    0.369528] Registering SWP/SWPB emulation handler
[    0.370045] omap_voltage_late_init: Voltage driver support not added
[    0.370404] SmartReflex Class3 initialized
[    0.371207] Loading compiled-in X.509 certificates
[    0.403980] pinctrl-single 44e10800.pinmux: 142 pins, size 568
[    0.408469] ti-sysc: probe of 44e31000.target-module failed with error -16
[    0.443381] ti-sysc: probe of 48040000.target-module failed with error -16
[    0.488194] OMAP GPIO hardware version 0.1
[    0.513280] omap_i2c 4819c000.i2c: bus 2 rev0.11 at 100 kHz
[    0.555424] sdhci-omap 481d8000.mmc: supply vqmmc not found, using dummy regulator
[    0.606856] davinci_mdio 4a101000.mdio: davinci mdio revision 1.6, bus freq 1000000
[    0.678845] davinci_mdio 4a101000.mdio: phy[0]: device 4a101000.mdio:00, driver SMSC LAN8710/LAN8720
[    0.679344] cpsw-switch 4a100000.switch: initialized cpsw ale version 1.4
[    0.679373] cpsw-switch 4a100000.switch: ALE Table size 1024
[    0.679490] cpsw-switch 4a100000.switch: cpts: overflow check period 500 (jiffies)
[    0.679510] cpsw-switch 4a100000.switch: CPTS: ref_clk_freq:250000000 calc_mult:2147483648 calc_shift:29 error:0 nsec/sec
[    0.679610] cpsw-switch 4a100000.switch: Detected MACID = 6c:ec:eb:68:de:78
[    0.681200] cpsw-switch 4a100000.switch: initialized (regs 0x4a100000, pool size 256) hw_ver:0019010C 1.12 (0)
[    0.690646] debugfs: Directory '49000000.dma' with parent 'dmaengine' already present!
[    0.690704] edma 49000000.dma: TI EDMA DMA engine driver
[    0.743062] hw perfevents: enabled with armv7_cortex_a8 PMU driver, 5 counters available
[    0.749973] l3-aon-clkctrl:0000:0: failed to disable
[    0.752049] 44e09000.serial: ttyS0 at MMIO 0x44e09000 (irq = 18, base_baud = 3000000) is a 8250
[    1.918660] printk: console [ttyS0] enabled
[    1.956664] tps65217-pmic: Failed to locate of_node [id: -1]
[    1.972066] tps65217-bl: Failed to locate of_node [id: -1]
[    1.980622] tps65217 0-0024: TPS65217 ID 0xe version 1.2
[    1.986591] i2c 0-0070: Fixing up cyclic dependency with 4830e000.lcdc
[    1.993459] omap_i2c 44e0b000.i2c: bus 0 rev0.11 at 400 kHz
[    2.000939] omap_gpio 44e07000.gpio: Could not set line 6 debounce to 200000 microseconds (-22)
[    2.009785] sdhci-omap 48060000.mmc: Got CD GPIO
[    2.014749] sdhci-omap 48060000.mmc: supply vqmmc not found, using dummy regulator
[    2.027002] sdhci-omap 481d8000.mmc: supply vqmmc not found, using dummy regulator
[    2.0 62028] mmc1: SDHCI controller on 481d8000.mmc [481d8000.mmc] u sing External DMA
[    2.070339] mmc0: SDHCI controller on 48 060000.mmc [48060000.mmc] using External DMA
[    2.078988] c psw-switch 4a100000.switch: starting ndev. mode: dual_mac
[     2.1235
[    5.286593] cpsw-switch 4a100000.switch eth0: Link is Up - 100Mbps/Full - flow control off
[    5.295938] IPv6: ADDRCONF(NETDEV_CHANGE): eth0: link becomes ready
[    5.325879] IP-Config: Complete:
[    5.329141]      device=eth0, hwaddr=6c:ec:eb:68:de:78, ipaddr=192.168.255.1, mask=255.255.255.0, gw=255.255.255.255
[    5.339758]      host=bbb1, domain=, nis-domain=(none)
[    5.344921]      bootserver=192.168.255.126, rootserver=192.168.255.126, rootpath=
[    5.345299] clk: Disabling unused clocks
[    5.357176] TAP version 14
[    5.359902] 1..0
[    5.383414] VFS: Mounted root (nfs filesystem) on device 0:16.
[    5.390331] devtmpfs: mounted
[    5.394622] Freeing unused kernel image (initmem) memory: 1024K
[    5.401274] Run /sbin/init as init process
[    6.084428] systemd[1]: System time before build time, advancing clock.
[    6.278366] random: systemd: uninitialized urandom read (16 bytes read)
[    6.290191] random: systemd: uninitialized urandom read (16 bytes read)
[    6.300704] systemd[1]: systemd 232 running in system mode. (+PAM +AUDIT +SELINUX +IMA +APPARMOR +SMACK +SYSVINIT +UTMP +LIBCRYPTSETUP +GCRYPT +GNUTLS +ACL +XZ +LZ4 +SECCOMP +BLKID +ELFUTILS +KMOD +IDN)
[    6.319874] systemd[1]: Detected architecture arm.

Welcome to [1mDebian GNU/Linux 9 (stretch)[0m!

[    6.358685] systemd[1]: Set hostname to <arm>.
[    6.733059] random: systemd-cryptse: uninitialized urandom read (16 bytes read)
[    7.311137] random: systemd: uninitialized urandom read (16 bytes read)
[    7.318430] random: systemd: uninitialized urandom read (16 bytes read)
[    7.325528] random: systemd: uninitialized urandom read (16 bytes read)
[    7.337900] systemd[1]: Reached target Remote File Systems.
[[0;32m  OK  [0m] Reached target Remote File Systems.
[    7.377440] systemd[1]: Created slice User and Session Slice.
[[0;32m  OK  [0m] Created slice User and Session Slice.
[    7.417071] systemd[1]: Created slice System Slice.
[[0;32m  OK  [0m] Created slice System Slice.
[    7.457733] systemd[1]: Listening on /dev/initctl Compatibility Named Pipe.
[[0;32m  OK  [0m] Listening on /dev/initctl Compatibility Named Pipe.
[    7.497690] systemd[1]: Listening on Journal Socket (/dev/log).
[[0;32m  OK  [0m] Listening on Journal Socket (/dev/log).
[    7.536704] systemd[1]: Started Forward Password Requests to Wall Directory Watch.
[[0;32m  OK  [0m] Started Forward Password Requests to Wall Directory Watch.
[    7.580641] systemd[1]: Mounting POSIX Message Queue File System...
         Mounting POSIX Message Queue File System...
[[0;32m  OK  [0m] Listening on Syslog Socket.
[[0;32m  OK  [0m] Created slice system-serial\x2dgetty.slice.
[[0;32m  OK  [0m] Listening on Journal Audit Socket.
[[0;32m  OK  [0m] Created slice system-getty.slice.
[[0;32m  OK  [0m] Listening on udev Kernel Socket.
[[0;32m  OK  [0m] Started Dispatch Password Requests to Console Directory Watch.
[[0;32m  OK  [0m] Reached target Paths.
[[0;32m  OK  [0m] Reached target Encrypted Volumes.
         Mounting Debug File System...
[[0;32m  OK  [0m] Reached target Slices.
[[0;32m  OK  [0m] Listening on udev Control Socket.
[[0;32m  OK  [0m] Reached target Swap.
[[0;32m  OK  [0m] Set up automount Arbitrary Executabâ€¦rmats File System Automount Point.
[[0;32m  OK  [0m] Listening on Journal Socket.
         Starting Journal Service...
         Starting Load Kernel Modules...
         Starting Create list of required stâ€¦ce nodes for the current kernel...
         Starting Remount Root and Kernel File Systems...
[[0;32m  OK  [0m] Mounted POSIX Message Queue File System.
[[0;32m  OK  [0m] Mounted Debug File System.
[[0;32m  OK  [0m] Started Create list of required staâ€¦vice nodes for the current kernel.
         Starting Create Static Device Nodes in /dev...
[[0;32m  OK  [0m] Started Load Kernel Modules.
         Starting Apply Kernel Variables...
[    8.352559] random: systemd: uninitialized urandom read (16 bytes read)
[    8.381751] random: systemd-journal: uninitialized urandom read (16 bytes read)
         Mounting Configuration File System...
[[0;32m  OK  [0m] Started Remount Root and Kernel File Systems.
[    8.468129] random: systemd-journal: uninitialized urandom read (16 bytes read)
         Starting Load/Save Random Seed...
         Starting udev Coldplug all Devices...
[[0;32m  OK  [0m] Mounted Configuration File System.
[[0;32m  OK  [0m] Started Apply Kernel Variables.
[[0;32m  OK  [0m] Started Load/Save Random Seed.
[[0;32m  OK  [0m] Started Create Static Device Nodes in /dev.
         Starting udev Kernel Device Manager...
[[0;32m  OK  [0m] Reached target Local File Systems (Pre).
[[0;32m  OK  [0m] Reached target Local File Systems.
         Starting Raise network interfaces...
[    9.380363] random: systemd-journal: uninitialized urandom read (16 bytes read)
[[0;32m  OK  [0m] Started Journal Service.
         Starting Flush Journal to Persistent Storage...
[    9.870007] systemd-journald[92]: Received request to flush runtime journal from PID 1
[[0;32m  OK  [0m] Started udev Kernel Device Manager.
[[0;32m  OK  [0m] Started Flush Journal to Persistent Storage.
         Starting Create Volatile Files and Directories...
[[0;32m  OK  [0m] Started Create Volatile Files and Directories.
         Starting Update UTMP about System Boot/Shutdown...
         Starting Network Time Synchronization...
[[0;32m  OK  [0m] Started Update UTMP about System Boot/Shutdown.
[   11.966043] random: crng init done
[   11.969503] random: 456 urandom warning(s) missed due to ratelimiting
[[0;32m  OK  [0m] Started Network Time Synchronization.
[[0;32m  OK  [0m] Reached target System Time Synchronized.
[[0;32m  OK  [0m] Started udev Coldplug all Devices.
[[0;32m  OK  [0m] Reached target System Initialization.
[[0;32m  OK  [0m] Listening on Avahi mDNS/DNS-SD Stack Activation Socket.
[   12.577542] remoteproc remoteproc0: wkup_m3 is available
[[0;32m  OK  [0m] Started Daily apt download activities.
[[0;32m  OK  [0m] Started Daily Cleanup of Temporary Directories.
[[0;32m  OK  [0m] Started Daily apt upgrade and clean activities.
[[0;32m  OK  [0m] Reached target Timers.
[[0;32m  OK  [0m] Listening on D-Bus System Message Bus Socket.
[[0;32m  OK  [0m] Reached target Sockets.
[[0;32m  OK  [0m] Reached target Basic System.
[   12.830441] at24 2-0054: supply vcc not found, using dummy regulator
         Starting LSB: Load kernel modules needed to enable cpufreq scaling...
[[0;32m  OK  [0m] Started Regular background program processin[   12.993891] at24 2-0055: supply vcc not found, using dummy regulator
g daemon.
         Starting System Logging Service...
[   13.205470] at24 2-0056: supply vcc not found, using dummy regulator
         Starting LSB: Start busybox udhcpd at boot time...
         Starting Generic Board Startup...
[   13.336734] at24 2-0057: supply vcc not found, using dummy regulator
         Starting DUN service...
[   13.413310] at24 0-0050: supply vcc not found, using dummy regulator
         Starting Telephony service...
[   13.465515] tps6521x_pwrbutton tps65217-pwrbutton: DMA mask not set
[   13.556784] omap_rtc 44e3e000.rtc: registered as rtc0
[   13.561948] omap_rtc 44e3e000.rtc: setting system clock to 2000-01-01T00:00:00 UTC (946684800)
[   13.589823] at24 0-0050: 32768 byte 24c256 EEPROM, writable, 1 bytes/write
[   13.631649] input: tps65217_pwrbutton as /devices/platform/ocp/44c00000.interconnect/44c00000.interconnect:segment@200000/44e0b000.target-module/44e0b000.i2c/i2c-0/0-0024/tps65217-pwrbutton/input/input0
[   13.701375] omap_wdt: OMAP Watchdog Timer Rev 0x01: initial timeout 60 sec
         Starting Avahi mDNS/DNS-SD Stack...
         Starting Login Service...
[[0;32m  OK  [0m] Started D-Bus System Message Bus.
[   13.949662] am335x-phy-driver 47401300.usb-phy: supply vcc not found, using dummy regulator
[   14.152394] usbcore: registered new interface driver usbfs
[   14.158148] usbcore: registered new interface driver hub
[   14.163579] usbcore: registered new device driver usb
[   15.000936] am335x-phy-driver 47401b00.usb-phy: supply vcc not found, using dummy regulator
[   15.391266] musb-hdrc musb-hdrc.1: MUSB HDRC host driver
[   15.396812] musb-hdrc musb-hdrc.1: new USB bus registered, assigned bus number 1
[   15.474778] omap-mailbox 480c8000.mailbox: omap mailbox rev 0x400
[   15.497888] tda998x 0-0070: found TDA19988
[   15.779375] usb usb1: New USB device found, idVendor=1d6b, idProduct=0002, bcdDevice= 5.15
[   15.787904] usb usb1: New USB device strings: Mfr=3, Product=2, SerialNumber=1
[   15.795181] usb usb1: Product: MUSB HDRC host driver
[   15.800217] usb usb1: Manufacturer: Linux 5.15.173 musb-hcd
[   15.805818] usb usb1: SerialNumber: musb-hdrc.1
[   16.358966] hub 1-0:1.0: USB hub found
[   16.438234] hub 1-0:1.0: 1 port detected
[   16.571099] remoteproc remoteproc0: powering up wkup_m3
[   16.674303] remoteproc remoteproc0: Direct firmware load for am335x-pm-firmware.elf failed with error -2
[   16.684081] remoteproc remoteproc0: request_firmware failed: -2
[   16.690116] wkup_m3_ipc 44e11324.wkup_m3_ipc: rproc_boot failed
[   17.003601] omap_rng 48310000.rng: Random Number Generator ver. 20
[   17.086531] tilcdc 4830e000.lcdc: bound 0-0070 (ops tda998x_driver_exit [tda998x])
[   17.209280] [drm] Initialized tilcdc 1.0.0 20121205 for 4830e000.lcdc on minor 0
[   17.388157] tilcdc 4830e000.lcdc: [drm] Cannot find any crtc or sizes
[   17.402331] tilcdc 4830e000.lcdc: [drm] Cannot find any crtc or sizes
[[0;32m  OK  [0m] Started DUN service.
[[0;32m  OK  [0m] Started Telephony service.
[[0;32m  OK  [0m] Started Avahi mDNS/DNS-SD Stack.
         Starting Connection service...
         Starting Cape Manager Service...
[[0;32m  OK  [0m] Started System Logging Service.
[   18.250099] omap-sham 53100000.sham: hw accel on OMAP rev 4.3
[   18.424507] omap-sham 53100000.sham: will run requests pump with realtime priority
[   18.493387] PM: Cannot get wkup_m3_ipc handle
[   18.686881] PM: Cannot get wkup_m3_ipc handle
[   18.713705] omap-aes 53500000.aes: OMAP AES hw accel rev: 3.2
[   18.821391] Bluetooth: Core ver 2.22
[   18.825206] NET: Registered PF_BLUETOOTH protocol family
[   18.830689] Bluetooth: HCI device and connection manager initialized
[   18.837126] Bluetooth: HCI socket layer initialized
[   18.842035] Bluetooth: L2CAP socket layer initialized
[   18.847169] Bluetooth: SCO socket layer initialized
[   18.869968] omap-aes 53500000.aes: will run requests pump with realtime priority
[[0;32m  OK  [0m] Found device /dev/ttyS0.
[   19.091856] PM: Cannot get wkup_m3_ipc handle
[[0;32m  OK  [0m] Started Cape Manager Service.
