Labgrid Console Logfile for main
Logfile started at 2024-11-18 00:53:03.908040
=== Log starts here ===
reading args
spl_load_image_fat_os: error reading image args, err - -1
reading u-boot.img
reading u-boot.img


U-Boot 2014.04-00014-g47880f5 (Apr 22 2014 - 13:23:54)

I2C:   ready
DRAM:  512 MiB
NAND:  0 MiB
MMC:   OMAP SD/MMC: 0, OMAP SD/MMC: 1
*** Warning - readenv() failed, using default environment

Net:   <ethaddr> not set. Validating first E-fuse MAC
cpsw, usb_ether
Hit any key to stop autoboot:  1  0 
gpio: pin 53 (gpio 53) value is 1
mmc0 is current device
gpio: pin 54 (gpio 54) value is 1
SD/MMC found on device 0
reading uEnv.txt
569 bytes read in 4 ms (138.7 KiB/s)
gpio: pin 55 (gpio 55) value is 1
Loaded environment from uEnv.txt
Importing environment from mmc ...
Checking if uenvcmd is set ...
gpio: pin 56 (gpio 56) value is 1
Running uenvcmd ...
cpsw Waiting for PHY auto negotiation to complete. done
link up on port 0, speed 100, full duplex
Using cpsw device
TFTP from server 192.168.255.126; our IP address is 192.168.255.1
Filename 'zImage'.
Load address: 0x81000000
Loading: *#################################################################
	 #################################################################
	 #################################################################
	 #################################################################
	 #################################################################
	 ##################################################
	 2.4 MiB/s
done
Bytes transferred = 5490456 (53c718 hex)
link up on port 0, speed 100, full duplex
Using cpsw device
TFTP from server 192.168.255.126; our IP address is 192.168.255.1
Filename 'am335x-boneblack.dtb'.
Load address: 0x82000000
Loading: *#######
	 2.3 MiB/s
done
Bytes transferred = 98336 (18020 hex)
Kernel image @ 0x81000000 [ 0x000000 - 0x53c718 ]
## Flattened Device Tree blob at 82000000
   Booting using the fdt blob at 0x82000000
   Using Device Tree in place at 82000000, end 8201b01f

Starting kernel ...

[    0.000000] Booting Linux on physical CPU 0x0
[    0.000000] Linux version 6.12.0 (user01@drvtest01) (arm-linux-gnueabihf-gcc (Linaro GCC 6.4-2017.11) 6.4.1 20171012, GNU ld (Linaro_Binutils-2017.11) 2.27.0.20161229) #78 SMP Mon Nov 18 00:51:03 EET 2024
[    0.000000] CPU: ARMv7 Processor [413fc082] revision 2 (ARMv7), cr=10c5387d
[    0.000000] CPU: PIPT / VIPT nonaliasing data cache, VIPT aliasing instruction cache
[    0.000000] OF: fdt: Machine model: TI AM335x BeagleBone Black
[    0.000000] Memory policy: Data cache writeback
[    0.000000] cma: Reserved 16 MiB at 0x9e800000 on node -1
[    0.000000] Zone ranges:
[    0.000000]   Normal   [mem 0x0000000080000000-0x000000009fdfffff]
[    0.000000]   HighMem  empty
[    0.000000] Movable zone start for each node
[    0.000000] Early memory node ranges
[    0.000000]   node   0: [mem 0x0000000080000000-0x000000009fdfffff]
[    0.000000] Initmem setup node 0 [mem 0x0000000080000000-0x000000009fdfffff]
[    0.000000] CPU: All CPU(s) started in SVC mode.
[    0.000000] AM335X ES2.1 (sgx neon)
[    0.000000] percpu: Embedded 17 pages/cpu s40268 r8192 d21172 u69632
[    0.000000] Kernel command line: console=ttyO0,115200n8 root=/dev/nfs rw nfsroot=192.168.255.126:/home/user01/nfs,nfsvers=3 ip=192.168.255.1:192.168.255.126::255.255.255.0:bbb1:eth0 nfsrootdebug
[    0.000000] Unknown kernel command line parameters "nfsrootdebug", will be passed to user space.
[    0.000000] Dentry cache hash table entries: 65536 (order: 6, 262144 bytes, linear)
[    0.000000] Inode-cache hash table entries: 32768 (order: 5, 131072 bytes, linear)
[    0.000000] Built 1 zonelists, mobility grouping on.  Total pages: 130560
[    0.000000] mem auto-init: stack:off, heap alloc:off, heap free:off
[    0.000000] SLUB: HWalign=64, Order=0-3, MinObjects=0, CPUs=1, Nodes=1
[    0.000000] trace event string verifier disabled
[    0.000000] rcu: Hierarchical RCU implementation.
[    0.000000] rcu: 	RCU event tracing is enabled.
[    0.000000] rcu: 	RCU restricting CPUs from NR_CPUS=2 to nr_cpu_ids=1.
[    0.000000] rcu: RCU calculated value of scheduler-enlistment delay is 10 jiffies.
[    0.000000] rcu: Adjusting geometry for rcu_fanout_leaf=16, nr_cpu_ids=1
[    0.000000] NR_IRQS: 16, nr_irqs: 16, preallocated irqs: 16
[    0.000000] IRQ: Found an INTC at 0x(ptrval) (revision 5.0) with 128 interrupts
[    0.000000] rcu: srcu_init: Setting srcu_struct sizes based on contention.
[    0.000000] TI gptimer clocksource: always-on /ocp/interconnect@44c00000/segment@200000/target-module@31000
[    0.000004] sched_clock: 32 bits at 24MHz, resolution 41ns, wraps every 89478484971ns
[    0.000027] clocksource: dmtimer: mask: 0xffffffff max_cycles: 0xffffffff, max_idle_ns: 79635851949 ns
[    0.000498] TI gptimer clockevent: 24000000 Hz at /ocp/interconnect@48000000/segment@0/target-module@40000
[    0.002123] Console: colour dummy device 80x30
[    0.002188] WARNING: Your 'console=ttyO0' has been replaced by 'ttyS0'
[    0.002197] This ensures that you still see kernel messages. Please
[    0.002201] update your kernel commandline.
[    0.002244] Calibrating delay loop... 996.14 BogoMIPS (lpj=4980736)
[    0.090548] CPU: Testing write buffer coherency: ok
[    0.090650] CPU0: Spectre v2: using BPIALL workaround
[    0.090662] pid_max: default: 32768 minimum: 301
[    0.090787] LSM: initializing lsm=capability
[    0.090956] Mount-cache hash table entries: 1024 (order: 0, 4096 bytes, linear)
[    0.090977] Mountpoint-cache hash table entries: 1024 (order: 0, 4096 bytes, linear)
[    0.092614] CPU0: thread -1, cpu 0, socket -1, mpidr 0
[    0.160723] Setting up static identity map for 0x80100000 - 0x80100078
[    0.170697] rcu: Hierarchical SRCU implementation.
[    0.170710] rcu: 	Max phase no-delay instances is 1000.
[    0.190758] smp: Bringing up secondary CPUs ...
[    0.190814] smp: Brought up 1 node, 1 CPU
[    0.190830] SMP: Total of 1 processors activated (996.14 BogoMIPS).
[    0.190842] CPU: All CPU(s) started in SVC mode.
[    0.191031] Memory: 480864K/522240K available (11264K kernel code, 1211K rwdata, 2876K rodata, 1024K init, 299K bss, 23364K reserved, 16384K cma-reserved, 0K highmem)
[    0.191881] devtmpfs: initialized
[    0.208643] VFP support v0.3: implementor 41 architecture 3 part 30 variant c rev 3
[    0.208994] clocksource: jiffies: mask: 0xffffffff max_cycles: 0xffffffff, max_idle_ns: 19112604462750000 ns
[    0.209028] futex hash table entries: 256 (order: 2, 16384 bytes, linear)
[    0.210310] pinctrl core: initialized pinctrl subsystem
[    0.213290] NET: Registered PF_NETLINK/PF_ROUTE protocol family
[    0.216105] DMA: preallocated 256 KiB pool for atomic coherent allocations
[    0.217033] audit: initializing netlink subsys (disabled)
[    0.218426] thermal_sys: Registered thermal governor 'fair_share'
[    0.218441] thermal_sys: Registered thermal governor 'step_wise'
[    0.218451] thermal_sys: Registered thermal governor 'user_space'
[    0.218600] audit: type=2000 audit(0.210:1): state=initialized audit_enabled=0 res=1
[    0.218640] cpuidle: using governor menu
[    0.237877] No ATAGs?
[    0.237903] hw-breakpoint: debug architecture 0x4 unsupported.
[    0.240727] kprobes: kprobe jump-optimization is enabled. All kprobes are optimized if possible.
[    0.254036] iommu: Default domain type: Translated
[    0.254060] iommu: DMA domain TLB invalidation policy: strict mode
[    0.262088] SCSI subsystem initialized
[    0.262945] pps_core: LinuxPPS API ver. 1 registered
[    0.262956] pps_core: Software ver. 5.3.6 - Copyright 2005-2007 Rodolfo Giometti <giometti@linux.it>
[    0.262982] PTP clock support registered
[    0.270831] vgaarb: loaded
[    0.271230] clocksource: Switched to clocksource dmtimer
[    0.271884] VFS: Disk quotas dquot_6.6.0
[    0.271934] VFS: Dquot-cache hash table entries: 1024 (order 0, 4096 bytes)
[    0.296449] NET: Registered PF_INET protocol family
[    0.296800] IP idents hash table entries: 8192 (order: 4, 65536 bytes, linear)
[    0.298194] tcp_listen_portaddr_hash hash table entries: 512 (order: 0, 4096 bytes, linear)
[    0.298231] Table-perturb hash table entries: 65536 (order: 6, 262144 bytes, linear)
[    0.298248] TCP established hash table entries: 4096 (order: 2, 16384 bytes, linear)
[    0.298292] TCP bind hash table entries: 4096 (order: 4, 65536 bytes, linear)
[    0.298393] TCP: Hash tables configured (established 4096 bind 4096)
[    0.298517] UDP hash table entries: 256 (order: 1, 8192 bytes, linear)
[    0.298547] UDP-Lite hash table entries: 256 (order: 1, 8192 bytes, linear)
[    0.298735] NET: Registered PF_UNIX/PF_LOCAL protocol family
[    0.302079] RPC: Registered named UNIX socket transport module.
[    0.302101] RPC: Registered udp transport module.
[    0.302107] RPC: Registered tcp transport module.
[    0.302112] RPC: Registered tcp-with-tls transport module.
[    0.302118] RPC: Registered tcp NFSv4.1 backchannel transport module.
[    0.302143] PCI: CLS 0 bytes, default 64
[    0.303609] Initialise system trusted keyrings
[    0.312078] workingset: timestamp_bits=14 max_order=17 bucket_order=3
[    0.313414] NFS: Registering the id_resolver key type
[    0.313482] Key type id_resolver registered
[    0.313490] Key type id_legacy registered
[    0.313538] jffs2: version 2.2. (NAND) (SUMMARY)  Â© 2001-2006 Red Hat, Inc.
[    0.313944] Key type asymmetric registered
[    0.313958] Asymmetric key parser 'x509' registered
[    0.314026] io scheduler mq-deadline registered
[    0.314037] io scheduler kyber registered
[    0.314113] io scheduler bfq registered
[    0.315756] ledtrig-cpu: registered to indicate activity on CPUs
[    0.321737] Serial: 8250/16550 driver, 6 ports, IRQ sharing enabled
[    0.371989] brd: module loaded
[    0.392106] loop: module loaded
[    0.393030] mtdoops: mtd device (mtddev=name/number) must be supplied
[    0.396192] i2c_dev: i2c /dev entries driver
[    0.397185] cpuidle: enable-method property 'ti,am3352' found operations
[    0.397626] sdhci: Secure Digital Host Controller Interface driver
[    0.397637] sdhci: Copyright(c) Pierre Ossman
[    0.397818] sdhci-pltfm: SDHCI platform and OF driver helper
[    0.398860] Initializing XFRM netlink socket
[    0.398998] NET: Registered PF_INET6 protocol family
[    0.400968] Segment Routing with IPv6
[    0.401058] In-situ OAM (IOAM) with IPv6
[    0.401152] sit: IPv6, IPv4 and MPLS over IPv4 tunneling driver
[    0.402288] NET: Registered PF_PACKET protocol family
[    0.402327] NET: Registered PF_KEY protocol family
[    0.402480] Key type dns_resolver registered
[    0.402754] ThumbEE CPU extension supported.
[    0.402775] Registering SWP/SWPB emulation handler
[    0.403300] omap_voltage_late_init: Voltage driver support not added
[    0.403672] SmartReflex Class3 initialized
[    0.437631] Loading compiled-in X.509 certificates
[    0.510309] platform 44e10800.pinmux: Fixed dependency cycle(s) with /ocp/interconnect@44c00000/segment@200000/target-module@10000/scm@0/pinmux@800/clkout2-pins
[    0.510859] pinctrl-single 44e10800.pinmux: 142 pins, size 568
[    0.516257] ti-sysc 44e31000.target-module: probe with driver ti-sysc failed with error -16
[    0.563812] ti-sysc 48040000.target-module: probe with driver ti-sysc failed with error -16
[    0.615616] OMAP GPIO hardware version 0.1
[    0.654003] omap_i2c 4819c000.i2c: bus 2 rev0.11 at 100 kHz
[    0.685563] 48000000.interconnect:segment@200000:target-module@0:mpu@0:fck: device ID is greater than 24
[    0.689715] platform 4830e000.lcdc: Fixed dependency cycle(s) with /ocp/interconnect@44c00000/segment@200000/target-module@b000/i2c@0/tda19988@70
[    0.700685] sdhci-omap 481d8000.mmc: supply pbias not found, using dummy regulator
[    0.701188] sdhci-omap 481d8000.mmc: supply vqmmc not found, using dummy regulator
[    0.756989] davinci_mdio 4a101000.mdio: davinci mdio revision 1.6, bus freq 1000000
[    0.862853] davinci_mdio 4a101000.mdio: phy[0]: device 4a101000.mdio:00, driver SMSC LAN8710/LAN8720
[    0.863642] cpsw-switch 4a100000.switch: initialized cpsw ale version 1.4
[    0.863665] cpsw-switch 4a100000.switch: ALE Table size 1024, Policers 0
[    0.863834] cpsw-switch 4a100000.switch: cpts: overflow check period 500 (jiffies)
[    0.863852] cpsw-switch 4a100000.switch: CPTS: ref_clk_freq:250000000 calc_mult:2147483648 calc_shift:29 error:0 nsec/sec
[    0.863953] cpsw-switch 4a100000.switch: Detected MACID = 6c:ec:eb:68:de:78
[    0.865777] cpsw-switch 4a100000.switch: initialized (regs 0x4a100000, pool size 256) hw_ver:0019010C 1.12 (0)
[    0.876737] debugfs: Directory '49000000.dma' with parent 'dmaengine' already present!
[    0.876776] edma 49000000.dma: TI EDMA DMA engine driver
[    0.908858] target-module@4b000000:target-module@140000:pmu@0:fck: device ID is greater than 24
[    0.928073] hw perfevents: enabled with armv7_cortex_a8 PMU driver, 5 (8000000f) counters available
[    0.935709] l3-aon-clkctrl:0000:0: failed to disable
[    0.938876] 44e09000.serial: ttyS0 at MMIO 0x44e09000 (irq = 34, base_baud = 3000000) is a 8250
[    0.938965] printk: legacy console [ttyS0] enabled
[    2.292240] tps65217-pmic: Failed to locate of_node [id: -1]
[    2.298313] tps65217-bl: Failed to locate of_node [id: -1]
[    2.309806] tps65217 0-0024: TPS65217 ID 0xe version 1.2
[    2.315969] platform 4830e000.lcdc: Fixed dependency cycle(s) with /ocp/interconnect@44c00000/segment@200000/target-module@b000/i2c@0/tda19988@70
[    2.329384] i2c 0-0070: Fixed dependency cycle(s) with /ocp/interconnect@48000000/segment@300000/target-module@e000/lcdc@0
[    2.340792] omap_i2c 44e0b000.i2c: bus 0 rev0.11 at 400 kHz
[    2.348635] omap_gpio 44e07000.gpio: Could not set line 6 debounce to 200000 microseconds (-22)
[    2.357517] sdhci-omap 48060000.mmc: Got CD GPIO
[    2.362579] sdhci-omap 48060000.mmc: supply pbias not found, using dummy regulator
[    2.372527] sdhci-omap 48060000.mmc: supply vqmmc not found, using dummy regulator
[    2.381317] sdhci-omap 481d8000.mmc: supply pbias not found, using dummy regulator
[    2.389779] sdhci-omap 481d8000.mmc: supply vqmmc not found, using dummy regulator
[    2.481263] mmc1: SDHCI controller on 481d8000.mmc [481d8000.mmc] using External DMA
[    2.490272] mmc0: SDHCI controller on 48060000.mmc [48060000.mmc] using External DMA
[    2.499239] cpsw-switch 4a100000.switch: starting ndev. mode: dual_mac
[    2.550418] mmc0: new high speed SDHC card at address 5048
[    2.557660] mmcblk0: mmc0:5048 SD16G 14.4 GiB
[    2.565886]  mmcblk0: p1 p2
[    2.569326] mmcblk0: p2 size 31221760 extends beyond EOD, truncated
[    2.580270] mmc1: new high speed MMC card at address 0001
[    2.587268] mmcblk1: mmc1:0001 MMC04G 3.60 GiB
[    2.594803]  mmcblk1: p1 p2
[    2.599053] mmcblk1boot0: mmc1:0001 MMC04G 2.00 MiB
[    2.604970] SMSC LAN8710/LAN8720 4a101000.mdio:00: attached PHY driver (mii_bus:phy_addr=4a101000.mdio:00, irq=POLL)
[    2.617215] mmcblk1boot1: mmc1:0001 MMC04G 2.00 MiB
[    2.629992] mmcblk1rpmb: mmc1:0001 MMC04G 128 KiB, chardev (250:0)
[    5.762026] cpsw-switch 4a100000.switch eth0: Link is Up - 100Mbps/Full - flow control off
[    5.801481] IP-Config: Complete:
[    5.804760]      device=eth0, hwaddr=6c:ec:eb:68:de:78, ipaddr=192.168.255.1, mask=255.255.255.0, gw=255.255.255.255
[    5.815430]      host=bbb1, domain=, nis-domain=(none)
[    5.820598]      bootserver=192.168.255.126, rootserver=192.168.255.126, rootpath=
[    5.821027] clk: Disabling unused clocks
[    5.832880] PM: genpd: Disabling unused power domains
[    5.838001] KTAP version 1
[    5.840723] 1..0
[    5.865768] VFS: Mounted root (nfs filesystem) on device 0:17.
[    5.872893] devtmpfs: mounted
[    5.877590] Freeing unused kernel image (initmem) memory: 1024K
[    5.884562] Run /sbin/init as init process
[    6.659690] systemd[1]: System time before build time, advancing clock.
[    8.151260] random: crng init done
[    8.192548] systemd[1]: systemd 232 running in system mode. (+PAM +AUDIT +SELINUX +IMA +APPARMOR +SMACK +SYSVINIT +UTMP +LIBCRYPTSETUP +GCRYPT +GNUTLS +ACL +XZ +LZ4 +SECCOMP +BLKID +ELFUTILS +KMOD +IDN)
[    8.211717] systemd[1]: Detected architecture arm.

Welcome to [1mDebian GNU/Linux 9 (stretch)[0m!

[    8.244448] systemd[1]: Set hostname to <arm>.
[    9.362961] systemd[1]: Reached target Remote File Systems.
[[0;32m  OK  [0m] Reached target Remote File Systems.
[    9.382888] systemd[1]: Created slice User and Session Slice.
[[0;32m  OK  [0m] Created slice User and Session Slice.
[    9.412623] systemd[1]: Created slice System Slice.
[[0;32m  OK  [0m] Created slice System Slice.
[    9.441840] systemd[1]: dev-hugepages.mount: Couldn't determine result for ConditionVirtualization=!private-users, assuming failed: No such file or directory
[    9.456353] systemd[1]: Reached target Slices.
[[0;32m  OK  [0m] Reached target Slices.
[    9.511848] systemd[1]: Mounting POSIX Message Queue File System...
         Mounting POSIX Message Queue File System...
[    9.543170] systemd[1]: Created slice system-getty.slice.
[[0;32m  OK  [0m] Created slice system-getty.slice.
         Mounting Debug File System...
[[0;32m  OK  [0m] Reached target Swap.
[[0;32m  OK  [0m] Started Dispatch Password Requests to Console Directory Watch.
[[0;32m  OK  [0m] Listening on /dev/initctl Compatibility Named Pipe.
[[0;32m  OK  [0m] Listening on Journal Socket.
         Starting Remount Root and Kernel File Systems...
[[0;32m  OK  [0m] Listening on Syslog Socket.
[[0;32m  OK  [0m] Listening on Journal Audit Socket.
[[0;32m  OK  [0m] Started Forward Password Requests to Wall Directory Watch.
[[0;32m  OK  [0m] Reached target Encrypted Volumes.
[[0;32m  OK  [0m] Reached target Paths.
[[0;32m  OK  [0m] Created slice system-serial\x2dgetty.slice.
         Starting Load Kernel Modules...
         Starting Create list of required stâ€¦ce nodes for the current kernel...
[[0;32m  OK  [0m] Listening on udev Control Socket.
[[0;32m  OK  [0m] Listening on udev Kernel Socket.
[[0;32m  OK  [0m] Listening on Journal Socket (/dev/log).
         Starting Journal Service...
[[0;32m  OK  [0m] Set up automount Arbitrary Executabâ€¦rmats File System Automount Point.
[[0;32m  OK  [0m] Mounted POSIX Message Queue File System.
[[0;32m  OK  [0m] Mounted Debug File System.
[[0;32m  OK  [0m] Started Remount Root and Kernel File Systems.
[[0;32m  OK  [0m] Started Load Kernel Modules.
[[0;32m  OK  [0m] Started Create list of required staâ€¦vice nodes for the current kernel.
         Starting Create Static Device Nodes in /dev...
         Starting Apply Kernel Variables...
         Mounting Configuration File System...
         Starting udev Coldplug all Devices...
         Starting Load/Save Random Seed...
[[0;32m  OK  [0m] Mounted Configuration File System.
[[0;32m  OK  [0m] Started Apply Kernel Variables.
[[0;32m  OK  [0m] Started Load/Save Random Seed.
[[0;32m  OK  [0m] Started Create Static Device Nodes in /dev.
         Starting udev Kernel Device Manager...
[[0;32m  OK  [0m] Reached target Local File Systems (Pre).
[[0;32m  OK  [0m] Reached target Local File Systems.
         Starting Raise network interfaces...
[[0;32m  OK  [0m] Started Journal Service.
         Starting Flush Journal to Persistent Storage...
[   11.634322] systemd-journald[87]: Received request to flush runtime journal from PID 1
[[0;32m  OK  [0m] Started Flush Journal to Persistent Storage.
         Starting Create Volatile Files and Directories...
[[0;32m  OK  [0m] Started udev Kernel Device Manager.
[[0;32m  OK  [0m] Started Create Volatile Files and Directories.
         Starting Network Time Synchronization...
         Starting Update UTMP about System Boot/Shutdown...
[[0;32m  OK  [0m] Started Update UTMP about System Boot/Shutdown.
[[0;32m  OK  [0m] Started udev Coldplug all Devices.
[[0;32m  OK  [0m] Started Network Time Synchronization.
[[0;32m  OK  [0m] Reached target System Time Synchronized.
[[0;32m  OK  [0m] Reached target System Initialization.
[[0;32m  OK  [0m] Started Daily Cleanup of Temporary Directories.
[[0;32m  OK  [0m] Listening on D-Bus System Message Bus Socket.
[[0;32m  OK  [0m] Listening on Avahi mDNS/DNS-SD Stack Activation Socket.
[[0;32m  OK  [0m] Reached target Sockets.
[[0;32m  OK  [0m] Reached target Basic System.
         Starting Login Service...
[   14.883974] remoteproc remoteproc0: wkup_m3 is available
         Starting Avahi mDNS/DNS-SD Stack...
         Starting System Logging Service...
         Starting DUN service...
[   15.221524] omap_rtc 44e3e000.rtc: registered as rtc0
[   15.226698] omap_rtc 44e3e000.rtc: setting system clock to 2000-01-01T00:00:00 UTC (946684800)
[[0;32m  OK  [0m] Started D-Bus System Message Bus.
[   15.307137] at24 2-0054: supply vcc not found, using dummy regulator
[   15.490685] at24 2-0055: supply vcc not found, using dummy regulator
[   15.593918] at24 2-0056: supply vcc not found, using dummy regulator
[   15.677448] at24 2-0057: supply vcc not found, using dummy regulator
[   15.717107] am335x-phy-driver 47401300.usb-phy: dummy supplies not allowed for exclusive requests (id=vbus)
[   15.799310] at24 0-0050: 32768 byte 24c256 EEPROM, writable, 1 bytes/write
[   15.846185] am335x-phy-driver 47401b00.usb-phy: dummy supplies not allowed for exclusive requests (id=vbus)
[   15.966124] tps6521x_pwrbutton tps65217-pwrbutton: DMA mask not set
[   16.065379] input: tps65217_pwrbutton as /devices/platform/ocp/44c00000.interconnect/44c00000.interconnect:segment@200000/44e0b000.target-module/44e0b000.i2c/i2c-0/0-0024/tps65217-pwrbutton/input/input0
[   16.232989] wkup_m3_ipc 44e11324.wkup_m3_ipc: IPC Request for A8->M3 Channel failed! -517
[   16.432313] omap_wdt: OMAP Watchdog Timer Rev 0x01: initial timeout 60 sec
[   16.442319] wkup_m3_ipc 44e11324.wkup_m3_ipc: IPC Request for A8->M3 Channel failed! -517
[   17.002117] usbcore: registered new interface driver usbfs
[   17.007762] usbcore: registered new interface driver hub
[   17.013395] usbcore: registered new device driver usb
[   17.456831] tda998x 0-0070: found TDA19988
[   17.550166] wkup_m3_ipc 44e11324.wkup_m3_ipc: IPC Request for A8->M3 Channel failed! -517
[   17.569103] omap-mailbox 480c8000.mailbox: omap mailbox rev 0x400
[   17.713898] musb-hdrc musb-hdrc.1: MUSB HDRC host driver
[   17.719318] musb-hdrc musb-hdrc.1: new USB bus registered, assigned bus number 1
[   17.752059] remoteproc remoteproc0: powering up wkup_m3
[   17.932329] remoteproc remoteproc0: Direct firmware load for am335x-pm-firmware.elf failed with error -2
[   17.942172] remoteproc remoteproc0: request_firmware failed: -2
[   17.948139] wkup_m3_ipc 44e11324.wkup_m3_ipc: rproc_boot failed
[   17.973259] usb usb1: New USB device found, idVendor=1d6b, idProduct=0002, bcdDevice= 6.12
[   17.981846] usb usb1: New USB device strings: Mfr=3, Product=2, SerialNumber=1
[   17.989206] usb usb1: Product: MUSB HDRC host driver
[   17.994271] usb usb1: Manufacturer: Linux 6.12.0 musb-hcd
[   17.999703] usb usb1: SerialNumber: musb-hdrc.1
[   18.362431] hub 1-0:1.0: USB hub found
[   18.411512] hub 1-0:1.0: 1 port detected
[   19.779483] tilcdc 4830e000.lcdc: bound 0-0070 (ops tda998x_driver_exit [tda998x])
[   19.832125] omap_rng 48310000.rng: Random Number Generator ver. 20
[   19.907132] [drm] Initialized tilcdc 1.0.0 for 4830e000.lcdc on minor 0
[[0;32m  OK  [0m] Started Avahi mDNS/DNS-SD Stack.
[[0;32m  OK  [0m] Started DUN service.
[   20.018806] tilcdc 4830e000.lcdc: [drm] Cannot find any crtc or sizes
         Starting Connection service...
         Starting Telephony service...
[   20.229451] tilcdc 4830e000.lcdc: [drm] Cannot find any crtc or sizes
         Starting Generic Board Startup...
         Starting LSB: Start busybox udhcpd at boot time...
         Starting LSB: Load kernel modules needed to enable cpufreq scaling...
[[0;32m  OK  [0m] Started Regular background program processing daemon.
[[0;32m  OK  [0m] Started Daily apt download activities.
[[0;32m  OK  [0m] Started Daily apt upgrade and clean activities.
[[0;32m  OK  [0m] Reached target Timers.
         Starting Cape Manager Service...
[[0;32m  OK  [0m] Started System Logging Service.
[   21.384135] omap-sham 53100000.sham: hw accel on OMAP rev 4.3
[   21.426111] PM: Cannot get wkup_m3_ipc handle
[   21.514640] omap-sham 53100000.sham: will run requests pump with realtime priority
[   21.528124] PM: Cannot get wkup_m3_ipc handle
[   21.725652] omap-aes 53500000.aes: OMAP AES hw accel rev: 3.2
[   21.832111] omap-aes 53500000.aes: will run requests pump with realtime priority
[   21.841567] PM: Cannot get wkup_m3_ipc handle
[[0;32m  OK  [0m] Found device /dev/ttyS0.
[   23.449352] Bluetooth: Core ver 2.22
[   23.453341] NET: Registered PF_BLUETOOTH protocol family
[   23.458695] Bluetooth: HCI device and connection manager initialized
[   23.465195] Bluetooth: HCI socket layer initialized
[   23.470111] Bluetooth: L2CAP socket layer initialized
[   23.475272] Bluetooth: SCO socket layer initialized
[[0;32m  OK  [0m] Started Cape Manager Service.
[   25.115213] PM: Cannot get wkup_m3_ipc handle
[   25.272298] PM: Cannot get wkup_m3_ipc handle
[[0;32m  OK  [0m] Started LSB: Start busybox udhcpd at boot time.
[[0;32m  OK  [0m] Started Raise network interfaces.
[[0;32m  OK  [0m] Started LSB: Load kernel modules needed to enable cpufreq scaling.
[   29.030140] configfs-gadget.g_multi gadget.0: HOST MAC 1c:ba:8c:a2:ed:6c
[   29.037175] configfs-gadget.g_multi gadget.0: MAC 1c:ba:8c:a2:ed:70
[   29.044806] configfs-gadget.g_multi gadget.0: HOST MAC 1c:ba:8c:a2:ed:6c
[   29.051712] configfs-gadget.g_multi gadget.0: MAC 1c:ba:8c:a2:ed:6d
[   29.059930] PM: Cannot get wkup_m3_ipc handle
[[0;32m  OK  [0m] Started Telephony service.
[[0;32m  OK  [0m] Started Connection service.
[[0;32m  OK  [0m] Started Login Service.
[[0;32m  OK  [0m] Reached target Sound Card.
         Starting LSB: set CPUFreq kernel parameters...
[[0;32m  OK  [0m] Reached target Network.
         Starting OpenBSD Secure Shell server...
         Starting The Apache HTTP Server...
         Starting Permit User Sessions...
[[0;32m  OK  [0m] Reached target Network is Online.
         Starting LSB: Advanced IEEE 802.11 management daemon...
[[0;32m  OK  [0m] Started Permit User Sessions.
[[0;32m  OK  [0m] Started LSB: Advanced IEEE 802.11 management daemon.
         Starting Hostname Service...
         Starting WPA supplicant...
[[0;32m  OK  [0m] Started Getty on tty1.
[[0;32m  OK  [0m] Started Serial Getty on ttyS0.
[[0;32m  OK  [0m] Reached target Login Prompts.
[[0;32m  OK  [0m] Started LSB: set CPUFreq kernel parameters.
[[0;32m  OK  [0m] Started Hostname Service.
[[0;32m  OK  [0m] Started WPA supplicant.
[[0;32m  OK  [0m] Started OpenBSD Secure Shell server.
         Stopping LSB: Start busybox udhcpd at boot time...
[[0;32m  OK  [0m] Stopped LSB: Start busybox udhcpd at boot time.
[[0;32m  OK  [0m] Started The Apache HTTP Server.
         Starting dnsmasq - A lightweight DHCP and caching DNS server...
[[0;32m  OK  [0m] Started dnsmasq - A lightweight DHCP and caching DNS server.
[[0;32m  OK  [0m] Reached target Host and Network Name Lookups.
[[0;32m  OK  [0m] Started Serial Getty on ttyGS0.
[[0;32m  OK  [0m] Started Generic Board Startup.
[[0;32m  OK  [0m] Reached target Multi-User System.
[[0;32m  OK  [0m] Reached target Graphical Interface.
         Starting Update UTMP about System Runlevel Changes...
[[0;32m  OK  [0m] Started Update UTMP about System Runlevel Changes.

Debian GNU/Linux 9 arm ttyS0

default username:password is [debian:temppwd]

arm login: root
Password: 
Last login: Sat Jan  1 00:00:32 UTC 2000 on ttyS0
root
Linux arm 6.12.0 #78 SMP Mon Nov 18 00:51:03 EET 2024 armv7l

The programs included with the Debian GNU/Linux system are free software;
the exact distribution terms for each program are described in the
individual files in /usr/share/doc/*/copyright.

Debian GNU/Linux comes with ABSOLUTELY NO WARRANTY, to the extent
permitted by applicable law.
root@arm:~# root
dmesg -n 1
-bash: root: command not found
root@arm:~# dmesg -n 1
root@arm:~# echo 'JETH''PGLWEG'
JETHPGLWEG
root@arm:~# run() { echo -n "$MARKER"; sh -c "$@"; echo "$MARKER $?"; }
root@arm:~# echo 'YMAG''WCMJXY'
YMAGWCMJXY
root@arm:~# MARKER='LYQT''LSCUQH' run 'cat /proc/version'
LYQTLSCUQHLinux version 6.12.0 (user01@drvtest01) (arm-linux-gnueabihf-gcc (Linaro GCC 6.4-2017.11) 6.4.1 20171012, GNU ld (Linaro_Binutils-2017.11) 2.27.0.20161229) #78 SMP Mon Nov 18 00:51:03 EET 2024
LYQTLSCUQH 0
root@arm:~# echo 'TGQT''ZFKVHG'
TGQTZFKVHG
root@arm:~# MARKER='NMHX''XVPLTY' run false
NMHXXVPLTYNMHXXVPLTY 1
root@arm:~# Labgrid Console Logfile for main
Logfile started at 2024-11-18 00:54:00.610199
=== Log starts here ===

root@arm:~# run() { echo -n "$MARKER"; sh -c "$@"; echo "$MARKER $?"; }
root@arm:~# echo 'AZVF''LUMGZM'
AZVFLUMGZM
root@arm:~# MARKER='HVNZ''OQEJWP' run 'insmod /mva_overlay.ko'
HVNZOQEJWPHVNZOQEJWP 0
root@arm:~# echo 'JLNB''SXCCYM'
JLNBSXCCYM
root@arm:~# MARKER='GHGG''APMGNY' run lsmod
GHGGAPMGNYModule                  Size  Used by
mva_overlay            65536  0
usb_f_acm              12288  2
u_serial               16384  3 usb_f_acm
usb_f_ecm              16384  2
usb_f_rndis            24576  2
u_ether                16384  2 usb_f_ecm,usb_f_rndis
libcomposite           57344  15 usb_f_ecm,usb_f_acm,u_ether,usb_f_rndis
iptable_nat            12288  0
nf_nat                 36864  1 iptable_nat
nf_conntrack          110592  1 nf_nat
nf_defrag_ipv6         16384  1 nf_conntrack
nf_defrag_ipv4         12288  1 nf_conntrack
iptable_mangle         12288  0
evdev                  20480  0
snd_soc_hdmi_codec     16384  1
iptable_filter         12288  0
bluetooth             614400  2
ecdh_generic           12288  1 bluetooth
ecc                    36864  1 ecdh_generic
snd_soc_simple_card    16384  0
omap_aes_driver        24576  0
snd_soc_simple_card_utils    20480  1 snd_soc_simple_card
omap_crypto            12288  1 omap_aes_driver
libaes                 12288  2 omap_aes_driver,bluetooth
pm33xx                 12288  0
omap_sham              28672  0
ti_emif_sram           12288  1 pm33xx
crypto_engine          12288  2 omap_aes_driver,omap_sham
omap_rng               12288  0
rng_core               16384  1 omap_rng
tilcdc                 32768  0
drm_dma_helper         16384  1 tilcdc
snd_soc_davinci_mcasp    32768  2
snd_soc_ti_udma        12288  1 snd_soc_davinci_mcasp
snd_soc_ti_edma        12288  1 snd_soc_davinci_mcasp
snd_soc_ti_sdma        12288  1 snd_soc_davinci_mcasp
snd_soc_core          188416  7 snd_soc_davinci_mcasp,snd_soc_hdmi_codec,snd_soc_simple_card_utils,snd_soc_ti_sdma,snd_soc_ti_edma,snd_soc_ti_udma,snd_soc_simple_card
snd_pcm_dmaengine      12288  1 snd_soc_core
snd_pcm               110592  5 snd_soc_davinci_mcasp,snd_pcm_dmaengine,snd_soc_hdmi_codec,snd_soc_simple_card_utils,snd_soc_core
snd_timer              28672  1 snd_pcm
musb_dsps              16384  0
omap_mailbox           12288  1
snd                    65536  4 snd_soc_hdmi_codec,snd_timer,snd_soc_core,snd_pcm
musb_hdrc             131072  1 musb_dsps
tda998x                20480  0
udc_core               45056  7 usb_f_ecm,usb_f_acm,u_serial,musb_hdrc,u_ether,usb_f_rndis,libcomposite
soundcore              12288  1 snd
drm_kms_helper        122880  3 drm_dma_helper,tda998x,tilcdc
usbcore               225280  1 musb_hdrc
omap_wdt               12288  0
drm                   417792  5 drm_dma_helper,tda998x,tilcdc,drm_kms_helper
wkup_m3_ipc            12288  1 pm33xx
watchdog               24576  1 omap_wdt
tps65218_pwrbutton     12288  0
phy_am335x             12288  2
phy_am335x_control     12288  1 phy_am335x
drm_panel_orientation_quirks    12288  1 drm
at24                   16384  0
phy_generic            12288  1 phy_am335x
rtc_omap               16384  2 pm33xx
usb_common             12288  6 phy_am335x,udc_core,musb_hdrc,libcomposite,musb_dsps,usbcore
cppi41                 16384  60
wkup_m3_rproc          12288  1
leds_gpio              12288  0
led_class              12288  1 leds_gpio
cpufreq_dt             12288  0
ip_tables              20480  3 iptable_mangle,iptable_filter,iptable_nat
x_tables               24576  4 iptable_mangle,ip_tables,iptable_filter,iptable_nat
autofs4                40960  2
GHGGAPMGNY 0
root@arm:~# Labgrid Console Logfile for main
Logfile started at 2024-11-18 00:54:04.373593
=== Log starts here ===

root@arm:~# run() { echo -n "$MARKER"; sh -c "$@"; echo "$MARKER $?"; }
root@arm:~# echo 'PCTM''GFJZUO'
PCTMGFJZUO
root@arm:~# MARKER='YWOS''WVBEWP' run 'dd if=/bd9576_test.dtbo of=/sys/kernel/mvaa_overlay/overlay_add bs=1M'
YWOSWVBEWP0+1 records in
0+1 records out
3397 bytes (3.4 kB, 3.3 KiB) copied, 0.0809855 s, 41.9 kB/s
YWOSWVBEWP 0
root@arm:~# echo 'YBCV''XGVUGL'
YBCVXGVUGL
root@arm:~# MARKER='PXPN''MENZGE' run lsmod
PXPNMENZGEModule                  Size  Used by
bd9576_wdt             12288  0
bd9576_regulator       16384  0
rohm_bd9576            12288  0
mva_overlay            65536  0
usb_f_acm              12288  2
u_serial               16384  3 usb_f_acm
usb_f_ecm              16384  2
usb_f_rndis            24576  2
u_ether                16384  2 usb_f_ecm,usb_f_rndis
libcomposite           57344  15 usb_f_ecm,usb_f_acm,u_ether,usb_f_rndis
iptable_nat            12288  0
nf_nat                 36864  1 iptable_nat
nf_conntrack          110592  1 nf_nat
nf_defrag_ipv6         16384  1 nf_conntrack
nf_defrag_ipv4         12288  1 nf_conntrack
iptable_mangle         12288  0
evdev                  20480  0
snd_soc_hdmi_codec     16384  1
iptable_filter         12288  0
bluetooth             614400  2
ecdh_generic           12288  1 bluetooth
ecc                    36864  1 ecdh_generic
snd_soc_simple_card    16384  0
omap_aes_driver        24576  0
snd_soc_simple_card_utils    20480  1 snd_soc_simple_card
omap_crypto            12288  1 omap_aes_driver
libaes                 12288  2 omap_aes_driver,bluetooth
pm33xx                 12288  0
omap_sham              28672  0
ti_emif_sram           12288  1 pm33xx
crypto_engine          12288  2 omap_aes_driver,omap_sham
omap_rng               12288  0
rng_core               16384  1 omap_rng
tilcdc                 32768  0
drm_dma_helper         16384  1 tilcdc
snd_soc_davinci_mcasp    32768  2
snd_soc_ti_udma        12288  1 snd_soc_davinci_mcasp
snd_soc_ti_edma        12288  1 snd_soc_davinci_mcasp
snd_soc_ti_sdma        12288  1 snd_soc_davinci_mcasp
snd_soc_core          188416  7 snd_soc_davinci_mcasp,snd_soc_hdmi_codec,snd_soc_simple_card_utils,snd_soc_ti_sdma,snd_soc_ti_edma,snd_soc_ti_udma,snd_soc_simple_card
snd_pcm_dmaengine      12288  1 snd_soc_core
snd_pcm               110592  5 snd_soc_davinci_mcasp,snd_pcm_dmaengine,snd_soc_hdmi_codec,snd_soc_simple_card_utils,snd_soc_core
snd_timer              28672  1 snd_pcm
musb_dsps              16384  0
omap_mailbox           12288  1
snd                    65536  4 snd_soc_hdmi_codec,snd_timer,snd_soc_core,snd_pcm
musb_hdrc             131072  1 musb_dsps
tda998x                20480  0
udc_core               45056  7 usb_f_ecm,usb_f_acm,u_serial,musb_hdrc,u_ether,usb_f_rndis,libcomposite
soundcore              12288  1 snd
drm_kms_helper        122880  3 drm_dma_helper,tda998x,tilcdc
usbcore               225280  1 musb_hdrc
omap_wdt               12288  0
drm                   417792  5 drm_dma_helper,tda998x,tilcdc,drm_kms_helper
wkup_m3_ipc            12288  1 pm33xx
watchdog               24576  2 bd9576_wdt,omap_wdt
tps65218_pwrbutton     12288  0
phy_am335x             12288  2
phy_am335x_control     12288  1 phy_am335x
drm_panel_orientation_quirks    12288  1 drm
at24                   16384  0
phy_generic            12288  1 phy_am335x
rtc_omap               16384  2 pm33xx
usb_common             12288  6 phy_am335x,udc_core,musb_hdrc,libcomposite,musb_dsps,usbcore
cppi41                 16384  60
wkup_m3_rproc          12288  1
leds_gpio              12288  0
led_class              12288  1 leds_gpio
cpufreq_dt             12288  0
ip_tables              20480  3 iptable_mangle,iptable_filter,iptable_nat
x_tables               24576  4 iptable_mangle,ip_tables,iptable_filter,iptable_nat
autofs4                40960  2
PXPNMENZGE 0
root@arm:~# Labgrid Console Logfile for main
Logfile started at 2024-11-18 00:54:10.173854
=== Log starts here ===

root@arm:~# run() { echo -n "$MARKER"; sh -c "$@"; echo "$MARKER $?"; }
root@arm:~# echo 'FOXF''NKNFBK'
FOXFNKNFBK
root@arm:~# MARKER='NOTZ''QUXYHY' run 'insmod /bd9576-test.ko'
NOTZQUXYHYNOTZQUXYHY 0
root@arm:~# echo 'YTMQ''ZZWAGW'
YTMQZZWAGW
root@arm:~# MARKER='GOFP''AYKEGZ' run lsmod
GOFPAYKEGZModule                  Size  Used by
bd9576_test            12288  0
bd9576_wdt             12288  0
bd9576_regulator       16384  6
rohm_bd9576            12288  0
mva_overlay            65536  0
usb_f_acm              12288  2
u_serial               16384  3 usb_f_acm
usb_f_ecm              16384  2
usb_f_rndis            24576  2
u_ether                16384  2 usb_f_ecm,usb_f_rndis
libcomposite           57344  15 usb_f_ecm,usb_f_acm,u_ether,usb_f_rndis
iptable_nat            12288  0
nf_nat                 36864  1 iptable_nat
nf_conntrack          110592  1 nf_nat
nf_defrag_ipv6         16384  1 nf_conntrack
nf_defrag_ipv4         12288  1 nf_conntrack
iptable_mangle         12288  0
evdev                  20480  0
snd_soc_hdmi_codec     16384  1
iptable_filter         12288  0
bluetooth             614400  2
ecdh_generic           12288  1 bluetooth
ecc                    36864  1 ecdh_generic
snd_soc_simple_card    16384  0
omap_aes_driver        24576  0
snd_soc_simple_card_utils    20480  1 snd_soc_simple_card
omap_crypto            12288  1 omap_aes_driver
libaes                 12288  2 omap_aes_driver,bluetooth
pm33xx                 12288  0
omap_sham              28672  0
ti_emif_sram           12288  1 pm33xx
crypto_engine          12288  2 omap_aes_driver,omap_sham
omap_rng               12288  0
rng_core               16384  1 omap_rng
tilcdc                 32768  0
drm_dma_helper         16384  1 tilcdc
snd_soc_davinci_mcasp    32768  2
snd_soc_ti_udma        12288  1 snd_soc_davinci_mcasp
snd_soc_ti_edma        12288  1 snd_soc_davinci_mcasp
snd_soc_ti_sdma        12288  1 snd_soc_davinci_mcasp
snd_soc_core          188416  7 snd_soc_davinci_mcasp,snd_soc_hdmi_codec,snd_soc_simple_card_utils,snd_soc_ti_sdma,snd_soc_ti_edma,snd_soc_ti_udma,snd_soc_simple_card
snd_pcm_dmaengine      12288  1 snd_soc_core
snd_pcm               110592  5 snd_soc_davinci_mcasp,snd_pcm_dmaengine,snd_soc_hdmi_codec,snd_soc_simple_card_utils,snd_soc_core
snd_timer              28672  1 snd_pcm
musb_dsps              16384  0
omap_mailbox           12288  1
snd                    65536  4 snd_soc_hdmi_codec,snd_timer,snd_soc_core,snd_pcm
musb_hdrc             131072  1 musb_dsps
tda998x                20480  0
udc_core               45056  7 usb_f_ecm,usb_f_acm,u_serial,musb_hdrc,u_ether,usb_f_rndis,libcomposite
soundcore              12288  1 snd
drm_kms_helper        122880  3 drm_dma_helper,tda998x,tilcdc
usbcore               225280  1 musb_hdrc
omap_wdt               12288  0
drm                   417792  5 drm_dma_helper,tda998x,tilcdc,drm_kms_helper
wkup_m3_ipc            12288  1 pm33xx
watchdog               24576  2 bd9576_wdt,omap_wdt
tps65218_pwrbutton     12288  0
phy_am335x             12288  2
phy_am335x_control     12288  1 phy_am335x
drm_panel_orientation_quirks    12288  1 drm
at24                   16384  0
phy_generic            12288  1 phy_am335x
rtc_omap               16384  2 pm33xx
usb_common             12288  6 phy_am335x,udc_core,musb_hdrc,libcomposite,musb_dsps,usbcore
cppi41                 16384  60
wkup_m3_rproc          12288  1
leds_gpio              12288  0
led_class              12288  1 leds_gpio
cpufreq_dt             12288  0
ip_tables              20480  3 iptable_mangle,iptable_filter,iptable_nat
x_tables               24576  4 iptable_mangle,ip_tables,iptable_filter,iptable_nat
autofs4                40960  2
GOFPAYKEGZ 0
root@arm:~# Labgrid Console Logfile for main
Logfile started at 2024-11-18 00:54:13.883607
=== Log starts here ===

root@arm:~# run() { echo -n "$MARKER"; sh -c "$@"; echo "$MARKER $?"; }
root@arm:~# echo 'XBKC''YAQSMY'
XBKCYAQSMY
root@arm:~# MARKER='EGBL''YSCHPU' run '/./init_regulator_test.sh bd9576'
EGBLYSCHPUboard bd9576 given
/./init_regulator_test.sh: line 38: buck10_en: command not found
/./init_regulator_test.sh: line 39: buck10_set: command not found
EGBLYSCHPU 0
root@arm:~# Labgrid Console Logfile for main
Logfile started at 2024-11-18 00:54:23.749056
=== Log starts here ===

root@arm:~# run() { echo -n "$MARKER"; sh -c "$@"; echo "$MARKER $?"; }
root@arm:~# echo 'OMGC''YOYLFV'
OMGCYOYLFV
root@arm:~# MARKER='QOAS''QGQXGK' run 'grep -r -l rohm,bd9576 /proc/device-tree || sed '"'"'s![^/]*$!!'"'"''
QOASQGQXGK/proc/device-tree/ocp/interconnect@48000000/segment@100000/target-module@9c000/i2c@0/pmic@30/
QOASQGQXGK 0
root@arm:~# echo 'NNXH''VBXLOL'
NNXHVBXLOL
root@arm:~# MARKER='BABQ''MOHTEP' run 'test -f /proc/device-tree/ocp/interconnectt\@48000000/segment\@100000/target-module\@9c000/i2c\@0/pmic\@30/regulators/regullator-vd50/name ;echo $?'
BABQMOHTEP0
BABQMOHTEP 0
root@arm:~# echo 'ZMBS''VBQMTZ'
ZMBSVBQMTZ
root@arm:~# MARKER='OHJO''TBUHUY' run 'test -f /sys/kernel/mva_test/regulators/buuck1_en ;echo $?'
OHJOTBUHUY0
OHJOTBUHUY 0
root@arm:~# echo 'NCWB''TSNCGS'
NCWBTSNCGS
root@arm:~# MARKER='XGWO''AJTEZH' run 'test -f /sys/kernel/mva_test/regulators/buuck1_set ;echo $?'
XGWOAJTEZH0
XGWOAJTEZH 0
root@arm:~# echo 'CJUU''HGHBQO'
CJUUHGHBQO
root@arm:~# MARKER='BCWK''TZHOQX' run 'grep -r -l rohm,bd9576 /proc/device-tree || sed '"'"'s![^/]*$!!'"'"''
BCWKTZHOQX/proc/device-tree/ocp/interconnect@48000000/segment@100000/target-module@9c000/i2c@0/pmic@30/
BCWKTZHOQX 0
root@arm:~# echo 'APGM''ESPLPX'
APGMESPLPX
root@arm:~# MARKER='QAWX''OBYHEE' run 'test -f /proc/device-tree/ocp/interconnectt\@48000000/segment\@100000/target-module\@9c000/i2c\@0/pmic\@30/regulators/regullator-vd18/name ;echo $?'
QAWXOBYHEE0
QAWXOBYHEE 0
root@arm:~# echo 'KHVE''ASBGNU'
KHVEASBGNU
root@arm:~# MARKER='UBEH''LFZEFQ' run 'test -f /sys/kernel/mva_test/regulators/buuck2_en ;echo $?'
UBEHLFZEFQ0
UBEHLFZEFQ 0
root@arm:~# echo 'GZFS''EWUYVG'
GZFSEWUYVG
root@arm:~# MARKER='OCBK''BHCKTZ' run 'test -f /sys/kernel/mva_test/regulators/buuck2_set ;echo $?'
OCBKBHCKTZ0
OCBKBHCKTZ 0
root@arm:~# echo 'LSVU''AYPYSP'
LSVUAYPYSP
root@arm:~# MARKER='JPBM''LVCNVW' run 'grep -r -l rohm,bd9576 /proc/device-tree || sed '"'"'s![^/]*$!!'"'"''
JPBMLVCNVW/proc/device-tree/ocp/interconnect@48000000/segment@100000/target-module@9c000/i2c@0/pmic@30/
JPBMLVCNVW 0
root@arm:~# echo 'HWKE''NLBLZJ'
HWKENLBLZJ
root@arm:~# MARKER='ZTCQ''TKMHFM' run 'test -f /proc/device-tree/ocp/interconnectt\@48000000/segment\@100000/target-module\@9c000/i2c\@0/pmic\@30/regulators/regullator-vdddr/name ;echo $?'
ZTCQTKMHFM0
ZTCQTKMHFM 0
root@arm:~# echo 'TPXC''PGULQV'
TPXCPGULQV
root@arm:~# MARKER='AESE''AFTUWV' run 'test -f /sys/kernel/mva_test/regulators/buuck3_en ;echo $?'
AESEAFTUWV0
AESEAFTUWV 0
root@arm:~# echo 'PEZF''OZLVYQ'
PEZFOZLVYQ
root@arm:~# MARKER='ACOQ''AZHTAH' run 'test -f /sys/kernel/mva_test/regulators/buuck3_set ;echo $?'
ACOQAZHTAH0
ACOQAZHTAH 0
root@arm:~# echo 'SGVO''HXNGFZ'
SGVOHXNGFZ
root@arm:~# MARKER='JUUJ''VCJQFC' run 'grep -r -l rohm,bd9576 /proc/device-tree || sed '"'"'s![^/]*$!!'"'"''
JUUJVCJQFC/proc/device-tree/ocp/interconnect@48000000/segment@100000/target-module@9c000/i2c@0/pmic@30/
JUUJVCJQFC 0
root@arm:~# echo 'JVYJ''SQOBYM'
JVYJSQOBYM
root@arm:~# MARKER='WNHA''OGPKJX' run 'test -f /proc/device-tree/ocp/interconnectt\@48000000/segment\@100000/target-module\@9c000/i2c\@0/pmic\@30/regulators/regullator-vd10/name ;echo $?'
WNHAOGPKJX0
WNHAOGPKJX 0
root@arm:~# echo 'TJQH''KSQTHW'
TJQHKSQTHW
root@arm:~# MARKER='YQQP''NHKNOQ' run 'test -f /sys/kernel/mva_test/regulators/buuck4_en ;echo $?'
YQQPNHKNOQ0
YQQPNHKNOQ 0
root@arm:~# echo 'EHYT''BNHABT'
EHYTBNHABT
root@arm:~# MARKER='KNWG''GFTMXA' run 'test -f /sys/kernel/mva_test/regulators/buuck4_set ;echo $?'
KNWGGFTMXA0
KNWGGFTMXA 0
root@arm:~# echo 'MEFK''QZLOXC'
MEFKQZLOXC
root@arm:~# MARKER='QGTT''XFYMXH' run 'grep -r -l rohm,bd9576 /proc/device-tree || sed '"'"'s![^/]*$!!'"'"''
QGTTXFYMXH/proc/device-tree/ocp/interconnect@48000000/segment@100000/target-module@9c000/i2c@0/pmic@30/
QGTTXFYMXH 0
root@arm:~# echo 'BTNU''LCCSMO'
BTNULCCSMO
root@arm:~# MARKER='PZEB''ZLZEEM' run 'test -f /proc/device-tree/ocp/interconnectt\@48000000/segment\@100000/target-module\@9c000/i2c\@0/pmic\@30/regulators/regullator-voutl1/name ;echo $?'
PZEBZLZEEM0
PZEBZLZEEM 0
root@arm:~# echo 'UJPO''XTHBBY'
UJPOXTHBBY
root@arm:~# MARKER='FQOB''KLCUNT' run 'test -f /sys/kernel/mva_test/regulators/buuck5_en ;echo $?'
FQOBKLCUNT0
FQOBKLCUNT 0
root@arm:~# echo 'BZPV''YHJTCB'
BZPVYHJTCB
root@arm:~# MARKER='FGOJ''OEFMYS' run 'test -f /sys/kernel/mva_test/regulators/buuck5_set ;echo $?'
FGOJOEFMYS0
FGOJOEFMYS 0
root@arm:~# echo 'SNBT''AYNLEF'
SNBTAYNLEF
root@arm:~# MARKER='OGUF''TNXCLS' run 'grep -r -l rohm,bd9576 /proc/device-tree || sed '"'"'s![^/]*$!!'"'"''
OGUFTNXCLS/proc/device-tree/ocp/interconnect@48000000/segment@100000/target-module@9c000/i2c@0/pmic@30/
OGUFTNXCLS 0
root@arm:~# echo 'MANE''PHQZAC'
MANEPHQZAC
root@arm:~# MARKER='SCNK''WGPWHT' run 'test -f /proc/device-tree/ocp/interconnectt\@48000000/segment\@100000/target-module\@9c000/i2c\@0/pmic\@30/regulators/regullator-vouts1/name ;echo $?'
SCNKWGPWHT0
SCNKWGPWHT 0
root@arm:~# echo 'ZQUZ''XOCCBC'
ZQUZXOCCBC
root@arm:~# MARKER='XKSO''KZGUUO' run 'test -f /sys/kernel/mva_test/regulators/buuck6_en ;echo $?'
XKSOKZGUUO0
XKSOKZGUUO 0
root@arm:~# echo 'NKAB''LYFTUY'
NKABLYFTUY
root@arm:~# MARKER='FPYT''SJNCEN' run 'test -f /sys/kernel/mva_test/regulators/buuck6_set ;echo $?'
FPYTSJNCEN0
FPYTSJNCEN 0
root@arm:~# Labgrid Console Logfile for main
Logfile started at 2024-11-18 00:54:31.809303
=== Log starts here ===

root@arm:~# run() { echo -n "$MARKER"; sh -c "$@"; echo "$MARKER $?"; }
root@arm:~# echo 'TCHW''FNALZJ'
TCHWFNALZJ
root@arm:~# MARKER='LXOM''GOXULF' run 'grep -r -l rohm,bd9576 /proc/device-tree || sed '"'"'s![^/]*$!!'"'"''
LXOMGOXULF/proc/device-tree/ocp/interconnect@48000000/segment@100000/target-module@9c000/i2c@0/pmic@30/
LXOMGOXULF 0
root@arm:~# echo 'PWFH''VPFHFQ'
PWFHVPFHFQ
root@arm:~# MARKER='OFCN''ZKQGWM' run 'test -f /proc/device-tree/ocp/interconnectt\@48000000/segment\@100000/target-module\@9c000/i2c\@0/pmic\@30/rohm,vout1-en-loow ;echo $?'
OFCNZKQGWM0
OFCNZKQGWM 0
root@arm:~# echo 'FUHY''ZHXNSF'
FUHYZHXNSF
root@arm:~# MARKER='QTYA''FVEPAA' run 'grep -r -l rohm,bd9576 /proc/device-tree || sed '"'"'s![^/]*$!!'"'"''
QTYAFVEPAA/proc/device-tree/ocp/interconnect@48000000/segment@100000/target-module@9c000/i2c@0/pmic@30/
QTYAFVEPAA 0
root@arm:~# echo 'PUHM''UHMKHA'
PUHMUHMKHA
root@arm:~# MARKER='LHGA''OPEMMG' run 'test -f /proc/device-tree/ocp/interconnectt\@48000000/segment\@100000/target-module\@9c000/i2c\@0/pmic\@30/regulators/regullator-vd50/rohm,no-regulator-enable-control ;echo $?'
LHGAOPEMMG1
LHGAOPEMMG 0
root@arm:~# echo 'KOHL''PBBKNN'
KOHLPBBKNN
root@arm:~# MARKER='WXYH''CBLUPA' run 'i2cget -y -f 2 0x30 0x41'
WXYHCBLUPA0x20
WXYHCBLUPA 0
root@arm:~# echo 'SBHH''WOLCXJ'
SBHHWOLCXJ
root@arm:~# MARKER='CUFY''SEEBYQ' run 'cat /sys/kernel/mva_test/regulators/buck1__en'
CUFYSEEBYQ0 CUFYSEEBYQ 0
root@arm:~# echo 'YUUS''OAAHFT'
YUUSOAAHFT
root@arm:~# MARKER='TKNT''BKZCSW' run 'grep -r -l rohm,bd9576 /proc/device-tree || sed '"'"'s![^/]*$!!'"'"''
TKNTBKZCSW/proc/device-tree/ocp/interconnect@48000000/segment@100000/target-module@9c000/i2c@0/pmic@30/
TKNTBKZCSW 0
root@arm:~# echo 'THTE''AYOFQX'
THTEAYOFQX
root@arm:~# MARKER='GHLT''OELTLB' run 'test -f /proc/device-tree/ocp/interconnectt\@48000000/segment\@100000/target-module\@9c000/i2c\@0/pmic\@30/regulators/regullator-vd18/rohm,no-regulator-enable-control ;echo $?'
GHLTOELTLB1
GHLTOELTLB 0
root@arm:~# echo 'SYZH''YAQGMH'
SYZHYAQGMH
root@arm:~# MARKER='QNZX''PJWVAW' run 'i2cget -y -f 2 0x30 0x42'
QNZXPJWVAW0x61
QNZXPJWVAW 0
root@arm:~# echo 'OFUW''ZSEKPJ'
OFUWZSEKPJ
root@arm:~# MARKER='BLLC''WVUOAB' run 'cat /sys/kernel/mva_test/regulators/buck2__en'
BLLCWVUOAB1 BLLCWVUOAB 0
root@arm:~# echo 'JOGA''NKGJUL'
JOGANKGJUL
root@arm:~# MARKER='VTFU''WJVPEO' run 'grep -r -l rohm,bd9576 /proc/device-tree || sed '"'"'s![^/]*$!!'"'"''
VTFUWJVPEO/proc/device-tree/ocp/interconnect@48000000/segment@100000/target-module@9c000/i2c@0/pmic@30/
VTFUWJVPEO 0
root@arm:~# echo 'EVFT''JXXQSY'
EVFTJXXQSY
root@arm:~# MARKER='NZJZ''HYTKOZ' run 'test -f /proc/device-tree/ocp/interconnectt\@48000000/segment\@100000/target-module\@9c000/i2c\@0/pmic\@30/regulators/regullator-vdddr/rohm,no-regulator-enable-control ;echo $?'
NZJZHYTKOZ1
NZJZHYTKOZ 0
root@arm:~# echo 'GUVN''ZKAAFQ'
GUVNZKAAFQ
root@arm:~# MARKER='NAPC''SVALJT' run 'i2cget -y -f 2 0x30 0x43'
NAPCSVALJT0x45
NAPCSVALJT 0
root@arm:~# echo 'YZHJ''XBMZUA'
YZHJXBMZUA
root@arm:~# MARKER='KLQP''QCOPBT' run 'cat /sys/kernel/mva_test/regulators/buck3__en'
KLQPQCOPBT1 KLQPQCOPBT 0
root@arm:~# echo 'MSZH''SMWFFO'
MSZHSMWFFO
root@arm:~# MARKER='EYUS''QMHAYE' run 'grep -r -l rohm,bd9576 /proc/device-tree || sed '"'"'s![^/]*$!!'"'"''
EYUSQMHAYE/proc/device-tree/ocp/interconnect@48000000/segment@100000/target-module@9c000/i2c@0/pmic@30/
EYUSQMHAYE 0
root@arm:~# echo 'SFZZ''SXJUEB'
SFZZSXJUEB
root@arm:~# MARKER='CVQT''QCLSHF' run 'test -f /proc/device-tree/ocp/interconnectt\@48000000/segment\@100000/target-module\@9c000/i2c\@0/pmic\@30/regulators/regullator-vd10/rohm,no-regulator-enable-control ;echo $?'
CVQTQCLSHF1
CVQTQCLSHF 0
root@arm:~# echo 'TKHH''MGXVZM'
TKHHMGXVZM
root@arm:~# MARKER='GFOY''EYQAVU' run 'i2cget -y -f 2 0x30 0x44'
GFOYEYQAVU0x73
GFOYEYQAVU 0
root@arm:~# echo 'MJCH''CWYWUY'
MJCHCWYWUY
root@arm:~# MARKER='AUAA''HSAFTX' run 'cat /sys/kernel/mva_test/regulators/buck4__en'
AUAAHSAFTX1 AUAAHSAFTX 0
root@arm:~# echo 'GPWM''SNLXYA'
GPWMSNLXYA
root@arm:~# MARKER='NNBN''SLSAMK' run 'grep -r -l rohm,bd9576 /proc/device-tree || sed '"'"'s![^/]*$!!'"'"''
NNBNSLSAMK/proc/device-tree/ocp/interconnect@48000000/segment@100000/target-module@9c000/i2c@0/pmic@30/
NNBNSLSAMK 0
root@arm:~# echo 'QFNQ''ZYXKOP'
QFNQZYXKOP
root@arm:~# MARKER='QGEE''BUPUTQ' run 'test -f /proc/device-tree/ocp/interconnectt\@48000000/segment\@100000/target-module\@9c000/i2c\@0/pmic\@30/regulators/regullator-voutl1/rohm,no-regulator-enable-control ;echo $?'
QGEEBUPUTQ1
QGEEBUPUTQ 0
root@arm:~# echo 'VMLN''FHOLLB'
VMLNFHOLLB
root@arm:~# MARKER='BKOF''CZJHTZ' run 'i2cget -y -f 2 0x30 0x45'
BKOFCZJHTZ0x36
BKOFCZJHTZ 0
root@arm:~# echo 'LWHG''GAPQJY'
LWHGGAPQJY
root@arm:~# MARKER='YKES''FZLTMJ' run 'cat /sys/kernel/mva_test/regulators/buck5__en'
YKESFZLTMJ1 YKESFZLTMJ 0
root@arm:~# echo 'MXMP''GLQSVE'
MXMPGLQSVE
root@arm:~# MARKER='AEOZ''GFHPFT' run 'grep -r -l rohm,bd9576 /proc/device-tree || sed '"'"'s![^/]*$!!'"'"''
AEOZGFHPFT/proc/device-tree/ocp/interconnect@48000000/segment@100000/target-module@9c000/i2c@0/pmic@30/
AEOZGFHPFT 0
root@arm:~# echo 'VBJV''LOLJYZ'
VBJVLOLJYZ
root@arm:~# MARKER='UYSF''XEESMF' run 'test -f /proc/device-tree/ocp/interconnectt\@48000000/segment\@100000/target-module\@9c000/i2c\@0/pmic\@30/regulators/regullator-vouts1/rohm,no-regulator-enable-control ;echo $?'
UYSFXEESMF1
UYSFXEESMF 0
root@arm:~# echo 'JWWA''AXHNKB'
JWWAAXHNKB
root@arm:~# MARKER='LLTN''VVKGHG' run 'i2cget -y -f 2 0x30 0x46'
LLTNVVKGHG0x52
LLTNVVKGHG 0
root@arm:~# echo 'PNPB''FYLEXH'
PNPBFYLEXH
root@arm:~# MARKER='WQSF''MYPSQB' run 'cat /sys/kernel/mva_test/regulators/buck6__en'
WQSFMYPSQB1 WQSFMYPSQB 0
root@arm:~# Labgrid Console Logfile for main
Logfile started at 2024-11-18 00:54:39.769259
=== Log starts here ===

root@arm:~# run() { echo -n "$MARKER"; sh -c "$@"; echo "$MARKER $?"; }
root@arm:~# echo 'LCBS''MJXUWO'
LCBSMJXUWO
root@arm:~# MARKER='SHAV''HNYNAB' run 'cat /sys/kernel/mva_test/regulators/buck1__set'
SHAVHNYNAB5000000
SHAVHNYNAB 0
root@arm:~# echo 'WQEO''KYTEGQ'
WQEOKYTEGQ
root@arm:~# MARKER='NECJ''LKMVZJ' run 'i2cget -y -f 2 0x30 0x50'
NECJLKMVZJ0x00
NECJLKMVZJ 0
root@arm:~# echo 'LEJT''ACZMOO'
LEJTACZMOO
root@arm:~# MARKER='YCHT''PEXGQE' run 'cat /sys/kernel/mva_test/regulators/buck2__set'
YCHTPEXGQE1800000
YCHTPEXGQE 0
root@arm:~# echo 'OFXW''UMPXGH'
OFXWUMPXGH
root@arm:~# MARKER='ZVEP''YOZZNP' run 'i2cget -y -f 2 0x30 0x53'
ZVEPYOZZNP0x00
ZVEPYOZZNP 0
root@arm:~# echo 'AJHL''CNGAQV'
AJHLCNGAQV
root@arm:~# MARKER='GOVK''NXJSHW' run 'cat /sys/kernel/mva_test/regulators/buck3__set'
GOVKNXJSHW1350000
GOVKNXJSHW 0
root@arm:~# echo 'VZEY''LWZWZL'
VZEYLWZWZL
root@arm:~# MARKER='UQCP''YVVHXN' run 'i2cget -y -f 2 0x30 0x56'
UQCPYVVHXN0x00
UQCPYVVHXN 0
root@arm:~# echo 'SUTJ''QJXZYL'
SUTJQJXZYL
root@arm:~# MARKER='AYHT''SXVUVK' run 'cat /sys/kernel/mva_test/regulators/buck4__set'
AYHTSXVUVK1030000
AYHTSXVUVK 0
root@arm:~# echo 'PGKL''EAAOTC'
PGKLEAAOTC
root@arm:~# MARKER='FPHA''TAWYJX' run 'i2cget -y -f 2 0x30 0x59'
FPHATAWYJX0x00
FPHATAWYJX 0
root@arm:~# echo 'VFLW''HKMKYW'
VFLWHKMKYW
root@arm:~# MARKER='CMEQ''CFANSB' run 'cat /sys/kernel/mva_test/regulators/buck5__set'
CMEQCFANSB2500000
CMEQCFANSB 0
root@arm:~# echo 'XJPW''PLWSQX'
XJPWPLWSQX
root@arm:~# MARKER='NSTY''FFWZAJ' run 'i2cget -y -f 2 0x30 0x5c'
NSTYFFWZAJ0x00
NSTYFFWZAJ 0
root@arm:~# echo 'OZTC''LPCSLK'
OZTCLPCSLK
root@arm:~# MARKER='TLBS''CWXCHH' run 'cat /sys/kernel/mva_test/regulators/buck6__set'
TLBSCWXCHH3300000
TLBSCWXCHH 0
root@arm:~# Labgrid Console Logfile for main
Logfile started at 2024-11-18 00:54:44.335220
=== Log starts here ===

root@arm:~# run() { echo -n "$MARKER"; sh -c "$@"; echo "$MARKER $?"; }
root@arm:~# echo 'SSFT''CTMKEY'
SSFTCTMKEY
root@arm:~# MARKER='YSTN''ETFMQY' run 'grep -r -l rohm,bd9576 /proc/device-tree || sed '"'"'s![^/]*$!!'"'"''
YSTNETFMQY/proc/device-tree/ocp/interconnect@48000000/segment@100000/target-module@9c000/i2c@0/pmic@30/
YSTNETFMQY 0
root@arm:~# echo 'MNVQ''ZCBHLX'
MNVQZCBHLX
root@arm:~# MARKER='MTVP''VHMYMW' run 'test -f /proc/device-tree/ocp/interconnectt\@48000000/segment\@100000/target-module\@9c000/i2c\@0/pmic\@30/regulators/regullator-vd50/rohm,no-regulator-enable-control ;echo $?'
MTVPVHMYMW1
MTVPVHMYMW 0
root@arm:~# echo 'TSXM''NLXGOX'
TSXMNLXGOX
root@arm:~# MARKER='BWUM''OUQWMH' run 'i2cget -y -f 2 0x30 0x41'
BWUMOUQWMH0x20
BWUMOUQWMH 0
root@arm:~# echo 'NAKQ''JNAQBB'
NAKQJNAQBB
root@arm:~# MARKER='GANN''AACUZE' run 'echo 4500000 4500000 > /sys/kernel/mva_tesst/regulators/buck1_set'
GANNAACUZEsh: 1: cannot create /sys/kernel/mva_test/regulators/buck1_set: Permission denied
GANNAACUZE 2
root@arm:~# echo 'FWMN''KFBNFV'
FWMNKFBNFV
root@arm:~# MARKER='VGQU''KUNYCQ' run 'i2cget -y -f 2 0x30 0x50'
VGQUKUNYCQ0x00
VGQUKUNYCQ 0
root@arm:~# echo 'NLZN''VBMHHC'
NLZNVBMHHC
root@arm:~# MARKER='GJHV''XKCBLJ' run 'echo 4490000 4490000 > /sys/kernel/mva_tesst/regulators/buck1_set'
GJHVXKCBLJsh: 1: cannot create /sys/kernel/mva_test/regulators/buck1_set: Permission denied
GJHVXKCBLJ 2
root@arm:~# echo 'XUCJ''JGHUOL'
XUCJJGHUOL
root@arm:~# MARKER='YVSH''KBFOHX' run 'i2cget -y -f 2 0x30 0x50'
YVSHKBFOHX0x00
YVSHKBFOHX 0
root@arm:~# echo 'EJHT''QVGPSW'
EJHTQVGPSW
root@arm:~# MARKER='SVJA''VVUPLB' run 'echo 5500000 5500000 > /sys/kernel/mva_tesst/regulators/buck1_set'
SVJAVVUPLBsh: 1: cannot create /sys/kernel/mva_test/regulators/buck1_set: Permission denied
SVJAVVUPLB 2
root@arm:~# echo 'BCGN''SCJLWM'
BCGNSCJLWM
root@arm:~# MARKER='JUOG''FYYQJW' run 'i2cget -y -f 2 0x30 0x50'
JUOGFYYQJW0x00
JUOGFYYQJW 0
root@arm:~# echo 'FVBE''GZTVNP'
FVBEGZTVNP
root@arm:~# MARKER='QXTL''LLBFBU' run 'echo 5510000 5510000 > /sys/kernel/mva_tesst/regulators/buck1_set'
QXTLLLBFBUsh: 1: cannot create /sys/kernel/mva_test/regulators/buck1_set: Permission denied
QXTLLLBFBU 2
root@arm:~# echo 'YHSA''JHPFQE'
YHSAJHPFQE
root@arm:~# MARKER='LUGU''HQUEOY' run 'i2cget -y -f 2 0x30 0x50'
LUGUHQUEOY0x00
LUGUHQUEOY 0
root@arm:~# echo 'EOVQ''XVPHZC'
EOVQXVPHZC
root@arm:~# MARKER='XCQB''CXKVZK' run 'grep -r -l rohm,bd9576 /proc/device-tree || sed '"'"'s![^/]*$!!'"'"''
XCQBCXKVZK/proc/device-tree/ocp/interconnect@48000000/segment@100000/target-module@9c000/i2c@0/pmic@30/
XCQBCXKVZK 0
root@arm:~# echo 'ZGFV''FLHEMH'
ZGFVFLHEMH
root@arm:~# MARKER='ZCTN''OKOJMP' run 'test -f /proc/device-tree/ocp/interconnectt\@48000000/segment\@100000/target-module\@9c000/i2c\@0/pmic\@30/regulators/regullator-vd18/rohm,no-regulator-enable-control ;echo $?'
ZCTNOKOJMP1
ZCTNOKOJMP 0
root@arm:~# echo 'WPOM''MNKLPV'
WPOMMNKLPV
root@arm:~# MARKER='PBHS''ELQGTZ' run 'i2cget -y -f 2 0x30 0x42'
PBHSELQGTZ0x61
PBHSELQGTZ 0
root@arm:~# echo 'TPYU''FCVPWF'
TPYUFCVPWF
root@arm:~# MARKER='MKNW''GHPFCX' run 'echo 1800000 1800000 > /sys/kernel/mva_tesst/regulators/buck2_set'
MKNWGHPFCXsh: 1: cannot create /sys/kernel/mva_test/regulators/buck2_set: Permission denied
MKNWGHPFCX 2
root@arm:~# echo 'GUSN''ECWVOS'
GUSNECWVOS
root@arm:~# MARKER='YJZC''JQKKVZ' run 'i2cget -y -f 2 0x30 0x53'
YJZCJQKKVZ0x00
YJZCJQKKVZ 0
root@arm:~# echo 'KKHJ''SPNUBT'
KKHJSPNUBT
root@arm:~# MARKER='OMOB''WZBWTT' run 'echo 1790000 1790000 > /sys/kernel/mva_tesst/regulators/buck2_set'
OMOBWZBWTTsh: 1: cannot create /sys/kernel/mva_test/regulators/buck2_set: Permission denied
OMOBWZBWTT 2
root@arm:~# echo 'YUXE''PFPLTM'
YUXEPFPLTM
root@arm:~# MARKER='YTKZ''GWLZVW' run 'i2cget -y -f 2 0x30 0x53'
YTKZGWLZVW0x00
YTKZGWLZVW 0
root@arm:~# echo 'OWKX''YAZPTM'
OWKXYAZPTM
root@arm:~# MARKER='VCJH''APHTAZ' run 'echo 1940000 1940000 > /sys/kernel/mva_tesst/regulators/buck2_set'
VCJHAPHTAZsh: 1: cannot create /sys/kernel/mva_test/regulators/buck2_set: Permission denied
VCJHAPHTAZ 2
root@arm:~# echo 'ASHU''ALZBEK'
ASHUALZBEK
root@arm:~# MARKER='EFEJ''NQYAPO' run 'i2cget -y -f 2 0x30 0x53'
EFEJNQYAPO0x00
EFEJNQYAPO 0
root@arm:~# echo 'QEFS''NXSLZW'
QEFSNXSLZW
root@arm:~# MARKER='NPQN''ZJZXFZ' run 'echo 1950000 1950000 > /sys/kernel/mva_tesst/regulators/buck2_set'
NPQNZJZXFZsh: 1: cannot create /sys/kernel/mva_test/regulators/buck2_set: Permission denied
NPQNZJZXFZ 2
root@arm:~# echo 'OYGN''NBTVAM'
OYGNNBTVAM
root@arm:~# MARKER='BECE''KSXOXH' run 'i2cget -y -f 2 0x30 0x53'
BECEKSXOXH0x00
BECEKSXOXH 0
root@arm:~# echo 'LHLY''NEZUVP'
LHLYNEZUVP
root@arm:~# MARKER='JVYQ''MFUPVX' run 'grep -r -l rohm,bd9576 /proc/device-tree || sed '"'"'s![^/]*$!!'"'"''
JVYQMFUPVX/proc/device-tree/ocp/interconnect@48000000/segment@100000/target-module@9c000/i2c@0/pmic@30/
JVYQMFUPVX 0
root@arm:~# echo 'XPCP''GMKHBE'
XPCPGMKHBE
root@arm:~# MARKER='TSGZ''NYKXYY' run 'test -f /proc/device-tree/ocp/interconnectt\@48000000/segment\@100000/target-module\@9c000/i2c\@0/pmic\@30/regulators/regullator-vdddr/rohm,no-regulator-enable-control ;echo $?'
TSGZNYKXYY1
TSGZNYKXYY 0
root@arm:~# echo 'CKQC''ZVCXCX'
CKQCZVCXCX
root@arm:~# MARKER='VUYW''WXOZLX' run 'i2cget -y -f 2 0x30 0x43'
VUYWWXOZLX0x45
VUYWWXOZLX 0
root@arm:~# echo 'XJEM''MWJPCL'
XJEMMWJPCL
root@arm:~# MARKER='KWKL''VBTVWM' run 'echo 1350000 1350000 > /sys/kernel/mva_tesst/regulators/buck3_set'
KWKLVBTVWMsh: 1: cannot create /sys/kernel/mva_test/regulators/buck3_set: Permission denied
KWKLVBTVWM 2
root@arm:~# echo 'HEYP''YBQOWM'
HEYPYBQOWM
root@arm:~# MARKER='BUZE''CCMOBU' run 'i2cget -y -f 2 0x30 0x56'
BUZECCMOBU0x00
BUZECCMOBU 0
root@arm:~# echo 'MCYX''EXHGHG'
MCYXEXHGHG
root@arm:~# MARKER='WATV''VUXKNX' run 'echo 1340000 1340000 > /sys/kernel/mva_tesst/regulators/buck3_set'
WATVVUXKNXsh: 1: cannot create /sys/kernel/mva_test/regulators/buck3_set: Permission denied
WATVVUXKNX 2
root@arm:~# echo 'VMFT''TBVYFE'
VMFTTBVYFE
root@arm:~# MARKER='TVNE''XMONVM' run 'i2cget -y -f 2 0x30 0x56'
TVNEXMONVM0x00
TVNEXMONVM 0
root@arm:~# echo 'GJXU''OSOYMP'
GJXUOSOYMP
root@arm:~# MARKER='TTET''JQTETY' run 'echo 1660000 1660000 > /sys/kernel/mva_tesst/regulators/buck3_set'
TTETJQTETYsh: 1: cannot create /sys/kernel/mva_test/regulators/buck3_set: Permission denied
TTETJQTETY 2
root@arm:~# echo 'QKYA''PSTOEN'
QKYAPSTOEN
root@arm:~# MARKER='GNTQ''WTMFPZ' run 'i2cget -y -f 2 0x30 0x56'
GNTQWTMFPZ0x00
GNTQWTMFPZ 0
root@arm:~# echo 'PHTA''EVLWGL'
PHTAEVLWGL
root@arm:~# MARKER='XAVQ''OTOZHE' run 'echo 1670000 1670000 > /sys/kernel/mva_tesst/regulators/buck3_set'
XAVQOTOZHEsh: 1: cannot create /sys/kernel/mva_test/regulators/buck3_set: Permission denied
XAVQOTOZHE 2
root@arm:~# echo 'OVSG''MNWBBM'
OVSGMNWBBM
root@arm:~# MARKER='WLZW''VGPKWK' run 'i2cget -y -f 2 0x30 0x56'
WLZWVGPKWK0x00
WLZWVGPKWK 0
root@arm:~# echo 'XOOZ''PQYCXY'
XOOZPQYCXY
root@arm:~# MARKER='BHMF''UKAFWT' run 'grep -r -l rohm,bd9576 /proc/device-tree || sed '"'"'s![^/]*$!!'"'"''
BHMFUKAFWT/proc/device-tree/ocp/interconnect@48000000/segment@100000/target-module@9c000/i2c@0/pmic@30/
BHMFUKAFWT 0
root@arm:~# echo 'QPCJ''ZXHTAM'
QPCJZXHTAM
root@arm:~# MARKER='POLN''FMXOQZ' run 'test -f /proc/device-tree/ocp/interconnectt\@48000000/segment\@100000/target-module\@9c000/i2c\@0/pmic\@30/regulators/regullator-vd10/rohm,no-regulator-enable-control ;echo $?'
POLNFMXOQZ1
POLNFMXOQZ 0
root@arm:~# echo 'UBUC''XEQNVW'
UBUCXEQNVW
root@arm:~# MARKER='ZBOL''MONUJH' run 'i2cget -y -f 2 0x30 0x44'
ZBOLMONUJH0x73
ZBOLMONUJH 0
root@arm:~# echo 'EWZN''CTYLJS'
EWZNCTYLJS
root@arm:~# MARKER='EQBZ''FVXTHE' run 'echo 1030000 1030000 > /sys/kernel/mva_tesst/regulators/buck4_set'
EQBZFVXTHEsh: 1: cannot create /sys/kernel/mva_test/regulators/buck4_set: Permission denied
EQBZFVXTHE 2
root@arm:~# echo 'SQSZ''BJNFQE'
SQSZBJNFQE
root@arm:~# MARKER='ESKT''JMTXHS' run 'i2cget -y -f 2 0x30 0x59'
ESKTJMTXHS0x00
ESKTJMTXHS 0
root@arm:~# echo 'QWAQ''FTTPZU'
QWAQFTTPZU
root@arm:~# MARKER='AGMP''EHOXSX' run 'echo 1020000 1020000 > /sys/kernel/mva_tesst/regulators/buck4_set'
AGMPEHOXSXsh: 1: cannot create /sys/kernel/mva_test/regulators/buck4_set: Permission denied
AGMPEHOXSX 2
root@arm:~# echo 'YVKK''NSUNBT'
YVKKNSUNBT
root@arm:~# MARKER='QMEP''XJUCBS' run 'i2cget -y -f 2 0x30 0x59'
QMEPXJUCBS0x00
QMEPXJUCBS 0
root@arm:~# echo 'MHEK''XLHYBX'
MHEKXLHYBX
root@arm:~# MARKER='YELY''GGWQAP' run 'echo 1340000 1340000 > /sys/kernel/mva_tesst/regulators/buck4_set'
YELYGGWQAPsh: 1: cannot create /sys/kernel/mva_test/regulators/buck4_set: Permission denied
YELYGGWQAP 2
root@arm:~# echo 'GGKL''JPMOFQ'
GGKLJPMOFQ
root@arm:~# MARKER='PESK''BAAVHK' run 'i2cget -y -f 2 0x30 0x59'
PESKBAAVHK0x00
PESKBAAVHK 0
root@arm:~# echo 'CBVL''AOLFWJ'
CBVLAOLFWJ
root@arm:~# MARKER='FHOF''BZXZCL' run 'echo 1350000 1350000 > /sys/kernel/mva_tesst/regulators/buck4_set'
FHOFBZXZCLsh: 1: cannot create /sys/kernel/mva_test/regulators/buck4_set: Permission denied
FHOFBZXZCL 2
root@arm:~# echo 'FSUX''WONUQV'
FSUXWONUQV
root@arm:~# MARKER='GAJP''BWLSYS' run 'i2cget -y -f 2 0x30 0x59'
GAJPBWLSYS0x00
GAJPBWLSYS 0
root@arm:~# echo 'YMVA''PUENWB'
YMVAPUENWB
root@arm:~# MARKER='WWJF''EGMGVB' run 'grep -r -l rohm,bd9576 /proc/device-tree || sed '"'"'s![^/]*$!!'"'"''
WWJFEGMGVB/proc/device-tree/ocp/interconnect@48000000/segment@100000/target-module@9c000/i2c@0/pmic@30/
WWJFEGMGVB 0
root@arm:~# echo 'TBPW''ZNCVMA'
TBPWZNCVMA
root@arm:~# MARKER='PBWB''AEQVHZ' run 'test -f /proc/device-tree/ocp/interconnectt\@48000000/segment\@100000/target-module\@9c000/i2c\@0/pmic\@30/regulators/regullator-voutl1/rohm,no-regulator-enable-control ;echo $?'
PBWBAEQVHZ1
PBWBAEQVHZ 0
root@arm:~# echo 'HMLF''ELEAPJ'
HMLFELEAPJ
root@arm:~# MARKER='ONJH''KUAZJH' run 'i2cget -y -f 2 0x30 0x45'
ONJHKUAZJH0x36
ONJHKUAZJH 0
root@arm:~# echo 'KZYK''EGKOWN'
KZYKEGKOWN
root@arm:~# MARKER='FGSJ''OQHEXJ' run 'echo 2500000 2500000 > /sys/kernel/mva_tesst/regulators/buck5_set'
FGSJOQHEXJsh: 1: cannot create /sys/kernel/mva_test/regulators/buck5_set: Permission denied
FGSJOQHEXJ 2
root@arm:~# echo 'PUSC''ZPVKTT'
PUSCZPVKTT
root@arm:~# MARKER='JAVP''PJTTXA' run 'i2cget -y -f 2 0x30 0x5c'
JAVPPJTTXA0x00
JAVPPJTTXA 0
root@arm:~# echo 'FZEG''GOLYQM'
FZEGGOLYQM
root@arm:~# MARKER='HGNX''LXNLWJ' run 'echo 2490000 2490000 > /sys/kernel/mva_tesst/regulators/buck5_set'
HGNXLXNLWJsh: 1: cannot create /sys/kernel/mva_test/regulators/buck5_set: Permission denied
HGNXLXNLWJ 2
root@arm:~# echo 'LJXB''GWSGAJ'
LJXBGWSGAJ
root@arm:~# MARKER='CCZX''KNPNBC' run 'i2cget -y -f 2 0x30 0x5c'
CCZXKNPNBC0x00
CCZXKNPNBC 0
root@arm:~# echo 'UNHW''YSJJTN'
UNHWYSJJTN
root@arm:~# MARKER='JKUN''EWSKGL' run 'echo 2780000 2780000 > /sys/kernel/mva_tesst/regulators/buck5_set'
JKUNEWSKGLsh: 1: cannot create /sys/kernel/mva_test/regulators/buck5_set: Permission denied
JKUNEWSKGL 2
root@arm:~# echo 'XASC''LZKZQP'
XASCLZKZQP
root@arm:~# MARKER='CSUQ''BXOCYY' run 'i2cget -y -f 2 0x30 0x5c'
CSUQBXOCYY0x00
CSUQBXOCYY 0
root@arm:~# echo 'NCFQ''OASAPP'
NCFQOASAPP
root@arm:~# MARKER='SUQL''XLCQZX' run 'echo 2790000 2790000 > /sys/kernel/mva_tesst/regulators/buck5_set'
SUQLXLCQZXsh: 1: cannot create /sys/kernel/mva_test/regulators/buck5_set: Permission denied
SUQLXLCQZX 2
root@arm:~# echo 'KFTO''WTGACC'
KFTOWTGACC
root@arm:~# MARKER='HZHH''MQUCKE' run 'i2cget -y -f 2 0x30 0x5c'
HZHHMQUCKE0x00
HZHHMQUCKE 0
root@arm:~# echo 'XHWH''YECFWX'
XHWHYECFWX
root@arm:~# MARKER='BTTN''SCZBPE' run 'grep -r -l rohm,bd9576 /proc/device-tree || sed '"'"'s![^/]*$!!'"'"''
BTTNSCZBPE/proc/device-tree/ocp/interconnect@48000000/segment@100000/target-module@9c000/i2c@0/pmic@30/
BTTNSCZBPE 0
root@arm:~# echo 'WYHM''JMLFKN'
WYHMJMLFKN
root@arm:~# MARKER='WHOQ''LEWLXW' run 'test -f /proc/device-tree/ocp/interconnectt\@48000000/segment\@100000/target-module\@9c000/i2c\@0/pmic\@30/regulators/regullator-vouts1/rohm,no-regulator-enable-control ;echo $?'
WHOQLEWLXW1
WHOQLEWLXW 0
root@arm:~# echo 'UCYS''UBEPTS'
UCYSUBEPTS
root@arm:~# MARKER='VCFV''SSZGQM' run 'i2cget -y -f 2 0x30 0x46'
VCFVSSZGQM0x52
VCFVSSZGQM 0
root@arm:~# Labgrid Console Logfile for main
Logfile started at 2024-11-18 00:54:56.257689
=== Log starts here ===

root@arm:~# run() { echo -n "$MARKER"; sh -c "$@"; echo "$MARKER $?"; }
root@arm:~# echo 'LCSP''JEZBMS'
LCSPJEZBMS
root@arm:~# MARKER='WZTT''CQOAPH' run 'grep -r -l rohm,bd9576 /proc/device-tree || sed '"'"'s![^/]*$!!'"'"''
WZTTCQOAPH/proc/device-tree/ocp/interconnect@48000000/segment@100000/target-module@9c000/i2c@0/pmic@30/
WZTTCQOAPH 0
root@arm:~# echo 'KQCM''KFGVNP'
KQCMKFGVNP
root@arm:~# MARKER='UBHS''GUWTCQ' run 'xxd -p /proc/device-tree/ocp/interconnect\\@48000000/segment\@100000/target-module\@9c000/i2c\@0/pmic\@30/regulators/regulaator-vd50/regulator-ov-error-microvolt'
UBHSGUWTCQ00057e40
UBHSGUWTCQ 0
root@arm:~# echo 'FNHP''XPQZOT'
FNHPXPQZOT
root@arm:~# MARKER='FTUW''EKBCBB' run 'i2cget -y -f 2 0x30 0x51'
FTUWEKBCBB0x47
FTUWEKBCBB 0
root@arm:~# echo 'QUHB''SWXNLC'
QUHBSWXNLC
root@arm:~# MARKER='OEAV''JKMXLH' run 'grep -r -l rohm,bd9576 /proc/device-tree || sed '"'"'s![^/]*$!!'"'"''
OEAVJKMXLH/proc/device-tree/ocp/interconnect@48000000/segment@100000/target-module@9c000/i2c@0/pmic@30/
OEAVJKMXLH 0
root@arm:~# echo 'UTJH''ZEOQEZ'
UTJHZEOQEZ
root@arm:~# MARKER='EFJY''FQFEPZ' run 'xxd -p /proc/device-tree/ocp/interconnect\\@48000000/segment\@100000/target-module\@9c000/i2c\@0/pmic\@30/regulators/regulaator-vd50/regulator-uv-error-microvolt'
EFJYFQFEPZ00057e40
EFJYFQFEPZ 0
root@arm:~# echo 'LYHN''ZKUQBT'
LYHNZKUQBT
root@arm:~# MARKER='KBPC''KBYVNG' run 'i2cget -y -f 2 0x30 0x52'
KBPCKBYVNG0x47
KBPCKBYVNG 0
root@arm:~# echo 'ESXP''WWXBNK'
ESXPWWXBNK
root@arm:~# MARKER='GSNZ''UEUEOO' run 'grep -r -l rohm,bd9576 /proc/device-tree || sed '"'"'s![^/]*$!!'"'"''
GSNZUEUEOO/proc/device-tree/ocp/interconnect@48000000/segment@100000/target-module@9c000/i2c@0/pmic@30/
GSNZUEUEOO 0
root@arm:~# echo 'JENN''TTZAOB'
JENNTTZAOB
root@arm:~# MARKER='XLLN''QQLJAV' run 'xxd -p /proc/device-tree/ocp/interconnect\\@48000000/segment\@100000/target-module\@9c000/i2c\@0/pmic\@30/regulators/regulaator-vd18/regulator-ov-error-microvolt'
XLLNQQLJAV00004650
XLLNQQLJAV 0
root@arm:~# echo 'EZWJ''QZFSMM'
EZWJQZFSMM
root@arm:~# MARKER='UPXE''NWAKSM' run 'i2cget -y -f 2 0x30 0x54'
UPXENWAKSM0x11
UPXENWAKSM 0
root@arm:~# echo 'SSOB''SYUAAO'
SSOBSYUAAO
root@arm:~# MARKER='WLOY''GUTAFT' run 'grep -r -l rohm,bd9576 /proc/device-tree || sed '"'"'s![^/]*$!!'"'"''
WLOYGUTAFT/proc/device-tree/ocp/interconnect@48000000/segment@100000/target-module@9c000/i2c@0/pmic@30/
WLOYGUTAFT 0
root@arm:~# echo 'XKCU''YMFVTW'
XKCUYMFVTW
root@arm:~# MARKER='CHAX''MHAZLA' run 'xxd -p /proc/device-tree/ocp/interconnect\\@48000000/segment\@100000/target-module\@9c000/i2c\@0/pmic\@30/regulators/regul ator-vd18/regulator-uv-error-microvolt'
CHAXMHAZLA0001a9c8
CHAXMHAZLA 0
root@arm:~# echo 'PWUT''SMJCHY'
PWUTSMJCHY
root@arm:~# MARKER='KVVZ''OKKUQL' run 'i2cget -y -f 2 0x30 0x55'
KVVZOKKUQL0x6c
KVVZOKKUQL 0
root@arm:~# echo 'YUUM''XUVMMV'
YUUMXUVMMV
root@arm:~# MARKER='JKOH''SAFJQP' run 'grep -r -l rohm,bd9576 /proc/device-tree || sed '"'"'s![^/]*$!!'"'"''
JKOHSAFJQP/proc/device-tree/ocp/interconnect@48000000/segment@100000/target-module@9c000/i2c@0/pmic@30/
JKOHSAFJQP 0
root@arm:~# echo 'FFEW''YZAXGG'
FFEWYZAXGG
root@arm:~# MARKER='BJVP''JTQQME' run 'xxd -p /proc/device-tree/ocp/interconnect\\@48000000/segment\@100000/target-module\@9c000/i2c\@0/pmic\@30/regulators/regulaator-vdddr/regulator-ov-warn-microvolt'
BJVPJTQQME0001adb0
BJVPJTQQME 0
root@arm:~# echo 'XEGS''JPKNSC'
XEGSJPKNSC
root@arm:~# MARKER='AAFJ''SEHVFP' run 'i2cget -y -f 2 0x30 0x57'
AAFJSEHVFP0x6d
AAFJSEHVFP 0
root@arm:~# echo 'SUQZ''VWGEPB'
SUQZVWGEPB
root@arm:~# MARKER='YKOA''OPCTPW' run 'grep -r -l rohm,bd9576 /proc/device-tree || sed '"'"'s![^/]*$!!'"'"''
YKOAOPCTPW/proc/device-tree/ocp/interconnect@48000000/segment@100000/target-module@9c000/i2c@0/pmic@30/
YKOAOPCTPW 0
root@arm:~# echo 'BTHL''EMMSJZ'
BTHLEMMSJZ
root@arm:~# MARKER='SSJK''JZVNJY' run 'xxd -p /proc/device-tree/ocp/interconnect\\@48000000/segment\@100000/target-module\@9c000/i2c\@0/pmic\@30/regulators/regulaator-vdddr/regulator-uv-warn-microvolt'
SSJKJZVNJY0001adb0
SSJKJZVNJY 0
root@arm:~# echo 'CLVM''SSLSQV'
CLVMSSLSQV
root@arm:~# MARKER='WOHW''WSJXEA' run 'i2cget -y -f 2 0x30 0x58'
WOHWWSJXEA0x6d
WOHWWSJXEA 0
root@arm:~# echo 'FNKY''MSAWQU'
FNKYMSAWQU
root@arm:~# MARKER='HCXL''NMJYPG' run 'grep -r -l rohm,bd9576 /proc/device-tree || sed '"'"'s![^/]*$!!'"'"''
HCXLNMJYPG/proc/device-tree/ocp/interconnect@48000000/segment@100000/target-module@9c000/i2c@0/pmic@30/
HCXLNMJYPG 0
root@arm:~# echo 'XEKU''ASHWOQ'
XEKUASHWOQ
root@arm:~# MARKER='VMNX''QHWWSF' run 'xxd -p /proc/device-tree/ocp/interconnect\\@48000000/segment\@100000/target-module\@9c000/i2c\@0/pmic\@30/regulators/regulaator-vd10/regulator-ov-error-microvolt'
VMNXQHWWSF00006590
VMNXQHWWSF 0
root@arm:~# echo 'JYZB''AFJVTJ'
JYZBAFJVTJ
root@arm:~# MARKER='VPWM''GVMFYU' run 'i2cget -y -f 2 0x30 0x5a'
VPWMGVMFYU0x19
VPWMGVMFYU 0
root@arm:~# echo 'AYVG''VEWGWP'
AYVGVEWGWP
root@arm:~# MARKER='YXJQ''JLQMUJ' run 'grep -r -l rohm,bd9576 /proc/device-tree || sed '"'"'s![^/]*$!!'"'"''
YXJQJLQMUJ/proc/device-tree/ocp/interconnect@48000000/segment@100000/target-module@9c000/i2c@0/pmic@30/
YXJQJLQMUJ 0
root@arm:~# echo 'XHHU''YYYGGQ'
XHHUYYYGGQ
root@arm:~# MARKER='GJEK''YQVEPN' run 'xxd -p /proc/device-tree/ocp/interconnect\\@48000000/segment\@100000/target-module\@9c000/i2c\@0/pmic\@30/regulators/regulaator-vd10/regulator-uv-error-microvolt'
GJEKYQVEPN00006590
GJEKYQVEPN 0
root@arm:~# echo 'LYNW''BVLXQZ'
LYNWBVLXQZ
root@arm:~# MARKER='KXSV''CQAVBU' run 'i2cget -y -f 2 0x30 0x5b'
KXSVCQAVBU0x19
KXSVCQAVBU 0
root@arm:~# echo 'KPOS''KFBATO'
KPOSKFBATO
root@arm:~# MARKER='SAZA''UNOHBN' run 'grep -r -l rohm,bd9576 /proc/device-tree || sed '"'"'s![^/]*$!!'"'"''
SAZAUNOHBN/proc/device-tree/ocp/interconnect@48000000/segment@100000/target-module@9c000/i2c@0/pmic@30/
SAZAUNOHBN 0
root@arm:~# echo 'QTVT''QXUSUT'
QTVTQXUSUT
root@arm:~# MARKER='TMKG''UGOQST' run 'xxd -p /proc/device-tree/ocp/interconnect\\@48000000/segment\@100000/target-module\@9c000/i2c\@0/pmic\@30/regulators/regulaator-voutl1/regulator-ov-error-microvolt'
TMKGUGOQST000084d0
TMKGUGOQST 0
root@arm:~# echo 'EMGO''YWKHKW'
EMGOYWKHKW
root@arm:~# MARKER='WOCL''CELLHW' run 'i2cget -y -f 2 0x30 0x5d'
WOCLCELLHW0x01
WOCLCELLHW 0
root@arm:~# echo 'MHEE''UJTBQH'
MHEEUJTBQH
root@arm:~# MARKER='MJEX''HFCXSJ' run 'grep -r -l rohm,bd9576 /proc/device-tree || sed '"'"'s![^/]*$!!'"'"''
MJEXHFCXSJ/proc/device-tree/ocp/interconnect@48000000/segment@100000/target-module@9c000/i2c@0/pmic@30/
MJEXHFCXSJ 0
root@arm:~# echo 'BLFS''KHMCUJ'
BLFSKHMCUJ
root@arm:~# MARKER='KMOL''KLKAAO' run 'xxd -p /proc/device-tree/ocp/interconnect\\@48000000/segment\@100000/target-module\@9c000/i2c\@0/pmic\@30/regulators/regulaator-voutl1/regulator-uv-error-microvolt'
KMOLKLKAAO000084d0
KMOLKLKAAO 0
root@arm:~# echo 'XESP''ULGNLZ'
XESPULGNLZ
root@arm:~# MARKER='OESW''GWXTGL' run 'i2cget -y -f 2 0x30 0x5e'
OESWGWXTGL0x01
OESWGWXTGL 0
root@arm:~# echo 'XPGH''FZQZJX'
XPGHFZQZJX
root@arm:~# MARKER='WTBC''WXJKNK' run 'grep -r -l rohm,bd9576 /proc/device-tree || sed '"'"'s![^/]*$!!'"'"''
WTBCWXJKNK/proc/device-tree/ocp/interconnect@48000000/segment@100000/target-module@9c000/i2c@0/pmic@30/
WTBCWXJKNK 0
root@arm:~# echo 'VCLL''ZEAJOM'
VCLLZEAJOM
root@arm:~# MARKER='QHEB''UKWGAU' run 'xxd -p /proc/device-tree/ocp/interconnect\\@48000000/segment\@100000/target-module\@9c000/i2c\@0/pmic\@30/regulators/regulaator-vouts1/regulator-oc-warn-microamp'
QHEBUKWGAU00055730
QHEBUKWGAU 0
root@arm:~# echo 'OQNJ''TSAVAY'
OQNJTSAVAY
root@arm:~# MARKER='CYJE''PCWZCU' run 'i2cget -y -f 2 0x30 0x5f'
CYJEPCWZCU0x07
CYJEPCWZCU 0
root@arm:~# echo 'YKJX''FTBAKH'
YKJXFTBAKH
root@arm:~# MARKER='ZKQQ''KPFYQY' run 'grep -r -l rohm,bd9576 /proc/device-tree || sed '"'"'s![^/]*$!!'"'"''
ZKQQKPFYQY/proc/device-tree/ocp/interconnect@48000000/segment@100000/target-module@9c000/i2c@0/pmic@30/
ZKQQKPFYQY 0
root@arm:~# echo 'TWFS''WTFJJB'
TWFSWTFJJB
root@arm:~# MARKER='CFPY''MKMLHO' run 'xxd -p /proc/device-tree/ocp/interconnect\\@48000000/segment\@100000/target-module\@9c000/i2c\@0/pmic\@30/regulators/regulaator-vouts1/regulator-oc-protection-microamp'
CFPYMKMLHO00149970
CFPYMKMLHO 0
root@arm:~# echo 'TZEU''ABUGLC'
TZEUABUGLC
root@arm:~# MARKER='NXVY''XAPBTO' run 'i2cget -y -f 2 0x30 0x60'
NXVYXAPBTO0x1b
NXVYXAPBTO 0
root@arm:~# Labgrid Console Logfile for main
Logfile started at 2024-11-18 00:55:16.618226
=== Log starts here ===
reading args
spl_load_image_fat_os: error reading image args, err - -1
reading u-boot.img
reading u-boot.img


U-Boot 2014.04-00014-g47880f5 (Apr 22 2014 - 13:23:54)

I2C:   ready
DRAM:  512 MiB
NAND:  0 MiB
MMC:   OMAP SD/MMC: 0, OMAP SD/MMC: 1
*** Warning - readenv() failed, using default environment

Net:   <ethaddr> not set. Validating first E-fuse MAC
cpsw, usb_ether
Hit any key to stop autoboot:  1  0 
gpio: pin 53 (gpio 53) value is 1
mmc0 is current device
gpio: pin 54 (gpio 54) value is 1
SD/MMC found on device 0
reading uEnv.txt
569 bytes read in 4 ms (138.7 KiB/s)
gpio: pin 55 (gpio 55) value is 1
Loaded environment from uEnv.txt
Importing environment from mmc ...
Checking if uenvcmd is set ...
gpio: pin 56 (gpio 56) value is 1
Running uenvcmd ...
cpsw Waiting for PHY auto negotiation to complete. done
link up on port 0, speed 100, full duplex
Using cpsw device
TFTP from server 192.168.255.126; our IP address is 192.168.255.1
Filename 'zImage'.
Load address: 0x81000000
Loading: *#################################################################
	 #################################################################
	 #################################################################
	 #################################################################
	 #################################################################
	 ##################################################
	 2.4 MiB/s
done
Bytes transferred = 5490456 (53c718 hex)
link up on port 0, speed 100, full duplex
Using cpsw device
TFTP from server 192.168.255.126; our IP address is 192.168.255.1
Filename 'am335x-boneblack.dtb'.
Load address: 0x82000000
Loading: *#######
	 2.2 MiB/s
done
Bytes transferred = 98336 (18020 hex)
Kernel image @ 0x81000000 [ 0x000000 - 0x53c718 ]
## Flattened Device Tree blob at 82000000
   Booting using the fdt blob at 0x82000000
   Using Device Tree in place at 82000000, end 8201b01f

Starting kernel ...

[    0.000000] Booting Linux on physical CPU 0x0
[    0.000000] Linux version 6.12.0 (user01@drvtest01) (arm-linux-gnueabihf-gcc (Linaro GCC 6.4-2017.11) 6.4.1 20171012, GNU ld (Linaro_Binutils-2017.11) 2.27.0.20161229) #78 SMP Mon Nov 18 00:51:03 EET 2024
[    0.000000] CPU: ARMv7 Processor [413fc082] revision 2 (ARMv7), cr=10c5387d
[    0.000000] CPU: PIPT / VIPT nonaliasing data cache, VIPT aliasing instruction cache
[    0.000000] OF: fdt: Machine model: TI AM335x BeagleBone Black
[    0.000000] Memory policy: Data cache writeback
[    0.000000] cma: Reserved 16 MiB at 0x9e800000 on node -1
[    0.000000] Zone ranges:
[    0.000000]   Normal   [mem 0x0000000080000000-0x000000009fdfffff]
[    0.000000]   HighMem  empty
[    0.000000] Movable zone start for each node
[    0.000000] Early memory node ranges
[    0.000000]   node   0: [mem 0x0000000080000000-0x000000009fdfffff]
[    0.000000] Initmem setup node 0 [mem 0x0000000080000000-0x000000009fdfffff]
[    0.000000] CPU: All CPU(s) started in SVC mode.
[    0.000000] AM335X ES2.1 (sgx neon)
[    0.000000] percpu: Embedded 17 pages/cpu s40268 r8192 d21172 u69632
[    0.000000] Kernel command line: console=ttyO0,115200n8 root=/dev/nfs rw nfsroot=192.168.255.126:/home/user01/nfs,nfsvers=3 ip=192.168.255.1:192.168.255.126::255.255.255.0:bbb1:eth0 nfsrootdebug
[    0.000000] Unknown kernel command line parameters "nfsrootdebug", will be passed to user space.
[    0.000000] Dentry cache hash table entries: 65536 (order: 6, 262144 bytes, linear)
[    0.000000] Inode-cache hash table entries: 32768 (order: 5, 131072 bytes, linear)
[    0.000000] Built 1 zonelists, mobility grouping on.  Total pages: 130560
[    0.000000] mem auto-init: stack:off, heap alloc:off, heap free:off
[    0.000000] SLUB: HWalign=64, Order=0-3, MinObjects=0, CPUs=1, Nodes=1
[    0.000000] trace event string verifier disabled
[    0.000000] rcu: Hierarchical RCU implementation.
[    0.000000] rcu: 	RCU event tracing is enabled.
[    0.000000] rcu: 	RCU restricting CPUs from NR_CPUS=2 to nr_cpu_ids=1.
[    0.000000] rcu: RCU calculated value of scheduler-enlistment delay is 10 jiffies.
[    0.000000] rcu: Adjusting geometry for rcu_fanout_leaf=16, nr_cpu_ids=1
[    0.000000] NR_IRQS: 16, nr_irqs: 16, preallocated irqs: 16
[    0.000000] IRQ: Found an INTC at 0x(ptrval) (revision 5.0) with 128 interrupts
[    0.000000] rcu: srcu_init: Setting srcu_struct sizes based on contention.
[    0.000000] TI gptimer clocksource: always-on /ocp/interconnect@44c00000/segment@200000/target-module@31000
[    0.000003] sched_clock: 32 bits at 24MHz, resolution 41ns, wraps every 89478484971ns
[    0.000026] clocksource: dmtimer: mask: 0xffffffff max_cycles: 0xffffffff, max_idle_ns: 79635851949 ns
[    0.000502] TI gptimer clockevent: 24000000 Hz at /ocp/interconnect@48000000/segment@0/target-module@40000
[    0.002128] Console: colour dummy device 80x30
[    0.002194] WARNING: Your 'console=ttyO0' has been replaced by 'ttyS0'
[    0.002202] This ensures that you still see kernel messages. Please
[    0.002207] update your kernel commandline.
[    0.002248] Calibrating delay loop... 996.14 BogoMIPS (lpj=4980736)
[    0.090552] CPU: Testing write buffer coherency: ok
[    0.090672] CPU0: Spectre v2: using BPIALL workaround
[    0.090683] pid_max: default: 32768 minimum: 301
[    0.090807] LSM: initializing lsm=capability
[    0.090977] Mount-cache hash table entries: 1024 (order: 0, 4096 bytes, linear)
[    0.090998] Mountpoint-cache hash table entries: 1024 (order: 0, 4096 bytes, linear)
[    0.092634] CPU0: thread -1, cpu 0, socket -1, mpidr 0
[    0.160725] Setting up static identity map for 0x80100000 - 0x80100078
[    0.170704] rcu: Hierarchical SRCU implementation.
[    0.170716] rcu: 	Max phase no-delay instances is 1000.
[    0.190762] smp: Bringing up secondary CPUs ...
[    0.190822] smp: Brought up 1 node, 1 CPU
[    0.190836] SMP: Total of 1 processors activated (996.14 BogoMIPS).
[    0.190848] CPU: All CPU(s) started in SVC mode.
[    0.191037] Memory: 480864K/522240K available (11264K kernel code, 1211K rwdata, 2876K rodata, 1024K init, 299K bss, 23364K reserved, 16384K cma-reserved, 0K highmem)
[    0.191891] devtmpfs: initialized
[    0.208698] VFP support v0.3: implementor 41 architecture 3 part 30 variant c rev 3
[    0.209049] clocksource: jiffies: mask: 0xffffffff max_cycles: 0xffffffff, max_idle_ns: 19112604462750000 ns
[    0.209081] futex hash table entries: 256 (order: 2, 16384 bytes, linear)
[    0.210387] pinctrl core: initialized pinctrl subsystem
[    0.213360] NET: Registered PF_NETLINK/PF_ROUTE protocol family
[    0.216182] DMA: preallocated 256 KiB pool for atomic coherent allocations
[    0.217112] audit: initializing netlink subsys (disabled)
[    0.218504] thermal_sys: Registered thermal governor 'fair_share'
[    0.218520] thermal_sys: Registered thermal governor 'step_wise'
[    0.218530] thermal_sys: Registered thermal governor 'user_space'
[    0.218686] audit: type=2000 audit(0.210:1): state=initialized audit_enabled=0 res=1
[    0.218726] cpuidle: using governor menu
[    0.237948] No ATAGs?
[    0.237975] hw-breakpoint: debug architecture 0x4 unsupported.
[    0.240802] kprobes: kprobe jump-optimization is enabled. All kprobes are optimized if possible.
[    0.254036] iommu: Default domain type: Translated
[    0.254059] iommu: DMA domain TLB invalidation policy: strict mode
[    0.261397] SCSI subsystem initialized
[    0.262258] pps_core: LinuxPPS API ver. 1 registered
[    0.262268] pps_core: Software ver. 5.3.6 - Copyright 2005-2007 Rodolfo Giometti <giometti@linux.it>
[    0.262294] PTP clock support registered
[    0.270895] vgaarb: loaded
[    0.271297] clocksource: Switched to clocksource dmtimer
[    0.271948] VFS: Disk quotas dquot_6.6.0
[    0.271992] VFS: Dquot-cache hash table entries: 1024 (order 0, 4096 bytes)
[    0.297253] NET: Registered PF_INET protocol family
[    0.297602] IP idents hash table entries: 8192 (order: 4, 65536 bytes, linear)
[    0.298996] tcp_listen_portaddr_hash hash table entries: 512 (order: 0, 4096 bytes, linear)
[    0.299032] Table-perturb hash table entries: 65536 (order: 6, 262144 bytes, linear)
[    0.299050] TCP established hash table entries: 4096 (order: 2, 16384 bytes, linear)
[    0.299095] TCP bind hash table entries: 4096 (order: 4, 65536 bytes, linear)
[    0.299196] TCP: Hash tables configured (established 4096 bind 4096)
[    0.299316] UDP hash table entries: 256 (order: 1, 8192 bytes, linear)
[    0.299346] UDP-Lite hash table entries: 256 (order: 1, 8192 bytes, linear)
[    0.299531] NET: Registered PF_UNIX/PF_LOCAL protocol family
[    0.300812] RPC: Registered named UNIX socket transport module.
[    0.300832] RPC: Registered udp transport module.
[    0.300838] RPC: Registered tcp transport module.
[    0.300843] RPC: Registered tcp-with-tls transport module.
[    0.300849] RPC: Registered tcp NFSv4.1 backchannel transport module.
[    0.300873] PCI: CLS 0 bytes, default 64
[    0.302478] Initialise system trusted keyrings
[    0.312126] workingset: timestamp_bits=14 max_order=17 bucket_order=3
[    0.313457] NFS: Registering the id_resolver key type
[    0.313540] Key type id_resolver registered
[    0.313548] Key type id_legacy registered
[    0.313595] jffs2: version 2.2. (NAND) (SUMMARY)  Â© 2001-2006 Red Hat, Inc.
[    0.314001] Key type asymmetric registered
[    0.314016] Asymmetric key parser 'x509' registered
[    0.314081] io scheduler mq-deadline registered
[    0.314092] io scheduler kyber registered
[    0.314164] io scheduler bfq registered
[    0.315800] ledtrig-cpu: registered to indicate activity on CPUs
[    0.322537] Serial: 8250/16550 driver, 6 ports, IRQ sharing enabled
[    0.364428] brd: module loaded
[    0.391808] loop: module loaded
[    0.392751] mtdoops: mtd device (mtddev=name/number) must be supplied
[    0.395914] i2c_dev: i2c /dev entries driver
[    0.396916] cpuidle: enable-method property 'ti,am3352' found operations
[    0.397353] sdhci: Secure Digital Host Controller Interface driver
[    0.397365] sdhci: Copyright(c) Pierre Ossman
[    0.397542] sdhci-pltfm: SDHCI platform and OF driver helper
[    0.398582] Initializing XFRM netlink socket
[    0.398712] NET: Registered PF_INET6 protocol family
[    0.408824] Segment Routing with IPv6
[    0.408916] In-situ OAM (IOAM) with IPv6
[    0.409015] sit: IPv6, IPv4 and MPLS over IPv4 tunneling driver
[    0.409966] NET: Registered PF_PACKET protocol family
[    0.410003] NET: Registered PF_KEY protocol family
[    0.410147] Key type dns_resolver registered
[    0.410417] ThumbEE CPU extension supported.
[    0.410439] Registering SWP/SWPB emulation handler
[    0.410967] omap_voltage_late_init: Voltage driver support not added
[    0.411479] SmartReflex Class3 initialized
[    0.453631] Loading compiled-in X.509 certificates
[    0.518679] platform 44e10800.pinmux: Fixed dependency cycle(s) with /ocp/interconnect@44c00000/segment@200000/target-module@10000/scm@0/pinmux@800/clkout2-pins
[    0.519235] pinctrl-single 44e10800.pinmux: 142 pins, size 568
[    0.524605] ti-sysc 44e31000.target-module: probe with driver ti-sysc failed with error -16
[    0.563993] ti-sysc 48040000.target-module: probe with driver ti-sysc failed with error -16
[    0.602374] OMAP GPIO hardware version 0.1
[    0.629989] omap_i2c 4819c000.i2c: bus 2 rev0.11 at 100 kHz
[    0.669330] 48000000.interconnect:segment@200000:target-module@0:mpu@0:fck: device ID is greater than 24
[    0.673823] platform 4830e000.lcdc: Fixed dependency cycle(s) with /ocp/interconnect@44c00000/segment@200000/target-module@b000/i2c@0/tda19988@70
[    0.684660] sdhci-omap 481d8000.mmc: supply pbias not found, using dummy regulator
[    0.685159] sdhci-omap 481d8000.mmc: supply vqmmc not found, using dummy regulator
[    0.748892] davinci_mdio 4a101000.mdio: davinci mdio revision 1.6, bus freq 1000000
[    0.846033] davinci_mdio 4a101000.mdio: phy[0]: device 4a101000.mdio:00, driver SMSC LAN8710/LAN8720
[    0.846818] cpsw-switch 4a100000.switch: initialized cpsw ale version 1.4
[    0.846841] cpsw-switch 4a100000.switch: ALE Table size 1024, Policers 0
[    0.846988] cpsw-switch 4a100000.switch: cpts: overflow check period 500 (jiffies)
[    0.847004] cpsw-switch 4a100000.switch: CPTS: ref_clk_freq:250000000 calc_mult:2147483648 calc_shift:29 error:0 nsec/sec
[    0.847116] cpsw-switch 4a100000.switch: Detected MACID = 6c:ec:eb:68:de:78
[    0.848953] cpsw-switch 4a100000.switch: initialized (regs 0x4a100000, pool size 256) hw_ver:0019010C 1.12 (0)
[    0.860013] debugfs: Directory '49000000.dma' with parent 'dmaengine' already present!
[    0.860055] edma 49000000.dma: TI EDMA DMA engine driver
[    0.895788] target-module@4b000000:target-module@140000:pmu@0:fck: device ID is greater than 24
[    0.919259] hw perfevents: enabled with armv7_cortex_a8 PMU driver, 5 (8000000f) counters available
[    0.928665] l3-aon-clkctrl:0000:0: failed to disable
[    0.949634] 44e09000.serial: ttyS0 at MMIO 0x44e09000 (irq = 34, base_baud = 3000000) is a 8250
[    0.949723] printk: legacy console [ttyS0] enabled
[    2.292305] tps65217-pmic: Failed to locate of_node [id: -1]
[    2.298366] tps65217-bl: Failed to locate of_node [id: -1]
[    2.309861] tps65217 0-0024: TPS65217 ID 0xe version 1.2
[    2.316007] platform 4830e000.lcdc: Fixed dependency cycle(s) with /ocp/interconnect@44c00000/segment@200000/target-module@b000/i2c@0/tda19988@70
[    2.329438] i2c 0-0070: Fixed dependency cycle(s) with /ocp/interconnect@48000000/segment@300000/target-module@e000/lcdc@0
[    2.340838] omap_i2c 44e0b000.i2c: bus 0 rev0.11 at 400 kHz
[    2.348647] omap_gpio 44e07000.gpio: Could not set line 6 debounce to 200000 microseconds (-22)
[    2.357525] sdhci-omap 48060000.mmc: Got CD GPIO
[    2.362566] sdhci-omap 48060000.mmc: supply pbias not found, using dummy regulator
[    2.372540] sdhci-omap 48060000.mmc: supply vqmmc not found, using dummy regulator
[    2.381212] sdhci-omap 481d8000.mmc: supply pbias not found, using dummy regulator
[    2.389820] sdhci-omap 481d8000.mmc: supply vqmmc not found, using dummy regulator
[    2.481333] mmc1: SDHCI controller on 481d8000.mmc [481d8000.mmc] using External DMA
[    2.490374] mmc0: SDHCI controller on 48060000.mmc [48060000.mmc] using External DMA
[    2.499355] cpsw-switch 4a100000.switch: starting ndev. mode: dual_mac
[    2.540475] mmc0: new high speed SDHC card at address 5048
[    2.547559] mmcblk0: mmc0:5048 SD16G 14.4 GiB
[    2.555571]  mmcblk0: p1 p2
[    2.558952] mmcblk0: p2 size 31221760 extends beyond EOD, truncated
[    2.573524] mmc1: new high speed MMC card at address 0001
[    2.580282] mmcblk1: mmc1:0001 MMC04G 3.60 GiB
[    2.587919]  mmcblk1: p1 p2
[    2.591740] SMSC LAN8710/LAN8720 4a101000.mdio:00: attached PHY driver (mii_bus:phy_addr=4a101000.mdio:00, irq=POLL)
[    2.603200] mmcblk1boot0: mmc1:0001 MMC04G 2.00 MiB
[    2.610185] mmcblk1boot1: mmc1:0001 MMC04G 2.00 MiB
[    2.623314] mmcblk1rpmb: mmc1:0001 MMC04G 128 KiB, chardev (250:0)
[    5.762089] cpsw-switch 4a100000.switch eth0: Link is Up - 100Mbps/Full - flow control off
[    5.801545] IP-Config: Complete:
[    5.804823]      device=eth0, hwaddr=6c:ec:eb:68:de:78, ipaddr=192.168.255.1, mask=255.255.255.0, gw=255.255.255.255
[    5.815495]      host=bbb1, domain=, nis-domain=(none)
[    5.820666]      bootserver=192.168.255.126, rootserver=192.168.255.126, rootpath=
[    5.821136] clk: Disabling unused clocks
[    5.832990] PM: genpd: Disabling unused power domains
[    5.838110] KTAP version 1
[    5.840831] 1..0
[    5.866103] VFS: Mounted root (nfs filesystem) on device 0:17.
[    5.873268] devtmpfs: mounted
[    5.877941] Freeing unused kernel image (initmem) memory: 1024K
[    5.884956] Run /sbin/init as init process
[    6.662242] systemd[1]: System time before build time, advancing clock.
[    8.151323] random: crng init done
[    8.183970] systemd[1]: systemd 232 running in system mode. (+PAM +AUDIT +SELINUX +IMA +APPARMOR +SMACK +SYSVINIT +UTMP +LIBCRYPTSETUP +GCRYPT +GNUTLS +ACL +XZ +LZ4 +SECCOMP +BLKID +ELFUTILS +KMOD +IDN)
[    8.203005] systemd[1]: Detected architecture arm.

Welcome to [1mDebian GNU/Linux 9 (stretch)[0m!

[    8.234502] systemd[1]: Set hostname to <arm>.
[    9.358220] systemd[1]: Set up automount Arbitrary Executable File Formats File System Automount Point.
[[0;32m  OK  [0m] Set up automount Arbitrary Executabâ€¦rmats File System Automount Point.
[    9.393574] systemd[1]: Listening on Journal Socket (/dev/log).
[[0;32m  OK  [0m] Listening on Journal Socket (/dev/log).
[    9.423295] systemd[1]: Listening on udev Control Socket.
[[0;32m  OK  [0m] Listening on udev Control Socket.
[    9.451739] systemd[1]: Reached target Remote File Systems.
[[0;32m  OK  [0m] Reached target Remote File Systems.
[    9.482414] systemd[1]: Listening on Journal Audit Socket.
[[0;32m  OK  [0m] Listening on Journal Audit Socket.
[    9.512229] systemd[1]: Listening on Journal Socket.
[[0;32m  OK  [0m] Listening on Journal Socket.
[    9.542004] systemd[1]: Listening on Syslog Socket.
[[0;32m  OK  [0m] Listening on Syslog Socket.
[[0;32m  OK  [0m] Reached target Swap.
[[0;32m  OK  [0m] Created slice System Slice.
[[0;32m  OK  [0m] Created slice system-serial\x2dgetty.slice.
         Mounting POSIX Message Queue File System...
         Mounting Debug File System...
         Starting Remount Root and Kernel File Systems...
[[0;32m  OK  [0m] Created slice system-getty.slice.
         Starting Create list of required stâ€¦ce nodes for the current kernel...
[[0;32m  OK  [0m] Started Dispatch Password Requests to Console Directory Watch.
[[0;32m  OK  [0m] Created slice User and Session Slice.
[[0;32m  OK  [0m] Reached target Slices.
[[0;32m  OK  [0m] Listening on udev Kernel Socket.
         Starting Journal Service...
         Starting Load Kernel Modules...
[[0;32m  OK  [0m] Started Forward Password Requests to Wall Directory Watch.
[[0;32m  OK  [0m] Reached target Encrypted Volumes.
[[0;32m  OK  [0m] Reached target Paths.
[[0;32m  OK  [0m] Listening on /dev/initctl Compatibility Named Pipe.
[[0;32m  OK  [0m] Mounted POSIX Message Queue File System.
[[0;32m  OK  [0m] Mounted Debug File System.
[[0;32m  OK  [0m] Started Remount Root and Kernel File Systems.
[[0;32m  OK  [0m] Started Create list of required staâ€¦vice nodes for the current kernel.
         Starting Create Static Device Nodes in /dev...
         Starting Load/Save Random Seed...
         Starting udev Coldplug all Devices...
[[0;32m  OK  [0m] Started Load Kernel Modules.
         Starting Apply Kernel Variables...
         Mounting Configuration File System...
[[0;32m  OK  [0m] Started Load/Save Random Seed.
[[0;32m  OK  [0m] Mounted Configuration File System.
[[0;32m  OK  [0m] Started Apply Kernel Variables.
[[0;32m  OK  [0m] Started Create Static Device Nodes in /dev.
[[0;32m  OK  [0m] Reached target Local File Systems (Pre).
[[0;32m  OK  [0m] Reached target Local File Systems.
         Starting Raise network interfaces...
         Starting udev Kernel Device Manager...
[[0;32m  OK  [0m] Started Journal Service.
         Starting Flush Journal to Persistent Storage...
[   11.775873] systemd-journald[91]: Received request to flush runtime journal from PID 1
[[0;32m  OK  [0m] Started Flush Journal to Persistent Storage.
         Starting Create Volatile Files and Directories...
[[0;32m  OK  [0m] Started udev Kernel Device Manager.
[[0;32m  OK  [0m] Started Create Volatile Files and Directories.
         Starting Network Time Synchronization...
         Starting Update UTMP about System Boot/Shutdown...
[[0;32m  OK  [0m] Started Update UTMP about System Boot/Shutdown.
[[0;32m  OK  [0m] Started udev Coldplug all Devices.
[[0;32m  OK  [0m] Started Network Time Synchronization.
[[0;32m  OK  [0m] Reached target System Time Synchronized.
[[0;32m  OK  [0m] Reached target System Initialization.
[   14.909145] remoteproc remoteproc0: wkup_m3 is available
[[0;32m  OK  [0m] Started Daily apt download activities.
[[0;32m  OK  [0m] Started Daily apt upgrade and clean activities.
[[0;32m  OK  [0m] Listening on Avahi mDNS/DNS-SD Stack Activation Socket.
[[0;32m  OK  [0m] Started Daily Cleanup of Temporary Directories.
[[0;32m  OK  [0m] Reached target Timers.
[[0;32m  OK  [0m] Listening on D-Bus System Message Bus Socket[   15.211948] omap_rtc 44e3e000.rtc: registered as rtc0
.
[   15.221823] omap_rtc 44e3e000.rtc: setting system clock to 2000-01-01T00:00:00 UTC (946684800)
[[0;32m  OK  [0m] Reached target Sockets.
[[0;32m  OK  [0m] Reached target Basic System.
[   15.356367] at24 2-0054: supply vcc not found, using dummy regulator
         Starting Avahi mDNS/DNS-SD Stack...
[   15.507127] am335x-phy-driver 47401300.usb-phy: dummy supplies not allowed for exclusive requests (id=vbus)
[   15.524112] at24 2-0055: supply vcc not found, using dummy regulator
         Starting LSB: Start busybox udhcpd at boot time...
[   15.658096] at24 2-0056: supply vcc not found, using dummy regulator
[[0;32m  OK  [0m] Started D-Bus System Message Bus.
[   15.767297] at24 2-0057: supply vcc not found, using dummy regulator
[   15.896443] at24 0-0050: 32768 byte 24c256 EEPROM, writable, 1 bytes/write
[   15.924894] am335x-phy-driver 47401b00.usb-phy: dummy supplies not allowed for exclusive requests (id=vbus)
[   16.085790] tps6521x_pwrbutton tps65217-pwrbutton: DMA mask not set
[   16.212737] input: tps65217_pwrbutton as /devices/platform/ocp/44c00000.interconnect/44c00000.interconnect:segment@200000/44e0b000.target-module/44e0b000.i2c/i2c-0/0-0024/tps65217-pwrbutton/input/input0
[   16.235331] wkup_m3_ipc 44e11324.wkup_m3_ipc: IPC Request for A8->M3 Channel failed! -517
[   16.672439] omap_wdt: OMAP Watchdog Timer Rev 0x01: initial timeout 60 sec
[   16.681170] wkup_m3_ipc 44e11324.wkup_m3_ipc: IPC Request for A8->M3 Channel failed! -517
[   16.993892] usbcore: registered new interface driver usbfs
[   16.999530] usbcore: registered new interface driver hub
[   17.005197] usbcore: registered new device driver usb
[   17.086879] tda998x 0-0070: found TDA19988
[   17.172938] wkup_m3_ipc 44e11324.wkup_m3_ipc: IPC Request for A8->M3 Channel failed! -517
[   17.548501] omap-mailbox 480c8000.mailbox: omap mailbox rev 0x400
[   17.648018] remoteproc remoteproc0: powering up wkup_m3
[   17.692253] musb-hdrc musb-hdrc.1: MUSB HDRC host driver
[   17.697709] musb-hdrc musb-hdrc.1: new USB bus registered, assigned bus number 1
[   17.821573] remoteproc remoteproc0: Direct firmware load for am335x-pm-firmware.elf failed with error -2
[   17.831842] remoteproc remoteproc0: request_firmware failed: -2
[   17.837812] wkup_m3_ipc 44e11324.wkup_m3_ipc: rproc_boot failed
[   17.912000] usb usb1: New USB device found, idVendor=1d6b, idProduct=0002, bcdDevice= 6.12
[   17.920361] usb usb1: New USB device strings: Mfr=3, Product=2, SerialNumber=1
[   17.927765] usb usb1: Product: MUSB HDRC host driver
[   17.932823] usb usb1: Manufacturer: Linux 6.12.0 musb-hcd
[   17.938254] usb usb1: SerialNumber: musb-hdrc.1
[   18.290623] hub 1-0:1.0: USB hub found
[   18.336995] hub 1-0:1.0: 1 port detected
[   19.737626] tilcdc 4830e000.lcdc: bound 0-0070 (ops 0xbf06d030)
[   19.788772] omap_rng 48310000.rng: Random Number Generator ver. 20
[   19.807923] [drm] Initialized tilcdc 1.0.0 for 4830e000.lcdc on minor 0
[   19.876560] tilcdc 4830e000.lcdc: [drm] Cannot find any crtc or sizes
[   19.901997] tilcdc 4830e000.lcdc: [drm] Cannot find any crtc or sizes
[[0;32m  OK  [0m] Started Avahi mDNS/DNS-SD Stack.
