Labgrid Console Logfile for main
Logfile started at 2025-04-07 06:24:49.310212
=== Log starts here ===
reading args
spl_load_image_fat_os: error reading image args, err - -1
reading u-boot.img
reading u-boot.img


U-Boot 2014.04-00014-g47880f5 (Apr 22 2014 - 13:23:54)

I2C:   ready
DRAM:  512 MiB
NAND:  0 MiB
MMC:   OMAP SD/MMC: 0, OMAP SD/MMC: 1
*** Warning - readenv() failed, using default environment

Net:   <ethaddr> not set. Validating first E-fuse MAC
cpsw, usb_ether
Hit any key to stop autoboot:  1  0 
gpio: pin 53 (gpio 53) value is 1
mmc0 is current device
gpio: pin 54 (gpio 54) value is 1
SD/MMC found on device 0
reading uEnv.txt
569 bytes read in 4 ms (138.7 KiB/s)
gpio: pin 55 (gpio 55) value is 1
Loaded environment from uEnv.txt
Importing environment from mmc ...
Checking if uenvcmd is set ...
gpio: pin 56 (gpio 56) value is 1
Running uenvcmd ...
cpsw Waiting for PHY auto negotiation to complete. done
link up on port 0, speed 100, full duplex
Using cpsw device
TFTP from server 192.168.255.126; our IP address is 192.168.255.1
Filename 'zImage'.
Load address: 0x81000000
Loading: *#################################################################
	 #################################################################
	 #################################################################
	 #################################################################
	 #################################################################
	 ############################################################
	 2.4 MiB/s
done
Bytes transferred = 5639216 (560c30 hex)
link up on port 0, speed 100, full duplex
Using cpsw device
TFTP from server 192.168.255.126; our IP address is 192.168.255.1
Filename 'am335x-boneblack.dtb'.
Load address: 0x82000000
Loading: *#######
	 2.2 MiB/s
done
Bytes transferred = 98244 (17fc4 hex)
Kernel image @ 0x81000000 [ 0x000000 - 0x560c30 ]
## Flattened Device Tree blob at 82000000
   Booting using the fdt blob at 0x82000000
   Using Device Tree in place at 82000000, end 8201afc3

Starting kernel ...

[    0.000000] Booting Linux on physical CPU 0x0
[    0.000000] Linux version 6.15.0-rc1-next-20250407 (user01@drvtest01) (arm-none-eabi-gcc (Arm GNU Toolchain 14.2.Rel1 (Build arm-14.52)) 14.2.1 20241119, GNU ld (Arm GNU Toolchain 14.2.Rel1 (Build arm-14.52)) 2.43.1.20241119) #1 SMP Mon Apr  7 06:23:28 EEST 2025
[    0.000000] CPU: ARMv7 Processor [413fc082] revision 2 (ARMv7), cr=10c5387d
[    0.000000] CPU: PIPT / VIPT nonaliasing data cache, VIPT aliasing instruction cache
[    0.000000] OF: fdt: Machine model: TI AM335x BeagleBone Black
[    0.000000] Memory policy: Data cache writeback
[    0.000000] cma: Reserved 16 MiB at 0x00000000
[    0.000000] Zone ranges:
[    0.000000]   Normal   [mem 0x0000000080000000-0x000000009fdfffff]
[    0.000000]   HighMem  empty
[    0.000000] Movable zone start for each node
[    0.000000] Early memory node ranges
[    0.000000]   node   0: [mem 0x0000000080000000-0x000000009fdfffff]
[    0.000000] Initmem setup node 0 [mem 0x0000000080000000-0x000000009fdfffff]
[    0.000000] On node 0, zone Normal: 512 pages in unavailable ranges
[    0.000000] OF: reserved mem: Reserved memory: No reserved-memory node in the DT
[    0.000000] CPU: All CPU(s) started in SVC mode.
[    0.000000] AM335X ES2.1 (sgx neon)
[    0.000000] percpu: Embedded 17 pages/cpu s39692 r8192 d21748 u69632
[    0.000000] Kernel command line: console=ttyO0,115200n8 root=/dev/nfs rw nfsroot=192.168.255.126:/home/user01/nfs,nfsvers=3 ip=192.168.255.1:192.168.255.126::255.255.255.0:bbb1:eth0 nfsrootdebug
[    0.000000] Unknown kernel command line parameters "nfsrootdebug", will be passed to user space.
[    0.000000] printk: log buffer data + meta data: 65536 + 204800 = 270336 bytes
[    0.000000] Dentry cache hash table entries: 65536 (order: 6, 262144 bytes, linear)
[    0.000000] Inode-cache hash table entries: 32768 (order: 5, 131072 bytes, linear)
[    0.000000] Built 1 zonelists, mobility grouping on.  Total pages: 130560
[    0.000000] mem auto-init: stack:off, heap alloc:off, heap free:off
[    0.000000] SLUB: HWalign=16, Order=0-3, MinObjects=0, CPUs=1, Nodes=1
[    0.000000] rcu: Hierarchical RCU implementation.
[    0.000000] rcu: 	RCU event tracing is enabled.
[    0.000000] rcu: 	RCU restricting CPUs from NR_CPUS=2 to nr_cpu_ids=1.
[    0.000000] 	Tracing variant of Tasks RCU enabled.
[    0.000000] rcu: RCU calculated value of scheduler-enlistment delay is 10 jiffies.
[    0.000000] rcu: Adjusting geometry for rcu_fanout_leaf=16, nr_cpu_ids=1
[    0.000000] RCU Tasks Trace: Setting shift to 0 and lim to 1 rcu_task_cb_adjust=1 rcu_task_cpu_ids=1.
[    0.000000] NR_IRQS: 16, nr_irqs: 16, preallocated irqs: 16
[    0.000000] IRQ: Found an INTC at 0x(ptrval) (revision 5.0) with 128 interrupts
[    0.000000] rcu: srcu_init: Setting srcu_struct sizes based on contention.
[    0.000000] TI gptimer clocksource: always-on /ocp/interconnect@44c00000/segment@200000/target-module@31000
[    0.000002] sched_clock: 32 bits at 24MHz, resolution 41ns, wraps every 89478484971ns
[    0.000027] clocksource: dmtimer: mask: 0xffffffff max_cycles: 0xffffffff, max_idle_ns: 79635851949 ns
[    0.000504] TI gptimer clockevent: 24000000 Hz at /ocp/interconnect@48000000/segment@0/target-module@40000
[    0.002134] Console: colour dummy device 80x30
[    0.002200] WARNING: Your 'console=ttyO0' has been replaced by 'ttyS0'
[    0.002208] This ensures that you still see kernel messages. Please
[    0.002212] update your kernel commandline.
[    0.002256] Calibrating delay loop... 996.14 BogoMIPS (lpj=4980736)
[    0.090555] CPU: Testing write buffer coherency: ok
[    0.090666] CPU0: Spectre v2: using BPIALL workaround
[    0.090675] pid_max: default: 32768 minimum: 301
[    0.090832] LSM: initializing lsm=capability
[    0.091010] Mount-cache hash table entries: 1024 (order: 0, 4096 bytes, linear)
[    0.091030] Mountpoint-cache hash table entries: 1024 (order: 0, 4096 bytes, linear)
[    0.092636] CPU0: thread -1, cpu 0, socket -1, mpidr 0
[    0.092695] cacheinfo: Unable to detect cache hierarchy for CPU 0
[    0.150737] Setting up static identity map for 0x80100000 - 0x80100078
[    0.160698] rcu: Hierarchical SRCU implementation.
[    0.160711] rcu: 	Max phase no-delay instances is 1000.
[    0.180752] smp: Bringing up secondary CPUs ...
[    0.180807] smp: Brought up 1 node, 1 CPU
[    0.180821] SMP: Total of 1 processors activated (996.14 BogoMIPS).
[    0.180832] CPU: All CPU(s) started in SVC mode.
[    0.181029] Memory: 480824K/522240K available (11264K kernel code, 1216K rwdata, 2972K rodata, 1024K init, 288K bss, 23384K reserved, 16384K cma-reserved, 0K highmem)
[    0.181870] devtmpfs: initialized
[    0.198994] VFP support v0.3: implementor 41 architecture 3 part 30 variant c rev 3
[    0.199646] clocksource: jiffies: mask: 0xffffffff max_cycles: 0xffffffff, max_idle_ns: 19112604462750000 ns
[    0.199686] posixtimers hash table entries: 512 (order: 0, 4096 bytes, linear)
[    0.199705] futex hash table entries: 256 (order: 2, 16384 bytes, linear)
[    0.201090] pinctrl core: initialized pinctrl subsystem
[    0.203213] NET: Registered PF_NETLINK/PF_ROUTE protocol family
[    0.206014] DMA: preallocated 256 KiB pool for atomic coherent allocations
[    0.206948] audit: initializing netlink subsys (disabled)
[    0.208352] thermal_sys: Registered thermal governor 'fair_share'
[    0.208367] thermal_sys: Registered thermal governor 'step_wise'
[    0.208376] thermal_sys: Registered thermal governor 'user_space'
[    0.208515] audit: type=2000 audit(0.200:1): state=initialized audit_enabled=0 res=1
[    0.208548] cpuidle: using governor menu
[    0.226956] /ocp/interconnect@44c00000/segment@200000/target-module@b000/i2c@0/tda19988@70: Fixed dependency cycle(s) with /ocp/interconnect@48000000/segment@300000/target-module@e000/lcdc@0
[    0.228138] /ocp/interconnect@48000000/segment@300000/target-module@e000/lcdc@0: Fixed dependency cycle(s) with /ocp/interconnect@44c00000/segment@200000/target-module@b000/i2c@0/tda19988@70
[    0.230376] No ATAGs?
[    0.230417] hw-breakpoint: debug architecture 0x4 unsupported.
[    0.233315] kprobes: kprobe jump-optimization is enabled. All kprobes are optimized if possible.
[    0.243941] iommu: Default domain type: Translated
[    0.243965] iommu: DMA domain TLB invalidation policy: strict mode
[    0.251927] SCSI subsystem initialized
[    0.252784] pps_core: LinuxPPS API ver. 1 registered
[    0.252795] pps_core: Software ver. 5.3.6 - Copyright 2005-2007 Rodolfo Giometti <giometti@linux.it>
[    0.252820] PTP clock support registered
[    0.260927] vgaarb: loaded
[    0.261301] clocksource: Switched to clocksource dmtimer
[    0.261974] VFS: Disk quotas dquot_6.6.0
[    0.262033] VFS: Dquot-cache hash table entries: 1024 (order 0, 4096 bytes)
[    0.285932] NET: Registered PF_INET protocol family
[    0.286273] IP idents hash table entries: 8192 (order: 4, 65536 bytes, linear)
[    0.287697] tcp_listen_portaddr_hash hash table entries: 512 (order: 0, 4096 bytes, linear)
[    0.287736] Table-perturb hash table entries: 65536 (order: 6, 262144 bytes, linear)
[    0.287755] TCP established hash table entries: 4096 (order: 2, 16384 bytes, linear)
[    0.287800] TCP bind hash table entries: 4096 (order: 4, 65536 bytes, linear)
[    0.287900] TCP: Hash tables configured (established 4096 bind 4096)
[    0.288017] UDP hash table entries: 256 (order: 1, 14336 bytes, linear)
[    0.288052] UDP-Lite hash table entries: 256 (order: 1, 14336 bytes, linear)
[    0.288240] NET: Registered PF_UNIX/PF_LOCAL protocol family
[    0.289518] RPC: Registered named UNIX socket transport module.
[    0.289543] RPC: Registered udp transport module.
[    0.289548] RPC: Registered tcp transport module.
[    0.289553] RPC: Registered tcp-with-tls transport module.
[    0.289557] RPC: Registered tcp NFSv4.1 backchannel transport module.
[    0.289580] PCI: CLS 0 bytes, default 64
[    0.290984] Initialise system trusted keyrings
[    0.301854] workingset: timestamp_bits=14 max_order=17 bucket_order=3
[    0.303239] NFS: Registering the id_resolver key type
[    0.303350] Key type id_resolver registered
[    0.303357] Key type id_legacy registered
[    0.303467] jffs2: version 2.2. (NAND) (SUMMARY)  Â© 2001-2006 Red Hat, Inc.
[    0.303892] Key type asymmetric registered
[    0.303908] Asymmetric key parser 'x509' registered
[    0.303972] io scheduler mq-deadline registered
[    0.303983] io scheduler kyber registered
[    0.304057] io scheduler bfq registered
[    0.305647] ledtrig-cpu: registered to indicate activity on CPUs
[    0.311785] Serial: 8250/16550 driver, 6 ports, IRQ sharing enabled
[    0.349379] brd: module loaded
[    0.377256] loop: module loaded
[    0.378158] mtdoops: mtd device (mtddev=name/number) must be supplied
[    0.381235] i2c_dev: i2c /dev entries driver
[    0.382388] cpuidle: enable-method property 'ti,am3352' found operations
[    0.382836] sdhci: Secure Digital Host Controller Interface driver
[    0.382845] sdhci: Copyright(c) Pierre Ossman
[    0.383011] sdhci-pltfm: SDHCI platform and OF driver helper
[    0.384019] Initializing XFRM netlink socket
[    0.384201] NET: Registered PF_INET6 protocol family
[    0.386214] Segment Routing with IPv6
[    0.386299] In-situ OAM (IOAM) with IPv6
[    0.386396] sit: IPv6, IPv4 and MPLS over IPv4 tunneling driver
[    0.387356] NET: Registered PF_PACKET protocol family
[    0.387392] NET: Registered PF_KEY protocol family
[    0.387537] Key type dns_resolver registered
[    0.387763] ThumbEE CPU extension supported.
[    0.387781] Registering SWP/SWPB emulation handler
[    0.388317] omap_voltage_late_init: Voltage driver support not added
[    0.388663] SmartReflex Class3 initialized
[    0.432756] Loading compiled-in X.509 certificates
[    0.481182] /ocp/interconnect@44c00000/segment@200000/target-module@b000/i2c@0/tda19988@70: Fixed dependency cycle(s) with /ocp/interconnect@48000000/segment@300000/target-module@e000/lcdc@0
[    0.488007] /ocp/interconnect@44c00000/segment@200000/target-module@b000/i2c@0/tda19988@70: Fixed dependency cycle(s) with /ocp/interconnect@48000000/segment@300000/target-module@e000/lcdc@0
[    0.498064] /ocp/interconnect@44c00000/segment@200000/target-module@b000/i2c@0/tda19988@70: Fixed dependency cycle(s) with /ocp/interconnect@48000000/segment@300000/target-module@e000/lcdc@0
[    0.498973] /ocp/interconnect@44c00000/segment@200000/target-module@b000/i2c@0/tda19988@70: Fixed dependency cycle(s) with /ocp/interconnect@48000000/segment@300000/target-module@e000/lcdc@0
[    0.502804] /ocp/interconnect@44c00000/segment@200000/target-module@10000/scm@0/pinmux@800: Fixed dependency cycle(s) with /ocp/interconnect@44c00000/segment@200000/target-module@10000/scm@0/pinmux@800/clkout2-pins
[    0.503423] pinctrl-single 44e10800.pinmux: 142 pins, size 568
[    0.508820] ti-sysc 44e31000.target-module: probe with driver ti-sysc failed with error -16
[    0.537326] /ocp/interconnect@48000000/segment@300000/target-module@e000/lcdc@0: Fixed dependency cycle(s) with /ocp/interconnect@44c00000/segment@200000/target-module@b000/i2c@0/tda19988@70
[    0.545810] ti-sysc 48040000.target-module: probe with driver ti-sysc failed with error -16
[    0.592891] OMAP GPIO hardware version 0.1
[    0.628070] omap_i2c 4819c000.i2c: bus 2 rev0.11 at 100 kHz
[    0.658434] 48000000.interconnect:segment@200000:target-module@0:mpu@0:fck: device ID is greater than 24
[    0.659362] /ocp/interconnect@48000000/segment@300000/target-module@e000/lcdc@0: Fixed dependency cycle(s) with /ocp/interconnect@44c00000/segment@200000/target-module@b000/i2c@0/tda19988@70
[    0.662469] /ocp/interconnect@48000000/segment@300000/target-module@e000/lcdc@0: Fixed dependency cycle(s) with /ocp/interconnect@44c00000/segment@200000/target-module@b000/i2c@0/tda19988@70
[    0.663219] /ocp/interconnect@44c00000/segment@200000/target-module@b000/i2c@0/tda19988@70: Fixed dependency cycle(s) with /ocp/interconnect@48000000/segment@300000/target-module@e000/lcdc@0
[    0.663411] /ocp/interconnect@48000000/segment@300000/target-module@e000/lcdc@0: Fixed dependency cycle(s) with /ocp/interconnect@44c00000/segment@200000/target-module@b000/i2c@0/tda19988@70
[    0.674913] sdhci-omap 481d8000.mmc: supply pbias not found, using dummy regulator
[    0.675411] sdhci-omap 481d8000.mmc: supply vqmmc not found, using dummy regulator
[    0.723757] davinci_mdio 4a101000.mdio: davinci mdio revision 1.6, bus freq 1000000
[    0.890918] davinci_mdio 4a101000.mdio: phy[0]: device 4a101000.mdio:00, driver SMSC LAN8710/LAN8720
[    0.891797] cpsw-switch 4a100000.switch: initialized cpsw ale version 1.4
[    0.891820] cpsw-switch 4a100000.switch: ALE Table size 1024, Policers 0
[    0.904963] cpsw-switch 4a100000.switch: cpts: overflow check period 500 (jiffies)
[    0.904985] cpsw-switch 4a100000.switch: CPTS: ref_clk_freq:250000000 calc_mult:2147483648 calc_shift:29 error:0 nsec/sec
[    0.905105] cpsw-switch 4a100000.switch: Detected MACID = 6c:ec:eb:68:de:78
[    0.906963] cpsw-switch 4a100000.switch: initialized (regs 0x4a100000, pool size 256) hw_ver:0019010C 1.12 (0)
[    0.918052] debugfs: Directory '49000000.dma' with pare nt 'dmaengine' already present!
[    0.918093] edma 49000000. dma: TI EDMA DMA engine driver
[    0.956234] target-module@4b000000:target-module@140000:pmu@0:fck: device ID is greater than 24
[    0.980619] hw perfevents: enabled with armv7_cortex_a8 PMUb000/i2c@0/tda19988@70
[    2.504522] /ocp/interconnect@44c00000/segment@200000/target-module@b000/i2c@0/tda19988@70: Fixed dependency cycle(s) with /ocp/interconnect@48000000/segment@300000/target-module@e000/lcdc@0
[    2.521889] omap_i2c 44e0b000.i2c: bus 0 rev0.11 at 400 kHz
[    2.529824] omap_gpio 44e07000.gpio: Could not set line 6 debounce to 200000 microseconds (-22)
[    2.538691] sdhci-omap 48060000.mmc: Got CD GPIO
[    2.543722] sdhci-omap 48060000.mmc: supply pbias not found, using dummy regulator
[    2.553732] sdhci-omap 48060000.mmc: supply vqmmc not found, using dummy regulator
[    2.562758] sdhci-omap 481d8000.mmc: supply pbias not found, using dummy regulator
[    2.570759] sdhci-omap 481d8000.mmc: supply vqmmc not found, using dummy regulator
[    2.609484] mmc1: SDHCI controller on 481d8000.mmc [481d8000.mmc] using External DMA
[    2.618532] mmc0: SDHCI controller on 48060000.mmc [48060000.mmc] using External DMA
[    2.627470] cpsw-switch 4a100000.switch: starting ndev. mode: dual_mac
[    2.670467] mmc0: new high speed SDHC card at address 5048
[    2.677534] mmcblk0: mmc0:5048 SD16G 14.4 GiB
[    2.685571]  mmcblk0: p1 p2
[    2.688978] mmcblk0: p2 size 31221760 extends beyond EOD, truncated
[    2.702603] SMSC LAN8710/LAN8720 4a101000.mdio:00: attached PHY driver (mii_bus:phy_addr=4a101000.mdio:00, irq=POLL)
[    2.714724] mmc1: new high speed MMC card at address 0001
[    2.721537] mmcblk1: mmc1:0001 MMC04G 3.60 GiB
[    2.733573]  mmcblk1: p1 p2
[    2.737858] mmcblk1boot0: mmc1:0001 MMC04G 2.00 MiB
[    2.745192] mmcblk1boot1: mmc1:0001 MMC04G 2.00 MiB
[    2.752629] mmcblk1rpmb: mmc1:0001 MMC04G 128 KiB, chardev (250:0)
[    5.922062] cpsw-switch 4a100000.switch eth0: Link is Up - 100Mbps/Full - flow control off
[    5.951320] IP-Config: Complete:
[    5.954592]      device=eth0, hwaddr=6c:ec:eb:68:de:78, ipaddr=192.168.255.1, mask=255.255.255.0, gw=255.255.255.255
[    5.965227]      host=bbb1, domain=, nis-domain=(none)
[    5.970394]      bootserver=192.168.255.126, rootserver=192.168.255.126, rootpath=
[    5.970831] clk: Disabling unused clocks
[    5.982690] PM: genpd: Disabling unused power domains
[    5.987812] KTAP version 1
[    5.990532] 1..0
[    6.015012] VFS: Mounted root (nfs filesystem) on device 0:17.
[    6.021902] devtmpfs: mounted
[    6.026391] Freeing unused kernel image (initmem) memory: 1024K
[    6.033185] Run /sbin/init as init process
[    6.731754] systemd[1]: System time before build time, advancing clock.
[    8.221325] random: crng init done
[    8.263509] systemd[1]: systemd 232 running in system mode. (+PAM +AUDIT +SELINUX +IMA +APPARMOR +SMACK +SYSVINIT +UTMP +LIBCRYPTSETUP +GCRYPT +GNUTLS +ACL +XZ +LZ4 +SECCOMP +BLKID +ELFUTILS +KMOD +IDN)
[    8.282505] systemd[1]: Detected architecture arm.

Welcome to [1mDebian GNU/Linux 9 (stretch)[0m!

[    8.314363] systemd[1]: Set hostname to <arm>.
[    9.409014] systemd[1]: Created slice System Slice.
[[0;32m  OK  [0m] Created slice System Slice.
[    9.461938] systemd[1]: Mounting Debug File System...
         Mounting Debug File System...
[    9.474009] systemd[1]: Created slice system-getty.slice.
[[0;32m  OK  [0m] Created slice system-getty.slice.
[    9.503564] systemd[1]: Set up automount Arbitrary Executable File Formats File System Automount Point.
[[0;32m  OK  [0m] Set up automount Arbitrary Executabâ€¦rmats File System Automount Point.
[    9.544087] systemd[1]: Created slice User and Session Slice.
[[0;32m  OK  [0m] Created slice User and Session Slice.
[    9.556807] systemd[1]: Reached target Swap.
[[0;32m  OK  [0m] Reached target Swap.
[    9.583669] systemd[1]: Listening on Syslog Socket.
[[0;32m  OK  [0m] Listening on Syslog Socket.
[[0;32m  OK  [0m] Started Dispatch Password Requests to Console Directory Watch.
[[0;32m  OK  [0m] Listening on Journal Socket (/dev/log).
[[0;32m  OK  [0m] Reached target Slices.
[[0;32m  OK  [0m] Listening on udev Control Socket.
[[0;32m  OK  [0m] Listening on Journal Audit Socket.
[[0;32m  OK  [0m] Started Forward Password Requests to Wall Directory Watch.
[[0;32m  OK  [0m] Reached target Encrypted Volumes.
[[0;32m  OK  [0m] Reached target Paths.
[[0;32m  OK  [0m] Created slice system-serial\x2dgetty.slice.
[[0;32m  OK  [0m] Listening on Journal Socket.
         Starting Load Kernel Modules...
         Starting Journal Service...
         Starting Remount Root and Kernel File Systems...
         Starting Create list of required stâ€¦ce nodes for the current kernel...
[[0;32m  OK  [0m] Listening on udev Kernel Socket.
         Mounting POSIX Message Queue File System...
[[0;32m  OK  [0m] Reached target Remote File Systems.
[[0;32m  OK  [0m] Listening on /dev/initctl Compatibility Named Pipe.
[[0;32m  OK  [0m] Mounted Debug File System.
[[0;32m  OK  [0m] Started Load Kernel Modules.
[[0;32m  OK  [0m] Started Create list of required staâ€¦vice nodes for the current kernel.
[[0;32m  OK  [0m] Started Remount Root and Kernel File Systems.
[[0;32m  OK  [0m] Mounted POSIX Message Queue File System.
         Starting Load/Save Random Seed...
         Starting udev Coldplug all Devices...
         Starting Create Static Device Nodes in /dev...
         Mounting Configuration File System...
         Starting Apply Kernel Variables...
[[0;32m  OK  [0m] Started Load/Save Random Seed.
[[0;32m  OK  [0m] Mounted Configuration File System.
[[0;32m  OK  [0m] Started Apply Kernel Variables.
[[0;32m  OK  [0m] Started Journal Service.
         Starting Flush Journal to Persistent Storage...
[[0;32m  OK  [0m] Started Create Static Device Nodes in /dev.
         Starting udev Kernel Device Manager...
[[0;32m  OK  [0m] Reached target Local File Systems (Pre).
[[0;32m  OK  [0m] Reached target Local File Systems.
         Starting Raise network interfaces...
[   11.571693] systemd-journald[88]: Received request to flush runtime journal from PID 1
[[0;32m  OK  [0m] Started Flush Journal to Persistent Storage.
         Starting Create Volatile Files and Directories...
[[0;32m  OK  [0m] Started udev Kernel Device Manager.
[[0;32m  OK  [0m] Started Create Volatile Files and Directories.
         Starting Network Time Synchronization...
         Starting Update UTMP about System Boot/Shutdown...
[[0;32m  OK  [0m] Started udev Coldplug all Devices.
[   14.667844] remoteproc remoteproc0: wkup_m3 is available
[[0;32m  OK  [0m] Started Update UTMP about System Boot/Shutdown.
[   14.963113] omap_rtc 44e3e000.rtc: registered as rtc0
[   14.968293] omap_rtc 44e3e000.rtc: setting system clock to 2000-01-01T00:00:00 UTC (946684800)
[[0;32m  OK  [0m] Found device /dev/ttyS0.
[   15.146521] at24 2-0054: supply vcc not found, using dummy regulator
[   15.282219] at24 2-0055: supply vcc not found, using dummy regulator
[   15.411849] at24 2-0056: supply vcc not found, using dummy regulator
[   15.516050] at24 2-0057: supply vcc not found, using dummy regulator
[   15.586391] at24 0-0050: 32768 byte 24c256 EEPROM, writable, 1 bytes/write
[   15.675678] input: tps65217_pwrbutton as /devices/platform/ocp/44c00000.interconnect/44c00000.interconnect:segment@200000/44e0b000.target-module/44e0b000.i2c/i2c-0/0-0024/tps65217-pwrbutton/input/input0
[   15.857699] wkup_m3_ipc 44e11324.wkup_m3_ipc: IPC Request for A8->M3 Channel failed! -517
[[0;32m  OK  [0m] Started Network Time Synchronization.
[[0;32m  OK  [0m] Reached target System Time Synchronized.
[   15.966346] omap_wdt: OMAP Watchdog Timer Rev 0x01: initial timeout 60 sec
[   15.975458] wkup_m3_ipc 44e11324.wkup_m3_ipc: IPC Request for A8->M3 Channel failed! -517
[[0;32m  OK  [0m] Reached target System Initialization.
[[0;32m  OK  [0m] Started Daily Cleanup of Temporary Directories.
[[0;32m  OK  [0m] Listening on Avahi mDNS/DNS-SD Stack Activation Socket.
[   16.237710] am335x-phy-driver 47401300.usb-phy: dummy supplies not allowed for exclusive requests (id=vbus)
[[0;32m  OK  [0m] Listening on D-Bus System Message Bus Socket.
[[0;32m  OK  [0m] Reached target Sockets.
[[0;32m  OK  [0m] Started Daily apt download activities.[   16.384181] am335x-phy-driver 47401b00.usb-phy: dummy supplies not allowed for exclusive requests (id=vbus)

[   16.402416] wkup_m3_ipc 44e11324.wkup_m3_ipc: IPC Request for A8->M3 Channel failed! -517
[   16.420887] usbcore: registered new interface driver usbfs
[   16.426739] usbcore: registered new interface driver hub
[   16.432272] usbcore: registered new device driver usb
[[0;32m  OK  [0m] Started Daily apt upgrade and clean activities.
[[0;32m  OK  [0m] Reached target Timers.
[[0;32m  OK  [0m] Reached target Basic System.
         Starting System Logging Service...
[[0;32m  OK  [0m] Started D-Bus System Message Bus.
[   16.814868] wkup_m3_ipc 44e11324.wkup_m3_ipc: IPC Request for A8->M3 Channel failed! -517
[   17.153590] wkup_m3_ipc 44e11324.wkup_m3_ipc: IPC Request for A8->M3 Channel failed! -517
[   17.256994] musb-hdrc musb-hdrc.1: MUSB HDRC host driver
[   17.262667] musb-hdrc musb-hdrc.1: new USB bus registered, assigned bus number 1
[   17.276027] wkup_m3_ipc 44e11324.wkup_m3_ipc: IPC Request for A8->M3 Channel failed! -517
[   17.306217] tda998x 0-0070: found TDA19988
[   17.412964] usb usb1: New USB device found, idVendor=1d6b, idProduct=0002, bcdDevice= 6.15
[   17.421482] usb usb1: New USB device strings: Mfr=3, Product=2, SerialNumber=1
[   17.428750] usb usb1: Product: MUSB HDRC host driver
[   17.433811] usb usb1: Manufacturer: Linux 6.15.0-rc1-next-20250407 musb-hcd
[   17.440811] usb usb1: SerialNumber: musb-hdrc.1
[   17.478993] wkup_m3_ipc 44e11324.wkup_m3_ipc: IPC Request for A8->M3 Channel failed! -517
[   17.689147] omap-mailbox 480c8000.mailbox: omap mailbox rev 0x400
[   17.770831] remoteproc remoteproc0: powering up wkup_m3
[   17.854771] hub 1-0:1.0: USB hub found
[   17.920793] hub 1-0:1.0: 1 port detected
[   17.991654] remoteproc remoteproc0: Direct firmware load for am335x-pm-firmware.elf failed with error -2
[   18.001251] remoteproc remoteproc0: request_firmware failed: -2
[   18.007340] wkup_m3_ipc 44e11324.wkup_m3_ipc: rproc_boot failed
 [   19.792833] omap_rng 48310000.rng: Random Number Generator  ver. 20
[   19.852622] tilcdc 4830e000.lcdc: bound 0-0070 (op s tda998x_audio_codec_init [tda998x])
[   19.930658] [drm] In itialized tilcdc 1.0.0 for 4830e000.lcdc on minor 0
[   19.99 3382] ti
[   20.061697] tilcdc 4830e000.lcdc: [drm] Cannot find any crtc or sizes
         Starting Connection service...
         Starting Avahi mDNS/DNS-SD Stack...
         Starting LSB: Load kernel modules needed to enable cpufreq scaling...
         Starting Login Service...
         Starting DUN service...
         Starting Cape Manager Service...
         Starting Generic Board Startup...
[   20.846625] PM: Cannot get wkup_m3_ipc handle
         Starting LSB: Start busybox udhcpd at boot time...
[   20.949072] omap-sham 53100000.sham: hw accel on OMAP rev 4.3
[   21.058993] omap-sham 53100000.sham: will run requests pump with realtime priority
[   21.078748] PM: Cannot get wkup_m3_ipc handle
[[0;32m  OK  [0m] Started Regular background program processing daemon.
[   21.304520] omap-aes 53500000.aes: OMAP AES hw accel rev: 3.2
         Starting Telephony service...
[[0;32m  OK  [0m] Started System Logging Service.
[   21.483977] omap-aes 53500000.aes: will run requests pump with realtime priority
[   21.503113] PM: Cannot get wkup_m3_ipc handle
[[0;32m  OK  [0m] Started Cape Manager Service.
[   24.354645] Bluetooth: Core ver 2.22
[   24.358467] NET: Registered PF_BLUETOOTH protocol family
[   24.364055] Bluetooth: HCI device and connection manager initialized
[   24.370475] Bluetooth: HCI socket layer initialized
[   24.375454] Bluetooth: L2CAP socket layer initialized
[   24.380572] Bluetooth: SCO socket layer initialized
[   24.856756] gpio-537 (nxp,calib): gpiod_direction_output_nonotify: tried to set a GPIO tied to an IRQ as output
[   24.889068] PM: Cannot get wkup_m3_ipc handle
[   25.037225] PM: Cannot get wkup_m3_ipc handle
[   25.167214] tda9950 0-0034: TDA9950 CEC interface, hardware version 3.3
[   25.257994] PM: Cannot get wkup_m3_ipc handle
[[0;32m  OK  [0m] Started LSB: Start busybox udhcpd at boot time.
[[0;32m  OK  [0m] Started Raise network interfaces.
[[0;32m  OK  [0m] Started LSB: Load kernel modules needed to enable cpufreq scaling.
[   29.053776] configfs-gadget.g_multi gadget.0: HOST MAC 1c:ba:8c:a2:ed:6c
[   29.060552] configfs-gadget.g_multi gadget.0: MAC 1c:ba:8c:a2:ed:70
[   29.068077] configfs-gadget.g_multi gadget.0: HOST MAC 1c:ba:8c:a2:ed:6c
[   29.074985] configfs-gadget.g_multi gadget.0: MAC 1c:ba:8c:a2:ed:6d
[   29.082168] PM: Cannot get wkup_m3_ipc handle
[[0;32m  OK  [0m] Started DUN service.
[[0;32m  OK  [0m] Started Telephony service.
[[0;32m  OK  [0m] Started Avahi mDNS/DNS-SD Stack.
[[0;32m  OK  [0m] Started Connection service.
[[0;32m  OK  [0m] Started Login Service.
[[0;32m  OK  [0m] Reached target Sound Card.
         Starting LSB: set CPUFreq kernel parameters...
[[0;32m  OK  [0m] Reached target Network.
[[0;32m  OK  [0m] Reached target Network is Online.
         Starting LSB: Advanced IEEE 802.11 management daemon...
         Starting OpenBSD Secure Shell server...
         Starting The Apache HTTP Server...
         Starting Permit User Sessions...
[[0;32m  OK  [0m] Started LSB: Advanced IEEE 802.11 management daemon.
[[0;32m  OK  [0m] Started Permit User Sessions.
         Starting Hostname Service...
[[0;32m  OK  [0m] Started Serial Getty on ttyS0.
[[0;32m  OK  [0m] Started Getty on tty1.
[[0;32m  OK  [0m] Reached target Login Prompts.
         Starting WPA supplicant...
[[0;32m  OK  [0m] Started LSB: set CPUFreq kernel parameters.
[[0;32m  OK  [0m] Started Hostname Service.
[[0;32m  OK  [0m] Started WPA supplicant.
[[0;32m  OK  [0m] Started OpenBSD Secure Shell server.
         Stopping LSB: Start busybox udhcpd at boot time...
[[0;32m  OK  [0m] Stopped LSB: Start busybox udhcpd at boot time.
[[0;32m  OK  [0m] Started The Apache HTTP Server.
         Starting dnsmasq - A lightweight DHCP and caching DNS server...
[[0;32m  OK  [0m] Started dnsmasq - A lightweight DHCP and caching DNS server.
[[0;32m  OK  [0m] Reached target Host and Network Name Lookups.
[[0;32m  OK  [0m] Started Serial Getty on ttyGS0.
[[0;32m  OK  [0m] Started Generic Board Startup.
[[0;32m  OK  [0m] Reached target Multi-User System.
[[0;32m  OK  [0m] Reached target Graphical Interface.
         Starting Update UTMP about System Runlevel Changes...
[[0;32m  OK  [0m] Started Update UTMP about System Runlevel Changes.

Debian GNU/Linux 9 arm ttyS0

default username:password is [debian:temppwd]

arm login: root
Password: 
Last login: Sat Jan  1 00:00:33 UTC 2000 on ttyS0
root
Linux arm 6.15.0-rc1-next-20250407 #1 SMP Mon Apr  7 06:23:28 EEST 2025 armv7l

The programs included with the Debian GNU/Linux system are free software;
the exact distribution terms for each program are described in the
individual files in /usr/share/doc/*/copyright.

Debian GNU/Linux comes with ABSOLUTELY NO WARRANTY, to the extent
permitted by applicable law.
root@arm:~# root
dmesg -n 1
-bash: root: command not found
root@arm:~# dmesg -n 1
root@arm:~# echo 'POMN''JHPASG'
POMNJHPASG
root@arm:~# run() { echo -n "$MARKER"; sh -c "$@"; echo "$MARKER $?"; }
root@arm:~# echo 'NNXA''XQTWLZ'
NNXAXQTWLZ
root@arm:~# MARKER='PGTN''XQSTNA' run 'cat /proc/version'
PGTNXQSTNALinux version 6.15.0-rc1-next-20250407 (user01@drvtest01) (arm-none-eabi-gcc (Arm GNU Toolchain 14.2.Rel1 (Build arm-14.52)) 14.2.1 20241119, GNU ld (Arm GNU Toolchain 14.2.Rel1 (Build arm-14.52)) 2.43.1.20241119) #1 SMP Mon Apr  7 06:23:28 EEST 2025
PGTNXQSTNA 0
root@arm:~# echo 'YEHH''PJSXGW'
YEHHPJSXGW
root@arm:~# MARKER='PMQP''SUMEGW' run false
PMQPSUMEGWPMQPSUMEGW 1
root@arm:~# Labgrid Console Logfile for main
Logfile started at 2025-04-07 06:25:48.532007
=== Log starts here ===

root@arm:~# run() { echo -n "$MARKER"; sh -c "$@"; echo "$MARKER $?"; }
root@arm:~# echo 'QBSO''UPGHGY'
QBSOUPGHGY
root@arm:~# MARKER='ZHHJ''JACYBQ' run 'ls /iio_generic_buffer; echo $?'
ZHHJJACYBQ/iio_generic_buffer
0
ZHHJJACYBQ 0
root@arm:~# Labgrid Console Logfile for main
Logfile started at 2025-04-07 06:25:51.954094
=== Log starts here ===

root@arm:~# run() { echo -n "$MARKER"; sh -c "$@"; echo "$MARKER $?"; }
root@arm:~# echo 'OQWG''QJYPWA'
OQWGQJYPWA
root@arm:~# MARKER='KGNJ''VPVLEB' run dmesg
KGNJVPVLEB[    0.000000] Booting Linux on physical CPU 0x0
[    0.000000] Linux version 6.15.0-rc1-next-20250407 (user01@drvtest01) (arm-none-eabi-gcc (Arm GNU Toolchain 14.2.Rel1 (Build arm-14.52)) 14.2.1 20241119, GNU ld (Arm GNU Toolchain 14.2.Rel1 (Build arm-14.52)) 2.43.1.20241119) #1 SMP Mon Apr  7 06:23:28 EEST 2025
[    0.000000] CPU: ARMv7 Processor [413fc082] revision 2 (ARMv7), cr=10c5387d
[    0.000000] CPU: PIPT / VIPT nonaliasing data cache, VIPT aliasing instruction cache
[    0.000000] OF: fdt: Machine model: TI AM335x BeagleBone Black
[    0.000000] Memory policy: Data cache writeback
[    0.000000] cma: Reserved 16 MiB at 0x00000000
[    0.000000] Zone ranges:
[    0.000000]   Normal   [mem 0x0000000080000000-0x000000009fdfffff]
[    0.000000]   HighMem  empty
[    0.000000] Movable zone start for each node
[    0.000000] Early memory node ranges
[    0.000000]   node   0: [mem 0x0000000080000000-0x000000009fdfffff]
[    0.000000] Initmem setup node 0 [mem 0x0000000080000000-0x000000009fdfffff]
[    0.000000] On node 0, zone Normal: 512 pages in unavailable ranges
[    0.000000] OF: reserved mem: Reserved memory: No reserved-memory node in the DT
[    0.000000] CPU: All CPU(s) started in SVC mode.
[    0.000000] AM335X ES2.1 (sgx neon)
[    0.000000] percpu: Embedded 17 pages/cpu s39692 r8192 d21748 u69632
[    0.000000] pcpu-alloc: s39692 r8192 d21748 u69632 alloc=17*4096
[    0.000000] pcpu-alloc: [0] 0 
[    0.000000] Kernel command line: console=ttyO0,115200n8 root=/dev/nfs rw nfsroot=192.168.255.126:/home/user01/nfs,nfsvers=3 ip=192.168.255.1:192.168.255.126::255.255.255.0:bbb1:eth0 nfsrootdebug
[    0.000000] Unknown kernel command line parameters "nfsrootdebug", will be passed to user space.
[    0.000000] printk: log buffer data + meta data: 65536 + 204800 = 270336 bytes
[    0.000000] Dentry cache hash table entries: 65536 (order: 6, 262144 bytes, linear)
[    0.000000] Inode-cache hash table entries: 32768 (order: 5, 131072 bytes, linear)
[    0.000000] Built 1 zonelists, mobility grouping on.  Total pages: 130560
[    0.000000] mem auto-init: stack:off, heap alloc:off, heap free:off
[    0.000000] SLUB: HWalign=16, Order=0-3, MinObjects=0, CPUs=1, Nodes=1
[    0.000000] rcu: Hierarchical RCU implementation.
[    0.000000] rcu: 	RCU event tracing is enabled.
[    0.000000] rcu: 	RCU restricting CPUs from NR_CPUS=2 to nr_cpu_ids=1.
[    0.000000] 	Tracing variant of Tasks RCU enabled.
[    0.000000] rcu: RCU calculated value of scheduler-enlistment delay is 10 jiffies.
[    0.000000] rcu: Adjusting geometry for rcu_fanout_leaf=16, nr_cpu_ids=1
[    0.000000] RCU Tasks Trace: Setting shift to 0 and lim to 1 rcu_task_cb_adjust=1 rcu_task_cpu_ids=1.
[    0.000000] NR_IRQS: 16, nr_irqs: 16, preallocated irqs: 16
[    0.000000] IRQ: Found an INTC at 0x(ptrval) (revision 5.0) with 128 interrupts
[    0.000000] rcu: srcu_init: Setting srcu_struct sizes based on contention.
[    0.000000] TI gptimer clocksource: always-on /ocp/interconnect@44c00000/segment@200000/target-module@31000
[    0.000002] sched_clock: 32 bits at 24MHz, resolution 41ns, wraps every 89478484971ns
[    0.000027] clocksource: dmtimer: mask: 0xffffffff max_cycles: 0xffffffff, max_idle_ns: 79635851949 ns
[    0.000504] TI gptimer clockevent: 24000000 Hz at /ocp/interconnect@48000000/segment@0/target-module@40000
[    0.002134] Console: colour dummy device 80x30
[    0.002200] WARNING: Your 'console=ttyO0' has been replaced by 'ttyS0'
[    0.002208] This ensures that you still see kernel messages. Please
[    0.002212] update your kernel commandline.
[    0.002256] Calibrating delay loop... 996.14 BogoMIPS (lpj=4980736)
[    0.090555] CPU: Testing write buffer coherency: ok
[    0.090666] CPU0: Spectre v2: using BPIALL workaround
[    0.090675] pid_max: default: 32768 minimum: 301
[    0.090832] LSM: initializing lsm=capability
[    0.091010] Mount-cache hash table entries: 1024 (order: 0, 4096 bytes, linear)
[    0.091030] Mountpoint-cache hash table entries: 1024 (order: 0, 4096 bytes, linear)
[    0.092636] CPU0: thread -1, cpu 0, socket -1, mpidr 0
[    0.092695] cacheinfo: Unable to detect cache hierarchy for CPU 0
[    0.150737] Setting up static identity map for 0x80100000 - 0x80100078
[    0.160698] rcu: Hierarchical SRCU implementation.
[    0.160711] rcu: 	Max phase no-delay instances is 1000.
[    0.180752] smp: Bringing up secondary CPUs ...
[    0.180807] smp: Brought up 1 node, 1 CPU
[    0.180821] SMP: Total of 1 processors activated (996.14 BogoMIPS).
[    0.180832] CPU: All CPU(s) started in SVC mode.
[    0.181029] Memory: 480824K/522240K available (11264K kernel code, 1216K rwdata, 2972K rodata, 1024K init, 288K bss, 23384K reserved, 16384K cma-reserved, 0K highmem)
[    0.181870] devtmpfs: initialized
[    0.198994] VFP support v0.3: implementor 41 architecture 3 part 30 variant c rev 3
[    0.199646] clocksource: jiffies: mask: 0xffffffff max_cycles: 0xffffffff, max_idle_ns: 19112604462750000 ns
[    0.199686] posixtimers hash table entries: 512 (order: 0, 4096 bytes, linear)
[    0.199705] futex hash table entries: 256 (order: 2, 16384 bytes, linear)
[    0.201090] pinctrl core: initialized pinctrl subsystem
[    0.203213] NET: Registered PF_NETLINK/PF_ROUTE protocol family
[    0.206014] DMA: preallocated 256 KiB pool for atomic coherent allocations
[    0.206948] audit: initializing netlink subsys (disabled)
[    0.208352] thermal_sys: Registered thermal governor 'fair_share'
[    0.208367] thermal_sys: Registered thermal governor 'step_wise'
[    0.208376] thermal_sys: Registered thermal governor 'user_space'
[    0.208515] audit: type=2000 audit(0.200:1): state=initialized audit_enabled=0 res=1
[    0.208548] cpuidle: using governor menu
[    0.226956] /ocp/interconnect@44c00000/segment@200000/target-module@b000/i2c@0/tda19988@70: Fixed dependency cycle(s) with /ocp/interconnect@48000000/segment@300000/target-module@e000/lcdc@0
[    0.228138] /ocp/interconnect@48000000/segment@300000/target-module@e000/lcdc@0: Fixed dependency cycle(s) with /ocp/interconnect@44c00000/segment@200000/target-module@b000/i2c@0/tda19988@70
[    0.230376] No ATAGs?
[    0.230417] hw-breakpoint: debug architecture 0x4 unsupported.
[    0.233315] kprobes: kprobe jump-optimization is enabled. All kprobes are optimized if possible.
[    0.243941] iommu: Default domain type: Translated
[    0.243965] iommu: DMA domain TLB invalidation policy: strict mode
[    0.245542] reg-fixed-voltage fixedregulator0: using DT '/fixedregulator0' for '(default)' GPIO lookup
[    0.245596] of_get_named_gpiod_flags: can't parse 'gpios' property of node '/fixedregulator0[0]'
[    0.245625] of_get_named_gpiod_flags: can't parse 'gpio' property of node '/fixedregulator0[0]'
[    0.245643] reg-fixed-voltage fixedregulator0: using lookup tables for GPIO lookup
[    0.245652] reg-fixed-voltage fixedregulator0: No GPIO consumer (default) found
[    0.251927] SCSI subsystem initialized
[    0.252417] libata version 3.00 loaded.
[    0.252784] pps_core: LinuxPPS API ver. 1 registered
[    0.252795] pps_core: Software ver. 5.3.6 - Copyright 2005-2007 Rodolfo Giometti <giometti@linux.it>
[    0.252820] PTP clock support registered
[    0.260927] vgaarb: loaded
[    0.261301] clocksource: Switched to clocksource dmtimer
[    0.261974] VFS: Disk quotas dquot_6.6.0
[    0.262033] VFS: Dquot-cache hash table entries: 1024 (order 0, 4096 bytes)
[    0.285932] NET: Registered PF_INET protocol family
[    0.286273] IP idents hash table entries: 8192 (order: 4, 65536 bytes, linear)
[    0.287697] tcp_listen_portaddr_hash hash table entries: 512 (order: 0, 4096 bytes, linear)
[    0.287736] Table-perturb hash table entries: 65536 (order: 6, 262144 bytes, linear)
[    0.287755] TCP established hash table entries: 4096 (order: 2, 16384 bytes, linear)
[    0.287800] TCP bind hash table entries: 4096 (order: 4, 65536 bytes, linear)
[    0.287900] TCP: Hash tables configured (established 4096 bind 4096)
[    0.288017] UDP hash table entries: 256 (order: 1, 14336 bytes, linear)
[    0.288052] UDP-Lite hash table entries: 256 (order: 1, 14336 bytes, linear)
[    0.288240] NET: Registered PF_UNIX/PF_LOCAL protocol family
[    0.289518] RPC: Registered named UNIX socket transport module.
[    0.289543] RPC: Registered udp transport module.
[    0.289548] RPC: Registered tcp transport module.
[    0.289553] RPC: Registered tcp-with-tls transport module.
[    0.289557] RPC: Registered tcp NFSv4.1 backchannel transport module.
[    0.289580] PCI: CLS 0 bytes, default 64
[    0.290984] Initialise system trusted keyrings
[    0.301854] workingset: timestamp_bits=14 max_order=17 bucket_order=3
[    0.303239] NFS: Registering the id_resolver key type
[    0.303350] Key type id_resolver registered
[    0.303357] Key type id_legacy registered
[    0.303467] jffs2: version 2.2. (NAND) (SUMMARY)  Â© 2001-2006 Red Hat, Inc.
[    0.303892] Key type asymmetric registered
[    0.303908] Asymmetric key parser 'x509' registered
[    0.303972] io scheduler mq-deadline registered
[    0.303983] io scheduler kyber registered
[    0.304057] io scheduler bfq registered
[    0.305647] ledtrig-cpu: registered to indicate activity on CPUs
[    0.311785] Serial: 8250/16550 driver, 6 ports, IRQ sharing enabled
[    0.349379] brd: module loaded
[    0.377256] loop: module loaded
[    0.378158] mtdoops: mtd device (mtddev=name/number) must be supplied
[    0.379864] mdio_bus fixed-0: using lookup tables for GPIO lookup
[    0.379891] mdio_bus fixed-0: No GPIO consumer reset found
[    0.381235] i2c_dev: i2c /dev entries driver
[    0.382388] cpuidle: enable-method property 'ti,am3352' found operations
[    0.382836] sdhci: Secure Digital Host Controller Interface driver
[    0.382845] sdhci: Copyright(c) Pierre Ossman
[    0.383011] sdhci-pltfm: SDHCI platform and OF driver helper
[    0.384019] Initializing XFRM netlink socket
[    0.384201] NET: Registered PF_INET6 protocol family
[    0.386214] Segment Routing with IPv6
[    0.386299] In-situ OAM (IOAM) with IPv6
[    0.386396] sit: IPv6, IPv4 and MPLS over IPv4 tunneling driver
[    0.387356] NET: Registered PF_PACKET protocol family
[    0.387392] NET: Registered PF_KEY protocol family
[    0.387537] Key type dns_resolver registered
[    0.387763] ThumbEE CPU extension supported.
[    0.387781] Registering SWP/SWPB emulation handler
[    0.388317] omap_voltage_late_init: Voltage driver support not added
[    0.388663] SmartReflex Class3 initialized
[    0.432756] Loading compiled-in X.509 certificates
[    0.481182] /ocp/interconnect@44c00000/segment@200000/target-module@b000/i2c@0/tda19988@70: Fixed dependency cycle(s) with /ocp/interconnect@48000000/segment@300000/target-module@e000/lcdc@0
[    0.488007] /ocp/interconnect@44c00000/segment@200000/target-module@b000/i2c@0/tda19988@70: Fixed dependency cycle(s) with /ocp/interconnect@48000000/segment@300000/target-module@e000/lcdc@0
[    0.493837] gpiochip_find_base_unlocked: found new base at 512
[    0.498064] /ocp/interconnect@44c00000/segment@200000/target-module@b000/i2c@0/tda19988@70: Fixed dependency cycle(s) with /ocp/interconnect@48000000/segment@300000/target-module@e000/lcdc@0
[    0.498973] /ocp/interconnect@44c00000/segment@200000/target-module@b000/i2c@0/tda19988@70: Fixed dependency cycle(s) with /ocp/interconnect@48000000/segment@300000/target-module@e000/lcdc@0
[    0.502804] /ocp/interconnect@44c00000/segment@200000/target-module@10000/scm@0/pinmux@800: Fixed dependency cycle(s) with /ocp/interconnect@44c00000/segment@200000/target-module@10000/scm@0/pinmux@800/clkout2-pins
[    0.503423] pinctrl-single 44e10800.pinmux: 142 pins, size 568
[    0.508820] ti-sysc 44e31000.target-module: probe with driver ti-sysc failed with error -16
[    0.537326] /ocp/interconnect@48000000/segment@300000/target-module@e000/lcdc@0: Fixed dependency cycle(s) with /ocp/interconnect@44c00000/segment@200000/target-module@b000/i2c@0/tda19988@70
[    0.545810] ti-sysc 48040000.target-module: probe with driver ti-sysc failed with error -16
[    0.557475] gpiochip_find_base_unlocked: found new base at 512
[    0.557582] gpio gpiochip0: (gpio-0-31): created GPIO range 0->7 ==> 44e10800.pinmux PIN 0->7
[    0.557601] gpio gpiochip0: (gpio-0-31): created GPIO range 8->11 ==> 44e10800.pinmux PIN 90->93
[    0.557617] gpio gpiochip0: (gpio-0-31): created GPIO range 12->27 ==> 44e10800.pinmux PIN 12->27
[    0.557632] gpio gpiochip0: (gpio-0-31): created GPIO range 28->31 ==> 44e10800.pinmux PIN 30->33
[    0.592647] gpio gpiochip0: (gpio-0-31): added GPIO chardev (254:0)
[    0.592805] gpio gpiochip0: registered GPIOs 512 to 543 on gpio-0-31
[    0.592891] OMAP GPIO hardware version 0.1
[    0.627081] i2c i2c-2: using DT '/ocp/interconnect@48000000/segment@100000/target-module@9c000/i2c@0' for 'scl' GPIO lookup
[    0.627154] of_get_named_gpiod_flags: can't parse 'scl-gpios' property of node '/ocp/interconnect@48000000/segment@100000/target-module@9c000/i2c@0[0]'
[    0.627195] of_get_named_gpiod_flags: can't parse 'scl-gpio' property of node '/ocp/interconnect@48000000/segment@100000/target-module@9c000/i2c@0[0]'
[    0.627230] i2c i2c-2: using lookup tables for GPIO lookup
[    0.627239] i2c i2c-2: No GPIO consumer scl found
[    0.627260] i2c i2c-2: using DT '/ocp/interconnect@48000000/segment@100000/target-module@9c000/i2c@0' for 'sda' GPIO lookup
[    0.627296] of_get_named_gpiod_flags: can't parse 'sda-gpios' property of node '/ocp/interconnect@48000000/segment@100000/target-module@9c000/i2c@0[0]'
[    0.627332] of_get_named_gpiod_flags: can't parse 'sda-gpio' property of node '/ocp/interconnect@48000000/segment@100000/target-module@9c000/i2c@0[0]'
[    0.627362] i2c i2c-2: using lookup tables for GPIO lookup
[    0.627370] i2c i2c-2: No GPIO consumer sda found
[    0.628070] omap_i2c 4819c000.i2c: bus 2 rev0.11 at 100 kHz
[    0.634081] gpiochip_find_base_unlocked: found new base at 544
[    0.634183] gpio gpiochip1: (gpio-32-63): created GPIO range 0->17 ==> 44e10800.pinmux PIN 34->51
[    0.634202] gpio gpiochip1: (gpio-32-63): created GPIO range 18->21 ==> 44e10800.pinmux PIN 77->80
[    0.634218] gpio gpiochip1: (gpio-32-63): created GPIO range 22->31 ==> 44e10800.pinmux PIN 56->65
[    0.648995] gpio gpiochip1: (gpio-32-63): added GPIO chardev (254:1)
[    0.649178] gpio gpiochip1: registered GPIOs 544 to 575 on gpio-32-63
[    0.651660] gpiochip_find_base_unlocked: found new base at 576
[    0.651759] gpio gpiochip2: (gpio-64-95): created GPIO range 0->4 ==> 44e10800.pinmux PIN 66->70
[    0.651777] gpio gpiochip2: (gpio-64-95): created GPIO range 5->6 ==> 44e10800.pinmux PIN 98->99
[    0.651793] gpio gpiochip2: (gpio-64-95): created GPIO range 7->8 ==> 44e10800.pinmux PIN 75->76
[    0.651808] gpio gpiochip2: (gpio-64-95): created GPIO range 13->13 ==> 44e10800.pinmux PIN 141->141
[    0.651825] gpio gpiochip2: (gpio-64-95): created GPIO range 14->21 ==> 44e10800.pinmux PIN 100->107
[    0.652534] gpio gpiochip2: (gpio-64-95): added GPIO chardev (254:2)
[    0.652671] gpio gpiochip2: registered GPIOs 576 to 607 on gpio-64-95
[    0.658434] 48000000.interconnect:segment@200000:target-module@0:mpu@0:fck: device ID is greater than 24
[    0.659362] /ocp/interconnect@48000000/segment@300000/target-module@e000/lcdc@0: Fixed dependency cycle(s) with /ocp/interconnect@44c00000/segment@200000/target-module@b000/i2c@0/tda19988@70
[    0.662469] /ocp/interconnect@48000000/segment@300000/target-module@e000/lcdc@0: Fixed dependency cycle(s) with /ocp/interconnect@44c00000/segment@200000/target-module@b000/i2c@0/tda19988@70
[    0.663219] /ocp/interconnect@44c00000/segment@200000/target-module@b000/i2c@0/tda19988@70: Fixed dependency cycle(s) with /ocp/interconnect@48000000/segment@300000/target-module@e000/lcdc@0
[    0.663411] /ocp/interconnect@48000000/segment@300000/target-module@e000/lcdc@0: Fixed dependency cycle(s) with /ocp/interconnect@44c00000/segment@200000/target-module@b000/i2c@0/tda19988@70
[    0.673254] mdio_bus 4a101000.mdio: using DT '/ocp/interconnect@4a000000/segment@0/target-module@100000/switch@0/mdio@1000' for 'reset' GPIO lookup
[    0.673327] of_get_named_gpiod_flags: can't parse 'reset-gpios' property of node '/ocp/interconnect@4a000000/segment@0/target-module@100000/switch@0/mdio@1000[0]'
[    0.673374] of_get_named_gpiod_flags: can't parse 'reset-gpio' property of node '/ocp/interconnect@4a000000/segment@0/target-module@100000/switch@0/mdio@1000[0]'
[    0.673420] mdio_bus 4a101000.mdio: using lookup tables for GPIO lookup
[    0.673430] mdio_bus 4a101000.mdio: No GPIO consumer reset found
[    0.674571] sdhci-omap 481d8000.mmc: using DT '/ocp/interconnect@48000000/segment@100000/target-module@d8000/mmc@0' for 'wp' GPIO lookup
[    0.674635] of_get_named_gpiod_flags: can't parse 'wp-gpios' property of node '/ocp/interconnect@48000000/segment@100000/target-module@d8000/mmc@0[0]'
[    0.674678] of_get_named_gpiod_flags: can't parse 'wp-gpio' property of node '/ocp/interconnect@48000000/segment@100000/target-module@d8000/mmc@0[0]'
[    0.674711] sdhci-omap 481d8000.mmc: using lookup tables for GPIO lookup
[    0.674720] sdhci-omap 481d8000.mmc: No GPIO consumer wp found
[    0.674913] sdhci-omap 481d8000.mmc: supply pbias not found, using dummy regulator
[    0.675411] sdhci-omap 481d8000.mmc: supply vqmmc not found, using dummy regulator
[    0.723757] davinci_mdio 4a101000.mdio: davinci mdio revision 1.6, bus freq 1000000
[    0.751862] mdio_bus 4a101000.mdio:00: using DT '/ocp/interconnect@4a000000/segment@0/target-module@100000/switch@0/mdio@1000/ethernet-phy@0' for 'reset' GPIO lookup
[    0.751964] of_get_named_gpiod_flags: parsed 'reset-gpios' property of node '/ocp/interconnect@4a000000/segment@0/target-module@100000/switch@0/mdio@1000/ethernet-phy@0[0]' - status (0)
[    0.752125] gpio gpiochip0: Persistence not supported for GPIO 8
[    0.890918] davinci_mdio 4a101000.mdio: phy[0]: device 4a101000.mdio:00, driver SMSC LAN8710/LAN8720
[    0.891797] cpsw-switch 4a100000.switch: initialized cpsw ale version 1.4
[    0.891820] cpsw-switch 4a100000.switch: ALE Table size 1024, Policers 0
[    0.904963] cpsw-switch 4a100000.switch: cpts: overflow check period 500 (jiffies)
[    0.904985] cpsw-switch 4a100000.switch: CPTS: ref_clk_freq:250000000 calc_mult:2147483648 calc_shift:29 error:0 nsec/sec
[    0.905105] cpsw-switch 4a100000.switch: Detected MACID = 6c:ec:eb:68:de:78
[    0.906963] cpsw-switch 4a100000.switch: initialized (regs 0x4a100000, pool size 256) hw_ver:0019010C 1.12 (0)
[    0.918052] debugfs: Directory '49000000.dma' with parent 'dmaengine' already present!
[    0.918093] edma 49000000.dma: TI EDMA DMA engine driver
[    0.956234] target-module@4b000000:target-module@140000:pmu@0:fck: device ID is greater than 24
[    0.980619] hw perfevents: enabled with armv7_cortex_a8 PMU driver, 5 (8000000f) counters available
[    0.981674] gpio-clk clk_mcasp0: using DT '/clk_mcasp0' for 'enable' GPIO lookup
[    0.981746] of_get_named_gpiod_flags: parsed 'enable-gpios' property of node '/clk_mcasp0[0]' - status (0)
[    0.981792] gpio gpiochip0: Persistence not supported for GPIO 27
[    0.982616] gpiochip_find_base_unlocked: found new base at 608
[    0.982729] gpio gpiochip3: (gpio-96-127): created GPIO range 0->7 ==> 44e10800.pinmux PIN 82->89
[    0.982748] gpio gpiochip3: (gpio-96-127): created GPIO range 8->11 ==> 44e10800.pinmux PIN 52->55
[    0.982764] gpio gpiochip3: (gpio-96-127): created GPIO range 12->15 ==> 44e10800.pinmux PIN 94->97
[    0.982780] gpio gpiochip3: (gpio-96-127): created GPIO range 16->17 ==> 44e10800.pinmux PIN 71->72
[    0.982796] gpio gpiochip3: (gpio-96-127): created GPIO range 18->18 ==> 44e10800.pinmux PIN 135->135
[    0.982811] gpio gpiochip3: (gpio-96-127): created GPIO range 19->20 ==> 44e10800.pinmux PIN 108->109
[    0.982828] gpio gpiochip3: (gpio-96-127): created GPIO range 21->21 ==> 44e10800.pinmux PIN 73->73
[    0.982845] gpio gpiochip3: (gpio-96-127): created GPIO range 22->23 ==> 44e10800.pinmux PIN 8->9
[    0.982880] gpio gpiochip3: (gpio-96-127): created GPIO range 26->27 ==> 44e10800.pinmux PIN 10->11
[    0.982899] gpio gpiochip3: (gpio-96-127): created GPIO range 28->28 ==> 44e10800.pinmux PIN 74->74
[    0.982917] gpio gpiochip3: (gpio-96-127): created GPIO range 29->29 ==> 44e10800.pinmux PIN 81->81
[    0.982935] gpio gpiochip3: (gpio-96-127): created GPIO range 30->31 ==> 44e10800.pinmux PIN 28->29
[    0.999331] l3-aon-clkctrl:0000:0: failed to disable
[    0.999711] gpio gpiochip3: (gpio-96-127): added GPIO chardev (254:3)
[    0.999861] gpio gpiochip3: registered GPIOs 608 to 639 on gpio-96-127
[    1.011902] omap8250 44e09000.serial: using DT '/ocp/interconnect@44c00000/segment@200000/target-module@9000/serial@0' for 'rs485-term' GPIO lookup
[    1.011980] of_get_named_gpiod_flags: can't parse 'rs485-term-gpios' property of node '/ocp/interconnect@44c00000/segment@200000/target-module@9000/serial@0[0]'
[    1.012024] of_get_named_gpiod_flags: can't parse 'rs485-term-gpio' property of node '/ocp/interconnect@44c00000/segment@200000/target-module@9000/serial@0[0]'
[    1.012059] omap8250 44e09000.serial: using lookup tables for GPIO lookup
[    1.012070] omap8250 44e09000.serial: No GPIO consumer rs485-term found
[    1.012080] omap8250 44e09000.serial: using DT '/ocp/interconnect@44c00000/segment@200000/target-module@9000/serial@0' for 'rs485-rx-during-tx' GPIO lookup
[    1.012115] of_get_named_gpiod_flags: can't parse 'rs485-rx-during-tx-gpios' property of node '/ocp/interconnect@44c00000/segment@200000/target-module@9000/serial@0[0]'
[    1.012152] of_get_named_gpiod_flags: can't parse 'rs485-rx-during-tx-gpio' property of node '/ocp/interconnect@44c00000/segment@200000/target-module@9000/serial@0[0]'
[    1.012183] omap8250 44e09000.serial: using lookup tables for GPIO lookup
[    1.012191] omap8250 44e09000.serial: No GPIO consumer rs485-rx-during-tx found
[    1.012563] 44e09000.serial: ttyS0 at MMIO 0x44e09000 (irq = 34, base_baud = 3000000) is a 8250
[    1.012653] printk: legacy console [ttyS0] enabled
[    2.437108] i2c i2c-0: using DT '/ocp/interconnect@44c00000/segment@200000/target-module@b000/i2c@0' for 'scl' GPIO lookup
[    2.437197] of_get_named_gpiod_flags: can't parse 'scl-gpios' property of node '/ocp/interconnect@44c00000/segment@200000/target-module@b000/i2c@0[0]'
[    2.437243] of_get_named_gpiod_flags: can't parse 'scl-gpio' property of node '/ocp/interconnect@44c00000/segment@200000/target-module@b000/i2c@0[0]'
[    2.437284] i2c i2c-0: using lookup tables for GPIO lookup
[    2.437297] i2c i2c-0: No GPIO consumer scl found
[    2.437322] i2c i2c-0: using DT '/ocp/interconnect@44c00000/segment@200000/target-module@b000/i2c@0' for 'sda' GPIO lookup
[    2.437361] of_get_named_gpiod_flags: can't parse 'sda-gpios' property of node '/ocp/interconnect@44c00000/segment@200000/target-module@b000/i2c@0[0]'
[    2.437402] of_get_named_gpiod_flags: can't parse 'sda-gpio' property of node '/ocp/interconnect@44c00000/segment@200000/target-module@b000/i2c@0[0]'
[    2.437437] i2c i2c-0: using lookup tables for GPIO lookup
[    2.437448] i2c i2c-0: No GPIO consumer sda found
[    2.452301] tps65217-pmic: Failed to locate of_node [id: -1]
[    2.458383] tps65217-bl: Failed to locate of_node [id: -1]
[    2.465856] platform tps65217-charger: DMA mask not set
[    2.473208] platform tps65217-pwrbutton: DMA mask not set
[    2.481016] tps65217 0-0024: TPS65217 ID 0xe version 1.2
[    2.487144] /ocp/interconnect@48000000/segment@300000/target-module@e000/lcdc@0: Fixed dependency cycle(s) with /ocp/interconnect@44c00000/segment@200000/target-module@b000/i2c@0/tda19988@70
[    2.504522] /ocp/interconnect@44c00000/segment@200000/target-module@b000/i2c@0/tda19988@70: Fixed dependency cycle(s) with /ocp/interconnect@48000000/segment@300000/target-module@e000/lcdc@0
[    2.521889] omap_i2c 44e0b000.i2c: bus 0 rev0.11 at 400 kHz
[    2.529621] sdhci-omap 48060000.mmc: using DT '/ocp/interconnect@48000000/segment@0/target-module@60000/mmc@0' for 'cd' GPIO lookup
[    2.529734] of_get_named_gpiod_flags: parsed 'cd-gpios' property of node '/ocp/interconnect@48000000/segment@0/target-module@60000/mmc@0[0]' - status (0)
[    2.529799] gpio gpiochip3: Persistence not supported for GPIO 6
[    2.529824] omap_gpio 44e07000.gpio: Could not set line 6 debounce to 200000 microseconds (-22)
[    2.538691] sdhci-omap 48060000.mmc: Got CD GPIO
[    2.543369] sdhci-omap 48060000.mmc: using DT '/ocp/interconnect@48000000/segment@0/target-module@60000/mmc@0' for 'wp' GPIO lookup
[    2.543418] of_get_named_gpiod_flags: can't parse 'wp-gpios' property of node '/ocp/interconnect@48000000/segment@0/target-module@60000/mmc@0[0]'
[    2.543461] of_get_named_gpiod_flags: can't parse 'wp-gpio' property of node '/ocp/interconnect@48000000/segment@0/target-module@60000/mmc@0[0]'
[    2.543499] sdhci-omap 48060000.mmc: using lookup tables for GPIO lookup
[    2.543512] sdhci-omap 48060000.mmc: No GPIO consumer wp found
[    2.543722] sdhci-omap 48060000.mmc: supply pbias not found, using dummy regulator
[    2.552531] sdhci-omap 481d8000.mmc: using DT '/ocp/interconnect@48000000/segment@100000/target-module@d8000/mmc@0' for 'wp' GPIO lookup
[    2.552619] of_get_named_gpiod_flags: can't parse 'wp-gpios' property of node '/ocp/interconnect@48000000/segment@100000/target-module@d8000/mmc@0[0]'
[    2.552664] of_get_named_gpiod_flags: can't parse 'wp-gpio' property of node '/ocp/interconnect@48000000/segment@100000/target-module@d8000/mmc@0[0]'
[    2.552702] sdhci-omap 481d8000.mmc: using lookup tables for GPIO lookup
[    2.552716] sdhci-omap 481d8000.mmc: No GPIO consumer wp found
[    2.553732] sdhci-omap 48060000.mmc: supply vqmmc not found, using dummy regulator
[    2.562758] sdhci-omap 481d8000.mmc: supply pbias not found, using dummy regulator
[    2.570759] sdhci-omap 481d8000.mmc: supply vqmmc not found, using dummy regulator
[    2.609484] mmc1: SDHCI controller on 481d8000.mmc [481d8000.mmc] using External DMA
[    2.618532] mmc0: SDHCI controller on 48060000.mmc [48060000.mmc] using External DMA
[    2.627470] cpsw-switch 4a100000.switch: starting ndev. mode: dual_mac
[    2.670467] mmc0: new high speed SDHC card at address 5048
[    2.677534] mmcblk0: mmc0:5048 SD16G 14.4 GiB
[    2.685571]  mmcblk0: p1 p2
[    2.688978] mmcblk0: p2 size 31221760 extends beyond EOD, truncated
[    2.702603] SMSC LAN8710/LAN8720 4a101000.mdio:00: attached PHY driver (mii_bus:phy_addr=4a101000.mdio:00, irq=POLL)
[    2.714724] mmc1: new high speed MMC card at address 0001
[    2.721537] mmcblk1: mmc1:0001 MMC04G 3.60 GiB
[    2.733573]  mmcblk1: p1 p2
[    2.737858] mmcblk1boot0: mmc1:0001 MMC04G 2.00 MiB
[    2.745192] mmcblk1boot1: mmc1:0001 MMC04G 2.00 MiB
[    2.752629] mmcblk1rpmb: mmc1:0001 MMC04G 128 KiB, chardev (250:0)
[    5.922062] cpsw-switch 4a100000.switch eth0: Link is Up - 100Mbps/Full - flow control off
[    5.951320] IP-Config: Complete:
[    5.954592]      device=eth0, hwaddr=6c:ec:eb:68:de:78, ipaddr=192.168.255.1, mask=255.255.255.0, gw=255.255.255.255
[    5.965227]      host=bbb1, domain=, nis-domain=(none)
[    5.970394]      bootserver=192.168.255.126, rootserver=192.168.255.126, rootpath=
[    5.970831] clk: Disabling unused clocks
[    5.982690] PM: genpd: Disabling unused power domains
[    5.987812] KTAP version 1
[    5.990532] 1..0
[    6.015012] VFS: Mounted root (nfs filesystem) on device 0:17.
[    6.021902] devtmpfs: mounted
[    6.026391] Freeing unused kernel image (initmem) memory: 1024K
[    6.033185] Run /sbin/init as init process
[    6.037316]   with arguments:
[    6.037329]     /sbin/init
[    6.037339]     nfsrootdebug
[    6.037348]   with environment:
[    6.037356]     HOME=/
[    6.037364]     TERM=linux
[    6.731754] systemd[1]: System time before build time, advancing clock.
[    8.221325] random: crng init done
[    8.263509] systemd[1]: systemd 232 running in system mode. (+PAM +AUDIT +SELINUX +IMA +APPARMOR +SMACK +SYSVINIT +UTMP +LIBCRYPTSETUP +GCRYPT +GNUTLS +ACL +XZ +LZ4 +SECCOMP +BLKID +ELFUTILS +KMOD +IDN)
[    8.282505] systemd[1]: Detected architecture arm.
[    8.314363] systemd[1]: Set hostname to <arm>.
[    9.409014] systemd[1]: Created slice System Slice.
[    9.461938] systemd[1]: Mounting Debug File System...
[    9.474009] systemd[1]: Created slice system-getty.slice.
[    9.503564] systemd[1]: Set up automount Arbitrary Executable File Formats File System Automount Point.
[    9.544087] systemd[1]: Created slice User and Session Slice.
[    9.556807] systemd[1]: Reached target Swap.
[    9.583669] systemd[1]: Listening on Syslog Socket.
[   11.571693] systemd-journald[88]: Received request to flush runtime journal from PID 1
[   14.303646] leds-gpio leds: using DT '/leds/led2' for '(default)' GPIO lookup
[   14.303759] of_get_named_gpiod_flags: parsed 'gpios' property of node '/leds/led2[0]' - status (0)
[   14.303816] gpio gpiochip0: Persistence not supported for GPIO 21
[   14.303832] gpio-533 (?): no flags found for GPIO (default)
[   14.326839] leds-gpio leds: using DT '/leds/led3' for '(default)' GPIO lookup
[   14.327103] of_get_named_gpiod_flags: parsed 'gpios' property of node '/leds/led3[0]' - status (0)
[   14.327168] gpio gpiochip0: Persistence not supported for GPIO 22
[   14.327183] gpio-534 (?): no flags found for GPIO (default)
[   14.402909] leds-gpio leds: using DT '/leds/led4' for '(default)' GPIO lookup
[   14.403012] of_get_named_gpiod_flags: parsed 'gpios' property of node '/leds/led4[0]' - status (0)
[   14.403063] gpio gpiochip0: Persistence not supported for GPIO 23
[   14.403078] gpio-535 (?): no flags found for GPIO (default)
[   14.422143] leds-gpio leds: using DT '/leds/led5' for '(default)' GPIO lookup
[   14.422365] of_get_named_gpiod_flags: parsed 'gpios' property of node '/leds/led5[0]' - status (0)
[   14.422424] gpio gpiochip0: Persistence not supported for GPIO 24
[   14.422438] gpio-536 (?): no flags found for GPIO (default)
[   14.667844] remoteproc remoteproc0: wkup_m3 is available
[   14.963113] omap_rtc 44e3e000.rtc: registered as rtc0
[   14.968293] omap_rtc 44e3e000.rtc: setting system clock to 2000-01-01T00:00:00 UTC (946684800)
[   14.977148] omap_rtc 44e3e000.rtc: using DT '/ocp/interconnect@44c00000/segment@200000/target-module@3e000/rtc@0' for 'wp' GPIO lookup
[   14.977232] of_get_named_gpiod_flags: can't parse 'wp-gpios' property of node '/ocp/interconnect@44c00000/segment@200000/target-module@3e000/rtc@0[0]'
[   14.977284] of_get_named_gpiod_flags: can't parse 'wp-gpio' property of node '/ocp/interconnect@44c00000/segment@200000/target-module@3e000/rtc@0[0]'
[   14.977325] omap_rtc 44e3e000.rtc: using lookup tables for GPIO lookup
[   14.977338] omap_rtc 44e3e000.rtc: No GPIO consumer wp found
[   15.146521] at24 2-0054: supply vcc not found, using dummy regulator
[   15.282219] at24 2-0055: supply vcc not found, using dummy regulator
[   15.411849] at24 2-0056: supply vcc not found, using dummy regulator
[   15.516050] at24 2-0057: supply vcc not found, using dummy regulator
[   15.585423] at24 0-0050: using DT '/ocp/interconnect@44c00000/segment@200000/target-module@b000/i2c@0/eeprom@50' for 'wp' GPIO lookup
[   15.585625] of_get_named_gpiod_flags: can't parse 'wp-gpios' property of node '/ocp/interconnect@44c00000/segment@200000/target-module@b000/i2c@0/eeprom@50[0]'
[   15.585688] of_get_named_gpiod_flags: can't parse 'wp-gpio' property of node '/ocp/interconnect@44c00000/segment@200000/target-module@b000/i2c@0/eeprom@50[0]'
[   15.585819] at24 0-0050: using lookup tables for GPIO lookup
[   15.585877] at24 0-0050: No GPIO consumer wp found
[   15.586391] at24 0-0050: 32768 byte 24c256 EEPROM, writable, 1 bytes/write
[   15.675678] input: tps65217_pwrbutton as /devices/platform/ocp/44c00000.interconnect/44c00000.interconnect:segment@200000/44e0b000.target-module/44e0b000.i2c/i2c-0/0-0024/tps65217-pwrbutton/input/input0
[   15.857699] wkup_m3_ipc 44e11324.wkup_m3_ipc: IPC Request for A8->M3 Channel failed! -517
[   15.966346] omap_wdt: OMAP Watchdog Timer Rev 0x01: initial timeout 60 sec
[   15.975458] wkup_m3_ipc 44e11324.wkup_m3_ipc: IPC Request for A8->M3 Channel failed! -517
[   16.237254] am335x-phy-driver 47401300.usb-phy: using DT '/ocp/target-module@47400000/usb-phy@1300' for 'reset' GPIO lookup
[   16.237353] of_get_named_gpiod_flags: can't parse 'reset-gpios' property of node '/ocp/target-module@47400000/usb-phy@1300[0]'
[   16.237398] of_get_named_gpiod_flags: can't parse 'reset-gpio' property of node '/ocp/target-module@47400000/usb-phy@1300[0]'
[   16.237435] am335x-phy-driver 47401300.usb-phy: using lookup tables for GPIO lookup
[   16.237449] am335x-phy-driver 47401300.usb-phy: No GPIO consumer reset found
[   16.237463] am335x-phy-driver 47401300.usb-phy: using DT '/ocp/target-module@47400000/usb-phy@1300' for 'vbus-detect' GPIO lookup
[   16.237493] of_get_named_gpiod_flags: can't parse 'vbus-detect-gpios' property of node '/ocp/target-module@47400000/usb-phy@1300[0]'
[   16.237524] of_get_named_gpiod_flags: can't parse 'vbus-detect-gpio' property of node '/ocp/target-module@47400000/usb-phy@1300[0]'
[   16.237551] am335x-phy-driver 47401300.usb-phy: using lookup tables for GPIO lookup
[   16.237562] am335x-phy-driver 47401300.usb-phy: No GPIO consumer vbus-detect found
[   16.237710] am335x-phy-driver 47401300.usb-phy: dummy supplies not allowed for exclusive requests (id=vbus)
[   16.383733] am335x-phy-driver 47401b00.usb-phy: using DT '/ocp/target-module@47400000/usb-phy@1b00' for 'reset' GPIO lookup
[   16.383827] of_get_named_gpiod_flags: can't parse 'reset-gpios' property of node '/ocp/target-module@47400000/usb-phy@1b00[0]'
[   16.383868] of_get_named_gpiod_flags: can't parse 'reset-gpio' property of node '/ocp/target-module@47400000/usb-phy@1b00[0]'
[   16.383906] am335x-phy-driver 47401b00.usb-phy: using lookup tables for GPIO lookup
[   16.383920] am335x-phy-driver 47401b00.usb-phy: No GPIO consumer reset found
[   16.383934] am335x-phy-driver 47401b00.usb-phy: using DT '/ocp/target-module@47400000/usb-phy@1b00' for 'vbus-detect' GPIO lookup
[   16.383964] of_get_named_gpiod_flags: can't parse 'vbus-detect-gpios' property of node '/ocp/target-module@47400000/usb-phy@1b00[0]'
[   16.383995] of_get_named_gpiod_flags: can't parse 'vbus-detect-gpio' property of node '/ocp/target-module@47400000/usb-phy@1b00[0]'
[   16.384022] am335x-phy-driver 47401b00.usb-phy: using lookup tables for GPIO lookup
[   16.384034] am335x-phy-driver 47401b00.usb-phy: No GPIO consumer vbus-detect found
[   16.384181] am335x-phy-driver 47401b00.usb-phy: dummy supplies not allowed for exclusive requests (id=vbus)
[   16.402416] wkup_m3_ipc 44e11324.wkup_m3_ipc: IPC Request for A8->M3 Channel failed! -517
[   16.420887] usbcore: registered new interface driver usbfs
[   16.426739] usbcore: registered new interface driver hub
[   16.432272] usbcore: registered new device driver usb
[   16.814868] wkup_m3_ipc 44e11324.wkup_m3_ipc: IPC Request for A8->M3 Channel failed! -517
[   17.153590] wkup_m3_ipc 44e11324.wkup_m3_ipc: IPC Request for A8->M3 Channel failed! -517
[   17.256994] musb-hdrc musb-hdrc.1: MUSB HDRC host driver
[   17.262667] musb-hdrc musb-hdrc.1: new USB bus registered, assigned bus number 1
[   17.276027] wkup_m3_ipc 44e11324.wkup_m3_ipc: IPC Request for A8->M3 Channel failed! -517
[   17.306217] tda998x 0-0070: found TDA19988
[   17.412964] usb usb1: New USB device found, idVendor=1d6b, idProduct=0002, bcdDevice= 6.15
[   17.421482] usb usb1: New USB device strings: Mfr=3, Product=2, SerialNumber=1
[   17.428750] usb usb1: Product: MUSB HDRC host driver
[   17.433811] usb usb1: Manufacturer: Linux 6.15.0-rc1-next-20250407 musb-hcd
[   17.440811] usb usb1: SerialNumber: musb-hdrc.1
[   17.478993] wkup_m3_ipc 44e11324.wkup_m3_ipc: IPC Request for A8->M3 Channel failed! -517
[   17.689147] omap-mailbox 480c8000.mailbox: omap mailbox rev 0x400
[   17.770831] remoteproc remoteproc0: powering up wkup_m3
[   17.854771] hub 1-0:1.0: USB hub found
[   17.920793] hub 1-0:1.0: 1 port detected
[   17.991654] remoteproc remoteproc0: Direct firmware load for am335x-pm-firmware.elf failed with error -2
[   18.001251] remoteproc remoteproc0: request_firmware failed: -2
[   18.007340] wkup_m3_ipc 44e11324.wkup_m3_ipc: rproc_boot failed
[   19.792833] omap_rng 48310000.rng: Random Number Generator ver. 20
[   19.852622] tilcdc 4830e000.lcdc: bound 0-0070 (ops tda998x_audio_codec_init [tda998x])
[   19.930658] [drm] Initialized tilcdc 1.0.0 for 4830e000.lcdc on minor 0
[   19.993382] tilcdc 4830e000.lcdc: [drm] Cannot find any crtc or sizes
[   20.061697] tilcdc 4830e000.lcdc: [drm] Cannot find any crtc or sizes
[   20.846625] PM: Cannot get wkup_m3_ipc handle
[   20.949072] omap-sham 53100000.sham: hw accel on OMAP rev 4.3
[   21.058993] omap-sham 53100000.sham: will run requests pump with realtime priority
[   21.078748] PM: Cannot get wkup_m3_ipc handle
[   21.304520] omap-aes 53500000.aes: OMAP AES hw accel rev: 3.2
[   21.483977] omap-aes 53500000.aes: will run requests pump with realtime priority
[   21.503113] PM: Cannot get wkup_m3_ipc handle
[   24.354645] Bluetooth: Core ver 2.22
[   24.358467] NET: Registered PF_BLUETOOTH protocol family
[   24.364055] Bluetooth: HCI device and connection manager initialized
[   24.370475] Bluetooth: HCI socket layer initialized
[   24.375454] Bluetooth: L2CAP socket layer initialized
[   24.380572] Bluetooth: SCO socket layer initialized
[   24.844488] tda998x 0-0070: using DT '/ocp/interconnect@44c00000/segment@200000/target-module@b000/i2c@0/tda19988@70' for 'nxp,calib' GPIO lookup
[   24.844769] of_get_named_gpiod_flags: parsed 'nxp,calib-gpios' property of node '/ocp/interconnect@44c00000/segment@200000/target-module@b000/i2c@0/tda19988@70[0]' - status (0)
[   24.844857] gpio gpiochip0: Persistence not supported for GPIO 25
[   24.844872] gpio-537 (nxp,calib): no flags found for GPIO nxp,calib
[   24.856756] gpio-537 (nxp,calib): gpiod_direction_output_nonotify: tried to set a GPIO tied to an IRQ as output
[   24.889068] PM: Cannot get wkup_m3_ipc handle
[   24.895078] asoc-simple-card sound: using DT '/sound' for 'simple-audio-card,hp-det' GPIO lookup
[   24.895155] of_get_named_gpiod_flags: can't parse 'simple-audio-card,hp-det-gpios' property of node '/sound[0]'
[   24.895190] of_get_named_gpiod_flags: can't parse 'simple-audio-card,hp-det-gpio' property of node '/sound[0]'
[   24.895214] asoc-simple-card sound: using lookup tables for GPIO lookup
[   24.895228] asoc-simple-card sound: No GPIO consumer simple-audio-card,hp-det found
[   24.895243] asoc-simple-card sound: using DT '/sound' for 'simple-audio-card,mic-det' GPIO lookup
[   24.895267] of_get_named_gpiod_flags: can't parse 'simple-audio-card,mic-det-gpios' property of node '/sound[0]'
[   24.895292] of_get_named_gpiod_flags: can't parse 'simple-audio-card,mic-det-gpio' property of node '/sound[0]'
[   24.895311] asoc-simple-card sound: using lookup tables for GPIO lookup
[   24.895322] asoc-simple-card sound: No GPIO consumer simple-audio-card,mic-det found
[   25.037225] PM: Cannot get wkup_m3_ipc handle
[   25.167214] tda9950 0-0034: TDA9950 CEC interface, hardware version 3.3
[   25.257994] PM: Cannot get wkup_m3_ipc handle
[   28.800186] userial_init: registered 8 ttyGS* devices
[   28.980567] rndis_register: configNr = 0
[   29.052533] udc musb-hdrc.0: binding gadget driver [g_multi]
[   29.052631] configfs-gadget.g_multi gadget.0: adding 'rndis'/26353441 to config 'c'/ce41a210
[   29.053776] configfs-gadget.g_multi gadget.0: HOST MAC 1c:ba:8c:a2:ed:6c
[   29.060552] configfs-gadget.g_multi gadget.0: MAC 1c:ba:8c:a2:ed:70
[   29.067111] rndis_set_param_medium: 0 0
[   29.067138] configfs-gadget.g_multi gadget.0: RNDIS: IN/ep1in OUT/ep1out NOTIFY/ep2in
[   29.067155] configfs-gadget.g_multi gadget.0: adding 'cdc_ethernet'/892036c9 to config 'c'/ce41a210
[   29.068077] configfs-gadget.g_multi gadget.0: HOST MAC 1c:ba:8c:a2:ed:6c
[   29.074985] configfs-gadget.g_multi gadget.0: MAC 1c:ba:8c:a2:ed:6d
[   29.081352] configfs-gadget.g_multi gadget.0: CDC Ethernet: IN/ep3in OUT/ep2out NOTIFY/ep4in
[   29.081371] configfs-gadget.g_multi gadget.0: adding 'acm'/98749c12 to config 'c'/ce41a210
[   29.081405] configfs-gadget.g_multi gadget.0: acm ttyGS0: IN/ep5in OUT/ep3out NOTIFY/ep6in
[   29.082168] PM: Cannot get wkup_m3_ipc handle
[   31.181897] configfs-gadget.g_multi gadget.0: eth_open
[   35.245169] gs_open: ttyGS0 (dc0a5b68,577b482d)
[   35.245327] gs_close: ttyGS0 (dc0a5b68,577b482d) ...
[   35.245352] gs_close: ttyGS0 (dc0a5b68,577b482d) done!
[   35.260859] gs_open: ttyGS0 (821d3977,577b482d)
[   35.260984] gs_close: ttyGS0 (821d3977,577b482d) ...
[   35.261007] gs_close: ttyGS0 (821d3977,577b482d) done!
[   35.453305] gs_open: ttyGS0 (dc0a5b68,f4841a40)
[   35.453551] gs_close: ttyGS0 (dc0a5b68,f4841a40) ...
[   35.453579] gs_close: ttyGS0 (dc0a5b68,f4841a40) done!
[   35.464033] gs_open: ttyGS0 (dc0a5b68,52b03057)
KGNJVPVLEB 0
root@arm:~# echo 'FMNJ''LPXBVK'
FMNJLPXBVK
root@arm:~# MARKER='BAPY''UVPMJO' run 'modprobe test_linear_ranges'
BAPYUVPMJOBAPYUVPMJO 0
root@arm:~# echo 'UMEU''TTGLLO'
UMEUTTGLLO
root@arm:~# MARKER='XHPH''QMQXKE' run dmesg
XHPHQMQXKE[    0.000000] Booting Linux on physical CPU 0x0
[    0.000000] Linux version 6.15.0-rc1-next-20250407 (user01@drvtest01) (arm-none-eabi-gcc (Arm GNU Toolchain 14.2.Rel1 (Build arm-14.52)) 14.2.1 20241119, GNU ld (Arm GNU Toolchain 14.2.Rel1 (Build arm-14.52)) 2.43.1.20241119) #1 SMP Mon Apr  7 06:23:28 EEST 2025
[    0.000000] CPU: ARMv7 Processor [413fc082] revision 2 (ARMv7), cr=10c5387d
[    0.000000] CPU: PIPT / VIPT nonaliasing data cache, VIPT aliasing instruction cache
[    0.000000] OF: fdt: Machine model: TI AM335x BeagleBone Black
[    0.000000] Memory policy: Data cache writeback
[    0.000000] cma: Reserved 16 MiB at 0x00000000
[    0.000000] Zone ranges:
[    0.000000]   Normal   [mem 0x0000000080000000-0x000000009fdfffff]
[    0.000000]   HighMem  empty
[    0.000000] Movable zone start for each node
[    0.000000] Early memory node ranges
[    0.000000]   node   0: [mem 0x0000000080000000-0x000000009fdfffff]
[    0.000000] Initmem setup node 0 [mem 0x0000000080000000-0x000000009fdfffff]
[    0.000000] On node 0, zone Normal: 512 pages in unavailable ranges
[    0.000000] OF: reserved mem: Reserved memory: No reserved-memory node in the DT
[    0.000000] CPU: All CPU(s) started in SVC mode.
[    0.000000] AM335X ES2.1 (sgx neon)
[    0.000000] percpu: Embedded 17 pages/cpu s39692 r8192 d21748 u69632
[    0.000000] pcpu-alloc: s39692 r8192 d21748 u69632 alloc=17*4096
[    0.000000] pcpu-alloc: [0] 0 
[    0.000000] Kernel command line: console=ttyO0,115200n8 root=/dev/nfs rw nfsroot=192.168.255.126:/home/user01/nfs,nfsvers=3 ip=192.168.255.1:192.168.255.126::255.255.255.0:bbb1:eth0 nfsrootdebug
[    0.000000] Unknown kernel command line parameters "nfsrootdebug", will be passed to user space.
[    0.000000] printk: log buffer data + meta data: 65536 + 204800 = 270336 bytes
[    0.000000] Dentry cache hash table entries: 65536 (order: 6, 262144 bytes, linear)
[    0.000000] Inode-cache hash table entries: 32768 (order: 5, 131072 bytes, linear)
[    0.000000] Built 1 zonelists, mobility grouping on.  Total pages: 130560
[    0.000000] mem auto-init: stack:off, heap alloc:off, heap free:off
[    0.000000] SLUB: HWalign=16, Order=0-3, MinObjects=0, CPUs=1, Nodes=1
[    0.000000] rcu: Hierarchical RCU implementation.
[    0.000000] rcu: 	RCU event tracing is enabled.
[    0.000000] rcu: 	RCU restricting CPUs from NR_CPUS=2 to nr_cpu_ids=1.
[    0.000000] 	Tracing variant of Tasks RCU enabled.
[    0.000000] rcu: RCU calculated value of scheduler-enlistment delay is 10 jiffies.
[    0.000000] rcu: Adjusting geometry for rcu_fanout_leaf=16, nr_cpu_ids=1
[    0.000000] RCU Tasks Trace: Setting shift to 0 and lim to 1 rcu_task_cb_adjust=1 rcu_task_cpu_ids=1.
[    0.000000] NR_IRQS: 16, nr_irqs: 16, preallocated irqs: 16
[    0.000000] IRQ: Found an INTC at 0x(ptrval) (revision 5.0) with 128 interrupts
[    0.000000] rcu: srcu_init: Setting srcu_struct sizes based on contention.
[    0.000000] TI gptimer clocksource: always-on /ocp/interconnect@44c00000/segment@200000/target-module@31000
[    0.000002] sched_clock: 32 bits at 24MHz, resolution 41ns, wraps every 89478484971ns
[    0.000027] clocksource: dmtimer: mask: 0xffffffff max_cycles: 0xffffffff, max_idle_ns: 79635851949 ns
[    0.000504] TI gptimer clockevent: 24000000 Hz at /ocp/interconnect@48000000/segment@0/target-module@40000
[    0.002134] Console: colour dummy device 80x30
[    0.002200] WARNING: Your 'console=ttyO0' has been replaced by 'ttyS0'
[    0.002208] This ensures that you still see kernel messages. Please
[    0.002212] update your kernel commandline.
[    0.002256] Calibrating delay loop... 996.14 BogoMIPS (lpj=4980736)
[    0.090555] CPU: Testing write buffer coherency: ok
[    0.090666] CPU0: Spectre v2: using BPIALL workaround
[    0.090675] pid_max: default: 32768 minimum: 301
[    0.090832] LSM: initializing lsm=capability
[    0.091010] Mount-cache hash table entries: 1024 (order: 0, 4096 bytes, linear)
[    0.091030] Mountpoint-cache hash table entries: 1024 (order: 0, 4096 bytes, linear)
[    0.092636] CPU0: thread -1, cpu 0, socket -1, mpidr 0
[    0.092695] cacheinfo: Unable to detect cache hierarchy for CPU 0
[    0.150737] Setting up static identity map for 0x80100000 - 0x80100078
[    0.160698] rcu: Hierarchical SRCU implementation.
[    0.160711] rcu: 	Max phase no-delay instances is 1000.
[    0.180752] smp: Bringing up secondary CPUs ...
[    0.180807] smp: Brought up 1 node, 1 CPU
[    0.180821] SMP: Total of 1 processors activated (996.14 BogoMIPS).
[    0.180832] CPU: All CPU(s) started in SVC mode.
[    0.181029] Memory: 480824K/522240K available (11264K kernel code, 1216K rwdata, 2972K rodata, 1024K init, 288K bss, 23384K reserved, 16384K cma-reserved, 0K highmem)
[    0.181870] devtmpfs: initialized
[    0.198994] VFP support v0.3: implementor 41 architecture 3 part 30 variant c rev 3
[    0.199646] clocksource: jiffies: mask: 0xffffffff max_cycles: 0xffffffff, max_idle_ns: 19112604462750000 ns
[    0.199686] posixtimers hash table entries: 512 (order: 0, 4096 bytes, linear)
[    0.199705] futex hash table entries: 256 (order: 2, 16384 bytes, linear)
[    0.201090] pinctrl core: initialized pinctrl subsystem
[    0.203213] NET: Registered PF_NETLINK/PF_ROUTE protocol family
[    0.206014] DMA: preallocated 256 KiB pool for atomic coherent allocations
[    0.206948] audit: initializing netlink subsys (disabled)
[    0.208352] thermal_sys: Registered thermal governor 'fair_share'
[    0.208367] thermal_sys: Registered thermal governor 'step_wise'
[    0.208376] thermal_sys: Registered thermal governor 'user_space'
[    0.208515] audit: type=2000 audit(0.200:1): state=initialized audit_enabled=0 res=1
[    0.208548] cpuidle: using governor menu
[    0.226956] /ocp/interconnect@44c00000/segment@200000/target-module@b000/i2c@0/tda19988@70: Fixed dependency cycle(s) with /ocp/interconnect@48000000/segment@300000/target-module@e000/lcdc@0
[    0.228138] /ocp/interconnect@48000000/segment@300000/target-module@e000/lcdc@0: Fixed dependency cycle(s) with /ocp/interconnect@44c00000/segment@200000/target-module@b000/i2c@0/tda19988@70
[    0.230376] No ATAGs?
[    0.230417] hw-breakpoint: debug architecture 0x4 unsupported.
[    0.233315] kprobes: kprobe jump-optimization is enabled. All kprobes are optimized if possible.
[    0.243941] iommu: Default domain type: Translated
[    0.243965] iommu: DMA domain TLB invalidation policy: strict mode
[    0.245542] reg-fixed-voltage fixedregulator0: using DT '/fixedregulator0' for '(default)' GPIO lookup
[    0.245596] of_get_named_gpiod_flags: can't parse 'gpios' property of node '/fixedregulator0[0]'
[    0.245625] of_get_named_gpiod_flags: can't parse 'gpio' property of node '/fixedregulator0[0]'
[    0.245643] reg-fixed-voltage fixedregulator0: using lookup tables for GPIO lookup
[    0.245652] reg-fixed-voltage fixedregulator0: No GPIO consumer (default) found
[    0.251927] SCSI subsystem initialized
[    0.252417] libata version 3.00 loaded.
[    0.252784] pps_core: LinuxPPS API ver. 1 registered
[    0.252795] pps_core: Software ver. 5.3.6 - Copyright 2005-2007 Rodolfo Giometti <giometti@linux.it>
[    0.252820] PTP clock support registered
[    0.260927] vgaarb: loaded
[    0.261301] clocksource: Switched to clocksource dmtimer
[    0.261974] VFS: Disk quotas dquot_6.6.0
[    0.262033] VFS: Dquot-cache hash table entries: 1024 (order 0, 4096 bytes)
[    0.285932] NET: Registered PF_INET protocol family
[    0.286273] IP idents hash table entries: 8192 (order: 4, 65536 bytes, linear)
[    0.287697] tcp_listen_portaddr_hash hash table entries: 512 (order: 0, 4096 bytes, linear)
[    0.287736] Table-perturb hash table entries: 65536 (order: 6, 262144 bytes, linear)
[    0.287755] TCP established hash table entries: 4096 (order: 2, 16384 bytes, linear)
[    0.287800] TCP bind hash table entries: 4096 (order: 4, 65536 bytes, linear)
[    0.287900] TCP: Hash tables configured (established 4096 bind 4096)
[    0.288017] UDP hash table entries: 256 (order: 1, 14336 bytes, linear)
[    0.288052] UDP-Lite hash table entries: 256 (order: 1, 14336 bytes, linear)
[    0.288240] NET: Registered PF_UNIX/PF_LOCAL protocol family
[    0.289518] RPC: Registered named UNIX socket transport module.
[    0.289543] RPC: Registered udp transport module.
[    0.289548] RPC: Registered tcp transport module.
[    0.289553] RPC: Registered tcp-with-tls transport module.
[    0.289557] RPC: Registered tcp NFSv4.1 backchannel transport module.
[    0.289580] PCI: CLS 0 bytes, default 64
[    0.290984] Initialise system trusted keyrings
[    0.301854] workingset: timestamp_bits=14 max_order=17 bucket_order=3
[    0.303239] NFS: Registering the id_resolver key type
[    0.303350] Key type id_resolver registered
[    0.303357] Key type id_legacy registered
[    0.303467] jffs2: version 2.2. (NAND) (SUMMARY)  Â© 2001-2006 Red Hat, Inc.
[    0.303892] Key type asymmetric registered
[    0.303908] Asymmetric key parser 'x509' registered
[    0.303972] io scheduler mq-deadline registered
[    0.303983] io scheduler kyber registered
[    0.304057] io scheduler bfq registered
[    0.305647] ledtrig-cpu: registered to indicate activity on CPUs
[    0.311785] Serial: 8250/16550 driver, 6 ports, IRQ sharing enabled
[    0.349379] brd: module loaded
[    0.377256] loop: module loaded
[    0.378158] mtdoops: mtd device (mtddev=name/number) must be supplied
[    0.379864] mdio_bus fixed-0: using lookup tables for GPIO lookup
[    0.379891] mdio_bus fixed-0: No GPIO consumer reset found
[    0.381235] i2c_dev: i2c /dev entries driver
[    0.382388] cpuidle: enable-method property 'ti,am3352' found operations
[    0.382836] sdhci: Secure Digital Host Controller Interface driver
[    0.382845] sdhci: Copyright(c) Pierre Ossman
[    0.383011] sdhci-pltfm: SDHCI platform and OF driver helper
[    0.384019] Initializing XFRM netlink socket
[    0.384201] NET: Registered PF_INET6 protocol family
[    0.386214] Segment Routing with IPv6
[    0.386299] In-situ OAM (IOAM) with IPv6
[    0.386396] sit: IPv6, IPv4 and MPLS over IPv4 tunneling driver
[    0.387356] NET: Registered PF_PACKET protocol family
[    0.387392] NET: Registered PF_KEY protocol family
[    0.387537] Key type dns_resolver registered
[    0.387763] ThumbEE CPU extension supported.
[    0.387781] Registering SWP/SWPB emulation handler
[    0.388317] omap_voltage_late_init: Voltage driver support not added
[    0.388663] SmartReflex Class3 initialized
[    0.432756] Loading compiled-in X.509 certificates
[    0.481182] /ocp/interconnect@44c00000/segment@200000/target-module@b000/i2c@0/tda19988@70: Fixed dependency cycle(s) with /ocp/interconnect@48000000/segment@300000/target-module@e000/lcdc@0
[    0.488007] /ocp/interconnect@44c00000/segment@200000/target-module@b000/i2c@0/tda19988@70: Fixed dependency cycle(s) with /ocp/interconnect@48000000/segment@300000/target-module@e000/lcdc@0
[    0.493837] gpiochip_find_base_unlocked: found new base at 512
[    0.498064] /ocp/interconnect@44c00000/segment@200000/target-module@b000/i2c@0/tda19988@70: Fixed dependency cycle(s) with /ocp/interconnect@48000000/segment@300000/target-module@e000/lcdc@0
[    0.498973] /ocp/interconnect@44c00000/segment@200000/target-module@b000/i2c@0/tda19988@70: Fixed dependency cycle(s) with /ocp/interconnect@48000000/segment@300000/target-module@e000/lcdc@0
[    0.502804] /ocp/interconnect@44c00000/segment@200000/target-module@10000/scm@0/pinmux@800: Fixed dependency cycle(s) with /ocp/interconnect@44c00000/segment@200000/target-module@10000/scm@0/pinmux@800/clkout2-pins
[    0.503423] pinctrl-single 44e10800.pinmux: 142 pins, size 568
[    0.508820] ti-sysc 44e31000.target-module: probe with driver ti-sysc failed with error -16
[    0.537326] /ocp/interconnect@48000000/segment@300000/target-module@e000/lcdc@0: Fixed dependency cycle(s) with /ocp/interconnect@44c00000/segment@200000/target-module@b000/i2c@0/tda19988@70
[    0.545810] ti-sysc 48040000.target-module: probe with driver ti-sysc failed with error -16
[    0.557475] gpiochip_find_base_unlocked: found new base at 512
[    0.557582] gpio gpiochip0: (gpio-0-31): created GPIO range 0->7 ==> 44e10800.pinmux PIN 0->7
[    0.557601] gpio gpiochip0: (gpio-0-31): created GPIO range 8->11 ==> 44e10800.pinmux PIN 90->93
[    0.557617] gpio gpiochip0: (gpio-0-31): created GPIO range 12->27 ==> 44e10800.pinmux PIN 12->27
[    0.557632] gpio gpiochip0: (gpio-0-31): created GPIO range 28->31 ==> 44e10800.pinmux PIN 30->33
[    0.592647] gpio gpiochip0: (gpio-0-31): added GPIO chardev (254:0)
[    0.592805] gpio gpiochip0: registered GPIOs 512 to 543 on gpio-0-31
[    0.592891] OMAP GPIO hardware version 0.1
[    0.627081] i2c i2c-2: using DT '/ocp/interconnect@48000000/segment@100000/target-module@9c000/i2c@0' for 'scl' GPIO lookup
[    0.627154] of_get_named_gpiod_flags: can't parse 'scl-gpios' property of node '/ocp/interconnect@48000000/segment@100000/target-module@9c000/i2c@0[0]'
[    0.627195] of_get_named_gpiod_flags: can't parse 'scl-gpio' property of node '/ocp/interconnect@48000000/segment@100000/target-module@9c000/i2c@0[0]'
[    0.627230] i2c i2c-2: using lookup tables for GPIO lookup
[    0.627239] i2c i2c-2: No GPIO consumer scl found
[    0.627260] i2c i2c-2: using DT '/ocp/interconnect@48000000/segment@100000/target-module@9c000/i2c@0' for 'sda' GPIO lookup
[    0.627296] of_get_named_gpiod_flags: can't parse 'sda-gpios' property of node '/ocp/interconnect@48000000/segment@100000/target-module@9c000/i2c@0[0]'
[    0.627332] of_get_named_gpiod_flags: can't parse 'sda-gpio' property of node '/ocp/interconnect@48000000/segment@100000/target-module@9c000/i2c@0[0]'
[    0.627362] i2c i2c-2: using lookup tables for GPIO lookup
[    0.627370] i2c i2c-2: No GPIO consumer sda found
[    0.628070] omap_i2c 4819c000.i2c: bus 2 rev0.11 at 100 kHz
[    0.634081] gpiochip_find_base_unlocked: found new base at 544
[    0.634183] gpio gpiochip1: (gpio-32-63): created GPIO range 0->17 ==> 44e10800.pinmux PIN 34->51
[    0.634202] gpio gpiochip1: (gpio-32-63): created GPIO range 18->21 ==> 44e10800.pinmux PIN 77->80
[    0.634218] gpio gpiochip1: (gpio-32-63): created GPIO range 22->31 ==> 44e10800.pinmux PIN 56->65
[    0.648995] gpio gpiochip1: (gpio-32-63): added GPIO chardev (254:1)
[    0.649178] gpio gpiochip1: registered GPIOs 544 to 575 on gpio-32-63
[    0.651660] gpiochip_find_base_unlocked: found new base at 576
[    0.651759] gpio gpiochip2: (gpio-64-95): created GPIO range 0->4 ==> 44e10800.pinmux PIN 66->70
[    0.651777] gpio gpiochip2: (gpio-64-95): created GPIO range 5->6 ==> 44e10800.pinmux PIN 98->99
[    0.651793] gpio gpiochip2: (gpio-64-95): created GPIO range 7->8 ==> 44e10800.pinmux PIN 75->76
[    0.651808] gpio gpiochip2: (gpio-64-95): created GPIO range 13->13 ==> 44e10800.pinmux PIN 141->141
[    0.651825] gpio gpiochip2: (gpio-64-95): created GPIO range 14->21 ==> 44e10800.pinmux PIN 100->107
[    0.652534] gpio gpiochip2: (gpio-64-95): added GPIO chardev (254:2)
[    0.652671] gpio gpiochip2: registered GPIOs 576 to 607 on gpio-64-95
[    0.658434] 48000000.interconnect:segment@200000:target-module@0:mpu@0:fck: device ID is greater than 24
[    0.659362] /ocp/interconnect@48000000/segment@300000/target-module@e000/lcdc@0: Fixed dependency cycle(s) with /ocp/interconnect@44c00000/segment@200000/target-module@b000/i2c@0/tda19988@70
[    0.662469] /ocp/interconnect@48000000/segment@300000/target-module@e000/lcdc@0: Fixed dependency cycle(s) with /ocp/interconnect@44c00000/segment@200000/target-module@b000/i2c@0/tda19988@70
[    0.663219] /ocp/interconnect@44c00000/segment@200000/target-module@b000/i2c@0/tda19988@70: Fixed dependency cycle(s) with /ocp/interconnect@48000000/segment@300000/target-module@e000/lcdc@0
[    0.663411] /ocp/interconnect@48000000/segment@300000/target-module@e000/lcdc@0: Fixed dependency cycle(s) with /ocp/interconnect@44c00000/segment@200000/target-module@b000/i2c@0/tda19988@70
[    0.673254] mdio_bus 4a101000.mdio: using DT '/ocp/interconnect@4a000000/segment@0/target-module@100000/switch@0/mdio@1000' for 'reset' GPIO lookup
[    0.673327] of_get_named_gpiod_flags: can't parse 'reset-gpios' property of node '/ocp/interconnect@4a000000/segment@0/target-module@100000/switch@0/mdio@1000[0]'
[    0.673374] of_get_named_gpiod_flags: can't parse 'reset-gpio' property of node '/ocp/interconnect@4a000000/segment@0/target-module@100000/switch@0/mdio@1000[0]'
[    0.673420] mdio_bus 4a101000.mdio: using lookup tables for GPIO lookup
[    0.673430] mdio_bus 4a101000.mdio: No GPIO consumer reset found
[    0.674571] sdhci-omap 481d8000.mmc: using DT '/ocp/interconnect@48000000/segment@100000/target-module@d8000/mmc@0' for 'wp' GPIO lookup
[    0.674635] of_get_named_gpiod_flags: can't parse 'wp-gpios' property of node '/ocp/interconnect@48000000/segment@100000/target-module@d8000/mmc@0[0]'
[    0.674678] of_get_named_gpiod_flags: can't parse 'wp-gpio' property of node '/ocp/interconnect@48000000/segment@100000/target-module@d8000/mmc@0[0]'
[    0.674711] sdhci-omap 481d8000.mmc: using lookup tables for GPIO lookup
[    0.674720] sdhci-omap 481d8000.mmc: No GPIO consumer wp found
[    0.674913] sdhci-omap 481d8000.mmc: supply pbias not found, using dummy regulator
[    0.675411] sdhci-omap 481d8000.mmc: supply vqmmc not found, using dummy regulator
[    0.723757] davinci_mdio 4a101000.mdio: davinci mdio revision 1.6, bus freq 1000000
[    0.751862] mdio_bus 4a101000.mdio:00: using DT '/ocp/interconnect@4a000000/segment@0/target-module@100000/switch@0/mdio@1000/ethernet-phy@0' for 'reset' GPIO lookup
[    0.751964] of_get_named_gpiod_flags: parsed 'reset-gpios' property of node '/ocp/interconnect@4a000000/segment@0/target-module@100000/switch@0/mdio@1000/ethernet-phy@0[0]' - status (0)
[    0.752125] gpio gpiochip0: Persistence not supported for GPIO 8
[    0.890918] davinci_mdio 4a101000.mdio: phy[0]: device 4a101000.mdio:00, driver SMSC LAN8710/LAN8720
[    0.891797] cpsw-switch 4a100000.switch: initialized cpsw ale version 1.4
[    0.891820] cpsw-switch 4a100000.switch: ALE Table size 1024, Policers 0
[    0.904963] cpsw-switch 4a100000.switch: cpts: overflow check period 500 (jiffies)
[    0.904985] cpsw-switch 4a100000.switch: CPTS: ref_clk_freq:250000000 calc_mult:2147483648 calc_shift:29 error:0 nsec/sec
[    0.905105] cpsw-switch 4a100000.switch: Detected MACID = 6c:ec:eb:68:de:78
[    0.906963] cpsw-switch 4a100000.switch: initialized (regs 0x4a100000, pool size 256) hw_ver:0019010C 1.12 (0)
[    0.918052] debugfs: Directory '49000000.dma' with parent 'dmaengine' already present!
[    0.918093] edma 49000000.dma: TI EDMA DMA engine driver
[    0.956234] target-module@4b000000:target-module@140000:pmu@0:fck: device ID is greater than 24
[    0.980619] hw perfevents: enabled with armv7_cortex_a8 PMU driver, 5 (8000000f) counters available
[    0.981674] gpio-clk clk_mcasp0: using DT '/clk_mcasp0' for 'enable' GPIO lookup
[    0.981746] of_get_named_gpiod_flags: parsed 'enable-gpios' property of node '/clk_mcasp0[0]' - status (0)
[    0.981792] gpio gpiochip0: Persistence not supported for GPIO 27
[    0.982616] gpiochip_find_base_unlocked: found new base at 608
[    0.982729] gpio gpiochip3: (gpio-96-127): created GPIO range 0->7 ==> 44e10800.pinmux PIN 82->89
[    0.982748] gpio gpiochip3: (gpio-96-127): created GPIO range 8->11 ==> 44e10800.pinmux PIN 52->55
[    0.982764] gpio gpiochip3: (gpio-96-127): created GPIO range 12->15 ==> 44e10800.pinmux PIN 94->97
[    0.982780] gpio gpiochip3: (gpio-96-127): created GPIO range 16->17 ==> 44e10800.pinmux PIN 71->72
[    0.982796] gpio gpiochip3: (gpio-96-127): created GPIO range 18->18 ==> 44e10800.pinmux PIN 135->135
[    0.982811] gpio gpiochip3: (gpio-96-127): created GPIO range 19->20 ==> 44e10800.pinmux PIN 108->109
[    0.982828] gpio gpiochip3: (gpio-96-127): created GPIO range 21->21 ==> 44e10800.pinmux PIN 73->73
[    0.982845] gpio gpiochip3: (gpio-96-127): created GPIO range 22->23 ==> 44e10800.pinmux PIN 8->9
[    0.982880] gpio gpiochip3: (gpio-96-127): created GPIO range 26->27 ==> 44e10800.pinmux PIN 10->11
[    0.982899] gpio gpiochip3: (gpio-96-127): created GPIO range 28->28 ==> 44e10800.pinmux PIN 74->74
[    0.982917] gpio gpiochip3: (gpio-96-127): created GPIO range 29->29 ==> 44e10800.pinmux PIN 81->81
[    0.982935] gpio gpiochip3: (gpio-96-127): created GPIO range 30->31 ==> 44e10800.pinmux PIN 28->29
[    0.999331] l3-aon-clkctrl:0000:0: failed to disable
[    0.999711] gpio gpiochip3: (gpio-96-127): added GPIO chardev (254:3)
[    0.999861] gpio gpiochip3: registered GPIOs 608 to 639 on gpio-96-127
[    1.011902] omap8250 44e09000.serial: using DT '/ocp/interconnect@44c00000/segment@200000/target-module@9000/serial@0' for 'rs485-term' GPIO lookup
[    1.011980] of_get_named_gpiod_flags: can't parse 'rs485-term-gpios' property of node '/ocp/interconnect@44c00000/segment@200000/target-module@9000/serial@0[0]'
[    1.012024] of_get_named_gpiod_flags: can't parse 'rs485-term-gpio' property of node '/ocp/interconnect@44c00000/segment@200000/target-module@9000/serial@0[0]'
[    1.012059] omap8250 44e09000.serial: using lookup tables for GPIO lookup
[    1.012070] omap8250 44e09000.serial: No GPIO consumer rs485-term found
[    1.012080] omap8250 44e09000.serial: using DT '/ocp/interconnect@44c00000/segment@200000/target-module@9000/serial@0' for 'rs485-rx-during-tx' GPIO lookup
[    1.012115] of_get_named_gpiod_flags: can't parse 'rs485-rx-during-tx-gpios' property of node '/ocp/interconnect@44c00000/segment@200000/target-module@9000/serial@0[0]'
[    1.012152] of_get_named_gpiod_flags: can't parse 'rs485-rx-during-tx-gpio' property of node '/ocp/interconnect@44c00000/segment@200000/target-module@9000/serial@0[0]'
[    1.012183] omap8250 44e09000.serial: using lookup tables for GPIO lookup
[    1.012191] omap8250 44e09000.serial: No GPIO consumer rs485-rx-during-tx found
[    1.012563] 44e09000.serial: ttyS0 at MMIO 0x44e09000 (irq = 34, base_baud = 3000000) is a 8250
[    1.012653] printk: legacy console [ttyS0] enabled
[    2.437108] i2c i2c-0: using DT '/ocp/interconnect@44c00000/segment@200000/target-module@b000/i2c@0' for 'scl' GPIO lookup
[    2.437197] of_get_named_gpiod_flags: can't parse 'scl-gpios' property of node '/ocp/interconnect@44c00000/segment@200000/target-module@b000/i2c@0[0]'
[    2.437243] of_get_named_gpiod_flags: can't parse 'scl-gpio' property of node '/ocp/interconnect@44c00000/segment@200000/target-module@b000/i2c@0[0]'
[    2.437284] i2c i2c-0: using lookup tables for GPIO lookup
[    2.437297] i2c i2c-0: No GPIO consumer scl found
[    2.437322] i2c i2c-0: using DT '/ocp/interconnect@44c00000/segment@200000/target-module@b000/i2c@0' for 'sda' GPIO lookup
[    2.437361] of_get_named_gpiod_flags: can't parse 'sda-gpios' property of node '/ocp/interconnect@44c00000/segment@200000/target-module@b000/i2c@0[0]'
[    2.437402] of_get_named_gpiod_flags: can't parse 'sda-gpio' property of node '/ocp/interconnect@44c00000/segment@200000/target-module@b000/i2c@0[0]'
[    2.437437] i2c i2c-0: using lookup tables for GPIO lookup
[    2.437448] i2c i2c-0: No GPIO consumer sda found
[    2.452301] tps65217-pmic: Failed to locate of_node [id: -1]
[    2.458383] tps65217-bl: Failed to locate of_node [id: -1]
[    2.465856] platform tps65217-charger: DMA mask not set
[    2.473208] platform tps65217-pwrbutton: DMA mask not set
[    2.481016] tps65217 0-0024: TPS65217 ID 0xe version 1.2
[    2.487144] /ocp/interconnect@48000000/segment@300000/target-module@e000/lcdc@0: Fixed dependency cycle(s) with /ocp/interconnect@44c00000/segment@200000/target-module@b000/i2c@0/tda19988@70
[    2.504522] /ocp/interconnect@44c00000/segment@200000/target-module@b000/i2c@0/tda19988@70: Fixed dependency cycle(s) with /ocp/interconnect@48000000/segment@300000/target-module@e000/lcdc@0
[    2.521889] omap_i2c 44e0b000.i2c: bus 0 rev0.11 at 400 kHz
[    2.529621] sdhci-omap 48060000.mmc: using DT '/ocp/interconnect@48000000/segment@0/target-module@60000/mmc@0' for 'cd' GPIO lookup
[    2.529734] of_get_named_gpiod_flags: parsed 'cd-gpios' property of node '/ocp/interconnect@48000000/segment@0/target-module@60000/mmc@0[0]' - status (0)
[    2.529799] gpio gpiochip3: Persistence not supported for GPIO 6
[    2.529824] omap_gpio 44e07000.gpio: Could not set line 6 debounce to 200000 microseconds (-22)
[    2.538691] sdhci-omap 48060000.mmc: Got CD GPIO
[    2.543369] sdhci-omap 48060000.mmc: using DT '/ocp/interconnect@48000000/segment@0/target-module@60000/mmc@0' for 'wp' GPIO lookup
[    2.543418] of_get_named_gpiod_flags: can't parse 'wp-gpios' property of node '/ocp/interconnect@48000000/segment@0/target-module@60000/mmc@0[0]'
[    2.543461] of_get_named_gpiod_flags: can't parse 'wp-gpio' property of node '/ocp/interconnect@48000000/segment@0/target-module@60000/mmc@0[0]'
[    2.543499] sdhci-omap 48060000.mmc: using lookup tables for GPIO lookup
[    2.543512] sdhci-omap 48060000.mmc: No GPIO consumer wp found
[    2.543722] sdhci-omap 48060000.mmc: supply pbias not found, using dummy regulator
[    2.552531] sdhci-omap 481d8000.mmc: using DT '/ocp/interconnect@48000000/segment@100000/target-module@d8000/mmc@0' for 'wp' GPIO lookup
