Labgrid Console Logfile for main
Logfile started at 2024-10-17 12:24:48.405331
=== Log starts here ===

U-Boot SPL 2014.04-00014-g47880f5 (Apr 22 2014 - 13:23:54)
reading args
spl_load_image_fat_os: error reading image args, err - -1
reading u-boot.img
reading u-boot.img


U-Boot 2014.04-00014-g47880f5 (Apr 22 2014 - 13:23:54)

I2C:   ready
DRAM:  512 MiB
NAND:  0 MiB
MMC:   OMAP SD/MMC: 0, OMAP SD/MMC: 1
*** Warning - readenv() failed, using default environment

Net:   <ethaddr> not set. Validating first E-fuse MAC
Could not get PHY for cpsw: addr 0
cpsw, usb_ether
Hit any key to stop autoboot:  1  0 
gpio: pin 53 (gpio 53) value is 1
mmc0 is current device
gpio: pin 54 (gpio 54) value is 1
SD/MMC found on device 0
reading uEnv.txt
569 bytes read in 3 ms (184.6 KiB/s)
gpio: pin 55 (gpio 55) value is 1
Loaded environment from uEnv.txt
Importing environment from mmc ...
Checking if uenvcmd is set ...
gpio: pin 56 (gpio 56) value is 1
Running uenvcmd ...
Using cpsw device
TFTP from server 192.168.255.126; our IP address is 192.168.255.1
Filename 'zImage'.
Load address: 0x81000000
Loading: *T T T T T T T T T T T T T T Labgrid Console Logfile for main
Logfile started at 2024-10-17 12:26:10.385103
=== Log starts here ===
reading args
spl_load_image_fat_os: error reading image args, err - -1
reading u-boot.img
reading u-boot.img


U-Boot 2014.04-00014-g47880f5 (Apr 22 2014 - 13:23:54)

I2C:   ready
DRAM:  512 MiB
NAND:  0 MiB
MMC:   OMAP SD/MMC: 0, OMAP SD/MMC: 1
*** Warning - readenv() failed, using default environment

Net:   <ethaddr> not set. Validating first E-fuse MAC
cpsw, usb_ether
Hit any key to stop autoboot:  1  0 
gpio: pin 53 (gpio 53) value is 1
mmc0 is current device
gpio: pin 54 (gpio 54) value is 1
SD/MMC found on device 0
reading uEnv.txt
569 bytes read in 4 ms (138.7 KiB/s)
gpio: pin 55 (gpio 55) value is 1
Loaded environment from uEnv.txt
Importing environment from mmc ...
Checking if uenvcmd is set ...
gpio: pin 56 (gpio 56) value is 1
Running uenvcmd ...
cpsw Waiting for PHY auto negotiation to complete. done
link up on port 0, speed 100, full duplex
Using cpsw device
TFTP from server 192.168.255.126; our IP address is 192.168.255.1
Filename 'zImage'.
Load address: 0x81000000
Loading: *#################################################################
	 #################################################################
	 #################################################################
	 #################################################################
	 #################################################################
	 ###################################################
	 2.4 MiB/s
done
Bytes transferred = 5514632 (542588 hex)
link up on port 0, speed 100, full duplex
Using cpsw device
TFTP from server 192.168.255.126; our IP address is 192.168.255.1
Filename 'am335x-boneblack.dtb'.
Load address: 0x82000000
Loading: *#######
	 2.2 MiB/s
done
Bytes transferred = 98244 (17fc4 hex)
Kernel image @ 0x81000000 [ 0x000000 - 0x542588 ]
## Flattened Device Tree blob at 82000000
   Booting using the fdt blob at 0x82000000
   Using Device Tree in place at 82000000, end 8201afc3

Starting kernel ...

[    0.000000] Booting Linux on physical CPU 0x0
[    0.000000] Linux version 6.12.0-rc3-next-20241017 (user01@drvtest01) (arm-linux-gnueabihf-gcc (Linaro GCC 6.4-2017.11) 6.4.1 20171012, GNU ld (Linaro_Binutils-2017.11) 2.27.0.20161229) #117 SMP Thu Oct 17 12:23:59 EEST 2024
[    0.000000] CPU: ARMv7 Processor [413fc082] revision 2 (ARMv7), cr=10c5387d
[    0.000000] CPU: PIPT / VIPT nonaliasing data cache, VIPT aliasing instruction cache
[    0.000000] OF: fdt: Machine model: TI AM335x BeagleBone Black
[    0.000000] Memory policy: Data cache writeback
[    0.000000] cma: Reserved 16 MiB at 0x9e800000 on node -1
[    0.000000] Zone ranges:
[    0.000000]   Normal   [mem 0x0000000080000000-0x000000009fdfffff]
[    0.000000]   HighMem  empty
[    0.000000] Movable zone start for each node
[    0.000000] Early memory node ranges
[    0.000000]   node   0: [mem 0x0000000080000000-0x000000009fdfffff]
[    0.000000] Initmem setup node 0 [mem 0x0000000080000000-0x000000009fdfffff]
[    0.000000] OF: reserved mem: Reserved memory: No reserved-memory node in the DT
[    0.000000] CPU: All CPU(s) started in SVC mode.
[    0.000000] AM335X ES2.1 (sgx neon)
[    0.000000] percpu: Embedded 17 pages/cpu s39756 r8192 d21684 u69632
[    0.000000] Kernel command line: console=ttyO0,115200n8 root=/dev/nfs rw nfsroot=192.168.255.126:/home/user01/nfs,nfsvers=3 ip=192.168.255.1:192.168.255.126::255.255.255.0:bbb1:eth0 nfsrootdebug
[    0.000000] Unknown kernel command line parameters "nfsrootdebug", will be passed to user space.
[    0.000000] printk: log buffer data + meta data: 65536 + 204800 = 270336 bytes
[    0.000000] Dentry cache hash table entries: 65536 (order: 6, 262144 bytes, linear)
[    0.000000] Inode-cache hash table entries: 32768 (order: 5, 131072 bytes, linear)
[    0.000000] Built 1 zonelists, mobility grouping on.  Total pages: 130560
[    0.000000] mem auto-init: stack:off, heap alloc:off, heap free:off
[    0.000000] SLUB: HWalign=64, Order=0-3, MinObjects=0, CPUs=1, Nodes=1
[    0.000000] trace event string verifier disabled
[    0.000000] rcu: Hierarchical RCU implementation.
[    0.000000] rcu: 	RCU event tracing is enabled.
[    0.000000] rcu: 	RCU restricting CPUs from NR_CPUS=2 to nr_cpu_ids=1.
[    0.000000] 	Tracing variant of Tasks RCU enabled.
[    0.000000] rcu: RCU calculated value of scheduler-enlistment delay is 10 jiffies.
[    0.000000] rcu: Adjusting geometry for rcu_fanout_leaf=16, nr_cpu_ids=1
[    0.000000] RCU Tasks Trace: Setting shift to 0 and lim to 1 rcu_task_cb_adjust=1 rcu_task_cpu_ids=1.
[    0.000000] NR_IRQS: 16, nr_irqs: 16, preallocated irqs: 16
[    0.000000] IRQ: Found an INTC at 0x(ptrval) (revision 5.0) with 128 interrupts
[    0.000000] rcu: srcu_init: Setting srcu_struct sizes based on contention.
[    0.000000] TI gptimer clocksource: always-on /ocp/interconnect@44c00000/segment@200000/target-module@31000
[    0.000003] sched_clock: 32 bits at 24MHz, resolution 41ns, wraps every 89478484971ns
[    0.000029] clocksource: dmtimer: mask: 0xffffffff max_cycles: 0xffffffff, max_idle_ns: 79635851949 ns
[    0.000501] TI gptimer clockevent: 24000000 Hz at /ocp/interconnect@48000000/segment@0/target-module@40000
[    0.002125] Console: colour dummy device 80x30
[    0.002193] WARNING: Your 'console=ttyO0' has been replaced by 'ttyS0'
[    0.002201] This ensures that you still see kernel messages. Please
[    0.002206] update your kernel commandline.
[    0.002250] Calibrating delay loop... 996.14 BogoMIPS (lpj=4980736)
[    0.090556] CPU: Testing write buffer coherency: ok
[    0.090672] CPU0: Spectre v2: using BPIALL workaround
[    0.090684] pid_max: default: 32768 minimum: 301
[    0.090813] LSM: initializing lsm=capability
[    0.090997] Mount-cache hash table entries: 1024 (order: 0, 4096 bytes, linear)
[    0.091016] Mountpoint-cache hash table entries: 1024 (order: 0, 4096 bytes, linear)
[    0.092669] CPU0: thread -1, cpu 0, socket -1, mpidr 0
[    0.150957] Setting up static identity map for 0x80100000 - 0x80100078
[    0.160718] rcu: Hierarchical SRCU implementation.
[    0.160729] rcu: 	Max phase no-delay instances is 1000.
[    0.180772] smp: Bringing up secondary CPUs ...
[    0.180827] smp: Brought up 1 node, 1 CPU
[    0.180843] SMP: Total of 1 processors activated (996.14 BogoMIPS).
[    0.180854] CPU: All CPU(s) started in SVC mode.
[    0.181049] Memory: 480868K/522240K available (11264K kernel code, 1208K rwdata, 2888K rodata, 1024K init, 298K bss, 23360K reserved, 16384K cma-reserved, 0K highmem)
[    0.181922] devtmpfs: initialized
[    0.199946] VFP support v0.3: implementor 41 architecture 3 part 30 variant c rev 3
[    0.200304] clocksource: jiffies: mask: 0xffffffff max_cycles: 0xffffffff, max_idle_ns: 19112604462750000 ns
[    0.200340] futex hash table entries: 256 (order: 2, 16384 bytes, linear)
[    0.201804] pinctrl core: initialized pinctrl subsystem
[    0.204685] NET: Registered PF_NETLINK/PF_ROUTE protocol family
[    0.207475] DMA: preallocated 256 KiB pool for atomic coherent allocations
[    0.208394] audit: initializing netlink subsys (disabled)
[    0.209819] thermal_sys: Registered thermal governor 'fair_share'
[    0.209835] thermal_sys: Registered thermal governor 'step_wise'
[    0.209846] thermal_sys: Registered thermal governor 'user_space'
[    0.210004] audit: type=2000 audit(0.200:1): state=initialized audit_enabled=0 res=1
[    0.210043] cpuidle: using governor menu
[    0.229119] No ATAGs?
[    0.229145] hw-breakpoint: debug architecture 0x4 unsupported.
[    0.232003] kprobes: kprobe jump-optimization is enabled. All kprobes are optimized if possible.
[    0.244032] iommu: Default domain type: Translated
[    0.244054] iommu: DMA domain TLB invalidation policy: strict mode
[    0.251956] SCSI subsystem initialized
[    0.252809] pps_core: LinuxPPS API ver. 1 registered
[    0.252821] pps_core: Software ver. 5.3.6 - Copyright 2005-2007 Rodolfo Giometti <giometti@linux.it>
[    0.252845] PTP clock support registered
[    0.260894] vgaarb: loaded
[    0.261312] clocksource: Switched to clocksource dmtimer
[    0.261978] VFS: Disk quotas dquot_6.6.0
[    0.262026] VFS: Dquot-cache hash table entries: 1024 (order 0, 4096 bytes)
[    0.287210] NET: Registered PF_INET protocol family
[    0.287563] IP idents hash table entries: 8192 (order: 4, 65536 bytes, linear)
[    0.288950] tcp_listen_portaddr_hash hash table entries: 512 (order: 0, 4096 bytes, linear)
[    0.288987] Table-perturb hash table entries: 65536 (order: 6, 262144 bytes, linear)
[    0.289009] TCP established hash table entries: 4096 (order: 2, 16384 bytes, linear)
[    0.289053] TCP bind hash table entries: 4096 (order: 4, 65536 bytes, linear)
[    0.289155] TCP: Hash tables configured (established 4096 bind 4096)
[    0.289275] UDP hash table entries: 256 (order: 1, 8192 bytes, linear)
[    0.289304] UDP-Lite hash table entries: 256 (order: 1, 8192 bytes, linear)
[    0.289471] NET: Registered PF_UNIX/PF_LOCAL protocol family
[    0.302141] RPC: Registered named UNIX socket transport module.
[    0.302160] RPC: Registered udp transport module.
[    0.302166] RPC: Registered tcp transport module.
[    0.302171] RPC: Registered tcp-with-tls transport module.
[    0.302177] RPC: Registered tcp NFSv4.1 backchannel transport module.
[    0.302205] PCI: CLS 0 bytes, default 64
[    0.303691] Initialise system trusted keyrings
[    0.304484] workingset: timestamp_bits=14 max_order=17 bucket_order=3
[    0.306148] NFS: Registering the id_resolver key type
[    0.306241] Key type id_resolver registered
[    0.306251] Key type id_legacy registered
[    0.306304] jffs2: version 2.2. (NAND) (SUMMARY)  Â© 2001-2006 Red Hat, Inc.
[    0.306719] Key type asymmetric registered
[    0.306734] Asymmetric key parser 'x509' registered
[    0.306801] io scheduler mq-deadline registered
[    0.306814] io scheduler kyber registered
[    0.306887] io scheduler bfq registered
[    0.311764] ledtrig-cpu: registered to indicate activity on CPUs
[    0.314601] Serial: 8250/16550 driver, 6 ports, IRQ sharing enabled
[    0.376167] brd: module loaded
[    0.384981] loop: module loaded
[    0.385923] mtdoops: mtd device (mtddev=name/number) must be supplied
[    0.389109] i2c_dev: i2c /dev entries driver
[    0.390108] cpuidle: enable-method property 'ti,am3352' found operations
[    0.390560] sdhci: Secure Digital Host Controller Interface driver
[    0.390570] sdhci: Copyright(c) Pierre Ossman
[    0.390745] sdhci-pltfm: SDHCI platform and OF driver helper
[    0.391962] Initializing XFRM netlink socket
[    0.392124] NET: Registered PF_INET6 protocol family
[    0.409792] Segment Routing with IPv6
[    0.409884] In-situ OAM (IOAM) with IPv6
[    0.409983] sit: IPv6, IPv4 and MPLS over IPv4 tunneling driver
[    0.410946] NET: Registered PF_PACKET protocol family
[    0.410979] NET: Registered PF_KEY protocol family
[    0.411106] Key type dns_resolver registered
[    0.411569] ThumbEE CPU extension supported.
[    0.411594] Registering SWP/SWPB emulation handler
[    0.412126] omap_voltage_late_init: Voltage driver support not added
[    0.412487] SmartReflex Class3 initialized
[    0.434061] Loading compiled-in X.509 certificates
[    0.529185] platform 44e10800.pinmux: Fixed dependency cycle(s) with /ocp/interconnect@44c00000/segment@200000/target-module@10000/scm@0/pinmux@800/clkout2-pins
[    0.529725] pinctrl-single 44e10800.pinmux: 142 pins, size 568
[    0.535196] ti-sysc 44e31000.target-module: probe with driver ti-sysc failed with error -16
[    0.559987] ti-sysc 48040000.target-module: probe with driver ti-sysc failed with error -16
[    0.611622] OMAP GPIO hardware version 0.1
[    0.625670] omap_i2c 4819c000.i2c: bus 2 rev0.11 at 100 kHz
[    0.650853] 48000000.interconnect:segment@200000:target-module@0:mpu@0:fck: device ID is greater than 24
[    0.655220] platform 4830e000.lcdc: Fixed dependency cycle(s) with /ocp/interconnect@44c00000/segment@200000/target-module@b000/i2c@0/tda19988@70
[    0.666137] sdhci-omap 481d8000.mmc: supply pbias not found, using dummy regulator
[    0.666647] sdhci-omap 481d8000.mmc: supply vqmmc not found, using dummy regulator
[    0.711595] davinci_mdio 4a101000.mdio: davinci mdio revision 1.6, bus freq 1000000
[    0.822957] davinci_mdio 4a101000.mdio: phy[0]: device 4a101000.mdio:00, driver SMSC LAN8710/LAN8720
[    0.823779] cpsw-switch 4a100000.switch: initialized cpsw ale version 1.4
[    0.823801] cpsw-switch 4a100000.switch: ALE Table size 1024, Policers 0
[    0.823947] cpsw-switch 4a100000.switch: cpts: overflow check period 500 (jiffies)
[    0.823965] cpsw-switch 4a100000.switch: CPTS: ref_clk_freq:250000000 calc_mult:2147483648 calc_shift:29 error:0 nsec/sec
[    0.824069] cpsw-switch 4a100000.switch: Detected MACID = 6c:ec:eb:68:de:78
[    0.825898] cpsw-switch 4a100000.switch: initialized (regs 0x4a100000, pool size 256) hw_ver:0019010C 1.12 (0)
[    0.836945] debugfs: Directory '49000000.dma' with parent 'dmaengine' already present!
[    0.836986] edma 49000000.dma: TI EDMA DMA engine driver
[    0.877575] target-module@4b000000:target-module@140000:pmu@0:fck: device ID is greater than 24
[    0.904851] hw perfevents: enabled with armv7_cortex_a8 PMU driver, 5 (8000000f) counters available
[    0.912312] l3-aon-clkctrl:0000:0: failed to disable
[    0.915470] 44e09000.serial: ttyS0 at MMIO 0x44e09000 (irq = 34, base_baud = 3000000) is a 8250
[    0.915562] printk: legacy console [ttyS0] enabled
 [    2.292341] tps65217-pmic: Failed to locate of_node [id: -1 ]
[    2.298417] tps65217-bl: Failed to locate of_node [id: - 1]
[    2.309845] tps65217 0-0024: TPS65217 ID 0xe version 1. 2
[    2.315986] platform 4830e000.lcdc: Fixed dependency cycle(s) wi
[    2.446918] cpsw-switch 4a100000.switch: starting ndev. mode: dual_mac
[    2.490636] mmc0: new high speed SDHC card at address 5048
[    2.497716] mmcblk0: mmc0:5048 SD16G 14.4 GiB
[    2.505816]  mmcblk0: p1 p2
[    2.509212] mmcblk0: p2 size 31221760 extends beyond EOD, truncated
[    2.522640] SMSC LAN8710/LAN8720 4a101000.mdio:00: attached PHY driver (mii_bus:phy_addr=4a101000.mdio:00, irq=POLL)
[    2.535389] mmc1: new high speed MMC card at address 0001
[    2.546543] mmcblk1: mmc1:0001 MMC04G 3.60 GiB
[    2.554087]  mmcblk1: p1 p2
[    2.558353] mmcblk1boot0: mmc1:0001 MMC04G 2.00 MiB
[    2.565764] mmcblk1boot1: mmc1:0001 MMC04G 2.00 MiB
[    2.573247] mmcblk1rpmb: mmc1:0001 MMC04G 128 KiB, chardev (250:0)
[    5.682096] cpsw-switch 4a100000.switch eth0: Link is Up - 100Mbps/Full - flow control off
[    5.721560] IP-Config: Complete:
[    5.724838]      device=eth0, hwaddr=6c:ec:eb:68:de:78, ipaddr=192.168.255.1, mask=255.255.255.0, gw=255.255.255.255
[    5.735510]      host=bbb1, domain=, nis-domain=(none)
[    5.740680]      bootserver=192.168.255.126, rootserver=192.168.255.126, rootpath=
[    5.741127] clk: Disabling unused clocks
[    5.752966] PM: genpd: Disabling unused power domains
[    5.758087] KTAP version 1
[    5.760810] 1..0
[    5.786418] VFS: Mounted root (nfs filesystem) on device 0:17.
[    5.793468] devtmpfs: mounted
[    5.798129] Freeing unused kernel image (initmem) memory: 1024K
[    5.805158] Run /sbin/init as init process
[    6.512231] systemd[1]: System time before build time, advancing clock.
[    7.991338] random: crng init done
[    8.033571] systemd[1]: systemd 232 running in system mode. (+PAM +AUDIT +SELINUX +IMA +APPARMOR +SMACK +SYSVINIT +UTMP +LIBCRYPTSETUP +GCRYPT +GNUTLS +ACL +XZ +LZ4 +SECCOMP +BLKID +ELFUTILS +KMOD +IDN)
[    8.052621] systemd[1]: Detected architecture arm.

Welcome to [1mDebian GNU/Linux 9 (stretch)[0m!

[    8.084508] systemd[1]: Set hostname to <arm>.
[    9.204694] systemd[1]: Started Forward Password Requests to Wall Directory Watch.
[[0;32m  OK  [0m] Started Forward Password Requests to Wall Directory Watch.
[    9.232944] systemd[1]: Created slice System Slice.
[[0;32m  OK  [0m] Created slice System Slice.
[    9.291926] systemd[1]: Mounting POSIX Message Queue File System...
         Mounting POSIX Message Queue File System...
[    9.306676] systemd[1]: Listening on Journal Socket (/dev/log).
[[0;32m  OK  [0m] Listening on Journal Socket (/dev/log).
[    9.323611] systemd[1]: Listening on Syslog Socket.
[[0;32m  OK  [0m] Listening on Syslog Socket.
[    9.335314] systemd[1]: Listening on udev Kernel Socket.
[[0;32m  OK  [0m] Listening on udev Kernel Socket.
[    9.347760] systemd[1]: Created slice system-getty.slice.
[[0;32m  OK  [0m] Created slice system-getty.slice.
[[0;32m  OK  [0m] Reached target Swap.
[[0;32m  OK  [0m] Listening on udev Control Socket.
[[0;32m  OK  [0m] Listening on Journal Audit Socket.
[[0;32m  OK  [0m] Listening on /dev/initctl Compatibility Named Pipe.
[[0;32m  OK  [0m] Created slice system-serial\x2dgetty.slice.
         Mounting Debug File System...
[[0;32m  OK  [0m] Set up automount Arbitrary Executabâ€¦rmats File System Automount Point.
[[0;32m  OK  [0m] Created slice User and Session Slice.
[[0;32m  OK  [0m] Reached target Slices.
[[0;32m  OK  [0m] Started Dispatch Password Requests to Console Directory Watch.
[[0;32m  OK  [0m] Reached target Paths.
[[0;32m  OK  [0m] Reached target Encrypted Volumes.
[[0;32m  OK  [0m] Reached target Remote File Systems.
[[0;32m  OK  [0m] Listening on Journal Socket.
         Starting Load Kernel Modules...
         Starting Remount Root and Kernel File Systems...
         Starting Create list of required stâ€¦ce nodes for the current kernel...
         Starting Journal Service...
[[0;32m  OK  [0m] Mounted POSIX Message Queue File System.
[[0;32m  OK  [0m] Mounted Debug File System.
[[0;32m  OK  [0m] Started Create list of required staâ€¦vice nodes for the current kernel.
         Starting Create Static Device Nodes in /dev...
[[0;32m  OK  [0m] Started Load Kernel Modules.
[[0;32m  OK  [0m] Started Remount Root and Kernel File Systems.
         Starting udev Coldplug all Devices...
         Starting Load/Save Random Seed...
         Mounting Configuration File System...
         Starting Apply Kernel Variables...
[[0;32m  OK  [0m] Mounted Configuration File System.
[[0;32m  OK  [0m] Started Load/Save Random Seed.
[[0;32m  OK  [0m] Started Apply Kernel Variables.
[[0;32m  OK  [0m] Started Create Static Device Nodes in /dev.
[[0;32m  OK  [0m] Reached target Local File Systems (Pre).
[[0;32m  OK  [0m] Reached target Local File Systems.
         Starting Raise network interfaces...
         Starting udev Kernel Device Manager...
[[0;32m  OK  [0m] Started Journal Service.
         Starting Flush Journal to Persistent Storage...
[   11.641646] systemd-journald[86]: Received request to flush runtime journal from PID 1
[[0;32m  OK  [0m] Started Flush Journal to Persistent Storage.
         Starting Create Volatile Files and Directories...
[[0;32m  OK  [0m] Started udev Kernel Device Manager.
[[0;32m  OK  [0m] Started Create Volatile Files and Directories.
         Starting Network Time Synchronization...
         Starting Update UTMP about System Boot/Shutdown...
[[0;32m  OK  [0m] Started udev Coldplug all Devices.
[[0;32m  OK  [0m] Started Update UTMP about System Boot/Shutdown.
[   14.622997] remoteproc remoteproc0: wkup_m3 is available
[   15.031168] am335x-phy-driver 47401300.usb-phy: dummy supplies not allowed for exclusive requests (id=vbus)
[   15.080201] at24 2-0054: supply vcc not found, using dummy regulator
[   15.193416] usbcore: registered new interface driver usbfs
[   15.199151] usbcore: registered new interface driver hub
[   15.204771] usbcore: registered new device driver usb
[   15.212464] at24 2-0055: supply vcc not found, using dummy regulator
[   15.252282] am335x-phy-driver 47401b00.usb-phy: dummy supplies not allowed for exclusive requests (id=vbus)
[   15.306917] at24 2-0056: supply vcc not found, using dummy regulator
[[0;32m  OK  [0m] Found device /dev/ttyS0.
[   15.420217] at24 2-0057: supply vcc not found, using dummy regulator
[   15.570083] at24 0-0050: 32768 byte 24c256 EEPROM, writable, 1 bytes/write
[   15.849313] tps6521x_pwrbutton tps65217-pwrbutton: DMA mask not set
[[0;32m  OK  [0m] Started Network Time Synchronization.
[[0;32m  OK  [0m] Reached target System Time Synchronized.
[[0;32m  OK  [0m] Reached target System Initialization.[   15.922591] omap_rtc 44e3e000.rtc: registered as rtc0

[   15.931906] omap_rtc 44e3e000.rtc: setting system clock to 2000-01-01T00:00:00 UTC (946684800)
[   15.972551] input: tps65217_pwrbutton as /devices/platform/ocp/44c00000.interconnect/44c00000.interconnect:segment@200000/44e0b000.target-module/44e0b000.i2c/i2c-0/0-0024/tps65217-pwrbutton/input/input0
[   15.999219] wkup_m3_ipc 44e11324.wkup_m3_ipc: IPC Request for A8->M3 Channel failed! -517
[[0;32m  OK  [0m] Listening on Avahi mDNS/DNS-SD Stack Activation Socket.
[[0;32m  OK  [0m] Started Daily apt download activities.
[[0;32m  OK  [0m] Started Daily apt upgrade and clean activities.
[   16.123586] omap_wdt: OMAP Watchdog Timer Rev 0x01: initial timeout 60 sec
[   16.132506] wkup_m3_ipc 44e11324.wkup_m3_ipc: IPC Request for A8->M3 Channel failed! -517
[[0;32m  OK  [0m] Listening on D-Bus System Message Bus Socket.
[[0;32m  OK  [0m] Reached target Sockets.
[[0;32m  OK  [0m] Reached target Basic System.
[   16.322400] wkup_m3_ipc 44e11324.wkup_m3_ipc: IPC Request for A8->M3 Channel failed! -517
         Starting DUN service...
[   16.456649] musb-hdrc musb-hdrc.1: MUSB HDRC host driver
[   16.462208] musb-hdrc musb-hdrc.1: new USB bus registered, assigned bus number 1
         Starting LSB: Start busybox udhcpd at boot time...[   16.474592] wkup_m3_ipc 44e11324.wkup_m3_ipc: IPC Request for A8->M3 Channel failed! -517

         Starting LSB: Load kernel modules needed to enable cpufreq scaling...
         Starting Login Service...[   16.769615] usb usb1: New USB device found, idVendor=1d6b, idProduct=0002, bcdDevice= 6.12

[   16.780319] usb usb1: New USB device strings: Mfr=3, Product=2, SerialNumber=1
[   16.787731] usb usb1: Product: MUSB HDRC host driver
[   16.792784] usb usb1: Manufacturer: Linux 6.12.0-rc3-next-20241017 musb-hcd
[   16.799785] usb usb1: SerialNumber: musb-hdrc.1
         Starting Telephony service...
[   17.076369] tda998x 0-0070: found TDA19988
[   17.236530] wkup_m3_ipc 44e11324.wkup_m3_ipc: IPC Request for A8->M3 Channel failed! -517
[[0;32m  OK  [0m] Started Regular background program processing daemon.
[   17.414245] hub 1-0:1.0: USB hub found
         Starting Generic Board Startup...
[   17.461706] hub 1-0:1.0: 1 port detected
[   17.522130] wkup_m3_ipc 44e11324.wkup_m3_ipc: IPC Request for A8->M3 Channel failed! -517
         Starting Avahi mDNS/DNS-SD Stack...
[   17.696150] omap-mailbox 480c8000.mailbox: omap mailbox rev 0x400
[[0;32m  OK  [0m] Started D-Bus System Message Bus.
[   17.793618] remoteproc remoteproc0: powering up wkup_m3
[   18.081851] remoteproc remoteproc0: Direct firmware load for am335x-pm-firmware.elf failed with error -2
[   18.092585] remoteproc remoteproc0: request_firmware failed: -2
[   18.098562] wkup_m3_ipc 44e11324.wkup_m3_ipc: rproc_boot failed
[   20.023917] tilcdc 4830e000.lcdc: bound 0-0070 (ops tda998x_driver_exit [tda998x])
[   20.144437] [drm] Initialized tilcdc 1.0.0 for 4830e000.lcdc on minor 0
[   20.199903] omap_rng 48310000.rng: Random Number Generator ver. 20
[   20.287680] tilcdc 4830e000.lcdc: [drm] Cannot find any crtc or sizes
[   20.338470] tilcdc 4830e000.lcdc: [drm] Cannot find any crtc or sizes
[   21.274251] PM: Cannot get wkup_m3_ipc handle
[   21.311490] omap-sham 53100000.sham: hw accel on OMAP rev 4.3
[   21.377074] omap-aes 53500000.aes: OMAP AES hw accel rev: 3.2
[   21.426829] omap-sham 53100000.sham: will run requests pump with realtime priority
[   21.438367] PM: Cannot get wkup_m3_ipc handle
[[0;32m  OK  [0m] Started Telephony service.
[   21.526515] omap-aes 53500000.aes: will run requests pump with realtime priority
[   21.535338] PM: Cannot get wkup_m3_ipc handle
[[0;32m  OK  [0m] Started Avahi mDNS/DNS-SD Stack.
[[0;32m  OK  [0m] Started DUN service.
         Starting Connection service...
         Starting Cape Manager Service...
[[0;32m  OK  [0m] Started Daily Cleanup of Temporary Directories.
[[0;32m  OK  [0m] Reached target Timers.
         Starting System Logging Service...
[   23.292325] Bluetooth: Core ver 2.22
[   23.296188] NET: Registered PF_BLUETOOTH protocol family
[   23.301748] Bluetooth: HCI device and connection manager initialized
[   23.308170] Bluetooth: HCI socket layer initialized
[   23.313180] Bluetooth: L2CAP socket layer initialized
[   23.318302] Bluetooth: SCO socket layer initialized
[[0;32m  OK  [0m] Started System Logging Service.
[[0;32m  OK  [0m] Started Cape Manager Service.
[   25.272077] PM: Cannot get wkup_m3_ipc handle
[   25.424461] PM: Cannot get wkup_m3_ipc handle
[[0;32m  OK  [0m] Started LSB: Start busybox udhcpd at boot time.
[[0;32m  OK  [0m] Started Raise network interfaces.
[[0;32m  OK  [0m] Started LSB: Load kernel modules needed to enable cpufreq scaling.
[   28.369178] configfs-gadget.g_multi gadget.0: HOST MAC 1c:ba:8c:a2:ed:6c
[   28.376206] configfs-gadget.g_multi gadget.0: MAC 1c:ba:8c:a2:ed:70
[   28.383647] configfs-gadget.g_multi gadget.0: HOST MAC 1c:ba:8c:a2:ed:6c
[   28.390409] configfs-gadget.g_multi gadget.0: MAC 1c:ba:8c:a2:ed:6d
[   28.397746] PM: Cannot get wkup_m3_ipc handle
[[0;32m  OK  [0m] Started Connection service.
[[0;32m  OK  [0m] Reached target Sound Card.
         Starting LSB: set CPUFreq kernel parameters...
[[0;32m  OK  [0m] Reached target Network.
         Starting The Apache HTTP Server...
[[0;32m  OK  [0m] Reached target Network is Online.
         Starting LSB: Advanced IEEE 802.11 management daemon...
         Starting Permit User Sessions...
         Starting OpenBSD Secure Shell server...
[[0;32m  OK  [0m] Started LSB: Advanced IEEE 802.11 management daemon.
[[0;32m  OK  [0m] Started Login Service.
[[0;32m  OK  [0m] Started Permit User Sessions.
         Starting Hostname Service...
         Starting WPA supplicant...
[[0;32m  OK  [0m] Started Getty on tty1.
[[0;32m  OK  [0m] Started Serial Getty on ttyS0.
[[0;32m  OK  [0m] Reached target Login Prompts.
[[0;32m  OK  [0m] Started LSB: set CPUFreq kernel parameters.
[[0;32m  OK  [0m] Started WPA supplicant.
[[0;32m  OK  [0m] Started Hostname Service.
[[0;32m  OK  [0m] Started OpenBSD Secure Shell server.
         Stopping LSB: Start busybox udhcpd at boot time...
[[0;32m  OK  [0m] Stopped LSB: Start busybox udhcpd at boot time.
[[0;32m  OK  [0m] Started The Apache HTTP Server.
         Starting dnsmasq - A lightweight DHCP and caching DNS server...
[[0;32m  OK  [0m] Started dnsmasq - A lightweight DHCP and caching DNS server.
[[0;32m  OK  [0m] Reached target Host and Network Name Lookups.
[[0;32m  OK  [0m] Started Serial Getty on ttyGS0.
[[0;32m  OK  [0m] Started Generic Board Startup.
[[0;32m  OK  [0m] Reached target Multi-User System.
[[0;32m  OK  [0m] Reached target Graphical Interface.
         Starting Update UTMP about System Runlevel Changes...
[[0;32m  OK  [0m] Started Update UTMP about System Runlevel Changes.

Debian GNU/Linux 9 arm ttyS0

default username:password is [debian:temppwd]

arm login: root
Password: 
Last login: Sat Jan  1 00:00:35 UTC 2000 on ttyS0
root
Linux arm 6.12.0-rc3-next-20241017 #117 SMP Thu Oct 17 12:23:59 EEST 2024 armv7l

The programs included with the Debian GNU/Linux system are free software;
the exact distribution terms for each program are described in the
individual files in /usr/share/doc/*/copyright.

Debian GNU/Linux comes with ABSOLUTELY NO WARRANTY, to the extent
permitted by applicable law.
root@arm:~# root
-bash: root: command not found
root@arm:~# dmesg -n 1
root@arm:~# echo 'VSQS''GXBTCE'
VSQSGXBTCE
root@arm:~# run() { echo -n "$MARKER"; sh -c "$@"; echo "$MARKER $?"; }
root@arm:~# echo 'MEVT''TJZSMJ'
MEVTTJZSMJ
root@arm:~# MARKER='JXJF''PEFHWC' run 'cat /proc/version'
JXJFPEFHWCLinux version 6.12.0-rc3-next-20241017 (user01@drvtest01) (arm-linux-gnueabihf-gcc (Linaro GCC 6.4-2017.11) 6.4.1 20171012, GNU ld (Linaro_Binutils-2017.11) 2.27.0.20161229) #117 SMP Thu Oct 17 12:23:59 EEST 2024
JXJFPEFHWC 0
root@arm:~# echo 'LFWB''KKFSUO'
LFWBKKFSUO
root@arm:~# MARKER='UMHZ''EKPHBH' run false
UMHZEKPHBHUMHZEKPHBH 1
root@arm:~# Labgrid Console Logfile for main
Logfile started at 2024-10-17 12:27:11.465172
=== Log starts here ===

root@arm:~# run() { echo -n "$MARKER"; sh -c "$@"; echo "$MARKER $?"; }
root@arm:~# echo 'JNPG''ZHXUQC'
JNPGZHXUQC
root@arm:~# MARKER='XMOW''UGHLUO' run dmesg
XMOWUGHLUO[    0.000000] Booting Linux on physical CPU 0x0
[    0.000000] Linux version 6.12.0-rc3-next-20241017 (user01@drvtest01) (arm-linux-gnueabihf-gcc (Linaro GCC 6.4-2017.11) 6.4.1 20171012, GNU ld (Linaro_Binutils-2017.11) 2.27.0.20161229) #117 SMP Thu Oct 17 12:23:59 EEST 2024
[    0.000000] CPU: ARMv7 Processor [413fc082] revision 2 (ARMv7), cr=10c5387d
[    0.000000] CPU: PIPT / VIPT nonaliasing data cache, VIPT aliasing instruction cache
[    0.000000] OF: fdt: Machine model: TI AM335x BeagleBone Black
[    0.000000] Memory policy: Data cache writeback
[    0.000000] cma: Reserved 16 MiB at 0x9e800000 on node -1
[    0.000000] Zone ranges:
[    0.000000]   Normal   [mem 0x0000000080000000-0x000000009fdfffff]
[    0.000000]   HighMem  empty
[    0.000000] Movable zone start for each node
[    0.000000] Early memory node ranges
[    0.000000]   node   0: [mem 0x0000000080000000-0x000000009fdfffff]
[    0.000000] Initmem setup node 0 [mem 0x0000000080000000-0x000000009fdfffff]
[    0.000000] OF: reserved mem: Reserved memory: No reserved-memory node in the DT
[    0.000000] CPU: All CPU(s) started in SVC mode.
[    0.000000] AM335X ES2.1 (sgx neon)
[    0.000000] percpu: Embedded 17 pages/cpu s39756 r8192 d21684 u69632
[    0.000000] pcpu-alloc: s39756 r8192 d21684 u69632 alloc=17*4096
[    0.000000] pcpu-alloc: [0] 0 
[    0.000000] Kernel command line: console=ttyO0,115200n8 root=/dev/nfs rw nfsroot=192.168.255.126:/home/user01/nfs,nfsvers=3 ip=192.168.255.1:192.168.255.126::255.255.255.0:bbb1:eth0 nfsrootdebug
[    0.000000] Unknown kernel command line parameters "nfsrootdebug", will be passed to user space.
[    0.000000] printk: log buffer data + meta data: 65536 + 204800 = 270336 bytes
[    0.000000] Dentry cache hash table entries: 65536 (order: 6, 262144 bytes, linear)
[    0.000000] Inode-cache hash table entries: 32768 (order: 5, 131072 bytes, linear)
[    0.000000] Built 1 zonelists, mobility grouping on.  Total pages: 130560
[    0.000000] mem auto-init: stack:off, heap alloc:off, heap free:off
[    0.000000] SLUB: HWalign=64, Order=0-3, MinObjects=0, CPUs=1, Nodes=1
[    0.000000] trace event string verifier disabled
[    0.000000] rcu: Hierarchical RCU implementation.
[    0.000000] rcu: 	RCU event tracing is enabled.
[    0.000000] rcu: 	RCU restricting CPUs from NR_CPUS=2 to nr_cpu_ids=1.
[    0.000000] 	Tracing variant of Tasks RCU enabled.
[    0.000000] rcu: RCU calculated value of scheduler-enlistment delay is 10 jiffies.
[    0.000000] rcu: Adjusting geometry for rcu_fanout_leaf=16, nr_cpu_ids=1
[    0.000000] RCU Tasks Trace: Setting shift to 0 and lim to 1 rcu_task_cb_adjust=1 rcu_task_cpu_ids=1.
[    0.000000] NR_IRQS: 16, nr_irqs: 16, preallocated irqs: 16
[    0.000000] IRQ: Found an INTC at 0x(ptrval) (revision 5.0) with 128 interrupts
[    0.000000] rcu: srcu_init: Setting srcu_struct sizes based on contention.
[    0.000000] TI gptimer clocksource: always-on /ocp/interconnect@44c00000/segment@200000/target-module@31000
[    0.000003] sched_clock: 32 bits at 24MHz, resolution 41ns, wraps every 89478484971ns
[    0.000029] clocksource: dmtimer: mask: 0xffffffff max_cycles: 0xffffffff, max_idle_ns: 79635851949 ns
[    0.000501] TI gptimer clockevent: 24000000 Hz at /ocp/interconnect@48000000/segment@0/target-module@40000
[    0.002125] Console: colour dummy device 80x30
[    0.002193] WARNING: Your 'console=ttyO0' has been replaced by 'ttyS0'
[    0.002201] This ensures that you still see kernel messages. Please
[    0.002206] update your kernel commandline.
[    0.002250] Calibrating delay loop... 996.14 BogoMIPS (lpj=4980736)
[    0.090556] CPU: Testing write buffer coherency: ok
[    0.090672] CPU0: Spectre v2: using BPIALL workaround
[    0.090684] pid_max: default: 32768 minimum: 301
[    0.090813] LSM: initializing lsm=capability
[    0.090997] Mount-cache hash table entries: 1024 (order: 0, 4096 bytes, linear)
[    0.091016] Mountpoint-cache hash table entries: 1024 (order: 0, 4096 bytes, linear)
[    0.092669] CPU0: thread -1, cpu 0, socket -1, mpidr 0
[    0.150957] Setting up static identity map for 0x80100000 - 0x80100078
[    0.160718] rcu: Hierarchical SRCU implementation.
[    0.160729] rcu: 	Max phase no-delay instances is 1000.
[    0.180772] smp: Bringing up secondary CPUs ...
[    0.180827] smp: Brought up 1 node, 1 CPU
[    0.180843] SMP: Total of 1 processors activated (996.14 BogoMIPS).
[    0.180854] CPU: All CPU(s) started in SVC mode.
[    0.181049] Memory: 480868K/522240K available (11264K kernel code, 1208K rwdata, 2888K rodata, 1024K init, 298K bss, 23360K reserved, 16384K cma-reserved, 0K highmem)
[    0.181922] devtmpfs: initialized
[    0.199946] VFP support v0.3: implementor 41 architecture 3 part 30 variant c rev 3
[    0.200304] clocksource: jiffies: mask: 0xffffffff max_cycles: 0xffffffff, max_idle_ns: 19112604462750000 ns
[    0.200340] futex hash table entries: 256 (order: 2, 16384 bytes, linear)
[    0.201804] pinctrl core: initialized pinctrl subsystem
[    0.204685] NET: Registered PF_NETLINK/PF_ROUTE protocol family
[    0.207475] DMA: preallocated 256 KiB pool for atomic coherent allocations
[    0.208394] audit: initializing netlink subsys (disabled)
[    0.209819] thermal_sys: Registered thermal governor 'fair_share'
[    0.209835] thermal_sys: Registered thermal governor 'step_wise'
[    0.209846] thermal_sys: Registered thermal governor 'user_space'
[    0.210004] audit: type=2000 audit(0.200:1): state=initialized audit_enabled=0 res=1
[    0.210043] cpuidle: using governor menu
[    0.229119] No ATAGs?
[    0.229145] hw-breakpoint: debug architecture 0x4 unsupported.
[    0.232003] kprobes: kprobe jump-optimization is enabled. All kprobes are optimized if possible.
[    0.244032] iommu: Default domain type: Translated
[    0.244054] iommu: DMA domain TLB invalidation policy: strict mode
[    0.245727] reg-fixed-voltage fixedregulator0: using DT '/fixedregulator0' for '(default)' GPIO lookup
[    0.245783] of_get_named_gpiod_flags: can't parse 'gpios' property of node '/fixedregulator0[0]'
[    0.245811] of_get_named_gpiod_flags: can't parse 'gpio' property of node '/fixedregulator0[0]'
[    0.245830] reg-fixed-voltage fixedregulator0: using lookup tables for GPIO lookup
[    0.245841] reg-fixed-voltage fixedregulator0: No GPIO consumer (default) found
[    0.251956] SCSI subsystem initialized
[    0.252444] libata version 3.00 loaded.
[    0.252809] pps_core: LinuxPPS API ver. 1 registered
[    0.252821] pps_core: Software ver. 5.3.6 - Copyright 2005-2007 Rodolfo Giometti <giometti@linux.it>
[    0.252845] PTP clock support registered
[    0.260894] vgaarb: loaded
[    0.261312] clocksource: Switched to clocksource dmtimer
[    0.261978] VFS: Disk quotas dquot_6.6.0
[    0.262026] VFS: Dquot-cache hash table entries: 1024 (order 0, 4096 bytes)
[    0.287210] NET: Registered PF_INET protocol family
[    0.287563] IP idents hash table entries: 8192 (order: 4, 65536 bytes, linear)
[    0.288950] tcp_listen_portaddr_hash hash table entries: 512 (order: 0, 4096 bytes, linear)
[    0.288987] Table-perturb hash table entries: 65536 (order: 6, 262144 bytes, linear)
[    0.289009] TCP established hash table entries: 4096 (order: 2, 16384 bytes, linear)
[    0.289053] TCP bind hash table entries: 4096 (order: 4, 65536 bytes, linear)
[    0.289155] TCP: Hash tables configured (established 4096 bind 4096)
[    0.289275] UDP hash table entries: 256 (order: 1, 8192 bytes, linear)
[    0.289304] UDP-Lite hash table entries: 256 (order: 1, 8192 bytes, linear)
[    0.289471] NET: Registered PF_UNIX/PF_LOCAL protocol family
[    0.302141] RPC: Registered named UNIX socket transport module.
[    0.302160] RPC: Registered udp transport module.
[    0.302166] RPC: Registered tcp transport module.
[    0.302171] RPC: Registered tcp-with-tls transport module.
[    0.302177] RPC: Registered tcp NFSv4.1 backchannel transport module.
[    0.302205] PCI: CLS 0 bytes, default 64
[    0.303691] Initialise system trusted keyrings
[    0.304484] workingset: timestamp_bits=14 max_order=17 bucket_order=3
[    0.306148] NFS: Registering the id_resolver key type
[    0.306241] Key type id_resolver registered
[    0.306251] Key type id_legacy registered
[    0.306304] jffs2: version 2.2. (NAND) (SUMMARY)  Â© 2001-2006 Red Hat, Inc.
[    0.306719] Key type asymmetric registered
[    0.306734] Asymmetric key parser 'x509' registered
[    0.306801] io scheduler mq-deadline registered
[    0.306814] io scheduler kyber registered
[    0.306887] io scheduler bfq registered
[    0.311764] ledtrig-cpu: registered to indicate activity on CPUs
[    0.314601] Serial: 8250/16550 driver, 6 ports, IRQ sharing enabled
[    0.376167] brd: module loaded
[    0.384981] loop: module loaded
[    0.385923] mtdoops: mtd device (mtddev=name/number) must be supplied
[    0.387693] mdio_bus fixed-0: using lookup tables for GPIO lookup
[    0.387719] mdio_bus fixed-0: No GPIO consumer reset found
[    0.389109] i2c_dev: i2c /dev entries driver
[    0.390108] cpuidle: enable-method property 'ti,am3352' found operations
[    0.390560] sdhci: Secure Digital Host Controller Interface driver
[    0.390570] sdhci: Copyright(c) Pierre Ossman
[    0.390745] sdhci-pltfm: SDHCI platform and OF driver helper
[    0.391962] Initializing XFRM netlink socket
[    0.392124] NET: Registered PF_INET6 protocol family
[    0.409792] Segment Routing with IPv6
[    0.409884] In-situ OAM (IOAM) with IPv6
[    0.409983] sit: IPv6, IPv4 and MPLS over IPv4 tunneling driver
[    0.410946] NET: Registered PF_PACKET protocol family
[    0.410979] NET: Registered PF_KEY protocol family
[    0.411106] Key type dns_resolver registered
[    0.411569] ThumbEE CPU extension supported.
[    0.411594] Registering SWP/SWPB emulation handler
[    0.412126] omap_voltage_late_init: Voltage driver support not added
[    0.412487] SmartReflex Class3 initialized
[    0.434061] Loading compiled-in X.509 certificates
[    0.486951] gpiochip_find_base_unlocked: found new base at 512
[    0.529185] platform 44e10800.pinmux: Fixed dependency cycle(s) with /ocp/interconnect@44c00000/segment@200000/target-module@10000/scm@0/pinmux@800/clkout2-pins
[    0.529725] pinctrl-single 44e10800.pinmux: 142 pins, size 568
[    0.535196] ti-sysc 44e31000.target-module: probe with driver ti-sysc failed with error -16
[    0.559987] ti-sysc 48040000.target-module: probe with driver ti-sysc failed with error -16
[    0.571022] gpiochip_find_base_unlocked: found new base at 512
[    0.571127] gpio gpiochip0: (gpio-0-31): created GPIO range 0->7 ==> 44e10800.pinmux PIN 0->7
[    0.571147] gpio gpiochip0: (gpio-0-31): created GPIO range 8->11 ==> 44e10800.pinmux PIN 90->93
[    0.571162] gpio gpiochip0: (gpio-0-31): created GPIO range 12->27 ==> 44e10800.pinmux PIN 12->27
[    0.571178] gpio gpiochip0: (gpio-0-31): created GPIO range 28->31 ==> 44e10800.pinmux PIN 30->33
[    0.611359] gpio gpiochip0: (gpio-0-31): added GPIO chardev (254:0)
[    0.611539] gpio gpiochip0: registered GPIOs 512 to 543 on gpio-0-31
[    0.611622] OMAP GPIO hardware version 0.1
[    0.624638] i2c i2c-2: using DT '/ocp/interconnect@48000000/segment@100000/target-module@9c000/i2c@0' for 'scl' GPIO lookup
[    0.624710] of_get_named_gpiod_flags: can't parse 'scl-gpios' property of node '/ocp/interconnect@48000000/segment@100000/target-module@9c000/i2c@0[0]'
[    0.624757] of_get_named_gpiod_flags: can't parse 'scl-gpio' property of node '/ocp/interconnect@48000000/segment@100000/target-module@9c000/i2c@0[0]'
[    0.624794] i2c i2c-2: using lookup tables for GPIO lookup
[    0.624805] i2c i2c-2: No GPIO consumer scl found
[    0.624826] i2c i2c-2: using DT '/ocp/interconnect@48000000/segment@100000/target-module@9c000/i2c@0' for 'sda' GPIO lookup
[    0.624863] of_get_named_gpiod_flags: can't parse 'sda-gpios' property of node '/ocp/interconnect@48000000/segment@100000/target-module@9c000/i2c@0[0]'
[    0.624901] of_get_named_gpiod_flags: can't parse 'sda-gpio' property of node '/ocp/interconnect@48000000/segment@100000/target-module@9c000/i2c@0[0]'
[    0.624934] i2c i2c-2: using lookup tables for GPIO lookup
[    0.624942] i2c i2c-2: No GPIO consumer sda found
[    0.625670] omap_i2c 4819c000.i2c: bus 2 rev0.11 at 100 kHz
[    0.630927] gpiochip_find_base_unlocked: found new base at 544
[    0.631030] gpio gpiochip1: (gpio-32-63): created GPIO range 0->17 ==> 44e10800.pinmux PIN 34->51
[    0.631050] gpio gpiochip1: (gpio-32-63): created GPIO range 18->21 ==> 44e10800.pinmux PIN 77->80
[    0.631066] gpio gpiochip1: (gpio-32-63): created GPIO range 22->31 ==> 44e10800.pinmux PIN 56->65
[    0.642172] gpio gpiochip1: (gpio-32-63): added GPIO chardev (254:1)
[    0.642337] gpio gpiochip1: registered GPIOs 544 to 575 on gpio-32-63
[    0.644512] gpiochip_find_base_unlocked: found new base at 576
[    0.644608] gpio gpiochip2: (gpio-64-95): created GPIO range 0->4 ==> 44e10800.pinmux PIN 66->70
[    0.644627] gpio gpiochip2: (gpio-64-95): created GPIO range 5->6 ==> 44e10800.pinmux PIN 98->99
[    0.644642] gpio gpiochip2: (gpio-64-95): created GPIO range 7->8 ==> 44e10800.pinmux PIN 75->76
[    0.644657] gpio gpiochip2: (gpio-64-95): created GPIO range 13->13 ==> 44e10800.pinmux PIN 141->141
[    0.644673] gpio gpiochip2: (gpio-64-95): created GPIO range 14->21 ==> 44e10800.pinmux PIN 100->107
[    0.645320] gpio gpiochip2: (gpio-64-95): added GPIO chardev (254:2)
[    0.645454] gpio gpiochip2: registered GPIOs 576 to 607 on gpio-64-95
[    0.650853] 48000000.interconnect:segment@200000:target-module@0:mpu@0:fck: device ID is greater than 24
[    0.655220] platform 4830e000.lcdc: Fixed dependency cycle(s) with /ocp/interconnect@44c00000/segment@200000/target-module@b000/i2c@0/tda19988@70
[    0.664611] mdio_bus 4a101000.mdio: using DT '/ocp/interconnect@4a000000/segment@0/target-module@100000/switch@0/mdio@1000' for 'reset' GPIO lookup
[    0.664685] of_get_named_gpiod_flags: can't parse 'reset-gpios' property of node '/ocp/interconnect@4a000000/segment@0/target-module@100000/switch@0/mdio@1000[0]'
[    0.664734] of_get_named_gpiod_flags: can't parse 'reset-gpio' property of node '/ocp/interconnect@4a000000/segment@0/target-module@100000/switch@0/mdio@1000[0]'
[    0.664783] mdio_bus 4a101000.mdio: using lookup tables for GPIO lookup
[    0.664794] mdio_bus 4a101000.mdio: No GPIO consumer reset found
[    0.665791] sdhci-omap 481d8000.mmc: using DT '/ocp/interconnect@48000000/segment@100000/target-module@d8000/mmc@0' for 'wp' GPIO lookup
[    0.665852] of_get_named_gpiod_flags: can't parse 'wp-gpios' property of node '/ocp/interconnect@48000000/segment@100000/target-module@d8000/mmc@0[0]'
[    0.665898] of_get_named_gpiod_flags: can't parse 'wp-gpio' property of node '/ocp/interconnect@48000000/segment@100000/target-module@d8000/mmc@0[0]'
[    0.665934] sdhci-omap 481d8000.mmc: using lookup tables for GPIO lookup
[    0.665944] sdhci-omap 481d8000.mmc: No GPIO consumer wp found
[    0.666137] sdhci-omap 481d8000.mmc: supply pbias not found, using dummy regulator
[    0.666647] sdhci-omap 481d8000.mmc: supply vqmmc not found, using dummy regulator
[    0.711595] davinci_mdio 4a101000.mdio: davinci mdio revision 1.6, bus freq 1000000
[    0.728906] mdio_bus 4a101000.mdio:00: using DT '/ocp/interconnect@4a000000/segment@0/target-module@100000/switch@0/mdio@1000/ethernet-phy@0' for 'reset' GPIO lookup
[    0.729012] of_get_named_gpiod_flags: parsed 'reset-gpios' property of node '/ocp/interconnect@4a000000/segment@0/target-module@100000/switch@0/mdio@1000/ethernet-phy@0[0]' - status (0)
[    0.729181] gpio gpiochip0: Persistence not supported for GPIO 8
[    0.822957] davinci_mdio 4a101000.mdio: phy[0]: device 4a101000.mdio:00, driver SMSC LAN8710/LAN8720
[    0.823779] cpsw-switch 4a100000.switch: initialized cpsw ale version 1.4
[    0.823801] cpsw-switch 4a100000.switch: ALE Table size 1024, Policers 0
[    0.823947] cpsw-switch 4a100000.switch: cpts: overflow check period 500 (jiffies)
[    0.823965] cpsw-switch 4a100000.switch: CPTS: ref_clk_freq:250000000 calc_mult:2147483648 calc_shift:29 error:0 nsec/sec
[    0.824069] cpsw-switch 4a100000.switch: Detected MACID = 6c:ec:eb:68:de:78
[    0.825898] cpsw-switch 4a100000.switch: initialized (regs 0x4a100000, pool size 256) hw_ver:0019010C 1.12 (0)
[    0.836945] debugfs: Directory '49000000.dma' with parent 'dmaengine' already present!
[    0.836986] edma 49000000.dma: TI EDMA DMA engine driver
[    0.877575] target-module@4b000000:target-module@140000:pmu@0:fck: device ID is greater than 24
[    0.904851] hw perfevents: enabled with armv7_cortex_a8 PMU driver, 5 (8000000f) counters available
[    0.905768] gpio-clk clk_mcasp0: using DT '/clk_mcasp0' for 'enable' GPIO lookup
[    0.905836] of_get_named_gpiod_flags: parsed 'enable-gpios' property of node '/clk_mcasp0[0]' - status (0)
[    0.905881] gpio gpiochip0: Persistence not supported for GPIO 27
[    0.906680] gpiochip_find_base_unlocked: found new base at 608
[    0.906813] gpio gpiochip3: (gpio-96-127): created GPIO range 0->7 ==> 44e10800.pinmux PIN 82->89
[    0.906836] gpio gpiochip3: (gpio-96-127): created GPIO range 8->11 ==> 44e10800.pinmux PIN 52->55
[    0.906853] gpio gpiochip3: (gpio-96-127): created GPIO range 12->15 ==> 44e10800.pinmux PIN 94->97
[    0.906869] gpio gpiochip3: (gpio-96-127): created GPIO range 16->17 ==> 44e10800.pinmux PIN 71->72
[    0.906884] gpio gpiochip3: (gpio-96-127): created GPIO range 18->18 ==> 44e10800.pinmux PIN 135->135
[    0.906907] gpio gpiochip3: (gpio-96-127): created GPIO range 19->20 ==> 44e10800.pinmux PIN 108->109
[    0.906924] gpio gpiochip3: (gpio-96-127): created GPIO range 21->21 ==> 44e10800.pinmux PIN 73->73
[    0.906940] gpio gpiochip3: (gpio-96-127): created GPIO range 22->23 ==> 44e10800.pinmux PIN 8->9
[    0.906958] gpio gpiochip3: (gpio-96-127): created GPIO range 26->27 ==> 44e10800.pinmux PIN 10->11
[    0.906976] gpio gpiochip3: (gpio-96-127): created GPIO range 28->28 ==> 44e10800.pinmux PIN 74->74
[    0.906994] gpio gpiochip3: (gpio-96-127): created GPIO range 29->29 ==> 44e10800.pinmux PIN 81->81
[    0.907012] gpio gpiochip3: (gpio-96-127): created GPIO range 30->31 ==> 44e10800.pinmux PIN 28->29
[    0.912312] l3-aon-clkctrl:0000:0: failed to disable
[    0.912852] gpio gpiochip3: (gpio-96-127): added GPIO chardev (254:3)
[    0.912998] gpio gpiochip3: registered GPIOs 608 to 639 on gpio-96-127
[    0.914762] omap8250 44e09000.serial: using DT '/ocp/interconnect@44c00000/segment@200000/target-module@9000/serial@0' for 'rs485-term' GPIO lookup
[    0.914832] of_get_named_gpiod_flags: can't parse 'rs485-term-gpios' property of node '/ocp/interconnect@44c00000/segment@200000/target-module@9000/serial@0[0]'
[    0.914877] of_get_named_gpiod_flags: can't parse 'rs485-term-gpio' property of node '/ocp/interconnect@44c00000/segment@200000/target-module@9000/serial@0[0]'
[    0.914914] omap8250 44e09000.serial: using lookup tables for GPIO lookup
[    0.914925] omap8250 44e09000.serial: No GPIO consumer rs485-term found
[    0.914936] omap8250 44e09000.serial: using DT '/ocp/interconnect@44c00000/segment@200000/target-module@9000/serial@0' for 'rs485-rx-during-tx' GPIO lookup
[    0.914973] of_get_named_gpiod_flags: can't parse 'rs485-rx-during-tx-gpios' property of node '/ocp/interconnect@44c00000/segment@200000/target-module@9000/serial@0[0]'
[    0.915012] of_get_named_gpiod_flags: can't parse 'rs485-rx-during-tx-gpio' property of node '/ocp/interconnect@44c00000/segment@200000/target-module@9000/serial@0[0]'
[    0.915045] omap8250 44e09000.serial: using lookup tables for GPIO lookup
[    0.915054] omap8250 44e09000.serial: No GPIO consumer rs485-rx-during-tx found
[    0.915470] 44e09000.serial: ttyS0 at MMIO 0x44e09000 (irq = 34, base_baud = 3000000) is a 8250
[    0.915562] printk: legacy console [ttyS0] enabled
[    2.274424] i2c i2c-0: using DT '/ocp/interconnect@44c00000/segment@200000/target-module@b000/i2c@0' for 'scl' GPIO lookup
[    2.274516] of_get_named_gpiod_flags: can't parse 'scl-gpios' property of node '/ocp/interconnect@44c00000/segment@200000/target-module@b000/i2c@0[0]'
[    2.274566] of_get_named_gpiod_flags: can't parse 'scl-gpio' property of node '/ocp/interconnect@44c00000/segment@200000/target-module@b000/i2c@0[0]'
[    2.274609] i2c i2c-0: using lookup tables for GPIO lookup
[    2.274625] i2c i2c-0: No GPIO consumer scl found
[    2.274650] i2c i2c-0: using DT '/ocp/interconnect@44c00000/segment@200000/target-module@b000/i2c@0' for 'sda' GPIO lookup
[    2.274693] of_get_named_gpiod_flags: can't parse 'sda-gpios' property of node '/ocp/interconnect@44c00000/segment@200000/target-module@b000/i2c@0[0]'
[    2.274736] of_get_named_gpiod_flags: can't parse 'sda-gpio' property of node '/ocp/interconnect@44c00000/segment@200000/target-module@b000/i2c@0[0]'
[    2.274774] i2c i2c-0: using lookup tables for GPIO lookup
[    2.274786] i2c i2c-0: No GPIO consumer sda found
[    2.292341] tps65217-pmic: Failed to locate of_node [id: -1]
[    2.298417] tps65217-bl: Failed to locate of_node [id: -1]
[    2.309845] tps65217 0-0024: TPS65217 ID 0xe version 1.2
[    2.315986] platform 4830e000.lcdc: Fixed dependency cycle(s) with /ocp/interconnect@44c00000/segment@200000/target-module@b000/i2c@0/tda19988@70
[    2.329423] i2c 0-0070: Fixed dependency cycle(s) with /ocp/interconnect@48000000/segment@300000/target-module@e000/lcdc@0
[    2.340852] omap_i2c 44e0b000.i2c: bus 0 rev0.11 at 400 kHz
[    2.348486] sdhci-omap 48060000.mmc: using DT '/ocp/interconnect@48000000/segment@0/target-module@60000/mmc@0' for 'cd' GPIO lookup
[    2.348595] of_get_named_gpiod_flags: parsed 'cd-gpios' property of node '/ocp/interconnect@48000000/segment@0/target-module@60000/mmc@0[0]' - status (0)
[    2.348666] gpio gpiochip3: Persistence not supported for GPIO 6
[    2.348692] omap_gpio 44e07000.gpio: Could not set line 6 debounce to 200000 microseconds (-22)
[    2.357581] sdhci-omap 48060000.mmc: Got CD GPIO
[    2.362267] sdhci-omap 48060000.mmc: using DT '/ocp/interconnect@48000000/segment@0/target-module@60000/mmc@0' for 'wp' GPIO lookup
[    2.362319] of_get_named_gpiod_flags: can't parse 'wp-gpios' property of node '/ocp/interconnect@48000000/segment@0/target-module@60000/mmc@0[0]'
[    2.362365] of_get_named_gpiod_flags: can't parse 'wp-gpio' property of node '/ocp/interconnect@48000000/segment@0/target-module@60000/mmc@0[0]'
[    2.362407] sdhci-omap 48060000.mmc: using lookup tables for GPIO lookup
[    2.362422] sdhci-omap 48060000.mmc: No GPIO consumer wp found
[    2.362635] sdhci-omap 48060000.mmc: supply pbias not found, using dummy regulator
[    2.371419] sdhci-omap 481d8000.mmc: using DT '/ocp/interconnect@48000000/segment@100000/target-module@d8000/mmc@0' for 'wp' GPIO lookup
[    2.371501] of_get_named_gpiod_flags: can't parse 'wp-gpios' property of node '/ocp/interconnect@48000000/segment@100000/target-module@d8000/mmc@0[0]'
[    2.371551] of_get_named_gpiod_flags: can't parse 'wp-gpio' property of node '/ocp/interconnect@48000000/segment@100000/target-module@d8000/mmc@0[0]'
[    2.371592] sdhci-omap 481d8000.mmc: using lookup tables for GPIO lookup
[    2.371607] sdhci-omap 481d8000.mmc: No GPIO consumer wp found
[    2.372963] sdhci-omap 48060000.mmc: supply vqmmc not found, using dummy regulator
[    2.382044] sdhci-omap 481d8000.mmc: supply pbias not found, using dummy regulator
[    2.390029] sdhci-omap 481d8000.mmc: supply vqmmc not found, using dummy regulator
[    2.428880] mmc1: SDHCI controller on 481d8000.mmc [481d8000.mmc] using External DMA
[    2.438103] mmc0: SDHCI controller on 48060000.mmc [48060000.mmc] using External DMA
[    2.446918] cpsw-switch 4a100000.switch: starting ndev. mode: dual_mac
[    2.490636] mmc0: new high speed SDHC card at address 5048
[    2.497716] mmcblk0: mmc0:5048 SD16G 14.4 GiB
[    2.505816]  mmcblk0: p1 p2
[    2.509212] mmcblk0: p2 size 31221760 extends beyond EOD, truncated
[    2.522640] SMSC LAN8710/LAN8720 4a101000.mdio:00: attached PHY driver (mii_bus:phy_addr=4a101000.mdio:00, irq=POLL)
[    2.535389] mmc1: new high speed MMC card at address 0001
[    2.546543] mmcblk1: mmc1:0001 MMC04G 3.60 GiB
[    2.554087]  mmcblk1: p1 p2
[    2.558353] mmcblk1boot0: mmc1:0001 MMC04G 2.00 MiB
[    2.565764] mmcblk1boot1: mmc1:0001 MMC04G 2.00 MiB
[    2.573247] mmcblk1rpmb: mmc1:0001 MMC04G 128 KiB, chardev (250:0)
[    5.682096] cpsw-switch 4a100000.switch eth0: Link is Up - 100Mbps/Full - flow control off
[    5.721560] IP-Config: Complete:
[    5.724838]      device=eth0, hwaddr=6c:ec:eb:68:de:78, ipaddr=192.168.255.1, mask=255.255.255.0, gw=255.255.255.255
[    5.735510]      host=bbb1, domain=, nis-domain=(none)
[    5.740680]      bootserver=192.168.255.126, rootserver=192.168.255.126, rootpath=
[    5.741127] clk: Disabling unused clocks
[    5.752966] PM: genpd: Disabling unused power domains
[    5.758087] KTAP version 1
[    5.760810] 1..0
[    5.786418] VFS: Mounted root (nfs filesystem) on device 0:17.
[    5.793468] devtmpfs: mounted
[    5.798129] Freeing unused kernel image (initmem) memory: 1024K
[    5.805158] Run /sbin/init as init process
[    5.809298]   with arguments:
[    5.809312]     /sbin/init
[    5.809322]     nfsrootdebug
[    5.809332]   with environment:
[    5.809341]     HOME=/
[    5.809351]     TERM=linux
[    6.512231] systemd[1]: System time before build time, advancing clock.
[    7.991338] random: crng init done
[    8.033571] systemd[1]: systemd 232 running in system mode. (+PAM +AUDIT +SELINUX +IMA +APPARMOR +SMACK +SYSVINIT +UTMP +LIBCRYPTSETUP +GCRYPT +GNUTLS +ACL +XZ +LZ4 +SECCOMP +BLKID +ELFUTILS +KMOD +IDN)
[    8.052621] systemd[1]: Detected architecture arm.
[    8.084508] systemd[1]: Set hostname to <arm>.
[    9.204694] systemd[1]: Started Forward Password Requests to Wall Directory Watch.
[    9.232944] systemd[1]: Created slice System Slice.
[    9.291926] systemd[1]: Mounting POSIX Message Queue File System...
[    9.306676] systemd[1]: Listening on Journal Socket (/dev/log).
[    9.323611] systemd[1]: Listening on Syslog Socket.
[    9.335314] systemd[1]: Listening on udev Kernel Socket.
[    9.347760] systemd[1]: Created slice system-getty.slice.
[   11.641646] systemd-journald[86]: Received request to flush runtime journal from PID 1
[   14.127389] leds-gpio leds: using DT '/leds/led2' for '(default)' GPIO lookup
[   14.127496] of_get_named_gpiod_flags: parsed 'gpios' property of node '/leds/led2[0]' - status (0)
[   14.127558] gpio gpiochip0: Persistence not supported for GPIO 21
[   14.127575] gpio-533 (?): no flags found for GPIO (default)
[   14.176435] leds-gpio leds: using DT '/leds/led3' for '(default)' GPIO lookup
[   14.176545] of_get_named_gpiod_flags: parsed 'gpios' property of node '/leds/led3[0]' - status (0)
[   14.176606] gpio gpiochip0: Persistence not supported for GPIO 22
[   14.176623] gpio-534 (?): no flags found for GPIO (default)
[   14.225448] leds-gpio leds: using DT '/leds/led4' for '(default)' GPIO lookup
[   14.225550] of_get_named_gpiod_flags: parsed 'gpios' property of node '/leds/led4[0]' - status (0)
[   14.225604] gpio gpiochip0: Persistence not supported for GPIO 23
[   14.225620] gpio-535 (?): no flags found for GPIO (default)
[   14.241902] leds-gpio leds: using DT '/leds/led5' for '(default)' GPIO lookup
[   14.241993] of_get_named_gpiod_flags: parsed 'gpios' property of node '/leds/led5[0]' - status (0)
[   14.242047] gpio gpiochip0: Persistence not supported for GPIO 24
[   14.242063] gpio-536 (?): no flags found for GPIO (default)
[   14.622997] remoteproc remoteproc0: wkup_m3 is available
[   15.030693] am335x-phy-driver 47401300.usb-phy: using DT '/ocp/target-module@47400000/usb-phy@1300' for 'reset' GPIO lookup
[   15.030791] of_get_named_gpiod_flags: can't parse 'reset-gpios' property of node '/ocp/target-module@47400000/usb-phy@1300[0]'
[   15.030839] of_get_named_gpiod_flags: can't parse 'reset-gpio' property of node '/ocp/target-module@47400000/usb-phy@1300[0]'
[   15.030878] am335x-phy-driver 47401300.usb-phy: using lookup tables for GPIO lookup
[   15.030894] am335x-phy-driver 47401300.usb-phy: No GPIO consumer reset found
[   15.030909] am335x-phy-driver 47401300.usb-phy: using DT '/ocp/target-module@47400000/usb-phy@1300' for 'vbus-detect' GPIO lookup
[   15.030942] of_get_named_gpiod_flags: can't parse 'vbus-detect-gpios' property of node '/ocp/target-module@47400000/usb-phy@1300[0]'
[   15.030976] of_get_named_gpiod_flags: can't parse 'vbus-detect-gpio' property of node '/ocp/target-module@47400000/usb-phy@1300[0]'
[   15.031004] am335x-phy-driver 47401300.usb-phy: using lookup tables for GPIO lookup
[   15.031017] am335x-phy-driver 47401300.usb-phy: No GPIO consumer vbus-detect found
[   15.031168] am335x-phy-driver 47401300.usb-phy: dummy supplies not allowed for exclusive requests (id=vbus)
[   15.080201] at24 2-0054: supply vcc not found, using dummy regulator
[   15.193416] usbcore: registered new interface driver usbfs
[   15.199151] usbcore: registered new interface driver hub
[   15.204771] usbcore: registered new device driver usb
[   15.212464] at24 2-0055: supply vcc not found, using dummy regulator
[   15.251812] am335x-phy-driver 47401b00.usb-phy: using DT '/ocp/target-module@47400000/usb-phy@1b00' for 'reset' GPIO lookup
[   15.251905] of_get_named_gpiod_flags: can't parse 'reset-gpios' property of node '/ocp/target-module@47400000/usb-phy@1b00[0]'
[   15.251952] of_get_named_gpiod_flags: can't parse 'reset-gpio' property of node '/ocp/target-module@47400000/usb-phy@1b00[0]'
[   15.251993] am335x-phy-driver 47401b00.usb-phy: using lookup tables for GPIO lookup
[   15.252008] am335x-phy-driver 47401b00.usb-phy: No GPIO consumer reset found
[   15.252024] am335x-phy-driver 47401b00.usb-phy: using DT '/ocp/target-module@47400000/usb-phy@1b00' for 'vbus-detect' GPIO lookup
[   15.252056] of_get_named_gpiod_flags: can't parse 'vbus-detect-gpios' property of node '/ocp/target-module@47400000/usb-phy@1b00[0]'
[   15.252091] of_get_named_gpiod_flags: can't parse 'vbus-detect-gpio' property of node '/ocp/target-module@47400000/usb-phy@1b00[0]'
[   15.252119] am335x-phy-driver 47401b00.usb-phy: using lookup tables for GPIO lookup
[   15.252132] am335x-phy-driver 47401b00.usb-phy: No GPIO consumer vbus-detect found
[   15.252282] am335x-phy-driver 47401b00.usb-phy: dummy supplies not allowed for exclusive requests (id=vbus)
[   15.306917] at24 2-0056: supply vcc not found, using dummy regulator
[   15.420217] at24 2-0057: supply vcc not found, using dummy regulator
[   15.569511] at24 0-0050: using DT '/ocp/interconnect@44c00000/segment@200000/target-module@b000/i2c@0/eeprom@50' for 'wp' GPIO lookup
[   15.569626] of_get_named_gpiod_flags: can't parse 'wp-gpios' property of node '/ocp/interconnect@44c00000/segment@200000/target-module@b000/i2c@0/eeprom@50[0]'
[   15.569687] of_get_named_gpiod_flags: can't parse 'wp-gpio' property of node '/ocp/interconnect@44c00000/segment@200000/target-module@b000/i2c@0/eeprom@50[0]'
[   15.569735] at24 0-0050: using lookup tables for GPIO lookup
[   15.569752] at24 0-0050: No GPIO consumer wp found
[   15.570083] at24 0-0050: 32768 byte 24c256 EEPROM, writable, 1 bytes/write
[   15.849313] tps6521x_pwrbutton tps65217-pwrbutton: DMA mask not set
[   15.922591] omap_rtc 44e3e000.rtc: registered as rtc0
[   15.931906] omap_rtc 44e3e000.rtc: setting system clock to 2000-01-01T00:00:00 UTC (946684800)
[   15.940652] omap_rtc 44e3e000.rtc: using DT '/ocp/interconnect@44c00000/segment@200000/target-module@3e000/rtc@0' for 'wp' GPIO lookup
[   15.940727] of_get_named_gpiod_flags: can't parse 'wp-gpios' property of node '/ocp/interconnect@44c00000/segment@200000/target-module@3e000/rtc@0[0]'
[   15.940781] of_get_named_gpiod_flags: can't parse 'wp-gpio' property of node '/ocp/interconnect@44c00000/segment@200000/target-module@3e000/rtc@0[0]'
[   15.940823] omap_rtc 44e3e000.rtc: using lookup tables for GPIO lookup
[   15.940839] omap_rtc 44e3e000.rtc: No GPIO consumer wp found
[   15.972551] input: tps65217_pwrbutton as /devices/platform/ocp/44c00000.interconnect/44c00000.interconnect:segment@200000/44e0b000.target-module/44e0b000.i2c/i2c-0/0-0024/tps65217-pwrbutton/input/input0
[   15.999219] wkup_m3_ipc 44e11324.wkup_m3_ipc: IPC Request for A8->M3 Channel failed! -517
[   16.123586] omap_wdt: OMAP Watchdog Timer Rev 0x01: initial timeout 60 sec
[   16.132506] wkup_m3_ipc 44e11324.wkup_m3_ipc: IPC Request for A8->M3 Channel failed! -517
[   16.322400] wkup_m3_ipc 44e11324.wkup_m3_ipc: IPC Request for A8->M3 Channel failed! -517
[   16.456649] musb-hdrc musb-hdrc.1: MUSB HDRC host driver
[   16.462208] musb-hdrc musb-hdrc.1: new USB bus registered, assigned bus number 1
[   16.474592] wkup_m3_ipc 44e11324.wkup_m3_ipc: IPC Request for A8->M3 Channel failed! -517
[   16.769615] usb usb1: New USB device found, idVendor=1d6b, idProduct=0002, bcdDevice= 6.12
[   16.780319] usb usb1: New USB device strings: Mfr=3, Product=2, SerialNumber=1
[   16.787731] usb usb1: Product: MUSB HDRC host driver
[   16.792784] usb usb1: Manufacturer: Linux 6.12.0-rc3-next-20241017 musb-hcd
[   16.799785] usb usb1: SerialNumber: musb-hdrc.1
[   17.076369] tda998x 0-0070: found TDA19988
[   17.236530] wkup_m3_ipc 44e11324.wkup_m3_ipc: IPC Request for A8->M3 Channel failed! -517
[   17.414245] hub 1-0:1.0: USB hub found
[   17.461706] hub 1-0:1.0: 1 port detected
[   17.522130] wkup_m3_ipc 44e11324.wkup_m3_ipc: IPC Request for A8->M3 Channel failed! -517
[   17.696150] omap-mailbox 480c8000.mailbox: omap mailbox rev 0x400
[   17.793618] remoteproc remoteproc0: powering up wkup_m3
[   18.081851] remoteproc remoteproc0: Direct firmware load for am335x-pm-firmware.elf failed with error -2
[   18.092585] remoteproc remoteproc0: request_firmware failed: -2
[   18.098562] wkup_m3_ipc 44e11324.wkup_m3_ipc: rproc_boot failed
[   20.023917] tilcdc 4830e000.lcdc: bound 0-0070 (ops tda998x_driver_exit [tda998x])
[   20.144437] [drm] Initialized tilcdc 1.0.0 for 4830e000.lcdc on minor 0
[   20.199903] omap_rng 48310000.rng: Random Number Generator ver. 20
[   20.287680] tilcdc 4830e000.lcdc: [drm] Cannot find any crtc or sizes
[   20.338470] tilcdc 4830e000.lcdc: [drm] Cannot find any crtc or sizes
[   21.274251] PM: Cannot get wkup_m3_ipc handle
[   21.311490] omap-sham 53100000.sham: hw accel on OMAP rev 4.3
[   21.377074] omap-aes 53500000.aes: OMAP AES hw accel rev: 3.2
[   21.426829] omap-sham 53100000.sham: will run requests pump with realtime priority
[   21.438367] PM: Cannot get wkup_m3_ipc handle
[   21.526515] omap-aes 53500000.aes: will run requests pump with realtime priority
[   21.535338] PM: Cannot get wkup_m3_ipc handle
[   23.292325] Bluetooth: Core ver 2.22
[   23.296188] NET: Registered PF_BLUETOOTH protocol family
[   23.301748] Bluetooth: HCI device and connection manager initialized
[   23.308170] Bluetooth: HCI socket layer initialized
[   23.313180] Bluetooth: L2CAP socket layer initialized
[   23.318302] Bluetooth: SCO socket layer initialized
[   25.272077] PM: Cannot get wkup_m3_ipc handle
[   25.277873] asoc-simple-card sound: using DT '/sound' for 'simple-audio-card,hp-det' GPIO lookup
[   25.277947] of_get_named_gpiod_flags: can't parse 'simple-audio-card,hp-det-gpios' property of node '/sound[0]'
[   25.277986] of_get_named_gpiod_flags: can't parse 'simple-audio-card,hp-det-gpio' property of node '/sound[0]'
[   25.278011] asoc-simple-card sound: using lookup tables for GPIO lookup
[   25.278026] asoc-simple-card sound: No GPIO consumer simple-audio-card,hp-det found
[   25.278043] asoc-simple-card sound: using DT '/sound' for 'simple-audio-card,mic-det' GPIO lookup
[   25.278069] of_get_named_gpiod_flags: can't parse 'simple-audio-card,mic-det-gpios' property of node '/sound[0]'
[   25.278096] of_get_named_gpiod_flags: can't parse 'simple-audio-card,mic-det-gpio' property of node '/sound[0]'
[   25.278117] asoc-simple-card sound: using lookup tables for GPIO lookup
[   25.278129] asoc-simple-card sound: No GPIO consumer simple-audio-card,mic-det found
[   25.424461] PM: Cannot get wkup_m3_ipc handle
[   28.084872] userial_init: registered 8 ttyGS* devices
[   28.298383] rndis_register: configNr = 0
[   28.367911] udc musb-hdrc.0: binding gadget driver [g_multi]
[   28.368007] configfs-gadget.g_multi gadget.0: adding 'rndis'/e04e9950 to config 'c'/fb7e4108
[   28.369178] configfs-gadget.g_multi gadget.0: HOST MAC 1c:ba:8c:a2:ed:6c
[   28.376206] configfs-gadget.g_multi gadget.0: MAC 1c:ba:8c:a2:ed:70
[   28.382619] rndis_set_param_medium: 0 0
[   28.382643] configfs-gadget.g_multi gadget.0: RNDIS: IN/ep1in OUT/ep1out NOTIFY/ep2in
[   28.382661] configfs-gadget.g_multi gadget.0: adding 'cdc_ethernet'/3bd5efed to config 'c'/fb7e4108
[   28.383647] configfs-gadget.g_multi gadget.0: HOST MAC 1c:ba:8c:a2:ed:6c
[   28.390409] configfs-gadget.g_multi gadget.0: MAC 1c:ba:8c:a2:ed:6d
[   28.396861] configfs-gadget.g_multi gadget.0: CDC Ethernet: IN/ep3in OUT/ep2out NOTIFY/ep4in
[   28.396884] configfs-gadget.g_multi gadget.0: adding 'acm'/33b1f749 to config 'c'/fb7e4108
[   28.396921] configfs-gadget.g_multi gadget.0: acm ttyGS0: IN/ep5in OUT/ep3out NOTIFY/ep6in
[   28.397746] PM: Cannot get wkup_m3_ipc handle
[   29.561619] configfs-gadget.g_multi gadget.0: eth_open
[   30.921757] configfs-gadget.g_multi gadget.0: stop stats: rx/tx 0/0, errs 0/0
[   34.997654] gs_open: ttyGS0 (e0d4df1c,4b076217)
[   34.997820] gs_close: ttyGS0 (e0d4df1c,4b076217) ...
[   34.997846] gs_close: ttyGS0 (e0d4df1c,4b076217) done!
[   35.011981] gs_open: ttyGS0 (e0d4df1c,1479a6e2)
[   35.012136] gs_close: ttyGS0 (e0d4df1c,1479a6e2) ...
[   35.012163] gs_close: ttyGS0 (e0d4df1c,1479a6e2) done!
[   35.177934] gs_open: ttyGS0 (6638fa52,4b076217)
[   35.178191] gs_close: ttyGS0 (6638fa52,4b076217) ...
[   35.178222] gs_close: ttyGS0 (6638fa52,4b076217) done!
[   35.185639] gs_open: ttyGS0 (6638fa52,c99684f8)
XMOWUGHLUO 0
root@arm:~# echo 'NHMA''QSMHTS'
NHMAQSMHTS
root@arm:~# MARKER='QPSB''HBXFZU' run 'modprobe test_linear_ranges'
QPSBHBXFZUQPSBHBXFZU 0
root@arm:~# echo 'WCOQ''FXWUTT'
WCOQFXWUTT
root@arm:~# MARKER='XKCE''AVEHAQ' run dmesg
XKCEAVEHAQ[    0.000000] Booting Linux on physical CPU 0x0
[    0.000000] Linux version 6.12.0-rc3-next-20241017 (user01@drvtest01) (arm-linux-gnueabihf-gcc (Linaro GCC 6.4-2017.11) 6.4.1 20171012, GNU ld (Linaro_Binutils-2017.11) 2.27.0.20161229) #117 SMP Thu Oct 17 12:23:59 EEST 2024
[    0.000000] CPU: ARMv7 Processor [413fc082] revision 2 (ARMv7), cr=10c5387d
[    0.000000] CPU: PIPT / VIPT nonaliasing data cache, VIPT aliasing instruction cache
[    0.000000] OF: fdt: Machine model: TI AM335x BeagleBone Black
[    0.000000] Memory policy: Data cache writeback
[    0.000000] cma: Reserved 16 MiB at 0x9e800000 on node -1
[    0.000000] Zone ranges:
[    0.000000]   Normal   [mem 0x0000000080000000-0x000000009fdfffff]
[    0.000000]   HighMem  empty
[    0.000000] Movable zone start for each node
[    0.000000] Early memory node ranges
[    0.000000]   node   0: [mem 0x0000000080000000-0x000000009fdfffff]
[    0.000000] Initmem setup node 0 [mem 0x0000000080000000-0x000000009fdfffff]
[    0.000000] OF: reserved mem: Reserved memory: No reserved-memory node in the DT
[    0.000000] CPU: All CPU(s) started in SVC mode.
[    0.000000] AM335X ES2.1 (sgx neon)
[    0.000000] percpu: Embedded 17 pages/cpu s39756 r8192 d21684 u69632
[    0.000000] pcpu-alloc: s39756 r8192 d21684 u69632 alloc=17*4096
[    0.000000] pcpu-alloc: [0] 0 
[    0.000000] Kernel command line: console=ttyO0,115200n8 root=/dev/nfs rw nfsroot=192.168.255.126:/home/user01/nfs,nfsvers=3 ip=192.168.255.1:192.168.255.126::255.255.255.0:bbb1:eth0 nfsrootdebug
[    0.000000] Unknown kernel command line parameters "nfsrootdebug", will be passed to user space.
[    0.000000] printk: log buffer data + meta data: 65536 + 204800 = 270336 bytes
[    0.000000] Dentry cache hash table entries: 65536 (order: 6, 262144 bytes, linear)
[    0.000000] Inode-cache hash table entries: 32768 (order: 5, 131072 bytes, linear)
[    0.000000] Built 1 zonelists, mobility grouping on.  Total pages: 130560
[    0.000000] mem auto-init: stack:off, heap alloc:off, heap free:off
[    0.000000] SLUB: HWalign=64, Order=0-3, MinObjects=0, CPUs=1, Nodes=1
[    0.000000] trace event string verifier disabled
[    0.000000] rcu: Hierarchical RCU implementation.
[    0.000000] rcu: 	RCU event tracing is enabled.
[    0.000000] rcu: 	RCU restricting CPUs from NR_CPUS=2 to nr_cpu_ids=1.
[    0.000000] 	Tracing variant of Tasks RCU enabled.
[    0.000000] rcu: RCU calculated value of scheduler-enlistment delay is 10 jiffies.
[    0.000000] rcu: Adjusting geometry for rcu_fanout_leaf=16, nr_cpu_ids=1
[    0.000000] RCU Tasks Trace: Setting shift to 0 and lim to 1 rcu_task_cb_adjust=1 rcu_task_cpu_ids=1.
[    0.000000] NR_IRQS: 16, nr_irqs: 16, preallocated irqs: 16
[    0.000000] IRQ: Found an INTC at 0x(ptrval) (revision 5.0) with 128 interrupts
[    0.000000] rcu: srcu_init: Setting srcu_struct sizes based on contention.
[    0.000000] TI gptimer clocksource: always-on /ocp/interconnect@44c00000/segment@200000/target-module@31000
[    0.000003] sched_clock: 32 bits at 24MHz, resolution 41ns, wraps every 89478484971ns
[    0.000029] clocksource: dmtimer: mask: 0xffffffff max_cycles: 0xffffffff, max_idle_ns: 79635851949 ns
[    0.000501] TI gptimer clockevent: 24000000 Hz at /ocp/interconnect@48000000/segment@0/target-module@40000
[    0.002125] Console: colour dummy device 80x30
[    0.002193] WARNING: Your 'console=ttyO0' has been replaced by 'ttyS0'
[    0.002201] This ensures that you still see kernel messages. Please
[    0.002206] update your kernel commandline.
[    0.002250] Calibrating delay loop... 996.14 BogoMIPS (lpj=4980736)
[    0.090556] CPU: Testing write buffer coherency: ok
[    0.090672] CPU0: Spectre v2: using BPIALL workaround
[    0.090684] pid_max: default: 32768 minimum: 301
[    0.090813] LSM: initializing lsm=capability
[    0.090997] Mount-cache hash table entries: 1024 (order: 0, 4096 bytes, linear)
[    0.091016] Mountpoint-cache hash table entries: 1024 (order: 0, 4096 bytes, linear)
[    0.092669] CPU0: thread -1, cpu 0, socket -1, mpidr 0
[    0.150957] Setting up static identity map for 0x80100000 - 0x80100078
[    0.160718] rcu: Hierarchical SRCU implementation.
[    0.160729] rcu: 	Max phase no-delay instances is 1000.
[    0.180772] smp: Bringing up secondary CPUs ...
[    0.180827] smp: Brought up 1 node, 1 CPU
[    0.180843] SMP: Total of 1 processors activated (996.14 BogoMIPS).
[    0.180854] CPU: All CPU(s) started in SVC mode.
[    0.181049] Memory: 480868K/522240K available (11264K kernel code, 1208K rwdata, 2888K rodata, 1024K init, 298K bss, 23360K reserved, 16384K cma-reserved, 0K highmem)
[    0.181922] devtmpfs: initialized
[    0.199946] VFP support v0.3: implementor 41 architecture 3 part 30 variant c rev 3
[    0.200304] clocksource: jiffies: mask: 0xffffffff max_cycles: 0xffffffff, max_idle_ns: 19112604462750000 ns
[    0.200340] futex hash table entries: 256 (order: 2, 16384 bytes, linear)
[    0.201804] pinctrl core: initialized pinctrl subsystem
[    0.204685] NET: Registered PF_NETLINK/PF_ROUTE protocol family
[    0.207475] DMA: preallocated 256 KiB pool for atomic coherent allocations
[    0.208394] audit: initializing netlink subsys (disabled)
[    0.209819] thermal_sys: Registered thermal governor 'fair_share'
[    0.209835] thermal_sys: Registered thermal governor 'step_wise'
[    0.209846] thermal_sys: Registered thermal governor 'user_space'
[    0.210004] audit: type=2000 audit(0.200:1): state=initialized audit_enabled=0 res=1
[    0.210043] cpuidle: using governor menu
[    0.229119] No ATAGs?
[    0.229145] hw-breakpoint: debug architecture 0x4 unsupported.
[    0.232003] kprobes: kprobe jump-optimization is enabled. All kprobes are optimized if possible.
[    0.244032] iommu: Default domain type: Translated
[    0.244054] iommu: DMA domain TLB invalidation policy: strict mode
[    0.245727] reg-fixed-voltage fixedregulator0: using DT '/fixedregulator0' for '(default)' GPIO lookup
[    0.245783] of_get_named_gpiod_flags: can't parse 'gpios' property of node '/fixedregulator0[0]'
[    0.245811] of_get_named_gpiod_flags: can't parse 'gpio' property of node '/fixedregulator0[0]'
[    0.245830] reg-fixed-voltage fixedregulator0: using lookup tables for GPIO lookup
[    0.245841] reg-fixed-voltage fixedregulator0: No GPIO consumer (default) found
[    0.251956] SCSI subsystem initialized
[    0.252444] libata version 3.00 loaded.
[    0.252809] pps_core: LinuxPPS API ver. 1 registered
[    0.252821] pps_core: Software ver. 5.3.6 - Copyright 2005-2007 Rodolfo Giometti <giometti@linux.it>
[    0.252845] PTP clock support registered
[    0.260894] vgaarb: loaded
[    0.261312] clocksource: Switched to clocksource dmtimer
[    0.261978] VFS: Disk quotas dquot_6.6.0
[    0.262026] VFS: Dquot-cache hash table entries: 1024 (order 0, 4096 bytes)
[    0.287210] NET: Registered PF_INET protocol family
[    0.287563] IP idents hash table entries: 8192 (order: 4, 65536 bytes, linear)
[    0.288950] tcp_listen_portaddr_hash hash table entries: 512 (order: 0, 4096 bytes, linear)
[    0.288987] Table-perturb hash table entries: 65536 (order: 6, 262144 bytes, linear)
[    0.289009] TCP established hash table entries: 4096 (order: 2, 16384 bytes, linear)
[    0.289053] TCP bind hash table entries: 4096 (order: 4, 65536 bytes, linear)
[    0.289155] TCP: Hash tables configured (established 4096 bind 4096)
[    0.289275] UDP hash table entries: 256 (order: 1, 8192 bytes, linear)
[    0.289304] UDP-Lite hash table entries: 256 (order: 1, 8192 bytes, linear)
[    0.289471] NET: Registered PF_UNIX/PF_LOCAL protocol family
[    0.302141] RPC: Registered named UNIX socket transport module.
[    0.302160] RPC: Registered udp transport module.
[    0.302166] RPC: Registered tcp transport module.
[    0.302171] RPC: Registered tcp-with-tls transport module.
[    0.302177] RPC: Registered tcp NFSv4.1 backchannel transport module.
[    0.302205] PCI: CLS 0 bytes, default 64
[    0.303691] Initialise system trusted keyrings
[    0.304484] workingset: timestamp_bits=14 max_order=17 bucket_order=3
[    0.306148] NFS: Registering the id_resolver key type
[    0.306241] Key type id_resolver registered
[    0.306251] Key type id_legacy registered
[    0.306304] jffs2: version 2.2. (NAND) (SUMMARY)  Â© 2001-2006 Red Hat, Inc.
[    0.306719] Key type asymmetric registered
[    0.306734] Asymmetric key parser 'x509' registered
[    0.306801] io scheduler mq-deadline registered
[    0.306814] io scheduler kyber registered
[    0.306887] io scheduler bfq registered
[    0.311764] ledtrig-cpu: registered to indicate activity on CPUs
[    0.314601] Serial: 8250/16550 driver, 6 ports, IRQ sharing enabled
[    0.376167] brd: module loaded
[    0.384981] loop: module loaded
[    0.385923] mtdoops: mtd device (mtddev=name/number) must be supplied
[    0.387693] mdio_bus fixed-0: using lookup tables for GPIO lookup
[    0.387719] mdio_bus fixed-0: No GPIO consumer reset found
[    0.389109] i2c_dev: i2c /dev entries driver
[    0.390108] cpuidle: enable-method property 'ti,am3352' found operations
[    0.390560] sdhci: Secure Digital Host Controller Interface driver
[    0.390570] sdhci: Copyright(c) Pierre Ossman
[    0.390745] sdhci-pltfm: SDHCI platform and OF driver helper
[    0.391962] Initializing XFRM netlink socket
[    0.392124] NET: Registered PF_INET6 protocol family
[    0.409792] Segment Routing with IPv6
[    0.409884] In-situ OAM (IOAM) with IPv6
[    0.409983] sit: IPv6, IPv4 and MPLS over IPv4 tunneling driver
[    0.410946] NET: Registered PF_PACKET protocol family
[    0.410979] NET: Registered PF_KEY protocol family
[    0.411106] Key type dns_resolver registered
[    0.411569] ThumbEE CPU extension supported.
[    0.411594] Registering SWP/SWPB emulation handler
[    0.412126] omap_voltage_late_init: Voltage driver support not added
[    0.412487] SmartReflex Class3 initialized
[    0.434061] Loading compiled-in X.509 certificates
[    0.486951] gpiochip_find_base_unlocked: found new base at 512
[    0.529185] platform 44e10800.pinmux: Fixed dependency cycle(s) with /ocp/interconnect@44c00000/segment@200000/target-module@10000/scm@0/pinmux@800/clkout2-pins
[    0.529725] pinctrl-single 44e10800.pinmux: 142 pins, size 568
[    0.535196] ti-sysc 44e31000.target-module: probe with driver ti-sysc failed with error -16
[    0.559987] ti-sysc 48040000.target-module: probe with driver ti-sysc failed with error -16
[    0.571022] gpiochip_find_base_unlocked: found new base at 512
[    0.571127] gpio gpiochip0: (gpio-0-31): created GPIO range 0->7 ==> 44e10800.pinmux PIN 0->7
[    0.571147] gpio gpiochip0: (gpio-0-31): created GPIO range 8->11 ==> 44e10800.pinmux PIN 90->93
[    0.571162] gpio gpiochip0: (gpio-0-31): created GPIO range 12->27 ==> 44e10800.pinmux PIN 12->27
[    0.571178] gpio gpiochip0: (gpio-0-31): created GPIO range 28->31 ==> 44e10800.pinmux PIN 30->33
[    0.611359] gpio gpiochip0: (gpio-0-31): added GPIO chardev (254:0)
[    0.611539] gpio gpiochip0: registered GPIOs 512 to 543 on gpio-0-31
[    0.611622] OMAP GPIO hardware version 0.1
[    0.624638] i2c i2c-2: using DT '/ocp/interconnect@48000000/segment@100000/target-module@9c000/i2c@0' for 'scl' GPIO lookup
[    0.624710] of_get_named_gpiod_flags: can't parse 'scl-gpios' property of node '/ocp/interconnect@48000000/segment@100000/target-module@9c000/i2c@0[0]'
[    0.624757] of_get_named_gpiod_flags: can't parse 'scl-gpio' property of node '/ocp/interconnect@48000000/segment@100000/target-module@9c000/i2c@0[0]'
[    0.624794] i2c i2c-2: using lookup tables for GPIO lookup
[    0.624805] i2c i2c-2: No GPIO consumer scl found
[    0.624826] i2c i2c-2: using DT '/ocp/interconnect@48000000/segment@100000/target-module@9c000/i2c@0' for 'sda' GPIO lookup
[    0.624863] of_get_named_gpiod_flags: can't parse 'sda-gpios' property of node '/ocp/interconnect@48000000/segment@100000/target-module@9c000/i2c@0[0]'
[    0.624901] of_get_named_gpiod_flags: can't parse 'sda-gpio' property of node '/ocp/interconnect@48000000/segment@100000/target-module@9c000/i2c@0[0]'
[    0.624934] i2c i2c-2: using lookup tables for GPIO lookup
[    0.624942] i2c i2c-2: No GPIO consumer sda found
[    0.625670] omap_i2c 4819c000.i2c: bus 2 rev0.11 at 100 kHz
[    0.630927] gpiochip_find_base_unlocked: found new base at 544
[    0.631030] gpio gpiochip1: (gpio-32-63): created GPIO range 0->17 ==> 44e10800.pinmux PIN 34->51
[    0.631050] gpio gpiochip1: (gpio-32-63): created GPIO range 18->21 ==> 44e10800.pinmux PIN 77->80
[    0.631066] gpio gpiochip1: (gpio-32-63): created GPIO range 22->31 ==> 44e10800.pinmux PIN 56->65
[    0.642172] gpio gpiochip1: (gpio-32-63): added GPIO chardev (254:1)
[    0.642337] gpio gpiochip1: registered GPIOs 544 to 575 on gpio-32-63
[    0.644512] gpiochip_find_base_unlocked: found new base at 576
[    0.644608] gpio gpiochip2: (gpio-64-95): created GPIO range 0->4 ==> 44e10800.pinmux PIN 66->70
[    0.644627] gpio gpiochip2: (gpio-64-95): created GPIO range 5->6 ==> 44e10800.pinmux PIN 98->99
[    0.644642] gpio gpiochip2: (gpio-64-95): created GPIO range 7->8 ==> 44e10800.pinmux PIN 75->76
[    0.644657] gpio gpiochip2: (gpio-64-95): created GPIO range 13->13 ==> 44e10800.pinmux PIN 141->141
[    0.644673] gpio gpiochip2: (gpio-64-95): created GPIO range 14->21 ==> 44e10800.pinmux PIN 100->107
[    0.645320] gpio gpiochip2: (gpio-64-95): added GPIO chardev (254:2)
[    0.645454] gpio gpiochip2: registered GPIOs 576 to 607 on gpio-64-95
[    0.650853] 48000000.interconnect:segment@200000:target-module@0:mpu@0:fck: device ID is greater than 24
[    0.655220] platform 4830e000.lcdc: Fixed dependency cycle(s) with /ocp/interconnect@44c00000/segment@200000/target-module@b000/i2c@0/tda19988@70
[    0.664611] mdio_bus 4a101000.mdio: using DT '/ocp/interconnect@4a000000/segment@0/target-module@100000/switch@0/mdio@1000' for 'reset' GPIO lookup
[    0.664685] of_get_named_gpiod_flags: can't parse 'reset-gpios' property of node '/ocp/interconnect@4a000000/segment@0/target-module@100000/switch@0/mdio@1000[0]'
[    0.664734] of_get_named_gpiod_flags: can't parse 'reset-gpio' property of node '/ocp/interconnect@4a000000/segment@0/target-module@100000/switch@0/mdio@1000[0]'
[    0.664783] mdio_bus 4a101000.mdio: using lookup tables for GPIO lookup
[    0.664794] mdio_bus 4a101000.mdio: No GPIO consumer reset found
[    0.665791] sdhci-omap 481d8000.mmc: using DT '/ocp/interconnect@48000000/segment@100000/target-module@d8000/mmc@0' for 'wp' GPIO lookup
[    0.665852] of_get_named_gpiod_flags: can't parse 'wp-gpios' property of node '/ocp/interconnect@48000000/segment@100000/target-module@d8000/mmc@0[0]'
[    0.665898] of_get_named_gpiod_flags: can't parse 'wp-gpio' property of node '/ocp/interconnect@48000000/segment@100000/target-module@d8000/mmc@0[0]'
[    0.665934] sdhci-omap 481d8000.mmc: using lookup tables for GPIO lookup
[    0.665944] sdhci-omap 481d8000.mmc: No GPIO consumer wp found
[    0.666137] sdhci-omap 481d8000.mmc: supply pbias not found, using dummy regulator
[    0.666647] sdhci-omap 481d8000.mmc: supply vqmmc not found, using dummy regulator
[    0.711595] davinci_mdio 4a101000.mdio: davinci mdio revision 1.6, bus freq 1000000
[    0.728906] mdio_bus 4a101000.mdio:00: using DT '/ocp/interconnect@4a000000/segment@0/target-module@100000/switch@0/mdio@1000/ethernet-phy@0' for 'reset' GPIO lookup
[    0.729012] of_get_named_gpiod_flags: parsed 'reset-gpios' property of node '/ocp/interconnect@4a000000/segment@0/target-module@100000/switch@0/mdio@1000/ethernet-phy@0[0]' - status (0)
[    0.729181] gpio gpiochip0: Persistence not supported for GPIO 8
[    0.822957] davinci_mdio 4a101000.mdio: phy[0]: device 4a101000.mdio:00, driver SMSC LAN8710/LAN8720
[    0.823779] cpsw-switch 4a100000.switch: initialized cpsw ale version 1.4
[    0.823801] cpsw-switch 4a100000.switch: ALE Table size 1024, Policers 0
[    0.823947] cpsw-switch 4a100000.switch: cpts: overflow check period 500 (jiffies)
[    0.823965] cpsw-switch 4a100000.switch: CPTS: ref_clk_freq:250000000 calc_mult:2147483648 calc_shift:29 error:0 nsec/sec
[    0.824069] cpsw-switch 4a100000.switch: Detected MACID = 6c:ec:eb:68:de:78
[    0.825898] cpsw-switch 4a100000.switch: initialized (regs 0x4a100000, pool size 256) hw_ver:0019010C 1.12 (0)
[    0.836945] debugfs: Directory '49000000.dma' with parent 'dmaengine' already present!
[    0.836986] edma 49000000.dma: TI EDMA DMA engine driver
[    0.877575] target-module@4b000000:target-module@140000:pmu@0:fck: device ID is greater than 24
[    0.904851] hw perfevents: enabled with armv7_cortex_a8 PMU driver, 5 (8000000f) counters available
[    0.905768] gpio-clk clk_mcasp0: using DT '/clk_mcasp0' for 'enable' GPIO lookup
[    0.905836] of_get_named_gpiod_flags: parsed 'enable-gpios' property of node '/clk_mcasp0[0]' - status (0)
[    0.905881] gpio gpiochip0: Persistence not supported for GPIO 27
[    0.906680] gpiochip_find_base_unlocked: found new base at 608
[    0.906813] gpio gpiochip3: (gpio-96-127): created GPIO range 0->7 ==> 44e10800.pinmux PIN 82->89
[    0.906836] gpio gpiochip3: (gpio-96-127): created GPIO range 8->11 ==> 44e10800.pinmux PIN 52->55
[    0.906853] gpio gpiochip3: (gpio-96-127): created GPIO range 12->15 ==> 44e10800.pinmux PIN 94->97
[    0.906869] gpio gpiochip3: (gpio-96-127): created GPIO range 16->17 ==> 44e10800.pinmux PIN 71->72
[    0.906884] gpio gpiochip3: (gpio-96-127): created GPIO range 18->18 ==> 44e10800.pinmux PIN 135->135
[    0.906907] gpio gpiochip3: (gpio-96-127): created GPIO range 19->20 ==> 44e10800.pinmux PIN 108->109
[    0.906924] gpio gpiochip3: (gpio-96-127): created GPIO range 21->21 ==> 44e10800.pinmux PIN 73->73
[    0.906940] gpio gpiochip3: (gpio-96-127): created GPIO range 22->23 ==> 44e10800.pinmux PIN 8->9
[    0.906958] gpio gpiochip3: (gpio-96-127): created GPIO range 26->27 ==> 44e10800.pinmux PIN 10->11
[    0.906976] gpio gpiochip3: (gpio-96-127): created GPIO range 28->28 ==> 44e10800.pinmux PIN 74->74
[    0.906994] gpio gpiochip3: (gpio-96-127): created GPIO range 29->29 ==> 44e10800.pinmux PIN 81->81
[    0.907012] gpio gpiochip3: (gpio-96-127): created GPIO range 30->31 ==> 44e10800.pinmux PIN 28->29
[    0.912312] l3-aon-clkctrl:0000:0: failed to disable
[    0.912852] gpio gpiochip3: (gpio-96-127): added GPIO chardev (254:3)
[    0.912998] gpio gpiochip3: registered GPIOs 608 to 639 on gpio-96-127
[    0.914762] omap8250 44e09000.serial: using DT '/ocp/interconnect@44c00000/segment@200000/target-module@9000/serial@0' for 'rs485-term' GPIO lookup
[    0.914832] of_get_named_gpiod_flags: can't parse 'rs485-term-gpios' property of node '/ocp/interconnect@44c00000/segment@200000/target-module@9000/serial@0[0]'
[    0.914877] of_get_named_gpiod_flags: can't parse 'rs485-term-gpio' property of node '/ocp/interconnect@44c00000/segment@200000/target-module@9000/serial@0[0]'
[    0.914914] omap8250 44e09000.serial: using lookup tables for GPIO lookup
[    0.914925] omap8250 44e09000.serial: No GPIO consumer rs485-term found
[    0.914936] omap8250 44e09000.serial: using DT '/ocp/interconnect@44c00000/segment@200000/target-module@9000/serial@0' for 'rs485-rx-during-tx' GPIO lookup
[    0.914973] of_get_named_gpiod_flags: can't parse 'rs485-rx-during-tx-gpios' property of node '/ocp/interconnect@44c00000/segment@200000/target-module@9000/serial@0[0]'
[    0.915012] of_get_named_gpiod_flags: can't parse 'rs485-rx-during-tx-gpio' property of node '/ocp/interconnect@44c00000/segment@200000/target-module@9000/serial@0[0]'
[    0.915045] omap8250 44e09000.serial: using lookup tables for GPIO lookup
[    0.915054] omap8250 44e09000.serial: No GPIO consumer rs485-rx-during-tx found
[    0.915470] 44e09000.serial: ttyS0 at MMIO 0x44e09000 (irq = 34, base_baud = 3000000) is a 8250
[    0.915562] printk: legacy console [ttyS0] enabled
[    2.274424] i2c i2c-0: using DT '/ocp/interconnect@44c00000/segment@200000/target-module@b000/i2c@0' for 'scl' GPIO lookup
[    2.274516] of_get_named_gpiod_flags: can't parse 'scl-gpios' property of node '/ocp/interconnect@44c00000/segment@200000/target-module@b000/i2c@0[0]'
[    2.274566] of_get_named_gpiod_flags: can't parse 'scl-gpio' property of node '/ocp/interconnect@44c00000/segment@200000/target-module@b000/i2c@0[0]'
[    2.274609] i2c i2c-0: using lookup tables for GPIO lookup
[    2.274625] i2c i2c-0: No GPIO consumer scl found
[    2.274650] i2c i2c-0: using DT '/ocp/interconnect@44c00000/segment@200000/target-module@b000/i2c@0' for 'sda' GPIO lookup
[    2.274693] of_get_named_gpiod_flags: can't parse 'sda-gpios' property of node '/ocp/interconnect@44c00000/segment@200000/target-module@b000/i2c@0[0]'
[    2.274736] of_get_named_gpiod_flags: can't parse 'sda-gpio' property of node '/ocp/interconnect@44c00000/segment@200000/target-module@b000/i2c@0[0]'
[    2.274774] i2c i2c-0: using lookup tables for GPIO lookup
[    2.274786] i2c i2c-0: No GPIO consumer sda found
[    2.292341] tps65217-pmic: Failed to locate of_node [id: -1]
[    2.298417] tps65217-bl: Failed to locate of_node [id: -1]
[    2.309845] tps65217 0-0024: TPS65217 ID 0xe version 1.2
[    2.315986] platform 4830e000.lcdc: Fixed dependency cycle(s) with /ocp/interconnect@44c00000/segment@200000/target-module@b000/i2c@0/tda19988@70
[    2.329423] i2c 0-0070: Fixed dependency cycle(s) with /ocp/interconnect@48000000/segment@300000/target-module@e000/lcdc@0
[    2.340852] omap_i2c 44e0b000.i2c: bus 0 rev0.11 at 400 kHz
[    2.348486] sdhci-omap 48060000.mmc: using DT '/ocp/interconnect@48000000/segment@0/target-module@60000/mmc@0' for 'cd' GPIO lookup
[    2.348595] of_get_named_gpiod_flags: parsed 'cd-gpios' property of node '/ocp/interconnect@48000000/segment@0/target-module@60000/mmc@0[0]' - status (0)
[    2.348666] gpio gpiochip3: Persistence not supported for GPIO 6
[    2.348692] omap_gpio 44e07000.gpio: Could not set line 6 debounce to 200000 microseconds (-22)
[    2.357581] sdhci-omap 48060000.mmc: Got CD GPIO
[    2.362267] sdhci-omap 48060000.mmc: using DT '/ocp/interconnect@48000000/segment@0/target-module@60000/mmc@0' for 'wp' GPIO lookup
[    2.362319] of_get_named_gpiod_flags: can't parse 'wp-gpios' property of node '/ocp/interconnect@48000000/segment@0/target-module@60000/mmc@0[0]'
[    2.362365] of_get_named_gpiod_flags: can't parse 'wp-gpio' property of node '/ocp/interconnect@48000000/segment@0/target-module@60000/mmc@0[0]'
[    2.362407] sdhci-omap 48060000.mmc: using lookup tables for GPIO lookup
[    2.362422] sdhci-omap 48060000.mmc: No GPIO consumer wp found
[    2.362635] sdhci-omap 48060000.mmc: supply pbias not found, using dummy regulator
[    2.371419] sdhci-omap 481d8000.mmc: using DT '/ocp/interconnect@48000000/segment@100000/target-module@d8000/mmc@0' for 'wp' GPIO lookup
[    2.371501] of_get_named_gpiod_flags: can't parse 'wp-gpios' property of node '/ocp/interconnect@48000000/segment@100000/target-module@d8000/mmc@0[0]'
[    2.371551] of_get_named_gpiod_flags: can't parse 'wp-gpio' property of node '/ocp/interconnect@48000000/segment@100000/target-module@d8000/mmc@0[0]'
[    2.371592] sdhci-omap 481d8000.mmc: using lookup tables for GPIO lookup
[    2.371607] sdhci-omap 481d8000.mmc: No GPIO consumer wp found
[    2.372963] sdhci-omap 48060000.mmc: supply vqmmc not found, using dummy regulator
[    2.382044] sdhci-omap 481d8000.mmc: supply pbias not found, using dummy regulator
[    2.390029] sdhci-omap 481d8000.mmc: supply vqmmc not found, using dummy regulator
[    2.428880] mmc1: SDHCI controller on 481d8000.mmc [481d8000.mmc] using External DMA
[    2.438103] mmc0: SDHCI controller on 48060000.mmc [48060000.mmc] using External DMA
[    2.446918] cpsw-switch 4a100000.switch: starting ndev. mode: dual_mac
[    2.490636] mmc0: new high speed SDHC card at address 5048
[    2.497716] mmcblk0: mmc0:5048 SD16G 14.4 GiB
[    2.505816]  mmcblk0: p1 p2
[    2.509212] mmcblk0: p2 size 31221760 extends beyond EOD, truncated
[    2.522640] SMSC LAN8710/LAN8720 4a101000.mdio:00: attached PHY driver (mii_bus:phy_addr=4a101000.mdio:00, irq=POLL)
[    2.535389] mmc1: new high speed MMC card at address 0001
[    2.546543] mmcblk1: mmc1:0001 MMC04G 3.60 GiB
[    2.554087]  mmcblk1: p1 p2
[    2.558353] mmcblk1boot0: mmc1:0001 MMC04G 2.00 MiB
[    2.565764] mmcblk1boot1: mmc1:0001 MMC04G 2.00 MiB
[    2.573247] mmcblk1rpmb: mmc1:0001 MMC04G 128 KiB, chardev (250:0)
[    5.682096] cpsw-switch 4a100000.switch eth0: Link is Up - 100Mbps/Full - flow control off
[    5.721560] IP-Config: Complete:
[    5.724838]      device=eth0, hwaddr=6c:ec:eb:68:de:78, ipaddr=192.168.255.1, mask=255.255.255.0, gw=255.255.255.255
[    5.735510]      host=bbb1, domain=, nis-domain=(none)
[    5.740680]      bootserver=192.168.255.126, rootserver=192.168.255.126, rootpath=
[    5.741127] clk: Disabling unused clocks
[    5.752966] PM: genpd: Disabling unused power domains
[    5.758087] KTAP version 1
[    5.760810] 1..0
[    5.786418] VFS: Mounted root (nfs filesystem) on device 0:17.
[    5.793468] devtmpfs: mounted
[    5.798129] Freeing unused kernel image (initmem) memory: 1024K
[    5.805158] Run /sbin/init as init process
[    5.809298]   with arguments:
[    5.809312]     /sbin/init
[    5.809322]     nfsrootdebug
[    5.809332]   with environment:
[    5.809341]     HOME=/
[    5.809351]     TERM=linux
[    6.512231] systemd[1]: System time before build time, advancing clock.
[    7.991338] random: crng init done
[    8.033571] systemd[1]: systemd 232 running in system mode. (+PAM +AUDIT +SELINUX +IMA +APPARMOR +SMACK +SYSVINIT +UTMP +LIBCRYPTSETUP +GCRYPT +GNUTLS +ACL +XZ +LZ4 +SECCOMP +BLKID +ELFUTILS +KMOD +IDN)
[    8.052621] systemd[1]: Detected architecture arm.
[    8.084508] systemd[1]: Set hostname to <arm>.
[    9.204694] systemd[1]: Started Forward Password Requests to Wall Directory Watch.
[    9.232944] systemd[1]: Created slice System Slice.
[    9.291926] systemd[1]: Mounting POSIX Message Queue File System...
[    9.306676] systemd[1]: Listening on Journal Socket (/dev/log).
[    9.323611] systemd[1]: Listening on Syslog Socket.
[    9.335314] systemd[1]: Listening on udev Kernel Socket.
[    9.347760] systemd[1]: Created slice system-getty.slice.
[   11.641646] systemd-journald[86]: Received request to flush runtime journal from PID 1
[   14.127389] leds-gpio leds: using DT '/leds/led2' for '(default)' GPIO lookup
[   14.127496] of_get_named_gpiod_flags: parsed 'gpios' property of node '/leds/led2[0]' - status (0)
[   14.127558] gpio gpiochip0: Persistence not supported for GPIO 21
[   14.127575] gpio-533 (?): no flags found for GPIO (default)
[   14.176435] leds-gpio leds: using DT '/leds/led3' for '(default)' GPIO lookup
[   14.176545] of_get_named_gpiod_flags: parsed 'gpios' property of node '/leds/led3[0]' - status (0)
[   14.176606] gpio gpiochip0: Persistence not supported for GPIO 22
[   14.176623] gpio-534 (?): no flags found for GPIO (default)
[   14.225448] leds-gpio leds: using DT '/leds/led4' for '(default)' GPIO lookup
[   14.225550] of_get_named_gpiod_flags: parsed 'gpios' property of node '/leds/led4[0]' - status (0)
[   14.225604] gpio gpiochip0: Persistence not supported for GPIO 23
[   14.225620] gpio-535 (?): no flags found for GPIO (default)
[   14.241902] leds-gpio leds: using DT '/leds/led5' for '(default)' GPIO lookup
[   14.241993] of_get_named_gpiod_flags: parsed 'gpios' property of node '/leds/led5[0]' - status (0)
[   14.242047] gpio gpiochip0: Persistence not supported for GPIO 24
[   14.242063] gpio-536 (?): no flags found for GPIO (default)
[   14.622997] remoteproc remoteproc0: wkup_m3 is available
[   15.030693] am335x-phy-driver 47401300.usb-phy: using DT '/ocp/target-module@47400000/usb-phy@1300' for 'reset' GPIO lookup
[   15.030791] of_get_named_gpiod_flags: can't parse 'reset-gpios' property of node '/ocp/target-module@47400000/usb-phy@1300[0]'
[   15.030839] of_get_named_gpiod_flags: can't parse 'reset-gpio' property of node '/ocp/target-module@47400000/usb-phy@1300[0]'
[   15.030878] am335x-phy-driver 47401300.usb-phy: using lookup tables for GPIO lookup
[   15.030894] am335x-phy-driver 47401300.usb-phy: No GPIO consumer reset found
[   15.030909] am335x-phy-driver 47401300.usb-phy: using DT '/ocp/target-module@47400000/usb-phy@1300' for 'vbus-detect' GPIO lookup
[   15.030942] of_get_named_gpiod_flags: can't parse 'vbus-detect-gpios' property of node '/ocp/target-module@47400000/usb-phy@1300[0]'
[   15.030976] of_get_named_gpiod_flags: can't parse 'vbus-detect-gpio' property of node '/ocp/target-module@47400000/usb-phy@1300[0]'
[   15.031004] am335x-phy-driver 47401300.usb-phy: using lookup tables for GPIO lookup
[   15.031017] am335x-phy-driver 47401300.usb-phy: No GPIO consumer vbus-detect found
[   15.031168] am335x-phy-driver 47401300.usb-phy: dummy supplies not allowed for exclusive requests (id=vbus)
[   15.080201] at24 2-0054: supply vcc not found, using dummy regulator
[   15.193416] usbcore: registered new interface driver usbfs
[   15.199151] usbcore: registered new interface driver hub
[   15.204771] usbcore: registered new device driver usb
[   15.212464] at24 2-0055: supply vcc not found, using dummy regulator
[   15.251812] am335x-phy-driver 47401b00.usb-phy: using DT '/ocp/target-module@47400000/usb-phy@1b00' for 'reset' GPIO lookup
[   15.251905] of_get_named_gpiod_flags: can't parse 'reset-gpios' property of node '/ocp/target-module@47400000/usb-phy@1b00[0]'
[   15.251952] of_get_named_gpiod_flags: can't parse 'reset-gpio' property of node '/ocp/target-module@47400000/usb-phy@1b00[0]'
[   15.251993] am335x-phy-driver 47401b00.usb-phy: using lookup tables for GPIO lookup
[   15.252008] am335x-phy-driver 47401b00.usb-phy: No GPIO consumer reset found
[   15.252024] am335x-phy-driver 47401b00.usb-phy: using DT '/ocp/target-module@47400000/usb-phy@1b00' for 'vbus-detect' GPIO lookup
[   15.252056] of_get_named_gpiod_flags: can't parse 'vbus-detect-gpios' property of node '/ocp/target-module@47400000/usb-phy@1b00[0]'
[   15.252091] of_get_named_gpiod_flags: can't parse 'vbus-detect-gpio' property of node '/ocp/target-module@47400000/usb-phy@1b00[0]'
[   15.252119] am335x-phy-driver 47401b00.usb-phy: using lookup tables for GPIO lookup
[   15.252132] am335x-phy-driver 47401b00.usb-phy: No GPIO consumer vbus-detect found
[   15.252282] am335x-phy-driver 47401b00.usb-phy: dummy supplies not allowed for exclusive requests (id=vbus)
