Labgrid Console Logfile for main
Logfile started at 2025-01-23 10:54:23.436931
=== Log starts here ===
 ready
DRAM:  512 MiB
NAND:  0 MiB
MMC:   OMAP SD/MMC: 0, OMAP SD/MMC: 1
*** Warning - readenv() failed, using default environment

Net:   <ethaddr> not set. Validating first E-fuse MAC
cpsw, usb_ether
Hit any key to stop autoboot:  1  0 
gpio: pin 53 (gpio 53) value is 1
mmc0 is current device
gpio: pin 54 (gpio 54) value is 1
SD/MMC found on device 0
reading uEnv.txt
569 bytes read in 4 ms (138.7 KiB/s)
gpio: pin 55 (gpio 55) value is 1
Loaded environment from uEnv.txt
Importing environment from mmc ...
Checking if uenvcmd is set ...
gpio: pin 56 (gpio 56) value is 1
Running uenvcmd ...
cpsw Waiting for PHY auto negotiation to complete. done
link up on port 0, speed 100, full duplex
Using cpsw device
TFTP from server 192.168.255.126; our IP address is 192.168.255.1
Filename 'zImage'.
Load address: 0x81000000
Loading: *#################################################################
	 #################################################################
	 #################################################################
	 #################################################################
	 #################################################################
	 ############################
	 2.4 MiB/s
done
Bytes transferred = 5180432 (4f0c10 hex)
link up on port 0, speed 100, full duplex
Using cpsw device
TFTP from server 192.168.255.126; our IP address is 192.168.255.1
Filename 'am335x-boneblack.dtb'.
Load address: 0x82000000
Loading: *#######
	 1.5 MiB/s
done
Bytes transferred = 97630 (17d5e hex)
Kernel image @ 0x81000000 [ 0x000000 - 0x4f0c10 ]
## Flattened Device Tree blob at 82000000
   Booting using the fdt blob at 0x82000000
   Using Device Tree in place at 82000000, end 8201ad5d

Starting kernel ...

[    0.000000] Booting Linux on physical CPU 0x0
[    0.000000] Linux version 6.1.126 (user01@drvtest01) (arm-none-eabi-gcc (Arm GNU Toolchain 14.2.Rel1 (Build arm-14.52)) 14.2.1 20241119, GNU ld (Arm GNU Toolchain 14.2.Rel1 (Build arm-14.52)) 2.43.1.20241119) #1 SMP Thu Jan 23 10:53:02 EET 2025
[    0.000000] CPU: ARMv7 Processor [413fc082] revision 2 (ARMv7), cr=10c5387d
[    0.000000] CPU: PIPT / VIPT nonaliasing data cache, VIPT aliasing instruction cache
[    0.000000] OF: fdt: Machine model: TI AM335x BeagleBone Black
[    0.000000] Memory policy: Data cache writeback
[    0.000000] cma: Reserved 16 MiB at 0x9ec00000
[    0.000000] Zone ranges:
[    0.000000]   Normal   [mem 0x0000000080000000-0x000000009fdfffff]
[    0.000000]   HighMem  empty
[    0.000000] Movable zone start for each node
[    0.000000] Early memory node ranges
[    0.000000]   node   0: [mem 0x0000000080000000-0x000000009fdfffff]
[    0.000000] Initmem setup node 0 [mem 0x0000000080000000-0x000000009fdfffff]
[    0.000000] CPU: All CPU(s) started in SVC mode.
[    0.000000] AM335X ES2.1 (sgx neon)
[    0.000000] percpu: Embedded 16 pages/cpu s34132 r8192 d23212 u65536
[    0.000000] Built 1 zonelists, mobility grouping on.  Total pages: 129412
[    0.000000] Kernel command line: console=ttyO0,115200n8 root=/dev/nfs rw nfsroot=192.168.255.126:/home/user01/nfs,nfsvers=3 ip=192.168.255.1:192.168.255.126::255.255.255.0:bbb1:eth0 nfsrootdebug
[    0.000000] Unknown kernel command line parameters "nfsrootdebug", will be passed to user space.
[    0.000000] Dentry cache hash table entries: 65536 (order: 6, 262144 bytes, linear)
[    0.000000] Inode-cache hash table entries: 32768 (order: 5, 131072 bytes, linear)
[    0.000000] mem auto-init: stack:off, heap alloc:off, heap free:off
[    0.000000] Memory: 484648K/522240K available (10240K kernel code, 1143K rwdata, 2604K rodata, 1024K init, 284K bss, 21208K reserved, 16384K cma-reserved, 0K highmem)
[    0.000000] SLUB: HWalign=64, Order=0-3, MinObjects=0, CPUs=1, Nodes=1
[    0.000000] trace event string verifier disabled
[    0.000000] rcu: Hierarchical RCU implementation.
[    0.000000] rcu: 	RCU event tracing is enabled.
[    0.000000] rcu: 	RCU restricting CPUs from NR_CPUS=2 to nr_cpu_ids=1.
[    0.000000] rcu: RCU calculated value of scheduler-enlistment delay is 10 jiffies.
[    0.000000] rcu: Adjusting geometry for rcu_fanout_leaf=16, nr_cpu_ids=1
[    0.000000] NR_IRQS: 16, nr_irqs: 16, preallocated irqs: 16
[    0.000000] IRQ: Found an INTC at 0x(ptrval) (revision 5.0) with 128 interrupts
[    0.000000] rcu: srcu_init: Setting srcu_struct sizes based on contention.
[    0.000000] TI gptimer clocksource: always-on /ocp/interconnect@44c00000/segment@200000/target-module@31000
[    0.000002] sched_clock: 32 bits at 24MHz, resolution 41ns, wraps every 89478484971ns
[    0.000025] clocksource: dmtimer: mask: 0xffffffff max_cycles: 0xffffffff, max_idle_ns: 79635851949 ns
[    0.000439] TI gptimer clockevent: 24000000 Hz at /ocp/interconnect@48000000/segment@0/target-module@40000
[    0.001987] Console: colour dummy device 80x30
[    0.002037] WARNING: Your 'console=ttyO0' has been replaced by 'ttyS0'
[    0.002044] This ensures that you still see kernel messages. Please
[    0.002049] update your kernel commandline.
[    0.002090] Calibrating delay loop... 996.14 BogoMIPS (lpj=4980736)
[    0.090485] CPU: Testing write buffer coherency: ok
[    0.090582] CPU0: Spectre v2: using BPIALL workaround
[    0.090592] pid_max: default: 32768 minimum: 301
[    0.090722] LSM: Security Framework initializing
[    0.090892] Mount-cache hash table entries: 1024 (order: 0, 4096 bytes, linear)
[    0.090912] Mountpoint-cache hash table entries: 1024 (order: 0, 4096 bytes, linear)
[    0.092406] CPU0: thread -1, cpu 0, socket -1, mpidr 0
[    0.093669] Setting up static identity map for 0x80100000 - 0x80100078
[    0.093891] rcu: Hierarchical SRCU implementation.
[    0.093899] rcu: 	Max phase no-delay instances is 1000.
[    0.095202] smp: Bringing up secondary CPUs ...
[    0.095222] smp: Brought up 1 node, 1 CPU
[    0.095232] SMP: Total of 1 processors activated (996.14 BogoMIPS).
[    0.095244] CPU: All CPU(s) started in SVC mode.
[    0.096152] devtmpfs: initialized
[    0.111225] VFP support v0.3: implementor 41 architecture 3 part 30 variant c rev 3
[    0.111539] clocksource: jiffies: mask: 0xffffffff max_cycles: 0xffffffff, max_idle_ns: 19112604462750000 ns
[    0.111573] futex hash table entries: 256 (order: 2, 16384 bytes, linear)
[    0.112898] pinctrl core: initialized pinctrl subsystem
[    0.114802] NET: Registered PF_NETLINK/PF_ROUTE protocol family
[    0.116809] DMA: preallocated 256 KiB pool for atomic coherent allocations
[    0.117359] audit: initializing netlink subsys (disabled)
[    0.118563] thermal_sys: Registered thermal governor 'fair_share'
[    0.118580] thermal_sys: Registered thermal governor 'step_wise'
[    0.118587] thermal_sys: Registered thermal governor 'user_space'
[    0.118709] cpuidle: using governor menu
[    0.135025] /ocp/interconnect@44c00000/segment@200000/target-module@b000/i2c@0/tda19988@70: Fixed dependency cycle(s) with /ocp/interconnect@48000000/segment@300000/target-module@e000/lcdc@0
[    0.136059] /ocp/interconnect@48000000/segment@300000/target-module@e000/lcdc@0: Fixed dependency cycle(s) with /ocp/interconnect@44c00000/segment@200000/target-module@b000/i2c@0/tda19988@70
[    0.138036] No ATAGs?
[    0.138053] hw-breakpoint: debug architecture 0x4 unsupported.
[    0.146665] audit: type=2000 audit(0.110:1): state=initialized audit_enabled=0 res=1
[    0.146959] kprobes: kprobe jump-optimization is enabled. All kprobes are optimized if possible.
[    0.164673] iommu: Default domain type: Translated 
[    0.164686] iommu: DMA domain TLB invalidation policy: strict mode 
[    0.166124] SCSI subsystem initialized
[    0.166952] pps_core: LinuxPPS API ver. 1 registered
[    0.166962] pps_core: Software ver. 5.3.6 - Copyright 2005-2007 Rodolfo Giometti <giometti@linux.it>
[    0.166984] PTP clock support registered
[    0.168424] vgaarb: loaded
[    0.168721] clocksource: Switched to clocksource dmtimer
[    0.169314] VFS: Disk quotas dquot_6.6.0
[    0.169391] VFS: Dquot-cache hash table entries: 1024 (order 0, 4096 bytes)
[    0.190138] NET: Registered PF_INET protocol family
[    0.190465] IP idents hash table entries: 8192 (order: 4, 65536 bytes, linear)
[    0.191804] tcp_listen_portaddr_hash hash table entries: 512 (order: 0, 4096 bytes, linear)
[    0.191848] Table-perturb hash table entries: 65536 (order: 6, 262144 bytes, linear)
[    0.191866] TCP established hash table entries: 4096 (order: 2, 16384 bytes, linear)
[    0.191912] TCP bind hash table entries: 4096 (order: 4, 65536 bytes, linear)
[    0.192011] TCP: Hash tables configured (established 4096 bind 4096)
[    0.192128] UDP hash table entries: 256 (order: 1, 8192 bytes, linear)
[    0.192153] UDP-Lite hash table entries: 256 (order: 1, 8192 bytes, linear)
[    0.192342] NET: Registered PF_UNIX/PF_LOCAL protocol family
[    0.199375] RPC: Registered named UNIX socket transport module.
[    0.199394] RPC: Registered udp transport module.
[    0.199400] RPC: Registered tcp transport module.
[    0.199405] RPC: Registered tcp NFSv4.1 backchannel transport module.
[    0.199423] PCI: CLS 0 bytes, default 64
[    0.200867] Initialise system trusted keyrings
[    0.201871] workingset: timestamp_bits=14 max_order=17 bucket_order=3
[    0.227007] NFS: Registering the id_resolver key type
[    0.227096] Key type id_resolver registered
[    0.227104] Key type id_legacy registered
[    0.227156] jffs2: version 2.2. (NAND) (SUMMARY)  Â© 2001-2006 Red Hat, Inc.
[    0.227885] Key type asymmetric registered
[    0.227901] Asymmetric key parser 'x509' registered
[    0.228046] io scheduler mq-deadline registered
[    0.228058] io scheduler kyber registered
[    0.228281] io scheduler bfq registered
[    0.244991] Serial: 8250/16550 driver, 6 ports, IRQ sharing enabled
[    0.281571] brd: module loaded
[    0.289150] loop: module loaded
[    0.290024] mtdoops: mtd device (mtddev=name/number) must be supplied
[    0.292404] i2c_dev: i2c /dev entries driver
[    0.293292] cpuidle: enable-method property 'ti,am3352' found operations
[    0.293709] sdhci: Secure Digital Host Controller Interface driver
[    0.293718] sdhci: Copyright(c) Pierre Ossman
[    0.293879] sdhci-pltfm: SDHCI platform and OF driver helper
[    0.303566] ledtrig-cpu: registered to indicate activity on CPUs
[    0.304355] Initializing XFRM netlink socket
[    0.304899] NET: Registered PF_INET6 protocol family
[    0.306650] Segment Routing with IPv6
[    0.306719] In-situ OAM (IOAM) with IPv6
[    0.306822] sit: IPv6, IPv4 and MPLS over IPv4 tunneling driver
[    0.307662] NET: Registered PF_PACKET protocol family
[    0.307687] NET: Registered PF_KEY protocol family
[    0.307796] Key type dns_resolver registered
[    0.307910] ThumbEE CPU extension supported.
[    0.307952] Registering SWP/SWPB emulation handler
[    0.308455] omap_voltage_late_init: Voltage driver support not added
[    0.308914] SmartReflex Class3 initialized
[    0.309854] Loading compiled-in X.509 certificates
[    0.380728] /ocp/interconnect@44c00000/segment@200000/target-module@b000/i2c@0/tda19988@70: Fixed dependency cycle(s) with /ocp/interconnect@48000000/segment@300000/target-module@e000/lcdc@0
[    0.386688] /ocp/interconnect@44c00000/segment@200000/target-module@b000/i2c@0/tda19988@70: Fixed dependency cycle(s) with /ocp/interconnect@48000000/segment@300000/target-module@e000/lcdc@0
[    0.394399] /ocp/interconnect@44c00000/segment@200000/target-module@b000/i2c@0/tda19988@70: Fixed dependency cycle(s) with /ocp/interconnect@48000000/segment@300000/target-module@e000/lcdc@0
[    0.395214] /ocp/interconnect@44c00000/segment@200000/target-module@b000/i2c@0/tda19988@70: Fixed dependency cycle(s) with /ocp/interconnect@48000000/segment@300000/target-module@e000/lcdc@0
[    0.398227] /ocp/interconnect@44c00000/segment@200000/target-module@10000/scm@0/pinmux@800: Fixed dependency cycle(s) with /ocp/interconnect@44c00000/segment@200000/target-module@10000/scm@0/pinmux@800/pinmux_clkout2_pin
[    0.398941] pinctrl-single 44e10800.pinmux: 142 pins, size 568
[    0.403653] ti-sysc: probe of 44e31000.target-module failed with error -16
[    0.462030] /ocp/interconnect@48000000/segment@300000/target-module@e000/lcdc@0: Fixed dependency cycle(s) with /ocp/interconnect@44c00000/segment@200000/target-module@b000/i2c@0/tda19988@70
[    0.469402] ti-sysc: probe of 48040000.target-module failed with error -16
[    0.479939] gpio gpiochip0: (gpio-0-31): not an immutable chip, please consider fixing it!
[    0.494217] OMAP GPIO hardware version 0.1
[    0.513279] omap_i2c 4819c000.i2c: bus 2 rev0.11 at 100 kHz
[    0.518525] gpio gpiochip1: (gpio-32-63): not an immutable chip, please consider fixing it!
[    0.534178] gpio gpiochip2: (gpio-64-95): not an immutable chip, please consider fixing it!
[    0.540743] /ocp/interconnect@48000000/segment@300000/target-module@e000/lcdc@0: Fixed dependency cycle(s) with /ocp/interconnect@44c00000/segment@200000/target-module@b000/i2c@0/tda19988@70
[    0.543357] /ocp/interconnect@48000000/segment@300000/target-module@e000/lcdc@0: Fixed dependency cycle(s) with /ocp/interconnect@44c00000/segment@200000/target-module@b000/i2c@0/tda19988@70
[    0.544029] /ocp/interconnect@44c00000/segment@200000/target-module@b000/i2c@0/tda19988@70: Fixed dependency cycle(s) with /ocp/interconnect@48000000/segment@300000/target-module@e000/lcdc@0
[    0.544185] /ocp/interconnect@48000000/segment@300000/target-module@e000/lcdc@0: Fixed dependency cycle(s) with /ocp/interconnect@44c00000/segment@200000/target-module@b000/i2c@0/tda19988@70
[    0.553976] sdhci-omap 481d8000.mmc: supply pbias not found, using dummy regulator
[    0.554412] sdhci-omap 481d8000.mmc: supply vqmmc not found, using dummy regulator
[    0.610759] davinci_mdio 4a101000.mdio: davinci mdio revision 1.6, bus freq 1000000
[    0.664247] davinci_mdio 4a101000.mdio: phy[0]: device 4a101000.mdio:00, driver SMSC LAN8710/LAN8720
[    0.664739] cpsw-switch 4a100000.switch: initialized cpsw ale version 1.4
[    0.664760] cpsw-switch 4a100000.switch: ALE Table size 1024
[    0.664900] cpsw-switch 4a100000.switch: cpts: overflow check period 500 (jiffies)
[    0.664917] cpsw-switch 4a100000.switch: CPTS: ref_clk_freq:250000000 calc_mult:2147483648 calc_shift:29 error:0 nsec/sec
[    0.665006] cpsw-switch 4a100000.switch: Detected MACID = 6c:ec:eb:68:de:78
[    0.666615] cpsw-switch 4a100000.switch: initialized (regs 0x4a100000, pool size 256) hw_ver:0019010C 1.12 (0)
[    0.676434] debugfs: Directory '49000000.dma' with parent 'dmaengine' already present!
[    0.676474] edma 49000000.dma: TI EDMA DMA engine driver
[    0.728240] hw perfevents: enabled with armv7_cortex_a8 PMU driver, 5 counters available
[    0.730413] gpio gpiochip3: (gpio-96-127): not an immutable chip, please consider fixing it!
[    0.735621] l3-aon-clkctrl:0000:0: failed to disable
[    0.737930] 44e09000.serial: ttyS0 at MMIO 0x44e09000 (irq = 34, base_baud = 3000000) is a 8250
[    2.167696] printk: console [ttyS0] enabled
[    2.199583] tps65217-pmic: Failed to locate of_node [id: -1]
[    2.215450] tps65217-bl: Failed to locate of_node [id: -1]
[    2.224056] tps65217 0-0024: TPS65217 ID 0xe version 1.2
[    2.230097] /ocp/interconnect@48000000/segment@300000/target-module@e000/lcdc@0: Fixed dependency cycle(s) with /ocp/interconnect@44c00000/segment@200000/target-module@b000/i2c@0/tda19988@70
[    2.247391] /ocp/interconnect@44c00000/segment@200000/target-module@b000/i2c@0/tda19988@70: Fixed dependency cycle(s) with /ocp/interconnect@48000000/segment@300000/target-module@e000/lcdc@0
[    2.264763] omap_i2c 44e0b000.i2c: bus 0 rev0.11 at 400 kHz
[    2.272360] omap_gpio 44e07000.gpio: Could not set line 6 debounce to 200000 microseconds (-22)
[    2.281205] sdhci-omap 48060000.mmc: Got CD GPIO
[    2.286178] sdhci-omap 48060000.mmc: supply pbias not found, using dummy regulator
[    2.295704] sdhci-omap 48060000.mmc: supply vqmmc not found, using dummy regulator
[    2.304128] sdhci-omap 481d8000.mmc: supply pbias not found, using dummy regulator
[    2.312289] sdhci-omap 481d8000.mmc: supply vqmmc not found, using dummy regulator
[    2.349126] mmc1: SDHCI controller on 481d8000.mmc [481d8000.mmc] using External DMA
[    2.357440] mmc0: SDHCI controller on 48060000.mmc [48060000.mmc] using External DMA
[    2.366162] cpsw-switch 4a100000.switch: starting ndev. mode: dual_mac
 [    2.407715] mmc0: new high speed SDHC card at address 5048 
[    2.414523] mmcblk0: mmc0:5048 SD16G 14.4 GiB 
[    2.422 441]  mmcblk0: p1 p2
[    2.425678] mmcblk0: p2 size 31221760  extends beyond EOD, truncated
[    2.440616] mmc1: new high  speed MM
[    5.609468] cpsw-switch 4a100000.switch eth0: Link is Up - 100Mbps/Full - flow control off
[    5.617850] IPv6: ADDRCONF(NETDEV_CHANGE): eth0: link becomes ready
[    5.658780] IP-Config: Complete:
[    5.662049]      device=eth0, hwaddr=6c:ec:eb:68:de:78, ipaddr=192.168.255.1, mask=255.255.255.0, gw=255.255.255.255
[    5.672684]      host=bbb1, domain=, nis-domain=(none)
[    5.677847]      bootserver=192.168.255.126, rootserver=192.168.255.126, rootpath=
[    5.678262] clk: Disabling unused clocks
[    5.690114] KTAP version 1
[    5.692839] 1..0
[    5.715986] VFS: Mounted root (nfs filesystem) on device 0:16.
[    5.722958] devtmpfs: mounted
[    5.727552] Freeing unused kernel image (initmem) memory: 1024K
[    5.734273] Run /sbin/init as init process
[    6.395311] systemd[1]: System time before build time, advancing clock.
[    7.878724] random: crng init done
[    7.949733] systemd[1]: systemd 232 running in system mode. (+PAM +AUDIT +SELINUX +IMA +APPARMOR +SMACK +SYSVINIT +UTMP +LIBCRYPTSETUP +GCRYPT +GNUTLS +ACL +XZ +LZ4 +SECCOMP +BLKID +ELFUTILS +KMOD +IDN)
[    7.969059] systemd[1]: Detected architecture arm.

Welcome to [1mDebian GNU/Linux 9 (stretch)[0m!

[    8.011563] systemd[1]: Set hostname to <arm>.
[    9.063688] systemd[1]: Started Dispatch Password Requests to Console Directory Watch.
[[0;32m  OK  [0m] Started Dispatch Password Requests to Console Directory Watch.
[    9.099275] systemd[1]: Reached target Remote File Systems.
[[0;32m  OK  [0m] Reached target Remote File Systems.
[    9.139314] systemd[1]: Listening on udev Kernel Socket.
[[0;32m  OK  [0m] Listening on udev Kernel Socket.
[    9.180242] systemd[1]: Created slice User and Session Slice.
[[0;32m  OK  [0m] Created slice User and Session Slice.
[    9.219759] systemd[1]: Listening on Journal Audit Socket.
[[0;32m  OK  [0m] Listening on Journal Audit Socket.
[    9.260713] systemd[1]: Listening on Journal Socket.
[[0;32m  OK  [0m] Listening on Journal Socket.
[    9.299138] systemd[1]: Reached target Swap.
[[0;32m  OK  [0m] Reached target Swap.
[[0;32m  OK  [0m] Listening on Syslog Socket.
[[0;32m  OK  [0m] Created slice System Slice.
         Starting Create list of required stâ€¦ce nodes for the current kernel...
         Mounting Debug File System...
[[0;32m  OK  [0m] Created slice system-getty.slice.
         Starting Load Kernel Modules...
         Starting Remount Root and Kernel File Systems...
         Mounting POSIX Message Queue File System...
[[0;32m  OK  [0m] Reached target Slices.
[[0;32m  OK  [0m] Listening on udev Control Socket.
[[0;32m  OK  [0m] Listening on /dev/initctl Compatibility Named Pipe.
[[0;32m  OK  [0m] Listening on Journal Socket (/dev/log).
         Starting Journal Service...
[[0;32m  OK  [0m] Created slice system-serial\x2dgetty.slice.
[[0;32m  OK  [0m] Set up automount Arbitrary Executabâ€¦rmats File System Automount Point.
[[0;32m  OK  [0m] Started Forward Password Requests to Wall Directory Watch.
[[0;32m  OK  [0m] Reached target Paths.
[[0;32m  OK  [0m] Reached target Encrypted Volumes.
[[0;32m  OK  [0m] Mounted POSIX Message Queue File System.
[[0;32m  OK  [0m] Mounted Debug File System.
[[0;32m  OK  [0m] Started Create list of required staâ€¦vice nodes for the current kernel.
[[0;32m  OK  [0m] Started Load Kernel Modules.
[[0;32m  OK  [0m] Started Remount Root and Kernel File Systems.
         Starting Load/Save Random Seed...
         Starting udev Coldplug all Devices...
         Starting Apply Kernel Variables...
         Mounting Configuration File System...
         Starting Create Static Device Nodes in /dev...
[[0;32m  OK  [0m] Started Load/Save Random Seed.
[[0;32m  OK  [0m] Mounted Configuration File System.
[[0;32m  OK  [0m] Started Apply Kernel Variables.
[[0;32m  OK  [0m] Started Create Static Device Nodes in /dev.
         Starting udev Kernel Device Manager...
[[0;32m  OK  [0m] Reached target Local File Systems (Pre).
[[0;32m  OK  [0m] Reached target Local File Systems.
         Starting Raise network interfaces...
[[0;32m  OK  [0m] Started Journal Service.
         Starting Flush Journal to Persistent Storage...
[   11.535297] systemd-journald[97]: Received request to flush runtime journal from PID 1
[[0;32m  OK  [0m] Started Flush Journal to Persistent Storage.
         Starting Create Volatile Files and Directories...
[[0;32m  OK  [0m] Started udev Kernel Device Manager.
[[0;32m  OK  [0m] Started Create Volatile Files and Directories.
         Starting Network Time Synchronization...
         Starting Update UTMP about System Boot/Shutdown...
[[0;32m  OK  [0m] Started Update UTMP about System Boot/Shutdown.
[[0;32m  OK  [0m] Started Network Time Synchronization.
[[0;32m  OK  [0m] Reached target System Time Synchronized.
[[0;32m  OK  [0m] Started udev Coldplug all Devices.
[[0;32m  OK  [0m] Reached target System Initialization.
[[0;32m  OK  [0m] Listening on D-Bus System Message Bus Socket.
[[0;32m  OK  [0m] Listening on Avahi mDNS/DNS-SD Stack Activation Socket.
[[0;32m  OK  [0m] Reached target Sockets.
[[0;32m  OK  [0m] Reached target Basic System.
[   14.842059] at24 2-0054: supply vcc not found, using dummy regulator
[[0;32m  OK  [0m] Started D-Bus System Message Bus.
[   14.898255] remoteproc remoteproc0: wkup_m3 is available
[   14.967671] at24 2-0055: supply vcc not found, using dummy regulator
[   15.123063] at24 2-0056: supply vcc not found, using dummy regulator
[   15.190353] at24 2-0057: supply vcc not found, using dummy regulator
[   15.341971] at24 0-0050: 32768 byte 24c256 EEPROM, writable, 1 bytes/write
[   15.557890] tps6521x_pwrbutton tps65217-pwrbutton: DMA mask not set
[   15.646003] input: tps65217_pwrbutton as /devices/platform/ocp/44c00000.interconnect/44c00000.interconnect:segment@200000/44e0b000.target-module/44e0b000.i2c/i2c-0/0-0024/tps65217-pwrbutton/input/input0
[   15.671147] wkup_m3_ipc 44e11324.wkup_m3_ipc: IPC Request for A8->M3 Channel failed! -517
[   15.694829] wkup_m3_ipc 44e11324.wkup_m3_ipc: IPC Request for A8->M3 Channel failed! -517
[   15.769711] omap_rtc 44e3e000.rtc: registered as rtc0
[   15.774904] omap_rtc 44e3e000.rtc: setting system clock to 2000-01-01T00:00:00 UTC (946684800)
[   15.800063] wkup_m3_ipc 44e11324.wkup_m3_ipc: IPC Request for A8->M3 Channel failed! -517
[   15.956798] omap_wdt: OMAP Watchdog Timer Rev 0x01: initial timeout 60 sec
[   15.965404] wkup_m3_ipc 44e11324.wkup_m3_ipc: IPC Request for A8->M3 Channel failed! -517
[   16.158958] am335x-phy-driver 47401300.usb-phy: supply vcc not found, using dummy regulator
[   16.167716] am335x-phy-driver 47401300.usb-phy: dummy supplies not allowed for exclusive requests
[   16.197070] wkup_m3_ipc 44e11324.wkup_m3_ipc: IPC Request for A8->M3 Channel failed! -517
[   16.377877] usbcore: registered new interface driver usbfs
[   16.383731] usbcore: registered new interface driver hub
[   16.389233] usbcore: registered new device driver usb
[   16.408040] am335x-phy-driver 47401b00.usb-phy: supply vcc not found, using dummy regulator
[   16.417010] am335x-phy-driver 47401b00.usb-phy: dummy supplies not allowed for exclusive requests
[   16.430054] wkup_m3_ipc 44e11324.wkup_m3_ipc: IPC Request for A8->M3 Channel failed! -517
[   16.701913] wkup_m3_ipc 44e11324.wkup_m3_ipc: IPC Request for A8->M3 Channel failed! -517
[   17.103380] wkup_m3_ipc 44e11324.wkup_m3_ipc: IPC Request for A8->M3 Channel failed! -517
[   17.236336] musb-hdrc musb-hdrc.1: MUSB HDRC host driver
[   17.242075] musb-hdrc musb-hdrc.1: new USB bus registered, assigned bus number 1
[   17.254287] wkup_m3_ipc 44e11324.wkup_m3_ipc: IPC Request for A8->M3 Channel failed! -517
[   17.293707] tda998x 0-0070: found TDA19988
[   17.392996] wkup_m3_ipc 44e11324.wkup_m3_ipc: IPC Request for A8->M3 Channel failed! -517
[   17.523249] omap-mailbox 480c8000.mailbox: omap mailbox rev 0x400
[   17.549008] usb usb1: New USB device found, idVendor=1d6b, idProduct=0002, bcdDevice= 6.01
[   17.557359] usb usb1: New USB device strings: Mfr=3, Product=2, SerialNumber=1
[   17.564816] usb usb1: Product: MUSB HDRC host driver
[   17.569852] usb usb1: Manufacturer: Linux 6.1.126 musb-hcd
[   17.575365] usb usb1: SerialNumber: musb-hdrc.1
[   17.616192] remoteproc remoteproc0: powering up wkup_m3
[   17.722489] remoteproc remoteproc0: Direct firmware load for am335x-pm-firmware.elf failed with error -2
[   17.732648] remoteproc remoteproc0: request_firmware failed: -2
[   17.738640] wkup_m3_ipc 44e11324.wkup_m3_ipc: rproc_boot failed
[   18.085292] hub 1-0:1.0: USB hub found
[   18.149662] hub 1-0:1.0: 1 port detected
         Starting Connection service...
         Starting Login Service...
         Starting DUN service...
         Starting System Logging Service...
         Starting Telephony service...
         Starting LSB: Start busybox udhcpd at boot time...
[[0;32m  OK  [0m] Started Daily Cleanup of Temporary Directories.
[   19.281855] omap_rng 48310000.rng: Random Number Generator ver. 20
[[0;32m  OK  [0m] Started Regular background program processing daemon.
[   19.674035] tilcdc 4830e000.lcdc: bound 0-0070 (ops tda998x_audio_codec_init [tda998x])
         Starting Generic Board Startup...
         Starting Avahi mDNS/DNS-SD Stack...[   19.876199] [drm] Initialized tilcdc 1.0.0 20121205 for 4830e000.lcdc on minor 0

         Starting Cape Manager Service...
[   20.139908] tilcdc 4830e000.lcdc: [drm] Cannot find any crtc or sizes
[   20.149199] tilcdc 4830e000.lcdc: [drm] Cannot find any crtc or sizes
[[0;32m  OK  [0m] Started Daily apt download activities.
[[0;32m  OK  [0m] Started Daily apt upgrade and clean activities.
[[0;32m  OK  [0m] Reached target Timers.
         Starting LSB: Load kernel modules needed to enable cpufreq scaling...
[   21.229582] PM: Cannot get wkup_m3_ipc handle
[   21.335122] omap-sham 53100000.sham: hw accel on OMAP rev 4.3
[   21.473601] omap-sham 53100000.sham: will run requests pump with realtime priority
[   21.724163] omap-aes 53500000.aes: OMAP AES hw accel rev: 3.2
[   21.736794] PM: Cannot get wkup_m3_ipc handle
[[0;32m  OK  [0m] Found device /dev/ttyS0.
[[0;32m  OK  [0m] Started System Logging Service.
[   21.883516] omap-aes 53500000.aes: will run requests pump with realtime priority
[   22.073556] PM: Cannot get wkup_m3_ipc handle
[   22.991809] Bluetooth: Core ver 2.22
[   22.995622] NET: Registered PF_BLUETOOTH protocol family
[   23.001175] Bluetooth: HCI device and connection manager initialized
[   23.007593] Bluetooth: HCI socket layer initialized
[   23.012544] Bluetooth: L2CAP socket layer initialized
[   23.017658] Bluetooth: SCO socket layer initialized
[[0;32m  OK  [0m] Started Cape Manager Service.
[   25.309803] PM: Cannot get wkup_m3_ipc handle
[   25.438297] PM: Cannot get wkup_m3_ipc handle
[[0;32m  OK  [0m] Started Raise network interfaces.
[[0;32m  OK  [0m] Started LSB: Start busybox udhcpd at boot time.
[   27.836842] using random self ethernet address
[   27.841526] using random host ethernet address
[[0;32m  OK  [0m] Started LSB: Load kernel modules needed to enable cpufreq scaling.
[   28.090831] using random self ethernet address
[   28.095346] using random host ethernet address
[[0;32m  OK  [0m] Started DUN service.
[   28.515937] usb0: HOST MAC 1c:ba:8c:a2:ed:6c
[   28.520466] usb0: MAC 1c:ba:8c:a2:ed:70
[   28.525231] usb1: HOST MAC 1c:ba:8c:a2:ed:6c
[   28.529642] usb1: MAC 1c:ba:8c:a2:ed:6d
[   28.549656] PM: Cannot get wkup_m3_ipc handle
[[0;32m  OK  [0m] Started Telephony service.
[[0;32m  OK  [0m] Started Connection service.
[[0;32m  OK  [0m] Started Avahi mDNS/DNS-SD Stack.
[[0;32m  OK  [0m] Started Login Service.
         Starting Hostname Service...
         Starting WPA supplicant...
[[0;32m  OK  [0m] Reached target Sound Card.
         Starting LSB: set CPUFreq kernel parameters...
[[0;32m  OK  [0m] Started WPA supplicant.
[[0;32m  OK  [0m] Reached target Network.
         Starting Permit User Sessions...
         Starting The Apache HTTP Server...
         Starting OpenBSD Secure Shell server...
[[0;32m  OK  [0m] Reached target Network is Online.
         Starting LSB: Advanced IEEE 802.11 management daemon...
[[0;32m  OK  [0m] Started Hostname Service.
[[0;32m  OK  [0m] Started Permit User Sessions.
[[0;32m  OK  [0m] Started LSB: Advanced IEEE 802.11 management daemon.
[[0;32m  OK  [0m] Started Serial Getty on ttyS0.
[[0;32m  OK  [0m] Started Getty on tty1.
[[0;32m  OK  [0m] Reached target Login Prompts.
[[0;32m  OK  [0m] Started LSB: set CPUFreq kernel parameters.
[[0;32m  OK  [0m] Started OpenBSD Secure Shell server.
         Stopping LSB: Start busybox udhcpd at boot time...
[[0;32m  OK  [0m] Stopped LSB: Start busybox udhcpd at boot time.
[[0;32m  OK  [0m] Started The Apache HTTP Server.
         Starting dnsmasq - A lightweight DHCP and caching DNS server...
[[0;32m  OK  [0m] Started dnsmasq - A lightweight DHCP and caching DNS server.
[[0;32m  OK  [0m] Reached target Host and Network Name Lookups.
[[0;32m  OK  [0m] Started Serial Getty on ttyGS0.
[[0;32m  OK  [0m] Started Generic Board Startup.
[[0;32m  OK  [0m] Reached target Multi-User System.
[[0;32m  OK  [0m] Reached target Graphical Interface.
         Starting Update UTMP about System Runlevel Changes...
[[0;32m  OK  [0m] Started Update UTMP about System Runlevel Changes.

Debian GNU/Linux 9 arm ttyS0

default username:password is [debian:temppwd]

arm login: root
Password: 
Last login: Sat Jan  1 00:00:32 UTC 2000 on ttyS0
root
Linux arm 6.1.126 #1 SMP Thu Jan 23 10:53:02 EET 2025 armv7l

The programs included with the Debian GNU/Linux system are free software;
the exact distribution terms for each program are described in the
individual files in /usr/share/doc/*/copyright.

Debian GNU/Linux comes with ABSOLUTELY NO WARRANTY, to the extent
permitted by applicable law.
root@arm:~# root
-bash: root: command not found
root@arm:~# dmesg -n 1
root@arm:~# echo 'BUPQ''AQKBWC'
BUPQAQKBWC
root@arm:~# run() { echo -n "$MARKER"; sh -c "$@"; echo "$MARKER $?"; }
root@arm:~# echo 'PTMX''MKANSP'
PTMXMKANSP
root@arm:~# MARKER='VTLX''LXFNBK' run 'cat /proc/version'
VTLXLXFNBKLinux version 6.1.126 (user01@drvtest01) (arm-none-eabi-gcc (Arm GNU Toolchain 14.2.Rel1 (Build arm-14.52)) 14.2.1 20241119, GNU ld (Arm GNU Toolchain 14.2.Rel1 (Build arm-14.52)) 2.43.1.20241119) #1 SMP Thu Jan 23 10:53:02 EET 2025
VTLXLXFNBK 0
root@arm:~# echo 'PFAF''AOLXSK'
PFAFAOLXSK
root@arm:~# MARKER='ZQYW''EASGJW' run false
ZQYWEASGJWZQYWEASGJW 1
root@arm:~# Labgrid Console Logfile for main
Logfile started at 2025-01-23 10:55:19.880247
=== Log starts here ===

root@arm:~# run() { echo -n "$MARKER"; sh -c "$@"; echo "$MARKER $?"; }
root@arm:~# echo 'JUJJ''EXFHPU'
JUJJEXFHPU
root@arm:~# MARKER='YUSS''XNNQEQ' run 'ls /iio_generic_buffer; echo $?'
YUSSXNNQEQ/iio_generic_buffer
0
YUSSXNNQEQ 0
root@arm:~# Labgrid Console Logfile for main
Logfile started at 2025-01-23 10:55:23.350253
=== Log starts here ===

root@arm:~# run() { echo -n "$MARKER"; sh -c "$@"; echo "$MARKER $?"; }
root@arm:~# echo 'QZNS''QJNBEO'
QZNSQJNBEO
root@arm:~# MARKER='XQUP''VTQTOJ' run dmesg
XQUPVTQTOJ[    0.000000] Booting Linux on physical CPU 0x0
[    0.000000] Linux version 6.1.126 (user01@drvtest01) (arm-none-eabi-gcc (Arm GNU Toolchain 14.2.Rel1 (Build arm-14.52)) 14.2.1 20241119, GNU ld (Arm GNU Toolchain 14.2.Rel1 (Build arm-14.52)) 2.43.1.20241119) #1 SMP Thu Jan 23 10:53:02 EET 2025
[    0.000000] CPU: ARMv7 Processor [413fc082] revision 2 (ARMv7), cr=10c5387d
[    0.000000] CPU: PIPT / VIPT nonaliasing data cache, VIPT aliasing instruction cache
[    0.000000] OF: fdt: Machine model: TI AM335x BeagleBone Black
[    0.000000] Memory policy: Data cache writeback
[    0.000000] cma: Reserved 16 MiB at 0x9ec00000
[    0.000000] Zone ranges:
[    0.000000]   Normal   [mem 0x0000000080000000-0x000000009fdfffff]
[    0.000000]   HighMem  empty
[    0.000000] Movable zone start for each node
[    0.000000] Early memory node ranges
[    0.000000]   node   0: [mem 0x0000000080000000-0x000000009fdfffff]
[    0.000000] Initmem setup node 0 [mem 0x0000000080000000-0x000000009fdfffff]
[    0.000000] CPU: All CPU(s) started in SVC mode.
[    0.000000] AM335X ES2.1 (sgx neon)
[    0.000000] percpu: Embedded 16 pages/cpu s34132 r8192 d23212 u65536
[    0.000000] pcpu-alloc: s34132 r8192 d23212 u65536 alloc=16*4096
[    0.000000] pcpu-alloc: [0] 0 
[    0.000000] Built 1 zonelists, mobility grouping on.  Total pages: 129412
[    0.000000] Kernel command line: console=ttyO0,115200n8 root=/dev/nfs rw nfsroot=192.168.255.126:/home/user01/nfs,nfsvers=3 ip=192.168.255.1:192.168.255.126::255.255.255.0:bbb1:eth0 nfsrootdebug
[    0.000000] Unknown kernel command line parameters "nfsrootdebug", will be passed to user space.
[    0.000000] Dentry cache hash table entries: 65536 (order: 6, 262144 bytes, linear)
[    0.000000] Inode-cache hash table entries: 32768 (order: 5, 131072 bytes, linear)
[    0.000000] mem auto-init: stack:off, heap alloc:off, heap free:off
[    0.000000] Memory: 484648K/522240K available (10240K kernel code, 1143K rwdata, 2604K rodata, 1024K init, 284K bss, 21208K reserved, 16384K cma-reserved, 0K highmem)
[    0.000000] SLUB: HWalign=64, Order=0-3, MinObjects=0, CPUs=1, Nodes=1
[    0.000000] trace event string verifier disabled
[    0.000000] rcu: Hierarchical RCU implementation.
[    0.000000] rcu: 	RCU event tracing is enabled.
[    0.000000] rcu: 	RCU restricting CPUs from NR_CPUS=2 to nr_cpu_ids=1.
[    0.000000] rcu: RCU calculated value of scheduler-enlistment delay is 10 jiffies.
[    0.000000] rcu: Adjusting geometry for rcu_fanout_leaf=16, nr_cpu_ids=1
[    0.000000] NR_IRQS: 16, nr_irqs: 16, preallocated irqs: 16
[    0.000000] IRQ: Found an INTC at 0x(ptrval) (revision 5.0) with 128 interrupts
[    0.000000] rcu: srcu_init: Setting srcu_struct sizes based on contention.
[    0.000000] TI gptimer clocksource: always-on /ocp/interconnect@44c00000/segment@200000/target-module@31000
[    0.000002] sched_clock: 32 bits at 24MHz, resolution 41ns, wraps every 89478484971ns
[    0.000025] clocksource: dmtimer: mask: 0xffffffff max_cycles: 0xffffffff, max_idle_ns: 79635851949 ns
[    0.000439] TI gptimer clockevent: 24000000 Hz at /ocp/interconnect@48000000/segment@0/target-module@40000
[    0.001987] Console: colour dummy device 80x30
[    0.002037] WARNING: Your 'console=ttyO0' has been replaced by 'ttyS0'
[    0.002044] This ensures that you still see kernel messages. Please
[    0.002049] update your kernel commandline.
[    0.002090] Calibrating delay loop... 996.14 BogoMIPS (lpj=4980736)
[    0.090485] CPU: Testing write buffer coherency: ok
[    0.090582] CPU0: Spectre v2: using BPIALL workaround
[    0.090592] pid_max: default: 32768 minimum: 301
[    0.090722] LSM: Security Framework initializing
[    0.090892] Mount-cache hash table entries: 1024 (order: 0, 4096 bytes, linear)
[    0.090912] Mountpoint-cache hash table entries: 1024 (order: 0, 4096 bytes, linear)
[    0.092406] CPU0: thread -1, cpu 0, socket -1, mpidr 0
[    0.093669] Setting up static identity map for 0x80100000 - 0x80100078
[    0.093891] rcu: Hierarchical SRCU implementation.
[    0.093899] rcu: 	Max phase no-delay instances is 1000.
[    0.095202] smp: Bringing up secondary CPUs ...
[    0.095222] smp: Brought up 1 node, 1 CPU
[    0.095232] SMP: Total of 1 processors activated (996.14 BogoMIPS).
[    0.095244] CPU: All CPU(s) started in SVC mode.
[    0.096152] devtmpfs: initialized
[    0.111225] VFP support v0.3: implementor 41 architecture 3 part 30 variant c rev 3
[    0.111539] clocksource: jiffies: mask: 0xffffffff max_cycles: 0xffffffff, max_idle_ns: 19112604462750000 ns
[    0.111573] futex hash table entries: 256 (order: 2, 16384 bytes, linear)
[    0.112898] pinctrl core: initialized pinctrl subsystem
[    0.114802] NET: Registered PF_NETLINK/PF_ROUTE protocol family
[    0.116809] DMA: preallocated 256 KiB pool for atomic coherent allocations
[    0.117359] audit: initializing netlink subsys (disabled)
[    0.118563] thermal_sys: Registered thermal governor 'fair_share'
[    0.118580] thermal_sys: Registered thermal governor 'step_wise'
[    0.118587] thermal_sys: Registered thermal governor 'user_space'
[    0.118709] cpuidle: using governor menu
[    0.135025] /ocp/interconnect@44c00000/segment@200000/target-module@b000/i2c@0/tda19988@70: Fixed dependency cycle(s) with /ocp/interconnect@48000000/segment@300000/target-module@e000/lcdc@0
[    0.136059] /ocp/interconnect@48000000/segment@300000/target-module@e000/lcdc@0: Fixed dependency cycle(s) with /ocp/interconnect@44c00000/segment@200000/target-module@b000/i2c@0/tda19988@70
[    0.138036] No ATAGs?
[    0.138053] hw-breakpoint: debug architecture 0x4 unsupported.
[    0.146665] audit: type=2000 audit(0.110:1): state=initialized audit_enabled=0 res=1
[    0.146959] kprobes: kprobe jump-optimization is enabled. All kprobes are optimized if possible.
[    0.163400] reg-fixed-voltage fixedregulator0: GPIO lookup for consumer (null)
[    0.163429] reg-fixed-voltage fixedregulator0: using device tree for GPIO lookup
[    0.163449] of_get_named_gpiod_flags: can't parse 'gpios' property of node '/fixedregulator0[0]'
[    0.163484] of_get_named_gpiod_flags: can't parse 'gpio' property of node '/fixedregulator0[0]'
[    0.163506] reg-fixed-voltage fixedregulator0: using lookup tables for GPIO lookup
[    0.163516] reg-fixed-voltage fixedregulator0: No GPIO consumer (null) found
[    0.164673] iommu: Default domain type: Translated 
[    0.164686] iommu: DMA domain TLB invalidation policy: strict mode 
[    0.166124] SCSI subsystem initialized
[    0.166632] libata version 3.00 loaded.
[    0.166952] pps_core: LinuxPPS API ver. 1 registered
[    0.166962] pps_core: Software ver. 5.3.6 - Copyright 2005-2007 Rodolfo Giometti <giometti@linux.it>
[    0.166984] PTP clock support registered
[    0.168424] vgaarb: loaded
[    0.168721] clocksource: Switched to clocksource dmtimer
[    0.169314] VFS: Disk quotas dquot_6.6.0
[    0.169391] VFS: Dquot-cache hash table entries: 1024 (order 0, 4096 bytes)
[    0.190138] NET: Registered PF_INET protocol family
[    0.190465] IP idents hash table entries: 8192 (order: 4, 65536 bytes, linear)
[    0.191804] tcp_listen_portaddr_hash hash table entries: 512 (order: 0, 4096 bytes, linear)
[    0.191848] Table-perturb hash table entries: 65536 (order: 6, 262144 bytes, linear)
[    0.191866] TCP established hash table entries: 4096 (order: 2, 16384 bytes, linear)
[    0.191912] TCP bind hash table entries: 4096 (order: 4, 65536 bytes, linear)
[    0.192011] TCP: Hash tables configured (established 4096 bind 4096)
[    0.192128] UDP hash table entries: 256 (order: 1, 8192 bytes, linear)
[    0.192153] UDP-Lite hash table entries: 256 (order: 1, 8192 bytes, linear)
[    0.192342] NET: Registered PF_UNIX/PF_LOCAL protocol family
[    0.199375] RPC: Registered named UNIX socket transport module.
[    0.199394] RPC: Registered udp transport module.
[    0.199400] RPC: Registered tcp transport module.
[    0.199405] RPC: Registered tcp NFSv4.1 backchannel transport module.
[    0.199423] PCI: CLS 0 bytes, default 64
[    0.200867] Initialise system trusted keyrings
[    0.201871] workingset: timestamp_bits=14 max_order=17 bucket_order=3
[    0.227007] NFS: Registering the id_resolver key type
[    0.227096] Key type id_resolver registered
[    0.227104] Key type id_legacy registered
[    0.227156] jffs2: version 2.2. (NAND) (SUMMARY)  Â© 2001-2006 Red Hat, Inc.
[    0.227885] Key type asymmetric registered
[    0.227901] Asymmetric key parser 'x509' registered
[    0.228046] io scheduler mq-deadline registered
[    0.228058] io scheduler kyber registered
[    0.228281] io scheduler bfq registered
[    0.244991] Serial: 8250/16550 driver, 6 ports, IRQ sharing enabled
[    0.281571] brd: module loaded
[    0.289150] loop: module loaded
[    0.290024] mtdoops: mtd device (mtddev=name/number) must be supplied
[    0.291325] mdio_bus fixed-0: GPIO lookup for consumer reset
[    0.291345] mdio_bus fixed-0: using lookup tables for GPIO lookup
[    0.291356] mdio_bus fixed-0: No GPIO consumer reset found
[    0.292404] i2c_dev: i2c /dev entries driver
[    0.293292] cpuidle: enable-method property 'ti,am3352' found operations
[    0.293709] sdhci: Secure Digital Host Controller Interface driver
[    0.293718] sdhci: Copyright(c) Pierre Ossman
[    0.293879] sdhci-pltfm: SDHCI platform and OF driver helper
[    0.303566] ledtrig-cpu: registered to indicate activity on CPUs
[    0.304355] Initializing XFRM netlink socket
[    0.304899] NET: Registered PF_INET6 protocol family
[    0.306650] Segment Routing with IPv6
[    0.306719] In-situ OAM (IOAM) with IPv6
[    0.306822] sit: IPv6, IPv4 and MPLS over IPv4 tunneling driver
[    0.307662] NET: Registered PF_PACKET protocol family
[    0.307687] NET: Registered PF_KEY protocol family
[    0.307796] Key type dns_resolver registered
[    0.307910] ThumbEE CPU extension supported.
[    0.307952] Registering SWP/SWPB emulation handler
[    0.308455] omap_voltage_late_init: Voltage driver support not added
[    0.308914] SmartReflex Class3 initialized
[    0.309854] Loading compiled-in X.509 certificates
[    0.380728] /ocp/interconnect@44c00000/segment@200000/target-module@b000/i2c@0/tda19988@70: Fixed dependency cycle(s) with /ocp/interconnect@48000000/segment@300000/target-module@e000/lcdc@0
[    0.386688] /ocp/interconnect@44c00000/segment@200000/target-module@b000/i2c@0/tda19988@70: Fixed dependency cycle(s) with /ocp/interconnect@48000000/segment@300000/target-module@e000/lcdc@0
[    0.394399] /ocp/interconnect@44c00000/segment@200000/target-module@b000/i2c@0/tda19988@70: Fixed dependency cycle(s) with /ocp/interconnect@48000000/segment@300000/target-module@e000/lcdc@0
[    0.395214] /ocp/interconnect@44c00000/segment@200000/target-module@b000/i2c@0/tda19988@70: Fixed dependency cycle(s) with /ocp/interconnect@48000000/segment@300000/target-module@e000/lcdc@0
[    0.398227] /ocp/interconnect@44c00000/segment@200000/target-module@10000/scm@0/pinmux@800: Fixed dependency cycle(s) with /ocp/interconnect@44c00000/segment@200000/target-module@10000/scm@0/pinmux@800/pinmux_clkout2_pin
[    0.398941] pinctrl-single 44e10800.pinmux: 142 pins, size 568
[    0.403653] ti-sysc: probe of 44e31000.target-module failed with error -16
[    0.462030] /ocp/interconnect@48000000/segment@300000/target-module@e000/lcdc@0: Fixed dependency cycle(s) with /ocp/interconnect@44c00000/segment@200000/target-module@b000/i2c@0/tda19988@70
[    0.469402] ti-sysc: probe of 48040000.target-module failed with error -16
[    0.479805] gpio gpiochip0: (gpio-0-31): created GPIO range 0->7 ==> 44e10800.pinmux PIN 0->7
[    0.479843] gpio gpiochip0: (gpio-0-31): created GPIO range 8->11 ==> 44e10800.pinmux PIN 90->93
[    0.479859] gpio gpiochip0: (gpio-0-31): created GPIO range 12->27 ==> 44e10800.pinmux PIN 12->27
[    0.479874] gpio gpiochip0: (gpio-0-31): created GPIO range 28->31 ==> 44e10800.pinmux PIN 30->33
[    0.479939] gpio gpiochip0: (gpio-0-31): not an immutable chip, please consider fixing it!
[    0.493992] gpio gpiochip0: (gpio-0-31): added GPIO chardev (254:0)
[    0.494139] gpio gpiochip0: registered GPIOs 0 to 31 on gpio-0-31
[    0.494217] OMAP GPIO hardware version 0.1
[    0.512375] i2c i2c-2: GPIO lookup for consumer scl
[    0.512405] i2c i2c-2: using device tree for GPIO lookup
[    0.512429] of_get_named_gpiod_flags: can't parse 'scl-gpios' property of node '/ocp/interconnect@48000000/segment@100000/target-module@9c000/i2c@0[0]'
[    0.512474] of_get_named_gpiod_flags: can't parse 'scl-gpio' property of node '/ocp/interconnect@48000000/segment@100000/target-module@9c000/i2c@0[0]'
[    0.512514] i2c i2c-2: using lookup tables for GPIO lookup
[    0.512524] i2c i2c-2: No GPIO consumer scl found
[    0.512544] i2c i2c-2: GPIO lookup for consumer sda
[    0.512552] i2c i2c-2: using device tree for GPIO lookup
[    0.512565] of_get_named_gpiod_flags: can't parse 'sda-gpios' property of node '/ocp/interconnect@48000000/segment@100000/target-module@9c000/i2c@0[0]'
[    0.512602] of_get_named_gpiod_flags: can't parse 'sda-gpio' property of node '/ocp/interconnect@48000000/segment@100000/target-module@9c000/i2c@0[0]'
[    0.512635] i2c i2c-2: using lookup tables for GPIO lookup
[    0.512642] i2c i2c-2: No GPIO consumer sda found
[    0.513279] omap_i2c 4819c000.i2c: bus 2 rev0.11 at 100 kHz
[    0.518401] gpio gpiochip1: (gpio-32-63): created GPIO range 0->17 ==> 44e10800.pinmux PIN 34->51
[    0.518435] gpio gpiochip1: (gpio-32-63): created GPIO range 18->21 ==> 44e10800.pinmux PIN 77->80
[    0.518460] gpio gpiochip1: (gpio-32-63): created GPIO range 22->31 ==> 44e10800.pinmux PIN 56->65
[    0.518525] gpio gpiochip1: (gpio-32-63): not an immutable chip, please consider fixing it!
[    0.531817] gpio gpiochip1: (gpio-32-63): added GPIO chardev (254:1)
[    0.531966] gpio gpiochip1: registered GPIOs 32 to 63 on gpio-32-63
[    0.534040] gpio gpiochip2: (gpio-64-95): created GPIO range 0->4 ==> 44e10800.pinmux PIN 66->70
[    0.534070] gpio gpiochip2: (gpio-64-95): created GPIO range 5->6 ==> 44e10800.pinmux PIN 98->99
[    0.534085] gpio gpiochip2: (gpio-64-95): created GPIO range 7->8 ==> 44e10800.pinmux PIN 75->76
[    0.534100] gpio gpiochip2: (gpio-64-95): created GPIO range 13->13 ==> 44e10800.pinmux PIN 141->141
[    0.534116] gpio gpiochip2: (gpio-64-95): created GPIO range 14->21 ==> 44e10800.pinmux PIN 100->107
[    0.534178] gpio gpiochip2: (gpio-64-95): not an immutable chip, please consider fixing it!
[    0.534613] gpio gpiochip2: (gpio-64-95): added GPIO chardev (254:2)
[    0.534724] gpio gpiochip2: registered GPIOs 64 to 95 on gpio-64-95
[    0.540743] /ocp/interconnect@48000000/segment@300000/target-module@e000/lcdc@0: Fixed dependency cycle(s) with /ocp/interconnect@44c00000/segment@200000/target-module@b000/i2c@0/tda19988@70
[    0.543357] /ocp/interconnect@48000000/segment@300000/target-module@e000/lcdc@0: Fixed dependency cycle(s) with /ocp/interconnect@44c00000/segment@200000/target-module@b000/i2c@0/tda19988@70
[    0.544029] /ocp/interconnect@44c00000/segment@200000/target-module@b000/i2c@0/tda19988@70: Fixed dependency cycle(s) with /ocp/interconnect@48000000/segment@300000/target-module@e000/lcdc@0
[    0.544185] /ocp/interconnect@48000000/segment@300000/target-module@e000/lcdc@0: Fixed dependency cycle(s) with /ocp/interconnect@44c00000/segment@200000/target-module@b000/i2c@0/tda19988@70
[    0.552472] mdio_bus 4a101000.mdio: GPIO lookup for consumer reset
[    0.552500] mdio_bus 4a101000.mdio: using device tree for GPIO lookup
[    0.552522] of_get_named_gpiod_flags: can't parse 'reset-gpios' property of node '/ocp/interconnect@4a000000/segment@0/target-module@100000/switch@0/mdio@1000[0]'
[    0.552569] of_get_named_gpiod_flags: can't parse 'reset-gpio' property of node '/ocp/interconnect@4a000000/segment@0/target-module@100000/switch@0/mdio@1000[0]'
[    0.552614] mdio_bus 4a101000.mdio: using lookup tables for GPIO lookup
[    0.552624] mdio_bus 4a101000.mdio: No GPIO consumer reset found
[    0.553667] sdhci-omap 481d8000.mmc: GPIO lookup for consumer wp
[    0.553689] sdhci-omap 481d8000.mmc: using device tree for GPIO lookup
[    0.553709] of_get_named_gpiod_flags: can't parse 'wp-gpios' property of node '/ocp/interconnect@48000000/segment@100000/target-module@d8000/mmc@0[0]'
[    0.553756] of_get_named_gpiod_flags: can't parse 'wp-gpio' property of node '/ocp/interconnect@48000000/segment@100000/target-module@d8000/mmc@0[0]'
[    0.553792] sdhci-omap 481d8000.mmc: using lookup tables for GPIO lookup
[    0.553801] sdhci-omap 481d8000.mmc: No GPIO consumer wp found
[    0.553976] sdhci-omap 481d8000.mmc: supply pbias not found, using dummy regulator
[    0.554412] sdhci-omap 481d8000.mmc: supply vqmmc not found, using dummy regulator
[    0.610759] davinci_mdio 4a101000.mdio: davinci mdio revision 1.6, bus freq 1000000
[    0.633799] mdio_bus 4a101000.mdio:00: GPIO lookup for consumer reset
[    0.633821] mdio_bus 4a101000.mdio:00: using device tree for GPIO lookup
[    0.633844] of_get_named_gpiod_flags: can't parse 'reset-gpios' property of node '/ocp/interconnect@4a000000/segment@0/target-module@100000/switch@0/mdio@1000/ethernet-phy@0[0]'
[    0.633913] of_get_named_gpiod_flags: can't parse 'reset-gpio' property of node '/ocp/interconnect@4a000000/segment@0/target-module@100000/switch@0/mdio@1000/ethernet-phy@0[0]'
[    0.633963] mdio_bus 4a101000.mdio:00: using lookup tables for GPIO lookup
[    0.633973] mdio_bus 4a101000.mdio:00: No GPIO consumer reset found
[    0.664247] davinci_mdio 4a101000.mdio: phy[0]: device 4a101000.mdio:00, driver SMSC LAN8710/LAN8720
[    0.664739] cpsw-switch 4a100000.switch: initialized cpsw ale version 1.4
[    0.664760] cpsw-switch 4a100000.switch: ALE Table size 1024
[    0.664900] cpsw-switch 4a100000.switch: cpts: overflow check period 500 (jiffies)
[    0.664917] cpsw-switch 4a100000.switch: CPTS: ref_clk_freq:250000000 calc_mult:2147483648 calc_shift:29 error:0 nsec/sec
[    0.665006] cpsw-switch 4a100000.switch: Detected MACID = 6c:ec:eb:68:de:78
[    0.666615] cpsw-switch 4a100000.switch: initialized (regs 0x4a100000, pool size 256) hw_ver:0019010C 1.12 (0)
[    0.676434] debugfs: Directory '49000000.dma' with parent 'dmaengine' already present!
[    0.676474] edma 49000000.dma: TI EDMA DMA engine driver
[    0.728240] hw perfevents: enabled with armv7_cortex_a8 PMU driver, 5 counters available
[    0.729153] gpio-clk clk_mcasp0: GPIO lookup for consumer enable
[    0.729177] gpio-clk clk_mcasp0: using device tree for GPIO lookup
[    0.729215] of_get_named_gpiod_flags: parsed 'enable-gpios' property of node '/clk_mcasp0[0]' - status (0)
[    0.729333] gpio gpiochip0: Persistence not supported for GPIO 27
[    0.730147] gpio gpiochip3: (gpio-96-127): created GPIO range 0->7 ==> 44e10800.pinmux PIN 82->89
[    0.730178] gpio gpiochip3: (gpio-96-127): created GPIO range 8->11 ==> 44e10800.pinmux PIN 52->55
[    0.730194] gpio gpiochip3: (gpio-96-127): created GPIO range 12->15 ==> 44e10800.pinmux PIN 94->97
[    0.730210] gpio gpiochip3: (gpio-96-127): created GPIO range 16->17 ==> 44e10800.pinmux PIN 71->72
[    0.730226] gpio gpiochip3: (gpio-96-127): created GPIO range 18->18 ==> 44e10800.pinmux PIN 135->135
[    0.730242] gpio gpiochip3: (gpio-96-127): created GPIO range 19->20 ==> 44e10800.pinmux PIN 108->109
[    0.730259] gpio gpiochip3: (gpio-96-127): created GPIO range 21->21 ==> 44e10800.pinmux PIN 73->73
[    0.730275] gpio gpiochip3: (gpio-96-127): created GPIO range 22->23 ==> 44e10800.pinmux PIN 8->9
[    0.730292] gpio gpiochip3: (gpio-96-127): created GPIO range 26->27 ==> 44e10800.pinmux PIN 10->11
[    0.730309] gpio gpiochip3: (gpio-96-127): created GPIO range 28->28 ==> 44e10800.pinmux PIN 74->74
[    0.730327] gpio gpiochip3: (gpio-96-127): created GPIO range 29->29 ==> 44e10800.pinmux PIN 81->81
[    0.730346] gpio gpiochip3: (gpio-96-127): created GPIO range 30->31 ==> 44e10800.pinmux PIN 28->29
[    0.730413] gpio gpiochip3: (gpio-96-127): not an immutable chip, please consider fixing it!
[    0.735621] l3-aon-clkctrl:0000:0: failed to disable
[    0.736070] gpio gpiochip3: (gpio-96-127): added GPIO chardev (254:3)
[    0.736194] gpio gpiochip3: registered GPIOs 96 to 127 on gpio-96-127
[    0.737738] omap8250 44e09000.serial: GPIO lookup for consumer rs485-term
[    0.737761] omap8250 44e09000.serial: using device tree for GPIO lookup
[    0.737783] of_get_named_gpiod_flags: can't parse 'rs485-term-gpios' property of node '/ocp/interconnect@44c00000/segment@200000/target-module@9000/serial@0[0]'
[    0.737831] of_get_named_gpiod_flags: can't parse 'rs485-term-gpio' property of node '/ocp/interconnect@44c00000/segment@200000/target-module@9000/serial@0[0]'
[    0.737870] omap8250 44e09000.serial: using lookup tables for GPIO lookup
[    0.737881] omap8250 44e09000.serial: No GPIO consumer rs485-term found
[    0.737930] 44e09000.serial: ttyS0 at MMIO 0x44e09000 (irq = 34, base_baud = 3000000) is a 8250
[    2.167696] printk: console [ttyS0] enabled
[    2.174514] i2c i2c-0: GPIO lookup for consumer scl
[    2.174549] i2c i2c-0: using device tree for GPIO lookup
[    2.174576] of_get_named_gpiod_flags: can't parse 'scl-gpios' property of node '/ocp/interconnect@44c00000/segment@200000/target-module@b000/i2c@0[0]'
[    2.174623] of_get_named_gpiod_flags: can't parse 'scl-gpio' property of node '/ocp/interconnect@44c00000/segment@200000/target-module@b000/i2c@0[0]'
[    2.174664] i2c i2c-0: using lookup tables for GPIO lookup
[    2.174676] i2c i2c-0: No GPIO consumer scl found
[    2.174697] i2c i2c-0: GPIO lookup for consumer sda
[    2.174707] i2c i2c-0: using device tree for GPIO lookup
[    2.174722] of_get_named_gpiod_flags: can't parse 'sda-gpios' property of node '/ocp/interconnect@44c00000/segment@200000/target-module@b000/i2c@0[0]'
[    2.174760] of_get_named_gpiod_flags: can't parse 'sda-gpio' property of node '/ocp/interconnect@44c00000/segment@200000/target-module@b000/i2c@0[0]'
[    2.174796] i2c i2c-0: using lookup tables for GPIO lookup
[    2.174805] i2c i2c-0: No GPIO consumer sda found
[    2.199583] tps65217-pmic: Failed to locate of_node [id: -1]
[    2.215450] tps65217-bl: Failed to locate of_node [id: -1]
[    2.224056] tps65217 0-0024: TPS65217 ID 0xe version 1.2
[    2.230097] /ocp/interconnect@48000000/segment@300000/target-module@e000/lcdc@0: Fixed dependency cycle(s) with /ocp/interconnect@44c00000/segment@200000/target-module@b000/i2c@0/tda19988@70
[    2.247391] /ocp/interconnect@44c00000/segment@200000/target-module@b000/i2c@0/tda19988@70: Fixed dependency cycle(s) with /ocp/interconnect@48000000/segment@300000/target-module@e000/lcdc@0
[    2.264763] omap_i2c 44e0b000.i2c: bus 0 rev0.11 at 400 kHz
[    2.272142] sdhci-omap 48060000.mmc: GPIO lookup for consumer cd
[    2.272173] sdhci-omap 48060000.mmc: using device tree for GPIO lookup
[    2.272217] of_get_named_gpiod_flags: parsed 'cd-gpios' property of node '/ocp/interconnect@48000000/segment@0/target-module@60000/mmc@0[0]' - status (0)
[    2.272336] gpio gpiochip3: Persistence not supported for GPIO 6
[    2.272360] omap_gpio 44e07000.gpio: Could not set line 6 debounce to 200000 microseconds (-22)
[    2.281205] sdhci-omap 48060000.mmc: Got CD GPIO
[    2.285850] sdhci-omap 48060000.mmc: GPIO lookup for consumer wp
[    2.285861] sdhci-omap 48060000.mmc: using device tree for GPIO lookup
[    2.285884] of_get_named_gpiod_flags: can't parse 'wp-gpios' property of node '/ocp/interconnect@48000000/segment@0/target-module@60000/mmc@0[0]'
[    2.285932] of_get_named_gpiod_flags: can't parse 'wp-gpio' property of node '/ocp/interconnect@48000000/segment@0/target-module@60000/mmc@0[0]'
[    2.285971] sdhci-omap 48060000.mmc: using lookup tables for GPIO lookup
[    2.285983] sdhci-omap 48060000.mmc: No GPIO consumer wp found
[    2.286178] sdhci-omap 48060000.mmc: supply pbias not found, using dummy regulator
[    2.294951] sdhci-omap 481d8000.mmc: GPIO lookup for consumer wp
[    2.294983] sdhci-omap 481d8000.mmc: using device tree for GPIO lookup
[    2.295014] of_get_named_gpiod_flags: can't parse 'wp-gpios' property of node '/ocp/interconnect@48000000/segment@100000/target-module@d8000/mmc@0[0]'
[    2.295064] of_get_named_gpiod_flags: can't parse 'wp-gpio' property of node '/ocp/interconnect@48000000/segment@100000/target-module@d8000/mmc@0[0]'
[    2.295102] sdhci-omap 481d8000.mmc: using lookup tables for GPIO lookup
[    2.295113] sdhci-omap 481d8000.mmc: No GPIO consumer wp found
[    2.295704] sdhci-omap 48060000.mmc: supply vqmmc not found, using dummy regulator
[    2.304128] sdhci-omap 481d8000.mmc: supply pbias not found, using dummy regulator
[    2.312289] sdhci-omap 481d8000.mmc: supply vqmmc not found, using dummy regulator
[    2.349126] mmc1: SDHCI controller on 481d8000.mmc [481d8000.mmc] using External DMA
[    2.357440] mmc0: SDHCI controller on 48060000.mmc [48060000.mmc] using External DMA
[    2.366162] cpsw-switch 4a100000.switch: starting ndev. mode: dual_mac
[    2.407715] mmc0: new high speed SDHC card at address 5048
[    2.414523] mmcblk0: mmc0:5048 SD16G 14.4 GiB 
[    2.422441]  mmcblk0: p1 p2
[    2.425678] mmcblk0: p2 size 31221760 extends beyond EOD, truncated
[    2.440616] mmc1: new high speed MMC card at address 0001
[    2.447199] mmcblk1: mmc1:0001 MMC04G 3.60 GiB 
[    2.454517]  mmcblk1: p1 p2
[    2.457953] SMSC LAN8710/LAN8720 4a101000.mdio:00: attached PHY driver (mii_bus:phy_addr=4a101000.mdio:00, irq=POLL)
[    2.469539] mmcblk1boot0: mmc1:0001 MMC04G 2.00 MiB 
[    2.476463] mmcblk1boot1: mmc1:0001 MMC04G 2.00 MiB 
[    2.489037] mmcblk1rpmb: mmc1:0001 MMC04G 128 KiB, chardev (250:0)
[    5.609468] cpsw-switch 4a100000.switch eth0: Link is Up - 100Mbps/Full - flow control off
[    5.617850] IPv6: ADDRCONF(NETDEV_CHANGE): eth0: link becomes ready
[    5.658780] IP-Config: Complete:
[    5.662049]      device=eth0, hwaddr=6c:ec:eb:68:de:78, ipaddr=192.168.255.1, mask=255.255.255.0, gw=255.255.255.255
[    5.672684]      host=bbb1, domain=, nis-domain=(none)
[    5.677847]      bootserver=192.168.255.126, rootserver=192.168.255.126, rootpath=
[    5.678262] clk: Disabling unused clocks
[    5.690114] KTAP version 1
[    5.692839] 1..0
[    5.715986] VFS: Mounted root (nfs filesystem) on device 0:16.
[    5.722958] devtmpfs: mounted
[    5.727552] Freeing unused kernel image (initmem) memory: 1024K
[    5.734273] Run /sbin/init as init process
[    5.738399]   with arguments:
[    5.738409]     /sbin/init
[    5.738416]     nfsrootdebug
[    5.738424]   with environment:
[    5.738430]     HOME=/
[    5.738437]     TERM=linux
[    6.395311] systemd[1]: System time before build time, advancing clock.
[    7.878724] random: crng init done
[    7.949733] systemd[1]: systemd 232 running in system mode. (+PAM +AUDIT +SELINUX +IMA +APPARMOR +SMACK +SYSVINIT +UTMP +LIBCRYPTSETUP +GCRYPT +GNUTLS +ACL +XZ +LZ4 +SECCOMP +BLKID +ELFUTILS +KMOD +IDN)
[    7.969059] systemd[1]: Detected architecture arm.
[    8.011563] systemd[1]: Set hostname to <arm>.
[    9.063688] systemd[1]: Started Dispatch Password Requests to Console Directory Watch.
[    9.099275] systemd[1]: Reached target Remote File Systems.
[    9.139314] systemd[1]: Listening on udev Kernel Socket.
[    9.180242] systemd[1]: Created slice User and Session Slice.
[    9.219759] systemd[1]: Listening on Journal Audit Socket.
[    9.260713] systemd[1]: Listening on Journal Socket.
[    9.299138] systemd[1]: Reached target Swap.
[   11.535297] systemd-journald[97]: Received request to flush runtime journal from PID 1
[   14.476186] of_get_named_gpiod_flags: parsed 'gpios' property of node '/leds/led2[0]' - status (0)
[   14.476280] gpio gpiochip0: Persistence not supported for GPIO 21
[   14.476294] gpio-21 (?): no flags found for gpios
[   14.476543] of_get_named_gpiod_flags: parsed 'gpios' property of node '/leds/led3[0]' - status (0)
[   14.476583] gpio gpiochip0: Persistence not supported for GPIO 22
[   14.476594] gpio-22 (?): no flags found for gpios
[   14.506842] of_get_named_gpiod_flags: parsed 'gpios' property of node '/leds/led4[0]' - status (0)
[   14.507125] gpio gpiochip0: Persistence not supported for GPIO 23
[   14.507143] gpio-23 (?): no flags found for gpios
[   14.519189] of_get_named_gpiod_flags: parsed 'gpios' property of node '/leds/led5[0]' - status (0)
[   14.519267] gpio gpiochip0: Persistence not supported for GPIO 24
[   14.519279] gpio-24 (?): no flags found for gpios
[   14.842059] at24 2-0054: supply vcc not found, using dummy regulator
[   14.898255] remoteproc remoteproc0: wkup_m3 is available
[   14.967671] at24 2-0055: supply vcc not found, using dummy regulator
[   15.123063] at24 2-0056: supply vcc not found, using dummy regulator
[   15.190353] at24 2-0057: supply vcc not found, using dummy regulator
[   15.341559] at24 0-0050: GPIO lookup for consumer wp
[   15.341603] at24 0-0050: using device tree for GPIO lookup
[   15.341631] of_get_named_gpiod_flags: can't parse 'wp-gpios' property of node '/ocp/interconnect@44c00000/segment@200000/target-module@b000/i2c@0/baseboard_eeprom@50[0]'
[   15.341700] of_get_named_gpiod_flags: can't parse 'wp-gpio' property of node '/ocp/interconnect@44c00000/segment@200000/target-module@b000/i2c@0/baseboard_eeprom@50[0]'
[   15.341750] at24 0-0050: using lookup tables for GPIO lookup
[   15.341762] at24 0-0050: No GPIO consumer wp found
[   15.341971] at24 0-0050: 32768 byte 24c256 EEPROM, writable, 1 bytes/write
[   15.557890] tps6521x_pwrbutton tps65217-pwrbutton: DMA mask not set
[   15.646003] input: tps65217_pwrbutton as /devices/platform/ocp/44c00000.interconnect/44c00000.interconnect:segment@200000/44e0b000.target-module/44e0b000.i2c/i2c-0/0-0024/tps65217-pwrbutton/input/input0
[   15.671147] wkup_m3_ipc 44e11324.wkup_m3_ipc: IPC Request for A8->M3 Channel failed! -517
[   15.694829] wkup_m3_ipc 44e11324.wkup_m3_ipc: IPC Request for A8->M3 Channel failed! -517
[   15.769711] omap_rtc 44e3e000.rtc: registered as rtc0
[   15.774904] omap_rtc 44e3e000.rtc: setting system clock to 2000-01-01T00:00:00 UTC (946684800)
[   15.783751] omap_rtc 44e3e000.rtc: GPIO lookup for consumer wp
[   15.783769] omap_rtc 44e3e000.rtc: using device tree for GPIO lookup
[   15.783799] of_get_named_gpiod_flags: can't parse 'wp-gpios' property of node '/ocp/interconnect@44c00000/segment@200000/target-module@3e000/rtc@0[0]'
[   15.783858] of_get_named_gpiod_flags: can't parse 'wp-gpio' property of node '/ocp/interconnect@44c00000/segment@200000/target-module@3e000/rtc@0[0]'
[   15.783902] omap_rtc 44e3e000.rtc: using lookup tables for GPIO lookup
[   15.783914] omap_rtc 44e3e000.rtc: No GPIO consumer wp found
[   15.800063] wkup_m3_ipc 44e11324.wkup_m3_ipc: IPC Request for A8->M3 Channel failed! -517
[   15.956798] omap_wdt: OMAP Watchdog Timer Rev 0x01: initial timeout 60 sec
[   15.965404] wkup_m3_ipc 44e11324.wkup_m3_ipc: IPC Request for A8->M3 Channel failed! -517
[   16.158311] am335x-phy-driver 47401300.usb-phy: GPIO lookup for consumer reset
[   16.158359] am335x-phy-driver 47401300.usb-phy: using device tree for GPIO lookup
[   16.158394] of_get_named_gpiod_flags: can't parse 'reset-gpios' property of node '/ocp/target-module@47400000/usb-phy@1300[0]'
[   16.158449] of_get_named_gpiod_flags: can't parse 'reset-gpio' property of node '/ocp/target-module@47400000/usb-phy@1300[0]'
[   16.158482] am335x-phy-driver 47401300.usb-phy: using lookup tables for GPIO lookup
[   16.158495] am335x-phy-driver 47401300.usb-phy: No GPIO consumer reset found
[   16.158506] am335x-phy-driver 47401300.usb-phy: GPIO lookup for consumer vbus-detect
[   16.158516] am335x-phy-driver 47401300.usb-phy: using device tree for GPIO lookup
[   16.158534] of_get_named_gpiod_flags: can't parse 'vbus-detect-gpios' property of node '/ocp/target-module@47400000/usb-phy@1300[0]'
[   16.158565] of_get_named_gpiod_flags: can't parse 'vbus-detect-gpio' property of node '/ocp/target-module@47400000/usb-phy@1300[0]'
[   16.158592] am335x-phy-driver 47401300.usb-phy: using lookup tables for GPIO lookup
[   16.158602] am335x-phy-driver 47401300.usb-phy: No GPIO consumer vbus-detect found
[   16.158958] am335x-phy-driver 47401300.usb-phy: supply vcc not found, using dummy regulator
[   16.167716] am335x-phy-driver 47401300.usb-phy: dummy supplies not allowed for exclusive requests
[   16.197070] wkup_m3_ipc 44e11324.wkup_m3_ipc: IPC Request for A8->M3 Channel failed! -517
[   16.377877] usbcore: registered new interface driver usbfs
[   16.383731] usbcore: registered new interface driver hub
[   16.389233] usbcore: registered new device driver usb
[   16.407631] am335x-phy-driver 47401b00.usb-phy: GPIO lookup for consumer reset
[   16.407678] am335x-phy-driver 47401b00.usb-phy: using device tree for GPIO lookup
[   16.407707] of_get_named_gpiod_flags: can't parse 'reset-gpios' property of node '/ocp/target-module@47400000/usb-phy@1b00[0]'
[   16.407759] of_get_named_gpiod_flags: can't parse 'reset-gpio' property of node '/ocp/target-module@47400000/usb-phy@1b00[0]'
[   16.407792] am335x-phy-driver 47401b00.usb-phy: using lookup tables for GPIO lookup
[   16.407805] am335x-phy-driver 47401b00.usb-phy: No GPIO consumer reset found
[   16.407816] am335x-phy-driver 47401b00.usb-phy: GPIO lookup for consumer vbus-detect
[   16.407826] am335x-phy-driver 47401b00.usb-phy: using device tree for GPIO lookup
[   16.407841] of_get_named_gpiod_flags: can't parse 'vbus-detect-gpios' property of node '/ocp/target-module@47400000/usb-phy@1b00[0]'
[   16.407871] of_get_named_gpiod_flags: can't parse 'vbus-detect-gpio' property of node '/ocp/target-module@47400000/usb-phy@1b00[0]'
[   16.407897] am335x-phy-driver 47401b00.usb-phy: using lookup tables for GPIO lookup
[   16.407907] am335x-phy-driver 47401b00.usb-phy: No GPIO consumer vbus-detect found
[   16.408040] am335x-phy-driver 47401b00.usb-phy: supply vcc not found, using dummy regulator
[   16.417010] am335x-phy-driver 47401b00.usb-phy: dummy supplies not allowed for exclusive requests
[   16.430054] wkup_m3_ipc 44e11324.wkup_m3_ipc: IPC Request for A8->M3 Channel failed! -517
[   16.701913] wkup_m3_ipc 44e11324.wkup_m3_ipc: IPC Request for A8->M3 Channel failed! -517
[   17.103380] wkup_m3_ipc 44e11324.wkup_m3_ipc: IPC Request for A8->M3 Channel failed! -517
[   17.236336] musb-hdrc musb-hdrc.1: MUSB HDRC host driver
[   17.242075] musb-hdrc musb-hdrc.1: new USB bus registered, assigned bus number 1
[   17.254287] wkup_m3_ipc 44e11324.wkup_m3_ipc: IPC Request for A8->M3 Channel failed! -517
[   17.293707] tda998x 0-0070: found TDA19988
[   17.392996] wkup_m3_ipc 44e11324.wkup_m3_ipc: IPC Request for A8->M3 Channel failed! -517
[   17.523249] omap-mailbox 480c8000.mailbox: omap mailbox rev 0x400
[   17.549008] usb usb1: New USB device found, idVendor=1d6b, idProduct=0002, bcdDevice= 6.01
[   17.557359] usb usb1: New USB device strings: Mfr=3, Product=2, SerialNumber=1
[   17.564816] usb usb1: Product: MUSB HDRC host driver
[   17.569852] usb usb1: Manufacturer: Linux 6.1.126 musb-hcd
[   17.575365] usb usb1: SerialNumber: musb-hdrc.1
[   17.616192] remoteproc remoteproc0: powering up wkup_m3
[   17.722489] remoteproc remoteproc0: Direct firmware load for am335x-pm-firmware.elf failed with error -2
[   17.732648] remoteproc remoteproc0: request_firmware failed: -2
[   17.738640] wkup_m3_ipc 44e11324.wkup_m3_ipc: rproc_boot failed
[   18.085292] hub 1-0:1.0: USB hub found
[   18.149662] hub 1-0:1.0: 1 port detected
[   19.281855] omap_rng 48310000.rng: Random Number Generator ver. 20
[   19.674035] tilcdc 4830e000.lcdc: bound 0-0070 (ops tda998x_audio_codec_init [tda998x])
[   19.876199] [drm] Initialized tilcdc 1.0.0 20121205 for 4830e000.lcdc on minor 0
[   20.139908] tilcdc 4830e000.lcdc: [drm] Cannot find any crtc or sizes
[   20.149199] tilcdc 4830e000.lcdc: [drm] Cannot find any crtc or sizes
[   21.229582] PM: Cannot get wkup_m3_ipc handle
[   21.335122] omap-sham 53100000.sham: hw accel on OMAP rev 4.3
[   21.473601] omap-sham 53100000.sham: will run requests pump with realtime priority
[   21.724163] omap-aes 53500000.aes: OMAP AES hw accel rev: 3.2
[   21.736794] PM: Cannot get wkup_m3_ipc handle
[   21.883516] omap-aes 53500000.aes: will run requests pump with realtime priority
[   22.073556] PM: Cannot get wkup_m3_ipc handle
[   22.991809] Bluetooth: Core ver 2.22
[   22.995622] NET: Registered PF_BLUETOOTH protocol family
[   23.001175] Bluetooth: HCI device and connection manager initialized
[   23.007593] Bluetooth: HCI socket layer initialized
[   23.012544] Bluetooth: L2CAP socket layer initialized
[   23.017658] Bluetooth: SCO socket layer initialized
[   25.309803] PM: Cannot get wkup_m3_ipc handle
[   25.315512] asoc-simple-card sound: GPIO lookup for consumer simple-audio-card,hp-det
[   25.315544] asoc-simple-card sound: using device tree for GPIO lookup
[   25.315582] of_get_named_gpiod_flags: can't parse 'simple-audio-card,hp-det-gpios' property of node '/sound[0]'
[   25.315631] of_get_named_gpiod_flags: can't parse 'simple-audio-card,hp-det-gpio' property of node '/sound[0]'
[   25.315659] asoc-simple-card sound: using lookup tables for GPIO lookup
[   25.315671] asoc-simple-card sound: No GPIO consumer simple-audio-card,hp-det found
[   25.315682] asoc-simple-card sound: GPIO lookup for consumer simple-audio-card,mic-det
[   25.315692] asoc-simple-card sound: using device tree for GPIO lookup
[   25.315714] of_get_named_gpiod_flags: can't parse 'simple-audio-card,mic-det-gpios' property of node '/sound[0]'
[   25.315744] of_get_named_gpiod_flags: can't parse 'simple-audio-card,mic-det-gpio' property of node '/sound[0]'
[   25.315765] asoc-simple-card sound: using lookup tables for GPIO lookup
[   25.315775] asoc-simple-card sound: No GPIO consumer simple-audio-card,mic-det found
[   25.438297] PM: Cannot get wkup_m3_ipc handle
[   27.836842] using random self ethernet address
[   27.841526] using random host ethernet address
[   28.090831] using random self ethernet address
[   28.095346] using random host ethernet address
[   28.311577] userial_init: registered 8 ttyGS* devices
[   28.457827] rndis_register: configNr = 0
[   28.514796] udc musb-hdrc.0: binding gadget driver [g_multi]
[   28.514886] configfs-gadget.g_multi gadget.0: adding 'rndis'/52bd4ab1 to config 'c'/d2017850
[   28.515937] usb0: HOST MAC 1c:ba:8c:a2:ed:6c
[   28.520466] usb0: MAC 1c:ba:8c:a2:ed:70
[   28.524392] rndis_set_param_medium: 0 0
[   28.524413] configfs-gadget.g_multi gadget.0: RNDIS: dual speed IN/ep1in OUT/ep1out NOTIFY/ep2in
[   28.524430] configfs-gadget.g_multi gadget.0: adding 'cdc_ethernet'/2ad3d193 to config 'c'/d2017850
[   28.525231] usb1: HOST MAC 1c:ba:8c:a2:ed:6c
[   28.529642] usb1: MAC 1c:ba:8c:a2:ed:6d
[   28.533540] configfs-gadget.g_multi gadget.0: CDC Ethernet: dual speed IN/ep3in OUT/ep2out NOTIFY/ep4in
[   28.533558] configfs-gadget.g_multi gadget.0: adding 'acm'/ebea9874 to config 'c'/d2017850
[   28.533587] configfs-gadget.g_multi gadget.0: acm ttyGS0: dual speed IN/ep5in OUT/ep3out NOTIFY/ep6in
[   28.549656] PM: Cannot get wkup_m3_ipc handle
[   30.486659] usb1: eth_open
[   34.315740] gs_open: ttyGS0 (d47ad90a,a0abebc2)
[   34.315891] gs_close: ttyGS0 (d47ad90a,a0abebc2) ...
[   34.315910] gs_close: ttyGS0 (d47ad90a,a0abebc2) done!
[   34.316069] gs_open: ttyGS0 (c1fdf205,cc8ba913)
[   34.316136] gs_close: ttyGS0 (c1fdf205,cc8ba913) ...
[   34.316152] gs_close: ttyGS0 (c1fdf205,cc8ba913) done!
[   34.505926] gs_open: ttyGS0 (c1fdf205,69eee59a)
[   34.506178] gs_close: ttyGS0 (c1fdf205,69eee59a) ...
[   34.506204] gs_close: ttyGS0 (c1fdf205,69eee59a) done!
[   34.507741] gs_open: ttyGS0 (c1fdf205,e0299658)
XQUPVTQTOJ 0
root@arm:~# echo 'SPYC''MWYLMT'
SPYCMWYLMT
root@arm:~# MARKER='PKKY''FGQGKL' run 'modprobe test_linear_ranges'
PKKYFGQGKLPKKYFGQGKL 0
root@arm:~# echo 'JYHK''AHMCFK'
JYHKAHMCFK
root@arm:~# MARKER='XTCQ''XKVTSF' run dmesg
XTCQXKVTSF[    0.000000] Booting Linux on physical CPU 0x0
[    0.000000] Linux version 6.1.126 (user01@drvtest01) (arm-none-eabi-gcc (Arm GNU Toolchain 14.2.Rel1 (Build arm-14.52)) 14.2.1 20241119, GNU ld (Arm GNU Toolchain 14.2.Rel1 (Build arm-14.52)) 2.43.1.20241119) #1 SMP Thu Jan 23 10:53:02 EET 2025
[    0.000000] CPU: ARMv7 Processor [413fc082] revision 2 (ARMv7), cr=10c5387d
[    0.000000] CPU: PIPT / VIPT nonaliasing data cache, VIPT aliasing instruction cache
[    0.000000] OF: fdt: Machine model: TI AM335x BeagleBone Black
[    0.000000] Memory policy: Data cache writeback
[    0.000000] cma: Reserved 16 MiB at 0x9ec00000
[    0.000000] Zone ranges:
[    0.000000]   Normal   [mem 0x0000000080000000-0x000000009fdfffff]
[    0.000000]   HighMem  empty
[    0.000000] Movable zone start for each node
[    0.000000] Early memory node ranges
[    0.000000]   node   0: [mem 0x0000000080000000-0x000000009fdfffff]
[    0.000000] Initmem setup node 0 [mem 0x0000000080000000-0x000000009fdfffff]
[    0.000000] CPU: All CPU(s) started in SVC mode.
[    0.000000] AM335X ES2.1 (sgx neon)
[    0.000000] percpu: Embedded 16 pages/cpu s34132 r8192 d23212 u65536
[    0.000000] pcpu-alloc: s34132 r8192 d23212 u65536 alloc=16*4096
[    0.000000] pcpu-alloc: [0] 0 
[    0.000000] Built 1 zonelists, mobility grouping on.  Total pages: 129412
[    0.000000] Kernel command line: console=ttyO0,115200n8 root=/dev/nfs rw nfsroot=192.168.255.126:/home/user01/nfs,nfsvers=3 ip=192.168.255.1:192.168.255.126::255.255.255.0:bbb1:eth0 nfsrootdebug
[    0.000000] Unknown kernel command line parameters "nfsrootdebug", will be passed to user space.
[    0.000000] Dentry cache hash table entries: 65536 (order: 6, 262144 bytes, linear)
[    0.000000] Inode-cache hash table entries: 32768 (order: 5, 131072 bytes, linear)
[    0.000000] mem auto-init: stack:off, heap alloc:off, heap free:off
[    0.000000] Memory: 484648K/522240K available (10240K kernel code, 1143K rwdata, 2604K rodata, 1024K init, 284K bss, 21208K reserved, 16384K cma-reserved, 0K highmem)
[    0.000000] SLUB: HWalign=64, Order=0-3, MinObjects=0, CPUs=1, Nodes=1
[    0.000000] trace event string verifier disabled
[    0.000000] rcu: Hierarchical RCU implementation.
[    0.000000] rcu: 	RCU event tracing is enabled.
[    0.000000] rcu: 	RCU restricting CPUs from NR_CPUS=2 to nr_cpu_ids=1.
[    0.000000] rcu: RCU calculated value of scheduler-enlistment delay is 10 jiffies.
[    0.000000] rcu: Adjusting geometry for rcu_fanout_leaf=16, nr_cpu_ids=1
[    0.000000] NR_IRQS: 16, nr_irqs: 16, preallocated irqs: 16
[    0.000000] IRQ: Found an INTC at 0x(ptrval) (revision 5.0) with 128 interrupts
[    0.000000] rcu: srcu_init: Setting srcu_struct sizes based on contention.
[    0.000000] TI gptimer clocksource: always-on /ocp/interconnect@44c00000/segment@200000/target-module@31000
[    0.000002] sched_clock: 32 bits at 24MHz, resolution 41ns, wraps every 89478484971ns
[    0.000025] clocksource: dmtimer: mask: 0xffffffff max_cycles: 0xffffffff, max_idle_ns: 79635851949 ns
[    0.000439] TI gptimer clockevent: 24000000 Hz at /ocp/interconnect@48000000/segment@0/target-module@40000
[    0.001987] Console: colour dummy device 80x30
[    0.002037] WARNING: Your 'console=ttyO0' has been replaced by 'ttyS0'
[    0.002044] This ensures that you still see kernel messages. Please
[    0.002049] update your kernel commandline.
[    0.002090] Calibrating delay loop... 996.14 BogoMIPS (lpj=4980736)
[    0.090485] CPU: Testing write buffer coherency: ok
[    0.090582] CPU0: Spectre v2: using BPIALL workaround
[    0.090592] pid_max: default: 32768 minimum: 301
[    0.090722] LSM: Security Framework initializing
[    0.090892] Mount-cache hash table entries: 1024 (order: 0, 4096 bytes, linear)
[    0.090912] Mountpoint-cache hash table entries: 1024 (order: 0, 4096 bytes, linear)
[    0.092406] CPU0: thread -1, cpu 0, socket -1, mpidr 0
[    0.093669] Setting up static identity map for 0x80100000 - 0x80100078
[    0.093891] rcu: Hierarchical SRCU implementation.
[    0.093899] rcu: 	Max phase no-delay instances is 1000.
[    0.095202] smp: Bringing up secondary CPUs ...
[    0.095222] smp: Brought up 1 node, 1 CPU
[    0.095232] SMP: Total of 1 processors activated (996.14 BogoMIPS).
[    0.095244] CPU: All CPU(s) started in SVC mode.
[    0.096152] devtmpfs: initialized
[    0.111225] VFP support v0.3: implementor 41 architecture 3 part 30 variant c rev 3
[    0.111539] clocksource: jiffies: mask: 0xffffffff max_cycles: 0xffffffff, max_idle_ns: 19112604462750000 ns
[    0.111573] futex hash table entries: 256 (order: 2, 16384 bytes, linear)
[    0.112898] pinctrl core: initialized pinctrl subsystem
[    0.114802] NET: Registered PF_NETLINK/PF_ROUTE protocol family
[    0.116809] DMA: preallocated 256 KiB pool for atomic coherent allocations
[    0.117359] audit: initializing netlink subsys (disabled)
[    0.118563] thermal_sys: Registered thermal governor 'fair_share'
[    0.118580] thermal_sys: Registered thermal governor 'step_wise'
[    0.118587] thermal_sys: Registered thermal governor 'user_space'
[    0.118709] cpuidle: using governor menu
[    0.135025] /ocp/interconnect@44c00000/segment@200000/target-module@b000/i2c@0/tda19988@70: Fixed dependency cycle(s) with /ocp/interconnect@48000000/segment@300000/target-module@e000/lcdc@0
[    0.136059] /ocp/interconnect@48000000/segment@300000/target-module@e000/lcdc@0: Fixed dependency cycle(s) with /ocp/interconnect@44c00000/segment@200000/target-module@b000/i2c@0/tda19988@70
[    0.138036] No ATAGs?
[    0.138053] hw-breakpoint: debug architecture 0x4 unsupported.
[    0.146665] audit: type=2000 audit(0.110:1): state=initialized audit_enabled=0 res=1
[    0.146959] kprobes: kprobe jump-optimization is enabled. All kprobes are optimized if possible.
[    0.163400] reg-fixed-voltage fixedregulator0: GPIO lookup for consumer (null)
[    0.163429] reg-fixed-voltage fixedregulator0: using device tree for GPIO lookup
[    0.163449] of_get_named_gpiod_flags: can't parse 'gpios' property of node '/fixedregulator0[0]'
[    0.163484] of_get_named_gpiod_flags: can't parse 'gpio' property of node '/fixedregulator0[0]'
[    0.163506] reg-fixed-voltage fixedregulator0: using lookup tables for GPIO lookup
[    0.163516] reg-fixed-voltage fixedregulator0: No GPIO consumer (null) found
[    0.164673] iommu: Default domain type: Translated 
[    0.164686] iommu: DMA domain TLB invalidation policy: strict mode 
[    0.166124] SCSI subsystem initialized
[    0.166632] libata version 3.00 loaded.
[    0.166952] pps_core: LinuxPPS API ver. 1 registered
[    0.166962] pps_core: Software ver. 5.3.6 - Copyright 2005-2007 Rodolfo Giometti <giometti@linux.it>
[    0.166984] PTP clock support registered
[    0.168424] vgaarb: loaded
[    0.168721] clocksource: Switched to clocksource dmtimer
[    0.169314] VFS: Disk quotas dquot_6.6.0
[    0.169391] VFS: Dquot-cache hash table entries: 1024 (order 0, 4096 bytes)
[    0.190138] NET: Registered PF_INET protocol family
[    0.190465] IP idents hash table entries: 8192 (order: 4, 65536 bytes, linear)
[    0.191804] tcp_listen_portaddr_hash hash table entries: 512 (order: 0, 4096 bytes, linear)
[    0.191848] Table-perturb hash table entries: 65536 (order: 6, 262144 bytes, linear)
[    0.191866] TCP established hash table entries: 4096 (order: 2, 16384 bytes, linear)
[    0.191912] TCP bind hash table entries: 4096 (order: 4, 65536 bytes, linear)
[    0.192011] TCP: Hash tables configured (established 4096 bind 4096)
[    0.192128] UDP hash table entries: 256 (order: 1, 8192 bytes, linear)
[    0.192153] UDP-Lite hash table entries: 256 (order: 1, 8192 bytes, linear)
[    0.192342] NET: Registered PF_UNIX/PF_LOCAL protocol family
[    0.199375] RPC: Registered named UNIX socket transport module.
[    0.199394] RPC: Registered udp transport module.
[    0.199400] RPC: Registered tcp transport module.
[    0.199405] RPC: Registered tcp NFSv4.1 backchannel transport module.
[    0.199423] PCI: CLS 0 bytes, default 64
[    0.200867] Initialise system trusted keyrings
[    0.201871] workingset: timestamp_bits=14 max_order=17 bucket_order=3
[    0.227007] NFS: Registering the id_resolver key type
[    0.227096] Key type id_resolver registered
[    0.227104] Key type id_legacy registered
[    0.227156] jffs2: version 2.2. (NAND) (SUMMARY)  Â© 2001-2006 Red Hat, Inc.
[    0.227885] Key type asymmetric registered
[    0.227901] Asymmetric key parser 'x509' registered
[    0.228046] io scheduler mq-deadline registered
[    0.228058] io scheduler kyber registered
[    0.228281] io scheduler bfq registered
[    0.244991] Serial: 8250/16550 driver, 6 ports, IRQ sharing enabled
[    0.281571] brd: module loaded
[    0.289150] loop: module loaded
[    0.290024] mtdoops: mtd device (mtddev=name/number) must be supplied
[    0.291325] mdio_bus fixed-0: GPIO lookup for consumer reset
[    0.291345] mdio_bus fixed-0: using lookup tables for GPIO lookup
[    0.291356] mdio_bus fixed-0: No GPIO consumer reset found
[    0.292404] i2c_dev: i2c /dev entries driver
[    0.293292] cpuidle: enable-method property 'ti,am3352' found operations
[    0.293709] sdhci: Secure Digital Host Controller Interface driver
[    0.293718] sdhci: Copyright(c) Pierre Ossman
[    0.293879] sdhci-pltfm: SDHCI platform and OF driver helper
[    0.303566] ledtrig-cpu: registered to indicate activity on CPUs
[    0.304355] Initializing XFRM netlink socket
[    0.304899] NET: Registered PF_INET6 protocol family
[    0.306650] Segment Routing with IPv6
[    0.306719] In-situ OAM (IOAM) with IPv6
[    0.306822] sit: IPv6, IPv4 and MPLS over IPv4 tunneling driver
[    0.307662] NET: Registered PF_PACKET protocol family
[    0.307687] NET: Registered PF_KEY protocol family
[    0.307796] Key type dns_resolver registered
[    0.307910] ThumbEE CPU extension supported.
[    0.307952] Registering SWP/SWPB emulation handler
[    0.308455] omap_voltage_late_init: Voltage driver support not added
[    0.308914] SmartReflex Class3 initialized
[    0.309854] Loading compiled-in X.509 certificates
[    0.380728] /ocp/interconnect@44c00000/segment@200000/target-module@b000/i2c@0/tda19988@70: Fixed dependency cycle(s) with /ocp/interconnect@48000000/segment@300000/target-module@e000/lcdc@0
[    0.386688] /ocp/interconnect@44c00000/segment@200000/target-module@b000/i2c@0/tda19988@70: Fixed dependency cycle(s) with /ocp/interconnect@48000000/segment@300000/target-module@e000/lcdc@0
[    0.394399] /ocp/interconnect@44c00000/segment@200000/target-module@b000/i2c@0/tda19988@70: Fixed dependency cycle(s) with /ocp/interconnect@48000000/segment@300000/target-module@e000/lcdc@0
[    0.395214] /ocp/interconnect@44c00000/segment@200000/target-module@b000/i2c@0/tda19988@70: Fixed dependency cycle(s) with /ocp/interconnect@48000000/segment@300000/target-module@e000/lcdc@0
[    0.398227] /ocp/interconnect@44c00000/segment@200000/target-module@10000/scm@0/pinmux@800: Fixed dependency cycle(s) with /ocp/interconnect@44c00000/segment@200000/target-module@10000/scm@0/pinmux@800/pinmux_clkout2_pin
[    0.398941] pinctrl-single 44e10800.pinmux: 142 pins, size 568
[    0.403653] ti-sysc: probe of 44e31000.target-module failed with error -16
[    0.462030] /ocp/interconnect@48000000/segment@300000/target-module@e000/lcdc@0: Fixed dependency cycle(s) with /ocp/interconnect@44c00000/segment@200000/target-module@b000/i2c@0/tda19988@70
[    0.469402] ti-sysc: probe of 48040000.target-module failed with error -16
[    0.479805] gpio gpiochip0: (gpio-0-31): created GPIO range 0->7 ==> 44e10800.pinmux PIN 0->7
[    0.479843] gpio gpiochip0: (gpio-0-31): created GPIO range 8->11 ==> 44e10800.pinmux PIN 90->93
[    0.479859] gpio gpiochip0: (gpio-0-31): created GPIO range 12->27 ==> 44e10800.pinmux PIN 12->27
[    0.479874] gpio gpiochip0: (gpio-0-31): created GPIO range 28->31 ==> 44e10800.pinmux PIN 30->33
[    0.479939] gpio gpiochip0: (gpio-0-31): not an immutable chip, please consider fixing it!
[    0.493992] gpio gpiochip0: (gpio-0-31): added GPIO chardev (254:0)
[    0.494139] gpio gpiochip0: registered GPIOs 0 to 31 on gpio-0-31
[    0.494217] OMAP GPIO hardware version 0.1
[    0.512375] i2c i2c-2: GPIO lookup for consumer scl
[    0.512405] i2c i2c-2: using device tree for GPIO lookup
[    0.512429] of_get_named_gpiod_flags: can't parse 'scl-gpios' property of node '/ocp/interconnect@48000000/segment@100000/target-module@9c000/i2c@0[0]'
[    0.512474] of_get_named_gpiod_flags: can't parse 'scl-gpio' property of node '/ocp/interconnect@48000000/segment@100000/target-module@9c000/i2c@0[0]'
[    0.512514] i2c i2c-2: using lookup tables for GPIO lookup
[    0.512524] i2c i2c-2: No GPIO consumer scl found
[    0.512544] i2c i2c-2: GPIO lookup for consumer sda
[    0.512552] i2c i2c-2: using device tree for GPIO lookup
[    0.512565] of_get_named_gpiod_flags: can't parse 'sda-gpios' property of node '/ocp/interconnect@48000000/segment@100000/target-module@9c000/i2c@0[0]'
[    0.512602] of_get_named_gpiod_flags: can't parse 'sda-gpio' property of node '/ocp/interconnect@48000000/segment@100000/target-module@9c000/i2c@0[0]'
[    0.512635] i2c i2c-2: using lookup tables for GPIO lookup
[    0.512642] i2c i2c-2: No GPIO consumer sda found
[    0.513279] omap_i2c 4819c000.i2c: bus 2 rev0.11 at 100 kHz
[    0.518401] gpio gpiochip1: (gpio-32-63): created GPIO range 0->17 ==> 44e10800.pinmux PIN 34->51
[    0.518435] gpio gpiochip1: (gpio-32-63): created GPIO range 18->21 ==> 44e10800.pinmux PIN 77->80
[    0.518460] gpio gpiochip1: (gpio-32-63): created GPIO range 22->31 ==> 44e10800.pinmux PIN 56->65
[    0.518525] gpio gpiochip1: (gpio-32-63): not an immutable chip, please consider fixing it!
[    0.531817] gpio gpiochip1: (gpio-32-63): added GPIO chardev (254:1)
[    0.531966] gpio gpiochip1: registered GPIOs 32 to 63 on gpio-32-63
[    0.534040] gpio gpiochip2: (gpio-64-95): created GPIO range 0->4 ==> 44e10800.pinmux PIN 66->70
[    0.534070] gpio gpiochip2: (gpio-64-95): created GPIO range 5->6 ==> 44e10800.pinmux PIN 98->99
[    0.534085] gpio gpiochip2: (gpio-64-95): created GPIO range 7->8 ==> 44e10800.pinmux PIN 75->76
[    0.534100] gpio gpiochip2: (gpio-64-95): created GPIO range 13->13 ==> 44e10800.pinmux PIN 141->141
[    0.534116] gpio gpiochip2: (gpio-64-95): created GPIO range 14->21 ==> 44e10800.pinmux PIN 100->107
[    0.534178] gpio gpiochip2: (gpio-64-95): not an immutable chip, please consider fixing it!
[    0.534613] gpio gpiochip2: (gpio-64-95): added GPIO chardev (254:2)
[    0.534724] gpio gpiochip2: registered GPIOs 64 to 95 on gpio-64-95
[    0.540743] /ocp/interconnect@48000000/segment@300000/target-module@e000/lcdc@0: Fixed dependency cycle(s) with /ocp/interconnect@44c00000/segment@200000/target-module@b000/i2c@0/tda19988@70
[    0.543357] /ocp/interconnect@48000000/segment@300000/target-module@e000/lcdc@0: Fixed dependency cycle(s) with /ocp/interconnect@44c00000/segment@200000/target-module@b000/i2c@0/tda19988@70
[    0.544029] /ocp/interconnect@44c00000/segment@200000/target-module@b000/i2c@0/tda19988@70: Fixed dependency cycle(s) with /ocp/interconnect@48000000/segment@300000/target-module@e000/lcdc@0
[    0.544185] /ocp/interconnect@48000000/segment@300000/target-module@e000/lcdc@0: Fixed dependency cycle(s) with /ocp/interconnect@44c00000/segment@200000/target-module@b000/i2c@0/tda19988@70
[    0.552472] mdio_bus 4a101000.mdio: GPIO lookup for consumer reset
[    0.552500] mdio_bus 4a101000.mdio: using device tree for GPIO lookup
[    0.552522] of_get_named_gpiod_flags: can't parse 'reset-gpios' property of node '/ocp/interconnect@4a000000/segment@0/target-module@100000/switch@0/mdio@1000[0]'
[    0.552569] of_get_named_gpiod_flags: can't parse 'reset-gpio' property of node '/ocp/interconnect@4a000000/segment@0/target-module@100000/switch@0/mdio@1000[0]'
[    0.552614] mdio_bus 4a101000.mdio: using lookup tables for GPIO lookup
[    0.552624] mdio_bus 4a101000.mdio: No GPIO consumer reset found
[    0.553667] sdhci-omap 481d8000.mmc: GPIO lookup for consumer wp
[    0.553689] sdhci-omap 481d8000.mmc: using device tree for GPIO lookup
[    0.553709] of_get_named_gpiod_flags: can't parse 'wp-gpios' property of node '/ocp/interconnect@48000000/segment@100000/target-module@d8000/mmc@0[0]'
[    0.553756] of_get_named_gpiod_flags: can't parse 'wp-gpio' property of node '/ocp/interconnect@48000000/segment@100000/target-module@d8000/mmc@0[0]'
[    0.553792] sdhci-omap 481d8000.mmc: using lookup tables for GPIO lookup
[    0.553801] sdhci-omap 481d8000.mmc: No GPIO consumer wp found
[    0.553976] sdhci-omap 481d8000.mmc: supply pbias not found, using dummy regulator
[    0.554412] sdhci-omap 481d8000.mmc: supply vqmmc not found, using dummy regulator
[    0.610759] davinci_mdio 4a101000.mdio: davinci mdio revision 1.6, bus freq 1000000
[    0.633799] mdio_bus 4a101000.mdio:00: GPIO lookup for consumer reset
[    0.633821] mdio_bus 4a101000.mdio:00: using device tree for GPIO lookup
[    0.633844] of_get_named_gpiod_flags: can't parse 'reset-gpios' property of node '/ocp/interconnect@4a000000/segment@0/target-module@100000/switch@0/mdio@1000/ethernet-phy@0[0]'
[    0.633913] of_get_named_gpiod_flags: can't parse 'reset-gpio' property of node '/ocp/interconnect@4a000000/segment@0/target-module@100000/switch@0/mdio@1000/ethernet-phy@0[0]'
[    0.633963] mdio_bus 4a101000.mdio:00: using lookup tables for GPIO lookup
[    0.633973] mdio_bus 4a101000.mdio:00: No GPIO consumer reset found
[    0.664247] davinci_mdio 4a101000.mdio: phy[0]: device 4a101000.mdio:00, driver SMSC LAN8710/LAN8720
[    0.664739] cpsw-switch 4a100000.switch: initialized cpsw ale version 1.4
[    0.664760] cpsw-switch 4a100000.switch: ALE Table size 1024
[    0.664900] cpsw-switch 4a100000.switch: cpts: overflow check period 500 (jiffies)
[    0.664917] cpsw-switch 4a100000.switch: CPTS: ref_clk_freq:250000000 calc_mult:2147483648 calc_shift:29 error:0 nsec/sec
[    0.665006] cpsw-switch 4a100000.switch: Detected MACID = 6c:ec:eb:68:de:78
[    0.666615] cpsw-switch 4a100000.switch: initialized (regs 0x4a100000, pool size 256) hw_ver:0019010C 1.12 (0)
[    0.676434] debugfs: Directory '49000000.dma' with parent 'dmaengine' already present!
[    0.676474] edma 49000000.dma: TI EDMA DMA engine driver
[    0.728240] hw perfevents: enabled with armv7_cortex_a8 PMU driver, 5 counters available
[    0.729153] gpio-clk clk_mcasp0: GPIO lookup for consumer enable
[    0.729177] gpio-clk clk_mcasp0: using device tree for GPIO lookup
[    0.729215] of_get_named_gpiod_flags: parsed 'enable-gpios' property of node '/clk_mcasp0[0]' - status (0)
[    0.729333] gpio gpiochip0: Persistence not supported for GPIO 27
[    0.730147] gpio gpiochip3: (gpio-96-127): created GPIO range 0->7 ==> 44e10800.pinmux PIN 82->89
[    0.730178] gpio gpiochip3: (gpio-96-127): created GPIO range 8->11 ==> 44e10800.pinmux PIN 52->55
[    0.730194] gpio gpiochip3: (gpio-96-127): created GPIO range 12->15 ==> 44e10800.pinmux PIN 94->97
[    0.730210] gpio gpiochip3: (gpio-96-127): created GPIO range 16->17 ==> 44e10800.pinmux PIN 71->72
[    0.730226] gpio gpiochip3: (gpio-96-127): created GPIO range 18->18 ==> 44e10800.pinmux PIN 135->135
[    0.730242] gpio gpiochip3: (gpio-96-127): created GPIO range 19->20 ==> 44e10800.pinmux PIN 108->109
[    0.730259] gpio gpiochip3: (gpio-96-127): created GPIO range 21->21 ==> 44e10800.pinmux PIN 73->73
[    0.730275] gpio gpiochip3: (gpio-96-127): created GPIO range 22->23 ==> 44e10800.pinmux PIN 8->9
[    0.730292] gpio gpiochip3: (gpio-96-127): created GPIO range 26->27 ==> 44e10800.pinmux PIN 10->11
[    0.730309] gpio gpiochip3: (gpio-96-127): created GPIO range 28->28 ==> 44e10800.pinmux PIN 74->74
[    0.730327] gpio gpiochip3: (gpio-96-127): created GPIO range 29->29 ==> 44e10800.pinmux PIN 81->81
[    0.730346] gpio gpiochip3: (gpio-96-127): created GPIO range 30->31 ==> 44e10800.pinmux PIN 28->29
[    0.730413] gpio gpiochip3: (gpio-96-127): not an immutable chip, please consider fixing it!
[    0.735621] l3-aon-clkctrl:0000:0: failed to disable
[    0.736070] gpio gpiochip3: (gpio-96-127): added GPIO chardev (254:3)
[    0.736194] gpio gpiochip3: registered GPIOs 96 to 127 on gpio-96-127
[    0.737738] omap8250 44e09000.serial: GPIO lookup for consumer rs485-term
[    0.737761] omap8250 44e09000.serial: using device tree for GPIO lookup
[    0.737783] of_get_named_gpiod_flags: can't parse 'rs485-term-gpios' property of node '/ocp/interconnect@44c00000/segment@200000/target-module@9000/serial@0[0]'
[    0.737831] of_get_named_gpiod_flags: can't parse 'rs485-term-gpio' property of node '/ocp/interconnect@44c00000/segment@200000/target-module@9000/serial@0[0]'
[    0.737870] omap8250 44e09000.serial: using lookup tables for GPIO lookup
[    0.737881] omap8250 44e09000.serial: No GPIO consumer rs485-term found
[    0.737930] 44e09000.serial: ttyS0 at MMIO 0x44e09000 (irq = 34, base_baud = 3000000) is a 8250
[    2.167696] printk: console [ttyS0] enabled
[    2.174514] i2c i2c-0: GPIO lookup for consumer scl
[    2.174549] i2c i2c-0: using device tree for GPIO lookup
[    2.174576] of_get_named_gpiod_flags: can't parse 'scl-gpios' property of node '/ocp/interconnect@44c00000/segment@200000/target-module@b000/i2c@0[0]'
[    2.174623] of_get_named_gpiod_flags: can't parse 'scl-gpio' property of node '/ocp/interconnect@44c00000/segment@200000/target-module@b000/i2c@0[0]'
[    2.174664] i2c i2c-0: using lookup tables for GPIO lookup
[    2.174676] i2c i2c-0: No GPIO consumer scl found
[    2.174697] i2c i2c-0: GPIO lookup for consumer sda
[    2.174707] i2c i2c-0: using device tree for GPIO lookup
[    2.174722] of_get_named_gpiod_flags: can't parse 'sda-gpios' property of node '/ocp/interconnect@44c00000/segment@200000/target-module@b000/i2c@0[0]'
[    2.174760] of_get_named_gpiod_flags: can't parse 'sda-gpio' property of node '/ocp/interconnect@44c00000/segment@200000/target-module@b000/i2c@0[0]'
[    2.174796] i2c i2c-0: using lookup tables for GPIO lookup
[    2.174805] i2c i2c-0: No GPIO consumer sda found
[    2.199583] tps65217-pmic: Failed to locate of_node [id: -1]
[    2.215450] tps65217-bl: Failed to locate of_node [id: -1]
[    2.224056] tps65217 0-0024: TPS65217 ID 0xe version 1.2
[    2.230097] /ocp/interconnect@48000000/segment@300000/target-module@e000/lcdc@0: Fixed dependency cycle(s) with /ocp/interconnect@44c00000/segment@200000/target-module@b000/i2c@0/tda19988@70
[    2.247391] /ocp/interconnect@44c00000/segment@200000/target-module@b000/i2c@0/tda19988@70: Fixed dependency cycle(s) with /ocp/interconnect@48000000/segment@300000/target-module@e000/lcdc@0
[    2.264763] omap_i2c 44e0b000.i2c: bus 0 rev0.11 at 400 kHz
[    2.272142] sdhci-omap 48060000.mmc: GPIO lookup for consumer cd
[    2.272173] sdhci-omap 48060000.mmc: using device tree for GPIO lookup
[    2.272217] of_get_named_gpiod_flags: parsed 'cd-gpios' property of node '/ocp/interconnect@48000000/segment@0/target-module@60000/mmc@0[0]' - status (0)
[    2.272336] gpio gpiochip3: Persistence not supported for GPIO 6
[    2.272360] omap_gpio 44e07000.gpio: Could not set line 6 debounce to 200000 microseconds (-22)
[    2.281205] sdhci-omap 48060000.mmc: Got CD GPIO
[    2.285850] sdhci-omap 48060000.mmc: GPIO lookup for consumer wp
[    2.285861] sdhci-omap 48060000.mmc: using device tree for GPIO lookup
[    2.285884] of_get_named_gpiod_flags: can't parse 'wp-gpios' property of node '/ocp/interconnect@48000000/segment@0/target-module@60000/mmc@0[0]'
[    2.285932] of_get_named_gpiod_flags: can't parse 'wp-gpio' property of node '/ocp/interconnect@48000000/segment@0/target-module@60000/mmc@0[0]'
[    2.285971] sdhci-omap 48060000.mmc: using lookup tables for GPIO lookup
[    2.285983] sdhci-omap 48060000.mmc: No GPIO consumer wp found
[    2.286178] sdhci-omap 48060000.mmc: supply pbias not found, using dummy regulator
[    2.294951] sdhci-omap 481d8000.mmc: GPIO lookup for consumer wp
[    2.294983] sdhci-omap 481d8000.mmc: using device tree for GPIO lookup
[    2.295014] of_get_named_gpiod_flags: can't parse 'wp-gpios' property of node '/ocp/interconnect@48000000/segment@100000/target-module@d8000/mmc@0[0]'
[    2.295064] of_get_named_gpiod_flags: can't parse 'wp-gpio' property of node '/ocp/interconnect@48000000/segment@100000/target-module@d8000/mmc@0[0]'
[    2.295102] sdhci-omap 481d8000.mmc: using lookup tables for GPIO lookup
[    2.295113] sdhci-omap 481d8000.mmc: No GPIO consumer wp found
[    2.295704] sdhci-omap 48060000.mmc: supply vqmmc not found, using dummy regulator
[    2.304128] sdhci-omap 481d8000.mmc: supply pbias not found, using dummy regulator
[    2.312289] sdhci-omap 481d8000.mmc: supply vqmmc not found, using dummy regulator
[    2.349126] mmc1: SDHCI controller on 481d8000.mmc [481d8000.mmc] using External DMA
[    2.357440] mmc0: SDHCI controller on 48060000.mmc [48060000.mmc] using External DMA
[    2.366162] cpsw-switch 4a100000.switch: starting ndev. mode: dual_mac
[    2.407715] mmc0: new high speed SDHC card at address 5048
[    2.414523] mmcblk0: mmc0:5048 SD16G 14.4 GiB 
[    2.422441]  mmcblk0: p1 p2
[    2.425678] mmcblk0: p2 size 31221760 extends beyond EOD, truncated
[    2.440616] mmc1: new high speed MMC card at address 0001
[    2.447199] mmcblk1: mmc1:0001 MMC04G 3.60 GiB 
[    2.454517]  mmcblk1: p1 p2
[    2.457953] SMSC LAN8710/LAN8720 4a101000.mdio:00: attached PHY driver (mii_bus:phy_addr=4a101000.mdio:00, irq=POLL)
[    2.469539] mmcblk1boot0: mmc1:0001 MMC04G 2.00 MiB 
[    2.476463] mmcblk1boot1: mmc1:0001 MMC04G 2.00 MiB 
[    2.489037] mmcblk1rpmb: mmc1:0001 MMC04G 128 KiB, chardev (250:0)
[    5.609468] cpsw-switch 4a100000.switch eth0: Link is Up - 100Mbps/Full - flow control off
[    5.617850] IPv6: ADDRCONF(NETDEV_CHANGE): eth0: link becomes ready
[    5.658780] IP-Config: Complete:
[    5.662049]      device=eth0, hwaddr=6c:ec:eb:68:de:78, ipaddr=192.168.255.1, mask=255.255.255.0, gw=255.255.255.255
[    5.672684]      host=bbb1, domain=, nis-domain=(none)
[    5.677847]      bootserver=192.168.255.126, rootserver=192.168.255.126, rootpath=
[    5.678262] clk: Disabling unused clocks
[    5.690114] KTAP version 1
[    5.692839] 1..0
[    5.715986] VFS: Mounted root (nfs filesystem) on device 0:16.
[    5.722958] devtmpfs: mounted
[    5.727552] Freeing unused kernel image (initmem) memory: 1024K
[    5.734273] Run /sbin/init as init process
[    5.738399]   with arguments:
[    5.738409]     /sbin/init
[    5.738416]     nfsrootdebug
[    5.738424]   with environment:
[    5.738430]     HOME=/
[    5.738437]     TERM=linux
