Labgrid Console Logfile for main
Logfile started at 2025-11-11 16:04:47.630939
=== Log starts here ===
reading args
spl_load_image_fat_os: error reading image args, err - -1
reading u-boot.img
reading u-boot.img


U-Boot 2014.04-00014-g47880f5 (Apr 22 2014 - 13:23:54)

I2C:   ready
DRAM:  512 MiB
NAND:  0 MiB
MMC:   OMAP SD/MMC: 0, OMAP SD/MMC: 1
*** Warning - readenv() failed, using default environment

Net:   <ethaddr> not set. Validating first E-fuse MAC
cpsw, usb_ether
Hit any key to stop autoboot:  1  0 
gpio: pin 53 (gpio 53) value is 1
mmc0 is current device
gpio: pin 54 (gpio 54) value is 1
SD/MMC found on device 0
reading uEnv.txt
569 bytes read in 4 ms (138.7 KiB/s)
gpio: pin 55 (gpio 55) value is 1
Loaded environment from uEnv.txt
Importing environment from mmc ...
Checking if uenvcmd is set ...
gpio: pin 56 (gpio 56) value is 1
Running uenvcmd ...
cpsw Waiting for PHY auto negotiation to complete. done
link up on port 0, speed 100, full duplex
Using cpsw device
TFTP from server 192.168.255.126; our IP address is 192.168.255.1
Filename 'zImage'.
Load address: 0x81000000
Loading: *#################################################################
	 #################################################################
	 #################################################################
	 #################################################################
	 #################################################################
	 ################################################################
	 2.4 MiB/s
done
Bytes transferred = 5709024 (571ce0 hex)
link up on port 0, speed 100, full duplex
Using cpsw device
TFTP from server 192.168.255.126; our IP address is 192.168.255.1
Filename 'am335x-boneblack.dtb'.
Load address: 0x82000000
Loading: *#######
	 2.3 MiB/s
done
Bytes transferred = 98081 (17f21 hex)
Kernel image @ 0x81000000 [ 0x000000 - 0x571ce0 ]
## Flattened Device Tree blob at 82000000
   Booting using the fdt blob at 0x82000000
   Using Device Tree in place at 82000000, end 8201af20

Starting kernel ...

[    0.000000] Booting Linux on physical CPU 0x0
[    0.000000] Linux version 6.18.0-rc5-next-20251111 (user01@drvtest01) (arm-none-eabi-gcc (Arm GNU Toolchain 14.2.Rel1 (Build arm-14.52)) 14.2.1 20241119, GNU ld (Arm GNU Toolchain 14.2.Rel1 (Build arm-14.52)) 2.43.1.20241119) #1 SMP Tue Nov 11 16:03:08 EET 2025
[    0.000000] CPU: ARMv7 Processor [413fc082] revision 2 (ARMv7), cr=10c5387d
[    0.000000] CPU: PIPT / VIPT nonaliasing data cache, VIPT aliasing instruction cache
[    0.000000] OF: fdt: Machine model: TI AM335x BeagleBone Black
[    0.000000] Memory policy: Data cache writeback
[    0.000000] cma: Reserved 16 MiB at 0x9e800000
[    0.000000] Zone ranges:
[    0.000000]   Normal   [mem 0x0000000080000000-0x000000009fdfffff]
[    0.000000]   HighMem  empty
[    0.000000] Movable zone start for each node
[    0.000000] Early memory node ranges
[    0.000000]   node   0: [mem 0x0000000080000000-0x000000009fdfffff]
[    0.000000] Initmem setup node 0 [mem 0x0000000080000000-0x000000009fdfffff]
[    0.000000] On node 0, zone Normal: 512 pages in unavailable ranges
[    0.000000] OF: reserved mem: Reserved memory: No reserved-memory node in the DT
[    0.000000] CPU: All CPU(s) started in SVC mode.
[    0.000000] AM335X ES2.1 (sgx neon)
[    0.000000] percpu: Embedded 17 pages/cpu s39948 r8192 d21492 u69632
[    0.000000] Kernel command line: console=ttyO0,115200n8 root=/dev/nfs rw nfsroot=192.168.255.126:/home/user01/nfs,nfsvers=3 ip=192.168.255.1:192.168.255.126::255.255.255.0:bbb1:eth0 nfsrootdebug
[    0.000000] Unknown kernel command line parameters "nfsrootdebug", will be passed to user space.
[    0.000000] printk: log buffer data + meta data: 65536 + 204800 = 270336 bytes
[    0.000000] Dentry cache hash table entries: 65536 (order: 6, 262144 bytes, linear)
[    0.000000] Inode-cache hash table entries: 32768 (order: 5, 131072 bytes, linear)
[    0.000000] Built 1 zonelists, mobility grouping on.  Total pages: 130560
[    0.000000] mem auto-init: stack:off, heap alloc:off, heap free:off
[    0.000000] SLUB: HWalign=16, Order=0-3, MinObjects=0, CPUs=1, Nodes=1
[    0.000000] rcu: Hierarchical RCU implementation.
[    0.000000] rcu: 	RCU event tracing is enabled.
[    0.000000] rcu: 	RCU restricting CPUs from NR_CPUS=2 to nr_cpu_ids=1.
[    0.000000] 	Tracing variant of Tasks RCU enabled.
[    0.000000] rcu: RCU calculated value of scheduler-enlistment delay is 10 jiffies.
[    0.000000] rcu: Adjusting geometry for rcu_fanout_leaf=16, nr_cpu_ids=1
[    0.000000] RCU Tasks Trace: Setting shift to 0 and lim to 1 rcu_task_cb_adjust=1 rcu_task_cpu_ids=1.
[    0.000000] NR_IRQS: 16, nr_irqs: 16, preallocated irqs: 16
[    0.000000] IRQ: Found an INTC at 0x(ptrval) (revision 5.0) with 128 interrupts
[    0.000000] rcu: srcu_init: Setting srcu_struct sizes based on contention.
[    0.000000] TI gptimer clocksource: always-on /ocp/interconnect@44c00000/segment@200000/target-module@31000
[    0.000002] sched_clock: 32 bits at 24MHz, resolution 41ns, wraps every 89478484971ns
[    0.000027] clocksource: dmtimer: mask: 0xffffffff max_cycles: 0xffffffff, max_idle_ns: 79635851949 ns
[    0.000503] TI gptimer clockevent: 24000000 Hz at /ocp/interconnect@48000000/segment@0/target-module@40000
[    0.002085] Console: colour dummy device 80x30
[    0.002149] WARNING: Your 'console=ttyO0' has been replaced by 'ttyS0'
[    0.002158] This ensures that you still see kernel messages. Please
[    0.002162] update your kernel commandline.
[    0.002204] Calibrating delay loop... 996.14 BogoMIPS (lpj=4980736)
[    0.090617] CPU: Testing write buffer coherency: ok
[    0.090699] CPU0: Spectre v2: using BPIALL workaround
[    0.090708] pid_max: default: 32768 minimum: 301
[    0.091015] Mount-cache hash table entries: 1024 (order: 0, 4096 bytes, linear)
[    0.091036] Mountpoint-cache hash table entries: 1024 (order: 0, 4096 bytes, linear)
[    0.092626] CPU0: thread -1, cpu 0, socket -1, mpidr 0
[    0.092683] cacheinfo: Unable to detect cache hierarchy for CPU 0
[    0.094720] Setting up static identity map for 0x80100000 - 0x80100078
[    0.095034] rcu: Hierarchical SRCU implementation.
[    0.095044] rcu: 	Max phase no-delay instances is 1000.
[    0.096767] smp: Bringing up secondary CPUs ...
[    0.096826] smp: Brought up 1 node, 1 CPU
[    0.096837] SMP: Total of 1 processors activated (996.14 BogoMIPS).
[    0.096849] CPU: All CPU(s) started in SVC mode.
[    0.097056] Memory: 479964K/522240K available (12288K kernel code, 1231K rwdata, 2956K rodata, 1024K init, 255K bss, 24364K reserved, 16384K cma-reserved, 0K highmem)
[    0.097899] devtmpfs: initialized
[    0.115676] VFP support v0.3: implementor 41 architecture 3 part 30 variant c rev 3
[    0.116357] clocksource: jiffies: mask: 0xffffffff max_cycles: 0xffffffff, max_idle_ns: 19112604462750000 ns
[    0.116412] posixtimers hash table entries: 512 (order: 0, 4096 bytes, linear)
[    0.116436] futex hash table entries: 256 (16384 bytes on 1 NUMA nodes, total 16 KiB, linear).
[    0.119645] NET: Registered PF_NETLINK/PF_ROUTE protocol family
[    0.122784] DMA: preallocated 256 KiB pool for atomic coherent allocations
[    0.123754] audit: initializing netlink subsys (disabled)
[    0.125132] thermal_sys: Registered thermal governor 'fair_share'
[    0.125147] thermal_sys: Registered thermal governor 'step_wise'
[    0.125156] thermal_sys: Registered thermal governor 'user_space'
[    0.125268] audit: type=2000 audit(0.120:1): state=initialized audit_enabled=0 res=1
[    0.125342] cpuidle: using governor menu
[    0.143195] /ocp/interconnect@44c00000/segment@200000/target-module@b000/i2c@0/tda19988@70: Fixed dependency cycle(s) with /ocp/interconnect@48000000/segment@300000/target-module@e000/lcdc@0
[    0.144278] /ocp/interconnect@48000000/segment@300000/target-module@e000/lcdc@0: Fixed dependency cycle(s) with /ocp/interconnect@44c00000/segment@200000/target-module@b000/i2c@0/tda19988@70
[    0.146454] No ATAGs?
[    0.146491] hw-breakpoint: debug architecture 0x4 unsupported.
[    0.149158] kprobes: kprobe jump-optimization is enabled. All kprobes are optimized if possible.
[    0.153826] iommu: Default domain type: Translated
[    0.153849] iommu: DMA domain TLB invalidation policy: strict mode
[    0.161675] SCSI subsystem initialized
[    0.162549] pps_core: LinuxPPS API ver. 1 registered
[    0.162559] pps_core: Software ver. 5.3.6 - Copyright 2005-2007 Rodolfo Giometti <giometti@linux.it>
[    0.162584] PTP clock support registered
[    0.171459] vgaarb: loaded
[    0.171865] clocksource: Switched to clocksource dmtimer
[    0.172491] VFS: Disk quotas dquot_6.6.0
[    0.172551] VFS: Dquot-cache hash table entries: 1024 (order 0, 4096 bytes)
[    0.196819] NET: Registered PF_INET protocol family
[    0.197158] IP idents hash table entries: 8192 (order: 4, 65536 bytes, linear)
[    0.198577] tcp_listen_portaddr_hash hash table entries: 512 (order: 0, 4096 bytes, linear)
[    0.198612] Table-perturb hash table entries: 65536 (order: 6, 262144 bytes, linear)
[    0.198630] TCP established hash table entries: 4096 (order: 2, 16384 bytes, linear)
[    0.198674] TCP bind hash table entries: 4096 (order: 4, 65536 bytes, linear)
[    0.198774] TCP: Hash tables configured (established 4096 bind 4096)
[    0.198892] UDP hash table entries: 256 (order: 2, 14336 bytes, linear)
[    0.198927] UDP-Lite hash table entries: 256 (order: 2, 14336 bytes, linear)
[    0.199121] NET: Registered PF_UNIX/PF_LOCAL protocol family
[    0.202662] RPC: Registered named UNIX socket transport module.
[    0.202686] RPC: Registered udp transport module.
[    0.202691] RPC: Registered tcp transport module.
[    0.202696] RPC: Registered tcp-with-tls transport module.
[    0.202701] RPC: Registered tcp NFSv4.1 backchannel transport module.
[    0.202726] PCI: CLS 0 bytes, default 64
[    0.204175] Initialise system trusted keyrings
[    0.212280] workingset: timestamp_bits=14 max_order=17 bucket_order=3
[    0.213697] NFS: Registering the id_resolver key type
[    0.213754] Key type id_resolver registered
[    0.213761] Key type id_legacy registered
[    0.213878] jffs2: version 2.2. (NAND) (SUMMARY)  Â© 2001-2006 Red Hat, Inc.
[    0.214351] Key type asymmetric registered
[    0.214369] Asymmetric key parser 'x509' registered
[    0.214440] io scheduler mq-deadline registered
[    0.214450] io scheduler kyber registered
[    0.214532] io scheduler bfq registered
[    0.216402] target-module@4b000000:target-module@140000:pmu@0:fck: device ID is greater than 24
[    0.222161] ledtrig-cpu: registered to indicate activity on CPUs
[    0.225912] Serial: 8250/16550 driver, 6 ports, IRQ sharing enabled
[    0.265559] brd: module loaded
[    0.287246] loop: module loaded
[    0.288179] mtdoops: mtd device (mtddev=name/number) must be supplied
[    0.291210] i2c_dev: i2c /dev entries driver
[    0.292415] cpuidle: enable-method property 'ti,am3352' found operations
[    0.292866] sdhci: Secure Digital Host Controller Interface driver
[    0.292875] sdhci: Copyright(c) Pierre Ossman
[    0.293060] sdhci-pltfm: SDHCI platform and OF driver helper
[    0.302231] hw perfevents: enabled with armv7_cortex_a8 PMU driver, 5 (8000000f) counters available
[    0.302797] Initializing XFRM netlink socket
[    0.302969] NET: Registered PF_INET6 protocol family
[    0.304993] Segment Routing with IPv6
[    0.305075] In-situ OAM (IOAM) with IPv6
[    0.305172] sit: IPv6, IPv4 and MPLS over IPv4 tunneling driver
[    0.306143] NET: Registered PF_PACKET protocol family
[    0.306161] PFKEY is deprecated and scheduled to be removed in 2027, please contact the netdev mailing list
[    0.306177] NET: Registered PF_KEY protocol family
[    0.306318] Key type dns_resolver registered
[    0.306553] ThumbEE CPU extension supported.
[    0.306572] Registering SWP/SWPB emulation handler
[    0.307089] omap_voltage_late_init: Voltage driver support not added
[    0.307753] SmartReflex Class3 initialized
[    0.343236] Loading compiled-in X.509 certificates
[    0.380060] /ocp/interconnect@44c00000/segment@200000/target-module@b000/i2c@0/tda19988@70: Fixed dependency cycle(s) with /ocp/interconnect@48000000/segment@300000/target-module@e000/lcdc@0
[    0.386665] /ocp/interconnect@44c00000/segment@200000/target-module@b000/i2c@0/tda19988@70: Fixed dependency cycle(s) with /ocp/interconnect@48000000/segment@300000/target-module@e000/lcdc@0
[    0.429788] /ocp/interconnect@44c00000/segment@200000/target-module@b000/i2c@0/tda19988@70: Fixed dependency cycle(s) with /ocp/interconnect@48000000/segment@300000/target-module@e000/lcdc@0
[    0.430681] /ocp/interconnect@44c00000/segment@200000/target-module@b000/i2c@0/tda19988@70: Fixed dependency cycle(s) with /ocp/interconnect@48000000/segment@300000/target-module@e000/lcdc@0
[    0.434515] /ocp/interconnect@44c00000/segment@200000/target-module@10000/scm@0/pinmux@800: Fixed dependency cycle(s) with /ocp/interconnect@44c00000/segment@200000/target-module@10000/scm@0/pinmux@800/clkout2-pins
[    0.435104] pinctrl-single 44e10800.pinmux: 142 pins, size 568
[    0.470075] /ocp/interconnect@48000000/segment@300000/target-module@e000/lcdc@0: Fixed dependency cycle(s) with /ocp/interconnect@44c00000/segment@200000/target-module@b000/i2c@0/tda19988@70
[    0.515765] OMAP GPIO hardware version 0.1
[    0.563158] omap_i2c 4819c000.i2c: bus 2 rev0.11 at 100 kHz
[    0.597236] 48000000.interconnect:segment@200000:target-module@0:mpu@0:fck: device ID is greater than 24
[    0.598158] /ocp/interconnect@48000000/segment@300000/target-module@e000/lcdc@0: Fixed dependency cycle(s) with /ocp/interconnect@44c00000/segment@200000/target-module@b000/i2c@0/tda19988@70
[    0.601001] /ocp/interconnect@48000000/segment@300000/target-module@e000/lcdc@0: Fixed dependency cycle(s) with /ocp/interconnect@44c00000/segment@200000/target-module@b000/i2c@0/tda19988@70
[    0.601723] /ocp/interconnect@44c00000/segment@200000/target-module@b000/i2c@0/tda19988@70: Fixed dependency cycle(s) with /ocp/interconnect@48000000/segment@300000/target-module@e000/lcdc@0
[    0.602080] /ocp/interconnect@48000000/segment@300000/target-module@e000/lcdc@0: Fixed dependency cycle(s) with /ocp/interconnect@44c00000/segment@200000/target-module@b000/i2c@0/tda19988@70
[    0.609833] sdhci-omap 481d8000.mmc: supply pbias not found, using dummy regulator
[    0.610297] sdhci-omap 481d8000.mmc: supply vqmmc not found, using dummy regulator
[    0.672036] davinci_mdio 4a101000.mdio: davinci mdio revision 1.6, bus freq 1000000
[    0.829394] davinci_mdio 4a101000.mdio: phy[0]: device 4a101000.mdio:00, driver SMSC LAN8710/LAN8720
[    0.830169] cpsw-switch 4a100000.switch: initialized cpsw ale version 1.4
[    0.830190] cpsw-switch 4a100000.switch: ALE Table size 1024, Policers 0
[    0.830365] cpsw-switch 4a100000.switch: cpts: overflow check period 500 (jiffies)
[    0.830381] cpsw-switch 4a100000.switch: CPTS: ref_clk_freq:250000000 calc_mult:2147483648 calc_shift:29 error:0 nsec/sec
[    0.830478] cpsw-switch 4a100000.switch: Detected MACID = 6c:ec:eb:68:de:78
[    0.832528] cpsw-switch 4a100000.switch: initialized (regs 0x4a100000, pool size 256) hw_ver:0019010C 1.12 (0)
[    0.844979] debugfs: '49000000.dma' already exists in 'dmaengine'
[    0.845023] edma 49000000.dma: TI EDMA DMA engine driver
[    0.898555] ti-sysc 44e31000.target-module: Failed to create device link (0x180) with supplier ocp for /ocp/interconnect@44c00000/segment@200000/target-module@31000/timer@0
[    0.898615] ti-sysc 48040000.target-module: Failed to create device link (0x180) with supplier ocp for /ocp/interconnect@48000000/segment@0/target-module@40000/timer@0
[    0.915720] 44e09000.serial: ttyS0 at MMIO 0x44e09000 (irq = 34, base_baud = 3000000) is a 8250
[    0.915840] printk: legacy console [ttyS0] enabled
[    2.452827] tps65217-pmic: Failed to locate of_node [id: -1]
[    2.458905] tps65217-bl: Failed to locate of_node [id: -1]
[    2.466362] platform tps65217-charger: DMA mask not set
[    2.473420] platform tps65217-pwrbutton: DMA mask not set
[    2.481224] tps65217 0-0024: TPS65217 ID 0xe version 1.2
[    2.487334] /ocp/interconnect@48000000/segment@300000/target-module@e000/lcdc@0: Fixed dependency cycle(s) with /ocp/interconnect@44c00000/segment@200000/target-module@b000/i2c@0/tda19988@70
[    2.504739] /ocp/interconnect@44c00000/segment@200000/target-module@b000/i2c@0/tda19988@70: Fixed dependency cycle(s) with /ocp/interconnect@48000000/segment@300000/target-module@e000/lcdc@0
[    2.522118] omap_i2c 44e0b000.i2c: bus 0 rev0.11 at 400 kHz
[    2.530137] omap_gpio 44e07000.gpio: Could not set line 6 debounce to 200000 microseconds (-22)
[    2.539016] sdhci-omap 48060000.mmc: Got CD GPIO
[    2.544055] sdhci-omap 48060000.mmc: supply pbias not found, using dummy regulator
[    2.554437] sdhci-omap 48060000.mmc: supply vqmmc not found, using dummy regulator
[    2.563484] sdhci-omap 481d8000.mmc: supply pbias not found, using dummy regulator
[    2.571451] sdhci-omap 481d8000.mmc: supply vqmmc not found, using dummy regulator
[    2.608515] mmc1: SDHCI controller on 481d8000.mmc [481d8000.mmc] using External DMA
[    2.616954] mmc0: SDHCI controller on 48060000.mmc [48060000.mmc] using External DMA
[    2.625787] cpsw-switch 4a100000.switch: starting ndev. mode: dual_mac
[    2.692142] mmc1: new high speed MMC card at address 0001
[    2.698978] mmcblk1: mmc1:0001 MMC04G 3.60 GiB
[    2.706828]  mmcblk1: p1 p2
[    2.710586] SMSC LAN8710/LAN8720 4a101000.mdio:00: attached PHY driver (mii_bus:phy_addr=4a101000.mdio:00, irq=POLL)
[    2.722112] mmcblk1boot0: mmc1:0001 MMC04G 2.00 MiB
[    2.736376] mmcblk1boot1: mmc1:0001 MMC04G 2.00 MiB
[    2.745354] mmcblk1rpmb: mmc1:0001 MMC04G 128 KiB, chardev (249:0)
[    2.795374] mmc0: new high speed SDHC card at address aaaa
[    2.802305] mmcblk0: mmc0:aaaa SE32G 29.7 GiB
[    2.811354]  mmcblk0: p1 p2
[    5.842615] cpsw-switch 4a100000.switch eth0: Link is Up - 100Mbps/Full - flow control off
[    5.871876] IP-Config: Complete:
[    5.875148]      device=eth0, hwaddr=6c:ec:eb:68:de:78, ipaddr=192.168.255.1, mask=255.255.255.0, gw=255.255.255.255
[    5.885787]      host=bbb1, domain=, nis-domain=(none)
[    5.890954]      bootserver=192.168.255.126, rootserver=192.168.255.126, rootpath=
[    5.891379] clk: Disabling unused clocks
[    5.903252] PM: genpd: Disabling unused power domains
[    5.908414] KTAP version 1
[    5.911140] 1..0
[    5.913926] check access for rdinit=/init failed: -2, ignoring
[    5.953787] VFS: Mounted root (nfs filesystem) on device 0:17.
[    5.960767] devtmpfs: mounted
[    5.965543] Freeing unused kernel image (initmem) memory: 1024K
[    5.972316] Run /sbin/init as init process
[    6.667527] systemd[1]: System time before build time, advancing clock.
[    8.181890] random: crng init done
[    8.214471] systemd[1]: systemd 232 running in system mode. (+PAM +AUDIT +SELINUX +IMA +APPARMOR +SMACK +SYSVINIT +UTMP +LIBCRYPTSETUP +GCRYPT +GNUTLS +ACL +XZ +LZ4 +SECCOMP +BLKID +ELFUTILS +KMOD +IDN)
[    8.233583] systemd[1]: Detected architecture arm.

Welcome to [1mDebian GNU/Linux 9 (stretch)[0m!

[    8.265371] systemd[1]: Set hostname to <arm>.
[    9.399430] systemd[1]: Started Dispatch Password Requests to Console Directory Watch.
[[0;32m  OK  [0m] Started Dispatch Password Requests to Console Directory Watch.
[    9.435910] systemd[1]: Listening on /dev/initctl Compatibility Named Pipe.
[[0;32m  OK  [0m] Listening on /dev/initctl Compatibility Named Pipe.
[    9.463352] systemd[1]: Created slice User and Session Slice.
[[0;32m  OK  [0m] Created slice User and Session Slice.
[    9.493257] systemd[1]: Created slice System Slice.
[[0;32m  OK  [0m] Created slice System Slice.
[    9.532573] systemd[1]: Mounting POSIX Message Queue File System...
         Mounting POSIX Message Queue File System...
[    9.563915] systemd[1]: Reached target Slices.
[[0;32m  OK  [0m] Reached target Slices.
[    9.574594] systemd[1]: Created slice system-serial\x2dgetty.slice.
[[0;32m  OK  [0m] Created slice system-serial\x2dgetty.slice.
[[0;32m  OK  [0m] Listening on Journal Socket.
         Starting Remount Root and Kernel File Systems...
[[0;32m  OK  [0m] Listening on udev Control Socket.
[[0;32m  OK  [0m] Started Forward Password Requests to Wall Directory Watch.
[[0;32m  OK  [0m] Reached target Encrypted Volumes.
[[0;32m  OK  [0m] Listening on Journal Socket (/dev/log).
[[0;32m  OK  [0m] Listening on udev Kernel Socket.
[[0;32m  OK  [0m] Reached target Swap.
[[0;32m  OK  [0m] Listening on Syslog Socket.
         Starting Create list of required stâ€¦ce nodes for the current kernel...
[[0;32m  OK  [0m] Reached target Remote File Systems.
[[0;32m  OK  [0m] Created slice system-getty.slice.
         Starting Load Kernel Modules...
[[0;32m  OK  [0m] Listening on Journal Audit Socket.
[[0;32m  OK  [0m] Set up automount Arbitrary Executabâ€¦rmats File System Automount Point.
[[0;32m  OK  [0m] Reached target Paths.
         Starting Journal Service...
         Mounting Debug File System...
[[0;32m  OK  [0m] Mounted POSIX Message Queue File System.
[[0;32m  OK  [0m] Started Remount Root and Kernel File Systems.
[[0;32m  OK  [0m] Started Create list of required staâ€¦vice nodes for the current kernel.
[[0;32m  OK  [0m] Started Load Kernel Modules.
         Mounting Configuration File System...
         Starting Apply Kernel Variables...
         Starting Create Static Device Nodes in /dev...
         Starting Load/Save Random Seed...
         Starting udev Coldplug all Devices...
[[0;32m  OK  [0m] Mounted Debug File System.
[[0;32m  OK  [0m] Mounted Configuration File System.
[[0;32m  OK  [0m] Started Apply Kernel Variables.
[[0;32m  OK  [0m] Started Load/Save Random Seed.
[[0;32m  OK  [0m] Started Create Static Device Nodes in /dev.
[[0;32m  OK  [0m] Reached target Local File Systems (Pre).
[[0;32m  OK  [0m] Reached target Local File Systems.
         Starting Raise network interfaces...
         Starting udev Kernel Device Manager...
[[0;32m  OK  [0m] Started Journal Service.
         Starting Flush Journal to Persistent Storage...
[   11.679599] systemd-journald[86]: Received request to flush runtime journal from PID 1
[[0;32m  OK  [0m] Started Flush Journal to Persistent Storage.
         Starting Create Volatile Files and Directories...
[[0;32m  OK  [0m] Started udev Kernel Device Manager.
[   12.644768] omap_prm 44e00d00.prm: sync_state() pending due to 44d00000.cpu
[[0;32m  OK  [0m] Started Create Volatile Files and Directories.
         Starting Network Time Synchronization...
         Starting Update UTMP about System Boot/Shutdown...
[[0;32m  OK  [0m] Started Update UTMP about System Boot/Shutdown.
[[0;32m  OK  [0m] Started udev Coldplug all Devices.
[   14.666424] remoteproc remoteproc0: wkup_m3 is available
[   15.098148] at24 2-0054: supply vcc not found, using dummy regulator
[   15.216727] omap_rtc 44e3e000.rtc: registered as rtc0
[   15.222086] omap_rtc 44e3e000.rtc: setting system clock to 2000-01-01T00:00:00 UTC (946684800)
[   15.246985] at24 2-0055: supply vcc not found, using dummy regulator
[[0;32m  OK  [0m] Found device /dev/ttyS0.
[[0;32m  OK  [0m] Started Network Time Synchronization.
[   15.315586] omap_wdt: OMAP Watchdog Timer Rev 0x01: initial timeout 60 sec
[   15.344340] at24 2-0056: supply vcc not found, using dummy regulator
[   15.478268] at24 2-0057: supply vcc not found, using dummy regulator
[   15.603061] at24 0-0050: 32768 byte 24c256 EEPROM, writable, 1 bytes/write
[   15.862209] input: tps65217_pwrbutton as /devices/platform/ocp/44c00000.interconnect/44c00000.interconnect:segment@200000/44e0b000.target-module/44e0b000.i2c/i2c-0/0-0024/tps65217-pwrbutton/input/input0
[[0;32m  OK  [0m] Reached target System Time Synchronized.
[[0;32m  OK  [0m] Reached target System Initialization.
[[0;32m  OK  [0m] Listening on Avahi mDNS/DNS-SD Stack Activation Socket.
[   16.116042] am335x-phy-driver 47401300.usb-phy: dummy supplies not allowed for exclusive requests (id=vbus)
[[0;32m  OK  [0m] Listening on D-Bus System Message Bus Socket.
[[0;32m  OK  [0m] Reached target Sockets.
[[0;32m  OK  [0m] Reached target Basic System.
         Starting DUN service...
[   16.449616] usbcore: registered new interface driver usbfs
[   16.455416] usbcore: registered new interface driver hub
[   16.460860] usbcore: registered new device driver usb
         Starting Cape Manager Service...
[   16.673759] am335x-phy-driver 47401b00.usb-phy: dummy supplies not allowed for exclusive requests (id=vbus)
         Starting Telephony service...
         Starting Avahi mDNS/DNS-SD Stack...
         Starting LSB: Load kernel modules needed to enable cpufreq scaling...
         Starting Login Service...
[   17.338502] musb-hdrc musb-hdrc.1: MUSB HDRC host driver
[   17.344161] musb-hdrc musb-hdrc.1: new USB bus registered, assigned bus number 1
[   17.484390] tda998x 0-0070: found TDA19988
[[0;32m  OK  [0m] Started Regular background program processing daemon.
         Starting LSB: Start busybox udhcpd at boot time...
[   17.654457] usb usb1: New USB device found, idVendor=1d6b, idProduct=0002, bcdDevice= 6.18
[   17.663032] usb usb1: New USB device strings: Mfr=3, Product=2, SerialNumber=1
[   17.670483] usb usb1: Product: MUSB HDRC host driver
[   17.675558] usb usb1: Manufacturer: Linux 6.18.0-rc5-next-20251111 musb-hcd
[   17.682598] usb usb1: SerialNumber: musb-hdrc.1
         Starting System Logging Service...
[   17.851151] omap-mailbox 480c8000.mailbox: omap mailbox rev 0x400
[[0;32m  OK  [0m] Started Daily Cleanup of Temporary Directories.
[   18.000747] remoteproc remoteproc0: powering up wkup_m3
[[0;32m  OK  [0m] Started D-Bus System Message Bus.
[   18.273344] hub 1-0:1.0: USB hub found
[   18.295596] remoteproc remoteproc0: Direct firmware load for am335x-pm-firmware.elf failed with error -2
[   18.305496] remoteproc remoteproc0: request_firmware failed: -2
[   18.311612] wkup_m3_ipc 44e11324.wkup_m3_ipc: rproc_boot failed
[   18.381694] hub 1-0:1.0: 1 port detected
[   21.164098] omap_rng 48310000.rng: Random Number Generator ver. 20
[   21.320811] tilcdc 4830e000.lcdc: bound 0-0070 (ops tda998x_driver_exit [tda998x])
[   21.381320] [drm] Initialized tilcdc 1.0.0 for 4830e000.lcdc on minor 0
[   21.432274] tilcdc 4830e000.lcdc: [drm] Cannot find any crtc or sizes
[   21.440334] tilcdc 4830e000.lcdc: [drm] Cannot find any crtc or sizes
[[0;32m  OK  [0m] Started Telephony service.
[   21.615513] ------------[ cut here ]------------
[   21.620214] WARNING: net/8021q/vlan_core.c:236 at vlan_for_each+0x114/0x134, CPU#0: avahi-daemon/187
[   21.629555] RTNL: assertion failed at net/8021q/vlan_core.c (236)
[   21.635713] Modules linked in: tilcdc drm_dma_helper omap_rng rng_core drm_client_lib snd_soc_davinci_mcasp snd_soc_ti_udma snd_soc_ti_edma snd_soc_ti_sdma snd_soc_core snd_pcm_dmaengine snd_pcm snd_timer snd omap_mailbox soundcore tda998x musb_dsps cec musb_hdrc drm_kms_helper udc_core usbcore drm phy_am335x phy_generic tps65218_pwrbutton cppi41 usb_common omap_wdt drm_panel_orientation_quirks rtc_omap watchdog at24 phy_am335x_control wkup_m3_ipc wkup_m3_rproc leds_gpio l ed_class cpufreq_dt autofs4
[   21.680452] CPU: 0 UID: 107 PID: 187 Comm: avahi-daemon Not tainted 6.18.0-rc5-next-20251111 #1 NONE 
[   21.680469] Hardware name: Generic AM33XX (Flattened Device Tree)
[   21.680478] Call trace: 
[   21.680494]  unwind_backtrace from show_stack+0x10/0x14
[   21.680533]  show_stack from dump_stack_lvl+0x50/0x64
[   21.680559]  dump_stack_lvl from __warn+0x88/0x148
[   21.680577]  __warn from warn_slowpath_fmt+0x19c/0x1b0
[   21.680590]  warn_slowpath_fmt from vlan_ for_each+0x114/0x134
[   21.680606]  vlan_for_each from cpsw_add_mc_addr+0x40/0xa4
[   21.680635]  cpsw_add_mc_addr from __hw_addr_ref_sync_dev+0x108/0x140
[   21.680658]  __hw_addr_ref_sync_dev from __dev_mc_add+0x7c/0x80
[   21.680674]  __dev_mc_add from igmp6_group_added+0xc8/0xe0
[   21.680707]  igmp6_group_added from __ipv6_dev_mc_inc+0x218/0x364
[   21.680731]  __ipv6_dev_mc_inc from __ipv6_sock_mc_join+0x11c/0x1c0
[   21.680754]  __ipv6_sock_mc_join from do_ipv6_setsockopt+0x1214/0x1310
[   21.680776]  do_ipv6_setsockopt from ipv6_setsockopt+0x60/0xcc
[   21.680792]  ipv6_setsockopt from udpv6_setsockopt+0x2c/0x6c
[   21.680809]  udpv6_setsockopt from sock_common_setsockopt+0x30/0x40
[   21.680832]  sock_common_setsockopt from do_sock_setsockopt+0x50/0x9c
[   21.680861]  do_sock_setsockopt from __sys_setsockopt+0x70/0xbc
[   21.680879]  __sys_setsockopt from ret_fast_syscall+0x0/0x58
[   21.680893] Exception stack(0xe0105fa8 to 0xe0105ff0)
[   21.680908] 5fa0:                   00000014 b6ff6ce8 0000000d 00000029 00000014 beaf79ec
[   21.680920] 5fc0: 00000014 b6ff6ce8 00000014 00000126 0000000d b6f9fff4 0044e988 00436558
[   21.680929] 5fe0: b6fb5088 beaf79d8 b6f92309 b6e6941a
[   21.680937] ---[ end trace 0000000000000000 ]---
[[0;32m  OK  [0m] Started DUN service.
[[0;32m  OK  [0m] Started Avahi mDNS/DNS-SD Stack.
         Starting Connection service...
         Starting Generic Board Startup...
[   22.275754] PM: Cannot get wkup_m3_ipc handle
[[0;32m  OK  [0m] Started Dailme priority
[   22.925131] PM: Cannot get wkup_m3_ipc handle
[   23.736517] Bluetooth: Core ver 2.22
[   23.740350] NET: Registered PF_BLUETOOTH protocol family
[   23.745901] Bluetooth: HCI device and connection manager initialized
[   23.752386] Bluetooth: HCI socket layer initialized
[   23.757299] Bluetooth: L2CAP socket layer initialized
[   23.762441] Bluetooth: SCO socket layer initialized
[   25.940492] gpio-537 (nxp,calib): gpiod_direction_output_nonotify: tried to set a GPIO tied to an IRQ as output
[   26.071338] PM: Cannot get wkup_m3_ipc handle
[   26.208917] PM: Cannot get wkup_m3_ipc handle
[   26.243821] tda9950 0-0034: TDA9950 CEC interface, hardware version 3.3
[   26.344844] PM: Cannot get wkup_m3_ipc handle
[[0;32m  OK  [0m] Started LSB: Start busybox udhcpd at boot time.
[[0;32m  OK  [0m] Started Raise network interfaces.
[[0;32m  OK  [0m] Started LSB: Load kernel modules needed to enable cpufreq scaling.
[[0;32m  OK  [0m] Started Connection service.
[[0;32m  OK  [0m] Started Login Service.
[   29.660693] configfs-gadget.g_multi gadget.0: HOST MAC 1c:ba:8c:a2:ed:6c
[   29.667719] configfs-gadget.g_multi gadget.0: MAC 1c:ba:8c:a2:ed:70
[   29.675139] configfs-gadget.g_multi gadget.0: HOST MAC 1c:ba:8c:a2:ed:6c
[   29.681977] configfs-gadget.g_multi gadget.0: MAC 1c:ba:8c:a2:ed:6d
[   29.702504] PM: Cannot get wkup_m3_ipc handle
         Starting Hostname Service...
         Starting WPA supplicant...
[[0;32m  OK  [0m] Reached target Sound Card.
         Starting LSB: set CPUFreq kernel parameters...
[[0;32m  OK  [0m] Started Hostname Service.
[[0;32m  OK  [0m] Started WPA supplicant.
[[0;32m  OK  [0m] Reached target Network.
         Starting Permit User Sessions...
[[0;32m  OK  [0m] Reached target Network is Online.
         Starting LSB: Advanced IEEE 802.11 management daemon...
         Starting The Apache HTTP Server...
         Starting OpenBSD Secure Shell server...
[[0;32m  OK  [0m] Started LSB: Advanced IEEE 802.11 management daemon.
[[0;32m  OK  [0m] Started Permit User Sessions.
[[0;32m  OK  [0m] Started LSB: set CPUFreq kernel parameters.
[[0;32m  OK  [0m] Started Getty on tty1.
[[0;32m  OK  [0m] Started Serial Getty on ttyS0.
[[0;32m  OK  [0m] Reached target Login Prompts.
[[0;32m  OK  [0m] Started OpenBSD Secure Shell server.
         Stopping LSB: Start busybox udhcpd at boot time...
[[0;32m  OK  [0m] Stopped LSB: Start busybox udhcpd at boot time.
         Starting dnsmasq - A lightweight DHCP and caching DNS server...
[[0;32m  OK  [0m] Started The Apache HTTP Server.
[[0;32m  OK  [0m] Started dnsmasq - A lightweight DHCP and caching DNS server.
[[0;32m  OK  [0m] Reached target Host and Network Name Lookups.
[[0;32m  OK  [0m] Started Serial Getty on ttyGS0.
[[0;32m  OK  [0m] Started Generic Board Startup.
[[0;32m  OK  [0m] Reached target Multi-User System.
[[0;32m  OK  [0m] Reached target Graphical Interface.
         Starting Update UTMP about System Runlevel Changes...
[[0;32m  OK  [0m] Started Update UTMP about System Runlevel Changes.

Debian GNU/Linux 9 arm ttyS0

default username:password is [debian:temppwd]

arm login: root
Password: 
Last login: Sat Jan  1 00:00:35 UTC 2000 on ttyS0
root
Linux arm 6.18.0-rc5-next-20251111 #1 SMP Tue Nov 11 16:03:08 EET 2025 armv7l

The programs included with the Debian GNU/Linux system are free software;
the exact distribution terms for each program are described in the
individual files in /usr/share/doc/*/copyright.

Debian GNU/Linux comes with ABSOLUTELY NO WARRANTY, to the extent
permitted by applicable law.
root@arm:~# root
-bash: root: command not found
root@arm:~# dmesg -n 1
root@arm:~# echo 'CZPF''SCKJVQ'
CZPFSCKJVQ
root@arm:~# run() { echo -n "$MARKER"; sh -c "$@"; echo "$MARKER $?"; }
root@arm:~# echo 'USXS''HMBEGH'
USXSHMBEGH
root@arm:~# MARKER='SHUT''BNLCNM' run 'cat /proc/version'
SHUTBNLCNMLinux version 6.18.0-rc5-next-20251111 (user01@drvtest01) (arm-none-eabi-gcc (Arm GNU Toolchain 14.2.Rel1 (Build arm-14.52)) 14.2.1 20241119, GNU ld (Arm GNU Toolchain 14.2.Rel1 (Build arm-14.52)) 2.43.1.20241119) #1 SMP Tue Nov 11 16:03:08 EET 2025
SHUTBNLCNM 0
root@arm:~# echo 'QPEH''NLKNBL'
QPEHNLKNBL
root@arm:~# MARKER='LJNH''XJKFNM' run false
LJNHXJKFNMLJNHXJKFNM 1
root@arm:~# Labgrid Console Logfile for main
Logfile started at 2025-11-11 16:05:55.884973
=== Log starts here ===

root@arm:~# run() { echo -n "$MARKER"; sh -c "$@"; echo "$MARKER $?"; }
root@arm:~# echo 'WNGZ''HWUBPX'
WNGZHWUBPX
root@arm:~# MARKER='YBQP''ZAWCVT' run 'ls /iio_generic_buffer; echo $?'
YBQPZAWCVT/iio_generic_buffer
0
YBQPZAWCVT 0
root@arm:~# Labgrid Console Logfile for main
Logfile started at 2025-11-11 16:05:59.210780
=== Log starts here ===

root@arm:~# run() { echo -n "$MARKER"; sh -c "$@"; echo "$MARKER $?"; }
root@arm:~# echo 'CUCS''ZKVWUH'
CUCSZKVWUH
root@arm:~# MARKER='MVMQ''XFHQWA' run dmesg
MVMQXFHQWA[    0.000000] Booting Linux on physical CPU 0x0
[    0.000000] Linux version 6.18.0-rc5-next-20251111 (user01@drvtest01) (arm-none-eabi-gcc (Arm GNU Toolchain 14.2.Rel1 (Build arm-14.52)) 14.2.1 20241119, GNU ld (Arm GNU Toolchain 14.2.Rel1 (Build arm-14.52)) 2.43.1.20241119) #1 SMP Tue Nov 11 16:03:08 EET 2025
[    0.000000] CPU: ARMv7 Processor [413fc082] revision 2 (ARMv7), cr=10c5387d
[    0.000000] CPU: PIPT / VIPT nonaliasing data cache, VIPT aliasing instruction cache
[    0.000000] OF: fdt: Machine model: TI AM335x BeagleBone Black
[    0.000000] Memory policy: Data cache writeback
[    0.000000] cma: Reserved 16 MiB at 0x9e800000
[    0.000000] Zone ranges:
[    0.000000]   Normal   [mem 0x0000000080000000-0x000000009fdfffff]
[    0.000000]   HighMem  empty
[    0.000000] Movable zone start for each node
[    0.000000] Early memory node ranges
[    0.000000]   node   0: [mem 0x0000000080000000-0x000000009fdfffff]
[    0.000000] Initmem setup node 0 [mem 0x0000000080000000-0x000000009fdfffff]
[    0.000000] On node 0, zone Normal: 512 pages in unavailable ranges
[    0.000000] OF: reserved mem: Reserved memory: No reserved-memory node in the DT
[    0.000000] CPU: All CPU(s) started in SVC mode.
[    0.000000] AM335X ES2.1 (sgx neon)
[    0.000000] percpu: Embedded 17 pages/cpu s39948 r8192 d21492 u69632
[    0.000000] pcpu-alloc: s39948 r8192 d21492 u69632 alloc=17*4096
[    0.000000] pcpu-alloc: [0] 0 
[    0.000000] Kernel command line: console=ttyO0,115200n8 root=/dev/nfs rw nfsroot=192.168.255.126:/home/user01/nfs,nfsvers=3 ip=192.168.255.1:192.168.255.126::255.255.255.0:bbb1:eth0 nfsrootdebug
[    0.000000] Unknown kernel command line parameters "nfsrootdebug", will be passed to user space.
[    0.000000] printk: log buffer data + meta data: 65536 + 204800 = 270336 bytes
[    0.000000] Dentry cache hash table entries: 65536 (order: 6, 262144 bytes, linear)
[    0.000000] Inode-cache hash table entries: 32768 (order: 5, 131072 bytes, linear)
[    0.000000] Built 1 zonelists, mobility grouping on.  Total pages: 130560
[    0.000000] mem auto-init: stack:off, heap alloc:off, heap free:off
[    0.000000] SLUB: HWalign=16, Order=0-3, MinObjects=0, CPUs=1, Nodes=1
[    0.000000] rcu: Hierarchical RCU implementation.
[    0.000000] rcu: 	RCU event tracing is enabled.
[    0.000000] rcu: 	RCU restricting CPUs from NR_CPUS=2 to nr_cpu_ids=1.
[    0.000000] 	Tracing variant of Tasks RCU enabled.
[    0.000000] rcu: RCU calculated value of scheduler-enlistment delay is 10 jiffies.
[    0.000000] rcu: Adjusting geometry for rcu_fanout_leaf=16, nr_cpu_ids=1
[    0.000000] RCU Tasks Trace: Setting shift to 0 and lim to 1 rcu_task_cb_adjust=1 rcu_task_cpu_ids=1.
[    0.000000] NR_IRQS: 16, nr_irqs: 16, preallocated irqs: 16
[    0.000000] IRQ: Found an INTC at 0x(ptrval) (revision 5.0) with 128 interrupts
[    0.000000] rcu: srcu_init: Setting srcu_struct sizes based on contention.
[    0.000000] TI gptimer clocksource: always-on /ocp/interconnect@44c00000/segment@200000/target-module@31000
[    0.000002] sched_clock: 32 bits at 24MHz, resolution 41ns, wraps every 89478484971ns
[    0.000027] clocksource: dmtimer: mask: 0xffffffff max_cycles: 0xffffffff, max_idle_ns: 79635851949 ns
[    0.000503] TI gptimer clockevent: 24000000 Hz at /ocp/interconnect@48000000/segment@0/target-module@40000
[    0.002085] Console: colour dummy device 80x30
[    0.002149] WARNING: Your 'console=ttyO0' has been replaced by 'ttyS0'
[    0.002158] This ensures that you still see kernel messages. Please
[    0.002162] update your kernel commandline.
[    0.002204] Calibrating delay loop... 996.14 BogoMIPS (lpj=4980736)
[    0.090617] CPU: Testing write buffer coherency: ok
[    0.090699] CPU0: Spectre v2: using BPIALL workaround
[    0.090708] pid_max: default: 32768 minimum: 301
[    0.091015] Mount-cache hash table entries: 1024 (order: 0, 4096 bytes, linear)
[    0.091036] Mountpoint-cache hash table entries: 1024 (order: 0, 4096 bytes, linear)
[    0.092626] CPU0: thread -1, cpu 0, socket -1, mpidr 0
[    0.092683] cacheinfo: Unable to detect cache hierarchy for CPU 0
[    0.094720] Setting up static identity map for 0x80100000 - 0x80100078
[    0.095034] rcu: Hierarchical SRCU implementation.
[    0.095044] rcu: 	Max phase no-delay instances is 1000.
[    0.096767] smp: Bringing up secondary CPUs ...
[    0.096826] smp: Brought up 1 node, 1 CPU
[    0.096837] SMP: Total of 1 processors activated (996.14 BogoMIPS).
[    0.096849] CPU: All CPU(s) started in SVC mode.
[    0.097056] Memory: 479964K/522240K available (12288K kernel code, 1231K rwdata, 2956K rodata, 1024K init, 255K bss, 24364K reserved, 16384K cma-reserved, 0K highmem)
[    0.097899] devtmpfs: initialized
[    0.115676] VFP support v0.3: implementor 41 architecture 3 part 30 variant c rev 3
[    0.116357] clocksource: jiffies: mask: 0xffffffff max_cycles: 0xffffffff, max_idle_ns: 19112604462750000 ns
[    0.116412] posixtimers hash table entries: 512 (order: 0, 4096 bytes, linear)
[    0.116436] futex hash table entries: 256 (16384 bytes on 1 NUMA nodes, total 16 KiB, linear).
[    0.119645] NET: Registered PF_NETLINK/PF_ROUTE protocol family
[    0.122784] DMA: preallocated 256 KiB pool for atomic coherent allocations
[    0.123754] audit: initializing netlink subsys (disabled)
[    0.125132] thermal_sys: Registered thermal governor 'fair_share'
[    0.125147] thermal_sys: Registered thermal governor 'step_wise'
[    0.125156] thermal_sys: Registered thermal governor 'user_space'
[    0.125268] audit: type=2000 audit(0.120:1): state=initialized audit_enabled=0 res=1
[    0.125342] cpuidle: using governor menu
[    0.143195] /ocp/interconnect@44c00000/segment@200000/target-module@b000/i2c@0/tda19988@70: Fixed dependency cycle(s) with /ocp/interconnect@48000000/segment@300000/target-module@e000/lcdc@0
[    0.144278] /ocp/interconnect@48000000/segment@300000/target-module@e000/lcdc@0: Fixed dependency cycle(s) with /ocp/interconnect@44c00000/segment@200000/target-module@b000/i2c@0/tda19988@70
[    0.146454] No ATAGs?
[    0.146491] hw-breakpoint: debug architecture 0x4 unsupported.
[    0.149158] kprobes: kprobe jump-optimization is enabled. All kprobes are optimized if possible.
[    0.153826] iommu: Default domain type: Translated
[    0.153849] iommu: DMA domain TLB invalidation policy: strict mode
[    0.155402] reg-fixed-voltage fixedregulator0: using DT '/fixedregulator0' for '(default)' GPIO lookup
[    0.155455] of_get_named_gpiod_flags: can't parse 'gpios' property of node '/fixedregulator0[0]'
[    0.155483] of_get_named_gpiod_flags: can't parse 'gpio' property of node '/fixedregulator0[0]'
[    0.155502] reg-fixed-voltage fixedregulator0: using lookup tables for GPIO lookup
[    0.155512] reg-fixed-voltage fixedregulator0: No GPIO consumer (default) found
[    0.161675] SCSI subsystem initialized
[    0.162156] libata version 3.00 loaded.
[    0.162549] pps_core: LinuxPPS API ver. 1 registered
[    0.162559] pps_core: Software ver. 5.3.6 - Copyright 2005-2007 Rodolfo Giometti <giometti@linux.it>
[    0.162584] PTP clock support registered
[    0.171459] vgaarb: loaded
[    0.171865] clocksource: Switched to clocksource dmtimer
[    0.172491] VFS: Disk quotas dquot_6.6.0
[    0.172551] VFS: Dquot-cache hash table entries: 1024 (order 0, 4096 bytes)
[    0.196819] NET: Registered PF_INET protocol family
[    0.197158] IP idents hash table entries: 8192 (order: 4, 65536 bytes, linear)
[    0.198577] tcp_listen_portaddr_hash hash table entries: 512 (order: 0, 4096 bytes, linear)
[    0.198612] Table-perturb hash table entries: 65536 (order: 6, 262144 bytes, linear)
[    0.198630] TCP established hash table entries: 4096 (order: 2, 16384 bytes, linear)
[    0.198674] TCP bind hash table entries: 4096 (order: 4, 65536 bytes, linear)
[    0.198774] TCP: Hash tables configured (established 4096 bind 4096)
[    0.198892] UDP hash table entries: 256 (order: 2, 14336 bytes, linear)
[    0.198927] UDP-Lite hash table entries: 256 (order: 2, 14336 bytes, linear)
[    0.199121] NET: Registered PF_UNIX/PF_LOCAL protocol family
[    0.202662] RPC: Registered named UNIX socket transport module.
[    0.202686] RPC: Registered udp transport module.
[    0.202691] RPC: Registered tcp transport module.
[    0.202696] RPC: Registered tcp-with-tls transport module.
[    0.202701] RPC: Registered tcp NFSv4.1 backchannel transport module.
[    0.202726] PCI: CLS 0 bytes, default 64
[    0.204175] Initialise system trusted keyrings
[    0.212280] workingset: timestamp_bits=14 max_order=17 bucket_order=3
[    0.213697] NFS: Registering the id_resolver key type
[    0.213754] Key type id_resolver registered
[    0.213761] Key type id_legacy registered
[    0.213878] jffs2: version 2.2. (NAND) (SUMMARY)  Â© 2001-2006 Red Hat, Inc.
[    0.214351] Key type asymmetric registered
[    0.214369] Asymmetric key parser 'x509' registered
[    0.214440] io scheduler mq-deadline registered
[    0.214450] io scheduler kyber registered
[    0.214532] io scheduler bfq registered
[    0.216402] target-module@4b000000:target-module@140000:pmu@0:fck: device ID is greater than 24
[    0.222161] ledtrig-cpu: registered to indicate activity on CPUs
[    0.225912] Serial: 8250/16550 driver, 6 ports, IRQ sharing enabled
[    0.265559] brd: module loaded
[    0.287246] loop: module loaded
[    0.288179] mtdoops: mtd device (mtddev=name/number) must be supplied
[    0.289733] mdio_bus fixed-0: using lookup tables for GPIO lookup
[    0.289759] mdio_bus fixed-0: No GPIO consumer reset found
[    0.291210] i2c_dev: i2c /dev entries driver
[    0.292415] cpuidle: enable-method property 'ti,am3352' found operations
[    0.292866] sdhci: Secure Digital Host Controller Interface driver
[    0.292875] sdhci: Copyright(c) Pierre Ossman
[    0.293060] sdhci-pltfm: SDHCI platform and OF driver helper
[    0.302231] hw perfevents: enabled with armv7_cortex_a8 PMU driver, 5 (8000000f) counters available
[    0.302797] Initializing XFRM netlink socket
[    0.302969] NET: Registered PF_INET6 protocol family
[    0.304993] Segment Routing with IPv6
[    0.305075] In-situ OAM (IOAM) with IPv6
[    0.305172] sit: IPv6, IPv4 and MPLS over IPv4 tunneling driver
[    0.306143] NET: Registered PF_PACKET protocol family
[    0.306161] PFKEY is deprecated and scheduled to be removed in 2027, please contact the netdev mailing list
[    0.306177] NET: Registered PF_KEY protocol family
[    0.306318] Key type dns_resolver registered
[    0.306553] ThumbEE CPU extension supported.
[    0.306572] Registering SWP/SWPB emulation handler
[    0.307089] omap_voltage_late_init: Voltage driver support not added
[    0.307753] SmartReflex Class3 initialized
[    0.343236] Loading compiled-in X.509 certificates
[    0.380060] /ocp/interconnect@44c00000/segment@200000/target-module@b000/i2c@0/tda19988@70: Fixed dependency cycle(s) with /ocp/interconnect@48000000/segment@300000/target-module@e000/lcdc@0
[    0.386665] /ocp/interconnect@44c00000/segment@200000/target-module@b000/i2c@0/tda19988@70: Fixed dependency cycle(s) with /ocp/interconnect@48000000/segment@300000/target-module@e000/lcdc@0
[    0.392384] gpiochip_find_base_unlocked: found new base at 512
[    0.429788] /ocp/interconnect@44c00000/segment@200000/target-module@b000/i2c@0/tda19988@70: Fixed dependency cycle(s) with /ocp/interconnect@48000000/segment@300000/target-module@e000/lcdc@0
[    0.430681] /ocp/interconnect@44c00000/segment@200000/target-module@b000/i2c@0/tda19988@70: Fixed dependency cycle(s) with /ocp/interconnect@48000000/segment@300000/target-module@e000/lcdc@0
[    0.434515] /ocp/interconnect@44c00000/segment@200000/target-module@10000/scm@0/pinmux@800: Fixed dependency cycle(s) with /ocp/interconnect@44c00000/segment@200000/target-module@10000/scm@0/pinmux@800/clkout2-pins
[    0.435104] pinctrl-single 44e10800.pinmux: 142 pins, size 568
[    0.470075] /ocp/interconnect@48000000/segment@300000/target-module@e000/lcdc@0: Fixed dependency cycle(s) with /ocp/interconnect@44c00000/segment@200000/target-module@b000/i2c@0/tda19988@70
[    0.490201] gpiochip_find_base_unlocked: found new base at 512
[    0.490302] gpio gpiochip0: (gpio-0-31): created GPIO range 0->7 ==> 44e10800.pinmux PIN 0->7
[    0.490322] gpio gpiochip0: (gpio-0-31): created GPIO range 8->11 ==> 44e10800.pinmux PIN 90->93
[    0.490338] gpio gpiochip0: (gpio-0-31): created GPIO range 12->27 ==> 44e10800.pinmux PIN 12->27
[    0.490353] gpio gpiochip0: (gpio-0-31): created GPIO range 28->31 ==> 44e10800.pinmux PIN 30->33
[    0.515431] gpio gpiochip0: (gpio-0-31): added GPIO chardev (254:0)
[    0.515678] gpio gpiochip0: registered GPIOs 512 to 543 on gpio-0-31
[    0.515765] OMAP GPIO hardware version 0.1
[    0.562166] i2c i2c-2: using DT '/ocp/interconnect@48000000/segment@100000/target-module@9c000/i2c@0' for 'scl' GPIO lookup
[    0.562238] of_get_named_gpiod_flags: can't parse 'scl-gpios' property of node '/ocp/interconnect@48000000/segment@100000/target-module@9c000/i2c@0[0]'
[    0.562280] of_get_named_gpiod_flags: can't parse 'scl-gpio' property of node '/ocp/interconnect@48000000/segment@100000/target-module@9c000/i2c@0[0]'
[    0.562316] i2c i2c-2: using lookup tables for GPIO lookup
[    0.562326] i2c i2c-2: No GPIO consumer scl found
[    0.562347] i2c i2c-2: using DT '/ocp/interconnect@48000000/segment@100000/target-module@9c000/i2c@0' for 'sda' GPIO lookup
[    0.562382] of_get_named_gpiod_flags: can't parse 'sda-gpios' property of node '/ocp/interconnect@48000000/segment@100000/target-module@9c000/i2c@0[0]'
[    0.562418] of_get_named_gpiod_flags: can't parse 'sda-gpio' property of node '/ocp/interconnect@48000000/segment@100000/target-module@9c000/i2c@0[0]'
[    0.562449] i2c i2c-2: using lookup tables for GPIO lookup
[    0.562457] i2c i2c-2: No GPIO consumer sda found
[    0.563158] omap_i2c 4819c000.i2c: bus 2 rev0.11 at 100 kHz
[    0.568868] gpiochip_find_base_unlocked: found new base at 544
[    0.568982] gpio gpiochip1: (gpio-32-63): created GPIO range 0->17 ==> 44e10800.pinmux PIN 34->51
[    0.569003] gpio gpiochip1: (gpio-32-63): created GPIO range 18->21 ==> 44e10800.pinmux PIN 77->80
[    0.569019] gpio gpiochip1: (gpio-32-63): created GPIO range 22->31 ==> 44e10800.pinmux PIN 56->65
[    0.573146] gpio gpiochip1: (gpio-32-63): added GPIO chardev (254:1)
[    0.573389] gpio gpiochip1: registered GPIOs 544 to 575 on gpio-32-63
[    0.575690] gpiochip_find_base_unlocked: found new base at 576
[    0.575781] gpio gpiochip2: (gpio-64-95): created GPIO range 0->4 ==> 44e10800.pinmux PIN 66->70
[    0.575801] gpio gpiochip2: (gpio-64-95): created GPIO range 5->6 ==> 44e10800.pinmux PIN 98->99
[    0.575817] gpio gpiochip2: (gpio-64-95): created GPIO range 7->8 ==> 44e10800.pinmux PIN 75->76
[    0.575832] gpio gpiochip2: (gpio-64-95): created GPIO range 13->13 ==> 44e10800.pinmux PIN 141->141
[    0.575848] gpio gpiochip2: (gpio-64-95): created GPIO range 14->21 ==> 44e10800.pinmux PIN 100->107
[    0.591101] gpio gpiochip2: (gpio-64-95): added GPIO chardev (254:2)
[    0.591335] gpio gpiochip2: registered GPIOs 576 to 607 on gpio-64-95
[    0.597236] 48000000.interconnect:segment@200000:target-module@0:mpu@0:fck: device ID is greater than 24
[    0.598158] /ocp/interconnect@48000000/segment@300000/target-module@e000/lcdc@0: Fixed dependency cycle(s) with /ocp/interconnect@44c00000/segment@200000/target-module@b000/i2c@0/tda19988@70
[    0.601001] /ocp/interconnect@48000000/segment@300000/target-module@e000/lcdc@0: Fixed dependency cycle(s) with /ocp/interconnect@44c00000/segment@200000/target-module@b000/i2c@0/tda19988@70
[    0.601723] /ocp/interconnect@44c00000/segment@200000/target-module@b000/i2c@0/tda19988@70: Fixed dependency cycle(s) with /ocp/interconnect@48000000/segment@300000/target-module@e000/lcdc@0
[    0.602080] /ocp/interconnect@48000000/segment@300000/target-module@e000/lcdc@0: Fixed dependency cycle(s) with /ocp/interconnect@44c00000/segment@200000/target-module@b000/i2c@0/tda19988@70
[    0.609484] sdhci-omap 481d8000.mmc: using DT '/ocp/interconnect@48000000/segment@100000/target-module@d8000/mmc@0' for 'wp' GPIO lookup
[    0.609554] of_get_named_gpiod_flags: can't parse 'wp-gpios' property of node '/ocp/interconnect@48000000/segment@100000/target-module@d8000/mmc@0[0]'
[    0.609598] of_get_named_gpiod_flags: can't parse 'wp-gpio' property of node '/ocp/interconnect@48000000/segment@100000/target-module@d8000/mmc@0[0]'
[    0.609633] sdhci-omap 481d8000.mmc: using lookup tables for GPIO lookup
[    0.609644] sdhci-omap 481d8000.mmc: No GPIO consumer wp found
[    0.609833] sdhci-omap 481d8000.mmc: supply pbias not found, using dummy regulator
[    0.610297] sdhci-omap 481d8000.mmc: supply vqmmc not found, using dummy regulator
[    0.627248] mdio_bus 4a101000.mdio: using DT '/ocp/interconnect@4a000000/segment@0/target-module@100000/switch@0/mdio@1000' for 'reset' GPIO lookup
[    0.627319] of_get_named_gpiod_flags: can't parse 'reset-gpios' property of node '/ocp/interconnect@4a000000/segment@0/target-module@100000/switch@0/mdio@1000[0]'
[    0.627365] of_get_named_gpiod_flags: can't parse 'reset-gpio' property of node '/ocp/interconnect@4a000000/segment@0/target-module@100000/switch@0/mdio@1000[0]'
[    0.627411] mdio_bus 4a101000.mdio: using lookup tables for GPIO lookup
[    0.627421] mdio_bus 4a101000.mdio: No GPIO consumer reset found
[    0.672036] davinci_mdio 4a101000.mdio: davinci mdio revision 1.6, bus freq 1000000
[    0.693649] mdio_bus 4a101000.mdio:00: using DT '/ocp/interconnect@4a000000/segment@0/target-module@100000/switch@0/mdio@1000/ethernet-phy@0' for 'reset' GPIO lookup
[    0.693751] of_get_named_gpiod_flags: parsed 'reset-gpios' property of node '/ocp/interconnect@4a000000/segment@0/target-module@100000/switch@0/mdio@1000/ethernet-phy@0[0]' - status (0)
[    0.693907] gpio gpiochip0: Persistence not supported for GPIO 8
[    0.829394] davinci_mdio 4a101000.mdio: phy[0]: device 4a101000.mdio:00, driver SMSC LAN8710/LAN8720
[    0.830169] cpsw-switch 4a100000.switch: initialized cpsw ale version 1.4
[    0.830190] cpsw-switch 4a100000.switch: ALE Table size 1024, Policers 0
[    0.830365] cpsw-switch 4a100000.switch: cpts: overflow check period 500 (jiffies)
[    0.830381] cpsw-switch 4a100000.switch: CPTS: ref_clk_freq:250000000 calc_mult:2147483648 calc_shift:29 error:0 nsec/sec
[    0.830478] cpsw-switch 4a100000.switch: Detected MACID = 6c:ec:eb:68:de:78
[    0.832528] cpsw-switch 4a100000.switch: initialized (regs 0x4a100000, pool size 256) hw_ver:0019010C 1.12 (0)
[    0.844979] debugfs: '49000000.dma' already exists in 'dmaengine'
[    0.845023] edma 49000000.dma: TI EDMA DMA engine driver
[    0.898555] ti-sysc 44e31000.target-module: Failed to create device link (0x180) with supplier ocp for /ocp/interconnect@44c00000/segment@200000/target-module@31000/timer@0
[    0.898615] ti-sysc 48040000.target-module: Failed to create device link (0x180) with supplier ocp for /ocp/interconnect@48000000/segment@0/target-module@40000/timer@0
[    0.899558] gpio-clk clk_mcasp0: using DT '/clk_mcasp0' for 'enable' GPIO lookup
[    0.899622] of_get_named_gpiod_flags: parsed 'enable-gpios' property of node '/clk_mcasp0[0]' - status (0)
[    0.899667] gpio gpiochip0: Persistence not supported for GPIO 27
[    0.900427] gpiochip_find_base_unlocked: found new base at 608
[    0.900544] gpio gpiochip3: (gpio-96-127): created GPIO range 0->7 ==> 44e10800.pinmux PIN 82->89
[    0.900565] gpio gpiochip3: (gpio-96-127): created GPIO range 8->11 ==> 44e10800.pinmux PIN 52->55
[    0.900582] gpio gpiochip3: (gpio-96-127): created GPIO range 12->15 ==> 44e10800.pinmux PIN 94->97
[    0.900597] gpio gpiochip3: (gpio-96-127): created GPIO range 16->17 ==> 44e10800.pinmux PIN 71->72
[    0.900613] gpio gpiochip3: (gpio-96-127): created GPIO range 18->18 ==> 44e10800.pinmux PIN 135->135
[    0.900629] gpio gpiochip3: (gpio-96-127): created GPIO range 19->20 ==> 44e10800.pinmux PIN 108->109
[    0.900646] gpio gpiochip3: (gpio-96-127): created GPIO range 21->21 ==> 44e10800.pinmux PIN 73->73
[    0.900662] gpio gpiochip3: (gpio-96-127): created GPIO range 22->23 ==> 44e10800.pinmux PIN 8->9
[    0.900679] gpio gpiochip3: (gpio-96-127): created GPIO range 26->27 ==> 44e10800.pinmux PIN 10->11
[    0.900696] gpio gpiochip3: (gpio-96-127): created GPIO range 28->28 ==> 44e10800.pinmux PIN 74->74
[    0.900714] gpio gpiochip3: (gpio-96-127): created GPIO range 29->29 ==> 44e10800.pinmux PIN 81->81
[    0.900732] gpio gpiochip3: (gpio-96-127): created GPIO range 30->31 ==> 44e10800.pinmux PIN 28->29
[    0.912788] gpio gpiochip3: (gpio-96-127): added GPIO chardev (254:3)
[    0.913036] gpio gpiochip3: registered GPIOs 608 to 639 on gpio-96-127
[    0.914979] omap8250 44e09000.serial: using DT '/ocp/interconnect@44c00000/segment@200000/target-module@9000/serial@0' for 'rs485-term' GPIO lookup
[    0.915052] of_get_named_gpiod_flags: can't parse 'rs485-term-gpios' property of node '/ocp/interconnect@44c00000/segment@200000/target-module@9000/serial@0[0]'
[    0.915095] of_get_named_gpiod_flags: can't parse 'rs485-term-gpio' property of node '/ocp/interconnect@44c00000/segment@200000/target-module@9000/serial@0[0]'
[    0.915132] omap8250 44e09000.serial: using lookup tables for GPIO lookup
[    0.915142] omap8250 44e09000.serial: No GPIO consumer rs485-term found
[    0.915153] omap8250 44e09000.serial: using DT '/ocp/interconnect@44c00000/segment@200000/target-module@9000/serial@0' for 'rs485-rx-during-tx' GPIO lookup
[    0.915187] of_get_named_gpiod_flags: can't parse 'rs485-rx-during-tx-gpios' property of node '/ocp/interconnect@44c00000/segment@200000/target-module@9000/serial@0[0]'
[    0.915225] of_get_named_gpiod_flags: can't parse 'rs485-rx-during-tx-gpio' property of node '/ocp/interconnect@44c00000/segment@200000/target-module@9000/serial@0[0]'
[    0.915257] omap8250 44e09000.serial: using lookup tables for GPIO lookup
[    0.915264] omap8250 44e09000.serial: No GPIO consumer rs485-rx-during-tx found
[    0.915720] 44e09000.serial: ttyS0 at MMIO 0x44e09000 (irq = 34, base_baud = 3000000) is a 8250
[    0.915840] printk: legacy console [ttyS0] enabled
[    2.435046] i2c i2c-0: using DT '/ocp/interconnect@44c00000/segment@200000/target-module@b000/i2c@0' for 'scl' GPIO lookup
[    2.435133] of_get_named_gpiod_flags: can't parse 'scl-gpios' property of node '/ocp/interconnect@44c00000/segment@200000/target-module@b000/i2c@0[0]'
[    2.435178] of_get_named_gpiod_flags: can't parse 'scl-gpio' property of node '/ocp/interconnect@44c00000/segment@200000/target-module@b000/i2c@0[0]'
[    2.435217] i2c i2c-0: using lookup tables for GPIO lookup
[    2.435231] i2c i2c-0: No GPIO consumer scl found
[    2.435257] i2c i2c-0: using DT '/ocp/interconnect@44c00000/segment@200000/target-module@b000/i2c@0' for 'sda' GPIO lookup
[    2.435296] of_get_named_gpiod_flags: can't parse 'sda-gpios' property of node '/ocp/interconnect@44c00000/segment@200000/target-module@b000/i2c@0[0]'
[    2.435338] of_get_named_gpiod_flags: can't parse 'sda-gpio' property of node '/ocp/interconnect@44c00000/segment@200000/target-module@b000/i2c@0[0]'
[    2.435372] i2c i2c-0: using lookup tables for GPIO lookup
[    2.435383] i2c i2c-0: No GPIO consumer sda found
[    2.452827] tps65217-pmic: Failed to locate of_node [id: -1]
[    2.458905] tps65217-bl: Failed to locate of_node [id: -1]
[    2.466362] platform tps65217-charger: DMA mask not set
[    2.473420] platform tps65217-pwrbutton: DMA mask not set
[    2.481224] tps65217 0-0024: TPS65217 ID 0xe version 1.2
[    2.487334] /ocp/interconnect@48000000/segment@300000/target-module@e000/lcdc@0: Fixed dependency cycle(s) with /ocp/interconnect@44c00000/segment@200000/target-module@b000/i2c@0/tda19988@70
[    2.504739] /ocp/interconnect@44c00000/segment@200000/target-module@b000/i2c@0/tda19988@70: Fixed dependency cycle(s) with /ocp/interconnect@48000000/segment@300000/target-module@e000/lcdc@0
[    2.522118] omap_i2c 44e0b000.i2c: bus 0 rev0.11 at 400 kHz
[    2.529940] sdhci-omap 48060000.mmc: using DT '/ocp/interconnect@48000000/segment@0/target-module@60000/mmc@0' for 'cd' GPIO lookup
[    2.530045] of_get_named_gpiod_flags: parsed 'cd-gpios' property of node '/ocp/interconnect@48000000/segment@0/target-module@60000/mmc@0[0]' - status (0)
[    2.530110] gpio gpiochip3: Persistence not supported for GPIO 6
[    2.530137] omap_gpio 44e07000.gpio: Could not set line 6 debounce to 200000 microseconds (-22)
[    2.539016] sdhci-omap 48060000.mmc: Got CD GPIO
[    2.543697] sdhci-omap 48060000.mmc: using DT '/ocp/interconnect@48000000/segment@0/target-module@60000/mmc@0' for 'wp' GPIO lookup
[    2.543745] of_get_named_gpiod_flags: can't parse 'wp-gpios' property of node '/ocp/interconnect@48000000/segment@0/target-module@60000/mmc@0[0]'
[    2.543789] of_get_named_gpiod_flags: can't parse 'wp-gpio' property of node '/ocp/interconnect@48000000/segment@0/target-module@60000/mmc@0[0]'
[    2.543829] sdhci-omap 48060000.mmc: using lookup tables for GPIO lookup
[    2.543843] sdhci-omap 48060000.mmc: No GPIO consumer wp found
[    2.544055] sdhci-omap 48060000.mmc: supply pbias not found, using dummy regulator
[    2.552929] sdhci-omap 481d8000.mmc: using DT '/ocp/interconnect@48000000/segment@100000/target-module@d8000/mmc@0' for 'wp' GPIO lookup
[    2.553010] of_get_named_gpiod_flags: can't parse 'wp-gpios' property of node '/ocp/interconnect@48000000/segment@100000/target-module@d8000/mmc@0[0]'
[    2.553061] of_get_named_gpiod_flags: can't parse 'wp-gpio' property of node '/ocp/interconnect@48000000/segment@100000/target-module@d8000/mmc@0[0]'
[    2.553101] sdhci-omap 481d8000.mmc: using lookup tables for GPIO lookup
[    2.553114] sdhci-omap 481d8000.mmc: No GPIO consumer wp found
[    2.554437] sdhci-omap 48060000.mmc: supply vqmmc not found, using dummy regulator
[    2.563484] sdhci-omap 481d8000.mmc: supply pbias not found, using dummy regulator
[    2.571451] sdhci-omap 481d8000.mmc: supply vqmmc not found, using dummy regulator
[    2.608515] mmc1: SDHCI controller on 481d8000.mmc [481d8000.mmc] using External DMA
[    2.616954] mmc0: SDHCI controller on 48060000.mmc [48060000.mmc] using External DMA
[    2.625787] cpsw-switch 4a100000.switch: starting ndev. mode: dual_mac
[    2.692142] mmc1: new high speed MMC card at address 0001
[    2.698978] mmcblk1: mmc1:0001 MMC04G 3.60 GiB
[    2.706828]  mmcblk1: p1 p2
[    2.710586] SMSC LAN8710/LAN8720 4a101000.mdio:00: attached PHY driver (mii_bus:phy_addr=4a101000.mdio:00, irq=POLL)
[    2.722112] mmcblk1boot0: mmc1:0001 MMC04G 2.00 MiB
[    2.736376] mmcblk1boot1: mmc1:0001 MMC04G 2.00 MiB
[    2.745354] mmcblk1rpmb: mmc1:0001 MMC04G 128 KiB, chardev (249:0)
[    2.795374] mmc0: new high speed SDHC card at address aaaa
[    2.802305] mmcblk0: mmc0:aaaa SE32G 29.7 GiB
[    2.811354]  mmcblk0: p1 p2
[    5.842615] cpsw-switch 4a100000.switch eth0: Link is Up - 100Mbps/Full - flow control off
[    5.871876] IP-Config: Complete:
[    5.875148]      device=eth0, hwaddr=6c:ec:eb:68:de:78, ipaddr=192.168.255.1, mask=255.255.255.0, gw=255.255.255.255
[    5.885787]      host=bbb1, domain=, nis-domain=(none)
[    5.890954]      bootserver=192.168.255.126, rootserver=192.168.255.126, rootpath=
[    5.891379] clk: Disabling unused clocks
[    5.903252] PM: genpd: Disabling unused power domains
[    5.908414] KTAP version 1
[    5.911140] 1..0
[    5.913926] check access for rdinit=/init failed: -2, ignoring
[    5.953787] VFS: Mounted root (nfs filesystem) on device 0:17.
[    5.960767] devtmpfs: mounted
[    5.965543] Freeing unused kernel image (initmem) memory: 1024K
[    5.972316] Run /sbin/init as init process
[    5.976446]   with arguments:
[    5.976458]     /sbin/init
[    5.976467]     nfsrootdebug
[    5.976477]   with environment:
[    5.976486]     HOME=/
[    5.976494]     TERM=linux
[    6.667527] systemd[1]: System time before build time, advancing clock.
[    8.181890] random: crng init done
[    8.214471] systemd[1]: systemd 232 running in system mode. (+PAM +AUDIT +SELINUX +IMA +APPARMOR +SMACK +SYSVINIT +UTMP +LIBCRYPTSETUP +GCRYPT +GNUTLS +ACL +XZ +LZ4 +SECCOMP +BLKID +ELFUTILS +KMOD +IDN)
[    8.233583] systemd[1]: Detected architecture arm.
[    8.265371] systemd[1]: Set hostname to <arm>.
[    9.399430] systemd[1]: Started Dispatch Password Requests to Console Directory Watch.
[    9.435910] systemd[1]: Listening on /dev/initctl Compatibility Named Pipe.
[    9.463352] systemd[1]: Created slice User and Session Slice.
[    9.493257] systemd[1]: Created slice System Slice.
[    9.532573] systemd[1]: Mounting POSIX Message Queue File System...
[    9.563915] systemd[1]: Reached target Slices.
[    9.574594] systemd[1]: Created slice system-serial\x2dgetty.slice.
[   11.679599] systemd-journald[86]: Received request to flush runtime journal from PID 1
[   12.644768] omap_prm 44e00d00.prm: sync_state() pending due to 44d00000.cpu
[   14.372117] leds-gpio leds: using DT '/leds/led2' for '(default)' GPIO lookup
[   14.372221] of_get_named_gpiod_flags: parsed 'gpios' property of node '/leds/led2[0]' - status (0)
[   14.372277] gpio gpiochip0: Persistence not supported for GPIO 21
[   14.372293] gpio-533 (?): no flags found for GPIO (default)
[   14.447935] leds-gpio leds: using DT '/leds/led3' for '(default)' GPIO lookup
[   14.448045] of_get_named_gpiod_flags: parsed 'gpios' property of node '/leds/led3[0]' - status (0)
[   14.448299] gpio gpiochip0: Persistence not supported for GPIO 22
[   14.448318] gpio-534 (?): no flags found for GPIO (default)
[   14.477666] leds-gpio leds: using DT '/leds/led4' for '(default)' GPIO lookup
[   14.477754] of_get_named_gpiod_flags: parsed 'gpios' property of node '/leds/led4[0]' - status (0)
[   14.477804] gpio gpiochip0: Persistence not supported for GPIO 23
[   14.477821] gpio-535 (?): no flags found for GPIO (default)
[   14.522401] leds-gpio leds: using DT '/leds/led5' for '(default)' GPIO lookup
[   14.522498] of_get_named_gpiod_flags: parsed 'gpios' property of node '/leds/led5[0]' - status (0)
[   14.522547] gpio gpiochip0: Persistence not supported for GPIO 24
[   14.522562] gpio-536 (?): no flags found for GPIO (default)
[   14.666424] remoteproc remoteproc0: wkup_m3 is available
[   15.098148] at24 2-0054: supply vcc not found, using dummy regulator
[   15.216727] omap_rtc 44e3e000.rtc: registered as rtc0
[   15.222086] omap_rtc 44e3e000.rtc: setting system clock to 2000-01-01T00:00:00 UTC (946684800)
[   15.230783] omap_rtc 44e3e000.rtc: using DT '/ocp/interconnect@44c00000/segment@200000/target-module@3e000/rtc@0' for 'wp' GPIO lookup
[   15.230852] of_get_named_gpiod_flags: can't parse 'wp-gpios' property of node '/ocp/interconnect@44c00000/segment@200000/target-module@3e000/rtc@0[0]'
[   15.230901] of_get_named_gpiod_flags: can't parse 'wp-gpio' property of node '/ocp/interconnect@44c00000/segment@200000/target-module@3e000/rtc@0[0]'
[   15.230942] omap_rtc 44e3e000.rtc: using lookup tables for GPIO lookup
[   15.230957] omap_rtc 44e3e000.rtc: No GPIO consumer wp found
[   15.246985] at24 2-0055: supply vcc not found, using dummy regulator
[   15.315586] omap_wdt: OMAP Watchdog Timer Rev 0x01: initial timeout 60 sec
[   15.344340] at24 2-0056: supply vcc not found, using dummy regulator
[   15.478268] at24 2-0057: supply vcc not found, using dummy regulator
[   15.602492] at24 0-0050: using DT '/ocp/interconnect@44c00000/segment@200000/target-module@b000/i2c@0/eeprom@50' for 'wp' GPIO lookup
[   15.602607] of_get_named_gpiod_flags: can't parse 'wp-gpios' property of node '/ocp/interconnect@44c00000/segment@200000/target-module@b000/i2c@0/eeprom@50[0]'
[   15.602666] of_get_named_gpiod_flags: can't parse 'wp-gpio' property of node '/ocp/interconnect@44c00000/segment@200000/target-module@b000/i2c@0/eeprom@50[0]'
[   15.602712] at24 0-0050: using lookup tables for GPIO lookup
[   15.602727] at24 0-0050: No GPIO consumer wp found
[   15.603061] at24 0-0050: 32768 byte 24c256 EEPROM, writable, 1 bytes/write
[   15.862209] input: tps65217_pwrbutton as /devices/platform/ocp/44c00000.interconnect/44c00000.interconnect:segment@200000/44e0b000.target-module/44e0b000.i2c/i2c-0/0-0024/tps65217-pwrbutton/input/input0
[   16.115583] am335x-phy-driver 47401300.usb-phy: using DT '/ocp/target-module@47400000/usb-phy@1300' for 'reset' GPIO lookup
[   16.115678] of_get_named_gpiod_flags: can't parse 'reset-gpios' property of node '/ocp/target-module@47400000/usb-phy@1300[0]'
[   16.115725] of_get_named_gpiod_flags: can't parse 'reset-gpio' property of node '/ocp/target-module@47400000/usb-phy@1300[0]'
[   16.115763] am335x-phy-driver 47401300.usb-phy: using lookup tables for GPIO lookup
[   16.115778] am335x-phy-driver 47401300.usb-phy: No GPIO consumer reset found
[   16.115792] am335x-phy-driver 47401300.usb-phy: using DT '/ocp/target-module@47400000/usb-phy@1300' for 'vbus-detect' GPIO lookup
[   16.115824] of_get_named_gpiod_flags: can't parse 'vbus-detect-gpios' property of node '/ocp/target-module@47400000/usb-phy@1300[0]'
[   16.115855] of_get_named_gpiod_flags: can't parse 'vbus-detect-gpio' property of node '/ocp/target-module@47400000/usb-phy@1300[0]'
[   16.115881] am335x-phy-driver 47401300.usb-phy: using lookup tables for GPIO lookup
[   16.115894] am335x-phy-driver 47401300.usb-phy: No GPIO consumer vbus-detect found
[   16.116042] am335x-phy-driver 47401300.usb-phy: dummy supplies not allowed for exclusive requests (id=vbus)
[   16.449616] usbcore: registered new interface driver usbfs
[   16.455416] usbcore: registered new interface driver hub
[   16.460860] usbcore: registered new device driver usb
[   16.673306] am335x-phy-driver 47401b00.usb-phy: using DT '/ocp/target-module@47400000/usb-phy@1b00' for 'reset' GPIO lookup
[   16.673397] of_get_named_gpiod_flags: can't parse 'reset-gpios' property of node '/ocp/target-module@47400000/usb-phy@1b00[0]'
[   16.673440] of_get_named_gpiod_flags: can't parse 'reset-gpio' property of node '/ocp/target-module@47400000/usb-phy@1b00[0]'
[   16.673479] am335x-phy-driver 47401b00.usb-phy: using lookup tables for GPIO lookup
[   16.673494] am335x-phy-driver 47401b00.usb-phy: No GPIO consumer reset found
[   16.673509] am335x-phy-driver 47401b00.usb-phy: using DT '/ocp/target-module@47400000/usb-phy@1b00' for 'vbus-detect' GPIO lookup
[   16.673540] of_get_named_gpiod_flags: can't parse 'vbus-detect-gpios' property of node '/ocp/target-module@47400000/usb-phy@1b00[0]'
[   16.673572] of_get_named_gpiod_flags: can't parse 'vbus-detect-gpio' property of node '/ocp/target-module@47400000/usb-phy@1b00[0]'
[   16.673598] am335x-phy-driver 47401b00.usb-phy: using lookup tables for GPIO lookup
[   16.673610] am335x-phy-driver 47401b00.usb-phy: No GPIO consumer vbus-detect found
[   16.673759] am335x-phy-driver 47401b00.usb-phy: dummy supplies not allowed for exclusive requests (id=vbus)
[   17.338502] musb-hdrc musb-hdrc.1: MUSB HDRC host driver
[   17.344161] musb-hdrc musb-hdrc.1: new USB bus registered, assigned bus number 1
[   17.484390] tda998x 0-0070: found TDA19988
[   17.654457] usb usb1: New USB device found, idVendor=1d6b, idProduct=0002, bcdDevice= 6.18
[   17.663032] usb usb1: New USB device strings: Mfr=3, Product=2, SerialNumber=1
[   17.670483] usb usb1: Product: MUSB HDRC host driver
[   17.675558] usb usb1: Manufacturer: Linux 6.18.0-rc5-next-20251111 musb-hcd
[   17.682598] usb usb1: SerialNumber: musb-hdrc.1
[   17.851151] omap-mailbox 480c8000.mailbox: omap mailbox rev 0x400
[   18.000747] remoteproc remoteproc0: powering up wkup_m3
[   18.273344] hub 1-0:1.0: USB hub found
[   18.295596] remoteproc remoteproc0: Direct firmware load for am335x-pm-firmware.elf failed with error -2
[   18.305496] remoteproc remoteproc0: request_firmware failed: -2
[   18.311612] wkup_m3_ipc 44e11324.wkup_m3_ipc: rproc_boot failed
[   18.381694] hub 1-0:1.0: 1 port detected
[   21.164098] omap_rng 48310000.rng: Random Number Generator ver. 20
[   21.320811] tilcdc 4830e000.lcdc: bound 0-0070 (ops tda998x_driver_exit [tda998x])
[   21.381320] [drm] Initialized tilcdc 1.0.0 for 4830e000.lcdc on minor 0
[   21.432274] tilcdc 4830e000.lcdc: [drm] Cannot find any crtc or sizes
[   21.440334] tilcdc 4830e000.lcdc: [drm] Cannot find any crtc or sizes
[   21.615513] ------------[ cut here ]------------
[   21.620214] WARNING: net/8021q/vlan_core.c:236 at vlan_for_each+0x114/0x134, CPU#0: avahi-daemon/187
[   21.629555] RTNL: assertion failed at net/8021q/vlan_core.c (236)
[   21.635713] Modules linked in: tilcdc drm_dma_helper omap_rng rng_core drm_client_lib snd_soc_davinci_mcasp snd_soc_ti_udma snd_soc_ti_edma snd_soc_ti_sdma snd_soc_core snd_pcm_dmaengine snd_pcm snd_timer snd omap_mailbox soundcore tda998x musb_dsps cec musb_hdrc drm_kms_helper udc_core usbcore drm phy_am335x phy_generic tps65218_pwrbutton cppi41 usb_common omap_wdt drm_panel_orientation_quirks rtc_omap watchdog at24 phy_am335x_control wkup_m3_ipc wkup_m3_rproc leds_gpio led_class cpufreq_dt autofs4
[   21.680452] CPU: 0 UID: 107 PID: 187 Comm: avahi-daemon Not tainted 6.18.0-rc5-next-20251111 #1 NONE 
[   21.680469] Hardware name: Generic AM33XX (Flattened Device Tree)
[   21.680478] Call trace: 
[   21.680494]  unwind_backtrace from show_stack+0x10/0x14
[   21.680533]  show_stack from dump_stack_lvl+0x50/0x64
[   21.680559]  dump_stack_lvl from __warn+0x88/0x148
[   21.680577]  __warn from warn_slowpath_fmt+0x19c/0x1b0
[   21.680590]  warn_slowpath_fmt from vlan_for_each+0x114/0x134
[   21.680606]  vlan_for_each from cpsw_add_mc_addr+0x40/0xa4
[   21.680635]  cpsw_add_mc_addr from __hw_addr_ref_sync_dev+0x108/0x140
[   21.680658]  __hw_addr_ref_sync_dev from __dev_mc_add+0x7c/0x80
[   21.680674]  __dev_mc_add from igmp6_group_added+0xc8/0xe0
[   21.680707]  igmp6_group_added from __ipv6_dev_mc_inc+0x218/0x364
[   21.680731]  __ipv6_dev_mc_inc from __ipv6_sock_mc_join+0x11c/0x1c0
[   21.680754]  __ipv6_sock_mc_join from do_ipv6_setsockopt+0x1214/0x1310
[   21.680776]  do_ipv6_setsockopt from ipv6_setsockopt+0x60/0xcc
[   21.680792]  ipv6_setsockopt from udpv6_setsockopt+0x2c/0x6c
[   21.680809]  udpv6_setsockopt from sock_common_setsockopt+0x30/0x40
[   21.680832]  sock_common_setsockopt from do_sock_setsockopt+0x50/0x9c
[   21.680861]  do_sock_setsockopt from __sys_setsockopt+0x70/0xbc
[   21.680879]  __sys_setsockopt from ret_fast_syscall+0x0/0x58
[   21.680893] Exception stack(0xe0105fa8 to 0xe0105ff0)
[   21.680908] 5fa0:                   00000014 b6ff6ce8 0000000d 00000029 00000014 beaf79ec
[   21.680920] 5fc0: 00000014 b6ff6ce8 00000014 00000126 0000000d b6f9fff4 0044e988 00436558
[   21.680929] 5fe0: b6fb5088 beaf79d8 b6f92309 b6e6941a
[   21.680937] ---[ end trace 0000000000000000 ]---
[   22.275754] PM: Cannot get wkup_m3_ipc handle
[   22.361794] omap-sham 53100000.sham: hw accel on OMAP rev 4.3
[   22.672306] omap-sham 53100000.sham: will run requests pump with realtime priority
[   22.685863] PM: Cannot get wkup_m3_ipc handle
[   22.735283] omap-aes 53500000.aes: OMAP AES hw accel rev: 3.2
[   22.892129] omap-aes 53500000.aes: will run requests pump with realtime priority
[   22.925131] PM: Cannot get wkup_m3_ipc handle
[   23.736517] Bluetooth: Core ver 2.22
[   23.740350] NET: Registered PF_BLUETOOTH protocol family
[   23.745901] Bluetooth: HCI device and connection manager initialized
[   23.752386] Bluetooth: HCI socket layer initialized
[   23.757299] Bluetooth: L2CAP socket layer initialized
[   23.762441] Bluetooth: SCO socket layer initialized
[   25.937319] tda998x 0-0070: using DT '/ocp/interconnect@44c00000/segment@200000/target-module@b000/i2c@0/tda19988@70' for 'nxp,calib' GPIO lookup
[   25.937460] of_get_named_gpiod_flags: parsed 'nxp,calib-gpios' property of node '/ocp/interconnect@44c00000/segment@200000/target-module@b000/i2c@0/tda19988@70[0]' - status (0)
[   25.937539] gpio gpiochip0: Persistence not supported for GPIO 25
[   25.937554] gpio-537 (nxp,calib): no flags found for GPIO nxp,calib
[   25.940492] gpio-537 (nxp,calib): gpiod_direction_output_nonotify: tried to set a GPIO tied to an IRQ as output
[   26.071338] PM: Cannot get wkup_m3_ipc handle
[   26.077316] asoc-simple-card sound: using DT '/sound' for 'simple-audio-card,hp-det' GPIO lookup
[   26.077386] of_get_named_gpiod_flags: can't parse 'simple-audio-card,hp-det-gpios' property of node '/sound[0]'
[   26.077422] of_get_named_gpiod_flags: can't parse 'simple-audio-card,hp-det-gpio' property of node '/sound[0]'
[   26.077448] asoc-simple-card sound: using lookup tables for GPIO lookup
[   26.077462] asoc-simple-card sound: No GPIO consumer simple-audio-card,hp-det found
[   26.077477] asoc-simple-card sound: using DT '/sound' for 'simple-audio-card,mic-det' GPIO lookup
[   26.077502] of_get_named_gpiod_flags: can't parse 'simple-audio-card,mic-det-gpios' property of node '/sound[0]'
[   26.077527] of_get_named_gpiod_flags: can't parse 'simple-audio-card,mic-det-gpio' property of node '/sound[0]'
[   26.077546] asoc-simple-card sound: using lookup tables for GPIO lookup
[   26.077558] asoc-simple-card sound: No GPIO consumer simple-audio-card,mic-det found
[   26.208917] PM: Cannot get wkup_m3_ipc handle
[   26.243821] tda9950 0-0034: TDA9950 CEC interface, hardware version 3.3
[   26.344844] PM: Cannot get wkup_m3_ipc handle
[   29.327723] userial_init: registered 8 ttyGS* devices
[   29.610491] rndis_register: configNr = 0
[   29.659439] udc musb-hdrc.0: binding gadget driver [g_multi]
[   29.659535] configfs-gadget.g_multi gadget.0: adding 'rndis'/32fab552 to config 'c'/d7f05f3d
[   29.660693] configfs-gadget.g_multi gadget.0: HOST MAC 1c:ba:8c:a2:ed:6c
[   29.667719] configfs-gadget.g_multi gadget.0: MAC 1c:ba:8c:a2:ed:70
[   29.674165] rndis_set_param_medium: 0 0
[   29.674189] configfs-gadget.g_multi gadget.0: RNDIS: IN/ep1in OUT/ep1out NOTIFY/ep2in
[   29.674206] configfs-gadget.g_multi gadget.0: adding 'cdc_ethernet'/34710701 to config 'c'/d7f05f3d
[   29.675139] configfs-gadget.g_multi gadget.0: HOST MAC 1c:ba:8c:a2:ed:6c
[   29.681977] configfs-gadget.g_multi gadget.0: MAC 1c:ba:8c:a2:ed:6d
[   29.688309] configfs-gadget.g_multi gadget.0: CDC Ethernet: IN/ep3in OUT/ep2out NOTIFY/ep4in
[   29.688326] configfs-gadget.g_multi gadget.0: adding 'acm'/91775675 to config 'c'/d7f05f3d
[   29.688361] configfs-gadget.g_multi gadget.0: acm ttyGS0: IN/ep5in OUT/ep3out NOTIFY/ep6in
[   29.702504] PM: Cannot get wkup_m3_ipc handle
[   31.512859] configfs-gadget.g_multi gadget.0: eth_open
[   35.124928] gs_open: ttyGS0 (3f050dc4,8d85853a)
[   35.125082] gs_close: ttyGS0 (3f050dc4,8d85853a) ...
[   35.125105] gs_close: ttyGS0 (3f050dc4,8d85853a) done!
[   35.139598] gs_open: ttyGS0 (06364284,c50a463a)
[   35.139745] gs_close: ttyGS0 (06364284,c50a463a) ...
[   35.139768] gs_close: ttyGS0 (06364284,c50a463a) done!
[   35.286957] gs_open: ttyGS0 (3f050dc4,c5b3aaf0)
[   35.287205] gs_close: ttyGS0 (3f050dc4,c5b3aaf0) ...
[   35.287232] gs_close: ttyGS0 (3f050dc4,c5b3aaf0) done!
[   35.289183] gs_open: ttyGS0 (3f050dc4,c5b3aaf0)
MVMQXFHQWA 0
root@arm:~# echo 'HYKE''LZAPOK'
HYKELZAPOK
root@arm:~# MARKER='OBMP''ELZLCU' run 'modprobe test_linear_ranges'
OBMPELZLCUOBMPELZLCU 0
root@arm:~# echo 'LSLE''ZUZOEL'
LSLEZUZOEL
root@arm:~# MARKER='ZLPS''CPMYUM' run dmesg
ZLPSCPMYUM[    0.000000] Booting Linux on physical CPU 0x0
[    0.000000] Linux version 6.18.0-rc5-next-20251111 (user01@drvtest01) (arm-none-eabi-gcc (Arm GNU Toolchain 14.2.Rel1 (Build arm-14.52)) 14.2.1 20241119, GNU ld (Arm GNU Toolchain 14.2.Rel1 (Build arm-14.52)) 2.43.1.20241119) #1 SMP Tue Nov 11 16:03:08 EET 2025
[    0.000000] CPU: ARMv7 Processor [413fc082] revision 2 (ARMv7), cr=10c5387d
[    0.000000] CPU: PIPT / VIPT nonaliasing data cache, VIPT aliasing instruction cache
[    0.000000] OF: fdt: Machine model: TI AM335x BeagleBone Black
[    0.000000] Memory policy: Data cache writeback
[    0.000000] cma: Reserved 16 MiB at 0x9e800000
[    0.000000] Zone ranges:
[    0.000000]   Normal   [mem 0x0000000080000000-0x000000009fdfffff]
[    0.000000]   HighMem  empty
[    0.000000] Movable zone start for each node
[    0.000000] Early memory node ranges
[    0.000000]   node   0: [mem 0x0000000080000000-0x000000009fdfffff]
[    0.000000] Initmem setup node 0 [mem 0x0000000080000000-0x000000009fdfffff]
[    0.000000] On node 0, zone Normal: 512 pages in unavailable ranges
[    0.000000] OF: reserved mem: Reserved memory: No reserved-memory node in the DT
[    0.000000] CPU: All CPU(s) started in SVC mode.
[    0.000000] AM335X ES2.1 (sgx neon)
[    0.000000] percpu: Embedded 17 pages/cpu s39948 r8192 d21492 u69632
[    0.000000] pcpu-alloc: s39948 r8192 d21492 u69632 alloc=17*4096
[    0.000000] pcpu-alloc: [0] 0 
[    0.000000] Kernel command line: console=ttyO0,115200n8 root=/dev/nfs rw nfsroot=192.168.255.126:/home/user01/nfs,nfsvers=3 ip=192.168.255.1:192.168.255.126::255.255.255.0:bbb1:eth0 nfsrootdebug
[    0.000000] Unknown kernel command line parameters "nfsrootdebug", will be passed to user space.
[    0.000000] printk: log buffer data + meta data: 65536 + 204800 = 270336 bytes
[    0.000000] Dentry cache hash table entries: 65536 (order: 6, 262144 bytes, linear)
[    0.000000] Inode-cache hash table entries: 32768 (order: 5, 131072 bytes, linear)
[    0.000000] Built 1 zonelists, mobility grouping on.  Total pages: 130560
[    0.000000] mem auto-init: stack:off, heap alloc:off, heap free:off
[    0.000000] SLUB: HWalign=16, Order=0-3, MinObjects=0, CPUs=1, Nodes=1
[    0.000000] rcu: Hierarchical RCU implementation.
[    0.000000] rcu: 	RCU event tracing is enabled.
[    0.000000] rcu: 	RCU restricting CPUs from NR_CPUS=2 to nr_cpu_ids=1.
[    0.000000] 	Tracing variant of Tasks RCU enabled.
[    0.000000] rcu: RCU calculated value of scheduler-enlistment delay is 10 jiffies.
[    0.000000] rcu: Adjusting geometry for rcu_fanout_leaf=16, nr_cpu_ids=1
[    0.000000] RCU Tasks Trace: Setting shift to 0 and lim to 1 rcu_task_cb_adjust=1 rcu_task_cpu_ids=1.
[    0.000000] NR_IRQS: 16, nr_irqs: 16, preallocated irqs: 16
[    0.000000] IRQ: Found an INTC at 0x(ptrval) (revision 5.0) with 128 interrupts
[    0.000000] rcu: srcu_init: Setting srcu_struct sizes based on contention.
[    0.000000] TI gptimer clocksource: always-on /ocp/interconnect@44c00000/segment@200000/target-module@31000
[    0.000002] sched_clock: 32 bits at 24MHz, resolution 41ns, wraps every 89478484971ns
[    0.000027] clocksource: dmtimer: mask: 0xffffffff max_cycles: 0xffffffff, max_idle_ns: 79635851949 ns
[    0.000503] TI gptimer clockevent: 24000000 Hz at /ocp/interconnect@48000000/segment@0/target-module@40000
[    0.002085] Console: colour dummy device 80x30
[    0.002149] WARNING: Your 'console=ttyO0' has been replaced by 'ttyS0'
[    0.002158] This ensures that you still see kernel messages. Please
[    0.002162] update your kernel commandline.
[    0.002204] Calibrating delay loop... 996.14 BogoMIPS (lpj=4980736)
[    0.090617] CPU: Testing write buffer coherency: ok
[    0.090699] CPU0: Spectre v2: using BPIALL workaround
[    0.090708] pid_max: default: 32768 minimum: 301
[    0.091015] Mount-cache hash table entries: 1024 (order: 0, 4096 bytes, linear)
[    0.091036] Mountpoint-cache hash table entries: 1024 (order: 0, 4096 bytes, linear)
[    0.092626] CPU0: thread -1, cpu 0, socket -1, mpidr 0
[    0.092683] cacheinfo: Unable to detect cache hierarchy for CPU 0
[    0.094720] Setting up static identity map for 0x80100000 - 0x80100078
[    0.095034] rcu: Hierarchical SRCU implementation.
[    0.095044] rcu: 	Max phase no-delay instances is 1000.
[    0.096767] smp: Bringing up secondary CPUs ...
[    0.096826] smp: Brought up 1 node, 1 CPU
[    0.096837] SMP: Total of 1 processors activated (996.14 BogoMIPS).
[    0.096849] CPU: All CPU(s) started in SVC mode.
[    0.097056] Memory: 479964K/522240K available (12288K kernel code, 1231K rwdata, 2956K rodata, 1024K init, 255K bss, 24364K reserved, 16384K cma-reserved, 0K highmem)
[    0.097899] devtmpfs: initialized
[    0.115676] VFP support v0.3: implementor 41 architecture 3 part 30 variant c rev 3
[    0.116357] clocksource: jiffies: mask: 0xffffffff max_cycles: 0xffffffff, max_idle_ns: 19112604462750000 ns
[    0.116412] posixtimers hash table entries: 512 (order: 0, 4096 bytes, linear)
[    0.116436] futex hash table entries: 256 (16384 bytes on 1 NUMA nodes, total 16 KiB, linear).
[    0.119645] NET: Registered PF_NETLINK/PF_ROUTE protocol family
[    0.122784] DMA: preallocated 256 KiB pool for atomic coherent allocations
[    0.123754] audit: initializing netlink subsys (disabled)
[    0.125132] thermal_sys: Registered thermal governor 'fair_share'
[    0.125147] thermal_sys: Registered thermal governor 'step_wise'
[    0.125156] thermal_sys: Registered thermal governor 'user_space'
[    0.125268] audit: type=2000 audit(0.120:1): state=initialized audit_enabled=0 res=1
[    0.125342] cpuidle: using governor menu
[    0.143195] /ocp/interconnect@44c00000/segment@200000/target-module@b000/i2c@0/tda19988@70: Fixed dependency cycle(s) with /ocp/interconnect@48000000/segment@300000/target-module@e000/lcdc@0
[    0.144278] /ocp/interconnect@48000000/segment@300000/target-module@e000/lcdc@0: Fixed dependency cycle(s) with /ocp/interconnect@44c00000/segment@200000/target-module@b000/i2c@0/tda19988@70
[    0.146454] No ATAGs?
[    0.146491] hw-breakpoint: debug architecture 0x4 unsupported.
[    0.149158] kprobes: kprobe jump-optimization is enabled. All kprobes are optimized if possible.
[    0.153826] iommu: Default domain type: Translated
[    0.153849] iommu: DMA domain TLB invalidation policy: strict mode
[    0.155402] reg-fixed-voltage fixedregulator0: using DT '/fixedregulator0' for '(default)' GPIO lookup
[    0.155455] of_get_named_gpiod_flags: can't parse 'gpios' property of node '/fixedregulator0[0]'
[    0.155483] of_get_named_gpiod_flags: can't parse 'gpio' property of node '/fixedregulator0[0]'
[    0.155502] reg-fixed-voltage fixedregulator0: using lookup tables for GPIO lookup
[    0.155512] reg-fixed-voltage fixedregulator0: No GPIO consumer (default) found
[    0.161675] SCSI subsystem initialized
[    0.162156] libata version 3.00 loaded.
[    0.162549] pps_core: LinuxPPS API ver. 1 registered
[    0.162559] pps_core: Software ver. 5.3.6 - Copyright 2005-2007 Rodolfo Giometti <giometti@linux.it>
[    0.162584] PTP clock support registered
[    0.171459] vgaarb: loaded
[    0.171865] clocksource: Switched to clocksource dmtimer
[    0.172491] VFS: Disk quotas dquot_6.6.0
[    0.172551] VFS: Dquot-cache hash table entries: 1024 (order 0, 4096 bytes)
[    0.196819] NET: Registered PF_INET protocol family
[    0.197158] IP idents hash table entries: 8192 (order: 4, 65536 bytes, linear)
[    0.198577] tcp_listen_portaddr_hash hash table entries: 512 (order: 0, 4096 bytes, linear)
[    0.198612] Table-perturb hash table entries: 65536 (order: 6, 262144 bytes, linear)
[    0.198630] TCP established hash table entries: 4096 (order: 2, 16384 bytes, linear)
[    0.198674] TCP bind hash table entries: 4096 (order: 4, 65536 bytes, linear)
[    0.198774] TCP: Hash tables configured (established 4096 bind 4096)
[    0.198892] UDP hash table entries: 256 (order: 2, 14336 bytes, linear)
[    0.198927] UDP-Lite hash table entries: 256 (order: 2, 14336 bytes, linear)
[    0.199121] NET: Registered PF_UNIX/PF_LOCAL protocol family
[    0.202662] RPC: Registered named UNIX socket transport module.
[    0.202686] RPC: Registered udp transport module.
[    0.202691] RPC: Registered tcp transport module.
[    0.202696] RPC: Registered tcp-with-tls transport module.
[    0.202701] RPC: Registered tcp NFSv4.1 backchannel transport module.
[    0.202726] PCI: CLS 0 bytes, default 64
[    0.204175] Initialise system trusted keyrings
[    0.212280] workingset: timestamp_bits=14 max_order=17 bucket_order=3
[    0.213697] NFS: Registering the id_resolver key type
[    0.213754] Key type id_resolver registered
[    0.213761] Key type id_legacy registered
[    0.213878] jffs2: version 2.2. (NAND) (SUMMARY)  Â© 2001-2006 Red Hat, Inc.
[    0.214351] Key type asymmetric registered
[    0.214369] Asymmetric key parser 'x509' registered
[    0.214440] io scheduler mq-deadline registered
[    0.214450] io scheduler kyber registered
[    0.214532] io scheduler bfq registered
[    0.216402] target-module@4b000000:target-module@140000:pmu@0:fck: device ID is greater than 24
[    0.222161] ledtrig-cpu: registered to indicate activity on CPUs
[    0.225912] Serial: 8250/16550 driver, 6 ports, IRQ sharing enabled
[    0.265559] brd: module loaded
[    0.287246] loop: module loaded
[    0.288179] mtdoops: mtd device (mtddev=name/number) must be supplied
[    0.289733] mdio_bus fixed-0: using lookup tables for GPIO lookup
[    0.289759] mdio_bus fixed-0: No GPIO consumer reset found
[    0.291210] i2c_dev: i2c /dev entries driver
[    0.292415] cpuidle: enable-method property 'ti,am3352' found operations
[    0.292866] sdhci: Secure Digital Host Controller Interface driver
[    0.292875] sdhci: Copyright(c) Pierre Ossman
[    0.293060] sdhci-pltfm: SDHCI platform and OF driver helper
[    0.302231] hw perfevents: enabled with armv7_cortex_a8 PMU driver, 5 (8000000f) counters available
[    0.302797] Initializing XFRM netlink socket
[    0.302969] NET: Registered PF_INET6 protocol family
[    0.304993] Segment Routing with IPv6
[    0.305075] In-situ OAM (IOAM) with IPv6
[    0.305172] sit: IPv6, IPv4 and MPLS over IPv4 tunneling driver
[    0.306143] NET: Registered PF_PACKET protocol family
[    0.306161] PFKEY is deprecated and scheduled to be removed in 2027, please contact the netdev mailing list
[    0.306177] NET: Registered PF_KEY protocol family
[    0.306318] Key type dns_resolver registered
[    0.306553] ThumbEE CPU extension supported.
[    0.306572] Registering SWP/SWPB emulation handler
[    0.307089] omap_voltage_late_init: Voltage driver support not added
[    0.307753] SmartReflex Class3 initialized
[    0.343236] Loading compiled-in X.509 certificates
[    0.380060] /ocp/interconnect@44c00000/segment@200000/target-module@b000/i2c@0/tda19988@70: Fixed dependency cycle(s) with /ocp/interconnect@48000000/segment@300000/target-module@e000/lcdc@0
[    0.386665] /ocp/interconnect@44c00000/segment@200000/target-module@b000/i2c@0/tda19988@70: Fixed dependency cycle(s) with /ocp/interconnect@48000000/segment@300000/target-module@e000/lcdc@0
[    0.392384] gpiochip_find_base_unlocked: found new base at 512
[    0.429788] /ocp/interconnect@44c00000/segment@200000/target-module@b000/i2c@0/tda19988@70: Fixed dependency cycle(s) with /ocp/interconnect@48000000/segment@300000/target-module@e000/lcdc@0
[    0.430681] /ocp/interconnect@44c00000/segment@200000/target-module@b000/i2c@0/tda19988@70: Fixed dependency cycle(s) with /ocp/interconnect@48000000/segment@300000/target-module@e000/lcdc@0
[    0.434515] /ocp/interconnect@44c00000/segment@200000/target-module@10000/scm@0/pinmux@800: Fixed dependency cycle(s) with /ocp/interconnect@44c00000/segment@200000/target-module@10000/scm@0/pinmux@800/clkout2-pins
[    0.435104] pinctrl-single 44e10800.pinmux: 142 pins, size 568
[    0.470075] /ocp/interconnect@48000000/segment@300000/target-module@e000/lcdc@0: Fixed dependency cycle(s) with /ocp/interconnect@44c00000/segment@200000/target-module@b000/i2c@0/tda19988@70
[    0.490201] gpiochip_find_base_unlocked: found new base at 512
[    0.490302] gpio gpiochip0: (gpio-0-31): created GPIO range 0->7 ==> 44e10800.pinmux PIN 0->7
[    0.490322] gpio gpiochip0: (gpio-0-31): created GPIO range 8->11 ==> 44e10800.pinmux PIN 90->93
[    0.490338] gpio gpiochip0: (gpio-0-31): created GPIO range 12->27 ==> 44e10800.pinmux PIN 12->27
[    0.490353] gpio gpiochip0: (gpio-0-31): created GPIO range 28->31 ==> 44e10800.pinmux PIN 30->33
[    0.515431] gpio gpiochip0: (gpio-0-31): added GPIO chardev (254:0)
[    0.515678] gpio gpiochip0: registered GPIOs 512 to 543 on gpio-0-31
[    0.515765] OMAP GPIO hardware version 0.1
[    0.562166] i2c i2c-2: using DT '/ocp/interconnect@48000000/segment@100000/target-module@9c000/i2c@0' for 'scl' GPIO lookup
[    0.562238] of_get_named_gpiod_flags: can't parse 'scl-gpios' property of node '/ocp/interconnect@48000000/segment@100000/target-module@9c000/i2c@0[0]'
[    0.562280] of_get_named_gpiod_flags: can't parse 'scl-gpio' property of node '/ocp/interconnect@48000000/segment@100000/target-module@9c000/i2c@0[0]'
[    0.562316] i2c i2c-2: using lookup tables for GPIO lookup
[    0.562326] i2c i2c-2: No GPIO consumer scl found
[    0.562347] i2c i2c-2: using DT '/ocp/interconnect@48000000/segment@100000/target-module@9c000/i2c@0' for 'sda' GPIO lookup
[    0.562382] of_get_named_gpiod_flags: can't parse 'sda-gpios' property of node '/ocp/interconnect@48000000/segment@100000/target-module@9c000/i2c@0[0]'
[    0.562418] of_get_named_gpiod_flags: can't parse 'sda-gpio' property of node '/ocp/interconnect@48000000/segment@100000/target-module@9c000/i2c@0[0]'
[    0.562449] i2c i2c-2: using lookup tables for GPIO lookup
[    0.562457] i2c i2c-2: No GPIO consumer sda found
[    0.563158] omap_i2c 4819c000.i2c: bus 2 rev0.11 at 100 kHz
[    0.568868] gpiochip_find_base_unlocked: found new base at 544
[    0.568982] gpio gpiochip1: (gpio-32-63): created GPIO range 0->17 ==> 44e10800.pinmux PIN 34->51
[    0.569003] gpio gpiochip1: (gpio-32-63): created GPIO range 18->21 ==> 44e10800.pinmux PIN 77->80
[    0.569019] gpio gpiochip1: (gpio-32-63): created GPIO range 22->31 ==> 44e10800.pinmux PIN 56->65
[    0.573146] gpio gpiochip1: (gpio-32-63): added GPIO chardev (254:1)
[    0.573389] gpio gpiochip1: registered GPIOs 544 to 575 on gpio-32-63
[    0.575690] gpiochip_find_base_unlocked: found new base at 576
[    0.575781] gpio gpiochip2: (gpio-64-95): created GPIO range 0->4 ==> 44e10800.pinmux PIN 66->70
[    0.575801] gpio gpiochip2: (gpio-64-95): created GPIO range 5->6 ==> 44e10800.pinmux PIN 98->99
[    0.575817] gpio gpiochip2: (gpio-64-95): created GPIO range 7->8 ==> 44e10800.pinmux PIN 75->76
[    0.575832] gpio gpiochip2: (gpio-64-95): created GPIO range 13->13 ==> 44e10800.pinmux PIN 141->141
[    0.575848] gpio gpiochip2: (gpio-64-95): created GPIO range 14->21 ==> 44e10800.pinmux PIN 100->107
[    0.591101] gpio gpiochip2: (gpio-64-95): added GPIO chardev (254:2)
[    0.591335] gpio gpiochip2: registered GPIOs 576 to 607 on gpio-64-95
[    0.597236] 48000000.interconnect:segment@200000:target-module@0:mpu@0:fck: device ID is greater than 24
[    0.598158] /ocp/interconnect@48000000/segment@300000/target-module@e000/lcdc@0: Fixed dependency cycle(s) with /ocp/interconnect@44c00000/segment@200000/target-module@b000/i2c@0/tda19988@70
[    0.601001] /ocp/interconnect@48000000/segment@300000/target-module@e000/lcdc@0: Fixed dependency cycle(s) with /ocp/interconnect@44c00000/segment@200000/target-module@b000/i2c@0/tda19988@70
[    0.601723] /ocp/interconnect@44c00000/segment@200000/target-module@b000/i2c@0/tda19988@70: Fixed dependency cycle(s) with /ocp/interconnect@48000000/segment@300000/target-module@e000/lcdc@0
[    0.602080] /ocp/interconnect@48000000/segment@300000/target-module@e000/lcdc@0: Fixed dependency cycle(s) with /ocp/interconnect@44c00000/segment@200000/target-module@b000/i2c@0/tda19988@70
[    0.609484] sdhci-omap 481d8000.mmc: using DT '/ocp/interconnect@48000000/segment@100000/target-module@d8000/mmc@0' for 'wp' GPIO lookup
[    0.609554] of_get_named_gpiod_flags: can't parse 'wp-gpios' property of node '/ocp/interconnect@48000000/segment@100000/target-module@d8000/mmc@0[0]'
[    0.609598] of_get_named_gpiod_flags: can't parse 'wp-gpio' property of node '/ocp/interconnect@48000000/segment@100000/target-module@d8000/mmc@0[0]'
[    0.609633] sdhci-omap 481d8000.mmc: using lookup tables for GPIO lookup
[    0.609644] sdhci-omap 481d8000.mmc: No GPIO consumer wp found
[    0.609833] sdhci-omap 481d8000.mmc: supply pbias not found, using dummy regulator
[    0.610297] sdhci-omap 481d8000.mmc: supply vqmmc not found, using dummy regulator
[    0.627248] mdio_bus 4a101000.mdio: using DT '/ocp/interconnect@4a000000/segment@0/target-module@100000/switch@0/mdio@1000' for 'reset' GPIO lookup
[    0.627319] of_get_named_gpiod_flags: can't parse 'reset-gpios' property of node '/ocp/interconnect@4a000000/segment@0/target-module@100000/switch@0/mdio@1000[0]'
[    0.627365] of_get_named_gpiod_flags: can't parse 'reset-gpio' property of node '/ocp/interconnect@4a000000/segment@0/target-module@100000/switch@0/mdio@1000[0]'
[    0.627411] mdio_bus 4a101000.mdio: using lookup tables for GPIO lookup
[    0.627421] mdio_bus 4a101000.mdio: No GPIO consumer reset found
[    0.672036] davinci_mdio 4a101000.mdio: davinci mdio revision 1.6, bus freq 1000000
[    0.693649] mdio_bus 4a101000.mdio:00: using DT '/ocp/interconnect@4a000000/segment@0/target-module@100000/switch@0/mdio@1000/ethernet-phy@0' for 'reset' GPIO lookup
[    0.693751] of_get_named_gpiod_flags: parsed 'reset-gpios' property of node '/ocp/interconnect@4a000000/segment@0/target-module@100000/switch@0/mdio@1000/ethernet-phy@0[0]' - status (0)
[    0.693907] gpio gpiochip0: Persistence not supported for GPIO 8
[    0.829394] davinci_mdio 4a101000.mdio: phy[0]: device 4a101000.mdio:00, driver SMSC LAN8710/LAN8720
[    0.830169] cpsw-switch 4a100000.switch: initialized cpsw ale version 1.4
[    0.830190] cpsw-switch 4a100000.switch: ALE Table size 1024, Policers 0
[    0.830365] cpsw-switch 4a100000.switch: cpts: overflow check period 500 (jiffies)
[    0.830381] cpsw-switch 4a100000.switch: CPTS: ref_clk_freq:250000000 calc_mult:2147483648 calc_shift:29 error:0 nsec/sec
[    0.830478] cpsw-switch 4a100000.switch: Detected MACID = 6c:ec:eb:68:de:78
[    0.832528] cpsw-switch 4a100000.switch: initialized (regs 0x4a100000, pool size 256) hw_ver:0019010C 1.12 (0)
[    0.844979] debugfs: '49000000.dma' already exists in 'dmaengine'
[    0.845023] edma 49000000.dma: TI EDMA DMA engine driver
[    0.898555] ti-sysc 44e31000.target-module: Failed to create device link (0x180) with supplier ocp for /ocp/interconnect@44c00000/segment@200000/target-module@31000/timer@0
[    0.898615] ti-sysc 48040000.target-module: Failed to create device link (0x180) with supplier ocp for /ocp/interconnect@48000000/segment@0/target-module@40000/timer@0
[    0.899558] gpio-clk clk_mcasp0: using DT '/clk_mcasp0' for 'enable' GPIO lookup
[    0.899622] of_get_named_gpiod_flags: parsed 'enable-gpios' property of node '/clk_mcasp0[0]' - status (0)
[    0.899667] gpio gpiochip0: Persistence not supported for GPIO 27
[    0.900427] gpiochip_find_base_unlocked: found new base at 608
[    0.900544] gpio gpiochip3: (gpio-96-127): created GPIO range 0->7 ==> 44e10800.pinmux PIN 82->89
[    0.900565] gpio gpiochip3: (gpio-96-127): created GPIO range 8->11 ==> 44e10800.pinmux PIN 52->55
[    0.900582] gpio gpiochip3: (gpio-96-127): created GPIO range 12->15 ==> 44e10800.pinmux PIN 94->97
[    0.900597] gpio gpiochip3: (gpio-96-127): created GPIO range 16->17 ==> 44e10800.pinmux PIN 71->72
[    0.900613] gpio gpiochip3: (gpio-96-127): created GPIO range 18->18 ==> 44e10800.pinmux PIN 135->135
[    0.900629] gpio gpiochip3: (gpio-96-127): created GPIO range 19->20 ==> 44e10800.pinmux PIN 108->109
[    0.900646] gpio gpiochip3: (gpio-96-127): created GPIO range 21->21 ==> 44e10800.pinmux PIN 73->73
[    0.900662] gpio gpiochip3: (gpio-96-127): created GPIO range 22->23 ==> 44e10800.pinmux PIN 8->9
[    0.900679] gpio gpiochip3: (gpio-96-127): created GPIO range 26->27 ==> 44e10800.pinmux PIN 10->11
[    0.900696] gpio gpiochip3: (gpio-96-127): created GPIO range 28->28 ==> 44e10800.pinmux PIN 74->74
[    0.900714] gpio gpiochip3: (gpio-96-127): created GPIO range 29->29 ==> 44e10800.pinmux PIN 81->81
[    0.900732] gpio gpiochip3: (gpio-96-127): created GPIO range 30->31 ==> 44e10800.pinmux PIN 28->29
[    0.912788] gpio gpiochip3: (gpio-96-127): added GPIO chardev (254:3)
[    0.913036] gpio gpiochip3: registered GPIOs 608 to 639 on gpio-96-127
[    0.914979] omap8250 44e09000.serial: using DT '/ocp/interconnect@44c00000/segment@200000/target-module@9000/serial@0' for 'rs485-term' GPIO lookup
