Labgrid Console Logfile for main
Logfile started at 2025-10-12 15:20:31.901032
=== Log starts here ===
reading args
spl_load_image_fat_os: error reading image args, err - -1
reading u-boot.img
reading u-boot.img


U-Boot 2014.04-00014-g47880f5 (Apr 22 2014 - 13:23:54)

I2C:   ready
DRAM:  512 MiB
NAND:  0 MiB
MMC:   OMAP SD/MMC: 0, OMAP SD/MMC: 1
*** Warning - readenv() failed, using default environment

Net:   <ethaddr> not set. Validating first E-fuse MAC
cpsw, usb_ether
Hit any key to stop autoboot:  1  0 
gpio: pin 53 (gpio 53) value is 1
mmc0 is current device
gpio: pin 54 (gpio 54) value is 1
SD/MMC found on device 0
reading uEnv.txt
569 bytes read in 4 ms (138.7 KiB/s)
gpio: pin 55 (gpio 55) value is 1
Loaded environment from uEnv.txt
Importing environment from mmc ...
Checking if uenvcmd is set ...
gpio: pin 56 (gpio 56) value is 1
Running uenvcmd ...
cpsw Waiting for PHY auto negotiation to complete. done
link up on port 0, speed 100, full duplex
Using cpsw device
TFTP from server 192.168.255.126; our IP address is 192.168.255.1
Filename 'zImage'.
Load address: 0x81000000
Loading: *T #################################################################
	 #################################################################
	 #################################################################
	 #################################################################
	 #################################################################
	 ########################################
	 734.4 KiB/s
done
Bytes transferred = 5352000 (51aa40 hex)
link up on port 0, speed 100, full duplex
Using cpsw device
TFTP from server 192.168.255.126; our IP address is 192.168.255.1
Filename 'am335x-boneblack.dtb'.
Load address: 0x82000000
Loading: *#######
	 2.4 MiB/s
done
Bytes transferred = 97772 (17dec hex)
Kernel image @ 0x81000000 [ 0x000000 - 0x51aa40 ]
## Flattened Device Tree blob at 82000000
   Booting using the fdt blob at 0x82000000
   Using Device Tree in place at 82000000, end 8201adeb

Starting kernel ...

[    0.000000] Booting Linux on physical CPU 0x0
[    0.000000] Linux version 6.6.111 (user01@drvtest01) (arm-none-eabi-gcc (Arm GNU Toolchain 14.2.Rel1 (Build arm-14.52)) 14.2.1 20241119, GNU ld (Arm GNU Toolchain 14.2.Rel1 (Build arm-14.52)) 2.43.1.20241119) #1 SMP Sun Oct 12 15:18:43 EEST 2025
[    0.000000] CPU: ARMv7 Processor [413fc082] revision 2 (ARMv7), cr=10c5387d
[    0.000000] CPU: PIPT / VIPT nonaliasing data cache, VIPT aliasing instruction cache
[    0.000000] OF: fdt: Machine model: TI AM335x BeagleBone Black
[    0.000000] Memory policy: Data cache writeback
[    0.000000] cma: Reserved 16 MiB at 0x9e800000 on node -1
[    0.000000] Zone ranges:
[    0.000000]   Normal   [mem 0x0000000080000000-0x000000009fdfffff]
[    0.000000]   HighMem  empty
[    0.000000] Movable zone start for each node
[    0.000000] Early memory node ranges
[    0.000000]   node   0: [mem 0x0000000080000000-0x000000009fdfffff]
[    0.000000] Initmem setup node 0 [mem 0x0000000080000000-0x000000009fdfffff]
[    0.000000] CPU: All CPU(s) started in SVC mode.
[    0.000000] AM335X ES2.1 (sgx neon)
[    0.000000] percpu: Embedded 16 pages/cpu s36116 r8192 d21228 u65536
[    0.000000] Kernel command line: console=ttyO0,115200n8 root=/dev/nfs rw nfsroot=192.168.255.126:/home/user01/nfs,nfsvers=3 ip=192.168.255.1:192.168.255.126::255.255.255.0:bbb1:eth0 nfsrootdebug
[    0.000000] Unknown kernel command line parameters "nfsrootdebug", will be passed to user space.
[    0.000000] Dentry cache hash table entries: 65536 (order: 6, 262144 bytes, linear)
[    0.000000] Inode-cache hash table entries: 32768 (order: 5, 131072 bytes, linear)
[    0.000000] Built 1 zonelists, mobility grouping on.  Total pages: 129412
[    0.000000] mem auto-init: stack:off, heap alloc:off, heap free:off
[    0.000000] Memory: 483604K/522240K available (11264K kernel code, 1165K rwdata, 2704K rodata, 1024K init, 282K bss, 22252K reserved, 16384K cma-reserved, 0K highmem)
[    0.000000] SLUB: HWalign=64, Order=0-3, MinObjects=0, CPUs=1, Nodes=1
[    0.000000] rcu: Hierarchical RCU implementation.
[    0.000000] rcu: 	RCU event tracing is enabled.
[    0.000000] rcu: 	RCU restricting CPUs from NR_CPUS=2 to nr_cpu_ids=1.
[    0.000000] rcu: RCU calculated value of scheduler-enlistment delay is 10 jiffies.
[    0.000000] rcu: Adjusting geometry for rcu_fanout_leaf=16, nr_cpu_ids=1
[    0.000000] NR_IRQS: 16, nr_irqs: 16, preallocated irqs: 16
[    0.000000] IRQ: Found an INTC at 0x(ptrval) (revision 5.0) with 128 interrupts
[    0.000000] rcu: srcu_init: Setting srcu_struct sizes based on contention.
[    0.000000] TI gptimer clocksource: always-on /ocp/interconnect@44c00000/segment@200000/target-module@31000
[    0.000003] sched_clock: 32 bits at 24MHz, resolution 41ns, wraps every 89478484971ns
[    0.000028] clocksource: dmtimer: mask: 0xffffffff max_cycles: 0xffffffff, max_idle_ns: 79635851949 ns
[    0.000519] TI gptimer clockevent: 24000000 Hz at /ocp/interconnect@48000000/segment@0/target-module@40000
[    0.002074] Console: colour dummy device 80x30
[    0.002124] WARNING: Your 'console=ttyO0' has been replaced by 'ttyS0'
[    0.002132] This ensures that you still see kernel messages. Please
[    0.002137] update your kernel commandline.
[    0.002178] Calibrating delay loop... 996.14 BogoMIPS (lpj=4980736)
[    0.090570] CPU: Testing write buffer coherency: ok
[    0.090667] CPU0: Spectre v2: using BPIALL workaround
[    0.090678] pid_max: default: 32768 minimum: 301
[    0.090793] LSM: initializing lsm=capability,integrity
[    0.090959] Mount-cache hash table entries: 1024 (order: 0, 4096 bytes, linear)
[    0.090981] Mountpoint-cache hash table entries: 1024 (order: 0, 4096 bytes, linear)
[    0.092458] CPU0: thread -1, cpu 0, socket -1, mpidr 0
[    0.094051] Setting up static identity map for 0x80100000 - 0x80100078
[    0.094335] rcu: Hierarchical SRCU implementation.
[    0.094345] rcu: 	Max phase no-delay instances is 1000.
[    0.095723] smp: Bringing up secondary CPUs ...
[    0.095779] smp: Brought up 1 node, 1 CPU
[    0.095794] SMP: Total of 1 processors activated (996.14 BogoMIPS).
[    0.095806] CPU: All CPU(s) started in SVC mode.
[    0.096675] devtmpfs: initialized
[    0.113885] VFP support v0.3: implementor 41 architecture 3 part 30 variant c rev 3
[    0.114244] clocksource: jiffies: mask: 0xffffffff max_cycles: 0xffffffff, max_idle_ns: 19112604462750000 ns
[    0.114281] futex hash table entries: 256 (order: 2, 16384 bytes, linear)
[    0.115559] pinctrl core: initialized pinctrl subsystem
[    0.117712] NET: Registered PF_NETLINK/PF_ROUTE protocol family
[    0.120243] DMA: preallocated 256 KiB pool for atomic coherent allocations
[    0.121052] audit: initializing netlink subsys (disabled)
[    0.122417] thermal_sys: Registered thermal governor 'fair_share'
[    0.122439] thermal_sys: Registered thermal governor 'step_wise'
[    0.122444] thermal_sys: Registered thermal governor 'user_space'
[    0.122555] audit: type=2000 audit(0.120:1): state=initialized audit_enabled=0 res=1
[    0.122629] cpuidle: using governor menu
[    0.138932] /ocp/interconnect@44c00000/segment@200000/target-module@b000/i2c@0/tda19988@70: Fixed dependency cycle(s) with /ocp/interconnect@48000000/segment@300000/target-module@e000/lcdc@0
[    0.139983] /ocp/interconnect@48000000/segment@300000/target-module@e000/lcdc@0: Fixed dependency cycle(s) with /ocp/interconnect@44c00000/segment@200000/target-module@b000/i2c@0/tda19988@70
[    0.142197] No ATAGs?
[    0.142216] hw-breakpoint: debug architecture 0x4 unsupported.
[    0.145243] kprobes: kprobe jump-optimization is enabled. All kprobes are optimized if possible.
[    0.163209] iommu: Default domain type: Translated
[    0.163231] iommu: DMA domain TLB invalidation policy: strict mode
[    0.164665] SCSI subsystem initialized
[    0.166470] pps_core: LinuxPPS API ver. 1 registered
[    0.166482] pps_core: Software ver. 5.3.6 - Copyright 2005-2007 Rodolfo Giometti <giometti@linux.it>
[    0.166507] PTP clock support registered
[    0.170984] vgaarb: loaded
[    0.171316] clocksource: Switched to clocksource dmtimer
[    0.171926] VFS: Disk quotas dquot_6.6.0
[    0.171987] VFS: Dquot-cache hash table entries: 1024 (order 0, 4096 bytes)
[    0.202245] NET: Registered PF_INET protocol family
[    0.202586] IP idents hash table entries: 8192 (order: 4, 65536 bytes, linear)
[    0.203911] tcp_listen_portaddr_hash hash table entries: 512 (order: 0, 4096 bytes, linear)
[    0.203950] Table-perturb hash table entries: 65536 (order: 6, 262144 bytes, linear)
[    0.203968] TCP established hash table entries: 4096 (order: 2, 16384 bytes, linear)
[    0.204013] TCP bind hash table entries: 4096 (order: 4, 65536 bytes, linear)
[    0.204113] TCP: Hash tables configured (established 4096 bind 4096)
[    0.204246] UDP hash table entries: 256 (order: 1, 8192 bytes, linear)
[    0.204275] UDP-Lite hash table entries: 256 (order: 1, 8192 bytes, linear)
[    0.204450] NET: Registered PF_UNIX/PF_LOCAL protocol family
[    0.205607] RPC: Registered named UNIX socket transport module.
[    0.205627] RPC: Registered udp transport module.
[    0.205633] RPC: Registered tcp transport module.
[    0.205639] RPC: Registered tcp-with-tls transport module.
[    0.205644] RPC: Registered tcp NFSv4.1 backchannel transport module.
[    0.205668] PCI: CLS 0 bytes, default 64
[    0.207251] Initialise system trusted keyrings
[    0.212427] workingset: timestamp_bits=14 max_order=17 bucket_order=3
[    0.221681] NFS: Registering the id_resolver key type
[    0.221774] Key type id_resolver registered
[    0.221781] Key type id_legacy registered
[    0.221840] jffs2: version 2.2. (NAND) (SUMMARY)  Â© 2001-2006 Red Hat, Inc.
[    0.222246] Key type asymmetric registered
[    0.222263] Asymmetric key parser 'x509' registered
[    0.222337] io scheduler mq-deadline registered
[    0.222349] io scheduler kyber registered
[    0.222416] io scheduler bfq registered
[    0.225093] hw perfevents: enabled with armv7_cortex_a8 PMU driver, 5 counters available
[    0.233368] l3-aon-clkctrl:0000:0: failed to disable
[    0.241561] Serial: 8250/16550 driver, 6 ports, IRQ sharing enabled
[    0.285653] brd: module loaded
[    0.299688] loop: module loaded
[    0.300610] mtdoops: mtd device (mtddev=name/number) must be supplied
[    0.303521] i2c_dev: i2c /dev entries driver
[    0.304506] cpuidle: enable-method property 'ti,am3352' found operations
[    0.304959] sdhci: Secure Digital Host Controller Interface driver
[    0.304972] sdhci: Copyright(c) Pierre Ossman
[    0.305163] sdhci-pltfm: SDHCI platform and OF driver helper
[    0.319107] ledtrig-cpu: registered to indicate activity on CPUs
[    0.319940] Initializing XFRM netlink socket
[    0.320068] NET: Registered PF_INET6 protocol family
[    0.337295] Segment Routing with IPv6
[    0.337372] In-situ OAM (IOAM) with IPv6
[    0.337477] sit: IPv6, IPv4 and MPLS over IPv4 tunneling driver
[    0.338446] NET: Registered PF_PACKET protocol family
[    0.338477] NET: Registered PF_KEY protocol family
[    0.338599] Key type dns_resolver registered
[    0.338820] ThumbEE CPU extension supported.
[    0.338843] Registering SWP/SWPB emulation handler
[    0.339355] omap_voltage_late_init: Voltage driver support not added
[    0.340007] SmartReflex Class3 initialized
[    0.368362] Loading compiled-in X.509 certificates
[    0.399056] /ocp/interconnect@44c00000/segment@200000/target-module@b000/i2c@0/tda19988@70: Fixed dependency cycle(s) with /ocp/interconnect@48000000/segment@300000/target-module@e000/lcdc@0
[    0.405387] /ocp/interconnect@44c00000/segment@200000/target-module@b000/i2c@0/tda19988@70: Fixed dependency cycle(s) with /ocp/interconnect@48000000/segment@300000/target-module@e000/lcdc@0
[    0.413243] /ocp/interconnect@44c00000/segment@200000/target-module@b000/i2c@0/tda19988@70: Fixed dependency cycle(s) with /ocp/interconnect@48000000/segment@300000/target-module@e000/lcdc@0
[    0.414098] /ocp/interconnect@44c00000/segment@200000/target-module@b000/i2c@0/tda19988@70: Fixed dependency cycle(s) with /ocp/interconnect@48000000/segment@300000/target-module@e000/lcdc@0
[    0.417297] /ocp/interconnect@44c00000/segment@200000/target-module@10000/scm@0/pinmux@800: Fixed dependency cycle(s) with /ocp/interconnect@44c00000/segment@200000/target-module@10000/scm@0/pinmux@800/clkout2-pins
[    0.417900] pinctrl-single 44e10800.pinmux: 142 pins, size 568
[    0.423065] ti-sysc: probe of 44e31000.target-module failed with error -16
[    0.460567] /ocp/interconnect@48000000/segment@300000/target-module@e000/lcdc@0: Fixed dependency cycle(s) with /ocp/interconnect@44c00000/segment@200000/target-module@b000/i2c@0/tda19988@70
[    0.468374] ti-sysc: probe of 48040000.target-module failed with error -16
[    0.512691] OMAP GPIO hardware version 0.1
[    0.535580] omap_i2c 4819c000.i2c: bus 2 rev0.11 at 100 kHz
[    0.564113] /ocp/interconnect@48000000/segment@300000/target-module@e000/lcdc@0: Fixed dependency cycle(s) with /ocp/interconnect@44c00000/segment@200000/target-module@b000/i2c@0/tda19988@70
[    0.566771] /ocp/interconnect@48000000/segment@300000/target-module@e000/lcdc@0: Fixed dependency cycle(s) with /ocp/interconnect@44c00000/segment@200000/target-module@b000/i2c@0/tda19988@70
[    0.567449] /ocp/interconnect@44c00000/segment@200000/target-module@b000/i2c@0/tda19988@70: Fixed dependency cycle(s) with /ocp/interconnect@48000000/segment@300000/target-module@e000/lcdc@0
[    0.567608] /ocp/interconnect@48000000/segment@300000/target-module@e000/lcdc@0: Fixed dependency cycle(s) with /ocp/interconnect@44c00000/segment@200000/target-module@b000/i2c@0/tda19988@70
[    0.578313] sdhci-omap 481d8000.mmc: supply pbias not found, using dummy regulator
[    0.578796] sdhci-omap 481d8000.mmc: supply vqmmc not found, using dummy regulator
[    0.654054] davinci_mdio 4a101000.mdio: davinci mdio revision 1.6, bus freq 1000000
[    0.841886] davinci_mdio 4a101000.mdio: phy[0]: device 4a101000.mdio:00, driver SMSC LAN8710/LAN8720
[    0.842529] cpsw-switch 4a100000.switch: initialized cpsw ale version 1.4
[    0.842553] cpsw-switch 4a100000.switch: ALE Table size 1024
[    0.842849] cpsw-switch 4a100000.switch: cpts: overflow check period 500 (jiffies)
[    0.842871] cpsw-switch 4a100000.switch: CPTS: ref_clk_freq:250000000 calc_mult:2147483648 calc_shift:29 error:0 nsec/sec
[    0.842974] cpsw-switch 4a100000.switch: Detected MACID = 6c:ec:eb:68:de:78
[    0.844800] cpsw-switch 4a100000.switch: initialized (regs 0x4a100000, pool size 256) hw_ver:0019010C 1.12 (0)
[    0.855557] debugfs: Directory '49000000.dma' with parent 'dmaengine' already present!
[    0.855599] edma 49000000.dma: TI EDMA DMA engine driver
[    0.914583] 44e09000.serial: ttyS0 at MMIO 0x44e09000 (irq = 34, base_baud = 3000000) is a 8250
[    0.914666] printk: console [ttyS0] enabled
[    2.137653] tps65217-pmic: Failed to locate of_node [id: -1]
[    2.143849] tps65217-bl: Failed to locate of_node [id: -1]
[    2.155091] tps65217 0-0024: TPS65217 ID 0xe version 1.2
[    2.161093] /ocp/interconnect@48000000/segment@300000/target-module@e000/lcdc@0: Fixed dependency cycle(s) with /ocp/interconnect@44c00000/segment@200000/target-module@b000/i2c@0/tda19988@70
[    2.178523] /ocp/interconnect@44c00000/segment@200000/target-module@b000/i2c@0/tda19988@70: Fixed dependency cycle(s) with /ocp/interconnect@48000000/segment@300000/target-module@e000/lcdc@0
[    2.195901] omap_i2c 44e0b000.i2c: bus 0 rev0.11 at 400 kHz
[    2.203859] omap_gpio 44e07000.gpio: Could not set line 6 debounce to 200000 microseconds (-22)
[    2.212712] sdhci-omap 48060000.mmc: Got CD GPIO
[    2.217696] sdhci-omap 48060000.mmc: supply pbias not found, using dummy regulator
[    2.228152] sdhci-omap 48060000.mmc: supply vqmmc not found, using dummy regulator
[    2.236883] sdhci-omap 481d8000.mmc: supply pbias not found, using dummy regulator
[    2.245482] sdhci-omap 481d8000.mmc: supply vqmmc not found, using dummy regulator
[    2.282057] mmc0: SDHCI controller on 48060000.mmc [48060000.mmc] using External DMA
[    2.290237] mmc1: SDHCI controller on 481d8000.mmc [481d8000.mmc] using External DMA
[    2.298985] cpsw-switch 4a100000.switch: starting ndev. mode: dual_mac
[    2.361587] mmc1: new high speed MMC card at address 0001
[    2.368428] mmcblk1: mmc1:0001 MMC04G 3.60 GiB
[    2.375865]  mmcblk1: p1 p2
[    2.379373] mmc0: new high speed SDHC card at address aaaa
[    2.386672] mmcblk1boot0: mmc1:0001 MMC04G 2.00 MiB
[    2.392985] mmcblk0: mmc0:aaaa SE32G 29.7 GiB
[    2.400852] mmcblk1boot1: mmc1:0001 MMC04G 2.00 MiB
[    2.407020]  mmcblk0: p1 p2
[    2.412109] mmcblk1rpmb: mmc1:0001 MMC04G 128 KiB, chardev (250:0)
[    2.482503] SMSC LAN8710/LAN8720 4a101000.mdio:00: attached PHY driver (mii_bus:phy_addr=4a101000.mdio:00, irq=POLL)
[    5.602046] cpsw-switch 4a100000.switch eth0: Link is Up - 100Mbps/Full - flow control off
[    5.641561] IP-Config: Complete:
[    5.644833]      device=eth0, hwaddr=6c:ec:eb:68:de:78, ipaddr=192.168.255.1, mask=255.255.255.0, gw=255.255.255.255
[    5.655488]      host=bbb1, domain=, nis-domain=(none)
[    5.660654]      bootserver=192.168.255.126, rootserver=192.168.255.126, rootpath=
[    5.661063] clk: Disabling unused clocks
[    5.672917] KTAP version 1
[    5.675645] 1..0
[    5.698525] VFS: Mounted root (nfs filesystem) on device 0:16.
[    5.705559] devtmpfs: mounted
[    5.710178] Freeing unused kernel image (initmem) memory: 1024K
[    5.716964] Run /sbin/init as init process
[    6.387685] systemd[1]: System time before build time, advancing clock.
[    7.831336] random: crng init done
[    7.902320] systemd[1]: systemd 232 running in system mode. (+PAM +AUDIT +SELINUX +IMA +APPARMOR +SMACK +SYSVINIT +UTMP +LIBCRYPTSETUP +GCRYPT +GNUTLS +ACL +XZ +LZ4 +SECCOMP +BLKID +ELFUTILS +KMOD +IDN)
[    7.921442] systemd[1]: Detected architecture arm.

Welcome to [1mDebian GNU/Linux 9 (stretch)[0m!

[    7.964155] systemd[1]: Set hostname to <arm>.
[    9.003270] systemd[1]: Set up automount Arbitrary Executable File Formats File System Automount Point.
[[0;32m  OK  [0m] Set up automount Arbitrary Executabâ€¦rmats File System Automount Point.
[    9.041901] systemd[1]: Reached target Remote File Systems.
[[0;32m  OK  [0m] Reached target Remote File Systems.
[    9.081869] systemd[1]: Listening on udev Kernel Socket.
[[0;32m  OK  [0m] Listening on udev Kernel Socket.
[    9.122166] systemd[1]: Started Dispatch Password Requests to Console Directory Watch.
[[0;32m  OK  [0m] Started Dispatch Password Requests to Console Directory Watch.
[    9.162839] systemd[1]: Created slice System Slice.
[[0;32m  OK  [0m] Created slice System Slice.
[    9.202698] systemd[1]: Created slice system-serial\x2dgetty.slice.
[[0;32m  OK  [0m] Created slice system-serial\x2dgetty.slice.
[    9.243344] systemd[1]: Listening on Journal Socket.
[[0;32m  OK  [0m] Listening on Journal Socket.
         Starting Load Kernel Modules...
         Starting Create list of required stâ€¦ce nodes for the current kernel...
[[0;32m  OK  [0m] Listening on Journal Audit Socket.
         Mounting Debug File System...
[[0;32m  OK  [0m] Listening on Journal Socket (/dev/log).
[[0;32m  OK  [0m] Created slice User and Session Slice.
[[0;32m  OK  [0m] Reached target Slices.
         Mounting POSIX Message Queue File System...
         Starting Remount Root and Kernel File Systems...
[[0;32m  OK  [0m] Listening on /dev/initctl Compatibility Named Pipe.
[[0;32m  OK  [0m] Listening on udev Control Socket.
[[0;32m  OK  [0m] Created slice system-getty.slice.
[[0;32m  OK  [0m] Listening on Syslog Socket.
         Starting Journal Service...
[[0;32m  OK  [0m] Started Forward Password Requests to Wall Directory Watch.
[[0;32m  OK  [0m] Reached target Encrypted Volumes.
[[0;32m  OK  [0m] Reached target Paths.
[[0;32m  OK  [0m] Reached target Swap.
[[0;32m  OK  [0m] Mounted POSIX Message Queue File System.
[[0;32m  OK  [0m] Mounted Debug File System.
[[0;32m  OK  [0m] Started Load Kernel Modules.
[[0;32m  OK  [0m] Started Create list of required staâ€¦vice nodes for the current kernel.
[[0;32m  OK  [0m] Started Remount Root and Kernel File Systems.
         Starting Load/Save Random Seed...
         Starting udev Coldplug all Devices...
         Starting Create Static Device Nodes in /dev...
         Starting Apply Kernel Variables...
         Mounting Configuration File System...
[[0;32m  OK  [0m] Started Load/Save Random Seed.
[[0;32m  OK  [0m] Mounted Configuration File System.
[[0;32m  OK  [0m] Started Journal Service.
[[0;32m  OK  [0m] Started Apply Kernel Variables.
         Starting Flush Journal to Persistent Storage...
[[0;32m  OK  [0m] Started Create Static Device Nodes in /dev.
[   10.976568] systemd-journald[88]: Received request to flush runtime journal from PID 1
         Starting udev Kernel Device Manager...
[[0;32m  OK  [0m] Reached target Local File Systems (Pre).
[[0;32m  OK  [0m] Reached target Local File Systems.
         Starting Raise network interfaces...
[[0;32m  OK  [0m] Started Flush Journal to Persistent Storage.
         Starting Create Volatile Files and Directories...
[[0;32m  OK  [0m] Started udev Kernel Device Manager.
[[0;32m  OK  [0m] Started Create Volatile Files and Directories.
         Starting Update UTMP about System Boot/Shutdown...
         Starting Network Time Synchronization...
[[0;32m  OK  [0m] Started Update UTMP about System Boot/Shutdown.
[[0;32m  OK  [0m] Started udev Coldplug all Devices.
[[0;32m  OK  [0m] Started Network Time Synchronization.
[[0;32m  OK  [0m] Reached target System Initialization.
[[0;32m  OK  [0m] Started Daily Cleanup of Temporary Directories.
[[0;32m  OK  [0m] Listening on Avahi mDNS/DNS-SD Stack Activation Socket.
[[0;32m  OK  [0m] Listening on D-Bus System Message Bus Socket.
[[0;32m  OK  [0m] Reached target Sockets.
[[0;32m  OK  [0m] Reached target Basic System.
[   14.462155] remoteproc remoteproc0: wkup_m3 is available
[[0;32m  OK  [0m] Started Regular background program processing daemon.
         Starting LSB: Start busybox udhcpd at boot time...
         Starting Cape Manager Service...
         Starting Generic Board Startup...
         Starting System Logging Service...
[   15.063140] am335x-phy-driver 47401300.usb-phy: dummy supplies not allowed for exclusive requests
[   15.094441] at24 2-0054: supply vcc not found, using dummy regulator
         Starting LSB: Load kernel modules needed to enable cpufreq scaling...
[   15.248732] at24 2-0055: supply vcc not found, using dummy regulator
[   15.264693] wkup_m3_ipc 44e11324.wkup_m3_ipc: IPC Request for A8->M3 Channel failed! -517
         Starting Telephony service...
[   15.432227] at24 2-0056: supply vcc not found, using dummy regulator
         Starting Login Service...
[   15.542238] at24 2-0057: supply vcc not found, using dummy regulator
[[0;32m  OK  [0m] Started D-Bus System Message Bus.
[   15.692928] at24 0-0050: 32768 byte 24c256 EEPROM, writable, 1 bytes/write
[   15.715400] wkup_m3_ipc 44e11324.wkup_m3_ipc: IPC Request for A8->M3 Channel failed! -517
[   15.828497] am335x-phy-driver 47401b00.usb-phy: dummy supplies not allowed for exclusive requests
[   15.913613] wkup_m3_ipc 44e11324.wkup_m3_ipc: IPC Request for A8->M3 Channel failed! -517
[   16.036178] tps6521x_pwrbutton tps65217-pwrbutton: DMA mask not set
[   16.047079] wkup_m3_ipc 44e11324.wkup_m3_ipc: IPC Request for A8->M3 Channel failed! -517
[   16.153531] input: tps65217_pwrbutton as /devices/platform/ocp/44c00000.interconnect/44c00000.interconnect:segment@200000/44e0b000.target-module/44e0b000.i2c/i2c-0/0-0024/tps65217-pwrbutton/input/input0
[   16.208233] wkup_m3_ipc 44e11324.wkup_m3_ipc: IPC Request for A8->M3 Channel failed! -517
[   16.235571] omap_rtc 44e3e000.rtc: registered as rtc0
[   16.240771] omap_rtc 44e3e000.rtc: setting system clock to 2000-01-01T00:00:00 UTC (946684800)
[   16.350166] wkup_m3_ipc 44e11324.wkup_m3_ipc: IPC Request for A8->M3 Channel failed! -517
[   16.395577] omap_wdt: OMAP Watchdog Timer Rev 0x01: initial timeout 60 sec
[   16.486865] wkup_m3_ipc 44e11324.wkup_m3_ipc: IPC Request for A8->M3 Channel failed! -517
[   16.801069] usbcore: registered new interface driver usbfs
[   16.806934] usbcore: registered new interface driver hub
[   16.812465] usbcore: registered new device driver usb
[   17.431262] wkup_m3_ipc 44e11324.wkup_m3_ipc: IPC Request for A8->M3 Channel failed! -517
[   17.598799] musb-hdrc musb-hdrc.1: MUSB HDRC host driver
[   17.604459] musb-hdrc musb-hdrc.1: new USB bus registered, assigned bus number 1
[   17.637461] wkup_m3_ipc 44e11324.wkup_m3_ipc: IPC Request for A8->M3 Channel failed! -517
[   17.731911] usb usb1: New USB device found, idVendor=1d6b, idProduct=0002, bcdDevice= 6.06
[   17.740267] usb usb1: New USB device strings: Mfr=3, Product=2, SerialNumber=1
[   17.747639] usb usb1: Product: MUSB HDRC host driver
[   17.752669] usb usb1: Manufacturer: Linux 6.6.111 musb-hcd
[   17.758185] usb usb1: SerialNumber: musb-hdrc.1
[   17.813073] tda998x 0-0070: found TDA19988
[   17.885053] wkup_m3_ipc 44e11324.wkup_m3_ipc: IPC Request for A8->M3 Channel failed! -517
[   17.921965] hub 1-0:1.0: USB hub found
[   18.004995] hub 1-0:1.0: 1 port detected
[   18.045373] omap-mailbox 480c8000.mailbox: omap mailbox rev 0x400
[   18.089788] remoteproc remoteproc0: powering up wkup_m3
[   18.200961] remoteproc remoteproc0: Direct firmware load for am335x-pm-firmware.elf failed with error -2
[   18.210759] remoteproc remoteproc0: request_firmware failed: -2
[   18.216785] wkup_m3_ipc 44e11324.wkup_m3_ipc: rproc_boot failed
[   20.288117] omap_rng 48310000.rng: Random Number Generator ver. 20
[[0;32m  OK  [0m] Started Telephony service.
[   20.401986] tilcdc 4830e000.lcdc: bound 0-0070 (ops tda998x_audio_codec_init [tda998x])
         Starting Avahi mDNS/DNS-SD Stack...
         Starting Connection service...[   20.561808] [drm] Initialized tilcdc 1.0.0 20121205 for 4830e000.lcdc on minor 0

         Starting DUN service...
[   20.678283] tilcdc 4830e000.lcdc: [drm] Cannot find any crtc or sizes
[   20.686923] tilcdc 4830e000.lcdc: [drm] Cannot find any crtc or sizes
[[0;32m  OK  [0m] Reached target System Time Synchronized.
[[0;32m  OK  [0m] Started Daily apt download activities.
[[0;32m  OK  [0m] Started Daily apt upgrade and clean activities.
[[0;32m  OK  [0m] Reached target Timers.
[[0;32m  OK  [0m] Started System Logging Service.
[[0;32m  OK  [0m] Started Cape Manager Service.
[   22.022309] PM: Cannot get wkup_m3_ipc handle
[   22.060942] omap-sham 53100000.sham: hw accel on OMAP rev 4.3
[   22.168463] omap-aes 53500000.aes: OMAP AES hw accel rev: 3.2
[   22.201646] omap-sham 53100000.sham: will run requests pump with realtime priority
[   22.211739] PM: Cannot get wkup_m3_ipc handle
[   22.335236] omap-aes 53500000.aes: will run requests pump with realtime priority
[[0;32m  OK  [0m] Found device /dev/ttyS0.[   22.344477] PM: Cannot get wkup_m3_ipc handle

[   22.629212] Bluetooth: Core ver 2.22
[   22.633230] NET: Registered PF_BLUETOOTH protocol family
[   22.638580] Bluetooth: HCI device and connection manager initialized
[   22.645110] Bluetooth: HCI socket layer initialized
[   22.650024] Bluetooth: L2CAP socket layer initialized
[   22.655201] Bluetooth: SCO socket layer initialized
[[0;32m  OK  [0m] Started LSB: Start busybox udhcpd at boot time.
[   25.808399] PM: Cannot get wkup_m3_ipc handle
[   25.961972] PM: Cannot get wkup_m3_ipc handle
[   27.977310] configfs-gadget.g_multi gadget.0: HOST MAC 1c:ba:8c:a2:ed:6c
[   27.984288] configfs-gadget.g_multi gadget.0: MAC 1c:ba:8c:a2:ed:70
[   27.991746] configfs-gadget.g_multi gadget.0: HOST MAC 1c:ba:8c:a2:ed:6c
[   27.998513] configfs-gadget.g_multi gadget.0: MAC 1c:ba:8c:a2:ed:6d
[   28.006006] PM: Cannot get wkup_m3_ipc handle
[[0;32m  OK  [0m] Started Raise network interfaces.
[[0;32m  OK  [0m] Started LSB: Load kernel modules needed to enable cpufreq scaling.
[[0;32m  OK  [0m] Started DUN service.
[[0;32m  OK  [0m] Started Avahi mDNS/DNS-SD Stack.
[[0;32m  OK  [0m] Started Connection service.
[[0;32m  OK  [0m] Started Login Service.
[[0;32m  OK  [0m] Reached target Sound Card.
         Starting LSB: set CPUFreq kernel parameters...
[[0;32m  OK  [0m] Reached target Network.
         Starting OpenBSD Secure Shell server...
[[0;32m  OK  [0m] Reached target Network is Online.
         Starting LSB: Advanced IEEE 802.11 management daemon...
         Starting The Apache HTTP Server...
         Starting Permit User Sessions...
[[0;32m  OK  [0m] Started LSB: Advanced IEEE 802.11 management daemon.
[[0;32m  OK  [0m] Started Permit User Sessions.
         Starting Hostname Service...
[[0;32m  OK  [0m] Started Serial Getty on ttyS0.
[[0;32m  OK  [0m] Started Getty on tty1.
[[0;32m  OK  [0m] Reached target Login Prompts.
         Starting WPA supplicant...
[[0;32m  OK  [0m] Started LSB: set CPUFreq kernel parameters.
[[0;32m  OK  [0m] Started Hostname Service.
[[0;32m  OK  [0m] Started WPA supplicant.
         Stopping LSB: Start busybox udhcpd at boot time...
[[0;32m  OK  [0m] Started OpenBSD Secure Shell server.
[[0;32m  OK  [0m] Stopped LSB: Start busybox udhcpd at boot time.
[[0;32m  OK  [0m] Started The Apache HTTP Server.
         Starting dnsmasq - A lightweight DHCP and caching DNS server...
[[0;32m  OK  [0m] Started dnsmasq - A lightweight DHCP and caching DNS server.
[[0;32m  OK  [0m] Reached target Host and Network Name Lookups.
[[0;32m  OK  [0m] Started Serial Getty on ttyGS0.
[[0;32m  OK  [0m] Started Generic Board Startup.
[[0;32m  OK  [0m] Reached target Multi-User System.
[[0;32m  OK  [0m] Reached target Graphical Interface.
         Starting Update UTMP about System Runlevel Changes...
[[0;32m  OK  [0m] Started Update UTMP about System Runlevel Changes.

Debian GNU/Linux 9 arm ttyS0

default username:password is [debian:temppwd]

arm login: root
Password: 
Last login: Sat Jan  1 00:00:29 UTC 2000 on ttyS0
root
Linux arm 6.6.111 #1 SMP Sun Oct 12 15:18:43 EEST 2025 armv7l

The programs included with the Debian GNU/Linux system are free software;
the exact distribution terms for each program are described in the
individual files in /usr/share/doc/*/copyright.

Debian GNU/Linux comes with ABSOLUTELY NO WARRANTY, to the extent
permitted by applicable law.
root@arm:~# root
-bash: root: command not found
root@arm:~# dmesg -n 1
root@arm:~# echo 'GXPM''HCWQQX'
GXPMHCWQQX
root@arm:~# run() { echo -n "$MARKER"; sh -c "$@"; echo "$MARKER $?"; }
root@arm:~# echo 'TYEN''XSYZXH'
TYENXSYZXH
root@arm:~# MARKER='APKE''EACHQL' run 'cat /proc/version'
APKEEACHQLLinux version 6.6.111 (user01@drvtest01) (arm-none-eabi-gcc (Arm GNU Toolchain 14.2.Rel1 (Build arm-14.52)) 14.2.1 20241119, GNU ld (Arm GNU Toolchain 14.2.Rel1 (Build arm-14.52)) 2.43.1.20241119) #1 SMP Sun Oct 12 15:18:43 EEST 2025
APKEEACHQL 0
root@arm:~# echo 'WOPE''TKAGJW'
WOPETKAGJW
root@arm:~# MARKER='PNOX''ALQWMP' run false
PNOXALQWMPPNOXALQWMP 1
root@arm:~# Labgrid Console Logfile for main
Logfile started at 2025-10-12 15:21:41.090362
=== Log starts here ===

root@arm:~# run() { echo -n "$MARKER"; sh -c "$@"; echo "$MARKER $?"; }
root@arm:~# echo 'ZCMO''WLFFEJ'
ZCMOWLFFEJ
root@arm:~# MARKER='UZST''ZVOUCP' run 'ls /iio_generic_buffer; echo $?'
UZSTZVOUCP/iio_generic_buffer
0
UZSTZVOUCP 0
root@arm:~# Labgrid Console Logfile for main
Logfile started at 2025-10-12 15:21:44.692819
=== Log starts here ===

root@arm:~# run() { echo -n "$MARKER"; sh -c "$@"; echo "$MARKER $?"; }
root@arm:~# echo 'NPQH''BJJGCM'
NPQHBJJGCM
root@arm:~# MARKER='OQYC''HYFSJE' run dmesg
OQYCHYFSJE[    0.000000] Booting Linux on physical CPU 0x0
[    0.000000] Linux version 6.6.111 (user01@drvtest01) (arm-none-eabi-gcc (Arm GNU Toolchain 14.2.Rel1 (Build arm-14.52)) 14.2.1 20241119, GNU ld (Arm GNU Toolchain 14.2.Rel1 (Build arm-14.52)) 2.43.1.20241119) #1 SMP Sun Oct 12 15:18:43 EEST 2025
[    0.000000] CPU: ARMv7 Processor [413fc082] revision 2 (ARMv7), cr=10c5387d
[    0.000000] CPU: PIPT / VIPT nonaliasing data cache, VIPT aliasing instruction cache
[    0.000000] OF: fdt: Machine model: TI AM335x BeagleBone Black
[    0.000000] Memory policy: Data cache writeback
[    0.000000] cma: Reserved 16 MiB at 0x9e800000 on node -1
[    0.000000] Zone ranges:
[    0.000000]   Normal   [mem 0x0000000080000000-0x000000009fdfffff]
[    0.000000]   HighMem  empty
[    0.000000] Movable zone start for each node
[    0.000000] Early memory node ranges
[    0.000000]   node   0: [mem 0x0000000080000000-0x000000009fdfffff]
[    0.000000] Initmem setup node 0 [mem 0x0000000080000000-0x000000009fdfffff]
[    0.000000] CPU: All CPU(s) started in SVC mode.
[    0.000000] AM335X ES2.1 (sgx neon)
[    0.000000] percpu: Embedded 16 pages/cpu s36116 r8192 d21228 u65536
[    0.000000] pcpu-alloc: s36116 r8192 d21228 u65536 alloc=16*4096
[    0.000000] pcpu-alloc: [0] 0 
[    0.000000] Kernel command line: console=ttyO0,115200n8 root=/dev/nfs rw nfsroot=192.168.255.126:/home/user01/nfs,nfsvers=3 ip=192.168.255.1:192.168.255.126::255.255.255.0:bbb1:eth0 nfsrootdebug
[    0.000000] Unknown kernel command line parameters "nfsrootdebug", will be passed to user space.
[    0.000000] Dentry cache hash table entries: 65536 (order: 6, 262144 bytes, linear)
[    0.000000] Inode-cache hash table entries: 32768 (order: 5, 131072 bytes, linear)
[    0.000000] Built 1 zonelists, mobility grouping on.  Total pages: 129412
[    0.000000] mem auto-init: stack:off, heap alloc:off, heap free:off
[    0.000000] Memory: 483604K/522240K available (11264K kernel code, 1165K rwdata, 2704K rodata, 1024K init, 282K bss, 22252K reserved, 16384K cma-reserved, 0K highmem)
[    0.000000] SLUB: HWalign=64, Order=0-3, MinObjects=0, CPUs=1, Nodes=1
[    0.000000] rcu: Hierarchical RCU implementation.
[    0.000000] rcu: 	RCU event tracing is enabled.
[    0.000000] rcu: 	RCU restricting CPUs from NR_CPUS=2 to nr_cpu_ids=1.
[    0.000000] rcu: RCU calculated value of scheduler-enlistment delay is 10 jiffies.
[    0.000000] rcu: Adjusting geometry for rcu_fanout_leaf=16, nr_cpu_ids=1
[    0.000000] NR_IRQS: 16, nr_irqs: 16, preallocated irqs: 16
[    0.000000] IRQ: Found an INTC at 0x(ptrval) (revision 5.0) with 128 interrupts
[    0.000000] rcu: srcu_init: Setting srcu_struct sizes based on contention.
[    0.000000] TI gptimer clocksource: always-on /ocp/interconnect@44c00000/segment@200000/target-module@31000
[    0.000003] sched_clock: 32 bits at 24MHz, resolution 41ns, wraps every 89478484971ns
[    0.000028] clocksource: dmtimer: mask: 0xffffffff max_cycles: 0xffffffff, max_idle_ns: 79635851949 ns
[    0.000519] TI gptimer clockevent: 24000000 Hz at /ocp/interconnect@48000000/segment@0/target-module@40000
[    0.002074] Console: colour dummy device 80x30
[    0.002124] WARNING: Your 'console=ttyO0' has been replaced by 'ttyS0'
[    0.002132] This ensures that you still see kernel messages. Please
[    0.002137] update your kernel commandline.
[    0.002178] Calibrating delay loop... 996.14 BogoMIPS (lpj=4980736)
[    0.090570] CPU: Testing write buffer coherency: ok
[    0.090667] CPU0: Spectre v2: using BPIALL workaround
[    0.090678] pid_max: default: 32768 minimum: 301
[    0.090793] LSM: initializing lsm=capability,integrity
[    0.090959] Mount-cache hash table entries: 1024 (order: 0, 4096 bytes, linear)
[    0.090981] Mountpoint-cache hash table entries: 1024 (order: 0, 4096 bytes, linear)
[    0.092458] CPU0: thread -1, cpu 0, socket -1, mpidr 0
[    0.094051] Setting up static identity map for 0x80100000 - 0x80100078
[    0.094335] rcu: Hierarchical SRCU implementation.
[    0.094345] rcu: 	Max phase no-delay instances is 1000.
[    0.095723] smp: Bringing up secondary CPUs ...
[    0.095779] smp: Brought up 1 node, 1 CPU
[    0.095794] SMP: Total of 1 processors activated (996.14 BogoMIPS).
[    0.095806] CPU: All CPU(s) started in SVC mode.
[    0.096675] devtmpfs: initialized
[    0.113885] VFP support v0.3: implementor 41 architecture 3 part 30 variant c rev 3
[    0.114244] clocksource: jiffies: mask: 0xffffffff max_cycles: 0xffffffff, max_idle_ns: 19112604462750000 ns
[    0.114281] futex hash table entries: 256 (order: 2, 16384 bytes, linear)
[    0.115559] pinctrl core: initialized pinctrl subsystem
[    0.117712] NET: Registered PF_NETLINK/PF_ROUTE protocol family
[    0.120243] DMA: preallocated 256 KiB pool for atomic coherent allocations
[    0.121052] audit: initializing netlink subsys (disabled)
[    0.122417] thermal_sys: Registered thermal governor 'fair_share'
[    0.122439] thermal_sys: Registered thermal governor 'step_wise'
[    0.122444] thermal_sys: Registered thermal governor 'user_space'
[    0.122555] audit: type=2000 audit(0.120:1): state=initialized audit_enabled=0 res=1
[    0.122629] cpuidle: using governor menu
[    0.138932] /ocp/interconnect@44c00000/segment@200000/target-module@b000/i2c@0/tda19988@70: Fixed dependency cycle(s) with /ocp/interconnect@48000000/segment@300000/target-module@e000/lcdc@0
[    0.139983] /ocp/interconnect@48000000/segment@300000/target-module@e000/lcdc@0: Fixed dependency cycle(s) with /ocp/interconnect@44c00000/segment@200000/target-module@b000/i2c@0/tda19988@70
[    0.142197] No ATAGs?
[    0.142216] hw-breakpoint: debug architecture 0x4 unsupported.
[    0.145243] kprobes: kprobe jump-optimization is enabled. All kprobes are optimized if possible.
[    0.163209] iommu: Default domain type: Translated
[    0.163231] iommu: DMA domain TLB invalidation policy: strict mode
[    0.164665] SCSI subsystem initialized
[    0.165482] reg-fixed-voltage fixedregulator0: using DT '/fixedregulator0' for '(null)' GPIO lookup
[    0.165533] of_get_named_gpiod_flags: can't parse 'gpios' property of node '/fixedregulator0[0]'
[    0.165563] of_get_named_gpiod_flags: can't parse 'gpio' property of node '/fixedregulator0[0]'
[    0.165582] reg-fixed-voltage fixedregulator0: using lookup tables for GPIO lookup
[    0.165593] reg-fixed-voltage fixedregulator0: No GPIO consumer (null) found
[    0.166116] libata version 3.00 loaded.
[    0.166470] pps_core: LinuxPPS API ver. 1 registered
[    0.166482] pps_core: Software ver. 5.3.6 - Copyright 2005-2007 Rodolfo Giometti <giometti@linux.it>
[    0.166507] PTP clock support registered
[    0.170984] vgaarb: loaded
[    0.171316] clocksource: Switched to clocksource dmtimer
[    0.171926] VFS: Disk quotas dquot_6.6.0
[    0.171987] VFS: Dquot-cache hash table entries: 1024 (order 0, 4096 bytes)
[    0.202245] NET: Registered PF_INET protocol family
[    0.202586] IP idents hash table entries: 8192 (order: 4, 65536 bytes, linear)
[    0.203911] tcp_listen_portaddr_hash hash table entries: 512 (order: 0, 4096 bytes, linear)
[    0.203950] Table-perturb hash table entries: 65536 (order: 6, 262144 bytes, linear)
[    0.203968] TCP established hash table entries: 4096 (order: 2, 16384 bytes, linear)
[    0.204013] TCP bind hash table entries: 4096 (order: 4, 65536 bytes, linear)
[    0.204113] TCP: Hash tables configured (established 4096 bind 4096)
[    0.204246] UDP hash table entries: 256 (order: 1, 8192 bytes, linear)
[    0.204275] UDP-Lite hash table entries: 256 (order: 1, 8192 bytes, linear)
[    0.204450] NET: Registered PF_UNIX/PF_LOCAL protocol family
[    0.205607] RPC: Registered named UNIX socket transport module.
[    0.205627] RPC: Registered udp transport module.
[    0.205633] RPC: Registered tcp transport module.
[    0.205639] RPC: Registered tcp-with-tls transport module.
[    0.205644] RPC: Registered tcp NFSv4.1 backchannel transport module.
[    0.205668] PCI: CLS 0 bytes, default 64
[    0.207251] Initialise system trusted keyrings
[    0.212427] workingset: timestamp_bits=14 max_order=17 bucket_order=3
[    0.221681] NFS: Registering the id_resolver key type
[    0.221774] Key type id_resolver registered
[    0.221781] Key type id_legacy registered
[    0.221840] jffs2: version 2.2. (NAND) (SUMMARY)  Â© 2001-2006 Red Hat, Inc.
[    0.222246] Key type asymmetric registered
[    0.222263] Asymmetric key parser 'x509' registered
[    0.222337] io scheduler mq-deadline registered
[    0.222349] io scheduler kyber registered
[    0.222416] io scheduler bfq registered
[    0.225093] hw perfevents: enabled with armv7_cortex_a8 PMU driver, 5 counters available
[    0.233368] l3-aon-clkctrl:0000:0: failed to disable
[    0.241561] Serial: 8250/16550 driver, 6 ports, IRQ sharing enabled
[    0.285653] brd: module loaded
[    0.299688] loop: module loaded
[    0.300610] mtdoops: mtd device (mtddev=name/number) must be supplied
[    0.302255] mdio_bus fixed-0: using lookup tables for GPIO lookup
[    0.302282] mdio_bus fixed-0: No GPIO consumer reset found
[    0.303521] i2c_dev: i2c /dev entries driver
[    0.304506] cpuidle: enable-method property 'ti,am3352' found operations
[    0.304959] sdhci: Secure Digital Host Controller Interface driver
[    0.304972] sdhci: Copyright(c) Pierre Ossman
[    0.305163] sdhci-pltfm: SDHCI platform and OF driver helper
[    0.319107] ledtrig-cpu: registered to indicate activity on CPUs
[    0.319940] Initializing XFRM netlink socket
[    0.320068] NET: Registered PF_INET6 protocol family
[    0.337295] Segment Routing with IPv6
[    0.337372] In-situ OAM (IOAM) with IPv6
[    0.337477] sit: IPv6, IPv4 and MPLS over IPv4 tunneling driver
[    0.338446] NET: Registered PF_PACKET protocol family
[    0.338477] NET: Registered PF_KEY protocol family
[    0.338599] Key type dns_resolver registered
[    0.338820] ThumbEE CPU extension supported.
[    0.338843] Registering SWP/SWPB emulation handler
[    0.339355] omap_voltage_late_init: Voltage driver support not added
[    0.340007] SmartReflex Class3 initialized
[    0.368362] Loading compiled-in X.509 certificates
[    0.399056] /ocp/interconnect@44c00000/segment@200000/target-module@b000/i2c@0/tda19988@70: Fixed dependency cycle(s) with /ocp/interconnect@48000000/segment@300000/target-module@e000/lcdc@0
[    0.405387] /ocp/interconnect@44c00000/segment@200000/target-module@b000/i2c@0/tda19988@70: Fixed dependency cycle(s) with /ocp/interconnect@48000000/segment@300000/target-module@e000/lcdc@0
[    0.410579] gpiochip_find_base: found new base at 512
[    0.413243] /ocp/interconnect@44c00000/segment@200000/target-module@b000/i2c@0/tda19988@70: Fixed dependency cycle(s) with /ocp/interconnect@48000000/segment@300000/target-module@e000/lcdc@0
[    0.414098] /ocp/interconnect@44c00000/segment@200000/target-module@b000/i2c@0/tda19988@70: Fixed dependency cycle(s) with /ocp/interconnect@48000000/segment@300000/target-module@e000/lcdc@0
[    0.417297] /ocp/interconnect@44c00000/segment@200000/target-module@10000/scm@0/pinmux@800: Fixed dependency cycle(s) with /ocp/interconnect@44c00000/segment@200000/target-module@10000/scm@0/pinmux@800/clkout2-pins
[    0.417900] pinctrl-single 44e10800.pinmux: 142 pins, size 568
[    0.423065] ti-sysc: probe of 44e31000.target-module failed with error -16
[    0.460567] /ocp/interconnect@48000000/segment@300000/target-module@e000/lcdc@0: Fixed dependency cycle(s) with /ocp/interconnect@44c00000/segment@200000/target-module@b000/i2c@0/tda19988@70
[    0.468374] ti-sysc: probe of 48040000.target-module failed with error -16
[    0.479344] gpiochip_find_base: found new base at 512
[    0.479411] gpio gpiochip0: (gpio-0-31): created GPIO range 0->7 ==> 44e10800.pinmux PIN 0->7
[    0.479431] gpio gpiochip0: (gpio-0-31): created GPIO range 8->11 ==> 44e10800.pinmux PIN 90->93
[    0.479447] gpio gpiochip0: (gpio-0-31): created GPIO range 12->27 ==> 44e10800.pinmux PIN 12->27
[    0.479463] gpio gpiochip0: (gpio-0-31): created GPIO range 28->31 ==> 44e10800.pinmux PIN 30->33
[    0.512439] gpio gpiochip0: (gpio-0-31): added GPIO chardev (254:0)
[    0.512603] gpio gpiochip0: registered GPIOs 512 to 543 on gpio-0-31
[    0.512691] OMAP GPIO hardware version 0.1
[    0.534584] i2c i2c-2: using DT '/ocp/interconnect@48000000/segment@100000/target-module@9c000/i2c@0' for 'scl' GPIO lookup
[    0.534658] of_get_named_gpiod_flags: can't parse 'scl-gpios' property of node '/ocp/interconnect@48000000/segment@100000/target-module@9c000/i2c@0[0]'
[    0.534703] of_get_named_gpiod_flags: can't parse 'scl-gpio' property of node '/ocp/interconnect@48000000/segment@100000/target-module@9c000/i2c@0[0]'
[    0.534738] i2c i2c-2: using lookup tables for GPIO lookup
[    0.534748] i2c i2c-2: No GPIO consumer scl found
[    0.534769] i2c i2c-2: using DT '/ocp/interconnect@48000000/segment@100000/target-module@9c000/i2c@0' for 'sda' GPIO lookup
[    0.534804] of_get_named_gpiod_flags: can't parse 'sda-gpios' property of node '/ocp/interconnect@48000000/segment@100000/target-module@9c000/i2c@0[0]'
[    0.534842] of_get_named_gpiod_flags: can't parse 'sda-gpio' property of node '/ocp/interconnect@48000000/segment@100000/target-module@9c000/i2c@0[0]'
[    0.534873] i2c i2c-2: using lookup tables for GPIO lookup
[    0.534881] i2c i2c-2: No GPIO consumer sda found
[    0.535580] omap_i2c 4819c000.i2c: bus 2 rev0.11 at 100 kHz
[    0.540870] gpiochip_find_base: found new base at 544
[    0.540931] gpio gpiochip1: (gpio-32-63): created GPIO range 0->17 ==> 44e10800.pinmux PIN 34->51
[    0.540951] gpio gpiochip1: (gpio-32-63): created GPIO range 18->21 ==> 44e10800.pinmux PIN 77->80
[    0.540966] gpio gpiochip1: (gpio-32-63): created GPIO range 22->31 ==> 44e10800.pinmux PIN 56->65
[    0.554633] gpio gpiochip1: (gpio-32-63): added GPIO chardev (254:1)
[    0.554793] gpio gpiochip1: registered GPIOs 544 to 575 on gpio-32-63
[    0.556993] gpiochip_find_base: found new base at 576
[    0.557051] gpio gpiochip2: (gpio-64-95): created GPIO range 0->4 ==> 44e10800.pinmux PIN 66->70
[    0.557071] gpio gpiochip2: (gpio-64-95): created GPIO range 5->6 ==> 44e10800.pinmux PIN 98->99
[    0.557086] gpio gpiochip2: (gpio-64-95): created GPIO range 7->8 ==> 44e10800.pinmux PIN 75->76
[    0.557102] gpio gpiochip2: (gpio-64-95): created GPIO range 13->13 ==> 44e10800.pinmux PIN 141->141
[    0.557118] gpio gpiochip2: (gpio-64-95): created GPIO range 14->21 ==> 44e10800.pinmux PIN 100->107
[    0.557668] gpio gpiochip2: (gpio-64-95): added GPIO chardev (254:2)
[    0.557797] gpio gpiochip2: registered GPIOs 576 to 607 on gpio-64-95
[    0.564113] /ocp/interconnect@48000000/segment@300000/target-module@e000/lcdc@0: Fixed dependency cycle(s) with /ocp/interconnect@44c00000/segment@200000/target-module@b000/i2c@0/tda19988@70
[    0.566771] /ocp/interconnect@48000000/segment@300000/target-module@e000/lcdc@0: Fixed dependency cycle(s) with /ocp/interconnect@44c00000/segment@200000/target-module@b000/i2c@0/tda19988@70
[    0.567449] /ocp/interconnect@44c00000/segment@200000/target-module@b000/i2c@0/tda19988@70: Fixed dependency cycle(s) with /ocp/interconnect@48000000/segment@300000/target-module@e000/lcdc@0
[    0.567608] /ocp/interconnect@48000000/segment@300000/target-module@e000/lcdc@0: Fixed dependency cycle(s) with /ocp/interconnect@44c00000/segment@200000/target-module@b000/i2c@0/tda19988@70
[    0.576888] mdio_bus 4a101000.mdio: using DT '/ocp/interconnect@4a000000/segment@0/target-module@100000/switch@0/mdio@1000' for 'reset' GPIO lookup
[    0.576962] of_get_named_gpiod_flags: can't parse 'reset-gpios' property of node '/ocp/interconnect@4a000000/segment@0/target-module@100000/switch@0/mdio@1000[0]'
[    0.577009] of_get_named_gpiod_flags: can't parse 'reset-gpio' property of node '/ocp/interconnect@4a000000/segment@0/target-module@100000/switch@0/mdio@1000[0]'
[    0.577057] mdio_bus 4a101000.mdio: using lookup tables for GPIO lookup
[    0.577067] mdio_bus 4a101000.mdio: No GPIO consumer reset found
[    0.577984] sdhci-omap 481d8000.mmc: using DT '/ocp/interconnect@48000000/segment@100000/target-module@d8000/mmc@0' for 'wp' GPIO lookup
[    0.578042] of_get_named_gpiod_flags: can't parse 'wp-gpios' property of node '/ocp/interconnect@48000000/segment@100000/target-module@d8000/mmc@0[0]'
[    0.578084] of_get_named_gpiod_flags: can't parse 'wp-gpio' property of node '/ocp/interconnect@48000000/segment@100000/target-module@d8000/mmc@0[0]'
[    0.578119] sdhci-omap 481d8000.mmc: using lookup tables for GPIO lookup
[    0.578129] sdhci-omap 481d8000.mmc: No GPIO consumer wp found
[    0.578313] sdhci-omap 481d8000.mmc: supply pbias not found, using dummy regulator
[    0.578796] sdhci-omap 481d8000.mmc: supply vqmmc not found, using dummy regulator
[    0.654054] davinci_mdio 4a101000.mdio: davinci mdio revision 1.6, bus freq 1000000
[    0.670750] mdio_bus 4a101000.mdio:00: using DT '/ocp/interconnect@4a000000/segment@0/target-module@100000/switch@0/mdio@1000/ethernet-phy@0' for 'reset' GPIO lookup
[    0.670857] of_get_named_gpiod_flags: parsed 'reset-gpios' property of node '/ocp/interconnect@4a000000/segment@0/target-module@100000/switch@0/mdio@1000/ethernet-phy@0[0]' - status (0)
[    0.671016] gpio gpiochip0: Persistence not supported for GPIO 8
[    0.841886] davinci_mdio 4a101000.mdio: phy[0]: device 4a101000.mdio:00, driver SMSC LAN8710/LAN8720
[    0.842529] cpsw-switch 4a100000.switch: initialized cpsw ale version 1.4
[    0.842553] cpsw-switch 4a100000.switch: ALE Table size 1024
[    0.842849] cpsw-switch 4a100000.switch: cpts: overflow check period 500 (jiffies)
[    0.842871] cpsw-switch 4a100000.switch: CPTS: ref_clk_freq:250000000 calc_mult:2147483648 calc_shift:29 error:0 nsec/sec
[    0.842974] cpsw-switch 4a100000.switch: Detected MACID = 6c:ec:eb:68:de:78
[    0.844800] cpsw-switch 4a100000.switch: initialized (regs 0x4a100000, pool size 256) hw_ver:0019010C 1.12 (0)
[    0.855557] debugfs: Directory '49000000.dma' with parent 'dmaengine' already present!
[    0.855599] edma 49000000.dma: TI EDMA DMA engine driver
[    0.899009] gpio-clk clk_mcasp0: using DT '/clk_mcasp0' for 'enable' GPIO lookup
[    0.899088] of_get_named_gpiod_flags: parsed 'enable-gpios' property of node '/clk_mcasp0[0]' - status (0)
[    0.899131] gpio gpiochip0: Persistence not supported for GPIO 27
[    0.899974] gpiochip_find_base: found new base at 608
[    0.900034] gpio gpiochip3: (gpio-96-127): created GPIO range 0->7 ==> 44e10800.pinmux PIN 82->89
[    0.900055] gpio gpiochip3: (gpio-96-127): created GPIO range 8->11 ==> 44e10800.pinmux PIN 52->55
[    0.900071] gpio gpiochip3: (gpio-96-127): created GPIO range 12->15 ==> 44e10800.pinmux PIN 94->97
[    0.900086] gpio gpiochip3: (gpio-96-127): created GPIO range 16->17 ==> 44e10800.pinmux PIN 71->72
[    0.900102] gpio gpiochip3: (gpio-96-127): created GPIO range 18->18 ==> 44e10800.pinmux PIN 135->135
[    0.900118] gpio gpiochip3: (gpio-96-127): created GPIO range 19->20 ==> 44e10800.pinmux PIN 108->109
[    0.900135] gpio gpiochip3: (gpio-96-127): created GPIO range 21->21 ==> 44e10800.pinmux PIN 73->73
[    0.900152] gpio gpiochip3: (gpio-96-127): created GPIO range 22->23 ==> 44e10800.pinmux PIN 8->9
[    0.900169] gpio gpiochip3: (gpio-96-127): created GPIO range 26->27 ==> 44e10800.pinmux PIN 10->11
[    0.900186] gpio gpiochip3: (gpio-96-127): created GPIO range 28->28 ==> 44e10800.pinmux PIN 74->74
[    0.900204] gpio gpiochip3: (gpio-96-127): created GPIO range 29->29 ==> 44e10800.pinmux PIN 81->81
[    0.900222] gpio gpiochip3: (gpio-96-127): created GPIO range 30->31 ==> 44e10800.pinmux PIN 28->29
[    0.911856] gpio gpiochip3: (gpio-96-127): added GPIO chardev (254:3)
[    0.912018] gpio gpiochip3: registered GPIOs 608 to 639 on gpio-96-127
[    0.913934] omap8250 44e09000.serial: using DT '/ocp/interconnect@44c00000/segment@200000/target-module@9000/serial@0' for 'rs485-term' GPIO lookup
[    0.914005] of_get_named_gpiod_flags: can't parse 'rs485-term-gpios' property of node '/ocp/interconnect@44c00000/segment@200000/target-module@9000/serial@0[0]'
[    0.914048] of_get_named_gpiod_flags: can't parse 'rs485-term-gpio' property of node '/ocp/interconnect@44c00000/segment@200000/target-module@9000/serial@0[0]'
[    0.914084] omap8250 44e09000.serial: using lookup tables for GPIO lookup
[    0.914094] omap8250 44e09000.serial: No GPIO consumer rs485-term found
[    0.914103] omap8250 44e09000.serial: using DT '/ocp/interconnect@44c00000/segment@200000/target-module@9000/serial@0' for 'rs485-rx-during-tx' GPIO lookup
[    0.914139] of_get_named_gpiod_flags: can't parse 'rs485-rx-during-tx-gpios' property of node '/ocp/interconnect@44c00000/segment@200000/target-module@9000/serial@0[0]'
[    0.914176] of_get_named_gpiod_flags: can't parse 'rs485-rx-during-tx-gpio' property of node '/ocp/interconnect@44c00000/segment@200000/target-module@9000/serial@0[0]'
[    0.914209] omap8250 44e09000.serial: using lookup tables for GPIO lookup
[    0.914218] omap8250 44e09000.serial: No GPIO consumer rs485-rx-during-tx found
[    0.914583] 44e09000.serial: ttyS0 at MMIO 0x44e09000 (irq = 34, base_baud = 3000000) is a 8250
[    0.914666] printk: console [ttyS0] enabled
[    2.103455] i2c i2c-0: using DT '/ocp/interconnect@44c00000/segment@200000/target-module@b000/i2c@0' for 'scl' GPIO lookup
[    2.103542] of_get_named_gpiod_flags: can't parse 'scl-gpios' property of node '/ocp/interconnect@44c00000/segment@200000/target-module@b000/i2c@0[0]'
[    2.103588] of_get_named_gpiod_flags: can't parse 'scl-gpio' property of node '/ocp/interconnect@44c00000/segment@200000/target-module@b000/i2c@0[0]'
[    2.103627] i2c i2c-0: using lookup tables for GPIO lookup
[    2.103639] i2c i2c-0: No GPIO consumer scl found
[    2.103661] i2c i2c-0: using DT '/ocp/interconnect@44c00000/segment@200000/target-module@b000/i2c@0' for 'sda' GPIO lookup
[    2.103699] of_get_named_gpiod_flags: can't parse 'sda-gpios' property of node '/ocp/interconnect@44c00000/segment@200000/target-module@b000/i2c@0[0]'
[    2.103738] of_get_named_gpiod_flags: can't parse 'sda-gpio' property of node '/ocp/interconnect@44c00000/segment@200000/target-module@b000/i2c@0[0]'
[    2.103771] i2c i2c-0: using lookup tables for GPIO lookup
[    2.103781] i2c i2c-0: No GPIO consumer sda found
[    2.137653] tps65217-pmic: Failed to locate of_node [id: -1]
[    2.143849] tps65217-bl: Failed to locate of_node [id: -1]
[    2.155091] tps65217 0-0024: TPS65217 ID 0xe version 1.2
[    2.161093] /ocp/interconnect@48000000/segment@300000/target-module@e000/lcdc@0: Fixed dependency cycle(s) with /ocp/interconnect@44c00000/segment@200000/target-module@b000/i2c@0/tda19988@70
[    2.178523] /ocp/interconnect@44c00000/segment@200000/target-module@b000/i2c@0/tda19988@70: Fixed dependency cycle(s) with /ocp/interconnect@48000000/segment@300000/target-module@e000/lcdc@0
[    2.195901] omap_i2c 44e0b000.i2c: bus 0 rev0.11 at 400 kHz
[    2.203617] sdhci-omap 48060000.mmc: using DT '/ocp/interconnect@48000000/segment@0/target-module@60000/mmc@0' for 'cd' GPIO lookup
[    2.203716] of_get_named_gpiod_flags: parsed 'cd-gpios' property of node '/ocp/interconnect@48000000/segment@0/target-module@60000/mmc@0[0]' - status (0)
[    2.203833] gpio gpiochip3: Persistence not supported for GPIO 6
[    2.203859] omap_gpio 44e07000.gpio: Could not set line 6 debounce to 200000 microseconds (-22)
[    2.212712] sdhci-omap 48060000.mmc: Got CD GPIO
[    2.217362] sdhci-omap 48060000.mmc: using DT '/ocp/interconnect@48000000/segment@0/target-module@60000/mmc@0' for 'wp' GPIO lookup
[    2.217411] of_get_named_gpiod_flags: can't parse 'wp-gpios' property of node '/ocp/interconnect@48000000/segment@0/target-module@60000/mmc@0[0]'
[    2.217454] of_get_named_gpiod_flags: can't parse 'wp-gpio' property of node '/ocp/interconnect@48000000/segment@0/target-module@60000/mmc@0[0]'
[    2.217490] sdhci-omap 48060000.mmc: using lookup tables for GPIO lookup
[    2.217503] sdhci-omap 48060000.mmc: No GPIO consumer wp found
[    2.217696] sdhci-omap 48060000.mmc: supply pbias not found, using dummy regulator
[    2.226748] sdhci-omap 481d8000.mmc: using DT '/ocp/interconnect@48000000/segment@100000/target-module@d8000/mmc@0' for 'wp' GPIO lookup
[    2.226827] of_get_named_gpiod_flags: can't parse 'wp-gpios' property of node '/ocp/interconnect@48000000/segment@100000/target-module@d8000/mmc@0[0]'
[    2.226876] of_get_named_gpiod_flags: can't parse 'wp-gpio' property of node '/ocp/interconnect@48000000/segment@100000/target-module@d8000/mmc@0[0]'
[    2.226913] sdhci-omap 481d8000.mmc: using lookup tables for GPIO lookup
[    2.226924] sdhci-omap 481d8000.mmc: No GPIO consumer wp found
[    2.228152] sdhci-omap 48060000.mmc: supply vqmmc not found, using dummy regulator
[    2.236883] sdhci-omap 481d8000.mmc: supply pbias not found, using dummy regulator
[    2.245482] sdhci-omap 481d8000.mmc: supply vqmmc not found, using dummy regulator
[    2.282057] mmc0: SDHCI controller on 48060000.mmc [48060000.mmc] using External DMA
[    2.290237] mmc1: SDHCI controller on 481d8000.mmc [481d8000.mmc] using External DMA
[    2.298985] cpsw-switch 4a100000.switch: starting ndev. mode: dual_mac
[    2.361587] mmc1: new high speed MMC card at address 0001
[    2.368428] mmcblk1: mmc1:0001 MMC04G 3.60 GiB
[    2.375865]  mmcblk1: p1 p2
[    2.379373] mmc0: new high speed SDHC card at address aaaa
[    2.386672] mmcblk1boot0: mmc1:0001 MMC04G 2.00 MiB
[    2.392985] mmcblk0: mmc0:aaaa SE32G 29.7 GiB
[    2.400852] mmcblk1boot1: mmc1:0001 MMC04G 2.00 MiB
[    2.407020]  mmcblk0: p1 p2
[    2.412109] mmcblk1rpmb: mmc1:0001 MMC04G 128 KiB, chardev (250:0)
[    2.482503] SMSC LAN8710/LAN8720 4a101000.mdio:00: attached PHY driver (mii_bus:phy_addr=4a101000.mdio:00, irq=POLL)
[    5.602046] cpsw-switch 4a100000.switch eth0: Link is Up - 100Mbps/Full - flow control off
[    5.641561] IP-Config: Complete:
[    5.644833]      device=eth0, hwaddr=6c:ec:eb:68:de:78, ipaddr=192.168.255.1, mask=255.255.255.0, gw=255.255.255.255
[    5.655488]      host=bbb1, domain=, nis-domain=(none)
[    5.660654]      bootserver=192.168.255.126, rootserver=192.168.255.126, rootpath=
[    5.661063] clk: Disabling unused clocks
[    5.672917] KTAP version 1
[    5.675645] 1..0
[    5.698525] VFS: Mounted root (nfs filesystem) on device 0:16.
[    5.705559] devtmpfs: mounted
[    5.710178] Freeing unused kernel image (initmem) memory: 1024K
[    5.716964] Run /sbin/init as init process
[    5.721093]   with arguments:
[    5.721104]     /sbin/init
[    5.721112]     nfsrootdebug
[    5.721120]   with environment:
[    5.721126]     HOME=/
[    5.721134]     TERM=linux
[    6.387685] systemd[1]: System time before build time, advancing clock.
[    7.831336] random: crng init done
[    7.902320] systemd[1]: systemd 232 running in system mode. (+PAM +AUDIT +SELINUX +IMA +APPARMOR +SMACK +SYSVINIT +UTMP +LIBCRYPTSETUP +GCRYPT +GNUTLS +ACL +XZ +LZ4 +SECCOMP +BLKID +ELFUTILS +KMOD +IDN)
[    7.921442] systemd[1]: Detected architecture arm.
[    7.964155] systemd[1]: Set hostname to <arm>.
[    9.003270] systemd[1]: Set up automount Arbitrary Executable File Formats File System Automount Point.
[    9.041901] systemd[1]: Reached target Remote File Systems.
[    9.081869] systemd[1]: Listening on udev Kernel Socket.
[    9.122166] systemd[1]: Started Dispatch Password Requests to Console Directory Watch.
[    9.162839] systemd[1]: Created slice System Slice.
[    9.202698] systemd[1]: Created slice system-serial\x2dgetty.slice.
[    9.243344] systemd[1]: Listening on Journal Socket.
[   10.976568] systemd-journald[88]: Received request to flush runtime journal from PID 1
[   14.114129] leds-gpio leds: using DT '/leds/led2' for '(null)' GPIO lookup
[   14.114232] of_get_named_gpiod_flags: parsed 'gpios' property of node '/leds/led2[0]' - status (0)
[   14.114284] gpio gpiochip0: Persistence not supported for GPIO 21
[   14.114297] gpio-533 (?): no flags found for (null)
[   14.114593] leds-gpio leds: using DT '/leds/led3' for '(null)' GPIO lookup
[   14.114645] of_get_named_gpiod_flags: parsed 'gpios' property of node '/leds/led3[0]' - status (0)
[   14.114677] gpio gpiochip0: Persistence not supported for GPIO 22
[   14.114688] gpio-534 (?): no flags found for (null)
[   14.202966] leds-gpio leds: using DT '/leds/led4' for '(null)' GPIO lookup
[   14.203054] of_get_named_gpiod_flags: parsed 'gpios' property of node '/leds/led4[0]' - status (0)
[   14.203098] gpio gpiochip0: Persistence not supported for GPIO 23
[   14.203111] gpio-535 (?): no flags found for (null)
[   14.231918] leds-gpio leds: using DT '/leds/led5' for '(null)' GPIO lookup
[   14.232015] of_get_named_gpiod_flags: parsed 'gpios' property of node '/leds/led5[0]' - status (0)
[   14.232064] gpio gpiochip0: Persistence not supported for GPIO 24
[   14.232077] gpio-536 (?): no flags found for (null)
[   14.462155] remoteproc remoteproc0: wkup_m3 is available
[   15.062699] am335x-phy-driver 47401300.usb-phy: using DT '/ocp/target-module@47400000/usb-phy@1300' for 'reset' GPIO lookup
[   15.062793] of_get_named_gpiod_flags: can't parse 'reset-gpios' property of node '/ocp/target-module@47400000/usb-phy@1300[0]'
[   15.062838] of_get_named_gpiod_flags: can't parse 'reset-gpio' property of node '/ocp/target-module@47400000/usb-phy@1300[0]'
[   15.062873] am335x-phy-driver 47401300.usb-phy: using lookup tables for GPIO lookup
[   15.062885] am335x-phy-driver 47401300.usb-phy: No GPIO consumer reset found
[   15.062898] am335x-phy-driver 47401300.usb-phy: using DT '/ocp/target-module@47400000/usb-phy@1300' for 'vbus-detect' GPIO lookup
[   15.062928] of_get_named_gpiod_flags: can't parse 'vbus-detect-gpios' property of node '/ocp/target-module@47400000/usb-phy@1300[0]'
[   15.062959] of_get_named_gpiod_flags: can't parse 'vbus-detect-gpio' property of node '/ocp/target-module@47400000/usb-phy@1300[0]'
[   15.062984] am335x-phy-driver 47401300.usb-phy: using lookup tables for GPIO lookup
[   15.062995] am335x-phy-driver 47401300.usb-phy: No GPIO consumer vbus-detect found
[   15.063140] am335x-phy-driver 47401300.usb-phy: dummy supplies not allowed for exclusive requests
[   15.094441] at24 2-0054: supply vcc not found, using dummy regulator
[   15.248732] at24 2-0055: supply vcc not found, using dummy regulator
[   15.264693] wkup_m3_ipc 44e11324.wkup_m3_ipc: IPC Request for A8->M3 Channel failed! -517
[   15.432227] at24 2-0056: supply vcc not found, using dummy regulator
[   15.542238] at24 2-0057: supply vcc not found, using dummy regulator
[   15.692211] at24 0-0050: using DT '/ocp/interconnect@44c00000/segment@200000/target-module@b000/i2c@0/baseboard_eeprom@50' for 'wp' GPIO lookup
[   15.692428] of_get_named_gpiod_flags: can't parse 'wp-gpios' property of node '/ocp/interconnect@44c00000/segment@200000/target-module@b000/i2c@0/baseboard_eeprom@50[0]'
[   15.692541] of_get_named_gpiod_flags: can't parse 'wp-gpio' property of node '/ocp/interconnect@44c00000/segment@200000/target-module@b000/i2c@0/baseboard_eeprom@50[0]'
[   15.692590] at24 0-0050: using lookup tables for GPIO lookup
[   15.692644] at24 0-0050: No GPIO consumer wp found
[   15.692928] at24 0-0050: 32768 byte 24c256 EEPROM, writable, 1 bytes/write
[   15.715400] wkup_m3_ipc 44e11324.wkup_m3_ipc: IPC Request for A8->M3 Channel failed! -517
[   15.827690] am335x-phy-driver 47401b00.usb-phy: using DT '/ocp/target-module@47400000/usb-phy@1b00' for 'reset' GPIO lookup
[   15.827890] of_get_named_gpiod_flags: can't parse 'reset-gpios' property of node '/ocp/target-module@47400000/usb-phy@1b00[0]'
[   15.827940] of_get_named_gpiod_flags: can't parse 'reset-gpio' property of node '/ocp/target-module@47400000/usb-phy@1b00[0]'
[   15.828026] am335x-phy-driver 47401b00.usb-phy: using lookup tables for GPIO lookup
[   15.828041] am335x-phy-driver 47401b00.usb-phy: No GPIO consumer reset found
[   15.828053] am335x-phy-driver 47401b00.usb-phy: using DT '/ocp/target-module@47400000/usb-phy@1b00' for 'vbus-detect' GPIO lookup
[   15.828139] of_get_named_gpiod_flags: can't parse 'vbus-detect-gpios' property of node '/ocp/target-module@47400000/usb-phy@1b00[0]'
[   15.828174] of_get_named_gpiod_flags: can't parse 'vbus-detect-gpio' property of node '/ocp/target-module@47400000/usb-phy@1b00[0]'
[   15.828239] am335x-phy-driver 47401b00.usb-phy: using lookup tables for GPIO lookup
[   15.828251] am335x-phy-driver 47401b00.usb-phy: No GPIO consumer vbus-detect found
[   15.828497] am335x-phy-driver 47401b00.usb-phy: dummy supplies not allowed for exclusive requests
[   15.913613] wkup_m3_ipc 44e11324.wkup_m3_ipc: IPC Request for A8->M3 Channel failed! -517
[   16.036178] tps6521x_pwrbutton tps65217-pwrbutton: DMA mask not set
[   16.047079] wkup_m3_ipc 44e11324.wkup_m3_ipc: IPC Request for A8->M3 Channel failed! -517
[   16.153531] input: tps65217_pwrbutton as /devices/platform/ocp/44c00000.interconnect/44c00000.interconnect:segment@200000/44e0b000.target-module/44e0b000.i2c/i2c-0/0-0024/tps65217-pwrbutton/input/input0
[   16.208233] wkup_m3_ipc 44e11324.wkup_m3_ipc: IPC Request for A8->M3 Channel failed! -517
[   16.235571] omap_rtc 44e3e000.rtc: registered as rtc0
[   16.240771] omap_rtc 44e3e000.rtc: setting system clock to 2000-01-01T00:00:00 UTC (946684800)
[   16.249752] omap_rtc 44e3e000.rtc: using DT '/ocp/interconnect@44c00000/segment@200000/target-module@3e000/rtc@0' for 'wp' GPIO lookup
[   16.249830] of_get_named_gpiod_flags: can't parse 'wp-gpios' property of node '/ocp/interconnect@44c00000/segment@200000/target-module@3e000/rtc@0[0]'
[   16.249880] of_get_named_gpiod_flags: can't parse 'wp-gpio' property of node '/ocp/interconnect@44c00000/segment@200000/target-module@3e000/rtc@0[0]'
[   16.249920] omap_rtc 44e3e000.rtc: using lookup tables for GPIO lookup
[   16.249933] omap_rtc 44e3e000.rtc: No GPIO consumer wp found
[   16.350166] wkup_m3_ipc 44e11324.wkup_m3_ipc: IPC Request for A8->M3 Channel failed! -517
[   16.395577] omap_wdt: OMAP Watchdog Timer Rev 0x01: initial timeout 60 sec
[   16.486865] wkup_m3_ipc 44e11324.wkup_m3_ipc: IPC Request for A8->M3 Channel failed! -517
[   16.801069] usbcore: registered new interface driver usbfs
[   16.806934] usbcore: registered new interface driver hub
[   16.812465] usbcore: registered new device driver usb
[   17.431262] wkup_m3_ipc 44e11324.wkup_m3_ipc: IPC Request for A8->M3 Channel failed! -517
[   17.598799] musb-hdrc musb-hdrc.1: MUSB HDRC host driver
[   17.604459] musb-hdrc musb-hdrc.1: new USB bus registered, assigned bus number 1
[   17.637461] wkup_m3_ipc 44e11324.wkup_m3_ipc: IPC Request for A8->M3 Channel failed! -517
[   17.731911] usb usb1: New USB device found, idVendor=1d6b, idProduct=0002, bcdDevice= 6.06
[   17.740267] usb usb1: New USB device strings: Mfr=3, Product=2, SerialNumber=1
[   17.747639] usb usb1: Product: MUSB HDRC host driver
[   17.752669] usb usb1: Manufacturer: Linux 6.6.111 musb-hcd
[   17.758185] usb usb1: SerialNumber: musb-hdrc.1
[   17.813073] tda998x 0-0070: found TDA19988
[   17.885053] wkup_m3_ipc 44e11324.wkup_m3_ipc: IPC Request for A8->M3 Channel failed! -517
[   17.921965] hub 1-0:1.0: USB hub found
[   18.004995] hub 1-0:1.0: 1 port detected
[   18.045373] omap-mailbox 480c8000.mailbox: omap mailbox rev 0x400
[   18.089788] remoteproc remoteproc0: powering up wkup_m3
[   18.200961] remoteproc remoteproc0: Direct firmware load for am335x-pm-firmware.elf failed with error -2
[   18.210759] remoteproc remoteproc0: request_firmware failed: -2
[   18.216785] wkup_m3_ipc 44e11324.wkup_m3_ipc: rproc_boot failed
[   20.288117] omap_rng 48310000.rng: Random Number Generator ver. 20
[   20.401986] tilcdc 4830e000.lcdc: bound 0-0070 (ops tda998x_audio_codec_init [tda998x])
[   20.561808] [drm] Initialized tilcdc 1.0.0 20121205 for 4830e000.lcdc on minor 0
[   20.678283] tilcdc 4830e000.lcdc: [drm] Cannot find any crtc or sizes
[   20.686923] tilcdc 4830e000.lcdc: [drm] Cannot find any crtc or sizes
[   22.022309] PM: Cannot get wkup_m3_ipc handle
[   22.060942] omap-sham 53100000.sham: hw accel on OMAP rev 4.3
[   22.168463] omap-aes 53500000.aes: OMAP AES hw accel rev: 3.2
[   22.201646] omap-sham 53100000.sham: will run requests pump with realtime priority
[   22.211739] PM: Cannot get wkup_m3_ipc handle
[   22.335236] omap-aes 53500000.aes: will run requests pump with realtime priority
[   22.344477] PM: Cannot get wkup_m3_ipc handle
[   22.629212] Bluetooth: Core ver 2.22
[   22.633230] NET: Registered PF_BLUETOOTH protocol family
[   22.638580] Bluetooth: HCI device and connection manager initialized
[   22.645110] Bluetooth: HCI socket layer initialized
[   22.650024] Bluetooth: L2CAP socket layer initialized
[   22.655201] Bluetooth: SCO socket layer initialized
[   25.808399] PM: Cannot get wkup_m3_ipc handle
[   25.814363] asoc-simple-card sound: using DT '/sound' for 'simple-audio-card,hp-det' GPIO lookup
[   25.814434] of_get_named_gpiod_flags: can't parse 'simple-audio-card,hp-det-gpios' property of node '/sound[0]'
[   25.814470] of_get_named_gpiod_flags: can't parse 'simple-audio-card,hp-det-gpio' property of node '/sound[0]'
[   25.814494] asoc-simple-card sound: using lookup tables for GPIO lookup
[   25.814505] asoc-simple-card sound: No GPIO consumer simple-audio-card,hp-det found
[   25.814518] asoc-simple-card sound: using DT '/sound' for 'simple-audio-card,mic-det' GPIO lookup
[   25.814540] of_get_named_gpiod_flags: can't parse 'simple-audio-card,mic-det-gpios' property of node '/sound[0]'
[   25.814565] of_get_named_gpiod_flags: can't parse 'simple-audio-card,mic-det-gpio' property of node '/sound[0]'
[   25.814583] asoc-simple-card sound: using lookup tables for GPIO lookup
[   25.814593] asoc-simple-card sound: No GPIO consumer simple-audio-card,mic-det found
[   25.961972] PM: Cannot get wkup_m3_ipc handle
[   27.573731] userial_init: registered 8 ttyGS* devices
[   27.856687] rndis_register: configNr = 0
[   27.976103] udc musb-hdrc.0: binding gadget driver [g_multi]
[   27.976196] configfs-gadget.g_multi gadget.0: adding 'rndis'/6cd6c5d3 to config 'c'/a93b362b
[   27.977310] configfs-gadget.g_multi gadget.0: HOST MAC 1c:ba:8c:a2:ed:6c
[   27.984288] configfs-gadget.g_multi gadget.0: MAC 1c:ba:8c:a2:ed:70
[   27.990637] rndis_set_param_medium: 0 0
[   27.990655] configfs-gadget.g_multi gadget.0: RNDIS: IN/ep1in OUT/ep1out NOTIFY/ep2in
[   27.990670] configfs-gadget.g_multi gadget.0: adding 'cdc_ethernet'/5fb8e4eb to config 'c'/a93b362b
[   27.991746] configfs-gadget.g_multi gadget.0: HOST MAC 1c:ba:8c:a2:ed:6c
[   27.998513] configfs-gadget.g_multi gadget.0: MAC 1c:ba:8c:a2:ed:6d
[   28.004930] configfs-gadget.g_multi gadget.0: CDC Ethernet: IN/ep3in OUT/ep2out NOTIFY/ep4in
[   28.004948] configfs-gadget.g_multi gadget.0: adding 'acm'/dd266a2a to config 'c'/a93b362b
[   28.004982] configfs-gadget.g_multi gadget.0: acm ttyGS0: IN/ep5in OUT/ep3out NOTIFY/ep6in
[   28.006006] PM: Cannot get wkup_m3_ipc handle
[   29.237487] configfs-gadget.g_multi gadget.0: eth_open
[   29.978460] configfs-gadget.g_multi gadget.0: stop stats: rx/tx 0/0, errs 0/0
[   34.613636] gs_open: ttyGS0 (9ad9001c,dfd862e4)
[   34.613790] gs_close: ttyGS0 (9ad9001c,dfd862e4) ...
[   34.613810] gs_close: ttyGS0 (9ad9001c,dfd862e4) done!
[   34.630876] gs_open: ttyGS0 (9ad9001c,123287ac)
[   34.630987] gs_close: ttyGS0 (9ad9001c,123287ac) ...
[   34.631007] gs_close: ttyGS0 (9ad9001c,123287ac) done!
[   34.777554] gs_open: ttyGS0 (094a9413,6f17a46b)
[   34.777780] gs_close: ttyGS0 (094a9413,6f17a46b) ...
[   34.777805] gs_close: ttyGS0 (094a9413,6f17a46b) done!
[   34.780523] gs_open: ttyGS0 (2dd876f1,97b2aa4e)
OQYCHYFSJE 0
root@arm:~# echo 'TUPL''WZEYHN'
TUPLWZEYHN
root@arm:~# MARKER='LSHL''UVFHKF' run 'modprobe test_linear_ranges'
LSHLUVFHKFLSHLUVFHKF 0
root@arm:~# echo 'LPOY''PFHQEQ'
LPOYPFHQEQ
root@arm:~# MARKER='WMMN''HPOXSS' run dmesg
WMMNHPOXSS[    0.000000] Booting Linux on physical CPU 0x0
[    0.000000] Linux version 6.6.111 (user01@drvtest01) (arm-none-eabi-gcc (Arm GNU Toolchain 14.2.Rel1 (Build arm-14.52)) 14.2.1 20241119, GNU ld (Arm GNU Toolchain 14.2.Rel1 (Build arm-14.52)) 2.43.1.20241119) #1 SMP Sun Oct 12 15:18:43 EEST 2025
[    0.000000] CPU: ARMv7 Processor [413fc082] revision 2 (ARMv7), cr=10c5387d
[    0.000000] CPU: PIPT / VIPT nonaliasing data cache, VIPT aliasing instruction cache
[    0.000000] OF: fdt: Machine model: TI AM335x BeagleBone Black
[    0.000000] Memory policy: Data cache writeback
[    0.000000] cma: Reserved 16 MiB at 0x9e800000 on node -1
[    0.000000] Zone ranges:
[    0.000000]   Normal   [mem 0x0000000080000000-0x000000009fdfffff]
[    0.000000]   HighMem  empty
[    0.000000] Movable zone start for each node
[    0.000000] Early memory node ranges
[    0.000000]   node   0: [mem 0x0000000080000000-0x000000009fdfffff]
[    0.000000] Initmem setup node 0 [mem 0x0000000080000000-0x000000009fdfffff]
[    0.000000] CPU: All CPU(s) started in SVC mode.
[    0.000000] AM335X ES2.1 (sgx neon)
[    0.000000] percpu: Embedded 16 pages/cpu s36116 r8192 d21228 u65536
[    0.000000] pcpu-alloc: s36116 r8192 d21228 u65536 alloc=16*4096
[    0.000000] pcpu-alloc: [0] 0 
[    0.000000] Kernel command line: console=ttyO0,115200n8 root=/dev/nfs rw nfsroot=192.168.255.126:/home/user01/nfs,nfsvers=3 ip=192.168.255.1:192.168.255.126::255.255.255.0:bbb1:eth0 nfsrootdebug
[    0.000000] Unknown kernel command line parameters "nfsrootdebug", will be passed to user space.
[    0.000000] Dentry cache hash table entries: 65536 (order: 6, 262144 bytes, linear)
[    0.000000] Inode-cache hash table entries: 32768 (order: 5, 131072 bytes, linear)
[    0.000000] Built 1 zonelists, mobility grouping on.  Total pages: 129412
[    0.000000] mem auto-init: stack:off, heap alloc:off, heap free:off
[    0.000000] Memory: 483604K/522240K available (11264K kernel code, 1165K rwdata, 2704K rodata, 1024K init, 282K bss, 22252K reserved, 16384K cma-reserved, 0K highmem)
[    0.000000] SLUB: HWalign=64, Order=0-3, MinObjects=0, CPUs=1, Nodes=1
[    0.000000] rcu: Hierarchical RCU implementation.
[    0.000000] rcu: 	RCU event tracing is enabled.
[    0.000000] rcu: 	RCU restricting CPUs from NR_CPUS=2 to nr_cpu_ids=1.
[    0.000000] rcu: RCU calculated value of scheduler-enlistment delay is 10 jiffies.
[    0.000000] rcu: Adjusting geometry for rcu_fanout_leaf=16, nr_cpu_ids=1
[    0.000000] NR_IRQS: 16, nr_irqs: 16, preallocated irqs: 16
[    0.000000] IRQ: Found an INTC at 0x(ptrval) (revision 5.0) with 128 interrupts
[    0.000000] rcu: srcu_init: Setting srcu_struct sizes based on contention.
[    0.000000] TI gptimer clocksource: always-on /ocp/interconnect@44c00000/segment@200000/target-module@31000
[    0.000003] sched_clock: 32 bits at 24MHz, resolution 41ns, wraps every 89478484971ns
[    0.000028] clocksource: dmtimer: mask: 0xffffffff max_cycles: 0xffffffff, max_idle_ns: 79635851949 ns
[    0.000519] TI gptimer clockevent: 24000000 Hz at /ocp/interconnect@48000000/segment@0/target-module@40000
[    0.002074] Console: colour dummy device 80x30
[    0.002124] WARNING: Your 'console=ttyO0' has been replaced by 'ttyS0'
[    0.002132] This ensures that you still see kernel messages. Please
[    0.002137] update your kernel commandline.
[    0.002178] Calibrating delay loop... 996.14 BogoMIPS (lpj=4980736)
[    0.090570] CPU: Testing write buffer coherency: ok
[    0.090667] CPU0: Spectre v2: using BPIALL workaround
[    0.090678] pid_max: default: 32768 minimum: 301
[    0.090793] LSM: initializing lsm=capability,integrity
[    0.090959] Mount-cache hash table entries: 1024 (order: 0, 4096 bytes, linear)
[    0.090981] Mountpoint-cache hash table entries: 1024 (order: 0, 4096 bytes, linear)
[    0.092458] CPU0: thread -1, cpu 0, socket -1, mpidr 0
[    0.094051] Setting up static identity map for 0x80100000 - 0x80100078
[    0.094335] rcu: Hierarchical SRCU implementation.
[    0.094345] rcu: 	Max phase no-delay instances is 1000.
[    0.095723] smp: Bringing up secondary CPUs ...
[    0.095779] smp: Brought up 1 node, 1 CPU
[    0.095794] SMP: Total of 1 processors activated (996.14 BogoMIPS).
[    0.095806] CPU: All CPU(s) started in SVC mode.
[    0.096675] devtmpfs: initialized
[    0.113885] VFP support v0.3: implementor 41 architecture 3 part 30 variant c rev 3
[    0.114244] clocksource: jiffies: mask: 0xffffffff max_cycles: 0xffffffff, max_idle_ns: 19112604462750000 ns
[    0.114281] futex hash table entries: 256 (order: 2, 16384 bytes, linear)
[    0.115559] pinctrl core: initialized pinctrl subsystem
[    0.117712] NET: Registered PF_NETLINK/PF_ROUTE protocol family
[    0.120243] DMA: preallocated 256 KiB pool for atomic coherent allocations
[    0.121052] audit: initializing netlink subsys (disabled)
[    0.122417] thermal_sys: Registered thermal governor 'fair_share'
[    0.122439] thermal_sys: Registered thermal governor 'step_wise'
[    0.122444] thermal_sys: Registered thermal governor 'user_space'
[    0.122555] audit: type=2000 audit(0.120:1): state=initialized audit_enabled=0 res=1
[    0.122629] cpuidle: using governor menu
[    0.138932] /ocp/interconnect@44c00000/segment@200000/target-module@b000/i2c@0/tda19988@70: Fixed dependency cycle(s) with /ocp/interconnect@48000000/segment@300000/target-module@e000/lcdc@0
[    0.139983] /ocp/interconnect@48000000/segment@300000/target-module@e000/lcdc@0: Fixed dependency cycle(s) with /ocp/interconnect@44c00000/segment@200000/target-module@b000/i2c@0/tda19988@70
[    0.142197] No ATAGs?
[    0.142216] hw-breakpoint: debug architecture 0x4 unsupported.
[    0.145243] kprobes: kprobe jump-optimization is enabled. All kprobes are optimized if possible.
[    0.163209] iommu: Default domain type: Translated
[    0.163231] iommu: DMA domain TLB invalidation policy: strict mode
[    0.164665] SCSI subsystem initialized
[    0.165482] reg-fixed-voltage fixedregulator0: using DT '/fixedregulator0' for '(null)' GPIO lookup
[    0.165533] of_get_named_gpiod_flags: can't parse 'gpios' property of node '/fixedregulator0[0]'
[    0.165563] of_get_named_gpiod_flags: can't parse 'gpio' property of node '/fixedregulator0[0]'
[    0.165582] reg-fixed-voltage fixedregulator0: using lookup tables for GPIO lookup
[    0.165593] reg-fixed-voltage fixedregulator0: No GPIO consumer (null) found
[    0.166116] libata version 3.00 loaded.
[    0.166470] pps_core: LinuxPPS API ver. 1 registered
[    0.166482] pps_core: Software ver. 5.3.6 - Copyright 2005-2007 Rodolfo Giometti <giometti@linux.it>
[    0.166507] PTP clock support registered
[    0.170984] vgaarb: loaded
[    0.171316] clocksource: Switched to clocksource dmtimer
[    0.171926] VFS: Disk quotas dquot_6.6.0
[    0.171987] VFS: Dquot-cache hash table entries: 1024 (order 0, 4096 bytes)
[    0.202245] NET: Registered PF_INET protocol family
[    0.202586] IP idents hash table entries: 8192 (order: 4, 65536 bytes, linear)
[    0.203911] tcp_listen_portaddr_hash hash table entries: 512 (order: 0, 4096 bytes, linear)
[    0.203950] Table-perturb hash table entries: 65536 (order: 6, 262144 bytes, linear)
[    0.203968] TCP established hash table entries: 4096 (order: 2, 16384 bytes, linear)
[    0.204013] TCP bind hash table entries: 4096 (order: 4, 65536 bytes, linear)
[    0.204113] TCP: Hash tables configured (established 4096 bind 4096)
[    0.204246] UDP hash table entries: 256 (order: 1, 8192 bytes, linear)
[    0.204275] UDP-Lite hash table entries: 256 (order: 1, 8192 bytes, linear)
[    0.204450] NET: Registered PF_UNIX/PF_LOCAL protocol family
[    0.205607] RPC: Registered named UNIX socket transport module.
[    0.205627] RPC: Registered udp transport module.
[    0.205633] RPC: Registered tcp transport module.
[    0.205639] RPC: Registered tcp-with-tls transport module.
[    0.205644] RPC: Registered tcp NFSv4.1 backchannel transport module.
[    0.205668] PCI: CLS 0 bytes, default 64
[    0.207251] Initialise system trusted keyrings
[    0.212427] workingset: timestamp_bits=14 max_order=17 bucket_order=3
[    0.221681] NFS: Registering the id_resolver key type
[    0.221774] Key type id_resolver registered
[    0.221781] Key type id_legacy registered
[    0.221840] jffs2: version 2.2. (NAND) (SUMMARY)  Â© 2001-2006 Red Hat, Inc.
[    0.222246] Key type asymmetric registered
[    0.222263] Asymmetric key parser 'x509' registered
[    0.222337] io scheduler mq-deadline registered
[    0.222349] io scheduler kyber registered
[    0.222416] io scheduler bfq registered
[    0.225093] hw perfevents: enabled with armv7_cortex_a8 PMU driver, 5 counters available
[    0.233368] l3-aon-clkctrl:0000:0: failed to disable
[    0.241561] Serial: 8250/16550 driver, 6 ports, IRQ sharing enabled
[    0.285653] brd: module loaded
[    0.299688] loop: module loaded
[    0.300610] mtdoops: mtd device (mtddev=name/number) must be supplied
[    0.302255] mdio_bus fixed-0: using lookup tables for GPIO lookup
[    0.302282] mdio_bus fixed-0: No GPIO consumer reset found
[    0.303521] i2c_dev: i2c /dev entries driver
[    0.304506] cpuidle: enable-method property 'ti,am3352' found operations
[    0.304959] sdhci: Secure Digital Host Controller Interface driver
[    0.304972] sdhci: Copyright(c) Pierre Ossman
[    0.305163] sdhci-pltfm: SDHCI platform and OF driver helper
[    0.319107] ledtrig-cpu: registered to indicate activity on CPUs
[    0.319940] Initializing XFRM netlink socket
[    0.320068] NET: Registered PF_INET6 protocol family
[    0.337295] Segment Routing with IPv6
[    0.337372] In-situ OAM (IOAM) with IPv6
[    0.337477] sit: IPv6, IPv4 and MPLS over IPv4 tunneling driver
[    0.338446] NET: Registered PF_PACKET protocol family
[    0.338477] NET: Registered PF_KEY protocol family
[    0.338599] Key type dns_resolver registered
[    0.338820] ThumbEE CPU extension supported.
[    0.338843] Registering SWP/SWPB emulation handler
[    0.339355] omap_voltage_late_init: Voltage driver support not added
[    0.340007] SmartReflex Class3 initialized
[    0.368362] Loading compiled-in X.509 certificates
[    0.399056] /ocp/interconnect@44c00000/segment@200000/target-module@b000/i2c@0/tda19988@70: Fixed dependency cycle(s) with /ocp/interconnect@48000000/segment@300000/target-module@e000/lcdc@0
[    0.405387] /ocp/interconnect@44c00000/segment@200000/target-module@b000/i2c@0/tda19988@70: Fixed dependency cycle(s) with /ocp/interconnect@48000000/segment@300000/target-module@e000/lcdc@0
[    0.410579] gpiochip_find_base: found new base at 512
[    0.413243] /ocp/interconnect@44c00000/segment@200000/target-module@b000/i2c@0/tda19988@70: Fixed dependency cycle(s) with /ocp/interconnect@48000000/segment@300000/target-module@e000/lcdc@0
[    0.414098] /ocp/interconnect@44c00000/segment@200000/target-module@b000/i2c@0/tda19988@70: Fixed dependency cycle(s) with /ocp/interconnect@48000000/segment@300000/target-module@e000/lcdc@0
[    0.417297] /ocp/interconnect@44c00000/segment@200000/target-module@10000/scm@0/pinmux@800: Fixed dependency cycle(s) with /ocp/interconnect@44c00000/segment@200000/target-module@10000/scm@0/pinmux@800/clkout2-pins
[    0.417900] pinctrl-single 44e10800.pinmux: 142 pins, size 568
[    0.423065] ti-sysc: probe of 44e31000.target-module failed with error -16
[    0.460567] /ocp/interconnect@48000000/segment@300000/target-module@e000/lcdc@0: Fixed dependency cycle(s) with /ocp/interconnect@44c00000/segment@200000/target-module@b000/i2c@0/tda19988@70
[    0.468374] ti-sysc: probe of 48040000.target-module failed with error -16
[    0.479344] gpiochip_find_base: found new base at 512
[    0.479411] gpio gpiochip0: (gpio-0-31): created GPIO range 0->7 ==> 44e10800.pinmux PIN 0->7
[    0.479431] gpio gpiochip0: (gpio-0-31): created GPIO range 8->11 ==> 44e10800.pinmux PIN 90->93
[    0.479447] gpio gpiochip0: (gpio-0-31): created GPIO range 12->27 ==> 44e10800.pinmux PIN 12->27
[    0.479463] gpio gpiochip0: (gpio-0-31): created GPIO range 28->31 ==> 44e10800.pinmux PIN 30->33
[    0.512439] gpio gpiochip0: (gpio-0-31): added GPIO chardev (254:0)
[    0.512603] gpio gpiochip0: registered GPIOs 512 to 543 on gpio-0-31
[    0.512691] OMAP GPIO hardware version 0.1
[    0.534584] i2c i2c-2: using DT '/ocp/interconnect@48000000/segment@100000/target-module@9c000/i2c@0' for 'scl' GPIO lookup
[    0.534658] of_get_named_gpiod_flags: can't parse 'scl-gpios' property of node '/ocp/interconnect@48000000/segment@100000/target-module@9c000/i2c@0[0]'
[    0.534703] of_get_named_gpiod_flags: can't parse 'scl-gpio' property of node '/ocp/interconnect@48000000/segment@100000/target-module@9c000/i2c@0[0]'
[    0.534738] i2c i2c-2: using lookup tables for GPIO lookup
[    0.534748] i2c i2c-2: No GPIO consumer scl found
[    0.534769] i2c i2c-2: using DT '/ocp/interconnect@48000000/segment@100000/target-module@9c000/i2c@0' for 'sda' GPIO lookup
[    0.534804] of_get_named_gpiod_flags: can't parse 'sda-gpios' property of node '/ocp/interconnect@48000000/segment@100000/target-module@9c000/i2c@0[0]'
[    0.534842] of_get_named_gpiod_flags: can't parse 'sda-gpio' property of node '/ocp/interconnect@48000000/segment@100000/target-module@9c000/i2c@0[0]'
[    0.534873] i2c i2c-2: using lookup tables for GPIO lookup
[    0.534881] i2c i2c-2: No GPIO consumer sda found
[    0.535580] omap_i2c 4819c000.i2c: bus 2 rev0.11 at 100 kHz
[    0.540870] gpiochip_find_base: found new base at 544
[    0.540931] gpio gpiochip1: (gpio-32-63): created GPIO range 0->17 ==> 44e10800.pinmux PIN 34->51
[    0.540951] gpio gpiochip1: (gpio-32-63): created GPIO range 18->21 ==> 44e10800.pinmux PIN 77->80
[    0.540966] gpio gpiochip1: (gpio-32-63): created GPIO range 22->31 ==> 44e10800.pinmux PIN 56->65
[    0.554633] gpio gpiochip1: (gpio-32-63): added GPIO chardev (254:1)
[    0.554793] gpio gpiochip1: registered GPIOs 544 to 575 on gpio-32-63
[    0.556993] gpiochip_find_base: found new base at 576
[    0.557051] gpio gpiochip2: (gpio-64-95): created GPIO range 0->4 ==> 44e10800.pinmux PIN 66->70
[    0.557071] gpio gpiochip2: (gpio-64-95): created GPIO range 5->6 ==> 44e10800.pinmux PIN 98->99
[    0.557086] gpio gpiochip2: (gpio-64-95): created GPIO range 7->8 ==> 44e10800.pinmux PIN 75->76
[    0.557102] gpio gpiochip2: (gpio-64-95): created GPIO range 13->13 ==> 44e10800.pinmux PIN 141->141
[    0.557118] gpio gpiochip2: (gpio-64-95): created GPIO range 14->21 ==> 44e10800.pinmux PIN 100->107
[    0.557668] gpio gpiochip2: (gpio-64-95): added GPIO chardev (254:2)
[    0.557797] gpio gpiochip2: registered GPIOs 576 to 607 on gpio-64-95
[    0.564113] /ocp/interconnect@48000000/segment@300000/target-module@e000/lcdc@0: Fixed dependency cycle(s) with /ocp/interconnect@44c00000/segment@200000/target-module@b000/i2c@0/tda19988@70
[    0.566771] /ocp/interconnect@48000000/segment@300000/target-module@e000/lcdc@0: Fixed dependency cycle(s) with /ocp/interconnect@44c00000/segment@200000/target-module@b000/i2c@0/tda19988@70
[    0.567449] /ocp/interconnect@44c00000/segment@200000/target-module@b000/i2c@0/tda19988@70: Fixed dependency cycle(s) with /ocp/interconnect@48000000/segment@300000/target-module@e000/lcdc@0
[    0.567608] /ocp/interconnect@48000000/segment@300000/target-module@e000/lcdc@0: Fixed dependency cycle(s) with /ocp/interconnect@44c00000/segment@200000/target-module@b000/i2c@0/tda19988@70
[    0.576888] mdio_bus 4a101000.mdio: using DT '/ocp/interconnect@4a000000/segment@0/target-module@100000/switch@0/mdio@1000' for 'reset' GPIO lookup
[    0.576962] of_get_named_gpiod_flags: can't parse 'reset-gpios' property of node '/ocp/interconnect@4a000000/segment@0/target-module@100000/switch@0/mdio@1000[0]'
[    0.577009] of_get_named_gpiod_flags: can't parse 'reset-gpio' property of node '/ocp/interconnect@4a000000/segment@0/target-module@100000/switch@0/mdio@1000[0]'
[    0.577057] mdio_bus 4a101000.mdio: using lookup tables for GPIO lookup
[    0.577067] mdio_bus 4a101000.mdio: No GPIO consumer reset found
[    0.577984] sdhci-omap 481d8000.mmc: using DT '/ocp/interconnect@48000000/segment@100000/target-module@d8000/mmc@0' for 'wp' GPIO lookup
[    0.578042] of_get_named_gpiod_flags: can't parse 'wp-gpios' property of node '/ocp/interconnect@48000000/segment@100000/target-module@d8000/mmc@0[0]'
[    0.578084] of_get_named_gpiod_flags: can't parse 'wp-gpio' property of node '/ocp/interconnect@48000000/segment@100000/target-module@d8000/mmc@0[0]'
[    0.578119] sdhci-omap 481d8000.mmc: using lookup tables for GPIO lookup
[    0.578129] sdhci-omap 481d8000.mmc: No GPIO consumer wp found
[    0.578313] sdhci-omap 481d8000.mmc: supply pbias not found, using dummy regulator
[    0.578796] sdhci-omap 481d8000.mmc: supply vqmmc not found, using dummy regulator
[    0.654054] davinci_mdio 4a101000.mdio: davinci mdio revision 1.6, bus freq 1000000
[    0.670750] mdio_bus 4a101000.mdio:00: using DT '/ocp/interconnect@4a000000/segment@0/target-module@100000/switch@0/mdio@1000/ethernet-phy@0' for 'reset' GPIO lookup
[    0.670857] of_get_named_gpiod_flags: parsed 'reset-gpios' property of node '/ocp/interconnect@4a000000/segment@0/target-module@100000/switch@0/mdio@1000/ethernet-phy@0[0]' - status (0)
[    0.671016] gpio gpiochip0: Persistence not supported for GPIO 8
[    0.841886] davinci_mdio 4a101000.mdio: phy[0]: device 4a101000.mdio:00, driver SMSC LAN8710/LAN8720
[    0.842529] cpsw-switch 4a100000.switch: initialized cpsw ale version 1.4
[    0.842553] cpsw-switch 4a100000.switch: ALE Table size 1024
[    0.842849] cpsw-switch 4a100000.switch: cpts: overflow check period 500 (jiffies)
[    0.842871] cpsw-switch 4a100000.switch: CPTS: ref_clk_freq:250000000 calc_mult:2147483648 calc_shift:29 error:0 nsec/sec
[    0.842974] cpsw-switch 4a100000.switch: Detected MACID = 6c:ec:eb:68:de:78
[    0.844800] cpsw-switch 4a100000.switch: initialized (regs 0x4a100000, pool size 256) hw_ver:0019010C 1.12 (0)
[    0.855557] debugfs: Directory '49000000.dma' with parent 'dmaengine' already present!
[    0.855599] edma 49000000.dma: TI EDMA DMA engine driver
[    0.899009] gpio-clk clk_mcasp0: using DT '/clk_mcasp0' for 'enable' GPIO lookup
[    0.899088] of_get_named_gpiod_flags: parsed 'enable-gpios' property of node '/clk_mcasp0[0]' - status (0)
[    0.899131] gpio gpiochip0: Persistence not supported for GPIO 27
[    0.899974] gpiochip_find_base: found new base at 608
[    0.900034] gpio gpiochip3: (gpio-96-127): created GPIO range 0->7 ==> 44e10800.pinmux PIN 82->89
[    0.900055] gpio gpiochip3: (gpio-96-127): created GPIO range 8->11 ==> 44e10800.pinmux PIN 52->55
[    0.900071] gpio gpiochip3: (gpio-96-127): created GPIO range 12->15 ==> 44e10800.pinmux PIN 94->97
[    0.900086] gpio gpiochip3: (gpio-96-127): created GPIO range 16->17 ==> 44e10800.pinmux PIN 71->72
[    0.900102] gpio gpiochip3: (gpio-96-127): created GPIO range 18->18 ==> 44e10800.pinmux PIN 135->135
[    0.900118] gpio gpiochip3: (gpio-96-127): created GPIO range 19->20 ==> 44e10800.pinmux PIN 108->109
[    0.900135] gpio gpiochip3: (gpio-96-127): created GPIO range 21->21 ==> 44e10800.pinmux PIN 73->73
[    0.900152] gpio gpiochip3: (gpio-96-127): created GPIO range 22->23 ==> 44e10800.pinmux PIN 8->9
[    0.900169] gpio gpiochip3: (gpio-96-127): created GPIO range 26->27 ==> 44e10800.pinmux PIN 10->11
[    0.900186] gpio gpiochip3: (gpio-96-127): created GPIO range 28->28 ==> 44e10800.pinmux PIN 74->74
[    0.900204] gpio gpiochip3: (gpio-96-127): created GPIO range 29->29 ==> 44e10800.pinmux PIN 81->81
[    0.900222] gpio gpiochip3: (gpio-96-127): created GPIO range 30->31 ==> 44e10800.pinmux PIN 28->29
[    0.911856] gpio gpiochip3: (gpio-96-127): added GPIO chardev (254:3)
[    0.912018] gpio gpiochip3: registered GPIOs 608 to 639 on gpio-96-127
[    0.913934] omap8250 44e09000.serial: using DT '/ocp/interconnect@44c00000/segment@200000/target-module@9000/serial@0' for 'rs485-term' GPIO lookup
[    0.914005] of_get_named_gpiod_flags: can't parse 'rs485-term-gpios' property of node '/ocp/interconnect@44c00000/segment@200000/target-module@9000/serial@0[0]'
[    0.914048] of_get_named_gpiod_flags: can't parse 'rs485-term-gpio' property of node '/ocp/interconnect@44c00000/segment@200000/target-module@9000/serial@0[0]'
[    0.914084] omap8250 44e09000.serial: using lookup tables for GPIO lookup
[    0.914094] omap8250 44e09000.serial: No GPIO consumer rs485-term found
[    0.914103] omap8250 44e09000.serial: using DT '/ocp/interconnect@44c00000/segment@200000/target-module@9000/serial@0' for 'rs485-rx-during-tx' GPIO lookup
[    0.914139] of_get_named_gpiod_flags: can't parse 'rs485-rx-during-tx-gpios' property of node '/ocp/interconnect@44c00000/segment@200000/target-module@9000/serial@0[0]'
[    0.914176] of_get_named_gpiod_flags: can't parse 'rs485-rx-during-tx-gpio' property of node '/ocp/interconnect@44c00000/segment@200000/target-module@9000/serial@0[0]'
[    0.914209] omap8250 44e09000.serial: using lookup tables for GPIO lookup
[    0.914218] omap8250 44e09000.serial: No GPIO consumer rs485-rx-during-tx found
[    0.914583] 44e09000.serial: ttyS0 at MMIO 0x44e09000 (irq = 34, base_baud = 3000000) is a 8250
[    0.914666] printk: console [ttyS0] enabled
[    2.103455] i2c i2c-0: using DT '/ocp/interconnect@44c00000/segment@200000/target-module@b000/i2c@0' for 'scl' GPIO lookup
[    2.103542] of_get_named_gpiod_flags: can't parse 'scl-gpios' property of node '/ocp/interconnect@44c00000/segment@200000/target-module@b000/i2c@0[0]'
[    2.103588] of_get_named_gpiod_flags: can't parse 'scl-gpio' property of node '/ocp/interconnect@44c00000/segment@200000/target-module@b000/i2c@0[0]'
[    2.103627] i2c i2c-0: using lookup tables for GPIO lookup
[    2.103639] i2c i2c-0: No GPIO consumer scl found
[    2.103661] i2c i2c-0: using DT '/ocp/interconnect@44c00000/segment@200000/target-module@b000/i2c@0' for 'sda' GPIO lookup
[    2.103699] of_get_named_gpiod_flags: can't parse 'sda-gpios' property of node '/ocp/interconnect@44c00000/segment@200000/target-module@b000/i2c@0[0]'
[    2.103738] of_get_named_gpiod_flags: can't parse 'sda-gpio' property of node '/ocp/interconnect@44c00000/segment@200000/target-module@b000/i2c@0[0]'
[    2.103771] i2c i2c-0: using lookup tables for GPIO lookup
[    2.103781] i2c i2c-0: No GPIO consumer sda found
[    2.137653] tps65217-pmic: Failed to locate of_node [id: -1]
[    2.143849] tps65217-bl: Failed to locate of_node [id: -1]
[    2.155091] tps65217 0-0024: TPS65217 ID 0xe version 1.2
[    2.161093] /ocp/interconnect@48000000/segment@300000/target-module@e000/lcdc@0: Fixed dependency cycle(s) with /ocp/interconnect@44c00000/segment@200000/target-module@b000/i2c@0/tda19988@70
[    2.178523] /ocp/interconnect@44c00000/segment@200000/target-module@b000/i2c@0/tda19988@70: Fixed dependency cycle(s) with /ocp/interconnect@48000000/segment@300000/target-module@e000/lcdc@0
[    2.195901] omap_i2c 44e0b000.i2c: bus 0 rev0.11 at 400 kHz
[    2.203617] sdhci-omap 48060000.mmc: using DT '/ocp/interconnect@48000000/segment@0/target-module@60000/mmc@0' for 'cd' GPIO lookup
[    2.203716] of_get_named_gpiod_flags: parsed 'cd-gpios' property of node '/ocp/interconnect@48000000/segment@0/target-module@60000/mmc@0[0]' - status (0)
[    2.203833] gpio gpiochip3: Persistence not supported for GPIO 6
[    2.203859] omap_gpio 44e07000.gpio: Could not set line 6 debounce to 200000 microseconds (-22)
[    2.212712] sdhci-omap 48060000.mmc: Got CD GPIO
[    2.217362] sdhci-omap 48060000.mmc: using DT '/ocp/interconnect@48000000/segment@0/target-module@60000/mmc@0' for 'wp' GPIO lookup
[    2.217411] of_get_named_gpiod_flags: can't parse 'wp-gpios' property of node '/ocp/interconnect@48000000/segment@0/target-module@60000/mmc@0[0]'
[    2.217454] of_get_named_gpiod_flags: can't parse 'wp-gpio' property of node '/ocp/interconnect@48000000/segment@0/target-module@60000/mmc@0[0]'
[    2.217490] sdhci-omap 48060000.mmc: using lookup tables for GPIO lookup
[    2.217503] sdhci-omap 48060000.mmc: No GPIO consumer wp found
[    2.217696] sdhci-omap 48060000.mmc: supply pbias not found, using dummy regulator
[    2.226748] sdhci-omap 481d8000.mmc: using DT '/ocp/interconnect@48000000/segment@100000/target-module@d8000/mmc@0' for 'wp' GPIO lookup
[    2.226827] of_get_named_gpiod_flags: can't parse 'wp-gpios' property of node '/ocp/interconnect@48000000/segment@100000/target-module@d8000/mmc@0[0]'
[    2.226876] of_get_named_gpiod_flags: can't parse 'wp-gpio' property of node '/ocp/interconnect@48000000/segment@100000/target-module@d8000/mmc@0[0]'
[    2.226913] sdhci-omap 481d8000.mmc: using lookup tables for GPIO lookup
[    2.226924] sdhci-omap 481d8000.mmc: No GPIO consumer wp found
[    2.228152] sdhci-omap 48060000.mmc: supply vqmmc not found, using dummy regulator
[    2.236883] sdhci-omap 481d8000.mmc: supply pbias not found, using dummy regulator
[    2.245482] sdhci-omap 481d8000.mmc: supply vqmmc not found, using dummy regulator
[    2.282057] mmc0: SDHCI controller on 48060000.mmc [48060000.mmc] using External DMA
[    2.290237] mmc1: SDHCI controller on 481d8000.mmc [481d8000.mmc] using External DMA
[    2.298985] cpsw-switch 4a100000.switch: starting ndev. mode: dual_mac
[    2.361587] mmc1: new high speed MMC card at address 0001
[    2.368428] mmcblk1: mmc1:0001 MMC04G 3.60 GiB
[    2.375865]  mmcblk1: p1 p2
[    2.379373] mmc0: new high speed SDHC card at address aaaa
[    2.386672] mmcblk1boot0: mmc1:0001 MMC04G 2.00 MiB
[    2.392985] mmcblk0: mmc0:aaaa SE32G 29.7 GiB
[    2.400852] mmcblk1boot1: mmc1:0001 MMC04G 2.00 MiB
[    2.407020]  mmcblk0: p1 p2
[    2.412109] mmcblk1rpmb: mmc1:0001 MMC04G 128 KiB, chardev (250:0)
[    2.482503] SMSC LAN8710/LAN8720 4a101000.mdio:00: attached PHY driver (mii_bus:phy_addr=4a101000.mdio:00, irq=POLL)
[    5.602046] cpsw-switch 4a100000.switch eth0: Link is Up - 100Mbps/Full - flow control off
[    5.641561] IP-Config: Complete:
[    5.644833]      device=eth0, hwaddr=6c:ec:eb:68:de:78, ipaddr=192.168.255.1, mask=255.255.255.0, gw=255.255.255.255
[    5.655488]      host=bbb1, domain=, nis-domain=(none)
[    5.660654]      bootserver=192.168.255.126, rootserver=192.168.255.126, rootpath=
[    5.661063] clk: Disabling unused clocks
[    5.672917] KTAP version 1
[    5.675645] 1..0
[    5.698525] VFS: Mounted root (nfs filesystem) on device 0:16.
[    5.705559] devtmpfs: mounted
[    5.710178] Freeing unused kernel image (initmem) memory: 1024K
[    5.716964] Run /sbin/init as init process
[    5.721093]   with arguments:
[    5.721104]     /sbin/init
[    5.721112]     nfsrootdebug
[    5.721120]   with environment:
[    5.721126]     HOME=/
[    5.721134]     TERM=linux
[    6.387685] systemd[1]: System time before build time, advancing clock.
[    7.831336] random: crng init done
