Labgrid Console Logfile for main
Logfile started at 2025-07-14 18:18:13.387241
=== Log starts here ===
reading args
spl_load_image_fat_os: error reading image args, err - -1
reading u-boot.img
reading u-boot.img


U-Boot 2014.04-00014-g47880f5 (Apr 22 2014 - 13:23:54)

I2C:   ready
DRAM:  512 MiB
NAND:  0 MiB
MMC:   OMAP SD/MMC: 0, OMAP SD/MMC: 1
*** Warning - readenv() failed, using default environment

Net:   <ethaddr> not set. Validating first E-fuse MAC
cpsw, usb_ether
Hit any key to stop autoboot:  1  0 
gpio: pin 53 (gpio 53) value is 1
mmc0 is current device
gpio: pin 54 (gpio 54) value is 1
SD/MMC found on device 0
reading uEnv.txt
569 bytes read in 3 ms (184.6 KiB/s)
gpio: pin 55 (gpio 55) value is 1
Loaded environment from uEnv.txt
Importing environment from mmc ...
Checking if uenvcmd is set ...
gpio: pin 56 (gpio 56) value is 1
Running uenvcmd ...
cpsw Waiting for PHY auto negotiation to complete. done
link up on port 0, speed 100, full duplex
Using cpsw device
TFTP from server 192.168.255.126; our IP address is 192.168.255.1
Filename 'zImage'.
Load address: 0x81000000
Loading: *#################################################################
	 #################################################################
	 #################################################################
	 #################################################################
	 #################################################################
	 #############################
	 2.4 MiB/s
done
Bytes transferred = 5186504 (4f23c8 hex)
link up on port 0, speed 100, full duplex
Using cpsw device
TFTP from server 192.168.255.126; our IP address is 192.168.255.1
Filename 'am335x-boneblack.dtb'.
Load address: 0x82000000
Loading: *#######
	 1.8 MiB/s
done
Bytes transferred = 97756 (17ddc hex)
Kernel image @ 0x81000000 [ 0x000000 - 0x4f23c8 ]
## Flattened Device Tree blob at 82000000
   Booting using the fdt blob at 0x82000000
   Using Device Tree in place at 82000000, end 8201addb

Starting kernel ...

[    0.000000] Booting Linux on physical CPU 0x0
[    0.000000] Linux version 6.1.145 (user01@drvtest01) (arm-none-eabi-gcc (Arm GNU Toolchain 14.2.Rel1 (Build arm-14.52)) 14.2.1 20241119, GNU ld (Arm GNU Toolchain 14.2.Rel1 (Build arm-14.52)) 2.43.1.20241119) #1 SMP Mon Jul 14 18:14:45 EEST 2025
[    0.000000] CPU: ARMv7 Processor [413fc082] revision 2 (ARMv7), cr=10c5387d
[    0.000000] CPU: PIPT / VIPT nonaliasing data cache, VIPT aliasing instruction cache
[    0.000000] OF: fdt: Machine model: TI AM335x BeagleBone Black
[    0.000000] Memory policy: Data cache writeback
[    0.000000] cma: Reserved 16 MiB at 0x9ec00000
[    0.000000] Zone ranges:
[    0.000000]   Normal   [mem 0x0000000080000000-0x000000009fdfffff]
[    0.000000]   HighMem  empty
[    0.000000] Movable zone start for each node
[    0.000000] Early memory node ranges
[    0.000000]   node   0: [mem 0x0000000080000000-0x000000009fdfffff]
[    0.000000] Initmem setup node 0 [mem 0x0000000080000000-0x000000009fdfffff]
[    0.000000] CPU: All CPU(s) started in SVC mode.
[    0.000000] AM335X ES2.1 (sgx neon)
[    0.000000] percpu: Embedded 16 pages/cpu s34196 r8192 d23148 u65536
[    0.000000] Built 1 zonelists, mobility grouping on.  Total pages: 129412
[    0.000000] Kernel command line: console=ttyO0,115200n8 root=/dev/nfs rw nfsroot=192.168.255.126:/home/user01/nfs,nfsvers=3 ip=192.168.255.1:192.168.255.126::255.255.255.0:bbb1:eth0 nfsrootdebug
[    0.000000] Unknown kernel command line parameters "nfsrootdebug", will be passed to user space.
[    0.000000] Dentry cache hash table entries: 65536 (order: 6, 262144 bytes, linear)
[    0.000000] Inode-cache hash table entries: 32768 (order: 5, 131072 bytes, linear)
[    0.000000] mem auto-init: stack:off, heap alloc:off, heap free:off
[    0.000000] Memory: 484644K/522240K available (10240K kernel code, 1145K rwdata, 2604K rodata, 1024K init, 286K bss, 21212K reserved, 16384K cma-reserved, 0K highmem)
[    0.000000] SLUB: HWalign=64, Order=0-3, MinObjects=0, CPUs=1, Nodes=1
[    0.000000] trace event string verifier disabled
[    0.000000] rcu: Hierarchical RCU implementation.
[    0.000000] rcu: 	RCU event tracing is enabled.
[    0.000000] rcu: 	RCU restricting CPUs from NR_CPUS=2 to nr_cpu_ids=1.
[    0.000000] rcu: RCU calculated value of scheduler-enlistment delay is 10 jiffies.
[    0.000000] rcu: Adjusting geometry for rcu_fanout_leaf=16, nr_cpu_ids=1
[    0.000000] NR_IRQS: 16, nr_irqs: 16, preallocated irqs: 16
[    0.000000] IRQ: Found an INTC at 0x(ptrval) (revision 5.0) with 128 interrupts
[    0.000000] rcu: srcu_init: Setting srcu_struct sizes based on contention.
[    0.000000] TI gptimer clocksource: always-on /ocp/interconnect@44c00000/segment@200000/target-module@31000
[    0.000002] sched_clock: 32 bits at 24MHz, resolution 41ns, wraps every 89478484971ns
[    0.000026] clocksource: dmtimer: mask: 0xffffffff max_cycles: 0xffffffff, max_idle_ns: 79635851949 ns
[    0.000443] TI gptimer clockevent: 24000000 Hz at /ocp/interconnect@48000000/segment@0/target-module@40000
[    0.001977] Console: colour dummy device 80x30
[    0.002023] WARNING: Your 'console=ttyO0' has been replaced by 'ttyS0'
[    0.002031] This ensures that you still see kernel messages. Please
[    0.002036] update your kernel commandline.
[    0.002077] Calibrating delay loop... 996.14 BogoMIPS (lpj=4980736)
[    0.090483] CPU: Testing write buffer coherency: ok
[    0.090584] CPU0: Spectre v2: using BPIALL workaround
[    0.090595] pid_max: default: 32768 minimum: 301
[    0.090722] LSM: Security Framework initializing
[    0.090894] Mount-cache hash table entries: 1024 (order: 0, 4096 bytes, linear)
[    0.090915] Mountpoint-cache hash table entries: 1024 (order: 0, 4096 bytes, linear)
[    0.092404] CPU0: thread -1, cpu 0, socket -1, mpidr 0
[    0.093656] Setting up static identity map for 0x80100000 - 0x80100078
[    0.093891] rcu: Hierarchical SRCU implementation.
[    0.093899] rcu: 	Max phase no-delay instances is 1000.
[    0.095199] smp: Bringing up secondary CPUs ...
[    0.095217] smp: Brought up 1 node, 1 CPU
[    0.095228] SMP: Total of 1 processors activated (996.14 BogoMIPS).
[    0.095239] CPU: All CPU(s) started in SVC mode.
[    0.096136] devtmpfs: initialized
[    0.111235] VFP support v0.3: implementor 41 architecture 3 part 30 variant c rev 3
[    0.111551] clocksource: jiffies: mask: 0xffffffff max_cycles: 0xffffffff, max_idle_ns: 19112604462750000 ns
[    0.111586] futex hash table entries: 256 (order: 2, 16384 bytes, linear)
[    0.112914] pinctrl core: initialized pinctrl subsystem
[    0.114817] NET: Registered PF_NETLINK/PF_ROUTE protocol family
[    0.116838] DMA: preallocated 256 KiB pool for atomic coherent allocations
[    0.117404] audit: initializing netlink subsys (disabled)
[    0.118592] thermal_sys: Registered thermal governor 'fair_share'
[    0.118612] thermal_sys: Registered thermal governor 'step_wise'
[    0.118618] thermal_sys: Registered thermal governor 'user_space'
[    0.118739] cpuidle: using governor menu
[    0.135327] /ocp/interconnect@44c00000/segment@200000/target-module@b000/i2c@0/tda19988@70: Fixed dependency cycle(s) with /ocp/interconnect@48000000/segment@300000/target-module@e000/lcdc@0
[    0.136367] /ocp/interconnect@48000000/segment@300000/target-module@e000/lcdc@0: Fixed dependency cycle(s) with /ocp/interconnect@44c00000/segment@200000/target-module@b000/i2c@0/tda19988@70
[    0.138357] No ATAGs?
[    0.138373] hw-breakpoint: debug architecture 0x4 unsupported.
[    0.146980] audit: type=2000 audit(0.110:1): state=initialized audit_enabled=0 res=1
[    0.147284] kprobes: kprobe jump-optimization is enabled. All kprobes are optimized if possible.
[    0.164497] iommu: Default domain type: Translated 
[    0.164512] iommu: DMA domain TLB invalidation policy: strict mode 
[    0.165956] SCSI subsystem initialized
[    0.166812] pps_core: LinuxPPS API ver. 1 registered
[    0.166823] pps_core: Software ver. 5.3.6 - Copyright 2005-2007 Rodolfo Giometti <giometti@linux.it>
[    0.166854] PTP clock support registered
[    0.168304] vgaarb: loaded
[    0.180731] clocksource: Switched to clocksource dmtimer
[    0.181383] VFS: Disk quotas dquot_6.6.0
[    0.181457] VFS: Dquot-cache hash table entries: 1024 (order 0, 4096 bytes)
[    0.193326] NET: Registered PF_INET protocol family
[    0.193656] IP idents hash table entries: 8192 (order: 4, 65536 bytes, linear)
[    0.195014] tcp_listen_portaddr_hash hash table entries: 512 (order: 0, 4096 bytes, linear)
[    0.195061] Table-perturb hash table entries: 65536 (order: 6, 262144 bytes, linear)
[    0.195081] TCP established hash table entries: 4096 (order: 2, 16384 bytes, linear)
[    0.195129] TCP bind hash table entries: 4096 (order: 4, 65536 bytes, linear)
[    0.195228] TCP: Hash tables configured (established 4096 bind 4096)
[    0.195339] UDP hash table entries: 256 (order: 1, 8192 bytes, linear)
[    0.195367] UDP-Lite hash table entries: 256 (order: 1, 8192 bytes, linear)
[    0.195540] NET: Registered PF_UNIX/PF_LOCAL protocol family
[    0.196726] RPC: Registered named UNIX socket transport module.
[    0.196746] RPC: Registered udp transport module.
[    0.196751] RPC: Registered tcp transport module.
[    0.196756] RPC: Registered tcp NFSv4.1 backchannel transport module.
[    0.196774] PCI: CLS 0 bytes, default 64
[    0.198201] Initialise system trusted keyrings
[    0.209165] workingset: timestamp_bits=14 max_order=17 bucket_order=3
[    0.218115] NFS: Registering the id_resolver key type
[    0.218257] Key type id_resolver registered
[    0.218263] Key type id_legacy registered
[    0.218316] jffs2: version 2.2. (NAND) (SUMMARY)  Â© 2001-2006 Red Hat, Inc.
[    0.219305] Key type asymmetric registered
[    0.219326] Asymmetric key parser 'x509' registered
[    0.219475] io scheduler mq-deadline registered
[    0.219486] io scheduler kyber registered
[    0.219729] io scheduler bfq registered
[    0.232717] hw perfevents: enabled with armv7_cortex_a8 PMU driver, 5 counters available
[    0.240958] l3-aon-clkctrl:0000:0: failed to disable
[    0.241295] Serial: 8250/16550 driver, 6 ports, IRQ sharing enabled
[    0.289555] brd: module loaded
[    0.296932] loop: module loaded
[    0.297816] mtdoops: mtd device (mtddev=name/number) must be supplied
[    0.300445] i2c_dev: i2c /dev entries driver
[    0.301342] cpuidle: enable-method property 'ti,am3352' found operations
[    0.301758] sdhci: Secure Digital Host Controller Interface driver
[    0.301767] sdhci: Copyright(c) Pierre Ossman
[    0.301945] sdhci-pltfm: SDHCI platform and OF driver helper
[    0.302197] ledtrig-cpu: registered to indicate activity on CPUs
[    0.302937] Initializing XFRM netlink socket
[    0.303498] NET: Registered PF_INET6 protocol family
[    0.314575] Segment Routing with IPv6
[    0.314654] In-situ OAM (IOAM) with IPv6
[    0.314748] sit: IPv6, IPv4 and MPLS over IPv4 tunneling driver
[    0.315634] NET: Registered PF_PACKET protocol family
[    0.315663] NET: Registered PF_KEY protocol family
[    0.315758] Key type dns_resolver registered
[    0.315873] ThumbEE CPU extension supported.
[    0.315892] Registering SWP/SWPB emulation handler
[    0.316397] omap_voltage_late_init: Voltage driver support not added
[    0.317019] SmartReflex Class3 initialized
[    0.317972] Loading compiled-in X.509 certificates
[    0.378029] /ocp/interconnect@44c00000/segment@200000/target-module@b000/i2c@0/tda19988@70: Fixed dependency cycle(s) with /ocp/interconnect@48000000/segment@300000/target-module@e000/lcdc@0
[    0.384095] /ocp/interconnect@44c00000/segment@200000/target-module@b000/i2c@0/tda19988@70: Fixed dependency cycle(s) with /ocp/interconnect@48000000/segment@300000/target-module@e000/lcdc@0
[    0.391800] /ocp/interconnect@44c00000/segment@200000/target-module@b000/i2c@0/tda19988@70: Fixed dependency cycle(s) with /ocp/interconnect@48000000/segment@300000/target-module@e000/lcdc@0
[    0.392600] /ocp/interconnect@44c00000/segment@200000/target-module@b000/i2c@0/tda19988@70: Fixed dependency cycle(s) with /ocp/interconnect@48000000/segment@300000/target-module@e000/lcdc@0
[    0.395670] /ocp/interconnect@44c00000/segment@200000/target-module@10000/scm@0/pinmux@800: Fixed dependency cycle(s) with /ocp/interconnect@44c00000/segment@200000/target-module@10000/scm@0/pinmux@800/pinmux_clkout2_pin
[    0.396245] pinctrl-single 44e10800.pinmux: 142 pins, size 568
[    0.401137] ti-sysc: probe of 44e31000.target-module failed with error -16
[    0.450181] /ocp/interconnect@48000000/segment@300000/target-module@e000/lcdc@0: Fixed dependency cycle(s) with /ocp/interconnect@44c00000/segment@200000/target-module@b000/i2c@0/tda19988@70
[    0.457329] ti-sysc: probe of 48040000.target-module failed with error -16
[    0.467774] gpio gpiochip0: (gpio-0-31): not an immutable chip, please consider fixing it!
[    0.502266] OMAP GPIO hardware version 0.1
[    0.514866] omap_i2c 4819c000.i2c: bus 2 rev0.11 at 100 kHz
[    0.520258] gpio gpiochip1: (gpio-32-63): not an immutable chip, please consider fixing it!
[    0.535864] gpio gpiochip2: (gpio-64-95): not an immutable chip, please consider fixing it!
[    0.542434] /ocp/interconnect@48000000/segment@300000/target-module@e000/lcdc@0: Fixed dependency cycle(s) with /ocp/interconnect@44c00000/segment@200000/target-module@b000/i2c@0/tda19988@70
[    0.545010] /ocp/interconnect@48000000/segment@300000/target-module@e000/lcdc@0: Fixed dependency cycle(s) with /ocp/interconnect@44c00000/segment@200000/target-module@b000/i2c@0/tda19988@70
[    0.545648] /ocp/interconnect@44c00000/segment@200000/target-module@b000/i2c@0/tda19988@70: Fixed dependency cycle(s) with /ocp/interconnect@48000000/segment@300000/target-module@e000/lcdc@0
[    0.545803] /ocp/interconnect@48000000/segment@300000/target-module@e000/lcdc@0: Fixed dependency cycle(s) with /ocp/interconnect@44c00000/segment@200000/target-module@b000/i2c@0/tda19988@70
[    0.555951] sdhci-omap 481d8000.mmc: supply pbias not found, using dummy regulator
[    0.556396] sdhci-omap 481d8000.mmc: supply vqmmc not found, using dummy regulator
[    0.612713] davinci_mdio 4a101000.mdio: davinci mdio revision 1.6, bus freq 1000000
[    0.799021] davinci_mdio 4a101000.mdio: phy[0]: device 4a101000.mdio:00, driver SMSC LAN8710/LAN8720
[    0.799617] cpsw-switch 4a100000.switch: initialized cpsw ale version 1.4
[    0.799637] cpsw-switch 4a100000.switch: ALE Table size 1024
[    0.799920] cpsw-switch 4a100000.switch: cpts: overflow check period 500 (jiffies)
[    0.799940] cpsw-switch 4a100000.switch: CPTS: ref_clk_freq:250000000 calc_mult:2147483648 calc_shift:29 error:0 nsec/sec
[    0.800036] cpsw-switch 4a100000.switch: Detected MACID = 6c:ec:eb:68:de:78
[    0.801716] cpsw-switch 4a100000.switch: initialized (regs 0x4a100000, pool size 256) hw_ver:0019010C 1.12 (0)
[    0.811627] debugfs: Directory '49000000.dma' with parent 'dmaengine' already present!
[    0.811667] edma 49000000.dma: TI EDMA DMA engine driver
[    0.851187] gpio gpiochip3: (gpio-96-127): not an immutable chip, please consider fixing it!
[    0.862148] 44e09000.serial: ttyS0 at MMIO 0x44e09000 (irq = 34, base_baud = 3000000) is a 8250
[    2.169467] printk: console [ttyS0] enabled
[    2.199458] tps65217-pmic: Failed to locate of_node [id: -1]
[    2.215358] tps65217-bl: Failed to locate of_node [id: -1]
[    2.223967] tps65217 0-0024: TPS65217 ID 0xe version 1.2
[    2.229981] /ocp/interconnect@48000000/segment@300000/target-module@e000/lcdc@0: Fixed dependency cycle(s) with /ocp/interconnect@44c00000/segment@200000/target-module@b000/i2c@0/tda19988@70
[    2.247286] /ocp/interconnect@44c00000/segment@200000/target-module@b000/i2c@0/tda19988@70: Fixed dependency cycle(s) with /ocp/interconnect@48000000/segment@300000/target-module@e000/lcdc@0
[    2.264664] omap_i2c 44e0b000.i2c: bus 0 rev0.11 at 400 kHz
[    2.272197] omap_gpio 44e07000.gpio: Could not set line 6 debounce to 200000 microseconds (-22)
[    2.281045] sdhci-omap 48060000.mmc: Got CD GPIO
[    2.286010] sdhci-omap 48060000.mmc: supply pbias not found, using dummy regulator
[    2.297983] sdhci-omap 48060000.mmc: supply vqmmc not found, using dummy regulator
[    2.306483] sdhci-omap 481d8000.mmc: supply pbias not found, using dummy regulator
[    2.314688] sdhci-omap 481d8000.mmc: supply vqmmc not found, using dummy regulator
[    2.348628] mmc1: SDHCI controller on 481d8000.mmc [481d8000.mmc] using External DMA
[    2.357429] mmc0: SDHCI controller on 48060000.mmc [48060000.mmc] using External DMA
[    2.366142] cpsw-switch 4a100000.switch: starting ndev. mode: dual_mac
[    2.407625] mmc0: new high speed SDHC card at address 5048
[    2.414519] mmcblk0: mmc0:5048 SD16G 14.4 GiB 
[    2.422293]  mmcblk0: p1 p2
[    2.425519] mmcblk0: p2 size 31221760 extends beyond EOD, truncated
[    2.440047] mmc1: new high speed MMC card at address 0001
[    2.446625] mmcblk1: mmc1:0001 MMC04G 3.60 GiB 
[    2.453755]  mmcblk1: p1 p2
[    2.457869] mmcblk1boot0: mmc1:0001 MMC04G 2.00 MiB 
[    2.464895] mmcblk1boot1: mmc1:0001 MMC04G 2.00 MiB 
[    2.471724] mmcblk1rpmb: mmc1:0001 MMC04G 128 KiB, chardev (250:0)
[    2.519790] SMSC LAN8710/LAN8720 4a101000.mdio:00: attached PHY driver (mii_bus:phy_addr=4a101000.mdio:00, irq=POLL)
[    5.689353] cpsw-switch 4a100000.switch eth0: Link is Up - 100Mbps/Full - flow control off
[    5.697744] IPv6: ADDRCONF(NETDEV_CHANGE): eth0: link becomes ready
[    5.738640] IP-Config: Complete:
[    5.741906]      device=eth0, hwaddr=6c:ec:eb:68:de:78, ipaddr=192.168.255.1, mask=255.255.255.0, gw=255.255.255.255
[    5.752523]      host=bbb1, domain=, nis-domain=(none)
[    5.757688]      bootserver=192.168.255.126, rootserver=192.168.255.126, rootpath=
[    5.758120] clk: Disabling unused clocks
[    5.769971] KTAP version 1
[    5.772700] 1..0
[    5.795985] VFS: Mounted root (nfs filesystem) on device 0:16.
[    5.802973] devtmpfs: mounted
[    5.807318] Freeing unused kernel image (initmem) memory: 1024K
[    5.814027] Run /sbin/init as init process
[    6.492399] systemd[1]: System time before build time, advancing clock.
[    7.958611] random: crng init done
[    8.020758] systemd[1]: systemd 232 running in system mode. (+PAM +AUDIT +SELINUX +IMA +APPARMOR +SMACK +SYSVINIT +UTMP +LIBCRYPTSETUP +GCRYPT +GNUTLS +ACL +XZ +LZ4 +SECCOMP +BLKID +ELFUTILS +KMOD +IDN)
[    8.039838] systemd[1]: Detected architecture arm.

Welcome to [1mDebian GNU/Linux 9 (stretch)[0m!

[    8.081546] systemd[1]: Set hostname to <arm>.
[    9.132670] systemd[1]: Reached target Swap.
[[0;32m  OK  [0m] Reached target Swap.
[    9.170554] systemd[1]: Set up automount Arbitrary Executable File Formats File System Automount Point.
[[0;32m  OK  [0m] Set up automount Arbitrary Executabâ€¦rmats File System Automount Point.
[    9.210234] systemd[1]: Created slice System Slice.
[[0;32m  OK  [0m] Created slice System Slice.
[    9.249960] systemd[1]: Created slice system-getty.slice.
[[0;32m  OK  [0m] Created slice system-getty.slice.
[    9.319252] systemd[1]: Mounting Debug File System...
         Mounting Debug File System...
[    9.349942] systemd[1]: Listening on Journal Audit Socket.
[[0;32m  OK  [0m] Listening on Journal Audit Socket.
[    9.400631] systemd[1]: Listening on Journal Socket (/dev/log).
[[0;32m  OK  [0m] Listening on Journal Socket (/dev/log).
[[0;32m  OK  [0m] Listening on Journal Socket.
         Starting Create list of required stâ€¦ce nodes for the current kernel...
[[0;32m  OK  [0m] Listening on udev Kernel Socket.
[[0;32m  OK  [0m] Started Forward Password Requests to Wall Directory Watch.
[[0;32m  OK  [0m] Started Dispatch Password Requests to Console Directory Watch.
[[0;32m  OK  [0m] Reached target Encrypted Volumes.
[[0;32m  OK  [0m] Reached target Paths.
[[0;32m  OK  [0m] Listening on udev Control Socket.
[[0;32m  OK  [0m] Created slice User and Session Slice.
[[0;32m  OK  [0m] Reached target Slices.
[[0;32m  OK  [0m] Listening on /dev/initctl Compatibility Named Pipe.
         Starting Remount Root and Kernel File Systems...
         Starting Load Kernel Modules...
         Mounting POSIX Message Queue File System...
[[0;32m  OK  [0m] Created slice system-serial\x2dgetty.slice.
[[0;32m  OK  [0m] Reached target Remote File Systems.
[[0;32m  OK  [0m] Listening on Syslog Socket.
         Starting Journal Service...
[[0;32m  OK  [0m] Mounted POSIX Message Queue File System.
[[0;32m  OK  [0m] Mounted Debug File System.
[[0;32m  OK  [0m] Started Create list of required staâ€¦vice nodes for the current kernel.
[[0;32m  OK  [0m] Started Remount Root and Kernel File Systems.
[[0;32m  OK  [0m] Started Load Kernel Modules.
         Mounting Configuration File System...
         Starting Apply Kernel Variables...
         Starting udev Coldplug all Devices...
         Starting Load/Save Random Seed...
         Starting Create Static Device Nodes in /dev...
[[0;32m  OK  [0m] Mounted Configuration File System.
[[0;32m  OK  [0m] Started Apply Kernel Variables.
[[0;32m  OK  [0m] Started Load/Save Random Seed.
[[0;32m  OK  [0m] Started Create Static Device Nodes in /dev.
[[0;32m  OK  [0m] Reached target Local File Systems (Pre).
[[0;32m  OK  [0m] Reached target Local File Systems.
         Starting Raise network interfaces...
         Starting udev Kernel Device Manager...
[[0;32m  OK  [0m] Started Journal Service.
         Starting Flush Journal to Persistent Storage...
[   11.782057] systemd-journald[102]: Received request to flush runtime journal from PID 1
[[0;32m  OK  [0m] Started Flush Journal to Persistent Storage.
         Starting Create Volatile Files and Directories...
[[0;32m  OK  [0m] Started udev Kernel Device Manager.
[[0;32m  OK  [0m] Started Create Volatile Files and Directories.
         Starting Update UTMP about System Boot/Shutdown...
         Starting Network Time Synchronization...
[[0;32m  OK  [0m] Started Update UTMP about System Boot/Shutdown.
[[0;32m  OK  [0m] Started Network Time Synchronization.
[[0;32m  OK  [0m] Reached target System Time Synchronized.
[[0;32m  OK  [0m] Started udev Coldplug all Devices.
[[0;32m  OK  [0m] Reached target System Initialization.
[[0;32m  OK  [0m] Listening on D-Bus System Message Bus Socket.
[[0;32m  OK  [0m] Started Daily Cleanup of Temporary Directories.
[[0;32m  OK  [0m] Listening on Avahi mDNS/DNS-SD Stack Activation Socket.
[[0;32m  OK  [0m] Reached target Sockets.
[[0;32m  OK  [0m] Started Daily apt download activities.
[[0;32m  OK  [0m] Started Daily apt upgrade and clean activities.
[   14.889590] remoteproc remoteproc0: wkup_m3 is available
[[0;32m  OK  [0m] Reached target Timers.
[[0;32m  OK  [0m] Reached target Basic System.
[[0;32m  OK  [0m] Started Regular background program processing daemon.
[   15.127677] wkup_m3_ipc 44e11324.wkup_m3_ipc: IPC Request for A8->M3 Channel failed! -517
         Starting Generic Board Startup...
[   15.305233] omap_rtc 44e3e000.rtc: registered as rtc0
[   15.310707] omap_rtc 44e3e000.rtc: setting system clock to 2000-01-01T00:00:00 UTC (946684800)
[   15.321255] wkup_m3_ipc 44e11324.wkup_m3_ipc: IPC Request for A8->M3 Channel failed! -517
[   15.340007] omap_wdt: OMAP Watchdog Timer Rev 0x01: initial timeout 60 sec
         Starting LSB: Start busybox udhcpd at boot time...
         Starting Cape Manager Service...
[   15.441848] wkup_m3_ipc 44e11324.wkup_m3_ipc: IPC Request for A8->M3 Channel failed! -517
[   15.456185] at24 2-0054: supply vcc not found, using dummy regulator
         Starting LSB: Load kernel modules needed to enable cpufreq scaling...
[   15.655781] at24 2-0055: supply vcc not found, using dummy regulator
         Starting DUN service...
[   15.765375] wkup_m3_ipc 44e11324.wkup_m3_ipc: IPC Request for A8->M3 Channel failed! -517
[   15.793913] at24 2-0056: supply vcc not found, using dummy regulator
         Starting Login Service...
[   15.956801] at24 2-0057: supply vcc not found, using dummy regulator
         Starting System Logging Service...
[   16.075968] at24 0-0050: 32768 byte 24c256 EEPROM, writable, 1 bytes/write
[   16.084229] wkup_m3_ipc 44e11324.wkup_m3_ipc: IPC Request for A8->M3 Channel failed! -517
         Starting Telephony service...
[[0;32m  OK  [0m] Started D-Bus System Message Bus.
[   16.539353] tps6521x_pwrbutton tps65217-pwrbutton: DMA mask not set
[   16.630056] input: tps65217_pwrbutton as /devices/platform/ocp/44c00000.interconnect/44c00000.interconnect:segment@200000/44e0b000.target-module/44e0b000.i2c/i2c-0/0-0024/tps65217-pwrbutton/input/input0
[   16.651793] wkup_m3_ipc 44e11324.wkup_m3_ipc: IPC Request for A8->M3 Channel failed! -517
[   16.961929] am335x-phy-driver 47401300.usb-phy: supply vcc not found, using dummy regulator
[   16.970952] am335x-phy-driver 47401300.usb-phy: dummy supplies not allowed for exclusive requests
[   17.151150] am335x-phy-driver 47401b00.usb-phy: supply vcc not found, using dummy regulator
[   17.160281] am335x-phy-driver 47401b00.usb-phy: dummy supplies not allowed for exclusive requests
[   17.170292] wkup_m3_ipc 44e11324.wkup_m3_ipc: IPC Request for A8->M3 Channel failed! -517
[   17.379777] usbcore: registered new interface driver usbfs
[   17.385404] usbcore: registered new interface driver hub
[   17.390995] usbcore: registered new device driver usb
[   17.551467] wkup_m3_ipc 44e11324.wkup_m3_ipc: IPC Request for A8->M3 Channel failed! -517
[   18.357454] omap-mailbox 480c8000.mailbox: omap mailbox rev 0x400
[   18.377403] remoteproc remoteproc0: powering up wkup_m3
[   18.516662] musb-hdrc musb-hdrc.1: MUSB HDRC host driver
[   18.522281] musb-hdrc musb-hdrc.1: new USB bus registered, assigned bus number 1
[   18.752278] remoteproc remoteproc0: Direct firmware load for am335x-pm-firmware.elf failed with error -2
[   18.762127] remoteproc remoteproc0: request_firmware failed: -2
[   18.768088] wkup_m3_ipc 44e11324.wkup_m3_ipc: rproc_boot failed
[   18.830459] usb usb1: New USB device found, idVendor=1d6b, idProduct=0002, bcdDevice= 6.01
[   18.839105] usb usb1: New USB device strings: Mfr=3, Product=2, SerialNumber=1
[   18.846374] usb usb1: Product: MUSB HDRC host driver
[   18.851415] usb usb1: Manufacturer: Linux 6.1.145 musb-hcd
[   18.856929] usb usb1: SerialNumber: musb-hdrc.1
[   19.183494] tda998x 0-0070: found TDA19988
[   19.320410] hub 1-0:1.0: USB hub found
[   19.397961] hub 1-0:1.0: 1 port detected
[   20.591622] tilcdc 4830e000.lcdc: bound 0-0070 (ops tda998x_audio_codec_init [tda998x])
[   20.718939] omap_rng 48310000.rng: Random Number Generator ver. 20
[   20.820914] [drm] Initialized tilcdc 1.0.0 20121205 for 4830e000.lcdc on minor 0
[   20.979003] tilcdc 4830e000.lcdc: [drm] Cannot find any crtc or sizes
[   20.994528] tilcdc 4830e000.lcdc: [drm] Cannot find any crtc or sizes
[[0;32m  OK  [0m] Started DUN service.
[[0;32m  OK  [0m] Started Telephony service.
         Starting Connection service...
         Starting Avahi mDNS/DNS-SD Stack...
[[0;32m  OK  [0m] Started System Logging Service.
[[0;32m  OK  [0m] Started Cape Manager Service.
[   22.749403] PM: Cannot get wkup_m3_ipc handle
[   22.813493] omap-sham 53100000.sham: hw accel on OMAP rev 4.3
[   22.865739] omap-aes 53500000.aes: OMAP AES hw accel rev: 3.2
[   22.946275] omap-sham 53100000.sham: will run requests pump with realtime priority
[[0;32m  OK  [0m] Found device /dev/ttyS0.[   22.997488] omap-aes 53500000.aes: will run requests pump with realtime priority

[   23.089509] Bluetooth: Core ver 2.22
[   23.093308] NET: Registered PF_BLUETOOTH protocol family
[   23.098824] Bluetooth: HCI device and connection manager initialized
[   23.105237] Bluetooth: HCI socket layer initialized
[   23.110207] Bluetooth: L2CAP socket layer initialized
[   23.115318] Bluetooth: SCO socket layer initialized
[   23.261266] PM: Cannot get wkup_m3_ipc handle
[   23.278355] PM: Cannot get wkup_m3_ipc handle
[[0;32m  OK  [0m] Started Raise network interfaces.
[[0;32m  OK  [0m] Started LSB: Start busybox udhcpd at boot time.
[   26.311721] PM: Cannot get wkup_m3_ipc handle
[   26.463140] PM: Cannot get wkup_m3_ipc handle
[   27.216407] using random self ethernet address
[   27.221108] using random host ethernet address
[   27.477154] using random self ethernet address
[   27.481831] using random host ethernet address
[   28.140641] usb0: HOST MAC 1c:ba:8c:a2:ed:6c
[   28.144967] usb0: MAC 1c:ba:8c:a2:ed:70
[   28.149878] usb1: HOST MAC 1c:ba:8c:a2:ed:6c
[   28.154186] usb1: MAC 1c:ba:8c:a2:ed:6d
[   28.179749] PM: Cannot get wkup_m3_ipc handle
[[0;32m  OK  [0m] Started LSB: Load kernel modules needed to enable cpufreq scaling.
[[0;32m  OK  [0m] Started Avahi mDNS/DNS-SD Stack.
[[0;32m  OK  [0m] Started Connection service.
[[0;32m  OK  [0m] Started Login Service.
         Starting Hostname Service...
         Starting WPA supplicant...
[[0;32m  OK  [0m] Reached target Sound Card.
         Starting LSB: set CPUFreq kernel parameters...
[[0;32m  OK  [0m] Started WPA supplicant.
[[0;32m  OK  [0m] Started Hostname Service.
[[0;32m  OK  [0m] Reached target Network.
         Starting Permit User Sessions...
         Starting The Apache HTTP Server...
[[0;32m  OK  [0m] Reached target Network is Online.
         Starting LSB: Advanced IEEE 802.11 management daemon...
         Starting OpenBSD Secure Shell server...
[[0;32m  OK  [0m] Started LSB: set CPUFreq kernel parameters.
[[0;32m  OK  [0m] Started Permit User Sessions.
[[0;32m  OK  [0m] Started LSB: Advanced IEEE 802.11 management daemon.
         Stopping LSB: Start busybox udhcpd at boot time...
[[0;32m  OK  [0m] Started Getty on tty1.
[[0;32m  OK  [0m] Started Serial Getty on ttyS0.
[[0;32m  OK  [0m] Reached target Login Prompts.
[[0;32m  OK  [0m] Stopped LSB: Start busybox udhcpd at boot time.
[[0;32m  OK  [0m] Started OpenBSD Secure Shell server.
         Starting dnsmasq - A lightweight DHCP and caching DNS server...
[[0;32m  OK  [0m] Started The Apache HTTP Server.
[[0;32m  OK  [0m] Started dnsmasq - A lightweight DHCP and caching DNS server.
[[0;32m  OK  [0m] Reached target Host and Network Name Lookups.
[[0;32m  OK  [0m] Started Serial Getty on ttyGS0.
[[0;32m  OK  [0m] Started Generic Board Startup.
[[0;32m  OK  [0m] Reached target Multi-User System.
[[0;32m  OK  [0m] Reached target Graphical Interface.
         Starting Update UTMP about System Runlevel Changes...
[[0;32m  OK  [0m] Started Update UTMP about System Runlevel Changes.

Debian GNU/Linux 9 arm ttyS0

default username:password is [debian:temppwd]

arm login: roo
Password: 
Last login: Sat Jan  1 00:00:30 UTC 2000 on ttyS0
root
Linux arm 6.1.145 #1 SMP Mon Jul 14 18:14:45 EEST 2025 armv7l

The programs included with the Debian GNU/Linux system are free software;
the exact distribution terms for each program are described in the
individual files in /usr/share/doc/*/copyright.

Debian GNU/Linux comes with ABSOLUTELY NO WARRANTY, to the extent
permitted by applicable law.
root@arm:~# root
-bash: root: command not found
root@arm:~# dmesg -n 1
root@arm:~# echo 'LNUM''KONCLX'
LNUMKONCLX
root@arm:~# run() { echo -n "$MARKER"; sh -c "$@"; echo "$MARKER $?"; }
root@arm:~# echo 'COPQ''GTZHOM'
COPQGTZHOM
root@arm:~# MARKER='SNOY''QCMBJO' run 'cat /proc/version'
SNOYQCMBJOLinux version 6.1.145 (user01@drvtest01) (arm-none-eabi-gcc (Arm GNU Toolchain 14.2.Rel1 (Build arm-14.52)) 14.2.1 20241119, GNU ld (Arm GNU Toolchain 14.2.Rel1 (Build arm-14.52)) 2.43.1.20241119) #1 SMP Mon Jul 14 18:14:45 EEST 2025
SNOYQCMBJO 0
root@arm:~# echo 'LUMA''AVCUOL'
LUMAAVCUOL
root@arm:~# MARKER='AQTQ''ZEZULE' run false
AQTQZEZULEAQTQZEZULE 1
root@arm:~# Labgrid Console Logfile for main
Logfile started at 2025-07-14 18:19:20.644006
=== Log starts here ===

root@arm:~# run() { echo -n "$MARKER"; sh -c "$@"; echo "$MARKER $?"; }
root@arm:~# echo 'OZFX''VZNWTP'
OZFXVZNWTP
root@arm:~# MARKER='LXBY''BXQOQX' run 'ls /iio_generic_buffer; echo $?'
LXBYBXQOQX/iio_generic_buffer
0
LXBYBXQOQX 0
root@arm:~# Labgrid Console Logfile for main
Logfile started at 2025-07-14 18:19:24.069793
=== Log starts here ===

root@arm:~# run() { echo -n "$MARKER"; sh -c "$@"; echo "$MARKER $?"; }
root@arm:~# echo 'OETQ''ABKXEC'
OETQABKXEC
root@arm:~# MARKER='YXKX''CPJVTF' run dmesg
YXKXCPJVTF[    0.000000] Booting Linux on physical CPU 0x0
[    0.000000] Linux version 6.1.145 (user01@drvtest01) (arm-none-eabi-gcc (Arm GNU Toolchain 14.2.Rel1 (Build arm-14.52)) 14.2.1 20241119, GNU ld (Arm GNU Toolchain 14.2.Rel1 (Build arm-14.52)) 2.43.1.20241119) #1 SMP Mon Jul 14 18:14:45 EEST 2025
[    0.000000] CPU: ARMv7 Processor [413fc082] revision 2 (ARMv7), cr=10c5387d
[    0.000000] CPU: PIPT / VIPT nonaliasing data cache, VIPT aliasing instruction cache
[    0.000000] OF: fdt: Machine model: TI AM335x BeagleBone Black
[    0.000000] Memory policy: Data cache writeback
[    0.000000] cma: Reserved 16 MiB at 0x9ec00000
[    0.000000] Zone ranges:
[    0.000000]   Normal   [mem 0x0000000080000000-0x000000009fdfffff]
[    0.000000]   HighMem  empty
[    0.000000] Movable zone start for each node
[    0.000000] Early memory node ranges
[    0.000000]   node   0: [mem 0x0000000080000000-0x000000009fdfffff]
[    0.000000] Initmem setup node 0 [mem 0x0000000080000000-0x000000009fdfffff]
[    0.000000] CPU: All CPU(s) started in SVC mode.
[    0.000000] AM335X ES2.1 (sgx neon)
[    0.000000] percpu: Embedded 16 pages/cpu s34196 r8192 d23148 u65536
[    0.000000] pcpu-alloc: s34196 r8192 d23148 u65536 alloc=16*4096
[    0.000000] pcpu-alloc: [0] 0 
[    0.000000] Built 1 zonelists, mobility grouping on.  Total pages: 129412
[    0.000000] Kernel command line: console=ttyO0,115200n8 root=/dev/nfs rw nfsroot=192.168.255.126:/home/user01/nfs,nfsvers=3 ip=192.168.255.1:192.168.255.126::255.255.255.0:bbb1:eth0 nfsrootdebug
[    0.000000] Unknown kernel command line parameters "nfsrootdebug", will be passed to user space.
[    0.000000] Dentry cache hash table entries: 65536 (order: 6, 262144 bytes, linear)
[    0.000000] Inode-cache hash table entries: 32768 (order: 5, 131072 bytes, linear)
[    0.000000] mem auto-init: stack:off, heap alloc:off, heap free:off
[    0.000000] Memory: 484644K/522240K available (10240K kernel code, 1145K rwdata, 2604K rodata, 1024K init, 286K bss, 21212K reserved, 16384K cma-reserved, 0K highmem)
[    0.000000] SLUB: HWalign=64, Order=0-3, MinObjects=0, CPUs=1, Nodes=1
[    0.000000] trace event string verifier disabled
[    0.000000] rcu: Hierarchical RCU implementation.
[    0.000000] rcu: 	RCU event tracing is enabled.
[    0.000000] rcu: 	RCU restricting CPUs from NR_CPUS=2 to nr_cpu_ids=1.
[    0.000000] rcu: RCU calculated value of scheduler-enlistment delay is 10 jiffies.
[    0.000000] rcu: Adjusting geometry for rcu_fanout_leaf=16, nr_cpu_ids=1
[    0.000000] NR_IRQS: 16, nr_irqs: 16, preallocated irqs: 16
[    0.000000] IRQ: Found an INTC at 0x(ptrval) (revision 5.0) with 128 interrupts
[    0.000000] rcu: srcu_init: Setting srcu_struct sizes based on contention.
[    0.000000] TI gptimer clocksource: always-on /ocp/interconnect@44c00000/segment@200000/target-module@31000
[    0.000002] sched_clock: 32 bits at 24MHz, resolution 41ns, wraps every 89478484971ns
[    0.000026] clocksource: dmtimer: mask: 0xffffffff max_cycles: 0xffffffff, max_idle_ns: 79635851949 ns
[    0.000443] TI gptimer clockevent: 24000000 Hz at /ocp/interconnect@48000000/segment@0/target-module@40000
[    0.001977] Console: colour dummy device 80x30
[    0.002023] WARNING: Your 'console=ttyO0' has been replaced by 'ttyS0'
[    0.002031] This ensures that you still see kernel messages. Please
[    0.002036] update your kernel commandline.
[    0.002077] Calibrating delay loop... 996.14 BogoMIPS (lpj=4980736)
[    0.090483] CPU: Testing write buffer coherency: ok
[    0.090584] CPU0: Spectre v2: using BPIALL workaround
[    0.090595] pid_max: default: 32768 minimum: 301
[    0.090722] LSM: Security Framework initializing
[    0.090894] Mount-cache hash table entries: 1024 (order: 0, 4096 bytes, linear)
[    0.090915] Mountpoint-cache hash table entries: 1024 (order: 0, 4096 bytes, linear)
[    0.092404] CPU0: thread -1, cpu 0, socket -1, mpidr 0
[    0.093656] Setting up static identity map for 0x80100000 - 0x80100078
[    0.093891] rcu: Hierarchical SRCU implementation.
[    0.093899] rcu: 	Max phase no-delay instances is 1000.
[    0.095199] smp: Bringing up secondary CPUs ...
[    0.095217] smp: Brought up 1 node, 1 CPU
[    0.095228] SMP: Total of 1 processors activated (996.14 BogoMIPS).
[    0.095239] CPU: All CPU(s) started in SVC mode.
[    0.096136] devtmpfs: initialized
[    0.111235] VFP support v0.3: implementor 41 architecture 3 part 30 variant c rev 3
[    0.111551] clocksource: jiffies: mask: 0xffffffff max_cycles: 0xffffffff, max_idle_ns: 19112604462750000 ns
[    0.111586] futex hash table entries: 256 (order: 2, 16384 bytes, linear)
[    0.112914] pinctrl core: initialized pinctrl subsystem
[    0.114817] NET: Registered PF_NETLINK/PF_ROUTE protocol family
[    0.116838] DMA: preallocated 256 KiB pool for atomic coherent allocations
[    0.117404] audit: initializing netlink subsys (disabled)
[    0.118592] thermal_sys: Registered thermal governor 'fair_share'
[    0.118612] thermal_sys: Registered thermal governor 'step_wise'
[    0.118618] thermal_sys: Registered thermal governor 'user_space'
[    0.118739] cpuidle: using governor menu
[    0.135327] /ocp/interconnect@44c00000/segment@200000/target-module@b000/i2c@0/tda19988@70: Fixed dependency cycle(s) with /ocp/interconnect@48000000/segment@300000/target-module@e000/lcdc@0
[    0.136367] /ocp/interconnect@48000000/segment@300000/target-module@e000/lcdc@0: Fixed dependency cycle(s) with /ocp/interconnect@44c00000/segment@200000/target-module@b000/i2c@0/tda19988@70
[    0.138357] No ATAGs?
[    0.138373] hw-breakpoint: debug architecture 0x4 unsupported.
[    0.146980] audit: type=2000 audit(0.110:1): state=initialized audit_enabled=0 res=1
[    0.147284] kprobes: kprobe jump-optimization is enabled. All kprobes are optimized if possible.
[    0.163243] reg-fixed-voltage fixedregulator0: GPIO lookup for consumer (null)
[    0.163271] reg-fixed-voltage fixedregulator0: using device tree for GPIO lookup
[    0.163292] of_get_named_gpiod_flags: can't parse 'gpios' property of node '/fixedregulator0[0]'
[    0.163327] of_get_named_gpiod_flags: can't parse 'gpio' property of node '/fixedregulator0[0]'
[    0.163348] reg-fixed-voltage fixedregulator0: using lookup tables for GPIO lookup
[    0.163358] reg-fixed-voltage fixedregulator0: No GPIO consumer (null) found
[    0.164497] iommu: Default domain type: Translated 
[    0.164512] iommu: DMA domain TLB invalidation policy: strict mode 
[    0.165956] SCSI subsystem initialized
[    0.166472] libata version 3.00 loaded.
[    0.166812] pps_core: LinuxPPS API ver. 1 registered
[    0.166823] pps_core: Software ver. 5.3.6 - Copyright 2005-2007 Rodolfo Giometti <giometti@linux.it>
[    0.166854] PTP clock support registered
[    0.168304] vgaarb: loaded
[    0.180731] clocksource: Switched to clocksource dmtimer
[    0.181383] VFS: Disk quotas dquot_6.6.0
[    0.181457] VFS: Dquot-cache hash table entries: 1024 (order 0, 4096 bytes)
[    0.193326] NET: Registered PF_INET protocol family
[    0.193656] IP idents hash table entries: 8192 (order: 4, 65536 bytes, linear)
[    0.195014] tcp_listen_portaddr_hash hash table entries: 512 (order: 0, 4096 bytes, linear)
[    0.195061] Table-perturb hash table entries: 65536 (order: 6, 262144 bytes, linear)
[    0.195081] TCP established hash table entries: 4096 (order: 2, 16384 bytes, linear)
[    0.195129] TCP bind hash table entries: 4096 (order: 4, 65536 bytes, linear)
[    0.195228] TCP: Hash tables configured (established 4096 bind 4096)
[    0.195339] UDP hash table entries: 256 (order: 1, 8192 bytes, linear)
[    0.195367] UDP-Lite hash table entries: 256 (order: 1, 8192 bytes, linear)
[    0.195540] NET: Registered PF_UNIX/PF_LOCAL protocol family
[    0.196726] RPC: Registered named UNIX socket transport module.
[    0.196746] RPC: Registered udp transport module.
[    0.196751] RPC: Registered tcp transport module.
[    0.196756] RPC: Registered tcp NFSv4.1 backchannel transport module.
[    0.196774] PCI: CLS 0 bytes, default 64
[    0.198201] Initialise system trusted keyrings
[    0.209165] workingset: timestamp_bits=14 max_order=17 bucket_order=3
[    0.218115] NFS: Registering the id_resolver key type
[    0.218257] Key type id_resolver registered
[    0.218263] Key type id_legacy registered
[    0.218316] jffs2: version 2.2. (NAND) (SUMMARY)  Â© 2001-2006 Red Hat, Inc.
[    0.219305] Key type asymmetric registered
[    0.219326] Asymmetric key parser 'x509' registered
[    0.219475] io scheduler mq-deadline registered
[    0.219486] io scheduler kyber registered
[    0.219729] io scheduler bfq registered
[    0.232717] hw perfevents: enabled with armv7_cortex_a8 PMU driver, 5 counters available
[    0.240958] l3-aon-clkctrl:0000:0: failed to disable
[    0.241295] Serial: 8250/16550 driver, 6 ports, IRQ sharing enabled
[    0.289555] brd: module loaded
[    0.296932] loop: module loaded
[    0.297816] mtdoops: mtd device (mtddev=name/number) must be supplied
[    0.299306] mdio_bus fixed-0: GPIO lookup for consumer reset
[    0.299331] mdio_bus fixed-0: using lookup tables for GPIO lookup
[    0.299340] mdio_bus fixed-0: No GPIO consumer reset found
[    0.300445] i2c_dev: i2c /dev entries driver
[    0.301342] cpuidle: enable-method property 'ti,am3352' found operations
[    0.301758] sdhci: Secure Digital Host Controller Interface driver
[    0.301767] sdhci: Copyright(c) Pierre Ossman
[    0.301945] sdhci-pltfm: SDHCI platform and OF driver helper
[    0.302197] ledtrig-cpu: registered to indicate activity on CPUs
[    0.302937] Initializing XFRM netlink socket
[    0.303498] NET: Registered PF_INET6 protocol family
[    0.314575] Segment Routing with IPv6
[    0.314654] In-situ OAM (IOAM) with IPv6
[    0.314748] sit: IPv6, IPv4 and MPLS over IPv4 tunneling driver
[    0.315634] NET: Registered PF_PACKET protocol family
[    0.315663] NET: Registered PF_KEY protocol family
[    0.315758] Key type dns_resolver registered
[    0.315873] ThumbEE CPU extension supported.
[    0.315892] Registering SWP/SWPB emulation handler
[    0.316397] omap_voltage_late_init: Voltage driver support not added
[    0.317019] SmartReflex Class3 initialized
[    0.317972] Loading compiled-in X.509 certificates
[    0.378029] /ocp/interconnect@44c00000/segment@200000/target-module@b000/i2c@0/tda19988@70: Fixed dependency cycle(s) with /ocp/interconnect@48000000/segment@300000/target-module@e000/lcdc@0
[    0.384095] /ocp/interconnect@44c00000/segment@200000/target-module@b000/i2c@0/tda19988@70: Fixed dependency cycle(s) with /ocp/interconnect@48000000/segment@300000/target-module@e000/lcdc@0
[    0.391800] /ocp/interconnect@44c00000/segment@200000/target-module@b000/i2c@0/tda19988@70: Fixed dependency cycle(s) with /ocp/interconnect@48000000/segment@300000/target-module@e000/lcdc@0
[    0.392600] /ocp/interconnect@44c00000/segment@200000/target-module@b000/i2c@0/tda19988@70: Fixed dependency cycle(s) with /ocp/interconnect@48000000/segment@300000/target-module@e000/lcdc@0
[    0.395670] /ocp/interconnect@44c00000/segment@200000/target-module@10000/scm@0/pinmux@800: Fixed dependency cycle(s) with /ocp/interconnect@44c00000/segment@200000/target-module@10000/scm@0/pinmux@800/pinmux_clkout2_pin
[    0.396245] pinctrl-single 44e10800.pinmux: 142 pins, size 568
[    0.401137] ti-sysc: probe of 44e31000.target-module failed with error -16
[    0.450181] /ocp/interconnect@48000000/segment@300000/target-module@e000/lcdc@0: Fixed dependency cycle(s) with /ocp/interconnect@44c00000/segment@200000/target-module@b000/i2c@0/tda19988@70
[    0.457329] ti-sysc: probe of 48040000.target-module failed with error -16
[    0.467639] gpio gpiochip0: (gpio-0-31): created GPIO range 0->7 ==> 44e10800.pinmux PIN 0->7
[    0.467676] gpio gpiochip0: (gpio-0-31): created GPIO range 8->11 ==> 44e10800.pinmux PIN 90->93
[    0.467693] gpio gpiochip0: (gpio-0-31): created GPIO range 12->27 ==> 44e10800.pinmux PIN 12->27
[    0.467708] gpio gpiochip0: (gpio-0-31): created GPIO range 28->31 ==> 44e10800.pinmux PIN 30->33
[    0.467774] gpio gpiochip0: (gpio-0-31): not an immutable chip, please consider fixing it!
[    0.502007] gpio gpiochip0: (gpio-0-31): added GPIO chardev (254:0)
[    0.502181] gpio gpiochip0: registered GPIOs 0 to 31 on gpio-0-31
[    0.502266] OMAP GPIO hardware version 0.1
[    0.513951] i2c i2c-2: GPIO lookup for consumer scl
[    0.513981] i2c i2c-2: using device tree for GPIO lookup
[    0.514006] of_get_named_gpiod_flags: can't parse 'scl-gpios' property of node '/ocp/interconnect@48000000/segment@100000/target-module@9c000/i2c@0[0]'
[    0.514050] of_get_named_gpiod_flags: can't parse 'scl-gpio' property of node '/ocp/interconnect@48000000/segment@100000/target-module@9c000/i2c@0[0]'
[    0.514090] i2c i2c-2: using lookup tables for GPIO lookup
[    0.514100] i2c i2c-2: No GPIO consumer scl found
[    0.514121] i2c i2c-2: GPIO lookup for consumer sda
[    0.514128] i2c i2c-2: using device tree for GPIO lookup
[    0.514142] of_get_named_gpiod_flags: can't parse 'sda-gpios' property of node '/ocp/interconnect@48000000/segment@100000/target-module@9c000/i2c@0[0]'
[    0.514178] of_get_named_gpiod_flags: can't parse 'sda-gpio' property of node '/ocp/interconnect@48000000/segment@100000/target-module@9c000/i2c@0[0]'
[    0.514211] i2c i2c-2: using lookup tables for GPIO lookup
[    0.514219] i2c i2c-2: No GPIO consumer sda found
[    0.514866] omap_i2c 4819c000.i2c: bus 2 rev0.11 at 100 kHz
[    0.520143] gpio gpiochip1: (gpio-32-63): created GPIO range 0->17 ==> 44e10800.pinmux PIN 34->51
[    0.520178] gpio gpiochip1: (gpio-32-63): created GPIO range 18->21 ==> 44e10800.pinmux PIN 77->80
[    0.520194] gpio gpiochip1: (gpio-32-63): created GPIO range 22->31 ==> 44e10800.pinmux PIN 56->65
[    0.520258] gpio gpiochip1: (gpio-32-63): not an immutable chip, please consider fixing it!
[    0.533495] gpio gpiochip1: (gpio-32-63): added GPIO chardev (254:1)
[    0.533629] gpio gpiochip1: registered GPIOs 32 to 63 on gpio-32-63
[    0.535722] gpio gpiochip2: (gpio-64-95): created GPIO range 0->4 ==> 44e10800.pinmux PIN 66->70
[    0.535754] gpio gpiochip2: (gpio-64-95): created GPIO range 5->6 ==> 44e10800.pinmux PIN 98->99
[    0.535769] gpio gpiochip2: (gpio-64-95): created GPIO range 7->8 ==> 44e10800.pinmux PIN 75->76
[    0.535785] gpio gpiochip2: (gpio-64-95): created GPIO range 13->13 ==> 44e10800.pinmux PIN 141->141
[    0.535801] gpio gpiochip2: (gpio-64-95): created GPIO range 14->21 ==> 44e10800.pinmux PIN 100->107
[    0.535864] gpio gpiochip2: (gpio-64-95): not an immutable chip, please consider fixing it!
[    0.536318] gpio gpiochip2: (gpio-64-95): added GPIO chardev (254:2)
[    0.536430] gpio gpiochip2: registered GPIOs 64 to 95 on gpio-64-95
[    0.542434] /ocp/interconnect@48000000/segment@300000/target-module@e000/lcdc@0: Fixed dependency cycle(s) with /ocp/interconnect@44c00000/segment@200000/target-module@b000/i2c@0/tda19988@70
[    0.545010] /ocp/interconnect@48000000/segment@300000/target-module@e000/lcdc@0: Fixed dependency cycle(s) with /ocp/interconnect@44c00000/segment@200000/target-module@b000/i2c@0/tda19988@70
[    0.545648] /ocp/interconnect@44c00000/segment@200000/target-module@b000/i2c@0/tda19988@70: Fixed dependency cycle(s) with /ocp/interconnect@48000000/segment@300000/target-module@e000/lcdc@0
[    0.545803] /ocp/interconnect@48000000/segment@300000/target-module@e000/lcdc@0: Fixed dependency cycle(s) with /ocp/interconnect@44c00000/segment@200000/target-module@b000/i2c@0/tda19988@70
[    0.554436] mdio_bus 4a101000.mdio: GPIO lookup for consumer reset
[    0.554465] mdio_bus 4a101000.mdio: using device tree for GPIO lookup
[    0.554487] of_get_named_gpiod_flags: can't parse 'reset-gpios' property of node '/ocp/interconnect@4a000000/segment@0/target-module@100000/switch@0/mdio@1000[0]'
[    0.554535] of_get_named_gpiod_flags: can't parse 'reset-gpio' property of node '/ocp/interconnect@4a000000/segment@0/target-module@100000/switch@0/mdio@1000[0]'
[    0.554580] mdio_bus 4a101000.mdio: using lookup tables for GPIO lookup
[    0.554590] mdio_bus 4a101000.mdio: No GPIO consumer reset found
[    0.555633] sdhci-omap 481d8000.mmc: GPIO lookup for consumer wp
[    0.555655] sdhci-omap 481d8000.mmc: using device tree for GPIO lookup
[    0.555675] of_get_named_gpiod_flags: can't parse 'wp-gpios' property of node '/ocp/interconnect@48000000/segment@100000/target-module@d8000/mmc@0[0]'
[    0.555721] of_get_named_gpiod_flags: can't parse 'wp-gpio' property of node '/ocp/interconnect@48000000/segment@100000/target-module@d8000/mmc@0[0]'
[    0.555758] sdhci-omap 481d8000.mmc: using lookup tables for GPIO lookup
[    0.555767] sdhci-omap 481d8000.mmc: No GPIO consumer wp found
[    0.555951] sdhci-omap 481d8000.mmc: supply pbias not found, using dummy regulator
[    0.556396] sdhci-omap 481d8000.mmc: supply vqmmc not found, using dummy regulator
[    0.612713] davinci_mdio 4a101000.mdio: davinci mdio revision 1.6, bus freq 1000000
[    0.641960] mdio_bus 4a101000.mdio:00: GPIO lookup for consumer reset
[    0.641985] mdio_bus 4a101000.mdio:00: using device tree for GPIO lookup
[    0.642025] of_get_named_gpiod_flags: parsed 'reset-gpios' property of node '/ocp/interconnect@4a000000/segment@0/target-module@100000/switch@0/mdio@1000/ethernet-phy@0[0]' - status (0)
[    0.642191] gpio gpiochip0: Persistence not supported for GPIO 8
[    0.799021] davinci_mdio 4a101000.mdio: phy[0]: device 4a101000.mdio:00, driver SMSC LAN8710/LAN8720
[    0.799617] cpsw-switch 4a100000.switch: initialized cpsw ale version 1.4
[    0.799637] cpsw-switch 4a100000.switch: ALE Table size 1024
[    0.799920] cpsw-switch 4a100000.switch: cpts: overflow check period 500 (jiffies)
[    0.799940] cpsw-switch 4a100000.switch: CPTS: ref_clk_freq:250000000 calc_mult:2147483648 calc_shift:29 error:0 nsec/sec
[    0.800036] cpsw-switch 4a100000.switch: Detected MACID = 6c:ec:eb:68:de:78
[    0.801716] cpsw-switch 4a100000.switch: initialized (regs 0x4a100000, pool size 256) hw_ver:0019010C 1.12 (0)
[    0.811627] debugfs: Directory '49000000.dma' with parent 'dmaengine' already present!
[    0.811667] edma 49000000.dma: TI EDMA DMA engine driver
[    0.849888] gpio-clk clk_mcasp0: GPIO lookup for consumer enable
[    0.849920] gpio-clk clk_mcasp0: using device tree for GPIO lookup
[    0.849959] of_get_named_gpiod_flags: parsed 'enable-gpios' property of node '/clk_mcasp0[0]' - status (0)
[    0.850003] gpio gpiochip0: Persistence not supported for GPIO 27
[    0.850913] gpio gpiochip3: (gpio-96-127): created GPIO range 0->7 ==> 44e10800.pinmux PIN 82->89
[    0.850950] gpio gpiochip3: (gpio-96-127): created GPIO range 8->11 ==> 44e10800.pinmux PIN 52->55
[    0.850966] gpio gpiochip3: (gpio-96-127): created GPIO range 12->15 ==> 44e10800.pinmux PIN 94->97
[    0.850983] gpio gpiochip3: (gpio-96-127): created GPIO range 16->17 ==> 44e10800.pinmux PIN 71->72
[    0.850998] gpio gpiochip3: (gpio-96-127): created GPIO range 18->18 ==> 44e10800.pinmux PIN 135->135
[    0.851016] gpio gpiochip3: (gpio-96-127): created GPIO range 19->20 ==> 44e10800.pinmux PIN 108->109
[    0.851032] gpio gpiochip3: (gpio-96-127): created GPIO range 21->21 ==> 44e10800.pinmux PIN 73->73
[    0.851049] gpio gpiochip3: (gpio-96-127): created GPIO range 22->23 ==> 44e10800.pinmux PIN 8->9
[    0.851066] gpio gpiochip3: (gpio-96-127): created GPIO range 26->27 ==> 44e10800.pinmux PIN 10->11
[    0.851084] gpio gpiochip3: (gpio-96-127): created GPIO range 28->28 ==> 44e10800.pinmux PIN 74->74
[    0.851101] gpio gpiochip3: (gpio-96-127): created GPIO range 29->29 ==> 44e10800.pinmux PIN 81->81
[    0.851119] gpio gpiochip3: (gpio-96-127): created GPIO range 30->31 ==> 44e10800.pinmux PIN 28->29
[    0.851187] gpio gpiochip3: (gpio-96-127): not an immutable chip, please consider fixing it!
[    0.860237] gpio gpiochip3: (gpio-96-127): added GPIO chardev (254:3)
[    0.860379] gpio gpiochip3: registered GPIOs 96 to 127 on gpio-96-127
[    0.861953] omap8250 44e09000.serial: GPIO lookup for consumer rs485-term
[    0.861977] omap8250 44e09000.serial: using device tree for GPIO lookup
[    0.862000] of_get_named_gpiod_flags: can't parse 'rs485-term-gpios' property of node '/ocp/interconnect@44c00000/segment@200000/target-module@9000/serial@0[0]'
[    0.862050] of_get_named_gpiod_flags: can't parse 'rs485-term-gpio' property of node '/ocp/interconnect@44c00000/segment@200000/target-module@9000/serial@0[0]'
[    0.862090] omap8250 44e09000.serial: using lookup tables for GPIO lookup
[    0.862099] omap8250 44e09000.serial: No GPIO consumer rs485-term found
[    0.862148] 44e09000.serial: ttyS0 at MMIO 0x44e09000 (irq = 34, base_baud = 3000000) is a 8250
[    2.169467] printk: console [ttyS0] enabled
[    2.176269] i2c i2c-0: GPIO lookup for consumer scl
[    2.176305] i2c i2c-0: using device tree for GPIO lookup
[    2.176331] of_get_named_gpiod_flags: can't parse 'scl-gpios' property of node '/ocp/interconnect@44c00000/segment@200000/target-module@b000/i2c@0[0]'
[    2.176378] of_get_named_gpiod_flags: can't parse 'scl-gpio' property of node '/ocp/interconnect@44c00000/segment@200000/target-module@b000/i2c@0[0]'
[    2.176419] i2c i2c-0: using lookup tables for GPIO lookup
[    2.176431] i2c i2c-0: No GPIO consumer scl found
[    2.176453] i2c i2c-0: GPIO lookup for consumer sda
[    2.176462] i2c i2c-0: using device tree for GPIO lookup
[    2.176478] of_get_named_gpiod_flags: can't parse 'sda-gpios' property of node '/ocp/interconnect@44c00000/segment@200000/target-module@b000/i2c@0[0]'
[    2.176516] of_get_named_gpiod_flags: can't parse 'sda-gpio' property of node '/ocp/interconnect@44c00000/segment@200000/target-module@b000/i2c@0[0]'
[    2.176552] i2c i2c-0: using lookup tables for GPIO lookup
[    2.176562] i2c i2c-0: No GPIO consumer sda found
[    2.199458] tps65217-pmic: Failed to locate of_node [id: -1]
[    2.215358] tps65217-bl: Failed to locate of_node [id: -1]
[    2.223967] tps65217 0-0024: TPS65217 ID 0xe version 1.2
[    2.229981] /ocp/interconnect@48000000/segment@300000/target-module@e000/lcdc@0: Fixed dependency cycle(s) with /ocp/interconnect@44c00000/segment@200000/target-module@b000/i2c@0/tda19988@70
[    2.247286] /ocp/interconnect@44c00000/segment@200000/target-module@b000/i2c@0/tda19988@70: Fixed dependency cycle(s) with /ocp/interconnect@48000000/segment@300000/target-module@e000/lcdc@0
[    2.264664] omap_i2c 44e0b000.i2c: bus 0 rev0.11 at 400 kHz
[    2.271977] sdhci-omap 48060000.mmc: GPIO lookup for consumer cd
[    2.272008] sdhci-omap 48060000.mmc: using device tree for GPIO lookup
[    2.272049] of_get_named_gpiod_flags: parsed 'cd-gpios' property of node '/ocp/interconnect@48000000/segment@0/target-module@60000/mmc@0[0]' - status (0)
[    2.272172] gpio gpiochip3: Persistence not supported for GPIO 6
[    2.272197] omap_gpio 44e07000.gpio: Could not set line 6 debounce to 200000 microseconds (-22)
[    2.281045] sdhci-omap 48060000.mmc: Got CD GPIO
[    2.285691] sdhci-omap 48060000.mmc: GPIO lookup for consumer wp
[    2.285701] sdhci-omap 48060000.mmc: using device tree for GPIO lookup
[    2.285722] of_get_named_gpiod_flags: can't parse 'wp-gpios' property of node '/ocp/interconnect@48000000/segment@0/target-module@60000/mmc@0[0]'
[    2.285766] of_get_named_gpiod_flags: can't parse 'wp-gpio' property of node '/ocp/interconnect@48000000/segment@0/target-module@60000/mmc@0[0]'
[    2.285805] sdhci-omap 48060000.mmc: using lookup tables for GPIO lookup
[    2.285817] sdhci-omap 48060000.mmc: No GPIO consumer wp found
[    2.286010] sdhci-omap 48060000.mmc: supply pbias not found, using dummy regulator
[    2.294737] sdhci-omap 481d8000.mmc: GPIO lookup for consumer wp
[    2.294770] sdhci-omap 481d8000.mmc: using device tree for GPIO lookup
[    2.294791] of_get_named_gpiod_flags: can't parse 'wp-gpios' property of node '/ocp/interconnect@48000000/segment@100000/target-module@d8000/mmc@0[0]'
[    2.294842] of_get_named_gpiod_flags: can't parse 'wp-gpio' property of node '/ocp/interconnect@48000000/segment@100000/target-module@d8000/mmc@0[0]'
[    2.294880] sdhci-omap 481d8000.mmc: using lookup tables for GPIO lookup
[    2.294891] sdhci-omap 481d8000.mmc: No GPIO consumer wp found
[    2.297983] sdhci-omap 48060000.mmc: supply vqmmc not found, using dummy regulator
[    2.306483] sdhci-omap 481d8000.mmc: supply pbias not found, using dummy regulator
[    2.314688] sdhci-omap 481d8000.mmc: supply vqmmc not found, using dummy regulator
[    2.348628] mmc1: SDHCI controller on 481d8000.mmc [481d8000.mmc] using External DMA
[    2.357429] mmc0: SDHCI controller on 48060000.mmc [48060000.mmc] using External DMA
[    2.366142] cpsw-switch 4a100000.switch: starting ndev. mode: dual_mac
[    2.407625] mmc0: new high speed SDHC card at address 5048
[    2.414519] mmcblk0: mmc0:5048 SD16G 14.4 GiB 
[    2.422293]  mmcblk0: p1 p2
[    2.425519] mmcblk0: p2 size 31221760 extends beyond EOD, truncated
[    2.440047] mmc1: new high speed MMC card at address 0001
[    2.446625] mmcblk1: mmc1:0001 MMC04G 3.60 GiB 
[    2.453755]  mmcblk1: p1 p2
[    2.457869] mmcblk1boot0: mmc1:0001 MMC04G 2.00 MiB 
[    2.464895] mmcblk1boot1: mmc1:0001 MMC04G 2.00 MiB 
[    2.471724] mmcblk1rpmb: mmc1:0001 MMC04G 128 KiB, chardev (250:0)
[    2.519790] SMSC LAN8710/LAN8720 4a101000.mdio:00: attached PHY driver (mii_bus:phy_addr=4a101000.mdio:00, irq=POLL)
[    5.689353] cpsw-switch 4a100000.switch eth0: Link is Up - 100Mbps/Full - flow control off
[    5.697744] IPv6: ADDRCONF(NETDEV_CHANGE): eth0: link becomes ready
[    5.738640] IP-Config: Complete:
[    5.741906]      device=eth0, hwaddr=6c:ec:eb:68:de:78, ipaddr=192.168.255.1, mask=255.255.255.0, gw=255.255.255.255
[    5.752523]      host=bbb1, domain=, nis-domain=(none)
[    5.757688]      bootserver=192.168.255.126, rootserver=192.168.255.126, rootpath=
[    5.758120] clk: Disabling unused clocks
[    5.769971] KTAP version 1
[    5.772700] 1..0
[    5.795985] VFS: Mounted root (nfs filesystem) on device 0:16.
[    5.802973] devtmpfs: mounted
[    5.807318] Freeing unused kernel image (initmem) memory: 1024K
[    5.814027] Run /sbin/init as init process
[    5.818155]   with arguments:
[    5.818165]     /sbin/init
[    5.818173]     nfsrootdebug
[    5.818180]   with environment:
[    5.818186]     HOME=/
[    5.818194]     TERM=linux
[    6.492399] systemd[1]: System time before build time, advancing clock.
[    7.958611] random: crng init done
[    8.020758] systemd[1]: systemd 232 running in system mode. (+PAM +AUDIT +SELINUX +IMA +APPARMOR +SMACK +SYSVINIT +UTMP +LIBCRYPTSETUP +GCRYPT +GNUTLS +ACL +XZ +LZ4 +SECCOMP +BLKID +ELFUTILS +KMOD +IDN)
[    8.039838] systemd[1]: Detected architecture arm.
[    8.081546] systemd[1]: Set hostname to <arm>.
[    9.132670] systemd[1]: Reached target Swap.
[    9.170554] systemd[1]: Set up automount Arbitrary Executable File Formats File System Automount Point.
[    9.210234] systemd[1]: Created slice System Slice.
[    9.249960] systemd[1]: Created slice system-getty.slice.
[    9.319252] systemd[1]: Mounting Debug File System...
[    9.349942] systemd[1]: Listening on Journal Audit Socket.
[    9.400631] systemd[1]: Listening on Journal Socket (/dev/log).
[   11.782057] systemd-journald[102]: Received request to flush runtime journal from PID 1
[   14.503315] of_get_named_gpiod_flags: parsed 'gpios' property of node '/leds/led2[0]' - status (0)
[   14.503409] gpio gpiochip0: Persistence not supported for GPIO 21
[   14.503424] gpio-21 (?): no flags found for gpios
[   14.503666] of_get_named_gpiod_flags: parsed 'gpios' property of node '/leds/led3[0]' - status (0)
[   14.503707] gpio gpiochip0: Persistence not supported for GPIO 22
[   14.503719] gpio-22 (?): no flags found for gpios
[   14.526144] of_get_named_gpiod_flags: parsed 'gpios' property of node '/leds/led4[0]' - status (0)
[   14.526390] gpio gpiochip0: Persistence not supported for GPIO 23
[   14.526411] gpio-23 (?): no flags found for gpios
[   14.539439] of_get_named_gpiod_flags: parsed 'gpios' property of node '/leds/led5[0]' - status (0)
[   14.539518] gpio gpiochip0: Persistence not supported for GPIO 24
[   14.539532] gpio-24 (?): no flags found for gpios
[   14.889590] remoteproc remoteproc0: wkup_m3 is available
[   15.127677] wkup_m3_ipc 44e11324.wkup_m3_ipc: IPC Request for A8->M3 Channel failed! -517
[   15.305233] omap_rtc 44e3e000.rtc: registered as rtc0
[   15.310707] omap_rtc 44e3e000.rtc: setting system clock to 2000-01-01T00:00:00 UTC (946684800)
[   15.319463] omap_rtc 44e3e000.rtc: GPIO lookup for consumer wp
[   15.319479] omap_rtc 44e3e000.rtc: using device tree for GPIO lookup
[   15.319517] of_get_named_gpiod_flags: can't parse 'wp-gpios' property of node '/ocp/interconnect@44c00000/segment@200000/target-module@3e000/rtc@0[0]'
[   15.319580] of_get_named_gpiod_flags: can't parse 'wp-gpio' property of node '/ocp/interconnect@44c00000/segment@200000/target-module@3e000/rtc@0[0]'
[   15.319625] omap_rtc 44e3e000.rtc: using lookup tables for GPIO lookup
[   15.319639] omap_rtc 44e3e000.rtc: No GPIO consumer wp found
[   15.321255] wkup_m3_ipc 44e11324.wkup_m3_ipc: IPC Request for A8->M3 Channel failed! -517
[   15.340007] omap_wdt: OMAP Watchdog Timer Rev 0x01: initial timeout 60 sec
[   15.441848] wkup_m3_ipc 44e11324.wkup_m3_ipc: IPC Request for A8->M3 Channel failed! -517
[   15.456185] at24 2-0054: supply vcc not found, using dummy regulator
[   15.655781] at24 2-0055: supply vcc not found, using dummy regulator
[   15.765375] wkup_m3_ipc 44e11324.wkup_m3_ipc: IPC Request for A8->M3 Channel failed! -517
[   15.793913] at24 2-0056: supply vcc not found, using dummy regulator
[   15.956801] at24 2-0057: supply vcc not found, using dummy regulator
[   16.075504] at24 0-0050: GPIO lookup for consumer wp
[   16.075551] at24 0-0050: using device tree for GPIO lookup
[   16.075582] of_get_named_gpiod_flags: can't parse 'wp-gpios' property of node '/ocp/interconnect@44c00000/segment@200000/target-module@b000/i2c@0/baseboard_eeprom@50[0]'
[   16.075654] of_get_named_gpiod_flags: can't parse 'wp-gpio' property of node '/ocp/interconnect@44c00000/segment@200000/target-module@b000/i2c@0/baseboard_eeprom@50[0]'
[   16.075704] at24 0-0050: using lookup tables for GPIO lookup
[   16.075717] at24 0-0050: No GPIO consumer wp found
[   16.075968] at24 0-0050: 32768 byte 24c256 EEPROM, writable, 1 bytes/write
[   16.084229] wkup_m3_ipc 44e11324.wkup_m3_ipc: IPC Request for A8->M3 Channel failed! -517
[   16.539353] tps6521x_pwrbutton tps65217-pwrbutton: DMA mask not set
[   16.630056] input: tps65217_pwrbutton as /devices/platform/ocp/44c00000.interconnect/44c00000.interconnect:segment@200000/44e0b000.target-module/44e0b000.i2c/i2c-0/0-0024/tps65217-pwrbutton/input/input0
[   16.651793] wkup_m3_ipc 44e11324.wkup_m3_ipc: IPC Request for A8->M3 Channel failed! -517
[   16.961507] am335x-phy-driver 47401300.usb-phy: GPIO lookup for consumer reset
[   16.961555] am335x-phy-driver 47401300.usb-phy: using device tree for GPIO lookup
[   16.961594] of_get_named_gpiod_flags: can't parse 'reset-gpios' property of node '/ocp/target-module@47400000/usb-phy@1300[0]'
[   16.961645] of_get_named_gpiod_flags: can't parse 'reset-gpio' property of node '/ocp/target-module@47400000/usb-phy@1300[0]'
[   16.961680] am335x-phy-driver 47401300.usb-phy: using lookup tables for GPIO lookup
[   16.961694] am335x-phy-driver 47401300.usb-phy: No GPIO consumer reset found
[   16.961706] am335x-phy-driver 47401300.usb-phy: GPIO lookup for consumer vbus-detect
[   16.961716] am335x-phy-driver 47401300.usb-phy: using device tree for GPIO lookup
[   16.961731] of_get_named_gpiod_flags: can't parse 'vbus-detect-gpios' property of node '/ocp/target-module@47400000/usb-phy@1300[0]'
[   16.961761] of_get_named_gpiod_flags: can't parse 'vbus-detect-gpio' property of node '/ocp/target-module@47400000/usb-phy@1300[0]'
[   16.961788] am335x-phy-driver 47401300.usb-phy: using lookup tables for GPIO lookup
[   16.961798] am335x-phy-driver 47401300.usb-phy: No GPIO consumer vbus-detect found
[   16.961929] am335x-phy-driver 47401300.usb-phy: supply vcc not found, using dummy regulator
[   16.970952] am335x-phy-driver 47401300.usb-phy: dummy supplies not allowed for exclusive requests
[   17.150737] am335x-phy-driver 47401b00.usb-phy: GPIO lookup for consumer reset
[   17.150784] am335x-phy-driver 47401b00.usb-phy: using device tree for GPIO lookup
[   17.150815] of_get_named_gpiod_flags: can't parse 'reset-gpios' property of node '/ocp/target-module@47400000/usb-phy@1b00[0]'
[   17.150866] of_get_named_gpiod_flags: can't parse 'reset-gpio' property of node '/ocp/target-module@47400000/usb-phy@1b00[0]'
[   17.150901] am335x-phy-driver 47401b00.usb-phy: using lookup tables for GPIO lookup
[   17.150914] am335x-phy-driver 47401b00.usb-phy: No GPIO consumer reset found
[   17.150926] am335x-phy-driver 47401b00.usb-phy: GPIO lookup for consumer vbus-detect
[   17.150935] am335x-phy-driver 47401b00.usb-phy: using device tree for GPIO lookup
[   17.150951] of_get_named_gpiod_flags: can't parse 'vbus-detect-gpios' property of node '/ocp/target-module@47400000/usb-phy@1b00[0]'
[   17.150980] of_get_named_gpiod_flags: can't parse 'vbus-detect-gpio' property of node '/ocp/target-module@47400000/usb-phy@1b00[0]'
[   17.151006] am335x-phy-driver 47401b00.usb-phy: using lookup tables for GPIO lookup
[   17.151017] am335x-phy-driver 47401b00.usb-phy: No GPIO consumer vbus-detect found
[   17.151150] am335x-phy-driver 47401b00.usb-phy: supply vcc not found, using dummy regulator
[   17.160281] am335x-phy-driver 47401b00.usb-phy: dummy supplies not allowed for exclusive requests
[   17.170292] wkup_m3_ipc 44e11324.wkup_m3_ipc: IPC Request for A8->M3 Channel failed! -517
[   17.379777] usbcore: registered new interface driver usbfs
[   17.385404] usbcore: registered new interface driver hub
[   17.390995] usbcore: registered new device driver usb
[   17.551467] wkup_m3_ipc 44e11324.wkup_m3_ipc: IPC Request for A8->M3 Channel failed! -517
[   18.357454] omap-mailbox 480c8000.mailbox: omap mailbox rev 0x400
[   18.377403] remoteproc remoteproc0: powering up wkup_m3
[   18.516662] musb-hdrc musb-hdrc.1: MUSB HDRC host driver
[   18.522281] musb-hdrc musb-hdrc.1: new USB bus registered, assigned bus number 1
[   18.752278] remoteproc remoteproc0: Direct firmware load for am335x-pm-firmware.elf failed with error -2
[   18.762127] remoteproc remoteproc0: request_firmware failed: -2
[   18.768088] wkup_m3_ipc 44e11324.wkup_m3_ipc: rproc_boot failed
[   18.830459] usb usb1: New USB device found, idVendor=1d6b, idProduct=0002, bcdDevice= 6.01
[   18.839105] usb usb1: New USB device strings: Mfr=3, Product=2, SerialNumber=1
[   18.846374] usb usb1: Product: MUSB HDRC host driver
[   18.851415] usb usb1: Manufacturer: Linux 6.1.145 musb-hcd
[   18.856929] usb usb1: SerialNumber: musb-hdrc.1
[   19.183494] tda998x 0-0070: found TDA19988
[   19.320410] hub 1-0:1.0: USB hub found
[   19.397961] hub 1-0:1.0: 1 port detected
[   20.591622] tilcdc 4830e000.lcdc: bound 0-0070 (ops tda998x_audio_codec_init [tda998x])
[   20.718939] omap_rng 48310000.rng: Random Number Generator ver. 20
[   20.820914] [drm] Initialized tilcdc 1.0.0 20121205 for 4830e000.lcdc on minor 0
[   20.979003] tilcdc 4830e000.lcdc: [drm] Cannot find any crtc or sizes
[   20.994528] tilcdc 4830e000.lcdc: [drm] Cannot find any crtc or sizes
[   22.749403] PM: Cannot get wkup_m3_ipc handle
[   22.813493] omap-sham 53100000.sham: hw accel on OMAP rev 4.3
[   22.865739] omap-aes 53500000.aes: OMAP AES hw accel rev: 3.2
[   22.946275] omap-sham 53100000.sham: will run requests pump with realtime priority
[   22.997488] omap-aes 53500000.aes: will run requests pump with realtime priority
[   23.089509] Bluetooth: Core ver 2.22
[   23.093308] NET: Registered PF_BLUETOOTH protocol family
[   23.098824] Bluetooth: HCI device and connection manager initialized
[   23.105237] Bluetooth: HCI socket layer initialized
[   23.110207] Bluetooth: L2CAP socket layer initialized
[   23.115318] Bluetooth: SCO socket layer initialized
[   23.261266] PM: Cannot get wkup_m3_ipc handle
[   23.278355] PM: Cannot get wkup_m3_ipc handle
[   26.311721] PM: Cannot get wkup_m3_ipc handle
[   26.317433] asoc-simple-card sound: GPIO lookup for consumer simple-audio-card,hp-det
[   26.317469] asoc-simple-card sound: using device tree for GPIO lookup
[   26.317498] of_get_named_gpiod_flags: can't parse 'simple-audio-card,hp-det-gpios' property of node '/sound[0]'
[   26.317541] of_get_named_gpiod_flags: can't parse 'simple-audio-card,hp-det-gpio' property of node '/sound[0]'
[   26.317567] asoc-simple-card sound: using lookup tables for GPIO lookup
[   26.317579] asoc-simple-card sound: No GPIO consumer simple-audio-card,hp-det found
[   26.317591] asoc-simple-card sound: GPIO lookup for consumer simple-audio-card,mic-det
[   26.317600] asoc-simple-card sound: using device tree for GPIO lookup
[   26.317616] of_get_named_gpiod_flags: can't parse 'simple-audio-card,mic-det-gpios' property of node '/sound[0]'
[   26.317640] of_get_named_gpiod_flags: can't parse 'simple-audio-card,mic-det-gpio' property of node '/sound[0]'
[   26.317660] asoc-simple-card sound: using lookup tables for GPIO lookup
[   26.317670] asoc-simple-card sound: No GPIO consumer simple-audio-card,mic-det found
[   26.463140] PM: Cannot get wkup_m3_ipc handle
[   27.216407] using random self ethernet address
[   27.221108] using random host ethernet address
[   27.477154] using random self ethernet address
[   27.481831] using random host ethernet address
[   27.741293] userial_init: registered 8 ttyGS* devices
[   28.015013] rndis_register: configNr = 0
[   28.139495] udc musb-hdrc.0: binding gadget driver [g_multi]
[   28.139588] configfs-gadget.g_multi gadget.0: adding 'rndis'/bc48e968 to config 'c'/e080b02b
[   28.140641] usb0: HOST MAC 1c:ba:8c:a2:ed:6c
[   28.144967] usb0: MAC 1c:ba:8c:a2:ed:70
[   28.149020] rndis_set_param_medium: 0 0
[   28.149043] configfs-gadget.g_multi gadget.0: RNDIS: dual speed IN/ep1in OUT/ep1out NOTIFY/ep2in
[   28.149060] configfs-gadget.g_multi gadget.0: adding 'cdc_ethernet'/f70c4dbc to config 'c'/e080b02b
[   28.149878] usb1: HOST MAC 1c:ba:8c:a2:ed:6c
[   28.154186] usb1: MAC 1c:ba:8c:a2:ed:6d
[   28.158066] configfs-gadget.g_multi gadget.0: CDC Ethernet: dual speed IN/ep3in OUT/ep2out NOTIFY/ep4in
[   28.158083] configfs-gadget.g_multi gadget.0: adding 'acm'/2b42d0dd to config 'c'/e080b02b
[   28.158122] configfs-gadget.g_multi gadget.0: acm ttyGS0: dual speed IN/ep5in OUT/ep3out NOTIFY/ep6in
[   28.179749] PM: Cannot get wkup_m3_ipc handle
[   29.551685] usb1: eth_open
[   34.756893] gs_open: ttyGS0 (16fcb79c,c9823dcb)
[   34.757047] gs_close: ttyGS0 (16fcb79c,c9823dcb) ...
[   34.757065] gs_close: ttyGS0 (16fcb79c,c9823dcb) done!
[   34.757222] gs_open: ttyGS0 (da42f370,872299e9)
[   34.757293] gs_close: ttyGS0 (da42f370,872299e9) ...
[   34.757308] gs_close: ttyGS0 (da42f370,872299e9) done!
[   34.913357] gs_open: ttyGS0 (c89e37c6,7aaa3a3f)
[   34.913533] gs_close: ttyGS0 (c89e37c6,7aaa3a3f) ...
[   34.913555] gs_close: ttyGS0 (c89e37c6,7aaa3a3f) done!
[   34.915755] gs_open: ttyGS0 (ec9accbf,d1122de3)
YXKXCPJVTF 0
root@arm:~# echo 'QBXL''NVNNKM'
QBXLNVNNKM
root@arm:~# MARKER='TTYZ''PTPZLA' run 'modprobe test_linear_ranges'
TTYZPTPZLATTYZPTPZLA 0
root@arm:~# echo 'XAFC''TAGZAP'
XAFCTAGZAP
root@arm:~# MARKER='LMVO''FTXFOX' run dmesg
LMVOFTXFOX[    0.000000] Booting Linux on physical CPU 0x0
[    0.000000] Linux version 6.1.145 (user01@drvtest01) (arm-none-eabi-gcc (Arm GNU Toolchain 14.2.Rel1 (Build arm-14.52)) 14.2.1 20241119, GNU ld (Arm GNU Toolchain 14.2.Rel1 (Build arm-14.52)) 2.43.1.20241119) #1 SMP Mon Jul 14 18:14:45 EEST 2025
[    0.000000] CPU: ARMv7 Processor [413fc082] revision 2 (ARMv7), cr=10c5387d
[    0.000000] CPU: PIPT / VIPT nonaliasing data cache, VIPT aliasing instruction cache
[    0.000000] OF: fdt: Machine model: TI AM335x BeagleBone Black
[    0.000000] Memory policy: Data cache writeback
[    0.000000] cma: Reserved 16 MiB at 0x9ec00000
[    0.000000] Zone ranges:
[    0.000000]   Normal   [mem 0x0000000080000000-0x000000009fdfffff]
[    0.000000]   HighMem  empty
[    0.000000] Movable zone start for each node
[    0.000000] Early memory node ranges
[    0.000000]   node   0: [mem 0x0000000080000000-0x000000009fdfffff]
[    0.000000] Initmem setup node 0 [mem 0x0000000080000000-0x000000009fdfffff]
[    0.000000] CPU: All CPU(s) started in SVC mode.
[    0.000000] AM335X ES2.1 (sgx neon)
[    0.000000] percpu: Embedded 16 pages/cpu s34196 r8192 d23148 u65536
[    0.000000] pcpu-alloc: s34196 r8192 d23148 u65536 alloc=16*4096
[    0.000000] pcpu-alloc: [0] 0 
[    0.000000] Built 1 zonelists, mobility grouping on.  Total pages: 129412
[    0.000000] Kernel command line: console=ttyO0,115200n8 root=/dev/nfs rw nfsroot=192.168.255.126:/home/user01/nfs,nfsvers=3 ip=192.168.255.1:192.168.255.126::255.255.255.0:bbb1:eth0 nfsrootdebug
[    0.000000] Unknown kernel command line parameters "nfsrootdebug", will be passed to user space.
[    0.000000] Dentry cache hash table entries: 65536 (order: 6, 262144 bytes, linear)
[    0.000000] Inode-cache hash table entries: 32768 (order: 5, 131072 bytes, linear)
[    0.000000] mem auto-init: stack:off, heap alloc:off, heap free:off
[    0.000000] Memory: 484644K/522240K available (10240K kernel code, 1145K rwdata, 2604K rodata, 1024K init, 286K bss, 21212K reserved, 16384K cma-reserved, 0K highmem)
[    0.000000] SLUB: HWalign=64, Order=0-3, MinObjects=0, CPUs=1, Nodes=1
[    0.000000] trace event string verifier disabled
[    0.000000] rcu: Hierarchical RCU implementation.
[    0.000000] rcu: 	RCU event tracing is enabled.
[    0.000000] rcu: 	RCU restricting CPUs from NR_CPUS=2 to nr_cpu_ids=1.
[    0.000000] rcu: RCU calculated value of scheduler-enlistment delay is 10 jiffies.
[    0.000000] rcu: Adjusting geometry for rcu_fanout_leaf=16, nr_cpu_ids=1
[    0.000000] NR_IRQS: 16, nr_irqs: 16, preallocated irqs: 16
[    0.000000] IRQ: Found an INTC at 0x(ptrval) (revision 5.0) with 128 interrupts
[    0.000000] rcu: srcu_init: Setting srcu_struct sizes based on contention.
[    0.000000] TI gptimer clocksource: always-on /ocp/interconnect@44c00000/segment@200000/target-module@31000
[    0.000002] sched_clock: 32 bits at 24MHz, resolution 41ns, wraps every 89478484971ns
[    0.000026] clocksource: dmtimer: mask: 0xffffffff max_cycles: 0xffffffff, max_idle_ns: 79635851949 ns
[    0.000443] TI gptimer clockevent: 24000000 Hz at /ocp/interconnect@48000000/segment@0/target-module@40000
[    0.001977] Console: colour dummy device 80x30
[    0.002023] WARNING: Your 'console=ttyO0' has been replaced by 'ttyS0'
[    0.002031] This ensures that you still see kernel messages. Please
[    0.002036] update your kernel commandline.
[    0.002077] Calibrating delay loop... 996.14 BogoMIPS (lpj=4980736)
[    0.090483] CPU: Testing write buffer coherency: ok
[    0.090584] CPU0: Spectre v2: using BPIALL workaround
[    0.090595] pid_max: default: 32768 minimum: 301
[    0.090722] LSM: Security Framework initializing
[    0.090894] Mount-cache hash table entries: 1024 (order: 0, 4096 bytes, linear)
[    0.090915] Mountpoint-cache hash table entries: 1024 (order: 0, 4096 bytes, linear)
[    0.092404] CPU0: thread -1, cpu 0, socket -1, mpidr 0
[    0.093656] Setting up static identity map for 0x80100000 - 0x80100078
[    0.093891] rcu: Hierarchical SRCU implementation.
[    0.093899] rcu: 	Max phase no-delay instances is 1000.
[    0.095199] smp: Bringing up secondary CPUs ...
[    0.095217] smp: Brought up 1 node, 1 CPU
[    0.095228] SMP: Total of 1 processors activated (996.14 BogoMIPS).
[    0.095239] CPU: All CPU(s) started in SVC mode.
[    0.096136] devtmpfs: initialized
[    0.111235] VFP support v0.3: implementor 41 architecture 3 part 30 variant c rev 3
[    0.111551] clocksource: jiffies: mask: 0xffffffff max_cycles: 0xffffffff, max_idle_ns: 19112604462750000 ns
[    0.111586] futex hash table entries: 256 (order: 2, 16384 bytes, linear)
[    0.112914] pinctrl core: initialized pinctrl subsystem
[    0.114817] NET: Registered PF_NETLINK/PF_ROUTE protocol family
[    0.116838] DMA: preallocated 256 KiB pool for atomic coherent allocations
[    0.117404] audit: initializing netlink subsys (disabled)
[    0.118592] thermal_sys: Registered thermal governor 'fair_share'
[    0.118612] thermal_sys: Registered thermal governor 'step_wise'
[    0.118618] thermal_sys: Registered thermal governor 'user_space'
[    0.118739] cpuidle: using governor menu
[    0.135327] /ocp/interconnect@44c00000/segment@200000/target-module@b000/i2c@0/tda19988@70: Fixed dependency cycle(s) with /ocp/interconnect@48000000/segment@300000/target-module@e000/lcdc@0
[    0.136367] /ocp/interconnect@48000000/segment@300000/target-module@e000/lcdc@0: Fixed dependency cycle(s) with /ocp/interconnect@44c00000/segment@200000/target-module@b000/i2c@0/tda19988@70
[    0.138357] No ATAGs?
[    0.138373] hw-breakpoint: debug architecture 0x4 unsupported.
[    0.146980] audit: type=2000 audit(0.110:1): state=initialized audit_enabled=0 res=1
[    0.147284] kprobes: kprobe jump-optimization is enabled. All kprobes are optimized if possible.
[    0.163243] reg-fixed-voltage fixedregulator0: GPIO lookup for consumer (null)
[    0.163271] reg-fixed-voltage fixedregulator0: using device tree for GPIO lookup
[    0.163292] of_get_named_gpiod_flags: can't parse 'gpios' property of node '/fixedregulator0[0]'
[    0.163327] of_get_named_gpiod_flags: can't parse 'gpio' property of node '/fixedregulator0[0]'
[    0.163348] reg-fixed-voltage fixedregulator0: using lookup tables for GPIO lookup
[    0.163358] reg-fixed-voltage fixedregulator0: No GPIO consumer (null) found
[    0.164497] iommu: Default domain type: Translated 
[    0.164512] iommu: DMA domain TLB invalidation policy: strict mode 
[    0.165956] SCSI subsystem initialized
[    0.166472] libata version 3.00 loaded.
[    0.166812] pps_core: LinuxPPS API ver. 1 registered
[    0.166823] pps_core: Software ver. 5.3.6 - Copyright 2005-2007 Rodolfo Giometti <giometti@linux.it>
[    0.166854] PTP clock support registered
[    0.168304] vgaarb: loaded
[    0.180731] clocksource: Switched to clocksource dmtimer
[    0.181383] VFS: Disk quotas dquot_6.6.0
[    0.181457] VFS: Dquot-cache hash table entries: 1024 (order 0, 4096 bytes)
[    0.193326] NET: Registered PF_INET protocol family
[    0.193656] IP idents hash table entries: 8192 (order: 4, 65536 bytes, linear)
[    0.195014] tcp_listen_portaddr_hash hash table entries: 512 (order: 0, 4096 bytes, linear)
[    0.195061] Table-perturb hash table entries: 65536 (order: 6, 262144 bytes, linear)
[    0.195081] TCP established hash table entries: 4096 (order: 2, 16384 bytes, linear)
[    0.195129] TCP bind hash table entries: 4096 (order: 4, 65536 bytes, linear)
[    0.195228] TCP: Hash tables configured (established 4096 bind 4096)
[    0.195339] UDP hash table entries: 256 (order: 1, 8192 bytes, linear)
[    0.195367] UDP-Lite hash table entries: 256 (order: 1, 8192 bytes, linear)
[    0.195540] NET: Registered PF_UNIX/PF_LOCAL protocol family
[    0.196726] RPC: Registered named UNIX socket transport module.
[    0.196746] RPC: Registered udp transport module.
[    0.196751] RPC: Registered tcp transport module.
[    0.196756] RPC: Registered tcp NFSv4.1 backchannel transport module.
[    0.196774] PCI: CLS 0 bytes, default 64
[    0.198201] Initialise system trusted keyrings
[    0.209165] workingset: timestamp_bits=14 max_order=17 bucket_order=3
[    0.218115] NFS: Registering the id_resolver key type
[    0.218257] Key type id_resolver registered
[    0.218263] Key type id_legacy registered
[    0.218316] jffs2: version 2.2. (NAND) (SUMMARY)  Â© 2001-2006 Red Hat, Inc.
[    0.219305] Key type asymmetric registered
[    0.219326] Asymmetric key parser 'x509' registered
[    0.219475] io scheduler mq-deadline registered
[    0.219486] io scheduler kyber registered
[    0.219729] io scheduler bfq registered
[    0.232717] hw perfevents: enabled with armv7_cortex_a8 PMU driver, 5 counters available
[    0.240958] l3-aon-clkctrl:0000:0: failed to disable
[    0.241295] Serial: 8250/16550 driver, 6 ports, IRQ sharing enabled
[    0.289555] brd: module loaded
[    0.296932] loop: module loaded
[    0.297816] mtdoops: mtd device (mtddev=name/number) must be supplied
[    0.299306] mdio_bus fixed-0: GPIO lookup for consumer reset
[    0.299331] mdio_bus fixed-0: using lookup tables for GPIO lookup
[    0.299340] mdio_bus fixed-0: No GPIO consumer reset found
[    0.300445] i2c_dev: i2c /dev entries driver
[    0.301342] cpuidle: enable-method property 'ti,am3352' found operations
[    0.301758] sdhci: Secure Digital Host Controller Interface driver
[    0.301767] sdhci: Copyright(c) Pierre Ossman
[    0.301945] sdhci-pltfm: SDHCI platform and OF driver helper
[    0.302197] ledtrig-cpu: registered to indicate activity on CPUs
[    0.302937] Initializing XFRM netlink socket
[    0.303498] NET: Registered PF_INET6 protocol family
[    0.314575] Segment Routing with IPv6
[    0.314654] In-situ OAM (IOAM) with IPv6
[    0.314748] sit: IPv6, IPv4 and MPLS over IPv4 tunneling driver
[    0.315634] NET: Registered PF_PACKET protocol family
[    0.315663] NET: Registered PF_KEY protocol family
[    0.315758] Key type dns_resolver registered
[    0.315873] ThumbEE CPU extension supported.
[    0.315892] Registering SWP/SWPB emulation handler
[    0.316397] omap_voltage_late_init: Voltage driver support not added
[    0.317019] SmartReflex Class3 initialized
[    0.317972] Loading compiled-in X.509 certificates
[    0.378029] /ocp/interconnect@44c00000/segment@200000/target-module@b000/i2c@0/tda19988@70: Fixed dependency cycle(s) with /ocp/interconnect@48000000/segment@300000/target-module@e000/lcdc@0
[    0.384095] /ocp/interconnect@44c00000/segment@200000/target-module@b000/i2c@0/tda19988@70: Fixed dependency cycle(s) with /ocp/interconnect@48000000/segment@300000/target-module@e000/lcdc@0
[    0.391800] /ocp/interconnect@44c00000/segment@200000/target-module@b000/i2c@0/tda19988@70: Fixed dependency cycle(s) with /ocp/interconnect@48000000/segment@300000/target-module@e000/lcdc@0
[    0.392600] /ocp/interconnect@44c00000/segment@200000/target-module@b000/i2c@0/tda19988@70: Fixed dependency cycle(s) with /ocp/interconnect@48000000/segment@300000/target-module@e000/lcdc@0
[    0.395670] /ocp/interconnect@44c00000/segment@200000/target-module@10000/scm@0/pinmux@800: Fixed dependency cycle(s) with /ocp/interconnect@44c00000/segment@200000/target-module@10000/scm@0/pinmux@800/pinmux_clkout2_pin
[    0.396245] pinctrl-single 44e10800.pinmux: 142 pins, size 568
[    0.401137] ti-sysc: probe of 44e31000.target-module failed with error -16
[    0.450181] /ocp/interconnect@48000000/segment@300000/target-module@e000/lcdc@0: Fixed dependency cycle(s) with /ocp/interconnect@44c00000/segment@200000/target-module@b000/i2c@0/tda19988@70
[    0.457329] ti-sysc: probe of 48040000.target-module failed with error -16
[    0.467639] gpio gpiochip0: (gpio-0-31): created GPIO range 0->7 ==> 44e10800.pinmux PIN 0->7
[    0.467676] gpio gpiochip0: (gpio-0-31): created GPIO range 8->11 ==> 44e10800.pinmux PIN 90->93
[    0.467693] gpio gpiochip0: (gpio-0-31): created GPIO range 12->27 ==> 44e10800.pinmux PIN 12->27
[    0.467708] gpio gpiochip0: (gpio-0-31): created GPIO range 28->31 ==> 44e10800.pinmux PIN 30->33
[    0.467774] gpio gpiochip0: (gpio-0-31): not an immutable chip, please consider fixing it!
[    0.502007] gpio gpiochip0: (gpio-0-31): added GPIO chardev (254:0)
[    0.502181] gpio gpiochip0: registered GPIOs 0 to 31 on gpio-0-31
[    0.502266] OMAP GPIO hardware version 0.1
[    0.513951] i2c i2c-2: GPIO lookup for consumer scl
[    0.513981] i2c i2c-2: using device tree for GPIO lookup
[    0.514006] of_get_named_gpiod_flags: can't parse 'scl-gpios' property of node '/ocp/interconnect@48000000/segment@100000/target-module@9c000/i2c@0[0]'
[    0.514050] of_get_named_gpiod_flags: can't parse 'scl-gpio' property of node '/ocp/interconnect@48000000/segment@100000/target-module@9c000/i2c@0[0]'
[    0.514090] i2c i2c-2: using lookup tables for GPIO lookup
[    0.514100] i2c i2c-2: No GPIO consumer scl found
[    0.514121] i2c i2c-2: GPIO lookup for consumer sda
[    0.514128] i2c i2c-2: using device tree for GPIO lookup
[    0.514142] of_get_named_gpiod_flags: can't parse 'sda-gpios' property of node '/ocp/interconnect@48000000/segment@100000/target-module@9c000/i2c@0[0]'
[    0.514178] of_get_named_gpiod_flags: can't parse 'sda-gpio' property of node '/ocp/interconnect@48000000/segment@100000/target-module@9c000/i2c@0[0]'
[    0.514211] i2c i2c-2: using lookup tables for GPIO lookup
[    0.514219] i2c i2c-2: No GPIO consumer sda found
[    0.514866] omap_i2c 4819c000.i2c: bus 2 rev0.11 at 100 kHz
[    0.520143] gpio gpiochip1: (gpio-32-63): created GPIO range 0->17 ==> 44e10800.pinmux PIN 34->51
[    0.520178] gpio gpiochip1: (gpio-32-63): created GPIO range 18->21 ==> 44e10800.pinmux PIN 77->80
[    0.520194] gpio gpiochip1: (gpio-32-63): created GPIO range 22->31 ==> 44e10800.pinmux PIN 56->65
[    0.520258] gpio gpiochip1: (gpio-32-63): not an immutable chip, please consider fixing it!
[    0.533495] gpio gpiochip1: (gpio-32-63): added GPIO chardev (254:1)
[    0.533629] gpio gpiochip1: registered GPIOs 32 to 63 on gpio-32-63
[    0.535722] gpio gpiochip2: (gpio-64-95): created GPIO range 0->4 ==> 44e10800.pinmux PIN 66->70
[    0.535754] gpio gpiochip2: (gpio-64-95): created GPIO range 5->6 ==> 44e10800.pinmux PIN 98->99
[    0.535769] gpio gpiochip2: (gpio-64-95): created GPIO range 7->8 ==> 44e10800.pinmux PIN 75->76
[    0.535785] gpio gpiochip2: (gpio-64-95): created GPIO range 13->13 ==> 44e10800.pinmux PIN 141->141
[    0.535801] gpio gpiochip2: (gpio-64-95): created GPIO range 14->21 ==> 44e10800.pinmux PIN 100->107
[    0.535864] gpio gpiochip2: (gpio-64-95): not an immutable chip, please consider fixing it!
[    0.536318] gpio gpiochip2: (gpio-64-95): added GPIO chardev (254:2)
[    0.536430] gpio gpiochip2: registered GPIOs 64 to 95 on gpio-64-95
[    0.542434] /ocp/interconnect@48000000/segment@300000/target-module@e000/lcdc@0: Fixed dependency cycle(s) with /ocp/interconnect@44c00000/segment@200000/target-module@b000/i2c@0/tda19988@70
[    0.545010] /ocp/interconnect@48000000/segment@300000/target-module@e000/lcdc@0: Fixed dependency cycle(s) with /ocp/interconnect@44c00000/segment@200000/target-module@b000/i2c@0/tda19988@70
[    0.545648] /ocp/interconnect@44c00000/segment@200000/target-module@b000/i2c@0/tda19988@70: Fixed dependency cycle(s) with /ocp/interconnect@48000000/segment@300000/target-module@e000/lcdc@0
[    0.545803] /ocp/interconnect@48000000/segment@300000/target-module@e000/lcdc@0: Fixed dependency cycle(s) with /ocp/interconnect@44c00000/segment@200000/target-module@b000/i2c@0/tda19988@70
[    0.554436] mdio_bus 4a101000.mdio: GPIO lookup for consumer reset
[    0.554465] mdio_bus 4a101000.mdio: using device tree for GPIO lookup
[    0.554487] of_get_named_gpiod_flags: can't parse 'reset-gpios' property of node '/ocp/interconnect@4a000000/segment@0/target-module@100000/switch@0/mdio@1000[0]'
[    0.554535] of_get_named_gpiod_flags: can't parse 'reset-gpio' property of node '/ocp/interconnect@4a000000/segment@0/target-module@100000/switch@0/mdio@1000[0]'
[    0.554580] mdio_bus 4a101000.mdio: using lookup tables for GPIO lookup
[    0.554590] mdio_bus 4a101000.mdio: No GPIO consumer reset found
[    0.555633] sdhci-omap 481d8000.mmc: GPIO lookup for consumer wp
[    0.555655] sdhci-omap 481d8000.mmc: using device tree for GPIO lookup
[    0.555675] of_get_named_gpiod_flags: can't parse 'wp-gpios' property of node '/ocp/interconnect@48000000/segment@100000/target-module@d8000/mmc@0[0]'
[    0.555721] of_get_named_gpiod_flags: can't parse 'wp-gpio' property of node '/ocp/interconnect@48000000/segment@100000/target-module@d8000/mmc@0[0]'
[    0.555758] sdhci-omap 481d8000.mmc: using lookup tables for GPIO lookup
[    0.555767] sdhci-omap 481d8000.mmc: No GPIO consumer wp found
[    0.555951] sdhci-omap 481d8000.mmc: supply pbias not found, using dummy regulator
[    0.556396] sdhci-omap 481d8000.mmc: supply vqmmc not found, using dummy regulator
[    0.612713] davinci_mdio 4a101000.mdio: davinci mdio revision 1.6, bus freq 1000000
[    0.641960] mdio_bus 4a101000.mdio:00: GPIO lookup for consumer reset
[    0.641985] mdio_bus 4a101000.mdio:00: using device tree for GPIO lookup
[    0.642025] of_get_named_gpiod_flags: parsed 'reset-gpios' property of node '/ocp/interconnect@4a000000/segment@0/target-module@100000/switch@0/mdio@1000/ethernet-phy@0[0]' - status (0)
[    0.642191] gpio gpiochip0: Persistence not supported for GPIO 8
[    0.799021] davinci_mdio 4a101000.mdio: phy[0]: device 4a101000.mdio:00, driver SMSC LAN8710/LAN8720
[    0.799617] cpsw-switch 4a100000.switch: initialized cpsw ale version 1.4
[    0.799637] cpsw-switch 4a100000.switch: ALE Table size 1024
[    0.799920] cpsw-switch 4a100000.switch: cpts: overflow check period 500 (jiffies)
[    0.799940] cpsw-switch 4a100000.switch: CPTS: ref_clk_freq:250000000 calc_mult:2147483648 calc_shift:29 error:0 nsec/sec
[    0.800036] cpsw-switch 4a100000.switch: Detected MACID = 6c:ec:eb:68:de:78
[    0.801716] cpsw-switch 4a100000.switch: initialized (regs 0x4a100000, pool size 256) hw_ver:0019010C 1.12 (0)
[    0.811627] debugfs: Directory '49000000.dma' with parent 'dmaengine' already present!
[    0.811667] edma 49000000.dma: TI EDMA DMA engine driver
[    0.849888] gpio-clk clk_mcasp0: GPIO lookup for consumer enable
[    0.849920] gpio-clk clk_mcasp0: using device tree for GPIO lookup
[    0.849959] of_get_named_gpiod_flags: parsed 'enable-gpios' property of node '/clk_mcasp0[0]' - status (0)
[    0.850003] gpio gpiochip0: Persistence not supported for GPIO 27
[    0.850913] gpio gpiochip3: (gpio-96-127): created GPIO range 0->7 ==> 44e10800.pinmux PIN 82->89
[    0.850950] gpio gpiochip3: (gpio-96-127): created GPIO range 8->11 ==> 44e10800.pinmux PIN 52->55
[    0.850966] gpio gpiochip3: (gpio-96-127): created GPIO range 12->15 ==> 44e10800.pinmux PIN 94->97
[    0.850983] gpio gpiochip3: (gpio-96-127): created GPIO range 16->17 ==> 44e10800.pinmux PIN 71->72
[    0.850998] gpio gpiochip3: (gpio-96-127): created GPIO range 18->18 ==> 44e10800.pinmux PIN 135->135
[    0.851016] gpio gpiochip3: (gpio-96-127): created GPIO range 19->20 ==> 44e10800.pinmux PIN 108->109
[    0.851032] gpio gpiochip3: (gpio-96-127): created GPIO range 21->21 ==> 44e10800.pinmux PIN 73->73
[    0.851049] gpio gpiochip3: (gpio-96-127): created GPIO range 22->23 ==> 44e10800.pinmux PIN 8->9
[    0.851066] gpio gpiochip3: (gpio-96-127): created GPIO range 26->27 ==> 44e10800.pinmux PIN 10->11
[    0.851084] gpio gpiochip3: (gpio-96-127): created GPIO range 28->28 ==> 44e10800.pinmux PIN 74->74
[    0.851101] gpio gpiochip3: (gpio-96-127): created GPIO range 29->29 ==> 44e10800.pinmux PIN 81->81
[    0.851119] gpio gpiochip3: (gpio-96-127): created GPIO range 30->31 ==> 44e10800.pinmux PIN 28->29
[    0.851187] gpio gpiochip3: (gpio-96-127): not an immutable chip, please consider fixing it!
[    0.860237] gpio gpiochip3: (gpio-96-127): added GPIO chardev (254:3)
[    0.860379] gpio gpiochip3: registered GPIOs 96 to 127 on gpio-96-127
[    0.861953] omap8250 44e09000.serial: GPIO lookup for consumer rs485-term
[    0.861977] omap8250 44e09000.serial: using device tree for GPIO lookup
[    0.862000] of_get_named_gpiod_flags: can't parse 'rs485-term-gpios' property of node '/ocp/interconnect@44c00000/segment@200000/target-module@9000/serial@0[0]'
[    0.862050] of_get_named_gpiod_flags: can't parse 'rs485-term-gpio' property of node '/ocp/interconnect@44c00000/segment@200000/target-module@9000/serial@0[0]'
[    0.862090] omap8250 44e09000.serial: using lookup tables for GPIO lookup
[    0.862099] omap8250 44e09000.serial: No GPIO consumer rs485-term found
[    0.862148] 44e09000.serial: ttyS0 at MMIO 0x44e09000 (irq = 34, base_baud = 3000000) is a 8250
[    2.169467] printk: console [ttyS0] enabled
[    2.176269] i2c i2c-0: GPIO lookup for consumer scl
[    2.176305] i2c i2c-0: using device tree for GPIO lookup
[    2.176331] of_get_named_gpiod_flags: can't parse 'scl-gpios' property of node '/ocp/interconnect@44c00000/segment@200000/target-module@b000/i2c@0[0]'
[    2.176378] of_get_named_gpiod_flags: can't parse 'scl-gpio' property of node '/ocp/interconnect@44c00000/segment@200000/target-module@b000/i2c@0[0]'
[    2.176419] i2c i2c-0: using lookup tables for GPIO lookup
[    2.176431] i2c i2c-0: No GPIO consumer scl found
[    2.176453] i2c i2c-0: GPIO lookup for consumer sda
[    2.176462] i2c i2c-0: using device tree for GPIO lookup
[    2.176478] of_get_named_gpiod_flags: can't parse 'sda-gpios' property of node '/ocp/interconnect@44c00000/segment@200000/target-module@b000/i2c@0[0]'
[    2.176516] of_get_named_gpiod_flags: can't parse 'sda-gpio' property of node '/ocp/interconnect@44c00000/segment@200000/target-module@b000/i2c@0[0]'
[    2.176552] i2c i2c-0: using lookup tables for GPIO lookup
[    2.176562] i2c i2c-0: No GPIO consumer sda found
[    2.199458] tps65217-pmic: Failed to locate of_node [id: -1]
[    2.215358] tps65217-bl: Failed to locate of_node [id: -1]
[    2.223967] tps65217 0-0024: TPS65217 ID 0xe version 1.2
[    2.229981] /ocp/interconnect@48000000/segment@300000/target-module@e000/lcdc@0: Fixed dependency cycle(s) with /ocp/interconnect@44c00000/segment@200000/target-module@b000/i2c@0/tda19988@70
[    2.247286] /ocp/interconnect@44c00000/segment@200000/target-module@b000/i2c@0/tda19988@70: Fixed dependency cycle(s) with /ocp/interconnect@48000000/segment@300000/target-module@e000/lcdc@0
[    2.264664] omap_i2c 44e0b000.i2c: bus 0 rev0.11 at 400 kHz
[    2.271977] sdhci-omap 48060000.mmc: GPIO lookup for consumer cd
[    2.272008] sdhci-omap 48060000.mmc: using device tree for GPIO lookup
[    2.272049] of_get_named_gpiod_flags: parsed 'cd-gpios' property of node '/ocp/interconnect@48000000/segment@0/target-module@60000/mmc@0[0]' - status (0)
[    2.272172] gpio gpiochip3: Persistence not supported for GPIO 6
[    2.272197] omap_gpio 44e07000.gpio: Could not set line 6 debounce to 200000 microseconds (-22)
[    2.281045] sdhci-omap 48060000.mmc: Got CD GPIO
[    2.285691] sdhci-omap 48060000.mmc: GPIO lookup for consumer wp
[    2.285701] sdhci-omap 48060000.mmc: using device tree for GPIO lookup
[    2.285722] of_get_named_gpiod_flags: can't parse 'wp-gpios' property of node '/ocp/interconnect@48000000/segment@0/target-module@60000/mmc@0[0]'
[    2.285766] of_get_named_gpiod_flags: can't parse 'wp-gpio' property of node '/ocp/interconnect@48000000/segment@0/target-module@60000/mmc@0[0]'
[    2.285805] sdhci-omap 48060000.mmc: using lookup tables for GPIO lookup
[    2.285817] sdhci-omap 48060000.mmc: No GPIO consumer wp found
[    2.286010] sdhci-omap 48060000.mmc: supply pbias not found, using dummy regulator
[    2.294737] sdhci-omap 481d8000.mmc: GPIO lookup for consumer wp
[    2.294770] sdhci-omap 481d8000.mmc: using device tree for GPIO lookup
[    2.294791] of_get_named_gpiod_flags: can't parse 'wp-gpios' property of node '/ocp/interconnect@48000000/segment@100000/target-module@d8000/mmc@0[0]'
[    2.294842] of_get_named_gpiod_flags: can't parse 'wp-gpio' property of node '/ocp/interconnect@48000000/segment@100000/target-module@d8000/mmc@0[0]'
[    2.294880] sdhci-omap 481d8000.mmc: using lookup tables for GPIO lookup
[    2.294891] sdhci-omap 481d8000.mmc: No GPIO consumer wp found
[    2.297983] sdhci-omap 48060000.mmc: supply vqmmc not found, using dummy regulator
[    2.306483] sdhci-omap 481d8000.mmc: supply pbias not found, using dummy regulator
[    2.314688] sdhci-omap 481d8000.mmc: supply vqmmc not found, using dummy regulator
[    2.348628] mmc1: SDHCI controller on 481d8000.mmc [481d8000.mmc] using External DMA
[    2.357429] mmc0: SDHCI controller on 48060000.mmc [48060000.mmc] using External DMA
[    2.366142] cpsw-switch 4a100000.switch: starting ndev. mode: dual_mac
[    2.407625] mmc0: new high speed SDHC card at address 5048
[    2.414519] mmcblk0: mmc0:5048 SD16G 14.4 GiB 
[    2.422293]  mmcblk0: p1 p2
[    2.425519] mmcblk0: p2 size 31221760 extends beyond EOD, truncated
[    2.440047] mmc1: new high speed MMC card at address 0001
[    2.446625] mmcblk1: mmc1:0001 MMC04G 3.60 GiB 
[    2.453755]  mmcblk1: p1 p2
[    2.457869] mmcblk1boot0: mmc1:0001 MMC04G 2.00 MiB 
[    2.464895] mmcblk1boot1: mmc1:0001 MMC04G 2.00 MiB 
[    2.471724] mmcblk1rpmb: mmc1:0001 MMC04G 128 KiB, chardev (250:0)
[    2.519790] SMSC LAN8710/LAN8720 4a101000.mdio:00: attached PHY driver (mii_bus:phy_addr=4a101000.mdio:00, irq=POLL)
[    5.689353] cpsw-switch 4a100000.switch eth0: Link is Up - 100Mbps/Full - flow control off
[    5.697744] IPv6: ADDRCONF(NETDEV_CHANGE): eth0: link becomes ready
[    5.738640] IP-Config: Complete:
[    5.741906]      device=eth0, hwaddr=6c:ec:eb:68:de:78, ipaddr=192.168.255.1, mask=255.255.255.0, gw=255.255.255.255
[    5.752523]      host=bbb1, domain=, nis-domain=(none)
[    5.757688]      bootserver=192.168.255.126, rootserver=192.168.255.126, rootpath=
[    5.758120] clk: Disabling unused clocks
[    5.769971] KTAP version 1
[    5.772700] 1..0
[    5.795985] VFS: Mounted root (nfs filesystem) on device 0:16.
[    5.802973] devtmpfs: mounted
[    5.807318] Freeing unused kernel image (initmem) memory: 1024K
[    5.814027] Run /sbin/init as init process
[    5.818155]   with arguments:
[    5.818165]     /sbin/init
[    5.818173]     nfsrootdebug
[    5.818180]   with environment:
[    5.818186]     HOME=/
[    5.818194]     TERM=linux
[    6.492399] systemd[1]: System time before build time, advancing clock.
[    7.958611] random: crng init done
