Labgrid Console Logfile for main
Logfile started at 2025-09-16 17:39:22.425704
=== Log starts here ===
reading args
spl_load_image_fat_os: error reading image args, err - -1
reading u-boot.img
reading u-boot.img


U-Boot 2014.04-00014-g47880f5 (Apr 22 2014 - 13:23:54)

I2C:   ready
DRAM:  512 MiB
NAND:  0 MiB
MMC:   OMAP SD/MMC: 0, OMAP SD/MMC: 1
*** Warning - readenv() failed, using default environment

Net:   <ethaddr> not set. Validating first E-fuse MAC
cpsw, usb_ether
Hit any key to stop autoboot:  1  0 
gpio: pin 53 (gpio 53) value is 1
mmc0 is current device
gpio: pin 54 (gpio 54) value is 1
SD/MMC found on device 0
reading uEnv.txt
569 bytes read in 4 ms (138.7 KiB/s)
gpio: pin 55 (gpio 55) value is 1
Loaded environment from uEnv.txt
Importing environment from mmc ...
Checking if uenvcmd is set ...
gpio: pin 56 (gpio 56) value is 1
Running uenvcmd ...
cpsw Waiting for PHY auto negotiation to complete. done
link up on port 0, speed 100, full duplex
Using cpsw device
TFTP from server 192.168.255.126; our IP address is 192.168.255.1
Filename 'zImage'.
Load address: 0x81000000
Loading: *#################################################################
	 #################################################################
	 #################################################################
	 #################################################################
	 #################################################################
	 ##############################################################
	 2.4 MiB/s
done
Bytes transferred = 5671072 (5688a0 hex)
link up on port 0, speed 100, full duplex
Using cpsw device
TFTP from server 192.168.255.126; our IP address is 192.168.255.1
Filename 'am335x-boneblack.dtb'.
Load address: 0x82000000
Loading: *#######
	 1.3 MiB/s
done
Bytes transferred = 98148 (17f64 hex)
Kernel image @ 0x81000000 [ 0x000000 - 0x5688a0 ]
## Flattened Device Tree blob at 82000000
   Booting using the fdt blob at 0x82000000
   Using Device Tree in place at 82000000, end 8201af63

Starting kernel ...

[    0.000000] Booting Linux on physical CPU 0x0
[    0.000000] Linux version 6.17.0-rc6-next-20250916 (user01@drvtest01) (arm-none-eabi-gcc (Arm GNU Toolchain 14.2.Rel1 (Build arm-14.52)) 14.2.1 20241119, GNU ld (Arm GNU Toolchain 14.2.Rel1 (Build arm-14.52)) 2.43.1.20241119) #1 SMP Tue Sep 16 17:37:33 EEST 2025
[    0.000000] CPU: ARMv7 Processor [413fc082] revision 2 (ARMv7), cr=10c5387d
[    0.000000] CPU: PIPT / VIPT nonaliasing data cache, VIPT aliasing instruction cache
[    0.000000] OF: fdt: Machine model: TI AM335x BeagleBone Black
[    0.000000] Memory policy: Data cache writeback
[    0.000000] cma: Reserved 16 MiB at 0x9e800000
[    0.000000] Zone ranges:
[    0.000000]   Normal   [mem 0x0000000080000000-0x000000009fdfffff]
[    0.000000]   HighMem  empty
[    0.000000] Movable zone start for each node
[    0.000000] Early memory node ranges
[    0.000000]   node   0: [mem 0x0000000080000000-0x000000009fdfffff]
[    0.000000] Initmem setup node 0 [mem 0x0000000080000000-0x000000009fdfffff]
[    0.000000] On node 0, zone Normal: 512 pages in unavailable ranges
[    0.000000] OF: reserved mem: Reserved memory: No reserved-memory node in the DT
[    0.000000] CPU: All CPU(s) started in SVC mode.
[    0.000000] AM335X ES2.1 (sgx neon)
[    0.000000] percpu: Embedded 17 pages/cpu s39884 r8192 d21556 u69632
[    0.000000] Kernel command line: console=ttyO0,115200n8 root=/dev/nfs rw nfsroot=192.168.255.126:/home/user01/nfs,nfsvers=3 ip=192.168.255.1:192.168.255.126::255.255.255.0:bbb1:eth0 nfsrootdebug
[    0.000000] Unknown kernel command line parameters "nfsrootdebug", will be passed to user space.
[    0.000000] printk: log buffer data + meta data: 65536 + 204800 = 270336 bytes
[    0.000000] Dentry cache hash table entries: 65536 (order: 6, 262144 bytes, linear)
[    0.000000] Inode-cache hash table entries: 32768 (order: 5, 131072 bytes, linear)
[    0.000000] Built 1 zonelists, mobility grouping on.  Total pages: 130560
[    0.000000] mem auto-init: stack:off, heap alloc:off, heap free:off
[    0.000000] SLUB: HWalign=16, Order=0-3, MinObjects=0, CPUs=1, Nodes=1
[    0.000000] rcu: Hierarchical RCU implementation.
[    0.000000] rcu: 	RCU event tracing is enabled.
[    0.000000] rcu: 	RCU restricting CPUs from NR_CPUS=2 to nr_cpu_ids=1.
[    0.000000] 	Tracing variant of Tasks RCU enabled.
[    0.000000] rcu: RCU calculated value of scheduler-enlistment delay is 10 jiffies.
[    0.000000] rcu: Adjusting geometry for rcu_fanout_leaf=16, nr_cpu_ids=1
[    0.000000] RCU Tasks Trace: Setting shift to 0 and lim to 1 rcu_task_cb_adjust=1 rcu_task_cpu_ids=1.
[    0.000000] NR_IRQS: 16, nr_irqs: 16, preallocated irqs: 16
[    0.000000] IRQ: Found an INTC at 0x(ptrval) (revision 5.0) with 128 interrupts
[    0.000000] rcu: srcu_init: Setting srcu_struct sizes based on contention.
[    0.000000] TI gptimer clocksource: always-on /ocp/interconnect@44c00000/segment@200000/target-module@31000
[    0.000002] sched_clock: 32 bits at 24MHz, resolution 41ns, wraps every 89478484971ns
[    0.000025] clocksource: dmtimer: mask: 0xffffffff max_cycles: 0xffffffff, max_idle_ns: 79635851949 ns
[    0.000490] TI gptimer clockevent: 24000000 Hz at /ocp/interconnect@48000000/segment@0/target-module@40000
[    0.002045] Console: colour dummy device 80x30
[    0.002105] WARNING: Your 'console=ttyO0' has been replaced by 'ttyS0'
[    0.002113] This ensures that you still see kernel messages. Please
[    0.002117] update your kernel commandline.
[    0.002159] Calibrating delay loop... 996.14 BogoMIPS (lpj=4980736)
[    0.090600] CPU: Testing write buffer coherency: ok
[    0.090684] CPU0: Spectre v2: using BPIALL workaround
[    0.090694] pid_max: default: 32768 minimum: 301
[    0.090866] LSM: initializing lsm=capability
[    0.091032] Mount-cache hash table entries: 1024 (order: 0, 4096 bytes, linear)
[    0.091051] Mountpoint-cache hash table entries: 1024 (order: 0, 4096 bytes, linear)
[    0.092640] CPU0: thread -1, cpu 0, socket -1, mpidr 0
[    0.092699] cacheinfo: Unable to detect cache hierarchy for CPU 0
[    0.094707] Setting up static identity map for 0x80100000 - 0x80100078
[    0.095021] rcu: Hierarchical SRCU implementation.
[    0.095031] rcu: 	Max phase no-delay instances is 1000.
[    0.096716] smp: Bringing up secondary CPUs ...
[    0.096771] smp: Brought up 1 node, 1 CPU
[    0.096784] SMP: Total of 1 processors activated (996.14 BogoMIPS).
[    0.096794] CPU: All CPU(s) started in SVC mode.
[    0.096995] Memory: 480872K/522240K available (11264K kernel code, 1222K rwdata, 2948K rodata, 1024K init, 254K bss, 23332K reserved, 16384K cma-reserved, 0K highmem)
[    0.097817] devtmpfs: initialized
[    0.115012] VFP support v0.3: implementor 41 architecture 3 part 30 variant c rev 3
[    0.115645] clocksource: jiffies: mask: 0xffffffff max_cycles: 0xffffffff, max_idle_ns: 19112604462750000 ns
[    0.115704] posixtimers hash table entries: 512 (order: 0, 4096 bytes, linear)
[    0.115731] futex hash table entries: 256 (16384 bytes on 1 NUMA nodes, total 16 KiB, linear).
[    0.116862] pinctrl core: initialized pinctrl subsystem
[    0.118963] NET: Registered PF_NETLINK/PF_ROUTE protocol family
[    0.122039] DMA: preallocated 256 KiB pool for atomic coherent allocations
[    0.122653] audit: initializing netlink subsys (disabled)
[    0.123986] thermal_sys: Registered thermal governor 'fair_share'
[    0.124000] thermal_sys: Registered thermal governor 'step_wise'
[    0.124010] thermal_sys: Registered thermal governor 'user_space'
[    0.124115] audit: type=2000 audit(0.120:1): state=initialized audit_enabled=0 res=1
[    0.124184] cpuidle: using governor menu
[    0.142677] /ocp/interconnect@44c00000/segment@200000/target-module@b000/i2c@0/tda19988@70: Fixed dependency cycle(s) with /ocp/interconnect@48000000/segment@300000/target-module@e000/lcdc@0
[    0.143776] /ocp/interconnect@48000000/segment@300000/target-module@e000/lcdc@0: Fixed dependency cycle(s) with /ocp/interconnect@44c00000/segment@200000/target-module@b000/i2c@0/tda19988@70
[    0.146005] No ATAGs?
[    0.146043] hw-breakpoint: debug architecture 0x4 unsupported.
[    0.149124] kprobes: kprobe jump-optimization is enabled. All kprobes are optimized if possible.
[    0.153778] iommu: Default domain type: Translated
[    0.153801] iommu: DMA domain TLB invalidation policy: strict mode
[    0.161570] SCSI subsystem initialized
[    0.162428] pps_core: LinuxPPS API ver. 1 registered
[    0.162439] pps_core: Software ver. 5.3.6 - Copyright 2005-2007 Rodolfo Giometti <giometti@linux.it>
[    0.162464] PTP clock support registered
[    0.171313] vgaarb: loaded
[    0.171681] clocksource: Switched to clocksource dmtimer
[    0.172360] VFS: Disk quotas dquot_6.6.0
[    0.172420] VFS: Dquot-cache hash table entries: 1024 (order 0, 4096 bytes)
[    0.197536] NET: Registered PF_INET protocol family
[    0.197877] IP idents hash table entries: 8192 (order: 4, 65536 bytes, linear)
[    0.199295] tcp_listen_portaddr_hash hash table entries: 512 (order: 0, 4096 bytes, linear)
[    0.199333] Table-perturb hash table entries: 65536 (order: 6, 262144 bytes, linear)
[    0.199353] TCP established hash table entries: 4096 (order: 2, 16384 bytes, linear)
[    0.199399] TCP bind hash table entries: 4096 (order: 4, 65536 bytes, linear)
[    0.199498] TCP: Hash tables configured (established 4096 bind 4096)
[    0.199622] UDP hash table entries: 256 (order: 1, 14336 bytes, linear)
[    0.199659] UDP-Lite hash table entries: 256 (order: 1, 14336 bytes, linear)
[    0.199879] NET: Registered PF_UNIX/PF_LOCAL protocol family
[    0.202488] RPC: Registered named UNIX socket transport module.
[    0.202511] RPC: Registered udp transport module.
[    0.202517] RPC: Registered tcp transport module.
[    0.202522] RPC: Registered tcp-with-tls transport module.
[    0.202526] RPC: Registered tcp NFSv4.1 backchannel transport module.
[    0.202552] PCI: CLS 0 bytes, default 64
[    0.203985] Initialise system trusted keyrings
[    0.212327] workingset: timestamp_bits=14 max_order=17 bucket_order=3
[    0.213780] NFS: Registering the id_resolver key type
[    0.213855] Key type id_resolver registered
[    0.213863] Key type id_legacy registered
[    0.213970] jffs2: version 2.2. (NAND) (SUMMARY)  Â© 2001-2006 Red Hat, Inc.
[    0.214439] Key type asymmetric registered
[    0.214454] Asymmetric key parser 'x509' registered
[    0.214530] io scheduler mq-deadline registered
[    0.214541] io scheduler kyber registered
[    0.214630] io scheduler bfq registered
[    0.216508] target-module@4b000000:target-module@140000:pmu@0:fck: device ID is greater than 24
[    0.222703] l3-aon-clkctrl:0000:0: failed to disable
[    0.232307] ledtrig-cpu: registered to indicate activity on CPUs
[    0.236074] Serial: 8250/16550 driver, 6 ports, IRQ sharing enabled
[     0.282734] brd: module loaded
[    0.291369] loop: module loaded
[    0.292483] mtdoops: mtd device (mtddev=name/number) must be supplied
[    0.295521] i2c_dev: i2c /dev entries driver
[    0.296542] cpuidle: enable-method property 'ti,am3352' found operations
[    0.296996] sdhci: Secure Digital Host Controller Interface driver
[    0.297007] sdhci: Copyright(c) Pierre Ossman
[    0.297192] sdhci-pltfm: SDHCI platform and OF driver helper
[    0.317541] hw perfevents: enabled with armv7_cortex_a8  PMU driver, 5 (8000000f) counters available
[    0.318106] Initializing XFRM netlink socket
[    0.318292] NET: Registered PF_INET6 protocol family
[    0.323955] l3-aon-clkctrl:0000:0: failed to disable
[    0.325552] Segment Routing with IPv6
[    0.325635] In-situ OAM (IOAM) with IPv6
[    0.325733] sit: IPv6, IPv4 and MPLS over IPv4 tunneling driver
[    0.326710] NET: Registered PF_PACKET protocol family
[    0.326738] NET: Registered PF_KEY protocol family
[    0.326876] Key type dns_resolver registered
[    0.327100] ThumbEE CPU extension supported.
[    0.327120] Registering SWP/SWPB emulation handler
[    0.327645] omap_voltage_late_init: Voltage driver support not added
[    0.328310] SmartReflex Class3 initialized
[    0.358496] Loading compiled-in X.509 certificates
[    0.405432] /ocp/interconnect@44c00000/segment@200000/target-module@b000/i2c@0/tda19988@70: Fixed dependency cycle(s) with /ocp/interconnect@48000000/segment@300000/target-module@e000/lcdc@0
[    0.412022] /ocp/interconnect@44c00000/segment@200000/target-module@b000/i2c@0/tda19988@70: Fixed dependency cycle(s) with /ocp/interconnect@48000000/segment@300000/target-module@e000/lcdc@0
[    0.452647] /ocp/interconnect@44c00000/segment@200000/target-module@b000/i2c@0/tda19988@70: Fixed dependency cycle(s) with /ocp/interconnect@48000000/segment@300000/target-module@e000/lcdc@0
[    0.453569] /ocp/interconnect@44c00000/segment@200000/target-module@b000/i2c@0/tda19988@70: Fixed dependency cycle(s) with /ocp/interconnect@48000000/target-module@e000/lcdc@0
[    0.457136] /ocp/interconnect@44c00000/segment@200000/target-module@10000/scm@0/pinmux@800: Fixed dependency cycle(s) with /ocp/interconnect@44c00000/segment@200000/target-module@10000/scm@0/pinmux@800/clkout2-pins
[    0.457723] pinctrl-single 44e10800.pinmux: 142 pins, size 568
[    0.463281] ti-sysc 44e31000.target-module: probe with driver ti-sysc failed with error -16
[    0.489010] /ocp/interconnect@48000000/segment@300000/target-module@e000/lcdc@0: Fixed dependency cycle(s) with /ocp/interconnect@44c00000/segment@200000/target-module@b000/i2c@0/tda19988@70
[    0.497481] ti-sysc 48040000.target-module: probe with driver ti-sysc failed with error -16
[    0.536625] OMAP GPIO hardware version 0.1
[    0.572305] omap_i2c 4819c000.i2c: bus 2 rev0.11 at 100 kHz
[    0.616723] 48000000.interconnect:segment@200000:target-module@0:mpu@0:fck: device ID is greater than 24
[    0.617627] /ocp/interconnect@48000000/segment@300000/target-module@e000/lcdc@0: Fixed dependency cycle(s) with /ocp/interconnect@44c00000/segment@200000/target-module@b000/i2c@0/tda19988@70
[    0.620562] /ocp/interconnect@48000000/segment@300000/target-module@e000/lcdc@0: Fixed dependency cycle(s) with /ocp/interconnect@44c00000/segment@200000/target-module@b000/i2c@0/tda19988@70
[    0.621280] /ocp/interconnect@44c00000/segment@200000/target-module@b000/i2c@0/tda19988@70: Fixed dependency cycle(s) with /ocp/interconnect@48000000/segment@300000/target-module@e000/lcdc@0
[    0.621441] /ocp/interconnect@48000000/segment@300000/target-module@e000/lcdc@0: Fixed dependency cycle(s) with /ocp/interconnect@44c00000/segment@200000/target-module@b000/i2c@0/tda19988@70
[    0.648259] sdhci-omap 481d8000.mmc: supply pbias not found, using dummy regulator
[    0.648752] sdhci-omap 481d8000.mmc: supply vqmmc not found, using dummy regulator
[    0.690508] davinci_mdio 4a101000.mdio: davinci mdio revision 1.6, bus freq 1000000
[    0.865425] davinci_mdio 4a101000.mdio : phy[0]: device 4a101000.mdio:00, driver SMSC LAN8710/LAN8720
[    0.866194] cpsw-switch 4a100000.switch: initialized cpsw ale version 1.4
[    0.866217] cpsw-switch 4a100000.switch: ALE Table size 1024, Policers 0
[    0.866377] cpsw-switch 4a100000.switch: cpts: overflow check period 500 (jiffies)
[    0.866392] cpsw-switch 4a100000.switch: CPTS: ref_clk_freq:250000000 calc_mult:2147483648 calc_shift:29 error:0 nsec/sec
[    0.866497] cpsw-switch 4a100000.switch: Detected MACID = 6c:ec:eb:68:de:78 
[    0.868376] cpsw-switch 4a100000.switch: initialized (regs 0x4a100000, pool size 256) hw_ver:0019010C 1.12 (0)
[    0.879572] debugfs: '49000000.dma' already exists in 'dmaengine'
[    0.879615] edma 49000000.dma: TI EDMA DMA engine driver
[    0.956634] 44e09000.serial: ttyS0 at MMIO 0x44e09000 (irq = 34, base_baud = 3000000) is a 8250
[    0.956723] printk: legacy console [ttyS0] enabled
[    2.442625] tps65217-pmic: Failed to locate of_node [id: -1]
[    2.448688] tps65217-bl: Failed to locate of_node [id: -1]
[    2.454767] platform tps65217-charger: DMA mask not set
[    2.460798] platform tps65217-pwrbutton: DMA mask not set
[    2.468065] tps65217 0-0024: TPS65217 ID 0xe version 1.2
[    2.474177] /ocp/interconnect@48000000/segment@300000/target-module@e000/lcdc@0: Fixed dependency cycle(s) with /ocp/interconnect@44c00000/segment@200000/target-module@b000/i2c@0/tda19988@70
[    2.491587] /ocp/interconnect@44c00000/segment@200000/target-module@b000/i2c@0/tda19988@70: Fixed dependency cycle(s) with /ocp/interconnect@48000000/segment@300000/target-module@e000/lcdc@0
[    2.508979] omap_i2c 44e0b000.i2c: bus 0 rev0.11 at 400 kHz
[    2.516930] omap_gpio 44e07000.gpio: Could not set line 6 debounce to 200000 microseconds (-22)
[    2.525808] sdhci-omap 48060000.mmc: Got CD GPIO
[    2.530811] sdhci-omap 48060000.mmc: supply pbias not found, using dummy regulator
[    2.541203] sdhci-omap 48060000.mmc: supply vqmmc not found, using dummy regulator
[    2.550013] sdhci-omap 481d8000.mmc: sup
[    2.681985] mmc1: new high speed MMC card at address 0001
[    2.688822] mmcblk1: mmc1:0001 MMC04G 3.60 GiB
[    2.696726]  mmcblk1: p1 p2
[    2.700460] SMSC LAN8710/LAN8720 4a101000.mdio:00: attached PHY driver (mii_bus:phy_addr=4a101000.mdio:00, irq=POLL)
[    2.712052] mmcblk1boot0: mmc1:0001 MMC04G 2.00 MiB
[    2.727033] mmcblk1boot1: mmc1:0001 MMC04G 2.00 MiB
[    2.735923] mmcblk1rpmb: mmc1:0001 MMC04G 128 KiB, chardev (249:0)
[    2.784766] mmc0: new high speed SDHC card at address aaaa
[    2.791610] mmcblk0: mmc0:aaaa SE32G 29.7 GiB
[    2.800919]  mmcblk0: p1 p2
[    5.842463] cpsw-switch 4a100000.switch eth0: Link is Up - 100Mbps/Full - flow control off
[    5.881931] IP-Config: Complete:
[    5.885211]      device=eth0, hwaddr=6c:ec:eb:68:de:78, ipaddr=192.168.255.1, mask=255.255.255.0, gw=255.255.255.255
[    5.895888]      host=bbb1, domain=, nis-domain=(none)
[    5.901057]      bootserver=192.168.255.126, rootserver=192.168.255.126, rootpath=
[    5.901491] clk: Disabling unused clocks
[    5.913327] PM: genpd: Disabling unused power domains
[    5.918480] KTAP version 1
[    5.921203] 1..0
[    5.923710] check access for rdinit=/init failed: -2, ignoring
[    5.951935] VFS: Mounted root (nfs filesystem) on device 0:17.
[    5.958802] devtmpfs: mounted
[    5.963601] Freeing unused kernel image (initmem) memory: 1024K
[    5.970223] Run /sbin/init as init process
[    6.649073] systemd[1]: System time before build time, advancing clock.
[    8.201702] random: crng init done
[    8.224313] systemd[1]: systemd 232 running in system mode. (+PAM +AUDIT +SELINUX +IMA +APPARMOR +SMACK +SYSVINIT +UTMP +LIBCRYPTSETUP +GCRYPT +GNUTLS +ACL +XZ +LZ4 +SECCOMP +BLKID +ELFUTILS +KMOD +IDN)
[    8.243405] systemd[1]: Detected architecture arm.

Welcome to [1mDebian GNU/Linux 9 (stretch)[0m!

[    8.274834] systemd[1]: Set hostname to <arm>.
[    9.374976] systemd[1]: Created slice User and Session Slice.
[[0;32m  OK  [0m] Created slice User and Session Slice.
[    9.402111] systemd[1]: Reached target Remote File Systems.
[[0;32m  OK  [0m] Reached target Remote File Systems.
[    9.432552] systemd[1]: Started Forward Password Requests to Wall Directory Watch.
[[0;32m  OK  [0m] Started Forward Password Requests to Wall Directory Watch.
[    9.464712] systemd[1]: Listening on udev Kernel Socket.
[[0;32m  OK  [0m] Listening on udev Kernel Socket.
[    9.492097] systemd[1]: Reached target Swap.
[[0;32m  OK  [0m] Reached target Swap.
[    9.513504] systemd[1]: syslog.socket: SO_PASSSEC failed: Operation not supported
[    9.521230] systemd[1]: Listening on Syslog Socket.
[[0;32m  OK  [0m] Listening on Syslog Socket.
[[0;32m  OK  [0m] Listening on /dev/initctl Compatibility Named Pipe.
[[0;32m  OK  [0m] Set up automount Arbitrary Executabâ€¦rmats File System Automount Point.
[[0;32m  OK  [0m] Created slice System Slice.
[[0;32m  OK  [0m] Created slice system-serial\x2dgetty.slice.
         Mounting Debug File System...
[[0;32m  OK  [0m] Created slice system-getty.slice.
         Mounting POSIX Message Queue File System...
[[0;32m  OK  [0m] Reached target Slices.
[[0;32m  OK  [0m] Started Dispatch Password Requests to Console Directory Watch.
[[0;32m  OK  [0m] Reached target Paths.
[[0;32m  OK  [0m] Reached target Encrypted Volumes.
[[0;32m  OK  [0m] Listening on Journal Audit Socket.
[[0;32m  OK  [0m] Listening on udev Control Socket.
[[0;32m  OK  [0m] Listening on Journal Socket.
         Starting Remount Root and Kernel File Systems...
         Starting Load Kernel Modules...
         Starting Create list of required stâ€¦ce nodes for the current kernel...
[[0;32m  OK  [0m] Listening on Journal Socket (/dev/log).
         Starting Journal Service...
[[0;32m  OK  [0m] Mounted POSIX Message Queue File System.
[[0;32m  OK  [0m] Mounted Debug File System.
[[0;32m  OK  [0m] Started Remount Root and Kernel File Systems.
[[0;32m  OK  [0m] Started Create list of required staâ€¦vice nodes for the current kernel.
         Starting Create Static Device Nodes in /dev...
         Starting udev Coldplug all Devices...
         Starting Load/Save Random Seed...
[[0;32m  OK  [0m] Started Load Kernel Modules.
         Starting Apply Kernel Variables...
         Mounting Configuration File System...
[[0;32m  OK  [0m] Mounted Configuration File System.
[[0;32m  OK  [0m] Started Load/Save Random Seed.
[[0;32m  OK  [0m] Started Apply Kernel Variables.
[[0;32m  OK  [0m] Started Create Static Device Nodes in /dev.
[[0;32m  OK  [0m] Reached target Local File Systems (Pre).
[[0;32m  OK  [0m] Reached target Local File Systems.
         Starting Raise network interfaces...
         Starting udev Kernel Device Manager...
[[0;32m  OK  [0m] Started Journal Service.
         Starting Flush Journal to Persistent Storage...
[   11.842249] systemd-journald[93]: Received request to flush runtime journal from PID 1
[[0;32m  OK  [0m] Started Flush Journal to Persistent Storage.
         Starting Create Volatile Files and Directories...
[[0;32m  OK  [0m] Started udev Kernel Device Manager.
[   12.649969] omap_prm 44e00d00.prm: sync_state() pending due to 44d00000.cpu
[[0;32m  OK  [0m] Started Create Volatile Files and Directories.
         Starting Update UTMP about System Boot/Shutdown...
         Starting Network Time Synchronization...
[[0;32m  OK  [0m] Started Update UTMP about System Boot/Shutdown.
[[0;32m  OK  [0m] Started udev Coldplug all Devices.
[   14.822972] remoteproc remoteproc0: wkup_m3 is available
[   15.114227] omap_rtc 44e3e000.rtc: registered as rtc0
[   15.119408] omap_rtc 44e3e000.rtc: setting system clock to 2000-01-01T00:00:00 UTC (946684800)
[   15.223446] omap_wdt: OMAP Watchdog Timer Rev 0x01: initial timeout 60 sec
[   15.458901] am335x-phy-driver 47401300.usb-phy: dummy supplies not allowed for exclusive requests (id=vbus)
[   15.575827] at24 2-0054: supply vcc not found, using dummy regulator
[   15.644234] input: tps65217_pwrbutton as /devices/platform/ocp/44c00000.interconnect/44c00000.interconnect:segment@200000/44e0b000.target-module/44e0b000.i2c/i2c-0/0-0024/tps65217-pwrbutton/input/input0
[   15.722221] at24 2-0055: supply vcc not found, using dummy regulator
[[0;32m  OK  [0m] Found device /dev/ttyS0.
[[0;32m  OK  [0m] Started Network Time Synchronization.
[   15.882160] at24 2-0056: supply vcc not found, using dummy regulator
[[0;32m  OK  [0m] Reached target System Time Synchronized.
[   15.924263] am335x-phy-driver 47401b00.usb-phy: dummy supplies not allowed for exclusive requests (id=vbus)
[[0;32m  OK  [0m] Reached target System Initialization.
[[0;32m  OK  [0m] Started Daily Cleanup of Temporary Directories.
[   16.012067] at24 2-0057: supply vcc not found, using dummy regulator
[[0;32m  OK  [0m] Started Daily apt download activities.
[[0;32m  OK  [0m] Started Daily apt upgrade and clean activities.
[[0;32m  OK  [0m] Reached target Timers.
[   16.160285] at24 0-0050: 32768 byte 24c256 EEPROM, writable, 1 bytes/write
[[0;32m  OK  [0m] Listening on Avahi mDNS/DNS-SD Stack Activation Socket.
[[0;32m  OK  [0m] Listening on D-Bus System Message Bus Socket.
[[0;32m  OK  [0m] Reached target Sockets.
[[0;32m  OK  [0m] Reached target Basic System.
         Starting Generic Board Startup...
[[0;32m  OK  [0m] Started D-Bus System Message Bus.
[   16.987806] usbcore: registered new interface driver usbfs
[   16.993656] usbcore: registered new interface driver hub
[   16.999098] usbcore: registered new device driver usb
[   17.707095] musb-hdrc musb-hdrc.1: MUSB HDRC host driver
[   17.712973] musb-hdrc musb-hdrc.1: new USB bus registered, assigned bus number 1
[   17.787162] usb usb1: New USB device found, idVendor=1d6b, idProduct=0002, bcdDevice= 6.17
[   17.795661] usb usb1: New USB device strings: Mfr=3, Product=2, SerialNumber=1
[   17.803009] usb usb1: Product: MUSB HDRC host driver
[   17.808196] usb usb1: Manufacturer: Linux 6.17.0-rc6-next-20250916 musb-hcd
[   17.815275] usb usb1: SerialNumber: musb-hdrc.1
[   17.954698] omap-mailbox 480c8000.mailbox: omap mailbox rev 0x400
[   18.008059] tda998x 0-0070: found TDA19988
[   18.045381] remoteproc remoteproc0: powering up wkup_m3
[   18.197439] hub 1-0:1.0: USB hub found
[   18.242526] remoteproc remoteproc0: Direct firmware load for am335x-pm-firmware.elf failed with error -2
[   18.252284] remoteproc remoteproc0: request_firmware failed: -2
[   18.258247] wkup_m3_ipc 44e11324.wkup_m3_ipc: rproc_boot failed
[   18.277034] hub 1-0:1.0: 1 port detected
[   20.112062] omap_rng 48310000.rng: Random Number Generator ver. 20
[   20.300055] tilcdc 4830e000.lcdc: bound 0-0070 (ops tda998x_audio_codec_init [tda998x])
[   20.432290] [drm] Initialized tilcdc 1.0.0 for 4830e000.lcdc on minor 0
[   20.521934] tilcdc 4830e000.lcdc: [drm] Cannot find any crtc or sizes
[   20.585501] tilcdc 4830e000.lcdc: [drm] Cannot find any crtc or sizes
         Starting Connection service...
[[0;32m  OK  [0m] Started Regular background program processing daemon.
         Starting DUN service...
         Starting LSB: Start busybox udhcpd at boot time...
         Starting Cape Manager Service...
         Starting System Logging Service...
[   21.737017] PM: Cannot get wkup_m3_ipc handle
         Starting Avahi mDNS/DNS-SD Stack...
[   21.788577] omap-sham 53100000.sham: hw accel on OMAP rev 4.3
         Starting Telephony service...
[   21.942957] omap-sham 53100000.sham: will run requests pump with realtime priority
[   21.952291] PM: Cannot get wkup_m3_ipc handle
         Starting LSB: Load kernel modules needed to enable cpufreq scaling...
         Starting Login Service...
[   22.306523] omap-aes 53500000.aes: OMAP AES hw accel rev: 3.2
[   22.510882] omap-aes 53500000.aes: will run requests pump with realtime priority
[   22.530654] PM: Cannot get wkup_m3_ipc handle
[[0;32m  OK  [0m] Started Cape Manager Service.
[[0;32m  OK  [0m] Started System Logging Service.
[   25.457928] ------------[ cut here ]------------
[   25.462771] WARNING: net/8021q/vlan_core.c:236 at vlan_for_each+0x114/0x134, CPU#0: avahi-daemon/319
[   25.472085] RTNL: assertion failed at net/8021q/vlan_core.c (236)
[   25.478216] Modules linked in: bluetooth(+) ecdh_generic ecc snd_soc_simple_card omap_aes_driver snd_soc_simple_card_utils omap_crypto libaes omap_sham pm33xx crypto_engine ti_emif_sram tilcdc omap_rng drm_dma_helper rng_core drm_client_lib snd_soc_davinci_mcasp snd_soc_ti_udma snd_soc_ti_edma snd_soc_ti_sdma snd_soc_core snd_pcm_dmaengine snd_pcm omap_mailbox snd_timer tda998x snd musb_dsps cec musb_hdrc soundcore udc_core drm_kms_helper usbcore drm wkup_m3_ipc drm_panel_orientation_quirks tps65218_pwrbutton at24 phy_am335x phy_am335x_control phy_generic usb_common omap_wdt cppi41 rtc_omap watchdog wkup_m3_rproc leds_gpio cpufreq_dt led_class autofs4
[   25.536544] CPU: 0 UID: 107 PID: 319 Comm: avahi-daemon Not tainted 6.17.0-rc6-next-20250916 #1 NONE 
[   25.536561] Hardware name: Generic AM33XX (Flattened Device Tree)
[   25.536570] Call trace: 
[   25.536587]  unwind_backtrace from show_stack+0x10/0x14
[   25.536624]  show_stack from dump_stack_lvl+0x50/0x64
[   25.536649]  dump_stack_lvl from __warn+0x88/0x148
[   25.536669]  __warn from warn_slowpath_fmt+0x19c/0x1b0
[   25.536682]  warn_slowpath_fmt from vlan_for_each+0x114/0x134
[   25.536701]  vlan_for_each from cpsw_add_mc_addr+0x40/0xa4
[   25.536721]  cpsw_add_mc_addr from __hw_addr_ref_sync_dev+0x108/0x140
[   25.536745]  __hw_addr_ref_sync_dev from __dev_mc_add+0x7c/0x80
[   25.536765]  __dev_mc_add from igmp6_group_added+0xc8/0xe0
[   25.536787]  igmp6_group_added from __ipv6_dev_mc_inc+0x218/0x364
[   25.536802]  __ipv6_dev_mc_inc from __ipv6_sock_mc_join+0x11c/0x1c0
[   25.536817]  __ipv6_sock_mc_join from do_ipv6_setsockopt+0x1214/0x1310
[   25.536842]  do_ipv6_setsockopt from ipv6_setsockopt+0x60/0xcc
[   25.536861]  ipv6_setsockopt from udpv6_setsockopt+0x2c/0x6c
[   25.536882]  udpv6_setsockopt from sock_common_setsockopt+0x30/0x40
[   25.536911]  sock_common_setsockopt from do_sock_setsockopt+0x50/0x9c
[   25.536930]  do_sock_setsockopt from __sys_setsockopt+0x70/0xbc
[   25.536946]  __sys_setsockopt from ret_fast_syscall+0x0/0x58
[   25.536961] Exception stack(0xe0121fa8 to 0xe0121ff0)
[   25.536976] 1fa0:                   00000014 b6f4ece8 0000000d 00000029 00000014 bea139ec
[   25.536988] 1fc0: 00000014 b6f4ece8 00000014 00000126 0000000d b6ef7ff4 004fe988 004e6558
[   25.536996] 1fe0: b6f0d088 bea139d8 b6eea309 b6dc141a
[   25.537004] ---[ end trace 0000000000000000 ]---
[   25.732510] Bluetooth: Core ver 2.22
[   25.736339] NET: Registered PF_BLUETOOTH protocol family
[   25.741801] Bluetooth: HCI device and connection manager initialized
[   25.748218] Bluetooth: HCI socket layer initialized
[   25.753181] Bluetooth: L2CAP socket layer initialized
[   25.758294] Bluetooth: SCO socket layer initialized
[   26.254453] PM: Cannot get wkup_m3_ipc handle
[   26.328646] PM: Cannot get wkup_m3_ipc handle
[   26.373752] gpio-537 (nxp,calib): gpiod_direction_output_nonotify: tried to set a GPIO tied to an IRQ as output
[   26.440317] tda9950 0-0034: TDA9950 CEC interface, hardware version 3.3
[   26.526711] PM: Cannot get wkup_m3_ipc handle
[[0;32m  OK  [0m] Started Raise network interfaces.
[[0;32m  OK  [0m] Started LSB: Start busybox udhcpd at boot time.
[   28.797100] configfs-gadget.g_multi gadget.0: HOST MAC 1c:ba:8c:a2:ed:6c
[   28.804143] configfs-gadget.g_multi gadget.0: MAC 1c:ba:8c:a2:ed:70
[   28.811500] configfs-gadget.g_multi gadget.0: HOST MAC 1c:ba:8c:a2:ed:6c
[   28.818370] configfs-gadget.g_multi gadget.0: MAC 1c:ba:8c:a2:ed:6d
[   28.832795] PM: Cannot get wkup_m3_ipc handle
[[0;32m  OK  [0m] Started LSB: Load kernel modules needed to enable cpufreq scaling.
[[0;32m  OK  [0m] Started DUN service.
[[0;32m  OK  [0m] Started Telephony service.
[[0;32m  OK  [0m] Started Connection service.
[[0;32m  OK  [0m] Started Avahi mDNS/DNS-SD Stack.
[[0;32m  OK  [0m] Started Login Service.
         Starting Hostname Service...
         Starting WPA supplicant...
[[0;32m  OK  [0m] Reached target Sound Card.
         Starting LSB: set CPUFreq kernel parameters...
[[0;32m  OK  [0m] Started WPA supplicant.
[[0;32m  OK  [0m] Started Hostname Service.
         Stopping LSB: Start busybox udhcpd at boot time...
[[0;32m  OK  [0m] Reached target Network.
         Starting The Apache HTTP Server...
         Starting OpenBSD Secure Shell server...
         Starting Permit User Sessions...
[[0;32m  OK  [0m] Reached target Network is Online.
         Starting LSB: Advanced IEEE 802.11 management daemon...
[[0;32m  OK  [0m] Started LSB: set CPUFreq kernel parameters.
[[0;32m  OK  [0m] Started LSB: Advanced IEEE 802.11 management daemon.
[[0;32m  OK  [0m] Started Permit User Sessions.
[[0;32m  OK  [0m] Started Serial Getty on ttyS0.
[[0;32m  OK  [0m] Started Getty on tty1.
[[0;32m  OK  [0m] Reached target Login Prompts.
[[0;32m  OK  [0m] Stopped LSB: Start busybox udhcpd at boot time.
[[0;32m  OK  [0m] Started OpenBSD Secure Shell server.
         Starting dnsmasq - A lightweight DHCP and caching DNS server...
[[0;32m  OK  [0m] Started The Apache HTTP Server.
[[0;32m  OK  [0m] Started dnsmasq - A lightweight DHCP and caching DNS server.
[[0;32m  OK  [0m] Reached target Host and Network Name Lookups.
[[0;32m  OK  [0m] Started Serial Getty on ttyGS0.
[[0;32m  OK  [0m] Started Generic Board Startup.
[[0;32m  OK  [0m] Reached target Multi-User System.
[[0;32m  OK  [0m] Reached target Graphical Interface.
         Starting Update UTMP about System Runlevel Changes...
[[0;32m  OK  [0m] Started Update UTMP about System Runlevel Changes.

Debian GNU/Linux 9 arm ttyS0

default username:password is [debian:temppwd]

arm login: root
Password: 
Last login: Sat Dec  9 19:10:42 UTC 2017 on ttyS0
root
Linux arm 6.17.0-rc6-next-20250916 #1 SMP Tue Sep 16 17:37:33 EEST 2025 armv7l

The programs included with the Debian GNU/Linux system are free software;
the exact distribution terms for each program are described in the
individual files in /usr/share/doc/*/copyright.

Debian GNU/Linux comes with ABSOLUTELY NO WARRANTY, to the extent
permitted by applicable law.
root@arm:~# root
-bash: root: command not found
root@arm:~# dmesg -n 1
echo 'EBQA''QSOUWP'
root@arm:~# echo 'EBQA''QSOUWP'
EBQAQSOUWP
root@arm:~# run() { echo -n "$MARKER"; sh -c "$@"; echo "$MARKER $?"; }
root@arm:~# echo 'GYLZ''VUSOLV'
GYLZVUSOLV
root@arm:~# MARKER='KCZA''NAUVQU' run 'cat /proc/version'
KCZANAUVQULinux version 6.17.0-rc6-next-20250916 (user01@drvtest01) (arm-none-eabi-gcc (Arm GNU Toolchain 14.2.Rel1 (Build arm-14.52)) 14.2.1 20241119, GNU ld (Arm GNU Toolchain 14.2.Rel1 (Build arm-14.52)) 2.43.1.20241119) #1 SMP Tue Sep 16 17:37:33 EEST 2025
KCZANAUVQU 0
root@arm:~# echo 'MVTQ''QVUUPV'
MVTQQVUUPV
root@arm:~# MARKER='TOAA''HXSLVV' run false
TOAAHXSLVVTOAAHXSLVV 1
root@arm:~# Labgrid Console Logfile for main
Logfile started at 2025-09-16 17:40:26.260380
=== Log starts here ===

root@arm:~# run() { echo -n "$MARKER"; sh -c "$@"; echo "$MARKER $?"; }
root@arm:~# echo 'OWFL''VKOTYL'
OWFLVKOTYL
root@arm:~# MARKER='HHOJ''MLNTLN' run 'ls /iio_generic_buffer; echo $?'
HHOJMLNTLN/iio_generic_buffer
0
HHOJMLNTLN 0
root@arm:~# Labgrid Console Logfile for main
Logfile started at 2025-09-16 17:40:29.609064
=== Log starts here ===

root@arm:~# run() { echo -n "$MARKER"; sh -c "$@"; echo "$MARKER $?"; }
root@arm:~# echo 'QQYT''ZCCCNP'
QQYTZCCCNP
root@arm:~# MARKER='SXBS''XJETTO' run dmesg
SXBSXJETTO[    0.000000] Booting Linux on physical CPU 0x0
[    0.000000] Linux version 6.17.0-rc6-next-20250916 (user01@drvtest01) (arm-none-eabi-gcc (Arm GNU Toolchain 14.2.Rel1 (Build arm-14.52)) 14.2.1 20241119, GNU ld (Arm GNU Toolchain 14.2.Rel1 (Build arm-14.52)) 2.43.1.20241119) #1 SMP Tue Sep 16 17:37:33 EEST 2025
[    0.000000] CPU: ARMv7 Processor [413fc082] revision 2 (ARMv7), cr=10c5387d
[    0.000000] CPU: PIPT / VIPT nonaliasing data cache, VIPT aliasing instruction cache
[    0.000000] OF: fdt: Machine model: TI AM335x BeagleBone Black
[    0.000000] Memory policy: Data cache writeback
[    0.000000] cma: Reserved 16 MiB at 0x9e800000
[    0.000000] Zone ranges:
[    0.000000]   Normal   [mem 0x0000000080000000-0x000000009fdfffff]
[    0.000000]   HighMem  empty
[    0.000000] Movable zone start for each node
[    0.000000] Early memory node ranges
[    0.000000]   node   0: [mem 0x0000000080000000-0x000000009fdfffff]
[    0.000000] Initmem setup node 0 [mem 0x0000000080000000-0x000000009fdfffff]
[    0.000000] On node 0, zone Normal: 512 pages in unavailable ranges
[    0.000000] OF: reserved mem: Reserved memory: No reserved-memory node in the DT
[    0.000000] CPU: All CPU(s) started in SVC mode.
[    0.000000] AM335X ES2.1 (sgx neon)
[    0.000000] percpu: Embedded 17 pages/cpu s39884 r8192 d21556 u69632
[    0.000000] pcpu-alloc: s39884 r8192 d21556 u69632 alloc=17*4096
[    0.000000] pcpu-alloc: [0] 0 
[    0.000000] Kernel command line: console=ttyO0,115200n8 root=/dev/nfs rw nfsroot=192.168.255.126:/home/user01/nfs,nfsvers=3 ip=192.168.255.1:192.168.255.126::255.255.255.0:bbb1:eth0 nfsrootdebug
[    0.000000] Unknown kernel command line parameters "nfsrootdebug", will be passed to user space.
[    0.000000] printk: log buffer data + meta data: 65536 + 204800 = 270336 bytes
[    0.000000] Dentry cache hash table entries: 65536 (order: 6, 262144 bytes, linear)
[    0.000000] Inode-cache hash table entries: 32768 (order: 5, 131072 bytes, linear)
[    0.000000] Built 1 zonelists, mobility grouping on.  Total pages: 130560
[    0.000000] mem auto-init: stack:off, heap alloc:off, heap free:off
[    0.000000] SLUB: HWalign=16, Order=0-3, MinObjects=0, CPUs=1, Nodes=1
[    0.000000] rcu: Hierarchical RCU implementation.
[    0.000000] rcu: 	RCU event tracing is enabled.
[    0.000000] rcu: 	RCU restricting CPUs from NR_CPUS=2 to nr_cpu_ids=1.
[    0.000000] 	Tracing variant of Tasks RCU enabled.
[    0.000000] rcu: RCU calculated value of scheduler-enlistment delay is 10 jiffies.
[    0.000000] rcu: Adjusting geometry for rcu_fanout_leaf=16, nr_cpu_ids=1
[    0.000000] RCU Tasks Trace: Setting shift to 0 and lim to 1 rcu_task_cb_adjust=1 rcu_task_cpu_ids=1.
[    0.000000] NR_IRQS: 16, nr_irqs: 16, preallocated irqs: 16
[    0.000000] IRQ: Found an INTC at 0x(ptrval) (revision 5.0) with 128 interrupts
[    0.000000] rcu: srcu_init: Setting srcu_struct sizes based on contention.
[    0.000000] TI gptimer clocksource: always-on /ocp/interconnect@44c00000/segment@200000/target-module@31000
[    0.000002] sched_clock: 32 bits at 24MHz, resolution 41ns, wraps every 89478484971ns
[    0.000025] clocksource: dmtimer: mask: 0xffffffff max_cycles: 0xffffffff, max_idle_ns: 79635851949 ns
[    0.000490] TI gptimer clockevent: 24000000 Hz at /ocp/interconnect@48000000/segment@0/target-module@40000
[    0.002045] Console: colour dummy device 80x30
[    0.002105] WARNING: Your 'console=ttyO0' has been replaced by 'ttyS0'
[    0.002113] This ensures that you still see kernel messages. Please
[    0.002117] update your kernel commandline.
[    0.002159] Calibrating delay loop... 996.14 BogoMIPS (lpj=4980736)
[    0.090600] CPU: Testing write buffer coherency: ok
[    0.090684] CPU0: Spectre v2: using BPIALL workaround
[    0.090694] pid_max: default: 32768 minimum: 301
[    0.090866] LSM: initializing lsm=capability
[    0.091032] Mount-cache hash table entries: 1024 (order: 0, 4096 bytes, linear)
[    0.091051] Mountpoint-cache hash table entries: 1024 (order: 0, 4096 bytes, linear)
[    0.092640] CPU0: thread -1, cpu 0, socket -1, mpidr 0
[    0.092699] cacheinfo: Unable to detect cache hierarchy for CPU 0
[    0.094707] Setting up static identity map for 0x80100000 - 0x80100078
[    0.095021] rcu: Hierarchical SRCU implementation.
[    0.095031] rcu: 	Max phase no-delay instances is 1000.
[    0.096716] smp: Bringing up secondary CPUs ...
[    0.096771] smp: Brought up 1 node, 1 CPU
[    0.096784] SMP: Total of 1 processors activated (996.14 BogoMIPS).
[    0.096794] CPU: All CPU(s) started in SVC mode.
[    0.096995] Memory: 480872K/522240K available (11264K kernel code, 1222K rwdata, 2948K rodata, 1024K init, 254K bss, 23332K reserved, 16384K cma-reserved, 0K highmem)
[    0.097817] devtmpfs: initialized
[    0.115012] VFP support v0.3: implementor 41 architecture 3 part 30 variant c rev 3
[    0.115645] clocksource: jiffies: mask: 0xffffffff max_cycles: 0xffffffff, max_idle_ns: 19112604462750000 ns
[    0.115704] posixtimers hash table entries: 512 (order: 0, 4096 bytes, linear)
[    0.115731] futex hash table entries: 256 (16384 bytes on 1 NUMA nodes, total 16 KiB, linear).
[    0.116862] pinctrl core: initialized pinctrl subsystem
[    0.118963] NET: Registered PF_NETLINK/PF_ROUTE protocol family
[    0.122039] DMA: preallocated 256 KiB pool for atomic coherent allocations
[    0.122653] audit: initializing netlink subsys (disabled)
[    0.123986] thermal_sys: Registered thermal governor 'fair_share'
[    0.124000] thermal_sys: Registered thermal governor 'step_wise'
[    0.124010] thermal_sys: Registered thermal governor 'user_space'
[    0.124115] audit: type=2000 audit(0.120:1): state=initialized audit_enabled=0 res=1
[    0.124184] cpuidle: using governor menu
[    0.142677] /ocp/interconnect@44c00000/segment@200000/target-module@b000/i2c@0/tda19988@70: Fixed dependency cycle(s) with /ocp/interconnect@48000000/segment@300000/target-module@e000/lcdc@0
[    0.143776] /ocp/interconnect@48000000/segment@300000/target-module@e000/lcdc@0: Fixed dependency cycle(s) with /ocp/interconnect@44c00000/segment@200000/target-module@b000/i2c@0/tda19988@70
[    0.146005] No ATAGs?
[    0.146043] hw-breakpoint: debug architecture 0x4 unsupported.
[    0.149124] kprobes: kprobe jump-optimization is enabled. All kprobes are optimized if possible.
[    0.153778] iommu: Default domain type: Translated
[    0.153801] iommu: DMA domain TLB invalidation policy: strict mode
[    0.155346] reg-fixed-voltage fixedregulator0: using DT '/fixedregulator0' for '(default)' GPIO lookup
[    0.155401] of_get_named_gpiod_flags: can't parse 'gpios' property of node '/fixedregulator0[0]'
[    0.155430] of_get_named_gpiod_flags: can't parse 'gpio' property of node '/fixedregulator0[0]'
[    0.155448] reg-fixed-voltage fixedregulator0: using lookup tables for GPIO lookup
[    0.155458] reg-fixed-voltage fixedregulator0: No GPIO consumer (default) found
[    0.161570] SCSI subsystem initialized
[    0.162036] libata version 3.00 loaded.
[    0.162428] pps_core: LinuxPPS API ver. 1 registered
[    0.162439] pps_core: Software ver. 5.3.6 - Copyright 2005-2007 Rodolfo Giometti <giometti@linux.it>
[    0.162464] PTP clock support registered
[    0.171313] vgaarb: loaded
[    0.171681] clocksource: Switched to clocksource dmtimer
[    0.172360] VFS: Disk quotas dquot_6.6.0
[    0.172420] VFS: Dquot-cache hash table entries: 1024 (order 0, 4096 bytes)
[    0.197536] NET: Registered PF_INET protocol family
[    0.197877] IP idents hash table entries: 8192 (order: 4, 65536 bytes, linear)
[    0.199295] tcp_listen_portaddr_hash hash table entries: 512 (order: 0, 4096 bytes, linear)
[    0.199333] Table-perturb hash table entries: 65536 (order: 6, 262144 bytes, linear)
[    0.199353] TCP established hash table entries: 4096 (order: 2, 16384 bytes, linear)
[    0.199399] TCP bind hash table entries: 4096 (order: 4, 65536 bytes, linear)
[    0.199498] TCP: Hash tables configured (established 4096 bind 4096)
[    0.199622] UDP hash table entries: 256 (order: 1, 14336 bytes, linear)
[    0.199659] UDP-Lite hash table entries: 256 (order: 1, 14336 bytes, linear)
[    0.199879] NET: Registered PF_UNIX/PF_LOCAL protocol family
[    0.202488] RPC: Registered named UNIX socket transport module.
[    0.202511] RPC: Registered udp transport module.
[    0.202517] RPC: Registered tcp transport module.
[    0.202522] RPC: Registered tcp-with-tls transport module.
[    0.202526] RPC: Registered tcp NFSv4.1 backchannel transport module.
[    0.202552] PCI: CLS 0 bytes, default 64
[    0.203985] Initialise system trusted keyrings
[    0.212327] workingset: timestamp_bits=14 max_order=17 bucket_order=3
[    0.213780] NFS: Registering the id_resolver key type
[    0.213855] Key type id_resolver registered
[    0.213863] Key type id_legacy registered
[    0.213970] jffs2: version 2.2. (NAND) (SUMMARY)  Â© 2001-2006 Red Hat, Inc.
[    0.214439] Key type asymmetric registered
[    0.214454] Asymmetric key parser 'x509' registered
[    0.214530] io scheduler mq-deadline registered
[    0.214541] io scheduler kyber registered
[    0.214630] io scheduler bfq registered
[    0.216508] target-module@4b000000:target-module@140000:pmu@0:fck: device ID is greater than 24
[    0.222703] l3-aon-clkctrl:0000:0: failed to disable
[    0.232307] ledtrig-cpu: registered to indicate activity on CPUs
[    0.236074] Serial: 8250/16550 driver, 6 ports, IRQ sharing enabled
[    0.282734] brd: module loaded
[    0.291369] loop: module loaded
[    0.292483] mtdoops: mtd device (mtddev=name/number) must be supplied
[    0.294058] mdio_bus fixed-0: using lookup tables for GPIO lookup
[    0.294085] mdio_bus fixed-0: No GPIO consumer reset found
[    0.295521] i2c_dev: i2c /dev entries driver
[    0.296542] cpuidle: enable-method property 'ti,am3352' found operations
[    0.296996] sdhci: Secure Digital Host Controller Interface driver
[    0.297007] sdhci: Copyright(c) Pierre Ossman
[    0.297192] sdhci-pltfm: SDHCI platform and OF driver helper
[    0.317541] hw perfevents: enabled with armv7_cortex_a8 PMU driver, 5 (8000000f) counters available
[    0.318106] Initializing XFRM netlink socket
[    0.318292] NET: Registered PF_INET6 protocol family
[    0.323955] l3-aon-clkctrl:0000:0: failed to disable
[    0.325552] Segment Routing with IPv6
[    0.325635] In-situ OAM (IOAM) with IPv6
[    0.325733] sit: IPv6, IPv4 and MPLS over IPv4 tunneling driver
[    0.326710] NET: Registered PF_PACKET protocol family
[    0.326738] NET: Registered PF_KEY protocol family
[    0.326876] Key type dns_resolver registered
[    0.327100] ThumbEE CPU extension supported.
[    0.327120] Registering SWP/SWPB emulation handler
[    0.327645] omap_voltage_late_init: Voltage driver support not added
[    0.328310] SmartReflex Class3 initialized
[    0.358496] Loading compiled-in X.509 certificates
[    0.405432] /ocp/interconnect@44c00000/segment@200000/target-module@b000/i2c@0/tda19988@70: Fixed dependency cycle(s) with /ocp/interconnect@48000000/segment@300000/target-module@e000/lcdc@0
[    0.412022] /ocp/interconnect@44c00000/segment@200000/target-module@b000/i2c@0/tda19988@70: Fixed dependency cycle(s) with /ocp/interconnect@48000000/segment@300000/target-module@e000/lcdc@0
[    0.417639] gpiochip_find_base_unlocked: found new base at 512
[    0.452647] /ocp/interconnect@44c00000/segment@200000/target-module@b000/i2c@0/tda19988@70: Fixed dependency cycle(s) with /ocp/interconnect@48000000/segment@300000/target-module@e000/lcdc@0
[    0.453569] /ocp/interconnect@44c00000/segment@200000/target-module@b000/i2c@0/tda19988@70: Fixed dependency cycle(s) with /ocp/interconnect@48000000/segment@300000/target-module@e000/lcdc@0
[    0.457136] /ocp/interconnect@44c00000/segment@200000/target-module@10000/scm@0/pinmux@800: Fixed dependency cycle(s) with /ocp/interconnect@44c00000/segment@200000/target-module@10000/scm@0/pinmux@800/clkout2-pins
[    0.457723] pinctrl-single 44e10800.pinmux: 142 pins, size 568
[    0.463281] ti-sysc 44e31000.target-module: probe with driver ti-sysc failed with error -16
[    0.489010] /ocp/interconnect@48000000/segment@300000/target-module@e000/lcdc@0: Fixed dependency cycle(s) with /ocp/interconnect@44c00000/segment@200000/target-module@b000/i2c@0/tda19988@70
[    0.497481] ti-sysc 48040000.target-module: probe with driver ti-sysc failed with error -16
[    0.509154] gpiochip_find_base_unlocked: found new base at 512
[    0.509256] gpio gpiochip0: (gpio-0-31): created GPIO range 0->7 ==> 44e10800.pinmux PIN 0->7
[    0.509276] gpio gpiochip0: (gpio-0-31): created GPIO range 8->11 ==> 44e10800.pinmux PIN 90->93
[    0.509292] gpio gpiochip0: (gpio-0-31): created GPIO range 12->27 ==> 44e10800.pinmux PIN 12->27
[    0.509318] gpio gpiochip0: (gpio-0-31): created GPIO range 28->31 ==> 44e10800.pinmux PIN 30->33
[    0.536313] gpio gpiochip0: (gpio-0-31): added GPIO chardev (254:0)
[    0.536539] gpio gpiochip0: registered GPIOs 512 to 543 on gpio-0-31
[    0.536625] OMAP GPIO hardware version 0.1
[    0.571063] i2c i2c-2: using DT '/ocp/interconnect@48000000/segment@100000/target-module@9c000/i2c@0' for 'scl' GPIO lookup
[    0.571136] of_get_named_gpiod_flags: can't parse 'scl-gpios' property of node '/ocp/interconnect@48000000/segment@100000/target-module@9c000/i2c@0[0]'
[    0.571178] of_get_named_gpiod_flags: can't parse 'scl-gpio' property of node '/ocp/interconnect@48000000/segment@100000/target-module@9c000/i2c@0[0]'
[    0.571214] i2c i2c-2: using lookup tables for GPIO lookup
[    0.571224] i2c i2c-2: No GPIO consumer scl found
[    0.571245] i2c i2c-2: using DT '/ocp/interconnect@48000000/segment@100000/target-module@9c000/i2c@0' for 'sda' GPIO lookup
[    0.571281] of_get_named_gpiod_flags: can't parse 'sda-gpios' property of node '/ocp/interconnect@48000000/segment@100000/target-module@9c000/i2c@0[0]'
[    0.571318] of_get_named_gpiod_flags: can't parse 'sda-gpio' property of node '/ocp/interconnect@48000000/segment@100000/target-module@9c000/i2c@0[0]'
[    0.571350] i2c i2c-2: using lookup tables for GPIO lookup
[    0.571358] i2c i2c-2: No GPIO consumer sda found
[    0.572305] omap_i2c 4819c000.i2c: bus 2 rev0.11 at 100 kHz
[    0.577952] gpiochip_find_base_unlocked: found new base at 544
[    0.578065] gpio gpiochip1: (gpio-32-63): created GPIO range 0->17 ==> 44e10800.pinmux PIN 34->51
[    0.578085] gpio gpiochip1: (gpio-32-63): created GPIO range 18->21 ==> 44e10800.pinmux PIN 77->80
[    0.578100] gpio gpiochip1: (gpio-32-63): created GPIO range 22->31 ==> 44e10800.pinmux PIN 56->65
[    0.596792] gpio gpiochip1: (gpio-32-63): added GPIO chardev (254:1)
[    0.597021] gpio gpiochip1: registered GPIOs 544 to 575 on gpio-32-63
[    0.599349] gpiochip_find_base_unlocked: found new base at 576
[    0.599443] gpio gpiochip2: (gpio-64-95): created GPIO range 0->4 ==> 44e10800.pinmux PIN 66->70
[    0.599463] gpio gpiochip2: (gpio-64-95): created GPIO range 5->6 ==> 44e10800.pinmux PIN 98->99
[    0.599478] gpio gpiochip2: (gpio-64-95): created GPIO range 7->8 ==> 44e10800.pinmux PIN 75->76
[    0.599494] gpio gpiochip2: (gpio-64-95): created GPIO range 13->13 ==> 44e10800.pinmux PIN 141->141
[    0.599510] gpio gpiochip2: (gpio-64-95): created GPIO range 14->21 ==> 44e10800.pinmux PIN 100->107
[    0.610553] gpio gpiochip2: (gpio-64-95): added GPIO chardev (254:2)
[    0.610766] gpio gpiochip2: registered GPIOs 576 to 607 on gpio-64-95
[    0.616723] 48000000.interconnect:segment@200000:target-module@0:mpu@0:fck: device ID is greater than 24
[    0.617627] /ocp/interconnect@48000000/segment@300000/target-module@e000/lcdc@0: Fixed dependency cycle(s) with /ocp/interconnect@44c00000/segment@200000/target-module@b000/i2c@0/tda19988@70
[    0.620562] /ocp/interconnect@48000000/segment@300000/target-module@e000/lcdc@0: Fixed dependency cycle(s) with /ocp/interconnect@44c00000/segment@200000/target-module@b000/i2c@0/tda19988@70
[    0.621280] /ocp/interconnect@44c00000/segment@200000/target-module@b000/i2c@0/tda19988@70: Fixed dependency cycle(s) with /ocp/interconnect@48000000/segment@300000/target-module@e000/lcdc@0
[    0.621441] /ocp/interconnect@48000000/segment@300000/target-module@e000/lcdc@0: Fixed dependency cycle(s) with /ocp/interconnect@44c00000/segment@200000/target-module@b000/i2c@0/tda19988@70
[    0.631363] mdio_bus 4a101000.mdio: using DT '/ocp/interconnect@4a000000/segment@0/target-module@100000/switch@0/mdio@1000' for 'reset' GPIO lookup
[    0.631435] of_get_named_gpiod_flags: can't parse 'reset-gpios' property of node '/ocp/interconnect@4a000000/segment@0/target-module@100000/switch@0/mdio@1000[0]'
[    0.631482] of_get_named_gpiod_flags: can't parse 'reset-gpio' property of node '/ocp/interconnect@4a000000/segment@0/target-module@100000/switch@0/mdio@1000[0]'
[    0.631529] mdio_bus 4a101000.mdio: using lookup tables for GPIO lookup
[    0.631540] mdio_bus 4a101000.mdio: No GPIO consumer reset found
[    0.647896] sdhci-omap 481d8000.mmc: using DT '/ocp/interconnect@48000000/segment@100000/target-module@d8000/mmc@0' for 'wp' GPIO lookup
[    0.647966] of_get_named_gpiod_flags: can't parse 'wp-gpios' property of node '/ocp/interconnect@48000000/segment@100000/target-module@d8000/mmc@0[0]'
[    0.648011] of_get_named_gpiod_flags: can't parse 'wp-gpio' property of node '/ocp/interconnect@48000000/segment@100000/target-module@d8000/mmc@0[0]'
[    0.648047] sdhci-omap 481d8000.mmc: using lookup tables for GPIO lookup
[    0.648057] sdhci-omap 481d8000.mmc: No GPIO consumer wp found
[    0.648259] sdhci-omap 481d8000.mmc: supply pbias not found, using dummy regulator
[    0.648752] sdhci-omap 481d8000.mmc: supply vqmmc not found, using dummy regulator
[    0.690508] davinci_mdio 4a101000.mdio: davinci mdio revision 1.6, bus freq 1000000
[    0.726335] mdio_bus 4a101000.mdio:00: using DT '/ocp/interconnect@4a000000/segment@0/target-module@100000/switch@0/mdio@1000/ethernet-phy@0' for 'reset' GPIO lookup
[    0.726437] of_get_named_gpiod_flags: parsed 'reset-gpios' property of node '/ocp/interconnect@4a000000/segment@0/target-module@100000/switch@0/mdio@1000/ethernet-phy@0[0]' - status (0)
[    0.726602] gpio gpiochip0: Persistence not supported for GPIO 8
[    0.865425] davinci_mdio 4a101000.mdio: phy[0]: device 4a101000.mdio:00, driver SMSC LAN8710/LAN8720
[    0.866194] cpsw-switch 4a100000.switch: initialized cpsw ale version 1.4
[    0.866217] cpsw-switch 4a100000.switch: ALE Table size 1024, Policers 0
[    0.866377] cpsw-switch 4a100000.switch: cpts: overflow check period 500 (jiffies)
[    0.866392] cpsw-switch 4a100000.switch: CPTS: ref_clk_freq:250000000 calc_mult:2147483648 calc_shift:29 error:0 nsec/sec
[    0.866497] cpsw-switch 4a100000.switch: Detected MACID = 6c:ec:eb:68:de:78
[    0.868376] cpsw-switch 4a100000.switch: initialized (regs 0x4a100000, pool size 256) hw_ver:0019010C 1.12 (0)
[    0.879572] debugfs: '49000000.dma' already exists in 'dmaengine'
[    0.879615] edma 49000000.dma: TI EDMA DMA engine driver
[    0.927576] gpio-clk clk_mcasp0: using DT '/clk_mcasp0' for 'enable' GPIO lookup
[    0.927651] of_get_named_gpiod_flags: parsed 'enable-gpios' property of node '/clk_mcasp0[0]' - status (0)
[    0.927699] gpio gpiochip0: Persistence not supported for GPIO 27
[    0.928580] gpiochip_find_base_unlocked: found new base at 608
[    0.928699] gpio gpiochip3: (gpio-96-127): created GPIO range 0->7 ==> 44e10800.pinmux PIN 82->89
[    0.928722] gpio gpiochip3: (gpio-96-127): created GPIO range 8->11 ==> 44e10800.pinmux PIN 52->55
[    0.928737] gpio gpiochip3: (gpio-96-127): created GPIO range 12->15 ==> 44e10800.pinmux PIN 94->97
[    0.928754] gpio gpiochip3: (gpio-96-127): created GPIO range 16->17 ==> 44e10800.pinmux PIN 71->72
[    0.928769] gpio gpiochip3: (gpio-96-127): created GPIO range 18->18 ==> 44e10800.pinmux PIN 135->135
[    0.928786] gpio gpiochip3: (gpio-96-127): created GPIO range 19->20 ==> 44e10800.pinmux PIN 108->109
[    0.928803] gpio gpiochip3: (gpio-96-127): created GPIO range 21->21 ==> 44e10800.pinmux PIN 73->73
[    0.928821] gpio gpiochip3: (gpio-96-127): created GPIO range 22->23 ==> 44e10800.pinmux PIN 8->9
[    0.928838] gpio gpiochip3: (gpio-96-127): created GPIO range 26->27 ==> 44e10800.pinmux PIN 10->11
[    0.928856] gpio gpiochip3: (gpio-96-127): created GPIO range 28->28 ==> 44e10800.pinmux PIN 74->74
[    0.928874] gpio gpiochip3: (gpio-96-127): created GPIO range 29->29 ==> 44e10800.pinmux PIN 81->81
[    0.928893] gpio gpiochip3: (gpio-96-127): created GPIO range 30->31 ==> 44e10800.pinmux PIN 28->29
[    0.953376] gpio gpiochip3: (gpio-96-127): added GPIO chardev (254:3)
[    0.953623] gpio gpiochip3: registered GPIOs 608 to 639 on gpio-96-127
[    0.955898] omap8250 44e09000.serial: using DT '/ocp/interconnect@44c00000/segment@200000/target-module@9000/serial@0' for 'rs485-term' GPIO lookup
[    0.955970] of_get_named_gpiod_flags: can't parse 'rs485-term-gpios' property of node '/ocp/interconnect@44c00000/segment@200000/target-module@9000/serial@0[0]'
[    0.956014] of_get_named_gpiod_flags: can't parse 'rs485-term-gpio' property of node '/ocp/interconnect@44c00000/segment@200000/target-module@9000/serial@0[0]'
[    0.956050] omap8250 44e09000.serial: using lookup tables for GPIO lookup
[    0.956060] omap8250 44e09000.serial: No GPIO consumer rs485-term found
[    0.956071] omap8250 44e09000.serial: using DT '/ocp/interconnect@44c00000/segment@200000/target-module@9000/serial@0' for 'rs485-rx-during-tx' GPIO lookup
[    0.956107] of_get_named_gpiod_flags: can't parse 'rs485-rx-during-tx-gpios' property of node '/ocp/interconnect@44c00000/segment@200000/target-module@9000/serial@0[0]'
[    0.956144] of_get_named_gpiod_flags: can't parse 'rs485-rx-during-tx-gpio' property of node '/ocp/interconnect@44c00000/segment@200000/target-module@9000/serial@0[0]'
[    0.956176] omap8250 44e09000.serial: using lookup tables for GPIO lookup
[    0.956184] omap8250 44e09000.serial: No GPIO consumer rs485-rx-during-tx found
[    0.956634] 44e09000.serial: ttyS0 at MMIO 0x44e09000 (irq = 34, base_baud = 3000000) is a 8250
[    0.956723] printk: legacy console [ttyS0] enabled
[    2.426555] i2c i2c-0: using DT '/ocp/interconnect@44c00000/segment@200000/target-module@b000/i2c@0' for 'scl' GPIO lookup
[    2.426656] of_get_named_gpiod_flags: can't parse 'scl-gpios' property of node '/ocp/interconnect@44c00000/segment@200000/target-module@b000/i2c@0[0]'
[    2.426705] of_get_named_gpiod_flags: can't parse 'scl-gpio' property of node '/ocp/interconnect@44c00000/segment@200000/target-module@b000/i2c@0[0]'
[    2.426745] i2c i2c-0: using lookup tables for GPIO lookup
[    2.426759] i2c i2c-0: No GPIO consumer scl found
[    2.426785] i2c i2c-0: using DT '/ocp/interconnect@44c00000/segment@200000/target-module@b000/i2c@0' for 'sda' GPIO lookup
[    2.426825] of_get_named_gpiod_flags: can't parse 'sda-gpios' property of node '/ocp/interconnect@44c00000/segment@200000/target-module@b000/i2c@0[0]'
[    2.426866] of_get_named_gpiod_flags: can't parse 'sda-gpio' property of node '/ocp/interconnect@44c00000/segment@200000/target-module@b000/i2c@0[0]'
[    2.426901] i2c i2c-0: using lookup tables for GPIO lookup
[    2.426913] i2c i2c-0: No GPIO consumer sda found
[    2.442625] tps65217-pmic: Failed to locate of_node [id: -1]
[    2.448688] tps65217-bl: Failed to locate of_node [id: -1]
[    2.454767] platform tps65217-charger: DMA mask not set
[    2.460798] platform tps65217-pwrbutton: DMA mask not set
[    2.468065] tps65217 0-0024: TPS65217 ID 0xe version 1.2
[    2.474177] /ocp/interconnect@48000000/segment@300000/target-module@e000/lcdc@0: Fixed dependency cycle(s) with /ocp/interconnect@44c00000/segment@200000/target-module@b000/i2c@0/tda19988@70
[    2.491587] /ocp/interconnect@44c00000/segment@200000/target-module@b000/i2c@0/tda19988@70: Fixed dependency cycle(s) with /ocp/interconnect@48000000/segment@300000/target-module@e000/lcdc@0
[    2.508979] omap_i2c 44e0b000.i2c: bus 0 rev0.11 at 400 kHz
[    2.516730] sdhci-omap 48060000.mmc: using DT '/ocp/interconnect@48000000/segment@0/target-module@60000/mmc@0' for 'cd' GPIO lookup
[    2.516837] of_get_named_gpiod_flags: parsed 'cd-gpios' property of node '/ocp/interconnect@48000000/segment@0/target-module@60000/mmc@0[0]' - status (0)
[    2.516904] gpio gpiochip3: Persistence not supported for GPIO 6
[    2.516930] omap_gpio 44e07000.gpio: Could not set line 6 debounce to 200000 microseconds (-22)
[    2.525808] sdhci-omap 48060000.mmc: Got CD GPIO
[    2.530458] sdhci-omap 48060000.mmc: using DT '/ocp/interconnect@48000000/segment@0/target-module@60000/mmc@0' for 'wp' GPIO lookup
[    2.530506] of_get_named_gpiod_flags: can't parse 'wp-gpios' property of node '/ocp/interconnect@48000000/segment@0/target-module@60000/mmc@0[0]'
[    2.530550] of_get_named_gpiod_flags: can't parse 'wp-gpio' property of node '/ocp/interconnect@48000000/segment@0/target-module@60000/mmc@0[0]'
[    2.530588] sdhci-omap 48060000.mmc: using lookup tables for GPIO lookup
[    2.530602] sdhci-omap 48060000.mmc: No GPIO consumer wp found
[    2.530811] sdhci-omap 48060000.mmc: supply pbias not found, using dummy regulator
[    2.539662] sdhci-omap 481d8000.mmc: using DT '/ocp/interconnect@48000000/segment@100000/target-module@d8000/mmc@0' for 'wp' GPIO lookup
[    2.539735] of_get_named_gpiod_flags: can't parse 'wp-gpios' property of node '/ocp/interconnect@48000000/segment@100000/target-module@d8000/mmc@0[0]'
[    2.539783] of_get_named_gpiod_flags: can't parse 'wp-gpio' property of node '/ocp/interconnect@48000000/segment@100000/target-module@d8000/mmc@0[0]'
[    2.539822] sdhci-omap 481d8000.mmc: using lookup tables for GPIO lookup
[    2.539836] sdhci-omap 481d8000.mmc: No GPIO consumer wp found
[    2.541203] sdhci-omap 48060000.mmc: supply vqmmc not found, using dummy regulator
[    2.550013] sdhci-omap 481d8000.mmc: supply pbias not found, using dummy regulator
[    2.558672] sdhci-omap 481d8000.mmc: supply vqmmc not found, using dummy regulator
[    2.597236] mmc1: SDHCI controller on 481d8000.mmc [481d8000.mmc] using External DMA
[    2.606461] mmc0: SDHCI controller on 48060000.mmc [48060000.mmc] using External DMA
[    2.615223] cpsw-switch 4a100000.switch: starting ndev. mode: dual_mac
[    2.681985] mmc1: new high speed MMC card at address 0001
[    2.688822] mmcblk1: mmc1:0001 MMC04G 3.60 GiB
[    2.696726]  mmcblk1: p1 p2
[    2.700460] SMSC LAN8710/LAN8720 4a101000.mdio:00: attached PHY driver (mii_bus:phy_addr=4a101000.mdio:00, irq=POLL)
[    2.712052] mmcblk1boot0: mmc1:0001 MMC04G 2.00 MiB
[    2.727033] mmcblk1boot1: mmc1:0001 MMC04G 2.00 MiB
[    2.735923] mmcblk1rpmb: mmc1:0001 MMC04G 128 KiB, chardev (249:0)
[    2.784766] mmc0: new high speed SDHC card at address aaaa
[    2.791610] mmcblk0: mmc0:aaaa SE32G 29.7 GiB
[    2.800919]  mmcblk0: p1 p2
[    5.842463] cpsw-switch 4a100000.switch eth0: Link is Up - 100Mbps/Full - flow control off
[    5.881931] IP-Config: Complete:
[    5.885211]      device=eth0, hwaddr=6c:ec:eb:68:de:78, ipaddr=192.168.255.1, mask=255.255.255.0, gw=255.255.255.255
[    5.895888]      host=bbb1, domain=, nis-domain=(none)
[    5.901057]      bootserver=192.168.255.126, rootserver=192.168.255.126, rootpath=
[    5.901491] clk: Disabling unused clocks
[    5.913327] PM: genpd: Disabling unused power domains
[    5.918480] KTAP version 1
[    5.921203] 1..0
[    5.923710] check access for rdinit=/init failed: -2, ignoring
[    5.951935] VFS: Mounted root (nfs filesystem) on device 0:17.
[    5.958802] devtmpfs: mounted
[    5.963601] Freeing unused kernel image (initmem) memory: 1024K
[    5.970223] Run /sbin/init as init process
[    5.974450]   with arguments:
[    5.974466]     /sbin/init
[    5.974475]     nfsrootdebug
[    5.974484]   with environment:
[    5.974493]     HOME=/
[    5.974501]     TERM=linux
[    6.649073] systemd[1]: System time before build time, advancing clock.
[    8.201702] random: crng init done
[    8.224313] systemd[1]: systemd 232 running in system mode. (+PAM +AUDIT +SELINUX +IMA +APPARMOR +SMACK +SYSVINIT +UTMP +LIBCRYPTSETUP +GCRYPT +GNUTLS +ACL +XZ +LZ4 +SECCOMP +BLKID +ELFUTILS +KMOD +IDN)
[    8.243405] systemd[1]: Detected architecture arm.
[    8.274834] systemd[1]: Set hostname to <arm>.
[    9.374976] systemd[1]: Created slice User and Session Slice.
[    9.402111] systemd[1]: Reached target Remote File Systems.
[    9.432552] systemd[1]: Started Forward Password Requests to Wall Directory Watch.
[    9.464712] systemd[1]: Listening on udev Kernel Socket.
[    9.492097] systemd[1]: Reached target Swap.
[    9.513504] systemd[1]: syslog.socket: SO_PASSSEC failed: Operation not supported
[    9.521230] systemd[1]: Listening on Syslog Socket.
[   11.842249] systemd-journald[93]: Received request to flush runtime journal from PID 1
[   12.649969] omap_prm 44e00d00.prm: sync_state() pending due to 44d00000.cpu
[   14.436287] leds-gpio leds: using DT '/leds/led2' for '(default)' GPIO lookup
[   14.436391] of_get_named_gpiod_flags: parsed 'gpios' property of node '/leds/led2[0]' - status (0)
[   14.436452] gpio gpiochip0: Persistence not supported for GPIO 21
[   14.436467] gpio-533 (?): no flags found for GPIO (default)
[   14.482062] leds-gpio leds: using DT '/leds/led3' for '(default)' GPIO lookup
[   14.482171] of_get_named_gpiod_flags: parsed 'gpios' property of node '/leds/led3[0]' - status (0)
[   14.482230] gpio gpiochip0: Persistence not supported for GPIO 22
[   14.482246] gpio-534 (?): no flags found for GPIO (default)
[   14.524900] leds-gpio leds: using DT '/leds/led4' for '(default)' GPIO lookup
[   14.525002] of_get_named_gpiod_flags: parsed 'gpios' property of node '/leds/led4[0]' - status (0)
[   14.525055] gpio gpiochip0: Persistence not supported for GPIO 23
[   14.525069] gpio-535 (?): no flags found for GPIO (default)
[   14.538961] leds-gpio leds: using DT '/leds/led5' for '(default)' GPIO lookup
[   14.539075] of_get_named_gpiod_flags: parsed 'gpios' property of node '/leds/led5[0]' - status (0)
[   14.539129] gpio gpiochip0: Persistence not supported for GPIO 24
[   14.539144] gpio-536 (?): no flags found for GPIO (default)
[   14.822972] remoteproc remoteproc0: wkup_m3 is available
[   15.114227] omap_rtc 44e3e000.rtc: registered as rtc0
[   15.119408] omap_rtc 44e3e000.rtc: setting system clock to 2000-01-01T00:00:00 UTC (946684800)
[   15.128321] omap_rtc 44e3e000.rtc: using DT '/ocp/interconnect@44c00000/segment@200000/target-module@3e000/rtc@0' for 'wp' GPIO lookup
[   15.128398] of_get_named_gpiod_flags: can't parse 'wp-gpios' property of node '/ocp/interconnect@44c00000/segment@200000/target-module@3e000/rtc@0[0]'
[   15.128449] of_get_named_gpiod_flags: can't parse 'wp-gpio' property of node '/ocp/interconnect@44c00000/segment@200000/target-module@3e000/rtc@0[0]'
[   15.128490] omap_rtc 44e3e000.rtc: using lookup tables for GPIO lookup
[   15.128505] omap_rtc 44e3e000.rtc: No GPIO consumer wp found
[   15.223446] omap_wdt: OMAP Watchdog Timer Rev 0x01: initial timeout 60 sec
[   15.458435] am335x-phy-driver 47401300.usb-phy: using DT '/ocp/target-module@47400000/usb-phy@1300' for 'reset' GPIO lookup
[   15.458530] of_get_named_gpiod_flags: can't parse 'reset-gpios' property of node '/ocp/target-module@47400000/usb-phy@1300[0]'
[   15.458576] of_get_named_gpiod_flags: can't parse 'reset-gpio' property of node '/ocp/target-module@47400000/usb-phy@1300[0]'
[   15.458614] am335x-phy-driver 47401300.usb-phy: using lookup tables for GPIO lookup
[   15.458628] am335x-phy-driver 47401300.usb-phy: No GPIO consumer reset found
[   15.458644] am335x-phy-driver 47401300.usb-phy: using DT '/ocp/target-module@47400000/usb-phy@1300' for 'vbus-detect' GPIO lookup
[   15.458676] of_get_named_gpiod_flags: can't parse 'vbus-detect-gpios' property of node '/ocp/target-module@47400000/usb-phy@1300[0]'
[   15.458708] of_get_named_gpiod_flags: can't parse 'vbus-detect-gpio' property of node '/ocp/target-module@47400000/usb-phy@1300[0]'
[   15.458735] am335x-phy-driver 47401300.usb-phy: using lookup tables for GPIO lookup
[   15.458747] am335x-phy-driver 47401300.usb-phy: No GPIO consumer vbus-detect found
[   15.458901] am335x-phy-driver 47401300.usb-phy: dummy supplies not allowed for exclusive requests (id=vbus)
[   15.575827] at24 2-0054: supply vcc not found, using dummy regulator
[   15.644234] input: tps65217_pwrbutton as /devices/platform/ocp/44c00000.interconnect/44c00000.interconnect:segment@200000/44e0b000.target-module/44e0b000.i2c/i2c-0/0-0024/tps65217-pwrbutton/input/input0
[   15.722221] at24 2-0055: supply vcc not found, using dummy regulator
[   15.882160] at24 2-0056: supply vcc not found, using dummy regulator
[   15.923791] am335x-phy-driver 47401b00.usb-phy: using DT '/ocp/target-module@47400000/usb-phy@1b00' for 'reset' GPIO lookup
[   15.923889] of_get_named_gpiod_flags: can't parse 'reset-gpios' property of node '/ocp/target-module@47400000/usb-phy@1b00[0]'
[   15.923935] of_get_named_gpiod_flags: can't parse 'reset-gpio' property of node '/ocp/target-module@47400000/usb-phy@1b00[0]'
[   15.923974] am335x-phy-driver 47401b00.usb-phy: using lookup tables for GPIO lookup
[   15.923990] am335x-phy-driver 47401b00.usb-phy: No GPIO consumer reset found
[   15.924006] am335x-phy-driver 47401b00.usb-phy: using DT '/ocp/target-module@47400000/usb-phy@1b00' for 'vbus-detect' GPIO lookup
[   15.924039] of_get_named_gpiod_flags: can't parse 'vbus-detect-gpios' property of node '/ocp/target-module@47400000/usb-phy@1b00[0]'
[   15.924073] of_get_named_gpiod_flags: can't parse 'vbus-detect-gpio' property of node '/ocp/target-module@47400000/usb-phy@1b00[0]'
[   15.924100] am335x-phy-driver 47401b00.usb-phy: using lookup tables for GPIO lookup
[   15.924112] am335x-phy-driver 47401b00.usb-phy: No GPIO consumer vbus-detect found
[   15.924263] am335x-phy-driver 47401b00.usb-phy: dummy supplies not allowed for exclusive requests (id=vbus)
[   16.012067] at24 2-0057: supply vcc not found, using dummy regulator
[   16.159688] at24 0-0050: using DT '/ocp/interconnect@44c00000/segment@200000/target-module@b000/i2c@0/eeprom@50' for 'wp' GPIO lookup
[   16.159810] of_get_named_gpiod_flags: can't parse 'wp-gpios' property of node '/ocp/interconnect@44c00000/segment@200000/target-module@b000/i2c@0/eeprom@50[0]'
[   16.159870] of_get_named_gpiod_flags: can't parse 'wp-gpio' property of node '/ocp/interconnect@44c00000/segment@200000/target-module@b000/i2c@0/eeprom@50[0]'
[   16.159917] at24 0-0050: using lookup tables for GPIO lookup
[   16.159932] at24 0-0050: No GPIO consumer wp found
[   16.160285] at24 0-0050: 32768 byte 24c256 EEPROM, writable, 1 bytes/write
[   16.987806] usbcore: registered new interface driver usbfs
[   16.993656] usbcore: registered new interface driver hub
[   16.999098] usbcore: registered new device driver usb
[   17.707095] musb-hdrc musb-hdrc.1: MUSB HDRC host driver
[   17.712973] musb-hdrc musb-hdrc.1: new USB bus registered, assigned bus number 1
[   17.787162] usb usb1: New USB device found, idVendor=1d6b, idProduct=0002, bcdDevice= 6.17
[   17.795661] usb usb1: New USB device strings: Mfr=3, Product=2, SerialNumber=1
[   17.803009] usb usb1: Product: MUSB HDRC host driver
[   17.808196] usb usb1: Manufacturer: Linux 6.17.0-rc6-next-20250916 musb-hcd
[   17.815275] usb usb1: SerialNumber: musb-hdrc.1
[   17.954698] omap-mailbox 480c8000.mailbox: omap mailbox rev 0x400
[   18.008059] tda998x 0-0070: found TDA19988
[   18.045381] remoteproc remoteproc0: powering up wkup_m3
[   18.197439] hub 1-0:1.0: USB hub found
[   18.242526] remoteproc remoteproc0: Direct firmware load for am335x-pm-firmware.elf failed with error -2
[   18.252284] remoteproc remoteproc0: request_firmware failed: -2
[   18.258247] wkup_m3_ipc 44e11324.wkup_m3_ipc: rproc_boot failed
[   18.277034] hub 1-0:1.0: 1 port detected
[   20.112062] omap_rng 48310000.rng: Random Number Generator ver. 20
[   20.300055] tilcdc 4830e000.lcdc: bound 0-0070 (ops tda998x_audio_codec_init [tda998x])
[   20.432290] [drm] Initialized tilcdc 1.0.0 for 4830e000.lcdc on minor 0
[   20.521934] tilcdc 4830e000.lcdc: [drm] Cannot find any crtc or sizes
[   20.585501] tilcdc 4830e000.lcdc: [drm] Cannot find any crtc or sizes
[   21.737017] PM: Cannot get wkup_m3_ipc handle
[   21.788577] omap-sham 53100000.sham: hw accel on OMAP rev 4.3
[   21.942957] omap-sham 53100000.sham: will run requests pump with realtime priority
[   21.952291] PM: Cannot get wkup_m3_ipc handle
[   22.306523] omap-aes 53500000.aes: OMAP AES hw accel rev: 3.2
[   22.510882] omap-aes 53500000.aes: will run requests pump with realtime priority
[   22.530654] PM: Cannot get wkup_m3_ipc handle
[   25.457928] ------------[ cut here ]------------
[   25.462771] WARNING: net/8021q/vlan_core.c:236 at vlan_for_each+0x114/0x134, CPU#0: avahi-daemon/319
[   25.472085] RTNL: assertion failed at net/8021q/vlan_core.c (236)
[   25.478216] Modules linked in: bluetooth(+) ecdh_generic ecc snd_soc_simple_card omap_aes_driver snd_soc_simple_card_utils omap_crypto libaes omap_sham pm33xx crypto_engine ti_emif_sram tilcdc omap_rng drm_dma_helper rng_core drm_client_lib snd_soc_davinci_mcasp snd_soc_ti_udma snd_soc_ti_edma snd_soc_ti_sdma snd_soc_core snd_pcm_dmaengine snd_pcm omap_mailbox snd_timer tda998x snd musb_dsps cec musb_hdrc soundcore udc_core drm_kms_helper usbcore drm wkup_m3_ipc drm_panel_orientation_quirks tps65218_pwrbutton at24 phy_am335x phy_am335x_control phy_generic usb_common omap_wdt cppi41 rtc_omap watchdog wkup_m3_rproc leds_gpio cpufreq_dt led_class autofs4
[   25.536544] CPU: 0 UID: 107 PID: 319 Comm: avahi-daemon Not tainted 6.17.0-rc6-next-20250916 #1 NONE 
[   25.536561] Hardware name: Generic AM33XX (Flattened Device Tree)
[   25.536570] Call trace: 
[   25.536587]  unwind_backtrace from show_stack+0x10/0x14
[   25.536624]  show_stack from dump_stack_lvl+0x50/0x64
[   25.536649]  dump_stack_lvl from __warn+0x88/0x148
[   25.536669]  __warn from warn_slowpath_fmt+0x19c/0x1b0
[   25.536682]  warn_slowpath_fmt from vlan_for_each+0x114/0x134
[   25.536701]  vlan_for_each from cpsw_add_mc_addr+0x40/0xa4
[   25.536721]  cpsw_add_mc_addr from __hw_addr_ref_sync_dev+0x108/0x140
[   25.536745]  __hw_addr_ref_sync_dev from __dev_mc_add+0x7c/0x80
[   25.536765]  __dev_mc_add from igmp6_group_added+0xc8/0xe0
[   25.536787]  igmp6_group_added from __ipv6_dev_mc_inc+0x218/0x364
[   25.536802]  __ipv6_dev_mc_inc from __ipv6_sock_mc_join+0x11c/0x1c0
[   25.536817]  __ipv6_sock_mc_join from do_ipv6_setsockopt+0x1214/0x1310
[   25.536842]  do_ipv6_setsockopt from ipv6_setsockopt+0x60/0xcc
[   25.536861]  ipv6_setsockopt from udpv6_setsockopt+0x2c/0x6c
[   25.536882]  udpv6_setsockopt from sock_common_setsockopt+0x30/0x40
[   25.536911]  sock_common_setsockopt from do_sock_setsockopt+0x50/0x9c
[   25.536930]  do_sock_setsockopt from __sys_setsockopt+0x70/0xbc
[   25.536946]  __sys_setsockopt from ret_fast_syscall+0x0/0x58
[   25.536961] Exception stack(0xe0121fa8 to 0xe0121ff0)
[   25.536976] 1fa0:                   00000014 b6f4ece8 0000000d 00000029 00000014 bea139ec
[   25.536988] 1fc0: 00000014 b6f4ece8 00000014 00000126 0000000d b6ef7ff4 004fe988 004e6558
[   25.536996] 1fe0: b6f0d088 bea139d8 b6eea309 b6dc141a
[   25.537004] ---[ end trace 0000000000000000 ]---
[   25.732510] Bluetooth: Core ver 2.22
[   25.736339] NET: Registered PF_BLUETOOTH protocol family
[   25.741801] Bluetooth: HCI device and connection manager initialized
[   25.748218] Bluetooth: HCI socket layer initialized
[   25.753181] Bluetooth: L2CAP socket layer initialized
[   25.758294] Bluetooth: SCO socket layer initialized
[   26.254453] PM: Cannot get wkup_m3_ipc handle
[   26.260293] asoc-simple-card sound: using DT '/sound' for 'simple-audio-card,hp-det' GPIO lookup
[   26.260361] of_get_named_gpiod_flags: can't parse 'simple-audio-card,hp-det-gpios' property of node '/sound[0]'
[   26.260399] of_get_named_gpiod_flags: can't parse 'simple-audio-card,hp-det-gpio' property of node '/sound[0]'
[   26.260424] asoc-simple-card sound: using lookup tables for GPIO lookup
[   26.260439] asoc-simple-card sound: No GPIO consumer simple-audio-card,hp-det found
[   26.260454] asoc-simple-card sound: using DT '/sound' for 'simple-audio-card,mic-det' GPIO lookup
[   26.260479] of_get_named_gpiod_flags: can't parse 'simple-audio-card,mic-det-gpios' property of node '/sound[0]'
[   26.260506] of_get_named_gpiod_flags: can't parse 'simple-audio-card,mic-det-gpio' property of node '/sound[0]'
[   26.260526] asoc-simple-card sound: using lookup tables for GPIO lookup
[   26.260538] asoc-simple-card sound: No GPIO consumer simple-audio-card,mic-det found
[   26.323051] tda998x 0-0070: using DT '/ocp/interconnect@44c00000/segment@200000/target-module@b000/i2c@0/tda19988@70' for 'nxp,calib' GPIO lookup
[   26.323193] of_get_named_gpiod_flags: parsed 'nxp,calib-gpios' property of node '/ocp/interconnect@44c00000/segment@200000/target-module@b000/i2c@0/tda19988@70[0]' - status (0)
[   26.323279] gpio gpiochip0: Persistence not supported for GPIO 25
[   26.323295] gpio-537 (nxp,calib): no flags found for GPIO nxp,calib
[   26.328646] PM: Cannot get wkup_m3_ipc handle
[   26.373752] gpio-537 (nxp,calib): gpiod_direction_output_nonotify: tried to set a GPIO tied to an IRQ as output
[   26.440317] tda9950 0-0034: TDA9950 CEC interface, hardware version 3.3
[   26.526711] PM: Cannot get wkup_m3_ipc handle
[   28.386998] userial_init: registered 8 ttyGS* devices
[   28.685999] rndis_register: configNr = 0
[   28.795822] udc musb-hdrc.0: binding gadget driver [g_multi]
[   28.795923] configfs-gadget.g_multi gadget.0: adding 'rndis'/5b785e46 to config 'c'/d1c97f01
[   28.797100] configfs-gadget.g_multi gadget.0: HOST MAC 1c:ba:8c:a2:ed:6c
[   28.804143] configfs-gadget.g_multi gadget.0: MAC 1c:ba:8c:a2:ed:70
[   28.810513] rndis_set_param_medium: 0 0
[   28.810534] configfs-gadget.g_multi gadget.0: RNDIS: IN/ep1in OUT/ep1out NOTIFY/ep2in
[   28.810582] configfs-gadget.g_multi gadget.0: adding 'cdc_ethernet'/beea7ed2 to config 'c'/d1c97f01
[   28.811500] configfs-gadget.g_multi gadget.0: HOST MAC 1c:ba:8c:a2:ed:6c
[   28.818370] configfs-gadget.g_multi gadget.0: MAC 1c:ba:8c:a2:ed:6d
[   28.824736] configfs-gadget.g_multi gadget.0: CDC Ethernet: IN/ep3in OUT/ep2out NOTIFY/ep4in
[   28.824756] configfs-gadget.g_multi gadget.0: adding 'acm'/f4c9ee57 to config 'c'/d1c97f01
[   28.824794] configfs-gadget.g_multi gadget.0: acm ttyGS0: IN/ep5in OUT/ep3out NOTIFY/ep6in
[   28.832795] PM: Cannot get wkup_m3_ipc handle
[   30.208727] configfs-gadget.g_multi gadget.0: eth_open
[   35.277907] gs_open: ttyGS0 (5207862d,af7169c7)
[   35.278066] gs_close: ttyGS0 (5207862d,af7169c7) ...
[   35.278091] gs_close: ttyGS0 (5207862d,af7169c7) done!
[   35.296448] gs_open: ttyGS0 (9a964a84,43f6af92)
[   35.296590] gs_close: ttyGS0 (9a964a84,43f6af92) ...
[   35.296613] gs_close: ttyGS0 (9a964a84,43f6af92) done!
[   35.469075] gs_open: ttyGS0 (ff4a93cf,145aa07c)
[   35.469319] gs_close: ttyGS0 (ff4a93cf,145aa07c) ...
[   35.469348] gs_close: ttyGS0 (ff4a93cf,145aa07c) done!
[   35.477376] gs_open: ttyGS0 (ff4a93cf,d3a48e9c)
SXBSXJETTO 0
root@arm:~# echo 'JJCH''UAULUQ'
JJCHUAULUQ
root@arm:~# MARKER='YKBF''GWXCCB' run 'modprobe test_linear_ranges'
YKBFGWXCCBYKBFGWXCCB 0
root@arm:~# echo 'APEB''MZXFSW'
APEBMZXFSW
root@arm:~# MARKER='NFLA''HZSBNK' run dmesg
NFLAHZSBNK[    0.000000] Booting Linux on physical CPU 0x0
[    0.000000] Linux version 6.17.0-rc6-next-20250916 (user01@drvtest01) (arm-none-eabi-gcc (Arm GNU Toolchain 14.2.Rel1 (Build arm-14.52)) 14.2.1 20241119, GNU ld (Arm GNU Toolchain 14.2.Rel1 (Build arm-14.52)) 2.43.1.20241119) #1 SMP Tue Sep 16 17:37:33 EEST 2025
[    0.000000] CPU: ARMv7 Processor [413fc082] revision 2 (ARMv7), cr=10c5387d
[    0.000000] CPU: PIPT / VIPT nonaliasing data cache, VIPT aliasing instruction cache
[    0.000000] OF: fdt: Machine model: TI AM335x BeagleBone Black
[    0.000000] Memory policy: Data cache writeback
[    0.000000] cma: Reserved 16 MiB at 0x9e800000
[    0.000000] Zone ranges:
[    0.000000]   Normal   [mem 0x0000000080000000-0x000000009fdfffff]
[    0.000000]   HighMem  empty
[    0.000000] Movable zone start for each node
[    0.000000] Early memory node ranges
[    0.000000]   node   0: [mem 0x0000000080000000-0x000000009fdfffff]
[    0.000000] Initmem setup node 0 [mem 0x0000000080000000-0x000000009fdfffff]
[    0.000000] On node 0, zone Normal: 512 pages in unavailable ranges
[    0.000000] OF: reserved mem: Reserved memory: No reserved-memory node in the DT
[    0.000000] CPU: All CPU(s) started in SVC mode.
[    0.000000] AM335X ES2.1 (sgx neon)
[    0.000000] percpu: Embedded 17 pages/cpu s39884 r8192 d21556 u69632
[    0.000000] pcpu-alloc: s39884 r8192 d21556 u69632 alloc=17*4096
[    0.000000] pcpu-alloc: [0] 0 
[    0.000000] Kernel command line: console=ttyO0,115200n8 root=/dev/nfs rw nfsroot=192.168.255.126:/home/user01/nfs,nfsvers=3 ip=192.168.255.1:192.168.255.126::255.255.255.0:bbb1:eth0 nfsrootdebug
[    0.000000] Unknown kernel command line parameters "nfsrootdebug", will be passed to user space.
[    0.000000] printk: log buffer data + meta data: 65536 + 204800 = 270336 bytes
[    0.000000] Dentry cache hash table entries: 65536 (order: 6, 262144 bytes, linear)
[    0.000000] Inode-cache hash table entries: 32768 (order: 5, 131072 bytes, linear)
[    0.000000] Built 1 zonelists, mobility grouping on.  Total pages: 130560
[    0.000000] mem auto-init: stack:off, heap alloc:off, heap free:off
[    0.000000] SLUB: HWalign=16, Order=0-3, MinObjects=0, CPUs=1, Nodes=1
[    0.000000] rcu: Hierarchical RCU implementation.
[    0.000000] rcu: 	RCU event tracing is enabled.
[    0.000000] rcu: 	RCU restricting CPUs from NR_CPUS=2 to nr_cpu_ids=1.
[    0.000000] 	Tracing variant of Tasks RCU enabled.
[    0.000000] rcu: RCU calculated value of scheduler-enlistment delay is 10 jiffies.
[    0.000000] rcu: Adjusting geometry for rcu_fanout_leaf=16, nr_cpu_ids=1
[    0.000000] RCU Tasks Trace: Setting shift to 0 and lim to 1 rcu_task_cb_adjust=1 rcu_task_cpu_ids=1.
[    0.000000] NR_IRQS: 16, nr_irqs: 16, preallocated irqs: 16
[    0.000000] IRQ: Found an INTC at 0x(ptrval) (revision 5.0) with 128 interrupts
[    0.000000] rcu: srcu_init: Setting srcu_struct sizes based on contention.
[    0.000000] TI gptimer clocksource: always-on /ocp/interconnect@44c00000/segment@200000/target-module@31000
[    0.000002] sched_clock: 32 bits at 24MHz, resolution 41ns, wraps every 89478484971ns
[    0.000025] clocksource: dmtimer: mask: 0xffffffff max_cycles: 0xffffffff, max_idle_ns: 79635851949 ns
[    0.000490] TI gptimer clockevent: 24000000 Hz at /ocp/interconnect@48000000/segment@0/target-module@40000
[    0.002045] Console: colour dummy device 80x30
[    0.002105] WARNING: Your 'console=ttyO0' has been replaced by 'ttyS0'
[    0.002113] This ensures that you still see kernel messages. Please
[    0.002117] update your kernel commandline.
[    0.002159] Calibrating delay loop... 996.14 BogoMIPS (lpj=4980736)
[    0.090600] CPU: Testing write buffer coherency: ok
[    0.090684] CPU0: Spectre v2: using BPIALL workaround
[    0.090694] pid_max: default: 32768 minimum: 301
[    0.090866] LSM: initializing lsm=capability
[    0.091032] Mount-cache hash table entries: 1024 (order: 0, 4096 bytes, linear)
[    0.091051] Mountpoint-cache hash table entries: 1024 (order: 0, 4096 bytes, linear)
[    0.092640] CPU0: thread -1, cpu 0, socket -1, mpidr 0
[    0.092699] cacheinfo: Unable to detect cache hierarchy for CPU 0
[    0.094707] Setting up static identity map for 0x80100000 - 0x80100078
[    0.095021] rcu: Hierarchical SRCU implementation.
[    0.095031] rcu: 	Max phase no-delay instances is 1000.
[    0.096716] smp: Bringing up secondary CPUs ...
[    0.096771] smp: Brought up 1 node, 1 CPU
[    0.096784] SMP: Total of 1 processors activated (996.14 BogoMIPS).
[    0.096794] CPU: All CPU(s) started in SVC mode.
[    0.096995] Memory: 480872K/522240K available (11264K kernel code, 1222K rwdata, 2948K rodata, 1024K init, 254K bss, 23332K reserved, 16384K cma-reserved, 0K highmem)
[    0.097817] devtmpfs: initialized
[    0.115012] VFP support v0.3: implementor 41 architecture 3 part 30 variant c rev 3
[    0.115645] clocksource: jiffies: mask: 0xffffffff max_cycles: 0xffffffff, max_idle_ns: 19112604462750000 ns
[    0.115704] posixtimers hash table entries: 512 (order: 0, 4096 bytes, linear)
[    0.115731] futex hash table entries: 256 (16384 bytes on 1 NUMA nodes, total 16 KiB, linear).
[    0.116862] pinctrl core: initialized pinctrl subsystem
[    0.118963] NET: Registered PF_NETLINK/PF_ROUTE protocol family
[    0.122039] DMA: preallocated 256 KiB pool for atomic coherent allocations
[    0.122653] audit: initializing netlink subsys (disabled)
[    0.123986] thermal_sys: Registered thermal governor 'fair_share'
[    0.124000] thermal_sys: Registered thermal governor 'step_wise'
[    0.124010] thermal_sys: Registered thermal governor 'user_space'
[    0.124115] audit: type=2000 audit(0.120:1): state=initialized audit_enabled=0 res=1
[    0.124184] cpuidle: using governor menu
[    0.142677] /ocp/interconnect@44c00000/segment@200000/target-module@b000/i2c@0/tda19988@70: Fixed dependency cycle(s) with /ocp/interconnect@48000000/segment@300000/target-module@e000/lcdc@0
[    0.143776] /ocp/interconnect@48000000/segment@300000/target-module@e000/lcdc@0: Fixed dependency cycle(s) with /ocp/interconnect@44c00000/segment@200000/target-module@b000/i2c@0/tda19988@70
[    0.146005] No ATAGs?
[    0.146043] hw-breakpoint: debug architecture 0x4 unsupported.
[    0.149124] kprobes: kprobe jump-optimization is enabled. All kprobes are optimized if possible.
[    0.153778] iommu: Default domain type: Translated
[    0.153801] iommu: DMA domain TLB invalidation policy: strict mode
[    0.155346] reg-fixed-voltage fixedregulator0: using DT '/fixedregulator0' for '(default)' GPIO lookup
[    0.155401] of_get_named_gpiod_flags: can't parse 'gpios' property of node '/fixedregulator0[0]'
[    0.155430] of_get_named_gpiod_flags: can't parse 'gpio' property of node '/fixedregulator0[0]'
[    0.155448] reg-fixed-voltage fixedregulator0: using lookup tables for GPIO lookup
[    0.155458] reg-fixed-voltage fixedregulator0: No GPIO consumer (default) found
[    0.161570] SCSI subsystem initialized
[    0.162036] libata version 3.00 loaded.
[    0.162428] pps_core: LinuxPPS API ver. 1 registered
[    0.162439] pps_core: Software ver. 5.3.6 - Copyright 2005-2007 Rodolfo Giometti <giometti@linux.it>
[    0.162464] PTP clock support registered
[    0.171313] vgaarb: loaded
[    0.171681] clocksource: Switched to clocksource dmtimer
[    0.172360] VFS: Disk quotas dquot_6.6.0
[    0.172420] VFS: Dquot-cache hash table entries: 1024 (order 0, 4096 bytes)
[    0.197536] NET: Registered PF_INET protocol family
[    0.197877] IP idents hash table entries: 8192 (order: 4, 65536 bytes, linear)
[    0.199295] tcp_listen_portaddr_hash hash table entries: 512 (order: 0, 4096 bytes, linear)
[    0.199333] Table-perturb hash table entries: 65536 (order: 6, 262144 bytes, linear)
[    0.199353] TCP established hash table entries: 4096 (order: 2, 16384 bytes, linear)
[    0.199399] TCP bind hash table entries: 4096 (order: 4, 65536 bytes, linear)
[    0.199498] TCP: Hash tables configured (established 4096 bind 4096)
[    0.199622] UDP hash table entries: 256 (order: 1, 14336 bytes, linear)
[    0.199659] UDP-Lite hash table entries: 256 (order: 1, 14336 bytes, linear)
[    0.199879] NET: Registered PF_UNIX/PF_LOCAL protocol family
[    0.202488] RPC: Registered named UNIX socket transport module.
[    0.202511] RPC: Registered udp transport module.
[    0.202517] RPC: Registered tcp transport module.
[    0.202522] RPC: Registered tcp-with-tls transport module.
[    0.202526] RPC: Registered tcp NFSv4.1 backchannel transport module.
[    0.202552] PCI: CLS 0 bytes, default 64
[    0.203985] Initialise system trusted keyrings
[    0.212327] workingset: timestamp_bits=14 max_order=17 bucket_order=3
[    0.213780] NFS: Registering the id_resolver key type
[    0.213855] Key type id_resolver registered
[    0.213863] Key type id_legacy registered
[    0.213970] jffs2: version 2.2. (NAND) (SUMMARY)  Â© 2001-2006 Red Hat, Inc.
[    0.214439] Key type asymmetric registered
[    0.214454] Asymmetric key parser 'x509' registered
[    0.214530] io scheduler mq-deadline registered
[    0.214541] io scheduler kyber registered
[    0.214630] io scheduler bfq registered
[    0.216508] target-module@4b000000:target-module@140000:pmu@0:fck: device ID is greater than 24
[    0.222703] l3-aon-clkctrl:0000:0: failed to disable
[    0.232307] ledtrig-cpu: registered to indicate activity on CPUs
[    0.236074] Serial: 8250/16550 driver, 6 ports, IRQ sharing enabled
[    0.282734] brd: module loaded
[    0.291369] loop: module loaded
[    0.292483] mtdoops: mtd device (mtddev=name/number) must be supplied
[    0.294058] mdio_bus fixed-0: using lookup tables for GPIO lookup
[    0.294085] mdio_bus fixed-0: No GPIO consumer reset found
[    0.295521] i2c_dev: i2c /dev entries driver
[    0.296542] cpuidle: enable-method property 'ti,am3352' found operations
[    0.296996] sdhci: Secure Digital Host Controller Interface driver
[    0.297007] sdhci: Copyright(c) Pierre Ossman
[    0.297192] sdhci-pltfm: SDHCI platform and OF driver helper
[    0.317541] hw perfevents: enabled with armv7_cortex_a8 PMU driver, 5 (8000000f) counters available
[    0.318106] Initializing XFRM netlink socket
[    0.318292] NET: Registered PF_INET6 protocol family
[    0.323955] l3-aon-clkctrl:0000:0: failed to disable
[    0.325552] Segment Routing with IPv6
[    0.325635] In-situ OAM (IOAM) with IPv6
[    0.325733] sit: IPv6, IPv4 and MPLS over IPv4 tunneling driver
[    0.326710] NET: Registered PF_PACKET protocol family
[    0.326738] NET: Registered PF_KEY protocol family
[    0.326876] Key type dns_resolver registered
[    0.327100] ThumbEE CPU extension supported.
[    0.327120] Registering SWP/SWPB emulation handler
[    0.327645] omap_voltage_late_init: Voltage driver support not added
[    0.328310] SmartReflex Class3 initialized
[    0.358496] Loading compiled-in X.509 certificates
[    0.405432] /ocp/interconnect@44c00000/segment@200000/target-module@b000/i2c@0/tda19988@70: Fixed dependency cycle(s) with /ocp/interconnect@48000000/segment@300000/target-module@e000/lcdc@0
[    0.412022] /ocp/interconnect@44c00000/segment@200000/target-module@b000/i2c@0/tda19988@70: Fixed dependency cycle(s) with /ocp/interconnect@48000000/segment@300000/target-module@e000/lcdc@0
[    0.417639] gpiochip_find_base_unlocked: found new base at 512
[    0.452647] /ocp/interconnect@44c00000/segment@200000/target-module@b000/i2c@0/tda19988@70: Fixed dependency cycle(s) with /ocp/interconnect@48000000/segment@300000/target-module@e000/lcdc@0
[    0.453569] /ocp/interconnect@44c00000/segment@200000/target-module@b000/i2c@0/tda19988@70: Fixed dependency cycle(s) with /ocp/interconnect@48000000/segment@300000/target-module@e000/lcdc@0
[    0.457136] /ocp/interconnect@44c00000/segment@200000/target-module@10000/scm@0/pinmux@800: Fixed dependency cycle(s) with /ocp/interconnect@44c00000/segment@200000/target-module@10000/scm@0/pinmux@800/clkout2-pins
[    0.457723] pinctrl-single 44e10800.pinmux: 142 pins, size 568
[    0.463281] ti-sysc 44e31000.target-module: probe with driver ti-sysc failed with error -16
[    0.489010] /ocp/interconnect@48000000/segment@300000/target-module@e000/lcdc@0: Fixed dependency cycle(s) with /ocp/interconnect@44c00000/segment@200000/target-module@b000/i2c@0/tda19988@70
[    0.497481] ti-sysc 48040000.target-module: probe with driver ti-sysc failed with error -16
[    0.509154] gpiochip_find_base_unlocked: found new base at 512
[    0.509256] gpio gpiochip0: (gpio-0-31): created GPIO range 0->7 ==> 44e10800.pinmux PIN 0->7
[    0.509276] gpio gpiochip0: (gpio-0-31): created GPIO range 8->11 ==> 44e10800.pinmux PIN 90->93
[    0.509292] gpio gpiochip0: (gpio-0-31): created GPIO range 12->27 ==> 44e10800.pinmux PIN 12->27
[    0.509318] gpio gpiochip0: (gpio-0-31): created GPIO range 28->31 ==> 44e10800.pinmux PIN 30->33
[    0.536313] gpio gpiochip0: (gpio-0-31): added GPIO chardev (254:0)
[    0.536539] gpio gpiochip0: registered GPIOs 512 to 543 on gpio-0-31
[    0.536625] OMAP GPIO hardware version 0.1
[    0.571063] i2c i2c-2: using DT '/ocp/interconnect@48000000/segment@100000/target-module@9c000/i2c@0' for 'scl' GPIO lookup
[    0.571136] of_get_named_gpiod_flags: can't parse 'scl-gpios' property of node '/ocp/interconnect@48000000/segment@100000/target-module@9c000/i2c@0[0]'
[    0.571178] of_get_named_gpiod_flags: can't parse 'scl-gpio' property of node '/ocp/interconnect@48000000/segment@100000/target-module@9c000/i2c@0[0]'
[    0.571214] i2c i2c-2: using lookup tables for GPIO lookup
[    0.571224] i2c i2c-2: No GPIO consumer scl found
[    0.571245] i2c i2c-2: using DT '/ocp/interconnect@48000000/segment@100000/target-module@9c000/i2c@0' for 'sda' GPIO lookup
[    0.571281] of_get_named_gpiod_flags: can't parse 'sda-gpios' property of node '/ocp/interconnect@48000000/segment@100000/target-module@9c000/i2c@0[0]'
[    0.571318] of_get_named_gpiod_flags: can't parse 'sda-gpio' property of node '/ocp/interconnect@48000000/segment@100000/target-module@9c000/i2c@0[0]'
[    0.571350] i2c i2c-2: using lookup tables for GPIO lookup
[    0.571358] i2c i2c-2: No GPIO consumer sda found
[    0.572305] omap_i2c 4819c000.i2c: bus 2 rev0.11 at 100 kHz
[    0.577952] gpiochip_find_base_unlocked: found new base at 544
[    0.578065] gpio gpiochip1: (gpio-32-63): created GPIO range 0->17 ==> 44e10800.pinmux PIN 34->51
[    0.578085] gpio gpiochip1: (gpio-32-63): created GPIO range 18->21 ==> 44e10800.pinmux PIN 77->80
[    0.578100] gpio gpiochip1: (gpio-32-63): created GPIO range 22->31 ==> 44e10800.pinmux PIN 56->65
[    0.596792] gpio gpiochip1: (gpio-32-63): added GPIO chardev (254:1)
[    0.597021] gpio gpiochip1: registered GPIOs 544 to 575 on gpio-32-63
[    0.599349] gpiochip_find_base_unlocked: found new base at 576
[    0.599443] gpio gpiochip2: (gpio-64-95): created GPIO range 0->4 ==> 44e10800.pinmux PIN 66->70
[    0.599463] gpio gpiochip2: (gpio-64-95): created GPIO range 5->6 ==> 44e10800.pinmux PIN 98->99
[    0.599478] gpio gpiochip2: (gpio-64-95): created GPIO range 7->8 ==> 44e10800.pinmux PIN 75->76
[    0.599494] gpio gpiochip2: (gpio-64-95): created GPIO range 13->13 ==> 44e10800.pinmux PIN 141->141
[    0.599510] gpio gpiochip2: (gpio-64-95): created GPIO range 14->21 ==> 44e10800.pinmux PIN 100->107
[    0.610553] gpio gpiochip2: (gpio-64-95): added GPIO chardev (254:2)
[    0.610766] gpio gpiochip2: registered GPIOs 576 to 607 on gpio-64-95
[    0.616723] 48000000.interconnect:segment@200000:target-module@0:mpu@0:fck: device ID is greater than 24
[    0.617627] /ocp/interconnect@48000000/segment@300000/target-module@e000/lcdc@0: Fixed dependency cycle(s) with /ocp/interconnect@44c00000/segment@200000/target-module@b000/i2c@0/tda19988@70
[    0.620562] /ocp/interconnect@48000000/segment@300000/target-module@e000/lcdc@0: Fixed dependency cycle(s) with /ocp/interconnect@44c00000/segment@200000/target-module@b000/i2c@0/tda19988@70
[    0.621280] /ocp/interconnect@44c00000/segment@200000/target-module@b000/i2c@0/tda19988@70: Fixed dependency cycle(s) with /ocp/interconnect@48000000/segment@300000/target-module@e000/lcdc@0
[    0.621441] /ocp/interconnect@48000000/segment@300000/target-module@e000/lcdc@0: Fixed dependency cycle(s) with /ocp/interconnect@44c00000/segment@200000/target-module@b000/i2c@0/tda19988@70
[    0.631363] mdio_bus 4a101000.mdio: using DT '/ocp/interconnect@4a000000/segment@0/target-module@100000/switch@0/mdio@1000' for 'reset' GPIO lookup
[    0.631435] of_get_named_gpiod_flags: can't parse 'reset-gpios' property of node '/ocp/interconnect@4a000000/segment@0/target-module@100000/switch@0/mdio@1000[0]'
[    0.631482] of_get_named_gpiod_flags: can't parse 'reset-gpio' property of node '/ocp/interconnect@4a000000/segment@0/target-module@100000/switch@0/mdio@1000[0]'
[    0.631529] mdio_bus 4a101000.mdio: using lookup tables for GPIO lookup
[    0.631540] mdio_bus 4a101000.mdio: No GPIO consumer reset found
[    0.647896] sdhci-omap 481d8000.mmc: using DT '/ocp/interconnect@48000000/segment@100000/target-module@d8000/mmc@0' for 'wp' GPIO lookup
[    0.647966] of_get_named_gpiod_flags: can't parse 'wp-gpios' property of node '/ocp/interconnect@48000000/segment@100000/target-module@d8000/mmc@0[0]'
[    0.648011] of_get_named_gpiod_flags: can't parse 'wp-gpio' property of node '/ocp/interconnect@48000000/segment@100000/target-module@d8000/mmc@0[0]'
[    0.648047] sdhci-omap 481d8000.mmc: using lookup tables for GPIO lookup
[    0.648057] sdhci-omap 481d8000.mmc: No GPIO consumer wp found
[    0.648259] sdhci-omap 481d8000.mmc: supply pbias not found, using dummy regulator
[    0.648752] sdhci-omap 481d8000.mmc: supply vqmmc not found, using dummy regulator
[    0.690508] davinci_mdio 4a101000.mdio: davinci mdio revision 1.6, bus freq 1000000
[    0.726335] mdio_bus 4a101000.mdio:00: using DT '/ocp/interconnect@4a000000/segment@0/target-module@100000/switch@0/mdio@1000/ethernet-phy@0' for 'reset' GPIO lookup
[    0.726437] of_get_named_gpiod_flags: parsed 'reset-gpios' property of node '/ocp/interconnect@4a000000/segment@0/target-module@100000/switch@0/mdio@1000/ethernet-phy@0[0]' - status (0)
[    0.726602] gpio gpiochip0: Persistence not supported for GPIO 8
[    0.865425] davinci_mdio 4a101000.mdio: phy[0]: device 4a101000.mdio:00, driver SMSC LAN8710/LAN8720
[    0.866194] cpsw-switch 4a100000.switch: initialized cpsw ale version 1.4
[    0.866217] cpsw-switch 4a100000.switch: ALE Table size 1024, Policers 0
[    0.866377] cpsw-switch 4a100000.switch: cpts: overflow check period 500 (jiffies)
[    0.866392] cpsw-switch 4a100000.switch: CPTS: ref_clk_freq:250000000 calc_mult:2147483648 calc_shift:29 error:0 nsec/sec
[    0.866497] cpsw-switch 4a100000.switch: Detected MACID = 6c:ec:eb:68:de:78
[    0.868376] cpsw-switch 4a100000.switch: initialized (regs 0x4a100000, pool size 256) hw_ver:0019010C 1.12 (0)
[    0.879572] debugfs: '49000000.dma' already exists in 'dmaengine'
[    0.879615] edma 49000000.dma: TI EDMA DMA engine driver
[    0.927576] gpio-clk clk_mcasp0: using DT '/clk_mcasp0' for 'enable' GPIO lookup
[    0.927651] of_get_named_gpiod_flags: parsed 'enable-gpios' property of node '/clk_mcasp0[0]' - status (0)
[    0.927699] gpio gpiochip0: Persistence not supported for GPIO 27
[    0.928580] gpiochip_find_base_unlocked: found new base at 608
[    0.928699] gpio gpiochip3: (gpio-96-127): created GPIO range 0->7 ==> 44e10800.pinmux PIN 82->89
[    0.928722] gpio gpiochip3: (gpio-96-127): created GPIO range 8->11 ==> 44e10800.pinmux PIN 52->55
[    0.928737] gpio gpiochip3: (gpio-96-127): created GPIO range 12->15 ==> 44e10800.pinmux PIN 94->97
[    0.928754] gpio gpiochip3: (gpio-96-127): created GPIO range 16->17 ==> 44e10800.pinmux PIN 71->72
[    0.928769] gpio gpiochip3: (gpio-96-127): created GPIO range 18->18 ==> 44e10800.pinmux PIN 135->135
[    0.928786] gpio gpiochip3: (gpio-96-127): created GPIO range 19->20 ==> 44e10800.pinmux PIN 108->109
[    0.928803] gpio gpiochip3: (gpio-96-127): created GPIO range 21->21 ==> 44e10800.pinmux PIN 73->73
[    0.928821] gpio gpiochip3: (gpio-96-127): created GPIO range 22->23 ==> 44e10800.pinmux PIN 8->9
[    0.928838] gpio gpiochip3: (gpio-96-127): created GPIO range 26->27 ==> 44e10800.pinmux PIN 10->11
[    0.928856] gpio gpiochip3: (gpio-96-127): created GPIO range 28->28 ==> 44e10800.pinmux PIN 74->74
[    0.928874] gpio gpiochip3: (gpio-96-127): created GPIO range 29->29 ==> 44e10800.pinmux PIN 81->81
[    0.928893] gpio gpiochip3: (gpio-96-127): created GPIO range 30->31 ==> 44e10800.pinmux PIN 28->29
[    0.953376] gpio gpiochip3: (gpio-96-127): added GPIO chardev (254:3)
