Labgrid Console Logfile for main
Logfile started at 2025-10-23 06:46:31.464074
=== Log starts here ===
reading args
spl_load_image_fat_os: error reading image args, err - -1
reading u-boot.img
reading u-boot.img


U-Boot 2014.04-00014-g47880f5 (Apr 22 2014 - 13:23:54)

I2C:   ready
DRAM:  512 MiB
NAND:  0 MiB
MMC:   OMAP SD/MMC: 0, OMAP SD/MMC: 1
*** Warning - readenv() failed, using default environment

Net:   <ethaddr> not set. Validating first E-fuse MAC
cpsw, usb_ether
Hit any key to stop autoboot:  1  0 
gpio: pin 53 (gpio 53) value is 1
mmc0 is current device
gpio: pin 54 (gpio 54) value is 1
SD/MMC found on device 0
reading uEnv.txt
569 bytes read in 4 ms (138.7 KiB/s)
gpio: pin 55 (gpio 55) value is 1
Loaded environment from uEnv.txt
Importing environment from mmc ...
Checking if uenvcmd is set ...
gpio: pin 56 (gpio 56) value is 1
Running uenvcmd ...
cpsw Waiting for PHY auto negotiation to complete. done
link up on port 0, speed 100, full duplex
Using cpsw device
TFTP from server 192.168.255.126; our IP address is 192.168.255.1
Filename 'zImage'.
Load address: 0x81000000
Loading: *T #################################################################
	 #################################################################
	 #################################################################
	 #################################################################
	 #################################################################
	 ##############################################################
	 767.6 KiB/s
done
Bytes transferred = 5680840 (56aec8 hex)
link up on port 0, speed 100, full duplex
Using cpsw device
TFTP from server 192.168.255.126; our IP address is 192.168.255.1
Filename 'am335x-boneblack.dtb'.
Load address: 0x82000000
Loading: *#######
	 2.4 MiB/s
done
Bytes transferred = 98148 (17f64 hex)
Kernel image @ 0x81000000 [ 0x000000 - 0x56aec8 ]
## Flattened Device Tree blob at 82000000
   Booting using the fdt blob at 0x82000000
   Using Device Tree in place at 82000000, end 8201af63

Starting kernel ...

[    0.000000] Booting Linux on physical CPU 0x0
[    0.000000] Linux version 6.18.0-rc2-next-20251023 (user01@drvtest01) (arm-none-eabi-gcc (Arm GNU Toolchain 14.2.Rel1 (Build arm-14.52)) 14.2.1 20241119, GNU ld (Arm GNU Toolchain 14.2.Rel1 (Build arm-14.52)) 2.43.1.20241119) #1 SMP Thu Oct 23 06:44:42 EEST 2025
[    0.000000] CPU: ARMv7 Processor [413fc082] revision 2 (ARMv7), cr=10c5387d
[    0.000000] CPU: PIPT / VIPT nonaliasing data cache, VIPT aliasing instruction cache
[    0.000000] OF: fdt: Machine model: TI AM335x BeagleBone Black
[    0.000000] Memory policy: Data cache writeback
[    0.000000] cma: Reserved 16 MiB at 0x9e800000
[    0.000000] Zone ranges:
[    0.000000]   Normal   [mem 0x0000000080000000-0x000000009fdfffff]
[    0.000000]   HighMem  empty
[    0.000000] Movable zone start for each node
[    0.000000] Early memory node ranges
[    0.000000]   node   0: [mem 0x0000000080000000-0x000000009fdfffff]
[    0.000000] Initmem setup node 0 [mem 0x0000000080000000-0x000000009fdfffff]
[    0.000000] On node 0, zone Normal: 512 pages in unavailable ranges
[    0.000000] OF: reserved mem: Reserved memory: No reserved-memory node in the DT
[    0.000000] CPU: All CPU(s) started in SVC mode.
[    0.000000] AM335X ES2.1 (sgx neon)
[    0.000000] percpu: Embedded 17 pages/cpu s40012 r8192 d21428 u69632
[    0.000000] Kernel command line: console=ttyO0,115200n8 root=/dev/nfs rw nfsroot=192.168.255.126:/home/user01/nfs,nfsvers=3 ip=192.168.255.1:192.168.255.126::255.255.255.0:bbb1:eth0 nfsrootdebug
[    0.000000] Unknown kernel command line parameters "nfsrootdebug", will be passed to user space.
[    0.000000] printk: log buffer data + meta data: 65536 + 204800 = 270336 bytes
[    0.000000] Dentry cache hash table entries: 65536 (order: 6, 262144 bytes, linear)
[    0.000000] Inode-cache hash table entries: 32768 (order: 5, 131072 bytes, linear)
[    0.000000] Built 1 zonelists, mobility grouping on.  Total pages: 130560
[    0.000000] mem auto-init: stack:off, heap alloc:off, heap free:off
[    0.000000] SLUB: HWalign=16, Order=0-3, MinObjects=0, CPUs=1, Nodes=1
[    0.000000] rcu: Hierarchical RCU implementation.
[    0.000000] rcu: 	RCU event tracing is enabled.
[    0.000000] rcu: 	RCU restricting CPUs from NR_CPUS=2 to nr_cpu_ids=1.
[    0.000000] 	Tracing variant of Tasks RCU enabled.
[    0.000000] rcu: RCU calculated value of scheduler-enlistment delay is 10 jiffies.
[    0.000000] rcu: Adjusting geometry for rcu_fanout_leaf=16, nr_cpu_ids=1
[    0.000000] RCU Tasks Trace: Setting shift to 0 and lim to 1 rcu_task_cb_adjust=1 rcu_task_cpu_ids=1.
[    0.000000] NR_IRQS: 16, nr_irqs: 16, preallocated irqs: 16
[    0.000000] IRQ: Found an INTC at 0x(ptrval) (revision 5.0) with 128 interrupts
[    0.000000] rcu: srcu_init: Setting srcu_struct sizes based on contention.
[    0.000000] TI gptimer clocksource: always-on /ocp/interconnect@44c00000/segment@200000/target-module@31000
[    0.000002] sched_clock: 32 bits at 24MHz, resolution 41ns, wraps every 89478484971ns
[    0.000028] clocksource: dmtimer: mask: 0xffffffff max_cycles: 0xffffffff, max_idle_ns: 79635851949 ns
[    0.000498] TI gptimer clockevent: 24000000 Hz at /ocp/interconnect@48000000/segment@0/target-module@40000
[    0.002064] Console: colour dummy device 80x30
[    0.002132] WARNING: Your 'console=ttyO0' has been replaced by 'ttyS0'
[    0.002140] This ensures that you still see kernel messages. Please
[    0.002144] update your kernel commandline.
[    0.002189] Calibrating delay loop... 996.14 BogoMIPS (lpj=4980736)
[    0.090544] CPU: Testing write buffer coherency: ok
[    0.090656] CPU0: Spectre v2: using BPIALL workaround
[    0.090667] pid_max: default: 32768 minimum: 301
[    0.090981] Mount-cache hash table entries: 1024 (order: 0, 4096 bytes, linear)
[    0.091005] Mountpoint-cache hash table entries: 1024 (order: 0, 4096 bytes, linear)
[    0.092588] CPU0: thread -1, cpu 0, socket -1, mpidr 0
[    0.092648] cacheinfo: Unable to detect cache hierarchy for CPU 0
[    0.094694] Setting up static identity map for 0x80100000 - 0x80100078
[    0.095014] rcu: Hierarchical SRCU implementation.
[    0.095025] rcu: 	Max phase no-delay instances is 1000.
[    0.096725] smp: Bringing up secondary CPUs ...
[    0.096780] smp: Brought up 1 node, 1 CPU
[    0.096791] SMP: Total of 1 processors activated (996.14 BogoMIPS).
[    0.096803] CPU: All CPU(s) started in SVC mode.
[    0.097001] Memory: 480864K/522240K available (11264K kernel code, 1226K rwdata, 2952K rodata, 1024K init, 256K bss, 23336K reserved, 16384K cma-reserved, 0K highmem)
[    0.097813] devtmpfs: initialized
[    0.115475] VFP support v0.3: implementor 41 architecture 3 part 30 variant c rev 3
[    0.116158] clocksource: jiffies: mask: 0xffffffff max_cycles: 0xffffffff, max_idle_ns: 19112604462750000 ns
[    0.116215] posixtimers hash table entries: 512 (order: 0, 4096 bytes, linear)
[    0.116242] futex hash table entries: 256 (16384 bytes on 1 NUMA nodes, total 16 KiB, linear).
[    0.119455] NET: Registered PF_NETLINK/PF_ROUTE protocol family
[    0.122549] DMA: preallocated 256 KiB pool for atomic coherent allocations
[    0.123163] audit: initializing netlink subsys (disabled)
[    0.124520] thermal_sys: Registered thermal governor 'fair_share'
[    0.124536] thermal_sys: Registered thermal governor 'step_wise'
[    0.124545] thermal_sys: Registered thermal governor 'user_space'
[    0.124654] audit: type=2000 audit(0.120:1): state=initialized audit_enabled=0 res=1
[    0.124723] cpuidle: using governor menu
[    0.142676] /ocp/interconnect@44c00000/segment@200000/target-module@b000/i2c@0/tda19988@70: Fixed dependency cycle(s) with /ocp/interconnect@48000000/segment@300000/target-module@e000/lcdc@0
[    0.143770] /ocp/interconnect@48000000/segment@300000/target-module@e000/lcdc@0: Fixed dependency cycle(s) with /ocp/interconnect@44c00000/segment@200000/target-module@b000/i2c@0/tda19988@70
[    0.145945] No ATAGs?
[    0.145981] hw-breakpoint: debug architecture 0x4 unsupported.
[    0.149063] kprobes: kprobe jump-optimization is enabled. All kprobes are optimized if possible.
[    0.153848] iommu: Default domain type: Translated
[    0.153873] iommu: DMA domain TLB invalidation policy: strict mode
[    0.161626] SCSI subsystem initialized
[    0.162508] pps_core: LinuxPPS API ver. 1 registered
[    0.162519] pps_core: Software ver. 5.3.6 - Copyright 2005-2007 Rodolfo Giometti <giometti@linux.it>
[    0.162544] PTP clock support registered
[    0.170878] vgaarb: loaded
[    0.171257] clocksource: Switched to clocksource dmtimer
[    0.171954] VFS: Disk quotas dquot_6.6.0
[    0.172017] VFS: Dquot-cache hash table entries: 1024 (order 0, 4096 bytes)
[    0.196088] NET: Registered PF_INET protocol family
[    0.196428] IP idents hash table entries: 8192 (order: 4, 65536 bytes, linear)
[    0.197880] tcp_listen_portaddr_hash hash table entries: 512 (order: 0, 4096 bytes, linear)
[    0.197917] Table-perturb hash table entries: 65536 (order: 6, 262144 bytes, linear)
[    0.197934] TCP established hash table entries: 4096 (order: 2, 16384 bytes, linear)
[    0.197979] TCP bind hash table entries: 4096 (order: 4, 65536 bytes, linear)
[    0.198078] TCP: Hash tables configured (established 4096 bind 4096)
[    0.198206] UDP hash table entries: 256 (order: 1, 14336 bytes, linear)
[    0.198241] UDP-Lite hash table entries: 256 (order: 1, 14336 bytes, linear)
[    0.198445] NET: Registered PF_UNIX/PF_LOCAL protocol family
[    0.202139] RPC: Registered named UNIX socket transport module.
[    0.202162] RPC: Registered udp transport module.
[    0.202167] RPC: Registered tcp transport module.
[    0.202172] RPC: Registered tcp-with-tls transport module.
[    0.202177] RPC: Registered tcp NFSv4.1 backchannel transport module.
[    0.202202] PCI: CLS 0 bytes, default 64
[    0.203628] Initialise system trusted keyrings
[    0.212296] workingset: timestamp_bits=14 max_order=17 bucket_order=3
[    0.213757] NFS: Registering the id_resolver key type
[    0.213857] Key type id_resolver registered
[    0.213864] Key type id_legacy registered
[    0.213984] jffs2: version 2.2. (NAND) (SUMMARY)  Â© 2001-2006 Red Hat, Inc.
[    0.214452] Key type asymmetric registered
[    0.214468] Asymmetric key parser 'x509' registered
[    0.214548] io scheduler mq-deadline registered
[    0.214559] io scheduler kyber registered
[    0.214646] io scheduler bfq registered
[    0.216514] target-module@4b000000:target-module@140000:pmu@0:fck: device ID is greater than 24
[    0.221508] ledtrig-cpu: registered to indicate activity on CPUs
[    0.232271] Serial: 8250/16550 driver, 6 ports, IRQ sharing enabled
[    0.279863] brd: module loaded
[    0.288732] loop: module loaded
[    0.289683] mtdoops: mtd device (mtddev=name/number) must be supplied
[    0.292874] i2c_dev: i2c /dev entries driver
[    0.293915] cpuidle: enable-method property 'ti,am3352' found operations
[    0.294367] sdhci: Secure Digital Host Controller Interface driver
[    0.294377] sdhci: Copyright(c) Pierre Ossman
[    0.294571] sdhci-pltfm: SDHCI platform and OF driver helper
[    0.301631] hw perfevents: enabled with armv7_cortex_a8 PMU driver, 5 (8000000f) counters available
[    0.302184] Initializing XFRM netlink socket
[    0.302355] NET: Registered PF_INET6 protocol family
[    0.304407] Segment Routing with IPv6
[    0.304490] In-situ OAM (IOAM) with IPv6
[    0.304586] sit: IPv6, IPv4 and MPLS over IPv4 tunneling driver
[    0.305567] NET: Registered PF_PACKET protocol family
[    0.305596] NET: Registered PF_KEY protocol family
[    0.305738] Key type dns_resolver registered
[    0.305963] ThumbEE CPU extension supported.
[    0.305986] Registering SWP/SWPB emulation handler
[    0.306511] omap_voltage_late_init: Voltage driver support not added
[    0.307180] SmartReflex Class3 initialized
[    0.345165] Loading compiled-in X.509 certificates
[    0.375840] /ocp/interconnect@44c00000/segment@200000/target-module@b000/i2c@0/tda19988@70: Fixed dependency cycle(s) with /ocp/interconnect@48000000/segment@300000/target-module@e000/lcdc@0
[    0.382435] /ocp/interconnect@44c00000/segment@200000/target-module@b000/i2c@0/tda19988@70: Fixed dependency cycle(s) with /ocp/interconnect@48000000/segment@300000/target-module@e000/lcdc@0
[    0.414911] /ocp/interconnect@44c00000/segment@200000/target-module@b000/i2c@0/tda19988@70: Fixed dependency cycle(s) with /ocp/interconnect@48000000/segment@300000/target-module@e000/lcdc@0
[    0.415787] /ocp/interconnect@44c00000/segment@200000/target-module@b000/i2c@0/tda19988@70: Fixed dependency cycle(s) with /ocp/interconnect@48000000/segment@300000/target-module@e000/lcdc@0
[    0.419233] /ocp/interconnect@44c00000/segment@200000/target-module@10000/scm@0/pinmux@800: Fixed dependency cycle(s) with /ocp/interconnect@44c00000/segment@200000/target-module@10000/scm@0/pinmux@800/clkout2-pins
[    0.419827] pinctrl-single 44e10800.pinmux: 142 pins, size 568
[    0.425514] ti-sysc 44e31000.target-module: probe with driver ti-sysc failed with error -16
[    0.472859] /ocp/interconnect@48000000/segment@300000/target-module@e000/lcdc@0: Fixed dependency cycle(s) with /ocp/interconnect@44c00000/segment@200000/target-module@b000/i2c@0/tda19988@70
[    0.480883] ti-sysc 48040000.target-module: probe with driver ti-sysc failed with error -16
[    0.518042] OMAP GPIO hardware version 0.1
[    0.544829] omap_i2c 4819c000.i2c: bus 2 rev0.11 at 100 kHz
[    0.582968] 48000000.interconnect:segment@200000:target-module@0:mpu@0:fck: device ID is greater than 24
[    0.583932] /ocp/interconnect@48000000/segment@300000/target-module@e000/lcdc@0: Fixed dependency cycle(s) with /ocp/interconnect@44c00000/segment@200000/target-module@b000/i2c@0/tda19988@70
[    0.586754] /ocp/interconnect@48000000/segment@300000/target-module@e000/lcdc@0: Fixed dependency cycle(s) with /ocp/interconnect@44c00000/segment@200000/target-module@b000/i2c@0/tda19988@70
[    0.587461] /ocp/interconnect@44c00000/segment@200000/target-module@b000/i2c@0/tda19988@70: Fixed dependency cycle(s) with /ocp/interconnect@48000000/segment@300000/target-module@e000/lcdc@0
[    0.587628] /ocp/interconnect@48000000/segment@300000/target-module@e000/lcdc@0: Fixed dependency cycle(s) with /ocp/interconnect@44c00000/segment@200000/target-module@b000/i2c@0/tda19988@70
[    0.595470] sdhci-omap 481d8000.mmc: supply pbias not found, using dummy regulator
[    0.595957] sdhci-omap 481d8000.mmc: supply vqmmc not found, using dummy regulator
[    0.685444] davinci_mdio 4a101000.mdio: davinci mdio revision 1.6, bus freq 1000000
[    0.836939] davinci_mdio 4a101000.mdio: phy[0]: device 4a101000.mdio:00, driver SMSC LAN8710/LAN8720
[    0.837722] cpsw-switch 4a100000.switch: initialized cpsw ale version 1.4
[    0.837742] cpsw-switch 4a100000.switch: ALE Table size 1024, Policers 0
[    0.837941] cpsw-switch 4a100000.switch: cpts: overflow check period 500 (jiffies)
[    0.837959] cpsw-switch 4a100000.switch: CPTS: ref_clk_freq:250000000 calc_mult:2147483648 calc_shift:29 error:0 nsec/sec
[    0.838055] cpsw-switch 4a100000.switch: Detected MACID = 6c:ec:eb:68:de:78
[    0.839933] cpsw-switch 4a100000.switch: initialized (regs 0x4a100000, pool size 256) hw_ver:0019010C 1.12 (0)
[    0.865210] debugfs: '49000000.dma' already exists in 'dmaengine'
[    0.865254] edma 49000000.dma: TI EDMA DMA engine driver
[    0.932930] 44e09000.serial: ttyS0 at MMIO 0x44e09000 (irq = 34, base_baud = 3000000) is a 8250
[    0.933052] printk: legacy console [ttyS0] enabled
[    2.432230] tps65217-pmic: Failed to locate of_node [id: -1]
[    2.438300] tps65217-bl: Failed to locate of_node [id: -1]
[    2.444391] platform tps65217-charger: DMA mask not set
[    2.450424] platform tps65217-pwrbutton: DMA mask not set
[    2.457677] tps65217 0-0024: TPS65217 ID 0xe version 1.2
[    2.463794] /ocp/interconnect@48000000/segment@300000/target-module@e000/lcdc@0: Fixed dependency cycle(s) with /ocp/interconnect@44c00000/segment@200000/target-module@b000/i2c@0/tda19988@70
[    2.481210] /ocp/interconnect@44c00000/segment@200000/target-module@b000/i2c@0/tda19988@70: Fixed dependency cycle(s) with /ocp/interconnect@48000000/segment@300000/target-module@e000/lcdc@0
[    2.498599] omap_i2c 44e0b000.i2c: bus 0 rev0.11 at 400 kHz
[    2.506708] omap_gpio 44e07000.gpio: Could not set line 6 debounce to 200000 microseconds (-22)
[    2.515592] sdhci-omap 48060000.mmc: Got CD GPIO
[    2.520608] sdhci-omap 48060000.mmc: supply pbias not found, using dummy regulator
[    2.531209] sdhci-omap 48060000.mmc: supply vqmmc not found, using dummy regulator
[    2.539742] sdhci-omap 481d8000.mmc: supply pbias not found, using dummy regulator
[    2.549532] sdhci-omap 481d8000.mmc: supply vqmmc not found, using dummy regulator
[    2.584985] mmc0: SDHCI controller on 48060000.mmc [48060000.mmc] using External DMA
[    2.593229] mmc1: SDHCI controller on 481d8000.mmc [481d8000.mmc] using External DMA
[    2.602076] cpsw-switch 4a100000.switch: starting ndev. mode: dual_mac
[    2.671544] mmc1: new high speed MMC card at address 0001
[    2.678380] mmcblk1: mmc1:0001 MMC04G 3.60 GiB
[    2.686291]  mmcblk1: p1 p2
[    2.690032] SMSC LAN8710/LAN8720 4a101000.mdio:00: attached PHY driver (mii_bus:phy_addr=4a101000.mdio:00, irq=POLL)
[    2.702697] mmcblk1boot0: mmc1:0001 MMC04G 2.00 MiB
[    2.716571] mmcblk1boot1: mmc1:0001 MMC04G 2.00 MiB
[    2.725520] mmcblk1rpmb: mmc1:0001 MMC04G 128 KiB, chardev (249:0)
[    2.774772] mmc0: new high speed SDHC card at address aaaa
[    2.781711] mmcblk0: mmc0:aaaa SE32G 29.7 GiB
[    2.790788]  mmcblk0: p1 p2
[    5.842010] cpsw-switch 4a100000.switch eth0: Link is Up - 100Mbps/Full - flow control off
[    5.871265] IP-Config: Complete:
[    5.874539]      device=eth0, hwaddr=6c:ec:eb:68:de:78, ipaddr=192.168.255.1, mask=255.255.255.0, gw=255.255.255.255
[    5.885188]      host=bbb1, domain=, nis-domain=(none)
[    5.890357]      bootserver=192.168.255.126, rootserver=192.168.255.126, rootpath=
[    5.890779] clk: Disabling unused clocks
[    5.902632] PM: genpd: Disabling unused power domains
[    5.907800] KTAP version 1
[    5.910525] 1..0
[    5.913315] check access for rdinit=/init failed: -2, ignoring
[    5.945640] VFS: Mounted root (nfs filesystem) on device 0:17.
[    5.952739] devtmpfs: mounted
[    5.957217] Freeing unused kernel image (initmem) memory: 1024K
[    5.964168] Run /sbin/init as init process
[    6.639147] systemd[1]: System time before build time, advancing clock.
[    8.191277] random: crng init done
[    8.214055] systemd[1]: systemd 232 running in system mode. (+PAM +AUDIT +SELINUX +IMA +APPARMOR +SMACK +SYSVINIT +UTMP +LIBCRYPTSETUP +GCRYPT +GNUTLS +ACL +XZ +LZ4 +SECCOMP +BLKID +ELFUTILS +KMOD +IDN)
[    8.233166] systemd[1]: Detected architecture arm.

Welcome to [1mDebian GNU/Linux 9 (stretch)[0m!

[    8.264328] systemd[1]: Set hostname to <arm>.
[    9.368166] systemd[1]: Listening on udev Kernel Socket.
[[0;32m  OK  [0m] Listening on udev Kernel Socket.
[    9.392372] systemd[1]: Listening on Journal Audit Socket.
[[0;32m  OK  [0m] Listening on Journal Audit Socket.
[    9.422751] systemd[1]: Created slice User and Session Slice.
[[0;32m  OK  [0m] Created slice User and Session Slice.
[    9.451664] systemd[1]: Reached target Swap.
[[0;32m  OK  [0m] Reached target Swap.
[    9.473075] systemd[1]: systemd-journald.socket: SO_PASSSEC failed: Operation not supported
[    9.481992] systemd[1]: systemd-journald.socket: SO_PASSSEC failed: Operation not supported
[    9.490581] systemd[1]: Listening on Journal Socket.
[[0;32m  OK  [0m] Listening on Journal Socket.
[[0;32m  OK  [0m] Started Forward Password Requests to Wall Directory Watch.
[[0;32m  OK  [0m] Set up automount Arbitrary Executabâ€¦rmats File System Automount Point.
[[0;32m  OK  [0m] Started Dispatch Password Requests to Console Directory Watch.
[[0;32m  OK  [0m] Reached target Paths.
[[0;32m  OK  [0m] Reached target Remote File Systems.
[[0;32m  OK  [0m] Listening on Journal Socket (/dev/log).
[[0;32m  OK  [0m] Reached target Encrypted Volumes.
[[0;32m  OK  [0m] Created slice System Slice.
         Mounting POSIX Message Queue File System...
         Starting Load Kernel Modules...
         Starting Remount Root and Kernel File Systems...
[[0;32m  OK  [0m] Listening on /dev/initctl Compatibility Named Pipe.
[[0;32m  OK  [0m] Created slice system-getty.slice.
[[0;32m  OK  [0m] Listening on Syslog Socket.
         Starting Journal Service...
[[0;32m  OK  [0m] Reached target Slices.
         Starting Create list of required stâ€¦ce nodes for the current kernel...
[[0;32m  OK  [0m] Created slice system-serial\x2dgetty.slice.
         Mounting Debug File System...
[[0;32m  OK  [0m] Listening on udev Control Socket.
[[0;32m  OK  [0m] Mounted POSIX Message Queue File System.
[[0;32m  OK  [0m] Started Load Kernel Modules.
[[0;32m  OK  [0m] Started Remount Root and Kernel File Systems.
[[0;32m  OK  [0m] Started Create list of required staâ€¦vice nodes for the current kernel.
[[0;32m  OK  [0m] Mounted Debug File System.
         Starting Create Static Device Nodes in /dev...
         Starting Load/Save Random Seed...
         Starting udev Coldplug all Devices...
         Starting Apply Kernel Variables...
         Mounting Configuration File System...
[[0;32m  OK  [0m] Started Load/Save Random Seed.
[[0;32m  OK  [0m] Mounted Configuration File System.
[[0;32m  OK  [0m] Started Apply Kernel Variables.
[[0;32m  OK  [0m] Started Create Static Device Nodes in /dev.
         Starting udev Kernel Device Manager...
[[0;32m  OK  [0m] Reached target Local File Systems (Pre).
[[0;32m  OK  [0m] Reached target Local File Systems.
         Starting Raise network interfaces...
[[0;32m  OK  [0m] Started Journal Service.
         Starting Flush Journal to Persistent Storage...
[   11.754680] systemd-journald[81]: Received request to flush runtime journal from PID 1
[[0;32m  OK  [0m] Started Flush Journal to Persistent Storage.
         Starting Create Volatile Files and Directories...
[[0;32m  OK  [0m] Started udev Kernel Device Manager.
[   12.641752] omap_prm 44e00d00.prm: sync_state() pending due to 44d00000.cpu
[[0;32m  OK  [0m] Started Create Volatile Files and Directories.
         Starting Network Time Synchronization...
         Starting Update UTMP about System Boot/Shutdown...
[[0;32m  OK  [0m] Started Update UTMP about System Boot/Shutdown.
[[0;32m  OK  [0m] Started udev Coldplug all Devices.
[[0;32m  OK  [0m] Started Network Time Synchronization.
[[0;32m  OK  [0m] Reached target System Initialization.
[[0;32m  OK  [0m] Listening on Avahi mDNS/DNS-SD Stack Activation Socket.
[[0;32m  OK  [0m] Started Daily Cleanup of Temporary Directories.
[[0;32m  OK  [0m] Listening on D-Bus System Message Bus Socket.
[[0;32m  OK  [0m] Reached target Sockets.
[[0;32m  OK  [0m] Reached target Basic System.
[[0;32m  OK  [0m] Started Regular background program processing daemon.
         Starting Telephony service...
         Starting Avahi mDNS/DNS-SD Stack...
         Starting Generic Board Startup...
[[0;32m  OK  [0m] Started D-Bus System Message Bus.
[   18.874597] ------------[ cut here ]------------
[   18.879294] WARNING: net/8021q/vlan_core.c:236 at vlan_for_each+0x114/0x134, CPU#0: avahi-daemon/183
[   18.888661] RTNL: assertion failed at net/8021q/vlan_core.c (236)
[   18.894866] Modules linked in: cpufreq_dt autofs4
[   18.899629] CPU: 0 UID: 107 PID: 183 Comm: avahi-daemon Not tainted 6.18.0-rc2-next-20251023 #1 NONE 
[   18.899646] Hardware name: Generic AM33XX (Flattened Device Tree)
[   18.899655] Call trace: 
[   18.899671]  unwind_backtrace from show_stack+0x10/0x14
[   18.899709]  show_stack from dump_stack_lvl+0x50/0x64
[   18.899735]  dump_stack_lvl from __warn+0x88/0x148
[   18.899753]  __warn from warn_slowpath_fmt+0x19c/0x1b0
[   18.899766]  warn_slowpath_fmt from vlan_for_each+0x114/0x134
[   18.899787]  vlan_for_each from cpsw_add_mc_addr+0x40/0xa4
[   18.899811]  cpsw_add_mc_addr from __hw_addr_ref_sync_dev+0x108/0x140
[   18.899841]  __hw_addr_ref_sync_dev from __dev_mc_add+0x7c/0x80
[   18.899863]  __dev_mc_add from igmp6_group_added+0xc8/0xe0
[   18.899891]  igmp6_group_added from __ipv6_dev_mc_inc+0x218/0x364
[   18.899910]  __ipv6_dev_mc_inc from __ipv6_sock_mc_join+0x11c/0x1c0
[   18.899928]  __ipv6_sock_mc_join from do_ipv6_setsockopt+0x1214/0x1310
[   18.899959]  do_ipv6_setsockopt from ipv6_setsockopt+0x60/0xcc
[   18.899981]  ipv6_setsockopt from udpv6_setsockopt+0x2c/0x6c
[   18.900005]  udpv6_setsockopt from sock_common_setsockopt+0x30/0x40
[   18.900039]  sock_common_setsockopt from do_sock_setsockopt+0x50/0x9c
[   18.900061]  do_sock_setsockopt from __sys_setsockopt+0x70/0xbc
[   18.900080]  __sys_setsockopt from ret_fast_syscall+0x0/0x58
[   18.900097] Exception stack(0xe0169fa8 to 0xe0169ff0)
[   18.900111] 9fa0:                   00000014 b6f66ce8 0000000d 00000029 00000014 beb149ec
[   18.900123] 9fc0: 00000014 b6f66ce8 00000014 00000126 0000000d b6f0fff4 0052e988 00516558
[   18.900132] 9fe0: b6f25088 beb149d8 b6f02309 b6dd941a
[   18.900139] ---[ end trace 0000000000000000 ]---
[[0;32m  OK  [0m] Started Avahi mDNS/DNS-SD Stack.
[[0;32m  OK  [0m] Started Telephony service.
         Starting Connection service...
         Starting Login Service...
         Starting Cape Manager Service...
[   19.543155] omap_rtc 44e3e000.rtc: registered as rtc0
[   19.548336] omap_rtc 44e3e000.rtc: setting system clock to 2000-01-01T00:00:01 UTC (946684801)
         Starting LSB: Load kernel modules needed to enable cpufreq scaling...
         Starting LSB: Start busybox udhcpd at boot time...
         Starting DUN service...
[   19.819129] PM: Cannot get wkup_m3_ipc handle
         Starting System Logging Service...
[[0;32m  OK  [0m] Reached target System Time Synchronized.
[[0;32m  OK  [0m] Started Daily apt download activities.
[[0;32m  OK  [0m] Started Daily apt upgrade and clean activities.
[[0;32m  OK  [0m] Reached target Timers.
[[0;32m  OK  [0m] Found device /dev/ttyS0.
[   21.752641] Bluetooth: Core ver 2.22
[   21.756507] NET: Registered PF_BLUETOOTH protocol family
[   21.762021] Bluetooth: HCI device and connection manager initialized
[   21.768441] Bluetooth: HCI socket layer initialized
[   21.773442] Bluetooth: L2CAP socket layer initialized
[   21.778559] Bluetooth: SCO socket layer initialized
[[0;32m  OK  [0m] Started Cape Manager Service.
[[0;32m  OK  [0m] Started System Logging Service.
[[0;32m  OK  [0m] Started Raise network interfaces.
[[0;32m  OK  [0m] Started LSB: Start busybox udhcpd at boot time.
[[0;32m  OK  [0m] Started LSB: Load kernel modules needed to enable cpufreq scaling.
[[0;32m  OK  [0m] Started DUN service.
[[0;32m  OK  [0m] Started Connection service.
[[0;32m  OK  [0m] Started Login Service.
         Starting Hostname Service...
         Starting WPA supplicant...
         Starting LSB: set CPUFreq kernel parameters...
[[0;32m  OK  [0m] Started WPA supplicant.
[[0;32m  OK  [0m] Reached target Network.
         Starting The Apache HTTP Server...
         Starting Permit User Sessions...
         Starting OpenBSD Secure Shell server...
[[0;32m  OK  [0m] Reached target Network is Online.
         Starting LSB: Advanced IEEE 802.11 management daemon...
[[0;32m  OK  [0m] Started LSB: set CPUFreq kernel parameters.
[[0;32m  OK  [0m] Started Hostname Service.
[[0;32m  OK  [0m] Started LSB: Advanced IEEE 802.11 management daemon.
[[0;32m  OK  [0m] Started Permit User Sessions.
[[0;32m  OK  [0m] Started Serial Getty on ttyS0.
[[0;32m  OK  [0m] Started Getty on tty1.
[[0;32m  OK  [0m] Reached target Login Prompts.
[[0;32m  OK  [0m] Started OpenBSD Secure Shell server.
[[0;32m  OK  [0m] Started The Apache HTTP Server.

Debian GNU/Linux 9 arm ttyS0

default username:password is [debian:temppwd]

arm login: root
Password: 
Last login: Sat Jan  1 00:00:31 UTC 2000 on ttyS0
root
Linux arm 6.18.0-rc2-next-20251023 #1 SMP Thu Oct 23 06:44:42 EEST 2025 armv7l

The programs included with the Debian GNU/Linux system are free software;
the exact distribution terms for each program are described in the
individual files in /usr/share/doc/*/copyright.

Debian GNU/Linux comes with ABSOLUTELY NO WARRANTY, to the extent
permitted by applicable law.
root@arm:~# root
dmesg -n 1
-bash: root: command not found
root@arm:~# dmesg -n 1
root@arm:~# echo 'YPQS''HOAAFW'
YPQSHOAAFW
root@arm:~# run() { echo -n "$MARKER"; sh -c "$@"; echo "$MARKER $?"; }
root@arm:~# echo 'JWGN''LWSEHS'
JWGNLWSEHS
root@arm:~# MARKER='BASP''AAXNKM' run 'cat /proc/version'
BASPAAXNKMLinux version 6.18.0-rc2-next-20251023 (user01@drvtest01) (arm-none-eabi-gcc (Arm GNU Toolchain 14.2.Rel1 (Build arm-14.52)) 14.2.1 20241119, GNU ld (Arm GNU Toolchain 14.2.Rel1 (Build arm-14.52)) 2.43.1.20241119) #1 SMP Thu Oct 23 06:44:42 EEST 2025
BASPAAXNKM 0
root@arm:~# echo 'EOJH''VLLUOC'
EOJHVLLUOC
root@arm:~# MARKER='ATTO''AZKZLU' run false
ATTOAZKZLUATTOAZKZLU 1
root@arm:~# Labgrid Console Logfile for main
Logfile started at 2025-10-23 06:47:36.911473
=== Log starts here ===

root@arm:~# run() { echo -n "$MARKER"; sh -c "$@"; echo "$MARKER $?"; }
root@arm:~# echo 'WOPO''QBKFPG'
WOPOQBKFPG
root@arm:~# MARKER='UOYB''NHUYBQ' run 'ls /iio_generic_buffer; echo $?'
UOYBNHUYBQ/iio_generic_buffer
0
UOYBNHUYBQ 0
root@arm:~# Labgrid Console Logfile for main
Logfile started at 2025-10-23 06:47:40.263804
=== Log starts here ===

root@arm:~# run() { echo -n "$MARKER"; sh -c "$@"; echo "$MARKER $?"; }
root@arm:~# echo 'OFFE''SLVPOU'
OFFESLVPOU
root@arm:~# MARKER='MTJT''HWWETT' run dmesg
MTJTHWWETT[    0.000000] Booting Linux on physical CPU 0x0
[    0.000000] Linux version 6.18.0-rc2-next-20251023 (user01@drvtest01) (arm-none-eabi-gcc (Arm GNU Toolchain 14.2.Rel1 (Build arm-14.52)) 14.2.1 20241119, GNU ld (Arm GNU Toolchain 14.2.Rel1 (Build arm-14.52)) 2.43.1.20241119) #1 SMP Thu Oct 23 06:44:42 EEST 2025
[    0.000000] CPU: ARMv7 Processor [413fc082] revision 2 (ARMv7), cr=10c5387d
[    0.000000] CPU: PIPT / VIPT nonaliasing data cache, VIPT aliasing instruction cache
[    0.000000] OF: fdt: Machine model: TI AM335x BeagleBone Black
[    0.000000] Memory policy: Data cache writeback
[    0.000000] cma: Reserved 16 MiB at 0x9e800000
[    0.000000] Zone ranges:
[    0.000000]   Normal   [mem 0x0000000080000000-0x000000009fdfffff]
[    0.000000]   HighMem  empty
[    0.000000] Movable zone start for each node
[    0.000000] Early memory node ranges
[    0.000000]   node   0: [mem 0x0000000080000000-0x000000009fdfffff]
[    0.000000] Initmem setup node 0 [mem 0x0000000080000000-0x000000009fdfffff]
[    0.000000] On node 0, zone Normal: 512 pages in unavailable ranges
[    0.000000] OF: reserved mem: Reserved memory: No reserved-memory node in the DT
[    0.000000] CPU: All CPU(s) started in SVC mode.
[    0.000000] AM335X ES2.1 (sgx neon)
[    0.000000] percpu: Embedded 17 pages/cpu s40012 r8192 d21428 u69632
[    0.000000] pcpu-alloc: s40012 r8192 d21428 u69632 alloc=17*4096
[    0.000000] pcpu-alloc: [0] 0 
[    0.000000] Kernel command line: console=ttyO0,115200n8 root=/dev/nfs rw nfsroot=192.168.255.126:/home/user01/nfs,nfsvers=3 ip=192.168.255.1:192.168.255.126::255.255.255.0:bbb1:eth0 nfsrootdebug
[    0.000000] Unknown kernel command line parameters "nfsrootdebug", will be passed to user space.
[    0.000000] printk: log buffer data + meta data: 65536 + 204800 = 270336 bytes
[    0.000000] Dentry cache hash table entries: 65536 (order: 6, 262144 bytes, linear)
[    0.000000] Inode-cache hash table entries: 32768 (order: 5, 131072 bytes, linear)
[    0.000000] Built 1 zonelists, mobility grouping on.  Total pages: 130560
[    0.000000] mem auto-init: stack:off, heap alloc:off, heap free:off
[    0.000000] SLUB: HWalign=16, Order=0-3, MinObjects=0, CPUs=1, Nodes=1
[    0.000000] rcu: Hierarchical RCU implementation.
[    0.000000] rcu: 	RCU event tracing is enabled.
[    0.000000] rcu: 	RCU restricting CPUs from NR_CPUS=2 to nr_cpu_ids=1.
[    0.000000] 	Tracing variant of Tasks RCU enabled.
[    0.000000] rcu: RCU calculated value of scheduler-enlistment delay is 10 jiffies.
[    0.000000] rcu: Adjusting geometry for rcu_fanout_leaf=16, nr_cpu_ids=1
[    0.000000] RCU Tasks Trace: Setting shift to 0 and lim to 1 rcu_task_cb_adjust=1 rcu_task_cpu_ids=1.
[    0.000000] NR_IRQS: 16, nr_irqs: 16, preallocated irqs: 16
[    0.000000] IRQ: Found an INTC at 0x(ptrval) (revision 5.0) with 128 interrupts
[    0.000000] rcu: srcu_init: Setting srcu_struct sizes based on contention.
[    0.000000] TI gptimer clocksource: always-on /ocp/interconnect@44c00000/segment@200000/target-module@31000
[    0.000002] sched_clock: 32 bits at 24MHz, resolution 41ns, wraps every 89478484971ns
[    0.000028] clocksource: dmtimer: mask: 0xffffffff max_cycles: 0xffffffff, max_idle_ns: 79635851949 ns
[    0.000498] TI gptimer clockevent: 24000000 Hz at /ocp/interconnect@48000000/segment@0/target-module@40000
[    0.002064] Console: colour dummy device 80x30
[    0.002132] WARNING: Your 'console=ttyO0' has been replaced by 'ttyS0'
[    0.002140] This ensures that you still see kernel messages. Please
[    0.002144] update your kernel commandline.
[    0.002189] Calibrating delay loop... 996.14 BogoMIPS (lpj=4980736)
[    0.090544] CPU: Testing write buffer coherency: ok
[    0.090656] CPU0: Spectre v2: using BPIALL workaround
[    0.090667] pid_max: default: 32768 minimum: 301
[    0.090981] Mount-cache hash table entries: 1024 (order: 0, 4096 bytes, linear)
[    0.091005] Mountpoint-cache hash table entries: 1024 (order: 0, 4096 bytes, linear)
[    0.092588] CPU0: thread -1, cpu 0, socket -1, mpidr 0
[    0.092648] cacheinfo: Unable to detect cache hierarchy for CPU 0
[    0.094694] Setting up static identity map for 0x80100000 - 0x80100078
[    0.095014] rcu: Hierarchical SRCU implementation.
[    0.095025] rcu: 	Max phase no-delay instances is 1000.
[    0.096725] smp: Bringing up secondary CPUs ...
[    0.096780] smp: Brought up 1 node, 1 CPU
[    0.096791] SMP: Total of 1 processors activated (996.14 BogoMIPS).
[    0.096803] CPU: All CPU(s) started in SVC mode.
[    0.097001] Memory: 480864K/522240K available (11264K kernel code, 1226K rwdata, 2952K rodata, 1024K init, 256K bss, 23336K reserved, 16384K cma-reserved, 0K highmem)
[    0.097813] devtmpfs: initialized
[    0.115475] VFP support v0.3: implementor 41 architecture 3 part 30 variant c rev 3
[    0.116158] clocksource: jiffies: mask: 0xffffffff max_cycles: 0xffffffff, max_idle_ns: 19112604462750000 ns
[    0.116215] posixtimers hash table entries: 512 (order: 0, 4096 bytes, linear)
[    0.116242] futex hash table entries: 256 (16384 bytes on 1 NUMA nodes, total 16 KiB, linear).
[    0.119455] NET: Registered PF_NETLINK/PF_ROUTE protocol family
[    0.122549] DMA: preallocated 256 KiB pool for atomic coherent allocations
[    0.123163] audit: initializing netlink subsys (disabled)
[    0.124520] thermal_sys: Registered thermal governor 'fair_share'
[    0.124536] thermal_sys: Registered thermal governor 'step_wise'
[    0.124545] thermal_sys: Registered thermal governor 'user_space'
[    0.124654] audit: type=2000 audit(0.120:1): state=initialized audit_enabled=0 res=1
[    0.124723] cpuidle: using governor menu
[    0.142676] /ocp/interconnect@44c00000/segment@200000/target-module@b000/i2c@0/tda19988@70: Fixed dependency cycle(s) with /ocp/interconnect@48000000/segment@300000/target-module@e000/lcdc@0
[    0.143770] /ocp/interconnect@48000000/segment@300000/target-module@e000/lcdc@0: Fixed dependency cycle(s) with /ocp/interconnect@44c00000/segment@200000/target-module@b000/i2c@0/tda19988@70
[    0.145945] No ATAGs?
[    0.145981] hw-breakpoint: debug architecture 0x4 unsupported.
[    0.149063] kprobes: kprobe jump-optimization is enabled. All kprobes are optimized if possible.
[    0.153848] iommu: Default domain type: Translated
[    0.153873] iommu: DMA domain TLB invalidation policy: strict mode
[    0.155421] reg-fixed-voltage fixedregulator0: using DT '/fixedregulator0' for '(default)' GPIO lookup
[    0.155477] of_get_named_gpiod_flags: can't parse 'gpios' property of node '/fixedregulator0[0]'
[    0.155506] of_get_named_gpiod_flags: can't parse 'gpio' property of node '/fixedregulator0[0]'
[    0.155524] reg-fixed-voltage fixedregulator0: using lookup tables for GPIO lookup
[    0.155536] reg-fixed-voltage fixedregulator0: No GPIO consumer (default) found
[    0.161626] SCSI subsystem initialized
[    0.162106] libata version 3.00 loaded.
[    0.162508] pps_core: LinuxPPS API ver. 1 registered
[    0.162519] pps_core: Software ver. 5.3.6 - Copyright 2005-2007 Rodolfo Giometti <giometti@linux.it>
[    0.162544] PTP clock support registered
[    0.170878] vgaarb: loaded
[    0.171257] clocksource: Switched to clocksource dmtimer
[    0.171954] VFS: Disk quotas dquot_6.6.0
[    0.172017] VFS: Dquot-cache hash table entries: 1024 (order 0, 4096 bytes)
[    0.196088] NET: Registered PF_INET protocol family
[    0.196428] IP idents hash table entries: 8192 (order: 4, 65536 bytes, linear)
[    0.197880] tcp_listen_portaddr_hash hash table entries: 512 (order: 0, 4096 bytes, linear)
[    0.197917] Table-perturb hash table entries: 65536 (order: 6, 262144 bytes, linear)
[    0.197934] TCP established hash table entries: 4096 (order: 2, 16384 bytes, linear)
[    0.197979] TCP bind hash table entries: 4096 (order: 4, 65536 bytes, linear)
[    0.198078] TCP: Hash tables configured (established 4096 bind 4096)
[    0.198206] UDP hash table entries: 256 (order: 1, 14336 bytes, linear)
[    0.198241] UDP-Lite hash table entries: 256 (order: 1, 14336 bytes, linear)
[    0.198445] NET: Registered PF_UNIX/PF_LOCAL protocol family
[    0.202139] RPC: Registered named UNIX socket transport module.
[    0.202162] RPC: Registered udp transport module.
[    0.202167] RPC: Registered tcp transport module.
[    0.202172] RPC: Registered tcp-with-tls transport module.
[    0.202177] RPC: Registered tcp NFSv4.1 backchannel transport module.
[    0.202202] PCI: CLS 0 bytes, default 64
[    0.203628] Initialise system trusted keyrings
[    0.212296] workingset: timestamp_bits=14 max_order=17 bucket_order=3
[    0.213757] NFS: Registering the id_resolver key type
[    0.213857] Key type id_resolver registered
[    0.213864] Key type id_legacy registered
[    0.213984] jffs2: version 2.2. (NAND) (SUMMARY)  Â© 2001-2006 Red Hat, Inc.
[    0.214452] Key type asymmetric registered
[    0.214468] Asymmetric key parser 'x509' registered
[    0.214548] io scheduler mq-deadline registered
[    0.214559] io scheduler kyber registered
[    0.214646] io scheduler bfq registered
[    0.216514] target-module@4b000000:target-module@140000:pmu@0:fck: device ID is greater than 24
[    0.221508] ledtrig-cpu: registered to indicate activity on CPUs
[    0.232271] Serial: 8250/16550 driver, 6 ports, IRQ sharing enabled
[    0.279863] brd: module loaded
[    0.288732] loop: module loaded
[    0.289683] mtdoops: mtd device (mtddev=name/number) must be supplied
[    0.291367] mdio_bus fixed-0: using lookup tables for GPIO lookup
[    0.291394] mdio_bus fixed-0: No GPIO consumer reset found
[    0.292874] i2c_dev: i2c /dev entries driver
[    0.293915] cpuidle: enable-method property 'ti,am3352' found operations
[    0.294367] sdhci: Secure Digital Host Controller Interface driver
[    0.294377] sdhci: Copyright(c) Pierre Ossman
[    0.294571] sdhci-pltfm: SDHCI platform and OF driver helper
[    0.301631] hw perfevents: enabled with armv7_cortex_a8 PMU driver, 5 (8000000f) counters available
[    0.302184] Initializing XFRM netlink socket
[    0.302355] NET: Registered PF_INET6 protocol family
[    0.304407] Segment Routing with IPv6
[    0.304490] In-situ OAM (IOAM) with IPv6
[    0.304586] sit: IPv6, IPv4 and MPLS over IPv4 tunneling driver
[    0.305567] NET: Registered PF_PACKET protocol family
[    0.305596] NET: Registered PF_KEY protocol family
[    0.305738] Key type dns_resolver registered
[    0.305963] ThumbEE CPU extension supported.
[    0.305986] Registering SWP/SWPB emulation handler
[    0.306511] omap_voltage_late_init: Voltage driver support not added
[    0.307180] SmartReflex Class3 initialized
[    0.345165] Loading compiled-in X.509 certificates
[    0.375840] /ocp/interconnect@44c00000/segment@200000/target-module@b000/i2c@0/tda19988@70: Fixed dependency cycle(s) with /ocp/interconnect@48000000/segment@300000/target-module@e000/lcdc@0
[    0.382435] /ocp/interconnect@44c00000/segment@200000/target-module@b000/i2c@0/tda19988@70: Fixed dependency cycle(s) with /ocp/interconnect@48000000/segment@300000/target-module@e000/lcdc@0
[    0.387970] gpiochip_find_base_unlocked: found new base at 512
[    0.414911] /ocp/interconnect@44c00000/segment@200000/target-module@b000/i2c@0/tda19988@70: Fixed dependency cycle(s) with /ocp/interconnect@48000000/segment@300000/target-module@e000/lcdc@0
[    0.415787] /ocp/interconnect@44c00000/segment@200000/target-module@b000/i2c@0/tda19988@70: Fixed dependency cycle(s) with /ocp/interconnect@48000000/segment@300000/target-module@e000/lcdc@0
[    0.419233] /ocp/interconnect@44c00000/segment@200000/target-module@10000/scm@0/pinmux@800: Fixed dependency cycle(s) with /ocp/interconnect@44c00000/segment@200000/target-module@10000/scm@0/pinmux@800/clkout2-pins
[    0.419827] pinctrl-single 44e10800.pinmux: 142 pins, size 568
[    0.425514] ti-sysc 44e31000.target-module: probe with driver ti-sysc failed with error -16
[    0.472859] /ocp/interconnect@48000000/segment@300000/target-module@e000/lcdc@0: Fixed dependency cycle(s) with /ocp/interconnect@44c00000/segment@200000/target-module@b000/i2c@0/tda19988@70
[    0.480883] ti-sysc 48040000.target-module: probe with driver ti-sysc failed with error -16
[    0.492567] gpiochip_find_base_unlocked: found new base at 512
[    0.492681] gpio gpiochip0: (gpio-0-31): created GPIO range 0->7 ==> 44e10800.pinmux PIN 0->7
[    0.492701] gpio gpiochip0: (gpio-0-31): created GPIO range 8->11 ==> 44e10800.pinmux PIN 90->93
[    0.492717] gpio gpiochip0: (gpio-0-31): created GPIO range 12->27 ==> 44e10800.pinmux PIN 12->27
[    0.492733] gpio gpiochip0: (gpio-0-31): created GPIO range 28->31 ==> 44e10800.pinmux PIN 30->33
[    0.517699] gpio gpiochip0: (gpio-0-31): added GPIO chardev (254:0)
[    0.517955] gpio gpiochip0: registered GPIOs 512 to 543 on gpio-0-31
[    0.518042] OMAP GPIO hardware version 0.1
[    0.543804] i2c i2c-2: using DT '/ocp/interconnect@48000000/segment@100000/target-module@9c000/i2c@0' for 'scl' GPIO lookup
[    0.543876] of_get_named_gpiod_flags: can't parse 'scl-gpios' property of node '/ocp/interconnect@48000000/segment@100000/target-module@9c000/i2c@0[0]'
[    0.543919] of_get_named_gpiod_flags: can't parse 'scl-gpio' property of node '/ocp/interconnect@48000000/segment@100000/target-module@9c000/i2c@0[0]'
[    0.543956] i2c i2c-2: using lookup tables for GPIO lookup
[    0.543966] i2c i2c-2: No GPIO consumer scl found
[    0.543988] i2c i2c-2: using DT '/ocp/interconnect@48000000/segment@100000/target-module@9c000/i2c@0' for 'sda' GPIO lookup
[    0.544024] of_get_named_gpiod_flags: can't parse 'sda-gpios' property of node '/ocp/interconnect@48000000/segment@100000/target-module@9c000/i2c@0[0]'
[    0.544061] of_get_named_gpiod_flags: can't parse 'sda-gpio' property of node '/ocp/interconnect@48000000/segment@100000/target-module@9c000/i2c@0[0]'
[    0.544092] i2c i2c-2: using lookup tables for GPIO lookup
[    0.544100] i2c i2c-2: No GPIO consumer sda found
[    0.544829] omap_i2c 4819c000.i2c: bus 2 rev0.11 at 100 kHz
[    0.550412] gpiochip_find_base_unlocked: found new base at 544
[    0.550516] gpio gpiochip1: (gpio-32-63): created GPIO range 0->17 ==> 44e10800.pinmux PIN 34->51
[    0.550537] gpio gpiochip1: (gpio-32-63): created GPIO range 18->21 ==> 44e10800.pinmux PIN 77->80
[    0.550552] gpio gpiochip1: (gpio-32-63): created GPIO range 22->31 ==> 44e10800.pinmux PIN 56->65
[    0.573399] gpio gpiochip1: (gpio-32-63): added GPIO chardev (254:1)
[    0.573647] gpio gpiochip1: registered GPIOs 544 to 575 on gpio-32-63
[    0.576008] gpiochip_find_base_unlocked: found new base at 576
[    0.576101] gpio gpiochip2: (gpio-64-95): created GPIO range 0->4 ==> 44e10800.pinmux PIN 66->70
[    0.576120] gpio gpiochip2: (gpio-64-95): created GPIO range 5->6 ==> 44e10800.pinmux PIN 98->99
[    0.576136] gpio gpiochip2: (gpio-64-95): created GPIO range 7->8 ==> 44e10800.pinmux PIN 75->76
[    0.576152] gpio gpiochip2: (gpio-64-95): created GPIO range 13->13 ==> 44e10800.pinmux PIN 141->141
[    0.576169] gpio gpiochip2: (gpio-64-95): created GPIO range 14->21 ==> 44e10800.pinmux PIN 100->107
[    0.576875] gpio gpiochip2: (gpio-64-95): added GPIO chardev (254:2)
[    0.577079] gpio gpiochip2: registered GPIOs 576 to 607 on gpio-64-95
[    0.582968] 48000000.interconnect:segment@200000:target-module@0:mpu@0:fck: device ID is greater than 24
[    0.583932] /ocp/interconnect@48000000/segment@300000/target-module@e000/lcdc@0: Fixed dependency cycle(s) with /ocp/interconnect@44c00000/segment@200000/target-module@b000/i2c@0/tda19988@70
[    0.586754] /ocp/interconnect@48000000/segment@300000/target-module@e000/lcdc@0: Fixed dependency cycle(s) with /ocp/interconnect@44c00000/segment@200000/target-module@b000/i2c@0/tda19988@70
[    0.587461] /ocp/interconnect@44c00000/segment@200000/target-module@b000/i2c@0/tda19988@70: Fixed dependency cycle(s) with /ocp/interconnect@48000000/segment@300000/target-module@e000/lcdc@0
[    0.587628] /ocp/interconnect@48000000/segment@300000/target-module@e000/lcdc@0: Fixed dependency cycle(s) with /ocp/interconnect@44c00000/segment@200000/target-module@b000/i2c@0/tda19988@70
[    0.595107] sdhci-omap 481d8000.mmc: using DT '/ocp/interconnect@48000000/segment@100000/target-module@d8000/mmc@0' for 'wp' GPIO lookup
[    0.595179] of_get_named_gpiod_flags: can't parse 'wp-gpios' property of node '/ocp/interconnect@48000000/segment@100000/target-module@d8000/mmc@0[0]'
[    0.595223] of_get_named_gpiod_flags: can't parse 'wp-gpio' property of node '/ocp/interconnect@48000000/segment@100000/target-module@d8000/mmc@0[0]'
[    0.595260] sdhci-omap 481d8000.mmc: using lookup tables for GPIO lookup
[    0.595270] sdhci-omap 481d8000.mmc: No GPIO consumer wp found
[    0.595470] sdhci-omap 481d8000.mmc: supply pbias not found, using dummy regulator
[    0.595957] sdhci-omap 481d8000.mmc: supply vqmmc not found, using dummy regulator
[    0.621717] mdio_bus 4a101000.mdio: using DT '/ocp/interconnect@4a000000/segment@0/target-module@100000/switch@0/mdio@1000' for 'reset' GPIO lookup
[    0.621789] of_get_named_gpiod_flags: can't parse 'reset-gpios' property of node '/ocp/interconnect@4a000000/segment@0/target-module@100000/switch@0/mdio@1000[0]'
[    0.621836] of_get_named_gpiod_flags: can't parse 'reset-gpio' property of node '/ocp/interconnect@4a000000/segment@0/target-module@100000/switch@0/mdio@1000[0]'
[    0.621884] mdio_bus 4a101000.mdio: using lookup tables for GPIO lookup
[    0.621895] mdio_bus 4a101000.mdio: No GPIO consumer reset found
[    0.685444] davinci_mdio 4a101000.mdio: davinci mdio revision 1.6, bus freq 1000000
[    0.707727] mdio_bus 4a101000.mdio:00: using DT '/ocp/interconnect@4a000000/segment@0/target-module@100000/switch@0/mdio@1000/ethernet-phy@0' for 'reset' GPIO lookup
[    0.707828] of_get_named_gpiod_flags: parsed 'reset-gpios' property of node '/ocp/interconnect@4a000000/segment@0/target-module@100000/switch@0/mdio@1000/ethernet-phy@0[0]' - status (0)
[    0.707993] gpio gpiochip0: Persistence not supported for GPIO 8
[    0.836939] davinci_mdio 4a101000.mdio: phy[0]: device 4a101000.mdio:00, driver SMSC LAN8710/LAN8720
[    0.837722] cpsw-switch 4a100000.switch: initialized cpsw ale version 1.4
[    0.837742] cpsw-switch 4a100000.switch: ALE Table size 1024, Policers 0
[    0.837941] cpsw-switch 4a100000.switch: cpts: overflow check period 500 (jiffies)
[    0.837959] cpsw-switch 4a100000.switch: CPTS: ref_clk_freq:250000000 calc_mult:2147483648 calc_shift:29 error:0 nsec/sec
[    0.838055] cpsw-switch 4a100000.switch: Detected MACID = 6c:ec:eb:68:de:78
[    0.839933] cpsw-switch 4a100000.switch: initialized (regs 0x4a100000, pool size 256) hw_ver:0019010C 1.12 (0)
[    0.865210] debugfs: '49000000.dma' already exists in 'dmaengine'
[    0.865254] edma 49000000.dma: TI EDMA DMA engine driver
[    0.898373] gpio-clk clk_mcasp0: using DT '/clk_mcasp0' for 'enable' GPIO lookup
[    0.898457] of_get_named_gpiod_flags: parsed 'enable-gpios' property of node '/clk_mcasp0[0]' - status (0)
[    0.898504] gpio gpiochip0: Persistence not supported for GPIO 27
[    0.899257] gpiochip_find_base_unlocked: found new base at 608
[    0.899369] gpio gpiochip3: (gpio-96-127): created GPIO range 0->7 ==> 44e10800.pinmux PIN 82->89
[    0.899391] gpio gpiochip3: (gpio-96-127): created GPIO range 8->11 ==> 44e10800.pinmux PIN 52->55
[    0.899407] gpio gpiochip3: (gpio-96-127): created GPIO range 12->15 ==> 44e10800.pinmux PIN 94->97
[    0.899423] gpio gpiochip3: (gpio-96-127): created GPIO range 16->17 ==> 44e10800.pinmux PIN 71->72
[    0.899439] gpio gpiochip3: (gpio-96-127): created GPIO range 18->18 ==> 44e10800.pinmux PIN 135->135
[    0.899456] gpio gpiochip3: (gpio-96-127): created GPIO range 19->20 ==> 44e10800.pinmux PIN 108->109
[    0.899474] gpio gpiochip3: (gpio-96-127): created GPIO range 21->21 ==> 44e10800.pinmux PIN 73->73
[    0.899496] gpio gpiochip3: (gpio-96-127): created GPIO range 22->23 ==> 44e10800.pinmux PIN 8->9
[    0.899514] gpio gpiochip3: (gpio-96-127): created GPIO range 26->27 ==> 44e10800.pinmux PIN 10->11
[    0.899532] gpio gpiochip3: (gpio-96-127): created GPIO range 28->28 ==> 44e10800.pinmux PIN 74->74
[    0.899550] gpio gpiochip3: (gpio-96-127): created GPIO range 29->29 ==> 44e10800.pinmux PIN 81->81
[    0.899569] gpio gpiochip3: (gpio-96-127): created GPIO range 30->31 ==> 44e10800.pinmux PIN 28->29
[    0.918603] gpio gpiochip3: (gpio-96-127): added GPIO chardev (254:3)
[    0.918852] gpio gpiochip3: registered GPIOs 608 to 639 on gpio-96-127
[    0.932193] omap8250 44e09000.serial: using DT '/ocp/interconnect@44c00000/segment@200000/target-module@9000/serial@0' for 'rs485-term' GPIO lookup
[    0.932267] of_get_named_gpiod_flags: can't parse 'rs485-term-gpios' property of node '/ocp/interconnect@44c00000/segment@200000/target-module@9000/serial@0[0]'
[    0.932313] of_get_named_gpiod_flags: can't parse 'rs485-term-gpio' property of node '/ocp/interconnect@44c00000/segment@200000/target-module@9000/serial@0[0]'
[    0.932350] omap8250 44e09000.serial: using lookup tables for GPIO lookup
[    0.932360] omap8250 44e09000.serial: No GPIO consumer rs485-term found
[    0.932371] omap8250 44e09000.serial: using DT '/ocp/interconnect@44c00000/segment@200000/target-module@9000/serial@0' for 'rs485-rx-during-tx' GPIO lookup
[    0.932408] of_get_named_gpiod_flags: can't parse 'rs485-rx-during-tx-gpios' property of node '/ocp/interconnect@44c00000/segment@200000/target-module@9000/serial@0[0]'
[    0.932446] of_get_named_gpiod_flags: can't parse 'rs485-rx-during-tx-gpio' property of node '/ocp/interconnect@44c00000/segment@200000/target-module@9000/serial@0[0]'
[    0.932477] omap8250 44e09000.serial: using lookup tables for GPIO lookup
[    0.932485] omap8250 44e09000.serial: No GPIO consumer rs485-rx-during-tx found
[    0.932930] 44e09000.serial: ttyS0 at MMIO 0x44e09000 (irq = 34, base_baud = 3000000) is a 8250
[    0.933052] printk: legacy console [ttyS0] enabled
[    2.419534] i2c i2c-0: using DT '/ocp/interconnect@44c00000/segment@200000/target-module@b000/i2c@0' for 'scl' GPIO lookup
[    2.419625] of_get_named_gpiod_flags: can't parse 'scl-gpios' property of node '/ocp/interconnect@44c00000/segment@200000/target-module@b000/i2c@0[0]'
[    2.419672] of_get_named_gpiod_flags: can't parse 'scl-gpio' property of node '/ocp/interconnect@44c00000/segment@200000/target-module@b000/i2c@0[0]'
[    2.419712] i2c i2c-0: using lookup tables for GPIO lookup
[    2.419727] i2c i2c-0: No GPIO consumer scl found
[    2.419753] i2c i2c-0: using DT '/ocp/interconnect@44c00000/segment@200000/target-module@b000/i2c@0' for 'sda' GPIO lookup
[    2.419794] of_get_named_gpiod_flags: can't parse 'sda-gpios' property of node '/ocp/interconnect@44c00000/segment@200000/target-module@b000/i2c@0[0]'
[    2.419836] of_get_named_gpiod_flags: can't parse 'sda-gpio' property of node '/ocp/interconnect@44c00000/segment@200000/target-module@b000/i2c@0[0]'
[    2.419872] i2c i2c-0: using lookup tables for GPIO lookup
[    2.419884] i2c i2c-0: No GPIO consumer sda found
[    2.432230] tps65217-pmic: Failed to locate of_node [id: -1]
[    2.438300] tps65217-bl: Failed to locate of_node [id: -1]
[    2.444391] platform tps65217-charger: DMA mask not set
[    2.450424] platform tps65217-pwrbutton: DMA mask not set
[    2.457677] tps65217 0-0024: TPS65217 ID 0xe version 1.2
[    2.463794] /ocp/interconnect@48000000/segment@300000/target-module@e000/lcdc@0: Fixed dependency cycle(s) with /ocp/interconnect@44c00000/segment@200000/target-module@b000/i2c@0/tda19988@70
[    2.481210] /ocp/interconnect@44c00000/segment@200000/target-module@b000/i2c@0/tda19988@70: Fixed dependency cycle(s) with /ocp/interconnect@48000000/segment@300000/target-module@e000/lcdc@0
[    2.498599] omap_i2c 44e0b000.i2c: bus 0 rev0.11 at 400 kHz
[    2.506495] sdhci-omap 48060000.mmc: using DT '/ocp/interconnect@48000000/segment@0/target-module@60000/mmc@0' for 'cd' GPIO lookup
[    2.506607] of_get_named_gpiod_flags: parsed 'cd-gpios' property of node '/ocp/interconnect@48000000/segment@0/target-module@60000/mmc@0[0]' - status (0)
[    2.506674] gpio gpiochip3: Persistence not supported for GPIO 6
[    2.506708] omap_gpio 44e07000.gpio: Could not set line 6 debounce to 200000 microseconds (-22)
[    2.515592] sdhci-omap 48060000.mmc: Got CD GPIO
[    2.520245] sdhci-omap 48060000.mmc: using DT '/ocp/interconnect@48000000/segment@0/target-module@60000/mmc@0' for 'wp' GPIO lookup
[    2.520294] of_get_named_gpiod_flags: can't parse 'wp-gpios' property of node '/ocp/interconnect@48000000/segment@0/target-module@60000/mmc@0[0]'
[    2.520340] of_get_named_gpiod_flags: can't parse 'wp-gpio' property of node '/ocp/interconnect@48000000/segment@0/target-module@60000/mmc@0[0]'
[    2.520380] sdhci-omap 48060000.mmc: using lookup tables for GPIO lookup
[    2.520394] sdhci-omap 48060000.mmc: No GPIO consumer wp found
[    2.520608] sdhci-omap 48060000.mmc: supply pbias not found, using dummy regulator
[    2.529515] sdhci-omap 481d8000.mmc: using DT '/ocp/interconnect@48000000/segment@100000/target-module@d8000/mmc@0' for 'wp' GPIO lookup
[    2.529591] of_get_named_gpiod_flags: can't parse 'wp-gpios' property of node '/ocp/interconnect@48000000/segment@100000/target-module@d8000/mmc@0[0]'
[    2.529640] of_get_named_gpiod_flags: can't parse 'wp-gpio' property of node '/ocp/interconnect@48000000/segment@100000/target-module@d8000/mmc@0[0]'
[    2.529678] sdhci-omap 481d8000.mmc: using lookup tables for GPIO lookup
[    2.529694] sdhci-omap 481d8000.mmc: No GPIO consumer wp found
[    2.531209] sdhci-omap 48060000.mmc: supply vqmmc not found, using dummy regulator
[    2.539742] sdhci-omap 481d8000.mmc: supply pbias not found, using dummy regulator
[    2.549532] sdhci-omap 481d8000.mmc: supply vqmmc not found, using dummy regulator
[    2.584985] mmc0: SDHCI controller on 48060000.mmc [48060000.mmc] using External DMA
[    2.593229] mmc1: SDHCI controller on 481d8000.mmc [481d8000.mmc] using External DMA
[    2.602076] cpsw-switch 4a100000.switch: starting ndev. mode: dual_mac
[    2.671544] mmc1: new high speed MMC card at address 0001
[    2.678380] mmcblk1: mmc1:0001 MMC04G 3.60 GiB
[    2.686291]  mmcblk1: p1 p2
[    2.690032] SMSC LAN8710/LAN8720 4a101000.mdio:00: attached PHY driver (mii_bus:phy_addr=4a101000.mdio:00, irq=POLL)
[    2.702697] mmcblk1boot0: mmc1:0001 MMC04G 2.00 MiB
[    2.716571] mmcblk1boot1: mmc1:0001 MMC04G 2.00 MiB
[    2.725520] mmcblk1rpmb: mmc1:0001 MMC04G 128 KiB, chardev (249:0)
[    2.774772] mmc0: new high speed SDHC card at address aaaa
[    2.781711] mmcblk0: mmc0:aaaa SE32G 29.7 GiB
[    2.790788]  mmcblk0: p1 p2
[    5.842010] cpsw-switch 4a100000.switch eth0: Link is Up - 100Mbps/Full - flow control off
[    5.871265] IP-Config: Complete:
[    5.874539]      device=eth0, hwaddr=6c:ec:eb:68:de:78, ipaddr=192.168.255.1, mask=255.255.255.0, gw=255.255.255.255
[    5.885188]      host=bbb1, domain=, nis-domain=(none)
[    5.890357]      bootserver=192.168.255.126, rootserver=192.168.255.126, rootpath=
[    5.890779] clk: Disabling unused clocks
[    5.902632] PM: genpd: Disabling unused power domains
[    5.907800] KTAP version 1
[    5.910525] 1..0
[    5.913315] check access for rdinit=/init failed: -2, ignoring
[    5.945640] VFS: Mounted root (nfs filesystem) on device 0:17.
[    5.952739] devtmpfs: mounted
[    5.957217] Freeing unused kernel image (initmem) memory: 1024K
[    5.964168] Run /sbin/init as init process
[    5.968303]   with arguments:
[    5.968316]     /sbin/init
[    5.968325]     nfsrootdebug
[    5.968334]   with environment:
[    5.968343]     HOME=/
[    5.968352]     TERM=linux
[    6.639147] systemd[1]: System time before build time, advancing clock.
[    8.191277] random: crng init done
[    8.214055] systemd[1]: systemd 232 running in system mode. (+PAM +AUDIT +SELINUX +IMA +APPARMOR +SMACK +SYSVINIT +UTMP +LIBCRYPTSETUP +GCRYPT +GNUTLS +ACL +XZ +LZ4 +SECCOMP +BLKID +ELFUTILS +KMOD +IDN)
[    8.233166] systemd[1]: Detected architecture arm.
[    8.264328] systemd[1]: Set hostname to <arm>.
[    9.368166] systemd[1]: Listening on udev Kernel Socket.
[    9.392372] systemd[1]: Listening on Journal Audit Socket.
[    9.422751] systemd[1]: Created slice User and Session Slice.
[    9.451664] systemd[1]: Reached target Swap.
[    9.473075] systemd[1]: systemd-journald.socket: SO_PASSSEC failed: Operation not supported
[    9.481992] systemd[1]: systemd-journald.socket: SO_PASSSEC failed: Operation not supported
[    9.490581] systemd[1]: Listening on Journal Socket.
[   11.754680] systemd-journald[81]: Received request to flush runtime journal from PID 1
[   12.641752] omap_prm 44e00d00.prm: sync_state() pending due to 44d00000.cpu
[   18.874597] ------------[ cut here ]------------
[   18.879294] WARNING: net/8021q/vlan_core.c:236 at vlan_for_each+0x114/0x134, CPU#0: avahi-daemon/183
[   18.888661] RTNL: assertion failed at net/8021q/vlan_core.c (236)
[   18.894866] Modules linked in: cpufreq_dt autofs4
[   18.899629] CPU: 0 UID: 107 PID: 183 Comm: avahi-daemon Not tainted 6.18.0-rc2-next-20251023 #1 NONE 
[   18.899646] Hardware name: Generic AM33XX (Flattened Device Tree)
[   18.899655] Call trace: 
[   18.899671]  unwind_backtrace from show_stack+0x10/0x14
[   18.899709]  show_stack from dump_stack_lvl+0x50/0x64
[   18.899735]  dump_stack_lvl from __warn+0x88/0x148
[   18.899753]  __warn from warn_slowpath_fmt+0x19c/0x1b0
[   18.899766]  warn_slowpath_fmt from vlan_for_each+0x114/0x134
[   18.899787]  vlan_for_each from cpsw_add_mc_addr+0x40/0xa4
[   18.899811]  cpsw_add_mc_addr from __hw_addr_ref_sync_dev+0x108/0x140
[   18.899841]  __hw_addr_ref_sync_dev from __dev_mc_add+0x7c/0x80
[   18.899863]  __dev_mc_add from igmp6_group_added+0xc8/0xe0
[   18.899891]  igmp6_group_added from __ipv6_dev_mc_inc+0x218/0x364
[   18.899910]  __ipv6_dev_mc_inc from __ipv6_sock_mc_join+0x11c/0x1c0
[   18.899928]  __ipv6_sock_mc_join from do_ipv6_setsockopt+0x1214/0x1310
[   18.899959]  do_ipv6_setsockopt from ipv6_setsockopt+0x60/0xcc
[   18.899981]  ipv6_setsockopt from udpv6_setsockopt+0x2c/0x6c
[   18.900005]  udpv6_setsockopt from sock_common_setsockopt+0x30/0x40
[   18.900039]  sock_common_setsockopt from do_sock_setsockopt+0x50/0x9c
[   18.900061]  do_sock_setsockopt from __sys_setsockopt+0x70/0xbc
[   18.900080]  __sys_setsockopt from ret_fast_syscall+0x0/0x58
[   18.900097] Exception stack(0xe0169fa8 to 0xe0169ff0)
[   18.900111] 9fa0:                   00000014 b6f66ce8 0000000d 00000029 00000014 beb149ec
[   18.900123] 9fc0: 00000014 b6f66ce8 00000014 00000126 0000000d b6f0fff4 0052e988 00516558
[   18.900132] 9fe0: b6f25088 beb149d8 b6f02309 b6dd941a
[   18.900139] ---[ end trace 0000000000000000 ]---
[   19.543155] omap_rtc 44e3e000.rtc: registered as rtc0
[   19.548336] omap_rtc 44e3e000.rtc: setting system clock to 2000-01-01T00:00:01 UTC (946684801)
[   19.557176] omap_rtc 44e3e000.rtc: using DT '/ocp/interconnect@44c00000/segment@200000/target-module@3e000/rtc@0' for 'wp' GPIO lookup
[   19.557251] of_get_named_gpiod_flags: can't parse 'wp-gpios' property of node '/ocp/interconnect@44c00000/segment@200000/target-module@3e000/rtc@0[0]'
[   19.557302] of_get_named_gpiod_flags: can't parse 'wp-gpio' property of node '/ocp/interconnect@44c00000/segment@200000/target-module@3e000/rtc@0[0]'
[   19.557344] omap_rtc 44e3e000.rtc: using lookup tables for GPIO lookup
[   19.557359] omap_rtc 44e3e000.rtc: No GPIO consumer wp found
[   19.819129] PM: Cannot get wkup_m3_ipc handle
[   21.752641] Bluetooth: Core ver 2.22
[   21.756507] NET: Registered PF_BLUETOOTH protocol family
[   21.762021] Bluetooth: HCI device and connection manager initialized
[   21.768441] Bluetooth: HCI socket layer initialized
[   21.773442] Bluetooth: L2CAP socket layer initialized
[   21.778559] Bluetooth: SCO socket layer initialized
[   24.254993] userial_init: registered 8 ttyGS* devices
[   24.552947] rndis_register: configNr = 0
MTJTHWWETT 0
root@arm:~# echo 'MQPK''KGAFJX'
MQPKKGAFJX
root@arm:~# MARKER='BPYY''SZSHXA' run 'modprobe test_linear_ranges'
BPYYSZSHXABPYYSZSHXA 0
root@arm:~# echo 'POZG''KXMGQH'
POZGKXMGQH
root@arm:~# MARKER='GCYJ''JQJBTN' run dmesg
GCYJJQJBTN[    0.000000] Booting Linux on physical CPU 0x0
[    0.000000] Linux version 6.18.0-rc2-next-20251023 (user01@drvtest01) (arm-none-eabi-gcc (Arm GNU Toolchain 14.2.Rel1 (Build arm-14.52)) 14.2.1 20241119, GNU ld (Arm GNU Toolchain 14.2.Rel1 (Build arm-14.52)) 2.43.1.20241119) #1 SMP Thu Oct 23 06:44:42 EEST 2025
[    0.000000] CPU: ARMv7 Processor [413fc082] revision 2 (ARMv7), cr=10c5387d
[    0.000000] CPU: PIPT / VIPT nonaliasing data cache, VIPT aliasing instruction cache
[    0.000000] OF: fdt: Machine model: TI AM335x BeagleBone Black
[    0.000000] Memory policy: Data cache writeback
[    0.000000] cma: Reserved 16 MiB at 0x9e800000
[    0.000000] Zone ranges:
[    0.000000]   Normal   [mem 0x0000000080000000-0x000000009fdfffff]
[    0.000000]   HighMem  empty
[    0.000000] Movable zone start for each node
[    0.000000] Early memory node ranges
[    0.000000]   node   0: [mem 0x0000000080000000-0x000000009fdfffff]
[    0.000000] Initmem setup node 0 [mem 0x0000000080000000-0x000000009fdfffff]
[    0.000000] On node 0, zone Normal: 512 pages in unavailable ranges
[    0.000000] OF: reserved mem: Reserved memory: No reserved-memory node in the DT
[    0.000000] CPU: All CPU(s) started in SVC mode.
[    0.000000] AM335X ES2.1 (sgx neon)
[    0.000000] percpu: Embedded 17 pages/cpu s40012 r8192 d21428 u69632
[    0.000000] pcpu-alloc: s40012 r8192 d21428 u69632 alloc=17*4096
[    0.000000] pcpu-alloc: [0] 0 
[    0.000000] Kernel command line: console=ttyO0,115200n8 root=/dev/nfs rw nfsroot=192.168.255.126:/home/user01/nfs,nfsvers=3 ip=192.168.255.1:192.168.255.126::255.255.255.0:bbb1:eth0 nfsrootdebug
[    0.000000] Unknown kernel command line parameters "nfsrootdebug", will be passed to user space.
[    0.000000] printk: log buffer data + meta data: 65536 + 204800 = 270336 bytes
[    0.000000] Dentry cache hash table entries: 65536 (order: 6, 262144 bytes, linear)
[    0.000000] Inode-cache hash table entries: 32768 (order: 5, 131072 bytes, linear)
[    0.000000] Built 1 zonelists, mobility grouping on.  Total pages: 130560
[    0.000000] mem auto-init: stack:off, heap alloc:off, heap free:off
[    0.000000] SLUB: HWalign=16, Order=0-3, MinObjects=0, CPUs=1, Nodes=1
[    0.000000] rcu: Hierarchical RCU implementation.
[    0.000000] rcu: 	RCU event tracing is enabled.
[    0.000000] rcu: 	RCU restricting CPUs from NR_CPUS=2 to nr_cpu_ids=1.
[    0.000000] 	Tracing variant of Tasks RCU enabled.
[    0.000000] rcu: RCU calculated value of scheduler-enlistment delay is 10 jiffies.
[    0.000000] rcu: Adjusting geometry for rcu_fanout_leaf=16, nr_cpu_ids=1
[    0.000000] RCU Tasks Trace: Setting shift to 0 and lim to 1 rcu_task_cb_adjust=1 rcu_task_cpu_ids=1.
[    0.000000] NR_IRQS: 16, nr_irqs: 16, preallocated irqs: 16
[    0.000000] IRQ: Found an INTC at 0x(ptrval) (revision 5.0) with 128 interrupts
[    0.000000] rcu: srcu_init: Setting srcu_struct sizes based on contention.
[    0.000000] TI gptimer clocksource: always-on /ocp/interconnect@44c00000/segment@200000/target-module@31000
[    0.000002] sched_clock: 32 bits at 24MHz, resolution 41ns, wraps every 89478484971ns
[    0.000028] clocksource: dmtimer: mask: 0xffffffff max_cycles: 0xffffffff, max_idle_ns: 79635851949 ns
[    0.000498] TI gptimer clockevent: 24000000 Hz at /ocp/interconnect@48000000/segment@0/target-module@40000
[    0.002064] Console: colour dummy device 80x30
[    0.002132] WARNING: Your 'console=ttyO0' has been replaced by 'ttyS0'
[    0.002140] This ensures that you still see kernel messages. Please
[    0.002144] update your kernel commandline.
[    0.002189] Calibrating delay loop... 996.14 BogoMIPS (lpj=4980736)
[    0.090544] CPU: Testing write buffer coherency: ok
[    0.090656] CPU0: Spectre v2: using BPIALL workaround
[    0.090667] pid_max: default: 32768 minimum: 301
[    0.090981] Mount-cache hash table entries: 1024 (order: 0, 4096 bytes, linear)
[    0.091005] Mountpoint-cache hash table entries: 1024 (order: 0, 4096 bytes, linear)
[    0.092588] CPU0: thread -1, cpu 0, socket -1, mpidr 0
[    0.092648] cacheinfo: Unable to detect cache hierarchy for CPU 0
[    0.094694] Setting up static identity map for 0x80100000 - 0x80100078
[    0.095014] rcu: Hierarchical SRCU implementation.
[    0.095025] rcu: 	Max phase no-delay instances is 1000.
[    0.096725] smp: Bringing up secondary CPUs ...
[    0.096780] smp: Brought up 1 node, 1 CPU
[    0.096791] SMP: Total of 1 processors activated (996.14 BogoMIPS).
[    0.096803] CPU: All CPU(s) started in SVC mode.
[    0.097001] Memory: 480864K/522240K available (11264K kernel code, 1226K rwdata, 2952K rodata, 1024K init, 256K bss, 23336K reserved, 16384K cma-reserved, 0K highmem)
[    0.097813] devtmpfs: initialized
[    0.115475] VFP support v0.3: implementor 41 architecture 3 part 30 variant c rev 3
[    0.116158] clocksource: jiffies: mask: 0xffffffff max_cycles: 0xffffffff, max_idle_ns: 19112604462750000 ns
[    0.116215] posixtimers hash table entries: 512 (order: 0, 4096 bytes, linear)
[    0.116242] futex hash table entries: 256 (16384 bytes on 1 NUMA nodes, total 16 KiB, linear).
[    0.119455] NET: Registered PF_NETLINK/PF_ROUTE protocol family
[    0.122549] DMA: preallocated 256 KiB pool for atomic coherent allocations
[    0.123163] audit: initializing netlink subsys (disabled)
[    0.124520] thermal_sys: Registered thermal governor 'fair_share'
[    0.124536] thermal_sys: Registered thermal governor 'step_wise'
[    0.124545] thermal_sys: Registered thermal governor 'user_space'
[    0.124654] audit: type=2000 audit(0.120:1): state=initialized audit_enabled=0 res=1
[    0.124723] cpuidle: using governor menu
[    0.142676] /ocp/interconnect@44c00000/segment@200000/target-module@b000/i2c@0/tda19988@70: Fixed dependency cycle(s) with /ocp/interconnect@48000000/segment@300000/target-module@e000/lcdc@0
[    0.143770] /ocp/interconnect@48000000/segment@300000/target-module@e000/lcdc@0: Fixed dependency cycle(s) with /ocp/interconnect@44c00000/segment@200000/target-module@b000/i2c@0/tda19988@70
[    0.145945] No ATAGs?
[    0.145981] hw-breakpoint: debug architecture 0x4 unsupported.
[    0.149063] kprobes: kprobe jump-optimization is enabled. All kprobes are optimized if possible.
[    0.153848] iommu: Default domain type: Translated
[    0.153873] iommu: DMA domain TLB invalidation policy: strict mode
[    0.155421] reg-fixed-voltage fixedregulator0: using DT '/fixedregulator0' for '(default)' GPIO lookup
[    0.155477] of_get_named_gpiod_flags: can't parse 'gpios' property of node '/fixedregulator0[0]'
[    0.155506] of_get_named_gpiod_flags: can't parse 'gpio' property of node '/fixedregulator0[0]'
[    0.155524] reg-fixed-voltage fixedregulator0: using lookup tables for GPIO lookup
[    0.155536] reg-fixed-voltage fixedregulator0: No GPIO consumer (default) found
[    0.161626] SCSI subsystem initialized
[    0.162106] libata version 3.00 loaded.
[    0.162508] pps_core: LinuxPPS API ver. 1 registered
[    0.162519] pps_core: Software ver. 5.3.6 - Copyright 2005-2007 Rodolfo Giometti <giometti@linux.it>
[    0.162544] PTP clock support registered
[    0.170878] vgaarb: loaded
[    0.171257] clocksource: Switched to clocksource dmtimer
[    0.171954] VFS: Disk quotas dquot_6.6.0
[    0.172017] VFS: Dquot-cache hash table entries: 1024 (order 0, 4096 bytes)
[    0.196088] NET: Registered PF_INET protocol family
[    0.196428] IP idents hash table entries: 8192 (order: 4, 65536 bytes, linear)
[    0.197880] tcp_listen_portaddr_hash hash table entries: 512 (order: 0, 4096 bytes, linear)
[    0.197917] Table-perturb hash table entries: 65536 (order: 6, 262144 bytes, linear)
[    0.197934] TCP established hash table entries: 4096 (order: 2, 16384 bytes, linear)
[    0.197979] TCP bind hash table entries: 4096 (order: 4, 65536 bytes, linear)
[    0.198078] TCP: Hash tables configured (established 4096 bind 4096)
[    0.198206] UDP hash table entries: 256 (order: 1, 14336 bytes, linear)
[    0.198241] UDP-Lite hash table entries: 256 (order: 1, 14336 bytes, linear)
[    0.198445] NET: Registered PF_UNIX/PF_LOCAL protocol family
[    0.202139] RPC: Registered named UNIX socket transport module.
[    0.202162] RPC: Registered udp transport module.
[    0.202167] RPC: Registered tcp transport module.
[    0.202172] RPC: Registered tcp-with-tls transport module.
[    0.202177] RPC: Registered tcp NFSv4.1 backchannel transport module.
[    0.202202] PCI: CLS 0 bytes, default 64
[    0.203628] Initialise system trusted keyrings
[    0.212296] workingset: timestamp_bits=14 max_order=17 bucket_order=3
[    0.213757] NFS: Registering the id_resolver key type
[    0.213857] Key type id_resolver registered
[    0.213864] Key type id_legacy registered
[    0.213984] jffs2: version 2.2. (NAND) (SUMMARY)  Â© 2001-2006 Red Hat, Inc.
[    0.214452] Key type asymmetric registered
[    0.214468] Asymmetric key parser 'x509' registered
[    0.214548] io scheduler mq-deadline registered
[    0.214559] io scheduler kyber registered
[    0.214646] io scheduler bfq registered
[    0.216514] target-module@4b000000:target-module@140000:pmu@0:fck: device ID is greater than 24
[    0.221508] ledtrig-cpu: registered to indicate activity on CPUs
[    0.232271] Serial: 8250/16550 driver, 6 ports, IRQ sharing enabled
[    0.279863] brd: module loaded
[    0.288732] loop: module loaded
[    0.289683] mtdoops: mtd device (mtddev=name/number) must be supplied
[    0.291367] mdio_bus fixed-0: using lookup tables for GPIO lookup
[    0.291394] mdio_bus fixed-0: No GPIO consumer reset found
[    0.292874] i2c_dev: i2c /dev entries driver
[    0.293915] cpuidle: enable-method property 'ti,am3352' found operations
[    0.294367] sdhci: Secure Digital Host Controller Interface driver
[    0.294377] sdhci: Copyright(c) Pierre Ossman
[    0.294571] sdhci-pltfm: SDHCI platform and OF driver helper
[    0.301631] hw perfevents: enabled with armv7_cortex_a8 PMU driver, 5 (8000000f) counters available
[    0.302184] Initializing XFRM netlink socket
[    0.302355] NET: Registered PF_INET6 protocol family
[    0.304407] Segment Routing with IPv6
[    0.304490] In-situ OAM (IOAM) with IPv6
[    0.304586] sit: IPv6, IPv4 and MPLS over IPv4 tunneling driver
[    0.305567] NET: Registered PF_PACKET protocol family
[    0.305596] NET: Registered PF_KEY protocol family
[    0.305738] Key type dns_resolver registered
[    0.305963] ThumbEE CPU extension supported.
[    0.305986] Registering SWP/SWPB emulation handler
[    0.306511] omap_voltage_late_init: Voltage driver support not added
[    0.307180] SmartReflex Class3 initialized
[    0.345165] Loading compiled-in X.509 certificates
[    0.375840] /ocp/interconnect@44c00000/segment@200000/target-module@b000/i2c@0/tda19988@70: Fixed dependency cycle(s) with /ocp/interconnect@48000000/segment@300000/target-module@e000/lcdc@0
[    0.382435] /ocp/interconnect@44c00000/segment@200000/target-module@b000/i2c@0/tda19988@70: Fixed dependency cycle(s) with /ocp/interconnect@48000000/segment@300000/target-module@e000/lcdc@0
[    0.387970] gpiochip_find_base_unlocked: found new base at 512
[    0.414911] /ocp/interconnect@44c00000/segment@200000/target-module@b000/i2c@0/tda19988@70: Fixed dependency cycle(s) with /ocp/interconnect@48000000/segment@300000/target-module@e000/lcdc@0
[    0.415787] /ocp/interconnect@44c00000/segment@200000/target-module@b000/i2c@0/tda19988@70: Fixed dependency cycle(s) with /ocp/interconnect@48000000/segment@300000/target-module@e000/lcdc@0
[    0.419233] /ocp/interconnect@44c00000/segment@200000/target-module@10000/scm@0/pinmux@800: Fixed dependency cycle(s) with /ocp/interconnect@44c00000/segment@200000/target-module@10000/scm@0/pinmux@800/clkout2-pins
[    0.419827] pinctrl-single 44e10800.pinmux: 142 pins, size 568
[    0.425514] ti-sysc 44e31000.target-module: probe with driver ti-sysc failed with error -16
[    0.472859] /ocp/interconnect@48000000/segment@300000/target-module@e000/lcdc@0: Fixed dependency cycle(s) with /ocp/interconnect@44c00000/segment@200000/target-module@b000/i2c@0/tda19988@70
[    0.480883] ti-sysc 48040000.target-module: probe with driver ti-sysc failed with error -16
[    0.492567] gpiochip_find_base_unlocked: found new base at 512
[    0.492681] gpio gpiochip0: (gpio-0-31): created GPIO range 0->7 ==> 44e10800.pinmux PIN 0->7
[    0.492701] gpio gpiochip0: (gpio-0-31): created GPIO range 8->11 ==> 44e10800.pinmux PIN 90->93
[    0.492717] gpio gpiochip0: (gpio-0-31): created GPIO range 12->27 ==> 44e10800.pinmux PIN 12->27
[    0.492733] gpio gpiochip0: (gpio-0-31): created GPIO range 28->31 ==> 44e10800.pinmux PIN 30->33
[    0.517699] gpio gpiochip0: (gpio-0-31): added GPIO chardev (254:0)
[    0.517955] gpio gpiochip0: registered GPIOs 512 to 543 on gpio-0-31
[    0.518042] OMAP GPIO hardware version 0.1
[    0.543804] i2c i2c-2: using DT '/ocp/interconnect@48000000/segment@100000/target-module@9c000/i2c@0' for 'scl' GPIO lookup
[    0.543876] of_get_named_gpiod_flags: can't parse 'scl-gpios' property of node '/ocp/interconnect@48000000/segment@100000/target-module@9c000/i2c@0[0]'
[    0.543919] of_get_named_gpiod_flags: can't parse 'scl-gpio' property of node '/ocp/interconnect@48000000/segment@100000/target-module@9c000/i2c@0[0]'
[    0.543956] i2c i2c-2: using lookup tables for GPIO lookup
[    0.543966] i2c i2c-2: No GPIO consumer scl found
[    0.543988] i2c i2c-2: using DT '/ocp/interconnect@48000000/segment@100000/target-module@9c000/i2c@0' for 'sda' GPIO lookup
[    0.544024] of_get_named_gpiod_flags: can't parse 'sda-gpios' property of node '/ocp/interconnect@48000000/segment@100000/target-module@9c000/i2c@0[0]'
[    0.544061] of_get_named_gpiod_flags: can't parse 'sda-gpio' property of node '/ocp/interconnect@48000000/segment@100000/target-module@9c000/i2c@0[0]'
[    0.544092] i2c i2c-2: using lookup tables for GPIO lookup
[    0.544100] i2c i2c-2: No GPIO consumer sda found
[    0.544829] omap_i2c 4819c000.i2c: bus 2 rev0.11 at 100 kHz
[    0.550412] gpiochip_find_base_unlocked: found new base at 544
[    0.550516] gpio gpiochip1: (gpio-32-63): created GPIO range 0->17 ==> 44e10800.pinmux PIN 34->51
[    0.550537] gpio gpiochip1: (gpio-32-63): created GPIO range 18->21 ==> 44e10800.pinmux PIN 77->80
[    0.550552] gpio gpiochip1: (gpio-32-63): created GPIO range 22->31 ==> 44e10800.pinmux PIN 56->65
[    0.573399] gpio gpiochip1: (gpio-32-63): added GPIO chardev (254:1)
[    0.573647] gpio gpiochip1: registered GPIOs 544 to 575 on gpio-32-63
[    0.576008] gpiochip_find_base_unlocked: found new base at 576
[    0.576101] gpio gpiochip2: (gpio-64-95): created GPIO range 0->4 ==> 44e10800.pinmux PIN 66->70
[    0.576120] gpio gpiochip2: (gpio-64-95): created GPIO range 5->6 ==> 44e10800.pinmux PIN 98->99
[    0.576136] gpio gpiochip2: (gpio-64-95): created GPIO range 7->8 ==> 44e10800.pinmux PIN 75->76
[    0.576152] gpio gpiochip2: (gpio-64-95): created GPIO range 13->13 ==> 44e10800.pinmux PIN 141->141
[    0.576169] gpio gpiochip2: (gpio-64-95): created GPIO range 14->21 ==> 44e10800.pinmux PIN 100->107
[    0.576875] gpio gpiochip2: (gpio-64-95): added GPIO chardev (254:2)
[    0.577079] gpio gpiochip2: registered GPIOs 576 to 607 on gpio-64-95
[    0.582968] 48000000.interconnect:segment@200000:target-module@0:mpu@0:fck: device ID is greater than 24
[    0.583932] /ocp/interconnect@48000000/segment@300000/target-module@e000/lcdc@0: Fixed dependency cycle(s) with /ocp/interconnect@44c00000/segment@200000/target-module@b000/i2c@0/tda19988@70
[    0.586754] /ocp/interconnect@48000000/segment@300000/target-module@e000/lcdc@0: Fixed dependency cycle(s) with /ocp/interconnect@44c00000/segment@200000/target-module@b000/i2c@0/tda19988@70
[    0.587461] /ocp/interconnect@44c00000/segment@200000/target-module@b000/i2c@0/tda19988@70: Fixed dependency cycle(s) with /ocp/interconnect@48000000/segment@300000/target-module@e000/lcdc@0
[    0.587628] /ocp/interconnect@48000000/segment@300000/target-module@e000/lcdc@0: Fixed dependency cycle(s) with /ocp/interconnect@44c00000/segment@200000/target-module@b000/i2c@0/tda19988@70
[    0.595107] sdhci-omap 481d8000.mmc: using DT '/ocp/interconnect@48000000/segment@100000/target-module@d8000/mmc@0' for 'wp' GPIO lookup
[    0.595179] of_get_named_gpiod_flags: can't parse 'wp-gpios' property of node '/ocp/interconnect@48000000/segment@100000/target-module@d8000/mmc@0[0]'
[    0.595223] of_get_named_gpiod_flags: can't parse 'wp-gpio' property of node '/ocp/interconnect@48000000/segment@100000/target-module@d8000/mmc@0[0]'
[    0.595260] sdhci-omap 481d8000.mmc: using lookup tables for GPIO lookup
[    0.595270] sdhci-omap 481d8000.mmc: No GPIO consumer wp found
[    0.595470] sdhci-omap 481d8000.mmc: supply pbias not found, using dummy regulator
[    0.595957] sdhci-omap 481d8000.mmc: supply vqmmc not found, using dummy regulator
[    0.621717] mdio_bus 4a101000.mdio: using DT '/ocp/interconnect@4a000000/segment@0/target-module@100000/switch@0/mdio@1000' for 'reset' GPIO lookup
[    0.621789] of_get_named_gpiod_flags: can't parse 'reset-gpios' property of node '/ocp/interconnect@4a000000/segment@0/target-module@100000/switch@0/mdio@1000[0]'
[    0.621836] of_get_named_gpiod_flags: can't parse 'reset-gpio' property of node '/ocp/interconnect@4a000000/segment@0/target-module@100000/switch@0/mdio@1000[0]'
[    0.621884] mdio_bus 4a101000.mdio: using lookup tables for GPIO lookup
[    0.621895] mdio_bus 4a101000.mdio: No GPIO consumer reset found
[    0.685444] davinci_mdio 4a101000.mdio: davinci mdio revision 1.6, bus freq 1000000
[    0.707727] mdio_bus 4a101000.mdio:00: using DT '/ocp/interconnect@4a000000/segment@0/target-module@100000/switch@0/mdio@1000/ethernet-phy@0' for 'reset' GPIO lookup
[    0.707828] of_get_named_gpiod_flags: parsed 'reset-gpios' property of node '/ocp/interconnect@4a000000/segment@0/target-module@100000/switch@0/mdio@1000/ethernet-phy@0[0]' - status (0)
[    0.707993] gpio gpiochip0: Persistence not supported for GPIO 8
[    0.836939] davinci_mdio 4a101000.mdio: phy[0]: device 4a101000.mdio:00, driver SMSC LAN8710/LAN8720
[    0.837722] cpsw-switch 4a100000.switch: initialized cpsw ale version 1.4
[    0.837742] cpsw-switch 4a100000.switch: ALE Table size 1024, Policers 0
[    0.837941] cpsw-switch 4a100000.switch: cpts: overflow check period 500 (jiffies)
[    0.837959] cpsw-switch 4a100000.switch: CPTS: ref_clk_freq:250000000 calc_mult:2147483648 calc_shift:29 error:0 nsec/sec
[    0.838055] cpsw-switch 4a100000.switch: Detected MACID = 6c:ec:eb:68:de:78
[    0.839933] cpsw-switch 4a100000.switch: initialized (regs 0x4a100000, pool size 256) hw_ver:0019010C 1.12 (0)
[    0.865210] debugfs: '49000000.dma' already exists in 'dmaengine'
[    0.865254] edma 49000000.dma: TI EDMA DMA engine driver
[    0.898373] gpio-clk clk_mcasp0: using DT '/clk_mcasp0' for 'enable' GPIO lookup
[    0.898457] of_get_named_gpiod_flags: parsed 'enable-gpios' property of node '/clk_mcasp0[0]' - status (0)
[    0.898504] gpio gpiochip0: Persistence not supported for GPIO 27
[    0.899257] gpiochip_find_base_unlocked: found new base at 608
[    0.899369] gpio gpiochip3: (gpio-96-127): created GPIO range 0->7 ==> 44e10800.pinmux PIN 82->89
[    0.899391] gpio gpiochip3: (gpio-96-127): created GPIO range 8->11 ==> 44e10800.pinmux PIN 52->55
[    0.899407] gpio gpiochip3: (gpio-96-127): created GPIO range 12->15 ==> 44e10800.pinmux PIN 94->97
[    0.899423] gpio gpiochip3: (gpio-96-127): created GPIO range 16->17 ==> 44e10800.pinmux PIN 71->72
[    0.899439] gpio gpiochip3: (gpio-96-127): created GPIO range 18->18 ==> 44e10800.pinmux PIN 135->135
[    0.899456] gpio gpiochip3: (gpio-96-127): created GPIO range 19->20 ==> 44e10800.pinmux PIN 108->109
[    0.899474] gpio gpiochip3: (gpio-96-127): created GPIO range 21->21 ==> 44e10800.pinmux PIN 73->73
[    0.899496] gpio gpiochip3: (gpio-96-127): created GPIO range 22->23 ==> 44e10800.pinmux PIN 8->9
[    0.899514] gpio gpiochip3: (gpio-96-127): created GPIO range 26->27 ==> 44e10800.pinmux PIN 10->11
[    0.899532] gpio gpiochip3: (gpio-96-127): created GPIO range 28->28 ==> 44e10800.pinmux PIN 74->74
[    0.899550] gpio gpiochip3: (gpio-96-127): created GPIO range 29->29 ==> 44e10800.pinmux PIN 81->81
[    0.899569] gpio gpiochip3: (gpio-96-127): created GPIO range 30->31 ==> 44e10800.pinmux PIN 28->29
[    0.918603] gpio gpiochip3: (gpio-96-127): added GPIO chardev (254:3)
[    0.918852] gpio gpiochip3: registered GPIOs 608 to 639 on gpio-96-127
[    0.932193] omap8250 44e09000.serial: using DT '/ocp/interconnect@44c00000/segment@200000/target-module@9000/serial@0' for 'rs485-term' GPIO lookup
[    0.932267] of_get_named_gpiod_flags: can't parse 'rs485-term-gpios' property of node '/ocp/interconnect@44c00000/segment@200000/target-module@9000/serial@0[0]'
[    0.932313] of_get_named_gpiod_flags: can't parse 'rs485-term-gpio' property of node '/ocp/interconnect@44c00000/segment@200000/target-module@9000/serial@0[0]'
[    0.932350] omap8250 44e09000.serial: using lookup tables for GPIO lookup
[    0.932360] omap8250 44e09000.serial: No GPIO consumer rs485-term found
[    0.932371] omap8250 44e09000.serial: using DT '/ocp/interconnect@44c00000/segment@200000/target-module@9000/serial@0' for 'rs485-rx-during-tx' GPIO lookup
[    0.932408] of_get_named_gpiod_flags: can't parse 'rs485-rx-during-tx-gpios' property of node '/ocp/interconnect@44c00000/segment@200000/target-module@9000/serial@0[0]'
[    0.932446] of_get_named_gpiod_flags: can't parse 'rs485-rx-during-tx-gpio' property of node '/ocp/interconnect@44c00000/segment@200000/target-module@9000/serial@0[0]'
[    0.932477] omap8250 44e09000.serial: using lookup tables for GPIO lookup
[    0.932485] omap8250 44e09000.serial: No GPIO consumer rs485-rx-during-tx found
[    0.932930] 44e09000.serial: ttyS0 at MMIO 0x44e09000 (irq = 34, base_baud = 3000000) is a 8250
[    0.933052] printk: legacy console [ttyS0] enabled
[    2.419534] i2c i2c-0: using DT '/ocp/interconnect@44c00000/segment@200000/target-module@b000/i2c@0' for 'scl' GPIO lookup
[    2.419625] of_get_named_gpiod_flags: can't parse 'scl-gpios' property of node '/ocp/interconnect@44c00000/segment@200000/target-module@b000/i2c@0[0]'
[    2.419672] of_get_named_gpiod_flags: can't parse 'scl-gpio' property of node '/ocp/interconnect@44c00000/segment@200000/target-module@b000/i2c@0[0]'
[    2.419712] i2c i2c-0: using lookup tables for GPIO lookup
[    2.419727] i2c i2c-0: No GPIO consumer scl found
[    2.419753] i2c i2c-0: using DT '/ocp/interconnect@44c00000/segment@200000/target-module@b000/i2c@0' for 'sda' GPIO lookup
[    2.419794] of_get_named_gpiod_flags: can't parse 'sda-gpios' property of node '/ocp/interconnect@44c00000/segment@200000/target-module@b000/i2c@0[0]'
[    2.419836] of_get_named_gpiod_flags: can't parse 'sda-gpio' property of node '/ocp/interconnect@44c00000/segment@200000/target-module@b000/i2c@0[0]'
[    2.419872] i2c i2c-0: using lookup tables for GPIO lookup
[    2.419884] i2c i2c-0: No GPIO consumer sda found
[    2.432230] tps65217-pmic: Failed to locate of_node [id: -1]
[    2.438300] tps65217-bl: Failed to locate of_node [id: -1]
[    2.444391] platform tps65217-charger: DMA mask not set
[    2.450424] platform tps65217-pwrbutton: DMA mask not set
[    2.457677] tps65217 0-0024: TPS65217 ID 0xe version 1.2
[    2.463794] /ocp/interconnect@48000000/segment@300000/target-module@e000/lcdc@0: Fixed dependency cycle(s) with /ocp/interconnect@44c00000/segment@200000/target-module@b000/i2c@0/tda19988@70
[    2.481210] /ocp/interconnect@44c00000/segment@200000/target-module@b000/i2c@0/tda19988@70: Fixed dependency cycle(s) with /ocp/interconnect@48000000/segment@300000/target-module@e000/lcdc@0
[    2.498599] omap_i2c 44e0b000.i2c: bus 0 rev0.11 at 400 kHz
[    2.506495] sdhci-omap 48060000.mmc: using DT '/ocp/interconnect@48000000/segment@0/target-module@60000/mmc@0' for 'cd' GPIO lookup
[    2.506607] of_get_named_gpiod_flags: parsed 'cd-gpios' property of node '/ocp/interconnect@48000000/segment@0/target-module@60000/mmc@0[0]' - status (0)
[    2.506674] gpio gpiochip3: Persistence not supported for GPIO 6
[    2.506708] omap_gpio 44e07000.gpio: Could not set line 6 debounce to 200000 microseconds (-22)
[    2.515592] sdhci-omap 48060000.mmc: Got CD GPIO
[    2.520245] sdhci-omap 48060000.mmc: using DT '/ocp/interconnect@48000000/segment@0/target-module@60000/mmc@0' for 'wp' GPIO lookup
[    2.520294] of_get_named_gpiod_flags: can't parse 'wp-gpios' property of node '/ocp/interconnect@48000000/segment@0/target-module@60000/mmc@0[0]'
[    2.520340] of_get_named_gpiod_flags: can't parse 'wp-gpio' property of node '/ocp/interconnect@48000000/segment@0/target-module@60000/mmc@0[0]'
[    2.520380] sdhci-omap 48060000.mmc: using lookup tables for GPIO lookup
[    2.520394] sdhci-omap 48060000.mmc: No GPIO consumer wp found
[    2.520608] sdhci-omap 48060000.mmc: supply pbias not found, using dummy regulator
[    2.529515] sdhci-omap 481d8000.mmc: using DT '/ocp/interconnect@48000000/segment@100000/target-module@d8000/mmc@0' for 'wp' GPIO lookup
[    2.529591] of_get_named_gpiod_flags: can't parse 'wp-gpios' property of node '/ocp/interconnect@48000000/segment@100000/target-module@d8000/mmc@0[0]'
[    2.529640] of_get_named_gpiod_flags: can't parse 'wp-gpio' property of node '/ocp/interconnect@48000000/segment@100000/target-module@d8000/mmc@0[0]'
[    2.529678] sdhci-omap 481d8000.mmc: using lookup tables for GPIO lookup
[    2.529694] sdhci-omap 481d8000.mmc: No GPIO consumer wp found
[    2.531209] sdhci-omap 48060000.mmc: supply vqmmc not found, using dummy regulator
[    2.539742] sdhci-omap 481d8000.mmc: supply pbias not found, using dummy regulator
[    2.549532] sdhci-omap 481d8000.mmc: supply vqmmc not found, using dummy regulator
[    2.584985] mmc0: SDHCI controller on 48060000.mmc [48060000.mmc] using External DMA
[    2.593229] mmc1: SDHCI controller on 481d8000.mmc [481d8000.mmc] using External DMA
[    2.602076] cpsw-switch 4a100000.switch: starting ndev. mode: dual_mac
[    2.671544] mmc1: new high speed MMC card at address 0001
[    2.678380] mmcblk1: mmc1:0001 MMC04G 3.60 GiB
[    2.686291]  mmcblk1: p1 p2
[    2.690032] SMSC LAN8710/LAN8720 4a101000.mdio:00: attached PHY driver (mii_bus:phy_addr=4a101000.mdio:00, irq=POLL)
[    2.702697] mmcblk1boot0: mmc1:0001 MMC04G 2.00 MiB
[    2.716571] mmcblk1boot1: mmc1:0001 MMC04G 2.00 MiB
[    2.725520] mmcblk1rpmb: mmc1:0001 MMC04G 128 KiB, chardev (249:0)
[    2.774772] mmc0: new high speed SDHC card at address aaaa
[    2.781711] mmcblk0: mmc0:aaaa SE32G 29.7 GiB
[    2.790788]  mmcblk0: p1 p2
[    5.842010] cpsw-switch 4a100000.switch eth0: Link is Up - 100Mbps/Full - flow control off
[    5.871265] IP-Config: Complete:
[    5.874539]      device=eth0, hwaddr=6c:ec:eb:68:de:78, ipaddr=192.168.255.1, mask=255.255.255.0, gw=255.255.255.255
[    5.885188]      host=bbb1, domain=, nis-domain=(none)
[    5.890357]      bootserver=192.168.255.126, rootserver=192.168.255.126, rootpath=
[    5.890779] clk: Disabling unused clocks
[    5.902632] PM: genpd: Disabling unused power domains
[    5.907800] KTAP version 1
[    5.910525] 1..0
[    5.913315] check access for rdinit=/init failed: -2, ignoring
[    5.945640] VFS: Mounted root (nfs filesystem) on device 0:17.
[    5.952739] devtmpfs: mounted
[    5.957217] Freeing unused kernel image (initmem) memory: 1024K
[    5.964168] Run /sbin/init as init process
[    5.968303]   with arguments:
[    5.968316]     /sbin/init
[    5.968325]     nfsrootdebug
[    5.968334]   with environment:
[    5.968343]     HOME=/
[    5.968352]     TERM=linux
[    6.639147] systemd[1]: System time before build time, advancing clock.
[    8.191277] random: crng init done
[    8.214055] systemd[1]: systemd 232 running in system mode. (+PAM +AUDIT +SELINUX +IMA +APPARMOR +SMACK +SYSVINIT +UTMP +LIBCRYPTSETUP +GCRYPT +GNUTLS +ACL +XZ +LZ4 +SECCOMP +BLKID +ELFUTILS +KMOD +IDN)
[    8.233166] systemd[1]: Detected architecture arm.
[    8.264328] systemd[1]: Set hostname to <arm>.
[    9.368166] systemd[1]: Listening on udev Kernel Socket.
[    9.392372] systemd[1]: Listening on Journal Audit Socket.
[    9.422751] systemd[1]: Created slice User and Session Slice.
[    9.451664] systemd[1]: Reached target Swap.
[    9.473075] systemd[1]: systemd-journald.socket: SO_PASSSEC failed: Operation not supported
[    9.481992] systemd[1]: systemd-journald.socket: SO_PASSSEC failed: Operation not supported
[    9.490581] systemd[1]: Listening on Journal Socket.
[   11.754680] systemd-journald[81]: Received request to flush runtime journal from PID 1
[   12.641752] omap_prm 44e00d00.prm: sync_state() pending due to 44d00000.cpu
[   18.874597] ------------[ cut here ]------------
[   18.879294] WARNING: net/8021q/vlan_core.c:236 at vlan_for_each+0x114/0x134, CPU#0: avahi-daemon/183
[   18.888661] RTNL: assertion failed at net/8021q/vlan_core.c (236)
[   18.894866] Modules linked in: cpufreq_dt autofs4
[   18.899629] CPU: 0 UID: 107 PID: 183 Comm: avahi-daemon Not tainted 6.18.0-rc2-next-20251023 #1 NONE 
[   18.899646] Hardware name: Generic AM33XX (Flattened Device Tree)
[   18.899655] Call trace: 
[   18.899671]  unwind_backtrace from show_stack+0x10/0x14
[   18.899709]  show_stack from dump_stack_lvl+0x50/0x64
[   18.899735]  dump_stack_lvl from __warn+0x88/0x148
[   18.899753]  __warn from warn_slowpath_fmt+0x19c/0x1b0
[   18.899766]  warn_slowpath_fmt from vlan_for_each+0x114/0x134
[   18.899787]  vlan_for_each from cpsw_add_mc_addr+0x40/0xa4
[   18.899811]  cpsw_add_mc_addr from __hw_addr_ref_sync_dev+0x108/0x140
[   18.899841]  __hw_addr_ref_sync_dev from __dev_mc_add+0x7c/0x80
[   18.899863]  __dev_mc_add from igmp6_group_added+0xc8/0xe0
[   18.899891]  igmp6_group_added from __ipv6_dev_mc_inc+0x218/0x364
[   18.899910]  __ipv6_dev_mc_inc from __ipv6_sock_mc_join+0x11c/0x1c0
[   18.899928]  __ipv6_sock_mc_join from do_ipv6_setsockopt+0x1214/0x1310
[   18.899959]  do_ipv6_setsockopt from ipv6_setsockopt+0x60/0xcc
[   18.899981]  ipv6_setsockopt from udpv6_setsockopt+0x2c/0x6c
[   18.900005]  udpv6_setsockopt from sock_common_setsockopt+0x30/0x40
[   18.900039]  sock_common_setsockopt from do_sock_setsockopt+0x50/0x9c
[   18.900061]  do_sock_setsockopt from __sys_setsockopt+0x70/0xbc
[   18.900080]  __sys_setsockopt from ret_fast_syscall+0x0/0x58
[   18.900097] Exception stack(0xe0169fa8 to 0xe0169ff0)
[   18.900111] 9fa0:                   00000014 b6f66ce8 0000000d 00000029 00000014 beb149ec
[   18.900123] 9fc0: 00000014 b6f66ce8 00000014 00000126 0000000d b6f0fff4 0052e988 00516558
[   18.900132] 9fe0: b6f25088 beb149d8 b6f02309 b6dd941a
[   18.900139] ---[ end trace 0000000000000000 ]---
[   19.543155] omap_rtc 44e3e000.rtc: registered as rtc0
[   19.548336] omap_rtc 44e3e000.rtc: setting system clock to 2000-01-01T00:00:01 UTC (946684801)
[   19.557176] omap_rtc 44e3e000.rtc: using DT '/ocp/interconnect@44c00000/segment@200000/target-module@3e000/rtc@0' for 'wp' GPIO lookup
[   19.557251] of_get_named_gpiod_flags: can't parse 'wp-gpios' property of node '/ocp/interconnect@44c00000/segment@200000/target-module@3e000/rtc@0[0]'
[   19.557302] of_get_named_gpiod_flags: can't parse 'wp-gpio' property of node '/ocp/interconnect@44c00000/segment@200000/target-module@3e000/rtc@0[0]'
[   19.557344] omap_rtc 44e3e000.rtc: using lookup tables for GPIO lookup
[   19.557359] omap_rtc 44e3e000.rtc: No GPIO consumer wp found
[   19.819129] PM: Cannot get wkup_m3_ipc handle
[   21.752641] Bluetooth: Core ver 2.22
[   21.756507] NET: Registered PF_BLUETOOTH protocol family
[   21.762021] Bluetooth: HCI device and connection manager initialized
[   21.768441] Bluetooth: HCI socket layer initialized
[   21.773442] Bluetooth: L2CAP socket layer initialized
[   21.778559] Bluetooth: SCO socket layer initialized
[   24.254993] userial_init: registered 8 ttyGS* devices
[   24.552947] rndis_register: configNr = 0
[   58.502357] KTAP version 1
[   58.502410] 1..1
[   58.502433]     KTAP version 1
[   58.502445]     # Subtest: linear-ranges-test
[   58.502461]     # module: test_linear_ranges
[   58.502477]     1..4
[   58.503793]     ok 1 range_test_get_value_amount
[   58.504368]     ok 2 range_test_get_selector_high
[   58.504902]     ok 3 range_test_get_selector_low
[   58.505394]     ok 4 range_test_get_value
[   58.505420] # linear-ranges-test: pass:4 fail:0 skip:0 total:4
[   58.505439] # Totals: pass:4 fail:0 skip:0 total:4
[   58.505454] ok 1 linear-ranges-test
GCYJJQJBTN 0
root@arm:~# Labgrid Console Logfile for main
Logfile started at 2025-10-23 06:47:49.673276
=== Log starts here ===

root@arm:~# run() { echo -n "$MARKER"; sh -c "$@"; echo "$MARKER $?"; }
root@arm:~# echo 'AAGM''SCNQNK'
AAGMSCNQNK
root@arm:~# MARKER='HOML''XATBCM' run dmesg
HOMLXATBCM[    0.000000] Booting Linux on physical CPU 0x0
[    0.000000] Linux version 6.18.0-rc2-next-20251023 (user01@drvtest01) (arm-none-eabi-gcc (Arm GNU Toolchain 14.2.Rel1 (Build arm-14.52)) 14.2.1 20241119, GNU ld (Arm GNU Toolchain 14.2.Rel1 (Build arm-14.52)) 2.43.1.20241119) #1 SMP Thu Oct 23 06:44:42 EEST 2025
[    0.000000] CPU: ARMv7 Processor [413fc082] revision 2 (ARMv7), cr=10c5387d
[    0.000000] CPU: PIPT / VIPT nonaliasing data cache, VIPT aliasing instruction cache
[    0.000000] OF: fdt: Machine model: TI AM335x BeagleBone Black
[    0.000000] Memory policy: Data cache writeback
[    0.000000] cma: Reserved 16 MiB at 0x9e800000
[    0.000000] Zone ranges:
[    0.000000]   Normal   [mem 0x0000000080000000-0x000000009fdfffff]
[    0.000000]   HighMem  empty
[    0.000000] Movable zone start for each node
[    0.000000] Early memory node ranges
[    0.000000]   node   0: [mem 0x0000000080000000-0x000000009fdfffff]
[    0.000000] Initmem setup node 0 [mem 0x0000000080000000-0x000000009fdfffff]
[    0.000000] On node 0, zone Normal: 512 pages in unavailable ranges
[    0.000000] OF: reserved mem: Reserved memory: No reserved-memory node in the DT
[    0.000000] CPU: All CPU(s) started in SVC mode.
[    0.000000] AM335X ES2.1 (sgx neon)
[    0.000000] percpu: Embedded 17 pages/cpu s40012 r8192 d21428 u69632
[    0.000000] pcpu-alloc: s40012 r8192 d21428 u69632 alloc=17*4096
[    0.000000] pcpu-alloc: [0] 0 
[    0.000000] Kernel command line: console=ttyO0,115200n8 root=/dev/nfs rw nfsroot=192.168.255.126:/home/user01/nfs,nfsvers=3 ip=192.168.255.1:192.168.255.126::255.255.255.0:bbb1:eth0 nfsrootdebug
[    0.000000] Unknown kernel command line parameters "nfsrootdebug", will be passed to user space.
[    0.000000] printk: log buffer data + meta data: 65536 + 204800 = 270336 bytes
[    0.000000] Dentry cache hash table entries: 65536 (order: 6, 262144 bytes, linear)
[    0.000000] Inode-cache hash table entries: 32768 (order: 5, 131072 bytes, linear)
[    0.000000] Built 1 zonelists, mobility grouping on.  Total pages: 130560
[    0.000000] mem auto-init: stack:off, heap alloc:off, heap free:off
[    0.000000] SLUB: HWalign=16, Order=0-3, MinObjects=0, CPUs=1, Nodes=1
[    0.000000] rcu: Hierarchical RCU implementation.
[    0.000000] rcu: 	RCU event tracing is enabled.
[    0.000000] rcu: 	RCU restricting CPUs from NR_CPUS=2 to nr_cpu_ids=1.
[    0.000000] 	Tracing variant of Tasks RCU enabled.
[    0.000000] rcu: RCU calculated value of scheduler-enlistment delay is 10 jiffies.
[    0.000000] rcu: Adjusting geometry for rcu_fanout_leaf=16, nr_cpu_ids=1
[    0.000000] RCU Tasks Trace: Setting shift to 0 and lim to 1 rcu_task_cb_adjust=1 rcu_task_cpu_ids=1.
[    0.000000] NR_IRQS: 16, nr_irqs: 16, preallocated irqs: 16
[    0.000000] IRQ: Found an INTC at 0x(ptrval) (revision 5.0) with 128 interrupts
[    0.000000] rcu: srcu_init: Setting srcu_struct sizes based on contention.
[    0.000000] TI gptimer clocksource: always-on /ocp/interconnect@44c00000/segment@200000/target-module@31000
[    0.000002] sched_clock: 32 bits at 24MHz, resolution 41ns, wraps every 89478484971ns
[    0.000028] clocksource: dmtimer: mask: 0xffffffff max_cycles: 0xffffffff, max_idle_ns: 79635851949 ns
[    0.000498] TI gptimer clockevent: 24000000 Hz at /ocp/interconnect@48000000/segment@0/target-module@40000
[    0.002064] Console: colour dummy device 80x30
[    0.002132] WARNING: Your 'console=ttyO0' has been replaced by 'ttyS0'
[    0.002140] This ensures that you still see kernel messages. Please
[    0.002144] update your kernel commandline.
[    0.002189] Calibrating delay loop... 996.14 BogoMIPS (lpj=4980736)
[    0.090544] CPU: Testing write buffer coherency: ok
[    0.090656] CPU0: Spectre v2: using BPIALL workaround
