Labgrid Console Logfile for main
Logfile started at 2024-10-21 10:14:06.572833
=== Log starts here ===
ready
DRAM:  512 MiB
NAND:  0 MiB
MMC:   OMAP SD/MMC: 0, OMAP SD/MMC: 1
*** Warning - readenv() failed, using default environment

Net:   <ethaddr> not set. Validating first E-fuse MAC
cpsw, usb_ether
Hit any key to stop autoboot:  1  0 
gpio: pin 53 (gpio 53) value is 1
mmc0 is current device
gpio: pin 54 (gpio 54) value is 1
SD/MMC found on device 0
reading uEnv.txt
569 bytes read in 4 ms (138.7 KiB/s)
gpio: pin 55 (gpio 55) value is 1
Loaded environment from uEnv.txt
Importing environment from mmc ...
Checking if uenvcmd is set ...
gpio: pin 56 (gpio 56) value is 1
Running uenvcmd ...
cpsw Waiting for PHY auto negotiation to complete. done
link up on port 0, speed 100, full duplex
Using cpsw device
TFTP from server 192.168.255.126; our IP address is 192.168.255.1
Filename 'zImage'.
Load address: 0x81000000
Loading: *#################################################################
	 #################################################################
	 #################################################################
	 #################################################################
	 #################################################################
	 ###################################################
	 2.4 MiB/s
done
Bytes transferred = 5512872 (541ea8 hex)
link up on port 0, speed 100, full duplex
Using cpsw device
TFTP from server 192.168.255.126; our IP address is 192.168.255.1
Filename 'am335x-boneblack.dtb'.
Load address: 0x82000000
Loading: *#######
	 2.3 MiB/s
done
Bytes transferred = 98244 (17fc4 hex)
Kernel image @ 0x81000000 [ 0x000000 - 0x541ea8 ]
## Flattened Device Tree blob at 82000000
   Booting using the fdt blob at 0x82000000
   Using Device Tree in place at 82000000, end 8201afc3

Starting kernel ...

[    0.000000] Booting Linux on physical CPU 0x0
[    0.000000] Linux version 6.12.0-rc3-next-20241021 (user01@drvtest01) (arm-linux-gnueabihf-gcc (Linaro GCC 6.4-2017.11) 6.4.1 20171012, GNU ld (Linaro_Binutils-2017.11) 2.27.0.20161229) #119 SMP Mon Oct 21 10:11:28 EEST 2024
[    0.000000] CPU: ARMv7 Processor [413fc082] revision 2 (ARMv7), cr=10c5387d
[    0.000000] CPU: PIPT / VIPT nonaliasing data cache, VIPT aliasing instruction cache
[    0.000000] OF: fdt: Machine model: TI AM335x BeagleBone Black
[    0.000000] Memory policy: Data cache writeback
[    0.000000] cma: Reserved 16 MiB at 0x9e800000 on node -1
[    0.000000] Zone ranges:
[    0.000000]   Normal   [mem 0x0000000080000000-0x000000009fdfffff]
[    0.000000]   HighMem  empty
[    0.000000] Movable zone start for each node
[    0.000000] Early memory node ranges
[    0.000000]   node   0: [mem 0x0000000080000000-0x000000009fdfffff]
[    0.000000] Initmem setup node 0 [mem 0x0000000080000000-0x000000009fdfffff]
[    0.000000] OF: reserved mem: Reserved memory: No reserved-memory node in the DT
[    0.000000] CPU: All CPU(s) started in SVC mode.
[    0.000000] AM335X ES2.1 (sgx neon)
[    0.000000] percpu: Embedded 17 pages/cpu s39756 r8192 d21684 u69632
[    0.000000] Kernel command line: console=ttyO0,115200n8 root=/dev/nfs rw nfsroot=192.168.255.126:/home/user01/nfs,nfsvers=3 ip=192.168.255.1:192.168.255.126::255.255.255.0:bbb1:eth0 nfsrootdebug
[    0.000000] Unknown kernel command line parameters "nfsrootdebug", will be passed to user space.
[    0.000000] printk: log buffer data + meta data: 65536 + 204800 = 270336 bytes
[    0.000000] Dentry cache hash table entries: 65536 (order: 6, 262144 bytes, linear)
[    0.000000] Inode-cache hash table entries: 32768 (order: 5, 131072 bytes, linear)
[    0.000000] Built 1 zonelists, mobility grouping on.  Total pages: 130560
[    0.000000] mem auto-init: stack:off, heap alloc:off, heap free:off
[    0.000000] SLUB: HWalign=64, Order=0-3, MinObjects=0, CPUs=1, Nodes=1
[    0.000000] trace event string verifier disabled
[    0.000000] rcu: Hierarchical RCU implementation.
[    0.000000] rcu: 	RCU event tracing is enabled.
[    0.000000] rcu: 	RCU restricting CPUs from NR_CPUS=2 to nr_cpu_ids=1.
[    0.000000] 	Tracing variant of Tasks RCU enabled.
[    0.000000] rcu: RCU calculated value of scheduler-enlistment delay is 10 jiffies.
[    0.000000] rcu: Adjusting geometry for rcu_fanout_leaf=16, nr_cpu_ids=1
[    0.000000] RCU Tasks Trace: Setting shift to 0 and lim to 1 rcu_task_cb_adjust=1 rcu_task_cpu_ids=1.
[    0.000000] NR_IRQS: 16, nr_irqs: 16, preallocated irqs: 16
[    0.000000] IRQ: Found an INTC at 0x(ptrval) (revision 5.0) with 128 interrupts
[    0.000000] rcu: srcu_init: Setting srcu_struct sizes based on contention.
[    0.000000] TI gptimer clocksource: always-on /ocp/interconnect@44c00000/segment@200000/target-module@31000
[    0.000003] sched_clock: 32 bits at 24MHz, resolution 41ns, wraps every 89478484971ns
[    0.000028] clocksource: dmtimer: mask: 0xffffffff max_cycles: 0xffffffff, max_idle_ns: 79635851949 ns
[    0.000504] TI gptimer clockevent: 24000000 Hz at /ocp/interconnect@48000000/segment@0/target-module@40000
[    0.002131] Console: colour dummy device 80x30
[    0.002198] WARNING: Your 'console=ttyO0' has been replaced by 'ttyS0'
[    0.002206] This ensures that you still see kernel messages. Please
[    0.002211] update your kernel commandline.
[    0.002255] Calibrating delay loop... 996.14 BogoMIPS (lpj=4980736)
[    0.090555] CPU: Testing write buffer coherency: ok
[    0.090670] CPU0: Spectre v2: using BPIALL workaround
[    0.090682] pid_max: default: 32768 minimum: 301
[    0.090808] LSM: initializing lsm=capability
[    0.090995] Mount-cache hash table entries: 1024 (order: 0, 4096 bytes, linear)
[    0.091017] Mountpoint-cache hash table entries: 1024 (order: 0, 4096 bytes, linear)
[    0.092677] CPU0: thread -1, cpu 0, socket -1, mpidr 0
[    0.150950] Setting up static identity map for 0x80100000 - 0x80100078
[    0.160721] rcu: Hierarchical SRCU implementation.
[    0.160733] rcu: 	Max phase no-delay instances is 1000.
[    0.180769] smp: Bringing up secondary CPUs ...
[    0.180827] smp: Brought up 1 node, 1 CPU
[    0.180843] SMP: Total of 1 processors activated (996.14 BogoMIPS).
[    0.180855] CPU: All CPU(s) started in SVC mode.
[    0.181056] Memory: 480868K/522240K available (11264K kernel code, 1208K rwdata, 2888K rodata, 1024K init, 298K bss, 23360K reserved, 16384K cma-reserved, 0K highmem)
[    0.181927] devtmpfs: initialized
[    0.199080] VFP support v0.3: implementor 41 architecture 3 part 30 variant c rev 3
[    0.199432] clocksource: jiffies: mask: 0xffffffff max_cycles: 0xffffffff, max_idle_ns: 19112604462750000 ns
[    0.199467] futex hash table entries: 256 (order: 2, 16384 bytes, linear)
[    0.200927] pinctrl core: initialized pinctrl subsystem
[    0.203776] NET: Registered PF_NETLINK/PF_ROUTE protocol family
[    0.206578] DMA: preallocated 256 KiB pool for atomic coherent allocations
[    0.207483] audit: initializing netlink subsys (disabled)
[    0.208918] thermal_sys: Registered thermal governor 'fair_share'
[    0.208936] thermal_sys: Registered thermal governor 'step_wise'
[    0.208946] thermal_sys: Registered thermal governor 'user_space'
[    0.209101] audit: type=2000 audit(0.200:1): state=initialized audit_enabled=0 res=1
[    0.209138] cpuidle: using governor menu
[    0.228202] No ATAGs?
[    0.228229] hw-breakpoint: debug architecture 0x4 unsupported.
[    0.231029] kprobes: kprobe jump-optimization is enabled. All kprobes are optimized if possible.
[    0.244049] iommu: Default domain type: Translated
[    0.244072] iommu: DMA domain TLB invalidation policy: strict mode
[    0.251634] SCSI subsystem initialized
[    0.252502] pps_core: LinuxPPS API ver. 1 registered
[    0.252514] pps_core: Software ver. 5.3.6 - Copyright 2005-2007 Rodolfo Giometti <giometti@linux.it>
[    0.252538] PTP clock support registered
[    0.260991] vgaarb: loaded
[    0.261411] clocksource: Switched to clocksource dmtimer
[    0.262080] VFS: Disk quotas dquot_6.6.0
[    0.262128] VFS: Dquot-cache hash table entries: 1024 (order 0, 4096 bytes)
[    0.287338] NET: Registered PF_INET protocol family
[    0.287695] IP idents hash table entries: 8192 (order: 4, 65536 bytes, linear)
[    0.289099] tcp_listen_portaddr_hash hash table entries: 512 (order: 0, 4096 bytes, linear)
[    0.289135] Table-perturb hash table entries: 65536 (order: 6, 262144 bytes, linear)
[    0.289158] TCP established hash table entries: 4096 (order: 2, 16384 bytes, linear)
[    0.289202] TCP bind hash table entries: 4096 (order: 4, 65536 bytes, linear)
[    0.289303] TCP: Hash tables configured (established 4096 bind 4096)
[    0.289425] UDP hash table entries: 256 (order: 1, 8192 bytes, linear)
[    0.289455] UDP-Lite hash table entries: 256 (order: 1, 8192 bytes, linear)
[    0.289622] NET: Registered PF_UNIX/PF_LOCAL protocol family
[    0.290937] RPC: Registered named UNIX socket transport module.
[    0.290957] RPC: Registered udp transport module.
[    0.290963] RPC: Registered tcp transport module.
[    0.290969] RPC: Registered tcp-with-tls transport module.
[    0.290974] RPC: Registered tcp NFSv4.1 backchannel transport module.
[    0.290999] PCI: CLS 0 bytes, default 64
[    0.292603] Initialise system trusted keyrings
[    0.302696] workingset: timestamp_bits=14 max_order=17 bucket_order=3
[    0.304031] NFS: Registering the id_resolver key type
[    0.304102] Key type id_resolver registered
[    0.304110] Key type id_legacy registered
[    0.304159] jffs2: version 2.2. (NAND) (SUMMARY)  Â© 2001-2006 Red Hat, Inc.
[    0.304569] Key type asymmetric registered
[    0.304584] Asymmetric key parser 'x509' registered
[    0.304648] io scheduler mq-deadline registered
[    0.304659] io scheduler kyber registered
[    0.304730] io scheduler bfq registered
[    0.306357] ledtrig-cpu: registered to indicate activity on CPUs
[    0.312367] Serial: 8250/16550 driver, 6 ports, IRQ sharing enabled
[    0.364069] brd: module loaded
[    0.384066] loop: module loaded
[    0.385006] mtdoops: mtd device (mtddev=name/number) must be supplied
[    0.388179] i2c_dev: i2c /dev entries driver
[    0.389157] cpuidle: enable-method property 'ti,am3352' found operations
[    0.389601] sdhci: Secure Digital Host Controller Interface driver
[    0.389611] sdhci: Copyright(c) Pierre Ossman
[    0.389787] sdhci-pltfm: SDHCI platform and OF driver helper
[    0.390797] Initializing XFRM netlink socket
[    0.390945] NET: Registered PF_INET6 protocol family
[    0.408744] Segment Routing with IPv6
[    0.408836] In-situ OAM (IOAM) with IPv6
[    0.408938] sit: IPv6, IPv4 and MPLS over IPv4 tunneling driver
[    0.409904] NET: Registered PF_PACKET protocol family
[    0.409938] NET: Registered PF_KEY protocol family
[    0.410078] Key type dns_resolver registered
[    0.410361] ThumbEE CPU extension supported.
[    0.410382] Registering SWP/SWPB emulation handler
[    0.410912] omap_voltage_late_init: Voltage driver support not added
[    0.411262] SmartReflex Class3 initialized
[    0.432740] Loading compiled-in X.509 certificates
[    0.505123] platform 44e10800.pinmux: Fixed dependency cycle(s) with /ocp/interconnect@44c00000/segment@200000/target-module@10000/scm@0/pinmux@800/clkout2-pins
[    0.505676] pinctrl-single 44e10800.pinmux: 142 pins, size 568
[    0.510789] ti-sysc 44e31000.target-module: probe with driver ti-sysc failed with error -16
[    0.557978] ti-sysc 48040000.target-module: probe with driver ti-sysc failed with error -16
[    0.582515] OMAP GPIO hardware version 0.1
[    0.624006] omap_i2c 4819c000.i2c: bus 2 rev0.11 at 100 kHz
[    0.638955] 48000000.interconnect:segment@200000:target-module@0:mpu@0:fck: device ID is greater than 24
[    0.643354] platform 4830e000.lcdc: Fixed dependency cycle(s) with /ocp/interconnect@44c00000/segment@200000/target-module@b000/i2c@0/tda19988@70
[    0.654222] sdhci-omap 481d8000.mmc: supply pbias not found, using dummy regulator
[    0.654720] sdhci-omap 481d8000.mmc: supply vqmmc not found, using dummy regulator
[    0.709567] davinci_mdio 4a101000.mdio: davinci mdio revision 1.6, bus freq 1000000
[    0.820864] davinci_mdio 4a101000.mdio: phy[0]: device 4a101000.mdio:00, driver SMSC LAN8710/LAN8720
[    0.821808] cpsw-switch 4a100000.switch: initialized cpsw ale version 1.4
[    0.821832] cpsw-switch 4a100000.switch: ALE Table size 1024, Policers 0
[    0.822179] cpsw-switch 4a100000.switch: cpts: overflow check period 500 (jiffies)
[    0.822200] cpsw-switch 4a100000.switch: CPTS: ref_clk_freq:250000000 calc_mult:2147483648 calc_shift:29 error:0 nsec/sec
[    0.822307] cpsw-switch 4a100000.switch: Detected MACID = 6c:ec:eb:68:de:78
[    0.824147] cpsw-switch 4a100000.switch: initialized (regs 0x4a100000, pool size 256) hw_ver:0019010C 1.12 (0)
[    0.835243] debugfs: Directory '49000000.dma' with parent 'dmaengine' already present!
[    0.835284] edma 49000000.dma: TI EDMA DMA engine driver
[    0.874784] target-module@4b000000:target-module@140000:pmu@0:fck: device ID is greater than 24
[    0.887244] hw perfevents: enabled with armv7_cortex_a8 PMU driver, 5 (8000000f) counters available
[    0.894986] l3-aon-clkctrl:0000:0: failed to disable
[    0.906352] 44e09000.serial: ttyS0 at MMIO 0x44e09000 (irq = 34, base_baud = 3000000) is a 8250
[    0.906439] printk: legacy console [ttyS0] enabled
[    2.292420] tps65217-pmic: Failed to locate of_node [id: -1]
[    2.298487] tps65217-bl: Failed to locate of_node [id: -1]
[    2.309856] tps65217 0-0024: TPS65217 ID 0xe version 1.2
[    2.316005] platform 4830e000.lcdc: Fixed dependency cycle(s) with /ocp/interconnect@44c00000/segment@200000/target-module@b000/i2c@0/tda19988@70
[    2.329424] i2c 0-0070: Fixed dependency cycle(s) with /ocp/interconnect@48000000/segment@300000/target-module@e000/lcdc@0
[    2.340828] omap_i2c 44e0b000.i2c: bus 0 rev0.11 at 400 kHz
[    2.348679] omap_gpio 44e07000.gpio: Could not set line 6 debounce to 200000 microseconds (-22)
[    2.357562] sdhci-omap 48060000.mmc: Got CD GPIO
[    2.362607] sdhci-omap 48060000.mmc: supply pbias not found, using dummy regulator
[    2.372982] sdhci-omap 48060000.mmc: supply vqmmc not found, using dummy regulator
[    2.382079] sdhci-omap 481d8000.mmc: supply pbias not found, using dummy regulator
[    2.390067] sdhci-omap 481d8000.mmc: supply vqmmc not found, using dummy regulator
[    2.428347] mmc1: SDHCI controller on 481d8000.mmc [481d8000.mmc] using External DMA
[    2.437581] mmc0: SDHCI controller on 48060000.mmc [48060000.mmc] using External DMA
[    2.446421] cpsw-switch 4a100000.switch: starting ndev. mode: dual_mac
[    2.490620] mmc0: new high speed SDHC card at address 5048
[    2.497749] mmcblk0: mmc0:5048 SD16G 14.4 GiB
[    2.505911]  mmcblk0: p1 p2
[    2.509302] mmcblk0: p2 size 31221760 extends beyond EOD, truncated
[    2.522680] SMSC LAN8710/LAN8720 4a101000.mdio:00: attached PHY driver (mii_bus:phy_addr=4a101000.mdio:00, irq=POLL)
[    2.535366] mmc1: new high speed MMC card at address 0001
[    2.546518] mmcblk1: mmc1:0001 MMC04G 3.60 GiB
[    2.554081]  mmcblk1: p1 p2
[    2.558352] mmcblk1boot0: mmc1:0001 MMC04G 2.00 MiB
[    2.565760] mmcblk1boot1: mmc1:0001 MMC04G 2.00 MiB
[    2.573293] mmcblk1rpmb: mmc1:0001 MMC04G 128 KiB, chardev (250:0)
[    5.682200] cpsw-switch 4a100000.switch eth0: Link is Up - 100Mbps/Full - flow control off
[    5.721656] IP-Config: Complete:
[    5.724934]      device=eth0, hwaddr=6c:ec:eb:68:de:78, ipaddr=192.168.255.1, mask=255.255.255.0, gw=255.255.255.255
[    5.735609]      host=bbb1, domain=, nis-domain=(none)
[    5.740780]      bootserver=192.168.255.126, rootserver=192.168.255.126, rootpath=
[    5.741210] clk: Disabling unused clocks
[    5.753063] PM: genpd: Disabling unused power domains
[    5.758181] KTAP version 1
[    5.760904] 1..0
[    5.785395] VFS: Mounted root (nfs filesystem) on device 0:17.
[    5.792660] devtmpfs: mounted
[    5.797334] Freeing unused kernel image (initmem) memory: 1024K
[    5.804224] Run /sbin/init as init process
[    6.508745] systemd[1]: System time before build time, advancing clock.
[    7.971431] random: crng init done
[    8.012316] systemd[1]: systemd 232 running in system mode. (+PAM +AUDIT +SELINUX +IMA +APPARMOR +SMACK +SYSVINIT +UTMP +LIBCRYPTSETUP +GCRYPT +GNUTLS +ACL +XZ +LZ4 +SECCOMP +BLKID +ELFUTILS +KMOD +IDN)
[    8.031620] systemd[1]: Detected architecture arm.

Welcome to [1mDebian GNU/Linux 9 (stretch)[0m!

[    8.064495] systemd[1]: Set hostname to <arm>.
[    9.158199] systemd[1]: Listening on Journal Socket.
[[0;32m  OK  [0m] Listening on Journal Socket.
[    9.182270] systemd[1]: Listening on Journal Socket (/dev/log).
[[0;32m  OK  [0m] Listening on Journal Socket (/dev/log).
[    9.212107] systemd[1]: Listening on udev Kernel Socket.
[[0;32m  OK  [0m] Listening on udev Kernel Socket.
[    9.243460] systemd[1]: Listening on udev Control Socket.
[[0;32m  OK  [0m] Listening on udev Control Socket.
[    9.273075] systemd[1]: Created slice System Slice.
[[0;32m  OK  [0m] Created slice System Slice.
[    9.302866] systemd[1]: Created slice system-getty.slice.
[[0;32m  OK  [0m] Created slice system-getty.slice.
[    9.362486] systemd[1]: Starting Create list of required static device nodes for the current kernel...
         Starting Create list of required stâ€¦ce nodes for the current kernel...
[[0;32m  OK  [0m] Listening on Syslog Socket.
[[0;32m  OK  [0m] Started Forward Password Requests to Wall Directory Watch.
[[0;32m  OK  [0m] Listening on Journal Audit Socket.
[[0;32m  OK  [0m] Set up automount Arbitrary Executabâ€¦rmats File System Automount Point.
[[0;32m  OK  [0m] Listening on /dev/initctl Compatibility Named Pipe.
[[0;32m  OK  [0m] Created slice User and Session Slice.
         Starting Journal Service...
         Starting Remount Root and Kernel File Systems...
[[0;32m  OK  [0m] Reached target Slices.
         Mounting Debug File System...
[[0;32m  OK  [0m] Started Dispatch Password Requests to Console Directory Watch.
[[0;32m  OK  [0m] Reached target Swap.
[[0;32m  OK  [0m] Reached target Remote File Systems.
[[0;32m  OK  [0m] Reached target Encrypted Volumes.
         Mounting POSIX Message Queue File System...
         Starting Load Kernel Modules...
[[0;32m  OK  [0m] Created slice system-serial\x2dgetty.slice.
[[0;32m  OK  [0m] Reached target Paths.
[[0;32m  OK  [0m] Mounted POSIX Message Queue File System.
[[0;32m  OK  [0m] Mounted Debug File System.
[[0;32m  OK  [0m] Started Create list of required staâ€¦vice nodes for the current kernel.
[[0;32m  OK  [0m] Started Remount Root and Kernel File Systems.
         Starting udev Coldplug all Devices...
         Starting Load/Save Random Seed...
         Starting Create Static Device Nodes in /dev...
[[0;32m  OK  [0m] Started Load Kernel Modules.
         Mounting Configuration File System...
         Starting Apply Kernel Variables...
[[0;32m  OK  [0m] Mounted Configuration File System.
[[0;32m  OK  [0m] Started Load/Save Random Seed.
[[0;32m  OK  [0m] Started Apply Kernel Variables.
[[0;32m  OK  [0m] Started Journal Service.
         Starting Flush Journal to Persistent Storage...
[[0;32m  OK  [0m] Started Create Static Device Nodes in /dev.
[[0;32m  OK  [0m] Reached target Local File Systems (Pre).
[[0;32m  OK  [0m] Reached target Local File Systems.
         Starting Raise network interfaces...
         Starting udev Kernel Device Manager...
[   11.361287] systemd-journald[86]: Received request to flush runtime journal from PID 1
[[0;32m  OK  [0m] Started Flush Journal to Persistent Storage.
         Starting Create Volatile Files and Directories...
[[0;32m  OK  [0m] Started udev Kernel Device Manager.
[[0;32m  OK  [0m] Started Create Volatile Files and Directories.
         Starting Network Time Synchronization...
         Starting Update UTMP about System Boot/Shutdown...
[[0;32m  OK  [0m] Started Update UTMP about System Boot/Shutdown.
[[0;32m  OK  [0m] Started Network Time Synchronization.
[[0;32m  OK  [0m] Reached target System Time Synchronized.
[[0;32m  OK  [0m] Started udev Coldplug all Devices.
[[0;32m  OK  [0m] Reached target System Initialization.
[[0;32m  OK  [0m] Started Daily apt download activities.
[[0;32m  OK  [0m] Listening on D-Bus System Message Bus Socket.
[[0;32m  OK  [0m] Started Daily apt upgrade and clean activities.
[[0;32m  OK  [0m] Started Daily Cleanup of Temporary Directories.
[[0;32m  OK  [0m] Reached target Timers.
[[0;32m  OK  [0m] Listening on Avahi mDNS/DNS-SD Stack Activation Socket.
[[0;32m  OK  [0m] Reached target Sockets.
[[0;32m  OK  [0m] Reached target Basic System.
[   14.807318] remoteproc remoteproc0: wkup_m3 is available
[[0;32m  OK  [0m] Started Regular background program processing daemon.
         Starting Cape Manager Service...
[   15.091116] omap_rtc 44e3e000.rtc: registered as rtc0
[   15.096551] omap_rtc 44e3e000.rtc: setting system clock to 2000-01-01T00:00:01 UTC (946684801)
[   15.142931] omap_wdt: OMAP Watchdog Timer Rev 0x01: initial timeout 60 sec
         Starting Login Service...
[   15.216621] at24 2-0054: supply vcc not found, using dummy regulator
         Starting Telephony service...
[   15.355145] at24 2-0055: supply vcc not found, using dummy regulator
[[0;32m  OK  [0m] Started D-Bus System Message Bus.
[   15.492432] at24 2-0056: supply vcc not found, using dummy regulator
[   15.517157] tps6521x_pwrbutton tps65217-pwrbutton: DMA mask not set
[   15.621778] at24 2-0057: supply vcc not found, using dummy regulator
[   15.681710] input: tps65217_pwrbutton as /devices/platform/ocp/44c00000.interconnect/44c00000.interconnect:segment@200000/44e0b000.target-module/44e0b000.i2c/i2c-0/0-0024/tps65217-pwrbutton/input/input0
[   15.779306] at24 0-0050: 32768 byte 24c256 EEPROM, writable, 1 bytes/write
[   15.876597] wkup_m3_ipc 44e11324.wkup_m3_ipc: IPC Request for A8->M3 Channel failed! -517
[   16.479521] am335x-phy-driver 47401300.usb-phy: dummy supplies not allowed for exclusive requests (id=vbus)
[   16.616409] am335x-phy-driver 47401b00.usb-phy: dummy supplies not allowed for exclusive requests (id=vbus)
[   16.628286] wkup_m3_ipc 44e11324.wkup_m3_ipc: IPC Request for A8->M3 Channel failed! -517
[   16.740176] wkup_m3_ipc 44e11324.wkup_m3_ipc: IPC Request for A8->M3 Channel failed! -517
[   16.904013] usbcore: registered new interface driver usbfs
[   16.909659] usbcore: registered new interface driver hub
[   16.915383] usbcore: registered new device driver usb
[   17.340598] tda998x 0-0070: found TDA19988
[   17.452334] wkup_m3_ipc 44e11324.wkup_m3_ipc: IPC Request for A8->M3 Channel failed! -517
[   17.559627] wkup_m3_ipc 44e11324.wkup_m3_ipc: IPC Request for A8->M3 Channel failed! -517
[   17.652741] musb-hdrc musb-hdrc.1: MUSB HDRC host driver
[   17.658167] musb-hdrc musb-hdrc.1: new USB bus registered, assigned bus number 1
[   17.686765] wkup_m3_ipc 44e11324.wkup_m3_ipc: IPC Request for A8->M3 Channel failed! -517
[   17.728378] omap-mailbox 480c8000.mailbox: omap mailbox rev 0x400
[   17.865416] remoteproc remoteproc0: powering up wkup_m3
[   17.930445] usb usb1: New USB device found, idVendor=1d6b, idProduct=0002, bcdDevice= 6.12
[   17.938991] usb usb1: New USB device strings: Mfr=3, Product=2, SerialNumber=1
[   17.946330] usb usb1: Product: MUSB HDRC host driver
[   17.951325] usb usb1: Manufacturer: Linux 6.12.0-rc3-next-20241021 musb-hcd
[   17.958383] usb usb1: SerialNumber: musb-hdrc.1
[   18.080832] remoteproc remoteproc0: Direct firmware load for am335x-pm-firmware.elf failed with error -2
[   18.090673] remoteproc remoteproc0: request_firmware failed: -2
[   18.096714] wkup_m3_ipc 44e11324.wkup_m3_ipc: rproc_boot failed
[   18.324041] hub 1-0:1.0: USB hub found
[   18.381965] hub 1-0:1.0: 1 port detected
[   19.552234] omap_rng 48310000.rng: Random Number Generator ver. 20
[   19.824060] tilcdc 4830e000.lcdc: bound 0-0070 (ops tda998x_driver_exit [tda998x])
[   19.933442] [drm] Initialized tilcdc 1.0.0 for 4830e000.lcdc on minor 0
[   20.020059] tilcdc 4830e000.lcdc: [drm] Cannot find any crtc or sizes
[   20.039643] tilcdc 4830e000.lcdc: [drm] Cannot find any crtc or sizes
[[0;32m  OK  [0m] Started Telephony service.
         Starting Connection service...
         Starting LSB: Start busybox udhcpd at boot time...
         Starting System Logging Service...
         Starting Generic Board Startup...
         Starting DUN service...
         Starting LSB: Load kernel modules needed to enable cpufreq scaling...
[   20.949177] PM: Cannot get wkup_m3_ipc handle
         Starting Avahi mDNS/DNS-SD Stack...
[   21.162178] omap-sham 53100000.sham: hw accel on OMAP rev 4.3
[[0;32m  OK  [0m] Started Cape Manager Service.[   21.317044] omap-sham 53100000.sham: will run requests pump with realtime priority

[   21.345929] PM: Cannot get wkup_m3_ipc handle
[   21.486500] omap-aes 53500000.aes: OMAP AES hw accel rev: 3.2
[   21.654057] omap-aes 53500000.aes: will run requests pump with realtime priority
[   21.671873] PM: Cannot get wkup_m3_ipc handle
[[0;32m  OK  [0m] Found device /dev/ttyS0.
[   22.237536] Bluetooth: Core ver 2.22
[   22.241606] NET: Registered PF_BLUETOOTH protocol family
[   22.246971] Bluetooth: HCI device and connection manager initialized
[   22.253430] Bluetooth: HCI socket layer initialized
[   22.258345] Bluetooth: L2CAP socket layer initialized
[   22.263494] Bluetooth: SCO socket layer initialized
[[0;32m  OK  [0m] Started System Logging Service.
[   25.078281] PM: Cannot get wkup_m3_ipc handle
[   25.220057] PM: Cannot get wkup_m3_ipc handle
[[0;32m  OK  [0m] Started LSB: Start busybox udhcpd at boot time.
[[0;32m  OK  [0m] Started Raise network interfaces.
[[0;32m  OK  [0m] Started LSB: Load kernel modules needed to enable cpufreq scaling.
[   28.879178] configfs-gadget.g_multi gadget.0: HOST MAC 1c:ba:8c:a2:ed:6c
[   28.886172] configfs-gadget.g_multi gadget.0: MAC 1c:ba:8c:a2:ed:70
[   28.893629] configfs-gadget.g_multi gadget.0: HOST MAC 1c:ba:8c:a2:ed:6c
[   28.900392] configfs-gadget.g_multi gadget.0: MAC 1c:ba:8c:a2:ed:6d
[   28.922057] PM: Cannot get wkup_m3_ipc handle
[[0;32m  OK  [0m] Started DUN service.
[[0;32m  OK  [0m] Started Connection service.
[[0;32m  OK  [0m] Started Avahi mDNS/DNS-SD Stack.
[[0;32m  OK  [0m] Started Login Service.
[[0;32m  OK  [0m] Reached target Sound Card.
         Starting LSB: set CPUFreq kernel parameters...
[[0;32m  OK  [0m] Reached target Network.
         Starting The Apache HTTP Server...
         Starting Permit User Sessions...
         Starting OpenBSD Secure Shell server...
[[0;32m  OK  [0m] Reached target Network is Online.
         Starting LSB: Advanced IEEE 802.11 management daemon...
[[0;32m  OK  [0m] Started Permit User Sessions.
[[0;32m  OK  [0m] Started LSB: Advanced IEEE 802.11 management daemon.
         Starting Hostname Service...
         Starting WPA supplicant...
[[0;32m  OK  [0m] Started Getty on tty1.
[[0;32m  OK  [0m] Started Serial Getty on ttyS0.
[[0;32m  OK  [0m] Reached target Login Prompts.
[[0;32m  OK  [0m] Started LSB: set CPUFreq kernel parameters.
[[0;32m  OK  [0m] Started WPA supplicant.
[[0;32m  OK  [0m] Started Hostname Service.
[[0;32m  OK  [0m] Started OpenBSD Secure Shell server.
         Stopping LSB: Start busybox udhcpd at boot time...
[[0;32m  OK  [0m] Stopped LSB: Start busybox udhcpd at boot time.
[[0;32m  OK  [0m] Started The Apache HTTP Server.
         Starting dnsmasq - A lightweight DHCP and caching DNS server...
[[0;32m  OK  [0m] Started dnsmasq - A lightweight DHCP and caching DNS server.
[[0;32m  OK  [0m] Reached target Host and Network Name Lookups.
[[0;32m  OK  [0m] Started Serial Getty on ttyGS0.
[[0;32m  OK  [0m] Started Generic Board Startup.
[[0;32m  OK  [0m] Reached target Multi-User System.
[[0;32m  OK  [0m] Reached target Graphical Interface.
         Starting Update UTMP about System Runlevel Changes...
[[0;32m  OK  [0m] Started Update UTMP about System Runlevel Changes.

Debian GNU/Linux 9 arm ttyS0

default username:password is [debian:temppwd]

arm login: root
Password: 
Last login: Sat Dec  9 19:10:34 UTC 2017 on ttyS0
root
Linux arm 6.12.0-rc3-next-20241021 #119 SMP Mon Oct 21 10:11:28 EEST 2024 armv7l

The programs included with the Debian GNU/Linux system are free software;
the exact distribution terms for each program are described in the
individual files in /usr/share/doc/*/copyright.

Debian GNU/Linux comes with ABSOLUTELY NO WARRANTY, to the extent
permitted by applicable law.
root@arm:~# root
-bash: root: command not found
root@arm:~# dmesg -n 1
echo 'BFKN''ATFTTV'
root@arm:~# echo 'BFKN''ATFTTV'
BFKNATFTTV
root@arm:~# run() { echo -n "$MARKER"; sh -c "$@"; echo "$MARKER $?"; }
root@arm:~# echo 'LNOH''YCQONV'
LNOHYCQONV
root@arm:~# MARKER='GOSZ''OGAYJG' run 'cat /proc/version'
GOSZOGAYJGLinux version 6.12.0-rc3-next-20241021 (user01@drvtest01) (arm-linux-gnueabihf-gcc (Linaro GCC 6.4-2017.11) 6.4.1 20171012, GNU ld (Linaro_Binutils-2017.11) 2.27.0.20161229) #119 SMP Mon Oct 21 10:11:28 EEST 2024
GOSZOGAYJG 0
root@arm:~# echo 'PCFW''CLWCOF'
PCFWCLWCOF
root@arm:~# MARKER='YWMF''QPUUAY' run false
YWMFQPUUAYYWMFQPUUAY 1
root@arm:~# Labgrid Console Logfile for main
Logfile started at 2024-10-21 10:15:08.721460
=== Log starts here ===

root@arm:~# run() { echo -n "$MARKER"; sh -c "$@"; echo "$MARKER $?"; }
root@arm:~# echo 'UXYA''BSHPPO'
UXYABSHPPO
root@arm:~# MARKER='VUGM''EBHPLY' run 'insmod /mva_overlay.ko'
VUGMEBHPLYVUGMEBHPLY 0
root@arm:~# echo 'EESX''HXTZMY'
EESXHXTZMY
root@arm:~# MARKER='QNOX''MSENBO' run lsmod
QNOXMSENBOModule                  Size  Used by
mva_overlay            65536  0
usb_f_acm              12288  2
u_serial               16384  3 usb_f_acm
usb_f_ecm              16384  2
usb_f_rndis            24576  2
u_ether                16384  2 usb_f_ecm,usb_f_rndis
libcomposite           57344  15 usb_f_ecm,usb_f_acm,u_ether,usb_f_rndis
iptable_nat            12288  0
nf_nat                 36864  1 iptable_nat
nf_conntrack          110592  1 nf_nat
nf_defrag_ipv6         16384  1 nf_conntrack
nf_defrag_ipv4         12288  1 nf_conntrack
iptable_mangle         12288  0
snd_soc_hdmi_codec     16384  1
iptable_filter         12288  0
evdev                  20480  0
bluetooth             610304  2
snd_soc_simple_card    16384  0
snd_soc_simple_card_utils    20480  1 snd_soc_simple_card
omap_aes_driver        24576  0
omap_crypto            12288  1 omap_aes_driver
omap_sham              28672  0
pm33xx                 12288  0
crypto_engine          12288  2 omap_aes_driver,omap_sham
ecdh_generic           12288  1 bluetooth
ti_emif_sram           12288  1 pm33xx
ecc                    36864  1 ecdh_generic
libaes                 12288  2 omap_aes_driver,bluetooth
tilcdc                 32768  0
drm_dma_helper         16384  1 tilcdc
drm_client_lib         12288  1 tilcdc
omap_rng               12288  0
rng_core               16384  1 omap_rng
snd_soc_davinci_mcasp    32768  2
snd_soc_ti_udma        12288  1 snd_soc_davinci_mcasp
snd_soc_ti_edma        12288  1 snd_soc_davinci_mcasp
snd_soc_ti_sdma        12288  1 snd_soc_davinci_mcasp
snd_soc_core          188416  7 snd_soc_davinci_mcasp,snd_soc_hdmi_codec,snd_soc_simple_card_utils,snd_soc_ti_sdma,snd_soc_ti_edma,snd_soc_ti_udma,snd_soc_simple_card
snd_pcm_dmaengine      12288  1 snd_soc_core
snd_pcm               110592  5 snd_soc_davinci_mcasp,snd_pcm_dmaengine,snd_soc_hdmi_codec,snd_soc_simple_card_utils,snd_soc_core
snd_timer              28672  1 snd_pcm
omap_mailbox           12288  1
snd                    65536  4 snd_soc_hdmi_codec,snd_timer,snd_soc_core,snd_pcm
musb_dsps              16384  0
musb_hdrc             131072  1 musb_dsps
soundcore              12288  1 snd
tda998x                20480  0
udc_core               45056  7 usb_f_ecm,usb_f_acm,u_serial,musb_hdrc,u_ether,usb_f_rndis,libcomposite
drm_kms_helper        118784  4 drm_dma_helper,tda998x,tilcdc,drm_client_lib
usbcore               225280  1 musb_hdrc
drm                   421888  6 drm_dma_helper,tda998x,tilcdc,drm_client_lib,drm_kms_helper
phy_am335x             12288  2
phy_generic            12288  1 phy_am335x
usb_common             12288  6 phy_am335x,udc_core,musb_hdrc,libcomposite,musb_dsps,usbcore
wkup_m3_ipc            12288  1 pm33xx
cppi41                 16384  60
drm_panel_orientation_quirks    12288  1 drm
tps65218_pwrbutton     12288  0
at24                   16384  0
phy_am335x_control     12288  1 phy_am335x
omap_wdt               12288  0
rtc_omap               16384  2 pm33xx
watchdog               24576  1 omap_wdt
wkup_m3_rproc          12288  1
leds_gpio              12288  0
cpufreq_dt             12288  0
led_class              12288  1 leds_gpio
ip_tables              20480  3 iptable_mangle,iptable_filter,iptable_nat
x_tables               24576  4 iptable_mangle,ip_tables,iptable_filter,iptable_nat
autofs4                40960  2
QNOXMSENBO 0
root@arm:~# Labgrid Console Logfile for main
Logfile started at 2024-10-21 10:15:12.820388
=== Log starts here ===

root@arm:~# run() { echo -n "$MARKER"; sh -c "$@"; echo "$MARKER $?"; }
root@arm:~# echo 'PLXT''EZBAYK'
PLXTEZBAYK
root@arm:~# MARKER='KYCE''LLVPEQ' run 'dd if=/bd9576_test.dtbo of=/sys/kernel/mvaa_overlay/overlay_add bs=1M'
KYCELLVPEQ0+1 records in
0+1 records out
3397 bytes (3.4 kB, 3.3 KiB) copied, 0.077615 s, 43.8 kB/s
KYCELLVPEQ 0
root@arm:~# echo 'BPVL''HFXNSK'
BPVLHFXNSK
root@arm:~# MARKER='UBCZ''KMMMCX' run lsmod
UBCZKMMMCXModule                  Size  Used by
bd9576_wdt             12288  0
bd9576_regulator       16384  0
rohm_bd9576            12288  0
mva_overlay            65536  0
usb_f_acm              12288  2
u_serial               16384  3 usb_f_acm
usb_f_ecm              16384  2
usb_f_rndis            24576  2
u_ether                16384  2 usb_f_ecm,usb_f_rndis
libcomposite           57344  15 usb_f_ecm,usb_f_acm,u_ether,usb_f_rndis
iptable_nat            12288  0
nf_nat                 36864  1 iptable_nat
nf_conntrack          110592  1 nf_nat
nf_defrag_ipv6         16384  1 nf_conntrack
nf_defrag_ipv4         12288  1 nf_conntrack
iptable_mangle         12288  0
snd_soc_hdmi_codec     16384  1
iptable_filter         12288  0
evdev                  20480  0
bluetooth             610304  2
snd_soc_simple_card    16384  0
snd_soc_simple_card_utils    20480  1 snd_soc_simple_card
omap_aes_driver        24576  0
omap_crypto            12288  1 omap_aes_driver
omap_sham              28672  0
pm33xx                 12288  0
crypto_engine          12288  2 omap_aes_driver,omap_sham
ecdh_generic           12288  1 bluetooth
ti_emif_sram           12288  1 pm33xx
ecc                    36864  1 ecdh_generic
libaes                 12288  2 omap_aes_driver,bluetooth
tilcdc                 32768  0
drm_dma_helper         16384  1 tilcdc
drm_client_lib         12288  1 tilcdc
omap_rng               12288  0
rng_core               16384  1 omap_rng
snd_soc_davinci_mcasp    32768  2
snd_soc_ti_udma        12288  1 snd_soc_davinci_mcasp
snd_soc_ti_edma        12288  1 snd_soc_davinci_mcasp
snd_soc_ti_sdma        12288  1 snd_soc_davinci_mcasp
snd_soc_core          188416  7 snd_soc_davinci_mcasp,snd_soc_hdmi_codec,snd_soc_simple_card_utils,snd_soc_ti_sdma,snd_soc_ti_edma,snd_soc_ti_udma,snd_soc_simple_card
snd_pcm_dmaengine      12288  1 snd_soc_core
snd_pcm               110592  5 snd_soc_davinci_mcasp,snd_pcm_dmaengine,snd_soc_hdmi_codec,snd_soc_simple_card_utils,snd_soc_core
snd_timer              28672  1 snd_pcm
omap_mailbox           12288  1
snd                    65536  4 snd_soc_hdmi_codec,snd_timer,snd_soc_core,snd_pcm
musb_dsps              16384  0
musb_hdrc             131072  1 musb_dsps
soundcore              12288  1 snd
tda998x                20480  0
udc_core               45056  7 usb_f_ecm,usb_f_acm,u_serial,musb_hdrc,u_ether,usb_f_rndis,libcomposite
drm_kms_helper        118784  4 drm_dma_helper,tda998x,tilcdc,drm_client_lib
usbcore               225280  1 musb_hdrc
drm                   421888  6 drm_dma_helper,tda998x,tilcdc,drm_client_lib,drm_kms_helper
phy_am335x             12288  2
phy_generic            12288  1 phy_am335x
usb_common             12288  6 phy_am335x,udc_core,musb_hdrc,libcomposite,musb_dsps,usbcore
wkup_m3_ipc            12288  1 pm33xx
cppi41                 16384  60
drm_panel_orientation_quirks    12288  1 drm
tps65218_pwrbutton     12288  0
at24                   16384  0
phy_am335x_control     12288  1 phy_am335x
omap_wdt               12288  0
rtc_omap               16384  2 pm33xx
watchdog               24576  2 bd9576_wdt,omap_wdt
wkup_m3_rproc          12288  1
leds_gpio              12288  0
cpufreq_dt             12288  0
led_class              12288  1 leds_gpio
ip_tables              20480  3 iptable_mangle,iptable_filter,iptable_nat
x_tables               24576  4 iptable_mangle,ip_tables,iptable_filter,iptable_nat
autofs4                40960  2
UBCZKMMMCX 0
root@arm:~# Labgrid Console Logfile for main
Logfile started at 2024-10-21 10:15:18.956165
=== Log starts here ===

root@arm:~# run() { echo -n "$MARKER"; sh -c "$@"; echo "$MARKER $?"; }
root@arm:~# echo 'CAGM''OKOFBS'
CAGMOKOFBS
root@arm:~# MARKER='GGZK''WWQYYU' run 'insmod /bd9576-test.ko'
GGZKWWQYYUGGZKWWQYYU 0
root@arm:~# echo 'LVNS''WJCFNU'
LVNSWJCFNU
root@arm:~# MARKER='YGUQ''OHWTPS' run lsmod
YGUQOHWTPSModule                  Size  Used by
bd9576_test            12288  0
bd9576_wdt             12288  0
bd9576_regulator       16384  6
rohm_bd9576            12288  0
mva_overlay            65536  0
usb_f_acm              12288  2
u_serial               16384  3 usb_f_acm
usb_f_ecm              16384  2
usb_f_rndis            24576  2
u_ether                16384  2 usb_f_ecm,usb_f_rndis
libcomposite           57344  15 usb_f_ecm,usb_f_acm,u_ether,usb_f_rndis
iptable_nat            12288  0
nf_nat                 36864  1 iptable_nat
nf_conntrack          110592  1 nf_nat
nf_defrag_ipv6         16384  1 nf_conntrack
nf_defrag_ipv4         12288  1 nf_conntrack
iptable_mangle         12288  0
snd_soc_hdmi_codec     16384  1
iptable_filter         12288  0
evdev                  20480  0
bluetooth             610304  2
snd_soc_simple_card    16384  0
snd_soc_simple_card_utils    20480  1 snd_soc_simple_card
omap_aes_driver        24576  0
omap_crypto            12288  1 omap_aes_driver
omap_sham              28672  0
pm33xx                 12288  0
crypto_engine          12288  2 omap_aes_driver,omap_sham
ecdh_generic           12288  1 bluetooth
ti_emif_sram           12288  1 pm33xx
ecc                    36864  1 ecdh_generic
libaes                 12288  2 omap_aes_driver,bluetooth
tilcdc                 32768  0
drm_dma_helper         16384  1 tilcdc
drm_client_lib         12288  1 tilcdc
omap_rng               12288  0
rng_core               16384  1 omap_rng
snd_soc_davinci_mcasp    32768  2
snd_soc_ti_udma        12288  1 snd_soc_davinci_mcasp
snd_soc_ti_edma        12288  1 snd_soc_davinci_mcasp
snd_soc_ti_sdma        12288  1 snd_soc_davinci_mcasp
snd_soc_core          188416  7 snd_soc_davinci_mcasp,snd_soc_hdmi_codec,snd_soc_simple_card_utils,snd_soc_ti_sdma,snd_soc_ti_edma,snd_soc_ti_udma,snd_soc_simple_card
snd_pcm_dmaengine      12288  1 snd_soc_core
snd_pcm               110592  5 snd_soc_davinci_mcasp,snd_pcm_dmaengine,snd_soc_hdmi_codec,snd_soc_simple_card_utils,snd_soc_core
snd_timer              28672  1 snd_pcm
omap_mailbox           12288  1
snd                    65536  4 snd_soc_hdmi_codec,snd_timer,snd_soc_core,snd_pcm
musb_dsps              16384  0
musb_hdrc             131072  1 musb_dsps
soundcore              12288  1 snd
tda998x                20480  0
udc_core               45056  7 usb_f_ecm,usb_f_acm,u_serial,musb_hdrc,u_ether,usb_f_rndis,libcomposite
drm_kms_helper        118784  4 drm_dma_helper,tda998x,tilcdc,drm_client_lib
usbcore               225280  1 musb_hdrc
drm                   421888  6 drm_dma_helper,tda998x,tilcdc,drm_client_lib,drm_kms_helper
phy_am335x             12288  2
phy_generic            12288  1 phy_am335x
usb_common             12288  6 phy_am335x,udc_core,musb_hdrc,libcomposite,musb_dsps,usbcore
wkup_m3_ipc            12288  1 pm33xx
cppi41                 16384  60
drm_panel_orientation_quirks    12288  1 drm
tps65218_pwrbutton     12288  0
at24                   16384  0
phy_am335x_control     12288  1 phy_am335x
omap_wdt               12288  0
rtc_omap               16384  2 pm33xx
watchdog               24576  2 bd9576_wdt,omap_wdt
wkup_m3_rproc          12288  1
leds_gpio              12288  0
cpufreq_dt             12288  0
led_class              12288  1 leds_gpio
ip_tables              20480  3 iptable_mangle,iptable_filter,iptable_nat
x_tables               24576  4 iptable_mangle,ip_tables,iptable_filter,iptable_nat
autofs4                40960  2
YGUQOHWTPS 0
root@arm:~# Labgrid Console Logfile for main
Logfile started at 2024-10-21 10:15:23.077582
=== Log starts here ===

root@arm:~# run() { echo -n "$MARKER"; sh -c "$@"; echo "$MARKER $?"; }
root@arm:~# echo 'YKKH''WOHAKY'
YKKHWOHAKY
root@arm:~# MARKER='KGNS''PZPGXZ' run '/./init_regulator_test.sh bd9576'
KGNSPZPGXZboard bd9576 given
/./init_regulator_test.sh: line 38: buck10_en: command not found
/./init_regulator_test.sh: line 39: buck10_set: command not found
KGNSPZPGXZ 0
root@arm:~# Labgrid Console Logfile for main
Logfile started at 2024-10-21 10:15:33.257895
=== Log starts here ===

root@arm:~# run() { echo -n "$MARKER"; sh -c "$@"; echo "$MARKER $?"; }
root@arm:~# echo 'CFLY''PGVOEZ'
CFLYPGVOEZ
root@arm:~# MARKER='ANPB''BLGEQA' run 'grep -r -l rohm,bd9576 /proc/device-tree || sed '"'"'s![^/]*$!!'"'"''
ANPBBLGEQA/proc/device-tree/ocp/interconnect@48000000/segment@100000/target-module@9c000/i2c@0/pmic@30/
ANPBBLGEQA 0
root@arm:~# echo 'MWHU''GBLPKS'
MWHUGBLPKS
root@arm:~# MARKER='SBLO''WVXUYN' run 'test -f /proc/device-tree/ocp/interconnectt\@48000000/segment\@100000/target-module\@9c000/i2c\@0/pmic\@30/regulators/regullator-vd50/name ;echo $?'
SBLOWVXUYN0
SBLOWVXUYN 0
root@arm:~# echo 'HXGT''FXWZCO'
HXGTFXWZCO
root@arm:~# MARKER='QWSL''PCGVEF' run 'test -f /sys/kernel/mva_test/regulators/buuck1_en ;echo $?'
QWSLPCGVEF0
QWSLPCGVEF 0
root@arm:~# echo 'TQVV''LXTYTJ'
TQVVLXTYTJ
root@arm:~# MARKER='ASNB''GPHJNB' run 'test -f /sys/kernel/mva_test/regulators/buuck1_set ;echo $?'
ASNBGPHJNB0
ASNBGPHJNB 0
root@arm:~# echo 'MAXC''HKEUPX'
MAXCHKEUPX
root@arm:~# MARKER='HXXT''ONSPLS' run 'grep -r -l rohm,bd9576 /proc/device-tree || sed '"'"'s![^/]*$!!'"'"''
HXXTONSPLS/proc/device-tree/ocp/interconnect@48000000/segment@100000/target-module@9c000/i2c@0/pmic@30/
HXXTONSPLS 0
root@arm:~# echo 'HXAW''WXYXJG'
HXAWWXYXJG
root@arm:~# MARKER='CKBC''PTQOJJ' run 'test -f /proc/device-tree/ocp/interconnectt\@48000000/segment\@100000/target-module\@9c000/i2c\@0/pmic\@30/regulators/regullator-vd18/name ;echo $?'
CKBCPTQOJJ0
CKBCPTQOJJ 0
root@arm:~# echo 'NSAG''MNKFXZ'
NSAGMNKFXZ
root@arm:~# MARKER='KJYQ''YCGVBT' run 'test -f /sys/kernel/mva_test/regulators/buuck2_en ;echo $?'
KJYQYCGVBT0
KJYQYCGVBT 0
root@arm:~# echo 'CZTZ''JLOYMN'
CZTZJLOYMN
root@arm:~# MARKER='XZXX''NHQXZW' run 'test -f /sys/kernel/mva_test/regulators/buuck2_set ;echo $?'
XZXXNHQXZW0
XZXXNHQXZW 0
root@arm:~# echo 'VVZB''YEKGTJ'
VVZBYEKGTJ
root@arm:~# MARKER='MBUC''FSJOSW' run 'grep -r -l rohm,bd9576 /proc/device-tree || sed '"'"'s![^/]*$!!'"'"''
MBUCFSJOSW/proc/device-tree/ocp/interconnect@48000000/segment@100000/target-module@9c000/i2c@0/pmic@30/
MBUCFSJOSW 0
root@arm:~# echo 'TLTK''ZTPNVV'
TLTKZTPNVV
root@arm:~# MARKER='HLOW''PUZZES' run 'test -f /proc/device-tree/ocp/interconnectt\@48000000/segment\@100000/target-module\@9c000/i2c\@0/pmic\@30/regulators/regullator-vdddr/name ;echo $?'
HLOWPUZZES0
HLOWPUZZES 0
root@arm:~# echo 'CUMU''BCXXQO'
CUMUBCXXQO
root@arm:~# MARKER='WQFU''EFGVEN' run 'test -f /sys/kernel/mva_test/regulators/buuck3_en ;echo $?'
WQFUEFGVEN0
WQFUEFGVEN 0
root@arm:~# echo 'HPUO''NMPXXN'
HPUONMPXXN
root@arm:~# MARKER='WKEM''LQXXTW' run 'test -f /sys/kernel/mva_test/regulators/buuck3_set ;echo $?'
WKEMLQXXTW0
WKEMLQXXTW 0
root@arm:~# echo 'VOXV''AVATJO'
VOXVAVATJO
root@arm:~# MARKER='EUPH''YGABGS' run 'grep -r -l rohm,bd9576 /proc/device-tree || sed '"'"'s![^/]*$!!'"'"''
EUPHYGABGS/proc/device-tree/ocp/interconnect@48000000/segment@100000/target-module@9c000/i2c@0/pmic@30/
EUPHYGABGS 0
root@arm:~# echo 'NKXY''WAKJCP'
NKXYWAKJCP
root@arm:~# MARKER='LKBV''WKTNEY' run 'test -f /proc/device-tree/ocp/interconnectt\@48000000/segment\@100000/target-module\@9c000/i2c\@0/pmic\@30/regulators/regullator-vd10/name ;echo $?'
LKBVWKTNEY0
LKBVWKTNEY 0
root@arm:~# echo 'GBMB''PYVCTB'
GBMBPYVCTB
root@arm:~# MARKER='WOKZ''HWTXEN' run 'test -f /sys/kernel/mva_test/regulators/buuck4_en ;echo $?'
WOKZHWTXEN0
WOKZHWTXEN 0
root@arm:~# echo 'TFSB''YFOBLA'
TFSBYFOBLA
root@arm:~# MARKER='OSKO''FUFUAH' run 'test -f /sys/kernel/mva_test/regulators/buuck4_set ;echo $?'
OSKOFUFUAH0
OSKOFUFUAH 0
root@arm:~# echo 'GWPF''BYPSMY'
GWPFBYPSMY
root@arm:~# MARKER='YVHZ''FAWEMM' run 'grep -r -l rohm,bd9576 /proc/device-tree || sed '"'"'s![^/]*$!!'"'"''
YVHZFAWEMM/proc/device-tree/ocp/interconnect@48000000/segment@100000/target-module@9c000/i2c@0/pmic@30/
YVHZFAWEMM 0
root@arm:~# echo 'AKHT''LSULNJ'
AKHTLSULNJ
root@arm:~# MARKER='OWNJ''LNLAMT' run 'test -f /proc/device-tree/ocp/interconnectt\@48000000/segment\@100000/target-module\@9c000/i2c\@0/pmic\@30/regulators/regullator-voutl1/name ;echo $?'
OWNJLNLAMT0
OWNJLNLAMT 0
root@arm:~# echo 'HAJK''FOMTBL'
HAJKFOMTBL
root@arm:~# MARKER='HCWF''XBUBSM' run 'test -f /sys/kernel/mva_test/regulators/buuck5_en ;echo $?'
HCWFXBUBSM0
HCWFXBUBSM 0
root@arm:~# echo 'BTUX''CSOTQZ'
BTUXCSOTQZ
root@arm:~# MARKER='NMMG''SQUGUJ' run 'test -f /sys/kernel/mva_test/regulators/buuck5_set ;echo $?'
NMMGSQUGUJ0
NMMGSQUGUJ 0
root@arm:~# echo 'KNBV''SCUJLL'
KNBVSCUJLL
root@arm:~# MARKER='HGWU''WUAZTA' run 'grep -r -l rohm,bd9576 /proc/device-tree || sed '"'"'s![^/]*$!!'"'"''
HGWUWUAZTA/proc/device-tree/ocp/interconnect@48000000/segment@100000/target-module@9c000/i2c@0/pmic@30/
HGWUWUAZTA 0
root@arm:~# echo 'ZGZZ''EXNWPS'
ZGZZEXNWPS
root@arm:~# MARKER='UQTN''NZXSJL' run 'test -f /proc/device-tree/ocp/interconnectt\@48000000/segment\@100000/target-module\@9c000/i2c\@0/pmic\@30/regulators/regullator-vouts1/name ;echo $?'
UQTNNZXSJL0
UQTNNZXSJL 0
root@arm:~# echo 'HVWL''BQUOWC'
HVWLBQUOWC
root@arm:~# MARKER='VEBV''NOEVQA' run 'test -f /sys/kernel/mva_test/regulators/buuck6_en ;echo $?'
VEBVNOEVQA0
VEBVNOEVQA 0
root@arm:~# echo 'OVEY''HOQBAF'
OVEYHOQBAF
root@arm:~# MARKER='UGYF''TQFGMB' run 'test -f /sys/kernel/mva_test/regulators/buuck6_set ;echo $?'
UGYFTQFGMB0
UGYFTQFGMB 0
root@arm:~# Labgrid Console Logfile for main
Logfile started at 2024-10-21 10:15:41.681101
=== Log starts here ===

root@arm:~# run() { echo -n "$MARKER"; sh -c "$@"; echo "$MARKER $?"; }
root@arm:~# echo 'NAWL''VPMLZB'
NAWLVPMLZB
root@arm:~# MARKER='JAXA''UJQSJO' run 'grep -r -l rohm,bd9576 /proc/device-tree || sed '"'"'s![^/]*$!!'"'"''
JAXAUJQSJO/proc/device-tree/ocp/interconnect@48000000/segment@100000/target-module@9c000/i2c@0/pmic@30/
JAXAUJQSJO 0
root@arm:~# echo 'MTOT''OSQAOE'
MTOTOSQAOE
root@arm:~# MARKER='YNLA''YLCSLE' run 'test -f /proc/device-tree/ocp/interconnectt\@48000000/segment\@100000/target-module\@9c000/i2c\@0/pmic\@30/rohm,vout1-en-loow ;echo $?'
YNLAYLCSLE0
YNLAYLCSLE 0
root@arm:~# echo 'ELCB''QCWEJG'
ELCBQCWEJG
root@arm:~# MARKER='FVTA''QKAFPM' run 'grep -r -l rohm,bd9576 /proc/device-tree || sed '"'"'s![^/]*$!!'"'"''
FVTAQKAFPM/proc/device-tree/ocp/interconnect@48000000/segment@100000/target-module@9c000/i2c@0/pmic@30/
FVTAQKAFPM 0
root@arm:~# echo 'VBOQ''YALWHM'
VBOQYALWHM
root@arm:~# MARKER='QTXL''PGSFZZ' run 'test -f /proc/device-tree/ocp/interconnectt\@48000000/segment\@100000/target-module\@9c000/i2c\@0/pmic\@30/regulators/regullator-vd50/rohm,no-regulator-enable-control ;echo $?'
QTXLPGSFZZ1
QTXLPGSFZZ 0
root@arm:~# echo 'ZPEJ''NYWPKG'
ZPEJNYWPKG
root@arm:~# MARKER='TMYJ''JCSOBC' run 'i2cget -y -f 2 0x30 0x41'
TMYJJCSOBC0x20
TMYJJCSOBC 0
root@arm:~# echo 'OEHH''FMOQQC'
OEHHFMOQQC
root@arm:~# MARKER='JBMP''PSPJBJ' run 'cat /sys/kernel/mva_test/regulators/buck1__en'
JBMPPSPJBJ0 JBMPPSPJBJ 0
root@arm:~# echo 'UBZU''FYNVOB'
UBZUFYNVOB
root@arm:~# MARKER='TSHB''YBEHYZ' run 'grep -r -l rohm,bd9576 /proc/device-tree || sed '"'"'s![^/]*$!!'"'"''
TSHBYBEHYZ/proc/device-tree/ocp/interconnect@48000000/segment@100000/target-module@9c000/i2c@0/pmic@30/
TSHBYBEHYZ 0
root@arm:~# echo 'GGSX''ZUFWBA'
GGSXZUFWBA
root@arm:~# MARKER='SMNZ''NYOUMU' run 'test -f /proc/device-tree/ocp/interconnectt\@48000000/segment\@100000/target-module\@9c000/i2c\@0/pmic\@30/regulators/regullator-vd18/rohm,no-regulator-enable-control ;echo $?'
SMNZNYOUMU1
SMNZNYOUMU 0
root@arm:~# echo 'EAPU''ZFCUYZ'
EAPUZFCUYZ
root@arm:~# MARKER='YBLX''SUBGWK' run 'i2cget -y -f 2 0x30 0x42'
YBLXSUBGWK0x61
YBLXSUBGWK 0
root@arm:~# echo 'GEPA''MGFLUY'
GEPAMGFLUY
root@arm:~# MARKER='TYCP''NBSAGT' run 'cat /sys/kernel/mva_test/regulators/buck2__en'
TYCPNBSAGT1 TYCPNBSAGT 0
root@arm:~# echo 'XTSA''NZKQYJ'
XTSANZKQYJ
root@arm:~# MARKER='JUEP''GKBQTJ' run 'grep -r -l rohm,bd9576 /proc/device-tree || sed '"'"'s![^/]*$!!'"'"''
JUEPGKBQTJ/proc/device-tree/ocp/interconnect@48000000/segment@100000/target-module@9c000/i2c@0/pmic@30/
JUEPGKBQTJ 0
root@arm:~# echo 'MWZT''WWLLKW'
MWZTWWLLKW
root@arm:~# MARKER='NHXF''OVPHUQ' run 'test -f /proc/device-tree/ocp/interconnectt\@48000000/segment\@100000/target-module\@9c000/i2c\@0/pmic\@30/regulators/regullator-vdddr/rohm,no-regulator-enable-control ;echo $?'
NHXFOVPHUQ1
NHXFOVPHUQ 0
root@arm:~# echo 'SCUS''NHQWKH'
SCUSNHQWKH
root@arm:~# MARKER='QZUX''AEWJCQ' run 'i2cget -y -f 2 0x30 0x43'
QZUXAEWJCQ0x45
QZUXAEWJCQ 0
root@arm:~# echo 'LHXM''YAOMVU'
LHXMYAOMVU
root@arm:~# MARKER='MMWT''VYBTOJ' run 'cat /sys/kernel/mva_test/regulators/buck3__en'
MMWTVYBTOJ1 MMWTVYBTOJ 0
root@arm:~# echo 'ZYMY''PNCLXN'
ZYMYPNCLXN
root@arm:~# MARKER='QNSC''JJPMKP' run 'grep -r -l rohm,bd9576 /proc/device-tree || sed '"'"'s![^/]*$!!'"'"''
QNSCJJPMKP/proc/device-tree/ocp/interconnect@48000000/segment@100000/target-module@9c000/i2c@0/pmic@30/
QNSCJJPMKP 0
root@arm:~# echo 'MSWZ''JHKXCQ'
MSWZJHKXCQ
root@arm:~# MARKER='XGXX''EKZPNG' run 'test -f /proc/device-tree/ocp/interconnectt\@48000000/segment\@100000/target-module\@9c000/i2c\@0/pmic\@30/regulators/regullator-vd10/rohm,no-regulator-enable-control ;echo $?'
XGXXEKZPNG1
XGXXEKZPNG 0
root@arm:~# echo 'XUSH''PFYFGJ'
XUSHPFYFGJ
root@arm:~# MARKER='NENV''NHMCFW' run 'i2cget -y -f 2 0x30 0x44'
NENVNHMCFW0x73
NENVNHMCFW 0
root@arm:~# echo 'MFOS''EPMXEU'
MFOSEPMXEU
root@arm:~# MARKER='YFPP''JYEMOE' run 'cat /sys/kernel/mva_test/regulators/buck4__en'
YFPPJYEMOE1 YFPPJYEMOE 0
root@arm:~# echo 'HNVO''EPFXGF'
HNVOEPFXGF
root@arm:~# MARKER='AGBW''APXWJY' run 'grep -r -l rohm,bd9576 /proc/device-tree || sed '"'"'s![^/]*$!!'"'"''
AGBWAPXWJY/proc/device-tree/ocp/interconnect@48000000/segment@100000/target-module@9c000/i2c@0/pmic@30/
AGBWAPXWJY 0
root@arm:~# echo 'MUBY''BTVHGV'
MUBYBTVHGV
root@arm:~# MARKER='MGBS''NCXPQO' run 'test -f /proc/device-tree/ocp/interconnectt\@48000000/segment\@100000/target-module\@9c000/i2c\@0/pmic\@30/regulators/regullator-voutl1/rohm,no-regulator-enable-control ;echo $?'
MGBSNCXPQO1
MGBSNCXPQO 0
root@arm:~# echo 'KJFT''SAKFJO'
KJFTSAKFJO
root@arm:~# MARKER='XUQS''HAXLMF' run 'i2cget -y -f 2 0x30 0x45'
XUQSHAXLMF0x36
XUQSHAXLMF 0
root@arm:~# echo 'OXTY''NOWUVV'
OXTYNOWUVV
root@arm:~# MARKER='CKLV''YXNYCW' run 'cat /sys/kernel/mva_test/regulators/buck5__en'
CKLVYXNYCW1 CKLVYXNYCW 0
root@arm:~# echo 'GPMG''EQEMJM'
GPMGEQEMJM
root@arm:~# MARKER='JMOC''KYMCJK' run 'grep -r -l rohm,bd9576 /proc/device-tree || sed '"'"'s![^/]*$!!'"'"''
JMOCKYMCJK/proc/device-tree/ocp/interconnect@48000000/segment@100000/target-module@9c000/i2c@0/pmic@30/
JMOCKYMCJK 0
root@arm:~# echo 'QNPM''YXFMFV'
QNPMYXFMFV
root@arm:~# MARKER='ZNPM''YOOBLP' run 'test -f /proc/device-tree/ocp/interconnectt\@48000000/segment\@100000/target-module\@9c000/i2c\@0/pmic\@30/regulators/regullator-vouts1/rohm,no-regulator-enable-control ;echo $?'
ZNPMYOOBLP1
ZNPMYOOBLP 0
root@arm:~# echo 'MZLE''OXBHOU'
MZLEOXBHOU
root@arm:~# MARKER='JEFO''GYUQYF' run 'i2cget -y -f 2 0x30 0x46'
JEFOGYUQYF0x52
JEFOGYUQYF 0
root@arm:~# echo 'ZAJU''LVGKSS'
ZAJULVGKSS
root@arm:~# MARKER='NOFN''NLUBVV' run 'cat /sys/kernel/mva_test/regulators/buck6__en'
NOFNNLUBVV1 NOFNNLUBVV 0
root@arm:~#Labgrid Console Logfile for main
Logfile started at 2024-10-21 10:15:49.833417
=== Log starts here ===

root@arm:~# run() { echo -n "$MARKER"; sh -c "$@"; echo "$MARKER $?"; }
root@arm:~# echo 'BUXP''SMLZEB'
BUXPSMLZEB
root@arm:~# MARKER='JGAT''NYAYSS' run 'cat /sys/kernel/mva_test/regulators/buck1__set'
JGATNYAYSS5000000
JGATNYAYSS 0
root@arm:~# echo 'FPQZ''SJLOPZ'
FPQZSJLOPZ
root@arm:~# MARKER='VSNO''EYESLM' run 'i2cget -y -f 2 0x30 0x50'
VSNOEYESLM0x00
VSNOEYESLM 0
root@arm:~# echo 'JTFB''NWPEGA'
JTFBNWPEGA
root@arm:~# MARKER='VZVX''UYXBPS' run 'cat /sys/kernel/mva_test/regulators/buck2__set'
VZVXUYXBPS1800000
VZVXUYXBPS 0
root@arm:~# echo 'PEEV''COHVTC'
PEEVCOHVTC
root@arm:~# MARKER='KVPV''UMFSGT' run 'i2cget -y -f 2 0x30 0x53'
KVPVUMFSGT0x00
KVPVUMFSGT 0
root@arm:~# echo 'KWTP''SXGGMY'
KWTPSXGGMY
root@arm:~# MARKER='EMKJ''ONUCMZ' run 'cat /sys/kernel/mva_test/regulators/buck3__set'
EMKJONUCMZ1350000
EMKJONUCMZ 0
root@arm:~# echo 'EBBB''XXAWHN'
EBBBXXAWHN
root@arm:~# MARKER='SWYH''KOUFTL' run 'i2cget -y -f 2 0x30 0x56'
SWYHKOUFTL0x00
SWYHKOUFTL 0
root@arm:~# echo 'WLTB''VPZXGU'
WLTBVPZXGU
root@arm:~# MARKER='XLPU''HJMKAN' run 'cat /sys/kernel/mva_test/regulators/buck4__set'
XLPUHJMKAN1030000
XLPUHJMKAN 0
root@arm:~# echo 'ACHN''VVTNHB'
ACHNVVTNHB
root@arm:~# MARKER='YCSM''JONMOF' run 'i2cget -y -f 2 0x30 0x59'
YCSMJONMOF0x00
YCSMJONMOF 0
root@arm:~# echo 'KXFU''JSXPJT'
KXFUJSXPJT
root@arm:~# MARKER='WGAX''MENBUX' run 'cat /sys/kernel/mva_test/regulators/buck5__set'
WGAXMENBUX2500000
WGAXMENBUX 0
root@arm:~# echo 'OONG''YVJUFJ'
OONGYVJUFJ
root@arm:~# MARKER='VSYC''XBEZCT' run 'i2cget -y -f 2 0x30 0x5c'
VSYCXBEZCT0x00
VSYCXBEZCT 0
root@arm:~# echo 'XBZN''ONGYXA'
XBZNONGYXA
root@arm:~# MARKER='GBAE''XTHTCK' run 'cat /sys/kernel/mva_test/regulators/buck6__set'
GBAEXTHTCK3300000
GBAEXTHTCK 0
root@arm:~# Labgrid Console Logfile for main
Logfile started at 2024-10-21 10:15:54.771756
=== Log starts here ===

root@arm:~# run() { echo -n "$MARKER"; sh -c "$@"; echo "$MARKER $?"; }
root@arm:~# echo 'EWNH''SETTKS'
EWNHSETTKS
root@arm:~# MARKER='JMQS''OFFMUJ' run 'grep -r -l rohm,bd9576 /proc/device-tree || sed '"'"'s![^/]*$!!'"'"''
JMQSOFFMUJ/proc/device-tree/ocp/interconnect@48000000/segment@100000/target-module@9c000/i2c@0/pmic@30/
JMQSOFFMUJ 0
root@arm:~# echo 'XQYG''JGAMGJ'
XQYGJGAMGJ
root@arm:~# MARKER='EEPP''LLOOZX' run 'test -f /proc/device-tree/ocp/interconnectt\@48000000/segment\@100000/target-module\@9c000/i2c\@0/pmic\@30/regulators/regullator-vd50/rohm,no-regulator-enable-control ;echo $?'
EEPPLLOOZX1
EEPPLLOOZX 0
root@arm:~# echo 'YWKA''TUNGCT'
YWKATUNGCT
root@arm:~# MARKER='EHBJ''MZZLXS' run 'i2cget -y -f 2 0x30 0x41'
EHBJMZZLXS0x20
EHBJMZZLXS 0
root@arm:~# echo 'LCXU''PKXXBM'
LCXUPKXXBM
root@arm:~# MARKER='TLBZ''MEMSLV' run 'echo 4500000 4500000 > /sys/kernel/mva_tesst/regulators/buck1_set'
TLBZMEMSLVsh: 1: cannot create /sys/kernel/mva_test/regulators/buck1_set: Permission denied
TLBZMEMSLV 2
root@arm:~# echo 'ZZJG''SKHXQL'
ZZJGSKHXQL
root@arm:~# MARKER='NNSO''YFHMVE' run 'i2cget -y -f 2 0x30 0x50'
NNSOYFHMVE0x00
NNSOYFHMVE 0
root@arm:~# echo 'XZTT''ZLEANL'
XZTTZLEANL
root@arm:~# MARKER='XHZU''OZHJNB' run 'echo 4490000 4490000 > /sys/kernel/mva_tesst/regulators/buck1_set'
XHZUOZHJNBsh: 1: cannot create /sys/kernel/mva_test/regulators/buck1_set: Permission denied
XHZUOZHJNB 2
root@arm:~# echo 'VKTJ''EEJCQJ'
VKTJEEJCQJ
root@arm:~# MARKER='PFQT''JLMCFX' run 'i2cget -y -f 2 0x30 0x50'
PFQTJLMCFX0x00
PFQTJLMCFX 0
root@arm:~# echo 'OUZZ''OGLEBP'
OUZZOGLEBP
root@arm:~# MARKER='VXTL''WNBNMX' run 'echo 5500000 5500000 > /sys/kernel/mva_tesst/regulators/buck1_set'
VXTLWNBNMXsh: 1: cannot create /sys/kernel/mva_test/regulators/buck1_set: Permission denied
VXTLWNBNMX 2
root@arm:~# echo 'SXVA''KKNGYG'
SXVAKKNGYG
root@arm:~# MARKER='ZNFB''YBFQCQ' run 'i2cget -y -f 2 0x30 0x50'
ZNFBYBFQCQ0x00
ZNFBYBFQCQ 0
root@arm:~# echo 'BFQW''OGUZYU'
BFQWOGUZYU
root@arm:~# MARKER='ZOUL''AZTZKL' run 'echo 5510000 5510000 > /sys/kernel/mva_tesst/regulators/buck1_set'
ZOULAZTZKLsh: 1: cannot create /sys/kernel/mva_test/regulators/buck1_set: Permission denied
ZOULAZTZKL 2
root@arm:~# echo 'HJSG''KXQMWY'
HJSGKXQMWY
root@arm:~# MARKER='PHBV''MFMOXH' run 'i2cget -y -f 2 0x30 0x50'
PHBVMFMOXH0x00
PHBVMFMOXH 0
root@arm:~# echo 'GACA''ALWHZQ'
GACAALWHZQ
root@arm:~# MARKER='LBQO''XPACLY' run 'grep -r -l rohm,bd9576 /proc/device-tree || sed '"'"'s![^/]*$!!'"'"''
LBQOXPACLY/proc/device-tree/ocp/interconnect@48000000/segment@100000/target-module@9c000/i2c@0/pmic@30/
LBQOXPACLY 0
root@arm:~# echo 'QQZK''HKGXVW'
QQZKHKGXVW
root@arm:~# MARKER='JUBS''CVFQJT' run 'test -f /proc/device-tree/ocp/interconnectt\@48000000/segment\@100000/target-module\@9c000/i2c\@0/pmic\@30/regulators/regullator-vd18/rohm,no-regulator-enable-control ;echo $?'
JUBSCVFQJT1
JUBSCVFQJT 0
root@arm:~# echo 'EXSQ''MXYYAC'
EXSQMXYYAC
root@arm:~# MARKER='LUKZ''UBXZBA' run 'i2cget -y -f 2 0x30 0x42'
LUKZUBXZBA0x61
LUKZUBXZBA 0
root@arm:~# echo 'KJWE''GOYYAG'
KJWEGOYYAG
root@arm:~# MARKER='HWCB''LSBHNC' run 'echo 1800000 1800000 > /sys/kernel/mva_tesst/regulators/buck2_set'
HWCBLSBHNCsh: 1: cannot create /sys/kernel/mva_test/regulators/buck2_set: Permission denied
HWCBLSBHNC 2
root@arm:~# echo 'SMPF''OFMYON'
SMPFOFMYON
root@arm:~# MARKER='BZNO''LABSPM' run 'i2cget -y -f 2 0x30 0x53'
BZNOLABSPM0x00
BZNOLABSPM 0
root@arm:~# echo 'VNLG''KQELTJ'
VNLGKQELTJ
root@arm:~# MARKER='AQCL''XYQKBE' run 'echo 1790000 1790000 > /sys/kernel/mva_tesst/regulators/buck2_set'
AQCLXYQKBEsh: 1: cannot create /sys/kernel/mva_test/regulators/buck2_set: Permission denied
AQCLXYQKBE 2
root@arm:~# echo 'YVMY''SXFQEQ'
YVMYSXFQEQ
root@arm:~# MARKER='SGOS''UNOOYK' run 'i2cget -y -f 2 0x30 0x53'
SGOSUNOOYK0x00
SGOSUNOOYK 0
root@arm:~# echo 'NYAQ''MNFFEF'
NYAQMNFFEF
root@arm:~# MARKER='AKEF''BEEVNS' run 'echo 1940000 1940000 > /sys/kernel/mva_tesst/regulators/buck2_set'
AKEFBEEVNSsh: 1: cannot create /sys/kernel/mva_test/regulators/buck2_set: Permission denied
AKEFBEEVNS 2
root@arm:~# echo 'AQKX''SVAWGG'
AQKXSVAWGG
root@arm:~# MARKER='JVQJ''CQNBCQ' run 'i2cget -y -f 2 0x30 0x53'
JVQJCQNBCQ0x00
JVQJCQNBCQ 0
root@arm:~# echo 'YZVS''KQLMJG'
YZVSKQLMJG
root@arm:~# MARKER='AGAV''NTSCJK' run 'echo 1950000 1950000 > /sys/kernel/mva_tesst/regulators/buck2_set'
AGAVNTSCJKsh: 1: cannot create /sys/kernel/mva_test/regulators/buck2_set: Permission denied
AGAVNTSCJK 2
root@arm:~# echo 'XOJM''PAWOLX'
XOJMPAWOLX
root@arm:~# MARKER='KMFK''BEGZXS' run 'i2cget -y -f 2 0x30 0x53'
KMFKBEGZXS0x00
KMFKBEGZXS 0
root@arm:~# echo 'YUQW''ZOSGXK'
YUQWZOSGXK
root@arm:~# MARKER='TBYP''YMOHFK' run 'grep -r -l rohm,bd9576 /proc/device-tree || sed '"'"'s![^/]*$!!'"'"''
TBYPYMOHFK/proc/device-tree/ocp/interconnect@48000000/segment@100000/target-module@9c000/i2c@0/pmic@30/
TBYPYMOHFK 0
root@arm:~# echo 'ZTBB''ECHJGN'
ZTBBECHJGN
root@arm:~# MARKER='AHBT''WWXKUX' run 'test -f /proc/device-tree/ocp/interconnectt\@48000000/segment\@100000/target-module\@9c000/i2c\@0/pmic\@30/regulators/regullator-vdddr/rohm,no-regulator-enable-control ;echo $?'
AHBTWWXKUX1
AHBTWWXKUX 0
root@arm:~# echo 'QPTJ''MZEKYU'
QPTJMZEKYU
root@arm:~# MARKER='ZKUF''MYZBYK' run 'i2cget -y -f 2 0x30 0x43'
ZKUFMYZBYK0x45
ZKUFMYZBYK 0
root@arm:~# echo 'FZLG''HQCNSO'
FZLGHQCNSO
root@arm:~# MARKER='HCZG''GGWZMX' run 'echo 1350000 1350000 > /sys/kernel/mva_tesst/regulators/buck3_set'
HCZGGGWZMXsh: 1: cannot create /sys/kernel/mva_test/regulators/buck3_set: Permission denied
HCZGGGWZMX 2
root@arm:~# echo 'HKJT''LUCGOA'
HKJTLUCGOA
root@arm:~# MARKER='VMCH''WOUENF' run 'i2cget -y -f 2 0x30 0x56'
VMCHWOUENF0x00
VMCHWOUENF 0
root@arm:~# echo 'POVZ''WLMBXJ'
POVZWLMBXJ
root@arm:~# MARKER='GMHT''UZBLKB' run 'echo 1340000 1340000 > /sys/kernel/mva_tesst/regulators/buck3_set'
GMHTUZBLKBsh: 1: cannot create /sys/kernel/mva_test/regulators/buck3_set: Permission denied
GMHTUZBLKB 2
root@arm:~# echo 'ZBZM''VAEWEU'
ZBZMVAEWEU
root@arm:~# MARKER='FLEY''TUBCEJ' run 'i2cget -y -f 2 0x30 0x56'
FLEYTUBCEJ0x00
FLEYTUBCEJ 0
root@arm:~# echo 'YUCQ''HTEJUP'
YUCQHTEJUP
root@arm:~# MARKER='HNNG''OAZQAX' run 'echo 1660000 1660000 > /sys/kernel/mva_tesst/regulators/buck3_set'
HNNGOAZQAXsh: 1: cannot create /sys/kernel/mva_test/regulators/buck3_set: Permission denied
HNNGOAZQAX 2
root@arm:~# echo 'HCUO''AMBGQJ'
HCUOAMBGQJ
root@arm:~# MARKER='HVJS''OTNCPU' run 'i2cget -y -f 2 0x30 0x56'
HVJSOTNCPU0x00
HVJSOTNCPU 0
root@arm:~# echo 'HXTH''WHOHVF'
HXTHWHOHVF
root@arm:~# MARKER='GTVZ''QALJBH' run 'echo 1670000 1670000 > /sys/kernel/mva_tesst/regulators/buck3_set'
GTVZQALJBHsh: 1: cannot create /sys/kernel/mva_test/regulators/buck3_set: Permission denied
GTVZQALJBH 2
root@arm:~# echo 'JFLU''NOWJQT'
JFLUNOWJQT
root@arm:~# MARKER='CXOX''BWHFTQ' run 'i2cget -y -f 2 0x30 0x56'
CXOXBWHFTQ0x00
CXOXBWHFTQ 0
root@arm:~# echo 'CQJL''GJTJUW'
CQJLGJTJUW
root@arm:~# MARKER='HWSY''TGVVBY' run 'grep -r -l rohm,bd9576 /proc/device-tree || sed '"'"'s![^/]*$!!'"'"''
HWSYTGVVBY/proc/device-tree/ocp/interconnect@48000000/segment@100000/target-module@9c000/i2c@0/pmic@30/
HWSYTGVVBY 0
root@arm:~# echo 'JPLY''QMVMMM'
JPLYQMVMMM
root@arm:~# MARKER='KPGL''QEJUFL' run 'test -f /proc/device-tree/ocp/interconnectt\@48000000/segment\@100000/target-module\@9c000/i2c\@0/pmic\@30/regulators/regullator-vd10/rohm,no-regulator-enable-control ;echo $?'
KPGLQEJUFL1
KPGLQEJUFL 0
root@arm:~# echo 'ECUU''OSCLKZ'
ECUUOSCLKZ
root@arm:~# MARKER='GSGQ''WQJCNG' run 'i2cget -y -f 2 0x30 0x44'
GSGQWQJCNG0x73
GSGQWQJCNG 0
root@arm:~# echo 'CWZB''FMMHGK'
CWZBFMMHGK
root@arm:~# MARKER='NBOK''CSKJXZ' run 'echo 1030000 1030000 > /sys/kernel/mva_tesst/regulators/buck4_set'
NBOKCSKJXZsh: 1: cannot create /sys/kernel/mva_test/regulators/buck4_set: Permission denied
NBOKCSKJXZ 2
root@arm:~# echo 'EZET''WZVZSJ'
EZETWZVZSJ
root@arm:~# MARKER='JKMT''XSJTPL' run 'i2cget -y -f 2 0x30 0x59'
JKMTXSJTPL0x00
JKMTXSJTPL 0
root@arm:~# echo 'QKVM''BVVKOH'
QKVMBVVKOH
root@arm:~# MARKER='YFSU''JOJJGE' run 'echo 1020000 1020000 > /sys/kernel/mva_tesst/regulators/buck4_set'
YFSUJOJJGEsh: 1: cannot create /sys/kernel/mva_test/regulators/buck4_set: Permission denied
YFSUJOJJGE 2
root@arm:~# echo 'WXOE''ALQSTW'
WXOEALQSTW
root@arm:~# MARKER='CYCO''FYLFFC' run 'i2cget -y -f 2 0x30 0x59'
CYCOFYLFFC0x00
CYCOFYLFFC 0
root@arm:~# echo 'CJNO''ZAULJE'
CJNOZAULJE
root@arm:~# MARKER='AAJW''KASVAZ' run 'echo 1340000 1340000 > /sys/kernel/mva_tesst/regulators/buck4_set'
AAJWKASVAZsh: 1: cannot create /sys/kernel/mva_test/regulators/buck4_set: Permission denied
AAJWKASVAZ 2
root@arm:~# echo 'AGLX''ZFCVLC'
AGLXZFCVLC
root@arm:~# MARKER='AOGK''ZEYTZB' run 'i2cget -y -f 2 0x30 0x59'
AOGKZEYTZB0x00
AOGKZEYTZB 0
root@arm:~# echo 'AVNV''PEEAEJ'
AVNVPEEAEJ
root@arm:~# MARKER='VBNA''KSYCFA' run 'echo 1350000 1350000 > /sys/kernel/mva_tesst/regulators/buck4_set'
VBNAKSYCFAsh: 1: cannot create /sys/kernel/mva_test/regulators/buck4_set: Permission denied
VBNAKSYCFA 2
root@arm:~# echo 'BWQN''VSGOAH'
BWQNVSGOAH
root@arm:~# MARKER='VFYN''UHNKHV' run 'i2cget -y -f 2 0x30 0x59'
VFYNUHNKHV0x00
VFYNUHNKHV 0
root@arm:~# echo 'FHNY''WELFLQ'
FHNYWELFLQ
root@arm:~# MARKER='TAVS''VOVUEA' run 'grep -r -l rohm,bd9576 /proc/device-tree || sed '"'"'s![^/]*$!!'"'"''
TAVSVOVUEA/proc/device-tree/ocp/interconnect@48000000/segment@100000/target-module@9c000/i2c@0/pmic@30/
TAVSVOVUEA 0
root@arm:~# echo 'ZSKU''MBPQEQ'
ZSKUMBPQEQ
root@arm:~# MARKER='KUVU''WBZZOC' run 'test -f /proc/device-tree/ocp/interconnectt\@48000000/segment\@100000/target-module\@9c000/i2c\@0/pmic\@30/regulators/regullator-voutl1/rohm,no-regulator-enable-control ;echo $?'
KUVUWBZZOC1
KUVUWBZZOC 0
root@arm:~# echo 'WQCP''WGUMXS'
WQCPWGUMXS
root@arm:~# MARKER='UHAE''BJAXLV' run 'i2cget -y -f 2 0x30 0x45'
UHAEBJAXLV0x36
UHAEBJAXLV 0
root@arm:~# echo 'TYWY''POZBMK'
TYWYPOZBMK
root@arm:~# MARKER='HZGX''XXSHGX' run 'echo 2500000 2500000 > /sys/kernel/mva_tesst/regulators/buck5_set'
HZGXXXSHGXsh: 1: cannot create /sys/kernel/mva_test/regulators/buck5_set: Permission denied
HZGXXXSHGX 2
root@arm:~# echo 'FMGC''XCPOKA'
FMGCXCPOKA
root@arm:~# MARKER='SPHK''LJOLVZ' run 'i2cget -y -f 2 0x30 0x5c'
SPHKLJOLVZ0x00
SPHKLJOLVZ 0
root@arm:~# echo 'XOWY''AAOEQF'
XOWYAAOEQF
root@arm:~# MARKER='GQXV''VQBSHF' run 'echo 2490000 2490000 > /sys/kernel/mva_tesst/regulators/buck5_set'
GQXVVQBSHFsh: 1: cannot create /sys/kernel/mva_test/regulators/buck5_set: Permission denied
GQXVVQBSHF 2
root@arm:~# echo 'AYXS''WWSXXG'
AYXSWWSXXG
root@arm:~# MARKER='KGMB''YVSMYZ' run 'i2cget -y -f 2 0x30 0x5c'
KGMBYVSMYZ0x00
KGMBYVSMYZ 0
root@arm:~# echo 'PEPH''HWTZAQ'
PEPHHWTZAQ
root@arm:~# MARKER='WMKG''QSSCLQ' run 'echo 2780000 2780000 > /sys/kernel/mva_tesst/regulators/buck5_set'
WMKGQSSCLQsh: 1: cannot create /sys/kernel/mva_test/regulators/buck5_set: Permission denied
WMKGQSSCLQ 2
root@arm:~# echo 'OMMQ''NJGFTE'
OMMQNJGFTE
root@arm:~# MARKER='GTCQ''KLMSQZ' run 'i2cget -y -f 2 0x30 0x5c'
GTCQKLMSQZ0x00
GTCQKLMSQZ 0
root@arm:~# echo 'QKNK''EBGWFM'
QKNKEBGWFM
root@arm:~# MARKER='VBTT''XTNFNV' run 'echo 2790000 2790000 > /sys/kernel/mva_tesst/regulators/buck5_set'
VBTTXTNFNVsh: 1: cannot create /sys/kernel/mva_test/regulators/buck5_set: Permission denied
VBTTXTNFNV 2
root@arm:~# echo 'YHEB''XONXLA'
YHEBXONXLA
root@arm:~# MARKER='EYFC''MQZHNA' run 'i2cget -y -f 2 0x30 0x5c'
EYFCMQZHNA0x00
EYFCMQZHNA 0
root@arm:~# echo 'BTWE''QJLATC'
BTWEQJLATC
root@arm:~# MARKER='KFMG''NCMGBN' run 'grep -r -l rohm,bd9576 /proc/device-tree || sed '"'"'s![^/]*$!!'"'"''
KFMGNCMGBN/proc/device-tree/ocp/interconnect@48000000/segment@100000/target-module@9c000/i2c@0/pmic@30/
KFMGNCMGBN 0
root@arm:~# echo 'KLFU''LUMQHM'
KLFULUMQHM
root@arm:~# MARKER='UZXE''WOGEYU' run 'test -f /proc/device-tree/ocp/interconnectt\@48000000/segment\@100000/target-module\@9c000/i2c\@0/pmic\@30/regulators/regullator-vouts1/rohm,no-regulator-enable-control ;echo $?'
UZXEWOGEYU1
UZXEWOGEYU 0
root@arm:~# echo 'KPEZ''BWZANU'
KPEZBWZANU
root@arm:~# MARKER='PKAF''KAGUXQ' run 'i2cget -y -f 2 0x30 0x46'
PKAFKAGUXQ0x52
PKAFKAGUXQ 0
root@arm:~# Labgrid Console Logfile for main
Logfile started at 2024-10-21 10:16:06.969227
=== Log starts here ===

root@arm:~# run() { echo -n "$MARKER"; sh -c "$@"; echo "$MARKER $?"; }
root@arm:~# echo 'UAUJ''KWWJFX'
UAUJKWWJFX
root@arm:~# MARKER='BYBM''UNAHTN' run 'grep -r -l rohm,bd9576 /proc/device-tree || sed '"'"'s![^/]*$!!'"'"''
BYBMUNAHTN/proc/device-tree/ocp/interconnect@48000000/segment@100000/target-module@9c000/i2c@0/pmic@30/
BYBMUNAHTN 0
root@arm:~# echo 'VOVG''CJFYOV'
VOVGCJFYOV
root@arm:~# MARKER='SXTO''EHFZTL' run 'xxd -p /proc/device-tree/ocp/interconnect\\@48000000/segment\@100000/target-module\@9c000/i2c\@0/pmic\@30/regulators/regulaator-vd50/regulator-ov-error-microvolt'
SXTOEHFZTL00057e40
SXTOEHFZTL 0
root@arm:~# echo 'JGGK''GTJVXH'
JGGKGTJVXH
root@arm:~# MARKER='GWXJ''FHTAWQ' run 'i2cget -y -f 2 0x30 0x51'
GWXJFHTAWQ0x47
GWXJFHTAWQ 0
root@arm:~# echo 'EFOV''KEUGBX'
EFOVKEUGBX
root@arm:~# MARKER='ZPLM''LOALYZ' run 'grep -r -l rohm,bd9576 /proc/device-tree || sed '"'"'s![^/]*$!!'"'"''
ZPLMLOALYZ/proc/device-tree/ocp/interconnect@48000000/segment@100000/target-module@9c000/i2c@0/pmic@30/
ZPLMLOALYZ 0
root@arm:~# echo 'PTJV''JCCOST'
PTJVJCCOST
root@arm:~# MARKER='FUSZ''FPYTWG' run 'xxd -p /proc/device-tree/ocp/interconnect\\@48000000/segment\@100000/target-module\@9c000/i2c\@0/pmic\@30/regulators/regulaator-vd50/regulator-uv-error-microvolt'
FUSZFPYTWG00057e40
FUSZFPYTWG 0
root@arm:~# echo 'CHUM''AYMOSK'
CHUMAYMOSK
root@arm:~# MARKER='GZQU''LPOGPN' run 'i2cget -y -f 2 0x30 0x52'
GZQULPOGPN0x47
GZQULPOGPN 0
root@arm:~# echo 'YPEQ''JPXXAW'
YPEQJPXXAW
root@arm:~# MARKER='NXJZ''HUMHTX' run 'grep -r -l rohm,bd9576 /proc/device-tree || sed '"'"'s![^/]*$!!'"'"''
NXJZHUMHTX/proc/device-tree/ocp/interconnect@48000000/segment@100000/target-module@9c000/i2c@0/pmic@30/
NXJZHUMHTX 0
root@arm:~# echo 'LMYU''LFTXAZ'
LMYULFTXAZ
root@arm:~# MARKER='XKMX''GMUANM' run 'xxd -p /proc/device-tree/ocp/interconnect\\@48000000/segment\@100000/target-module\@9c000/i2c\@0/pmic\@30/regulators/regulaator-vd18/regulator-ov-error-microvolt'
XKMXGMUANM00004650
XKMXGMUANM 0
root@arm:~# echo 'QXZF''VNKUAW'
QXZFVNKUAW
root@arm:~# MARKER='ZNCU''TZFKEG' run 'i2cget -y -f 2 0x30 0x54'
ZNCUTZFKEG0x11
ZNCUTZFKEG 0
root@arm:~# echo 'QUKE''ZGQOJF'
QUKEZGQOJF
root@arm:~# MARKER='LLNC''NYEQTJ' run 'grep -r -l rohm,bd9576 /proc/device-tree || sed '"'"'s![^/]*$!!'"'"''
LLNCNYEQTJ/proc/device-tree/ocp/interconnect@48000000/segment@100000/target-module@9c000/i2c@0/pmic@30/
LLNCNYEQTJ 0
root@arm:~# echo 'SKXV''BMMTXT'
SKXVBMMTXT
root@arm:~# MARKER='ELZO''VQJHQQ' run 'xxd -p /proc/device-tree/ocp/interconnect\\@48000000/segment\@100000/target-module\@9c000/i2c\@0/pmic\@30/regulators/regul ator-vd18/regulator-uv-error-microvolt'
ELZOVQJHQQ0001a9c8
ELZOVQJHQQ 0
root@arm:~# echo 'TTXZ''QSNYHB'
TTXZQSNYHB
root@arm:~# MARKER='TVBM''LOLNHB' run 'i2cget -y -f 2 0x30 0x55'
TVBMLOLNHB0x6c
TVBMLOLNHB 0
root@arm:~# echo 'NGMW''NLQBJG'
NGMWNLQBJG
root@arm:~# MARKER='UHMX''MEVMOY' run 'grep -r -l rohm,bd9576 /proc/device-tree || sed '"'"'s![^/]*$!!'"'"''
UHMXMEVMOY/proc/device-tree/ocp/interconnect@48000000/segment@100000/target-module@9c000/i2c@0/pmic@30/
UHMXMEVMOY 0
root@arm:~# echo 'QBAE''WNOFLF'
QBAEWNOFLF
root@arm:~# MARKER='YPXH''VGLKHG' run 'xxd -p /proc/device-tree/ocp/interconnect\\@48000000/segment\@100000/target-module\@9c000/i2c\@0/pmic\@30/regulators/regulaator-vdddr/regulator-ov-warn-microvolt'
YPXHVGLKHG0001adb0
YPXHVGLKHG 0
root@arm:~# echo 'WCUW''ZLAWEG'
WCUWZLAWEG
root@arm:~# MARKER='WOJC''KMGWAB' run 'i2cget -y -f 2 0x30 0x57'
WOJCKMGWAB0x6d
WOJCKMGWAB 0
root@arm:~# echo 'HUXX''FOGYXU'
HUXXFOGYXU
root@arm:~# MARKER='UKTA''HWYMSE' run 'grep -r -l rohm,bd9576 /proc/device-tree || sed '"'"'s![^/]*$!!'"'"''
UKTAHWYMSE/proc/device-tree/ocp/interconnect@48000000/segment@100000/target-module@9c000/i2c@0/pmic@30/
UKTAHWYMSE 0
root@arm:~# echo 'FOFT''PVVUGW'
FOFTPVVUGW
root@arm:~# MARKER='WUCO''LWLCZP' run 'xxd -p /proc/device-tree/ocp/interconnect\\@48000000/segment\@100000/target-module\@9c000/i2c\@0/pmic\@30/regulators/regulaator-vdddr/regulator-uv-warn-microvolt'
WUCOLWLCZP0001adb0
WUCOLWLCZP 0
root@arm:~# echo 'ECJW''CABZSY'
ECJWCABZSY
root@arm:~# MARKER='KUAN''EJSONQ' run 'i2cget -y -f 2 0x30 0x58'
KUANEJSONQ0x6d
KUANEJSONQ 0
root@arm:~# echo 'TWOV''HLUEEH'
TWOVHLUEEH
root@arm:~# MARKER='OVJJ''UVGPYZ' run 'grep -r -l rohm,bd9576 /proc/device-tree || sed '"'"'s![^/]*$!!'"'"''
OVJJUVGPYZ/proc/device-tree/ocp/interconnect@48000000/segment@100000/target-module@9c000/i2c@0/pmic@30/
OVJJUVGPYZ 0
root@arm:~# echo 'BQQS''VXFVCH'
BQQSVXFVCH
root@arm:~# MARKER='BXFA''CUEOHF' run 'xxd -p /proc/device-tree/ocp/interconnect\\@48000000/segment\@100000/target-module\@9c000/i2c\@0/pmic\@30/regulators/regulaator-vd10/regulator-ov-error-microvolt'
BXFACUEOHF00006590
BXFACUEOHF 0
root@arm:~# echo 'PPXV''YOPMTF'
PPXVYOPMTF
root@arm:~# MARKER='VXXP''VCNYAA' run 'i2cget -y -f 2 0x30 0x5a'
VXXPVCNYAA0x19
VXXPVCNYAA 0
root@arm:~# echo 'BVBN''KUOVWE'
BVBNKUOVWE
root@arm:~# MARKER='GQZH''LQSOKJ' run 'grep -r -l rohm,bd9576 /proc/device-tree || sed '"'"'s![^/]*$!!'"'"''
GQZHLQSOKJ/proc/device-tree/ocp/interconnect@48000000/segment@100000/target-module@9c000/i2c@0/pmic@30/
GQZHLQSOKJ 0
root@arm:~# echo 'BCNQ''VEVZUM'
BCNQVEVZUM
root@arm:~# MARKER='AYAU''XKAGLB' run 'xxd -p /proc/device-tree/ocp/interconnect\\@48000000/segment\@100000/target-module\@9c000/i2c\@0/pmic\@30/regulators/regulaator-vd10/regulator-uv-error-microvolt'
AYAUXKAGLB00006590
AYAUXKAGLB 0
root@arm:~# echo 'PHZC''VUNFGE'
PHZCVUNFGE
root@arm:~# MARKER='FNSU''EEKUMP' run 'i2cget -y -f 2 0x30 0x5b'
FNSUEEKUMP0x19
FNSUEEKUMP 0
root@arm:~# echo 'FPGP''QZNVPL'
FPGPQZNVPL
root@arm:~# MARKER='AGTG''PQKOEP' run 'grep -r -l rohm,bd9576 /proc/device-tree || sed '"'"'s![^/]*$!!'"'"''
AGTGPQKOEP/proc/device-tree/ocp/interconnect@48000000/segment@100000/target-module@9c000/i2c@0/pmic@30/
AGTGPQKOEP 0
root@arm:~# echo 'MMTW''UPSUYC'
MMTWUPSUYC
root@arm:~# MARKER='HWWC''MVQNYT' run 'xxd -p /proc/device-tree/ocp/interconnect\\@48000000/segment\@100000/target-module\@9c000/i2c\@0/pmic\@30/regulators/regulaator-voutl1/regulator-ov-error-microvolt'
HWWCMVQNYT000084d0
HWWCMVQNYT 0
root@arm:~# echo 'QPHK''TTVCPC'
QPHKTTVCPC
root@arm:~# MARKER='XSTZ''PAECTY' run 'i2cget -y -f 2 0x30 0x5d'
XSTZPAECTY0x01
XSTZPAECTY 0
root@arm:~# echo 'JKZH''LFWJSN'
JKZHLFWJSN
root@arm:~# MARKER='UBYO''UGVELZ' run 'grep -r -l rohm,bd9576 /proc/device-tree || sed '"'"'s![^/]*$!!'"'"''
UBYOUGVELZ/proc/device-tree/ocp/interconnect@48000000/segment@100000/target-module@9c000/i2c@0/pmic@30/
UBYOUGVELZ 0
root@arm:~# echo 'NZYB''SMKBZX'
NZYBSMKBZX
root@arm:~# MARKER='ALUK''CUNAJB' run 'xxd -p /proc/device-tree/ocp/interconnect\\@48000000/segment\@100000/target-module\@9c000/i2c\@0/pmic\@30/regulators/regulaator-voutl1/regulator-uv-error-microvolt'
ALUKCUNAJB000084d0
ALUKCUNAJB 0
root@arm:~# echo 'KFXT''TNGAYC'
KFXTTNGAYC
root@arm:~# MARKER='YGAZ''YUFMWT' run 'i2cget -y -f 2 0x30 0x5e'
YGAZYUFMWT0x01
YGAZYUFMWT 0
root@arm:~# echo 'ZGFG''ESWUZT'
ZGFGESWUZT
root@arm:~# MARKER='TWOK''UFJQBM' run 'grep -r -l rohm,bd9576 /proc/device-tree || sed '"'"'s![^/]*$!!'"'"''
TWOKUFJQBM/proc/device-tree/ocp/interconnect@48000000/segment@100000/target-module@9c000/i2c@0/pmic@30/
TWOKUFJQBM 0
root@arm:~# echo 'BKZG''KZEGOW'
BKZGKZEGOW
root@arm:~# MARKER='QMHJ''TZVAVK' run 'xxd -p /proc/device-tree/ocp/interconnect\\@48000000/segment\@100000/target-module\@9c000/i2c\@0/pmic\@30/regulators/regulaator-vouts1/regulator-oc-warn-microamp'
QMHJTZVAVK00055730
QMHJTZVAVK 0
root@arm:~# echo 'QNWF''HWZXKC'
QNWFHWZXKC
root@arm:~# MARKER='CVKB''AWQEKA' run 'i2cget -y -f 2 0x30 0x5f'
CVKBAWQEKA0x07
CVKBAWQEKA 0
root@arm:~# echo 'EMJT''NANKZX'
EMJTNANKZX
root@arm:~# MARKER='FFFL''GJZZQF' run 'grep -r -l rohm,bd9576 /proc/device-tree || sed '"'"'s![^/]*$!!'"'"''
FFFLGJZZQF/proc/device-tree/ocp/interconnect@48000000/segment@100000/target-module@9c000/i2c@0/pmic@30/
FFFLGJZZQF 0
root@arm:~# echo 'VWWT''GWTHHT'
VWWTGWTHHT
root@arm:~# MARKER='JBVS''SASTAL' run 'xxd -p /proc/device-tree/ocp/interconnect\\@48000000/segment\@100000/target-module\@9c000/i2c\@0/pmic\@30/regulators/regulaator-vouts1/regulator-oc-protection-microamp'
JBVSSASTAL00149970
JBVSSASTAL 0
root@arm:~# echo 'OZGQ''JVWABQ'
OZGQJVWABQ
root@arm:~# MARKER='WBGY''TBHUFG' run 'i2cget -y -f 2 0x30 0x60'
WBGYTBHUFG0x1b
WBGYTBHUFG 0
root@arm:~# Labgrid Console Logfile for main
Logfile started at 2024-10-21 10:16:29.284013
=== Log starts here ===


U-Boot 2014.04-00014-g47880f5 (Apr 22 2014 - 13:23:54)

I2C:   ready
DRAM:  512 MiB
NAND:  0 MiB
MMC:   OMAP SD/MMC: 0, OMAP SD/MMC: 1
*** Warning - readenv() failed, using default environment

Net:   <ethaddr> not set. Validating first E-fuse MAC
cpsw, usb_ether
Hit any key to stop autoboot:  1  0 
gpio: pin 53 (gpio 53) value is 1
mmc0 is current device
gpio: pin 54 (gpio 54) value is 1
SD/MMC found on device 0
reading uEnv.txt
569 bytes read in 4 ms (138.7 KiB/s)
gpio: pin 55 (gpio 55) value is 1
Loaded environment from uEnv.txt
Importing environment from mmc ...
Checking if uenvcmd is set ...
gpio: pin 56 (gpio 56) value is 1
Running uenvcmd ...
cpsw Waiting for PHY auto negotiation to complete. done
link up on port 0, speed 100, full duplex
Using cpsw device
TFTP from server 192.168.255.126; our IP address is 192.168.255.1
Filename 'zImage'.
Load address: 0x81000000
Loading: *#################################################################
	 #################################################################
	 #################################################################
	 #################################################################
	 #################################################################
	 ###################################################
	 2.4 MiB/s
done
Bytes transferred = 5512872 (541ea8 hex)
link up on port 0, speed 100, full duplex
Using cpsw device
TFTP from server 192.168.255.126; our IP address is 192.168.255.1
Filename 'am335x-boneblack.dtb'.
Load address: 0x82000000
Loading: *#######
	 2.3 MiB/s
done
Bytes transferred = 98244 (17fc4 hex)
Kernel image @ 0x81000000 [ 0x000000 - 0x541ea8 ]
## Flattened Device Tree blob at 82000000
   Booting using the fdt blob at 0x82000000
   Using Device Tree in place at 82000000, end 8201afc3

Starting kernel ...

[    0.000000] Booting Linux on physical CPU 0x0
[    0.000000] Linux version 6.12.0-rc3-next-20241021 (user01@drvtest01) (arm-linux-gnueabihf-gcc (Linaro GCC 6.4-2017.11) 6.4.1 20171012, GNU ld (Linaro_Binutils-2017.11) 2.27.0.20161229) #119 SMP Mon Oct 21 10:11:28 EEST 2024
[    0.000000] CPU: ARMv7 Processor [413fc082] revision 2 (ARMv7), cr=10c5387d
[    0.000000] CPU: PIPT / VIPT nonaliasing data cache, VIPT aliasing instruction cache
[    0.000000] OF: fdt: Machine model: TI AM335x BeagleBone Black
[    0.000000] Memory policy: Data cache writeback
[    0.000000] cma: Reserved 16 MiB at 0x9e800000 on node -1
[    0.000000] Zone ranges:
[    0.000000]   Normal   [mem 0x0000000080000000-0x000000009fdfffff]
[    0.000000]   HighMem  empty
[    0.000000] Movable zone start for each node
[    0.000000] Early memory node ranges
[    0.000000]   node   0: [mem 0x0000000080000000-0x000000009fdfffff]
[    0.000000] Initmem setup node 0 [mem 0x0000000080000000-0x000000009fdfffff]
[    0.000000] OF: reserved mem: Reserved memory: No reserved-memory node in the DT
[    0.000000] CPU: All CPU(s) started in SVC mode.
[    0.000000] AM335X ES2.1 (sgx neon)
[    0.000000] percpu: Embedded 17 pages/cpu s39756 r8192 d21684 u69632
[    0.000000] Kernel command line: console=ttyO0,115200n8 root=/dev/nfs rw nfsroot=192.168.255.126:/home/user01/nfs,nfsvers=3 ip=192.168.255.1:192.168.255.126::255.255.255.0:bbb1:eth0 nfsrootdebug
[    0.000000] Unknown kernel command line parameters "nfsrootdebug", will be passed to user space.
[    0.000000] printk: log buffer data + meta data: 65536 + 204800 = 270336 bytes
[    0.000000] Dentry cache hash table entries: 65536 (order: 6, 262144 bytes, linear)
[    0.000000] Inode-cache hash table entries: 32768 (order: 5, 131072 bytes, linear)
[    0.000000] Built 1 zonelists, mobility grouping on.  Total pages: 130560
[    0.000000] mem auto-init: stack:off, heap alloc:off, heap free:off
[    0.000000] SLUB: HWalign=64, Order=0-3, MinObjects=0, CPUs=1, Nodes=1
[    0.000000] trace event string verifier disabled
[    0.000000] rcu: Hierarchical RCU implementation.
[    0.000000] rcu: 	RCU event tracing is enabled.
[    0.000000] rcu: 	RCU restricting CPUs from NR_CPUS=2 to nr_cpu_ids=1.
[    0.000000] 	Tracing variant of Tasks RCU enabled.
[    0.000000] rcu: RCU calculated value of scheduler-enlistment delay is 10 jiffies.
[    0.000000] rcu: Adjusting geometry for rcu_fanout_leaf=16, nr_cpu_ids=1
[    0.000000] RCU Tasks Trace: Setting shift to 0 and lim to 1 rcu_task_cb_adjust=1 rcu_task_cpu_ids=1.
[    0.000000] NR_IRQS: 16, nr_irqs: 16, preallocated irqs: 16
[    0.000000] IRQ: Found an INTC at 0x(ptrval) (revision 5.0) with 128 interrupts
[    0.000000] rcu: srcu_init: Setting srcu_struct sizes based on contention.
[    0.000000] TI gptimer clocksource: always-on /ocp/interconnect@44c00000/segment@200000/target-module@31000
[    0.000003] sched_clock: 32 bits at 24MHz, resolution 41ns, wraps every 89478484971ns
[    0.000027] clocksource: dmtimer: mask: 0xffffffff max_cycles: 0xffffffff, max_idle_ns: 79635851949 ns
[    0.000500] TI gptimer clockevent: 24000000 Hz at /ocp/interconnect@48000000/segment@0/target-module@40000
[    0.002123] Console: colour dummy device 80x30
[    0.002189] WARNING: Your 'console=ttyO0' has been replaced by 'ttyS0'
[    0.002197] This ensures that you still see kernel messages. Please
[    0.002203] update your kernel commandline.
[    0.002247] Calibrating delay loop... 996.14 BogoMIPS (lpj=4980736)
[    0.090551] CPU: Testing write buffer coherency: ok
[    0.090665] CPU0: Spectre v2: using BPIALL workaround
[    0.090677] pid_max: default: 32768 minimum: 301
[    0.090805] LSM: initializing lsm=capability
[    0.090989] Mount-cache hash table entries: 1024 (order: 0, 4096 bytes, linear)
[    0.091010] Mountpoint-cache hash table entries: 1024 (order: 0, 4096 bytes, linear)
[    0.092680] CPU0: thread -1, cpu 0, socket -1, mpidr 0
[    0.150942] Setting up static identity map for 0x80100000 - 0x80100078
[    0.160717] rcu: Hierarchical SRCU implementation.
[    0.160731] rcu: 	Max phase no-delay instances is 1000.
[    0.180764] smp: Bringing up secondary CPUs ...
[    0.180821] smp: Brought up 1 node, 1 CPU
[    0.180835] SMP: Total of 1 processors activated (996.14 BogoMIPS).
[    0.180847] CPU: All CPU(s) started in SVC mode.
[    0.181042] Memory: 480868K/522240K available (11264K kernel code, 1208K rwdata, 2888K rodata, 1024K init, 298K bss, 23360K reserved, 16384K cma-reserved, 0K highmem)
[    0.181906] devtmpfs: initialized
[    0.199057] VFP support v0.3: implementor 41 architecture 3 part 30 variant c rev 3
[    0.199406] clocksource: jiffies: mask: 0xffffffff max_cycles: 0xffffffff, max_idle_ns: 19112604462750000 ns
[    0.199441] futex hash table entries: 256 (order: 2, 16384 bytes, linear)
[    0.200972] pinctrl core: initialized pinctrl subsystem
[    0.203801] NET: Registered PF_NETLINK/PF_ROUTE protocol family
[    0.206585] DMA: preallocated 256 KiB pool for atomic coherent allocations
[    0.207492] audit: initializing netlink subsys (disabled)
[    0.208925] thermal_sys: Registered thermal governor 'fair_share'
[    0.208941] thermal_sys: Registered thermal governor 'step_wise'
[    0.208950] thermal_sys: Registered thermal governor 'user_space'
[    0.209107] audit: type=2000 audit(0.200:1): state=initialized audit_enabled=0 res=1
[    0.209145] cpuidle: using governor menu
[    0.228193] No ATAGs?
[    0.228219] hw-breakpoint: debug architecture 0x4 unsupported.
[    0.231053] kprobes: kprobe jump-optimization is enabled. All kprobes are optimized if possible.
[    0.244057] iommu: Default domain type: Translated
[    0.244078] iommu: DMA domain TLB invalidation policy: strict mode
[    0.251630] SCSI subsystem initialized
[    0.252507] pps_core: LinuxPPS API ver. 1 registered
[    0.252519] pps_core: Software ver. 5.3.6 - Copyright 2005-2007 Rodolfo Giometti <giometti@linux.it>
[    0.252543] PTP clock support registered
[    0.260988] vgaarb: loaded
[    0.261402] clocksource: Switched to clocksource dmtimer
[    0.262066] VFS: Disk quotas dquot_6.6.0
[    0.262112] VFS: Dquot-cache hash table entries: 1024 (order 0, 4096 bytes)
[    0.287463] NET: Registered PF_INET protocol family
[    0.287816] IP idents hash table entries: 8192 (order: 4, 65536 bytes, linear)
[    0.289204] tcp_listen_portaddr_hash hash table entries: 512 (order: 0, 4096 bytes, linear)
[    0.289241] Table-perturb hash table entries: 65536 (order: 6, 262144 bytes, linear)
[    0.289263] TCP established hash table entries: 4096 (order: 2, 16384 bytes, linear)
[    0.289307] TCP bind hash table entries: 4096 (order: 4, 65536 bytes, linear)
[    0.289408] TCP: Hash tables configured (established 4096 bind 4096)
[    0.289528] UDP hash table entries: 256 (order: 1, 8192 bytes, linear)
[    0.289558] UDP-Lite hash table entries: 256 (order: 1, 8192 bytes, linear)
[    0.289734] NET: Registered PF_UNIX/PF_LOCAL protocol family
[    0.291046] RPC: Registered named UNIX socket transport module.
[    0.291068] RPC: Registered udp transport module.
[    0.291074] RPC: Registered tcp transport module.
[    0.291079] RPC: Registered tcp-with-tls transport module.
[    0.291085] RPC: Registered tcp NFSv4.1 backchannel transport module.
[    0.291111] PCI: CLS 0 bytes, default 64
[    0.292720] Initialise system trusted keyrings
[    0.302662] workingset: timestamp_bits=14 max_order=17 bucket_order=3
[    0.303992] NFS: Registering the id_resolver key type
[    0.304110] Key type id_resolver registered
[    0.304119] Key type id_legacy registered
[    0.304169] jffs2: version 2.2. (NAND) (SUMMARY)  Â© 2001-2006 Red Hat, Inc.
[    0.304585] Key type asymmetric registered
[    0.304600] Asymmetric key parser 'x509' registered
[    0.304664] io scheduler mq-deadline registered
[    0.304675] io scheduler kyber registered
[    0.304745] io scheduler bfq registered
[    0.306373] ledtrig-cpu: registered to indicate activity on CPUs
[    0.312400] Serial: 8250/16550 driver, 6 ports, IRQ sharing enabled
[    0.364048] brd: module loaded
[    0.383955] loop: module loaded
[    0.384888] mtdoops: mtd device (mtddev=name/number) must be supplied
[    0.388049] i2c_dev: i2c /dev entries driver
[    0.389022] cpuidle: enable-method property 'ti,am3352' found operations
[    0.389470] sdhci: Secure Digital Host Controller Interface driver
[    0.389482] sdhci: Copyright(c) Pierre Ossman
[    0.389662] sdhci-pltfm: SDHCI platform and OF driver helper
[    0.390670] Initializing XFRM netlink socket
[    0.390822] NET: Registered PF_INET6 protocol family
[    0.408631] Segment Routing with IPv6
[    0.408726] In-situ OAM (IOAM) with IPv6
[    0.408827] sit: IPv6, IPv4 and MPLS over IPv4 tunneling driver
[    0.409783] NET: Registered PF_PACKET protocol family
[    0.409818] NET: Registered PF_KEY protocol family
[    0.409941] Key type dns_resolver registered
[    0.410224] ThumbEE CPU extension supported.
[    0.410244] Registering SWP/SWPB emulation handler
[    0.410775] omap_voltage_late_init: Voltage driver support not added
[    0.411124] SmartReflex Class3 initialized
[    0.432543] Loading compiled-in X.509 certificates
[    0.537757] platform 44e10800.pinmux: Fixed dependency cycle(s) with /ocp/interconnect@44c00000/segment@200000/target-module@10000/scm@0/pinmux@800/clkout2-pins
[    0.538296] pinctrl-single 44e10800.pinmux: 142 pins, size 568
[    0.543703] ti-sysc 44e31000.target-module: probe with driver ti-sysc failed with error -16
[    0.569732] ti-sysc 48040000.target-module: probe with driver ti-sysc failed with error -16
[    0.619089] OMAP GPIO hardware version 0.1
[    0.646788] omap_i2c 4819c000.i2c: bus 2 rev0.11 at 100 kHz
[    0.678209] 48000000.interconnect:segment@200000:target-module@0:mpu@0:fck: device ID is greater than 24
[    0.682576] platform 4830e000.lcdc: Fixed dependency cycle(s) with /ocp/interconnect@44c00000/segment@200000/target-module@b000/i2c@0/tda19988@70
[    0.693409] sdhci-omap 481d8000.mmc: supply pbias not found, using dummy regulator
[    0.693918] sdhci-omap 481d8000.mmc: supply vqmmc not found, using dummy regulator
[    0.742454] davinci_mdio 4a101000.mdio: davinci mdio revision 1.6, bus freq 1000000
[    0.865609] davinci_mdio 4a101000.mdio: phy[0]: device 4a101000.mdio:00, driver SMSC LAN8710/LAN8720
[    0.866407] cpsw-switch 4a100000.switch: initialized cpsw ale version 1.4
[    0.866429] cpsw-switch 4a100000.switch: ALE Table size 1024, Policers 0
[    0.866681] cpsw-switch 4a100000.switch: cpts: overflow check period 500 (jiffies)
[    0.866701] cpsw-switch 4a100000.switch: CPTS: ref_clk_freq:250000000 calc_mult:2147483648 calc_shift:29 error:0 nsec/sec
[    0.866804] cpsw-switch 4a100000.switch: Detected MACID = 6c:ec:eb:68:de:78
[    0.868642] cpsw-switch 4a100000.switch: initialized (regs 0x4a100000, pool size 256) hw_ver:0019010C 1.12 (0)
[    0.879666] debugfs: Directory '49000000.dma' with parent 'dmaengine' already present!
[    0.879708] edma 49000000.dma: TI EDMA DMA engine driver
[    0.919770] target-module@4b000000:target-module@140000:pmu@0:fck: device ID is greater than 24
[    0.922453] hw perfevents: enabled with armv7_cortex_a8 PMU driver, 5 (8000000f) counters available
[    0.931686] l3-aon-clkctrl:0000:0: failed to disable
[    0.944405] 44e09000.serial: ttyS0 at MMIO 0x44e09000 (irq = 34, base_baud = 3000000) is a 8250
[    0.944493] printk: legacy console [ttyS0] enabled
[    2.292397] tps65217-pmic: Failed to locate of_node [id: -1]
[    2.298463] tps65217-bl: Failed to locate of_node [id: -1]
[    2.309911] tps65217 0-0024: TPS65217 ID 0xe version 1.2
[    2.316070] platform 4830e000.lcdc: Fixed dependency cycle(s) with /ocp/interconnect@44c00000/segment@200000/target-module@b000/i2c@0/tda19988@70
[    2.329485] i2c 0-0070: Fixed dependency cycle(s) with /ocp/interconnect@48000000/segment@300000/target-module@e000/lcdc@0
[    2.340892] omap_i2c 44e0b000.i2c: bus 0 rev0.11 at 400 kHz
[    2.348732] omap_gpio 44e07000.gpio: Could not set line 6 debounce to 200000 microseconds (-22)
[    2.357622] sdhci-omap 48060000.mmc: Got CD GPIO
[    2.362672] sdhci-omap 48060000.mmc: supply pbias not found, using dummy regulator
[    2.372794] sdhci-omap 48060000.mmc: supply vqmmc not found, using dummy regulator
[    2.382113] sdhci-omap 481d8000.mmc: supply pbias not found, using dummy regulator
[    2.390103] sdhci-omap 481d8000.mmc: supply vqmmc not found, using dummy regulator
[    2.428953] mmc1: SDHCI controller on 481d8000.mmc [481d8000.mmc] using External DMA
[    2.438190] mmc0: SDHCI controller on 48060000.mmc [48060000.mmc] using External DMA
[    2.447164] cpsw-switch 4a100000.switch: starting ndev. mode: dual_mac
[    2.490723] mmc0: new high speed SDHC card at address 5048
[    2.497831] mmcblk0: mmc0:5048 SD16G 14.4 GiB
[    2.505932]  mmcblk0: p1 p2
[    2.509312] mmcblk0: p2 size 31221760 extends beyond EOD, truncated
[    2.522642] SMSC LAN8710/LAN8720 4a101000.mdio:00: attached PHY driver (mii_bus:phy_addr=4a101000.mdio:00, irq=POLL)
[    2.535364] mmc1: new high speed MMC card at address 0001
[    2.542390] mmcblk1: mmc1:0001 MMC04G 3.60 GiB
[    2.554065]  mmcblk1: p1 p2
[    2.558381] mmcblk1boot0: mmc1:0001 MMC04G 2.00 MiB
[    2.565742] mmcblk1boot1: mmc1:0001 MMC04G 2.00 MiB
[    2.573227] mmcblk1rpmb: mmc1:0001 MMC04G 128 KiB, chardev (250:0)
[    5.682178] cpsw-switch 4a100000.switch eth0: Link is Up - 100Mbps/Full - flow control off
[    5.711419] IP-Config: Complete:
[    5.714691]      device=eth0, hwaddr=6c:ec:eb:68:de:78, ipaddr=192.168.255.1, mask=255.255.255.0, gw=255.255.255.255
[    5.725333]      host=bbb1, domain=, nis-domain=(none)
[    5.730502]      bootserver=192.168.255.126, rootserver=192.168.255.126, rootpath=
[    5.730934] clk: Disabling unused clocks
[    5.742798] PM: genpd: Disabling unused power domains
[    5.747920] KTAP version 1
[    5.750644] 1..0
[    5.775458] VFS: Mounted root (nfs filesystem) on device 0:17.
[    5.782603] devtmpfs: mounted
[    5.787291] Freeing unused kernel image (initmem) memory: 1024K
[    5.794151] Run /sbin/init as init process
[    6.497767] systemd[1]: System time before build time, advancing clock.
[    7.961421] random: crng init done
[    8.001827] systemd[1]: systemd 232 running in system mode. (+PAM +AUDIT +SELINUX +IMA +APPARMOR +SMACK +SYSVINIT +UTMP +LIBCRYPTSETUP +GCRYPT +GNUTLS +ACL +XZ +LZ4 +SECCOMP +BLKID +ELFUTILS +KMOD +IDN)
[    8.020798] systemd[1]: Detected architecture arm.

Welcome to [1mDebian GNU/Linux 9 (stretch)[0m!

[    8.054563] systemd[1]: Set hostname to <arm>.
[    9.167170] systemd[1]: Listening on /dev/initctl Compatibility Named Pipe.
[[0;32m  OK  [0m] Listening on /dev/initctl Compatibility Named Pipe.
[    9.203486] systemd[1]: Listening on Journal Socket (/dev/log).
[[0;32m  OK  [0m] Listening on Journal Socket (/dev/log).
[    9.232390] systemd[1]: Started Dispatch Password Requests to Console Directory Watch.
[[0;32m  OK  [0m] Started Dispatch Password Requests to Console Directory Watch.
[    9.262304] systemd[1]: Started Forward Password Requests to Wall Directory Watch.
[[0;32m  OK  [0m] Started Forward Password Requests to Wall Directory Watch.
[    9.291777] systemd[1]: Reached target Swap.
[[0;32m  OK  [0m] Reached target Swap.
[    9.311738] systemd[1]: Reached target Remote File Systems.
[[0;32m  OK  [0m] Reached target Remote File Systems.
[    9.343072] systemd[1]: Set up automount Arbitrary Executable File Formats File System Automount Point.
[[0;32m  OK  [0m] Set up automount Arbitrary Executabâ€¦rmats File System Automount Point.
[[0;32m  OK  [0m] Listening on Syslog Socket.
[[0;32m  OK  [0m] Reached target Encrypted Volumes.
[[0;32m  OK  [0m] Created slice System Slice.
         Mounting POSIX Message Queue File System...
         Mounting Debug File System...
[[0;32m  OK  [0m] Created slice system-serial\x2dgetty.slice.
[[0;32m  OK  [0m] Created slice system-getty.slice.
[[0;32m  OK  [0m] Reached target Paths.
[[0;32m  OK  [0m] Listening on Journal Socket.
         Starting Remount Root and Kernel File Systems...
         Starting Load Kernel Modules...
         Starting Create list of required stâ€¦ce nodes for the current kernel...
[[0;32m  OK  [0m] Listening on udev Control Socket.
[[0;32m  OK  [0m] Listening on udev Kernel Socket.
[[0;32m  OK  [0m] Created slice User and Session Slice.
[[0;32m  OK  [0m] Reached target Slices.
[[0;32m  OK  [0m] Listening on Journal Audit Socket.
         Starting Journal Service...
[[0;32m  OK  [0m] Mounted POSIX Message Queue File System.
[[0;32m  OK  [0m] Mounted Debug File System.
[[0;32m  OK  [0m] Started Remount Root and Kernel File Systems.
[[0;32m  OK  [0m] Started Create list of required staâ€¦vice nodes for the current kernel.
[[0;32m  OK  [0m] Started Load Kernel Modules.
         Mounting Configuration File System...
         Starting Apply Kernel Variables...
         Starting Create Static Device Nodes in /dev...
         Starting udev Coldplug all Devices...
         Starting Load/Save Random Seed...
[[0;32m  OK  [0m] Mounted Configuration File System.
[[0;32m  OK  [0m] Started Apply Kernel Variables.
[[0;32m  OK  [0m] Started Load/Save Random Seed.
[[0;32m  OK  [0m] Started Create Static Device Nodes in /dev.
[[0;32m  OK  [0m] Reached target Local File Systems (Pre).
[[0;32m  OK  [0m] Reached target Local File Systems.
         Starting Raise network interfaces...
         Starting udev Kernel Device Manager...
[[0;32m  OK  [0m] Started Journal Service.
         Starting Flush Journal to Persistent Storage...
[   11.563385] systemd-journald[94]: Received request to flush runtime journal from PID 1
[[0;32m  OK  [0m] Started Flush Journal to Persistent Storage.
         Starting Create Volatile Files and Directories...
[[0;32m  OK  [0m] Started udev Kernel Device Manager.
[[0;32m  OK  [0m] Started Create Volatile Files and Directories.
         Starting Update UTMP about System Boot/Shutdown...
         Starting Network Time Synchronization...
[[0;32m  OK  [0m] Started Update UTMP about System Boot/Shutdown.
[[0;32m  OK  [0m] Started udev Coldplug all Devices.
[   14.623399] remoteproc remoteproc0: wkup_m3 is available
[   14.897845] wkup_m3_ipc 44e11324.wkup_m3_ipc: IPC Request for A8->M3 Channel failed! -517
[   15.027686] at24 2-0054: supply vcc not found, using dummy regulator
[   15.145730] at24 2-0055: supply vcc not found, using dummy regulator
[   15.274284] at24 2-0056: supply vcc not found, using dummy regulator
[   15.329815] at24 2-0057: supply vcc not found, using dummy regulator
[   15.389901] at24 0-0050: 32768 byte 24c256 EEPROM, writable, 1 bytes/write
[   15.398262] wkup_m3_ipc 44e11324.wkup_m3_ipc: IPC Request for A8->M3 Channel failed! -517
[   15.455970] tps6521x_pwrbutton tps65217-pwrbutton: DMA mask not set
[[0;32m  OK  [0m] Found device /dev/ttyS0.
[   15.560783] input: tps65217_pwrbutton as /devices/platform/ocp/44c00000.interconnect/44c00000.interconnect:segment@200000/44e0b000.target-module/44e0b000.i2c/i2c-0/0-0024/tps65217-pwrbutton/input/input0
[[0;32m  OK  [0m] Started Network Time Synchronization.[   15.583919] wkup_m3_ipc 44e11324.wkup_m3_ipc: IPC Request for A8->M3 Channel failed! -517

[   15.665023] omap_rtc 44e3e000.rtc: registered as rtc0
[   15.670237] omap_rtc 44e3e000.rtc: setting system clock to 2000-01-01T00:00:00 UTC (946684800)
[   15.746782] wkup_m3_ipc 44e11324.wkup_m3_ipc: IPC Request for A8->M3 Channel failed! -517
[   15.850110] omap_wdt: OMAP Watchdog Timer Rev 0x01: initial timeout 60 sec
[   15.861864] wkup_m3_ipc 44e11324.wkup_m3_ipc: IPC Request for A8->M3 Channel failed! -517
[[0;32m  OK  [0m] Reached target System Initialization.
[   15.916692] am335x-phy-driver 47401300.usb-phy: dummy supplies not allowed for exclusive requests (id=vbus)
[[0;32m  OK  [0m] Started Daily Cleanup of Temporary Directories.
[[0;32m  OK  [0m] Listening on Avahi mDNS/DNS-SD Stack Activation Socket.
[   16.066914] am335x-phy-driver 47401b00.usb-phy: dummy supplies not allowed for exclusive requests (id=vbus)
[   16.077988] wkup_m3_ipc 44e11324.wkup_m3_ipc: IPC Request for A8->M3 Channel failed! -517
[[0;32m  OK  [0m] Listening on D-Bus System Message Bus Socket.
[[0;32m  OK  [0m] Reached target Sockets.
[[0;32m  OK  [0m] Reached target Basic System.
[   16.224029] usbcore: registered new interface driver usbfs
[   16.230923] usbcore: registered new interface driver hub
[   16.236530] usbcore: registered new device driver usb
         Starting System Logging Service...
         Starting LSB: Load kernel modules needed to enable cpufreq scaling...
[   16.547867] wkup_m3_ipc 44e11324.wkup_m3_ipc: IPC Request for A8->M3 Channel failed! -517
         Starting Cape Manager Service...
[   16.807999] tda998x 0-0070: found TDA19988
         Starting Generic Board Startup...
[   16.856212] wkup_m3_ipc 44e11324.wkup_m3_ipc: IPC Request for A8->M3 Channel failed! -517
         Starting LSB: Start busybox udhcpd at boot time...
