Labgrid Console Logfile for main
Logfile started at 2024-11-20 08:46:58.964055
=== Log starts here ===

U-Boot SPL 2014.04-00014-g47880f5 (Apr 22 2014 - 13:23:54)
reading args
spl_load_image_fat_os: error reading image args, err - -1
reading u-boot.img
reading u-boot.img


U-Boot 2014.04-00014-g47880f5 (Apr 22 2014 - 13:23:54)

I2C:   ready
DRAM:  512 MiB
NAND:  0 MiB
MMC:   OMAP SD/MMC: 0, OMAP SD/MMC: 1
*** Warning - readenv() failed, using default environment

Net:   <ethaddr> not set. Validating first E-fuse MAC
cpsw, usb_ether
Hit any key to stop autoboot:  1  0 
gpio: pin 53 (gpio 53) value is 1
mmc0 is current device
gpio: pin 54 (gpio 54) value is 1
SD/MMC found on device 0
reading uEnv.txt
569 bytes read in 3 ms (184.6 KiB/s)
gpio: pin 55 (gpio 55) value is 1
Loaded environment from uEnv.txt
Importing environment from mmc ...
Checking if uenvcmd is set ...
gpio: pin 56 (gpio 56) value is 1
Running uenvcmd ...
cpsw Waiting for PHY auto negotiation to complete. done
link up on port 0, speed 100, full duplex
Using cpsw device
TFTP from server 192.168.255.126; our IP address is 192.168.255.1
Filename 'zImage'.
Load address: 0x81000000
Loading: *#################################################################
	 #################################################################
	 #################################################################
	 #################################################################
	 #################################################################
	 #####################################################
	 2.4 MiB/s
done
Bytes transferred = 5538984 (5484a8 hex)
link up on port 0, speed 100, full duplex
Using cpsw device
TFTP from server 192.168.255.126; our IP address is 192.168.255.1
Filename 'am335x-boneblack.dtb'.
Load address: 0x82000000
Loading: *#######
	 1.3 MiB/s
done
Bytes transferred = 98244 (17fc4 hex)
Kernel image @ 0x81000000 [ 0x000000 - 0x5484a8 ]
## Flattened Device Tree blob at 82000000
   Booting using the fdt blob at 0x82000000
   Using Device Tree in place at 82000000, end 8201afc3

Starting kernel ...

[    0.000000] Booting Linux on physical CPU 0x0
[    0.000000] Linux version 6.12.0-next-20241120 (user01@drvtest01) (arm-linux-gnueabihf-gcc (Linaro GCC 6.4-2017.11) 6.4.1 20171012, GNU ld (Linaro_Binutils-2017.11) 2.27.0.20161229) #141 SMP Wed Nov 20 08:45:59 EET 2024
[    0.000000] CPU: ARMv7 Processor [413fc082] revision 2 (ARMv7), cr=10c5387d
[    0.000000] CPU: PIPT / VIPT nonaliasing data cache, VIPT aliasing instruction cache
[    0.000000] OF: fdt: Machine model: TI AM335x BeagleBone Black
[    0.000000] Memory policy: Data cache writeback
[    0.000000] cma: Reserved 16 MiB at 0x9e800000 on node -1
[    0.000000] Zone ranges:
[    0.000000]   Normal   [mem 0x0000000080000000-0x000000009fdfffff]
[    0.000000]   HighMem  empty
[    0.000000] Movable zone start for each node
[    0.000000] Early memory node ranges
[    0.000000]   node   0: [mem 0x0000000080000000-0x000000009fdfffff]
[    0.000000] Initmem setup node 0 [mem 0x0000000080000000-0x000000009fdfffff]
[    0.000000] OF: reserved mem: Reserved memory: No reserved-memory node in the DT
[    0.000000] CPU: All CPU(s) started in SVC mode.
[    0.000000] AM335X ES2.1 (sgx neon)
[    0.000000] percpu: Embedded 17 pages/cpu s39564 r8192 d21876 u69632
[    0.000000] Kernel command line: console=ttyO0,115200n8 root=/dev/nfs rw nfsroot=192.168.255.126:/home/user01/nfs,nfsvers=3 ip=192.168.255.1:192.168.255.126::255.255.255.0:bbb1:eth0 nfsrootdebug
[    0.000000] Unknown kernel command line parameters "nfsrootdebug", will be passed to user space.
[    0.000000] printk: log buffer data + meta data: 65536 + 204800 = 270336 bytes
[    0.000000] Dentry cache hash table entries: 65536 (order: 6, 262144 bytes, linear)
[    0.000000] Inode-cache hash table entries: 32768 (order: 5, 131072 bytes, linear)
[    0.000000] Built 1 zonelists, mobility grouping on.  Total pages: 130560
[    0.000000] mem auto-init: stack:off, heap alloc:off, heap free:off
[    0.000000] SLUB: HWalign=64, Order=0-3, MinObjects=0, CPUs=1, Nodes=1
[    0.000000] trace event string verifier disabled
[    0.000000] rcu: Hierarchical RCU implementation.
[    0.000000] rcu: 	RCU event tracing is enabled.
[    0.000000] rcu: 	RCU restricting CPUs from NR_CPUS=2 to nr_cpu_ids=1.
[    0.000000] 	Tracing variant of Tasks RCU enabled.
[    0.000000] rcu: RCU calculated value of scheduler-enlistment delay is 10 jiffies.
[    0.000000] rcu: Adjusting geometry for rcu_fanout_leaf=16, nr_cpu_ids=1
[    0.000000] RCU Tasks Trace: Setting shift to 0 and lim to 1 rcu_task_cb_adjust=1 rcu_task_cpu_ids=1.
[    0.000000] NR_IRQS: 16, nr_irqs: 16, preallocated irqs: 16
[    0.000000] IRQ: Found an INTC at 0x(ptrval) (revision 5.0) with 128 interrupts
[    0.000000] rcu: srcu_init: Setting srcu_struct sizes based on contention.
[    0.000000] TI gptimer clocksource: always-on /ocp/interconnect@44c00000/segment@200000/target-module@31000
[    0.000003] sched_clock: 32 bits at 24MHz, resolution 41ns, wraps every 89478484971ns
[    0.000026] clocksource: dmtimer: mask: 0xffffffff max_cycles: 0xffffffff, max_idle_ns: 79635851949 ns
[    0.000504] TI gptimer clockevent: 24000000 Hz at /ocp/interconnect@48000000/segment@0/target-module@40000
[    0.002145] Console: colour dummy device 80x30
[    0.002211] WARNING: Your 'console=ttyO0' has been replaced by 'ttyS0'
[    0.002219] This ensures that you still see kernel messages. Please
[    0.002224] update your kernel commandline.
[    0.002265] Calibrating delay loop... 996.14 BogoMIPS (lpj=4980736)
[    0.090555] CPU: Testing write buffer coherency: ok
[    0.090656] CPU0: Spectre v2: using BPIALL workaround
[    0.090667] pid_max: default: 32768 minimum: 301
[    0.090788] LSM: initializing lsm=capability
[    0.090962] Mount-cache hash table entries: 1024 (order: 0, 4096 bytes, linear)
[    0.090982] Mountpoint-cache hash table entries: 1024 (order: 0, 4096 bytes, linear)
[    0.092654] CPU0: thread -1, cpu 0, socket -1, mpidr 0
[    0.160938] Setting up static identity map for 0x80100000 - 0x80100078
[    0.170711] rcu: Hierarchical SRCU implementation.
[    0.170724] rcu: 	Max phase no-delay instances is 1000.
[    0.190769] smp: Bringing up secondary CPUs ...
[    0.190826] smp: Brought up 1 node, 1 CPU
[    0.190842] SMP: Total of 1 processors activated (996.14 BogoMIPS).
[    0.190855] CPU: All CPU(s) started in SVC mode.
[    0.191048] Memory: 480840K/522240K available (11264K kernel code, 1213K rwdata, 2896K rodata, 1024K init, 297K bss, 23388K reserved, 16384K cma-reserved, 0K highmem)
[    0.191926] devtmpfs: initialized
[    0.208931] VFP support v0.3: implementor 41 architecture 3 part 30 variant c rev 3
[    0.209284] clocksource: jiffies: mask: 0xffffffff max_cycles: 0xffffffff, max_idle_ns: 19112604462750000 ns
[    0.209318] futex hash table entries: 256 (order: 2, 16384 bytes, linear)
[    0.210841] pinctrl core: initialized pinctrl subsystem
[    0.213684] NET: Registered PF_NETLINK/PF_ROUTE protocol family
[    0.216519] DMA: preallocated 256 KiB pool for atomic coherent allocations
[    0.217414] audit: initializing netlink subsys (disabled)
[    0.218852] thermal_sys: Registered thermal governor 'fair_share'
[    0.218869] thermal_sys: Registered thermal governor 'step_wise'
[    0.218878] thermal_sys: Registered thermal governor 'user_space'
[    0.219032] audit: type=2000 audit(0.210:1): state=initialized audit_enabled=0 res=1
[    0.219070] cpuidle: using governor menu
[    0.237398] /ocp/interconnect@44c00000/segment@200000/target-module@b000/i2c@0/tda19988@70: Fixed dependency cycle(s) with /ocp/interconnect@48000000/segment@300000/target-module@e000/lcdc@0
[    0.238558] /ocp/interconnect@48000000/segment@300000/target-module@e000/lcdc@0: Fixed dependency cycle(s) with /ocp/interconnect@44c00000/segment@200000/target-module@b000/i2c@0/tda19988@70
[    0.240923] No ATAGs?
[    0.240944] hw-breakpoint: debug architecture 0x4 unsupported.
[    0.243734] kprobes: kprobe jump-optimization is enabled. All kprobes are optimized if possible.
[    0.254412] iommu: Default domain type: Translated
[    0.254435] iommu: DMA domain TLB invalidation policy: strict mode
[    0.262779] SCSI subsystem initialized
[    0.263655] pps_core: LinuxPPS API ver. 1 registered
[    0.263665] pps_core: Software ver. 5.3.6 - Copyright 2005-2007 Rodolfo Giometti <giometti@linux.it>
[    0.263689] PTP clock support registered
[    0.271289] vgaarb: loaded
[    0.271708] clocksource: Switched to clocksource dmtimer
[    0.272373] VFS: Disk quotas dquot_6.6.0
[    0.272420] VFS: Dquot-cache hash table entries: 1024 (order 0, 4096 bytes)
[    0.297399] NET: Registered PF_INET protocol family
[    0.297760] IP idents hash table entries: 8192 (order: 4, 65536 bytes, linear)
[    0.299185] tcp_listen_portaddr_hash hash table entries: 512 (order: 0, 4096 bytes, linear)
[    0.299222] Table-perturb hash table entries: 65536 (order: 6, 262144 bytes, linear)
[    0.299239] TCP established hash table entries: 4096 (order: 2, 16384 bytes, linear)
[    0.299283] TCP bind hash table entries: 4096 (order: 4, 65536 bytes, linear)
[    0.299382] TCP: Hash tables configured (established 4096 bind 4096)
[    0.299499] UDP hash table entries: 256 (order: 1, 14336 bytes, linear)
[    0.299537] UDP-Lite hash table entries: 256 (order: 1, 14336 bytes, linear)
[    0.299727] NET: Registered PF_UNIX/PF_LOCAL protocol family
[    0.302483] RPC: Registered named UNIX socket transport module.
[    0.302508] RPC: Registered udp transport module.
[    0.302514] RPC: Registered tcp transport module.
[    0.302519] RPC: Registered tcp-with-tls transport module.
[    0.302525] RPC: Registered tcp NFSv4.1 backchannel transport module.
[    0.302551] PCI: CLS 0 bytes, default 64
[    0.304053] Initialise system trusted keyrings
[    0.312144] workingset: timestamp_bits=14 max_order=17 bucket_order=3
[    0.313492] NFS: Registering the id_resolver key type
[    0.313566] Key type id_resolver registered
[    0.313573] Key type id_legacy registered
[    0.313622] jffs2: version 2.2. (NAND) (SUMMARY)  Â© 2001-2006 Red Hat, Inc.
[    0.314041] Key type asymmetric registered
[    0.314057] Asymmetric key parser 'x509' registered
[    0.314124] io scheduler mq-deadline registered
[    0.314135] io scheduler kyber registered
[    0.314208] io scheduler bfq registered
[    0.315839] ledtrig-cpu: registered to indicate activity on CPUs
[    0.322451] Serial: 8250/16550 driver, 6 ports, IRQ sharing enabled
[    0.359788] brd: module loaded
[    0.384573] loop: module loaded
[    0.385509] mtdoops: mtd device (mtddev=name/number) must be supplied
[    0.401265] i2c_dev: i2c /dev entries driver
[    0.402421] cpuidle: enable-method property 'ti,am3352' found operations
[    0.402885] sdhci: Secure Digital Host Controller Interface driver
[    0.402895] sdhci: Copyright(c) Pierre Ossman
[    0.403069] sdhci-pltfm: SDHCI platform and OF driver helper
[    0.404079] Initializing XFRM netlink socket
[    0.404225] NET: Registered PF_INET6 protocol family
[    0.406185] Segment Routing with IPv6
[    0.406276] In-situ OAM (IOAM) with IPv6
[    0.406376] sit: IPv6, IPv4 and MPLS over IPv4 tunneling driver
[    0.407326] NET: Registered PF_PACKET protocol family
[    0.407363] NET: Registered PF_KEY protocol family
[    0.407489] Key type dns_resolver registered
[    0.407765] ThumbEE CPU extension supported.
[    0.407788] Registering SWP/SWPB emulation handler
[    0.408332] omap_voltage_late_init: Voltage driver support not added
[    0.408682] SmartReflex Class3 initialized
[    0.443453] Loading compiled-in X.509 certificates
[    0.491200] /ocp/interconnect@44c00000/segment@200000/target-module@b000/i2c@0/tda19988@70: Fixed dependency cycle(s) with /ocp/interconnect@48000000/segment@300000/target-module@e000/lcdc@0
[    0.497839] /ocp/interconnect@44c00000/segment@200000/target-module@b000/i2c@0/tda19988@70: Fixed dependency cycle(s) with /ocp/interconnect@48000000/segment@300000/target-module@e000/lcdc@0
[    0.527602] /ocp/interconnect@44c00000/segment@200000/target-module@b000/i2c@0/tda19988@70: Fixed dependency cycle(s) with /ocp/interconnect@48000000/segment@300000/target-module@e000/lcdc@0
[    0.528481] /ocp/interconnect@44c00000/segment@200000/target-module@b000/i2c@0/tda19988@70: Fixed dependency cycle(s) with /ocp/interconnect@48000000/segment@300000/target-module@e000/lcdc@0
[    0.532135] /ocp/interconnect@44c00000/segment@200000/target-module@10000/scm@0/pinmux@800: Fixed dependency cycle(s) with /ocp/interconnect@44c00000/segment@200000/target-module@10000/scm@0/pinmux@800/clkout2-pins
[    0.532744] pinctrl-single 44e10800.pinmux: 142 pins, size 568
[    0.537920] ti-sysc 44e31000.target-module: probe with driver ti-sysc failed with error -16
[    0.569632] /ocp/interconnect@48000000/segment@300000/target-module@e000/lcdc@0: Fixed dependency cycle(s) with /ocp/interconnect@44c00000/segment@200000/target-module@b000/i2c@0/tda19988@70
[    0.577692] ti-sysc 48040000.target-module: probe with driver ti-sysc failed with error -16
[    0.630054] OMAP GPIO hardware version 0.1
[    0.644710] omap_i2c 4819c000.i2c: bus 2 rev0.11 at 100 kHz
[    0.683926] 48000000.interconnect:segment@200000:target-module@0:mpu@0:fck: device ID is greater than 24
[    0.684830] /ocp/interconnect@48000000/segment@300000/target-module@e000/lcdc@0: Fixed dependency cycle(s) with /ocp/interconnect@44c00000/segment@200000/target-module@b000/i2c@0/tda19988@70
[    0.687607] /ocp/interconnect@48000000/segment@300000/target-module@e000/lcdc@0: Fixed dependency cycle(s) with /ocp/interconnect@44c00000/segment@200000/target-module@b000/i2c@0/tda19988@70
[    0.688313] /ocp/interconnect@44c00000/segment@200000/target-module@b000/i2c@0/tda19988@70: Fixed dependency cycle(s) with /ocp/interconnect@48000000/segment@300000/target-module@e000/lcdc@0
[    0.688477] /ocp/interconnect@48000000/segment@300000/target-module@e000/lcdc@0: Fixed dependency cycle(s) with /ocp/interconnect@44c00000/segment@200000/target-module@b000/i2c@0/tda19988@70
[    0.699604] sdhci-omap 481d8000.mmc: supply pbias not found, using dummy regulator
[    0.700106] sdhci-omap 481d8000.mmc: supply vqmmc not found, using dummy regulator
[    0.756117] davinci_mdio 4a101000.mdio: davinci mdio revision 1.6, bus freq 1000000
[    0.917685] davinci_mdio 4a101000.mdio: phy[0]: device 4a101000.mdio:00, driver SMSC LAN8710/LAN8720
[    0.918478] cpsw-switch 4a100000.switch: initialized cpsw ale version 1.4
[    0.918501] cpsw-switch 4a100000.switch: ALE Table size 1024, Policers 0
[    0.918838] cpsw-switch 4a100000.switch: cpts: overflow check period 500 (jiffies)
[    0.918859] cpsw-switch 4a100000.switch: CPTS: ref_clk_freq:250000000 calc_mult:2147483648 calc_shift:29 error:0 nsec/sec
[    0.918972] cpsw-switch 4a100000.switch: Detected MACID = 6c:ec:eb:68:de:78
[    0.920784] cpsw-switch 4a100000.switch: initialized (regs 0x4a100000, pool size 256) hw_ver:0019010C 1.12 (0)
[    0.932038] debugfs: Directory '49000000.dma' with parent 'dmaengine' already present!
[    0.932079] edma 49000000.dma: TI EDMA DMA engine driver
[    0.972024] target-module@4b000000:target-module@140000:pmu@0:fck: device ID is greater than 24
[    0.988539] hw pe rfevents: enabled with armv7_cortex_a8 PMU driver, 5 (8000000f ) counters available
[    0.996092] l3-aon-clkctrl:0000:0: fa iled to disable
[    0.999392] 44e09000.serial: ttyS0 at MMIO  0x44e09000 (irq = 34, base_baud = 3000000) is a 8250
[    0. 999479] 
[    2.502699] tps65217-pmic: Failed to locate of_node [id: -1]
[    2.508768] tps65217-bl: Failed to locate of_node [id: -1]
[    2.520185] tps65217 0-0024: TPS65217 ID 0xe version 1.2
[    2.526340] /ocp/interconnect@48000000/segment@300000/target-module@e000/lcdc@0: Fixed dependency cycle(s) with /ocp/interconnect@44c00000/segment@200000/target-module@b000/i2c@0/tda19988@70
[    2.543715] /ocp/interconnect@44c00000/segment@200000/target-module@b000/i2c@0/tda19988@70: Fixed dependency cycle(s) with /ocp/interconnect@48000000/segment@300000/target-module@e000/lcdc@0
[    2.561085] omap_i2c 44e0b000.i2c: bus 0 rev0.11 at 400 kHz
[    2.569181] omap_gpio 44e07000.gpio: Could not set line 6 debounce to 200000 microseconds (-22)
[    2.578081] sdhci-omap 48060000.mmc: Got CD GPIO
[    2.583149] sdhci-omap 48060000.mmc: supply pbias not found, using dummy regulator
[    2.593426] sdhci-omap 48060000.mmc: supply vqmmc not found, using dummy regulator
[    2.602487] sdhci-omap 481d8000.mmc: supply pbias not found, using dummy regulator
[    2.610484] sdhci-omap 481d8000.mmc: supply vqmmc not found, using dummy regulator
[    2.649479] mmc1: SDHCI controller on 481d8000.mmc [481d8000.mmc] using External DMA
[    2.658739] mmc0: SDHCI controller on 48060000.mmc [48060000.mmc] using External DMA
[    2.667570] cpsw-switch 4a100000.switch: starting ndev. mode: dual_mac
[    2.711012] mmc0: new high speed SDHC card at address 5048
[    2.718129] mmcblk0: mmc0:5048 SD16G 14.4 GiB
[    2.726319]  mmcblk0: p1 p2
[    2.729749] mmcblk0: p2 size 31221760 extends beyond EOD, truncated
[    2.742967] SMSC LAN8710/LAN8720 4a101000.mdio:00: attached PHY driver (mii_bus:phy_addr=4a101000.mdio:00, irq=POLL)
[    2.755652] mmc1: new high speed MMC card at address 0001
[    2.762613] mmcblk1: mmc1:0001 MMC04G 3.60 GiB
[    2.774253]  mmcblk1: p1 p2
[    2.778538] mmcblk1boot0: mmc1:0001 MMC04G 2.00 MiB
[    2.785884] mmcblk1boot1: mmc1:0001 MMC04G 2.00 MiB
[    2.793312] mmcblk1rpmb: mmc1:0001 MMC04G 128 KiB, chardev (250:0)
[    8.002492] cpsw-switch 4a100000.switch eth0: Link is Up - 100Mbps/Full - flow control off
[    8.031725] IP-Config: Complete:
[    8.034998]      device=eth0, hwaddr=6c:ec:eb:68:de:78, ipaddr=192.168.255.1, mask=255.255.255.0, gw=255.255.255.255
[    8.045646]      host=bbb1, domain=, nis-domain=(none)
[    8.050814]      bootserver=192.168.255.126, rootserver=192.168.255.126, rootpath=
[    8.051225] clk: Disabling unused clocks
[    8.063091] PM: genpd: Disabling unused power domains
[    8.068213] KTAP version 1
[    8.070934] 1..0
[    8.096071] VFS: Mounted root (nfs filesystem) on device 0:17.
[    8.103169] devtmpfs: mounted
[    8.107839] Freeing unused kernel image (initmem) memory: 1024K
[    8.114698] Run /sbin/init as init process
[    8.834657] systemd[1]: System time before build time, advancing clock.
[   10.241732] random: crng init done
[   10.283318] systemd[1]: systemd 232 running in system mode. (+PAM +AUDIT +SELINUX +IMA +APPARMOR +SMACK +SYSVINIT +UTMP +LIBCRYPTSETUP +GCRYPT +GNUTLS +ACL +XZ +LZ4 +SECCOMP +BLKID +ELFUTILS +KMOD +IDN)
[   10.302504] systemd[1]: Detected architecture arm.

Welcome to [1mDebian GNU/Linux 9 (stretch)[0m!

[   10.334885] systemd[1]: Set hostname to <arm>.
[   11.452925] systemd[1]: Listening on Journal Audit Socket.
[[0;32m  OK  [0m] Listening on Journal Audit Socket.
[   11.473937] systemd[1]: Listening on Journal Socket.
[[0;32m  OK  [0m] Listening on Journal Socket.
[   11.503406] systemd[1]: Created slice System Slice.
[[0;32m  OK  [0m] Created slice System Slice.
[   11.533221] systemd[1]: Created slice system-serial\x2dgetty.slice.
[[0;32m  OK  [0m] Created slice system-serial\x2dgetty.slice.
[   11.592317] systemd[1]: Mounting POSIX Message Queue File System...
         Mounting POSIX Message Queue File System...
[   11.619408] systemd[1]: Mounting Debug File System...
         Mounting Debug File System...
[   11.657809] systemd[1]: Listening on /dev/initctl Compatibility Named Pipe.
[[0;32m  OK  [0m] Listening on /dev/initctl Compatibility Named Pipe.
[[0;32m  OK  [0m] Listening on Journal Socket (/dev/log).
         Starting Create list of required stâ€¦ce nodes for the current kernel...
         Starting Remount Root and Kernel File Systems...
[[0;32m  OK  [0m] Listening on udev Kernel Socket.
[[0;32m  OK  [0m] Reached target Remote File Systems.
[[0;32m  OK  [0m] Reached target Swap.
[[0;32m  OK  [0m] Started Forward Password Requests to Wall Directory Watch.
         Starting Load Kernel Modules...
[[0;32m  OK  [0m] Listening on Syslog Socket.
         Starting Journal Service...
[[0;32m  OK  [0m] Created slice system-getty.slice.
[[0;32m  OK  [0m] Created slice User and Session Slice.
[[0;32m  OK  [0m] Reached target Slices.
[[0;32m  OK  [0m] Started Dispatch Password Requests to Console Directory Watch.
[[0;32m  OK  [0m] Reached target Paths.
[[0;32m  OK  [0m] Listening on udev Control Socket.
[[0;32m  OK  [0m] Reached target Encrypted Volumes.
[[0;32m  OK  [0m] Set up automount Arbitrary Executabâ€¦rmats File System Automount Point.
[[0;32m  OK  [0m] Mounted POSIX Message Queue File System.
[[0;32m  OK  [0m] Mounted Debug File System.
[[0;32m  OK  [0m] Started Create list of required staâ€¦vice nodes for the current kernel.
[[0;32m  OK  [0m] Started Remount Root and Kernel File Systems.
[[0;32m  OK  [0m] Started Load Kernel Modules.
         Mounting Configuration File System...
         Starting Apply Kernel Variables...
         Starting Load/Save Random Seed...
         Starting udev Coldplug all Devices...
         Starting Create Static Device Nodes in /dev...
[[0;32m  OK  [0m] Mounted Configuration File System.
[[0;32m  OK  [0m] Started Apply Kernel Variables.
[[0;32m  OK  [0m] Started Load/Save Random Seed.
[[0;32m  OK  [0m] Started Journal Service.
         Starting Flush Journal to Persistent Storage...
[[0;32m  OK  [0m] Started Create Static Device Nodes in /dev.
         Starting udev Kernel Device Manager...
[[0;32m  OK  [0m] Reached target Local File Systems (Pre).
[[0;32m  OK  [0m] Reached target Local File Systems.
         Starting Raise network interfaces...
[   13.490585] systemd-journald[92]: Received request to flush runtime journal from PID 1
[[0;32m  OK  [0m] Started Flush Journal to Persistent Storage.
         Starting Create Volatile Files and Directories...
[[0;32m  OK  [0m] Started udev Kernel Device Manager.
[[0;32m  OK  [0m] Started Create Volatile Files and Directories.
         Starting Update UTMP about System Boot/Shutdown...
         Starting Network Time Synchronization...
[[0;32m  OK  [0m] Started Update UTMP about System Boot/Shutdown.
[[0;32m  OK  [0m] Started Network Time Synchronization.
[[0;32m  OK  [0m] Reached target System Time Synchronized.
[[0;32m  OK  [0m] Started udev Coldplug all Devices.
[[0;32m  OK  [0m] Reached target System Initialization.
[[0;32m  OK  [0m] Started Daily Cleanup of Temporary Directories.
[[0;32m  OK  [0m] Listening on Avahi mDNS/DNS-SD Stack Activation Socket.
[[0;32m  OK  [0m] Listening on D-Bus System Message Bus Socket.
[[0;32m  OK  [0m] Reached target Sockets.
[[0;32m  OK  [0m] Reached target Basic System.
         Starting System Logging Service...
[   16.919307] remoteproc remoteproc0: wkup_m3 is available
         Starting Cape Manager Service...
         Starting LSB: Start busybox udhcpd at boot time...
         Starting Telephony service...
[   17.266258] at24 2-0054: supply vcc not found, using dummy regulator
         Starting Login Service...
[   17.439044] at24 2-0055: supply vcc not found, using dummy regulator
         Starting LSB: Load kernel modules needed to enable cpufreq scaling...
[   17.517443] at24 2-0056: supply vcc not found, using dummy regulator
         Starting DUN service...
[   17.610436] at24 2-0057: supply vcc not found, using dummy regulator
         Starting Avahi mDNS/DNS-SD Stack...
[   17.776193] at24 0-0050: 32768 byte 24c256 EEPROM, writable, 1 bytes/write
[   17.795469] wkup_m3_ipc 44e11324.wkup_m3_ipc: IPC Request for A8->M3 Channel failed! -517
[[0;32m  OK  [0m] Started Daily apt download activities.
[[0;32m  OK  [0m] Started D-Bus System Message Bus.
[   18.287603] tps6521x_pwrbutton tps65217-pwrbutton: DMA mask not set
[   18.314656] omap_wdt: OMAP Watchdog Timer Rev 0x01: initial timeout 60 sec
[   18.323733] wkup_m3_ipc 44e11324.wkup_m3_ipc: IPC Request for A8->M3 Channel failed! -517
[   18.407679] omap_rtc 44e3e000.rtc: registered as rtc0
[   18.412977] omap_rtc 44e3e000.rtc: setting system clock to 2000-01-01T00:00:00 UTC (946684800)
[   18.439129] input: tps65217_pwrbutton as /devices/platform/ocp/44c00000.interconnect/44c00000.interconnect:segment@200000/44e0b000.target-module/44e0b000.i2c/i2c-0/0-0024/tps65217-pwrbutton/input/input0
[   18.468077] wkup_m3_ipc 44e11324.wkup_m3_ipc: IPC Request for A8->M3 Channel failed! -517
[   18.629010] wkup_m3_ipc 44e11324.wkup_m3_ipc: IPC Request for A8->M3 Channel failed! -517
[   18.937577] am335x-phy-driver 47401300.usb-phy: dummy supplies not allowed for exclusive requests (id=vbus)
[   19.070247] usbcore: registered new interface driver usbfs
[   19.076125] usbcore: registered new interface driver hub
[   19.081572] usbcore: registered new device driver usb
[   19.227551] am335x-phy-driver 47401b00.usb-phy: dummy supplies not allowed for exclusive requests (id=vbus)
[   19.242886] wkup_m3_ipc 44e11324.wkup_m3_ipc: IPC Request for A8->M3 Channel failed! -517
[   19.383646] tda998x 0-0070: found TDA19988
[   19.454958] wkup_m3_ipc 44e11324.wkup_m3_ipc: IPC Request for A8->M3 Channel failed! -517
[   19.640757] wkup_m3_ipc 44e11324.wkup_m3_ipc: IPC Request for A8->M3 Channel failed! -517
[   19.721912] musb-hdrc musb-hdrc.1: MUSB HDRC host driver
[   19.727336] musb-hdrc musb-hdrc.1: new USB bus registered, assigned bus number 1
[   19.793523] wkup_m3_ipc 44e11324.wkup_m3_ipc: IPC Request for A8->M3 Channel failed! -517
[   20.093398] usb usb1: New USB device found, idVendor=1d6b, idProduct=0002, bcdDevice= 6.12
[   20.102009] usb usb1: New USB device strings: Mfr=3, Product=2, SerialNumber=1
[   20.109282] usb usb1: Product: MUSB HDRC host driver
[   20.114399] usb usb1: Manufacturer: Linux 6.12.0-next-20241120 musb-hcd
[   20.121055] usb usb1: SerialNumber: musb-hdrc.1
[   20.437671] omap-mailbox 480c8000.mailbox: omap mailbox rev 0x400
[   20.467877] hub 1-0:1.0: USB hub found
[   20.496143] remoteproc remoteproc0: powering up wkup_m3
[   20.525972] hub 1-0:1.0: 1 port detected
[   20.605682] remoteproc remoteproc0: Direct firmware load for am335x-pm-firmware.elf failed with error -2
[   20.615491] remoteproc remoteproc0: request_firmware failed: -2
[   20.621456] wkup_m3_ipc 44e11324.wkup_m3_ipc: rproc_boot failed
[   22.387565] tilcdc 4830e000.lcdc: bound 0-0070 (ops tda998x_driver_exit [tda998x])
[   22.512056] [drm] Initialized tilcdc 1.0.0 for 4830e000.lcdc on minor 0
[   22.594729] tilcdc 4830e000.lcdc: [drm] Cannot find any crtc or sizes
[   22.610013] omap_rng 48310000.rng: Random Number Generator ver. 20
[   22.674820] tilcdc 4830e000.lcdc: [drm] Cannot find any crtc or sizes
[[0;32m  OK  [0m] Started DUN service.
[[0;32m  OK  [0m] Started Telephony service.
[[0;32m  OK  [0m] Started Avahi mDNS/DNS-SD Stack.
         Starting Connection service...
         Starting Generic Board Startup...
[[0;32m  OK  [0m] Started Regular background program processing daemon.
[[0;32m  OK  [0m] Started Daily apt upgrade and clean activities.
[[0;32m  OK  [0m] Reached target Timers.
[[0;32m  OK  [0m] Started System Logging Service.
[[0;32m  OK  [0m] Started Cape Manager Service.
[   23.695833] omap-sham 53100000.sham: hw accel on OMAP rev 4.3
[   23.716847] PM: Cannot get wkup_m3_ipc handle
[   23.818046] omap-sham 53100000.sham: will run requests pump with realtime priority
[   23.831000] PM: Cannot get wkup_m3_ipc handle
[   23.952617] omap-aes 53500000.aes: OMAP AES hw accel rev: 3.2
[   24.087188] omap-aes 53500000.aes: will run requests pump with realtime priority
[   24.098575] PM: Cannot get wkup_m3_ipc handle
[[0;32m  OK  [0m] Found device /dev/ttyS0.
[   24.809812] Bluetooth: Core ver 2.22
[   24.813857] NET: Registered PF_BLUETOOTH protocol family
[   24.819212] Bluetooth: HCI device and connection manager initialized
[   24.825759] Bluetooth: HCI socket layer initialized
[   24.830679] Bluetooth: L2CAP socket layer initialized
[   24.835839] Bluetooth: SCO socket layer initialized
[   27.137358] PM: Cannot get wkup_m3_ipc handle
[   27.273599] PM: Cannot get wkup_m3_ipc handle
[[0;32m  OK  [0m] Started LSB: Start busybox udhcpd at boot time.
[[0;32m  OK  [0m] Started Raise network interfaces.
[[0;32m  OK  [0m] Started LSB: Load kernel modules needed to enable cpufreq scaling.
[   30.978717] configfs-gadget.g_multi gadget.0: HOST MAC 1c:ba:8c:a2:ed:6c
[   30.985707] configfs-gadget.g_multi gadget.0: MAC 1c:ba:8c:a2:ed:70
[   30.993099] configfs-gadget.g_multi gadget.0: HOST MAC 1c:ba:8c:a2:ed:6c
[   30.999862] configfs-gadget.g_multi gadget.0: MAC 1c:ba:8c:a2:ed:6d
[   31.025170] PM: Cannot get wkup_m3_ipc handle
[[0;32m  OK  [0m] Started Connection service.
[[0;32m  OK  [0m] Reached target Sound Card.
         Starting LSB: set CPUFreq kernel parameters...
[[0;32m  OK  [0m] Reached target Network.
         Starting The Apache HTTP Server...
         Starting OpenBSD Secure Shell server...
         Starting Permit User Sessions...
[[0;32m  OK  [0m] Reached target Network is Online.
         Starting LSB: Advanced IEEE 802.11 management daemon...
[[0;32m  OK  [0m] Started Login Service.
[[0;32m  OK  [0m] Started Permit User Sessions.
[[0;32m  OK  [0m] Started LSB: Advanced IEEE 802.11 management daemon.
[[0;32m  OK  [0m] Started Getty on tty1.
[[0;32m  OK  [0m] Started Serial Getty on ttyS0.
[[0;32m  OK  [0m] Reached target Login Prompts.
         Starting Hostname Service...
         Starting WPA supplicant...
[[0;32m  OK  [0m] Started LSB: set CPUFreq kernel parameters.
[[0;32m  OK  [0m] Started WPA supplicant.
[[0;32m  OK  [0m] Started Hostname Service.
[[0;32m  OK  [0m] Started OpenBSD Secure Shell server.
         Stopping LSB: Start busybox udhcpd at boot time...
[[0;32m  OK  [0m] Stopped LSB: Start busybox udhcpd at boot time.
[[0;32m  OK  [0m] Started The Apache HTTP Server.
         Starting dnsmasq - A lightweight DHCP and caching DNS server...
[[0;32m  OK  [0m] Started dnsmasq - A lightweight DHCP and caching DNS server.
[[0;32m  OK  [0m] Reached target Host and Network Name Lookups.
[[0;32m  OK  [0m] Started Serial Getty on ttyGS0.
[[0;32m  OK  [0m] Started Generic Board Startup.
[[0;32m  OK  [0m] Reached target Multi-User System.
[[0;32m  OK  [0m] Reached target Graphical Interface.
         Starting Update UTMP about System Runlevel Changes...
[[0;32m  OK  [0m] Started Update UTMP about System Runlevel Changes.

Debian GNU/Linux 9 arm ttyS0

default username:password is [debian:temppwd]

arm login: root
Password: 
Last login: Sat Dec  9 19:10:27 UTC 2017 on ttyS0
root
Linux arm 6.12.0-next-20241120 #141 SMP Wed Nov 20 08:45:59 EET 2024 armv7l

The programs included with the Debian GNU/Linux system are free software;
the exact distribution terms for each program are described in the
individual files in /usr/share/doc/*/copyright.

Debian GNU/Linux comes with ABSOLUTELY NO WARRANTY, to the extent
permitted by applicable law.
root@arm:~# root
dmesg -n 1
-bash: root: command not found
root@arm:~# dmesg -n 1
root@arm:~# echo 'MBBG''OXWJOP'
MBBGOXWJOP
root@arm:~# run() { echo -n "$MARKER"; sh -c "$@"; echo "$MARKER $?"; }
root@arm:~# echo 'MKEO''PWVOQY'
MKEOPWVOQY
root@arm:~# MARKER='YXQB''QNNJMU' run 'cat /proc/version'
YXQBQNNJMULinux version 6.12.0-next-20241120 (user01@drvtest01) (arm-linux-gnueabihf-gcc (Linaro GCC 6.4-2017.11) 6.4.1 20171012, GNU ld (Linaro_Binutils-2017.11) 2.27.0.20161229) #141 SMP Wed Nov 20 08:45:59 EET 2024
YXQBQNNJMU 0
root@arm:~# echo 'MJOU''QKVHSO'
MJOUQKVHSO
root@arm:~# MARKER='HFOC''VJPJXN' run false
HFOCVJPJXNHFOCVJPJXN 1
root@arm:~# Labgrid Console Logfile for main
Logfile started at 2024-11-20 08:47:58.886800
=== Log starts here ===

root@arm:~# run() { echo -n "$MARKER"; sh -c "$@"; echo "$MARKER $?"; }
root@arm:~# echo 'GXUS''PANSJS'
GXUSPANSJS
root@arm:~# MARKER='JVGY''PJPVPO' run dmesg
JVGYPJPVPO[    0.000000] Booting Linux on physical CPU 0x0
[    0.000000] Linux version 6.12.0-next-20241120 (user01@drvtest01) (arm-linux-gnueabihf-gcc (Linaro GCC 6.4-2017.11) 6.4.1 20171012, GNU ld (Linaro_Binutils-2017.11) 2.27.0.20161229) #141 SMP Wed Nov 20 08:45:59 EET 2024
[    0.000000] CPU: ARMv7 Processor [413fc082] revision 2 (ARMv7), cr=10c5387d
[    0.000000] CPU: PIPT / VIPT nonaliasing data cache, VIPT aliasing instruction cache
[    0.000000] OF: fdt: Machine model: TI AM335x BeagleBone Black
[    0.000000] Memory policy: Data cache writeback
[    0.000000] cma: Reserved 16 MiB at 0x9e800000 on node -1
[    0.000000] Zone ranges:
[    0.000000]   Normal   [mem 0x0000000080000000-0x000000009fdfffff]
[    0.000000]   HighMem  empty
[    0.000000] Movable zone start for each node
[    0.000000] Early memory node ranges
[    0.000000]   node   0: [mem 0x0000000080000000-0x000000009fdfffff]
[    0.000000] Initmem setup node 0 [mem 0x0000000080000000-0x000000009fdfffff]
[    0.000000] OF: reserved mem: Reserved memory: No reserved-memory node in the DT
[    0.000000] CPU: All CPU(s) started in SVC mode.
[    0.000000] AM335X ES2.1 (sgx neon)
[    0.000000] percpu: Embedded 17 pages/cpu s39564 r8192 d21876 u69632
[    0.000000] pcpu-alloc: s39564 r8192 d21876 u69632 alloc=17*4096
[    0.000000] pcpu-alloc: [0] 0 
[    0.000000] Kernel command line: console=ttyO0,115200n8 root=/dev/nfs rw nfsroot=192.168.255.126:/home/user01/nfs,nfsvers=3 ip=192.168.255.1:192.168.255.126::255.255.255.0:bbb1:eth0 nfsrootdebug
[    0.000000] Unknown kernel command line parameters "nfsrootdebug", will be passed to user space.
[    0.000000] printk: log buffer data + meta data: 65536 + 204800 = 270336 bytes
[    0.000000] Dentry cache hash table entries: 65536 (order: 6, 262144 bytes, linear)
[    0.000000] Inode-cache hash table entries: 32768 (order: 5, 131072 bytes, linear)
[    0.000000] Built 1 zonelists, mobility grouping on.  Total pages: 130560
[    0.000000] mem auto-init: stack:off, heap alloc:off, heap free:off
[    0.000000] SLUB: HWalign=64, Order=0-3, MinObjects=0, CPUs=1, Nodes=1
[    0.000000] trace event string verifier disabled
[    0.000000] rcu: Hierarchical RCU implementation.
[    0.000000] rcu: 	RCU event tracing is enabled.
[    0.000000] rcu: 	RCU restricting CPUs from NR_CPUS=2 to nr_cpu_ids=1.
[    0.000000] 	Tracing variant of Tasks RCU enabled.
[    0.000000] rcu: RCU calculated value of scheduler-enlistment delay is 10 jiffies.
[    0.000000] rcu: Adjusting geometry for rcu_fanout_leaf=16, nr_cpu_ids=1
[    0.000000] RCU Tasks Trace: Setting shift to 0 and lim to 1 rcu_task_cb_adjust=1 rcu_task_cpu_ids=1.
[    0.000000] NR_IRQS: 16, nr_irqs: 16, preallocated irqs: 16
[    0.000000] IRQ: Found an INTC at 0x(ptrval) (revision 5.0) with 128 interrupts
[    0.000000] rcu: srcu_init: Setting srcu_struct sizes based on contention.
[    0.000000] TI gptimer clocksource: always-on /ocp/interconnect@44c00000/segment@200000/target-module@31000
[    0.000003] sched_clock: 32 bits at 24MHz, resolution 41ns, wraps every 89478484971ns
[    0.000026] clocksource: dmtimer: mask: 0xffffffff max_cycles: 0xffffffff, max_idle_ns: 79635851949 ns
[    0.000504] TI gptimer clockevent: 24000000 Hz at /ocp/interconnect@48000000/segment@0/target-module@40000
[    0.002145] Console: colour dummy device 80x30
[    0.002211] WARNING: Your 'console=ttyO0' has been replaced by 'ttyS0'
[    0.002219] This ensures that you still see kernel messages. Please
[    0.002224] update your kernel commandline.
[    0.002265] Calibrating delay loop... 996.14 BogoMIPS (lpj=4980736)
[    0.090555] CPU: Testing write buffer coherency: ok
[    0.090656] CPU0: Spectre v2: using BPIALL workaround
[    0.090667] pid_max: default: 32768 minimum: 301
[    0.090788] LSM: initializing lsm=capability
[    0.090962] Mount-cache hash table entries: 1024 (order: 0, 4096 bytes, linear)
[    0.090982] Mountpoint-cache hash table entries: 1024 (order: 0, 4096 bytes, linear)
[    0.092654] CPU0: thread -1, cpu 0, socket -1, mpidr 0
[    0.160938] Setting up static identity map for 0x80100000 - 0x80100078
[    0.170711] rcu: Hierarchical SRCU implementation.
[    0.170724] rcu: 	Max phase no-delay instances is 1000.
[    0.190769] smp: Bringing up secondary CPUs ...
[    0.190826] smp: Brought up 1 node, 1 CPU
[    0.190842] SMP: Total of 1 processors activated (996.14 BogoMIPS).
[    0.190855] CPU: All CPU(s) started in SVC mode.
[    0.191048] Memory: 480840K/522240K available (11264K kernel code, 1213K rwdata, 2896K rodata, 1024K init, 297K bss, 23388K reserved, 16384K cma-reserved, 0K highmem)
[    0.191926] devtmpfs: initialized
[    0.208931] VFP support v0.3: implementor 41 architecture 3 part 30 variant c rev 3
[    0.209284] clocksource: jiffies: mask: 0xffffffff max_cycles: 0xffffffff, max_idle_ns: 19112604462750000 ns
[    0.209318] futex hash table entries: 256 (order: 2, 16384 bytes, linear)
[    0.210841] pinctrl core: initialized pinctrl subsystem
[    0.213684] NET: Registered PF_NETLINK/PF_ROUTE protocol family
[    0.216519] DMA: preallocated 256 KiB pool for atomic coherent allocations
[    0.217414] audit: initializing netlink subsys (disabled)
[    0.218852] thermal_sys: Registered thermal governor 'fair_share'
[    0.218869] thermal_sys: Registered thermal governor 'step_wise'
[    0.218878] thermal_sys: Registered thermal governor 'user_space'
[    0.219032] audit: type=2000 audit(0.210:1): state=initialized audit_enabled=0 res=1
[    0.219070] cpuidle: using governor menu
[    0.237398] /ocp/interconnect@44c00000/segment@200000/target-module@b000/i2c@0/tda19988@70: Fixed dependency cycle(s) with /ocp/interconnect@48000000/segment@300000/target-module@e000/lcdc@0
[    0.238558] /ocp/interconnect@48000000/segment@300000/target-module@e000/lcdc@0: Fixed dependency cycle(s) with /ocp/interconnect@44c00000/segment@200000/target-module@b000/i2c@0/tda19988@70
[    0.240923] No ATAGs?
[    0.240944] hw-breakpoint: debug architecture 0x4 unsupported.
[    0.243734] kprobes: kprobe jump-optimization is enabled. All kprobes are optimized if possible.
[    0.254412] iommu: Default domain type: Translated
[    0.254435] iommu: DMA domain TLB invalidation policy: strict mode
[    0.261629] reg-fixed-voltage fixedregulator0: using DT '/fixedregulator0' for '(default)' GPIO lookup
[    0.261686] of_get_named_gpiod_flags: can't parse 'gpios' property of node '/fixedregulator0[0]'
[    0.261715] of_get_named_gpiod_flags: can't parse 'gpio' property of node '/fixedregulator0[0]'
[    0.261733] reg-fixed-voltage fixedregulator0: using lookup tables for GPIO lookup
[    0.261743] reg-fixed-voltage fixedregulator0: No GPIO consumer (default) found
[    0.262779] SCSI subsystem initialized
[    0.263288] libata version 3.00 loaded.
[    0.263655] pps_core: LinuxPPS API ver. 1 registered
[    0.263665] pps_core: Software ver. 5.3.6 - Copyright 2005-2007 Rodolfo Giometti <giometti@linux.it>
[    0.263689] PTP clock support registered
[    0.271289] vgaarb: loaded
[    0.271708] clocksource: Switched to clocksource dmtimer
[    0.272373] VFS: Disk quotas dquot_6.6.0
[    0.272420] VFS: Dquot-cache hash table entries: 1024 (order 0, 4096 bytes)
[    0.297399] NET: Registered PF_INET protocol family
[    0.297760] IP idents hash table entries: 8192 (order: 4, 65536 bytes, linear)
[    0.299185] tcp_listen_portaddr_hash hash table entries: 512 (order: 0, 4096 bytes, linear)
[    0.299222] Table-perturb hash table entries: 65536 (order: 6, 262144 bytes, linear)
[    0.299239] TCP established hash table entries: 4096 (order: 2, 16384 bytes, linear)
[    0.299283] TCP bind hash table entries: 4096 (order: 4, 65536 bytes, linear)
[    0.299382] TCP: Hash tables configured (established 4096 bind 4096)
[    0.299499] UDP hash table entries: 256 (order: 1, 14336 bytes, linear)
[    0.299537] UDP-Lite hash table entries: 256 (order: 1, 14336 bytes, linear)
[    0.299727] NET: Registered PF_UNIX/PF_LOCAL protocol family
[    0.302483] RPC: Registered named UNIX socket transport module.
[    0.302508] RPC: Registered udp transport module.
[    0.302514] RPC: Registered tcp transport module.
[    0.302519] RPC: Registered tcp-with-tls transport module.
[    0.302525] RPC: Registered tcp NFSv4.1 backchannel transport module.
[    0.302551] PCI: CLS 0 bytes, default 64
[    0.304053] Initialise system trusted keyrings
[    0.312144] workingset: timestamp_bits=14 max_order=17 bucket_order=3
[    0.313492] NFS: Registering the id_resolver key type
[    0.313566] Key type id_resolver registered
[    0.313573] Key type id_legacy registered
[    0.313622] jffs2: version 2.2. (NAND) (SUMMARY)  Â© 2001-2006 Red Hat, Inc.
[    0.314041] Key type asymmetric registered
[    0.314057] Asymmetric key parser 'x509' registered
[    0.314124] io scheduler mq-deadline registered
[    0.314135] io scheduler kyber registered
[    0.314208] io scheduler bfq registered
[    0.315839] ledtrig-cpu: registered to indicate activity on CPUs
[    0.322451] Serial: 8250/16550 driver, 6 ports, IRQ sharing enabled
[    0.359788] brd: module loaded
[    0.384573] loop: module loaded
[    0.385509] mtdoops: mtd device (mtddev=name/number) must be supplied
[    0.399866] mdio_bus fixed-0: using lookup tables for GPIO lookup
[    0.399894] mdio_bus fixed-0: No GPIO consumer reset found
[    0.401265] i2c_dev: i2c /dev entries driver
[    0.402421] cpuidle: enable-method property 'ti,am3352' found operations
[    0.402885] sdhci: Secure Digital Host Controller Interface driver
[    0.402895] sdhci: Copyright(c) Pierre Ossman
[    0.403069] sdhci-pltfm: SDHCI platform and OF driver helper
[    0.404079] Initializing XFRM netlink socket
[    0.404225] NET: Registered PF_INET6 protocol family
[    0.406185] Segment Routing with IPv6
[    0.406276] In-situ OAM (IOAM) with IPv6
[    0.406376] sit: IPv6, IPv4 and MPLS over IPv4 tunneling driver
[    0.407326] NET: Registered PF_PACKET protocol family
[    0.407363] NET: Registered PF_KEY protocol family
[    0.407489] Key type dns_resolver registered
[    0.407765] ThumbEE CPU extension supported.
[    0.407788] Registering SWP/SWPB emulation handler
[    0.408332] omap_voltage_late_init: Voltage driver support not added
[    0.408682] SmartReflex Class3 initialized
[    0.443453] Loading compiled-in X.509 certificates
[    0.491200] /ocp/interconnect@44c00000/segment@200000/target-module@b000/i2c@0/tda19988@70: Fixed dependency cycle(s) with /ocp/interconnect@48000000/segment@300000/target-module@e000/lcdc@0
[    0.497839] /ocp/interconnect@44c00000/segment@200000/target-module@b000/i2c@0/tda19988@70: Fixed dependency cycle(s) with /ocp/interconnect@48000000/segment@300000/target-module@e000/lcdc@0
[    0.503557] gpiochip_find_base_unlocked: found new base at 512
[    0.527602] /ocp/interconnect@44c00000/segment@200000/target-module@b000/i2c@0/tda19988@70: Fixed dependency cycle(s) with /ocp/interconnect@48000000/segment@300000/target-module@e000/lcdc@0
[    0.528481] /ocp/interconnect@44c00000/segment@200000/target-module@b000/i2c@0/tda19988@70: Fixed dependency cycle(s) with /ocp/interconnect@48000000/segment@300000/target-module@e000/lcdc@0
[    0.532135] /ocp/interconnect@44c00000/segment@200000/target-module@10000/scm@0/pinmux@800: Fixed dependency cycle(s) with /ocp/interconnect@44c00000/segment@200000/target-module@10000/scm@0/pinmux@800/clkout2-pins
[    0.532744] pinctrl-single 44e10800.pinmux: 142 pins, size 568
[    0.537920] ti-sysc 44e31000.target-module: probe with driver ti-sysc failed with error -16
[    0.569632] /ocp/interconnect@48000000/segment@300000/target-module@e000/lcdc@0: Fixed dependency cycle(s) with /ocp/interconnect@44c00000/segment@200000/target-module@b000/i2c@0/tda19988@70
[    0.577692] ti-sysc 48040000.target-module: probe with driver ti-sysc failed with error -16
[    0.588999] gpiochip_find_base_unlocked: found new base at 512
[    0.589099] gpio gpiochip0: (gpio-0-31): created GPIO range 0->7 ==> 44e10800.pinmux PIN 0->7
[    0.589118] gpio gpiochip0: (gpio-0-31): created GPIO range 8->11 ==> 44e10800.pinmux PIN 90->93
[    0.589134] gpio gpiochip0: (gpio-0-31): created GPIO range 12->27 ==> 44e10800.pinmux PIN 12->27
[    0.589149] gpio gpiochip0: (gpio-0-31): created GPIO range 28->31 ==> 44e10800.pinmux PIN 30->33
[    0.629823] gpio gpiochip0: (gpio-0-31): added GPIO chardev (254:0)
[    0.629968] gpio gpiochip0: registered GPIOs 512 to 543 on gpio-0-31
[    0.630054] OMAP GPIO hardware version 0.1
[    0.643661] i2c i2c-2: using DT '/ocp/interconnect@48000000/segment@100000/target-module@9c000/i2c@0' for 'scl' GPIO lookup
[    0.643736] of_get_named_gpiod_flags: can't parse 'scl-gpios' property of node '/ocp/interconnect@48000000/segment@100000/target-module@9c000/i2c@0[0]'
[    0.643781] of_get_named_gpiod_flags: can't parse 'scl-gpio' property of node '/ocp/interconnect@48000000/segment@100000/target-module@9c000/i2c@0[0]'
[    0.643819] i2c i2c-2: using lookup tables for GPIO lookup
[    0.643829] i2c i2c-2: No GPIO consumer scl found
[    0.643852] i2c i2c-2: using DT '/ocp/interconnect@48000000/segment@100000/target-module@9c000/i2c@0' for 'sda' GPIO lookup
[    0.643889] of_get_named_gpiod_flags: can't parse 'sda-gpios' property of node '/ocp/interconnect@48000000/segment@100000/target-module@9c000/i2c@0[0]'
[    0.643927] of_get_named_gpiod_flags: can't parse 'sda-gpio' property of node '/ocp/interconnect@48000000/segment@100000/target-module@9c000/i2c@0[0]'
[    0.643960] i2c i2c-2: using lookup tables for GPIO lookup
[    0.643968] i2c i2c-2: No GPIO consumer sda found
[    0.644710] omap_i2c 4819c000.i2c: bus 2 rev0.11 at 100 kHz
[    0.650176] gpiochip_find_base_unlocked: found new base at 544
[    0.650277] gpio gpiochip1: (gpio-32-63): created GPIO range 0->17 ==> 44e10800.pinmux PIN 34->51
[    0.650296] gpio gpiochip1: (gpio-32-63): created GPIO range 18->21 ==> 44e10800.pinmux PIN 77->80
[    0.650312] gpio gpiochip1: (gpio-32-63): created GPIO range 22->31 ==> 44e10800.pinmux PIN 56->65
[    0.674695] gpio gpiochip1: (gpio-32-63): added GPIO chardev (254:1)
[    0.674863] gpio gpiochip1: registered GPIOs 544 to 575 on gpio-32-63
[    0.677111] gpiochip_find_base_unlocked: found new base at 576
[    0.677204] gpio gpiochip2: (gpio-64-95): created GPIO range 0->4 ==> 44e10800.pinmux PIN 66->70
[    0.677224] gpio gpiochip2: (gpio-64-95): created GPIO range 5->6 ==> 44e10800.pinmux PIN 98->99
[    0.677239] gpio gpiochip2: (gpio-64-95): created GPIO range 7->8 ==> 44e10800.pinmux PIN 75->76
[    0.677254] gpio gpiochip2: (gpio-64-95): created GPIO range 13->13 ==> 44e10800.pinmux PIN 141->141
[    0.677271] gpio gpiochip2: (gpio-64-95): created GPIO range 14->21 ==> 44e10800.pinmux PIN 100->107
[    0.678006] gpio gpiochip2: (gpio-64-95): added GPIO chardev (254:2)
[    0.678152] gpio gpiochip2: registered GPIOs 576 to 607 on gpio-64-95
[    0.683926] 48000000.interconnect:segment@200000:target-module@0:mpu@0:fck: device ID is greater than 24
[    0.684830] /ocp/interconnect@48000000/segment@300000/target-module@e000/lcdc@0: Fixed dependency cycle(s) with /ocp/interconnect@44c00000/segment@200000/target-module@b000/i2c@0/tda19988@70
[    0.687607] /ocp/interconnect@48000000/segment@300000/target-module@e000/lcdc@0: Fixed dependency cycle(s) with /ocp/interconnect@44c00000/segment@200000/target-module@b000/i2c@0/tda19988@70
[    0.688313] /ocp/interconnect@44c00000/segment@200000/target-module@b000/i2c@0/tda19988@70: Fixed dependency cycle(s) with /ocp/interconnect@48000000/segment@300000/target-module@e000/lcdc@0
[    0.688477] /ocp/interconnect@48000000/segment@300000/target-module@e000/lcdc@0: Fixed dependency cycle(s) with /ocp/interconnect@44c00000/segment@200000/target-module@b000/i2c@0/tda19988@70
[    0.698119] mdio_bus 4a101000.mdio: using DT '/ocp/interconnect@4a000000/segment@0/target-module@100000/switch@0/mdio@1000' for 'reset' GPIO lookup
[    0.698193] of_get_named_gpiod_flags: can't parse 'reset-gpios' property of node '/ocp/interconnect@4a000000/segment@0/target-module@100000/switch@0/mdio@1000[0]'
[    0.698242] of_get_named_gpiod_flags: can't parse 'reset-gpio' property of node '/ocp/interconnect@4a000000/segment@0/target-module@100000/switch@0/mdio@1000[0]'
[    0.698292] mdio_bus 4a101000.mdio: using lookup tables for GPIO lookup
[    0.698302] mdio_bus 4a101000.mdio: No GPIO consumer reset found
[    0.699250] sdhci-omap 481d8000.mmc: using DT '/ocp/interconnect@48000000/segment@100000/target-module@d8000/mmc@0' for 'wp' GPIO lookup
[    0.699325] of_get_named_gpiod_flags: can't parse 'wp-gpios' property of node '/ocp/interconnect@48000000/segment@100000/target-module@d8000/mmc@0[0]'
[    0.699368] of_get_named_gpiod_flags: can't parse 'wp-gpio' property of node '/ocp/interconnect@48000000/segment@100000/target-module@d8000/mmc@0[0]'
[    0.699402] sdhci-omap 481d8000.mmc: using lookup tables for GPIO lookup
[    0.699412] sdhci-omap 481d8000.mmc: No GPIO consumer wp found
[    0.699604] sdhci-omap 481d8000.mmc: supply pbias not found, using dummy regulator
[    0.700106] sdhci-omap 481d8000.mmc: supply vqmmc not found, using dummy regulator
[    0.756117] davinci_mdio 4a101000.mdio: davinci mdio revision 1.6, bus freq 1000000
[    0.773437] mdio_bus 4a101000.mdio:00: using DT '/ocp/interconnect@4a000000/segment@0/target-module@100000/switch@0/mdio@1000/ethernet-phy@0' for 'reset' GPIO lookup
[    0.773538] of_get_named_gpiod_flags: parsed 'reset-gpios' property of node '/ocp/interconnect@4a000000/segment@0/target-module@100000/switch@0/mdio@1000/ethernet-phy@0[0]' - status (0)
[    0.773704] gpio gpiochip0: Persistence not supported for GPIO 8
[    0.917685] davinci_mdio 4a101000.mdio: phy[0]: device 4a101000.mdio:00, driver SMSC LAN8710/LAN8720
[    0.918478] cpsw-switch 4a100000.switch: initialized cpsw ale version 1.4
[    0.918501] cpsw-switch 4a100000.switch: ALE Table size 1024, Policers 0
[    0.918838] cpsw-switch 4a100000.switch: cpts: overflow check period 500 (jiffies)
[    0.918859] cpsw-switch 4a100000.switch: CPTS: ref_clk_freq:250000000 calc_mult:2147483648 calc_shift:29 error:0 nsec/sec
[    0.918972] cpsw-switch 4a100000.switch: Detected MACID = 6c:ec:eb:68:de:78
[    0.920784] cpsw-switch 4a100000.switch: initialized (regs 0x4a100000, pool size 256) hw_ver:0019010C 1.12 (0)
[    0.932038] debugfs: Directory '49000000.dma' with parent 'dmaengine' already present!
[    0.932079] edma 49000000.dma: TI EDMA DMA engine driver
[    0.972024] target-module@4b000000:target-module@140000:pmu@0:fck: device ID is greater than 24
[    0.988539] hw perfevents: enabled with armv7_cortex_a8 PMU driver, 5 (8000000f) counters available
[    0.989513] gpio-clk clk_mcasp0: using DT '/clk_mcasp0' for 'enable' GPIO lookup
[    0.989588] of_get_named_gpiod_flags: parsed 'enable-gpios' property of node '/clk_mcasp0[0]' - status (0)
[    0.989633] gpio gpiochip0: Persistence not supported for GPIO 27
[    0.990445] gpiochip_find_base_unlocked: found new base at 608
[    0.990560] gpio gpiochip3: (gpio-96-127): created GPIO range 0->7 ==> 44e10800.pinmux PIN 82->89
[    0.990580] gpio gpiochip3: (gpio-96-127): created GPIO range 8->11 ==> 44e10800.pinmux PIN 52->55
[    0.990596] gpio gpiochip3: (gpio-96-127): created GPIO range 12->15 ==> 44e10800.pinmux PIN 94->97
[    0.990611] gpio gpiochip3: (gpio-96-127): created GPIO range 16->17 ==> 44e10800.pinmux PIN 71->72
[    0.990626] gpio gpiochip3: (gpio-96-127): created GPIO range 18->18 ==> 44e10800.pinmux PIN 135->135
[    0.990643] gpio gpiochip3: (gpio-96-127): created GPIO range 19->20 ==> 44e10800.pinmux PIN 108->109
[    0.990659] gpio gpiochip3: (gpio-96-127): created GPIO range 21->21 ==> 44e10800.pinmux PIN 73->73
[    0.990676] gpio gpiochip3: (gpio-96-127): created GPIO range 22->23 ==> 44e10800.pinmux PIN 8->9
[    0.990693] gpio gpiochip3: (gpio-96-127): created GPIO range 26->27 ==> 44e10800.pinmux PIN 10->11
[    0.990710] gpio gpiochip3: (gpio-96-127): created GPIO range 28->28 ==> 44e10800.pinmux PIN 74->74
[    0.990728] gpio gpiochip3: (gpio-96-127): created GPIO range 29->29 ==> 44e10800.pinmux PIN 81->81
[    0.990746] gpio gpiochip3: (gpio-96-127): created GPIO range 30->31 ==> 44e10800.pinmux PIN 28->29
[    0.996092] l3-aon-clkctrl:0000:0: failed to disable
[    0.996681] gpio gpiochip3: (gpio-96-127): added GPIO chardev (254:3)
[    0.996832] gpio gpiochip3: registered GPIOs 608 to 639 on gpio-96-127
[    0.998722] omap8250 44e09000.serial: using DT '/ocp/interconnect@44c00000/segment@200000/target-module@9000/serial@0' for 'rs485-term' GPIO lookup
[    0.998801] of_get_named_gpiod_flags: can't parse 'rs485-term-gpios' property of node '/ocp/interconnect@44c00000/segment@200000/target-module@9000/serial@0[0]'
[    0.998846] of_get_named_gpiod_flags: can't parse 'rs485-term-gpio' property of node '/ocp/interconnect@44c00000/segment@200000/target-module@9000/serial@0[0]'
[    0.998884] omap8250 44e09000.serial: using lookup tables for GPIO lookup
[    0.998894] omap8250 44e09000.serial: No GPIO consumer rs485-term found
[    0.998904] omap8250 44e09000.serial: using DT '/ocp/interconnect@44c00000/segment@200000/target-module@9000/serial@0' for 'rs485-rx-during-tx' GPIO lookup
[    0.998942] of_get_named_gpiod_flags: can't parse 'rs485-rx-during-tx-gpios' property of node '/ocp/interconnect@44c00000/segment@200000/target-module@9000/serial@0[0]'
[    0.998980] of_get_named_gpiod_flags: can't parse 'rs485-rx-during-tx-gpio' property of node '/ocp/interconnect@44c00000/segment@200000/target-module@9000/serial@0[0]'
[    0.999013] omap8250 44e09000.serial: using lookup tables for GPIO lookup
[    0.999022] omap8250 44e09000.serial: No GPIO consumer rs485-rx-during-tx found
[    0.999392] 44e09000.serial: ttyS0 at MMIO 0x44e09000 (irq = 34, base_baud = 3000000) is a 8250
[    0.999479] printk: legacy console [ttyS0] enabled
[    2.480593] i2c i2c-0: using DT '/ocp/interconnect@44c00000/segment@200000/target-module@b000/i2c@0' for 'scl' GPIO lookup
[    2.480685] of_get_named_gpiod_flags: can't parse 'scl-gpios' property of node '/ocp/interconnect@44c00000/segment@200000/target-module@b000/i2c@0[0]'
[    2.480736] of_get_named_gpiod_flags: can't parse 'scl-gpio' property of node '/ocp/interconnect@44c00000/segment@200000/target-module@b000/i2c@0[0]'
[    2.480779] i2c i2c-0: using lookup tables for GPIO lookup
[    2.480793] i2c i2c-0: No GPIO consumer scl found
[    2.480818] i2c i2c-0: using DT '/ocp/interconnect@44c00000/segment@200000/target-module@b000/i2c@0' for 'sda' GPIO lookup
[    2.480859] of_get_named_gpiod_flags: can't parse 'sda-gpios' property of node '/ocp/interconnect@44c00000/segment@200000/target-module@b000/i2c@0[0]'
[    2.480901] of_get_named_gpiod_flags: can't parse 'sda-gpio' property of node '/ocp/interconnect@44c00000/segment@200000/target-module@b000/i2c@0[0]'
[    2.480938] i2c i2c-0: using lookup tables for GPIO lookup
[    2.480950] i2c i2c-0: No GPIO consumer sda found
[    2.502699] tps65217-pmic: Failed to locate of_node [id: -1]
[    2.508768] tps65217-bl: Failed to locate of_node [id: -1]
[    2.520185] tps65217 0-0024: TPS65217 ID 0xe version 1.2
[    2.526340] /ocp/interconnect@48000000/segment@300000/target-module@e000/lcdc@0: Fixed dependency cycle(s) with /ocp/interconnect@44c00000/segment@200000/target-module@b000/i2c@0/tda19988@70
[    2.543715] /ocp/interconnect@44c00000/segment@200000/target-module@b000/i2c@0/tda19988@70: Fixed dependency cycle(s) with /ocp/interconnect@48000000/segment@300000/target-module@e000/lcdc@0
[    2.561085] omap_i2c 44e0b000.i2c: bus 0 rev0.11 at 400 kHz
[    2.568965] sdhci-omap 48060000.mmc: using DT '/ocp/interconnect@48000000/segment@0/target-module@60000/mmc@0' for 'cd' GPIO lookup
[    2.569083] of_get_named_gpiod_flags: parsed 'cd-gpios' property of node '/ocp/interconnect@48000000/segment@0/target-module@60000/mmc@0[0]' - status (0)
[    2.569155] gpio gpiochip3: Persistence not supported for GPIO 6
[    2.569181] omap_gpio 44e07000.gpio: Could not set line 6 debounce to 200000 microseconds (-22)
[    2.578081] sdhci-omap 48060000.mmc: Got CD GPIO
[    2.582767] sdhci-omap 48060000.mmc: using DT '/ocp/interconnect@48000000/segment@0/target-module@60000/mmc@0' for 'wp' GPIO lookup
[    2.582837] of_get_named_gpiod_flags: can't parse 'wp-gpios' property of node '/ocp/interconnect@48000000/segment@0/target-module@60000/mmc@0[0]'
[    2.582886] of_get_named_gpiod_flags: can't parse 'wp-gpio' property of node '/ocp/interconnect@48000000/segment@0/target-module@60000/mmc@0[0]'
[    2.582927] sdhci-omap 48060000.mmc: using lookup tables for GPIO lookup
[    2.582941] sdhci-omap 48060000.mmc: No GPIO consumer wp found
[    2.583149] sdhci-omap 48060000.mmc: supply pbias not found, using dummy regulator
[    2.591922] sdhci-omap 481d8000.mmc: using DT '/ocp/interconnect@48000000/segment@100000/target-module@d8000/mmc@0' for 'wp' GPIO lookup
[    2.591999] of_get_named_gpiod_flags: can't parse 'wp-gpios' property of node '/ocp/interconnect@48000000/segment@100000/target-module@d8000/mmc@0[0]'
[    2.592049] of_get_named_gpiod_flags: can't parse 'wp-gpio' property of node '/ocp/interconnect@48000000/segment@100000/target-module@d8000/mmc@0[0]'
[    2.592089] sdhci-omap 481d8000.mmc: using lookup tables for GPIO lookup
[    2.592103] sdhci-omap 481d8000.mmc: No GPIO consumer wp found
[    2.593426] sdhci-omap 48060000.mmc: supply vqmmc not found, using dummy regulator
[    2.602487] sdhci-omap 481d8000.mmc: supply pbias not found, using dummy regulator
[    2.610484] sdhci-omap 481d8000.mmc: supply vqmmc not found, using dummy regulator
[    2.649479] mmc1: SDHCI controller on 481d8000.mmc [481d8000.mmc] using External DMA
[    2.658739] mmc0: SDHCI controller on 48060000.mmc [48060000.mmc] using External DMA
[    2.667570] cpsw-switch 4a100000.switch: starting ndev. mode: dual_mac
[    2.711012] mmc0: new high speed SDHC card at address 5048
[    2.718129] mmcblk0: mmc0:5048 SD16G 14.4 GiB
[    2.726319]  mmcblk0: p1 p2
[    2.729749] mmcblk0: p2 size 31221760 extends beyond EOD, truncated
[    2.742967] SMSC LAN8710/LAN8720 4a101000.mdio:00: attached PHY driver (mii_bus:phy_addr=4a101000.mdio:00, irq=POLL)
[    2.755652] mmc1: new high speed MMC card at address 0001
[    2.762613] mmcblk1: mmc1:0001 MMC04G 3.60 GiB
[    2.774253]  mmcblk1: p1 p2
[    2.778538] mmcblk1boot0: mmc1:0001 MMC04G 2.00 MiB
[    2.785884] mmcblk1boot1: mmc1:0001 MMC04G 2.00 MiB
[    2.793312] mmcblk1rpmb: mmc1:0001 MMC04G 128 KiB, chardev (250:0)
[    8.002492] cpsw-switch 4a100000.switch eth0: Link is Up - 100Mbps/Full - flow control off
[    8.031725] IP-Config: Complete:
[    8.034998]      device=eth0, hwaddr=6c:ec:eb:68:de:78, ipaddr=192.168.255.1, mask=255.255.255.0, gw=255.255.255.255
[    8.045646]      host=bbb1, domain=, nis-domain=(none)
[    8.050814]      bootserver=192.168.255.126, rootserver=192.168.255.126, rootpath=
[    8.051225] clk: Disabling unused clocks
[    8.063091] PM: genpd: Disabling unused power domains
[    8.068213] KTAP version 1
[    8.070934] 1..0
[    8.096071] VFS: Mounted root (nfs filesystem) on device 0:17.
[    8.103169] devtmpfs: mounted
[    8.107839] Freeing unused kernel image (initmem) memory: 1024K
[    8.114698] Run /sbin/init as init process
[    8.118837]   with arguments:
[    8.118850]     /sbin/init
[    8.118860]     nfsrootdebug
[    8.118869]   with environment:
[    8.118878]     HOME=/
[    8.118887]     TERM=linux
[    8.834657] systemd[1]: System time before build time, advancing clock.
[   10.241732] random: crng init done
[   10.283318] systemd[1]: systemd 232 running in system mode. (+PAM +AUDIT +SELINUX +IMA +APPARMOR +SMACK +SYSVINIT +UTMP +LIBCRYPTSETUP +GCRYPT +GNUTLS +ACL +XZ +LZ4 +SECCOMP +BLKID +ELFUTILS +KMOD +IDN)
[   10.302504] systemd[1]: Detected architecture arm.
[   10.334885] systemd[1]: Set hostname to <arm>.
[   11.452925] systemd[1]: Listening on Journal Audit Socket.
[   11.473937] systemd[1]: Listening on Journal Socket.
[   11.503406] systemd[1]: Created slice System Slice.
[   11.533221] systemd[1]: Created slice system-serial\x2dgetty.slice.
[   11.592317] systemd[1]: Mounting POSIX Message Queue File System...
[   11.619408] systemd[1]: Mounting Debug File System...
[   11.657809] systemd[1]: Listening on /dev/initctl Compatibility Named Pipe.
[   13.490585] systemd-journald[92]: Received request to flush runtime journal from PID 1
[   16.511084] leds-gpio leds: using DT '/leds/led2' for '(default)' GPIO lookup
[   16.511193] of_get_named_gpiod_flags: parsed 'gpios' property of node '/leds/led2[0]' - status (0)
[   16.511252] gpio gpiochip0: Persistence not supported for GPIO 21
[   16.511268] gpio-533 (?): no flags found for GPIO (default)
[   16.552083] leds-gpio leds: using DT '/leds/led3' for '(default)' GPIO lookup
[   16.552188] of_get_named_gpiod_flags: parsed 'gpios' property of node '/leds/led3[0]' - status (0)
[   16.552245] gpio gpiochip0: Persistence not supported for GPIO 22
[   16.552260] gpio-534 (?): no flags found for GPIO (default)
[   16.583945] leds-gpio leds: using DT '/leds/led4' for '(default)' GPIO lookup
[   16.584048] of_get_named_gpiod_flags: parsed 'gpios' property of node '/leds/led4[0]' - status (0)
[   16.584102] gpio gpiochip0: Persistence not supported for GPIO 23
[   16.584117] gpio-535 (?): no flags found for GPIO (default)
[   16.614136] leds-gpio leds: using DT '/leds/led5' for '(default)' GPIO lookup
[   16.614239] of_get_named_gpiod_flags: parsed 'gpios' property of node '/leds/led5[0]' - status (0)
[   16.614295] gpio gpiochip0: Persistence not supported for GPIO 24
[   16.614310] gpio-536 (?): no flags found for GPIO (default)
[   16.919307] remoteproc remoteproc0: wkup_m3 is available
[   17.266258] at24 2-0054: supply vcc not found, using dummy regulator
[   17.439044] at24 2-0055: supply vcc not found, using dummy regulator
[   17.517443] at24 2-0056: supply vcc not found, using dummy regulator
[   17.610436] at24 2-0057: supply vcc not found, using dummy regulator
[   17.775590] at24 0-0050: using DT '/ocp/interconnect@44c00000/segment@200000/target-module@b000/i2c@0/eeprom@50' for 'wp' GPIO lookup
[   17.775703] of_get_named_gpiod_flags: can't parse 'wp-gpios' property of node '/ocp/interconnect@44c00000/segment@200000/target-module@b000/i2c@0/eeprom@50[0]'
[   17.775759] of_get_named_gpiod_flags: can't parse 'wp-gpio' property of node '/ocp/interconnect@44c00000/segment@200000/target-module@b000/i2c@0/eeprom@50[0]'
[   17.775808] at24 0-0050: using lookup tables for GPIO lookup
[   17.775822] at24 0-0050: No GPIO consumer wp found
[   17.776193] at24 0-0050: 32768 byte 24c256 EEPROM, writable, 1 bytes/write
[   17.795469] wkup_m3_ipc 44e11324.wkup_m3_ipc: IPC Request for A8->M3 Channel failed! -517
[   18.287603] tps6521x_pwrbutton tps65217-pwrbutton: DMA mask not set
[   18.314656] omap_wdt: OMAP Watchdog Timer Rev 0x01: initial timeout 60 sec
[   18.323733] wkup_m3_ipc 44e11324.wkup_m3_ipc: IPC Request for A8->M3 Channel failed! -517
[   18.407679] omap_rtc 44e3e000.rtc: registered as rtc0
[   18.412977] omap_rtc 44e3e000.rtc: setting system clock to 2000-01-01T00:00:00 UTC (946684800)
[   18.421715] omap_rtc 44e3e000.rtc: using DT '/ocp/interconnect@44c00000/segment@200000/target-module@3e000/rtc@0' for 'wp' GPIO lookup
[   18.421789] of_get_named_gpiod_flags: can't parse 'wp-gpios' property of node '/ocp/interconnect@44c00000/segment@200000/target-module@3e000/rtc@0[0]'
[   18.421841] of_get_named_gpiod_flags: can't parse 'wp-gpio' property of node '/ocp/interconnect@44c00000/segment@200000/target-module@3e000/rtc@0[0]'
[   18.421884] omap_rtc 44e3e000.rtc: using lookup tables for GPIO lookup
[   18.421899] omap_rtc 44e3e000.rtc: No GPIO consumer wp found
[   18.439129] input: tps65217_pwrbutton as /devices/platform/ocp/44c00000.interconnect/44c00000.interconnect:segment@200000/44e0b000.target-module/44e0b000.i2c/i2c-0/0-0024/tps65217-pwrbutton/input/input0
[   18.468077] wkup_m3_ipc 44e11324.wkup_m3_ipc: IPC Request for A8->M3 Channel failed! -517
[   18.629010] wkup_m3_ipc 44e11324.wkup_m3_ipc: IPC Request for A8->M3 Channel failed! -517
[   18.936733] am335x-phy-driver 47401300.usb-phy: using DT '/ocp/target-module@47400000/usb-phy@1300' for 'reset' GPIO lookup
[   18.936885] of_get_named_gpiod_flags: can't parse 'reset-gpios' property of node '/ocp/target-module@47400000/usb-phy@1300[0]'
[   18.936994] of_get_named_gpiod_flags: can't parse 'reset-gpio' property of node '/ocp/target-module@47400000/usb-phy@1300[0]'
[   18.937083] am335x-phy-driver 47401300.usb-phy: using lookup tables for GPIO lookup
[   18.937100] am335x-phy-driver 47401300.usb-phy: No GPIO consumer reset found
[   18.937162] am335x-phy-driver 47401300.usb-phy: using DT '/ocp/target-module@47400000/usb-phy@1300' for 'vbus-detect' GPIO lookup
[   18.937202] of_get_named_gpiod_flags: can't parse 'vbus-detect-gpios' property of node '/ocp/target-module@47400000/usb-phy@1300[0]'
[   18.937238] of_get_named_gpiod_flags: can't parse 'vbus-detect-gpio' property of node '/ocp/target-module@47400000/usb-phy@1300[0]'
[   18.937307] am335x-phy-driver 47401300.usb-phy: using lookup tables for GPIO lookup
[   18.937322] am335x-phy-driver 47401300.usb-phy: No GPIO consumer vbus-detect found
[   18.937577] am335x-phy-driver 47401300.usb-phy: dummy supplies not allowed for exclusive requests (id=vbus)
[   19.070247] usbcore: registered new interface driver usbfs
[   19.076125] usbcore: registered new interface driver hub
[   19.081572] usbcore: registered new device driver usb
[   19.227084] am335x-phy-driver 47401b00.usb-phy: using DT '/ocp/target-module@47400000/usb-phy@1b00' for 'reset' GPIO lookup
[   19.227180] of_get_named_gpiod_flags: can't parse 'reset-gpios' property of node '/ocp/target-module@47400000/usb-phy@1b00[0]'
[   19.227227] of_get_named_gpiod_flags: can't parse 'reset-gpio' property of node '/ocp/target-module@47400000/usb-phy@1b00[0]'
[   19.227267] am335x-phy-driver 47401b00.usb-phy: using lookup tables for GPIO lookup
[   19.227282] am335x-phy-driver 47401b00.usb-phy: No GPIO consumer reset found
[   19.227297] am335x-phy-driver 47401b00.usb-phy: using DT '/ocp/target-module@47400000/usb-phy@1b00' for 'vbus-detect' GPIO lookup
[   19.227329] of_get_named_gpiod_flags: can't parse 'vbus-detect-gpios' property of node '/ocp/target-module@47400000/usb-phy@1b00[0]'
[   19.227362] of_get_named_gpiod_flags: can't parse 'vbus-detect-gpio' property of node '/ocp/target-module@47400000/usb-phy@1b00[0]'
[   19.227389] am335x-phy-driver 47401b00.usb-phy: using lookup tables for GPIO lookup
[   19.227401] am335x-phy-driver 47401b00.usb-phy: No GPIO consumer vbus-detect found
[   19.227551] am335x-phy-driver 47401b00.usb-phy: dummy supplies not allowed for exclusive requests (id=vbus)
[   19.242886] wkup_m3_ipc 44e11324.wkup_m3_ipc: IPC Request for A8->M3 Channel failed! -517
[   19.383646] tda998x 0-0070: found TDA19988
[   19.454958] wkup_m3_ipc 44e11324.wkup_m3_ipc: IPC Request for A8->M3 Channel failed! -517
[   19.640757] wkup_m3_ipc 44e11324.wkup_m3_ipc: IPC Request for A8->M3 Channel failed! -517
[   19.721912] musb-hdrc musb-hdrc.1: MUSB HDRC host driver
[   19.727336] musb-hdrc musb-hdrc.1: new USB bus registered, assigned bus number 1
[   19.793523] wkup_m3_ipc 44e11324.wkup_m3_ipc: IPC Request for A8->M3 Channel failed! -517
[   20.093398] usb usb1: New USB device found, idVendor=1d6b, idProduct=0002, bcdDevice= 6.12
[   20.102009] usb usb1: New USB device strings: Mfr=3, Product=2, SerialNumber=1
[   20.109282] usb usb1: Product: MUSB HDRC host driver
[   20.114399] usb usb1: Manufacturer: Linux 6.12.0-next-20241120 musb-hcd
[   20.121055] usb usb1: SerialNumber: musb-hdrc.1
[   20.437671] omap-mailbox 480c8000.mailbox: omap mailbox rev 0x400
[   20.467877] hub 1-0:1.0: USB hub found
[   20.496143] remoteproc remoteproc0: powering up wkup_m3
[   20.525972] hub 1-0:1.0: 1 port detected
[   20.605682] remoteproc remoteproc0: Direct firmware load for am335x-pm-firmware.elf failed with error -2
[   20.615491] remoteproc remoteproc0: request_firmware failed: -2
[   20.621456] wkup_m3_ipc 44e11324.wkup_m3_ipc: rproc_boot failed
[   22.387565] tilcdc 4830e000.lcdc: bound 0-0070 (ops tda998x_driver_exit [tda998x])
[   22.512056] [drm] Initialized tilcdc 1.0.0 for 4830e000.lcdc on minor 0
[   22.594729] tilcdc 4830e000.lcdc: [drm] Cannot find any crtc or sizes
[   22.610013] omap_rng 48310000.rng: Random Number Generator ver. 20
[   22.674820] tilcdc 4830e000.lcdc: [drm] Cannot find any crtc or sizes
[   23.695833] omap-sham 53100000.sham: hw accel on OMAP rev 4.3
[   23.716847] PM: Cannot get wkup_m3_ipc handle
[   23.818046] omap-sham 53100000.sham: will run requests pump with realtime priority
[   23.831000] PM: Cannot get wkup_m3_ipc handle
[   23.952617] omap-aes 53500000.aes: OMAP AES hw accel rev: 3.2
[   24.087188] omap-aes 53500000.aes: will run requests pump with realtime priority
[   24.098575] PM: Cannot get wkup_m3_ipc handle
[   24.809812] Bluetooth: Core ver 2.22
[   24.813857] NET: Registered PF_BLUETOOTH protocol family
[   24.819212] Bluetooth: HCI device and connection manager initialized
[   24.825759] Bluetooth: HCI socket layer initialized
[   24.830679] Bluetooth: L2CAP socket layer initialized
[   24.835839] Bluetooth: SCO socket layer initialized
[   27.137358] PM: Cannot get wkup_m3_ipc handle
[   27.143359] asoc-simple-card sound: using DT '/sound' for 'simple-audio-card,hp-det' GPIO lookup
[   27.143444] of_get_named_gpiod_flags: can't parse 'simple-audio-card,hp-det-gpios' property of node '/sound[0]'
[   27.143485] of_get_named_gpiod_flags: can't parse 'simple-audio-card,hp-det-gpio' property of node '/sound[0]'
[   27.143511] asoc-simple-card sound: using lookup tables for GPIO lookup
[   27.143525] asoc-simple-card sound: No GPIO consumer simple-audio-card,hp-det found
[   27.143541] asoc-simple-card sound: using DT '/sound' for 'simple-audio-card,mic-det' GPIO lookup
[   27.143568] of_get_named_gpiod_flags: can't parse 'simple-audio-card,mic-det-gpios' property of node '/sound[0]'
[   27.143597] of_get_named_gpiod_flags: can't parse 'simple-audio-card,mic-det-gpio' property of node '/sound[0]'
[   27.143618] asoc-simple-card sound: using lookup tables for GPIO lookup
[   27.143630] asoc-simple-card sound: No GPIO consumer simple-audio-card,mic-det found
[   27.273599] PM: Cannot get wkup_m3_ipc handle
[   30.726173] userial_init: registered 8 ttyGS* devices
[   30.914217] rndis_register: configNr = 0
[   30.977462] udc musb-hdrc.0: binding gadget driver [g_multi]
[   30.977561] configfs-gadget.g_multi gadget.0: adding 'rndis'/70a45a4f to config 'c'/6a753f6e
[   30.978717] configfs-gadget.g_multi gadget.0: HOST MAC 1c:ba:8c:a2:ed:6c
[   30.985707] configfs-gadget.g_multi gadget.0: MAC 1c:ba:8c:a2:ed:70
[   30.992140] rndis_set_param_medium: 0 0
[   30.992164] configfs-gadget.g_multi gadget.0: RNDIS: IN/ep1in OUT/ep1out NOTIFY/ep2in
[   30.992181] configfs-gadget.g_multi gadget.0: adding 'cdc_ethernet'/2411ae0d to config 'c'/6a753f6e
[   30.993099] configfs-gadget.g_multi gadget.0: HOST MAC 1c:ba:8c:a2:ed:6c
[   30.999862] configfs-gadget.g_multi gadget.0: MAC 1c:ba:8c:a2:ed:6d
[   31.006317] configfs-gadget.g_multi gadget.0: CDC Ethernet: IN/ep3in OUT/ep2out NOTIFY/ep4in
[   31.006338] configfs-gadget.g_multi gadget.0: adding 'acm'/5f65c8de to config 'c'/6a753f6e
[   31.006372] configfs-gadget.g_multi gadget.0: acm ttyGS0: IN/ep5in OUT/ep3out NOTIFY/ep6in
[   31.025170] PM: Cannot get wkup_m3_ipc handle
[   33.452328] configfs-gadget.g_multi gadget.0: eth_open
[   37.198979] gs_open: ttyGS0 (ba665e81,dadd6867)
[   37.199138] gs_close: ttyGS0 (ba665e81,dadd6867) ...
[   37.199162] gs_close: ttyGS0 (ba665e81,dadd6867) done!
[   37.213901] gs_open: ttyGS0 (ba665e81,dadd6867)
[   37.214034] gs_close: ttyGS0 (ba665e81,dadd6867) ...
[   37.214057] gs_close: ttyGS0 (ba665e81,dadd6867) done!
[   37.396427] gs_open: ttyGS0 (263aa39e,89548986)
[   37.396669] gs_close: ttyGS0 (263aa39e,89548986) ...
[   37.396697] gs_close: ttyGS0 (263aa39e,89548986) done!
[   37.398101] gs_open: ttyGS0 (263aa39e,89548986)
JVGYPJPVPO 0
root@arm:~# echo 'JYAK''ELXLNO'
JYAKELXLNO
root@arm:~# MARKER='XJLP''AWLQYC' run 'modprobe test_linear_ranges'
XJLPAWLQYCXJLPAWLQYC 0
root@arm:~# echo 'XPTV''ASWAGG'
XPTVASWAGG
root@arm:~# MARKER='TJWK''HTUZJF' run dmesg
TJWKHTUZJF[    0.000000] Booting Linux on physical CPU 0x0
[    0.000000] Linux version 6.12.0-next-20241120 (user01@drvtest01) (arm-linux-gnueabihf-gcc (Linaro GCC 6.4-2017.11) 6.4.1 20171012, GNU ld (Linaro_Binutils-2017.11) 2.27.0.20161229) #141 SMP Wed Nov 20 08:45:59 EET 2024
[    0.000000] CPU: ARMv7 Processor [413fc082] revision 2 (ARMv7), cr=10c5387d
[    0.000000] CPU: PIPT / VIPT nonaliasing data cache, VIPT aliasing instruction cache
[    0.000000] OF: fdt: Machine model: TI AM335x BeagleBone Black
[    0.000000] Memory policy: Data cache writeback
[    0.000000] cma: Reserved 16 MiB at 0x9e800000 on node -1
[    0.000000] Zone ranges:
[    0.000000]   Normal   [mem 0x0000000080000000-0x000000009fdfffff]
[    0.000000]   HighMem  empty
[    0.000000] Movable zone start for each node
[    0.000000] Early memory node ranges
[    0.000000]   node   0: [mem 0x0000000080000000-0x000000009fdfffff]
[    0.000000] Initmem setup node 0 [mem 0x0000000080000000-0x000000009fdfffff]
[    0.000000] OF: reserved mem: Reserved memory: No reserved-memory node in the DT
[    0.000000] CPU: All CPU(s) started in SVC mode.
[    0.000000] AM335X ES2.1 (sgx neon)
[    0.000000] percpu: Embedded 17 pages/cpu s39564 r8192 d21876 u69632
[    0.000000] pcpu-alloc: s39564 r8192 d21876 u69632 alloc=17*4096
[    0.000000] pcpu-alloc: [0] 0 
[    0.000000] Kernel command line: console=ttyO0,115200n8 root=/dev/nfs rw nfsroot=192.168.255.126:/home/user01/nfs,nfsvers=3 ip=192.168.255.1:192.168.255.126::255.255.255.0:bbb1:eth0 nfsrootdebug
[    0.000000] Unknown kernel command line parameters "nfsrootdebug", will be passed to user space.
[    0.000000] printk: log buffer data + meta data: 65536 + 204800 = 270336 bytes
[    0.000000] Dentry cache hash table entries: 65536 (order: 6, 262144 bytes, linear)
[    0.000000] Inode-cache hash table entries: 32768 (order: 5, 131072 bytes, linear)
[    0.000000] Built 1 zonelists, mobility grouping on.  Total pages: 130560
[    0.000000] mem auto-init: stack:off, heap alloc:off, heap free:off
[    0.000000] SLUB: HWalign=64, Order=0-3, MinObjects=0, CPUs=1, Nodes=1
[    0.000000] trace event string verifier disabled
[    0.000000] rcu: Hierarchical RCU implementation.
[    0.000000] rcu: 	RCU event tracing is enabled.
[    0.000000] rcu: 	RCU restricting CPUs from NR_CPUS=2 to nr_cpu_ids=1.
[    0.000000] 	Tracing variant of Tasks RCU enabled.
[    0.000000] rcu: RCU calculated value of scheduler-enlistment delay is 10 jiffies.
[    0.000000] rcu: Adjusting geometry for rcu_fanout_leaf=16, nr_cpu_ids=1
[    0.000000] RCU Tasks Trace: Setting shift to 0 and lim to 1 rcu_task_cb_adjust=1 rcu_task_cpu_ids=1.
[    0.000000] NR_IRQS: 16, nr_irqs: 16, preallocated irqs: 16
[    0.000000] IRQ: Found an INTC at 0x(ptrval) (revision 5.0) with 128 interrupts
[    0.000000] rcu: srcu_init: Setting srcu_struct sizes based on contention.
[    0.000000] TI gptimer clocksource: always-on /ocp/interconnect@44c00000/segment@200000/target-module@31000
[    0.000003] sched_clock: 32 bits at 24MHz, resolution 41ns, wraps every 89478484971ns
[    0.000026] clocksource: dmtimer: mask: 0xffffffff max_cycles: 0xffffffff, max_idle_ns: 79635851949 ns
[    0.000504] TI gptimer clockevent: 24000000 Hz at /ocp/interconnect@48000000/segment@0/target-module@40000
[    0.002145] Console: colour dummy device 80x30
[    0.002211] WARNING: Your 'console=ttyO0' has been replaced by 'ttyS0'
[    0.002219] This ensures that you still see kernel messages. Please
[    0.002224] update your kernel commandline.
[    0.002265] Calibrating delay loop... 996.14 BogoMIPS (lpj=4980736)
[    0.090555] CPU: Testing write buffer coherency: ok
[    0.090656] CPU0: Spectre v2: using BPIALL workaround
[    0.090667] pid_max: default: 32768 minimum: 301
[    0.090788] LSM: initializing lsm=capability
[    0.090962] Mount-cache hash table entries: 1024 (order: 0, 4096 bytes, linear)
[    0.090982] Mountpoint-cache hash table entries: 1024 (order: 0, 4096 bytes, linear)
[    0.092654] CPU0: thread -1, cpu 0, socket -1, mpidr 0
[    0.160938] Setting up static identity map for 0x80100000 - 0x80100078
[    0.170711] rcu: Hierarchical SRCU implementation.
[    0.170724] rcu: 	Max phase no-delay instances is 1000.
[    0.190769] smp: Bringing up secondary CPUs ...
[    0.190826] smp: Brought up 1 node, 1 CPU
[    0.190842] SMP: Total of 1 processors activated (996.14 BogoMIPS).
[    0.190855] CPU: All CPU(s) started in SVC mode.
[    0.191048] Memory: 480840K/522240K available (11264K kernel code, 1213K rwdata, 2896K rodata, 1024K init, 297K bss, 23388K reserved, 16384K cma-reserved, 0K highmem)
[    0.191926] devtmpfs: initialized
[    0.208931] VFP support v0.3: implementor 41 architecture 3 part 30 variant c rev 3
[    0.209284] clocksource: jiffies: mask: 0xffffffff max_cycles: 0xffffffff, max_idle_ns: 19112604462750000 ns
[    0.209318] futex hash table entries: 256 (order: 2, 16384 bytes, linear)
[    0.210841] pinctrl core: initialized pinctrl subsystem
[    0.213684] NET: Registered PF_NETLINK/PF_ROUTE protocol family
[    0.216519] DMA: preallocated 256 KiB pool for atomic coherent allocations
[    0.217414] audit: initializing netlink subsys (disabled)
[    0.218852] thermal_sys: Registered thermal governor 'fair_share'
[    0.218869] thermal_sys: Registered thermal governor 'step_wise'
[    0.218878] thermal_sys: Registered thermal governor 'user_space'
[    0.219032] audit: type=2000 audit(0.210:1): state=initialized audit_enabled=0 res=1
[    0.219070] cpuidle: using governor menu
[    0.237398] /ocp/interconnect@44c00000/segment@200000/target-module@b000/i2c@0/tda19988@70: Fixed dependency cycle(s) with /ocp/interconnect@48000000/segment@300000/target-module@e000/lcdc@0
[    0.238558] /ocp/interconnect@48000000/segment@300000/target-module@e000/lcdc@0: Fixed dependency cycle(s) with /ocp/interconnect@44c00000/segment@200000/target-module@b000/i2c@0/tda19988@70
[    0.240923] No ATAGs?
[    0.240944] hw-breakpoint: debug architecture 0x4 unsupported.
[    0.243734] kprobes: kprobe jump-optimization is enabled. All kprobes are optimized if possible.
[    0.254412] iommu: Default domain type: Translated
[    0.254435] iommu: DMA domain TLB invalidation policy: strict mode
[    0.261629] reg-fixed-voltage fixedregulator0: using DT '/fixedregulator0' for '(default)' GPIO lookup
[    0.261686] of_get_named_gpiod_flags: can't parse 'gpios' property of node '/fixedregulator0[0]'
[    0.261715] of_get_named_gpiod_flags: can't parse 'gpio' property of node '/fixedregulator0[0]'
[    0.261733] reg-fixed-voltage fixedregulator0: using lookup tables for GPIO lookup
[    0.261743] reg-fixed-voltage fixedregulator0: No GPIO consumer (default) found
[    0.262779] SCSI subsystem initialized
[    0.263288] libata version 3.00 loaded.
[    0.263655] pps_core: LinuxPPS API ver. 1 registered
[    0.263665] pps_core: Software ver. 5.3.6 - Copyright 2005-2007 Rodolfo Giometti <giometti@linux.it>
[    0.263689] PTP clock support registered
[    0.271289] vgaarb: loaded
[    0.271708] clocksource: Switched to clocksource dmtimer
[    0.272373] VFS: Disk quotas dquot_6.6.0
[    0.272420] VFS: Dquot-cache hash table entries: 1024 (order 0, 4096 bytes)
[    0.297399] NET: Registered PF_INET protocol family
[    0.297760] IP idents hash table entries: 8192 (order: 4, 65536 bytes, linear)
[    0.299185] tcp_listen_portaddr_hash hash table entries: 512 (order: 0, 4096 bytes, linear)
[    0.299222] Table-perturb hash table entries: 65536 (order: 6, 262144 bytes, linear)
[    0.299239] TCP established hash table entries: 4096 (order: 2, 16384 bytes, linear)
[    0.299283] TCP bind hash table entries: 4096 (order: 4, 65536 bytes, linear)
[    0.299382] TCP: Hash tables configured (established 4096 bind 4096)
[    0.299499] UDP hash table entries: 256 (order: 1, 14336 bytes, linear)
[    0.299537] UDP-Lite hash table entries: 256 (order: 1, 14336 bytes, linear)
[    0.299727] NET: Registered PF_UNIX/PF_LOCAL protocol family
[    0.302483] RPC: Registered named UNIX socket transport module.
[    0.302508] RPC: Registered udp transport module.
[    0.302514] RPC: Registered tcp transport module.
[    0.302519] RPC: Registered tcp-with-tls transport module.
[    0.302525] RPC: Registered tcp NFSv4.1 backchannel transport module.
[    0.302551] PCI: CLS 0 bytes, default 64
[    0.304053] Initialise system trusted keyrings
[    0.312144] workingset: timestamp_bits=14 max_order=17 bucket_order=3
[    0.313492] NFS: Registering the id_resolver key type
[    0.313566] Key type id_resolver registered
[    0.313573] Key type id_legacy registered
[    0.313622] jffs2: version 2.2. (NAND) (SUMMARY)  Â© 2001-2006 Red Hat, Inc.
[    0.314041] Key type asymmetric registered
[    0.314057] Asymmetric key parser 'x509' registered
[    0.314124] io scheduler mq-deadline registered
[    0.314135] io scheduler kyber registered
[    0.314208] io scheduler bfq registered
[    0.315839] ledtrig-cpu: registered to indicate activity on CPUs
[    0.322451] Serial: 8250/16550 driver, 6 ports, IRQ sharing enabled
[    0.359788] brd: module loaded
[    0.384573] loop: module loaded
[    0.385509] mtdoops: mtd device (mtddev=name/number) must be supplied
[    0.399866] mdio_bus fixed-0: using lookup tables for GPIO lookup
[    0.399894] mdio_bus fixed-0: No GPIO consumer reset found
[    0.401265] i2c_dev: i2c /dev entries driver
[    0.402421] cpuidle: enable-method property 'ti,am3352' found operations
[    0.402885] sdhci: Secure Digital Host Controller Interface driver
[    0.402895] sdhci: Copyright(c) Pierre Ossman
[    0.403069] sdhci-pltfm: SDHCI platform and OF driver helper
[    0.404079] Initializing XFRM netlink socket
[    0.404225] NET: Registered PF_INET6 protocol family
[    0.406185] Segment Routing with IPv6
[    0.406276] In-situ OAM (IOAM) with IPv6
[    0.406376] sit: IPv6, IPv4 and MPLS over IPv4 tunneling driver
[    0.407326] NET: Registered PF_PACKET protocol family
[    0.407363] NET: Registered PF_KEY protocol family
[    0.407489] Key type dns_resolver registered
[    0.407765] ThumbEE CPU extension supported.
[    0.407788] Registering SWP/SWPB emulation handler
[    0.408332] omap_voltage_late_init: Voltage driver support not added
[    0.408682] SmartReflex Class3 initialized
[    0.443453] Loading compiled-in X.509 certificates
[    0.491200] /ocp/interconnect@44c00000/segment@200000/target-module@b000/i2c@0/tda19988@70: Fixed dependency cycle(s) with /ocp/interconnect@48000000/segment@300000/target-module@e000/lcdc@0
[    0.497839] /ocp/interconnect@44c00000/segment@200000/target-module@b000/i2c@0/tda19988@70: Fixed dependency cycle(s) with /ocp/interconnect@48000000/segment@300000/target-module@e000/lcdc@0
[    0.503557] gpiochip_find_base_unlocked: found new base at 512
[    0.527602] /ocp/interconnect@44c00000/segment@200000/target-module@b000/i2c@0/tda19988@70: Fixed dependency cycle(s) with /ocp/interconnect@48000000/segment@300000/target-module@e000/lcdc@0
[    0.528481] /ocp/interconnect@44c00000/segment@200000/target-module@b000/i2c@0/tda19988@70: Fixed dependency cycle(s) with /ocp/interconnect@48000000/segment@300000/target-module@e000/lcdc@0
[    0.532135] /ocp/interconnect@44c00000/segment@200000/target-module@10000/scm@0/pinmux@800: Fixed dependency cycle(s) with /ocp/interconnect@44c00000/segment@200000/target-module@10000/scm@0/pinmux@800/clkout2-pins
[    0.532744] pinctrl-single 44e10800.pinmux: 142 pins, size 568
[    0.537920] ti-sysc 44e31000.target-module: probe with driver ti-sysc failed with error -16
[    0.569632] /ocp/interconnect@48000000/segment@300000/target-module@e000/lcdc@0: Fixed dependency cycle(s) with /ocp/interconnect@44c00000/segment@200000/target-module@b000/i2c@0/tda19988@70
[    0.577692] ti-sysc 48040000.target-module: probe with driver ti-sysc failed with error -16
[    0.588999] gpiochip_find_base_unlocked: found new base at 512
[    0.589099] gpio gpiochip0: (gpio-0-31): created GPIO range 0->7 ==> 44e10800.pinmux PIN 0->7
[    0.589118] gpio gpiochip0: (gpio-0-31): created GPIO range 8->11 ==> 44e10800.pinmux PIN 90->93
[    0.589134] gpio gpiochip0: (gpio-0-31): created GPIO range 12->27 ==> 44e10800.pinmux PIN 12->27
[    0.589149] gpio gpiochip0: (gpio-0-31): created GPIO range 28->31 ==> 44e10800.pinmux PIN 30->33
[    0.629823] gpio gpiochip0: (gpio-0-31): added GPIO chardev (254:0)
[    0.629968] gpio gpiochip0: registered GPIOs 512 to 543 on gpio-0-31
[    0.630054] OMAP GPIO hardware version 0.1
[    0.643661] i2c i2c-2: using DT '/ocp/interconnect@48000000/segment@100000/target-module@9c000/i2c@0' for 'scl' GPIO lookup
[    0.643736] of_get_named_gpiod_flags: can't parse 'scl-gpios' property of node '/ocp/interconnect@48000000/segment@100000/target-module@9c000/i2c@0[0]'
[    0.643781] of_get_named_gpiod_flags: can't parse 'scl-gpio' property of node '/ocp/interconnect@48000000/segment@100000/target-module@9c000/i2c@0[0]'
[    0.643819] i2c i2c-2: using lookup tables for GPIO lookup
[    0.643829] i2c i2c-2: No GPIO consumer scl found
[    0.643852] i2c i2c-2: using DT '/ocp/interconnect@48000000/segment@100000/target-module@9c000/i2c@0' for 'sda' GPIO lookup
[    0.643889] of_get_named_gpiod_flags: can't parse 'sda-gpios' property of node '/ocp/interconnect@48000000/segment@100000/target-module@9c000/i2c@0[0]'
[    0.643927] of_get_named_gpiod_flags: can't parse 'sda-gpio' property of node '/ocp/interconnect@48000000/segment@100000/target-module@9c000/i2c@0[0]'
[    0.643960] i2c i2c-2: using lookup tables for GPIO lookup
[    0.643968] i2c i2c-2: No GPIO consumer sda found
[    0.644710] omap_i2c 4819c000.i2c: bus 2 rev0.11 at 100 kHz
[    0.650176] gpiochip_find_base_unlocked: found new base at 544
[    0.650277] gpio gpiochip1: (gpio-32-63): created GPIO range 0->17 ==> 44e10800.pinmux PIN 34->51
[    0.650296] gpio gpiochip1: (gpio-32-63): created GPIO range 18->21 ==> 44e10800.pinmux PIN 77->80
[    0.650312] gpio gpiochip1: (gpio-32-63): created GPIO range 22->31 ==> 44e10800.pinmux PIN 56->65
[    0.674695] gpio gpiochip1: (gpio-32-63): added GPIO chardev (254:1)
[    0.674863] gpio gpiochip1: registered GPIOs 544 to 575 on gpio-32-63
[    0.677111] gpiochip_find_base_unlocked: found new base at 576
[    0.677204] gpio gpiochip2: (gpio-64-95): created GPIO range 0->4 ==> 44e10800.pinmux PIN 66->70
[    0.677224] gpio gpiochip2: (gpio-64-95): created GPIO range 5->6 ==> 44e10800.pinmux PIN 98->99
[    0.677239] gpio gpiochip2: (gpio-64-95): created GPIO range 7->8 ==> 44e10800.pinmux PIN 75->76
[    0.677254] gpio gpiochip2: (gpio-64-95): created GPIO range 13->13 ==> 44e10800.pinmux PIN 141->141
[    0.677271] gpio gpiochip2: (gpio-64-95): created GPIO range 14->21 ==> 44e10800.pinmux PIN 100->107
[    0.678006] gpio gpiochip2: (gpio-64-95): added GPIO chardev (254:2)
[    0.678152] gpio gpiochip2: registered GPIOs 576 to 607 on gpio-64-95
[    0.683926] 48000000.interconnect:segment@200000:target-module@0:mpu@0:fck: device ID is greater than 24
[    0.684830] /ocp/interconnect@48000000/segment@300000/target-module@e000/lcdc@0: Fixed dependency cycle(s) with /ocp/interconnect@44c00000/segment@200000/target-module@b000/i2c@0/tda19988@70
[    0.687607] /ocp/interconnect@48000000/segment@300000/target-module@e000/lcdc@0: Fixed dependency cycle(s) with /ocp/interconnect@44c00000/segment@200000/target-module@b000/i2c@0/tda19988@70
[    0.688313] /ocp/interconnect@44c00000/segment@200000/target-module@b000/i2c@0/tda19988@70: Fixed dependency cycle(s) with /ocp/interconnect@48000000/segment@300000/target-module@e000/lcdc@0
[    0.688477] /ocp/interconnect@48000000/segment@300000/target-module@e000/lcdc@0: Fixed dependency cycle(s) with /ocp/interconnect@44c00000/segment@200000/target-module@b000/i2c@0/tda19988@70
[    0.698119] mdio_bus 4a101000.mdio: using DT '/ocp/interconnect@4a000000/segment@0/target-module@100000/switch@0/mdio@1000' for 'reset' GPIO lookup
[    0.698193] of_get_named_gpiod_flags: can't parse 'reset-gpios' property of node '/ocp/interconnect@4a000000/segment@0/target-module@100000/switch@0/mdio@1000[0]'
[    0.698242] of_get_named_gpiod_flags: can't parse 'reset-gpio' property of node '/ocp/interconnect@4a000000/segment@0/target-module@100000/switch@0/mdio@1000[0]'
[    0.698292] mdio_bus 4a101000.mdio: using lookup tables for GPIO lookup
[    0.698302] mdio_bus 4a101000.mdio: No GPIO consumer reset found
[    0.699250] sdhci-omap 481d8000.mmc: using DT '/ocp/interconnect@48000000/segment@100000/target-module@d8000/mmc@0' for 'wp' GPIO lookup
[    0.699325] of_get_named_gpiod_flags: can't parse 'wp-gpios' property of node '/ocp/interconnect@48000000/segment@100000/target-module@d8000/mmc@0[0]'
[    0.699368] of_get_named_gpiod_flags: can't parse 'wp-gpio' property of node '/ocp/interconnect@48000000/segment@100000/target-module@d8000/mmc@0[0]'
[    0.699402] sdhci-omap 481d8000.mmc: using lookup tables for GPIO lookup
[    0.699412] sdhci-omap 481d8000.mmc: No GPIO consumer wp found
[    0.699604] sdhci-omap 481d8000.mmc: supply pbias not found, using dummy regulator
[    0.700106] sdhci-omap 481d8000.mmc: supply vqmmc not found, using dummy regulator
[    0.756117] davinci_mdio 4a101000.mdio: davinci mdio revision 1.6, bus freq 1000000
[    0.773437] mdio_bus 4a101000.mdio:00: using DT '/ocp/interconnect@4a000000/segment@0/target-module@100000/switch@0/mdio@1000/ethernet-phy@0' for 'reset' GPIO lookup
[    0.773538] of_get_named_gpiod_flags: parsed 'reset-gpios' property of node '/ocp/interconnect@4a000000/segment@0/target-module@100000/switch@0/mdio@1000/ethernet-phy@0[0]' - status (0)
[    0.773704] gpio gpiochip0: Persistence not supported for GPIO 8
[    0.917685] davinci_mdio 4a101000.mdio: phy[0]: device 4a101000.mdio:00, driver SMSC LAN8710/LAN8720
[    0.918478] cpsw-switch 4a100000.switch: initialized cpsw ale version 1.4
[    0.918501] cpsw-switch 4a100000.switch: ALE Table size 1024, Policers 0
[    0.918838] cpsw-switch 4a100000.switch: cpts: overflow check period 500 (jiffies)
[    0.918859] cpsw-switch 4a100000.switch: CPTS: ref_clk_freq:250000000 calc_mult:2147483648 calc_shift:29 error:0 nsec/sec
[    0.918972] cpsw-switch 4a100000.switch: Detected MACID = 6c:ec:eb:68:de:78
[    0.920784] cpsw-switch 4a100000.switch: initialized (regs 0x4a100000, pool size 256) hw_ver:0019010C 1.12 (0)
[    0.932038] debugfs: Directory '49000000.dma' with parent 'dmaengine' already present!
[    0.932079] edma 49000000.dma: TI EDMA DMA engine driver
[    0.972024] target-module@4b000000:target-module@140000:pmu@0:fck: device ID is greater than 24
[    0.988539] hw perfevents: enabled with armv7_cortex_a8 PMU driver, 5 (8000000f) counters available
[    0.989513] gpio-clk clk_mcasp0: using DT '/clk_mcasp0' for 'enable' GPIO lookup
[    0.989588] of_get_named_gpiod_flags: parsed 'enable-gpios' property of node '/clk_mcasp0[0]' - status (0)
[    0.989633] gpio gpiochip0: Persistence not supported for GPIO 27
[    0.990445] gpiochip_find_base_unlocked: found new base at 608
[    0.990560] gpio gpiochip3: (gpio-96-127): created GPIO range 0->7 ==> 44e10800.pinmux PIN 82->89
[    0.990580] gpio gpiochip3: (gpio-96-127): created GPIO range 8->11 ==> 44e10800.pinmux PIN 52->55
[    0.990596] gpio gpiochip3: (gpio-96-127): created GPIO range 12->15 ==> 44e10800.pinmux PIN 94->97
[    0.990611] gpio gpiochip3: (gpio-96-127): created GPIO range 16->17 ==> 44e10800.pinmux PIN 71->72
[    0.990626] gpio gpiochip3: (gpio-96-127): created GPIO range 18->18 ==> 44e10800.pinmux PIN 135->135
[    0.990643] gpio gpiochip3: (gpio-96-127): created GPIO range 19->20 ==> 44e10800.pinmux PIN 108->109
[    0.990659] gpio gpiochip3: (gpio-96-127): created GPIO range 21->21 ==> 44e10800.pinmux PIN 73->73
[    0.990676] gpio gpiochip3: (gpio-96-127): created GPIO range 22->23 ==> 44e10800.pinmux PIN 8->9
[    0.990693] gpio gpiochip3: (gpio-96-127): created GPIO range 26->27 ==> 44e10800.pinmux PIN 10->11
[    0.990710] gpio gpiochip3: (gpio-96-127): created GPIO range 28->28 ==> 44e10800.pinmux PIN 74->74
[    0.990728] gpio gpiochip3: (gpio-96-127): created GPIO range 29->29 ==> 44e10800.pinmux PIN 81->81
[    0.990746] gpio gpiochip3: (gpio-96-127): created GPIO range 30->31 ==> 44e10800.pinmux PIN 28->29
[    0.996092] l3-aon-clkctrl:0000:0: failed to disable
[    0.996681] gpio gpiochip3: (gpio-96-127): added GPIO chardev (254:3)
[    0.996832] gpio gpiochip3: registered GPIOs 608 to 639 on gpio-96-127
[    0.998722] omap8250 44e09000.serial: using DT '/ocp/interconnect@44c00000/segment@200000/target-module@9000/serial@0' for 'rs485-term' GPIO lookup
[    0.998801] of_get_named_gpiod_flags: can't parse 'rs485-term-gpios' property of node '/ocp/interconnect@44c00000/segment@200000/target-module@9000/serial@0[0]'
[    0.998846] of_get_named_gpiod_flags: can't parse 'rs485-term-gpio' property of node '/ocp/interconnect@44c00000/segment@200000/target-module@9000/serial@0[0]'
[    0.998884] omap8250 44e09000.serial: using lookup tables for GPIO lookup
[    0.998894] omap8250 44e09000.serial: No GPIO consumer rs485-term found
[    0.998904] omap8250 44e09000.serial: using DT '/ocp/interconnect@44c00000/segment@200000/target-module@9000/serial@0' for 'rs485-rx-during-tx' GPIO lookup
[    0.998942] of_get_named_gpiod_flags: can't parse 'rs485-rx-during-tx-gpios' property of node '/ocp/interconnect@44c00000/segment@200000/target-module@9000/serial@0[0]'
[    0.998980] of_get_named_gpiod_flags: can't parse 'rs485-rx-during-tx-gpio' property of node '/ocp/interconnect@44c00000/segment@200000/target-module@9000/serial@0[0]'
[    0.999013] omap8250 44e09000.serial: using lookup tables for GPIO lookup
[    0.999022] omap8250 44e09000.serial: No GPIO consumer rs485-rx-during-tx found
[    0.999392] 44e09000.serial: ttyS0 at MMIO 0x44e09000 (irq = 34, base_baud = 3000000) is a 8250
[    0.999479] printk: legacy console [ttyS0] enabled
[    2.480593] i2c i2c-0: using DT '/ocp/interconnect@44c00000/segment@200000/target-module@b000/i2c@0' for 'scl' GPIO lookup
[    2.480685] of_get_named_gpiod_flags: can't parse 'scl-gpios' property of node '/ocp/interconnect@44c00000/segment@200000/target-module@b000/i2c@0[0]'
[    2.480736] of_get_named_gpiod_flags: can't parse 'scl-gpio' property of node '/ocp/interconnect@44c00000/segment@200000/target-module@b000/i2c@0[0]'
[    2.480779] i2c i2c-0: using lookup tables for GPIO lookup
[    2.480793] i2c i2c-0: No GPIO consumer scl found
[    2.480818] i2c i2c-0: using DT '/ocp/interconnect@44c00000/segment@200000/target-module@b000/i2c@0' for 'sda' GPIO lookup
[    2.480859] of_get_named_gpiod_flags: can't parse 'sda-gpios' property of node '/ocp/interconnect@44c00000/segment@200000/target-module@b000/i2c@0[0]'
[    2.480901] of_get_named_gpiod_flags: can't parse 'sda-gpio' property of node '/ocp/interconnect@44c00000/segment@200000/target-module@b000/i2c@0[0]'
[    2.480938] i2c i2c-0: using lookup tables for GPIO lookup
[    2.480950] i2c i2c-0: No GPIO consumer sda found
[    2.502699] tps65217-pmic: Failed to locate of_node [id: -1]
[    2.508768] tps65217-bl: Failed to locate of_node [id: -1]
[    2.520185] tps65217 0-0024: TPS65217 ID 0xe version 1.2
[    2.526340] /ocp/interconnect@48000000/segment@300000/target-module@e000/lcdc@0: Fixed dependency cycle(s) with /ocp/interconnect@44c00000/segment@200000/target-module@b000/i2c@0/tda19988@70
[    2.543715] /ocp/interconnect@44c00000/segment@200000/target-module@b000/i2c@0/tda19988@70: Fixed dependency cycle(s) with /ocp/interconnect@48000000/segment@300000/target-module@e000/lcdc@0
[    2.561085] omap_i2c 44e0b000.i2c: bus 0 rev0.11 at 400 kHz
[    2.568965] sdhci-omap 48060000.mmc: using DT '/ocp/interconnect@48000000/segment@0/target-module@60000/mmc@0' for 'cd' GPIO lookup
[    2.569083] of_get_named_gpiod_flags: parsed 'cd-gpios' property of node '/ocp/interconnect@48000000/segment@0/target-module@60000/mmc@0[0]' - status (0)
[    2.569155] gpio gpiochip3: Persistence not supported for GPIO 6
[    2.569181] omap_gpio 44e07000.gpio: Could not set line 6 debounce to 200000 microseconds (-22)
[    2.578081] sdhci-omap 48060000.mmc: Got CD GPIO
[    2.582767] sdhci-omap 48060000.mmc: using DT '/ocp/interconnect@48000000/segment@0/target-module@60000/mmc@0' for 'wp' GPIO lookup
[    2.582837] of_get_named_gpiod_flags: can't parse 'wp-gpios' property of node '/ocp/interconnect@48000000/segment@0/target-module@60000/mmc@0[0]'
[    2.582886] of_get_named_gpiod_flags: can't parse 'wp-gpio' property of node '/ocp/interconnect@48000000/segment@0/target-module@60000/mmc@0[0]'
[    2.582927] sdhci-omap 48060000.mmc: using lookup tables for GPIO lookup
[    2.582941] sdhci-omap 48060000.mmc: No GPIO consumer wp found
[    2.583149] sdhci-omap 48060000.mmc: supply pbias not found, using dummy regulator
[    2.591922] sdhci-omap 481d8000.mmc: using DT '/ocp/interconnect@48000000/segment@100000/target-module@d8000/mmc@0' for 'wp' GPIO lookup
[    2.591999] of_get_named_gpiod_flags: can't parse 'wp-gpios' property of node '/ocp/interconnect@48000000/segment@100000/target-module@d8000/mmc@0[0]'
[    2.592049] of_get_named_gpiod_flags: can't parse 'wp-gpio' property of node '/ocp/interconnect@48000000/segment@100000/target-module@d8000/mmc@0[0]'
[    2.592089] sdhci-omap 481d8000.mmc: using lookup tables for GPIO lookup
[    2.592103] sdhci-omap 481d8000.mmc: No GPIO consumer wp found
[    2.593426] sdhci-omap 48060000.mmc: supply vqmmc not found, using dummy regulator
[    2.602487] sdhci-omap 481d8000.mmc: supply pbias not found, using dummy regulator
[    2.610484] sdhci-omap 481d8000.mmc: supply vqmmc not found, using dummy regulator
[    2.649479] mmc1: SDHCI controller on 481d8000.mmc [481d8000.mmc] using External DMA
[    2.658739] mmc0: SDHCI controller on 48060000.mmc [48060000.mmc] using External DMA
[    2.667570] cpsw-switch 4a100000.switch: starting ndev. mode: dual_mac
[    2.711012] mmc0: new high speed SDHC card at address 5048
[    2.718129] mmcblk0: mmc0:5048 SD16G 14.4 GiB
[    2.726319]  mmcblk0: p1 p2
[    2.729749] mmcblk0: p2 size 31221760 extends beyond EOD, truncated
