Labgrid Console Logfile for main
Logfile started at 2025-11-24 10:49:28.917925
=== Log starts here ===
reading args
spl_load_image_fat_os: error reading image args, err - -1
reading u-boot.img
reading u-boot.img


U-Boot 2014.04-00014-g47880f5 (Apr 22 2014 - 13:23:54)

I2C:   ready
DRAM:  512 MiB
NAND:  0 MiB
MMC:   OMAP SD/MMC: 0, OMAP SD/MMC: 1
*** Warning - readenv() failed, using default environment

Net:   <ethaddr> not set. Validating first E-fuse MAC
cpsw, usb_ether
Hit any key to stop autoboot:  1  0 
gpio: pin 53 (gpio 53) value is 1
mmc0 is current device
gpio: pin 54 (gpio 54) value is 1
SD/MMC found on device 0
reading uEnv.txt
569 bytes read in 4 ms (138.7 KiB/s)
gpio: pin 55 (gpio 55) value is 1
Loaded environment from uEnv.txt
Importing environment from mmc ...
Checking if uenvcmd is set ...
gpio: pin 56 (gpio 56) value is 1
Running uenvcmd ...
cpsw Waiting for PHY auto negotiation to complete. done
link up on port 0, speed 100, full duplex
Using cpsw device
TFTP from server 192.168.255.126; our IP address is 192.168.255.1
Filename 'zImage'.
Load address: 0x81000000
Loading: *#################################################################
	 #################################################################
	 #################################################################
	 #################################################################
	 #################################################################
	 ###############################################################
	 2.4 MiB/s
done
Bytes transferred = 5684960 (56bee0 hex)
link up on port 0, speed 100, full duplex
Using cpsw device
TFTP from server 192.168.255.126; our IP address is 192.168.255.1
Filename 'am335x-boneblack.dtb'.
Load address: 0x82000000
Loading: *#######
	 2.4 MiB/s
done
Bytes transferred = 98148 (17f64 hex)
Kernel image @ 0x81000000 [ 0x000000 - 0x56bee0 ]
## Flattened Device Tree blob at 82000000
   Booting using the fdt blob at 0x82000000
   Using Device Tree in place at 82000000, end 8201af63

Starting kernel ...

[    0.000000] Booting Linux on physical CPU 0x0
[    0.000000] Linux version 6.18.0-rc7 (user01@drvtest01) (arm-none-eabi-gcc (Arm GNU Toolchain 14.2.Rel1 (Build arm-14.52)) 14.2.1 20241119, GNU ld (Arm GNU Toolchain 14.2.Rel1 (Build arm-14.52)) 2.43.1.20241119) #1 SMP Mon Nov 24 10:47:45 EET 2025
[    0.000000] CPU: ARMv7 Processor [413fc082] revision 2 (ARMv7), cr=10c5387d
[    0.000000] CPU: PIPT / VIPT nonaliasing data cache, VIPT aliasing instruction cache
[    0.000000] OF: fdt: Machine model: TI AM335x BeagleBone Black
[    0.000000] Memory policy: Data cache writeback
[    0.000000] cma: Reserved 16 MiB at 0x9e800000
[    0.000000] Zone ranges:
[    0.000000]   Normal   [mem 0x0000000080000000-0x000000009fdfffff]
[    0.000000]   HighMem  empty
[    0.000000] Movable zone start for each node
[    0.000000] Early memory node ranges
[    0.000000]   node   0: [mem 0x0000000080000000-0x000000009fdfffff]
[    0.000000] Initmem setup node 0 [mem 0x0000000080000000-0x000000009fdfffff]
[    0.000000] On node 0, zone Normal: 512 pages in unavailable ranges
[    0.000000] OF: reserved mem: Reserved memory: No reserved-memory node in the DT
[    0.000000] CPU: All CPU(s) started in SVC mode.
[    0.000000] AM335X ES2.1 (sgx neon)
[    0.000000] percpu: Embedded 17 pages/cpu s39884 r8192 d21556 u69632
[    0.000000] Kernel command line: console=ttyO0,115200n8 root=/dev/nfs rw nfsroot=192.168.255.126:/home/user01/nfs,nfsvers=3 ip=192.168.255.1:192.168.255.126::255.255.255.0:bbb1:eth0 nfsrootdebug
[    0.000000] Unknown kernel command line parameters "nfsrootdebug", will be passed to user space.
[    0.000000] printk: log buffer data + meta data: 65536 + 204800 = 270336 bytes
[    0.000000] Dentry cache hash table entries: 65536 (order: 6, 262144 bytes, linear)
[    0.000000] Inode-cache hash table entries: 32768 (order: 5, 131072 bytes, linear)
[    0.000000] Built 1 zonelists, mobility grouping on.  Total pages: 130560
[    0.000000] mem auto-init: stack:off, heap alloc:off, heap free:off
[    0.000000] SLUB: HWalign=16, Order=0-3, MinObjects=0, CPUs=1, Nodes=1
[    0.000000] rcu: Hierarchical RCU implementation.
[    0.000000] rcu: 	RCU event tracing is enabled.
[    0.000000] rcu: 	RCU restricting CPUs from NR_CPUS=2 to nr_cpu_ids=1.
[    0.000000] 	Tracing variant of Tasks RCU enabled.
[    0.000000] rcu: RCU calculated value of scheduler-enlistment delay is 10 jiffies.
[    0.000000] rcu: Adjusting geometry for rcu_fanout_leaf=16, nr_cpu_ids=1
[    0.000000] RCU Tasks Trace: Setting shift to 0 and lim to 1 rcu_task_cb_adjust=1 rcu_task_cpu_ids=1.
[    0.000000] NR_IRQS: 16, nr_irqs: 16, preallocated irqs: 16
[    0.000000] IRQ: Found an INTC at 0x(ptrval) (revision 5.0) with 128 interrupts
[    0.000000] rcu: srcu_init: Setting srcu_struct sizes based on contention.
[    0.000000] TI gptimer clocksource: always-on /ocp/interconnect@44c00000/segment@200000/target-module@31000
[    0.000002] sched_clock: 32 bits at 24MHz, resolution 41ns, wraps every 89478484971ns
[    0.000025] clocksource: dmtimer: mask: 0xffffffff max_cycles: 0xffffffff, max_idle_ns: 79635851949 ns
[    0.000491] TI gptimer clockevent: 24000000 Hz at /ocp/interconnect@48000000/segment@0/target-module@40000
[    0.002062] Console: colour dummy device 80x30
[    0.002126] WARNING: Your 'console=ttyO0' has been replaced by 'ttyS0'
[    0.002134] This ensures that you still see kernel messages. Please
[    0.002139] update your kernel commandline.
[    0.002181] Calibrating delay loop... 996.14 BogoMIPS (lpj=4980736)
[    0.090603] CPU: Testing write buffer coherency: ok
[    0.090686] CPU0: Spectre v2: using BPIALL workaround
[    0.090697] pid_max: default: 32768 minimum: 301
[    0.090876] LSM: initializing lsm=capability
[    0.091034] Mount-cache hash table entries: 1024 (order: 0, 4096 bytes, linear)
[    0.091053] Mountpoint-cache hash table entries: 1024 (order: 0, 4096 bytes, linear)
[    0.092642] CPU0: thread -1, cpu 0, socket -1, mpidr 0
[    0.092698] cacheinfo: Unable to detect cache hierarchy for CPU 0
[    0.094746] Setting up static identity map for 0x80100000 - 0x80100078
[    0.095053] rcu: Hierarchical SRCU implementation.
[    0.095063] rcu: 	Max phase no-delay instances is 1000.
[    0.096750] smp: Bringing up secondary CPUs ...
[    0.096802] smp: Brought up 1 node, 1 CPU
[    0.096815] SMP: Total of 1 processors activated (996.14 BogoMIPS).
[    0.096825] CPU: All CPU(s) started in SVC mode.
[    0.097040] Memory: 480864K/522240K available (11264K kernel code, 1226K rwdata, 2956K rodata, 1024K init, 256K bss, 23336K reserved, 16384K cma-reserved, 0K highmem)
[    0.097852] devtmpfs: initialized
[    0.115688] VFP support v0.3: implementor 41 architecture 3 part 30 variant c rev 3
[    0.116331] clocksource: jiffies: mask: 0xffffffff max_cycles: 0xffffffff, max_idle_ns: 19112604462750000 ns
[    0.116388] posixtimers hash table entries: 512 (order: 0, 4096 bytes, linear)
[    0.116416] futex hash table entries: 256 (16384 bytes on 1 NUMA nodes, total 16 KiB, linear).
[    0.117551] pinctrl core: initialized pinctrl subsystem
[    0.119670] NET: Registered PF_NETLINK/PF_ROUTE protocol family
[    0.122718] DMA: preallocated 256 KiB pool for atomic coherent allocations
[    0.123329] audit: initializing netlink subsys (disabled)
[    0.124679] thermal_sys: Registered thermal governor 'fair_share'
[    0.124694] thermal_sys: Registered thermal governor 'step_wise'
[    0.124704] thermal_sys: Registered thermal governor 'user_space'
[    0.124809] audit: type=2000 audit(0.120:1): state=initialized audit_enabled=0 res=1
[    0.124881] cpuidle: using governor menu
[    0.142968] /ocp/interconnect@44c00000/segment@200000/target-module@b000/i2c@0/tda19988@70: Fixed dependency cycle(s) with /ocp/interconnect@48000000/segment@300000/target-module@e000/lcdc@0
[    0.144063] /ocp/interconnect@48000000/segment@300000/target-module@e000/lcdc@0: Fixed dependency cycle(s) with /ocp/interconnect@44c00000/segment@200000/target-module@b000/i2c@0/tda19988@70
[    0.146273] No ATAGs?
[    0.146312] hw-breakpoint: debug architecture 0x4 unsupported.
[    0.149400] kprobes: kprobe jump-optimization is enabled. All kprobes are optimized if possible.
[    0.164097] iommu: Default domain type: Translated
[    0.164121] iommu: DMA domain TLB invalidation policy: strict mode
[    0.172021] SCSI subsystem initialized
[    0.172865] pps_core: LinuxPPS API ver. 1 registered
[    0.172875] pps_core: Software ver. 5.3.6 - Copyright 2005-2007 Rodolfo Giometti <giometti@linux.it>
[    0.172899] PTP clock support registered
[    0.174882] vgaarb: loaded
[    0.180941] clocksource: Switched to clocksource dmtimer
[    0.181656] VFS: Disk quotas dquot_6.6.0
[    0.181718] VFS: Dquot-cache hash table entries: 1024 (order 0, 4096 bytes)
[    0.209766] NET: Registered PF_INET protocol family
[    0.210104] IP idents hash table entries: 8192 (order: 4, 65536 bytes, linear)
[    0.211527] tcp_listen_portaddr_hash hash table entries: 512 (order: 0, 4096 bytes, linear)
[    0.211565] Table-perturb hash table entries: 65536 (order: 6, 262144 bytes, linear)
[    0.211582] TCP established hash table entries: 4096 (order: 2, 16384 bytes, linear)
[    0.211627] TCP bind hash table entries: 4096 (order: 4, 65536 bytes, linear)
[    0.211727] TCP: Hash tables configured (established 4096 bind 4096)
[    0.211850] UDP hash table entries: 256 (order: 2, 14336 bytes, linear)
[    0.211884] UDP-Lite hash table entries: 256 (order: 2, 14336 bytes, linear)
[    0.212093] NET: Registered PF_UNIX/PF_LOCAL protocol family
[    0.213367] RPC: Registered named UNIX socket transport module.
[    0.213387] RPC: Registered udp transport module.
[    0.213393] RPC: Registered tcp transport module.
[    0.213397] RPC: Registered tcp-with-tls transport module.
[    0.213402] RPC: Registered tcp NFSv4.1 backchannel transport module.
[    0.213427] PCI: CLS 0 bytes, default 64
[    0.214836] Initialise system trusted keyrings
[    0.225718] workingset: timestamp_bits=14 max_order=17 bucket_order=3
[    0.227188] NFS: Registering the id_resolver key type
[    0.227247] Key type id_resolver registered
[    0.227253] Key type id_legacy registered
[    0.227377] jffs2: version 2.2. (NAND) (SUMMARY)  Â© 2001-2006 Red Hat, Inc.
[    0.227847] Key type asymmetric registered
[    0.227863] Asymmetric key parser 'x509' registered
[    0.227942] io scheduler mq-deadline registered
[    0.227953] io scheduler kyber registered
[    0.228036] io scheduler bfq registered
[    0.229888] target-module@4b000000:target-module@140000:pmu@0:fck: device ID is greater than 24
[    0.231074] ledtrig-cpu: registered to indicate activity on CPUs
[    0.245652] Serial: 8250/16550 driver, 6 ports, IRQ sharing enabled
[    0.285984] brd: module loaded
[    0.306690] loop: module loaded
[    0.307634] mtdoops: mtd device (mtddev=name/number) must be supplied
[    0.310643] i2c_dev: i2c /dev entries driver
[    0.311654] cpuidle: enable-method property 'ti,am3352' found operations
[    0.312117] sdhci: Secure Digital Host Controller Interface driver
[    0.312126] sdhci: Copyright(c) Pierre Ossman
[    0.312310] sdhci-pltfm: SDHCI platform and OF driver helper
[    0.320713] hw perfevents: enabled with armv7_cortex_a8 PMU driver, 5 (8000000f) counters available
[    0.321252] Initializing XFRM netlink socket
[    0.321424] NET: Registered PF_INET6 protocol family
[    0.323390] Segment Routing with IPv6
[    0.323476] In-situ OAM (IOAM) with IPv6
[    0.323572] sit: IPv6, IPv4 and MPLS over IPv4 tunneling driver
[    0.324539] NET: Registered PF_PACKET protocol family
[    0.324568] NET: Registered PF_KEY protocol family
[    0.324720] Key type dns_resolver registered
[    0.324950] ThumbEE CPU extension supported.
[    0.324970] Registering SWP/SWPB emulation handler
[    0.325698] omap_voltage_late_init: Voltage driver support not added
[    0.326437] SmartReflex Class3 initialized
[    0.365532] Loading compiled-in X.509 certificates
[    0.406688] /ocp/interconnect@44c00000/segment@200000/target-module@b000/i2c@0/tda19988@70: Fixed dependency cycle(s) with /ocp/interconnect@48000000/segment@300000/target-module@e000/lcdc@0
[    0.413069] /ocp/interconnect@44c00000/segment@200000/target-module@b000/i2c@0/tda19988@70: Fixed dependency cycle(s) with /ocp/interconnect@48000000/segment@300000/target-module@e000/lcdc@0
[    0.444132] /ocp/interconnect@44c00000/segment@200000/target-module@b000/i2c@0/tda19988@70: Fixed dependency cycle(s) with /ocp/interconnect@48000000/segment@300000/target-module@e000/lcdc@0
[    0.445015] /ocp/interconnect@44c00000/segment@200000/target-module@b000/i2c@0/tda19988@70: Fixed dependency cycle(s) with /ocp/interconnect@48000000/segment@300000/target-module@e000/lcdc@0
[    0.448831] /ocp/interconnect@44c00000/segment@200000/target-module@10000/scm@0/pinmux@800: Fixed dependency cycle(s) with /ocp/interconnect@44c00000/segment@200000/target-module@10000/scm@0/pinmux@800/clkout2-pins
[    0.449417] pinctrl-single 44e10800.pinmux: 142 pins, size 568
[    0.454680] ti-sysc 44e31000.target-module: probe with driver ti-sysc failed with error -16
[    0.481993] /ocp/interconnect@48000000/segment@300000/target-module@e000/lcdc@0: Fixed dependency cycle(s) with /ocp/interconnect@44c00000/segment@200000/target-module@b000/i2c@0/tda19988@70
[    0.490378] ti-sysc 48040000.target-module: probe with driver ti-sysc failed with error -16
[    0.549181] OMAP GPIO hardware version 0.1
[    0.563829] omap_i2c 4819c000.i2c: bus 2 rev0.11 at 100 kHz
[    0.598247] 48000000.interconnect:segment@200000:target-module@0:mpu@0:fck: device ID is greater than 24
[    0.599142] /ocp/interconnect@48000000/segment@300000/target-module@e000/lcdc@0: Fixed dependency cycle(s) with /ocp/interconnect@44c00000/segment@200000/target-module@b000/i2c@0/tda19988@70
[    0.601943] /ocp/interconnect@48000000/segment@300000/target-module@e000/lcdc@0: Fixed dependency cycle(s) with /ocp/interconnect@44c00000/segment@200000/target-module@b000/i2c@0/tda19988@70
[    0.602645] /ocp/interconnect@44c00000/segment@200000/target-module@b000/i2c@0/tda19988@70: Fixed dependency cycle(s) with /ocp/interconnect@48000000/segment@300000/target-module@e000/lcdc@0
[    0.602825] /ocp/interconnect@48000000/segment@300000/target-module@e000/lcdc@0: Fixed dependency cycle(s) with /ocp/interconnect@44c00000/segment@200000/target-module@b000/i2c@0/tda19988@70
[    0.610753] sdhci-omap 481d8000.mmc: supply pbias not found, using dummy regulator
[    0.611246] sdhci-omap 481d8000.mmc: supply vqmmc not found, using dummy regulator
[    0.704048] davinci_mdio 4a101000.mdio: davinci mdio revision 1.6, bus freq 1000000
[    0.852348] davinci_mdio 4a101000.mdio: phy[0]: device 4a101000.mdio:00, driver SMSC LAN8710/LAN8720
[    0.853126] cpsw-switch 4a100000.switch: initialized cpsw ale version 1.4
[    0.853151] cpsw-switch 4a100000.switch: ALE Table size 1024, Policers 0
[    0.853330] cpsw-switch 4a100000.switch: cpts: overflow check period 500 (jiffies)
[    0.853346] cpsw-switch 4a100000.switch: CPTS: ref_clk_freq:250000000 calc_mult:2147483648 calc_shift:29 error:0 nsec/sec
[    0.853453] cpsw-switch 4a100000.switch: Detected MACID = 6c:ec:eb:68:de:78
[    0.855512] cpsw-switch 4a100000.switch: initialized (regs 0x4a100000, pool size 256) hw_ver:0019010C 1.12 (0)
[    0.867023] debugfs: '49000000.dma' already exists in 'dmaengine'
[    0.867067] edma 49000000.dma: TI EDMA DMA engine driver
[    0.949516] 44e09000.serial: ttyS0 at MMIO 0x44e09000 (irq = 34, base_baud = 3000000) is a 8250
[    0.949608] printk: legacy console [ttyS0] enabled
[    2.446189] tps65217-pmic: Failed to locate of_node [id: -1]
[    2.452255] tps65217-bl: Failed to locate of_node [id: -1]
[    2.459641] platform tps65217-charger: DMA mask not set
[    2.466690] platform tps65217-pwrbutton: DMA mask not set
[    2.474512] tps65217 0-0024: TPS65217 ID 0xe version 1.2
[    2.480607] /ocp/interconnect@48000000/segment@300000/target-module@e000/lcdc@0: Fixed dependency cycle(s) with /ocp/interconnect@44c00000/segment@200000/target-module@b000/i2c@0/tda19988@70
[    2.498025] /ocp/interconnect@44c00000/segment@200000/target-module@b000/i2c@0/tda19988@70: Fixed dependency cycle(s) with /ocp/interconnect@48000000/segment@300000/target-module@e000/lcdc@0
[    2.515438] omap_i2c 44e0b000.i2c: bus 0 rev0.11 at 400 kHz
[    2.523408] omap_gpio 44e07000.gpio: Could not set line 6 debounce to 200000 microseconds (-22)
[    2.532291] sdhci-omap 48060000.mmc: Got CD GPIO
[    2.537330] sdhci-omap 48060000.mmc: supply pbias not found, using dummy regulator
[    2.547294] sdhci-omap 48060000.mmc: supply vqmmc not found, using dummy regulator
[    2.556615] sdhci-omap 481d8000.mmc: supply pbias not found, using dummy regulator
[    2.564665] sdhci-omap 481d8000.mmc: supply vqmmc not found, using dummy regulator
[    2.603186] mmc1: SDHCI controller on 481d8000.mmc [481d8000.mmc] using External DMA
[    2.612230] mmc0: SDHCI controller on 48060000.mmc [48060000.mmc] using External DMA
[    2.621174] cpsw-switch 4a100000.switch: starting ndev. mode: dual_mac
[    2.685548] mmc1: new high speed MMC card at address 0001
[    2.692372] mmcblk1: mmc1:0001 MMC04G 3.60 GiB
[    2.700272]  mmcblk1: p1 p2
[    2.704031] SMSC LAN8710/LAN8720 4a101000.mdio:00: attached PHY driver (mii_bus:phy_addr=4a101000.mdio:00, irq=POLL)
[    2.716641] mmcblk1boot0: mmc1:0001 MMC04G 2.00 MiB
[    2.730502] mmcblk1boot1: mmc1:0001 MMC04G 2.00 MiB
[    2.739191] mmcblk1rpmb: mmc1:0001 MMC04G 128 KiB, chardev (249:0)
[    2.788763] mmc0: new high speed SDHC card at address aaaa
[    2.795700] mmcblk0: mmc0:aaaa SE32G 29.7 GiB
[    2.804791]  mmcblk0: p1 p2
[    5.846010] cpsw-switch 4a100000.switch eth0: Link is Up - 100Mbps/Full - flow control off
[    5.885461] IP-Config: Complete:
[    5.888739]      device=eth0, hwaddr=6c:ec:eb:68:de:78, ipaddr=192.168.255.1, mask=255.255.255.0, gw=255.255.255.255
[    5.899418]      host=bbb1, domain=, nis-domain=(none)
[    5.904588]      bootserver=192.168.255.126, rootserver=192.168.255.126, rootpath=
[    5.905023] clk: Disabling unused clocks
[    5.916869] PM: genpd: Disabling unused power domains
[    5.922019] KTAP version 1
[    5.924744] 1..0
[    5.927232] check access for rdinit=/init failed: -2, ignoring
[    5.954650] VFS: Mounted root (nfs filesystem) on device 0:17.
[    5.961705] devtmpfs: mounted
[    5.966356] Freeing unused kernel image (initmem) memory: 1024K
[    5.973170] Run /sbin/init as init process
[    6.641912] systemd[1]: System time before build time, advancing clock.
[    8.165248] random: crng init done
[    8.178046] systemd[1]: systemd 232 running in system mode. (+PAM +AUDIT +SELINUX +IMA +APPARMOR +SMACK +SYSVINIT +UTMP +LIBCRYPTSETUP +GCRYPT +GNUTLS +ACL +XZ +LZ4 +SECCOMP +BLKID +ELFUTILS +KMOD +IDN)
[    8.197147] systemd[1]: Detected architecture arm.

Welcome to [1mDebian GNU/Linux 9 (stretch)[0m!

[    8.228269] systemd[1]: Set hostname to <arm>.
[    9.323912] systemd[1]: systemd-journald.socket: SO_PASSSEC failed: Operation not supported
[    9.332883] systemd[1]: systemd-journald.socket: SO_PASSSEC failed: Operation not supported
[    9.341643] systemd[1]: Listening on Journal Socket.
[[0;32m  OK  [0m] Listening on Journal Socket.
[    9.366338] systemd[1]: Started Forward Password Requests to Wall Directory Watch.
[[0;32m  OK  [0m] Started Forward Password Requests to Wall Directory Watch.
[    9.395863] systemd[1]: syslog.socket: SO_PASSSEC failed: Operation not supported
[    9.403552] systemd[1]: Listening on Syslog Socket.
[[0;32m  OK  [0m] Listening on Syslog Socket.
[    9.426953] systemd[1]: Set up automount Arbitrary Executable File Formats File System Automount Point.
[[0;32m  OK  [0m] Set up automount Arbitrary Executabâ€¦rmats File System Automount Point.
[[0;32m  OK  [0m] Created slice System Slice.
[[0;32m  OK  [0m] Created slice system-serial\x2dgetty.slice.
         Mounting POSIX Message Queue File System...
         Starting Load Kernel Modules...
[[0;32m  OK  [0m] Listening on Journal Audit Socket.
         Mounting Debug File System...
[[0;32m  OK  [0m] Listening on /dev/initctl Compatibility Named Pipe.
[[0;32m  OK  [0m] Listening on udev Control Socket.
[[0;32m  OK  [0m] Listening on Journal Socket (/dev/log).
[[0;32m  OK  [0m] Reached target Remote File Systems.
         Starting Journal Service...
[[0;32m  OK  [0m] Created slice system-getty.slice.
         Starting Remount Root and Kernel File Systems...
[[0;32m  OK  [0m] Listening on udev Kernel Socket.
         Starting Create list of required stâ€¦ce nodes for the current kernel...
[[0;32m  OK  [0m] Created slice User and Session Slice.
[[0;32m  OK  [0m] Reached target Swap.
[[0;32m  OK  [0m] Reached target Slices.
[[0;32m  OK  [0m] Started Dispatch Password Requests to Console Directory Watch.
[[0;32m  OK  [0m] Reached target Encrypted Volumes.
[[0;32m  OK  [0m] Reached target Paths.
[[0;32m  OK  [0m] Mounted POSIX Message Queue File System.
[[0;32m  OK  [0m] Mounted Debug File System.
[[0;32m  OK  [0m] Started Load Kernel Modules.
[[0;32m  OK  [0m] Started Remount Root and Kernel File Systems.
[[0;32m  OK  [0m] Started Create list of required staâ€¦vice nodes for the current kernel.
         Starting Create Static Device Nodes in /dev...
         Starting udev Coldplug all Devices...
         Starting Load/Save Random Seed...
         Mounting Configuration File System...
         Starting Apply Kernel Variables...
[[0;32m  OK  [0m] Mounted Configuration File System.
[[0;32m  OK  [0m] Started Load/Save Random Seed.
[[0;32m  OK  [0m] Started Apply Kernel Variables.
[[0;32m  OK  [0m] Started Create Static Device Nodes in /dev.
[[0;32m  OK  [0m] Reached target Local File Systems (Pre).
[[0;32m  OK  [0m] Reached target Local File Systems.
         Starting Raise network interfaces...
         Starting udev Kernel Device Manager...
[[0;32m  OK  [0m] Started Journal Service.
         Starting Flush Journal to Persistent Storage...
[   11.588990] systemd-journald[86]: Received request to flush runtime journal from PID 1
[[0;32m  OK  [0m] Started Flush Journal to Persistent Storage.
         Starting Create Volatile Files and Directories...
[[0;32m  OK  [0m] Started udev Kernel Device Manager.
[   12.645845] omap_prm 44e00d00.prm: sync_state() pending due to 44d00000.cpu
[[0;32m  OK  [0m] Started Create Volatile Files and Directories.
         Starting Update UTMP about System Boot/Shutdown...
         Starting Network Time Synchronization...
[[0;32m  OK  [0m] Started Update UTMP about System Boot/Shutdown.
[[0;32m  OK  [0m] Started udev Coldplug all Devices.
[[0;32m  OK  [0m] Started Network Time Synchronization.
[[0;32m  OK  [0m] Reached target System Initialization.
[   14.800603] remoteproc remoteproc0: wkup_m3 is available
[[0;32m  OK  [0m] Listening on Avahi mDNS/DNS-SD Stack Activation Socket.
[[0;32m  OK  [0m] Listening on D-Bus System Message Bus Socket.
[[0;32m  OK  [0m] Reached target Sockets.
[[0;32m  OK  [0m] Reached target Basic System.
[   15.003410] at24 2-0054: supply vcc not found, using dummy regulator
         Starting System Logging Service...
[   15.112761] at24 2-0055: supply vcc not found, using dummy regulator
         Starting Telephony service...[   15.245589] at24 2-0056: supply vcc not found, using dummy regulator

[   15.420260] at24 2-0057: supply vcc not found, using dummy regulator
[[0;32m  OK  [0m] Started Regular background program processing daemon.
[   15.550239] at24 0-0050: 32768 byte 24c256 EEPROM, writable, 1 bytes/write
[[0;32m  OK  [0m] Started D-Bus System Message Bus.
[   15.883467] input: tps65217_pwrbutton as /devices/platform/ocp/44c00000.interconnect/44c00000.interconnect:segment@200000/44e0b000.target-module/44e0b000.i2c/i2c-0/0-0024/tps65217-pwrbutton/input/input0
[   16.071243] omap_rtc 44e3e000.rtc: registered as rtc0
[   16.076622] omap_rtc 44e3e000.rtc: setting system clock to 2000-01-01T00:00:00 UTC (946684800)
[   16.200275] omap_wdt: OMAP Watchdog Timer Rev 0x01: initial timeout 60 sec
[   16.331557] am335x-phy-driver 47401300.usb-phy: dummy supplies not allowed for exclusive requests (id=vbus)
[   16.501001] am335x-phy-driver 47401b00.usb-phy: dummy supplies not allowed for exclusive requests (id=vbus)
[   17.017065] usbcore: registered new interface driver usbfs
[   17.022705] usbcore: registered new interface driver hub
[   17.028398] usbcore: registered new device driver usb
[   17.289657] tda998x 0-0070: found TDA19988
[   17.752297] musb-hdrc musb-hdrc.1: MUSB HDRC host driver
[   17.757973] musb-hdrc musb-hdrc.1: new USB bus registered, assigned bus number 1
[   17.975537] usb usb1: New USB device found, idVendor=1d6b, idProduct=0002, bcdDevice= 6.18
[   17.984094] usb usb1: New USB device strings: Mfr=3, Product=2, SerialNumber=1
[   17.991456] usb usb1: Product: MUSB HDRC host driver
[   17.996600] usb usb1: Manufacturer: Linux 6.18.0-rc7 musb-hcd
[   18.002382] usb usb1: SerialNumber: musb-hdrc.1
[   18.102748] omap-mailbox 480c8000.mailbox: omap mailbox rev 0x400
[   18.194299] remoteproc remoteproc0: powering up wkup_m3
[   18.321416] remoteproc remoteproc0: Direct firmware load for am335x-pm-firmware.elf failed with error -2
[   18.331181] remoteproc remoteproc0: request_firmware failed: -2
[   18.337237] wkup_m3_ipc 44e11324.wkup_m3_ipc: rproc_boot failed
[   18.365926] hub 1-0:1.0: USB hub found
[   18.418489] hub 1-0:1.0: 1 port detected
[[0;32m  OK  [0m] Started Telephony service.
         Starting Connection service...
         Starting Cape Manager Service...
         Starting DUN service...
         Starting Login Service...
         Starting Avahi mDNS/DNS-SD Stack...
         Starting LSB: Start busybox udhcpd at boot time...
[[0;32m  OK  [0m] Started Daily Cleanup of Temporary Directories.
         Starting Generic Board Startup...
         Starting LSB: Load kernel modules needed to enable cpufreq scaling...
[[0;32m  OK  [0m] Reached target System Time Synchronized.
[   21.077096] omap_rng 48310000.rng: Random Number Generator ver. 20
[[0;32m  OK  [0m] Started Daily apt download activities.
[[0;32m  OK  [0m] Started Daily apt upgrade and clean activities.
[   21.286977] tilcdc 4830e000.lcdc: bound 0-0070 (ops tda998x_audio_codec_init [tda998x])
[[0;32m  OK  [0m] Reached target Timers.
[   21.426026] [drm] Initialized tilcdc 1.0.0 for 4830e000.lcdc on minor 0
[[0;32m  OK  [0m] Started System Logging Service.
[   21.545870] tilcdc 4830e000.lcdc: [drm] Cannot find any crtc or sizes
[   21.620469] tilcdc 4830e000.lcdc: [drm] Cannot find any crtc or sizes
[   22.455191] PM: Cannot get wkup_m3_ipc handle
[[0;32m  OK  [0m] Found device /dev/ttyS0.
[   22.613227] omap-sham 53100000.sham: hw accel on OMAP rev 4.3
[   22.664291] omap-aes 53500000.aes: OMAP AES hw accel rev: 3.2
[   22.749662] omap-sham 53100000.sham: will run requests pump with realtime priority
[   22.758528] PM: Cannot get wkup_m3_ipc handle
[   22.806195] Bluetooth: Core ver 2.22
[   22.810039] NET: Registered PF_BLUETOOTH protocol family
[   22.815547] Bluetooth: HCI device and connection manager initialized
[   22.821967] Bluetooth: HCI socket layer initialized
[   22.826916] Bluetooth: L2CAP socket layer initialized
[   22.832029] Bluetooth: SCO socket layer initialized
[   22.857676] omap-aes 53500000.aes: will run requests pump with realtime priority
[   22.876373] PM: Cannot get wkup_m3_ipc handle
[[0;32m  OK  [0m] Started Cape Manager Service.
[   24.024039] ------------[ cut here ]------------
[   24.028850] WARNING: CPU: 0 PID: 284 at net/8021q/vlan_core.c:236 vlan_for_each+0x114/0x134
[   24.037381] RTNL: assertion failed at net/8021q/vlan_core.c (236)
[   24.043510] Modules linked in: snd_soc_simple_card snd_soc_simple_card_utils omap_aes_driver omap_sham bluetooth omap_crypto pm33xx crypto_engine ti_emif_sram tilcdc omap_rng ecdh_generic drm_dma_helper rng_core ecc drm_client_lib libaes snd_soc_davinci_mcasp snd_soc_ti_udma snd_soc_ti_edma snd_soc_ti_sdma snd_soc_core snd_pcm_dmaengine snd_pcm omap_mailbox snd_timer snd soundcore musb_dsps musb_hdrc udc_core tda998x cec usbcore drm_kms_helper phy_am335x phy_generic omap_wdt usb_common cppi41 rtc_omap drm watchdog wkup_m3_ipc tps65218_pwrbutton phy_am335x_control drm_panel_orientation_quirks at24 wkup_m3_rproc leds_gpio led_class cpufreq_dt autofs4
[   24.101569] CPU: 0 UID: 107 PID: 284 Comm: avahi-daemon Not tainted 6.18.0-rc7 #1 NONE 
[   24.101589] Hardware name: Generic AM33XX (Flattened Device Tree)
[   24.101599] Call trace: 
[   24.101614]  unwind_backtrace from show_stack+0x10/0x14
[   24.101649]  show_stack from dump_stack_lvl+0x50/0x64
[   24.101674]  dump_stack_lvl from __warn+0x74/0x12c
[   24.101692]  __warn from warn_slowpath_fmt+0x19c/0x1b0
[   24.101705]  warn_slowpath_fmt from vlan_for_each+0x114/0x134
[   24.101727]  vlan_for_each from cpsw_add_mc_addr+0x40/0xa4
[   24.101753]  cpsw_add_mc_addr from __hw_addr_ref_sync_dev+0x108/0x140
[   24.101783]  __hw_addr_ref_sync_dev from __dev_mc_add+0x7c/0x80
[   24.101806]  __dev_mc_add from igmp6_group_added+0xc8/0xe0
[   24.101834]  igmp6_group_added from __ipv6_dev_mc_inc+0x218/0x364
[   24.101854]  __ipv6_dev_mc_inc from __ipv6_sock_mc_join+0x11c/0x1c0
[   24.101872]  __ipv6_sock_mc_join from do_ipv6_setsockopt+0x1214/0x1310
[   24.101905]  do_ipv6_setsockopt from ipv6_setsockopt+0x60/0xcc
[   24.101927]  ipv6_setsockopt from udpv6_setsockopt+0x2c/0x6c
[   24.101946]  udpv6_setsockopt from sock_common_setsockopt+0x30/0x40
[   24.101975]  sock_common_setsockopt from do_sock_setsockopt+0x50/0x9c
[   24.101998]  do_sock_setsockopt from __sys_setsockopt+0x70/0xbc
[   24.102017]  __sys_setsockopt from ret_fast_syscall+0x0/0x58
[   24.102034] Exception stack(0xe0195fa8 to 0xe0195ff0)
[   24.102048] 5fa0:                   00000014 b6f93ce8 0000000d 00000029 00000014 be9be9ec
[   24.102061] 5fc0: 00000014 b6f93ce8 00000014 00000126 0000000d b6f3cff4 0043e990 00426558
[   24.102069] 5fe0: b6f52088 be9be9d8 b6f2f309 b6e0641a
[   24.102077] ---[ end trace 0000000000000000 ]---
[   26.142787] gpio-537 (nxp,calib): gpiod_direction_output_nonotify: tried to set a GPIO tied to an IRQ as output
[   26.177472] PM: Cannot get wkup_m3_ipc handle
[   26.283899] PM: Cannot get wkup_m3_ipc handle
[   26.387074] tda9950 0-0034: TDA9950 CEC interface, hardware version 3.3
[   26.503124] PM: Cannot get wkup_m3_ipc handle
[[0;32m  OK  [0m] Started LSB: Start busybox udhcpd at boot time.
[[0;32m  OK  [0m] Started Raise network interfaces.
[[0;32m  OK  [0m] Started LSB: Load kernel modules needed to enable cpufreq scaling.
[[0;32m  OK  [0m] Started DUN service.
[   29.741905] configfs-gadget.g_multi gadget.0: HOST MAC 1c:ba:8c:a2:ed:6c
[   29.748915] configfs-gadget.g_multi gadget.0: MAC 1c:ba:8c:a2:ed:70
[   29.756408] configfs-gadget.g_multi gadget.0: HOST MAC 1c:ba:8c:a2:ed:6c
[   29.763172] configfs-gadget.g_multi gadget.0: MAC 1c:ba:8c:a2:ed:6d
[   29.785997] PM: Cannot get wkup_m3_ipc handle
[[0;32m  OK  [0m] Started Avahi mDNS/DNS-SD Stack.
[[0;32m  OK  [0m] Started Connection service.
[[0;32m  OK  [0m] Started Login Service.
         Starting Hostname Service...
         Starting WPA supplicant...
[[0;32m  OK  [0m] Reached target Sound Card.
         Starting LSB: set CPUFreq kernel parameters...
[[0;32m  OK  [0m] Started WPA supplicant.
[[0;32m  OK  [0m] Started Hostname Service.
[[0;32m  OK  [0m] Reached target Network.
[[0;32m  OK  [0m] Reached target Network is Online.
         Starting LSB: Advanced IEEE 802.11 management daemon...
         Starting The Apache HTTP Server...
         Starting Permit User Sessions...
         Starting OpenBSD Secure Shell server...
[[0;32m  OK  [0m] Started LSB: set CPUFreq kernel parameters.
[[0;32m  OK  [0m] Started LSB: Advanced IEEE 802.11 management daemon.
[[0;32m  OK  [0m] Started Permit User Sessions.
[[0;32m  OK  [0m] Started Getty on tty1.
[[0;32m  OK  [0m] Started Serial Getty on ttyS0.
[[0;32m  OK  [0m] Reached target Login Prompts.
         Stopping LSB: Start busybox udhcpd at boot time...
[[0;32m  OK  [0m] Started OpenBSD Secure Shell server.
[[0;32m  OK  [0m] Stopped LSB: Start busybox udhcpd at boot time.
         Starting dnsmasq - A lightweight DHCP and caching DNS server...
[[0;32m  OK  [0m] Started The Apache HTTP Server.
[[0;32m  OK  [0m] Started dnsmasq - A lightweight DHCP and caching DNS server.
[[0;32m  OK  [0m] Reached target Host and Network Name Lookups.
[[0;32m  OK  [0m] Started Serial Getty on ttyGS0.
[[0;32m  OK  [0m] Started Generic Board Startup.
[[0;32m  OK  [0m] Reached target Multi-User System.
[[0;32m  OK  [0m] Reached target Graphical Interface.
         Starting Update UTMP about System Runlevel Changes...
[[0;32m  OK  [0m] Started Update UTMP about System Runlevel Changes.

Debian GNU/Linux 9 arm ttyS0

default username:password is [debian:temppwd]

arm login: root
Password: 
Last login: Sat Jan  1 00:00:39 UTC 2000 on ttyS0
root
Linux arm 6.18.0-rc7 #1 SMP Mon Nov 24 10:47:45 EET 2025 armv7l

The programs included with the Debian GNU/Linux system are free software;
the exact distribution terms for each program are described in the
individual files in /usr/share/doc/*/copyright.

Debian GNU/Linux comes with ABSOLUTELY NO WARRANTY, to the extent
permitted by applicable law.
root@arm:~# root
dmesg -n 1
-bash: root: command not found
root@arm:~# dmesg -n 1
root@arm:~# echo 'YBFG''BVKNHF'
YBFGBVKNHF
root@arm:~# run() { echo -n "$MARKER"; sh -c "$@"; echo "$MARKER $?"; }
root@arm:~# echo 'ONUA''KEOVHQ'
ONUAKEOVHQ
root@arm:~# MARKER='HFXT''KUZHFH' run 'cat /proc/version'
HFXTKUZHFHLinux version 6.18.0-rc7 (user01@drvtest01) (arm-none-eabi-gcc (Arm GNU Toolchain 14.2.Rel1 (Build arm-14.52)) 14.2.1 20241119, GNU ld (Arm GNU Toolchain 14.2.Rel1 (Build arm-14.52)) 2.43.1.20241119) #1 SMP Mon Nov 24 10:47:45 EET 2025
HFXTKUZHFH 0
root@arm:~# echo 'ZQAN''KSFVSM'
ZQANKSFVSM
root@arm:~# MARKER='PJEA''KMTOBU' run false
PJEAKMTOBUPJEAKMTOBU 1
root@arm:~# Labgrid Console Logfile for main
Logfile started at 2025-11-24 10:50:39.383623
=== Log starts here ===

root@arm:~# run() { echo -n "$MARKER"; sh -c "$@"; echo "$MARKER $?"; }
root@arm:~# echo 'GCWB''VNNOTU'
GCWBVNNOTU
root@arm:~# MARKER='GVGO''YTKCHQ' run 'ls /iio_generic_buffer; echo $?'
GVGOYTKCHQ/iio_generic_buffer
0
GVGOYTKCHQ 0
root@arm:~# Labgrid Console Logfile for main
Logfile started at 2025-11-24 10:50:42.749731
=== Log starts here ===

root@arm:~# run() { echo -n "$MARKER"; sh -c "$@"; echo "$MARKER $?"; }
root@arm:~# echo 'JWVW''WENPMS'
JWVWWENPMS
root@arm:~# MARKER='EEJN''XUGSJV' run dmesg
EEJNXUGSJV[    0.000000] Booting Linux on physical CPU 0x0
[    0.000000] Linux version 6.18.0-rc7 (user01@drvtest01) (arm-none-eabi-gcc (Arm GNU Toolchain 14.2.Rel1 (Build arm-14.52)) 14.2.1 20241119, GNU ld (Arm GNU Toolchain 14.2.Rel1 (Build arm-14.52)) 2.43.1.20241119) #1 SMP Mon Nov 24 10:47:45 EET 2025
[    0.000000] CPU: ARMv7 Processor [413fc082] revision 2 (ARMv7), cr=10c5387d
[    0.000000] CPU: PIPT / VIPT nonaliasing data cache, VIPT aliasing instruction cache
[    0.000000] OF: fdt: Machine model: TI AM335x BeagleBone Black
[    0.000000] Memory policy: Data cache writeback
[    0.000000] cma: Reserved 16 MiB at 0x9e800000
[    0.000000] Zone ranges:
[    0.000000]   Normal   [mem 0x0000000080000000-0x000000009fdfffff]
[    0.000000]   HighMem  empty
[    0.000000] Movable zone start for each node
[    0.000000] Early memory node ranges
[    0.000000]   node   0: [mem 0x0000000080000000-0x000000009fdfffff]
[    0.000000] Initmem setup node 0 [mem 0x0000000080000000-0x000000009fdfffff]
[    0.000000] On node 0, zone Normal: 512 pages in unavailable ranges
[    0.000000] OF: reserved mem: Reserved memory: No reserved-memory node in the DT
[    0.000000] CPU: All CPU(s) started in SVC mode.
[    0.000000] AM335X ES2.1 (sgx neon)
[    0.000000] percpu: Embedded 17 pages/cpu s39884 r8192 d21556 u69632
[    0.000000] pcpu-alloc: s39884 r8192 d21556 u69632 alloc=17*4096
[    0.000000] pcpu-alloc: [0] 0 
[    0.000000] Kernel command line: console=ttyO0,115200n8 root=/dev/nfs rw nfsroot=192.168.255.126:/home/user01/nfs,nfsvers=3 ip=192.168.255.1:192.168.255.126::255.255.255.0:bbb1:eth0 nfsrootdebug
[    0.000000] Unknown kernel command line parameters "nfsrootdebug", will be passed to user space.
[    0.000000] printk: log buffer data + meta data: 65536 + 204800 = 270336 bytes
[    0.000000] Dentry cache hash table entries: 65536 (order: 6, 262144 bytes, linear)
[    0.000000] Inode-cache hash table entries: 32768 (order: 5, 131072 bytes, linear)
[    0.000000] Built 1 zonelists, mobility grouping on.  Total pages: 130560
[    0.000000] mem auto-init: stack:off, heap alloc:off, heap free:off
[    0.000000] SLUB: HWalign=16, Order=0-3, MinObjects=0, CPUs=1, Nodes=1
[    0.000000] rcu: Hierarchical RCU implementation.
[    0.000000] rcu: 	RCU event tracing is enabled.
[    0.000000] rcu: 	RCU restricting CPUs from NR_CPUS=2 to nr_cpu_ids=1.
[    0.000000] 	Tracing variant of Tasks RCU enabled.
[    0.000000] rcu: RCU calculated value of scheduler-enlistment delay is 10 jiffies.
[    0.000000] rcu: Adjusting geometry for rcu_fanout_leaf=16, nr_cpu_ids=1
[    0.000000] RCU Tasks Trace: Setting shift to 0 and lim to 1 rcu_task_cb_adjust=1 rcu_task_cpu_ids=1.
[    0.000000] NR_IRQS: 16, nr_irqs: 16, preallocated irqs: 16
[    0.000000] IRQ: Found an INTC at 0x(ptrval) (revision 5.0) with 128 interrupts
[    0.000000] rcu: srcu_init: Setting srcu_struct sizes based on contention.
[    0.000000] TI gptimer clocksource: always-on /ocp/interconnect@44c00000/segment@200000/target-module@31000
[    0.000002] sched_clock: 32 bits at 24MHz, resolution 41ns, wraps every 89478484971ns
[    0.000025] clocksource: dmtimer: mask: 0xffffffff max_cycles: 0xffffffff, max_idle_ns: 79635851949 ns
[    0.000491] TI gptimer clockevent: 24000000 Hz at /ocp/interconnect@48000000/segment@0/target-module@40000
[    0.002062] Console: colour dummy device 80x30
[    0.002126] WARNING: Your 'console=ttyO0' has been replaced by 'ttyS0'
[    0.002134] This ensures that you still see kernel messages. Please
[    0.002139] update your kernel commandline.
[    0.002181] Calibrating delay loop... 996.14 BogoMIPS (lpj=4980736)
[    0.090603] CPU: Testing write buffer coherency: ok
[    0.090686] CPU0: Spectre v2: using BPIALL workaround
[    0.090697] pid_max: default: 32768 minimum: 301
[    0.090876] LSM: initializing lsm=capability
[    0.091034] Mount-cache hash table entries: 1024 (order: 0, 4096 bytes, linear)
[    0.091053] Mountpoint-cache hash table entries: 1024 (order: 0, 4096 bytes, linear)
[    0.092642] CPU0: thread -1, cpu 0, socket -1, mpidr 0
[    0.092698] cacheinfo: Unable to detect cache hierarchy for CPU 0
[    0.094746] Setting up static identity map for 0x80100000 - 0x80100078
[    0.095053] rcu: Hierarchical SRCU implementation.
[    0.095063] rcu: 	Max phase no-delay instances is 1000.
[    0.096750] smp: Bringing up secondary CPUs ...
[    0.096802] smp: Brought up 1 node, 1 CPU
[    0.096815] SMP: Total of 1 processors activated (996.14 BogoMIPS).
[    0.096825] CPU: All CPU(s) started in SVC mode.
[    0.097040] Memory: 480864K/522240K available (11264K kernel code, 1226K rwdata, 2956K rodata, 1024K init, 256K bss, 23336K reserved, 16384K cma-reserved, 0K highmem)
[    0.097852] devtmpfs: initialized
[    0.115688] VFP support v0.3: implementor 41 architecture 3 part 30 variant c rev 3
[    0.116331] clocksource: jiffies: mask: 0xffffffff max_cycles: 0xffffffff, max_idle_ns: 19112604462750000 ns
[    0.116388] posixtimers hash table entries: 512 (order: 0, 4096 bytes, linear)
[    0.116416] futex hash table entries: 256 (16384 bytes on 1 NUMA nodes, total 16 KiB, linear).
[    0.117551] pinctrl core: initialized pinctrl subsystem
[    0.119670] NET: Registered PF_NETLINK/PF_ROUTE protocol family
[    0.122718] DMA: preallocated 256 KiB pool for atomic coherent allocations
[    0.123329] audit: initializing netlink subsys (disabled)
[    0.124679] thermal_sys: Registered thermal governor 'fair_share'
[    0.124694] thermal_sys: Registered thermal governor 'step_wise'
[    0.124704] thermal_sys: Registered thermal governor 'user_space'
[    0.124809] audit: type=2000 audit(0.120:1): state=initialized audit_enabled=0 res=1
[    0.124881] cpuidle: using governor menu
[    0.142968] /ocp/interconnect@44c00000/segment@200000/target-module@b000/i2c@0/tda19988@70: Fixed dependency cycle(s) with /ocp/interconnect@48000000/segment@300000/target-module@e000/lcdc@0
[    0.144063] /ocp/interconnect@48000000/segment@300000/target-module@e000/lcdc@0: Fixed dependency cycle(s) with /ocp/interconnect@44c00000/segment@200000/target-module@b000/i2c@0/tda19988@70
[    0.146273] No ATAGs?
[    0.146312] hw-breakpoint: debug architecture 0x4 unsupported.
[    0.149400] kprobes: kprobe jump-optimization is enabled. All kprobes are optimized if possible.
[    0.164097] iommu: Default domain type: Translated
[    0.164121] iommu: DMA domain TLB invalidation policy: strict mode
[    0.165679] reg-fixed-voltage fixedregulator0: using DT '/fixedregulator0' for '(default)' GPIO lookup
[    0.165732] of_get_named_gpiod_flags: can't parse 'gpios' property of node '/fixedregulator0[0]'
[    0.165761] of_get_named_gpiod_flags: can't parse 'gpio' property of node '/fixedregulator0[0]'
[    0.165779] reg-fixed-voltage fixedregulator0: using lookup tables for GPIO lookup
[    0.165789] reg-fixed-voltage fixedregulator0: No GPIO consumer (default) found
[    0.172021] SCSI subsystem initialized
[    0.172480] libata version 3.00 loaded.
[    0.172865] pps_core: LinuxPPS API ver. 1 registered
[    0.172875] pps_core: Software ver. 5.3.6 - Copyright 2005-2007 Rodolfo Giometti <giometti@linux.it>
[    0.172899] PTP clock support registered
[    0.174882] vgaarb: loaded
[    0.180941] clocksource: Switched to clocksource dmtimer
[    0.181656] VFS: Disk quotas dquot_6.6.0
[    0.181718] VFS: Dquot-cache hash table entries: 1024 (order 0, 4096 bytes)
[    0.209766] NET: Registered PF_INET protocol family
[    0.210104] IP idents hash table entries: 8192 (order: 4, 65536 bytes, linear)
[    0.211527] tcp_listen_portaddr_hash hash table entries: 512 (order: 0, 4096 bytes, linear)
[    0.211565] Table-perturb hash table entries: 65536 (order: 6, 262144 bytes, linear)
[    0.211582] TCP established hash table entries: 4096 (order: 2, 16384 bytes, linear)
[    0.211627] TCP bind hash table entries: 4096 (order: 4, 65536 bytes, linear)
[    0.211727] TCP: Hash tables configured (established 4096 bind 4096)
[    0.211850] UDP hash table entries: 256 (order: 2, 14336 bytes, linear)
[    0.211884] UDP-Lite hash table entries: 256 (order: 2, 14336 bytes, linear)
[    0.212093] NET: Registered PF_UNIX/PF_LOCAL protocol family
[    0.213367] RPC: Registered named UNIX socket transport module.
[    0.213387] RPC: Registered udp transport module.
[    0.213393] RPC: Registered tcp transport module.
[    0.213397] RPC: Registered tcp-with-tls transport module.
[    0.213402] RPC: Registered tcp NFSv4.1 backchannel transport module.
[    0.213427] PCI: CLS 0 bytes, default 64
[    0.214836] Initialise system trusted keyrings
[    0.225718] workingset: timestamp_bits=14 max_order=17 bucket_order=3
[    0.227188] NFS: Registering the id_resolver key type
[    0.227247] Key type id_resolver registered
[    0.227253] Key type id_legacy registered
[    0.227377] jffs2: version 2.2. (NAND) (SUMMARY)  Â© 2001-2006 Red Hat, Inc.
[    0.227847] Key type asymmetric registered
[    0.227863] Asymmetric key parser 'x509' registered
[    0.227942] io scheduler mq-deadline registered
[    0.227953] io scheduler kyber registered
[    0.228036] io scheduler bfq registered
[    0.229888] target-module@4b000000:target-module@140000:pmu@0:fck: device ID is greater than 24
[    0.231074] ledtrig-cpu: registered to indicate activity on CPUs
[    0.245652] Serial: 8250/16550 driver, 6 ports, IRQ sharing enabled
[    0.285984] brd: module loaded
[    0.306690] loop: module loaded
[    0.307634] mtdoops: mtd device (mtddev=name/number) must be supplied
[    0.309185] mdio_bus fixed-0: using lookup tables for GPIO lookup
[    0.309209] mdio_bus fixed-0: No GPIO consumer reset found
[    0.310643] i2c_dev: i2c /dev entries driver
[    0.311654] cpuidle: enable-method property 'ti,am3352' found operations
[    0.312117] sdhci: Secure Digital Host Controller Interface driver
[    0.312126] sdhci: Copyright(c) Pierre Ossman
[    0.312310] sdhci-pltfm: SDHCI platform and OF driver helper
[    0.320713] hw perfevents: enabled with armv7_cortex_a8 PMU driver, 5 (8000000f) counters available
[    0.321252] Initializing XFRM netlink socket
[    0.321424] NET: Registered PF_INET6 protocol family
[    0.323390] Segment Routing with IPv6
[    0.323476] In-situ OAM (IOAM) with IPv6
[    0.323572] sit: IPv6, IPv4 and MPLS over IPv4 tunneling driver
[    0.324539] NET: Registered PF_PACKET protocol family
[    0.324568] NET: Registered PF_KEY protocol family
[    0.324720] Key type dns_resolver registered
[    0.324950] ThumbEE CPU extension supported.
[    0.324970] Registering SWP/SWPB emulation handler
[    0.325698] omap_voltage_late_init: Voltage driver support not added
[    0.326437] SmartReflex Class3 initialized
[    0.365532] Loading compiled-in X.509 certificates
[    0.406688] /ocp/interconnect@44c00000/segment@200000/target-module@b000/i2c@0/tda19988@70: Fixed dependency cycle(s) with /ocp/interconnect@48000000/segment@300000/target-module@e000/lcdc@0
[    0.413069] /ocp/interconnect@44c00000/segment@200000/target-module@b000/i2c@0/tda19988@70: Fixed dependency cycle(s) with /ocp/interconnect@48000000/segment@300000/target-module@e000/lcdc@0
[    0.418820] gpiochip_find_base_unlocked: found new base at 512
[    0.444132] /ocp/interconnect@44c00000/segment@200000/target-module@b000/i2c@0/tda19988@70: Fixed dependency cycle(s) with /ocp/interconnect@48000000/segment@300000/target-module@e000/lcdc@0
[    0.445015] /ocp/interconnect@44c00000/segment@200000/target-module@b000/i2c@0/tda19988@70: Fixed dependency cycle(s) with /ocp/interconnect@48000000/segment@300000/target-module@e000/lcdc@0
[    0.448831] /ocp/interconnect@44c00000/segment@200000/target-module@10000/scm@0/pinmux@800: Fixed dependency cycle(s) with /ocp/interconnect@44c00000/segment@200000/target-module@10000/scm@0/pinmux@800/clkout2-pins
[    0.449417] pinctrl-single 44e10800.pinmux: 142 pins, size 568
[    0.454680] ti-sysc 44e31000.target-module: probe with driver ti-sysc failed with error -16
[    0.481993] /ocp/interconnect@48000000/segment@300000/target-module@e000/lcdc@0: Fixed dependency cycle(s) with /ocp/interconnect@44c00000/segment@200000/target-module@b000/i2c@0/tda19988@70
[    0.490378] ti-sysc 48040000.target-module: probe with driver ti-sysc failed with error -16
[    0.501927] gpiochip_find_base_unlocked: found new base at 512
[    0.502037] gpio gpiochip0: (gpio-0-31): created GPIO range 0->7 ==> 44e10800.pinmux PIN 0->7
[    0.502058] gpio gpiochip0: (gpio-0-31): created GPIO range 8->11 ==> 44e10800.pinmux PIN 90->93
[    0.502074] gpio gpiochip0: (gpio-0-31): created GPIO range 12->27 ==> 44e10800.pinmux PIN 12->27
[    0.502090] gpio gpiochip0: (gpio-0-31): created GPIO range 28->31 ==> 44e10800.pinmux PIN 30->33
[    0.548863] gpio gpiochip0: (gpio-0-31): added GPIO chardev (254:0)
[    0.549092] gpio gpiochip0: registered GPIOs 512 to 543 on gpio-0-31
[    0.549181] OMAP GPIO hardware version 0.1
[    0.562808] i2c i2c-2: using DT '/ocp/interconnect@48000000/segment@100000/target-module@9c000/i2c@0' for 'scl' GPIO lookup
[    0.562883] of_get_named_gpiod_flags: can't parse 'scl-gpios' property of node '/ocp/interconnect@48000000/segment@100000/target-module@9c000/i2c@0[0]'
[    0.562925] of_get_named_gpiod_flags: can't parse 'scl-gpio' property of node '/ocp/interconnect@48000000/segment@100000/target-module@9c000/i2c@0[0]'
[    0.562960] i2c i2c-2: using lookup tables for GPIO lookup
[    0.562970] i2c i2c-2: No GPIO consumer scl found
[    0.562992] i2c i2c-2: using DT '/ocp/interconnect@48000000/segment@100000/target-module@9c000/i2c@0' for 'sda' GPIO lookup
[    0.563028] of_get_named_gpiod_flags: can't parse 'sda-gpios' property of node '/ocp/interconnect@48000000/segment@100000/target-module@9c000/i2c@0[0]'
[    0.563065] of_get_named_gpiod_flags: can't parse 'sda-gpio' property of node '/ocp/interconnect@48000000/segment@100000/target-module@9c000/i2c@0[0]'
[    0.563096] i2c i2c-2: using lookup tables for GPIO lookup
[    0.563104] i2c i2c-2: No GPIO consumer sda found
[    0.563829] omap_i2c 4819c000.i2c: bus 2 rev0.11 at 100 kHz
[    0.569661] gpiochip_find_base_unlocked: found new base at 544
[    0.569775] gpio gpiochip1: (gpio-32-63): created GPIO range 0->17 ==> 44e10800.pinmux PIN 34->51
[    0.569798] gpio gpiochip1: (gpio-32-63): created GPIO range 18->21 ==> 44e10800.pinmux PIN 77->80
[    0.569815] gpio gpiochip1: (gpio-32-63): created GPIO range 22->31 ==> 44e10800.pinmux PIN 56->65
[    0.588807] gpio gpiochip1: (gpio-32-63): added GPIO chardev (254:1)
[    0.589028] gpio gpiochip1: registered GPIOs 544 to 575 on gpio-32-63
[    0.591335] gpiochip_find_base_unlocked: found new base at 576
[    0.591425] gpio gpiochip2: (gpio-64-95): created GPIO range 0->4 ==> 44e10800.pinmux PIN 66->70
[    0.591445] gpio gpiochip2: (gpio-64-95): created GPIO range 5->6 ==> 44e10800.pinmux PIN 98->99
[    0.591461] gpio gpiochip2: (gpio-64-95): created GPIO range 7->8 ==> 44e10800.pinmux PIN 75->76
[    0.591477] gpio gpiochip2: (gpio-64-95): created GPIO range 13->13 ==> 44e10800.pinmux PIN 141->141
[    0.591493] gpio gpiochip2: (gpio-64-95): created GPIO range 14->21 ==> 44e10800.pinmux PIN 100->107
[    0.592154] gpio gpiochip2: (gpio-64-95): added GPIO chardev (254:2)
[    0.592371] gpio gpiochip2: registered GPIOs 576 to 607 on gpio-64-95
[    0.598247] 48000000.interconnect:segment@200000:target-module@0:mpu@0:fck: device ID is greater than 24
[    0.599142] /ocp/interconnect@48000000/segment@300000/target-module@e000/lcdc@0: Fixed dependency cycle(s) with /ocp/interconnect@44c00000/segment@200000/target-module@b000/i2c@0/tda19988@70
[    0.601943] /ocp/interconnect@48000000/segment@300000/target-module@e000/lcdc@0: Fixed dependency cycle(s) with /ocp/interconnect@44c00000/segment@200000/target-module@b000/i2c@0/tda19988@70
[    0.602645] /ocp/interconnect@44c00000/segment@200000/target-module@b000/i2c@0/tda19988@70: Fixed dependency cycle(s) with /ocp/interconnect@48000000/segment@300000/target-module@e000/lcdc@0
[    0.602825] /ocp/interconnect@48000000/segment@300000/target-module@e000/lcdc@0: Fixed dependency cycle(s) with /ocp/interconnect@44c00000/segment@200000/target-module@b000/i2c@0/tda19988@70
[    0.610393] sdhci-omap 481d8000.mmc: using DT '/ocp/interconnect@48000000/segment@100000/target-module@d8000/mmc@0' for 'wp' GPIO lookup
[    0.610466] of_get_named_gpiod_flags: can't parse 'wp-gpios' property of node '/ocp/interconnect@48000000/segment@100000/target-module@d8000/mmc@0[0]'
[    0.610509] of_get_named_gpiod_flags: can't parse 'wp-gpio' property of node '/ocp/interconnect@48000000/segment@100000/target-module@d8000/mmc@0[0]'
[    0.610546] sdhci-omap 481d8000.mmc: using lookup tables for GPIO lookup
[    0.610556] sdhci-omap 481d8000.mmc: No GPIO consumer wp found
[    0.610753] sdhci-omap 481d8000.mmc: supply pbias not found, using dummy regulator
[    0.611246] sdhci-omap 481d8000.mmc: supply vqmmc not found, using dummy regulator
[    0.643689] mdio_bus 4a101000.mdio: using DT '/ocp/interconnect@4a000000/segment@0/target-module@100000/switch@0/mdio@1000' for 'reset' GPIO lookup
[    0.643762] of_get_named_gpiod_flags: can't parse 'reset-gpios' property of node '/ocp/interconnect@4a000000/segment@0/target-module@100000/switch@0/mdio@1000[0]'
[    0.643809] of_get_named_gpiod_flags: can't parse 'reset-gpio' property of node '/ocp/interconnect@4a000000/segment@0/target-module@100000/switch@0/mdio@1000[0]'
[    0.643855] mdio_bus 4a101000.mdio: using lookup tables for GPIO lookup
[    0.643865] mdio_bus 4a101000.mdio: No GPIO consumer reset found
[    0.704048] davinci_mdio 4a101000.mdio: davinci mdio revision 1.6, bus freq 1000000
[    0.719057] mdio_bus 4a101000.mdio:00: using DT '/ocp/interconnect@4a000000/segment@0/target-module@100000/switch@0/mdio@1000/ethernet-phy@0' for 'reset' GPIO lookup
[    0.719153] of_get_named_gpiod_flags: parsed 'reset-gpios' property of node '/ocp/interconnect@4a000000/segment@0/target-module@100000/switch@0/mdio@1000/ethernet-phy@0[0]' - status (0)
[    0.719315] gpio gpiochip0: Persistence not supported for GPIO 8
[    0.852348] davinci_mdio 4a101000.mdio: phy[0]: device 4a101000.mdio:00, driver SMSC LAN8710/LAN8720
[    0.853126] cpsw-switch 4a100000.switch: initialized cpsw ale version 1.4
[    0.853151] cpsw-switch 4a100000.switch: ALE Table size 1024, Policers 0
[    0.853330] cpsw-switch 4a100000.switch: cpts: overflow check period 500 (jiffies)
[    0.853346] cpsw-switch 4a100000.switch: CPTS: ref_clk_freq:250000000 calc_mult:2147483648 calc_shift:29 error:0 nsec/sec
[    0.853453] cpsw-switch 4a100000.switch: Detected MACID = 6c:ec:eb:68:de:78
[    0.855512] cpsw-switch 4a100000.switch: initialized (regs 0x4a100000, pool size 256) hw_ver:0019010C 1.12 (0)
[    0.867023] debugfs: '49000000.dma' already exists in 'dmaengine'
[    0.867067] edma 49000000.dma: TI EDMA DMA engine driver
[    0.934532] gpio-clk clk_mcasp0: using DT '/clk_mcasp0' for 'enable' GPIO lookup
[    0.934610] of_get_named_gpiod_flags: parsed 'enable-gpios' property of node '/clk_mcasp0[0]' - status (0)
[    0.934656] gpio gpiochip0: Persistence not supported for GPIO 27
[    0.935654] gpiochip_find_base_unlocked: found new base at 608
[    0.935773] gpio gpiochip3: (gpio-96-127): created GPIO range 0->7 ==> 44e10800.pinmux PIN 82->89
[    0.935798] gpio gpiochip3: (gpio-96-127): created GPIO range 8->11 ==> 44e10800.pinmux PIN 52->55
[    0.935816] gpio gpiochip3: (gpio-96-127): created GPIO range 12->15 ==> 44e10800.pinmux PIN 94->97
[    0.935832] gpio gpiochip3: (gpio-96-127): created GPIO range 16->17 ==> 44e10800.pinmux PIN 71->72
[    0.935848] gpio gpiochip3: (gpio-96-127): created GPIO range 18->18 ==> 44e10800.pinmux PIN 135->135
[    0.935864] gpio gpiochip3: (gpio-96-127): created GPIO range 19->20 ==> 44e10800.pinmux PIN 108->109
[    0.935881] gpio gpiochip3: (gpio-96-127): created GPIO range 21->21 ==> 44e10800.pinmux PIN 73->73
[    0.935898] gpio gpiochip3: (gpio-96-127): created GPIO range 22->23 ==> 44e10800.pinmux PIN 8->9
[    0.935916] gpio gpiochip3: (gpio-96-127): created GPIO range 26->27 ==> 44e10800.pinmux PIN 10->11
[    0.935934] gpio gpiochip3: (gpio-96-127): created GPIO range 28->28 ==> 44e10800.pinmux PIN 74->74
[    0.935952] gpio gpiochip3: (gpio-96-127): created GPIO range 29->29 ==> 44e10800.pinmux PIN 81->81
[    0.935971] gpio gpiochip3: (gpio-96-127): created GPIO range 30->31 ==> 44e10800.pinmux PIN 28->29
[    0.936980] gpio gpiochip3: (gpio-96-127): added GPIO chardev (254:3)
[    0.937219] gpio gpiochip3: registered GPIOs 608 to 639 on gpio-96-127
[    0.948763] omap8250 44e09000.serial: using DT '/ocp/interconnect@44c00000/segment@200000/target-module@9000/serial@0' for 'rs485-term' GPIO lookup
[    0.948839] of_get_named_gpiod_flags: can't parse 'rs485-term-gpios' property of node '/ocp/interconnect@44c00000/segment@200000/target-module@9000/serial@0[0]'
[    0.948884] of_get_named_gpiod_flags: can't parse 'rs485-term-gpio' property of node '/ocp/interconnect@44c00000/segment@200000/target-module@9000/serial@0[0]'
[    0.948921] omap8250 44e09000.serial: using lookup tables for GPIO lookup
[    0.948931] omap8250 44e09000.serial: No GPIO consumer rs485-term found
[    0.948942] omap8250 44e09000.serial: using DT '/ocp/interconnect@44c00000/segment@200000/target-module@9000/serial@0' for 'rs485-rx-during-tx' GPIO lookup
[    0.948977] of_get_named_gpiod_flags: can't parse 'rs485-rx-during-tx-gpios' property of node '/ocp/interconnect@44c00000/segment@200000/target-module@9000/serial@0[0]'
[    0.949014] of_get_named_gpiod_flags: can't parse 'rs485-rx-during-tx-gpio' property of node '/ocp/interconnect@44c00000/segment@200000/target-module@9000/serial@0[0]'
[    0.949046] omap8250 44e09000.serial: using lookup tables for GPIO lookup
[    0.949054] omap8250 44e09000.serial: No GPIO consumer rs485-rx-during-tx found
[    0.949516] 44e09000.serial: ttyS0 at MMIO 0x44e09000 (irq = 34, base_baud = 3000000) is a 8250
[    0.949608] printk: legacy console [ttyS0] enabled
[    2.424304] i2c i2c-0: using DT '/ocp/interconnect@44c00000/segment@200000/target-module@b000/i2c@0' for 'scl' GPIO lookup
[    2.424390] of_get_named_gpiod_flags: can't parse 'scl-gpios' property of node '/ocp/interconnect@44c00000/segment@200000/target-module@b000/i2c@0[0]'
[    2.424437] of_get_named_gpiod_flags: can't parse 'scl-gpio' property of node '/ocp/interconnect@44c00000/segment@200000/target-module@b000/i2c@0[0]'
[    2.424477] i2c i2c-0: using lookup tables for GPIO lookup
[    2.424492] i2c i2c-0: No GPIO consumer scl found
[    2.424518] i2c i2c-0: using DT '/ocp/interconnect@44c00000/segment@200000/target-module@b000/i2c@0' for 'sda' GPIO lookup
[    2.424558] of_get_named_gpiod_flags: can't parse 'sda-gpios' property of node '/ocp/interconnect@44c00000/segment@200000/target-module@b000/i2c@0[0]'
[    2.424600] of_get_named_gpiod_flags: can't parse 'sda-gpio' property of node '/ocp/interconnect@44c00000/segment@200000/target-module@b000/i2c@0[0]'
[    2.424635] i2c i2c-0: using lookup tables for GPIO lookup
[    2.424646] i2c i2c-0: No GPIO consumer sda found
[    2.446189] tps65217-pmic: Failed to locate of_node [id: -1]
[    2.452255] tps65217-bl: Failed to locate of_node [id: -1]
[    2.459641] platform tps65217-charger: DMA mask not set
[    2.466690] platform tps65217-pwrbutton: DMA mask not set
[    2.474512] tps65217 0-0024: TPS65217 ID 0xe version 1.2
[    2.480607] /ocp/interconnect@48000000/segment@300000/target-module@e000/lcdc@0: Fixed dependency cycle(s) with /ocp/interconnect@44c00000/segment@200000/target-module@b000/i2c@0/tda19988@70
[    2.498025] /ocp/interconnect@44c00000/segment@200000/target-module@b000/i2c@0/tda19988@70: Fixed dependency cycle(s) with /ocp/interconnect@48000000/segment@300000/target-module@e000/lcdc@0
[    2.515438] omap_i2c 44e0b000.i2c: bus 0 rev0.11 at 400 kHz
[    2.523206] sdhci-omap 48060000.mmc: using DT '/ocp/interconnect@48000000/segment@0/target-module@60000/mmc@0' for 'cd' GPIO lookup
[    2.523315] of_get_named_gpiod_flags: parsed 'cd-gpios' property of node '/ocp/interconnect@48000000/segment@0/target-module@60000/mmc@0[0]' - status (0)
[    2.523381] gpio gpiochip3: Persistence not supported for GPIO 6
[    2.523408] omap_gpio 44e07000.gpio: Could not set line 6 debounce to 200000 microseconds (-22)
[    2.532291] sdhci-omap 48060000.mmc: Got CD GPIO
[    2.536970] sdhci-omap 48060000.mmc: using DT '/ocp/interconnect@48000000/segment@0/target-module@60000/mmc@0' for 'wp' GPIO lookup
[    2.537022] of_get_named_gpiod_flags: can't parse 'wp-gpios' property of node '/ocp/interconnect@48000000/segment@0/target-module@60000/mmc@0[0]'
[    2.537065] of_get_named_gpiod_flags: can't parse 'wp-gpio' property of node '/ocp/interconnect@48000000/segment@0/target-module@60000/mmc@0[0]'
[    2.537104] sdhci-omap 48060000.mmc: using lookup tables for GPIO lookup
[    2.537118] sdhci-omap 48060000.mmc: No GPIO consumer wp found
[    2.537330] sdhci-omap 48060000.mmc: supply pbias not found, using dummy regulator
[    2.546121] sdhci-omap 481d8000.mmc: using DT '/ocp/interconnect@48000000/segment@100000/target-module@d8000/mmc@0' for 'wp' GPIO lookup
[    2.546195] of_get_named_gpiod_flags: can't parse 'wp-gpios' property of node '/ocp/interconnect@48000000/segment@100000/target-module@d8000/mmc@0[0]'
[    2.546243] of_get_named_gpiod_flags: can't parse 'wp-gpio' property of node '/ocp/interconnect@48000000/segment@100000/target-module@d8000/mmc@0[0]'
[    2.546283] sdhci-omap 481d8000.mmc: using lookup tables for GPIO lookup
[    2.546297] sdhci-omap 481d8000.mmc: No GPIO consumer wp found
[    2.547294] sdhci-omap 48060000.mmc: supply vqmmc not found, using dummy regulator
[    2.556615] sdhci-omap 481d8000.mmc: supply pbias not found, using dummy regulator
[    2.564665] sdhci-omap 481d8000.mmc: supply vqmmc not found, using dummy regulator
[    2.603186] mmc1: SDHCI controller on 481d8000.mmc [481d8000.mmc] using External DMA
[    2.612230] mmc0: SDHCI controller on 48060000.mmc [48060000.mmc] using External DMA
[    2.621174] cpsw-switch 4a100000.switch: starting ndev. mode: dual_mac
[    2.685548] mmc1: new high speed MMC card at address 0001
[    2.692372] mmcblk1: mmc1:0001 MMC04G 3.60 GiB
[    2.700272]  mmcblk1: p1 p2
[    2.704031] SMSC LAN8710/LAN8720 4a101000.mdio:00: attached PHY driver (mii_bus:phy_addr=4a101000.mdio:00, irq=POLL)
[    2.716641] mmcblk1boot0: mmc1:0001 MMC04G 2.00 MiB
[    2.730502] mmcblk1boot1: mmc1:0001 MMC04G 2.00 MiB
[    2.739191] mmcblk1rpmb: mmc1:0001 MMC04G 128 KiB, chardev (249:0)
[    2.788763] mmc0: new high speed SDHC card at address aaaa
[    2.795700] mmcblk0: mmc0:aaaa SE32G 29.7 GiB
[    2.804791]  mmcblk0: p1 p2
[    5.846010] cpsw-switch 4a100000.switch eth0: Link is Up - 100Mbps/Full - flow control off
[    5.885461] IP-Config: Complete:
[    5.888739]      device=eth0, hwaddr=6c:ec:eb:68:de:78, ipaddr=192.168.255.1, mask=255.255.255.0, gw=255.255.255.255
[    5.899418]      host=bbb1, domain=, nis-domain=(none)
[    5.904588]      bootserver=192.168.255.126, rootserver=192.168.255.126, rootpath=
[    5.905023] clk: Disabling unused clocks
[    5.916869] PM: genpd: Disabling unused power domains
[    5.922019] KTAP version 1
[    5.924744] 1..0
[    5.927232] check access for rdinit=/init failed: -2, ignoring
[    5.954650] VFS: Mounted root (nfs filesystem) on device 0:17.
[    5.961705] devtmpfs: mounted
[    5.966356] Freeing unused kernel image (initmem) memory: 1024K
[    5.973170] Run /sbin/init as init process
[    5.977364]   with arguments:
[    5.977379]     /sbin/init
[    5.977390]     nfsrootdebug
[    5.977399]   with environment:
[    5.977407]     HOME=/
[    5.977417]     TERM=linux
[    6.641912] systemd[1]: System time before build time, advancing clock.
[    8.165248] random: crng init done
[    8.178046] systemd[1]: systemd 232 running in system mode. (+PAM +AUDIT +SELINUX +IMA +APPARMOR +SMACK +SYSVINIT +UTMP +LIBCRYPTSETUP +GCRYPT +GNUTLS +ACL +XZ +LZ4 +SECCOMP +BLKID +ELFUTILS +KMOD +IDN)
[    8.197147] systemd[1]: Detected architecture arm.
[    8.228269] systemd[1]: Set hostname to <arm>.
[    9.323912] systemd[1]: systemd-journald.socket: SO_PASSSEC failed: Operation not supported
[    9.332883] systemd[1]: systemd-journald.socket: SO_PASSSEC failed: Operation not supported
[    9.341643] systemd[1]: Listening on Journal Socket.
[    9.366338] systemd[1]: Started Forward Password Requests to Wall Directory Watch.
[    9.395863] systemd[1]: syslog.socket: SO_PASSSEC failed: Operation not supported
[    9.403552] systemd[1]: Listening on Syslog Socket.
[    9.426953] systemd[1]: Set up automount Arbitrary Executable File Formats File System Automount Point.
[   11.588990] systemd-journald[86]: Received request to flush runtime journal from PID 1
[   12.645845] omap_prm 44e00d00.prm: sync_state() pending due to 44d00000.cpu
[   14.501878] leds-gpio leds: using DT '/leds/led2' for '(default)' GPIO lookup
[   14.501982] of_get_named_gpiod_flags: parsed 'gpios' property of node '/leds/led2[0]' - status (0)
[   14.502039] gpio gpiochip0: Persistence not supported for GPIO 21
[   14.502055] gpio-533 (?): no flags found for GPIO (default)
[   14.607689] leds-gpio leds: using DT '/leds/led3' for '(default)' GPIO lookup
[   14.607801] of_get_named_gpiod_flags: parsed 'gpios' property of node '/leds/led3[0]' - status (0)
[   14.607862] gpio gpiochip0: Persistence not supported for GPIO 22
[   14.607877] gpio-534 (?): no flags found for GPIO (default)
[   14.629682] leds-gpio leds: using DT '/leds/led4' for '(default)' GPIO lookup
[   14.629780] of_get_named_gpiod_flags: parsed 'gpios' property of node '/leds/led4[0]' - status (0)
[   14.629831] gpio gpiochip0: Persistence not supported for GPIO 23
[   14.629846] gpio-535 (?): no flags found for GPIO (default)
[   14.645757] leds-gpio leds: using DT '/leds/led5' for '(default)' GPIO lookup
[   14.645855] of_get_named_gpiod_flags: parsed 'gpios' property of node '/leds/led5[0]' - status (0)
[   14.645909] gpio gpiochip0: Persistence not supported for GPIO 24
[   14.645922] gpio-536 (?): no flags found for GPIO (default)
[   14.800603] remoteproc remoteproc0: wkup_m3 is available
[   15.003410] at24 2-0054: supply vcc not found, using dummy regulator
[   15.112761] at24 2-0055: supply vcc not found, using dummy regulator
[   15.245589] at24 2-0056: supply vcc not found, using dummy regulator
[   15.420260] at24 2-0057: supply vcc not found, using dummy regulator
[   15.549661] at24 0-0050: using DT '/ocp/interconnect@44c00000/segment@200000/target-module@b000/i2c@0/eeprom@50' for 'wp' GPIO lookup
[   15.549778] of_get_named_gpiod_flags: can't parse 'wp-gpios' property of node '/ocp/interconnect@44c00000/segment@200000/target-module@b000/i2c@0/eeprom@50[0]'
[   15.549836] of_get_named_gpiod_flags: can't parse 'wp-gpio' property of node '/ocp/interconnect@44c00000/segment@200000/target-module@b000/i2c@0/eeprom@50[0]'
[   15.549884] at24 0-0050: using lookup tables for GPIO lookup
[   15.549898] at24 0-0050: No GPIO consumer wp found
[   15.550239] at24 0-0050: 32768 byte 24c256 EEPROM, writable, 1 bytes/write
[   15.883467] input: tps65217_pwrbutton as /devices/platform/ocp/44c00000.interconnect/44c00000.interconnect:segment@200000/44e0b000.target-module/44e0b000.i2c/i2c-0/0-0024/tps65217-pwrbutton/input/input0
[   16.071243] omap_rtc 44e3e000.rtc: registered as rtc0
[   16.076622] omap_rtc 44e3e000.rtc: setting system clock to 2000-01-01T00:00:00 UTC (946684800)
[   16.085397] omap_rtc 44e3e000.rtc: using DT '/ocp/interconnect@44c00000/segment@200000/target-module@3e000/rtc@0' for 'wp' GPIO lookup
[   16.085468] of_get_named_gpiod_flags: can't parse 'wp-gpios' property of node '/ocp/interconnect@44c00000/segment@200000/target-module@3e000/rtc@0[0]'
[   16.085517] of_get_named_gpiod_flags: can't parse 'wp-gpio' property of node '/ocp/interconnect@44c00000/segment@200000/target-module@3e000/rtc@0[0]'
[   16.085558] omap_rtc 44e3e000.rtc: using lookup tables for GPIO lookup
[   16.085573] omap_rtc 44e3e000.rtc: No GPIO consumer wp found
[   16.200275] omap_wdt: OMAP Watchdog Timer Rev 0x01: initial timeout 60 sec
[   16.331096] am335x-phy-driver 47401300.usb-phy: using DT '/ocp/target-module@47400000/usb-phy@1300' for 'reset' GPIO lookup
[   16.331190] of_get_named_gpiod_flags: can't parse 'reset-gpios' property of node '/ocp/target-module@47400000/usb-phy@1300[0]'
[   16.331233] of_get_named_gpiod_flags: can't parse 'reset-gpio' property of node '/ocp/target-module@47400000/usb-phy@1300[0]'
[   16.331273] am335x-phy-driver 47401300.usb-phy: using lookup tables for GPIO lookup
[   16.331289] am335x-phy-driver 47401300.usb-phy: No GPIO consumer reset found
[   16.331304] am335x-phy-driver 47401300.usb-phy: using DT '/ocp/target-module@47400000/usb-phy@1300' for 'vbus-detect' GPIO lookup
[   16.331336] of_get_named_gpiod_flags: can't parse 'vbus-detect-gpios' property of node '/ocp/target-module@47400000/usb-phy@1300[0]'
[   16.331369] of_get_named_gpiod_flags: can't parse 'vbus-detect-gpio' property of node '/ocp/target-module@47400000/usb-phy@1300[0]'
[   16.331394] am335x-phy-driver 47401300.usb-phy: using lookup tables for GPIO lookup
[   16.331407] am335x-phy-driver 47401300.usb-phy: No GPIO consumer vbus-detect found
[   16.331557] am335x-phy-driver 47401300.usb-phy: dummy supplies not allowed for exclusive requests (id=vbus)
[   16.500552] am335x-phy-driver 47401b00.usb-phy: using DT '/ocp/target-module@47400000/usb-phy@1b00' for 'reset' GPIO lookup
[   16.500641] of_get_named_gpiod_flags: can't parse 'reset-gpios' property of node '/ocp/target-module@47400000/usb-phy@1b00[0]'
[   16.500684] of_get_named_gpiod_flags: can't parse 'reset-gpio' property of node '/ocp/target-module@47400000/usb-phy@1b00[0]'
[   16.500722] am335x-phy-driver 47401b00.usb-phy: using lookup tables for GPIO lookup
[   16.500737] am335x-phy-driver 47401b00.usb-phy: No GPIO consumer reset found
[   16.500752] am335x-phy-driver 47401b00.usb-phy: using DT '/ocp/target-module@47400000/usb-phy@1b00' for 'vbus-detect' GPIO lookup
[   16.500783] of_get_named_gpiod_flags: can't parse 'vbus-detect-gpios' property of node '/ocp/target-module@47400000/usb-phy@1b00[0]'
[   16.500815] of_get_named_gpiod_flags: can't parse 'vbus-detect-gpio' property of node '/ocp/target-module@47400000/usb-phy@1b00[0]'
[   16.500841] am335x-phy-driver 47401b00.usb-phy: using lookup tables for GPIO lookup
[   16.500853] am335x-phy-driver 47401b00.usb-phy: No GPIO consumer vbus-detect found
[   16.501001] am335x-phy-driver 47401b00.usb-phy: dummy supplies not allowed for exclusive requests (id=vbus)
[   17.017065] usbcore: registered new interface driver usbfs
[   17.022705] usbcore: registered new interface driver hub
[   17.028398] usbcore: registered new device driver usb
[   17.289657] tda998x 0-0070: found TDA19988
[   17.752297] musb-hdrc musb-hdrc.1: MUSB HDRC host driver
[   17.757973] musb-hdrc musb-hdrc.1: new USB bus registered, assigned bus number 1
[   17.975537] usb usb1: New USB device found, idVendor=1d6b, idProduct=0002, bcdDevice= 6.18
[   17.984094] usb usb1: New USB device strings: Mfr=3, Product=2, SerialNumber=1
[   17.991456] usb usb1: Product: MUSB HDRC host driver
[   17.996600] usb usb1: Manufacturer: Linux 6.18.0-rc7 musb-hcd
[   18.002382] usb usb1: SerialNumber: musb-hdrc.1
[   18.102748] omap-mailbox 480c8000.mailbox: omap mailbox rev 0x400
[   18.194299] remoteproc remoteproc0: powering up wkup_m3
[   18.321416] remoteproc remoteproc0: Direct firmware load for am335x-pm-firmware.elf failed with error -2
[   18.331181] remoteproc remoteproc0: request_firmware failed: -2
[   18.337237] wkup_m3_ipc 44e11324.wkup_m3_ipc: rproc_boot failed
[   18.365926] hub 1-0:1.0: USB hub found
[   18.418489] hub 1-0:1.0: 1 port detected
[   21.077096] omap_rng 48310000.rng: Random Number Generator ver. 20
[   21.286977] tilcdc 4830e000.lcdc: bound 0-0070 (ops tda998x_audio_codec_init [tda998x])
[   21.426026] [drm] Initialized tilcdc 1.0.0 for 4830e000.lcdc on minor 0
[   21.545870] tilcdc 4830e000.lcdc: [drm] Cannot find any crtc or sizes
[   21.620469] tilcdc 4830e000.lcdc: [drm] Cannot find any crtc or sizes
[   22.455191] PM: Cannot get wkup_m3_ipc handle
[   22.613227] omap-sham 53100000.sham: hw accel on OMAP rev 4.3
[   22.664291] omap-aes 53500000.aes: OMAP AES hw accel rev: 3.2
[   22.749662] omap-sham 53100000.sham: will run requests pump with realtime priority
[   22.758528] PM: Cannot get wkup_m3_ipc handle
[   22.806195] Bluetooth: Core ver 2.22
[   22.810039] NET: Registered PF_BLUETOOTH protocol family
[   22.815547] Bluetooth: HCI device and connection manager initialized
[   22.821967] Bluetooth: HCI socket layer initialized
[   22.826916] Bluetooth: L2CAP socket layer initialized
[   22.832029] Bluetooth: SCO socket layer initialized
[   22.857676] omap-aes 53500000.aes: will run requests pump with realtime priority
[   22.876373] PM: Cannot get wkup_m3_ipc handle
[   24.024039] ------------[ cut here ]------------
[   24.028850] WARNING: CPU: 0 PID: 284 at net/8021q/vlan_core.c:236 vlan_for_each+0x114/0x134
[   24.037381] RTNL: assertion failed at net/8021q/vlan_core.c (236)
[   24.043510] Modules linked in: snd_soc_simple_card snd_soc_simple_card_utils omap_aes_driver omap_sham bluetooth omap_crypto pm33xx crypto_engine ti_emif_sram tilcdc omap_rng ecdh_generic drm_dma_helper rng_core ecc drm_client_lib libaes snd_soc_davinci_mcasp snd_soc_ti_udma snd_soc_ti_edma snd_soc_ti_sdma snd_soc_core snd_pcm_dmaengine snd_pcm omap_mailbox snd_timer snd soundcore musb_dsps musb_hdrc udc_core tda998x cec usbcore drm_kms_helper phy_am335x phy_generic omap_wdt usb_common cppi41 rtc_omap drm watchdog wkup_m3_ipc tps65218_pwrbutton phy_am335x_control drm_panel_orientation_quirks at24 wkup_m3_rproc leds_gpio led_class cpufreq_dt autofs4
[   24.101569] CPU: 0 UID: 107 PID: 284 Comm: avahi-daemon Not tainted 6.18.0-rc7 #1 NONE 
[   24.101589] Hardware name: Generic AM33XX (Flattened Device Tree)
[   24.101599] Call trace: 
[   24.101614]  unwind_backtrace from show_stack+0x10/0x14
[   24.101649]  show_stack from dump_stack_lvl+0x50/0x64
[   24.101674]  dump_stack_lvl from __warn+0x74/0x12c
[   24.101692]  __warn from warn_slowpath_fmt+0x19c/0x1b0
[   24.101705]  warn_slowpath_fmt from vlan_for_each+0x114/0x134
[   24.101727]  vlan_for_each from cpsw_add_mc_addr+0x40/0xa4
[   24.101753]  cpsw_add_mc_addr from __hw_addr_ref_sync_dev+0x108/0x140
[   24.101783]  __hw_addr_ref_sync_dev from __dev_mc_add+0x7c/0x80
[   24.101806]  __dev_mc_add from igmp6_group_added+0xc8/0xe0
[   24.101834]  igmp6_group_added from __ipv6_dev_mc_inc+0x218/0x364
[   24.101854]  __ipv6_dev_mc_inc from __ipv6_sock_mc_join+0x11c/0x1c0
[   24.101872]  __ipv6_sock_mc_join from do_ipv6_setsockopt+0x1214/0x1310
[   24.101905]  do_ipv6_setsockopt from ipv6_setsockopt+0x60/0xcc
[   24.101927]  ipv6_setsockopt from udpv6_setsockopt+0x2c/0x6c
[   24.101946]  udpv6_setsockopt from sock_common_setsockopt+0x30/0x40
[   24.101975]  sock_common_setsockopt from do_sock_setsockopt+0x50/0x9c
[   24.101998]  do_sock_setsockopt from __sys_setsockopt+0x70/0xbc
[   24.102017]  __sys_setsockopt from ret_fast_syscall+0x0/0x58
[   24.102034] Exception stack(0xe0195fa8 to 0xe0195ff0)
[   24.102048] 5fa0:                   00000014 b6f93ce8 0000000d 00000029 00000014 be9be9ec
[   24.102061] 5fc0: 00000014 b6f93ce8 00000014 00000126 0000000d b6f3cff4 0043e990 00426558
[   24.102069] 5fe0: b6f52088 be9be9d8 b6f2f309 b6e0641a
[   24.102077] ---[ end trace 0000000000000000 ]---
[   26.139990] tda998x 0-0070: using DT '/ocp/interconnect@44c00000/segment@200000/target-module@b000/i2c@0/tda19988@70' for 'nxp,calib' GPIO lookup
[   26.140128] of_get_named_gpiod_flags: parsed 'nxp,calib-gpios' property of node '/ocp/interconnect@44c00000/segment@200000/target-module@b000/i2c@0/tda19988@70[0]' - status (0)
[   26.140212] gpio gpiochip0: Persistence not supported for GPIO 25
[   26.140228] gpio-537 (nxp,calib): no flags found for GPIO nxp,calib
[   26.142787] gpio-537 (nxp,calib): gpiod_direction_output_nonotify: tried to set a GPIO tied to an IRQ as output
[   26.177472] PM: Cannot get wkup_m3_ipc handle
[   26.183246] asoc-simple-card sound: using DT '/sound' for 'simple-audio-card,hp-det' GPIO lookup
[   26.183320] of_get_named_gpiod_flags: can't parse 'simple-audio-card,hp-det-gpios' property of node '/sound[0]'
[   26.183356] of_get_named_gpiod_flags: can't parse 'simple-audio-card,hp-det-gpio' property of node '/sound[0]'
[   26.183380] asoc-simple-card sound: using lookup tables for GPIO lookup
[   26.183394] asoc-simple-card sound: No GPIO consumer simple-audio-card,hp-det found
[   26.183410] asoc-simple-card sound: using DT '/sound' for 'simple-audio-card,mic-det' GPIO lookup
[   26.183434] of_get_named_gpiod_flags: can't parse 'simple-audio-card,mic-det-gpios' property of node '/sound[0]'
[   26.183460] of_get_named_gpiod_flags: can't parse 'simple-audio-card,mic-det-gpio' property of node '/sound[0]'
[   26.183479] asoc-simple-card sound: using lookup tables for GPIO lookup
[   26.183491] asoc-simple-card sound: No GPIO consumer simple-audio-card,mic-det found
[   26.283899] PM: Cannot get wkup_m3_ipc handle
[   26.387074] tda9950 0-0034: TDA9950 CEC interface, hardware version 3.3
[   26.503124] PM: Cannot get wkup_m3_ipc handle
[   29.533061] userial_init: registered 8 ttyGS* devices
[   29.694364] rndis_register: configNr = 0
[   29.740648] udc musb-hdrc.0: binding gadget driver [g_multi]
[   29.740745] configfs-gadget.g_multi gadget.0: adding 'rndis'/e3c68265 to config 'c'/bf4cfcf7
[   29.741905] configfs-gadget.g_multi gadget.0: HOST MAC 1c:ba:8c:a2:ed:6c
[   29.748915] configfs-gadget.g_multi gadget.0: MAC 1c:ba:8c:a2:ed:70
[   29.755349] rndis_set_param_medium: 0 0
[   29.755375] configfs-gadget.g_multi gadget.0: RNDIS: IN/ep1in OUT/ep1out NOTIFY/ep2in
[   29.755392] configfs-gadget.g_multi gadget.0: adding 'cdc_ethernet'/d465fd5e to config 'c'/bf4cfcf7
[   29.756408] configfs-gadget.g_multi gadget.0: HOST MAC 1c:ba:8c:a2:ed:6c
[   29.763172] configfs-gadget.g_multi gadget.0: MAC 1c:ba:8c:a2:ed:6d
[   29.769613] configfs-gadget.g_multi gadget.0: CDC Ethernet: IN/ep3in OUT/ep2out NOTIFY/ep4in
[   29.769635] configfs-gadget.g_multi gadget.0: adding 'acm'/1444edb6 to config 'c'/bf4cfcf7
[   29.769670] configfs-gadget.g_multi gadget.0: acm ttyGS0: IN/ep5in OUT/ep3out NOTIFY/ep6in
[   29.785997] PM: Cannot get wkup_m3_ipc handle
[   31.713893] configfs-gadget.g_multi gadget.0: eth_open
[   35.461234] gs_open: ttyGS0 (c5a15c65,21c88ff9)
[   35.461392] gs_close: ttyGS0 (c5a15c65,21c88ff9) ...
[   35.461417] gs_close: ttyGS0 (c5a15c65,21c88ff9) done!
[   35.478004] gs_open: ttyGS0 (07160f83,21c88ff9)
[   35.478132] gs_close: ttyGS0 (07160f83,21c88ff9) ...
[   35.478156] gs_close: ttyGS0 (07160f83,21c88ff9) done!
[   35.648673] gs_open: ttyGS0 (146063a5,fa0396cc)
[   35.648907] gs_close: ttyGS0 (146063a5,fa0396cc) ...
[   35.648936] gs_close: ttyGS0 (146063a5,fa0396cc) done!
[   35.650305] gs_open: ttyGS0 (146063a5,fa0396cc)
EEJNXUGSJV 0
root@arm:~# echo 'HPTM''CCWTFX'
HPTMCCWTFX
root@arm:~# MARKER='ULHQ''PKFVNB' run 'modprobe test_linear_ranges'
ULHQPKFVNBULHQPKFVNB 0
root@arm:~# echo 'NOKS''HBVQUP'
NOKSHBVQUP
root@arm:~# MARKER='FTWU''FNCUSV' run dmesg
FTWUFNCUSV[    0.000000] Booting Linux on physical CPU 0x0
[    0.000000] Linux version 6.18.0-rc7 (user01@drvtest01) (arm-none-eabi-gcc (Arm GNU Toolchain 14.2.Rel1 (Build arm-14.52)) 14.2.1 20241119, GNU ld (Arm GNU Toolchain 14.2.Rel1 (Build arm-14.52)) 2.43.1.20241119) #1 SMP Mon Nov 24 10:47:45 EET 2025
[    0.000000] CPU: ARMv7 Processor [413fc082] revision 2 (ARMv7), cr=10c5387d
[    0.000000] CPU: PIPT / VIPT nonaliasing data cache, VIPT aliasing instruction cache
[    0.000000] OF: fdt: Machine model: TI AM335x BeagleBone Black
[    0.000000] Memory policy: Data cache writeback
[    0.000000] cma: Reserved 16 MiB at 0x9e800000
[    0.000000] Zone ranges:
[    0.000000]   Normal   [mem 0x0000000080000000-0x000000009fdfffff]
[    0.000000]   HighMem  empty
[    0.000000] Movable zone start for each node
[    0.000000] Early memory node ranges
[    0.000000]   node   0: [mem 0x0000000080000000-0x000000009fdfffff]
[    0.000000] Initmem setup node 0 [mem 0x0000000080000000-0x000000009fdfffff]
[    0.000000] On node 0, zone Normal: 512 pages in unavailable ranges
[    0.000000] OF: reserved mem: Reserved memory: No reserved-memory node in the DT
[    0.000000] CPU: All CPU(s) started in SVC mode.
[    0.000000] AM335X ES2.1 (sgx neon)
[    0.000000] percpu: Embedded 17 pages/cpu s39884 r8192 d21556 u69632
[    0.000000] pcpu-alloc: s39884 r8192 d21556 u69632 alloc=17*4096
[    0.000000] pcpu-alloc: [0] 0 
[    0.000000] Kernel command line: console=ttyO0,115200n8 root=/dev/nfs rw nfsroot=192.168.255.126:/home/user01/nfs,nfsvers=3 ip=192.168.255.1:192.168.255.126::255.255.255.0:bbb1:eth0 nfsrootdebug
[    0.000000] Unknown kernel command line parameters "nfsrootdebug", will be passed to user space.
[    0.000000] printk: log buffer data + meta data: 65536 + 204800 = 270336 bytes
[    0.000000] Dentry cache hash table entries: 65536 (order: 6, 262144 bytes, linear)
[    0.000000] Inode-cache hash table entries: 32768 (order: 5, 131072 bytes, linear)
[    0.000000] Built 1 zonelists, mobility grouping on.  Total pages: 130560
[    0.000000] mem auto-init: stack:off, heap alloc:off, heap free:off
[    0.000000] SLUB: HWalign=16, Order=0-3, MinObjects=0, CPUs=1, Nodes=1
[    0.000000] rcu: Hierarchical RCU implementation.
[    0.000000] rcu: 	RCU event tracing is enabled.
[    0.000000] rcu: 	RCU restricting CPUs from NR_CPUS=2 to nr_cpu_ids=1.
[    0.000000] 	Tracing variant of Tasks RCU enabled.
[    0.000000] rcu: RCU calculated value of scheduler-enlistment delay is 10 jiffies.
[    0.000000] rcu: Adjusting geometry for rcu_fanout_leaf=16, nr_cpu_ids=1
[    0.000000] RCU Tasks Trace: Setting shift to 0 and lim to 1 rcu_task_cb_adjust=1 rcu_task_cpu_ids=1.
[    0.000000] NR_IRQS: 16, nr_irqs: 16, preallocated irqs: 16
[    0.000000] IRQ: Found an INTC at 0x(ptrval) (revision 5.0) with 128 interrupts
[    0.000000] rcu: srcu_init: Setting srcu_struct sizes based on contention.
[    0.000000] TI gptimer clocksource: always-on /ocp/interconnect@44c00000/segment@200000/target-module@31000
[    0.000002] sched_clock: 32 bits at 24MHz, resolution 41ns, wraps every 89478484971ns
[    0.000025] clocksource: dmtimer: mask: 0xffffffff max_cycles: 0xffffffff, max_idle_ns: 79635851949 ns
[    0.000491] TI gptimer clockevent: 24000000 Hz at /ocp/interconnect@48000000/segment@0/target-module@40000
[    0.002062] Console: colour dummy device 80x30
[    0.002126] WARNING: Your 'console=ttyO0' has been replaced by 'ttyS0'
[    0.002134] This ensures that you still see kernel messages. Please
[    0.002139] update your kernel commandline.
[    0.002181] Calibrating delay loop... 996.14 BogoMIPS (lpj=4980736)
[    0.090603] CPU: Testing write buffer coherency: ok
[    0.090686] CPU0: Spectre v2: using BPIALL workaround
[    0.090697] pid_max: default: 32768 minimum: 301
[    0.090876] LSM: initializing lsm=capability
[    0.091034] Mount-cache hash table entries: 1024 (order: 0, 4096 bytes, linear)
[    0.091053] Mountpoint-cache hash table entries: 1024 (order: 0, 4096 bytes, linear)
[    0.092642] CPU0: thread -1, cpu 0, socket -1, mpidr 0
[    0.092698] cacheinfo: Unable to detect cache hierarchy for CPU 0
[    0.094746] Setting up static identity map for 0x80100000 - 0x80100078
[    0.095053] rcu: Hierarchical SRCU implementation.
[    0.095063] rcu: 	Max phase no-delay instances is 1000.
[    0.096750] smp: Bringing up secondary CPUs ...
[    0.096802] smp: Brought up 1 node, 1 CPU
[    0.096815] SMP: Total of 1 processors activated (996.14 BogoMIPS).
[    0.096825] CPU: All CPU(s) started in SVC mode.
[    0.097040] Memory: 480864K/522240K available (11264K kernel code, 1226K rwdata, 2956K rodata, 1024K init, 256K bss, 23336K reserved, 16384K cma-reserved, 0K highmem)
[    0.097852] devtmpfs: initialized
[    0.115688] VFP support v0.3: implementor 41 architecture 3 part 30 variant c rev 3
[    0.116331] clocksource: jiffies: mask: 0xffffffff max_cycles: 0xffffffff, max_idle_ns: 19112604462750000 ns
[    0.116388] posixtimers hash table entries: 512 (order: 0, 4096 bytes, linear)
[    0.116416] futex hash table entries: 256 (16384 bytes on 1 NUMA nodes, total 16 KiB, linear).
[    0.117551] pinctrl core: initialized pinctrl subsystem
[    0.119670] NET: Registered PF_NETLINK/PF_ROUTE protocol family
[    0.122718] DMA: preallocated 256 KiB pool for atomic coherent allocations
[    0.123329] audit: initializing netlink subsys (disabled)
[    0.124679] thermal_sys: Registered thermal governor 'fair_share'
[    0.124694] thermal_sys: Registered thermal governor 'step_wise'
[    0.124704] thermal_sys: Registered thermal governor 'user_space'
[    0.124809] audit: type=2000 audit(0.120:1): state=initialized audit_enabled=0 res=1
[    0.124881] cpuidle: using governor menu
[    0.142968] /ocp/interconnect@44c00000/segment@200000/target-module@b000/i2c@0/tda19988@70: Fixed dependency cycle(s) with /ocp/interconnect@48000000/segment@300000/target-module@e000/lcdc@0
[    0.144063] /ocp/interconnect@48000000/segment@300000/target-module@e000/lcdc@0: Fixed dependency cycle(s) with /ocp/interconnect@44c00000/segment@200000/target-module@b000/i2c@0/tda19988@70
[    0.146273] No ATAGs?
[    0.146312] hw-breakpoint: debug architecture 0x4 unsupported.
[    0.149400] kprobes: kprobe jump-optimization is enabled. All kprobes are optimized if possible.
[    0.164097] iommu: Default domain type: Translated
[    0.164121] iommu: DMA domain TLB invalidation policy: strict mode
[    0.165679] reg-fixed-voltage fixedregulator0: using DT '/fixedregulator0' for '(default)' GPIO lookup
[    0.165732] of_get_named_gpiod_flags: can't parse 'gpios' property of node '/fixedregulator0[0]'
[    0.165761] of_get_named_gpiod_flags: can't parse 'gpio' property of node '/fixedregulator0[0]'
[    0.165779] reg-fixed-voltage fixedregulator0: using lookup tables for GPIO lookup
[    0.165789] reg-fixed-voltage fixedregulator0: No GPIO consumer (default) found
[    0.172021] SCSI subsystem initialized
[    0.172480] libata version 3.00 loaded.
[    0.172865] pps_core: LinuxPPS API ver. 1 registered
[    0.172875] pps_core: Software ver. 5.3.6 - Copyright 2005-2007 Rodolfo Giometti <giometti@linux.it>
[    0.172899] PTP clock support registered
[    0.174882] vgaarb: loaded
[    0.180941] clocksource: Switched to clocksource dmtimer
[    0.181656] VFS: Disk quotas dquot_6.6.0
[    0.181718] VFS: Dquot-cache hash table entries: 1024 (order 0, 4096 bytes)
[    0.209766] NET: Registered PF_INET protocol family
[    0.210104] IP idents hash table entries: 8192 (order: 4, 65536 bytes, linear)
[    0.211527] tcp_listen_portaddr_hash hash table entries: 512 (order: 0, 4096 bytes, linear)
[    0.211565] Table-perturb hash table entries: 65536 (order: 6, 262144 bytes, linear)
[    0.211582] TCP established hash table entries: 4096 (order: 2, 16384 bytes, linear)
[    0.211627] TCP bind hash table entries: 4096 (order: 4, 65536 bytes, linear)
[    0.211727] TCP: Hash tables configured (established 4096 bind 4096)
[    0.211850] UDP hash table entries: 256 (order: 2, 14336 bytes, linear)
[    0.211884] UDP-Lite hash table entries: 256 (order: 2, 14336 bytes, linear)
[    0.212093] NET: Registered PF_UNIX/PF_LOCAL protocol family
[    0.213367] RPC: Registered named UNIX socket transport module.
[    0.213387] RPC: Registered udp transport module.
[    0.213393] RPC: Registered tcp transport module.
[    0.213397] RPC: Registered tcp-with-tls transport module.
[    0.213402] RPC: Registered tcp NFSv4.1 backchannel transport module.
[    0.213427] PCI: CLS 0 bytes, default 64
[    0.214836] Initialise system trusted keyrings
[    0.225718] workingset: timestamp_bits=14 max_order=17 bucket_order=3
[    0.227188] NFS: Registering the id_resolver key type
[    0.227247] Key type id_resolver registered
[    0.227253] Key type id_legacy registered
[    0.227377] jffs2: version 2.2. (NAND) (SUMMARY)  Â© 2001-2006 Red Hat, Inc.
[    0.227847] Key type asymmetric registered
[    0.227863] Asymmetric key parser 'x509' registered
[    0.227942] io scheduler mq-deadline registered
[    0.227953] io scheduler kyber registered
[    0.228036] io scheduler bfq registered
[    0.229888] target-module@4b000000:target-module@140000:pmu@0:fck: device ID is greater than 24
[    0.231074] ledtrig-cpu: registered to indicate activity on CPUs
[    0.245652] Serial: 8250/16550 driver, 6 ports, IRQ sharing enabled
[    0.285984] brd: module loaded
[    0.306690] loop: module loaded
[    0.307634] mtdoops: mtd device (mtddev=name/number) must be supplied
[    0.309185] mdio_bus fixed-0: using lookup tables for GPIO lookup
[    0.309209] mdio_bus fixed-0: No GPIO consumer reset found
[    0.310643] i2c_dev: i2c /dev entries driver
[    0.311654] cpuidle: enable-method property 'ti,am3352' found operations
[    0.312117] sdhci: Secure Digital Host Controller Interface driver
[    0.312126] sdhci: Copyright(c) Pierre Ossman
[    0.312310] sdhci-pltfm: SDHCI platform and OF driver helper
[    0.320713] hw perfevents: enabled with armv7_cortex_a8 PMU driver, 5 (8000000f) counters available
[    0.321252] Initializing XFRM netlink socket
[    0.321424] NET: Registered PF_INET6 protocol family
[    0.323390] Segment Routing with IPv6
[    0.323476] In-situ OAM (IOAM) with IPv6
[    0.323572] sit: IPv6, IPv4 and MPLS over IPv4 tunneling driver
[    0.324539] NET: Registered PF_PACKET protocol family
[    0.324568] NET: Registered PF_KEY protocol family
[    0.324720] Key type dns_resolver registered
[    0.324950] ThumbEE CPU extension supported.
[    0.324970] Registering SWP/SWPB emulation handler
[    0.325698] omap_voltage_late_init: Voltage driver support not added
[    0.326437] SmartReflex Class3 initialized
[    0.365532] Loading compiled-in X.509 certificates
[    0.406688] /ocp/interconnect@44c00000/segment@200000/target-module@b000/i2c@0/tda19988@70: Fixed dependency cycle(s) with /ocp/interconnect@48000000/segment@300000/target-module@e000/lcdc@0
[    0.413069] /ocp/interconnect@44c00000/segment@200000/target-module@b000/i2c@0/tda19988@70: Fixed dependency cycle(s) with /ocp/interconnect@48000000/segment@300000/target-module@e000/lcdc@0
[    0.418820] gpiochip_find_base_unlocked: found new base at 512
[    0.444132] /ocp/interconnect@44c00000/segment@200000/target-module@b000/i2c@0/tda19988@70: Fixed dependency cycle(s) with /ocp/interconnect@48000000/segment@300000/target-module@e000/lcdc@0
[    0.445015] /ocp/interconnect@44c00000/segment@200000/target-module@b000/i2c@0/tda19988@70: Fixed dependency cycle(s) with /ocp/interconnect@48000000/segment@300000/target-module@e000/lcdc@0
[    0.448831] /ocp/interconnect@44c00000/segment@200000/target-module@10000/scm@0/pinmux@800: Fixed dependency cycle(s) with /ocp/interconnect@44c00000/segment@200000/target-module@10000/scm@0/pinmux@800/clkout2-pins
[    0.449417] pinctrl-single 44e10800.pinmux: 142 pins, size 568
[    0.454680] ti-sysc 44e31000.target-module: probe with driver ti-sysc failed with error -16
[    0.481993] /ocp/interconnect@48000000/segment@300000/target-module@e000/lcdc@0: Fixed dependency cycle(s) with /ocp/interconnect@44c00000/segment@200000/target-module@b000/i2c@0/tda19988@70
[    0.490378] ti-sysc 48040000.target-module: probe with driver ti-sysc failed with error -16
[    0.501927] gpiochip_find_base_unlocked: found new base at 512
[    0.502037] gpio gpiochip0: (gpio-0-31): created GPIO range 0->7 ==> 44e10800.pinmux PIN 0->7
[    0.502058] gpio gpiochip0: (gpio-0-31): created GPIO range 8->11 ==> 44e10800.pinmux PIN 90->93
[    0.502074] gpio gpiochip0: (gpio-0-31): created GPIO range 12->27 ==> 44e10800.pinmux PIN 12->27
[    0.502090] gpio gpiochip0: (gpio-0-31): created GPIO range 28->31 ==> 44e10800.pinmux PIN 30->33
[    0.548863] gpio gpiochip0: (gpio-0-31): added GPIO chardev (254:0)
[    0.549092] gpio gpiochip0: registered GPIOs 512 to 543 on gpio-0-31
[    0.549181] OMAP GPIO hardware version 0.1
[    0.562808] i2c i2c-2: using DT '/ocp/interconnect@48000000/segment@100000/target-module@9c000/i2c@0' for 'scl' GPIO lookup
[    0.562883] of_get_named_gpiod_flags: can't parse 'scl-gpios' property of node '/ocp/interconnect@48000000/segment@100000/target-module@9c000/i2c@0[0]'
[    0.562925] of_get_named_gpiod_flags: can't parse 'scl-gpio' property of node '/ocp/interconnect@48000000/segment@100000/target-module@9c000/i2c@0[0]'
[    0.562960] i2c i2c-2: using lookup tables for GPIO lookup
[    0.562970] i2c i2c-2: No GPIO consumer scl found
[    0.562992] i2c i2c-2: using DT '/ocp/interconnect@48000000/segment@100000/target-module@9c000/i2c@0' for 'sda' GPIO lookup
[    0.563028] of_get_named_gpiod_flags: can't parse 'sda-gpios' property of node '/ocp/interconnect@48000000/segment@100000/target-module@9c000/i2c@0[0]'
[    0.563065] of_get_named_gpiod_flags: can't parse 'sda-gpio' property of node '/ocp/interconnect@48000000/segment@100000/target-module@9c000/i2c@0[0]'
[    0.563096] i2c i2c-2: using lookup tables for GPIO lookup
[    0.563104] i2c i2c-2: No GPIO consumer sda found
[    0.563829] omap_i2c 4819c000.i2c: bus 2 rev0.11 at 100 kHz
[    0.569661] gpiochip_find_base_unlocked: found new base at 544
[    0.569775] gpio gpiochip1: (gpio-32-63): created GPIO range 0->17 ==> 44e10800.pinmux PIN 34->51
[    0.569798] gpio gpiochip1: (gpio-32-63): created GPIO range 18->21 ==> 44e10800.pinmux PIN 77->80
[    0.569815] gpio gpiochip1: (gpio-32-63): created GPIO range 22->31 ==> 44e10800.pinmux PIN 56->65
[    0.588807] gpio gpiochip1: (gpio-32-63): added GPIO chardev (254:1)
[    0.589028] gpio gpiochip1: registered GPIOs 544 to 575 on gpio-32-63
[    0.591335] gpiochip_find_base_unlocked: found new base at 576
[    0.591425] gpio gpiochip2: (gpio-64-95): created GPIO range 0->4 ==> 44e10800.pinmux PIN 66->70
[    0.591445] gpio gpiochip2: (gpio-64-95): created GPIO range 5->6 ==> 44e10800.pinmux PIN 98->99
[    0.591461] gpio gpiochip2: (gpio-64-95): created GPIO range 7->8 ==> 44e10800.pinmux PIN 75->76
[    0.591477] gpio gpiochip2: (gpio-64-95): created GPIO range 13->13 ==> 44e10800.pinmux PIN 141->141
[    0.591493] gpio gpiochip2: (gpio-64-95): created GPIO range 14->21 ==> 44e10800.pinmux PIN 100->107
[    0.592154] gpio gpiochip2: (gpio-64-95): added GPIO chardev (254:2)
[    0.592371] gpio gpiochip2: registered GPIOs 576 to 607 on gpio-64-95
[    0.598247] 48000000.interconnect:segment@200000:target-module@0:mpu@0:fck: device ID is greater than 24
[    0.599142] /ocp/interconnect@48000000/segment@300000/target-module@e000/lcdc@0: Fixed dependency cycle(s) with /ocp/interconnect@44c00000/segment@200000/target-module@b000/i2c@0/tda19988@70
[    0.601943] /ocp/interconnect@48000000/segment@300000/target-module@e000/lcdc@0: Fixed dependency cycle(s) with /ocp/interconnect@44c00000/segment@200000/target-module@b000/i2c@0/tda19988@70
[    0.602645] /ocp/interconnect@44c00000/segment@200000/target-module@b000/i2c@0/tda19988@70: Fixed dependency cycle(s) with /ocp/interconnect@48000000/segment@300000/target-module@e000/lcdc@0
[    0.602825] /ocp/interconnect@48000000/segment@300000/target-module@e000/lcdc@0: Fixed dependency cycle(s) with /ocp/interconnect@44c00000/segment@200000/target-module@b000/i2c@0/tda19988@70
[    0.610393] sdhci-omap 481d8000.mmc: using DT '/ocp/interconnect@48000000/segment@100000/target-module@d8000/mmc@0' for 'wp' GPIO lookup
[    0.610466] of_get_named_gpiod_flags: can't parse 'wp-gpios' property of node '/ocp/interconnect@48000000/segment@100000/target-module@d8000/mmc@0[0]'
[    0.610509] of_get_named_gpiod_flags: can't parse 'wp-gpio' property of node '/ocp/interconnect@48000000/segment@100000/target-module@d8000/mmc@0[0]'
[    0.610546] sdhci-omap 481d8000.mmc: using lookup tables for GPIO lookup
[    0.610556] sdhci-omap 481d8000.mmc: No GPIO consumer wp found
[    0.610753] sdhci-omap 481d8000.mmc: supply pbias not found, using dummy regulator
[    0.611246] sdhci-omap 481d8000.mmc: supply vqmmc not found, using dummy regulator
[    0.643689] mdio_bus 4a101000.mdio: using DT '/ocp/interconnect@4a000000/segment@0/target-module@100000/switch@0/mdio@1000' for 'reset' GPIO lookup
[    0.643762] of_get_named_gpiod_flags: can't parse 'reset-gpios' property of node '/ocp/interconnect@4a000000/segment@0/target-module@100000/switch@0/mdio@1000[0]'
[    0.643809] of_get_named_gpiod_flags: can't parse 'reset-gpio' property of node '/ocp/interconnect@4a000000/segment@0/target-module@100000/switch@0/mdio@1000[0]'
[    0.643855] mdio_bus 4a101000.mdio: using lookup tables for GPIO lookup
[    0.643865] mdio_bus 4a101000.mdio: No GPIO consumer reset found
[    0.704048] davinci_mdio 4a101000.mdio: davinci mdio revision 1.6, bus freq 1000000
[    0.719057] mdio_bus 4a101000.mdio:00: using DT '/ocp/interconnect@4a000000/segment@0/target-module@100000/switch@0/mdio@1000/ethernet-phy@0' for 'reset' GPIO lookup
[    0.719153] of_get_named_gpiod_flags: parsed 'reset-gpios' property of node '/ocp/interconnect@4a000000/segment@0/target-module@100000/switch@0/mdio@1000/ethernet-phy@0[0]' - status (0)
[    0.719315] gpio gpiochip0: Persistence not supported for GPIO 8
[    0.852348] davinci_mdio 4a101000.mdio: phy[0]: device 4a101000.mdio:00, driver SMSC LAN8710/LAN8720
[    0.853126] cpsw-switch 4a100000.switch: initialized cpsw ale version 1.4
[    0.853151] cpsw-switch 4a100000.switch: ALE Table size 1024, Policers 0
[    0.853330] cpsw-switch 4a100000.switch: cpts: overflow check period 500 (jiffies)
[    0.853346] cpsw-switch 4a100000.switch: CPTS: ref_clk_freq:250000000 calc_mult:2147483648 calc_shift:29 error:0 nsec/sec
[    0.853453] cpsw-switch 4a100000.switch: Detected MACID = 6c:ec:eb:68:de:78
[    0.855512] cpsw-switch 4a100000.switch: initialized (regs 0x4a100000, pool size 256) hw_ver:0019010C 1.12 (0)
[    0.867023] debugfs: '49000000.dma' already exists in 'dmaengine'
[    0.867067] edma 49000000.dma: TI EDMA DMA engine driver
[    0.934532] gpio-clk clk_mcasp0: using DT '/clk_mcasp0' for 'enable' GPIO lookup
[    0.934610] of_get_named_gpiod_flags: parsed 'enable-gpios' property of node '/clk_mcasp0[0]' - status (0)
[    0.934656] gpio gpiochip0: Persistence not supported for GPIO 27
[    0.935654] gpiochip_find_base_unlocked: found new base at 608
[    0.935773] gpio gpiochip3: (gpio-96-127): created GPIO range 0->7 ==> 44e10800.pinmux PIN 82->89
[    0.935798] gpio gpiochip3: (gpio-96-127): created GPIO range 8->11 ==> 44e10800.pinmux PIN 52->55
[    0.935816] gpio gpiochip3: (gpio-96-127): created GPIO range 12->15 ==> 44e10800.pinmux PIN 94->97
[    0.935832] gpio gpiochip3: (gpio-96-127): created GPIO range 16->17 ==> 44e10800.pinmux PIN 71->72
[    0.935848] gpio gpiochip3: (gpio-96-127): created GPIO range 18->18 ==> 44e10800.pinmux PIN 135->135
[    0.935864] gpio gpiochip3: (gpio-96-127): created GPIO range 19->20 ==> 44e10800.pinmux PIN 108->109
[    0.935881] gpio gpiochip3: (gpio-96-127): created GPIO range 21->21 ==> 44e10800.pinmux PIN 73->73
[    0.935898] gpio gpiochip3: (gpio-96-127): created GPIO range 22->23 ==> 44e10800.pinmux PIN 8->9
[    0.935916] gpio gpiochip3: (gpio-96-127): created GPIO range 26->27 ==> 44e10800.pinmux PIN 10->11
[    0.935934] gpio gpiochip3: (gpio-96-127): created GPIO range 28->28 ==> 44e10800.pinmux PIN 74->74
[    0.935952] gpio gpiochip3: (gpio-96-127): created GPIO range 29->29 ==> 44e10800.pinmux PIN 81->81
